interactions:
- request:
    body: '{"location": "westeurope", "properties": {"administratorLogin": "admin123",
      "administratorLoginPassword": "SecretPassword123", "administrators": {}}}'
    headers:
      Accept:
      - application/json
      Accept-Encoding:
      - gzip, deflate
      CommandName:
      - sql server create
      Connection:
      - keep-alive
      Content-Length:
      - '149'
      Content-Type:
      - application/json
      ParameterSetName:
      - -l -g -n -u -p
      User-Agent:
      - AZURECLI/2.40.0 azsdk-python-mgmt-sql/4.0.0b3 Python/3.10.6 (macOS-12.5.1-x86_64-i386-64bit)
    method: PUT
    uri: https://management.azure.com/subscriptions/00000000-0000-0000-0000-000000000000/resourceGroups/clitest.rg000001/providers/Microsoft.Sql/servers/clitestserver000003?api-version=2021-02-01-preview
  response:
    body:
      string: '{"operation":"UpsertLogicalServer","startTime":"2022-09-16T07:46:29.497Z"}'
    headers:
      azure-asyncoperation:
      - https://management.azure.com/subscriptions/00000000-0000-0000-0000-000000000000/resourceGroups/clitest.rg000001/providers/Microsoft.Sql/locations/westeurope/serverAzureAsyncOperation/07324f50-b905-4e32-85be-49f7516fa5d1?api-version=2021-02-01-preview
      cache-control:
      - no-cache
      content-length:
      - '74'
      content-type:
      - application/json; charset=utf-8
      date:
      - Fri, 16 Sep 2022 07:46:28 GMT
      expires:
      - '-1'
      location:
      - https://management.azure.com/subscriptions/00000000-0000-0000-0000-000000000000/resourceGroups/clitest.rg000001/providers/Microsoft.Sql/locations/westeurope/serverOperationResults/07324f50-b905-4e32-85be-49f7516fa5d1?api-version=2021-02-01-preview
      pragma:
      - no-cache
      server:
      - Microsoft-HTTPAPI/2.0
      strict-transport-security:
      - max-age=31536000; includeSubDomains
      x-content-type-options:
      - nosniff
      x-ms-ratelimit-remaining-subscription-writes:
      - '1199'
    status:
      code: 202
      message: Accepted
- request:
    body: null
    headers:
      Accept:
      - '*/*'
      Accept-Encoding:
      - gzip, deflate
      CommandName:
      - sql server create
      Connection:
      - keep-alive
      ParameterSetName:
      - -l -g -n -u -p
      User-Agent:
      - AZURECLI/2.40.0 azsdk-python-mgmt-sql/4.0.0b3 Python/3.10.6 (macOS-12.5.1-x86_64-i386-64bit)
    method: GET
    uri: https://management.azure.com/subscriptions/00000000-0000-0000-0000-000000000000/resourceGroups/clitest.rg000001/providers/Microsoft.Sql/locations/westeurope/serverAzureAsyncOperation/07324f50-b905-4e32-85be-49f7516fa5d1?api-version=2021-02-01-preview
  response:
    body:
      string: '{"name":"07324f50-b905-4e32-85be-49f7516fa5d1","status":"InProgress","startTime":"2022-09-16T07:46:29.497Z"}'
    headers:
      cache-control:
      - no-cache
      content-length:
      - '108'
      content-type:
      - application/json; charset=utf-8
      date:
      - Fri, 16 Sep 2022 07:46:30 GMT
      expires:
      - '-1'
      pragma:
      - no-cache
      server:
      - Microsoft-HTTPAPI/2.0
      strict-transport-security:
      - max-age=31536000; includeSubDomains
      transfer-encoding:
      - chunked
      vary:
      - Accept-Encoding
      x-content-type-options:
      - nosniff
    status:
      code: 200
      message: OK
- request:
    body: null
    headers:
      Accept:
      - '*/*'
      Accept-Encoding:
      - gzip, deflate
      CommandName:
      - sql server create
      Connection:
      - keep-alive
      ParameterSetName:
      - -l -g -n -u -p
      User-Agent:
      - AZURECLI/2.40.0 azsdk-python-mgmt-sql/4.0.0b3 Python/3.10.6 (macOS-12.5.1-x86_64-i386-64bit)
    method: GET
    uri: https://management.azure.com/subscriptions/00000000-0000-0000-0000-000000000000/resourceGroups/clitest.rg000001/providers/Microsoft.Sql/locations/westeurope/serverAzureAsyncOperation/07324f50-b905-4e32-85be-49f7516fa5d1?api-version=2021-02-01-preview
  response:
    body:
      string: '{"name":"07324f50-b905-4e32-85be-49f7516fa5d1","status":"InProgress","startTime":"2022-09-16T07:46:29.497Z"}'
    headers:
      cache-control:
      - no-cache
      content-length:
      - '108'
      content-type:
      - application/json; charset=utf-8
      date:
      - Fri, 16 Sep 2022 07:46:31 GMT
      expires:
      - '-1'
      pragma:
      - no-cache
      server:
      - Microsoft-HTTPAPI/2.0
      strict-transport-security:
      - max-age=31536000; includeSubDomains
      transfer-encoding:
      - chunked
      vary:
      - Accept-Encoding
      x-content-type-options:
      - nosniff
    status:
      code: 200
      message: OK
- request:
    body: null
    headers:
      Accept:
      - '*/*'
      Accept-Encoding:
      - gzip, deflate
      CommandName:
      - sql server create
      Connection:
      - keep-alive
      ParameterSetName:
      - -l -g -n -u -p
      User-Agent:
      - AZURECLI/2.40.0 azsdk-python-mgmt-sql/4.0.0b3 Python/3.10.6 (macOS-12.5.1-x86_64-i386-64bit)
    method: GET
    uri: https://management.azure.com/subscriptions/00000000-0000-0000-0000-000000000000/resourceGroups/clitest.rg000001/providers/Microsoft.Sql/locations/westeurope/serverAzureAsyncOperation/07324f50-b905-4e32-85be-49f7516fa5d1?api-version=2021-02-01-preview
  response:
    body:
      string: '{"name":"07324f50-b905-4e32-85be-49f7516fa5d1","status":"InProgress","startTime":"2022-09-16T07:46:29.497Z"}'
    headers:
      cache-control:
      - no-cache
      content-length:
      - '108'
      content-type:
      - application/json; charset=utf-8
      date:
      - Fri, 16 Sep 2022 07:46:34 GMT
      expires:
      - '-1'
      pragma:
      - no-cache
      server:
      - Microsoft-HTTPAPI/2.0
      strict-transport-security:
      - max-age=31536000; includeSubDomains
      transfer-encoding:
      - chunked
      vary:
      - Accept-Encoding
      x-content-type-options:
      - nosniff
    status:
      code: 200
      message: OK
- request:
    body: null
    headers:
      Accept:
      - '*/*'
      Accept-Encoding:
      - gzip, deflate
      CommandName:
      - sql server create
      Connection:
      - keep-alive
      ParameterSetName:
      - -l -g -n -u -p
      User-Agent:
      - AZURECLI/2.40.0 azsdk-python-mgmt-sql/4.0.0b3 Python/3.10.6 (macOS-12.5.1-x86_64-i386-64bit)
    method: GET
    uri: https://management.azure.com/subscriptions/00000000-0000-0000-0000-000000000000/resourceGroups/clitest.rg000001/providers/Microsoft.Sql/locations/westeurope/serverAzureAsyncOperation/07324f50-b905-4e32-85be-49f7516fa5d1?api-version=2021-02-01-preview
  response:
    body:
      string: '{"name":"07324f50-b905-4e32-85be-49f7516fa5d1","status":"InProgress","startTime":"2022-09-16T07:46:29.497Z"}'
    headers:
      cache-control:
      - no-cache
      content-length:
      - '108'
      content-type:
      - application/json; charset=utf-8
      date:
      - Fri, 16 Sep 2022 07:46:35 GMT
      expires:
      - '-1'
      pragma:
      - no-cache
      server:
      - Microsoft-HTTPAPI/2.0
      strict-transport-security:
      - max-age=31536000; includeSubDomains
      transfer-encoding:
      - chunked
      vary:
      - Accept-Encoding
      x-content-type-options:
      - nosniff
    status:
      code: 200
      message: OK
- request:
    body: null
    headers:
      Accept:
      - '*/*'
      Accept-Encoding:
      - gzip, deflate
      CommandName:
      - sql server create
      Connection:
      - keep-alive
      ParameterSetName:
      - -l -g -n -u -p
      User-Agent:
      - AZURECLI/2.40.0 azsdk-python-mgmt-sql/4.0.0b3 Python/3.10.6 (macOS-12.5.1-x86_64-i386-64bit)
    method: GET
    uri: https://management.azure.com/subscriptions/00000000-0000-0000-0000-000000000000/resourceGroups/clitest.rg000001/providers/Microsoft.Sql/locations/westeurope/serverAzureAsyncOperation/07324f50-b905-4e32-85be-49f7516fa5d1?api-version=2021-02-01-preview
  response:
    body:
      string: '{"name":"07324f50-b905-4e32-85be-49f7516fa5d1","status":"InProgress","startTime":"2022-09-16T07:46:29.497Z"}'
    headers:
      cache-control:
      - no-cache
      content-length:
      - '108'
      content-type:
      - application/json; charset=utf-8
      date:
      - Fri, 16 Sep 2022 07:46:55 GMT
      expires:
      - '-1'
      pragma:
      - no-cache
      server:
      - Microsoft-HTTPAPI/2.0
      strict-transport-security:
      - max-age=31536000; includeSubDomains
      transfer-encoding:
      - chunked
      vary:
      - Accept-Encoding
      x-content-type-options:
      - nosniff
    status:
      code: 200
      message: OK
- request:
    body: null
    headers:
      Accept:
      - '*/*'
      Accept-Encoding:
      - gzip, deflate
      CommandName:
      - sql server create
      Connection:
      - keep-alive
      ParameterSetName:
      - -l -g -n -u -p
      User-Agent:
      - AZURECLI/2.40.0 azsdk-python-mgmt-sql/4.0.0b3 Python/3.10.6 (macOS-12.5.1-x86_64-i386-64bit)
    method: GET
    uri: https://management.azure.com/subscriptions/00000000-0000-0000-0000-000000000000/resourceGroups/clitest.rg000001/providers/Microsoft.Sql/locations/westeurope/serverAzureAsyncOperation/07324f50-b905-4e32-85be-49f7516fa5d1?api-version=2021-02-01-preview
  response:
    body:
      string: '{"name":"07324f50-b905-4e32-85be-49f7516fa5d1","status":"InProgress","startTime":"2022-09-16T07:46:29.497Z"}'
    headers:
      cache-control:
      - no-cache
      content-length:
      - '108'
      content-type:
      - application/json; charset=utf-8
      date:
      - Fri, 16 Sep 2022 07:47:16 GMT
      expires:
      - '-1'
      pragma:
      - no-cache
      server:
      - Microsoft-HTTPAPI/2.0
      strict-transport-security:
      - max-age=31536000; includeSubDomains
      transfer-encoding:
      - chunked
      vary:
      - Accept-Encoding
      x-content-type-options:
      - nosniff
    status:
      code: 200
      message: OK
- request:
    body: null
    headers:
      Accept:
      - '*/*'
      Accept-Encoding:
      - gzip, deflate
      CommandName:
      - sql server create
      Connection:
      - keep-alive
      ParameterSetName:
      - -l -g -n -u -p
      User-Agent:
      - AZURECLI/2.40.0 azsdk-python-mgmt-sql/4.0.0b3 Python/3.10.6 (macOS-12.5.1-x86_64-i386-64bit)
    method: GET
    uri: https://management.azure.com/subscriptions/00000000-0000-0000-0000-000000000000/resourceGroups/clitest.rg000001/providers/Microsoft.Sql/locations/westeurope/serverAzureAsyncOperation/07324f50-b905-4e32-85be-49f7516fa5d1?api-version=2021-02-01-preview
  response:
    body:
      string: '{"name":"07324f50-b905-4e32-85be-49f7516fa5d1","status":"Succeeded","startTime":"2022-09-16T07:46:29.497Z"}'
    headers:
      cache-control:
      - no-cache
      content-length:
      - '107'
      content-type:
      - application/json; charset=utf-8
      date:
      - Fri, 16 Sep 2022 07:47:36 GMT
      expires:
      - '-1'
      pragma:
      - no-cache
      server:
      - Microsoft-HTTPAPI/2.0
      strict-transport-security:
      - max-age=31536000; includeSubDomains
      transfer-encoding:
      - chunked
      vary:
      - Accept-Encoding
      x-content-type-options:
      - nosniff
    status:
      code: 200
      message: OK
- request:
    body: null
    headers:
      Accept:
      - '*/*'
      Accept-Encoding:
      - gzip, deflate
      CommandName:
      - sql server create
      Connection:
      - keep-alive
      ParameterSetName:
      - -l -g -n -u -p
      User-Agent:
      - AZURECLI/2.40.0 azsdk-python-mgmt-sql/4.0.0b3 Python/3.10.6 (macOS-12.5.1-x86_64-i386-64bit)
    method: GET
    uri: https://management.azure.com/subscriptions/00000000-0000-0000-0000-000000000000/resourceGroups/clitest.rg000001/providers/Microsoft.Sql/servers/clitestserver000003?api-version=2021-02-01-preview
  response:
    body:
      string: '{"kind":"v12.0","properties":{"administratorLogin":"admin123","version":"12.0","state":"Ready","fullyQualifiedDomainName":"clitestserver000003.database.windows.net","privateEndpointConnections":[],"publicNetworkAccess":"Enabled","restrictOutboundNetworkAccess":"Disabled"},"location":"westeurope","id":"/subscriptions/00000000-0000-0000-0000-000000000000/resourceGroups/clitest.rg000001/providers/Microsoft.Sql/servers/clitestserver000003","name":"clitestserver000003","type":"Microsoft.Sql/servers"}'
    headers:
      cache-control:
      - no-cache
      content-length:
      - '500'
      content-type:
      - application/json; charset=utf-8
      date:
      - Fri, 16 Sep 2022 07:47:37 GMT
      expires:
      - '-1'
      pragma:
      - no-cache
      server:
      - Microsoft-HTTPAPI/2.0
      strict-transport-security:
      - max-age=31536000; includeSubDomains
      transfer-encoding:
      - chunked
      vary:
      - Accept-Encoding
      x-content-type-options:
      - nosniff
    status:
      code: 200
      message: OK
- request:
    body: null
    headers:
      Accept:
      - application/json
      Accept-Encoding:
      - gzip, deflate
      CommandName:
      - storage account show
      Connection:
      - keep-alive
      ParameterSetName:
      - -g -n --query
      User-Agent:
      - AZURECLI/2.40.0 azsdk-python-azure-mgmt-storage/20.1.0 Python/3.10.6 (macOS-12.5.1-x86_64-i386-64bit)
    method: GET
    uri: https://management.azure.com/subscriptions/00000000-0000-0000-0000-000000000000/resourceGroups/clitest.rg000001/providers/Microsoft.Storage/storageAccounts/clitest000004?api-version=2022-05-01
  response:
    body:
      string: '{"sku":{"name":"Standard_LRS","tier":"Standard"},"kind":"Storage","id":"/subscriptions/00000000-0000-0000-0000-000000000000/resourceGroups/clitest.rg000001/providers/Microsoft.Storage/storageAccounts/clitest000004","name":"clitest000004","type":"Microsoft.Storage/storageAccounts","location":"westus","tags":{},"properties":{"keyCreationTime":{"key1":"2022-09-16T07:47:46.7999022Z","key2":"2022-09-16T07:47:46.7999022Z"},"privateEndpointConnections":[],"minimumTlsVersion":"TLS1_0","allowBlobPublicAccess":true,"networkAcls":{"bypass":"AzureServices","virtualNetworkRules":[],"ipRules":[],"defaultAction":"Allow"},"supportsHttpsTrafficOnly":true,"encryption":{"services":{"file":{"keyType":"Account","enabled":true,"lastEnabledTime":"2022-09-16T07:47:46.7999022Z"},"blob":{"keyType":"Account","enabled":true,"lastEnabledTime":"2022-09-16T07:47:46.7999022Z"}},"keySource":"Microsoft.Storage"},"provisioningState":"Succeeded","creationTime":"2022-09-16T07:47:46.6905202Z","primaryEndpoints":{"blob":"https://clitest000004.blob.core.windows.net/","queue":"https://clitest000004.queue.core.windows.net/","table":"https://clitest000004.table.core.windows.net/","file":"https://clitest000004.file.core.windows.net/"},"primaryLocation":"westus","statusOfPrimary":"available"}}'
    headers:
      cache-control:
      - no-cache
      content-length:
      - '1269'
      content-type:
      - application/json
      date:
      - Fri, 16 Sep 2022 07:48:34 GMT
      expires:
      - '-1'
      pragma:
      - no-cache
      server:
      - Microsoft-Azure-Storage-Resource-Provider/1.0,Microsoft-HTTPAPI/2.0 Microsoft-HTTPAPI/2.0
      strict-transport-security:
      - max-age=31536000; includeSubDomains
      transfer-encoding:
      - chunked
      vary:
      - Accept-Encoding
      x-content-type-options:
      - nosniff
    status:
      code: 200
      message: OK
- request:
    body: null
    headers:
      Accept:
      - application/json
      Accept-Encoding:
      - gzip, deflate
      CommandName:
      - storage account keys list
      Connection:
      - keep-alive
      Content-Length:
      - '0'
      ParameterSetName:
      - -g -n --query
      User-Agent:
      - AZURECLI/2.40.0 azsdk-python-azure-mgmt-storage/20.1.0 Python/3.10.6 (macOS-12.5.1-x86_64-i386-64bit)
    method: POST
    uri: https://management.azure.com/subscriptions/00000000-0000-0000-0000-000000000000/resourceGroups/clitest.rg000001/providers/Microsoft.Storage/storageAccounts/clitest000004/listKeys?api-version=2022-05-01&$expand=kerb
  response:
    body:
      string: '{"keys":[{"creationTime":"2022-09-16T07:47:46.7999022Z","keyName":"key1","value":"veryFakedStorageAccountKey==","permissions":"FULL"},{"creationTime":"2022-09-16T07:47:46.7999022Z","keyName":"key2","value":"veryFakedStorageAccountKey==","permissions":"FULL"}]}'
    headers:
      cache-control:
      - no-cache
      content-length:
      - '260'
      content-type:
      - application/json
      date:
      - Fri, 16 Sep 2022 07:48:34 GMT
      expires:
      - '-1'
      pragma:
      - no-cache
      server:
      - Microsoft-Azure-Storage-Resource-Provider/1.0,Microsoft-HTTPAPI/2.0 Microsoft-HTTPAPI/2.0
      strict-transport-security:
      - max-age=31536000; includeSubDomains
      transfer-encoding:
      - chunked
      vary:
      - Accept-Encoding
      x-content-type-options:
      - nosniff
      x-ms-ratelimit-remaining-subscription-resource-requests:
      - '11999'
    status:
      code: 200
      message: OK
- request:
    body: null
    headers:
      Accept:
      - application/json
      Accept-Encoding:
      - gzip, deflate
      CommandName:
      - sql server audit-policy show
      Connection:
      - keep-alive
      ParameterSetName:
      - -g -n
      User-Agent:
      - AZURECLI/2.40.0 azsdk-python-mgmt-sql/4.0.0b3 Python/3.10.6 (macOS-12.5.1-x86_64-i386-64bit)
    method: GET
    uri: https://management.azure.com/subscriptions/00000000-0000-0000-0000-000000000000/resourceGroups/clitest.rg000001/providers/Microsoft.Sql/servers/clitestserver000003/auditingSettings/default?api-version=2021-11-01-preview
  response:
    body:
      string: '{"properties":{"retentionDays":0,"auditActionsAndGroups":[],"isStorageSecondaryKeyInUse":false,"isAzureMonitorTargetEnabled":false,"isManagedIdentityInUse":false,"state":"Disabled","storageEndpoint":"","storageAccountSubscriptionId":"00000000-0000-0000-0000-000000000000"},"id":"/subscriptions/00000000-0000-0000-0000-000000000000/resourceGroups/clitest.rg000001/providers/Microsoft.Sql/servers/clitestserver000003/auditingSettings/Default","name":"Default","type":"Microsoft.Sql/servers/auditingSettings"}'
    headers:
      cache-control:
      - no-cache
      content-length:
      - '506'
      content-type:
      - application/json; charset=utf-8
      date:
      - Fri, 16 Sep 2022 07:48:36 GMT
      expires:
      - '-1'
      pragma:
      - no-cache
      server:
      - Microsoft-HTTPAPI/2.0
      strict-transport-security:
      - max-age=31536000; includeSubDomains
      x-content-type-options:
      - nosniff
    status:
      code: 200
      message: OK
- request:
    body: null
    headers:
      Accept:
      - application/json
      Accept-Encoding:
      - gzip, deflate
      CommandName:
      - sql server audit-policy update
      Connection:
      - keep-alive
      ParameterSetName:
      - -g -n --state --blob-storage-target-state --storage-key --storage-endpoint
        --retention-days --actions
      User-Agent:
      - AZURECLI/2.40.0 azsdk-python-mgmt-sql/4.0.0b3 Python/3.10.6 (macOS-12.5.1-x86_64-i386-64bit)
    method: GET
    uri: https://management.azure.com/subscriptions/00000000-0000-0000-0000-000000000000/resourceGroups/clitest.rg000001/providers/Microsoft.Sql/servers/clitestserver000003/auditingSettings/default?api-version=2021-11-01-preview
  response:
    body:
      string: '{"properties":{"retentionDays":0,"auditActionsAndGroups":[],"isStorageSecondaryKeyInUse":false,"isAzureMonitorTargetEnabled":false,"isManagedIdentityInUse":false,"state":"Disabled","storageEndpoint":"","storageAccountSubscriptionId":"00000000-0000-0000-0000-000000000000"},"id":"/subscriptions/00000000-0000-0000-0000-000000000000/resourceGroups/clitest.rg000001/providers/Microsoft.Sql/servers/clitestserver000003/auditingSettings/Default","name":"Default","type":"Microsoft.Sql/servers/auditingSettings"}'
    headers:
      cache-control:
      - no-cache
      content-length:
      - '506'
      content-type:
      - application/json; charset=utf-8
      date:
      - Fri, 16 Sep 2022 07:48:37 GMT
      expires:
      - '-1'
      pragma:
      - no-cache
      server:
      - Microsoft-HTTPAPI/2.0
      strict-transport-security:
      - max-age=31536000; includeSubDomains
      x-content-type-options:
      - nosniff
    status:
      code: 200
      message: OK
- request:
    body: '{"properties": {"retentionDays": 30, "auditActionsAndGroups": ["DATABASE_LOGOUT_GROUP",
      "DATABASE_ROLE_MEMBER_CHANGE_GROUP"], "isStorageSecondaryKeyInUse": false, "isAzureMonitorTargetEnabled":
      false, "isManagedIdentityInUse": false, "state": "Enabled", "storageEndpoint":
      "https://clitest000004.blob.core.windows.net/", "storageAccountAccessKey": "veryFakedStorageAccountKey==",
      "storageAccountSubscriptionId": "00000000-0000-0000-0000-000000000000"}}'
    headers:
      Accept:
      - application/json
      Accept-Encoding:
      - gzip, deflate
      CommandName:
      - sql server audit-policy update
      Connection:
      - keep-alive
      Content-Length:
      - '452'
      Content-Type:
      - application/json
      ParameterSetName:
      - -g -n --state --blob-storage-target-state --storage-key --storage-endpoint
        --retention-days --actions
      User-Agent:
      - AZURECLI/2.40.0 azsdk-python-mgmt-sql/4.0.0b3 Python/3.10.6 (macOS-12.5.1-x86_64-i386-64bit)
    method: PUT
    uri: https://management.azure.com/subscriptions/00000000-0000-0000-0000-000000000000/resourceGroups/clitest.rg000001/providers/Microsoft.Sql/servers/clitestserver000003/auditingSettings/default?api-version=2021-11-01-preview
  response:
    body:
      string: '{"operation":"UpsertServerEngineAuditingPolicy","startTime":"2022-09-16T07:48:38.453Z"}'
    headers:
      azure-asyncoperation:
      - https://management.azure.com/subscriptions/00000000-0000-0000-0000-000000000000/providers/Microsoft.Sql/locations/westeurope/auditingSettingsAzureAsyncOperation/731e8966-8769-4357-a426-b51aa97017e4?api-version=2021-11-01-preview
      cache-control:
      - no-cache
      content-length:
      - '87'
      content-type:
      - application/json; charset=utf-8
      date:
      - Fri, 16 Sep 2022 07:48:38 GMT
      expires:
      - '-1'
      location:
      - https://management.azure.com/subscriptions/00000000-0000-0000-0000-000000000000/providers/Microsoft.Sql/locations/westeurope/auditingSettingsOperationResults/731e8966-8769-4357-a426-b51aa97017e4?api-version=2021-11-01-preview
      pragma:
      - no-cache
      server:
      - Microsoft-HTTPAPI/2.0
      strict-transport-security:
      - max-age=31536000; includeSubDomains
      x-content-type-options:
      - nosniff
      x-ms-ratelimit-remaining-subscription-writes:
      - '1199'
    status:
      code: 202
      message: Accepted
- request:
    body: null
    headers:
      Accept:
      - '*/*'
      Accept-Encoding:
      - gzip, deflate
      CommandName:
      - sql server audit-policy update
      Connection:
      - keep-alive
      ParameterSetName:
      - -g -n --state --blob-storage-target-state --storage-key --storage-endpoint
        --retention-days --actions
      User-Agent:
      - AZURECLI/2.40.0 azsdk-python-mgmt-sql/4.0.0b3 Python/3.10.6 (macOS-12.5.1-x86_64-i386-64bit)
    method: GET
    uri: https://management.azure.com/subscriptions/00000000-0000-0000-0000-000000000000/providers/Microsoft.Sql/locations/westeurope/auditingSettingsAzureAsyncOperation/731e8966-8769-4357-a426-b51aa97017e4?api-version=2021-11-01-preview
  response:
    body:
      string: '{"name":"731e8966-8769-4357-a426-b51aa97017e4","status":"Succeeded","startTime":"2022-09-16T07:48:38.453Z"}'
    headers:
      cache-control:
      - no-cache
      content-length:
      - '107'
      content-type:
      - application/json; charset=utf-8
      date:
      - Fri, 16 Sep 2022 07:49:38 GMT
      expires:
      - '-1'
      pragma:
      - no-cache
      server:
      - Microsoft-HTTPAPI/2.0
      strict-transport-security:
      - max-age=31536000; includeSubDomains
      transfer-encoding:
      - chunked
      vary:
      - Accept-Encoding
      x-content-type-options:
      - nosniff
    status:
      code: 200
      message: OK
- request:
    body: null
    headers:
      Accept:
      - '*/*'
      Accept-Encoding:
      - gzip, deflate
      CommandName:
      - sql server audit-policy update
      Connection:
      - keep-alive
      ParameterSetName:
      - -g -n --state --blob-storage-target-state --storage-key --storage-endpoint
        --retention-days --actions
      User-Agent:
      - AZURECLI/2.40.0 azsdk-python-mgmt-sql/4.0.0b3 Python/3.10.6 (macOS-12.5.1-x86_64-i386-64bit)
    method: GET
    uri: https://management.azure.com/subscriptions/00000000-0000-0000-0000-000000000000/resourceGroups/clitest.rg000001/providers/Microsoft.Sql/servers/clitestserver000003/auditingSettings/default?api-version=2021-11-01-preview
  response:
    body:
      string: '{"properties":{"retentionDays":30,"auditActionsAndGroups":["DATABASE_LOGOUT_GROUP","DATABASE_ROLE_MEMBER_CHANGE_GROUP"],"isStorageSecondaryKeyInUse":false,"isAzureMonitorTargetEnabled":false,"isManagedIdentityInUse":false,"state":"Enabled","storageEndpoint":"https://clitest000004.blob.core.windows.net/","storageAccountSubscriptionId":"00000000-0000-0000-0000-000000000000"},"id":"/subscriptions/00000000-0000-0000-0000-000000000000/resourceGroups/clitest.rg000001/providers/Microsoft.Sql/servers/clitestserver000003/auditingSettings/Default","name":"Default","type":"Microsoft.Sql/servers/auditingSettings"}'
    headers:
      cache-control:
      - no-cache
      content-length:
      - '609'
      content-type:
      - application/json; charset=utf-8
      date:
      - Fri, 16 Sep 2022 07:49:38 GMT
      expires:
      - '-1'
      pragma:
      - no-cache
      server:
      - Microsoft-HTTPAPI/2.0
      strict-transport-security:
      - max-age=31536000; includeSubDomains
      transfer-encoding:
      - chunked
      vary:
      - Accept-Encoding
      x-content-type-options:
      - nosniff
    status:
      code: 200
      message: OK
- request:
    body: null
    headers:
      Accept:
      - application/json
      Accept-Encoding:
      - gzip, deflate
      CommandName:
      - sql server audit-policy show
      Connection:
      - keep-alive
      ParameterSetName:
      - -g -n
      User-Agent:
      - AZURECLI/2.40.0 azsdk-python-mgmt-sql/4.0.0b3 Python/3.10.6 (macOS-12.5.1-x86_64-i386-64bit)
    method: GET
    uri: https://management.azure.com/subscriptions/00000000-0000-0000-0000-000000000000/resourceGroups/clitest.rg000001/providers/Microsoft.Sql/servers/clitestserver000003/auditingSettings/default?api-version=2021-11-01-preview
  response:
    body:
      string: '{"properties":{"retentionDays":30,"auditActionsAndGroups":["DATABASE_LOGOUT_GROUP","DATABASE_ROLE_MEMBER_CHANGE_GROUP"],"isStorageSecondaryKeyInUse":false,"isAzureMonitorTargetEnabled":false,"isManagedIdentityInUse":false,"state":"Enabled","storageEndpoint":"https://clitest000004.blob.core.windows.net/","storageAccountSubscriptionId":"00000000-0000-0000-0000-000000000000"},"id":"/subscriptions/00000000-0000-0000-0000-000000000000/resourceGroups/clitest.rg000001/providers/Microsoft.Sql/servers/clitestserver000003/auditingSettings/Default","name":"Default","type":"Microsoft.Sql/servers/auditingSettings"}'
    headers:
      cache-control:
      - no-cache
      content-length:
      - '609'
      content-type:
      - application/json; charset=utf-8
      date:
      - Fri, 16 Sep 2022 07:49:40 GMT
      expires:
      - '-1'
      pragma:
      - no-cache
      server:
      - Microsoft-HTTPAPI/2.0
      strict-transport-security:
      - max-age=31536000; includeSubDomains
      transfer-encoding:
      - chunked
      vary:
      - Accept-Encoding
      x-content-type-options:
      - nosniff
    status:
      code: 200
      message: OK
- request:
    body: null
    headers:
      Accept:
      - application/json
      Accept-Encoding:
      - gzip, deflate
      CommandName:
      - storage account show
      Connection:
      - keep-alive
      ParameterSetName:
      - -g -n --query
      User-Agent:
      - AZURECLI/2.40.0 azsdk-python-azure-mgmt-storage/20.1.0 Python/3.10.6 (macOS-12.5.1-x86_64-i386-64bit)
    method: GET
    uri: https://management.azure.com/subscriptions/00000000-0000-0000-0000-000000000000/resourceGroups/clitest.rg000002/providers/Microsoft.Storage/storageAccounts/clitest000005?api-version=2022-05-01
  response:
    body:
      string: '{"sku":{"name":"Standard_LRS","tier":"Standard"},"kind":"Storage","id":"/subscriptions/00000000-0000-0000-0000-000000000000/resourceGroups/clitest.rg000002/providers/Microsoft.Storage/storageAccounts/clitest000005","name":"clitest000005","type":"Microsoft.Storage/storageAccounts","location":"westus","tags":{},"properties":{"keyCreationTime":{"key1":"2022-09-16T07:48:12.7844108Z","key2":"2022-09-16T07:48:12.7844108Z"},"privateEndpointConnections":[],"minimumTlsVersion":"TLS1_0","allowBlobPublicAccess":true,"networkAcls":{"bypass":"AzureServices","virtualNetworkRules":[],"ipRules":[],"defaultAction":"Allow"},"supportsHttpsTrafficOnly":true,"encryption":{"services":{"file":{"keyType":"Account","enabled":true,"lastEnabledTime":"2022-09-16T07:48:12.7844108Z"},"blob":{"keyType":"Account","enabled":true,"lastEnabledTime":"2022-09-16T07:48:12.7844108Z"}},"keySource":"Microsoft.Storage"},"provisioningState":"Succeeded","creationTime":"2022-09-16T07:48:12.6906792Z","primaryEndpoints":{"blob":"https://clitest000005.blob.core.windows.net/","queue":"https://clitest000005.queue.core.windows.net/","table":"https://clitest000005.table.core.windows.net/","file":"https://clitest000005.file.core.windows.net/"},"primaryLocation":"westus","statusOfPrimary":"available"}}'
    headers:
      cache-control:
      - no-cache
      content-length:
      - '1269'
      content-type:
      - application/json
      date:
      - Fri, 16 Sep 2022 07:49:42 GMT
      expires:
      - '-1'
      pragma:
      - no-cache
      server:
      - Microsoft-Azure-Storage-Resource-Provider/1.0,Microsoft-HTTPAPI/2.0 Microsoft-HTTPAPI/2.0
      strict-transport-security:
      - max-age=31536000; includeSubDomains
      transfer-encoding:
      - chunked
      vary:
      - Accept-Encoding
      x-content-type-options:
      - nosniff
    status:
      code: 200
      message: OK
- request:
    body: null
    headers:
      Accept:
      - application/json
      Accept-Encoding:
      - gzip, deflate
      CommandName:
      - sql server audit-policy update
      Connection:
      - keep-alive
      ParameterSetName:
      - -g -n --blob-storage-target-state --storage-account
      User-Agent:
      - AZURECLI/2.40.0 azsdk-python-mgmt-sql/4.0.0b3 Python/3.10.6 (macOS-12.5.1-x86_64-i386-64bit)
    method: GET
    uri: https://management.azure.com/subscriptions/00000000-0000-0000-0000-000000000000/resourceGroups/clitest.rg000001/providers/Microsoft.Sql/servers/clitestserver000003/auditingSettings/default?api-version=2021-11-01-preview
  response:
    body:
      string: '{"properties":{"retentionDays":30,"auditActionsAndGroups":["DATABASE_LOGOUT_GROUP","DATABASE_ROLE_MEMBER_CHANGE_GROUP"],"isStorageSecondaryKeyInUse":false,"isAzureMonitorTargetEnabled":false,"isManagedIdentityInUse":false,"state":"Enabled","storageEndpoint":"https://clitest000004.blob.core.windows.net/","storageAccountSubscriptionId":"00000000-0000-0000-0000-000000000000"},"id":"/subscriptions/00000000-0000-0000-0000-000000000000/resourceGroups/clitest.rg000001/providers/Microsoft.Sql/servers/clitestserver000003/auditingSettings/Default","name":"Default","type":"Microsoft.Sql/servers/auditingSettings"}'
    headers:
      cache-control:
      - no-cache
      content-length:
      - '609'
      content-type:
      - application/json; charset=utf-8
      date:
      - Fri, 16 Sep 2022 07:49:42 GMT
      expires:
      - '-1'
      pragma:
      - no-cache
      server:
      - Microsoft-HTTPAPI/2.0
      strict-transport-security:
      - max-age=31536000; includeSubDomains
      transfer-encoding:
      - chunked
      vary:
      - Accept-Encoding
      x-content-type-options:
      - nosniff
    status:
      code: 200
      message: OK
- request:
    body: null
    headers:
      Accept:
      - application/json
      Accept-Encoding:
      - gzip, deflate
      CommandName:
      - sql server audit-policy update
      Connection:
      - keep-alive
      ParameterSetName:
      - -g -n --blob-storage-target-state --storage-account
      User-Agent:
      - AZURECLI/2.40.0 azsdk-python-azure-mgmt-resource/21.1.0b1 Python/3.10.6 (macOS-12.5.1-x86_64-i386-64bit)
    method: GET
    uri: https://management.azure.com/subscriptions/00000000-0000-0000-0000-000000000000/resources?$filter=name%20eq%20%27clitest000005%27%20and%20%28resourceType%20eq%20%27Microsoft.Storage%2FstorageAccounts%27%20or%20resourceType%20eq%20%27Microsoft.ClassicStorage%2FstorageAccounts%27%29&api-version=2021-04-01
  response:
    body:
      string: '{"value":[{"id":"/subscriptions/00000000-0000-0000-0000-000000000000/resourceGroups/clitest.rg000002/providers/Microsoft.Storage/storageAccounts/clitest000005","name":"clitest000005","type":"Microsoft.Storage/storageAccounts","sku":{"name":"Standard_LRS","tier":"Standard"},"kind":"Storage","location":"westus","tags":{}}]}'
    headers:
      cache-control:
      - no-cache
      content-length:
      - '323'
      content-type:
      - application/json; charset=utf-8
      date:
      - Fri, 16 Sep 2022 07:49:43 GMT
      expires:
      - '-1'
      pragma:
      - no-cache
      strict-transport-security:
      - max-age=31536000; includeSubDomains
      vary:
      - Accept-Encoding
      x-content-type-options:
      - nosniff
    status:
      code: 200
      message: OK
- request:
    body: null
    headers:
      Accept:
      - application/json
      Accept-Encoding:
      - gzip, deflate
      CommandName:
      - sql server audit-policy update
      Connection:
      - keep-alive
      ParameterSetName:
      - -g -n --blob-storage-target-state --storage-account
      User-Agent:
      - AZURECLI/2.40.0 azsdk-python-azure-mgmt-storage/20.1.0 Python/3.10.6 (macOS-12.5.1-x86_64-i386-64bit)
    method: GET
    uri: https://management.azure.com/subscriptions/00000000-0000-0000-0000-000000000000/resourceGroups/clitest.rg000002/providers/Microsoft.Storage/storageAccounts/clitest000005?api-version=2022-05-01
  response:
    body:
      string: '{"sku":{"name":"Standard_LRS","tier":"Standard"},"kind":"Storage","id":"/subscriptions/00000000-0000-0000-0000-000000000000/resourceGroups/clitest.rg000002/providers/Microsoft.Storage/storageAccounts/clitest000005","name":"clitest000005","type":"Microsoft.Storage/storageAccounts","location":"westus","tags":{},"properties":{"keyCreationTime":{"key1":"2022-09-16T07:48:12.7844108Z","key2":"2022-09-16T07:48:12.7844108Z"},"privateEndpointConnections":[],"minimumTlsVersion":"TLS1_0","allowBlobPublicAccess":true,"networkAcls":{"bypass":"AzureServices","virtualNetworkRules":[],"ipRules":[],"defaultAction":"Allow"},"supportsHttpsTrafficOnly":true,"encryption":{"services":{"file":{"keyType":"Account","enabled":true,"lastEnabledTime":"2022-09-16T07:48:12.7844108Z"},"blob":{"keyType":"Account","enabled":true,"lastEnabledTime":"2022-09-16T07:48:12.7844108Z"}},"keySource":"Microsoft.Storage"},"provisioningState":"Succeeded","creationTime":"2022-09-16T07:48:12.6906792Z","primaryEndpoints":{"blob":"https://clitest000005.blob.core.windows.net/","queue":"https://clitest000005.queue.core.windows.net/","table":"https://clitest000005.table.core.windows.net/","file":"https://clitest000005.file.core.windows.net/"},"primaryLocation":"westus","statusOfPrimary":"available"}}'
    headers:
      cache-control:
      - no-cache
      content-length:
      - '1269'
      content-type:
      - application/json
      date:
      - Fri, 16 Sep 2022 07:49:44 GMT
      expires:
      - '-1'
      pragma:
      - no-cache
      server:
      - Microsoft-Azure-Storage-Resource-Provider/1.0,Microsoft-HTTPAPI/2.0 Microsoft-HTTPAPI/2.0
      strict-transport-security:
      - max-age=31536000; includeSubDomains
      transfer-encoding:
      - chunked
      vary:
      - Accept-Encoding
      x-content-type-options:
      - nosniff
    status:
      code: 200
      message: OK
- request:
    body: null
    headers:
      Accept:
      - application/json
      Accept-Encoding:
      - gzip, deflate
      CommandName:
      - sql server audit-policy update
      Connection:
      - keep-alive
      Content-Length:
      - '0'
      ParameterSetName:
      - -g -n --blob-storage-target-state --storage-account
      User-Agent:
      - AZURECLI/2.40.0 azsdk-python-azure-mgmt-storage/20.1.0 Python/3.10.6 (macOS-12.5.1-x86_64-i386-64bit)
    method: POST
    uri: https://management.azure.com/subscriptions/00000000-0000-0000-0000-000000000000/resourceGroups/clitest.rg000002/providers/Microsoft.Storage/storageAccounts/clitest000005/listKeys?api-version=2022-05-01&$expand=kerb
  response:
    body:
      string: '{"keys":[{"creationTime":"2022-09-16T07:48:12.7844108Z","keyName":"key1","value":"veryFakedStorageAccountKey==","permissions":"FULL"},{"creationTime":"2022-09-16T07:48:12.7844108Z","keyName":"key2","value":"veryFakedStorageAccountKey==","permissions":"FULL"}]}'
    headers:
      cache-control:
      - no-cache
      content-length:
      - '260'
      content-type:
      - application/json
      date:
      - Fri, 16 Sep 2022 07:49:45 GMT
      expires:
      - '-1'
      pragma:
      - no-cache
      server:
      - Microsoft-Azure-Storage-Resource-Provider/1.0,Microsoft-HTTPAPI/2.0 Microsoft-HTTPAPI/2.0
      strict-transport-security:
      - max-age=31536000; includeSubDomains
      transfer-encoding:
      - chunked
      vary:
      - Accept-Encoding
      x-content-type-options:
      - nosniff
      x-ms-ratelimit-remaining-subscription-resource-requests:
      - '11998'
    status:
      code: 200
      message: OK
- request:
    body: '{"properties": {"retentionDays": 30, "auditActionsAndGroups": ["DATABASE_LOGOUT_GROUP",
      "DATABASE_ROLE_MEMBER_CHANGE_GROUP"], "isStorageSecondaryKeyInUse": false, "isAzureMonitorTargetEnabled":
      false, "isManagedIdentityInUse": false, "state": "Enabled", "storageEndpoint":
      "https://clitest000005.blob.core.windows.net/", "storageAccountAccessKey": "veryFakedStorageAccountKey==",
      "storageAccountSubscriptionId": "00000000-0000-0000-0000-000000000000"}}'
    headers:
      Accept:
      - application/json
      Accept-Encoding:
      - gzip, deflate
      CommandName:
      - sql server audit-policy update
      Connection:
      - keep-alive
      Content-Length:
      - '452'
      Content-Type:
      - application/json
      ParameterSetName:
      - -g -n --blob-storage-target-state --storage-account
      User-Agent:
      - AZURECLI/2.40.0 azsdk-python-mgmt-sql/4.0.0b3 Python/3.10.6 (macOS-12.5.1-x86_64-i386-64bit)
    method: PUT
    uri: https://management.azure.com/subscriptions/00000000-0000-0000-0000-000000000000/resourceGroups/clitest.rg000001/providers/Microsoft.Sql/servers/clitestserver000003/auditingSettings/default?api-version=2021-11-01-preview
  response:
    body:
      string: '{"operation":"UpsertServerEngineAuditingPolicy","startTime":"2022-09-16T07:49:46.42Z"}'
    headers:
      azure-asyncoperation:
      - https://management.azure.com/subscriptions/00000000-0000-0000-0000-000000000000/providers/Microsoft.Sql/locations/westeurope/auditingSettingsAzureAsyncOperation/dcd7c822-f457-424b-ab75-2aa5d6db510b?api-version=2021-11-01-preview
      cache-control:
      - no-cache
      content-length:
      - '86'
      content-type:
      - application/json; charset=utf-8
      date:
      - Fri, 16 Sep 2022 07:49:45 GMT
      expires:
      - '-1'
      location:
      - https://management.azure.com/subscriptions/00000000-0000-0000-0000-000000000000/providers/Microsoft.Sql/locations/westeurope/auditingSettingsOperationResults/dcd7c822-f457-424b-ab75-2aa5d6db510b?api-version=2021-11-01-preview
      pragma:
      - no-cache
      server:
      - Microsoft-HTTPAPI/2.0
      strict-transport-security:
      - max-age=31536000; includeSubDomains
      x-content-type-options:
      - nosniff
      x-ms-ratelimit-remaining-subscription-writes:
      - '1198'
    status:
      code: 202
      message: Accepted
- request:
    body: null
    headers:
      Accept:
      - '*/*'
      Accept-Encoding:
      - gzip, deflate
      CommandName:
      - sql server audit-policy update
      Connection:
      - keep-alive
      ParameterSetName:
      - -g -n --blob-storage-target-state --storage-account
      User-Agent:
      - AZURECLI/2.40.0 azsdk-python-mgmt-sql/4.0.0b3 Python/3.10.6 (macOS-12.5.1-x86_64-i386-64bit)
    method: GET
    uri: https://management.azure.com/subscriptions/00000000-0000-0000-0000-000000000000/providers/Microsoft.Sql/locations/westeurope/auditingSettingsAzureAsyncOperation/dcd7c822-f457-424b-ab75-2aa5d6db510b?api-version=2021-11-01-preview
  response:
    body:
      string: '{"name":"dcd7c822-f457-424b-ab75-2aa5d6db510b","status":"Succeeded","startTime":"2022-09-16T07:49:46.42Z"}'
    headers:
      cache-control:
      - no-cache
      content-length:
      - '106'
      content-type:
      - application/json; charset=utf-8
      date:
      - Fri, 16 Sep 2022 07:50:46 GMT
      expires:
      - '-1'
      pragma:
      - no-cache
      server:
      - Microsoft-HTTPAPI/2.0
      strict-transport-security:
      - max-age=31536000; includeSubDomains
      transfer-encoding:
      - chunked
      vary:
      - Accept-Encoding
      x-content-type-options:
      - nosniff
    status:
      code: 200
      message: OK
- request:
    body: null
    headers:
      Accept:
      - '*/*'
      Accept-Encoding:
      - gzip, deflate
      CommandName:
      - sql server audit-policy update
      Connection:
      - keep-alive
      ParameterSetName:
      - -g -n --blob-storage-target-state --storage-account
      User-Agent:
      - AZURECLI/2.40.0 azsdk-python-mgmt-sql/4.0.0b3 Python/3.10.6 (macOS-12.5.1-x86_64-i386-64bit)
    method: GET
    uri: https://management.azure.com/subscriptions/00000000-0000-0000-0000-000000000000/resourceGroups/clitest.rg000001/providers/Microsoft.Sql/servers/clitestserver000003/auditingSettings/default?api-version=2021-11-01-preview
  response:
    body:
      string: '{"properties":{"retentionDays":30,"auditActionsAndGroups":["DATABASE_LOGOUT_GROUP","DATABASE_ROLE_MEMBER_CHANGE_GROUP"],"isStorageSecondaryKeyInUse":false,"isAzureMonitorTargetEnabled":false,"isManagedIdentityInUse":false,"state":"Enabled","storageEndpoint":"https://clitest000005.blob.core.windows.net/","storageAccountSubscriptionId":"00000000-0000-0000-0000-000000000000"},"id":"/subscriptions/00000000-0000-0000-0000-000000000000/resourceGroups/clitest.rg000001/providers/Microsoft.Sql/servers/clitestserver000003/auditingSettings/Default","name":"Default","type":"Microsoft.Sql/servers/auditingSettings"}'
    headers:
      cache-control:
      - no-cache
      content-length:
      - '609'
      content-type:
      - application/json; charset=utf-8
      date:
      - Fri, 16 Sep 2022 07:50:46 GMT
      expires:
      - '-1'
      pragma:
      - no-cache
      server:
      - Microsoft-HTTPAPI/2.0
      strict-transport-security:
      - max-age=31536000; includeSubDomains
      transfer-encoding:
      - chunked
      vary:
      - Accept-Encoding
      x-content-type-options:
      - nosniff
    status:
      code: 200
      message: OK
- request:
    body: null
    headers:
      Accept:
      - application/json
      Accept-Encoding:
      - gzip, deflate
      CommandName:
      - sql server audit-policy update
      Connection:
      - keep-alive
      ParameterSetName:
      - -g -n --state
      User-Agent:
      - AZURECLI/2.40.0 azsdk-python-mgmt-sql/4.0.0b3 Python/3.10.6 (macOS-12.5.1-x86_64-i386-64bit)
    method: GET
    uri: https://management.azure.com/subscriptions/00000000-0000-0000-0000-000000000000/resourceGroups/clitest.rg000001/providers/Microsoft.Sql/servers/clitestserver000003/auditingSettings/default?api-version=2021-11-01-preview
  response:
    body:
      string: '{"properties":{"retentionDays":30,"auditActionsAndGroups":["DATABASE_LOGOUT_GROUP","DATABASE_ROLE_MEMBER_CHANGE_GROUP"],"isStorageSecondaryKeyInUse":false,"isAzureMonitorTargetEnabled":false,"isManagedIdentityInUse":false,"state":"Enabled","storageEndpoint":"https://clitest000005.blob.core.windows.net/","storageAccountSubscriptionId":"00000000-0000-0000-0000-000000000000"},"id":"/subscriptions/00000000-0000-0000-0000-000000000000/resourceGroups/clitest.rg000001/providers/Microsoft.Sql/servers/clitestserver000003/auditingSettings/Default","name":"Default","type":"Microsoft.Sql/servers/auditingSettings"}'
    headers:
      cache-control:
      - no-cache
      content-length:
      - '609'
      content-type:
      - application/json; charset=utf-8
      date:
      - Fri, 16 Sep 2022 07:50:48 GMT
      expires:
      - '-1'
      pragma:
      - no-cache
      server:
      - Microsoft-HTTPAPI/2.0
      strict-transport-security:
      - max-age=31536000; includeSubDomains
      transfer-encoding:
      - chunked
      vary:
      - Accept-Encoding
      x-content-type-options:
      - nosniff
    status:
      code: 200
      message: OK
- request:
    body: '{"properties": {"retentionDays": 30, "auditActionsAndGroups": ["DATABASE_LOGOUT_GROUP",
      "DATABASE_ROLE_MEMBER_CHANGE_GROUP"], "isStorageSecondaryKeyInUse": false, "isAzureMonitorTargetEnabled":
      false, "isManagedIdentityInUse": false, "state": "Disabled", "storageEndpoint":
      "https://clitest000005.blob.core.windows.net/", "storageAccountSubscriptionId":
      "00000000-0000-0000-0000-000000000000"}}'
    headers:
      Accept:
      - application/json
      Accept-Encoding:
      - gzip, deflate
      CommandName:
      - sql server audit-policy update
      Connection:
      - keep-alive
      Content-Length:
      - '394'
      Content-Type:
      - application/json
      ParameterSetName:
      - -g -n --state
      User-Agent:
      - AZURECLI/2.40.0 azsdk-python-mgmt-sql/4.0.0b3 Python/3.10.6 (macOS-12.5.1-x86_64-i386-64bit)
    method: PUT
    uri: https://management.azure.com/subscriptions/00000000-0000-0000-0000-000000000000/resourceGroups/clitest.rg000001/providers/Microsoft.Sql/servers/clitestserver000003/auditingSettings/default?api-version=2021-11-01-preview
  response:
    body:
      string: '{"operation":"UpsertServerEngineAuditingPolicy","startTime":"2022-09-16T07:50:49.447Z"}'
    headers:
      azure-asyncoperation:
      - https://management.azure.com/subscriptions/00000000-0000-0000-0000-000000000000/providers/Microsoft.Sql/locations/westeurope/auditingSettingsAzureAsyncOperation/ab809e36-18e8-4e74-b960-62b62fb9372c?api-version=2021-11-01-preview
      cache-control:
      - no-cache
      content-length:
      - '87'
      content-type:
      - application/json; charset=utf-8
      date:
      - Fri, 16 Sep 2022 07:50:48 GMT
      expires:
      - '-1'
      location:
      - https://management.azure.com/subscriptions/00000000-0000-0000-0000-000000000000/providers/Microsoft.Sql/locations/westeurope/auditingSettingsOperationResults/ab809e36-18e8-4e74-b960-62b62fb9372c?api-version=2021-11-01-preview
      pragma:
      - no-cache
      server:
      - Microsoft-HTTPAPI/2.0
      strict-transport-security:
      - max-age=31536000; includeSubDomains
      x-content-type-options:
      - nosniff
      x-ms-ratelimit-remaining-subscription-writes:
      - '1197'
    status:
      code: 202
      message: Accepted
- request:
    body: null
    headers:
      Accept:
      - '*/*'
      Accept-Encoding:
      - gzip, deflate
      CommandName:
      - sql server audit-policy update
      Connection:
      - keep-alive
      ParameterSetName:
      - -g -n --state
      User-Agent:
      - AZURECLI/2.40.0 azsdk-python-mgmt-sql/4.0.0b3 Python/3.10.6 (macOS-12.5.1-x86_64-i386-64bit)
    method: GET
    uri: https://management.azure.com/subscriptions/00000000-0000-0000-0000-000000000000/providers/Microsoft.Sql/locations/westeurope/auditingSettingsAzureAsyncOperation/ab809e36-18e8-4e74-b960-62b62fb9372c?api-version=2021-11-01-preview
  response:
    body:
      string: '{"name":"ab809e36-18e8-4e74-b960-62b62fb9372c","status":"Succeeded","startTime":"2022-09-16T07:50:49.447Z"}'
    headers:
      cache-control:
      - no-cache
      content-length:
      - '107'
      content-type:
      - application/json; charset=utf-8
      date:
      - Fri, 16 Sep 2022 07:51:49 GMT
      expires:
      - '-1'
      pragma:
      - no-cache
      server:
      - Microsoft-HTTPAPI/2.0
      strict-transport-security:
      - max-age=31536000; includeSubDomains
      transfer-encoding:
      - chunked
      vary:
      - Accept-Encoding
      x-content-type-options:
      - nosniff
    status:
      code: 200
      message: OK
- request:
    body: null
    headers:
      Accept:
      - '*/*'
      Accept-Encoding:
      - gzip, deflate
      CommandName:
      - sql server audit-policy update
      Connection:
      - keep-alive
      ParameterSetName:
      - -g -n --state
      User-Agent:
      - AZURECLI/2.40.0 azsdk-python-mgmt-sql/4.0.0b3 Python/3.10.6 (macOS-12.5.1-x86_64-i386-64bit)
    method: GET
    uri: https://management.azure.com/subscriptions/00000000-0000-0000-0000-000000000000/resourceGroups/clitest.rg000001/providers/Microsoft.Sql/servers/clitestserver000003/auditingSettings/default?api-version=2021-11-01-preview
  response:
    body:
      string: '{"properties":{"retentionDays":30,"auditActionsAndGroups":["DATABASE_LOGOUT_GROUP","DATABASE_ROLE_MEMBER_CHANGE_GROUP"],"isStorageSecondaryKeyInUse":false,"isAzureMonitorTargetEnabled":false,"isManagedIdentityInUse":false,"state":"Disabled","storageEndpoint":"https://clitest000005.blob.core.windows.net/","storageAccountSubscriptionId":"00000000-0000-0000-0000-000000000000"},"id":"/subscriptions/00000000-0000-0000-0000-000000000000/resourceGroups/clitest.rg000001/providers/Microsoft.Sql/servers/clitestserver000003/auditingSettings/Default","name":"Default","type":"Microsoft.Sql/servers/auditingSettings"}'
    headers:
      cache-control:
      - no-cache
      content-length:
      - '610'
      content-type:
      - application/json; charset=utf-8
      date:
      - Fri, 16 Sep 2022 07:51:50 GMT
      expires:
      - '-1'
      pragma:
      - no-cache
      server:
      - Microsoft-HTTPAPI/2.0
      strict-transport-security:
      - max-age=31536000; includeSubDomains
      transfer-encoding:
      - chunked
      vary:
      - Accept-Encoding
      x-content-type-options:
      - nosniff
    status:
      code: 200
      message: OK
- request:
    body: null
    headers:
      Accept:
      - application/json
      Accept-Encoding:
      - gzip, deflate
      CommandName:
      - monitor log-analytics workspace create
      Connection:
      - keep-alive
      ParameterSetName:
      - -g -n
      User-Agent:
      - AZURECLI/2.40.0 azsdk-python-azure-mgmt-resource/21.1.0b1 Python/3.10.6 (macOS-12.5.1-x86_64-i386-64bit)
    method: GET
    uri: https://management.azure.com/subscriptions/00000000-0000-0000-0000-000000000000/resourcegroups/clitest.rg000001?api-version=2021-04-01
  response:
    body:
      string: '{"id":"/subscriptions/00000000-0000-0000-0000-000000000000/resourceGroups/clitest.rg000001","name":"clitest.rg000001","type":"Microsoft.Resources/resourceGroups","location":"westeurope","tags":{"product":"azurecli","cause":"automation","date":"2022-09-16T07:46:16Z"},"properties":{"provisioningState":"Succeeded"}}'
    headers:
      cache-control:
      - no-cache
      content-length:
      - '314'
      content-type:
      - application/json; charset=utf-8
      date:
      - Fri, 16 Sep 2022 07:51:52 GMT
      expires:
      - '-1'
      pragma:
      - no-cache
      strict-transport-security:
      - max-age=31536000; includeSubDomains
      vary:
      - Accept-Encoding
      x-content-type-options:
      - nosniff
    status:
      code: 200
      message: OK
- request:
    body: '{"location": "westeurope", "properties": {"sku": {"name": "PerGB2018"},
      "retentionInDays": 30, "workspaceCapping": {}}}'
    headers:
      Accept:
      - application/json
      Accept-Encoding:
      - gzip, deflate
      CommandName:
      - monitor log-analytics workspace create
      Connection:
      - keep-alive
      Content-Length:
      - '119'
      Content-Type:
      - application/json
      ParameterSetName:
      - -g -n
      User-Agent:
      - AZURECLI/2.40.0 azsdk-python-mgmt-loganalytics/13.0.0b4 Python/3.10.6 (macOS-12.5.1-x86_64-i386-64bit)
    method: PUT
    uri: https://management.azure.com/subscriptions/00000000-0000-0000-0000-000000000000/resourcegroups/clitest.rg000001/providers/Microsoft.OperationalInsights/workspaces/laws000006?api-version=2021-12-01-preview
  response:
    body:
      string: "{\r\n  \"properties\": {\r\n    \"source\": \"Azure\",\r\n    \"customerId\"\
        : \"9209ad62-7253-4398-9719-7121a7c0ac76\",\r\n    \"provisioningState\":\
        \ \"Creating\",\r\n    \"sku\": {\r\n      \"name\": \"pergb2018\",\r\n  \
        \    \"lastSkuUpdate\": \"Fri, 16 Sep 2022 07:51:59 GMT\"\r\n    },\r\n  \
        \  \"retentionInDays\": 30,\r\n    \"features\": {\r\n      \"legacy\": 0,\r\
        \n      \"searchVersion\": 1,\r\n      \"enableLogAccessUsingOnlyResourcePermissions\"\
        : true\r\n    },\r\n    \"workspaceCapping\": {\r\n      \"dailyQuotaGb\"\
        : -1.0,\r\n      \"quotaNextResetTime\": \"Fri, 16 Sep 2022 17:00:00 GMT\"\
        ,\r\n      \"dataIngestionStatus\": \"RespectQuota\"\r\n    },\r\n    \"publicNetworkAccessForIngestion\"\
        : \"Enabled\",\r\n    \"publicNetworkAccessForQuery\": \"Enabled\",\r\n  \
        \  \"createdDate\": \"Fri, 16 Sep 2022 07:51:59 GMT\",\r\n    \"modifiedDate\"\
        : \"Fri, 16 Sep 2022 07:51:59 GMT\"\r\n  },\r\n  \"id\": \"/subscriptions/00000000-0000-0000-0000-000000000000/resourcegroups/clitest.rg000001/providers/microsoft.operationalinsights/workspaces/laws000006\"\
        ,\r\n  \"name\": \"laws000006\",\r\n  \"type\": \"Microsoft.OperationalInsights/workspaces\"\
        ,\r\n  \"location\": \"westeurope\"\r\n}"
    headers:
      access-control-allow-origin:
      - '*'
      cache-control:
      - no-cache
      content-length:
      - '1058'
      content-type:
      - application/json
      date:
      - Fri, 16 Sep 2022 07:52:00 GMT
      pragma:
      - no-cache
      request-context:
      - appId=cid-v1:c7ec48f5-2684-46e8-accb-45e7dbec242b
      server:
      - Microsoft-IIS/10.0
      strict-transport-security:
      - max-age=31536000; includeSubDomains
      x-content-type-options:
      - nosniff
      x-ms-ratelimit-remaining-subscription-writes:
      - '1197'
      x-powered-by:
      - ASP.NET
      - ASP.NET
    status:
      code: 201
      message: Created
- request:
    body: null
    headers:
      Accept:
      - '*/*'
      Accept-Encoding:
      - gzip, deflate
      CommandName:
      - monitor log-analytics workspace create
      Connection:
      - keep-alive
      ParameterSetName:
      - -g -n
      User-Agent:
      - AZURECLI/2.40.0 azsdk-python-mgmt-loganalytics/13.0.0b4 Python/3.10.6 (macOS-12.5.1-x86_64-i386-64bit)
    method: GET
    uri: https://management.azure.com/subscriptions/00000000-0000-0000-0000-000000000000/resourcegroups/clitest.rg000001/providers/Microsoft.OperationalInsights/workspaces/laws000006?api-version=2021-12-01-preview
  response:
    body:
      string: "{\r\n  \"properties\": {\r\n    \"source\": \"Azure\",\r\n    \"customerId\"\
        : \"9209ad62-7253-4398-9719-7121a7c0ac76\",\r\n    \"provisioningState\":\
        \ \"Succeeded\",\r\n    \"sku\": {\r\n      \"name\": \"pergb2018\",\r\n \
        \     \"lastSkuUpdate\": \"Fri, 16 Sep 2022 07:51:59 GMT\"\r\n    },\r\n \
        \   \"retentionInDays\": 30,\r\n    \"features\": {\r\n      \"legacy\": 0,\r\
        \n      \"searchVersion\": 1,\r\n      \"enableLogAccessUsingOnlyResourcePermissions\"\
        : true\r\n    },\r\n    \"workspaceCapping\": {\r\n      \"dailyQuotaGb\"\
        : -1.0,\r\n      \"quotaNextResetTime\": \"Fri, 16 Sep 2022 17:00:00 GMT\"\
        ,\r\n      \"dataIngestionStatus\": \"RespectQuota\"\r\n    },\r\n    \"publicNetworkAccessForIngestion\"\
        : \"Enabled\",\r\n    \"publicNetworkAccessForQuery\": \"Enabled\",\r\n  \
        \  \"createdDate\": \"Fri, 16 Sep 2022 07:51:59 GMT\",\r\n    \"modifiedDate\"\
        : \"Fri, 16 Sep 2022 07:52:01 GMT\"\r\n  },\r\n  \"id\": \"/subscriptions/00000000-0000-0000-0000-000000000000/resourcegroups/clitest.rg000001/providers/microsoft.operationalinsights/workspaces/laws000006\"\
        ,\r\n  \"name\": \"laws000006\",\r\n  \"type\": \"Microsoft.OperationalInsights/workspaces\"\
        ,\r\n  \"location\": \"westeurope\"\r\n}"
    headers:
      access-control-allow-origin:
      - '*'
      cache-control:
      - no-cache
      content-length:
      - '1059'
      content-type:
      - application/json
      date:
      - Fri, 16 Sep 2022 07:52:30 GMT
      pragma:
      - no-cache
      request-context:
      - appId=cid-v1:c7ec48f5-2684-46e8-accb-45e7dbec242b
      server:
      - Microsoft-IIS/10.0
      strict-transport-security:
      - max-age=31536000; includeSubDomains
      transfer-encoding:
      - chunked
      vary:
      - Accept-Encoding
      x-content-type-options:
      - nosniff
      x-powered-by:
      - ASP.NET
      - ASP.NET
    status:
      code: 200
      message: OK
- request:
    body: null
    headers:
      Accept:
      - application/json
      Accept-Encoding:
      - gzip, deflate
      CommandName:
      - sql server audit-policy update
      Connection:
      - keep-alive
      ParameterSetName:
      - -g -n --state --log-analytics-target-state --log-analytics-workspace-resource-id
      User-Agent:
      - AZURECLI/2.40.0 azsdk-python-mgmt-sql/4.0.0b3 Python/3.10.6 (macOS-12.5.1-x86_64-i386-64bit)
    method: GET
    uri: https://management.azure.com/subscriptions/00000000-0000-0000-0000-000000000000/resourceGroups/clitest.rg000001/providers/Microsoft.Sql/servers/clitestserver000003/auditingSettings/default?api-version=2021-11-01-preview
  response:
    body:
      string: '{"properties":{"retentionDays":30,"auditActionsAndGroups":["DATABASE_LOGOUT_GROUP","DATABASE_ROLE_MEMBER_CHANGE_GROUP"],"isStorageSecondaryKeyInUse":false,"isAzureMonitorTargetEnabled":false,"isManagedIdentityInUse":false,"state":"Disabled","storageEndpoint":"https://clitest000005.blob.core.windows.net/","storageAccountSubscriptionId":"00000000-0000-0000-0000-000000000000"},"id":"/subscriptions/00000000-0000-0000-0000-000000000000/resourceGroups/clitest.rg000001/providers/Microsoft.Sql/servers/clitestserver000003/auditingSettings/Default","name":"Default","type":"Microsoft.Sql/servers/auditingSettings"}'
    headers:
      cache-control:
      - no-cache
      content-length:
      - '610'
      content-type:
      - application/json; charset=utf-8
      date:
      - Fri, 16 Sep 2022 07:52:31 GMT
      expires:
      - '-1'
      pragma:
      - no-cache
      server:
      - Microsoft-HTTPAPI/2.0
      strict-transport-security:
      - max-age=31536000; includeSubDomains
      transfer-encoding:
      - chunked
      vary:
      - Accept-Encoding
      x-content-type-options:
      - nosniff
    status:
      code: 200
      message: OK
- request:
    body: null
    headers:
      Accept:
      - application/json
      Accept-Encoding:
      - gzip, deflate
      CommandName:
      - sql server audit-policy update
      Connection:
      - keep-alive
      ParameterSetName:
      - -g -n --state --log-analytics-target-state --log-analytics-workspace-resource-id
      User-Agent:
      - AZURECLI/2.40.0 azsdk-python-azure-mgmt-monitor/4.0.1 Python/3.10.6 (macOS-12.5.1-x86_64-i386-64bit)
    method: GET
    uri: https://management.azure.com/subscriptions/00000000-0000-0000-0000-000000000000/resourceGroups/clitest.rg000001/providers/Microsoft.Sql/servers/clitestserver000003/databases/master/providers/Microsoft.Insights/diagnosticSettings?api-version=2021-05-01-preview
  response:
    body:
      string: '{"value":[]}'
    headers:
      cache-control:
      - no-cache
      content-length:
      - '12'
      content-type:
      - application/json; charset=utf-8
      date:
      - Fri, 16 Sep 2022 07:52:33 GMT
      expires:
      - '-1'
      pragma:
      - no-cache
      server:
      - Microsoft-IIS/10.0
      strict-transport-security:
      - max-age=31536000; includeSubDomains
      transfer-encoding:
      - chunked
      vary:
      - Accept-Encoding
      x-content-type-options:
      - nosniff
    status:
      code: 200
      message: OK
- request:
    body: '{"properties": {"logs": [{"category": "SQLSecurityAuditEvents", "enabled":
      true, "retentionPolicy": {"enabled": false, "days": 0}}], "workspaceId": "/subscriptions/00000000-0000-0000-0000-000000000000/resourcegroups/clitest.rg000001/providers/microsoft.operationalinsights/workspaces/laws000006"}}'
    headers:
      Accept:
      - application/json
      Accept-Encoding:
      - gzip, deflate
      CommandName:
      - sql server audit-policy update
      Connection:
      - keep-alive
      Content-Length:
      - '297'
      Content-Type:
      - application/json
      ParameterSetName:
      - -g -n --state --log-analytics-target-state --log-analytics-workspace-resource-id
      User-Agent:
      - AZURECLI/2.40.0 azsdk-python-azure-mgmt-monitor/4.0.1 Python/3.10.6 (macOS-12.5.1-x86_64-i386-64bit)
    method: PUT
    uri: https://management.azure.com/subscriptions/00000000-0000-0000-0000-000000000000/resourceGroups/clitest.rg000001/providers/Microsoft.Sql/servers/clitestserver000003/databases/master/providers/Microsoft.Insights/diagnosticSettings/SQLSecurityAuditEvents_LogAnalytics?api-version=2021-05-01-preview
  response:
    body:
      string: '{"id":"/subscriptions/00000000-0000-0000-0000-000000000000/resourcegroups/clitest.rg000001/providers/microsoft.sql/servers/clitestserver000003/databases/master/providers/microsoft.insights/diagnosticSettings/SQLSecurityAuditEvents_LogAnalytics","type":"Microsoft.Insights/diagnosticSettings","name":"SQLSecurityAuditEvents_LogAnalytics","location":null,"kind":null,"tags":null,"properties":{"storageAccountId":null,"serviceBusRuleId":null,"workspaceId":"/subscriptions/00000000-0000-0000-0000-000000000000/resourcegroups/clitest.rg000001/providers/microsoft.operationalinsights/workspaces/laws000006","eventHubAuthorizationRuleId":null,"eventHubName":null,"metrics":[],"logs":[{"category":"SQLSecurityAuditEvents","categoryGroup":null,"enabled":true,"retentionPolicy":{"enabled":false,"days":0}}],"logAnalyticsDestinationType":null},"identity":null}'
    headers:
      cache-control:
      - no-cache
      content-length:
      - '849'
      content-type:
      - application/json; charset=utf-8
      date:
      - Fri, 16 Sep 2022 07:52:43 GMT
      expires:
      - '-1'
      pragma:
      - no-cache
      server:
      - Microsoft-IIS/10.0
      strict-transport-security:
      - max-age=31536000; includeSubDomains
      transfer-encoding:
      - chunked
      vary:
      - Accept-Encoding
      x-content-type-options:
      - nosniff
      x-ms-ratelimit-remaining-subscription-resource-requests:
      - '149'
    status:
      code: 200
      message: OK
- request:
    body: null
    headers:
      Accept:
      - application/json
      Accept-Encoding:
      - gzip, deflate
      CommandName:
      - sql server audit-policy update
      Connection:
      - keep-alive
      ParameterSetName:
      - -g -n --state --log-analytics-target-state --log-analytics-workspace-resource-id
      User-Agent:
      - AZURECLI/2.40.0 azsdk-python-azure-mgmt-resource/21.1.0b1 Python/3.10.6 (macOS-12.5.1-x86_64-i386-64bit)
    method: GET
    uri: https://management.azure.com/subscriptions/00000000-0000-0000-0000-000000000000/resources?$filter=name%20eq%20%27clitest000005%27%20and%20%28resourceType%20eq%20%27Microsoft.Storage%2FstorageAccounts%27%20or%20resourceType%20eq%20%27Microsoft.ClassicStorage%2FstorageAccounts%27%29&api-version=2021-04-01
  response:
    body:
      string: '{"value":[{"id":"/subscriptions/00000000-0000-0000-0000-000000000000/resourceGroups/clitest.rg000002/providers/Microsoft.Storage/storageAccounts/clitest000005","name":"clitest000005","type":"Microsoft.Storage/storageAccounts","sku":{"name":"Standard_LRS","tier":"Standard"},"kind":"Storage","location":"westus","tags":{}}]}'
    headers:
      cache-control:
      - no-cache
      content-length:
      - '323'
      content-type:
      - application/json; charset=utf-8
      date:
      - Fri, 16 Sep 2022 07:52:43 GMT
      expires:
      - '-1'
      pragma:
      - no-cache
      strict-transport-security:
      - max-age=31536000; includeSubDomains
      vary:
      - Accept-Encoding
      x-content-type-options:
      - nosniff
    status:
      code: 200
      message: OK
- request:
    body: null
    headers:
      Accept:
      - application/json
      Accept-Encoding:
      - gzip, deflate
      CommandName:
      - sql server audit-policy update
      Connection:
      - keep-alive
      Content-Length:
      - '0'
      ParameterSetName:
      - -g -n --state --log-analytics-target-state --log-analytics-workspace-resource-id
      User-Agent:
      - AZURECLI/2.40.0 azsdk-python-azure-mgmt-storage/20.1.0 Python/3.10.6 (macOS-12.5.1-x86_64-i386-64bit)
    method: POST
    uri: https://management.azure.com/subscriptions/00000000-0000-0000-0000-000000000000/resourceGroups/clitest.rg000002/providers/Microsoft.Storage/storageAccounts/clitest000005/listKeys?api-version=2022-05-01&$expand=kerb
  response:
    body:
      string: '{"keys":[{"creationTime":"2022-09-16T07:48:12.7844108Z","keyName":"key1","value":"veryFakedStorageAccountKey==","permissions":"FULL"},{"creationTime":"2022-09-16T07:48:12.7844108Z","keyName":"key2","value":"veryFakedStorageAccountKey==","permissions":"FULL"}]}'
    headers:
      cache-control:
      - no-cache
      content-length:
      - '260'
      content-type:
      - application/json
      date:
      - Fri, 16 Sep 2022 07:52:44 GMT
      expires:
      - '-1'
      pragma:
      - no-cache
      server:
      - Microsoft-Azure-Storage-Resource-Provider/1.0,Microsoft-HTTPAPI/2.0 Microsoft-HTTPAPI/2.0
      strict-transport-security:
      - max-age=31536000; includeSubDomains
      transfer-encoding:
      - chunked
      vary:
      - Accept-Encoding
      x-content-type-options:
      - nosniff
      x-ms-ratelimit-remaining-subscription-resource-requests:
      - '11999'
    status:
      code: 200
      message: OK
- request:
    body: '{"properties": {"retentionDays": 30, "auditActionsAndGroups": ["DATABASE_LOGOUT_GROUP",
      "DATABASE_ROLE_MEMBER_CHANGE_GROUP"], "isStorageSecondaryKeyInUse": false, "isAzureMonitorTargetEnabled":
      true, "isManagedIdentityInUse": false, "state": "Enabled", "storageEndpoint":
      "https://clitest000005.blob.core.windows.net/", "storageAccountAccessKey": "veryFakedStorageAccountKey==",
      "storageAccountSubscriptionId": "00000000-0000-0000-0000-000000000000"}}'
    headers:
      Accept:
      - application/json
      Accept-Encoding:
      - gzip, deflate
      CommandName:
      - sql server audit-policy update
      Connection:
      - keep-alive
      Content-Length:
      - '451'
      Content-Type:
      - application/json
      ParameterSetName:
      - -g -n --state --log-analytics-target-state --log-analytics-workspace-resource-id
      User-Agent:
      - AZURECLI/2.40.0 azsdk-python-mgmt-sql/4.0.0b3 Python/3.10.6 (macOS-12.5.1-x86_64-i386-64bit)
    method: PUT
    uri: https://management.azure.com/subscriptions/00000000-0000-0000-0000-000000000000/resourceGroups/clitest.rg000001/providers/Microsoft.Sql/servers/clitestserver000003/auditingSettings/default?api-version=2021-11-01-preview
  response:
    body:
      string: '{"operation":"UpsertServerEngineAuditingPolicy","startTime":"2022-09-16T07:52:45.567Z"}'
    headers:
      azure-asyncoperation:
      - https://management.azure.com/subscriptions/00000000-0000-0000-0000-000000000000/providers/Microsoft.Sql/locations/westeurope/auditingSettingsAzureAsyncOperation/1a12ba22-0c71-4db5-b5e5-affb6c7350b2?api-version=2021-11-01-preview
      cache-control:
      - no-cache
      content-length:
      - '87'
      content-type:
      - application/json; charset=utf-8
      date:
      - Fri, 16 Sep 2022 07:52:45 GMT
      expires:
      - '-1'
      location:
      - https://management.azure.com/subscriptions/00000000-0000-0000-0000-000000000000/providers/Microsoft.Sql/locations/westeurope/auditingSettingsOperationResults/1a12ba22-0c71-4db5-b5e5-affb6c7350b2?api-version=2021-11-01-preview
      pragma:
      - no-cache
      server:
      - Microsoft-HTTPAPI/2.0
      strict-transport-security:
      - max-age=31536000; includeSubDomains
      x-content-type-options:
      - nosniff
      x-ms-ratelimit-remaining-subscription-writes:
      - '1197'
    status:
      code: 202
      message: Accepted
- request:
    body: null
    headers:
      Accept:
      - '*/*'
      Accept-Encoding:
      - gzip, deflate
      CommandName:
      - sql server audit-policy update
      Connection:
      - keep-alive
      ParameterSetName:
      - -g -n --state --log-analytics-target-state --log-analytics-workspace-resource-id
      User-Agent:
      - AZURECLI/2.40.0 azsdk-python-mgmt-sql/4.0.0b3 Python/3.10.6 (macOS-12.5.1-x86_64-i386-64bit)
    method: GET
    uri: https://management.azure.com/subscriptions/00000000-0000-0000-0000-000000000000/providers/Microsoft.Sql/locations/westeurope/auditingSettingsAzureAsyncOperation/1a12ba22-0c71-4db5-b5e5-affb6c7350b2?api-version=2021-11-01-preview
  response:
    body:
      string: '{"name":"1a12ba22-0c71-4db5-b5e5-affb6c7350b2","status":"Succeeded","startTime":"2022-09-16T07:52:45.567Z"}'
    headers:
      cache-control:
      - no-cache
      content-length:
      - '107'
      content-type:
      - application/json; charset=utf-8
      date:
      - Fri, 16 Sep 2022 07:53:45 GMT
      expires:
      - '-1'
      pragma:
      - no-cache
      server:
      - Microsoft-HTTPAPI/2.0
      strict-transport-security:
      - max-age=31536000; includeSubDomains
      transfer-encoding:
      - chunked
      vary:
      - Accept-Encoding
      x-content-type-options:
      - nosniff
    status:
      code: 200
      message: OK
- request:
    body: null
    headers:
      Accept:
      - '*/*'
      Accept-Encoding:
      - gzip, deflate
      CommandName:
      - sql server audit-policy update
      Connection:
      - keep-alive
      ParameterSetName:
      - -g -n --state --log-analytics-target-state --log-analytics-workspace-resource-id
      User-Agent:
      - AZURECLI/2.40.0 azsdk-python-mgmt-sql/4.0.0b3 Python/3.10.6 (macOS-12.5.1-x86_64-i386-64bit)
    method: GET
    uri: https://management.azure.com/subscriptions/00000000-0000-0000-0000-000000000000/resourceGroups/clitest.rg000001/providers/Microsoft.Sql/servers/clitestserver000003/auditingSettings/default?api-version=2021-11-01-preview
  response:
    body:
      string: '{"properties":{"retentionDays":30,"auditActionsAndGroups":["DATABASE_LOGOUT_GROUP","DATABASE_ROLE_MEMBER_CHANGE_GROUP"],"isStorageSecondaryKeyInUse":false,"isAzureMonitorTargetEnabled":true,"isManagedIdentityInUse":false,"state":"Enabled","storageEndpoint":"https://clitest000005.blob.core.windows.net/","storageAccountSubscriptionId":"00000000-0000-0000-0000-000000000000"},"id":"/subscriptions/00000000-0000-0000-0000-000000000000/resourceGroups/clitest.rg000001/providers/Microsoft.Sql/servers/clitestserver000003/auditingSettings/Default","name":"Default","type":"Microsoft.Sql/servers/auditingSettings"}'
    headers:
      cache-control:
      - no-cache
      content-length:
      - '608'
      content-type:
      - application/json; charset=utf-8
      date:
      - Fri, 16 Sep 2022 07:53:45 GMT
      expires:
      - '-1'
      pragma:
      - no-cache
      server:
      - Microsoft-HTTPAPI/2.0
      strict-transport-security:
      - max-age=31536000; includeSubDomains
      transfer-encoding:
      - chunked
      vary:
      - Accept-Encoding
      x-content-type-options:
      - nosniff
    status:
      code: 200
      message: OK
- request:
    body: null
    headers:
      Accept:
      - application/json
      Accept-Encoding:
      - gzip, deflate
      CommandName:
      - sql server audit-policy show
      Connection:
      - keep-alive
      ParameterSetName:
      - -g -n
      User-Agent:
      - AZURECLI/2.40.0 azsdk-python-mgmt-sql/4.0.0b3 Python/3.10.6 (macOS-12.5.1-x86_64-i386-64bit)
    method: GET
    uri: https://management.azure.com/subscriptions/00000000-0000-0000-0000-000000000000/resourceGroups/clitest.rg000001/providers/Microsoft.Sql/servers/clitestserver000003/auditingSettings/default?api-version=2021-11-01-preview
  response:
    body:
      string: '{"properties":{"retentionDays":30,"auditActionsAndGroups":["DATABASE_LOGOUT_GROUP","DATABASE_ROLE_MEMBER_CHANGE_GROUP"],"isStorageSecondaryKeyInUse":false,"isAzureMonitorTargetEnabled":true,"isManagedIdentityInUse":false,"state":"Enabled","storageEndpoint":"https://clitest000005.blob.core.windows.net/","storageAccountSubscriptionId":"00000000-0000-0000-0000-000000000000"},"id":"/subscriptions/00000000-0000-0000-0000-000000000000/resourceGroups/clitest.rg000001/providers/Microsoft.Sql/servers/clitestserver000003/auditingSettings/Default","name":"Default","type":"Microsoft.Sql/servers/auditingSettings"}'
    headers:
      cache-control:
      - no-cache
      content-length:
      - '608'
      content-type:
      - application/json; charset=utf-8
      date:
      - Fri, 16 Sep 2022 07:53:47 GMT
      expires:
      - '-1'
      pragma:
      - no-cache
      server:
      - Microsoft-HTTPAPI/2.0
      strict-transport-security:
      - max-age=31536000; includeSubDomains
      transfer-encoding:
      - chunked
      vary:
      - Accept-Encoding
      x-content-type-options:
      - nosniff
    status:
      code: 200
      message: OK
- request:
    body: null
    headers:
      Accept:
      - application/json
      Accept-Encoding:
      - gzip, deflate
      CommandName:
      - sql server audit-policy show
      Connection:
      - keep-alive
      ParameterSetName:
      - -g -n
      User-Agent:
      - AZURECLI/2.40.0 azsdk-python-azure-mgmt-monitor/4.0.1 Python/3.10.6 (macOS-12.5.1-x86_64-i386-64bit)
    method: GET
    uri: https://management.azure.com/subscriptions/00000000-0000-0000-0000-000000000000/resourceGroups/clitest.rg000001/providers/Microsoft.Sql/servers/clitestserver000003/databases/master/providers/Microsoft.Insights/diagnosticSettings?api-version=2021-05-01-preview
  response:
    body:
      string: '{"value":[{"id":"/subscriptions/00000000-0000-0000-0000-000000000000/resourcegroups/clitest.rg000001/providers/microsoft.sql/servers/clitestserver000003/databases/master/providers/microsoft.insights/diagnosticSettings/SQLSecurityAuditEvents_LogAnalytics","type":"Microsoft.Insights/diagnosticSettings","name":"SQLSecurityAuditEvents_LogAnalytics","location":null,"kind":null,"tags":null,"properties":{"storageAccountId":null,"serviceBusRuleId":null,"workspaceId":"/subscriptions/00000000-0000-0000-0000-000000000000/resourcegroups/clitest.rg000001/providers/microsoft.operationalinsights/workspaces/laws000006","eventHubAuthorizationRuleId":null,"eventHubName":null,"metrics":[],"logs":[{"category":"SQLSecurityAuditEvents","categoryGroup":null,"enabled":true,"retentionPolicy":{"enabled":false,"days":0}}],"logAnalyticsDestinationType":null},"identity":null}]}'
    headers:
      cache-control:
      - no-cache
      content-length:
      - '861'
      content-type:
      - application/json; charset=utf-8
      date:
      - Fri, 16 Sep 2022 07:53:49 GMT
      expires:
      - '-1'
      pragma:
      - no-cache
      server:
      - Microsoft-IIS/10.0
      strict-transport-security:
      - max-age=31536000; includeSubDomains
      transfer-encoding:
      - chunked
      vary:
      - Accept-Encoding
      x-content-type-options:
      - nosniff
    status:
      code: 200
      message: OK
- request:
    body: null
    headers:
      Accept:
      - application/json
      Accept-Encoding:
      - gzip, deflate
      CommandName:
      - sql server audit-policy update
      Connection:
      - keep-alive
      ParameterSetName:
      - -g -n --state --log-analytics-target-state
      User-Agent:
      - AZURECLI/2.40.0 azsdk-python-mgmt-sql/4.0.0b3 Python/3.10.6 (macOS-12.5.1-x86_64-i386-64bit)
    method: GET
    uri: https://management.azure.com/subscriptions/00000000-0000-0000-0000-000000000000/resourceGroups/clitest.rg000001/providers/Microsoft.Sql/servers/clitestserver000003/auditingSettings/default?api-version=2021-11-01-preview
  response:
    body:
      string: '{"properties":{"retentionDays":30,"auditActionsAndGroups":["DATABASE_LOGOUT_GROUP","DATABASE_ROLE_MEMBER_CHANGE_GROUP"],"isStorageSecondaryKeyInUse":false,"isAzureMonitorTargetEnabled":true,"isManagedIdentityInUse":false,"state":"Enabled","storageEndpoint":"https://clitest000005.blob.core.windows.net/","storageAccountSubscriptionId":"00000000-0000-0000-0000-000000000000"},"id":"/subscriptions/00000000-0000-0000-0000-000000000000/resourceGroups/clitest.rg000001/providers/Microsoft.Sql/servers/clitestserver000003/auditingSettings/Default","name":"Default","type":"Microsoft.Sql/servers/auditingSettings"}'
    headers:
      cache-control:
      - no-cache
      content-length:
      - '608'
      content-type:
      - application/json; charset=utf-8
      date:
      - Fri, 16 Sep 2022 07:53:50 GMT
      expires:
      - '-1'
      pragma:
      - no-cache
      server:
      - Microsoft-HTTPAPI/2.0
      strict-transport-security:
      - max-age=31536000; includeSubDomains
      transfer-encoding:
      - chunked
      vary:
      - Accept-Encoding
      x-content-type-options:
      - nosniff
    status:
      code: 200
      message: OK
- request:
    body: null
    headers:
      Accept:
      - application/json
      Accept-Encoding:
      - gzip, deflate
      CommandName:
      - sql server audit-policy update
      Connection:
      - keep-alive
      ParameterSetName:
      - -g -n --state --log-analytics-target-state
      User-Agent:
      - AZURECLI/2.40.0 azsdk-python-azure-mgmt-monitor/4.0.1 Python/3.10.6 (macOS-12.5.1-x86_64-i386-64bit)
    method: GET
    uri: https://management.azure.com/subscriptions/00000000-0000-0000-0000-000000000000/resourceGroups/clitest.rg000001/providers/Microsoft.Sql/servers/clitestserver000003/databases/master/providers/Microsoft.Insights/diagnosticSettings?api-version=2021-05-01-preview
  response:
    body:
      string: '{"value":[{"id":"/subscriptions/00000000-0000-0000-0000-000000000000/resourcegroups/clitest.rg000001/providers/microsoft.sql/servers/clitestserver000003/databases/master/providers/microsoft.insights/diagnosticSettings/SQLSecurityAuditEvents_LogAnalytics","type":"Microsoft.Insights/diagnosticSettings","name":"SQLSecurityAuditEvents_LogAnalytics","location":null,"kind":null,"tags":null,"properties":{"storageAccountId":null,"serviceBusRuleId":null,"workspaceId":"/subscriptions/00000000-0000-0000-0000-000000000000/resourcegroups/clitest.rg000001/providers/microsoft.operationalinsights/workspaces/laws000006","eventHubAuthorizationRuleId":null,"eventHubName":null,"metrics":[],"logs":[{"category":"SQLSecurityAuditEvents","categoryGroup":null,"enabled":true,"retentionPolicy":{"enabled":false,"days":0}}],"logAnalyticsDestinationType":null},"identity":null}]}'
    headers:
      cache-control:
      - no-cache
      content-length:
      - '861'
      content-type:
      - application/json; charset=utf-8
      date:
      - Fri, 16 Sep 2022 07:53:54 GMT
      expires:
      - '-1'
      pragma:
      - no-cache
      server:
      - Microsoft-IIS/10.0
      strict-transport-security:
      - max-age=31536000; includeSubDomains
      transfer-encoding:
      - chunked
      vary:
      - Accept-Encoding
      x-content-type-options:
      - nosniff
    status:
      code: 200
      message: OK
- request:
    body: null
    headers:
      Accept:
      - application/json
      Accept-Encoding:
      - gzip, deflate
      CommandName:
      - sql server audit-policy update
      Connection:
      - keep-alive
      Content-Length:
      - '0'
      ParameterSetName:
      - -g -n --state --log-analytics-target-state
      User-Agent:
      - AZURECLI/2.40.0 azsdk-python-azure-mgmt-monitor/4.0.1 Python/3.10.6 (macOS-12.5.1-x86_64-i386-64bit)
    method: DELETE
    uri: https://management.azure.com/subscriptions/00000000-0000-0000-0000-000000000000/resourceGroups/clitest.rg000001/providers/Microsoft.Sql/servers/clitestserver000003/databases/master/providers/Microsoft.Insights/diagnosticSettings/SQLSecurityAuditEvents_LogAnalytics?api-version=2021-05-01-preview
  response:
    body:
      string: ''
    headers:
      cache-control:
      - no-cache
      content-length:
      - '0'
      date:
      - Fri, 16 Sep 2022 07:54:00 GMT
      expires:
      - '-1'
      pragma:
      - no-cache
      server:
      - Microsoft-IIS/10.0
      strict-transport-security:
      - max-age=31536000; includeSubDomains
      x-content-type-options:
      - nosniff
      x-ms-ratelimit-remaining-subscription-deletes:
      - '14999'
    status:
      code: 200
      message: OK
- request:
    body: null
    headers:
      Accept:
      - application/json
      Accept-Encoding:
      - gzip, deflate
      CommandName:
      - sql server audit-policy update
      Connection:
      - keep-alive
      ParameterSetName:
      - -g -n --state --log-analytics-target-state
      User-Agent:
      - AZURECLI/2.40.0 azsdk-python-azure-mgmt-resource/21.1.0b1 Python/3.10.6 (macOS-12.5.1-x86_64-i386-64bit)
    method: GET
    uri: https://management.azure.com/subscriptions/00000000-0000-0000-0000-000000000000/resources?$filter=name%20eq%20%27clitest000005%27%20and%20%28resourceType%20eq%20%27Microsoft.Storage%2FstorageAccounts%27%20or%20resourceType%20eq%20%27Microsoft.ClassicStorage%2FstorageAccounts%27%29&api-version=2021-04-01
  response:
    body:
      string: '{"value":[{"id":"/subscriptions/00000000-0000-0000-0000-000000000000/resourceGroups/clitest.rg000002/providers/Microsoft.Storage/storageAccounts/clitest000005","name":"clitest000005","type":"Microsoft.Storage/storageAccounts","sku":{"name":"Standard_LRS","tier":"Standard"},"kind":"Storage","location":"westus","tags":{}}]}'
    headers:
      cache-control:
      - no-cache
      content-length:
      - '323'
      content-type:
      - application/json; charset=utf-8
      date:
      - Fri, 16 Sep 2022 07:54:01 GMT
      expires:
      - '-1'
      pragma:
      - no-cache
      strict-transport-security:
      - max-age=31536000; includeSubDomains
      x-content-type-options:
      - nosniff
    status:
      code: 200
      message: OK
- request:
    body: null
    headers:
      Accept:
      - application/json
      Accept-Encoding:
      - gzip, deflate
      CommandName:
      - sql server audit-policy update
      Connection:
      - keep-alive
      Content-Length:
      - '0'
      ParameterSetName:
      - -g -n --state --log-analytics-target-state
      User-Agent:
      - AZURECLI/2.40.0 azsdk-python-azure-mgmt-storage/20.1.0 Python/3.10.6 (macOS-12.5.1-x86_64-i386-64bit)
    method: POST
    uri: https://management.azure.com/subscriptions/00000000-0000-0000-0000-000000000000/resourceGroups/clitest.rg000002/providers/Microsoft.Storage/storageAccounts/clitest000005/listKeys?api-version=2022-05-01&$expand=kerb
  response:
    body:
      string: '{"keys":[{"creationTime":"2022-09-16T07:48:12.7844108Z","keyName":"key1","value":"veryFakedStorageAccountKey==","permissions":"FULL"},{"creationTime":"2022-09-16T07:48:12.7844108Z","keyName":"key2","value":"veryFakedStorageAccountKey==","permissions":"FULL"}]}'
    headers:
      cache-control:
      - no-cache
      content-length:
      - '260'
      content-type:
      - application/json
      date:
      - Fri, 16 Sep 2022 07:54:02 GMT
      expires:
      - '-1'
      pragma:
      - no-cache
      server:
      - Microsoft-Azure-Storage-Resource-Provider/1.0,Microsoft-HTTPAPI/2.0 Microsoft-HTTPAPI/2.0
      strict-transport-security:
      - max-age=31536000; includeSubDomains
      transfer-encoding:
      - chunked
      vary:
      - Accept-Encoding
      x-content-type-options:
      - nosniff
      x-ms-ratelimit-remaining-subscription-resource-requests:
      - '11998'
    status:
      code: 200
      message: OK
- request:
    body: '{"properties": {"retentionDays": 30, "auditActionsAndGroups": ["DATABASE_LOGOUT_GROUP",
      "DATABASE_ROLE_MEMBER_CHANGE_GROUP"], "isStorageSecondaryKeyInUse": false, "isAzureMonitorTargetEnabled":
      false, "isManagedIdentityInUse": false, "state": "Enabled", "storageEndpoint":
      "https://clitest000005.blob.core.windows.net/", "storageAccountAccessKey": "veryFakedStorageAccountKey==",
      "storageAccountSubscriptionId": "00000000-0000-0000-0000-000000000000"}}'
    headers:
      Accept:
      - application/json
      Accept-Encoding:
      - gzip, deflate
      CommandName:
      - sql server audit-policy update
      Connection:
      - keep-alive
      Content-Length:
      - '452'
      Content-Type:
      - application/json
      ParameterSetName:
      - -g -n --state --log-analytics-target-state
      User-Agent:
      - AZURECLI/2.40.0 azsdk-python-mgmt-sql/4.0.0b3 Python/3.10.6 (macOS-12.5.1-x86_64-i386-64bit)
    method: PUT
    uri: https://management.azure.com/subscriptions/00000000-0000-0000-0000-000000000000/resourceGroups/clitest.rg000001/providers/Microsoft.Sql/servers/clitestserver000003/auditingSettings/default?api-version=2021-11-01-preview
  response:
    body:
      string: '{"operation":"UpsertServerEngineAuditingPolicy","startTime":"2022-09-16T07:54:04.26Z"}'
    headers:
      azure-asyncoperation:
      - https://management.azure.com/subscriptions/00000000-0000-0000-0000-000000000000/providers/Microsoft.Sql/locations/westeurope/auditingSettingsAzureAsyncOperation/9a35c97b-8e12-4b43-a5b5-9500da7b17c7?api-version=2021-11-01-preview
      cache-control:
      - no-cache
      content-length:
      - '86'
      content-type:
      - application/json; charset=utf-8
      date:
      - Fri, 16 Sep 2022 07:54:04 GMT
      expires:
      - '-1'
      location:
      - https://management.azure.com/subscriptions/00000000-0000-0000-0000-000000000000/providers/Microsoft.Sql/locations/westeurope/auditingSettingsOperationResults/9a35c97b-8e12-4b43-a5b5-9500da7b17c7?api-version=2021-11-01-preview
      pragma:
      - no-cache
      server:
      - Microsoft-HTTPAPI/2.0
      strict-transport-security:
      - max-age=31536000; includeSubDomains
      x-content-type-options:
      - nosniff
      x-ms-ratelimit-remaining-subscription-writes:
      - '1198'
    status:
      code: 202
      message: Accepted
- request:
    body: null
    headers:
      Accept:
      - '*/*'
      Accept-Encoding:
      - gzip, deflate
      CommandName:
      - sql server audit-policy update
      Connection:
      - keep-alive
      ParameterSetName:
      - -g -n --state --log-analytics-target-state
      User-Agent:
      - AZURECLI/2.40.0 azsdk-python-mgmt-sql/4.0.0b3 Python/3.10.6 (macOS-12.5.1-x86_64-i386-64bit)
    method: GET
    uri: https://management.azure.com/subscriptions/00000000-0000-0000-0000-000000000000/providers/Microsoft.Sql/locations/westeurope/auditingSettingsAzureAsyncOperation/9a35c97b-8e12-4b43-a5b5-9500da7b17c7?api-version=2021-11-01-preview
  response:
    body:
      string: '{"name":"9a35c97b-8e12-4b43-a5b5-9500da7b17c7","status":"Succeeded","startTime":"2022-09-16T07:54:04.26Z"}'
    headers:
      cache-control:
      - no-cache
      content-length:
      - '106'
      content-type:
      - application/json; charset=utf-8
      date:
      - Fri, 16 Sep 2022 07:55:05 GMT
      expires:
      - '-1'
      pragma:
      - no-cache
      server:
      - Microsoft-HTTPAPI/2.0
      strict-transport-security:
      - max-age=31536000; includeSubDomains
      transfer-encoding:
      - chunked
      vary:
      - Accept-Encoding
      x-content-type-options:
      - nosniff
    status:
      code: 200
      message: OK
- request:
    body: null
    headers:
      Accept:
      - '*/*'
      Accept-Encoding:
      - gzip, deflate
      CommandName:
      - sql server audit-policy update
      Connection:
      - keep-alive
      ParameterSetName:
      - -g -n --state --log-analytics-target-state
      User-Agent:
      - AZURECLI/2.40.0 azsdk-python-mgmt-sql/4.0.0b3 Python/3.10.6 (macOS-12.5.1-x86_64-i386-64bit)
    method: GET
    uri: https://management.azure.com/subscriptions/00000000-0000-0000-0000-000000000000/resourceGroups/clitest.rg000001/providers/Microsoft.Sql/servers/clitestserver000003/auditingSettings/default?api-version=2021-11-01-preview
  response:
    body:
      string: '{"properties":{"retentionDays":30,"auditActionsAndGroups":["DATABASE_LOGOUT_GROUP","DATABASE_ROLE_MEMBER_CHANGE_GROUP"],"isStorageSecondaryKeyInUse":false,"isAzureMonitorTargetEnabled":false,"isManagedIdentityInUse":false,"state":"Enabled","storageEndpoint":"https://clitest000005.blob.core.windows.net/","storageAccountSubscriptionId":"00000000-0000-0000-0000-000000000000"},"id":"/subscriptions/00000000-0000-0000-0000-000000000000/resourceGroups/clitest.rg000001/providers/Microsoft.Sql/servers/clitestserver000003/auditingSettings/Default","name":"Default","type":"Microsoft.Sql/servers/auditingSettings"}'
    headers:
      cache-control:
      - no-cache
      content-length:
      - '609'
      content-type:
      - application/json; charset=utf-8
      date:
      - Fri, 16 Sep 2022 07:55:05 GMT
      expires:
      - '-1'
      pragma:
      - no-cache
      server:
      - Microsoft-HTTPAPI/2.0
      strict-transport-security:
      - max-age=31536000; includeSubDomains
      transfer-encoding:
      - chunked
      vary:
      - Accept-Encoding
      x-content-type-options:
      - nosniff
    status:
      code: 200
      message: OK
- request:
    body: null
    headers:
      Accept:
      - application/json
      Accept-Encoding:
      - gzip, deflate
      CommandName:
      - sql server audit-policy show
      Connection:
      - keep-alive
      ParameterSetName:
      - -g -n
      User-Agent:
      - AZURECLI/2.40.0 azsdk-python-mgmt-sql/4.0.0b3 Python/3.10.6 (macOS-12.5.1-x86_64-i386-64bit)
    method: GET
    uri: https://management.azure.com/subscriptions/00000000-0000-0000-0000-000000000000/resourceGroups/clitest.rg000001/providers/Microsoft.Sql/servers/clitestserver000003/auditingSettings/default?api-version=2021-11-01-preview
  response:
    body:
      string: '{"properties":{"retentionDays":30,"auditActionsAndGroups":["DATABASE_LOGOUT_GROUP","DATABASE_ROLE_MEMBER_CHANGE_GROUP"],"isStorageSecondaryKeyInUse":false,"isAzureMonitorTargetEnabled":false,"isManagedIdentityInUse":false,"state":"Enabled","storageEndpoint":"https://clitest000005.blob.core.windows.net/","storageAccountSubscriptionId":"00000000-0000-0000-0000-000000000000"},"id":"/subscriptions/00000000-0000-0000-0000-000000000000/resourceGroups/clitest.rg000001/providers/Microsoft.Sql/servers/clitestserver000003/auditingSettings/Default","name":"Default","type":"Microsoft.Sql/servers/auditingSettings"}'
    headers:
      cache-control:
      - no-cache
      content-length:
      - '609'
      content-type:
      - application/json; charset=utf-8
      date:
      - Fri, 16 Sep 2022 07:55:07 GMT
      expires:
      - '-1'
      pragma:
      - no-cache
      server:
      - Microsoft-HTTPAPI/2.0
      strict-transport-security:
      - max-age=31536000; includeSubDomains
      transfer-encoding:
      - chunked
      vary:
      - Accept-Encoding
      x-content-type-options:
      - nosniff
    status:
      code: 200
      message: OK
- request:
    body: null
    headers:
      Accept:
      - application/json
      Accept-Encoding:
      - gzip, deflate
      CommandName:
      - eventhubs namespace create
      Connection:
      - keep-alive
      ParameterSetName:
      - -g -n
      User-Agent:
      - AZURECLI/2.40.0 azsdk-python-azure-mgmt-resource/21.1.0b1 Python/3.10.6 (macOS-12.5.1-x86_64-i386-64bit)
    method: GET
    uri: https://management.azure.com/subscriptions/00000000-0000-0000-0000-000000000000/resourcegroups/clitest.rg000001?api-version=2021-04-01
  response:
    body:
      string: '{"id":"/subscriptions/00000000-0000-0000-0000-000000000000/resourceGroups/clitest.rg000001","name":"clitest.rg000001","type":"Microsoft.Resources/resourceGroups","location":"westeurope","tags":{"product":"azurecli","cause":"automation","date":"2022-09-16T07:46:16Z"},"properties":{"provisioningState":"Succeeded"}}'
    headers:
      cache-control:
      - no-cache
      content-length:
      - '314'
      content-type:
      - application/json; charset=utf-8
      date:
      - Fri, 16 Sep 2022 07:55:08 GMT
      expires:
      - '-1'
      pragma:
      - no-cache
      strict-transport-security:
      - max-age=31536000; includeSubDomains
      vary:
      - Accept-Encoding
      x-content-type-options:
      - nosniff
    status:
      code: 200
      message: OK
- request:
    body: '{"location": "westeurope", "sku": {"name": "Standard", "tier": "Standard"},
      "properties": {"publicNetworkAccess": "Enabled"}}'
    headers:
      Accept:
      - application/json
      Accept-Encoding:
      - gzip, deflate
      CommandName:
      - eventhubs namespace create
      Connection:
      - keep-alive
      Content-Length:
      - '125'
      Content-Type:
      - application/json
      ParameterSetName:
      - -g -n
      User-Agent:
      - AZURECLI/2.40.0 azsdk-python-azure-mgmt-eventhub/10.1.0 Python/3.10.6 (macOS-12.5.1-x86_64-i386-64bit)
    method: PUT
    uri: https://management.azure.com/subscriptions/00000000-0000-0000-0000-000000000000/resourceGroups/clitest.rg000001/providers/Microsoft.EventHub/namespaces/cliehnamespacedb01?api-version=2022-01-01-preview
  response:
    body:
      string: '{"sku":{"name":"Standard","tier":"Standard","capacity":1},"id":"/subscriptions/00000000-0000-0000-0000-000000000000/resourceGroups/clitest.rg000001/providers/Microsoft.EventHub/namespaces/cliehnamespacedb01","name":"cliehnamespacedb01","type":"Microsoft.EventHub/Namespaces","location":"West
        Europe","tags":{},"properties":{"minimumTlsVersion":"1.2","publicNetworkAccess":"Enabled","disableLocalAuth":false,"zoneRedundant":false,"isAutoInflateEnabled":false,"maximumThroughputUnits":0,"kafkaEnabled":true,"provisioningState":"Created","metricId":"0b1f6471-1bf0-4dda-aec3-cb9272f09590:cliehnamespacedb01","createdAt":"2022-09-16T07:55:17.207Z","updatedAt":"2022-09-16T07:55:17.207Z","serviceBusEndpoint":"https://cliehnamespacedb01.servicebus.windows.net:443/","status":"Activating"}}'
    headers:
      cache-control:
      - no-cache
      content-length:
      - '783'
      content-type:
      - application/json; charset=utf-8
      date:
      - Fri, 16 Sep 2022 07:55:18 GMT
      expires:
      - '-1'
      pragma:
      - no-cache
      server:
      - Service-Bus-Resource-Provider/CH3
      - Microsoft-HTTPAPI/2.0
      server-sb:
      - Service-Bus-Resource-Provider/CH3
      strict-transport-security:
      - max-age=31536000; includeSubDomains
      x-content-type-options:
      - nosniff
      x-ms-ratelimit-remaining-subscription-resource-requests:
      - '49'
    status:
      code: 200
      message: OK
- request:
    body: null
    headers:
      Accept:
      - '*/*'
      Accept-Encoding:
      - gzip, deflate
      CommandName:
      - eventhubs namespace create
      Connection:
      - keep-alive
      ParameterSetName:
      - -g -n
      User-Agent:
      - AZURECLI/2.40.0 azsdk-python-azure-mgmt-eventhub/10.1.0 Python/3.10.6 (macOS-12.5.1-x86_64-i386-64bit)
    method: GET
    uri: https://management.azure.com/subscriptions/00000000-0000-0000-0000-000000000000/resourceGroups/clitest.rg000001/providers/Microsoft.EventHub/namespaces/cliehnamespacedb01?api-version=2022-01-01-preview
  response:
    body:
      string: '{"sku":{"name":"Standard","tier":"Standard","capacity":1},"id":"/subscriptions/00000000-0000-0000-0000-000000000000/resourceGroups/clitest.rg000001/providers/Microsoft.EventHub/namespaces/cliehnamespacedb01","name":"cliehnamespacedb01","type":"Microsoft.EventHub/Namespaces","location":"West
        Europe","tags":{},"properties":{"minimumTlsVersion":"1.2","publicNetworkAccess":"Enabled","disableLocalAuth":false,"zoneRedundant":false,"isAutoInflateEnabled":false,"maximumThroughputUnits":0,"kafkaEnabled":true,"provisioningState":"Created","metricId":"0b1f6471-1bf0-4dda-aec3-cb9272f09590:cliehnamespacedb01","createdAt":"2022-09-16T07:55:17.207Z","updatedAt":"2022-09-16T07:55:17.207Z","serviceBusEndpoint":"https://cliehnamespacedb01.servicebus.windows.net:443/","status":"Activating"}}'
    headers:
      cache-control:
      - no-cache
      content-length:
      - '783'
      content-type:
      - application/json; charset=utf-8
      date:
      - Fri, 16 Sep 2022 07:55:49 GMT
      expires:
      - '-1'
      pragma:
      - no-cache
      server:
      - Service-Bus-Resource-Provider/CH3
      - Microsoft-HTTPAPI/2.0
      server-sb:
      - Service-Bus-Resource-Provider/CH3
      strict-transport-security:
      - max-age=31536000; includeSubDomains
      x-content-type-options:
      - nosniff
    status:
      code: 200
      message: OK
- request:
    body: null
    headers:
      Accept:
      - '*/*'
      Accept-Encoding:
      - gzip, deflate
      CommandName:
      - eventhubs namespace create
      Connection:
      - keep-alive
      ParameterSetName:
      - -g -n
      User-Agent:
      - AZURECLI/2.40.0 azsdk-python-azure-mgmt-eventhub/10.1.0 Python/3.10.6 (macOS-12.5.1-x86_64-i386-64bit)
    method: GET
    uri: https://management.azure.com/subscriptions/00000000-0000-0000-0000-000000000000/resourceGroups/clitest.rg000001/providers/Microsoft.EventHub/namespaces/cliehnamespacedb01?api-version=2022-01-01-preview
  response:
    body:
      string: '{"sku":{"name":"Standard","tier":"Standard","capacity":1},"id":"/subscriptions/00000000-0000-0000-0000-000000000000/resourceGroups/clitest.rg000001/providers/Microsoft.EventHub/namespaces/cliehnamespacedb01","name":"cliehnamespacedb01","type":"Microsoft.EventHub/Namespaces","location":"West
        Europe","tags":{},"properties":{"minimumTlsVersion":"1.2","publicNetworkAccess":"Enabled","disableLocalAuth":false,"zoneRedundant":false,"isAutoInflateEnabled":false,"maximumThroughputUnits":0,"kafkaEnabled":true,"provisioningState":"Succeeded","metricId":"0b1f6471-1bf0-4dda-aec3-cb9272f09590:cliehnamespacedb01","createdAt":"2022-09-16T07:55:17.207Z","updatedAt":"2022-09-16T07:56:13.347Z","serviceBusEndpoint":"https://cliehnamespacedb01.servicebus.windows.net:443/","status":"Active"}}'
    headers:
      cache-control:
      - no-cache
      content-length:
      - '781'
      content-type:
      - application/json; charset=utf-8
      date:
      - Fri, 16 Sep 2022 07:56:20 GMT
      expires:
      - '-1'
      pragma:
      - no-cache
      server:
      - Service-Bus-Resource-Provider/CH3
      - Microsoft-HTTPAPI/2.0
      server-sb:
      - Service-Bus-Resource-Provider/CH3
      strict-transport-security:
      - max-age=31536000; includeSubDomains
      x-content-type-options:
      - nosniff
    status:
      code: 200
      message: OK
- request:
    body: null
    headers:
      Accept:
      - application/json
      Accept-Encoding:
      - gzip, deflate
      CommandName:
      - eventhubs namespace create
      Connection:
      - keep-alive
      ParameterSetName:
      - -g -n
      User-Agent:
      - AZURECLI/2.40.0 azsdk-python-azure-mgmt-eventhub/10.1.0 Python/3.10.6 (macOS-12.5.1-x86_64-i386-64bit)
    method: GET
    uri: https://management.azure.com/subscriptions/00000000-0000-0000-0000-000000000000/resourceGroups/clitest.rg000001/providers/Microsoft.EventHub/namespaces/cliehnamespacedb01?api-version=2022-01-01-preview
  response:
    body:
      string: '{"sku":{"name":"Standard","tier":"Standard","capacity":1},"id":"/subscriptions/00000000-0000-0000-0000-000000000000/resourceGroups/clitest.rg000001/providers/Microsoft.EventHub/namespaces/cliehnamespacedb01","name":"cliehnamespacedb01","type":"Microsoft.EventHub/Namespaces","location":"West
        Europe","tags":{},"properties":{"minimumTlsVersion":"1.2","publicNetworkAccess":"Enabled","disableLocalAuth":false,"zoneRedundant":false,"isAutoInflateEnabled":false,"maximumThroughputUnits":0,"kafkaEnabled":true,"provisioningState":"Succeeded","metricId":"0b1f6471-1bf0-4dda-aec3-cb9272f09590:cliehnamespacedb01","createdAt":"2022-09-16T07:55:17.207Z","updatedAt":"2022-09-16T07:56:13.347Z","serviceBusEndpoint":"https://cliehnamespacedb01.servicebus.windows.net:443/","status":"Active"}}'
    headers:
      cache-control:
      - no-cache
      content-length:
      - '781'
      content-type:
      - application/json; charset=utf-8
      date:
      - Fri, 16 Sep 2022 07:56:20 GMT
      expires:
      - '-1'
      pragma:
      - no-cache
      server:
      - Service-Bus-Resource-Provider/CH3
      - Microsoft-HTTPAPI/2.0
      server-sb:
      - Service-Bus-Resource-Provider/CH3
      strict-transport-security:
      - max-age=31536000; includeSubDomains
      x-content-type-options:
      - nosniff
    status:
      code: 200
      message: OK
- request:
    body: '{}'
    headers:
      Accept:
      - application/json
      Accept-Encoding:
      - gzip, deflate
      CommandName:
      - eventhubs eventhub create
      Connection:
      - keep-alive
      Content-Length:
      - '2'
      Content-Type:
      - application/json
      ParameterSetName:
      - -g -n --namespace-name
      User-Agent:
      - AZURECLI/2.40.0 azsdk-python-azure-mgmt-eventhub/10.1.0 Python/3.10.6 (macOS-12.5.1-x86_64-i386-64bit)
    method: PUT
    uri: https://management.azure.com/subscriptions/00000000-0000-0000-0000-000000000000/resourceGroups/clitest.rg000001/providers/Microsoft.EventHub/namespaces/cliehnamespacedb01/eventhubs/cliehsrv01?api-version=2022-01-01-preview
  response:
    body:
      string: '{"id":"/subscriptions/00000000-0000-0000-0000-000000000000/resourceGroups/clitest.rg000001/providers/Microsoft.EventHub/namespaces/cliehnamespacedb01/eventhubs/cliehsrv01","name":"cliehsrv01","type":"Microsoft.EventHub/Namespaces/EventHubs","location":"westeurope","properties":{"messageRetentionInDays":7,"partitionCount":4,"status":"Active","createdAt":"2022-09-16T07:56:24.36Z","updatedAt":"2022-09-16T07:56:24.65Z","partitionIds":["0","1","2","3"]}}'
    headers:
      cache-control:
      - no-cache
      content-length:
      - '453'
      content-type:
      - application/json; charset=utf-8
      date:
      - Fri, 16 Sep 2022 07:56:24 GMT
      expires:
      - '-1'
      pragma:
      - no-cache
      server:
      - Microsoft-HTTPAPI/2.0
      strict-transport-security:
      - max-age=31536000; includeSubDomains
      transfer-encoding:
      - chunked
      vary:
      - Accept-Encoding
      x-content-type-options:
      - nosniff
      x-ms-ratelimit-remaining-subscription-writes:
      - '1197'
    status:
      code: 200
      message: OK
- request:
    body: '{"properties": {"rights": ["Send", "Manage", "Listen"]}}'
    headers:
      Accept:
      - application/json
      Accept-Encoding:
      - gzip, deflate
      CommandName:
      - eventhubs namespace authorization-rule create
      Connection:
      - keep-alive
      Content-Length:
      - '56'
      Content-Type:
      - application/json
      ParameterSetName:
      - -g -n --namespace-name --rights
      User-Agent:
      - AZURECLI/2.40.0 azsdk-python-azure-mgmt-eventhub/10.1.0 Python/3.10.6 (macOS-12.5.1-x86_64-i386-64bit)
    method: PUT
    uri: https://management.azure.com/subscriptions/00000000-0000-0000-0000-000000000000/resourceGroups/clitest.rg000001/providers/Microsoft.EventHub/namespaces/cliehnamespacedb01/authorizationRules/cliehauthruledb01?api-version=2022-01-01-preview
  response:
    body:
      string: '{"id":"/subscriptions/00000000-0000-0000-0000-000000000000/resourceGroups/clitest.rg000001/providers/Microsoft.EventHub/namespaces/cliehnamespacedb01/authorizationRules/cliehauthruledb01","name":"cliehauthruledb01","type":"Microsoft.EventHub/Namespaces/AuthorizationRules","location":"West
        Europe","properties":{"rights":["Send","Manage","Listen"]}}'
    headers:
      cache-control:
      - no-cache
      content-length:
      - '349'
      content-type:
      - application/json; charset=utf-8
      date:
      - Fri, 16 Sep 2022 07:56:32 GMT
      expires:
      - '-1'
      pragma:
      - no-cache
      server:
      - Service-Bus-Resource-Provider/SN1
      - Microsoft-HTTPAPI/2.0
      server-sb:
      - Service-Bus-Resource-Provider/SN1
      strict-transport-security:
      - max-age=31536000; includeSubDomains
      transfer-encoding:
      - chunked
      vary:
      - Accept-Encoding
      x-content-type-options:
      - nosniff
      x-ms-ratelimit-remaining-subscription-writes:
      - '1196'
    status:
      code: 200
      message: OK
- request:
    body: null
    headers:
      Accept:
      - application/json
      Accept-Encoding:
      - gzip, deflate
      CommandName:
      - sql server audit-policy update
      Connection:
      - keep-alive
      ParameterSetName:
      - -g -n --state --event-hub-target-state --event-hub-authorization-rule-id --event-hub
      User-Agent:
      - AZURECLI/2.40.0 azsdk-python-mgmt-sql/4.0.0b3 Python/3.10.6 (macOS-12.5.1-x86_64-i386-64bit)
    method: GET
    uri: https://management.azure.com/subscriptions/00000000-0000-0000-0000-000000000000/resourceGroups/clitest.rg000001/providers/Microsoft.Sql/servers/clitestserver000003/auditingSettings/default?api-version=2021-11-01-preview
  response:
    body:
      string: '{"properties":{"retentionDays":30,"auditActionsAndGroups":["DATABASE_LOGOUT_GROUP","DATABASE_ROLE_MEMBER_CHANGE_GROUP"],"isStorageSecondaryKeyInUse":false,"isAzureMonitorTargetEnabled":false,"isManagedIdentityInUse":false,"state":"Enabled","storageEndpoint":"https://clitest000005.blob.core.windows.net/","storageAccountSubscriptionId":"00000000-0000-0000-0000-000000000000"},"id":"/subscriptions/00000000-0000-0000-0000-000000000000/resourceGroups/clitest.rg000001/providers/Microsoft.Sql/servers/clitestserver000003/auditingSettings/Default","name":"Default","type":"Microsoft.Sql/servers/auditingSettings"}'
    headers:
      cache-control:
      - no-cache
      content-length:
      - '609'
      content-type:
      - application/json; charset=utf-8
      date:
      - Fri, 16 Sep 2022 07:56:33 GMT
      expires:
      - '-1'
      pragma:
      - no-cache
      server:
      - Microsoft-HTTPAPI/2.0
      strict-transport-security:
      - max-age=31536000; includeSubDomains
      transfer-encoding:
      - chunked
      vary:
      - Accept-Encoding
      x-content-type-options:
      - nosniff
    status:
      code: 200
      message: OK
- request:
    body: null
    headers:
      Accept:
      - application/json
      Accept-Encoding:
      - gzip, deflate
      CommandName:
      - sql server audit-policy update
      Connection:
      - keep-alive
      ParameterSetName:
      - -g -n --state --event-hub-target-state --event-hub-authorization-rule-id --event-hub
      User-Agent:
      - AZURECLI/2.40.0 azsdk-python-azure-mgmt-monitor/4.0.1 Python/3.10.6 (macOS-12.5.1-x86_64-i386-64bit)
    method: GET
    uri: https://management.azure.com/subscriptions/00000000-0000-0000-0000-000000000000/resourceGroups/clitest.rg000001/providers/Microsoft.Sql/servers/clitestserver000003/databases/master/providers/Microsoft.Insights/diagnosticSettings?api-version=2021-05-01-preview
  response:
    body:
      string: '{"value":[]}'
    headers:
      cache-control:
      - no-cache
      content-length:
      - '12'
      content-type:
      - application/json; charset=utf-8
      date:
      - Fri, 16 Sep 2022 07:56:36 GMT
      expires:
      - '-1'
      pragma:
      - no-cache
      server:
      - Microsoft-IIS/10.0
      strict-transport-security:
      - max-age=31536000; includeSubDomains
      transfer-encoding:
      - chunked
      vary:
      - Accept-Encoding
      x-content-type-options:
      - nosniff
    status:
      code: 200
      message: OK
- request:
    body: '{"properties": {"eventHubAuthorizationRuleId": "/subscriptions/00000000-0000-0000-0000-000000000000/resourceGroups/clitest.rg000001/providers/Microsoft.EventHub/namespaces/cliehnamespacedb01/authorizationRules/cliehauthruledb01",
      "eventHubName": "cliehsrv01", "logs": [{"category": "SQLSecurityAuditEvents",
      "enabled": true, "retentionPolicy": {"enabled": false, "days": 0}}]}}'
    headers:
      Accept:
      - application/json
      Accept-Encoding:
      - gzip, deflate
      CommandName:
      - sql server audit-policy update
      Connection:
      - keep-alive
      Content-Length:
      - '377'
      Content-Type:
      - application/json
      ParameterSetName:
      - -g -n --state --event-hub-target-state --event-hub-authorization-rule-id --event-hub
      User-Agent:
      - AZURECLI/2.40.0 azsdk-python-azure-mgmt-monitor/4.0.1 Python/3.10.6 (macOS-12.5.1-x86_64-i386-64bit)
    method: PUT
    uri: https://management.azure.com/subscriptions/00000000-0000-0000-0000-000000000000/resourceGroups/clitest.rg000001/providers/Microsoft.Sql/servers/clitestserver000003/databases/master/providers/Microsoft.Insights/diagnosticSettings/SQLSecurityAuditEvents_EventHub?api-version=2021-05-01-preview
  response:
    body:
      string: '{"id":"/subscriptions/00000000-0000-0000-0000-000000000000/resourcegroups/clitest.rg000001/providers/microsoft.sql/servers/clitestserver000003/databases/master/providers/microsoft.insights/diagnosticSettings/SQLSecurityAuditEvents_EventHub","type":"Microsoft.Insights/diagnosticSettings","name":"SQLSecurityAuditEvents_EventHub","location":null,"kind":null,"tags":null,"properties":{"storageAccountId":null,"serviceBusRuleId":null,"workspaceId":null,"eventHubAuthorizationRuleId":"/subscriptions/00000000-0000-0000-0000-000000000000/resourceGroups/clitest.rg000001/providers/Microsoft.EventHub/namespaces/cliehnamespacedb01/authorizationRules/cliehauthruledb01","eventHubName":"cliehsrv01","metrics":[],"logs":[{"category":"SQLSecurityAuditEvents","categoryGroup":null,"enabled":true,"retentionPolicy":{"enabled":false,"days":0}}],"logAnalyticsDestinationType":null},"identity":null}'
    headers:
      cache-control:
      - no-cache
      content-length:
      - '883'
      content-type:
      - application/json; charset=utf-8
      date:
      - Fri, 16 Sep 2022 07:56:47 GMT
      expires:
      - '-1'
      pragma:
      - no-cache
      server:
      - Microsoft-IIS/10.0
      strict-transport-security:
      - max-age=31536000; includeSubDomains
      transfer-encoding:
      - chunked
      vary:
      - Accept-Encoding
      x-content-type-options:
      - nosniff
      x-ms-ratelimit-remaining-subscription-resource-requests:
      - '149'
    status:
      code: 200
      message: OK
- request:
    body: null
    headers:
      Accept:
      - application/json
      Accept-Encoding:
      - gzip, deflate
      CommandName:
      - sql server audit-policy update
      Connection:
      - keep-alive
      ParameterSetName:
      - -g -n --state --event-hub-target-state --event-hub-authorization-rule-id --event-hub
      User-Agent:
      - AZURECLI/2.40.0 azsdk-python-azure-mgmt-resource/21.1.0b1 Python/3.10.6 (macOS-12.5.1-x86_64-i386-64bit)
    method: GET
    uri: https://management.azure.com/subscriptions/00000000-0000-0000-0000-000000000000/resources?$filter=name%20eq%20%27clitest000005%27%20and%20%28resourceType%20eq%20%27Microsoft.Storage%2FstorageAccounts%27%20or%20resourceType%20eq%20%27Microsoft.ClassicStorage%2FstorageAccounts%27%29&api-version=2021-04-01
  response:
    body:
      string: '{"value":[{"id":"/subscriptions/00000000-0000-0000-0000-000000000000/resourceGroups/clitest.rg000002/providers/Microsoft.Storage/storageAccounts/clitest000005","name":"clitest000005","type":"Microsoft.Storage/storageAccounts","sku":{"name":"Standard_LRS","tier":"Standard"},"kind":"Storage","location":"westus","tags":{}}]}'
    headers:
      cache-control:
      - no-cache
      content-length:
      - '323'
      content-type:
      - application/json; charset=utf-8
      date:
      - Fri, 16 Sep 2022 07:56:48 GMT
      expires:
      - '-1'
      pragma:
      - no-cache
      strict-transport-security:
      - max-age=31536000; includeSubDomains
      vary:
      - Accept-Encoding
      x-content-type-options:
      - nosniff
    status:
      code: 200
      message: OK
- request:
    body: null
    headers:
      Accept:
      - application/json
      Accept-Encoding:
      - gzip, deflate
      CommandName:
      - sql server audit-policy update
      Connection:
      - keep-alive
      Content-Length:
      - '0'
      ParameterSetName:
      - -g -n --state --event-hub-target-state --event-hub-authorization-rule-id --event-hub
      User-Agent:
      - AZURECLI/2.40.0 azsdk-python-azure-mgmt-storage/20.1.0 Python/3.10.6 (macOS-12.5.1-x86_64-i386-64bit)
    method: POST
    uri: https://management.azure.com/subscriptions/00000000-0000-0000-0000-000000000000/resourceGroups/clitest.rg000002/providers/Microsoft.Storage/storageAccounts/clitest000005/listKeys?api-version=2022-05-01&$expand=kerb
  response:
    body:
      string: '{"keys":[{"creationTime":"2022-09-16T07:48:12.7844108Z","keyName":"key1","value":"veryFakedStorageAccountKey==","permissions":"FULL"},{"creationTime":"2022-09-16T07:48:12.7844108Z","keyName":"key2","value":"veryFakedStorageAccountKey==","permissions":"FULL"}]}'
    headers:
      cache-control:
      - no-cache
      content-length:
      - '260'
      content-type:
      - application/json
      date:
      - Fri, 16 Sep 2022 07:56:49 GMT
      expires:
      - '-1'
      pragma:
      - no-cache
      server:
      - Microsoft-Azure-Storage-Resource-Provider/1.0,Microsoft-HTTPAPI/2.0 Microsoft-HTTPAPI/2.0
      strict-transport-security:
      - max-age=31536000; includeSubDomains
      transfer-encoding:
      - chunked
      vary:
      - Accept-Encoding
      x-content-type-options:
      - nosniff
      x-ms-ratelimit-remaining-subscription-resource-requests:
      - '11998'
    status:
      code: 200
      message: OK
- request:
    body: '{"properties": {"retentionDays": 30, "auditActionsAndGroups": ["DATABASE_LOGOUT_GROUP",
      "DATABASE_ROLE_MEMBER_CHANGE_GROUP"], "isStorageSecondaryKeyInUse": false, "isAzureMonitorTargetEnabled":
      true, "isManagedIdentityInUse": false, "state": "Enabled", "storageEndpoint":
      "https://clitest000005.blob.core.windows.net/", "storageAccountAccessKey": "veryFakedStorageAccountKey==",
      "storageAccountSubscriptionId": "00000000-0000-0000-0000-000000000000"}}'
    headers:
      Accept:
      - application/json
      Accept-Encoding:
      - gzip, deflate
      CommandName:
      - sql server audit-policy update
      Connection:
      - keep-alive
      Content-Length:
      - '451'
      Content-Type:
      - application/json
      ParameterSetName:
      - -g -n --state --event-hub-target-state --event-hub-authorization-rule-id --event-hub
      User-Agent:
      - AZURECLI/2.40.0 azsdk-python-mgmt-sql/4.0.0b3 Python/3.10.6 (macOS-12.5.1-x86_64-i386-64bit)
    method: PUT
    uri: https://management.azure.com/subscriptions/00000000-0000-0000-0000-000000000000/resourceGroups/clitest.rg000001/providers/Microsoft.Sql/servers/clitestserver000003/auditingSettings/default?api-version=2021-11-01-preview
  response:
    body:
      string: '{"operation":"UpsertServerEngineAuditingPolicy","startTime":"2022-09-16T07:56:51.573Z"}'
    headers:
      azure-asyncoperation:
      - https://management.azure.com/subscriptions/00000000-0000-0000-0000-000000000000/providers/Microsoft.Sql/locations/westeurope/auditingSettingsAzureAsyncOperation/6315bcec-bb86-491b-a02b-fba81042e62d?api-version=2021-11-01-preview
      cache-control:
      - no-cache
      content-length:
      - '87'
      content-type:
      - application/json; charset=utf-8
      date:
      - Fri, 16 Sep 2022 07:56:51 GMT
      expires:
      - '-1'
      location:
      - https://management.azure.com/subscriptions/00000000-0000-0000-0000-000000000000/providers/Microsoft.Sql/locations/westeurope/auditingSettingsOperationResults/6315bcec-bb86-491b-a02b-fba81042e62d?api-version=2021-11-01-preview
      pragma:
      - no-cache
      server:
      - Microsoft-HTTPAPI/2.0
      strict-transport-security:
      - max-age=31536000; includeSubDomains
      x-content-type-options:
      - nosniff
      x-ms-ratelimit-remaining-subscription-writes:
      - '1197'
    status:
      code: 202
      message: Accepted
- request:
    body: null
    headers:
      Accept:
      - '*/*'
      Accept-Encoding:
      - gzip, deflate
      CommandName:
      - sql server audit-policy update
      Connection:
      - keep-alive
      ParameterSetName:
      - -g -n --state --event-hub-target-state --event-hub-authorization-rule-id --event-hub
      User-Agent:
      - AZURECLI/2.40.0 azsdk-python-mgmt-sql/4.0.0b3 Python/3.10.6 (macOS-12.5.1-x86_64-i386-64bit)
    method: GET
    uri: https://management.azure.com/subscriptions/00000000-0000-0000-0000-000000000000/providers/Microsoft.Sql/locations/westeurope/auditingSettingsAzureAsyncOperation/6315bcec-bb86-491b-a02b-fba81042e62d?api-version=2021-11-01-preview
  response:
    body:
      string: '{"name":"6315bcec-bb86-491b-a02b-fba81042e62d","status":"Succeeded","startTime":"2022-09-16T07:56:51.573Z"}'
    headers:
      cache-control:
      - no-cache
      content-length:
      - '107'
      content-type:
      - application/json; charset=utf-8
      date:
      - Fri, 16 Sep 2022 07:57:51 GMT
      expires:
      - '-1'
      pragma:
      - no-cache
      server:
      - Microsoft-HTTPAPI/2.0
      strict-transport-security:
      - max-age=31536000; includeSubDomains
      transfer-encoding:
      - chunked
      vary:
      - Accept-Encoding
      x-content-type-options:
      - nosniff
    status:
      code: 200
      message: OK
- request:
    body: null
    headers:
      Accept:
      - '*/*'
      Accept-Encoding:
      - gzip, deflate
      CommandName:
      - sql server audit-policy update
      Connection:
      - keep-alive
      ParameterSetName:
      - -g -n --state --event-hub-target-state --event-hub-authorization-rule-id --event-hub
      User-Agent:
      - AZURECLI/2.40.0 azsdk-python-mgmt-sql/4.0.0b3 Python/3.10.6 (macOS-12.5.1-x86_64-i386-64bit)
    method: GET
    uri: https://management.azure.com/subscriptions/00000000-0000-0000-0000-000000000000/resourceGroups/clitest.rg000001/providers/Microsoft.Sql/servers/clitestserver000003/auditingSettings/default?api-version=2021-11-01-preview
  response:
    body:
      string: '{"properties":{"retentionDays":30,"auditActionsAndGroups":["DATABASE_LOGOUT_GROUP","DATABASE_ROLE_MEMBER_CHANGE_GROUP"],"isStorageSecondaryKeyInUse":false,"isAzureMonitorTargetEnabled":true,"isManagedIdentityInUse":false,"state":"Enabled","storageEndpoint":"https://clitest000005.blob.core.windows.net/","storageAccountSubscriptionId":"00000000-0000-0000-0000-000000000000"},"id":"/subscriptions/00000000-0000-0000-0000-000000000000/resourceGroups/clitest.rg000001/providers/Microsoft.Sql/servers/clitestserver000003/auditingSettings/Default","name":"Default","type":"Microsoft.Sql/servers/auditingSettings"}'
    headers:
      cache-control:
      - no-cache
      content-length:
      - '608'
      content-type:
      - application/json; charset=utf-8
      date:
      - Fri, 16 Sep 2022 07:57:51 GMT
      expires:
      - '-1'
      pragma:
      - no-cache
      server:
      - Microsoft-HTTPAPI/2.0
      strict-transport-security:
      - max-age=31536000; includeSubDomains
      transfer-encoding:
      - chunked
      vary:
      - Accept-Encoding
      x-content-type-options:
      - nosniff
    status:
      code: 200
      message: OK
- request:
    body: null
    headers:
      Accept:
      - application/json
      Accept-Encoding:
      - gzip, deflate
      CommandName:
      - sql server audit-policy show
      Connection:
      - keep-alive
      ParameterSetName:
      - -g -n
      User-Agent:
      - AZURECLI/2.40.0 azsdk-python-mgmt-sql/4.0.0b3 Python/3.10.6 (macOS-12.5.1-x86_64-i386-64bit)
    method: GET
    uri: https://management.azure.com/subscriptions/00000000-0000-0000-0000-000000000000/resourceGroups/clitest.rg000001/providers/Microsoft.Sql/servers/clitestserver000003/auditingSettings/default?api-version=2021-11-01-preview
  response:
    body:
      string: '{"properties":{"retentionDays":30,"auditActionsAndGroups":["DATABASE_LOGOUT_GROUP","DATABASE_ROLE_MEMBER_CHANGE_GROUP"],"isStorageSecondaryKeyInUse":false,"isAzureMonitorTargetEnabled":true,"isManagedIdentityInUse":false,"state":"Enabled","storageEndpoint":"https://clitest000005.blob.core.windows.net/","storageAccountSubscriptionId":"00000000-0000-0000-0000-000000000000"},"id":"/subscriptions/00000000-0000-0000-0000-000000000000/resourceGroups/clitest.rg000001/providers/Microsoft.Sql/servers/clitestserver000003/auditingSettings/Default","name":"Default","type":"Microsoft.Sql/servers/auditingSettings"}'
    headers:
      cache-control:
      - no-cache
      content-length:
      - '608'
      content-type:
      - application/json; charset=utf-8
      date:
      - Fri, 16 Sep 2022 07:57:53 GMT
      expires:
      - '-1'
      pragma:
      - no-cache
      server:
      - Microsoft-HTTPAPI/2.0
      strict-transport-security:
      - max-age=31536000; includeSubDomains
      transfer-encoding:
      - chunked
      vary:
      - Accept-Encoding
      x-content-type-options:
      - nosniff
    status:
      code: 200
      message: OK
- request:
    body: null
    headers:
      Accept:
      - application/json
      Accept-Encoding:
      - gzip, deflate
      CommandName:
      - sql server audit-policy show
      Connection:
      - keep-alive
      ParameterSetName:
      - -g -n
      User-Agent:
      - AZURECLI/2.40.0 azsdk-python-azure-mgmt-monitor/4.0.1 Python/3.10.6 (macOS-12.5.1-x86_64-i386-64bit)
    method: GET
    uri: https://management.azure.com/subscriptions/00000000-0000-0000-0000-000000000000/resourceGroups/clitest.rg000001/providers/Microsoft.Sql/servers/clitestserver000003/databases/master/providers/Microsoft.Insights/diagnosticSettings?api-version=2021-05-01-preview
  response:
    body:
      string: '{"value":[{"id":"/subscriptions/00000000-0000-0000-0000-000000000000/resourcegroups/clitest.rg000001/providers/microsoft.sql/servers/clitestserver000003/databases/master/providers/microsoft.insights/diagnosticSettings/SQLSecurityAuditEvents_EventHub","type":"Microsoft.Insights/diagnosticSettings","name":"SQLSecurityAuditEvents_EventHub","location":null,"kind":null,"tags":null,"properties":{"storageAccountId":null,"serviceBusRuleId":null,"workspaceId":null,"eventHubAuthorizationRuleId":"/subscriptions/00000000-0000-0000-0000-000000000000/resourceGroups/clitest.rg000001/providers/Microsoft.EventHub/namespaces/cliehnamespacedb01/authorizationRules/cliehauthruledb01","eventHubName":"cliehsrv01","metrics":[],"logs":[{"category":"SQLSecurityAuditEvents","categoryGroup":null,"enabled":true,"retentionPolicy":{"enabled":false,"days":0}}],"logAnalyticsDestinationType":null},"identity":null}]}'
    headers:
      cache-control:
      - no-cache
      content-length:
      - '895'
      content-type:
      - application/json; charset=utf-8
      date:
      - Fri, 16 Sep 2022 07:57:56 GMT
      expires:
      - '-1'
      pragma:
      - no-cache
      server:
      - Microsoft-IIS/10.0
      strict-transport-security:
      - max-age=31536000; includeSubDomains
      transfer-encoding:
      - chunked
      vary:
      - Accept-Encoding
      x-content-type-options:
      - nosniff
    status:
      code: 200
      message: OK
- request:
    body: null
    headers:
      Accept:
      - application/json
      Accept-Encoding:
      - gzip, deflate
      CommandName:
      - sql server audit-policy update
      Connection:
      - keep-alive
      ParameterSetName:
      - -g -n --state --event-hub-target-state
      User-Agent:
      - AZURECLI/2.40.0 azsdk-python-mgmt-sql/4.0.0b3 Python/3.10.6 (macOS-12.5.1-x86_64-i386-64bit)
    method: GET
    uri: https://management.azure.com/subscriptions/00000000-0000-0000-0000-000000000000/resourceGroups/clitest.rg000001/providers/Microsoft.Sql/servers/clitestserver000003/auditingSettings/default?api-version=2021-11-01-preview
  response:
    body:
      string: '{"properties":{"retentionDays":30,"auditActionsAndGroups":["DATABASE_LOGOUT_GROUP","DATABASE_ROLE_MEMBER_CHANGE_GROUP"],"isStorageSecondaryKeyInUse":false,"isAzureMonitorTargetEnabled":true,"isManagedIdentityInUse":false,"state":"Enabled","storageEndpoint":"https://clitest000005.blob.core.windows.net/","storageAccountSubscriptionId":"00000000-0000-0000-0000-000000000000"},"id":"/subscriptions/00000000-0000-0000-0000-000000000000/resourceGroups/clitest.rg000001/providers/Microsoft.Sql/servers/clitestserver000003/auditingSettings/Default","name":"Default","type":"Microsoft.Sql/servers/auditingSettings"}'
    headers:
      cache-control:
      - no-cache
      content-length:
      - '608'
      content-type:
      - application/json; charset=utf-8
      date:
      - Fri, 16 Sep 2022 07:57:58 GMT
      expires:
      - '-1'
      pragma:
      - no-cache
      server:
      - Microsoft-HTTPAPI/2.0
      strict-transport-security:
      - max-age=31536000; includeSubDomains
      transfer-encoding:
      - chunked
      vary:
      - Accept-Encoding
      x-content-type-options:
      - nosniff
    status:
      code: 200
      message: OK
- request:
    body: null
    headers:
      Accept:
      - application/json
      Accept-Encoding:
      - gzip, deflate
      CommandName:
      - sql server audit-policy update
      Connection:
      - keep-alive
      ParameterSetName:
      - -g -n --state --event-hub-target-state
      User-Agent:
      - AZURECLI/2.40.0 azsdk-python-azure-mgmt-monitor/4.0.1 Python/3.10.6 (macOS-12.5.1-x86_64-i386-64bit)
    method: GET
    uri: https://management.azure.com/subscriptions/00000000-0000-0000-0000-000000000000/resourceGroups/clitest.rg000001/providers/Microsoft.Sql/servers/clitestserver000003/databases/master/providers/Microsoft.Insights/diagnosticSettings?api-version=2021-05-01-preview
  response:
    body:
      string: '{"value":[{"id":"/subscriptions/00000000-0000-0000-0000-000000000000/resourcegroups/clitest.rg000001/providers/microsoft.sql/servers/clitestserver000003/databases/master/providers/microsoft.insights/diagnosticSettings/SQLSecurityAuditEvents_EventHub","type":"Microsoft.Insights/diagnosticSettings","name":"SQLSecurityAuditEvents_EventHub","location":null,"kind":null,"tags":null,"properties":{"storageAccountId":null,"serviceBusRuleId":null,"workspaceId":null,"eventHubAuthorizationRuleId":"/subscriptions/00000000-0000-0000-0000-000000000000/resourceGroups/clitest.rg000001/providers/Microsoft.EventHub/namespaces/cliehnamespacedb01/authorizationRules/cliehauthruledb01","eventHubName":"cliehsrv01","metrics":[],"logs":[{"category":"SQLSecurityAuditEvents","categoryGroup":null,"enabled":true,"retentionPolicy":{"enabled":false,"days":0}}],"logAnalyticsDestinationType":null},"identity":null}]}'
    headers:
      cache-control:
      - no-cache
      content-length:
      - '895'
      content-type:
      - application/json; charset=utf-8
      date:
      - Fri, 16 Sep 2022 07:58:00 GMT
      expires:
      - '-1'
      pragma:
      - no-cache
      server:
      - Microsoft-IIS/10.0
      strict-transport-security:
      - max-age=31536000; includeSubDomains
      transfer-encoding:
      - chunked
      vary:
      - Accept-Encoding
      x-content-type-options:
      - nosniff
    status:
      code: 200
      message: OK
- request:
    body: null
    headers:
      Accept:
      - application/json
      Accept-Encoding:
      - gzip, deflate
      CommandName:
      - sql server audit-policy update
      Connection:
      - keep-alive
      Content-Length:
      - '0'
      ParameterSetName:
      - -g -n --state --event-hub-target-state
      User-Agent:
      - AZURECLI/2.40.0 azsdk-python-azure-mgmt-monitor/4.0.1 Python/3.10.6 (macOS-12.5.1-x86_64-i386-64bit)
    method: DELETE
    uri: https://management.azure.com/subscriptions/00000000-0000-0000-0000-000000000000/resourceGroups/clitest.rg000001/providers/Microsoft.Sql/servers/clitestserver000003/databases/master/providers/Microsoft.Insights/diagnosticSettings/SQLSecurityAuditEvents_EventHub?api-version=2021-05-01-preview
  response:
    body:
      string: ''
    headers:
      cache-control:
      - no-cache
      content-length:
      - '0'
      date:
      - Fri, 16 Sep 2022 07:58:08 GMT
      expires:
      - '-1'
      pragma:
      - no-cache
      server:
      - Microsoft-IIS/10.0
      strict-transport-security:
      - max-age=31536000; includeSubDomains
      x-content-type-options:
      - nosniff
      x-ms-ratelimit-remaining-subscription-deletes:
      - '14999'
    status:
      code: 200
      message: OK
- request:
    body: null
    headers:
      Accept:
      - application/json
      Accept-Encoding:
      - gzip, deflate
      CommandName:
      - sql server audit-policy update
      Connection:
      - keep-alive
      ParameterSetName:
      - -g -n --state --event-hub-target-state
      User-Agent:
      - AZURECLI/2.40.0 azsdk-python-azure-mgmt-resource/21.1.0b1 Python/3.10.6 (macOS-12.5.1-x86_64-i386-64bit)
    method: GET
    uri: https://management.azure.com/subscriptions/00000000-0000-0000-0000-000000000000/resources?$filter=name%20eq%20%27clitest000005%27%20and%20%28resourceType%20eq%20%27Microsoft.Storage%2FstorageAccounts%27%20or%20resourceType%20eq%20%27Microsoft.ClassicStorage%2FstorageAccounts%27%29&api-version=2021-04-01
  response:
    body:
      string: '{"value":[{"id":"/subscriptions/00000000-0000-0000-0000-000000000000/resourceGroups/clitest.rg000002/providers/Microsoft.Storage/storageAccounts/clitest000005","name":"clitest000005","type":"Microsoft.Storage/storageAccounts","sku":{"name":"Standard_LRS","tier":"Standard"},"kind":"Storage","location":"westus","tags":{}}]}'
    headers:
      cache-control:
      - no-cache
      content-length:
      - '323'
      content-type:
      - application/json; charset=utf-8
      date:
      - Fri, 16 Sep 2022 07:58:09 GMT
      expires:
      - '-1'
      pragma:
      - no-cache
      strict-transport-security:
      - max-age=31536000; includeSubDomains
      vary:
      - Accept-Encoding
      x-content-type-options:
      - nosniff
    status:
      code: 200
      message: OK
- request:
    body: null
    headers:
      Accept:
      - application/json
      Accept-Encoding:
      - gzip, deflate
      CommandName:
      - sql server audit-policy update
      Connection:
      - keep-alive
      Content-Length:
      - '0'
      ParameterSetName:
      - -g -n --state --event-hub-target-state
      User-Agent:
      - AZURECLI/2.40.0 azsdk-python-azure-mgmt-storage/20.1.0 Python/3.10.6 (macOS-12.5.1-x86_64-i386-64bit)
    method: POST
    uri: https://management.azure.com/subscriptions/00000000-0000-0000-0000-000000000000/resourceGroups/clitest.rg000002/providers/Microsoft.Storage/storageAccounts/clitest000005/listKeys?api-version=2022-05-01&$expand=kerb
  response:
    body:
      string: '{"keys":[{"creationTime":"2022-09-16T07:48:12.7844108Z","keyName":"key1","value":"veryFakedStorageAccountKey==","permissions":"FULL"},{"creationTime":"2022-09-16T07:48:12.7844108Z","keyName":"key2","value":"veryFakedStorageAccountKey==","permissions":"FULL"}]}'
    headers:
      cache-control:
      - no-cache
      content-length:
      - '260'
      content-type:
      - application/json
      date:
      - Fri, 16 Sep 2022 07:58:09 GMT
      expires:
      - '-1'
      pragma:
      - no-cache
      server:
      - Microsoft-Azure-Storage-Resource-Provider/1.0,Microsoft-HTTPAPI/2.0 Microsoft-HTTPAPI/2.0
      strict-transport-security:
      - max-age=31536000; includeSubDomains
      transfer-encoding:
      - chunked
      vary:
      - Accept-Encoding
      x-content-type-options:
      - nosniff
      x-ms-ratelimit-remaining-subscription-resource-requests:
      - '11999'
    status:
      code: 200
      message: OK
- request:
    body: '{"properties": {"retentionDays": 30, "auditActionsAndGroups": ["DATABASE_LOGOUT_GROUP",
      "DATABASE_ROLE_MEMBER_CHANGE_GROUP"], "isStorageSecondaryKeyInUse": false, "isAzureMonitorTargetEnabled":
      false, "isManagedIdentityInUse": false, "state": "Enabled", "storageEndpoint":
      "https://clitest000005.blob.core.windows.net/", "storageAccountAccessKey": "veryFakedStorageAccountKey==",
      "storageAccountSubscriptionId": "00000000-0000-0000-0000-000000000000"}}'
    headers:
      Accept:
      - application/json
      Accept-Encoding:
      - gzip, deflate
      CommandName:
      - sql server audit-policy update
      Connection:
      - keep-alive
      Content-Length:
      - '452'
      Content-Type:
      - application/json
      ParameterSetName:
      - -g -n --state --event-hub-target-state
      User-Agent:
      - AZURECLI/2.40.0 azsdk-python-mgmt-sql/4.0.0b3 Python/3.10.6 (macOS-12.5.1-x86_64-i386-64bit)
    method: PUT
    uri: https://management.azure.com/subscriptions/00000000-0000-0000-0000-000000000000/resourceGroups/clitest.rg000001/providers/Microsoft.Sql/servers/clitestserver000003/auditingSettings/default?api-version=2021-11-01-preview
  response:
    body:
      string: '{"operation":"UpsertServerEngineAuditingPolicy","startTime":"2022-09-16T07:58:11.463Z"}'
    headers:
      azure-asyncoperation:
      - https://management.azure.com/subscriptions/00000000-0000-0000-0000-000000000000/providers/Microsoft.Sql/locations/westeurope/auditingSettingsAzureAsyncOperation/6377893a-568a-45e8-867b-fff24e2f9a9b?api-version=2021-11-01-preview
      cache-control:
      - no-cache
      content-length:
      - '87'
      content-type:
      - application/json; charset=utf-8
      date:
      - Fri, 16 Sep 2022 07:58:11 GMT
      expires:
      - '-1'
      location:
      - https://management.azure.com/subscriptions/00000000-0000-0000-0000-000000000000/providers/Microsoft.Sql/locations/westeurope/auditingSettingsOperationResults/6377893a-568a-45e8-867b-fff24e2f9a9b?api-version=2021-11-01-preview
      pragma:
      - no-cache
      server:
      - Microsoft-HTTPAPI/2.0
      strict-transport-security:
      - max-age=31536000; includeSubDomains
      x-content-type-options:
      - nosniff
      x-ms-ratelimit-remaining-subscription-writes:
      - '1199'
    status:
      code: 202
      message: Accepted
- request:
    body: null
    headers:
      Accept:
      - '*/*'
      Accept-Encoding:
      - gzip, deflate
      CommandName:
      - sql server audit-policy update
      Connection:
      - keep-alive
      ParameterSetName:
      - -g -n --state --event-hub-target-state
      User-Agent:
      - AZURECLI/2.40.0 azsdk-python-mgmt-sql/4.0.0b3 Python/3.10.6 (macOS-12.5.1-x86_64-i386-64bit)
    method: GET
    uri: https://management.azure.com/subscriptions/00000000-0000-0000-0000-000000000000/providers/Microsoft.Sql/locations/westeurope/auditingSettingsAzureAsyncOperation/6377893a-568a-45e8-867b-fff24e2f9a9b?api-version=2021-11-01-preview
  response:
    body:
      string: '{"name":"6377893a-568a-45e8-867b-fff24e2f9a9b","status":"Succeeded","startTime":"2022-09-16T07:58:11.463Z"}'
    headers:
      cache-control:
      - no-cache
      content-length:
      - '107'
      content-type:
      - application/json; charset=utf-8
      date:
      - Fri, 16 Sep 2022 07:59:11 GMT
      expires:
      - '-1'
      pragma:
      - no-cache
      server:
      - Microsoft-HTTPAPI/2.0
      strict-transport-security:
      - max-age=31536000; includeSubDomains
      transfer-encoding:
      - chunked
      vary:
      - Accept-Encoding
      x-content-type-options:
      - nosniff
    status:
      code: 200
      message: OK
- request:
    body: null
    headers:
      Accept:
      - '*/*'
      Accept-Encoding:
      - gzip, deflate
      CommandName:
      - sql server audit-policy update
      Connection:
      - keep-alive
      ParameterSetName:
      - -g -n --state --event-hub-target-state
      User-Agent:
      - AZURECLI/2.40.0 azsdk-python-mgmt-sql/4.0.0b3 Python/3.10.6 (macOS-12.5.1-x86_64-i386-64bit)
    method: GET
    uri: https://management.azure.com/subscriptions/00000000-0000-0000-0000-000000000000/resourceGroups/clitest.rg000001/providers/Microsoft.Sql/servers/clitestserver000003/auditingSettings/default?api-version=2021-11-01-preview
  response:
    body:
      string: '{"properties":{"retentionDays":30,"auditActionsAndGroups":["DATABASE_LOGOUT_GROUP","DATABASE_ROLE_MEMBER_CHANGE_GROUP"],"isStorageSecondaryKeyInUse":false,"isAzureMonitorTargetEnabled":false,"isManagedIdentityInUse":false,"state":"Enabled","storageEndpoint":"https://clitest000005.blob.core.windows.net/","storageAccountSubscriptionId":"00000000-0000-0000-0000-000000000000"},"id":"/subscriptions/00000000-0000-0000-0000-000000000000/resourceGroups/clitest.rg000001/providers/Microsoft.Sql/servers/clitestserver000003/auditingSettings/Default","name":"Default","type":"Microsoft.Sql/servers/auditingSettings"}'
    headers:
      cache-control:
      - no-cache
      content-length:
      - '609'
      content-type:
      - application/json; charset=utf-8
      date:
      - Fri, 16 Sep 2022 07:59:11 GMT
      expires:
      - '-1'
      pragma:
      - no-cache
      server:
      - Microsoft-HTTPAPI/2.0
      strict-transport-security:
      - max-age=31536000; includeSubDomains
      transfer-encoding:
      - chunked
      vary:
      - Accept-Encoding
      x-content-type-options:
      - nosniff
    status:
      code: 200
      message: OK
- request:
    body: null
    headers:
      Accept:
      - application/json
      Accept-Encoding:
      - gzip, deflate
      CommandName:
      - sql server audit-policy show
      Connection:
      - keep-alive
      ParameterSetName:
      - -g -n
      User-Agent:
      - AZURECLI/2.40.0 azsdk-python-mgmt-sql/4.0.0b3 Python/3.10.6 (macOS-12.5.1-x86_64-i386-64bit)
    method: GET
    uri: https://management.azure.com/subscriptions/00000000-0000-0000-0000-000000000000/resourceGroups/clitest.rg000001/providers/Microsoft.Sql/servers/clitestserver000003/auditingSettings/default?api-version=2021-11-01-preview
  response:
    body:
      string: '{"properties":{"retentionDays":30,"auditActionsAndGroups":["DATABASE_LOGOUT_GROUP","DATABASE_ROLE_MEMBER_CHANGE_GROUP"],"isStorageSecondaryKeyInUse":false,"isAzureMonitorTargetEnabled":false,"isManagedIdentityInUse":false,"state":"Enabled","storageEndpoint":"https://clitest000005.blob.core.windows.net/","storageAccountSubscriptionId":"00000000-0000-0000-0000-000000000000"},"id":"/subscriptions/00000000-0000-0000-0000-000000000000/resourceGroups/clitest.rg000001/providers/Microsoft.Sql/servers/clitestserver000003/auditingSettings/Default","name":"Default","type":"Microsoft.Sql/servers/auditingSettings"}'
    headers:
      cache-control:
      - no-cache
      content-length:
      - '609'
      content-type:
      - application/json; charset=utf-8
      date:
      - Fri, 16 Sep 2022 07:59:13 GMT
      expires:
      - '-1'
      pragma:
      - no-cache
      server:
      - Microsoft-HTTPAPI/2.0
      strict-transport-security:
      - max-age=31536000; includeSubDomains
      transfer-encoding:
      - chunked
      vary:
      - Accept-Encoding
      x-content-type-options:
      - nosniff
    status:
      code: 200
      message: OK
version: 1
