interactions:
- request:
    body: null
    headers:
      Accept:
      - application/json
      Accept-Encoding:
      - gzip, deflate
      CommandName:
      - sql server create
      Connection:
      - keep-alive
      ParameterSetName:
      - -g --name --admin-user --admin-password
      User-Agent:
      - python/3.5.3 (Windows-2012ServerR2-6.3.9600-SP0) msrest/0.6.11 msrest_azure/0.6.2
        azure-mgmt-resource/8.0.1 Azure-SDK-For-Python AZURECLI/2.1.0
      accept-language:
      - en-US
    method: GET
    uri: https://management.azure.com/subscriptions/00000000-0000-0000-0000-000000000000/resourcegroups/clitest.rg000001?api-version=2020-06-01
  response:
    body:
      string: '{"id":"/subscriptions/00000000-0000-0000-0000-000000000000/resourceGroups/clitest.rg000001","name":"clitest.rg000001","type":"Microsoft.Resources/resourceGroups","location":"westeurope","tags":{"product":"azurecli","cause":"automation","date":"2020-03-04T02:23:35Z"},"properties":{"provisioningState":"Succeeded"}}'
    headers:
      cache-control:
      - no-cache
      content-length:
      - '432'
      content-type:
      - application/json; charset=utf-8
      date:
      - Wed, 04 Mar 2020 02:23:39 GMT
      expires:
      - '-1'
      pragma:
      - no-cache
      strict-transport-security:
      - max-age=31536000; includeSubDomains
      vary:
      - Accept-Encoding
      x-content-type-options:
      - nosniff
    status:
      code: 200
      message: OK
- request:
    body: '{"location": "westeurope", "properties": {"administratorLogin": "admin123",
      "administratorLoginPassword": "SecretPassword123"}}'
    headers:
      Accept:
      - application/json
      Accept-Encoding:
      - gzip, deflate
      CommandName:
      - sql server create
      Connection:
      - keep-alive
      Content-Length:
      - '127'
      Content-Type:
      - application/json; charset=utf-8
      ParameterSetName:
      - -g --name --admin-user --admin-password
      User-Agent:
      - python/3.5.3 (Windows-2012ServerR2-6.3.9600-SP0) msrest/0.6.11 msrest_azure/0.6.2
        azure-mgmt-sql/0.17.0 Azure-SDK-For-Python AZURECLI/2.1.0
      accept-language:
      - en-US
    method: PUT
    uri: https://management.azure.com/subscriptions/00000000-0000-0000-0000-000000000000/resourceGroups/clitest.rg000001/providers/Microsoft.Sql/servers/clitestserver000002?api-version=2019-06-01-preview
  response:
    body:
      string: '{"operation":"UpsertLogicalServer","startTime":"2020-03-04T02:23:43.343Z"}'
    headers:
      azure-asyncoperation:
      - https://management.azure.com/subscriptions/00000000-0000-0000-0000-000000000000/resourceGroups/clitest.rg000001/providers/Microsoft.Sql/locations/westeurope/serverAzureAsyncOperation/8149648a-f30e-4d99-a984-d6dffe20246e?api-version=2019-06-01-preview
      cache-control:
      - no-cache
      content-length:
      - '74'
      content-type:
      - application/json; charset=utf-8
      date:
      - Wed, 04 Mar 2020 02:23:42 GMT
      expires:
      - '-1'
      location:
      - https://management.azure.com/subscriptions/00000000-0000-0000-0000-000000000000/resourceGroups/clitest.rg000001/providers/Microsoft.Sql/locations/westeurope/serverOperationResults/8149648a-f30e-4d99-a984-d6dffe20246e?api-version=2019-06-01-preview
      pragma:
      - no-cache
      server:
      - Microsoft-HTTPAPI/2.0
      strict-transport-security:
      - max-age=31536000; includeSubDomains
      x-content-type-options:
      - nosniff
      x-ms-ratelimit-remaining-subscription-writes:
      - '1199'
    status:
      code: 202
      message: Accepted
- request:
    body: null
    headers:
      Accept:
      - application/json
      Accept-Encoding:
      - gzip, deflate
      CommandName:
      - sql server create
      Connection:
      - keep-alive
      ParameterSetName:
      - -g --name --admin-user --admin-password
      User-Agent:
      - python/3.5.3 (Windows-2012ServerR2-6.3.9600-SP0) msrest/0.6.11 msrest_azure/0.6.2
        azure-mgmt-sql/0.17.0 Azure-SDK-For-Python AZURECLI/2.1.0
    method: GET
    uri: https://management.azure.com/subscriptions/00000000-0000-0000-0000-000000000000/resourceGroups/clitest.rg000001/providers/Microsoft.Sql/locations/westeurope/serverAzureAsyncOperation/8149648a-f30e-4d99-a984-d6dffe20246e?api-version=2019-06-01-preview
  response:
    body:
      string: '{"name":"8149648a-f30e-4d99-a984-d6dffe20246e","status":"InProgress","startTime":"2020-03-04T02:23:43.343Z"}'
    headers:
      cache-control:
      - no-cache
      content-length:
      - '108'
      content-type:
      - application/json; charset=utf-8
      date:
      - Wed, 04 Mar 2020 02:23:44 GMT
      expires:
      - '-1'
      pragma:
      - no-cache
      server:
      - Microsoft-HTTPAPI/2.0
      strict-transport-security:
      - max-age=31536000; includeSubDomains
      transfer-encoding:
      - chunked
      vary:
      - Accept-Encoding
      x-content-type-options:
      - nosniff
    status:
      code: 200
      message: OK
- request:
    body: null
    headers:
      Accept:
      - application/json
      Accept-Encoding:
      - gzip, deflate
      CommandName:
      - sql server create
      Connection:
      - keep-alive
      ParameterSetName:
      - -g --name --admin-user --admin-password
      User-Agent:
      - python/3.5.3 (Windows-2012ServerR2-6.3.9600-SP0) msrest/0.6.11 msrest_azure/0.6.2
        azure-mgmt-sql/0.17.0 Azure-SDK-For-Python AZURECLI/2.1.0
    method: GET
    uri: https://management.azure.com/subscriptions/00000000-0000-0000-0000-000000000000/resourceGroups/clitest.rg000001/providers/Microsoft.Sql/locations/westeurope/serverAzureAsyncOperation/8149648a-f30e-4d99-a984-d6dffe20246e?api-version=2019-06-01-preview
  response:
    body:
      string: '{"name":"8149648a-f30e-4d99-a984-d6dffe20246e","status":"InProgress","startTime":"2020-03-04T02:23:43.343Z"}'
    headers:
      cache-control:
      - no-cache
      content-length:
      - '108'
      content-type:
      - application/json; charset=utf-8
      date:
      - Wed, 04 Mar 2020 02:23:46 GMT
      expires:
      - '-1'
      pragma:
      - no-cache
      server:
      - Microsoft-HTTPAPI/2.0
      strict-transport-security:
      - max-age=31536000; includeSubDomains
      transfer-encoding:
      - chunked
      vary:
      - Accept-Encoding
      x-content-type-options:
      - nosniff
    status:
      code: 200
      message: OK
- request:
    body: null
    headers:
      Accept:
      - application/json
      Accept-Encoding:
      - gzip, deflate
      CommandName:
      - sql server create
      Connection:
      - keep-alive
      ParameterSetName:
      - -g --name --admin-user --admin-password
      User-Agent:
      - python/3.5.3 (Windows-2012ServerR2-6.3.9600-SP0) msrest/0.6.11 msrest_azure/0.6.2
        azure-mgmt-sql/0.17.0 Azure-SDK-For-Python AZURECLI/2.1.0
    method: GET
    uri: https://management.azure.com/subscriptions/00000000-0000-0000-0000-000000000000/resourceGroups/clitest.rg000001/providers/Microsoft.Sql/locations/westeurope/serverAzureAsyncOperation/8149648a-f30e-4d99-a984-d6dffe20246e?api-version=2019-06-01-preview
  response:
    body:
      string: '{"name":"8149648a-f30e-4d99-a984-d6dffe20246e","status":"InProgress","startTime":"2020-03-04T02:23:43.343Z"}'
    headers:
      cache-control:
      - no-cache
      content-length:
      - '108'
      content-type:
      - application/json; charset=utf-8
      date:
      - Wed, 04 Mar 2020 02:23:47 GMT
      expires:
      - '-1'
      pragma:
      - no-cache
      server:
      - Microsoft-HTTPAPI/2.0
      strict-transport-security:
      - max-age=31536000; includeSubDomains
      transfer-encoding:
      - chunked
      vary:
      - Accept-Encoding
      x-content-type-options:
      - nosniff
    status:
      code: 200
      message: OK
- request:
    body: null
    headers:
      Accept:
      - application/json
      Accept-Encoding:
      - gzip, deflate
      CommandName:
      - sql server create
      Connection:
      - keep-alive
      ParameterSetName:
      - -g --name --admin-user --admin-password
      User-Agent:
      - python/3.5.3 (Windows-2012ServerR2-6.3.9600-SP0) msrest/0.6.11 msrest_azure/0.6.2
        azure-mgmt-sql/0.17.0 Azure-SDK-For-Python AZURECLI/2.1.0
    method: GET
    uri: https://management.azure.com/subscriptions/00000000-0000-0000-0000-000000000000/resourceGroups/clitest.rg000001/providers/Microsoft.Sql/locations/westeurope/serverAzureAsyncOperation/8149648a-f30e-4d99-a984-d6dffe20246e?api-version=2019-06-01-preview
  response:
    body:
      string: '{"name":"8149648a-f30e-4d99-a984-d6dffe20246e","status":"InProgress","startTime":"2020-03-04T02:23:43.343Z"}'
    headers:
      cache-control:
      - no-cache
      content-length:
      - '108'
      content-type:
      - application/json; charset=utf-8
      date:
      - Wed, 04 Mar 2020 02:23:48 GMT
      expires:
      - '-1'
      pragma:
      - no-cache
      server:
      - Microsoft-HTTPAPI/2.0
      strict-transport-security:
      - max-age=31536000; includeSubDomains
      transfer-encoding:
      - chunked
      vary:
      - Accept-Encoding
      x-content-type-options:
      - nosniff
    status:
      code: 200
      message: OK
- request:
    body: null
    headers:
      Accept:
      - application/json
      Accept-Encoding:
      - gzip, deflate
      CommandName:
      - sql server create
      Connection:
      - keep-alive
      ParameterSetName:
      - -g --name --admin-user --admin-password
      User-Agent:
      - python/3.5.3 (Windows-2012ServerR2-6.3.9600-SP0) msrest/0.6.11 msrest_azure/0.6.2
        azure-mgmt-sql/0.17.0 Azure-SDK-For-Python AZURECLI/2.1.0
    method: GET
    uri: https://management.azure.com/subscriptions/00000000-0000-0000-0000-000000000000/resourceGroups/clitest.rg000001/providers/Microsoft.Sql/locations/westeurope/serverAzureAsyncOperation/8149648a-f30e-4d99-a984-d6dffe20246e?api-version=2019-06-01-preview
  response:
    body:
      string: '{"name":"8149648a-f30e-4d99-a984-d6dffe20246e","status":"InProgress","startTime":"2020-03-04T02:23:43.343Z"}'
    headers:
      cache-control:
      - no-cache
      content-length:
      - '108'
      content-type:
      - application/json; charset=utf-8
      date:
      - Wed, 04 Mar 2020 02:24:08 GMT
      expires:
      - '-1'
      pragma:
      - no-cache
      server:
      - Microsoft-HTTPAPI/2.0
      strict-transport-security:
      - max-age=31536000; includeSubDomains
      transfer-encoding:
      - chunked
      vary:
      - Accept-Encoding
      x-content-type-options:
      - nosniff
    status:
      code: 200
      message: OK
- request:
    body: null
    headers:
      Accept:
      - application/json
      Accept-Encoding:
      - gzip, deflate
      CommandName:
      - sql server create
      Connection:
      - keep-alive
      ParameterSetName:
      - -g --name --admin-user --admin-password
      User-Agent:
      - python/3.5.3 (Windows-2012ServerR2-6.3.9600-SP0) msrest/0.6.11 msrest_azure/0.6.2
        azure-mgmt-sql/0.17.0 Azure-SDK-For-Python AZURECLI/2.1.0
    method: GET
    uri: https://management.azure.com/subscriptions/00000000-0000-0000-0000-000000000000/resourceGroups/clitest.rg000001/providers/Microsoft.Sql/locations/westeurope/serverAzureAsyncOperation/8149648a-f30e-4d99-a984-d6dffe20246e?api-version=2019-06-01-preview
  response:
    body:
      string: '{"name":"8149648a-f30e-4d99-a984-d6dffe20246e","status":"Succeeded","startTime":"2020-03-04T02:23:43.343Z"}'
    headers:
      cache-control:
      - no-cache
      content-length:
      - '107'
      content-type:
      - application/json; charset=utf-8
      date:
      - Wed, 04 Mar 2020 02:24:29 GMT
      expires:
      - '-1'
      pragma:
      - no-cache
      server:
      - Microsoft-HTTPAPI/2.0
      strict-transport-security:
      - max-age=31536000; includeSubDomains
      transfer-encoding:
      - chunked
      vary:
      - Accept-Encoding
      x-content-type-options:
      - nosniff
    status:
      code: 200
      message: OK
- request:
    body: null
    headers:
      Accept:
      - application/json
      Accept-Encoding:
      - gzip, deflate
      CommandName:
      - sql server create
      Connection:
      - keep-alive
      ParameterSetName:
      - -g --name --admin-user --admin-password
      User-Agent:
      - python/3.5.3 (Windows-2012ServerR2-6.3.9600-SP0) msrest/0.6.11 msrest_azure/0.6.2
        azure-mgmt-sql/0.17.0 Azure-SDK-For-Python AZURECLI/2.1.0
    method: GET
    uri: https://management.azure.com/subscriptions/00000000-0000-0000-0000-000000000000/resourceGroups/clitest.rg000001/providers/Microsoft.Sql/servers/clitestserver000002?api-version=2019-06-01-preview
  response:
    body:
      string: '{"kind":"v12.0","properties":{"administratorLogin":"admin123","version":"12.0","state":"Ready","fullyQualifiedDomainName":"clitestserver000002.database.windows.net","privateEndpointConnections":[],"publicNetworkAccess":"Enabled"},"location":"westeurope","id":"/subscriptions/00000000-0000-0000-0000-000000000000/resourceGroups/clitest.rg000001/providers/Microsoft.Sql/servers/clitestserver000002","name":"clitestserver000002","type":"Microsoft.Sql/servers"}'
    headers:
      cache-control:
      - no-cache
      content-length:
      - '645'
      content-type:
      - application/json; charset=utf-8
      date:
      - Wed, 04 Mar 2020 02:24:30 GMT
      expires:
      - '-1'
      pragma:
      - no-cache
      server:
      - Microsoft-HTTPAPI/2.0
      strict-transport-security:
      - max-age=31536000; includeSubDomains
      transfer-encoding:
      - chunked
      vary:
      - Accept-Encoding
      x-content-type-options:
      - nosniff
    status:
      code: 200
      message: OK
- request:
    body: null
    headers:
      Accept:
      - application/json
      Accept-Encoding:
      - gzip, deflate
      CommandName:
      - sql server update
      Connection:
      - keep-alive
      ParameterSetName:
      - -g -n --enable-public-network
      User-Agent:
      - python/3.5.3 (Windows-2012ServerR2-6.3.9600-SP0) msrest/0.6.11 msrest_azure/0.6.2
        azure-mgmt-sql/0.17.0 Azure-SDK-For-Python AZURECLI/2.1.0
      accept-language:
      - en-US
    method: GET
    uri: https://management.azure.com/subscriptions/00000000-0000-0000-0000-000000000000/resourceGroups/clitest.rg000001/providers/Microsoft.Sql/servers/clitestserver000002?api-version=2019-06-01-preview
  response:
    body:
      string: '{"kind":"v12.0","properties":{"administratorLogin":"admin123","version":"12.0","state":"Ready","fullyQualifiedDomainName":"clitestserver000002.database.windows.net","privateEndpointConnections":[],"publicNetworkAccess":"Enabled"},"location":"westeurope","id":"/subscriptions/00000000-0000-0000-0000-000000000000/resourceGroups/clitest.rg000001/providers/Microsoft.Sql/servers/clitestserver000002","name":"clitestserver000002","type":"Microsoft.Sql/servers"}'
    headers:
      cache-control:
      - no-cache
      content-length:
      - '645'
      content-type:
      - application/json; charset=utf-8
      date:
      - Wed, 04 Mar 2020 02:24:30 GMT
      expires:
      - '-1'
      pragma:
      - no-cache
      server:
      - Microsoft-HTTPAPI/2.0
      strict-transport-security:
      - max-age=31536000; includeSubDomains
      transfer-encoding:
      - chunked
      vary:
      - Accept-Encoding
      x-content-type-options:
      - nosniff
    status:
      code: 200
      message: OK
- request:
    body: '{"location": "westeurope", "properties": {"administratorLogin": "admin123",
      "version": "12.0", "publicNetworkAccess": "Disabled"}}'
    headers:
      Accept:
      - application/json
      Accept-Encoding:
      - gzip, deflate
      CommandName:
      - sql server update
      Connection:
      - keep-alive
      Content-Length:
      - '130'
      Content-Type:
      - application/json; charset=utf-8
      ParameterSetName:
      - -g -n --enable-public-network
      User-Agent:
      - python/3.5.3 (Windows-2012ServerR2-6.3.9600-SP0) msrest/0.6.11 msrest_azure/0.6.2
        azure-mgmt-sql/0.17.0 Azure-SDK-For-Python AZURECLI/2.1.0
      accept-language:
      - en-US
    method: PUT
    uri: https://management.azure.com/subscriptions/00000000-0000-0000-0000-000000000000/resourceGroups/clitest.rg000001/providers/Microsoft.Sql/servers/clitestserver000002?api-version=2019-06-01-preview
  response:
    body:
      string: '{"operation":"UpsertLogicalServer","startTime":"2020-03-04T02:24:32.573Z"}'
    headers:
      azure-asyncoperation:
      - https://management.azure.com/subscriptions/00000000-0000-0000-0000-000000000000/resourceGroups/clitest.rg000001/providers/Microsoft.Sql/locations/westeurope/serverAzureAsyncOperation/167cfe62-2a22-4065-b852-d340141abf3e?api-version=2019-06-01-preview
      cache-control:
      - no-cache
      content-length:
      - '74'
      content-type:
      - application/json; charset=utf-8
      date:
      - Wed, 04 Mar 2020 02:24:32 GMT
      expires:
      - '-1'
      location:
      - https://management.azure.com/subscriptions/00000000-0000-0000-0000-000000000000/resourceGroups/clitest.rg000001/providers/Microsoft.Sql/locations/westeurope/serverOperationResults/167cfe62-2a22-4065-b852-d340141abf3e?api-version=2019-06-01-preview
      pragma:
      - no-cache
      server:
      - Microsoft-HTTPAPI/2.0
      strict-transport-security:
      - max-age=31536000; includeSubDomains
      x-content-type-options:
      - nosniff
      x-ms-ratelimit-remaining-subscription-writes:
      - '1198'
    status:
      code: 202
      message: Accepted
- request:
    body: null
    headers:
      Accept:
      - application/json
      Accept-Encoding:
      - gzip, deflate
      CommandName:
      - sql server update
      Connection:
      - keep-alive
      ParameterSetName:
      - -g -n --enable-public-network
      User-Agent:
      - python/3.5.3 (Windows-2012ServerR2-6.3.9600-SP0) msrest/0.6.11 msrest_azure/0.6.2
        azure-mgmt-sql/0.17.0 Azure-SDK-For-Python AZURECLI/2.1.0
    method: GET
    uri: https://management.azure.com/subscriptions/00000000-0000-0000-0000-000000000000/resourceGroups/clitest.rg000001/providers/Microsoft.Sql/locations/westeurope/serverAzureAsyncOperation/167cfe62-2a22-4065-b852-d340141abf3e?api-version=2019-06-01-preview
  response:
    body:
      string: '{"name":"167cfe62-2a22-4065-b852-d340141abf3e","status":"Succeeded","startTime":"2020-03-04T02:24:32.573Z"}'
    headers:
      cache-control:
      - no-cache
      content-length:
      - '107'
      content-type:
      - application/json; charset=utf-8
      date:
      - Wed, 04 Mar 2020 02:24:34 GMT
      expires:
      - '-1'
      pragma:
      - no-cache
      server:
      - Microsoft-HTTPAPI/2.0
      strict-transport-security:
      - max-age=31536000; includeSubDomains
      transfer-encoding:
      - chunked
      vary:
      - Accept-Encoding
      x-content-type-options:
      - nosniff
    status:
      code: 200
      message: OK
- request:
    body: null
    headers:
      Accept:
      - application/json
      Accept-Encoding:
      - gzip, deflate
      CommandName:
      - sql server update
      Connection:
      - keep-alive
      ParameterSetName:
      - -g -n --enable-public-network
      User-Agent:
      - python/3.5.3 (Windows-2012ServerR2-6.3.9600-SP0) msrest/0.6.11 msrest_azure/0.6.2
        azure-mgmt-sql/0.17.0 Azure-SDK-For-Python AZURECLI/2.1.0
    method: GET
    uri: https://management.azure.com/subscriptions/00000000-0000-0000-0000-000000000000/resourceGroups/clitest.rg000001/providers/Microsoft.Sql/servers/clitestserver000002?api-version=2019-06-01-preview
  response:
    body:
      string: '{"kind":"v12.0","properties":{"administratorLogin":"admin123","version":"12.0","state":"Ready","fullyQualifiedDomainName":"clitestserver000002.database.windows.net","privateEndpointConnections":[],"publicNetworkAccess":"Disabled"},"location":"westeurope","id":"/subscriptions/00000000-0000-0000-0000-000000000000/resourceGroups/clitest.rg000001/providers/Microsoft.Sql/servers/clitestserver000002","name":"clitestserver000002","type":"Microsoft.Sql/servers"}'
    headers:
      cache-control:
      - no-cache
      content-length:
      - '646'
      content-type:
      - application/json; charset=utf-8
      date:
      - Wed, 04 Mar 2020 02:24:34 GMT
      expires:
      - '-1'
      pragma:
      - no-cache
      server:
      - Microsoft-HTTPAPI/2.0
      strict-transport-security:
      - max-age=31536000; includeSubDomains
      transfer-encoding:
      - chunked
      vary:
      - Accept-Encoding
      x-content-type-options:
      - nosniff
    status:
      code: 200
      message: OK
- request:
    body: null
    headers:
      Accept:
      - application/json
      Accept-Encoding:
      - gzip, deflate
      CommandName:
      - sql server update
      Connection:
      - keep-alive
      ParameterSetName:
      - -g -n -i
      User-Agent:
      - python/3.5.3 (Windows-2012ServerR2-6.3.9600-SP0) msrest/0.6.11 msrest_azure/0.6.2
        azure-mgmt-sql/0.17.0 Azure-SDK-For-Python AZURECLI/2.1.0
      accept-language:
      - en-US
    method: GET
    uri: https://management.azure.com/subscriptions/00000000-0000-0000-0000-000000000000/resourceGroups/clitest.rg000001/providers/Microsoft.Sql/servers/clitestserver000002?api-version=2019-06-01-preview
  response:
    body:
      string: '{"kind":"v12.0","properties":{"administratorLogin":"admin123","version":"12.0","state":"Ready","fullyQualifiedDomainName":"clitestserver000002.database.windows.net","privateEndpointConnections":[],"publicNetworkAccess":"Disabled"},"location":"westeurope","id":"/subscriptions/00000000-0000-0000-0000-000000000000/resourceGroups/clitest.rg000001/providers/Microsoft.Sql/servers/clitestserver000002","name":"clitestserver000002","type":"Microsoft.Sql/servers"}'
    headers:
      cache-control:
      - no-cache
      content-length:
      - '646'
      content-type:
      - application/json; charset=utf-8
      date:
      - Wed, 04 Mar 2020 02:24:34 GMT
      expires:
      - '-1'
      pragma:
      - no-cache
      server:
      - Microsoft-HTTPAPI/2.0
      strict-transport-security:
      - max-age=31536000; includeSubDomains
      transfer-encoding:
      - chunked
      vary:
      - Accept-Encoding
      x-content-type-options:
      - nosniff
    status:
      code: 200
      message: OK
- request:
    body: '{"identity": {"type": "SystemAssigned"}, "location": "westeurope", "properties":
      {"administratorLogin": "admin123", "version": "12.0", "publicNetworkAccess":
      "Disabled"}}'
    headers:
      Accept:
      - application/json
      Accept-Encoding:
      - gzip, deflate
      CommandName:
      - sql server update
      Connection:
      - keep-alive
      Content-Length:
      - '170'
      Content-Type:
      - application/json; charset=utf-8
      ParameterSetName:
      - -g -n -i
      User-Agent:
      - python/3.5.3 (Windows-2012ServerR2-6.3.9600-SP0) msrest/0.6.11 msrest_azure/0.6.2
        azure-mgmt-sql/0.17.0 Azure-SDK-For-Python AZURECLI/2.1.0
      accept-language:
      - en-US
    method: PUT
    uri: https://management.azure.com/subscriptions/00000000-0000-0000-0000-000000000000/resourceGroups/clitest.rg000001/providers/Microsoft.Sql/servers/clitestserver000002?api-version=2019-06-01-preview
  response:
    body:
      string: '{"operation":"UpsertLogicalServer","startTime":"2020-03-04T02:24:38.937Z"}'
    headers:
      azure-asyncoperation:
      - https://management.azure.com/subscriptions/00000000-0000-0000-0000-000000000000/resourceGroups/clitest.rg000001/providers/Microsoft.Sql/locations/westeurope/serverAzureAsyncOperation/aa6e8918-1bc8-4785-9747-7239f4a99b05?api-version=2019-06-01-preview
      cache-control:
      - no-cache
      content-length:
      - '74'
      content-type:
      - application/json; charset=utf-8
      date:
      - Wed, 04 Mar 2020 02:24:38 GMT
      expires:
      - '-1'
      location:
      - https://management.azure.com/subscriptions/00000000-0000-0000-0000-000000000000/resourceGroups/clitest.rg000001/providers/Microsoft.Sql/locations/westeurope/serverOperationResults/aa6e8918-1bc8-4785-9747-7239f4a99b05?api-version=2019-06-01-preview
      pragma:
      - no-cache
      server:
      - Microsoft-HTTPAPI/2.0
      strict-transport-security:
      - max-age=31536000; includeSubDomains
      x-content-type-options:
      - nosniff
      x-ms-ratelimit-remaining-subscription-writes:
      - '1199'
    status:
      code: 202
      message: Accepted
- request:
    body: null
    headers:
      Accept:
      - application/json
      Accept-Encoding:
      - gzip, deflate
      CommandName:
      - sql server update
      Connection:
      - keep-alive
      ParameterSetName:
      - -g -n -i
      User-Agent:
      - python/3.5.3 (Windows-2012ServerR2-6.3.9600-SP0) msrest/0.6.11 msrest_azure/0.6.2
        azure-mgmt-sql/0.17.0 Azure-SDK-For-Python AZURECLI/2.1.0
    method: GET
    uri: https://management.azure.com/subscriptions/00000000-0000-0000-0000-000000000000/resourceGroups/clitest.rg000001/providers/Microsoft.Sql/locations/westeurope/serverAzureAsyncOperation/aa6e8918-1bc8-4785-9747-7239f4a99b05?api-version=2019-06-01-preview
  response:
    body:
      string: '{"name":"aa6e8918-1bc8-4785-9747-7239f4a99b05","status":"Succeeded","startTime":"2020-03-04T02:24:38.937Z"}'
    headers:
      cache-control:
      - no-cache
      content-length:
      - '107'
      content-type:
      - application/json; charset=utf-8
      date:
      - Wed, 04 Mar 2020 02:24:40 GMT
      expires:
      - '-1'
      pragma:
      - no-cache
      server:
      - Microsoft-HTTPAPI/2.0
      strict-transport-security:
      - max-age=31536000; includeSubDomains
      transfer-encoding:
      - chunked
      vary:
      - Accept-Encoding
      x-content-type-options:
      - nosniff
    status:
      code: 200
      message: OK
- request:
    body: null
    headers:
      Accept:
      - application/json
      Accept-Encoding:
      - gzip, deflate
      CommandName:
      - sql server update
      Connection:
      - keep-alive
      ParameterSetName:
      - -g -n -i
      User-Agent:
      - python/3.5.3 (Windows-2012ServerR2-6.3.9600-SP0) msrest/0.6.11 msrest_azure/0.6.2
        azure-mgmt-sql/0.17.0 Azure-SDK-For-Python AZURECLI/2.1.0
    method: GET
    uri: https://management.azure.com/subscriptions/00000000-0000-0000-0000-000000000000/resourceGroups/clitest.rg000001/providers/Microsoft.Sql/servers/clitestserver000002?api-version=2019-06-01-preview
  response:
    body:
      string: '{"identity":{"principalId":"545f1ba8-5fb0-492c-ab29-33b22df718bf","type":"SystemAssigned","tenantId":"72f988bf-86f1-41af-91ab-2d7cd011db47"},"kind":"v12.0","properties":{"administratorLogin":"admin123","version":"12.0","state":"Ready","fullyQualifiedDomainName":"clitestserver000002.database.windows.net","privateEndpointConnections":[],"publicNetworkAccess":"Disabled"},"location":"westeurope","id":"/subscriptions/00000000-0000-0000-0000-000000000000/resourceGroups/clitest.rg000001/providers/Microsoft.Sql/servers/clitestserver000002","name":"clitestserver000002","type":"Microsoft.Sql/servers"}'
    headers:
      cache-control:
      - no-cache
      content-length:
      - '786'
      content-type:
      - application/json; charset=utf-8
      date:
      - Wed, 04 Mar 2020 02:24:40 GMT
      expires:
      - '-1'
      pragma:
      - no-cache
      server:
      - Microsoft-HTTPAPI/2.0
      strict-transport-security:
      - max-age=31536000; includeSubDomains
      transfer-encoding:
      - chunked
      vary:
      - Accept-Encoding
      x-content-type-options:
      - nosniff
    status:
      code: 200
      message: OK
- request:
    body: null
    headers:
      Accept:
      - application/json
      Accept-Encoding:
      - gzip, deflate
      CommandName:
      - sql server update
      Connection:
      - keep-alive
      ParameterSetName:
      - -g -n -e
      User-Agent:
      - python/3.5.3 (Windows-2012ServerR2-6.3.9600-SP0) msrest/0.6.11 msrest_azure/0.6.2
        azure-mgmt-sql/0.17.0 Azure-SDK-For-Python AZURECLI/2.1.0
      accept-language:
      - en-US
    method: GET
    uri: https://management.azure.com/subscriptions/00000000-0000-0000-0000-000000000000/resourceGroups/clitest.rg000001/providers/Microsoft.Sql/servers/clitestserver000002?api-version=2019-06-01-preview
  response:
    body:
      string: '{"identity":{"principalId":"545f1ba8-5fb0-492c-ab29-33b22df718bf","type":"SystemAssigned","tenantId":"72f988bf-86f1-41af-91ab-2d7cd011db47"},"kind":"v12.0","properties":{"administratorLogin":"admin123","version":"12.0","state":"Ready","fullyQualifiedDomainName":"clitestserver000002.database.windows.net","privateEndpointConnections":[],"publicNetworkAccess":"Disabled"},"location":"westeurope","id":"/subscriptions/00000000-0000-0000-0000-000000000000/resourceGroups/clitest.rg000001/providers/Microsoft.Sql/servers/clitestserver000002","name":"clitestserver000002","type":"Microsoft.Sql/servers"}'
    headers:
      cache-control:
      - no-cache
      content-length:
      - '786'
      content-type:
      - application/json; charset=utf-8
      date:
      - Wed, 04 Mar 2020 02:24:40 GMT
      expires:
      - '-1'
      pragma:
      - no-cache
      server:
      - Microsoft-HTTPAPI/2.0
      strict-transport-security:
      - max-age=31536000; includeSubDomains
      transfer-encoding:
      - chunked
      vary:
      - Accept-Encoding
      x-content-type-options:
      - nosniff
    status:
      code: 200
      message: OK
- request:
    body: '{"identity": {"type": "SystemAssigned"}, "location": "westeurope", "properties":
      {"administratorLogin": "admin123", "version": "12.0", "publicNetworkAccess":
      "Enabled"}}'
    headers:
      Accept:
      - application/json
      Accept-Encoding:
      - gzip, deflate
      CommandName:
      - sql server update
      Connection:
      - keep-alive
      Content-Length:
      - '169'
      Content-Type:
      - application/json; charset=utf-8
      ParameterSetName:
      - -g -n -e
      User-Agent:
      - python/3.5.3 (Windows-2012ServerR2-6.3.9600-SP0) msrest/0.6.11 msrest_azure/0.6.2
        azure-mgmt-sql/0.17.0 Azure-SDK-For-Python AZURECLI/2.1.0
      accept-language:
      - en-US
    method: PUT
    uri: https://management.azure.com/subscriptions/00000000-0000-0000-0000-000000000000/resourceGroups/clitest.rg000001/providers/Microsoft.Sql/servers/clitestserver000002?api-version=2019-06-01-preview
  response:
    body:
      string: '{"operation":"UpsertLogicalServer","startTime":"2020-03-04T02:24:43.327Z"}'
    headers:
      azure-asyncoperation:
      - https://management.azure.com/subscriptions/00000000-0000-0000-0000-000000000000/resourceGroups/clitest.rg000001/providers/Microsoft.Sql/locations/westeurope/serverAzureAsyncOperation/cf820306-9f49-44a8-93a5-96a1a678d159?api-version=2019-06-01-preview
      cache-control:
      - no-cache
      content-length:
      - '74'
      content-type:
      - application/json; charset=utf-8
      date:
      - Wed, 04 Mar 2020 02:24:42 GMT
      expires:
      - '-1'
      location:
      - https://management.azure.com/subscriptions/00000000-0000-0000-0000-000000000000/resourceGroups/clitest.rg000001/providers/Microsoft.Sql/locations/westeurope/serverOperationResults/cf820306-9f49-44a8-93a5-96a1a678d159?api-version=2019-06-01-preview
      pragma:
      - no-cache
      server:
      - Microsoft-HTTPAPI/2.0
      strict-transport-security:
      - max-age=31536000; includeSubDomains
      x-content-type-options:
      - nosniff
      x-ms-ratelimit-remaining-subscription-writes:
      - '1198'
    status:
      code: 202
      message: Accepted
- request:
    body: null
    headers:
      Accept:
      - application/json
      Accept-Encoding:
      - gzip, deflate
      CommandName:
      - sql server update
      Connection:
      - keep-alive
      ParameterSetName:
      - -g -n -e
      User-Agent:
      - python/3.5.3 (Windows-2012ServerR2-6.3.9600-SP0) msrest/0.6.11 msrest_azure/0.6.2
        azure-mgmt-sql/0.17.0 Azure-SDK-For-Python AZURECLI/2.1.0
    method: GET
    uri: https://management.azure.com/subscriptions/00000000-0000-0000-0000-000000000000/resourceGroups/clitest.rg000001/providers/Microsoft.Sql/locations/westeurope/serverAzureAsyncOperation/cf820306-9f49-44a8-93a5-96a1a678d159?api-version=2019-06-01-preview
  response:
    body:
      string: '{"name":"cf820306-9f49-44a8-93a5-96a1a678d159","status":"InProgress","startTime":"2020-03-04T02:24:43.327Z"}'
    headers:
      cache-control:
      - no-cache
      content-length:
      - '108'
      content-type:
      - application/json; charset=utf-8
      date:
      - Wed, 04 Mar 2020 02:24:44 GMT
      expires:
      - '-1'
      pragma:
      - no-cache
      server:
      - Microsoft-HTTPAPI/2.0
      strict-transport-security:
      - max-age=31536000; includeSubDomains
      transfer-encoding:
      - chunked
      vary:
      - Accept-Encoding
      x-content-type-options:
      - nosniff
    status:
      code: 200
      message: OK
- request:
    body: null
    headers:
      Accept:
      - application/json
      Accept-Encoding:
      - gzip, deflate
      CommandName:
      - sql server update
      Connection:
      - keep-alive
      ParameterSetName:
      - -g -n -e
      User-Agent:
      - python/3.5.3 (Windows-2012ServerR2-6.3.9600-SP0) msrest/0.6.11 msrest_azure/0.6.2
        azure-mgmt-sql/0.17.0 Azure-SDK-For-Python AZURECLI/2.1.0
    method: GET
    uri: https://management.azure.com/subscriptions/00000000-0000-0000-0000-000000000000/resourceGroups/clitest.rg000001/providers/Microsoft.Sql/locations/westeurope/serverAzureAsyncOperation/cf820306-9f49-44a8-93a5-96a1a678d159?api-version=2019-06-01-preview
  response:
    body:
      string: '{"name":"cf820306-9f49-44a8-93a5-96a1a678d159","status":"Succeeded","startTime":"2020-03-04T02:24:43.327Z"}'
    headers:
      cache-control:
      - no-cache
      content-length:
      - '107'
      content-type:
      - application/json; charset=utf-8
      date:
      - Wed, 04 Mar 2020 02:24:45 GMT
      expires:
      - '-1'
      pragma:
      - no-cache
      server:
      - Microsoft-HTTPAPI/2.0
      strict-transport-security:
      - max-age=31536000; includeSubDomains
      transfer-encoding:
      - chunked
      vary:
      - Accept-Encoding
      x-content-type-options:
      - nosniff
    status:
      code: 200
      message: OK
- request:
    body: null
    headers:
      Accept:
      - application/json
      Accept-Encoding:
      - gzip, deflate
      CommandName:
      - sql server update
      Connection:
      - keep-alive
      ParameterSetName:
      - -g -n -e
      User-Agent:
      - python/3.5.3 (Windows-2012ServerR2-6.3.9600-SP0) msrest/0.6.11 msrest_azure/0.6.2
        azure-mgmt-sql/0.17.0 Azure-SDK-For-Python AZURECLI/2.1.0
    method: GET
    uri: https://management.azure.com/subscriptions/00000000-0000-0000-0000-000000000000/resourceGroups/clitest.rg000001/providers/Microsoft.Sql/servers/clitestserver000002?api-version=2019-06-01-preview
  response:
    body:
      string: '{"identity":{"principalId":"545f1ba8-5fb0-492c-ab29-33b22df718bf","type":"SystemAssigned","tenantId":"72f988bf-86f1-41af-91ab-2d7cd011db47"},"kind":"v12.0","properties":{"administratorLogin":"admin123","version":"12.0","state":"Ready","fullyQualifiedDomainName":"clitestserver000002.database.windows.net","privateEndpointConnections":[],"publicNetworkAccess":"Enabled"},"location":"westeurope","id":"/subscriptions/00000000-0000-0000-0000-000000000000/resourceGroups/clitest.rg000001/providers/Microsoft.Sql/servers/clitestserver000002","name":"clitestserver000002","type":"Microsoft.Sql/servers"}'
    headers:
      cache-control:
      - no-cache
      content-length:
      - '785'
      content-type:
      - application/json; charset=utf-8
      date:
      - Wed, 04 Mar 2020 02:24:46 GMT
      expires:
      - '-1'
      pragma:
      - no-cache
      server:
      - Microsoft-HTTPAPI/2.0
      strict-transport-security:
      - max-age=31536000; includeSubDomains
      transfer-encoding:
      - chunked
      vary:
      - Accept-Encoding
      x-content-type-options:
      - nosniff
    status:
      code: 200
      message: OK
version: 1
