interactions:
- request:
    body: '{"location": "westeurope", "properties": {"administratorLogin": "admin123",
      "administratorLoginPassword": "SecretPassword123"}}'
    headers:
      Accept:
      - application/json
      Accept-Encoding:
      - gzip, deflate
      CommandName:
      - sql server create
      Connection:
      - keep-alive
      Content-Length:
      - '127'
      Content-Type:
      - application/json; charset=utf-8
      ParameterSetName:
      - -l -g -n -u -p
      User-Agent:
      - python/3.7.7 (Windows-10-10.0.19041-SP0) msrest/0.6.21 msrest_azure/0.6.3
        azure-mgmt-sql/0.26.0 Azure-SDK-For-Python AZURECLI/2.23.0
      accept-language:
      - en-US
    method: PUT
    uri: https://management.azure.com/subscriptions/00000000-0000-0000-0000-000000000000/resourceGroups/clitest.rg000001/providers/Microsoft.Sql/servers/clitestserver000003?api-version=2019-06-01-preview
  response:
    body:
      string: '{"operation":"UpsertLogicalServer","startTime":"2021-05-12T02:39:16.477Z"}'
    headers:
      azure-asyncoperation:
      - https://management.azure.com/subscriptions/00000000-0000-0000-0000-000000000000/resourceGroups/clitest.rg000001/providers/Microsoft.Sql/locations/westeurope/serverAzureAsyncOperation/caf5abde-8e46-48ec-a0f7-019c36dc0e7c?api-version=2019-06-01-preview
      cache-control:
      - no-cache
      content-length:
      - '74'
      content-type:
      - application/json; charset=utf-8
      date:
      - Wed, 12 May 2021 02:39:15 GMT
      expires:
      - '-1'
      location:
      - https://management.azure.com/subscriptions/00000000-0000-0000-0000-000000000000/resourceGroups/clitest.rg000001/providers/Microsoft.Sql/locations/westeurope/serverOperationResults/caf5abde-8e46-48ec-a0f7-019c36dc0e7c?api-version=2019-06-01-preview
      pragma:
      - no-cache
      server:
      - Microsoft-HTTPAPI/2.0
      strict-transport-security:
      - max-age=31536000; includeSubDomains
      x-content-type-options:
      - nosniff
      x-ms-ratelimit-remaining-subscription-writes:
      - '1188'
    status:
      code: 202
      message: Accepted
- request:
    body: null
    headers:
      Accept:
      - application/json
      Accept-Encoding:
      - gzip, deflate
      CommandName:
      - sql server create
      Connection:
      - keep-alive
      ParameterSetName:
      - -l -g -n -u -p
      User-Agent:
      - python/3.7.7 (Windows-10-10.0.19041-SP0) msrest/0.6.21 msrest_azure/0.6.3
        azure-mgmt-sql/0.26.0 Azure-SDK-For-Python AZURECLI/2.23.0
    method: GET
    uri: https://management.azure.com/subscriptions/00000000-0000-0000-0000-000000000000/resourceGroups/clitest.rg000001/providers/Microsoft.Sql/locations/westeurope/serverAzureAsyncOperation/caf5abde-8e46-48ec-a0f7-019c36dc0e7c?api-version=2019-06-01-preview
  response:
    body:
      string: '{"name":"caf5abde-8e46-48ec-a0f7-019c36dc0e7c","status":"InProgress","startTime":"2021-05-12T02:39:16.477Z"}'
    headers:
      cache-control:
      - no-cache
      content-length:
      - '108'
      content-type:
      - application/json; charset=utf-8
      date:
      - Wed, 12 May 2021 02:39:18 GMT
      expires:
      - '-1'
      pragma:
      - no-cache
      server:
      - Microsoft-HTTPAPI/2.0
      strict-transport-security:
      - max-age=31536000; includeSubDomains
      transfer-encoding:
      - chunked
      vary:
      - Accept-Encoding
      x-content-type-options:
      - nosniff
    status:
      code: 200
      message: OK
- request:
    body: null
    headers:
      Accept:
      - application/json
      Accept-Encoding:
      - gzip, deflate
      CommandName:
      - sql server create
      Connection:
      - keep-alive
      ParameterSetName:
      - -l -g -n -u -p
      User-Agent:
      - python/3.7.7 (Windows-10-10.0.19041-SP0) msrest/0.6.21 msrest_azure/0.6.3
        azure-mgmt-sql/0.26.0 Azure-SDK-For-Python AZURECLI/2.23.0
    method: GET
    uri: https://management.azure.com/subscriptions/00000000-0000-0000-0000-000000000000/resourceGroups/clitest.rg000001/providers/Microsoft.Sql/locations/westeurope/serverAzureAsyncOperation/caf5abde-8e46-48ec-a0f7-019c36dc0e7c?api-version=2019-06-01-preview
  response:
    body:
      string: '{"name":"caf5abde-8e46-48ec-a0f7-019c36dc0e7c","status":"InProgress","startTime":"2021-05-12T02:39:16.477Z"}'
    headers:
      cache-control:
      - no-cache
      content-length:
      - '108'
      content-type:
      - application/json; charset=utf-8
      date:
      - Wed, 12 May 2021 02:39:19 GMT
      expires:
      - '-1'
      pragma:
      - no-cache
      server:
      - Microsoft-HTTPAPI/2.0
      strict-transport-security:
      - max-age=31536000; includeSubDomains
      transfer-encoding:
      - chunked
      vary:
      - Accept-Encoding
      x-content-type-options:
      - nosniff
    status:
      code: 200
      message: OK
- request:
    body: null
    headers:
      Accept:
      - application/json
      Accept-Encoding:
      - gzip, deflate
      CommandName:
      - sql server create
      Connection:
      - keep-alive
      ParameterSetName:
      - -l -g -n -u -p
      User-Agent:
      - python/3.7.7 (Windows-10-10.0.19041-SP0) msrest/0.6.21 msrest_azure/0.6.3
        azure-mgmt-sql/0.26.0 Azure-SDK-For-Python AZURECLI/2.23.0
    method: GET
    uri: https://management.azure.com/subscriptions/00000000-0000-0000-0000-000000000000/resourceGroups/clitest.rg000001/providers/Microsoft.Sql/locations/westeurope/serverAzureAsyncOperation/caf5abde-8e46-48ec-a0f7-019c36dc0e7c?api-version=2019-06-01-preview
  response:
    body:
      string: '{"name":"caf5abde-8e46-48ec-a0f7-019c36dc0e7c","status":"InProgress","startTime":"2021-05-12T02:39:16.477Z"}'
    headers:
      cache-control:
      - no-cache
      content-length:
      - '108'
      content-type:
      - application/json; charset=utf-8
      date:
      - Wed, 12 May 2021 02:39:20 GMT
      expires:
      - '-1'
      pragma:
      - no-cache
      server:
      - Microsoft-HTTPAPI/2.0
      strict-transport-security:
      - max-age=31536000; includeSubDomains
      transfer-encoding:
      - chunked
      vary:
      - Accept-Encoding
      x-content-type-options:
      - nosniff
    status:
      code: 200
      message: OK
- request:
    body: null
    headers:
      Accept:
      - application/json
      Accept-Encoding:
      - gzip, deflate
      CommandName:
      - sql server create
      Connection:
      - keep-alive
      ParameterSetName:
      - -l -g -n -u -p
      User-Agent:
      - python/3.7.7 (Windows-10-10.0.19041-SP0) msrest/0.6.21 msrest_azure/0.6.3
        azure-mgmt-sql/0.26.0 Azure-SDK-For-Python AZURECLI/2.23.0
    method: GET
    uri: https://management.azure.com/subscriptions/00000000-0000-0000-0000-000000000000/resourceGroups/clitest.rg000001/providers/Microsoft.Sql/locations/westeurope/serverAzureAsyncOperation/caf5abde-8e46-48ec-a0f7-019c36dc0e7c?api-version=2019-06-01-preview
  response:
    body:
      string: '{"name":"caf5abde-8e46-48ec-a0f7-019c36dc0e7c","status":"InProgress","startTime":"2021-05-12T02:39:16.477Z"}'
    headers:
      cache-control:
      - no-cache
      content-length:
      - '108'
      content-type:
      - application/json; charset=utf-8
      date:
      - Wed, 12 May 2021 02:39:21 GMT
      expires:
      - '-1'
      pragma:
      - no-cache
      server:
      - Microsoft-HTTPAPI/2.0
      strict-transport-security:
      - max-age=31536000; includeSubDomains
      transfer-encoding:
      - chunked
      vary:
      - Accept-Encoding
      x-content-type-options:
      - nosniff
    status:
      code: 200
      message: OK
- request:
    body: null
    headers:
      Accept:
      - application/json
      Accept-Encoding:
      - gzip, deflate
      CommandName:
      - sql server create
      Connection:
      - keep-alive
      ParameterSetName:
      - -l -g -n -u -p
      User-Agent:
      - python/3.7.7 (Windows-10-10.0.19041-SP0) msrest/0.6.21 msrest_azure/0.6.3
        azure-mgmt-sql/0.26.0 Azure-SDK-For-Python AZURECLI/2.23.0
    method: GET
    uri: https://management.azure.com/subscriptions/00000000-0000-0000-0000-000000000000/resourceGroups/clitest.rg000001/providers/Microsoft.Sql/locations/westeurope/serverAzureAsyncOperation/caf5abde-8e46-48ec-a0f7-019c36dc0e7c?api-version=2019-06-01-preview
  response:
    body:
      string: '{"name":"caf5abde-8e46-48ec-a0f7-019c36dc0e7c","status":"InProgress","startTime":"2021-05-12T02:39:16.477Z"}'
    headers:
      cache-control:
      - no-cache
      content-length:
      - '108'
      content-type:
      - application/json; charset=utf-8
      date:
      - Wed, 12 May 2021 02:39:42 GMT
      expires:
      - '-1'
      pragma:
      - no-cache
      server:
      - Microsoft-HTTPAPI/2.0
      strict-transport-security:
      - max-age=31536000; includeSubDomains
      transfer-encoding:
      - chunked
      vary:
      - Accept-Encoding
      x-content-type-options:
      - nosniff
    status:
      code: 200
      message: OK
- request:
    body: null
    headers:
      Accept:
      - application/json
      Accept-Encoding:
      - gzip, deflate
      CommandName:
      - sql server create
      Connection:
      - keep-alive
      ParameterSetName:
      - -l -g -n -u -p
      User-Agent:
      - python/3.7.7 (Windows-10-10.0.19041-SP0) msrest/0.6.21 msrest_azure/0.6.3
        azure-mgmt-sql/0.26.0 Azure-SDK-For-Python AZURECLI/2.23.0
    method: GET
    uri: https://management.azure.com/subscriptions/00000000-0000-0000-0000-000000000000/resourceGroups/clitest.rg000001/providers/Microsoft.Sql/locations/westeurope/serverAzureAsyncOperation/caf5abde-8e46-48ec-a0f7-019c36dc0e7c?api-version=2019-06-01-preview
  response:
    body:
      string: '{"name":"caf5abde-8e46-48ec-a0f7-019c36dc0e7c","status":"InProgress","startTime":"2021-05-12T02:39:16.477Z"}'
    headers:
      cache-control:
      - no-cache
      content-length:
      - '108'
      content-type:
      - application/json; charset=utf-8
      date:
      - Wed, 12 May 2021 02:40:02 GMT
      expires:
      - '-1'
      pragma:
      - no-cache
      server:
      - Microsoft-HTTPAPI/2.0
      strict-transport-security:
      - max-age=31536000; includeSubDomains
      transfer-encoding:
      - chunked
      vary:
      - Accept-Encoding
      x-content-type-options:
      - nosniff
    status:
      code: 200
      message: OK
- request:
    body: null
    headers:
      Accept:
      - application/json
      Accept-Encoding:
      - gzip, deflate
      CommandName:
      - sql server create
      Connection:
      - keep-alive
      ParameterSetName:
      - -l -g -n -u -p
      User-Agent:
      - python/3.7.7 (Windows-10-10.0.19041-SP0) msrest/0.6.21 msrest_azure/0.6.3
        azure-mgmt-sql/0.26.0 Azure-SDK-For-Python AZURECLI/2.23.0
    method: GET
    uri: https://management.azure.com/subscriptions/00000000-0000-0000-0000-000000000000/resourceGroups/clitest.rg000001/providers/Microsoft.Sql/locations/westeurope/serverAzureAsyncOperation/caf5abde-8e46-48ec-a0f7-019c36dc0e7c?api-version=2019-06-01-preview
  response:
    body:
      string: '{"name":"caf5abde-8e46-48ec-a0f7-019c36dc0e7c","status":"Succeeded","startTime":"2021-05-12T02:39:16.477Z"}'
    headers:
      cache-control:
      - no-cache
      content-length:
      - '107'
      content-type:
      - application/json; charset=utf-8
      date:
      - Wed, 12 May 2021 02:40:22 GMT
      expires:
      - '-1'
      pragma:
      - no-cache
      server:
      - Microsoft-HTTPAPI/2.0
      strict-transport-security:
      - max-age=31536000; includeSubDomains
      transfer-encoding:
      - chunked
      vary:
      - Accept-Encoding
      x-content-type-options:
      - nosniff
    status:
      code: 200
      message: OK
- request:
    body: null
    headers:
      Accept:
      - application/json
      Accept-Encoding:
      - gzip, deflate
      CommandName:
      - sql server create
      Connection:
      - keep-alive
      ParameterSetName:
      - -l -g -n -u -p
      User-Agent:
      - python/3.7.7 (Windows-10-10.0.19041-SP0) msrest/0.6.21 msrest_azure/0.6.3
        azure-mgmt-sql/0.26.0 Azure-SDK-For-Python AZURECLI/2.23.0
    method: GET
    uri: https://management.azure.com/subscriptions/00000000-0000-0000-0000-000000000000/resourceGroups/clitest.rg000001/providers/Microsoft.Sql/servers/clitestserver000003?api-version=2019-06-01-preview
  response:
    body:
      string: '{"kind":"v12.0","properties":{"administratorLogin":"admin123","version":"12.0","state":"Ready","fullyQualifiedDomainName":"clitestserver000003.database.windows.net","privateEndpointConnections":[],"publicNetworkAccess":"Enabled"},"location":"westeurope","id":"/subscriptions/00000000-0000-0000-0000-000000000000/resourceGroups/clitest.rg000001/providers/Microsoft.Sql/servers/clitestserver000003","name":"clitestserver000003","type":"Microsoft.Sql/servers"}'
    headers:
      cache-control:
      - no-cache
      content-length:
      - '645'
      content-type:
      - application/json; charset=utf-8
      date:
      - Wed, 12 May 2021 02:40:22 GMT
      expires:
      - '-1'
      pragma:
      - no-cache
      server:
      - Microsoft-HTTPAPI/2.0
      strict-transport-security:
      - max-age=31536000; includeSubDomains
      transfer-encoding:
      - chunked
      vary:
      - Accept-Encoding
      x-content-type-options:
      - nosniff
    status:
      code: 200
      message: OK
- request:
    body: null
    headers:
      Accept:
      - application/json
      Accept-Encoding:
      - gzip, deflate
      CommandName:
      - storage account show
      Connection:
      - keep-alive
      ParameterSetName:
      - -g -n --query
      User-Agent:
      - AZURECLI/2.23.0 azsdk-python-azure-mgmt-storage/17.1.0 Python/3.7.7 (Windows-10-10.0.19041-SP0)
    method: GET
    uri: https://management.azure.com/subscriptions/00000000-0000-0000-0000-000000000000/resourceGroups/clitest.rg000001/providers/Microsoft.Storage/storageAccounts/clitest000004?api-version=2021-04-01
  response:
    body:
      string: '{"sku":{"name":"Standard_LRS","tier":"Standard"},"kind":"Storage","id":"/subscriptions/00000000-0000-0000-0000-000000000000/resourceGroups/clitest.rg000001/providers/Microsoft.Storage/storageAccounts/clitest000004","name":"clitest000004","type":"Microsoft.Storage/storageAccounts","location":"westus","tags":{},"properties":{"keyCreationTime":{"key1":"2021-05-12T02:40:28.0747440Z","key2":"2021-05-12T02:40:28.0747440Z"},"privateEndpointConnections":[],"networkAcls":{"bypass":"AzureServices","virtualNetworkRules":[],"ipRules":[],"defaultAction":"Allow"},"supportsHttpsTrafficOnly":true,"encryption":{"services":{"file":{"keyType":"Account","enabled":true,"lastEnabledTime":"2021-05-12T02:40:28.0747440Z"},"blob":{"keyType":"Account","enabled":true,"lastEnabledTime":"2021-05-12T02:40:28.0747440Z"}},"keySource":"Microsoft.Storage"},"provisioningState":"Succeeded","creationTime":"2021-05-12T02:40:27.9966173Z","primaryEndpoints":{"blob":"https://clitest000004.blob.core.windows.net/","queue":"https://clitest000004.queue.core.windows.net/","table":"https://clitest000004.table.core.windows.net/","file":"https://clitest000004.file.core.windows.net/"},"primaryLocation":"westus","statusOfPrimary":"available"}}'
    headers:
      cache-control:
      - no-cache
      content-length:
      - '1336'
      content-type:
      - application/json
      date:
      - Wed, 12 May 2021 02:41:16 GMT
      expires:
      - '-1'
      pragma:
      - no-cache
      server:
      - Microsoft-Azure-Storage-Resource-Provider/1.0,Microsoft-HTTPAPI/2.0 Microsoft-HTTPAPI/2.0
      strict-transport-security:
      - max-age=31536000; includeSubDomains
      transfer-encoding:
      - chunked
      vary:
      - Accept-Encoding
      x-content-type-options:
      - nosniff
    status:
      code: 200
      message: OK
- request:
    body: null
    headers:
      Accept:
      - application/json
      Accept-Encoding:
      - gzip, deflate
      CommandName:
      - storage account keys list
      Connection:
      - keep-alive
      Content-Length:
      - '0'
      ParameterSetName:
      - -g -n --query
      User-Agent:
      - AZURECLI/2.23.0 azsdk-python-azure-mgmt-storage/17.1.0 Python/3.7.7 (Windows-10-10.0.19041-SP0)
    method: POST
    uri: https://management.azure.com/subscriptions/00000000-0000-0000-0000-000000000000/resourceGroups/clitest.rg000001/providers/Microsoft.Storage/storageAccounts/clitest000004/listKeys?api-version=2021-04-01&$expand=kerb
  response:
    body:
      string: '{"keys":[{"creationTime":"2021-05-12T02:40:28.0747440Z","keyName":"key1","value":"veryFakedStorageAccountKey==","permissions":"FULL"},{"creationTime":"2021-05-12T02:40:28.0747440Z","keyName":"key2","value":"veryFakedStorageAccountKey==","permissions":"FULL"}]}'
    headers:
      cache-control:
      - no-cache
      content-length:
      - '380'
      content-type:
      - application/json
      date:
      - Wed, 12 May 2021 02:41:16 GMT
      expires:
      - '-1'
      pragma:
      - no-cache
      server:
      - Microsoft-Azure-Storage-Resource-Provider/1.0,Microsoft-HTTPAPI/2.0 Microsoft-HTTPAPI/2.0
      strict-transport-security:
      - max-age=31536000; includeSubDomains
      transfer-encoding:
      - chunked
      vary:
      - Accept-Encoding
      x-content-type-options:
      - nosniff
      x-ms-ratelimit-remaining-subscription-resource-requests:
      - '11996'
    status:
      code: 200
      message: OK
- request:
    body: null
    headers:
      Accept:
      - application/json
      Accept-Encoding:
      - gzip, deflate
      CommandName:
      - sql db create
      Connection:
      - keep-alive
      ParameterSetName:
      - -g -s -n
      User-Agent:
      - python/3.7.7 (Windows-10-10.0.19041-SP0) msrest/0.6.21 msrest_azure/0.6.3
        azure-mgmt-sql/0.26.0 Azure-SDK-For-Python AZURECLI/2.23.0
      accept-language:
      - en-US
    method: GET
    uri: https://management.azure.com/subscriptions/00000000-0000-0000-0000-000000000000/resourceGroups/clitest.rg000001/providers/Microsoft.Sql/servers/clitestserver000003?api-version=2019-06-01-preview
  response:
    body:
      string: '{"kind":"v12.0","properties":{"administratorLogin":"admin123","version":"12.0","state":"Ready","fullyQualifiedDomainName":"clitestserver000003.database.windows.net","privateEndpointConnections":[],"publicNetworkAccess":"Enabled"},"location":"westeurope","id":"/subscriptions/00000000-0000-0000-0000-000000000000/resourceGroups/clitest.rg000001/providers/Microsoft.Sql/servers/clitestserver000003","name":"clitestserver000003","type":"Microsoft.Sql/servers"}'
    headers:
      cache-control:
      - no-cache
      content-length:
      - '645'
      content-type:
      - application/json; charset=utf-8
      date:
      - Wed, 12 May 2021 02:41:17 GMT
      expires:
      - '-1'
      pragma:
      - no-cache
      server:
      - Microsoft-HTTPAPI/2.0
      strict-transport-security:
      - max-age=31536000; includeSubDomains
      transfer-encoding:
      - chunked
      vary:
      - Accept-Encoding
      x-content-type-options:
      - nosniff
    status:
      code: 200
      message: OK
- request:
    body: null
    headers:
      Accept:
      - application/json
      Accept-Encoding:
      - gzip, deflate
      CommandName:
      - sql db create
      Connection:
      - keep-alive
      ParameterSetName:
      - -g -s -n
      User-Agent:
      - python/3.7.7 (Windows-10-10.0.19041-SP0) msrest/0.6.21 msrest_azure/0.6.3
        azure-mgmt-sql/0.26.0 Azure-SDK-For-Python AZURECLI/2.23.0
      accept-language:
      - en-US
    method: GET
    uri: https://management.azure.com/subscriptions/00000000-0000-0000-0000-000000000000/resourceGroups/clitest.rg000001/providers/Microsoft.Sql/servers/clitestserver000003?api-version=2019-06-01-preview
  response:
    body:
      string: '{"kind":"v12.0","properties":{"administratorLogin":"admin123","version":"12.0","state":"Ready","fullyQualifiedDomainName":"clitestserver000003.database.windows.net","privateEndpointConnections":[],"publicNetworkAccess":"Enabled"},"location":"westeurope","id":"/subscriptions/00000000-0000-0000-0000-000000000000/resourceGroups/clitest.rg000001/providers/Microsoft.Sql/servers/clitestserver000003","name":"clitestserver000003","type":"Microsoft.Sql/servers"}'
    headers:
      cache-control:
      - no-cache
      content-length:
      - '645'
      content-type:
      - application/json; charset=utf-8
      date:
      - Wed, 12 May 2021 02:41:17 GMT
      expires:
      - '-1'
      pragma:
      - no-cache
      server:
      - Microsoft-HTTPAPI/2.0
      strict-transport-security:
      - max-age=31536000; includeSubDomains
      transfer-encoding:
      - chunked
      vary:
      - Accept-Encoding
      x-content-type-options:
      - nosniff
    status:
      code: 200
      message: OK
- request:
    body: '{"location": "westeurope"}'
    headers:
      Accept:
      - application/json
      Accept-Encoding:
      - gzip, deflate
      CommandName:
      - sql db create
      Connection:
      - keep-alive
      Content-Length:
      - '26'
      Content-Type:
      - application/json; charset=utf-8
      ParameterSetName:
      - -g -s -n
      User-Agent:
      - python/3.7.7 (Windows-10-10.0.19041-SP0) msrest/0.6.21 msrest_azure/0.6.3
        azure-mgmt-sql/0.26.0 Azure-SDK-For-Python AZURECLI/2.23.0
      accept-language:
      - en-US
    method: PUT
    uri: https://management.azure.com/subscriptions/00000000-0000-0000-0000-000000000000/resourceGroups/clitest.rg000001/providers/Microsoft.Sql/servers/clitestserver000003/databases/cliautomationdb01?api-version=2020-08-01-preview
  response:
    body:
      string: '{"operation":"CreateLogicalDatabase","startTime":"2021-05-12T02:41:24.863Z"}'
    headers:
      azure-asyncoperation:
      - https://management.azure.com/subscriptions/00000000-0000-0000-0000-000000000000/resourceGroups/clitest.rg000001/providers/Microsoft.Sql/locations/westeurope/databaseAzureAsyncOperation/03d6834d-6e74-4bdc-b27a-136836d25382?api-version=2020-08-01-preview
      cache-control:
      - no-cache
      content-length:
      - '76'
      content-type:
      - application/json; charset=utf-8
      date:
      - Wed, 12 May 2021 02:41:24 GMT
      expires:
      - '-1'
      location:
      - https://management.azure.com/subscriptions/00000000-0000-0000-0000-000000000000/resourceGroups/clitest.rg000001/providers/Microsoft.Sql/locations/westeurope/databaseOperationResults/03d6834d-6e74-4bdc-b27a-136836d25382?api-version=2020-08-01-preview
      pragma:
      - no-cache
      server:
      - Microsoft-HTTPAPI/2.0
      strict-transport-security:
      - max-age=31536000; includeSubDomains
      x-content-type-options:
      - nosniff
      x-ms-ratelimit-remaining-subscription-writes:
      - '1187'
    status:
      code: 202
      message: Accepted
- request:
    body: null
    headers:
      Accept:
      - application/json
      Accept-Encoding:
      - gzip, deflate
      CommandName:
      - sql db create
      Connection:
      - keep-alive
      ParameterSetName:
      - -g -s -n
      User-Agent:
      - python/3.7.7 (Windows-10-10.0.19041-SP0) msrest/0.6.21 msrest_azure/0.6.3
        azure-mgmt-sql/0.26.0 Azure-SDK-For-Python AZURECLI/2.23.0
    method: GET
    uri: https://management.azure.com/subscriptions/00000000-0000-0000-0000-000000000000/resourceGroups/clitest.rg000001/providers/Microsoft.Sql/locations/westeurope/databaseAzureAsyncOperation/03d6834d-6e74-4bdc-b27a-136836d25382?api-version=2020-08-01-preview
  response:
    body:
      string: '{"name":"03d6834d-6e74-4bdc-b27a-136836d25382","status":"InProgress","startTime":"2021-05-12T02:41:24.863Z"}'
    headers:
      cache-control:
      - no-cache
      content-length:
      - '108'
      content-type:
      - application/json; charset=utf-8
      date:
      - Wed, 12 May 2021 02:41:40 GMT
      expires:
      - '-1'
      pragma:
      - no-cache
      server:
      - Microsoft-HTTPAPI/2.0
      strict-transport-security:
      - max-age=31536000; includeSubDomains
      transfer-encoding:
      - chunked
      vary:
      - Accept-Encoding
      x-content-type-options:
      - nosniff
    status:
      code: 200
      message: OK
- request:
    body: null
    headers:
      Accept:
      - application/json
      Accept-Encoding:
      - gzip, deflate
      CommandName:
      - sql db create
      Connection:
      - keep-alive
      ParameterSetName:
      - -g -s -n
      User-Agent:
      - python/3.7.7 (Windows-10-10.0.19041-SP0) msrest/0.6.21 msrest_azure/0.6.3
        azure-mgmt-sql/0.26.0 Azure-SDK-For-Python AZURECLI/2.23.0
    method: GET
    uri: https://management.azure.com/subscriptions/00000000-0000-0000-0000-000000000000/resourceGroups/clitest.rg000001/providers/Microsoft.Sql/locations/westeurope/databaseAzureAsyncOperation/03d6834d-6e74-4bdc-b27a-136836d25382?api-version=2020-08-01-preview
  response:
    body:
      string: '{"name":"03d6834d-6e74-4bdc-b27a-136836d25382","status":"InProgress","startTime":"2021-05-12T02:41:24.863Z"}'
    headers:
      cache-control:
      - no-cache
      content-length:
      - '108'
      content-type:
      - application/json; charset=utf-8
      date:
      - Wed, 12 May 2021 02:41:55 GMT
      expires:
      - '-1'
      pragma:
      - no-cache
      server:
      - Microsoft-HTTPAPI/2.0
      strict-transport-security:
      - max-age=31536000; includeSubDomains
      transfer-encoding:
      - chunked
      vary:
      - Accept-Encoding
      x-content-type-options:
      - nosniff
    status:
      code: 200
      message: OK
- request:
    body: null
    headers:
      Accept:
      - application/json
      Accept-Encoding:
      - gzip, deflate
      CommandName:
      - sql db create
      Connection:
      - keep-alive
      ParameterSetName:
      - -g -s -n
      User-Agent:
      - python/3.7.7 (Windows-10-10.0.19041-SP0) msrest/0.6.21 msrest_azure/0.6.3
        azure-mgmt-sql/0.26.0 Azure-SDK-For-Python AZURECLI/2.23.0
    method: GET
    uri: https://management.azure.com/subscriptions/00000000-0000-0000-0000-000000000000/resourceGroups/clitest.rg000001/providers/Microsoft.Sql/locations/westeurope/databaseAzureAsyncOperation/03d6834d-6e74-4bdc-b27a-136836d25382?api-version=2020-08-01-preview
  response:
    body:
      string: '{"name":"03d6834d-6e74-4bdc-b27a-136836d25382","status":"InProgress","startTime":"2021-05-12T02:41:24.863Z"}'
    headers:
      cache-control:
      - no-cache
      content-length:
      - '108'
      content-type:
      - application/json; charset=utf-8
      date:
      - Wed, 12 May 2021 02:42:10 GMT
      expires:
      - '-1'
      pragma:
      - no-cache
      server:
      - Microsoft-HTTPAPI/2.0
      strict-transport-security:
      - max-age=31536000; includeSubDomains
      transfer-encoding:
      - chunked
      vary:
      - Accept-Encoding
      x-content-type-options:
      - nosniff
    status:
      code: 200
      message: OK
- request:
    body: null
    headers:
      Accept:
      - application/json
      Accept-Encoding:
      - gzip, deflate
      CommandName:
      - sql db create
      Connection:
      - keep-alive
      ParameterSetName:
      - -g -s -n
      User-Agent:
      - python/3.7.7 (Windows-10-10.0.19041-SP0) msrest/0.6.21 msrest_azure/0.6.3
        azure-mgmt-sql/0.26.0 Azure-SDK-For-Python AZURECLI/2.23.0
    method: GET
    uri: https://management.azure.com/subscriptions/00000000-0000-0000-0000-000000000000/resourceGroups/clitest.rg000001/providers/Microsoft.Sql/locations/westeurope/databaseAzureAsyncOperation/03d6834d-6e74-4bdc-b27a-136836d25382?api-version=2020-08-01-preview
  response:
    body:
      string: '{"name":"03d6834d-6e74-4bdc-b27a-136836d25382","status":"Succeeded","startTime":"2021-05-12T02:41:24.863Z"}'
    headers:
      cache-control:
      - no-cache
      content-length:
      - '107'
      content-type:
      - application/json; charset=utf-8
      date:
      - Wed, 12 May 2021 02:42:26 GMT
      expires:
      - '-1'
      pragma:
      - no-cache
      server:
      - Microsoft-HTTPAPI/2.0
      strict-transport-security:
      - max-age=31536000; includeSubDomains
      transfer-encoding:
      - chunked
      vary:
      - Accept-Encoding
      x-content-type-options:
      - nosniff
    status:
      code: 200
      message: OK
- request:
    body: null
    headers:
      Accept:
      - application/json
      Accept-Encoding:
      - gzip, deflate
      CommandName:
      - sql db create
      Connection:
      - keep-alive
      ParameterSetName:
      - -g -s -n
      User-Agent:
      - python/3.7.7 (Windows-10-10.0.19041-SP0) msrest/0.6.21 msrest_azure/0.6.3
        azure-mgmt-sql/0.26.0 Azure-SDK-For-Python AZURECLI/2.23.0
    method: GET
    uri: https://management.azure.com/subscriptions/00000000-0000-0000-0000-000000000000/resourceGroups/clitest.rg000001/providers/Microsoft.Sql/servers/clitestserver000003/databases/cliautomationdb01?api-version=2020-08-01-preview
  response:
    body:
      string: '{"sku":{"name":"GP_Gen5","tier":"GeneralPurpose","family":"Gen5","capacity":2},"kind":"v12.0,user,vcore","properties":{"collation":"SQL_Latin1_General_CP1_CI_AS","maxSizeBytes":34359738368,"status":"Online","databaseId":"8f335a30-25ed-478b-857f-cbfb662d2d28","creationDate":"2021-05-12T02:42:13.503Z","currentServiceObjectiveName":"GP_Gen5_2","requestedServiceObjectiveName":"GP_Gen5_2","defaultSecondaryLocation":"northeurope","catalogCollation":"SQL_Latin1_General_CP1_CI_AS","zoneRedundant":false,"licenseType":"LicenseIncluded","maxLogSizeBytes":68719476736,"readScale":"Disabled","currentSku":{"name":"GP_Gen5","tier":"GeneralPurpose","family":"Gen5","capacity":2},"storageAccountType":"GRS","maintenanceConfigurationId":"/subscriptions/00000000-0000-0000-0000-000000000000/providers/Microsoft.Maintenance/publicMaintenanceConfigurations/SQL_Default"},"location":"westeurope","id":"/subscriptions/00000000-0000-0000-0000-000000000000/resourceGroups/clitest.rg000001/providers/Microsoft.Sql/servers/clitestserver000003/databases/cliautomationdb01","name":"cliautomationdb01","type":"Microsoft.Sql/servers/databases"}'
    headers:
      cache-control:
      - no-cache
      content-length:
      - '1222'
      content-type:
      - application/json; charset=utf-8
      date:
      - Wed, 12 May 2021 02:42:26 GMT
      expires:
      - '-1'
      pragma:
      - no-cache
      server:
      - Microsoft-HTTPAPI/2.0
      strict-transport-security:
      - max-age=31536000; includeSubDomains
      transfer-encoding:
      - chunked
      vary:
      - Accept-Encoding
      x-content-type-options:
      - nosniff
    status:
      code: 200
      message: OK
- request:
    body: null
    headers:
      Accept:
      - application/json
      Accept-Encoding:
      - gzip, deflate
      CommandName:
      - sql db audit-policy show
      Connection:
      - keep-alive
      ParameterSetName:
      - -g -s -n
      User-Agent:
      - python/3.7.7 (Windows-10-10.0.19041-SP0) msrest/0.6.21 msrest_azure/0.6.3
        azure-mgmt-sql/0.26.0 Azure-SDK-For-Python AZURECLI/2.23.0
      accept-language:
      - en-US
    method: GET
    uri: https://management.azure.com/subscriptions/00000000-0000-0000-0000-000000000000/resourceGroups/clitest.rg000001/providers/Microsoft.Sql/servers/clitestserver000003/databases/cliautomationdb01/auditingSettings/default?api-version=2017-03-01-preview
  response:
    body:
      string: '{"properties":{"retentionDays":0,"isAzureMonitorTargetEnabled":false,"state":"Disabled","storageAccountSubscriptionId":"00000000-0000-0000-0000-000000000000"},"id":"/subscriptions/00000000-0000-0000-0000-000000000000/resourceGroups/clitest.rg000001/providers/Microsoft.Sql/servers/clitestserver000003/databases/cliautomationdb01/auditingSettings/Default","name":"Default","type":"Microsoft.Sql/servers/databases/auditingSettings"}'
    headers:
      cache-control:
      - no-cache
      content-length:
      - '532'
      content-type:
      - application/json; charset=utf-8
      date:
      - Wed, 12 May 2021 02:42:27 GMT
      expires:
      - '-1'
      pragma:
      - no-cache
      server:
      - Microsoft-HTTPAPI/2.0
      strict-transport-security:
      - max-age=31536000; includeSubDomains
      transfer-encoding:
      - chunked
      vary:
      - Accept-Encoding
      x-content-type-options:
      - nosniff
    status:
      code: 200
      message: OK
- request:
    body: null
    headers:
      Accept:
      - application/json
      Accept-Encoding:
      - gzip, deflate
      CommandName:
      - sql db audit-policy update
      Connection:
      - keep-alive
      ParameterSetName:
      - -g -s -n --state --blob-storage-target-state --storage-key --storage-endpoint
        --retention-days --actions
      User-Agent:
      - python/3.7.7 (Windows-10-10.0.19041-SP0) msrest/0.6.21 msrest_azure/0.6.3
        azure-mgmt-sql/0.26.0 Azure-SDK-For-Python AZURECLI/2.23.0
      accept-language:
      - en-US
    method: GET
    uri: https://management.azure.com/subscriptions/00000000-0000-0000-0000-000000000000/resourceGroups/clitest.rg000001/providers/Microsoft.Sql/servers/clitestserver000003/databases/cliautomationdb01/auditingSettings/default?api-version=2017-03-01-preview
  response:
    body:
      string: '{"properties":{"retentionDays":0,"isAzureMonitorTargetEnabled":false,"state":"Disabled","storageAccountSubscriptionId":"00000000-0000-0000-0000-000000000000"},"id":"/subscriptions/00000000-0000-0000-0000-000000000000/resourceGroups/clitest.rg000001/providers/Microsoft.Sql/servers/clitestserver000003/databases/cliautomationdb01/auditingSettings/Default","name":"Default","type":"Microsoft.Sql/servers/databases/auditingSettings"}'
    headers:
      cache-control:
      - no-cache
      content-length:
      - '532'
      content-type:
      - application/json; charset=utf-8
      date:
      - Wed, 12 May 2021 02:42:28 GMT
      expires:
      - '-1'
      pragma:
      - no-cache
      server:
      - Microsoft-HTTPAPI/2.0
      strict-transport-security:
      - max-age=31536000; includeSubDomains
      transfer-encoding:
      - chunked
      vary:
      - Accept-Encoding
      x-content-type-options:
      - nosniff
    status:
      code: 200
      message: OK
- request:
    body: '{"properties": {"state": "Enabled", "storageEndpoint": "https://clitest000004.blob.core.windows.net/",
      "storageAccountAccessKey": "veryFakedStorageAccountKey==", "retentionDays":
      30, "auditActionsAndGroups": ["DATABASE_LOGOUT_GROUP", "DATABASE_ROLE_MEMBER_CHANGE_GROUP"],
      "storageAccountSubscriptionId": "00000000-0000-0000-0000-000000000000", "isAzureMonitorTargetEnabled":
      false}}'
    headers:
      Accept:
      - application/json
      Accept-Encoding:
      - gzip, deflate
      CommandName:
      - sql db audit-policy update
      Connection:
      - keep-alive
      Content-Length:
      - '453'
      Content-Type:
      - application/json; charset=utf-8
      ParameterSetName:
      - -g -s -n --state --blob-storage-target-state --storage-key --storage-endpoint
        --retention-days --actions
      User-Agent:
      - python/3.7.7 (Windows-10-10.0.19041-SP0) msrest/0.6.21 msrest_azure/0.6.3
        azure-mgmt-sql/0.26.0 Azure-SDK-For-Python AZURECLI/2.23.0
      accept-language:
      - en-US
    method: PUT
    uri: https://management.azure.com/subscriptions/00000000-0000-0000-0000-000000000000/resourceGroups/clitest.rg000001/providers/Microsoft.Sql/servers/clitestserver000003/databases/cliautomationdb01/auditingSettings/default?api-version=2017-03-01-preview
  response:
    body:
      string: '{"properties":{"retentionDays":30,"auditActionsAndGroups":["DATABASE_LOGOUT_GROUP","DATABASE_ROLE_MEMBER_CHANGE_GROUP"],"isAzureMonitorTargetEnabled":false,"state":"Enabled","storageEndpoint":"https://clitest000004.blob.core.windows.net/","storageAccountSubscriptionId":"00000000-0000-0000-0000-000000000000"},"id":"/subscriptions/00000000-0000-0000-0000-000000000000/resourceGroups/clitest.rg000001/providers/Microsoft.Sql/servers/clitestserver000003/databases/cliautomationdb01/auditingSettings/Default","name":"Default","type":"Microsoft.Sql/servers/databases/auditingSettings"}'
    headers:
      cache-control:
      - no-cache
      content-length:
      - '694'
      content-type:
      - application/json; charset=utf-8
      date:
      - Wed, 12 May 2021 02:42:31 GMT
      expires:
      - '-1'
      pragma:
      - no-cache
      server:
      - Microsoft-HTTPAPI/2.0
      strict-transport-security:
      - max-age=31536000; includeSubDomains
      x-content-type-options:
      - nosniff
      x-ms-ratelimit-remaining-subscription-writes:
      - '1196'
    status:
      code: 201
      message: Created
- request:
    body: null
    headers:
      Accept:
      - application/json
      Accept-Encoding:
      - gzip, deflate
      CommandName:
      - sql db audit-policy show
      Connection:
      - keep-alive
      ParameterSetName:
      - -g -s -n
      User-Agent:
      - python/3.7.7 (Windows-10-10.0.19041-SP0) msrest/0.6.21 msrest_azure/0.6.3
        azure-mgmt-sql/0.26.0 Azure-SDK-For-Python AZURECLI/2.23.0
      accept-language:
      - en-US
    method: GET
    uri: https://management.azure.com/subscriptions/00000000-0000-0000-0000-000000000000/resourceGroups/clitest.rg000001/providers/Microsoft.Sql/servers/clitestserver000003/databases/cliautomationdb01/auditingSettings/default?api-version=2017-03-01-preview
  response:
    body:
      string: '{"properties":{"retentionDays":30,"auditActionsAndGroups":["DATABASE_LOGOUT_GROUP","DATABASE_ROLE_MEMBER_CHANGE_GROUP"],"isStorageSecondaryKeyInUse":false,"isAzureMonitorTargetEnabled":false,"state":"Enabled","storageEndpoint":"https://clitest000004.blob.core.windows.net/","storageAccountSubscriptionId":"00000000-0000-0000-0000-000000000000"},"id":"/subscriptions/00000000-0000-0000-0000-000000000000/resourceGroups/clitest.rg000001/providers/Microsoft.Sql/servers/clitestserver000003/databases/cliautomationdb01/auditingSettings/Default","name":"Default","type":"Microsoft.Sql/servers/databases/auditingSettings"}'
    headers:
      cache-control:
      - no-cache
      content-length:
      - '729'
      content-type:
      - application/json; charset=utf-8
      date:
      - Wed, 12 May 2021 02:42:31 GMT
      expires:
      - '-1'
      pragma:
      - no-cache
      server:
      - Microsoft-HTTPAPI/2.0
      strict-transport-security:
      - max-age=31536000; includeSubDomains
      transfer-encoding:
      - chunked
      vary:
      - Accept-Encoding
      x-content-type-options:
      - nosniff
    status:
      code: 200
      message: OK
- request:
    body: null
    headers:
      Accept:
      - application/json
      Accept-Encoding:
      - gzip, deflate
      CommandName:
      - storage account show
      Connection:
      - keep-alive
      ParameterSetName:
      - -g -n --query
      User-Agent:
      - AZURECLI/2.23.0 azsdk-python-azure-mgmt-storage/17.1.0 Python/3.7.7 (Windows-10-10.0.19041-SP0)
    method: GET
    uri: https://management.azure.com/subscriptions/00000000-0000-0000-0000-000000000000/resourceGroups/clitest.rg000002/providers/Microsoft.Storage/storageAccounts/clitest000005?api-version=2021-04-01
  response:
    body:
      string: '{"sku":{"name":"Standard_LRS","tier":"Standard"},"kind":"Storage","id":"/subscriptions/00000000-0000-0000-0000-000000000000/resourceGroups/clitest.rg000002/providers/Microsoft.Storage/storageAccounts/clitest000005","name":"clitest000005","type":"Microsoft.Storage/storageAccounts","location":"westus","tags":{},"properties":{"keyCreationTime":{"key1":"2021-05-12T02:40:54.6372363Z","key2":"2021-05-12T02:40:54.6372363Z"},"privateEndpointConnections":[],"networkAcls":{"bypass":"AzureServices","virtualNetworkRules":[],"ipRules":[],"defaultAction":"Allow"},"supportsHttpsTrafficOnly":true,"encryption":{"services":{"file":{"keyType":"Account","enabled":true,"lastEnabledTime":"2021-05-12T02:40:54.6372363Z"},"blob":{"keyType":"Account","enabled":true,"lastEnabledTime":"2021-05-12T02:40:54.6372363Z"}},"keySource":"Microsoft.Storage"},"provisioningState":"Succeeded","creationTime":"2021-05-12T02:40:54.5435098Z","primaryEndpoints":{"blob":"https://clitest000005.blob.core.windows.net/","queue":"https://clitest000005.queue.core.windows.net/","table":"https://clitest000005.table.core.windows.net/","file":"https://clitest000005.file.core.windows.net/"},"primaryLocation":"westus","statusOfPrimary":"available"}}'
    headers:
      cache-control:
      - no-cache
      content-length:
      - '1336'
      content-type:
      - application/json
      date:
      - Wed, 12 May 2021 02:42:33 GMT
      expires:
      - '-1'
      pragma:
      - no-cache
      server:
      - Microsoft-Azure-Storage-Resource-Provider/1.0,Microsoft-HTTPAPI/2.0 Microsoft-HTTPAPI/2.0
      strict-transport-security:
      - max-age=31536000; includeSubDomains
      transfer-encoding:
      - chunked
      vary:
      - Accept-Encoding
      x-content-type-options:
      - nosniff
    status:
      code: 200
      message: OK
- request:
    body: null
    headers:
      Accept:
      - application/json
      Accept-Encoding:
      - gzip, deflate
      CommandName:
      - sql db audit-policy update
      Connection:
      - keep-alive
      ParameterSetName:
      - -g -s -n --blob-storage-target-state --storage-account
      User-Agent:
      - python/3.7.7 (Windows-10-10.0.19041-SP0) msrest/0.6.21 msrest_azure/0.6.3
        azure-mgmt-sql/0.26.0 Azure-SDK-For-Python AZURECLI/2.23.0
      accept-language:
      - en-US
    method: GET
    uri: https://management.azure.com/subscriptions/00000000-0000-0000-0000-000000000000/resourceGroups/clitest.rg000001/providers/Microsoft.Sql/servers/clitestserver000003/databases/cliautomationdb01/auditingSettings/default?api-version=2017-03-01-preview
  response:
    body:
      string: '{"properties":{"retentionDays":30,"auditActionsAndGroups":["DATABASE_LOGOUT_GROUP","DATABASE_ROLE_MEMBER_CHANGE_GROUP"],"isStorageSecondaryKeyInUse":false,"isAzureMonitorTargetEnabled":false,"state":"Enabled","storageEndpoint":"https://clitest000004.blob.core.windows.net/","storageAccountSubscriptionId":"00000000-0000-0000-0000-000000000000"},"id":"/subscriptions/00000000-0000-0000-0000-000000000000/resourceGroups/clitest.rg000001/providers/Microsoft.Sql/servers/clitestserver000003/databases/cliautomationdb01/auditingSettings/Default","name":"Default","type":"Microsoft.Sql/servers/databases/auditingSettings"}'
    headers:
      cache-control:
      - no-cache
      content-length:
      - '729'
      content-type:
      - application/json; charset=utf-8
      date:
      - Wed, 12 May 2021 02:42:33 GMT
      expires:
      - '-1'
      pragma:
      - no-cache
      server:
      - Microsoft-HTTPAPI/2.0
      strict-transport-security:
      - max-age=31536000; includeSubDomains
      transfer-encoding:
      - chunked
      vary:
      - Accept-Encoding
      x-content-type-options:
      - nosniff
    status:
      code: 200
      message: OK
- request:
    body: null
    headers:
      Accept:
      - application/json
      Accept-Encoding:
      - gzip, deflate
      CommandName:
      - sql db audit-policy update
      Connection:
      - keep-alive
      ParameterSetName:
      - -g -s -n --blob-storage-target-state --storage-account
      User-Agent:
      - python/3.7.7 (Windows-10-10.0.19041-SP0) msrest/0.6.21 msrest_azure/0.6.3
        azure-mgmt-resource/12.1.0 Azure-SDK-For-Python AZURECLI/2.23.0
      accept-language:
      - en-US
    method: GET
    uri: https://management.azure.com/subscriptions/00000000-0000-0000-0000-000000000000/resources?$filter=name%20eq%20%27clitest000005%27%20and%20%28resourceType%20eq%20%27Microsoft.Storage%2FstorageAccounts%27%20or%20resourceType%20eq%20%27Microsoft.ClassicStorage%2FstorageAccounts%27%29&api-version=2020-10-01
  response:
    body:
      string: '{"value":[{"id":"/subscriptions/00000000-0000-0000-0000-000000000000/resourceGroups/clitest.rg000002/providers/Microsoft.Storage/storageAccounts/clitest000005","name":"clitest000005","type":"Microsoft.Storage/storageAccounts","sku":{"name":"Standard_LRS","tier":"Standard"},"kind":"Storage","location":"westus","tags":{}}]}'
    headers:
      cache-control:
      - no-cache
      content-length:
      - '404'
      content-type:
      - application/json; charset=utf-8
      date:
      - Wed, 12 May 2021 02:42:33 GMT
      expires:
      - '-1'
      pragma:
      - no-cache
      strict-transport-security:
      - max-age=31536000; includeSubDomains
      vary:
      - Accept-Encoding
      x-content-type-options:
      - nosniff
    status:
      code: 200
      message: OK
- request:
    body: null
    headers:
      Accept:
      - application/json
      Accept-Encoding:
      - gzip, deflate
      CommandName:
      - sql db audit-policy update
      Connection:
      - keep-alive
      ParameterSetName:
      - -g -s -n --blob-storage-target-state --storage-account
      User-Agent:
      - AZURECLI/2.23.0 azsdk-python-azure-mgmt-storage/17.1.0 Python/3.7.7 (Windows-10-10.0.19041-SP0)
    method: GET
    uri: https://management.azure.com/subscriptions/00000000-0000-0000-0000-000000000000/resourceGroups/clitest.rg000002/providers/Microsoft.Storage/storageAccounts/clitest000005?api-version=2021-04-01
  response:
    body:
      string: '{"sku":{"name":"Standard_LRS","tier":"Standard"},"kind":"Storage","id":"/subscriptions/00000000-0000-0000-0000-000000000000/resourceGroups/clitest.rg000002/providers/Microsoft.Storage/storageAccounts/clitest000005","name":"clitest000005","type":"Microsoft.Storage/storageAccounts","location":"westus","tags":{},"properties":{"keyCreationTime":{"key1":"2021-05-12T02:40:54.6372363Z","key2":"2021-05-12T02:40:54.6372363Z"},"privateEndpointConnections":[],"networkAcls":{"bypass":"AzureServices","virtualNetworkRules":[],"ipRules":[],"defaultAction":"Allow"},"supportsHttpsTrafficOnly":true,"encryption":{"services":{"file":{"keyType":"Account","enabled":true,"lastEnabledTime":"2021-05-12T02:40:54.6372363Z"},"blob":{"keyType":"Account","enabled":true,"lastEnabledTime":"2021-05-12T02:40:54.6372363Z"}},"keySource":"Microsoft.Storage"},"provisioningState":"Succeeded","creationTime":"2021-05-12T02:40:54.5435098Z","primaryEndpoints":{"blob":"https://clitest000005.blob.core.windows.net/","queue":"https://clitest000005.queue.core.windows.net/","table":"https://clitest000005.table.core.windows.net/","file":"https://clitest000005.file.core.windows.net/"},"primaryLocation":"westus","statusOfPrimary":"available"}}'
    headers:
      cache-control:
      - no-cache
      content-length:
      - '1336'
      content-type:
      - application/json
      date:
      - Wed, 12 May 2021 02:42:34 GMT
      expires:
      - '-1'
      pragma:
      - no-cache
      server:
      - Microsoft-Azure-Storage-Resource-Provider/1.0,Microsoft-HTTPAPI/2.0 Microsoft-HTTPAPI/2.0
      strict-transport-security:
      - max-age=31536000; includeSubDomains
      transfer-encoding:
      - chunked
      vary:
      - Accept-Encoding
      x-content-type-options:
      - nosniff
    status:
      code: 200
      message: OK
- request:
    body: null
    headers:
      Accept:
      - application/json
      Accept-Encoding:
      - gzip, deflate
      CommandName:
      - sql db audit-policy update
      Connection:
      - keep-alive
      Content-Length:
      - '0'
      ParameterSetName:
      - -g -s -n --blob-storage-target-state --storage-account
      User-Agent:
      - AZURECLI/2.23.0 azsdk-python-azure-mgmt-storage/17.1.0 Python/3.7.7 (Windows-10-10.0.19041-SP0)
    method: POST
    uri: https://management.azure.com/subscriptions/00000000-0000-0000-0000-000000000000/resourceGroups/clitest.rg000002/providers/Microsoft.Storage/storageAccounts/clitest000005/listKeys?api-version=2021-04-01&$expand=kerb
  response:
    body:
      string: '{"keys":[{"creationTime":"2021-05-12T02:40:54.6372363Z","keyName":"key1","value":"veryFakedStorageAccountKey==","permissions":"FULL"},{"creationTime":"2021-05-12T02:40:54.6372363Z","keyName":"key2","value":"veryFakedStorageAccountKey==","permissions":"FULL"}]}'
    headers:
      cache-control:
      - no-cache
      content-length:
      - '380'
      content-type:
      - application/json
      date:
      - Wed, 12 May 2021 02:42:34 GMT
      expires:
      - '-1'
      pragma:
      - no-cache
      server:
      - Microsoft-Azure-Storage-Resource-Provider/1.0,Microsoft-HTTPAPI/2.0 Microsoft-HTTPAPI/2.0
      strict-transport-security:
      - max-age=31536000; includeSubDomains
      transfer-encoding:
      - chunked
      vary:
      - Accept-Encoding
      x-content-type-options:
      - nosniff
      x-ms-ratelimit-remaining-subscription-resource-requests:
      - '11996'
    status:
      code: 200
      message: OK
- request:
    body: '{"properties": {"state": "Enabled", "storageEndpoint": "https://clitest000005.blob.core.windows.net/",
      "storageAccountAccessKey": "veryFakedStorageAccountKey==", "retentionDays":
      30, "auditActionsAndGroups": ["DATABASE_LOGOUT_GROUP", "DATABASE_ROLE_MEMBER_CHANGE_GROUP"],
      "storageAccountSubscriptionId": "00000000-0000-0000-0000-000000000000", "isStorageSecondaryKeyInUse":
      false, "isAzureMonitorTargetEnabled": false}}'
    headers:
      Accept:
      - application/json
      Accept-Encoding:
      - gzip, deflate
      CommandName:
      - sql db audit-policy update
      Connection:
      - keep-alive
      Content-Length:
      - '490'
      Content-Type:
      - application/json; charset=utf-8
      ParameterSetName:
      - -g -s -n --blob-storage-target-state --storage-account
      User-Agent:
      - python/3.7.7 (Windows-10-10.0.19041-SP0) msrest/0.6.21 msrest_azure/0.6.3
        azure-mgmt-sql/0.26.0 Azure-SDK-For-Python AZURECLI/2.23.0
      accept-language:
      - en-US
    method: PUT
    uri: https://management.azure.com/subscriptions/00000000-0000-0000-0000-000000000000/resourceGroups/clitest.rg000001/providers/Microsoft.Sql/servers/clitestserver000003/databases/cliautomationdb01/auditingSettings/default?api-version=2017-03-01-preview
  response:
    body:
      string: '{"properties":{"retentionDays":30,"auditActionsAndGroups":["DATABASE_LOGOUT_GROUP","DATABASE_ROLE_MEMBER_CHANGE_GROUP"],"isStorageSecondaryKeyInUse":false,"isAzureMonitorTargetEnabled":false,"state":"Enabled","storageEndpoint":"https://clitest000005.blob.core.windows.net/","storageAccountSubscriptionId":"00000000-0000-0000-0000-000000000000"},"id":"/subscriptions/00000000-0000-0000-0000-000000000000/resourceGroups/clitest.rg000001/providers/Microsoft.Sql/servers/clitestserver000003/databases/cliautomationdb01/auditingSettings/Default","name":"Default","type":"Microsoft.Sql/servers/databases/auditingSettings"}'
    headers:
      cache-control:
      - no-cache
      content-length:
      - '729'
      content-type:
      - application/json; charset=utf-8
      date:
      - Wed, 12 May 2021 02:42:38 GMT
      expires:
      - '-1'
      pragma:
      - no-cache
      server:
      - Microsoft-HTTPAPI/2.0
      strict-transport-security:
      - max-age=31536000; includeSubDomains
      transfer-encoding:
      - chunked
      vary:
      - Accept-Encoding
      x-content-type-options:
      - nosniff
      x-ms-ratelimit-remaining-subscription-writes:
      - '1187'
    status:
      code: 200
      message: OK
- request:
    body: null
    headers:
      Accept:
      - application/json
      Accept-Encoding:
      - gzip, deflate
      CommandName:
      - sql db audit-policy update
      Connection:
      - keep-alive
      ParameterSetName:
      - -g -s -n --state
      User-Agent:
      - python/3.7.7 (Windows-10-10.0.19041-SP0) msrest/0.6.21 msrest_azure/0.6.3
        azure-mgmt-sql/0.26.0 Azure-SDK-For-Python AZURECLI/2.23.0
      accept-language:
      - en-US
    method: GET
    uri: https://management.azure.com/subscriptions/00000000-0000-0000-0000-000000000000/resourceGroups/clitest.rg000001/providers/Microsoft.Sql/servers/clitestserver000003/databases/cliautomationdb01/auditingSettings/default?api-version=2017-03-01-preview
  response:
    body:
      string: '{"properties":{"retentionDays":30,"auditActionsAndGroups":["DATABASE_LOGOUT_GROUP","DATABASE_ROLE_MEMBER_CHANGE_GROUP"],"isStorageSecondaryKeyInUse":false,"isAzureMonitorTargetEnabled":false,"state":"Enabled","storageEndpoint":"https://clitest000005.blob.core.windows.net/","storageAccountSubscriptionId":"00000000-0000-0000-0000-000000000000"},"id":"/subscriptions/00000000-0000-0000-0000-000000000000/resourceGroups/clitest.rg000001/providers/Microsoft.Sql/servers/clitestserver000003/databases/cliautomationdb01/auditingSettings/Default","name":"Default","type":"Microsoft.Sql/servers/databases/auditingSettings"}'
    headers:
      cache-control:
      - no-cache
      content-length:
      - '729'
      content-type:
      - application/json; charset=utf-8
      date:
      - Wed, 12 May 2021 02:42:39 GMT
      expires:
      - '-1'
      pragma:
      - no-cache
      server:
      - Microsoft-HTTPAPI/2.0
      strict-transport-security:
      - max-age=31536000; includeSubDomains
      transfer-encoding:
      - chunked
      vary:
      - Accept-Encoding
      x-content-type-options:
      - nosniff
    status:
      code: 200
      message: OK
- request:
    body: '{"properties": {"state": "Disabled", "storageEndpoint": "https://clitest000005.blob.core.windows.net/",
      "retentionDays": 30, "auditActionsAndGroups": ["DATABASE_LOGOUT_GROUP", "DATABASE_ROLE_MEMBER_CHANGE_GROUP"],
      "storageAccountSubscriptionId": "00000000-0000-0000-0000-000000000000", "isStorageSecondaryKeyInUse":
      false, "isAzureMonitorTargetEnabled": false}}'
    headers:
      Accept:
      - application/json
      Accept-Encoding:
      - gzip, deflate
      CommandName:
      - sql db audit-policy update
      Connection:
      - keep-alive
      Content-Length:
      - '372'
      Content-Type:
      - application/json; charset=utf-8
      ParameterSetName:
      - -g -s -n --state
      User-Agent:
      - python/3.7.7 (Windows-10-10.0.19041-SP0) msrest/0.6.21 msrest_azure/0.6.3
        azure-mgmt-sql/0.26.0 Azure-SDK-For-Python AZURECLI/2.23.0
      accept-language:
      - en-US
    method: PUT
    uri: https://management.azure.com/subscriptions/00000000-0000-0000-0000-000000000000/resourceGroups/clitest.rg000001/providers/Microsoft.Sql/servers/clitestserver000003/databases/cliautomationdb01/auditingSettings/default?api-version=2017-03-01-preview
  response:
    body:
      string: '{"properties":{"retentionDays":30,"auditActionsAndGroups":["DATABASE_LOGOUT_GROUP","DATABASE_ROLE_MEMBER_CHANGE_GROUP"],"isStorageSecondaryKeyInUse":false,"isAzureMonitorTargetEnabled":false,"state":"Disabled","storageEndpoint":"https://clitest000005.blob.core.windows.net/","storageAccountSubscriptionId":"00000000-0000-0000-0000-000000000000"},"id":"/subscriptions/00000000-0000-0000-0000-000000000000/resourceGroups/clitest.rg000001/providers/Microsoft.Sql/servers/clitestserver000003/databases/cliautomationdb01/auditingSettings/Default","name":"Default","type":"Microsoft.Sql/servers/databases/auditingSettings"}'
    headers:
      cache-control:
      - no-cache
      content-length:
      - '730'
      content-type:
      - application/json; charset=utf-8
      date:
      - Wed, 12 May 2021 02:42:40 GMT
      expires:
      - '-1'
      pragma:
      - no-cache
      server:
      - Microsoft-HTTPAPI/2.0
      strict-transport-security:
      - max-age=31536000; includeSubDomains
      transfer-encoding:
      - chunked
      vary:
      - Accept-Encoding
      x-content-type-options:
      - nosniff
      x-ms-ratelimit-remaining-subscription-writes:
      - '1193'
    status:
      code: 200
      message: OK
- request:
    body: null
    headers:
      Accept:
      - application/json
      Accept-Encoding:
      - gzip, deflate
      CommandName:
      - sql db threat-policy show
      Connection:
      - keep-alive
      ParameterSetName:
      - -g -s -n
      User-Agent:
      - python/3.7.7 (Windows-10-10.0.19041-SP0) msrest/0.6.21 msrest_azure/0.6.3
        azure-mgmt-sql/0.26.0 Azure-SDK-For-Python AZURECLI/2.23.0
      accept-language:
      - en-US
    method: GET
    uri: https://management.azure.com/subscriptions/00000000-0000-0000-0000-000000000000/resourceGroups/clitest.rg000001/providers/Microsoft.Sql/servers/clitestserver000003/databases/cliautomationdb01/securityAlertPolicies/default?api-version=2014-04-01
  response:
    body:
      string: '{"id":"/subscriptions/00000000-0000-0000-0000-000000000000/resourceGroups/clitest.rg000001/providers/Microsoft.Sql/servers/clitestserver000003/databases/cliautomationdb01/securityAlertPolicies/default","name":"default","type":"Microsoft.Sql/servers/databases/securityAlertPolicies","location":"West
        Europe","kind":null,"properties":{"useServerDefault":"Disabled","state":"Disabled","disabledAlerts":"","emailAddresses":"","emailAccountAdmins":"Disabled","storageEndpoint":"","storageAccountAccessKey":"","retentionDays":0}}'
    headers:
      cache-control:
      - no-store, no-cache
      content-length:
      - '625'
      content-type:
      - application/json; odata=minimalmetadata; streaming=true; charset=utf-8
      dataserviceversion:
      - 3.0;
      date:
      - Wed, 12 May 2021 02:42:42 GMT
      server:
      - Microsoft-HTTPAPI/2.0
      strict-transport-security:
      - max-age=31536000; includeSubDomains
      transfer-encoding:
      - chunked
      vary:
      - Accept-Encoding
      x-content-type-options:
      - nosniff
    status:
      code: 200
      message: OK
- request:
    body: null
    headers:
      Accept:
      - application/json
      Accept-Encoding:
      - gzip, deflate
      CommandName:
      - sql db threat-policy update
      Connection:
      - keep-alive
      ParameterSetName:
      - -g -s -n --state --storage-key --storage-endpoint --retention-days --email-addresses
        --disabled-alerts --email-account-admins
      User-Agent:
      - python/3.7.7 (Windows-10-10.0.19041-SP0) msrest/0.6.21 msrest_azure/0.6.3
        azure-mgmt-sql/0.26.0 Azure-SDK-For-Python AZURECLI/2.23.0
      accept-language:
      - en-US
    method: GET
    uri: https://management.azure.com/subscriptions/00000000-0000-0000-0000-000000000000/resourceGroups/clitest.rg000001/providers/Microsoft.Sql/servers/clitestserver000003/databases/cliautomationdb01/securityAlertPolicies/default?api-version=2014-04-01
  response:
    body:
      string: '{"id":"/subscriptions/00000000-0000-0000-0000-000000000000/resourceGroups/clitest.rg000001/providers/Microsoft.Sql/servers/clitestserver000003/databases/cliautomationdb01/securityAlertPolicies/default","name":"default","type":"Microsoft.Sql/servers/databases/securityAlertPolicies","location":"West
        Europe","kind":null,"properties":{"useServerDefault":"Disabled","state":"Disabled","disabledAlerts":"","emailAddresses":"","emailAccountAdmins":"Disabled","storageEndpoint":"","storageAccountAccessKey":"","retentionDays":0}}'
    headers:
      cache-control:
      - no-store, no-cache
      content-length:
      - '625'
      content-type:
      - application/json; odata=minimalmetadata; streaming=true; charset=utf-8
      dataserviceversion:
      - 3.0;
      date:
      - Wed, 12 May 2021 02:42:43 GMT
      server:
      - Microsoft-HTTPAPI/2.0
      strict-transport-security:
      - max-age=31536000; includeSubDomains
      transfer-encoding:
      - chunked
      vary:
      - Accept-Encoding
      x-content-type-options:
      - nosniff
    status:
      code: 200
      message: OK
- request:
    body: '{"location": "West Europe", "properties": {"state": "Enabled", "disabledAlerts":
      "Sql_Injection_Vulnerability;Access_Anomaly", "emailAddresses": "test1@example.com;test2@example.com",
      "emailAccountAdmins": "Enabled", "storageEndpoint": "https://clitest000004.blob.core.windows.net/",
      "storageAccountAccessKey": "veryFakedStorageAccountKey==", "retentionDays":
      30, "useServerDefault": "Disabled"}}'
    headers:
      Accept:
      - application/json
      Accept-Encoding:
      - gzip, deflate
      CommandName:
      - sql db threat-policy update
      Connection:
      - keep-alive
      Content-Length:
      - '467'
      Content-Type:
      - application/json; charset=utf-8
      ParameterSetName:
      - -g -s -n --state --storage-key --storage-endpoint --retention-days --email-addresses
        --disabled-alerts --email-account-admins
      User-Agent:
      - python/3.7.7 (Windows-10-10.0.19041-SP0) msrest/0.6.21 msrest_azure/0.6.3
        azure-mgmt-sql/0.26.0 Azure-SDK-For-Python AZURECLI/2.23.0
      accept-language:
      - en-US
    method: PUT
    uri: https://management.azure.com/subscriptions/00000000-0000-0000-0000-000000000000/resourceGroups/clitest.rg000001/providers/Microsoft.Sql/servers/clitestserver000003/databases/cliautomationdb01/securityAlertPolicies/default?api-version=2014-04-01
  response:
    body:
      string: '{"id":"/subscriptions/00000000-0000-0000-0000-000000000000/resourceGroups/clitest.rg000001/providers/Microsoft.Sql/servers/clitestserver000003/databases/cliautomationdb01/securityAlertPolicies/default","name":"default","type":"Microsoft.Sql/servers/databases/securityAlertPolicies","location":"West
        Europe","kind":null,"properties":{"useServerDefault":"Disabled","state":"Enabled","disabledAlerts":"Sql_Injection_Vulnerability;Access_Anomaly","emailAddresses":"test1@example.com;test2@example.com","emailAccountAdmins":"Enabled","storageEndpoint":"https://clitest000004.blob.core.windows.net/","storageAccountAccessKey":"veryFakedStorageAccountKey==","retentionDays":30}}'
    headers:
      cache-control:
      - no-store, no-cache
      content-length:
      - '844'
      content-type:
      - application/json; odata=minimalmetadata; streaming=true; charset=utf-8
      dataserviceversion:
      - 3.0;
      date:
      - Wed, 12 May 2021 02:42:45 GMT
      preference-applied:
      - return-content
      server:
      - Microsoft-HTTPAPI/2.0
      strict-transport-security:
      - max-age=31536000; includeSubDomains
      transfer-encoding:
      - chunked
      vary:
      - Accept-Encoding
      x-content-type-options:
      - nosniff
      x-ms-ratelimit-remaining-subscription-writes:
      - '1189'
    status:
      code: 200
      message: OK
- request:
    body: null
    headers:
      Accept:
      - application/json
      Accept-Encoding:
      - gzip, deflate
      CommandName:
      - storage account keys list
      Connection:
      - keep-alive
      Content-Length:
      - '0'
      ParameterSetName:
      - -g -n --query
      User-Agent:
      - AZURECLI/2.23.0 azsdk-python-azure-mgmt-storage/17.1.0 Python/3.7.7 (Windows-10-10.0.19041-SP0)
    method: POST
    uri: https://management.azure.com/subscriptions/00000000-0000-0000-0000-000000000000/resourceGroups/clitest.rg000002/providers/Microsoft.Storage/storageAccounts/clitest000005/listKeys?api-version=2021-04-01&$expand=kerb
  response:
    body:
      string: '{"keys":[{"creationTime":"2021-05-12T02:40:54.6372363Z","keyName":"key1","value":"veryFakedStorageAccountKey==","permissions":"FULL"},{"creationTime":"2021-05-12T02:40:54.6372363Z","keyName":"key2","value":"veryFakedStorageAccountKey==","permissions":"FULL"}]}'
    headers:
      cache-control:
      - no-cache
      content-length:
      - '380'
      content-type:
      - application/json
      date:
      - Wed, 12 May 2021 02:42:47 GMT
      expires:
      - '-1'
      pragma:
      - no-cache
      server:
      - Microsoft-Azure-Storage-Resource-Provider/1.0,Microsoft-HTTPAPI/2.0 Microsoft-HTTPAPI/2.0
      strict-transport-security:
      - max-age=31536000; includeSubDomains
      transfer-encoding:
      - chunked
      vary:
      - Accept-Encoding
      x-content-type-options:
      - nosniff
      x-ms-ratelimit-remaining-subscription-resource-requests:
      - '11996'
    status:
      code: 200
      message: OK
- request:
    body: null
    headers:
      Accept:
      - application/json
      Accept-Encoding:
      - gzip, deflate
      CommandName:
      - sql db threat-policy update
      Connection:
      - keep-alive
      ParameterSetName:
      - -g -s -n --storage-account
      User-Agent:
      - python/3.7.7 (Windows-10-10.0.19041-SP0) msrest/0.6.21 msrest_azure/0.6.3
        azure-mgmt-sql/0.26.0 Azure-SDK-For-Python AZURECLI/2.23.0
      accept-language:
      - en-US
    method: GET
    uri: https://management.azure.com/subscriptions/00000000-0000-0000-0000-000000000000/resourceGroups/clitest.rg000001/providers/Microsoft.Sql/servers/clitestserver000003/databases/cliautomationdb01/securityAlertPolicies/default?api-version=2014-04-01
  response:
    body:
      string: '{"id":"/subscriptions/00000000-0000-0000-0000-000000000000/resourceGroups/clitest.rg000001/providers/Microsoft.Sql/servers/clitestserver000003/databases/cliautomationdb01/securityAlertPolicies/default","name":"default","type":"Microsoft.Sql/servers/databases/securityAlertPolicies","location":"West
        Europe","kind":null,"properties":{"useServerDefault":"Disabled","state":"Enabled","disabledAlerts":"Sql_Injection_Vulnerability;Access_Anomaly","emailAddresses":"test1@example.com;test2@example.com","emailAccountAdmins":"Enabled","storageEndpoint":"https://clitest000004.blob.core.windows.net/","storageAccountAccessKey":"","retentionDays":30}}'
    headers:
      cache-control:
      - no-store, no-cache
      content-length:
      - '756'
      content-type:
      - application/json; odata=minimalmetadata; streaming=true; charset=utf-8
      dataserviceversion:
      - 3.0;
      date:
      - Wed, 12 May 2021 02:42:48 GMT
      server:
      - Microsoft-HTTPAPI/2.0
      strict-transport-security:
      - max-age=31536000; includeSubDomains
      transfer-encoding:
      - chunked
      vary:
      - Accept-Encoding
      x-content-type-options:
      - nosniff
    status:
      code: 200
      message: OK
- request:
    body: null
    headers:
      Accept:
      - application/json
      Accept-Encoding:
      - gzip, deflate
      CommandName:
      - sql db threat-policy update
      Connection:
      - keep-alive
      ParameterSetName:
      - -g -s -n --storage-account
      User-Agent:
      - python/3.7.7 (Windows-10-10.0.19041-SP0) msrest/0.6.21 msrest_azure/0.6.3
        azure-mgmt-resource/12.1.0 Azure-SDK-For-Python AZURECLI/2.23.0
      accept-language:
      - en-US
    method: GET
    uri: https://management.azure.com/subscriptions/00000000-0000-0000-0000-000000000000/resources?$filter=name%20eq%20%27clitest000005%27%20and%20%28resourceType%20eq%20%27Microsoft.Storage%2FstorageAccounts%27%20or%20resourceType%20eq%20%27Microsoft.ClassicStorage%2FstorageAccounts%27%29&api-version=2020-10-01
  response:
    body:
      string: '{"value":[{"id":"/subscriptions/00000000-0000-0000-0000-000000000000/resourceGroups/clitest.rg000002/providers/Microsoft.Storage/storageAccounts/clitest000005","name":"clitest000005","type":"Microsoft.Storage/storageAccounts","sku":{"name":"Standard_LRS","tier":"Standard"},"kind":"Storage","location":"westus","tags":{}}]}'
    headers:
      cache-control:
      - no-cache
      content-length:
      - '404'
      content-type:
      - application/json; charset=utf-8
      date:
      - Wed, 12 May 2021 02:42:49 GMT
      expires:
      - '-1'
      pragma:
      - no-cache
      strict-transport-security:
      - max-age=31536000; includeSubDomains
      vary:
      - Accept-Encoding
      x-content-type-options:
      - nosniff
    status:
      code: 200
      message: OK
- request:
    body: null
    headers:
      Accept:
      - application/json
      Accept-Encoding:
      - gzip, deflate
      CommandName:
      - sql db threat-policy update
      Connection:
      - keep-alive
      ParameterSetName:
      - -g -s -n --storage-account
      User-Agent:
      - AZURECLI/2.23.0 azsdk-python-azure-mgmt-storage/17.1.0 Python/3.7.7 (Windows-10-10.0.19041-SP0)
    method: GET
    uri: https://management.azure.com/subscriptions/00000000-0000-0000-0000-000000000000/resourceGroups/clitest.rg000002/providers/Microsoft.Storage/storageAccounts/clitest000005?api-version=2021-04-01
  response:
    body:
      string: '{"sku":{"name":"Standard_LRS","tier":"Standard"},"kind":"Storage","id":"/subscriptions/00000000-0000-0000-0000-000000000000/resourceGroups/clitest.rg000002/providers/Microsoft.Storage/storageAccounts/clitest000005","name":"clitest000005","type":"Microsoft.Storage/storageAccounts","location":"westus","tags":{},"properties":{"keyCreationTime":{"key1":"2021-05-12T02:40:54.6372363Z","key2":"2021-05-12T02:40:54.6372363Z"},"privateEndpointConnections":[],"networkAcls":{"bypass":"AzureServices","virtualNetworkRules":[],"ipRules":[],"defaultAction":"Allow"},"supportsHttpsTrafficOnly":true,"encryption":{"services":{"file":{"keyType":"Account","enabled":true,"lastEnabledTime":"2021-05-12T02:40:54.6372363Z"},"blob":{"keyType":"Account","enabled":true,"lastEnabledTime":"2021-05-12T02:40:54.6372363Z"}},"keySource":"Microsoft.Storage"},"provisioningState":"Succeeded","creationTime":"2021-05-12T02:40:54.5435098Z","primaryEndpoints":{"blob":"https://clitest000005.blob.core.windows.net/","queue":"https://clitest000005.queue.core.windows.net/","table":"https://clitest000005.table.core.windows.net/","file":"https://clitest000005.file.core.windows.net/"},"primaryLocation":"westus","statusOfPrimary":"available"}}'
    headers:
      cache-control:
      - no-cache
      content-length:
      - '1336'
      content-type:
      - application/json
      date:
      - Wed, 12 May 2021 02:42:50 GMT
      expires:
      - '-1'
      pragma:
      - no-cache
      server:
      - Microsoft-Azure-Storage-Resource-Provider/1.0,Microsoft-HTTPAPI/2.0 Microsoft-HTTPAPI/2.0
      strict-transport-security:
      - max-age=31536000; includeSubDomains
      transfer-encoding:
      - chunked
      vary:
      - Accept-Encoding
      x-content-type-options:
      - nosniff
    status:
      code: 200
      message: OK
- request:
    body: null
    headers:
      Accept:
      - application/json
      Accept-Encoding:
      - gzip, deflate
      CommandName:
      - sql db threat-policy update
      Connection:
      - keep-alive
      Content-Length:
      - '0'
      ParameterSetName:
      - -g -s -n --storage-account
      User-Agent:
      - AZURECLI/2.23.0 azsdk-python-azure-mgmt-storage/17.1.0 Python/3.7.7 (Windows-10-10.0.19041-SP0)
    method: POST
    uri: https://management.azure.com/subscriptions/00000000-0000-0000-0000-000000000000/resourceGroups/clitest.rg000002/providers/Microsoft.Storage/storageAccounts/clitest000005/listKeys?api-version=2021-04-01&$expand=kerb
  response:
    body:
      string: '{"keys":[{"creationTime":"2021-05-12T02:40:54.6372363Z","keyName":"key1","value":"veryFakedStorageAccountKey==","permissions":"FULL"},{"creationTime":"2021-05-12T02:40:54.6372363Z","keyName":"key2","value":"veryFakedStorageAccountKey==","permissions":"FULL"}]}'
    headers:
      cache-control:
      - no-cache
      content-length:
      - '380'
      content-type:
      - application/json
      date:
      - Wed, 12 May 2021 02:42:50 GMT
      expires:
      - '-1'
      pragma:
      - no-cache
      server:
      - Microsoft-Azure-Storage-Resource-Provider/1.0,Microsoft-HTTPAPI/2.0 Microsoft-HTTPAPI/2.0
      strict-transport-security:
      - max-age=31536000; includeSubDomains
      transfer-encoding:
      - chunked
      vary:
      - Accept-Encoding
      x-content-type-options:
      - nosniff
      x-ms-ratelimit-remaining-subscription-resource-requests:
      - '11996'
    status:
      code: 200
      message: OK
- request:
    body: '{"location": "West Europe", "properties": {"state": "Enabled", "disabledAlerts":
      "Sql_Injection_Vulnerability;Access_Anomaly", "emailAddresses": "test1@example.com;test2@example.com",
      "emailAccountAdmins": "Enabled", "storageEndpoint": "https://clitest000005.blob.core.windows.net/",
      "storageAccountAccessKey": "veryFakedStorageAccountKey==", "retentionDays":
      30, "useServerDefault": "Disabled"}}'
    headers:
      Accept:
      - application/json
      Accept-Encoding:
      - gzip, deflate
      CommandName:
      - sql db threat-policy update
      Connection:
      - keep-alive
      Content-Length:
      - '467'
      Content-Type:
      - application/json; charset=utf-8
      ParameterSetName:
      - -g -s -n --storage-account
      User-Agent:
      - python/3.7.7 (Windows-10-10.0.19041-SP0) msrest/0.6.21 msrest_azure/0.6.3
        azure-mgmt-sql/0.26.0 Azure-SDK-For-Python AZURECLI/2.23.0
      accept-language:
      - en-US
    method: PUT
    uri: https://management.azure.com/subscriptions/00000000-0000-0000-0000-000000000000/resourceGroups/clitest.rg000001/providers/Microsoft.Sql/servers/clitestserver000003/databases/cliautomationdb01/securityAlertPolicies/default?api-version=2014-04-01
  response:
    body:
      string: '{"id":"/subscriptions/00000000-0000-0000-0000-000000000000/resourceGroups/clitest.rg000001/providers/Microsoft.Sql/servers/clitestserver000003/databases/cliautomationdb01/securityAlertPolicies/default","name":"default","type":"Microsoft.Sql/servers/databases/securityAlertPolicies","location":"West
        Europe","kind":null,"properties":{"useServerDefault":"Disabled","state":"Enabled","disabledAlerts":"Sql_Injection_Vulnerability;Access_Anomaly","emailAddresses":"test1@example.com;test2@example.com","emailAccountAdmins":"Enabled","storageEndpoint":"https://clitest000005.blob.core.windows.net/","storageAccountAccessKey":"veryFakedStorageAccountKey==","retentionDays":30}}'
    headers:
      cache-control:
      - no-store, no-cache
      content-length:
      - '844'
      content-type:
      - application/json; odata=minimalmetadata; streaming=true; charset=utf-8
      dataserviceversion:
      - 3.0;
      date:
      - Wed, 12 May 2021 02:42:54 GMT
      preference-applied:
      - return-content
      server:
      - Microsoft-HTTPAPI/2.0
      strict-transport-security:
      - max-age=31536000; includeSubDomains
      transfer-encoding:
      - chunked
      vary:
      - Accept-Encoding
      x-content-type-options:
      - nosniff
      x-ms-ratelimit-remaining-subscription-writes:
      - '1192'
    status:
      code: 200
      message: OK
- request:
    body: null
    headers:
      Accept:
      - application/json
      Accept-Encoding:
      - gzip, deflate
      CommandName:
      - monitor log-analytics workspace create
      Connection:
      - keep-alive
      ParameterSetName:
      - -g -n
      User-Agent:
      - python/3.7.7 (Windows-10-10.0.19041-SP0) msrest/0.6.21 msrest_azure/0.6.3
        azure-mgmt-resource/12.1.0 Azure-SDK-For-Python AZURECLI/2.23.0
      accept-language:
      - en-US
    method: GET
    uri: https://management.azure.com/subscriptions/00000000-0000-0000-0000-000000000000/resourcegroups/clitest.rg000001?api-version=2020-10-01
  response:
    body:
      string: '{"id":"/subscriptions/00000000-0000-0000-0000-000000000000/resourceGroups/clitest.rg000001","name":"clitest.rg000001","type":"Microsoft.Resources/resourceGroups","location":"westeurope","tags":{"product":"azurecli","cause":"automation","date":"2021-05-12T02:39:04Z"},"properties":{"provisioningState":"Succeeded"}}'
    headers:
      cache-control:
      - no-cache
      content-length:
      - '432'
      content-type:
      - application/json; charset=utf-8
      date:
      - Wed, 12 May 2021 02:42:54 GMT
      expires:
      - '-1'
      pragma:
      - no-cache
      strict-transport-security:
      - max-age=31536000; includeSubDomains
      vary:
      - Accept-Encoding
      x-content-type-options:
      - nosniff
    status:
      code: 200
      message: OK
- request:
    body: '{"location": "westeurope", "properties": {"sku": {"name": "PerGB2018"},
      "retentionInDays": 30, "workspaceCapping": {}}}'
    headers:
      Accept:
      - application/json
      Accept-Encoding:
      - gzip, deflate
      CommandName:
      - monitor log-analytics workspace create
      Connection:
      - keep-alive
      Content-Length:
      - '119'
      Content-Type:
      - application/json
      ParameterSetName:
      - -g -n
      User-Agent:
      - AZURECLI/2.23.0 azsdk-python-mgmt-loganalytics/8.0.0 Python/3.7.7 (Windows-10-10.0.19041-SP0)
    method: PUT
    uri: https://management.azure.com/subscriptions/00000000-0000-0000-0000-000000000000/resourcegroups/clitest.rg000001/providers/Microsoft.OperationalInsights/workspaces/laws000006?api-version=2020-08-01
  response:
    body:
      string: "{\r\n  \"properties\": {\r\n    \"source\": \"Azure\",\r\n    \"customerId\":
        \"289f95e0-e63f-4106-9867-00ea837e0ca0\",\r\n    \"provisioningState\": \"Creating\",\r\n
        \   \"sku\": {\r\n      \"name\": \"pergb2018\",\r\n      \"lastSkuUpdate\":
        \"Wed, 12 May 2021 02:43:01 GMT\"\r\n    },\r\n    \"retentionInDays\": 30,\r\n
        \   \"features\": {\r\n      \"legacy\": 0,\r\n      \"searchVersion\": 1,\r\n
        \     \"enableLogAccessUsingOnlyResourcePermissions\": true\r\n    },\r\n
        \   \"workspaceCapping\": {\r\n      \"dailyQuotaGb\": -1.0,\r\n      \"quotaNextResetTime\":
        \"Wed, 12 May 2021 07:00:00 GMT\",\r\n      \"dataIngestionStatus\": \"RespectQuota\"\r\n
        \   },\r\n    \"publicNetworkAccessForIngestion\": \"Enabled\",\r\n    \"publicNetworkAccessForQuery\":
        \"Enabled\",\r\n    \"createdDate\": \"Wed, 12 May 2021 02:43:01 GMT\",\r\n
        \   \"modifiedDate\": \"Wed, 12 May 2021 02:43:01 GMT\"\r\n  },\r\n  \"id\":
        \"/subscriptions/00000000-0000-0000-0000-000000000000/resourcegroups/clitest.rg000001/providers/microsoft.operationalinsights/workspaces/laws000006\",\r\n
        \ \"name\": \"laws000006\",\r\n  \"type\": \"Microsoft.OperationalInsights/workspaces\",\r\n
        \ \"location\": \"westeurope\"\r\n}"
    headers:
      cache-control:
      - no-cache
      content-length:
      - '1137'
      content-type:
      - application/json
      date:
      - Wed, 12 May 2021 02:43:02 GMT
      pragma:
      - no-cache
      server:
      - Microsoft-IIS/10.0
      - Microsoft-IIS/10.0
      strict-transport-security:
      - max-age=31536000; includeSubDomains
      x-content-type-options:
      - nosniff
      x-ms-ratelimit-remaining-subscription-writes:
      - '1191'
      x-powered-by:
      - ASP.NET
      - ASP.NET
    status:
      code: 201
      message: Created
- request:
    body: null
    headers:
      Accept:
      - '*/*'
      Accept-Encoding:
      - gzip, deflate
      CommandName:
      - monitor log-analytics workspace create
      Connection:
      - keep-alive
      ParameterSetName:
      - -g -n
      User-Agent:
      - AZURECLI/2.23.0 azsdk-python-mgmt-loganalytics/8.0.0 Python/3.7.7 (Windows-10-10.0.19041-SP0)
    method: GET
    uri: https://management.azure.com/subscriptions/00000000-0000-0000-0000-000000000000/resourcegroups/clitest.rg000001/providers/Microsoft.OperationalInsights/workspaces/laws000006?api-version=2020-08-01
  response:
    body:
      string: "{\r\n  \"properties\": {\r\n    \"source\": \"Azure\",\r\n    \"customerId\":
        \"289f95e0-e63f-4106-9867-00ea837e0ca0\",\r\n    \"provisioningState\": \"Succeeded\",\r\n
        \   \"sku\": {\r\n      \"name\": \"pergb2018\",\r\n      \"lastSkuUpdate\":
        \"Wed, 12 May 2021 02:43:01 GMT\"\r\n    },\r\n    \"retentionInDays\": 30,\r\n
        \   \"features\": {\r\n      \"legacy\": 0,\r\n      \"searchVersion\": 1,\r\n
        \     \"enableLogAccessUsingOnlyResourcePermissions\": true\r\n    },\r\n
        \   \"workspaceCapping\": {\r\n      \"dailyQuotaGb\": -1.0,\r\n      \"quotaNextResetTime\":
        \"Wed, 12 May 2021 07:00:00 GMT\",\r\n      \"dataIngestionStatus\": \"RespectQuota\"\r\n
        \   },\r\n    \"publicNetworkAccessForIngestion\": \"Enabled\",\r\n    \"publicNetworkAccessForQuery\":
        \"Enabled\",\r\n    \"createdDate\": \"Wed, 12 May 2021 02:43:01 GMT\",\r\n
        \   \"modifiedDate\": \"Wed, 12 May 2021 02:43:04 GMT\"\r\n  },\r\n  \"id\":
        \"/subscriptions/00000000-0000-0000-0000-000000000000/resourcegroups/clitest.rg000001/providers/microsoft.operationalinsights/workspaces/laws000006\",\r\n
        \ \"name\": \"laws000006\",\r\n  \"type\": \"Microsoft.OperationalInsights/workspaces\",\r\n
        \ \"location\": \"westeurope\"\r\n}"
    headers:
      cache-control:
      - no-cache
      content-length:
      - '1138'
      content-type:
      - application/json
      date:
      - Wed, 12 May 2021 02:43:32 GMT
      pragma:
      - no-cache
      server:
      - Microsoft-IIS/10.0
      - Microsoft-IIS/10.0
      strict-transport-security:
      - max-age=31536000; includeSubDomains
      transfer-encoding:
      - chunked
      vary:
      - Accept-Encoding
      x-content-type-options:
      - nosniff
      x-powered-by:
      - ASP.NET
      - ASP.NET
    status:
      code: 200
      message: OK
- request:
    body: null
    headers:
      Accept:
      - application/json
      Accept-Encoding:
      - gzip, deflate
      CommandName:
      - sql db audit-policy update
      Connection:
      - keep-alive
      ParameterSetName:
      - -g -s -n --state --log-analytics-target-state --log-analytics-workspace-resource-id
      User-Agent:
      - python/3.7.7 (Windows-10-10.0.19041-SP0) msrest/0.6.21 msrest_azure/0.6.3
        azure-mgmt-sql/0.26.0 Azure-SDK-For-Python AZURECLI/2.23.0
      accept-language:
      - en-US
    method: GET
    uri: https://management.azure.com/subscriptions/00000000-0000-0000-0000-000000000000/resourceGroups/clitest.rg000001/providers/Microsoft.Sql/servers/clitestserver000003/databases/cliautomationdb01/auditingSettings/default?api-version=2017-03-01-preview
  response:
    body:
      string: '{"properties":{"retentionDays":30,"auditActionsAndGroups":["DATABASE_LOGOUT_GROUP","DATABASE_ROLE_MEMBER_CHANGE_GROUP"],"isStorageSecondaryKeyInUse":false,"isAzureMonitorTargetEnabled":false,"state":"Disabled","storageEndpoint":"https://clitest000005.blob.core.windows.net/","storageAccountSubscriptionId":"00000000-0000-0000-0000-000000000000"},"id":"/subscriptions/00000000-0000-0000-0000-000000000000/resourceGroups/clitest.rg000001/providers/Microsoft.Sql/servers/clitestserver000003/databases/cliautomationdb01/auditingSettings/Default","name":"Default","type":"Microsoft.Sql/servers/databases/auditingSettings"}'
    headers:
      cache-control:
      - no-cache
      content-length:
      - '730'
      content-type:
      - application/json; charset=utf-8
      date:
      - Wed, 12 May 2021 02:43:33 GMT
      expires:
      - '-1'
      pragma:
      - no-cache
      server:
      - Microsoft-HTTPAPI/2.0
      strict-transport-security:
      - max-age=31536000; includeSubDomains
      transfer-encoding:
      - chunked
      vary:
      - Accept-Encoding
      x-content-type-options:
      - nosniff
    status:
      code: 200
      message: OK
- request:
    body: null
    headers:
      Accept:
      - application/json
      Accept-Encoding:
      - gzip, deflate
      CommandName:
      - sql db audit-policy update
      Connection:
      - keep-alive
      ParameterSetName:
      - -g -s -n --state --log-analytics-target-state --log-analytics-workspace-resource-id
      User-Agent:
      - AZURECLI/2.23.0 azsdk-python-azure-mgmt-monitor/2.0.0 Python/3.7.7 (Windows-10-10.0.19041-SP0)
    method: GET
    uri: https://management.azure.com/subscriptions/00000000-0000-0000-0000-000000000000/resourceGroups/clitest.rg000001/providers/Microsoft.Sql/servers/clitestserver000003/databases/cliautomationdb01/providers/microsoft.insights/diagnosticSettings?api-version=2017-05-01-preview
  response:
    body:
      string: '{"value":[]}'
    headers:
      cache-control:
      - no-cache
      content-length:
      - '12'
      content-type:
      - application/json; charset=utf-8
      date:
      - Wed, 12 May 2021 02:43:35 GMT
      expires:
      - '-1'
      pragma:
      - no-cache
      server:
      - Microsoft-IIS/10.0
      strict-transport-security:
      - max-age=31536000; includeSubDomains
      transfer-encoding:
      - chunked
      vary:
      - Accept-Encoding
      x-content-type-options:
      - nosniff
    status:
      code: 200
      message: OK
- request:
    body: '{"properties": {"logs": [{"category": "SQLSecurityAuditEvents", "enabled":
      true, "retentionPolicy": {"enabled": false, "days": 0}}], "workspaceId": "/subscriptions/00000000-0000-0000-0000-000000000000/resourcegroups/clitest.rg000001/providers/microsoft.operationalinsights/workspaces/laws000006"}}'
    headers:
      Accept:
      - application/json
      Accept-Encoding:
      - gzip, deflate
      CommandName:
      - sql db audit-policy update
      Connection:
      - keep-alive
      Content-Length:
      - '366'
      Content-Type:
      - application/json
      ParameterSetName:
      - -g -s -n --state --log-analytics-target-state --log-analytics-workspace-resource-id
      User-Agent:
      - AZURECLI/2.23.0 azsdk-python-azure-mgmt-monitor/2.0.0 Python/3.7.7 (Windows-10-10.0.19041-SP0)
    method: PUT
    uri: https://management.azure.com/subscriptions/00000000-0000-0000-0000-000000000000/resourceGroups/clitest.rg000001/providers/Microsoft.Sql/servers/clitestserver000003/databases/cliautomationdb01/providers/microsoft.insights/diagnosticSettings/SQLSecurityAuditEvents_LogAnalytics?api-version=2017-05-01-preview
  response:
    body:
      string: '{"id":"/subscriptions/00000000-0000-0000-0000-000000000000/resourcegroups/clitest.rg000001/providers/microsoft.sql/servers/clitestserver000003/databases/cliautomationdb01/providers/microsoft.insights/diagnosticSettings/SQLSecurityAuditEvents_LogAnalytics","type":"Microsoft.Insights/diagnosticSettings","name":"SQLSecurityAuditEvents_LogAnalytics","location":null,"kind":null,"tags":null,"properties":{"storageAccountId":null,"serviceBusRuleId":null,"workspaceId":"/subscriptions/00000000-0000-0000-0000-000000000000/resourcegroups/clitest.rg000001/providers/microsoft.operationalinsights/workspaces/laws000006","eventHubAuthorizationRuleId":null,"eventHubName":null,"metrics":[],"logs":[{"category":"SQLSecurityAuditEvents","categoryGroup":null,"enabled":true,"retentionPolicy":{"enabled":false,"days":0}}],"logAnalyticsDestinationType":null},"identity":null}'
    headers:
      cache-control:
      - no-cache
      content-length:
      - '1031'
      content-type:
      - application/json; charset=utf-8
      date:
      - Wed, 12 May 2021 02:43:43 GMT
      expires:
      - '-1'
      pragma:
      - no-cache
      server:
      - Microsoft-IIS/10.0
      strict-transport-security:
      - max-age=31536000; includeSubDomains
      transfer-encoding:
      - chunked
      vary:
      - Accept-Encoding
      x-content-type-options:
      - nosniff
      x-ms-ratelimit-remaining-subscription-resource-requests:
      - '149'
    status:
      code: 200
      message: OK
- request:
    body: null
    headers:
      Accept:
      - application/json
      Accept-Encoding:
      - gzip, deflate
      CommandName:
      - sql db audit-policy update
      Connection:
      - keep-alive
      ParameterSetName:
      - -g -s -n --state --log-analytics-target-state --log-analytics-workspace-resource-id
      User-Agent:
      - python/3.7.7 (Windows-10-10.0.19041-SP0) msrest/0.6.21 msrest_azure/0.6.3
        azure-mgmt-resource/12.1.0 Azure-SDK-For-Python AZURECLI/2.23.0
      accept-language:
      - en-US
    method: GET
    uri: https://management.azure.com/subscriptions/00000000-0000-0000-0000-000000000000/resources?$filter=name%20eq%20%27clitest000005%27%20and%20%28resourceType%20eq%20%27Microsoft.Storage%2FstorageAccounts%27%20or%20resourceType%20eq%20%27Microsoft.ClassicStorage%2FstorageAccounts%27%29&api-version=2020-10-01
  response:
    body:
      string: '{"value":[{"id":"/subscriptions/00000000-0000-0000-0000-000000000000/resourceGroups/clitest.rg000002/providers/Microsoft.Storage/storageAccounts/clitest000005","name":"clitest000005","type":"Microsoft.Storage/storageAccounts","sku":{"name":"Standard_LRS","tier":"Standard"},"kind":"Storage","location":"westus","tags":{}}]}'
    headers:
      cache-control:
      - no-cache
      content-length:
      - '404'
      content-type:
      - application/json; charset=utf-8
      date:
      - Wed, 12 May 2021 02:43:44 GMT
      expires:
      - '-1'
      pragma:
      - no-cache
      strict-transport-security:
      - max-age=31536000; includeSubDomains
      vary:
      - Accept-Encoding
      x-content-type-options:
      - nosniff
    status:
      code: 200
      message: OK
- request:
    body: null
    headers:
      Accept:
      - application/json
      Accept-Encoding:
      - gzip, deflate
      CommandName:
      - sql db audit-policy update
      Connection:
      - keep-alive
      Content-Length:
      - '0'
      ParameterSetName:
      - -g -s -n --state --log-analytics-target-state --log-analytics-workspace-resource-id
      User-Agent:
      - AZURECLI/2.23.0 azsdk-python-azure-mgmt-storage/17.1.0 Python/3.7.7 (Windows-10-10.0.19041-SP0)
    method: POST
    uri: https://management.azure.com/subscriptions/00000000-0000-0000-0000-000000000000/resourceGroups/clitest.rg000002/providers/Microsoft.Storage/storageAccounts/clitest000005/listKeys?api-version=2021-04-01&$expand=kerb
  response:
    body:
      string: '{"keys":[{"creationTime":"2021-05-12T02:40:54.6372363Z","keyName":"key1","value":"veryFakedStorageAccountKey==","permissions":"FULL"},{"creationTime":"2021-05-12T02:40:54.6372363Z","keyName":"key2","value":"veryFakedStorageAccountKey==","permissions":"FULL"}]}'
    headers:
      cache-control:
      - no-cache
      content-length:
      - '380'
      content-type:
      - application/json
      date:
      - Wed, 12 May 2021 02:43:44 GMT
      expires:
      - '-1'
      pragma:
      - no-cache
      server:
      - Microsoft-Azure-Storage-Resource-Provider/1.0,Microsoft-HTTPAPI/2.0 Microsoft-HTTPAPI/2.0
      strict-transport-security:
      - max-age=31536000; includeSubDomains
      transfer-encoding:
      - chunked
      vary:
      - Accept-Encoding
      x-content-type-options:
      - nosniff
      x-ms-ratelimit-remaining-subscription-resource-requests:
      - '11995'
    status:
      code: 200
      message: OK
- request:
    body: '{"properties": {"state": "Enabled", "storageEndpoint": "https://clitest000005.blob.core.windows.net/",
      "storageAccountAccessKey": "veryFakedStorageAccountKey==", "retentionDays":
      30, "auditActionsAndGroups": ["DATABASE_LOGOUT_GROUP", "DATABASE_ROLE_MEMBER_CHANGE_GROUP"],
      "storageAccountSubscriptionId": "00000000-0000-0000-0000-000000000000", "isStorageSecondaryKeyInUse":
      false, "isAzureMonitorTargetEnabled": true}}'
    headers:
      Accept:
      - application/json
      Accept-Encoding:
      - gzip, deflate
      CommandName:
      - sql db audit-policy update
      Connection:
      - keep-alive
      Content-Length:
      - '489'
      Content-Type:
      - application/json; charset=utf-8
      ParameterSetName:
      - -g -s -n --state --log-analytics-target-state --log-analytics-workspace-resource-id
      User-Agent:
      - python/3.7.7 (Windows-10-10.0.19041-SP0) msrest/0.6.21 msrest_azure/0.6.3
        azure-mgmt-sql/0.26.0 Azure-SDK-For-Python AZURECLI/2.23.0
      accept-language:
      - en-US
    method: PUT
    uri: https://management.azure.com/subscriptions/00000000-0000-0000-0000-000000000000/resourceGroups/clitest.rg000001/providers/Microsoft.Sql/servers/clitestserver000003/databases/cliautomationdb01/auditingSettings/default?api-version=2017-03-01-preview
  response:
    body:
      string: '{"properties":{"retentionDays":30,"auditActionsAndGroups":["DATABASE_LOGOUT_GROUP","DATABASE_ROLE_MEMBER_CHANGE_GROUP"],"isStorageSecondaryKeyInUse":false,"isAzureMonitorTargetEnabled":true,"state":"Enabled","storageEndpoint":"https://clitest000005.blob.core.windows.net/","storageAccountSubscriptionId":"00000000-0000-0000-0000-000000000000"},"id":"/subscriptions/00000000-0000-0000-0000-000000000000/resourceGroups/clitest.rg000001/providers/Microsoft.Sql/servers/clitestserver000003/databases/cliautomationdb01/auditingSettings/Default","name":"Default","type":"Microsoft.Sql/servers/databases/auditingSettings"}'
    headers:
      cache-control:
      - no-cache
      content-length:
      - '728'
      content-type:
      - application/json; charset=utf-8
      date:
      - Wed, 12 May 2021 02:43:46 GMT
      expires:
      - '-1'
      pragma:
      - no-cache
      server:
      - Microsoft-HTTPAPI/2.0
      strict-transport-security:
      - max-age=31536000; includeSubDomains
      x-content-type-options:
      - nosniff
      x-ms-ratelimit-remaining-subscription-writes:
      - '1186'
    status:
      code: 201
      message: Created
- request:
    body: null
    headers:
      Accept:
      - application/json
      Accept-Encoding:
      - gzip, deflate
      CommandName:
      - sql db audit-policy show
      Connection:
      - keep-alive
      ParameterSetName:
      - -g -s -n
      User-Agent:
      - python/3.7.7 (Windows-10-10.0.19041-SP0) msrest/0.6.21 msrest_azure/0.6.3
        azure-mgmt-sql/0.26.0 Azure-SDK-For-Python AZURECLI/2.23.0
      accept-language:
      - en-US
    method: GET
    uri: https://management.azure.com/subscriptions/00000000-0000-0000-0000-000000000000/resourceGroups/clitest.rg000001/providers/Microsoft.Sql/servers/clitestserver000003/databases/cliautomationdb01/auditingSettings/default?api-version=2017-03-01-preview
  response:
    body:
      string: '{"properties":{"retentionDays":30,"auditActionsAndGroups":["DATABASE_LOGOUT_GROUP","DATABASE_ROLE_MEMBER_CHANGE_GROUP"],"isStorageSecondaryKeyInUse":false,"isAzureMonitorTargetEnabled":true,"state":"Enabled","storageEndpoint":"https://clitest000005.blob.core.windows.net/","storageAccountSubscriptionId":"00000000-0000-0000-0000-000000000000"},"id":"/subscriptions/00000000-0000-0000-0000-000000000000/resourceGroups/clitest.rg000001/providers/Microsoft.Sql/servers/clitestserver000003/databases/cliautomationdb01/auditingSettings/Default","name":"Default","type":"Microsoft.Sql/servers/databases/auditingSettings"}'
    headers:
      cache-control:
      - no-cache
      content-length:
      - '728'
      content-type:
      - application/json; charset=utf-8
      date:
      - Wed, 12 May 2021 02:43:48 GMT
      expires:
      - '-1'
      pragma:
      - no-cache
      server:
      - Microsoft-HTTPAPI/2.0
      strict-transport-security:
      - max-age=31536000; includeSubDomains
      transfer-encoding:
      - chunked
      vary:
      - Accept-Encoding
      x-content-type-options:
      - nosniff
    status:
      code: 200
      message: OK
- request:
    body: null
    headers:
      Accept:
      - application/json
      Accept-Encoding:
      - gzip, deflate
      CommandName:
      - sql db audit-policy show
      Connection:
      - keep-alive
      ParameterSetName:
      - -g -s -n
      User-Agent:
      - AZURECLI/2.23.0 azsdk-python-azure-mgmt-monitor/2.0.0 Python/3.7.7 (Windows-10-10.0.19041-SP0)
    method: GET
    uri: https://management.azure.com/subscriptions/00000000-0000-0000-0000-000000000000/resourceGroups/clitest.rg000001/providers/Microsoft.Sql/servers/clitestserver000003/databases/cliautomationdb01/providers/microsoft.insights/diagnosticSettings?api-version=2017-05-01-preview
  response:
    body:
      string: '{"value":[{"id":"/subscriptions/00000000-0000-0000-0000-000000000000/resourcegroups/clitest.rg000001/providers/microsoft.sql/servers/clitestserver000003/databases/cliautomationdb01/providers/microsoft.insights/diagnosticSettings/SQLSecurityAuditEvents_LogAnalytics","type":"Microsoft.Insights/diagnosticSettings","name":"SQLSecurityAuditEvents_LogAnalytics","location":null,"kind":null,"tags":null,"properties":{"storageAccountId":null,"serviceBusRuleId":null,"workspaceId":"/subscriptions/00000000-0000-0000-0000-000000000000/resourcegroups/clitest.rg000001/providers/microsoft.operationalinsights/workspaces/laws000006","eventHubAuthorizationRuleId":null,"eventHubName":null,"metrics":[],"logs":[{"category":"SQLSecurityAuditEvents","categoryGroup":null,"enabled":true,"retentionPolicy":{"enabled":false,"days":0}}],"logAnalyticsDestinationType":null},"identity":null}]}'
    headers:
      cache-control:
      - no-cache
      content-length:
      - '1043'
      content-type:
      - application/json; charset=utf-8
      date:
      - Wed, 12 May 2021 02:43:51 GMT
      expires:
      - '-1'
      pragma:
      - no-cache
      server:
      - Microsoft-IIS/10.0
      strict-transport-security:
      - max-age=31536000; includeSubDomains
      transfer-encoding:
      - chunked
      vary:
      - Accept-Encoding
      x-content-type-options:
      - nosniff
    status:
      code: 200
      message: OK
- request:
    body: null
    headers:
      Accept:
      - application/json
      Accept-Encoding:
      - gzip, deflate
      CommandName:
      - sql db audit-policy update
      Connection:
      - keep-alive
      ParameterSetName:
      - -g -s -n --state --log-analytics-target-state
      User-Agent:
      - python/3.7.7 (Windows-10-10.0.19041-SP0) msrest/0.6.21 msrest_azure/0.6.3
        azure-mgmt-sql/0.26.0 Azure-SDK-For-Python AZURECLI/2.23.0
      accept-language:
      - en-US
    method: GET
    uri: https://management.azure.com/subscriptions/00000000-0000-0000-0000-000000000000/resourceGroups/clitest.rg000001/providers/Microsoft.Sql/servers/clitestserver000003/databases/cliautomationdb01/auditingSettings/default?api-version=2017-03-01-preview
  response:
    body:
      string: '{"properties":{"retentionDays":30,"auditActionsAndGroups":["DATABASE_LOGOUT_GROUP","DATABASE_ROLE_MEMBER_CHANGE_GROUP"],"isStorageSecondaryKeyInUse":false,"isAzureMonitorTargetEnabled":true,"state":"Enabled","storageEndpoint":"https://clitest000005.blob.core.windows.net/","storageAccountSubscriptionId":"00000000-0000-0000-0000-000000000000"},"id":"/subscriptions/00000000-0000-0000-0000-000000000000/resourceGroups/clitest.rg000001/providers/Microsoft.Sql/servers/clitestserver000003/databases/cliautomationdb01/auditingSettings/Default","name":"Default","type":"Microsoft.Sql/servers/databases/auditingSettings"}'
    headers:
      cache-control:
      - no-cache
      content-length:
      - '728'
      content-type:
      - application/json; charset=utf-8
      date:
      - Wed, 12 May 2021 02:43:52 GMT
      expires:
      - '-1'
      pragma:
      - no-cache
      server:
      - Microsoft-HTTPAPI/2.0
      strict-transport-security:
      - max-age=31536000; includeSubDomains
      transfer-encoding:
      - chunked
      vary:
      - Accept-Encoding
      x-content-type-options:
      - nosniff
    status:
      code: 200
      message: OK
- request:
    body: null
    headers:
      Accept:
      - application/json
      Accept-Encoding:
      - gzip, deflate
      CommandName:
      - sql db audit-policy update
      Connection:
      - keep-alive
      ParameterSetName:
      - -g -s -n --state --log-analytics-target-state
      User-Agent:
      - AZURECLI/2.23.0 azsdk-python-azure-mgmt-monitor/2.0.0 Python/3.7.7 (Windows-10-10.0.19041-SP0)
    method: GET
    uri: https://management.azure.com/subscriptions/00000000-0000-0000-0000-000000000000/resourceGroups/clitest.rg000001/providers/Microsoft.Sql/servers/clitestserver000003/databases/cliautomationdb01/providers/microsoft.insights/diagnosticSettings?api-version=2017-05-01-preview
  response:
    body:
      string: '{"value":[{"id":"/subscriptions/00000000-0000-0000-0000-000000000000/resourcegroups/clitest.rg000001/providers/microsoft.sql/servers/clitestserver000003/databases/cliautomationdb01/providers/microsoft.insights/diagnosticSettings/SQLSecurityAuditEvents_LogAnalytics","type":"Microsoft.Insights/diagnosticSettings","name":"SQLSecurityAuditEvents_LogAnalytics","location":null,"kind":null,"tags":null,"properties":{"storageAccountId":null,"serviceBusRuleId":null,"workspaceId":"/subscriptions/00000000-0000-0000-0000-000000000000/resourcegroups/clitest.rg000001/providers/microsoft.operationalinsights/workspaces/laws000006","eventHubAuthorizationRuleId":null,"eventHubName":null,"metrics":[],"logs":[{"category":"SQLSecurityAuditEvents","categoryGroup":null,"enabled":true,"retentionPolicy":{"enabled":false,"days":0}}],"logAnalyticsDestinationType":null},"identity":null}]}'
    headers:
      cache-control:
      - no-cache
      content-length:
      - '1043'
      content-type:
      - application/json; charset=utf-8
      date:
      - Wed, 12 May 2021 02:43:54 GMT
      expires:
      - '-1'
      pragma:
      - no-cache
      server:
      - Microsoft-IIS/10.0
      strict-transport-security:
      - max-age=31536000; includeSubDomains
      transfer-encoding:
      - chunked
      vary:
      - Accept-Encoding
      x-content-type-options:
      - nosniff
    status:
      code: 200
      message: OK
- request:
    body: null
    headers:
      Accept:
      - application/json
      Accept-Encoding:
      - gzip, deflate
      CommandName:
      - sql db audit-policy update
      Connection:
      - keep-alive
      Content-Length:
      - '0'
      ParameterSetName:
      - -g -s -n --state --log-analytics-target-state
      User-Agent:
      - AZURECLI/2.23.0 azsdk-python-azure-mgmt-monitor/2.0.0 Python/3.7.7 (Windows-10-10.0.19041-SP0)
    method: DELETE
    uri: https://management.azure.com/subscriptions/00000000-0000-0000-0000-000000000000/resourceGroups/clitest.rg000001/providers/Microsoft.Sql/servers/clitestserver000003/databases/cliautomationdb01/providers/microsoft.insights/diagnosticSettings/SQLSecurityAuditEvents_LogAnalytics?api-version=2017-05-01-preview
  response:
    body:
      string: ''
    headers:
      cache-control:
      - no-cache
      content-length:
      - '0'
      date:
      - Wed, 12 May 2021 02:43:58 GMT
      expires:
      - '-1'
      pragma:
      - no-cache
      server:
      - Microsoft-IIS/10.0
      strict-transport-security:
      - max-age=31536000; includeSubDomains
      x-content-type-options:
      - nosniff
      x-ms-ratelimit-remaining-subscription-deletes:
      - '14996'
    status:
      code: 200
      message: OK
- request:
    body: null
    headers:
      Accept:
      - application/json
      Accept-Encoding:
      - gzip, deflate
      CommandName:
      - sql db audit-policy update
      Connection:
      - keep-alive
      ParameterSetName:
      - -g -s -n --state --log-analytics-target-state
      User-Agent:
      - python/3.7.7 (Windows-10-10.0.19041-SP0) msrest/0.6.21 msrest_azure/0.6.3
        azure-mgmt-resource/12.1.0 Azure-SDK-For-Python AZURECLI/2.23.0
      accept-language:
      - en-US
    method: GET
    uri: https://management.azure.com/subscriptions/00000000-0000-0000-0000-000000000000/resources?$filter=name%20eq%20%27clitest000005%27%20and%20%28resourceType%20eq%20%27Microsoft.Storage%2FstorageAccounts%27%20or%20resourceType%20eq%20%27Microsoft.ClassicStorage%2FstorageAccounts%27%29&api-version=2020-10-01
  response:
    body:
      string: '{"value":[{"id":"/subscriptions/00000000-0000-0000-0000-000000000000/resourceGroups/clitest.rg000002/providers/Microsoft.Storage/storageAccounts/clitest000005","name":"clitest000005","type":"Microsoft.Storage/storageAccounts","sku":{"name":"Standard_LRS","tier":"Standard"},"kind":"Storage","location":"westus","tags":{}}]}'
    headers:
      cache-control:
      - no-cache
      content-length:
      - '404'
      content-type:
      - application/json; charset=utf-8
      date:
      - Wed, 12 May 2021 02:44:00 GMT
      expires:
      - '-1'
      pragma:
      - no-cache
      strict-transport-security:
      - max-age=31536000; includeSubDomains
      vary:
      - Accept-Encoding
      x-content-type-options:
      - nosniff
    status:
      code: 200
      message: OK
- request:
    body: null
    headers:
      Accept:
      - application/json
      Accept-Encoding:
      - gzip, deflate
      CommandName:
      - sql db audit-policy update
      Connection:
      - keep-alive
      Content-Length:
      - '0'
      ParameterSetName:
      - -g -s -n --state --log-analytics-target-state
      User-Agent:
      - AZURECLI/2.23.0 azsdk-python-azure-mgmt-storage/17.1.0 Python/3.7.7 (Windows-10-10.0.19041-SP0)
    method: POST
    uri: https://management.azure.com/subscriptions/00000000-0000-0000-0000-000000000000/resourceGroups/clitest.rg000002/providers/Microsoft.Storage/storageAccounts/clitest000005/listKeys?api-version=2021-04-01&$expand=kerb
  response:
    body:
      string: '{"keys":[{"creationTime":"2021-05-12T02:40:54.6372363Z","keyName":"key1","value":"veryFakedStorageAccountKey==","permissions":"FULL"},{"creationTime":"2021-05-12T02:40:54.6372363Z","keyName":"key2","value":"veryFakedStorageAccountKey==","permissions":"FULL"}]}'
    headers:
      cache-control:
      - no-cache
      content-length:
      - '380'
      content-type:
      - application/json
      date:
      - Wed, 12 May 2021 02:44:00 GMT
      expires:
      - '-1'
      pragma:
      - no-cache
      server:
      - Microsoft-Azure-Storage-Resource-Provider/1.0,Microsoft-HTTPAPI/2.0 Microsoft-HTTPAPI/2.0
      strict-transport-security:
      - max-age=31536000; includeSubDomains
      transfer-encoding:
      - chunked
      vary:
      - Accept-Encoding
      x-content-type-options:
      - nosniff
      x-ms-ratelimit-remaining-subscription-resource-requests:
      - '11998'
    status:
      code: 200
      message: OK
- request:
    body: '{"properties": {"state": "Enabled", "storageEndpoint": "https://clitest000005.blob.core.windows.net/",
      "storageAccountAccessKey": "veryFakedStorageAccountKey==", "retentionDays":
      30, "auditActionsAndGroups": ["DATABASE_LOGOUT_GROUP", "DATABASE_ROLE_MEMBER_CHANGE_GROUP"],
      "storageAccountSubscriptionId": "00000000-0000-0000-0000-000000000000", "isStorageSecondaryKeyInUse":
      false, "isAzureMonitorTargetEnabled": false}}'
    headers:
      Accept:
      - application/json
      Accept-Encoding:
      - gzip, deflate
      CommandName:
      - sql db audit-policy update
      Connection:
      - keep-alive
      Content-Length:
      - '490'
      Content-Type:
      - application/json; charset=utf-8
      ParameterSetName:
      - -g -s -n --state --log-analytics-target-state
      User-Agent:
      - python/3.7.7 (Windows-10-10.0.19041-SP0) msrest/0.6.21 msrest_azure/0.6.3
        azure-mgmt-sql/0.26.0 Azure-SDK-For-Python AZURECLI/2.23.0
      accept-language:
      - en-US
    method: PUT
    uri: https://management.azure.com/subscriptions/00000000-0000-0000-0000-000000000000/resourceGroups/clitest.rg000001/providers/Microsoft.Sql/servers/clitestserver000003/databases/cliautomationdb01/auditingSettings/default?api-version=2017-03-01-preview
  response:
    body:
      string: '{"properties":{"retentionDays":30,"auditActionsAndGroups":["DATABASE_LOGOUT_GROUP","DATABASE_ROLE_MEMBER_CHANGE_GROUP"],"isStorageSecondaryKeyInUse":false,"isAzureMonitorTargetEnabled":false,"state":"Enabled","storageEndpoint":"https://clitest000005.blob.core.windows.net/","storageAccountSubscriptionId":"00000000-0000-0000-0000-000000000000"},"id":"/subscriptions/00000000-0000-0000-0000-000000000000/resourceGroups/clitest.rg000001/providers/Microsoft.Sql/servers/clitestserver000003/databases/cliautomationdb01/auditingSettings/Default","name":"Default","type":"Microsoft.Sql/servers/databases/auditingSettings"}'
    headers:
      cache-control:
      - no-cache
      content-length:
      - '729'
      content-type:
      - application/json; charset=utf-8
      date:
      - Wed, 12 May 2021 02:44:02 GMT
      expires:
      - '-1'
      pragma:
      - no-cache
      server:
      - Microsoft-HTTPAPI/2.0
      strict-transport-security:
      - max-age=31536000; includeSubDomains
      transfer-encoding:
      - chunked
      vary:
      - Accept-Encoding
      x-content-type-options:
      - nosniff
      x-ms-ratelimit-remaining-subscription-writes:
      - '1195'
    status:
      code: 200
      message: OK
- request:
    body: null
    headers:
      Accept:
      - application/json
      Accept-Encoding:
      - gzip, deflate
      CommandName:
      - sql db audit-policy show
      Connection:
      - keep-alive
      ParameterSetName:
      - -g -s -n
      User-Agent:
      - python/3.7.7 (Windows-10-10.0.19041-SP0) msrest/0.6.21 msrest_azure/0.6.3
        azure-mgmt-sql/0.26.0 Azure-SDK-For-Python AZURECLI/2.23.0
      accept-language:
      - en-US
    method: GET
    uri: https://management.azure.com/subscriptions/00000000-0000-0000-0000-000000000000/resourceGroups/clitest.rg000001/providers/Microsoft.Sql/servers/clitestserver000003/databases/cliautomationdb01/auditingSettings/default?api-version=2017-03-01-preview
  response:
    body:
      string: '{"properties":{"retentionDays":30,"auditActionsAndGroups":["DATABASE_LOGOUT_GROUP","DATABASE_ROLE_MEMBER_CHANGE_GROUP"],"isStorageSecondaryKeyInUse":false,"isAzureMonitorTargetEnabled":false,"state":"Enabled","storageEndpoint":"https://clitest000005.blob.core.windows.net/","storageAccountSubscriptionId":"00000000-0000-0000-0000-000000000000"},"id":"/subscriptions/00000000-0000-0000-0000-000000000000/resourceGroups/clitest.rg000001/providers/Microsoft.Sql/servers/clitestserver000003/databases/cliautomationdb01/auditingSettings/Default","name":"Default","type":"Microsoft.Sql/servers/databases/auditingSettings"}'
    headers:
      cache-control:
      - no-cache
      content-length:
      - '729'
      content-type:
      - application/json; charset=utf-8
      date:
      - Wed, 12 May 2021 02:44:03 GMT
      expires:
      - '-1'
      pragma:
      - no-cache
      server:
      - Microsoft-HTTPAPI/2.0
      strict-transport-security:
      - max-age=31536000; includeSubDomains
      transfer-encoding:
      - chunked
      vary:
      - Accept-Encoding
      x-content-type-options:
      - nosniff
    status:
      code: 200
      message: OK
- request:
    body: null
    headers:
      Accept:
      - application/json
      Accept-Encoding:
      - gzip, deflate
      CommandName:
      - eventhubs namespace create
      Connection:
      - keep-alive
      ParameterSetName:
      - -g -n
      User-Agent:
      - python/3.7.7 (Windows-10-10.0.19041-SP0) msrest/0.6.21 msrest_azure/0.6.3
        azure-mgmt-resource/12.1.0 Azure-SDK-For-Python AZURECLI/2.23.0
      accept-language:
      - en-US
    method: GET
    uri: https://management.azure.com/subscriptions/00000000-0000-0000-0000-000000000000/resourcegroups/clitest.rg000001?api-version=2020-10-01
  response:
    body:
      string: '{"id":"/subscriptions/00000000-0000-0000-0000-000000000000/resourceGroups/clitest.rg000001","name":"clitest.rg000001","type":"Microsoft.Resources/resourceGroups","location":"westeurope","tags":{"product":"azurecli","cause":"automation","date":"2021-05-12T02:39:04Z"},"properties":{"provisioningState":"Succeeded"}}'
    headers:
      cache-control:
      - no-cache
      content-length:
      - '432'
      content-type:
      - application/json; charset=utf-8
      date:
      - Wed, 12 May 2021 02:44:04 GMT
      expires:
      - '-1'
      pragma:
      - no-cache
      strict-transport-security:
      - max-age=31536000; includeSubDomains
      vary:
      - Accept-Encoding
      x-content-type-options:
      - nosniff
    status:
      code: 200
      message: OK
- request:
    body: '{"location": "westeurope", "sku": {"name": "Standard", "tier": "Standard"}}'
    headers:
      Accept:
      - application/json
      Accept-Encoding:
      - gzip, deflate
      CommandName:
      - eventhubs namespace create
      Connection:
      - keep-alive
      Content-Length:
      - '75'
      Content-Type:
      - application/json; charset=utf-8
      ParameterSetName:
      - -g -n
      User-Agent:
      - python/3.7.7 (Windows-10-10.0.19041-SP0) msrest/0.6.21 msrest_azure/0.6.3
        azure-mgmt-eventhub/4.1.0 Azure-SDK-For-Python AZURECLI/2.23.0
      accept-language:
      - en-US
    method: PUT
    uri: https://management.azure.com/subscriptions/00000000-0000-0000-0000-000000000000/resourceGroups/clitest.rg000001/providers/Microsoft.EventHub/namespaces/cliehnamespacedb01?api-version=2018-01-01-preview
  response:
    body:
      string: '{"sku":{"name":"Standard","tier":"Standard","capacity":1},"id":"/subscriptions/00000000-0000-0000-0000-000000000000/resourceGroups/clitest.rg000001/providers/Microsoft.EventHub/namespaces/cliehnamespacedb01","name":"cliehnamespacedb01","type":"Microsoft.EventHub/Namespaces","location":"West
        Europe","tags":{},"properties":{"zoneRedundant":false,"isAutoInflateEnabled":false,"maximumThroughputUnits":0,"kafkaEnabled":true,"provisioningState":"Created","metricId":"0b1f6471-1bf0-4dda-aec3-cb9272f09590:cliehnamespacedb01","createdAt":"2021-05-12T02:44:08.717Z","updatedAt":"2021-05-12T02:44:08.717Z","serviceBusEndpoint":"https://cliehnamespacedb01.servicebus.windows.net:443/","status":"Activating"}}'
    headers:
      cache-control:
      - no-cache
      content-length:
      - '759'
      content-type:
      - application/json; charset=utf-8
      date:
      - Wed, 12 May 2021 02:44:09 GMT
      expires:
      - '-1'
      pragma:
      - no-cache
      server:
      - Service-Bus-Resource-Provider/SN1
      - Microsoft-HTTPAPI/2.0
      server-sb:
      - Service-Bus-Resource-Provider/SN1
      strict-transport-security:
      - max-age=31536000; includeSubDomains
      transfer-encoding:
      - chunked
      vary:
      - Accept-Encoding
      x-content-type-options:
      - nosniff
      x-ms-ratelimit-remaining-subscription-resource-requests:
      - '49'
    status:
      code: 200
      message: OK
- request:
    body: null
    headers:
      Accept:
      - application/json
      Accept-Encoding:
      - gzip, deflate
      CommandName:
      - eventhubs namespace create
      Connection:
      - keep-alive
      ParameterSetName:
      - -g -n
      User-Agent:
      - python/3.7.7 (Windows-10-10.0.19041-SP0) msrest/0.6.21 msrest_azure/0.6.3
        azure-mgmt-eventhub/4.1.0 Azure-SDK-For-Python AZURECLI/2.23.0
    method: GET
    uri: https://management.azure.com/subscriptions/00000000-0000-0000-0000-000000000000/resourceGroups/clitest.rg000001/providers/Microsoft.EventHub/namespaces/cliehnamespacedb01?api-version=2018-01-01-preview
  response:
    body:
      string: '{"sku":{"name":"Standard","tier":"Standard","capacity":1},"id":"/subscriptions/00000000-0000-0000-0000-000000000000/resourceGroups/clitest.rg000001/providers/Microsoft.EventHub/namespaces/cliehnamespacedb01","name":"cliehnamespacedb01","type":"Microsoft.EventHub/Namespaces","location":"West
        Europe","tags":{},"properties":{"zoneRedundant":false,"isAutoInflateEnabled":false,"maximumThroughputUnits":0,"kafkaEnabled":true,"provisioningState":"Created","metricId":"0b1f6471-1bf0-4dda-aec3-cb9272f09590:cliehnamespacedb01","createdAt":"2021-05-12T02:44:08.717Z","updatedAt":"2021-05-12T02:44:08.717Z","serviceBusEndpoint":"https://cliehnamespacedb01.servicebus.windows.net:443/","status":"Activating"}}'
    headers:
      cache-control:
      - no-cache
      content-length:
      - '759'
      content-type:
      - application/json; charset=utf-8
      date:
      - Wed, 12 May 2021 02:44:40 GMT
      expires:
      - '-1'
      pragma:
      - no-cache
      server:
      - Service-Bus-Resource-Provider/CH3
      - Microsoft-HTTPAPI/2.0
      server-sb:
      - Service-Bus-Resource-Provider/CH3
      strict-transport-security:
      - max-age=31536000; includeSubDomains
      transfer-encoding:
      - chunked
      vary:
      - Accept-Encoding
      x-content-type-options:
      - nosniff
    status:
      code: 200
      message: OK
- request:
    body: null
    headers:
      Accept:
      - application/json
      Accept-Encoding:
      - gzip, deflate
      CommandName:
      - eventhubs namespace create
      Connection:
      - keep-alive
      ParameterSetName:
      - -g -n
      User-Agent:
      - python/3.7.7 (Windows-10-10.0.19041-SP0) msrest/0.6.21 msrest_azure/0.6.3
        azure-mgmt-eventhub/4.1.0 Azure-SDK-For-Python AZURECLI/2.23.0
    method: GET
    uri: https://management.azure.com/subscriptions/00000000-0000-0000-0000-000000000000/resourceGroups/clitest.rg000001/providers/Microsoft.EventHub/namespaces/cliehnamespacedb01?api-version=2018-01-01-preview
  response:
    body:
      string: '{"sku":{"name":"Standard","tier":"Standard","capacity":1},"id":"/subscriptions/00000000-0000-0000-0000-000000000000/resourceGroups/clitest.rg000001/providers/Microsoft.EventHub/namespaces/cliehnamespacedb01","name":"cliehnamespacedb01","type":"Microsoft.EventHub/Namespaces","location":"West
        Europe","tags":{},"properties":{"zoneRedundant":false,"isAutoInflateEnabled":false,"maximumThroughputUnits":0,"kafkaEnabled":true,"provisioningState":"Succeeded","metricId":"0b1f6471-1bf0-4dda-aec3-cb9272f09590:cliehnamespacedb01","createdAt":"2021-05-12T02:44:08.717Z","updatedAt":"2021-05-12T02:44:56.907Z","serviceBusEndpoint":"https://cliehnamespacedb01.servicebus.windows.net:443/","status":"Active"}}'
    headers:
      cache-control:
      - no-cache
      content-length:
      - '757'
      content-type:
      - application/json; charset=utf-8
      date:
      - Wed, 12 May 2021 02:45:11 GMT
      expires:
      - '-1'
      pragma:
      - no-cache
      server:
      - Service-Bus-Resource-Provider/CH3
      - Microsoft-HTTPAPI/2.0
      server-sb:
      - Service-Bus-Resource-Provider/CH3
      strict-transport-security:
      - max-age=31536000; includeSubDomains
      transfer-encoding:
      - chunked
      vary:
      - Accept-Encoding
      x-content-type-options:
      - nosniff
    status:
      code: 200
      message: OK
- request:
    body: null
    headers:
      Accept:
      - application/json
      Accept-Encoding:
      - gzip, deflate
      CommandName:
      - eventhubs namespace create
      Connection:
      - keep-alive
      ParameterSetName:
      - -g -n
      User-Agent:
      - python/3.7.7 (Windows-10-10.0.19041-SP0) msrest/0.6.21 msrest_azure/0.6.3
        azure-mgmt-eventhub/4.1.0 Azure-SDK-For-Python AZURECLI/2.23.0
      accept-language:
      - en-US
    method: GET
    uri: https://management.azure.com/subscriptions/00000000-0000-0000-0000-000000000000/resourceGroups/clitest.rg000001/providers/Microsoft.EventHub/namespaces/cliehnamespacedb01?api-version=2018-01-01-preview
  response:
    body:
      string: '{"sku":{"name":"Standard","tier":"Standard","capacity":1},"id":"/subscriptions/00000000-0000-0000-0000-000000000000/resourceGroups/clitest.rg000001/providers/Microsoft.EventHub/namespaces/cliehnamespacedb01","name":"cliehnamespacedb01","type":"Microsoft.EventHub/Namespaces","location":"West
        Europe","tags":{},"properties":{"zoneRedundant":false,"isAutoInflateEnabled":false,"maximumThroughputUnits":0,"kafkaEnabled":true,"provisioningState":"Succeeded","metricId":"0b1f6471-1bf0-4dda-aec3-cb9272f09590:cliehnamespacedb01","createdAt":"2021-05-12T02:44:08.717Z","updatedAt":"2021-05-12T02:44:56.907Z","serviceBusEndpoint":"https://cliehnamespacedb01.servicebus.windows.net:443/","status":"Active"}}'
    headers:
      cache-control:
      - no-cache
      content-length:
      - '757'
      content-type:
      - application/json; charset=utf-8
      date:
      - Wed, 12 May 2021 02:45:12 GMT
      expires:
      - '-1'
      pragma:
      - no-cache
      server:
      - Service-Bus-Resource-Provider/SN1
      - Microsoft-HTTPAPI/2.0
      server-sb:
      - Service-Bus-Resource-Provider/SN1
      strict-transport-security:
      - max-age=31536000; includeSubDomains
      transfer-encoding:
      - chunked
      vary:
      - Accept-Encoding
      x-content-type-options:
      - nosniff
    status:
      code: 200
      message: OK
- request:
    body: '{}'
    headers:
      Accept:
      - application/json
      Accept-Encoding:
      - gzip, deflate
      CommandName:
      - eventhubs eventhub create
      Connection:
      - keep-alive
      Content-Length:
      - '2'
      Content-Type:
      - application/json; charset=utf-8
      ParameterSetName:
      - -g -n --namespace-name
      User-Agent:
      - python/3.7.7 (Windows-10-10.0.19041-SP0) msrest/0.6.21 msrest_azure/0.6.3
        azure-mgmt-eventhub/4.1.0 Azure-SDK-For-Python AZURECLI/2.23.0
      accept-language:
      - en-US
    method: PUT
    uri: https://management.azure.com/subscriptions/00000000-0000-0000-0000-000000000000/resourceGroups/clitest.rg000001/providers/Microsoft.EventHub/namespaces/cliehnamespacedb01/eventhubs/cliehdb01?api-version=2017-04-01
  response:
    body:
      string: '{"id":"/subscriptions/00000000-0000-0000-0000-000000000000/resourceGroups/clitest.rg000001/providers/Microsoft.EventHub/namespaces/cliehnamespacedb01/eventhubs/cliehdb01","name":"cliehdb01","type":"Microsoft.EventHub/Namespaces/EventHubs","location":"West
        Europe","properties":{"messageRetentionInDays":7,"partitionCount":4,"status":"Active","createdAt":"2021-05-12T02:45:15.063Z","updatedAt":"2021-05-12T02:45:15.307Z","partitionIds":["0","1","2","3"]}}'
    headers:
      cache-control:
      - no-cache
      content-length:
      - '513'
      content-type:
      - application/json; charset=utf-8
      date:
      - Wed, 12 May 2021 02:45:15 GMT
      expires:
      - '-1'
      pragma:
      - no-cache
      server:
      - Service-Bus-Resource-Provider/SN1
      - Microsoft-HTTPAPI/2.0
      server-sb:
      - Service-Bus-Resource-Provider/SN1
      strict-transport-security:
      - max-age=31536000; includeSubDomains
      transfer-encoding:
      - chunked
      vary:
      - Accept-Encoding
      x-content-type-options:
      - nosniff
      x-ms-ratelimit-remaining-subscription-writes:
      - '1195'
    status:
      code: 200
      message: OK
- request:
    body: '{"properties": {"rights": ["Listen", "Manage", "Send"]}}'
    headers:
      Accept:
      - application/json
      Accept-Encoding:
      - gzip, deflate
      CommandName:
      - eventhubs namespace authorization-rule create
      Connection:
      - keep-alive
      Content-Length:
      - '56'
      Content-Type:
      - application/json; charset=utf-8
      ParameterSetName:
      - -g -n --namespace-name --rights
      User-Agent:
      - python/3.7.7 (Windows-10-10.0.19041-SP0) msrest/0.6.21 msrest_azure/0.6.3
        azure-mgmt-eventhub/4.1.0 Azure-SDK-For-Python AZURECLI/2.23.0
      accept-language:
      - en-US
    method: PUT
    uri: https://management.azure.com/subscriptions/00000000-0000-0000-0000-000000000000/resourceGroups/clitest.rg000001/providers/Microsoft.EventHub/namespaces/cliehnamespacedb01/authorizationRules/cliehauthruledb01?api-version=2017-04-01
  response:
    body:
      string: '{"id":"/subscriptions/00000000-0000-0000-0000-000000000000/resourceGroups/clitest.rg000001/providers/Microsoft.EventHub/namespaces/cliehnamespacedb01/authorizationRules/cliehauthruledb01","name":"cliehauthruledb01","type":"Microsoft.EventHub/Namespaces/AuthorizationRules","location":"West
        Europe","properties":{"rights":["Listen","Manage","Send"]}}'
    headers:
      cache-control:
      - no-cache
      content-length:
      - '408'
      content-type:
      - application/json; charset=utf-8
      date:
      - Wed, 12 May 2021 02:45:22 GMT
      expires:
      - '-1'
      pragma:
      - no-cache
      server:
      - Service-Bus-Resource-Provider/CH3
      - Microsoft-HTTPAPI/2.0
      server-sb:
      - Service-Bus-Resource-Provider/CH3
      strict-transport-security:
      - max-age=31536000; includeSubDomains
      transfer-encoding:
      - chunked
      vary:
      - Accept-Encoding
      x-content-type-options:
      - nosniff
      x-ms-ratelimit-remaining-subscription-writes:
      - '1193'
    status:
      code: 200
      message: OK
- request:
    body: null
    headers:
      Accept:
      - application/json
      Accept-Encoding:
      - gzip, deflate
      CommandName:
      - sql db audit-policy update
      Connection:
      - keep-alive
      ParameterSetName:
      - -g -s -n --state --event-hub-target-state --event-hub-authorization-rule-id
        --event-hub
      User-Agent:
      - python/3.7.7 (Windows-10-10.0.19041-SP0) msrest/0.6.21 msrest_azure/0.6.3
        azure-mgmt-sql/0.26.0 Azure-SDK-For-Python AZURECLI/2.23.0
      accept-language:
      - en-US
    method: GET
    uri: https://management.azure.com/subscriptions/00000000-0000-0000-0000-000000000000/resourceGroups/clitest.rg000001/providers/Microsoft.Sql/servers/clitestserver000003/databases/cliautomationdb01/auditingSettings/default?api-version=2017-03-01-preview
  response:
    body:
      string: '{"properties":{"retentionDays":30,"auditActionsAndGroups":["DATABASE_LOGOUT_GROUP","DATABASE_ROLE_MEMBER_CHANGE_GROUP"],"isStorageSecondaryKeyInUse":false,"isAzureMonitorTargetEnabled":false,"state":"Enabled","storageEndpoint":"https://clitest000005.blob.core.windows.net/","storageAccountSubscriptionId":"00000000-0000-0000-0000-000000000000"},"id":"/subscriptions/00000000-0000-0000-0000-000000000000/resourceGroups/clitest.rg000001/providers/Microsoft.Sql/servers/clitestserver000003/databases/cliautomationdb01/auditingSettings/Default","name":"Default","type":"Microsoft.Sql/servers/databases/auditingSettings"}'
    headers:
      cache-control:
      - no-cache
      content-length:
      - '729'
      content-type:
      - application/json; charset=utf-8
      date:
      - Wed, 12 May 2021 02:45:23 GMT
      expires:
      - '-1'
      pragma:
      - no-cache
      server:
      - Microsoft-HTTPAPI/2.0
      strict-transport-security:
      - max-age=31536000; includeSubDomains
      transfer-encoding:
      - chunked
      vary:
      - Accept-Encoding
      x-content-type-options:
      - nosniff
    status:
      code: 200
      message: OK
- request:
    body: null
    headers:
      Accept:
      - application/json
      Accept-Encoding:
      - gzip, deflate
      CommandName:
      - sql db audit-policy update
      Connection:
      - keep-alive
      ParameterSetName:
      - -g -s -n --state --event-hub-target-state --event-hub-authorization-rule-id
        --event-hub
      User-Agent:
      - AZURECLI/2.23.0 azsdk-python-azure-mgmt-monitor/2.0.0 Python/3.7.7 (Windows-10-10.0.19041-SP0)
    method: GET
    uri: https://management.azure.com/subscriptions/00000000-0000-0000-0000-000000000000/resourceGroups/clitest.rg000001/providers/Microsoft.Sql/servers/clitestserver000003/databases/cliautomationdb01/providers/microsoft.insights/diagnosticSettings?api-version=2017-05-01-preview
  response:
    body:
      string: '{"value":[]}'
    headers:
      cache-control:
      - no-cache
      content-length:
      - '12'
      content-type:
      - application/json; charset=utf-8
      date:
      - Wed, 12 May 2021 02:45:26 GMT
      expires:
      - '-1'
      pragma:
      - no-cache
      server:
      - Microsoft-IIS/10.0
      strict-transport-security:
      - max-age=31536000; includeSubDomains
      transfer-encoding:
      - chunked
      vary:
      - Accept-Encoding
      x-content-type-options:
      - nosniff
    status:
      code: 200
      message: OK
- request:
    body: '{"properties": {"eventHubAuthorizationRuleId": "/subscriptions/00000000-0000-0000-0000-000000000000/resourceGroups/clitest.rg000001/providers/Microsoft.EventHub/namespaces/cliehnamespacedb01/authorizationRules/cliehauthruledb01",
      "eventHubName": "cliehdb01", "logs": [{"category": "SQLSecurityAuditEvents",
      "enabled": true, "retentionPolicy": {"enabled": false, "days": 0}}]}}'
    headers:
      Accept:
      - application/json
      Accept-Encoding:
      - gzip, deflate
      CommandName:
      - sql db audit-policy update
      Connection:
      - keep-alive
      Content-Length:
      - '435'
      Content-Type:
      - application/json
      ParameterSetName:
      - -g -s -n --state --event-hub-target-state --event-hub-authorization-rule-id
        --event-hub
      User-Agent:
      - AZURECLI/2.23.0 azsdk-python-azure-mgmt-monitor/2.0.0 Python/3.7.7 (Windows-10-10.0.19041-SP0)
    method: PUT
    uri: https://management.azure.com/subscriptions/00000000-0000-0000-0000-000000000000/resourceGroups/clitest.rg000001/providers/Microsoft.Sql/servers/clitestserver000003/databases/cliautomationdb01/providers/microsoft.insights/diagnosticSettings/SQLSecurityAuditEvents_EventHub?api-version=2017-05-01-preview
  response:
    body:
      string: '{"id":"/subscriptions/00000000-0000-0000-0000-000000000000/resourcegroups/clitest.rg000001/providers/microsoft.sql/servers/clitestserver000003/databases/cliautomationdb01/providers/microsoft.insights/diagnosticSettings/SQLSecurityAuditEvents_EventHub","type":"Microsoft.Insights/diagnosticSettings","name":"SQLSecurityAuditEvents_EventHub","location":null,"kind":null,"tags":null,"properties":{"storageAccountId":null,"serviceBusRuleId":null,"workspaceId":null,"eventHubAuthorizationRuleId":"/subscriptions/00000000-0000-0000-0000-000000000000/resourceGroups/clitest.rg000001/providers/Microsoft.EventHub/namespaces/cliehnamespacedb01/authorizationRules/cliehauthruledb01","eventHubName":"cliehdb01","metrics":[],"logs":[{"category":"SQLSecurityAuditEvents","categoryGroup":null,"enabled":true,"retentionPolicy":{"enabled":false,"days":0}}],"logAnalyticsDestinationType":null},"identity":null}'
    headers:
      cache-control:
      - no-cache
      content-length:
      - '1054'
      content-type:
      - application/json; charset=utf-8
      date:
      - Wed, 12 May 2021 02:45:34 GMT
      expires:
      - '-1'
      pragma:
      - no-cache
      server:
      - Microsoft-IIS/10.0
      strict-transport-security:
      - max-age=31536000; includeSubDomains
      transfer-encoding:
      - chunked
      vary:
      - Accept-Encoding
      x-content-type-options:
      - nosniff
      x-ms-ratelimit-remaining-subscription-resource-requests:
      - '149'
    status:
      code: 200
      message: OK
- request:
    body: null
    headers:
      Accept:
      - application/json
      Accept-Encoding:
      - gzip, deflate
      CommandName:
      - sql db audit-policy update
      Connection:
      - keep-alive
      ParameterSetName:
      - -g -s -n --state --event-hub-target-state --event-hub-authorization-rule-id
        --event-hub
      User-Agent:
      - python/3.7.7 (Windows-10-10.0.19041-SP0) msrest/0.6.21 msrest_azure/0.6.3
        azure-mgmt-resource/12.1.0 Azure-SDK-For-Python AZURECLI/2.23.0
      accept-language:
      - en-US
    method: GET
    uri: https://management.azure.com/subscriptions/00000000-0000-0000-0000-000000000000/resources?$filter=name%20eq%20%27clitest000005%27%20and%20%28resourceType%20eq%20%27Microsoft.Storage%2FstorageAccounts%27%20or%20resourceType%20eq%20%27Microsoft.ClassicStorage%2FstorageAccounts%27%29&api-version=2020-10-01
  response:
    body:
      string: '{"value":[{"id":"/subscriptions/00000000-0000-0000-0000-000000000000/resourceGroups/clitest.rg000002/providers/Microsoft.Storage/storageAccounts/clitest000005","name":"clitest000005","type":"Microsoft.Storage/storageAccounts","sku":{"name":"Standard_LRS","tier":"Standard"},"kind":"Storage","location":"westus","tags":{}}]}'
    headers:
      cache-control:
      - no-cache
      content-length:
      - '404'
      content-type:
      - application/json; charset=utf-8
      date:
      - Wed, 12 May 2021 02:45:34 GMT
      expires:
      - '-1'
      pragma:
      - no-cache
      strict-transport-security:
      - max-age=31536000; includeSubDomains
      vary:
      - Accept-Encoding
      x-content-type-options:
      - nosniff
    status:
      code: 200
      message: OK
- request:
    body: null
    headers:
      Accept:
      - application/json
      Accept-Encoding:
      - gzip, deflate
      CommandName:
      - sql db audit-policy update
      Connection:
      - keep-alive
      Content-Length:
      - '0'
      ParameterSetName:
      - -g -s -n --state --event-hub-target-state --event-hub-authorization-rule-id
        --event-hub
      User-Agent:
      - AZURECLI/2.23.0 azsdk-python-azure-mgmt-storage/17.1.0 Python/3.7.7 (Windows-10-10.0.19041-SP0)
    method: POST
    uri: https://management.azure.com/subscriptions/00000000-0000-0000-0000-000000000000/resourceGroups/clitest.rg000002/providers/Microsoft.Storage/storageAccounts/clitest000005/listKeys?api-version=2021-04-01&$expand=kerb
  response:
    body:
      string: '{"keys":[{"creationTime":"2021-05-12T02:40:54.6372363Z","keyName":"key1","value":"veryFakedStorageAccountKey==","permissions":"FULL"},{"creationTime":"2021-05-12T02:40:54.6372363Z","keyName":"key2","value":"veryFakedStorageAccountKey==","permissions":"FULL"}]}'
    headers:
      cache-control:
      - no-cache
      content-length:
      - '380'
      content-type:
      - application/json
      date:
      - Wed, 12 May 2021 02:45:34 GMT
      expires:
      - '-1'
      pragma:
      - no-cache
      server:
      - Microsoft-Azure-Storage-Resource-Provider/1.0,Microsoft-HTTPAPI/2.0 Microsoft-HTTPAPI/2.0
      strict-transport-security:
      - max-age=31536000; includeSubDomains
      transfer-encoding:
      - chunked
      vary:
      - Accept-Encoding
      x-content-type-options:
      - nosniff
      x-ms-ratelimit-remaining-subscription-resource-requests:
      - '11998'
    status:
      code: 200
      message: OK
- request:
    body: '{"properties": {"state": "Enabled", "storageEndpoint": "https://clitest000005.blob.core.windows.net/",
      "storageAccountAccessKey": "veryFakedStorageAccountKey==", "retentionDays":
      30, "auditActionsAndGroups": ["DATABASE_LOGOUT_GROUP", "DATABASE_ROLE_MEMBER_CHANGE_GROUP"],
      "storageAccountSubscriptionId": "00000000-0000-0000-0000-000000000000", "isStorageSecondaryKeyInUse":
      false, "isAzureMonitorTargetEnabled": true}}'
    headers:
      Accept:
      - application/json
      Accept-Encoding:
      - gzip, deflate
      CommandName:
      - sql db audit-policy update
      Connection:
      - keep-alive
      Content-Length:
      - '489'
      Content-Type:
      - application/json; charset=utf-8
      ParameterSetName:
      - -g -s -n --state --event-hub-target-state --event-hub-authorization-rule-id
        --event-hub
      User-Agent:
      - python/3.7.7 (Windows-10-10.0.19041-SP0) msrest/0.6.21 msrest_azure/0.6.3
        azure-mgmt-sql/0.26.0 Azure-SDK-For-Python AZURECLI/2.23.0
      accept-language:
      - en-US
    method: PUT
    uri: https://management.azure.com/subscriptions/00000000-0000-0000-0000-000000000000/resourceGroups/clitest.rg000001/providers/Microsoft.Sql/servers/clitestserver000003/databases/cliautomationdb01/auditingSettings/default?api-version=2017-03-01-preview
  response:
    body:
      string: '{"properties":{"retentionDays":30,"auditActionsAndGroups":["DATABASE_LOGOUT_GROUP","DATABASE_ROLE_MEMBER_CHANGE_GROUP"],"isStorageSecondaryKeyInUse":false,"isAzureMonitorTargetEnabled":true,"state":"Enabled","storageEndpoint":"https://clitest000005.blob.core.windows.net/","storageAccountSubscriptionId":"00000000-0000-0000-0000-000000000000"},"id":"/subscriptions/00000000-0000-0000-0000-000000000000/resourceGroups/clitest.rg000001/providers/Microsoft.Sql/servers/clitestserver000003/databases/cliautomationdb01/auditingSettings/Default","name":"Default","type":"Microsoft.Sql/servers/databases/auditingSettings"}'
    headers:
      cache-control:
      - no-cache
      content-length:
      - '728'
      content-type:
      - application/json; charset=utf-8
      date:
      - Wed, 12 May 2021 02:45:38 GMT
      expires:
      - '-1'
      pragma:
      - no-cache
      server:
      - Microsoft-HTTPAPI/2.0
      strict-transport-security:
      - max-age=31536000; includeSubDomains
      transfer-encoding:
      - chunked
      vary:
      - Accept-Encoding
      x-content-type-options:
      - nosniff
      x-ms-ratelimit-remaining-subscription-writes:
      - '1189'
    status:
      code: 200
      message: OK
- request:
    body: null
    headers:
      Accept:
      - application/json
      Accept-Encoding:
      - gzip, deflate
      CommandName:
      - sql db audit-policy show
      Connection:
      - keep-alive
      ParameterSetName:
      - -g -s -n
      User-Agent:
      - python/3.7.7 (Windows-10-10.0.19041-SP0) msrest/0.6.21 msrest_azure/0.6.3
        azure-mgmt-sql/0.26.0 Azure-SDK-For-Python AZURECLI/2.23.0
      accept-language:
      - en-US
    method: GET
    uri: https://management.azure.com/subscriptions/00000000-0000-0000-0000-000000000000/resourceGroups/clitest.rg000001/providers/Microsoft.Sql/servers/clitestserver000003/databases/cliautomationdb01/auditingSettings/default?api-version=2017-03-01-preview
  response:
    body:
      string: '{"properties":{"retentionDays":30,"auditActionsAndGroups":["DATABASE_LOGOUT_GROUP","DATABASE_ROLE_MEMBER_CHANGE_GROUP"],"isStorageSecondaryKeyInUse":false,"isAzureMonitorTargetEnabled":true,"state":"Enabled","storageEndpoint":"https://clitest000005.blob.core.windows.net/","storageAccountSubscriptionId":"00000000-0000-0000-0000-000000000000"},"id":"/subscriptions/00000000-0000-0000-0000-000000000000/resourceGroups/clitest.rg000001/providers/Microsoft.Sql/servers/clitestserver000003/databases/cliautomationdb01/auditingSettings/Default","name":"Default","type":"Microsoft.Sql/servers/databases/auditingSettings"}'
    headers:
      cache-control:
      - no-cache
      content-length:
      - '728'
      content-type:
      - application/json; charset=utf-8
      date:
      - Wed, 12 May 2021 02:45:38 GMT
      expires:
      - '-1'
      pragma:
      - no-cache
      server:
      - Microsoft-HTTPAPI/2.0
      strict-transport-security:
      - max-age=31536000; includeSubDomains
      transfer-encoding:
      - chunked
      vary:
      - Accept-Encoding
      x-content-type-options:
      - nosniff
    status:
      code: 200
      message: OK
- request:
    body: null
    headers:
      Accept:
      - application/json
      Accept-Encoding:
      - gzip, deflate
      CommandName:
      - sql db audit-policy show
      Connection:
      - keep-alive
      ParameterSetName:
      - -g -s -n
      User-Agent:
      - AZURECLI/2.23.0 azsdk-python-azure-mgmt-monitor/2.0.0 Python/3.7.7 (Windows-10-10.0.19041-SP0)
    method: GET
    uri: https://management.azure.com/subscriptions/00000000-0000-0000-0000-000000000000/resourceGroups/clitest.rg000001/providers/Microsoft.Sql/servers/clitestserver000003/databases/cliautomationdb01/providers/microsoft.insights/diagnosticSettings?api-version=2017-05-01-preview
  response:
    body:
      string: '{"value":[{"id":"/subscriptions/00000000-0000-0000-0000-000000000000/resourcegroups/clitest.rg000001/providers/microsoft.sql/servers/clitestserver000003/databases/cliautomationdb01/providers/microsoft.insights/diagnosticSettings/SQLSecurityAuditEvents_EventHub","type":"Microsoft.Insights/diagnosticSettings","name":"SQLSecurityAuditEvents_EventHub","location":null,"kind":null,"tags":null,"properties":{"storageAccountId":null,"serviceBusRuleId":null,"workspaceId":null,"eventHubAuthorizationRuleId":"/subscriptions/00000000-0000-0000-0000-000000000000/resourceGroups/clitest.rg000001/providers/Microsoft.EventHub/namespaces/cliehnamespacedb01/authorizationRules/cliehauthruledb01","eventHubName":"cliehdb01","metrics":[],"logs":[{"category":"SQLSecurityAuditEvents","categoryGroup":null,"enabled":true,"retentionPolicy":{"enabled":false,"days":0}}],"logAnalyticsDestinationType":null},"identity":null}]}'
    headers:
      cache-control:
      - no-cache
      content-length:
      - '1066'
      content-type:
      - application/json; charset=utf-8
      date:
      - Wed, 12 May 2021 02:45:41 GMT
      expires:
      - '-1'
      pragma:
      - no-cache
      server:
      - Microsoft-IIS/10.0
      strict-transport-security:
      - max-age=31536000; includeSubDomains
      transfer-encoding:
      - chunked
      vary:
      - Accept-Encoding
      x-content-type-options:
      - nosniff
    status:
      code: 200
      message: OK
- request:
    body: null
    headers:
      Accept:
      - application/json
      Accept-Encoding:
      - gzip, deflate
      CommandName:
      - sql db audit-policy update
      Connection:
      - keep-alive
      ParameterSetName:
      - -g -s -n --state --event-hub-target-state
      User-Agent:
      - python/3.7.7 (Windows-10-10.0.19041-SP0) msrest/0.6.21 msrest_azure/0.6.3
        azure-mgmt-sql/0.26.0 Azure-SDK-For-Python AZURECLI/2.23.0
      accept-language:
      - en-US
    method: GET
    uri: https://management.azure.com/subscriptions/00000000-0000-0000-0000-000000000000/resourceGroups/clitest.rg000001/providers/Microsoft.Sql/servers/clitestserver000003/databases/cliautomationdb01/auditingSettings/default?api-version=2017-03-01-preview
  response:
    body:
      string: '{"properties":{"retentionDays":30,"auditActionsAndGroups":["DATABASE_LOGOUT_GROUP","DATABASE_ROLE_MEMBER_CHANGE_GROUP"],"isStorageSecondaryKeyInUse":false,"isAzureMonitorTargetEnabled":true,"state":"Enabled","storageEndpoint":"https://clitest000005.blob.core.windows.net/","storageAccountSubscriptionId":"00000000-0000-0000-0000-000000000000"},"id":"/subscriptions/00000000-0000-0000-0000-000000000000/resourceGroups/clitest.rg000001/providers/Microsoft.Sql/servers/clitestserver000003/databases/cliautomationdb01/auditingSettings/Default","name":"Default","type":"Microsoft.Sql/servers/databases/auditingSettings"}'
    headers:
      cache-control:
      - no-cache
      content-length:
      - '728'
      content-type:
      - application/json; charset=utf-8
      date:
      - Wed, 12 May 2021 02:45:42 GMT
      expires:
      - '-1'
      pragma:
      - no-cache
      server:
      - Microsoft-HTTPAPI/2.0
      strict-transport-security:
      - max-age=31536000; includeSubDomains
      transfer-encoding:
      - chunked
      vary:
      - Accept-Encoding
      x-content-type-options:
      - nosniff
    status:
      code: 200
      message: OK
- request:
    body: null
    headers:
      Accept:
      - application/json
      Accept-Encoding:
      - gzip, deflate
      CommandName:
      - sql db audit-policy update
      Connection:
      - keep-alive
      ParameterSetName:
      - -g -s -n --state --event-hub-target-state
      User-Agent:
      - AZURECLI/2.23.0 azsdk-python-azure-mgmt-monitor/2.0.0 Python/3.7.7 (Windows-10-10.0.19041-SP0)
    method: GET
    uri: https://management.azure.com/subscriptions/00000000-0000-0000-0000-000000000000/resourceGroups/clitest.rg000001/providers/Microsoft.Sql/servers/clitestserver000003/databases/cliautomationdb01/providers/microsoft.insights/diagnosticSettings?api-version=2017-05-01-preview
  response:
    body:
      string: '{"value":[{"id":"/subscriptions/00000000-0000-0000-0000-000000000000/resourcegroups/clitest.rg000001/providers/microsoft.sql/servers/clitestserver000003/databases/cliautomationdb01/providers/microsoft.insights/diagnosticSettings/SQLSecurityAuditEvents_EventHub","type":"Microsoft.Insights/diagnosticSettings","name":"SQLSecurityAuditEvents_EventHub","location":null,"kind":null,"tags":null,"properties":{"storageAccountId":null,"serviceBusRuleId":null,"workspaceId":null,"eventHubAuthorizationRuleId":"/subscriptions/00000000-0000-0000-0000-000000000000/resourceGroups/clitest.rg000001/providers/Microsoft.EventHub/namespaces/cliehnamespacedb01/authorizationRules/cliehauthruledb01","eventHubName":"cliehdb01","metrics":[],"logs":[{"category":"SQLSecurityAuditEvents","categoryGroup":null,"enabled":true,"retentionPolicy":{"enabled":false,"days":0}}],"logAnalyticsDestinationType":null},"identity":null}]}'
    headers:
      cache-control:
      - no-cache
      content-length:
      - '1066'
      content-type:
      - application/json; charset=utf-8
      date:
      - Wed, 12 May 2021 02:45:44 GMT
      expires:
      - '-1'
      pragma:
      - no-cache
      server:
      - Microsoft-IIS/10.0
      strict-transport-security:
      - max-age=31536000; includeSubDomains
      transfer-encoding:
      - chunked
      vary:
      - Accept-Encoding
      x-content-type-options:
      - nosniff
    status:
      code: 200
      message: OK
- request:
    body: null
    headers:
      Accept:
      - application/json
      Accept-Encoding:
      - gzip, deflate
      CommandName:
      - sql db audit-policy update
      Connection:
      - keep-alive
      Content-Length:
      - '0'
      ParameterSetName:
      - -g -s -n --state --event-hub-target-state
      User-Agent:
      - AZURECLI/2.23.0 azsdk-python-azure-mgmt-monitor/2.0.0 Python/3.7.7 (Windows-10-10.0.19041-SP0)
    method: DELETE
    uri: https://management.azure.com/subscriptions/00000000-0000-0000-0000-000000000000/resourceGroups/clitest.rg000001/providers/Microsoft.Sql/servers/clitestserver000003/databases/cliautomationdb01/providers/microsoft.insights/diagnosticSettings/SQLSecurityAuditEvents_EventHub?api-version=2017-05-01-preview
  response:
    body:
      string: ''
    headers:
      cache-control:
      - no-cache
      content-length:
      - '0'
      date:
      - Wed, 12 May 2021 02:45:50 GMT
      expires:
      - '-1'
      pragma:
      - no-cache
      server:
      - Microsoft-IIS/10.0
      strict-transport-security:
      - max-age=31536000; includeSubDomains
      x-content-type-options:
      - nosniff
      x-ms-ratelimit-remaining-subscription-deletes:
      - '14996'
    status:
      code: 200
      message: OK
- request:
    body: null
    headers:
      Accept:
      - application/json
      Accept-Encoding:
      - gzip, deflate
      CommandName:
      - sql db audit-policy update
      Connection:
      - keep-alive
      ParameterSetName:
      - -g -s -n --state --event-hub-target-state
      User-Agent:
      - python/3.7.7 (Windows-10-10.0.19041-SP0) msrest/0.6.21 msrest_azure/0.6.3
        azure-mgmt-resource/12.1.0 Azure-SDK-For-Python AZURECLI/2.23.0
      accept-language:
      - en-US
    method: GET
    uri: https://management.azure.com/subscriptions/00000000-0000-0000-0000-000000000000/resources?$filter=name%20eq%20%27clitest000005%27%20and%20%28resourceType%20eq%20%27Microsoft.Storage%2FstorageAccounts%27%20or%20resourceType%20eq%20%27Microsoft.ClassicStorage%2FstorageAccounts%27%29&api-version=2020-10-01
  response:
    body:
      string: '{"value":[{"id":"/subscriptions/00000000-0000-0000-0000-000000000000/resourceGroups/clitest.rg000002/providers/Microsoft.Storage/storageAccounts/clitest000005","name":"clitest000005","type":"Microsoft.Storage/storageAccounts","sku":{"name":"Standard_LRS","tier":"Standard"},"kind":"Storage","location":"westus","tags":{}}]}'
    headers:
      cache-control:
      - no-cache
      content-length:
      - '404'
      content-type:
      - application/json; charset=utf-8
      date:
      - Wed, 12 May 2021 02:45:50 GMT
      expires:
      - '-1'
      pragma:
      - no-cache
      strict-transport-security:
      - max-age=31536000; includeSubDomains
      vary:
      - Accept-Encoding
      x-content-type-options:
      - nosniff
    status:
      code: 200
      message: OK
- request:
    body: null
    headers:
      Accept:
      - application/json
      Accept-Encoding:
      - gzip, deflate
      CommandName:
      - sql db audit-policy update
      Connection:
      - keep-alive
      Content-Length:
      - '0'
      ParameterSetName:
      - -g -s -n --state --event-hub-target-state
      User-Agent:
      - AZURECLI/2.23.0 azsdk-python-azure-mgmt-storage/17.1.0 Python/3.7.7 (Windows-10-10.0.19041-SP0)
    method: POST
    uri: https://management.azure.com/subscriptions/00000000-0000-0000-0000-000000000000/resourceGroups/clitest.rg000002/providers/Microsoft.Storage/storageAccounts/clitest000005/listKeys?api-version=2021-04-01&$expand=kerb
  response:
    body:
      string: '{"keys":[{"creationTime":"2021-05-12T02:40:54.6372363Z","keyName":"key1","value":"veryFakedStorageAccountKey==","permissions":"FULL"},{"creationTime":"2021-05-12T02:40:54.6372363Z","keyName":"key2","value":"veryFakedStorageAccountKey==","permissions":"FULL"}]}'
    headers:
      cache-control:
      - no-cache
      content-length:
      - '380'
      content-type:
      - application/json
      date:
      - Wed, 12 May 2021 02:45:51 GMT
      expires:
      - '-1'
      pragma:
      - no-cache
      server:
      - Microsoft-Azure-Storage-Resource-Provider/1.0,Microsoft-HTTPAPI/2.0 Microsoft-HTTPAPI/2.0
      strict-transport-security:
      - max-age=31536000; includeSubDomains
      transfer-encoding:
      - chunked
      vary:
      - Accept-Encoding
      x-content-type-options:
      - nosniff
      x-ms-ratelimit-remaining-subscription-resource-requests:
      - '11996'
    status:
      code: 200
      message: OK
- request:
    body: '{"properties": {"state": "Enabled", "storageEndpoint": "https://clitest000005.blob.core.windows.net/",
      "storageAccountAccessKey": "veryFakedStorageAccountKey==", "retentionDays":
      30, "auditActionsAndGroups": ["DATABASE_LOGOUT_GROUP", "DATABASE_ROLE_MEMBER_CHANGE_GROUP"],
      "storageAccountSubscriptionId": "00000000-0000-0000-0000-000000000000", "isStorageSecondaryKeyInUse":
      false, "isAzureMonitorTargetEnabled": false}}'
    headers:
      Accept:
      - application/json
      Accept-Encoding:
      - gzip, deflate
      CommandName:
      - sql db audit-policy update
      Connection:
      - keep-alive
      Content-Length:
      - '490'
      Content-Type:
      - application/json; charset=utf-8
      ParameterSetName:
      - -g -s -n --state --event-hub-target-state
      User-Agent:
      - python/3.7.7 (Windows-10-10.0.19041-SP0) msrest/0.6.21 msrest_azure/0.6.3
        azure-mgmt-sql/0.26.0 Azure-SDK-For-Python AZURECLI/2.23.0
      accept-language:
      - en-US
    method: PUT
    uri: https://management.azure.com/subscriptions/00000000-0000-0000-0000-000000000000/resourceGroups/clitest.rg000001/providers/Microsoft.Sql/servers/clitestserver000003/databases/cliautomationdb01/auditingSettings/default?api-version=2017-03-01-preview
  response:
    body:
      string: '{"properties":{"retentionDays":30,"auditActionsAndGroups":["DATABASE_LOGOUT_GROUP","DATABASE_ROLE_MEMBER_CHANGE_GROUP"],"isStorageSecondaryKeyInUse":false,"isAzureMonitorTargetEnabled":false,"state":"Enabled","storageEndpoint":"https://clitest000005.blob.core.windows.net/","storageAccountSubscriptionId":"00000000-0000-0000-0000-000000000000"},"id":"/subscriptions/00000000-0000-0000-0000-000000000000/resourceGroups/clitest.rg000001/providers/Microsoft.Sql/servers/clitestserver000003/databases/cliautomationdb01/auditingSettings/Default","name":"Default","type":"Microsoft.Sql/servers/databases/auditingSettings"}'
    headers:
      cache-control:
      - no-cache
      content-length:
      - '729'
      content-type:
      - application/json; charset=utf-8
      date:
      - Wed, 12 May 2021 02:45:53 GMT
      expires:
      - '-1'
      pragma:
      - no-cache
      server:
      - Microsoft-HTTPAPI/2.0
      strict-transport-security:
      - max-age=31536000; includeSubDomains
      transfer-encoding:
      - chunked
      vary:
      - Accept-Encoding
      x-content-type-options:
      - nosniff
      x-ms-ratelimit-remaining-subscription-writes:
      - '1193'
    status:
      code: 200
      message: OK
- request:
    body: null
    headers:
      Accept:
      - application/json
      Accept-Encoding:
      - gzip, deflate
      CommandName:
      - sql db audit-policy show
      Connection:
      - keep-alive
      ParameterSetName:
      - -g -s -n
      User-Agent:
      - python/3.7.7 (Windows-10-10.0.19041-SP0) msrest/0.6.21 msrest_azure/0.6.3
        azure-mgmt-sql/0.26.0 Azure-SDK-For-Python AZURECLI/2.23.0
      accept-language:
      - en-US
    method: GET
    uri: https://management.azure.com/subscriptions/00000000-0000-0000-0000-000000000000/resourceGroups/clitest.rg000001/providers/Microsoft.Sql/servers/clitestserver000003/databases/cliautomationdb01/auditingSettings/default?api-version=2017-03-01-preview
  response:
    body:
      string: '{"properties":{"retentionDays":30,"auditActionsAndGroups":["DATABASE_LOGOUT_GROUP","DATABASE_ROLE_MEMBER_CHANGE_GROUP"],"isStorageSecondaryKeyInUse":false,"isAzureMonitorTargetEnabled":false,"state":"Enabled","storageEndpoint":"https://clitest000005.blob.core.windows.net/","storageAccountSubscriptionId":"00000000-0000-0000-0000-000000000000"},"id":"/subscriptions/00000000-0000-0000-0000-000000000000/resourceGroups/clitest.rg000001/providers/Microsoft.Sql/servers/clitestserver000003/databases/cliautomationdb01/auditingSettings/Default","name":"Default","type":"Microsoft.Sql/servers/databases/auditingSettings"}'
    headers:
      cache-control:
      - no-cache
      content-length:
      - '729'
      content-type:
      - application/json; charset=utf-8
      date:
      - Wed, 12 May 2021 02:45:54 GMT
      expires:
      - '-1'
      pragma:
      - no-cache
      server:
      - Microsoft-HTTPAPI/2.0
      strict-transport-security:
      - max-age=31536000; includeSubDomains
      transfer-encoding:
      - chunked
      vary:
      - Accept-Encoding
      x-content-type-options:
      - nosniff
    status:
      code: 200
      message: OK
version: 1
