interactions:
- request:
    body: null
    headers:
      Accept:
      - application/json
      Accept-Encoding:
      - gzip, deflate
      CommandName:
      - sql server create
      Connection:
      - keep-alive
      ParameterSetName:
      - -g --name --admin-user --admin-password --minimal-tls-version
      User-Agent:
      - AZURECLI/2.25.0 azsdk-python-azure-mgmt-resource/18.0.0 Python/3.8.10 (macOS-10.16-x86_64-i386-64bit)
    method: GET
    uri: https://management.azure.com/subscriptions/00000000-0000-0000-0000-000000000000/resourcegroups/clitest.rg000001?api-version=2020-10-01
  response:
    body:
      string: '{"id":"/subscriptions/00000000-0000-0000-0000-000000000000/resourceGroups/clitest.rg000001","name":"clitest.rg000001","type":"Microsoft.Resources/resourceGroups","location":"eastus","tags":{"product":"azurecli","cause":"automation","date":"2021-06-28T21:12:17Z"},"properties":{"provisioningState":"Succeeded"}}'
    headers:
      cache-control:
      - no-cache
      content-length:
      - '428'
      content-type:
      - application/json; charset=utf-8
      date:
      - Mon, 28 Jun 2021 21:12:20 GMT
      expires:
      - '-1'
      pragma:
      - no-cache
      strict-transport-security:
      - max-age=31536000; includeSubDomains
      vary:
      - Accept-Encoding
      x-content-type-options:
      - nosniff
    status:
      code: 200
      message: OK
- request:
    body: '{"location": "eastus", "properties": {"administratorLogin": "admin123",
      "administratorLoginPassword": "SecretPassword123", "minimalTlsVersion": "1.2",
      "administrators": {}}}'
    headers:
      Accept:
      - application/json
      Accept-Encoding:
      - gzip, deflate
      CommandName:
      - sql server create
      Connection:
      - keep-alive
      Content-Length:
      - '173'
      Content-Type:
      - application/json
      ParameterSetName:
      - -g --name --admin-user --admin-password --minimal-tls-version
      User-Agent:
      - AZURECLI/2.25.0 azsdk-python-mgmt-sql/3.0.0 Python/3.8.10 (macOS-10.16-x86_64-i386-64bit)
    method: PUT
    uri: https://management.azure.com/subscriptions/00000000-0000-0000-0000-000000000000/resourceGroups/clitest.rg000001/providers/Microsoft.Sql/servers/clitestserver000002?api-version=2021-02-01-preview
  response:
    body:
      string: '{"operation":"UpsertLogicalServer","startTime":"2021-06-28T21:12:23.397Z"}'
    headers:
      azure-asyncoperation:
      - https://management.azure.com/subscriptions/00000000-0000-0000-0000-000000000000/resourceGroups/clitest.rg000001/providers/Microsoft.Sql/locations/eastus/serverAzureAsyncOperation/dbbe0fff-0048-4a9b-921e-86cd0895015d?api-version=2021-02-01-preview
      cache-control:
      - no-cache
      content-length:
      - '74'
      content-type:
      - application/json; charset=utf-8
      date:
      - Mon, 28 Jun 2021 21:12:23 GMT
      expires:
      - '-1'
      location:
      - https://management.azure.com/subscriptions/00000000-0000-0000-0000-000000000000/resourceGroups/clitest.rg000001/providers/Microsoft.Sql/locations/eastus/serverOperationResults/dbbe0fff-0048-4a9b-921e-86cd0895015d?api-version=2021-02-01-preview
      pragma:
      - no-cache
      server:
      - Microsoft-HTTPAPI/2.0
      strict-transport-security:
      - max-age=31536000; includeSubDomains
      x-content-type-options:
      - nosniff
      x-ms-ratelimit-remaining-subscription-writes:
      - '1199'
    status:
      code: 202
      message: Accepted
- request:
    body: null
    headers:
      Accept:
      - '*/*'
      Accept-Encoding:
      - gzip, deflate
      CommandName:
      - sql server create
      Connection:
      - keep-alive
      ParameterSetName:
      - -g --name --admin-user --admin-password --minimal-tls-version
      User-Agent:
      - AZURECLI/2.25.0 azsdk-python-mgmt-sql/3.0.0 Python/3.8.10 (macOS-10.16-x86_64-i386-64bit)
    method: GET
    uri: https://management.azure.com/subscriptions/00000000-0000-0000-0000-000000000000/resourceGroups/clitest.rg000001/providers/Microsoft.Sql/locations/eastus/serverAzureAsyncOperation/dbbe0fff-0048-4a9b-921e-86cd0895015d?api-version=2021-02-01-preview
  response:
    body:
      string: '{"name":"dbbe0fff-0048-4a9b-921e-86cd0895015d","status":"InProgress","startTime":"2021-06-28T21:12:23.397Z"}'
    headers:
      cache-control:
      - no-cache
      content-length:
      - '108'
      content-type:
      - application/json; charset=utf-8
      date:
      - Mon, 28 Jun 2021 21:12:24 GMT
      expires:
      - '-1'
      pragma:
      - no-cache
      server:
      - Microsoft-HTTPAPI/2.0
      strict-transport-security:
      - max-age=31536000; includeSubDomains
      transfer-encoding:
      - chunked
      vary:
      - Accept-Encoding
      x-content-type-options:
      - nosniff
    status:
      code: 200
      message: OK
- request:
    body: null
    headers:
      Accept:
      - '*/*'
      Accept-Encoding:
      - gzip, deflate
      CommandName:
      - sql server create
      Connection:
      - keep-alive
      ParameterSetName:
      - -g --name --admin-user --admin-password --minimal-tls-version
      User-Agent:
      - AZURECLI/2.25.0 azsdk-python-mgmt-sql/3.0.0 Python/3.8.10 (macOS-10.16-x86_64-i386-64bit)
    method: GET
    uri: https://management.azure.com/subscriptions/00000000-0000-0000-0000-000000000000/resourceGroups/clitest.rg000001/providers/Microsoft.Sql/locations/eastus/serverAzureAsyncOperation/dbbe0fff-0048-4a9b-921e-86cd0895015d?api-version=2021-02-01-preview
  response:
    body:
      string: '{"name":"dbbe0fff-0048-4a9b-921e-86cd0895015d","status":"InProgress","startTime":"2021-06-28T21:12:23.397Z"}'
    headers:
      cache-control:
      - no-cache
      content-length:
      - '108'
      content-type:
      - application/json; charset=utf-8
      date:
      - Mon, 28 Jun 2021 21:12:25 GMT
      expires:
      - '-1'
      pragma:
      - no-cache
      server:
      - Microsoft-HTTPAPI/2.0
      strict-transport-security:
      - max-age=31536000; includeSubDomains
      transfer-encoding:
      - chunked
      vary:
      - Accept-Encoding
      x-content-type-options:
      - nosniff
    status:
      code: 200
      message: OK
- request:
    body: null
    headers:
      Accept:
      - '*/*'
      Accept-Encoding:
      - gzip, deflate
      CommandName:
      - sql server create
      Connection:
      - keep-alive
      ParameterSetName:
      - -g --name --admin-user --admin-password --minimal-tls-version
      User-Agent:
      - AZURECLI/2.25.0 azsdk-python-mgmt-sql/3.0.0 Python/3.8.10 (macOS-10.16-x86_64-i386-64bit)
    method: GET
    uri: https://management.azure.com/subscriptions/00000000-0000-0000-0000-000000000000/resourceGroups/clitest.rg000001/providers/Microsoft.Sql/locations/eastus/serverAzureAsyncOperation/dbbe0fff-0048-4a9b-921e-86cd0895015d?api-version=2021-02-01-preview
  response:
    body:
      string: '{"name":"dbbe0fff-0048-4a9b-921e-86cd0895015d","status":"InProgress","startTime":"2021-06-28T21:12:23.397Z"}'
    headers:
      cache-control:
      - no-cache
      content-length:
      - '108'
      content-type:
      - application/json; charset=utf-8
      date:
      - Mon, 28 Jun 2021 21:12:26 GMT
      expires:
      - '-1'
      pragma:
      - no-cache
      server:
      - Microsoft-HTTPAPI/2.0
      strict-transport-security:
      - max-age=31536000; includeSubDomains
      transfer-encoding:
      - chunked
      vary:
      - Accept-Encoding
      x-content-type-options:
      - nosniff
    status:
      code: 200
      message: OK
- request:
    body: null
    headers:
      Accept:
      - '*/*'
      Accept-Encoding:
      - gzip, deflate
      CommandName:
      - sql server create
      Connection:
      - keep-alive
      ParameterSetName:
      - -g --name --admin-user --admin-password --minimal-tls-version
      User-Agent:
      - AZURECLI/2.25.0 azsdk-python-mgmt-sql/3.0.0 Python/3.8.10 (macOS-10.16-x86_64-i386-64bit)
    method: GET
    uri: https://management.azure.com/subscriptions/00000000-0000-0000-0000-000000000000/resourceGroups/clitest.rg000001/providers/Microsoft.Sql/locations/eastus/serverAzureAsyncOperation/dbbe0fff-0048-4a9b-921e-86cd0895015d?api-version=2021-02-01-preview
  response:
    body:
      string: '{"name":"dbbe0fff-0048-4a9b-921e-86cd0895015d","status":"InProgress","startTime":"2021-06-28T21:12:23.397Z"}'
    headers:
      cache-control:
      - no-cache
      content-length:
      - '108'
      content-type:
      - application/json; charset=utf-8
      date:
      - Mon, 28 Jun 2021 21:12:27 GMT
      expires:
      - '-1'
      pragma:
      - no-cache
      server:
      - Microsoft-HTTPAPI/2.0
      strict-transport-security:
      - max-age=31536000; includeSubDomains
      transfer-encoding:
      - chunked
      vary:
      - Accept-Encoding
      x-content-type-options:
      - nosniff
    status:
      code: 200
      message: OK
- request:
    body: null
    headers:
      Accept:
      - '*/*'
      Accept-Encoding:
      - gzip, deflate
      CommandName:
      - sql server create
      Connection:
      - keep-alive
      ParameterSetName:
      - -g --name --admin-user --admin-password --minimal-tls-version
      User-Agent:
      - AZURECLI/2.25.0 azsdk-python-mgmt-sql/3.0.0 Python/3.8.10 (macOS-10.16-x86_64-i386-64bit)
    method: GET
    uri: https://management.azure.com/subscriptions/00000000-0000-0000-0000-000000000000/resourceGroups/clitest.rg000001/providers/Microsoft.Sql/locations/eastus/serverAzureAsyncOperation/dbbe0fff-0048-4a9b-921e-86cd0895015d?api-version=2021-02-01-preview
  response:
    body:
      string: '{"name":"dbbe0fff-0048-4a9b-921e-86cd0895015d","status":"InProgress","startTime":"2021-06-28T21:12:23.397Z"}'
    headers:
      cache-control:
      - no-cache
      content-length:
      - '108'
      content-type:
      - application/json; charset=utf-8
      date:
      - Mon, 28 Jun 2021 21:12:29 GMT
      expires:
      - '-1'
      pragma:
      - no-cache
      server:
      - Microsoft-HTTPAPI/2.0
      strict-transport-security:
      - max-age=31536000; includeSubDomains
      transfer-encoding:
      - chunked
      vary:
      - Accept-Encoding
      x-content-type-options:
      - nosniff
    status:
      code: 200
      message: OK
- request:
    body: null
    headers:
      Accept:
      - '*/*'
      Accept-Encoding:
      - gzip, deflate
      CommandName:
      - sql server create
      Connection:
      - keep-alive
      ParameterSetName:
      - -g --name --admin-user --admin-password --minimal-tls-version
      User-Agent:
      - AZURECLI/2.25.0 azsdk-python-mgmt-sql/3.0.0 Python/3.8.10 (macOS-10.16-x86_64-i386-64bit)
    method: GET
    uri: https://management.azure.com/subscriptions/00000000-0000-0000-0000-000000000000/resourceGroups/clitest.rg000001/providers/Microsoft.Sql/locations/eastus/serverAzureAsyncOperation/dbbe0fff-0048-4a9b-921e-86cd0895015d?api-version=2021-02-01-preview
  response:
    body:
      string: '{"name":"dbbe0fff-0048-4a9b-921e-86cd0895015d","status":"InProgress","startTime":"2021-06-28T21:12:23.397Z"}'
    headers:
      cache-control:
      - no-cache
      content-length:
      - '108'
      content-type:
      - application/json; charset=utf-8
      date:
      - Mon, 28 Jun 2021 21:12:48 GMT
      expires:
      - '-1'
      pragma:
      - no-cache
      server:
      - Microsoft-HTTPAPI/2.0
      strict-transport-security:
      - max-age=31536000; includeSubDomains
      transfer-encoding:
      - chunked
      vary:
      - Accept-Encoding
      x-content-type-options:
      - nosniff
    status:
      code: 200
      message: OK
- request:
    body: null
    headers:
      Accept:
      - '*/*'
      Accept-Encoding:
      - gzip, deflate
      CommandName:
      - sql server create
      Connection:
      - keep-alive
      ParameterSetName:
      - -g --name --admin-user --admin-password --minimal-tls-version
      User-Agent:
      - AZURECLI/2.25.0 azsdk-python-mgmt-sql/3.0.0 Python/3.8.10 (macOS-10.16-x86_64-i386-64bit)
    method: GET
    uri: https://management.azure.com/subscriptions/00000000-0000-0000-0000-000000000000/resourceGroups/clitest.rg000001/providers/Microsoft.Sql/locations/eastus/serverAzureAsyncOperation/dbbe0fff-0048-4a9b-921e-86cd0895015d?api-version=2021-02-01-preview
  response:
    body:
      string: '{"name":"dbbe0fff-0048-4a9b-921e-86cd0895015d","status":"InProgress","startTime":"2021-06-28T21:12:23.397Z"}'
    headers:
      cache-control:
      - no-cache
      content-length:
      - '108'
      content-type:
      - application/json; charset=utf-8
      date:
      - Mon, 28 Jun 2021 21:13:08 GMT
      expires:
      - '-1'
      pragma:
      - no-cache
      server:
      - Microsoft-HTTPAPI/2.0
      strict-transport-security:
      - max-age=31536000; includeSubDomains
      transfer-encoding:
      - chunked
      vary:
      - Accept-Encoding
      x-content-type-options:
      - nosniff
    status:
      code: 200
      message: OK
- request:
    body: null
    headers:
      Accept:
      - '*/*'
      Accept-Encoding:
      - gzip, deflate
      CommandName:
      - sql server create
      Connection:
      - keep-alive
      ParameterSetName:
      - -g --name --admin-user --admin-password --minimal-tls-version
      User-Agent:
      - AZURECLI/2.25.0 azsdk-python-mgmt-sql/3.0.0 Python/3.8.10 (macOS-10.16-x86_64-i386-64bit)
    method: GET
    uri: https://management.azure.com/subscriptions/00000000-0000-0000-0000-000000000000/resourceGroups/clitest.rg000001/providers/Microsoft.Sql/locations/eastus/serverAzureAsyncOperation/dbbe0fff-0048-4a9b-921e-86cd0895015d?api-version=2021-02-01-preview
  response:
    body:
      string: '{"name":"dbbe0fff-0048-4a9b-921e-86cd0895015d","status":"Succeeded","startTime":"2021-06-28T21:12:23.397Z"}'
    headers:
      cache-control:
      - no-cache
      content-length:
      - '107'
      content-type:
      - application/json; charset=utf-8
      date:
      - Mon, 28 Jun 2021 21:13:28 GMT
      expires:
      - '-1'
      pragma:
      - no-cache
      server:
      - Microsoft-HTTPAPI/2.0
      strict-transport-security:
      - max-age=31536000; includeSubDomains
      transfer-encoding:
      - chunked
      vary:
      - Accept-Encoding
      x-content-type-options:
      - nosniff
    status:
      code: 200
      message: OK
- request:
    body: null
    headers:
      Accept:
      - '*/*'
      Accept-Encoding:
      - gzip, deflate
      CommandName:
      - sql server create
      Connection:
      - keep-alive
      ParameterSetName:
      - -g --name --admin-user --admin-password --minimal-tls-version
      User-Agent:
      - AZURECLI/2.25.0 azsdk-python-mgmt-sql/3.0.0 Python/3.8.10 (macOS-10.16-x86_64-i386-64bit)
    method: GET
    uri: https://management.azure.com/subscriptions/00000000-0000-0000-0000-000000000000/resourceGroups/clitest.rg000001/providers/Microsoft.Sql/servers/clitestserver000002?api-version=2021-02-01-preview
  response:
    body:
      string: '{"kind":"v12.0","properties":{"administratorLogin":"admin123","version":"12.0","state":"Ready","fullyQualifiedDomainName":"clitestserver000002.database.windows.net","privateEndpointConnections":[],"minimalTlsVersion":"1.2","publicNetworkAccess":"Enabled","restrictOutboundNetworkAccess":"Disabled"},"location":"eastus","id":"/subscriptions/00000000-0000-0000-0000-000000000000/resourceGroups/clitest.rg000001/providers/Microsoft.Sql/servers/clitestserver000002","name":"clitestserver000002","type":"Microsoft.Sql/servers"}'
    headers:
      cache-control:
      - no-cache
      content-length:
      - '710'
      content-type:
      - application/json; charset=utf-8
      date:
      - Mon, 28 Jun 2021 21:13:29 GMT
      expires:
      - '-1'
      pragma:
      - no-cache
      server:
      - Microsoft-HTTPAPI/2.0
      strict-transport-security:
      - max-age=31536000; includeSubDomains
      transfer-encoding:
      - chunked
      vary:
      - Accept-Encoding
      x-content-type-options:
      - nosniff
    status:
      code: 200
      message: OK
- request:
    body: null
    headers:
      Accept:
      - application/json
      Accept-Encoding:
      - gzip, deflate
      CommandName:
      - sql server update
      Connection:
      - keep-alive
      ParameterSetName:
      - -g --name --minimal-tls-version -i
      User-Agent:
      - AZURECLI/2.25.0 azsdk-python-mgmt-sql/3.0.0 Python/3.8.10 (macOS-10.16-x86_64-i386-64bit)
    method: GET
    uri: https://management.azure.com/subscriptions/00000000-0000-0000-0000-000000000000/resourceGroups/clitest.rg000001/providers/Microsoft.Sql/servers/clitestserver000002?api-version=2021-02-01-preview
  response:
    body:
      string: '{"kind":"v12.0","properties":{"administratorLogin":"admin123","version":"12.0","state":"Ready","fullyQualifiedDomainName":"clitestserver000002.database.windows.net","privateEndpointConnections":[],"minimalTlsVersion":"1.2","publicNetworkAccess":"Enabled","restrictOutboundNetworkAccess":"Disabled"},"location":"eastus","id":"/subscriptions/00000000-0000-0000-0000-000000000000/resourceGroups/clitest.rg000001/providers/Microsoft.Sql/servers/clitestserver000002","name":"clitestserver000002","type":"Microsoft.Sql/servers"}'
    headers:
      cache-control:
      - no-cache
      content-length:
      - '710'
      content-type:
      - application/json; charset=utf-8
      date:
      - Mon, 28 Jun 2021 21:13:30 GMT
      expires:
      - '-1'
      pragma:
      - no-cache
      server:
      - Microsoft-HTTPAPI/2.0
      strict-transport-security:
      - max-age=31536000; includeSubDomains
      transfer-encoding:
      - chunked
      vary:
      - Accept-Encoding
      x-content-type-options:
      - nosniff
    status:
      code: 200
      message: OK
- request:
    body: '{"location": "eastus", "identity": {"type": "SystemAssigned"}, "properties":
      {"administratorLogin": "admin123", "version": "12.0", "minimalTlsVersion": "1.1",
      "publicNetworkAccess": "Enabled", "restrictOutboundNetworkAccess": "Disabled"}}'
    headers:
      Accept:
      - application/json
      Accept-Encoding:
      - gzip, deflate
      CommandName:
      - sql server update
      Connection:
      - keep-alive
      Content-Length:
      - '238'
      Content-Type:
      - application/json
      ParameterSetName:
      - -g --name --minimal-tls-version -i
      User-Agent:
      - AZURECLI/2.25.0 azsdk-python-mgmt-sql/3.0.0 Python/3.8.10 (macOS-10.16-x86_64-i386-64bit)
    method: PUT
    uri: https://management.azure.com/subscriptions/00000000-0000-0000-0000-000000000000/resourceGroups/clitest.rg000001/providers/Microsoft.Sql/servers/clitestserver000002?api-version=2021-02-01-preview
  response:
    body:
      string: '{"operation":"UpsertLogicalServer","startTime":"2021-06-28T21:13:32.26Z"}'
    headers:
      azure-asyncoperation:
      - https://management.azure.com/subscriptions/00000000-0000-0000-0000-000000000000/resourceGroups/clitest.rg000001/providers/Microsoft.Sql/locations/eastus/serverAzureAsyncOperation/75074f8f-dcd8-47e8-8b60-a8b10f359e5d?api-version=2021-02-01-preview
      cache-control:
      - no-cache
      content-length:
      - '73'
      content-type:
      - application/json; charset=utf-8
      date:
      - Mon, 28 Jun 2021 21:13:31 GMT
      expires:
      - '-1'
      location:
      - https://management.azure.com/subscriptions/00000000-0000-0000-0000-000000000000/resourceGroups/clitest.rg000001/providers/Microsoft.Sql/locations/eastus/serverOperationResults/75074f8f-dcd8-47e8-8b60-a8b10f359e5d?api-version=2021-02-01-preview
      pragma:
      - no-cache
      server:
      - Microsoft-HTTPAPI/2.0
      strict-transport-security:
      - max-age=31536000; includeSubDomains
      x-content-type-options:
      - nosniff
      x-ms-ratelimit-remaining-subscription-writes:
      - '1199'
    status:
      code: 202
      message: Accepted
- request:
    body: null
    headers:
      Accept:
      - '*/*'
      Accept-Encoding:
      - gzip, deflate
      CommandName:
      - sql server update
      Connection:
      - keep-alive
      ParameterSetName:
      - -g --name --minimal-tls-version -i
      User-Agent:
      - AZURECLI/2.25.0 azsdk-python-mgmt-sql/3.0.0 Python/3.8.10 (macOS-10.16-x86_64-i386-64bit)
    method: GET
    uri: https://management.azure.com/subscriptions/00000000-0000-0000-0000-000000000000/resourceGroups/clitest.rg000001/providers/Microsoft.Sql/locations/eastus/serverAzureAsyncOperation/75074f8f-dcd8-47e8-8b60-a8b10f359e5d?api-version=2021-02-01-preview
  response:
    body:
      string: '{"name":"75074f8f-dcd8-47e8-8b60-a8b10f359e5d","status":"InProgress","startTime":"2021-06-28T21:13:32.26Z"}'
    headers:
      cache-control:
      - no-cache
      content-length:
      - '107'
      content-type:
      - application/json; charset=utf-8
      date:
      - Mon, 28 Jun 2021 21:13:32 GMT
      expires:
      - '-1'
      pragma:
      - no-cache
      server:
      - Microsoft-HTTPAPI/2.0
      strict-transport-security:
      - max-age=31536000; includeSubDomains
      transfer-encoding:
      - chunked
      vary:
      - Accept-Encoding
      x-content-type-options:
      - nosniff
    status:
      code: 200
      message: OK
- request:
    body: null
    headers:
      Accept:
      - '*/*'
      Accept-Encoding:
      - gzip, deflate
      CommandName:
      - sql server update
      Connection:
      - keep-alive
      ParameterSetName:
      - -g --name --minimal-tls-version -i
      User-Agent:
      - AZURECLI/2.25.0 azsdk-python-mgmt-sql/3.0.0 Python/3.8.10 (macOS-10.16-x86_64-i386-64bit)
    method: GET
    uri: https://management.azure.com/subscriptions/00000000-0000-0000-0000-000000000000/resourceGroups/clitest.rg000001/providers/Microsoft.Sql/locations/eastus/serverAzureAsyncOperation/75074f8f-dcd8-47e8-8b60-a8b10f359e5d?api-version=2021-02-01-preview
  response:
    body:
      string: '{"name":"75074f8f-dcd8-47e8-8b60-a8b10f359e5d","status":"InProgress","startTime":"2021-06-28T21:13:32.26Z"}'
    headers:
      cache-control:
      - no-cache
      content-length:
      - '107'
      content-type:
      - application/json; charset=utf-8
      date:
      - Mon, 28 Jun 2021 21:13:34 GMT
      expires:
      - '-1'
      pragma:
      - no-cache
      server:
      - Microsoft-HTTPAPI/2.0
      strict-transport-security:
      - max-age=31536000; includeSubDomains
      transfer-encoding:
      - chunked
      vary:
      - Accept-Encoding
      x-content-type-options:
      - nosniff
    status:
      code: 200
      message: OK
- request:
    body: null
    headers:
      Accept:
      - '*/*'
      Accept-Encoding:
      - gzip, deflate
      CommandName:
      - sql server update
      Connection:
      - keep-alive
      ParameterSetName:
      - -g --name --minimal-tls-version -i
      User-Agent:
      - AZURECLI/2.25.0 azsdk-python-mgmt-sql/3.0.0 Python/3.8.10 (macOS-10.16-x86_64-i386-64bit)
    method: GET
    uri: https://management.azure.com/subscriptions/00000000-0000-0000-0000-000000000000/resourceGroups/clitest.rg000001/providers/Microsoft.Sql/locations/eastus/serverAzureAsyncOperation/75074f8f-dcd8-47e8-8b60-a8b10f359e5d?api-version=2021-02-01-preview
  response:
    body:
      string: '{"name":"75074f8f-dcd8-47e8-8b60-a8b10f359e5d","status":"Succeeded","startTime":"2021-06-28T21:13:32.26Z"}'
    headers:
      cache-control:
      - no-cache
      content-length:
      - '106'
      content-type:
      - application/json; charset=utf-8
      date:
      - Mon, 28 Jun 2021 21:13:35 GMT
      expires:
      - '-1'
      pragma:
      - no-cache
      server:
      - Microsoft-HTTPAPI/2.0
      strict-transport-security:
      - max-age=31536000; includeSubDomains
      transfer-encoding:
      - chunked
      vary:
      - Accept-Encoding
      x-content-type-options:
      - nosniff
    status:
      code: 200
      message: OK
- request:
    body: null
    headers:
      Accept:
      - '*/*'
      Accept-Encoding:
      - gzip, deflate
      CommandName:
      - sql server update
      Connection:
      - keep-alive
      ParameterSetName:
      - -g --name --minimal-tls-version -i
      User-Agent:
      - AZURECLI/2.25.0 azsdk-python-mgmt-sql/3.0.0 Python/3.8.10 (macOS-10.16-x86_64-i386-64bit)
    method: GET
    uri: https://management.azure.com/subscriptions/00000000-0000-0000-0000-000000000000/resourceGroups/clitest.rg000001/providers/Microsoft.Sql/servers/clitestserver000002?api-version=2021-02-01-preview
  response:
    body:
      string: '{"identity":{"principalId":"0a29da6f-b8fc-49c1-a180-5e6cdb62b1e6","type":"SystemAssigned","tenantId":"72f988bf-86f1-41af-91ab-2d7cd011db47"},"kind":"v12.0","properties":{"administratorLogin":"admin123","version":"12.0","state":"Ready","fullyQualifiedDomainName":"clitestserver000002.database.windows.net","privateEndpointConnections":[],"minimalTlsVersion":"1.1","publicNetworkAccess":"Enabled","restrictOutboundNetworkAccess":"Disabled"},"location":"eastus","id":"/subscriptions/00000000-0000-0000-0000-000000000000/resourceGroups/clitest.rg000001/providers/Microsoft.Sql/servers/clitestserver000002","name":"clitestserver000002","type":"Microsoft.Sql/servers"}'
    headers:
      cache-control:
      - no-cache
      content-length:
      - '850'
      content-type:
      - application/json; charset=utf-8
      date:
      - Mon, 28 Jun 2021 21:13:35 GMT
      expires:
      - '-1'
      pragma:
      - no-cache
      server:
      - Microsoft-HTTPAPI/2.0
      strict-transport-security:
      - max-age=31536000; includeSubDomains
      transfer-encoding:
      - chunked
      vary:
      - Accept-Encoding
      x-content-type-options:
      - nosniff
    status:
      code: 200
      message: OK
version: 1
