interactions:
- request:
    body: null
    headers:
      Accept:
      - application/json
      Accept-Encoding:
      - gzip, deflate
      CommandName:
      - sql mi create
      Connection:
      - keep-alive
      ParameterSetName:
      - -g -n -l -u -p --subnet --license-type --collation --capacity --storage --edition
        --family --tags --proxy-override --bsr --public-data-endpoint-enabled
      User-Agent:
      - AZURECLI/2.45.0 azsdk-python-mgmt-sql/4.0.0b5 Python/3.9.5 (Windows-10-10.0.22621-SP0)
    method: GET
    uri: https://management.azure.com/subscriptions/00000000-0000-0000-0000-000000000000/providers/Microsoft.Sql/locations/westcentralus/capabilities?include=supportedManagedInstanceVersions&api-version=2020-11-01-preview
  response:
    body:
      string: '{"name":"West Central US","supportedManagedInstanceVersions":[{"name":"12.0","supportedEditions":[{"name":"GeneralPurpose","supportedFamilies":[{"name":"Gen5","sku":"GP_Gen5","supportedLicenseTypes":[{"name":"LicenseIncluded","status":"Default"},{"name":"BasePrice","status":"Available"}],"supportedVcoresValues":[{"name":"2","value":2,"includedMaxSize":{"limit":262144,"unit":"Megabytes"},"supportedStorageSizes":[{"minValue":{"limit":32,"unit":"Gigabytes"},"maxValue":{"limit":640,"unit":"Gigabytes"},"scaleSize":{"limit":32,"unit":"Gigabytes"},"status":"Available"}],"instancePoolSupported":true,"standaloneSupported":false,"supportedMaintenanceConfigurations":[{"name":"SQL_Default","status":"Default"},{"name":"SQL_WestCentralUS_MI_1","status":"Available"},{"name":"SQL_WestCentralUS_MI_2","status":"Available"}],"status":"Available"},{"name":"4","value":4,"includedMaxSize":{"limit":262144,"unit":"Megabytes"},"supportedStorageSizes":[{"minValue":{"limit":32,"unit":"Gigabytes"},"maxValue":{"limit":2,"unit":"Terabytes"},"scaleSize":{"limit":32,"unit":"Gigabytes"},"status":"Available"}],"instancePoolSupported":true,"standaloneSupported":true,"supportedMaintenanceConfigurations":[{"name":"SQL_Default","status":"Default"},{"name":"SQL_WestCentralUS_MI_1","status":"Available"},{"name":"SQL_WestCentralUS_MI_2","status":"Available"}],"status":"Available"},{"name":"8","value":8,"includedMaxSize":{"limit":262144,"unit":"Megabytes"},"supportedStorageSizes":[{"minValue":{"limit":32,"unit":"Gigabytes"},"maxValue":{"limit":8,"unit":"Terabytes"},"scaleSize":{"limit":32,"unit":"Gigabytes"},"status":"Available"}],"instancePoolSupported":true,"standaloneSupported":true,"supportedMaintenanceConfigurations":[{"name":"SQL_Default","status":"Default"},{"name":"SQL_WestCentralUS_MI_1","status":"Available"},{"name":"SQL_WestCentralUS_MI_2","status":"Available"}],"status":"Default"},{"name":"16","value":16,"includedMaxSize":{"limit":262144,"unit":"Megabytes"},"supportedStorageSizes":[{"minValue":{"limit":32,"unit":"Gigabytes"},"maxValue":{"limit":16,"unit":"Terabytes"},"scaleSize":{"limit":32,"unit":"Gigabytes"},"status":"Available"}],"instancePoolSupported":true,"standaloneSupported":true,"supportedMaintenanceConfigurations":[{"name":"SQL_Default","status":"Default"},{"name":"SQL_WestCentralUS_MI_1","status":"Available"},{"name":"SQL_WestCentralUS_MI_2","status":"Available"}],"status":"Available"},{"name":"24","value":24,"includedMaxSize":{"limit":262144,"unit":"Megabytes"},"supportedStorageSizes":[{"minValue":{"limit":32,"unit":"Gigabytes"},"maxValue":{"limit":16,"unit":"Terabytes"},"scaleSize":{"limit":32,"unit":"Gigabytes"},"status":"Available"}],"instancePoolSupported":true,"standaloneSupported":true,"supportedMaintenanceConfigurations":[{"name":"SQL_Default","status":"Default"},{"name":"SQL_WestCentralUS_MI_1","status":"Available"},{"name":"SQL_WestCentralUS_MI_2","status":"Available"}],"status":"Available"},{"name":"32","value":32,"includedMaxSize":{"limit":262144,"unit":"Megabytes"},"supportedStorageSizes":[{"minValue":{"limit":32,"unit":"Gigabytes"},"maxValue":{"limit":16,"unit":"Terabytes"},"scaleSize":{"limit":32,"unit":"Gigabytes"},"status":"Available"}],"instancePoolSupported":true,"standaloneSupported":true,"supportedMaintenanceConfigurations":[{"name":"SQL_Default","status":"Default"},{"name":"SQL_WestCentralUS_MI_1","status":"Available"},{"name":"SQL_WestCentralUS_MI_2","status":"Available"}],"status":"Available"},{"name":"40","value":40,"includedMaxSize":{"limit":262144,"unit":"Megabytes"},"supportedStorageSizes":[{"minValue":{"limit":32,"unit":"Gigabytes"},"maxValue":{"limit":16,"unit":"Terabytes"},"scaleSize":{"limit":32,"unit":"Gigabytes"},"status":"Available"}],"instancePoolSupported":true,"standaloneSupported":true,"supportedMaintenanceConfigurations":[{"name":"SQL_Default","status":"Default"},{"name":"SQL_WestCentralUS_MI_1","status":"Available"},{"name":"SQL_WestCentralUS_MI_2","status":"Available"}],"status":"Available"},{"name":"64","value":64,"includedMaxSize":{"limit":262144,"unit":"Megabytes"},"supportedStorageSizes":[{"minValue":{"limit":32,"unit":"Gigabytes"},"maxValue":{"limit":16,"unit":"Terabytes"},"scaleSize":{"limit":32,"unit":"Gigabytes"},"status":"Available"}],"instancePoolSupported":true,"standaloneSupported":true,"supportedMaintenanceConfigurations":[{"name":"SQL_Default","status":"Default"},{"name":"SQL_WestCentralUS_MI_1","status":"Available"},{"name":"SQL_WestCentralUS_MI_2","status":"Available"}],"status":"Available"},{"name":"80","value":80,"includedMaxSize":{"limit":262144,"unit":"Megabytes"},"supportedStorageSizes":[{"minValue":{"limit":32,"unit":"Gigabytes"},"maxValue":{"limit":16,"unit":"Terabytes"},"scaleSize":{"limit":32,"unit":"Gigabytes"},"status":"Available"}],"instancePoolSupported":true,"standaloneSupported":true,"supportedMaintenanceConfigurations":[{"name":"SQL_Default","status":"Default"},{"name":"SQL_WestCentralUS_MI_1","status":"Available"},{"name":"SQL_WestCentralUS_MI_2","status":"Available"}],"status":"Available"}],"status":"Default"},{"name":"Gen8IH","sku":"GP_G8IH","supportedLicenseTypes":[{"name":"LicenseIncluded","status":"Default"},{"name":"BasePrice","status":"Available"}],"supportedVcoresValues":[{"name":"4","value":4,"includedMaxSize":{"limit":262144,"unit":"Megabytes"},"supportedStorageSizes":[{"minValue":{"limit":32,"unit":"Gigabytes"},"maxValue":{"limit":2,"unit":"Terabytes"},"scaleSize":{"limit":32,"unit":"Gigabytes"},"status":"Available"}],"instancePoolSupported":true,"standaloneSupported":true,"supportedMaintenanceConfigurations":[{"name":"SQL_Default","status":"Default"},{"name":"SQL_WestCentralUS_MI_1","status":"Available"},{"name":"SQL_WestCentralUS_MI_2","status":"Available"}],"status":"Available"},{"name":"8","value":8,"includedMaxSize":{"limit":262144,"unit":"Megabytes"},"supportedStorageSizes":[{"minValue":{"limit":32,"unit":"Gigabytes"},"maxValue":{"limit":8,"unit":"Terabytes"},"scaleSize":{"limit":32,"unit":"Gigabytes"},"status":"Available"}],"instancePoolSupported":true,"standaloneSupported":true,"supportedMaintenanceConfigurations":[{"name":"SQL_Default","status":"Default"},{"name":"SQL_WestCentralUS_MI_1","status":"Available"},{"name":"SQL_WestCentralUS_MI_2","status":"Available"}],"status":"Default"},{"name":"16","value":16,"includedMaxSize":{"limit":262144,"unit":"Megabytes"},"supportedStorageSizes":[{"minValue":{"limit":32,"unit":"Gigabytes"},"maxValue":{"limit":16,"unit":"Terabytes"},"scaleSize":{"limit":32,"unit":"Gigabytes"},"status":"Available"}],"instancePoolSupported":true,"standaloneSupported":true,"supportedMaintenanceConfigurations":[{"name":"SQL_Default","status":"Default"},{"name":"SQL_WestCentralUS_MI_1","status":"Available"},{"name":"SQL_WestCentralUS_MI_2","status":"Available"}],"status":"Available"},{"name":"24","value":24,"includedMaxSize":{"limit":262144,"unit":"Megabytes"},"supportedStorageSizes":[{"minValue":{"limit":32,"unit":"Gigabytes"},"maxValue":{"limit":16,"unit":"Terabytes"},"scaleSize":{"limit":32,"unit":"Gigabytes"},"status":"Available"}],"instancePoolSupported":true,"standaloneSupported":true,"supportedMaintenanceConfigurations":[{"name":"SQL_Default","status":"Default"},{"name":"SQL_WestCentralUS_MI_1","status":"Available"},{"name":"SQL_WestCentralUS_MI_2","status":"Available"}],"status":"Available"},{"name":"32","value":32,"includedMaxSize":{"limit":262144,"unit":"Megabytes"},"supportedStorageSizes":[{"minValue":{"limit":32,"unit":"Gigabytes"},"maxValue":{"limit":16,"unit":"Terabytes"},"scaleSize":{"limit":32,"unit":"Gigabytes"},"status":"Available"}],"instancePoolSupported":true,"standaloneSupported":true,"supportedMaintenanceConfigurations":[{"name":"SQL_Default","status":"Default"},{"name":"SQL_WestCentralUS_MI_1","status":"Available"},{"name":"SQL_WestCentralUS_MI_2","status":"Available"}],"status":"Available"},{"name":"40","value":40,"includedMaxSize":{"limit":262144,"unit":"Megabytes"},"supportedStorageSizes":[{"minValue":{"limit":32,"unit":"Gigabytes"},"maxValue":{"limit":16,"unit":"Terabytes"},"scaleSize":{"limit":32,"unit":"Gigabytes"},"status":"Available"}],"instancePoolSupported":true,"standaloneSupported":true,"supportedMaintenanceConfigurations":[{"name":"SQL_Default","status":"Default"},{"name":"SQL_WestCentralUS_MI_1","status":"Available"},{"name":"SQL_WestCentralUS_MI_2","status":"Available"}],"status":"Available"}],"status":"Available"},{"name":"Gen8IM","sku":"GP_G8IM","supportedLicenseTypes":[{"name":"LicenseIncluded","status":"Default"},{"name":"BasePrice","status":"Available"}],"supportedVcoresValues":[{"name":"4","value":4,"includedMaxSize":{"limit":262144,"unit":"Megabytes"},"supportedStorageSizes":[{"minValue":{"limit":32,"unit":"Gigabytes"},"maxValue":{"limit":2,"unit":"Terabytes"},"scaleSize":{"limit":32,"unit":"Gigabytes"},"status":"Available"}],"instancePoolSupported":true,"standaloneSupported":true,"supportedMaintenanceConfigurations":[{"name":"SQL_Default","status":"Default"},{"name":"SQL_WestCentralUS_MI_1","status":"Available"},{"name":"SQL_WestCentralUS_MI_2","status":"Available"}],"status":"Available"},{"name":"8","value":8,"includedMaxSize":{"limit":262144,"unit":"Megabytes"},"supportedStorageSizes":[{"minValue":{"limit":32,"unit":"Gigabytes"},"maxValue":{"limit":8,"unit":"Terabytes"},"scaleSize":{"limit":32,"unit":"Gigabytes"},"status":"Available"}],"instancePoolSupported":true,"standaloneSupported":true,"supportedMaintenanceConfigurations":[{"name":"SQL_Default","status":"Default"},{"name":"SQL_WestCentralUS_MI_1","status":"Available"},{"name":"SQL_WestCentralUS_MI_2","status":"Available"}],"status":"Default"},{"name":"16","value":16,"includedMaxSize":{"limit":262144,"unit":"Megabytes"},"supportedStorageSizes":[{"minValue":{"limit":32,"unit":"Gigabytes"},"maxValue":{"limit":16,"unit":"Terabytes"},"scaleSize":{"limit":32,"unit":"Gigabytes"},"status":"Available"}],"instancePoolSupported":true,"standaloneSupported":true,"supportedMaintenanceConfigurations":[{"name":"SQL_Default","status":"Default"},{"name":"SQL_WestCentralUS_MI_1","status":"Available"},{"name":"SQL_WestCentralUS_MI_2","status":"Available"}],"status":"Available"},{"name":"24","value":24,"includedMaxSize":{"limit":262144,"unit":"Megabytes"},"supportedStorageSizes":[{"minValue":{"limit":32,"unit":"Gigabytes"},"maxValue":{"limit":16,"unit":"Terabytes"},"scaleSize":{"limit":32,"unit":"Gigabytes"},"status":"Available"}],"instancePoolSupported":true,"standaloneSupported":true,"supportedMaintenanceConfigurations":[{"name":"SQL_Default","status":"Default"},{"name":"SQL_WestCentralUS_MI_1","status":"Available"},{"name":"SQL_WestCentralUS_MI_2","status":"Available"}],"status":"Available"},{"name":"32","value":32,"includedMaxSize":{"limit":262144,"unit":"Megabytes"},"supportedStorageSizes":[{"minValue":{"limit":32,"unit":"Gigabytes"},"maxValue":{"limit":16,"unit":"Terabytes"},"scaleSize":{"limit":32,"unit":"Gigabytes"},"status":"Available"}],"instancePoolSupported":true,"standaloneSupported":true,"supportedMaintenanceConfigurations":[{"name":"SQL_Default","status":"Default"},{"name":"SQL_WestCentralUS_MI_1","status":"Available"},{"name":"SQL_WestCentralUS_MI_2","status":"Available"}],"status":"Available"},{"name":"40","value":40,"includedMaxSize":{"limit":262144,"unit":"Megabytes"},"supportedStorageSizes":[{"minValue":{"limit":32,"unit":"Gigabytes"},"maxValue":{"limit":16,"unit":"Terabytes"},"scaleSize":{"limit":32,"unit":"Gigabytes"},"status":"Available"}],"instancePoolSupported":true,"standaloneSupported":true,"supportedMaintenanceConfigurations":[{"name":"SQL_Default","status":"Default"},{"name":"SQL_WestCentralUS_MI_1","status":"Available"},{"name":"SQL_WestCentralUS_MI_2","status":"Available"}],"status":"Available"},{"name":"64","value":64,"includedMaxSize":{"limit":262144,"unit":"Megabytes"},"supportedStorageSizes":[{"minValue":{"limit":32,"unit":"Gigabytes"},"maxValue":{"limit":16,"unit":"Terabytes"},"scaleSize":{"limit":32,"unit":"Gigabytes"},"status":"Available"}],"instancePoolSupported":true,"standaloneSupported":true,"supportedMaintenanceConfigurations":[{"name":"SQL_Default","status":"Default"},{"name":"SQL_WestCentralUS_MI_1","status":"Available"},{"name":"SQL_WestCentralUS_MI_2","status":"Available"}],"status":"Available"},{"name":"80","value":80,"includedMaxSize":{"limit":262144,"unit":"Megabytes"},"supportedStorageSizes":[{"minValue":{"limit":32,"unit":"Gigabytes"},"maxValue":{"limit":16,"unit":"Terabytes"},"scaleSize":{"limit":32,"unit":"Gigabytes"},"status":"Available"}],"instancePoolSupported":true,"standaloneSupported":true,"supportedMaintenanceConfigurations":[{"name":"SQL_Default","status":"Default"},{"name":"SQL_WestCentralUS_MI_1","status":"Available"},{"name":"SQL_WestCentralUS_MI_2","status":"Available"}],"status":"Available"}],"status":"Available"}],"supportedStorageCapabilities":[{"storageAccountType":"GRS","status":"Default"},{"storageAccountType":"LRS","status":"Available"},{"storageAccountType":"ZRS","status":"Visible","reason":"ZRS
        is available in multi-az regions"},{"storageAccountType":"GZRS","status":"Visible","reason":"GZRS
        is available in multi-az regions"}],"zoneRedundant":false,"status":"Default"},{"name":"BusinessCritical","supportedFamilies":[{"name":"Gen5","sku":"BC_Gen5","supportedLicenseTypes":[{"name":"LicenseIncluded","status":"Default"},{"name":"BasePrice","status":"Available"}],"supportedVcoresValues":[{"name":"4","value":4,"includedMaxSize":{"limit":262144,"unit":"Megabytes"},"supportedStorageSizes":[{"minValue":{"limit":32,"unit":"Gigabytes"},"maxValue":{"limit":1,"unit":"Terabytes"},"scaleSize":{"limit":32,"unit":"Gigabytes"},"status":"Available"}],"instancePoolSupported":true,"standaloneSupported":true,"supportedMaintenanceConfigurations":[{"name":"SQL_Default","status":"Default"},{"name":"SQL_WestCentralUS_MI_1","status":"Available"},{"name":"SQL_WestCentralUS_MI_2","status":"Available"}],"status":"Available"},{"name":"8","value":8,"includedMaxSize":{"limit":262144,"unit":"Megabytes"},"supportedStorageSizes":[{"minValue":{"limit":32,"unit":"Gigabytes"},"maxValue":{"limit":1,"unit":"Terabytes"},"scaleSize":{"limit":32,"unit":"Gigabytes"},"status":"Available"}],"instancePoolSupported":true,"standaloneSupported":true,"supportedMaintenanceConfigurations":[{"name":"SQL_Default","status":"Default"},{"name":"SQL_WestCentralUS_MI_1","status":"Available"},{"name":"SQL_WestCentralUS_MI_2","status":"Available"}],"status":"Default"},{"name":"16","value":16,"includedMaxSize":{"limit":262144,"unit":"Megabytes"},"supportedStorageSizes":[{"minValue":{"limit":32,"unit":"Gigabytes"},"maxValue":{"limit":1,"unit":"Terabytes"},"scaleSize":{"limit":32,"unit":"Gigabytes"},"status":"Available"}],"instancePoolSupported":true,"standaloneSupported":true,"supportedMaintenanceConfigurations":[{"name":"SQL_Default","status":"Default"},{"name":"SQL_WestCentralUS_MI_1","status":"Available"},{"name":"SQL_WestCentralUS_MI_2","status":"Available"}],"status":"Available"},{"name":"24","value":24,"includedMaxSize":{"limit":262144,"unit":"Megabytes"},"supportedStorageSizes":[{"minValue":{"limit":32,"unit":"Gigabytes"},"maxValue":{"limit":2,"unit":"Terabytes"},"scaleSize":{"limit":32,"unit":"Gigabytes"},"status":"Available"}],"instancePoolSupported":true,"standaloneSupported":true,"supportedMaintenanceConfigurations":[{"name":"SQL_Default","status":"Default"},{"name":"SQL_WestCentralUS_MI_1","status":"Available"},{"name":"SQL_WestCentralUS_MI_2","status":"Available"}],"status":"Available"},{"name":"32","value":32,"includedMaxSize":{"limit":262144,"unit":"Megabytes"},"supportedStorageSizes":[{"minValue":{"limit":32,"unit":"Gigabytes"},"maxValue":{"limit":4,"unit":"Terabytes"},"scaleSize":{"limit":32,"unit":"Gigabytes"},"status":"Available"}],"instancePoolSupported":true,"standaloneSupported":true,"supportedMaintenanceConfigurations":[{"name":"SQL_Default","status":"Default"},{"name":"SQL_WestCentralUS_MI_1","status":"Available"},{"name":"SQL_WestCentralUS_MI_2","status":"Available"}],"status":"Available"},{"name":"40","value":40,"includedMaxSize":{"limit":262144,"unit":"Megabytes"},"supportedStorageSizes":[{"minValue":{"limit":32,"unit":"Gigabytes"},"maxValue":{"limit":4,"unit":"Terabytes"},"scaleSize":{"limit":32,"unit":"Gigabytes"},"status":"Available"}],"instancePoolSupported":true,"standaloneSupported":true,"supportedMaintenanceConfigurations":[{"name":"SQL_Default","status":"Default"},{"name":"SQL_WestCentralUS_MI_1","status":"Available"},{"name":"SQL_WestCentralUS_MI_2","status":"Available"}],"status":"Available"},{"name":"64","value":64,"includedMaxSize":{"limit":262144,"unit":"Megabytes"},"supportedStorageSizes":[{"minValue":{"limit":32,"unit":"Gigabytes"},"maxValue":{"limit":4,"unit":"Terabytes"},"scaleSize":{"limit":32,"unit":"Gigabytes"},"status":"Available"}],"instancePoolSupported":true,"standaloneSupported":true,"supportedMaintenanceConfigurations":[{"name":"SQL_Default","status":"Default"},{"name":"SQL_WestCentralUS_MI_1","status":"Available"},{"name":"SQL_WestCentralUS_MI_2","status":"Available"}],"status":"Available"},{"name":"80","value":80,"includedMaxSize":{"limit":262144,"unit":"Megabytes"},"supportedStorageSizes":[{"minValue":{"limit":32,"unit":"Gigabytes"},"maxValue":{"limit":4,"unit":"Terabytes"},"scaleSize":{"limit":32,"unit":"Gigabytes"},"status":"Available"}],"instancePoolSupported":true,"standaloneSupported":true,"supportedMaintenanceConfigurations":[{"name":"SQL_Default","status":"Default"},{"name":"SQL_WestCentralUS_MI_1","status":"Available"},{"name":"SQL_WestCentralUS_MI_2","status":"Available"}],"status":"Available"}],"status":"Default"},{"name":"Gen8IH","sku":"BC_G8IH","supportedLicenseTypes":[{"name":"LicenseIncluded","status":"Default"},{"name":"BasePrice","status":"Available"}],"supportedVcoresValues":[{"name":"4","value":4,"includedMaxSize":{"limit":262144,"unit":"Megabytes"},"supportedStorageSizes":[{"minValue":{"limit":32,"unit":"Gigabytes"},"maxValue":{"limit":1,"unit":"Terabytes"},"scaleSize":{"limit":32,"unit":"Gigabytes"},"status":"Available"}],"instancePoolSupported":true,"standaloneSupported":true,"supportedMaintenanceConfigurations":[{"name":"SQL_Default","status":"Default"},{"name":"SQL_WestCentralUS_MI_1","status":"Available"},{"name":"SQL_WestCentralUS_MI_2","status":"Available"}],"status":"Available"},{"name":"8","value":8,"includedMaxSize":{"limit":262144,"unit":"Megabytes"},"supportedStorageSizes":[{"minValue":{"limit":32,"unit":"Gigabytes"},"maxValue":{"limit":1,"unit":"Terabytes"},"scaleSize":{"limit":32,"unit":"Gigabytes"},"status":"Available"},{"minValue":{"limit":32,"unit":"Gigabytes"},"maxValue":{"limit":2,"unit":"Terabytes"},"scaleSize":{"limit":32,"unit":"Gigabytes"},"status":"Disabled","reason":"Managed
        Instance is not accepting creation of Premium Series - Memory Optimized 8VCore
        instances with more than 1TB local storage for Business Critical edition."}],"instancePoolSupported":true,"standaloneSupported":true,"supportedMaintenanceConfigurations":[{"name":"SQL_Default","status":"Default"},{"name":"SQL_WestCentralUS_MI_1","status":"Available"},{"name":"SQL_WestCentralUS_MI_2","status":"Available"}],"status":"Default"},{"name":"16","value":16,"includedMaxSize":{"limit":262144,"unit":"Megabytes"},"supportedStorageSizes":[{"minValue":{"limit":32,"unit":"Gigabytes"},"maxValue":{"limit":2,"unit":"Terabytes"},"scaleSize":{"limit":32,"unit":"Gigabytes"},"status":"Available"},{"minValue":{"limit":32,"unit":"Gigabytes"},"maxValue":{"limit":4,"unit":"Terabytes"},"scaleSize":{"limit":32,"unit":"Gigabytes"},"status":"Disabled","reason":"Managed
        Instance is not accepting creation of Premium Series - Memory Optimized 16VCore
        instances with more than 2TB local storage for Business Critical edition."}],"instancePoolSupported":true,"standaloneSupported":true,"supportedMaintenanceConfigurations":[{"name":"SQL_Default","status":"Default"},{"name":"SQL_WestCentralUS_MI_1","status":"Available"},{"name":"SQL_WestCentralUS_MI_2","status":"Available"}],"status":"Available"},{"name":"24","value":24,"includedMaxSize":{"limit":262144,"unit":"Megabytes"},"supportedStorageSizes":[{"minValue":{"limit":32,"unit":"Gigabytes"},"maxValue":{"limit":2,"unit":"Terabytes"},"scaleSize":{"limit":32,"unit":"Gigabytes"},"status":"Available"},{"minValue":{"limit":32,"unit":"Gigabytes"},"maxValue":{"limit":5632,"unit":"Gigabytes"},"scaleSize":{"limit":32,"unit":"Gigabytes"},"status":"Disabled","reason":"Managed
        Instance is not accepting creation of Premium Series - Memory Optimized 24VCore
        instances with more than 2TB local storage for Business Critical edition."},{"minValue":{"limit":32,"unit":"Gigabytes"},"maxValue":{"limit":6,"unit":"Terabytes"},"scaleSize":{"limit":32,"unit":"Gigabytes"},"status":"Disabled","reason":"Managed
        Instance is not accepting creation of Premium Series - Memory Optimized 24VCore
        instances with more than 2TB local storage for Business Critical edition."}],"instancePoolSupported":true,"standaloneSupported":true,"supportedMaintenanceConfigurations":[{"name":"SQL_Default","status":"Default"},{"name":"SQL_WestCentralUS_MI_1","status":"Available"},{"name":"SQL_WestCentralUS_MI_2","status":"Available"}],"status":"Available"},{"name":"32","value":32,"includedMaxSize":{"limit":262144,"unit":"Megabytes"},"supportedStorageSizes":[{"minValue":{"limit":32,"unit":"Gigabytes"},"maxValue":{"limit":4,"unit":"Terabytes"},"scaleSize":{"limit":32,"unit":"Gigabytes"},"status":"Available"},{"minValue":{"limit":32,"unit":"Gigabytes"},"maxValue":{"limit":5632,"unit":"Gigabytes"},"scaleSize":{"limit":32,"unit":"Gigabytes"},"status":"Disabled","reason":"Managed
        Instance is not accepting creation of Premium Series - Memory Optimized 32VCore
        instances with more than 4TB local storage for Business Critical edition."},{"minValue":{"limit":32,"unit":"Gigabytes"},"maxValue":{"limit":8,"unit":"Terabytes"},"scaleSize":{"limit":32,"unit":"Gigabytes"},"status":"Disabled","reason":"Managed
        Instance is not accepting creation of Premium Series - Memory Optimized 32VCore
        instances with more than 4TB local storage for Business Critical edition."}],"instancePoolSupported":true,"standaloneSupported":true,"supportedMaintenanceConfigurations":[{"name":"SQL_Default","status":"Default"},{"name":"SQL_WestCentralUS_MI_1","status":"Available"},{"name":"SQL_WestCentralUS_MI_2","status":"Available"}],"status":"Available"},{"name":"40","value":40,"includedMaxSize":{"limit":262144,"unit":"Megabytes"},"supportedStorageSizes":[{"minValue":{"limit":32,"unit":"Gigabytes"},"maxValue":{"limit":5632,"unit":"Gigabytes"},"scaleSize":{"limit":32,"unit":"Gigabytes"},"status":"Available"},{"minValue":{"limit":32,"unit":"Gigabytes"},"maxValue":{"limit":8,"unit":"Terabytes"},"scaleSize":{"limit":32,"unit":"Gigabytes"},"status":"Disabled","reason":"Managed
        Instance is not accepting creation of Premium Series - Memory Optimized 40VCore
        instances with more than 5.5TB local storage for Business Critical edition."}],"instancePoolSupported":true,"standaloneSupported":true,"supportedMaintenanceConfigurations":[{"name":"SQL_Default","status":"Default"},{"name":"SQL_WestCentralUS_MI_1","status":"Available"},{"name":"SQL_WestCentralUS_MI_2","status":"Available"}],"status":"Available"}],"status":"Available"},{"name":"Gen8IM","sku":"BC_G8IM","supportedLicenseTypes":[{"name":"LicenseIncluded","status":"Default"},{"name":"BasePrice","status":"Available"}],"supportedVcoresValues":[{"name":"4","value":4,"includedMaxSize":{"limit":262144,"unit":"Megabytes"},"supportedStorageSizes":[{"minValue":{"limit":32,"unit":"Gigabytes"},"maxValue":{"limit":1,"unit":"Terabytes"},"scaleSize":{"limit":32,"unit":"Gigabytes"},"status":"Available"}],"instancePoolSupported":true,"standaloneSupported":true,"supportedMaintenanceConfigurations":[{"name":"SQL_Default","status":"Default"},{"name":"SQL_WestCentralUS_MI_1","status":"Available"},{"name":"SQL_WestCentralUS_MI_2","status":"Available"}],"status":"Available"},{"name":"8","value":8,"includedMaxSize":{"limit":262144,"unit":"Megabytes"},"supportedStorageSizes":[{"minValue":{"limit":32,"unit":"Gigabytes"},"maxValue":{"limit":1,"unit":"Terabytes"},"scaleSize":{"limit":32,"unit":"Gigabytes"},"status":"Available"},{"minValue":{"limit":32,"unit":"Gigabytes"},"maxValue":{"limit":2,"unit":"Terabytes"},"scaleSize":{"limit":32,"unit":"Gigabytes"},"status":"Disabled","reason":"Managed
        Instance is not accepting creation of Premium Series 8VCore instances with
        more than 1TB local storage for Business Critical edition."}],"instancePoolSupported":true,"standaloneSupported":true,"supportedMaintenanceConfigurations":[{"name":"SQL_Default","status":"Default"},{"name":"SQL_WestCentralUS_MI_1","status":"Available"},{"name":"SQL_WestCentralUS_MI_2","status":"Available"}],"status":"Default"},{"name":"16","value":16,"includedMaxSize":{"limit":262144,"unit":"Megabytes"},"supportedStorageSizes":[{"minValue":{"limit":32,"unit":"Gigabytes"},"maxValue":{"limit":2,"unit":"Terabytes"},"scaleSize":{"limit":32,"unit":"Gigabytes"},"status":"Available"},{"minValue":{"limit":32,"unit":"Gigabytes"},"maxValue":{"limit":4,"unit":"Terabytes"},"scaleSize":{"limit":32,"unit":"Gigabytes"},"status":"Disabled","reason":"Managed
        Instance is not accepting creation of Premium Series 16VCore instances with
        more than 2TB local storage for Business Critical edition."}],"instancePoolSupported":true,"standaloneSupported":true,"supportedMaintenanceConfigurations":[{"name":"SQL_Default","status":"Default"},{"name":"SQL_WestCentralUS_MI_1","status":"Available"},{"name":"SQL_WestCentralUS_MI_2","status":"Available"}],"status":"Available"},{"name":"24","value":24,"includedMaxSize":{"limit":262144,"unit":"Megabytes"},"supportedStorageSizes":[{"minValue":{"limit":32,"unit":"Gigabytes"},"maxValue":{"limit":2,"unit":"Terabytes"},"scaleSize":{"limit":32,"unit":"Gigabytes"},"status":"Available"},{"minValue":{"limit":32,"unit":"Gigabytes"},"maxValue":{"limit":5632,"unit":"Gigabytes"},"scaleSize":{"limit":32,"unit":"Gigabytes"},"status":"Disabled","reason":"Managed
        Instance is not accepting creation of Premium Series 24VCore instances with
        more than 2TB local storage for Business Critical edition."}],"instancePoolSupported":true,"standaloneSupported":true,"supportedMaintenanceConfigurations":[{"name":"SQL_Default","status":"Default"},{"name":"SQL_WestCentralUS_MI_1","status":"Available"},{"name":"SQL_WestCentralUS_MI_2","status":"Available"}],"status":"Available"},{"name":"32","value":32,"includedMaxSize":{"limit":262144,"unit":"Megabytes"},"supportedStorageSizes":[{"minValue":{"limit":32,"unit":"Gigabytes"},"maxValue":{"limit":4,"unit":"Terabytes"},"scaleSize":{"limit":32,"unit":"Gigabytes"},"status":"Available"},{"minValue":{"limit":32,"unit":"Gigabytes"},"maxValue":{"limit":5632,"unit":"Gigabytes"},"scaleSize":{"limit":32,"unit":"Gigabytes"},"status":"Disabled","reason":"Managed
        Instance is not accepting creation of Premium Series 32VCore instances with
        more than 4TB local storage for Business Critical edition."}],"instancePoolSupported":true,"standaloneSupported":true,"supportedMaintenanceConfigurations":[{"name":"SQL_Default","status":"Default"},{"name":"SQL_WestCentralUS_MI_1","status":"Available"},{"name":"SQL_WestCentralUS_MI_2","status":"Available"}],"status":"Available"},{"name":"40","value":40,"includedMaxSize":{"limit":262144,"unit":"Megabytes"},"supportedStorageSizes":[{"minValue":{"limit":32,"unit":"Gigabytes"},"maxValue":{"limit":5632,"unit":"Gigabytes"},"scaleSize":{"limit":32,"unit":"Gigabytes"},"status":"Available"}],"instancePoolSupported":true,"standaloneSupported":true,"supportedMaintenanceConfigurations":[{"name":"SQL_Default","status":"Default"},{"name":"SQL_WestCentralUS_MI_1","status":"Available"},{"name":"SQL_WestCentralUS_MI_2","status":"Available"}],"status":"Available"},{"name":"64","value":64,"includedMaxSize":{"limit":262144,"unit":"Megabytes"},"supportedStorageSizes":[{"minValue":{"limit":32,"unit":"Gigabytes"},"maxValue":{"limit":5632,"unit":"Gigabytes"},"scaleSize":{"limit":32,"unit":"Gigabytes"},"status":"Available"},{"minValue":{"limit":32,"unit":"Gigabytes"},"maxValue":{"limit":16,"unit":"Terabytes"},"scaleSize":{"limit":32,"unit":"Gigabytes"},"status":"Disabled","reason":"Managed
        Instance is not accepting creation of Premiumseries instances with more than
        5.5TB  local storage for Business Critical edition."}],"instancePoolSupported":true,"standaloneSupported":true,"supportedMaintenanceConfigurations":[{"name":"SQL_Default","status":"Default"},{"name":"SQL_WestCentralUS_MI_1","status":"Available"},{"name":"SQL_WestCentralUS_MI_2","status":"Available"}],"status":"Available"},{"name":"80","value":80,"includedMaxSize":{"limit":262144,"unit":"Megabytes"},"supportedStorageSizes":[{"minValue":{"limit":32,"unit":"Gigabytes"},"maxValue":{"limit":5632,"unit":"Gigabytes"},"scaleSize":{"limit":32,"unit":"Gigabytes"},"status":"Available"},{"minValue":{"limit":32,"unit":"Gigabytes"},"maxValue":{"limit":16,"unit":"Terabytes"},"scaleSize":{"limit":32,"unit":"Gigabytes"},"status":"Disabled","reason":"Managed
        Instance is not accepting creation of Premiumseries instances with more than
        5.5TB  local storage for Business Critical edition."}],"instancePoolSupported":true,"standaloneSupported":true,"supportedMaintenanceConfigurations":[{"name":"SQL_Default","status":"Default"},{"name":"SQL_WestCentralUS_MI_1","status":"Available"},{"name":"SQL_WestCentralUS_MI_2","status":"Available"}],"status":"Available"}],"status":"Available"}],"supportedStorageCapabilities":[{"storageAccountType":"GRS","status":"Default"},{"storageAccountType":"LRS","status":"Available"},{"storageAccountType":"ZRS","status":"Visible","reason":"ZRS
        is available in multi-az regions"},{"storageAccountType":"GZRS","status":"Visible","reason":"GZRS
        is available in multi-az regions"}],"zoneRedundant":true,"status":"Available"},{"name":"Hermes","supportedFamilies":[],"supportedStorageCapabilities":[{"storageAccountType":"GRS","status":"Default"},{"storageAccountType":"LRS","status":"Available"},{"storageAccountType":"ZRS","status":"Visible","reason":"ZRS
        is available in multi-az regions"},{"storageAccountType":"GZRS","status":"Visible","reason":"GZRS
        is available in multi-az regions"}],"zoneRedundant":false,"status":"Available"}],"supportedInstancePoolEditions":[{"name":"GeneralPurpose","supportedFamilies":[{"name":"Gen5","supportedLicenseTypes":[{"name":"LicenseIncluded","status":"Default"},{"name":"BasePrice","status":"Available"}],"supportedVcoresValues":[{"name":"GP_Gen5_8","value":8,"storageLimit":{"limit":8388608,"unit":"Megabytes"},"status":"Default"},{"name":"GP_Gen5_16","value":16,"storageLimit":{"limit":8388608,"unit":"Megabytes"},"status":"Available"},{"name":"GP_Gen5_24","value":24,"storageLimit":{"limit":8388608,"unit":"Megabytes"},"status":"Available"},{"name":"GP_Gen5_32","value":32,"storageLimit":{"limit":8388608,"unit":"Megabytes"},"status":"Available"},{"name":"GP_Gen5_40","value":40,"storageLimit":{"limit":8388608,"unit":"Megabytes"},"status":"Available"},{"name":"GP_Gen5_64","value":64,"storageLimit":{"limit":8388608,"unit":"Megabytes"},"status":"Available"},{"name":"GP_Gen5_80","value":80,"storageLimit":{"limit":8388608,"unit":"Megabytes"},"status":"Available"}],"status":"Default"}],"status":"Default"}],"status":"Default"}],"status":"Available"}'
    headers:
      cache-control:
      - no-cache
      content-length:
      - '31275'
      content-type:
      - application/json; charset=utf-8
      date:
      - Mon, 27 Feb 2023 21:47:15 GMT
      expires:
      - '-1'
      pragma:
      - no-cache
      server:
      - Microsoft-HTTPAPI/2.0
      strict-transport-security:
      - max-age=31536000; includeSubDomains
      transfer-encoding:
      - chunked
      vary:
      - Accept-Encoding
      x-content-type-options:
      - nosniff
    status:
      code: 200
      message: OK
- request:
    body: '{"location": "westcentralus", "tags": {}, "sku": {"name": "GP_Gen5"}, "properties":
      {"administratorLogin": "admin123", "administratorLoginPassword": "SecretPassword123SecretPassword",
      "subnetId": "/subscriptions/00000000-0000-0000-0000-000000000000/resourceGroups/CustomerExperienceTeam_RG/providers/Microsoft.Network/virtualNetworks/vnet-mi-tooling/subnets/ManagedInstance",
      "licenseType": "LicenseIncluded", "vCores": 4, "storageSizeInGB": 32, "collation":
      "Serbian_Cyrillic_100_CS_AS", "publicDataEndpointEnabled": true, "proxyOverride":
      "Proxy", "requestedBackupStorageRedundancy": "Geo", "administrators": {}}}'
    headers:
      Accept:
      - application/json
      Accept-Encoding:
      - gzip, deflate
      CommandName:
      - sql mi create
      Connection:
      - keep-alive
      Content-Length:
      - '615'
      Content-Type:
      - application/json
      ParameterSetName:
      - -g -n -l -u -p --subnet --license-type --collation --capacity --storage --edition
        --family --tags --proxy-override --bsr --public-data-endpoint-enabled
      User-Agent:
      - AZURECLI/2.45.0 azsdk-python-mgmt-sql/4.0.0b5 Python/3.9.5 (Windows-10-10.0.22621-SP0)
    method: PUT
    uri: https://management.azure.com/subscriptions/00000000-0000-0000-0000-000000000000/resourceGroups/CustomerExperienceTeam_RG/providers/Microsoft.Sql/managedInstances/clitestmi000001?api-version=2022-08-01-preview
  response:
    body:
      string: '{"sku":{"name":"GP_Gen5","tier":"GeneralPurpose","family":"Gen5","capacity":4},"properties":{"provisioningState":"Creating","administratorLogin":"admin123","licenseType":"LicenseIncluded","vCores":4,"storageSizeInGB":32,"collation":"Serbian_Cyrillic_100_CS_AS","publicDataEndpointEnabled":true,"proxyOverride":"Proxy","timezoneId":"UTC","maintenanceConfigurationId":"SystemDefault","privateEndpointConnections":[],"currentBackupStorageRedundancy":"Geo","requestedBackupStorageRedundancy":"Geo"},"location":"westcentralus","tags":{},"id":"/subscriptions/00000000-0000-0000-0000-000000000000/resourceGroups/CustomerExperienceTeam_RG/providers/Microsoft.Sql/managedInstances/clitestmi000001","name":"clitestmi000001","type":"Microsoft.Sql/managedInstances"}'
    headers:
      cache-control:
      - no-cache
      content-length:
      - '754'
      content-type:
      - application/json; charset=utf-8
      date:
      - Mon, 27 Feb 2023 21:47:18 GMT
      expires:
      - '-1'
      pragma:
      - no-cache
      server:
      - Microsoft-HTTPAPI/2.0
      strict-transport-security:
      - max-age=31536000; includeSubDomains
      x-content-type-options:
      - nosniff
      x-ms-ratelimit-remaining-subscription-writes:
      - '1199'
    status:
      code: 201
      message: Created
- request:
    body: null
    headers:
      Accept:
      - '*/*'
      Accept-Encoding:
      - gzip, deflate
      CommandName:
      - sql mi create
      Connection:
      - keep-alive
      ParameterSetName:
      - -g -n -l -u -p --subnet --license-type --collation --capacity --storage --edition
        --family --tags --proxy-override --bsr --public-data-endpoint-enabled
      User-Agent:
      - AZURECLI/2.45.0 azsdk-python-mgmt-sql/4.0.0b5 Python/3.9.5 (Windows-10-10.0.22621-SP0)
    method: GET
    uri: https://management.azure.com/subscriptions/00000000-0000-0000-0000-000000000000/resourceGroups/CustomerExperienceTeam_RG/providers/Microsoft.Sql/managedInstances/clitestmi000001?api-version=2022-08-01-preview
  response:
    body:
      string: '{"sku":{"name":"GP_Gen5","tier":"GeneralPurpose","family":"Gen5","capacity":4},"properties":{"provisioningState":"Creating","administratorLogin":"admin123","subnetId":"/subscriptions/00000000-0000-0000-0000-000000000000/resourceGroups/CustomerExperienceTeam_RG/providers/Microsoft.Network/virtualNetworks/vnet-mi-tooling/subnets/ManagedInstance","state":"Creating","licenseType":"LicenseIncluded","vCores":4,"storageSizeInGB":32,"collation":"Serbian_Cyrillic_100_CS_AS","publicDataEndpointEnabled":true,"proxyOverride":"Proxy","timezoneId":"UTC","maintenanceConfigurationId":"/subscriptions/00000000-0000-0000-0000-000000000000/providers/Microsoft.Maintenance/publicMaintenanceConfigurations/SQL_Default","privateEndpointConnections":[],"currentBackupStorageRedundancy":"Geo","requestedBackupStorageRedundancy":"Geo","zoneRedundant":false},"location":"westcentralus","tags":{},"id":"/subscriptions/00000000-0000-0000-0000-000000000000/resourceGroups/CustomerExperienceTeam_RG/providers/Microsoft.Sql/managedInstances/clitestmi000001","name":"clitestmi000001","type":"Microsoft.Sql/managedInstances"}'
    headers:
      cache-control:
      - no-cache
      content-length:
      - '1099'
      content-type:
      - application/json; charset=utf-8
      date:
      - Mon, 27 Feb 2023 21:48:19 GMT
      expires:
      - '-1'
      pragma:
      - no-cache
      server:
      - Microsoft-HTTPAPI/2.0
      strict-transport-security:
      - max-age=31536000; includeSubDomains
      transfer-encoding:
      - chunked
      vary:
      - Accept-Encoding
      x-content-type-options:
      - nosniff
    status:
      code: 200
      message: OK
- request:
    body: null
    headers:
      Accept:
      - '*/*'
      Accept-Encoding:
      - gzip, deflate
      CommandName:
      - sql mi create
      Connection:
      - keep-alive
      ParameterSetName:
      - -g -n -l -u -p --subnet --license-type --collation --capacity --storage --edition
        --family --tags --proxy-override --bsr --public-data-endpoint-enabled
      User-Agent:
      - AZURECLI/2.45.0 azsdk-python-mgmt-sql/4.0.0b5 Python/3.9.5 (Windows-10-10.0.22621-SP0)
    method: GET
    uri: https://management.azure.com/subscriptions/00000000-0000-0000-0000-000000000000/resourceGroups/CustomerExperienceTeam_RG/providers/Microsoft.Sql/managedInstances/clitestmi000001?api-version=2022-08-01-preview
  response:
    body:
      string: '{"sku":{"name":"GP_Gen5","tier":"GeneralPurpose","family":"Gen5","capacity":4},"properties":{"provisioningState":"Creating","administratorLogin":"admin123","subnetId":"/subscriptions/00000000-0000-0000-0000-000000000000/resourceGroups/CustomerExperienceTeam_RG/providers/Microsoft.Network/virtualNetworks/vnet-mi-tooling/subnets/ManagedInstance","state":"Creating","licenseType":"LicenseIncluded","vCores":4,"storageSizeInGB":32,"collation":"Serbian_Cyrillic_100_CS_AS","publicDataEndpointEnabled":true,"proxyOverride":"Proxy","timezoneId":"UTC","maintenanceConfigurationId":"/subscriptions/00000000-0000-0000-0000-000000000000/providers/Microsoft.Maintenance/publicMaintenanceConfigurations/SQL_Default","privateEndpointConnections":[],"currentBackupStorageRedundancy":"Geo","requestedBackupStorageRedundancy":"Geo","zoneRedundant":false},"location":"westcentralus","tags":{},"id":"/subscriptions/00000000-0000-0000-0000-000000000000/resourceGroups/CustomerExperienceTeam_RG/providers/Microsoft.Sql/managedInstances/clitestmi000001","name":"clitestmi000001","type":"Microsoft.Sql/managedInstances"}'
    headers:
      cache-control:
      - no-cache
      content-length:
      - '1099'
      content-type:
      - application/json; charset=utf-8
      date:
      - Mon, 27 Feb 2023 21:48:49 GMT
      expires:
      - '-1'
      pragma:
      - no-cache
      server:
      - Microsoft-HTTPAPI/2.0
      strict-transport-security:
      - max-age=31536000; includeSubDomains
      transfer-encoding:
      - chunked
      vary:
      - Accept-Encoding
      x-content-type-options:
      - nosniff
    status:
      code: 200
      message: OK
- request:
    body: null
    headers:
      Accept:
      - '*/*'
      Accept-Encoding:
      - gzip, deflate
      CommandName:
      - sql mi create
      Connection:
      - keep-alive
      ParameterSetName:
      - -g -n -l -u -p --subnet --license-type --collation --capacity --storage --edition
        --family --tags --proxy-override --bsr --public-data-endpoint-enabled
      User-Agent:
      - AZURECLI/2.45.0 azsdk-python-mgmt-sql/4.0.0b5 Python/3.9.5 (Windows-10-10.0.22621-SP0)
    method: GET
    uri: https://management.azure.com/subscriptions/00000000-0000-0000-0000-000000000000/resourceGroups/CustomerExperienceTeam_RG/providers/Microsoft.Sql/managedInstances/clitestmi000001?api-version=2022-08-01-preview
  response:
    body:
      string: '{"sku":{"name":"GP_Gen5","tier":"GeneralPurpose","family":"Gen5","capacity":4},"properties":{"provisioningState":"Creating","administratorLogin":"admin123","subnetId":"/subscriptions/00000000-0000-0000-0000-000000000000/resourceGroups/CustomerExperienceTeam_RG/providers/Microsoft.Network/virtualNetworks/vnet-mi-tooling/subnets/ManagedInstance","state":"Creating","licenseType":"LicenseIncluded","vCores":4,"storageSizeInGB":32,"collation":"Serbian_Cyrillic_100_CS_AS","publicDataEndpointEnabled":true,"proxyOverride":"Proxy","timezoneId":"UTC","maintenanceConfigurationId":"/subscriptions/00000000-0000-0000-0000-000000000000/providers/Microsoft.Maintenance/publicMaintenanceConfigurations/SQL_Default","privateEndpointConnections":[],"currentBackupStorageRedundancy":"Geo","requestedBackupStorageRedundancy":"Geo","zoneRedundant":false},"location":"westcentralus","tags":{},"id":"/subscriptions/00000000-0000-0000-0000-000000000000/resourceGroups/CustomerExperienceTeam_RG/providers/Microsoft.Sql/managedInstances/clitestmi000001","name":"clitestmi000001","type":"Microsoft.Sql/managedInstances"}'
    headers:
      cache-control:
      - no-cache
      content-length:
      - '1099'
      content-type:
      - application/json; charset=utf-8
      date:
      - Mon, 27 Feb 2023 21:49:20 GMT
      expires:
      - '-1'
      pragma:
      - no-cache
      server:
      - Microsoft-HTTPAPI/2.0
      strict-transport-security:
      - max-age=31536000; includeSubDomains
      transfer-encoding:
      - chunked
      vary:
      - Accept-Encoding
      x-content-type-options:
      - nosniff
    status:
      code: 200
      message: OK
- request:
    body: null
    headers:
      Accept:
      - '*/*'
      Accept-Encoding:
      - gzip, deflate
      CommandName:
      - sql mi create
      Connection:
      - keep-alive
      ParameterSetName:
      - -g -n -l -u -p --subnet --license-type --collation --capacity --storage --edition
        --family --tags --proxy-override --bsr --public-data-endpoint-enabled
      User-Agent:
      - AZURECLI/2.45.0 azsdk-python-mgmt-sql/4.0.0b5 Python/3.9.5 (Windows-10-10.0.22621-SP0)
    method: GET
    uri: https://management.azure.com/subscriptions/00000000-0000-0000-0000-000000000000/resourceGroups/CustomerExperienceTeam_RG/providers/Microsoft.Sql/managedInstances/clitestmi000001?api-version=2022-08-01-preview
  response:
    body:
      string: '{"sku":{"name":"GP_Gen5","tier":"GeneralPurpose","family":"Gen5","capacity":4},"properties":{"provisioningState":"Creating","administratorLogin":"admin123","subnetId":"/subscriptions/00000000-0000-0000-0000-000000000000/resourceGroups/CustomerExperienceTeam_RG/providers/Microsoft.Network/virtualNetworks/vnet-mi-tooling/subnets/ManagedInstance","state":"Creating","licenseType":"LicenseIncluded","vCores":4,"storageSizeInGB":32,"collation":"Serbian_Cyrillic_100_CS_AS","publicDataEndpointEnabled":true,"proxyOverride":"Proxy","timezoneId":"UTC","maintenanceConfigurationId":"/subscriptions/00000000-0000-0000-0000-000000000000/providers/Microsoft.Maintenance/publicMaintenanceConfigurations/SQL_Default","privateEndpointConnections":[],"currentBackupStorageRedundancy":"Geo","requestedBackupStorageRedundancy":"Geo","zoneRedundant":false},"location":"westcentralus","tags":{},"id":"/subscriptions/00000000-0000-0000-0000-000000000000/resourceGroups/CustomerExperienceTeam_RG/providers/Microsoft.Sql/managedInstances/clitestmi000001","name":"clitestmi000001","type":"Microsoft.Sql/managedInstances"}'
    headers:
      cache-control:
      - no-cache
      content-length:
      - '1099'
      content-type:
      - application/json; charset=utf-8
      date:
      - Mon, 27 Feb 2023 21:49:51 GMT
      expires:
      - '-1'
      pragma:
      - no-cache
      server:
      - Microsoft-HTTPAPI/2.0
      strict-transport-security:
      - max-age=31536000; includeSubDomains
      transfer-encoding:
      - chunked
      vary:
      - Accept-Encoding
      x-content-type-options:
      - nosniff
    status:
      code: 200
      message: OK
- request:
    body: null
    headers:
      Accept:
      - '*/*'
      Accept-Encoding:
      - gzip, deflate
      CommandName:
      - sql mi create
      Connection:
      - keep-alive
      ParameterSetName:
      - -g -n -l -u -p --subnet --license-type --collation --capacity --storage --edition
        --family --tags --proxy-override --bsr --public-data-endpoint-enabled
      User-Agent:
      - AZURECLI/2.45.0 azsdk-python-mgmt-sql/4.0.0b5 Python/3.9.5 (Windows-10-10.0.22621-SP0)
    method: GET
    uri: https://management.azure.com/subscriptions/00000000-0000-0000-0000-000000000000/resourceGroups/CustomerExperienceTeam_RG/providers/Microsoft.Sql/managedInstances/clitestmi000001?api-version=2022-08-01-preview
  response:
    body:
      string: '{"sku":{"name":"GP_Gen5","tier":"GeneralPurpose","family":"Gen5","capacity":4},"properties":{"provisioningState":"Creating","administratorLogin":"admin123","subnetId":"/subscriptions/00000000-0000-0000-0000-000000000000/resourceGroups/CustomerExperienceTeam_RG/providers/Microsoft.Network/virtualNetworks/vnet-mi-tooling/subnets/ManagedInstance","state":"Creating","licenseType":"LicenseIncluded","vCores":4,"storageSizeInGB":32,"collation":"Serbian_Cyrillic_100_CS_AS","publicDataEndpointEnabled":true,"proxyOverride":"Proxy","timezoneId":"UTC","maintenanceConfigurationId":"/subscriptions/00000000-0000-0000-0000-000000000000/providers/Microsoft.Maintenance/publicMaintenanceConfigurations/SQL_Default","privateEndpointConnections":[],"currentBackupStorageRedundancy":"Geo","requestedBackupStorageRedundancy":"Geo","zoneRedundant":false},"location":"westcentralus","tags":{},"id":"/subscriptions/00000000-0000-0000-0000-000000000000/resourceGroups/CustomerExperienceTeam_RG/providers/Microsoft.Sql/managedInstances/clitestmi000001","name":"clitestmi000001","type":"Microsoft.Sql/managedInstances"}'
    headers:
      cache-control:
      - no-cache
      content-length:
      - '1099'
      content-type:
      - application/json; charset=utf-8
      date:
      - Mon, 27 Feb 2023 21:50:20 GMT
      expires:
      - '-1'
      pragma:
      - no-cache
      server:
      - Microsoft-HTTPAPI/2.0
      strict-transport-security:
      - max-age=31536000; includeSubDomains
      transfer-encoding:
      - chunked
      vary:
      - Accept-Encoding
      x-content-type-options:
      - nosniff
    status:
      code: 200
      message: OK
- request:
    body: null
    headers:
      Accept:
      - '*/*'
      Accept-Encoding:
      - gzip, deflate
      CommandName:
      - sql mi create
      Connection:
      - keep-alive
      ParameterSetName:
      - -g -n -l -u -p --subnet --license-type --collation --capacity --storage --edition
        --family --tags --proxy-override --bsr --public-data-endpoint-enabled
      User-Agent:
      - AZURECLI/2.45.0 azsdk-python-mgmt-sql/4.0.0b5 Python/3.9.5 (Windows-10-10.0.22621-SP0)
    method: GET
    uri: https://management.azure.com/subscriptions/00000000-0000-0000-0000-000000000000/resourceGroups/CustomerExperienceTeam_RG/providers/Microsoft.Sql/managedInstances/clitestmi000001?api-version=2022-08-01-preview
  response:
    body:
      string: '{"sku":{"name":"GP_Gen5","tier":"GeneralPurpose","family":"Gen5","capacity":4},"properties":{"provisioningState":"Creating","administratorLogin":"admin123","subnetId":"/subscriptions/00000000-0000-0000-0000-000000000000/resourceGroups/CustomerExperienceTeam_RG/providers/Microsoft.Network/virtualNetworks/vnet-mi-tooling/subnets/ManagedInstance","state":"Creating","licenseType":"LicenseIncluded","vCores":4,"storageSizeInGB":32,"collation":"Serbian_Cyrillic_100_CS_AS","publicDataEndpointEnabled":true,"proxyOverride":"Proxy","timezoneId":"UTC","maintenanceConfigurationId":"/subscriptions/00000000-0000-0000-0000-000000000000/providers/Microsoft.Maintenance/publicMaintenanceConfigurations/SQL_Default","privateEndpointConnections":[],"currentBackupStorageRedundancy":"Geo","requestedBackupStorageRedundancy":"Geo","zoneRedundant":false},"location":"westcentralus","tags":{},"id":"/subscriptions/00000000-0000-0000-0000-000000000000/resourceGroups/CustomerExperienceTeam_RG/providers/Microsoft.Sql/managedInstances/clitestmi000001","name":"clitestmi000001","type":"Microsoft.Sql/managedInstances"}'
    headers:
      cache-control:
      - no-cache
      content-length:
      - '1099'
      content-type:
      - application/json; charset=utf-8
      date:
      - Mon, 27 Feb 2023 21:50:50 GMT
      expires:
      - '-1'
      pragma:
      - no-cache
      server:
      - Microsoft-HTTPAPI/2.0
      strict-transport-security:
      - max-age=31536000; includeSubDomains
      transfer-encoding:
      - chunked
      vary:
      - Accept-Encoding
      x-content-type-options:
      - nosniff
    status:
      code: 200
      message: OK
- request:
    body: null
    headers:
      Accept:
      - '*/*'
      Accept-Encoding:
      - gzip, deflate
      CommandName:
      - sql mi create
      Connection:
      - keep-alive
      ParameterSetName:
      - -g -n -l -u -p --subnet --license-type --collation --capacity --storage --edition
        --family --tags --proxy-override --bsr --public-data-endpoint-enabled
      User-Agent:
      - AZURECLI/2.45.0 azsdk-python-mgmt-sql/4.0.0b5 Python/3.9.5 (Windows-10-10.0.22621-SP0)
    method: GET
    uri: https://management.azure.com/subscriptions/00000000-0000-0000-0000-000000000000/resourceGroups/CustomerExperienceTeam_RG/providers/Microsoft.Sql/managedInstances/clitestmi000001?api-version=2022-08-01-preview
  response:
    body:
      string: '{"sku":{"name":"GP_Gen5","tier":"GeneralPurpose","family":"Gen5","capacity":4},"properties":{"provisioningState":"Creating","administratorLogin":"admin123","subnetId":"/subscriptions/00000000-0000-0000-0000-000000000000/resourceGroups/CustomerExperienceTeam_RG/providers/Microsoft.Network/virtualNetworks/vnet-mi-tooling/subnets/ManagedInstance","state":"Creating","licenseType":"LicenseIncluded","vCores":4,"storageSizeInGB":32,"collation":"Serbian_Cyrillic_100_CS_AS","publicDataEndpointEnabled":true,"proxyOverride":"Proxy","timezoneId":"UTC","maintenanceConfigurationId":"/subscriptions/00000000-0000-0000-0000-000000000000/providers/Microsoft.Maintenance/publicMaintenanceConfigurations/SQL_Default","privateEndpointConnections":[],"currentBackupStorageRedundancy":"Geo","requestedBackupStorageRedundancy":"Geo","zoneRedundant":false},"location":"westcentralus","tags":{},"id":"/subscriptions/00000000-0000-0000-0000-000000000000/resourceGroups/CustomerExperienceTeam_RG/providers/Microsoft.Sql/managedInstances/clitestmi000001","name":"clitestmi000001","type":"Microsoft.Sql/managedInstances"}'
    headers:
      cache-control:
      - no-cache
      content-length:
      - '1099'
      content-type:
      - application/json; charset=utf-8
      date:
      - Mon, 27 Feb 2023 21:51:20 GMT
      expires:
      - '-1'
      pragma:
      - no-cache
      server:
      - Microsoft-HTTPAPI/2.0
      strict-transport-security:
      - max-age=31536000; includeSubDomains
      transfer-encoding:
      - chunked
      vary:
      - Accept-Encoding
      x-content-type-options:
      - nosniff
    status:
      code: 200
      message: OK
- request:
    body: null
    headers:
      Accept:
      - '*/*'
      Accept-Encoding:
      - gzip, deflate
      CommandName:
      - sql mi create
      Connection:
      - keep-alive
      ParameterSetName:
      - -g -n -l -u -p --subnet --license-type --collation --capacity --storage --edition
        --family --tags --proxy-override --bsr --public-data-endpoint-enabled
      User-Agent:
      - AZURECLI/2.45.0 azsdk-python-mgmt-sql/4.0.0b5 Python/3.9.5 (Windows-10-10.0.22621-SP0)
    method: GET
    uri: https://management.azure.com/subscriptions/00000000-0000-0000-0000-000000000000/resourceGroups/CustomerExperienceTeam_RG/providers/Microsoft.Sql/managedInstances/clitestmi000001?api-version=2022-08-01-preview
  response:
    body:
      string: '{"sku":{"name":"GP_Gen5","tier":"GeneralPurpose","family":"Gen5","capacity":4},"properties":{"provisioningState":"Creating","administratorLogin":"admin123","subnetId":"/subscriptions/00000000-0000-0000-0000-000000000000/resourceGroups/CustomerExperienceTeam_RG/providers/Microsoft.Network/virtualNetworks/vnet-mi-tooling/subnets/ManagedInstance","state":"Creating","licenseType":"LicenseIncluded","vCores":4,"storageSizeInGB":32,"collation":"Serbian_Cyrillic_100_CS_AS","publicDataEndpointEnabled":true,"proxyOverride":"Proxy","timezoneId":"UTC","maintenanceConfigurationId":"/subscriptions/00000000-0000-0000-0000-000000000000/providers/Microsoft.Maintenance/publicMaintenanceConfigurations/SQL_Default","privateEndpointConnections":[],"currentBackupStorageRedundancy":"Geo","requestedBackupStorageRedundancy":"Geo","zoneRedundant":false},"location":"westcentralus","tags":{},"id":"/subscriptions/00000000-0000-0000-0000-000000000000/resourceGroups/CustomerExperienceTeam_RG/providers/Microsoft.Sql/managedInstances/clitestmi000001","name":"clitestmi000001","type":"Microsoft.Sql/managedInstances"}'
    headers:
      cache-control:
      - no-cache
      content-length:
      - '1099'
      content-type:
      - application/json; charset=utf-8
      date:
      - Mon, 27 Feb 2023 21:51:51 GMT
      expires:
      - '-1'
      pragma:
      - no-cache
      server:
      - Microsoft-HTTPAPI/2.0
      strict-transport-security:
      - max-age=31536000; includeSubDomains
      transfer-encoding:
      - chunked
      vary:
      - Accept-Encoding
      x-content-type-options:
      - nosniff
    status:
      code: 200
      message: OK
- request:
    body: null
    headers:
      Accept:
      - '*/*'
      Accept-Encoding:
      - gzip, deflate
      CommandName:
      - sql mi create
      Connection:
      - keep-alive
      ParameterSetName:
      - -g -n -l -u -p --subnet --license-type --collation --capacity --storage --edition
        --family --tags --proxy-override --bsr --public-data-endpoint-enabled
      User-Agent:
      - AZURECLI/2.45.0 azsdk-python-mgmt-sql/4.0.0b5 Python/3.9.5 (Windows-10-10.0.22621-SP0)
    method: GET
    uri: https://management.azure.com/subscriptions/00000000-0000-0000-0000-000000000000/resourceGroups/CustomerExperienceTeam_RG/providers/Microsoft.Sql/managedInstances/clitestmi000001?api-version=2022-08-01-preview
  response:
    body:
      string: '{"sku":{"name":"GP_Gen5","tier":"GeneralPurpose","family":"Gen5","capacity":4},"properties":{"provisioningState":"Creating","administratorLogin":"admin123","subnetId":"/subscriptions/00000000-0000-0000-0000-000000000000/resourceGroups/CustomerExperienceTeam_RG/providers/Microsoft.Network/virtualNetworks/vnet-mi-tooling/subnets/ManagedInstance","state":"Creating","licenseType":"LicenseIncluded","vCores":4,"storageSizeInGB":32,"collation":"Serbian_Cyrillic_100_CS_AS","publicDataEndpointEnabled":true,"proxyOverride":"Proxy","timezoneId":"UTC","maintenanceConfigurationId":"/subscriptions/00000000-0000-0000-0000-000000000000/providers/Microsoft.Maintenance/publicMaintenanceConfigurations/SQL_Default","privateEndpointConnections":[],"currentBackupStorageRedundancy":"Geo","requestedBackupStorageRedundancy":"Geo","zoneRedundant":false},"location":"westcentralus","tags":{},"id":"/subscriptions/00000000-0000-0000-0000-000000000000/resourceGroups/CustomerExperienceTeam_RG/providers/Microsoft.Sql/managedInstances/clitestmi000001","name":"clitestmi000001","type":"Microsoft.Sql/managedInstances"}'
    headers:
      cache-control:
      - no-cache
      content-length:
      - '1099'
      content-type:
      - application/json; charset=utf-8
      date:
      - Mon, 27 Feb 2023 21:52:21 GMT
      expires:
      - '-1'
      pragma:
      - no-cache
      server:
      - Microsoft-HTTPAPI/2.0
      strict-transport-security:
      - max-age=31536000; includeSubDomains
      transfer-encoding:
      - chunked
      vary:
      - Accept-Encoding
      x-content-type-options:
      - nosniff
    status:
      code: 200
      message: OK
- request:
    body: null
    headers:
      Accept:
      - '*/*'
      Accept-Encoding:
      - gzip, deflate
      CommandName:
      - sql mi create
      Connection:
      - keep-alive
      ParameterSetName:
      - -g -n -l -u -p --subnet --license-type --collation --capacity --storage --edition
        --family --tags --proxy-override --bsr --public-data-endpoint-enabled
      User-Agent:
      - AZURECLI/2.45.0 azsdk-python-mgmt-sql/4.0.0b5 Python/3.9.5 (Windows-10-10.0.22621-SP0)
    method: GET
    uri: https://management.azure.com/subscriptions/00000000-0000-0000-0000-000000000000/resourceGroups/CustomerExperienceTeam_RG/providers/Microsoft.Sql/managedInstances/clitestmi000001?api-version=2022-08-01-preview
  response:
    body:
      string: '{"sku":{"name":"GP_Gen5","tier":"GeneralPurpose","family":"Gen5","capacity":4},"properties":{"provisioningState":"Creating","administratorLogin":"admin123","subnetId":"/subscriptions/00000000-0000-0000-0000-000000000000/resourceGroups/CustomerExperienceTeam_RG/providers/Microsoft.Network/virtualNetworks/vnet-mi-tooling/subnets/ManagedInstance","state":"Creating","licenseType":"LicenseIncluded","vCores":4,"storageSizeInGB":32,"collation":"Serbian_Cyrillic_100_CS_AS","publicDataEndpointEnabled":true,"proxyOverride":"Proxy","timezoneId":"UTC","maintenanceConfigurationId":"/subscriptions/00000000-0000-0000-0000-000000000000/providers/Microsoft.Maintenance/publicMaintenanceConfigurations/SQL_Default","privateEndpointConnections":[],"currentBackupStorageRedundancy":"Geo","requestedBackupStorageRedundancy":"Geo","zoneRedundant":false},"location":"westcentralus","tags":{},"id":"/subscriptions/00000000-0000-0000-0000-000000000000/resourceGroups/CustomerExperienceTeam_RG/providers/Microsoft.Sql/managedInstances/clitestmi000001","name":"clitestmi000001","type":"Microsoft.Sql/managedInstances"}'
    headers:
      cache-control:
      - no-cache
      content-length:
      - '1099'
      content-type:
      - application/json; charset=utf-8
      date:
      - Mon, 27 Feb 2023 21:52:51 GMT
      expires:
      - '-1'
      pragma:
      - no-cache
      server:
      - Microsoft-HTTPAPI/2.0
      strict-transport-security:
      - max-age=31536000; includeSubDomains
      transfer-encoding:
      - chunked
      vary:
      - Accept-Encoding
      x-content-type-options:
      - nosniff
    status:
      code: 200
      message: OK
- request:
    body: null
    headers:
      Accept:
      - '*/*'
      Accept-Encoding:
      - gzip, deflate
      CommandName:
      - sql mi create
      Connection:
      - keep-alive
      ParameterSetName:
      - -g -n -l -u -p --subnet --license-type --collation --capacity --storage --edition
        --family --tags --proxy-override --bsr --public-data-endpoint-enabled
      User-Agent:
      - AZURECLI/2.45.0 azsdk-python-mgmt-sql/4.0.0b5 Python/3.9.5 (Windows-10-10.0.22621-SP0)
    method: GET
    uri: https://management.azure.com/subscriptions/00000000-0000-0000-0000-000000000000/resourceGroups/CustomerExperienceTeam_RG/providers/Microsoft.Sql/managedInstances/clitestmi000001?api-version=2022-08-01-preview
  response:
    body:
      string: '{"sku":{"name":"GP_Gen5","tier":"GeneralPurpose","family":"Gen5","capacity":4},"properties":{"provisioningState":"Creating","administratorLogin":"admin123","subnetId":"/subscriptions/00000000-0000-0000-0000-000000000000/resourceGroups/CustomerExperienceTeam_RG/providers/Microsoft.Network/virtualNetworks/vnet-mi-tooling/subnets/ManagedInstance","state":"Creating","licenseType":"LicenseIncluded","vCores":4,"storageSizeInGB":32,"collation":"Serbian_Cyrillic_100_CS_AS","publicDataEndpointEnabled":true,"proxyOverride":"Proxy","timezoneId":"UTC","maintenanceConfigurationId":"/subscriptions/00000000-0000-0000-0000-000000000000/providers/Microsoft.Maintenance/publicMaintenanceConfigurations/SQL_Default","privateEndpointConnections":[],"currentBackupStorageRedundancy":"Geo","requestedBackupStorageRedundancy":"Geo","zoneRedundant":false},"location":"westcentralus","tags":{},"id":"/subscriptions/00000000-0000-0000-0000-000000000000/resourceGroups/CustomerExperienceTeam_RG/providers/Microsoft.Sql/managedInstances/clitestmi000001","name":"clitestmi000001","type":"Microsoft.Sql/managedInstances"}'
    headers:
      cache-control:
      - no-cache
      content-length:
      - '1099'
      content-type:
      - application/json; charset=utf-8
      date:
      - Mon, 27 Feb 2023 21:53:21 GMT
      expires:
      - '-1'
      pragma:
      - no-cache
      server:
      - Microsoft-HTTPAPI/2.0
      strict-transport-security:
      - max-age=31536000; includeSubDomains
      transfer-encoding:
      - chunked
      vary:
      - Accept-Encoding
      x-content-type-options:
      - nosniff
    status:
      code: 200
      message: OK
- request:
    body: null
    headers:
      Accept:
      - '*/*'
      Accept-Encoding:
      - gzip, deflate
      CommandName:
      - sql mi create
      Connection:
      - keep-alive
      ParameterSetName:
      - -g -n -l -u -p --subnet --license-type --collation --capacity --storage --edition
        --family --tags --proxy-override --bsr --public-data-endpoint-enabled
      User-Agent:
      - AZURECLI/2.45.0 azsdk-python-mgmt-sql/4.0.0b5 Python/3.9.5 (Windows-10-10.0.22621-SP0)
    method: GET
    uri: https://management.azure.com/subscriptions/00000000-0000-0000-0000-000000000000/resourceGroups/CustomerExperienceTeam_RG/providers/Microsoft.Sql/managedInstances/clitestmi000001?api-version=2022-08-01-preview
  response:
    body:
      string: '{"sku":{"name":"GP_Gen5","tier":"GeneralPurpose","family":"Gen5","capacity":4},"properties":{"provisioningState":"Creating","administratorLogin":"admin123","subnetId":"/subscriptions/00000000-0000-0000-0000-000000000000/resourceGroups/CustomerExperienceTeam_RG/providers/Microsoft.Network/virtualNetworks/vnet-mi-tooling/subnets/ManagedInstance","state":"Creating","licenseType":"LicenseIncluded","vCores":4,"storageSizeInGB":32,"collation":"Serbian_Cyrillic_100_CS_AS","publicDataEndpointEnabled":true,"proxyOverride":"Proxy","timezoneId":"UTC","maintenanceConfigurationId":"/subscriptions/00000000-0000-0000-0000-000000000000/providers/Microsoft.Maintenance/publicMaintenanceConfigurations/SQL_Default","privateEndpointConnections":[],"currentBackupStorageRedundancy":"Geo","requestedBackupStorageRedundancy":"Geo","zoneRedundant":false},"location":"westcentralus","tags":{},"id":"/subscriptions/00000000-0000-0000-0000-000000000000/resourceGroups/CustomerExperienceTeam_RG/providers/Microsoft.Sql/managedInstances/clitestmi000001","name":"clitestmi000001","type":"Microsoft.Sql/managedInstances"}'
    headers:
      cache-control:
      - no-cache
      content-length:
      - '1099'
      content-type:
      - application/json; charset=utf-8
      date:
      - Mon, 27 Feb 2023 21:53:52 GMT
      expires:
      - '-1'
      pragma:
      - no-cache
      server:
      - Microsoft-HTTPAPI/2.0
      strict-transport-security:
      - max-age=31536000; includeSubDomains
      transfer-encoding:
      - chunked
      vary:
      - Accept-Encoding
      x-content-type-options:
      - nosniff
    status:
      code: 200
      message: OK
- request:
    body: null
    headers:
      Accept:
      - '*/*'
      Accept-Encoding:
      - gzip, deflate
      CommandName:
      - sql mi create
      Connection:
      - keep-alive
      ParameterSetName:
      - -g -n -l -u -p --subnet --license-type --collation --capacity --storage --edition
        --family --tags --proxy-override --bsr --public-data-endpoint-enabled
      User-Agent:
      - AZURECLI/2.45.0 azsdk-python-mgmt-sql/4.0.0b5 Python/3.9.5 (Windows-10-10.0.22621-SP0)
    method: GET
    uri: https://management.azure.com/subscriptions/00000000-0000-0000-0000-000000000000/resourceGroups/CustomerExperienceTeam_RG/providers/Microsoft.Sql/managedInstances/clitestmi000001?api-version=2022-08-01-preview
  response:
    body:
      string: '{"sku":{"name":"GP_Gen5","tier":"GeneralPurpose","family":"Gen5","capacity":4},"properties":{"provisioningState":"Creating","administratorLogin":"admin123","subnetId":"/subscriptions/00000000-0000-0000-0000-000000000000/resourceGroups/CustomerExperienceTeam_RG/providers/Microsoft.Network/virtualNetworks/vnet-mi-tooling/subnets/ManagedInstance","state":"Creating","licenseType":"LicenseIncluded","vCores":4,"storageSizeInGB":32,"collation":"Serbian_Cyrillic_100_CS_AS","publicDataEndpointEnabled":true,"proxyOverride":"Proxy","timezoneId":"UTC","maintenanceConfigurationId":"/subscriptions/00000000-0000-0000-0000-000000000000/providers/Microsoft.Maintenance/publicMaintenanceConfigurations/SQL_Default","privateEndpointConnections":[],"currentBackupStorageRedundancy":"Geo","requestedBackupStorageRedundancy":"Geo","zoneRedundant":false},"location":"westcentralus","tags":{},"id":"/subscriptions/00000000-0000-0000-0000-000000000000/resourceGroups/CustomerExperienceTeam_RG/providers/Microsoft.Sql/managedInstances/clitestmi000001","name":"clitestmi000001","type":"Microsoft.Sql/managedInstances"}'
    headers:
      cache-control:
      - no-cache
      content-length:
      - '1099'
      content-type:
      - application/json; charset=utf-8
      date:
      - Mon, 27 Feb 2023 21:54:22 GMT
      expires:
      - '-1'
      pragma:
      - no-cache
      server:
      - Microsoft-HTTPAPI/2.0
      strict-transport-security:
      - max-age=31536000; includeSubDomains
      transfer-encoding:
      - chunked
      vary:
      - Accept-Encoding
      x-content-type-options:
      - nosniff
    status:
      code: 200
      message: OK
- request:
    body: null
    headers:
      Accept:
      - '*/*'
      Accept-Encoding:
      - gzip, deflate
      CommandName:
      - sql mi create
      Connection:
      - keep-alive
      ParameterSetName:
      - -g -n -l -u -p --subnet --license-type --collation --capacity --storage --edition
        --family --tags --proxy-override --bsr --public-data-endpoint-enabled
      User-Agent:
      - AZURECLI/2.45.0 azsdk-python-mgmt-sql/4.0.0b5 Python/3.9.5 (Windows-10-10.0.22621-SP0)
    method: GET
    uri: https://management.azure.com/subscriptions/00000000-0000-0000-0000-000000000000/resourceGroups/CustomerExperienceTeam_RG/providers/Microsoft.Sql/managedInstances/clitestmi000001?api-version=2022-08-01-preview
  response:
    body:
      string: '{"sku":{"name":"GP_Gen5","tier":"GeneralPurpose","family":"Gen5","capacity":4},"properties":{"provisioningState":"Creating","administratorLogin":"admin123","subnetId":"/subscriptions/00000000-0000-0000-0000-000000000000/resourceGroups/CustomerExperienceTeam_RG/providers/Microsoft.Network/virtualNetworks/vnet-mi-tooling/subnets/ManagedInstance","state":"Creating","licenseType":"LicenseIncluded","vCores":4,"storageSizeInGB":32,"collation":"Serbian_Cyrillic_100_CS_AS","publicDataEndpointEnabled":true,"proxyOverride":"Proxy","timezoneId":"UTC","maintenanceConfigurationId":"/subscriptions/00000000-0000-0000-0000-000000000000/providers/Microsoft.Maintenance/publicMaintenanceConfigurations/SQL_Default","privateEndpointConnections":[],"currentBackupStorageRedundancy":"Geo","requestedBackupStorageRedundancy":"Geo","zoneRedundant":false},"location":"westcentralus","tags":{},"id":"/subscriptions/00000000-0000-0000-0000-000000000000/resourceGroups/CustomerExperienceTeam_RG/providers/Microsoft.Sql/managedInstances/clitestmi000001","name":"clitestmi000001","type":"Microsoft.Sql/managedInstances"}'
    headers:
      cache-control:
      - no-cache
      content-length:
      - '1099'
      content-type:
      - application/json; charset=utf-8
      date:
      - Mon, 27 Feb 2023 21:54:51 GMT
      expires:
      - '-1'
      pragma:
      - no-cache
      server:
      - Microsoft-HTTPAPI/2.0
      strict-transport-security:
      - max-age=31536000; includeSubDomains
      transfer-encoding:
      - chunked
      vary:
      - Accept-Encoding
      x-content-type-options:
      - nosniff
    status:
      code: 200
      message: OK
- request:
    body: null
    headers:
      Accept:
      - '*/*'
      Accept-Encoding:
      - gzip, deflate
      CommandName:
      - sql mi create
      Connection:
      - keep-alive
      ParameterSetName:
      - -g -n -l -u -p --subnet --license-type --collation --capacity --storage --edition
        --family --tags --proxy-override --bsr --public-data-endpoint-enabled
      User-Agent:
      - AZURECLI/2.45.0 azsdk-python-mgmt-sql/4.0.0b5 Python/3.9.5 (Windows-10-10.0.22621-SP0)
    method: GET
    uri: https://management.azure.com/subscriptions/00000000-0000-0000-0000-000000000000/resourceGroups/CustomerExperienceTeam_RG/providers/Microsoft.Sql/managedInstances/clitestmi000001?api-version=2022-08-01-preview
  response:
    body:
      string: '{"sku":{"name":"GP_Gen5","tier":"GeneralPurpose","family":"Gen5","capacity":4},"properties":{"provisioningState":"Creating","administratorLogin":"admin123","subnetId":"/subscriptions/00000000-0000-0000-0000-000000000000/resourceGroups/CustomerExperienceTeam_RG/providers/Microsoft.Network/virtualNetworks/vnet-mi-tooling/subnets/ManagedInstance","state":"Creating","licenseType":"LicenseIncluded","vCores":4,"storageSizeInGB":32,"collation":"Serbian_Cyrillic_100_CS_AS","publicDataEndpointEnabled":true,"proxyOverride":"Proxy","timezoneId":"UTC","maintenanceConfigurationId":"/subscriptions/00000000-0000-0000-0000-000000000000/providers/Microsoft.Maintenance/publicMaintenanceConfigurations/SQL_Default","privateEndpointConnections":[],"currentBackupStorageRedundancy":"Geo","requestedBackupStorageRedundancy":"Geo","zoneRedundant":false},"location":"westcentralus","tags":{},"id":"/subscriptions/00000000-0000-0000-0000-000000000000/resourceGroups/CustomerExperienceTeam_RG/providers/Microsoft.Sql/managedInstances/clitestmi000001","name":"clitestmi000001","type":"Microsoft.Sql/managedInstances"}'
    headers:
      cache-control:
      - no-cache
      content-length:
      - '1099'
      content-type:
      - application/json; charset=utf-8
      date:
      - Mon, 27 Feb 2023 21:55:22 GMT
      expires:
      - '-1'
      pragma:
      - no-cache
      server:
      - Microsoft-HTTPAPI/2.0
      strict-transport-security:
      - max-age=31536000; includeSubDomains
      transfer-encoding:
      - chunked
      vary:
      - Accept-Encoding
      x-content-type-options:
      - nosniff
    status:
      code: 200
      message: OK
- request:
    body: null
    headers:
      Accept:
      - '*/*'
      Accept-Encoding:
      - gzip, deflate
      CommandName:
      - sql mi create
      Connection:
      - keep-alive
      ParameterSetName:
      - -g -n -l -u -p --subnet --license-type --collation --capacity --storage --edition
        --family --tags --proxy-override --bsr --public-data-endpoint-enabled
      User-Agent:
      - AZURECLI/2.45.0 azsdk-python-mgmt-sql/4.0.0b5 Python/3.9.5 (Windows-10-10.0.22621-SP0)
    method: GET
    uri: https://management.azure.com/subscriptions/00000000-0000-0000-0000-000000000000/resourceGroups/CustomerExperienceTeam_RG/providers/Microsoft.Sql/managedInstances/clitestmi000001?api-version=2022-08-01-preview
  response:
    body:
      string: '{"sku":{"name":"GP_Gen5","tier":"GeneralPurpose","family":"Gen5","capacity":4},"properties":{"provisioningState":"Creating","administratorLogin":"admin123","subnetId":"/subscriptions/00000000-0000-0000-0000-000000000000/resourceGroups/CustomerExperienceTeam_RG/providers/Microsoft.Network/virtualNetworks/vnet-mi-tooling/subnets/ManagedInstance","state":"Creating","licenseType":"LicenseIncluded","vCores":4,"storageSizeInGB":32,"collation":"Serbian_Cyrillic_100_CS_AS","publicDataEndpointEnabled":true,"proxyOverride":"Proxy","timezoneId":"UTC","maintenanceConfigurationId":"/subscriptions/00000000-0000-0000-0000-000000000000/providers/Microsoft.Maintenance/publicMaintenanceConfigurations/SQL_Default","privateEndpointConnections":[],"currentBackupStorageRedundancy":"Geo","requestedBackupStorageRedundancy":"Geo","zoneRedundant":false},"location":"westcentralus","tags":{},"id":"/subscriptions/00000000-0000-0000-0000-000000000000/resourceGroups/CustomerExperienceTeam_RG/providers/Microsoft.Sql/managedInstances/clitestmi000001","name":"clitestmi000001","type":"Microsoft.Sql/managedInstances"}'
    headers:
      cache-control:
      - no-cache
      content-length:
      - '1099'
      content-type:
      - application/json; charset=utf-8
      date:
      - Mon, 27 Feb 2023 21:55:52 GMT
      expires:
      - '-1'
      pragma:
      - no-cache
      server:
      - Microsoft-HTTPAPI/2.0
      strict-transport-security:
      - max-age=31536000; includeSubDomains
      transfer-encoding:
      - chunked
      vary:
      - Accept-Encoding
      x-content-type-options:
      - nosniff
    status:
      code: 200
      message: OK
- request:
    body: null
    headers:
      Accept:
      - '*/*'
      Accept-Encoding:
      - gzip, deflate
      CommandName:
      - sql mi create
      Connection:
      - keep-alive
      ParameterSetName:
      - -g -n -l -u -p --subnet --license-type --collation --capacity --storage --edition
        --family --tags --proxy-override --bsr --public-data-endpoint-enabled
      User-Agent:
      - AZURECLI/2.45.0 azsdk-python-mgmt-sql/4.0.0b5 Python/3.9.5 (Windows-10-10.0.22621-SP0)
    method: GET
    uri: https://management.azure.com/subscriptions/00000000-0000-0000-0000-000000000000/resourceGroups/CustomerExperienceTeam_RG/providers/Microsoft.Sql/managedInstances/clitestmi000001?api-version=2022-08-01-preview
  response:
    body:
      string: '{"sku":{"name":"GP_Gen5","tier":"GeneralPurpose","family":"Gen5","capacity":4},"properties":{"provisioningState":"Creating","administratorLogin":"admin123","subnetId":"/subscriptions/00000000-0000-0000-0000-000000000000/resourceGroups/CustomerExperienceTeam_RG/providers/Microsoft.Network/virtualNetworks/vnet-mi-tooling/subnets/ManagedInstance","state":"Creating","licenseType":"LicenseIncluded","vCores":4,"storageSizeInGB":32,"collation":"Serbian_Cyrillic_100_CS_AS","publicDataEndpointEnabled":true,"proxyOverride":"Proxy","timezoneId":"UTC","maintenanceConfigurationId":"/subscriptions/00000000-0000-0000-0000-000000000000/providers/Microsoft.Maintenance/publicMaintenanceConfigurations/SQL_Default","privateEndpointConnections":[],"currentBackupStorageRedundancy":"Geo","requestedBackupStorageRedundancy":"Geo","zoneRedundant":false},"location":"westcentralus","tags":{},"id":"/subscriptions/00000000-0000-0000-0000-000000000000/resourceGroups/CustomerExperienceTeam_RG/providers/Microsoft.Sql/managedInstances/clitestmi000001","name":"clitestmi000001","type":"Microsoft.Sql/managedInstances"}'
    headers:
      cache-control:
      - no-cache
      content-length:
      - '1099'
      content-type:
      - application/json; charset=utf-8
      date:
      - Mon, 27 Feb 2023 21:56:22 GMT
      expires:
      - '-1'
      pragma:
      - no-cache
      server:
      - Microsoft-HTTPAPI/2.0
      strict-transport-security:
      - max-age=31536000; includeSubDomains
      transfer-encoding:
      - chunked
      vary:
      - Accept-Encoding
      x-content-type-options:
      - nosniff
    status:
      code: 200
      message: OK
- request:
    body: null
    headers:
      Accept:
      - '*/*'
      Accept-Encoding:
      - gzip, deflate
      CommandName:
      - sql mi create
      Connection:
      - keep-alive
      ParameterSetName:
      - -g -n -l -u -p --subnet --license-type --collation --capacity --storage --edition
        --family --tags --proxy-override --bsr --public-data-endpoint-enabled
      User-Agent:
      - AZURECLI/2.45.0 azsdk-python-mgmt-sql/4.0.0b5 Python/3.9.5 (Windows-10-10.0.22621-SP0)
    method: GET
    uri: https://management.azure.com/subscriptions/00000000-0000-0000-0000-000000000000/resourceGroups/CustomerExperienceTeam_RG/providers/Microsoft.Sql/managedInstances/clitestmi000001?api-version=2022-08-01-preview
  response:
    body:
      string: '{"sku":{"name":"GP_Gen5","tier":"GeneralPurpose","family":"Gen5","capacity":4},"properties":{"provisioningState":"Creating","administratorLogin":"admin123","subnetId":"/subscriptions/00000000-0000-0000-0000-000000000000/resourceGroups/CustomerExperienceTeam_RG/providers/Microsoft.Network/virtualNetworks/vnet-mi-tooling/subnets/ManagedInstance","state":"Creating","licenseType":"LicenseIncluded","vCores":4,"storageSizeInGB":32,"collation":"Serbian_Cyrillic_100_CS_AS","publicDataEndpointEnabled":true,"proxyOverride":"Proxy","timezoneId":"UTC","maintenanceConfigurationId":"/subscriptions/00000000-0000-0000-0000-000000000000/providers/Microsoft.Maintenance/publicMaintenanceConfigurations/SQL_Default","privateEndpointConnections":[],"currentBackupStorageRedundancy":"Geo","requestedBackupStorageRedundancy":"Geo","zoneRedundant":false},"location":"westcentralus","tags":{},"id":"/subscriptions/00000000-0000-0000-0000-000000000000/resourceGroups/CustomerExperienceTeam_RG/providers/Microsoft.Sql/managedInstances/clitestmi000001","name":"clitestmi000001","type":"Microsoft.Sql/managedInstances"}'
    headers:
      cache-control:
      - no-cache
      content-length:
      - '1099'
      content-type:
      - application/json; charset=utf-8
      date:
      - Mon, 27 Feb 2023 21:56:52 GMT
      expires:
      - '-1'
      pragma:
      - no-cache
      server:
      - Microsoft-HTTPAPI/2.0
      strict-transport-security:
      - max-age=31536000; includeSubDomains
      transfer-encoding:
      - chunked
      vary:
      - Accept-Encoding
      x-content-type-options:
      - nosniff
    status:
      code: 200
      message: OK
- request:
    body: null
    headers:
      Accept:
      - '*/*'
      Accept-Encoding:
      - gzip, deflate
      CommandName:
      - sql mi create
      Connection:
      - keep-alive
      ParameterSetName:
      - -g -n -l -u -p --subnet --license-type --collation --capacity --storage --edition
        --family --tags --proxy-override --bsr --public-data-endpoint-enabled
      User-Agent:
      - AZURECLI/2.45.0 azsdk-python-mgmt-sql/4.0.0b5 Python/3.9.5 (Windows-10-10.0.22621-SP0)
    method: GET
    uri: https://management.azure.com/subscriptions/00000000-0000-0000-0000-000000000000/resourceGroups/CustomerExperienceTeam_RG/providers/Microsoft.Sql/managedInstances/clitestmi000001?api-version=2022-08-01-preview
  response:
    body:
      string: '{"sku":{"name":"GP_Gen5","tier":"GeneralPurpose","family":"Gen5","capacity":4},"properties":{"provisioningState":"Creating","administratorLogin":"admin123","subnetId":"/subscriptions/00000000-0000-0000-0000-000000000000/resourceGroups/CustomerExperienceTeam_RG/providers/Microsoft.Network/virtualNetworks/vnet-mi-tooling/subnets/ManagedInstance","state":"Creating","licenseType":"LicenseIncluded","vCores":4,"storageSizeInGB":32,"collation":"Serbian_Cyrillic_100_CS_AS","publicDataEndpointEnabled":true,"proxyOverride":"Proxy","timezoneId":"UTC","maintenanceConfigurationId":"/subscriptions/00000000-0000-0000-0000-000000000000/providers/Microsoft.Maintenance/publicMaintenanceConfigurations/SQL_Default","privateEndpointConnections":[],"currentBackupStorageRedundancy":"Geo","requestedBackupStorageRedundancy":"Geo","zoneRedundant":false},"location":"westcentralus","tags":{},"id":"/subscriptions/00000000-0000-0000-0000-000000000000/resourceGroups/CustomerExperienceTeam_RG/providers/Microsoft.Sql/managedInstances/clitestmi000001","name":"clitestmi000001","type":"Microsoft.Sql/managedInstances"}'
    headers:
      cache-control:
      - no-cache
      content-length:
      - '1099'
      content-type:
      - application/json; charset=utf-8
      date:
      - Mon, 27 Feb 2023 21:57:23 GMT
      expires:
      - '-1'
      pragma:
      - no-cache
      server:
      - Microsoft-HTTPAPI/2.0
      strict-transport-security:
      - max-age=31536000; includeSubDomains
      transfer-encoding:
      - chunked
      vary:
      - Accept-Encoding
      x-content-type-options:
      - nosniff
    status:
      code: 200
      message: OK
- request:
    body: null
    headers:
      Accept:
      - '*/*'
      Accept-Encoding:
      - gzip, deflate
      CommandName:
      - sql mi create
      Connection:
      - keep-alive
      ParameterSetName:
      - -g -n -l -u -p --subnet --license-type --collation --capacity --storage --edition
        --family --tags --proxy-override --bsr --public-data-endpoint-enabled
      User-Agent:
      - AZURECLI/2.45.0 azsdk-python-mgmt-sql/4.0.0b5 Python/3.9.5 (Windows-10-10.0.22621-SP0)
    method: GET
    uri: https://management.azure.com/subscriptions/00000000-0000-0000-0000-000000000000/resourceGroups/CustomerExperienceTeam_RG/providers/Microsoft.Sql/managedInstances/clitestmi000001?api-version=2022-08-01-preview
  response:
    body:
      string: '{"sku":{"name":"GP_Gen5","tier":"GeneralPurpose","family":"Gen5","capacity":4},"properties":{"provisioningState":"Creating","administratorLogin":"admin123","subnetId":"/subscriptions/00000000-0000-0000-0000-000000000000/resourceGroups/CustomerExperienceTeam_RG/providers/Microsoft.Network/virtualNetworks/vnet-mi-tooling/subnets/ManagedInstance","state":"Creating","licenseType":"LicenseIncluded","vCores":4,"storageSizeInGB":32,"collation":"Serbian_Cyrillic_100_CS_AS","publicDataEndpointEnabled":true,"proxyOverride":"Proxy","timezoneId":"UTC","maintenanceConfigurationId":"/subscriptions/00000000-0000-0000-0000-000000000000/providers/Microsoft.Maintenance/publicMaintenanceConfigurations/SQL_Default","privateEndpointConnections":[],"currentBackupStorageRedundancy":"Geo","requestedBackupStorageRedundancy":"Geo","zoneRedundant":false},"location":"westcentralus","tags":{},"id":"/subscriptions/00000000-0000-0000-0000-000000000000/resourceGroups/CustomerExperienceTeam_RG/providers/Microsoft.Sql/managedInstances/clitestmi000001","name":"clitestmi000001","type":"Microsoft.Sql/managedInstances"}'
    headers:
      cache-control:
      - no-cache
      content-length:
      - '1099'
      content-type:
      - application/json; charset=utf-8
      date:
      - Mon, 27 Feb 2023 21:57:52 GMT
      expires:
      - '-1'
      pragma:
      - no-cache
      server:
      - Microsoft-HTTPAPI/2.0
      strict-transport-security:
      - max-age=31536000; includeSubDomains
      transfer-encoding:
      - chunked
      vary:
      - Accept-Encoding
      x-content-type-options:
      - nosniff
    status:
      code: 200
      message: OK
- request:
    body: null
    headers:
      Accept:
      - '*/*'
      Accept-Encoding:
      - gzip, deflate
      CommandName:
      - sql mi create
      Connection:
      - keep-alive
      ParameterSetName:
      - -g -n -l -u -p --subnet --license-type --collation --capacity --storage --edition
        --family --tags --proxy-override --bsr --public-data-endpoint-enabled
      User-Agent:
      - AZURECLI/2.45.0 azsdk-python-mgmt-sql/4.0.0b5 Python/3.9.5 (Windows-10-10.0.22621-SP0)
    method: GET
    uri: https://management.azure.com/subscriptions/00000000-0000-0000-0000-000000000000/resourceGroups/CustomerExperienceTeam_RG/providers/Microsoft.Sql/managedInstances/clitestmi000001?api-version=2022-08-01-preview
  response:
    body:
      string: '{"sku":{"name":"GP_Gen5","tier":"GeneralPurpose","family":"Gen5","capacity":4},"properties":{"provisioningState":"Creating","administratorLogin":"admin123","subnetId":"/subscriptions/00000000-0000-0000-0000-000000000000/resourceGroups/CustomerExperienceTeam_RG/providers/Microsoft.Network/virtualNetworks/vnet-mi-tooling/subnets/ManagedInstance","state":"Creating","licenseType":"LicenseIncluded","vCores":4,"storageSizeInGB":32,"collation":"Serbian_Cyrillic_100_CS_AS","publicDataEndpointEnabled":true,"proxyOverride":"Proxy","timezoneId":"UTC","maintenanceConfigurationId":"/subscriptions/00000000-0000-0000-0000-000000000000/providers/Microsoft.Maintenance/publicMaintenanceConfigurations/SQL_Default","privateEndpointConnections":[],"currentBackupStorageRedundancy":"Geo","requestedBackupStorageRedundancy":"Geo","zoneRedundant":false},"location":"westcentralus","tags":{},"id":"/subscriptions/00000000-0000-0000-0000-000000000000/resourceGroups/CustomerExperienceTeam_RG/providers/Microsoft.Sql/managedInstances/clitestmi000001","name":"clitestmi000001","type":"Microsoft.Sql/managedInstances"}'
    headers:
      cache-control:
      - no-cache
      content-length:
      - '1099'
      content-type:
      - application/json; charset=utf-8
      date:
      - Mon, 27 Feb 2023 21:58:22 GMT
      expires:
      - '-1'
      pragma:
      - no-cache
      server:
      - Microsoft-HTTPAPI/2.0
      strict-transport-security:
      - max-age=31536000; includeSubDomains
      transfer-encoding:
      - chunked
      vary:
      - Accept-Encoding
      x-content-type-options:
      - nosniff
    status:
      code: 200
      message: OK
- request:
    body: null
    headers:
      Accept:
      - '*/*'
      Accept-Encoding:
      - gzip, deflate
      CommandName:
      - sql mi create
      Connection:
      - keep-alive
      ParameterSetName:
      - -g -n -l -u -p --subnet --license-type --collation --capacity --storage --edition
        --family --tags --proxy-override --bsr --public-data-endpoint-enabled
      User-Agent:
      - AZURECLI/2.45.0 azsdk-python-mgmt-sql/4.0.0b5 Python/3.9.5 (Windows-10-10.0.22621-SP0)
    method: GET
    uri: https://management.azure.com/subscriptions/00000000-0000-0000-0000-000000000000/resourceGroups/CustomerExperienceTeam_RG/providers/Microsoft.Sql/managedInstances/clitestmi000001?api-version=2022-08-01-preview
  response:
    body:
      string: '{"sku":{"name":"GP_Gen5","tier":"GeneralPurpose","family":"Gen5","capacity":4},"properties":{"provisioningState":"Creating","administratorLogin":"admin123","subnetId":"/subscriptions/00000000-0000-0000-0000-000000000000/resourceGroups/CustomerExperienceTeam_RG/providers/Microsoft.Network/virtualNetworks/vnet-mi-tooling/subnets/ManagedInstance","state":"Creating","licenseType":"LicenseIncluded","vCores":4,"storageSizeInGB":32,"collation":"Serbian_Cyrillic_100_CS_AS","publicDataEndpointEnabled":true,"proxyOverride":"Proxy","timezoneId":"UTC","maintenanceConfigurationId":"/subscriptions/00000000-0000-0000-0000-000000000000/providers/Microsoft.Maintenance/publicMaintenanceConfigurations/SQL_Default","privateEndpointConnections":[],"currentBackupStorageRedundancy":"Geo","requestedBackupStorageRedundancy":"Geo","zoneRedundant":false},"location":"westcentralus","tags":{},"id":"/subscriptions/00000000-0000-0000-0000-000000000000/resourceGroups/CustomerExperienceTeam_RG/providers/Microsoft.Sql/managedInstances/clitestmi000001","name":"clitestmi000001","type":"Microsoft.Sql/managedInstances"}'
    headers:
      cache-control:
      - no-cache
      content-length:
      - '1099'
      content-type:
      - application/json; charset=utf-8
      date:
      - Mon, 27 Feb 2023 21:58:53 GMT
      expires:
      - '-1'
      pragma:
      - no-cache
      server:
      - Microsoft-HTTPAPI/2.0
      strict-transport-security:
      - max-age=31536000; includeSubDomains
      transfer-encoding:
      - chunked
      vary:
      - Accept-Encoding
      x-content-type-options:
      - nosniff
    status:
      code: 200
      message: OK
- request:
    body: null
    headers:
      Accept:
      - '*/*'
      Accept-Encoding:
      - gzip, deflate
      CommandName:
      - sql mi create
      Connection:
      - keep-alive
      ParameterSetName:
      - -g -n -l -u -p --subnet --license-type --collation --capacity --storage --edition
        --family --tags --proxy-override --bsr --public-data-endpoint-enabled
      User-Agent:
      - AZURECLI/2.45.0 azsdk-python-mgmt-sql/4.0.0b5 Python/3.9.5 (Windows-10-10.0.22621-SP0)
    method: GET
    uri: https://management.azure.com/subscriptions/00000000-0000-0000-0000-000000000000/resourceGroups/CustomerExperienceTeam_RG/providers/Microsoft.Sql/managedInstances/clitestmi000001?api-version=2022-08-01-preview
  response:
    body:
      string: '{"sku":{"name":"GP_Gen5","tier":"GeneralPurpose","family":"Gen5","capacity":4},"properties":{"provisioningState":"Creating","administratorLogin":"admin123","subnetId":"/subscriptions/00000000-0000-0000-0000-000000000000/resourceGroups/CustomerExperienceTeam_RG/providers/Microsoft.Network/virtualNetworks/vnet-mi-tooling/subnets/ManagedInstance","state":"Creating","licenseType":"LicenseIncluded","vCores":4,"storageSizeInGB":32,"collation":"Serbian_Cyrillic_100_CS_AS","publicDataEndpointEnabled":true,"proxyOverride":"Proxy","timezoneId":"UTC","maintenanceConfigurationId":"/subscriptions/00000000-0000-0000-0000-000000000000/providers/Microsoft.Maintenance/publicMaintenanceConfigurations/SQL_Default","privateEndpointConnections":[],"currentBackupStorageRedundancy":"Geo","requestedBackupStorageRedundancy":"Geo","zoneRedundant":false},"location":"westcentralus","tags":{},"id":"/subscriptions/00000000-0000-0000-0000-000000000000/resourceGroups/CustomerExperienceTeam_RG/providers/Microsoft.Sql/managedInstances/clitestmi000001","name":"clitestmi000001","type":"Microsoft.Sql/managedInstances"}'
    headers:
      cache-control:
      - no-cache
      content-length:
      - '1099'
      content-type:
      - application/json; charset=utf-8
      date:
      - Mon, 27 Feb 2023 21:59:23 GMT
      expires:
      - '-1'
      pragma:
      - no-cache
      server:
      - Microsoft-HTTPAPI/2.0
      strict-transport-security:
      - max-age=31536000; includeSubDomains
      transfer-encoding:
      - chunked
      vary:
      - Accept-Encoding
      x-content-type-options:
      - nosniff
    status:
      code: 200
      message: OK
- request:
    body: null
    headers:
      Accept:
      - '*/*'
      Accept-Encoding:
      - gzip, deflate
      CommandName:
      - sql mi create
      Connection:
      - keep-alive
      ParameterSetName:
      - -g -n -l -u -p --subnet --license-type --collation --capacity --storage --edition
        --family --tags --proxy-override --bsr --public-data-endpoint-enabled
      User-Agent:
      - AZURECLI/2.45.0 azsdk-python-mgmt-sql/4.0.0b5 Python/3.9.5 (Windows-10-10.0.22621-SP0)
    method: GET
    uri: https://management.azure.com/subscriptions/00000000-0000-0000-0000-000000000000/resourceGroups/CustomerExperienceTeam_RG/providers/Microsoft.Sql/managedInstances/clitestmi000001?api-version=2022-08-01-preview
  response:
    body:
      string: '{"sku":{"name":"GP_Gen5","tier":"GeneralPurpose","family":"Gen5","capacity":4},"properties":{"provisioningState":"Creating","administratorLogin":"admin123","subnetId":"/subscriptions/00000000-0000-0000-0000-000000000000/resourceGroups/CustomerExperienceTeam_RG/providers/Microsoft.Network/virtualNetworks/vnet-mi-tooling/subnets/ManagedInstance","state":"Creating","licenseType":"LicenseIncluded","vCores":4,"storageSizeInGB":32,"collation":"Serbian_Cyrillic_100_CS_AS","publicDataEndpointEnabled":true,"proxyOverride":"Proxy","timezoneId":"UTC","maintenanceConfigurationId":"/subscriptions/00000000-0000-0000-0000-000000000000/providers/Microsoft.Maintenance/publicMaintenanceConfigurations/SQL_Default","privateEndpointConnections":[],"currentBackupStorageRedundancy":"Geo","requestedBackupStorageRedundancy":"Geo","zoneRedundant":false},"location":"westcentralus","tags":{},"id":"/subscriptions/00000000-0000-0000-0000-000000000000/resourceGroups/CustomerExperienceTeam_RG/providers/Microsoft.Sql/managedInstances/clitestmi000001","name":"clitestmi000001","type":"Microsoft.Sql/managedInstances"}'
    headers:
      cache-control:
      - no-cache
      content-length:
      - '1099'
      content-type:
      - application/json; charset=utf-8
      date:
      - Mon, 27 Feb 2023 21:59:53 GMT
      expires:
      - '-1'
      pragma:
      - no-cache
      server:
      - Microsoft-HTTPAPI/2.0
      strict-transport-security:
      - max-age=31536000; includeSubDomains
      transfer-encoding:
      - chunked
      vary:
      - Accept-Encoding
      x-content-type-options:
      - nosniff
    status:
      code: 200
      message: OK
- request:
    body: null
    headers:
      Accept:
      - '*/*'
      Accept-Encoding:
      - gzip, deflate
      CommandName:
      - sql mi create
      Connection:
      - keep-alive
      ParameterSetName:
      - -g -n -l -u -p --subnet --license-type --collation --capacity --storage --edition
        --family --tags --proxy-override --bsr --public-data-endpoint-enabled
      User-Agent:
      - AZURECLI/2.45.0 azsdk-python-mgmt-sql/4.0.0b5 Python/3.9.5 (Windows-10-10.0.22621-SP0)
    method: GET
    uri: https://management.azure.com/subscriptions/00000000-0000-0000-0000-000000000000/resourceGroups/CustomerExperienceTeam_RG/providers/Microsoft.Sql/managedInstances/clitestmi000001?api-version=2022-08-01-preview
  response:
    body:
      string: '{"sku":{"name":"GP_Gen5","tier":"GeneralPurpose","family":"Gen5","capacity":4},"properties":{"provisioningState":"Creating","administratorLogin":"admin123","subnetId":"/subscriptions/00000000-0000-0000-0000-000000000000/resourceGroups/CustomerExperienceTeam_RG/providers/Microsoft.Network/virtualNetworks/vnet-mi-tooling/subnets/ManagedInstance","state":"Creating","licenseType":"LicenseIncluded","vCores":4,"storageSizeInGB":32,"collation":"Serbian_Cyrillic_100_CS_AS","publicDataEndpointEnabled":true,"proxyOverride":"Proxy","timezoneId":"UTC","maintenanceConfigurationId":"/subscriptions/00000000-0000-0000-0000-000000000000/providers/Microsoft.Maintenance/publicMaintenanceConfigurations/SQL_Default","privateEndpointConnections":[],"currentBackupStorageRedundancy":"Geo","requestedBackupStorageRedundancy":"Geo","zoneRedundant":false},"location":"westcentralus","tags":{},"id":"/subscriptions/00000000-0000-0000-0000-000000000000/resourceGroups/CustomerExperienceTeam_RG/providers/Microsoft.Sql/managedInstances/clitestmi000001","name":"clitestmi000001","type":"Microsoft.Sql/managedInstances"}'
    headers:
      cache-control:
      - no-cache
      content-length:
      - '1099'
      content-type:
      - application/json; charset=utf-8
      date:
      - Mon, 27 Feb 2023 22:00:23 GMT
      expires:
      - '-1'
      pragma:
      - no-cache
      server:
      - Microsoft-HTTPAPI/2.0
      strict-transport-security:
      - max-age=31536000; includeSubDomains
      transfer-encoding:
      - chunked
      vary:
      - Accept-Encoding
      x-content-type-options:
      - nosniff
    status:
      code: 200
      message: OK
- request:
    body: null
    headers:
      Accept:
      - '*/*'
      Accept-Encoding:
      - gzip, deflate
      CommandName:
      - sql mi create
      Connection:
      - keep-alive
      ParameterSetName:
      - -g -n -l -u -p --subnet --license-type --collation --capacity --storage --edition
        --family --tags --proxy-override --bsr --public-data-endpoint-enabled
      User-Agent:
      - AZURECLI/2.45.0 azsdk-python-mgmt-sql/4.0.0b5 Python/3.9.5 (Windows-10-10.0.22621-SP0)
    method: GET
    uri: https://management.azure.com/subscriptions/00000000-0000-0000-0000-000000000000/resourceGroups/CustomerExperienceTeam_RG/providers/Microsoft.Sql/managedInstances/clitestmi000001?api-version=2022-08-01-preview
  response:
    body:
      string: '{"sku":{"name":"GP_Gen5","tier":"GeneralPurpose","family":"Gen5","capacity":4},"properties":{"provisioningState":"Creating","administratorLogin":"admin123","subnetId":"/subscriptions/00000000-0000-0000-0000-000000000000/resourceGroups/CustomerExperienceTeam_RG/providers/Microsoft.Network/virtualNetworks/vnet-mi-tooling/subnets/ManagedInstance","state":"Creating","licenseType":"LicenseIncluded","vCores":4,"storageSizeInGB":32,"collation":"Serbian_Cyrillic_100_CS_AS","publicDataEndpointEnabled":true,"proxyOverride":"Proxy","timezoneId":"UTC","maintenanceConfigurationId":"/subscriptions/00000000-0000-0000-0000-000000000000/providers/Microsoft.Maintenance/publicMaintenanceConfigurations/SQL_Default","privateEndpointConnections":[],"currentBackupStorageRedundancy":"Geo","requestedBackupStorageRedundancy":"Geo","zoneRedundant":false},"location":"westcentralus","tags":{},"id":"/subscriptions/00000000-0000-0000-0000-000000000000/resourceGroups/CustomerExperienceTeam_RG/providers/Microsoft.Sql/managedInstances/clitestmi000001","name":"clitestmi000001","type":"Microsoft.Sql/managedInstances"}'
    headers:
      cache-control:
      - no-cache
      content-length:
      - '1099'
      content-type:
      - application/json; charset=utf-8
      date:
      - Mon, 27 Feb 2023 22:00:54 GMT
      expires:
      - '-1'
      pragma:
      - no-cache
      server:
      - Microsoft-HTTPAPI/2.0
      strict-transport-security:
      - max-age=31536000; includeSubDomains
      transfer-encoding:
      - chunked
      vary:
      - Accept-Encoding
      x-content-type-options:
      - nosniff
    status:
      code: 200
      message: OK
- request:
    body: null
    headers:
      Accept:
      - '*/*'
      Accept-Encoding:
      - gzip, deflate
      CommandName:
      - sql mi create
      Connection:
      - keep-alive
      ParameterSetName:
      - -g -n -l -u -p --subnet --license-type --collation --capacity --storage --edition
        --family --tags --proxy-override --bsr --public-data-endpoint-enabled
      User-Agent:
      - AZURECLI/2.45.0 azsdk-python-mgmt-sql/4.0.0b5 Python/3.9.5 (Windows-10-10.0.22621-SP0)
    method: GET
    uri: https://management.azure.com/subscriptions/00000000-0000-0000-0000-000000000000/resourceGroups/CustomerExperienceTeam_RG/providers/Microsoft.Sql/managedInstances/clitestmi000001?api-version=2022-08-01-preview
  response:
    body:
      string: '{"sku":{"name":"GP_Gen5","tier":"GeneralPurpose","family":"Gen5","capacity":4},"properties":{"provisioningState":"Creating","administratorLogin":"admin123","subnetId":"/subscriptions/00000000-0000-0000-0000-000000000000/resourceGroups/CustomerExperienceTeam_RG/providers/Microsoft.Network/virtualNetworks/vnet-mi-tooling/subnets/ManagedInstance","state":"Creating","licenseType":"LicenseIncluded","vCores":4,"storageSizeInGB":32,"collation":"Serbian_Cyrillic_100_CS_AS","publicDataEndpointEnabled":true,"proxyOverride":"Proxy","timezoneId":"UTC","maintenanceConfigurationId":"/subscriptions/00000000-0000-0000-0000-000000000000/providers/Microsoft.Maintenance/publicMaintenanceConfigurations/SQL_Default","privateEndpointConnections":[],"currentBackupStorageRedundancy":"Geo","requestedBackupStorageRedundancy":"Geo","zoneRedundant":false},"location":"westcentralus","tags":{},"id":"/subscriptions/00000000-0000-0000-0000-000000000000/resourceGroups/CustomerExperienceTeam_RG/providers/Microsoft.Sql/managedInstances/clitestmi000001","name":"clitestmi000001","type":"Microsoft.Sql/managedInstances"}'
    headers:
      cache-control:
      - no-cache
      content-length:
      - '1099'
      content-type:
      - application/json; charset=utf-8
      date:
      - Mon, 27 Feb 2023 22:01:24 GMT
      expires:
      - '-1'
      pragma:
      - no-cache
      server:
      - Microsoft-HTTPAPI/2.0
      strict-transport-security:
      - max-age=31536000; includeSubDomains
      transfer-encoding:
      - chunked
      vary:
      - Accept-Encoding
      x-content-type-options:
      - nosniff
    status:
      code: 200
      message: OK
- request:
    body: null
    headers:
      Accept:
      - '*/*'
      Accept-Encoding:
      - gzip, deflate
      CommandName:
      - sql mi create
      Connection:
      - keep-alive
      ParameterSetName:
      - -g -n -l -u -p --subnet --license-type --collation --capacity --storage --edition
        --family --tags --proxy-override --bsr --public-data-endpoint-enabled
      User-Agent:
      - AZURECLI/2.45.0 azsdk-python-mgmt-sql/4.0.0b5 Python/3.9.5 (Windows-10-10.0.22621-SP0)
    method: GET
    uri: https://management.azure.com/subscriptions/00000000-0000-0000-0000-000000000000/resourceGroups/CustomerExperienceTeam_RG/providers/Microsoft.Sql/managedInstances/clitestmi000001?api-version=2022-08-01-preview
  response:
    body:
      string: '{"sku":{"name":"GP_Gen5","tier":"GeneralPurpose","family":"Gen5","capacity":4},"properties":{"provisioningState":"Creating","administratorLogin":"admin123","subnetId":"/subscriptions/00000000-0000-0000-0000-000000000000/resourceGroups/CustomerExperienceTeam_RG/providers/Microsoft.Network/virtualNetworks/vnet-mi-tooling/subnets/ManagedInstance","state":"Creating","licenseType":"LicenseIncluded","vCores":4,"storageSizeInGB":32,"collation":"Serbian_Cyrillic_100_CS_AS","publicDataEndpointEnabled":true,"proxyOverride":"Proxy","timezoneId":"UTC","maintenanceConfigurationId":"/subscriptions/00000000-0000-0000-0000-000000000000/providers/Microsoft.Maintenance/publicMaintenanceConfigurations/SQL_Default","privateEndpointConnections":[],"currentBackupStorageRedundancy":"Geo","requestedBackupStorageRedundancy":"Geo","zoneRedundant":false},"location":"westcentralus","tags":{},"id":"/subscriptions/00000000-0000-0000-0000-000000000000/resourceGroups/CustomerExperienceTeam_RG/providers/Microsoft.Sql/managedInstances/clitestmi000001","name":"clitestmi000001","type":"Microsoft.Sql/managedInstances"}'
    headers:
      cache-control:
      - no-cache
      content-length:
      - '1099'
      content-type:
      - application/json; charset=utf-8
      date:
      - Mon, 27 Feb 2023 22:01:54 GMT
      expires:
      - '-1'
      pragma:
      - no-cache
      server:
      - Microsoft-HTTPAPI/2.0
      strict-transport-security:
      - max-age=31536000; includeSubDomains
      transfer-encoding:
      - chunked
      vary:
      - Accept-Encoding
      x-content-type-options:
      - nosniff
    status:
      code: 200
      message: OK
- request:
    body: null
    headers:
      Accept:
      - '*/*'
      Accept-Encoding:
      - gzip, deflate
      CommandName:
      - sql mi create
      Connection:
      - keep-alive
      ParameterSetName:
      - -g -n -l -u -p --subnet --license-type --collation --capacity --storage --edition
        --family --tags --proxy-override --bsr --public-data-endpoint-enabled
      User-Agent:
      - AZURECLI/2.45.0 azsdk-python-mgmt-sql/4.0.0b5 Python/3.9.5 (Windows-10-10.0.22621-SP0)
    method: GET
    uri: https://management.azure.com/subscriptions/00000000-0000-0000-0000-000000000000/resourceGroups/CustomerExperienceTeam_RG/providers/Microsoft.Sql/managedInstances/clitestmi000001?api-version=2022-08-01-preview
  response:
    body:
      string: '{"sku":{"name":"GP_Gen5","tier":"GeneralPurpose","family":"Gen5","capacity":4},"properties":{"provisioningState":"Creating","administratorLogin":"admin123","subnetId":"/subscriptions/00000000-0000-0000-0000-000000000000/resourceGroups/CustomerExperienceTeam_RG/providers/Microsoft.Network/virtualNetworks/vnet-mi-tooling/subnets/ManagedInstance","state":"Creating","licenseType":"LicenseIncluded","vCores":4,"storageSizeInGB":32,"collation":"Serbian_Cyrillic_100_CS_AS","publicDataEndpointEnabled":true,"proxyOverride":"Proxy","timezoneId":"UTC","maintenanceConfigurationId":"/subscriptions/00000000-0000-0000-0000-000000000000/providers/Microsoft.Maintenance/publicMaintenanceConfigurations/SQL_Default","privateEndpointConnections":[],"currentBackupStorageRedundancy":"Geo","requestedBackupStorageRedundancy":"Geo","zoneRedundant":false},"location":"westcentralus","tags":{},"id":"/subscriptions/00000000-0000-0000-0000-000000000000/resourceGroups/CustomerExperienceTeam_RG/providers/Microsoft.Sql/managedInstances/clitestmi000001","name":"clitestmi000001","type":"Microsoft.Sql/managedInstances"}'
    headers:
      cache-control:
      - no-cache
      content-length:
      - '1099'
      content-type:
      - application/json; charset=utf-8
      date:
      - Mon, 27 Feb 2023 22:02:23 GMT
      expires:
      - '-1'
      pragma:
      - no-cache
      server:
      - Microsoft-HTTPAPI/2.0
      strict-transport-security:
      - max-age=31536000; includeSubDomains
      transfer-encoding:
      - chunked
      vary:
      - Accept-Encoding
      x-content-type-options:
      - nosniff
    status:
      code: 200
      message: OK
- request:
    body: null
    headers:
      Accept:
      - '*/*'
      Accept-Encoding:
      - gzip, deflate
      CommandName:
      - sql mi create
      Connection:
      - keep-alive
      ParameterSetName:
      - -g -n -l -u -p --subnet --license-type --collation --capacity --storage --edition
        --family --tags --proxy-override --bsr --public-data-endpoint-enabled
      User-Agent:
      - AZURECLI/2.45.0 azsdk-python-mgmt-sql/4.0.0b5 Python/3.9.5 (Windows-10-10.0.22621-SP0)
    method: GET
    uri: https://management.azure.com/subscriptions/00000000-0000-0000-0000-000000000000/resourceGroups/CustomerExperienceTeam_RG/providers/Microsoft.Sql/managedInstances/clitestmi000001?api-version=2022-08-01-preview
  response:
    body:
      string: '{"sku":{"name":"GP_Gen5","tier":"GeneralPurpose","family":"Gen5","capacity":4},"properties":{"provisioningState":"Creating","administratorLogin":"admin123","subnetId":"/subscriptions/00000000-0000-0000-0000-000000000000/resourceGroups/CustomerExperienceTeam_RG/providers/Microsoft.Network/virtualNetworks/vnet-mi-tooling/subnets/ManagedInstance","state":"Creating","licenseType":"LicenseIncluded","vCores":4,"storageSizeInGB":32,"collation":"Serbian_Cyrillic_100_CS_AS","publicDataEndpointEnabled":true,"proxyOverride":"Proxy","timezoneId":"UTC","maintenanceConfigurationId":"/subscriptions/00000000-0000-0000-0000-000000000000/providers/Microsoft.Maintenance/publicMaintenanceConfigurations/SQL_Default","privateEndpointConnections":[],"currentBackupStorageRedundancy":"Geo","requestedBackupStorageRedundancy":"Geo","zoneRedundant":false},"location":"westcentralus","tags":{},"id":"/subscriptions/00000000-0000-0000-0000-000000000000/resourceGroups/CustomerExperienceTeam_RG/providers/Microsoft.Sql/managedInstances/clitestmi000001","name":"clitestmi000001","type":"Microsoft.Sql/managedInstances"}'
    headers:
      cache-control:
      - no-cache
      content-length:
      - '1099'
      content-type:
      - application/json; charset=utf-8
      date:
      - Mon, 27 Feb 2023 22:02:54 GMT
      expires:
      - '-1'
      pragma:
      - no-cache
      server:
      - Microsoft-HTTPAPI/2.0
      strict-transport-security:
      - max-age=31536000; includeSubDomains
      transfer-encoding:
      - chunked
      vary:
      - Accept-Encoding
      x-content-type-options:
      - nosniff
    status:
      code: 200
      message: OK
- request:
    body: null
    headers:
      Accept:
      - '*/*'
      Accept-Encoding:
      - gzip, deflate
      CommandName:
      - sql mi create
      Connection:
      - keep-alive
      ParameterSetName:
      - -g -n -l -u -p --subnet --license-type --collation --capacity --storage --edition
        --family --tags --proxy-override --bsr --public-data-endpoint-enabled
      User-Agent:
      - AZURECLI/2.45.0 azsdk-python-mgmt-sql/4.0.0b5 Python/3.9.5 (Windows-10-10.0.22621-SP0)
    method: GET
    uri: https://management.azure.com/subscriptions/00000000-0000-0000-0000-000000000000/resourceGroups/CustomerExperienceTeam_RG/providers/Microsoft.Sql/managedInstances/clitestmi000001?api-version=2022-08-01-preview
  response:
    body:
      string: '{"sku":{"name":"GP_Gen5","tier":"GeneralPurpose","family":"Gen5","capacity":4},"properties":{"provisioningState":"Creating","administratorLogin":"admin123","subnetId":"/subscriptions/00000000-0000-0000-0000-000000000000/resourceGroups/CustomerExperienceTeam_RG/providers/Microsoft.Network/virtualNetworks/vnet-mi-tooling/subnets/ManagedInstance","state":"Creating","licenseType":"LicenseIncluded","vCores":4,"storageSizeInGB":32,"collation":"Serbian_Cyrillic_100_CS_AS","publicDataEndpointEnabled":true,"proxyOverride":"Proxy","timezoneId":"UTC","maintenanceConfigurationId":"/subscriptions/00000000-0000-0000-0000-000000000000/providers/Microsoft.Maintenance/publicMaintenanceConfigurations/SQL_Default","privateEndpointConnections":[],"currentBackupStorageRedundancy":"Geo","requestedBackupStorageRedundancy":"Geo","zoneRedundant":false},"location":"westcentralus","tags":{},"id":"/subscriptions/00000000-0000-0000-0000-000000000000/resourceGroups/CustomerExperienceTeam_RG/providers/Microsoft.Sql/managedInstances/clitestmi000001","name":"clitestmi000001","type":"Microsoft.Sql/managedInstances"}'
    headers:
      cache-control:
      - no-cache
      content-length:
      - '1099'
      content-type:
      - application/json; charset=utf-8
      date:
      - Mon, 27 Feb 2023 22:03:24 GMT
      expires:
      - '-1'
      pragma:
      - no-cache
      server:
      - Microsoft-HTTPAPI/2.0
      strict-transport-security:
      - max-age=31536000; includeSubDomains
      transfer-encoding:
      - chunked
      vary:
      - Accept-Encoding
      x-content-type-options:
      - nosniff
    status:
      code: 200
      message: OK
- request:
    body: null
    headers:
      Accept:
      - '*/*'
      Accept-Encoding:
      - gzip, deflate
      CommandName:
      - sql mi create
      Connection:
      - keep-alive
      ParameterSetName:
      - -g -n -l -u -p --subnet --license-type --collation --capacity --storage --edition
        --family --tags --proxy-override --bsr --public-data-endpoint-enabled
      User-Agent:
      - AZURECLI/2.45.0 azsdk-python-mgmt-sql/4.0.0b5 Python/3.9.5 (Windows-10-10.0.22621-SP0)
    method: GET
    uri: https://management.azure.com/subscriptions/00000000-0000-0000-0000-000000000000/resourceGroups/CustomerExperienceTeam_RG/providers/Microsoft.Sql/managedInstances/clitestmi000001?api-version=2022-08-01-preview
  response:
    body:
      string: '{"sku":{"name":"GP_Gen5","tier":"GeneralPurpose","family":"Gen5","capacity":4},"properties":{"provisioningState":"Creating","fullyQualifiedDomainName":"clitestmi000001.1e6d90da5016.database.windows.net","administratorLogin":"admin123","subnetId":"/subscriptions/00000000-0000-0000-0000-000000000000/resourceGroups/CustomerExperienceTeam_RG/providers/Microsoft.Network/virtualNetworks/vnet-mi-tooling/subnets/ManagedInstance","state":"Creating","licenseType":"LicenseIncluded","vCores":4,"storageSizeInGB":32,"collation":"Serbian_Cyrillic_100_CS_AS","dnsZone":"1e6d90da5016","publicDataEndpointEnabled":true,"proxyOverride":"Proxy","timezoneId":"UTC","maintenanceConfigurationId":"/subscriptions/00000000-0000-0000-0000-000000000000/providers/Microsoft.Maintenance/publicMaintenanceConfigurations/SQL_Default","privateEndpointConnections":[],"currentBackupStorageRedundancy":"Geo","requestedBackupStorageRedundancy":"Geo","zoneRedundant":false},"location":"westcentralus","tags":{},"id":"/subscriptions/00000000-0000-0000-0000-000000000000/resourceGroups/CustomerExperienceTeam_RG/providers/Microsoft.Sql/managedInstances/clitestmi000001","name":"clitestmi000001","type":"Microsoft.Sql/managedInstances"}'
    headers:
      cache-control:
      - no-cache
      content-length:
      - '1203'
      content-type:
      - application/json; charset=utf-8
      date:
      - Mon, 27 Feb 2023 22:03:54 GMT
      expires:
      - '-1'
      pragma:
      - no-cache
      server:
      - Microsoft-HTTPAPI/2.0
      strict-transport-security:
      - max-age=31536000; includeSubDomains
      transfer-encoding:
      - chunked
      vary:
      - Accept-Encoding
      x-content-type-options:
      - nosniff
    status:
      code: 200
      message: OK
- request:
    body: null
    headers:
      Accept:
      - '*/*'
      Accept-Encoding:
      - gzip, deflate
      CommandName:
      - sql mi create
      Connection:
      - keep-alive
      ParameterSetName:
      - -g -n -l -u -p --subnet --license-type --collation --capacity --storage --edition
        --family --tags --proxy-override --bsr --public-data-endpoint-enabled
      User-Agent:
      - AZURECLI/2.45.0 azsdk-python-mgmt-sql/4.0.0b5 Python/3.9.5 (Windows-10-10.0.22621-SP0)
    method: GET
    uri: https://management.azure.com/subscriptions/00000000-0000-0000-0000-000000000000/resourceGroups/CustomerExperienceTeam_RG/providers/Microsoft.Sql/managedInstances/clitestmi000001?api-version=2022-08-01-preview
  response:
    body:
      string: '{"sku":{"name":"GP_Gen5","tier":"GeneralPurpose","family":"Gen5","capacity":4},"properties":{"provisioningState":"Creating","fullyQualifiedDomainName":"clitestmi000001.1e6d90da5016.database.windows.net","administratorLogin":"admin123","subnetId":"/subscriptions/00000000-0000-0000-0000-000000000000/resourceGroups/CustomerExperienceTeam_RG/providers/Microsoft.Network/virtualNetworks/vnet-mi-tooling/subnets/ManagedInstance","state":"Creating","licenseType":"LicenseIncluded","vCores":4,"storageSizeInGB":32,"collation":"Serbian_Cyrillic_100_CS_AS","dnsZone":"1e6d90da5016","publicDataEndpointEnabled":true,"proxyOverride":"Proxy","timezoneId":"UTC","maintenanceConfigurationId":"/subscriptions/00000000-0000-0000-0000-000000000000/providers/Microsoft.Maintenance/publicMaintenanceConfigurations/SQL_Default","privateEndpointConnections":[],"currentBackupStorageRedundancy":"Geo","requestedBackupStorageRedundancy":"Geo","zoneRedundant":false},"location":"westcentralus","tags":{},"id":"/subscriptions/00000000-0000-0000-0000-000000000000/resourceGroups/CustomerExperienceTeam_RG/providers/Microsoft.Sql/managedInstances/clitestmi000001","name":"clitestmi000001","type":"Microsoft.Sql/managedInstances"}'
    headers:
      cache-control:
      - no-cache
      content-length:
      - '1203'
      content-type:
      - application/json; charset=utf-8
      date:
      - Mon, 27 Feb 2023 22:04:24 GMT
      expires:
      - '-1'
      pragma:
      - no-cache
      server:
      - Microsoft-HTTPAPI/2.0
      strict-transport-security:
      - max-age=31536000; includeSubDomains
      transfer-encoding:
      - chunked
      vary:
      - Accept-Encoding
      x-content-type-options:
      - nosniff
    status:
      code: 200
      message: OK
- request:
    body: null
    headers:
      Accept:
      - '*/*'
      Accept-Encoding:
      - gzip, deflate
      CommandName:
      - sql mi create
      Connection:
      - keep-alive
      ParameterSetName:
      - -g -n -l -u -p --subnet --license-type --collation --capacity --storage --edition
        --family --tags --proxy-override --bsr --public-data-endpoint-enabled
      User-Agent:
      - AZURECLI/2.45.0 azsdk-python-mgmt-sql/4.0.0b5 Python/3.9.5 (Windows-10-10.0.22621-SP0)
    method: GET
    uri: https://management.azure.com/subscriptions/00000000-0000-0000-0000-000000000000/resourceGroups/CustomerExperienceTeam_RG/providers/Microsoft.Sql/managedInstances/clitestmi000001?api-version=2022-08-01-preview
  response:
    body:
      string: '{"sku":{"name":"GP_Gen5","tier":"GeneralPurpose","family":"Gen5","capacity":4},"properties":{"provisioningState":"Creating","fullyQualifiedDomainName":"clitestmi000001.1e6d90da5016.database.windows.net","administratorLogin":"admin123","subnetId":"/subscriptions/00000000-0000-0000-0000-000000000000/resourceGroups/CustomerExperienceTeam_RG/providers/Microsoft.Network/virtualNetworks/vnet-mi-tooling/subnets/ManagedInstance","state":"Creating","licenseType":"LicenseIncluded","vCores":4,"storageSizeInGB":32,"collation":"Serbian_Cyrillic_100_CS_AS","dnsZone":"1e6d90da5016","publicDataEndpointEnabled":true,"proxyOverride":"Proxy","timezoneId":"UTC","maintenanceConfigurationId":"/subscriptions/00000000-0000-0000-0000-000000000000/providers/Microsoft.Maintenance/publicMaintenanceConfigurations/SQL_Default","privateEndpointConnections":[],"currentBackupStorageRedundancy":"Geo","requestedBackupStorageRedundancy":"Geo","zoneRedundant":false},"location":"westcentralus","tags":{},"id":"/subscriptions/00000000-0000-0000-0000-000000000000/resourceGroups/CustomerExperienceTeam_RG/providers/Microsoft.Sql/managedInstances/clitestmi000001","name":"clitestmi000001","type":"Microsoft.Sql/managedInstances"}'
    headers:
      cache-control:
      - no-cache
      content-length:
      - '1203'
      content-type:
      - application/json; charset=utf-8
      date:
      - Mon, 27 Feb 2023 22:04:55 GMT
      expires:
      - '-1'
      pragma:
      - no-cache
      server:
      - Microsoft-HTTPAPI/2.0
      strict-transport-security:
      - max-age=31536000; includeSubDomains
      transfer-encoding:
      - chunked
      vary:
      - Accept-Encoding
      x-content-type-options:
      - nosniff
    status:
      code: 200
      message: OK
- request:
    body: null
    headers:
      Accept:
      - '*/*'
      Accept-Encoding:
      - gzip, deflate
      CommandName:
      - sql mi create
      Connection:
      - keep-alive
      ParameterSetName:
      - -g -n -l -u -p --subnet --license-type --collation --capacity --storage --edition
        --family --tags --proxy-override --bsr --public-data-endpoint-enabled
      User-Agent:
      - AZURECLI/2.45.0 azsdk-python-mgmt-sql/4.0.0b5 Python/3.9.5 (Windows-10-10.0.22621-SP0)
    method: GET
    uri: https://management.azure.com/subscriptions/00000000-0000-0000-0000-000000000000/resourceGroups/CustomerExperienceTeam_RG/providers/Microsoft.Sql/managedInstances/clitestmi000001?api-version=2022-08-01-preview
  response:
    body:
      string: '{"sku":{"name":"GP_Gen5","tier":"GeneralPurpose","family":"Gen5","capacity":4},"properties":{"provisioningState":"Creating","fullyQualifiedDomainName":"clitestmi000001.1e6d90da5016.database.windows.net","administratorLogin":"admin123","subnetId":"/subscriptions/00000000-0000-0000-0000-000000000000/resourceGroups/CustomerExperienceTeam_RG/providers/Microsoft.Network/virtualNetworks/vnet-mi-tooling/subnets/ManagedInstance","state":"Creating","licenseType":"LicenseIncluded","vCores":4,"storageSizeInGB":32,"collation":"Serbian_Cyrillic_100_CS_AS","dnsZone":"1e6d90da5016","publicDataEndpointEnabled":true,"proxyOverride":"Proxy","timezoneId":"UTC","maintenanceConfigurationId":"/subscriptions/00000000-0000-0000-0000-000000000000/providers/Microsoft.Maintenance/publicMaintenanceConfigurations/SQL_Default","privateEndpointConnections":[],"currentBackupStorageRedundancy":"Geo","requestedBackupStorageRedundancy":"Geo","zoneRedundant":false},"location":"westcentralus","tags":{},"id":"/subscriptions/00000000-0000-0000-0000-000000000000/resourceGroups/CustomerExperienceTeam_RG/providers/Microsoft.Sql/managedInstances/clitestmi000001","name":"clitestmi000001","type":"Microsoft.Sql/managedInstances"}'
    headers:
      cache-control:
      - no-cache
      content-length:
      - '1203'
      content-type:
      - application/json; charset=utf-8
      date:
      - Mon, 27 Feb 2023 22:05:25 GMT
      expires:
      - '-1'
      pragma:
      - no-cache
      server:
      - Microsoft-HTTPAPI/2.0
      strict-transport-security:
      - max-age=31536000; includeSubDomains
      transfer-encoding:
      - chunked
      vary:
      - Accept-Encoding
      x-content-type-options:
      - nosniff
    status:
      code: 200
      message: OK
- request:
    body: null
    headers:
      Accept:
      - '*/*'
      Accept-Encoding:
      - gzip, deflate
      CommandName:
      - sql mi create
      Connection:
      - keep-alive
      ParameterSetName:
      - -g -n -l -u -p --subnet --license-type --collation --capacity --storage --edition
        --family --tags --proxy-override --bsr --public-data-endpoint-enabled
      User-Agent:
      - AZURECLI/2.45.0 azsdk-python-mgmt-sql/4.0.0b5 Python/3.9.5 (Windows-10-10.0.22621-SP0)
    method: GET
    uri: https://management.azure.com/subscriptions/00000000-0000-0000-0000-000000000000/resourceGroups/CustomerExperienceTeam_RG/providers/Microsoft.Sql/managedInstances/clitestmi000001?api-version=2022-08-01-preview
  response:
    body:
      string: '{"sku":{"name":"GP_Gen5","tier":"GeneralPurpose","family":"Gen5","capacity":4},"properties":{"provisioningState":"Creating","fullyQualifiedDomainName":"clitestmi000001.1e6d90da5016.database.windows.net","administratorLogin":"admin123","subnetId":"/subscriptions/00000000-0000-0000-0000-000000000000/resourceGroups/CustomerExperienceTeam_RG/providers/Microsoft.Network/virtualNetworks/vnet-mi-tooling/subnets/ManagedInstance","state":"Creating","licenseType":"LicenseIncluded","vCores":4,"storageSizeInGB":32,"collation":"Serbian_Cyrillic_100_CS_AS","dnsZone":"1e6d90da5016","publicDataEndpointEnabled":true,"proxyOverride":"Proxy","timezoneId":"UTC","maintenanceConfigurationId":"/subscriptions/00000000-0000-0000-0000-000000000000/providers/Microsoft.Maintenance/publicMaintenanceConfigurations/SQL_Default","privateEndpointConnections":[],"currentBackupStorageRedundancy":"Geo","requestedBackupStorageRedundancy":"Geo","zoneRedundant":false},"location":"westcentralus","tags":{},"id":"/subscriptions/00000000-0000-0000-0000-000000000000/resourceGroups/CustomerExperienceTeam_RG/providers/Microsoft.Sql/managedInstances/clitestmi000001","name":"clitestmi000001","type":"Microsoft.Sql/managedInstances"}'
    headers:
      cache-control:
      - no-cache
      content-length:
      - '1203'
      content-type:
      - application/json; charset=utf-8
      date:
      - Mon, 27 Feb 2023 22:05:55 GMT
      expires:
      - '-1'
      pragma:
      - no-cache
      server:
      - Microsoft-HTTPAPI/2.0
      strict-transport-security:
      - max-age=31536000; includeSubDomains
      transfer-encoding:
      - chunked
      vary:
      - Accept-Encoding
      x-content-type-options:
      - nosniff
    status:
      code: 200
      message: OK
- request:
    body: null
    headers:
      Accept:
      - '*/*'
      Accept-Encoding:
      - gzip, deflate
      CommandName:
      - sql mi create
      Connection:
      - keep-alive
      ParameterSetName:
      - -g -n -l -u -p --subnet --license-type --collation --capacity --storage --edition
        --family --tags --proxy-override --bsr --public-data-endpoint-enabled
      User-Agent:
      - AZURECLI/2.45.0 azsdk-python-mgmt-sql/4.0.0b5 Python/3.9.5 (Windows-10-10.0.22621-SP0)
    method: GET
    uri: https://management.azure.com/subscriptions/00000000-0000-0000-0000-000000000000/resourceGroups/CustomerExperienceTeam_RG/providers/Microsoft.Sql/managedInstances/clitestmi000001?api-version=2022-08-01-preview
  response:
    body:
      string: '{"sku":{"name":"GP_Gen5","tier":"GeneralPurpose","family":"Gen5","capacity":4},"properties":{"provisioningState":"Creating","fullyQualifiedDomainName":"clitestmi000001.1e6d90da5016.database.windows.net","administratorLogin":"admin123","subnetId":"/subscriptions/00000000-0000-0000-0000-000000000000/resourceGroups/CustomerExperienceTeam_RG/providers/Microsoft.Network/virtualNetworks/vnet-mi-tooling/subnets/ManagedInstance","state":"Creating","licenseType":"LicenseIncluded","vCores":4,"storageSizeInGB":32,"collation":"Serbian_Cyrillic_100_CS_AS","dnsZone":"1e6d90da5016","publicDataEndpointEnabled":true,"proxyOverride":"Proxy","timezoneId":"UTC","maintenanceConfigurationId":"/subscriptions/00000000-0000-0000-0000-000000000000/providers/Microsoft.Maintenance/publicMaintenanceConfigurations/SQL_Default","privateEndpointConnections":[],"currentBackupStorageRedundancy":"Geo","requestedBackupStorageRedundancy":"Geo","zoneRedundant":false},"location":"westcentralus","tags":{},"id":"/subscriptions/00000000-0000-0000-0000-000000000000/resourceGroups/CustomerExperienceTeam_RG/providers/Microsoft.Sql/managedInstances/clitestmi000001","name":"clitestmi000001","type":"Microsoft.Sql/managedInstances"}'
    headers:
      cache-control:
      - no-cache
      content-length:
      - '1203'
      content-type:
      - application/json; charset=utf-8
      date:
      - Mon, 27 Feb 2023 22:06:26 GMT
      expires:
      - '-1'
      pragma:
      - no-cache
      server:
      - Microsoft-HTTPAPI/2.0
      strict-transport-security:
      - max-age=31536000; includeSubDomains
      transfer-encoding:
      - chunked
      vary:
      - Accept-Encoding
      x-content-type-options:
      - nosniff
    status:
      code: 200
      message: OK
- request:
    body: null
    headers:
      Accept:
      - '*/*'
      Accept-Encoding:
      - gzip, deflate
      CommandName:
      - sql mi create
      Connection:
      - keep-alive
      ParameterSetName:
      - -g -n -l -u -p --subnet --license-type --collation --capacity --storage --edition
        --family --tags --proxy-override --bsr --public-data-endpoint-enabled
      User-Agent:
      - AZURECLI/2.45.0 azsdk-python-mgmt-sql/4.0.0b5 Python/3.9.5 (Windows-10-10.0.22621-SP0)
    method: GET
    uri: https://management.azure.com/subscriptions/00000000-0000-0000-0000-000000000000/resourceGroups/CustomerExperienceTeam_RG/providers/Microsoft.Sql/managedInstances/clitestmi000001?api-version=2022-08-01-preview
  response:
    body:
      string: '{"sku":{"name":"GP_Gen5","tier":"GeneralPurpose","family":"Gen5","capacity":4},"properties":{"provisioningState":"Creating","fullyQualifiedDomainName":"clitestmi000001.1e6d90da5016.database.windows.net","administratorLogin":"admin123","subnetId":"/subscriptions/00000000-0000-0000-0000-000000000000/resourceGroups/CustomerExperienceTeam_RG/providers/Microsoft.Network/virtualNetworks/vnet-mi-tooling/subnets/ManagedInstance","state":"Creating","licenseType":"LicenseIncluded","vCores":4,"storageSizeInGB":32,"collation":"Serbian_Cyrillic_100_CS_AS","dnsZone":"1e6d90da5016","publicDataEndpointEnabled":true,"proxyOverride":"Proxy","timezoneId":"UTC","maintenanceConfigurationId":"/subscriptions/00000000-0000-0000-0000-000000000000/providers/Microsoft.Maintenance/publicMaintenanceConfigurations/SQL_Default","privateEndpointConnections":[],"currentBackupStorageRedundancy":"Geo","requestedBackupStorageRedundancy":"Geo","zoneRedundant":false},"location":"westcentralus","tags":{},"id":"/subscriptions/00000000-0000-0000-0000-000000000000/resourceGroups/CustomerExperienceTeam_RG/providers/Microsoft.Sql/managedInstances/clitestmi000001","name":"clitestmi000001","type":"Microsoft.Sql/managedInstances"}'
    headers:
      cache-control:
      - no-cache
      content-length:
      - '1203'
      content-type:
      - application/json; charset=utf-8
      date:
      - Mon, 27 Feb 2023 22:06:56 GMT
      expires:
      - '-1'
      pragma:
      - no-cache
      server:
      - Microsoft-HTTPAPI/2.0
      strict-transport-security:
      - max-age=31536000; includeSubDomains
      transfer-encoding:
      - chunked
      vary:
      - Accept-Encoding
      x-content-type-options:
      - nosniff
    status:
      code: 200
      message: OK
- request:
    body: null
    headers:
      Accept:
      - '*/*'
      Accept-Encoding:
      - gzip, deflate
      CommandName:
      - sql mi create
      Connection:
      - keep-alive
      ParameterSetName:
      - -g -n -l -u -p --subnet --license-type --collation --capacity --storage --edition
        --family --tags --proxy-override --bsr --public-data-endpoint-enabled
      User-Agent:
      - AZURECLI/2.45.0 azsdk-python-mgmt-sql/4.0.0b5 Python/3.9.5 (Windows-10-10.0.22621-SP0)
    method: GET
    uri: https://management.azure.com/subscriptions/00000000-0000-0000-0000-000000000000/resourceGroups/CustomerExperienceTeam_RG/providers/Microsoft.Sql/managedInstances/clitestmi000001?api-version=2022-08-01-preview
  response:
    body:
      string: '{"sku":{"name":"GP_Gen5","tier":"GeneralPurpose","family":"Gen5","capacity":4},"properties":{"provisioningState":"Creating","fullyQualifiedDomainName":"clitestmi000001.1e6d90da5016.database.windows.net","administratorLogin":"admin123","subnetId":"/subscriptions/00000000-0000-0000-0000-000000000000/resourceGroups/CustomerExperienceTeam_RG/providers/Microsoft.Network/virtualNetworks/vnet-mi-tooling/subnets/ManagedInstance","state":"Creating","licenseType":"LicenseIncluded","vCores":4,"storageSizeInGB":32,"collation":"Serbian_Cyrillic_100_CS_AS","dnsZone":"1e6d90da5016","publicDataEndpointEnabled":true,"proxyOverride":"Proxy","timezoneId":"UTC","maintenanceConfigurationId":"/subscriptions/00000000-0000-0000-0000-000000000000/providers/Microsoft.Maintenance/publicMaintenanceConfigurations/SQL_Default","privateEndpointConnections":[],"currentBackupStorageRedundancy":"Geo","requestedBackupStorageRedundancy":"Geo","zoneRedundant":false},"location":"westcentralus","tags":{},"id":"/subscriptions/00000000-0000-0000-0000-000000000000/resourceGroups/CustomerExperienceTeam_RG/providers/Microsoft.Sql/managedInstances/clitestmi000001","name":"clitestmi000001","type":"Microsoft.Sql/managedInstances"}'
    headers:
      cache-control:
      - no-cache
      content-length:
      - '1203'
      content-type:
      - application/json; charset=utf-8
      date:
      - Mon, 27 Feb 2023 22:07:26 GMT
      expires:
      - '-1'
      pragma:
      - no-cache
      server:
      - Microsoft-HTTPAPI/2.0
      strict-transport-security:
      - max-age=31536000; includeSubDomains
      transfer-encoding:
      - chunked
      vary:
      - Accept-Encoding
      x-content-type-options:
      - nosniff
    status:
      code: 200
      message: OK
- request:
    body: null
    headers:
      Accept:
      - '*/*'
      Accept-Encoding:
      - gzip, deflate
      CommandName:
      - sql mi create
      Connection:
      - keep-alive
      ParameterSetName:
      - -g -n -l -u -p --subnet --license-type --collation --capacity --storage --edition
        --family --tags --proxy-override --bsr --public-data-endpoint-enabled
      User-Agent:
      - AZURECLI/2.45.0 azsdk-python-mgmt-sql/4.0.0b5 Python/3.9.5 (Windows-10-10.0.22621-SP0)
    method: GET
    uri: https://management.azure.com/subscriptions/00000000-0000-0000-0000-000000000000/resourceGroups/CustomerExperienceTeam_RG/providers/Microsoft.Sql/managedInstances/clitestmi000001?api-version=2022-08-01-preview
  response:
    body:
      string: '{"sku":{"name":"GP_Gen5","tier":"GeneralPurpose","family":"Gen5","capacity":4},"properties":{"provisioningState":"Creating","fullyQualifiedDomainName":"clitestmi000001.1e6d90da5016.database.windows.net","administratorLogin":"admin123","subnetId":"/subscriptions/00000000-0000-0000-0000-000000000000/resourceGroups/CustomerExperienceTeam_RG/providers/Microsoft.Network/virtualNetworks/vnet-mi-tooling/subnets/ManagedInstance","state":"Creating","licenseType":"LicenseIncluded","vCores":4,"storageSizeInGB":32,"collation":"Serbian_Cyrillic_100_CS_AS","dnsZone":"1e6d90da5016","publicDataEndpointEnabled":true,"proxyOverride":"Proxy","timezoneId":"UTC","maintenanceConfigurationId":"/subscriptions/00000000-0000-0000-0000-000000000000/providers/Microsoft.Maintenance/publicMaintenanceConfigurations/SQL_Default","privateEndpointConnections":[],"currentBackupStorageRedundancy":"Geo","requestedBackupStorageRedundancy":"Geo","zoneRedundant":false},"location":"westcentralus","tags":{},"id":"/subscriptions/00000000-0000-0000-0000-000000000000/resourceGroups/CustomerExperienceTeam_RG/providers/Microsoft.Sql/managedInstances/clitestmi000001","name":"clitestmi000001","type":"Microsoft.Sql/managedInstances"}'
    headers:
      cache-control:
      - no-cache
      content-length:
      - '1203'
      content-type:
      - application/json; charset=utf-8
      date:
      - Mon, 27 Feb 2023 22:07:55 GMT
      expires:
      - '-1'
      pragma:
      - no-cache
      server:
      - Microsoft-HTTPAPI/2.0
      strict-transport-security:
      - max-age=31536000; includeSubDomains
      transfer-encoding:
      - chunked
      vary:
      - Accept-Encoding
      x-content-type-options:
      - nosniff
    status:
      code: 200
      message: OK
- request:
    body: null
    headers:
      Accept:
      - '*/*'
      Accept-Encoding:
      - gzip, deflate
      CommandName:
      - sql mi create
      Connection:
      - keep-alive
      ParameterSetName:
      - -g -n -l -u -p --subnet --license-type --collation --capacity --storage --edition
        --family --tags --proxy-override --bsr --public-data-endpoint-enabled
      User-Agent:
      - AZURECLI/2.45.0 azsdk-python-mgmt-sql/4.0.0b5 Python/3.9.5 (Windows-10-10.0.22621-SP0)
    method: GET
    uri: https://management.azure.com/subscriptions/00000000-0000-0000-0000-000000000000/resourceGroups/CustomerExperienceTeam_RG/providers/Microsoft.Sql/managedInstances/clitestmi000001?api-version=2022-08-01-preview
  response:
    body:
      string: '{"sku":{"name":"GP_Gen5","tier":"GeneralPurpose","family":"Gen5","capacity":4},"properties":{"provisioningState":"Succeeded","fullyQualifiedDomainName":"clitestmi000001.1e6d90da5016.database.windows.net","administratorLogin":"admin123","subnetId":"/subscriptions/00000000-0000-0000-0000-000000000000/resourceGroups/CustomerExperienceTeam_RG/providers/Microsoft.Network/virtualNetworks/vnet-mi-tooling/subnets/ManagedInstance","state":"Ready","licenseType":"LicenseIncluded","vCores":4,"storageSizeInGB":32,"collation":"Serbian_Cyrillic_100_CS_AS","dnsZone":"1e6d90da5016","publicDataEndpointEnabled":true,"proxyOverride":"Proxy","timezoneId":"UTC","maintenanceConfigurationId":"/subscriptions/00000000-0000-0000-0000-000000000000/providers/Microsoft.Maintenance/publicMaintenanceConfigurations/SQL_Default","privateEndpointConnections":[],"currentBackupStorageRedundancy":"Geo","requestedBackupStorageRedundancy":"Geo","zoneRedundant":false},"location":"westcentralus","tags":{},"id":"/subscriptions/00000000-0000-0000-0000-000000000000/resourceGroups/CustomerExperienceTeam_RG/providers/Microsoft.Sql/managedInstances/clitestmi000001","name":"clitestmi000001","type":"Microsoft.Sql/managedInstances"}'
    headers:
      cache-control:
      - no-cache
      content-length:
      - '1201'
      content-type:
      - application/json; charset=utf-8
      date:
      - Mon, 27 Feb 2023 22:08:25 GMT
      expires:
      - '-1'
      pragma:
      - no-cache
      server:
      - Microsoft-HTTPAPI/2.0
      strict-transport-security:
      - max-age=31536000; includeSubDomains
      transfer-encoding:
      - chunked
      vary:
      - Accept-Encoding
      x-content-type-options:
      - nosniff
    status:
      code: 200
      message: OK
- request:
    body: null
    headers:
      Accept:
      - application/json
      Accept-Encoding:
      - gzip, deflate
      CommandName:
      - sql mi show
      Connection:
      - keep-alive
      ParameterSetName:
      - -g -n
      User-Agent:
      - AZURECLI/2.45.0 azsdk-python-mgmt-sql/4.0.0b5 Python/3.9.5 (Windows-10-10.0.22621-SP0)
    method: GET
    uri: https://management.azure.com/subscriptions/00000000-0000-0000-0000-000000000000/resourceGroups/CustomerExperienceTeam_RG/providers/Microsoft.Sql/managedInstances/clitestmi000001?api-version=2022-08-01-preview
  response:
    body:
      string: '{"sku":{"name":"GP_Gen5","tier":"GeneralPurpose","family":"Gen5","capacity":4},"properties":{"provisioningState":"Succeeded","fullyQualifiedDomainName":"clitestmi000001.1e6d90da5016.database.windows.net","administratorLogin":"admin123","subnetId":"/subscriptions/00000000-0000-0000-0000-000000000000/resourceGroups/CustomerExperienceTeam_RG/providers/Microsoft.Network/virtualNetworks/vnet-mi-tooling/subnets/ManagedInstance","state":"Ready","licenseType":"LicenseIncluded","vCores":4,"storageSizeInGB":32,"collation":"Serbian_Cyrillic_100_CS_AS","dnsZone":"1e6d90da5016","publicDataEndpointEnabled":true,"proxyOverride":"Proxy","timezoneId":"UTC","maintenanceConfigurationId":"/subscriptions/00000000-0000-0000-0000-000000000000/providers/Microsoft.Maintenance/publicMaintenanceConfigurations/SQL_Default","privateEndpointConnections":[],"currentBackupStorageRedundancy":"Geo","requestedBackupStorageRedundancy":"Geo","zoneRedundant":false},"location":"westcentralus","tags":{},"id":"/subscriptions/00000000-0000-0000-0000-000000000000/resourceGroups/CustomerExperienceTeam_RG/providers/Microsoft.Sql/managedInstances/clitestmi000001","name":"clitestmi000001","type":"Microsoft.Sql/managedInstances"}'
    headers:
      cache-control:
      - no-cache
      content-length:
      - '1201'
      content-type:
      - application/json; charset=utf-8
      date:
      - Mon, 27 Feb 2023 22:08:27 GMT
      expires:
      - '-1'
      pragma:
      - no-cache
      server:
      - Microsoft-HTTPAPI/2.0
      strict-transport-security:
      - max-age=31536000; includeSubDomains
      transfer-encoding:
      - chunked
      vary:
      - Accept-Encoding
      x-content-type-options:
      - nosniff
    status:
      code: 200
      message: OK
- request:
    body: null
    headers:
      Accept:
      - application/json
      Accept-Encoding:
      - gzip, deflate
      CommandName:
      - sql mi endpoint-cert show
      Connection:
      - keep-alive
      ParameterSetName:
      - -g --instance-name --endpoint-type
      User-Agent:
      - AZURECLI/2.45.0 (AAZ) azsdk-python-core/1.24.0 Python/3.9.5 (Windows-10-10.0.22621-SP0)
    method: GET
    uri: https://management.azure.com/subscriptions/00000000-0000-0000-0000-000000000000/resourceGroups/CustomerExperienceTeam_RG/providers/Microsoft.Sql/managedInstances/clitestmi000001/endpointCertificates/DATABASE_MIRRORING?api-version=2022-02-01-preview
  response:
    body:
      string: '{"properties":{"publicBlob":"308208DD308206C5A00302010202133300959999243E4C358C25BC38000000959999300D06092A864886F70D01010C05003059310B3009060355040613025553311E301C060355040A13154D6963726F736F667420436F72706F726174696F6E312A3028060355040313214D6963726F736F667420417A75726520544C532049737375696E67204341203031301E170D3233303232373231353430325A170D3234303232323231353430325A3078310B3009060355040613025553310B30090603550408130257413110300E060355040713075265646D6F6E64311E301C060355040A13154D6963726F736F667420436F72706F726174696F6E312A3028060355040313213165366439306461353031362E64617461626173652E77696E646F77732E6E657430820122300D06092A864886F70D01010105000382010F003082010A0282010100B2BE337C5B565AEA6A47009015D535628DB947EBB5917B052B26D9A17941285074E6B51196147C07D15F15816F83C83B14BB030CF9D68BC2F451479C87EC3224C28D480A9FBA70B2FB04373652C104AE0EE422B4228D82A19171D929AE3BD27639A93A087BBA2CBD7CC2F87E747B99342504D410B25A4FA1C59F3C412E79C70D44B920D5C7F9632C20B132886E62F5D4B3A66A31B853F62FB32AFD3BAC99DE8EFAE075F100A2DA5CBF39EDB53891529FFCD909ED62667E850EF4AD701B714588465AB8DCE4B178071C9DA54D7548B835F624E2BB598E30D689887CF8CDB968E97FC3B6E697F74FA36C1E789737AE8D619C00A3D83C61267FAE2D23BBB4D55AA10203010001A382047D308204793082017F060A2B06010401D6790204020482016F0482016B0169007600EECDD064D5DB1ACEC55CB79DB4CD13A23287467CBCECDEC351485946711FB59B0000018694E782980000040300473045022005DCACAC898A2F4D3B02DFDD98C7792831144B48A363E75A275CA8EC89E60284022100AF2554A3AA397E8A7E862F9D461B8D7D905EBF7D7AA90390B1E5D527BE55C092007700DAB6BF6B3FB5B6229F9BC2BB5C6BE87091716CBB51848534BDA43D3048D7FBAB0000018694E782A50000040300483046022100E8A627316F24D213B8CF2AE1D1FE0507D6130658B73C9EAF186601C9F6FF2120022100AA39F2AA7C9FF92F32793A80AFBE2B81A948A4FAC40CFF70C70E14CCB092969900760073D99E891B4C9678A0207D479DE6B2C61CD0515E71192A8C6B80107AC17772B50000018694E782FB0000040300473045022100C793C09C445C5FF075DB940AA536EEB8A4D40A502B6E8D71E9935271DB627B4A022028BDFED0C3F88A1EDBCD8A2B22C14A9A29B3B9BBD2BB6D71DF191E9087046148302706092B060104018237150A041A3018300A06082B06010505070302300A06082B06010505070301303C06092B0601040182371507042F302D06252B060104018237150887BDD71B81E7EB4682819D2E8ED00C87F0DA1D5D8284E56982F3A73E0201640201253081AE06082B060105050701010481A130819E306D06082B060105050730028661687474703A2F2F7777772E6D6963726F736F66742E636F6D2F706B696F70732F63657274732F4D6963726F736F6674253230417A757265253230544C5325323049737375696E67253230434125323030312532302D253230787369676E2E637274302D06082B060105050730018621687474703A2F2F6F6E656F6373702E6D6963726F736F66742E636F6D2F6F637370301D0603551D0E04160414D9F803AB18BB499992C92295500B877A904F4CB4300E0603551D0F0101FF0404030204B03081900603551D110481883081858260636C69746573746D69796D6E6768733370723532666C7A767965786134376478776578797A32626D627A327475367776337361616263677178733264336E2E3165366439306461353031362E64617461626173652E77696E646F77732E6E657482213165366439306461353031362E64617461626173652E77696E646F77732E6E6574300C0603551D130101FF0402300030640603551D1F045D305B3059A057A0558653687474703A2F2F7777772E6D6963726F736F66742E636F6D2F706B696F70732F63726C2F4D6963726F736F6674253230417A757265253230544C5325323049737375696E67253230434125323030312E63726C30660603551D20045F305D3051060C2B0601040182374C837D01013041303F06082B060105050702011633687474703A2F2F7777772E6D6963726F736F66742E636F6D2F706B696F70732F446F63732F5265706F7369746F72792E68746D3008060667810C010202301F0603551D230418301680140F205DD7A15795DB92CF2BD0C7C27704CE728076301D0603551D250416301406082B0601050507030206082B06010505070301300D06092A864886F70D01010C0500038202010095BBEE008B9E5093B851AE964F4C88B01DB172397842B4147F4D56825A17CB38E15491F8A23B4751CCCDEB77B21699A39BBA74F9FBB92AD17C9FA4F87C2D78CCCE3F57E35FB4AB47C89B8B99DEA531F8B8A5AA9912F656C1362E4E91948A88A5B97DEE3B76A059E835B4D648C98EA10775BC19D28232A0626A02D65EB996D23B84F5B52320F5B9E7E64F2BF6D849FFC618A4013AFD277028E8C673A673504386E0556ACE87AC83E1D62B64C13972433523E24F2399ED61F95339AFD7805D8FFDE2FC152CC1FC6A894E46F4EB13D0A629D0D17A0DDA884F7D80B4B874F7AF5BF8461AB7FCE3CEE4560289DCEED1B79F6A4ADB0DDA51E884893873B9B6DDC4CC12604414E3D455923AE5B8BC008C2498D678AD3642DFEF11218A88B14968F13E87208D3841CB6743CEF8F81C0181C062A23E695782478DB64E62E4D4D570E5C17582C9F3841417FF9EA9094DD00D7F365F39315D8F1A6179E665D1860DBF6BFB4D03D515FC62C6FD4752BAD0FEF057E150FF1B7B3A9E5A1DD31D536CA2A4C0C76495DCB9DBE12BC1F1EFD9A8FBD539D63EBB9C52203E58243307D545ACB37B23984EB381729FACE83555D4E8178F59DE68D18061FB3F55ABAD4FA91FE85AB116ADC8DA6122A7DA0E49FBA1F7FC038F50F14E6736D9A69EA57AB4611C00DCD0DEC03AD3CD1C03C012F603825B9465FDAACD9337C045E96F6BFFC8B29DC953F533D3"},"id":"/subscriptions/00000000-0000-0000-0000-000000000000/resourceGroups/CustomerExperienceTeam_RG/providers/Microsoft.Sql/managedInstances/clitestmi000001/endpointCertificates/DATABASE_MIRRORING","name":"DATABASE_MIRRORING","type":"Microsoft.Sql/managedInstances/endpointCertificates"}'
    headers:
      cache-control:
      - no-cache
      content-length:
      - '4864'
      content-type:
      - application/json; charset=utf-8
      date:
      - Mon, 27 Feb 2023 22:08:27 GMT
      expires:
      - '-1'
      pragma:
      - no-cache
      server:
      - Microsoft-HTTPAPI/2.0
      strict-transport-security:
      - max-age=31536000; includeSubDomains
      transfer-encoding:
      - chunked
      vary:
      - Accept-Encoding
      x-content-type-options:
      - nosniff
    status:
      code: 200
      message: OK
- request:
    body: null
    headers:
      Accept:
      - application/json
      Accept-Encoding:
      - gzip, deflate
      CommandName:
      - sql mi endpoint-cert show
      Connection:
      - keep-alive
      ParameterSetName:
      - -g --instance-name --endpoint-type
      User-Agent:
      - AZURECLI/2.45.0 (AAZ) azsdk-python-core/1.24.0 Python/3.9.5 (Windows-10-10.0.22621-SP0)
    method: GET
    uri: https://management.azure.com/subscriptions/00000000-0000-0000-0000-000000000000/resourceGroups/CustomerExperienceTeam_RG/providers/Microsoft.Sql/managedInstances/clitestmi000001/endpointCertificates/SERVICE_BROKER?api-version=2022-02-01-preview
  response:
    body:
      string: '{"properties":{"publicBlob":"308208DD308206C5A00302010202133300959999243E4C358C25BC38000000959999300D06092A864886F70D01010C05003059310B3009060355040613025553311E301C060355040A13154D6963726F736F667420436F72706F726174696F6E312A3028060355040313214D6963726F736F667420417A75726520544C532049737375696E67204341203031301E170D3233303232373231353430325A170D3234303232323231353430325A3078310B3009060355040613025553310B30090603550408130257413110300E060355040713075265646D6F6E64311E301C060355040A13154D6963726F736F667420436F72706F726174696F6E312A3028060355040313213165366439306461353031362E64617461626173652E77696E646F77732E6E657430820122300D06092A864886F70D01010105000382010F003082010A0282010100B2BE337C5B565AEA6A47009015D535628DB947EBB5917B052B26D9A17941285074E6B51196147C07D15F15816F83C83B14BB030CF9D68BC2F451479C87EC3224C28D480A9FBA70B2FB04373652C104AE0EE422B4228D82A19171D929AE3BD27639A93A087BBA2CBD7CC2F87E747B99342504D410B25A4FA1C59F3C412E79C70D44B920D5C7F9632C20B132886E62F5D4B3A66A31B853F62FB32AFD3BAC99DE8EFAE075F100A2DA5CBF39EDB53891529FFCD909ED62667E850EF4AD701B714588465AB8DCE4B178071C9DA54D7548B835F624E2BB598E30D689887CF8CDB968E97FC3B6E697F74FA36C1E789737AE8D619C00A3D83C61267FAE2D23BBB4D55AA10203010001A382047D308204793082017F060A2B06010401D6790204020482016F0482016B0169007600EECDD064D5DB1ACEC55CB79DB4CD13A23287467CBCECDEC351485946711FB59B0000018694E782980000040300473045022005DCACAC898A2F4D3B02DFDD98C7792831144B48A363E75A275CA8EC89E60284022100AF2554A3AA397E8A7E862F9D461B8D7D905EBF7D7AA90390B1E5D527BE55C092007700DAB6BF6B3FB5B6229F9BC2BB5C6BE87091716CBB51848534BDA43D3048D7FBAB0000018694E782A50000040300483046022100E8A627316F24D213B8CF2AE1D1FE0507D6130658B73C9EAF186601C9F6FF2120022100AA39F2AA7C9FF92F32793A80AFBE2B81A948A4FAC40CFF70C70E14CCB092969900760073D99E891B4C9678A0207D479DE6B2C61CD0515E71192A8C6B80107AC17772B50000018694E782FB0000040300473045022100C793C09C445C5FF075DB940AA536EEB8A4D40A502B6E8D71E9935271DB627B4A022028BDFED0C3F88A1EDBCD8A2B22C14A9A29B3B9BBD2BB6D71DF191E9087046148302706092B060104018237150A041A3018300A06082B06010505070302300A06082B06010505070301303C06092B0601040182371507042F302D06252B060104018237150887BDD71B81E7EB4682819D2E8ED00C87F0DA1D5D8284E56982F3A73E0201640201253081AE06082B060105050701010481A130819E306D06082B060105050730028661687474703A2F2F7777772E6D6963726F736F66742E636F6D2F706B696F70732F63657274732F4D6963726F736F6674253230417A757265253230544C5325323049737375696E67253230434125323030312532302D253230787369676E2E637274302D06082B060105050730018621687474703A2F2F6F6E656F6373702E6D6963726F736F66742E636F6D2F6F637370301D0603551D0E04160414D9F803AB18BB499992C92295500B877A904F4CB4300E0603551D0F0101FF0404030204B03081900603551D110481883081858260636C69746573746D69796D6E6768733370723532666C7A767965786134376478776578797A32626D627A327475367776337361616263677178733264336E2E3165366439306461353031362E64617461626173652E77696E646F77732E6E657482213165366439306461353031362E64617461626173652E77696E646F77732E6E6574300C0603551D130101FF0402300030640603551D1F045D305B3059A057A0558653687474703A2F2F7777772E6D6963726F736F66742E636F6D2F706B696F70732F63726C2F4D6963726F736F6674253230417A757265253230544C5325323049737375696E67253230434125323030312E63726C30660603551D20045F305D3051060C2B0601040182374C837D01013041303F06082B060105050702011633687474703A2F2F7777772E6D6963726F736F66742E636F6D2F706B696F70732F446F63732F5265706F7369746F72792E68746D3008060667810C010202301F0603551D230418301680140F205DD7A15795DB92CF2BD0C7C27704CE728076301D0603551D250416301406082B0601050507030206082B06010505070301300D06092A864886F70D01010C0500038202010095BBEE008B9E5093B851AE964F4C88B01DB172397842B4147F4D56825A17CB38E15491F8A23B4751CCCDEB77B21699A39BBA74F9FBB92AD17C9FA4F87C2D78CCCE3F57E35FB4AB47C89B8B99DEA531F8B8A5AA9912F656C1362E4E91948A88A5B97DEE3B76A059E835B4D648C98EA10775BC19D28232A0626A02D65EB996D23B84F5B52320F5B9E7E64F2BF6D849FFC618A4013AFD277028E8C673A673504386E0556ACE87AC83E1D62B64C13972433523E24F2399ED61F95339AFD7805D8FFDE2FC152CC1FC6A894E46F4EB13D0A629D0D17A0DDA884F7D80B4B874F7AF5BF8461AB7FCE3CEE4560289DCEED1B79F6A4ADB0DDA51E884893873B9B6DDC4CC12604414E3D455923AE5B8BC008C2498D678AD3642DFEF11218A88B14968F13E87208D3841CB6743CEF8F81C0181C062A23E695782478DB64E62E4D4D570E5C17582C9F3841417FF9EA9094DD00D7F365F39315D8F1A6179E665D1860DBF6BFB4D03D515FC62C6FD4752BAD0FEF057E150FF1B7B3A9E5A1DD31D536CA2A4C0C76495DCB9DBE12BC1F1EFD9A8FBD539D63EBB9C52203E58243307D545ACB37B23984EB381729FACE83555D4E8178F59DE68D18061FB3F55ABAD4FA91FE85AB116ADC8DA6122A7DA0E49FBA1F7FC038F50F14E6736D9A69EA57AB4611C00DCD0DEC03AD3CD1C03C012F603825B9465FDAACD9337C045E96F6BFFC8B29DC953F533D3"},"id":"/subscriptions/00000000-0000-0000-0000-000000000000/resourceGroups/CustomerExperienceTeam_RG/providers/Microsoft.Sql/managedInstances/clitestmi000001/endpointCertificates/SERVICE_BROKER","name":"SERVICE_BROKER","type":"Microsoft.Sql/managedInstances/endpointCertificates"}'
    headers:
      cache-control:
      - no-cache
      content-length:
      - '4856'
      content-type:
      - application/json; charset=utf-8
      date:
      - Mon, 27 Feb 2023 22:08:28 GMT
      expires:
      - '-1'
      pragma:
      - no-cache
      server:
      - Microsoft-HTTPAPI/2.0
      strict-transport-security:
      - max-age=31536000; includeSubDomains
      transfer-encoding:
      - chunked
      vary:
      - Accept-Encoding
      x-content-type-options:
      - nosniff
    status:
      code: 200
      message: OK
- request:
    body: null
    headers:
      Accept:
      - application/json
      Accept-Encoding:
      - gzip, deflate
      CommandName:
      - sql mi endpoint-cert show
      Connection:
      - keep-alive
      ParameterSetName:
      - --ids
      User-Agent:
      - AZURECLI/2.45.0 (AAZ) azsdk-python-core/1.24.0 Python/3.9.5 (Windows-10-10.0.22621-SP0)
    method: GET
    uri: https://management.azure.com/subscriptions/00000000-0000-0000-0000-000000000000/resourceGroups/CustomerExperienceTeam_RG/providers/Microsoft.Sql/managedInstances/clitestmi000001/endpointCertificates/DATABASE_MIRRORING?api-version=2022-02-01-preview
  response:
    body:
      string: '{"properties":{"publicBlob":"308208DD308206C5A00302010202133300959999243E4C358C25BC38000000959999300D06092A864886F70D01010C05003059310B3009060355040613025553311E301C060355040A13154D6963726F736F667420436F72706F726174696F6E312A3028060355040313214D6963726F736F667420417A75726520544C532049737375696E67204341203031301E170D3233303232373231353430325A170D3234303232323231353430325A3078310B3009060355040613025553310B30090603550408130257413110300E060355040713075265646D6F6E64311E301C060355040A13154D6963726F736F667420436F72706F726174696F6E312A3028060355040313213165366439306461353031362E64617461626173652E77696E646F77732E6E657430820122300D06092A864886F70D01010105000382010F003082010A0282010100B2BE337C5B565AEA6A47009015D535628DB947EBB5917B052B26D9A17941285074E6B51196147C07D15F15816F83C83B14BB030CF9D68BC2F451479C87EC3224C28D480A9FBA70B2FB04373652C104AE0EE422B4228D82A19171D929AE3BD27639A93A087BBA2CBD7CC2F87E747B99342504D410B25A4FA1C59F3C412E79C70D44B920D5C7F9632C20B132886E62F5D4B3A66A31B853F62FB32AFD3BAC99DE8EFAE075F100A2DA5CBF39EDB53891529FFCD909ED62667E850EF4AD701B714588465AB8DCE4B178071C9DA54D7548B835F624E2BB598E30D689887CF8CDB968E97FC3B6E697F74FA36C1E789737AE8D619C00A3D83C61267FAE2D23BBB4D55AA10203010001A382047D308204793082017F060A2B06010401D6790204020482016F0482016B0169007600EECDD064D5DB1ACEC55CB79DB4CD13A23287467CBCECDEC351485946711FB59B0000018694E782980000040300473045022005DCACAC898A2F4D3B02DFDD98C7792831144B48A363E75A275CA8EC89E60284022100AF2554A3AA397E8A7E862F9D461B8D7D905EBF7D7AA90390B1E5D527BE55C092007700DAB6BF6B3FB5B6229F9BC2BB5C6BE87091716CBB51848534BDA43D3048D7FBAB0000018694E782A50000040300483046022100E8A627316F24D213B8CF2AE1D1FE0507D6130658B73C9EAF186601C9F6FF2120022100AA39F2AA7C9FF92F32793A80AFBE2B81A948A4FAC40CFF70C70E14CCB092969900760073D99E891B4C9678A0207D479DE6B2C61CD0515E71192A8C6B80107AC17772B50000018694E782FB0000040300473045022100C793C09C445C5FF075DB940AA536EEB8A4D40A502B6E8D71E9935271DB627B4A022028BDFED0C3F88A1EDBCD8A2B22C14A9A29B3B9BBD2BB6D71DF191E9087046148302706092B060104018237150A041A3018300A06082B06010505070302300A06082B06010505070301303C06092B0601040182371507042F302D06252B060104018237150887BDD71B81E7EB4682819D2E8ED00C87F0DA1D5D8284E56982F3A73E0201640201253081AE06082B060105050701010481A130819E306D06082B060105050730028661687474703A2F2F7777772E6D6963726F736F66742E636F6D2F706B696F70732F63657274732F4D6963726F736F6674253230417A757265253230544C5325323049737375696E67253230434125323030312532302D253230787369676E2E637274302D06082B060105050730018621687474703A2F2F6F6E656F6373702E6D6963726F736F66742E636F6D2F6F637370301D0603551D0E04160414D9F803AB18BB499992C92295500B877A904F4CB4300E0603551D0F0101FF0404030204B03081900603551D110481883081858260636C69746573746D69796D6E6768733370723532666C7A767965786134376478776578797A32626D627A327475367776337361616263677178733264336E2E3165366439306461353031362E64617461626173652E77696E646F77732E6E657482213165366439306461353031362E64617461626173652E77696E646F77732E6E6574300C0603551D130101FF0402300030640603551D1F045D305B3059A057A0558653687474703A2F2F7777772E6D6963726F736F66742E636F6D2F706B696F70732F63726C2F4D6963726F736F6674253230417A757265253230544C5325323049737375696E67253230434125323030312E63726C30660603551D20045F305D3051060C2B0601040182374C837D01013041303F06082B060105050702011633687474703A2F2F7777772E6D6963726F736F66742E636F6D2F706B696F70732F446F63732F5265706F7369746F72792E68746D3008060667810C010202301F0603551D230418301680140F205DD7A15795DB92CF2BD0C7C27704CE728076301D0603551D250416301406082B0601050507030206082B06010505070301300D06092A864886F70D01010C0500038202010095BBEE008B9E5093B851AE964F4C88B01DB172397842B4147F4D56825A17CB38E15491F8A23B4751CCCDEB77B21699A39BBA74F9FBB92AD17C9FA4F87C2D78CCCE3F57E35FB4AB47C89B8B99DEA531F8B8A5AA9912F656C1362E4E91948A88A5B97DEE3B76A059E835B4D648C98EA10775BC19D28232A0626A02D65EB996D23B84F5B52320F5B9E7E64F2BF6D849FFC618A4013AFD277028E8C673A673504386E0556ACE87AC83E1D62B64C13972433523E24F2399ED61F95339AFD7805D8FFDE2FC152CC1FC6A894E46F4EB13D0A629D0D17A0DDA884F7D80B4B874F7AF5BF8461AB7FCE3CEE4560289DCEED1B79F6A4ADB0DDA51E884893873B9B6DDC4CC12604414E3D455923AE5B8BC008C2498D678AD3642DFEF11218A88B14968F13E87208D3841CB6743CEF8F81C0181C062A23E695782478DB64E62E4D4D570E5C17582C9F3841417FF9EA9094DD00D7F365F39315D8F1A6179E665D1860DBF6BFB4D03D515FC62C6FD4752BAD0FEF057E150FF1B7B3A9E5A1DD31D536CA2A4C0C76495DCB9DBE12BC1F1EFD9A8FBD539D63EBB9C52203E58243307D545ACB37B23984EB381729FACE83555D4E8178F59DE68D18061FB3F55ABAD4FA91FE85AB116ADC8DA6122A7DA0E49FBA1F7FC038F50F14E6736D9A69EA57AB4611C00DCD0DEC03AD3CD1C03C012F603825B9465FDAACD9337C045E96F6BFFC8B29DC953F533D3"},"id":"/subscriptions/00000000-0000-0000-0000-000000000000/resourceGroups/CustomerExperienceTeam_RG/providers/Microsoft.Sql/managedInstances/clitestmi000001/endpointCertificates/DATABASE_MIRRORING","name":"DATABASE_MIRRORING","type":"Microsoft.Sql/managedInstances/endpointCertificates"}'
    headers:
      cache-control:
      - no-cache
      content-length:
      - '4864'
      content-type:
      - application/json; charset=utf-8
      date:
      - Mon, 27 Feb 2023 22:08:29 GMT
      expires:
      - '-1'
      pragma:
      - no-cache
      server:
      - Microsoft-HTTPAPI/2.0
      strict-transport-security:
      - max-age=31536000; includeSubDomains
      transfer-encoding:
      - chunked
      vary:
      - Accept-Encoding
      x-content-type-options:
      - nosniff
    status:
      code: 200
      message: OK
- request:
    body: null
    headers:
      Accept:
      - application/json
      Accept-Encoding:
      - gzip, deflate
      CommandName:
      - sql mi endpoint-cert show
      Connection:
      - keep-alive
      ParameterSetName:
      - --ids
      User-Agent:
      - AZURECLI/2.45.0 (AAZ) azsdk-python-core/1.24.0 Python/3.9.5 (Windows-10-10.0.22621-SP0)
    method: GET
    uri: https://management.azure.com/subscriptions/00000000-0000-0000-0000-000000000000/resourceGroups/CustomerExperienceTeam_RG/providers/Microsoft.Sql/managedInstances/clitestmi000001/endpointCertificates/SERVICE_BROKER?api-version=2022-02-01-preview
  response:
    body:
      string: '{"properties":{"publicBlob":"308208DD308206C5A00302010202133300959999243E4C358C25BC38000000959999300D06092A864886F70D01010C05003059310B3009060355040613025553311E301C060355040A13154D6963726F736F667420436F72706F726174696F6E312A3028060355040313214D6963726F736F667420417A75726520544C532049737375696E67204341203031301E170D3233303232373231353430325A170D3234303232323231353430325A3078310B3009060355040613025553310B30090603550408130257413110300E060355040713075265646D6F6E64311E301C060355040A13154D6963726F736F667420436F72706F726174696F6E312A3028060355040313213165366439306461353031362E64617461626173652E77696E646F77732E6E657430820122300D06092A864886F70D01010105000382010F003082010A0282010100B2BE337C5B565AEA6A47009015D535628DB947EBB5917B052B26D9A17941285074E6B51196147C07D15F15816F83C83B14BB030CF9D68BC2F451479C87EC3224C28D480A9FBA70B2FB04373652C104AE0EE422B4228D82A19171D929AE3BD27639A93A087BBA2CBD7CC2F87E747B99342504D410B25A4FA1C59F3C412E79C70D44B920D5C7F9632C20B132886E62F5D4B3A66A31B853F62FB32AFD3BAC99DE8EFAE075F100A2DA5CBF39EDB53891529FFCD909ED62667E850EF4AD701B714588465AB8DCE4B178071C9DA54D7548B835F624E2BB598E30D689887CF8CDB968E97FC3B6E697F74FA36C1E789737AE8D619C00A3D83C61267FAE2D23BBB4D55AA10203010001A382047D308204793082017F060A2B06010401D6790204020482016F0482016B0169007600EECDD064D5DB1ACEC55CB79DB4CD13A23287467CBCECDEC351485946711FB59B0000018694E782980000040300473045022005DCACAC898A2F4D3B02DFDD98C7792831144B48A363E75A275CA8EC89E60284022100AF2554A3AA397E8A7E862F9D461B8D7D905EBF7D7AA90390B1E5D527BE55C092007700DAB6BF6B3FB5B6229F9BC2BB5C6BE87091716CBB51848534BDA43D3048D7FBAB0000018694E782A50000040300483046022100E8A627316F24D213B8CF2AE1D1FE0507D6130658B73C9EAF186601C9F6FF2120022100AA39F2AA7C9FF92F32793A80AFBE2B81A948A4FAC40CFF70C70E14CCB092969900760073D99E891B4C9678A0207D479DE6B2C61CD0515E71192A8C6B80107AC17772B50000018694E782FB0000040300473045022100C793C09C445C5FF075DB940AA536EEB8A4D40A502B6E8D71E9935271DB627B4A022028BDFED0C3F88A1EDBCD8A2B22C14A9A29B3B9BBD2BB6D71DF191E9087046148302706092B060104018237150A041A3018300A06082B06010505070302300A06082B06010505070301303C06092B0601040182371507042F302D06252B060104018237150887BDD71B81E7EB4682819D2E8ED00C87F0DA1D5D8284E56982F3A73E0201640201253081AE06082B060105050701010481A130819E306D06082B060105050730028661687474703A2F2F7777772E6D6963726F736F66742E636F6D2F706B696F70732F63657274732F4D6963726F736F6674253230417A757265253230544C5325323049737375696E67253230434125323030312532302D253230787369676E2E637274302D06082B060105050730018621687474703A2F2F6F6E656F6373702E6D6963726F736F66742E636F6D2F6F637370301D0603551D0E04160414D9F803AB18BB499992C92295500B877A904F4CB4300E0603551D0F0101FF0404030204B03081900603551D110481883081858260636C69746573746D69796D6E6768733370723532666C7A767965786134376478776578797A32626D627A327475367776337361616263677178733264336E2E3165366439306461353031362E64617461626173652E77696E646F77732E6E657482213165366439306461353031362E64617461626173652E77696E646F77732E6E6574300C0603551D130101FF0402300030640603551D1F045D305B3059A057A0558653687474703A2F2F7777772E6D6963726F736F66742E636F6D2F706B696F70732F63726C2F4D6963726F736F6674253230417A757265253230544C5325323049737375696E67253230434125323030312E63726C30660603551D20045F305D3051060C2B0601040182374C837D01013041303F06082B060105050702011633687474703A2F2F7777772E6D6963726F736F66742E636F6D2F706B696F70732F446F63732F5265706F7369746F72792E68746D3008060667810C010202301F0603551D230418301680140F205DD7A15795DB92CF2BD0C7C27704CE728076301D0603551D250416301406082B0601050507030206082B06010505070301300D06092A864886F70D01010C0500038202010095BBEE008B9E5093B851AE964F4C88B01DB172397842B4147F4D56825A17CB38E15491F8A23B4751CCCDEB77B21699A39BBA74F9FBB92AD17C9FA4F87C2D78CCCE3F57E35FB4AB47C89B8B99DEA531F8B8A5AA9912F656C1362E4E91948A88A5B97DEE3B76A059E835B4D648C98EA10775BC19D28232A0626A02D65EB996D23B84F5B52320F5B9E7E64F2BF6D849FFC618A4013AFD277028E8C673A673504386E0556ACE87AC83E1D62B64C13972433523E24F2399ED61F95339AFD7805D8FFDE2FC152CC1FC6A894E46F4EB13D0A629D0D17A0DDA884F7D80B4B874F7AF5BF8461AB7FCE3CEE4560289DCEED1B79F6A4ADB0DDA51E884893873B9B6DDC4CC12604414E3D455923AE5B8BC008C2498D678AD3642DFEF11218A88B14968F13E87208D3841CB6743CEF8F81C0181C062A23E695782478DB64E62E4D4D570E5C17582C9F3841417FF9EA9094DD00D7F365F39315D8F1A6179E665D1860DBF6BFB4D03D515FC62C6FD4752BAD0FEF057E150FF1B7B3A9E5A1DD31D536CA2A4C0C76495DCB9DBE12BC1F1EFD9A8FBD539D63EBB9C52203E58243307D545ACB37B23984EB381729FACE83555D4E8178F59DE68D18061FB3F55ABAD4FA91FE85AB116ADC8DA6122A7DA0E49FBA1F7FC038F50F14E6736D9A69EA57AB4611C00DCD0DEC03AD3CD1C03C012F603825B9465FDAACD9337C045E96F6BFFC8B29DC953F533D3"},"id":"/subscriptions/00000000-0000-0000-0000-000000000000/resourceGroups/CustomerExperienceTeam_RG/providers/Microsoft.Sql/managedInstances/clitestmi000001/endpointCertificates/SERVICE_BROKER","name":"SERVICE_BROKER","type":"Microsoft.Sql/managedInstances/endpointCertificates"}'
    headers:
      cache-control:
      - no-cache
      content-length:
      - '4856'
      content-type:
      - application/json; charset=utf-8
      date:
      - Mon, 27 Feb 2023 22:08:30 GMT
      expires:
      - '-1'
      pragma:
      - no-cache
      server:
      - Microsoft-HTTPAPI/2.0
      strict-transport-security:
      - max-age=31536000; includeSubDomains
      transfer-encoding:
      - chunked
      vary:
      - Accept-Encoding
      x-content-type-options:
      - nosniff
    status:
      code: 200
      message: OK
- request:
    body: null
    headers:
      Accept:
      - application/json
      Accept-Encoding:
      - gzip, deflate
      CommandName:
      - sql mi endpoint-cert list
      Connection:
      - keep-alive
      ParameterSetName:
      - -g --instance-name
      User-Agent:
      - AZURECLI/2.45.0 (AAZ) azsdk-python-core/1.24.0 Python/3.9.5 (Windows-10-10.0.22621-SP0)
    method: GET
    uri: https://management.azure.com/subscriptions/00000000-0000-0000-0000-000000000000/resourceGroups/CustomerExperienceTeam_RG/providers/Microsoft.Sql/managedInstances/clitestmi000001/endpointCertificates?api-version=2022-02-01-preview
  response:
    body:
      string: '{"value":[{"properties":{"publicBlob":"308208DD308206C5A00302010202133300959999243E4C358C25BC38000000959999300D06092A864886F70D01010C05003059310B3009060355040613025553311E301C060355040A13154D6963726F736F667420436F72706F726174696F6E312A3028060355040313214D6963726F736F667420417A75726520544C532049737375696E67204341203031301E170D3233303232373231353430325A170D3234303232323231353430325A3078310B3009060355040613025553310B30090603550408130257413110300E060355040713075265646D6F6E64311E301C060355040A13154D6963726F736F667420436F72706F726174696F6E312A3028060355040313213165366439306461353031362E64617461626173652E77696E646F77732E6E657430820122300D06092A864886F70D01010105000382010F003082010A0282010100B2BE337C5B565AEA6A47009015D535628DB947EBB5917B052B26D9A17941285074E6B51196147C07D15F15816F83C83B14BB030CF9D68BC2F451479C87EC3224C28D480A9FBA70B2FB04373652C104AE0EE422B4228D82A19171D929AE3BD27639A93A087BBA2CBD7CC2F87E747B99342504D410B25A4FA1C59F3C412E79C70D44B920D5C7F9632C20B132886E62F5D4B3A66A31B853F62FB32AFD3BAC99DE8EFAE075F100A2DA5CBF39EDB53891529FFCD909ED62667E850EF4AD701B714588465AB8DCE4B178071C9DA54D7548B835F624E2BB598E30D689887CF8CDB968E97FC3B6E697F74FA36C1E789737AE8D619C00A3D83C61267FAE2D23BBB4D55AA10203010001A382047D308204793082017F060A2B06010401D6790204020482016F0482016B0169007600EECDD064D5DB1ACEC55CB79DB4CD13A23287467CBCECDEC351485946711FB59B0000018694E782980000040300473045022005DCACAC898A2F4D3B02DFDD98C7792831144B48A363E75A275CA8EC89E60284022100AF2554A3AA397E8A7E862F9D461B8D7D905EBF7D7AA90390B1E5D527BE55C092007700DAB6BF6B3FB5B6229F9BC2BB5C6BE87091716CBB51848534BDA43D3048D7FBAB0000018694E782A50000040300483046022100E8A627316F24D213B8CF2AE1D1FE0507D6130658B73C9EAF186601C9F6FF2120022100AA39F2AA7C9FF92F32793A80AFBE2B81A948A4FAC40CFF70C70E14CCB092969900760073D99E891B4C9678A0207D479DE6B2C61CD0515E71192A8C6B80107AC17772B50000018694E782FB0000040300473045022100C793C09C445C5FF075DB940AA536EEB8A4D40A502B6E8D71E9935271DB627B4A022028BDFED0C3F88A1EDBCD8A2B22C14A9A29B3B9BBD2BB6D71DF191E9087046148302706092B060104018237150A041A3018300A06082B06010505070302300A06082B06010505070301303C06092B0601040182371507042F302D06252B060104018237150887BDD71B81E7EB4682819D2E8ED00C87F0DA1D5D8284E56982F3A73E0201640201253081AE06082B060105050701010481A130819E306D06082B060105050730028661687474703A2F2F7777772E6D6963726F736F66742E636F6D2F706B696F70732F63657274732F4D6963726F736F6674253230417A757265253230544C5325323049737375696E67253230434125323030312532302D253230787369676E2E637274302D06082B060105050730018621687474703A2F2F6F6E656F6373702E6D6963726F736F66742E636F6D2F6F637370301D0603551D0E04160414D9F803AB18BB499992C92295500B877A904F4CB4300E0603551D0F0101FF0404030204B03081900603551D110481883081858260636C69746573746D69796D6E6768733370723532666C7A767965786134376478776578797A32626D627A327475367776337361616263677178733264336E2E3165366439306461353031362E64617461626173652E77696E646F77732E6E657482213165366439306461353031362E64617461626173652E77696E646F77732E6E6574300C0603551D130101FF0402300030640603551D1F045D305B3059A057A0558653687474703A2F2F7777772E6D6963726F736F66742E636F6D2F706B696F70732F63726C2F4D6963726F736F6674253230417A757265253230544C5325323049737375696E67253230434125323030312E63726C30660603551D20045F305D3051060C2B0601040182374C837D01013041303F06082B060105050702011633687474703A2F2F7777772E6D6963726F736F66742E636F6D2F706B696F70732F446F63732F5265706F7369746F72792E68746D3008060667810C010202301F0603551D230418301680140F205DD7A15795DB92CF2BD0C7C27704CE728076301D0603551D250416301406082B0601050507030206082B06010505070301300D06092A864886F70D01010C0500038202010095BBEE008B9E5093B851AE964F4C88B01DB172397842B4147F4D56825A17CB38E15491F8A23B4751CCCDEB77B21699A39BBA74F9FBB92AD17C9FA4F87C2D78CCCE3F57E35FB4AB47C89B8B99DEA531F8B8A5AA9912F656C1362E4E91948A88A5B97DEE3B76A059E835B4D648C98EA10775BC19D28232A0626A02D65EB996D23B84F5B52320F5B9E7E64F2BF6D849FFC618A4013AFD277028E8C673A673504386E0556ACE87AC83E1D62B64C13972433523E24F2399ED61F95339AFD7805D8FFDE2FC152CC1FC6A894E46F4EB13D0A629D0D17A0DDA884F7D80B4B874F7AF5BF8461AB7FCE3CEE4560289DCEED1B79F6A4ADB0DDA51E884893873B9B6DDC4CC12604414E3D455923AE5B8BC008C2498D678AD3642DFEF11218A88B14968F13E87208D3841CB6743CEF8F81C0181C062A23E695782478DB64E62E4D4D570E5C17582C9F3841417FF9EA9094DD00D7F365F39315D8F1A6179E665D1860DBF6BFB4D03D515FC62C6FD4752BAD0FEF057E150FF1B7B3A9E5A1DD31D536CA2A4C0C76495DCB9DBE12BC1F1EFD9A8FBD539D63EBB9C52203E58243307D545ACB37B23984EB381729FACE83555D4E8178F59DE68D18061FB3F55ABAD4FA91FE85AB116ADC8DA6122A7DA0E49FBA1F7FC038F50F14E6736D9A69EA57AB4611C00DCD0DEC03AD3CD1C03C012F603825B9465FDAACD9337C045E96F6BFFC8B29DC953F533D3"},"id":"/subscriptions/00000000-0000-0000-0000-000000000000/resourceGroups/CustomerExperienceTeam_RG/providers/Microsoft.Sql/managedInstances/clitestmi000001/endpointCertificates/SERVICE_BROKER","name":"SERVICE_BROKER","type":"Microsoft.Sql/managedInstances/endpointCertificates"},{"properties":{"publicBlob":"308208DD308206C5A00302010202133300959999243E4C358C25BC38000000959999300D06092A864886F70D01010C05003059310B3009060355040613025553311E301C060355040A13154D6963726F736F667420436F72706F726174696F6E312A3028060355040313214D6963726F736F667420417A75726520544C532049737375696E67204341203031301E170D3233303232373231353430325A170D3234303232323231353430325A3078310B3009060355040613025553310B30090603550408130257413110300E060355040713075265646D6F6E64311E301C060355040A13154D6963726F736F667420436F72706F726174696F6E312A3028060355040313213165366439306461353031362E64617461626173652E77696E646F77732E6E657430820122300D06092A864886F70D01010105000382010F003082010A0282010100B2BE337C5B565AEA6A47009015D535628DB947EBB5917B052B26D9A17941285074E6B51196147C07D15F15816F83C83B14BB030CF9D68BC2F451479C87EC3224C28D480A9FBA70B2FB04373652C104AE0EE422B4228D82A19171D929AE3BD27639A93A087BBA2CBD7CC2F87E747B99342504D410B25A4FA1C59F3C412E79C70D44B920D5C7F9632C20B132886E62F5D4B3A66A31B853F62FB32AFD3BAC99DE8EFAE075F100A2DA5CBF39EDB53891529FFCD909ED62667E850EF4AD701B714588465AB8DCE4B178071C9DA54D7548B835F624E2BB598E30D689887CF8CDB968E97FC3B6E697F74FA36C1E789737AE8D619C00A3D83C61267FAE2D23BBB4D55AA10203010001A382047D308204793082017F060A2B06010401D6790204020482016F0482016B0169007600EECDD064D5DB1ACEC55CB79DB4CD13A23287467CBCECDEC351485946711FB59B0000018694E782980000040300473045022005DCACAC898A2F4D3B02DFDD98C7792831144B48A363E75A275CA8EC89E60284022100AF2554A3AA397E8A7E862F9D461B8D7D905EBF7D7AA90390B1E5D527BE55C092007700DAB6BF6B3FB5B6229F9BC2BB5C6BE87091716CBB51848534BDA43D3048D7FBAB0000018694E782A50000040300483046022100E8A627316F24D213B8CF2AE1D1FE0507D6130658B73C9EAF186601C9F6FF2120022100AA39F2AA7C9FF92F32793A80AFBE2B81A948A4FAC40CFF70C70E14CCB092969900760073D99E891B4C9678A0207D479DE6B2C61CD0515E71192A8C6B80107AC17772B50000018694E782FB0000040300473045022100C793C09C445C5FF075DB940AA536EEB8A4D40A502B6E8D71E9935271DB627B4A022028BDFED0C3F88A1EDBCD8A2B22C14A9A29B3B9BBD2BB6D71DF191E9087046148302706092B060104018237150A041A3018300A06082B06010505070302300A06082B06010505070301303C06092B0601040182371507042F302D06252B060104018237150887BDD71B81E7EB4682819D2E8ED00C87F0DA1D5D8284E56982F3A73E0201640201253081AE06082B060105050701010481A130819E306D06082B060105050730028661687474703A2F2F7777772E6D6963726F736F66742E636F6D2F706B696F70732F63657274732F4D6963726F736F6674253230417A757265253230544C5325323049737375696E67253230434125323030312532302D253230787369676E2E637274302D06082B060105050730018621687474703A2F2F6F6E656F6373702E6D6963726F736F66742E636F6D2F6F637370301D0603551D0E04160414D9F803AB18BB499992C92295500B877A904F4CB4300E0603551D0F0101FF0404030204B03081900603551D110481883081858260636C69746573746D69796D6E6768733370723532666C7A767965786134376478776578797A32626D627A327475367776337361616263677178733264336E2E3165366439306461353031362E64617461626173652E77696E646F77732E6E657482213165366439306461353031362E64617461626173652E77696E646F77732E6E6574300C0603551D130101FF0402300030640603551D1F045D305B3059A057A0558653687474703A2F2F7777772E6D6963726F736F66742E636F6D2F706B696F70732F63726C2F4D6963726F736F6674253230417A757265253230544C5325323049737375696E67253230434125323030312E63726C30660603551D20045F305D3051060C2B0601040182374C837D01013041303F06082B060105050702011633687474703A2F2F7777772E6D6963726F736F66742E636F6D2F706B696F70732F446F63732F5265706F7369746F72792E68746D3008060667810C010202301F0603551D230418301680140F205DD7A15795DB92CF2BD0C7C27704CE728076301D0603551D250416301406082B0601050507030206082B06010505070301300D06092A864886F70D01010C0500038202010095BBEE008B9E5093B851AE964F4C88B01DB172397842B4147F4D56825A17CB38E15491F8A23B4751CCCDEB77B21699A39BBA74F9FBB92AD17C9FA4F87C2D78CCCE3F57E35FB4AB47C89B8B99DEA531F8B8A5AA9912F656C1362E4E91948A88A5B97DEE3B76A059E835B4D648C98EA10775BC19D28232A0626A02D65EB996D23B84F5B52320F5B9E7E64F2BF6D849FFC618A4013AFD277028E8C673A673504386E0556ACE87AC83E1D62B64C13972433523E24F2399ED61F95339AFD7805D8FFDE2FC152CC1FC6A894E46F4EB13D0A629D0D17A0DDA884F7D80B4B874F7AF5BF8461AB7FCE3CEE4560289DCEED1B79F6A4ADB0DDA51E884893873B9B6DDC4CC12604414E3D455923AE5B8BC008C2498D678AD3642DFEF11218A88B14968F13E87208D3841CB6743CEF8F81C0181C062A23E695782478DB64E62E4D4D570E5C17582C9F3841417FF9EA9094DD00D7F365F39315D8F1A6179E665D1860DBF6BFB4D03D515FC62C6FD4752BAD0FEF057E150FF1B7B3A9E5A1DD31D536CA2A4C0C76495DCB9DBE12BC1F1EFD9A8FBD539D63EBB9C52203E58243307D545ACB37B23984EB381729FACE83555D4E8178F59DE68D18061FB3F55ABAD4FA91FE85AB116ADC8DA6122A7DA0E49FBA1F7FC038F50F14E6736D9A69EA57AB4611C00DCD0DEC03AD3CD1C03C012F603825B9465FDAACD9337C045E96F6BFFC8B29DC953F533D3"},"id":"/subscriptions/00000000-0000-0000-0000-000000000000/resourceGroups/CustomerExperienceTeam_RG/providers/Microsoft.Sql/managedInstances/clitestmi000001/endpointCertificates/DATABASE_MIRRORING","name":"DATABASE_MIRRORING","type":"Microsoft.Sql/managedInstances/endpointCertificates"}]}'
    headers:
      cache-control:
      - no-cache
      content-length:
      - '9733'
      content-type:
      - application/json; charset=utf-8
      date:
      - Mon, 27 Feb 2023 22:08:31 GMT
      expires:
      - '-1'
      pragma:
      - no-cache
      server:
      - Microsoft-HTTPAPI/2.0
      strict-transport-security:
      - max-age=31536000; includeSubDomains
      transfer-encoding:
      - chunked
      vary:
      - Accept-Encoding
      x-content-type-options:
      - nosniff
    status:
      code: 200
      message: OK
- request:
    body: null
    headers:
      Accept:
      - '*/*'
      Accept-Encoding:
      - gzip, deflate
      CommandName:
      - sql mi delete
      Connection:
      - keep-alive
      Content-Length:
      - '0'
      ParameterSetName:
      - -g -n --yes --no-wait
      User-Agent:
      - AZURECLI/2.45.0 azsdk-python-mgmt-sql/4.0.0b5 Python/3.9.5 (Windows-10-10.0.22621-SP0)
    method: DELETE
    uri: https://management.azure.com/subscriptions/00000000-0000-0000-0000-000000000000/resourceGroups/CustomerExperienceTeam_RG/providers/Microsoft.Sql/managedInstances/clitestmi000001?api-version=2022-08-01-preview
  response:
    body:
      string: '{"error":{"code":"ResourceGroupNotFound","message":"Resource group
        ''CustomerExperienceTeam_RG'' could not be found."}}'
    headers:
      cache-control:
      - no-cache
      content-length:
      - '117'
      content-type:
      - application/json; charset=utf-8
      date:
      - Mon, 27 Feb 2023 22:08:31 GMT
      expires:
      - '-1'
      pragma:
      - no-cache
      strict-transport-security:
      - max-age=31536000; includeSubDomains
      x-content-type-options:
      - nosniff
      x-ms-failure-cause:
      - gateway
    status:
      code: 404
      message: Not Found
version: 1
