interactions:
- request:
    body: '{"location": "eastus", "properties": {"administratorLogin": "admin123",
      "administratorLoginPassword": "SecretPassword123", "administrators": {}}}'
    headers:
      Accept:
      - application/json
      Accept-Encoding:
      - gzip, deflate
      CommandName:
      - sql server create
      Connection:
      - keep-alive
      Content-Length:
      - '145'
      Content-Type:
      - application/json
      ParameterSetName:
      - -l -g -n -u -p
      User-Agent:
      - AZURECLI/2.45.0 azsdk-python-mgmt-sql/4.0.0b5 Python/3.9.5 (Windows-10-10.0.22621-SP0)
    method: PUT
    uri: https://management.azure.com/subscriptions/00000000-0000-0000-0000-000000000000/resourceGroups/clitest.rg000001/providers/Microsoft.Sql/servers/clitestserver000002?api-version=2022-08-01-preview
  response:
    body:
      string: '{"operation":"UpsertLogicalServer","startTime":"2023-02-25T01:01:34.197Z"}'
    headers:
      azure-asyncoperation:
      - https://management.azure.com/subscriptions/00000000-0000-0000-0000-000000000000/resourceGroups/clitest.rg000001/providers/Microsoft.Sql/locations/eastus/serverAzureAsyncOperation/89c5a2f2-b6d4-4596-89ef-558ea6893fc7?api-version=2022-08-01-preview
      cache-control:
      - no-cache
      content-length:
      - '74'
      content-type:
      - application/json; charset=utf-8
      date:
      - Sat, 25 Feb 2023 01:01:34 GMT
      expires:
      - '-1'
      location:
      - https://management.azure.com/subscriptions/00000000-0000-0000-0000-000000000000/resourceGroups/clitest.rg000001/providers/Microsoft.Sql/locations/eastus/serverOperationResults/89c5a2f2-b6d4-4596-89ef-558ea6893fc7?api-version=2022-08-01-preview
      pragma:
      - no-cache
      server:
      - Microsoft-HTTPAPI/2.0
      strict-transport-security:
      - max-age=31536000; includeSubDomains
      x-content-type-options:
      - nosniff
      x-ms-ratelimit-remaining-subscription-writes:
      - '1199'
    status:
      code: 202
      message: Accepted
- request:
    body: null
    headers:
      Accept:
      - '*/*'
      Accept-Encoding:
      - gzip, deflate
      CommandName:
      - sql server create
      Connection:
      - keep-alive
      ParameterSetName:
      - -l -g -n -u -p
      User-Agent:
      - AZURECLI/2.45.0 azsdk-python-mgmt-sql/4.0.0b5 Python/3.9.5 (Windows-10-10.0.22621-SP0)
    method: GET
    uri: https://management.azure.com/subscriptions/00000000-0000-0000-0000-000000000000/resourceGroups/clitest.rg000001/providers/Microsoft.Sql/locations/eastus/serverAzureAsyncOperation/89c5a2f2-b6d4-4596-89ef-558ea6893fc7?api-version=2022-08-01-preview
  response:
    body:
      string: '{"name":"89c5a2f2-b6d4-4596-89ef-558ea6893fc7","status":"InProgress","startTime":"2023-02-25T01:01:34.197Z"}'
    headers:
      cache-control:
      - no-cache
      content-length:
      - '108'
      content-type:
      - application/json; charset=utf-8
      date:
      - Sat, 25 Feb 2023 01:01:35 GMT
      expires:
      - '-1'
      pragma:
      - no-cache
      server:
      - Microsoft-HTTPAPI/2.0
      strict-transport-security:
      - max-age=31536000; includeSubDomains
      transfer-encoding:
      - chunked
      vary:
      - Accept-Encoding
      x-content-type-options:
      - nosniff
    status:
      code: 200
      message: OK
- request:
    body: null
    headers:
      Accept:
      - '*/*'
      Accept-Encoding:
      - gzip, deflate
      CommandName:
      - sql server create
      Connection:
      - keep-alive
      ParameterSetName:
      - -l -g -n -u -p
      User-Agent:
      - AZURECLI/2.45.0 azsdk-python-mgmt-sql/4.0.0b5 Python/3.9.5 (Windows-10-10.0.22621-SP0)
    method: GET
    uri: https://management.azure.com/subscriptions/00000000-0000-0000-0000-000000000000/resourceGroups/clitest.rg000001/providers/Microsoft.Sql/locations/eastus/serverAzureAsyncOperation/89c5a2f2-b6d4-4596-89ef-558ea6893fc7?api-version=2022-08-01-preview
  response:
    body:
      string: '{"name":"89c5a2f2-b6d4-4596-89ef-558ea6893fc7","status":"InProgress","startTime":"2023-02-25T01:01:34.197Z"}'
    headers:
      cache-control:
      - no-cache
      content-length:
      - '108'
      content-type:
      - application/json; charset=utf-8
      date:
      - Sat, 25 Feb 2023 01:01:36 GMT
      expires:
      - '-1'
      pragma:
      - no-cache
      server:
      - Microsoft-HTTPAPI/2.0
      strict-transport-security:
      - max-age=31536000; includeSubDomains
      transfer-encoding:
      - chunked
      vary:
      - Accept-Encoding
      x-content-type-options:
      - nosniff
    status:
      code: 200
      message: OK
- request:
    body: null
    headers:
      Accept:
      - '*/*'
      Accept-Encoding:
      - gzip, deflate
      CommandName:
      - sql server create
      Connection:
      - keep-alive
      ParameterSetName:
      - -l -g -n -u -p
      User-Agent:
      - AZURECLI/2.45.0 azsdk-python-mgmt-sql/4.0.0b5 Python/3.9.5 (Windows-10-10.0.22621-SP0)
    method: GET
    uri: https://management.azure.com/subscriptions/00000000-0000-0000-0000-000000000000/resourceGroups/clitest.rg000001/providers/Microsoft.Sql/locations/eastus/serverAzureAsyncOperation/89c5a2f2-b6d4-4596-89ef-558ea6893fc7?api-version=2022-08-01-preview
  response:
    body:
      string: '{"name":"89c5a2f2-b6d4-4596-89ef-558ea6893fc7","status":"InProgress","startTime":"2023-02-25T01:01:34.197Z"}'
    headers:
      cache-control:
      - no-cache
      content-length:
      - '108'
      content-type:
      - application/json; charset=utf-8
      date:
      - Sat, 25 Feb 2023 01:01:38 GMT
      expires:
      - '-1'
      pragma:
      - no-cache
      server:
      - Microsoft-HTTPAPI/2.0
      strict-transport-security:
      - max-age=31536000; includeSubDomains
      transfer-encoding:
      - chunked
      vary:
      - Accept-Encoding
      x-content-type-options:
      - nosniff
    status:
      code: 200
      message: OK
- request:
    body: null
    headers:
      Accept:
      - '*/*'
      Accept-Encoding:
      - gzip, deflate
      CommandName:
      - sql server create
      Connection:
      - keep-alive
      ParameterSetName:
      - -l -g -n -u -p
      User-Agent:
      - AZURECLI/2.45.0 azsdk-python-mgmt-sql/4.0.0b5 Python/3.9.5 (Windows-10-10.0.22621-SP0)
    method: GET
    uri: https://management.azure.com/subscriptions/00000000-0000-0000-0000-000000000000/resourceGroups/clitest.rg000001/providers/Microsoft.Sql/locations/eastus/serverAzureAsyncOperation/89c5a2f2-b6d4-4596-89ef-558ea6893fc7?api-version=2022-08-01-preview
  response:
    body:
      string: '{"name":"89c5a2f2-b6d4-4596-89ef-558ea6893fc7","status":"InProgress","startTime":"2023-02-25T01:01:34.197Z"}'
    headers:
      cache-control:
      - no-cache
      content-length:
      - '108'
      content-type:
      - application/json; charset=utf-8
      date:
      - Sat, 25 Feb 2023 01:01:39 GMT
      expires:
      - '-1'
      pragma:
      - no-cache
      server:
      - Microsoft-HTTPAPI/2.0
      strict-transport-security:
      - max-age=31536000; includeSubDomains
      transfer-encoding:
      - chunked
      vary:
      - Accept-Encoding
      x-content-type-options:
      - nosniff
    status:
      code: 200
      message: OK
- request:
    body: null
    headers:
      Accept:
      - '*/*'
      Accept-Encoding:
      - gzip, deflate
      CommandName:
      - sql server create
      Connection:
      - keep-alive
      ParameterSetName:
      - -l -g -n -u -p
      User-Agent:
      - AZURECLI/2.45.0 azsdk-python-mgmt-sql/4.0.0b5 Python/3.9.5 (Windows-10-10.0.22621-SP0)
    method: GET
    uri: https://management.azure.com/subscriptions/00000000-0000-0000-0000-000000000000/resourceGroups/clitest.rg000001/providers/Microsoft.Sql/locations/eastus/serverAzureAsyncOperation/89c5a2f2-b6d4-4596-89ef-558ea6893fc7?api-version=2022-08-01-preview
  response:
    body:
      string: '{"name":"89c5a2f2-b6d4-4596-89ef-558ea6893fc7","status":"InProgress","startTime":"2023-02-25T01:01:34.197Z"}'
    headers:
      cache-control:
      - no-cache
      content-length:
      - '108'
      content-type:
      - application/json; charset=utf-8
      date:
      - Sat, 25 Feb 2023 01:01:59 GMT
      expires:
      - '-1'
      pragma:
      - no-cache
      server:
      - Microsoft-HTTPAPI/2.0
      strict-transport-security:
      - max-age=31536000; includeSubDomains
      transfer-encoding:
      - chunked
      vary:
      - Accept-Encoding
      x-content-type-options:
      - nosniff
    status:
      code: 200
      message: OK
- request:
    body: null
    headers:
      Accept:
      - '*/*'
      Accept-Encoding:
      - gzip, deflate
      CommandName:
      - sql server create
      Connection:
      - keep-alive
      ParameterSetName:
      - -l -g -n -u -p
      User-Agent:
      - AZURECLI/2.45.0 azsdk-python-mgmt-sql/4.0.0b5 Python/3.9.5 (Windows-10-10.0.22621-SP0)
    method: GET
    uri: https://management.azure.com/subscriptions/00000000-0000-0000-0000-000000000000/resourceGroups/clitest.rg000001/providers/Microsoft.Sql/locations/eastus/serverAzureAsyncOperation/89c5a2f2-b6d4-4596-89ef-558ea6893fc7?api-version=2022-08-01-preview
  response:
    body:
      string: '{"name":"89c5a2f2-b6d4-4596-89ef-558ea6893fc7","status":"InProgress","startTime":"2023-02-25T01:01:34.197Z"}'
    headers:
      cache-control:
      - no-cache
      content-length:
      - '108'
      content-type:
      - application/json; charset=utf-8
      date:
      - Sat, 25 Feb 2023 01:02:19 GMT
      expires:
      - '-1'
      pragma:
      - no-cache
      server:
      - Microsoft-HTTPAPI/2.0
      strict-transport-security:
      - max-age=31536000; includeSubDomains
      transfer-encoding:
      - chunked
      vary:
      - Accept-Encoding
      x-content-type-options:
      - nosniff
    status:
      code: 200
      message: OK
- request:
    body: null
    headers:
      Accept:
      - '*/*'
      Accept-Encoding:
      - gzip, deflate
      CommandName:
      - sql server create
      Connection:
      - keep-alive
      ParameterSetName:
      - -l -g -n -u -p
      User-Agent:
      - AZURECLI/2.45.0 azsdk-python-mgmt-sql/4.0.0b5 Python/3.9.5 (Windows-10-10.0.22621-SP0)
    method: GET
    uri: https://management.azure.com/subscriptions/00000000-0000-0000-0000-000000000000/resourceGroups/clitest.rg000001/providers/Microsoft.Sql/locations/eastus/serverAzureAsyncOperation/89c5a2f2-b6d4-4596-89ef-558ea6893fc7?api-version=2022-08-01-preview
  response:
    body:
      string: '{"name":"89c5a2f2-b6d4-4596-89ef-558ea6893fc7","status":"Succeeded","startTime":"2023-02-25T01:01:34.197Z"}'
    headers:
      cache-control:
      - no-cache
      content-length:
      - '107'
      content-type:
      - application/json; charset=utf-8
      date:
      - Sat, 25 Feb 2023 01:02:39 GMT
      expires:
      - '-1'
      pragma:
      - no-cache
      server:
      - Microsoft-HTTPAPI/2.0
      strict-transport-security:
      - max-age=31536000; includeSubDomains
      transfer-encoding:
      - chunked
      vary:
      - Accept-Encoding
      x-content-type-options:
      - nosniff
    status:
      code: 200
      message: OK
- request:
    body: null
    headers:
      Accept:
      - '*/*'
      Accept-Encoding:
      - gzip, deflate
      CommandName:
      - sql server create
      Connection:
      - keep-alive
      ParameterSetName:
      - -l -g -n -u -p
      User-Agent:
      - AZURECLI/2.45.0 azsdk-python-mgmt-sql/4.0.0b5 Python/3.9.5 (Windows-10-10.0.22621-SP0)
    method: GET
    uri: https://management.azure.com/subscriptions/00000000-0000-0000-0000-000000000000/resourceGroups/clitest.rg000001/providers/Microsoft.Sql/servers/clitestserver000002?api-version=2022-08-01-preview
  response:
    body:
      string: '{"kind":"v12.0","properties":{"administratorLogin":"admin123","version":"12.0","state":"Ready","fullyQualifiedDomainName":"clitestserver000002.database.windows.net","privateEndpointConnections":[],"publicNetworkAccess":"Enabled","restrictOutboundNetworkAccess":"Disabled","externalGovernanceStatus":"Disabled"},"location":"eastus","id":"/subscriptions/00000000-0000-0000-0000-000000000000/resourceGroups/clitest.rg000001/providers/Microsoft.Sql/servers/clitestserver000002","name":"clitestserver000002","type":"Microsoft.Sql/servers"}'
    headers:
      cache-control:
      - no-cache
      content-length:
      - '534'
      content-type:
      - application/json; charset=utf-8
      date:
      - Sat, 25 Feb 2023 01:02:39 GMT
      expires:
      - '-1'
      pragma:
      - no-cache
      server:
      - Microsoft-HTTPAPI/2.0
      strict-transport-security:
      - max-age=31536000; includeSubDomains
      transfer-encoding:
      - chunked
      vary:
      - Accept-Encoding
      x-content-type-options:
      - nosniff
    status:
      code: 200
      message: OK
- request:
    body: null
    headers:
      Accept:
      - application/json
      Accept-Encoding:
      - gzip, deflate
      CommandName:
      - sql server update
      Connection:
      - keep-alive
      ParameterSetName:
      - -g -n -i
      User-Agent:
      - AZURECLI/2.45.0 azsdk-python-mgmt-sql/4.0.0b5 Python/3.9.5 (Windows-10-10.0.22621-SP0)
    method: GET
    uri: https://management.azure.com/subscriptions/00000000-0000-0000-0000-000000000000/resourceGroups/clitest.rg000001/providers/Microsoft.Sql/servers/clitestserver000002?api-version=2022-08-01-preview
  response:
    body:
      string: '{"kind":"v12.0","properties":{"administratorLogin":"admin123","version":"12.0","state":"Ready","fullyQualifiedDomainName":"clitestserver000002.database.windows.net","privateEndpointConnections":[],"publicNetworkAccess":"Enabled","restrictOutboundNetworkAccess":"Disabled","externalGovernanceStatus":"Disabled"},"location":"eastus","id":"/subscriptions/00000000-0000-0000-0000-000000000000/resourceGroups/clitest.rg000001/providers/Microsoft.Sql/servers/clitestserver000002","name":"clitestserver000002","type":"Microsoft.Sql/servers"}'
    headers:
      cache-control:
      - no-cache
      content-length:
      - '534'
      content-type:
      - application/json; charset=utf-8
      date:
      - Sat, 25 Feb 2023 01:03:36 GMT
      expires:
      - '-1'
      pragma:
      - no-cache
      server:
      - Microsoft-HTTPAPI/2.0
      strict-transport-security:
      - max-age=31536000; includeSubDomains
      transfer-encoding:
      - chunked
      vary:
      - Accept-Encoding
      x-content-type-options:
      - nosniff
    status:
      code: 200
      message: OK
- request:
    body: '{"location": "eastus", "identity": {"type": "SystemAssigned"}, "properties":
      {"administratorLogin": "admin123", "version": "12.0", "publicNetworkAccess":
      "Enabled", "restrictOutboundNetworkAccess": "Disabled"}}'
    headers:
      Accept:
      - application/json
      Accept-Encoding:
      - gzip, deflate
      CommandName:
      - sql server update
      Connection:
      - keep-alive
      Content-Length:
      - '210'
      Content-Type:
      - application/json
      ParameterSetName:
      - -g -n -i
      User-Agent:
      - AZURECLI/2.45.0 azsdk-python-mgmt-sql/4.0.0b5 Python/3.9.5 (Windows-10-10.0.22621-SP0)
    method: PUT
    uri: https://management.azure.com/subscriptions/00000000-0000-0000-0000-000000000000/resourceGroups/clitest.rg000001/providers/Microsoft.Sql/servers/clitestserver000002?api-version=2022-08-01-preview
  response:
    body:
      string: '{"operation":"UpsertLogicalServer","startTime":"2023-02-25T01:03:39.45Z"}'
    headers:
      azure-asyncoperation:
      - https://management.azure.com/subscriptions/00000000-0000-0000-0000-000000000000/resourceGroups/clitest.rg000001/providers/Microsoft.Sql/locations/eastus/serverAzureAsyncOperation/86c0a6f1-904a-4b91-a012-3956af3d3571?api-version=2022-08-01-preview
      cache-control:
      - no-cache
      content-length:
      - '73'
      content-type:
      - application/json; charset=utf-8
      date:
      - Sat, 25 Feb 2023 01:03:38 GMT
      expires:
      - '-1'
      location:
      - https://management.azure.com/subscriptions/00000000-0000-0000-0000-000000000000/resourceGroups/clitest.rg000001/providers/Microsoft.Sql/locations/eastus/serverOperationResults/86c0a6f1-904a-4b91-a012-3956af3d3571?api-version=2022-08-01-preview
      pragma:
      - no-cache
      server:
      - Microsoft-HTTPAPI/2.0
      strict-transport-security:
      - max-age=31536000; includeSubDomains
      x-content-type-options:
      - nosniff
      x-ms-ratelimit-remaining-subscription-writes:
      - '1197'
    status:
      code: 202
      message: Accepted
- request:
    body: null
    headers:
      Accept:
      - '*/*'
      Accept-Encoding:
      - gzip, deflate
      CommandName:
      - sql server update
      Connection:
      - keep-alive
      ParameterSetName:
      - -g -n -i
      User-Agent:
      - AZURECLI/2.45.0 azsdk-python-mgmt-sql/4.0.0b5 Python/3.9.5 (Windows-10-10.0.22621-SP0)
    method: GET
    uri: https://management.azure.com/subscriptions/00000000-0000-0000-0000-000000000000/resourceGroups/clitest.rg000001/providers/Microsoft.Sql/locations/eastus/serverAzureAsyncOperation/86c0a6f1-904a-4b91-a012-3956af3d3571?api-version=2022-08-01-preview
  response:
    body:
      string: '{"name":"86c0a6f1-904a-4b91-a012-3956af3d3571","status":"InProgress","startTime":"2023-02-25T01:03:39.45Z"}'
    headers:
      cache-control:
      - no-cache
      content-length:
      - '107'
      content-type:
      - application/json; charset=utf-8
      date:
      - Sat, 25 Feb 2023 01:03:40 GMT
      expires:
      - '-1'
      pragma:
      - no-cache
      server:
      - Microsoft-HTTPAPI/2.0
      strict-transport-security:
      - max-age=31536000; includeSubDomains
      transfer-encoding:
      - chunked
      vary:
      - Accept-Encoding
      x-content-type-options:
      - nosniff
    status:
      code: 200
      message: OK
- request:
    body: null
    headers:
      Accept:
      - '*/*'
      Accept-Encoding:
      - gzip, deflate
      CommandName:
      - sql server update
      Connection:
      - keep-alive
      ParameterSetName:
      - -g -n -i
      User-Agent:
      - AZURECLI/2.45.0 azsdk-python-mgmt-sql/4.0.0b5 Python/3.9.5 (Windows-10-10.0.22621-SP0)
    method: GET
    uri: https://management.azure.com/subscriptions/00000000-0000-0000-0000-000000000000/resourceGroups/clitest.rg000001/providers/Microsoft.Sql/locations/eastus/serverAzureAsyncOperation/86c0a6f1-904a-4b91-a012-3956af3d3571?api-version=2022-08-01-preview
  response:
    body:
      string: '{"name":"86c0a6f1-904a-4b91-a012-3956af3d3571","status":"InProgress","startTime":"2023-02-25T01:03:39.45Z"}'
    headers:
      cache-control:
      - no-cache
      content-length:
      - '107'
      content-type:
      - application/json; charset=utf-8
      date:
      - Sat, 25 Feb 2023 01:03:41 GMT
      expires:
      - '-1'
      pragma:
      - no-cache
      server:
      - Microsoft-HTTPAPI/2.0
      strict-transport-security:
      - max-age=31536000; includeSubDomains
      transfer-encoding:
      - chunked
      vary:
      - Accept-Encoding
      x-content-type-options:
      - nosniff
    status:
      code: 200
      message: OK
- request:
    body: null
    headers:
      Accept:
      - '*/*'
      Accept-Encoding:
      - gzip, deflate
      CommandName:
      - sql server update
      Connection:
      - keep-alive
      ParameterSetName:
      - -g -n -i
      User-Agent:
      - AZURECLI/2.45.0 azsdk-python-mgmt-sql/4.0.0b5 Python/3.9.5 (Windows-10-10.0.22621-SP0)
    method: GET
    uri: https://management.azure.com/subscriptions/00000000-0000-0000-0000-000000000000/resourceGroups/clitest.rg000001/providers/Microsoft.Sql/locations/eastus/serverAzureAsyncOperation/86c0a6f1-904a-4b91-a012-3956af3d3571?api-version=2022-08-01-preview
  response:
    body:
      string: '{"name":"86c0a6f1-904a-4b91-a012-3956af3d3571","status":"Succeeded","startTime":"2023-02-25T01:03:39.45Z"}'
    headers:
      cache-control:
      - no-cache
      content-length:
      - '106'
      content-type:
      - application/json; charset=utf-8
      date:
      - Sat, 25 Feb 2023 01:03:42 GMT
      expires:
      - '-1'
      pragma:
      - no-cache
      server:
      - Microsoft-HTTPAPI/2.0
      strict-transport-security:
      - max-age=31536000; includeSubDomains
      transfer-encoding:
      - chunked
      vary:
      - Accept-Encoding
      x-content-type-options:
      - nosniff
    status:
      code: 200
      message: OK
- request:
    body: null
    headers:
      Accept:
      - '*/*'
      Accept-Encoding:
      - gzip, deflate
      CommandName:
      - sql server update
      Connection:
      - keep-alive
      ParameterSetName:
      - -g -n -i
      User-Agent:
      - AZURECLI/2.45.0 azsdk-python-mgmt-sql/4.0.0b5 Python/3.9.5 (Windows-10-10.0.22621-SP0)
    method: GET
    uri: https://management.azure.com/subscriptions/00000000-0000-0000-0000-000000000000/resourceGroups/clitest.rg000001/providers/Microsoft.Sql/servers/clitestserver000002?api-version=2022-08-01-preview
  response:
    body:
      string: '{"identity":{"principalId":"f5541e89-5095-4cae-b0e8-7cf8ff880bb4","type":"SystemAssigned","tenantId":"72f988bf-86f1-41af-91ab-2d7cd011db47"},"kind":"v12.0","properties":{"administratorLogin":"admin123","version":"12.0","state":"Ready","fullyQualifiedDomainName":"clitestserver000002.database.windows.net","privateEndpointConnections":[],"publicNetworkAccess":"Enabled","restrictOutboundNetworkAccess":"Disabled","externalGovernanceStatus":"Disabled"},"location":"eastus","id":"/subscriptions/00000000-0000-0000-0000-000000000000/resourceGroups/clitest.rg000001/providers/Microsoft.Sql/servers/clitestserver000002","name":"clitestserver000002","type":"Microsoft.Sql/servers"}'
    headers:
      cache-control:
      - no-cache
      content-length:
      - '674'
      content-type:
      - application/json; charset=utf-8
      date:
      - Sat, 25 Feb 2023 01:03:42 GMT
      expires:
      - '-1'
      pragma:
      - no-cache
      server:
      - Microsoft-HTTPAPI/2.0
      strict-transport-security:
      - max-age=31536000; includeSubDomains
      transfer-encoding:
      - chunked
      vary:
      - Accept-Encoding
      x-content-type-options:
      - nosniff
    status:
      code: 200
      message: OK
- request:
    body: null
    headers:
      Accept:
      - application/json
      Accept-Encoding:
      - gzip, deflate
      CommandName:
      - sql db create
      Connection:
      - keep-alive
      ParameterSetName:
      - -g --server --name
      User-Agent:
      - AZURECLI/2.45.0 azsdk-python-mgmt-sql/4.0.0b5 Python/3.9.5 (Windows-10-10.0.22621-SP0)
    method: GET
    uri: https://management.azure.com/subscriptions/00000000-0000-0000-0000-000000000000/resourceGroups/clitest.rg000001/providers/Microsoft.Sql/servers/clitestserver000002?api-version=2022-08-01-preview
  response:
    body:
      string: '{"identity":{"principalId":"f5541e89-5095-4cae-b0e8-7cf8ff880bb4","type":"SystemAssigned","tenantId":"72f988bf-86f1-41af-91ab-2d7cd011db47"},"kind":"v12.0","properties":{"administratorLogin":"admin123","version":"12.0","state":"Ready","fullyQualifiedDomainName":"clitestserver000002.database.windows.net","privateEndpointConnections":[],"publicNetworkAccess":"Enabled","restrictOutboundNetworkAccess":"Disabled","externalGovernanceStatus":"Disabled"},"location":"eastus","id":"/subscriptions/00000000-0000-0000-0000-000000000000/resourceGroups/clitest.rg000001/providers/Microsoft.Sql/servers/clitestserver000002","name":"clitestserver000002","type":"Microsoft.Sql/servers"}'
    headers:
      cache-control:
      - no-cache
      content-length:
      - '674'
      content-type:
      - application/json; charset=utf-8
      date:
      - Sat, 25 Feb 2023 01:03:43 GMT
      expires:
      - '-1'
      pragma:
      - no-cache
      server:
      - Microsoft-HTTPAPI/2.0
      strict-transport-security:
      - max-age=31536000; includeSubDomains
      transfer-encoding:
      - chunked
      vary:
      - Accept-Encoding
      x-content-type-options:
      - nosniff
    status:
      code: 200
      message: OK
- request:
    body: null
    headers:
      Accept:
      - application/json
      Accept-Encoding:
      - gzip, deflate
      CommandName:
      - sql db create
      Connection:
      - keep-alive
      ParameterSetName:
      - -g --server --name
      User-Agent:
      - AZURECLI/2.45.0 azsdk-python-mgmt-sql/4.0.0b5 Python/3.9.5 (Windows-10-10.0.22621-SP0)
    method: GET
    uri: https://management.azure.com/subscriptions/00000000-0000-0000-0000-000000000000/resourceGroups/clitest.rg000001/providers/Microsoft.Sql/servers/clitestserver000002?api-version=2022-08-01-preview
  response:
    body:
      string: '{"identity":{"principalId":"f5541e89-5095-4cae-b0e8-7cf8ff880bb4","type":"SystemAssigned","tenantId":"72f988bf-86f1-41af-91ab-2d7cd011db47"},"kind":"v12.0","properties":{"administratorLogin":"admin123","version":"12.0","state":"Ready","fullyQualifiedDomainName":"clitestserver000002.database.windows.net","privateEndpointConnections":[],"publicNetworkAccess":"Enabled","restrictOutboundNetworkAccess":"Disabled","externalGovernanceStatus":"Disabled"},"location":"eastus","id":"/subscriptions/00000000-0000-0000-0000-000000000000/resourceGroups/clitest.rg000001/providers/Microsoft.Sql/servers/clitestserver000002","name":"clitestserver000002","type":"Microsoft.Sql/servers"}'
    headers:
      cache-control:
      - no-cache
      content-length:
      - '674'
      content-type:
      - application/json; charset=utf-8
      date:
      - Sat, 25 Feb 2023 01:03:44 GMT
      expires:
      - '-1'
      pragma:
      - no-cache
      server:
      - Microsoft-HTTPAPI/2.0
      strict-transport-security:
      - max-age=31536000; includeSubDomains
      transfer-encoding:
      - chunked
      vary:
      - Accept-Encoding
      x-content-type-options:
      - nosniff
    status:
      code: 200
      message: OK
- request:
    body: '{"location": "eastus"}'
    headers:
      Accept:
      - application/json
      Accept-Encoding:
      - gzip, deflate
      CommandName:
      - sql db create
      Connection:
      - keep-alive
      Content-Length:
      - '22'
      Content-Type:
      - application/json
      ParameterSetName:
      - -g --server --name
      User-Agent:
      - AZURECLI/2.45.0 azsdk-python-mgmt-sql/4.0.0b5 Python/3.9.5 (Windows-10-10.0.22621-SP0)
    method: PUT
    uri: https://management.azure.com/subscriptions/00000000-0000-0000-0000-000000000000/resourceGroups/clitest.rg000001/providers/Microsoft.Sql/servers/clitestserver000002/databases/sqltdebyok000004?api-version=2022-08-01-preview
  response:
    body:
      string: '{"operation":"CreateLogicalDatabase","startTime":"2023-02-25T01:03:46.08Z"}'
    headers:
      azure-asyncoperation:
      - https://management.azure.com/subscriptions/00000000-0000-0000-0000-000000000000/resourceGroups/clitest.rg000001/providers/Microsoft.Sql/locations/eastus/databaseAzureAsyncOperation/ff98991f-93bb-42b7-9518-665eede20840?api-version=2022-08-01-preview
      cache-control:
      - no-cache
      content-length:
      - '75'
      content-type:
      - application/json; charset=utf-8
      date:
      - Sat, 25 Feb 2023 01:03:45 GMT
      expires:
      - '-1'
      location:
      - https://management.azure.com/subscriptions/00000000-0000-0000-0000-000000000000/resourceGroups/clitest.rg000001/providers/Microsoft.Sql/locations/eastus/databaseOperationResults/ff98991f-93bb-42b7-9518-665eede20840?api-version=2022-08-01-preview
      pragma:
      - no-cache
      server:
      - Microsoft-HTTPAPI/2.0
      strict-transport-security:
      - max-age=31536000; includeSubDomains
      x-content-type-options:
      - nosniff
      x-ms-ratelimit-remaining-subscription-writes:
      - '1199'
    status:
      code: 202
      message: Accepted
- request:
    body: null
    headers:
      Accept:
      - '*/*'
      Accept-Encoding:
      - gzip, deflate
      CommandName:
      - sql db create
      Connection:
      - keep-alive
      ParameterSetName:
      - -g --server --name
      User-Agent:
      - AZURECLI/2.45.0 azsdk-python-mgmt-sql/4.0.0b5 Python/3.9.5 (Windows-10-10.0.22621-SP0)
    method: GET
    uri: https://management.azure.com/subscriptions/00000000-0000-0000-0000-000000000000/resourceGroups/clitest.rg000001/providers/Microsoft.Sql/locations/eastus/databaseAzureAsyncOperation/ff98991f-93bb-42b7-9518-665eede20840?api-version=2022-08-01-preview
  response:
    body:
      string: '{"name":"ff98991f-93bb-42b7-9518-665eede20840","status":"InProgress","startTime":"2023-02-25T01:03:46.08Z"}'
    headers:
      cache-control:
      - no-cache
      content-length:
      - '107'
      content-type:
      - application/json; charset=utf-8
      date:
      - Sat, 25 Feb 2023 01:04:01 GMT
      expires:
      - '-1'
      pragma:
      - no-cache
      server:
      - Microsoft-HTTPAPI/2.0
      strict-transport-security:
      - max-age=31536000; includeSubDomains
      transfer-encoding:
      - chunked
      vary:
      - Accept-Encoding
      x-content-type-options:
      - nosniff
    status:
      code: 200
      message: OK
- request:
    body: null
    headers:
      Accept:
      - '*/*'
      Accept-Encoding:
      - gzip, deflate
      CommandName:
      - sql db create
      Connection:
      - keep-alive
      ParameterSetName:
      - -g --server --name
      User-Agent:
      - AZURECLI/2.45.0 azsdk-python-mgmt-sql/4.0.0b5 Python/3.9.5 (Windows-10-10.0.22621-SP0)
    method: GET
    uri: https://management.azure.com/subscriptions/00000000-0000-0000-0000-000000000000/resourceGroups/clitest.rg000001/providers/Microsoft.Sql/locations/eastus/databaseAzureAsyncOperation/ff98991f-93bb-42b7-9518-665eede20840?api-version=2022-08-01-preview
  response:
    body:
      string: '{"name":"ff98991f-93bb-42b7-9518-665eede20840","status":"InProgress","startTime":"2023-02-25T01:03:46.08Z"}'
    headers:
      cache-control:
      - no-cache
      content-length:
      - '107'
      content-type:
      - application/json; charset=utf-8
      date:
      - Sat, 25 Feb 2023 01:04:16 GMT
      expires:
      - '-1'
      pragma:
      - no-cache
      server:
      - Microsoft-HTTPAPI/2.0
      strict-transport-security:
      - max-age=31536000; includeSubDomains
      transfer-encoding:
      - chunked
      vary:
      - Accept-Encoding
      x-content-type-options:
      - nosniff
    status:
      code: 200
      message: OK
- request:
    body: null
    headers:
      Accept:
      - '*/*'
      Accept-Encoding:
      - gzip, deflate
      CommandName:
      - sql db create
      Connection:
      - keep-alive
      ParameterSetName:
      - -g --server --name
      User-Agent:
      - AZURECLI/2.45.0 azsdk-python-mgmt-sql/4.0.0b5 Python/3.9.5 (Windows-10-10.0.22621-SP0)
    method: GET
    uri: https://management.azure.com/subscriptions/00000000-0000-0000-0000-000000000000/resourceGroups/clitest.rg000001/providers/Microsoft.Sql/locations/eastus/databaseAzureAsyncOperation/ff98991f-93bb-42b7-9518-665eede20840?api-version=2022-08-01-preview
  response:
    body:
      string: '{"name":"ff98991f-93bb-42b7-9518-665eede20840","status":"InProgress","startTime":"2023-02-25T01:03:46.08Z"}'
    headers:
      cache-control:
      - no-cache
      content-length:
      - '107'
      content-type:
      - application/json; charset=utf-8
      date:
      - Sat, 25 Feb 2023 01:04:31 GMT
      expires:
      - '-1'
      pragma:
      - no-cache
      server:
      - Microsoft-HTTPAPI/2.0
      strict-transport-security:
      - max-age=31536000; includeSubDomains
      transfer-encoding:
      - chunked
      vary:
      - Accept-Encoding
      x-content-type-options:
      - nosniff
    status:
      code: 200
      message: OK
- request:
    body: null
    headers:
      Accept:
      - '*/*'
      Accept-Encoding:
      - gzip, deflate
      CommandName:
      - sql db create
      Connection:
      - keep-alive
      ParameterSetName:
      - -g --server --name
      User-Agent:
      - AZURECLI/2.45.0 azsdk-python-mgmt-sql/4.0.0b5 Python/3.9.5 (Windows-10-10.0.22621-SP0)
    method: GET
    uri: https://management.azure.com/subscriptions/00000000-0000-0000-0000-000000000000/resourceGroups/clitest.rg000001/providers/Microsoft.Sql/locations/eastus/databaseAzureAsyncOperation/ff98991f-93bb-42b7-9518-665eede20840?api-version=2022-08-01-preview
  response:
    body:
      string: '{"name":"ff98991f-93bb-42b7-9518-665eede20840","status":"Succeeded","startTime":"2023-02-25T01:03:46.08Z"}'
    headers:
      cache-control:
      - no-cache
      content-length:
      - '106'
      content-type:
      - application/json; charset=utf-8
      date:
      - Sat, 25 Feb 2023 01:04:46 GMT
      expires:
      - '-1'
      pragma:
      - no-cache
      server:
      - Microsoft-HTTPAPI/2.0
      strict-transport-security:
      - max-age=31536000; includeSubDomains
      transfer-encoding:
      - chunked
      vary:
      - Accept-Encoding
      x-content-type-options:
      - nosniff
    status:
      code: 200
      message: OK
- request:
    body: null
    headers:
      Accept:
      - '*/*'
      Accept-Encoding:
      - gzip, deflate
      CommandName:
      - sql db create
      Connection:
      - keep-alive
      ParameterSetName:
      - -g --server --name
      User-Agent:
      - AZURECLI/2.45.0 azsdk-python-mgmt-sql/4.0.0b5 Python/3.9.5 (Windows-10-10.0.22621-SP0)
    method: GET
    uri: https://management.azure.com/subscriptions/00000000-0000-0000-0000-000000000000/resourceGroups/clitest.rg000001/providers/Microsoft.Sql/servers/clitestserver000002/databases/sqltdebyok000004?api-version=2022-08-01-preview
  response:
    body:
      string: '{"sku":{"name":"GP_Gen5","tier":"GeneralPurpose","family":"Gen5","capacity":2},"kind":"v12.0,user,vcore","properties":{"collation":"SQL_Latin1_General_CP1_CI_AS","maxSizeBytes":34359738368,"status":"Online","databaseId":"ea21a5d5-f4e6-4731-b972-539be15d1683","creationDate":"2023-02-25T01:04:41.627Z","currentServiceObjectiveName":"GP_Gen5_2","requestedServiceObjectiveName":"GP_Gen5_2","defaultSecondaryLocation":"westus","catalogCollation":"SQL_Latin1_General_CP1_CI_AS","zoneRedundant":false,"licenseType":"LicenseIncluded","maxLogSizeBytes":193273528320,"readScale":"Disabled","currentSku":{"name":"GP_Gen5","tier":"GeneralPurpose","family":"Gen5","capacity":2},"currentBackupStorageRedundancy":"Geo","requestedBackupStorageRedundancy":"Geo","maintenanceConfigurationId":"/subscriptions/00000000-0000-0000-0000-000000000000/providers/Microsoft.Maintenance/publicMaintenanceConfigurations/SQL_Default","isLedgerOn":false,"isInfraEncryptionEnabled":false,"availabilityZone":"NoPreference"},"location":"eastus","id":"/subscriptions/00000000-0000-0000-0000-000000000000/resourceGroups/clitest.rg000001/providers/Microsoft.Sql/servers/clitestserver000002/databases/sqltdebyok000004","name":"sqltdebyok000004","type":"Microsoft.Sql/servers/databases"}'
    headers:
      cache-control:
      - no-cache
      content-length:
      - '1249'
      content-type:
      - application/json; charset=utf-8
      date:
      - Sat, 25 Feb 2023 01:04:46 GMT
      expires:
      - '-1'
      pragma:
      - no-cache
      server:
      - Microsoft-HTTPAPI/2.0
      strict-transport-security:
      - max-age=31536000; includeSubDomains
      transfer-encoding:
      - chunked
      vary:
      - Accept-Encoding
      x-content-type-options:
      - nosniff
    status:
      code: 200
      message: OK
- request:
    body: null
    headers:
      Accept:
      - application/json
      Accept-Encoding:
      - gzip, deflate
      CommandName:
      - keyvault set-policy
      Connection:
      - keep-alive
      ParameterSetName:
      - -g -n --object-id --key-permissions
      User-Agent:
      - AZURECLI/2.45.0 azsdk-python-azure-mgmt-keyvault/10.1.0 Python/3.9.5 (Windows-10-10.0.22621-SP0)
    method: GET
    uri: https://management.azure.com/subscriptions/00000000-0000-0000-0000-000000000000/resourceGroups/clitest.rg000001/providers/Microsoft.KeyVault/vaults/sqltdebyok000003?api-version=2022-07-01
  response:
    body:
      string: '{"id":"/subscriptions/00000000-0000-0000-0000-000000000000/resourceGroups/clitest.rg000001/providers/Microsoft.KeyVault/vaults/sqltdebyok000003","name":"sqltdebyok000003","type":"Microsoft.KeyVault/vaults","location":"eastus","tags":{},"systemData":{"lastModifiedBy":"viparek@microsoft.com","lastModifiedByType":"User","lastModifiedAt":"2023-02-25T01:03:03.742Z"},"properties":{"sku":{"family":"A","name":"standard"},"tenantId":"72f988bf-86f1-41af-91ab-2d7cd011db47","accessPolicies":[{"tenantId":"72f988bf-86f1-41af-91ab-2d7cd011db47","objectId":"e53cc32b-d63d-40c8-b587-69d4a549e1a3","permissions":{"keys":["all"],"secrets":["all"],"certificates":["all"],"storage":["all"]}}],"enabledForDeployment":false,"enableSoftDelete":true,"softDeleteRetentionInDays":7,"vaultUri":"https://sqltdebyok000003.vault.azure.net/","provisioningState":"Succeeded","publicNetworkAccess":"Enabled"}}'
    headers:
      cache-control:
      - no-cache
      content-length:
      - '881'
      content-type:
      - application/json; charset=utf-8
      date:
      - Sat, 25 Feb 2023 01:04:47 GMT
      expires:
      - '-1'
      pragma:
      - no-cache
      server:
      - Microsoft-IIS/10.0
      strict-transport-security:
      - max-age=31536000; includeSubDomains
      transfer-encoding:
      - chunked
      vary:
      - Accept-Encoding
      x-aspnet-version:
      - 4.0.30319
      x-content-type-options:
      - nosniff
      x-ms-keyvault-service-version:
      - 1.5.666.2
    status:
      code: 200
      message: OK
- request:
    body: '{"location": "eastus", "tags": {}, "properties": {"tenantId": "72f988bf-86f1-41af-91ab-2d7cd011db47",
      "sku": {"family": "A", "name": "standard"}, "accessPolicies": [{"tenantId":
      "72f988bf-86f1-41af-91ab-2d7cd011db47", "objectId": "e53cc32b-d63d-40c8-b587-69d4a549e1a3",
      "permissions": {"keys": ["all"], "secrets": ["all"], "certificates": ["all"],
      "storage": ["all"]}}, {"tenantId": "72f988bf-86f1-41af-91ab-2d7cd011db47", "objectId":
      "f5541e89-5095-4cae-b0e8-7cf8ff880bb4", "permissions": {"keys": ["get", "list",
      "unwrapKey", "wrapKey"]}}], "vaultUri": "https://sqltdebyok000003.vault.azure.net/",
      "enabledForDeployment": false, "enableSoftDelete": true, "softDeleteRetentionInDays":
      7, "provisioningState": "Succeeded", "publicNetworkAccess": "Enabled"}}'
    headers:
      Accept:
      - application/json
      Accept-Encoding:
      - gzip, deflate
      CommandName:
      - keyvault set-policy
      Connection:
      - keep-alive
      Content-Length:
      - '757'
      Content-Type:
      - application/json
      ParameterSetName:
      - -g -n --object-id --key-permissions
      User-Agent:
      - AZURECLI/2.45.0 azsdk-python-azure-mgmt-keyvault/10.1.0 Python/3.9.5 (Windows-10-10.0.22621-SP0)
    method: PUT
    uri: https://management.azure.com/subscriptions/00000000-0000-0000-0000-000000000000/resourceGroups/clitest.rg000001/providers/Microsoft.KeyVault/vaults/sqltdebyok000003?api-version=2022-07-01
  response:
    body:
      string: '{"id":"/subscriptions/00000000-0000-0000-0000-000000000000/resourceGroups/clitest.rg000001/providers/Microsoft.KeyVault/vaults/sqltdebyok000003","name":"sqltdebyok000003","type":"Microsoft.KeyVault/vaults","location":"eastus","tags":{},"systemData":{"lastModifiedBy":"viparek@microsoft.com","lastModifiedByType":"User","lastModifiedAt":"2023-02-25T01:04:48.573Z"},"properties":{"sku":{"family":"A","name":"standard"},"tenantId":"72f988bf-86f1-41af-91ab-2d7cd011db47","accessPolicies":[{"tenantId":"72f988bf-86f1-41af-91ab-2d7cd011db47","objectId":"e53cc32b-d63d-40c8-b587-69d4a549e1a3","permissions":{"keys":["all"],"secrets":["all"],"certificates":["all"],"storage":["all"]}},{"tenantId":"72f988bf-86f1-41af-91ab-2d7cd011db47","objectId":"f5541e89-5095-4cae-b0e8-7cf8ff880bb4","permissions":{"keys":["get","list","unwrapKey","wrapKey"]}}],"enabledForDeployment":false,"enableSoftDelete":true,"softDeleteRetentionInDays":7,"vaultUri":"https://sqltdebyok000003.vault.azure.net/","provisioningState":"Succeeded","publicNetworkAccess":"Enabled"}}'
    headers:
      cache-control:
      - no-cache
      content-length:
      - '1043'
      content-type:
      - application/json; charset=utf-8
      date:
      - Sat, 25 Feb 2023 01:04:47 GMT
      expires:
      - '-1'
      pragma:
      - no-cache
      server:
      - Microsoft-IIS/10.0
      strict-transport-security:
      - max-age=31536000; includeSubDomains
      transfer-encoding:
      - chunked
      vary:
      - Accept-Encoding
      x-aspnet-version:
      - 4.0.30319
      x-content-type-options:
      - nosniff
      x-ms-keyvault-service-version:
      - 1.5.666.2
      x-ms-ratelimit-remaining-subscription-writes:
      - '1196'
    status:
      code: 200
      message: OK
- request:
    body: null
    headers:
      Accept:
      - application/json
      Accept-Encoding:
      - gzip, deflate
      Connection:
      - keep-alive
      Content-Length:
      - '0'
      Content-Type:
      - application/json
      User-Agent:
      - azsdk-python-keyvault-keys/4.8.0b2 Python/3.9.5 (Windows-10-10.0.22621-SP0)
    method: POST
    uri: https://sqltdebyok000003.vault.azure.net/keys/sqltdebyok000005/create?api-version=7.4-preview.1
  response:
    body:
      string: '{"error":{"code":"Unauthorized","message":"AKV10000: Request is missing
        a Bearer or PoP token."}}'
    headers:
      cache-control:
      - no-cache
      content-length:
      - '97'
      content-type:
      - application/json; charset=utf-8
      date:
      - Sat, 25 Feb 2023 01:04:48 GMT
      expires:
      - '-1'
      pragma:
      - no-cache
      strict-transport-security:
      - max-age=31536000;includeSubDomains
      www-authenticate:
      - Bearer authorization="https://login.windows.net/72f988bf-86f1-41af-91ab-2d7cd011db47",
        resource="https://vault.azure.net"
      x-content-type-options:
      - nosniff
      x-ms-keyvault-network-info:
      - conn_type=Ipv4;addr=131.107.160.39;act_addr_fam=InterNetwork;
      x-ms-keyvault-region:
      - eastus
      x-ms-keyvault-service-version:
      - 1.9.713.1
    status:
      code: 401
      message: Unauthorized
- request:
    body: '{"kty": "RSA", "attributes": {"enabled": true}}'
    headers:
      Accept:
      - application/json
      Accept-Encoding:
      - gzip, deflate
      Connection:
      - keep-alive
      Content-Length:
      - '47'
      Content-Type:
      - application/json
      User-Agent:
      - azsdk-python-keyvault-keys/4.8.0b2 Python/3.9.5 (Windows-10-10.0.22621-SP0)
    method: POST
    uri: https://sqltdebyok000003.vault.azure.net/keys/sqltdebyok000005/create?api-version=7.4-preview.1
  response:
    body:
      string: '{"key":{"kid":"https://sqltdebyok000003.vault.azure.net/keys/sqltdebyok000005/567906ea928d4e5891c66ded44ad056f","kty":"RSA","key_ops":["encrypt","decrypt","sign","verify","wrapKey","unwrapKey"],"n":"tO1dCQ4TLutnZVX_gej8rJbNTnFfVtS4x71zUpqW68UVdw1kQpgqn3lrTWUJhohRxCbjpy9vPkz8HKVbwcJ7ouBZlNHGDOmyBuvsOatn67iNgTJ73QCYHI4OnZCHbHg_epY1xW1XzyfOkT1mrsGlUoXk8Tv8BdgGSvDsPvlAKc1lYkj_EnF2DwgZWzIndbJK0tWhGyxsiruyNcIa90bbwy1nrVadZLwtU5nfRvZHaz4apq1PhXg7Ab88GQqrWVO5xovGig-duRKXXQVhz39qmZTVHxYnXYITIyDfFSHFMNxMwKUmn0SQ0acuu1hOgCvz6FecJVuLg3atngX7kCbjSQ","e":"AQAB"},"attributes":{"enabled":true,"created":1677287089,"updated":1677287089,"recoveryLevel":"CustomizedRecoverable+Purgeable","recoverableDays":7,"exportable":false}}'
    headers:
      cache-control:
      - no-cache
      content-length:
      - '716'
      content-type:
      - application/json; charset=utf-8
      date:
      - Sat, 25 Feb 2023 01:04:49 GMT
      expires:
      - '-1'
      pragma:
      - no-cache
      strict-transport-security:
      - max-age=31536000;includeSubDomains
      x-content-type-options:
      - nosniff
      x-ms-keyvault-network-info:
      - conn_type=Ipv4;addr=131.107.160.39;act_addr_fam=InterNetwork;
      x-ms-keyvault-region:
      - eastus
      x-ms-keyvault-service-version:
      - 1.9.713.1
    status:
      code: 200
      message: OK
- request:
    body: '{"properties": {"serverKeyType": "AzureKeyVault", "uri": "https://sqltdebyok000003.vault.azure.net/keys/sqltdebyok000005/567906ea928d4e5891c66ded44ad056f"}}'
    headers:
      Accept:
      - application/json
      Accept-Encoding:
      - gzip, deflate
      CommandName:
      - sql server key create
      Connection:
      - keep-alive
      Content-Length:
      - '156'
      Content-Type:
      - application/json
      ParameterSetName:
      - -g -s -k
      User-Agent:
      - AZURECLI/2.45.0 azsdk-python-mgmt-sql/4.0.0b5 Python/3.9.5 (Windows-10-10.0.22621-SP0)
    method: PUT
    uri: https://management.azure.com/subscriptions/00000000-0000-0000-0000-000000000000/resourceGroups/clitest.rg000001/providers/Microsoft.Sql/servers/clitestserver000002/keys/sqltdebyok000003_sqltdebyok000005_567906ea928d4e5891c66ded44ad056f?api-version=2020-11-01-preview
  response:
    body:
      string: '{"operation":"UpsertLogicalServerEncryptionKeys","startTime":"2023-02-25T01:04:50.683Z"}'
    headers:
      azure-asyncoperation:
      - https://management.azure.com/subscriptions/00000000-0000-0000-0000-000000000000/resourceGroups/clitest.rg000001/providers/Microsoft.Sql/locations/eastus/serverKeyAzureAsyncOperation/5aa08b50-fe57-44c0-9e06-2a84623f5d45?api-version=2020-11-01-preview
      cache-control:
      - no-cache
      content-length:
      - '88'
      content-type:
      - application/json; charset=utf-8
      date:
      - Sat, 25 Feb 2023 01:04:49 GMT
      expires:
      - '-1'
      location:
      - https://management.azure.com/subscriptions/00000000-0000-0000-0000-000000000000/resourceGroups/clitest.rg000001/providers/Microsoft.Sql/locations/eastus/serverKeyOperationResults/5aa08b50-fe57-44c0-9e06-2a84623f5d45?api-version=2020-11-01-preview
      pragma:
      - no-cache
      server:
      - Microsoft-HTTPAPI/2.0
      strict-transport-security:
      - max-age=31536000; includeSubDomains
      x-content-type-options:
      - nosniff
      x-ms-ratelimit-remaining-subscription-writes:
      - '1196'
    status:
      code: 202
      message: Accepted
- request:
    body: null
    headers:
      Accept:
      - '*/*'
      Accept-Encoding:
      - gzip, deflate
      CommandName:
      - sql server key create
      Connection:
      - keep-alive
      ParameterSetName:
      - -g -s -k
      User-Agent:
      - AZURECLI/2.45.0 azsdk-python-mgmt-sql/4.0.0b5 Python/3.9.5 (Windows-10-10.0.22621-SP0)
    method: GET
    uri: https://management.azure.com/subscriptions/00000000-0000-0000-0000-000000000000/resourceGroups/clitest.rg000001/providers/Microsoft.Sql/locations/eastus/serverKeyAzureAsyncOperation/5aa08b50-fe57-44c0-9e06-2a84623f5d45?api-version=2020-11-01-preview
  response:
    body:
      string: '{"name":"5aa08b50-fe57-44c0-9e06-2a84623f5d45","status":"InProgress","startTime":"2023-02-25T01:04:50.683Z"}'
    headers:
      cache-control:
      - no-cache
      content-length:
      - '108'
      content-type:
      - application/json; charset=utf-8
      date:
      - Sat, 25 Feb 2023 01:04:50 GMT
      expires:
      - '-1'
      pragma:
      - no-cache
      server:
      - Microsoft-HTTPAPI/2.0
      strict-transport-security:
      - max-age=31536000; includeSubDomains
      transfer-encoding:
      - chunked
      vary:
      - Accept-Encoding
      x-content-type-options:
      - nosniff
    status:
      code: 200
      message: OK
- request:
    body: null
    headers:
      Accept:
      - '*/*'
      Accept-Encoding:
      - gzip, deflate
      CommandName:
      - sql server key create
      Connection:
      - keep-alive
      ParameterSetName:
      - -g -s -k
      User-Agent:
      - AZURECLI/2.45.0 azsdk-python-mgmt-sql/4.0.0b5 Python/3.9.5 (Windows-10-10.0.22621-SP0)
    method: GET
    uri: https://management.azure.com/subscriptions/00000000-0000-0000-0000-000000000000/resourceGroups/clitest.rg000001/providers/Microsoft.Sql/locations/eastus/serverKeyAzureAsyncOperation/5aa08b50-fe57-44c0-9e06-2a84623f5d45?api-version=2020-11-01-preview
  response:
    body:
      string: '{"name":"5aa08b50-fe57-44c0-9e06-2a84623f5d45","status":"Succeeded","startTime":"2023-02-25T01:04:50.683Z"}'
    headers:
      cache-control:
      - no-cache
      content-length:
      - '107'
      content-type:
      - application/json; charset=utf-8
      date:
      - Sat, 25 Feb 2023 01:04:52 GMT
      expires:
      - '-1'
      pragma:
      - no-cache
      server:
      - Microsoft-HTTPAPI/2.0
      strict-transport-security:
      - max-age=31536000; includeSubDomains
      transfer-encoding:
      - chunked
      vary:
      - Accept-Encoding
      x-content-type-options:
      - nosniff
    status:
      code: 200
      message: OK
- request:
    body: null
    headers:
      Accept:
      - '*/*'
      Accept-Encoding:
      - gzip, deflate
      CommandName:
      - sql server key create
      Connection:
      - keep-alive
      ParameterSetName:
      - -g -s -k
      User-Agent:
      - AZURECLI/2.45.0 azsdk-python-mgmt-sql/4.0.0b5 Python/3.9.5 (Windows-10-10.0.22621-SP0)
    method: GET
    uri: https://management.azure.com/subscriptions/00000000-0000-0000-0000-000000000000/resourceGroups/clitest.rg000001/providers/Microsoft.Sql/servers/clitestserver000002/keys/sqltdebyok000003_sqltdebyok000005_567906ea928d4e5891c66ded44ad056f?api-version=2020-11-01-preview
  response:
    body:
      string: '{"kind":"azurekeyvault","location":"East US","properties":{"serverKeyType":"AzureKeyVault","uri":"https://sqltdebyok000003.vault.azure.net/keys/sqltdebyok000005/567906ea928d4e5891c66ded44ad056f","thumbprint":"4736F42C43686F92B09AF11A54357DBB96D2059E","creationDate":"2023-02-25T01:04:52.057Z","autoRotationEnabled":false},"id":"/subscriptions/00000000-0000-0000-0000-000000000000/resourceGroups/clitest.rg000001/providers/Microsoft.Sql/servers/clitestserver000002/keys/sqltdebyok000003_sqltdebyok000005_567906ea928d4e5891c66ded44ad056f","name":"sqltdebyok000003_sqltdebyok000005_567906ea928d4e5891c66ded44ad056f","type":"Microsoft.Sql/servers/keys"}'
    headers:
      cache-control:
      - no-cache
      content-length:
      - '649'
      content-type:
      - application/json; charset=utf-8
      date:
      - Sat, 25 Feb 2023 01:04:52 GMT
      expires:
      - '-1'
      pragma:
      - no-cache
      server:
      - Microsoft-HTTPAPI/2.0
      strict-transport-security:
      - max-age=31536000; includeSubDomains
      transfer-encoding:
      - chunked
      vary:
      - Accept-Encoding
      x-content-type-options:
      - nosniff
    status:
      code: 200
      message: OK
- request:
    body: null
    headers:
      Accept:
      - application/json
      Accept-Encoding:
      - gzip, deflate
      CommandName:
      - sql server key show
      Connection:
      - keep-alive
      ParameterSetName:
      - -g -s -k
      User-Agent:
      - AZURECLI/2.45.0 azsdk-python-mgmt-sql/4.0.0b5 Python/3.9.5 (Windows-10-10.0.22621-SP0)
    method: GET
    uri: https://management.azure.com/subscriptions/00000000-0000-0000-0000-000000000000/resourceGroups/clitest.rg000001/providers/Microsoft.Sql/servers/clitestserver000002/keys/sqltdebyok000003_sqltdebyok000005_567906ea928d4e5891c66ded44ad056f?api-version=2020-11-01-preview
  response:
    body:
      string: '{"kind":"azurekeyvault","location":"East US","properties":{"serverKeyType":"AzureKeyVault","uri":"https://sqltdebyok000003.vault.azure.net/keys/sqltdebyok000005/567906ea928d4e5891c66ded44ad056f","thumbprint":"4736F42C43686F92B09AF11A54357DBB96D2059E","creationDate":"2023-02-25T01:04:52.057Z","autoRotationEnabled":false},"id":"/subscriptions/00000000-0000-0000-0000-000000000000/resourceGroups/clitest.rg000001/providers/Microsoft.Sql/servers/clitestserver000002/keys/sqltdebyok000003_sqltdebyok000005_567906ea928d4e5891c66ded44ad056f","name":"sqltdebyok000003_sqltdebyok000005_567906ea928d4e5891c66ded44ad056f","type":"Microsoft.Sql/servers/keys"}'
    headers:
      cache-control:
      - no-cache
      content-length:
      - '649'
      content-type:
      - application/json; charset=utf-8
      date:
      - Sat, 25 Feb 2023 01:04:53 GMT
      expires:
      - '-1'
      pragma:
      - no-cache
      server:
      - Microsoft-HTTPAPI/2.0
      strict-transport-security:
      - max-age=31536000; includeSubDomains
      transfer-encoding:
      - chunked
      vary:
      - Accept-Encoding
      x-content-type-options:
      - nosniff
    status:
      code: 200
      message: OK
- request:
    body: null
    headers:
      Accept:
      - application/json
      Accept-Encoding:
      - gzip, deflate
      CommandName:
      - sql server key list
      Connection:
      - keep-alive
      ParameterSetName:
      - -g -s
      User-Agent:
      - AZURECLI/2.45.0 azsdk-python-mgmt-sql/4.0.0b5 Python/3.9.5 (Windows-10-10.0.22621-SP0)
    method: GET
    uri: https://management.azure.com/subscriptions/00000000-0000-0000-0000-000000000000/resourceGroups/clitest.rg000001/providers/Microsoft.Sql/servers/clitestserver000002/keys?api-version=2020-11-01-preview
  response:
    body:
      string: '{"value":[{"kind":"azurekeyvault","location":"East US","properties":{"serverKeyType":"AzureKeyVault","uri":"https://sqltdebyok000003.vault.azure.net/keys/sqltdebyok000005/567906ea928d4e5891c66ded44ad056f","thumbprint":"4736F42C43686F92B09AF11A54357DBB96D2059E","creationDate":"2023-02-25T01:04:52.057Z","autoRotationEnabled":false},"id":"/subscriptions/00000000-0000-0000-0000-000000000000/resourceGroups/clitest.rg000001/providers/Microsoft.Sql/servers/clitestserver000002/keys/sqltdebyok000003_sqltdebyok000005_567906ea928d4e5891c66ded44ad056f","name":"sqltdebyok000003_sqltdebyok000005_567906ea928d4e5891c66ded44ad056f","type":"Microsoft.Sql/servers/keys"},{"kind":"servicemanaged","properties":{"serverKeyType":"ServiceManaged","autoRotationEnabled":false},"id":"/subscriptions/00000000-0000-0000-0000-000000000000/resourceGroups/clitest.rg000001/providers/Microsoft.Sql/servers/clitestserver000002/keys/ServiceManaged","name":"ServiceManaged","type":"Microsoft.Sql/servers/keys"}]}'
    headers:
      cache-control:
      - no-cache
      content-length:
      - '986'
      content-type:
      - application/json; charset=utf-8
      date:
      - Sat, 25 Feb 2023 01:04:53 GMT
      expires:
      - '-1'
      pragma:
      - no-cache
      server:
      - Microsoft-HTTPAPI/2.0
      strict-transport-security:
      - max-age=31536000; includeSubDomains
      transfer-encoding:
      - chunked
      vary:
      - Accept-Encoding
      x-content-type-options:
      - nosniff
    status:
      code: 200
      message: OK
- request:
    body: null
    headers:
      Accept:
      - application/json
      Accept-Encoding:
      - gzip, deflate
      CommandName:
      - sql server tde-key show
      Connection:
      - keep-alive
      ParameterSetName:
      - -g -s
      User-Agent:
      - AZURECLI/2.45.0 azsdk-python-mgmt-sql/4.0.0b5 Python/3.9.5 (Windows-10-10.0.22621-SP0)
    method: GET
    uri: https://management.azure.com/subscriptions/00000000-0000-0000-0000-000000000000/resourceGroups/clitest.rg000001/providers/Microsoft.Sql/servers/clitestserver000002/encryptionProtector/current?api-version=2020-11-01-preview
  response:
    body:
      string: '{"kind":"servicemanaged","properties":{"serverKeyName":"ServiceManaged","serverKeyType":"ServiceManaged","autoRotationEnabled":false},"id":"/subscriptions/00000000-0000-0000-0000-000000000000/resourceGroups/clitest.rg000001/providers/Microsoft.Sql/servers/clitestserver000002/encryptionProtector/current","name":"current","type":"Microsoft.Sql/servers/encryptionProtector"}'
    headers:
      cache-control:
      - no-cache
      content-length:
      - '373'
      content-type:
      - application/json; charset=utf-8
      date:
      - Sat, 25 Feb 2023 01:04:54 GMT
      expires:
      - '-1'
      pragma:
      - no-cache
      server:
      - Microsoft-HTTPAPI/2.0
      strict-transport-security:
      - max-age=31536000; includeSubDomains
      transfer-encoding:
      - chunked
      vary:
      - Accept-Encoding
      x-content-type-options:
      - nosniff
    status:
      code: 200
      message: OK
- request:
    body: '{"properties": {"serverKeyName": "sqltdebyok000003_sqltdebyok000005_567906ea928d4e5891c66ded44ad056f",
      "serverKeyType": "AzureKeyVault", "autoRotationEnabled": true}}'
    headers:
      Accept:
      - application/json
      Accept-Encoding:
      - gzip, deflate
      CommandName:
      - sql server tde-key set
      Connection:
      - keep-alive
      Content-Length:
      - '166'
      Content-Type:
      - application/json
      ParameterSetName:
      - -g -s -t -k --auto-rotation-enabled
      User-Agent:
      - AZURECLI/2.45.0 azsdk-python-mgmt-sql/4.0.0b5 Python/3.9.5 (Windows-10-10.0.22621-SP0)
    method: PUT
    uri: https://management.azure.com/subscriptions/00000000-0000-0000-0000-000000000000/resourceGroups/clitest.rg000001/providers/Microsoft.Sql/servers/clitestserver000002/encryptionProtector/current?api-version=2020-11-01-preview
  response:
    body:
      string: '{"operation":"UpsertLogicalServerEncryptionprotector","startTime":"2023-02-25T01:04:55.307Z"}'
    headers:
      azure-asyncoperation:
      - https://management.azure.com/subscriptions/00000000-0000-0000-0000-000000000000/resourceGroups/clitest.rg000001/providers/Microsoft.Sql/locations/eastus/encryptionProtectorAzureAsyncOperation/e5d1dd79-2622-4ec5-bd82-9df51219c6e0?api-version=2020-11-01-preview
      cache-control:
      - no-cache
      content-length:
      - '93'
      content-type:
      - application/json; charset=utf-8
      date:
      - Sat, 25 Feb 2023 01:04:54 GMT
      expires:
      - '-1'
      location:
      - https://management.azure.com/subscriptions/00000000-0000-0000-0000-000000000000/resourceGroups/clitest.rg000001/providers/Microsoft.Sql/locations/eastus/encryptionProtectorOperationResults/e5d1dd79-2622-4ec5-bd82-9df51219c6e0?api-version=2020-11-01-preview
      pragma:
      - no-cache
      server:
      - Microsoft-HTTPAPI/2.0
      strict-transport-security:
      - max-age=31536000; includeSubDomains
      x-content-type-options:
      - nosniff
      x-ms-ratelimit-remaining-subscription-writes:
      - '1196'
    status:
      code: 202
      message: Accepted
- request:
    body: null
    headers:
      Accept:
      - '*/*'
      Accept-Encoding:
      - gzip, deflate
      CommandName:
      - sql server tde-key set
      Connection:
      - keep-alive
      ParameterSetName:
      - -g -s -t -k --auto-rotation-enabled
      User-Agent:
      - AZURECLI/2.45.0 azsdk-python-mgmt-sql/4.0.0b5 Python/3.9.5 (Windows-10-10.0.22621-SP0)
    method: GET
    uri: https://management.azure.com/subscriptions/00000000-0000-0000-0000-000000000000/resourceGroups/clitest.rg000001/providers/Microsoft.Sql/locations/eastus/encryptionProtectorAzureAsyncOperation/e5d1dd79-2622-4ec5-bd82-9df51219c6e0?api-version=2020-11-01-preview
  response:
    body:
      string: '{"name":"e5d1dd79-2622-4ec5-bd82-9df51219c6e0","status":"InProgress","startTime":"2023-02-25T01:04:55.307Z"}'
    headers:
      cache-control:
      - no-cache
      content-length:
      - '108'
      content-type:
      - application/json; charset=utf-8
      date:
      - Sat, 25 Feb 2023 01:04:55 GMT
      expires:
      - '-1'
      pragma:
      - no-cache
      server:
      - Microsoft-HTTPAPI/2.0
      strict-transport-security:
      - max-age=31536000; includeSubDomains
      transfer-encoding:
      - chunked
      vary:
      - Accept-Encoding
      x-content-type-options:
      - nosniff
    status:
      code: 200
      message: OK
- request:
    body: null
    headers:
      Accept:
      - '*/*'
      Accept-Encoding:
      - gzip, deflate
      CommandName:
      - sql server tde-key set
      Connection:
      - keep-alive
      ParameterSetName:
      - -g -s -t -k --auto-rotation-enabled
      User-Agent:
      - AZURECLI/2.45.0 azsdk-python-mgmt-sql/4.0.0b5 Python/3.9.5 (Windows-10-10.0.22621-SP0)
    method: GET
    uri: https://management.azure.com/subscriptions/00000000-0000-0000-0000-000000000000/resourceGroups/clitest.rg000001/providers/Microsoft.Sql/locations/eastus/encryptionProtectorAzureAsyncOperation/e5d1dd79-2622-4ec5-bd82-9df51219c6e0?api-version=2020-11-01-preview
  response:
    body:
      string: '{"name":"e5d1dd79-2622-4ec5-bd82-9df51219c6e0","status":"InProgress","startTime":"2023-02-25T01:04:55.307Z"}'
    headers:
      cache-control:
      - no-cache
      content-length:
      - '108'
      content-type:
      - application/json; charset=utf-8
      date:
      - Sat, 25 Feb 2023 01:04:56 GMT
      expires:
      - '-1'
      pragma:
      - no-cache
      server:
      - Microsoft-HTTPAPI/2.0
      strict-transport-security:
      - max-age=31536000; includeSubDomains
      transfer-encoding:
      - chunked
      vary:
      - Accept-Encoding
      x-content-type-options:
      - nosniff
    status:
      code: 200
      message: OK
- request:
    body: null
    headers:
      Accept:
      - '*/*'
      Accept-Encoding:
      - gzip, deflate
      CommandName:
      - sql server tde-key set
      Connection:
      - keep-alive
      ParameterSetName:
      - -g -s -t -k --auto-rotation-enabled
      User-Agent:
      - AZURECLI/2.45.0 azsdk-python-mgmt-sql/4.0.0b5 Python/3.9.5 (Windows-10-10.0.22621-SP0)
    method: GET
    uri: https://management.azure.com/subscriptions/00000000-0000-0000-0000-000000000000/resourceGroups/clitest.rg000001/providers/Microsoft.Sql/locations/eastus/encryptionProtectorAzureAsyncOperation/e5d1dd79-2622-4ec5-bd82-9df51219c6e0?api-version=2020-11-01-preview
  response:
    body:
      string: '{"name":"e5d1dd79-2622-4ec5-bd82-9df51219c6e0","status":"Succeeded","startTime":"2023-02-25T01:04:55.307Z"}'
    headers:
      cache-control:
      - no-cache
      content-length:
      - '107'
      content-type:
      - application/json; charset=utf-8
      date:
      - Sat, 25 Feb 2023 01:04:57 GMT
      expires:
      - '-1'
      pragma:
      - no-cache
      server:
      - Microsoft-HTTPAPI/2.0
      strict-transport-security:
      - max-age=31536000; includeSubDomains
      transfer-encoding:
      - chunked
      vary:
      - Accept-Encoding
      x-content-type-options:
      - nosniff
    status:
      code: 200
      message: OK
- request:
    body: null
    headers:
      Accept:
      - '*/*'
      Accept-Encoding:
      - gzip, deflate
      CommandName:
      - sql server tde-key set
      Connection:
      - keep-alive
      ParameterSetName:
      - -g -s -t -k --auto-rotation-enabled
      User-Agent:
      - AZURECLI/2.45.0 azsdk-python-mgmt-sql/4.0.0b5 Python/3.9.5 (Windows-10-10.0.22621-SP0)
    method: GET
    uri: https://management.azure.com/subscriptions/00000000-0000-0000-0000-000000000000/resourceGroups/clitest.rg000001/providers/Microsoft.Sql/servers/clitestserver000002/encryptionProtector/current?api-version=2020-11-01-preview
  response:
    body:
      string: '{"kind":"azurekeyvault","properties":{"serverKeyName":"sqltdebyok000003_sqltdebyok000005_567906ea928d4e5891c66ded44ad056f","serverKeyType":"AzureKeyVault","uri":"https://sqltdebyok000003.vault.azure.net/keys/sqltdebyok000005/567906ea928d4e5891c66ded44ad056f","autoRotationEnabled":true},"id":"/subscriptions/00000000-0000-0000-0000-000000000000/resourceGroups/clitest.rg000001/providers/Microsoft.Sql/servers/clitestserver000002/encryptionProtector/current","name":"current","type":"Microsoft.Sql/servers/encryptionProtector"}'
    headers:
      cache-control:
      - no-cache
      content-length:
      - '526'
      content-type:
      - application/json; charset=utf-8
      date:
      - Sat, 25 Feb 2023 01:04:58 GMT
      expires:
      - '-1'
      pragma:
      - no-cache
      server:
      - Microsoft-HTTPAPI/2.0
      strict-transport-security:
      - max-age=31536000; includeSubDomains
      transfer-encoding:
      - chunked
      vary:
      - Accept-Encoding
      x-content-type-options:
      - nosniff
    status:
      code: 200
      message: OK
- request:
    body: null
    headers:
      Accept:
      - application/json
      Accept-Encoding:
      - gzip, deflate
      CommandName:
      - sql server tde-key show
      Connection:
      - keep-alive
      ParameterSetName:
      - -g -s
      User-Agent:
      - AZURECLI/2.45.0 azsdk-python-mgmt-sql/4.0.0b5 Python/3.9.5 (Windows-10-10.0.22621-SP0)
    method: GET
    uri: https://management.azure.com/subscriptions/00000000-0000-0000-0000-000000000000/resourceGroups/clitest.rg000001/providers/Microsoft.Sql/servers/clitestserver000002/encryptionProtector/current?api-version=2020-11-01-preview
  response:
    body:
      string: '{"kind":"azurekeyvault","properties":{"serverKeyName":"sqltdebyok000003_sqltdebyok000005_567906ea928d4e5891c66ded44ad056f","serverKeyType":"AzureKeyVault","uri":"https://sqltdebyok000003.vault.azure.net/keys/sqltdebyok000005/567906ea928d4e5891c66ded44ad056f","autoRotationEnabled":true},"id":"/subscriptions/00000000-0000-0000-0000-000000000000/resourceGroups/clitest.rg000001/providers/Microsoft.Sql/servers/clitestserver000002/encryptionProtector/current","name":"current","type":"Microsoft.Sql/servers/encryptionProtector"}'
    headers:
      cache-control:
      - no-cache
      content-length:
      - '526'
      content-type:
      - application/json; charset=utf-8
      date:
      - Sat, 25 Feb 2023 01:04:59 GMT
      expires:
      - '-1'
      pragma:
      - no-cache
      server:
      - Microsoft-HTTPAPI/2.0
      strict-transport-security:
      - max-age=31536000; includeSubDomains
      transfer-encoding:
      - chunked
      vary:
      - Accept-Encoding
      x-content-type-options:
      - nosniff
    status:
      code: 200
      message: OK
- request:
    body: '{"properties": {"serverKeyName": "ServiceManaged", "serverKeyType": "ServiceManaged"}}'
    headers:
      Accept:
      - application/json
      Accept-Encoding:
      - gzip, deflate
      CommandName:
      - sql server tde-key set
      Connection:
      - keep-alive
      Content-Length:
      - '86'
      Content-Type:
      - application/json
      ParameterSetName:
      - -g -s -t
      User-Agent:
      - AZURECLI/2.45.0 azsdk-python-mgmt-sql/4.0.0b5 Python/3.9.5 (Windows-10-10.0.22621-SP0)
    method: PUT
    uri: https://management.azure.com/subscriptions/00000000-0000-0000-0000-000000000000/resourceGroups/clitest.rg000001/providers/Microsoft.Sql/servers/clitestserver000002/encryptionProtector/current?api-version=2020-11-01-preview
  response:
    body:
      string: '{"operation":"UpsertLogicalServerEncryptionprotector","startTime":"2023-02-25T01:05:00.717Z"}'
    headers:
      azure-asyncoperation:
      - https://management.azure.com/subscriptions/00000000-0000-0000-0000-000000000000/resourceGroups/clitest.rg000001/providers/Microsoft.Sql/locations/eastus/encryptionProtectorAzureAsyncOperation/25aa90ff-b542-4f5c-b85e-7f687692deb2?api-version=2020-11-01-preview
      cache-control:
      - no-cache
      content-length:
      - '93'
      content-type:
      - application/json; charset=utf-8
      date:
      - Sat, 25 Feb 2023 01:04:59 GMT
      expires:
      - '-1'
      location:
      - https://management.azure.com/subscriptions/00000000-0000-0000-0000-000000000000/resourceGroups/clitest.rg000001/providers/Microsoft.Sql/locations/eastus/encryptionProtectorOperationResults/25aa90ff-b542-4f5c-b85e-7f687692deb2?api-version=2020-11-01-preview
      pragma:
      - no-cache
      server:
      - Microsoft-HTTPAPI/2.0
      strict-transport-security:
      - max-age=31536000; includeSubDomains
      x-content-type-options:
      - nosniff
      x-ms-ratelimit-remaining-subscription-writes:
      - '1198'
    status:
      code: 202
      message: Accepted
- request:
    body: null
    headers:
      Accept:
      - '*/*'
      Accept-Encoding:
      - gzip, deflate
      CommandName:
      - sql server tde-key set
      Connection:
      - keep-alive
      ParameterSetName:
      - -g -s -t
      User-Agent:
      - AZURECLI/2.45.0 azsdk-python-mgmt-sql/4.0.0b5 Python/3.9.5 (Windows-10-10.0.22621-SP0)
    method: GET
    uri: https://management.azure.com/subscriptions/00000000-0000-0000-0000-000000000000/resourceGroups/clitest.rg000001/providers/Microsoft.Sql/locations/eastus/encryptionProtectorAzureAsyncOperation/25aa90ff-b542-4f5c-b85e-7f687692deb2?api-version=2020-11-01-preview
  response:
    body:
      string: '{"name":"25aa90ff-b542-4f5c-b85e-7f687692deb2","status":"Succeeded","startTime":"2023-02-25T01:05:00.717Z"}'
    headers:
      cache-control:
      - no-cache
      content-length:
      - '107'
      content-type:
      - application/json; charset=utf-8
      date:
      - Sat, 25 Feb 2023 01:05:01 GMT
      expires:
      - '-1'
      pragma:
      - no-cache
      server:
      - Microsoft-HTTPAPI/2.0
      strict-transport-security:
      - max-age=31536000; includeSubDomains
      transfer-encoding:
      - chunked
      vary:
      - Accept-Encoding
      x-content-type-options:
      - nosniff
    status:
      code: 200
      message: OK
- request:
    body: null
    headers:
      Accept:
      - '*/*'
      Accept-Encoding:
      - gzip, deflate
      CommandName:
      - sql server tde-key set
      Connection:
      - keep-alive
      ParameterSetName:
      - -g -s -t
      User-Agent:
      - AZURECLI/2.45.0 azsdk-python-mgmt-sql/4.0.0b5 Python/3.9.5 (Windows-10-10.0.22621-SP0)
    method: GET
    uri: https://management.azure.com/subscriptions/00000000-0000-0000-0000-000000000000/resourceGroups/clitest.rg000001/providers/Microsoft.Sql/servers/clitestserver000002/encryptionProtector/current?api-version=2020-11-01-preview
  response:
    body:
      string: '{"kind":"servicemanaged","properties":{"serverKeyName":"ServiceManaged","serverKeyType":"ServiceManaged","autoRotationEnabled":false},"id":"/subscriptions/00000000-0000-0000-0000-000000000000/resourceGroups/clitest.rg000001/providers/Microsoft.Sql/servers/clitestserver000002/encryptionProtector/current","name":"current","type":"Microsoft.Sql/servers/encryptionProtector"}'
    headers:
      cache-control:
      - no-cache
      content-length:
      - '373'
      content-type:
      - application/json; charset=utf-8
      date:
      - Sat, 25 Feb 2023 01:05:01 GMT
      expires:
      - '-1'
      pragma:
      - no-cache
      server:
      - Microsoft-HTTPAPI/2.0
      strict-transport-security:
      - max-age=31536000; includeSubDomains
      transfer-encoding:
      - chunked
      vary:
      - Accept-Encoding
      x-content-type-options:
      - nosniff
    status:
      code: 200
      message: OK
- request:
    body: null
    headers:
      Accept:
      - application/json
      Accept-Encoding:
      - gzip, deflate
      CommandName:
      - sql server tde-key show
      Connection:
      - keep-alive
      ParameterSetName:
      - -g -s
      User-Agent:
      - AZURECLI/2.45.0 azsdk-python-mgmt-sql/4.0.0b5 Python/3.9.5 (Windows-10-10.0.22621-SP0)
    method: GET
    uri: https://management.azure.com/subscriptions/00000000-0000-0000-0000-000000000000/resourceGroups/clitest.rg000001/providers/Microsoft.Sql/servers/clitestserver000002/encryptionProtector/current?api-version=2020-11-01-preview
  response:
    body:
      string: '{"kind":"servicemanaged","properties":{"serverKeyName":"ServiceManaged","serverKeyType":"ServiceManaged","autoRotationEnabled":false},"id":"/subscriptions/00000000-0000-0000-0000-000000000000/resourceGroups/clitest.rg000001/providers/Microsoft.Sql/servers/clitestserver000002/encryptionProtector/current","name":"current","type":"Microsoft.Sql/servers/encryptionProtector"}'
    headers:
      cache-control:
      - no-cache
      content-length:
      - '373'
      content-type:
      - application/json; charset=utf-8
      date:
      - Sat, 25 Feb 2023 01:05:02 GMT
      expires:
      - '-1'
      pragma:
      - no-cache
      server:
      - Microsoft-HTTPAPI/2.0
      strict-transport-security:
      - max-age=31536000; includeSubDomains
      transfer-encoding:
      - chunked
      vary:
      - Accept-Encoding
      x-content-type-options:
      - nosniff
    status:
      code: 200
      message: OK
- request:
    body: null
    headers:
      Accept:
      - '*/*'
      Accept-Encoding:
      - gzip, deflate
      CommandName:
      - sql server key delete
      Connection:
      - keep-alive
      Content-Length:
      - '0'
      ParameterSetName:
      - -g -s -k
      User-Agent:
      - AZURECLI/2.45.0 azsdk-python-mgmt-sql/4.0.0b5 Python/3.9.5 (Windows-10-10.0.22621-SP0)
    method: DELETE
    uri: https://management.azure.com/subscriptions/00000000-0000-0000-0000-000000000000/resourceGroups/clitest.rg000001/providers/Microsoft.Sql/servers/clitestserver000002/keys/sqltdebyok000003_sqltdebyok000005_567906ea928d4e5891c66ded44ad056f?api-version=2020-11-01-preview
  response:
    body:
      string: '{"operation":"DeleteLogicalServerEncryptionKeys","startTime":"2023-02-25T01:05:04.067Z"}'
    headers:
      azure-asyncoperation:
      - https://management.azure.com/subscriptions/00000000-0000-0000-0000-000000000000/resourceGroups/clitest.rg000001/providers/Microsoft.Sql/locations/eastus/serverKeyAzureAsyncOperation/65eaadcc-9d9b-4a6d-bb84-5a7a44b40ce1?api-version=2020-11-01-preview
      cache-control:
      - no-cache
      content-length:
      - '88'
      content-type:
      - application/json; charset=utf-8
      date:
      - Sat, 25 Feb 2023 01:05:03 GMT
      expires:
      - '-1'
      location:
      - https://management.azure.com/subscriptions/00000000-0000-0000-0000-000000000000/resourceGroups/clitest.rg000001/providers/Microsoft.Sql/locations/eastus/serverKeyOperationResults/65eaadcc-9d9b-4a6d-bb84-5a7a44b40ce1?api-version=2020-11-01-preview
      pragma:
      - no-cache
      server:
      - Microsoft-HTTPAPI/2.0
      strict-transport-security:
      - max-age=31536000; includeSubDomains
      x-content-type-options:
      - nosniff
      x-ms-ratelimit-remaining-subscription-deletes:
      - '14999'
    status:
      code: 202
      message: Accepted
- request:
    body: null
    headers:
      Accept:
      - '*/*'
      Accept-Encoding:
      - gzip, deflate
      CommandName:
      - sql server key delete
      Connection:
      - keep-alive
      ParameterSetName:
      - -g -s -k
      User-Agent:
      - AZURECLI/2.45.0 azsdk-python-mgmt-sql/4.0.0b5 Python/3.9.5 (Windows-10-10.0.22621-SP0)
    method: GET
    uri: https://management.azure.com/subscriptions/00000000-0000-0000-0000-000000000000/resourceGroups/clitest.rg000001/providers/Microsoft.Sql/locations/eastus/serverKeyAzureAsyncOperation/65eaadcc-9d9b-4a6d-bb84-5a7a44b40ce1?api-version=2020-11-01-preview
  response:
    body:
      string: '{"name":"65eaadcc-9d9b-4a6d-bb84-5a7a44b40ce1","status":"Succeeded","startTime":"2023-02-25T01:05:04.067Z"}'
    headers:
      cache-control:
      - no-cache
      content-length:
      - '107'
      content-type:
      - application/json; charset=utf-8
      date:
      - Sat, 25 Feb 2023 01:05:04 GMT
      expires:
      - '-1'
      pragma:
      - no-cache
      server:
      - Microsoft-HTTPAPI/2.0
      strict-transport-security:
      - max-age=31536000; includeSubDomains
      transfer-encoding:
      - chunked
      vary:
      - Accept-Encoding
      x-content-type-options:
      - nosniff
    status:
      code: 200
      message: OK
- request:
    body: null
    headers:
      Accept:
      - application/json
      Accept-Encoding:
      - gzip, deflate
      CommandName:
      - sql server key list
      Connection:
      - keep-alive
      ParameterSetName:
      - -g -s
      User-Agent:
      - AZURECLI/2.45.0 azsdk-python-mgmt-sql/4.0.0b5 Python/3.9.5 (Windows-10-10.0.22621-SP0)
    method: GET
    uri: https://management.azure.com/subscriptions/00000000-0000-0000-0000-000000000000/resourceGroups/clitest.rg000001/providers/Microsoft.Sql/servers/clitestserver000002/keys?api-version=2020-11-01-preview
  response:
    body:
      string: '{"value":[{"kind":"servicemanaged","properties":{"serverKeyType":"ServiceManaged","autoRotationEnabled":false},"id":"/subscriptions/00000000-0000-0000-0000-000000000000/resourceGroups/clitest.rg000001/providers/Microsoft.Sql/servers/clitestserver000002/keys/ServiceManaged","name":"ServiceManaged","type":"Microsoft.Sql/servers/keys"}]}'
    headers:
      cache-control:
      - no-cache
      content-length:
      - '336'
      content-type:
      - application/json; charset=utf-8
      date:
      - Sat, 25 Feb 2023 01:05:15 GMT
      expires:
      - '-1'
      pragma:
      - no-cache
      server:
      - Microsoft-HTTPAPI/2.0
      strict-transport-security:
      - max-age=31536000; includeSubDomains
      transfer-encoding:
      - chunked
      vary:
      - Accept-Encoding
      x-content-type-options:
      - nosniff
    status:
      code: 200
      message: OK
version: 1
