interactions:
- request:
    body: '{"tags": {"cause": "automation", "product": "azurecli", "date": "2018-04-30T22:50:38Z"},
      "location": "westus"}'
    headers:
      Accept: [application/json]
      Accept-Encoding: ['gzip, deflate']
      CommandName: [group create]
      Connection: [keep-alive]
      Content-Length: ['110']
      Content-Type: [application/json; charset=utf-8]
      User-Agent: [python/3.5.3 (Windows-10-10.0.16299-SP0) requests/2.18.4 msrest/0.4.28
          msrest_azure/0.4.28 resourcemanagementclient/1.2.1 Azure-SDK-For-Python
          AZURECLI/2.0.32]
      accept-language: [en-US]
    method: PUT
    uri: https://management.azure.com/subscriptions/00000000-0000-0000-0000-000000000000/resourcegroups/clitest.rg000001?api-version=2018-05-01
  response:
    body: {string: '{"id":"/subscriptions/00000000-0000-0000-0000-000000000000/resourceGroups/clitest.rg000001","name":"clitest.rg000001","location":"westus","tags":{"cause":"automation","product":"azurecli","date":"2018-04-30T22:50:38Z"},"properties":{"provisioningState":"Succeeded"}}'}
    headers:
      cache-control: [no-cache]
      content-length: ['384']
      content-type: [application/json; charset=utf-8]
      date: ['Mon, 30 Apr 2018 22:50:38 GMT']
      expires: ['-1']
      pragma: [no-cache]
      strict-transport-security: [max-age=31536000; includeSubDomains]
      x-content-type-options: [nosniff]
      x-ms-ratelimit-remaining-subscription-writes: ['1199']
    status: {code: 201, message: Created}
- request:
    body: '{"tags": {"cause": "automation", "product": "azurecli", "date": "2018-04-30T22:50:39Z"},
      "location": "westus"}'
    headers:
      Accept: [application/json]
      Accept-Encoding: ['gzip, deflate']
      CommandName: [group create]
      Connection: [keep-alive]
      Content-Length: ['110']
      Content-Type: [application/json; charset=utf-8]
      User-Agent: [python/3.5.3 (Windows-10-10.0.16299-SP0) requests/2.18.4 msrest/0.4.28
          msrest_azure/0.4.28 resourcemanagementclient/1.2.1 Azure-SDK-For-Python
          AZURECLI/2.0.32]
      accept-language: [en-US]
    method: PUT
    uri: https://management.azure.com/subscriptions/00000000-0000-0000-0000-000000000000/resourcegroups/clitest.rg000002?api-version=2018-05-01
  response:
    body: {string: '{"id":"/subscriptions/00000000-0000-0000-0000-000000000000/resourceGroups/clitest.rg000002","name":"clitest.rg000002","location":"westus","tags":{"cause":"automation","product":"azurecli","date":"2018-04-30T22:50:39Z"},"properties":{"provisioningState":"Succeeded"}}'}
    headers:
      cache-control: [no-cache]
      content-length: ['384']
      content-type: [application/json; charset=utf-8]
      date: ['Mon, 30 Apr 2018 22:50:40 GMT']
      expires: ['-1']
      pragma: [no-cache]
      strict-transport-security: [max-age=31536000; includeSubDomains]
      x-content-type-options: [nosniff]
      x-ms-ratelimit-remaining-subscription-writes: ['1198']
    status: {code: 201, message: Created}
- request:
    body: '{"location": "westeurope", "properties": {"administratorLogin": "admin123",
      "administratorLoginPassword": "SecretPassword123"}}'
    headers:
      Accept: [application/json]
      Accept-Encoding: ['gzip, deflate']
      CommandName: [sql server create]
      Connection: [keep-alive]
      Content-Length: ['127']
      Content-Type: [application/json; charset=utf-8]
      User-Agent: [python/3.5.3 (Windows-10-10.0.16299-SP0) requests/2.18.4 msrest/0.4.28
          msrest_azure/0.4.28 azure-mgmt-sql/0.9.0 Azure-SDK-For-Python AZURECLI/2.0.32]
      accept-language: [en-US]
    method: PUT
    uri: https://management.azure.com/subscriptions/00000000-0000-0000-0000-000000000000/resourceGroups/clitest.rg000001/providers/Microsoft.Sql/servers/clitestserver000003?api-version=2015-05-01-preview
  response:
    body: {string: '{"operation":"UpsertLogicalServer","startTime":"2018-04-30T22:50:42.463Z"}'}
    headers:
      azure-asyncoperation: ['https://management.azure.com/subscriptions/00000000-0000-0000-0000-000000000000/resourceGroups/clitest.rg000001/providers/Microsoft.Sql/locations/westeurope/serverAzureAsyncOperation/52c2ec6a-a32a-4be7-8216-027a6230519a?api-version=2015-05-01-preview']
      cache-control: [no-cache]
      content-length: ['74']
      content-type: [application/json; charset=utf-8]
      date: ['Mon, 30 Apr 2018 22:50:42 GMT']
      expires: ['-1']
      location: ['https://management.azure.com/subscriptions/00000000-0000-0000-0000-000000000000/resourceGroups/clitest.rg000001/providers/Microsoft.Sql/locations/westeurope/serverOperationResults/52c2ec6a-a32a-4be7-8216-027a6230519a?api-version=2015-05-01-preview']
      pragma: [no-cache]
      server: [Microsoft-HTTPAPI/2.0]
      strict-transport-security: [max-age=31536000; includeSubDomains]
      x-content-type-options: [nosniff]
      x-ms-ratelimit-remaining-subscription-writes: ['1199']
    status: {code: 202, message: Accepted}
- request:
    body: null
    headers:
      Accept: [application/json]
      Accept-Encoding: ['gzip, deflate']
      CommandName: [sql server create]
      Connection: [keep-alive]
      User-Agent: [python/3.5.3 (Windows-10-10.0.16299-SP0) requests/2.18.4 msrest/0.4.28
          msrest_azure/0.4.28 azure-mgmt-sql/0.9.0 Azure-SDK-For-Python AZURECLI/2.0.32]
    method: GET
    uri: https://management.azure.com/subscriptions/00000000-0000-0000-0000-000000000000/resourceGroups/clitest.rg000001/providers/Microsoft.Sql/locations/westeurope/serverAzureAsyncOperation/52c2ec6a-a32a-4be7-8216-027a6230519a?api-version=2015-05-01-preview
  response:
    body: {string: '{"name":"52c2ec6a-a32a-4be7-8216-027a6230519a","status":"InProgress","startTime":"2018-04-30T22:50:42.463Z"}'}
    headers:
      cache-control: [no-cache]
      content-length: ['108']
      content-type: [application/json; charset=utf-8]
      date: ['Mon, 30 Apr 2018 22:50:44 GMT']
      expires: ['-1']
      pragma: [no-cache]
      server: [Microsoft-HTTPAPI/2.0]
      strict-transport-security: [max-age=31536000; includeSubDomains]
      transfer-encoding: [chunked]
      vary: [Accept-Encoding]
      x-content-type-options: [nosniff]
    status: {code: 200, message: OK}
- request:
    body: null
    headers:
      Accept: [application/json]
      Accept-Encoding: ['gzip, deflate']
      CommandName: [sql server create]
      Connection: [keep-alive]
      User-Agent: [python/3.5.3 (Windows-10-10.0.16299-SP0) requests/2.18.4 msrest/0.4.28
          msrest_azure/0.4.28 azure-mgmt-sql/0.9.0 Azure-SDK-For-Python AZURECLI/2.0.32]
    method: GET
    uri: https://management.azure.com/subscriptions/00000000-0000-0000-0000-000000000000/resourceGroups/clitest.rg000001/providers/Microsoft.Sql/locations/westeurope/serverAzureAsyncOperation/52c2ec6a-a32a-4be7-8216-027a6230519a?api-version=2015-05-01-preview
  response:
    body: {string: '{"name":"52c2ec6a-a32a-4be7-8216-027a6230519a","status":"InProgress","startTime":"2018-04-30T22:50:42.463Z"}'}
    headers:
      cache-control: [no-cache]
      content-length: ['108']
      content-type: [application/json; charset=utf-8]
      date: ['Mon, 30 Apr 2018 22:50:45 GMT']
      expires: ['-1']
      pragma: [no-cache]
      server: [Microsoft-HTTPAPI/2.0]
      strict-transport-security: [max-age=31536000; includeSubDomains]
      transfer-encoding: [chunked]
      vary: [Accept-Encoding]
      x-content-type-options: [nosniff]
    status: {code: 200, message: OK}
- request:
    body: null
    headers:
      Accept: [application/json]
      Accept-Encoding: ['gzip, deflate']
      CommandName: [sql server create]
      Connection: [keep-alive]
      User-Agent: [python/3.5.3 (Windows-10-10.0.16299-SP0) requests/2.18.4 msrest/0.4.28
          msrest_azure/0.4.28 azure-mgmt-sql/0.9.0 Azure-SDK-For-Python AZURECLI/2.0.32]
    method: GET
    uri: https://management.azure.com/subscriptions/00000000-0000-0000-0000-000000000000/resourceGroups/clitest.rg000001/providers/Microsoft.Sql/locations/westeurope/serverAzureAsyncOperation/52c2ec6a-a32a-4be7-8216-027a6230519a?api-version=2015-05-01-preview
  response:
    body: {string: '{"name":"52c2ec6a-a32a-4be7-8216-027a6230519a","status":"InProgress","startTime":"2018-04-30T22:50:42.463Z"}'}
    headers:
      cache-control: [no-cache]
      content-length: ['108']
      content-type: [application/json; charset=utf-8]
      date: ['Mon, 30 Apr 2018 22:50:48 GMT']
      expires: ['-1']
      pragma: [no-cache]
      server: [Microsoft-HTTPAPI/2.0]
      strict-transport-security: [max-age=31536000; includeSubDomains]
      transfer-encoding: [chunked]
      vary: [Accept-Encoding]
      x-content-type-options: [nosniff]
    status: {code: 200, message: OK}
- request:
    body: null
    headers:
      Accept: [application/json]
      Accept-Encoding: ['gzip, deflate']
      CommandName: [sql server create]
      Connection: [keep-alive]
      User-Agent: [python/3.5.3 (Windows-10-10.0.16299-SP0) requests/2.18.4 msrest/0.4.28
          msrest_azure/0.4.28 azure-mgmt-sql/0.9.0 Azure-SDK-For-Python AZURECLI/2.0.32]
    method: GET
    uri: https://management.azure.com/subscriptions/00000000-0000-0000-0000-000000000000/resourceGroups/clitest.rg000001/providers/Microsoft.Sql/locations/westeurope/serverAzureAsyncOperation/52c2ec6a-a32a-4be7-8216-027a6230519a?api-version=2015-05-01-preview
  response:
    body: {string: '{"name":"52c2ec6a-a32a-4be7-8216-027a6230519a","status":"InProgress","startTime":"2018-04-30T22:50:42.463Z"}'}
    headers:
      cache-control: [no-cache]
      content-length: ['108']
      content-type: [application/json; charset=utf-8]
      date: ['Mon, 30 Apr 2018 22:51:08 GMT']
      expires: ['-1']
      pragma: [no-cache]
      server: [Microsoft-HTTPAPI/2.0]
      strict-transport-security: [max-age=31536000; includeSubDomains]
      transfer-encoding: [chunked]
      vary: [Accept-Encoding]
      x-content-type-options: [nosniff]
    status: {code: 200, message: OK}
- request:
    body: null
    headers:
      Accept: [application/json]
      Accept-Encoding: ['gzip, deflate']
      CommandName: [sql server create]
      Connection: [keep-alive]
      User-Agent: [python/3.5.3 (Windows-10-10.0.16299-SP0) requests/2.18.4 msrest/0.4.28
          msrest_azure/0.4.28 azure-mgmt-sql/0.9.0 Azure-SDK-For-Python AZURECLI/2.0.32]
    method: GET
    uri: https://management.azure.com/subscriptions/00000000-0000-0000-0000-000000000000/resourceGroups/clitest.rg000001/providers/Microsoft.Sql/locations/westeurope/serverAzureAsyncOperation/52c2ec6a-a32a-4be7-8216-027a6230519a?api-version=2015-05-01-preview
  response:
    body: {string: '{"name":"52c2ec6a-a32a-4be7-8216-027a6230519a","status":"InProgress","startTime":"2018-04-30T22:50:42.463Z"}'}
    headers:
      cache-control: [no-cache]
      content-length: ['108']
      content-type: [application/json; charset=utf-8]
      date: ['Mon, 30 Apr 2018 22:51:30 GMT']
      expires: ['-1']
      pragma: [no-cache]
      server: [Microsoft-HTTPAPI/2.0]
      strict-transport-security: [max-age=31536000; includeSubDomains]
      transfer-encoding: [chunked]
      vary: [Accept-Encoding]
      x-content-type-options: [nosniff]
    status: {code: 200, message: OK}
- request:
    body: null
    headers:
      Accept: [application/json]
      Accept-Encoding: ['gzip, deflate']
      CommandName: [sql server create]
      Connection: [keep-alive]
      User-Agent: [python/3.5.3 (Windows-10-10.0.16299-SP0) requests/2.18.4 msrest/0.4.28
          msrest_azure/0.4.28 azure-mgmt-sql/0.9.0 Azure-SDK-For-Python AZURECLI/2.0.32]
    method: GET
    uri: https://management.azure.com/subscriptions/00000000-0000-0000-0000-000000000000/resourceGroups/clitest.rg000001/providers/Microsoft.Sql/locations/westeurope/serverAzureAsyncOperation/52c2ec6a-a32a-4be7-8216-027a6230519a?api-version=2015-05-01-preview
  response:
    body: {string: '{"name":"52c2ec6a-a32a-4be7-8216-027a6230519a","status":"Succeeded","startTime":"2018-04-30T22:50:42.463Z"}'}
    headers:
      cache-control: [no-cache]
      content-length: ['107']
      content-type: [application/json; charset=utf-8]
      date: ['Mon, 30 Apr 2018 22:51:50 GMT']
      expires: ['-1']
      pragma: [no-cache]
      server: [Microsoft-HTTPAPI/2.0]
      strict-transport-security: [max-age=31536000; includeSubDomains]
      transfer-encoding: [chunked]
      vary: [Accept-Encoding]
      x-content-type-options: [nosniff]
    status: {code: 200, message: OK}
- request:
    body: null
    headers:
      Accept: [application/json]
      Accept-Encoding: ['gzip, deflate']
      CommandName: [sql server create]
      Connection: [keep-alive]
      User-Agent: [python/3.5.3 (Windows-10-10.0.16299-SP0) requests/2.18.4 msrest/0.4.28
          msrest_azure/0.4.28 azure-mgmt-sql/0.9.0 Azure-SDK-For-Python AZURECLI/2.0.32]
    method: GET
    uri: https://management.azure.com/subscriptions/00000000-0000-0000-0000-000000000000/resourceGroups/clitest.rg000001/providers/Microsoft.Sql/servers/clitestserver000003?api-version=2015-05-01-preview
  response:
    body: {string: '{"kind":"v12.0","properties":{"administratorLogin":"admin123","version":"12.0","state":"Ready","fullyQualifiedDomainName":"clitestserver000003.database.windows.net"},"location":"westeurope","id":"/subscriptions/00000000-0000-0000-0000-000000000000/resourceGroups/clitest.rg000001/providers/Microsoft.Sql/servers/clitestserver000003","name":"clitestserver000003","type":"Microsoft.Sql/servers"}'}
    headers:
      cache-control: [no-cache]
      content-length: ['584']
      content-type: [application/json; charset=utf-8]
      date: ['Mon, 30 Apr 2018 22:51:51 GMT']
      expires: ['-1']
      pragma: [no-cache]
      server: [Microsoft-HTTPAPI/2.0]
      strict-transport-security: [max-age=31536000; includeSubDomains]
      transfer-encoding: [chunked]
      vary: [Accept-Encoding]
      x-content-type-options: [nosniff]
    status: {code: 200, message: OK}
- request:
    body: null
    headers:
      Accept: [application/json]
      Accept-Encoding: ['gzip, deflate']
      CommandName: [sql server list]
      Connection: [keep-alive]
      Content-Type: [application/json; charset=utf-8]
      User-Agent: [python/3.5.3 (Windows-10-10.0.16299-SP0) requests/2.18.4 msrest/0.4.28
          msrest_azure/0.4.28 azure-mgmt-sql/0.9.0 Azure-SDK-For-Python AZURECLI/2.0.32]
      accept-language: [en-US]
    method: GET
    uri: https://management.azure.com/subscriptions/00000000-0000-0000-0000-000000000000/resourceGroups/clitest.rg000001/providers/Microsoft.Sql/servers?api-version=2015-05-01-preview
  response:
    body: {string: '{"value":[{"kind":"v12.0","properties":{"administratorLogin":"admin123","version":"12.0","state":"Ready","fullyQualifiedDomainName":"clitestserver000003.database.windows.net"},"location":"westeurope","id":"/subscriptions/00000000-0000-0000-0000-000000000000/resourceGroups/clitest.rg000001/providers/Microsoft.Sql/servers/clitestserver000003","name":"clitestserver000003","type":"Microsoft.Sql/servers"}]}'}
    headers:
      cache-control: [no-cache]
      content-length: ['596']
      content-type: [application/json; charset=utf-8]
      date: ['Mon, 30 Apr 2018 22:51:52 GMT']
      expires: ['-1']
      pragma: [no-cache]
      server: [Microsoft-HTTPAPI/2.0]
      strict-transport-security: [max-age=31536000; includeSubDomains]
      transfer-encoding: [chunked]
      vary: [Accept-Encoding]
      x-content-type-options: [nosniff]
    status: {code: 200, message: OK}
- request:
    body: null
    headers:
      Accept: [application/json]
      Accept-Encoding: ['gzip, deflate']
      CommandName: [sql server update]
      Connection: [keep-alive]
      Content-Type: [application/json; charset=utf-8]
      User-Agent: [python/3.5.3 (Windows-10-10.0.16299-SP0) requests/2.18.4 msrest/0.4.28
          msrest_azure/0.4.28 azure-mgmt-sql/0.9.0 Azure-SDK-For-Python AZURECLI/2.0.32]
      accept-language: [en-US]
    method: GET
    uri: https://management.azure.com/subscriptions/00000000-0000-0000-0000-000000000000/resourceGroups/clitest.rg000001/providers/Microsoft.Sql/servers/clitestserver000003?api-version=2015-05-01-preview
  response:
    body: {string: '{"kind":"v12.0","properties":{"administratorLogin":"admin123","version":"12.0","state":"Ready","fullyQualifiedDomainName":"clitestserver000003.database.windows.net"},"location":"westeurope","id":"/subscriptions/00000000-0000-0000-0000-000000000000/resourceGroups/clitest.rg000001/providers/Microsoft.Sql/servers/clitestserver000003","name":"clitestserver000003","type":"Microsoft.Sql/servers"}'}
    headers:
      cache-control: [no-cache]
      content-length: ['584']
      content-type: [application/json; charset=utf-8]
      date: ['Mon, 30 Apr 2018 22:51:52 GMT']
      expires: ['-1']
      pragma: [no-cache]
      server: [Microsoft-HTTPAPI/2.0]
      strict-transport-security: [max-age=31536000; includeSubDomains]
      transfer-encoding: [chunked]
      vary: [Accept-Encoding]
      x-content-type-options: [nosniff]
    status: {code: 200, message: OK}
- request:
    body: '{"identity": {"type": "SystemAssigned"}, "location": "westeurope", "properties":
      {"administratorLogin": "admin123", "administratorLoginPassword": "SecretPassword456",
      "version": "12.0"}}'
    headers:
      Accept: [application/json]
      Accept-Encoding: ['gzip, deflate']
      CommandName: [sql server update]
      Connection: [keep-alive]
      Content-Length: ['186']
      Content-Type: [application/json; charset=utf-8]
      User-Agent: [python/3.5.3 (Windows-10-10.0.16299-SP0) requests/2.18.4 msrest/0.4.28
          msrest_azure/0.4.28 azure-mgmt-sql/0.9.0 Azure-SDK-For-Python AZURECLI/2.0.32]
      accept-language: [en-US]
    method: PUT
    uri: https://management.azure.com/subscriptions/00000000-0000-0000-0000-000000000000/resourceGroups/clitest.rg000001/providers/Microsoft.Sql/servers/clitestserver000003?api-version=2015-05-01-preview
  response:
    body: {string: '{"operation":"UpsertLogicalServer","startTime":"2018-04-30T22:51:59.21Z"}'}
    headers:
      azure-asyncoperation: ['https://management.azure.com/subscriptions/00000000-0000-0000-0000-000000000000/resourceGroups/clitest.rg000001/providers/Microsoft.Sql/locations/westeurope/serverAzureAsyncOperation/b3068402-7752-4912-ad84-0403cfe5ae3c?api-version=2015-05-01-preview']
      cache-control: [no-cache]
      content-length: ['73']
      content-type: [application/json; charset=utf-8]
      date: ['Mon, 30 Apr 2018 22:51:59 GMT']
      expires: ['-1']
      location: ['https://management.azure.com/subscriptions/00000000-0000-0000-0000-000000000000/resourceGroups/clitest.rg000001/providers/Microsoft.Sql/locations/westeurope/serverOperationResults/b3068402-7752-4912-ad84-0403cfe5ae3c?api-version=2015-05-01-preview']
      pragma: [no-cache]
      server: [Microsoft-HTTPAPI/2.0]
      strict-transport-security: [max-age=31536000; includeSubDomains]
      x-content-type-options: [nosniff]
      x-ms-ratelimit-remaining-subscription-writes: ['1198']
    status: {code: 202, message: Accepted}
- request:
    body: null
    headers:
      Accept: [application/json]
      Accept-Encoding: ['gzip, deflate']
      CommandName: [sql server update]
      Connection: [keep-alive]
      User-Agent: [python/3.5.3 (Windows-10-10.0.16299-SP0) requests/2.18.4 msrest/0.4.28
          msrest_azure/0.4.28 azure-mgmt-sql/0.9.0 Azure-SDK-For-Python AZURECLI/2.0.32]
    method: GET
    uri: https://management.azure.com/subscriptions/00000000-0000-0000-0000-000000000000/resourceGroups/clitest.rg000001/providers/Microsoft.Sql/locations/westeurope/serverAzureAsyncOperation/b3068402-7752-4912-ad84-0403cfe5ae3c?api-version=2015-05-01-preview
  response:
    body: {string: '{"name":"b3068402-7752-4912-ad84-0403cfe5ae3c","status":"Succeeded","startTime":"2018-04-30T22:51:59.21Z"}'}
    headers:
      cache-control: [no-cache]
      content-length: ['106']
      content-type: [application/json; charset=utf-8]
      date: ['Mon, 30 Apr 2018 22:52:00 GMT']
      expires: ['-1']
      pragma: [no-cache]
      server: [Microsoft-HTTPAPI/2.0]
      strict-transport-security: [max-age=31536000; includeSubDomains]
      transfer-encoding: [chunked]
      vary: [Accept-Encoding]
      x-content-type-options: [nosniff]
    status: {code: 200, message: OK}
- request:
    body: null
    headers:
      Accept: [application/json]
      Accept-Encoding: ['gzip, deflate']
      CommandName: [sql server update]
      Connection: [keep-alive]
      User-Agent: [python/3.5.3 (Windows-10-10.0.16299-SP0) requests/2.18.4 msrest/0.4.28
          msrest_azure/0.4.28 azure-mgmt-sql/0.9.0 Azure-SDK-For-Python AZURECLI/2.0.32]
    method: GET
    uri: https://management.azure.com/subscriptions/00000000-0000-0000-0000-000000000000/resourceGroups/clitest.rg000001/providers/Microsoft.Sql/servers/clitestserver000003?api-version=2015-05-01-preview
  response:
    body: {string: '{"identity":{"principalId":"89fdc8d3-03d9-4031-a156-e0c99061a09b","type":"SystemAssigned","tenantId":"72f988bf-86f1-41af-91ab-2d7cd011db47"},"kind":"v12.0","properties":{"administratorLogin":"admin123","version":"12.0","state":"Ready","fullyQualifiedDomainName":"clitestserver000003.database.windows.net"},"location":"westeurope","id":"/subscriptions/00000000-0000-0000-0000-000000000000/resourceGroups/clitest.rg000001/providers/Microsoft.Sql/servers/clitestserver000003","name":"clitestserver000003","type":"Microsoft.Sql/servers"}'}
    headers:
      cache-control: [no-cache]
      content-length: ['724']
      content-type: [application/json; charset=utf-8]
      date: ['Mon, 30 Apr 2018 22:52:02 GMT']
      expires: ['-1']
      pragma: [no-cache]
      server: [Microsoft-HTTPAPI/2.0]
      strict-transport-security: [max-age=31536000; includeSubDomains]
      transfer-encoding: [chunked]
      vary: [Accept-Encoding]
      x-content-type-options: [nosniff]
    status: {code: 200, message: OK}
- request:
    body: null
    headers:
      Accept: [application/json]
      Accept-Encoding: ['gzip, deflate']
      CommandName: [sql server update]
      Connection: [keep-alive]
      Content-Type: [application/json; charset=utf-8]
      User-Agent: [python/3.5.3 (Windows-10-10.0.16299-SP0) requests/2.18.4 msrest/0.4.28
          msrest_azure/0.4.28 azure-mgmt-sql/0.9.0 Azure-SDK-For-Python AZURECLI/2.0.32]
      accept-language: [en-US]
    method: GET
    uri: https://management.azure.com/subscriptions/00000000-0000-0000-0000-000000000000/resourceGroups/clitest.rg000001/providers/Microsoft.Sql/servers/clitestserver000003?api-version=2015-05-01-preview
  response:
    body: {string: '{"identity":{"principalId":"89fdc8d3-03d9-4031-a156-e0c99061a09b","type":"SystemAssigned","tenantId":"72f988bf-86f1-41af-91ab-2d7cd011db47"},"kind":"v12.0","properties":{"administratorLogin":"admin123","version":"12.0","state":"Ready","fullyQualifiedDomainName":"clitestserver000003.database.windows.net"},"location":"westeurope","id":"/subscriptions/00000000-0000-0000-0000-000000000000/resourceGroups/clitest.rg000001/providers/Microsoft.Sql/servers/clitestserver000003","name":"clitestserver000003","type":"Microsoft.Sql/servers"}'}
    headers:
      cache-control: [no-cache]
      content-length: ['724']
      content-type: [application/json; charset=utf-8]
      date: ['Mon, 30 Apr 2018 22:52:03 GMT']
      expires: ['-1']
      pragma: [no-cache]
      server: [Microsoft-HTTPAPI/2.0]
      strict-transport-security: [max-age=31536000; includeSubDomains]
      transfer-encoding: [chunked]
      vary: [Accept-Encoding]
      x-content-type-options: [nosniff]
    status: {code: 200, message: OK}
- request:
    body: '{"identity": {"type": "SystemAssigned"}, "location": "westeurope", "properties":
      {"administratorLogin": "admin123", "administratorLoginPassword": "SecretPassword123",
      "version": "12.0"}}'
    headers:
      Accept: [application/json]
      Accept-Encoding: ['gzip, deflate']
      CommandName: [sql server update]
      Connection: [keep-alive]
      Content-Length: ['186']
      Content-Type: [application/json; charset=utf-8]
      User-Agent: [python/3.5.3 (Windows-10-10.0.16299-SP0) requests/2.18.4 msrest/0.4.28
          msrest_azure/0.4.28 azure-mgmt-sql/0.9.0 Azure-SDK-For-Python AZURECLI/2.0.32]
      accept-language: [en-US]
    method: PUT
    uri: https://management.azure.com/subscriptions/00000000-0000-0000-0000-000000000000/resourceGroups/clitest.rg000001/providers/Microsoft.Sql/servers/clitestserver000003?api-version=2015-05-01-preview
  response:
    body: {string: '{"operation":"UpsertLogicalServer","startTime":"2018-04-30T22:52:05.32Z"}'}
    headers:
      azure-asyncoperation: ['https://management.azure.com/subscriptions/00000000-0000-0000-0000-000000000000/resourceGroups/clitest.rg000001/providers/Microsoft.Sql/locations/westeurope/serverAzureAsyncOperation/0b60d951-74ef-4937-bd20-3e7dd45b79b2?api-version=2015-05-01-preview']
      cache-control: [no-cache]
      content-length: ['73']
      content-type: [application/json; charset=utf-8]
      date: ['Mon, 30 Apr 2018 22:52:06 GMT']
      expires: ['-1']
      location: ['https://management.azure.com/subscriptions/00000000-0000-0000-0000-000000000000/resourceGroups/clitest.rg000001/providers/Microsoft.Sql/locations/westeurope/serverOperationResults/0b60d951-74ef-4937-bd20-3e7dd45b79b2?api-version=2015-05-01-preview']
      pragma: [no-cache]
      server: [Microsoft-HTTPAPI/2.0]
      strict-transport-security: [max-age=31536000; includeSubDomains]
      x-content-type-options: [nosniff]
      x-ms-ratelimit-remaining-subscription-writes: ['1198']
    status: {code: 202, message: Accepted}
- request:
    body: null
    headers:
      Accept: [application/json]
      Accept-Encoding: ['gzip, deflate']
      CommandName: [sql server update]
      Connection: [keep-alive]
      User-Agent: [python/3.5.3 (Windows-10-10.0.16299-SP0) requests/2.18.4 msrest/0.4.28
          msrest_azure/0.4.28 azure-mgmt-sql/0.9.0 Azure-SDK-For-Python AZURECLI/2.0.32]
    method: GET
    uri: https://management.azure.com/subscriptions/00000000-0000-0000-0000-000000000000/resourceGroups/clitest.rg000001/providers/Microsoft.Sql/locations/westeurope/serverAzureAsyncOperation/0b60d951-74ef-4937-bd20-3e7dd45b79b2?api-version=2015-05-01-preview
  response:
    body: {string: '{"name":"0b60d951-74ef-4937-bd20-3e7dd45b79b2","status":"Succeeded","startTime":"2018-04-30T22:52:05.32Z"}'}
    headers:
      cache-control: [no-cache]
      content-length: ['106']
      content-type: [application/json; charset=utf-8]
      date: ['Mon, 30 Apr 2018 22:52:08 GMT']
      expires: ['-1']
      pragma: [no-cache]
      server: [Microsoft-HTTPAPI/2.0]
      strict-transport-security: [max-age=31536000; includeSubDomains]
      transfer-encoding: [chunked]
      vary: [Accept-Encoding]
      x-content-type-options: [nosniff]
    status: {code: 200, message: OK}
- request:
    body: null
    headers:
      Accept: [application/json]
      Accept-Encoding: ['gzip, deflate']
      CommandName: [sql server update]
      Connection: [keep-alive]
      User-Agent: [python/3.5.3 (Windows-10-10.0.16299-SP0) requests/2.18.4 msrest/0.4.28
          msrest_azure/0.4.28 azure-mgmt-sql/0.9.0 Azure-SDK-For-Python AZURECLI/2.0.32]
    method: GET
    uri: https://management.azure.com/subscriptions/00000000-0000-0000-0000-000000000000/resourceGroups/clitest.rg000001/providers/Microsoft.Sql/servers/clitestserver000003?api-version=2015-05-01-preview
  response:
    body: {string: '{"identity":{"principalId":"89fdc8d3-03d9-4031-a156-e0c99061a09b","type":"SystemAssigned","tenantId":"72f988bf-86f1-41af-91ab-2d7cd011db47"},"kind":"v12.0","properties":{"administratorLogin":"admin123","version":"12.0","state":"Ready","fullyQualifiedDomainName":"clitestserver000003.database.windows.net"},"location":"westeurope","id":"/subscriptions/00000000-0000-0000-0000-000000000000/resourceGroups/clitest.rg000001/providers/Microsoft.Sql/servers/clitestserver000003","name":"clitestserver000003","type":"Microsoft.Sql/servers"}'}
    headers:
      cache-control: [no-cache]
      content-length: ['724']
      content-type: [application/json; charset=utf-8]
      date: ['Mon, 30 Apr 2018 22:52:08 GMT']
      expires: ['-1']
      pragma: [no-cache]
      server: [Microsoft-HTTPAPI/2.0]
      strict-transport-security: [max-age=31536000; includeSubDomains]
      transfer-encoding: [chunked]
      vary: [Accept-Encoding]
      x-content-type-options: [nosniff]
    status: {code: 200, message: OK}
- request:
    body: '{"identity": {"type": "SystemAssigned"}, "location": "westeurope", "properties":
      {"administratorLogin": "admin123", "administratorLoginPassword": "SecretPassword123"}}'
    headers:
      Accept: [application/json]
      Accept-Encoding: ['gzip, deflate']
      CommandName: [sql server create]
      Connection: [keep-alive]
      Content-Length: ['167']
      Content-Type: [application/json; charset=utf-8]
      User-Agent: [python/3.5.3 (Windows-10-10.0.16299-SP0) requests/2.18.4 msrest/0.4.28
          msrest_azure/0.4.28 azure-mgmt-sql/0.9.0 Azure-SDK-For-Python AZURECLI/2.0.32]
      accept-language: [en-US]
    method: PUT
    uri: https://management.azure.com/subscriptions/00000000-0000-0000-0000-000000000000/resourceGroups/clitest.rg000002/providers/Microsoft.Sql/servers/clitestserver000004?api-version=2015-05-01-preview
  response:
    body: {string: '{"operation":"UpsertLogicalServer","startTime":"2018-04-30T22:52:16.987Z"}'}
    headers:
      azure-asyncoperation: ['https://management.azure.com/subscriptions/00000000-0000-0000-0000-000000000000/resourceGroups/clitest.rg000002/providers/Microsoft.Sql/locations/westeurope/serverAzureAsyncOperation/a4b36cb0-cb76-4e79-bce6-bbbeea42563d?api-version=2015-05-01-preview']
      cache-control: [no-cache]
      content-length: ['74']
      content-type: [application/json; charset=utf-8]
      date: ['Mon, 30 Apr 2018 22:52:16 GMT']
      expires: ['-1']
      location: ['https://management.azure.com/subscriptions/00000000-0000-0000-0000-000000000000/resourceGroups/clitest.rg000002/providers/Microsoft.Sql/locations/westeurope/serverOperationResults/a4b36cb0-cb76-4e79-bce6-bbbeea42563d?api-version=2015-05-01-preview']
      pragma: [no-cache]
      server: [Microsoft-HTTPAPI/2.0]
      strict-transport-security: [max-age=31536000; includeSubDomains]
      x-content-type-options: [nosniff]
      x-ms-ratelimit-remaining-subscription-writes: ['1198']
    status: {code: 202, message: Accepted}
- request:
    body: null
    headers:
      Accept: [application/json]
      Accept-Encoding: ['gzip, deflate']
      CommandName: [sql server create]
      Connection: [keep-alive]
      User-Agent: [python/3.5.3 (Windows-10-10.0.16299-SP0) requests/2.18.4 msrest/0.4.28
          msrest_azure/0.4.28 azure-mgmt-sql/0.9.0 Azure-SDK-For-Python AZURECLI/2.0.32]
    method: GET
    uri: https://management.azure.com/subscriptions/00000000-0000-0000-0000-000000000000/resourceGroups/clitest.rg000002/providers/Microsoft.Sql/locations/westeurope/serverAzureAsyncOperation/a4b36cb0-cb76-4e79-bce6-bbbeea42563d?api-version=2015-05-01-preview
  response:
    body: {string: '{"name":"a4b36cb0-cb76-4e79-bce6-bbbeea42563d","status":"InProgress","startTime":"2018-04-30T22:52:16.987Z"}'}
    headers:
      cache-control: [no-cache]
      content-length: ['108']
      content-type: [application/json; charset=utf-8]
      date: ['Mon, 30 Apr 2018 22:52:18 GMT']
      expires: ['-1']
      pragma: [no-cache]
      server: [Microsoft-HTTPAPI/2.0]
      strict-transport-security: [max-age=31536000; includeSubDomains]
      transfer-encoding: [chunked]
      vary: [Accept-Encoding]
      x-content-type-options: [nosniff]
    status: {code: 200, message: OK}
- request:
    body: null
    headers:
      Accept: [application/json]
      Accept-Encoding: ['gzip, deflate']
      CommandName: [sql server create]
      Connection: [keep-alive]
      User-Agent: [python/3.5.3 (Windows-10-10.0.16299-SP0) requests/2.18.4 msrest/0.4.28
          msrest_azure/0.4.28 azure-mgmt-sql/0.9.0 Azure-SDK-For-Python AZURECLI/2.0.32]
    method: GET
    uri: https://management.azure.com/subscriptions/00000000-0000-0000-0000-000000000000/resourceGroups/clitest.rg000002/providers/Microsoft.Sql/locations/westeurope/serverAzureAsyncOperation/a4b36cb0-cb76-4e79-bce6-bbbeea42563d?api-version=2015-05-01-preview
  response:
    body: {string: '{"name":"a4b36cb0-cb76-4e79-bce6-bbbeea42563d","status":"InProgress","startTime":"2018-04-30T22:52:16.987Z"}'}
    headers:
      cache-control: [no-cache]
      content-length: ['108']
      content-type: [application/json; charset=utf-8]
      date: ['Mon, 30 Apr 2018 22:52:19 GMT']
      expires: ['-1']
      pragma: [no-cache]
      server: [Microsoft-HTTPAPI/2.0]
      strict-transport-security: [max-age=31536000; includeSubDomains]
      transfer-encoding: [chunked]
      vary: [Accept-Encoding]
      x-content-type-options: [nosniff]
    status: {code: 200, message: OK}
- request:
    body: null
    headers:
      Accept: [application/json]
      Accept-Encoding: ['gzip, deflate']
      CommandName: [sql server create]
      Connection: [keep-alive]
      User-Agent: [python/3.5.3 (Windows-10-10.0.16299-SP0) requests/2.18.4 msrest/0.4.28
          msrest_azure/0.4.28 azure-mgmt-sql/0.9.0 Azure-SDK-For-Python AZURECLI/2.0.32]
    method: GET
    uri: https://management.azure.com/subscriptions/00000000-0000-0000-0000-000000000000/resourceGroups/clitest.rg000002/providers/Microsoft.Sql/locations/westeurope/serverAzureAsyncOperation/a4b36cb0-cb76-4e79-bce6-bbbeea42563d?api-version=2015-05-01-preview
  response:
    body: {string: '{"name":"a4b36cb0-cb76-4e79-bce6-bbbeea42563d","status":"InProgress","startTime":"2018-04-30T22:52:16.987Z"}'}
    headers:
      cache-control: [no-cache]
      content-length: ['108']
      content-type: [application/json; charset=utf-8]
      date: ['Mon, 30 Apr 2018 22:52:20 GMT']
      expires: ['-1']
      pragma: [no-cache]
      server: [Microsoft-HTTPAPI/2.0]
      strict-transport-security: [max-age=31536000; includeSubDomains]
      transfer-encoding: [chunked]
      vary: [Accept-Encoding]
      x-content-type-options: [nosniff]
    status: {code: 200, message: OK}
- request:
    body: null
    headers:
      Accept: [application/json]
      Accept-Encoding: ['gzip, deflate']
      CommandName: [sql server create]
      Connection: [keep-alive]
      User-Agent: [python/3.5.3 (Windows-10-10.0.16299-SP0) requests/2.18.4 msrest/0.4.28
          msrest_azure/0.4.28 azure-mgmt-sql/0.9.0 Azure-SDK-For-Python AZURECLI/2.0.32]
    method: GET
    uri: https://management.azure.com/subscriptions/00000000-0000-0000-0000-000000000000/resourceGroups/clitest.rg000002/providers/Microsoft.Sql/locations/westeurope/serverAzureAsyncOperation/a4b36cb0-cb76-4e79-bce6-bbbeea42563d?api-version=2015-05-01-preview
  response:
    body: {string: '{"name":"a4b36cb0-cb76-4e79-bce6-bbbeea42563d","status":"InProgress","startTime":"2018-04-30T22:52:16.987Z"}'}
    headers:
      cache-control: [no-cache]
      content-length: ['108']
      content-type: [application/json; charset=utf-8]
      date: ['Mon, 30 Apr 2018 22:52:22 GMT']
      expires: ['-1']
      pragma: [no-cache]
      server: [Microsoft-HTTPAPI/2.0]
      strict-transport-security: [max-age=31536000; includeSubDomains]
      transfer-encoding: [chunked]
      vary: [Accept-Encoding]
      x-content-type-options: [nosniff]
    status: {code: 200, message: OK}
- request:
    body: null
    headers:
      Accept: [application/json]
      Accept-Encoding: ['gzip, deflate']
      CommandName: [sql server create]
      Connection: [keep-alive]
      User-Agent: [python/3.5.3 (Windows-10-10.0.16299-SP0) requests/2.18.4 msrest/0.4.28
          msrest_azure/0.4.28 azure-mgmt-sql/0.9.0 Azure-SDK-For-Python AZURECLI/2.0.32]
    method: GET
    uri: https://management.azure.com/subscriptions/00000000-0000-0000-0000-000000000000/resourceGroups/clitest.rg000002/providers/Microsoft.Sql/locations/westeurope/serverAzureAsyncOperation/a4b36cb0-cb76-4e79-bce6-bbbeea42563d?api-version=2015-05-01-preview
  response:
    body: {string: '{"name":"a4b36cb0-cb76-4e79-bce6-bbbeea42563d","status":"InProgress","startTime":"2018-04-30T22:52:16.987Z"}'}
    headers:
      cache-control: [no-cache]
      content-length: ['108']
      content-type: [application/json; charset=utf-8]
      date: ['Mon, 30 Apr 2018 22:52:43 GMT']
      expires: ['-1']
      pragma: [no-cache]
      server: [Microsoft-HTTPAPI/2.0]
      strict-transport-security: [max-age=31536000; includeSubDomains]
      transfer-encoding: [chunked]
      vary: [Accept-Encoding]
      x-content-type-options: [nosniff]
    status: {code: 200, message: OK}
- request:
    body: null
    headers:
      Accept: [application/json]
      Accept-Encoding: ['gzip, deflate']
      CommandName: [sql server create]
      Connection: [keep-alive]
      User-Agent: [python/3.5.3 (Windows-10-10.0.16299-SP0) requests/2.18.4 msrest/0.4.28
          msrest_azure/0.4.28 azure-mgmt-sql/0.9.0 Azure-SDK-For-Python AZURECLI/2.0.32]
    method: GET
    uri: https://management.azure.com/subscriptions/00000000-0000-0000-0000-000000000000/resourceGroups/clitest.rg000002/providers/Microsoft.Sql/locations/westeurope/serverAzureAsyncOperation/a4b36cb0-cb76-4e79-bce6-bbbeea42563d?api-version=2015-05-01-preview
  response:
    body: {string: '{"name":"a4b36cb0-cb76-4e79-bce6-bbbeea42563d","status":"Succeeded","startTime":"2018-04-30T22:52:16.987Z"}'}
    headers:
      cache-control: [no-cache]
      content-length: ['107']
      content-type: [application/json; charset=utf-8]
      date: ['Mon, 30 Apr 2018 22:53:04 GMT']
      expires: ['-1']
      pragma: [no-cache]
      server: [Microsoft-HTTPAPI/2.0]
      strict-transport-security: [max-age=31536000; includeSubDomains]
      transfer-encoding: [chunked]
      vary: [Accept-Encoding]
      x-content-type-options: [nosniff]
    status: {code: 200, message: OK}
- request:
    body: null
    headers:
      Accept: [application/json]
      Accept-Encoding: ['gzip, deflate']
      CommandName: [sql server create]
      Connection: [keep-alive]
      User-Agent: [python/3.5.3 (Windows-10-10.0.16299-SP0) requests/2.18.4 msrest/0.4.28
          msrest_azure/0.4.28 azure-mgmt-sql/0.9.0 Azure-SDK-For-Python AZURECLI/2.0.32]
    method: GET
    uri: https://management.azure.com/subscriptions/00000000-0000-0000-0000-000000000000/resourceGroups/clitest.rg000002/providers/Microsoft.Sql/servers/clitestserver000004?api-version=2015-05-01-preview
  response:
    body: {string: '{"identity":{"principalId":"9638bf4e-a93d-482b-ac9b-8171d04cb97e","type":"SystemAssigned","tenantId":"72f988bf-86f1-41af-91ab-2d7cd011db47"},"kind":"v12.0","properties":{"administratorLogin":"admin123","version":"12.0","state":"Ready","fullyQualifiedDomainName":"clitestserver000004.database.windows.net"},"location":"westeurope","id":"/subscriptions/00000000-0000-0000-0000-000000000000/resourceGroups/clitest.rg000002/providers/Microsoft.Sql/servers/clitestserver000004","name":"clitestserver000004","type":"Microsoft.Sql/servers"}'}
    headers:
      cache-control: [no-cache]
      content-length: ['724']
      content-type: [application/json; charset=utf-8]
      date: ['Mon, 30 Apr 2018 22:53:05 GMT']
      expires: ['-1']
      pragma: [no-cache]
      server: [Microsoft-HTTPAPI/2.0]
      strict-transport-security: [max-age=31536000; includeSubDomains]
      transfer-encoding: [chunked]
      vary: [Accept-Encoding]
      x-content-type-options: [nosniff]
    status: {code: 200, message: OK}
- request:
    body: null
    headers:
      Accept: [application/json]
      Accept-Encoding: ['gzip, deflate']
      CommandName: [sql server list]
      Connection: [keep-alive]
      Content-Type: [application/json; charset=utf-8]
      User-Agent: [python/3.5.3 (Windows-10-10.0.16299-SP0) requests/2.18.4 msrest/0.4.28
          msrest_azure/0.4.28 azure-mgmt-sql/0.9.0 Azure-SDK-For-Python AZURECLI/2.0.32]
      accept-language: [en-US]
    method: GET
    uri: https://management.azure.com/subscriptions/00000000-0000-0000-0000-000000000000/resourceGroups/clitest.rg000002/providers/Microsoft.Sql/servers?api-version=2015-05-01-preview
  response:
    body: {string: '{"value":[{"identity":{"principalId":"9638bf4e-a93d-482b-ac9b-8171d04cb97e","type":"SystemAssigned","tenantId":"72f988bf-86f1-41af-91ab-2d7cd011db47"},"kind":"v12.0","properties":{"administratorLogin":"admin123","version":"12.0","state":"Ready","fullyQualifiedDomainName":"clitestserver000004.database.windows.net"},"location":"westeurope","id":"/subscriptions/00000000-0000-0000-0000-000000000000/resourceGroups/clitest.rg000002/providers/Microsoft.Sql/servers/clitestserver000004","name":"clitestserver000004","type":"Microsoft.Sql/servers"}]}'}
    headers:
      cache-control: [no-cache]
      content-length: ['736']
      content-type: [application/json; charset=utf-8]
      date: ['Mon, 30 Apr 2018 22:53:07 GMT']
      expires: ['-1']
      pragma: [no-cache]
      server: [Microsoft-HTTPAPI/2.0]
      strict-transport-security: [max-age=31536000; includeSubDomains]
      transfer-encoding: [chunked]
      vary: [Accept-Encoding]
      x-content-type-options: [nosniff]
    status: {code: 200, message: OK}
- request:
    body: null
    headers:
      Accept: [application/json]
      Accept-Encoding: ['gzip, deflate']
      CommandName: [sql server list]
      Connection: [keep-alive]
      Content-Type: [application/json; charset=utf-8]
      User-Agent: [python/3.5.3 (Windows-10-10.0.16299-SP0) requests/2.18.4 msrest/0.4.28
          msrest_azure/0.4.28 azure-mgmt-sql/0.9.0 Azure-SDK-For-Python AZURECLI/2.0.32]
      accept-language: [en-US]
    method: GET
    uri: https://management.azure.com/subscriptions/00000000-0000-0000-0000-000000000000/providers/Microsoft.Sql/servers?api-version=2015-05-01-preview
  response:
    body: {string: '{"value":[{"kind":"v12.0","properties":{"administratorLogin":"cloudsa","version":"12.0","state":"Ready","fullyQualifiedDomainName":"jwsvrae01.database.windows.net"},"location":"australiaeast","id":"/subscriptions/00000000-0000-0000-0000-000000000000/resourceGroups/jwgrpae01/providers/Microsoft.Sql/servers/jwsvrae01","name":"jwsvrae01","type":"Microsoft.Sql/servers"},{"kind":"v12.0","properties":{"administratorLogin":"cloudsa","version":"12.0","state":"Ready","fullyQualifiedDomainName":"jwsvrae02.database.windows.net"},"location":"australiaeast","id":"/subscriptions/00000000-0000-0000-0000-000000000000/resourceGroups/jwgrpae02/providers/Microsoft.Sql/servers/jwsvrae02","name":"jwsvrae02","type":"Microsoft.Sql/servers"},{"kind":"v12.0","properties":{"administratorLogin":"cloudsa","version":"12.0","state":"Ready","fullyQualifiedDomainName":"jwsvreu101.database.windows.net"},"location":"eastus","id":"/subscriptions/00000000-0000-0000-0000-000000000000/resourceGroups/jwgrpeu101/providers/Microsoft.Sql/servers/jwsvreu101","name":"jwsvreu101","type":"Microsoft.Sql/servers"},{"kind":"v12.0","properties":{"administratorLogin":"MyLogin123","version":"12.0","state":"Ready","fullyQualifiedDomainName":"olignattestkoreacentral.database.windows.net"},"location":"koreacentral","id":"/subscriptions/00000000-0000-0000-0000-000000000000/resourceGroups/xyz/providers/Microsoft.Sql/servers/olignattestkoreacentral","name":"olignattestkoreacentral","type":"Microsoft.Sql/servers"},{"kind":"v12.0","properties":{"administratorLogin":"mylogin","version":"12.0","state":"Ready","fullyQualifiedDomainName":"edj040c82549ae34762a7f05.database.windows.net"},"location":"northeurope","id":"/subscriptions/00000000-0000-0000-0000-000000000000/resourceGroups/__ElasticDatabaseJob/providers/Microsoft.Sql/servers/edj040c82549ae34762a7f05","name":"edj040c82549ae34762a7f05","type":"Microsoft.Sql/servers"},{"kind":"v12.0","properties":{"administratorLogin":"cloudsa","version":"12.0","state":"Ready","fullyQualifiedDomainName":"vanark-svr.database.windows.net"},"location":"northeurope","id":"/subscriptions/00000000-0000-0000-0000-000000000000/resourceGroups/vanark-portal-rg/providers/Microsoft.Sql/servers/vanark-svr","name":"vanark-svr","type":"Microsoft.Sql/servers"},{"kind":"v12.0","properties":{"administratorLogin":"cloudsa","version":"12.0","state":"Ready","fullyQualifiedDomainName":"vanark-test-svr-buc.database.windows.net"},"location":"southeastasia","id":"/subscriptions/00000000-0000-0000-0000-000000000000/resourceGroups/vanark-portal-rg/providers/Microsoft.Sql/servers/vanark-test-svr-buc","name":"vanark-test-svr-buc","type":"Microsoft.Sql/servers"},{"kind":"v12.0","properties":{"administratorLogin":"mylogin","version":"12.0","state":"Ready","fullyQualifiedDomainName":"testsvrwcus1.database.windows.net"},"location":"westcentralus","id":"/subscriptions/00000000-0000-0000-0000-000000000000/resourceGroups/group1/providers/Microsoft.Sql/servers/testsvrwcus1","name":"testsvrwcus1","type":"Microsoft.Sql/servers"},{"identity":{"principalId":"89fdc8d3-03d9-4031-a156-e0c99061a09b","type":"SystemAssigned","tenantId":"72f988bf-86f1-41af-91ab-2d7cd011db47"},"kind":"v12.0","properties":{"administratorLogin":"admin123","version":"12.0","state":"Ready","fullyQualifiedDomainName":"clitestserver000003.database.windows.net"},"location":"westeurope","id":"/subscriptions/00000000-0000-0000-0000-000000000000/resourceGroups/clitest.rg000001/providers/Microsoft.Sql/servers/clitestserver000003","name":"clitestserver000003","type":"Microsoft.Sql/servers"},{"identity":{"principalId":"9638bf4e-a93d-482b-ac9b-8171d04cb97e","type":"SystemAssigned","tenantId":"72f988bf-86f1-41af-91ab-2d7cd011db47"},"kind":"v12.0","properties":{"administratorLogin":"admin123","version":"12.0","state":"Ready","fullyQualifiedDomainName":"clitestserver000004.database.windows.net"},"location":"westeurope","id":"/subscriptions/00000000-0000-0000-0000-000000000000/resourceGroups/clitest.rg000002/providers/Microsoft.Sql/servers/clitestserver000004","name":"clitestserver000004","type":"Microsoft.Sql/servers"},{"kind":"v12.0","properties":{"administratorLogin":"MyLogin123","version":"12.0","state":"Ready","fullyQualifiedDomainName":"olignattestserver123.database.windows.net"},"location":"westeurope","id":"/subscriptions/00000000-0000-0000-0000-000000000000/resourceGroups/bcham/providers/Microsoft.Sql/servers/olignattestserver123","name":"olignattestserver123","type":"Microsoft.Sql/servers"},{"kind":"v12.0","properties":{"administratorLogin":"cloudsa","version":"12.0","state":"Ready","fullyQualifiedDomainName":"vanark-test-svr-weu.database.windows.net"},"location":"westeurope","id":"/subscriptions/00000000-0000-0000-0000-000000000000/resourceGroups/vanark-portal-rg/providers/Microsoft.Sql/servers/vanark-test-svr-weu","name":"vanark-test-svr-weu","type":"Microsoft.Sql/servers"},{"kind":"v12.0","properties":{"administratorLogin":"cloudSA","version":"12.0","state":"Ready","fullyQualifiedDomainName":"jaredmoovcore.database.windows.net"},"location":"westus2","id":"/subscriptions/00000000-0000-0000-0000-000000000000/resourceGroups/vcoregroup/providers/Microsoft.Sql/servers/jaredmoovcore","name":"jaredmoovcore","type":"Microsoft.Sql/servers"},{"kind":"v12.0","properties":{"administratorLogin":"mykolian","version":"12.0","state":"Ready","fullyQualifiedDomainName":"newserverforgen5.database.windows.net"},"location":"westus2","id":"/subscriptions/00000000-0000-0000-0000-000000000000/resourceGroups/VcoreGroup/providers/Microsoft.Sql/servers/newserverforgen5","name":"newserverforgen5","type":"Microsoft.Sql/servers"},{"kind":"v12.0","properties":{"administratorLogin":"mykolian","version":"12.0","state":"Ready","fullyQualifiedDomainName":"koliankovcore.database.windows.net"},"location":"eastus2euap","id":"/subscriptions/00000000-0000-0000-0000-000000000000/resourceGroups/VcoreGroup/providers/Microsoft.Sql/servers/koliankovcore","name":"koliankovcore","type":"Microsoft.Sql/servers"}]}'}
    headers:
      cache-control: [no-cache]
      content-length: ['6367']
      content-type: [application/json; charset=utf-8]
      date: ['Mon, 30 Apr 2018 22:53:09 GMT']
      expires: ['-1']
      pragma: [no-cache]
      strict-transport-security: [max-age=31536000; includeSubDomains]
      vary: [Accept-Encoding]
      x-content-type-options: [nosniff]
      x-ms-original-request-ids: [eb7ee1b7-cb1b-4547-ad01-0aeac21f1f52, 28d4ebb2-71bb-468e-bda0-95a7cfadc0b0,
        e24c1e0c-2fff-4b90-ae6e-7231477dd174, 8e4e4850-1e52-4975-8edf-5d6eb1a3829a,
        c37b172e-1222-4cfd-ba1f-b73e4819de08, accd7c76-89d9-4929-9c3b-cd2d6825b3e9,
        624c3474-a401-4aaf-9e0f-122079176327, 07385615-9d18-4a62-b2ba-8bdf65bcbd36,
        e32a4a71-a077-42b0-8f2c-c1072201bb73]
    status: {code: 200, message: OK}
- request:
    body: null
    headers:
      Accept: [application/json]
      Accept-Encoding: ['gzip, deflate']
      CommandName: [sql server show]
      Connection: [keep-alive]
      Content-Type: [application/json; charset=utf-8]
      User-Agent: [python/3.5.3 (Windows-10-10.0.16299-SP0) requests/2.18.4 msrest/0.4.28
          msrest_azure/0.4.28 azure-mgmt-sql/0.9.0 Azure-SDK-For-Python AZURECLI/2.0.32]
      accept-language: [en-US]
    method: GET
    uri: https://management.azure.com/subscriptions/00000000-0000-0000-0000-000000000000/resourceGroups/clitest.rg000001/providers/Microsoft.Sql/servers/clitestserver000003?api-version=2015-05-01-preview
  response:
    body: {string: '{"identity":{"principalId":"89fdc8d3-03d9-4031-a156-e0c99061a09b","type":"SystemAssigned","tenantId":"72f988bf-86f1-41af-91ab-2d7cd011db47"},"kind":"v12.0","properties":{"administratorLogin":"admin123","version":"12.0","state":"Ready","fullyQualifiedDomainName":"clitestserver000003.database.windows.net"},"location":"westeurope","id":"/subscriptions/00000000-0000-0000-0000-000000000000/resourceGroups/clitest.rg000001/providers/Microsoft.Sql/servers/clitestserver000003","name":"clitestserver000003","type":"Microsoft.Sql/servers"}'}
    headers:
      cache-control: [no-cache]
      content-length: ['724']
      content-type: [application/json; charset=utf-8]
      date: ['Mon, 30 Apr 2018 22:53:10 GMT']
      expires: ['-1']
      pragma: [no-cache]
      server: [Microsoft-HTTPAPI/2.0]
      strict-transport-security: [max-age=31536000; includeSubDomains]
      transfer-encoding: [chunked]
      vary: [Accept-Encoding]
      x-content-type-options: [nosniff]
    status: {code: 200, message: OK}
- request:
    body: null
    headers:
      Accept: [application/json]
      Accept-Encoding: ['gzip, deflate']
      CommandName: [sql server show]
      Connection: [keep-alive]
      Content-Type: [application/json; charset=utf-8]
      User-Agent: [python/3.5.3 (Windows-10-10.0.16299-SP0) requests/2.18.4 msrest/0.4.28
          msrest_azure/0.4.28 azure-mgmt-sql/0.9.0 Azure-SDK-For-Python AZURECLI/2.0.32]
      accept-language: [en-US]
    method: GET
    uri: https://management.azure.com/subscriptions/00000000-0000-0000-0000-000000000000/resourceGroups/clitest.rg000001/providers/Microsoft.Sql/servers/clitestserver000003?api-version=2015-05-01-preview
  response:
    body: {string: '{"identity":{"principalId":"89fdc8d3-03d9-4031-a156-e0c99061a09b","type":"SystemAssigned","tenantId":"72f988bf-86f1-41af-91ab-2d7cd011db47"},"kind":"v12.0","properties":{"administratorLogin":"admin123","version":"12.0","state":"Ready","fullyQualifiedDomainName":"clitestserver000003.database.windows.net"},"location":"westeurope","id":"/subscriptions/00000000-0000-0000-0000-000000000000/resourceGroups/clitest.rg000001/providers/Microsoft.Sql/servers/clitestserver000003","name":"clitestserver000003","type":"Microsoft.Sql/servers"}'}
    headers:
      cache-control: [no-cache]
      content-length: ['724']
      content-type: [application/json; charset=utf-8]
      date: ['Mon, 30 Apr 2018 22:53:11 GMT']
      expires: ['-1']
      pragma: [no-cache]
      server: [Microsoft-HTTPAPI/2.0]
      strict-transport-security: [max-age=31536000; includeSubDomains]
      transfer-encoding: [chunked]
      vary: [Accept-Encoding]
      x-content-type-options: [nosniff]
    status: {code: 200, message: OK}
- request:
    body: null
    headers:
      Accept: [application/json]
      Accept-Encoding: ['gzip, deflate']
      CommandName: [sql server list-usages]
      Connection: [keep-alive]
      Content-Type: [application/json; charset=utf-8]
      User-Agent: [python/3.5.3 (Windows-10-10.0.16299-SP0) requests/2.18.4 msrest/0.4.28
          msrest_azure/0.4.28 azure-mgmt-sql/0.9.0 Azure-SDK-For-Python AZURECLI/2.0.32]
      accept-language: [en-US]
    method: GET
    uri: https://management.azure.com/subscriptions/00000000-0000-0000-0000-000000000000/resourceGroups/clitest.rg000001/providers/Microsoft.Sql/servers/clitestserver000003/usages?api-version=2014-04-01
  response:
    body: {string: '{"value":[{"name":"server_dtu_quota","resourceName":"clitestserver000003","displayName":"Database
        Throughput Unit Quota","currentValue":0.0,"limit":54000.0,"unit":"DTUs","nextResetTime":null},{"name":"server_dtu_quota_current","resourceName":"clitestserver000003","displayName":"Database
        Throughput Unit Quota","currentValue":0.0,"limit":54000.0,"unit":"DTUs","nextResetTime":null}]}'}
    headers:
      cache-control: ['no-store, no-cache']
      content-length: ['471']
      content-type: [application/json; odata=minimalmetadata; streaming=true; charset=utf-8]
      dataserviceversion: [3.0;]
      date: ['Mon, 30 Apr 2018 22:53:12 GMT']
      server: [Microsoft-HTTPAPI/2.0]
      strict-transport-security: [max-age=31536000; includeSubDomains]
      transfer-encoding: [chunked]
      vary: [Accept-Encoding]
      x-content-type-options: [nosniff]
    status: {code: 200, message: OK}
- request:
    body: null
    headers:
      Accept: [application/json]
      Accept-Encoding: ['gzip, deflate']
      CommandName: [sql server delete]
      Connection: [keep-alive]
      Content-Length: ['0']
      Content-Type: [application/json; charset=utf-8]
      User-Agent: [python/3.5.3 (Windows-10-10.0.16299-SP0) requests/2.18.4 msrest/0.4.28
          msrest_azure/0.4.28 azure-mgmt-sql/0.9.0 Azure-SDK-For-Python AZURECLI/2.0.32]
      accept-language: [en-US]
    method: DELETE
    uri: https://management.azure.com/subscriptions/00000000-0000-0000-0000-000000000000/resourceGroups/clitest.rg000001/providers/Microsoft.Sql/servers/clitestserver000003?api-version=2015-05-01-preview
  response:
    body: {string: '{"operation":"DropLogicalServer","startTime":"2018-04-30T22:53:14.1Z"}'}
    headers:
      azure-asyncoperation: ['https://management.azure.com/subscriptions/00000000-0000-0000-0000-000000000000/resourceGroups/clitest.rg000001/providers/Microsoft.Sql/locations/westeurope/serverAzureAsyncOperation/d4079443-c4d2-4f67-89c1-a2551bd668d2?api-version=2015-05-01-preview']
      cache-control: [no-cache]
      content-length: ['70']
      content-type: [application/json; charset=utf-8]
      date: ['Mon, 30 Apr 2018 22:53:14 GMT']
      expires: ['-1']
      location: ['https://management.azure.com/subscriptions/00000000-0000-0000-0000-000000000000/resourceGroups/clitest.rg000001/providers/Microsoft.Sql/locations/westeurope/serverOperationResults/d4079443-c4d2-4f67-89c1-a2551bd668d2?api-version=2015-05-01-preview']
      pragma: [no-cache]
      server: [Microsoft-HTTPAPI/2.0]
      strict-transport-security: [max-age=31536000; includeSubDomains]
      x-content-type-options: [nosniff]
      x-ms-ratelimit-remaining-subscription-writes: ['1198']
    status: {code: 202, message: Accepted}
- request:
    body: null
    headers:
      Accept: [application/json]
      Accept-Encoding: ['gzip, deflate']
      CommandName: [sql server delete]
      Connection: [keep-alive]
      User-Agent: [python/3.5.3 (Windows-10-10.0.16299-SP0) requests/2.18.4 msrest/0.4.28
          msrest_azure/0.4.28 azure-mgmt-sql/0.9.0 Azure-SDK-For-Python AZURECLI/2.0.32]
    method: GET
    uri: https://management.azure.com/subscriptions/00000000-0000-0000-0000-000000000000/resourceGroups/clitest.rg000001/providers/Microsoft.Sql/locations/westeurope/serverAzureAsyncOperation/d4079443-c4d2-4f67-89c1-a2551bd668d2?api-version=2015-05-01-preview
  response:
    body: {string: '{"name":"d4079443-c4d2-4f67-89c1-a2551bd668d2","status":"Succeeded","startTime":"2018-04-30T22:53:14.1Z"}'}
    headers:
      cache-control: [no-cache]
      content-length: ['105']
      content-type: [application/json; charset=utf-8]
      date: ['Mon, 30 Apr 2018 22:53:30 GMT']
      expires: ['-1']
      pragma: [no-cache]
      server: [Microsoft-HTTPAPI/2.0]
      strict-transport-security: [max-age=31536000; includeSubDomains]
      transfer-encoding: [chunked]
      vary: [Accept-Encoding]
      x-content-type-options: [nosniff]
    status: {code: 200, message: OK}
- request:
    body: null
    headers:
      Accept: [application/json]
      Accept-Encoding: ['gzip, deflate']
      CommandName: [sql server delete]
      Connection: [keep-alive]
      Content-Length: ['0']
      Content-Type: [application/json; charset=utf-8]
      User-Agent: [python/3.5.3 (Windows-10-10.0.16299-SP0) requests/2.18.4 msrest/0.4.28
          msrest_azure/0.4.28 azure-mgmt-sql/0.9.0 Azure-SDK-For-Python AZURECLI/2.0.32]
      accept-language: [en-US]
    method: DELETE
    uri: https://management.azure.com/subscriptions/00000000-0000-0000-0000-000000000000/resourceGroups/clitest.rg000002/providers/Microsoft.Sql/servers/clitestserver000004?api-version=2015-05-01-preview
  response:
    body: {string: '{"operation":"DropLogicalServer","startTime":"2018-04-30T22:53:31.99Z"}'}
    headers:
      azure-asyncoperation: ['https://management.azure.com/subscriptions/00000000-0000-0000-0000-000000000000/resourceGroups/clitest.rg000002/providers/Microsoft.Sql/locations/westeurope/serverAzureAsyncOperation/e76750dd-efcb-4439-86a1-5c7e545bf51d?api-version=2015-05-01-preview']
      cache-control: [no-cache]
      content-length: ['71']
      content-type: [application/json; charset=utf-8]
      date: ['Mon, 30 Apr 2018 22:53:31 GMT']
      expires: ['-1']
      location: ['https://management.azure.com/subscriptions/00000000-0000-0000-0000-000000000000/resourceGroups/clitest.rg000002/providers/Microsoft.Sql/locations/westeurope/serverOperationResults/e76750dd-efcb-4439-86a1-5c7e545bf51d?api-version=2015-05-01-preview']
      pragma: [no-cache]
      server: [Microsoft-HTTPAPI/2.0]
      strict-transport-security: [max-age=31536000; includeSubDomains]
      x-content-type-options: [nosniff]
      x-ms-ratelimit-remaining-subscription-writes: ['1199']
    status: {code: 202, message: Accepted}
- request:
    body: null
    headers:
      Accept: [application/json]
      Accept-Encoding: ['gzip, deflate']
      CommandName: [sql server delete]
      Connection: [keep-alive]
      User-Agent: [python/3.5.3 (Windows-10-10.0.16299-SP0) requests/2.18.4 msrest/0.4.28
          msrest_azure/0.4.28 azure-mgmt-sql/0.9.0 Azure-SDK-For-Python AZURECLI/2.0.32]
    method: GET
    uri: https://management.azure.com/subscriptions/00000000-0000-0000-0000-000000000000/resourceGroups/clitest.rg000002/providers/Microsoft.Sql/locations/westeurope/serverAzureAsyncOperation/e76750dd-efcb-4439-86a1-5c7e545bf51d?api-version=2015-05-01-preview
  response:
    body: {string: '{"name":"e76750dd-efcb-4439-86a1-5c7e545bf51d","status":"Succeeded","startTime":"2018-04-30T22:53:31.99Z"}'}
    headers:
      cache-control: [no-cache]
      content-length: ['106']
      content-type: [application/json; charset=utf-8]
      date: ['Mon, 30 Apr 2018 22:53:47 GMT']
      expires: ['-1']
      pragma: [no-cache]
      server: [Microsoft-HTTPAPI/2.0]
      strict-transport-security: [max-age=31536000; includeSubDomains]
      transfer-encoding: [chunked]
      vary: [Accept-Encoding]
      x-content-type-options: [nosniff]
    status: {code: 200, message: OK}
- request:
    body: null
    headers:
      Accept: [application/json]
      Accept-Encoding: ['gzip, deflate']
      CommandName: [sql server list]
      Connection: [keep-alive]
      Content-Type: [application/json; charset=utf-8]
      User-Agent: [python/3.5.3 (Windows-10-10.0.16299-SP0) requests/2.18.4 msrest/0.4.28
          msrest_azure/0.4.28 azure-mgmt-sql/0.9.0 Azure-SDK-For-Python AZURECLI/2.0.32]
      accept-language: [en-US]
    method: GET
    uri: https://management.azure.com/subscriptions/00000000-0000-0000-0000-000000000000/resourceGroups/clitest.rg000001/providers/Microsoft.Sql/servers?api-version=2015-05-01-preview
  response:
    body: {string: '{"value":[]}'}
    headers:
      cache-control: [no-cache]
      content-length: ['12']
      content-type: [application/json; charset=utf-8]
      date: ['Mon, 30 Apr 2018 22:53:49 GMT']
      expires: ['-1']
      pragma: [no-cache]
      strict-transport-security: [max-age=31536000; includeSubDomains]
      vary: [Accept-Encoding]
      x-content-type-options: [nosniff]
    status: {code: 200, message: OK}
- request:
    body: null
    headers:
      Accept: [application/json]
      Accept-Encoding: ['gzip, deflate']
      CommandName: [group delete]
      Connection: [keep-alive]
      Content-Length: ['0']
      Content-Type: [application/json; charset=utf-8]
      User-Agent: [python/3.5.3 (Windows-10-10.0.16299-SP0) requests/2.18.4 msrest/0.4.28
          msrest_azure/0.4.28 resourcemanagementclient/1.2.1 Azure-SDK-For-Python
          AZURECLI/2.0.32]
      accept-language: [en-US]
    method: DELETE
    uri: https://management.azure.com/subscriptions/00000000-0000-0000-0000-000000000000/resourcegroups/clitest.rg000002?api-version=2018-05-01
  response:
    body: {string: ''}
    headers:
      cache-control: [no-cache]
      content-length: ['0']
      date: ['Mon, 30 Apr 2018 22:53:50 GMT']
      expires: ['-1']
      location: ['https://management.azure.com/subscriptions/00000000-0000-0000-0000-000000000000/operationresults/eyJqb2JJZCI6IlJFU09VUkNFR1JPVVBERUxFVElPTkpPQi1DTElURVNUOjJFUkdRNkFSTTNCSTZFSUtQVE5VQ0w0NUFCWFNaS0ZPSDYzRVk1Q3wyNzZCODhCRjM4QkFBQjNGLVdFU1RVUyIsImpvYkxvY2F0aW9uIjoid2VzdHVzIn0?api-version=2018-05-01']
      pragma: [no-cache]
      strict-transport-security: [max-age=31536000; includeSubDomains]
      x-content-type-options: [nosniff]
      x-ms-ratelimit-remaining-subscription-writes: ['1198']
    status: {code: 202, message: Accepted}
- request:
    body: null
    headers:
      Accept: [application/json]
      Accept-Encoding: ['gzip, deflate']
      CommandName: [group delete]
      Connection: [keep-alive]
      Content-Length: ['0']
      Content-Type: [application/json; charset=utf-8]
      User-Agent: [python/3.5.3 (Windows-10-10.0.16299-SP0) requests/2.18.4 msrest/0.4.28
          msrest_azure/0.4.28 resourcemanagementclient/1.2.1 Azure-SDK-For-Python
          AZURECLI/2.0.32]
      accept-language: [en-US]
    method: DELETE
    uri: https://management.azure.com/subscriptions/00000000-0000-0000-0000-000000000000/resourcegroups/clitest.rg000001?api-version=2018-05-01
  response:
    body: {string: ''}
    headers:
      cache-control: [no-cache]
      content-length: ['0']
      date: ['Mon, 30 Apr 2018 22:53:51 GMT']
      expires: ['-1']
      location: ['https://management.azure.com/subscriptions/00000000-0000-0000-0000-000000000000/operationresults/eyJqb2JJZCI6IlJFU09VUkNFR1JPVVBERUxFVElPTkpPQi1DTElURVNUOjJFUkdCT1RYNklJNVNDU1VKRktSUk9TUjJQV1VZSzZUT09NTVFBQXwwOEY4ODI2MjRFQ0I3N0E3LVdFU1RVUyIsImpvYkxvY2F0aW9uIjoid2VzdHVzIn0?api-version=2018-05-01']
      pragma: [no-cache]
      strict-transport-security: [max-age=31536000; includeSubDomains]
      x-content-type-options: [nosniff]
      x-ms-ratelimit-remaining-subscription-writes: ['1197']
    status: {code: 202, message: Accepted}
version: 1
