interactions:
- request:
    body: null
    headers:
      Accept:
      - application/json
      Accept-Encoding:
      - gzip, deflate
      CommandName:
      - sql server create
      Connection:
      - keep-alive
      ParameterSetName:
      - -g --name --admin-user --admin-password --minimal-tls-version
      User-Agent:
      - python/3.8.2 (Windows-10-10.0.17763-SP0) msrest/0.6.11 msrest_azure/0.6.2
        azure-mgmt-resource/8.0.1 Azure-SDK-For-Python AZURECLI/2.1.0
      accept-language:
      - en-US
    method: GET
    uri: https://management.azure.com/subscriptions/00000000-0000-0000-0000-000000000000/resourcegroups/clitest.rg000001?api-version=2020-06-01
  response:
    body:
      string: '{"id":"/subscriptions/00000000-0000-0000-0000-000000000000/resourceGroups/clitest.rg000001","name":"clitest.rg000001","type":"Microsoft.Resources/resourceGroups","location":"eastus2euap","tags":{"product":"azurecli","cause":"automation","date":"2020-03-05T05:59:55Z"},"properties":{"provisioningState":"Succeeded"}}'
    headers:
      cache-control:
      - no-cache
      content-length:
      - '433'
      content-type:
      - application/json; charset=utf-8
      date:
      - Thu, 05 Mar 2020 05:59:58 GMT
      expires:
      - '-1'
      pragma:
      - no-cache
      strict-transport-security:
      - max-age=31536000; includeSubDomains
      vary:
      - Accept-Encoding
      x-content-type-options:
      - nosniff
    status:
      code: 200
      message: OK
- request:
    body: '{"location": "eastus2euap", "properties": {"administratorLogin": "admin123",
      "administratorLoginPassword": "SecretPassword123", "minimalTlsVersion": "1.2"}}'
    headers:
      Accept:
      - application/json
      Accept-Encoding:
      - gzip, deflate
      CommandName:
      - sql server create
      Connection:
      - keep-alive
      Content-Length:
      - '156'
      Content-Type:
      - application/json; charset=utf-8
      ParameterSetName:
      - -g --name --admin-user --admin-password --minimal-tls-version
      User-Agent:
      - python/3.8.2 (Windows-10-10.0.17763-SP0) msrest/0.6.11 msrest_azure/0.6.2
        azure-mgmt-sql/0.17.0 Azure-SDK-For-Python AZURECLI/2.1.0
      accept-language:
      - en-US
    method: PUT
    uri: https://management.azure.com/subscriptions/00000000-0000-0000-0000-000000000000/resourceGroups/clitest.rg000001/providers/Microsoft.Sql/servers/clitestserver000002?api-version=2019-06-01-preview
  response:
    body:
      string: '{"operation":"UpsertLogicalServer","startTime":"2020-03-05T06:00:00.84Z"}'
    headers:
      azure-asyncoperation:
      - https://management.azure.com/subscriptions/00000000-0000-0000-0000-000000000000/resourceGroups/clitest.rg000001/providers/Microsoft.Sql/locations/eastus2euap/serverAzureAsyncOperation/fca27e94-6c08-4b10-9995-7925f11b5d0e?api-version=2019-06-01-preview
      cache-control:
      - no-cache
      content-length:
      - '73'
      content-type:
      - application/json; charset=utf-8
      date:
      - Thu, 05 Mar 2020 06:00:01 GMT
      expires:
      - '-1'
      location:
      - https://management.azure.com/subscriptions/00000000-0000-0000-0000-000000000000/resourceGroups/clitest.rg000001/providers/Microsoft.Sql/locations/eastus2euap/serverOperationResults/fca27e94-6c08-4b10-9995-7925f11b5d0e?api-version=2019-06-01-preview
      pragma:
      - no-cache
      server:
      - Microsoft-HTTPAPI/2.0
      strict-transport-security:
      - max-age=31536000; includeSubDomains
      x-content-type-options:
      - nosniff
      x-ms-ratelimit-remaining-subscription-writes:
      - '1199'
    status:
      code: 202
      message: Accepted
- request:
    body: null
    headers:
      Accept:
      - application/json
      Accept-Encoding:
      - gzip, deflate
      CommandName:
      - sql server create
      Connection:
      - keep-alive
      ParameterSetName:
      - -g --name --admin-user --admin-password --minimal-tls-version
      User-Agent:
      - python/3.8.2 (Windows-10-10.0.17763-SP0) msrest/0.6.11 msrest_azure/0.6.2
        azure-mgmt-sql/0.17.0 Azure-SDK-For-Python AZURECLI/2.1.0
    method: GET
    uri: https://management.azure.com/subscriptions/00000000-0000-0000-0000-000000000000/resourceGroups/clitest.rg000001/providers/Microsoft.Sql/locations/eastus2euap/serverAzureAsyncOperation/fca27e94-6c08-4b10-9995-7925f11b5d0e?api-version=2019-06-01-preview
  response:
    body:
      string: '{"name":"fca27e94-6c08-4b10-9995-7925f11b5d0e","status":"InProgress","startTime":"2020-03-05T06:00:00.84Z"}'
    headers:
      cache-control:
      - no-cache
      content-length:
      - '107'
      content-type:
      - application/json; charset=utf-8
      date:
      - Thu, 05 Mar 2020 06:00:02 GMT
      expires:
      - '-1'
      pragma:
      - no-cache
      server:
      - Microsoft-HTTPAPI/2.0
      strict-transport-security:
      - max-age=31536000; includeSubDomains
      transfer-encoding:
      - chunked
      vary:
      - Accept-Encoding
      x-content-type-options:
      - nosniff
    status:
      code: 200
      message: OK
- request:
    body: null
    headers:
      Accept:
      - application/json
      Accept-Encoding:
      - gzip, deflate
      CommandName:
      - sql server create
      Connection:
      - keep-alive
      ParameterSetName:
      - -g --name --admin-user --admin-password --minimal-tls-version
      User-Agent:
      - python/3.8.2 (Windows-10-10.0.17763-SP0) msrest/0.6.11 msrest_azure/0.6.2
        azure-mgmt-sql/0.17.0 Azure-SDK-For-Python AZURECLI/2.1.0
    method: GET
    uri: https://management.azure.com/subscriptions/00000000-0000-0000-0000-000000000000/resourceGroups/clitest.rg000001/providers/Microsoft.Sql/locations/eastus2euap/serverAzureAsyncOperation/fca27e94-6c08-4b10-9995-7925f11b5d0e?api-version=2019-06-01-preview
  response:
    body:
      string: '{"name":"fca27e94-6c08-4b10-9995-7925f11b5d0e","status":"InProgress","startTime":"2020-03-05T06:00:00.84Z"}'
    headers:
      cache-control:
      - no-cache
      content-length:
      - '107'
      content-type:
      - application/json; charset=utf-8
      date:
      - Thu, 05 Mar 2020 06:00:03 GMT
      expires:
      - '-1'
      pragma:
      - no-cache
      server:
      - Microsoft-HTTPAPI/2.0
      strict-transport-security:
      - max-age=31536000; includeSubDomains
      transfer-encoding:
      - chunked
      vary:
      - Accept-Encoding
      x-content-type-options:
      - nosniff
    status:
      code: 200
      message: OK
- request:
    body: null
    headers:
      Accept:
      - application/json
      Accept-Encoding:
      - gzip, deflate
      CommandName:
      - sql server create
      Connection:
      - keep-alive
      ParameterSetName:
      - -g --name --admin-user --admin-password --minimal-tls-version
      User-Agent:
      - python/3.8.2 (Windows-10-10.0.17763-SP0) msrest/0.6.11 msrest_azure/0.6.2
        azure-mgmt-sql/0.17.0 Azure-SDK-For-Python AZURECLI/2.1.0
    method: GET
    uri: https://management.azure.com/subscriptions/00000000-0000-0000-0000-000000000000/resourceGroups/clitest.rg000001/providers/Microsoft.Sql/locations/eastus2euap/serverAzureAsyncOperation/fca27e94-6c08-4b10-9995-7925f11b5d0e?api-version=2019-06-01-preview
  response:
    body:
      string: '{"name":"fca27e94-6c08-4b10-9995-7925f11b5d0e","status":"InProgress","startTime":"2020-03-05T06:00:00.84Z"}'
    headers:
      cache-control:
      - no-cache
      content-length:
      - '107'
      content-type:
      - application/json; charset=utf-8
      date:
      - Thu, 05 Mar 2020 06:00:04 GMT
      expires:
      - '-1'
      pragma:
      - no-cache
      server:
      - Microsoft-HTTPAPI/2.0
      strict-transport-security:
      - max-age=31536000; includeSubDomains
      transfer-encoding:
      - chunked
      vary:
      - Accept-Encoding
      x-content-type-options:
      - nosniff
    status:
      code: 200
      message: OK
- request:
    body: null
    headers:
      Accept:
      - application/json
      Accept-Encoding:
      - gzip, deflate
      CommandName:
      - sql server create
      Connection:
      - keep-alive
      ParameterSetName:
      - -g --name --admin-user --admin-password --minimal-tls-version
      User-Agent:
      - python/3.8.2 (Windows-10-10.0.17763-SP0) msrest/0.6.11 msrest_azure/0.6.2
        azure-mgmt-sql/0.17.0 Azure-SDK-For-Python AZURECLI/2.1.0
    method: GET
    uri: https://management.azure.com/subscriptions/00000000-0000-0000-0000-000000000000/resourceGroups/clitest.rg000001/providers/Microsoft.Sql/locations/eastus2euap/serverAzureAsyncOperation/fca27e94-6c08-4b10-9995-7925f11b5d0e?api-version=2019-06-01-preview
  response:
    body:
      string: '{"name":"fca27e94-6c08-4b10-9995-7925f11b5d0e","status":"InProgress","startTime":"2020-03-05T06:00:00.84Z"}'
    headers:
      cache-control:
      - no-cache
      content-length:
      - '107'
      content-type:
      - application/json; charset=utf-8
      date:
      - Thu, 05 Mar 2020 06:00:05 GMT
      expires:
      - '-1'
      pragma:
      - no-cache
      server:
      - Microsoft-HTTPAPI/2.0
      strict-transport-security:
      - max-age=31536000; includeSubDomains
      transfer-encoding:
      - chunked
      vary:
      - Accept-Encoding
      x-content-type-options:
      - nosniff
    status:
      code: 200
      message: OK
- request:
    body: null
    headers:
      Accept:
      - application/json
      Accept-Encoding:
      - gzip, deflate
      CommandName:
      - sql server create
      Connection:
      - keep-alive
      ParameterSetName:
      - -g --name --admin-user --admin-password --minimal-tls-version
      User-Agent:
      - python/3.8.2 (Windows-10-10.0.17763-SP0) msrest/0.6.11 msrest_azure/0.6.2
        azure-mgmt-sql/0.17.0 Azure-SDK-For-Python AZURECLI/2.1.0
    method: GET
    uri: https://management.azure.com/subscriptions/00000000-0000-0000-0000-000000000000/resourceGroups/clitest.rg000001/providers/Microsoft.Sql/locations/eastus2euap/serverAzureAsyncOperation/fca27e94-6c08-4b10-9995-7925f11b5d0e?api-version=2019-06-01-preview
  response:
    body:
      string: '{"name":"fca27e94-6c08-4b10-9995-7925f11b5d0e","status":"InProgress","startTime":"2020-03-05T06:00:00.84Z"}'
    headers:
      cache-control:
      - no-cache
      content-length:
      - '107'
      content-type:
      - application/json; charset=utf-8
      date:
      - Thu, 05 Mar 2020 06:00:25 GMT
      expires:
      - '-1'
      pragma:
      - no-cache
      server:
      - Microsoft-HTTPAPI/2.0
      strict-transport-security:
      - max-age=31536000; includeSubDomains
      transfer-encoding:
      - chunked
      vary:
      - Accept-Encoding
      x-content-type-options:
      - nosniff
    status:
      code: 200
      message: OK
- request:
    body: null
    headers:
      Accept:
      - application/json
      Accept-Encoding:
      - gzip, deflate
      CommandName:
      - sql server create
      Connection:
      - keep-alive
      ParameterSetName:
      - -g --name --admin-user --admin-password --minimal-tls-version
      User-Agent:
      - python/3.8.2 (Windows-10-10.0.17763-SP0) msrest/0.6.11 msrest_azure/0.6.2
        azure-mgmt-sql/0.17.0 Azure-SDK-For-Python AZURECLI/2.1.0
    method: GET
    uri: https://management.azure.com/subscriptions/00000000-0000-0000-0000-000000000000/resourceGroups/clitest.rg000001/providers/Microsoft.Sql/locations/eastus2euap/serverAzureAsyncOperation/fca27e94-6c08-4b10-9995-7925f11b5d0e?api-version=2019-06-01-preview
  response:
    body:
      string: '{"name":"fca27e94-6c08-4b10-9995-7925f11b5d0e","status":"Succeeded","startTime":"2020-03-05T06:00:00.84Z"}'
    headers:
      cache-control:
      - no-cache
      content-length:
      - '106'
      content-type:
      - application/json; charset=utf-8
      date:
      - Thu, 05 Mar 2020 06:00:45 GMT
      expires:
      - '-1'
      pragma:
      - no-cache
      server:
      - Microsoft-HTTPAPI/2.0
      strict-transport-security:
      - max-age=31536000; includeSubDomains
      transfer-encoding:
      - chunked
      vary:
      - Accept-Encoding
      x-content-type-options:
      - nosniff
    status:
      code: 200
      message: OK
- request:
    body: null
    headers:
      Accept:
      - application/json
      Accept-Encoding:
      - gzip, deflate
      CommandName:
      - sql server create
      Connection:
      - keep-alive
      ParameterSetName:
      - -g --name --admin-user --admin-password --minimal-tls-version
      User-Agent:
      - python/3.8.2 (Windows-10-10.0.17763-SP0) msrest/0.6.11 msrest_azure/0.6.2
        azure-mgmt-sql/0.17.0 Azure-SDK-For-Python AZURECLI/2.1.0
    method: GET
    uri: https://management.azure.com/subscriptions/00000000-0000-0000-0000-000000000000/resourceGroups/clitest.rg000001/providers/Microsoft.Sql/servers/clitestserver000002?api-version=2019-06-01-preview
  response:
    body:
      string: '{"kind":"v12.0","properties":{"administratorLogin":"admin123","version":"12.0","state":"Ready","fullyQualifiedDomainName":"clitestserver000002.database.windows.net","privateEndpointConnections":[],"minimalTlsVersion":"1.2","publicNetworkAccess":"Enabled"},"location":"eastus2euap","id":"/subscriptions/00000000-0000-0000-0000-000000000000/resourceGroups/clitest.rg000001/providers/Microsoft.Sql/servers/clitestserver000002","name":"clitestserver000002","type":"Microsoft.Sql/servers"}'
    headers:
      cache-control:
      - no-cache
      content-length:
      - '672'
      content-type:
      - application/json; charset=utf-8
      date:
      - Thu, 05 Mar 2020 06:00:45 GMT
      expires:
      - '-1'
      pragma:
      - no-cache
      server:
      - Microsoft-HTTPAPI/2.0
      strict-transport-security:
      - max-age=31536000; includeSubDomains
      transfer-encoding:
      - chunked
      vary:
      - Accept-Encoding
      x-content-type-options:
      - nosniff
    status:
      code: 200
      message: OK
- request:
    body: null
    headers:
      Accept:
      - application/json
      Accept-Encoding:
      - gzip, deflate
      CommandName:
      - sql server update
      Connection:
      - keep-alive
      ParameterSetName:
      - -g --name --minimal-tls-version -i
      User-Agent:
      - python/3.8.2 (Windows-10-10.0.17763-SP0) msrest/0.6.11 msrest_azure/0.6.2
        azure-mgmt-sql/0.17.0 Azure-SDK-For-Python AZURECLI/2.1.0
      accept-language:
      - en-US
    method: GET
    uri: https://management.azure.com/subscriptions/00000000-0000-0000-0000-000000000000/resourceGroups/clitest.rg000001/providers/Microsoft.Sql/servers/clitestserver000002?api-version=2019-06-01-preview
  response:
    body:
      string: '{"kind":"v12.0","properties":{"administratorLogin":"admin123","version":"12.0","state":"Ready","fullyQualifiedDomainName":"clitestserver000002.database.windows.net","privateEndpointConnections":[],"minimalTlsVersion":"1.2","publicNetworkAccess":"Enabled"},"location":"eastus2euap","id":"/subscriptions/00000000-0000-0000-0000-000000000000/resourceGroups/clitest.rg000001/providers/Microsoft.Sql/servers/clitestserver000002","name":"clitestserver000002","type":"Microsoft.Sql/servers"}'
    headers:
      cache-control:
      - no-cache
      content-length:
      - '672'
      content-type:
      - application/json; charset=utf-8
      date:
      - Thu, 05 Mar 2020 06:00:47 GMT
      expires:
      - '-1'
      pragma:
      - no-cache
      server:
      - Microsoft-HTTPAPI/2.0
      strict-transport-security:
      - max-age=31536000; includeSubDomains
      transfer-encoding:
      - chunked
      vary:
      - Accept-Encoding
      x-content-type-options:
      - nosniff
    status:
      code: 200
      message: OK
- request:
    body: '{"location": "eastus2euap", "identity": {"type": "SystemAssigned"}, "properties":
      {"administratorLogin": "admin123", "version": "12.0", "minimalTlsVersion": "1.1",
      "publicNetworkAccess": "Enabled"}}'
    headers:
      Accept:
      - application/json
      Accept-Encoding:
      - gzip, deflate
      CommandName:
      - sql server update
      Connection:
      - keep-alive
      Content-Length:
      - '198'
      Content-Type:
      - application/json; charset=utf-8
      ParameterSetName:
      - -g --name --minimal-tls-version -i
      User-Agent:
      - python/3.8.2 (Windows-10-10.0.17763-SP0) msrest/0.6.11 msrest_azure/0.6.2
        azure-mgmt-sql/0.17.0 Azure-SDK-For-Python AZURECLI/2.1.0
      accept-language:
      - en-US
    method: PUT
    uri: https://management.azure.com/subscriptions/00000000-0000-0000-0000-000000000000/resourceGroups/clitest.rg000001/providers/Microsoft.Sql/servers/clitestserver000002?api-version=2019-06-01-preview
  response:
    body:
      string: '{"operation":"UpsertLogicalServer","startTime":"2020-03-05T06:00:51.103Z"}'
    headers:
      azure-asyncoperation:
      - https://management.azure.com/subscriptions/00000000-0000-0000-0000-000000000000/resourceGroups/clitest.rg000001/providers/Microsoft.Sql/locations/eastus2euap/serverAzureAsyncOperation/9a1236cb-6716-42f4-aa60-e1eb94e1fb13?api-version=2019-06-01-preview
      cache-control:
      - no-cache
      content-length:
      - '74'
      content-type:
      - application/json; charset=utf-8
      date:
      - Thu, 05 Mar 2020 06:00:50 GMT
      expires:
      - '-1'
      location:
      - https://management.azure.com/subscriptions/00000000-0000-0000-0000-000000000000/resourceGroups/clitest.rg000001/providers/Microsoft.Sql/locations/eastus2euap/serverOperationResults/9a1236cb-6716-42f4-aa60-e1eb94e1fb13?api-version=2019-06-01-preview
      pragma:
      - no-cache
      server:
      - Microsoft-HTTPAPI/2.0
      strict-transport-security:
      - max-age=31536000; includeSubDomains
      x-content-type-options:
      - nosniff
      x-ms-ratelimit-remaining-subscription-writes:
      - '1199'
    status:
      code: 202
      message: Accepted
- request:
    body: null
    headers:
      Accept:
      - application/json
      Accept-Encoding:
      - gzip, deflate
      CommandName:
      - sql server update
      Connection:
      - keep-alive
      ParameterSetName:
      - -g --name --minimal-tls-version -i
      User-Agent:
      - python/3.8.2 (Windows-10-10.0.17763-SP0) msrest/0.6.11 msrest_azure/0.6.2
        azure-mgmt-sql/0.17.0 Azure-SDK-For-Python AZURECLI/2.1.0
    method: GET
    uri: https://management.azure.com/subscriptions/00000000-0000-0000-0000-000000000000/resourceGroups/clitest.rg000001/providers/Microsoft.Sql/locations/eastus2euap/serverAzureAsyncOperation/9a1236cb-6716-42f4-aa60-e1eb94e1fb13?api-version=2019-06-01-preview
  response:
    body:
      string: '{"name":"9a1236cb-6716-42f4-aa60-e1eb94e1fb13","status":"InProgress","startTime":"2020-03-05T06:00:51.103Z"}'
    headers:
      cache-control:
      - no-cache
      content-length:
      - '108'
      content-type:
      - application/json; charset=utf-8
      date:
      - Thu, 05 Mar 2020 06:00:52 GMT
      expires:
      - '-1'
      pragma:
      - no-cache
      server:
      - Microsoft-HTTPAPI/2.0
      strict-transport-security:
      - max-age=31536000; includeSubDomains
      transfer-encoding:
      - chunked
      vary:
      - Accept-Encoding
      x-content-type-options:
      - nosniff
    status:
      code: 200
      message: OK
- request:
    body: null
    headers:
      Accept:
      - application/json
      Accept-Encoding:
      - gzip, deflate
      CommandName:
      - sql server update
      Connection:
      - keep-alive
      ParameterSetName:
      - -g --name --minimal-tls-version -i
      User-Agent:
      - python/3.8.2 (Windows-10-10.0.17763-SP0) msrest/0.6.11 msrest_azure/0.6.2
        azure-mgmt-sql/0.17.0 Azure-SDK-For-Python AZURECLI/2.1.0
    method: GET
    uri: https://management.azure.com/subscriptions/00000000-0000-0000-0000-000000000000/resourceGroups/clitest.rg000001/providers/Microsoft.Sql/locations/eastus2euap/serverAzureAsyncOperation/9a1236cb-6716-42f4-aa60-e1eb94e1fb13?api-version=2019-06-01-preview
  response:
    body:
      string: '{"name":"9a1236cb-6716-42f4-aa60-e1eb94e1fb13","status":"Succeeded","startTime":"2020-03-05T06:00:51.103Z"}'
    headers:
      cache-control:
      - no-cache
      content-length:
      - '107'
      content-type:
      - application/json; charset=utf-8
      date:
      - Thu, 05 Mar 2020 06:00:53 GMT
      expires:
      - '-1'
      pragma:
      - no-cache
      server:
      - Microsoft-HTTPAPI/2.0
      strict-transport-security:
      - max-age=31536000; includeSubDomains
      transfer-encoding:
      - chunked
      vary:
      - Accept-Encoding
      x-content-type-options:
      - nosniff
    status:
      code: 200
      message: OK
- request:
    body: null
    headers:
      Accept:
      - application/json
      Accept-Encoding:
      - gzip, deflate
      CommandName:
      - sql server update
      Connection:
      - keep-alive
      ParameterSetName:
      - -g --name --minimal-tls-version -i
      User-Agent:
      - python/3.8.2 (Windows-10-10.0.17763-SP0) msrest/0.6.11 msrest_azure/0.6.2
        azure-mgmt-sql/0.17.0 Azure-SDK-For-Python AZURECLI/2.1.0
    method: GET
    uri: https://management.azure.com/subscriptions/00000000-0000-0000-0000-000000000000/resourceGroups/clitest.rg000001/providers/Microsoft.Sql/servers/clitestserver000002?api-version=2019-06-01-preview
  response:
    body:
      string: '{"identity":{"principalId":"e9e8c129-f295-4c61-a8df-be33f48a1214","type":"SystemAssigned","tenantId":"72f988bf-86f1-41af-91ab-2d7cd011db47"},"kind":"v12.0","properties":{"administratorLogin":"admin123","version":"12.0","state":"Ready","fullyQualifiedDomainName":"clitestserver000002.database.windows.net","privateEndpointConnections":[],"minimalTlsVersion":"1.1","publicNetworkAccess":"Enabled"},"location":"eastus2euap","id":"/subscriptions/00000000-0000-0000-0000-000000000000/resourceGroups/clitest.rg000001/providers/Microsoft.Sql/servers/clitestserver000002","name":"clitestserver000002","type":"Microsoft.Sql/servers"}'
    headers:
      cache-control:
      - no-cache
      content-length:
      - '812'
      content-type:
      - application/json; charset=utf-8
      date:
      - Thu, 05 Mar 2020 06:00:53 GMT
      expires:
      - '-1'
      pragma:
      - no-cache
      server:
      - Microsoft-HTTPAPI/2.0
      strict-transport-security:
      - max-age=31536000; includeSubDomains
      transfer-encoding:
      - chunked
      vary:
      - Accept-Encoding
      x-content-type-options:
      - nosniff
    status:
      code: 200
      message: OK
version: 1
