interactions:
- request:
    body: '{"location": "westeurope", "properties": {"administratorLogin": "admin123",
      "administratorLoginPassword": "SecretPassword123", "administrators": {}}}'
    headers:
      Accept:
      - application/json
      Accept-Encoding:
      - gzip, deflate
      CommandName:
      - sql server create
      Connection:
      - keep-alive
      Content-Length:
      - '149'
      Content-Type:
      - application/json
      ParameterSetName:
      - -l -g -n -u -p
      User-Agent:
      - AZURECLI/2.25.0 azsdk-python-mgmt-sql/3.0.0 Python/3.8.10 (macOS-10.16-x86_64-i386-64bit)
    method: PUT
    uri: https://management.azure.com/subscriptions/00000000-0000-0000-0000-000000000000/resourceGroups/clitest.rg000001/providers/Microsoft.Sql/servers/clitestserver000003?api-version=2021-02-01-preview
  response:
    body:
      string: '{"operation":"UpsertLogicalServer","startTime":"2021-06-28T22:49:30.293Z"}'
    headers:
      azure-asyncoperation:
      - https://management.azure.com/subscriptions/00000000-0000-0000-0000-000000000000/resourceGroups/clitest.rg000001/providers/Microsoft.Sql/locations/westeurope/serverAzureAsyncOperation/21ec2e06-917d-4e2d-8113-9d4ddef46250?api-version=2021-02-01-preview
      cache-control:
      - no-cache
      content-length:
      - '74'
      content-type:
      - application/json; charset=utf-8
      date:
      - Mon, 28 Jun 2021 22:49:30 GMT
      expires:
      - '-1'
      location:
      - https://management.azure.com/subscriptions/00000000-0000-0000-0000-000000000000/resourceGroups/clitest.rg000001/providers/Microsoft.Sql/locations/westeurope/serverOperationResults/21ec2e06-917d-4e2d-8113-9d4ddef46250?api-version=2021-02-01-preview
      pragma:
      - no-cache
      server:
      - Microsoft-HTTPAPI/2.0
      strict-transport-security:
      - max-age=31536000; includeSubDomains
      x-content-type-options:
      - nosniff
      x-ms-ratelimit-remaining-subscription-writes:
      - '1199'
    status:
      code: 202
      message: Accepted
- request:
    body: null
    headers:
      Accept:
      - '*/*'
      Accept-Encoding:
      - gzip, deflate
      CommandName:
      - sql server create
      Connection:
      - keep-alive
      ParameterSetName:
      - -l -g -n -u -p
      User-Agent:
      - AZURECLI/2.25.0 azsdk-python-mgmt-sql/3.0.0 Python/3.8.10 (macOS-10.16-x86_64-i386-64bit)
    method: GET
    uri: https://management.azure.com/subscriptions/00000000-0000-0000-0000-000000000000/resourceGroups/clitest.rg000001/providers/Microsoft.Sql/locations/westeurope/serverAzureAsyncOperation/21ec2e06-917d-4e2d-8113-9d4ddef46250?api-version=2021-02-01-preview
  response:
    body:
      string: '{"name":"21ec2e06-917d-4e2d-8113-9d4ddef46250","status":"InProgress","startTime":"2021-06-28T22:49:30.293Z"}'
    headers:
      cache-control:
      - no-cache
      content-length:
      - '108'
      content-type:
      - application/json; charset=utf-8
      date:
      - Mon, 28 Jun 2021 22:49:31 GMT
      expires:
      - '-1'
      pragma:
      - no-cache
      server:
      - Microsoft-HTTPAPI/2.0
      strict-transport-security:
      - max-age=31536000; includeSubDomains
      transfer-encoding:
      - chunked
      vary:
      - Accept-Encoding
      x-content-type-options:
      - nosniff
    status:
      code: 200
      message: OK
- request:
    body: null
    headers:
      Accept:
      - '*/*'
      Accept-Encoding:
      - gzip, deflate
      CommandName:
      - sql server create
      Connection:
      - keep-alive
      ParameterSetName:
      - -l -g -n -u -p
      User-Agent:
      - AZURECLI/2.25.0 azsdk-python-mgmt-sql/3.0.0 Python/3.8.10 (macOS-10.16-x86_64-i386-64bit)
    method: GET
    uri: https://management.azure.com/subscriptions/00000000-0000-0000-0000-000000000000/resourceGroups/clitest.rg000001/providers/Microsoft.Sql/locations/westeurope/serverAzureAsyncOperation/21ec2e06-917d-4e2d-8113-9d4ddef46250?api-version=2021-02-01-preview
  response:
    body:
      string: '{"name":"21ec2e06-917d-4e2d-8113-9d4ddef46250","status":"InProgress","startTime":"2021-06-28T22:49:30.293Z"}'
    headers:
      cache-control:
      - no-cache
      content-length:
      - '108'
      content-type:
      - application/json; charset=utf-8
      date:
      - Mon, 28 Jun 2021 22:49:33 GMT
      expires:
      - '-1'
      pragma:
      - no-cache
      server:
      - Microsoft-HTTPAPI/2.0
      strict-transport-security:
      - max-age=31536000; includeSubDomains
      transfer-encoding:
      - chunked
      vary:
      - Accept-Encoding
      x-content-type-options:
      - nosniff
    status:
      code: 200
      message: OK
- request:
    body: null
    headers:
      Accept:
      - '*/*'
      Accept-Encoding:
      - gzip, deflate
      CommandName:
      - sql server create
      Connection:
      - keep-alive
      ParameterSetName:
      - -l -g -n -u -p
      User-Agent:
      - AZURECLI/2.25.0 azsdk-python-mgmt-sql/3.0.0 Python/3.8.10 (macOS-10.16-x86_64-i386-64bit)
    method: GET
    uri: https://management.azure.com/subscriptions/00000000-0000-0000-0000-000000000000/resourceGroups/clitest.rg000001/providers/Microsoft.Sql/locations/westeurope/serverAzureAsyncOperation/21ec2e06-917d-4e2d-8113-9d4ddef46250?api-version=2021-02-01-preview
  response:
    body:
      string: '{"name":"21ec2e06-917d-4e2d-8113-9d4ddef46250","status":"InProgress","startTime":"2021-06-28T22:49:30.293Z"}'
    headers:
      cache-control:
      - no-cache
      content-length:
      - '108'
      content-type:
      - application/json; charset=utf-8
      date:
      - Mon, 28 Jun 2021 22:49:34 GMT
      expires:
      - '-1'
      pragma:
      - no-cache
      server:
      - Microsoft-HTTPAPI/2.0
      strict-transport-security:
      - max-age=31536000; includeSubDomains
      transfer-encoding:
      - chunked
      vary:
      - Accept-Encoding
      x-content-type-options:
      - nosniff
    status:
      code: 200
      message: OK
- request:
    body: null
    headers:
      Accept:
      - '*/*'
      Accept-Encoding:
      - gzip, deflate
      CommandName:
      - sql server create
      Connection:
      - keep-alive
      ParameterSetName:
      - -l -g -n -u -p
      User-Agent:
      - AZURECLI/2.25.0 azsdk-python-mgmt-sql/3.0.0 Python/3.8.10 (macOS-10.16-x86_64-i386-64bit)
    method: GET
    uri: https://management.azure.com/subscriptions/00000000-0000-0000-0000-000000000000/resourceGroups/clitest.rg000001/providers/Microsoft.Sql/locations/westeurope/serverAzureAsyncOperation/21ec2e06-917d-4e2d-8113-9d4ddef46250?api-version=2021-02-01-preview
  response:
    body:
      string: '{"name":"21ec2e06-917d-4e2d-8113-9d4ddef46250","status":"InProgress","startTime":"2021-06-28T22:49:30.293Z"}'
    headers:
      cache-control:
      - no-cache
      content-length:
      - '108'
      content-type:
      - application/json; charset=utf-8
      date:
      - Mon, 28 Jun 2021 22:49:35 GMT
      expires:
      - '-1'
      pragma:
      - no-cache
      server:
      - Microsoft-HTTPAPI/2.0
      strict-transport-security:
      - max-age=31536000; includeSubDomains
      transfer-encoding:
      - chunked
      vary:
      - Accept-Encoding
      x-content-type-options:
      - nosniff
    status:
      code: 200
      message: OK
- request:
    body: null
    headers:
      Accept:
      - '*/*'
      Accept-Encoding:
      - gzip, deflate
      CommandName:
      - sql server create
      Connection:
      - keep-alive
      ParameterSetName:
      - -l -g -n -u -p
      User-Agent:
      - AZURECLI/2.25.0 azsdk-python-mgmt-sql/3.0.0 Python/3.8.10 (macOS-10.16-x86_64-i386-64bit)
    method: GET
    uri: https://management.azure.com/subscriptions/00000000-0000-0000-0000-000000000000/resourceGroups/clitest.rg000001/providers/Microsoft.Sql/locations/westeurope/serverAzureAsyncOperation/21ec2e06-917d-4e2d-8113-9d4ddef46250?api-version=2021-02-01-preview
  response:
    body:
      string: '{"name":"21ec2e06-917d-4e2d-8113-9d4ddef46250","status":"InProgress","startTime":"2021-06-28T22:49:30.293Z"}'
    headers:
      cache-control:
      - no-cache
      content-length:
      - '108'
      content-type:
      - application/json; charset=utf-8
      date:
      - Mon, 28 Jun 2021 22:49:55 GMT
      expires:
      - '-1'
      pragma:
      - no-cache
      server:
      - Microsoft-HTTPAPI/2.0
      strict-transport-security:
      - max-age=31536000; includeSubDomains
      transfer-encoding:
      - chunked
      vary:
      - Accept-Encoding
      x-content-type-options:
      - nosniff
    status:
      code: 200
      message: OK
- request:
    body: null
    headers:
      Accept:
      - '*/*'
      Accept-Encoding:
      - gzip, deflate
      CommandName:
      - sql server create
      Connection:
      - keep-alive
      ParameterSetName:
      - -l -g -n -u -p
      User-Agent:
      - AZURECLI/2.25.0 azsdk-python-mgmt-sql/3.0.0 Python/3.8.10 (macOS-10.16-x86_64-i386-64bit)
    method: GET
    uri: https://management.azure.com/subscriptions/00000000-0000-0000-0000-000000000000/resourceGroups/clitest.rg000001/providers/Microsoft.Sql/locations/westeurope/serverAzureAsyncOperation/21ec2e06-917d-4e2d-8113-9d4ddef46250?api-version=2021-02-01-preview
  response:
    body:
      string: '{"name":"21ec2e06-917d-4e2d-8113-9d4ddef46250","status":"InProgress","startTime":"2021-06-28T22:49:30.293Z"}'
    headers:
      cache-control:
      - no-cache
      content-length:
      - '108'
      content-type:
      - application/json; charset=utf-8
      date:
      - Mon, 28 Jun 2021 22:50:15 GMT
      expires:
      - '-1'
      pragma:
      - no-cache
      server:
      - Microsoft-HTTPAPI/2.0
      strict-transport-security:
      - max-age=31536000; includeSubDomains
      transfer-encoding:
      - chunked
      vary:
      - Accept-Encoding
      x-content-type-options:
      - nosniff
    status:
      code: 200
      message: OK
- request:
    body: null
    headers:
      Accept:
      - '*/*'
      Accept-Encoding:
      - gzip, deflate
      CommandName:
      - sql server create
      Connection:
      - keep-alive
      ParameterSetName:
      - -l -g -n -u -p
      User-Agent:
      - AZURECLI/2.25.0 azsdk-python-mgmt-sql/3.0.0 Python/3.8.10 (macOS-10.16-x86_64-i386-64bit)
    method: GET
    uri: https://management.azure.com/subscriptions/00000000-0000-0000-0000-000000000000/resourceGroups/clitest.rg000001/providers/Microsoft.Sql/locations/westeurope/serverAzureAsyncOperation/21ec2e06-917d-4e2d-8113-9d4ddef46250?api-version=2021-02-01-preview
  response:
    body:
      string: '{"name":"21ec2e06-917d-4e2d-8113-9d4ddef46250","status":"Succeeded","startTime":"2021-06-28T22:49:30.293Z"}'
    headers:
      cache-control:
      - no-cache
      content-length:
      - '107'
      content-type:
      - application/json; charset=utf-8
      date:
      - Mon, 28 Jun 2021 22:50:35 GMT
      expires:
      - '-1'
      pragma:
      - no-cache
      server:
      - Microsoft-HTTPAPI/2.0
      strict-transport-security:
      - max-age=31536000; includeSubDomains
      transfer-encoding:
      - chunked
      vary:
      - Accept-Encoding
      x-content-type-options:
      - nosniff
    status:
      code: 200
      message: OK
- request:
    body: null
    headers:
      Accept:
      - '*/*'
      Accept-Encoding:
      - gzip, deflate
      CommandName:
      - sql server create
      Connection:
      - keep-alive
      ParameterSetName:
      - -l -g -n -u -p
      User-Agent:
      - AZURECLI/2.25.0 azsdk-python-mgmt-sql/3.0.0 Python/3.8.10 (macOS-10.16-x86_64-i386-64bit)
    method: GET
    uri: https://management.azure.com/subscriptions/00000000-0000-0000-0000-000000000000/resourceGroups/clitest.rg000001/providers/Microsoft.Sql/servers/clitestserver000003?api-version=2021-02-01-preview
  response:
    body:
      string: '{"kind":"v12.0","properties":{"administratorLogin":"admin123","version":"12.0","state":"Ready","fullyQualifiedDomainName":"clitestserver000003.database.windows.net","privateEndpointConnections":[],"publicNetworkAccess":"Enabled","restrictOutboundNetworkAccess":"Disabled"},"location":"westeurope","id":"/subscriptions/00000000-0000-0000-0000-000000000000/resourceGroups/clitest.rg000001/providers/Microsoft.Sql/servers/clitestserver000003","name":"clitestserver000003","type":"Microsoft.Sql/servers"}'
    headers:
      cache-control:
      - no-cache
      content-length:
      - '688'
      content-type:
      - application/json; charset=utf-8
      date:
      - Mon, 28 Jun 2021 22:50:35 GMT
      expires:
      - '-1'
      pragma:
      - no-cache
      server:
      - Microsoft-HTTPAPI/2.0
      strict-transport-security:
      - max-age=31536000; includeSubDomains
      transfer-encoding:
      - chunked
      vary:
      - Accept-Encoding
      x-content-type-options:
      - nosniff
    status:
      code: 200
      message: OK
- request:
    body: null
    headers:
      Accept:
      - application/json
      Accept-Encoding:
      - gzip, deflate
      CommandName:
      - storage account show
      Connection:
      - keep-alive
      ParameterSetName:
      - -g -n --query
      User-Agent:
      - AZURECLI/2.25.0 azsdk-python-azure-mgmt-storage/18.0.0 Python/3.8.10 (macOS-10.16-x86_64-i386-64bit)
    method: GET
    uri: https://management.azure.com/subscriptions/00000000-0000-0000-0000-000000000000/resourceGroups/clitest.rg000001/providers/Microsoft.Storage/storageAccounts/clitest000004?api-version=2021-04-01
  response:
    body:
      string: '{"sku":{"name":"Standard_LRS","tier":"Standard"},"kind":"Storage","id":"/subscriptions/00000000-0000-0000-0000-000000000000/resourceGroups/clitest.rg000001/providers/Microsoft.Storage/storageAccounts/clitest000004","name":"clitest000004","type":"Microsoft.Storage/storageAccounts","location":"westus","tags":{},"properties":{"keyCreationTime":{"key1":"2021-06-28T22:50:42.3742600Z","key2":"2021-06-28T22:50:42.3742600Z"},"privateEndpointConnections":[],"networkAcls":{"bypass":"AzureServices","virtualNetworkRules":[],"ipRules":[],"defaultAction":"Allow"},"supportsHttpsTrafficOnly":true,"encryption":{"services":{"file":{"keyType":"Account","enabled":true,"lastEnabledTime":"2021-06-28T22:50:42.3742600Z"},"blob":{"keyType":"Account","enabled":true,"lastEnabledTime":"2021-06-28T22:50:42.3742600Z"}},"keySource":"Microsoft.Storage"},"provisioningState":"Succeeded","creationTime":"2021-06-28T22:50:42.2805195Z","primaryEndpoints":{"blob":"https://clitest000004.blob.core.windows.net/","queue":"https://clitest000004.queue.core.windows.net/","table":"https://clitest000004.table.core.windows.net/","file":"https://clitest000004.file.core.windows.net/"},"primaryLocation":"westus","statusOfPrimary":"available"}}'
    headers:
      cache-control:
      - no-cache
      content-length:
      - '1336'
      content-type:
      - application/json
      date:
      - Mon, 28 Jun 2021 22:51:22 GMT
      expires:
      - '-1'
      pragma:
      - no-cache
      server:
      - Microsoft-Azure-Storage-Resource-Provider/1.0,Microsoft-HTTPAPI/2.0 Microsoft-HTTPAPI/2.0
      strict-transport-security:
      - max-age=31536000; includeSubDomains
      transfer-encoding:
      - chunked
      vary:
      - Accept-Encoding
      x-content-type-options:
      - nosniff
    status:
      code: 200
      message: OK
- request:
    body: null
    headers:
      Accept:
      - application/json
      Accept-Encoding:
      - gzip, deflate
      CommandName:
      - storage account keys list
      Connection:
      - keep-alive
      Content-Length:
      - '0'
      ParameterSetName:
      - -g -n --query
      User-Agent:
      - AZURECLI/2.25.0 azsdk-python-azure-mgmt-storage/18.0.0 Python/3.8.10 (macOS-10.16-x86_64-i386-64bit)
    method: POST
    uri: https://management.azure.com/subscriptions/00000000-0000-0000-0000-000000000000/resourceGroups/clitest.rg000001/providers/Microsoft.Storage/storageAccounts/clitest000004/listKeys?api-version=2021-04-01&$expand=kerb
  response:
    body:
      string: '{"keys":[{"creationTime":"2021-06-28T22:50:42.3742600Z","keyName":"key1","value":"veryFakedStorageAccountKey==","permissions":"FULL"},{"creationTime":"2021-06-28T22:50:42.3742600Z","keyName":"key2","value":"veryFakedStorageAccountKey==","permissions":"FULL"}]}'
    headers:
      cache-control:
      - no-cache
      content-length:
      - '380'
      content-type:
      - application/json
      date:
      - Mon, 28 Jun 2021 22:51:22 GMT
      expires:
      - '-1'
      pragma:
      - no-cache
      server:
      - Microsoft-Azure-Storage-Resource-Provider/1.0,Microsoft-HTTPAPI/2.0 Microsoft-HTTPAPI/2.0
      strict-transport-security:
      - max-age=31536000; includeSubDomains
      transfer-encoding:
      - chunked
      vary:
      - Accept-Encoding
      x-content-type-options:
      - nosniff
      x-ms-ratelimit-remaining-subscription-resource-requests:
      - '11999'
    status:
      code: 200
      message: OK
- request:
    body: null
    headers:
      Accept:
      - application/json
      Accept-Encoding:
      - gzip, deflate
      CommandName:
      - sql server audit-policy show
      Connection:
      - keep-alive
      ParameterSetName:
      - -g -n
      User-Agent:
      - AZURECLI/2.25.0 azsdk-python-mgmt-sql/3.0.0 Python/3.8.10 (macOS-10.16-x86_64-i386-64bit)
    method: GET
    uri: https://management.azure.com/subscriptions/00000000-0000-0000-0000-000000000000/resourceGroups/clitest.rg000001/providers/Microsoft.Sql/servers/clitestserver000003/auditingSettings/default?api-version=2020-11-01-preview
  response:
    body:
      string: '{"properties":{"retentionDays":0,"auditActionsAndGroups":[],"isStorageSecondaryKeyInUse":false,"isAzureMonitorTargetEnabled":false,"state":"Disabled","storageEndpoint":"","storageAccountSubscriptionId":"00000000-0000-0000-0000-000000000000"},"id":"/subscriptions/00000000-0000-0000-0000-000000000000/resourceGroups/clitest.rg000001/providers/Microsoft.Sql/servers/clitestserver000003/auditingSettings/Default","name":"Default","type":"Microsoft.Sql/servers/auditingSettings"}'
    headers:
      cache-control:
      - no-cache
      content-length:
      - '577'
      content-type:
      - application/json; charset=utf-8
      date:
      - Mon, 28 Jun 2021 22:51:23 GMT
      expires:
      - '-1'
      pragma:
      - no-cache
      server:
      - Microsoft-HTTPAPI/2.0
      strict-transport-security:
      - max-age=31536000; includeSubDomains
      transfer-encoding:
      - chunked
      vary:
      - Accept-Encoding
      x-content-type-options:
      - nosniff
    status:
      code: 200
      message: OK
- request:
    body: null
    headers:
      Accept:
      - application/json
      Accept-Encoding:
      - gzip, deflate
      CommandName:
      - sql server audit-policy update
      Connection:
      - keep-alive
      ParameterSetName:
      - -g -n --state --blob-storage-target-state --storage-key --storage-endpoint
        --retention-days --actions
      User-Agent:
      - AZURECLI/2.25.0 azsdk-python-mgmt-sql/3.0.0 Python/3.8.10 (macOS-10.16-x86_64-i386-64bit)
    method: GET
    uri: https://management.azure.com/subscriptions/00000000-0000-0000-0000-000000000000/resourceGroups/clitest.rg000001/providers/Microsoft.Sql/servers/clitestserver000003/auditingSettings/default?api-version=2020-11-01-preview
  response:
    body:
      string: '{"properties":{"retentionDays":0,"auditActionsAndGroups":[],"isStorageSecondaryKeyInUse":false,"isAzureMonitorTargetEnabled":false,"state":"Disabled","storageEndpoint":"","storageAccountSubscriptionId":"00000000-0000-0000-0000-000000000000"},"id":"/subscriptions/00000000-0000-0000-0000-000000000000/resourceGroups/clitest.rg000001/providers/Microsoft.Sql/servers/clitestserver000003/auditingSettings/Default","name":"Default","type":"Microsoft.Sql/servers/auditingSettings"}'
    headers:
      cache-control:
      - no-cache
      content-length:
      - '577'
      content-type:
      - application/json; charset=utf-8
      date:
      - Mon, 28 Jun 2021 22:51:23 GMT
      expires:
      - '-1'
      pragma:
      - no-cache
      server:
      - Microsoft-HTTPAPI/2.0
      strict-transport-security:
      - max-age=31536000; includeSubDomains
      transfer-encoding:
      - chunked
      vary:
      - Accept-Encoding
      x-content-type-options:
      - nosniff
    status:
      code: 200
      message: OK
- request:
    body: '{"properties": {"retentionDays": 30, "auditActionsAndGroups": ["DATABASE_LOGOUT_GROUP",
      "DATABASE_ROLE_MEMBER_CHANGE_GROUP"], "isStorageSecondaryKeyInUse": false, "isAzureMonitorTargetEnabled":
      false, "state": "Enabled", "storageEndpoint": "https://clitest000004.blob.core.windows.net/",
      "storageAccountAccessKey": "veryFakedStorageAccountKey==", "storageAccountSubscriptionId":
      "00000000-0000-0000-0000-000000000000"}}'
    headers:
      Accept:
      - application/json
      Accept-Encoding:
      - gzip, deflate
      CommandName:
      - sql server audit-policy update
      Connection:
      - keep-alive
      Content-Length:
      - '490'
      Content-Type:
      - application/json
      ParameterSetName:
      - -g -n --state --blob-storage-target-state --storage-key --storage-endpoint
        --retention-days --actions
      User-Agent:
      - AZURECLI/2.25.0 azsdk-python-mgmt-sql/3.0.0 Python/3.8.10 (macOS-10.16-x86_64-i386-64bit)
    method: PUT
    uri: https://management.azure.com/subscriptions/00000000-0000-0000-0000-000000000000/resourceGroups/clitest.rg000001/providers/Microsoft.Sql/servers/clitestserver000003/auditingSettings/default?api-version=2020-11-01-preview
  response:
    body:
      string: '{"operation":"UpsertServerEngineAuditingPolicy","startTime":"2021-06-28T22:51:24.203Z"}'
    headers:
      azure-asyncoperation:
      - https://management.azure.com/subscriptions/00000000-0000-0000-0000-000000000000/providers/Microsoft.Sql/locations/westeurope/auditingSettingsAzureAsyncOperation/11fb1919-d14c-47ff-8775-5ad8da130832?api-version=2020-11-01-preview
      cache-control:
      - no-cache
      content-length:
      - '87'
      content-type:
      - application/json; charset=utf-8
      date:
      - Mon, 28 Jun 2021 22:51:24 GMT
      expires:
      - '-1'
      location:
      - https://management.azure.com/subscriptions/00000000-0000-0000-0000-000000000000/providers/Microsoft.Sql/locations/westeurope/auditingSettingsOperationResults/11fb1919-d14c-47ff-8775-5ad8da130832?api-version=2020-11-01-preview
      pragma:
      - no-cache
      server:
      - Microsoft-HTTPAPI/2.0
      strict-transport-security:
      - max-age=31536000; includeSubDomains
      x-content-type-options:
      - nosniff
      x-ms-ratelimit-remaining-subscription-writes:
      - '1199'
    status:
      code: 202
      message: Accepted
version: 1
