interactions:
- request:
    body: '{"location": "westus", "properties": {"administratorLogin": "admin123",
      "administratorLoginPassword": "SecretPassword123"}}'
    headers:
      Accept:
      - application/json
      Accept-Encoding:
      - gzip, deflate
      CommandName:
      - sql server create
      Connection:
      - keep-alive
      Content-Length:
      - '123'
      Content-Type:
      - application/json; charset=utf-8
      ParameterSetName:
      - -l -g -n -u -p
      User-Agent:
      - python/3.7.4 (Windows-10-10.0.18362-SP0) msrest/0.6.10 msrest_azure/0.6.2
        azure-mgmt-sql/0.13.0 Azure-SDK-For-Python AZURECLI/2.0.73
      accept-language:
      - en-US
    method: PUT
    uri: https://management.azure.com/subscriptions/00000000-0000-0000-0000-000000000000/resourceGroups/clitest.rg000001/providers/Microsoft.Sql/servers/clitestserver000003?api-version=2015-05-01-preview
  response:
    body:
      string: '{"operation":"UpsertLogicalServer","startTime":"2019-10-12T00:45:15Z"}'
    headers:
      azure-asyncoperation:
      - https://management.azure.com/subscriptions/00000000-0000-0000-0000-000000000000/resourceGroups/clitest.rg000001/providers/Microsoft.Sql/locations/westus/serverAzureAsyncOperation/16cce478-6ca6-42b4-b689-67fad901ea1b?api-version=2015-05-01-preview
      cache-control:
      - no-cache
      content-length:
      - '70'
      content-type:
      - application/json; charset=utf-8
      date:
      - Sat, 12 Oct 2019 00:45:14 GMT
      expires:
      - '-1'
      location:
      - https://management.azure.com/subscriptions/00000000-0000-0000-0000-000000000000/resourceGroups/clitest.rg000001/providers/Microsoft.Sql/locations/westus/serverOperationResults/16cce478-6ca6-42b4-b689-67fad901ea1b?api-version=2015-05-01-preview
      pragma:
      - no-cache
      server:
      - Microsoft-HTTPAPI/2.0
      strict-transport-security:
      - max-age=31536000; includeSubDomains
      x-content-type-options:
      - nosniff
      x-ms-ratelimit-remaining-subscription-writes:
      - '1199'
    status:
      code: 202
      message: Accepted
- request:
    body: null
    headers:
      Accept:
      - application/json
      Accept-Encoding:
      - gzip, deflate
      CommandName:
      - sql server create
      Connection:
      - keep-alive
      ParameterSetName:
      - -l -g -n -u -p
      User-Agent:
      - python/3.7.4 (Windows-10-10.0.18362-SP0) msrest/0.6.10 msrest_azure/0.6.2
        azure-mgmt-sql/0.13.0 Azure-SDK-For-Python AZURECLI/2.0.73
    method: GET
    uri: https://management.azure.com/subscriptions/00000000-0000-0000-0000-000000000000/resourceGroups/clitest.rg000001/providers/Microsoft.Sql/locations/westus/serverAzureAsyncOperation/16cce478-6ca6-42b4-b689-67fad901ea1b?api-version=2015-05-01-preview
  response:
    body:
      string: '{"name":"16cce478-6ca6-42b4-b689-67fad901ea1b","status":"InProgress","startTime":"2019-10-12T00:45:15Z"}'
    headers:
      cache-control:
      - no-cache
      content-length:
      - '104'
      content-type:
      - application/json; charset=utf-8
      date:
      - Sat, 12 Oct 2019 00:45:16 GMT
      expires:
      - '-1'
      pragma:
      - no-cache
      server:
      - Microsoft-HTTPAPI/2.0
      strict-transport-security:
      - max-age=31536000; includeSubDomains
      transfer-encoding:
      - chunked
      vary:
      - Accept-Encoding
      x-content-type-options:
      - nosniff
    status:
      code: 200
      message: OK
- request:
    body: null
    headers:
      Accept:
      - application/json
      Accept-Encoding:
      - gzip, deflate
      CommandName:
      - sql server create
      Connection:
      - keep-alive
      ParameterSetName:
      - -l -g -n -u -p
      User-Agent:
      - python/3.7.4 (Windows-10-10.0.18362-SP0) msrest/0.6.10 msrest_azure/0.6.2
        azure-mgmt-sql/0.13.0 Azure-SDK-For-Python AZURECLI/2.0.73
    method: GET
    uri: https://management.azure.com/subscriptions/00000000-0000-0000-0000-000000000000/resourceGroups/clitest.rg000001/providers/Microsoft.Sql/locations/westus/serverAzureAsyncOperation/16cce478-6ca6-42b4-b689-67fad901ea1b?api-version=2015-05-01-preview
  response:
    body:
      string: '{"name":"16cce478-6ca6-42b4-b689-67fad901ea1b","status":"InProgress","startTime":"2019-10-12T00:45:15Z"}'
    headers:
      cache-control:
      - no-cache
      content-length:
      - '104'
      content-type:
      - application/json; charset=utf-8
      date:
      - Sat, 12 Oct 2019 00:45:17 GMT
      expires:
      - '-1'
      pragma:
      - no-cache
      server:
      - Microsoft-HTTPAPI/2.0
      strict-transport-security:
      - max-age=31536000; includeSubDomains
      transfer-encoding:
      - chunked
      vary:
      - Accept-Encoding
      x-content-type-options:
      - nosniff
    status:
      code: 200
      message: OK
- request:
    body: null
    headers:
      Accept:
      - application/json
      Accept-Encoding:
      - gzip, deflate
      CommandName:
      - sql server create
      Connection:
      - keep-alive
      ParameterSetName:
      - -l -g -n -u -p
      User-Agent:
      - python/3.7.4 (Windows-10-10.0.18362-SP0) msrest/0.6.10 msrest_azure/0.6.2
        azure-mgmt-sql/0.13.0 Azure-SDK-For-Python AZURECLI/2.0.73
    method: GET
    uri: https://management.azure.com/subscriptions/00000000-0000-0000-0000-000000000000/resourceGroups/clitest.rg000001/providers/Microsoft.Sql/locations/westus/serverAzureAsyncOperation/16cce478-6ca6-42b4-b689-67fad901ea1b?api-version=2015-05-01-preview
  response:
    body:
      string: '{"name":"16cce478-6ca6-42b4-b689-67fad901ea1b","status":"InProgress","startTime":"2019-10-12T00:45:15Z"}'
    headers:
      cache-control:
      - no-cache
      content-length:
      - '104'
      content-type:
      - application/json; charset=utf-8
      date:
      - Sat, 12 Oct 2019 00:45:18 GMT
      expires:
      - '-1'
      pragma:
      - no-cache
      server:
      - Microsoft-HTTPAPI/2.0
      strict-transport-security:
      - max-age=31536000; includeSubDomains
      transfer-encoding:
      - chunked
      vary:
      - Accept-Encoding
      x-content-type-options:
      - nosniff
    status:
      code: 200
      message: OK
- request:
    body: null
    headers:
      Accept:
      - application/json
      Accept-Encoding:
      - gzip, deflate
      CommandName:
      - sql server create
      Connection:
      - keep-alive
      ParameterSetName:
      - -l -g -n -u -p
      User-Agent:
      - python/3.7.4 (Windows-10-10.0.18362-SP0) msrest/0.6.10 msrest_azure/0.6.2
        azure-mgmt-sql/0.13.0 Azure-SDK-For-Python AZURECLI/2.0.73
    method: GET
    uri: https://management.azure.com/subscriptions/00000000-0000-0000-0000-000000000000/resourceGroups/clitest.rg000001/providers/Microsoft.Sql/locations/westus/serverAzureAsyncOperation/16cce478-6ca6-42b4-b689-67fad901ea1b?api-version=2015-05-01-preview
  response:
    body:
      string: '{"name":"16cce478-6ca6-42b4-b689-67fad901ea1b","status":"InProgress","startTime":"2019-10-12T00:45:15Z"}'
    headers:
      cache-control:
      - no-cache
      content-length:
      - '104'
      content-type:
      - application/json; charset=utf-8
      date:
      - Sat, 12 Oct 2019 00:45:19 GMT
      expires:
      - '-1'
      pragma:
      - no-cache
      server:
      - Microsoft-HTTPAPI/2.0
      strict-transport-security:
      - max-age=31536000; includeSubDomains
      transfer-encoding:
      - chunked
      vary:
      - Accept-Encoding
      x-content-type-options:
      - nosniff
    status:
      code: 200
      message: OK
- request:
    body: null
    headers:
      Accept:
      - application/json
      Accept-Encoding:
      - gzip, deflate
      CommandName:
      - sql server create
      Connection:
      - keep-alive
      ParameterSetName:
      - -l -g -n -u -p
      User-Agent:
      - python/3.7.4 (Windows-10-10.0.18362-SP0) msrest/0.6.10 msrest_azure/0.6.2
        azure-mgmt-sql/0.13.0 Azure-SDK-For-Python AZURECLI/2.0.73
    method: GET
    uri: https://management.azure.com/subscriptions/00000000-0000-0000-0000-000000000000/resourceGroups/clitest.rg000001/providers/Microsoft.Sql/locations/westus/serverAzureAsyncOperation/16cce478-6ca6-42b4-b689-67fad901ea1b?api-version=2015-05-01-preview
  response:
    body:
      string: '{"name":"16cce478-6ca6-42b4-b689-67fad901ea1b","status":"InProgress","startTime":"2019-10-12T00:45:15Z"}'
    headers:
      cache-control:
      - no-cache
      content-length:
      - '104'
      content-type:
      - application/json; charset=utf-8
      date:
      - Sat, 12 Oct 2019 00:45:20 GMT
      expires:
      - '-1'
      pragma:
      - no-cache
      server:
      - Microsoft-HTTPAPI/2.0
      strict-transport-security:
      - max-age=31536000; includeSubDomains
      transfer-encoding:
      - chunked
      vary:
      - Accept-Encoding
      x-content-type-options:
      - nosniff
    status:
      code: 200
      message: OK
- request:
    body: null
    headers:
      Accept:
      - application/json
      Accept-Encoding:
      - gzip, deflate
      CommandName:
      - sql server create
      Connection:
      - keep-alive
      ParameterSetName:
      - -l -g -n -u -p
      User-Agent:
      - python/3.7.4 (Windows-10-10.0.18362-SP0) msrest/0.6.10 msrest_azure/0.6.2
        azure-mgmt-sql/0.13.0 Azure-SDK-For-Python AZURECLI/2.0.73
    method: GET
    uri: https://management.azure.com/subscriptions/00000000-0000-0000-0000-000000000000/resourceGroups/clitest.rg000001/providers/Microsoft.Sql/locations/westus/serverAzureAsyncOperation/16cce478-6ca6-42b4-b689-67fad901ea1b?api-version=2015-05-01-preview
  response:
    body:
      string: '{"name":"16cce478-6ca6-42b4-b689-67fad901ea1b","status":"InProgress","startTime":"2019-10-12T00:45:15Z"}'
    headers:
      cache-control:
      - no-cache
      content-length:
      - '104'
      content-type:
      - application/json; charset=utf-8
      date:
      - Sat, 12 Oct 2019 00:45:40 GMT
      expires:
      - '-1'
      pragma:
      - no-cache
      server:
      - Microsoft-HTTPAPI/2.0
      strict-transport-security:
      - max-age=31536000; includeSubDomains
      transfer-encoding:
      - chunked
      vary:
      - Accept-Encoding
      x-content-type-options:
      - nosniff
    status:
      code: 200
      message: OK
- request:
    body: null
    headers:
      Accept:
      - application/json
      Accept-Encoding:
      - gzip, deflate
      CommandName:
      - sql server create
      Connection:
      - keep-alive
      ParameterSetName:
      - -l -g -n -u -p
      User-Agent:
      - python/3.7.4 (Windows-10-10.0.18362-SP0) msrest/0.6.10 msrest_azure/0.6.2
        azure-mgmt-sql/0.13.0 Azure-SDK-For-Python AZURECLI/2.0.73
    method: GET
    uri: https://management.azure.com/subscriptions/00000000-0000-0000-0000-000000000000/resourceGroups/clitest.rg000001/providers/Microsoft.Sql/locations/westus/serverAzureAsyncOperation/16cce478-6ca6-42b4-b689-67fad901ea1b?api-version=2015-05-01-preview
  response:
    body:
      string: '{"name":"16cce478-6ca6-42b4-b689-67fad901ea1b","status":"Succeeded","startTime":"2019-10-12T00:45:15Z"}'
    headers:
      cache-control:
      - no-cache
      content-length:
      - '103'
      content-type:
      - application/json; charset=utf-8
      date:
      - Sat, 12 Oct 2019 00:46:00 GMT
      expires:
      - '-1'
      pragma:
      - no-cache
      server:
      - Microsoft-HTTPAPI/2.0
      strict-transport-security:
      - max-age=31536000; includeSubDomains
      transfer-encoding:
      - chunked
      vary:
      - Accept-Encoding
      x-content-type-options:
      - nosniff
    status:
      code: 200
      message: OK
- request:
    body: null
    headers:
      Accept:
      - application/json
      Accept-Encoding:
      - gzip, deflate
      CommandName:
      - sql server create
      Connection:
      - keep-alive
      ParameterSetName:
      - -l -g -n -u -p
      User-Agent:
      - python/3.7.4 (Windows-10-10.0.18362-SP0) msrest/0.6.10 msrest_azure/0.6.2
        azure-mgmt-sql/0.13.0 Azure-SDK-For-Python AZURECLI/2.0.73
    method: GET
    uri: https://management.azure.com/subscriptions/00000000-0000-0000-0000-000000000000/resourceGroups/clitest.rg000001/providers/Microsoft.Sql/servers/clitestserver000003?api-version=2015-05-01-preview
  response:
    body:
      string: '{"kind":"v12.0","properties":{"administratorLogin":"admin123","version":"12.0","state":"Ready","fullyQualifiedDomainName":"clitestserver000003.database.windows.net"},"location":"westus","id":"/subscriptions/00000000-0000-0000-0000-000000000000/resourceGroups/clitest.rg000001/providers/Microsoft.Sql/servers/clitestserver000003","name":"clitestserver000003","type":"Microsoft.Sql/servers"}'
    headers:
      cache-control:
      - no-cache
      content-length:
      - '580'
      content-type:
      - application/json; charset=utf-8
      date:
      - Sat, 12 Oct 2019 00:46:00 GMT
      expires:
      - '-1'
      pragma:
      - no-cache
      server:
      - Microsoft-HTTPAPI/2.0
      strict-transport-security:
      - max-age=31536000; includeSubDomains
      transfer-encoding:
      - chunked
      vary:
      - Accept-Encoding
      x-content-type-options:
      - nosniff
    status:
      code: 200
      message: OK
- request:
    body: '{"location": "westus", "properties": {"administratorLogin": "admin123",
      "administratorLoginPassword": "SecretPassword123"}}'
    headers:
      Accept:
      - application/json
      Accept-Encoding:
      - gzip, deflate
      CommandName:
      - sql server create
      Connection:
      - keep-alive
      Content-Length:
      - '123'
      Content-Type:
      - application/json; charset=utf-8
      ParameterSetName:
      - -l -g -n -u -p
      User-Agent:
      - python/3.7.4 (Windows-10-10.0.18362-SP0) msrest/0.6.10 msrest_azure/0.6.2
        azure-mgmt-sql/0.13.0 Azure-SDK-For-Python AZURECLI/2.0.73
      accept-language:
      - en-US
    method: PUT
    uri: https://management.azure.com/subscriptions/00000000-0000-0000-0000-000000000000/resourceGroups/clitest.rg000002/providers/Microsoft.Sql/servers/clitestserver000004?api-version=2015-05-01-preview
  response:
    body:
      string: '{"operation":"UpsertLogicalServer","startTime":"2019-10-12T00:46:02Z"}'
    headers:
      azure-asyncoperation:
      - https://management.azure.com/subscriptions/00000000-0000-0000-0000-000000000000/resourceGroups/clitest.rg000002/providers/Microsoft.Sql/locations/westus/serverAzureAsyncOperation/0e8b9271-f575-44a8-8c33-f27e28a1fd66?api-version=2015-05-01-preview
      cache-control:
      - no-cache
      content-length:
      - '70'
      content-type:
      - application/json; charset=utf-8
      date:
      - Sat, 12 Oct 2019 00:46:01 GMT
      expires:
      - '-1'
      location:
      - https://management.azure.com/subscriptions/00000000-0000-0000-0000-000000000000/resourceGroups/clitest.rg000002/providers/Microsoft.Sql/locations/westus/serverOperationResults/0e8b9271-f575-44a8-8c33-f27e28a1fd66?api-version=2015-05-01-preview
      pragma:
      - no-cache
      server:
      - Microsoft-HTTPAPI/2.0
      strict-transport-security:
      - max-age=31536000; includeSubDomains
      x-content-type-options:
      - nosniff
      x-ms-ratelimit-remaining-subscription-writes:
      - '1197'
    status:
      code: 202
      message: Accepted
- request:
    body: null
    headers:
      Accept:
      - application/json
      Accept-Encoding:
      - gzip, deflate
      CommandName:
      - sql server create
      Connection:
      - keep-alive
      ParameterSetName:
      - -l -g -n -u -p
      User-Agent:
      - python/3.7.4 (Windows-10-10.0.18362-SP0) msrest/0.6.10 msrest_azure/0.6.2
        azure-mgmt-sql/0.13.0 Azure-SDK-For-Python AZURECLI/2.0.73
    method: GET
    uri: https://management.azure.com/subscriptions/00000000-0000-0000-0000-000000000000/resourceGroups/clitest.rg000002/providers/Microsoft.Sql/locations/westus/serverAzureAsyncOperation/0e8b9271-f575-44a8-8c33-f27e28a1fd66?api-version=2015-05-01-preview
  response:
    body:
      string: '{"name":"0e8b9271-f575-44a8-8c33-f27e28a1fd66","status":"InProgress","startTime":"2019-10-12T00:46:02Z"}'
    headers:
      cache-control:
      - no-cache
      content-length:
      - '104'
      content-type:
      - application/json; charset=utf-8
      date:
      - Sat, 12 Oct 2019 00:46:02 GMT
      expires:
      - '-1'
      pragma:
      - no-cache
      server:
      - Microsoft-HTTPAPI/2.0
      strict-transport-security:
      - max-age=31536000; includeSubDomains
      transfer-encoding:
      - chunked
      vary:
      - Accept-Encoding
      x-content-type-options:
      - nosniff
    status:
      code: 200
      message: OK
- request:
    body: null
    headers:
      Accept:
      - application/json
      Accept-Encoding:
      - gzip, deflate
      CommandName:
      - sql server create
      Connection:
      - keep-alive
      ParameterSetName:
      - -l -g -n -u -p
      User-Agent:
      - python/3.7.4 (Windows-10-10.0.18362-SP0) msrest/0.6.10 msrest_azure/0.6.2
        azure-mgmt-sql/0.13.0 Azure-SDK-For-Python AZURECLI/2.0.73
    method: GET
    uri: https://management.azure.com/subscriptions/00000000-0000-0000-0000-000000000000/resourceGroups/clitest.rg000002/providers/Microsoft.Sql/locations/westus/serverAzureAsyncOperation/0e8b9271-f575-44a8-8c33-f27e28a1fd66?api-version=2015-05-01-preview
  response:
    body:
      string: '{"name":"0e8b9271-f575-44a8-8c33-f27e28a1fd66","status":"InProgress","startTime":"2019-10-12T00:46:02Z"}'
    headers:
      cache-control:
      - no-cache
      content-length:
      - '104'
      content-type:
      - application/json; charset=utf-8
      date:
      - Sat, 12 Oct 2019 00:46:03 GMT
      expires:
      - '-1'
      pragma:
      - no-cache
      server:
      - Microsoft-HTTPAPI/2.0
      strict-transport-security:
      - max-age=31536000; includeSubDomains
      transfer-encoding:
      - chunked
      vary:
      - Accept-Encoding
      x-content-type-options:
      - nosniff
    status:
      code: 200
      message: OK
- request:
    body: null
    headers:
      Accept:
      - application/json
      Accept-Encoding:
      - gzip, deflate
      CommandName:
      - sql server create
      Connection:
      - keep-alive
      ParameterSetName:
      - -l -g -n -u -p
      User-Agent:
      - python/3.7.4 (Windows-10-10.0.18362-SP0) msrest/0.6.10 msrest_azure/0.6.2
        azure-mgmt-sql/0.13.0 Azure-SDK-For-Python AZURECLI/2.0.73
    method: GET
    uri: https://management.azure.com/subscriptions/00000000-0000-0000-0000-000000000000/resourceGroups/clitest.rg000002/providers/Microsoft.Sql/locations/westus/serverAzureAsyncOperation/0e8b9271-f575-44a8-8c33-f27e28a1fd66?api-version=2015-05-01-preview
  response:
    body:
      string: '{"name":"0e8b9271-f575-44a8-8c33-f27e28a1fd66","status":"InProgress","startTime":"2019-10-12T00:46:02Z"}'
    headers:
      cache-control:
      - no-cache
      content-length:
      - '104'
      content-type:
      - application/json; charset=utf-8
      date:
      - Sat, 12 Oct 2019 00:46:04 GMT
      expires:
      - '-1'
      pragma:
      - no-cache
      server:
      - Microsoft-HTTPAPI/2.0
      strict-transport-security:
      - max-age=31536000; includeSubDomains
      transfer-encoding:
      - chunked
      vary:
      - Accept-Encoding
      x-content-type-options:
      - nosniff
    status:
      code: 200
      message: OK
- request:
    body: null
    headers:
      Accept:
      - application/json
      Accept-Encoding:
      - gzip, deflate
      CommandName:
      - sql server create
      Connection:
      - keep-alive
      ParameterSetName:
      - -l -g -n -u -p
      User-Agent:
      - python/3.7.4 (Windows-10-10.0.18362-SP0) msrest/0.6.10 msrest_azure/0.6.2
        azure-mgmt-sql/0.13.0 Azure-SDK-For-Python AZURECLI/2.0.73
    method: GET
    uri: https://management.azure.com/subscriptions/00000000-0000-0000-0000-000000000000/resourceGroups/clitest.rg000002/providers/Microsoft.Sql/locations/westus/serverAzureAsyncOperation/0e8b9271-f575-44a8-8c33-f27e28a1fd66?api-version=2015-05-01-preview
  response:
    body:
      string: '{"name":"0e8b9271-f575-44a8-8c33-f27e28a1fd66","status":"InProgress","startTime":"2019-10-12T00:46:02Z"}'
    headers:
      cache-control:
      - no-cache
      content-length:
      - '104'
      content-type:
      - application/json; charset=utf-8
      date:
      - Sat, 12 Oct 2019 00:46:05 GMT
      expires:
      - '-1'
      pragma:
      - no-cache
      server:
      - Microsoft-HTTPAPI/2.0
      strict-transport-security:
      - max-age=31536000; includeSubDomains
      transfer-encoding:
      - chunked
      vary:
      - Accept-Encoding
      x-content-type-options:
      - nosniff
    status:
      code: 200
      message: OK
- request:
    body: null
    headers:
      Accept:
      - application/json
      Accept-Encoding:
      - gzip, deflate
      CommandName:
      - sql server create
      Connection:
      - keep-alive
      ParameterSetName:
      - -l -g -n -u -p
      User-Agent:
      - python/3.7.4 (Windows-10-10.0.18362-SP0) msrest/0.6.10 msrest_azure/0.6.2
        azure-mgmt-sql/0.13.0 Azure-SDK-For-Python AZURECLI/2.0.73
    method: GET
    uri: https://management.azure.com/subscriptions/00000000-0000-0000-0000-000000000000/resourceGroups/clitest.rg000002/providers/Microsoft.Sql/locations/westus/serverAzureAsyncOperation/0e8b9271-f575-44a8-8c33-f27e28a1fd66?api-version=2015-05-01-preview
  response:
    body:
      string: '{"name":"0e8b9271-f575-44a8-8c33-f27e28a1fd66","status":"InProgress","startTime":"2019-10-12T00:46:02Z"}'
    headers:
      cache-control:
      - no-cache
      content-length:
      - '104'
      content-type:
      - application/json; charset=utf-8
      date:
      - Sat, 12 Oct 2019 00:46:06 GMT
      expires:
      - '-1'
      pragma:
      - no-cache
      server:
      - Microsoft-HTTPAPI/2.0
      strict-transport-security:
      - max-age=31536000; includeSubDomains
      transfer-encoding:
      - chunked
      vary:
      - Accept-Encoding
      x-content-type-options:
      - nosniff
    status:
      code: 200
      message: OK
- request:
    body: null
    headers:
      Accept:
      - application/json
      Accept-Encoding:
      - gzip, deflate
      CommandName:
      - sql server create
      Connection:
      - keep-alive
      ParameterSetName:
      - -l -g -n -u -p
      User-Agent:
      - python/3.7.4 (Windows-10-10.0.18362-SP0) msrest/0.6.10 msrest_azure/0.6.2
        azure-mgmt-sql/0.13.0 Azure-SDK-For-Python AZURECLI/2.0.73
    method: GET
    uri: https://management.azure.com/subscriptions/00000000-0000-0000-0000-000000000000/resourceGroups/clitest.rg000002/providers/Microsoft.Sql/locations/westus/serverAzureAsyncOperation/0e8b9271-f575-44a8-8c33-f27e28a1fd66?api-version=2015-05-01-preview
  response:
    body:
      string: '{"name":"0e8b9271-f575-44a8-8c33-f27e28a1fd66","status":"InProgress","startTime":"2019-10-12T00:46:02Z"}'
    headers:
      cache-control:
      - no-cache
      content-length:
      - '104'
      content-type:
      - application/json; charset=utf-8
      date:
      - Sat, 12 Oct 2019 00:46:27 GMT
      expires:
      - '-1'
      pragma:
      - no-cache
      server:
      - Microsoft-HTTPAPI/2.0
      strict-transport-security:
      - max-age=31536000; includeSubDomains
      transfer-encoding:
      - chunked
      vary:
      - Accept-Encoding
      x-content-type-options:
      - nosniff
    status:
      code: 200
      message: OK
- request:
    body: null
    headers:
      Accept:
      - application/json
      Accept-Encoding:
      - gzip, deflate
      CommandName:
      - sql server create
      Connection:
      - keep-alive
      ParameterSetName:
      - -l -g -n -u -p
      User-Agent:
      - python/3.7.4 (Windows-10-10.0.18362-SP0) msrest/0.6.10 msrest_azure/0.6.2
        azure-mgmt-sql/0.13.0 Azure-SDK-For-Python AZURECLI/2.0.73
    method: GET
    uri: https://management.azure.com/subscriptions/00000000-0000-0000-0000-000000000000/resourceGroups/clitest.rg000002/providers/Microsoft.Sql/locations/westus/serverAzureAsyncOperation/0e8b9271-f575-44a8-8c33-f27e28a1fd66?api-version=2015-05-01-preview
  response:
    body:
      string: '{"name":"0e8b9271-f575-44a8-8c33-f27e28a1fd66","status":"Succeeded","startTime":"2019-10-12T00:46:02Z"}'
    headers:
      cache-control:
      - no-cache
      content-length:
      - '103'
      content-type:
      - application/json; charset=utf-8
      date:
      - Sat, 12 Oct 2019 00:46:47 GMT
      expires:
      - '-1'
      pragma:
      - no-cache
      server:
      - Microsoft-HTTPAPI/2.0
      strict-transport-security:
      - max-age=31536000; includeSubDomains
      transfer-encoding:
      - chunked
      vary:
      - Accept-Encoding
      x-content-type-options:
      - nosniff
    status:
      code: 200
      message: OK
- request:
    body: null
    headers:
      Accept:
      - application/json
      Accept-Encoding:
      - gzip, deflate
      CommandName:
      - sql server create
      Connection:
      - keep-alive
      ParameterSetName:
      - -l -g -n -u -p
      User-Agent:
      - python/3.7.4 (Windows-10-10.0.18362-SP0) msrest/0.6.10 msrest_azure/0.6.2
        azure-mgmt-sql/0.13.0 Azure-SDK-For-Python AZURECLI/2.0.73
    method: GET
    uri: https://management.azure.com/subscriptions/00000000-0000-0000-0000-000000000000/resourceGroups/clitest.rg000002/providers/Microsoft.Sql/servers/clitestserver000004?api-version=2015-05-01-preview
  response:
    body:
      string: '{"kind":"v12.0","properties":{"administratorLogin":"admin123","version":"12.0","state":"Ready","fullyQualifiedDomainName":"clitestserver000004.database.windows.net"},"location":"westus","id":"/subscriptions/00000000-0000-0000-0000-000000000000/resourceGroups/clitest.rg000002/providers/Microsoft.Sql/servers/clitestserver000004","name":"clitestserver000004","type":"Microsoft.Sql/servers"}'
    headers:
      cache-control:
      - no-cache
      content-length:
      - '580'
      content-type:
      - application/json; charset=utf-8
      date:
      - Sat, 12 Oct 2019 00:46:47 GMT
      expires:
      - '-1'
      pragma:
      - no-cache
      server:
      - Microsoft-HTTPAPI/2.0
      strict-transport-security:
      - max-age=31536000; includeSubDomains
      transfer-encoding:
      - chunked
      vary:
      - Accept-Encoding
      x-content-type-options:
      - nosniff
    status:
      code: 200
      message: OK
- request:
    body: null
    headers:
      Accept:
      - application/json
      Accept-Encoding:
      - gzip, deflate
      CommandName:
      - sql db create
      Connection:
      - keep-alive
      ParameterSetName:
      - -g --server --name
      User-Agent:
      - python/3.7.4 (Windows-10-10.0.18362-SP0) msrest/0.6.10 msrest_azure/0.6.2
        azure-mgmt-sql/0.13.0 Azure-SDK-For-Python AZURECLI/2.0.73
      accept-language:
      - en-US
    method: GET
    uri: https://management.azure.com/subscriptions/00000000-0000-0000-0000-000000000000/resourceGroups/clitest.rg000001/providers/Microsoft.Sql/servers/clitestserver000003?api-version=2015-05-01-preview
  response:
    body:
      string: '{"kind":"v12.0","properties":{"administratorLogin":"admin123","version":"12.0","state":"Ready","fullyQualifiedDomainName":"clitestserver000003.database.windows.net"},"location":"westus","id":"/subscriptions/00000000-0000-0000-0000-000000000000/resourceGroups/clitest.rg000001/providers/Microsoft.Sql/servers/clitestserver000003","name":"clitestserver000003","type":"Microsoft.Sql/servers"}'
    headers:
      cache-control:
      - no-cache
      content-length:
      - '580'
      content-type:
      - application/json; charset=utf-8
      date:
      - Sat, 12 Oct 2019 00:46:48 GMT
      expires:
      - '-1'
      pragma:
      - no-cache
      server:
      - Microsoft-HTTPAPI/2.0
      strict-transport-security:
      - max-age=31536000; includeSubDomains
      transfer-encoding:
      - chunked
      vary:
      - Accept-Encoding
      x-content-type-options:
      - nosniff
    status:
      code: 200
      message: OK
- request:
    body: '{"location": "westus"}'
    headers:
      Accept:
      - application/json
      Accept-Encoding:
      - gzip, deflate
      CommandName:
      - sql db create
      Connection:
      - keep-alive
      Content-Length:
      - '22'
      Content-Type:
      - application/json; charset=utf-8
      ParameterSetName:
      - -g --server --name
      User-Agent:
      - python/3.7.4 (Windows-10-10.0.18362-SP0) msrest/0.6.10 msrest_azure/0.6.2
        azure-mgmt-sql/0.13.0 Azure-SDK-For-Python AZURECLI/2.0.73
      accept-language:
      - en-US
    method: PUT
    uri: https://management.azure.com/subscriptions/00000000-0000-0000-0000-000000000000/resourceGroups/clitest.rg000001/providers/Microsoft.Sql/servers/clitestserver000003/databases/cliautomationdb01?api-version=2017-10-01-preview
  response:
    body:
      string: '{"operation":"CreateLogicalDatabase","startTime":"2019-10-12T00:46:49.063Z"}'
    headers:
      azure-asyncoperation:
      - https://management.azure.com/subscriptions/00000000-0000-0000-0000-000000000000/resourceGroups/clitest.rg000001/providers/Microsoft.Sql/locations/westus/databaseAzureAsyncOperation/84285c80-fa17-4f31-a68d-d6b71a1a8a36?api-version=2017-10-01-preview
      cache-control:
      - no-cache
      content-length:
      - '76'
      content-type:
      - application/json; charset=utf-8
      date:
      - Sat, 12 Oct 2019 00:46:48 GMT
      expires:
      - '-1'
      location:
      - https://management.azure.com/subscriptions/00000000-0000-0000-0000-000000000000/resourceGroups/clitest.rg000001/providers/Microsoft.Sql/locations/westus/databaseOperationResults/84285c80-fa17-4f31-a68d-d6b71a1a8a36?api-version=2017-10-01-preview
      pragma:
      - no-cache
      server:
      - Microsoft-HTTPAPI/2.0
      strict-transport-security:
      - max-age=31536000; includeSubDomains
      x-content-type-options:
      - nosniff
      x-ms-ratelimit-remaining-subscription-writes:
      - '1198'
    status:
      code: 202
      message: Accepted
- request:
    body: null
    headers:
      Accept:
      - application/json
      Accept-Encoding:
      - gzip, deflate
      CommandName:
      - sql db create
      Connection:
      - keep-alive
      ParameterSetName:
      - -g --server --name
      User-Agent:
      - python/3.7.4 (Windows-10-10.0.18362-SP0) msrest/0.6.10 msrest_azure/0.6.2
        azure-mgmt-sql/0.13.0 Azure-SDK-For-Python AZURECLI/2.0.73
    method: GET
    uri: https://management.azure.com/subscriptions/00000000-0000-0000-0000-000000000000/resourceGroups/clitest.rg000001/providers/Microsoft.Sql/locations/westus/databaseAzureAsyncOperation/84285c80-fa17-4f31-a68d-d6b71a1a8a36?api-version=2017-10-01-preview
  response:
    body:
      string: '{"name":"84285c80-fa17-4f31-a68d-d6b71a1a8a36","status":"InProgress","startTime":"2019-10-12T00:46:49.063Z"}'
    headers:
      cache-control:
      - no-cache
      content-length:
      - '108'
      content-type:
      - application/json; charset=utf-8
      date:
      - Sat, 12 Oct 2019 00:47:04 GMT
      expires:
      - '-1'
      pragma:
      - no-cache
      server:
      - Microsoft-HTTPAPI/2.0
      strict-transport-security:
      - max-age=31536000; includeSubDomains
      transfer-encoding:
      - chunked
      vary:
      - Accept-Encoding
      x-content-type-options:
      - nosniff
    status:
      code: 200
      message: OK
- request:
    body: null
    headers:
      Accept:
      - application/json
      Accept-Encoding:
      - gzip, deflate
      CommandName:
      - sql db create
      Connection:
      - keep-alive
      ParameterSetName:
      - -g --server --name
      User-Agent:
      - python/3.7.4 (Windows-10-10.0.18362-SP0) msrest/0.6.10 msrest_azure/0.6.2
        azure-mgmt-sql/0.13.0 Azure-SDK-For-Python AZURECLI/2.0.73
    method: GET
    uri: https://management.azure.com/subscriptions/00000000-0000-0000-0000-000000000000/resourceGroups/clitest.rg000001/providers/Microsoft.Sql/locations/westus/databaseAzureAsyncOperation/84285c80-fa17-4f31-a68d-d6b71a1a8a36?api-version=2017-10-01-preview
  response:
    body:
      string: '{"name":"84285c80-fa17-4f31-a68d-d6b71a1a8a36","status":"Succeeded","startTime":"2019-10-12T00:46:49.063Z"}'
    headers:
      cache-control:
      - no-cache
      content-length:
      - '107'
      content-type:
      - application/json; charset=utf-8
      date:
      - Sat, 12 Oct 2019 00:47:18 GMT
      expires:
      - '-1'
      pragma:
      - no-cache
      server:
      - Microsoft-HTTPAPI/2.0
      strict-transport-security:
      - max-age=31536000; includeSubDomains
      transfer-encoding:
      - chunked
      vary:
      - Accept-Encoding
      x-content-type-options:
      - nosniff
    status:
      code: 200
      message: OK
- request:
    body: null
    headers:
      Accept:
      - application/json
      Accept-Encoding:
      - gzip, deflate
      CommandName:
      - sql db create
      Connection:
      - keep-alive
      ParameterSetName:
      - -g --server --name
      User-Agent:
      - python/3.7.4 (Windows-10-10.0.18362-SP0) msrest/0.6.10 msrest_azure/0.6.2
        azure-mgmt-sql/0.13.0 Azure-SDK-For-Python AZURECLI/2.0.73
    method: GET
    uri: https://management.azure.com/subscriptions/00000000-0000-0000-0000-000000000000/resourceGroups/clitest.rg000001/providers/Microsoft.Sql/servers/clitestserver000003/databases/cliautomationdb01?api-version=2017-10-01-preview
  response:
    body:
      string: '{"sku":{"name":"GP_Gen5","tier":"GeneralPurpose","family":"Gen5","capacity":2},"kind":"v12.0,user,vcore","properties":{"collation":"SQL_Latin1_General_CP1_CI_AS","maxSizeBytes":34359738368,"status":"Online","databaseId":"b6f09a5d-81ea-4ccf-92e1-29a8166eb86f","creationDate":"2019-10-12T00:47:13.157Z","currentServiceObjectiveName":"GP_Gen5_2","requestedServiceObjectiveName":"GP_Gen5_2","defaultSecondaryLocation":"eastus","catalogCollation":"SQL_Latin1_General_CP1_CI_AS","zoneRedundant":false,"licenseType":"LicenseIncluded","maxLogSizeBytes":10307502080,"earliestRestoreDate":"2019-10-12T01:17:13.157Z","readScale":"Disabled","readReplicaCount":0,"currentSku":{"name":"GP_Gen5","tier":"GeneralPurpose","family":"Gen5","capacity":2}},"location":"westus","id":"/subscriptions/00000000-0000-0000-0000-000000000000/resourceGroups/clitest.rg000001/providers/Microsoft.Sql/servers/clitestserver000003/databases/cliautomationdb01","name":"cliautomationdb01","type":"Microsoft.Sql/servers/databases"}'
    headers:
      cache-control:
      - no-cache
      content-length:
      - '1098'
      content-type:
      - application/json; charset=utf-8
      date:
      - Sat, 12 Oct 2019 00:47:19 GMT
      expires:
      - '-1'
      pragma:
      - no-cache
      server:
      - Microsoft-HTTPAPI/2.0
      strict-transport-security:
      - max-age=31536000; includeSubDomains
      transfer-encoding:
      - chunked
      vary:
      - Accept-Encoding
      x-content-type-options:
      - nosniff
    status:
      code: 200
      message: OK
- request:
    body: null
    headers:
      Accept:
      - application/json
      Accept-Encoding:
      - gzip, deflate
      CommandName:
      - sql db copy
      Connection:
      - keep-alive
      ParameterSetName:
      - -g --server --name --dest-name
      User-Agent:
      - python/3.7.4 (Windows-10-10.0.18362-SP0) msrest/0.6.10 msrest_azure/0.6.2
        azure-mgmt-sql/0.13.0 Azure-SDK-For-Python AZURECLI/2.0.73
      accept-language:
      - en-US
    method: GET
    uri: https://management.azure.com/subscriptions/00000000-0000-0000-0000-000000000000/resourceGroups/clitest.rg000001/providers/Microsoft.Sql/servers/clitestserver000003?api-version=2015-05-01-preview
  response:
    body:
      string: '{"kind":"v12.0","properties":{"administratorLogin":"admin123","version":"12.0","state":"Ready","fullyQualifiedDomainName":"clitestserver000003.database.windows.net"},"location":"westus","id":"/subscriptions/00000000-0000-0000-0000-000000000000/resourceGroups/clitest.rg000001/providers/Microsoft.Sql/servers/clitestserver000003","name":"clitestserver000003","type":"Microsoft.Sql/servers"}'
    headers:
      cache-control:
      - no-cache
      content-length:
      - '580'
      content-type:
      - application/json; charset=utf-8
      date:
      - Sat, 12 Oct 2019 00:47:20 GMT
      expires:
      - '-1'
      pragma:
      - no-cache
      server:
      - Microsoft-HTTPAPI/2.0
      strict-transport-security:
      - max-age=31536000; includeSubDomains
      transfer-encoding:
      - chunked
      vary:
      - Accept-Encoding
      x-content-type-options:
      - nosniff
    status:
      code: 200
      message: OK
- request:
    body: 'b''b\''{"location": "westus", "properties": {"createMode": "Copy", "sourceDatabaseId":
      "/subscriptions/00000000-0000-0000-0000-000000000000/resourceGroups/clitest.rg000001/providers/Microsoft.Sql/servers/clitestserver000003/databases/cliautomationdb01"}}\'''''
    headers:
      Accept:
      - application/json
      Accept-Encoding:
      - gzip, deflate
      CommandName:
      - sql db copy
      Connection:
      - keep-alive
      Content-Length:
      - '350'
      Content-Type:
      - application/json; charset=utf-8
      ParameterSetName:
      - -g --server --name --dest-name
      User-Agent:
      - python/3.7.4 (Windows-10-10.0.18362-SP0) msrest/0.6.10 msrest_azure/0.6.2
        azure-mgmt-sql/0.13.0 Azure-SDK-For-Python AZURECLI/2.0.73
      accept-language:
      - en-US
    method: PUT
    uri: https://management.azure.com/subscriptions/00000000-0000-0000-0000-000000000000/resourceGroups/clitest.rg000001/providers/Microsoft.Sql/servers/clitestserver000003/databases/cliautomationdb02?api-version=2017-10-01-preview
  response:
    body:
      string: '{"operation":"CreateDatabaseAsCopy","startTime":"2019-10-12T00:47:21.06Z"}'
    headers:
      azure-asyncoperation:
      - https://management.azure.com/subscriptions/00000000-0000-0000-0000-000000000000/resourceGroups/clitest.rg000001/providers/Microsoft.Sql/locations/westus/databaseAzureAsyncOperation/11ab8cc9-cd59-4f45-8e5b-68b8d464f855?api-version=2017-10-01-preview
      cache-control:
      - no-cache
      content-length:
      - '74'
      content-type:
      - application/json; charset=utf-8
      date:
      - Sat, 12 Oct 2019 00:47:20 GMT
      expires:
      - '-1'
      location:
      - https://management.azure.com/subscriptions/00000000-0000-0000-0000-000000000000/resourceGroups/clitest.rg000001/providers/Microsoft.Sql/locations/westus/databaseOperationResults/11ab8cc9-cd59-4f45-8e5b-68b8d464f855?api-version=2017-10-01-preview
      pragma:
      - no-cache
      server:
      - Microsoft-HTTPAPI/2.0
      strict-transport-security:
      - max-age=31536000; includeSubDomains
      x-content-type-options:
      - nosniff
      x-ms-ratelimit-remaining-subscription-writes:
      - '1199'
    status:
      code: 202
      message: Accepted
- request:
    body: null
    headers:
      Accept:
      - application/json
      Accept-Encoding:
      - gzip, deflate
      CommandName:
      - sql db copy
      Connection:
      - keep-alive
      ParameterSetName:
      - -g --server --name --dest-name
      User-Agent:
      - python/3.7.4 (Windows-10-10.0.18362-SP0) msrest/0.6.10 msrest_azure/0.6.2
        azure-mgmt-sql/0.13.0 Azure-SDK-For-Python AZURECLI/2.0.73
    method: GET
    uri: https://management.azure.com/subscriptions/00000000-0000-0000-0000-000000000000/resourceGroups/clitest.rg000001/providers/Microsoft.Sql/locations/westus/databaseAzureAsyncOperation/11ab8cc9-cd59-4f45-8e5b-68b8d464f855?api-version=2017-10-01-preview
  response:
    body:
      string: '{"name":"11ab8cc9-cd59-4f45-8e5b-68b8d464f855","status":"InProgress","startTime":"2019-10-12T00:47:21.217Z"}'
    headers:
      cache-control:
      - no-cache
      content-length:
      - '108'
      content-type:
      - application/json; charset=utf-8
      date:
      - Sat, 12 Oct 2019 00:47:35 GMT
      expires:
      - '-1'
      pragma:
      - no-cache
      server:
      - Microsoft-HTTPAPI/2.0
      strict-transport-security:
      - max-age=31536000; includeSubDomains
      transfer-encoding:
      - chunked
      vary:
      - Accept-Encoding
      x-content-type-options:
      - nosniff
    status:
      code: 200
      message: OK
- request:
    body: null
    headers:
      Accept:
      - application/json
      Accept-Encoding:
      - gzip, deflate
      CommandName:
      - sql db copy
      Connection:
      - keep-alive
      ParameterSetName:
      - -g --server --name --dest-name
      User-Agent:
      - python/3.7.4 (Windows-10-10.0.18362-SP0) msrest/0.6.10 msrest_azure/0.6.2
        azure-mgmt-sql/0.13.0 Azure-SDK-For-Python AZURECLI/2.0.73
    method: GET
    uri: https://management.azure.com/subscriptions/00000000-0000-0000-0000-000000000000/resourceGroups/clitest.rg000001/providers/Microsoft.Sql/locations/westus/databaseAzureAsyncOperation/11ab8cc9-cd59-4f45-8e5b-68b8d464f855?api-version=2017-10-01-preview
  response:
    body:
      string: '{"name":"11ab8cc9-cd59-4f45-8e5b-68b8d464f855","status":"InProgress","startTime":"2019-10-12T00:47:21.217Z"}'
    headers:
      cache-control:
      - no-cache
      content-length:
      - '108'
      content-type:
      - application/json; charset=utf-8
      date:
      - Sat, 12 Oct 2019 00:47:51 GMT
      expires:
      - '-1'
      pragma:
      - no-cache
      server:
      - Microsoft-HTTPAPI/2.0
      strict-transport-security:
      - max-age=31536000; includeSubDomains
      transfer-encoding:
      - chunked
      vary:
      - Accept-Encoding
      x-content-type-options:
      - nosniff
    status:
      code: 200
      message: OK
- request:
    body: null
    headers:
      Accept:
      - application/json
      Accept-Encoding:
      - gzip, deflate
      CommandName:
      - sql db copy
      Connection:
      - keep-alive
      ParameterSetName:
      - -g --server --name --dest-name
      User-Agent:
      - python/3.7.4 (Windows-10-10.0.18362-SP0) msrest/0.6.10 msrest_azure/0.6.2
        azure-mgmt-sql/0.13.0 Azure-SDK-For-Python AZURECLI/2.0.73
    method: GET
    uri: https://management.azure.com/subscriptions/00000000-0000-0000-0000-000000000000/resourceGroups/clitest.rg000001/providers/Microsoft.Sql/locations/westus/databaseAzureAsyncOperation/11ab8cc9-cd59-4f45-8e5b-68b8d464f855?api-version=2017-10-01-preview
  response:
    body:
      string: '{"name":"11ab8cc9-cd59-4f45-8e5b-68b8d464f855","status":"InProgress","startTime":"2019-10-12T00:47:21.217Z"}'
    headers:
      cache-control:
      - no-cache
      content-length:
      - '108'
      content-type:
      - application/json; charset=utf-8
      date:
      - Sat, 12 Oct 2019 00:48:06 GMT
      expires:
      - '-1'
      pragma:
      - no-cache
      server:
      - Microsoft-HTTPAPI/2.0
      strict-transport-security:
      - max-age=31536000; includeSubDomains
      transfer-encoding:
      - chunked
      vary:
      - Accept-Encoding
      x-content-type-options:
      - nosniff
    status:
      code: 200
      message: OK
- request:
    body: null
    headers:
      Accept:
      - application/json
      Accept-Encoding:
      - gzip, deflate
      CommandName:
      - sql db copy
      Connection:
      - keep-alive
      ParameterSetName:
      - -g --server --name --dest-name
      User-Agent:
      - python/3.7.4 (Windows-10-10.0.18362-SP0) msrest/0.6.10 msrest_azure/0.6.2
        azure-mgmt-sql/0.13.0 Azure-SDK-For-Python AZURECLI/2.0.73
    method: GET
    uri: https://management.azure.com/subscriptions/00000000-0000-0000-0000-000000000000/resourceGroups/clitest.rg000001/providers/Microsoft.Sql/locations/westus/databaseAzureAsyncOperation/11ab8cc9-cd59-4f45-8e5b-68b8d464f855?api-version=2017-10-01-preview
  response:
    body:
      string: '{"name":"11ab8cc9-cd59-4f45-8e5b-68b8d464f855","status":"InProgress","startTime":"2019-10-12T00:47:21.217Z"}'
    headers:
      cache-control:
      - no-cache
      content-length:
      - '108'
      content-type:
      - application/json; charset=utf-8
      date:
      - Sat, 12 Oct 2019 00:48:21 GMT
      expires:
      - '-1'
      pragma:
      - no-cache
      server:
      - Microsoft-HTTPAPI/2.0
      strict-transport-security:
      - max-age=31536000; includeSubDomains
      transfer-encoding:
      - chunked
      vary:
      - Accept-Encoding
      x-content-type-options:
      - nosniff
    status:
      code: 200
      message: OK
- request:
    body: null
    headers:
      Accept:
      - application/json
      Accept-Encoding:
      - gzip, deflate
      CommandName:
      - sql db copy
      Connection:
      - keep-alive
      ParameterSetName:
      - -g --server --name --dest-name
      User-Agent:
      - python/3.7.4 (Windows-10-10.0.18362-SP0) msrest/0.6.10 msrest_azure/0.6.2
        azure-mgmt-sql/0.13.0 Azure-SDK-For-Python AZURECLI/2.0.73
    method: GET
    uri: https://management.azure.com/subscriptions/00000000-0000-0000-0000-000000000000/resourceGroups/clitest.rg000001/providers/Microsoft.Sql/locations/westus/databaseAzureAsyncOperation/11ab8cc9-cd59-4f45-8e5b-68b8d464f855?api-version=2017-10-01-preview
  response:
    body:
      string: '{"name":"11ab8cc9-cd59-4f45-8e5b-68b8d464f855","status":"InProgress","startTime":"2019-10-12T00:47:21.217Z"}'
    headers:
      cache-control:
      - no-cache
      content-length:
      - '108'
      content-type:
      - application/json; charset=utf-8
      date:
      - Sat, 12 Oct 2019 00:48:36 GMT
      expires:
      - '-1'
      pragma:
      - no-cache
      server:
      - Microsoft-HTTPAPI/2.0
      strict-transport-security:
      - max-age=31536000; includeSubDomains
      transfer-encoding:
      - chunked
      vary:
      - Accept-Encoding
      x-content-type-options:
      - nosniff
    status:
      code: 200
      message: OK
- request:
    body: null
    headers:
      Accept:
      - application/json
      Accept-Encoding:
      - gzip, deflate
      CommandName:
      - sql db copy
      Connection:
      - keep-alive
      ParameterSetName:
      - -g --server --name --dest-name
      User-Agent:
      - python/3.7.4 (Windows-10-10.0.18362-SP0) msrest/0.6.10 msrest_azure/0.6.2
        azure-mgmt-sql/0.13.0 Azure-SDK-For-Python AZURECLI/2.0.73
    method: GET
    uri: https://management.azure.com/subscriptions/00000000-0000-0000-0000-000000000000/resourceGroups/clitest.rg000001/providers/Microsoft.Sql/locations/westus/databaseAzureAsyncOperation/11ab8cc9-cd59-4f45-8e5b-68b8d464f855?api-version=2017-10-01-preview
  response:
    body:
      string: '{"name":"11ab8cc9-cd59-4f45-8e5b-68b8d464f855","status":"Succeeded","startTime":"2019-10-12T00:47:21.217Z"}'
    headers:
      cache-control:
      - no-cache
      content-length:
      - '107'
      content-type:
      - application/json; charset=utf-8
      date:
      - Sat, 12 Oct 2019 00:48:51 GMT
      expires:
      - '-1'
      pragma:
      - no-cache
      server:
      - Microsoft-HTTPAPI/2.0
      strict-transport-security:
      - max-age=31536000; includeSubDomains
      transfer-encoding:
      - chunked
      vary:
      - Accept-Encoding
      x-content-type-options:
      - nosniff
    status:
      code: 200
      message: OK
- request:
    body: null
    headers:
      Accept:
      - application/json
      Accept-Encoding:
      - gzip, deflate
      CommandName:
      - sql db copy
      Connection:
      - keep-alive
      ParameterSetName:
      - -g --server --name --dest-name
      User-Agent:
      - python/3.7.4 (Windows-10-10.0.18362-SP0) msrest/0.6.10 msrest_azure/0.6.2
        azure-mgmt-sql/0.13.0 Azure-SDK-For-Python AZURECLI/2.0.73
    method: GET
    uri: https://management.azure.com/subscriptions/00000000-0000-0000-0000-000000000000/resourceGroups/clitest.rg000001/providers/Microsoft.Sql/servers/clitestserver000003/databases/cliautomationdb02?api-version=2017-10-01-preview
  response:
    body:
      string: '{"sku":{"name":"GP_Gen5","tier":"GeneralPurpose","family":"Gen5","capacity":2},"kind":"v12.0,user,vcore","properties":{"collation":"SQL_Latin1_General_CP1_CI_AS","maxSizeBytes":34359738368,"status":"Online","databaseId":"de3739c2-cc46-4e32-9033-39aee45845de","creationDate":"2019-10-12T00:48:36.38Z","currentServiceObjectiveName":"GP_Gen5_2","requestedServiceObjectiveName":"GP_Gen5_2","defaultSecondaryLocation":"eastus","catalogCollation":"SQL_Latin1_General_CP1_CI_AS","zoneRedundant":false,"licenseType":"LicenseIncluded","maxLogSizeBytes":10307502080,"earliestRestoreDate":"2019-10-12T01:18:36.38Z","readScale":"Disabled","readReplicaCount":0,"currentSku":{"name":"GP_Gen5","tier":"GeneralPurpose","family":"Gen5","capacity":2}},"location":"westus","id":"/subscriptions/00000000-0000-0000-0000-000000000000/resourceGroups/clitest.rg000001/providers/Microsoft.Sql/servers/clitestserver000003/databases/cliautomationdb02","name":"cliautomationdb02","type":"Microsoft.Sql/servers/databases"}'
    headers:
      cache-control:
      - no-cache
      content-length:
      - '1096'
      content-type:
      - application/json; charset=utf-8
      date:
      - Sat, 12 Oct 2019 00:48:51 GMT
      expires:
      - '-1'
      pragma:
      - no-cache
      server:
      - Microsoft-HTTPAPI/2.0
      strict-transport-security:
      - max-age=31536000; includeSubDomains
      transfer-encoding:
      - chunked
      vary:
      - Accept-Encoding
      x-content-type-options:
      - nosniff
    status:
      code: 200
      message: OK
- request:
    body: null
    headers:
      Accept:
      - application/json
      Accept-Encoding:
      - gzip, deflate
      CommandName:
      - sql db copy
      Connection:
      - keep-alive
      ParameterSetName:
      - -g --server --name --dest-name --service-objective
      User-Agent:
      - python/3.7.4 (Windows-10-10.0.18362-SP0) msrest/0.6.10 msrest_azure/0.6.2
        azure-mgmt-sql/0.13.0 Azure-SDK-For-Python AZURECLI/2.0.73
      accept-language:
      - en-US
    method: GET
    uri: https://management.azure.com/subscriptions/00000000-0000-0000-0000-000000000000/resourceGroups/clitest.rg000001/providers/Microsoft.Sql/servers/clitestserver000003/databases/cliautomationdb01?api-version=2017-10-01-preview
  response:
    body:
      string: '{"sku":{"name":"GP_Gen5","tier":"GeneralPurpose","family":"Gen5","capacity":2},"kind":"v12.0,user,vcore","properties":{"collation":"SQL_Latin1_General_CP1_CI_AS","maxSizeBytes":34359738368,"status":"Online","databaseId":"b6f09a5d-81ea-4ccf-92e1-29a8166eb86f","creationDate":"2019-10-12T00:47:13.157Z","currentServiceObjectiveName":"GP_Gen5_2","requestedServiceObjectiveName":"GP_Gen5_2","defaultSecondaryLocation":"eastus","catalogCollation":"SQL_Latin1_General_CP1_CI_AS","zoneRedundant":false,"licenseType":"LicenseIncluded","maxLogSizeBytes":10307502080,"earliestRestoreDate":"2019-10-12T00:48:31.78Z","readScale":"Disabled","readReplicaCount":0,"currentSku":{"name":"GP_Gen5","tier":"GeneralPurpose","family":"Gen5","capacity":2}},"location":"westus","id":"/subscriptions/00000000-0000-0000-0000-000000000000/resourceGroups/clitest.rg000001/providers/Microsoft.Sql/servers/clitestserver000003/databases/cliautomationdb01","name":"cliautomationdb01","type":"Microsoft.Sql/servers/databases"}'
    headers:
      cache-control:
      - no-cache
      content-length:
      - '1097'
      content-type:
      - application/json; charset=utf-8
      date:
      - Sat, 12 Oct 2019 00:48:52 GMT
      expires:
      - '-1'
      pragma:
      - no-cache
      server:
      - Microsoft-HTTPAPI/2.0
      strict-transport-security:
      - max-age=31536000; includeSubDomains
      transfer-encoding:
      - chunked
      vary:
      - Accept-Encoding
      x-content-type-options:
      - nosniff
    status:
      code: 200
      message: OK
- request:
    body: null
    headers:
      Accept:
      - application/json
      Accept-Encoding:
      - gzip, deflate
      CommandName:
      - sql db copy
      Connection:
      - keep-alive
      ParameterSetName:
      - -g --server --name --dest-name --service-objective
      User-Agent:
      - python/3.7.4 (Windows-10-10.0.18362-SP0) msrest/0.6.10 msrest_azure/0.6.2
        azure-mgmt-sql/0.13.0 Azure-SDK-For-Python AZURECLI/2.0.73
      accept-language:
      - en-US
    method: GET
    uri: https://management.azure.com/subscriptions/00000000-0000-0000-0000-000000000000/resourceGroups/clitest.rg000001/providers/Microsoft.Sql/servers/clitestserver000003?api-version=2015-05-01-preview
  response:
    body:
      string: '{"kind":"v12.0","properties":{"administratorLogin":"admin123","version":"12.0","state":"Ready","fullyQualifiedDomainName":"clitestserver000003.database.windows.net"},"location":"westus","id":"/subscriptions/00000000-0000-0000-0000-000000000000/resourceGroups/clitest.rg000001/providers/Microsoft.Sql/servers/clitestserver000003","name":"clitestserver000003","type":"Microsoft.Sql/servers"}'
    headers:
      cache-control:
      - no-cache
      content-length:
      - '580'
      content-type:
      - application/json; charset=utf-8
      date:
      - Sat, 12 Oct 2019 00:48:53 GMT
      expires:
      - '-1'
      pragma:
      - no-cache
      server:
      - Microsoft-HTTPAPI/2.0
      strict-transport-security:
      - max-age=31536000; includeSubDomains
      transfer-encoding:
      - chunked
      vary:
      - Accept-Encoding
      x-content-type-options:
      - nosniff
    status:
      code: 200
      message: OK
- request:
    body: 'b''b\''{"location": "westus", "sku": {"name": "S1", "tier": "GeneralPurpose"},
      "properties": {"createMode": "Copy", "sourceDatabaseId": "/subscriptions/00000000-0000-0000-0000-000000000000/resourceGroups/clitest.rg000001/providers/Microsoft.Sql/servers/clitestserver000003/databases/cliautomationdb01"}}\'''''
    headers:
      Accept:
      - application/json
      Accept-Encoding:
      - gzip, deflate
      CommandName:
      - sql db copy
      Connection:
      - keep-alive
      Content-Length:
      - '399'
      Content-Type:
      - application/json; charset=utf-8
      ParameterSetName:
      - -g --server --name --dest-name --service-objective
      User-Agent:
      - python/3.7.4 (Windows-10-10.0.18362-SP0) msrest/0.6.10 msrest_azure/0.6.2
        azure-mgmt-sql/0.13.0 Azure-SDK-For-Python AZURECLI/2.0.73
      accept-language:
      - en-US
    method: PUT
    uri: https://management.azure.com/subscriptions/00000000-0000-0000-0000-000000000000/resourceGroups/clitest.rg000001/providers/Microsoft.Sql/servers/clitestserver000003/databases/cliautomationdb02?api-version=2017-10-01-preview
  response:
    body:
      string: '{"error":{"code":"InvalidSkuName","message":"Invalid SKU name ''S1''."}}'
    headers:
      cache-control:
      - no-cache
      content-length:
      - '70'
      content-type:
      - application/json; charset=utf-8
      date:
      - Sat, 12 Oct 2019 00:48:53 GMT
      expires:
      - '-1'
      pragma:
      - no-cache
      server:
      - Microsoft-HTTPAPI/2.0
      strict-transport-security:
      - max-age=31536000; includeSubDomains
      x-content-type-options:
      - nosniff
      x-ms-ratelimit-remaining-subscription-writes:
      - '1199'
    status:
      code: 400
      message: Bad Request
version: 1
