interactions:
- request:
    body: '{"location": "eastus", "properties": {"administratorLogin": "admin123",
      "administratorLoginPassword": "SecretPassword123", "administrators": {}}}'
    headers:
      Accept:
      - application/json
      Accept-Encoding:
      - gzip, deflate
      CommandName:
      - sql server create
      Connection:
      - keep-alive
      Content-Length:
      - '145'
      Content-Type:
      - application/json
      ParameterSetName:
      - -l -g -n -u -p
      User-Agent:
      - AZURECLI/2.40.0 azsdk-python-mgmt-sql/4.0.0b4 Python/3.8.3 (Windows-10-10.0.17763-SP0)
    method: PUT
    uri: https://management.azure.com/subscriptions/00000000-0000-0000-0000-000000000000/resourceGroups/clitest.rg000001/providers/Microsoft.Sql/servers/clitestserver000002?api-version=2021-02-01-preview
  response:
    body:
      string: '{"operation":"UpsertLogicalServer","startTime":"2022-10-05T16:02:26.783Z"}'
    headers:
      azure-asyncoperation:
      - https://management.azure.com/subscriptions/00000000-0000-0000-0000-000000000000/resourceGroups/clitest.rg000001/providers/Microsoft.Sql/locations/eastus/serverAzureAsyncOperation/1c562456-2222-4377-8785-cc5fe4dea36a?api-version=2021-02-01-preview
      cache-control:
      - no-cache
      content-length:
      - '74'
      content-type:
      - application/json; charset=utf-8
      date:
      - Wed, 05 Oct 2022 16:02:26 GMT
      expires:
      - '-1'
      location:
      - https://management.azure.com/subscriptions/00000000-0000-0000-0000-000000000000/resourceGroups/clitest.rg000001/providers/Microsoft.Sql/locations/eastus/serverOperationResults/1c562456-2222-4377-8785-cc5fe4dea36a?api-version=2021-02-01-preview
      pragma:
      - no-cache
      server:
      - Microsoft-HTTPAPI/2.0
      strict-transport-security:
      - max-age=31536000; includeSubDomains
      x-content-type-options:
      - nosniff
      x-ms-ratelimit-remaining-subscription-writes:
      - '1198'
    status:
      code: 202
      message: Accepted
- request:
    body: null
    headers:
      Accept:
      - '*/*'
      Accept-Encoding:
      - gzip, deflate
      CommandName:
      - sql server create
      Connection:
      - keep-alive
      ParameterSetName:
      - -l -g -n -u -p
      User-Agent:
      - AZURECLI/2.40.0 azsdk-python-mgmt-sql/4.0.0b4 Python/3.8.3 (Windows-10-10.0.17763-SP0)
    method: GET
    uri: https://management.azure.com/subscriptions/00000000-0000-0000-0000-000000000000/resourceGroups/clitest.rg000001/providers/Microsoft.Sql/locations/eastus/serverAzureAsyncOperation/1c562456-2222-4377-8785-cc5fe4dea36a?api-version=2021-02-01-preview
  response:
    body:
      string: '{"name":"1c562456-2222-4377-8785-cc5fe4dea36a","status":"InProgress","startTime":"2022-10-05T16:02:26.783Z"}'
    headers:
      cache-control:
      - no-cache
      content-length:
      - '108'
      content-type:
      - application/json; charset=utf-8
      date:
      - Wed, 05 Oct 2022 16:02:27 GMT
      expires:
      - '-1'
      pragma:
      - no-cache
      server:
      - Microsoft-HTTPAPI/2.0
      strict-transport-security:
      - max-age=31536000; includeSubDomains
      transfer-encoding:
      - chunked
      vary:
      - Accept-Encoding
      x-content-type-options:
      - nosniff
    status:
      code: 200
      message: OK
- request:
    body: null
    headers:
      Accept:
      - '*/*'
      Accept-Encoding:
      - gzip, deflate
      CommandName:
      - sql server create
      Connection:
      - keep-alive
      ParameterSetName:
      - -l -g -n -u -p
      User-Agent:
      - AZURECLI/2.40.0 azsdk-python-mgmt-sql/4.0.0b4 Python/3.8.3 (Windows-10-10.0.17763-SP0)
    method: GET
    uri: https://management.azure.com/subscriptions/00000000-0000-0000-0000-000000000000/resourceGroups/clitest.rg000001/providers/Microsoft.Sql/locations/eastus/serverAzureAsyncOperation/1c562456-2222-4377-8785-cc5fe4dea36a?api-version=2021-02-01-preview
  response:
    body:
      string: '{"name":"1c562456-2222-4377-8785-cc5fe4dea36a","status":"InProgress","startTime":"2022-10-05T16:02:26.783Z"}'
    headers:
      cache-control:
      - no-cache
      content-length:
      - '108'
      content-type:
      - application/json; charset=utf-8
      date:
      - Wed, 05 Oct 2022 16:02:28 GMT
      expires:
      - '-1'
      pragma:
      - no-cache
      server:
      - Microsoft-HTTPAPI/2.0
      strict-transport-security:
      - max-age=31536000; includeSubDomains
      transfer-encoding:
      - chunked
      vary:
      - Accept-Encoding
      x-content-type-options:
      - nosniff
    status:
      code: 200
      message: OK
- request:
    body: null
    headers:
      Accept:
      - '*/*'
      Accept-Encoding:
      - gzip, deflate
      CommandName:
      - sql server create
      Connection:
      - keep-alive
      ParameterSetName:
      - -l -g -n -u -p
      User-Agent:
      - AZURECLI/2.40.0 azsdk-python-mgmt-sql/4.0.0b4 Python/3.8.3 (Windows-10-10.0.17763-SP0)
    method: GET
    uri: https://management.azure.com/subscriptions/00000000-0000-0000-0000-000000000000/resourceGroups/clitest.rg000001/providers/Microsoft.Sql/locations/eastus/serverAzureAsyncOperation/1c562456-2222-4377-8785-cc5fe4dea36a?api-version=2021-02-01-preview
  response:
    body:
      string: '{"name":"1c562456-2222-4377-8785-cc5fe4dea36a","status":"InProgress","startTime":"2022-10-05T16:02:26.783Z"}'
    headers:
      cache-control:
      - no-cache
      content-length:
      - '108'
      content-type:
      - application/json; charset=utf-8
      date:
      - Wed, 05 Oct 2022 16:02:29 GMT
      expires:
      - '-1'
      pragma:
      - no-cache
      server:
      - Microsoft-HTTPAPI/2.0
      strict-transport-security:
      - max-age=31536000; includeSubDomains
      transfer-encoding:
      - chunked
      vary:
      - Accept-Encoding
      x-content-type-options:
      - nosniff
    status:
      code: 200
      message: OK
- request:
    body: null
    headers:
      Accept:
      - '*/*'
      Accept-Encoding:
      - gzip, deflate
      CommandName:
      - sql server create
      Connection:
      - keep-alive
      ParameterSetName:
      - -l -g -n -u -p
      User-Agent:
      - AZURECLI/2.40.0 azsdk-python-mgmt-sql/4.0.0b4 Python/3.8.3 (Windows-10-10.0.17763-SP0)
    method: GET
    uri: https://management.azure.com/subscriptions/00000000-0000-0000-0000-000000000000/resourceGroups/clitest.rg000001/providers/Microsoft.Sql/locations/eastus/serverAzureAsyncOperation/1c562456-2222-4377-8785-cc5fe4dea36a?api-version=2021-02-01-preview
  response:
    body:
      string: '{"name":"1c562456-2222-4377-8785-cc5fe4dea36a","status":"InProgress","startTime":"2022-10-05T16:02:26.783Z"}'
    headers:
      cache-control:
      - no-cache
      content-length:
      - '108'
      content-type:
      - application/json; charset=utf-8
      date:
      - Wed, 05 Oct 2022 16:02:30 GMT
      expires:
      - '-1'
      pragma:
      - no-cache
      server:
      - Microsoft-HTTPAPI/2.0
      strict-transport-security:
      - max-age=31536000; includeSubDomains
      transfer-encoding:
      - chunked
      vary:
      - Accept-Encoding
      x-content-type-options:
      - nosniff
    status:
      code: 200
      message: OK
- request:
    body: null
    headers:
      Accept:
      - '*/*'
      Accept-Encoding:
      - gzip, deflate
      CommandName:
      - sql server create
      Connection:
      - keep-alive
      ParameterSetName:
      - -l -g -n -u -p
      User-Agent:
      - AZURECLI/2.40.0 azsdk-python-mgmt-sql/4.0.0b4 Python/3.8.3 (Windows-10-10.0.17763-SP0)
    method: GET
    uri: https://management.azure.com/subscriptions/00000000-0000-0000-0000-000000000000/resourceGroups/clitest.rg000001/providers/Microsoft.Sql/locations/eastus/serverAzureAsyncOperation/1c562456-2222-4377-8785-cc5fe4dea36a?api-version=2021-02-01-preview
  response:
    body:
      string: '{"name":"1c562456-2222-4377-8785-cc5fe4dea36a","status":"InProgress","startTime":"2022-10-05T16:02:26.783Z"}'
    headers:
      cache-control:
      - no-cache
      content-length:
      - '108'
      content-type:
      - application/json; charset=utf-8
      date:
      - Wed, 05 Oct 2022 16:02:31 GMT
      expires:
      - '-1'
      pragma:
      - no-cache
      server:
      - Microsoft-HTTPAPI/2.0
      strict-transport-security:
      - max-age=31536000; includeSubDomains
      transfer-encoding:
      - chunked
      vary:
      - Accept-Encoding
      x-content-type-options:
      - nosniff
    status:
      code: 200
      message: OK
- request:
    body: null
    headers:
      Accept:
      - '*/*'
      Accept-Encoding:
      - gzip, deflate
      CommandName:
      - sql server create
      Connection:
      - keep-alive
      ParameterSetName:
      - -l -g -n -u -p
      User-Agent:
      - AZURECLI/2.40.0 azsdk-python-mgmt-sql/4.0.0b4 Python/3.8.3 (Windows-10-10.0.17763-SP0)
    method: GET
    uri: https://management.azure.com/subscriptions/00000000-0000-0000-0000-000000000000/resourceGroups/clitest.rg000001/providers/Microsoft.Sql/locations/eastus/serverAzureAsyncOperation/1c562456-2222-4377-8785-cc5fe4dea36a?api-version=2021-02-01-preview
  response:
    body:
      string: '{"name":"1c562456-2222-4377-8785-cc5fe4dea36a","status":"InProgress","startTime":"2022-10-05T16:02:26.783Z"}'
    headers:
      cache-control:
      - no-cache
      content-length:
      - '108'
      content-type:
      - application/json; charset=utf-8
      date:
      - Wed, 05 Oct 2022 16:02:51 GMT
      expires:
      - '-1'
      pragma:
      - no-cache
      server:
      - Microsoft-HTTPAPI/2.0
      strict-transport-security:
      - max-age=31536000; includeSubDomains
      transfer-encoding:
      - chunked
      vary:
      - Accept-Encoding
      x-content-type-options:
      - nosniff
    status:
      code: 200
      message: OK
- request:
    body: null
    headers:
      Accept:
      - '*/*'
      Accept-Encoding:
      - gzip, deflate
      CommandName:
      - sql server create
      Connection:
      - keep-alive
      ParameterSetName:
      - -l -g -n -u -p
      User-Agent:
      - AZURECLI/2.40.0 azsdk-python-mgmt-sql/4.0.0b4 Python/3.8.3 (Windows-10-10.0.17763-SP0)
    method: GET
    uri: https://management.azure.com/subscriptions/00000000-0000-0000-0000-000000000000/resourceGroups/clitest.rg000001/providers/Microsoft.Sql/locations/eastus/serverAzureAsyncOperation/1c562456-2222-4377-8785-cc5fe4dea36a?api-version=2021-02-01-preview
  response:
    body:
      string: '{"name":"1c562456-2222-4377-8785-cc5fe4dea36a","status":"InProgress","startTime":"2022-10-05T16:02:26.783Z"}'
    headers:
      cache-control:
      - no-cache
      content-length:
      - '108'
      content-type:
      - application/json; charset=utf-8
      date:
      - Wed, 05 Oct 2022 16:03:12 GMT
      expires:
      - '-1'
      pragma:
      - no-cache
      server:
      - Microsoft-HTTPAPI/2.0
      strict-transport-security:
      - max-age=31536000; includeSubDomains
      transfer-encoding:
      - chunked
      vary:
      - Accept-Encoding
      x-content-type-options:
      - nosniff
    status:
      code: 200
      message: OK
- request:
    body: null
    headers:
      Accept:
      - '*/*'
      Accept-Encoding:
      - gzip, deflate
      CommandName:
      - sql server create
      Connection:
      - keep-alive
      ParameterSetName:
      - -l -g -n -u -p
      User-Agent:
      - AZURECLI/2.40.0 azsdk-python-mgmt-sql/4.0.0b4 Python/3.8.3 (Windows-10-10.0.17763-SP0)
    method: GET
    uri: https://management.azure.com/subscriptions/00000000-0000-0000-0000-000000000000/resourceGroups/clitest.rg000001/providers/Microsoft.Sql/locations/eastus/serverAzureAsyncOperation/1c562456-2222-4377-8785-cc5fe4dea36a?api-version=2021-02-01-preview
  response:
    body:
      string: '{"name":"1c562456-2222-4377-8785-cc5fe4dea36a","status":"Succeeded","startTime":"2022-10-05T16:02:26.783Z"}'
    headers:
      cache-control:
      - no-cache
      content-length:
      - '107'
      content-type:
      - application/json; charset=utf-8
      date:
      - Wed, 05 Oct 2022 16:03:32 GMT
      expires:
      - '-1'
      pragma:
      - no-cache
      server:
      - Microsoft-HTTPAPI/2.0
      strict-transport-security:
      - max-age=31536000; includeSubDomains
      transfer-encoding:
      - chunked
      vary:
      - Accept-Encoding
      x-content-type-options:
      - nosniff
    status:
      code: 200
      message: OK
- request:
    body: null
    headers:
      Accept:
      - '*/*'
      Accept-Encoding:
      - gzip, deflate
      CommandName:
      - sql server create
      Connection:
      - keep-alive
      ParameterSetName:
      - -l -g -n -u -p
      User-Agent:
      - AZURECLI/2.40.0 azsdk-python-mgmt-sql/4.0.0b4 Python/3.8.3 (Windows-10-10.0.17763-SP0)
    method: GET
    uri: https://management.azure.com/subscriptions/00000000-0000-0000-0000-000000000000/resourceGroups/clitest.rg000001/providers/Microsoft.Sql/servers/clitestserver000002?api-version=2021-02-01-preview
  response:
    body:
      string: '{"kind":"v12.0","properties":{"administratorLogin":"admin123","version":"12.0","state":"Ready","fullyQualifiedDomainName":"clitestserver000002.database.windows.net","privateEndpointConnections":[],"publicNetworkAccess":"Enabled","restrictOutboundNetworkAccess":"Disabled"},"location":"eastus","id":"/subscriptions/00000000-0000-0000-0000-000000000000/resourceGroups/clitest.rg000001/providers/Microsoft.Sql/servers/clitestserver000002","name":"clitestserver000002","type":"Microsoft.Sql/servers"}'
    headers:
      cache-control:
      - no-cache
      content-length:
      - '496'
      content-type:
      - application/json; charset=utf-8
      date:
      - Wed, 05 Oct 2022 16:03:33 GMT
      expires:
      - '-1'
      pragma:
      - no-cache
      server:
      - Microsoft-HTTPAPI/2.0
      strict-transport-security:
      - max-age=31536000; includeSubDomains
      transfer-encoding:
      - chunked
      vary:
      - Accept-Encoding
      x-content-type-options:
      - nosniff
    status:
      code: 200
      message: OK
- request:
    body: '{"properties": {"startIpAddress": "0.0.0.0", "endIpAddress": "0.0.0.0"}}'
    headers:
      Accept:
      - application/json
      Accept-Encoding:
      - gzip, deflate
      CommandName:
      - sql server firewall-rule create
      Connection:
      - keep-alive
      Content-Length:
      - '72'
      Content-Type:
      - application/json
      ParameterSetName:
      - --name -g --server --start-ip-address --end-ip-address
      User-Agent:
      - AZURECLI/2.40.0 azsdk-python-mgmt-sql/4.0.0b4 Python/3.8.3 (Windows-10-10.0.17763-SP0)
    method: PUT
    uri: https://management.azure.com/subscriptions/00000000-0000-0000-0000-000000000000/resourceGroups/clitest.rg000001/providers/Microsoft.Sql/servers/clitestserver000002/firewallRules/allowAllIps?api-version=2020-11-01-preview
  response:
    body:
      string: '{"properties":{"startIpAddress":"0.0.0.0","endIpAddress":"0.0.0.0"},"id":"/subscriptions/00000000-0000-0000-0000-000000000000/resourceGroups/clitest.rg000001/providers/Microsoft.Sql/servers/clitestserver000002/firewallRules/allowAllIps","name":"allowAllIps","type":"Microsoft.Sql/servers/firewallRules"}'
    headers:
      cache-control:
      - no-cache
      content-length:
      - '303'
      content-type:
      - application/json; charset=utf-8
      date:
      - Wed, 05 Oct 2022 16:03:59 GMT
      expires:
      - '-1'
      pragma:
      - no-cache
      server:
      - Microsoft-HTTPAPI/2.0
      strict-transport-security:
      - max-age=31536000; includeSubDomains
      transfer-encoding:
      - chunked
      vary:
      - Accept-Encoding
      x-content-type-options:
      - nosniff
      x-ms-ratelimit-remaining-subscription-writes:
      - '1199'
    status:
      code: 200
      message: OK
- request:
    body: null
    headers:
      Accept:
      - application/json
      Accept-Encoding:
      - gzip, deflate
      CommandName:
      - sql db create
      Connection:
      - keep-alive
      ParameterSetName:
      - -g --server --name
      User-Agent:
      - AZURECLI/2.40.0 azsdk-python-mgmt-sql/4.0.0b4 Python/3.8.3 (Windows-10-10.0.17763-SP0)
    method: GET
    uri: https://management.azure.com/subscriptions/00000000-0000-0000-0000-000000000000/resourceGroups/clitest.rg000001/providers/Microsoft.Sql/servers/clitestserver000002?api-version=2021-02-01-preview
  response:
    body:
      string: '{"kind":"v12.0","properties":{"administratorLogin":"admin123","version":"12.0","state":"Ready","fullyQualifiedDomainName":"clitestserver000002.database.windows.net","privateEndpointConnections":[],"publicNetworkAccess":"Enabled","restrictOutboundNetworkAccess":"Disabled"},"location":"eastus","id":"/subscriptions/00000000-0000-0000-0000-000000000000/resourceGroups/clitest.rg000001/providers/Microsoft.Sql/servers/clitestserver000002","name":"clitestserver000002","type":"Microsoft.Sql/servers"}'
    headers:
      cache-control:
      - no-cache
      content-length:
      - '496'
      content-type:
      - application/json; charset=utf-8
      date:
      - Wed, 05 Oct 2022 16:04:00 GMT
      expires:
      - '-1'
      pragma:
      - no-cache
      server:
      - Microsoft-HTTPAPI/2.0
      strict-transport-security:
      - max-age=31536000; includeSubDomains
      transfer-encoding:
      - chunked
      vary:
      - Accept-Encoding
      x-content-type-options:
      - nosniff
    status:
      code: 200
      message: OK
- request:
    body: null
    headers:
      Accept:
      - application/json
      Accept-Encoding:
      - gzip, deflate
      CommandName:
      - sql db create
      Connection:
      - keep-alive
      ParameterSetName:
      - -g --server --name
      User-Agent:
      - AZURECLI/2.40.0 azsdk-python-mgmt-sql/4.0.0b4 Python/3.8.3 (Windows-10-10.0.17763-SP0)
    method: GET
    uri: https://management.azure.com/subscriptions/00000000-0000-0000-0000-000000000000/resourceGroups/clitest.rg000001/providers/Microsoft.Sql/servers/clitestserver000002?api-version=2021-02-01-preview
  response:
    body:
      string: '{"kind":"v12.0","properties":{"administratorLogin":"admin123","version":"12.0","state":"Ready","fullyQualifiedDomainName":"clitestserver000002.database.windows.net","privateEndpointConnections":[],"publicNetworkAccess":"Enabled","restrictOutboundNetworkAccess":"Disabled"},"location":"eastus","id":"/subscriptions/00000000-0000-0000-0000-000000000000/resourceGroups/clitest.rg000001/providers/Microsoft.Sql/servers/clitestserver000002","name":"clitestserver000002","type":"Microsoft.Sql/servers"}'
    headers:
      cache-control:
      - no-cache
      content-length:
      - '496'
      content-type:
      - application/json; charset=utf-8
      date:
      - Wed, 05 Oct 2022 16:04:02 GMT
      expires:
      - '-1'
      pragma:
      - no-cache
      server:
      - Microsoft-HTTPAPI/2.0
      strict-transport-security:
      - max-age=31536000; includeSubDomains
      transfer-encoding:
      - chunked
      vary:
      - Accept-Encoding
      x-content-type-options:
      - nosniff
    status:
      code: 200
      message: OK
- request:
    body: '{"location": "eastus"}'
    headers:
      Accept:
      - application/json
      Accept-Encoding:
      - gzip, deflate
      CommandName:
      - sql db create
      Connection:
      - keep-alive
      Content-Length:
      - '22'
      Content-Type:
      - application/json
      ParameterSetName:
      - -g --server --name
      User-Agent:
      - AZURECLI/2.40.0 azsdk-python-mgmt-sql/4.0.0b4 Python/3.8.3 (Windows-10-10.0.17763-SP0)
    method: PUT
    uri: https://management.azure.com/subscriptions/00000000-0000-0000-0000-000000000000/resourceGroups/clitest.rg000001/providers/Microsoft.Sql/servers/clitestserver000002/databases/cliautomationdb01?api-version=2022-02-01-preview
  response:
    body:
      string: '{"operation":"CreateLogicalDatabase","startTime":"2022-10-05T16:04:11.267Z"}'
    headers:
      azure-asyncoperation:
      - https://management.azure.com/subscriptions/00000000-0000-0000-0000-000000000000/resourceGroups/clitest.rg000001/providers/Microsoft.Sql/locations/eastus/databaseAzureAsyncOperation/df3ce46b-d0c5-4df2-a966-2806f61c6566?api-version=2022-02-01-preview
      cache-control:
      - no-cache
      content-length:
      - '76'
      content-type:
      - application/json; charset=utf-8
      date:
      - Wed, 05 Oct 2022 16:04:11 GMT
      expires:
      - '-1'
      location:
      - https://management.azure.com/subscriptions/00000000-0000-0000-0000-000000000000/resourceGroups/clitest.rg000001/providers/Microsoft.Sql/locations/eastus/databaseOperationResults/df3ce46b-d0c5-4df2-a966-2806f61c6566?api-version=2022-02-01-preview
      pragma:
      - no-cache
      server:
      - Microsoft-HTTPAPI/2.0
      strict-transport-security:
      - max-age=31536000; includeSubDomains
      x-content-type-options:
      - nosniff
      x-ms-ratelimit-remaining-subscription-writes:
      - '1199'
    status:
      code: 202
      message: Accepted
- request:
    body: null
    headers:
      Accept:
      - '*/*'
      Accept-Encoding:
      - gzip, deflate
      CommandName:
      - sql db create
      Connection:
      - keep-alive
      ParameterSetName:
      - -g --server --name
      User-Agent:
      - AZURECLI/2.40.0 azsdk-python-mgmt-sql/4.0.0b4 Python/3.8.3 (Windows-10-10.0.17763-SP0)
    method: GET
    uri: https://management.azure.com/subscriptions/00000000-0000-0000-0000-000000000000/resourceGroups/clitest.rg000001/providers/Microsoft.Sql/locations/eastus/databaseAzureAsyncOperation/df3ce46b-d0c5-4df2-a966-2806f61c6566?api-version=2022-02-01-preview
  response:
    body:
      string: '{"name":"df3ce46b-d0c5-4df2-a966-2806f61c6566","status":"InProgress","startTime":"2022-10-05T16:04:11.267Z"}'
    headers:
      cache-control:
      - no-cache
      content-length:
      - '108'
      content-type:
      - application/json; charset=utf-8
      date:
      - Wed, 05 Oct 2022 16:04:26 GMT
      expires:
      - '-1'
      pragma:
      - no-cache
      server:
      - Microsoft-HTTPAPI/2.0
      strict-transport-security:
      - max-age=31536000; includeSubDomains
      transfer-encoding:
      - chunked
      vary:
      - Accept-Encoding
      x-content-type-options:
      - nosniff
    status:
      code: 200
      message: OK
- request:
    body: null
    headers:
      Accept:
      - '*/*'
      Accept-Encoding:
      - gzip, deflate
      CommandName:
      - sql db create
      Connection:
      - keep-alive
      ParameterSetName:
      - -g --server --name
      User-Agent:
      - AZURECLI/2.40.0 azsdk-python-mgmt-sql/4.0.0b4 Python/3.8.3 (Windows-10-10.0.17763-SP0)
    method: GET
    uri: https://management.azure.com/subscriptions/00000000-0000-0000-0000-000000000000/resourceGroups/clitest.rg000001/providers/Microsoft.Sql/locations/eastus/databaseAzureAsyncOperation/df3ce46b-d0c5-4df2-a966-2806f61c6566?api-version=2022-02-01-preview
  response:
    body:
      string: '{"name":"df3ce46b-d0c5-4df2-a966-2806f61c6566","status":"InProgress","startTime":"2022-10-05T16:04:11.267Z"}'
    headers:
      cache-control:
      - no-cache
      content-length:
      - '108'
      content-type:
      - application/json; charset=utf-8
      date:
      - Wed, 05 Oct 2022 16:04:41 GMT
      expires:
      - '-1'
      pragma:
      - no-cache
      server:
      - Microsoft-HTTPAPI/2.0
      strict-transport-security:
      - max-age=31536000; includeSubDomains
      transfer-encoding:
      - chunked
      vary:
      - Accept-Encoding
      x-content-type-options:
      - nosniff
    status:
      code: 200
      message: OK
- request:
    body: null
    headers:
      Accept:
      - '*/*'
      Accept-Encoding:
      - gzip, deflate
      CommandName:
      - sql db create
      Connection:
      - keep-alive
      ParameterSetName:
      - -g --server --name
      User-Agent:
      - AZURECLI/2.40.0 azsdk-python-mgmt-sql/4.0.0b4 Python/3.8.3 (Windows-10-10.0.17763-SP0)
    method: GET
    uri: https://management.azure.com/subscriptions/00000000-0000-0000-0000-000000000000/resourceGroups/clitest.rg000001/providers/Microsoft.Sql/locations/eastus/databaseAzureAsyncOperation/df3ce46b-d0c5-4df2-a966-2806f61c6566?api-version=2022-02-01-preview
  response:
    body:
      string: '{"name":"df3ce46b-d0c5-4df2-a966-2806f61c6566","status":"InProgress","startTime":"2022-10-05T16:04:11.267Z"}'
    headers:
      cache-control:
      - no-cache
      content-length:
      - '108'
      content-type:
      - application/json; charset=utf-8
      date:
      - Wed, 05 Oct 2022 16:04:56 GMT
      expires:
      - '-1'
      pragma:
      - no-cache
      server:
      - Microsoft-HTTPAPI/2.0
      strict-transport-security:
      - max-age=31536000; includeSubDomains
      transfer-encoding:
      - chunked
      vary:
      - Accept-Encoding
      x-content-type-options:
      - nosniff
    status:
      code: 200
      message: OK
- request:
    body: null
    headers:
      Accept:
      - '*/*'
      Accept-Encoding:
      - gzip, deflate
      CommandName:
      - sql db create
      Connection:
      - keep-alive
      ParameterSetName:
      - -g --server --name
      User-Agent:
      - AZURECLI/2.40.0 azsdk-python-mgmt-sql/4.0.0b4 Python/3.8.3 (Windows-10-10.0.17763-SP0)
    method: GET
    uri: https://management.azure.com/subscriptions/00000000-0000-0000-0000-000000000000/resourceGroups/clitest.rg000001/providers/Microsoft.Sql/locations/eastus/databaseAzureAsyncOperation/df3ce46b-d0c5-4df2-a966-2806f61c6566?api-version=2022-02-01-preview
  response:
    body:
      string: '{"name":"df3ce46b-d0c5-4df2-a966-2806f61c6566","status":"Succeeded","startTime":"2022-10-05T16:04:11.267Z"}'
    headers:
      cache-control:
      - no-cache
      content-length:
      - '107'
      content-type:
      - application/json; charset=utf-8
      date:
      - Wed, 05 Oct 2022 16:05:12 GMT
      expires:
      - '-1'
      pragma:
      - no-cache
      server:
      - Microsoft-HTTPAPI/2.0
      strict-transport-security:
      - max-age=31536000; includeSubDomains
      transfer-encoding:
      - chunked
      vary:
      - Accept-Encoding
      x-content-type-options:
      - nosniff
    status:
      code: 200
      message: OK
- request:
    body: null
    headers:
      Accept:
      - '*/*'
      Accept-Encoding:
      - gzip, deflate
      CommandName:
      - sql db create
      Connection:
      - keep-alive
      ParameterSetName:
      - -g --server --name
      User-Agent:
      - AZURECLI/2.40.0 azsdk-python-mgmt-sql/4.0.0b4 Python/3.8.3 (Windows-10-10.0.17763-SP0)
    method: GET
    uri: https://management.azure.com/subscriptions/00000000-0000-0000-0000-000000000000/resourceGroups/clitest.rg000001/providers/Microsoft.Sql/servers/clitestserver000002/databases/cliautomationdb01?api-version=2022-02-01-preview
  response:
    body:
      string: '{"sku":{"name":"GP_Gen5","tier":"GeneralPurpose","family":"Gen5","capacity":2},"kind":"v12.0,user,vcore","properties":{"collation":"SQL_Latin1_General_CP1_CI_AS","maxSizeBytes":34359738368,"status":"Online","databaseId":"436ba88f-c4ba-4b3d-9653-29c698d1a4e8","creationDate":"2022-10-05T16:04:57.173Z","currentServiceObjectiveName":"GP_Gen5_2","requestedServiceObjectiveName":"GP_Gen5_2","defaultSecondaryLocation":"westus","catalogCollation":"SQL_Latin1_General_CP1_CI_AS","zoneRedundant":false,"licenseType":"LicenseIncluded","maxLogSizeBytes":193273528320,"readScale":"Disabled","currentSku":{"name":"GP_Gen5","tier":"GeneralPurpose","family":"Gen5","capacity":2},"currentBackupStorageRedundancy":"Geo","requestedBackupStorageRedundancy":"Geo","maintenanceConfigurationId":"/subscriptions/00000000-0000-0000-0000-000000000000/providers/Microsoft.Maintenance/publicMaintenanceConfigurations/SQL_Default","isLedgerOn":false,"isInfraEncryptionEnabled":false},"location":"eastus","id":"/subscriptions/00000000-0000-0000-0000-000000000000/resourceGroups/clitest.rg000001/providers/Microsoft.Sql/servers/clitestserver000002/databases/cliautomationdb01","name":"cliautomationdb01","type":"Microsoft.Sql/servers/databases"}'
    headers:
      cache-control:
      - no-cache
      content-length:
      - '1217'
      content-type:
      - application/json; charset=utf-8
      date:
      - Wed, 05 Oct 2022 16:05:12 GMT
      expires:
      - '-1'
      pragma:
      - no-cache
      server:
      - Microsoft-HTTPAPI/2.0
      strict-transport-security:
      - max-age=31536000; includeSubDomains
      transfer-encoding:
      - chunked
      vary:
      - Accept-Encoding
      x-content-type-options:
      - nosniff
    status:
      code: 200
      message: OK
- request:
    body: null
    headers:
      Accept:
      - application/json
      Accept-Encoding:
      - gzip, deflate
      CommandName:
      - sql db create
      Connection:
      - keep-alive
      ParameterSetName:
      - -g --server --name
      User-Agent:
      - AZURECLI/2.40.0 azsdk-python-mgmt-sql/4.0.0b4 Python/3.8.3 (Windows-10-10.0.17763-SP0)
    method: GET
    uri: https://management.azure.com/subscriptions/00000000-0000-0000-0000-000000000000/resourceGroups/clitest.rg000001/providers/Microsoft.Sql/servers/clitestserver000002?api-version=2021-02-01-preview
  response:
    body:
      string: '{"kind":"v12.0","properties":{"administratorLogin":"admin123","version":"12.0","state":"Ready","fullyQualifiedDomainName":"clitestserver000002.database.windows.net","privateEndpointConnections":[],"publicNetworkAccess":"Enabled","restrictOutboundNetworkAccess":"Disabled"},"location":"eastus","id":"/subscriptions/00000000-0000-0000-0000-000000000000/resourceGroups/clitest.rg000001/providers/Microsoft.Sql/servers/clitestserver000002","name":"clitestserver000002","type":"Microsoft.Sql/servers"}'
    headers:
      cache-control:
      - no-cache
      content-length:
      - '496'
      content-type:
      - application/json; charset=utf-8
      date:
      - Wed, 05 Oct 2022 16:05:12 GMT
      expires:
      - '-1'
      pragma:
      - no-cache
      server:
      - Microsoft-HTTPAPI/2.0
      strict-transport-security:
      - max-age=31536000; includeSubDomains
      transfer-encoding:
      - chunked
      vary:
      - Accept-Encoding
      x-content-type-options:
      - nosniff
    status:
      code: 200
      message: OK
- request:
    body: null
    headers:
      Accept:
      - application/json
      Accept-Encoding:
      - gzip, deflate
      CommandName:
      - sql db create
      Connection:
      - keep-alive
      ParameterSetName:
      - -g --server --name
      User-Agent:
      - AZURECLI/2.40.0 azsdk-python-mgmt-sql/4.0.0b4 Python/3.8.3 (Windows-10-10.0.17763-SP0)
    method: GET
    uri: https://management.azure.com/subscriptions/00000000-0000-0000-0000-000000000000/resourceGroups/clitest.rg000001/providers/Microsoft.Sql/servers/clitestserver000002?api-version=2021-02-01-preview
  response:
    body:
      string: '{"kind":"v12.0","properties":{"administratorLogin":"admin123","version":"12.0","state":"Ready","fullyQualifiedDomainName":"clitestserver000002.database.windows.net","privateEndpointConnections":[],"publicNetworkAccess":"Enabled","restrictOutboundNetworkAccess":"Disabled"},"location":"eastus","id":"/subscriptions/00000000-0000-0000-0000-000000000000/resourceGroups/clitest.rg000001/providers/Microsoft.Sql/servers/clitestserver000002","name":"clitestserver000002","type":"Microsoft.Sql/servers"}'
    headers:
      cache-control:
      - no-cache
      content-length:
      - '496'
      content-type:
      - application/json; charset=utf-8
      date:
      - Wed, 05 Oct 2022 16:05:13 GMT
      expires:
      - '-1'
      pragma:
      - no-cache
      server:
      - Microsoft-HTTPAPI/2.0
      strict-transport-security:
      - max-age=31536000; includeSubDomains
      transfer-encoding:
      - chunked
      vary:
      - Accept-Encoding
      x-content-type-options:
      - nosniff
    status:
      code: 200
      message: OK
- request:
    body: '{"location": "eastus"}'
    headers:
      Accept:
      - application/json
      Accept-Encoding:
      - gzip, deflate
      CommandName:
      - sql db create
      Connection:
      - keep-alive
      Content-Length:
      - '22'
      Content-Type:
      - application/json
      ParameterSetName:
      - -g --server --name
      User-Agent:
      - AZURECLI/2.40.0 azsdk-python-mgmt-sql/4.0.0b4 Python/3.8.3 (Windows-10-10.0.17763-SP0)
    method: PUT
    uri: https://management.azure.com/subscriptions/00000000-0000-0000-0000-000000000000/resourceGroups/clitest.rg000001/providers/Microsoft.Sql/servers/clitestserver000002/databases/cliautomationdb02?api-version=2022-02-01-preview
  response:
    body:
      string: '{"operation":"CreateLogicalDatabase","startTime":"2022-10-05T16:05:15.783Z"}'
    headers:
      azure-asyncoperation:
      - https://management.azure.com/subscriptions/00000000-0000-0000-0000-000000000000/resourceGroups/clitest.rg000001/providers/Microsoft.Sql/locations/eastus/databaseAzureAsyncOperation/f28fd61e-8999-4f6a-8782-650ca6cc5bc3?api-version=2022-02-01-preview
      cache-control:
      - no-cache
      content-length:
      - '76'
      content-type:
      - application/json; charset=utf-8
      date:
      - Wed, 05 Oct 2022 16:05:15 GMT
      expires:
      - '-1'
      location:
      - https://management.azure.com/subscriptions/00000000-0000-0000-0000-000000000000/resourceGroups/clitest.rg000001/providers/Microsoft.Sql/locations/eastus/databaseOperationResults/f28fd61e-8999-4f6a-8782-650ca6cc5bc3?api-version=2022-02-01-preview
      pragma:
      - no-cache
      server:
      - Microsoft-HTTPAPI/2.0
      strict-transport-security:
      - max-age=31536000; includeSubDomains
      x-content-type-options:
      - nosniff
      x-ms-ratelimit-remaining-subscription-writes:
      - '1199'
    status:
      code: 202
      message: Accepted
- request:
    body: null
    headers:
      Accept:
      - '*/*'
      Accept-Encoding:
      - gzip, deflate
      CommandName:
      - sql db create
      Connection:
      - keep-alive
      ParameterSetName:
      - -g --server --name
      User-Agent:
      - AZURECLI/2.40.0 azsdk-python-mgmt-sql/4.0.0b4 Python/3.8.3 (Windows-10-10.0.17763-SP0)
    method: GET
    uri: https://management.azure.com/subscriptions/00000000-0000-0000-0000-000000000000/resourceGroups/clitest.rg000001/providers/Microsoft.Sql/locations/eastus/databaseAzureAsyncOperation/f28fd61e-8999-4f6a-8782-650ca6cc5bc3?api-version=2022-02-01-preview
  response:
    body:
      string: '{"name":"f28fd61e-8999-4f6a-8782-650ca6cc5bc3","status":"InProgress","startTime":"2022-10-05T16:05:15.783Z"}'
    headers:
      cache-control:
      - no-cache
      content-length:
      - '108'
      content-type:
      - application/json; charset=utf-8
      date:
      - Wed, 05 Oct 2022 16:05:30 GMT
      expires:
      - '-1'
      pragma:
      - no-cache
      server:
      - Microsoft-HTTPAPI/2.0
      strict-transport-security:
      - max-age=31536000; includeSubDomains
      transfer-encoding:
      - chunked
      vary:
      - Accept-Encoding
      x-content-type-options:
      - nosniff
    status:
      code: 200
      message: OK
- request:
    body: null
    headers:
      Accept:
      - '*/*'
      Accept-Encoding:
      - gzip, deflate
      CommandName:
      - sql db create
      Connection:
      - keep-alive
      ParameterSetName:
      - -g --server --name
      User-Agent:
      - AZURECLI/2.40.0 azsdk-python-mgmt-sql/4.0.0b4 Python/3.8.3 (Windows-10-10.0.17763-SP0)
    method: GET
    uri: https://management.azure.com/subscriptions/00000000-0000-0000-0000-000000000000/resourceGroups/clitest.rg000001/providers/Microsoft.Sql/locations/eastus/databaseAzureAsyncOperation/f28fd61e-8999-4f6a-8782-650ca6cc5bc3?api-version=2022-02-01-preview
  response:
    body:
      string: '{"name":"f28fd61e-8999-4f6a-8782-650ca6cc5bc3","status":"InProgress","startTime":"2022-10-05T16:05:15.783Z"}'
    headers:
      cache-control:
      - no-cache
      content-length:
      - '108'
      content-type:
      - application/json; charset=utf-8
      date:
      - Wed, 05 Oct 2022 16:05:45 GMT
      expires:
      - '-1'
      pragma:
      - no-cache
      server:
      - Microsoft-HTTPAPI/2.0
      strict-transport-security:
      - max-age=31536000; includeSubDomains
      transfer-encoding:
      - chunked
      vary:
      - Accept-Encoding
      x-content-type-options:
      - nosniff
    status:
      code: 200
      message: OK
- request:
    body: null
    headers:
      Accept:
      - '*/*'
      Accept-Encoding:
      - gzip, deflate
      CommandName:
      - sql db create
      Connection:
      - keep-alive
      ParameterSetName:
      - -g --server --name
      User-Agent:
      - AZURECLI/2.40.0 azsdk-python-mgmt-sql/4.0.0b4 Python/3.8.3 (Windows-10-10.0.17763-SP0)
    method: GET
    uri: https://management.azure.com/subscriptions/00000000-0000-0000-0000-000000000000/resourceGroups/clitest.rg000001/providers/Microsoft.Sql/locations/eastus/databaseAzureAsyncOperation/f28fd61e-8999-4f6a-8782-650ca6cc5bc3?api-version=2022-02-01-preview
  response:
    body:
      string: '{"name":"f28fd61e-8999-4f6a-8782-650ca6cc5bc3","status":"Succeeded","startTime":"2022-10-05T16:05:15.783Z"}'
    headers:
      cache-control:
      - no-cache
      content-length:
      - '107'
      content-type:
      - application/json; charset=utf-8
      date:
      - Wed, 05 Oct 2022 16:06:00 GMT
      expires:
      - '-1'
      pragma:
      - no-cache
      server:
      - Microsoft-HTTPAPI/2.0
      strict-transport-security:
      - max-age=31536000; includeSubDomains
      transfer-encoding:
      - chunked
      vary:
      - Accept-Encoding
      x-content-type-options:
      - nosniff
    status:
      code: 200
      message: OK
- request:
    body: null
    headers:
      Accept:
      - '*/*'
      Accept-Encoding:
      - gzip, deflate
      CommandName:
      - sql db create
      Connection:
      - keep-alive
      ParameterSetName:
      - -g --server --name
      User-Agent:
      - AZURECLI/2.40.0 azsdk-python-mgmt-sql/4.0.0b4 Python/3.8.3 (Windows-10-10.0.17763-SP0)
    method: GET
    uri: https://management.azure.com/subscriptions/00000000-0000-0000-0000-000000000000/resourceGroups/clitest.rg000001/providers/Microsoft.Sql/servers/clitestserver000002/databases/cliautomationdb02?api-version=2022-02-01-preview
  response:
    body:
      string: '{"sku":{"name":"GP_Gen5","tier":"GeneralPurpose","family":"Gen5","capacity":2},"kind":"v12.0,user,vcore","properties":{"collation":"SQL_Latin1_General_CP1_CI_AS","maxSizeBytes":34359738368,"status":"Online","databaseId":"1cb04c3f-3189-4de4-8e50-fcd3f4132556","creationDate":"2022-10-05T16:05:59.58Z","currentServiceObjectiveName":"GP_Gen5_2","requestedServiceObjectiveName":"GP_Gen5_2","defaultSecondaryLocation":"westus","catalogCollation":"SQL_Latin1_General_CP1_CI_AS","zoneRedundant":false,"licenseType":"LicenseIncluded","maxLogSizeBytes":193273528320,"readScale":"Disabled","currentSku":{"name":"GP_Gen5","tier":"GeneralPurpose","family":"Gen5","capacity":2},"currentBackupStorageRedundancy":"Geo","requestedBackupStorageRedundancy":"Geo","maintenanceConfigurationId":"/subscriptions/00000000-0000-0000-0000-000000000000/providers/Microsoft.Maintenance/publicMaintenanceConfigurations/SQL_Default","isLedgerOn":false,"isInfraEncryptionEnabled":false},"location":"eastus","id":"/subscriptions/00000000-0000-0000-0000-000000000000/resourceGroups/clitest.rg000001/providers/Microsoft.Sql/servers/clitestserver000002/databases/cliautomationdb02","name":"cliautomationdb02","type":"Microsoft.Sql/servers/databases"}'
    headers:
      cache-control:
      - no-cache
      content-length:
      - '1216'
      content-type:
      - application/json; charset=utf-8
      date:
      - Wed, 05 Oct 2022 16:06:01 GMT
      expires:
      - '-1'
      pragma:
      - no-cache
      server:
      - Microsoft-HTTPAPI/2.0
      strict-transport-security:
      - max-age=31536000; includeSubDomains
      transfer-encoding:
      - chunked
      vary:
      - Accept-Encoding
      x-content-type-options:
      - nosniff
    status:
      code: 200
      message: OK
- request:
    body: null
    headers:
      Accept:
      - application/json
      Accept-Encoding:
      - gzip, deflate
      CommandName:
      - sql db create
      Connection:
      - keep-alive
      ParameterSetName:
      - -g --server --name
      User-Agent:
      - AZURECLI/2.40.0 azsdk-python-mgmt-sql/4.0.0b4 Python/3.8.3 (Windows-10-10.0.17763-SP0)
    method: GET
    uri: https://management.azure.com/subscriptions/00000000-0000-0000-0000-000000000000/resourceGroups/clitest.rg000001/providers/Microsoft.Sql/servers/clitestserver000002?api-version=2021-02-01-preview
  response:
    body:
      string: '{"kind":"v12.0","properties":{"administratorLogin":"admin123","version":"12.0","state":"Ready","fullyQualifiedDomainName":"clitestserver000002.database.windows.net","privateEndpointConnections":[],"publicNetworkAccess":"Enabled","restrictOutboundNetworkAccess":"Disabled"},"location":"eastus","id":"/subscriptions/00000000-0000-0000-0000-000000000000/resourceGroups/clitest.rg000001/providers/Microsoft.Sql/servers/clitestserver000002","name":"clitestserver000002","type":"Microsoft.Sql/servers"}'
    headers:
      cache-control:
      - no-cache
      content-length:
      - '496'
      content-type:
      - application/json; charset=utf-8
      date:
      - Wed, 05 Oct 2022 16:06:02 GMT
      expires:
      - '-1'
      pragma:
      - no-cache
      server:
      - Microsoft-HTTPAPI/2.0
      strict-transport-security:
      - max-age=31536000; includeSubDomains
      transfer-encoding:
      - chunked
      vary:
      - Accept-Encoding
      x-content-type-options:
      - nosniff
    status:
      code: 200
      message: OK
- request:
    body: null
    headers:
      Accept:
      - application/json
      Accept-Encoding:
      - gzip, deflate
      CommandName:
      - sql db create
      Connection:
      - keep-alive
      ParameterSetName:
      - -g --server --name
      User-Agent:
      - AZURECLI/2.40.0 azsdk-python-mgmt-sql/4.0.0b4 Python/3.8.3 (Windows-10-10.0.17763-SP0)
    method: GET
    uri: https://management.azure.com/subscriptions/00000000-0000-0000-0000-000000000000/resourceGroups/clitest.rg000001/providers/Microsoft.Sql/servers/clitestserver000002?api-version=2021-02-01-preview
  response:
    body:
      string: '{"kind":"v12.0","properties":{"administratorLogin":"admin123","version":"12.0","state":"Ready","fullyQualifiedDomainName":"clitestserver000002.database.windows.net","privateEndpointConnections":[],"publicNetworkAccess":"Enabled","restrictOutboundNetworkAccess":"Disabled"},"location":"eastus","id":"/subscriptions/00000000-0000-0000-0000-000000000000/resourceGroups/clitest.rg000001/providers/Microsoft.Sql/servers/clitestserver000002","name":"clitestserver000002","type":"Microsoft.Sql/servers"}'
    headers:
      cache-control:
      - no-cache
      content-length:
      - '496'
      content-type:
      - application/json; charset=utf-8
      date:
      - Wed, 05 Oct 2022 16:06:02 GMT
      expires:
      - '-1'
      pragma:
      - no-cache
      server:
      - Microsoft-HTTPAPI/2.0
      strict-transport-security:
      - max-age=31536000; includeSubDomains
      transfer-encoding:
      - chunked
      vary:
      - Accept-Encoding
      x-content-type-options:
      - nosniff
    status:
      code: 200
      message: OK
- request:
    body: '{"location": "eastus"}'
    headers:
      Accept:
      - application/json
      Accept-Encoding:
      - gzip, deflate
      CommandName:
      - sql db create
      Connection:
      - keep-alive
      Content-Length:
      - '22'
      Content-Type:
      - application/json
      ParameterSetName:
      - -g --server --name
      User-Agent:
      - AZURECLI/2.40.0 azsdk-python-mgmt-sql/4.0.0b4 Python/3.8.3 (Windows-10-10.0.17763-SP0)
    method: PUT
    uri: https://management.azure.com/subscriptions/00000000-0000-0000-0000-000000000000/resourceGroups/clitest.rg000001/providers/Microsoft.Sql/servers/clitestserver000002/databases/cliautomationdb03?api-version=2022-02-01-preview
  response:
    body:
      string: '{"operation":"CreateLogicalDatabase","startTime":"2022-10-05T16:06:05.137Z"}'
    headers:
      azure-asyncoperation:
      - https://management.azure.com/subscriptions/00000000-0000-0000-0000-000000000000/resourceGroups/clitest.rg000001/providers/Microsoft.Sql/locations/eastus/databaseAzureAsyncOperation/bfd95ef4-3146-4748-82f4-746685c1808d?api-version=2022-02-01-preview
      cache-control:
      - no-cache
      content-length:
      - '76'
      content-type:
      - application/json; charset=utf-8
      date:
      - Wed, 05 Oct 2022 16:06:04 GMT
      expires:
      - '-1'
      location:
      - https://management.azure.com/subscriptions/00000000-0000-0000-0000-000000000000/resourceGroups/clitest.rg000001/providers/Microsoft.Sql/locations/eastus/databaseOperationResults/bfd95ef4-3146-4748-82f4-746685c1808d?api-version=2022-02-01-preview
      pragma:
      - no-cache
      server:
      - Microsoft-HTTPAPI/2.0
      strict-transport-security:
      - max-age=31536000; includeSubDomains
      x-content-type-options:
      - nosniff
      x-ms-ratelimit-remaining-subscription-writes:
      - '1199'
    status:
      code: 202
      message: Accepted
- request:
    body: null
    headers:
      Accept:
      - '*/*'
      Accept-Encoding:
      - gzip, deflate
      CommandName:
      - sql db create
      Connection:
      - keep-alive
      ParameterSetName:
      - -g --server --name
      User-Agent:
      - AZURECLI/2.40.0 azsdk-python-mgmt-sql/4.0.0b4 Python/3.8.3 (Windows-10-10.0.17763-SP0)
    method: GET
    uri: https://management.azure.com/subscriptions/00000000-0000-0000-0000-000000000000/resourceGroups/clitest.rg000001/providers/Microsoft.Sql/locations/eastus/databaseAzureAsyncOperation/bfd95ef4-3146-4748-82f4-746685c1808d?api-version=2022-02-01-preview
  response:
    body:
      string: '{"name":"bfd95ef4-3146-4748-82f4-746685c1808d","status":"InProgress","startTime":"2022-10-05T16:06:05.137Z"}'
    headers:
      cache-control:
      - no-cache
      content-length:
      - '108'
      content-type:
      - application/json; charset=utf-8
      date:
      - Wed, 05 Oct 2022 16:06:19 GMT
      expires:
      - '-1'
      pragma:
      - no-cache
      server:
      - Microsoft-HTTPAPI/2.0
      strict-transport-security:
      - max-age=31536000; includeSubDomains
      transfer-encoding:
      - chunked
      vary:
      - Accept-Encoding
      x-content-type-options:
      - nosniff
    status:
      code: 200
      message: OK
- request:
    body: null
    headers:
      Accept:
      - '*/*'
      Accept-Encoding:
      - gzip, deflate
      CommandName:
      - sql db create
      Connection:
      - keep-alive
      ParameterSetName:
      - -g --server --name
      User-Agent:
      - AZURECLI/2.40.0 azsdk-python-mgmt-sql/4.0.0b4 Python/3.8.3 (Windows-10-10.0.17763-SP0)
    method: GET
    uri: https://management.azure.com/subscriptions/00000000-0000-0000-0000-000000000000/resourceGroups/clitest.rg000001/providers/Microsoft.Sql/locations/eastus/databaseAzureAsyncOperation/bfd95ef4-3146-4748-82f4-746685c1808d?api-version=2022-02-01-preview
  response:
    body:
      string: '{"name":"bfd95ef4-3146-4748-82f4-746685c1808d","status":"InProgress","startTime":"2022-10-05T16:06:05.137Z"}'
    headers:
      cache-control:
      - no-cache
      content-length:
      - '108'
      content-type:
      - application/json; charset=utf-8
      date:
      - Wed, 05 Oct 2022 16:06:34 GMT
      expires:
      - '-1'
      pragma:
      - no-cache
      server:
      - Microsoft-HTTPAPI/2.0
      strict-transport-security:
      - max-age=31536000; includeSubDomains
      transfer-encoding:
      - chunked
      vary:
      - Accept-Encoding
      x-content-type-options:
      - nosniff
    status:
      code: 200
      message: OK
- request:
    body: null
    headers:
      Accept:
      - '*/*'
      Accept-Encoding:
      - gzip, deflate
      CommandName:
      - sql db create
      Connection:
      - keep-alive
      ParameterSetName:
      - -g --server --name
      User-Agent:
      - AZURECLI/2.40.0 azsdk-python-mgmt-sql/4.0.0b4 Python/3.8.3 (Windows-10-10.0.17763-SP0)
    method: GET
    uri: https://management.azure.com/subscriptions/00000000-0000-0000-0000-000000000000/resourceGroups/clitest.rg000001/providers/Microsoft.Sql/locations/eastus/databaseAzureAsyncOperation/bfd95ef4-3146-4748-82f4-746685c1808d?api-version=2022-02-01-preview
  response:
    body:
      string: '{"name":"bfd95ef4-3146-4748-82f4-746685c1808d","status":"InProgress","startTime":"2022-10-05T16:06:05.137Z"}'
    headers:
      cache-control:
      - no-cache
      content-length:
      - '108'
      content-type:
      - application/json; charset=utf-8
      date:
      - Wed, 05 Oct 2022 16:06:50 GMT
      expires:
      - '-1'
      pragma:
      - no-cache
      server:
      - Microsoft-HTTPAPI/2.0
      strict-transport-security:
      - max-age=31536000; includeSubDomains
      transfer-encoding:
      - chunked
      vary:
      - Accept-Encoding
      x-content-type-options:
      - nosniff
    status:
      code: 200
      message: OK
- request:
    body: null
    headers:
      Accept:
      - '*/*'
      Accept-Encoding:
      - gzip, deflate
      CommandName:
      - sql db create
      Connection:
      - keep-alive
      ParameterSetName:
      - -g --server --name
      User-Agent:
      - AZURECLI/2.40.0 azsdk-python-mgmt-sql/4.0.0b4 Python/3.8.3 (Windows-10-10.0.17763-SP0)
    method: GET
    uri: https://management.azure.com/subscriptions/00000000-0000-0000-0000-000000000000/resourceGroups/clitest.rg000001/providers/Microsoft.Sql/locations/eastus/databaseAzureAsyncOperation/bfd95ef4-3146-4748-82f4-746685c1808d?api-version=2022-02-01-preview
  response:
    body:
      string: '{"name":"bfd95ef4-3146-4748-82f4-746685c1808d","status":"Succeeded","startTime":"2022-10-05T16:06:05.137Z"}'
    headers:
      cache-control:
      - no-cache
      content-length:
      - '107'
      content-type:
      - application/json; charset=utf-8
      date:
      - Wed, 05 Oct 2022 16:07:05 GMT
      expires:
      - '-1'
      pragma:
      - no-cache
      server:
      - Microsoft-HTTPAPI/2.0
      strict-transport-security:
      - max-age=31536000; includeSubDomains
      transfer-encoding:
      - chunked
      vary:
      - Accept-Encoding
      x-content-type-options:
      - nosniff
    status:
      code: 200
      message: OK
- request:
    body: null
    headers:
      Accept:
      - '*/*'
      Accept-Encoding:
      - gzip, deflate
      CommandName:
      - sql db create
      Connection:
      - keep-alive
      ParameterSetName:
      - -g --server --name
      User-Agent:
      - AZURECLI/2.40.0 azsdk-python-mgmt-sql/4.0.0b4 Python/3.8.3 (Windows-10-10.0.17763-SP0)
    method: GET
    uri: https://management.azure.com/subscriptions/00000000-0000-0000-0000-000000000000/resourceGroups/clitest.rg000001/providers/Microsoft.Sql/servers/clitestserver000002/databases/cliautomationdb03?api-version=2022-02-01-preview
  response:
    body:
      string: '{"sku":{"name":"GP_Gen5","tier":"GeneralPurpose","family":"Gen5","capacity":2},"kind":"v12.0,user,vcore","properties":{"collation":"SQL_Latin1_General_CP1_CI_AS","maxSizeBytes":34359738368,"status":"Online","databaseId":"eaf05e69-0b50-41bc-b996-af679c0b2342","creationDate":"2022-10-05T16:07:01.153Z","currentServiceObjectiveName":"GP_Gen5_2","requestedServiceObjectiveName":"GP_Gen5_2","defaultSecondaryLocation":"westus","catalogCollation":"SQL_Latin1_General_CP1_CI_AS","zoneRedundant":false,"licenseType":"LicenseIncluded","maxLogSizeBytes":193273528320,"readScale":"Disabled","currentSku":{"name":"GP_Gen5","tier":"GeneralPurpose","family":"Gen5","capacity":2},"currentBackupStorageRedundancy":"Geo","requestedBackupStorageRedundancy":"Geo","maintenanceConfigurationId":"/subscriptions/00000000-0000-0000-0000-000000000000/providers/Microsoft.Maintenance/publicMaintenanceConfigurations/SQL_Default","isLedgerOn":false,"isInfraEncryptionEnabled":false},"location":"eastus","id":"/subscriptions/00000000-0000-0000-0000-000000000000/resourceGroups/clitest.rg000001/providers/Microsoft.Sql/servers/clitestserver000002/databases/cliautomationdb03","name":"cliautomationdb03","type":"Microsoft.Sql/servers/databases"}'
    headers:
      cache-control:
      - no-cache
      content-length:
      - '1217'
      content-type:
      - application/json; charset=utf-8
      date:
      - Wed, 05 Oct 2022 16:07:05 GMT
      expires:
      - '-1'
      pragma:
      - no-cache
      server:
      - Microsoft-HTTPAPI/2.0
      strict-transport-security:
      - max-age=31536000; includeSubDomains
      transfer-encoding:
      - chunked
      vary:
      - Accept-Encoding
      x-content-type-options:
      - nosniff
    status:
      code: 200
      message: OK
- request:
    body: null
    headers:
      Accept:
      - application/json
      Accept-Encoding:
      - gzip, deflate
      CommandName:
      - storage account show
      Connection:
      - keep-alive
      ParameterSetName:
      - -g -n --query
      User-Agent:
      - AZURECLI/2.40.0 azsdk-python-azure-mgmt-storage/20.1.0 Python/3.8.3 (Windows-10-10.0.17763-SP0)
    method: GET
    uri: https://management.azure.com/subscriptions/00000000-0000-0000-0000-000000000000/resourceGroups/clitest.rg000001/providers/Microsoft.Storage/storageAccounts/clitest000003?api-version=2022-05-01
  response:
    body:
      string: '{"sku":{"name":"Standard_LRS","tier":"Standard"},"kind":"Storage","id":"/subscriptions/00000000-0000-0000-0000-000000000000/resourceGroups/clitest.rg000001/providers/Microsoft.Storage/storageAccounts/clitest000003","name":"clitest000003","type":"Microsoft.Storage/storageAccounts","location":"eastus","tags":{},"properties":{"keyCreationTime":{"key1":"2022-10-05T16:03:36.4990410Z","key2":"2022-10-05T16:03:36.4990410Z"},"privateEndpointConnections":[],"minimumTlsVersion":"TLS1_0","allowBlobPublicAccess":true,"networkAcls":{"bypass":"AzureServices","virtualNetworkRules":[],"ipRules":[],"defaultAction":"Allow"},"supportsHttpsTrafficOnly":true,"encryption":{"services":{"file":{"keyType":"Account","enabled":true,"lastEnabledTime":"2022-10-05T16:03:36.5146657Z"},"blob":{"keyType":"Account","enabled":true,"lastEnabledTime":"2022-10-05T16:03:36.5146657Z"}},"keySource":"Microsoft.Storage"},"provisioningState":"Succeeded","creationTime":"2022-10-05T16:03:36.3427923Z","primaryEndpoints":{"blob":"https://clitest000003.blob.core.windows.net/","queue":"https://clitest000003.queue.core.windows.net/","table":"https://clitest000003.table.core.windows.net/","file":"https://clitest000003.file.core.windows.net/"},"primaryLocation":"eastus","statusOfPrimary":"available"}}'
    headers:
      cache-control:
      - no-cache
      content-length:
      - '1269'
      content-type:
      - application/json
      date:
      - Wed, 05 Oct 2022 16:07:07 GMT
      expires:
      - '-1'
      pragma:
      - no-cache
      server:
      - Microsoft-Azure-Storage-Resource-Provider/1.0,Microsoft-HTTPAPI/2.0 Microsoft-HTTPAPI/2.0
      strict-transport-security:
      - max-age=31536000; includeSubDomains
      transfer-encoding:
      - chunked
      vary:
      - Accept-Encoding
      x-content-type-options:
      - nosniff
    status:
      code: 200
      message: OK
- request:
    body: null
    headers:
      Accept:
      - application/json
      Accept-Encoding:
      - gzip, deflate
      CommandName:
      - storage account keys list
      Connection:
      - keep-alive
      Content-Length:
      - '0'
      ParameterSetName:
      - -g -n --query
      User-Agent:
      - AZURECLI/2.40.0 azsdk-python-azure-mgmt-storage/20.1.0 Python/3.8.3 (Windows-10-10.0.17763-SP0)
    method: POST
    uri: https://management.azure.com/subscriptions/00000000-0000-0000-0000-000000000000/resourceGroups/clitest.rg000001/providers/Microsoft.Storage/storageAccounts/clitest000003/listKeys?api-version=2022-05-01&$expand=kerb
  response:
    body:
      string: '{"keys":[{"creationTime":"2022-10-05T16:03:36.4990410Z","keyName":"key1","value":"veryFakedStorageAccountKey==","permissions":"FULL"},{"creationTime":"2022-10-05T16:03:36.4990410Z","keyName":"key2","value":"veryFakedStorageAccountKey==","permissions":"FULL"}]}'
    headers:
      cache-control:
      - no-cache
      content-length:
      - '260'
      content-type:
      - application/json
      date:
      - Wed, 05 Oct 2022 16:07:06 GMT
      expires:
      - '-1'
      pragma:
      - no-cache
      server:
      - Microsoft-Azure-Storage-Resource-Provider/1.0,Microsoft-HTTPAPI/2.0 Microsoft-HTTPAPI/2.0
      strict-transport-security:
      - max-age=31536000; includeSubDomains
      transfer-encoding:
      - chunked
      vary:
      - Accept-Encoding
      x-content-type-options:
      - nosniff
      x-ms-ratelimit-remaining-subscription-resource-requests:
      - '11999'
    status:
      code: 200
      message: OK
- request:
    body: null
    headers:
      Accept:
      - application/json
      Accept-Encoding:
      - gzip, deflate
      CommandName:
      - storage blob generate-sas
      Connection:
      - keep-alive
      ParameterSetName:
      - --account-name -c -n --permissions --expiry
      User-Agent:
      - AZURECLI/2.40.0 azsdk-python-azure-mgmt-storage/20.1.0 Python/3.8.3 (Windows-10-10.0.17763-SP0)
    method: GET
    uri: https://management.azure.com/subscriptions/00000000-0000-0000-0000-000000000000/providers/Microsoft.Storage/storageAccounts?api-version=2022-05-01
  response:
    body:
      string: '{"value":[{"sku":{"name":"Standard_LRS","tier":"Standard"},"kind":"Storage","id":"/subscriptions/00000000-0000-0000-0000-000000000000/resourceGroups/clitest.rg000001/providers/Microsoft.Storage/storageAccounts/clitest000003","name":"clitest000003","type":"Microsoft.Storage/storageAccounts","location":"eastus","tags":{},"properties":{"keyCreationTime":{"key1":"2022-10-05T16:03:36.4990410Z","key2":"2022-10-05T16:03:36.4990410Z"},"privateEndpointConnections":[],"minimumTlsVersion":"TLS1_0","allowBlobPublicAccess":true,"networkAcls":{"bypass":"AzureServices","virtualNetworkRules":[],"ipRules":[],"defaultAction":"Allow"},"supportsHttpsTrafficOnly":true,"encryption":{"services":{"file":{"keyType":"Account","enabled":true,"lastEnabledTime":"2022-10-05T16:03:36.5146657Z"},"blob":{"keyType":"Account","enabled":true,"lastEnabledTime":"2022-10-05T16:03:36.5146657Z"}},"keySource":"Microsoft.Storage"},"provisioningState":"Succeeded","creationTime":"2022-10-05T16:03:36.3427923Z","primaryEndpoints":{"blob":"https://clitest000003.blob.core.windows.net/","queue":"https://clitest000003.queue.core.windows.net/","table":"https://clitest000003.table.core.windows.net/","file":"https://clitest000003.file.core.windows.net/"},"primaryLocation":"eastus","statusOfPrimary":"available"}},{"sku":{"name":"Standard_GRS","tier":"Standard"},"kind":"BlobStorage","id":"/subscriptions/00000000-0000-0000-0000-000000000000/resourceGroups/databricks-rg-bricks1-tu2tmsprue5yu/providers/Microsoft.Storage/storageAccounts/dbstoragevzlf4vrpig7vw","name":"dbstoragevzlf4vrpig7vw","type":"Microsoft.Storage/storageAccounts","location":"eastus","tags":{"application":"databricks","databricks-environment":"true"},"properties":{"keyCreationTime":{"key1":"2022-09-26T06:05:25.0277273Z","key2":"2022-09-26T06:05:25.0277273Z"},"privateEndpointConnections":[],"minimumTlsVersion":"TLS1_2","allowBlobPublicAccess":false,"networkAcls":{"bypass":"AzureServices","virtualNetworkRules":[],"ipRules":[],"defaultAction":"Allow"},"supportsHttpsTrafficOnly":true,"encryption":{"services":{"file":{"keyType":"Account","enabled":true,"lastEnabledTime":"2022-09-26T06:05:25.0277273Z"},"blob":{"keyType":"Account","enabled":true,"lastEnabledTime":"2022-09-26T06:05:25.0277273Z"}},"keySource":"Microsoft.Storage"},"accessTier":"Hot","provisioningState":"Succeeded","creationTime":"2022-09-26T06:05:24.8871239Z","primaryEndpoints":{"dfs":"https://dbstoragevzlf4vrpig7vw.dfs.core.windows.net/","blob":"https://dbstoragevzlf4vrpig7vw.blob.core.windows.net/","table":"https://dbstoragevzlf4vrpig7vw.table.core.windows.net/"},"primaryLocation":"eastus","statusOfPrimary":"available","secondaryLocation":"westus","statusOfSecondary":"available"}},{"sku":{"name":"Standard_RAGRS","tier":"Standard"},"kind":"StorageV2","id":"/subscriptions/00000000-0000-0000-0000-000000000000/resourceGroups/AzSecPackAutoConfigRG/providers/Microsoft.Storage/storageAccounts/newaccount1","name":"newaccount1","type":"Microsoft.Storage/storageAccounts","location":"eastus","tags":{},"properties":{"defaultToOAuthAuthentication":false,"keyCreationTime":{"key1":"2022-03-26T03:20:36.6611957Z","key2":"2022-03-26T03:20:36.6611957Z"},"allowCrossTenantReplication":true,"privateEndpointConnections":[],"minimumTlsVersion":"TLS1_2","allowBlobPublicAccess":true,"allowSharedKeyAccess":true,"networkAcls":{"bypass":"AzureServices","virtualNetworkRules":[],"ipRules":[],"defaultAction":"Allow"},"supportsHttpsTrafficOnly":true,"encryption":{"requireInfrastructureEncryption":false,"services":{"file":{"keyType":"Account","enabled":true,"lastEnabledTime":"2022-03-26T03:20:36.6611957Z"},"blob":{"keyType":"Account","enabled":true,"lastEnabledTime":"2022-03-26T03:20:36.6611957Z"}},"keySource":"Microsoft.Storage"},"accessTier":"Hot","provisioningState":"Succeeded","creationTime":"2022-03-26T03:20:36.5362343Z","primaryEndpoints":{"dfs":"https://newaccount1.dfs.core.windows.net/","web":"https://newaccount1.z13.web.core.windows.net/","blob":"https://newaccount1.blob.core.windows.net/","queue":"https://newaccount1.queue.core.windows.net/","table":"https://newaccount1.table.core.windows.net/","file":"https://newaccount1.file.core.windows.net/"},"primaryLocation":"eastus","statusOfPrimary":"available","secondaryLocation":"westus","statusOfSecondary":"available","secondaryEndpoints":{"dfs":"https://newaccount1-secondary.dfs.core.windows.net/","web":"https://newaccount1-secondary.z13.web.core.windows.net/","blob":"https://newaccount1-secondary.blob.core.windows.net/","queue":"https://newaccount1-secondary.queue.core.windows.net/","table":"https://newaccount1-secondary.table.core.windows.net/"}}},{"sku":{"name":"Standard_LRS","tier":"Standard"},"kind":"StorageV2","id":"/subscriptions/00000000-0000-0000-0000-000000000000/resourceGroups/CustomerExperienceTeam_RG/providers/Microsoft.Storage/storageAccounts/sqlva4u3gxsqw67v5w","name":"sqlva4u3gxsqw67v5w","type":"Microsoft.Storage/storageAccounts","location":"eastus","tags":{},"properties":{"keyCreationTime":{"key1":"2021-10-11T09:22:35.6559729Z","key2":"2021-10-11T09:22:35.6559729Z"},"privateEndpointConnections":[],"minimumTlsVersion":"TLS1_2","allowBlobPublicAccess":false,"networkAcls":{"bypass":"AzureServices","virtualNetworkRules":[],"ipRules":[],"defaultAction":"Allow"},"supportsHttpsTrafficOnly":true,"encryption":{"services":{"file":{"keyType":"Account","enabled":true,"lastEnabledTime":"2021-10-11T09:22:35.6559729Z"},"blob":{"keyType":"Account","enabled":true,"lastEnabledTime":"2021-10-11T09:22:35.6559729Z"}},"keySource":"Microsoft.Storage"},"accessTier":"Hot","provisioningState":"Succeeded","creationTime":"2021-10-11T09:22:35.5622167Z","primaryEndpoints":{"dfs":"https://sqlva4u3gxsqw67v5w.dfs.core.windows.net/","web":"https://sqlva4u3gxsqw67v5w.z13.web.core.windows.net/","blob":"https://sqlva4u3gxsqw67v5w.blob.core.windows.net/","queue":"https://sqlva4u3gxsqw67v5w.queue.core.windows.net/","table":"https://sqlva4u3gxsqw67v5w.table.core.windows.net/","file":"https://sqlva4u3gxsqw67v5w.file.core.windows.net/"},"primaryLocation":"eastus","statusOfPrimary":"available"}},{"sku":{"name":"Standard_LRS","tier":"Standard"},"kind":"StorageV2","id":"/subscriptions/00000000-0000-0000-0000-000000000000/resourceGroups/cloud-shell-storage-westeurope/providers/Microsoft.Storage/storageAccounts/csb100300008ef207a4","name":"csb100300008ef207a4","type":"Microsoft.Storage/storageAccounts","location":"westeurope","tags":{"ms-resource-usage":"azure-cloud-shell"},"properties":{"keyCreationTime":{"key1":"2021-10-01T16:54:53.7731258Z","key2":"2021-10-01T16:54:53.7731258Z"},"privateEndpointConnections":[],"minimumTlsVersion":"TLS1_2","allowBlobPublicAccess":false,"networkAcls":{"bypass":"AzureServices","virtualNetworkRules":[],"ipRules":[],"defaultAction":"Allow"},"supportsHttpsTrafficOnly":true,"encryption":{"services":{"file":{"keyType":"Account","enabled":true,"lastEnabledTime":"2021-10-01T16:54:53.7731258Z"},"blob":{"keyType":"Account","enabled":true,"lastEnabledTime":"2021-10-01T16:54:53.7731258Z"}},"keySource":"Microsoft.Storage"},"accessTier":"Hot","provisioningState":"Succeeded","creationTime":"2021-10-01T16:54:53.6794020Z","primaryEndpoints":{"dfs":"https://csb100300008ef207a4.dfs.core.windows.net/","web":"https://csb100300008ef207a4.z6.web.core.windows.net/","blob":"https://csb100300008ef207a4.blob.core.windows.net/","queue":"https://csb100300008ef207a4.queue.core.windows.net/","table":"https://csb100300008ef207a4.table.core.windows.net/","file":"https://csb100300008ef207a4.file.core.windows.net/"},"primaryLocation":"westeurope","statusOfPrimary":"available"}},{"sku":{"name":"Standard_LRS","tier":"Standard"},"kind":"StorageV2","id":"/subscriptions/00000000-0000-0000-0000-000000000000/resourceGroups/cloud-shell-storage-westeurope/providers/Microsoft.Storage/storageAccounts/csb10032001244bcba5","name":"csb10032001244bcba5","type":"Microsoft.Storage/storageAccounts","location":"westeurope","tags":{"ms-resource-usage":"azure-cloud-shell"},"properties":{"keyCreationTime":{"key1":"2021-12-14T09:11:34.0379973Z","key2":"2021-12-14T09:11:34.0379973Z"},"privateEndpointConnections":[],"minimumTlsVersion":"TLS1_2","allowBlobPublicAccess":false,"networkAcls":{"bypass":"AzureServices","virtualNetworkRules":[],"ipRules":[],"defaultAction":"Allow"},"supportsHttpsTrafficOnly":true,"encryption":{"services":{"file":{"keyType":"Account","enabled":true,"lastEnabledTime":"2021-12-14T09:11:34.0536444Z"},"blob":{"keyType":"Account","enabled":true,"lastEnabledTime":"2021-12-14T09:11:34.0536444Z"}},"keySource":"Microsoft.Storage"},"accessTier":"Hot","provisioningState":"Succeeded","creationTime":"2021-12-14T09:11:33.9286203Z","primaryEndpoints":{"dfs":"https://csb10032001244bcba5.dfs.core.windows.net/","web":"https://csb10032001244bcba5.z6.web.core.windows.net/","blob":"https://csb10032001244bcba5.blob.core.windows.net/","queue":"https://csb10032001244bcba5.queue.core.windows.net/","table":"https://csb10032001244bcba5.table.core.windows.net/","file":"https://csb10032001244bcba5.file.core.windows.net/"},"primaryLocation":"westeurope","statusOfPrimary":"available"}},{"sku":{"name":"Standard_LRS","tier":"Standard"},"kind":"StorageV2","id":"/subscriptions/00000000-0000-0000-0000-000000000000/resourceGroups/cloud-shell-storage-westeurope/providers/Microsoft.Storage/storageAccounts/csb10032001245147f9","name":"csb10032001245147f9","type":"Microsoft.Storage/storageAccounts","location":"westeurope","tags":{"ms-resource-usage":"azure-cloud-shell"},"properties":{"keyCreationTime":{"key1":"2022-05-20T10:20:05.4122226Z","key2":"2022-05-20T10:20:05.4122226Z"},"privateEndpointConnections":[],"minimumTlsVersion":"TLS1_2","allowBlobPublicAccess":false,"networkAcls":{"bypass":"AzureServices","virtualNetworkRules":[],"ipRules":[],"defaultAction":"Allow"},"supportsHttpsTrafficOnly":true,"encryption":{"services":{"file":{"keyType":"Account","enabled":true,"lastEnabledTime":"2022-05-20T10:20:05.4122226Z"},"blob":{"keyType":"Account","enabled":true,"lastEnabledTime":"2022-05-20T10:20:05.4122226Z"}},"keySource":"Microsoft.Storage"},"accessTier":"Hot","provisioningState":"Succeeded","creationTime":"2022-05-20T10:20:05.2715630Z","primaryEndpoints":{"dfs":"https://csb10032001245147f9.dfs.core.windows.net/","web":"https://csb10032001245147f9.z6.web.core.windows.net/","blob":"https://csb10032001245147f9.blob.core.windows.net/","queue":"https://csb10032001245147f9.queue.core.windows.net/","table":"https://csb10032001245147f9.table.core.windows.net/","file":"https://csb10032001245147f9.file.core.windows.net/"},"primaryLocation":"westeurope","statusOfPrimary":"available"}},{"sku":{"name":"Standard_LRS","tier":"Standard"},"kind":"StorageV2","id":"/subscriptions/00000000-0000-0000-0000-000000000000/resourceGroups/cloud-shell-storage-westeurope/providers/Microsoft.Storage/storageAccounts/csb1003200189f49008","name":"csb1003200189f49008","type":"Microsoft.Storage/storageAccounts","location":"westeurope","tags":{"ms-resource-usage":"azure-cloud-shell"},"properties":{"keyCreationTime":{"key1":"2022-04-13T15:05:37.3646383Z","key2":"2022-04-13T15:05:37.3646383Z"},"privateEndpointConnections":[],"minimumTlsVersion":"TLS1_2","allowBlobPublicAccess":false,"networkAcls":{"bypass":"AzureServices","virtualNetworkRules":[],"ipRules":[],"defaultAction":"Allow"},"supportsHttpsTrafficOnly":true,"encryption":{"services":{"file":{"keyType":"Account","enabled":true,"lastEnabledTime":"2022-04-13T15:05:37.3802827Z"},"blob":{"keyType":"Account","enabled":true,"lastEnabledTime":"2022-04-13T15:05:37.3802827Z"}},"keySource":"Microsoft.Storage"},"accessTier":"Hot","provisioningState":"Succeeded","creationTime":"2022-04-13T15:05:37.1615335Z","primaryEndpoints":{"dfs":"https://csb1003200189f49008.dfs.core.windows.net/","web":"https://csb1003200189f49008.z6.web.core.windows.net/","blob":"https://csb1003200189f49008.blob.core.windows.net/","queue":"https://csb1003200189f49008.queue.core.windows.net/","table":"https://csb1003200189f49008.table.core.windows.net/","file":"https://csb1003200189f49008.file.core.windows.net/"},"primaryLocation":"westeurope","statusOfPrimary":"available"}},{"sku":{"name":"Standard_LRS","tier":"Standard"},"kind":"StorageV2","id":"/subscriptions/00000000-0000-0000-0000-000000000000/resourceGroups/CustomerExperienceTeam_RG/providers/Microsoft.Storage/storageAccounts/sqlvamur4xit3brvkq","name":"sqlvamur4xit3brvkq","type":"Microsoft.Storage/storageAccounts","location":"westeurope","tags":{},"properties":{"keyCreationTime":{"key1":"2021-09-24T12:48:32.4223534Z","key2":"2021-09-24T12:48:32.4223534Z"},"privateEndpointConnections":[],"minimumTlsVersion":"TLS1_2","allowBlobPublicAccess":false,"networkAcls":{"bypass":"AzureServices","virtualNetworkRules":[],"ipRules":[],"defaultAction":"Allow"},"supportsHttpsTrafficOnly":true,"encryption":{"services":{"file":{"keyType":"Account","enabled":true,"lastEnabledTime":"2021-09-24T12:48:32.4223534Z"},"blob":{"keyType":"Account","enabled":true,"lastEnabledTime":"2021-09-24T12:48:32.4223534Z"}},"keySource":"Microsoft.Storage"},"accessTier":"Hot","provisioningState":"Succeeded","creationTime":"2021-09-24T12:48:32.3129841Z","primaryEndpoints":{"dfs":"https://sqlvamur4xit3brvkq.dfs.core.windows.net/","web":"https://sqlvamur4xit3brvkq.z6.web.core.windows.net/","blob":"https://sqlvamur4xit3brvkq.blob.core.windows.net/","queue":"https://sqlvamur4xit3brvkq.queue.core.windows.net/","table":"https://sqlvamur4xit3brvkq.table.core.windows.net/","file":"https://sqlvamur4xit3brvkq.file.core.windows.net/"},"primaryLocation":"westeurope","statusOfPrimary":"available"}},{"sku":{"name":"Standard_LRS","tier":"Standard"},"kind":"StorageV2","id":"/subscriptions/00000000-0000-0000-0000-000000000000/resourceGroups/cloud-shell-storage-centralindia/providers/Microsoft.Storage/storageAccounts/csg10032001a4568f91","name":"csg10032001a4568f91","type":"Microsoft.Storage/storageAccounts","location":"centralindia","tags":{"ms-resource-usage":"azure-cloud-shell"},"properties":{"keyCreationTime":{"key1":"2022-09-19T10:31:40.7785951Z","key2":"2022-09-19T10:31:40.7785951Z"},"privateEndpointConnections":[],"minimumTlsVersion":"TLS1_2","allowBlobPublicAccess":false,"networkAcls":{"bypass":"AzureServices","virtualNetworkRules":[],"ipRules":[],"defaultAction":"Allow"},"supportsHttpsTrafficOnly":true,"encryption":{"services":{"file":{"keyType":"Account","enabled":true,"lastEnabledTime":"2022-09-19T10:31:40.7785951Z"},"blob":{"keyType":"Account","enabled":true,"lastEnabledTime":"2022-09-19T10:31:40.7785951Z"}},"keySource":"Microsoft.Storage"},"accessTier":"Hot","provisioningState":"Succeeded","creationTime":"2022-09-19T10:31:40.7317166Z","primaryEndpoints":{"dfs":"https://csg10032001a4568f91.dfs.core.windows.net/","web":"https://csg10032001a4568f91.z29.web.core.windows.net/","blob":"https://csg10032001a4568f91.blob.core.windows.net/","queue":"https://csg10032001a4568f91.queue.core.windows.net/","table":"https://csg10032001a4568f91.table.core.windows.net/","file":"https://csg10032001a4568f91.file.core.windows.net/"},"primaryLocation":"centralindia","statusOfPrimary":"available"}},{"sku":{"name":"Standard_LRS","tier":"Standard"},"kind":"StorageV2","id":"/subscriptions/00000000-0000-0000-0000-000000000000/resourceGroups/CustomerExperienceTeam_RG/providers/Microsoft.Storage/storageAccounts/backupscxteam","name":"backupscxteam","type":"Microsoft.Storage/storageAccounts","location":"westcentralus","tags":{},"properties":{"defaultToOAuthAuthentication":false,"keyCreationTime":{"key1":"2021-10-13T10:28:41.0930143Z","key2":"2021-10-13T10:28:41.0930143Z"},"allowCrossTenantReplication":true,"privateEndpointConnections":[],"minimumTlsVersion":"TLS1_2","allowBlobPublicAccess":true,"allowSharedKeyAccess":true,"networkAcls":{"bypass":"AzureServices","virtualNetworkRules":[],"ipRules":[],"defaultAction":"Allow"},"supportsHttpsTrafficOnly":true,"encryption":{"services":{"file":{"keyType":"Account","enabled":true,"lastEnabledTime":"2021-10-13T10:28:41.0930143Z"},"blob":{"keyType":"Account","enabled":true,"lastEnabledTime":"2021-10-13T10:28:41.0930143Z"}},"keySource":"Microsoft.Storage"},"accessTier":"Hot","provisioningState":"Succeeded","creationTime":"2021-10-13T10:28:41.0306045Z","primaryEndpoints":{"dfs":"https://backupscxteam.dfs.core.windows.net/","web":"https://backupscxteam.z4.web.core.windows.net/","blob":"https://backupscxteam.blob.core.windows.net/","queue":"https://backupscxteam.queue.core.windows.net/","table":"https://backupscxteam.table.core.windows.net/","file":"https://backupscxteam.file.core.windows.net/"},"primaryLocation":"westcentralus","statusOfPrimary":"available"}},{"sku":{"name":"Standard_LRS","tier":"Standard"},"kind":"StorageV2","id":"/subscriptions/00000000-0000-0000-0000-000000000000/resourceGroups/CustomerExperienceTeam_RG/providers/Microsoft.Storage/storageAccounts/sqlvaiyw4didivjdlw","name":"sqlvaiyw4didivjdlw","type":"Microsoft.Storage/storageAccounts","location":"westcentralus","tags":{},"properties":{"keyCreationTime":{"key1":"2021-09-24T14:06:11.4710222Z","key2":"2021-09-24T14:06:11.4710222Z"},"privateEndpointConnections":[],"minimumTlsVersion":"TLS1_2","allowBlobPublicAccess":false,"networkAcls":{"bypass":"AzureServices","virtualNetworkRules":[],"ipRules":[],"defaultAction":"Allow"},"supportsHttpsTrafficOnly":true,"encryption":{"services":{"file":{"keyType":"Account","enabled":true,"lastEnabledTime":"2021-09-24T14:06:11.4710222Z"},"blob":{"keyType":"Account","enabled":true,"lastEnabledTime":"2021-09-24T14:06:11.4710222Z"}},"keySource":"Microsoft.Storage"},"accessTier":"Hot","provisioningState":"Succeeded","creationTime":"2021-09-24T14:06:11.4085238Z","primaryEndpoints":{"dfs":"https://sqlvaiyw4didivjdlw.dfs.core.windows.net/","web":"https://sqlvaiyw4didivjdlw.z4.web.core.windows.net/","blob":"https://sqlvaiyw4didivjdlw.blob.core.windows.net/","queue":"https://sqlvaiyw4didivjdlw.queue.core.windows.net/","table":"https://sqlvaiyw4didivjdlw.table.core.windows.net/","file":"https://sqlvaiyw4didivjdlw.file.core.windows.net/"},"primaryLocation":"westcentralus","statusOfPrimary":"available"}},{"sku":{"name":"Standard_LRS","tier":"Standard"},"kind":"StorageV2","id":"/subscriptions/00000000-0000-0000-0000-000000000000/resourceGroups/PrivateLinkTesting/providers/Microsoft.Storage/storageAccounts/sqlvazopuvo6guesu4","name":"sqlvazopuvo6guesu4","type":"Microsoft.Storage/storageAccounts","location":"westcentralus","tags":{},"properties":{"keyCreationTime":{"key1":"2022-05-12T12:51:13.8161902Z","key2":"2022-05-12T12:51:13.8161902Z"},"privateEndpointConnections":[],"minimumTlsVersion":"TLS1_2","allowBlobPublicAccess":false,"networkAcls":{"bypass":"AzureServices","virtualNetworkRules":[],"ipRules":[],"defaultAction":"Allow"},"supportsHttpsTrafficOnly":true,"encryption":{"services":{"file":{"keyType":"Account","enabled":true,"lastEnabledTime":"2022-05-12T12:51:13.8161902Z"},"blob":{"keyType":"Account","enabled":true,"lastEnabledTime":"2022-05-12T12:51:13.8161902Z"}},"keySource":"Microsoft.Storage"},"accessTier":"Hot","provisioningState":"Succeeded","creationTime":"2022-05-12T12:51:13.7380832Z","primaryEndpoints":{"dfs":"https://sqlvazopuvo6guesu4.dfs.core.windows.net/","web":"https://sqlvazopuvo6guesu4.z4.web.core.windows.net/","blob":"https://sqlvazopuvo6guesu4.blob.core.windows.net/","queue":"https://sqlvazopuvo6guesu4.queue.core.windows.net/","table":"https://sqlvazopuvo6guesu4.table.core.windows.net/","file":"https://sqlvazopuvo6guesu4.file.core.windows.net/"},"primaryLocation":"westcentralus","statusOfPrimary":"available"}}]}'
    headers:
      cache-control:
      - no-cache
      content-length:
      - '19518'
      content-type:
      - application/json; charset=utf-8
      date:
      - Wed, 05 Oct 2022 16:07:07 GMT
      expires:
      - '-1'
      pragma:
      - no-cache
      strict-transport-security:
      - max-age=31536000; includeSubDomains
      vary:
      - Accept-Encoding
      x-content-type-options:
      - nosniff
      x-ms-original-request-ids:
      - 4a3531bf-2b62-4755-8646-8cd358902638
      - d354be69-9eed-410c-90e3-ee284eb1e6f3
      - ff166849-27d7-4991-8ca7-82849042eaef
      - 83034ddd-797a-427c-b811-8b3e3521eda8
    status:
      code: 200
      message: OK
- request:
    body: null
    headers:
      Accept:
      - application/json
      Accept-Encoding:
      - gzip, deflate
      CommandName:
      - storage blob generate-sas
      Connection:
      - keep-alive
      Content-Length:
      - '0'
      ParameterSetName:
      - --account-name -c -n --permissions --expiry
      User-Agent:
      - AZURECLI/2.40.0 azsdk-python-azure-mgmt-storage/20.1.0 Python/3.8.3 (Windows-10-10.0.17763-SP0)
    method: POST
    uri: https://management.azure.com/subscriptions/00000000-0000-0000-0000-000000000000/resourceGroups/clitest.rg000001/providers/Microsoft.Storage/storageAccounts/clitest000003/listKeys?api-version=2022-05-01&$expand=kerb
  response:
    body:
      string: '{"keys":[{"creationTime":"2022-10-05T16:03:36.4990410Z","keyName":"key1","value":"veryFakedStorageAccountKey==","permissions":"FULL"},{"creationTime":"2022-10-05T16:03:36.4990410Z","keyName":"key2","value":"veryFakedStorageAccountKey==","permissions":"FULL"}]}'
    headers:
      cache-control:
      - no-cache
      content-length:
      - '260'
      content-type:
      - application/json
      date:
      - Wed, 05 Oct 2022 16:07:08 GMT
      expires:
      - '-1'
      pragma:
      - no-cache
      server:
      - Microsoft-Azure-Storage-Resource-Provider/1.0,Microsoft-HTTPAPI/2.0 Microsoft-HTTPAPI/2.0
      strict-transport-security:
      - max-age=31536000; includeSubDomains
      transfer-encoding:
      - chunked
      vary:
      - Accept-Encoding
      x-content-type-options:
      - nosniff
      x-ms-ratelimit-remaining-subscription-resource-requests:
      - '11999'
    status:
      code: 200
      message: OK
- request:
    body: null
    headers:
      Accept:
      - application/xml
      Accept-Encoding:
      - gzip, deflate
      CommandName:
      - storage container create
      Connection:
      - keep-alive
      Content-Length:
      - '0'
      ParameterSetName:
      - -n --account-name --account-key
      User-Agent:
      - AZURECLI/2.40.0 azsdk-python-storage-blob/12.12.0 Python/3.8.3 (Windows-10-10.0.17763-SP0)
      x-ms-date:
      - Wed, 05 Oct 2022 16:07:09 GMT
      x-ms-version:
      - '2021-06-08'
    method: PUT
    uri: https://clitest000003.blob.core.windows.net/bacpacs?restype=container
  response:
    body:
      string: ''
    headers:
      content-length:
      - '0'
      date:
      - Wed, 05 Oct 2022 16:07:09 GMT
      etag:
      - '"0x8DAA6EBA84ED4FD"'
      last-modified:
      - Wed, 05 Oct 2022 16:07:09 GMT
      server:
      - Windows-Azure-Blob/1.0 Microsoft-HTTPAPI/2.0
      x-ms-version:
      - '2021-06-08'
    status:
      code: 201
      message: Created
- request:
    body: '{"storageKeyType": "StorageAccessKey", "storageKey": "veryFakedStorageAccountKey==",
      "storageUri": "https://clitest000003.blob.core.windows.net/bacpacs/testbacpac.bacpac",
      "administratorLogin": "admin123", "administratorLoginPassword": "SecretPassword123"}'
    headers:
      Accept:
      - application/json
      Accept-Encoding:
      - gzip, deflate
      CommandName:
      - sql db export
      Connection:
      - keep-alive
      Content-Length:
      - '256'
      Content-Type:
      - application/json
      ParameterSetName:
      - -s -n -g -p -u --storage-key --storage-key-type --storage-uri
      User-Agent:
      - AZURECLI/2.40.0 azsdk-python-mgmt-sql/4.0.0b4 Python/3.8.3 (Windows-10-10.0.17763-SP0)
    method: POST
    uri: https://management.azure.com/subscriptions/00000000-0000-0000-0000-000000000000/resourceGroups/clitest.rg000001/providers/Microsoft.Sql/servers/clitestserver000002/databases/cliautomationdb01/export?api-version=2022-02-01-preview
  response:
    body:
      string: '{"operation":"Export","startTime":"2022-10-05T16:07:10.4208961Z"}'
    headers:
      azure-asyncoperation:
      - https://management.azure.com/subscriptions/00000000-0000-0000-0000-000000000000/providers/Microsoft.Sql/locations/eastus/importExportAzureAsyncOperation/5cb7cf42-bb86-483f-9bb2-2374f96c7d71-clitestserver000002?api-version=2022-02-01-preview
      cache-control:
      - no-cache
      content-length:
      - '65'
      content-type:
      - application/json; charset=utf-8
      date:
      - Wed, 05 Oct 2022 16:07:10 GMT
      expires:
      - '-1'
      location:
      - https://management.azure.com/subscriptions/00000000-0000-0000-0000-000000000000/providers/Microsoft.Sql/locations/eastus/importExportOperationResults/5cb7cf42-bb86-483f-9bb2-2374f96c7d71-clitestserver000002?api-version=2022-02-01-preview
      pragma:
      - no-cache
      server:
      - Microsoft-HTTPAPI/2.0
      strict-transport-security:
      - max-age=31536000; includeSubDomains
      x-content-type-options:
      - nosniff
      x-ms-ratelimit-remaining-subscription-writes:
      - '1199'
    status:
      code: 202
      message: Accepted
- request:
    body: null
    headers:
      Accept:
      - '*/*'
      Accept-Encoding:
      - gzip, deflate
      CommandName:
      - sql db export
      Connection:
      - keep-alive
      ParameterSetName:
      - -s -n -g -p -u --storage-key --storage-key-type --storage-uri
      User-Agent:
      - AZURECLI/2.40.0 azsdk-python-mgmt-sql/4.0.0b4 Python/3.8.3 (Windows-10-10.0.17763-SP0)
    method: GET
    uri: https://management.azure.com/subscriptions/00000000-0000-0000-0000-000000000000/providers/Microsoft.Sql/locations/eastus/importExportAzureAsyncOperation/5cb7cf42-bb86-483f-9bb2-2374f96c7d71-clitestserver000002?api-version=2022-02-01-preview
  response:
    body:
      string: '{"name":"5cb7cf42-bb86-483f-9bb2-2374f96c7d71","status":"InProgress","startTime":"2022-10-05T16:07:10Z"}'
    headers:
      cache-control:
      - no-cache
      content-length:
      - '104'
      content-type:
      - application/json; charset=utf-8
      date:
      - Wed, 05 Oct 2022 16:07:25 GMT
      expires:
      - '-1'
      pragma:
      - no-cache
      server:
      - Microsoft-HTTPAPI/2.0
      strict-transport-security:
      - max-age=31536000; includeSubDomains
      transfer-encoding:
      - chunked
      vary:
      - Accept-Encoding
      x-content-type-options:
      - nosniff
    status:
      code: 200
      message: OK
- request:
    body: null
    headers:
      Accept:
      - '*/*'
      Accept-Encoding:
      - gzip, deflate
      CommandName:
      - sql db export
      Connection:
      - keep-alive
      ParameterSetName:
      - -s -n -g -p -u --storage-key --storage-key-type --storage-uri
      User-Agent:
      - AZURECLI/2.40.0 azsdk-python-mgmt-sql/4.0.0b4 Python/3.8.3 (Windows-10-10.0.17763-SP0)
    method: GET
    uri: https://management.azure.com/subscriptions/00000000-0000-0000-0000-000000000000/providers/Microsoft.Sql/locations/eastus/importExportAzureAsyncOperation/5cb7cf42-bb86-483f-9bb2-2374f96c7d71-clitestserver000002?api-version=2022-02-01-preview
  response:
    body:
      string: '{"name":"5cb7cf42-bb86-483f-9bb2-2374f96c7d71","status":"InProgress","startTime":"2022-10-05T16:07:10Z"}'
    headers:
      cache-control:
      - no-cache
      content-length:
      - '104'
      content-type:
      - application/json; charset=utf-8
      date:
      - Wed, 05 Oct 2022 16:07:40 GMT
      expires:
      - '-1'
      pragma:
      - no-cache
      server:
      - Microsoft-HTTPAPI/2.0
      strict-transport-security:
      - max-age=31536000; includeSubDomains
      transfer-encoding:
      - chunked
      vary:
      - Accept-Encoding
      x-content-type-options:
      - nosniff
    status:
      code: 200
      message: OK
- request:
    body: null
    headers:
      Accept:
      - '*/*'
      Accept-Encoding:
      - gzip, deflate
      CommandName:
      - sql db export
      Connection:
      - keep-alive
      ParameterSetName:
      - -s -n -g -p -u --storage-key --storage-key-type --storage-uri
      User-Agent:
      - AZURECLI/2.40.0 azsdk-python-mgmt-sql/4.0.0b4 Python/3.8.3 (Windows-10-10.0.17763-SP0)
    method: GET
    uri: https://management.azure.com/subscriptions/00000000-0000-0000-0000-000000000000/providers/Microsoft.Sql/locations/eastus/importExportAzureAsyncOperation/5cb7cf42-bb86-483f-9bb2-2374f96c7d71-clitestserver000002?api-version=2022-02-01-preview
  response:
    body:
      string: '{"name":"5cb7cf42-bb86-483f-9bb2-2374f96c7d71","status":"InProgress","startTime":"2022-10-05T16:07:10Z"}'
    headers:
      cache-control:
      - no-cache
      content-length:
      - '104'
      content-type:
      - application/json; charset=utf-8
      date:
      - Wed, 05 Oct 2022 16:07:55 GMT
      expires:
      - '-1'
      pragma:
      - no-cache
      server:
      - Microsoft-HTTPAPI/2.0
      strict-transport-security:
      - max-age=31536000; includeSubDomains
      transfer-encoding:
      - chunked
      vary:
      - Accept-Encoding
      x-content-type-options:
      - nosniff
    status:
      code: 200
      message: OK
- request:
    body: null
    headers:
      Accept:
      - '*/*'
      Accept-Encoding:
      - gzip, deflate
      CommandName:
      - sql db export
      Connection:
      - keep-alive
      ParameterSetName:
      - -s -n -g -p -u --storage-key --storage-key-type --storage-uri
      User-Agent:
      - AZURECLI/2.40.0 azsdk-python-mgmt-sql/4.0.0b4 Python/3.8.3 (Windows-10-10.0.17763-SP0)
    method: GET
    uri: https://management.azure.com/subscriptions/00000000-0000-0000-0000-000000000000/providers/Microsoft.Sql/locations/eastus/importExportAzureAsyncOperation/5cb7cf42-bb86-483f-9bb2-2374f96c7d71-clitestserver000002?api-version=2022-02-01-preview
  response:
    body:
      string: '{"name":"5cb7cf42-bb86-483f-9bb2-2374f96c7d71","status":"InProgress","startTime":"2022-10-05T16:08:10Z"}'
    headers:
      cache-control:
      - no-cache
      content-length:
      - '104'
      content-type:
      - application/json; charset=utf-8
      date:
      - Wed, 05 Oct 2022 16:08:11 GMT
      expires:
      - '-1'
      pragma:
      - no-cache
      server:
      - Microsoft-HTTPAPI/2.0
      strict-transport-security:
      - max-age=31536000; includeSubDomains
      transfer-encoding:
      - chunked
      vary:
      - Accept-Encoding
      x-content-type-options:
      - nosniff
    status:
      code: 200
      message: OK
- request:
    body: null
    headers:
      Accept:
      - '*/*'
      Accept-Encoding:
      - gzip, deflate
      CommandName:
      - sql db export
      Connection:
      - keep-alive
      ParameterSetName:
      - -s -n -g -p -u --storage-key --storage-key-type --storage-uri
      User-Agent:
      - AZURECLI/2.40.0 azsdk-python-mgmt-sql/4.0.0b4 Python/3.8.3 (Windows-10-10.0.17763-SP0)
    method: GET
    uri: https://management.azure.com/subscriptions/00000000-0000-0000-0000-000000000000/providers/Microsoft.Sql/locations/eastus/importExportAzureAsyncOperation/5cb7cf42-bb86-483f-9bb2-2374f96c7d71-clitestserver000002?api-version=2022-02-01-preview
  response:
    body:
      string: '{"name":"5cb7cf42-bb86-483f-9bb2-2374f96c7d71","status":"Succeeded","startTime":"2022-10-05T16:08:14Z"}'
    headers:
      cache-control:
      - no-cache
      content-length:
      - '103'
      content-type:
      - application/json; charset=utf-8
      date:
      - Wed, 05 Oct 2022 16:08:26 GMT
      expires:
      - '-1'
      pragma:
      - no-cache
      server:
      - Microsoft-HTTPAPI/2.0
      strict-transport-security:
      - max-age=31536000; includeSubDomains
      transfer-encoding:
      - chunked
      vary:
      - Accept-Encoding
      x-content-type-options:
      - nosniff
    status:
      code: 200
      message: OK
- request:
    body: null
    headers:
      Accept:
      - '*/*'
      Accept-Encoding:
      - gzip, deflate
      CommandName:
      - sql db export
      Connection:
      - keep-alive
      ParameterSetName:
      - -s -n -g -p -u --storage-key --storage-key-type --storage-uri
      User-Agent:
      - AZURECLI/2.40.0 azsdk-python-mgmt-sql/4.0.0b4 Python/3.8.3 (Windows-10-10.0.17763-SP0)
    method: GET
    uri: https://management.azure.com/subscriptions/00000000-0000-0000-0000-000000000000/providers/Microsoft.Sql/locations/eastus/importExportOperationResults/5cb7cf42-bb86-483f-9bb2-2374f96c7d71-clitestserver000002?api-version=2022-02-01-preview
  response:
    body:
      string: '{"properties":{"requestId":"5cb7cf42-bb86-483f-9bb2-2374f96c7d71","requestType":"ExportDatabase","queuedTime":"10/5/2022
        4:07:10 PM","lastModifiedTime":"10/5/2022 4:08:14 PM","blobUri":"https://clitest000003.blob.core.windows.net/bacpacs/testbacpac.bacpac","serverName":"clitestserver000002","databaseName":"cliautomationdb01","status":"Completed","privateEndpointConnections":[]},"id":"5cb7cf42-bb86-483f-9bb2-2374f96c7d71","name":"5cb7cf42-bb86-483f-9bb2-2374f96c7d71","type":"Microsoft.Sql/servers/databases/importExportOperationResults"}'
    headers:
      cache-control:
      - no-cache
      content-length:
      - '541'
      content-type:
      - application/json; charset=utf-8
      date:
      - Wed, 05 Oct 2022 16:08:26 GMT
      expires:
      - '-1'
      pragma:
      - no-cache
      server:
      - Microsoft-HTTPAPI/2.0
      strict-transport-security:
      - max-age=31536000; includeSubDomains
      transfer-encoding:
      - chunked
      vary:
      - Accept-Encoding
      x-content-type-options:
      - nosniff
    status:
      code: 200
      message: OK
- request:
    body: '{"storageKeyType": "SharedAccessKey", "storageKey": "?se=9999-12-25T00%3A00%3A00Z&sp=rw&sv=2021-06-08&sr=b&sig=J7PqZnVp9FK6v3CaKqXEkyau9XLHOFe8UOibynQVHP8%3D",
      "storageUri": "https://clitest000003.blob.core.windows.net/bacpacs/testbacpac2.bacpac",
      "administratorLogin": "admin123", "administratorLoginPassword": "SecretPassword123"}'
    headers:
      Accept:
      - application/json
      Accept-Encoding:
      - gzip, deflate
      CommandName:
      - sql db export
      Connection:
      - keep-alive
      Content-Length:
      - '332'
      Content-Type:
      - application/json
      ParameterSetName:
      - -s -n -g -p -u --storage-key --storage-key-type --storage-uri
      User-Agent:
      - AZURECLI/2.40.0 azsdk-python-mgmt-sql/4.0.0b4 Python/3.8.3 (Windows-10-10.0.17763-SP0)
    method: POST
    uri: https://management.azure.com/subscriptions/00000000-0000-0000-0000-000000000000/resourceGroups/clitest.rg000001/providers/Microsoft.Sql/servers/clitestserver000002/databases/cliautomationdb01/export?api-version=2022-02-01-preview
  response:
    body:
      string: '{"operation":"Export","startTime":"2022-10-05T16:08:28.5508962Z"}'
    headers:
      azure-asyncoperation:
      - https://management.azure.com/subscriptions/00000000-0000-0000-0000-000000000000/providers/Microsoft.Sql/locations/eastus/importExportAzureAsyncOperation/8fe8d7a9-1893-40a7-86eb-1bd2c40b3d26-clitestserver000002?api-version=2022-02-01-preview
      cache-control:
      - no-cache
      content-length:
      - '65'
      content-type:
      - application/json; charset=utf-8
      date:
      - Wed, 05 Oct 2022 16:08:28 GMT
      expires:
      - '-1'
      location:
      - https://management.azure.com/subscriptions/00000000-0000-0000-0000-000000000000/providers/Microsoft.Sql/locations/eastus/importExportOperationResults/8fe8d7a9-1893-40a7-86eb-1bd2c40b3d26-clitestserver000002?api-version=2022-02-01-preview
      pragma:
      - no-cache
      server:
      - Microsoft-HTTPAPI/2.0
      strict-transport-security:
      - max-age=31536000; includeSubDomains
      x-content-type-options:
      - nosniff
      x-ms-ratelimit-remaining-subscription-writes:
      - '1199'
    status:
      code: 202
      message: Accepted
- request:
    body: null
    headers:
      Accept:
      - '*/*'
      Accept-Encoding:
      - gzip, deflate
      CommandName:
      - sql db export
      Connection:
      - keep-alive
      ParameterSetName:
      - -s -n -g -p -u --storage-key --storage-key-type --storage-uri
      User-Agent:
      - AZURECLI/2.40.0 azsdk-python-mgmt-sql/4.0.0b4 Python/3.8.3 (Windows-10-10.0.17763-SP0)
    method: GET
    uri: https://management.azure.com/subscriptions/00000000-0000-0000-0000-000000000000/providers/Microsoft.Sql/locations/eastus/importExportAzureAsyncOperation/8fe8d7a9-1893-40a7-86eb-1bd2c40b3d26-clitestserver000002?api-version=2022-02-01-preview
  response:
    body:
      string: '{"name":"8fe8d7a9-1893-40a7-86eb-1bd2c40b3d26","status":"InProgress","startTime":"2022-10-05T16:08:28Z"}'
    headers:
      cache-control:
      - no-cache
      content-length:
      - '104'
      content-type:
      - application/json; charset=utf-8
      date:
      - Wed, 05 Oct 2022 16:08:42 GMT
      expires:
      - '-1'
      pragma:
      - no-cache
      server:
      - Microsoft-HTTPAPI/2.0
      strict-transport-security:
      - max-age=31536000; includeSubDomains
      transfer-encoding:
      - chunked
      vary:
      - Accept-Encoding
      x-content-type-options:
      - nosniff
    status:
      code: 200
      message: OK
- request:
    body: null
    headers:
      Accept:
      - '*/*'
      Accept-Encoding:
      - gzip, deflate
      CommandName:
      - sql db export
      Connection:
      - keep-alive
      ParameterSetName:
      - -s -n -g -p -u --storage-key --storage-key-type --storage-uri
      User-Agent:
      - AZURECLI/2.40.0 azsdk-python-mgmt-sql/4.0.0b4 Python/3.8.3 (Windows-10-10.0.17763-SP0)
    method: GET
    uri: https://management.azure.com/subscriptions/00000000-0000-0000-0000-000000000000/providers/Microsoft.Sql/locations/eastus/importExportAzureAsyncOperation/8fe8d7a9-1893-40a7-86eb-1bd2c40b3d26-clitestserver000002?api-version=2022-02-01-preview
  response:
    body:
      string: '{"name":"8fe8d7a9-1893-40a7-86eb-1bd2c40b3d26","status":"InProgress","startTime":"2022-10-05T16:08:28Z"}'
    headers:
      cache-control:
      - no-cache
      content-length:
      - '104'
      content-type:
      - application/json; charset=utf-8
      date:
      - Wed, 05 Oct 2022 16:08:58 GMT
      expires:
      - '-1'
      pragma:
      - no-cache
      server:
      - Microsoft-HTTPAPI/2.0
      strict-transport-security:
      - max-age=31536000; includeSubDomains
      transfer-encoding:
      - chunked
      vary:
      - Accept-Encoding
      x-content-type-options:
      - nosniff
    status:
      code: 200
      message: OK
- request:
    body: null
    headers:
      Accept:
      - '*/*'
      Accept-Encoding:
      - gzip, deflate
      CommandName:
      - sql db export
      Connection:
      - keep-alive
      ParameterSetName:
      - -s -n -g -p -u --storage-key --storage-key-type --storage-uri
      User-Agent:
      - AZURECLI/2.40.0 azsdk-python-mgmt-sql/4.0.0b4 Python/3.8.3 (Windows-10-10.0.17763-SP0)
    method: GET
    uri: https://management.azure.com/subscriptions/00000000-0000-0000-0000-000000000000/providers/Microsoft.Sql/locations/eastus/importExportAzureAsyncOperation/8fe8d7a9-1893-40a7-86eb-1bd2c40b3d26-clitestserver000002?api-version=2022-02-01-preview
  response:
    body:
      string: '{"name":"8fe8d7a9-1893-40a7-86eb-1bd2c40b3d26","status":"InProgress","startTime":"2022-10-05T16:08:28Z"}'
    headers:
      cache-control:
      - no-cache
      content-length:
      - '104'
      content-type:
      - application/json; charset=utf-8
      date:
      - Wed, 05 Oct 2022 16:09:13 GMT
      expires:
      - '-1'
      pragma:
      - no-cache
      server:
      - Microsoft-HTTPAPI/2.0
      strict-transport-security:
      - max-age=31536000; includeSubDomains
      transfer-encoding:
      - chunked
      vary:
      - Accept-Encoding
      x-content-type-options:
      - nosniff
    status:
      code: 200
      message: OK
- request:
    body: null
    headers:
      Accept:
      - '*/*'
      Accept-Encoding:
      - gzip, deflate
      CommandName:
      - sql db export
      Connection:
      - keep-alive
      ParameterSetName:
      - -s -n -g -p -u --storage-key --storage-key-type --storage-uri
      User-Agent:
      - AZURECLI/2.40.0 azsdk-python-mgmt-sql/4.0.0b4 Python/3.8.3 (Windows-10-10.0.17763-SP0)
    method: GET
    uri: https://management.azure.com/subscriptions/00000000-0000-0000-0000-000000000000/providers/Microsoft.Sql/locations/eastus/importExportAzureAsyncOperation/8fe8d7a9-1893-40a7-86eb-1bd2c40b3d26-clitestserver000002?api-version=2022-02-01-preview
  response:
    body:
      string: '{"name":"8fe8d7a9-1893-40a7-86eb-1bd2c40b3d26","status":"InProgress","startTime":"2022-10-05T16:09:28Z"}'
    headers:
      cache-control:
      - no-cache
      content-length:
      - '104'
      content-type:
      - application/json; charset=utf-8
      date:
      - Wed, 05 Oct 2022 16:09:29 GMT
      expires:
      - '-1'
      pragma:
      - no-cache
      server:
      - Microsoft-HTTPAPI/2.0
      strict-transport-security:
      - max-age=31536000; includeSubDomains
      transfer-encoding:
      - chunked
      vary:
      - Accept-Encoding
      x-content-type-options:
      - nosniff
    status:
      code: 200
      message: OK
- request:
    body: null
    headers:
      Accept:
      - '*/*'
      Accept-Encoding:
      - gzip, deflate
      CommandName:
      - sql db export
      Connection:
      - keep-alive
      ParameterSetName:
      - -s -n -g -p -u --storage-key --storage-key-type --storage-uri
      User-Agent:
      - AZURECLI/2.40.0 azsdk-python-mgmt-sql/4.0.0b4 Python/3.8.3 (Windows-10-10.0.17763-SP0)
    method: GET
    uri: https://management.azure.com/subscriptions/00000000-0000-0000-0000-000000000000/providers/Microsoft.Sql/locations/eastus/importExportAzureAsyncOperation/8fe8d7a9-1893-40a7-86eb-1bd2c40b3d26-clitestserver000002?api-version=2022-02-01-preview
  response:
    body:
      string: '{"name":"8fe8d7a9-1893-40a7-86eb-1bd2c40b3d26","status":"Succeeded","startTime":"2022-10-05T16:09:42Z"}'
    headers:
      cache-control:
      - no-cache
      content-length:
      - '103'
      content-type:
      - application/json; charset=utf-8
      date:
      - Wed, 05 Oct 2022 16:09:43 GMT
      expires:
      - '-1'
      pragma:
      - no-cache
      server:
      - Microsoft-HTTPAPI/2.0
      strict-transport-security:
      - max-age=31536000; includeSubDomains
      transfer-encoding:
      - chunked
      vary:
      - Accept-Encoding
      x-content-type-options:
      - nosniff
    status:
      code: 200
      message: OK
- request:
    body: null
    headers:
      Accept:
      - '*/*'
      Accept-Encoding:
      - gzip, deflate
      CommandName:
      - sql db export
      Connection:
      - keep-alive
      ParameterSetName:
      - -s -n -g -p -u --storage-key --storage-key-type --storage-uri
      User-Agent:
      - AZURECLI/2.40.0 azsdk-python-mgmt-sql/4.0.0b4 Python/3.8.3 (Windows-10-10.0.17763-SP0)
    method: GET
    uri: https://management.azure.com/subscriptions/00000000-0000-0000-0000-000000000000/providers/Microsoft.Sql/locations/eastus/importExportOperationResults/8fe8d7a9-1893-40a7-86eb-1bd2c40b3d26-clitestserver000002?api-version=2022-02-01-preview
  response:
    body:
      string: '{"properties":{"requestId":"8fe8d7a9-1893-40a7-86eb-1bd2c40b3d26","requestType":"ExportDatabase","queuedTime":"10/5/2022
        4:08:28 PM","lastModifiedTime":"10/5/2022 4:09:42 PM","blobUri":"https://clitest000003.blob.core.windows.net/bacpacs/testbacpac2.bacpac","serverName":"clitestserver000002","databaseName":"cliautomationdb01","status":"Completed","privateEndpointConnections":[]},"id":"8fe8d7a9-1893-40a7-86eb-1bd2c40b3d26","name":"8fe8d7a9-1893-40a7-86eb-1bd2c40b3d26","type":"Microsoft.Sql/servers/databases/importExportOperationResults"}'
    headers:
      cache-control:
      - no-cache
      content-length:
      - '542'
      content-type:
      - application/json; charset=utf-8
      date:
      - Wed, 05 Oct 2022 16:09:43 GMT
      expires:
      - '-1'
      pragma:
      - no-cache
      server:
      - Microsoft-HTTPAPI/2.0
      strict-transport-security:
      - max-age=31536000; includeSubDomains
      transfer-encoding:
      - chunked
      vary:
      - Accept-Encoding
      x-content-type-options:
      - nosniff
    status:
      code: 200
      message: OK
- request:
    body: '{"storageKeyType": "StorageAccessKey", "storageKey": "veryFakedStorageAccountKey==",
      "storageUri": "https://clitest000003.blob.core.windows.net/bacpacs/testbacpac.bacpac",
      "administratorLogin": "admin123", "administratorLoginPassword": "SecretPassword123"}'
    headers:
      Accept:
      - application/json
      Accept-Encoding:
      - gzip, deflate
      CommandName:
      - sql db import
      Connection:
      - keep-alive
      Content-Length:
      - '256'
      Content-Type:
      - application/json
      ParameterSetName:
      - -s -n -g -p -u --storage-key --storage-key-type --storage-uri
      User-Agent:
      - AZURECLI/2.40.0 azsdk-python-mgmt-sql/4.0.0b4 Python/3.8.3 (Windows-10-10.0.17763-SP0)
    method: POST
    uri: https://management.azure.com/subscriptions/00000000-0000-0000-0000-000000000000/resourceGroups/clitest.rg000001/providers/Microsoft.Sql/servers/clitestserver000002/databases/cliautomationdb02/import?api-version=2022-02-01-preview
  response:
    body:
      string: '{"operation":"Import","startTime":"2022-10-05T16:09:45.6811377Z"}'
    headers:
      azure-asyncoperation:
      - https://management.azure.com/subscriptions/00000000-0000-0000-0000-000000000000/providers/Microsoft.Sql/locations/eastus/importExportAzureAsyncOperation/78dedbbe-4877-4482-8eea-1daec1cd4c7a-clitestserver000002?api-version=2022-02-01-preview
      cache-control:
      - no-cache
      content-length:
      - '65'
      content-type:
      - application/json; charset=utf-8
      date:
      - Wed, 05 Oct 2022 16:09:45 GMT
      expires:
      - '-1'
      location:
      - https://management.azure.com/subscriptions/00000000-0000-0000-0000-000000000000/providers/Microsoft.Sql/locations/eastus/importExportOperationResults/78dedbbe-4877-4482-8eea-1daec1cd4c7a-clitestserver000002?api-version=2022-02-01-preview
      pragma:
      - no-cache
      server:
      - Microsoft-HTTPAPI/2.0
      strict-transport-security:
      - max-age=31536000; includeSubDomains
      x-content-type-options:
      - nosniff
      x-ms-ratelimit-remaining-subscription-writes:
      - '1199'
    status:
      code: 202
      message: Accepted
- request:
    body: null
    headers:
      Accept:
      - '*/*'
      Accept-Encoding:
      - gzip, deflate
      CommandName:
      - sql db import
      Connection:
      - keep-alive
      ParameterSetName:
      - -s -n -g -p -u --storage-key --storage-key-type --storage-uri
      User-Agent:
      - AZURECLI/2.40.0 azsdk-python-mgmt-sql/4.0.0b4 Python/3.8.3 (Windows-10-10.0.17763-SP0)
    method: GET
    uri: https://management.azure.com/subscriptions/00000000-0000-0000-0000-000000000000/providers/Microsoft.Sql/locations/eastus/importExportAzureAsyncOperation/78dedbbe-4877-4482-8eea-1daec1cd4c7a-clitestserver000002?api-version=2022-02-01-preview
  response:
    body:
      string: '{"name":"78dedbbe-4877-4482-8eea-1daec1cd4c7a","status":"InProgress","startTime":"2022-10-05T16:09:45Z"}'
    headers:
      cache-control:
      - no-cache
      content-length:
      - '104'
      content-type:
      - application/json; charset=utf-8
      date:
      - Wed, 05 Oct 2022 16:10:00 GMT
      expires:
      - '-1'
      pragma:
      - no-cache
      server:
      - Microsoft-HTTPAPI/2.0
      strict-transport-security:
      - max-age=31536000; includeSubDomains
      transfer-encoding:
      - chunked
      vary:
      - Accept-Encoding
      x-content-type-options:
      - nosniff
    status:
      code: 200
      message: OK
- request:
    body: null
    headers:
      Accept:
      - '*/*'
      Accept-Encoding:
      - gzip, deflate
      CommandName:
      - sql db import
      Connection:
      - keep-alive
      ParameterSetName:
      - -s -n -g -p -u --storage-key --storage-key-type --storage-uri
      User-Agent:
      - AZURECLI/2.40.0 azsdk-python-mgmt-sql/4.0.0b4 Python/3.8.3 (Windows-10-10.0.17763-SP0)
    method: GET
    uri: https://management.azure.com/subscriptions/00000000-0000-0000-0000-000000000000/providers/Microsoft.Sql/locations/eastus/importExportAzureAsyncOperation/78dedbbe-4877-4482-8eea-1daec1cd4c7a-clitestserver000002?api-version=2022-02-01-preview
  response:
    body:
      string: '{"name":"78dedbbe-4877-4482-8eea-1daec1cd4c7a","status":"InProgress","startTime":"2022-10-05T16:09:45Z"}'
    headers:
      cache-control:
      - no-cache
      content-length:
      - '104'
      content-type:
      - application/json; charset=utf-8
      date:
      - Wed, 05 Oct 2022 16:10:15 GMT
      expires:
      - '-1'
      pragma:
      - no-cache
      server:
      - Microsoft-HTTPAPI/2.0
      strict-transport-security:
      - max-age=31536000; includeSubDomains
      transfer-encoding:
      - chunked
      vary:
      - Accept-Encoding
      x-content-type-options:
      - nosniff
    status:
      code: 200
      message: OK
- request:
    body: null
    headers:
      Accept:
      - '*/*'
      Accept-Encoding:
      - gzip, deflate
      CommandName:
      - sql db import
      Connection:
      - keep-alive
      ParameterSetName:
      - -s -n -g -p -u --storage-key --storage-key-type --storage-uri
      User-Agent:
      - AZURECLI/2.40.0 azsdk-python-mgmt-sql/4.0.0b4 Python/3.8.3 (Windows-10-10.0.17763-SP0)
    method: GET
    uri: https://management.azure.com/subscriptions/00000000-0000-0000-0000-000000000000/providers/Microsoft.Sql/locations/eastus/importExportAzureAsyncOperation/78dedbbe-4877-4482-8eea-1daec1cd4c7a-clitestserver000002?api-version=2022-02-01-preview
  response:
    body:
      string: '{"name":"78dedbbe-4877-4482-8eea-1daec1cd4c7a","status":"InProgress","startTime":"2022-10-05T16:09:45Z"}'
    headers:
      cache-control:
      - no-cache
      content-length:
      - '104'
      content-type:
      - application/json; charset=utf-8
      date:
      - Wed, 05 Oct 2022 16:10:30 GMT
      expires:
      - '-1'
      pragma:
      - no-cache
      server:
      - Microsoft-HTTPAPI/2.0
      strict-transport-security:
      - max-age=31536000; includeSubDomains
      transfer-encoding:
      - chunked
      vary:
      - Accept-Encoding
      x-content-type-options:
      - nosniff
    status:
      code: 200
      message: OK
- request:
    body: null
    headers:
      Accept:
      - '*/*'
      Accept-Encoding:
      - gzip, deflate
      CommandName:
      - sql db import
      Connection:
      - keep-alive
      ParameterSetName:
      - -s -n -g -p -u --storage-key --storage-key-type --storage-uri
      User-Agent:
      - AZURECLI/2.40.0 azsdk-python-mgmt-sql/4.0.0b4 Python/3.8.3 (Windows-10-10.0.17763-SP0)
    method: GET
    uri: https://management.azure.com/subscriptions/00000000-0000-0000-0000-000000000000/providers/Microsoft.Sql/locations/eastus/importExportAzureAsyncOperation/78dedbbe-4877-4482-8eea-1daec1cd4c7a-clitestserver000002?api-version=2022-02-01-preview
  response:
    body:
      string: '{"name":"78dedbbe-4877-4482-8eea-1daec1cd4c7a","status":"InProgress","startTime":"2022-10-05T16:10:45Z"}'
    headers:
      cache-control:
      - no-cache
      content-length:
      - '104'
      content-type:
      - application/json; charset=utf-8
      date:
      - Wed, 05 Oct 2022 16:10:45 GMT
      expires:
      - '-1'
      pragma:
      - no-cache
      server:
      - Microsoft-HTTPAPI/2.0
      strict-transport-security:
      - max-age=31536000; includeSubDomains
      transfer-encoding:
      - chunked
      vary:
      - Accept-Encoding
      x-content-type-options:
      - nosniff
    status:
      code: 200
      message: OK
- request:
    body: null
    headers:
      Accept:
      - '*/*'
      Accept-Encoding:
      - gzip, deflate
      CommandName:
      - sql db import
      Connection:
      - keep-alive
      ParameterSetName:
      - -s -n -g -p -u --storage-key --storage-key-type --storage-uri
      User-Agent:
      - AZURECLI/2.40.0 azsdk-python-mgmt-sql/4.0.0b4 Python/3.8.3 (Windows-10-10.0.17763-SP0)
    method: GET
    uri: https://management.azure.com/subscriptions/00000000-0000-0000-0000-000000000000/providers/Microsoft.Sql/locations/eastus/importExportAzureAsyncOperation/78dedbbe-4877-4482-8eea-1daec1cd4c7a-clitestserver000002?api-version=2022-02-01-preview
  response:
    body:
      string: '{"name":"78dedbbe-4877-4482-8eea-1daec1cd4c7a","status":"InProgress","startTime":"2022-10-05T16:10:45Z"}'
    headers:
      cache-control:
      - no-cache
      content-length:
      - '104'
      content-type:
      - application/json; charset=utf-8
      date:
      - Wed, 05 Oct 2022 16:11:01 GMT
      expires:
      - '-1'
      pragma:
      - no-cache
      server:
      - Microsoft-HTTPAPI/2.0
      strict-transport-security:
      - max-age=31536000; includeSubDomains
      transfer-encoding:
      - chunked
      vary:
      - Accept-Encoding
      x-content-type-options:
      - nosniff
    status:
      code: 200
      message: OK
- request:
    body: null
    headers:
      Accept:
      - '*/*'
      Accept-Encoding:
      - gzip, deflate
      CommandName:
      - sql db import
      Connection:
      - keep-alive
      ParameterSetName:
      - -s -n -g -p -u --storage-key --storage-key-type --storage-uri
      User-Agent:
      - AZURECLI/2.40.0 azsdk-python-mgmt-sql/4.0.0b4 Python/3.8.3 (Windows-10-10.0.17763-SP0)
    method: GET
    uri: https://management.azure.com/subscriptions/00000000-0000-0000-0000-000000000000/providers/Microsoft.Sql/locations/eastus/importExportAzureAsyncOperation/78dedbbe-4877-4482-8eea-1daec1cd4c7a-clitestserver000002?api-version=2022-02-01-preview
  response:
    body:
      string: '{"name":"78dedbbe-4877-4482-8eea-1daec1cd4c7a","status":"InProgress","startTime":"2022-10-05T16:10:45Z"}'
    headers:
      cache-control:
      - no-cache
      content-length:
      - '104'
      content-type:
      - application/json; charset=utf-8
      date:
      - Wed, 05 Oct 2022 16:11:16 GMT
      expires:
      - '-1'
      pragma:
      - no-cache
      server:
      - Microsoft-HTTPAPI/2.0
      strict-transport-security:
      - max-age=31536000; includeSubDomains
      transfer-encoding:
      - chunked
      vary:
      - Accept-Encoding
      x-content-type-options:
      - nosniff
    status:
      code: 200
      message: OK
- request:
    body: null
    headers:
      Accept:
      - '*/*'
      Accept-Encoding:
      - gzip, deflate
      CommandName:
      - sql db import
      Connection:
      - keep-alive
      ParameterSetName:
      - -s -n -g -p -u --storage-key --storage-key-type --storage-uri
      User-Agent:
      - AZURECLI/2.40.0 azsdk-python-mgmt-sql/4.0.0b4 Python/3.8.3 (Windows-10-10.0.17763-SP0)
    method: GET
    uri: https://management.azure.com/subscriptions/00000000-0000-0000-0000-000000000000/providers/Microsoft.Sql/locations/eastus/importExportAzureAsyncOperation/78dedbbe-4877-4482-8eea-1daec1cd4c7a-clitestserver000002?api-version=2022-02-01-preview
  response:
    body:
      string: '{"name":"78dedbbe-4877-4482-8eea-1daec1cd4c7a","status":"InProgress","startTime":"2022-10-05T16:10:45Z"}'
    headers:
      cache-control:
      - no-cache
      content-length:
      - '104'
      content-type:
      - application/json; charset=utf-8
      date:
      - Wed, 05 Oct 2022 16:11:31 GMT
      expires:
      - '-1'
      pragma:
      - no-cache
      server:
      - Microsoft-HTTPAPI/2.0
      strict-transport-security:
      - max-age=31536000; includeSubDomains
      transfer-encoding:
      - chunked
      vary:
      - Accept-Encoding
      x-content-type-options:
      - nosniff
    status:
      code: 200
      message: OK
- request:
    body: null
    headers:
      Accept:
      - '*/*'
      Accept-Encoding:
      - gzip, deflate
      CommandName:
      - sql db import
      Connection:
      - keep-alive
      ParameterSetName:
      - -s -n -g -p -u --storage-key --storage-key-type --storage-uri
      User-Agent:
      - AZURECLI/2.40.0 azsdk-python-mgmt-sql/4.0.0b4 Python/3.8.3 (Windows-10-10.0.17763-SP0)
    method: GET
    uri: https://management.azure.com/subscriptions/00000000-0000-0000-0000-000000000000/providers/Microsoft.Sql/locations/eastus/importExportAzureAsyncOperation/78dedbbe-4877-4482-8eea-1daec1cd4c7a-clitestserver000002?api-version=2022-02-01-preview
  response:
    body:
      string: '{"name":"78dedbbe-4877-4482-8eea-1daec1cd4c7a","status":"InProgress","startTime":"2022-10-05T16:11:45Z"}'
    headers:
      cache-control:
      - no-cache
      content-length:
      - '104'
      content-type:
      - application/json; charset=utf-8
      date:
      - Wed, 05 Oct 2022 16:11:46 GMT
      expires:
      - '-1'
      pragma:
      - no-cache
      server:
      - Microsoft-HTTPAPI/2.0
      strict-transport-security:
      - max-age=31536000; includeSubDomains
      transfer-encoding:
      - chunked
      vary:
      - Accept-Encoding
      x-content-type-options:
      - nosniff
    status:
      code: 200
      message: OK
- request:
    body: null
    headers:
      Accept:
      - '*/*'
      Accept-Encoding:
      - gzip, deflate
      CommandName:
      - sql db import
      Connection:
      - keep-alive
      ParameterSetName:
      - -s -n -g -p -u --storage-key --storage-key-type --storage-uri
      User-Agent:
      - AZURECLI/2.40.0 azsdk-python-mgmt-sql/4.0.0b4 Python/3.8.3 (Windows-10-10.0.17763-SP0)
    method: GET
    uri: https://management.azure.com/subscriptions/00000000-0000-0000-0000-000000000000/providers/Microsoft.Sql/locations/eastus/importExportAzureAsyncOperation/78dedbbe-4877-4482-8eea-1daec1cd4c7a-clitestserver000002?api-version=2022-02-01-preview
  response:
    body:
      string: '{"name":"78dedbbe-4877-4482-8eea-1daec1cd4c7a","status":"InProgress","startTime":"2022-10-05T16:11:45Z"}'
    headers:
      cache-control:
      - no-cache
      content-length:
      - '104'
      content-type:
      - application/json; charset=utf-8
      date:
      - Wed, 05 Oct 2022 16:12:01 GMT
      expires:
      - '-1'
      pragma:
      - no-cache
      server:
      - Microsoft-HTTPAPI/2.0
      strict-transport-security:
      - max-age=31536000; includeSubDomains
      transfer-encoding:
      - chunked
      vary:
      - Accept-Encoding
      x-content-type-options:
      - nosniff
    status:
      code: 200
      message: OK
- request:
    body: null
    headers:
      Accept:
      - '*/*'
      Accept-Encoding:
      - gzip, deflate
      CommandName:
      - sql db import
      Connection:
      - keep-alive
      ParameterSetName:
      - -s -n -g -p -u --storage-key --storage-key-type --storage-uri
      User-Agent:
      - AZURECLI/2.40.0 azsdk-python-mgmt-sql/4.0.0b4 Python/3.8.3 (Windows-10-10.0.17763-SP0)
    method: GET
    uri: https://management.azure.com/subscriptions/00000000-0000-0000-0000-000000000000/providers/Microsoft.Sql/locations/eastus/importExportAzureAsyncOperation/78dedbbe-4877-4482-8eea-1daec1cd4c7a-clitestserver000002?api-version=2022-02-01-preview
  response:
    body:
      string: '{"name":"78dedbbe-4877-4482-8eea-1daec1cd4c7a","status":"InProgress","startTime":"2022-10-05T16:11:45Z"}'
    headers:
      cache-control:
      - no-cache
      content-length:
      - '104'
      content-type:
      - application/json; charset=utf-8
      date:
      - Wed, 05 Oct 2022 16:12:17 GMT
      expires:
      - '-1'
      pragma:
      - no-cache
      server:
      - Microsoft-HTTPAPI/2.0
      strict-transport-security:
      - max-age=31536000; includeSubDomains
      transfer-encoding:
      - chunked
      vary:
      - Accept-Encoding
      x-content-type-options:
      - nosniff
    status:
      code: 200
      message: OK
- request:
    body: null
    headers:
      Accept:
      - '*/*'
      Accept-Encoding:
      - gzip, deflate
      CommandName:
      - sql db import
      Connection:
      - keep-alive
      ParameterSetName:
      - -s -n -g -p -u --storage-key --storage-key-type --storage-uri
      User-Agent:
      - AZURECLI/2.40.0 azsdk-python-mgmt-sql/4.0.0b4 Python/3.8.3 (Windows-10-10.0.17763-SP0)
    method: GET
    uri: https://management.azure.com/subscriptions/00000000-0000-0000-0000-000000000000/providers/Microsoft.Sql/locations/eastus/importExportAzureAsyncOperation/78dedbbe-4877-4482-8eea-1daec1cd4c7a-clitestserver000002?api-version=2022-02-01-preview
  response:
    body:
      string: '{"name":"78dedbbe-4877-4482-8eea-1daec1cd4c7a","status":"InProgress","startTime":"2022-10-05T16:11:45Z"}'
    headers:
      cache-control:
      - no-cache
      content-length:
      - '104'
      content-type:
      - application/json; charset=utf-8
      date:
      - Wed, 05 Oct 2022 16:12:32 GMT
      expires:
      - '-1'
      pragma:
      - no-cache
      server:
      - Microsoft-HTTPAPI/2.0
      strict-transport-security:
      - max-age=31536000; includeSubDomains
      transfer-encoding:
      - chunked
      vary:
      - Accept-Encoding
      x-content-type-options:
      - nosniff
    status:
      code: 200
      message: OK
- request:
    body: null
    headers:
      Accept:
      - '*/*'
      Accept-Encoding:
      - gzip, deflate
      CommandName:
      - sql db import
      Connection:
      - keep-alive
      ParameterSetName:
      - -s -n -g -p -u --storage-key --storage-key-type --storage-uri
      User-Agent:
      - AZURECLI/2.40.0 azsdk-python-mgmt-sql/4.0.0b4 Python/3.8.3 (Windows-10-10.0.17763-SP0)
    method: GET
    uri: https://management.azure.com/subscriptions/00000000-0000-0000-0000-000000000000/providers/Microsoft.Sql/locations/eastus/importExportAzureAsyncOperation/78dedbbe-4877-4482-8eea-1daec1cd4c7a-clitestserver000002?api-version=2022-02-01-preview
  response:
    body:
      string: '{"name":"78dedbbe-4877-4482-8eea-1daec1cd4c7a","status":"InProgress","startTime":"2022-10-05T16:12:45Z"}'
    headers:
      cache-control:
      - no-cache
      content-length:
      - '104'
      content-type:
      - application/json; charset=utf-8
      date:
      - Wed, 05 Oct 2022 16:12:47 GMT
      expires:
      - '-1'
      pragma:
      - no-cache
      server:
      - Microsoft-HTTPAPI/2.0
      strict-transport-security:
      - max-age=31536000; includeSubDomains
      transfer-encoding:
      - chunked
      vary:
      - Accept-Encoding
      x-content-type-options:
      - nosniff
    status:
      code: 200
      message: OK
- request:
    body: null
    headers:
      Accept:
      - '*/*'
      Accept-Encoding:
      - gzip, deflate
      CommandName:
      - sql db import
      Connection:
      - keep-alive
      ParameterSetName:
      - -s -n -g -p -u --storage-key --storage-key-type --storage-uri
      User-Agent:
      - AZURECLI/2.40.0 azsdk-python-mgmt-sql/4.0.0b4 Python/3.8.3 (Windows-10-10.0.17763-SP0)
    method: GET
    uri: https://management.azure.com/subscriptions/00000000-0000-0000-0000-000000000000/providers/Microsoft.Sql/locations/eastus/importExportAzureAsyncOperation/78dedbbe-4877-4482-8eea-1daec1cd4c7a-clitestserver000002?api-version=2022-02-01-preview
  response:
    body:
      string: '{"name":"78dedbbe-4877-4482-8eea-1daec1cd4c7a","status":"InProgress","startTime":"2022-10-05T16:12:45Z"}'
    headers:
      cache-control:
      - no-cache
      content-length:
      - '104'
      content-type:
      - application/json; charset=utf-8
      date:
      - Wed, 05 Oct 2022 16:13:03 GMT
      expires:
      - '-1'
      pragma:
      - no-cache
      server:
      - Microsoft-HTTPAPI/2.0
      strict-transport-security:
      - max-age=31536000; includeSubDomains
      transfer-encoding:
      - chunked
      vary:
      - Accept-Encoding
      x-content-type-options:
      - nosniff
    status:
      code: 200
      message: OK
- request:
    body: null
    headers:
      Accept:
      - '*/*'
      Accept-Encoding:
      - gzip, deflate
      CommandName:
      - sql db import
      Connection:
      - keep-alive
      ParameterSetName:
      - -s -n -g -p -u --storage-key --storage-key-type --storage-uri
      User-Agent:
      - AZURECLI/2.40.0 azsdk-python-mgmt-sql/4.0.0b4 Python/3.8.3 (Windows-10-10.0.17763-SP0)
    method: GET
    uri: https://management.azure.com/subscriptions/00000000-0000-0000-0000-000000000000/providers/Microsoft.Sql/locations/eastus/importExportAzureAsyncOperation/78dedbbe-4877-4482-8eea-1daec1cd4c7a-clitestserver000002?api-version=2022-02-01-preview
  response:
    body:
      string: '{"name":"78dedbbe-4877-4482-8eea-1daec1cd4c7a","status":"InProgress","startTime":"2022-10-05T16:12:45Z"}'
    headers:
      cache-control:
      - no-cache
      content-length:
      - '104'
      content-type:
      - application/json; charset=utf-8
      date:
      - Wed, 05 Oct 2022 16:13:18 GMT
      expires:
      - '-1'
      pragma:
      - no-cache
      server:
      - Microsoft-HTTPAPI/2.0
      strict-transport-security:
      - max-age=31536000; includeSubDomains
      transfer-encoding:
      - chunked
      vary:
      - Accept-Encoding
      x-content-type-options:
      - nosniff
    status:
      code: 200
      message: OK
- request:
    body: null
    headers:
      Accept:
      - '*/*'
      Accept-Encoding:
      - gzip, deflate
      CommandName:
      - sql db import
      Connection:
      - keep-alive
      ParameterSetName:
      - -s -n -g -p -u --storage-key --storage-key-type --storage-uri
      User-Agent:
      - AZURECLI/2.40.0 azsdk-python-mgmt-sql/4.0.0b4 Python/3.8.3 (Windows-10-10.0.17763-SP0)
    method: GET
    uri: https://management.azure.com/subscriptions/00000000-0000-0000-0000-000000000000/providers/Microsoft.Sql/locations/eastus/importExportAzureAsyncOperation/78dedbbe-4877-4482-8eea-1daec1cd4c7a-clitestserver000002?api-version=2022-02-01-preview
  response:
    body:
      string: '{"name":"78dedbbe-4877-4482-8eea-1daec1cd4c7a","status":"InProgress","startTime":"2022-10-05T16:12:45Z"}'
    headers:
      cache-control:
      - no-cache
      content-length:
      - '104'
      content-type:
      - application/json; charset=utf-8
      date:
      - Wed, 05 Oct 2022 16:13:33 GMT
      expires:
      - '-1'
      pragma:
      - no-cache
      server:
      - Microsoft-HTTPAPI/2.0
      strict-transport-security:
      - max-age=31536000; includeSubDomains
      transfer-encoding:
      - chunked
      vary:
      - Accept-Encoding
      x-content-type-options:
      - nosniff
    status:
      code: 200
      message: OK
- request:
    body: null
    headers:
      Accept:
      - '*/*'
      Accept-Encoding:
      - gzip, deflate
      CommandName:
      - sql db import
      Connection:
      - keep-alive
      ParameterSetName:
      - -s -n -g -p -u --storage-key --storage-key-type --storage-uri
      User-Agent:
      - AZURECLI/2.40.0 azsdk-python-mgmt-sql/4.0.0b4 Python/3.8.3 (Windows-10-10.0.17763-SP0)
    method: GET
    uri: https://management.azure.com/subscriptions/00000000-0000-0000-0000-000000000000/providers/Microsoft.Sql/locations/eastus/importExportAzureAsyncOperation/78dedbbe-4877-4482-8eea-1daec1cd4c7a-clitestserver000002?api-version=2022-02-01-preview
  response:
    body:
      string: '{"name":"78dedbbe-4877-4482-8eea-1daec1cd4c7a","status":"InProgress","startTime":"2022-10-05T16:13:45Z"}'
    headers:
      cache-control:
      - no-cache
      content-length:
      - '104'
      content-type:
      - application/json; charset=utf-8
      date:
      - Wed, 05 Oct 2022 16:13:48 GMT
      expires:
      - '-1'
      pragma:
      - no-cache
      server:
      - Microsoft-HTTPAPI/2.0
      strict-transport-security:
      - max-age=31536000; includeSubDomains
      transfer-encoding:
      - chunked
      vary:
      - Accept-Encoding
      x-content-type-options:
      - nosniff
    status:
      code: 200
      message: OK
- request:
    body: null
    headers:
      Accept:
      - '*/*'
      Accept-Encoding:
      - gzip, deflate
      CommandName:
      - sql db import
      Connection:
      - keep-alive
      ParameterSetName:
      - -s -n -g -p -u --storage-key --storage-key-type --storage-uri
      User-Agent:
      - AZURECLI/2.40.0 azsdk-python-mgmt-sql/4.0.0b4 Python/3.8.3 (Windows-10-10.0.17763-SP0)
    method: GET
    uri: https://management.azure.com/subscriptions/00000000-0000-0000-0000-000000000000/providers/Microsoft.Sql/locations/eastus/importExportAzureAsyncOperation/78dedbbe-4877-4482-8eea-1daec1cd4c7a-clitestserver000002?api-version=2022-02-01-preview
  response:
    body:
      string: '{"name":"78dedbbe-4877-4482-8eea-1daec1cd4c7a","status":"InProgress","startTime":"2022-10-05T16:13:45Z"}'
    headers:
      cache-control:
      - no-cache
      content-length:
      - '104'
      content-type:
      - application/json; charset=utf-8
      date:
      - Wed, 05 Oct 2022 16:14:03 GMT
      expires:
      - '-1'
      pragma:
      - no-cache
      server:
      - Microsoft-HTTPAPI/2.0
      strict-transport-security:
      - max-age=31536000; includeSubDomains
      transfer-encoding:
      - chunked
      vary:
      - Accept-Encoding
      x-content-type-options:
      - nosniff
    status:
      code: 200
      message: OK
- request:
    body: null
    headers:
      Accept:
      - '*/*'
      Accept-Encoding:
      - gzip, deflate
      CommandName:
      - sql db import
      Connection:
      - keep-alive
      ParameterSetName:
      - -s -n -g -p -u --storage-key --storage-key-type --storage-uri
      User-Agent:
      - AZURECLI/2.40.0 azsdk-python-mgmt-sql/4.0.0b4 Python/3.8.3 (Windows-10-10.0.17763-SP0)
    method: GET
    uri: https://management.azure.com/subscriptions/00000000-0000-0000-0000-000000000000/providers/Microsoft.Sql/locations/eastus/importExportAzureAsyncOperation/78dedbbe-4877-4482-8eea-1daec1cd4c7a-clitestserver000002?api-version=2022-02-01-preview
  response:
    body:
      string: '{"name":"78dedbbe-4877-4482-8eea-1daec1cd4c7a","status":"InProgress","startTime":"2022-10-05T16:13:45Z"}'
    headers:
      cache-control:
      - no-cache
      content-length:
      - '104'
      content-type:
      - application/json; charset=utf-8
      date:
      - Wed, 05 Oct 2022 16:14:18 GMT
      expires:
      - '-1'
      pragma:
      - no-cache
      server:
      - Microsoft-HTTPAPI/2.0
      strict-transport-security:
      - max-age=31536000; includeSubDomains
      transfer-encoding:
      - chunked
      vary:
      - Accept-Encoding
      x-content-type-options:
      - nosniff
    status:
      code: 200
      message: OK
- request:
    body: null
    headers:
      Accept:
      - '*/*'
      Accept-Encoding:
      - gzip, deflate
      CommandName:
      - sql db import
      Connection:
      - keep-alive
      ParameterSetName:
      - -s -n -g -p -u --storage-key --storage-key-type --storage-uri
      User-Agent:
      - AZURECLI/2.40.0 azsdk-python-mgmt-sql/4.0.0b4 Python/3.8.3 (Windows-10-10.0.17763-SP0)
    method: GET
    uri: https://management.azure.com/subscriptions/00000000-0000-0000-0000-000000000000/providers/Microsoft.Sql/locations/eastus/importExportAzureAsyncOperation/78dedbbe-4877-4482-8eea-1daec1cd4c7a-clitestserver000002?api-version=2022-02-01-preview
  response:
    body:
      string: '{"name":"78dedbbe-4877-4482-8eea-1daec1cd4c7a","status":"InProgress","startTime":"2022-10-05T16:13:45Z"}'
    headers:
      cache-control:
      - no-cache
      content-length:
      - '104'
      content-type:
      - application/json; charset=utf-8
      date:
      - Wed, 05 Oct 2022 16:14:33 GMT
      expires:
      - '-1'
      pragma:
      - no-cache
      server:
      - Microsoft-HTTPAPI/2.0
      strict-transport-security:
      - max-age=31536000; includeSubDomains
      transfer-encoding:
      - chunked
      vary:
      - Accept-Encoding
      x-content-type-options:
      - nosniff
    status:
      code: 200
      message: OK
- request:
    body: null
    headers:
      Accept:
      - '*/*'
      Accept-Encoding:
      - gzip, deflate
      CommandName:
      - sql db import
      Connection:
      - keep-alive
      ParameterSetName:
      - -s -n -g -p -u --storage-key --storage-key-type --storage-uri
      User-Agent:
      - AZURECLI/2.40.0 azsdk-python-mgmt-sql/4.0.0b4 Python/3.8.3 (Windows-10-10.0.17763-SP0)
    method: GET
    uri: https://management.azure.com/subscriptions/00000000-0000-0000-0000-000000000000/providers/Microsoft.Sql/locations/eastus/importExportAzureAsyncOperation/78dedbbe-4877-4482-8eea-1daec1cd4c7a-clitestserver000002?api-version=2022-02-01-preview
  response:
    body:
      string: '{"name":"78dedbbe-4877-4482-8eea-1daec1cd4c7a","status":"InProgress","startTime":"2022-10-05T16:14:49Z"}'
    headers:
      cache-control:
      - no-cache
      content-length:
      - '104'
      content-type:
      - application/json; charset=utf-8
      date:
      - Wed, 05 Oct 2022 16:14:48 GMT
      expires:
      - '-1'
      pragma:
      - no-cache
      server:
      - Microsoft-HTTPAPI/2.0
      strict-transport-security:
      - max-age=31536000; includeSubDomains
      transfer-encoding:
      - chunked
      vary:
      - Accept-Encoding
      x-content-type-options:
      - nosniff
    status:
      code: 200
      message: OK
- request:
    body: null
    headers:
      Accept:
      - '*/*'
      Accept-Encoding:
      - gzip, deflate
      CommandName:
      - sql db import
      Connection:
      - keep-alive
      ParameterSetName:
      - -s -n -g -p -u --storage-key --storage-key-type --storage-uri
      User-Agent:
      - AZURECLI/2.40.0 azsdk-python-mgmt-sql/4.0.0b4 Python/3.8.3 (Windows-10-10.0.17763-SP0)
    method: GET
    uri: https://management.azure.com/subscriptions/00000000-0000-0000-0000-000000000000/providers/Microsoft.Sql/locations/eastus/importExportAzureAsyncOperation/78dedbbe-4877-4482-8eea-1daec1cd4c7a-clitestserver000002?api-version=2022-02-01-preview
  response:
    body:
      string: '{"name":"78dedbbe-4877-4482-8eea-1daec1cd4c7a","status":"Succeeded","startTime":"2022-10-05T16:14:49Z"}'
    headers:
      cache-control:
      - no-cache
      content-length:
      - '103'
      content-type:
      - application/json; charset=utf-8
      date:
      - Wed, 05 Oct 2022 16:15:04 GMT
      expires:
      - '-1'
      pragma:
      - no-cache
      server:
      - Microsoft-HTTPAPI/2.0
      strict-transport-security:
      - max-age=31536000; includeSubDomains
      transfer-encoding:
      - chunked
      vary:
      - Accept-Encoding
      x-content-type-options:
      - nosniff
    status:
      code: 200
      message: OK
- request:
    body: null
    headers:
      Accept:
      - '*/*'
      Accept-Encoding:
      - gzip, deflate
      CommandName:
      - sql db import
      Connection:
      - keep-alive
      ParameterSetName:
      - -s -n -g -p -u --storage-key --storage-key-type --storage-uri
      User-Agent:
      - AZURECLI/2.40.0 azsdk-python-mgmt-sql/4.0.0b4 Python/3.8.3 (Windows-10-10.0.17763-SP0)
    method: GET
    uri: https://management.azure.com/subscriptions/00000000-0000-0000-0000-000000000000/providers/Microsoft.Sql/locations/eastus/importExportOperationResults/78dedbbe-4877-4482-8eea-1daec1cd4c7a-clitestserver000002?api-version=2022-02-01-preview
  response:
    body:
      string: '{"properties":{"requestId":"78dedbbe-4877-4482-8eea-1daec1cd4c7a","requestType":"ImportToExistingDatabase","queuedTime":"10/5/2022
        4:09:45 PM","lastModifiedTime":"10/5/2022 4:14:49 PM","blobUri":"https://clitest000003.blob.core.windows.net/bacpacs/testbacpac.bacpac","serverName":"clitestserver000002","databaseName":"cliautomationdb02","status":"Completed","privateEndpointConnections":[]},"id":"78dedbbe-4877-4482-8eea-1daec1cd4c7a","name":"78dedbbe-4877-4482-8eea-1daec1cd4c7a","type":"Microsoft.Sql/servers/databases/importExportOperationResults"}'
    headers:
      cache-control:
      - no-cache
      content-length:
      - '551'
      content-type:
      - application/json; charset=utf-8
      date:
      - Wed, 05 Oct 2022 16:15:04 GMT
      expires:
      - '-1'
      pragma:
      - no-cache
      server:
      - Microsoft-HTTPAPI/2.0
      strict-transport-security:
      - max-age=31536000; includeSubDomains
      transfer-encoding:
      - chunked
      vary:
      - Accept-Encoding
      x-content-type-options:
      - nosniff
    status:
      code: 200
      message: OK
- request:
    body: '{"storageKeyType": "SharedAccessKey", "storageKey": "?se=9999-12-25T00%3A00%3A00Z&sp=rw&sv=2021-06-08&sr=b&sig=J7PqZnVp9FK6v3CaKqXEkyau9XLHOFe8UOibynQVHP8%3D",
      "storageUri": "https://clitest000003.blob.core.windows.net/bacpacs/testbacpac2.bacpac",
      "administratorLogin": "admin123", "administratorLoginPassword": "SecretPassword123"}'
    headers:
      Accept:
      - application/json
      Accept-Encoding:
      - gzip, deflate
      CommandName:
      - sql db import
      Connection:
      - keep-alive
      Content-Length:
      - '332'
      Content-Type:
      - application/json
      ParameterSetName:
      - -s -n -g -p -u --storage-key --storage-key-type --storage-uri
      User-Agent:
      - AZURECLI/2.40.0 azsdk-python-mgmt-sql/4.0.0b4 Python/3.8.3 (Windows-10-10.0.17763-SP0)
    method: POST
    uri: https://management.azure.com/subscriptions/00000000-0000-0000-0000-000000000000/resourceGroups/clitest.rg000001/providers/Microsoft.Sql/servers/clitestserver000002/databases/cliautomationdb03/import?api-version=2022-02-01-preview
  response:
    body:
      string: '{"operation":"Import","startTime":"2022-10-05T16:15:06.0761044Z"}'
    headers:
      azure-asyncoperation:
      - https://management.azure.com/subscriptions/00000000-0000-0000-0000-000000000000/providers/Microsoft.Sql/locations/eastus/importExportAzureAsyncOperation/04850438-ad01-43d9-8b80-1e47beba6d31-clitestserver000002?api-version=2022-02-01-preview
      cache-control:
      - no-cache
      content-length:
      - '65'
      content-type:
      - application/json; charset=utf-8
      date:
      - Wed, 05 Oct 2022 16:15:05 GMT
      expires:
      - '-1'
      location:
      - https://management.azure.com/subscriptions/00000000-0000-0000-0000-000000000000/providers/Microsoft.Sql/locations/eastus/importExportOperationResults/04850438-ad01-43d9-8b80-1e47beba6d31-clitestserver000002?api-version=2022-02-01-preview
      pragma:
      - no-cache
      server:
      - Microsoft-HTTPAPI/2.0
      strict-transport-security:
      - max-age=31536000; includeSubDomains
      x-content-type-options:
      - nosniff
      x-ms-ratelimit-remaining-subscription-writes:
      - '1199'
    status:
      code: 202
      message: Accepted
- request:
    body: null
    headers:
      Accept:
      - '*/*'
      Accept-Encoding:
      - gzip, deflate
      CommandName:
      - sql db import
      Connection:
      - keep-alive
      ParameterSetName:
      - -s -n -g -p -u --storage-key --storage-key-type --storage-uri
      User-Agent:
      - AZURECLI/2.40.0 azsdk-python-mgmt-sql/4.0.0b4 Python/3.8.3 (Windows-10-10.0.17763-SP0)
    method: GET
    uri: https://management.azure.com/subscriptions/00000000-0000-0000-0000-000000000000/providers/Microsoft.Sql/locations/eastus/importExportAzureAsyncOperation/04850438-ad01-43d9-8b80-1e47beba6d31-clitestserver000002?api-version=2022-02-01-preview
  response:
    body:
      string: '{"name":"04850438-ad01-43d9-8b80-1e47beba6d31","status":"InProgress","startTime":"2022-10-05T16:15:06Z"}'
    headers:
      cache-control:
      - no-cache
      content-length:
      - '104'
      content-type:
      - application/json; charset=utf-8
      date:
      - Wed, 05 Oct 2022 16:15:21 GMT
      expires:
      - '-1'
      pragma:
      - no-cache
      server:
      - Microsoft-HTTPAPI/2.0
      strict-transport-security:
      - max-age=31536000; includeSubDomains
      transfer-encoding:
      - chunked
      vary:
      - Accept-Encoding
      x-content-type-options:
      - nosniff
    status:
      code: 200
      message: OK
- request:
    body: null
    headers:
      Accept:
      - '*/*'
      Accept-Encoding:
      - gzip, deflate
      CommandName:
      - sql db import
      Connection:
      - keep-alive
      ParameterSetName:
      - -s -n -g -p -u --storage-key --storage-key-type --storage-uri
      User-Agent:
      - AZURECLI/2.40.0 azsdk-python-mgmt-sql/4.0.0b4 Python/3.8.3 (Windows-10-10.0.17763-SP0)
    method: GET
    uri: https://management.azure.com/subscriptions/00000000-0000-0000-0000-000000000000/providers/Microsoft.Sql/locations/eastus/importExportAzureAsyncOperation/04850438-ad01-43d9-8b80-1e47beba6d31-clitestserver000002?api-version=2022-02-01-preview
  response:
    body:
      string: '{"name":"04850438-ad01-43d9-8b80-1e47beba6d31","status":"InProgress","startTime":"2022-10-05T16:15:06Z"}'
    headers:
      cache-control:
      - no-cache
      content-length:
      - '104'
      content-type:
      - application/json; charset=utf-8
      date:
      - Wed, 05 Oct 2022 16:15:36 GMT
      expires:
      - '-1'
      pragma:
      - no-cache
      server:
      - Microsoft-HTTPAPI/2.0
      strict-transport-security:
      - max-age=31536000; includeSubDomains
      transfer-encoding:
      - chunked
      vary:
      - Accept-Encoding
      x-content-type-options:
      - nosniff
    status:
      code: 200
      message: OK
- request:
    body: null
    headers:
      Accept:
      - '*/*'
      Accept-Encoding:
      - gzip, deflate
      CommandName:
      - sql db import
      Connection:
      - keep-alive
      ParameterSetName:
      - -s -n -g -p -u --storage-key --storage-key-type --storage-uri
      User-Agent:
      - AZURECLI/2.40.0 azsdk-python-mgmt-sql/4.0.0b4 Python/3.8.3 (Windows-10-10.0.17763-SP0)
    method: GET
    uri: https://management.azure.com/subscriptions/00000000-0000-0000-0000-000000000000/providers/Microsoft.Sql/locations/eastus/importExportAzureAsyncOperation/04850438-ad01-43d9-8b80-1e47beba6d31-clitestserver000002?api-version=2022-02-01-preview
  response:
    body:
      string: '{"name":"04850438-ad01-43d9-8b80-1e47beba6d31","status":"InProgress","startTime":"2022-10-05T16:15:06Z"}'
    headers:
      cache-control:
      - no-cache
      content-length:
      - '104'
      content-type:
      - application/json; charset=utf-8
      date:
      - Wed, 05 Oct 2022 16:15:51 GMT
      expires:
      - '-1'
      pragma:
      - no-cache
      server:
      - Microsoft-HTTPAPI/2.0
      strict-transport-security:
      - max-age=31536000; includeSubDomains
      transfer-encoding:
      - chunked
      vary:
      - Accept-Encoding
      x-content-type-options:
      - nosniff
    status:
      code: 200
      message: OK
- request:
    body: null
    headers:
      Accept:
      - '*/*'
      Accept-Encoding:
      - gzip, deflate
      CommandName:
      - sql db import
      Connection:
      - keep-alive
      ParameterSetName:
      - -s -n -g -p -u --storage-key --storage-key-type --storage-uri
      User-Agent:
      - AZURECLI/2.40.0 azsdk-python-mgmt-sql/4.0.0b4 Python/3.8.3 (Windows-10-10.0.17763-SP0)
    method: GET
    uri: https://management.azure.com/subscriptions/00000000-0000-0000-0000-000000000000/providers/Microsoft.Sql/locations/eastus/importExportAzureAsyncOperation/04850438-ad01-43d9-8b80-1e47beba6d31-clitestserver000002?api-version=2022-02-01-preview
  response:
    body:
      string: '{"name":"04850438-ad01-43d9-8b80-1e47beba6d31","status":"InProgress","startTime":"2022-10-05T16:16:06Z"}'
    headers:
      cache-control:
      - no-cache
      content-length:
      - '104'
      content-type:
      - application/json; charset=utf-8
      date:
      - Wed, 05 Oct 2022 16:16:06 GMT
      expires:
      - '-1'
      pragma:
      - no-cache
      server:
      - Microsoft-HTTPAPI/2.0
      strict-transport-security:
      - max-age=31536000; includeSubDomains
      transfer-encoding:
      - chunked
      vary:
      - Accept-Encoding
      x-content-type-options:
      - nosniff
    status:
      code: 200
      message: OK
- request:
    body: null
    headers:
      Accept:
      - '*/*'
      Accept-Encoding:
      - gzip, deflate
      CommandName:
      - sql db import
      Connection:
      - keep-alive
      ParameterSetName:
      - -s -n -g -p -u --storage-key --storage-key-type --storage-uri
      User-Agent:
      - AZURECLI/2.40.0 azsdk-python-mgmt-sql/4.0.0b4 Python/3.8.3 (Windows-10-10.0.17763-SP0)
    method: GET
    uri: https://management.azure.com/subscriptions/00000000-0000-0000-0000-000000000000/providers/Microsoft.Sql/locations/eastus/importExportAzureAsyncOperation/04850438-ad01-43d9-8b80-1e47beba6d31-clitestserver000002?api-version=2022-02-01-preview
  response:
    body:
      string: '{"name":"04850438-ad01-43d9-8b80-1e47beba6d31","status":"InProgress","startTime":"2022-10-05T16:16:06Z"}'
    headers:
      cache-control:
      - no-cache
      content-length:
      - '104'
      content-type:
      - application/json; charset=utf-8
      date:
      - Wed, 05 Oct 2022 16:16:22 GMT
      expires:
      - '-1'
      pragma:
      - no-cache
      server:
      - Microsoft-HTTPAPI/2.0
      strict-transport-security:
      - max-age=31536000; includeSubDomains
      transfer-encoding:
      - chunked
      vary:
      - Accept-Encoding
      x-content-type-options:
      - nosniff
    status:
      code: 200
      message: OK
- request:
    body: null
    headers:
      Accept:
      - '*/*'
      Accept-Encoding:
      - gzip, deflate
      CommandName:
      - sql db import
      Connection:
      - keep-alive
      ParameterSetName:
      - -s -n -g -p -u --storage-key --storage-key-type --storage-uri
      User-Agent:
      - AZURECLI/2.40.0 azsdk-python-mgmt-sql/4.0.0b4 Python/3.8.3 (Windows-10-10.0.17763-SP0)
    method: GET
    uri: https://management.azure.com/subscriptions/00000000-0000-0000-0000-000000000000/providers/Microsoft.Sql/locations/eastus/importExportAzureAsyncOperation/04850438-ad01-43d9-8b80-1e47beba6d31-clitestserver000002?api-version=2022-02-01-preview
  response:
    body:
      string: '{"name":"04850438-ad01-43d9-8b80-1e47beba6d31","status":"InProgress","startTime":"2022-10-05T16:16:06Z"}'
    headers:
      cache-control:
      - no-cache
      content-length:
      - '104'
      content-type:
      - application/json; charset=utf-8
      date:
      - Wed, 05 Oct 2022 16:16:37 GMT
      expires:
      - '-1'
      pragma:
      - no-cache
      server:
      - Microsoft-HTTPAPI/2.0
      strict-transport-security:
      - max-age=31536000; includeSubDomains
      transfer-encoding:
      - chunked
      vary:
      - Accept-Encoding
      x-content-type-options:
      - nosniff
    status:
      code: 200
      message: OK
- request:
    body: null
    headers:
      Accept:
      - '*/*'
      Accept-Encoding:
      - gzip, deflate
      CommandName:
      - sql db import
      Connection:
      - keep-alive
      ParameterSetName:
      - -s -n -g -p -u --storage-key --storage-key-type --storage-uri
      User-Agent:
      - AZURECLI/2.40.0 azsdk-python-mgmt-sql/4.0.0b4 Python/3.8.3 (Windows-10-10.0.17763-SP0)
    method: GET
    uri: https://management.azure.com/subscriptions/00000000-0000-0000-0000-000000000000/providers/Microsoft.Sql/locations/eastus/importExportAzureAsyncOperation/04850438-ad01-43d9-8b80-1e47beba6d31-clitestserver000002?api-version=2022-02-01-preview
  response:
    body:
      string: '{"name":"04850438-ad01-43d9-8b80-1e47beba6d31","status":"InProgress","startTime":"2022-10-05T16:16:06Z"}'
    headers:
      cache-control:
      - no-cache
      content-length:
      - '104'
      content-type:
      - application/json; charset=utf-8
      date:
      - Wed, 05 Oct 2022 16:16:52 GMT
      expires:
      - '-1'
      pragma:
      - no-cache
      server:
      - Microsoft-HTTPAPI/2.0
      strict-transport-security:
      - max-age=31536000; includeSubDomains
      transfer-encoding:
      - chunked
      vary:
      - Accept-Encoding
      x-content-type-options:
      - nosniff
    status:
      code: 200
      message: OK
- request:
    body: null
    headers:
      Accept:
      - '*/*'
      Accept-Encoding:
      - gzip, deflate
      CommandName:
      - sql db import
      Connection:
      - keep-alive
      ParameterSetName:
      - -s -n -g -p -u --storage-key --storage-key-type --storage-uri
      User-Agent:
      - AZURECLI/2.40.0 azsdk-python-mgmt-sql/4.0.0b4 Python/3.8.3 (Windows-10-10.0.17763-SP0)
    method: GET
    uri: https://management.azure.com/subscriptions/00000000-0000-0000-0000-000000000000/providers/Microsoft.Sql/locations/eastus/importExportAzureAsyncOperation/04850438-ad01-43d9-8b80-1e47beba6d31-clitestserver000002?api-version=2022-02-01-preview
  response:
    body:
      string: '{"name":"04850438-ad01-43d9-8b80-1e47beba6d31","status":"InProgress","startTime":"2022-10-05T16:17:06Z"}'
    headers:
      cache-control:
      - no-cache
      content-length:
      - '104'
      content-type:
      - application/json; charset=utf-8
      date:
      - Wed, 05 Oct 2022 16:17:07 GMT
      expires:
      - '-1'
      pragma:
      - no-cache
      server:
      - Microsoft-HTTPAPI/2.0
      strict-transport-security:
      - max-age=31536000; includeSubDomains
      transfer-encoding:
      - chunked
      vary:
      - Accept-Encoding
      x-content-type-options:
      - nosniff
    status:
      code: 200
      message: OK
- request:
    body: null
    headers:
      Accept:
      - '*/*'
      Accept-Encoding:
      - gzip, deflate
      CommandName:
      - sql db import
      Connection:
      - keep-alive
      ParameterSetName:
      - -s -n -g -p -u --storage-key --storage-key-type --storage-uri
      User-Agent:
      - AZURECLI/2.40.0 azsdk-python-mgmt-sql/4.0.0b4 Python/3.8.3 (Windows-10-10.0.17763-SP0)
    method: GET
    uri: https://management.azure.com/subscriptions/00000000-0000-0000-0000-000000000000/providers/Microsoft.Sql/locations/eastus/importExportAzureAsyncOperation/04850438-ad01-43d9-8b80-1e47beba6d31-clitestserver000002?api-version=2022-02-01-preview
  response:
    body:
      string: '{"name":"04850438-ad01-43d9-8b80-1e47beba6d31","status":"InProgress","startTime":"2022-10-05T16:17:06Z"}'
    headers:
      cache-control:
      - no-cache
      content-length:
      - '104'
      content-type:
      - application/json; charset=utf-8
      date:
      - Wed, 05 Oct 2022 16:17:22 GMT
      expires:
      - '-1'
      pragma:
      - no-cache
      server:
      - Microsoft-HTTPAPI/2.0
      strict-transport-security:
      - max-age=31536000; includeSubDomains
      transfer-encoding:
      - chunked
      vary:
      - Accept-Encoding
      x-content-type-options:
      - nosniff
    status:
      code: 200
      message: OK
- request:
    body: null
    headers:
      Accept:
      - '*/*'
      Accept-Encoding:
      - gzip, deflate
      CommandName:
      - sql db import
      Connection:
      - keep-alive
      ParameterSetName:
      - -s -n -g -p -u --storage-key --storage-key-type --storage-uri
      User-Agent:
      - AZURECLI/2.40.0 azsdk-python-mgmt-sql/4.0.0b4 Python/3.8.3 (Windows-10-10.0.17763-SP0)
    method: GET
    uri: https://management.azure.com/subscriptions/00000000-0000-0000-0000-000000000000/providers/Microsoft.Sql/locations/eastus/importExportAzureAsyncOperation/04850438-ad01-43d9-8b80-1e47beba6d31-clitestserver000002?api-version=2022-02-01-preview
  response:
    body:
      string: '{"name":"04850438-ad01-43d9-8b80-1e47beba6d31","status":"InProgress","startTime":"2022-10-05T16:17:06Z"}'
    headers:
      cache-control:
      - no-cache
      content-length:
      - '104'
      content-type:
      - application/json; charset=utf-8
      date:
      - Wed, 05 Oct 2022 16:17:37 GMT
      expires:
      - '-1'
      pragma:
      - no-cache
      server:
      - Microsoft-HTTPAPI/2.0
      strict-transport-security:
      - max-age=31536000; includeSubDomains
      transfer-encoding:
      - chunked
      vary:
      - Accept-Encoding
      x-content-type-options:
      - nosniff
    status:
      code: 200
      message: OK
- request:
    body: null
    headers:
      Accept:
      - '*/*'
      Accept-Encoding:
      - gzip, deflate
      CommandName:
      - sql db import
      Connection:
      - keep-alive
      ParameterSetName:
      - -s -n -g -p -u --storage-key --storage-key-type --storage-uri
      User-Agent:
      - AZURECLI/2.40.0 azsdk-python-mgmt-sql/4.0.0b4 Python/3.8.3 (Windows-10-10.0.17763-SP0)
    method: GET
    uri: https://management.azure.com/subscriptions/00000000-0000-0000-0000-000000000000/providers/Microsoft.Sql/locations/eastus/importExportAzureAsyncOperation/04850438-ad01-43d9-8b80-1e47beba6d31-clitestserver000002?api-version=2022-02-01-preview
  response:
    body:
      string: '{"name":"04850438-ad01-43d9-8b80-1e47beba6d31","status":"InProgress","startTime":"2022-10-05T16:17:06Z"}'
    headers:
      cache-control:
      - no-cache
      content-length:
      - '104'
      content-type:
      - application/json; charset=utf-8
      date:
      - Wed, 05 Oct 2022 16:17:52 GMT
      expires:
      - '-1'
      pragma:
      - no-cache
      server:
      - Microsoft-HTTPAPI/2.0
      strict-transport-security:
      - max-age=31536000; includeSubDomains
      transfer-encoding:
      - chunked
      vary:
      - Accept-Encoding
      x-content-type-options:
      - nosniff
    status:
      code: 200
      message: OK
- request:
    body: null
    headers:
      Accept:
      - '*/*'
      Accept-Encoding:
      - gzip, deflate
      CommandName:
      - sql db import
      Connection:
      - keep-alive
      ParameterSetName:
      - -s -n -g -p -u --storage-key --storage-key-type --storage-uri
      User-Agent:
      - AZURECLI/2.40.0 azsdk-python-mgmt-sql/4.0.0b4 Python/3.8.3 (Windows-10-10.0.17763-SP0)
    method: GET
    uri: https://management.azure.com/subscriptions/00000000-0000-0000-0000-000000000000/providers/Microsoft.Sql/locations/eastus/importExportAzureAsyncOperation/04850438-ad01-43d9-8b80-1e47beba6d31-clitestserver000002?api-version=2022-02-01-preview
  response:
    body:
      string: '{"name":"04850438-ad01-43d9-8b80-1e47beba6d31","status":"InProgress","startTime":"2022-10-05T16:18:06Z"}'
    headers:
      cache-control:
      - no-cache
      content-length:
      - '104'
      content-type:
      - application/json; charset=utf-8
      date:
      - Wed, 05 Oct 2022 16:18:07 GMT
      expires:
      - '-1'
      pragma:
      - no-cache
      server:
      - Microsoft-HTTPAPI/2.0
      strict-transport-security:
      - max-age=31536000; includeSubDomains
      transfer-encoding:
      - chunked
      vary:
      - Accept-Encoding
      x-content-type-options:
      - nosniff
    status:
      code: 200
      message: OK
- request:
    body: null
    headers:
      Accept:
      - '*/*'
      Accept-Encoding:
      - gzip, deflate
      CommandName:
      - sql db import
      Connection:
      - keep-alive
      ParameterSetName:
      - -s -n -g -p -u --storage-key --storage-key-type --storage-uri
      User-Agent:
      - AZURECLI/2.40.0 azsdk-python-mgmt-sql/4.0.0b4 Python/3.8.3 (Windows-10-10.0.17763-SP0)
    method: GET
    uri: https://management.azure.com/subscriptions/00000000-0000-0000-0000-000000000000/providers/Microsoft.Sql/locations/eastus/importExportAzureAsyncOperation/04850438-ad01-43d9-8b80-1e47beba6d31-clitestserver000002?api-version=2022-02-01-preview
  response:
    body:
      string: '{"name":"04850438-ad01-43d9-8b80-1e47beba6d31","status":"Succeeded","startTime":"2022-10-05T16:18:10Z"}'
    headers:
      cache-control:
      - no-cache
      content-length:
      - '103'
      content-type:
      - application/json; charset=utf-8
      date:
      - Wed, 05 Oct 2022 16:18:22 GMT
      expires:
      - '-1'
      pragma:
      - no-cache
      server:
      - Microsoft-HTTPAPI/2.0
      strict-transport-security:
      - max-age=31536000; includeSubDomains
      transfer-encoding:
      - chunked
      vary:
      - Accept-Encoding
      x-content-type-options:
      - nosniff
    status:
      code: 200
      message: OK
- request:
    body: null
    headers:
      Accept:
      - '*/*'
      Accept-Encoding:
      - gzip, deflate
      CommandName:
      - sql db import
      Connection:
      - keep-alive
      ParameterSetName:
      - -s -n -g -p -u --storage-key --storage-key-type --storage-uri
      User-Agent:
      - AZURECLI/2.40.0 azsdk-python-mgmt-sql/4.0.0b4 Python/3.8.3 (Windows-10-10.0.17763-SP0)
    method: GET
    uri: https://management.azure.com/subscriptions/00000000-0000-0000-0000-000000000000/providers/Microsoft.Sql/locations/eastus/importExportOperationResults/04850438-ad01-43d9-8b80-1e47beba6d31-clitestserver000002?api-version=2022-02-01-preview
  response:
    body:
      string: '{"properties":{"requestId":"04850438-ad01-43d9-8b80-1e47beba6d31","requestType":"ImportToExistingDatabase","queuedTime":"10/5/2022
        4:15:06 PM","lastModifiedTime":"10/5/2022 4:18:10 PM","blobUri":"https://clitest000003.blob.core.windows.net/bacpacs/testbacpac2.bacpac","serverName":"clitestserver000002","databaseName":"cliautomationdb03","status":"Completed","privateEndpointConnections":[]},"id":"04850438-ad01-43d9-8b80-1e47beba6d31","name":"04850438-ad01-43d9-8b80-1e47beba6d31","type":"Microsoft.Sql/servers/databases/importExportOperationResults"}'
    headers:
      cache-control:
      - no-cache
      content-length:
      - '552'
      content-type:
      - application/json; charset=utf-8
      date:
      - Wed, 05 Oct 2022 16:18:23 GMT
      expires:
      - '-1'
      pragma:
      - no-cache
      server:
      - Microsoft-HTTPAPI/2.0
      strict-transport-security:
      - max-age=31536000; includeSubDomains
      transfer-encoding:
      - chunked
      vary:
      - Accept-Encoding
      x-content-type-options:
      - nosniff
    status:
      code: 200
      message: OK
version: 1
