interactions:
- request:
    body: '{"location": "westeurope", "properties": {"administratorLogin": "admin123",
      "administratorLoginPassword": "SecretPassword123"}}'
    headers:
      Accept:
      - application/json
      Accept-Encoding:
      - gzip, deflate
      CommandName:
      - sql server create
      Connection:
      - keep-alive
      Content-Length:
      - '127'
      Content-Type:
      - application/json; charset=utf-8
      ParameterSetName:
      - -l -g -n -u -p
      User-Agent:
      - python/3.7.7 (Windows-10-10.0.18362-SP0) msrest/0.6.9 msrest_azure/0.6.3 azure-mgmt-sql/0.19.0
        Azure-SDK-For-Python AZURECLI/2.10.1
      accept-language:
      - en-US
    method: PUT
    uri: https://management.azure.com/subscriptions/00000000-0000-0000-0000-000000000000/resourceGroups/clitest.rg000001/providers/Microsoft.Sql/servers/clitestserver000003?api-version=2019-06-01-preview
  response:
    body:
      string: '{"operation":"UpsertLogicalServer","startTime":"2020-08-12T13:34:11.757Z"}'
    headers:
      azure-asyncoperation:
      - https://management.azure.com/subscriptions/00000000-0000-0000-0000-000000000000/resourceGroups/clitest.rg000001/providers/Microsoft.Sql/locations/westeurope/serverAzureAsyncOperation/9d7fe53e-1bb9-40b4-94d6-b36ad5216d73?api-version=2019-06-01-preview
      cache-control:
      - no-cache
      content-length:
      - '74'
      content-type:
      - application/json; charset=utf-8
      date:
      - Wed, 12 Aug 2020 13:34:11 GMT
      expires:
      - '-1'
      location:
      - https://management.azure.com/subscriptions/00000000-0000-0000-0000-000000000000/resourceGroups/clitest.rg000001/providers/Microsoft.Sql/locations/westeurope/serverOperationResults/9d7fe53e-1bb9-40b4-94d6-b36ad5216d73?api-version=2019-06-01-preview
      pragma:
      - no-cache
      server:
      - Microsoft-HTTPAPI/2.0
      strict-transport-security:
      - max-age=31536000; includeSubDomains
      x-content-type-options:
      - nosniff
      x-ms-ratelimit-remaining-subscription-writes:
      - '1199'
    status:
      code: 202
      message: Accepted
- request:
    body: null
    headers:
      Accept:
      - application/json
      Accept-Encoding:
      - gzip, deflate
      CommandName:
      - sql server create
      Connection:
      - keep-alive
      ParameterSetName:
      - -l -g -n -u -p
      User-Agent:
      - python/3.7.7 (Windows-10-10.0.18362-SP0) msrest/0.6.9 msrest_azure/0.6.3 azure-mgmt-sql/0.19.0
        Azure-SDK-For-Python AZURECLI/2.10.1
    method: GET
    uri: https://management.azure.com/subscriptions/00000000-0000-0000-0000-000000000000/resourceGroups/clitest.rg000001/providers/Microsoft.Sql/locations/westeurope/serverAzureAsyncOperation/9d7fe53e-1bb9-40b4-94d6-b36ad5216d73?api-version=2019-06-01-preview
  response:
    body:
      string: '{"name":"9d7fe53e-1bb9-40b4-94d6-b36ad5216d73","status":"InProgress","startTime":"2020-08-12T13:34:11.757Z"}'
    headers:
      cache-control:
      - no-cache
      content-length:
      - '108'
      content-type:
      - application/json; charset=utf-8
      date:
      - Wed, 12 Aug 2020 13:34:13 GMT
      expires:
      - '-1'
      pragma:
      - no-cache
      server:
      - Microsoft-HTTPAPI/2.0
      strict-transport-security:
      - max-age=31536000; includeSubDomains
      transfer-encoding:
      - chunked
      vary:
      - Accept-Encoding
      x-content-type-options:
      - nosniff
    status:
      code: 200
      message: OK
- request:
    body: null
    headers:
      Accept:
      - application/json
      Accept-Encoding:
      - gzip, deflate
      CommandName:
      - sql server create
      Connection:
      - keep-alive
      ParameterSetName:
      - -l -g -n -u -p
      User-Agent:
      - python/3.7.7 (Windows-10-10.0.18362-SP0) msrest/0.6.9 msrest_azure/0.6.3 azure-mgmt-sql/0.19.0
        Azure-SDK-For-Python AZURECLI/2.10.1
    method: GET
    uri: https://management.azure.com/subscriptions/00000000-0000-0000-0000-000000000000/resourceGroups/clitest.rg000001/providers/Microsoft.Sql/locations/westeurope/serverAzureAsyncOperation/9d7fe53e-1bb9-40b4-94d6-b36ad5216d73?api-version=2019-06-01-preview
  response:
    body:
      string: '{"name":"9d7fe53e-1bb9-40b4-94d6-b36ad5216d73","status":"InProgress","startTime":"2020-08-12T13:34:11.757Z"}'
    headers:
      cache-control:
      - no-cache
      content-length:
      - '108'
      content-type:
      - application/json; charset=utf-8
      date:
      - Wed, 12 Aug 2020 13:34:14 GMT
      expires:
      - '-1'
      pragma:
      - no-cache
      server:
      - Microsoft-HTTPAPI/2.0
      strict-transport-security:
      - max-age=31536000; includeSubDomains
      transfer-encoding:
      - chunked
      vary:
      - Accept-Encoding
      x-content-type-options:
      - nosniff
    status:
      code: 200
      message: OK
- request:
    body: null
    headers:
      Accept:
      - application/json
      Accept-Encoding:
      - gzip, deflate
      CommandName:
      - sql server create
      Connection:
      - keep-alive
      ParameterSetName:
      - -l -g -n -u -p
      User-Agent:
      - python/3.7.7 (Windows-10-10.0.18362-SP0) msrest/0.6.9 msrest_azure/0.6.3 azure-mgmt-sql/0.19.0
        Azure-SDK-For-Python AZURECLI/2.10.1
    method: GET
    uri: https://management.azure.com/subscriptions/00000000-0000-0000-0000-000000000000/resourceGroups/clitest.rg000001/providers/Microsoft.Sql/locations/westeurope/serverAzureAsyncOperation/9d7fe53e-1bb9-40b4-94d6-b36ad5216d73?api-version=2019-06-01-preview
  response:
    body:
      string: '{"name":"9d7fe53e-1bb9-40b4-94d6-b36ad5216d73","status":"InProgress","startTime":"2020-08-12T13:34:11.757Z"}'
    headers:
      cache-control:
      - no-cache
      content-length:
      - '108'
      content-type:
      - application/json; charset=utf-8
      date:
      - Wed, 12 Aug 2020 13:34:15 GMT
      expires:
      - '-1'
      pragma:
      - no-cache
      server:
      - Microsoft-HTTPAPI/2.0
      strict-transport-security:
      - max-age=31536000; includeSubDomains
      transfer-encoding:
      - chunked
      vary:
      - Accept-Encoding
      x-content-type-options:
      - nosniff
    status:
      code: 200
      message: OK
- request:
    body: null
    headers:
      Accept:
      - application/json
      Accept-Encoding:
      - gzip, deflate
      CommandName:
      - sql server create
      Connection:
      - keep-alive
      ParameterSetName:
      - -l -g -n -u -p
      User-Agent:
      - python/3.7.7 (Windows-10-10.0.18362-SP0) msrest/0.6.9 msrest_azure/0.6.3 azure-mgmt-sql/0.19.0
        Azure-SDK-For-Python AZURECLI/2.10.1
    method: GET
    uri: https://management.azure.com/subscriptions/00000000-0000-0000-0000-000000000000/resourceGroups/clitest.rg000001/providers/Microsoft.Sql/locations/westeurope/serverAzureAsyncOperation/9d7fe53e-1bb9-40b4-94d6-b36ad5216d73?api-version=2019-06-01-preview
  response:
    body:
      string: '{"name":"9d7fe53e-1bb9-40b4-94d6-b36ad5216d73","status":"InProgress","startTime":"2020-08-12T13:34:11.757Z"}'
    headers:
      cache-control:
      - no-cache
      content-length:
      - '108'
      content-type:
      - application/json; charset=utf-8
      date:
      - Wed, 12 Aug 2020 13:34:16 GMT
      expires:
      - '-1'
      pragma:
      - no-cache
      server:
      - Microsoft-HTTPAPI/2.0
      strict-transport-security:
      - max-age=31536000; includeSubDomains
      transfer-encoding:
      - chunked
      vary:
      - Accept-Encoding
      x-content-type-options:
      - nosniff
    status:
      code: 200
      message: OK
- request:
    body: null
    headers:
      Accept:
      - application/json
      Accept-Encoding:
      - gzip, deflate
      CommandName:
      - sql server create
      Connection:
      - keep-alive
      ParameterSetName:
      - -l -g -n -u -p
      User-Agent:
      - python/3.7.7 (Windows-10-10.0.18362-SP0) msrest/0.6.9 msrest_azure/0.6.3 azure-mgmt-sql/0.19.0
        Azure-SDK-For-Python AZURECLI/2.10.1
    method: GET
    uri: https://management.azure.com/subscriptions/00000000-0000-0000-0000-000000000000/resourceGroups/clitest.rg000001/providers/Microsoft.Sql/locations/westeurope/serverAzureAsyncOperation/9d7fe53e-1bb9-40b4-94d6-b36ad5216d73?api-version=2019-06-01-preview
  response:
    body:
      string: '{"name":"9d7fe53e-1bb9-40b4-94d6-b36ad5216d73","status":"InProgress","startTime":"2020-08-12T13:34:11.757Z"}'
    headers:
      cache-control:
      - no-cache
      content-length:
      - '108'
      content-type:
      - application/json; charset=utf-8
      date:
      - Wed, 12 Aug 2020 13:34:36 GMT
      expires:
      - '-1'
      pragma:
      - no-cache
      server:
      - Microsoft-HTTPAPI/2.0
      strict-transport-security:
      - max-age=31536000; includeSubDomains
      transfer-encoding:
      - chunked
      vary:
      - Accept-Encoding
      x-content-type-options:
      - nosniff
    status:
      code: 200
      message: OK
- request:
    body: null
    headers:
      Accept:
      - application/json
      Accept-Encoding:
      - gzip, deflate
      CommandName:
      - sql server create
      Connection:
      - keep-alive
      ParameterSetName:
      - -l -g -n -u -p
      User-Agent:
      - python/3.7.7 (Windows-10-10.0.18362-SP0) msrest/0.6.9 msrest_azure/0.6.3 azure-mgmt-sql/0.19.0
        Azure-SDK-For-Python AZURECLI/2.10.1
    method: GET
    uri: https://management.azure.com/subscriptions/00000000-0000-0000-0000-000000000000/resourceGroups/clitest.rg000001/providers/Microsoft.Sql/locations/westeurope/serverAzureAsyncOperation/9d7fe53e-1bb9-40b4-94d6-b36ad5216d73?api-version=2019-06-01-preview
  response:
    body:
      string: '{"name":"9d7fe53e-1bb9-40b4-94d6-b36ad5216d73","status":"Succeeded","startTime":"2020-08-12T13:34:11.757Z"}'
    headers:
      cache-control:
      - no-cache
      content-length:
      - '107'
      content-type:
      - application/json; charset=utf-8
      date:
      - Wed, 12 Aug 2020 13:34:57 GMT
      expires:
      - '-1'
      pragma:
      - no-cache
      server:
      - Microsoft-HTTPAPI/2.0
      strict-transport-security:
      - max-age=31536000; includeSubDomains
      transfer-encoding:
      - chunked
      vary:
      - Accept-Encoding
      x-content-type-options:
      - nosniff
    status:
      code: 200
      message: OK
- request:
    body: null
    headers:
      Accept:
      - application/json
      Accept-Encoding:
      - gzip, deflate
      CommandName:
      - sql server create
      Connection:
      - keep-alive
      ParameterSetName:
      - -l -g -n -u -p
      User-Agent:
      - python/3.7.7 (Windows-10-10.0.18362-SP0) msrest/0.6.9 msrest_azure/0.6.3 azure-mgmt-sql/0.19.0
        Azure-SDK-For-Python AZURECLI/2.10.1
    method: GET
    uri: https://management.azure.com/subscriptions/00000000-0000-0000-0000-000000000000/resourceGroups/clitest.rg000001/providers/Microsoft.Sql/servers/clitestserver000003?api-version=2019-06-01-preview
  response:
    body:
      string: '{"kind":"v12.0","properties":{"administratorLogin":"admin123","version":"12.0","state":"Ready","fullyQualifiedDomainName":"clitestserver000003.database.windows.net","privateEndpointConnections":[],"publicNetworkAccess":"Enabled"},"location":"westeurope","id":"/subscriptions/00000000-0000-0000-0000-000000000000/resourceGroups/clitest.rg000001/providers/Microsoft.Sql/servers/clitestserver000003","name":"clitestserver000003","type":"Microsoft.Sql/servers"}'
    headers:
      cache-control:
      - no-cache
      content-length:
      - '645'
      content-type:
      - application/json; charset=utf-8
      date:
      - Wed, 12 Aug 2020 13:34:57 GMT
      expires:
      - '-1'
      pragma:
      - no-cache
      server:
      - Microsoft-HTTPAPI/2.0
      strict-transport-security:
      - max-age=31536000; includeSubDomains
      transfer-encoding:
      - chunked
      vary:
      - Accept-Encoding
      x-content-type-options:
      - nosniff
    status:
      code: 200
      message: OK
- request:
    body: null
    headers:
      Accept:
      - application/json
      Accept-Encoding:
      - gzip, deflate
      CommandName:
      - storage account show
      Connection:
      - keep-alive
      ParameterSetName:
      - -g -n --query
      User-Agent:
      - python/3.7.7 (Windows-10-10.0.18362-SP0) msrest/0.6.9 msrest_azure/0.6.3 azure-mgmt-storage/11.1.0
        Azure-SDK-For-Python AZURECLI/2.10.1
      accept-language:
      - en-US
    method: GET
    uri: https://management.azure.com/subscriptions/00000000-0000-0000-0000-000000000000/resourceGroups/clitest.rg000001/providers/Microsoft.Storage/storageAccounts/clitest000004?api-version=2019-06-01
  response:
    body:
      string: '{"sku":{"name":"Standard_LRS","tier":"Standard"},"kind":"Storage","id":"/subscriptions/00000000-0000-0000-0000-000000000000/resourceGroups/clitest.rg000001/providers/Microsoft.Storage/storageAccounts/clitest000004","name":"clitest000004","type":"Microsoft.Storage/storageAccounts","location":"westus","tags":{},"properties":{"privateEndpointConnections":[],"networkAcls":{"bypass":"AzureServices","virtualNetworkRules":[],"ipRules":[],"defaultAction":"Allow"},"supportsHttpsTrafficOnly":true,"encryption":{"services":{"file":{"keyType":"Account","enabled":true,"lastEnabledTime":"2020-08-12T13:35:00.2044812Z"},"blob":{"keyType":"Account","enabled":true,"lastEnabledTime":"2020-08-12T13:35:00.2044812Z"}},"keySource":"Microsoft.Storage"},"provisioningState":"Succeeded","creationTime":"2020-08-12T13:35:00.1107631Z","primaryEndpoints":{"blob":"https://clitest000004.blob.core.windows.net/","queue":"https://clitest000004.queue.core.windows.net/","table":"https://clitest000004.table.core.windows.net/","file":"https://clitest000004.file.core.windows.net/"},"primaryLocation":"westus","statusOfPrimary":"available"}}'
    headers:
      cache-control:
      - no-cache
      content-length:
      - '1240'
      content-type:
      - application/json
      date:
      - Wed, 12 Aug 2020 13:35:48 GMT
      expires:
      - '-1'
      pragma:
      - no-cache
      server:
      - Microsoft-Azure-Storage-Resource-Provider/1.0,Microsoft-HTTPAPI/2.0 Microsoft-HTTPAPI/2.0
      strict-transport-security:
      - max-age=31536000; includeSubDomains
      transfer-encoding:
      - chunked
      vary:
      - Accept-Encoding
      x-content-type-options:
      - nosniff
    status:
      code: 200
      message: OK
- request:
    body: null
    headers:
      Accept:
      - application/json
      Accept-Encoding:
      - gzip, deflate
      CommandName:
      - storage account keys list
      Connection:
      - keep-alive
      Content-Length:
      - '0'
      ParameterSetName:
      - -g -n --query
      User-Agent:
      - python/3.7.7 (Windows-10-10.0.18362-SP0) msrest/0.6.9 msrest_azure/0.6.3 azure-mgmt-storage/11.1.0
        Azure-SDK-For-Python AZURECLI/2.10.1
      accept-language:
      - en-US
    method: POST
    uri: https://management.azure.com/subscriptions/00000000-0000-0000-0000-000000000000/resourceGroups/clitest.rg000001/providers/Microsoft.Storage/storageAccounts/clitest000004/listKeys?api-version=2019-06-01
  response:
    body:
      string: '{"keys":[{"keyName":"key1","value":"veryFakedStorageAccountKey==","permissions":"FULL"},{"keyName":"key2","value":"veryFakedStorageAccountKey==","permissions":"FULL"}]}'
    headers:
      cache-control:
      - no-cache
      content-length:
      - '288'
      content-type:
      - application/json
      date:
      - Wed, 12 Aug 2020 13:35:48 GMT
      expires:
      - '-1'
      pragma:
      - no-cache
      server:
      - Microsoft-Azure-Storage-Resource-Provider/1.0,Microsoft-HTTPAPI/2.0 Microsoft-HTTPAPI/2.0
      strict-transport-security:
      - max-age=31536000; includeSubDomains
      transfer-encoding:
      - chunked
      vary:
      - Accept-Encoding
      x-content-type-options:
      - nosniff
      x-ms-ratelimit-remaining-subscription-resource-requests:
      - '11999'
    status:
      code: 200
      message: OK
- request:
    body: null
    headers:
      Accept:
      - application/json
      Accept-Encoding:
      - gzip, deflate
      CommandName:
      - sql server audit-policy show
      Connection:
      - keep-alive
      ParameterSetName:
      - -g -n
      User-Agent:
      - python/3.7.7 (Windows-10-10.0.18362-SP0) msrest/0.6.9 msrest_azure/0.6.3 azure-mgmt-sql/0.19.0
        Azure-SDK-For-Python AZURECLI/2.10.1
      accept-language:
      - en-US
    method: GET
    uri: https://management.azure.com/subscriptions/00000000-0000-0000-0000-000000000000/resourceGroups/clitest.rg000001/providers/Microsoft.Sql/servers/clitestserver000003/auditingSettings/default?api-version=2017-03-01-preview
  response:
    body:
      string: '{"properties":{"state":"Disabled","storageEndpoint":"","retentionDays":0,"auditActionsAndGroups":[],"storageAccountSubscriptionId":"00000000-0000-0000-0000-000000000000","isStorageSecondaryKeyInUse":false,"isAzureMonitorTargetEnabled":false},"id":"/subscriptions/00000000-0000-0000-0000-000000000000/resourceGroups/clitest.rg000001/providers/Microsoft.Sql/servers/clitestserver000003/auditingSettings/Default","name":"Default","type":"Microsoft.Sql/servers/auditingSettings"}'
    headers:
      cache-control:
      - no-cache
      content-length:
      - '577'
      content-type:
      - application/json; charset=utf-8
      date:
      - Wed, 12 Aug 2020 13:35:49 GMT
      expires:
      - '-1'
      pragma:
      - no-cache
      server:
      - Microsoft-HTTPAPI/2.0
      strict-transport-security:
      - max-age=31536000; includeSubDomains
      transfer-encoding:
      - chunked
      vary:
      - Accept-Encoding
      x-content-type-options:
      - nosniff
    status:
      code: 200
      message: OK
- request:
    body: null
    headers:
      Accept:
      - application/json
      Accept-Encoding:
      - gzip, deflate
      CommandName:
      - sql server audit-policy update
      Connection:
      - keep-alive
      ParameterSetName:
      - -g -n --state --storage-key --storage-endpoint --retention-days --actions
      User-Agent:
      - python/3.7.7 (Windows-10-10.0.18362-SP0) msrest/0.6.9 msrest_azure/0.6.3 azure-mgmt-sql/0.19.0
        Azure-SDK-For-Python AZURECLI/2.10.1
      accept-language:
      - en-US
    method: GET
    uri: https://management.azure.com/subscriptions/00000000-0000-0000-0000-000000000000/resourceGroups/clitest.rg000001/providers/Microsoft.Sql/servers/clitestserver000003/auditingSettings/default?api-version=2017-03-01-preview
  response:
    body:
      string: '{"properties":{"state":"Disabled","storageEndpoint":"","retentionDays":0,"auditActionsAndGroups":[],"storageAccountSubscriptionId":"00000000-0000-0000-0000-000000000000","isStorageSecondaryKeyInUse":false,"isAzureMonitorTargetEnabled":false},"id":"/subscriptions/00000000-0000-0000-0000-000000000000/resourceGroups/clitest.rg000001/providers/Microsoft.Sql/servers/clitestserver000003/auditingSettings/Default","name":"Default","type":"Microsoft.Sql/servers/auditingSettings"}'
    headers:
      cache-control:
      - no-cache
      content-length:
      - '577'
      content-type:
      - application/json; charset=utf-8
      date:
      - Wed, 12 Aug 2020 13:35:49 GMT
      expires:
      - '-1'
      pragma:
      - no-cache
      server:
      - Microsoft-HTTPAPI/2.0
      strict-transport-security:
      - max-age=31536000; includeSubDomains
      transfer-encoding:
      - chunked
      vary:
      - Accept-Encoding
      x-content-type-options:
      - nosniff
    status:
      code: 200
      message: OK
- request:
    body: '{"properties": {"state": "Enabled", "storageEndpoint": "https://clitest000004.blob.core.windows.net/",
      "storageAccountAccessKey": "veryFakedStorageAccountKey==", "retentionDays":
      30, "auditActionsAndGroups": ["DATABASE_LOGOUT_GROUP", "DATABASE_ROLE_MEMBER_CHANGE_GROUP"],
      "storageAccountSubscriptionId": "00000000-0000-0000-0000-000000000000", "isStorageSecondaryKeyInUse":
      false, "isAzureMonitorTargetEnabled": false}}'
    headers:
      Accept:
      - application/json
      Accept-Encoding:
      - gzip, deflate
      CommandName:
      - sql server audit-policy update
      Connection:
      - keep-alive
      Content-Length:
      - '490'
      Content-Type:
      - application/json; charset=utf-8
      ParameterSetName:
      - -g -n --state --storage-key --storage-endpoint --retention-days --actions
      User-Agent:
      - python/3.7.7 (Windows-10-10.0.18362-SP0) msrest/0.6.9 msrest_azure/0.6.3 azure-mgmt-sql/0.19.0
        Azure-SDK-For-Python AZURECLI/2.10.1
      accept-language:
      - en-US
    method: PUT
    uri: https://management.azure.com/subscriptions/00000000-0000-0000-0000-000000000000/resourceGroups/clitest.rg000001/providers/Microsoft.Sql/servers/clitestserver000003/auditingSettings/default?api-version=2017-03-01-preview
  response:
    body:
      string: '{"operation":"UpsertServerEngineAuditingPolicy","startTime":"2020-08-12T13:35:51.07Z"}'
    headers:
      azure-asyncoperation:
      - https://management.azure.com/subscriptions/00000000-0000-0000-0000-000000000000/providers/Microsoft.Sql/locations/westeurope/auditingSettingsAzureAsyncOperation/d2b7b5b1-4b4e-44d1-a5e8-c01a43ca2f37?api-version=2017-03-01-preview
      cache-control:
      - no-cache
      content-length:
      - '86'
      content-type:
      - application/json; charset=utf-8
      date:
      - Wed, 12 Aug 2020 13:35:51 GMT
      expires:
      - '-1'
      location:
      - https://management.azure.com/subscriptions/00000000-0000-0000-0000-000000000000/providers/Microsoft.Sql/locations/westeurope/auditingSettingsOperationResults/d2b7b5b1-4b4e-44d1-a5e8-c01a43ca2f37?api-version=2017-03-01-preview
      pragma:
      - no-cache
      server:
      - Microsoft-HTTPAPI/2.0
      strict-transport-security:
      - max-age=31536000; includeSubDomains
      x-content-type-options:
      - nosniff
      x-ms-ratelimit-remaining-subscription-writes:
      - '1198'
    status:
      code: 202
      message: Accepted
- request:
    body: null
    headers:
      Accept:
      - application/json
      Accept-Encoding:
      - gzip, deflate
      CommandName:
      - sql server audit-policy update
      Connection:
      - keep-alive
      ParameterSetName:
      - -g -n --state --storage-key --storage-endpoint --retention-days --actions
      User-Agent:
      - python/3.7.7 (Windows-10-10.0.18362-SP0) msrest/0.6.9 msrest_azure/0.6.3 azure-mgmt-sql/0.19.0
        Azure-SDK-For-Python AZURECLI/2.10.1
    method: GET
    uri: https://management.azure.com/subscriptions/00000000-0000-0000-0000-000000000000/providers/Microsoft.Sql/locations/westeurope/auditingSettingsAzureAsyncOperation/d2b7b5b1-4b4e-44d1-a5e8-c01a43ca2f37?api-version=2017-03-01-preview
  response:
    body:
      string: '{"name":"d2b7b5b1-4b4e-44d1-a5e8-c01a43ca2f37","status":"Succeeded","startTime":"2020-08-12T13:35:51.07Z"}'
    headers:
      cache-control:
      - no-cache
      content-length:
      - '106'
      content-type:
      - application/json; charset=utf-8
      date:
      - Wed, 12 Aug 2020 13:36:50 GMT
      expires:
      - '-1'
      pragma:
      - no-cache
      server:
      - Microsoft-HTTPAPI/2.0
      strict-transport-security:
      - max-age=31536000; includeSubDomains
      transfer-encoding:
      - chunked
      vary:
      - Accept-Encoding
      x-content-type-options:
      - nosniff
    status:
      code: 200
      message: OK
- request:
    body: null
    headers:
      Accept:
      - application/json
      Accept-Encoding:
      - gzip, deflate
      CommandName:
      - sql server audit-policy update
      Connection:
      - keep-alive
      ParameterSetName:
      - -g -n --state --storage-key --storage-endpoint --retention-days --actions
      User-Agent:
      - python/3.7.7 (Windows-10-10.0.18362-SP0) msrest/0.6.9 msrest_azure/0.6.3 azure-mgmt-sql/0.19.0
        Azure-SDK-For-Python AZURECLI/2.10.1
    method: GET
    uri: https://management.azure.com/subscriptions/00000000-0000-0000-0000-000000000000/resourceGroups/clitest.rg000001/providers/Microsoft.Sql/servers/clitestserver000003/auditingSettings/default?api-version=2017-03-01-preview
  response:
    body:
      string: '{"properties":{"state":"Enabled","storageEndpoint":"https://clitest000004.blob.core.windows.net/","retentionDays":30,"auditActionsAndGroups":["DATABASE_LOGOUT_GROUP","DATABASE_ROLE_MEMBER_CHANGE_GROUP"],"storageAccountSubscriptionId":"00000000-0000-0000-0000-000000000000","isStorageSecondaryKeyInUse":false,"isAzureMonitorTargetEnabled":false},"id":"/subscriptions/00000000-0000-0000-0000-000000000000/resourceGroups/clitest.rg000001/providers/Microsoft.Sql/servers/clitestserver000003/auditingSettings/Default","name":"Default","type":"Microsoft.Sql/servers/auditingSettings"}'
    headers:
      cache-control:
      - no-cache
      content-length:
      - '691'
      content-type:
      - application/json; charset=utf-8
      date:
      - Wed, 12 Aug 2020 13:36:50 GMT
      expires:
      - '-1'
      pragma:
      - no-cache
      server:
      - Microsoft-HTTPAPI/2.0
      strict-transport-security:
      - max-age=31536000; includeSubDomains
      transfer-encoding:
      - chunked
      vary:
      - Accept-Encoding
      x-content-type-options:
      - nosniff
    status:
      code: 200
      message: OK
- request:
    body: null
    headers:
      Accept:
      - application/json
      Accept-Encoding:
      - gzip, deflate
      CommandName:
      - storage account show
      Connection:
      - keep-alive
      ParameterSetName:
      - -g -n --query
      User-Agent:
      - python/3.7.7 (Windows-10-10.0.18362-SP0) msrest/0.6.9 msrest_azure/0.6.3 azure-mgmt-storage/11.1.0
        Azure-SDK-For-Python AZURECLI/2.10.1
      accept-language:
      - en-US
    method: GET
    uri: https://management.azure.com/subscriptions/00000000-0000-0000-0000-000000000000/resourceGroups/clitest.rg000002/providers/Microsoft.Storage/storageAccounts/clitest000005?api-version=2019-06-01
  response:
    body:
      string: '{"sku":{"name":"Standard_LRS","tier":"Standard"},"kind":"Storage","id":"/subscriptions/00000000-0000-0000-0000-000000000000/resourceGroups/clitest.rg000002/providers/Microsoft.Storage/storageAccounts/clitest000005","name":"clitest000005","type":"Microsoft.Storage/storageAccounts","location":"westus","tags":{},"properties":{"privateEndpointConnections":[],"networkAcls":{"bypass":"AzureServices","virtualNetworkRules":[],"ipRules":[],"defaultAction":"Allow"},"supportsHttpsTrafficOnly":true,"encryption":{"services":{"file":{"keyType":"Account","enabled":true,"lastEnabledTime":"2020-08-12T13:35:27.2360970Z"},"blob":{"keyType":"Account","enabled":true,"lastEnabledTime":"2020-08-12T13:35:27.2360970Z"}},"keySource":"Microsoft.Storage"},"provisioningState":"Succeeded","creationTime":"2020-08-12T13:35:27.1423558Z","primaryEndpoints":{"blob":"https://clitest000005.blob.core.windows.net/","queue":"https://clitest000005.queue.core.windows.net/","table":"https://clitest000005.table.core.windows.net/","file":"https://clitest000005.file.core.windows.net/"},"primaryLocation":"westus","statusOfPrimary":"available"}}'
    headers:
      cache-control:
      - no-cache
      content-length:
      - '1240'
      content-type:
      - application/json
      date:
      - Wed, 12 Aug 2020 13:36:52 GMT
      expires:
      - '-1'
      pragma:
      - no-cache
      server:
      - Microsoft-Azure-Storage-Resource-Provider/1.0,Microsoft-HTTPAPI/2.0 Microsoft-HTTPAPI/2.0
      strict-transport-security:
      - max-age=31536000; includeSubDomains
      transfer-encoding:
      - chunked
      vary:
      - Accept-Encoding
      x-content-type-options:
      - nosniff
    status:
      code: 200
      message: OK
- request:
    body: null
    headers:
      Accept:
      - application/json
      Accept-Encoding:
      - gzip, deflate
      CommandName:
      - sql server audit-policy update
      Connection:
      - keep-alive
      ParameterSetName:
      - -g -n --storage-account
      User-Agent:
      - python/3.7.7 (Windows-10-10.0.18362-SP0) msrest/0.6.9 msrest_azure/0.6.3 azure-mgmt-sql/0.19.0
        Azure-SDK-For-Python AZURECLI/2.10.1
      accept-language:
      - en-US
    method: GET
    uri: https://management.azure.com/subscriptions/00000000-0000-0000-0000-000000000000/resourceGroups/clitest.rg000001/providers/Microsoft.Sql/servers/clitestserver000003/auditingSettings/default?api-version=2017-03-01-preview
  response:
    body:
      string: '{"properties":{"state":"Enabled","storageEndpoint":"https://clitest000004.blob.core.windows.net/","retentionDays":30,"auditActionsAndGroups":["DATABASE_LOGOUT_GROUP","DATABASE_ROLE_MEMBER_CHANGE_GROUP"],"storageAccountSubscriptionId":"00000000-0000-0000-0000-000000000000","isStorageSecondaryKeyInUse":false,"isAzureMonitorTargetEnabled":false},"id":"/subscriptions/00000000-0000-0000-0000-000000000000/resourceGroups/clitest.rg000001/providers/Microsoft.Sql/servers/clitestserver000003/auditingSettings/Default","name":"Default","type":"Microsoft.Sql/servers/auditingSettings"}'
    headers:
      cache-control:
      - no-cache
      content-length:
      - '691'
      content-type:
      - application/json; charset=utf-8
      date:
      - Wed, 12 Aug 2020 13:36:52 GMT
      expires:
      - '-1'
      pragma:
      - no-cache
      server:
      - Microsoft-HTTPAPI/2.0
      strict-transport-security:
      - max-age=31536000; includeSubDomains
      transfer-encoding:
      - chunked
      vary:
      - Accept-Encoding
      x-content-type-options:
      - nosniff
    status:
      code: 200
      message: OK
- request:
    body: null
    headers:
      Accept:
      - application/json
      Accept-Encoding:
      - gzip, deflate
      CommandName:
      - sql server audit-policy update
      Connection:
      - keep-alive
      ParameterSetName:
      - -g -n --storage-account
      User-Agent:
      - python/3.7.7 (Windows-10-10.0.18362-SP0) msrest/0.6.9 msrest_azure/0.6.3 azure-mgmt-resource/10.1.0
        Azure-SDK-For-Python AZURECLI/2.10.1
      accept-language:
      - en-US
    method: GET
    uri: https://management.azure.com/subscriptions/00000000-0000-0000-0000-000000000000/resources?$filter=name%20eq%20%27clitest000005%27%20and%20%28resourceType%20eq%20%27Microsoft.Storage%2FstorageAccounts%27%20or%20resourceType%20eq%20%27Microsoft.ClassicStorage%2FstorageAccounts%27%29&api-version=2020-06-01
  response:
    body:
      string: '{"value":[{"id":"/subscriptions/00000000-0000-0000-0000-000000000000/resourceGroups/clitest.rg000002/providers/Microsoft.Storage/storageAccounts/clitest000005","name":"clitest000005","type":"Microsoft.Storage/storageAccounts","sku":{"name":"Standard_LRS","tier":"Standard"},"kind":"Storage","location":"westus","tags":{}}]}'
    headers:
      cache-control:
      - no-cache
      content-length:
      - '404'
      content-type:
      - application/json; charset=utf-8
      date:
      - Wed, 12 Aug 2020 13:36:53 GMT
      expires:
      - '-1'
      pragma:
      - no-cache
      strict-transport-security:
      - max-age=31536000; includeSubDomains
      vary:
      - Accept-Encoding
      x-content-type-options:
      - nosniff
    status:
      code: 200
      message: OK
- request:
    body: null
    headers:
      Accept:
      - application/json
      Accept-Encoding:
      - gzip, deflate
      CommandName:
      - sql server audit-policy update
      Connection:
      - keep-alive
      ParameterSetName:
      - -g -n --storage-account
      User-Agent:
      - python/3.7.7 (Windows-10-10.0.18362-SP0) msrest/0.6.9 msrest_azure/0.6.3 azure-mgmt-storage/11.1.0
        Azure-SDK-For-Python AZURECLI/2.10.1
      accept-language:
      - en-US
    method: GET
    uri: https://management.azure.com/subscriptions/00000000-0000-0000-0000-000000000000/resourceGroups/clitest.rg000002/providers/Microsoft.Storage/storageAccounts/clitest000005?api-version=2019-06-01
  response:
    body:
      string: '{"sku":{"name":"Standard_LRS","tier":"Standard"},"kind":"Storage","id":"/subscriptions/00000000-0000-0000-0000-000000000000/resourceGroups/clitest.rg000002/providers/Microsoft.Storage/storageAccounts/clitest000005","name":"clitest000005","type":"Microsoft.Storage/storageAccounts","location":"westus","tags":{},"properties":{"privateEndpointConnections":[],"networkAcls":{"bypass":"AzureServices","virtualNetworkRules":[],"ipRules":[],"defaultAction":"Allow"},"supportsHttpsTrafficOnly":true,"encryption":{"services":{"file":{"keyType":"Account","enabled":true,"lastEnabledTime":"2020-08-12T13:35:27.2360970Z"},"blob":{"keyType":"Account","enabled":true,"lastEnabledTime":"2020-08-12T13:35:27.2360970Z"}},"keySource":"Microsoft.Storage"},"provisioningState":"Succeeded","creationTime":"2020-08-12T13:35:27.1423558Z","primaryEndpoints":{"blob":"https://clitest000005.blob.core.windows.net/","queue":"https://clitest000005.queue.core.windows.net/","table":"https://clitest000005.table.core.windows.net/","file":"https://clitest000005.file.core.windows.net/"},"primaryLocation":"westus","statusOfPrimary":"available"}}'
    headers:
      cache-control:
      - no-cache
      content-length:
      - '1240'
      content-type:
      - application/json
      date:
      - Wed, 12 Aug 2020 13:36:54 GMT
      expires:
      - '-1'
      pragma:
      - no-cache
      server:
      - Microsoft-Azure-Storage-Resource-Provider/1.0,Microsoft-HTTPAPI/2.0 Microsoft-HTTPAPI/2.0
      strict-transport-security:
      - max-age=31536000; includeSubDomains
      transfer-encoding:
      - chunked
      vary:
      - Accept-Encoding
      x-content-type-options:
      - nosniff
    status:
      code: 200
      message: OK
- request:
    body: null
    headers:
      Accept:
      - application/json
      Accept-Encoding:
      - gzip, deflate
      CommandName:
      - sql server audit-policy update
      Connection:
      - keep-alive
      Content-Length:
      - '0'
      ParameterSetName:
      - -g -n --storage-account
      User-Agent:
      - python/3.7.7 (Windows-10-10.0.18362-SP0) msrest/0.6.9 msrest_azure/0.6.3 azure-mgmt-storage/11.1.0
        Azure-SDK-For-Python AZURECLI/2.10.1
      accept-language:
      - en-US
    method: POST
    uri: https://management.azure.com/subscriptions/00000000-0000-0000-0000-000000000000/resourceGroups/clitest.rg000002/providers/Microsoft.Storage/storageAccounts/clitest000005/listKeys?api-version=2019-06-01
  response:
    body:
      string: '{"keys":[{"keyName":"key1","value":"veryFakedStorageAccountKey==","permissions":"FULL"},{"keyName":"key2","value":"veryFakedStorageAccountKey==","permissions":"FULL"}]}'
    headers:
      cache-control:
      - no-cache
      content-length:
      - '288'
      content-type:
      - application/json
      date:
      - Wed, 12 Aug 2020 13:36:56 GMT
      expires:
      - '-1'
      pragma:
      - no-cache
      server:
      - Microsoft-Azure-Storage-Resource-Provider/1.0,Microsoft-HTTPAPI/2.0 Microsoft-HTTPAPI/2.0
      strict-transport-security:
      - max-age=31536000; includeSubDomains
      transfer-encoding:
      - chunked
      vary:
      - Accept-Encoding
      x-content-type-options:
      - nosniff
      x-ms-ratelimit-remaining-subscription-resource-requests:
      - '11998'
    status:
      code: 200
      message: OK
- request:
    body: '{"properties": {"state": "Enabled", "storageEndpoint": "https://clitest000005.blob.core.windows.net/",
      "storageAccountAccessKey": "veryFakedStorageAccountKey==", "retentionDays":
      30, "auditActionsAndGroups": ["DATABASE_LOGOUT_GROUP", "DATABASE_ROLE_MEMBER_CHANGE_GROUP"],
      "storageAccountSubscriptionId": "00000000-0000-0000-0000-000000000000", "isStorageSecondaryKeyInUse":
      false, "isAzureMonitorTargetEnabled": false}}'
    headers:
      Accept:
      - application/json
      Accept-Encoding:
      - gzip, deflate
      CommandName:
      - sql server audit-policy update
      Connection:
      - keep-alive
      Content-Length:
      - '490'
      Content-Type:
      - application/json; charset=utf-8
      ParameterSetName:
      - -g -n --storage-account
      User-Agent:
      - python/3.7.7 (Windows-10-10.0.18362-SP0) msrest/0.6.9 msrest_azure/0.6.3 azure-mgmt-sql/0.19.0
        Azure-SDK-For-Python AZURECLI/2.10.1
      accept-language:
      - en-US
    method: PUT
    uri: https://management.azure.com/subscriptions/00000000-0000-0000-0000-000000000000/resourceGroups/clitest.rg000001/providers/Microsoft.Sql/servers/clitestserver000003/auditingSettings/default?api-version=2017-03-01-preview
  response:
    body:
      string: '{"operation":"UpsertServerEngineAuditingPolicy","startTime":"2020-08-12T13:36:57.473Z"}'
    headers:
      azure-asyncoperation:
      - https://management.azure.com/subscriptions/00000000-0000-0000-0000-000000000000/providers/Microsoft.Sql/locations/westeurope/auditingSettingsAzureAsyncOperation/dba3dc21-ce2e-4c09-a7e3-88f8caa9b753?api-version=2017-03-01-preview
      cache-control:
      - no-cache
      content-length:
      - '87'
      content-type:
      - application/json; charset=utf-8
      date:
      - Wed, 12 Aug 2020 13:36:57 GMT
      expires:
      - '-1'
      location:
      - https://management.azure.com/subscriptions/00000000-0000-0000-0000-000000000000/providers/Microsoft.Sql/locations/westeurope/auditingSettingsOperationResults/dba3dc21-ce2e-4c09-a7e3-88f8caa9b753?api-version=2017-03-01-preview
      pragma:
      - no-cache
      server:
      - Microsoft-HTTPAPI/2.0
      strict-transport-security:
      - max-age=31536000; includeSubDomains
      x-content-type-options:
      - nosniff
      x-ms-ratelimit-remaining-subscription-writes:
      - '1199'
    status:
      code: 202
      message: Accepted
- request:
    body: null
    headers:
      Accept:
      - application/json
      Accept-Encoding:
      - gzip, deflate
      CommandName:
      - sql server audit-policy update
      Connection:
      - keep-alive
      ParameterSetName:
      - -g -n --storage-account
      User-Agent:
      - python/3.7.7 (Windows-10-10.0.18362-SP0) msrest/0.6.9 msrest_azure/0.6.3 azure-mgmt-sql/0.19.0
        Azure-SDK-For-Python AZURECLI/2.10.1
    method: GET
    uri: https://management.azure.com/subscriptions/00000000-0000-0000-0000-000000000000/providers/Microsoft.Sql/locations/westeurope/auditingSettingsAzureAsyncOperation/dba3dc21-ce2e-4c09-a7e3-88f8caa9b753?api-version=2017-03-01-preview
  response:
    body:
      string: '{"name":"dba3dc21-ce2e-4c09-a7e3-88f8caa9b753","status":"Succeeded","startTime":"2020-08-12T13:36:57.473Z"}'
    headers:
      cache-control:
      - no-cache
      content-length:
      - '107'
      content-type:
      - application/json; charset=utf-8
      date:
      - Wed, 12 Aug 2020 13:37:58 GMT
      expires:
      - '-1'
      pragma:
      - no-cache
      server:
      - Microsoft-HTTPAPI/2.0
      strict-transport-security:
      - max-age=31536000; includeSubDomains
      transfer-encoding:
      - chunked
      vary:
      - Accept-Encoding
      x-content-type-options:
      - nosniff
    status:
      code: 200
      message: OK
- request:
    body: null
    headers:
      Accept:
      - application/json
      Accept-Encoding:
      - gzip, deflate
      CommandName:
      - sql server audit-policy update
      Connection:
      - keep-alive
      ParameterSetName:
      - -g -n --storage-account
      User-Agent:
      - python/3.7.7 (Windows-10-10.0.18362-SP0) msrest/0.6.9 msrest_azure/0.6.3 azure-mgmt-sql/0.19.0
        Azure-SDK-For-Python AZURECLI/2.10.1
    method: GET
    uri: https://management.azure.com/subscriptions/00000000-0000-0000-0000-000000000000/resourceGroups/clitest.rg000001/providers/Microsoft.Sql/servers/clitestserver000003/auditingSettings/default?api-version=2017-03-01-preview
  response:
    body:
      string: '{"properties":{"state":"Enabled","storageEndpoint":"https://clitest000005.blob.core.windows.net/","retentionDays":30,"auditActionsAndGroups":["DATABASE_LOGOUT_GROUP","DATABASE_ROLE_MEMBER_CHANGE_GROUP"],"storageAccountSubscriptionId":"00000000-0000-0000-0000-000000000000","isStorageSecondaryKeyInUse":false,"isAzureMonitorTargetEnabled":false},"id":"/subscriptions/00000000-0000-0000-0000-000000000000/resourceGroups/clitest.rg000001/providers/Microsoft.Sql/servers/clitestserver000003/auditingSettings/Default","name":"Default","type":"Microsoft.Sql/servers/auditingSettings"}'
    headers:
      cache-control:
      - no-cache
      content-length:
      - '691'
      content-type:
      - application/json; charset=utf-8
      date:
      - Wed, 12 Aug 2020 13:37:58 GMT
      expires:
      - '-1'
      pragma:
      - no-cache
      server:
      - Microsoft-HTTPAPI/2.0
      strict-transport-security:
      - max-age=31536000; includeSubDomains
      transfer-encoding:
      - chunked
      vary:
      - Accept-Encoding
      x-content-type-options:
      - nosniff
    status:
      code: 200
      message: OK
- request:
    body: null
    headers:
      Accept:
      - application/json
      Accept-Encoding:
      - gzip, deflate
      CommandName:
      - sql server audit-policy update
      Connection:
      - keep-alive
      ParameterSetName:
      - -g -n --state
      User-Agent:
      - python/3.7.7 (Windows-10-10.0.18362-SP0) msrest/0.6.9 msrest_azure/0.6.3 azure-mgmt-sql/0.19.0
        Azure-SDK-For-Python AZURECLI/2.10.1
      accept-language:
      - en-US
    method: GET
    uri: https://management.azure.com/subscriptions/00000000-0000-0000-0000-000000000000/resourceGroups/clitest.rg000001/providers/Microsoft.Sql/servers/clitestserver000003/auditingSettings/default?api-version=2017-03-01-preview
  response:
    body:
      string: '{"properties":{"state":"Enabled","storageEndpoint":"https://clitest000005.blob.core.windows.net/","retentionDays":30,"auditActionsAndGroups":["DATABASE_LOGOUT_GROUP","DATABASE_ROLE_MEMBER_CHANGE_GROUP"],"storageAccountSubscriptionId":"00000000-0000-0000-0000-000000000000","isStorageSecondaryKeyInUse":false,"isAzureMonitorTargetEnabled":false},"id":"/subscriptions/00000000-0000-0000-0000-000000000000/resourceGroups/clitest.rg000001/providers/Microsoft.Sql/servers/clitestserver000003/auditingSettings/Default","name":"Default","type":"Microsoft.Sql/servers/auditingSettings"}'
    headers:
      cache-control:
      - no-cache
      content-length:
      - '691'
      content-type:
      - application/json; charset=utf-8
      date:
      - Wed, 12 Aug 2020 13:37:58 GMT
      expires:
      - '-1'
      pragma:
      - no-cache
      server:
      - Microsoft-HTTPAPI/2.0
      strict-transport-security:
      - max-age=31536000; includeSubDomains
      transfer-encoding:
      - chunked
      vary:
      - Accept-Encoding
      x-content-type-options:
      - nosniff
    status:
      code: 200
      message: OK
- request:
    body: '{"properties": {"state": "Disabled", "storageEndpoint": "https://clitest000005.blob.core.windows.net/",
      "retentionDays": 30, "auditActionsAndGroups": ["DATABASE_LOGOUT_GROUP", "DATABASE_ROLE_MEMBER_CHANGE_GROUP"],
      "storageAccountSubscriptionId": "00000000-0000-0000-0000-000000000000", "isStorageSecondaryKeyInUse":
      false, "isAzureMonitorTargetEnabled": false}}'
    headers:
      Accept:
      - application/json
      Accept-Encoding:
      - gzip, deflate
      CommandName:
      - sql server audit-policy update
      Connection:
      - keep-alive
      Content-Length:
      - '372'
      Content-Type:
      - application/json; charset=utf-8
      ParameterSetName:
      - -g -n --state
      User-Agent:
      - python/3.7.7 (Windows-10-10.0.18362-SP0) msrest/0.6.9 msrest_azure/0.6.3 azure-mgmt-sql/0.19.0
        Azure-SDK-For-Python AZURECLI/2.10.1
      accept-language:
      - en-US
    method: PUT
    uri: https://management.azure.com/subscriptions/00000000-0000-0000-0000-000000000000/resourceGroups/clitest.rg000001/providers/Microsoft.Sql/servers/clitestserver000003/auditingSettings/default?api-version=2017-03-01-preview
  response:
    body:
      string: '{"operation":"UpsertServerEngineAuditingPolicy","startTime":"2020-08-12T13:37:59.763Z"}'
    headers:
      azure-asyncoperation:
      - https://management.azure.com/subscriptions/00000000-0000-0000-0000-000000000000/providers/Microsoft.Sql/locations/westeurope/auditingSettingsAzureAsyncOperation/7ca540aa-62cb-49e8-a947-62ad4ee99191?api-version=2017-03-01-preview
      cache-control:
      - no-cache
      content-length:
      - '87'
      content-type:
      - application/json; charset=utf-8
      date:
      - Wed, 12 Aug 2020 13:37:58 GMT
      expires:
      - '-1'
      location:
      - https://management.azure.com/subscriptions/00000000-0000-0000-0000-000000000000/providers/Microsoft.Sql/locations/westeurope/auditingSettingsOperationResults/7ca540aa-62cb-49e8-a947-62ad4ee99191?api-version=2017-03-01-preview
      pragma:
      - no-cache
      server:
      - Microsoft-HTTPAPI/2.0
      strict-transport-security:
      - max-age=31536000; includeSubDomains
      x-content-type-options:
      - nosniff
      x-ms-ratelimit-remaining-subscription-writes:
      - '1198'
    status:
      code: 202
      message: Accepted
- request:
    body: null
    headers:
      Accept:
      - application/json
      Accept-Encoding:
      - gzip, deflate
      CommandName:
      - sql server audit-policy update
      Connection:
      - keep-alive
      ParameterSetName:
      - -g -n --state
      User-Agent:
      - python/3.7.7 (Windows-10-10.0.18362-SP0) msrest/0.6.9 msrest_azure/0.6.3 azure-mgmt-sql/0.19.0
        Azure-SDK-For-Python AZURECLI/2.10.1
    method: GET
    uri: https://management.azure.com/subscriptions/00000000-0000-0000-0000-000000000000/providers/Microsoft.Sql/locations/westeurope/auditingSettingsAzureAsyncOperation/7ca540aa-62cb-49e8-a947-62ad4ee99191?api-version=2017-03-01-preview
  response:
    body:
      string: '{"name":"7ca540aa-62cb-49e8-a947-62ad4ee99191","status":"Succeeded","startTime":"2020-08-12T13:37:59.763Z"}'
    headers:
      cache-control:
      - no-cache
      content-length:
      - '107'
      content-type:
      - application/json; charset=utf-8
      date:
      - Wed, 12 Aug 2020 13:39:00 GMT
      expires:
      - '-1'
      pragma:
      - no-cache
      server:
      - Microsoft-HTTPAPI/2.0
      strict-transport-security:
      - max-age=31536000; includeSubDomains
      transfer-encoding:
      - chunked
      vary:
      - Accept-Encoding
      x-content-type-options:
      - nosniff
    status:
      code: 200
      message: OK
- request:
    body: null
    headers:
      Accept:
      - application/json
      Accept-Encoding:
      - gzip, deflate
      CommandName:
      - sql server audit-policy update
      Connection:
      - keep-alive
      ParameterSetName:
      - -g -n --state
      User-Agent:
      - python/3.7.7 (Windows-10-10.0.18362-SP0) msrest/0.6.9 msrest_azure/0.6.3 azure-mgmt-sql/0.19.0
        Azure-SDK-For-Python AZURECLI/2.10.1
    method: GET
    uri: https://management.azure.com/subscriptions/00000000-0000-0000-0000-000000000000/resourceGroups/clitest.rg000001/providers/Microsoft.Sql/servers/clitestserver000003/auditingSettings/default?api-version=2017-03-01-preview
  response:
    body:
      string: '{"properties":{"state":"Disabled","storageEndpoint":"https://clitest000005.blob.core.windows.net/","retentionDays":30,"auditActionsAndGroups":["DATABASE_LOGOUT_GROUP","DATABASE_ROLE_MEMBER_CHANGE_GROUP"],"storageAccountSubscriptionId":"00000000-0000-0000-0000-000000000000","isStorageSecondaryKeyInUse":false,"isAzureMonitorTargetEnabled":false},"id":"/subscriptions/00000000-0000-0000-0000-000000000000/resourceGroups/clitest.rg000001/providers/Microsoft.Sql/servers/clitestserver000003/auditingSettings/Default","name":"Default","type":"Microsoft.Sql/servers/auditingSettings"}'
    headers:
      cache-control:
      - no-cache
      content-length:
      - '692'
      content-type:
      - application/json; charset=utf-8
      date:
      - Wed, 12 Aug 2020 13:39:00 GMT
      expires:
      - '-1'
      pragma:
      - no-cache
      server:
      - Microsoft-HTTPAPI/2.0
      strict-transport-security:
      - max-age=31536000; includeSubDomains
      transfer-encoding:
      - chunked
      vary:
      - Accept-Encoding
      x-content-type-options:
      - nosniff
    status:
      code: 200
      message: OK
version: 1
