interactions:
- request:
    body: '{"location": "westeurope", "properties": {"administratorLogin": "admin123",
      "administratorLoginPassword": "SecretPassword123", "administrators": {}}}'
    headers:
      Accept:
      - application/json
      Accept-Encoding:
      - gzip, deflate
      CommandName:
      - sql server create
      Connection:
      - keep-alive
      Content-Length:
      - '149'
      Content-Type:
      - application/json
      ParameterSetName:
      - -l -g -n -u -p
      User-Agent:
      - AZURECLI/2.43.0 azsdk-python-mgmt-sql/4.0.0b6 Python/3.10.7 (Windows-10-10.0.17763-SP0)
    method: PUT
    uri: https://management.azure.com/subscriptions/00000000-0000-0000-0000-000000000000/resourceGroups/clitest.rg000001/providers/Microsoft.Sql/servers/clitestserver000002?api-version=2021-02-01-preview
  response:
    body:
      string: '{"operation":"UpsertLogicalServer","startTime":"2023-01-04T18:10:57.473Z"}'
    headers:
      azure-asyncoperation:
      - https://management.azure.com/subscriptions/00000000-0000-0000-0000-000000000000/resourceGroups/clitest.rg000001/providers/Microsoft.Sql/locations/westeurope/serverAzureAsyncOperation/50b85120-f984-4b77-86cf-d6b3cc481e18?api-version=2021-02-01-preview
      cache-control:
      - no-cache
      content-length:
      - '74'
      content-type:
      - application/json; charset=utf-8
      date:
      - Wed, 04 Jan 2023 18:10:57 GMT
      expires:
      - '-1'
      location:
      - https://management.azure.com/subscriptions/00000000-0000-0000-0000-000000000000/resourceGroups/clitest.rg000001/providers/Microsoft.Sql/locations/westeurope/serverOperationResults/50b85120-f984-4b77-86cf-d6b3cc481e18?api-version=2021-02-01-preview
      pragma:
      - no-cache
      server:
      - Microsoft-HTTPAPI/2.0
      strict-transport-security:
      - max-age=31536000; includeSubDomains
      x-content-type-options:
      - nosniff
      x-ms-ratelimit-remaining-subscription-writes:
      - '1199'
    status:
      code: 202
      message: Accepted
- request:
    body: null
    headers:
      Accept:
      - '*/*'
      Accept-Encoding:
      - gzip, deflate
      CommandName:
      - sql server create
      Connection:
      - keep-alive
      ParameterSetName:
      - -l -g -n -u -p
      User-Agent:
      - AZURECLI/2.43.0 azsdk-python-mgmt-sql/4.0.0b6 Python/3.10.7 (Windows-10-10.0.17763-SP0)
    method: GET
    uri: https://management.azure.com/subscriptions/00000000-0000-0000-0000-000000000000/resourceGroups/clitest.rg000001/providers/Microsoft.Sql/locations/westeurope/serverAzureAsyncOperation/50b85120-f984-4b77-86cf-d6b3cc481e18?api-version=2021-02-01-preview
  response:
    body:
      string: '{"name":"50b85120-f984-4b77-86cf-d6b3cc481e18","status":"InProgress","startTime":"2023-01-04T18:10:57.473Z"}'
    headers:
      cache-control:
      - no-cache
      content-length:
      - '108'
      content-type:
      - application/json; charset=utf-8
      date:
      - Wed, 04 Jan 2023 18:10:58 GMT
      expires:
      - '-1'
      pragma:
      - no-cache
      server:
      - Microsoft-HTTPAPI/2.0
      strict-transport-security:
      - max-age=31536000; includeSubDomains
      transfer-encoding:
      - chunked
      vary:
      - Accept-Encoding
      x-content-type-options:
      - nosniff
    status:
      code: 200
      message: OK
- request:
    body: null
    headers:
      Accept:
      - '*/*'
      Accept-Encoding:
      - gzip, deflate
      CommandName:
      - sql server create
      Connection:
      - keep-alive
      ParameterSetName:
      - -l -g -n -u -p
      User-Agent:
      - AZURECLI/2.43.0 azsdk-python-mgmt-sql/4.0.0b6 Python/3.10.7 (Windows-10-10.0.17763-SP0)
    method: GET
    uri: https://management.azure.com/subscriptions/00000000-0000-0000-0000-000000000000/resourceGroups/clitest.rg000001/providers/Microsoft.Sql/locations/westeurope/serverAzureAsyncOperation/50b85120-f984-4b77-86cf-d6b3cc481e18?api-version=2021-02-01-preview
  response:
    body:
      string: '{"name":"50b85120-f984-4b77-86cf-d6b3cc481e18","status":"InProgress","startTime":"2023-01-04T18:10:57.473Z"}'
    headers:
      cache-control:
      - no-cache
      content-length:
      - '108'
      content-type:
      - application/json; charset=utf-8
      date:
      - Wed, 04 Jan 2023 18:10:59 GMT
      expires:
      - '-1'
      pragma:
      - no-cache
      server:
      - Microsoft-HTTPAPI/2.0
      strict-transport-security:
      - max-age=31536000; includeSubDomains
      transfer-encoding:
      - chunked
      vary:
      - Accept-Encoding
      x-content-type-options:
      - nosniff
    status:
      code: 200
      message: OK
- request:
    body: null
    headers:
      Accept:
      - '*/*'
      Accept-Encoding:
      - gzip, deflate
      CommandName:
      - sql server create
      Connection:
      - keep-alive
      ParameterSetName:
      - -l -g -n -u -p
      User-Agent:
      - AZURECLI/2.43.0 azsdk-python-mgmt-sql/4.0.0b6 Python/3.10.7 (Windows-10-10.0.17763-SP0)
    method: GET
    uri: https://management.azure.com/subscriptions/00000000-0000-0000-0000-000000000000/resourceGroups/clitest.rg000001/providers/Microsoft.Sql/locations/westeurope/serverAzureAsyncOperation/50b85120-f984-4b77-86cf-d6b3cc481e18?api-version=2021-02-01-preview
  response:
    body:
      string: '{"name":"50b85120-f984-4b77-86cf-d6b3cc481e18","status":"InProgress","startTime":"2023-01-04T18:10:57.473Z"}'
    headers:
      cache-control:
      - no-cache
      content-length:
      - '108'
      content-type:
      - application/json; charset=utf-8
      date:
      - Wed, 04 Jan 2023 18:11:00 GMT
      expires:
      - '-1'
      pragma:
      - no-cache
      server:
      - Microsoft-HTTPAPI/2.0
      strict-transport-security:
      - max-age=31536000; includeSubDomains
      transfer-encoding:
      - chunked
      vary:
      - Accept-Encoding
      x-content-type-options:
      - nosniff
    status:
      code: 200
      message: OK
- request:
    body: null
    headers:
      Accept:
      - '*/*'
      Accept-Encoding:
      - gzip, deflate
      CommandName:
      - sql server create
      Connection:
      - keep-alive
      ParameterSetName:
      - -l -g -n -u -p
      User-Agent:
      - AZURECLI/2.43.0 azsdk-python-mgmt-sql/4.0.0b6 Python/3.10.7 (Windows-10-10.0.17763-SP0)
    method: GET
    uri: https://management.azure.com/subscriptions/00000000-0000-0000-0000-000000000000/resourceGroups/clitest.rg000001/providers/Microsoft.Sql/locations/westeurope/serverAzureAsyncOperation/50b85120-f984-4b77-86cf-d6b3cc481e18?api-version=2021-02-01-preview
  response:
    body:
      string: '{"name":"50b85120-f984-4b77-86cf-d6b3cc481e18","status":"InProgress","startTime":"2023-01-04T18:10:57.473Z"}'
    headers:
      cache-control:
      - no-cache
      content-length:
      - '108'
      content-type:
      - application/json; charset=utf-8
      date:
      - Wed, 04 Jan 2023 18:11:01 GMT
      expires:
      - '-1'
      pragma:
      - no-cache
      server:
      - Microsoft-HTTPAPI/2.0
      strict-transport-security:
      - max-age=31536000; includeSubDomains
      transfer-encoding:
      - chunked
      vary:
      - Accept-Encoding
      x-content-type-options:
      - nosniff
    status:
      code: 200
      message: OK
- request:
    body: null
    headers:
      Accept:
      - '*/*'
      Accept-Encoding:
      - gzip, deflate
      CommandName:
      - sql server create
      Connection:
      - keep-alive
      ParameterSetName:
      - -l -g -n -u -p
      User-Agent:
      - AZURECLI/2.43.0 azsdk-python-mgmt-sql/4.0.0b6 Python/3.10.7 (Windows-10-10.0.17763-SP0)
    method: GET
    uri: https://management.azure.com/subscriptions/00000000-0000-0000-0000-000000000000/resourceGroups/clitest.rg000001/providers/Microsoft.Sql/locations/westeurope/serverAzureAsyncOperation/50b85120-f984-4b77-86cf-d6b3cc481e18?api-version=2021-02-01-preview
  response:
    body:
      string: '{"name":"50b85120-f984-4b77-86cf-d6b3cc481e18","status":"InProgress","startTime":"2023-01-04T18:10:57.473Z"}'
    headers:
      cache-control:
      - no-cache
      content-length:
      - '108'
      content-type:
      - application/json; charset=utf-8
      date:
      - Wed, 04 Jan 2023 18:11:02 GMT
      expires:
      - '-1'
      pragma:
      - no-cache
      server:
      - Microsoft-HTTPAPI/2.0
      strict-transport-security:
      - max-age=31536000; includeSubDomains
      transfer-encoding:
      - chunked
      vary:
      - Accept-Encoding
      x-content-type-options:
      - nosniff
    status:
      code: 200
      message: OK
- request:
    body: null
    headers:
      Accept:
      - '*/*'
      Accept-Encoding:
      - gzip, deflate
      CommandName:
      - sql server create
      Connection:
      - keep-alive
      ParameterSetName:
      - -l -g -n -u -p
      User-Agent:
      - AZURECLI/2.43.0 azsdk-python-mgmt-sql/4.0.0b6 Python/3.10.7 (Windows-10-10.0.17763-SP0)
    method: GET
    uri: https://management.azure.com/subscriptions/00000000-0000-0000-0000-000000000000/resourceGroups/clitest.rg000001/providers/Microsoft.Sql/locations/westeurope/serverAzureAsyncOperation/50b85120-f984-4b77-86cf-d6b3cc481e18?api-version=2021-02-01-preview
  response:
    body:
      string: '{"name":"50b85120-f984-4b77-86cf-d6b3cc481e18","status":"InProgress","startTime":"2023-01-04T18:10:57.473Z"}'
    headers:
      cache-control:
      - no-cache
      content-length:
      - '108'
      content-type:
      - application/json; charset=utf-8
      date:
      - Wed, 04 Jan 2023 18:11:22 GMT
      expires:
      - '-1'
      pragma:
      - no-cache
      server:
      - Microsoft-HTTPAPI/2.0
      strict-transport-security:
      - max-age=31536000; includeSubDomains
      transfer-encoding:
      - chunked
      vary:
      - Accept-Encoding
      x-content-type-options:
      - nosniff
    status:
      code: 200
      message: OK
- request:
    body: null
    headers:
      Accept:
      - '*/*'
      Accept-Encoding:
      - gzip, deflate
      CommandName:
      - sql server create
      Connection:
      - keep-alive
      ParameterSetName:
      - -l -g -n -u -p
      User-Agent:
      - AZURECLI/2.43.0 azsdk-python-mgmt-sql/4.0.0b6 Python/3.10.7 (Windows-10-10.0.17763-SP0)
    method: GET
    uri: https://management.azure.com/subscriptions/00000000-0000-0000-0000-000000000000/resourceGroups/clitest.rg000001/providers/Microsoft.Sql/locations/westeurope/serverAzureAsyncOperation/50b85120-f984-4b77-86cf-d6b3cc481e18?api-version=2021-02-01-preview
  response:
    body:
      string: '{"name":"50b85120-f984-4b77-86cf-d6b3cc481e18","status":"InProgress","startTime":"2023-01-04T18:10:57.473Z"}'
    headers:
      cache-control:
      - no-cache
      content-length:
      - '108'
      content-type:
      - application/json; charset=utf-8
      date:
      - Wed, 04 Jan 2023 18:11:43 GMT
      expires:
      - '-1'
      pragma:
      - no-cache
      server:
      - Microsoft-HTTPAPI/2.0
      strict-transport-security:
      - max-age=31536000; includeSubDomains
      transfer-encoding:
      - chunked
      vary:
      - Accept-Encoding
      x-content-type-options:
      - nosniff
    status:
      code: 200
      message: OK
- request:
    body: null
    headers:
      Accept:
      - '*/*'
      Accept-Encoding:
      - gzip, deflate
      CommandName:
      - sql server create
      Connection:
      - keep-alive
      ParameterSetName:
      - -l -g -n -u -p
      User-Agent:
      - AZURECLI/2.43.0 azsdk-python-mgmt-sql/4.0.0b6 Python/3.10.7 (Windows-10-10.0.17763-SP0)
    method: GET
    uri: https://management.azure.com/subscriptions/00000000-0000-0000-0000-000000000000/resourceGroups/clitest.rg000001/providers/Microsoft.Sql/locations/westeurope/serverAzureAsyncOperation/50b85120-f984-4b77-86cf-d6b3cc481e18?api-version=2021-02-01-preview
  response:
    body:
      string: '{"name":"50b85120-f984-4b77-86cf-d6b3cc481e18","status":"Succeeded","startTime":"2023-01-04T18:10:57.473Z"}'
    headers:
      cache-control:
      - no-cache
      content-length:
      - '107'
      content-type:
      - application/json; charset=utf-8
      date:
      - Wed, 04 Jan 2023 18:12:03 GMT
      expires:
      - '-1'
      pragma:
      - no-cache
      server:
      - Microsoft-HTTPAPI/2.0
      strict-transport-security:
      - max-age=31536000; includeSubDomains
      transfer-encoding:
      - chunked
      vary:
      - Accept-Encoding
      x-content-type-options:
      - nosniff
    status:
      code: 200
      message: OK
- request:
    body: null
    headers:
      Accept:
      - '*/*'
      Accept-Encoding:
      - gzip, deflate
      CommandName:
      - sql server create
      Connection:
      - keep-alive
      ParameterSetName:
      - -l -g -n -u -p
      User-Agent:
      - AZURECLI/2.43.0 azsdk-python-mgmt-sql/4.0.0b6 Python/3.10.7 (Windows-10-10.0.17763-SP0)
    method: GET
    uri: https://management.azure.com/subscriptions/00000000-0000-0000-0000-000000000000/resourceGroups/clitest.rg000001/providers/Microsoft.Sql/servers/clitestserver000002?api-version=2021-02-01-preview
  response:
    body:
      string: '{"kind":"v12.0","properties":{"administratorLogin":"admin123","version":"12.0","state":"Ready","fullyQualifiedDomainName":"clitestserver000002.database.windows.net","privateEndpointConnections":[],"publicNetworkAccess":"Enabled","restrictOutboundNetworkAccess":"Disabled"},"location":"westeurope","id":"/subscriptions/00000000-0000-0000-0000-000000000000/resourceGroups/clitest.rg000001/providers/Microsoft.Sql/servers/clitestserver000002","name":"clitestserver000002","type":"Microsoft.Sql/servers"}'
    headers:
      cache-control:
      - no-cache
      content-length:
      - '500'
      content-type:
      - application/json; charset=utf-8
      date:
      - Wed, 04 Jan 2023 18:12:03 GMT
      expires:
      - '-1'
      pragma:
      - no-cache
      server:
      - Microsoft-HTTPAPI/2.0
      strict-transport-security:
      - max-age=31536000; includeSubDomains
      transfer-encoding:
      - chunked
      vary:
      - Accept-Encoding
      x-content-type-options:
      - nosniff
    status:
      code: 200
      message: OK
- request:
    body: null
    headers:
      Accept:
      - application/json
      Accept-Encoding:
      - gzip, deflate
      CommandName:
      - sql elastic-pool create
      Connection:
      - keep-alive
      ParameterSetName:
      - -g -s -n
      User-Agent:
      - AZURECLI/2.43.0 azsdk-python-mgmt-sql/4.0.0b6 Python/3.10.7 (Windows-10-10.0.17763-SP0)
    method: GET
    uri: https://management.azure.com/subscriptions/00000000-0000-0000-0000-000000000000/resourceGroups/clitest.rg000001/providers/Microsoft.Sql/servers/clitestserver000002?api-version=2021-02-01-preview
  response:
    body:
      string: '{"kind":"v12.0","properties":{"administratorLogin":"admin123","version":"12.0","state":"Ready","fullyQualifiedDomainName":"clitestserver000002.database.windows.net","privateEndpointConnections":[],"publicNetworkAccess":"Enabled","restrictOutboundNetworkAccess":"Disabled"},"location":"westeurope","id":"/subscriptions/00000000-0000-0000-0000-000000000000/resourceGroups/clitest.rg000001/providers/Microsoft.Sql/servers/clitestserver000002","name":"clitestserver000002","type":"Microsoft.Sql/servers"}'
    headers:
      cache-control:
      - no-cache
      content-length:
      - '500'
      content-type:
      - application/json; charset=utf-8
      date:
      - Wed, 04 Jan 2023 18:12:03 GMT
      expires:
      - '-1'
      pragma:
      - no-cache
      server:
      - Microsoft-HTTPAPI/2.0
      strict-transport-security:
      - max-age=31536000; includeSubDomains
      transfer-encoding:
      - chunked
      vary:
      - Accept-Encoding
      x-content-type-options:
      - nosniff
    status:
      code: 200
      message: OK
- request:
    body: '{"location": "westeurope", "properties": {"perDatabaseSettings": {}}}'
    headers:
      Accept:
      - application/json
      Accept-Encoding:
      - gzip, deflate
      CommandName:
      - sql elastic-pool create
      Connection:
      - keep-alive
      Content-Length:
      - '69'
      Content-Type:
      - application/json
      ParameterSetName:
      - -g -s -n
      User-Agent:
      - AZURECLI/2.43.0 azsdk-python-mgmt-sql/4.0.0b6 Python/3.10.7 (Windows-10-10.0.17763-SP0)
    method: PUT
    uri: https://management.azure.com/subscriptions/00000000-0000-0000-0000-000000000000/resourceGroups/clitest.rg000001/providers/Microsoft.Sql/servers/clitestserver000002/elasticPools/cliautomationpool1?api-version=2021-08-01-preview
  response:
    body:
      string: '{"operation":"CreateLogicalElasticPool","startTime":"2023-01-04T18:12:05.547Z"}'
    headers:
      azure-asyncoperation:
      - https://management.azure.com/subscriptions/00000000-0000-0000-0000-000000000000/resourceGroups/clitest.rg000001/providers/Microsoft.Sql/locations/westeurope/elasticPoolAzureAsyncOperation/fba11244-7da7-4b48-ada7-408c50c8ce23?api-version=2021-08-01-preview
      cache-control:
      - no-cache
      content-length:
      - '79'
      content-type:
      - application/json; charset=utf-8
      date:
      - Wed, 04 Jan 2023 18:12:04 GMT
      expires:
      - '-1'
      location:
      - https://management.azure.com/subscriptions/00000000-0000-0000-0000-000000000000/resourceGroups/clitest.rg000001/providers/Microsoft.Sql/locations/westeurope/elasticPoolOperationResults/fba11244-7da7-4b48-ada7-408c50c8ce23?api-version=2021-08-01-preview
      pragma:
      - no-cache
      server:
      - Microsoft-HTTPAPI/2.0
      strict-transport-security:
      - max-age=31536000; includeSubDomains
      x-content-type-options:
      - nosniff
      x-ms-ratelimit-remaining-subscription-writes:
      - '1199'
    status:
      code: 202
      message: Accepted
- request:
    body: null
    headers:
      Accept:
      - '*/*'
      Accept-Encoding:
      - gzip, deflate
      CommandName:
      - sql elastic-pool create
      Connection:
      - keep-alive
      ParameterSetName:
      - -g -s -n
      User-Agent:
      - AZURECLI/2.43.0 azsdk-python-mgmt-sql/4.0.0b6 Python/3.10.7 (Windows-10-10.0.17763-SP0)
    method: GET
    uri: https://management.azure.com/subscriptions/00000000-0000-0000-0000-000000000000/resourceGroups/clitest.rg000001/providers/Microsoft.Sql/locations/westeurope/elasticPoolAzureAsyncOperation/fba11244-7da7-4b48-ada7-408c50c8ce23?api-version=2021-08-01-preview
  response:
    body:
      string: '{"name":"fba11244-7da7-4b48-ada7-408c50c8ce23","status":"InProgress","startTime":"2023-01-04T18:12:05.547Z"}'
    headers:
      cache-control:
      - no-cache
      content-length:
      - '108'
      content-type:
      - application/json; charset=utf-8
      date:
      - Wed, 04 Jan 2023 18:12:20 GMT
      expires:
      - '-1'
      pragma:
      - no-cache
      server:
      - Microsoft-HTTPAPI/2.0
      strict-transport-security:
      - max-age=31536000; includeSubDomains
      transfer-encoding:
      - chunked
      vary:
      - Accept-Encoding
      x-content-type-options:
      - nosniff
    status:
      code: 200
      message: OK
- request:
    body: null
    headers:
      Accept:
      - '*/*'
      Accept-Encoding:
      - gzip, deflate
      CommandName:
      - sql elastic-pool create
      Connection:
      - keep-alive
      ParameterSetName:
      - -g -s -n
      User-Agent:
      - AZURECLI/2.43.0 azsdk-python-mgmt-sql/4.0.0b6 Python/3.10.7 (Windows-10-10.0.17763-SP0)
    method: GET
    uri: https://management.azure.com/subscriptions/00000000-0000-0000-0000-000000000000/resourceGroups/clitest.rg000001/providers/Microsoft.Sql/locations/westeurope/elasticPoolAzureAsyncOperation/fba11244-7da7-4b48-ada7-408c50c8ce23?api-version=2021-08-01-preview
  response:
    body:
      string: '{"name":"fba11244-7da7-4b48-ada7-408c50c8ce23","status":"InProgress","startTime":"2023-01-04T18:12:05.547Z"}'
    headers:
      cache-control:
      - no-cache
      content-length:
      - '108'
      content-type:
      - application/json; charset=utf-8
      date:
      - Wed, 04 Jan 2023 18:12:35 GMT
      expires:
      - '-1'
      pragma:
      - no-cache
      server:
      - Microsoft-HTTPAPI/2.0
      strict-transport-security:
      - max-age=31536000; includeSubDomains
      transfer-encoding:
      - chunked
      vary:
      - Accept-Encoding
      x-content-type-options:
      - nosniff
    status:
      code: 200
      message: OK
- request:
    body: null
    headers:
      Accept:
      - '*/*'
      Accept-Encoding:
      - gzip, deflate
      CommandName:
      - sql elastic-pool create
      Connection:
      - keep-alive
      ParameterSetName:
      - -g -s -n
      User-Agent:
      - AZURECLI/2.43.0 azsdk-python-mgmt-sql/4.0.0b6 Python/3.10.7 (Windows-10-10.0.17763-SP0)
    method: GET
    uri: https://management.azure.com/subscriptions/00000000-0000-0000-0000-000000000000/resourceGroups/clitest.rg000001/providers/Microsoft.Sql/locations/westeurope/elasticPoolAzureAsyncOperation/fba11244-7da7-4b48-ada7-408c50c8ce23?api-version=2021-08-01-preview
  response:
    body:
      string: '{"name":"fba11244-7da7-4b48-ada7-408c50c8ce23","status":"Succeeded","startTime":"2023-01-04T18:12:05.547Z"}'
    headers:
      cache-control:
      - no-cache
      content-length:
      - '107'
      content-type:
      - application/json; charset=utf-8
      date:
      - Wed, 04 Jan 2023 18:12:50 GMT
      expires:
      - '-1'
      pragma:
      - no-cache
      server:
      - Microsoft-HTTPAPI/2.0
      strict-transport-security:
      - max-age=31536000; includeSubDomains
      transfer-encoding:
      - chunked
      vary:
      - Accept-Encoding
      x-content-type-options:
      - nosniff
    status:
      code: 200
      message: OK
- request:
    body: null
    headers:
      Accept:
      - '*/*'
      Accept-Encoding:
      - gzip, deflate
      CommandName:
      - sql elastic-pool create
      Connection:
      - keep-alive
      ParameterSetName:
      - -g -s -n
      User-Agent:
      - AZURECLI/2.43.0 azsdk-python-mgmt-sql/4.0.0b6 Python/3.10.7 (Windows-10-10.0.17763-SP0)
    method: GET
    uri: https://management.azure.com/subscriptions/00000000-0000-0000-0000-000000000000/resourceGroups/clitest.rg000001/providers/Microsoft.Sql/servers/clitestserver000002/elasticPools/cliautomationpool1?api-version=2021-08-01-preview
  response:
    body:
      string: '{"sku":{"name":"GP_Gen5","tier":"GeneralPurpose","family":"Gen5","capacity":2},"kind":"vcore,pool","properties":{"state":"Ready","creationDate":"2023-01-04T18:12:05.673Z","maxSizeBytes":34359738368,"perDatabaseSettings":{"minCapacity":0.0000,"maxCapacity":2.0000},"zoneRedundant":false,"licenseType":"LicenseIncluded","maintenanceConfigurationId":"/subscriptions/00000000-0000-0000-0000-000000000000/providers/Microsoft.Maintenance/publicMaintenanceConfigurations/SQL_Default"},"location":"westeurope","id":"/subscriptions/00000000-0000-0000-0000-000000000000/resourceGroups/clitest.rg000001/providers/Microsoft.Sql/servers/clitestserver000002/elasticPools/cliautomationpool1","name":"cliautomationpool1","type":"Microsoft.Sql/servers/elasticPools"}'
    headers:
      cache-control:
      - no-cache
      content-length:
      - '749'
      content-type:
      - application/json; charset=utf-8
      date:
      - Wed, 04 Jan 2023 18:12:50 GMT
      expires:
      - '-1'
      pragma:
      - no-cache
      server:
      - Microsoft-HTTPAPI/2.0
      strict-transport-security:
      - max-age=31536000; includeSubDomains
      transfer-encoding:
      - chunked
      vary:
      - Accept-Encoding
      x-content-type-options:
      - nosniff
    status:
      code: 200
      message: OK
- request:
    body: null
    headers:
      Accept:
      - application/json
      Accept-Encoding:
      - gzip, deflate
      CommandName:
      - sql db create
      Connection:
      - keep-alive
      ParameterSetName:
      - -g --server --name -y
      User-Agent:
      - AZURECLI/2.43.0 azsdk-python-mgmt-sql/4.0.0b6 Python/3.10.7 (Windows-10-10.0.17763-SP0)
    method: GET
    uri: https://management.azure.com/subscriptions/00000000-0000-0000-0000-000000000000/resourceGroups/clitest.rg000001/providers/Microsoft.Sql/servers/clitestserver000002?api-version=2021-02-01-preview
  response:
    body:
      string: '{"kind":"v12.0","properties":{"administratorLogin":"admin123","version":"12.0","state":"Ready","fullyQualifiedDomainName":"clitestserver000002.database.windows.net","privateEndpointConnections":[],"publicNetworkAccess":"Enabled","restrictOutboundNetworkAccess":"Disabled"},"location":"westeurope","id":"/subscriptions/00000000-0000-0000-0000-000000000000/resourceGroups/clitest.rg000001/providers/Microsoft.Sql/servers/clitestserver000002","name":"clitestserver000002","type":"Microsoft.Sql/servers"}'
    headers:
      cache-control:
      - no-cache
      content-length:
      - '500'
      content-type:
      - application/json; charset=utf-8
      date:
      - Wed, 04 Jan 2023 18:12:50 GMT
      expires:
      - '-1'
      pragma:
      - no-cache
      server:
      - Microsoft-HTTPAPI/2.0
      strict-transport-security:
      - max-age=31536000; includeSubDomains
      transfer-encoding:
      - chunked
      vary:
      - Accept-Encoding
      x-content-type-options:
      - nosniff
    status:
      code: 200
      message: OK
- request:
    body: null
    headers:
      Accept:
      - application/json
      Accept-Encoding:
      - gzip, deflate
      CommandName:
      - sql db create
      Connection:
      - keep-alive
      ParameterSetName:
      - -g --server --name -y
      User-Agent:
      - AZURECLI/2.43.0 azsdk-python-mgmt-sql/4.0.0b6 Python/3.10.7 (Windows-10-10.0.17763-SP0)
    method: GET
    uri: https://management.azure.com/subscriptions/00000000-0000-0000-0000-000000000000/resourceGroups/clitest.rg000001/providers/Microsoft.Sql/servers/clitestserver000002?api-version=2021-02-01-preview
  response:
    body:
      string: '{"kind":"v12.0","properties":{"administratorLogin":"admin123","version":"12.0","state":"Ready","fullyQualifiedDomainName":"clitestserver000002.database.windows.net","privateEndpointConnections":[],"publicNetworkAccess":"Enabled","restrictOutboundNetworkAccess":"Disabled"},"location":"westeurope","id":"/subscriptions/00000000-0000-0000-0000-000000000000/resourceGroups/clitest.rg000001/providers/Microsoft.Sql/servers/clitestserver000002","name":"clitestserver000002","type":"Microsoft.Sql/servers"}'
    headers:
      cache-control:
      - no-cache
      content-length:
      - '500'
      content-type:
      - application/json; charset=utf-8
      date:
      - Wed, 04 Jan 2023 18:12:52 GMT
      expires:
      - '-1'
      pragma:
      - no-cache
      server:
      - Microsoft-HTTPAPI/2.0
      strict-transport-security:
      - max-age=31536000; includeSubDomains
      transfer-encoding:
      - chunked
      vary:
      - Accept-Encoding
      x-content-type-options:
      - nosniff
    status:
      code: 200
      message: OK
- request:
    body: '{"location": "westeurope"}'
    headers:
      Accept:
      - application/json
      Accept-Encoding:
      - gzip, deflate
      CommandName:
      - sql db create
      Connection:
      - keep-alive
      Content-Length:
      - '26'
      Content-Type:
      - application/json
      ParameterSetName:
      - -g --server --name -y
      User-Agent:
      - AZURECLI/2.43.0 azsdk-python-mgmt-sql/4.0.0b6 Python/3.10.7 (Windows-10-10.0.17763-SP0)
    method: PUT
    uri: https://management.azure.com/subscriptions/00000000-0000-0000-0000-000000000000/resourceGroups/clitest.rg000001/providers/Microsoft.Sql/servers/clitestserver000002/databases/cliautomationdb01?api-version=2022-05-01-preview
  response:
    body:
      string: '{"operation":"CreateLogicalDatabase","startTime":"2023-01-04T18:12:53.337Z"}'
    headers:
      azure-asyncoperation:
      - https://management.azure.com/subscriptions/00000000-0000-0000-0000-000000000000/resourceGroups/clitest.rg000001/providers/Microsoft.Sql/locations/westeurope/databaseAzureAsyncOperation/3b5dc611-909f-409f-aff5-6cbbe635c4da?api-version=2022-05-01-preview
      cache-control:
      - no-cache
      content-length:
      - '76'
      content-type:
      - application/json; charset=utf-8
      date:
      - Wed, 04 Jan 2023 18:12:52 GMT
      expires:
      - '-1'
      location:
      - https://management.azure.com/subscriptions/00000000-0000-0000-0000-000000000000/resourceGroups/clitest.rg000001/providers/Microsoft.Sql/locations/westeurope/databaseOperationResults/3b5dc611-909f-409f-aff5-6cbbe635c4da?api-version=2022-05-01-preview
      pragma:
      - no-cache
      server:
      - Microsoft-HTTPAPI/2.0
      strict-transport-security:
      - max-age=31536000; includeSubDomains
      x-content-type-options:
      - nosniff
      x-ms-ratelimit-remaining-subscription-writes:
      - '1199'
    status:
      code: 202
      message: Accepted
- request:
    body: null
    headers:
      Accept:
      - '*/*'
      Accept-Encoding:
      - gzip, deflate
      CommandName:
      - sql db create
      Connection:
      - keep-alive
      ParameterSetName:
      - -g --server --name -y
      User-Agent:
      - AZURECLI/2.43.0 azsdk-python-mgmt-sql/4.0.0b6 Python/3.10.7 (Windows-10-10.0.17763-SP0)
    method: GET
    uri: https://management.azure.com/subscriptions/00000000-0000-0000-0000-000000000000/resourceGroups/clitest.rg000001/providers/Microsoft.Sql/locations/westeurope/databaseAzureAsyncOperation/3b5dc611-909f-409f-aff5-6cbbe635c4da?api-version=2022-05-01-preview
  response:
    body:
      string: '{"name":"3b5dc611-909f-409f-aff5-6cbbe635c4da","status":"InProgress","startTime":"2023-01-04T18:12:53.337Z"}'
    headers:
      cache-control:
      - no-cache
      content-length:
      - '108'
      content-type:
      - application/json; charset=utf-8
      date:
      - Wed, 04 Jan 2023 18:13:07 GMT
      expires:
      - '-1'
      pragma:
      - no-cache
      server:
      - Microsoft-HTTPAPI/2.0
      strict-transport-security:
      - max-age=31536000; includeSubDomains
      transfer-encoding:
      - chunked
      vary:
      - Accept-Encoding
      x-content-type-options:
      - nosniff
    status:
      code: 200
      message: OK
- request:
    body: null
    headers:
      Accept:
      - '*/*'
      Accept-Encoding:
      - gzip, deflate
      CommandName:
      - sql db create
      Connection:
      - keep-alive
      ParameterSetName:
      - -g --server --name -y
      User-Agent:
      - AZURECLI/2.43.0 azsdk-python-mgmt-sql/4.0.0b6 Python/3.10.7 (Windows-10-10.0.17763-SP0)
    method: GET
    uri: https://management.azure.com/subscriptions/00000000-0000-0000-0000-000000000000/resourceGroups/clitest.rg000001/providers/Microsoft.Sql/locations/westeurope/databaseAzureAsyncOperation/3b5dc611-909f-409f-aff5-6cbbe635c4da?api-version=2022-05-01-preview
  response:
    body:
      string: '{"name":"3b5dc611-909f-409f-aff5-6cbbe635c4da","status":"InProgress","startTime":"2023-01-04T18:12:53.337Z"}'
    headers:
      cache-control:
      - no-cache
      content-length:
      - '108'
      content-type:
      - application/json; charset=utf-8
      date:
      - Wed, 04 Jan 2023 18:13:22 GMT
      expires:
      - '-1'
      pragma:
      - no-cache
      server:
      - Microsoft-HTTPAPI/2.0
      strict-transport-security:
      - max-age=31536000; includeSubDomains
      transfer-encoding:
      - chunked
      vary:
      - Accept-Encoding
      x-content-type-options:
      - nosniff
    status:
      code: 200
      message: OK
- request:
    body: null
    headers:
      Accept:
      - '*/*'
      Accept-Encoding:
      - gzip, deflate
      CommandName:
      - sql db create
      Connection:
      - keep-alive
      ParameterSetName:
      - -g --server --name -y
      User-Agent:
      - AZURECLI/2.43.0 azsdk-python-mgmt-sql/4.0.0b6 Python/3.10.7 (Windows-10-10.0.17763-SP0)
    method: GET
    uri: https://management.azure.com/subscriptions/00000000-0000-0000-0000-000000000000/resourceGroups/clitest.rg000001/providers/Microsoft.Sql/locations/westeurope/databaseAzureAsyncOperation/3b5dc611-909f-409f-aff5-6cbbe635c4da?api-version=2022-05-01-preview
  response:
    body:
      string: '{"name":"3b5dc611-909f-409f-aff5-6cbbe635c4da","status":"InProgress","startTime":"2023-01-04T18:12:53.337Z"}'
    headers:
      cache-control:
      - no-cache
      content-length:
      - '108'
      content-type:
      - application/json; charset=utf-8
      date:
      - Wed, 04 Jan 2023 18:13:37 GMT
      expires:
      - '-1'
      pragma:
      - no-cache
      server:
      - Microsoft-HTTPAPI/2.0
      strict-transport-security:
      - max-age=31536000; includeSubDomains
      transfer-encoding:
      - chunked
      vary:
      - Accept-Encoding
      x-content-type-options:
      - nosniff
    status:
      code: 200
      message: OK
- request:
    body: null
    headers:
      Accept:
      - '*/*'
      Accept-Encoding:
      - gzip, deflate
      CommandName:
      - sql db create
      Connection:
      - keep-alive
      ParameterSetName:
      - -g --server --name -y
      User-Agent:
      - AZURECLI/2.43.0 azsdk-python-mgmt-sql/4.0.0b6 Python/3.10.7 (Windows-10-10.0.17763-SP0)
    method: GET
    uri: https://management.azure.com/subscriptions/00000000-0000-0000-0000-000000000000/resourceGroups/clitest.rg000001/providers/Microsoft.Sql/locations/westeurope/databaseAzureAsyncOperation/3b5dc611-909f-409f-aff5-6cbbe635c4da?api-version=2022-05-01-preview
  response:
    body:
      string: '{"name":"3b5dc611-909f-409f-aff5-6cbbe635c4da","status":"Succeeded","startTime":"2023-01-04T18:12:53.337Z"}'
    headers:
      cache-control:
      - no-cache
      content-length:
      - '107'
      content-type:
      - application/json; charset=utf-8
      date:
      - Wed, 04 Jan 2023 18:13:53 GMT
      expires:
      - '-1'
      pragma:
      - no-cache
      server:
      - Microsoft-HTTPAPI/2.0
      strict-transport-security:
      - max-age=31536000; includeSubDomains
      transfer-encoding:
      - chunked
      vary:
      - Accept-Encoding
      x-content-type-options:
      - nosniff
    status:
      code: 200
      message: OK
- request:
    body: null
    headers:
      Accept:
      - '*/*'
      Accept-Encoding:
      - gzip, deflate
      CommandName:
      - sql db create
      Connection:
      - keep-alive
      ParameterSetName:
      - -g --server --name -y
      User-Agent:
      - AZURECLI/2.43.0 azsdk-python-mgmt-sql/4.0.0b6 Python/3.10.7 (Windows-10-10.0.17763-SP0)
    method: GET
    uri: https://management.azure.com/subscriptions/00000000-0000-0000-0000-000000000000/resourceGroups/clitest.rg000001/providers/Microsoft.Sql/servers/clitestserver000002/databases/cliautomationdb01?api-version=2022-05-01-preview
  response:
    body:
      string: '{"sku":{"name":"GP_Gen5","tier":"GeneralPurpose","family":"Gen5","capacity":2},"kind":"v12.0,user,vcore","properties":{"collation":"SQL_Latin1_General_CP1_CI_AS","maxSizeBytes":34359738368,"status":"Online","databaseId":"f329998d-e779-417b-bf97-bc1b6f7ed4b9","creationDate":"2023-01-04T18:13:43.6Z","currentServiceObjectiveName":"GP_Gen5_2","requestedServiceObjectiveName":"GP_Gen5_2","defaultSecondaryLocation":"northeurope","catalogCollation":"SQL_Latin1_General_CP1_CI_AS","zoneRedundant":false,"licenseType":"LicenseIncluded","maxLogSizeBytes":193273528320,"readScale":"Disabled","currentSku":{"name":"GP_Gen5","tier":"GeneralPurpose","family":"Gen5","capacity":2},"currentBackupStorageRedundancy":"Geo","requestedBackupStorageRedundancy":"Geo","maintenanceConfigurationId":"/subscriptions/00000000-0000-0000-0000-000000000000/providers/Microsoft.Maintenance/publicMaintenanceConfigurations/SQL_Default","isLedgerOn":false,"isInfraEncryptionEnabled":false},"location":"westeurope","id":"/subscriptions/00000000-0000-0000-0000-000000000000/resourceGroups/clitest.rg000001/providers/Microsoft.Sql/servers/clitestserver000002/databases/cliautomationdb01","name":"cliautomationdb01","type":"Microsoft.Sql/servers/databases"}'
    headers:
      cache-control:
      - no-cache
      content-length:
      - '1224'
      content-type:
      - application/json; charset=utf-8
      date:
      - Wed, 04 Jan 2023 18:13:53 GMT
      expires:
      - '-1'
      pragma:
      - no-cache
      server:
      - Microsoft-HTTPAPI/2.0
      strict-transport-security:
      - max-age=31536000; includeSubDomains
      transfer-encoding:
      - chunked
      vary:
      - Accept-Encoding
      x-content-type-options:
      - nosniff
    status:
      code: 200
      message: OK
- request:
    body: null
    headers:
      Accept:
      - application/json
      Accept-Encoding:
      - gzip, deflate
      CommandName:
      - sql db show
      Connection:
      - keep-alive
      ParameterSetName:
      - -g -s -n
      User-Agent:
      - AZURECLI/2.43.0 azsdk-python-mgmt-sql/4.0.0b6 Python/3.10.7 (Windows-10-10.0.17763-SP0)
    method: GET
    uri: https://management.azure.com/subscriptions/00000000-0000-0000-0000-000000000000/resourceGroups/clitest.rg000001/providers/Microsoft.Sql/servers/clitestserver000002/databases/cliautomationdb01?api-version=2022-05-01-preview
  response:
    body:
      string: '{"sku":{"name":"GP_Gen5","tier":"GeneralPurpose","family":"Gen5","capacity":2},"kind":"v12.0,user,vcore","properties":{"collation":"SQL_Latin1_General_CP1_CI_AS","maxSizeBytes":34359738368,"status":"Online","databaseId":"f329998d-e779-417b-bf97-bc1b6f7ed4b9","creationDate":"2023-01-04T18:13:43.6Z","currentServiceObjectiveName":"GP_Gen5_2","requestedServiceObjectiveName":"GP_Gen5_2","defaultSecondaryLocation":"northeurope","catalogCollation":"SQL_Latin1_General_CP1_CI_AS","zoneRedundant":false,"licenseType":"LicenseIncluded","maxLogSizeBytes":193273528320,"readScale":"Disabled","currentSku":{"name":"GP_Gen5","tier":"GeneralPurpose","family":"Gen5","capacity":2},"currentBackupStorageRedundancy":"Geo","requestedBackupStorageRedundancy":"Geo","maintenanceConfigurationId":"/subscriptions/00000000-0000-0000-0000-000000000000/providers/Microsoft.Maintenance/publicMaintenanceConfigurations/SQL_Default","isLedgerOn":false,"isInfraEncryptionEnabled":false},"location":"westeurope","id":"/subscriptions/00000000-0000-0000-0000-000000000000/resourceGroups/clitest.rg000001/providers/Microsoft.Sql/servers/clitestserver000002/databases/cliautomationdb01","name":"cliautomationdb01","type":"Microsoft.Sql/servers/databases"}'
    headers:
      cache-control:
      - no-cache
      content-length:
      - '1224'
      content-type:
      - application/json; charset=utf-8
      date:
      - Wed, 04 Jan 2023 18:14:53 GMT
      expires:
      - '-1'
      pragma:
      - no-cache
      server:
      - Microsoft-HTTPAPI/2.0
      strict-transport-security:
      - max-age=31536000; includeSubDomains
      transfer-encoding:
      - chunked
      vary:
      - Accept-Encoding
      x-content-type-options:
      - nosniff
    status:
      code: 200
      message: OK
- request:
    body: null
    headers:
      Accept:
      - application/json
      Accept-Encoding:
      - gzip, deflate
      CommandName:
      - sql db show
      Connection:
      - keep-alive
      ParameterSetName:
      - -g -s -n
      User-Agent:
      - AZURECLI/2.43.0 azsdk-python-mgmt-sql/4.0.0b6 Python/3.10.7 (Windows-10-10.0.17763-SP0)
    method: GET
    uri: https://management.azure.com/subscriptions/00000000-0000-0000-0000-000000000000/resourceGroups/clitest.rg000001/providers/Microsoft.Sql/servers/clitestserver000002/databases/cliautomationdb01?api-version=2022-05-01-preview
  response:
    body:
      string: '{"sku":{"name":"GP_Gen5","tier":"GeneralPurpose","family":"Gen5","capacity":2},"kind":"v12.0,user,vcore","properties":{"collation":"SQL_Latin1_General_CP1_CI_AS","maxSizeBytes":34359738368,"status":"Online","databaseId":"f329998d-e779-417b-bf97-bc1b6f7ed4b9","creationDate":"2023-01-04T18:13:43.6Z","currentServiceObjectiveName":"GP_Gen5_2","requestedServiceObjectiveName":"GP_Gen5_2","defaultSecondaryLocation":"northeurope","catalogCollation":"SQL_Latin1_General_CP1_CI_AS","zoneRedundant":false,"licenseType":"LicenseIncluded","maxLogSizeBytes":193273528320,"readScale":"Disabled","currentSku":{"name":"GP_Gen5","tier":"GeneralPurpose","family":"Gen5","capacity":2},"currentBackupStorageRedundancy":"Geo","requestedBackupStorageRedundancy":"Geo","maintenanceConfigurationId":"/subscriptions/00000000-0000-0000-0000-000000000000/providers/Microsoft.Maintenance/publicMaintenanceConfigurations/SQL_Default","isLedgerOn":false,"isInfraEncryptionEnabled":false},"location":"westeurope","id":"/subscriptions/00000000-0000-0000-0000-000000000000/resourceGroups/clitest.rg000001/providers/Microsoft.Sql/servers/clitestserver000002/databases/cliautomationdb01","name":"cliautomationdb01","type":"Microsoft.Sql/servers/databases"}'
    headers:
      cache-control:
      - no-cache
      content-length:
      - '1224'
      content-type:
      - application/json; charset=utf-8
      date:
      - Wed, 04 Jan 2023 18:15:54 GMT
      expires:
      - '-1'
      pragma:
      - no-cache
      server:
      - Microsoft-HTTPAPI/2.0
      strict-transport-security:
      - max-age=31536000; includeSubDomains
      transfer-encoding:
      - chunked
      vary:
      - Accept-Encoding
      x-content-type-options:
      - nosniff
    status:
      code: 200
      message: OK
- request:
    body: null
    headers:
      Accept:
      - application/json
      Accept-Encoding:
      - gzip, deflate
      CommandName:
      - sql db show
      Connection:
      - keep-alive
      ParameterSetName:
      - -g -s -n
      User-Agent:
      - AZURECLI/2.43.0 azsdk-python-mgmt-sql/4.0.0b6 Python/3.10.7 (Windows-10-10.0.17763-SP0)
    method: GET
    uri: https://management.azure.com/subscriptions/00000000-0000-0000-0000-000000000000/resourceGroups/clitest.rg000001/providers/Microsoft.Sql/servers/clitestserver000002/databases/cliautomationdb01?api-version=2022-05-01-preview
  response:
    body:
      string: '{"sku":{"name":"GP_Gen5","tier":"GeneralPurpose","family":"Gen5","capacity":2},"kind":"v12.0,user,vcore","properties":{"collation":"SQL_Latin1_General_CP1_CI_AS","maxSizeBytes":34359738368,"status":"Online","databaseId":"f329998d-e779-417b-bf97-bc1b6f7ed4b9","creationDate":"2023-01-04T18:13:43.6Z","currentServiceObjectiveName":"GP_Gen5_2","requestedServiceObjectiveName":"GP_Gen5_2","defaultSecondaryLocation":"northeurope","catalogCollation":"SQL_Latin1_General_CP1_CI_AS","zoneRedundant":false,"licenseType":"LicenseIncluded","maxLogSizeBytes":193273528320,"readScale":"Disabled","currentSku":{"name":"GP_Gen5","tier":"GeneralPurpose","family":"Gen5","capacity":2},"currentBackupStorageRedundancy":"Geo","requestedBackupStorageRedundancy":"Geo","maintenanceConfigurationId":"/subscriptions/00000000-0000-0000-0000-000000000000/providers/Microsoft.Maintenance/publicMaintenanceConfigurations/SQL_Default","isLedgerOn":false,"isInfraEncryptionEnabled":false},"location":"westeurope","id":"/subscriptions/00000000-0000-0000-0000-000000000000/resourceGroups/clitest.rg000001/providers/Microsoft.Sql/servers/clitestserver000002/databases/cliautomationdb01","name":"cliautomationdb01","type":"Microsoft.Sql/servers/databases"}'
    headers:
      cache-control:
      - no-cache
      content-length:
      - '1224'
      content-type:
      - application/json; charset=utf-8
      date:
      - Wed, 04 Jan 2023 18:16:54 GMT
      expires:
      - '-1'
      pragma:
      - no-cache
      server:
      - Microsoft-HTTPAPI/2.0
      strict-transport-security:
      - max-age=31536000; includeSubDomains
      transfer-encoding:
      - chunked
      vary:
      - Accept-Encoding
      x-content-type-options:
      - nosniff
    status:
      code: 200
      message: OK
- request:
    body: null
    headers:
      Accept:
      - application/json
      Accept-Encoding:
      - gzip, deflate
      CommandName:
      - sql db show
      Connection:
      - keep-alive
      ParameterSetName:
      - -g -s -n
      User-Agent:
      - AZURECLI/2.43.0 azsdk-python-mgmt-sql/4.0.0b6 Python/3.10.7 (Windows-10-10.0.17763-SP0)
    method: GET
    uri: https://management.azure.com/subscriptions/00000000-0000-0000-0000-000000000000/resourceGroups/clitest.rg000001/providers/Microsoft.Sql/servers/clitestserver000002/databases/cliautomationdb01?api-version=2022-05-01-preview
  response:
    body:
      string: '{"sku":{"name":"GP_Gen5","tier":"GeneralPurpose","family":"Gen5","capacity":2},"kind":"v12.0,user,vcore","properties":{"collation":"SQL_Latin1_General_CP1_CI_AS","maxSizeBytes":34359738368,"status":"Online","databaseId":"f329998d-e779-417b-bf97-bc1b6f7ed4b9","creationDate":"2023-01-04T18:13:43.6Z","currentServiceObjectiveName":"GP_Gen5_2","requestedServiceObjectiveName":"GP_Gen5_2","defaultSecondaryLocation":"northeurope","catalogCollation":"SQL_Latin1_General_CP1_CI_AS","zoneRedundant":false,"licenseType":"LicenseIncluded","maxLogSizeBytes":193273528320,"earliestRestoreDate":"2023-01-04T18:17:25Z","readScale":"Disabled","currentSku":{"name":"GP_Gen5","tier":"GeneralPurpose","family":"Gen5","capacity":2},"currentBackupStorageRedundancy":"Geo","requestedBackupStorageRedundancy":"Geo","maintenanceConfigurationId":"/subscriptions/00000000-0000-0000-0000-000000000000/providers/Microsoft.Maintenance/publicMaintenanceConfigurations/SQL_Default","isLedgerOn":false,"isInfraEncryptionEnabled":false},"location":"westeurope","id":"/subscriptions/00000000-0000-0000-0000-000000000000/resourceGroups/clitest.rg000001/providers/Microsoft.Sql/servers/clitestserver000002/databases/cliautomationdb01","name":"cliautomationdb01","type":"Microsoft.Sql/servers/databases"}'
    headers:
      cache-control:
      - no-cache
      content-length:
      - '1269'
      content-type:
      - application/json; charset=utf-8
      date:
      - Wed, 04 Jan 2023 18:17:55 GMT
      expires:
      - '-1'
      pragma:
      - no-cache
      server:
      - Microsoft-HTTPAPI/2.0
      strict-transport-security:
      - max-age=31536000; includeSubDomains
      transfer-encoding:
      - chunked
      vary:
      - Accept-Encoding
      x-content-type-options:
      - nosniff
    status:
      code: 200
      message: OK
- request:
    body: null
    headers:
      Accept:
      - application/json
      Accept-Encoding:
      - gzip, deflate
      CommandName:
      - sql db restore
      Connection:
      - keep-alive
      ParameterSetName:
      - -g -s -n -t --dest-name --service-objective --edition
      User-Agent:
      - AZURECLI/2.43.0 azsdk-python-mgmt-sql/4.0.0b6 Python/3.10.7 (Windows-10-10.0.17763-SP0)
    method: GET
    uri: https://management.azure.com/subscriptions/00000000-0000-0000-0000-000000000000/resourceGroups/clitest.rg000001/providers/Microsoft.Sql/servers/clitestserver000002?api-version=2021-02-01-preview
  response:
    body:
      string: '{"kind":"v12.0","properties":{"administratorLogin":"admin123","version":"12.0","state":"Ready","fullyQualifiedDomainName":"clitestserver000002.database.windows.net","privateEndpointConnections":[],"publicNetworkAccess":"Enabled","restrictOutboundNetworkAccess":"Disabled"},"location":"westeurope","id":"/subscriptions/00000000-0000-0000-0000-000000000000/resourceGroups/clitest.rg000001/providers/Microsoft.Sql/servers/clitestserver000002","name":"clitestserver000002","type":"Microsoft.Sql/servers"}'
    headers:
      cache-control:
      - no-cache
      content-length:
      - '500'
      content-type:
      - application/json; charset=utf-8
      date:
      - Wed, 04 Jan 2023 18:17:55 GMT
      expires:
      - '-1'
      pragma:
      - no-cache
      server:
      - Microsoft-HTTPAPI/2.0
      strict-transport-security:
      - max-age=31536000; includeSubDomains
      transfer-encoding:
      - chunked
      vary:
      - Accept-Encoding
      x-content-type-options:
      - nosniff
    status:
      code: 200
      message: OK
- request:
    body: null
    headers:
      Accept:
      - application/json
      Accept-Encoding:
      - gzip, deflate
      CommandName:
      - sql db restore
      Connection:
      - keep-alive
      ParameterSetName:
      - -g -s -n -t --dest-name --service-objective --edition
      User-Agent:
      - AZURECLI/2.43.0 azsdk-python-mgmt-sql/4.0.0b6 Python/3.10.7 (Windows-10-10.0.17763-SP0)
    method: GET
    uri: https://management.azure.com/subscriptions/00000000-0000-0000-0000-000000000000/resourceGroups/clitest.rg000001/providers/Microsoft.Sql/servers/clitestserver000002?api-version=2021-02-01-preview
  response:
    body:
      string: '{"kind":"v12.0","properties":{"administratorLogin":"admin123","version":"12.0","state":"Ready","fullyQualifiedDomainName":"clitestserver000002.database.windows.net","privateEndpointConnections":[],"publicNetworkAccess":"Enabled","restrictOutboundNetworkAccess":"Disabled"},"location":"westeurope","id":"/subscriptions/00000000-0000-0000-0000-000000000000/resourceGroups/clitest.rg000001/providers/Microsoft.Sql/servers/clitestserver000002","name":"clitestserver000002","type":"Microsoft.Sql/servers"}'
    headers:
      cache-control:
      - no-cache
      content-length:
      - '500'
      content-type:
      - application/json; charset=utf-8
      date:
      - Wed, 04 Jan 2023 18:17:56 GMT
      expires:
      - '-1'
      pragma:
      - no-cache
      server:
      - Microsoft-HTTPAPI/2.0
      strict-transport-security:
      - max-age=31536000; includeSubDomains
      transfer-encoding:
      - chunked
      vary:
      - Accept-Encoding
      x-content-type-options:
      - nosniff
    status:
      code: 200
      message: OK
- request:
    body: '{"location": "westeurope", "sku": {"name": "S1", "tier": "Standard"}, "properties":
      {"createMode": "PointInTimeRestore", "sourceDatabaseId": "/subscriptions/00000000-0000-0000-0000-000000000000/resourceGroups/clitest.rg000001/providers/Microsoft.Sql/servers/clitestserver000002/databases/cliautomationdb01",
      "restorePointInTime": "2023-01-04T18:17:25.000Z"}}'
    headers:
      Accept:
      - application/json
      Accept-Encoding:
      - gzip, deflate
      CommandName:
      - sql db restore
      Connection:
      - keep-alive
      Content-Length:
      - '358'
      Content-Type:
      - application/json
      ParameterSetName:
      - -g -s -n -t --dest-name --service-objective --edition
      User-Agent:
      - AZURECLI/2.43.0 azsdk-python-mgmt-sql/4.0.0b6 Python/3.10.7 (Windows-10-10.0.17763-SP0)
    method: PUT
    uri: https://management.azure.com/subscriptions/00000000-0000-0000-0000-000000000000/resourceGroups/clitest.rg000001/providers/Microsoft.Sql/servers/clitestserver000002/databases/cliautomationdb01restore1?api-version=2022-05-01-preview
  response:
    body:
      string: '{"operation":"CreateRestoreRequest","startTime":"2023-01-04T18:17:57.397Z"}'
    headers:
      azure-asyncoperation:
      - https://management.azure.com/subscriptions/00000000-0000-0000-0000-000000000000/resourceGroups/clitest.rg000001/providers/Microsoft.Sql/locations/westeurope/databaseAzureAsyncOperation/48a7d410-68ce-4a00-888b-e33bb0607d2f?api-version=2022-05-01-preview
      cache-control:
      - no-cache
      content-length:
      - '75'
      content-type:
      - application/json; charset=utf-8
      date:
      - Wed, 04 Jan 2023 18:17:57 GMT
      expires:
      - '-1'
      location:
      - https://management.azure.com/subscriptions/00000000-0000-0000-0000-000000000000/resourceGroups/clitest.rg000001/providers/Microsoft.Sql/locations/westeurope/databaseOperationResults/48a7d410-68ce-4a00-888b-e33bb0607d2f?api-version=2022-05-01-preview
      pragma:
      - no-cache
      server:
      - Microsoft-HTTPAPI/2.0
      strict-transport-security:
      - max-age=31536000; includeSubDomains
      x-content-type-options:
      - nosniff
      x-ms-ratelimit-remaining-subscription-writes:
      - '1199'
    status:
      code: 202
      message: Accepted
- request:
    body: null
    headers:
      Accept:
      - '*/*'
      Accept-Encoding:
      - gzip, deflate
      CommandName:
      - sql db restore
      Connection:
      - keep-alive
      ParameterSetName:
      - -g -s -n -t --dest-name --service-objective --edition
      User-Agent:
      - AZURECLI/2.43.0 azsdk-python-mgmt-sql/4.0.0b6 Python/3.10.7 (Windows-10-10.0.17763-SP0)
    method: GET
    uri: https://management.azure.com/subscriptions/00000000-0000-0000-0000-000000000000/resourceGroups/clitest.rg000001/providers/Microsoft.Sql/locations/westeurope/databaseAzureAsyncOperation/48a7d410-68ce-4a00-888b-e33bb0607d2f?api-version=2022-05-01-preview
  response:
    body:
      string: '{"name":"48a7d410-68ce-4a00-888b-e33bb0607d2f","status":"InProgress","startTime":"2023-01-04T18:17:57.397Z"}'
    headers:
      cache-control:
      - no-cache
      content-length:
      - '108'
      content-type:
      - application/json; charset=utf-8
      date:
      - Wed, 04 Jan 2023 18:18:12 GMT
      expires:
      - '-1'
      pragma:
      - no-cache
      server:
      - Microsoft-HTTPAPI/2.0
      strict-transport-security:
      - max-age=31536000; includeSubDomains
      transfer-encoding:
      - chunked
      vary:
      - Accept-Encoding
      x-content-type-options:
      - nosniff
    status:
      code: 200
      message: OK
- request:
    body: null
    headers:
      Accept:
      - '*/*'
      Accept-Encoding:
      - gzip, deflate
      CommandName:
      - sql db restore
      Connection:
      - keep-alive
      ParameterSetName:
      - -g -s -n -t --dest-name --service-objective --edition
      User-Agent:
      - AZURECLI/2.43.0 azsdk-python-mgmt-sql/4.0.0b6 Python/3.10.7 (Windows-10-10.0.17763-SP0)
    method: GET
    uri: https://management.azure.com/subscriptions/00000000-0000-0000-0000-000000000000/resourceGroups/clitest.rg000001/providers/Microsoft.Sql/locations/westeurope/databaseAzureAsyncOperation/48a7d410-68ce-4a00-888b-e33bb0607d2f?api-version=2022-05-01-preview
  response:
    body:
      string: '{"name":"48a7d410-68ce-4a00-888b-e33bb0607d2f","status":"InProgress","startTime":"2023-01-04T18:17:57.397Z"}'
    headers:
      cache-control:
      - no-cache
      content-length:
      - '108'
      content-type:
      - application/json; charset=utf-8
      date:
      - Wed, 04 Jan 2023 18:18:27 GMT
      expires:
      - '-1'
      pragma:
      - no-cache
      server:
      - Microsoft-HTTPAPI/2.0
      strict-transport-security:
      - max-age=31536000; includeSubDomains
      transfer-encoding:
      - chunked
      vary:
      - Accept-Encoding
      x-content-type-options:
      - nosniff
    status:
      code: 200
      message: OK
- request:
    body: null
    headers:
      Accept:
      - '*/*'
      Accept-Encoding:
      - gzip, deflate
      CommandName:
      - sql db restore
      Connection:
      - keep-alive
      ParameterSetName:
      - -g -s -n -t --dest-name --service-objective --edition
      User-Agent:
      - AZURECLI/2.43.0 azsdk-python-mgmt-sql/4.0.0b6 Python/3.10.7 (Windows-10-10.0.17763-SP0)
    method: GET
    uri: https://management.azure.com/subscriptions/00000000-0000-0000-0000-000000000000/resourceGroups/clitest.rg000001/providers/Microsoft.Sql/locations/westeurope/databaseAzureAsyncOperation/48a7d410-68ce-4a00-888b-e33bb0607d2f?api-version=2022-05-01-preview
  response:
    body:
      string: '{"name":"48a7d410-68ce-4a00-888b-e33bb0607d2f","status":"InProgress","startTime":"2023-01-04T18:17:57.397Z"}'
    headers:
      cache-control:
      - no-cache
      content-length:
      - '108'
      content-type:
      - application/json; charset=utf-8
      date:
      - Wed, 04 Jan 2023 18:18:41 GMT
      expires:
      - '-1'
      pragma:
      - no-cache
      server:
      - Microsoft-HTTPAPI/2.0
      strict-transport-security:
      - max-age=31536000; includeSubDomains
      transfer-encoding:
      - chunked
      vary:
      - Accept-Encoding
      x-content-type-options:
      - nosniff
    status:
      code: 200
      message: OK
- request:
    body: null
    headers:
      Accept:
      - '*/*'
      Accept-Encoding:
      - gzip, deflate
      CommandName:
      - sql db restore
      Connection:
      - keep-alive
      ParameterSetName:
      - -g -s -n -t --dest-name --service-objective --edition
      User-Agent:
      - AZURECLI/2.43.0 azsdk-python-mgmt-sql/4.0.0b6 Python/3.10.7 (Windows-10-10.0.17763-SP0)
    method: GET
    uri: https://management.azure.com/subscriptions/00000000-0000-0000-0000-000000000000/resourceGroups/clitest.rg000001/providers/Microsoft.Sql/locations/westeurope/databaseAzureAsyncOperation/48a7d410-68ce-4a00-888b-e33bb0607d2f?api-version=2022-05-01-preview
  response:
    body:
      string: '{"name":"48a7d410-68ce-4a00-888b-e33bb0607d2f","status":"InProgress","startTime":"2023-01-04T18:17:57.397Z"}'
    headers:
      cache-control:
      - no-cache
      content-length:
      - '108'
      content-type:
      - application/json; charset=utf-8
      date:
      - Wed, 04 Jan 2023 18:18:57 GMT
      expires:
      - '-1'
      pragma:
      - no-cache
      server:
      - Microsoft-HTTPAPI/2.0
      strict-transport-security:
      - max-age=31536000; includeSubDomains
      transfer-encoding:
      - chunked
      vary:
      - Accept-Encoding
      x-content-type-options:
      - nosniff
    status:
      code: 200
      message: OK
- request:
    body: null
    headers:
      Accept:
      - '*/*'
      Accept-Encoding:
      - gzip, deflate
      CommandName:
      - sql db restore
      Connection:
      - keep-alive
      ParameterSetName:
      - -g -s -n -t --dest-name --service-objective --edition
      User-Agent:
      - AZURECLI/2.43.0 azsdk-python-mgmt-sql/4.0.0b6 Python/3.10.7 (Windows-10-10.0.17763-SP0)
    method: GET
    uri: https://management.azure.com/subscriptions/00000000-0000-0000-0000-000000000000/resourceGroups/clitest.rg000001/providers/Microsoft.Sql/locations/westeurope/databaseAzureAsyncOperation/48a7d410-68ce-4a00-888b-e33bb0607d2f?api-version=2022-05-01-preview
  response:
    body:
      string: '{"name":"48a7d410-68ce-4a00-888b-e33bb0607d2f","status":"InProgress","startTime":"2023-01-04T18:17:57.397Z"}'
    headers:
      cache-control:
      - no-cache
      content-length:
      - '108'
      content-type:
      - application/json; charset=utf-8
      date:
      - Wed, 04 Jan 2023 18:19:12 GMT
      expires:
      - '-1'
      pragma:
      - no-cache
      server:
      - Microsoft-HTTPAPI/2.0
      strict-transport-security:
      - max-age=31536000; includeSubDomains
      transfer-encoding:
      - chunked
      vary:
      - Accept-Encoding
      x-content-type-options:
      - nosniff
    status:
      code: 200
      message: OK
- request:
    body: null
    headers:
      Accept:
      - '*/*'
      Accept-Encoding:
      - gzip, deflate
      CommandName:
      - sql db restore
      Connection:
      - keep-alive
      ParameterSetName:
      - -g -s -n -t --dest-name --service-objective --edition
      User-Agent:
      - AZURECLI/2.43.0 azsdk-python-mgmt-sql/4.0.0b6 Python/3.10.7 (Windows-10-10.0.17763-SP0)
    method: GET
    uri: https://management.azure.com/subscriptions/00000000-0000-0000-0000-000000000000/resourceGroups/clitest.rg000001/providers/Microsoft.Sql/locations/westeurope/databaseAzureAsyncOperation/48a7d410-68ce-4a00-888b-e33bb0607d2f?api-version=2022-05-01-preview
  response:
    body:
      string: '{"name":"48a7d410-68ce-4a00-888b-e33bb0607d2f","status":"InProgress","startTime":"2023-01-04T18:17:57.397Z"}'
    headers:
      cache-control:
      - no-cache
      content-length:
      - '108'
      content-type:
      - application/json; charset=utf-8
      date:
      - Wed, 04 Jan 2023 18:19:27 GMT
      expires:
      - '-1'
      pragma:
      - no-cache
      server:
      - Microsoft-HTTPAPI/2.0
      strict-transport-security:
      - max-age=31536000; includeSubDomains
      transfer-encoding:
      - chunked
      vary:
      - Accept-Encoding
      x-content-type-options:
      - nosniff
    status:
      code: 200
      message: OK
- request:
    body: null
    headers:
      Accept:
      - '*/*'
      Accept-Encoding:
      - gzip, deflate
      CommandName:
      - sql db restore
      Connection:
      - keep-alive
      ParameterSetName:
      - -g -s -n -t --dest-name --service-objective --edition
      User-Agent:
      - AZURECLI/2.43.0 azsdk-python-mgmt-sql/4.0.0b6 Python/3.10.7 (Windows-10-10.0.17763-SP0)
    method: GET
    uri: https://management.azure.com/subscriptions/00000000-0000-0000-0000-000000000000/resourceGroups/clitest.rg000001/providers/Microsoft.Sql/locations/westeurope/databaseAzureAsyncOperation/48a7d410-68ce-4a00-888b-e33bb0607d2f?api-version=2022-05-01-preview
  response:
    body:
      string: '{"name":"48a7d410-68ce-4a00-888b-e33bb0607d2f","status":"InProgress","startTime":"2023-01-04T18:17:57.397Z"}'
    headers:
      cache-control:
      - no-cache
      content-length:
      - '108'
      content-type:
      - application/json; charset=utf-8
      date:
      - Wed, 04 Jan 2023 18:19:42 GMT
      expires:
      - '-1'
      pragma:
      - no-cache
      server:
      - Microsoft-HTTPAPI/2.0
      strict-transport-security:
      - max-age=31536000; includeSubDomains
      transfer-encoding:
      - chunked
      vary:
      - Accept-Encoding
      x-content-type-options:
      - nosniff
    status:
      code: 200
      message: OK
- request:
    body: null
    headers:
      Accept:
      - '*/*'
      Accept-Encoding:
      - gzip, deflate
      CommandName:
      - sql db restore
      Connection:
      - keep-alive
      ParameterSetName:
      - -g -s -n -t --dest-name --service-objective --edition
      User-Agent:
      - AZURECLI/2.43.0 azsdk-python-mgmt-sql/4.0.0b6 Python/3.10.7 (Windows-10-10.0.17763-SP0)
    method: GET
    uri: https://management.azure.com/subscriptions/00000000-0000-0000-0000-000000000000/resourceGroups/clitest.rg000001/providers/Microsoft.Sql/locations/westeurope/databaseAzureAsyncOperation/48a7d410-68ce-4a00-888b-e33bb0607d2f?api-version=2022-05-01-preview
  response:
    body:
      string: '{"name":"48a7d410-68ce-4a00-888b-e33bb0607d2f","status":"InProgress","startTime":"2023-01-04T18:17:57.397Z"}'
    headers:
      cache-control:
      - no-cache
      content-length:
      - '108'
      content-type:
      - application/json; charset=utf-8
      date:
      - Wed, 04 Jan 2023 18:19:58 GMT
      expires:
      - '-1'
      pragma:
      - no-cache
      server:
      - Microsoft-HTTPAPI/2.0
      strict-transport-security:
      - max-age=31536000; includeSubDomains
      transfer-encoding:
      - chunked
      vary:
      - Accept-Encoding
      x-content-type-options:
      - nosniff
    status:
      code: 200
      message: OK
- request:
    body: null
    headers:
      Accept:
      - '*/*'
      Accept-Encoding:
      - gzip, deflate
      CommandName:
      - sql db restore
      Connection:
      - keep-alive
      ParameterSetName:
      - -g -s -n -t --dest-name --service-objective --edition
      User-Agent:
      - AZURECLI/2.43.0 azsdk-python-mgmt-sql/4.0.0b6 Python/3.10.7 (Windows-10-10.0.17763-SP0)
    method: GET
    uri: https://management.azure.com/subscriptions/00000000-0000-0000-0000-000000000000/resourceGroups/clitest.rg000001/providers/Microsoft.Sql/locations/westeurope/databaseAzureAsyncOperation/48a7d410-68ce-4a00-888b-e33bb0607d2f?api-version=2022-05-01-preview
  response:
    body:
      string: '{"name":"48a7d410-68ce-4a00-888b-e33bb0607d2f","status":"InProgress","startTime":"2023-01-04T18:17:57.397Z"}'
    headers:
      cache-control:
      - no-cache
      content-length:
      - '108'
      content-type:
      - application/json; charset=utf-8
      date:
      - Wed, 04 Jan 2023 18:20:13 GMT
      expires:
      - '-1'
      pragma:
      - no-cache
      server:
      - Microsoft-HTTPAPI/2.0
      strict-transport-security:
      - max-age=31536000; includeSubDomains
      transfer-encoding:
      - chunked
      vary:
      - Accept-Encoding
      x-content-type-options:
      - nosniff
    status:
      code: 200
      message: OK
- request:
    body: null
    headers:
      Accept:
      - '*/*'
      Accept-Encoding:
      - gzip, deflate
      CommandName:
      - sql db restore
      Connection:
      - keep-alive
      ParameterSetName:
      - -g -s -n -t --dest-name --service-objective --edition
      User-Agent:
      - AZURECLI/2.43.0 azsdk-python-mgmt-sql/4.0.0b6 Python/3.10.7 (Windows-10-10.0.17763-SP0)
    method: GET
    uri: https://management.azure.com/subscriptions/00000000-0000-0000-0000-000000000000/resourceGroups/clitest.rg000001/providers/Microsoft.Sql/locations/westeurope/databaseAzureAsyncOperation/48a7d410-68ce-4a00-888b-e33bb0607d2f?api-version=2022-05-01-preview
  response:
    body:
      string: '{"name":"48a7d410-68ce-4a00-888b-e33bb0607d2f","status":"InProgress","startTime":"2023-01-04T18:17:57.397Z"}'
    headers:
      cache-control:
      - no-cache
      content-length:
      - '108'
      content-type:
      - application/json; charset=utf-8
      date:
      - Wed, 04 Jan 2023 18:20:28 GMT
      expires:
      - '-1'
      pragma:
      - no-cache
      server:
      - Microsoft-HTTPAPI/2.0
      strict-transport-security:
      - max-age=31536000; includeSubDomains
      transfer-encoding:
      - chunked
      vary:
      - Accept-Encoding
      x-content-type-options:
      - nosniff
    status:
      code: 200
      message: OK
- request:
    body: null
    headers:
      Accept:
      - '*/*'
      Accept-Encoding:
      - gzip, deflate
      CommandName:
      - sql db restore
      Connection:
      - keep-alive
      ParameterSetName:
      - -g -s -n -t --dest-name --service-objective --edition
      User-Agent:
      - AZURECLI/2.43.0 azsdk-python-mgmt-sql/4.0.0b6 Python/3.10.7 (Windows-10-10.0.17763-SP0)
    method: GET
    uri: https://management.azure.com/subscriptions/00000000-0000-0000-0000-000000000000/resourceGroups/clitest.rg000001/providers/Microsoft.Sql/locations/westeurope/databaseAzureAsyncOperation/48a7d410-68ce-4a00-888b-e33bb0607d2f?api-version=2022-05-01-preview
  response:
    body:
      string: '{"name":"48a7d410-68ce-4a00-888b-e33bb0607d2f","status":"InProgress","startTime":"2023-01-04T18:17:57.397Z"}'
    headers:
      cache-control:
      - no-cache
      content-length:
      - '108'
      content-type:
      - application/json; charset=utf-8
      date:
      - Wed, 04 Jan 2023 18:20:42 GMT
      expires:
      - '-1'
      pragma:
      - no-cache
      server:
      - Microsoft-HTTPAPI/2.0
      strict-transport-security:
      - max-age=31536000; includeSubDomains
      transfer-encoding:
      - chunked
      vary:
      - Accept-Encoding
      x-content-type-options:
      - nosniff
    status:
      code: 200
      message: OK
- request:
    body: null
    headers:
      Accept:
      - '*/*'
      Accept-Encoding:
      - gzip, deflate
      CommandName:
      - sql db restore
      Connection:
      - keep-alive
      ParameterSetName:
      - -g -s -n -t --dest-name --service-objective --edition
      User-Agent:
      - AZURECLI/2.43.0 azsdk-python-mgmt-sql/4.0.0b6 Python/3.10.7 (Windows-10-10.0.17763-SP0)
    method: GET
    uri: https://management.azure.com/subscriptions/00000000-0000-0000-0000-000000000000/resourceGroups/clitest.rg000001/providers/Microsoft.Sql/locations/westeurope/databaseAzureAsyncOperation/48a7d410-68ce-4a00-888b-e33bb0607d2f?api-version=2022-05-01-preview
  response:
    body:
      string: '{"name":"48a7d410-68ce-4a00-888b-e33bb0607d2f","status":"InProgress","startTime":"2023-01-04T18:17:57.397Z"}'
    headers:
      cache-control:
      - no-cache
      content-length:
      - '108'
      content-type:
      - application/json; charset=utf-8
      date:
      - Wed, 04 Jan 2023 18:20:58 GMT
      expires:
      - '-1'
      pragma:
      - no-cache
      server:
      - Microsoft-HTTPAPI/2.0
      strict-transport-security:
      - max-age=31536000; includeSubDomains
      transfer-encoding:
      - chunked
      vary:
      - Accept-Encoding
      x-content-type-options:
      - nosniff
    status:
      code: 200
      message: OK
- request:
    body: null
    headers:
      Accept:
      - '*/*'
      Accept-Encoding:
      - gzip, deflate
      CommandName:
      - sql db restore
      Connection:
      - keep-alive
      ParameterSetName:
      - -g -s -n -t --dest-name --service-objective --edition
      User-Agent:
      - AZURECLI/2.43.0 azsdk-python-mgmt-sql/4.0.0b6 Python/3.10.7 (Windows-10-10.0.17763-SP0)
    method: GET
    uri: https://management.azure.com/subscriptions/00000000-0000-0000-0000-000000000000/resourceGroups/clitest.rg000001/providers/Microsoft.Sql/locations/westeurope/databaseAzureAsyncOperation/48a7d410-68ce-4a00-888b-e33bb0607d2f?api-version=2022-05-01-preview
  response:
    body:
      string: '{"name":"48a7d410-68ce-4a00-888b-e33bb0607d2f","status":"InProgress","startTime":"2023-01-04T18:17:57.397Z"}'
    headers:
      cache-control:
      - no-cache
      content-length:
      - '108'
      content-type:
      - application/json; charset=utf-8
      date:
      - Wed, 04 Jan 2023 18:21:13 GMT
      expires:
      - '-1'
      pragma:
      - no-cache
      server:
      - Microsoft-HTTPAPI/2.0
      strict-transport-security:
      - max-age=31536000; includeSubDomains
      transfer-encoding:
      - chunked
      vary:
      - Accept-Encoding
      x-content-type-options:
      - nosniff
    status:
      code: 200
      message: OK
- request:
    body: null
    headers:
      Accept:
      - '*/*'
      Accept-Encoding:
      - gzip, deflate
      CommandName:
      - sql db restore
      Connection:
      - keep-alive
      ParameterSetName:
      - -g -s -n -t --dest-name --service-objective --edition
      User-Agent:
      - AZURECLI/2.43.0 azsdk-python-mgmt-sql/4.0.0b6 Python/3.10.7 (Windows-10-10.0.17763-SP0)
    method: GET
    uri: https://management.azure.com/subscriptions/00000000-0000-0000-0000-000000000000/resourceGroups/clitest.rg000001/providers/Microsoft.Sql/locations/westeurope/databaseAzureAsyncOperation/48a7d410-68ce-4a00-888b-e33bb0607d2f?api-version=2022-05-01-preview
  response:
    body:
      string: '{"name":"48a7d410-68ce-4a00-888b-e33bb0607d2f","status":"InProgress","startTime":"2023-01-04T18:17:57.397Z"}'
    headers:
      cache-control:
      - no-cache
      content-length:
      - '108'
      content-type:
      - application/json; charset=utf-8
      date:
      - Wed, 04 Jan 2023 18:21:28 GMT
      expires:
      - '-1'
      pragma:
      - no-cache
      server:
      - Microsoft-HTTPAPI/2.0
      strict-transport-security:
      - max-age=31536000; includeSubDomains
      transfer-encoding:
      - chunked
      vary:
      - Accept-Encoding
      x-content-type-options:
      - nosniff
    status:
      code: 200
      message: OK
- request:
    body: null
    headers:
      Accept:
      - '*/*'
      Accept-Encoding:
      - gzip, deflate
      CommandName:
      - sql db restore
      Connection:
      - keep-alive
      ParameterSetName:
      - -g -s -n -t --dest-name --service-objective --edition
      User-Agent:
      - AZURECLI/2.43.0 azsdk-python-mgmt-sql/4.0.0b6 Python/3.10.7 (Windows-10-10.0.17763-SP0)
    method: GET
    uri: https://management.azure.com/subscriptions/00000000-0000-0000-0000-000000000000/resourceGroups/clitest.rg000001/providers/Microsoft.Sql/locations/westeurope/databaseAzureAsyncOperation/48a7d410-68ce-4a00-888b-e33bb0607d2f?api-version=2022-05-01-preview
  response:
    body:
      string: '{"name":"48a7d410-68ce-4a00-888b-e33bb0607d2f","status":"InProgress","startTime":"2023-01-04T18:17:57.397Z"}'
    headers:
      cache-control:
      - no-cache
      content-length:
      - '108'
      content-type:
      - application/json; charset=utf-8
      date:
      - Wed, 04 Jan 2023 18:21:44 GMT
      expires:
      - '-1'
      pragma:
      - no-cache
      server:
      - Microsoft-HTTPAPI/2.0
      strict-transport-security:
      - max-age=31536000; includeSubDomains
      transfer-encoding:
      - chunked
      vary:
      - Accept-Encoding
      x-content-type-options:
      - nosniff
    status:
      code: 200
      message: OK
- request:
    body: null
    headers:
      Accept:
      - '*/*'
      Accept-Encoding:
      - gzip, deflate
      CommandName:
      - sql db restore
      Connection:
      - keep-alive
      ParameterSetName:
      - -g -s -n -t --dest-name --service-objective --edition
      User-Agent:
      - AZURECLI/2.43.0 azsdk-python-mgmt-sql/4.0.0b6 Python/3.10.7 (Windows-10-10.0.17763-SP0)
    method: GET
    uri: https://management.azure.com/subscriptions/00000000-0000-0000-0000-000000000000/resourceGroups/clitest.rg000001/providers/Microsoft.Sql/locations/westeurope/databaseAzureAsyncOperation/48a7d410-68ce-4a00-888b-e33bb0607d2f?api-version=2022-05-01-preview
  response:
    body:
      string: '{"name":"48a7d410-68ce-4a00-888b-e33bb0607d2f","status":"InProgress","startTime":"2023-01-04T18:17:57.397Z"}'
    headers:
      cache-control:
      - no-cache
      content-length:
      - '108'
      content-type:
      - application/json; charset=utf-8
      date:
      - Wed, 04 Jan 2023 18:21:59 GMT
      expires:
      - '-1'
      pragma:
      - no-cache
      server:
      - Microsoft-HTTPAPI/2.0
      strict-transport-security:
      - max-age=31536000; includeSubDomains
      transfer-encoding:
      - chunked
      vary:
      - Accept-Encoding
      x-content-type-options:
      - nosniff
    status:
      code: 200
      message: OK
- request:
    body: null
    headers:
      Accept:
      - '*/*'
      Accept-Encoding:
      - gzip, deflate
      CommandName:
      - sql db restore
      Connection:
      - keep-alive
      ParameterSetName:
      - -g -s -n -t --dest-name --service-objective --edition
      User-Agent:
      - AZURECLI/2.43.0 azsdk-python-mgmt-sql/4.0.0b6 Python/3.10.7 (Windows-10-10.0.17763-SP0)
    method: GET
    uri: https://management.azure.com/subscriptions/00000000-0000-0000-0000-000000000000/resourceGroups/clitest.rg000001/providers/Microsoft.Sql/locations/westeurope/databaseAzureAsyncOperation/48a7d410-68ce-4a00-888b-e33bb0607d2f?api-version=2022-05-01-preview
  response:
    body:
      string: '{"name":"48a7d410-68ce-4a00-888b-e33bb0607d2f","status":"InProgress","startTime":"2023-01-04T18:17:57.397Z"}'
    headers:
      cache-control:
      - no-cache
      content-length:
      - '108'
      content-type:
      - application/json; charset=utf-8
      date:
      - Wed, 04 Jan 2023 18:22:13 GMT
      expires:
      - '-1'
      pragma:
      - no-cache
      server:
      - Microsoft-HTTPAPI/2.0
      strict-transport-security:
      - max-age=31536000; includeSubDomains
      transfer-encoding:
      - chunked
      vary:
      - Accept-Encoding
      x-content-type-options:
      - nosniff
    status:
      code: 200
      message: OK
- request:
    body: null
    headers:
      Accept:
      - '*/*'
      Accept-Encoding:
      - gzip, deflate
      CommandName:
      - sql db restore
      Connection:
      - keep-alive
      ParameterSetName:
      - -g -s -n -t --dest-name --service-objective --edition
      User-Agent:
      - AZURECLI/2.43.0 azsdk-python-mgmt-sql/4.0.0b6 Python/3.10.7 (Windows-10-10.0.17763-SP0)
    method: GET
    uri: https://management.azure.com/subscriptions/00000000-0000-0000-0000-000000000000/resourceGroups/clitest.rg000001/providers/Microsoft.Sql/locations/westeurope/databaseAzureAsyncOperation/48a7d410-68ce-4a00-888b-e33bb0607d2f?api-version=2022-05-01-preview
  response:
    body:
      string: '{"name":"48a7d410-68ce-4a00-888b-e33bb0607d2f","status":"InProgress","startTime":"2023-01-04T18:17:57.397Z"}'
    headers:
      cache-control:
      - no-cache
      content-length:
      - '108'
      content-type:
      - application/json; charset=utf-8
      date:
      - Wed, 04 Jan 2023 18:22:28 GMT
      expires:
      - '-1'
      pragma:
      - no-cache
      server:
      - Microsoft-HTTPAPI/2.0
      strict-transport-security:
      - max-age=31536000; includeSubDomains
      transfer-encoding:
      - chunked
      vary:
      - Accept-Encoding
      x-content-type-options:
      - nosniff
    status:
      code: 200
      message: OK
- request:
    body: null
    headers:
      Accept:
      - '*/*'
      Accept-Encoding:
      - gzip, deflate
      CommandName:
      - sql db restore
      Connection:
      - keep-alive
      ParameterSetName:
      - -g -s -n -t --dest-name --service-objective --edition
      User-Agent:
      - AZURECLI/2.43.0 azsdk-python-mgmt-sql/4.0.0b6 Python/3.10.7 (Windows-10-10.0.17763-SP0)
    method: GET
    uri: https://management.azure.com/subscriptions/00000000-0000-0000-0000-000000000000/resourceGroups/clitest.rg000001/providers/Microsoft.Sql/locations/westeurope/databaseAzureAsyncOperation/48a7d410-68ce-4a00-888b-e33bb0607d2f?api-version=2022-05-01-preview
  response:
    body:
      string: '{"name":"48a7d410-68ce-4a00-888b-e33bb0607d2f","status":"InProgress","startTime":"2023-01-04T18:17:57.397Z"}'
    headers:
      cache-control:
      - no-cache
      content-length:
      - '108'
      content-type:
      - application/json; charset=utf-8
      date:
      - Wed, 04 Jan 2023 18:22:44 GMT
      expires:
      - '-1'
      pragma:
      - no-cache
      server:
      - Microsoft-HTTPAPI/2.0
      strict-transport-security:
      - max-age=31536000; includeSubDomains
      transfer-encoding:
      - chunked
      vary:
      - Accept-Encoding
      x-content-type-options:
      - nosniff
    status:
      code: 200
      message: OK
- request:
    body: null
    headers:
      Accept:
      - '*/*'
      Accept-Encoding:
      - gzip, deflate
      CommandName:
      - sql db restore
      Connection:
      - keep-alive
      ParameterSetName:
      - -g -s -n -t --dest-name --service-objective --edition
      User-Agent:
      - AZURECLI/2.43.0 azsdk-python-mgmt-sql/4.0.0b6 Python/3.10.7 (Windows-10-10.0.17763-SP0)
    method: GET
    uri: https://management.azure.com/subscriptions/00000000-0000-0000-0000-000000000000/resourceGroups/clitest.rg000001/providers/Microsoft.Sql/locations/westeurope/databaseAzureAsyncOperation/48a7d410-68ce-4a00-888b-e33bb0607d2f?api-version=2022-05-01-preview
  response:
    body:
      string: '{"name":"48a7d410-68ce-4a00-888b-e33bb0607d2f","status":"InProgress","startTime":"2023-01-04T18:17:57.397Z"}'
    headers:
      cache-control:
      - no-cache
      content-length:
      - '108'
      content-type:
      - application/json; charset=utf-8
      date:
      - Wed, 04 Jan 2023 18:22:59 GMT
      expires:
      - '-1'
      pragma:
      - no-cache
      server:
      - Microsoft-HTTPAPI/2.0
      strict-transport-security:
      - max-age=31536000; includeSubDomains
      transfer-encoding:
      - chunked
      vary:
      - Accept-Encoding
      x-content-type-options:
      - nosniff
    status:
      code: 200
      message: OK
- request:
    body: null
    headers:
      Accept:
      - '*/*'
      Accept-Encoding:
      - gzip, deflate
      CommandName:
      - sql db restore
      Connection:
      - keep-alive
      ParameterSetName:
      - -g -s -n -t --dest-name --service-objective --edition
      User-Agent:
      - AZURECLI/2.43.0 azsdk-python-mgmt-sql/4.0.0b6 Python/3.10.7 (Windows-10-10.0.17763-SP0)
    method: GET
    uri: https://management.azure.com/subscriptions/00000000-0000-0000-0000-000000000000/resourceGroups/clitest.rg000001/providers/Microsoft.Sql/locations/westeurope/databaseAzureAsyncOperation/48a7d410-68ce-4a00-888b-e33bb0607d2f?api-version=2022-05-01-preview
  response:
    body:
      string: '{"name":"48a7d410-68ce-4a00-888b-e33bb0607d2f","status":"InProgress","startTime":"2023-01-04T18:17:57.397Z"}'
    headers:
      cache-control:
      - no-cache
      content-length:
      - '108'
      content-type:
      - application/json; charset=utf-8
      date:
      - Wed, 04 Jan 2023 18:23:14 GMT
      expires:
      - '-1'
      pragma:
      - no-cache
      server:
      - Microsoft-HTTPAPI/2.0
      strict-transport-security:
      - max-age=31536000; includeSubDomains
      transfer-encoding:
      - chunked
      vary:
      - Accept-Encoding
      x-content-type-options:
      - nosniff
    status:
      code: 200
      message: OK
- request:
    body: null
    headers:
      Accept:
      - '*/*'
      Accept-Encoding:
      - gzip, deflate
      CommandName:
      - sql db restore
      Connection:
      - keep-alive
      ParameterSetName:
      - -g -s -n -t --dest-name --service-objective --edition
      User-Agent:
      - AZURECLI/2.43.0 azsdk-python-mgmt-sql/4.0.0b6 Python/3.10.7 (Windows-10-10.0.17763-SP0)
    method: GET
    uri: https://management.azure.com/subscriptions/00000000-0000-0000-0000-000000000000/resourceGroups/clitest.rg000001/providers/Microsoft.Sql/locations/westeurope/databaseAzureAsyncOperation/48a7d410-68ce-4a00-888b-e33bb0607d2f?api-version=2022-05-01-preview
  response:
    body:
      string: '{"name":"48a7d410-68ce-4a00-888b-e33bb0607d2f","status":"InProgress","startTime":"2023-01-04T18:17:57.397Z"}'
    headers:
      cache-control:
      - no-cache
      content-length:
      - '108'
      content-type:
      - application/json; charset=utf-8
      date:
      - Wed, 04 Jan 2023 18:23:29 GMT
      expires:
      - '-1'
      pragma:
      - no-cache
      server:
      - Microsoft-HTTPAPI/2.0
      strict-transport-security:
      - max-age=31536000; includeSubDomains
      transfer-encoding:
      - chunked
      vary:
      - Accept-Encoding
      x-content-type-options:
      - nosniff
    status:
      code: 200
      message: OK
- request:
    body: null
    headers:
      Accept:
      - '*/*'
      Accept-Encoding:
      - gzip, deflate
      CommandName:
      - sql db restore
      Connection:
      - keep-alive
      ParameterSetName:
      - -g -s -n -t --dest-name --service-objective --edition
      User-Agent:
      - AZURECLI/2.43.0 azsdk-python-mgmt-sql/4.0.0b6 Python/3.10.7 (Windows-10-10.0.17763-SP0)
    method: GET
    uri: https://management.azure.com/subscriptions/00000000-0000-0000-0000-000000000000/resourceGroups/clitest.rg000001/providers/Microsoft.Sql/locations/westeurope/databaseAzureAsyncOperation/48a7d410-68ce-4a00-888b-e33bb0607d2f?api-version=2022-05-01-preview
  response:
    body:
      string: '{"name":"48a7d410-68ce-4a00-888b-e33bb0607d2f","status":"InProgress","startTime":"2023-01-04T18:17:57.397Z"}'
    headers:
      cache-control:
      - no-cache
      content-length:
      - '108'
      content-type:
      - application/json; charset=utf-8
      date:
      - Wed, 04 Jan 2023 18:23:45 GMT
      expires:
      - '-1'
      pragma:
      - no-cache
      server:
      - Microsoft-HTTPAPI/2.0
      strict-transport-security:
      - max-age=31536000; includeSubDomains
      transfer-encoding:
      - chunked
      vary:
      - Accept-Encoding
      x-content-type-options:
      - nosniff
    status:
      code: 200
      message: OK
- request:
    body: null
    headers:
      Accept:
      - '*/*'
      Accept-Encoding:
      - gzip, deflate
      CommandName:
      - sql db restore
      Connection:
      - keep-alive
      ParameterSetName:
      - -g -s -n -t --dest-name --service-objective --edition
      User-Agent:
      - AZURECLI/2.43.0 azsdk-python-mgmt-sql/4.0.0b6 Python/3.10.7 (Windows-10-10.0.17763-SP0)
    method: GET
    uri: https://management.azure.com/subscriptions/00000000-0000-0000-0000-000000000000/resourceGroups/clitest.rg000001/providers/Microsoft.Sql/locations/westeurope/databaseAzureAsyncOperation/48a7d410-68ce-4a00-888b-e33bb0607d2f?api-version=2022-05-01-preview
  response:
    body:
      string: '{"name":"48a7d410-68ce-4a00-888b-e33bb0607d2f","status":"InProgress","startTime":"2023-01-04T18:17:57.397Z"}'
    headers:
      cache-control:
      - no-cache
      content-length:
      - '108'
      content-type:
      - application/json; charset=utf-8
      date:
      - Wed, 04 Jan 2023 18:24:00 GMT
      expires:
      - '-1'
      pragma:
      - no-cache
      server:
      - Microsoft-HTTPAPI/2.0
      strict-transport-security:
      - max-age=31536000; includeSubDomains
      transfer-encoding:
      - chunked
      vary:
      - Accept-Encoding
      x-content-type-options:
      - nosniff
    status:
      code: 200
      message: OK
- request:
    body: null
    headers:
      Accept:
      - '*/*'
      Accept-Encoding:
      - gzip, deflate
      CommandName:
      - sql db restore
      Connection:
      - keep-alive
      ParameterSetName:
      - -g -s -n -t --dest-name --service-objective --edition
      User-Agent:
      - AZURECLI/2.43.0 azsdk-python-mgmt-sql/4.0.0b6 Python/3.10.7 (Windows-10-10.0.17763-SP0)
    method: GET
    uri: https://management.azure.com/subscriptions/00000000-0000-0000-0000-000000000000/resourceGroups/clitest.rg000001/providers/Microsoft.Sql/locations/westeurope/databaseAzureAsyncOperation/48a7d410-68ce-4a00-888b-e33bb0607d2f?api-version=2022-05-01-preview
  response:
    body:
      string: '{"name":"48a7d410-68ce-4a00-888b-e33bb0607d2f","status":"InProgress","startTime":"2023-01-04T18:17:57.397Z"}'
    headers:
      cache-control:
      - no-cache
      content-length:
      - '108'
      content-type:
      - application/json; charset=utf-8
      date:
      - Wed, 04 Jan 2023 18:24:14 GMT
      expires:
      - '-1'
      pragma:
      - no-cache
      server:
      - Microsoft-HTTPAPI/2.0
      strict-transport-security:
      - max-age=31536000; includeSubDomains
      transfer-encoding:
      - chunked
      vary:
      - Accept-Encoding
      x-content-type-options:
      - nosniff
    status:
      code: 200
      message: OK
- request:
    body: null
    headers:
      Accept:
      - '*/*'
      Accept-Encoding:
      - gzip, deflate
      CommandName:
      - sql db restore
      Connection:
      - keep-alive
      ParameterSetName:
      - -g -s -n -t --dest-name --service-objective --edition
      User-Agent:
      - AZURECLI/2.43.0 azsdk-python-mgmt-sql/4.0.0b6 Python/3.10.7 (Windows-10-10.0.17763-SP0)
    method: GET
    uri: https://management.azure.com/subscriptions/00000000-0000-0000-0000-000000000000/resourceGroups/clitest.rg000001/providers/Microsoft.Sql/locations/westeurope/databaseAzureAsyncOperation/48a7d410-68ce-4a00-888b-e33bb0607d2f?api-version=2022-05-01-preview
  response:
    body:
      string: '{"name":"48a7d410-68ce-4a00-888b-e33bb0607d2f","status":"InProgress","startTime":"2023-01-04T18:17:57.397Z"}'
    headers:
      cache-control:
      - no-cache
      content-length:
      - '108'
      content-type:
      - application/json; charset=utf-8
      date:
      - Wed, 04 Jan 2023 18:24:29 GMT
      expires:
      - '-1'
      pragma:
      - no-cache
      server:
      - Microsoft-HTTPAPI/2.0
      strict-transport-security:
      - max-age=31536000; includeSubDomains
      transfer-encoding:
      - chunked
      vary:
      - Accept-Encoding
      x-content-type-options:
      - nosniff
    status:
      code: 200
      message: OK
- request:
    body: null
    headers:
      Accept:
      - '*/*'
      Accept-Encoding:
      - gzip, deflate
      CommandName:
      - sql db restore
      Connection:
      - keep-alive
      ParameterSetName:
      - -g -s -n -t --dest-name --service-objective --edition
      User-Agent:
      - AZURECLI/2.43.0 azsdk-python-mgmt-sql/4.0.0b6 Python/3.10.7 (Windows-10-10.0.17763-SP0)
    method: GET
    uri: https://management.azure.com/subscriptions/00000000-0000-0000-0000-000000000000/resourceGroups/clitest.rg000001/providers/Microsoft.Sql/locations/westeurope/databaseAzureAsyncOperation/48a7d410-68ce-4a00-888b-e33bb0607d2f?api-version=2022-05-01-preview
  response:
    body:
      string: '{"name":"48a7d410-68ce-4a00-888b-e33bb0607d2f","status":"InProgress","startTime":"2023-01-04T18:17:57.397Z"}'
    headers:
      cache-control:
      - no-cache
      content-length:
      - '108'
      content-type:
      - application/json; charset=utf-8
      date:
      - Wed, 04 Jan 2023 18:24:45 GMT
      expires:
      - '-1'
      pragma:
      - no-cache
      server:
      - Microsoft-HTTPAPI/2.0
      strict-transport-security:
      - max-age=31536000; includeSubDomains
      transfer-encoding:
      - chunked
      vary:
      - Accept-Encoding
      x-content-type-options:
      - nosniff
    status:
      code: 200
      message: OK
- request:
    body: null
    headers:
      Accept:
      - '*/*'
      Accept-Encoding:
      - gzip, deflate
      CommandName:
      - sql db restore
      Connection:
      - keep-alive
      ParameterSetName:
      - -g -s -n -t --dest-name --service-objective --edition
      User-Agent:
      - AZURECLI/2.43.0 azsdk-python-mgmt-sql/4.0.0b6 Python/3.10.7 (Windows-10-10.0.17763-SP0)
    method: GET
    uri: https://management.azure.com/subscriptions/00000000-0000-0000-0000-000000000000/resourceGroups/clitest.rg000001/providers/Microsoft.Sql/locations/westeurope/databaseAzureAsyncOperation/48a7d410-68ce-4a00-888b-e33bb0607d2f?api-version=2022-05-01-preview
  response:
    body:
      string: '{"name":"48a7d410-68ce-4a00-888b-e33bb0607d2f","status":"InProgress","startTime":"2023-01-04T18:17:57.397Z"}'
    headers:
      cache-control:
      - no-cache
      content-length:
      - '108'
      content-type:
      - application/json; charset=utf-8
      date:
      - Wed, 04 Jan 2023 18:25:00 GMT
      expires:
      - '-1'
      pragma:
      - no-cache
      server:
      - Microsoft-HTTPAPI/2.0
      strict-transport-security:
      - max-age=31536000; includeSubDomains
      transfer-encoding:
      - chunked
      vary:
      - Accept-Encoding
      x-content-type-options:
      - nosniff
    status:
      code: 200
      message: OK
- request:
    body: null
    headers:
      Accept:
      - '*/*'
      Accept-Encoding:
      - gzip, deflate
      CommandName:
      - sql db restore
      Connection:
      - keep-alive
      ParameterSetName:
      - -g -s -n -t --dest-name --service-objective --edition
      User-Agent:
      - AZURECLI/2.43.0 azsdk-python-mgmt-sql/4.0.0b6 Python/3.10.7 (Windows-10-10.0.17763-SP0)
    method: GET
    uri: https://management.azure.com/subscriptions/00000000-0000-0000-0000-000000000000/resourceGroups/clitest.rg000001/providers/Microsoft.Sql/locations/westeurope/databaseAzureAsyncOperation/48a7d410-68ce-4a00-888b-e33bb0607d2f?api-version=2022-05-01-preview
  response:
    body:
      string: '{"name":"48a7d410-68ce-4a00-888b-e33bb0607d2f","status":"InProgress","startTime":"2023-01-04T18:17:57.397Z"}'
    headers:
      cache-control:
      - no-cache
      content-length:
      - '108'
      content-type:
      - application/json; charset=utf-8
      date:
      - Wed, 04 Jan 2023 18:25:15 GMT
      expires:
      - '-1'
      pragma:
      - no-cache
      server:
      - Microsoft-HTTPAPI/2.0
      strict-transport-security:
      - max-age=31536000; includeSubDomains
      transfer-encoding:
      - chunked
      vary:
      - Accept-Encoding
      x-content-type-options:
      - nosniff
    status:
      code: 200
      message: OK
- request:
    body: null
    headers:
      Accept:
      - '*/*'
      Accept-Encoding:
      - gzip, deflate
      CommandName:
      - sql db restore
      Connection:
      - keep-alive
      ParameterSetName:
      - -g -s -n -t --dest-name --service-objective --edition
      User-Agent:
      - AZURECLI/2.43.0 azsdk-python-mgmt-sql/4.0.0b6 Python/3.10.7 (Windows-10-10.0.17763-SP0)
    method: GET
    uri: https://management.azure.com/subscriptions/00000000-0000-0000-0000-000000000000/resourceGroups/clitest.rg000001/providers/Microsoft.Sql/locations/westeurope/databaseAzureAsyncOperation/48a7d410-68ce-4a00-888b-e33bb0607d2f?api-version=2022-05-01-preview
  response:
    body:
      string: '{"name":"48a7d410-68ce-4a00-888b-e33bb0607d2f","status":"InProgress","startTime":"2023-01-04T18:17:57.397Z"}'
    headers:
      cache-control:
      - no-cache
      content-length:
      - '108'
      content-type:
      - application/json; charset=utf-8
      date:
      - Wed, 04 Jan 2023 18:25:30 GMT
      expires:
      - '-1'
      pragma:
      - no-cache
      server:
      - Microsoft-HTTPAPI/2.0
      strict-transport-security:
      - max-age=31536000; includeSubDomains
      transfer-encoding:
      - chunked
      vary:
      - Accept-Encoding
      x-content-type-options:
      - nosniff
    status:
      code: 200
      message: OK
- request:
    body: null
    headers:
      Accept:
      - '*/*'
      Accept-Encoding:
      - gzip, deflate
      CommandName:
      - sql db restore
      Connection:
      - keep-alive
      ParameterSetName:
      - -g -s -n -t --dest-name --service-objective --edition
      User-Agent:
      - AZURECLI/2.43.0 azsdk-python-mgmt-sql/4.0.0b6 Python/3.10.7 (Windows-10-10.0.17763-SP0)
    method: GET
    uri: https://management.azure.com/subscriptions/00000000-0000-0000-0000-000000000000/resourceGroups/clitest.rg000001/providers/Microsoft.Sql/locations/westeurope/databaseAzureAsyncOperation/48a7d410-68ce-4a00-888b-e33bb0607d2f?api-version=2022-05-01-preview
  response:
    body:
      string: '{"name":"48a7d410-68ce-4a00-888b-e33bb0607d2f","status":"InProgress","startTime":"2023-01-04T18:17:57.397Z"}'
    headers:
      cache-control:
      - no-cache
      content-length:
      - '108'
      content-type:
      - application/json; charset=utf-8
      date:
      - Wed, 04 Jan 2023 18:25:46 GMT
      expires:
      - '-1'
      pragma:
      - no-cache
      server:
      - Microsoft-HTTPAPI/2.0
      strict-transport-security:
      - max-age=31536000; includeSubDomains
      transfer-encoding:
      - chunked
      vary:
      - Accept-Encoding
      x-content-type-options:
      - nosniff
    status:
      code: 200
      message: OK
- request:
    body: null
    headers:
      Accept:
      - '*/*'
      Accept-Encoding:
      - gzip, deflate
      CommandName:
      - sql db restore
      Connection:
      - keep-alive
      ParameterSetName:
      - -g -s -n -t --dest-name --service-objective --edition
      User-Agent:
      - AZURECLI/2.43.0 azsdk-python-mgmt-sql/4.0.0b6 Python/3.10.7 (Windows-10-10.0.17763-SP0)
    method: GET
    uri: https://management.azure.com/subscriptions/00000000-0000-0000-0000-000000000000/resourceGroups/clitest.rg000001/providers/Microsoft.Sql/locations/westeurope/databaseAzureAsyncOperation/48a7d410-68ce-4a00-888b-e33bb0607d2f?api-version=2022-05-01-preview
  response:
    body:
      string: '{"name":"48a7d410-68ce-4a00-888b-e33bb0607d2f","status":"InProgress","startTime":"2023-01-04T18:17:57.397Z"}'
    headers:
      cache-control:
      - no-cache
      content-length:
      - '108'
      content-type:
      - application/json; charset=utf-8
      date:
      - Wed, 04 Jan 2023 18:26:01 GMT
      expires:
      - '-1'
      pragma:
      - no-cache
      server:
      - Microsoft-HTTPAPI/2.0
      strict-transport-security:
      - max-age=31536000; includeSubDomains
      transfer-encoding:
      - chunked
      vary:
      - Accept-Encoding
      x-content-type-options:
      - nosniff
    status:
      code: 200
      message: OK
- request:
    body: null
    headers:
      Accept:
      - '*/*'
      Accept-Encoding:
      - gzip, deflate
      CommandName:
      - sql db restore
      Connection:
      - keep-alive
      ParameterSetName:
      - -g -s -n -t --dest-name --service-objective --edition
      User-Agent:
      - AZURECLI/2.43.0 azsdk-python-mgmt-sql/4.0.0b6 Python/3.10.7 (Windows-10-10.0.17763-SP0)
    method: GET
    uri: https://management.azure.com/subscriptions/00000000-0000-0000-0000-000000000000/resourceGroups/clitest.rg000001/providers/Microsoft.Sql/locations/westeurope/databaseAzureAsyncOperation/48a7d410-68ce-4a00-888b-e33bb0607d2f?api-version=2022-05-01-preview
  response:
    body:
      string: '{"name":"48a7d410-68ce-4a00-888b-e33bb0607d2f","status":"InProgress","startTime":"2023-01-04T18:17:57.397Z"}'
    headers:
      cache-control:
      - no-cache
      content-length:
      - '108'
      content-type:
      - application/json; charset=utf-8
      date:
      - Wed, 04 Jan 2023 18:26:15 GMT
      expires:
      - '-1'
      pragma:
      - no-cache
      server:
      - Microsoft-HTTPAPI/2.0
      strict-transport-security:
      - max-age=31536000; includeSubDomains
      transfer-encoding:
      - chunked
      vary:
      - Accept-Encoding
      x-content-type-options:
      - nosniff
    status:
      code: 200
      message: OK
- request:
    body: null
    headers:
      Accept:
      - '*/*'
      Accept-Encoding:
      - gzip, deflate
      CommandName:
      - sql db restore
      Connection:
      - keep-alive
      ParameterSetName:
      - -g -s -n -t --dest-name --service-objective --edition
      User-Agent:
      - AZURECLI/2.43.0 azsdk-python-mgmt-sql/4.0.0b6 Python/3.10.7 (Windows-10-10.0.17763-SP0)
    method: GET
    uri: https://management.azure.com/subscriptions/00000000-0000-0000-0000-000000000000/resourceGroups/clitest.rg000001/providers/Microsoft.Sql/locations/westeurope/databaseAzureAsyncOperation/48a7d410-68ce-4a00-888b-e33bb0607d2f?api-version=2022-05-01-preview
  response:
    body:
      string: '{"name":"48a7d410-68ce-4a00-888b-e33bb0607d2f","status":"InProgress","startTime":"2023-01-04T18:17:57.397Z"}'
    headers:
      cache-control:
      - no-cache
      content-length:
      - '108'
      content-type:
      - application/json; charset=utf-8
      date:
      - Wed, 04 Jan 2023 18:26:30 GMT
      expires:
      - '-1'
      pragma:
      - no-cache
      server:
      - Microsoft-HTTPAPI/2.0
      strict-transport-security:
      - max-age=31536000; includeSubDomains
      transfer-encoding:
      - chunked
      vary:
      - Accept-Encoding
      x-content-type-options:
      - nosniff
    status:
      code: 200
      message: OK
- request:
    body: null
    headers:
      Accept:
      - '*/*'
      Accept-Encoding:
      - gzip, deflate
      CommandName:
      - sql db restore
      Connection:
      - keep-alive
      ParameterSetName:
      - -g -s -n -t --dest-name --service-objective --edition
      User-Agent:
      - AZURECLI/2.43.0 azsdk-python-mgmt-sql/4.0.0b6 Python/3.10.7 (Windows-10-10.0.17763-SP0)
    method: GET
    uri: https://management.azure.com/subscriptions/00000000-0000-0000-0000-000000000000/resourceGroups/clitest.rg000001/providers/Microsoft.Sql/locations/westeurope/databaseAzureAsyncOperation/48a7d410-68ce-4a00-888b-e33bb0607d2f?api-version=2022-05-01-preview
  response:
    body:
      string: '{"name":"48a7d410-68ce-4a00-888b-e33bb0607d2f","status":"InProgress","startTime":"2023-01-04T18:17:57.397Z"}'
    headers:
      cache-control:
      - no-cache
      content-length:
      - '108'
      content-type:
      - application/json; charset=utf-8
      date:
      - Wed, 04 Jan 2023 18:26:46 GMT
      expires:
      - '-1'
      pragma:
      - no-cache
      server:
      - Microsoft-HTTPAPI/2.0
      strict-transport-security:
      - max-age=31536000; includeSubDomains
      transfer-encoding:
      - chunked
      vary:
      - Accept-Encoding
      x-content-type-options:
      - nosniff
    status:
      code: 200
      message: OK
- request:
    body: null
    headers:
      Accept:
      - '*/*'
      Accept-Encoding:
      - gzip, deflate
      CommandName:
      - sql db restore
      Connection:
      - keep-alive
      ParameterSetName:
      - -g -s -n -t --dest-name --service-objective --edition
      User-Agent:
      - AZURECLI/2.43.0 azsdk-python-mgmt-sql/4.0.0b6 Python/3.10.7 (Windows-10-10.0.17763-SP0)
    method: GET
    uri: https://management.azure.com/subscriptions/00000000-0000-0000-0000-000000000000/resourceGroups/clitest.rg000001/providers/Microsoft.Sql/locations/westeurope/databaseAzureAsyncOperation/48a7d410-68ce-4a00-888b-e33bb0607d2f?api-version=2022-05-01-preview
  response:
    body:
      string: '{"name":"48a7d410-68ce-4a00-888b-e33bb0607d2f","status":"InProgress","startTime":"2023-01-04T18:17:57.397Z"}'
    headers:
      cache-control:
      - no-cache
      content-length:
      - '108'
      content-type:
      - application/json; charset=utf-8
      date:
      - Wed, 04 Jan 2023 18:27:01 GMT
      expires:
      - '-1'
      pragma:
      - no-cache
      server:
      - Microsoft-HTTPAPI/2.0
      strict-transport-security:
      - max-age=31536000; includeSubDomains
      transfer-encoding:
      - chunked
      vary:
      - Accept-Encoding
      x-content-type-options:
      - nosniff
    status:
      code: 200
      message: OK
- request:
    body: null
    headers:
      Accept:
      - '*/*'
      Accept-Encoding:
      - gzip, deflate
      CommandName:
      - sql db restore
      Connection:
      - keep-alive
      ParameterSetName:
      - -g -s -n -t --dest-name --service-objective --edition
      User-Agent:
      - AZURECLI/2.43.0 azsdk-python-mgmt-sql/4.0.0b6 Python/3.10.7 (Windows-10-10.0.17763-SP0)
    method: GET
    uri: https://management.azure.com/subscriptions/00000000-0000-0000-0000-000000000000/resourceGroups/clitest.rg000001/providers/Microsoft.Sql/locations/westeurope/databaseAzureAsyncOperation/48a7d410-68ce-4a00-888b-e33bb0607d2f?api-version=2022-05-01-preview
  response:
    body:
      string: '{"name":"48a7d410-68ce-4a00-888b-e33bb0607d2f","status":"Succeeded","startTime":"2023-01-04T18:17:57.397Z"}'
    headers:
      cache-control:
      - no-cache
      content-length:
      - '107'
      content-type:
      - application/json; charset=utf-8
      date:
      - Wed, 04 Jan 2023 18:27:16 GMT
      expires:
      - '-1'
      pragma:
      - no-cache
      server:
      - Microsoft-HTTPAPI/2.0
      strict-transport-security:
      - max-age=31536000; includeSubDomains
      transfer-encoding:
      - chunked
      vary:
      - Accept-Encoding
      x-content-type-options:
      - nosniff
    status:
      code: 200
      message: OK
- request:
    body: null
    headers:
      Accept:
      - '*/*'
      Accept-Encoding:
      - gzip, deflate
      CommandName:
      - sql db restore
      Connection:
      - keep-alive
      ParameterSetName:
      - -g -s -n -t --dest-name --service-objective --edition
      User-Agent:
      - AZURECLI/2.43.0 azsdk-python-mgmt-sql/4.0.0b6 Python/3.10.7 (Windows-10-10.0.17763-SP0)
    method: GET
    uri: https://management.azure.com/subscriptions/00000000-0000-0000-0000-000000000000/resourceGroups/clitest.rg000001/providers/Microsoft.Sql/servers/clitestserver000002/databases/cliautomationdb01restore1?api-version=2022-05-01-preview
  response:
    body:
      string: '{"sku":{"name":"Standard","tier":"Standard","capacity":20},"kind":"v12.0,user","properties":{"collation":"SQL_Latin1_General_CP1_CI_AS","maxSizeBytes":268435456000,"status":"Online","databaseId":"c0386a63-8349-4a49-95a0-2e0a0103d1e2","creationDate":"2023-01-04T18:26:31.277Z","currentServiceObjectiveName":"S1","requestedServiceObjectiveName":"S1","defaultSecondaryLocation":"northeurope","catalogCollation":"SQL_Latin1_General_CP1_CI_AS","zoneRedundant":false,"readScale":"Disabled","currentSku":{"name":"Standard","tier":"Standard","capacity":20},"currentBackupStorageRedundancy":"Geo","requestedBackupStorageRedundancy":"Geo","maintenanceConfigurationId":"/subscriptions/00000000-0000-0000-0000-000000000000/providers/Microsoft.Maintenance/publicMaintenanceConfigurations/SQL_Default","isLedgerOn":false,"isInfraEncryptionEnabled":false},"location":"westeurope","id":"/subscriptions/00000000-0000-0000-0000-000000000000/resourceGroups/clitest.rg000001/providers/Microsoft.Sql/servers/clitestserver000002/databases/cliautomationdb01restore1","name":"cliautomationdb01restore1","type":"Microsoft.Sql/servers/databases"}'
    headers:
      cache-control:
      - no-cache
      content-length:
      - '1120'
      content-type:
      - application/json; charset=utf-8
      date:
      - Wed, 04 Jan 2023 18:27:16 GMT
      expires:
      - '-1'
      pragma:
      - no-cache
      server:
      - Microsoft-HTTPAPI/2.0
      strict-transport-security:
      - max-age=31536000; includeSubDomains
      transfer-encoding:
      - chunked
      vary:
      - Accept-Encoding
      x-content-type-options:
      - nosniff
    status:
      code: 200
      message: OK
- request:
    body: null
    headers:
      Accept:
      - application/json
      Accept-Encoding:
      - gzip, deflate
      CommandName:
      - sql db restore
      Connection:
      - keep-alive
      ParameterSetName:
      - -g -s -n -t --dest-name --elastic-pool
      User-Agent:
      - AZURECLI/2.43.0 azsdk-python-mgmt-sql/4.0.0b6 Python/3.10.7 (Windows-10-10.0.17763-SP0)
    method: GET
    uri: https://management.azure.com/subscriptions/00000000-0000-0000-0000-000000000000/resourceGroups/clitest.rg000001/providers/Microsoft.Sql/servers/clitestserver000002?api-version=2021-02-01-preview
  response:
    body:
      string: '{"kind":"v12.0","properties":{"administratorLogin":"admin123","version":"12.0","state":"Ready","fullyQualifiedDomainName":"clitestserver000002.database.windows.net","privateEndpointConnections":[],"publicNetworkAccess":"Enabled","restrictOutboundNetworkAccess":"Disabled"},"location":"westeurope","id":"/subscriptions/00000000-0000-0000-0000-000000000000/resourceGroups/clitest.rg000001/providers/Microsoft.Sql/servers/clitestserver000002","name":"clitestserver000002","type":"Microsoft.Sql/servers"}'
    headers:
      cache-control:
      - no-cache
      content-length:
      - '500'
      content-type:
      - application/json; charset=utf-8
      date:
      - Wed, 04 Jan 2023 18:27:17 GMT
      expires:
      - '-1'
      pragma:
      - no-cache
      server:
      - Microsoft-HTTPAPI/2.0
      strict-transport-security:
      - max-age=31536000; includeSubDomains
      transfer-encoding:
      - chunked
      vary:
      - Accept-Encoding
      x-content-type-options:
      - nosniff
    status:
      code: 200
      message: OK
- request:
    body: null
    headers:
      Accept:
      - application/json
      Accept-Encoding:
      - gzip, deflate
      CommandName:
      - sql db restore
      Connection:
      - keep-alive
      ParameterSetName:
      - -g -s -n -t --dest-name --elastic-pool
      User-Agent:
      - AZURECLI/2.43.0 azsdk-python-mgmt-sql/4.0.0b6 Python/3.10.7 (Windows-10-10.0.17763-SP0)
    method: GET
    uri: https://management.azure.com/subscriptions/00000000-0000-0000-0000-000000000000/resourceGroups/clitest.rg000001/providers/Microsoft.Sql/servers/clitestserver000002?api-version=2021-02-01-preview
  response:
    body:
      string: '{"kind":"v12.0","properties":{"administratorLogin":"admin123","version":"12.0","state":"Ready","fullyQualifiedDomainName":"clitestserver000002.database.windows.net","privateEndpointConnections":[],"publicNetworkAccess":"Enabled","restrictOutboundNetworkAccess":"Disabled"},"location":"westeurope","id":"/subscriptions/00000000-0000-0000-0000-000000000000/resourceGroups/clitest.rg000001/providers/Microsoft.Sql/servers/clitestserver000002","name":"clitestserver000002","type":"Microsoft.Sql/servers"}'
    headers:
      cache-control:
      - no-cache
      content-length:
      - '500'
      content-type:
      - application/json; charset=utf-8
      date:
      - Wed, 04 Jan 2023 18:27:17 GMT
      expires:
      - '-1'
      pragma:
      - no-cache
      server:
      - Microsoft-HTTPAPI/2.0
      strict-transport-security:
      - max-age=31536000; includeSubDomains
      transfer-encoding:
      - chunked
      vary:
      - Accept-Encoding
      x-content-type-options:
      - nosniff
    status:
      code: 200
      message: OK
- request:
    body: '{"location": "westeurope", "properties": {"createMode": "PointInTimeRestore",
      "elasticPoolId": "/subscriptions/00000000-0000-0000-0000-000000000000/resourceGroups/clitest.rg000001/providers/Microsoft.Sql/servers/clitestserver000002/elasticPools/cliautomationpool1",
      "sourceDatabaseId": "/subscriptions/00000000-0000-0000-0000-000000000000/resourceGroups/clitest.rg000001/providers/Microsoft.Sql/servers/clitestserver000002/databases/cliautomationdb01",
      "restorePointInTime": "2023-01-04T18:17:25.000Z"}}'
    headers:
      Accept:
      - application/json
      Accept-Encoding:
      - gzip, deflate
      CommandName:
      - sql db restore
      Connection:
      - keep-alive
      Content-Length:
      - '503'
      Content-Type:
      - application/json
      ParameterSetName:
      - -g -s -n -t --dest-name --elastic-pool
      User-Agent:
      - AZURECLI/2.43.0 azsdk-python-mgmt-sql/4.0.0b6 Python/3.10.7 (Windows-10-10.0.17763-SP0)
    method: PUT
    uri: https://management.azure.com/subscriptions/00000000-0000-0000-0000-000000000000/resourceGroups/clitest.rg000001/providers/Microsoft.Sql/servers/clitestserver000002/databases/cliautomationdb01restore2?api-version=2022-05-01-preview
  response:
    body:
      string: '{"operation":"CreateRestoreRequest","startTime":"2023-01-04T18:27:19.4Z"}'
    headers:
      azure-asyncoperation:
      - https://management.azure.com/subscriptions/00000000-0000-0000-0000-000000000000/resourceGroups/clitest.rg000001/providers/Microsoft.Sql/locations/westeurope/databaseAzureAsyncOperation/c331af3e-4d3a-429e-9139-b3ab5bd1e2f7?api-version=2022-05-01-preview
      cache-control:
      - no-cache
      content-length:
      - '73'
      content-type:
      - application/json; charset=utf-8
      date:
      - Wed, 04 Jan 2023 18:27:18 GMT
      expires:
      - '-1'
      location:
      - https://management.azure.com/subscriptions/00000000-0000-0000-0000-000000000000/resourceGroups/clitest.rg000001/providers/Microsoft.Sql/locations/westeurope/databaseOperationResults/c331af3e-4d3a-429e-9139-b3ab5bd1e2f7?api-version=2022-05-01-preview
      pragma:
      - no-cache
      server:
      - Microsoft-HTTPAPI/2.0
      strict-transport-security:
      - max-age=31536000; includeSubDomains
      x-content-type-options:
      - nosniff
      x-ms-ratelimit-remaining-subscription-writes:
      - '1197'
    status:
      code: 202
      message: Accepted
- request:
    body: null
    headers:
      Accept:
      - '*/*'
      Accept-Encoding:
      - gzip, deflate
      CommandName:
      - sql db restore
      Connection:
      - keep-alive
      ParameterSetName:
      - -g -s -n -t --dest-name --elastic-pool
      User-Agent:
      - AZURECLI/2.43.0 azsdk-python-mgmt-sql/4.0.0b6 Python/3.10.7 (Windows-10-10.0.17763-SP0)
    method: GET
    uri: https://management.azure.com/subscriptions/00000000-0000-0000-0000-000000000000/resourceGroups/clitest.rg000001/providers/Microsoft.Sql/locations/westeurope/databaseAzureAsyncOperation/c331af3e-4d3a-429e-9139-b3ab5bd1e2f7?api-version=2022-05-01-preview
  response:
    body:
      string: '{"name":"c331af3e-4d3a-429e-9139-b3ab5bd1e2f7","status":"InProgress","startTime":"2023-01-04T18:27:19.4Z"}'
    headers:
      cache-control:
      - no-cache
      content-length:
      - '106'
      content-type:
      - application/json; charset=utf-8
      date:
      - Wed, 04 Jan 2023 18:27:34 GMT
      expires:
      - '-1'
      pragma:
      - no-cache
      server:
      - Microsoft-HTTPAPI/2.0
      strict-transport-security:
      - max-age=31536000; includeSubDomains
      transfer-encoding:
      - chunked
      vary:
      - Accept-Encoding
      x-content-type-options:
      - nosniff
    status:
      code: 200
      message: OK
- request:
    body: null
    headers:
      Accept:
      - '*/*'
      Accept-Encoding:
      - gzip, deflate
      CommandName:
      - sql db restore
      Connection:
      - keep-alive
      ParameterSetName:
      - -g -s -n -t --dest-name --elastic-pool
      User-Agent:
      - AZURECLI/2.43.0 azsdk-python-mgmt-sql/4.0.0b6 Python/3.10.7 (Windows-10-10.0.17763-SP0)
    method: GET
    uri: https://management.azure.com/subscriptions/00000000-0000-0000-0000-000000000000/resourceGroups/clitest.rg000001/providers/Microsoft.Sql/locations/westeurope/databaseAzureAsyncOperation/c331af3e-4d3a-429e-9139-b3ab5bd1e2f7?api-version=2022-05-01-preview
  response:
    body:
      string: '{"name":"c331af3e-4d3a-429e-9139-b3ab5bd1e2f7","status":"InProgress","startTime":"2023-01-04T18:27:19.4Z"}'
    headers:
      cache-control:
      - no-cache
      content-length:
      - '106'
      content-type:
      - application/json; charset=utf-8
      date:
      - Wed, 04 Jan 2023 18:27:49 GMT
      expires:
      - '-1'
      pragma:
      - no-cache
      server:
      - Microsoft-HTTPAPI/2.0
      strict-transport-security:
      - max-age=31536000; includeSubDomains
      transfer-encoding:
      - chunked
      vary:
      - Accept-Encoding
      x-content-type-options:
      - nosniff
    status:
      code: 200
      message: OK
- request:
    body: null
    headers:
      Accept:
      - '*/*'
      Accept-Encoding:
      - gzip, deflate
      CommandName:
      - sql db restore
      Connection:
      - keep-alive
      ParameterSetName:
      - -g -s -n -t --dest-name --elastic-pool
      User-Agent:
      - AZURECLI/2.43.0 azsdk-python-mgmt-sql/4.0.0b6 Python/3.10.7 (Windows-10-10.0.17763-SP0)
    method: GET
    uri: https://management.azure.com/subscriptions/00000000-0000-0000-0000-000000000000/resourceGroups/clitest.rg000001/providers/Microsoft.Sql/locations/westeurope/databaseAzureAsyncOperation/c331af3e-4d3a-429e-9139-b3ab5bd1e2f7?api-version=2022-05-01-preview
  response:
    body:
      string: '{"name":"c331af3e-4d3a-429e-9139-b3ab5bd1e2f7","status":"InProgress","startTime":"2023-01-04T18:27:19.4Z"}'
    headers:
      cache-control:
      - no-cache
      content-length:
      - '106'
      content-type:
      - application/json; charset=utf-8
      date:
      - Wed, 04 Jan 2023 18:28:04 GMT
      expires:
      - '-1'
      pragma:
      - no-cache
      server:
      - Microsoft-HTTPAPI/2.0
      strict-transport-security:
      - max-age=31536000; includeSubDomains
      transfer-encoding:
      - chunked
      vary:
      - Accept-Encoding
      x-content-type-options:
      - nosniff
    status:
      code: 200
      message: OK
- request:
    body: null
    headers:
      Accept:
      - '*/*'
      Accept-Encoding:
      - gzip, deflate
      CommandName:
      - sql db restore
      Connection:
      - keep-alive
      ParameterSetName:
      - -g -s -n -t --dest-name --elastic-pool
      User-Agent:
      - AZURECLI/2.43.0 azsdk-python-mgmt-sql/4.0.0b6 Python/3.10.7 (Windows-10-10.0.17763-SP0)
    method: GET
    uri: https://management.azure.com/subscriptions/00000000-0000-0000-0000-000000000000/resourceGroups/clitest.rg000001/providers/Microsoft.Sql/locations/westeurope/databaseAzureAsyncOperation/c331af3e-4d3a-429e-9139-b3ab5bd1e2f7?api-version=2022-05-01-preview
  response:
    body:
      string: '{"name":"c331af3e-4d3a-429e-9139-b3ab5bd1e2f7","status":"InProgress","startTime":"2023-01-04T18:27:19.4Z"}'
    headers:
      cache-control:
      - no-cache
      content-length:
      - '106'
      content-type:
      - application/json; charset=utf-8
      date:
      - Wed, 04 Jan 2023 18:28:19 GMT
      expires:
      - '-1'
      pragma:
      - no-cache
      server:
      - Microsoft-HTTPAPI/2.0
      strict-transport-security:
      - max-age=31536000; includeSubDomains
      transfer-encoding:
      - chunked
      vary:
      - Accept-Encoding
      x-content-type-options:
      - nosniff
    status:
      code: 200
      message: OK
- request:
    body: null
    headers:
      Accept:
      - '*/*'
      Accept-Encoding:
      - gzip, deflate
      CommandName:
      - sql db restore
      Connection:
      - keep-alive
      ParameterSetName:
      - -g -s -n -t --dest-name --elastic-pool
      User-Agent:
      - AZURECLI/2.43.0 azsdk-python-mgmt-sql/4.0.0b6 Python/3.10.7 (Windows-10-10.0.17763-SP0)
    method: GET
    uri: https://management.azure.com/subscriptions/00000000-0000-0000-0000-000000000000/resourceGroups/clitest.rg000001/providers/Microsoft.Sql/locations/westeurope/databaseAzureAsyncOperation/c331af3e-4d3a-429e-9139-b3ab5bd1e2f7?api-version=2022-05-01-preview
  response:
    body:
      string: '{"name":"c331af3e-4d3a-429e-9139-b3ab5bd1e2f7","status":"InProgress","startTime":"2023-01-04T18:27:19.4Z"}'
    headers:
      cache-control:
      - no-cache
      content-length:
      - '106'
      content-type:
      - application/json; charset=utf-8
      date:
      - Wed, 04 Jan 2023 18:28:34 GMT
      expires:
      - '-1'
      pragma:
      - no-cache
      server:
      - Microsoft-HTTPAPI/2.0
      strict-transport-security:
      - max-age=31536000; includeSubDomains
      transfer-encoding:
      - chunked
      vary:
      - Accept-Encoding
      x-content-type-options:
      - nosniff
    status:
      code: 200
      message: OK
- request:
    body: null
    headers:
      Accept:
      - '*/*'
      Accept-Encoding:
      - gzip, deflate
      CommandName:
      - sql db restore
      Connection:
      - keep-alive
      ParameterSetName:
      - -g -s -n -t --dest-name --elastic-pool
      User-Agent:
      - AZURECLI/2.43.0 azsdk-python-mgmt-sql/4.0.0b6 Python/3.10.7 (Windows-10-10.0.17763-SP0)
    method: GET
    uri: https://management.azure.com/subscriptions/00000000-0000-0000-0000-000000000000/resourceGroups/clitest.rg000001/providers/Microsoft.Sql/locations/westeurope/databaseAzureAsyncOperation/c331af3e-4d3a-429e-9139-b3ab5bd1e2f7?api-version=2022-05-01-preview
  response:
    body:
      string: '{"name":"c331af3e-4d3a-429e-9139-b3ab5bd1e2f7","status":"InProgress","startTime":"2023-01-04T18:27:19.4Z"}'
    headers:
      cache-control:
      - no-cache
      content-length:
      - '106'
      content-type:
      - application/json; charset=utf-8
      date:
      - Wed, 04 Jan 2023 18:28:49 GMT
      expires:
      - '-1'
      pragma:
      - no-cache
      server:
      - Microsoft-HTTPAPI/2.0
      strict-transport-security:
      - max-age=31536000; includeSubDomains
      transfer-encoding:
      - chunked
      vary:
      - Accept-Encoding
      x-content-type-options:
      - nosniff
    status:
      code: 200
      message: OK
- request:
    body: null
    headers:
      Accept:
      - '*/*'
      Accept-Encoding:
      - gzip, deflate
      CommandName:
      - sql db restore
      Connection:
      - keep-alive
      ParameterSetName:
      - -g -s -n -t --dest-name --elastic-pool
      User-Agent:
      - AZURECLI/2.43.0 azsdk-python-mgmt-sql/4.0.0b6 Python/3.10.7 (Windows-10-10.0.17763-SP0)
    method: GET
    uri: https://management.azure.com/subscriptions/00000000-0000-0000-0000-000000000000/resourceGroups/clitest.rg000001/providers/Microsoft.Sql/locations/westeurope/databaseAzureAsyncOperation/c331af3e-4d3a-429e-9139-b3ab5bd1e2f7?api-version=2022-05-01-preview
  response:
    body:
      string: '{"name":"c331af3e-4d3a-429e-9139-b3ab5bd1e2f7","status":"Succeeded","startTime":"2023-01-04T18:27:19.4Z"}'
    headers:
      cache-control:
      - no-cache
      content-length:
      - '105'
      content-type:
      - application/json; charset=utf-8
      date:
      - Wed, 04 Jan 2023 18:29:04 GMT
      expires:
      - '-1'
      pragma:
      - no-cache
      server:
      - Microsoft-HTTPAPI/2.0
      strict-transport-security:
      - max-age=31536000; includeSubDomains
      transfer-encoding:
      - chunked
      vary:
      - Accept-Encoding
      x-content-type-options:
      - nosniff
    status:
      code: 200
      message: OK
- request:
    body: null
    headers:
      Accept:
      - '*/*'
      Accept-Encoding:
      - gzip, deflate
      CommandName:
      - sql db restore
      Connection:
      - keep-alive
      ParameterSetName:
      - -g -s -n -t --dest-name --elastic-pool
      User-Agent:
      - AZURECLI/2.43.0 azsdk-python-mgmt-sql/4.0.0b6 Python/3.10.7 (Windows-10-10.0.17763-SP0)
    method: GET
    uri: https://management.azure.com/subscriptions/00000000-0000-0000-0000-000000000000/resourceGroups/clitest.rg000001/providers/Microsoft.Sql/servers/clitestserver000002/databases/cliautomationdb01restore2?api-version=2022-05-01-preview
  response:
    body:
      string: '{"sku":{"name":"ElasticPool","tier":"GeneralPurpose","capacity":0},"kind":"v12.0,user,vcore,pool","properties":{"collation":"SQL_Latin1_General_CP1_CI_AS","maxSizeBytes":34359738368,"elasticPoolId":"/subscriptions/00000000-0000-0000-0000-000000000000/resourceGroups/clitest.rg000001/providers/Microsoft.Sql/servers/clitestserver000002/elasticPools/cliautomationpool1","status":"Online","databaseId":"e6e8449f-bd1f-425e-8ecd-0aa0bb2e52e5","creationDate":"2023-01-04T18:28:32.437Z","currentServiceObjectiveName":"ElasticPool","requestedServiceObjectiveName":"ElasticPool","defaultSecondaryLocation":"northeurope","catalogCollation":"SQL_Latin1_General_CP1_CI_AS","zoneRedundant":false,"licenseType":"LicenseIncluded","maxLogSizeBytes":193273528320,"readScale":"Disabled","currentSku":{"name":"ElasticPool","tier":"GeneralPurpose","capacity":0},"currentBackupStorageRedundancy":"Geo","requestedBackupStorageRedundancy":"Geo","maintenanceConfigurationId":"/subscriptions/00000000-0000-0000-0000-000000000000/providers/Microsoft.Maintenance/publicMaintenanceConfigurations/SQL_Default","isLedgerOn":false,"isInfraEncryptionEnabled":false},"location":"westeurope","id":"/subscriptions/00000000-0000-0000-0000-000000000000/resourceGroups/clitest.rg000001/providers/Microsoft.Sql/servers/clitestserver000002/databases/cliautomationdb01restore2","name":"cliautomationdb01restore2","type":"Microsoft.Sql/servers/databases"}'
    headers:
      cache-control:
      - no-cache
      content-length:
      - '1413'
      content-type:
      - application/json; charset=utf-8
      date:
      - Wed, 04 Jan 2023 18:29:04 GMT
      expires:
      - '-1'
      pragma:
      - no-cache
      server:
      - Microsoft-HTTPAPI/2.0
      strict-transport-security:
      - max-age=31536000; includeSubDomains
      transfer-encoding:
      - chunked
      vary:
      - Accept-Encoding
      x-content-type-options:
      - nosniff
    status:
      code: 200
      message: OK
- request:
    body: null
    headers:
      Accept:
      - application/json
      Accept-Encoding:
      - gzip, deflate
      CommandName:
      - sql db show
      Connection:
      - keep-alive
      ParameterSetName:
      - -g -s -n
      User-Agent:
      - AZURECLI/2.43.0 azsdk-python-mgmt-sql/4.0.0b6 Python/3.10.7 (Windows-10-10.0.17763-SP0)
    method: GET
    uri: https://management.azure.com/subscriptions/00000000-0000-0000-0000-000000000000/resourceGroups/clitest.rg000001/providers/Microsoft.Sql/servers/clitestserver000002/databases/cliautomationdb01restore2?api-version=2022-05-01-preview
  response:
    body:
      string: '{"sku":{"name":"ElasticPool","tier":"GeneralPurpose","capacity":0},"kind":"v12.0,user,vcore,pool","properties":{"collation":"SQL_Latin1_General_CP1_CI_AS","maxSizeBytes":34359738368,"elasticPoolId":"/subscriptions/00000000-0000-0000-0000-000000000000/resourceGroups/clitest.rg000001/providers/Microsoft.Sql/servers/clitestserver000002/elasticPools/cliautomationpool1","status":"Online","databaseId":"e6e8449f-bd1f-425e-8ecd-0aa0bb2e52e5","creationDate":"2023-01-04T18:28:32.437Z","currentServiceObjectiveName":"ElasticPool","requestedServiceObjectiveName":"ElasticPool","defaultSecondaryLocation":"northeurope","catalogCollation":"SQL_Latin1_General_CP1_CI_AS","zoneRedundant":false,"licenseType":"LicenseIncluded","maxLogSizeBytes":193273528320,"readScale":"Disabled","currentSku":{"name":"ElasticPool","tier":"GeneralPurpose","capacity":0},"currentBackupStorageRedundancy":"Geo","requestedBackupStorageRedundancy":"Geo","maintenanceConfigurationId":"/subscriptions/00000000-0000-0000-0000-000000000000/providers/Microsoft.Maintenance/publicMaintenanceConfigurations/SQL_Default","isLedgerOn":false,"isInfraEncryptionEnabled":false},"location":"westeurope","id":"/subscriptions/00000000-0000-0000-0000-000000000000/resourceGroups/clitest.rg000001/providers/Microsoft.Sql/servers/clitestserver000002/databases/cliautomationdb01restore2","name":"cliautomationdb01restore2","type":"Microsoft.Sql/servers/databases"}'
    headers:
      cache-control:
      - no-cache
      content-length:
      - '1413'
      content-type:
      - application/json; charset=utf-8
      date:
      - Wed, 04 Jan 2023 18:29:05 GMT
      expires:
      - '-1'
      pragma:
      - no-cache
      server:
      - Microsoft-HTTPAPI/2.0
      strict-transport-security:
      - max-age=31536000; includeSubDomains
      transfer-encoding:
      - chunked
      vary:
      - Accept-Encoding
      x-content-type-options:
      - nosniff
    status:
      code: 200
      message: OK
- request:
    body: null
    headers:
      Accept:
      - application/json
      Accept-Encoding:
      - gzip, deflate
      CommandName:
      - sql db restore
      Connection:
      - keep-alive
      ParameterSetName:
      - -g -s -n -t --dest-name --backup-storage-redundancy
      User-Agent:
      - AZURECLI/2.43.0 azsdk-python-mgmt-sql/4.0.0b6 Python/3.10.7 (Windows-10-10.0.17763-SP0)
    method: GET
    uri: https://management.azure.com/subscriptions/00000000-0000-0000-0000-000000000000/resourceGroups/clitest.rg000001/providers/Microsoft.Sql/servers/clitestserver000002?api-version=2021-02-01-preview
  response:
    body:
      string: '{"kind":"v12.0","properties":{"administratorLogin":"admin123","version":"12.0","state":"Ready","fullyQualifiedDomainName":"clitestserver000002.database.windows.net","privateEndpointConnections":[],"publicNetworkAccess":"Enabled","restrictOutboundNetworkAccess":"Disabled"},"location":"westeurope","id":"/subscriptions/00000000-0000-0000-0000-000000000000/resourceGroups/clitest.rg000001/providers/Microsoft.Sql/servers/clitestserver000002","name":"clitestserver000002","type":"Microsoft.Sql/servers"}'
    headers:
      cache-control:
      - no-cache
      content-length:
      - '500'
      content-type:
      - application/json; charset=utf-8
      date:
      - Wed, 04 Jan 2023 18:29:05 GMT
      expires:
      - '-1'
      pragma:
      - no-cache
      server:
      - Microsoft-HTTPAPI/2.0
      strict-transport-security:
      - max-age=31536000; includeSubDomains
      transfer-encoding:
      - chunked
      vary:
      - Accept-Encoding
      x-content-type-options:
      - nosniff
    status:
      code: 200
      message: OK
- request:
    body: null
    headers:
      Accept:
      - application/json
      Accept-Encoding:
      - gzip, deflate
      CommandName:
      - sql db restore
      Connection:
      - keep-alive
      ParameterSetName:
      - -g -s -n -t --dest-name --backup-storage-redundancy
      User-Agent:
      - AZURECLI/2.43.0 azsdk-python-mgmt-sql/4.0.0b6 Python/3.10.7 (Windows-10-10.0.17763-SP0)
    method: GET
    uri: https://management.azure.com/subscriptions/00000000-0000-0000-0000-000000000000/resourceGroups/clitest.rg000001/providers/Microsoft.Sql/servers/clitestserver000002?api-version=2021-02-01-preview
  response:
    body:
      string: '{"kind":"v12.0","properties":{"administratorLogin":"admin123","version":"12.0","state":"Ready","fullyQualifiedDomainName":"clitestserver000002.database.windows.net","privateEndpointConnections":[],"publicNetworkAccess":"Enabled","restrictOutboundNetworkAccess":"Disabled"},"location":"westeurope","id":"/subscriptions/00000000-0000-0000-0000-000000000000/resourceGroups/clitest.rg000001/providers/Microsoft.Sql/servers/clitestserver000002","name":"clitestserver000002","type":"Microsoft.Sql/servers"}'
    headers:
      cache-control:
      - no-cache
      content-length:
      - '500'
      content-type:
      - application/json; charset=utf-8
      date:
      - Wed, 04 Jan 2023 18:29:05 GMT
      expires:
      - '-1'
      pragma:
      - no-cache
      server:
      - Microsoft-HTTPAPI/2.0
      strict-transport-security:
      - max-age=31536000; includeSubDomains
      transfer-encoding:
      - chunked
      vary:
      - Accept-Encoding
      x-content-type-options:
      - nosniff
    status:
      code: 200
      message: OK
- request:
    body: '{"location": "westeurope", "properties": {"createMode": "PointInTimeRestore",
      "sourceDatabaseId": "/subscriptions/00000000-0000-0000-0000-000000000000/resourceGroups/clitest.rg000001/providers/Microsoft.Sql/servers/clitestserver000002/databases/cliautomationdb01",
      "restorePointInTime": "2023-01-04T18:17:25.000Z", "requestedBackupStorageRedundancy":
      "Geo"}}'
    headers:
      Accept:
      - application/json
      Accept-Encoding:
      - gzip, deflate
      CommandName:
      - sql db restore
      Connection:
      - keep-alive
      Content-Length:
      - '358'
      Content-Type:
      - application/json
      ParameterSetName:
      - -g -s -n -t --dest-name --backup-storage-redundancy
      User-Agent:
      - AZURECLI/2.43.0 azsdk-python-mgmt-sql/4.0.0b6 Python/3.10.7 (Windows-10-10.0.17763-SP0)
    method: PUT
    uri: https://management.azure.com/subscriptions/00000000-0000-0000-0000-000000000000/resourceGroups/clitest.rg000001/providers/Microsoft.Sql/servers/clitestserver000002/databases/bsr_database?api-version=2022-05-01-preview
  response:
    body:
      string: '{"operation":"CreateRestoreRequest","startTime":"2023-01-04T18:29:07.813Z"}'
    headers:
      azure-asyncoperation:
      - https://management.azure.com/subscriptions/00000000-0000-0000-0000-000000000000/resourceGroups/clitest.rg000001/providers/Microsoft.Sql/locations/westeurope/databaseAzureAsyncOperation/aa3c958d-2eff-4706-a858-d6c22d442970?api-version=2022-05-01-preview
      cache-control:
      - no-cache
      content-length:
      - '75'
      content-type:
      - application/json; charset=utf-8
      date:
      - Wed, 04 Jan 2023 18:29:07 GMT
      expires:
      - '-1'
      location:
      - https://management.azure.com/subscriptions/00000000-0000-0000-0000-000000000000/resourceGroups/clitest.rg000001/providers/Microsoft.Sql/locations/westeurope/databaseOperationResults/aa3c958d-2eff-4706-a858-d6c22d442970?api-version=2022-05-01-preview
      pragma:
      - no-cache
      server:
      - Microsoft-HTTPAPI/2.0
      strict-transport-security:
      - max-age=31536000; includeSubDomains
      x-content-type-options:
      - nosniff
      x-ms-ratelimit-remaining-subscription-writes:
      - '1199'
    status:
      code: 202
      message: Accepted
- request:
    body: null
    headers:
      Accept:
      - '*/*'
      Accept-Encoding:
      - gzip, deflate
      CommandName:
      - sql db restore
      Connection:
      - keep-alive
      ParameterSetName:
      - -g -s -n -t --dest-name --backup-storage-redundancy
      User-Agent:
      - AZURECLI/2.43.0 azsdk-python-mgmt-sql/4.0.0b6 Python/3.10.7 (Windows-10-10.0.17763-SP0)
    method: GET
    uri: https://management.azure.com/subscriptions/00000000-0000-0000-0000-000000000000/resourceGroups/clitest.rg000001/providers/Microsoft.Sql/locations/westeurope/databaseAzureAsyncOperation/aa3c958d-2eff-4706-a858-d6c22d442970?api-version=2022-05-01-preview
  response:
    body:
      string: '{"name":"aa3c958d-2eff-4706-a858-d6c22d442970","status":"InProgress","startTime":"2023-01-04T18:29:07.813Z"}'
    headers:
      cache-control:
      - no-cache
      content-length:
      - '108'
      content-type:
      - application/json; charset=utf-8
      date:
      - Wed, 04 Jan 2023 18:29:22 GMT
      expires:
      - '-1'
      pragma:
      - no-cache
      server:
      - Microsoft-HTTPAPI/2.0
      strict-transport-security:
      - max-age=31536000; includeSubDomains
      transfer-encoding:
      - chunked
      vary:
      - Accept-Encoding
      x-content-type-options:
      - nosniff
    status:
      code: 200
      message: OK
- request:
    body: null
    headers:
      Accept:
      - '*/*'
      Accept-Encoding:
      - gzip, deflate
      CommandName:
      - sql db restore
      Connection:
      - keep-alive
      ParameterSetName:
      - -g -s -n -t --dest-name --backup-storage-redundancy
      User-Agent:
      - AZURECLI/2.43.0 azsdk-python-mgmt-sql/4.0.0b6 Python/3.10.7 (Windows-10-10.0.17763-SP0)
    method: GET
    uri: https://management.azure.com/subscriptions/00000000-0000-0000-0000-000000000000/resourceGroups/clitest.rg000001/providers/Microsoft.Sql/locations/westeurope/databaseAzureAsyncOperation/aa3c958d-2eff-4706-a858-d6c22d442970?api-version=2022-05-01-preview
  response:
    body:
      string: '{"name":"aa3c958d-2eff-4706-a858-d6c22d442970","status":"InProgress","startTime":"2023-01-04T18:29:07.813Z"}'
    headers:
      cache-control:
      - no-cache
      content-length:
      - '108'
      content-type:
      - application/json; charset=utf-8
      date:
      - Wed, 04 Jan 2023 18:29:37 GMT
      expires:
      - '-1'
      pragma:
      - no-cache
      server:
      - Microsoft-HTTPAPI/2.0
      strict-transport-security:
      - max-age=31536000; includeSubDomains
      transfer-encoding:
      - chunked
      vary:
      - Accept-Encoding
      x-content-type-options:
      - nosniff
    status:
      code: 200
      message: OK
- request:
    body: null
    headers:
      Accept:
      - '*/*'
      Accept-Encoding:
      - gzip, deflate
      CommandName:
      - sql db restore
      Connection:
      - keep-alive
      ParameterSetName:
      - -g -s -n -t --dest-name --backup-storage-redundancy
      User-Agent:
      - AZURECLI/2.43.0 azsdk-python-mgmt-sql/4.0.0b6 Python/3.10.7 (Windows-10-10.0.17763-SP0)
    method: GET
    uri: https://management.azure.com/subscriptions/00000000-0000-0000-0000-000000000000/resourceGroups/clitest.rg000001/providers/Microsoft.Sql/locations/westeurope/databaseAzureAsyncOperation/aa3c958d-2eff-4706-a858-d6c22d442970?api-version=2022-05-01-preview
  response:
    body:
      string: '{"name":"aa3c958d-2eff-4706-a858-d6c22d442970","status":"InProgress","startTime":"2023-01-04T18:29:07.813Z"}'
    headers:
      cache-control:
      - no-cache
      content-length:
      - '108'
      content-type:
      - application/json; charset=utf-8
      date:
      - Wed, 04 Jan 2023 18:29:53 GMT
      expires:
      - '-1'
      pragma:
      - no-cache
      server:
      - Microsoft-HTTPAPI/2.0
      strict-transport-security:
      - max-age=31536000; includeSubDomains
      transfer-encoding:
      - chunked
      vary:
      - Accept-Encoding
      x-content-type-options:
      - nosniff
    status:
      code: 200
      message: OK
- request:
    body: null
    headers:
      Accept:
      - '*/*'
      Accept-Encoding:
      - gzip, deflate
      CommandName:
      - sql db restore
      Connection:
      - keep-alive
      ParameterSetName:
      - -g -s -n -t --dest-name --backup-storage-redundancy
      User-Agent:
      - AZURECLI/2.43.0 azsdk-python-mgmt-sql/4.0.0b6 Python/3.10.7 (Windows-10-10.0.17763-SP0)
    method: GET
    uri: https://management.azure.com/subscriptions/00000000-0000-0000-0000-000000000000/resourceGroups/clitest.rg000001/providers/Microsoft.Sql/locations/westeurope/databaseAzureAsyncOperation/aa3c958d-2eff-4706-a858-d6c22d442970?api-version=2022-05-01-preview
  response:
    body:
      string: '{"name":"aa3c958d-2eff-4706-a858-d6c22d442970","status":"InProgress","startTime":"2023-01-04T18:29:07.813Z"}'
    headers:
      cache-control:
      - no-cache
      content-length:
      - '108'
      content-type:
      - application/json; charset=utf-8
      date:
      - Wed, 04 Jan 2023 18:30:09 GMT
      expires:
      - '-1'
      pragma:
      - no-cache
      server:
      - Microsoft-HTTPAPI/2.0
      strict-transport-security:
      - max-age=31536000; includeSubDomains
      transfer-encoding:
      - chunked
      vary:
      - Accept-Encoding
      x-content-type-options:
      - nosniff
    status:
      code: 200
      message: OK
- request:
    body: null
    headers:
      Accept:
      - '*/*'
      Accept-Encoding:
      - gzip, deflate
      CommandName:
      - sql db restore
      Connection:
      - keep-alive
      ParameterSetName:
      - -g -s -n -t --dest-name --backup-storage-redundancy
      User-Agent:
      - AZURECLI/2.43.0 azsdk-python-mgmt-sql/4.0.0b6 Python/3.10.7 (Windows-10-10.0.17763-SP0)
    method: GET
    uri: https://management.azure.com/subscriptions/00000000-0000-0000-0000-000000000000/resourceGroups/clitest.rg000001/providers/Microsoft.Sql/locations/westeurope/databaseAzureAsyncOperation/aa3c958d-2eff-4706-a858-d6c22d442970?api-version=2022-05-01-preview
  response:
    body:
      string: '{"name":"aa3c958d-2eff-4706-a858-d6c22d442970","status":"InProgress","startTime":"2023-01-04T18:29:07.813Z"}'
    headers:
      cache-control:
      - no-cache
      content-length:
      - '108'
      content-type:
      - application/json; charset=utf-8
      date:
      - Wed, 04 Jan 2023 18:30:24 GMT
      expires:
      - '-1'
      pragma:
      - no-cache
      server:
      - Microsoft-HTTPAPI/2.0
      strict-transport-security:
      - max-age=31536000; includeSubDomains
      transfer-encoding:
      - chunked
      vary:
      - Accept-Encoding
      x-content-type-options:
      - nosniff
    status:
      code: 200
      message: OK
- request:
    body: null
    headers:
      Accept:
      - '*/*'
      Accept-Encoding:
      - gzip, deflate
      CommandName:
      - sql db restore
      Connection:
      - keep-alive
      ParameterSetName:
      - -g -s -n -t --dest-name --backup-storage-redundancy
      User-Agent:
      - AZURECLI/2.43.0 azsdk-python-mgmt-sql/4.0.0b6 Python/3.10.7 (Windows-10-10.0.17763-SP0)
    method: GET
    uri: https://management.azure.com/subscriptions/00000000-0000-0000-0000-000000000000/resourceGroups/clitest.rg000001/providers/Microsoft.Sql/locations/westeurope/databaseAzureAsyncOperation/aa3c958d-2eff-4706-a858-d6c22d442970?api-version=2022-05-01-preview
  response:
    body:
      string: '{"name":"aa3c958d-2eff-4706-a858-d6c22d442970","status":"InProgress","startTime":"2023-01-04T18:29:07.813Z"}'
    headers:
      cache-control:
      - no-cache
      content-length:
      - '108'
      content-type:
      - application/json; charset=utf-8
      date:
      - Wed, 04 Jan 2023 18:30:38 GMT
      expires:
      - '-1'
      pragma:
      - no-cache
      server:
      - Microsoft-HTTPAPI/2.0
      strict-transport-security:
      - max-age=31536000; includeSubDomains
      transfer-encoding:
      - chunked
      vary:
      - Accept-Encoding
      x-content-type-options:
      - nosniff
    status:
      code: 200
      message: OK
- request:
    body: null
    headers:
      Accept:
      - '*/*'
      Accept-Encoding:
      - gzip, deflate
      CommandName:
      - sql db restore
      Connection:
      - keep-alive
      ParameterSetName:
      - -g -s -n -t --dest-name --backup-storage-redundancy
      User-Agent:
      - AZURECLI/2.43.0 azsdk-python-mgmt-sql/4.0.0b6 Python/3.10.7 (Windows-10-10.0.17763-SP0)
    method: GET
    uri: https://management.azure.com/subscriptions/00000000-0000-0000-0000-000000000000/resourceGroups/clitest.rg000001/providers/Microsoft.Sql/locations/westeurope/databaseAzureAsyncOperation/aa3c958d-2eff-4706-a858-d6c22d442970?api-version=2022-05-01-preview
  response:
    body:
      string: '{"name":"aa3c958d-2eff-4706-a858-d6c22d442970","status":"InProgress","startTime":"2023-01-04T18:29:07.813Z"}'
    headers:
      cache-control:
      - no-cache
      content-length:
      - '108'
      content-type:
      - application/json; charset=utf-8
      date:
      - Wed, 04 Jan 2023 18:30:53 GMT
      expires:
      - '-1'
      pragma:
      - no-cache
      server:
      - Microsoft-HTTPAPI/2.0
      strict-transport-security:
      - max-age=31536000; includeSubDomains
      transfer-encoding:
      - chunked
      vary:
      - Accept-Encoding
      x-content-type-options:
      - nosniff
    status:
      code: 200
      message: OK
- request:
    body: null
    headers:
      Accept:
      - '*/*'
      Accept-Encoding:
      - gzip, deflate
      CommandName:
      - sql db restore
      Connection:
      - keep-alive
      ParameterSetName:
      - -g -s -n -t --dest-name --backup-storage-redundancy
      User-Agent:
      - AZURECLI/2.43.0 azsdk-python-mgmt-sql/4.0.0b6 Python/3.10.7 (Windows-10-10.0.17763-SP0)
    method: GET
    uri: https://management.azure.com/subscriptions/00000000-0000-0000-0000-000000000000/resourceGroups/clitest.rg000001/providers/Microsoft.Sql/locations/westeurope/databaseAzureAsyncOperation/aa3c958d-2eff-4706-a858-d6c22d442970?api-version=2022-05-01-preview
  response:
    body:
      string: '{"name":"aa3c958d-2eff-4706-a858-d6c22d442970","status":"InProgress","startTime":"2023-01-04T18:29:07.813Z"}'
    headers:
      cache-control:
      - no-cache
      content-length:
      - '108'
      content-type:
      - application/json; charset=utf-8
      date:
      - Wed, 04 Jan 2023 18:31:09 GMT
      expires:
      - '-1'
      pragma:
      - no-cache
      server:
      - Microsoft-HTTPAPI/2.0
      strict-transport-security:
      - max-age=31536000; includeSubDomains
      transfer-encoding:
      - chunked
      vary:
      - Accept-Encoding
      x-content-type-options:
      - nosniff
    status:
      code: 200
      message: OK
- request:
    body: null
    headers:
      Accept:
      - '*/*'
      Accept-Encoding:
      - gzip, deflate
      CommandName:
      - sql db restore
      Connection:
      - keep-alive
      ParameterSetName:
      - -g -s -n -t --dest-name --backup-storage-redundancy
      User-Agent:
      - AZURECLI/2.43.0 azsdk-python-mgmt-sql/4.0.0b6 Python/3.10.7 (Windows-10-10.0.17763-SP0)
    method: GET
    uri: https://management.azure.com/subscriptions/00000000-0000-0000-0000-000000000000/resourceGroups/clitest.rg000001/providers/Microsoft.Sql/locations/westeurope/databaseAzureAsyncOperation/aa3c958d-2eff-4706-a858-d6c22d442970?api-version=2022-05-01-preview
  response:
    body:
      string: '{"name":"aa3c958d-2eff-4706-a858-d6c22d442970","status":"InProgress","startTime":"2023-01-04T18:29:07.813Z"}'
    headers:
      cache-control:
      - no-cache
      content-length:
      - '108'
      content-type:
      - application/json; charset=utf-8
      date:
      - Wed, 04 Jan 2023 18:31:24 GMT
      expires:
      - '-1'
      pragma:
      - no-cache
      server:
      - Microsoft-HTTPAPI/2.0
      strict-transport-security:
      - max-age=31536000; includeSubDomains
      transfer-encoding:
      - chunked
      vary:
      - Accept-Encoding
      x-content-type-options:
      - nosniff
    status:
      code: 200
      message: OK
- request:
    body: null
    headers:
      Accept:
      - '*/*'
      Accept-Encoding:
      - gzip, deflate
      CommandName:
      - sql db restore
      Connection:
      - keep-alive
      ParameterSetName:
      - -g -s -n -t --dest-name --backup-storage-redundancy
      User-Agent:
      - AZURECLI/2.43.0 azsdk-python-mgmt-sql/4.0.0b6 Python/3.10.7 (Windows-10-10.0.17763-SP0)
    method: GET
    uri: https://management.azure.com/subscriptions/00000000-0000-0000-0000-000000000000/resourceGroups/clitest.rg000001/providers/Microsoft.Sql/locations/westeurope/databaseAzureAsyncOperation/aa3c958d-2eff-4706-a858-d6c22d442970?api-version=2022-05-01-preview
  response:
    body:
      string: '{"name":"aa3c958d-2eff-4706-a858-d6c22d442970","status":"InProgress","startTime":"2023-01-04T18:29:07.813Z"}'
    headers:
      cache-control:
      - no-cache
      content-length:
      - '108'
      content-type:
      - application/json; charset=utf-8
      date:
      - Wed, 04 Jan 2023 18:31:39 GMT
      expires:
      - '-1'
      pragma:
      - no-cache
      server:
      - Microsoft-HTTPAPI/2.0
      strict-transport-security:
      - max-age=31536000; includeSubDomains
      transfer-encoding:
      - chunked
      vary:
      - Accept-Encoding
      x-content-type-options:
      - nosniff
    status:
      code: 200
      message: OK
- request:
    body: null
    headers:
      Accept:
      - '*/*'
      Accept-Encoding:
      - gzip, deflate
      CommandName:
      - sql db restore
      Connection:
      - keep-alive
      ParameterSetName:
      - -g -s -n -t --dest-name --backup-storage-redundancy
      User-Agent:
      - AZURECLI/2.43.0 azsdk-python-mgmt-sql/4.0.0b6 Python/3.10.7 (Windows-10-10.0.17763-SP0)
    method: GET
    uri: https://management.azure.com/subscriptions/00000000-0000-0000-0000-000000000000/resourceGroups/clitest.rg000001/providers/Microsoft.Sql/locations/westeurope/databaseAzureAsyncOperation/aa3c958d-2eff-4706-a858-d6c22d442970?api-version=2022-05-01-preview
  response:
    body:
      string: '{"name":"aa3c958d-2eff-4706-a858-d6c22d442970","status":"InProgress","startTime":"2023-01-04T18:29:07.813Z"}'
    headers:
      cache-control:
      - no-cache
      content-length:
      - '108'
      content-type:
      - application/json; charset=utf-8
      date:
      - Wed, 04 Jan 2023 18:31:54 GMT
      expires:
      - '-1'
      pragma:
      - no-cache
      server:
      - Microsoft-HTTPAPI/2.0
      strict-transport-security:
      - max-age=31536000; includeSubDomains
      transfer-encoding:
      - chunked
      vary:
      - Accept-Encoding
      x-content-type-options:
      - nosniff
    status:
      code: 200
      message: OK
- request:
    body: null
    headers:
      Accept:
      - '*/*'
      Accept-Encoding:
      - gzip, deflate
      CommandName:
      - sql db restore
      Connection:
      - keep-alive
      ParameterSetName:
      - -g -s -n -t --dest-name --backup-storage-redundancy
      User-Agent:
      - AZURECLI/2.43.0 azsdk-python-mgmt-sql/4.0.0b6 Python/3.10.7 (Windows-10-10.0.17763-SP0)
    method: GET
    uri: https://management.azure.com/subscriptions/00000000-0000-0000-0000-000000000000/resourceGroups/clitest.rg000001/providers/Microsoft.Sql/locations/westeurope/databaseAzureAsyncOperation/aa3c958d-2eff-4706-a858-d6c22d442970?api-version=2022-05-01-preview
  response:
    body:
      string: '{"name":"aa3c958d-2eff-4706-a858-d6c22d442970","status":"InProgress","startTime":"2023-01-04T18:29:07.813Z"}'
    headers:
      cache-control:
      - no-cache
      content-length:
      - '108'
      content-type:
      - application/json; charset=utf-8
      date:
      - Wed, 04 Jan 2023 18:32:10 GMT
      expires:
      - '-1'
      pragma:
      - no-cache
      server:
      - Microsoft-HTTPAPI/2.0
      strict-transport-security:
      - max-age=31536000; includeSubDomains
      transfer-encoding:
      - chunked
      vary:
      - Accept-Encoding
      x-content-type-options:
      - nosniff
    status:
      code: 200
      message: OK
- request:
    body: null
    headers:
      Accept:
      - '*/*'
      Accept-Encoding:
      - gzip, deflate
      CommandName:
      - sql db restore
      Connection:
      - keep-alive
      ParameterSetName:
      - -g -s -n -t --dest-name --backup-storage-redundancy
      User-Agent:
      - AZURECLI/2.43.0 azsdk-python-mgmt-sql/4.0.0b6 Python/3.10.7 (Windows-10-10.0.17763-SP0)
    method: GET
    uri: https://management.azure.com/subscriptions/00000000-0000-0000-0000-000000000000/resourceGroups/clitest.rg000001/providers/Microsoft.Sql/locations/westeurope/databaseAzureAsyncOperation/aa3c958d-2eff-4706-a858-d6c22d442970?api-version=2022-05-01-preview
  response:
    body:
      string: '{"name":"aa3c958d-2eff-4706-a858-d6c22d442970","status":"InProgress","startTime":"2023-01-04T18:29:07.813Z"}'
    headers:
      cache-control:
      - no-cache
      content-length:
      - '108'
      content-type:
      - application/json; charset=utf-8
      date:
      - Wed, 04 Jan 2023 18:32:25 GMT
      expires:
      - '-1'
      pragma:
      - no-cache
      server:
      - Microsoft-HTTPAPI/2.0
      strict-transport-security:
      - max-age=31536000; includeSubDomains
      transfer-encoding:
      - chunked
      vary:
      - Accept-Encoding
      x-content-type-options:
      - nosniff
    status:
      code: 200
      message: OK
- request:
    body: null
    headers:
      Accept:
      - '*/*'
      Accept-Encoding:
      - gzip, deflate
      CommandName:
      - sql db restore
      Connection:
      - keep-alive
      ParameterSetName:
      - -g -s -n -t --dest-name --backup-storage-redundancy
      User-Agent:
      - AZURECLI/2.43.0 azsdk-python-mgmt-sql/4.0.0b6 Python/3.10.7 (Windows-10-10.0.17763-SP0)
    method: GET
    uri: https://management.azure.com/subscriptions/00000000-0000-0000-0000-000000000000/resourceGroups/clitest.rg000001/providers/Microsoft.Sql/locations/westeurope/databaseAzureAsyncOperation/aa3c958d-2eff-4706-a858-d6c22d442970?api-version=2022-05-01-preview
  response:
    body:
      string: '{"name":"aa3c958d-2eff-4706-a858-d6c22d442970","status":"InProgress","startTime":"2023-01-04T18:29:07.813Z"}'
    headers:
      cache-control:
      - no-cache
      content-length:
      - '108'
      content-type:
      - application/json; charset=utf-8
      date:
      - Wed, 04 Jan 2023 18:32:39 GMT
      expires:
      - '-1'
      pragma:
      - no-cache
      server:
      - Microsoft-HTTPAPI/2.0
      strict-transport-security:
      - max-age=31536000; includeSubDomains
      transfer-encoding:
      - chunked
      vary:
      - Accept-Encoding
      x-content-type-options:
      - nosniff
    status:
      code: 200
      message: OK
- request:
    body: null
    headers:
      Accept:
      - '*/*'
      Accept-Encoding:
      - gzip, deflate
      CommandName:
      - sql db restore
      Connection:
      - keep-alive
      ParameterSetName:
      - -g -s -n -t --dest-name --backup-storage-redundancy
      User-Agent:
      - AZURECLI/2.43.0 azsdk-python-mgmt-sql/4.0.0b6 Python/3.10.7 (Windows-10-10.0.17763-SP0)
    method: GET
    uri: https://management.azure.com/subscriptions/00000000-0000-0000-0000-000000000000/resourceGroups/clitest.rg000001/providers/Microsoft.Sql/locations/westeurope/databaseAzureAsyncOperation/aa3c958d-2eff-4706-a858-d6c22d442970?api-version=2022-05-01-preview
  response:
    body:
      string: '{"name":"aa3c958d-2eff-4706-a858-d6c22d442970","status":"InProgress","startTime":"2023-01-04T18:29:07.813Z"}'
    headers:
      cache-control:
      - no-cache
      content-length:
      - '108'
      content-type:
      - application/json; charset=utf-8
      date:
      - Wed, 04 Jan 2023 18:32:54 GMT
      expires:
      - '-1'
      pragma:
      - no-cache
      server:
      - Microsoft-HTTPAPI/2.0
      strict-transport-security:
      - max-age=31536000; includeSubDomains
      transfer-encoding:
      - chunked
      vary:
      - Accept-Encoding
      x-content-type-options:
      - nosniff
    status:
      code: 200
      message: OK
- request:
    body: null
    headers:
      Accept:
      - '*/*'
      Accept-Encoding:
      - gzip, deflate
      CommandName:
      - sql db restore
      Connection:
      - keep-alive
      ParameterSetName:
      - -g -s -n -t --dest-name --backup-storage-redundancy
      User-Agent:
      - AZURECLI/2.43.0 azsdk-python-mgmt-sql/4.0.0b6 Python/3.10.7 (Windows-10-10.0.17763-SP0)
    method: GET
    uri: https://management.azure.com/subscriptions/00000000-0000-0000-0000-000000000000/resourceGroups/clitest.rg000001/providers/Microsoft.Sql/locations/westeurope/databaseAzureAsyncOperation/aa3c958d-2eff-4706-a858-d6c22d442970?api-version=2022-05-01-preview
  response:
    body:
      string: '{"name":"aa3c958d-2eff-4706-a858-d6c22d442970","status":"InProgress","startTime":"2023-01-04T18:29:07.813Z"}'
    headers:
      cache-control:
      - no-cache
      content-length:
      - '108'
      content-type:
      - application/json; charset=utf-8
      date:
      - Wed, 04 Jan 2023 18:33:10 GMT
      expires:
      - '-1'
      pragma:
      - no-cache
      server:
      - Microsoft-HTTPAPI/2.0
      strict-transport-security:
      - max-age=31536000; includeSubDomains
      transfer-encoding:
      - chunked
      vary:
      - Accept-Encoding
      x-content-type-options:
      - nosniff
    status:
      code: 200
      message: OK
- request:
    body: null
    headers:
      Accept:
      - '*/*'
      Accept-Encoding:
      - gzip, deflate
      CommandName:
      - sql db restore
      Connection:
      - keep-alive
      ParameterSetName:
      - -g -s -n -t --dest-name --backup-storage-redundancy
      User-Agent:
      - AZURECLI/2.43.0 azsdk-python-mgmt-sql/4.0.0b6 Python/3.10.7 (Windows-10-10.0.17763-SP0)
    method: GET
    uri: https://management.azure.com/subscriptions/00000000-0000-0000-0000-000000000000/resourceGroups/clitest.rg000001/providers/Microsoft.Sql/locations/westeurope/databaseAzureAsyncOperation/aa3c958d-2eff-4706-a858-d6c22d442970?api-version=2022-05-01-preview
  response:
    body:
      string: '{"name":"aa3c958d-2eff-4706-a858-d6c22d442970","status":"InProgress","startTime":"2023-01-04T18:29:07.813Z"}'
    headers:
      cache-control:
      - no-cache
      content-length:
      - '108'
      content-type:
      - application/json; charset=utf-8
      date:
      - Wed, 04 Jan 2023 18:33:25 GMT
      expires:
      - '-1'
      pragma:
      - no-cache
      server:
      - Microsoft-HTTPAPI/2.0
      strict-transport-security:
      - max-age=31536000; includeSubDomains
      transfer-encoding:
      - chunked
      vary:
      - Accept-Encoding
      x-content-type-options:
      - nosniff
    status:
      code: 200
      message: OK
- request:
    body: null
    headers:
      Accept:
      - '*/*'
      Accept-Encoding:
      - gzip, deflate
      CommandName:
      - sql db restore
      Connection:
      - keep-alive
      ParameterSetName:
      - -g -s -n -t --dest-name --backup-storage-redundancy
      User-Agent:
      - AZURECLI/2.43.0 azsdk-python-mgmt-sql/4.0.0b6 Python/3.10.7 (Windows-10-10.0.17763-SP0)
    method: GET
    uri: https://management.azure.com/subscriptions/00000000-0000-0000-0000-000000000000/resourceGroups/clitest.rg000001/providers/Microsoft.Sql/locations/westeurope/databaseAzureAsyncOperation/aa3c958d-2eff-4706-a858-d6c22d442970?api-version=2022-05-01-preview
  response:
    body:
      string: '{"name":"aa3c958d-2eff-4706-a858-d6c22d442970","status":"Succeeded","startTime":"2023-01-04T18:29:07.813Z"}'
    headers:
      cache-control:
      - no-cache
      content-length:
      - '107'
      content-type:
      - application/json; charset=utf-8
      date:
      - Wed, 04 Jan 2023 18:33:40 GMT
      expires:
      - '-1'
      pragma:
      - no-cache
      server:
      - Microsoft-HTTPAPI/2.0
      strict-transport-security:
      - max-age=31536000; includeSubDomains
      transfer-encoding:
      - chunked
      vary:
      - Accept-Encoding
      x-content-type-options:
      - nosniff
    status:
      code: 200
      message: OK
- request:
    body: null
    headers:
      Accept:
      - '*/*'
      Accept-Encoding:
      - gzip, deflate
      CommandName:
      - sql db restore
      Connection:
      - keep-alive
      ParameterSetName:
      - -g -s -n -t --dest-name --backup-storage-redundancy
      User-Agent:
      - AZURECLI/2.43.0 azsdk-python-mgmt-sql/4.0.0b6 Python/3.10.7 (Windows-10-10.0.17763-SP0)
    method: GET
    uri: https://management.azure.com/subscriptions/00000000-0000-0000-0000-000000000000/resourceGroups/clitest.rg000001/providers/Microsoft.Sql/servers/clitestserver000002/databases/bsr_database?api-version=2022-05-01-preview
  response:
    body:
      string: '{"sku":{"name":"GP_Gen5","tier":"GeneralPurpose","family":"Gen5","capacity":2},"kind":"v12.0,user,vcore","properties":{"collation":"SQL_Latin1_General_CP1_CI_AS","maxSizeBytes":34359738368,"status":"Online","databaseId":"10a457f7-bb05-4ed5-afff-126e3df15889","creationDate":"2023-01-04T18:33:02.853Z","currentServiceObjectiveName":"GP_Gen5_2","requestedServiceObjectiveName":"GP_Gen5_2","defaultSecondaryLocation":"northeurope","catalogCollation":"SQL_Latin1_General_CP1_CI_AS","zoneRedundant":false,"licenseType":"LicenseIncluded","maxLogSizeBytes":193273528320,"readScale":"Disabled","currentSku":{"name":"GP_Gen5","tier":"GeneralPurpose","family":"Gen5","capacity":2},"currentBackupStorageRedundancy":"Geo","requestedBackupStorageRedundancy":"Geo","maintenanceConfigurationId":"/subscriptions/00000000-0000-0000-0000-000000000000/providers/Microsoft.Maintenance/publicMaintenanceConfigurations/SQL_Default","isLedgerOn":false,"isInfraEncryptionEnabled":false},"location":"westeurope","id":"/subscriptions/00000000-0000-0000-0000-000000000000/resourceGroups/clitest.rg000001/providers/Microsoft.Sql/servers/clitestserver000002/databases/bsr_database","name":"bsr_database","type":"Microsoft.Sql/servers/databases"}'
    headers:
      cache-control:
      - no-cache
      content-length:
      - '1216'
      content-type:
      - application/json; charset=utf-8
      date:
      - Wed, 04 Jan 2023 18:33:40 GMT
      expires:
      - '-1'
      pragma:
      - no-cache
      server:
      - Microsoft-HTTPAPI/2.0
      strict-transport-security:
      - max-age=31536000; includeSubDomains
      transfer-encoding:
      - chunked
      vary:
      - Accept-Encoding
      x-content-type-options:
      - nosniff
    status:
      code: 200
      message: OK
version: 1