interactions:
- request:
    body: '{"location": "westeurope", "properties": {"administratorLoginPassword":
      "SecretPassword123", "administratorLogin": "admin123"}}'
    headers:
      Accept:
      - application/json
      Accept-Encoding:
      - gzip, deflate
      CommandName:
      - sql server create
      Connection:
      - keep-alive
      Content-Length:
      - '127'
      Content-Type:
      - application/json; charset=utf-8
      ParameterSetName:
      - -l -g -n -u -p
      User-Agent:
      - python/3.5.3 (Windows-2012ServerR2-6.3.9600-SP0) msrest/0.6.11 msrest_azure/0.6.2
        azure-mgmt-sql/0.17.0 Azure-SDK-For-Python AZURECLI/2.1.0
      accept-language:
      - en-US
    method: PUT
    uri: https://management.azure.com/subscriptions/00000000-0000-0000-0000-000000000000/resourceGroups/clitest.rg000001/providers/Microsoft.Sql/servers/clitestserver000002?api-version=2019-06-01-preview
  response:
    body:
      string: '{"operation":"UpsertLogicalServer","startTime":"2020-03-04T20:18:33.767Z"}'
    headers:
      azure-asyncoperation:
      - https://management.azure.com/subscriptions/00000000-0000-0000-0000-000000000000/resourceGroups/clitest.rg000001/providers/Microsoft.Sql/locations/westeurope/serverAzureAsyncOperation/9ee5876f-918b-4be6-a15e-0af183740403?api-version=2019-06-01-preview
      cache-control:
      - no-cache
      content-length:
      - '74'
      content-type:
      - application/json; charset=utf-8
      date:
      - Wed, 04 Mar 2020 20:18:33 GMT
      expires:
      - '-1'
      location:
      - https://management.azure.com/subscriptions/00000000-0000-0000-0000-000000000000/resourceGroups/clitest.rg000001/providers/Microsoft.Sql/locations/westeurope/serverOperationResults/9ee5876f-918b-4be6-a15e-0af183740403?api-version=2019-06-01-preview
      pragma:
      - no-cache
      server:
      - Microsoft-HTTPAPI/2.0
      strict-transport-security:
      - max-age=31536000; includeSubDomains
      x-content-type-options:
      - nosniff
      x-ms-ratelimit-remaining-subscription-writes:
      - '1197'
    status:
      code: 202
      message: Accepted
- request:
    body: null
    headers:
      Accept:
      - application/json
      Accept-Encoding:
      - gzip, deflate
      CommandName:
      - sql server create
      Connection:
      - keep-alive
      ParameterSetName:
      - -l -g -n -u -p
      User-Agent:
      - python/3.5.3 (Windows-2012ServerR2-6.3.9600-SP0) msrest/0.6.11 msrest_azure/0.6.2
        azure-mgmt-sql/0.17.0 Azure-SDK-For-Python AZURECLI/2.1.0
    method: GET
    uri: https://management.azure.com/subscriptions/00000000-0000-0000-0000-000000000000/resourceGroups/clitest.rg000001/providers/Microsoft.Sql/locations/westeurope/serverAzureAsyncOperation/9ee5876f-918b-4be6-a15e-0af183740403?api-version=2019-06-01-preview
  response:
    body:
      string: '{"name":"9ee5876f-918b-4be6-a15e-0af183740403","status":"InProgress","startTime":"2020-03-04T20:18:33.767Z"}'
    headers:
      cache-control:
      - no-cache
      content-length:
      - '108'
      content-type:
      - application/json; charset=utf-8
      date:
      - Wed, 04 Mar 2020 20:18:34 GMT
      expires:
      - '-1'
      pragma:
      - no-cache
      server:
      - Microsoft-HTTPAPI/2.0
      strict-transport-security:
      - max-age=31536000; includeSubDomains
      transfer-encoding:
      - chunked
      vary:
      - Accept-Encoding
      x-content-type-options:
      - nosniff
    status:
      code: 200
      message: OK
- request:
    body: null
    headers:
      Accept:
      - application/json
      Accept-Encoding:
      - gzip, deflate
      CommandName:
      - sql server create
      Connection:
      - keep-alive
      ParameterSetName:
      - -l -g -n -u -p
      User-Agent:
      - python/3.5.3 (Windows-2012ServerR2-6.3.9600-SP0) msrest/0.6.11 msrest_azure/0.6.2
        azure-mgmt-sql/0.17.0 Azure-SDK-For-Python AZURECLI/2.1.0
    method: GET
    uri: https://management.azure.com/subscriptions/00000000-0000-0000-0000-000000000000/resourceGroups/clitest.rg000001/providers/Microsoft.Sql/locations/westeurope/serverAzureAsyncOperation/9ee5876f-918b-4be6-a15e-0af183740403?api-version=2019-06-01-preview
  response:
    body:
      string: '{"name":"9ee5876f-918b-4be6-a15e-0af183740403","status":"InProgress","startTime":"2020-03-04T20:18:33.767Z"}'
    headers:
      cache-control:
      - no-cache
      content-length:
      - '108'
      content-type:
      - application/json; charset=utf-8
      date:
      - Wed, 04 Mar 2020 20:18:36 GMT
      expires:
      - '-1'
      pragma:
      - no-cache
      server:
      - Microsoft-HTTPAPI/2.0
      strict-transport-security:
      - max-age=31536000; includeSubDomains
      transfer-encoding:
      - chunked
      vary:
      - Accept-Encoding
      x-content-type-options:
      - nosniff
    status:
      code: 200
      message: OK
- request:
    body: null
    headers:
      Accept:
      - application/json
      Accept-Encoding:
      - gzip, deflate
      CommandName:
      - sql server create
      Connection:
      - keep-alive
      ParameterSetName:
      - -l -g -n -u -p
      User-Agent:
      - python/3.5.3 (Windows-2012ServerR2-6.3.9600-SP0) msrest/0.6.11 msrest_azure/0.6.2
        azure-mgmt-sql/0.17.0 Azure-SDK-For-Python AZURECLI/2.1.0
    method: GET
    uri: https://management.azure.com/subscriptions/00000000-0000-0000-0000-000000000000/resourceGroups/clitest.rg000001/providers/Microsoft.Sql/locations/westeurope/serverAzureAsyncOperation/9ee5876f-918b-4be6-a15e-0af183740403?api-version=2019-06-01-preview
  response:
    body:
      string: '{"name":"9ee5876f-918b-4be6-a15e-0af183740403","status":"InProgress","startTime":"2020-03-04T20:18:33.767Z"}'
    headers:
      cache-control:
      - no-cache
      content-length:
      - '108'
      content-type:
      - application/json; charset=utf-8
      date:
      - Wed, 04 Mar 2020 20:18:37 GMT
      expires:
      - '-1'
      pragma:
      - no-cache
      server:
      - Microsoft-HTTPAPI/2.0
      strict-transport-security:
      - max-age=31536000; includeSubDomains
      transfer-encoding:
      - chunked
      vary:
      - Accept-Encoding
      x-content-type-options:
      - nosniff
    status:
      code: 200
      message: OK
- request:
    body: null
    headers:
      Accept:
      - application/json
      Accept-Encoding:
      - gzip, deflate
      CommandName:
      - sql server create
      Connection:
      - keep-alive
      ParameterSetName:
      - -l -g -n -u -p
      User-Agent:
      - python/3.5.3 (Windows-2012ServerR2-6.3.9600-SP0) msrest/0.6.11 msrest_azure/0.6.2
        azure-mgmt-sql/0.17.0 Azure-SDK-For-Python AZURECLI/2.1.0
    method: GET
    uri: https://management.azure.com/subscriptions/00000000-0000-0000-0000-000000000000/resourceGroups/clitest.rg000001/providers/Microsoft.Sql/locations/westeurope/serverAzureAsyncOperation/9ee5876f-918b-4be6-a15e-0af183740403?api-version=2019-06-01-preview
  response:
    body:
      string: '{"name":"9ee5876f-918b-4be6-a15e-0af183740403","status":"InProgress","startTime":"2020-03-04T20:18:33.767Z"}'
    headers:
      cache-control:
      - no-cache
      content-length:
      - '108'
      content-type:
      - application/json; charset=utf-8
      date:
      - Wed, 04 Mar 2020 20:18:38 GMT
      expires:
      - '-1'
      pragma:
      - no-cache
      server:
      - Microsoft-HTTPAPI/2.0
      strict-transport-security:
      - max-age=31536000; includeSubDomains
      transfer-encoding:
      - chunked
      vary:
      - Accept-Encoding
      x-content-type-options:
      - nosniff
    status:
      code: 200
      message: OK
- request:
    body: null
    headers:
      Accept:
      - application/json
      Accept-Encoding:
      - gzip, deflate
      CommandName:
      - sql server create
      Connection:
      - keep-alive
      ParameterSetName:
      - -l -g -n -u -p
      User-Agent:
      - python/3.5.3 (Windows-2012ServerR2-6.3.9600-SP0) msrest/0.6.11 msrest_azure/0.6.2
        azure-mgmt-sql/0.17.0 Azure-SDK-For-Python AZURECLI/2.1.0
    method: GET
    uri: https://management.azure.com/subscriptions/00000000-0000-0000-0000-000000000000/resourceGroups/clitest.rg000001/providers/Microsoft.Sql/locations/westeurope/serverAzureAsyncOperation/9ee5876f-918b-4be6-a15e-0af183740403?api-version=2019-06-01-preview
  response:
    body:
      string: '{"name":"9ee5876f-918b-4be6-a15e-0af183740403","status":"InProgress","startTime":"2020-03-04T20:18:33.767Z"}'
    headers:
      cache-control:
      - no-cache
      content-length:
      - '108'
      content-type:
      - application/json; charset=utf-8
      date:
      - Wed, 04 Mar 2020 20:18:58 GMT
      expires:
      - '-1'
      pragma:
      - no-cache
      server:
      - Microsoft-HTTPAPI/2.0
      strict-transport-security:
      - max-age=31536000; includeSubDomains
      transfer-encoding:
      - chunked
      vary:
      - Accept-Encoding
      x-content-type-options:
      - nosniff
    status:
      code: 200
      message: OK
- request:
    body: null
    headers:
      Accept:
      - application/json
      Accept-Encoding:
      - gzip, deflate
      CommandName:
      - sql server create
      Connection:
      - keep-alive
      ParameterSetName:
      - -l -g -n -u -p
      User-Agent:
      - python/3.5.3 (Windows-2012ServerR2-6.3.9600-SP0) msrest/0.6.11 msrest_azure/0.6.2
        azure-mgmt-sql/0.17.0 Azure-SDK-For-Python AZURECLI/2.1.0
    method: GET
    uri: https://management.azure.com/subscriptions/00000000-0000-0000-0000-000000000000/resourceGroups/clitest.rg000001/providers/Microsoft.Sql/locations/westeurope/serverAzureAsyncOperation/9ee5876f-918b-4be6-a15e-0af183740403?api-version=2019-06-01-preview
  response:
    body:
      string: '{"name":"9ee5876f-918b-4be6-a15e-0af183740403","status":"Succeeded","startTime":"2020-03-04T20:18:33.767Z"}'
    headers:
      cache-control:
      - no-cache
      content-length:
      - '107'
      content-type:
      - application/json; charset=utf-8
      date:
      - Wed, 04 Mar 2020 20:19:18 GMT
      expires:
      - '-1'
      pragma:
      - no-cache
      server:
      - Microsoft-HTTPAPI/2.0
      strict-transport-security:
      - max-age=31536000; includeSubDomains
      transfer-encoding:
      - chunked
      vary:
      - Accept-Encoding
      x-content-type-options:
      - nosniff
    status:
      code: 200
      message: OK
- request:
    body: null
    headers:
      Accept:
      - application/json
      Accept-Encoding:
      - gzip, deflate
      CommandName:
      - sql server create
      Connection:
      - keep-alive
      ParameterSetName:
      - -l -g -n -u -p
      User-Agent:
      - python/3.5.3 (Windows-2012ServerR2-6.3.9600-SP0) msrest/0.6.11 msrest_azure/0.6.2
        azure-mgmt-sql/0.17.0 Azure-SDK-For-Python AZURECLI/2.1.0
    method: GET
    uri: https://management.azure.com/subscriptions/00000000-0000-0000-0000-000000000000/resourceGroups/clitest.rg000001/providers/Microsoft.Sql/servers/clitestserver000002?api-version=2019-06-01-preview
  response:
    body:
      string: '{"kind":"v12.0","properties":{"administratorLogin":"admin123","version":"12.0","state":"Ready","fullyQualifiedDomainName":"clitestserver000002.database.windows.net","privateEndpointConnections":[],"publicNetworkAccess":"Enabled"},"location":"westeurope","id":"/subscriptions/00000000-0000-0000-0000-000000000000/resourceGroups/clitest.rg000001/providers/Microsoft.Sql/servers/clitestserver000002","name":"clitestserver000002","type":"Microsoft.Sql/servers"}'
    headers:
      cache-control:
      - no-cache
      content-length:
      - '645'
      content-type:
      - application/json; charset=utf-8
      date:
      - Wed, 04 Mar 2020 20:19:18 GMT
      expires:
      - '-1'
      pragma:
      - no-cache
      server:
      - Microsoft-HTTPAPI/2.0
      strict-transport-security:
      - max-age=31536000; includeSubDomains
      transfer-encoding:
      - chunked
      vary:
      - Accept-Encoding
      x-content-type-options:
      - nosniff
    status:
      code: 200
      message: OK
- request:
    body: '{"properties": {"endIpAddress": "0.0.0.0", "startIpAddress": "0.0.0.0"}}'
    headers:
      Accept:
      - application/json
      Accept-Encoding:
      - gzip, deflate
      CommandName:
      - sql server firewall-rule create
      Connection:
      - keep-alive
      Content-Length:
      - '72'
      Content-Type:
      - application/json; charset=utf-8
      ParameterSetName:
      - --name -g --server --start-ip-address --end-ip-address
      User-Agent:
      - python/3.5.3 (Windows-2012ServerR2-6.3.9600-SP0) msrest/0.6.11 msrest_azure/0.6.2
        azure-mgmt-sql/0.17.0 Azure-SDK-For-Python AZURECLI/2.1.0
      accept-language:
      - en-US
    method: PUT
    uri: https://management.azure.com/subscriptions/00000000-0000-0000-0000-000000000000/resourceGroups/clitest.rg000001/providers/Microsoft.Sql/servers/clitestserver000002/firewallRules/allowAllIps?api-version=2014-04-01
  response:
    body:
      string: '{"id":"/subscriptions/00000000-0000-0000-0000-000000000000/resourceGroups/clitest.rg000001/providers/Microsoft.Sql/servers/clitestserver000002/firewallRules/allowAllIps","name":"allowAllIps","type":"Microsoft.Sql/servers/firewallRules","location":"West
        Europe","kind":"v12.0","properties":{"startIpAddress":"0.0.0.0","endIpAddress":"0.0.0.0"}}'
    headers:
      cache-control:
      - no-store, no-cache
      content-length:
      - '445'
      content-type:
      - application/json; odata=minimalmetadata; streaming=true; charset=utf-8
      dataserviceversion:
      - 3.0;
      date:
      - Wed, 04 Mar 2020 20:19:44 GMT
      preference-applied:
      - return-content
      server:
      - Microsoft-HTTPAPI/2.0
      strict-transport-security:
      - max-age=31536000; includeSubDomains
      x-content-type-options:
      - nosniff
      x-ms-ratelimit-remaining-subscription-writes:
      - '1196'
    status:
      code: 201
      message: Created
- request:
    body: null
    headers:
      Accept:
      - application/json
      Accept-Encoding:
      - gzip, deflate
      CommandName:
      - sql db create
      Connection:
      - keep-alive
      ParameterSetName:
      - -g --server --name
      User-Agent:
      - python/3.5.3 (Windows-2012ServerR2-6.3.9600-SP0) msrest/0.6.11 msrest_azure/0.6.2
        azure-mgmt-sql/0.17.0 Azure-SDK-For-Python AZURECLI/2.1.0
      accept-language:
      - en-US
    method: GET
    uri: https://management.azure.com/subscriptions/00000000-0000-0000-0000-000000000000/resourceGroups/clitest.rg000001/providers/Microsoft.Sql/servers/clitestserver000002?api-version=2019-06-01-preview
  response:
    body:
      string: '{"kind":"v12.0","properties":{"administratorLogin":"admin123","version":"12.0","state":"Ready","fullyQualifiedDomainName":"clitestserver000002.database.windows.net","privateEndpointConnections":[],"publicNetworkAccess":"Enabled"},"location":"westeurope","id":"/subscriptions/00000000-0000-0000-0000-000000000000/resourceGroups/clitest.rg000001/providers/Microsoft.Sql/servers/clitestserver000002","name":"clitestserver000002","type":"Microsoft.Sql/servers"}'
    headers:
      cache-control:
      - no-cache
      content-length:
      - '645'
      content-type:
      - application/json; charset=utf-8
      date:
      - Wed, 04 Mar 2020 20:19:45 GMT
      expires:
      - '-1'
      pragma:
      - no-cache
      server:
      - Microsoft-HTTPAPI/2.0
      strict-transport-security:
      - max-age=31536000; includeSubDomains
      transfer-encoding:
      - chunked
      vary:
      - Accept-Encoding
      x-content-type-options:
      - nosniff
    status:
      code: 200
      message: OK
- request:
    body: '{"location": "westeurope"}'
    headers:
      Accept:
      - application/json
      Accept-Encoding:
      - gzip, deflate
      CommandName:
      - sql db create
      Connection:
      - keep-alive
      Content-Length:
      - '26'
      Content-Type:
      - application/json; charset=utf-8
      ParameterSetName:
      - -g --server --name
      User-Agent:
      - python/3.5.3 (Windows-2012ServerR2-6.3.9600-SP0) msrest/0.6.11 msrest_azure/0.6.2
        azure-mgmt-sql/0.17.0 Azure-SDK-For-Python AZURECLI/2.1.0
      accept-language:
      - en-US
    method: PUT
    uri: https://management.azure.com/subscriptions/00000000-0000-0000-0000-000000000000/resourceGroups/clitest.rg000001/providers/Microsoft.Sql/servers/clitestserver000002/databases/cliautomationdb01?api-version=2017-10-01-preview
  response:
    body:
      string: '{"operation":"CreateLogicalDatabase","startTime":"2020-03-04T20:19:51.12Z"}'
    headers:
      azure-asyncoperation:
      - https://management.azure.com/subscriptions/00000000-0000-0000-0000-000000000000/resourceGroups/clitest.rg000001/providers/Microsoft.Sql/locations/westeurope/databaseAzureAsyncOperation/80dced8c-6af0-48a9-977e-12ec008fd49e?api-version=2017-10-01-preview
      cache-control:
      - no-cache
      content-length:
      - '75'
      content-type:
      - application/json; charset=utf-8
      date:
      - Wed, 04 Mar 2020 20:19:51 GMT
      expires:
      - '-1'
      location:
      - https://management.azure.com/subscriptions/00000000-0000-0000-0000-000000000000/resourceGroups/clitest.rg000001/providers/Microsoft.Sql/locations/westeurope/databaseOperationResults/80dced8c-6af0-48a9-977e-12ec008fd49e?api-version=2017-10-01-preview
      pragma:
      - no-cache
      server:
      - Microsoft-HTTPAPI/2.0
      strict-transport-security:
      - max-age=31536000; includeSubDomains
      x-content-type-options:
      - nosniff
      x-ms-ratelimit-remaining-subscription-writes:
      - '1199'
    status:
      code: 202
      message: Accepted
- request:
    body: null
    headers:
      Accept:
      - application/json
      Accept-Encoding:
      - gzip, deflate
      CommandName:
      - sql db create
      Connection:
      - keep-alive
      ParameterSetName:
      - -g --server --name
      User-Agent:
      - python/3.5.3 (Windows-2012ServerR2-6.3.9600-SP0) msrest/0.6.11 msrest_azure/0.6.2
        azure-mgmt-sql/0.17.0 Azure-SDK-For-Python AZURECLI/2.1.0
    method: GET
    uri: https://management.azure.com/subscriptions/00000000-0000-0000-0000-000000000000/resourceGroups/clitest.rg000001/providers/Microsoft.Sql/locations/westeurope/databaseAzureAsyncOperation/80dced8c-6af0-48a9-977e-12ec008fd49e?api-version=2017-10-01-preview
  response:
    body:
      string: '{"name":"80dced8c-6af0-48a9-977e-12ec008fd49e","status":"InProgress","startTime":"2020-03-04T20:19:51.12Z"}'
    headers:
      cache-control:
      - no-cache
      content-length:
      - '107'
      content-type:
      - application/json; charset=utf-8
      date:
      - Wed, 04 Mar 2020 20:20:07 GMT
      expires:
      - '-1'
      pragma:
      - no-cache
      server:
      - Microsoft-HTTPAPI/2.0
      strict-transport-security:
      - max-age=31536000; includeSubDomains
      transfer-encoding:
      - chunked
      vary:
      - Accept-Encoding
      x-content-type-options:
      - nosniff
    status:
      code: 200
      message: OK
- request:
    body: null
    headers:
      Accept:
      - application/json
      Accept-Encoding:
      - gzip, deflate
      CommandName:
      - sql db create
      Connection:
      - keep-alive
      ParameterSetName:
      - -g --server --name
      User-Agent:
      - python/3.5.3 (Windows-2012ServerR2-6.3.9600-SP0) msrest/0.6.11 msrest_azure/0.6.2
        azure-mgmt-sql/0.17.0 Azure-SDK-For-Python AZURECLI/2.1.0
    method: GET
    uri: https://management.azure.com/subscriptions/00000000-0000-0000-0000-000000000000/resourceGroups/clitest.rg000001/providers/Microsoft.Sql/locations/westeurope/databaseAzureAsyncOperation/80dced8c-6af0-48a9-977e-12ec008fd49e?api-version=2017-10-01-preview
  response:
    body:
      string: '{"name":"80dced8c-6af0-48a9-977e-12ec008fd49e","status":"InProgress","startTime":"2020-03-04T20:19:51.12Z"}'
    headers:
      cache-control:
      - no-cache
      content-length:
      - '107'
      content-type:
      - application/json; charset=utf-8
      date:
      - Wed, 04 Mar 2020 20:20:22 GMT
      expires:
      - '-1'
      pragma:
      - no-cache
      server:
      - Microsoft-HTTPAPI/2.0
      strict-transport-security:
      - max-age=31536000; includeSubDomains
      transfer-encoding:
      - chunked
      vary:
      - Accept-Encoding
      x-content-type-options:
      - nosniff
    status:
      code: 200
      message: OK
- request:
    body: null
    headers:
      Accept:
      - application/json
      Accept-Encoding:
      - gzip, deflate
      CommandName:
      - sql db create
      Connection:
      - keep-alive
      ParameterSetName:
      - -g --server --name
      User-Agent:
      - python/3.5.3 (Windows-2012ServerR2-6.3.9600-SP0) msrest/0.6.11 msrest_azure/0.6.2
        azure-mgmt-sql/0.17.0 Azure-SDK-For-Python AZURECLI/2.1.0
    method: GET
    uri: https://management.azure.com/subscriptions/00000000-0000-0000-0000-000000000000/resourceGroups/clitest.rg000001/providers/Microsoft.Sql/locations/westeurope/databaseAzureAsyncOperation/80dced8c-6af0-48a9-977e-12ec008fd49e?api-version=2017-10-01-preview
  response:
    body:
      string: '{"name":"80dced8c-6af0-48a9-977e-12ec008fd49e","status":"Succeeded","startTime":"2020-03-04T20:19:51.12Z"}'
    headers:
      cache-control:
      - no-cache
      content-length:
      - '106'
      content-type:
      - application/json; charset=utf-8
      date:
      - Wed, 04 Mar 2020 20:20:37 GMT
      expires:
      - '-1'
      pragma:
      - no-cache
      server:
      - Microsoft-HTTPAPI/2.0
      strict-transport-security:
      - max-age=31536000; includeSubDomains
      transfer-encoding:
      - chunked
      vary:
      - Accept-Encoding
      x-content-type-options:
      - nosniff
    status:
      code: 200
      message: OK
- request:
    body: null
    headers:
      Accept:
      - application/json
      Accept-Encoding:
      - gzip, deflate
      CommandName:
      - sql db create
      Connection:
      - keep-alive
      ParameterSetName:
      - -g --server --name
      User-Agent:
      - python/3.5.3 (Windows-2012ServerR2-6.3.9600-SP0) msrest/0.6.11 msrest_azure/0.6.2
        azure-mgmt-sql/0.17.0 Azure-SDK-For-Python AZURECLI/2.1.0
    method: GET
    uri: https://management.azure.com/subscriptions/00000000-0000-0000-0000-000000000000/resourceGroups/clitest.rg000001/providers/Microsoft.Sql/servers/clitestserver000002/databases/cliautomationdb01?api-version=2017-10-01-preview
  response:
    body:
      string: '{"sku":{"name":"GP_Gen5","tier":"GeneralPurpose","family":"Gen5","capacity":2},"kind":"v12.0,user,vcore","properties":{"collation":"SQL_Latin1_General_CP1_CI_AS","maxSizeBytes":34359738368,"status":"Online","databaseId":"52cfbb4e-22f3-44ce-8138-226a8dddee44","creationDate":"2020-03-04T20:20:31.887Z","currentServiceObjectiveName":"GP_Gen5_2","requestedServiceObjectiveName":"GP_Gen5_2","defaultSecondaryLocation":"northeurope","catalogCollation":"SQL_Latin1_General_CP1_CI_AS","zoneRedundant":false,"licenseType":"LicenseIncluded","maxLogSizeBytes":10307502080,"earliestRestoreDate":"2020-03-04T20:50:31.887Z","readScale":"Disabled","readReplicaCount":0,"currentSku":{"name":"GP_Gen5","tier":"GeneralPurpose","family":"Gen5","capacity":2}},"location":"westeurope","id":"/subscriptions/00000000-0000-0000-0000-000000000000/resourceGroups/clitest.rg000001/providers/Microsoft.Sql/servers/clitestserver000002/databases/cliautomationdb01","name":"cliautomationdb01","type":"Microsoft.Sql/servers/databases"}'
    headers:
      cache-control:
      - no-cache
      content-length:
      - '1106'
      content-type:
      - application/json; charset=utf-8
      date:
      - Wed, 04 Mar 2020 20:20:38 GMT
      expires:
      - '-1'
      pragma:
      - no-cache
      server:
      - Microsoft-HTTPAPI/2.0
      strict-transport-security:
      - max-age=31536000; includeSubDomains
      transfer-encoding:
      - chunked
      vary:
      - Accept-Encoding
      x-content-type-options:
      - nosniff
    status:
      code: 200
      message: OK
- request:
    body: null
    headers:
      Accept:
      - application/json
      Accept-Encoding:
      - gzip, deflate
      CommandName:
      - sql db create
      Connection:
      - keep-alive
      ParameterSetName:
      - -g --server --name
      User-Agent:
      - python/3.5.3 (Windows-2012ServerR2-6.3.9600-SP0) msrest/0.6.11 msrest_azure/0.6.2
        azure-mgmt-sql/0.17.0 Azure-SDK-For-Python AZURECLI/2.1.0
      accept-language:
      - en-US
    method: GET
    uri: https://management.azure.com/subscriptions/00000000-0000-0000-0000-000000000000/resourceGroups/clitest.rg000001/providers/Microsoft.Sql/servers/clitestserver000002?api-version=2019-06-01-preview
  response:
    body:
      string: '{"kind":"v12.0","properties":{"administratorLogin":"admin123","version":"12.0","state":"Ready","fullyQualifiedDomainName":"clitestserver000002.database.windows.net","privateEndpointConnections":[],"publicNetworkAccess":"Enabled"},"location":"westeurope","id":"/subscriptions/00000000-0000-0000-0000-000000000000/resourceGroups/clitest.rg000001/providers/Microsoft.Sql/servers/clitestserver000002","name":"clitestserver000002","type":"Microsoft.Sql/servers"}'
    headers:
      cache-control:
      - no-cache
      content-length:
      - '645'
      content-type:
      - application/json; charset=utf-8
      date:
      - Wed, 04 Mar 2020 20:20:39 GMT
      expires:
      - '-1'
      pragma:
      - no-cache
      server:
      - Microsoft-HTTPAPI/2.0
      strict-transport-security:
      - max-age=31536000; includeSubDomains
      transfer-encoding:
      - chunked
      vary:
      - Accept-Encoding
      x-content-type-options:
      - nosniff
    status:
      code: 200
      message: OK
- request:
    body: '{"location": "westeurope"}'
    headers:
      Accept:
      - application/json
      Accept-Encoding:
      - gzip, deflate
      CommandName:
      - sql db create
      Connection:
      - keep-alive
      Content-Length:
      - '26'
      Content-Type:
      - application/json; charset=utf-8
      ParameterSetName:
      - -g --server --name
      User-Agent:
      - python/3.5.3 (Windows-2012ServerR2-6.3.9600-SP0) msrest/0.6.11 msrest_azure/0.6.2
        azure-mgmt-sql/0.17.0 Azure-SDK-For-Python AZURECLI/2.1.0
      accept-language:
      - en-US
    method: PUT
    uri: https://management.azure.com/subscriptions/00000000-0000-0000-0000-000000000000/resourceGroups/clitest.rg000001/providers/Microsoft.Sql/servers/clitestserver000002/databases/cliautomationdb02?api-version=2017-10-01-preview
  response:
    body:
      string: '{"operation":"CreateLogicalDatabase","startTime":"2020-03-04T20:20:44.15Z"}'
    headers:
      azure-asyncoperation:
      - https://management.azure.com/subscriptions/00000000-0000-0000-0000-000000000000/resourceGroups/clitest.rg000001/providers/Microsoft.Sql/locations/westeurope/databaseAzureAsyncOperation/2b9ba47f-2257-4271-927b-f21ceba73ad8?api-version=2017-10-01-preview
      cache-control:
      - no-cache
      content-length:
      - '75'
      content-type:
      - application/json; charset=utf-8
      date:
      - Wed, 04 Mar 2020 20:20:44 GMT
      expires:
      - '-1'
      location:
      - https://management.azure.com/subscriptions/00000000-0000-0000-0000-000000000000/resourceGroups/clitest.rg000001/providers/Microsoft.Sql/locations/westeurope/databaseOperationResults/2b9ba47f-2257-4271-927b-f21ceba73ad8?api-version=2017-10-01-preview
      pragma:
      - no-cache
      server:
      - Microsoft-HTTPAPI/2.0
      strict-transport-security:
      - max-age=31536000; includeSubDomains
      x-content-type-options:
      - nosniff
      x-ms-ratelimit-remaining-subscription-writes:
      - '1198'
    status:
      code: 202
      message: Accepted
- request:
    body: null
    headers:
      Accept:
      - application/json
      Accept-Encoding:
      - gzip, deflate
      CommandName:
      - sql db create
      Connection:
      - keep-alive
      ParameterSetName:
      - -g --server --name
      User-Agent:
      - python/3.5.3 (Windows-2012ServerR2-6.3.9600-SP0) msrest/0.6.11 msrest_azure/0.6.2
        azure-mgmt-sql/0.17.0 Azure-SDK-For-Python AZURECLI/2.1.0
    method: GET
    uri: https://management.azure.com/subscriptions/00000000-0000-0000-0000-000000000000/resourceGroups/clitest.rg000001/providers/Microsoft.Sql/locations/westeurope/databaseAzureAsyncOperation/2b9ba47f-2257-4271-927b-f21ceba73ad8?api-version=2017-10-01-preview
  response:
    body:
      string: '{"name":"2b9ba47f-2257-4271-927b-f21ceba73ad8","status":"InProgress","startTime":"2020-03-04T20:20:44.15Z"}'
    headers:
      cache-control:
      - no-cache
      content-length:
      - '107'
      content-type:
      - application/json; charset=utf-8
      date:
      - Wed, 04 Mar 2020 20:20:59 GMT
      expires:
      - '-1'
      pragma:
      - no-cache
      server:
      - Microsoft-HTTPAPI/2.0
      strict-transport-security:
      - max-age=31536000; includeSubDomains
      transfer-encoding:
      - chunked
      vary:
      - Accept-Encoding
      x-content-type-options:
      - nosniff
    status:
      code: 200
      message: OK
- request:
    body: null
    headers:
      Accept:
      - application/json
      Accept-Encoding:
      - gzip, deflate
      CommandName:
      - sql db create
      Connection:
      - keep-alive
      ParameterSetName:
      - -g --server --name
      User-Agent:
      - python/3.5.3 (Windows-2012ServerR2-6.3.9600-SP0) msrest/0.6.11 msrest_azure/0.6.2
        azure-mgmt-sql/0.17.0 Azure-SDK-For-Python AZURECLI/2.1.0
    method: GET
    uri: https://management.azure.com/subscriptions/00000000-0000-0000-0000-000000000000/resourceGroups/clitest.rg000001/providers/Microsoft.Sql/locations/westeurope/databaseAzureAsyncOperation/2b9ba47f-2257-4271-927b-f21ceba73ad8?api-version=2017-10-01-preview
  response:
    body:
      string: '{"name":"2b9ba47f-2257-4271-927b-f21ceba73ad8","status":"InProgress","startTime":"2020-03-04T20:20:44.15Z"}'
    headers:
      cache-control:
      - no-cache
      content-length:
      - '107'
      content-type:
      - application/json; charset=utf-8
      date:
      - Wed, 04 Mar 2020 20:21:14 GMT
      expires:
      - '-1'
      pragma:
      - no-cache
      server:
      - Microsoft-HTTPAPI/2.0
      strict-transport-security:
      - max-age=31536000; includeSubDomains
      transfer-encoding:
      - chunked
      vary:
      - Accept-Encoding
      x-content-type-options:
      - nosniff
    status:
      code: 200
      message: OK
- request:
    body: null
    headers:
      Accept:
      - application/json
      Accept-Encoding:
      - gzip, deflate
      CommandName:
      - sql db create
      Connection:
      - keep-alive
      ParameterSetName:
      - -g --server --name
      User-Agent:
      - python/3.5.3 (Windows-2012ServerR2-6.3.9600-SP0) msrest/0.6.11 msrest_azure/0.6.2
        azure-mgmt-sql/0.17.0 Azure-SDK-For-Python AZURECLI/2.1.0
    method: GET
    uri: https://management.azure.com/subscriptions/00000000-0000-0000-0000-000000000000/resourceGroups/clitest.rg000001/providers/Microsoft.Sql/locations/westeurope/databaseAzureAsyncOperation/2b9ba47f-2257-4271-927b-f21ceba73ad8?api-version=2017-10-01-preview
  response:
    body:
      string: '{"name":"2b9ba47f-2257-4271-927b-f21ceba73ad8","status":"Succeeded","startTime":"2020-03-04T20:20:44.15Z"}'
    headers:
      cache-control:
      - no-cache
      content-length:
      - '106'
      content-type:
      - application/json; charset=utf-8
      date:
      - Wed, 04 Mar 2020 20:21:30 GMT
      expires:
      - '-1'
      pragma:
      - no-cache
      server:
      - Microsoft-HTTPAPI/2.0
      strict-transport-security:
      - max-age=31536000; includeSubDomains
      transfer-encoding:
      - chunked
      vary:
      - Accept-Encoding
      x-content-type-options:
      - nosniff
    status:
      code: 200
      message: OK
- request:
    body: null
    headers:
      Accept:
      - application/json
      Accept-Encoding:
      - gzip, deflate
      CommandName:
      - sql db create
      Connection:
      - keep-alive
      ParameterSetName:
      - -g --server --name
      User-Agent:
      - python/3.5.3 (Windows-2012ServerR2-6.3.9600-SP0) msrest/0.6.11 msrest_azure/0.6.2
        azure-mgmt-sql/0.17.0 Azure-SDK-For-Python AZURECLI/2.1.0
    method: GET
    uri: https://management.azure.com/subscriptions/00000000-0000-0000-0000-000000000000/resourceGroups/clitest.rg000001/providers/Microsoft.Sql/servers/clitestserver000002/databases/cliautomationdb02?api-version=2017-10-01-preview
  response:
    body:
      string: '{"sku":{"name":"GP_Gen5","tier":"GeneralPurpose","family":"Gen5","capacity":2},"kind":"v12.0,user,vcore","properties":{"collation":"SQL_Latin1_General_CP1_CI_AS","maxSizeBytes":34359738368,"status":"Online","databaseId":"f6e1b6e9-2a80-4595-afa3-36d61a6d4518","creationDate":"2020-03-04T20:21:19.917Z","currentServiceObjectiveName":"GP_Gen5_2","requestedServiceObjectiveName":"GP_Gen5_2","defaultSecondaryLocation":"northeurope","catalogCollation":"SQL_Latin1_General_CP1_CI_AS","zoneRedundant":false,"licenseType":"LicenseIncluded","maxLogSizeBytes":10307502080,"earliestRestoreDate":"2020-03-04T20:51:19.917Z","readScale":"Disabled","readReplicaCount":0,"currentSku":{"name":"GP_Gen5","tier":"GeneralPurpose","family":"Gen5","capacity":2}},"location":"westeurope","id":"/subscriptions/00000000-0000-0000-0000-000000000000/resourceGroups/clitest.rg000001/providers/Microsoft.Sql/servers/clitestserver000002/databases/cliautomationdb02","name":"cliautomationdb02","type":"Microsoft.Sql/servers/databases"}'
    headers:
      cache-control:
      - no-cache
      content-length:
      - '1106'
      content-type:
      - application/json; charset=utf-8
      date:
      - Wed, 04 Mar 2020 20:21:30 GMT
      expires:
      - '-1'
      pragma:
      - no-cache
      server:
      - Microsoft-HTTPAPI/2.0
      strict-transport-security:
      - max-age=31536000; includeSubDomains
      transfer-encoding:
      - chunked
      vary:
      - Accept-Encoding
      x-content-type-options:
      - nosniff
    status:
      code: 200
      message: OK
- request:
    body: null
    headers:
      Accept:
      - application/json
      Accept-Encoding:
      - gzip, deflate
      CommandName:
      - sql db create
      Connection:
      - keep-alive
      ParameterSetName:
      - -g --server --name
      User-Agent:
      - python/3.5.3 (Windows-2012ServerR2-6.3.9600-SP0) msrest/0.6.11 msrest_azure/0.6.2
        azure-mgmt-sql/0.17.0 Azure-SDK-For-Python AZURECLI/2.1.0
      accept-language:
      - en-US
    method: GET
    uri: https://management.azure.com/subscriptions/00000000-0000-0000-0000-000000000000/resourceGroups/clitest.rg000001/providers/Microsoft.Sql/servers/clitestserver000002?api-version=2019-06-01-preview
  response:
    body:
      string: '{"kind":"v12.0","properties":{"administratorLogin":"admin123","version":"12.0","state":"Ready","fullyQualifiedDomainName":"clitestserver000002.database.windows.net","privateEndpointConnections":[],"publicNetworkAccess":"Enabled"},"location":"westeurope","id":"/subscriptions/00000000-0000-0000-0000-000000000000/resourceGroups/clitest.rg000001/providers/Microsoft.Sql/servers/clitestserver000002","name":"clitestserver000002","type":"Microsoft.Sql/servers"}'
    headers:
      cache-control:
      - no-cache
      content-length:
      - '645'
      content-type:
      - application/json; charset=utf-8
      date:
      - Wed, 04 Mar 2020 20:21:31 GMT
      expires:
      - '-1'
      pragma:
      - no-cache
      server:
      - Microsoft-HTTPAPI/2.0
      strict-transport-security:
      - max-age=31536000; includeSubDomains
      transfer-encoding:
      - chunked
      vary:
      - Accept-Encoding
      x-content-type-options:
      - nosniff
    status:
      code: 200
      message: OK
- request:
    body: '{"location": "westeurope"}'
    headers:
      Accept:
      - application/json
      Accept-Encoding:
      - gzip, deflate
      CommandName:
      - sql db create
      Connection:
      - keep-alive
      Content-Length:
      - '26'
      Content-Type:
      - application/json; charset=utf-8
      ParameterSetName:
      - -g --server --name
      User-Agent:
      - python/3.5.3 (Windows-2012ServerR2-6.3.9600-SP0) msrest/0.6.11 msrest_azure/0.6.2
        azure-mgmt-sql/0.17.0 Azure-SDK-For-Python AZURECLI/2.1.0
      accept-language:
      - en-US
    method: PUT
    uri: https://management.azure.com/subscriptions/00000000-0000-0000-0000-000000000000/resourceGroups/clitest.rg000001/providers/Microsoft.Sql/servers/clitestserver000002/databases/cliautomationdb03?api-version=2017-10-01-preview
  response:
    body:
      string: '{"operation":"CreateLogicalDatabase","startTime":"2020-03-04T20:21:37.053Z"}'
    headers:
      azure-asyncoperation:
      - https://management.azure.com/subscriptions/00000000-0000-0000-0000-000000000000/resourceGroups/clitest.rg000001/providers/Microsoft.Sql/locations/westeurope/databaseAzureAsyncOperation/67f4308a-5288-47fd-94fa-8e93477d4da6?api-version=2017-10-01-preview
      cache-control:
      - no-cache
      content-length:
      - '76'
      content-type:
      - application/json; charset=utf-8
      date:
      - Wed, 04 Mar 2020 20:21:36 GMT
      expires:
      - '-1'
      location:
      - https://management.azure.com/subscriptions/00000000-0000-0000-0000-000000000000/resourceGroups/clitest.rg000001/providers/Microsoft.Sql/locations/westeurope/databaseOperationResults/67f4308a-5288-47fd-94fa-8e93477d4da6?api-version=2017-10-01-preview
      pragma:
      - no-cache
      server:
      - Microsoft-HTTPAPI/2.0
      strict-transport-security:
      - max-age=31536000; includeSubDomains
      x-content-type-options:
      - nosniff
      x-ms-ratelimit-remaining-subscription-writes:
      - '1199'
    status:
      code: 202
      message: Accepted
- request:
    body: null
    headers:
      Accept:
      - application/json
      Accept-Encoding:
      - gzip, deflate
      CommandName:
      - sql db create
      Connection:
      - keep-alive
      ParameterSetName:
      - -g --server --name
      User-Agent:
      - python/3.5.3 (Windows-2012ServerR2-6.3.9600-SP0) msrest/0.6.11 msrest_azure/0.6.2
        azure-mgmt-sql/0.17.0 Azure-SDK-For-Python AZURECLI/2.1.0
    method: GET
    uri: https://management.azure.com/subscriptions/00000000-0000-0000-0000-000000000000/resourceGroups/clitest.rg000001/providers/Microsoft.Sql/locations/westeurope/databaseAzureAsyncOperation/67f4308a-5288-47fd-94fa-8e93477d4da6?api-version=2017-10-01-preview
  response:
    body:
      string: '{"name":"67f4308a-5288-47fd-94fa-8e93477d4da6","status":"InProgress","startTime":"2020-03-04T20:21:37.053Z"}'
    headers:
      cache-control:
      - no-cache
      content-length:
      - '108'
      content-type:
      - application/json; charset=utf-8
      date:
      - Wed, 04 Mar 2020 20:21:51 GMT
      expires:
      - '-1'
      pragma:
      - no-cache
      server:
      - Microsoft-HTTPAPI/2.0
      strict-transport-security:
      - max-age=31536000; includeSubDomains
      transfer-encoding:
      - chunked
      vary:
      - Accept-Encoding
      x-content-type-options:
      - nosniff
    status:
      code: 200
      message: OK
- request:
    body: null
    headers:
      Accept:
      - application/json
      Accept-Encoding:
      - gzip, deflate
      CommandName:
      - sql db create
      Connection:
      - keep-alive
      ParameterSetName:
      - -g --server --name
      User-Agent:
      - python/3.5.3 (Windows-2012ServerR2-6.3.9600-SP0) msrest/0.6.11 msrest_azure/0.6.2
        azure-mgmt-sql/0.17.0 Azure-SDK-For-Python AZURECLI/2.1.0
    method: GET
    uri: https://management.azure.com/subscriptions/00000000-0000-0000-0000-000000000000/resourceGroups/clitest.rg000001/providers/Microsoft.Sql/locations/westeurope/databaseAzureAsyncOperation/67f4308a-5288-47fd-94fa-8e93477d4da6?api-version=2017-10-01-preview
  response:
    body:
      string: '{"name":"67f4308a-5288-47fd-94fa-8e93477d4da6","status":"InProgress","startTime":"2020-03-04T20:21:37.053Z"}'
    headers:
      cache-control:
      - no-cache
      content-length:
      - '108'
      content-type:
      - application/json; charset=utf-8
      date:
      - Wed, 04 Mar 2020 20:22:07 GMT
      expires:
      - '-1'
      pragma:
      - no-cache
      server:
      - Microsoft-HTTPAPI/2.0
      strict-transport-security:
      - max-age=31536000; includeSubDomains
      transfer-encoding:
      - chunked
      vary:
      - Accept-Encoding
      x-content-type-options:
      - nosniff
    status:
      code: 200
      message: OK
- request:
    body: null
    headers:
      Accept:
      - application/json
      Accept-Encoding:
      - gzip, deflate
      CommandName:
      - sql db create
      Connection:
      - keep-alive
      ParameterSetName:
      - -g --server --name
      User-Agent:
      - python/3.5.3 (Windows-2012ServerR2-6.3.9600-SP0) msrest/0.6.11 msrest_azure/0.6.2
        azure-mgmt-sql/0.17.0 Azure-SDK-For-Python AZURECLI/2.1.0
    method: GET
    uri: https://management.azure.com/subscriptions/00000000-0000-0000-0000-000000000000/resourceGroups/clitest.rg000001/providers/Microsoft.Sql/locations/westeurope/databaseAzureAsyncOperation/67f4308a-5288-47fd-94fa-8e93477d4da6?api-version=2017-10-01-preview
  response:
    body:
      string: '{"name":"67f4308a-5288-47fd-94fa-8e93477d4da6","status":"Succeeded","startTime":"2020-03-04T20:21:37.053Z"}'
    headers:
      cache-control:
      - no-cache
      content-length:
      - '107'
      content-type:
      - application/json; charset=utf-8
      date:
      - Wed, 04 Mar 2020 20:22:22 GMT
      expires:
      - '-1'
      pragma:
      - no-cache
      server:
      - Microsoft-HTTPAPI/2.0
      strict-transport-security:
      - max-age=31536000; includeSubDomains
      transfer-encoding:
      - chunked
      vary:
      - Accept-Encoding
      x-content-type-options:
      - nosniff
    status:
      code: 200
      message: OK
- request:
    body: null
    headers:
      Accept:
      - application/json
      Accept-Encoding:
      - gzip, deflate
      CommandName:
      - sql db create
      Connection:
      - keep-alive
      ParameterSetName:
      - -g --server --name
      User-Agent:
      - python/3.5.3 (Windows-2012ServerR2-6.3.9600-SP0) msrest/0.6.11 msrest_azure/0.6.2
        azure-mgmt-sql/0.17.0 Azure-SDK-For-Python AZURECLI/2.1.0
    method: GET
    uri: https://management.azure.com/subscriptions/00000000-0000-0000-0000-000000000000/resourceGroups/clitest.rg000001/providers/Microsoft.Sql/servers/clitestserver000002/databases/cliautomationdb03?api-version=2017-10-01-preview
  response:
    body:
      string: '{"sku":{"name":"GP_Gen5","tier":"GeneralPurpose","family":"Gen5","capacity":2},"kind":"v12.0,user,vcore","properties":{"collation":"SQL_Latin1_General_CP1_CI_AS","maxSizeBytes":34359738368,"status":"Online","databaseId":"038e2498-a862-4db6-9b04-63ccdd0be939","creationDate":"2020-03-04T20:22:07.833Z","currentServiceObjectiveName":"GP_Gen5_2","requestedServiceObjectiveName":"GP_Gen5_2","defaultSecondaryLocation":"northeurope","catalogCollation":"SQL_Latin1_General_CP1_CI_AS","zoneRedundant":false,"licenseType":"LicenseIncluded","maxLogSizeBytes":10307502080,"earliestRestoreDate":"2020-03-04T20:52:07.833Z","readScale":"Disabled","readReplicaCount":0,"currentSku":{"name":"GP_Gen5","tier":"GeneralPurpose","family":"Gen5","capacity":2}},"location":"westeurope","id":"/subscriptions/00000000-0000-0000-0000-000000000000/resourceGroups/clitest.rg000001/providers/Microsoft.Sql/servers/clitestserver000002/databases/cliautomationdb03","name":"cliautomationdb03","type":"Microsoft.Sql/servers/databases"}'
    headers:
      cache-control:
      - no-cache
      content-length:
      - '1106'
      content-type:
      - application/json; charset=utf-8
      date:
      - Wed, 04 Mar 2020 20:22:23 GMT
      expires:
      - '-1'
      pragma:
      - no-cache
      server:
      - Microsoft-HTTPAPI/2.0
      strict-transport-security:
      - max-age=31536000; includeSubDomains
      transfer-encoding:
      - chunked
      vary:
      - Accept-Encoding
      x-content-type-options:
      - nosniff
    status:
      code: 200
      message: OK
- request:
    body: null
    headers:
      Accept:
      - application/json
      Accept-Encoding:
      - gzip, deflate
      CommandName:
      - storage account show
      Connection:
      - keep-alive
      ParameterSetName:
      - -g -n --query
      User-Agent:
      - python/3.5.3 (Windows-2012ServerR2-6.3.9600-SP0) msrest/0.6.11 msrest_azure/0.6.2
        azure-mgmt-storage/7.2.0 Azure-SDK-For-Python AZURECLI/2.1.0
      accept-language:
      - en-US
    method: GET
    uri: https://management.azure.com/subscriptions/00000000-0000-0000-0000-000000000000/resourceGroups/clitest.rg000001/providers/Microsoft.Storage/storageAccounts/clitest000003?api-version=2019-06-01
  response:
    body:
      string: '{"sku":{"name":"Standard_LRS","tier":"Standard"},"kind":"Storage","id":"/subscriptions/00000000-0000-0000-0000-000000000000/resourceGroups/clitest.rg000001/providers/Microsoft.Storage/storageAccounts/clitest000003","name":"clitest000003","type":"Microsoft.Storage/storageAccounts","location":"westeurope","tags":{},"properties":{"privateEndpointConnections":[],"networkAcls":{"bypass":"AzureServices","virtualNetworkRules":[],"ipRules":[],"defaultAction":"Allow"},"supportsHttpsTrafficOnly":true,"encryption":{"services":{"file":{"keyType":"Account","enabled":true,"lastEnabledTime":"2020-03-04T20:19:24.2842147Z"},"blob":{"keyType":"Account","enabled":true,"lastEnabledTime":"2020-03-04T20:19:24.2842147Z"}},"keySource":"Microsoft.Storage"},"provisioningState":"Succeeded","creationTime":"2020-03-04T20:19:24.2060902Z","primaryEndpoints":{"blob":"https://clitest000003.blob.core.windows.net/","queue":"https://clitest000003.queue.core.windows.net/","table":"https://clitest000003.table.core.windows.net/","file":"https://clitest000003.file.core.windows.net/"},"primaryLocation":"westeurope","statusOfPrimary":"available"}}'
    headers:
      cache-control:
      - no-cache
      content-length:
      - '1248'
      content-type:
      - application/json
      date:
      - Wed, 04 Mar 2020 20:22:24 GMT
      expires:
      - '-1'
      pragma:
      - no-cache
      server:
      - Microsoft-Azure-Storage-Resource-Provider/1.0,Microsoft-HTTPAPI/2.0 Microsoft-HTTPAPI/2.0
      strict-transport-security:
      - max-age=31536000; includeSubDomains
      transfer-encoding:
      - chunked
      vary:
      - Accept-Encoding
      x-content-type-options:
      - nosniff
    status:
      code: 200
      message: OK
- request:
    body: null
    headers:
      Accept:
      - application/json
      Accept-Encoding:
      - gzip, deflate
      CommandName:
      - storage account keys list
      Connection:
      - keep-alive
      Content-Length:
      - '0'
      ParameterSetName:
      - -g -n --query
      User-Agent:
      - python/3.5.3 (Windows-2012ServerR2-6.3.9600-SP0) msrest/0.6.11 msrest_azure/0.6.2
        azure-mgmt-storage/7.2.0 Azure-SDK-For-Python AZURECLI/2.1.0
      accept-language:
      - en-US
    method: POST
    uri: https://management.azure.com/subscriptions/00000000-0000-0000-0000-000000000000/resourceGroups/clitest.rg000001/providers/Microsoft.Storage/storageAccounts/clitest000003/listKeys?api-version=2019-06-01
  response:
    body:
      string: '{"keys":[{"keyName":"key1","value":"veryFakedStorageAccountKey==","permissions":"FULL"},{"keyName":"key2","value":"veryFakedStorageAccountKey==","permissions":"FULL"}]}'
    headers:
      cache-control:
      - no-cache
      content-length:
      - '288'
      content-type:
      - application/json
      date:
      - Wed, 04 Mar 2020 20:22:24 GMT
      expires:
      - '-1'
      pragma:
      - no-cache
      server:
      - Microsoft-Azure-Storage-Resource-Provider/1.0,Microsoft-HTTPAPI/2.0 Microsoft-HTTPAPI/2.0
      strict-transport-security:
      - max-age=31536000; includeSubDomains
      transfer-encoding:
      - chunked
      vary:
      - Accept-Encoding
      x-content-type-options:
      - nosniff
      x-ms-ratelimit-remaining-subscription-resource-requests:
      - '11999'
    status:
      code: 200
      message: OK
- request:
    body: null
    headers:
      Accept:
      - application/json
      Accept-Encoding:
      - gzip, deflate
      CommandName:
      - storage blob generate-sas
      Connection:
      - keep-alive
      ParameterSetName:
      - --account-name -c -n --permissions --expiry
      User-Agent:
      - python/3.5.3 (Windows-2012ServerR2-6.3.9600-SP0) msrest/0.6.11 msrest_azure/0.6.2
        azure-mgmt-storage/7.2.0 Azure-SDK-For-Python AZURECLI/2.1.0
      accept-language:
      - en-US
    method: GET
    uri: https://management.azure.com/subscriptions/00000000-0000-0000-0000-000000000000/providers/Microsoft.Storage/storageAccounts?api-version=2019-06-01
  response:
    body:
      string: '{"value":[{"sku":{"name":"Standard_LRS","tier":"Standard"},"kind":"StorageV2","id":"/subscriptions/00000000-0000-0000-0000-000000000000/resourceGroups/xuec-resource-db/providers/Microsoft.Storage/storageAccounts/sqlvadcq6hhsb3x6lw","name":"sqlvadcq6hhsb3x6lw","type":"Microsoft.Storage/storageAccounts","location":"eastus","tags":{},"properties":{"privateEndpointConnections":[],"networkAcls":{"bypass":"AzureServices","virtualNetworkRules":[],"ipRules":[],"defaultAction":"Allow"},"supportsHttpsTrafficOnly":true,"encryption":{"services":{"file":{"keyType":"Account","enabled":true,"lastEnabledTime":"2020-02-24T23:02:05.6071261Z"},"blob":{"keyType":"Account","enabled":true,"lastEnabledTime":"2020-02-24T23:02:05.6071261Z"}},"keySource":"Microsoft.Storage"},"accessTier":"Hot","provisioningState":"Succeeded","creationTime":"2020-02-24T23:02:05.5602496Z","primaryEndpoints":{"dfs":"https://sqlvadcq6hhsb3x6lw.dfs.core.windows.net/","web":"https://sqlvadcq6hhsb3x6lw.z13.web.core.windows.net/","blob":"https://sqlvadcq6hhsb3x6lw.blob.core.windows.net/","queue":"https://sqlvadcq6hhsb3x6lw.queue.core.windows.net/","table":"https://sqlvadcq6hhsb3x6lw.table.core.windows.net/","file":"https://sqlvadcq6hhsb3x6lw.file.core.windows.net/"},"primaryLocation":"eastus","statusOfPrimary":"available"}},{"sku":{"name":"Standard_LRS","tier":"Standard"},"kind":"StorageV2","id":"/subscriptions/00000000-0000-0000-0000-000000000000/resourceGroups/searg/providers/Microsoft.Storage/storageAccounts/sqlvagw4uevtn2osbi","name":"sqlvagw4uevtn2osbi","type":"Microsoft.Storage/storageAccounts","location":"eastus","tags":{},"properties":{"privateEndpointConnections":[],"networkAcls":{"bypass":"AzureServices","virtualNetworkRules":[],"ipRules":[],"defaultAction":"Allow"},"supportsHttpsTrafficOnly":true,"encryption":{"services":{"file":{"keyType":"Account","enabled":true,"lastEnabledTime":"2020-02-27T21:12:54.9672235Z"},"blob":{"keyType":"Account","enabled":true,"lastEnabledTime":"2020-02-27T21:12:54.9672235Z"}},"keySource":"Microsoft.Storage"},"accessTier":"Hot","provisioningState":"Succeeded","creationTime":"2020-02-27T21:12:54.9054149Z","primaryEndpoints":{"dfs":"https://sqlvagw4uevtn2osbi.dfs.core.windows.net/","web":"https://sqlvagw4uevtn2osbi.z13.web.core.windows.net/","blob":"https://sqlvagw4uevtn2osbi.blob.core.windows.net/","queue":"https://sqlvagw4uevtn2osbi.queue.core.windows.net/","table":"https://sqlvagw4uevtn2osbi.table.core.windows.net/","file":"https://sqlvagw4uevtn2osbi.file.core.windows.net/"},"primaryLocation":"eastus","statusOfPrimary":"available"}},{"sku":{"name":"Standard_LRS","tier":"Standard"},"kind":"Storage","id":"/subscriptions/00000000-0000-0000-0000-000000000000/resourceGroups/ravellasrg/providers/Microsoft.Storage/storageAccounts/sqlvasxxvehvwolgv6","name":"sqlvasxxvehvwolgv6","type":"Microsoft.Storage/storageAccounts","location":"eastus","tags":{},"properties":{"privateEndpointConnections":[],"networkAcls":{"bypass":"AzureServices","virtualNetworkRules":[],"ipRules":[],"defaultAction":"Allow"},"supportsHttpsTrafficOnly":false,"encryption":{"services":{"file":{"keyType":"Account","enabled":true,"lastEnabledTime":"2019-08-09T22:45:06.3352908Z"},"blob":{"keyType":"Account","enabled":true,"lastEnabledTime":"2019-08-09T22:45:06.3352908Z"}},"keySource":"Microsoft.Storage"},"provisioningState":"Succeeded","creationTime":"2019-08-09T22:45:06.2571388Z","primaryEndpoints":{"blob":"https://sqlvasxxvehvwolgv6.blob.core.windows.net/","queue":"https://sqlvasxxvehvwolgv6.queue.core.windows.net/","table":"https://sqlvasxxvehvwolgv6.table.core.windows.net/","file":"https://sqlvasxxvehvwolgv6.file.core.windows.net/"},"primaryLocation":"eastus","statusOfPrimary":"available"}},{"sku":{"name":"Standard_RAGRS","tier":"Standard"},"kind":"StorageV2","id":"/subscriptions/00000000-0000-0000-0000-000000000000/resourceGroups/AlanJin/providers/Microsoft.Storage/storageAccounts/alankustostorage","name":"alankustostorage","type":"Microsoft.Storage/storageAccounts","location":"eastus2","tags":{},"properties":{"privateEndpointConnections":[],"networkAcls":{"bypass":"AzureServices","virtualNetworkRules":[],"ipRules":[],"defaultAction":"Allow"},"supportsHttpsTrafficOnly":true,"encryption":{"services":{"file":{"keyType":"Account","enabled":true,"lastEnabledTime":"2019-06-07T21:17:55.9429437Z"},"blob":{"keyType":"Account","enabled":true,"lastEnabledTime":"2019-06-07T21:17:55.9429437Z"}},"keySource":"Microsoft.Storage"},"accessTier":"Hot","provisioningState":"Succeeded","creationTime":"2019-06-07T21:17:55.8335528Z","primaryEndpoints":{"dfs":"https://alankustostorage.dfs.core.windows.net/","web":"https://alankustostorage.z20.web.core.windows.net/","blob":"https://alankustostorage.blob.core.windows.net/","queue":"https://alankustostorage.queue.core.windows.net/","table":"https://alankustostorage.table.core.windows.net/","file":"https://alankustostorage.file.core.windows.net/"},"primaryLocation":"eastus2","statusOfPrimary":"available","secondaryLocation":"centralus","statusOfSecondary":"available","secondaryEndpoints":{"dfs":"https://alankustostorage-secondary.dfs.core.windows.net/","web":"https://alankustostorage-secondary.z20.web.core.windows.net/","blob":"https://alankustostorage-secondary.blob.core.windows.net/","queue":"https://alankustostorage-secondary.queue.core.windows.net/","table":"https://alankustostorage-secondary.table.core.windows.net/"}}},{"sku":{"name":"Standard_LRS","tier":"Standard"},"kind":"Storage","id":"/subscriptions/00000000-0000-0000-0000-000000000000/resourceGroups/multiaztest/providers/Microsoft.Storage/storageAccounts/multiaztestdiag","name":"multiaztestdiag","type":"Microsoft.Storage/storageAccounts","location":"eastus2","tags":{"macieksqlvm":""},"properties":{"privateEndpointConnections":[],"networkAcls":{"bypass":"AzureServices","virtualNetworkRules":[],"ipRules":[],"defaultAction":"Allow"},"supportsHttpsTrafficOnly":true,"encryption":{"services":{"file":{"keyType":"Account","enabled":true,"lastEnabledTime":"2019-10-10T21:39:54.5156450Z"},"blob":{"keyType":"Account","enabled":true,"lastEnabledTime":"2019-10-10T21:39:54.5156450Z"}},"keySource":"Microsoft.Storage"},"provisioningState":"Succeeded","creationTime":"2019-10-10T21:39:54.4375153Z","primaryEndpoints":{"blob":"https://multiaztestdiag.blob.core.windows.net/","queue":"https://multiaztestdiag.queue.core.windows.net/","table":"https://multiaztestdiag.table.core.windows.net/","file":"https://multiaztestdiag.file.core.windows.net/"},"primaryLocation":"eastus2","statusOfPrimary":"available"}},{"sku":{"name":"Standard_LRS","tier":"Standard"},"kind":"Storage","id":"/subscriptions/00000000-0000-0000-0000-000000000000/resourceGroups/acherg/providers/Microsoft.Storage/storageAccounts/achegenralstd","name":"achegenralstd","type":"Microsoft.Storage/storageAccounts","location":"westus","tags":{},"properties":{"privateEndpointConnections":[],"networkAcls":{"bypass":"AzureServices","virtualNetworkRules":[],"ipRules":[],"defaultAction":"Allow"},"supportsHttpsTrafficOnly":false,"encryption":{"services":{"file":{"keyType":"Account","enabled":true,"lastEnabledTime":"2017-12-21T21:36:18.4197529Z"},"blob":{"keyType":"Account","enabled":true,"lastEnabledTime":"2017-12-21T21:36:18.4197529Z"}},"keySource":"Microsoft.Storage"},"provisioningState":"Succeeded","creationTime":"2017-10-20T22:00:11.5143936Z","primaryEndpoints":{"blob":"https://achegenralstd.blob.core.windows.net/","queue":"https://achegenralstd.queue.core.windows.net/","table":"https://achegenralstd.table.core.windows.net/","file":"https://achegenralstd.file.core.windows.net/"},"primaryLocation":"westus","statusOfPrimary":"available"}},{"sku":{"name":"Standard_LRS","tier":"Standard"},"kind":"StorageV2","id":"/subscriptions/00000000-0000-0000-0000-000000000000/resourceGroups/acheRG/providers/Microsoft.Storage/storageAccounts/achegpv2","name":"achegpv2","type":"Microsoft.Storage/storageAccounts","location":"westus","tags":{},"properties":{"privateEndpointConnections":[],"networkAcls":{"bypass":"AzureServices","virtualNetworkRules":[],"ipRules":[],"defaultAction":"Allow"},"supportsHttpsTrafficOnly":true,"encryption":{"services":{"file":{"keyType":"Account","enabled":true,"lastEnabledTime":"2018-09-21T21:49:19.4432126Z"},"blob":{"keyType":"Account","enabled":true,"lastEnabledTime":"2018-09-21T21:49:19.4432126Z"}},"keySource":"Microsoft.Storage"},"accessTier":"Hot","provisioningState":"Succeeded","creationTime":"2018-09-21T21:49:19.3806852Z","primaryEndpoints":{"dfs":"https://achegpv2.dfs.core.windows.net/","web":"https://achegpv2.z22.web.core.windows.net/","blob":"https://achegpv2.blob.core.windows.net/","queue":"https://achegpv2.queue.core.windows.net/","table":"https://achegpv2.table.core.windows.net/","file":"https://achegpv2.file.core.windows.net/"},"primaryLocation":"westus","statusOfPrimary":"available"}},{"sku":{"name":"Standard_LRS","tier":"Standard"},"kind":"BlobStorage","id":"/subscriptions/00000000-0000-0000-0000-000000000000/resourceGroups/acherg/providers/Microsoft.Storage/storageAccounts/achestd","name":"achestd","type":"Microsoft.Storage/storageAccounts","location":"westus","tags":{},"properties":{"privateEndpointConnections":[],"networkAcls":{"bypass":"AzureServices","virtualNetworkRules":[],"ipRules":[],"defaultAction":"Allow"},"supportsHttpsTrafficOnly":false,"encryption":{"services":{"file":{"keyType":"Account","enabled":true,"lastEnabledTime":"2017-12-21T21:36:18.4353618Z"},"blob":{"keyType":"Account","enabled":true,"lastEnabledTime":"2017-12-21T21:36:18.4353618Z"}},"keySource":"Microsoft.Storage"},"accessTier":"Hot","provisioningState":"Succeeded","creationTime":"2017-10-20T21:07:07.2722924Z","primaryEndpoints":{"dfs":"https://achestd.dfs.core.windows.net/","blob":"https://achestd.blob.core.windows.net/","table":"https://achestd.table.core.windows.net/"},"primaryLocation":"westus","statusOfPrimary":"available"}},{"sku":{"name":"Standard_LRS","tier":"Standard"},"kind":"StorageV2","id":"/subscriptions/00000000-0000-0000-0000-000000000000/resourceGroups/cloud-shell-storage-westus/providers/Microsoft.Storage/storageAccounts/cs4148bffe30304x454bx8a2","name":"cs4148bffe30304x454bx8a2","type":"Microsoft.Storage/storageAccounts","location":"westus","tags":{"ms-resource-usage":"azure-cloud-shell"},"properties":{"privateEndpointConnections":[],"networkAcls":{"bypass":"AzureServices","virtualNetworkRules":[],"ipRules":[],"defaultAction":"Allow"},"supportsHttpsTrafficOnly":true,"encryption":{"services":{"file":{"keyType":"Account","enabled":true,"lastEnabledTime":"2019-10-11T21:01:37.5306570Z"},"blob":{"keyType":"Account","enabled":true,"lastEnabledTime":"2019-10-11T21:01:37.5306570Z"}},"keySource":"Microsoft.Storage"},"accessTier":"Hot","provisioningState":"Succeeded","creationTime":"2019-10-11T21:01:37.4838108Z","primaryEndpoints":{"dfs":"https://cs4148bffe30304x454bx8a2.dfs.core.windows.net/","web":"https://cs4148bffe30304x454bx8a2.z22.web.core.windows.net/","blob":"https://cs4148bffe30304x454bx8a2.blob.core.windows.net/","queue":"https://cs4148bffe30304x454bx8a2.queue.core.windows.net/","table":"https://cs4148bffe30304x454bx8a2.table.core.windows.net/","file":"https://cs4148bffe30304x454bx8a2.file.core.windows.net/"},"primaryLocation":"westus","statusOfPrimary":"available"}},{"sku":{"name":"Standard_LRS","tier":"Standard"},"kind":"Storage","id":"/subscriptions/00000000-0000-0000-0000-000000000000/resourceGroups/clitest.rg000001/providers/Microsoft.Storage/storageAccounts/clitest000003","name":"clitest000003","type":"Microsoft.Storage/storageAccounts","location":"westeurope","tags":{},"properties":{"privateEndpointConnections":[],"networkAcls":{"bypass":"AzureServices","virtualNetworkRules":[],"ipRules":[],"defaultAction":"Allow"},"supportsHttpsTrafficOnly":true,"encryption":{"services":{"file":{"keyType":"Account","enabled":true,"lastEnabledTime":"2020-03-04T20:19:24.2842147Z"},"blob":{"keyType":"Account","enabled":true,"lastEnabledTime":"2020-03-04T20:19:24.2842147Z"}},"keySource":"Microsoft.Storage"},"provisioningState":"Succeeded","creationTime":"2020-03-04T20:19:24.2060902Z","primaryEndpoints":{"blob":"https://clitest000003.blob.core.windows.net/","queue":"https://clitest000003.queue.core.windows.net/","table":"https://clitest000003.table.core.windows.net/","file":"https://clitest000003.file.core.windows.net/"},"primaryLocation":"westeurope","statusOfPrimary":"available"}},{"sku":{"name":"Standard_LRS","tier":"Standard"},"kind":"Storage","id":"/subscriptions/00000000-0000-0000-0000-000000000000/resourceGroups/girishresourcegroup/providers/Microsoft.Storage/storageAccounts/girishresourcegroup272","name":"girishresourcegroup272","type":"Microsoft.Storage/storageAccounts","location":"westeurope","tags":{},"properties":{"privateEndpointConnections":[],"networkAcls":{"bypass":"AzureServices","virtualNetworkRules":[],"ipRules":[],"defaultAction":"Allow"},"supportsHttpsTrafficOnly":false,"encryption":{"services":{"file":{"keyType":"Account","enabled":true,"lastEnabledTime":"2017-12-20T07:00:44.9319294Z"},"blob":{"keyType":"Account","enabled":true,"lastEnabledTime":"2017-12-20T07:00:44.9319294Z"}},"keySource":"Microsoft.Storage"},"provisioningState":"Succeeded","creationTime":"2017-10-26T20:47:42.9340348Z","primaryEndpoints":{"web":"https://girishresourcegroup272.web.core.windows.net/","blob":"https://girishresourcegroup272.blob.core.windows.net/","queue":"https://girishresourcegroup272.queue.core.windows.net/","table":"https://girishresourcegroup272.table.core.windows.net/","file":"https://girishresourcegroup272.file.core.windows.net/"},"primaryLocation":"westeurope","statusOfPrimary":"available"}},{"sku":{"name":"Standard_LRS","tier":"Standard"},"kind":"StorageV2","id":"/subscriptions/00000000-0000-0000-0000-000000000000/resourceGroups/__ElasticDatabaseJob/providers/Microsoft.Storage/storageAccounts/sqlvagwiu5eb25mdda","name":"sqlvagwiu5eb25mdda","type":"Microsoft.Storage/storageAccounts","location":"westeurope","tags":{},"properties":{"privateEndpointConnections":[],"networkAcls":{"bypass":"AzureServices","virtualNetworkRules":[],"ipRules":[],"defaultAction":"Allow"},"supportsHttpsTrafficOnly":true,"encryption":{"services":{"file":{"keyType":"Account","enabled":true,"lastEnabledTime":"2020-02-27T21:08:59.0920350Z"},"blob":{"keyType":"Account","enabled":true,"lastEnabledTime":"2020-02-27T21:08:59.0920350Z"}},"keySource":"Microsoft.Storage"},"accessTier":"Hot","provisioningState":"Succeeded","creationTime":"2020-02-27T21:08:59.0138840Z","primaryEndpoints":{"dfs":"https://sqlvagwiu5eb25mdda.dfs.core.windows.net/","web":"https://sqlvagwiu5eb25mdda.z6.web.core.windows.net/","blob":"https://sqlvagwiu5eb25mdda.blob.core.windows.net/","queue":"https://sqlvagwiu5eb25mdda.queue.core.windows.net/","table":"https://sqlvagwiu5eb25mdda.table.core.windows.net/","file":"https://sqlvagwiu5eb25mdda.file.core.windows.net/"},"primaryLocation":"westeurope","statusOfPrimary":"available"}},{"sku":{"name":"Standard_LRS","tier":"Standard"},"kind":"Storage","id":"/subscriptions/00000000-0000-0000-0000-000000000000/resourceGroups/emilyArmRg/providers/Microsoft.Storage/storageAccounts/sqlvazccw4r4mkeiaw","name":"sqlvazccw4r4mkeiaw","type":"Microsoft.Storage/storageAccounts","location":"westeurope","tags":{},"properties":{"privateEndpointConnections":[],"networkAcls":{"bypass":"AzureServices","virtualNetworkRules":[],"ipRules":[],"defaultAction":"Allow"},"supportsHttpsTrafficOnly":false,"encryption":{"services":{"file":{"keyType":"Account","enabled":true,"lastEnabledTime":"2019-06-01T00:04:22.5924551Z"},"blob":{"keyType":"Account","enabled":true,"lastEnabledTime":"2019-06-01T00:04:22.5924551Z"}},"keySource":"Microsoft.Storage"},"provisioningState":"Succeeded","creationTime":"2019-06-01T00:04:22.4674725Z","primaryEndpoints":{"blob":"https://sqlvazccw4r4mkeiaw.blob.core.windows.net/","queue":"https://sqlvazccw4r4mkeiaw.queue.core.windows.net/","table":"https://sqlvazccw4r4mkeiaw.table.core.windows.net/","file":"https://sqlvazccw4r4mkeiaw.file.core.windows.net/"},"primaryLocation":"westeurope","statusOfPrimary":"available"}},{"sku":{"name":"Standard_LRS","tier":"Standard"},"kind":"Storage","id":"/subscriptions/00000000-0000-0000-0000-000000000000/resourceGroups/AlanJin/providers/Microsoft.Storage/storageAccounts/alanjindiag","name":"alanjindiag","type":"Microsoft.Storage/storageAccounts","location":"southeastasia","tags":{},"properties":{"privateEndpointConnections":[],"networkAcls":{"bypass":"AzureServices","virtualNetworkRules":[],"ipRules":[],"defaultAction":"Allow"},"supportsHttpsTrafficOnly":true,"encryption":{"services":{"file":{"keyType":"Account","enabled":true,"lastEnabledTime":"2020-01-22T00:17:31.0376151Z"},"blob":{"keyType":"Account","enabled":true,"lastEnabledTime":"2020-01-22T00:17:31.0376151Z"}},"keySource":"Microsoft.Storage"},"provisioningState":"Succeeded","creationTime":"2020-01-22T00:17:30.9595479Z","primaryEndpoints":{"blob":"https://alanjindiag.blob.core.windows.net/","queue":"https://alanjindiag.queue.core.windows.net/","table":"https://alanjindiag.table.core.windows.net/","file":"https://alanjindiag.file.core.windows.net/"},"primaryLocation":"southeastasia","statusOfPrimary":"available"}},{"sku":{"name":"Standard_LRS","tier":"Standard"},"kind":"Storage","id":"/subscriptions/00000000-0000-0000-0000-000000000000/resourceGroups/HaTeamToolRg/providers/Microsoft.Storage/storageAccounts/hateamtoolrgdiag","name":"hateamtoolrgdiag","type":"Microsoft.Storage/storageAccounts","location":"southeastasia","tags":{},"properties":{"privateEndpointConnections":[],"networkAcls":{"bypass":"AzureServices","virtualNetworkRules":[],"ipRules":[],"defaultAction":"Allow"},"supportsHttpsTrafficOnly":true,"encryption":{"services":{"file":{"keyType":"Account","enabled":true,"lastEnabledTime":"2020-02-27T21:12:37.6103945Z"},"blob":{"keyType":"Account","enabled":true,"lastEnabledTime":"2020-02-27T21:12:37.6103945Z"}},"keySource":"Microsoft.Storage"},"provisioningState":"Succeeded","creationTime":"2020-02-27T21:12:37.5479270Z","primaryEndpoints":{"blob":"https://hateamtoolrgdiag.blob.core.windows.net/","queue":"https://hateamtoolrgdiag.queue.core.windows.net/","table":"https://hateamtoolrgdiag.table.core.windows.net/","file":"https://hateamtoolrgdiag.file.core.windows.net/"},"primaryLocation":"southeastasia","statusOfPrimary":"available"}},{"sku":{"name":"Standard_LRS","tier":"Standard"},"kind":"BlobStorage","id":"/subscriptions/00000000-0000-0000-0000-000000000000/resourceGroups/raghavt-resourcegroup/providers/Microsoft.Storage/storageAccounts/raghavtblob","name":"raghavtblob","type":"Microsoft.Storage/storageAccounts","location":"southeastasia","tags":{},"properties":{"privateEndpointConnections":[],"networkAcls":{"bypass":"AzureServices","virtualNetworkRules":[],"ipRules":[],"defaultAction":"Allow"},"supportsHttpsTrafficOnly":false,"encryption":{"services":{"file":{"keyType":"Account","enabled":true,"lastEnabledTime":"2018-06-01T22:47:22.4891345Z"},"blob":{"keyType":"Account","enabled":true,"lastEnabledTime":"2018-06-01T22:47:22.4891345Z"}},"keySource":"Microsoft.Storage"},"accessTier":"Hot","provisioningState":"Succeeded","creationTime":"2018-06-01T22:47:22.4266603Z","primaryEndpoints":{"dfs":"https://raghavtblob.dfs.core.windows.net/","blob":"https://raghavtblob.blob.core.windows.net/","table":"https://raghavtblob.table.core.windows.net/"},"primaryLocation":"southeastasia","statusOfPrimary":"available"}},{"sku":{"name":"Standard_RAGRS","tier":"Standard"},"kind":"StorageV2","id":"/subscriptions/00000000-0000-0000-0000-000000000000/resourceGroups/titruonTestRG/providers/Microsoft.Storage/storageAccounts/titruonteststorage","name":"titruonteststorage","type":"Microsoft.Storage/storageAccounts","location":"southeastasia","tags":{},"properties":{"privateEndpointConnections":[],"networkAcls":{"bypass":"AzureServices","virtualNetworkRules":[],"ipRules":[],"defaultAction":"Allow"},"supportsHttpsTrafficOnly":true,"encryption":{"services":{"file":{"keyType":"Account","enabled":true,"lastEnabledTime":"2019-08-28T22:47:22.8633286Z"},"blob":{"keyType":"Account","enabled":true,"lastEnabledTime":"2019-08-28T22:47:22.8633286Z"}},"keySource":"Microsoft.Storage"},"accessTier":"Hot","provisioningState":"Succeeded","creationTime":"2019-08-28T22:47:22.8164542Z","primaryEndpoints":{"dfs":"https://titruonteststorage.dfs.core.windows.net/","web":"https://titruonteststorage.z23.web.core.windows.net/","blob":"https://titruonteststorage.blob.core.windows.net/","queue":"https://titruonteststorage.queue.core.windows.net/","table":"https://titruonteststorage.table.core.windows.net/","file":"https://titruonteststorage.file.core.windows.net/"},"primaryLocation":"southeastasia","statusOfPrimary":"available","secondaryLocation":"eastasia","statusOfSecondary":"available","secondaryEndpoints":{"dfs":"https://titruonteststorage-secondary.dfs.core.windows.net/","web":"https://titruonteststorage-secondary.z23.web.core.windows.net/","blob":"https://titruonteststorage-secondary.blob.core.windows.net/","queue":"https://titruonteststorage-secondary.queue.core.windows.net/","table":"https://titruonteststorage-secondary.table.core.windows.net/"}}},{"sku":{"name":"Standard_LRS","tier":"Standard"},"kind":"Storage","id":"/subscriptions/00000000-0000-0000-0000-000000000000/resourceGroups/searg/providers/Microsoft.Storage/storageAccounts/sqlvabszjyyk5zmjea","name":"sqlvabszjyyk5zmjea","type":"Microsoft.Storage/storageAccounts","location":"centralus","tags":{},"properties":{"privateEndpointConnections":[],"networkAcls":{"bypass":"AzureServices","virtualNetworkRules":[],"ipRules":[],"defaultAction":"Allow"},"supportsHttpsTrafficOnly":false,"encryption":{"services":{"file":{"keyType":"Account","enabled":true,"lastEnabledTime":"2019-12-10T20:16:05.5398286Z"},"blob":{"keyType":"Account","enabled":true,"lastEnabledTime":"2019-12-10T20:16:05.5398286Z"}},"keySource":"Microsoft.Storage"},"provisioningState":"Succeeded","creationTime":"2019-12-10T20:16:05.4617133Z","primaryEndpoints":{"blob":"https://sqlvabszjyyk5zmjea.blob.core.windows.net/","queue":"https://sqlvabszjyyk5zmjea.queue.core.windows.net/","table":"https://sqlvabszjyyk5zmjea.table.core.windows.net/","file":"https://sqlvabszjyyk5zmjea.file.core.windows.net/"},"primaryLocation":"centralus","statusOfPrimary":"available"}},{"sku":{"name":"Standard_LRS","tier":"Standard"},"kind":"Storage","id":"/subscriptions/00000000-0000-0000-0000-000000000000/resourceGroups/CRIScanner/providers/Microsoft.Storage/storageAccounts/criscannerdiag","name":"criscannerdiag","type":"Microsoft.Storage/storageAccounts","location":"westus2","tags":{},"properties":{"privateEndpointConnections":[],"networkAcls":{"bypass":"AzureServices","virtualNetworkRules":[],"ipRules":[],"defaultAction":"Allow"},"supportsHttpsTrafficOnly":false,"encryption":{"services":{"file":{"keyType":"Account","enabled":true,"lastEnabledTime":"2019-04-11T19:33:10.2522940Z"},"blob":{"keyType":"Account","enabled":true,"lastEnabledTime":"2019-04-11T19:33:10.2522940Z"}},"keySource":"Microsoft.Storage"},"provisioningState":"Succeeded","creationTime":"2019-04-11T19:33:10.1897498Z","primaryEndpoints":{"blob":"https://criscannerdiag.blob.core.windows.net/","queue":"https://criscannerdiag.queue.core.windows.net/","table":"https://criscannerdiag.table.core.windows.net/","file":"https://criscannerdiag.file.core.windows.net/"},"primaryLocation":"westus2","statusOfPrimary":"available"}},{"sku":{"name":"Standard_LRS","tier":"Standard"},"kind":"Storage","id":"/subscriptions/00000000-0000-0000-0000-000000000000/resourceGroups/chozhou_test/providers/Microsoft.Storage/storageAccounts/sqlvamjrzkpdgwpw5c","name":"sqlvamjrzkpdgwpw5c","type":"Microsoft.Storage/storageAccounts","location":"westus2","tags":{},"properties":{"privateEndpointConnections":[],"networkAcls":{"bypass":"AzureServices","virtualNetworkRules":[],"ipRules":[],"defaultAction":"Allow"},"supportsHttpsTrafficOnly":false,"encryption":{"services":{"file":{"keyType":"Account","enabled":true,"lastEnabledTime":"2019-10-17T00:21:14.7797381Z"},"blob":{"keyType":"Account","enabled":true,"lastEnabledTime":"2019-10-17T00:21:14.7797381Z"}},"keySource":"Microsoft.Storage"},"provisioningState":"Succeeded","creationTime":"2019-10-17T00:21:14.7172468Z","primaryEndpoints":{"blob":"https://sqlvamjrzkpdgwpw5c.blob.core.windows.net/","queue":"https://sqlvamjrzkpdgwpw5c.queue.core.windows.net/","table":"https://sqlvamjrzkpdgwpw5c.table.core.windows.net/","file":"https://sqlvamjrzkpdgwpw5c.file.core.windows.net/"},"primaryLocation":"westus2","statusOfPrimary":"available"}},{"sku":{"name":"Standard_LRS","tier":"Standard"},"kind":"Storage","id":"/subscriptions/00000000-0000-0000-0000-000000000000/resourceGroups/ravellasrg/providers/Microsoft.Storage/storageAccounts/sqlvarhwt6o7trmj2y","name":"sqlvarhwt6o7trmj2y","type":"Microsoft.Storage/storageAccounts","location":"westus2","tags":{},"properties":{"privateEndpointConnections":[],"largeFileSharesState":"Disabled","networkAcls":{"bypass":"AzureServices","virtualNetworkRules":[],"ipRules":[],"defaultAction":"Allow"},"supportsHttpsTrafficOnly":false,"encryption":{"services":{"file":{"keyType":"Account","enabled":true,"lastEnabledTime":"2019-08-10T18:31:35.5449696Z"},"blob":{"keyType":"Account","enabled":true,"lastEnabledTime":"2019-08-10T18:31:35.5449696Z"}},"keySource":"Microsoft.Storage"},"provisioningState":"Succeeded","creationTime":"2019-08-10T18:31:35.5137887Z","primaryEndpoints":{"blob":"https://sqlvarhwt6o7trmj2y.blob.core.windows.net/","queue":"https://sqlvarhwt6o7trmj2y.queue.core.windows.net/","table":"https://sqlvarhwt6o7trmj2y.table.core.windows.net/","file":"https://sqlvarhwt6o7trmj2y.file.core.windows.net/"},"primaryLocation":"westus2","statusOfPrimary":"available"}},{"sku":{"name":"Standard_LRS","tier":"Standard"},"kind":"Storage","id":"/subscriptions/00000000-0000-0000-0000-000000000000/resourceGroups/ravellasrg/providers/Microsoft.Storage/storageAccounts/ravellasrgdiag","name":"ravellasrgdiag","type":"Microsoft.Storage/storageAccounts","location":"westcentralus","tags":{},"properties":{"privateEndpointConnections":[],"networkAcls":{"bypass":"AzureServices","virtualNetworkRules":[],"ipRules":[],"defaultAction":"Allow"},"supportsHttpsTrafficOnly":true,"encryption":{"services":{"file":{"keyType":"Account","enabled":true,"lastEnabledTime":"2019-08-28T05:24:37.9776223Z"},"blob":{"keyType":"Account","enabled":true,"lastEnabledTime":"2019-08-28T05:24:37.9776223Z"}},"keySource":"Microsoft.Storage"},"provisioningState":"Succeeded","creationTime":"2019-08-28T05:24:37.9307006Z","primaryEndpoints":{"blob":"https://ravellasrgdiag.blob.core.windows.net/","queue":"https://ravellasrgdiag.queue.core.windows.net/","table":"https://ravellasrgdiag.table.core.windows.net/","file":"https://ravellasrgdiag.file.core.windows.net/"},"primaryLocation":"westcentralus","statusOfPrimary":"available"}},{"sku":{"name":"Standard_LRS","tier":"Standard"},"kind":"Storage","id":"/subscriptions/00000000-0000-0000-0000-000000000000/resourceGroups/francecentralrg/providers/Microsoft.Storage/storageAccounts/francecentralrgdiag771","name":"francecentralrgdiag771","type":"Microsoft.Storage/storageAccounts","location":"francecentral","tags":{},"properties":{"privateEndpointConnections":[],"networkAcls":{"bypass":"AzureServices","virtualNetworkRules":[],"ipRules":[],"defaultAction":"Allow"},"supportsHttpsTrafficOnly":false,"encryption":{"services":{"file":{"keyType":"Account","enabled":true,"lastEnabledTime":"2018-01-05T19:45:08.5353436Z"},"blob":{"keyType":"Account","enabled":true,"lastEnabledTime":"2018-01-05T19:45:08.5353436Z"}},"keySource":"Microsoft.Storage"},"provisioningState":"Succeeded","creationTime":"2018-01-05T19:45:08.5197436Z","primaryEndpoints":{"blob":"https://francecentralrgdiag771.blob.core.windows.net/","queue":"https://francecentralrgdiag771.queue.core.windows.net/","table":"https://francecentralrgdiag771.table.core.windows.net/","file":"https://francecentralrgdiag771.file.core.windows.net/"},"primaryLocation":"francecentral","statusOfPrimary":"available"}},{"sku":{"name":"Premium_LRS","tier":"Premium"},"kind":"Storage","id":"/subscriptions/00000000-0000-0000-0000-000000000000/resourceGroups/francecentralrg/providers/Microsoft.Storage/storageAccounts/francecentralrgdisks442","name":"francecentralrgdisks442","type":"Microsoft.Storage/storageAccounts","location":"francecentral","tags":{},"properties":{"privateEndpointConnections":[],"networkAcls":{"bypass":"AzureServices","virtualNetworkRules":[],"ipRules":[],"defaultAction":"Allow"},"supportsHttpsTrafficOnly":false,"encryption":{"services":{"file":{"keyType":"Account","enabled":true,"lastEnabledTime":"2018-01-05T19:45:07.7384858Z"},"blob":{"keyType":"Account","enabled":true,"lastEnabledTime":"2018-01-05T19:45:07.7384858Z"}},"keySource":"Microsoft.Storage"},"provisioningState":"Succeeded","creationTime":"2018-01-05T19:45:07.7384858Z","primaryEndpoints":{"blob":"https://francecentralrgdisks442.blob.core.windows.net/"},"primaryLocation":"francecentral","statusOfPrimary":"available"}},{"sku":{"name":"Standard_ZRS","tier":"Standard"},"kind":"StorageV2","id":"/subscriptions/00000000-0000-0000-0000-000000000000/resourceGroups/francecentralrg/providers/Microsoft.Storage/storageAccounts/zrsfrancecentral","name":"zrsfrancecentral","type":"Microsoft.Storage/storageAccounts","location":"francecentral","tags":{},"properties":{"privateEndpointConnections":[],"networkAcls":{"bypass":"AzureServices","virtualNetworkRules":[],"ipRules":[],"defaultAction":"Allow"},"supportsHttpsTrafficOnly":false,"encryption":{"services":{"file":{"keyType":"Account","enabled":true,"lastEnabledTime":"2018-01-04T18:49:40.3882524Z"},"blob":{"keyType":"Account","enabled":true,"lastEnabledTime":"2018-01-04T18:49:40.3882524Z"}},"keySource":"Microsoft.Storage"},"accessTier":"Hot","provisioningState":"Succeeded","creationTime":"2018-01-04T18:49:40.3101377Z","primaryEndpoints":{"dfs":"https://zrsfrancecentral.dfs.core.windows.net/","web":"https://zrsfrancecentral.z28.web.core.windows.net/","blob":"https://zrsfrancecentral.blob.core.windows.net/","queue":"https://zrsfrancecentral.queue.core.windows.net/","table":"https://zrsfrancecentral.table.core.windows.net/","file":"https://zrsfrancecentral.file.core.windows.net/"},"primaryLocation":"francecentral","statusOfPrimary":"available"}},{"sku":{"name":"Standard_LRS","tier":"Standard"},"kind":"Storage","id":"/subscriptions/00000000-0000-0000-0000-000000000000/resourceGroups/__ElasticDatabaseJob/providers/Microsoft.Storage/storageAccounts/sqlvaubz3hdhv5yyce","name":"sqlvaubz3hdhv5yyce","type":"Microsoft.Storage/storageAccounts","location":"eastus2euap","tags":{},"properties":{"privateEndpointConnections":[],"largeFileSharesState":"Disabled","networkAcls":{"bypass":"AzureServices","virtualNetworkRules":[],"ipRules":[],"defaultAction":"Allow"},"supportsHttpsTrafficOnly":false,"encryption":{"services":{"file":{"keyType":"Account","enabled":true,"lastEnabledTime":"2019-08-16T23:26:25.3826757Z"},"blob":{"keyType":"Account","enabled":true,"lastEnabledTime":"2019-08-16T23:26:25.3826757Z"}},"keySource":"Microsoft.Storage"},"provisioningState":"Succeeded","creationTime":"2019-08-16T23:26:25.3201764Z","primaryEndpoints":{"blob":"https://sqlvaubz3hdhv5yyce.blob.core.windows.net/","queue":"https://sqlvaubz3hdhv5yyce.queue.core.windows.net/","table":"https://sqlvaubz3hdhv5yyce.table.core.windows.net/","file":"https://sqlvaubz3hdhv5yyce.file.core.windows.net/"},"primaryLocation":"eastus2euap","statusOfPrimary":"available"}}]}'
    headers:
      cache-control:
      - no-cache
      content-length:
      - '31649'
      content-type:
      - application/json; charset=utf-8
      date:
      - Wed, 04 Mar 2020 20:22:25 GMT
      expires:
      - '-1'
      pragma:
      - no-cache
      strict-transport-security:
      - max-age=31536000; includeSubDomains
      vary:
      - Accept-Encoding
      x-content-type-options:
      - nosniff
      x-ms-original-request-ids:
      - 36852398-7e63-42dc-a9dc-bbc961259bab
      - f6b6ebcb-e4c1-4356-85f9-10cb7a256680
      - ea7f0313-5d5a-4c50-a501-71fea8c2c839
      - 18fb30ff-79e6-4d34-9281-047627c5f21d
      - 60b23c0b-e0dd-4c9d-a3af-bfca7432e5ec
      - 3dd5811e-f6f4-4693-adb6-b2608432e50e
      - 1a246850-5c4d-4222-92c9-e2a7b79b80ee
      - 10dc9682-046e-43b1-8ed5-6eea353195e7
      - 81a28415-5a8a-4898-84ac-3976bad054fc
      - a5d32078-b778-4fff-81df-90942baa1106
    status:
      code: 200
      message: OK
- request:
    body: null
    headers:
      Accept:
      - application/json
      Accept-Encoding:
      - gzip, deflate
      CommandName:
      - storage blob generate-sas
      Connection:
      - keep-alive
      Content-Length:
      - '0'
      ParameterSetName:
      - --account-name -c -n --permissions --expiry
      User-Agent:
      - python/3.5.3 (Windows-2012ServerR2-6.3.9600-SP0) msrest/0.6.11 msrest_azure/0.6.2
        azure-mgmt-storage/7.2.0 Azure-SDK-For-Python AZURECLI/2.1.0
      accept-language:
      - en-US
    method: POST
    uri: https://management.azure.com/subscriptions/00000000-0000-0000-0000-000000000000/resourceGroups/clitest.rg000001/providers/Microsoft.Storage/storageAccounts/clitest000003/listKeys?api-version=2019-06-01
  response:
    body:
      string: '{"keys":[{"keyName":"key1","value":"veryFakedStorageAccountKey==","permissions":"FULL"},{"keyName":"key2","value":"veryFakedStorageAccountKey==","permissions":"FULL"}]}'
    headers:
      cache-control:
      - no-cache
      content-length:
      - '288'
      content-type:
      - application/json
      date:
      - Wed, 04 Mar 2020 20:22:25 GMT
      expires:
      - '-1'
      pragma:
      - no-cache
      server:
      - Microsoft-Azure-Storage-Resource-Provider/1.0,Microsoft-HTTPAPI/2.0 Microsoft-HTTPAPI/2.0
      strict-transport-security:
      - max-age=31536000; includeSubDomains
      transfer-encoding:
      - chunked
      vary:
      - Accept-Encoding
      x-content-type-options:
      - nosniff
      x-ms-ratelimit-remaining-subscription-resource-requests:
      - '11999'
    status:
      code: 200
      message: OK
- request:
    body: null
    headers:
      Connection:
      - keep-alive
      Content-Length:
      - '0'
      User-Agent:
      - Azure-Storage/2.0.0-2.0.1 (Python CPython 3.5.3; Windows 2012ServerR2) AZURECLI/2.1.0
      x-ms-date:
      - Wed, 04 Mar 2020 20:22:26 GMT
      x-ms-version:
      - '2018-11-09'
    method: PUT
    uri: https://clitest000003.blob.core.windows.net/bacpacs?restype=container
  response:
    body:
      string: ''
    headers:
      content-length:
      - '0'
      date:
      - Wed, 04 Mar 2020 20:22:27 GMT
      etag:
      - '"0x8D7C079C299BEDB"'
      last-modified:
      - Wed, 04 Mar 2020 20:22:28 GMT
      server:
      - Windows-Azure-Blob/1.0 Microsoft-HTTPAPI/2.0
      x-ms-version:
      - '2018-11-09'
    status:
      code: 201
      message: Created
- request:
    body: 'b''{"administratorLoginPassword": "SecretPassword123", "storageKeyType":
      "StorageAccessKey", "storageKey": "veryFakedStorageAccountKey==", "administratorLogin":
      "admin123", "storageUri": "https://clitest000003.blob.core.windows.net/bacpacs/testbacpac.bacpac"}'''
    headers:
      Accept:
      - application/json
      Accept-Encoding:
      - gzip, deflate
      CommandName:
      - sql db export
      Connection:
      - keep-alive
      Content-Length:
      - '327'
      Content-Type:
      - application/json; charset=utf-8
      ParameterSetName:
      - -s -n -g -p -u --storage-key --storage-key-type --storage-uri
      User-Agent:
      - python/3.5.3 (Windows-2012ServerR2-6.3.9600-SP0) msrest/0.6.11 msrest_azure/0.6.2
        azure-mgmt-sql/0.17.0 Azure-SDK-For-Python AZURECLI/2.1.0
      accept-language:
      - en-US
    method: POST
    uri: https://management.azure.com/subscriptions/00000000-0000-0000-0000-000000000000/resourceGroups/clitest.rg000001/providers/Microsoft.Sql/servers/clitestserver000002/databases/cliautomationdb01/export?api-version=2014-04-01
  response:
    body:
      string: '{"operation":"Export","startTime":"\/Date(1583353349867)\/"}'
    headers:
      cache-control:
      - no-store, no-cache
      content-length:
      - '60'
      content-type:
      - application/json
      dataserviceversion:
      - 3.0;
      date:
      - Wed, 04 Mar 2020 20:22:29 GMT
      location:
      - https://management.azure.com/subscriptions/00000000-0000-0000-0000-000000000000/resourceGroups/clitest.rg000001/providers/Microsoft.Sql/servers/clitestserver000002/databases/cliautomationdb01/importExportOperationResults/bcf84efc-2c68-4c73-8295-446c884c256a?api-version=2014-04-01-Preview
      preference-applied:
      - return-content
      server:
      - Microsoft-HTTPAPI/2.0
      strict-transport-security:
      - max-age=31536000; includeSubDomains
      x-content-type-options:
      - nosniff
      x-ms-ratelimit-remaining-subscription-writes:
      - '1199'
    status:
      code: 202
      message: Accepted
- request:
    body: null
    headers:
      Accept:
      - application/json
      Accept-Encoding:
      - gzip, deflate
      CommandName:
      - sql db export
      Connection:
      - keep-alive
      ParameterSetName:
      - -s -n -g -p -u --storage-key --storage-key-type --storage-uri
      User-Agent:
      - python/3.5.3 (Windows-2012ServerR2-6.3.9600-SP0) msrest/0.6.11 msrest_azure/0.6.2
        azure-mgmt-sql/0.17.0 Azure-SDK-For-Python AZURECLI/2.1.0
    method: GET
    uri: https://management.azure.com/subscriptions/00000000-0000-0000-0000-000000000000/resourceGroups/clitest.rg000001/providers/Microsoft.Sql/servers/clitestserver000002/databases/cliautomationdb01/importExportOperationResults/bcf84efc-2c68-4c73-8295-446c884c256a?api-version=2014-04-01-Preview
  response:
    body:
      string: '{"id":"/subscriptions/00000000-0000-0000-0000-000000000000/resourceGroups/clitest.rg000001/providers/Microsoft.Sql/servers/clitestserver000002/databases/cliautomationdb01/importExportOperationResults/bcf84efc-2c68-4c73-8295-446c884c256a","name":"bcf84efc-2c68-4c73-8295-446c884c256a","type":"Microsoft.Sql/servers/databases/importExportOperationResults","properties":{"requestId":"bcf84efc-2c68-4c73-8295-446c884c256a","requestType":"Export","queuedTime":"3/4/2020
        8:22:29 PM","lastModifiedTime":"3/4/2020 8:22:42 PM","blobUri":"https://clitest000003.blob.core.windows.net/bacpacs/testbacpac.bacpac","serverName":"clitestserver000002","databaseName":"cliautomationdb01","status":"Completed","errorMessage":null}}'
    headers:
      cache-control:
      - no-store, no-cache
      content-length:
      - '868'
      content-type:
      - application/json; odata=minimalmetadata; streaming=true; charset=utf-8
      dataserviceversion:
      - 3.0;
      date:
      - Wed, 04 Mar 2020 20:23:00 GMT
      server:
      - Microsoft-HTTPAPI/2.0
      strict-transport-security:
      - max-age=31536000; includeSubDomains
      transfer-encoding:
      - chunked
      vary:
      - Accept-Encoding
      x-content-type-options:
      - nosniff
    status:
      code: 200
      message: OK
- request:
    body: 'b''{"administratorLoginPassword": "SecretPassword123", "storageKeyType":
      "SharedAccessKey", "storageKey": "?sr=b&sv=2018-11-09&sp=rw&se=9999-12-25T00%3A00%3A00Z&sig=iO/WbO5Dmg45e/7fMB4yllyzEZ6r1%2BFEbhL53YXyXOA%3D",
      "administratorLogin": "admin123", "storageUri": "https://clitest000003.blob.core.windows.net/bacpacs/testbacpac2.bacpac"}'''
    headers:
      Accept:
      - application/json
      Accept-Encoding:
      - gzip, deflate
      CommandName:
      - sql db export
      Connection:
      - keep-alive
      Content-Length:
      - '345'
      Content-Type:
      - application/json; charset=utf-8
      ParameterSetName:
      - -s -n -g -p -u --storage-key --storage-key-type --storage-uri
      User-Agent:
      - python/3.5.3 (Windows-2012ServerR2-6.3.9600-SP0) msrest/0.6.11 msrest_azure/0.6.2
        azure-mgmt-sql/0.17.0 Azure-SDK-For-Python AZURECLI/2.1.0
      accept-language:
      - en-US
    method: POST
    uri: https://management.azure.com/subscriptions/00000000-0000-0000-0000-000000000000/resourceGroups/clitest.rg000001/providers/Microsoft.Sql/servers/clitestserver000002/databases/cliautomationdb01/export?api-version=2014-04-01
  response:
    body:
      string: '{"operation":"Export","startTime":"\/Date(1583353381860)\/"}'
    headers:
      cache-control:
      - no-store, no-cache
      content-length:
      - '60'
      content-type:
      - application/json
      dataserviceversion:
      - 3.0;
      date:
      - Wed, 04 Mar 2020 20:23:01 GMT
      location:
      - https://management.azure.com/subscriptions/00000000-0000-0000-0000-000000000000/resourceGroups/clitest.rg000001/providers/Microsoft.Sql/servers/clitestserver000002/databases/cliautomationdb01/importExportOperationResults/9917db7b-5392-49e2-9b80-8c4a6f7e0a17?api-version=2014-04-01-Preview
      preference-applied:
      - return-content
      server:
      - Microsoft-HTTPAPI/2.0
      strict-transport-security:
      - max-age=31536000; includeSubDomains
      x-content-type-options:
      - nosniff
      x-ms-ratelimit-remaining-subscription-writes:
      - '1199'
    status:
      code: 202
      message: Accepted
- request:
    body: null
    headers:
      Accept:
      - application/json
      Accept-Encoding:
      - gzip, deflate
      CommandName:
      - sql db export
      Connection:
      - keep-alive
      ParameterSetName:
      - -s -n -g -p -u --storage-key --storage-key-type --storage-uri
      User-Agent:
      - python/3.5.3 (Windows-2012ServerR2-6.3.9600-SP0) msrest/0.6.11 msrest_azure/0.6.2
        azure-mgmt-sql/0.17.0 Azure-SDK-For-Python AZURECLI/2.1.0
    method: GET
    uri: https://management.azure.com/subscriptions/00000000-0000-0000-0000-000000000000/resourceGroups/clitest.rg000001/providers/Microsoft.Sql/servers/clitestserver000002/databases/cliautomationdb01/importExportOperationResults/9917db7b-5392-49e2-9b80-8c4a6f7e0a17?api-version=2014-04-01-Preview
  response:
    body:
      string: '{"blobUri":"https:\/\/clitest000003.blob.core.windows.net\/bacpacs\/testbacpac2.bacpac","databaseName":"cliautomationdb01","errorMessage":null,"lastModifiedTime":"3\/4\/2020
        8:23:02 PM","queuedTime":"3\/4\/2020 8:23:01 PM","requestId":"9917db7b-5392-49e2-9b80-8c4a6f7e0a17","requestType":"Export","serverName":"clitestserver000002.database.windows.net","status":"Running,
        Progress = 0%"}'
    headers:
      cache-control:
      - no-store, no-cache
      content-length:
      - '441'
      content-type:
      - application/json; odata=minimalmetadata; streaming=true; charset=utf-8
      dataserviceversion:
      - 3.0;
      date:
      - Wed, 04 Mar 2020 20:23:31 GMT
      location:
      - https://management.azure.com/subscriptions/00000000-0000-0000-0000-000000000000/resourceGroups/clitest.rg000001/providers/Microsoft.Sql/servers/clitestserver000002/databases/cliautomationdb01/importExportOperationResults/9917db7b-5392-49e2-9b80-8c4a6f7e0a17?api-version=2014-04-01-Preview
      server:
      - Microsoft-HTTPAPI/2.0
      strict-transport-security:
      - max-age=31536000; includeSubDomains
      x-content-type-options:
      - nosniff
    status:
      code: 202
      message: Accepted
- request:
    body: null
    headers:
      Accept:
      - application/json
      Accept-Encoding:
      - gzip, deflate
      CommandName:
      - sql db export
      Connection:
      - keep-alive
      ParameterSetName:
      - -s -n -g -p -u --storage-key --storage-key-type --storage-uri
      User-Agent:
      - python/3.5.3 (Windows-2012ServerR2-6.3.9600-SP0) msrest/0.6.11 msrest_azure/0.6.2
        azure-mgmt-sql/0.17.0 Azure-SDK-For-Python AZURECLI/2.1.0
    method: GET
    uri: https://management.azure.com/subscriptions/00000000-0000-0000-0000-000000000000/resourceGroups/clitest.rg000001/providers/Microsoft.Sql/servers/clitestserver000002/databases/cliautomationdb01/importExportOperationResults/9917db7b-5392-49e2-9b80-8c4a6f7e0a17?api-version=2014-04-01-Preview
  response:
    body:
      string: '{"blobUri":"https:\/\/clitest000003.blob.core.windows.net\/bacpacs\/testbacpac2.bacpac","databaseName":"cliautomationdb01","errorMessage":null,"lastModifiedTime":"3\/4\/2020
        8:23:02 PM","queuedTime":"3\/4\/2020 8:23:01 PM","requestId":"9917db7b-5392-49e2-9b80-8c4a6f7e0a17","requestType":"Export","serverName":"clitestserver000002.database.windows.net","status":"Running,
        Progress = 0%"}'
    headers:
      cache-control:
      - no-store, no-cache
      content-length:
      - '441'
      content-type:
      - application/json; odata=minimalmetadata; streaming=true; charset=utf-8
      dataserviceversion:
      - 3.0;
      date:
      - Wed, 04 Mar 2020 20:24:02 GMT
      location:
      - https://management.azure.com/subscriptions/00000000-0000-0000-0000-000000000000/resourceGroups/clitest.rg000001/providers/Microsoft.Sql/servers/clitestserver000002/databases/cliautomationdb01/importExportOperationResults/9917db7b-5392-49e2-9b80-8c4a6f7e0a17?api-version=2014-04-01-Preview
      server:
      - Microsoft-HTTPAPI/2.0
      strict-transport-security:
      - max-age=31536000; includeSubDomains
      x-content-type-options:
      - nosniff
    status:
      code: 202
      message: Accepted
- request:
    body: null
    headers:
      Accept:
      - application/json
      Accept-Encoding:
      - gzip, deflate
      CommandName:
      - sql db export
      Connection:
      - keep-alive
      ParameterSetName:
      - -s -n -g -p -u --storage-key --storage-key-type --storage-uri
      User-Agent:
      - python/3.5.3 (Windows-2012ServerR2-6.3.9600-SP0) msrest/0.6.11 msrest_azure/0.6.2
        azure-mgmt-sql/0.17.0 Azure-SDK-For-Python AZURECLI/2.1.0
    method: GET
    uri: https://management.azure.com/subscriptions/00000000-0000-0000-0000-000000000000/resourceGroups/clitest.rg000001/providers/Microsoft.Sql/servers/clitestserver000002/databases/cliautomationdb01/importExportOperationResults/9917db7b-5392-49e2-9b80-8c4a6f7e0a17?api-version=2014-04-01-Preview
  response:
    body:
      string: '{"blobUri":"https:\/\/clitest000003.blob.core.windows.net\/bacpacs\/testbacpac2.bacpac","databaseName":"cliautomationdb01","errorMessage":null,"lastModifiedTime":"3\/4\/2020
        8:23:02 PM","queuedTime":"3\/4\/2020 8:23:01 PM","requestId":"9917db7b-5392-49e2-9b80-8c4a6f7e0a17","requestType":"Export","serverName":"clitestserver000002.database.windows.net","status":"Running,
        Progress = 0%"}'
    headers:
      cache-control:
      - no-store, no-cache
      content-length:
      - '441'
      content-type:
      - application/json; odata=minimalmetadata; streaming=true; charset=utf-8
      dataserviceversion:
      - 3.0;
      date:
      - Wed, 04 Mar 2020 20:24:32 GMT
      location:
      - https://management.azure.com/subscriptions/00000000-0000-0000-0000-000000000000/resourceGroups/clitest.rg000001/providers/Microsoft.Sql/servers/clitestserver000002/databases/cliautomationdb01/importExportOperationResults/9917db7b-5392-49e2-9b80-8c4a6f7e0a17?api-version=2014-04-01-Preview
      server:
      - Microsoft-HTTPAPI/2.0
      strict-transport-security:
      - max-age=31536000; includeSubDomains
      x-content-type-options:
      - nosniff
    status:
      code: 202
      message: Accepted
- request:
    body: null
    headers:
      Accept:
      - application/json
      Accept-Encoding:
      - gzip, deflate
      CommandName:
      - sql db export
      Connection:
      - keep-alive
      ParameterSetName:
      - -s -n -g -p -u --storage-key --storage-key-type --storage-uri
      User-Agent:
      - python/3.5.3 (Windows-2012ServerR2-6.3.9600-SP0) msrest/0.6.11 msrest_azure/0.6.2
        azure-mgmt-sql/0.17.0 Azure-SDK-For-Python AZURECLI/2.1.0
    method: GET
    uri: https://management.azure.com/subscriptions/00000000-0000-0000-0000-000000000000/resourceGroups/clitest.rg000001/providers/Microsoft.Sql/servers/clitestserver000002/databases/cliautomationdb01/importExportOperationResults/9917db7b-5392-49e2-9b80-8c4a6f7e0a17?api-version=2014-04-01-Preview
  response:
    body:
      string: '{"blobUri":"https:\/\/clitest000003.blob.core.windows.net\/bacpacs\/testbacpac2.bacpac","databaseName":"cliautomationdb01","errorMessage":null,"lastModifiedTime":"3\/4\/2020
        8:23:02 PM","queuedTime":"3\/4\/2020 8:23:01 PM","requestId":"9917db7b-5392-49e2-9b80-8c4a6f7e0a17","requestType":"Export","serverName":"clitestserver000002.database.windows.net","status":"Running,
        Progress = 0%"}'
    headers:
      cache-control:
      - no-store, no-cache
      content-length:
      - '441'
      content-type:
      - application/json; odata=minimalmetadata; streaming=true; charset=utf-8
      dataserviceversion:
      - 3.0;
      date:
      - Wed, 04 Mar 2020 20:25:03 GMT
      location:
      - https://management.azure.com/subscriptions/00000000-0000-0000-0000-000000000000/resourceGroups/clitest.rg000001/providers/Microsoft.Sql/servers/clitestserver000002/databases/cliautomationdb01/importExportOperationResults/9917db7b-5392-49e2-9b80-8c4a6f7e0a17?api-version=2014-04-01-Preview
      server:
      - Microsoft-HTTPAPI/2.0
      strict-transport-security:
      - max-age=31536000; includeSubDomains
      x-content-type-options:
      - nosniff
    status:
      code: 202
      message: Accepted
- request:
    body: null
    headers:
      Accept:
      - application/json
      Accept-Encoding:
      - gzip, deflate
      CommandName:
      - sql db export
      Connection:
      - keep-alive
      ParameterSetName:
      - -s -n -g -p -u --storage-key --storage-key-type --storage-uri
      User-Agent:
      - python/3.5.3 (Windows-2012ServerR2-6.3.9600-SP0) msrest/0.6.11 msrest_azure/0.6.2
        azure-mgmt-sql/0.17.0 Azure-SDK-For-Python AZURECLI/2.1.0
    method: GET
    uri: https://management.azure.com/subscriptions/00000000-0000-0000-0000-000000000000/resourceGroups/clitest.rg000001/providers/Microsoft.Sql/servers/clitestserver000002/databases/cliautomationdb01/importExportOperationResults/9917db7b-5392-49e2-9b80-8c4a6f7e0a17?api-version=2014-04-01-Preview
  response:
    body:
      string: '{"blobUri":"https:\/\/clitest000003.blob.core.windows.net\/bacpacs\/testbacpac2.bacpac","databaseName":"cliautomationdb01","errorMessage":null,"lastModifiedTime":"3\/4\/2020
        8:23:02 PM","queuedTime":"3\/4\/2020 8:23:01 PM","requestId":"9917db7b-5392-49e2-9b80-8c4a6f7e0a17","requestType":"Export","serverName":"clitestserver000002.database.windows.net","status":"Running,
        Progress = 0%"}'
    headers:
      cache-control:
      - no-store, no-cache
      content-length:
      - '441'
      content-type:
      - application/json; odata=minimalmetadata; streaming=true; charset=utf-8
      dataserviceversion:
      - 3.0;
      date:
      - Wed, 04 Mar 2020 20:25:33 GMT
      location:
      - https://management.azure.com/subscriptions/00000000-0000-0000-0000-000000000000/resourceGroups/clitest.rg000001/providers/Microsoft.Sql/servers/clitestserver000002/databases/cliautomationdb01/importExportOperationResults/9917db7b-5392-49e2-9b80-8c4a6f7e0a17?api-version=2014-04-01-Preview
      server:
      - Microsoft-HTTPAPI/2.0
      strict-transport-security:
      - max-age=31536000; includeSubDomains
      x-content-type-options:
      - nosniff
    status:
      code: 202
      message: Accepted
- request:
    body: null
    headers:
      Accept:
      - application/json
      Accept-Encoding:
      - gzip, deflate
      CommandName:
      - sql db export
      Connection:
      - keep-alive
      ParameterSetName:
      - -s -n -g -p -u --storage-key --storage-key-type --storage-uri
      User-Agent:
      - python/3.5.3 (Windows-2012ServerR2-6.3.9600-SP0) msrest/0.6.11 msrest_azure/0.6.2
        azure-mgmt-sql/0.17.0 Azure-SDK-For-Python AZURECLI/2.1.0
    method: GET
    uri: https://management.azure.com/subscriptions/00000000-0000-0000-0000-000000000000/resourceGroups/clitest.rg000001/providers/Microsoft.Sql/servers/clitestserver000002/databases/cliautomationdb01/importExportOperationResults/9917db7b-5392-49e2-9b80-8c4a6f7e0a17?api-version=2014-04-01-Preview
  response:
    body:
      string: '{"blobUri":"https:\/\/clitest000003.blob.core.windows.net\/bacpacs\/testbacpac2.bacpac","databaseName":"cliautomationdb01","errorMessage":null,"lastModifiedTime":"3\/4\/2020
        8:23:02 PM","queuedTime":"3\/4\/2020 8:23:01 PM","requestId":"9917db7b-5392-49e2-9b80-8c4a6f7e0a17","requestType":"Export","serverName":"clitestserver000002.database.windows.net","status":"Running,
        Progress = 0%"}'
    headers:
      cache-control:
      - no-store, no-cache
      content-length:
      - '441'
      content-type:
      - application/json; odata=minimalmetadata; streaming=true; charset=utf-8
      dataserviceversion:
      - 3.0;
      date:
      - Wed, 04 Mar 2020 20:26:04 GMT
      location:
      - https://management.azure.com/subscriptions/00000000-0000-0000-0000-000000000000/resourceGroups/clitest.rg000001/providers/Microsoft.Sql/servers/clitestserver000002/databases/cliautomationdb01/importExportOperationResults/9917db7b-5392-49e2-9b80-8c4a6f7e0a17?api-version=2014-04-01-Preview
      server:
      - Microsoft-HTTPAPI/2.0
      strict-transport-security:
      - max-age=31536000; includeSubDomains
      x-content-type-options:
      - nosniff
    status:
      code: 202
      message: Accepted
- request:
    body: null
    headers:
      Accept:
      - application/json
      Accept-Encoding:
      - gzip, deflate
      CommandName:
      - sql db export
      Connection:
      - keep-alive
      ParameterSetName:
      - -s -n -g -p -u --storage-key --storage-key-type --storage-uri
      User-Agent:
      - python/3.5.3 (Windows-2012ServerR2-6.3.9600-SP0) msrest/0.6.11 msrest_azure/0.6.2
        azure-mgmt-sql/0.17.0 Azure-SDK-For-Python AZURECLI/2.1.0
    method: GET
    uri: https://management.azure.com/subscriptions/00000000-0000-0000-0000-000000000000/resourceGroups/clitest.rg000001/providers/Microsoft.Sql/servers/clitestserver000002/databases/cliautomationdb01/importExportOperationResults/9917db7b-5392-49e2-9b80-8c4a6f7e0a17?api-version=2014-04-01-Preview
  response:
    body:
      string: '{"blobUri":"https:\/\/clitest000003.blob.core.windows.net\/bacpacs\/testbacpac2.bacpac","databaseName":"cliautomationdb01","errorMessage":null,"lastModifiedTime":"3\/4\/2020
        8:23:02 PM","queuedTime":"3\/4\/2020 8:23:01 PM","requestId":"9917db7b-5392-49e2-9b80-8c4a6f7e0a17","requestType":"Export","serverName":"clitestserver000002.database.windows.net","status":"Running,
        Progress = 0%"}'
    headers:
      cache-control:
      - no-store, no-cache
      content-length:
      - '441'
      content-type:
      - application/json; odata=minimalmetadata; streaming=true; charset=utf-8
      dataserviceversion:
      - 3.0;
      date:
      - Wed, 04 Mar 2020 20:26:34 GMT
      location:
      - https://management.azure.com/subscriptions/00000000-0000-0000-0000-000000000000/resourceGroups/clitest.rg000001/providers/Microsoft.Sql/servers/clitestserver000002/databases/cliautomationdb01/importExportOperationResults/9917db7b-5392-49e2-9b80-8c4a6f7e0a17?api-version=2014-04-01-Preview
      server:
      - Microsoft-HTTPAPI/2.0
      strict-transport-security:
      - max-age=31536000; includeSubDomains
      x-content-type-options:
      - nosniff
    status:
      code: 202
      message: Accepted
- request:
    body: null
    headers:
      Accept:
      - application/json
      Accept-Encoding:
      - gzip, deflate
      CommandName:
      - sql db export
      Connection:
      - keep-alive
      ParameterSetName:
      - -s -n -g -p -u --storage-key --storage-key-type --storage-uri
      User-Agent:
      - python/3.5.3 (Windows-2012ServerR2-6.3.9600-SP0) msrest/0.6.11 msrest_azure/0.6.2
        azure-mgmt-sql/0.17.0 Azure-SDK-For-Python AZURECLI/2.1.0
    method: GET
    uri: https://management.azure.com/subscriptions/00000000-0000-0000-0000-000000000000/resourceGroups/clitest.rg000001/providers/Microsoft.Sql/servers/clitestserver000002/databases/cliautomationdb01/importExportOperationResults/9917db7b-5392-49e2-9b80-8c4a6f7e0a17?api-version=2014-04-01-Preview
  response:
    body:
      string: '{"blobUri":"https:\/\/clitest000003.blob.core.windows.net\/bacpacs\/testbacpac2.bacpac","databaseName":"cliautomationdb01","errorMessage":null,"lastModifiedTime":"3\/4\/2020
        8:23:02 PM","queuedTime":"3\/4\/2020 8:23:01 PM","requestId":"9917db7b-5392-49e2-9b80-8c4a6f7e0a17","requestType":"Export","serverName":"clitestserver000002.database.windows.net","status":"Running,
        Progress = 0%"}'
    headers:
      cache-control:
      - no-store, no-cache
      content-length:
      - '441'
      content-type:
      - application/json; odata=minimalmetadata; streaming=true; charset=utf-8
      dataserviceversion:
      - 3.0;
      date:
      - Wed, 04 Mar 2020 20:27:04 GMT
      location:
      - https://management.azure.com/subscriptions/00000000-0000-0000-0000-000000000000/resourceGroups/clitest.rg000001/providers/Microsoft.Sql/servers/clitestserver000002/databases/cliautomationdb01/importExportOperationResults/9917db7b-5392-49e2-9b80-8c4a6f7e0a17?api-version=2014-04-01-Preview
      server:
      - Microsoft-HTTPAPI/2.0
      strict-transport-security:
      - max-age=31536000; includeSubDomains
      x-content-type-options:
      - nosniff
    status:
      code: 202
      message: Accepted
- request:
    body: null
    headers:
      Accept:
      - application/json
      Accept-Encoding:
      - gzip, deflate
      CommandName:
      - sql db export
      Connection:
      - keep-alive
      ParameterSetName:
      - -s -n -g -p -u --storage-key --storage-key-type --storage-uri
      User-Agent:
      - python/3.5.3 (Windows-2012ServerR2-6.3.9600-SP0) msrest/0.6.11 msrest_azure/0.6.2
        azure-mgmt-sql/0.17.0 Azure-SDK-For-Python AZURECLI/2.1.0
    method: GET
    uri: https://management.azure.com/subscriptions/00000000-0000-0000-0000-000000000000/resourceGroups/clitest.rg000001/providers/Microsoft.Sql/servers/clitestserver000002/databases/cliautomationdb01/importExportOperationResults/9917db7b-5392-49e2-9b80-8c4a6f7e0a17?api-version=2014-04-01-Preview
  response:
    body:
      string: '{"blobUri":"https:\/\/clitest000003.blob.core.windows.net\/bacpacs\/testbacpac2.bacpac","databaseName":"cliautomationdb01","errorMessage":null,"lastModifiedTime":"3\/4\/2020
        8:23:02 PM","queuedTime":"3\/4\/2020 8:23:01 PM","requestId":"9917db7b-5392-49e2-9b80-8c4a6f7e0a17","requestType":"Export","serverName":"clitestserver000002.database.windows.net","status":"Running,
        Progress = 0%"}'
    headers:
      cache-control:
      - no-store, no-cache
      content-length:
      - '441'
      content-type:
      - application/json; odata=minimalmetadata; streaming=true; charset=utf-8
      dataserviceversion:
      - 3.0;
      date:
      - Wed, 04 Mar 2020 20:27:34 GMT
      location:
      - https://management.azure.com/subscriptions/00000000-0000-0000-0000-000000000000/resourceGroups/clitest.rg000001/providers/Microsoft.Sql/servers/clitestserver000002/databases/cliautomationdb01/importExportOperationResults/9917db7b-5392-49e2-9b80-8c4a6f7e0a17?api-version=2014-04-01-Preview
      server:
      - Microsoft-HTTPAPI/2.0
      strict-transport-security:
      - max-age=31536000; includeSubDomains
      x-content-type-options:
      - nosniff
    status:
      code: 202
      message: Accepted
- request:
    body: null
    headers:
      Accept:
      - application/json
      Accept-Encoding:
      - gzip, deflate
      CommandName:
      - sql db export
      Connection:
      - keep-alive
      ParameterSetName:
      - -s -n -g -p -u --storage-key --storage-key-type --storage-uri
      User-Agent:
      - python/3.5.3 (Windows-2012ServerR2-6.3.9600-SP0) msrest/0.6.11 msrest_azure/0.6.2
        azure-mgmt-sql/0.17.0 Azure-SDK-For-Python AZURECLI/2.1.0
    method: GET
    uri: https://management.azure.com/subscriptions/00000000-0000-0000-0000-000000000000/resourceGroups/clitest.rg000001/providers/Microsoft.Sql/servers/clitestserver000002/databases/cliautomationdb01/importExportOperationResults/9917db7b-5392-49e2-9b80-8c4a6f7e0a17?api-version=2014-04-01-Preview
  response:
    body:
      string: '{"blobUri":"https:\/\/clitest000003.blob.core.windows.net\/bacpacs\/testbacpac2.bacpac","databaseName":"cliautomationdb01","errorMessage":null,"lastModifiedTime":"3\/4\/2020
        8:23:02 PM","queuedTime":"3\/4\/2020 8:23:01 PM","requestId":"9917db7b-5392-49e2-9b80-8c4a6f7e0a17","requestType":"Export","serverName":"clitestserver000002.database.windows.net","status":"Running,
        Progress = 0%"}'
    headers:
      cache-control:
      - no-store, no-cache
      content-length:
      - '441'
      content-type:
      - application/json; odata=minimalmetadata; streaming=true; charset=utf-8
      dataserviceversion:
      - 3.0;
      date:
      - Wed, 04 Mar 2020 20:28:05 GMT
      location:
      - https://management.azure.com/subscriptions/00000000-0000-0000-0000-000000000000/resourceGroups/clitest.rg000001/providers/Microsoft.Sql/servers/clitestserver000002/databases/cliautomationdb01/importExportOperationResults/9917db7b-5392-49e2-9b80-8c4a6f7e0a17?api-version=2014-04-01-Preview
      server:
      - Microsoft-HTTPAPI/2.0
      strict-transport-security:
      - max-age=31536000; includeSubDomains
      x-content-type-options:
      - nosniff
    status:
      code: 202
      message: Accepted
- request:
    body: null
    headers:
      Accept:
      - application/json
      Accept-Encoding:
      - gzip, deflate
      CommandName:
      - sql db export
      Connection:
      - keep-alive
      ParameterSetName:
      - -s -n -g -p -u --storage-key --storage-key-type --storage-uri
      User-Agent:
      - python/3.5.3 (Windows-2012ServerR2-6.3.9600-SP0) msrest/0.6.11 msrest_azure/0.6.2
        azure-mgmt-sql/0.17.0 Azure-SDK-For-Python AZURECLI/2.1.0
    method: GET
    uri: https://management.azure.com/subscriptions/00000000-0000-0000-0000-000000000000/resourceGroups/clitest.rg000001/providers/Microsoft.Sql/servers/clitestserver000002/databases/cliautomationdb01/importExportOperationResults/9917db7b-5392-49e2-9b80-8c4a6f7e0a17?api-version=2014-04-01-Preview
  response:
    body:
      string: '{"blobUri":"https:\/\/clitest000003.blob.core.windows.net\/bacpacs\/testbacpac2.bacpac","databaseName":"cliautomationdb01","errorMessage":null,"lastModifiedTime":"3\/4\/2020
        8:23:02 PM","queuedTime":"3\/4\/2020 8:23:01 PM","requestId":"9917db7b-5392-49e2-9b80-8c4a6f7e0a17","requestType":"Export","serverName":"clitestserver000002.database.windows.net","status":"Running,
        Progress = 0%"}'
    headers:
      cache-control:
      - no-store, no-cache
      content-length:
      - '441'
      content-type:
      - application/json; odata=minimalmetadata; streaming=true; charset=utf-8
      dataserviceversion:
      - 3.0;
      date:
      - Wed, 04 Mar 2020 20:28:35 GMT
      location:
      - https://management.azure.com/subscriptions/00000000-0000-0000-0000-000000000000/resourceGroups/clitest.rg000001/providers/Microsoft.Sql/servers/clitestserver000002/databases/cliautomationdb01/importExportOperationResults/9917db7b-5392-49e2-9b80-8c4a6f7e0a17?api-version=2014-04-01-Preview
      server:
      - Microsoft-HTTPAPI/2.0
      strict-transport-security:
      - max-age=31536000; includeSubDomains
      x-content-type-options:
      - nosniff
    status:
      code: 202
      message: Accepted
- request:
    body: null
    headers:
      Accept:
      - application/json
      Accept-Encoding:
      - gzip, deflate
      CommandName:
      - sql db export
      Connection:
      - keep-alive
      ParameterSetName:
      - -s -n -g -p -u --storage-key --storage-key-type --storage-uri
      User-Agent:
      - python/3.5.3 (Windows-2012ServerR2-6.3.9600-SP0) msrest/0.6.11 msrest_azure/0.6.2
        azure-mgmt-sql/0.17.0 Azure-SDK-For-Python AZURECLI/2.1.0
    method: GET
    uri: https://management.azure.com/subscriptions/00000000-0000-0000-0000-000000000000/resourceGroups/clitest.rg000001/providers/Microsoft.Sql/servers/clitestserver000002/databases/cliautomationdb01/importExportOperationResults/9917db7b-5392-49e2-9b80-8c4a6f7e0a17?api-version=2014-04-01-Preview
  response:
    body:
      string: '{"blobUri":"https:\/\/clitest000003.blob.core.windows.net\/bacpacs\/testbacpac2.bacpac","databaseName":"cliautomationdb01","errorMessage":null,"lastModifiedTime":"3\/4\/2020
        8:23:02 PM","queuedTime":"3\/4\/2020 8:23:01 PM","requestId":"9917db7b-5392-49e2-9b80-8c4a6f7e0a17","requestType":"Export","serverName":"clitestserver000002.database.windows.net","status":"Running,
        Progress = 0%"}'
    headers:
      cache-control:
      - no-store, no-cache
      content-length:
      - '441'
      content-type:
      - application/json; odata=minimalmetadata; streaming=true; charset=utf-8
      dataserviceversion:
      - 3.0;
      date:
      - Wed, 04 Mar 2020 20:29:05 GMT
      location:
      - https://management.azure.com/subscriptions/00000000-0000-0000-0000-000000000000/resourceGroups/clitest.rg000001/providers/Microsoft.Sql/servers/clitestserver000002/databases/cliautomationdb01/importExportOperationResults/9917db7b-5392-49e2-9b80-8c4a6f7e0a17?api-version=2014-04-01-Preview
      server:
      - Microsoft-HTTPAPI/2.0
      strict-transport-security:
      - max-age=31536000; includeSubDomains
      x-content-type-options:
      - nosniff
    status:
      code: 202
      message: Accepted
- request:
    body: null
    headers:
      Accept:
      - application/json
      Accept-Encoding:
      - gzip, deflate
      CommandName:
      - sql db export
      Connection:
      - keep-alive
      ParameterSetName:
      - -s -n -g -p -u --storage-key --storage-key-type --storage-uri
      User-Agent:
      - python/3.5.3 (Windows-2012ServerR2-6.3.9600-SP0) msrest/0.6.11 msrest_azure/0.6.2
        azure-mgmt-sql/0.17.0 Azure-SDK-For-Python AZURECLI/2.1.0
    method: GET
    uri: https://management.azure.com/subscriptions/00000000-0000-0000-0000-000000000000/resourceGroups/clitest.rg000001/providers/Microsoft.Sql/servers/clitestserver000002/databases/cliautomationdb01/importExportOperationResults/9917db7b-5392-49e2-9b80-8c4a6f7e0a17?api-version=2014-04-01-Preview
  response:
    body:
      string: '{"blobUri":"https:\/\/clitest000003.blob.core.windows.net\/bacpacs\/testbacpac2.bacpac","databaseName":"cliautomationdb01","errorMessage":null,"lastModifiedTime":"3\/4\/2020
        8:23:02 PM","queuedTime":"3\/4\/2020 8:23:01 PM","requestId":"9917db7b-5392-49e2-9b80-8c4a6f7e0a17","requestType":"Export","serverName":"clitestserver000002.database.windows.net","status":"Running,
        Progress = 0%"}'
    headers:
      cache-control:
      - no-store, no-cache
      content-length:
      - '441'
      content-type:
      - application/json; odata=minimalmetadata; streaming=true; charset=utf-8
      dataserviceversion:
      - 3.0;
      date:
      - Wed, 04 Mar 2020 20:29:36 GMT
      location:
      - https://management.azure.com/subscriptions/00000000-0000-0000-0000-000000000000/resourceGroups/clitest.rg000001/providers/Microsoft.Sql/servers/clitestserver000002/databases/cliautomationdb01/importExportOperationResults/9917db7b-5392-49e2-9b80-8c4a6f7e0a17?api-version=2014-04-01-Preview
      server:
      - Microsoft-HTTPAPI/2.0
      strict-transport-security:
      - max-age=31536000; includeSubDomains
      x-content-type-options:
      - nosniff
    status:
      code: 202
      message: Accepted
- request:
    body: null
    headers:
      Accept:
      - application/json
      Accept-Encoding:
      - gzip, deflate
      CommandName:
      - sql db export
      Connection:
      - keep-alive
      ParameterSetName:
      - -s -n -g -p -u --storage-key --storage-key-type --storage-uri
      User-Agent:
      - python/3.5.3 (Windows-2012ServerR2-6.3.9600-SP0) msrest/0.6.11 msrest_azure/0.6.2
        azure-mgmt-sql/0.17.0 Azure-SDK-For-Python AZURECLI/2.1.0
    method: GET
    uri: https://management.azure.com/subscriptions/00000000-0000-0000-0000-000000000000/resourceGroups/clitest.rg000001/providers/Microsoft.Sql/servers/clitestserver000002/databases/cliautomationdb01/importExportOperationResults/9917db7b-5392-49e2-9b80-8c4a6f7e0a17?api-version=2014-04-01-Preview
  response:
    body:
      string: '{"blobUri":"https:\/\/clitest000003.blob.core.windows.net\/bacpacs\/testbacpac2.bacpac","databaseName":"cliautomationdb01","errorMessage":null,"lastModifiedTime":"3\/4\/2020
        8:23:02 PM","queuedTime":"3\/4\/2020 8:23:01 PM","requestId":"9917db7b-5392-49e2-9b80-8c4a6f7e0a17","requestType":"Export","serverName":"clitestserver000002.database.windows.net","status":"Running,
        Progress = 0%"}'
    headers:
      cache-control:
      - no-store, no-cache
      content-length:
      - '441'
      content-type:
      - application/json; odata=minimalmetadata; streaming=true; charset=utf-8
      dataserviceversion:
      - 3.0;
      date:
      - Wed, 04 Mar 2020 20:30:07 GMT
      location:
      - https://management.azure.com/subscriptions/00000000-0000-0000-0000-000000000000/resourceGroups/clitest.rg000001/providers/Microsoft.Sql/servers/clitestserver000002/databases/cliautomationdb01/importExportOperationResults/9917db7b-5392-49e2-9b80-8c4a6f7e0a17?api-version=2014-04-01-Preview
      server:
      - Microsoft-HTTPAPI/2.0
      strict-transport-security:
      - max-age=31536000; includeSubDomains
      x-content-type-options:
      - nosniff
    status:
      code: 202
      message: Accepted
- request:
    body: null
    headers:
      Accept:
      - application/json
      Accept-Encoding:
      - gzip, deflate
      CommandName:
      - sql db export
      Connection:
      - keep-alive
      ParameterSetName:
      - -s -n -g -p -u --storage-key --storage-key-type --storage-uri
      User-Agent:
      - python/3.5.3 (Windows-2012ServerR2-6.3.9600-SP0) msrest/0.6.11 msrest_azure/0.6.2
        azure-mgmt-sql/0.17.0 Azure-SDK-For-Python AZURECLI/2.1.0
    method: GET
    uri: https://management.azure.com/subscriptions/00000000-0000-0000-0000-000000000000/resourceGroups/clitest.rg000001/providers/Microsoft.Sql/servers/clitestserver000002/databases/cliautomationdb01/importExportOperationResults/9917db7b-5392-49e2-9b80-8c4a6f7e0a17?api-version=2014-04-01-Preview
  response:
    body:
      string: '{"blobUri":"https:\/\/clitest000003.blob.core.windows.net\/bacpacs\/testbacpac2.bacpac","databaseName":"cliautomationdb01","errorMessage":null,"lastModifiedTime":"3\/4\/2020
        8:23:02 PM","queuedTime":"3\/4\/2020 8:23:01 PM","requestId":"9917db7b-5392-49e2-9b80-8c4a6f7e0a17","requestType":"Export","serverName":"clitestserver000002.database.windows.net","status":"Running,
        Progress = 0%"}'
    headers:
      cache-control:
      - no-store, no-cache
      content-length:
      - '441'
      content-type:
      - application/json; odata=minimalmetadata; streaming=true; charset=utf-8
      dataserviceversion:
      - 3.0;
      date:
      - Wed, 04 Mar 2020 20:30:37 GMT
      location:
      - https://management.azure.com/subscriptions/00000000-0000-0000-0000-000000000000/resourceGroups/clitest.rg000001/providers/Microsoft.Sql/servers/clitestserver000002/databases/cliautomationdb01/importExportOperationResults/9917db7b-5392-49e2-9b80-8c4a6f7e0a17?api-version=2014-04-01-Preview
      server:
      - Microsoft-HTTPAPI/2.0
      strict-transport-security:
      - max-age=31536000; includeSubDomains
      x-content-type-options:
      - nosniff
    status:
      code: 202
      message: Accepted
- request:
    body: null
    headers:
      Accept:
      - application/json
      Accept-Encoding:
      - gzip, deflate
      CommandName:
      - sql db export
      Connection:
      - keep-alive
      ParameterSetName:
      - -s -n -g -p -u --storage-key --storage-key-type --storage-uri
      User-Agent:
      - python/3.5.3 (Windows-2012ServerR2-6.3.9600-SP0) msrest/0.6.11 msrest_azure/0.6.2
        azure-mgmt-sql/0.17.0 Azure-SDK-For-Python AZURECLI/2.1.0
    method: GET
    uri: https://management.azure.com/subscriptions/00000000-0000-0000-0000-000000000000/resourceGroups/clitest.rg000001/providers/Microsoft.Sql/servers/clitestserver000002/databases/cliautomationdb01/importExportOperationResults/9917db7b-5392-49e2-9b80-8c4a6f7e0a17?api-version=2014-04-01-Preview
  response:
    body:
      string: '{"blobUri":"https:\/\/clitest000003.blob.core.windows.net\/bacpacs\/testbacpac2.bacpac","databaseName":"cliautomationdb01","errorMessage":null,"lastModifiedTime":"3\/4\/2020
        8:23:02 PM","queuedTime":"3\/4\/2020 8:23:01 PM","requestId":"9917db7b-5392-49e2-9b80-8c4a6f7e0a17","requestType":"Export","serverName":"clitestserver000002.database.windows.net","status":"Running,
        Progress = 0%"}'
    headers:
      cache-control:
      - no-store, no-cache
      content-length:
      - '441'
      content-type:
      - application/json; odata=minimalmetadata; streaming=true; charset=utf-8
      dataserviceversion:
      - 3.0;
      date:
      - Wed, 04 Mar 2020 20:31:08 GMT
      location:
      - https://management.azure.com/subscriptions/00000000-0000-0000-0000-000000000000/resourceGroups/clitest.rg000001/providers/Microsoft.Sql/servers/clitestserver000002/databases/cliautomationdb01/importExportOperationResults/9917db7b-5392-49e2-9b80-8c4a6f7e0a17?api-version=2014-04-01-Preview
      server:
      - Microsoft-HTTPAPI/2.0
      strict-transport-security:
      - max-age=31536000; includeSubDomains
      x-content-type-options:
      - nosniff
    status:
      code: 202
      message: Accepted
- request:
    body: null
    headers:
      Accept:
      - application/json
      Accept-Encoding:
      - gzip, deflate
      CommandName:
      - sql db export
      Connection:
      - keep-alive
      ParameterSetName:
      - -s -n -g -p -u --storage-key --storage-key-type --storage-uri
      User-Agent:
      - python/3.5.3 (Windows-2012ServerR2-6.3.9600-SP0) msrest/0.6.11 msrest_azure/0.6.2
        azure-mgmt-sql/0.17.0 Azure-SDK-For-Python AZURECLI/2.1.0
    method: GET
    uri: https://management.azure.com/subscriptions/00000000-0000-0000-0000-000000000000/resourceGroups/clitest.rg000001/providers/Microsoft.Sql/servers/clitestserver000002/databases/cliautomationdb01/importExportOperationResults/9917db7b-5392-49e2-9b80-8c4a6f7e0a17?api-version=2014-04-01-Preview
  response:
    body:
      string: '{"blobUri":"https:\/\/clitest000003.blob.core.windows.net\/bacpacs\/testbacpac2.bacpac","databaseName":"cliautomationdb01","errorMessage":null,"lastModifiedTime":"3\/4\/2020
        8:23:02 PM","queuedTime":"3\/4\/2020 8:23:01 PM","requestId":"9917db7b-5392-49e2-9b80-8c4a6f7e0a17","requestType":"Export","serverName":"clitestserver000002.database.windows.net","status":"Running,
        Progress = 0%"}'
    headers:
      cache-control:
      - no-store, no-cache
      content-length:
      - '441'
      content-type:
      - application/json; odata=minimalmetadata; streaming=true; charset=utf-8
      dataserviceversion:
      - 3.0;
      date:
      - Wed, 04 Mar 2020 20:31:38 GMT
      location:
      - https://management.azure.com/subscriptions/00000000-0000-0000-0000-000000000000/resourceGroups/clitest.rg000001/providers/Microsoft.Sql/servers/clitestserver000002/databases/cliautomationdb01/importExportOperationResults/9917db7b-5392-49e2-9b80-8c4a6f7e0a17?api-version=2014-04-01-Preview
      server:
      - Microsoft-HTTPAPI/2.0
      strict-transport-security:
      - max-age=31536000; includeSubDomains
      x-content-type-options:
      - nosniff
    status:
      code: 202
      message: Accepted
- request:
    body: null
    headers:
      Accept:
      - application/json
      Accept-Encoding:
      - gzip, deflate
      CommandName:
      - sql db export
      Connection:
      - keep-alive
      ParameterSetName:
      - -s -n -g -p -u --storage-key --storage-key-type --storage-uri
      User-Agent:
      - python/3.5.3 (Windows-2012ServerR2-6.3.9600-SP0) msrest/0.6.11 msrest_azure/0.6.2
        azure-mgmt-sql/0.17.0 Azure-SDK-For-Python AZURECLI/2.1.0
    method: GET
    uri: https://management.azure.com/subscriptions/00000000-0000-0000-0000-000000000000/resourceGroups/clitest.rg000001/providers/Microsoft.Sql/servers/clitestserver000002/databases/cliautomationdb01/importExportOperationResults/9917db7b-5392-49e2-9b80-8c4a6f7e0a17?api-version=2014-04-01-Preview
  response:
    body:
      string: '{"blobUri":"https:\/\/clitest000003.blob.core.windows.net\/bacpacs\/testbacpac2.bacpac","databaseName":"cliautomationdb01","errorMessage":null,"lastModifiedTime":"3\/4\/2020
        8:23:02 PM","queuedTime":"3\/4\/2020 8:23:01 PM","requestId":"9917db7b-5392-49e2-9b80-8c4a6f7e0a17","requestType":"Export","serverName":"clitestserver000002.database.windows.net","status":"Running,
        Progress = 0%"}'
    headers:
      cache-control:
      - no-store, no-cache
      content-length:
      - '441'
      content-type:
      - application/json; odata=minimalmetadata; streaming=true; charset=utf-8
      dataserviceversion:
      - 3.0;
      date:
      - Wed, 04 Mar 2020 20:32:12 GMT
      location:
      - https://management.azure.com/subscriptions/00000000-0000-0000-0000-000000000000/resourceGroups/clitest.rg000001/providers/Microsoft.Sql/servers/clitestserver000002/databases/cliautomationdb01/importExportOperationResults/9917db7b-5392-49e2-9b80-8c4a6f7e0a17?api-version=2014-04-01-Preview
      server:
      - Microsoft-HTTPAPI/2.0
      strict-transport-security:
      - max-age=31536000; includeSubDomains
      x-content-type-options:
      - nosniff
    status:
      code: 202
      message: Accepted
- request:
    body: null
    headers:
      Accept:
      - application/json
      Accept-Encoding:
      - gzip, deflate
      CommandName:
      - sql db export
      Connection:
      - keep-alive
      ParameterSetName:
      - -s -n -g -p -u --storage-key --storage-key-type --storage-uri
      User-Agent:
      - python/3.5.3 (Windows-2012ServerR2-6.3.9600-SP0) msrest/0.6.11 msrest_azure/0.6.2
        azure-mgmt-sql/0.17.0 Azure-SDK-For-Python AZURECLI/2.1.0
    method: GET
    uri: https://management.azure.com/subscriptions/00000000-0000-0000-0000-000000000000/resourceGroups/clitest.rg000001/providers/Microsoft.Sql/servers/clitestserver000002/databases/cliautomationdb01/importExportOperationResults/9917db7b-5392-49e2-9b80-8c4a6f7e0a17?api-version=2014-04-01-Preview
  response:
    body:
      string: '{"blobUri":"https:\/\/clitest000003.blob.core.windows.net\/bacpacs\/testbacpac2.bacpac","databaseName":"cliautomationdb01","errorMessage":null,"lastModifiedTime":"3\/4\/2020
        8:23:02 PM","queuedTime":"3\/4\/2020 8:23:01 PM","requestId":"9917db7b-5392-49e2-9b80-8c4a6f7e0a17","requestType":"Export","serverName":"clitestserver000002.database.windows.net","status":"Running,
        Progress = 0%"}'
    headers:
      cache-control:
      - no-store, no-cache
      content-length:
      - '441'
      content-type:
      - application/json; odata=minimalmetadata; streaming=true; charset=utf-8
      dataserviceversion:
      - 3.0;
      date:
      - Wed, 04 Mar 2020 20:32:43 GMT
      location:
      - https://management.azure.com/subscriptions/00000000-0000-0000-0000-000000000000/resourceGroups/clitest.rg000001/providers/Microsoft.Sql/servers/clitestserver000002/databases/cliautomationdb01/importExportOperationResults/9917db7b-5392-49e2-9b80-8c4a6f7e0a17?api-version=2014-04-01-Preview
      server:
      - Microsoft-HTTPAPI/2.0
      strict-transport-security:
      - max-age=31536000; includeSubDomains
      x-content-type-options:
      - nosniff
    status:
      code: 202
      message: Accepted
- request:
    body: null
    headers:
      Accept:
      - application/json
      Accept-Encoding:
      - gzip, deflate
      CommandName:
      - sql db export
      Connection:
      - keep-alive
      ParameterSetName:
      - -s -n -g -p -u --storage-key --storage-key-type --storage-uri
      User-Agent:
      - python/3.5.3 (Windows-2012ServerR2-6.3.9600-SP0) msrest/0.6.11 msrest_azure/0.6.2
        azure-mgmt-sql/0.17.0 Azure-SDK-For-Python AZURECLI/2.1.0
    method: GET
    uri: https://management.azure.com/subscriptions/00000000-0000-0000-0000-000000000000/resourceGroups/clitest.rg000001/providers/Microsoft.Sql/servers/clitestserver000002/databases/cliautomationdb01/importExportOperationResults/9917db7b-5392-49e2-9b80-8c4a6f7e0a17?api-version=2014-04-01-Preview
  response:
    body:
      string: '{"blobUri":"https:\/\/clitest000003.blob.core.windows.net\/bacpacs\/testbacpac2.bacpac","databaseName":"cliautomationdb01","errorMessage":null,"lastModifiedTime":"3\/4\/2020
        8:23:02 PM","queuedTime":"3\/4\/2020 8:23:01 PM","requestId":"9917db7b-5392-49e2-9b80-8c4a6f7e0a17","requestType":"Export","serverName":"clitestserver000002.database.windows.net","status":"Running,
        Progress = 0%"}'
    headers:
      cache-control:
      - no-store, no-cache
      content-length:
      - '441'
      content-type:
      - application/json; odata=minimalmetadata; streaming=true; charset=utf-8
      dataserviceversion:
      - 3.0;
      date:
      - Wed, 04 Mar 2020 20:33:13 GMT
      location:
      - https://management.azure.com/subscriptions/00000000-0000-0000-0000-000000000000/resourceGroups/clitest.rg000001/providers/Microsoft.Sql/servers/clitestserver000002/databases/cliautomationdb01/importExportOperationResults/9917db7b-5392-49e2-9b80-8c4a6f7e0a17?api-version=2014-04-01-Preview
      server:
      - Microsoft-HTTPAPI/2.0
      strict-transport-security:
      - max-age=31536000; includeSubDomains
      x-content-type-options:
      - nosniff
    status:
      code: 202
      message: Accepted
- request:
    body: null
    headers:
      Accept:
      - application/json
      Accept-Encoding:
      - gzip, deflate
      CommandName:
      - sql db export
      Connection:
      - keep-alive
      ParameterSetName:
      - -s -n -g -p -u --storage-key --storage-key-type --storage-uri
      User-Agent:
      - python/3.5.3 (Windows-2012ServerR2-6.3.9600-SP0) msrest/0.6.11 msrest_azure/0.6.2
        azure-mgmt-sql/0.17.0 Azure-SDK-For-Python AZURECLI/2.1.0
    method: GET
    uri: https://management.azure.com/subscriptions/00000000-0000-0000-0000-000000000000/resourceGroups/clitest.rg000001/providers/Microsoft.Sql/servers/clitestserver000002/databases/cliautomationdb01/importExportOperationResults/9917db7b-5392-49e2-9b80-8c4a6f7e0a17?api-version=2014-04-01-Preview
  response:
    body:
      string: '{"blobUri":"https:\/\/clitest000003.blob.core.windows.net\/bacpacs\/testbacpac2.bacpac","databaseName":"cliautomationdb01","errorMessage":null,"lastModifiedTime":"3\/4\/2020
        8:23:02 PM","queuedTime":"3\/4\/2020 8:23:01 PM","requestId":"9917db7b-5392-49e2-9b80-8c4a6f7e0a17","requestType":"Export","serverName":"clitestserver000002.database.windows.net","status":"Running,
        Progress = 0%"}'
    headers:
      cache-control:
      - no-store, no-cache
      content-length:
      - '441'
      content-type:
      - application/json; odata=minimalmetadata; streaming=true; charset=utf-8
      dataserviceversion:
      - 3.0;
      date:
      - Wed, 04 Mar 2020 20:33:43 GMT
      location:
      - https://management.azure.com/subscriptions/00000000-0000-0000-0000-000000000000/resourceGroups/clitest.rg000001/providers/Microsoft.Sql/servers/clitestserver000002/databases/cliautomationdb01/importExportOperationResults/9917db7b-5392-49e2-9b80-8c4a6f7e0a17?api-version=2014-04-01-Preview
      server:
      - Microsoft-HTTPAPI/2.0
      strict-transport-security:
      - max-age=31536000; includeSubDomains
      x-content-type-options:
      - nosniff
    status:
      code: 202
      message: Accepted
- request:
    body: null
    headers:
      Accept:
      - application/json
      Accept-Encoding:
      - gzip, deflate
      CommandName:
      - sql db export
      Connection:
      - keep-alive
      ParameterSetName:
      - -s -n -g -p -u --storage-key --storage-key-type --storage-uri
      User-Agent:
      - python/3.5.3 (Windows-2012ServerR2-6.3.9600-SP0) msrest/0.6.11 msrest_azure/0.6.2
        azure-mgmt-sql/0.17.0 Azure-SDK-For-Python AZURECLI/2.1.0
    method: GET
    uri: https://management.azure.com/subscriptions/00000000-0000-0000-0000-000000000000/resourceGroups/clitest.rg000001/providers/Microsoft.Sql/servers/clitestserver000002/databases/cliautomationdb01/importExportOperationResults/9917db7b-5392-49e2-9b80-8c4a6f7e0a17?api-version=2014-04-01-Preview
  response:
    body:
      string: '{"blobUri":"https:\/\/clitest000003.blob.core.windows.net\/bacpacs\/testbacpac2.bacpac","databaseName":"cliautomationdb01","errorMessage":null,"lastModifiedTime":"3\/4\/2020
        8:23:02 PM","queuedTime":"3\/4\/2020 8:23:01 PM","requestId":"9917db7b-5392-49e2-9b80-8c4a6f7e0a17","requestType":"Export","serverName":"clitestserver000002.database.windows.net","status":"Running,
        Progress = 0%"}'
    headers:
      cache-control:
      - no-store, no-cache
      content-length:
      - '441'
      content-type:
      - application/json; odata=minimalmetadata; streaming=true; charset=utf-8
      dataserviceversion:
      - 3.0;
      date:
      - Wed, 04 Mar 2020 20:34:13 GMT
      location:
      - https://management.azure.com/subscriptions/00000000-0000-0000-0000-000000000000/resourceGroups/clitest.rg000001/providers/Microsoft.Sql/servers/clitestserver000002/databases/cliautomationdb01/importExportOperationResults/9917db7b-5392-49e2-9b80-8c4a6f7e0a17?api-version=2014-04-01-Preview
      server:
      - Microsoft-HTTPAPI/2.0
      strict-transport-security:
      - max-age=31536000; includeSubDomains
      x-content-type-options:
      - nosniff
    status:
      code: 202
      message: Accepted
- request:
    body: null
    headers:
      Accept:
      - application/json
      Accept-Encoding:
      - gzip, deflate
      CommandName:
      - sql db export
      Connection:
      - keep-alive
      ParameterSetName:
      - -s -n -g -p -u --storage-key --storage-key-type --storage-uri
      User-Agent:
      - python/3.5.3 (Windows-2012ServerR2-6.3.9600-SP0) msrest/0.6.11 msrest_azure/0.6.2
        azure-mgmt-sql/0.17.0 Azure-SDK-For-Python AZURECLI/2.1.0
    method: GET
    uri: https://management.azure.com/subscriptions/00000000-0000-0000-0000-000000000000/resourceGroups/clitest.rg000001/providers/Microsoft.Sql/servers/clitestserver000002/databases/cliautomationdb01/importExportOperationResults/9917db7b-5392-49e2-9b80-8c4a6f7e0a17?api-version=2014-04-01-Preview
  response:
    body:
      string: '{"blobUri":"https:\/\/clitest000003.blob.core.windows.net\/bacpacs\/testbacpac2.bacpac","databaseName":"cliautomationdb01","errorMessage":null,"lastModifiedTime":"3\/4\/2020
        8:23:02 PM","queuedTime":"3\/4\/2020 8:23:01 PM","requestId":"9917db7b-5392-49e2-9b80-8c4a6f7e0a17","requestType":"Export","serverName":"clitestserver000002.database.windows.net","status":"Running,
        Progress = 0%"}'
    headers:
      cache-control:
      - no-store, no-cache
      content-length:
      - '441'
      content-type:
      - application/json; odata=minimalmetadata; streaming=true; charset=utf-8
      dataserviceversion:
      - 3.0;
      date:
      - Wed, 04 Mar 2020 20:34:44 GMT
      location:
      - https://management.azure.com/subscriptions/00000000-0000-0000-0000-000000000000/resourceGroups/clitest.rg000001/providers/Microsoft.Sql/servers/clitestserver000002/databases/cliautomationdb01/importExportOperationResults/9917db7b-5392-49e2-9b80-8c4a6f7e0a17?api-version=2014-04-01-Preview
      server:
      - Microsoft-HTTPAPI/2.0
      strict-transport-security:
      - max-age=31536000; includeSubDomains
      x-content-type-options:
      - nosniff
    status:
      code: 202
      message: Accepted
- request:
    body: null
    headers:
      Accept:
      - application/json
      Accept-Encoding:
      - gzip, deflate
      CommandName:
      - sql db export
      Connection:
      - keep-alive
      ParameterSetName:
      - -s -n -g -p -u --storage-key --storage-key-type --storage-uri
      User-Agent:
      - python/3.5.3 (Windows-2012ServerR2-6.3.9600-SP0) msrest/0.6.11 msrest_azure/0.6.2
        azure-mgmt-sql/0.17.0 Azure-SDK-For-Python AZURECLI/2.1.0
    method: GET
    uri: https://management.azure.com/subscriptions/00000000-0000-0000-0000-000000000000/resourceGroups/clitest.rg000001/providers/Microsoft.Sql/servers/clitestserver000002/databases/cliautomationdb01/importExportOperationResults/9917db7b-5392-49e2-9b80-8c4a6f7e0a17?api-version=2014-04-01-Preview
  response:
    body:
      string: '{"blobUri":"https:\/\/clitest000003.blob.core.windows.net\/bacpacs\/testbacpac2.bacpac","databaseName":"cliautomationdb01","errorMessage":null,"lastModifiedTime":"3\/4\/2020
        8:23:02 PM","queuedTime":"3\/4\/2020 8:23:01 PM","requestId":"9917db7b-5392-49e2-9b80-8c4a6f7e0a17","requestType":"Export","serverName":"clitestserver000002.database.windows.net","status":"Running,
        Progress = 0%"}'
    headers:
      cache-control:
      - no-store, no-cache
      content-length:
      - '441'
      content-type:
      - application/json; odata=minimalmetadata; streaming=true; charset=utf-8
      dataserviceversion:
      - 3.0;
      date:
      - Wed, 04 Mar 2020 20:35:14 GMT
      location:
      - https://management.azure.com/subscriptions/00000000-0000-0000-0000-000000000000/resourceGroups/clitest.rg000001/providers/Microsoft.Sql/servers/clitestserver000002/databases/cliautomationdb01/importExportOperationResults/9917db7b-5392-49e2-9b80-8c4a6f7e0a17?api-version=2014-04-01-Preview
      server:
      - Microsoft-HTTPAPI/2.0
      strict-transport-security:
      - max-age=31536000; includeSubDomains
      x-content-type-options:
      - nosniff
    status:
      code: 202
      message: Accepted
- request:
    body: null
    headers:
      Accept:
      - application/json
      Accept-Encoding:
      - gzip, deflate
      CommandName:
      - sql db export
      Connection:
      - keep-alive
      ParameterSetName:
      - -s -n -g -p -u --storage-key --storage-key-type --storage-uri
      User-Agent:
      - python/3.5.3 (Windows-2012ServerR2-6.3.9600-SP0) msrest/0.6.11 msrest_azure/0.6.2
        azure-mgmt-sql/0.17.0 Azure-SDK-For-Python AZURECLI/2.1.0
    method: GET
    uri: https://management.azure.com/subscriptions/00000000-0000-0000-0000-000000000000/resourceGroups/clitest.rg000001/providers/Microsoft.Sql/servers/clitestserver000002/databases/cliautomationdb01/importExportOperationResults/9917db7b-5392-49e2-9b80-8c4a6f7e0a17?api-version=2014-04-01-Preview
  response:
    body:
      string: '{"id":"/subscriptions/00000000-0000-0000-0000-000000000000/resourceGroups/clitest.rg000001/providers/Microsoft.Sql/servers/clitestserver000002/databases/cliautomationdb01/importExportOperationResults/9917db7b-5392-49e2-9b80-8c4a6f7e0a17","name":"9917db7b-5392-49e2-9b80-8c4a6f7e0a17","type":"Microsoft.Sql/servers/databases/importExportOperationResults","properties":{"requestId":"9917db7b-5392-49e2-9b80-8c4a6f7e0a17","requestType":"Export","queuedTime":"3/4/2020
        8:23:01 PM","lastModifiedTime":"3/4/2020 8:35:36 PM","blobUri":"https://clitest000003.blob.core.windows.net/bacpacs/testbacpac2.bacpac","serverName":"clitestserver000002","databaseName":"cliautomationdb01","status":"Completed","errorMessage":null}}'
    headers:
      cache-control:
      - no-store, no-cache
      content-length:
      - '869'
      content-type:
      - application/json; odata=minimalmetadata; streaming=true; charset=utf-8
      dataserviceversion:
      - 3.0;
      date:
      - Wed, 04 Mar 2020 20:35:45 GMT
      server:
      - Microsoft-HTTPAPI/2.0
      strict-transport-security:
      - max-age=31536000; includeSubDomains
      transfer-encoding:
      - chunked
      vary:
      - Accept-Encoding
      x-content-type-options:
      - nosniff
    status:
      code: 200
      message: OK
- request:
    body: 'b''{"properties": {"storageUri": "https://clitest000003.blob.core.windows.net/bacpacs/testbacpac.bacpac",
      "administratorLoginPassword": "SecretPassword123", "administratorLogin": "admin123",
      "storageKey": "veryFakedStorageAccountKey==", "storageKeyType": "StorageAccessKey",
      "operationMode": "Import"}}'''
    headers:
      Accept:
      - application/json
      Accept-Encoding:
      - gzip, deflate
      CommandName:
      - sql db import
      Connection:
      - keep-alive
      Content-Length:
      - '370'
      Content-Type:
      - application/json; charset=utf-8
      ParameterSetName:
      - -s -n -g -p -u --storage-key --storage-key-type --storage-uri
      User-Agent:
      - python/3.5.3 (Windows-2012ServerR2-6.3.9600-SP0) msrest/0.6.11 msrest_azure/0.6.2
        azure-mgmt-sql/0.17.0 Azure-SDK-For-Python AZURECLI/2.1.0
      accept-language:
      - en-US
    method: PUT
    uri: https://management.azure.com/subscriptions/00000000-0000-0000-0000-000000000000/resourceGroups/clitest.rg000001/providers/Microsoft.Sql/servers/clitestserver000002/databases/cliautomationdb02/extensions/import?api-version=2014-04-01
  response:
    body:
      string: '{"operation":"Import","startTime":"\/Date(1583354148298)\/"}'
    headers:
      cache-control:
      - no-store, no-cache
      content-length:
      - '60'
      content-type:
      - application/json; odata=minimalmetadata; streaming=true; charset=utf-8
      dataserviceversion:
      - 3.0;
      date:
      - Wed, 04 Mar 2020 20:35:48 GMT
      location:
      - https://management.azure.com/subscriptions/00000000-0000-0000-0000-000000000000/resourceGroups/clitest.rg000001/providers/Microsoft.Sql/servers/clitestserver000002/databases/cliautomationdb02/extensions/import/importExtensionOperationResults/56ae57c6-1674-4897-a9cf-c180dc113415?api-version=2014-04-01-Preview
      preference-applied:
      - return-content
      server:
      - Microsoft-HTTPAPI/2.0
      strict-transport-security:
      - max-age=31536000; includeSubDomains
      x-content-type-options:
      - nosniff
      x-ms-ratelimit-remaining-subscription-writes:
      - '1198'
    status:
      code: 202
      message: Accepted
- request:
    body: null
    headers:
      Accept:
      - application/json
      Accept-Encoding:
      - gzip, deflate
      CommandName:
      - sql db import
      Connection:
      - keep-alive
      ParameterSetName:
      - -s -n -g -p -u --storage-key --storage-key-type --storage-uri
      User-Agent:
      - python/3.5.3 (Windows-2012ServerR2-6.3.9600-SP0) msrest/0.6.11 msrest_azure/0.6.2
        azure-mgmt-sql/0.17.0 Azure-SDK-For-Python AZURECLI/2.1.0
    method: GET
    uri: https://management.azure.com/subscriptions/00000000-0000-0000-0000-000000000000/resourceGroups/clitest.rg000001/providers/Microsoft.Sql/servers/clitestserver000002/databases/cliautomationdb02/extensions/import/importExtensionOperationResults/56ae57c6-1674-4897-a9cf-c180dc113415?api-version=2014-04-01-Preview
  response:
    body:
      string: '{"id":"/subscriptions/00000000-0000-0000-0000-000000000000/resourceGroups/clitest.rg000001/providers/Microsoft.Sql/servers/clitestserver000002/databases/cliautomationdb02/extensions/import","name":"import","type":"Microsoft.Sql/servers/databases/extensions","properties":{"requestId":"56ae57c6-1674-4897-a9cf-c180dc113415","requestType":"Import","queuedTime":"3/4/2020
        8:35:48 PM","lastModifiedTime":"3/4/2020 8:35:58 PM","blobUri":"https://clitest000003.blob.core.windows.net/bacpacs/testbacpac.bacpac","serverName":"clitestserver000002","databaseName":"cliautomationdb02","status":"Completed","errorMessage":null}}'
    headers:
      cache-control:
      - no-store, no-cache
      content-length:
      - '772'
      content-type:
      - application/json; odata=minimalmetadata; streaming=true; charset=utf-8
      dataserviceversion:
      - 3.0;
      date:
      - Wed, 04 Mar 2020 20:36:19 GMT
      server:
      - Microsoft-HTTPAPI/2.0
      strict-transport-security:
      - max-age=31536000; includeSubDomains
      x-content-type-options:
      - nosniff
    status:
      code: 201
      message: Created
- request:
    body: 'b''{"properties": {"storageUri": "https://clitest000003.blob.core.windows.net/bacpacs/testbacpac2.bacpac",
      "administratorLoginPassword": "SecretPassword123", "administratorLogin": "admin123",
      "storageKey": "?sr=b&sv=2018-11-09&sp=rw&se=9999-12-25T00%3A00%3A00Z&sig=iO/WbO5Dmg45e/7fMB4yllyzEZ6r1%2BFEbhL53YXyXOA%3D",
      "storageKeyType": "SharedAccessKey", "operationMode": "Import"}}'''
    headers:
      Accept:
      - application/json
      Accept-Encoding:
      - gzip, deflate
      CommandName:
      - sql db import
      Connection:
      - keep-alive
      Content-Length:
      - '388'
      Content-Type:
      - application/json; charset=utf-8
      ParameterSetName:
      - -s -n -g -p -u --storage-key --storage-key-type --storage-uri
      User-Agent:
      - python/3.5.3 (Windows-2012ServerR2-6.3.9600-SP0) msrest/0.6.11 msrest_azure/0.6.2
        azure-mgmt-sql/0.17.0 Azure-SDK-For-Python AZURECLI/2.1.0
      accept-language:
      - en-US
    method: PUT
    uri: https://management.azure.com/subscriptions/00000000-0000-0000-0000-000000000000/resourceGroups/clitest.rg000001/providers/Microsoft.Sql/servers/clitestserver000002/databases/cliautomationdb03/extensions/import?api-version=2014-04-01
  response:
    body:
      string: '{"operation":"Import","startTime":"\/Date(1583354181102)\/"}'
    headers:
      cache-control:
      - no-store, no-cache
      content-length:
      - '60'
      content-type:
      - application/json; odata=minimalmetadata; streaming=true; charset=utf-8
      dataserviceversion:
      - 3.0;
      date:
      - Wed, 04 Mar 2020 20:36:21 GMT
      location:
      - https://management.azure.com/subscriptions/00000000-0000-0000-0000-000000000000/resourceGroups/clitest.rg000001/providers/Microsoft.Sql/servers/clitestserver000002/databases/cliautomationdb03/extensions/import/importExtensionOperationResults/172adac7-acda-405a-befa-b3acfaaa23ab?api-version=2014-04-01-Preview
      preference-applied:
      - return-content
      server:
      - Microsoft-HTTPAPI/2.0
      strict-transport-security:
      - max-age=31536000; includeSubDomains
      x-content-type-options:
      - nosniff
      x-ms-ratelimit-remaining-subscription-writes:
      - '1199'
    status:
      code: 202
      message: Accepted
- request:
    body: null
    headers:
      Accept:
      - application/json
      Accept-Encoding:
      - gzip, deflate
      CommandName:
      - sql db import
      Connection:
      - keep-alive
      ParameterSetName:
      - -s -n -g -p -u --storage-key --storage-key-type --storage-uri
      User-Agent:
      - python/3.5.3 (Windows-2012ServerR2-6.3.9600-SP0) msrest/0.6.11 msrest_azure/0.6.2
        azure-mgmt-sql/0.17.0 Azure-SDK-For-Python AZURECLI/2.1.0
    method: GET
    uri: https://management.azure.com/subscriptions/00000000-0000-0000-0000-000000000000/resourceGroups/clitest.rg000001/providers/Microsoft.Sql/servers/clitestserver000002/databases/cliautomationdb03/extensions/import/importExtensionOperationResults/172adac7-acda-405a-befa-b3acfaaa23ab?api-version=2014-04-01-Preview
  response:
    body:
      string: '{"id":"/subscriptions/00000000-0000-0000-0000-000000000000/resourceGroups/clitest.rg000001/providers/Microsoft.Sql/servers/clitestserver000002/databases/cliautomationdb03/extensions/import","name":"import","type":"Microsoft.Sql/servers/databases/extensions","properties":{"requestId":"172adac7-acda-405a-befa-b3acfaaa23ab","requestType":"Import","queuedTime":"3/4/2020
        8:36:21 PM","lastModifiedTime":"3/4/2020 8:36:32 PM","blobUri":"https://clitest000003.blob.core.windows.net/bacpacs/testbacpac2.bacpac","serverName":"clitestserver000002","databaseName":"cliautomationdb03","status":"Completed","errorMessage":null}}'
    headers:
      cache-control:
      - no-store, no-cache
      content-length:
      - '773'
      content-type:
      - application/json; odata=minimalmetadata; streaming=true; charset=utf-8
      dataserviceversion:
      - 3.0;
      date:
      - Wed, 04 Mar 2020 20:36:51 GMT
      server:
      - Microsoft-HTTPAPI/2.0
      strict-transport-security:
      - max-age=31536000; includeSubDomains
      x-content-type-options:
      - nosniff
    status:
      code: 201
      message: Created
version: 1
