interactions:
- request:
    body: '{"properties": {"weeklyRetention": "P1W", "monthlyRetention": "P1M", "yearlyRetention":
      "P2M", "weekOfYear": 12}}'
    headers:
      Accept:
      - application/json
      Accept-Encoding:
      - gzip, deflate
      CommandName:
      - sql midb ltr-policy set
      Connection:
      - keep-alive
      Content-Length:
      - '113'
      Content-Type:
      - application/json; charset=utf-8
      ParameterSetName:
      - -g --mi -n --weekly-retention --monthly-retention --yearly-retention --week-of-year
      User-Agent:
      - python/3.8.2 (Windows-10-10.0.14393-SP0) msrest/0.6.11 msrest_azure/0.6.3
        azure-mgmt-sql/0.17.0 Azure-SDK-For-Python AZURECLI/2.2.0
      accept-language:
      - en-US
    method: PUT
    uri: https://management.azure.com/subscriptions/00000000-0000-0000-0000-000000000000/resourceGroups/clitestxj6awmetud/providers/Microsoft.Sql/managedInstances/ayang-ltr-mi/databases/test-2/backupLongTermRetentionPolicies/default?api-version=2018-06-01-preview
  response:
    body:
      string: '{"operation":"UpsertDatabaseBackupArchivalPolicyV2","startTime":"2020-04-10T04:30:46.887Z"}'
    headers:
      azure-asyncoperation:
      - https://management.azure.com/subscriptions/00000000-0000-0000-0000-000000000000/resourceGroups/clitestxj6awmetud/providers/Microsoft.Sql/locations/westus/managedInstanceLongTermRetentionPolicyAzureAsyncOperation/5f438f4a-b9e9-4258-9968-f21c2983aafe?api-version=2018-06-01-preview
      cache-control:
      - no-cache
      content-length:
      - '91'
      content-type:
      - application/json; charset=utf-8
      date:
      - Fri, 10 Apr 2020 04:30:46 GMT
      expires:
      - '-1'
      location:
      - https://management.azure.com/subscriptions/00000000-0000-0000-0000-000000000000/resourceGroups/clitestxj6awmetud/providers/Microsoft.Sql/locations/westus/managedInstanceLongTermRetentionPolicyOperationResults/5f438f4a-b9e9-4258-9968-f21c2983aafe?api-version=2018-06-01-preview
      pragma:
      - no-cache
      server:
      - Microsoft-HTTPAPI/2.0
      strict-transport-security:
      - max-age=31536000; includeSubDomains
      x-content-type-options:
      - nosniff
      x-ms-ratelimit-remaining-subscription-writes:
      - '1199'
    status:
      code: 202
      message: Accepted
- request:
    body: null
    headers:
      Accept:
      - application/json
      Accept-Encoding:
      - gzip, deflate
      CommandName:
      - sql midb ltr-policy set
      Connection:
      - keep-alive
      ParameterSetName:
      - -g --mi -n --weekly-retention --monthly-retention --yearly-retention --week-of-year
      User-Agent:
      - python/3.8.2 (Windows-10-10.0.14393-SP0) msrest/0.6.11 msrest_azure/0.6.3
        azure-mgmt-sql/0.17.0 Azure-SDK-For-Python AZURECLI/2.2.0
    method: GET
    uri: https://management.azure.com/subscriptions/00000000-0000-0000-0000-000000000000/resourceGroups/clitestxj6awmetud/providers/Microsoft.Sql/locations/westus/managedInstanceLongTermRetentionPolicyAzureAsyncOperation/5f438f4a-b9e9-4258-9968-f21c2983aafe?api-version=2018-06-01-preview
  response:
    body:
      string: '{"name":"5f438f4a-b9e9-4258-9968-f21c2983aafe","status":"Succeeded","startTime":"2020-04-10T04:30:46.887Z"}'
    headers:
      cache-control:
      - no-cache
      content-length:
      - '107'
      content-type:
      - application/json; charset=utf-8
      date:
      - Fri, 10 Apr 2020 04:31:01 GMT
      expires:
      - '-1'
      pragma:
      - no-cache
      server:
      - Microsoft-HTTPAPI/2.0
      strict-transport-security:
      - max-age=31536000; includeSubDomains
      transfer-encoding:
      - chunked
      vary:
      - Accept-Encoding
      x-content-type-options:
      - nosniff
    status:
      code: 200
      message: OK
- request:
    body: null
    headers:
      Accept:
      - application/json
      Accept-Encoding:
      - gzip, deflate
      CommandName:
      - sql midb ltr-policy set
      Connection:
      - keep-alive
      ParameterSetName:
      - -g --mi -n --weekly-retention --monthly-retention --yearly-retention --week-of-year
      User-Agent:
      - python/3.8.2 (Windows-10-10.0.14393-SP0) msrest/0.6.11 msrest_azure/0.6.3
        azure-mgmt-sql/0.17.0 Azure-SDK-For-Python AZURECLI/2.2.0
    method: GET
    uri: https://management.azure.com/subscriptions/00000000-0000-0000-0000-000000000000/resourceGroups/clitestxj6awmetud/providers/Microsoft.Sql/managedInstances/ayang-ltr-mi/databases/test-2/backupLongTermRetentionPolicies/default?api-version=2018-06-01-preview
  response:
    body:
      string: '{"properties":{"weeklyRetention":"P1W","monthlyRetention":"P1M","yearlyRetention":"P2M","weekOfYear":12},"id":"/subscriptions/00000000-0000-0000-0000-000000000000/resourceGroups/clitestxj6awmetud/providers/Microsoft.Sql/managedInstances/ayang-ltr-mi/databases/test-2/backupLongTermRetentionPolicies/default","name":"default","type":"Microsoft.Sql/managedInstances/databases/backupLongTermRetentionPolicy"}'
    headers:
      cache-control:
      - no-cache
      content-length:
      - '405'
      content-type:
      - application/json; charset=utf-8
      date:
      - Fri, 10 Apr 2020 04:31:01 GMT
      expires:
      - '-1'
      pragma:
      - no-cache
      server:
      - Microsoft-HTTPAPI/2.0
      strict-transport-security:
      - max-age=31536000; includeSubDomains
      transfer-encoding:
      - chunked
      vary:
      - Accept-Encoding
      x-content-type-options:
      - nosniff
    status:
      code: 200
      message: OK
- request:
    body: null
    headers:
      Accept:
      - application/json
      Accept-Encoding:
      - gzip, deflate
      CommandName:
      - sql midb ltr-policy show
      Connection:
      - keep-alive
      ParameterSetName:
      - -g --mi -n
      User-Agent:
      - python/3.8.2 (Windows-10-10.0.14393-SP0) msrest/0.6.11 msrest_azure/0.6.3
        azure-mgmt-sql/0.17.0 Azure-SDK-For-Python AZURECLI/2.2.0
      accept-language:
      - en-US
    method: GET
    uri: https://management.azure.com/subscriptions/00000000-0000-0000-0000-000000000000/resourceGroups/clitestxj6awmetud/providers/Microsoft.Sql/managedInstances/ayang-ltr-mi/databases/test-2/backupLongTermRetentionPolicies/default?api-version=2018-06-01-preview
  response:
    body:
      string: '{"properties":{"weeklyRetention":"P1W","monthlyRetention":"P1M","yearlyRetention":"P2M","weekOfYear":12},"id":"/subscriptions/00000000-0000-0000-0000-000000000000/resourceGroups/clitestxj6awmetud/providers/Microsoft.Sql/managedInstances/ayang-ltr-mi/databases/test-2/backupLongTermRetentionPolicies/default","name":"default","type":"Microsoft.Sql/managedInstances/databases/backupLongTermRetentionPolicy"}'
    headers:
      cache-control:
      - no-cache
      content-length:
      - '405'
      content-type:
      - application/json; charset=utf-8
      date:
      - Fri, 10 Apr 2020 04:31:03 GMT
      expires:
      - '-1'
      pragma:
      - no-cache
      server:
      - Microsoft-HTTPAPI/2.0
      strict-transport-security:
      - max-age=31536000; includeSubDomains
      transfer-encoding:
      - chunked
      vary:
      - Accept-Encoding
      x-content-type-options:
      - nosniff
    status:
      code: 200
      message: OK
- request:
    body: null
    headers:
      Accept:
      - application/json
      Accept-Encoding:
      - gzip, deflate
      CommandName:
      - sql midb ltr-backup list
      Connection:
      - keep-alive
      ParameterSetName:
      - -l -g
      User-Agent:
      - python/3.8.2 (Windows-10-10.0.14393-SP0) msrest/0.6.11 msrest_azure/0.6.3
        azure-mgmt-sql/0.17.0 Azure-SDK-For-Python AZURECLI/2.2.0
      accept-language:
      - en-US
    method: GET
    uri: https://management.azure.com/subscriptions/00000000-0000-0000-0000-000000000000/resourceGroups/clitestxj6awmetud/providers/Microsoft.Sql/locations/westus/longTermRetentionManagedInstanceBackups?api-version=2018-06-01-preview
  response:
    body:
      string: '{"value":[{"properties":{"managedInstanceName":"ayang-ltr-mi","managedInstanceCreateTime":"2020-04-06T09:13:39.977Z","databaseName":"test-3","backupTime":"2020-04-06T19:11:11Z","backupExpirationTime":"2020-04-13T19:11:11Z"},"id":"/subscriptions/00000000-0000-0000-0000-000000000000/resourceGroups/clitestxj6awmetud/providers/Microsoft.Sql/locations/westus/longTermRetentionManagedInstances/ayang-ltr-mi/longTermRetentionDatabases/test-3/longTermRetentionManagedInstanceBackups/d52bf1ad-627b-48e9-9eb4-584d402d3fa9;132306738710000000","name":"d52bf1ad-627b-48e9-9eb4-584d402d3fa9;132306738710000000","type":"Microsoft.Sql/locations/longTermRetentionManagedInstances/longTermRetentionDatabases/longTermRetentionManagedInstanceBackups"},{"properties":{"managedInstanceName":"ayang-ltr-mi","managedInstanceCreateTime":"2020-04-06T09:13:39.977Z","databaseName":"test-2","backupTime":"2020-04-06T19:11:13Z","backupExpirationTime":"2020-04-13T19:11:13Z"},"id":"/subscriptions/00000000-0000-0000-0000-000000000000/resourceGroups/clitestxj6awmetud/providers/Microsoft.Sql/locations/westus/longTermRetentionManagedInstances/ayang-ltr-mi/longTermRetentionDatabases/test-2/longTermRetentionManagedInstanceBackups/5ccc88c6-576d-4db3-848f-84d11ba7a158;132306738730000000","name":"5ccc88c6-576d-4db3-848f-84d11ba7a158;132306738730000000","type":"Microsoft.Sql/locations/longTermRetentionManagedInstances/longTermRetentionDatabases/longTermRetentionManagedInstanceBackups"}]}'
    headers:
      cache-control:
      - no-cache
      content-length:
      - '1459'
      content-type:
      - application/json; charset=utf-8
      date:
      - Fri, 10 Apr 2020 04:31:03 GMT
      expires:
      - '-1'
      pragma:
      - no-cache
      server:
      - Microsoft-HTTPAPI/2.0
      strict-transport-security:
      - max-age=31536000; includeSubDomains
      transfer-encoding:
      - chunked
      vary:
      - Accept-Encoding
      x-content-type-options:
      - nosniff
    status:
      code: 200
      message: OK
- request:
    body: null
    headers:
      Accept:
      - application/json
      Accept-Encoding:
      - gzip, deflate
      CommandName:
      - sql midb ltr-backup list
      Connection:
      - keep-alive
      ParameterSetName:
      - -l
      User-Agent:
      - python/3.8.2 (Windows-10-10.0.14393-SP0) msrest/0.6.11 msrest_azure/0.6.3
        azure-mgmt-sql/0.17.0 Azure-SDK-For-Python AZURECLI/2.2.0
      accept-language:
      - en-US
    method: GET
    uri: https://management.azure.com/subscriptions/00000000-0000-0000-0000-000000000000/providers/Microsoft.Sql/locations/westus/longTermRetentionManagedInstanceBackups?api-version=2018-06-01-preview
  response:
    body:
      string: '{"value":[{"properties":{"managedInstanceName":"ayang-ltr-mi","managedInstanceCreateTime":"2020-04-06T09:13:39.977Z","databaseName":"test-3","backupTime":"2020-04-06T19:11:11Z","backupExpirationTime":"2020-04-13T19:11:11Z"},"id":"/subscriptions/00000000-0000-0000-0000-000000000000/resourceGroups/clitestxj6awmetud/providers/Microsoft.Sql/locations/westus/longTermRetentionManagedInstances/ayang-ltr-mi/longTermRetentionDatabases/test-3/longTermRetentionManagedInstanceBackups/d52bf1ad-627b-48e9-9eb4-584d402d3fa9;132306738710000000","name":"d52bf1ad-627b-48e9-9eb4-584d402d3fa9;132306738710000000","type":"Microsoft.Sql/locations/longTermRetentionManagedInstances/longTermRetentionDatabases/longTermRetentionManagedInstanceBackups"},{"properties":{"managedInstanceName":"ayang-ltr-mi","managedInstanceCreateTime":"2020-04-06T09:13:39.977Z","databaseName":"test-2","backupTime":"2020-04-06T19:11:13Z","backupExpirationTime":"2020-04-13T19:11:13Z"},"id":"/subscriptions/00000000-0000-0000-0000-000000000000/resourceGroups/clitestxj6awmetud/providers/Microsoft.Sql/locations/westus/longTermRetentionManagedInstances/ayang-ltr-mi/longTermRetentionDatabases/test-2/longTermRetentionManagedInstanceBackups/5ccc88c6-576d-4db3-848f-84d11ba7a158;132306738730000000","name":"5ccc88c6-576d-4db3-848f-84d11ba7a158;132306738730000000","type":"Microsoft.Sql/locations/longTermRetentionManagedInstances/longTermRetentionDatabases/longTermRetentionManagedInstanceBackups"}]}'
    headers:
      cache-control:
      - no-cache
      content-length:
      - '1459'
      content-type:
      - application/json; charset=utf-8
      date:
      - Fri, 10 Apr 2020 04:31:03 GMT
      expires:
      - '-1'
      pragma:
      - no-cache
      server:
      - Microsoft-HTTPAPI/2.0
      strict-transport-security:
      - max-age=31536000; includeSubDomains
      transfer-encoding:
      - chunked
      vary:
      - Accept-Encoding
      x-content-type-options:
      - nosniff
    status:
      code: 200
      message: OK
- request:
    body: null
    headers:
      Accept:
      - application/json
      Accept-Encoding:
      - gzip, deflate
      CommandName:
      - sql midb ltr-backup list
      Connection:
      - keep-alive
      ParameterSetName:
      - -l --mi -g
      User-Agent:
      - python/3.8.2 (Windows-10-10.0.14393-SP0) msrest/0.6.11 msrest_azure/0.6.3
        azure-mgmt-sql/0.17.0 Azure-SDK-For-Python AZURECLI/2.2.0
      accept-language:
      - en-US
    method: GET
    uri: https://management.azure.com/subscriptions/00000000-0000-0000-0000-000000000000/resourceGroups/clitestxj6awmetud/providers/Microsoft.Sql/locations/westus/longTermRetentionManagedInstances/ayang-ltr-mi/longTermRetentionManagedInstanceBackups?api-version=2018-06-01-preview
  response:
    body:
      string: '{"value":[{"properties":{"managedInstanceName":"ayang-ltr-mi","managedInstanceCreateTime":"2020-04-06T09:13:39.977Z","databaseName":"test-3","backupTime":"2020-04-06T19:11:11Z","backupExpirationTime":"2020-04-13T19:11:11Z"},"id":"/subscriptions/00000000-0000-0000-0000-000000000000/resourceGroups/clitestxj6awmetud/providers/Microsoft.Sql/locations/westus/longTermRetentionManagedInstances/ayang-ltr-mi/longTermRetentionDatabases/test-3/longTermRetentionManagedInstanceBackups/d52bf1ad-627b-48e9-9eb4-584d402d3fa9;132306738710000000","name":"d52bf1ad-627b-48e9-9eb4-584d402d3fa9;132306738710000000","type":"Microsoft.Sql/locations/longTermRetentionManagedInstances/longTermRetentionDatabases/longTermRetentionManagedInstanceBackups"},{"properties":{"managedInstanceName":"ayang-ltr-mi","managedInstanceCreateTime":"2020-04-06T09:13:39.977Z","databaseName":"test-2","backupTime":"2020-04-06T19:11:13Z","backupExpirationTime":"2020-04-13T19:11:13Z"},"id":"/subscriptions/00000000-0000-0000-0000-000000000000/resourceGroups/clitestxj6awmetud/providers/Microsoft.Sql/locations/westus/longTermRetentionManagedInstances/ayang-ltr-mi/longTermRetentionDatabases/test-2/longTermRetentionManagedInstanceBackups/5ccc88c6-576d-4db3-848f-84d11ba7a158;132306738730000000","name":"5ccc88c6-576d-4db3-848f-84d11ba7a158;132306738730000000","type":"Microsoft.Sql/locations/longTermRetentionManagedInstances/longTermRetentionDatabases/longTermRetentionManagedInstanceBackups"}]}'
    headers:
      cache-control:
      - no-cache
      content-length:
      - '1459'
      content-type:
      - application/json; charset=utf-8
      date:
      - Fri, 10 Apr 2020 04:31:04 GMT
      expires:
      - '-1'
      pragma:
      - no-cache
      server:
      - Microsoft-HTTPAPI/2.0
      strict-transport-security:
      - max-age=31536000; includeSubDomains
      transfer-encoding:
      - chunked
      vary:
      - Accept-Encoding
      x-content-type-options:
      - nosniff
    status:
      code: 200
      message: OK
- request:
    body: null
    headers:
      Accept:
      - application/json
      Accept-Encoding:
      - gzip, deflate
      CommandName:
      - sql midb ltr-backup list
      Connection:
      - keep-alive
      ParameterSetName:
      - -l --mi
      User-Agent:
      - python/3.8.2 (Windows-10-10.0.14393-SP0) msrest/0.6.11 msrest_azure/0.6.3
        azure-mgmt-sql/0.17.0 Azure-SDK-For-Python AZURECLI/2.2.0
      accept-language:
      - en-US
    method: GET
    uri: https://management.azure.com/subscriptions/00000000-0000-0000-0000-000000000000/providers/Microsoft.Sql/locations/westus/longTermRetentionManagedInstances/ayang-ltr-mi/longTermRetentionManagedInstanceBackups?api-version=2018-06-01-preview
  response:
    body:
      string: '{"value":[{"properties":{"managedInstanceName":"ayang-ltr-mi","managedInstanceCreateTime":"2020-04-06T09:13:39.977Z","databaseName":"test-3","backupTime":"2020-04-06T19:11:11Z","backupExpirationTime":"2020-04-13T19:11:11Z"},"id":"/subscriptions/00000000-0000-0000-0000-000000000000/resourceGroups/clitestxj6awmetud/providers/Microsoft.Sql/locations/westus/longTermRetentionManagedInstances/ayang-ltr-mi/longTermRetentionDatabases/test-3/longTermRetentionManagedInstanceBackups/d52bf1ad-627b-48e9-9eb4-584d402d3fa9;132306738710000000","name":"d52bf1ad-627b-48e9-9eb4-584d402d3fa9;132306738710000000","type":"Microsoft.Sql/locations/longTermRetentionManagedInstances/longTermRetentionDatabases/longTermRetentionManagedInstanceBackups"},{"properties":{"managedInstanceName":"ayang-ltr-mi","managedInstanceCreateTime":"2020-04-06T09:13:39.977Z","databaseName":"test-2","backupTime":"2020-04-06T19:11:13Z","backupExpirationTime":"2020-04-13T19:11:13Z"},"id":"/subscriptions/00000000-0000-0000-0000-000000000000/resourceGroups/clitestxj6awmetud/providers/Microsoft.Sql/locations/westus/longTermRetentionManagedInstances/ayang-ltr-mi/longTermRetentionDatabases/test-2/longTermRetentionManagedInstanceBackups/5ccc88c6-576d-4db3-848f-84d11ba7a158;132306738730000000","name":"5ccc88c6-576d-4db3-848f-84d11ba7a158;132306738730000000","type":"Microsoft.Sql/locations/longTermRetentionManagedInstances/longTermRetentionDatabases/longTermRetentionManagedInstanceBackups"}]}'
    headers:
      cache-control:
      - no-cache
      content-length:
      - '1459'
      content-type:
      - application/json; charset=utf-8
      date:
      - Fri, 10 Apr 2020 04:31:05 GMT
      expires:
      - '-1'
      pragma:
      - no-cache
      server:
      - Microsoft-HTTPAPI/2.0
      strict-transport-security:
      - max-age=31536000; includeSubDomains
      transfer-encoding:
      - chunked
      vary:
      - Accept-Encoding
      x-content-type-options:
      - nosniff
    status:
      code: 200
      message: OK
- request:
    body: null
    headers:
      Accept:
      - application/json
      Accept-Encoding:
      - gzip, deflate
      CommandName:
      - sql midb ltr-backup list
      Connection:
      - keep-alive
      ParameterSetName:
      - -l --mi -d -g
      User-Agent:
      - python/3.8.2 (Windows-10-10.0.14393-SP0) msrest/0.6.11 msrest_azure/0.6.3
        azure-mgmt-sql/0.17.0 Azure-SDK-For-Python AZURECLI/2.2.0
      accept-language:
      - en-US
    method: GET
    uri: https://management.azure.com/subscriptions/00000000-0000-0000-0000-000000000000/resourceGroups/clitestxj6awmetud/providers/Microsoft.Sql/locations/westus/longTermRetentionManagedInstances/ayang-ltr-mi/longTermRetentionDatabases/test-2/longTermRetentionManagedInstanceBackups?api-version=2018-06-01-preview
  response:
    body:
      string: '{"value":[{"properties":{"managedInstanceName":"ayang-ltr-mi","managedInstanceCreateTime":"2020-04-06T09:13:39.977Z","databaseName":"test-2","backupTime":"2020-04-06T19:11:13Z","backupExpirationTime":"2020-04-13T19:11:13Z"},"id":"/subscriptions/00000000-0000-0000-0000-000000000000/resourceGroups/clitestxj6awmetud/providers/Microsoft.Sql/locations/westus/longTermRetentionManagedInstances/ayang-ltr-mi/longTermRetentionDatabases/test-2/longTermRetentionManagedInstanceBackups/5ccc88c6-576d-4db3-848f-84d11ba7a158;132306738730000000","name":"5ccc88c6-576d-4db3-848f-84d11ba7a158;132306738730000000","type":"Microsoft.Sql/locations/longTermRetentionManagedInstances/longTermRetentionDatabases/longTermRetentionManagedInstanceBackups"}]}'
    headers:
      cache-control:
      - no-cache
      content-length:
      - '735'
      content-type:
      - application/json; charset=utf-8
      date:
      - Fri, 10 Apr 2020 04:31:06 GMT
      expires:
      - '-1'
      pragma:
      - no-cache
      server:
      - Microsoft-HTTPAPI/2.0
      strict-transport-security:
      - max-age=31536000; includeSubDomains
      transfer-encoding:
      - chunked
      vary:
      - Accept-Encoding
      x-content-type-options:
      - nosniff
    status:
      code: 200
      message: OK
- request:
    body: null
    headers:
      Accept:
      - application/json
      Accept-Encoding:
      - gzip, deflate
      CommandName:
      - sql midb ltr-backup list
      Connection:
      - keep-alive
      ParameterSetName:
      - -l --mi -d
      User-Agent:
      - python/3.8.2 (Windows-10-10.0.14393-SP0) msrest/0.6.11 msrest_azure/0.6.3
        azure-mgmt-sql/0.17.0 Azure-SDK-For-Python AZURECLI/2.2.0
      accept-language:
      - en-US
    method: GET
    uri: https://management.azure.com/subscriptions/00000000-0000-0000-0000-000000000000/providers/Microsoft.Sql/locations/westus/longTermRetentionManagedInstances/ayang-ltr-mi/longTermRetentionDatabases/test-2/longTermRetentionManagedInstanceBackups?api-version=2018-06-01-preview
  response:
    body:
      string: '{"value":[{"properties":{"managedInstanceName":"ayang-ltr-mi","managedInstanceCreateTime":"2020-04-06T09:13:39.977Z","databaseName":"test-2","backupTime":"2020-04-06T19:11:13Z","backupExpirationTime":"2020-04-13T19:11:13Z"},"id":"/subscriptions/00000000-0000-0000-0000-000000000000/resourceGroups/clitestxj6awmetud/providers/Microsoft.Sql/locations/westus/longTermRetentionManagedInstances/ayang-ltr-mi/longTermRetentionDatabases/test-2/longTermRetentionManagedInstanceBackups/5ccc88c6-576d-4db3-848f-84d11ba7a158;132306738730000000","name":"5ccc88c6-576d-4db3-848f-84d11ba7a158;132306738730000000","type":"Microsoft.Sql/locations/longTermRetentionManagedInstances/longTermRetentionDatabases/longTermRetentionManagedInstanceBackups"}]}'
    headers:
      cache-control:
      - no-cache
      content-length:
      - '735'
      content-type:
      - application/json; charset=utf-8
      date:
      - Fri, 10 Apr 2020 04:31:06 GMT
      expires:
      - '-1'
      pragma:
      - no-cache
      server:
      - Microsoft-HTTPAPI/2.0
      strict-transport-security:
      - max-age=31536000; includeSubDomains
      transfer-encoding:
      - chunked
      vary:
      - Accept-Encoding
      x-content-type-options:
      - nosniff
    status:
      code: 200
      message: OK
- request:
    body: null
    headers:
      Accept:
      - application/json
      Accept-Encoding:
      - gzip, deflate
      CommandName:
      - sql midb ltr-backup list
      Connection:
      - keep-alive
      ParameterSetName:
      - -l --mi -d --latest
      User-Agent:
      - python/3.8.2 (Windows-10-10.0.14393-SP0) msrest/0.6.11 msrest_azure/0.6.3
        azure-mgmt-sql/0.17.0 Azure-SDK-For-Python AZURECLI/2.2.0
      accept-language:
      - en-US
    method: GET
    uri: https://management.azure.com/subscriptions/00000000-0000-0000-0000-000000000000/providers/Microsoft.Sql/locations/westus/longTermRetentionManagedInstances/ayang-ltr-mi/longTermRetentionDatabases/test-2/longTermRetentionManagedInstanceBackups?onlyLatestPerDatabase=true&api-version=2018-06-01-preview
  response:
    body:
      string: '{"value":[{"properties":{"managedInstanceName":"ayang-ltr-mi","managedInstanceCreateTime":"2020-04-06T09:13:39.977Z","databaseName":"test-2","backupTime":"2020-04-06T19:11:13Z","backupExpirationTime":"2020-04-13T19:11:13Z"},"id":"/subscriptions/00000000-0000-0000-0000-000000000000/resourceGroups/clitestxj6awmetud/providers/Microsoft.Sql/locations/westus/longTermRetentionManagedInstances/ayang-ltr-mi/longTermRetentionDatabases/test-2/longTermRetentionManagedInstanceBackups/5ccc88c6-576d-4db3-848f-84d11ba7a158;132306738730000000","name":"5ccc88c6-576d-4db3-848f-84d11ba7a158;132306738730000000","type":"Microsoft.Sql/locations/longTermRetentionManagedInstances/longTermRetentionDatabases/longTermRetentionManagedInstanceBackups"}]}'
    headers:
      cache-control:
      - no-cache
      content-length:
      - '735'
      content-type:
      - application/json; charset=utf-8
      date:
      - Fri, 10 Apr 2020 04:31:07 GMT
      expires:
      - '-1'
      pragma:
      - no-cache
      server:
      - Microsoft-HTTPAPI/2.0
      strict-transport-security:
      - max-age=31536000; includeSubDomains
      transfer-encoding:
      - chunked
      vary:
      - Accept-Encoding
      x-content-type-options:
      - nosniff
    status:
      code: 200
      message: OK
- request:
    body: null
    headers:
      Accept:
      - application/json
      Accept-Encoding:
      - gzip, deflate
      CommandName:
      - sql midb ltr-backup show
      Connection:
      - keep-alive
      ParameterSetName:
      - -l --mi -d -n
      User-Agent:
      - python/3.8.2 (Windows-10-10.0.14393-SP0) msrest/0.6.11 msrest_azure/0.6.3
        azure-mgmt-sql/0.17.0 Azure-SDK-For-Python AZURECLI/2.2.0
      accept-language:
      - en-US
    method: GET
    uri: https://management.azure.com/subscriptions/00000000-0000-0000-0000-000000000000/providers/Microsoft.Sql/locations/westus/longTermRetentionManagedInstances/ayang-ltr-mi/longTermRetentionDatabases/test-2/longTermRetentionManagedInstanceBackups/5ccc88c6-576d-4db3-848f-84d11ba7a158%3B132306738730000000?api-version=2018-06-01-preview
  response:
    body:
      string: '{"properties":{"managedInstanceName":"ayang-ltr-mi","managedInstanceCreateTime":"2020-04-06T09:13:39.977Z","databaseName":"test-2","backupTime":"2020-04-06T19:11:13Z","backupExpirationTime":"2020-04-13T19:11:13Z"},"id":"/subscriptions/00000000-0000-0000-0000-000000000000/resourceGroups/clitestxj6awmetud/providers/Microsoft.Sql/locations/westus/longTermRetentionManagedInstances/ayang-ltr-mi/longTermRetentionDatabases/test-2/longTermRetentionManagedInstanceBackups/5ccc88c6-576d-4db3-848f-84d11ba7a158;132306738730000000","name":"5ccc88c6-576d-4db3-848f-84d11ba7a158;132306738730000000","type":"Microsoft.Sql/locations/longTermRetentionManagedInstances/longTermRetentionDatabases/longTermRetentionManagedInstanceBackups"}'
    headers:
      cache-control:
      - no-cache
      content-length:
      - '723'
      content-type:
      - application/json; charset=utf-8
      date:
      - Fri, 10 Apr 2020 04:31:07 GMT
      expires:
      - '-1'
      pragma:
      - no-cache
      server:
      - Microsoft-HTTPAPI/2.0
      strict-transport-security:
      - max-age=31536000; includeSubDomains
      transfer-encoding:
      - chunked
      vary:
      - Accept-Encoding
      x-content-type-options:
      - nosniff
    status:
      code: 200
      message: OK
- request:
    body: null
    headers:
      Accept:
      - application/json
      Accept-Encoding:
      - gzip, deflate
      CommandName:
      - sql midb ltr-backup restore
      Connection:
      - keep-alive
      ParameterSetName:
      - --backup-id --dest-database --dest-mi --dest-resource-group
      User-Agent:
      - python/3.8.2 (Windows-10-10.0.14393-SP0) msrest/0.6.11 msrest_azure/0.6.3
        azure-mgmt-sql/0.17.0 Azure-SDK-For-Python AZURECLI/2.2.0
      accept-language:
      - en-US
    method: GET
    uri: https://management.azure.com/subscriptions/00000000-0000-0000-0000-000000000000/resourceGroups/clitestxj6awmetud/providers/Microsoft.Sql/managedInstances/ayang-ltr-mi?api-version=2018-06-01-preview
  response:
    body:
      string: '{"identity":{"principalId":"66add4ab-8fc1-4f17-a3c4-17f0bf047c39","type":"SystemAssigned","tenantId":"0c1edf5d-e5c5-4aca-ab69-ef194134f44b"},"sku":{"name":"GP_Gen5","tier":"GeneralPurpose","family":"Gen5","capacity":4},"properties":{"fullyQualifiedDomainName":"ayang-ltr-mi.fbeedfe5d4a7.database.windows.net","administratorLogin":"cloudSA","subnetId":"/subscriptions/00000000-0000-0000-0000-000000000000/resourceGroups/clitestxj6awmetud/providers/Microsoft.Network/virtualNetworks/vnet-ayang-ltr-mi/subnets/ManagedInstance","state":"Ready","licenseType":"LicenseIncluded","vCores":4,"storageSizeInGB":32,"collation":"SQL_Latin1_General_CP1_CI_AS","dnsZone":"fbeedfe5d4a7","publicDataEndpointEnabled":false,"proxyOverride":"Proxy","timezoneId":"UTC"},"location":"westus","id":"/subscriptions/00000000-0000-0000-0000-000000000000/resourceGroups/clitestxj6awmetud/providers/Microsoft.Sql/managedInstances/ayang-ltr-mi","name":"ayang-ltr-mi","type":"Microsoft.Sql/managedInstances"}'
    headers:
      cache-control:
      - no-cache
      content-length:
      - '978'
      content-type:
      - application/json; charset=utf-8
      date:
      - Fri, 10 Apr 2020 04:31:07 GMT
      expires:
      - '-1'
      pragma:
      - no-cache
      server:
      - Microsoft-HTTPAPI/2.0
      strict-transport-security:
      - max-age=31536000; includeSubDomains
      transfer-encoding:
      - chunked
      vary:
      - Accept-Encoding
      x-content-type-options:
      - nosniff
    status:
      code: 200
      message: OK
- request:
    body: '{"location": "westus", "properties": {"createMode": "RestoreLongTermRetentionBackup",
      "longTermRetentionBackupResourceId": "/subscriptions/00000000-0000-0000-0000-000000000000/resourceGroups/clitestxj6awmetud/providers/Microsoft.Sql/locations/westus/longTermRetentionManagedInstances/ayang-ltr-mi/longTermRetentionDatabases/test-2/longTermRetentionManagedInstanceBackups/5ccc88c6-576d-4db3-848f-84d11ba7a158;132306738730000000"}}'
    headers:
      Accept:
      - application/json
      Accept-Encoding:
      - gzip, deflate
      CommandName:
      - sql midb ltr-backup restore
      Connection:
      - keep-alive
      Content-Length:
      - '429'
      Content-Type:
      - application/json; charset=utf-8
      ParameterSetName:
      - --backup-id --dest-database --dest-mi --dest-resource-group
      User-Agent:
      - python/3.8.2 (Windows-10-10.0.14393-SP0) msrest/0.6.11 msrest_azure/0.6.3
        azure-mgmt-sql/0.17.0 Azure-SDK-For-Python AZURECLI/2.2.0
      accept-language:
      - en-US
    method: PUT
    uri: https://management.azure.com/subscriptions/00000000-0000-0000-0000-000000000000/resourceGroups/clitestxj6awmetud/providers/Microsoft.Sql/managedInstances/ayang-ltr-mi/databases/cli-restore-dest?api-version=2019-06-01-preview
  response:
    body:
      string: '{"operation":"CreateManagedRestoreFromLtrBackupRequest","startTime":"2020-04-10T04:31:08.933Z"}'
    headers:
      azure-asyncoperation:
      - https://management.azure.com/subscriptions/00000000-0000-0000-0000-000000000000/providers/Microsoft.Sql/locations/westus/managedDatabaseAzureAsyncOperation/5463bf59-fba2-4326-b042-6b8ddd23d6ca?api-version=2019-06-01-preview
      cache-control:
      - no-cache
      content-length:
      - '95'
      content-type:
      - application/json; charset=utf-8
      date:
      - Fri, 10 Apr 2020 04:31:08 GMT
      expires:
      - '-1'
      location:
      - https://management.azure.com/subscriptions/00000000-0000-0000-0000-000000000000/providers/Microsoft.Sql/locations/westus/managedDatabaseOperationResults/5463bf59-fba2-4326-b042-6b8ddd23d6ca?api-version=2019-06-01-preview
      pragma:
      - no-cache
      server:
      - Microsoft-HTTPAPI/2.0
      strict-transport-security:
      - max-age=31536000; includeSubDomains
      x-content-type-options:
      - nosniff
      x-ms-ratelimit-remaining-subscription-writes:
      - '1199'
    status:
      code: 202
      message: Accepted
- request:
    body: null
    headers:
      Accept:
      - application/json
      Accept-Encoding:
      - gzip, deflate
      CommandName:
      - sql midb ltr-backup restore
      Connection:
      - keep-alive
      ParameterSetName:
      - --backup-id --dest-database --dest-mi --dest-resource-group
      User-Agent:
      - python/3.8.2 (Windows-10-10.0.14393-SP0) msrest/0.6.11 msrest_azure/0.6.3
        azure-mgmt-sql/0.17.0 Azure-SDK-For-Python AZURECLI/2.2.0
    method: GET
    uri: https://management.azure.com/subscriptions/00000000-0000-0000-0000-000000000000/providers/Microsoft.Sql/locations/westus/managedDatabaseAzureAsyncOperation/5463bf59-fba2-4326-b042-6b8ddd23d6ca?api-version=2019-06-01-preview
  response:
    body:
      string: '{"name":"5463bf59-fba2-4326-b042-6b8ddd23d6ca","status":"InProgress","startTime":"2020-04-10T04:31:08.933Z"}'
    headers:
      cache-control:
      - no-cache
      content-length:
      - '108'
      content-type:
      - application/json; charset=utf-8
      date:
      - Fri, 10 Apr 2020 04:31:23 GMT
      expires:
      - '-1'
      pragma:
      - no-cache
      server:
      - Microsoft-HTTPAPI/2.0
      strict-transport-security:
      - max-age=31536000; includeSubDomains
      transfer-encoding:
      - chunked
      vary:
      - Accept-Encoding
      x-content-type-options:
      - nosniff
    status:
      code: 200
      message: OK
- request:
    body: null
    headers:
      Accept:
      - application/json
      Accept-Encoding:
      - gzip, deflate
      CommandName:
      - sql midb ltr-backup restore
      Connection:
      - keep-alive
      ParameterSetName:
      - --backup-id --dest-database --dest-mi --dest-resource-group
      User-Agent:
      - python/3.8.2 (Windows-10-10.0.14393-SP0) msrest/0.6.11 msrest_azure/0.6.3
        azure-mgmt-sql/0.17.0 Azure-SDK-For-Python AZURECLI/2.2.0
    method: GET
    uri: https://management.azure.com/subscriptions/00000000-0000-0000-0000-000000000000/providers/Microsoft.Sql/locations/westus/managedDatabaseAzureAsyncOperation/5463bf59-fba2-4326-b042-6b8ddd23d6ca?api-version=2019-06-01-preview
  response:
    body:
      string: '{"name":"5463bf59-fba2-4326-b042-6b8ddd23d6ca","status":"InProgress","startTime":"2020-04-10T04:31:08.933Z"}'
    headers:
      cache-control:
      - no-cache
      content-length:
      - '108'
      content-type:
      - application/json; charset=utf-8
      date:
      - Fri, 10 Apr 2020 04:31:38 GMT
      expires:
      - '-1'
      pragma:
      - no-cache
      server:
      - Microsoft-HTTPAPI/2.0
      strict-transport-security:
      - max-age=31536000; includeSubDomains
      transfer-encoding:
      - chunked
      vary:
      - Accept-Encoding
      x-content-type-options:
      - nosniff
    status:
      code: 200
      message: OK
- request:
    body: null
    headers:
      Accept:
      - application/json
      Accept-Encoding:
      - gzip, deflate
      CommandName:
      - sql midb ltr-backup restore
      Connection:
      - keep-alive
      ParameterSetName:
      - --backup-id --dest-database --dest-mi --dest-resource-group
      User-Agent:
      - python/3.8.2 (Windows-10-10.0.14393-SP0) msrest/0.6.11 msrest_azure/0.6.3
        azure-mgmt-sql/0.17.0 Azure-SDK-For-Python AZURECLI/2.2.0
    method: GET
    uri: https://management.azure.com/subscriptions/00000000-0000-0000-0000-000000000000/providers/Microsoft.Sql/locations/westus/managedDatabaseAzureAsyncOperation/5463bf59-fba2-4326-b042-6b8ddd23d6ca?api-version=2019-06-01-preview
  response:
    body:
      string: '{"name":"5463bf59-fba2-4326-b042-6b8ddd23d6ca","status":"InProgress","startTime":"2020-04-10T04:31:08.933Z"}'
    headers:
      cache-control:
      - no-cache
      content-length:
      - '108'
      content-type:
      - application/json; charset=utf-8
      date:
      - Fri, 10 Apr 2020 04:31:54 GMT
      expires:
      - '-1'
      pragma:
      - no-cache
      server:
      - Microsoft-HTTPAPI/2.0
      strict-transport-security:
      - max-age=31536000; includeSubDomains
      transfer-encoding:
      - chunked
      vary:
      - Accept-Encoding
      x-content-type-options:
      - nosniff
    status:
      code: 200
      message: OK
- request:
    body: null
    headers:
      Accept:
      - application/json
      Accept-Encoding:
      - gzip, deflate
      CommandName:
      - sql midb ltr-backup restore
      Connection:
      - keep-alive
      ParameterSetName:
      - --backup-id --dest-database --dest-mi --dest-resource-group
      User-Agent:
      - python/3.8.2 (Windows-10-10.0.14393-SP0) msrest/0.6.11 msrest_azure/0.6.3
        azure-mgmt-sql/0.17.0 Azure-SDK-For-Python AZURECLI/2.2.0
    method: GET
    uri: https://management.azure.com/subscriptions/00000000-0000-0000-0000-000000000000/providers/Microsoft.Sql/locations/westus/managedDatabaseAzureAsyncOperation/5463bf59-fba2-4326-b042-6b8ddd23d6ca?api-version=2019-06-01-preview
  response:
    body:
      string: '{"name":"5463bf59-fba2-4326-b042-6b8ddd23d6ca","status":"InProgress","startTime":"2020-04-10T04:31:08.933Z"}'
    headers:
      cache-control:
      - no-cache
      content-length:
      - '108'
      content-type:
      - application/json; charset=utf-8
      date:
      - Fri, 10 Apr 2020 04:32:09 GMT
      expires:
      - '-1'
      pragma:
      - no-cache
      server:
      - Microsoft-HTTPAPI/2.0
      strict-transport-security:
      - max-age=31536000; includeSubDomains
      transfer-encoding:
      - chunked
      vary:
      - Accept-Encoding
      x-content-type-options:
      - nosniff
    status:
      code: 200
      message: OK
- request:
    body: null
    headers:
      Accept:
      - application/json
      Accept-Encoding:
      - gzip, deflate
      CommandName:
      - sql midb ltr-backup restore
      Connection:
      - keep-alive
      ParameterSetName:
      - --backup-id --dest-database --dest-mi --dest-resource-group
      User-Agent:
      - python/3.8.2 (Windows-10-10.0.14393-SP0) msrest/0.6.11 msrest_azure/0.6.3
        azure-mgmt-sql/0.17.0 Azure-SDK-For-Python AZURECLI/2.2.0
    method: GET
    uri: https://management.azure.com/subscriptions/00000000-0000-0000-0000-000000000000/providers/Microsoft.Sql/locations/westus/managedDatabaseAzureAsyncOperation/5463bf59-fba2-4326-b042-6b8ddd23d6ca?api-version=2019-06-01-preview
  response:
    body:
      string: '{"name":"5463bf59-fba2-4326-b042-6b8ddd23d6ca","status":"Succeeded","startTime":"2020-04-10T04:31:08.933Z"}'
    headers:
      cache-control:
      - no-cache
      content-length:
      - '107'
      content-type:
      - application/json; charset=utf-8
      date:
      - Fri, 10 Apr 2020 04:32:24 GMT
      expires:
      - '-1'
      pragma:
      - no-cache
      server:
      - Microsoft-HTTPAPI/2.0
      strict-transport-security:
      - max-age=31536000; includeSubDomains
      transfer-encoding:
      - chunked
      vary:
      - Accept-Encoding
      x-content-type-options:
      - nosniff
    status:
      code: 200
      message: OK
- request:
    body: null
    headers:
      Accept:
      - application/json
      Accept-Encoding:
      - gzip, deflate
      CommandName:
      - sql midb ltr-backup restore
      Connection:
      - keep-alive
      ParameterSetName:
      - --backup-id --dest-database --dest-mi --dest-resource-group
      User-Agent:
      - python/3.8.2 (Windows-10-10.0.14393-SP0) msrest/0.6.11 msrest_azure/0.6.3
        azure-mgmt-sql/0.17.0 Azure-SDK-For-Python AZURECLI/2.2.0
    method: GET
    uri: https://management.azure.com/subscriptions/00000000-0000-0000-0000-000000000000/resourceGroups/clitestxj6awmetud/providers/Microsoft.Sql/managedInstances/ayang-ltr-mi/databases/cli-restore-dest?api-version=2019-06-01-preview
  response:
    body:
      string: '{"properties":{"collation":"SQL_Latin1_General_CP1_CI_AS","status":"Online","creationDate":"2020-04-10T04:31:09.263Z","defaultSecondaryLocation":"eastus"},"location":"westus","id":"/subscriptions/00000000-0000-0000-0000-000000000000/resourceGroups/clitestxj6awmetud/providers/Microsoft.Sql/managedInstances/ayang-ltr-mi/databases/cli-restore-dest","name":"cli-restore-dest","type":"Microsoft.Sql/managedInstances/databases"}'
    headers:
      cache-control:
      - no-cache
      content-length:
      - '424'
      content-type:
      - application/json; charset=utf-8
      date:
      - Fri, 10 Apr 2020 04:32:24 GMT
      expires:
      - '-1'
      pragma:
      - no-cache
      server:
      - Microsoft-HTTPAPI/2.0
      strict-transport-security:
      - max-age=31536000; includeSubDomains
      transfer-encoding:
      - chunked
      vary:
      - Accept-Encoding
      x-content-type-options:
      - nosniff
    status:
      code: 200
      message: OK
- request:
    body: null
    headers:
      Accept:
      - application/json
      Accept-Encoding:
      - gzip, deflate
      CommandName:
      - sql midb ltr-backup delete
      Connection:
      - keep-alive
      Content-Length:
      - '0'
      ParameterSetName:
      - -l --mi -d -n
      User-Agent:
      - python/3.8.2 (Windows-10-10.0.14393-SP0) msrest/0.6.11 msrest_azure/0.6.3
        azure-mgmt-sql/0.17.0 Azure-SDK-For-Python AZURECLI/2.2.0
      accept-language:
      - en-US
    method: DELETE
    uri: https://management.azure.com/subscriptions/00000000-0000-0000-0000-000000000000/providers/Microsoft.Sql/locations/westus/longTermRetentionManagedInstances/ayang-ltr-mi/longTermRetentionDatabases/test-2/longTermRetentionManagedInstanceBackups/5ccc88c6-576d-4db3-848f-84d11ba7a158%3B132306738730000000?api-version=2018-06-01-preview
  response:
    body:
      string: '{"operation":"DeleteLTRBackup","startTime":"2020-04-10T04:32:25.597Z"}'
    headers:
      azure-asyncoperation:
      - https://management.azure.com/subscriptions/00000000-0000-0000-0000-000000000000/providers/Microsoft.Sql/locations/westus/longTermRetentionManagedInstanceBackupAzureAsyncOperation/165b425d-72aa-45ba-ae88-92fc82920584?api-version=2018-06-01-preview
      cache-control:
      - no-cache
      content-length:
      - '70'
      content-type:
      - application/json; charset=utf-8
      date:
      - Fri, 10 Apr 2020 04:32:24 GMT
      expires:
      - '-1'
      location:
      - https://management.azure.com/subscriptions/00000000-0000-0000-0000-000000000000/providers/Microsoft.Sql/locations/westus/longTermRetentionManagedInstanceBackupOperationResults/165b425d-72aa-45ba-ae88-92fc82920584?api-version=2018-06-01-preview
      pragma:
      - no-cache
      server:
      - Microsoft-HTTPAPI/2.0
      strict-transport-security:
      - max-age=31536000; includeSubDomains
      x-content-type-options:
      - nosniff
      x-ms-ratelimit-remaining-subscription-deletes:
      - '14999'
    status:
      code: 202
      message: Accepted
- request:
    body: null
    headers:
      Accept:
      - application/json
      Accept-Encoding:
      - gzip, deflate
      CommandName:
      - sql midb ltr-backup delete
      Connection:
      - keep-alive
      ParameterSetName:
      - -l --mi -d -n
      User-Agent:
      - python/3.8.2 (Windows-10-10.0.14393-SP0) msrest/0.6.11 msrest_azure/0.6.3
        azure-mgmt-sql/0.17.0 Azure-SDK-For-Python AZURECLI/2.2.0
    method: GET
    uri: https://management.azure.com/subscriptions/00000000-0000-0000-0000-000000000000/providers/Microsoft.Sql/locations/westus/longTermRetentionManagedInstanceBackupAzureAsyncOperation/165b425d-72aa-45ba-ae88-92fc82920584?api-version=2018-06-01-preview
  response:
    body:
      string: '{"name":"165b425d-72aa-45ba-ae88-92fc82920584","status":"Succeeded","startTime":"2020-04-10T04:32:25.597Z"}'
    headers:
      cache-control:
      - no-cache
      content-length:
      - '107'
      content-type:
      - application/json; charset=utf-8
      date:
      - Fri, 10 Apr 2020 04:32:40 GMT
      expires:
      - '-1'
      pragma:
      - no-cache
      server:
      - Microsoft-HTTPAPI/2.0
      strict-transport-security:
      - max-age=31536000; includeSubDomains
      transfer-encoding:
      - chunked
      vary:
      - Accept-Encoding
      x-content-type-options:
      - nosniff
    status:
      code: 200
      message: OK
version: 1
