interactions:
- request:
    body: '{"properties": {"administratorLogin": "admin123", "administratorLoginPassword":
      "SecretPassword123"}, "location": "westeurope"}'
    headers:
      Accept:
      - application/json
      Accept-Encoding:
      - gzip, deflate
      CommandName:
      - sql server create
      Connection:
      - keep-alive
      Content-Length:
      - '127'
      Content-Type:
      - application/json; charset=utf-8
      ParameterSetName:
      - -l -g -n -u -p
      User-Agent:
      - python/3.5.3 (Windows-2012ServerR2-6.3.9600-SP0) msrest/0.6.11 msrest_azure/0.6.2
        azure-mgmt-sql/0.17.0 Azure-SDK-For-Python AZURECLI/2.1.0
      accept-language:
      - en-US
    method: PUT
    uri: https://management.azure.com/subscriptions/00000000-0000-0000-0000-000000000000/resourceGroups/clitest.rg000001/providers/Microsoft.Sql/servers/clitestserver000002?api-version=2019-06-01-preview
  response:
    body:
      string: '{"operation":"UpsertLogicalServer","startTime":"2020-03-05T20:26:03.143Z"}'
    headers:
      azure-asyncoperation:
      - https://management.azure.com/subscriptions/00000000-0000-0000-0000-000000000000/resourceGroups/clitest.rg000001/providers/Microsoft.Sql/locations/westeurope/serverAzureAsyncOperation/7293ef8f-765f-4717-8643-01cec1b455b4?api-version=2019-06-01-preview
      cache-control:
      - no-cache
      content-length:
      - '74'
      content-type:
      - application/json; charset=utf-8
      date:
      - Thu, 05 Mar 2020 20:26:02 GMT
      expires:
      - '-1'
      location:
      - https://management.azure.com/subscriptions/00000000-0000-0000-0000-000000000000/resourceGroups/clitest.rg000001/providers/Microsoft.Sql/locations/westeurope/serverOperationResults/7293ef8f-765f-4717-8643-01cec1b455b4?api-version=2019-06-01-preview
      pragma:
      - no-cache
      server:
      - Microsoft-HTTPAPI/2.0
      strict-transport-security:
      - max-age=31536000; includeSubDomains
      x-content-type-options:
      - nosniff
      x-ms-ratelimit-remaining-subscription-writes:
      - '1199'
    status:
      code: 202
      message: Accepted
- request:
    body: null
    headers:
      Accept:
      - application/json
      Accept-Encoding:
      - gzip, deflate
      CommandName:
      - sql server create
      Connection:
      - keep-alive
      ParameterSetName:
      - -l -g -n -u -p
      User-Agent:
      - python/3.5.3 (Windows-2012ServerR2-6.3.9600-SP0) msrest/0.6.11 msrest_azure/0.6.2
        azure-mgmt-sql/0.17.0 Azure-SDK-For-Python AZURECLI/2.1.0
    method: GET
    uri: https://management.azure.com/subscriptions/00000000-0000-0000-0000-000000000000/resourceGroups/clitest.rg000001/providers/Microsoft.Sql/locations/westeurope/serverAzureAsyncOperation/7293ef8f-765f-4717-8643-01cec1b455b4?api-version=2019-06-01-preview
  response:
    body:
      string: '{"name":"7293ef8f-765f-4717-8643-01cec1b455b4","status":"InProgress","startTime":"2020-03-05T20:26:03.143Z"}'
    headers:
      cache-control:
      - no-cache
      content-length:
      - '108'
      content-type:
      - application/json; charset=utf-8
      date:
      - Thu, 05 Mar 2020 20:26:04 GMT
      expires:
      - '-1'
      pragma:
      - no-cache
      server:
      - Microsoft-HTTPAPI/2.0
      strict-transport-security:
      - max-age=31536000; includeSubDomains
      transfer-encoding:
      - chunked
      vary:
      - Accept-Encoding
      x-content-type-options:
      - nosniff
    status:
      code: 200
      message: OK
- request:
    body: null
    headers:
      Accept:
      - application/json
      Accept-Encoding:
      - gzip, deflate
      CommandName:
      - sql server create
      Connection:
      - keep-alive
      ParameterSetName:
      - -l -g -n -u -p
      User-Agent:
      - python/3.5.3 (Windows-2012ServerR2-6.3.9600-SP0) msrest/0.6.11 msrest_azure/0.6.2
        azure-mgmt-sql/0.17.0 Azure-SDK-For-Python AZURECLI/2.1.0
    method: GET
    uri: https://management.azure.com/subscriptions/00000000-0000-0000-0000-000000000000/resourceGroups/clitest.rg000001/providers/Microsoft.Sql/locations/westeurope/serverAzureAsyncOperation/7293ef8f-765f-4717-8643-01cec1b455b4?api-version=2019-06-01-preview
  response:
    body:
      string: '{"name":"7293ef8f-765f-4717-8643-01cec1b455b4","status":"InProgress","startTime":"2020-03-05T20:26:03.143Z"}'
    headers:
      cache-control:
      - no-cache
      content-length:
      - '108'
      content-type:
      - application/json; charset=utf-8
      date:
      - Thu, 05 Mar 2020 20:26:05 GMT
      expires:
      - '-1'
      pragma:
      - no-cache
      server:
      - Microsoft-HTTPAPI/2.0
      strict-transport-security:
      - max-age=31536000; includeSubDomains
      transfer-encoding:
      - chunked
      vary:
      - Accept-Encoding
      x-content-type-options:
      - nosniff
    status:
      code: 200
      message: OK
- request:
    body: null
    headers:
      Accept:
      - application/json
      Accept-Encoding:
      - gzip, deflate
      CommandName:
      - sql server create
      Connection:
      - keep-alive
      ParameterSetName:
      - -l -g -n -u -p
      User-Agent:
      - python/3.5.3 (Windows-2012ServerR2-6.3.9600-SP0) msrest/0.6.11 msrest_azure/0.6.2
        azure-mgmt-sql/0.17.0 Azure-SDK-For-Python AZURECLI/2.1.0
    method: GET
    uri: https://management.azure.com/subscriptions/00000000-0000-0000-0000-000000000000/resourceGroups/clitest.rg000001/providers/Microsoft.Sql/locations/westeurope/serverAzureAsyncOperation/7293ef8f-765f-4717-8643-01cec1b455b4?api-version=2019-06-01-preview
  response:
    body:
      string: '{"name":"7293ef8f-765f-4717-8643-01cec1b455b4","status":"InProgress","startTime":"2020-03-05T20:26:03.143Z"}'
    headers:
      cache-control:
      - no-cache
      content-length:
      - '108'
      content-type:
      - application/json; charset=utf-8
      date:
      - Thu, 05 Mar 2020 20:26:07 GMT
      expires:
      - '-1'
      pragma:
      - no-cache
      server:
      - Microsoft-HTTPAPI/2.0
      strict-transport-security:
      - max-age=31536000; includeSubDomains
      transfer-encoding:
      - chunked
      vary:
      - Accept-Encoding
      x-content-type-options:
      - nosniff
    status:
      code: 200
      message: OK
- request:
    body: null
    headers:
      Accept:
      - application/json
      Accept-Encoding:
      - gzip, deflate
      CommandName:
      - sql server create
      Connection:
      - keep-alive
      ParameterSetName:
      - -l -g -n -u -p
      User-Agent:
      - python/3.5.3 (Windows-2012ServerR2-6.3.9600-SP0) msrest/0.6.11 msrest_azure/0.6.2
        azure-mgmt-sql/0.17.0 Azure-SDK-For-Python AZURECLI/2.1.0
    method: GET
    uri: https://management.azure.com/subscriptions/00000000-0000-0000-0000-000000000000/resourceGroups/clitest.rg000001/providers/Microsoft.Sql/locations/westeurope/serverAzureAsyncOperation/7293ef8f-765f-4717-8643-01cec1b455b4?api-version=2019-06-01-preview
  response:
    body:
      string: '{"name":"7293ef8f-765f-4717-8643-01cec1b455b4","status":"InProgress","startTime":"2020-03-05T20:26:03.143Z"}'
    headers:
      cache-control:
      - no-cache
      content-length:
      - '108'
      content-type:
      - application/json; charset=utf-8
      date:
      - Thu, 05 Mar 2020 20:26:08 GMT
      expires:
      - '-1'
      pragma:
      - no-cache
      server:
      - Microsoft-HTTPAPI/2.0
      strict-transport-security:
      - max-age=31536000; includeSubDomains
      transfer-encoding:
      - chunked
      vary:
      - Accept-Encoding
      x-content-type-options:
      - nosniff
    status:
      code: 200
      message: OK
- request:
    body: null
    headers:
      Accept:
      - application/json
      Accept-Encoding:
      - gzip, deflate
      CommandName:
      - sql server create
      Connection:
      - keep-alive
      ParameterSetName:
      - -l -g -n -u -p
      User-Agent:
      - python/3.5.3 (Windows-2012ServerR2-6.3.9600-SP0) msrest/0.6.11 msrest_azure/0.6.2
        azure-mgmt-sql/0.17.0 Azure-SDK-For-Python AZURECLI/2.1.0
    method: GET
    uri: https://management.azure.com/subscriptions/00000000-0000-0000-0000-000000000000/resourceGroups/clitest.rg000001/providers/Microsoft.Sql/locations/westeurope/serverAzureAsyncOperation/7293ef8f-765f-4717-8643-01cec1b455b4?api-version=2019-06-01-preview
  response:
    body:
      string: '{"name":"7293ef8f-765f-4717-8643-01cec1b455b4","status":"InProgress","startTime":"2020-03-05T20:26:03.143Z"}'
    headers:
      cache-control:
      - no-cache
      content-length:
      - '108'
      content-type:
      - application/json; charset=utf-8
      date:
      - Thu, 05 Mar 2020 20:26:29 GMT
      expires:
      - '-1'
      pragma:
      - no-cache
      server:
      - Microsoft-HTTPAPI/2.0
      strict-transport-security:
      - max-age=31536000; includeSubDomains
      transfer-encoding:
      - chunked
      vary:
      - Accept-Encoding
      x-content-type-options:
      - nosniff
    status:
      code: 200
      message: OK
- request:
    body: null
    headers:
      Accept:
      - application/json
      Accept-Encoding:
      - gzip, deflate
      CommandName:
      - sql server create
      Connection:
      - keep-alive
      ParameterSetName:
      - -l -g -n -u -p
      User-Agent:
      - python/3.5.3 (Windows-2012ServerR2-6.3.9600-SP0) msrest/0.6.11 msrest_azure/0.6.2
        azure-mgmt-sql/0.17.0 Azure-SDK-For-Python AZURECLI/2.1.0
    method: GET
    uri: https://management.azure.com/subscriptions/00000000-0000-0000-0000-000000000000/resourceGroups/clitest.rg000001/providers/Microsoft.Sql/locations/westeurope/serverAzureAsyncOperation/7293ef8f-765f-4717-8643-01cec1b455b4?api-version=2019-06-01-preview
  response:
    body:
      string: '{"name":"7293ef8f-765f-4717-8643-01cec1b455b4","status":"Succeeded","startTime":"2020-03-05T20:26:03.143Z"}'
    headers:
      cache-control:
      - no-cache
      content-length:
      - '107'
      content-type:
      - application/json; charset=utf-8
      date:
      - Thu, 05 Mar 2020 20:26:49 GMT
      expires:
      - '-1'
      pragma:
      - no-cache
      server:
      - Microsoft-HTTPAPI/2.0
      strict-transport-security:
      - max-age=31536000; includeSubDomains
      transfer-encoding:
      - chunked
      vary:
      - Accept-Encoding
      x-content-type-options:
      - nosniff
    status:
      code: 200
      message: OK
- request:
    body: null
    headers:
      Accept:
      - application/json
      Accept-Encoding:
      - gzip, deflate
      CommandName:
      - sql server create
      Connection:
      - keep-alive
      ParameterSetName:
      - -l -g -n -u -p
      User-Agent:
      - python/3.5.3 (Windows-2012ServerR2-6.3.9600-SP0) msrest/0.6.11 msrest_azure/0.6.2
        azure-mgmt-sql/0.17.0 Azure-SDK-For-Python AZURECLI/2.1.0
    method: GET
    uri: https://management.azure.com/subscriptions/00000000-0000-0000-0000-000000000000/resourceGroups/clitest.rg000001/providers/Microsoft.Sql/servers/clitestserver000002?api-version=2019-06-01-preview
  response:
    body:
      string: '{"kind":"v12.0","properties":{"administratorLogin":"admin123","version":"12.0","state":"Ready","fullyQualifiedDomainName":"clitestserver000002.database.windows.net","privateEndpointConnections":[],"publicNetworkAccess":"Enabled"},"location":"westeurope","id":"/subscriptions/00000000-0000-0000-0000-000000000000/resourceGroups/clitest.rg000001/providers/Microsoft.Sql/servers/clitestserver000002","name":"clitestserver000002","type":"Microsoft.Sql/servers"}'
    headers:
      cache-control:
      - no-cache
      content-length:
      - '645'
      content-type:
      - application/json; charset=utf-8
      date:
      - Thu, 05 Mar 2020 20:26:50 GMT
      expires:
      - '-1'
      pragma:
      - no-cache
      server:
      - Microsoft-HTTPAPI/2.0
      strict-transport-security:
      - max-age=31536000; includeSubDomains
      transfer-encoding:
      - chunked
      vary:
      - Accept-Encoding
      x-content-type-options:
      - nosniff
    status:
      code: 200
      message: OK
- request:
    body: null
    headers:
      Accept:
      - application/json
      Accept-Encoding:
      - gzip, deflate
      CommandName:
      - sql db create
      Connection:
      - keep-alive
      ParameterSetName:
      - -g --server --name
      User-Agent:
      - python/3.5.3 (Windows-2012ServerR2-6.3.9600-SP0) msrest/0.6.11 msrest_azure/0.6.2
        azure-mgmt-sql/0.17.0 Azure-SDK-For-Python AZURECLI/2.1.0
      accept-language:
      - en-US
    method: GET
    uri: https://management.azure.com/subscriptions/00000000-0000-0000-0000-000000000000/resourceGroups/clitest.rg000001/providers/Microsoft.Sql/servers/clitestserver000002?api-version=2019-06-01-preview
  response:
    body:
      string: '{"kind":"v12.0","properties":{"administratorLogin":"admin123","version":"12.0","state":"Ready","fullyQualifiedDomainName":"clitestserver000002.database.windows.net","privateEndpointConnections":[],"publicNetworkAccess":"Enabled"},"location":"westeurope","id":"/subscriptions/00000000-0000-0000-0000-000000000000/resourceGroups/clitest.rg000001/providers/Microsoft.Sql/servers/clitestserver000002","name":"clitestserver000002","type":"Microsoft.Sql/servers"}'
    headers:
      cache-control:
      - no-cache
      content-length:
      - '645'
      content-type:
      - application/json; charset=utf-8
      date:
      - Thu, 05 Mar 2020 20:27:03 GMT
      expires:
      - '-1'
      pragma:
      - no-cache
      server:
      - Microsoft-HTTPAPI/2.0
      strict-transport-security:
      - max-age=31536000; includeSubDomains
      transfer-encoding:
      - chunked
      vary:
      - Accept-Encoding
      x-content-type-options:
      - nosniff
    status:
      code: 200
      message: OK
- request:
    body: '{"location": "westeurope"}'
    headers:
      Accept:
      - application/json
      Accept-Encoding:
      - gzip, deflate
      CommandName:
      - sql db create
      Connection:
      - keep-alive
      Content-Length:
      - '26'
      Content-Type:
      - application/json; charset=utf-8
      ParameterSetName:
      - -g --server --name
      User-Agent:
      - python/3.5.3 (Windows-2012ServerR2-6.3.9600-SP0) msrest/0.6.11 msrest_azure/0.6.2
        azure-mgmt-sql/0.17.0 Azure-SDK-For-Python AZURECLI/2.1.0
      accept-language:
      - en-US
    method: PUT
    uri: https://management.azure.com/subscriptions/00000000-0000-0000-0000-000000000000/resourceGroups/clitest.rg000001/providers/Microsoft.Sql/servers/clitestserver000002/databases/cliautomationdb01?api-version=2017-10-01-preview
  response:
    body:
      string: '{"operation":"CreateLogicalDatabase","startTime":"2020-03-05T20:27:08Z"}'
    headers:
      azure-asyncoperation:
      - https://management.azure.com/subscriptions/00000000-0000-0000-0000-000000000000/resourceGroups/clitest.rg000001/providers/Microsoft.Sql/locations/westeurope/databaseAzureAsyncOperation/bb7a760b-7e54-4004-ab8c-61f1bde05107?api-version=2017-10-01-preview
      cache-control:
      - no-cache
      content-length:
      - '72'
      content-type:
      - application/json; charset=utf-8
      date:
      - Thu, 05 Mar 2020 20:27:07 GMT
      expires:
      - '-1'
      location:
      - https://management.azure.com/subscriptions/00000000-0000-0000-0000-000000000000/resourceGroups/clitest.rg000001/providers/Microsoft.Sql/locations/westeurope/databaseOperationResults/bb7a760b-7e54-4004-ab8c-61f1bde05107?api-version=2017-10-01-preview
      pragma:
      - no-cache
      server:
      - Microsoft-HTTPAPI/2.0
      strict-transport-security:
      - max-age=31536000; includeSubDomains
      x-content-type-options:
      - nosniff
      x-ms-ratelimit-remaining-subscription-writes:
      - '1199'
    status:
      code: 202
      message: Accepted
- request:
    body: null
    headers:
      Accept:
      - application/json
      Accept-Encoding:
      - gzip, deflate
      CommandName:
      - sql db create
      Connection:
      - keep-alive
      ParameterSetName:
      - -g --server --name
      User-Agent:
      - python/3.5.3 (Windows-2012ServerR2-6.3.9600-SP0) msrest/0.6.11 msrest_azure/0.6.2
        azure-mgmt-sql/0.17.0 Azure-SDK-For-Python AZURECLI/2.1.0
    method: GET
    uri: https://management.azure.com/subscriptions/00000000-0000-0000-0000-000000000000/resourceGroups/clitest.rg000001/providers/Microsoft.Sql/locations/westeurope/databaseAzureAsyncOperation/bb7a760b-7e54-4004-ab8c-61f1bde05107?api-version=2017-10-01-preview
  response:
    body:
      string: '{"name":"bb7a760b-7e54-4004-ab8c-61f1bde05107","status":"InProgress","startTime":"2020-03-05T20:27:08Z"}'
    headers:
      cache-control:
      - no-cache
      content-length:
      - '104'
      content-type:
      - application/json; charset=utf-8
      date:
      - Thu, 05 Mar 2020 20:27:23 GMT
      expires:
      - '-1'
      pragma:
      - no-cache
      server:
      - Microsoft-HTTPAPI/2.0
      strict-transport-security:
      - max-age=31536000; includeSubDomains
      transfer-encoding:
      - chunked
      vary:
      - Accept-Encoding
      x-content-type-options:
      - nosniff
    status:
      code: 200
      message: OK
- request:
    body: null
    headers:
      Accept:
      - application/json
      Accept-Encoding:
      - gzip, deflate
      CommandName:
      - sql db create
      Connection:
      - keep-alive
      ParameterSetName:
      - -g --server --name
      User-Agent:
      - python/3.5.3 (Windows-2012ServerR2-6.3.9600-SP0) msrest/0.6.11 msrest_azure/0.6.2
        azure-mgmt-sql/0.17.0 Azure-SDK-For-Python AZURECLI/2.1.0
    method: GET
    uri: https://management.azure.com/subscriptions/00000000-0000-0000-0000-000000000000/resourceGroups/clitest.rg000001/providers/Microsoft.Sql/locations/westeurope/databaseAzureAsyncOperation/bb7a760b-7e54-4004-ab8c-61f1bde05107?api-version=2017-10-01-preview
  response:
    body:
      string: '{"name":"bb7a760b-7e54-4004-ab8c-61f1bde05107","status":"InProgress","startTime":"2020-03-05T20:27:08Z"}'
    headers:
      cache-control:
      - no-cache
      content-length:
      - '104'
      content-type:
      - application/json; charset=utf-8
      date:
      - Thu, 05 Mar 2020 20:27:39 GMT
      expires:
      - '-1'
      pragma:
      - no-cache
      server:
      - Microsoft-HTTPAPI/2.0
      strict-transport-security:
      - max-age=31536000; includeSubDomains
      transfer-encoding:
      - chunked
      vary:
      - Accept-Encoding
      x-content-type-options:
      - nosniff
    status:
      code: 200
      message: OK
- request:
    body: null
    headers:
      Accept:
      - application/json
      Accept-Encoding:
      - gzip, deflate
      CommandName:
      - sql db create
      Connection:
      - keep-alive
      ParameterSetName:
      - -g --server --name
      User-Agent:
      - python/3.5.3 (Windows-2012ServerR2-6.3.9600-SP0) msrest/0.6.11 msrest_azure/0.6.2
        azure-mgmt-sql/0.17.0 Azure-SDK-For-Python AZURECLI/2.1.0
    method: GET
    uri: https://management.azure.com/subscriptions/00000000-0000-0000-0000-000000000000/resourceGroups/clitest.rg000001/providers/Microsoft.Sql/locations/westeurope/databaseAzureAsyncOperation/bb7a760b-7e54-4004-ab8c-61f1bde05107?api-version=2017-10-01-preview
  response:
    body:
      string: '{"name":"bb7a760b-7e54-4004-ab8c-61f1bde05107","status":"Succeeded","startTime":"2020-03-05T20:27:08Z"}'
    headers:
      cache-control:
      - no-cache
      content-length:
      - '103'
      content-type:
      - application/json; charset=utf-8
      date:
      - Thu, 05 Mar 2020 20:27:54 GMT
      expires:
      - '-1'
      pragma:
      - no-cache
      server:
      - Microsoft-HTTPAPI/2.0
      strict-transport-security:
      - max-age=31536000; includeSubDomains
      transfer-encoding:
      - chunked
      vary:
      - Accept-Encoding
      x-content-type-options:
      - nosniff
    status:
      code: 200
      message: OK
- request:
    body: null
    headers:
      Accept:
      - application/json
      Accept-Encoding:
      - gzip, deflate
      CommandName:
      - sql db create
      Connection:
      - keep-alive
      ParameterSetName:
      - -g --server --name
      User-Agent:
      - python/3.5.3 (Windows-2012ServerR2-6.3.9600-SP0) msrest/0.6.11 msrest_azure/0.6.2
        azure-mgmt-sql/0.17.0 Azure-SDK-For-Python AZURECLI/2.1.0
    method: GET
    uri: https://management.azure.com/subscriptions/00000000-0000-0000-0000-000000000000/resourceGroups/clitest.rg000001/providers/Microsoft.Sql/servers/clitestserver000002/databases/cliautomationdb01?api-version=2017-10-01-preview
  response:
    body:
      string: '{"sku":{"name":"GP_Gen5","tier":"GeneralPurpose","family":"Gen5","capacity":2},"kind":"v12.0,user,vcore","properties":{"collation":"SQL_Latin1_General_CP1_CI_AS","maxSizeBytes":34359738368,"status":"Online","databaseId":"6c37129c-8174-427a-8b21-2be093bda5fa","creationDate":"2020-03-05T20:27:47.42Z","currentServiceObjectiveName":"GP_Gen5_2","requestedServiceObjectiveName":"GP_Gen5_2","defaultSecondaryLocation":"northeurope","catalogCollation":"SQL_Latin1_General_CP1_CI_AS","zoneRedundant":false,"licenseType":"LicenseIncluded","maxLogSizeBytes":10307502080,"earliestRestoreDate":"2020-03-05T20:57:47.42Z","readScale":"Disabled","readReplicaCount":0,"currentSku":{"name":"GP_Gen5","tier":"GeneralPurpose","family":"Gen5","capacity":2}},"location":"westeurope","id":"/subscriptions/00000000-0000-0000-0000-000000000000/resourceGroups/clitest.rg000001/providers/Microsoft.Sql/servers/clitestserver000002/databases/cliautomationdb01","name":"cliautomationdb01","type":"Microsoft.Sql/servers/databases"}'
    headers:
      cache-control:
      - no-cache
      content-length:
      - '1104'
      content-type:
      - application/json; charset=utf-8
      date:
      - Thu, 05 Mar 2020 20:27:54 GMT
      expires:
      - '-1'
      pragma:
      - no-cache
      server:
      - Microsoft-HTTPAPI/2.0
      strict-transport-security:
      - max-age=31536000; includeSubDomains
      transfer-encoding:
      - chunked
      vary:
      - Accept-Encoding
      x-content-type-options:
      - nosniff
    status:
      code: 200
      message: OK
- request:
    body: null
    headers:
      Accept:
      - application/json
      Accept-Encoding:
      - gzip, deflate
      CommandName:
      - sql db delete
      Connection:
      - keep-alive
      Content-Length:
      - '0'
      ParameterSetName:
      - -g -s -n --yes
      User-Agent:
      - python/3.5.3 (Windows-2012ServerR2-6.3.9600-SP0) msrest/0.6.11 msrest_azure/0.6.2
        azure-mgmt-sql/0.17.0 Azure-SDK-For-Python AZURECLI/2.1.0
      accept-language:
      - en-US
    method: DELETE
    uri: https://management.azure.com/subscriptions/00000000-0000-0000-0000-000000000000/resourceGroups/clitest.rg000001/providers/Microsoft.Sql/servers/clitestserver000002/databases/cliautomationdb01?api-version=2017-10-01-preview
  response:
    body:
      string: '{"operation":"DropLogicalDatabase","startTime":"2020-03-05T20:57:49.923Z"}'
    headers:
      azure-asyncoperation:
      - https://management.azure.com/subscriptions/00000000-0000-0000-0000-000000000000/resourceGroups/clitest.rg000001/providers/Microsoft.Sql/locations/westeurope/databaseAzureAsyncOperation/cd05d09b-8f0c-4063-9487-68eed644f2e5?api-version=2017-10-01-preview
      cache-control:
      - no-cache
      content-length:
      - '74'
      content-type:
      - application/json; charset=utf-8
      date:
      - Thu, 05 Mar 2020 20:57:49 GMT
      expires:
      - '-1'
      location:
      - https://management.azure.com/subscriptions/00000000-0000-0000-0000-000000000000/resourceGroups/clitest.rg000001/providers/Microsoft.Sql/locations/westeurope/databaseOperationResults/cd05d09b-8f0c-4063-9487-68eed644f2e5?api-version=2017-10-01-preview
      pragma:
      - no-cache
      server:
      - Microsoft-HTTPAPI/2.0
      strict-transport-security:
      - max-age=31536000; includeSubDomains
      x-content-type-options:
      - nosniff
      x-ms-ratelimit-remaining-subscription-deletes:
      - '14999'
    status:
      code: 202
      message: Accepted
- request:
    body: null
    headers:
      Accept:
      - application/json
      Accept-Encoding:
      - gzip, deflate
      CommandName:
      - sql db delete
      Connection:
      - keep-alive
      ParameterSetName:
      - -g -s -n --yes
      User-Agent:
      - python/3.5.3 (Windows-2012ServerR2-6.3.9600-SP0) msrest/0.6.11 msrest_azure/0.6.2
        azure-mgmt-sql/0.17.0 Azure-SDK-For-Python AZURECLI/2.1.0
    method: GET
    uri: https://management.azure.com/subscriptions/00000000-0000-0000-0000-000000000000/resourceGroups/clitest.rg000001/providers/Microsoft.Sql/locations/westeurope/databaseAzureAsyncOperation/cd05d09b-8f0c-4063-9487-68eed644f2e5?api-version=2017-10-01-preview
  response:
    body:
      string: '{"name":"cd05d09b-8f0c-4063-9487-68eed644f2e5","status":"Succeeded","startTime":"2020-03-05T20:57:49.923Z"}'
    headers:
      cache-control:
      - no-cache
      content-length:
      - '107'
      content-type:
      - application/json; charset=utf-8
      date:
      - Thu, 05 Mar 2020 20:58:05 GMT
      expires:
      - '-1'
      pragma:
      - no-cache
      server:
      - Microsoft-HTTPAPI/2.0
      strict-transport-security:
      - max-age=31536000; includeSubDomains
      transfer-encoding:
      - chunked
      vary:
      - Accept-Encoding
      x-content-type-options:
      - nosniff
    status:
      code: 200
      message: OK
- request:
    body: null
    headers:
      Accept:
      - application/json
      Accept-Encoding:
      - gzip, deflate
      CommandName:
      - sql db list-deleted
      Connection:
      - keep-alive
      ParameterSetName:
      - -g -s
      User-Agent:
      - python/3.5.3 (Windows-2012ServerR2-6.3.9600-SP0) msrest/0.6.11 msrest_azure/0.6.2
        azure-mgmt-sql/0.17.0 Azure-SDK-For-Python AZURECLI/2.1.0
      accept-language:
      - en-US
    method: GET
    uri: https://management.azure.com/subscriptions/00000000-0000-0000-0000-000000000000/resourceGroups/clitest.rg000001/providers/Microsoft.Sql/servers/clitestserver000002/restorableDroppedDatabases?api-version=2014-04-01
  response:
    body:
      string: '{"value":[]}'
    headers:
      cache-control:
      - no-store, no-cache
      content-length:
      - '12'
      content-type:
      - application/json; odata=minimalmetadata; streaming=true; charset=utf-8
      dataserviceversion:
      - 3.0;
      date:
      - Thu, 05 Mar 2020 20:58:07 GMT
      server:
      - Microsoft-HTTPAPI/2.0
      strict-transport-security:
      - max-age=31536000; includeSubDomains
      transfer-encoding:
      - chunked
      vary:
      - Accept-Encoding
      x-content-type-options:
      - nosniff
    status:
      code: 200
      message: OK
- request:
    body: null
    headers:
      Accept:
      - application/json
      Accept-Encoding:
      - gzip, deflate
      CommandName:
      - sql db list-deleted
      Connection:
      - keep-alive
      ParameterSetName:
      - -g -s
      User-Agent:
      - python/3.5.3 (Windows-2012ServerR2-6.3.9600-SP0) msrest/0.6.11 msrest_azure/0.6.2
        azure-mgmt-sql/0.17.0 Azure-SDK-For-Python AZURECLI/2.1.0
      accept-language:
      - en-US
    method: GET
    uri: https://management.azure.com/subscriptions/00000000-0000-0000-0000-000000000000/resourceGroups/clitest.rg000001/providers/Microsoft.Sql/servers/clitestserver000002/restorableDroppedDatabases?api-version=2014-04-01
  response:
    body:
      string: '{"value":[]}'
    headers:
      cache-control:
      - no-store, no-cache
      content-length:
      - '12'
      content-type:
      - application/json; odata=minimalmetadata; streaming=true; charset=utf-8
      dataserviceversion:
      - 3.0;
      date:
      - Thu, 05 Mar 2020 20:58:09 GMT
      server:
      - Microsoft-HTTPAPI/2.0
      strict-transport-security:
      - max-age=31536000; includeSubDomains
      transfer-encoding:
      - chunked
      vary:
      - Accept-Encoding
      x-content-type-options:
      - nosniff
    status:
      code: 200
      message: OK
- request:
    body: null
    headers:
      Accept:
      - application/json
      Accept-Encoding:
      - gzip, deflate
      CommandName:
      - sql db list-deleted
      Connection:
      - keep-alive
      ParameterSetName:
      - -g -s
      User-Agent:
      - python/3.5.3 (Windows-2012ServerR2-6.3.9600-SP0) msrest/0.6.11 msrest_azure/0.6.2
        azure-mgmt-sql/0.17.0 Azure-SDK-For-Python AZURECLI/2.1.0
      accept-language:
      - en-US
    method: GET
    uri: https://management.azure.com/subscriptions/00000000-0000-0000-0000-000000000000/resourceGroups/clitest.rg000001/providers/Microsoft.Sql/servers/clitestserver000002/restorableDroppedDatabases?api-version=2014-04-01
  response:
    body:
      string: '{"value":[]}'
    headers:
      cache-control:
      - no-store, no-cache
      content-length:
      - '12'
      content-type:
      - application/json; odata=minimalmetadata; streaming=true; charset=utf-8
      dataserviceversion:
      - 3.0;
      date:
      - Thu, 05 Mar 2020 20:58:11 GMT
      server:
      - Microsoft-HTTPAPI/2.0
      strict-transport-security:
      - max-age=31536000; includeSubDomains
      transfer-encoding:
      - chunked
      vary:
      - Accept-Encoding
      x-content-type-options:
      - nosniff
    status:
      code: 200
      message: OK
- request:
    body: null
    headers:
      Accept:
      - application/json
      Accept-Encoding:
      - gzip, deflate
      CommandName:
      - sql db list-deleted
      Connection:
      - keep-alive
      ParameterSetName:
      - -g -s
      User-Agent:
      - python/3.5.3 (Windows-2012ServerR2-6.3.9600-SP0) msrest/0.6.11 msrest_azure/0.6.2
        azure-mgmt-sql/0.17.0 Azure-SDK-For-Python AZURECLI/2.1.0
      accept-language:
      - en-US
    method: GET
    uri: https://management.azure.com/subscriptions/00000000-0000-0000-0000-000000000000/resourceGroups/clitest.rg000001/providers/Microsoft.Sql/servers/clitestserver000002/restorableDroppedDatabases?api-version=2014-04-01
  response:
    body:
      string: '{"value":[]}'
    headers:
      cache-control:
      - no-store, no-cache
      content-length:
      - '12'
      content-type:
      - application/json; odata=minimalmetadata; streaming=true; charset=utf-8
      dataserviceversion:
      - 3.0;
      date:
      - Thu, 05 Mar 2020 20:58:13 GMT
      server:
      - Microsoft-HTTPAPI/2.0
      strict-transport-security:
      - max-age=31536000; includeSubDomains
      transfer-encoding:
      - chunked
      vary:
      - Accept-Encoding
      x-content-type-options:
      - nosniff
    status:
      code: 200
      message: OK
- request:
    body: null
    headers:
      Accept:
      - application/json
      Accept-Encoding:
      - gzip, deflate
      CommandName:
      - sql db list-deleted
      Connection:
      - keep-alive
      ParameterSetName:
      - -g -s
      User-Agent:
      - python/3.5.3 (Windows-2012ServerR2-6.3.9600-SP0) msrest/0.6.11 msrest_azure/0.6.2
        azure-mgmt-sql/0.17.0 Azure-SDK-For-Python AZURECLI/2.1.0
      accept-language:
      - en-US
    method: GET
    uri: https://management.azure.com/subscriptions/00000000-0000-0000-0000-000000000000/resourceGroups/clitest.rg000001/providers/Microsoft.Sql/servers/clitestserver000002/restorableDroppedDatabases?api-version=2014-04-01
  response:
    body:
      string: '{"value":[]}'
    headers:
      cache-control:
      - no-store, no-cache
      content-length:
      - '12'
      content-type:
      - application/json; odata=minimalmetadata; streaming=true; charset=utf-8
      dataserviceversion:
      - 3.0;
      date:
      - Thu, 05 Mar 2020 20:58:15 GMT
      server:
      - Microsoft-HTTPAPI/2.0
      strict-transport-security:
      - max-age=31536000; includeSubDomains
      transfer-encoding:
      - chunked
      vary:
      - Accept-Encoding
      x-content-type-options:
      - nosniff
    status:
      code: 200
      message: OK
- request:
    body: null
    headers:
      Accept:
      - application/json
      Accept-Encoding:
      - gzip, deflate
      CommandName:
      - sql db list-deleted
      Connection:
      - keep-alive
      ParameterSetName:
      - -g -s
      User-Agent:
      - python/3.5.3 (Windows-2012ServerR2-6.3.9600-SP0) msrest/0.6.11 msrest_azure/0.6.2
        azure-mgmt-sql/0.17.0 Azure-SDK-For-Python AZURECLI/2.1.0
      accept-language:
      - en-US
    method: GET
    uri: https://management.azure.com/subscriptions/00000000-0000-0000-0000-000000000000/resourceGroups/clitest.rg000001/providers/Microsoft.Sql/servers/clitestserver000002/restorableDroppedDatabases?api-version=2014-04-01
  response:
    body:
      string: '{"value":[]}'
    headers:
      cache-control:
      - no-store, no-cache
      content-length:
      - '12'
      content-type:
      - application/json; odata=minimalmetadata; streaming=true; charset=utf-8
      dataserviceversion:
      - 3.0;
      date:
      - Thu, 05 Mar 2020 20:58:17 GMT
      server:
      - Microsoft-HTTPAPI/2.0
      strict-transport-security:
      - max-age=31536000; includeSubDomains
      transfer-encoding:
      - chunked
      vary:
      - Accept-Encoding
      x-content-type-options:
      - nosniff
    status:
      code: 200
      message: OK
- request:
    body: null
    headers:
      Accept:
      - application/json
      Accept-Encoding:
      - gzip, deflate
      CommandName:
      - sql db list-deleted
      Connection:
      - keep-alive
      ParameterSetName:
      - -g -s
      User-Agent:
      - python/3.5.3 (Windows-2012ServerR2-6.3.9600-SP0) msrest/0.6.11 msrest_azure/0.6.2
        azure-mgmt-sql/0.17.0 Azure-SDK-For-Python AZURECLI/2.1.0
      accept-language:
      - en-US
    method: GET
    uri: https://management.azure.com/subscriptions/00000000-0000-0000-0000-000000000000/resourceGroups/clitest.rg000001/providers/Microsoft.Sql/servers/clitestserver000002/restorableDroppedDatabases?api-version=2014-04-01
  response:
    body:
      string: '{"value":[]}'
    headers:
      cache-control:
      - no-store, no-cache
      content-length:
      - '12'
      content-type:
      - application/json; odata=minimalmetadata; streaming=true; charset=utf-8
      dataserviceversion:
      - 3.0;
      date:
      - Thu, 05 Mar 2020 20:58:20 GMT
      server:
      - Microsoft-HTTPAPI/2.0
      strict-transport-security:
      - max-age=31536000; includeSubDomains
      transfer-encoding:
      - chunked
      vary:
      - Accept-Encoding
      x-content-type-options:
      - nosniff
    status:
      code: 200
      message: OK
- request:
    body: null
    headers:
      Accept:
      - application/json
      Accept-Encoding:
      - gzip, deflate
      CommandName:
      - sql db list-deleted
      Connection:
      - keep-alive
      ParameterSetName:
      - -g -s
      User-Agent:
      - python/3.5.3 (Windows-2012ServerR2-6.3.9600-SP0) msrest/0.6.11 msrest_azure/0.6.2
        azure-mgmt-sql/0.17.0 Azure-SDK-For-Python AZURECLI/2.1.0
      accept-language:
      - en-US
    method: GET
    uri: https://management.azure.com/subscriptions/00000000-0000-0000-0000-000000000000/resourceGroups/clitest.rg000001/providers/Microsoft.Sql/servers/clitestserver000002/restorableDroppedDatabases?api-version=2014-04-01
  response:
    body:
      string: '{"value":[]}'
    headers:
      cache-control:
      - no-store, no-cache
      content-length:
      - '12'
      content-type:
      - application/json; odata=minimalmetadata; streaming=true; charset=utf-8
      dataserviceversion:
      - 3.0;
      date:
      - Thu, 05 Mar 2020 20:58:22 GMT
      server:
      - Microsoft-HTTPAPI/2.0
      strict-transport-security:
      - max-age=31536000; includeSubDomains
      transfer-encoding:
      - chunked
      vary:
      - Accept-Encoding
      x-content-type-options:
      - nosniff
    status:
      code: 200
      message: OK
- request:
    body: null
    headers:
      Accept:
      - application/json
      Accept-Encoding:
      - gzip, deflate
      CommandName:
      - sql db list-deleted
      Connection:
      - keep-alive
      ParameterSetName:
      - -g -s
      User-Agent:
      - python/3.5.3 (Windows-2012ServerR2-6.3.9600-SP0) msrest/0.6.11 msrest_azure/0.6.2
        azure-mgmt-sql/0.17.0 Azure-SDK-For-Python AZURECLI/2.1.0
      accept-language:
      - en-US
    method: GET
    uri: https://management.azure.com/subscriptions/00000000-0000-0000-0000-000000000000/resourceGroups/clitest.rg000001/providers/Microsoft.Sql/servers/clitestserver000002/restorableDroppedDatabases?api-version=2014-04-01
  response:
    body:
      string: '{"value":[]}'
    headers:
      cache-control:
      - no-store, no-cache
      content-length:
      - '12'
      content-type:
      - application/json; odata=minimalmetadata; streaming=true; charset=utf-8
      dataserviceversion:
      - 3.0;
      date:
      - Thu, 05 Mar 2020 20:58:23 GMT
      server:
      - Microsoft-HTTPAPI/2.0
      strict-transport-security:
      - max-age=31536000; includeSubDomains
      transfer-encoding:
      - chunked
      vary:
      - Accept-Encoding
      x-content-type-options:
      - nosniff
    status:
      code: 200
      message: OK
- request:
    body: null
    headers:
      Accept:
      - application/json
      Accept-Encoding:
      - gzip, deflate
      CommandName:
      - sql db list-deleted
      Connection:
      - keep-alive
      ParameterSetName:
      - -g -s
      User-Agent:
      - python/3.5.3 (Windows-2012ServerR2-6.3.9600-SP0) msrest/0.6.11 msrest_azure/0.6.2
        azure-mgmt-sql/0.17.0 Azure-SDK-For-Python AZURECLI/2.1.0
      accept-language:
      - en-US
    method: GET
    uri: https://management.azure.com/subscriptions/00000000-0000-0000-0000-000000000000/resourceGroups/clitest.rg000001/providers/Microsoft.Sql/servers/clitestserver000002/restorableDroppedDatabases?api-version=2014-04-01
  response:
    body:
      string: '{"value":[]}'
    headers:
      cache-control:
      - no-store, no-cache
      content-length:
      - '12'
      content-type:
      - application/json; odata=minimalmetadata; streaming=true; charset=utf-8
      dataserviceversion:
      - 3.0;
      date:
      - Thu, 05 Mar 2020 20:58:25 GMT
      server:
      - Microsoft-HTTPAPI/2.0
      strict-transport-security:
      - max-age=31536000; includeSubDomains
      transfer-encoding:
      - chunked
      vary:
      - Accept-Encoding
      x-content-type-options:
      - nosniff
    status:
      code: 200
      message: OK
- request:
    body: null
    headers:
      Accept:
      - application/json
      Accept-Encoding:
      - gzip, deflate
      CommandName:
      - sql db list-deleted
      Connection:
      - keep-alive
      ParameterSetName:
      - -g -s
      User-Agent:
      - python/3.5.3 (Windows-2012ServerR2-6.3.9600-SP0) msrest/0.6.11 msrest_azure/0.6.2
        azure-mgmt-sql/0.17.0 Azure-SDK-For-Python AZURECLI/2.1.0
      accept-language:
      - en-US
    method: GET
    uri: https://management.azure.com/subscriptions/00000000-0000-0000-0000-000000000000/resourceGroups/clitest.rg000001/providers/Microsoft.Sql/servers/clitestserver000002/restorableDroppedDatabases?api-version=2014-04-01
  response:
    body:
      string: '{"value":[]}'
    headers:
      cache-control:
      - no-store, no-cache
      content-length:
      - '12'
      content-type:
      - application/json; odata=minimalmetadata; streaming=true; charset=utf-8
      dataserviceversion:
      - 3.0;
      date:
      - Thu, 05 Mar 2020 20:58:27 GMT
      server:
      - Microsoft-HTTPAPI/2.0
      strict-transport-security:
      - max-age=31536000; includeSubDomains
      transfer-encoding:
      - chunked
      vary:
      - Accept-Encoding
      x-content-type-options:
      - nosniff
    status:
      code: 200
      message: OK
- request:
    body: null
    headers:
      Accept:
      - application/json
      Accept-Encoding:
      - gzip, deflate
      CommandName:
      - sql db list-deleted
      Connection:
      - keep-alive
      ParameterSetName:
      - -g -s
      User-Agent:
      - python/3.5.3 (Windows-2012ServerR2-6.3.9600-SP0) msrest/0.6.11 msrest_azure/0.6.2
        azure-mgmt-sql/0.17.0 Azure-SDK-For-Python AZURECLI/2.1.0
      accept-language:
      - en-US
    method: GET
    uri: https://management.azure.com/subscriptions/00000000-0000-0000-0000-000000000000/resourceGroups/clitest.rg000001/providers/Microsoft.Sql/servers/clitestserver000002/restorableDroppedDatabases?api-version=2014-04-01
  response:
    body:
      string: '{"value":[]}'
    headers:
      cache-control:
      - no-store, no-cache
      content-length:
      - '12'
      content-type:
      - application/json; odata=minimalmetadata; streaming=true; charset=utf-8
      dataserviceversion:
      - 3.0;
      date:
      - Thu, 05 Mar 2020 20:58:29 GMT
      server:
      - Microsoft-HTTPAPI/2.0
      strict-transport-security:
      - max-age=31536000; includeSubDomains
      transfer-encoding:
      - chunked
      vary:
      - Accept-Encoding
      x-content-type-options:
      - nosniff
    status:
      code: 200
      message: OK
- request:
    body: null
    headers:
      Accept:
      - application/json
      Accept-Encoding:
      - gzip, deflate
      CommandName:
      - sql db list-deleted
      Connection:
      - keep-alive
      ParameterSetName:
      - -g -s
      User-Agent:
      - python/3.5.3 (Windows-2012ServerR2-6.3.9600-SP0) msrest/0.6.11 msrest_azure/0.6.2
        azure-mgmt-sql/0.17.0 Azure-SDK-For-Python AZURECLI/2.1.0
      accept-language:
      - en-US
    method: GET
    uri: https://management.azure.com/subscriptions/00000000-0000-0000-0000-000000000000/resourceGroups/clitest.rg000001/providers/Microsoft.Sql/servers/clitestserver000002/restorableDroppedDatabases?api-version=2014-04-01
  response:
    body:
      string: '{"value":[]}'
    headers:
      cache-control:
      - no-store, no-cache
      content-length:
      - '12'
      content-type:
      - application/json; odata=minimalmetadata; streaming=true; charset=utf-8
      dataserviceversion:
      - 3.0;
      date:
      - Thu, 05 Mar 2020 20:58:31 GMT
      server:
      - Microsoft-HTTPAPI/2.0
      strict-transport-security:
      - max-age=31536000; includeSubDomains
      transfer-encoding:
      - chunked
      vary:
      - Accept-Encoding
      x-content-type-options:
      - nosniff
    status:
      code: 200
      message: OK
- request:
    body: null
    headers:
      Accept:
      - application/json
      Accept-Encoding:
      - gzip, deflate
      CommandName:
      - sql db list-deleted
      Connection:
      - keep-alive
      ParameterSetName:
      - -g -s
      User-Agent:
      - python/3.5.3 (Windows-2012ServerR2-6.3.9600-SP0) msrest/0.6.11 msrest_azure/0.6.2
        azure-mgmt-sql/0.17.0 Azure-SDK-For-Python AZURECLI/2.1.0
      accept-language:
      - en-US
    method: GET
    uri: https://management.azure.com/subscriptions/00000000-0000-0000-0000-000000000000/resourceGroups/clitest.rg000001/providers/Microsoft.Sql/servers/clitestserver000002/restorableDroppedDatabases?api-version=2014-04-01
  response:
    body:
      string: '{"value":[]}'
    headers:
      cache-control:
      - no-store, no-cache
      content-length:
      - '12'
      content-type:
      - application/json; odata=minimalmetadata; streaming=true; charset=utf-8
      dataserviceversion:
      - 3.0;
      date:
      - Thu, 05 Mar 2020 20:58:34 GMT
      server:
      - Microsoft-HTTPAPI/2.0
      strict-transport-security:
      - max-age=31536000; includeSubDomains
      transfer-encoding:
      - chunked
      vary:
      - Accept-Encoding
      x-content-type-options:
      - nosniff
    status:
      code: 200
      message: OK
- request:
    body: null
    headers:
      Accept:
      - application/json
      Accept-Encoding:
      - gzip, deflate
      CommandName:
      - sql db list-deleted
      Connection:
      - keep-alive
      ParameterSetName:
      - -g -s
      User-Agent:
      - python/3.5.3 (Windows-2012ServerR2-6.3.9600-SP0) msrest/0.6.11 msrest_azure/0.6.2
        azure-mgmt-sql/0.17.0 Azure-SDK-For-Python AZURECLI/2.1.0
      accept-language:
      - en-US
    method: GET
    uri: https://management.azure.com/subscriptions/00000000-0000-0000-0000-000000000000/resourceGroups/clitest.rg000001/providers/Microsoft.Sql/servers/clitestserver000002/restorableDroppedDatabases?api-version=2014-04-01
  response:
    body:
      string: '{"value":[]}'
    headers:
      cache-control:
      - no-store, no-cache
      content-length:
      - '12'
      content-type:
      - application/json; odata=minimalmetadata; streaming=true; charset=utf-8
      dataserviceversion:
      - 3.0;
      date:
      - Thu, 05 Mar 2020 20:58:36 GMT
      server:
      - Microsoft-HTTPAPI/2.0
      strict-transport-security:
      - max-age=31536000; includeSubDomains
      transfer-encoding:
      - chunked
      vary:
      - Accept-Encoding
      x-content-type-options:
      - nosniff
    status:
      code: 200
      message: OK
- request:
    body: null
    headers:
      Accept:
      - application/json
      Accept-Encoding:
      - gzip, deflate
      CommandName:
      - sql db list-deleted
      Connection:
      - keep-alive
      ParameterSetName:
      - -g -s
      User-Agent:
      - python/3.5.3 (Windows-2012ServerR2-6.3.9600-SP0) msrest/0.6.11 msrest_azure/0.6.2
        azure-mgmt-sql/0.17.0 Azure-SDK-For-Python AZURECLI/2.1.0
      accept-language:
      - en-US
    method: GET
    uri: https://management.azure.com/subscriptions/00000000-0000-0000-0000-000000000000/resourceGroups/clitest.rg000001/providers/Microsoft.Sql/servers/clitestserver000002/restorableDroppedDatabases?api-version=2014-04-01
  response:
    body:
      string: '{"value":[]}'
    headers:
      cache-control:
      - no-store, no-cache
      content-length:
      - '12'
      content-type:
      - application/json; odata=minimalmetadata; streaming=true; charset=utf-8
      dataserviceversion:
      - 3.0;
      date:
      - Thu, 05 Mar 2020 20:58:38 GMT
      server:
      - Microsoft-HTTPAPI/2.0
      strict-transport-security:
      - max-age=31536000; includeSubDomains
      transfer-encoding:
      - chunked
      vary:
      - Accept-Encoding
      x-content-type-options:
      - nosniff
    status:
      code: 200
      message: OK
- request:
    body: null
    headers:
      Accept:
      - application/json
      Accept-Encoding:
      - gzip, deflate
      CommandName:
      - sql db list-deleted
      Connection:
      - keep-alive
      ParameterSetName:
      - -g -s
      User-Agent:
      - python/3.5.3 (Windows-2012ServerR2-6.3.9600-SP0) msrest/0.6.11 msrest_azure/0.6.2
        azure-mgmt-sql/0.17.0 Azure-SDK-For-Python AZURECLI/2.1.0
      accept-language:
      - en-US
    method: GET
    uri: https://management.azure.com/subscriptions/00000000-0000-0000-0000-000000000000/resourceGroups/clitest.rg000001/providers/Microsoft.Sql/servers/clitestserver000002/restorableDroppedDatabases?api-version=2014-04-01
  response:
    body:
      string: '{"value":[]}'
    headers:
      cache-control:
      - no-store, no-cache
      content-length:
      - '12'
      content-type:
      - application/json; odata=minimalmetadata; streaming=true; charset=utf-8
      dataserviceversion:
      - 3.0;
      date:
      - Thu, 05 Mar 2020 20:58:40 GMT
      server:
      - Microsoft-HTTPAPI/2.0
      strict-transport-security:
      - max-age=31536000; includeSubDomains
      transfer-encoding:
      - chunked
      vary:
      - Accept-Encoding
      x-content-type-options:
      - nosniff
    status:
      code: 200
      message: OK
- request:
    body: null
    headers:
      Accept:
      - application/json
      Accept-Encoding:
      - gzip, deflate
      CommandName:
      - sql db list-deleted
      Connection:
      - keep-alive
      ParameterSetName:
      - -g -s
      User-Agent:
      - python/3.5.3 (Windows-2012ServerR2-6.3.9600-SP0) msrest/0.6.11 msrest_azure/0.6.2
        azure-mgmt-sql/0.17.0 Azure-SDK-For-Python AZURECLI/2.1.0
      accept-language:
      - en-US
    method: GET
    uri: https://management.azure.com/subscriptions/00000000-0000-0000-0000-000000000000/resourceGroups/clitest.rg000001/providers/Microsoft.Sql/servers/clitestserver000002/restorableDroppedDatabases?api-version=2014-04-01
  response:
    body:
      string: '{"value":[]}'
    headers:
      cache-control:
      - no-store, no-cache
      content-length:
      - '12'
      content-type:
      - application/json; odata=minimalmetadata; streaming=true; charset=utf-8
      dataserviceversion:
      - 3.0;
      date:
      - Thu, 05 Mar 2020 20:58:42 GMT
      server:
      - Microsoft-HTTPAPI/2.0
      strict-transport-security:
      - max-age=31536000; includeSubDomains
      transfer-encoding:
      - chunked
      vary:
      - Accept-Encoding
      x-content-type-options:
      - nosniff
    status:
      code: 200
      message: OK
- request:
    body: null
    headers:
      Accept:
      - application/json
      Accept-Encoding:
      - gzip, deflate
      CommandName:
      - sql db list-deleted
      Connection:
      - keep-alive
      ParameterSetName:
      - -g -s
      User-Agent:
      - python/3.5.3 (Windows-2012ServerR2-6.3.9600-SP0) msrest/0.6.11 msrest_azure/0.6.2
        azure-mgmt-sql/0.17.0 Azure-SDK-For-Python AZURECLI/2.1.0
      accept-language:
      - en-US
    method: GET
    uri: https://management.azure.com/subscriptions/00000000-0000-0000-0000-000000000000/resourceGroups/clitest.rg000001/providers/Microsoft.Sql/servers/clitestserver000002/restorableDroppedDatabases?api-version=2014-04-01
  response:
    body:
      string: '{"value":[]}'
    headers:
      cache-control:
      - no-store, no-cache
      content-length:
      - '12'
      content-type:
      - application/json; odata=minimalmetadata; streaming=true; charset=utf-8
      dataserviceversion:
      - 3.0;
      date:
      - Thu, 05 Mar 2020 20:58:43 GMT
      server:
      - Microsoft-HTTPAPI/2.0
      strict-transport-security:
      - max-age=31536000; includeSubDomains
      transfer-encoding:
      - chunked
      vary:
      - Accept-Encoding
      x-content-type-options:
      - nosniff
    status:
      code: 200
      message: OK
- request:
    body: null
    headers:
      Accept:
      - application/json
      Accept-Encoding:
      - gzip, deflate
      CommandName:
      - sql db list-deleted
      Connection:
      - keep-alive
      ParameterSetName:
      - -g -s
      User-Agent:
      - python/3.5.3 (Windows-2012ServerR2-6.3.9600-SP0) msrest/0.6.11 msrest_azure/0.6.2
        azure-mgmt-sql/0.17.0 Azure-SDK-For-Python AZURECLI/2.1.0
      accept-language:
      - en-US
    method: GET
    uri: https://management.azure.com/subscriptions/00000000-0000-0000-0000-000000000000/resourceGroups/clitest.rg000001/providers/Microsoft.Sql/servers/clitestserver000002/restorableDroppedDatabases?api-version=2014-04-01
  response:
    body:
      string: '{"value":[]}'
    headers:
      cache-control:
      - no-store, no-cache
      content-length:
      - '12'
      content-type:
      - application/json; odata=minimalmetadata; streaming=true; charset=utf-8
      dataserviceversion:
      - 3.0;
      date:
      - Thu, 05 Mar 2020 20:58:45 GMT
      server:
      - Microsoft-HTTPAPI/2.0
      strict-transport-security:
      - max-age=31536000; includeSubDomains
      transfer-encoding:
      - chunked
      vary:
      - Accept-Encoding
      x-content-type-options:
      - nosniff
    status:
      code: 200
      message: OK
- request:
    body: null
    headers:
      Accept:
      - application/json
      Accept-Encoding:
      - gzip, deflate
      CommandName:
      - sql db list-deleted
      Connection:
      - keep-alive
      ParameterSetName:
      - -g -s
      User-Agent:
      - python/3.5.3 (Windows-2012ServerR2-6.3.9600-SP0) msrest/0.6.11 msrest_azure/0.6.2
        azure-mgmt-sql/0.17.0 Azure-SDK-For-Python AZURECLI/2.1.0
      accept-language:
      - en-US
    method: GET
    uri: https://management.azure.com/subscriptions/00000000-0000-0000-0000-000000000000/resourceGroups/clitest.rg000001/providers/Microsoft.Sql/servers/clitestserver000002/restorableDroppedDatabases?api-version=2014-04-01
  response:
    body:
      string: '{"value":[]}'
    headers:
      cache-control:
      - no-store, no-cache
      content-length:
      - '12'
      content-type:
      - application/json; odata=minimalmetadata; streaming=true; charset=utf-8
      dataserviceversion:
      - 3.0;
      date:
      - Thu, 05 Mar 2020 20:58:47 GMT
      server:
      - Microsoft-HTTPAPI/2.0
      strict-transport-security:
      - max-age=31536000; includeSubDomains
      transfer-encoding:
      - chunked
      vary:
      - Accept-Encoding
      x-content-type-options:
      - nosniff
    status:
      code: 200
      message: OK
- request:
    body: null
    headers:
      Accept:
      - application/json
      Accept-Encoding:
      - gzip, deflate
      CommandName:
      - sql db list-deleted
      Connection:
      - keep-alive
      ParameterSetName:
      - -g -s
      User-Agent:
      - python/3.5.3 (Windows-2012ServerR2-6.3.9600-SP0) msrest/0.6.11 msrest_azure/0.6.2
        azure-mgmt-sql/0.17.0 Azure-SDK-For-Python AZURECLI/2.1.0
      accept-language:
      - en-US
    method: GET
    uri: https://management.azure.com/subscriptions/00000000-0000-0000-0000-000000000000/resourceGroups/clitest.rg000001/providers/Microsoft.Sql/servers/clitestserver000002/restorableDroppedDatabases?api-version=2014-04-01
  response:
    body:
      string: '{"value":[]}'
    headers:
      cache-control:
      - no-store, no-cache
      content-length:
      - '12'
      content-type:
      - application/json; odata=minimalmetadata; streaming=true; charset=utf-8
      dataserviceversion:
      - 3.0;
      date:
      - Thu, 05 Mar 2020 20:58:50 GMT
      server:
      - Microsoft-HTTPAPI/2.0
      strict-transport-security:
      - max-age=31536000; includeSubDomains
      transfer-encoding:
      - chunked
      vary:
      - Accept-Encoding
      x-content-type-options:
      - nosniff
    status:
      code: 200
      message: OK
- request:
    body: null
    headers:
      Accept:
      - application/json
      Accept-Encoding:
      - gzip, deflate
      CommandName:
      - sql db list-deleted
      Connection:
      - keep-alive
      ParameterSetName:
      - -g -s
      User-Agent:
      - python/3.5.3 (Windows-2012ServerR2-6.3.9600-SP0) msrest/0.6.11 msrest_azure/0.6.2
        azure-mgmt-sql/0.17.0 Azure-SDK-For-Python AZURECLI/2.1.0
      accept-language:
      - en-US
    method: GET
    uri: https://management.azure.com/subscriptions/00000000-0000-0000-0000-000000000000/resourceGroups/clitest.rg000001/providers/Microsoft.Sql/servers/clitestserver000002/restorableDroppedDatabases?api-version=2014-04-01
  response:
    body:
      string: '{"value":[]}'
    headers:
      cache-control:
      - no-store, no-cache
      content-length:
      - '12'
      content-type:
      - application/json; odata=minimalmetadata; streaming=true; charset=utf-8
      dataserviceversion:
      - 3.0;
      date:
      - Thu, 05 Mar 2020 20:58:52 GMT
      server:
      - Microsoft-HTTPAPI/2.0
      strict-transport-security:
      - max-age=31536000; includeSubDomains
      transfer-encoding:
      - chunked
      vary:
      - Accept-Encoding
      x-content-type-options:
      - nosniff
    status:
      code: 200
      message: OK
- request:
    body: null
    headers:
      Accept:
      - application/json
      Accept-Encoding:
      - gzip, deflate
      CommandName:
      - sql db list-deleted
      Connection:
      - keep-alive
      ParameterSetName:
      - -g -s
      User-Agent:
      - python/3.5.3 (Windows-2012ServerR2-6.3.9600-SP0) msrest/0.6.11 msrest_azure/0.6.2
        azure-mgmt-sql/0.17.0 Azure-SDK-For-Python AZURECLI/2.1.0
      accept-language:
      - en-US
    method: GET
    uri: https://management.azure.com/subscriptions/00000000-0000-0000-0000-000000000000/resourceGroups/clitest.rg000001/providers/Microsoft.Sql/servers/clitestserver000002/restorableDroppedDatabases?api-version=2014-04-01
  response:
    body:
      string: '{"value":[]}'
    headers:
      cache-control:
      - no-store, no-cache
      content-length:
      - '12'
      content-type:
      - application/json; odata=minimalmetadata; streaming=true; charset=utf-8
      dataserviceversion:
      - 3.0;
      date:
      - Thu, 05 Mar 2020 20:58:53 GMT
      server:
      - Microsoft-HTTPAPI/2.0
      strict-transport-security:
      - max-age=31536000; includeSubDomains
      transfer-encoding:
      - chunked
      vary:
      - Accept-Encoding
      x-content-type-options:
      - nosniff
    status:
      code: 200
      message: OK
- request:
    body: null
    headers:
      Accept:
      - application/json
      Accept-Encoding:
      - gzip, deflate
      CommandName:
      - sql db list-deleted
      Connection:
      - keep-alive
      ParameterSetName:
      - -g -s
      User-Agent:
      - python/3.5.3 (Windows-2012ServerR2-6.3.9600-SP0) msrest/0.6.11 msrest_azure/0.6.2
        azure-mgmt-sql/0.17.0 Azure-SDK-For-Python AZURECLI/2.1.0
      accept-language:
      - en-US
    method: GET
    uri: https://management.azure.com/subscriptions/00000000-0000-0000-0000-000000000000/resourceGroups/clitest.rg000001/providers/Microsoft.Sql/servers/clitestserver000002/restorableDroppedDatabases?api-version=2014-04-01
  response:
    body:
      string: '{"value":[]}'
    headers:
      cache-control:
      - no-store, no-cache
      content-length:
      - '12'
      content-type:
      - application/json; odata=minimalmetadata; streaming=true; charset=utf-8
      dataserviceversion:
      - 3.0;
      date:
      - Thu, 05 Mar 2020 20:58:56 GMT
      server:
      - Microsoft-HTTPAPI/2.0
      strict-transport-security:
      - max-age=31536000; includeSubDomains
      transfer-encoding:
      - chunked
      vary:
      - Accept-Encoding
      x-content-type-options:
      - nosniff
    status:
      code: 200
      message: OK
- request:
    body: null
    headers:
      Accept:
      - application/json
      Accept-Encoding:
      - gzip, deflate
      CommandName:
      - sql db list-deleted
      Connection:
      - keep-alive
      ParameterSetName:
      - -g -s
      User-Agent:
      - python/3.5.3 (Windows-2012ServerR2-6.3.9600-SP0) msrest/0.6.11 msrest_azure/0.6.2
        azure-mgmt-sql/0.17.0 Azure-SDK-For-Python AZURECLI/2.1.0
      accept-language:
      - en-US
    method: GET
    uri: https://management.azure.com/subscriptions/00000000-0000-0000-0000-000000000000/resourceGroups/clitest.rg000001/providers/Microsoft.Sql/servers/clitestserver000002/restorableDroppedDatabases?api-version=2014-04-01
  response:
    body:
      string: '{"value":[]}'
    headers:
      cache-control:
      - no-store, no-cache
      content-length:
      - '12'
      content-type:
      - application/json; odata=minimalmetadata; streaming=true; charset=utf-8
      dataserviceversion:
      - 3.0;
      date:
      - Thu, 05 Mar 2020 20:58:58 GMT
      server:
      - Microsoft-HTTPAPI/2.0
      strict-transport-security:
      - max-age=31536000; includeSubDomains
      transfer-encoding:
      - chunked
      vary:
      - Accept-Encoding
      x-content-type-options:
      - nosniff
    status:
      code: 200
      message: OK
- request:
    body: null
    headers:
      Accept:
      - application/json
      Accept-Encoding:
      - gzip, deflate
      CommandName:
      - sql db list-deleted
      Connection:
      - keep-alive
      ParameterSetName:
      - -g -s
      User-Agent:
      - python/3.5.3 (Windows-2012ServerR2-6.3.9600-SP0) msrest/0.6.11 msrest_azure/0.6.2
        azure-mgmt-sql/0.17.0 Azure-SDK-For-Python AZURECLI/2.1.0
      accept-language:
      - en-US
    method: GET
    uri: https://management.azure.com/subscriptions/00000000-0000-0000-0000-000000000000/resourceGroups/clitest.rg000001/providers/Microsoft.Sql/servers/clitestserver000002/restorableDroppedDatabases?api-version=2014-04-01
  response:
    body:
      string: '{"value":[]}'
    headers:
      cache-control:
      - no-store, no-cache
      content-length:
      - '12'
      content-type:
      - application/json; odata=minimalmetadata; streaming=true; charset=utf-8
      dataserviceversion:
      - 3.0;
      date:
      - Thu, 05 Mar 2020 20:59:00 GMT
      server:
      - Microsoft-HTTPAPI/2.0
      strict-transport-security:
      - max-age=31536000; includeSubDomains
      transfer-encoding:
      - chunked
      vary:
      - Accept-Encoding
      x-content-type-options:
      - nosniff
    status:
      code: 200
      message: OK
- request:
    body: null
    headers:
      Accept:
      - application/json
      Accept-Encoding:
      - gzip, deflate
      CommandName:
      - sql db list-deleted
      Connection:
      - keep-alive
      ParameterSetName:
      - -g -s
      User-Agent:
      - python/3.5.3 (Windows-2012ServerR2-6.3.9600-SP0) msrest/0.6.11 msrest_azure/0.6.2
        azure-mgmt-sql/0.17.0 Azure-SDK-For-Python AZURECLI/2.1.0
      accept-language:
      - en-US
    method: GET
    uri: https://management.azure.com/subscriptions/00000000-0000-0000-0000-000000000000/resourceGroups/clitest.rg000001/providers/Microsoft.Sql/servers/clitestserver000002/restorableDroppedDatabases?api-version=2014-04-01
  response:
    body:
      string: '{"value":[]}'
    headers:
      cache-control:
      - no-store, no-cache
      content-length:
      - '12'
      content-type:
      - application/json; odata=minimalmetadata; streaming=true; charset=utf-8
      dataserviceversion:
      - 3.0;
      date:
      - Thu, 05 Mar 2020 20:59:01 GMT
      server:
      - Microsoft-HTTPAPI/2.0
      strict-transport-security:
      - max-age=31536000; includeSubDomains
      transfer-encoding:
      - chunked
      vary:
      - Accept-Encoding
      x-content-type-options:
      - nosniff
    status:
      code: 200
      message: OK
- request:
    body: null
    headers:
      Accept:
      - application/json
      Accept-Encoding:
      - gzip, deflate
      CommandName:
      - sql db list-deleted
      Connection:
      - keep-alive
      ParameterSetName:
      - -g -s
      User-Agent:
      - python/3.5.3 (Windows-2012ServerR2-6.3.9600-SP0) msrest/0.6.11 msrest_azure/0.6.2
        azure-mgmt-sql/0.17.0 Azure-SDK-For-Python AZURECLI/2.1.0
      accept-language:
      - en-US
    method: GET
    uri: https://management.azure.com/subscriptions/00000000-0000-0000-0000-000000000000/resourceGroups/clitest.rg000001/providers/Microsoft.Sql/servers/clitestserver000002/restorableDroppedDatabases?api-version=2014-04-01
  response:
    body:
      string: '{"value":[]}'
    headers:
      cache-control:
      - no-store, no-cache
      content-length:
      - '12'
      content-type:
      - application/json; odata=minimalmetadata; streaming=true; charset=utf-8
      dataserviceversion:
      - 3.0;
      date:
      - Thu, 05 Mar 2020 20:59:04 GMT
      server:
      - Microsoft-HTTPAPI/2.0
      strict-transport-security:
      - max-age=31536000; includeSubDomains
      transfer-encoding:
      - chunked
      vary:
      - Accept-Encoding
      x-content-type-options:
      - nosniff
    status:
      code: 200
      message: OK
- request:
    body: null
    headers:
      Accept:
      - application/json
      Accept-Encoding:
      - gzip, deflate
      CommandName:
      - sql db list-deleted
      Connection:
      - keep-alive
      ParameterSetName:
      - -g -s
      User-Agent:
      - python/3.5.3 (Windows-2012ServerR2-6.3.9600-SP0) msrest/0.6.11 msrest_azure/0.6.2
        azure-mgmt-sql/0.17.0 Azure-SDK-For-Python AZURECLI/2.1.0
      accept-language:
      - en-US
    method: GET
    uri: https://management.azure.com/subscriptions/00000000-0000-0000-0000-000000000000/resourceGroups/clitest.rg000001/providers/Microsoft.Sql/servers/clitestserver000002/restorableDroppedDatabases?api-version=2014-04-01
  response:
    body:
      string: '{"value":[]}'
    headers:
      cache-control:
      - no-store, no-cache
      content-length:
      - '12'
      content-type:
      - application/json; odata=minimalmetadata; streaming=true; charset=utf-8
      dataserviceversion:
      - 3.0;
      date:
      - Thu, 05 Mar 2020 20:59:05 GMT
      server:
      - Microsoft-HTTPAPI/2.0
      strict-transport-security:
      - max-age=31536000; includeSubDomains
      transfer-encoding:
      - chunked
      vary:
      - Accept-Encoding
      x-content-type-options:
      - nosniff
    status:
      code: 200
      message: OK
- request:
    body: null
    headers:
      Accept:
      - application/json
      Accept-Encoding:
      - gzip, deflate
      CommandName:
      - sql db list-deleted
      Connection:
      - keep-alive
      ParameterSetName:
      - -g -s
      User-Agent:
      - python/3.5.3 (Windows-2012ServerR2-6.3.9600-SP0) msrest/0.6.11 msrest_azure/0.6.2
        azure-mgmt-sql/0.17.0 Azure-SDK-For-Python AZURECLI/2.1.0
      accept-language:
      - en-US
    method: GET
    uri: https://management.azure.com/subscriptions/00000000-0000-0000-0000-000000000000/resourceGroups/clitest.rg000001/providers/Microsoft.Sql/servers/clitestserver000002/restorableDroppedDatabases?api-version=2014-04-01
  response:
    body:
      string: '{"value":[]}'
    headers:
      cache-control:
      - no-store, no-cache
      content-length:
      - '12'
      content-type:
      - application/json; odata=minimalmetadata; streaming=true; charset=utf-8
      dataserviceversion:
      - 3.0;
      date:
      - Thu, 05 Mar 2020 20:59:07 GMT
      server:
      - Microsoft-HTTPAPI/2.0
      strict-transport-security:
      - max-age=31536000; includeSubDomains
      transfer-encoding:
      - chunked
      vary:
      - Accept-Encoding
      x-content-type-options:
      - nosniff
    status:
      code: 200
      message: OK
- request:
    body: null
    headers:
      Accept:
      - application/json
      Accept-Encoding:
      - gzip, deflate
      CommandName:
      - sql db list-deleted
      Connection:
      - keep-alive
      ParameterSetName:
      - -g -s
      User-Agent:
      - python/3.5.3 (Windows-2012ServerR2-6.3.9600-SP0) msrest/0.6.11 msrest_azure/0.6.2
        azure-mgmt-sql/0.17.0 Azure-SDK-For-Python AZURECLI/2.1.0
      accept-language:
      - en-US
    method: GET
    uri: https://management.azure.com/subscriptions/00000000-0000-0000-0000-000000000000/resourceGroups/clitest.rg000001/providers/Microsoft.Sql/servers/clitestserver000002/restorableDroppedDatabases?api-version=2014-04-01
  response:
    body:
      string: '{"value":[]}'
    headers:
      cache-control:
      - no-store, no-cache
      content-length:
      - '12'
      content-type:
      - application/json; odata=minimalmetadata; streaming=true; charset=utf-8
      dataserviceversion:
      - 3.0;
      date:
      - Thu, 05 Mar 2020 20:59:09 GMT
      server:
      - Microsoft-HTTPAPI/2.0
      strict-transport-security:
      - max-age=31536000; includeSubDomains
      transfer-encoding:
      - chunked
      vary:
      - Accept-Encoding
      x-content-type-options:
      - nosniff
    status:
      code: 200
      message: OK
- request:
    body: null
    headers:
      Accept:
      - application/json
      Accept-Encoding:
      - gzip, deflate
      CommandName:
      - sql db list-deleted
      Connection:
      - keep-alive
      ParameterSetName:
      - -g -s
      User-Agent:
      - python/3.5.3 (Windows-2012ServerR2-6.3.9600-SP0) msrest/0.6.11 msrest_azure/0.6.2
        azure-mgmt-sql/0.17.0 Azure-SDK-For-Python AZURECLI/2.1.0
      accept-language:
      - en-US
    method: GET
    uri: https://management.azure.com/subscriptions/00000000-0000-0000-0000-000000000000/resourceGroups/clitest.rg000001/providers/Microsoft.Sql/servers/clitestserver000002/restorableDroppedDatabases?api-version=2014-04-01
  response:
    body:
      string: '{"value":[]}'
    headers:
      cache-control:
      - no-store, no-cache
      content-length:
      - '12'
      content-type:
      - application/json; odata=minimalmetadata; streaming=true; charset=utf-8
      dataserviceversion:
      - 3.0;
      date:
      - Thu, 05 Mar 2020 20:59:11 GMT
      server:
      - Microsoft-HTTPAPI/2.0
      strict-transport-security:
      - max-age=31536000; includeSubDomains
      transfer-encoding:
      - chunked
      vary:
      - Accept-Encoding
      x-content-type-options:
      - nosniff
    status:
      code: 200
      message: OK
- request:
    body: null
    headers:
      Accept:
      - application/json
      Accept-Encoding:
      - gzip, deflate
      CommandName:
      - sql db list-deleted
      Connection:
      - keep-alive
      ParameterSetName:
      - -g -s
      User-Agent:
      - python/3.5.3 (Windows-2012ServerR2-6.3.9600-SP0) msrest/0.6.11 msrest_azure/0.6.2
        azure-mgmt-sql/0.17.0 Azure-SDK-For-Python AZURECLI/2.1.0
      accept-language:
      - en-US
    method: GET
    uri: https://management.azure.com/subscriptions/00000000-0000-0000-0000-000000000000/resourceGroups/clitest.rg000001/providers/Microsoft.Sql/servers/clitestserver000002/restorableDroppedDatabases?api-version=2014-04-01
  response:
    body:
      string: '{"value":[{"id":"/subscriptions/00000000-0000-0000-0000-000000000000/resourceGroups/clitest.rg000001/providers/Microsoft.Sql/servers/clitestserver000002/restorableDroppedDatabases/cliautomationdb01,132279154712800000","name":"cliautomationdb01,132279154712800000","type":"Microsoft.Sql/servers/restorableDroppedDatabases","location":"West
        Europe","properties":{"databaseName":"cliautomationdb01","edition":"GeneralPurpose","maxSizeBytes":"34359738368","serviceLevelObjective":"SQLDB_GP_Gen5_2","elasticPoolName":null,"creationDate":"2020-03-05T20:27:08.233Z","deletionDate":"2020-03-05T20:57:51.28Z","earliestRestoreDate":"2020-03-05T20:29:09Z"}}]}'
    headers:
      cache-control:
      - no-store, no-cache
      content-length:
      - '750'
      content-type:
      - application/json; odata=minimalmetadata; streaming=true; charset=utf-8
      dataserviceversion:
      - 3.0;
      date:
      - Thu, 05 Mar 2020 20:59:13 GMT
      server:
      - Microsoft-HTTPAPI/2.0
      strict-transport-security:
      - max-age=31536000; includeSubDomains
      transfer-encoding:
      - chunked
      vary:
      - Accept-Encoding
      x-content-type-options:
      - nosniff
    status:
      code: 200
      message: OK
- request:
    body: null
    headers:
      Accept:
      - application/json
      Accept-Encoding:
      - gzip, deflate
      CommandName:
      - sql db restore
      Connection:
      - keep-alive
      ParameterSetName:
      - -g -s -n --deleted-time --dest-name --service-objective --edition
      User-Agent:
      - python/3.5.3 (Windows-2012ServerR2-6.3.9600-SP0) msrest/0.6.11 msrest_azure/0.6.2
        azure-mgmt-sql/0.17.0 Azure-SDK-For-Python AZURECLI/2.1.0
      accept-language:
      - en-US
    method: GET
    uri: https://management.azure.com/subscriptions/00000000-0000-0000-0000-000000000000/resourceGroups/clitest.rg000001/providers/Microsoft.Sql/servers/clitestserver000002?api-version=2019-06-01-preview
  response:
    body:
      string: '{"kind":"v12.0","properties":{"administratorLogin":"admin123","version":"12.0","state":"Ready","fullyQualifiedDomainName":"clitestserver000002.database.windows.net","privateEndpointConnections":[],"publicNetworkAccess":"Enabled"},"location":"westeurope","id":"/subscriptions/00000000-0000-0000-0000-000000000000/resourceGroups/clitest.rg000001/providers/Microsoft.Sql/servers/clitestserver000002","name":"clitestserver000002","type":"Microsoft.Sql/servers"}'
    headers:
      cache-control:
      - no-cache
      content-length:
      - '645'
      content-type:
      - application/json; charset=utf-8
      date:
      - Thu, 05 Mar 2020 20:59:22 GMT
      expires:
      - '-1'
      pragma:
      - no-cache
      server:
      - Microsoft-HTTPAPI/2.0
      strict-transport-security:
      - max-age=31536000; includeSubDomains
      transfer-encoding:
      - chunked
      vary:
      - Accept-Encoding
      x-content-type-options:
      - nosniff
    status:
      code: 200
      message: OK
- request:
    body: 'b''b\''{"sku": {"tier": "Standard", "name": "S1"}, "properties": {"sourceDatabaseDeletionDate":
      "2020-03-05T20:57:51.280Z", "createMode": "Restore", "sourceDatabaseId": "/subscriptions/00000000-0000-0000-0000-000000000000/resourceGroups/clitest.rg000001/providers/Microsoft.Sql/servers/clitestserver000002/databases/cliautomationdb01"},
      "location": "westeurope"}\'''''
    headers:
      Accept:
      - application/json
      Accept-Encoding:
      - gzip, deflate
      CommandName:
      - sql db restore
      Connection:
      - keep-alive
      Content-Length:
      - '457'
      Content-Type:
      - application/json; charset=utf-8
      ParameterSetName:
      - -g -s -n --deleted-time --dest-name --service-objective --edition
      User-Agent:
      - python/3.5.3 (Windows-2012ServerR2-6.3.9600-SP0) msrest/0.6.11 msrest_azure/0.6.2
        azure-mgmt-sql/0.17.0 Azure-SDK-For-Python AZURECLI/2.1.0
      accept-language:
      - en-US
    method: PUT
    uri: https://management.azure.com/subscriptions/00000000-0000-0000-0000-000000000000/resourceGroups/clitest.rg000001/providers/Microsoft.Sql/servers/clitestserver000002/databases/cliautomationdb01restore1?api-version=2017-10-01-preview
  response:
    body:
      string: '{"operation":"CreateRestoreRequest","startTime":"2020-03-05T20:59:28.727Z"}'
    headers:
      azure-asyncoperation:
      - https://management.azure.com/subscriptions/00000000-0000-0000-0000-000000000000/resourceGroups/clitest.rg000001/providers/Microsoft.Sql/locations/westeurope/databaseAzureAsyncOperation/50c9709e-a2ae-4a2d-ae2d-7ab05dd926eb?api-version=2017-10-01-preview
      cache-control:
      - no-cache
      content-length:
      - '75'
      content-type:
      - application/json; charset=utf-8
      date:
      - Thu, 05 Mar 2020 20:59:28 GMT
      expires:
      - '-1'
      location:
      - https://management.azure.com/subscriptions/00000000-0000-0000-0000-000000000000/resourceGroups/clitest.rg000001/providers/Microsoft.Sql/locations/westeurope/databaseOperationResults/50c9709e-a2ae-4a2d-ae2d-7ab05dd926eb?api-version=2017-10-01-preview
      pragma:
      - no-cache
      server:
      - Microsoft-HTTPAPI/2.0
      strict-transport-security:
      - max-age=31536000; includeSubDomains
      x-content-type-options:
      - nosniff
      x-ms-ratelimit-remaining-subscription-writes:
      - '1199'
    status:
      code: 202
      message: Accepted
- request:
    body: null
    headers:
      Accept:
      - application/json
      Accept-Encoding:
      - gzip, deflate
      CommandName:
      - sql db restore
      Connection:
      - keep-alive
      ParameterSetName:
      - -g -s -n --deleted-time --dest-name --service-objective --edition
      User-Agent:
      - python/3.5.3 (Windows-2012ServerR2-6.3.9600-SP0) msrest/0.6.11 msrest_azure/0.6.2
        azure-mgmt-sql/0.17.0 Azure-SDK-For-Python AZURECLI/2.1.0
    method: GET
    uri: https://management.azure.com/subscriptions/00000000-0000-0000-0000-000000000000/resourceGroups/clitest.rg000001/providers/Microsoft.Sql/locations/westeurope/databaseAzureAsyncOperation/50c9709e-a2ae-4a2d-ae2d-7ab05dd926eb?api-version=2017-10-01-preview
  response:
    body:
      string: '{"name":"50c9709e-a2ae-4a2d-ae2d-7ab05dd926eb","status":"InProgress","startTime":"2020-03-05T20:59:28.727Z"}'
    headers:
      cache-control:
      - no-cache
      content-length:
      - '108'
      content-type:
      - application/json; charset=utf-8
      date:
      - Thu, 05 Mar 2020 20:59:44 GMT
      expires:
      - '-1'
      pragma:
      - no-cache
      server:
      - Microsoft-HTTPAPI/2.0
      strict-transport-security:
      - max-age=31536000; includeSubDomains
      transfer-encoding:
      - chunked
      vary:
      - Accept-Encoding
      x-content-type-options:
      - nosniff
    status:
      code: 200
      message: OK
- request:
    body: null
    headers:
      Accept:
      - application/json
      Accept-Encoding:
      - gzip, deflate
      CommandName:
      - sql db restore
      Connection:
      - keep-alive
      ParameterSetName:
      - -g -s -n --deleted-time --dest-name --service-objective --edition
      User-Agent:
      - python/3.5.3 (Windows-2012ServerR2-6.3.9600-SP0) msrest/0.6.11 msrest_azure/0.6.2
        azure-mgmt-sql/0.17.0 Azure-SDK-For-Python AZURECLI/2.1.0
    method: GET
    uri: https://management.azure.com/subscriptions/00000000-0000-0000-0000-000000000000/resourceGroups/clitest.rg000001/providers/Microsoft.Sql/locations/westeurope/databaseAzureAsyncOperation/50c9709e-a2ae-4a2d-ae2d-7ab05dd926eb?api-version=2017-10-01-preview
  response:
    body:
      string: '{"name":"50c9709e-a2ae-4a2d-ae2d-7ab05dd926eb","status":"InProgress","startTime":"2020-03-05T20:59:28.727Z"}'
    headers:
      cache-control:
      - no-cache
      content-length:
      - '108'
      content-type:
      - application/json; charset=utf-8
      date:
      - Thu, 05 Mar 2020 20:59:59 GMT
      expires:
      - '-1'
      pragma:
      - no-cache
      server:
      - Microsoft-HTTPAPI/2.0
      strict-transport-security:
      - max-age=31536000; includeSubDomains
      transfer-encoding:
      - chunked
      vary:
      - Accept-Encoding
      x-content-type-options:
      - nosniff
    status:
      code: 200
      message: OK
- request:
    body: null
    headers:
      Accept:
      - application/json
      Accept-Encoding:
      - gzip, deflate
      CommandName:
      - sql db restore
      Connection:
      - keep-alive
      ParameterSetName:
      - -g -s -n --deleted-time --dest-name --service-objective --edition
      User-Agent:
      - python/3.5.3 (Windows-2012ServerR2-6.3.9600-SP0) msrest/0.6.11 msrest_azure/0.6.2
        azure-mgmt-sql/0.17.0 Azure-SDK-For-Python AZURECLI/2.1.0
    method: GET
    uri: https://management.azure.com/subscriptions/00000000-0000-0000-0000-000000000000/resourceGroups/clitest.rg000001/providers/Microsoft.Sql/locations/westeurope/databaseAzureAsyncOperation/50c9709e-a2ae-4a2d-ae2d-7ab05dd926eb?api-version=2017-10-01-preview
  response:
    body:
      string: '{"name":"50c9709e-a2ae-4a2d-ae2d-7ab05dd926eb","status":"InProgress","startTime":"2020-03-05T20:59:28.727Z"}'
    headers:
      cache-control:
      - no-cache
      content-length:
      - '108'
      content-type:
      - application/json; charset=utf-8
      date:
      - Thu, 05 Mar 2020 21:00:14 GMT
      expires:
      - '-1'
      pragma:
      - no-cache
      server:
      - Microsoft-HTTPAPI/2.0
      strict-transport-security:
      - max-age=31536000; includeSubDomains
      transfer-encoding:
      - chunked
      vary:
      - Accept-Encoding
      x-content-type-options:
      - nosniff
    status:
      code: 200
      message: OK
- request:
    body: null
    headers:
      Accept:
      - application/json
      Accept-Encoding:
      - gzip, deflate
      CommandName:
      - sql db restore
      Connection:
      - keep-alive
      ParameterSetName:
      - -g -s -n --deleted-time --dest-name --service-objective --edition
      User-Agent:
      - python/3.5.3 (Windows-2012ServerR2-6.3.9600-SP0) msrest/0.6.11 msrest_azure/0.6.2
        azure-mgmt-sql/0.17.0 Azure-SDK-For-Python AZURECLI/2.1.0
    method: GET
    uri: https://management.azure.com/subscriptions/00000000-0000-0000-0000-000000000000/resourceGroups/clitest.rg000001/providers/Microsoft.Sql/locations/westeurope/databaseAzureAsyncOperation/50c9709e-a2ae-4a2d-ae2d-7ab05dd926eb?api-version=2017-10-01-preview
  response:
    body:
      string: '{"name":"50c9709e-a2ae-4a2d-ae2d-7ab05dd926eb","status":"InProgress","startTime":"2020-03-05T20:59:28.727Z"}'
    headers:
      cache-control:
      - no-cache
      content-length:
      - '108'
      content-type:
      - application/json; charset=utf-8
      date:
      - Thu, 05 Mar 2020 21:00:29 GMT
      expires:
      - '-1'
      pragma:
      - no-cache
      server:
      - Microsoft-HTTPAPI/2.0
      strict-transport-security:
      - max-age=31536000; includeSubDomains
      transfer-encoding:
      - chunked
      vary:
      - Accept-Encoding
      x-content-type-options:
      - nosniff
    status:
      code: 200
      message: OK
- request:
    body: null
    headers:
      Accept:
      - application/json
      Accept-Encoding:
      - gzip, deflate
      CommandName:
      - sql db restore
      Connection:
      - keep-alive
      ParameterSetName:
      - -g -s -n --deleted-time --dest-name --service-objective --edition
      User-Agent:
      - python/3.5.3 (Windows-2012ServerR2-6.3.9600-SP0) msrest/0.6.11 msrest_azure/0.6.2
        azure-mgmt-sql/0.17.0 Azure-SDK-For-Python AZURECLI/2.1.0
    method: GET
    uri: https://management.azure.com/subscriptions/00000000-0000-0000-0000-000000000000/resourceGroups/clitest.rg000001/providers/Microsoft.Sql/locations/westeurope/databaseAzureAsyncOperation/50c9709e-a2ae-4a2d-ae2d-7ab05dd926eb?api-version=2017-10-01-preview
  response:
    body:
      string: '{"name":"50c9709e-a2ae-4a2d-ae2d-7ab05dd926eb","status":"InProgress","startTime":"2020-03-05T20:59:28.727Z"}'
    headers:
      cache-control:
      - no-cache
      content-length:
      - '108'
      content-type:
      - application/json; charset=utf-8
      date:
      - Thu, 05 Mar 2020 21:00:46 GMT
      expires:
      - '-1'
      pragma:
      - no-cache
      server:
      - Microsoft-HTTPAPI/2.0
      strict-transport-security:
      - max-age=31536000; includeSubDomains
      transfer-encoding:
      - chunked
      vary:
      - Accept-Encoding
      x-content-type-options:
      - nosniff
    status:
      code: 200
      message: OK
- request:
    body: null
    headers:
      Accept:
      - application/json
      Accept-Encoding:
      - gzip, deflate
      CommandName:
      - sql db restore
      Connection:
      - keep-alive
      ParameterSetName:
      - -g -s -n --deleted-time --dest-name --service-objective --edition
      User-Agent:
      - python/3.5.3 (Windows-2012ServerR2-6.3.9600-SP0) msrest/0.6.11 msrest_azure/0.6.2
        azure-mgmt-sql/0.17.0 Azure-SDK-For-Python AZURECLI/2.1.0
    method: GET
    uri: https://management.azure.com/subscriptions/00000000-0000-0000-0000-000000000000/resourceGroups/clitest.rg000001/providers/Microsoft.Sql/locations/westeurope/databaseAzureAsyncOperation/50c9709e-a2ae-4a2d-ae2d-7ab05dd926eb?api-version=2017-10-01-preview
  response:
    body:
      string: '{"name":"50c9709e-a2ae-4a2d-ae2d-7ab05dd926eb","status":"InProgress","startTime":"2020-03-05T20:59:28.727Z"}'
    headers:
      cache-control:
      - no-cache
      content-length:
      - '108'
      content-type:
      - application/json; charset=utf-8
      date:
      - Thu, 05 Mar 2020 21:01:01 GMT
      expires:
      - '-1'
      pragma:
      - no-cache
      server:
      - Microsoft-HTTPAPI/2.0
      strict-transport-security:
      - max-age=31536000; includeSubDomains
      transfer-encoding:
      - chunked
      vary:
      - Accept-Encoding
      x-content-type-options:
      - nosniff
    status:
      code: 200
      message: OK
- request:
    body: null
    headers:
      Accept:
      - application/json
      Accept-Encoding:
      - gzip, deflate
      CommandName:
      - sql db restore
      Connection:
      - keep-alive
      ParameterSetName:
      - -g -s -n --deleted-time --dest-name --service-objective --edition
      User-Agent:
      - python/3.5.3 (Windows-2012ServerR2-6.3.9600-SP0) msrest/0.6.11 msrest_azure/0.6.2
        azure-mgmt-sql/0.17.0 Azure-SDK-For-Python AZURECLI/2.1.0
    method: GET
    uri: https://management.azure.com/subscriptions/00000000-0000-0000-0000-000000000000/resourceGroups/clitest.rg000001/providers/Microsoft.Sql/locations/westeurope/databaseAzureAsyncOperation/50c9709e-a2ae-4a2d-ae2d-7ab05dd926eb?api-version=2017-10-01-preview
  response:
    body:
      string: '{"name":"50c9709e-a2ae-4a2d-ae2d-7ab05dd926eb","status":"InProgress","startTime":"2020-03-05T20:59:28.727Z"}'
    headers:
      cache-control:
      - no-cache
      content-length:
      - '108'
      content-type:
      - application/json; charset=utf-8
      date:
      - Thu, 05 Mar 2020 21:01:16 GMT
      expires:
      - '-1'
      pragma:
      - no-cache
      server:
      - Microsoft-HTTPAPI/2.0
      strict-transport-security:
      - max-age=31536000; includeSubDomains
      transfer-encoding:
      - chunked
      vary:
      - Accept-Encoding
      x-content-type-options:
      - nosniff
    status:
      code: 200
      message: OK
- request:
    body: null
    headers:
      Accept:
      - application/json
      Accept-Encoding:
      - gzip, deflate
      CommandName:
      - sql db restore
      Connection:
      - keep-alive
      ParameterSetName:
      - -g -s -n --deleted-time --dest-name --service-objective --edition
      User-Agent:
      - python/3.5.3 (Windows-2012ServerR2-6.3.9600-SP0) msrest/0.6.11 msrest_azure/0.6.2
        azure-mgmt-sql/0.17.0 Azure-SDK-For-Python AZURECLI/2.1.0
    method: GET
    uri: https://management.azure.com/subscriptions/00000000-0000-0000-0000-000000000000/resourceGroups/clitest.rg000001/providers/Microsoft.Sql/locations/westeurope/databaseAzureAsyncOperation/50c9709e-a2ae-4a2d-ae2d-7ab05dd926eb?api-version=2017-10-01-preview
  response:
    body:
      string: '{"name":"50c9709e-a2ae-4a2d-ae2d-7ab05dd926eb","status":"InProgress","startTime":"2020-03-05T20:59:28.727Z"}'
    headers:
      cache-control:
      - no-cache
      content-length:
      - '108'
      content-type:
      - application/json; charset=utf-8
      date:
      - Thu, 05 Mar 2020 21:01:31 GMT
      expires:
      - '-1'
      pragma:
      - no-cache
      server:
      - Microsoft-HTTPAPI/2.0
      strict-transport-security:
      - max-age=31536000; includeSubDomains
      transfer-encoding:
      - chunked
      vary:
      - Accept-Encoding
      x-content-type-options:
      - nosniff
    status:
      code: 200
      message: OK
- request:
    body: null
    headers:
      Accept:
      - application/json
      Accept-Encoding:
      - gzip, deflate
      CommandName:
      - sql db restore
      Connection:
      - keep-alive
      ParameterSetName:
      - -g -s -n --deleted-time --dest-name --service-objective --edition
      User-Agent:
      - python/3.5.3 (Windows-2012ServerR2-6.3.9600-SP0) msrest/0.6.11 msrest_azure/0.6.2
        azure-mgmt-sql/0.17.0 Azure-SDK-For-Python AZURECLI/2.1.0
    method: GET
    uri: https://management.azure.com/subscriptions/00000000-0000-0000-0000-000000000000/resourceGroups/clitest.rg000001/providers/Microsoft.Sql/locations/westeurope/databaseAzureAsyncOperation/50c9709e-a2ae-4a2d-ae2d-7ab05dd926eb?api-version=2017-10-01-preview
  response:
    body:
      string: '{"name":"50c9709e-a2ae-4a2d-ae2d-7ab05dd926eb","status":"InProgress","startTime":"2020-03-05T20:59:28.727Z"}'
    headers:
      cache-control:
      - no-cache
      content-length:
      - '108'
      content-type:
      - application/json; charset=utf-8
      date:
      - Thu, 05 Mar 2020 21:01:47 GMT
      expires:
      - '-1'
      pragma:
      - no-cache
      server:
      - Microsoft-HTTPAPI/2.0
      strict-transport-security:
      - max-age=31536000; includeSubDomains
      transfer-encoding:
      - chunked
      vary:
      - Accept-Encoding
      x-content-type-options:
      - nosniff
    status:
      code: 200
      message: OK
- request:
    body: null
    headers:
      Accept:
      - application/json
      Accept-Encoding:
      - gzip, deflate
      CommandName:
      - sql db restore
      Connection:
      - keep-alive
      ParameterSetName:
      - -g -s -n --deleted-time --dest-name --service-objective --edition
      User-Agent:
      - python/3.5.3 (Windows-2012ServerR2-6.3.9600-SP0) msrest/0.6.11 msrest_azure/0.6.2
        azure-mgmt-sql/0.17.0 Azure-SDK-For-Python AZURECLI/2.1.0
    method: GET
    uri: https://management.azure.com/subscriptions/00000000-0000-0000-0000-000000000000/resourceGroups/clitest.rg000001/providers/Microsoft.Sql/locations/westeurope/databaseAzureAsyncOperation/50c9709e-a2ae-4a2d-ae2d-7ab05dd926eb?api-version=2017-10-01-preview
  response:
    body:
      string: '{"name":"50c9709e-a2ae-4a2d-ae2d-7ab05dd926eb","status":"InProgress","startTime":"2020-03-05T20:59:28.727Z"}'
    headers:
      cache-control:
      - no-cache
      content-length:
      - '108'
      content-type:
      - application/json; charset=utf-8
      date:
      - Thu, 05 Mar 2020 21:02:02 GMT
      expires:
      - '-1'
      pragma:
      - no-cache
      server:
      - Microsoft-HTTPAPI/2.0
      strict-transport-security:
      - max-age=31536000; includeSubDomains
      transfer-encoding:
      - chunked
      vary:
      - Accept-Encoding
      x-content-type-options:
      - nosniff
    status:
      code: 200
      message: OK
- request:
    body: null
    headers:
      Accept:
      - application/json
      Accept-Encoding:
      - gzip, deflate
      CommandName:
      - sql db restore
      Connection:
      - keep-alive
      ParameterSetName:
      - -g -s -n --deleted-time --dest-name --service-objective --edition
      User-Agent:
      - python/3.5.3 (Windows-2012ServerR2-6.3.9600-SP0) msrest/0.6.11 msrest_azure/0.6.2
        azure-mgmt-sql/0.17.0 Azure-SDK-For-Python AZURECLI/2.1.0
    method: GET
    uri: https://management.azure.com/subscriptions/00000000-0000-0000-0000-000000000000/resourceGroups/clitest.rg000001/providers/Microsoft.Sql/locations/westeurope/databaseAzureAsyncOperation/50c9709e-a2ae-4a2d-ae2d-7ab05dd926eb?api-version=2017-10-01-preview
  response:
    body:
      string: '{"name":"50c9709e-a2ae-4a2d-ae2d-7ab05dd926eb","status":"InProgress","startTime":"2020-03-05T20:59:28.727Z"}'
    headers:
      cache-control:
      - no-cache
      content-length:
      - '108'
      content-type:
      - application/json; charset=utf-8
      date:
      - Thu, 05 Mar 2020 21:02:17 GMT
      expires:
      - '-1'
      pragma:
      - no-cache
      server:
      - Microsoft-HTTPAPI/2.0
      strict-transport-security:
      - max-age=31536000; includeSubDomains
      transfer-encoding:
      - chunked
      vary:
      - Accept-Encoding
      x-content-type-options:
      - nosniff
    status:
      code: 200
      message: OK
- request:
    body: null
    headers:
      Accept:
      - application/json
      Accept-Encoding:
      - gzip, deflate
      CommandName:
      - sql db restore
      Connection:
      - keep-alive
      ParameterSetName:
      - -g -s -n --deleted-time --dest-name --service-objective --edition
      User-Agent:
      - python/3.5.3 (Windows-2012ServerR2-6.3.9600-SP0) msrest/0.6.11 msrest_azure/0.6.2
        azure-mgmt-sql/0.17.0 Azure-SDK-For-Python AZURECLI/2.1.0
    method: GET
    uri: https://management.azure.com/subscriptions/00000000-0000-0000-0000-000000000000/resourceGroups/clitest.rg000001/providers/Microsoft.Sql/locations/westeurope/databaseAzureAsyncOperation/50c9709e-a2ae-4a2d-ae2d-7ab05dd926eb?api-version=2017-10-01-preview
  response:
    body:
      string: '{"name":"50c9709e-a2ae-4a2d-ae2d-7ab05dd926eb","status":"InProgress","startTime":"2020-03-05T20:59:28.727Z"}'
    headers:
      cache-control:
      - no-cache
      content-length:
      - '108'
      content-type:
      - application/json; charset=utf-8
      date:
      - Thu, 05 Mar 2020 21:02:32 GMT
      expires:
      - '-1'
      pragma:
      - no-cache
      server:
      - Microsoft-HTTPAPI/2.0
      strict-transport-security:
      - max-age=31536000; includeSubDomains
      transfer-encoding:
      - chunked
      vary:
      - Accept-Encoding
      x-content-type-options:
      - nosniff
    status:
      code: 200
      message: OK
- request:
    body: null
    headers:
      Accept:
      - application/json
      Accept-Encoding:
      - gzip, deflate
      CommandName:
      - sql db restore
      Connection:
      - keep-alive
      ParameterSetName:
      - -g -s -n --deleted-time --dest-name --service-objective --edition
      User-Agent:
      - python/3.5.3 (Windows-2012ServerR2-6.3.9600-SP0) msrest/0.6.11 msrest_azure/0.6.2
        azure-mgmt-sql/0.17.0 Azure-SDK-For-Python AZURECLI/2.1.0
    method: GET
    uri: https://management.azure.com/subscriptions/00000000-0000-0000-0000-000000000000/resourceGroups/clitest.rg000001/providers/Microsoft.Sql/locations/westeurope/databaseAzureAsyncOperation/50c9709e-a2ae-4a2d-ae2d-7ab05dd926eb?api-version=2017-10-01-preview
  response:
    body:
      string: '{"name":"50c9709e-a2ae-4a2d-ae2d-7ab05dd926eb","status":"InProgress","startTime":"2020-03-05T20:59:28.727Z"}'
    headers:
      cache-control:
      - no-cache
      content-length:
      - '108'
      content-type:
      - application/json; charset=utf-8
      date:
      - Thu, 05 Mar 2020 21:02:48 GMT
      expires:
      - '-1'
      pragma:
      - no-cache
      server:
      - Microsoft-HTTPAPI/2.0
      strict-transport-security:
      - max-age=31536000; includeSubDomains
      transfer-encoding:
      - chunked
      vary:
      - Accept-Encoding
      x-content-type-options:
      - nosniff
    status:
      code: 200
      message: OK
- request:
    body: null
    headers:
      Accept:
      - application/json
      Accept-Encoding:
      - gzip, deflate
      CommandName:
      - sql db restore
      Connection:
      - keep-alive
      ParameterSetName:
      - -g -s -n --deleted-time --dest-name --service-objective --edition
      User-Agent:
      - python/3.5.3 (Windows-2012ServerR2-6.3.9600-SP0) msrest/0.6.11 msrest_azure/0.6.2
        azure-mgmt-sql/0.17.0 Azure-SDK-For-Python AZURECLI/2.1.0
    method: GET
    uri: https://management.azure.com/subscriptions/00000000-0000-0000-0000-000000000000/resourceGroups/clitest.rg000001/providers/Microsoft.Sql/locations/westeurope/databaseAzureAsyncOperation/50c9709e-a2ae-4a2d-ae2d-7ab05dd926eb?api-version=2017-10-01-preview
  response:
    body:
      string: '{"name":"50c9709e-a2ae-4a2d-ae2d-7ab05dd926eb","status":"InProgress","startTime":"2020-03-05T20:59:28.727Z"}'
    headers:
      cache-control:
      - no-cache
      content-length:
      - '108'
      content-type:
      - application/json; charset=utf-8
      date:
      - Thu, 05 Mar 2020 21:03:04 GMT
      expires:
      - '-1'
      pragma:
      - no-cache
      server:
      - Microsoft-HTTPAPI/2.0
      strict-transport-security:
      - max-age=31536000; includeSubDomains
      transfer-encoding:
      - chunked
      vary:
      - Accept-Encoding
      x-content-type-options:
      - nosniff
    status:
      code: 200
      message: OK
- request:
    body: null
    headers:
      Accept:
      - application/json
      Accept-Encoding:
      - gzip, deflate
      CommandName:
      - sql db restore
      Connection:
      - keep-alive
      ParameterSetName:
      - -g -s -n --deleted-time --dest-name --service-objective --edition
      User-Agent:
      - python/3.5.3 (Windows-2012ServerR2-6.3.9600-SP0) msrest/0.6.11 msrest_azure/0.6.2
        azure-mgmt-sql/0.17.0 Azure-SDK-For-Python AZURECLI/2.1.0
    method: GET
    uri: https://management.azure.com/subscriptions/00000000-0000-0000-0000-000000000000/resourceGroups/clitest.rg000001/providers/Microsoft.Sql/locations/westeurope/databaseAzureAsyncOperation/50c9709e-a2ae-4a2d-ae2d-7ab05dd926eb?api-version=2017-10-01-preview
  response:
    body:
      string: '{"name":"50c9709e-a2ae-4a2d-ae2d-7ab05dd926eb","status":"InProgress","startTime":"2020-03-05T20:59:28.727Z"}'
    headers:
      cache-control:
      - no-cache
      content-length:
      - '108'
      content-type:
      - application/json; charset=utf-8
      date:
      - Thu, 05 Mar 2020 21:03:19 GMT
      expires:
      - '-1'
      pragma:
      - no-cache
      server:
      - Microsoft-HTTPAPI/2.0
      strict-transport-security:
      - max-age=31536000; includeSubDomains
      transfer-encoding:
      - chunked
      vary:
      - Accept-Encoding
      x-content-type-options:
      - nosniff
    status:
      code: 200
      message: OK
- request:
    body: null
    headers:
      Accept:
      - application/json
      Accept-Encoding:
      - gzip, deflate
      CommandName:
      - sql db restore
      Connection:
      - keep-alive
      ParameterSetName:
      - -g -s -n --deleted-time --dest-name --service-objective --edition
      User-Agent:
      - python/3.5.3 (Windows-2012ServerR2-6.3.9600-SP0) msrest/0.6.11 msrest_azure/0.6.2
        azure-mgmt-sql/0.17.0 Azure-SDK-For-Python AZURECLI/2.1.0
    method: GET
    uri: https://management.azure.com/subscriptions/00000000-0000-0000-0000-000000000000/resourceGroups/clitest.rg000001/providers/Microsoft.Sql/locations/westeurope/databaseAzureAsyncOperation/50c9709e-a2ae-4a2d-ae2d-7ab05dd926eb?api-version=2017-10-01-preview
  response:
    body:
      string: '{"name":"50c9709e-a2ae-4a2d-ae2d-7ab05dd926eb","status":"InProgress","startTime":"2020-03-05T20:59:28.727Z"}'
    headers:
      cache-control:
      - no-cache
      content-length:
      - '108'
      content-type:
      - application/json; charset=utf-8
      date:
      - Thu, 05 Mar 2020 21:03:35 GMT
      expires:
      - '-1'
      pragma:
      - no-cache
      server:
      - Microsoft-HTTPAPI/2.0
      strict-transport-security:
      - max-age=31536000; includeSubDomains
      transfer-encoding:
      - chunked
      vary:
      - Accept-Encoding
      x-content-type-options:
      - nosniff
    status:
      code: 200
      message: OK
- request:
    body: null
    headers:
      Accept:
      - application/json
      Accept-Encoding:
      - gzip, deflate
      CommandName:
      - sql db restore
      Connection:
      - keep-alive
      ParameterSetName:
      - -g -s -n --deleted-time --dest-name --service-objective --edition
      User-Agent:
      - python/3.5.3 (Windows-2012ServerR2-6.3.9600-SP0) msrest/0.6.11 msrest_azure/0.6.2
        azure-mgmt-sql/0.17.0 Azure-SDK-For-Python AZURECLI/2.1.0
    method: GET
    uri: https://management.azure.com/subscriptions/00000000-0000-0000-0000-000000000000/resourceGroups/clitest.rg000001/providers/Microsoft.Sql/locations/westeurope/databaseAzureAsyncOperation/50c9709e-a2ae-4a2d-ae2d-7ab05dd926eb?api-version=2017-10-01-preview
  response:
    body:
      string: '{"name":"50c9709e-a2ae-4a2d-ae2d-7ab05dd926eb","status":"InProgress","startTime":"2020-03-05T20:59:28.727Z"}'
    headers:
      cache-control:
      - no-cache
      content-length:
      - '108'
      content-type:
      - application/json; charset=utf-8
      date:
      - Thu, 05 Mar 2020 21:03:50 GMT
      expires:
      - '-1'
      pragma:
      - no-cache
      server:
      - Microsoft-HTTPAPI/2.0
      strict-transport-security:
      - max-age=31536000; includeSubDomains
      transfer-encoding:
      - chunked
      vary:
      - Accept-Encoding
      x-content-type-options:
      - nosniff
    status:
      code: 200
      message: OK
- request:
    body: null
    headers:
      Accept:
      - application/json
      Accept-Encoding:
      - gzip, deflate
      CommandName:
      - sql db restore
      Connection:
      - keep-alive
      ParameterSetName:
      - -g -s -n --deleted-time --dest-name --service-objective --edition
      User-Agent:
      - python/3.5.3 (Windows-2012ServerR2-6.3.9600-SP0) msrest/0.6.11 msrest_azure/0.6.2
        azure-mgmt-sql/0.17.0 Azure-SDK-For-Python AZURECLI/2.1.0
    method: GET
    uri: https://management.azure.com/subscriptions/00000000-0000-0000-0000-000000000000/resourceGroups/clitest.rg000001/providers/Microsoft.Sql/locations/westeurope/databaseAzureAsyncOperation/50c9709e-a2ae-4a2d-ae2d-7ab05dd926eb?api-version=2017-10-01-preview
  response:
    body:
      string: '{"name":"50c9709e-a2ae-4a2d-ae2d-7ab05dd926eb","status":"InProgress","startTime":"2020-03-05T20:59:28.727Z"}'
    headers:
      cache-control:
      - no-cache
      content-length:
      - '108'
      content-type:
      - application/json; charset=utf-8
      date:
      - Thu, 05 Mar 2020 21:04:05 GMT
      expires:
      - '-1'
      pragma:
      - no-cache
      server:
      - Microsoft-HTTPAPI/2.0
      strict-transport-security:
      - max-age=31536000; includeSubDomains
      transfer-encoding:
      - chunked
      vary:
      - Accept-Encoding
      x-content-type-options:
      - nosniff
    status:
      code: 200
      message: OK
- request:
    body: null
    headers:
      Accept:
      - application/json
      Accept-Encoding:
      - gzip, deflate
      CommandName:
      - sql db restore
      Connection:
      - keep-alive
      ParameterSetName:
      - -g -s -n --deleted-time --dest-name --service-objective --edition
      User-Agent:
      - python/3.5.3 (Windows-2012ServerR2-6.3.9600-SP0) msrest/0.6.11 msrest_azure/0.6.2
        azure-mgmt-sql/0.17.0 Azure-SDK-For-Python AZURECLI/2.1.0
    method: GET
    uri: https://management.azure.com/subscriptions/00000000-0000-0000-0000-000000000000/resourceGroups/clitest.rg000001/providers/Microsoft.Sql/locations/westeurope/databaseAzureAsyncOperation/50c9709e-a2ae-4a2d-ae2d-7ab05dd926eb?api-version=2017-10-01-preview
  response:
    body:
      string: '{"name":"50c9709e-a2ae-4a2d-ae2d-7ab05dd926eb","status":"InProgress","startTime":"2020-03-05T20:59:28.727Z"}'
    headers:
      cache-control:
      - no-cache
      content-length:
      - '108'
      content-type:
      - application/json; charset=utf-8
      date:
      - Thu, 05 Mar 2020 21:04:21 GMT
      expires:
      - '-1'
      pragma:
      - no-cache
      server:
      - Microsoft-HTTPAPI/2.0
      strict-transport-security:
      - max-age=31536000; includeSubDomains
      transfer-encoding:
      - chunked
      vary:
      - Accept-Encoding
      x-content-type-options:
      - nosniff
    status:
      code: 200
      message: OK
- request:
    body: null
    headers:
      Accept:
      - application/json
      Accept-Encoding:
      - gzip, deflate
      CommandName:
      - sql db restore
      Connection:
      - keep-alive
      ParameterSetName:
      - -g -s -n --deleted-time --dest-name --service-objective --edition
      User-Agent:
      - python/3.5.3 (Windows-2012ServerR2-6.3.9600-SP0) msrest/0.6.11 msrest_azure/0.6.2
        azure-mgmt-sql/0.17.0 Azure-SDK-For-Python AZURECLI/2.1.0
    method: GET
    uri: https://management.azure.com/subscriptions/00000000-0000-0000-0000-000000000000/resourceGroups/clitest.rg000001/providers/Microsoft.Sql/locations/westeurope/databaseAzureAsyncOperation/50c9709e-a2ae-4a2d-ae2d-7ab05dd926eb?api-version=2017-10-01-preview
  response:
    body:
      string: '{"name":"50c9709e-a2ae-4a2d-ae2d-7ab05dd926eb","status":"InProgress","startTime":"2020-03-05T20:59:28.727Z"}'
    headers:
      cache-control:
      - no-cache
      content-length:
      - '108'
      content-type:
      - application/json; charset=utf-8
      date:
      - Thu, 05 Mar 2020 21:04:36 GMT
      expires:
      - '-1'
      pragma:
      - no-cache
      server:
      - Microsoft-HTTPAPI/2.0
      strict-transport-security:
      - max-age=31536000; includeSubDomains
      transfer-encoding:
      - chunked
      vary:
      - Accept-Encoding
      x-content-type-options:
      - nosniff
    status:
      code: 200
      message: OK
- request:
    body: null
    headers:
      Accept:
      - application/json
      Accept-Encoding:
      - gzip, deflate
      CommandName:
      - sql db restore
      Connection:
      - keep-alive
      ParameterSetName:
      - -g -s -n --deleted-time --dest-name --service-objective --edition
      User-Agent:
      - python/3.5.3 (Windows-2012ServerR2-6.3.9600-SP0) msrest/0.6.11 msrest_azure/0.6.2
        azure-mgmt-sql/0.17.0 Azure-SDK-For-Python AZURECLI/2.1.0
    method: GET
    uri: https://management.azure.com/subscriptions/00000000-0000-0000-0000-000000000000/resourceGroups/clitest.rg000001/providers/Microsoft.Sql/locations/westeurope/databaseAzureAsyncOperation/50c9709e-a2ae-4a2d-ae2d-7ab05dd926eb?api-version=2017-10-01-preview
  response:
    body:
      string: '{"name":"50c9709e-a2ae-4a2d-ae2d-7ab05dd926eb","status":"InProgress","startTime":"2020-03-05T20:59:28.727Z"}'
    headers:
      cache-control:
      - no-cache
      content-length:
      - '108'
      content-type:
      - application/json; charset=utf-8
      date:
      - Thu, 05 Mar 2020 21:04:51 GMT
      expires:
      - '-1'
      pragma:
      - no-cache
      server:
      - Microsoft-HTTPAPI/2.0
      strict-transport-security:
      - max-age=31536000; includeSubDomains
      transfer-encoding:
      - chunked
      vary:
      - Accept-Encoding
      x-content-type-options:
      - nosniff
    status:
      code: 200
      message: OK
- request:
    body: null
    headers:
      Accept:
      - application/json
      Accept-Encoding:
      - gzip, deflate
      CommandName:
      - sql db restore
      Connection:
      - keep-alive
      ParameterSetName:
      - -g -s -n --deleted-time --dest-name --service-objective --edition
      User-Agent:
      - python/3.5.3 (Windows-2012ServerR2-6.3.9600-SP0) msrest/0.6.11 msrest_azure/0.6.2
        azure-mgmt-sql/0.17.0 Azure-SDK-For-Python AZURECLI/2.1.0
    method: GET
    uri: https://management.azure.com/subscriptions/00000000-0000-0000-0000-000000000000/resourceGroups/clitest.rg000001/providers/Microsoft.Sql/locations/westeurope/databaseAzureAsyncOperation/50c9709e-a2ae-4a2d-ae2d-7ab05dd926eb?api-version=2017-10-01-preview
  response:
    body:
      string: '{"name":"50c9709e-a2ae-4a2d-ae2d-7ab05dd926eb","status":"InProgress","startTime":"2020-03-05T20:59:28.727Z"}'
    headers:
      cache-control:
      - no-cache
      content-length:
      - '108'
      content-type:
      - application/json; charset=utf-8
      date:
      - Thu, 05 Mar 2020 21:05:07 GMT
      expires:
      - '-1'
      pragma:
      - no-cache
      server:
      - Microsoft-HTTPAPI/2.0
      strict-transport-security:
      - max-age=31536000; includeSubDomains
      transfer-encoding:
      - chunked
      vary:
      - Accept-Encoding
      x-content-type-options:
      - nosniff
    status:
      code: 200
      message: OK
- request:
    body: null
    headers:
      Accept:
      - application/json
      Accept-Encoding:
      - gzip, deflate
      CommandName:
      - sql db restore
      Connection:
      - keep-alive
      ParameterSetName:
      - -g -s -n --deleted-time --dest-name --service-objective --edition
      User-Agent:
      - python/3.5.3 (Windows-2012ServerR2-6.3.9600-SP0) msrest/0.6.11 msrest_azure/0.6.2
        azure-mgmt-sql/0.17.0 Azure-SDK-For-Python AZURECLI/2.1.0
    method: GET
    uri: https://management.azure.com/subscriptions/00000000-0000-0000-0000-000000000000/resourceGroups/clitest.rg000001/providers/Microsoft.Sql/locations/westeurope/databaseAzureAsyncOperation/50c9709e-a2ae-4a2d-ae2d-7ab05dd926eb?api-version=2017-10-01-preview
  response:
    body:
      string: '{"name":"50c9709e-a2ae-4a2d-ae2d-7ab05dd926eb","status":"InProgress","startTime":"2020-03-05T20:59:28.727Z"}'
    headers:
      cache-control:
      - no-cache
      content-length:
      - '108'
      content-type:
      - application/json; charset=utf-8
      date:
      - Thu, 05 Mar 2020 21:05:23 GMT
      expires:
      - '-1'
      pragma:
      - no-cache
      server:
      - Microsoft-HTTPAPI/2.0
      strict-transport-security:
      - max-age=31536000; includeSubDomains
      transfer-encoding:
      - chunked
      vary:
      - Accept-Encoding
      x-content-type-options:
      - nosniff
    status:
      code: 200
      message: OK
- request:
    body: null
    headers:
      Accept:
      - application/json
      Accept-Encoding:
      - gzip, deflate
      CommandName:
      - sql db restore
      Connection:
      - keep-alive
      ParameterSetName:
      - -g -s -n --deleted-time --dest-name --service-objective --edition
      User-Agent:
      - python/3.5.3 (Windows-2012ServerR2-6.3.9600-SP0) msrest/0.6.11 msrest_azure/0.6.2
        azure-mgmt-sql/0.17.0 Azure-SDK-For-Python AZURECLI/2.1.0
    method: GET
    uri: https://management.azure.com/subscriptions/00000000-0000-0000-0000-000000000000/resourceGroups/clitest.rg000001/providers/Microsoft.Sql/locations/westeurope/databaseAzureAsyncOperation/50c9709e-a2ae-4a2d-ae2d-7ab05dd926eb?api-version=2017-10-01-preview
  response:
    body:
      string: '{"name":"50c9709e-a2ae-4a2d-ae2d-7ab05dd926eb","status":"InProgress","startTime":"2020-03-05T20:59:28.727Z"}'
    headers:
      cache-control:
      - no-cache
      content-length:
      - '108'
      content-type:
      - application/json; charset=utf-8
      date:
      - Thu, 05 Mar 2020 21:05:38 GMT
      expires:
      - '-1'
      pragma:
      - no-cache
      server:
      - Microsoft-HTTPAPI/2.0
      strict-transport-security:
      - max-age=31536000; includeSubDomains
      transfer-encoding:
      - chunked
      vary:
      - Accept-Encoding
      x-content-type-options:
      - nosniff
    status:
      code: 200
      message: OK
- request:
    body: null
    headers:
      Accept:
      - application/json
      Accept-Encoding:
      - gzip, deflate
      CommandName:
      - sql db restore
      Connection:
      - keep-alive
      ParameterSetName:
      - -g -s -n --deleted-time --dest-name --service-objective --edition
      User-Agent:
      - python/3.5.3 (Windows-2012ServerR2-6.3.9600-SP0) msrest/0.6.11 msrest_azure/0.6.2
        azure-mgmt-sql/0.17.0 Azure-SDK-For-Python AZURECLI/2.1.0
    method: GET
    uri: https://management.azure.com/subscriptions/00000000-0000-0000-0000-000000000000/resourceGroups/clitest.rg000001/providers/Microsoft.Sql/locations/westeurope/databaseAzureAsyncOperation/50c9709e-a2ae-4a2d-ae2d-7ab05dd926eb?api-version=2017-10-01-preview
  response:
    body:
      string: '{"name":"50c9709e-a2ae-4a2d-ae2d-7ab05dd926eb","status":"InProgress","startTime":"2020-03-05T20:59:28.727Z"}'
    headers:
      cache-control:
      - no-cache
      content-length:
      - '108'
      content-type:
      - application/json; charset=utf-8
      date:
      - Thu, 05 Mar 2020 21:05:53 GMT
      expires:
      - '-1'
      pragma:
      - no-cache
      server:
      - Microsoft-HTTPAPI/2.0
      strict-transport-security:
      - max-age=31536000; includeSubDomains
      transfer-encoding:
      - chunked
      vary:
      - Accept-Encoding
      x-content-type-options:
      - nosniff
    status:
      code: 200
      message: OK
- request:
    body: null
    headers:
      Accept:
      - application/json
      Accept-Encoding:
      - gzip, deflate
      CommandName:
      - sql db restore
      Connection:
      - keep-alive
      ParameterSetName:
      - -g -s -n --deleted-time --dest-name --service-objective --edition
      User-Agent:
      - python/3.5.3 (Windows-2012ServerR2-6.3.9600-SP0) msrest/0.6.11 msrest_azure/0.6.2
        azure-mgmt-sql/0.17.0 Azure-SDK-For-Python AZURECLI/2.1.0
    method: GET
    uri: https://management.azure.com/subscriptions/00000000-0000-0000-0000-000000000000/resourceGroups/clitest.rg000001/providers/Microsoft.Sql/locations/westeurope/databaseAzureAsyncOperation/50c9709e-a2ae-4a2d-ae2d-7ab05dd926eb?api-version=2017-10-01-preview
  response:
    body:
      string: '{"name":"50c9709e-a2ae-4a2d-ae2d-7ab05dd926eb","status":"InProgress","startTime":"2020-03-05T20:59:28.727Z"}'
    headers:
      cache-control:
      - no-cache
      content-length:
      - '108'
      content-type:
      - application/json; charset=utf-8
      date:
      - Thu, 05 Mar 2020 21:06:09 GMT
      expires:
      - '-1'
      pragma:
      - no-cache
      server:
      - Microsoft-HTTPAPI/2.0
      strict-transport-security:
      - max-age=31536000; includeSubDomains
      transfer-encoding:
      - chunked
      vary:
      - Accept-Encoding
      x-content-type-options:
      - nosniff
    status:
      code: 200
      message: OK
- request:
    body: null
    headers:
      Accept:
      - application/json
      Accept-Encoding:
      - gzip, deflate
      CommandName:
      - sql db restore
      Connection:
      - keep-alive
      ParameterSetName:
      - -g -s -n --deleted-time --dest-name --service-objective --edition
      User-Agent:
      - python/3.5.3 (Windows-2012ServerR2-6.3.9600-SP0) msrest/0.6.11 msrest_azure/0.6.2
        azure-mgmt-sql/0.17.0 Azure-SDK-For-Python AZURECLI/2.1.0
    method: GET
    uri: https://management.azure.com/subscriptions/00000000-0000-0000-0000-000000000000/resourceGroups/clitest.rg000001/providers/Microsoft.Sql/locations/westeurope/databaseAzureAsyncOperation/50c9709e-a2ae-4a2d-ae2d-7ab05dd926eb?api-version=2017-10-01-preview
  response:
    body:
      string: '{"name":"50c9709e-a2ae-4a2d-ae2d-7ab05dd926eb","status":"InProgress","startTime":"2020-03-05T20:59:28.727Z"}'
    headers:
      cache-control:
      - no-cache
      content-length:
      - '108'
      content-type:
      - application/json; charset=utf-8
      date:
      - Thu, 05 Mar 2020 21:06:24 GMT
      expires:
      - '-1'
      pragma:
      - no-cache
      server:
      - Microsoft-HTTPAPI/2.0
      strict-transport-security:
      - max-age=31536000; includeSubDomains
      transfer-encoding:
      - chunked
      vary:
      - Accept-Encoding
      x-content-type-options:
      - nosniff
    status:
      code: 200
      message: OK
- request:
    body: null
    headers:
      Accept:
      - application/json
      Accept-Encoding:
      - gzip, deflate
      CommandName:
      - sql db restore
      Connection:
      - keep-alive
      ParameterSetName:
      - -g -s -n --deleted-time --dest-name --service-objective --edition
      User-Agent:
      - python/3.5.3 (Windows-2012ServerR2-6.3.9600-SP0) msrest/0.6.11 msrest_azure/0.6.2
        azure-mgmt-sql/0.17.0 Azure-SDK-For-Python AZURECLI/2.1.0
    method: GET
    uri: https://management.azure.com/subscriptions/00000000-0000-0000-0000-000000000000/resourceGroups/clitest.rg000001/providers/Microsoft.Sql/locations/westeurope/databaseAzureAsyncOperation/50c9709e-a2ae-4a2d-ae2d-7ab05dd926eb?api-version=2017-10-01-preview
  response:
    body:
      string: '{"name":"50c9709e-a2ae-4a2d-ae2d-7ab05dd926eb","status":"InProgress","startTime":"2020-03-05T20:59:28.727Z"}'
    headers:
      cache-control:
      - no-cache
      content-length:
      - '108'
      content-type:
      - application/json; charset=utf-8
      date:
      - Thu, 05 Mar 2020 21:06:39 GMT
      expires:
      - '-1'
      pragma:
      - no-cache
      server:
      - Microsoft-HTTPAPI/2.0
      strict-transport-security:
      - max-age=31536000; includeSubDomains
      transfer-encoding:
      - chunked
      vary:
      - Accept-Encoding
      x-content-type-options:
      - nosniff
    status:
      code: 200
      message: OK
- request:
    body: null
    headers:
      Accept:
      - application/json
      Accept-Encoding:
      - gzip, deflate
      CommandName:
      - sql db restore
      Connection:
      - keep-alive
      ParameterSetName:
      - -g -s -n --deleted-time --dest-name --service-objective --edition
      User-Agent:
      - python/3.5.3 (Windows-2012ServerR2-6.3.9600-SP0) msrest/0.6.11 msrest_azure/0.6.2
        azure-mgmt-sql/0.17.0 Azure-SDK-For-Python AZURECLI/2.1.0
    method: GET
    uri: https://management.azure.com/subscriptions/00000000-0000-0000-0000-000000000000/resourceGroups/clitest.rg000001/providers/Microsoft.Sql/locations/westeurope/databaseAzureAsyncOperation/50c9709e-a2ae-4a2d-ae2d-7ab05dd926eb?api-version=2017-10-01-preview
  response:
    body:
      string: '{"name":"50c9709e-a2ae-4a2d-ae2d-7ab05dd926eb","status":"InProgress","startTime":"2020-03-05T20:59:28.727Z"}'
    headers:
      cache-control:
      - no-cache
      content-length:
      - '108'
      content-type:
      - application/json; charset=utf-8
      date:
      - Thu, 05 Mar 2020 21:06:56 GMT
      expires:
      - '-1'
      pragma:
      - no-cache
      server:
      - Microsoft-HTTPAPI/2.0
      strict-transport-security:
      - max-age=31536000; includeSubDomains
      transfer-encoding:
      - chunked
      vary:
      - Accept-Encoding
      x-content-type-options:
      - nosniff
    status:
      code: 200
      message: OK
- request:
    body: null
    headers:
      Accept:
      - application/json
      Accept-Encoding:
      - gzip, deflate
      CommandName:
      - sql db restore
      Connection:
      - keep-alive
      ParameterSetName:
      - -g -s -n --deleted-time --dest-name --service-objective --edition
      User-Agent:
      - python/3.5.3 (Windows-2012ServerR2-6.3.9600-SP0) msrest/0.6.11 msrest_azure/0.6.2
        azure-mgmt-sql/0.17.0 Azure-SDK-For-Python AZURECLI/2.1.0
    method: GET
    uri: https://management.azure.com/subscriptions/00000000-0000-0000-0000-000000000000/resourceGroups/clitest.rg000001/providers/Microsoft.Sql/locations/westeurope/databaseAzureAsyncOperation/50c9709e-a2ae-4a2d-ae2d-7ab05dd926eb?api-version=2017-10-01-preview
  response:
    body:
      string: '{"name":"50c9709e-a2ae-4a2d-ae2d-7ab05dd926eb","status":"InProgress","startTime":"2020-03-05T20:59:28.727Z"}'
    headers:
      cache-control:
      - no-cache
      content-length:
      - '108'
      content-type:
      - application/json; charset=utf-8
      date:
      - Thu, 05 Mar 2020 21:07:11 GMT
      expires:
      - '-1'
      pragma:
      - no-cache
      server:
      - Microsoft-HTTPAPI/2.0
      strict-transport-security:
      - max-age=31536000; includeSubDomains
      transfer-encoding:
      - chunked
      vary:
      - Accept-Encoding
      x-content-type-options:
      - nosniff
    status:
      code: 200
      message: OK
- request:
    body: null
    headers:
      Accept:
      - application/json
      Accept-Encoding:
      - gzip, deflate
      CommandName:
      - sql db restore
      Connection:
      - keep-alive
      ParameterSetName:
      - -g -s -n --deleted-time --dest-name --service-objective --edition
      User-Agent:
      - python/3.5.3 (Windows-2012ServerR2-6.3.9600-SP0) msrest/0.6.11 msrest_azure/0.6.2
        azure-mgmt-sql/0.17.0 Azure-SDK-For-Python AZURECLI/2.1.0
    method: GET
    uri: https://management.azure.com/subscriptions/00000000-0000-0000-0000-000000000000/resourceGroups/clitest.rg000001/providers/Microsoft.Sql/locations/westeurope/databaseAzureAsyncOperation/50c9709e-a2ae-4a2d-ae2d-7ab05dd926eb?api-version=2017-10-01-preview
  response:
    body:
      string: '{"name":"50c9709e-a2ae-4a2d-ae2d-7ab05dd926eb","status":"InProgress","startTime":"2020-03-05T20:59:28.727Z"}'
    headers:
      cache-control:
      - no-cache
      content-length:
      - '108'
      content-type:
      - application/json; charset=utf-8
      date:
      - Thu, 05 Mar 2020 21:07:28 GMT
      expires:
      - '-1'
      pragma:
      - no-cache
      server:
      - Microsoft-HTTPAPI/2.0
      strict-transport-security:
      - max-age=31536000; includeSubDomains
      transfer-encoding:
      - chunked
      vary:
      - Accept-Encoding
      x-content-type-options:
      - nosniff
    status:
      code: 200
      message: OK
- request:
    body: null
    headers:
      Accept:
      - application/json
      Accept-Encoding:
      - gzip, deflate
      CommandName:
      - sql db restore
      Connection:
      - keep-alive
      ParameterSetName:
      - -g -s -n --deleted-time --dest-name --service-objective --edition
      User-Agent:
      - python/3.5.3 (Windows-2012ServerR2-6.3.9600-SP0) msrest/0.6.11 msrest_azure/0.6.2
        azure-mgmt-sql/0.17.0 Azure-SDK-For-Python AZURECLI/2.1.0
    method: GET
    uri: https://management.azure.com/subscriptions/00000000-0000-0000-0000-000000000000/resourceGroups/clitest.rg000001/providers/Microsoft.Sql/locations/westeurope/databaseAzureAsyncOperation/50c9709e-a2ae-4a2d-ae2d-7ab05dd926eb?api-version=2017-10-01-preview
  response:
    body:
      string: '{"name":"50c9709e-a2ae-4a2d-ae2d-7ab05dd926eb","status":"InProgress","startTime":"2020-03-05T20:59:28.727Z"}'
    headers:
      cache-control:
      - no-cache
      content-length:
      - '108'
      content-type:
      - application/json; charset=utf-8
      date:
      - Thu, 05 Mar 2020 21:07:43 GMT
      expires:
      - '-1'
      pragma:
      - no-cache
      server:
      - Microsoft-HTTPAPI/2.0
      strict-transport-security:
      - max-age=31536000; includeSubDomains
      transfer-encoding:
      - chunked
      vary:
      - Accept-Encoding
      x-content-type-options:
      - nosniff
    status:
      code: 200
      message: OK
- request:
    body: null
    headers:
      Accept:
      - application/json
      Accept-Encoding:
      - gzip, deflate
      CommandName:
      - sql db restore
      Connection:
      - keep-alive
      ParameterSetName:
      - -g -s -n --deleted-time --dest-name --service-objective --edition
      User-Agent:
      - python/3.5.3 (Windows-2012ServerR2-6.3.9600-SP0) msrest/0.6.11 msrest_azure/0.6.2
        azure-mgmt-sql/0.17.0 Azure-SDK-For-Python AZURECLI/2.1.0
    method: GET
    uri: https://management.azure.com/subscriptions/00000000-0000-0000-0000-000000000000/resourceGroups/clitest.rg000001/providers/Microsoft.Sql/locations/westeurope/databaseAzureAsyncOperation/50c9709e-a2ae-4a2d-ae2d-7ab05dd926eb?api-version=2017-10-01-preview
  response:
    body:
      string: '{"name":"50c9709e-a2ae-4a2d-ae2d-7ab05dd926eb","status":"InProgress","startTime":"2020-03-05T20:59:28.727Z"}'
    headers:
      cache-control:
      - no-cache
      content-length:
      - '108'
      content-type:
      - application/json; charset=utf-8
      date:
      - Thu, 05 Mar 2020 21:07:59 GMT
      expires:
      - '-1'
      pragma:
      - no-cache
      server:
      - Microsoft-HTTPAPI/2.0
      strict-transport-security:
      - max-age=31536000; includeSubDomains
      transfer-encoding:
      - chunked
      vary:
      - Accept-Encoding
      x-content-type-options:
      - nosniff
    status:
      code: 200
      message: OK
- request:
    body: null
    headers:
      Accept:
      - application/json
      Accept-Encoding:
      - gzip, deflate
      CommandName:
      - sql db restore
      Connection:
      - keep-alive
      ParameterSetName:
      - -g -s -n --deleted-time --dest-name --service-objective --edition
      User-Agent:
      - python/3.5.3 (Windows-2012ServerR2-6.3.9600-SP0) msrest/0.6.11 msrest_azure/0.6.2
        azure-mgmt-sql/0.17.0 Azure-SDK-For-Python AZURECLI/2.1.0
    method: GET
    uri: https://management.azure.com/subscriptions/00000000-0000-0000-0000-000000000000/resourceGroups/clitest.rg000001/providers/Microsoft.Sql/locations/westeurope/databaseAzureAsyncOperation/50c9709e-a2ae-4a2d-ae2d-7ab05dd926eb?api-version=2017-10-01-preview
  response:
    body:
      string: '{"name":"50c9709e-a2ae-4a2d-ae2d-7ab05dd926eb","status":"Succeeded","startTime":"2020-03-05T20:59:28.727Z"}'
    headers:
      cache-control:
      - no-cache
      content-length:
      - '107'
      content-type:
      - application/json; charset=utf-8
      date:
      - Thu, 05 Mar 2020 21:08:14 GMT
      expires:
      - '-1'
      pragma:
      - no-cache
      server:
      - Microsoft-HTTPAPI/2.0
      strict-transport-security:
      - max-age=31536000; includeSubDomains
      transfer-encoding:
      - chunked
      vary:
      - Accept-Encoding
      x-content-type-options:
      - nosniff
    status:
      code: 200
      message: OK
- request:
    body: null
    headers:
      Accept:
      - application/json
      Accept-Encoding:
      - gzip, deflate
      CommandName:
      - sql db restore
      Connection:
      - keep-alive
      ParameterSetName:
      - -g -s -n --deleted-time --dest-name --service-objective --edition
      User-Agent:
      - python/3.5.3 (Windows-2012ServerR2-6.3.9600-SP0) msrest/0.6.11 msrest_azure/0.6.2
        azure-mgmt-sql/0.17.0 Azure-SDK-For-Python AZURECLI/2.1.0
    method: GET
    uri: https://management.azure.com/subscriptions/00000000-0000-0000-0000-000000000000/resourceGroups/clitest.rg000001/providers/Microsoft.Sql/servers/clitestserver000002/databases/cliautomationdb01restore1?api-version=2017-10-01-preview
  response:
    body:
      string: '{"sku":{"name":"Standard","tier":"Standard","capacity":20},"kind":"v12.0,user","properties":{"collation":"SQL_Latin1_General_CP1_CI_AS","maxSizeBytes":268435456000,"status":"Online","databaseId":"bcb4ca7c-9783-4917-8957-8b671cfaa83c","creationDate":"2020-03-05T21:07:31.953Z","currentServiceObjectiveName":"S1","requestedServiceObjectiveName":"S1","defaultSecondaryLocation":"northeurope","catalogCollation":"SQL_Latin1_General_CP1_CI_AS","zoneRedundant":false,"earliestRestoreDate":"2020-03-05T21:37:31.953Z","readScale":"Disabled","readReplicaCount":0,"currentSku":{"name":"Standard","tier":"Standard","capacity":20}},"location":"westeurope","id":"/subscriptions/00000000-0000-0000-0000-000000000000/resourceGroups/clitest.rg000001/providers/Microsoft.Sql/servers/clitestserver000002/databases/cliautomationdb01restore1","name":"cliautomationdb01restore1","type":"Microsoft.Sql/servers/databases"}'
    headers:
      cache-control:
      - no-cache
      content-length:
      - '1001'
      content-type:
      - application/json; charset=utf-8
      date:
      - Thu, 05 Mar 2020 21:08:14 GMT
      expires:
      - '-1'
      pragma:
      - no-cache
      server:
      - Microsoft-HTTPAPI/2.0
      strict-transport-security:
      - max-age=31536000; includeSubDomains
      transfer-encoding:
      - chunked
      vary:
      - Accept-Encoding
      x-content-type-options:
      - nosniff
    status:
      code: 200
      message: OK
- request:
    body: null
    headers:
      Accept:
      - application/json
      Accept-Encoding:
      - gzip, deflate
      CommandName:
      - sql db restore
      Connection:
      - keep-alive
      ParameterSetName:
      - -g -s -n -t --deleted-time --dest-name
      User-Agent:
      - python/3.5.3 (Windows-2012ServerR2-6.3.9600-SP0) msrest/0.6.11 msrest_azure/0.6.2
        azure-mgmt-sql/0.17.0 Azure-SDK-For-Python AZURECLI/2.1.0
      accept-language:
      - en-US
    method: GET
    uri: https://management.azure.com/subscriptions/00000000-0000-0000-0000-000000000000/resourceGroups/clitest.rg000001/providers/Microsoft.Sql/servers/clitestserver000002?api-version=2019-06-01-preview
  response:
    body:
      string: '{"kind":"v12.0","properties":{"administratorLogin":"admin123","version":"12.0","state":"Ready","fullyQualifiedDomainName":"clitestserver000002.database.windows.net","privateEndpointConnections":[],"publicNetworkAccess":"Enabled"},"location":"westeurope","id":"/subscriptions/00000000-0000-0000-0000-000000000000/resourceGroups/clitest.rg000001/providers/Microsoft.Sql/servers/clitestserver000002","name":"clitestserver000002","type":"Microsoft.Sql/servers"}'
    headers:
      cache-control:
      - no-cache
      content-length:
      - '645'
      content-type:
      - application/json; charset=utf-8
      date:
      - Thu, 05 Mar 2020 21:08:34 GMT
      expires:
      - '-1'
      pragma:
      - no-cache
      server:
      - Microsoft-HTTPAPI/2.0
      strict-transport-security:
      - max-age=31536000; includeSubDomains
      transfer-encoding:
      - chunked
      vary:
      - Accept-Encoding
      x-content-type-options:
      - nosniff
    status:
      code: 200
      message: OK
- request:
    body: 'b''b\''{"properties": {"sourceDatabaseDeletionDate": "2020-03-05T20:57:51.280Z",
      "restorePointInTime": "2020-03-05T20:29:09.000Z", "createMode": "Restore", "sourceDatabaseId":
      "/subscriptions/00000000-0000-0000-0000-000000000000/resourceGroups/clitest.rg000001/providers/Microsoft.Sql/servers/clitestserver000002/databases/cliautomationdb01"},
      "location": "westeurope"}\'''''
    headers:
      Accept:
      - application/json
      Accept-Encoding:
      - gzip, deflate
      CommandName:
      - sql db restore
      Connection:
      - keep-alive
      Content-Length:
      - '464'
      Content-Type:
      - application/json; charset=utf-8
      ParameterSetName:
      - -g -s -n -t --deleted-time --dest-name
      User-Agent:
      - python/3.5.3 (Windows-2012ServerR2-6.3.9600-SP0) msrest/0.6.11 msrest_azure/0.6.2
        azure-mgmt-sql/0.17.0 Azure-SDK-For-Python AZURECLI/2.1.0
      accept-language:
      - en-US
    method: PUT
    uri: https://management.azure.com/subscriptions/00000000-0000-0000-0000-000000000000/resourceGroups/clitest.rg000001/providers/Microsoft.Sql/servers/clitestserver000002/databases/cliautomationdb01restore2?api-version=2017-10-01-preview
  response:
    body:
      string: '{"operation":"CreateRestoreRequest","startTime":"2020-03-05T21:08:39.95Z"}'
    headers:
      azure-asyncoperation:
      - https://management.azure.com/subscriptions/00000000-0000-0000-0000-000000000000/resourceGroups/clitest.rg000001/providers/Microsoft.Sql/locations/westeurope/databaseAzureAsyncOperation/469ed09e-205e-4df2-95f3-2f9a429aff62?api-version=2017-10-01-preview
      cache-control:
      - no-cache
      content-length:
      - '74'
      content-type:
      - application/json; charset=utf-8
      date:
      - Thu, 05 Mar 2020 21:08:40 GMT
      expires:
      - '-1'
      location:
      - https://management.azure.com/subscriptions/00000000-0000-0000-0000-000000000000/resourceGroups/clitest.rg000001/providers/Microsoft.Sql/locations/westeurope/databaseOperationResults/469ed09e-205e-4df2-95f3-2f9a429aff62?api-version=2017-10-01-preview
      pragma:
      - no-cache
      server:
      - Microsoft-HTTPAPI/2.0
      strict-transport-security:
      - max-age=31536000; includeSubDomains
      x-content-type-options:
      - nosniff
      x-ms-ratelimit-remaining-subscription-writes:
      - '1199'
    status:
      code: 202
      message: Accepted
- request:
    body: null
    headers:
      Accept:
      - application/json
      Accept-Encoding:
      - gzip, deflate
      CommandName:
      - sql db restore
      Connection:
      - keep-alive
      ParameterSetName:
      - -g -s -n -t --deleted-time --dest-name
      User-Agent:
      - python/3.5.3 (Windows-2012ServerR2-6.3.9600-SP0) msrest/0.6.11 msrest_azure/0.6.2
        azure-mgmt-sql/0.17.0 Azure-SDK-For-Python AZURECLI/2.1.0
    method: GET
    uri: https://management.azure.com/subscriptions/00000000-0000-0000-0000-000000000000/resourceGroups/clitest.rg000001/providers/Microsoft.Sql/locations/westeurope/databaseAzureAsyncOperation/469ed09e-205e-4df2-95f3-2f9a429aff62?api-version=2017-10-01-preview
  response:
    body:
      string: '{"name":"469ed09e-205e-4df2-95f3-2f9a429aff62","status":"InProgress","startTime":"2020-03-05T21:08:39.95Z"}'
    headers:
      cache-control:
      - no-cache
      content-length:
      - '107'
      content-type:
      - application/json; charset=utf-8
      date:
      - Thu, 05 Mar 2020 21:08:55 GMT
      expires:
      - '-1'
      pragma:
      - no-cache
      server:
      - Microsoft-HTTPAPI/2.0
      strict-transport-security:
      - max-age=31536000; includeSubDomains
      transfer-encoding:
      - chunked
      vary:
      - Accept-Encoding
      x-content-type-options:
      - nosniff
    status:
      code: 200
      message: OK
- request:
    body: null
    headers:
      Accept:
      - application/json
      Accept-Encoding:
      - gzip, deflate
      CommandName:
      - sql db restore
      Connection:
      - keep-alive
      ParameterSetName:
      - -g -s -n -t --deleted-time --dest-name
      User-Agent:
      - python/3.5.3 (Windows-2012ServerR2-6.3.9600-SP0) msrest/0.6.11 msrest_azure/0.6.2
        azure-mgmt-sql/0.17.0 Azure-SDK-For-Python AZURECLI/2.1.0
    method: GET
    uri: https://management.azure.com/subscriptions/00000000-0000-0000-0000-000000000000/resourceGroups/clitest.rg000001/providers/Microsoft.Sql/locations/westeurope/databaseAzureAsyncOperation/469ed09e-205e-4df2-95f3-2f9a429aff62?api-version=2017-10-01-preview
  response:
    body:
      string: '{"name":"469ed09e-205e-4df2-95f3-2f9a429aff62","status":"InProgress","startTime":"2020-03-05T21:08:39.95Z"}'
    headers:
      cache-control:
      - no-cache
      content-length:
      - '107'
      content-type:
      - application/json; charset=utf-8
      date:
      - Thu, 05 Mar 2020 21:09:10 GMT
      expires:
      - '-1'
      pragma:
      - no-cache
      server:
      - Microsoft-HTTPAPI/2.0
      strict-transport-security:
      - max-age=31536000; includeSubDomains
      transfer-encoding:
      - chunked
      vary:
      - Accept-Encoding
      x-content-type-options:
      - nosniff
    status:
      code: 200
      message: OK
- request:
    body: null
    headers:
      Accept:
      - application/json
      Accept-Encoding:
      - gzip, deflate
      CommandName:
      - sql db restore
      Connection:
      - keep-alive
      ParameterSetName:
      - -g -s -n -t --deleted-time --dest-name
      User-Agent:
      - python/3.5.3 (Windows-2012ServerR2-6.3.9600-SP0) msrest/0.6.11 msrest_azure/0.6.2
        azure-mgmt-sql/0.17.0 Azure-SDK-For-Python AZURECLI/2.1.0
    method: GET
    uri: https://management.azure.com/subscriptions/00000000-0000-0000-0000-000000000000/resourceGroups/clitest.rg000001/providers/Microsoft.Sql/locations/westeurope/databaseAzureAsyncOperation/469ed09e-205e-4df2-95f3-2f9a429aff62?api-version=2017-10-01-preview
  response:
    body:
      string: '{"name":"469ed09e-205e-4df2-95f3-2f9a429aff62","status":"InProgress","startTime":"2020-03-05T21:08:39.95Z"}'
    headers:
      cache-control:
      - no-cache
      content-length:
      - '107'
      content-type:
      - application/json; charset=utf-8
      date:
      - Thu, 05 Mar 2020 21:09:27 GMT
      expires:
      - '-1'
      pragma:
      - no-cache
      server:
      - Microsoft-HTTPAPI/2.0
      strict-transport-security:
      - max-age=31536000; includeSubDomains
      transfer-encoding:
      - chunked
      vary:
      - Accept-Encoding
      x-content-type-options:
      - nosniff
    status:
      code: 200
      message: OK
- request:
    body: null
    headers:
      Accept:
      - application/json
      Accept-Encoding:
      - gzip, deflate
      CommandName:
      - sql db restore
      Connection:
      - keep-alive
      ParameterSetName:
      - -g -s -n -t --deleted-time --dest-name
      User-Agent:
      - python/3.5.3 (Windows-2012ServerR2-6.3.9600-SP0) msrest/0.6.11 msrest_azure/0.6.2
        azure-mgmt-sql/0.17.0 Azure-SDK-For-Python AZURECLI/2.1.0
    method: GET
    uri: https://management.azure.com/subscriptions/00000000-0000-0000-0000-000000000000/resourceGroups/clitest.rg000001/providers/Microsoft.Sql/locations/westeurope/databaseAzureAsyncOperation/469ed09e-205e-4df2-95f3-2f9a429aff62?api-version=2017-10-01-preview
  response:
    body:
      string: '{"name":"469ed09e-205e-4df2-95f3-2f9a429aff62","status":"InProgress","startTime":"2020-03-05T21:08:39.95Z"}'
    headers:
      cache-control:
      - no-cache
      content-length:
      - '107'
      content-type:
      - application/json; charset=utf-8
      date:
      - Thu, 05 Mar 2020 21:09:42 GMT
      expires:
      - '-1'
      pragma:
      - no-cache
      server:
      - Microsoft-HTTPAPI/2.0
      strict-transport-security:
      - max-age=31536000; includeSubDomains
      transfer-encoding:
      - chunked
      vary:
      - Accept-Encoding
      x-content-type-options:
      - nosniff
    status:
      code: 200
      message: OK
- request:
    body: null
    headers:
      Accept:
      - application/json
      Accept-Encoding:
      - gzip, deflate
      CommandName:
      - sql db restore
      Connection:
      - keep-alive
      ParameterSetName:
      - -g -s -n -t --deleted-time --dest-name
      User-Agent:
      - python/3.5.3 (Windows-2012ServerR2-6.3.9600-SP0) msrest/0.6.11 msrest_azure/0.6.2
        azure-mgmt-sql/0.17.0 Azure-SDK-For-Python AZURECLI/2.1.0
    method: GET
    uri: https://management.azure.com/subscriptions/00000000-0000-0000-0000-000000000000/resourceGroups/clitest.rg000001/providers/Microsoft.Sql/locations/westeurope/databaseAzureAsyncOperation/469ed09e-205e-4df2-95f3-2f9a429aff62?api-version=2017-10-01-preview
  response:
    body:
      string: '{"name":"469ed09e-205e-4df2-95f3-2f9a429aff62","status":"InProgress","startTime":"2020-03-05T21:08:39.95Z"}'
    headers:
      cache-control:
      - no-cache
      content-length:
      - '107'
      content-type:
      - application/json; charset=utf-8
      date:
      - Thu, 05 Mar 2020 21:09:57 GMT
      expires:
      - '-1'
      pragma:
      - no-cache
      server:
      - Microsoft-HTTPAPI/2.0
      strict-transport-security:
      - max-age=31536000; includeSubDomains
      transfer-encoding:
      - chunked
      vary:
      - Accept-Encoding
      x-content-type-options:
      - nosniff
    status:
      code: 200
      message: OK
- request:
    body: null
    headers:
      Accept:
      - application/json
      Accept-Encoding:
      - gzip, deflate
      CommandName:
      - sql db restore
      Connection:
      - keep-alive
      ParameterSetName:
      - -g -s -n -t --deleted-time --dest-name
      User-Agent:
      - python/3.5.3 (Windows-2012ServerR2-6.3.9600-SP0) msrest/0.6.11 msrest_azure/0.6.2
        azure-mgmt-sql/0.17.0 Azure-SDK-For-Python AZURECLI/2.1.0
    method: GET
    uri: https://management.azure.com/subscriptions/00000000-0000-0000-0000-000000000000/resourceGroups/clitest.rg000001/providers/Microsoft.Sql/locations/westeurope/databaseAzureAsyncOperation/469ed09e-205e-4df2-95f3-2f9a429aff62?api-version=2017-10-01-preview
  response:
    body:
      string: '{"name":"469ed09e-205e-4df2-95f3-2f9a429aff62","status":"InProgress","startTime":"2020-03-05T21:08:39.95Z"}'
    headers:
      cache-control:
      - no-cache
      content-length:
      - '107'
      content-type:
      - application/json; charset=utf-8
      date:
      - Thu, 05 Mar 2020 21:10:13 GMT
      expires:
      - '-1'
      pragma:
      - no-cache
      server:
      - Microsoft-HTTPAPI/2.0
      strict-transport-security:
      - max-age=31536000; includeSubDomains
      transfer-encoding:
      - chunked
      vary:
      - Accept-Encoding
      x-content-type-options:
      - nosniff
    status:
      code: 200
      message: OK
- request:
    body: null
    headers:
      Accept:
      - application/json
      Accept-Encoding:
      - gzip, deflate
      CommandName:
      - sql db restore
      Connection:
      - keep-alive
      ParameterSetName:
      - -g -s -n -t --deleted-time --dest-name
      User-Agent:
      - python/3.5.3 (Windows-2012ServerR2-6.3.9600-SP0) msrest/0.6.11 msrest_azure/0.6.2
        azure-mgmt-sql/0.17.0 Azure-SDK-For-Python AZURECLI/2.1.0
    method: GET
    uri: https://management.azure.com/subscriptions/00000000-0000-0000-0000-000000000000/resourceGroups/clitest.rg000001/providers/Microsoft.Sql/locations/westeurope/databaseAzureAsyncOperation/469ed09e-205e-4df2-95f3-2f9a429aff62?api-version=2017-10-01-preview
  response:
    body:
      string: '{"name":"469ed09e-205e-4df2-95f3-2f9a429aff62","status":"InProgress","startTime":"2020-03-05T21:08:39.95Z"}'
    headers:
      cache-control:
      - no-cache
      content-length:
      - '107'
      content-type:
      - application/json; charset=utf-8
      date:
      - Thu, 05 Mar 2020 21:10:28 GMT
      expires:
      - '-1'
      pragma:
      - no-cache
      server:
      - Microsoft-HTTPAPI/2.0
      strict-transport-security:
      - max-age=31536000; includeSubDomains
      transfer-encoding:
      - chunked
      vary:
      - Accept-Encoding
      x-content-type-options:
      - nosniff
    status:
      code: 200
      message: OK
- request:
    body: null
    headers:
      Accept:
      - application/json
      Accept-Encoding:
      - gzip, deflate
      CommandName:
      - sql db restore
      Connection:
      - keep-alive
      ParameterSetName:
      - -g -s -n -t --deleted-time --dest-name
      User-Agent:
      - python/3.5.3 (Windows-2012ServerR2-6.3.9600-SP0) msrest/0.6.11 msrest_azure/0.6.2
        azure-mgmt-sql/0.17.0 Azure-SDK-For-Python AZURECLI/2.1.0
    method: GET
    uri: https://management.azure.com/subscriptions/00000000-0000-0000-0000-000000000000/resourceGroups/clitest.rg000001/providers/Microsoft.Sql/locations/westeurope/databaseAzureAsyncOperation/469ed09e-205e-4df2-95f3-2f9a429aff62?api-version=2017-10-01-preview
  response:
    body:
      string: '{"name":"469ed09e-205e-4df2-95f3-2f9a429aff62","status":"InProgress","startTime":"2020-03-05T21:08:39.95Z"}'
    headers:
      cache-control:
      - no-cache
      content-length:
      - '107'
      content-type:
      - application/json; charset=utf-8
      date:
      - Thu, 05 Mar 2020 21:10:44 GMT
      expires:
      - '-1'
      pragma:
      - no-cache
      server:
      - Microsoft-HTTPAPI/2.0
      strict-transport-security:
      - max-age=31536000; includeSubDomains
      transfer-encoding:
      - chunked
      vary:
      - Accept-Encoding
      x-content-type-options:
      - nosniff
    status:
      code: 200
      message: OK
- request:
    body: null
    headers:
      Accept:
      - application/json
      Accept-Encoding:
      - gzip, deflate
      CommandName:
      - sql db restore
      Connection:
      - keep-alive
      ParameterSetName:
      - -g -s -n -t --deleted-time --dest-name
      User-Agent:
      - python/3.5.3 (Windows-2012ServerR2-6.3.9600-SP0) msrest/0.6.11 msrest_azure/0.6.2
        azure-mgmt-sql/0.17.0 Azure-SDK-For-Python AZURECLI/2.1.0
    method: GET
    uri: https://management.azure.com/subscriptions/00000000-0000-0000-0000-000000000000/resourceGroups/clitest.rg000001/providers/Microsoft.Sql/locations/westeurope/databaseAzureAsyncOperation/469ed09e-205e-4df2-95f3-2f9a429aff62?api-version=2017-10-01-preview
  response:
    body:
      string: '{"name":"469ed09e-205e-4df2-95f3-2f9a429aff62","status":"InProgress","startTime":"2020-03-05T21:08:39.95Z"}'
    headers:
      cache-control:
      - no-cache
      content-length:
      - '107'
      content-type:
      - application/json; charset=utf-8
      date:
      - Thu, 05 Mar 2020 21:10:59 GMT
      expires:
      - '-1'
      pragma:
      - no-cache
      server:
      - Microsoft-HTTPAPI/2.0
      strict-transport-security:
      - max-age=31536000; includeSubDomains
      transfer-encoding:
      - chunked
      vary:
      - Accept-Encoding
      x-content-type-options:
      - nosniff
    status:
      code: 200
      message: OK
- request:
    body: null
    headers:
      Accept:
      - application/json
      Accept-Encoding:
      - gzip, deflate
      CommandName:
      - sql db restore
      Connection:
      - keep-alive
      ParameterSetName:
      - -g -s -n -t --deleted-time --dest-name
      User-Agent:
      - python/3.5.3 (Windows-2012ServerR2-6.3.9600-SP0) msrest/0.6.11 msrest_azure/0.6.2
        azure-mgmt-sql/0.17.0 Azure-SDK-For-Python AZURECLI/2.1.0
    method: GET
    uri: https://management.azure.com/subscriptions/00000000-0000-0000-0000-000000000000/resourceGroups/clitest.rg000001/providers/Microsoft.Sql/locations/westeurope/databaseAzureAsyncOperation/469ed09e-205e-4df2-95f3-2f9a429aff62?api-version=2017-10-01-preview
  response:
    body:
      string: '{"name":"469ed09e-205e-4df2-95f3-2f9a429aff62","status":"InProgress","startTime":"2020-03-05T21:08:39.95Z"}'
    headers:
      cache-control:
      - no-cache
      content-length:
      - '107'
      content-type:
      - application/json; charset=utf-8
      date:
      - Thu, 05 Mar 2020 21:11:14 GMT
      expires:
      - '-1'
      pragma:
      - no-cache
      server:
      - Microsoft-HTTPAPI/2.0
      strict-transport-security:
      - max-age=31536000; includeSubDomains
      transfer-encoding:
      - chunked
      vary:
      - Accept-Encoding
      x-content-type-options:
      - nosniff
    status:
      code: 200
      message: OK
- request:
    body: null
    headers:
      Accept:
      - application/json
      Accept-Encoding:
      - gzip, deflate
      CommandName:
      - sql db restore
      Connection:
      - keep-alive
      ParameterSetName:
      - -g -s -n -t --deleted-time --dest-name
      User-Agent:
      - python/3.5.3 (Windows-2012ServerR2-6.3.9600-SP0) msrest/0.6.11 msrest_azure/0.6.2
        azure-mgmt-sql/0.17.0 Azure-SDK-For-Python AZURECLI/2.1.0
    method: GET
    uri: https://management.azure.com/subscriptions/00000000-0000-0000-0000-000000000000/resourceGroups/clitest.rg000001/providers/Microsoft.Sql/locations/westeurope/databaseAzureAsyncOperation/469ed09e-205e-4df2-95f3-2f9a429aff62?api-version=2017-10-01-preview
  response:
    body:
      string: '{"name":"469ed09e-205e-4df2-95f3-2f9a429aff62","status":"InProgress","startTime":"2020-03-05T21:08:39.95Z"}'
    headers:
      cache-control:
      - no-cache
      content-length:
      - '107'
      content-type:
      - application/json; charset=utf-8
      date:
      - Thu, 05 Mar 2020 21:11:30 GMT
      expires:
      - '-1'
      pragma:
      - no-cache
      server:
      - Microsoft-HTTPAPI/2.0
      strict-transport-security:
      - max-age=31536000; includeSubDomains
      transfer-encoding:
      - chunked
      vary:
      - Accept-Encoding
      x-content-type-options:
      - nosniff
    status:
      code: 200
      message: OK
- request:
    body: null
    headers:
      Accept:
      - application/json
      Accept-Encoding:
      - gzip, deflate
      CommandName:
      - sql db restore
      Connection:
      - keep-alive
      ParameterSetName:
      - -g -s -n -t --deleted-time --dest-name
      User-Agent:
      - python/3.5.3 (Windows-2012ServerR2-6.3.9600-SP0) msrest/0.6.11 msrest_azure/0.6.2
        azure-mgmt-sql/0.17.0 Azure-SDK-For-Python AZURECLI/2.1.0
    method: GET
    uri: https://management.azure.com/subscriptions/00000000-0000-0000-0000-000000000000/resourceGroups/clitest.rg000001/providers/Microsoft.Sql/locations/westeurope/databaseAzureAsyncOperation/469ed09e-205e-4df2-95f3-2f9a429aff62?api-version=2017-10-01-preview
  response:
    body:
      string: '{"name":"469ed09e-205e-4df2-95f3-2f9a429aff62","status":"InProgress","startTime":"2020-03-05T21:08:39.95Z"}'
    headers:
      cache-control:
      - no-cache
      content-length:
      - '107'
      content-type:
      - application/json; charset=utf-8
      date:
      - Thu, 05 Mar 2020 21:11:46 GMT
      expires:
      - '-1'
      pragma:
      - no-cache
      server:
      - Microsoft-HTTPAPI/2.0
      strict-transport-security:
      - max-age=31536000; includeSubDomains
      transfer-encoding:
      - chunked
      vary:
      - Accept-Encoding
      x-content-type-options:
      - nosniff
    status:
      code: 200
      message: OK
- request:
    body: null
    headers:
      Accept:
      - application/json
      Accept-Encoding:
      - gzip, deflate
      CommandName:
      - sql db restore
      Connection:
      - keep-alive
      ParameterSetName:
      - -g -s -n -t --deleted-time --dest-name
      User-Agent:
      - python/3.5.3 (Windows-2012ServerR2-6.3.9600-SP0) msrest/0.6.11 msrest_azure/0.6.2
        azure-mgmt-sql/0.17.0 Azure-SDK-For-Python AZURECLI/2.1.0
    method: GET
    uri: https://management.azure.com/subscriptions/00000000-0000-0000-0000-000000000000/resourceGroups/clitest.rg000001/providers/Microsoft.Sql/locations/westeurope/databaseAzureAsyncOperation/469ed09e-205e-4df2-95f3-2f9a429aff62?api-version=2017-10-01-preview
  response:
    body:
      string: '{"name":"469ed09e-205e-4df2-95f3-2f9a429aff62","status":"InProgress","startTime":"2020-03-05T21:08:39.95Z"}'
    headers:
      cache-control:
      - no-cache
      content-length:
      - '107'
      content-type:
      - application/json; charset=utf-8
      date:
      - Thu, 05 Mar 2020 21:12:02 GMT
      expires:
      - '-1'
      pragma:
      - no-cache
      server:
      - Microsoft-HTTPAPI/2.0
      strict-transport-security:
      - max-age=31536000; includeSubDomains
      transfer-encoding:
      - chunked
      vary:
      - Accept-Encoding
      x-content-type-options:
      - nosniff
    status:
      code: 200
      message: OK
- request:
    body: null
    headers:
      Accept:
      - application/json
      Accept-Encoding:
      - gzip, deflate
      CommandName:
      - sql db restore
      Connection:
      - keep-alive
      ParameterSetName:
      - -g -s -n -t --deleted-time --dest-name
      User-Agent:
      - python/3.5.3 (Windows-2012ServerR2-6.3.9600-SP0) msrest/0.6.11 msrest_azure/0.6.2
        azure-mgmt-sql/0.17.0 Azure-SDK-For-Python AZURECLI/2.1.0
    method: GET
    uri: https://management.azure.com/subscriptions/00000000-0000-0000-0000-000000000000/resourceGroups/clitest.rg000001/providers/Microsoft.Sql/locations/westeurope/databaseAzureAsyncOperation/469ed09e-205e-4df2-95f3-2f9a429aff62?api-version=2017-10-01-preview
  response:
    body:
      string: '{"name":"469ed09e-205e-4df2-95f3-2f9a429aff62","status":"InProgress","startTime":"2020-03-05T21:08:39.95Z"}'
    headers:
      cache-control:
      - no-cache
      content-length:
      - '107'
      content-type:
      - application/json; charset=utf-8
      date:
      - Thu, 05 Mar 2020 21:12:17 GMT
      expires:
      - '-1'
      pragma:
      - no-cache
      server:
      - Microsoft-HTTPAPI/2.0
      strict-transport-security:
      - max-age=31536000; includeSubDomains
      transfer-encoding:
      - chunked
      vary:
      - Accept-Encoding
      x-content-type-options:
      - nosniff
    status:
      code: 200
      message: OK
- request:
    body: null
    headers:
      Accept:
      - application/json
      Accept-Encoding:
      - gzip, deflate
      CommandName:
      - sql db restore
      Connection:
      - keep-alive
      ParameterSetName:
      - -g -s -n -t --deleted-time --dest-name
      User-Agent:
      - python/3.5.3 (Windows-2012ServerR2-6.3.9600-SP0) msrest/0.6.11 msrest_azure/0.6.2
        azure-mgmt-sql/0.17.0 Azure-SDK-For-Python AZURECLI/2.1.0
    method: GET
    uri: https://management.azure.com/subscriptions/00000000-0000-0000-0000-000000000000/resourceGroups/clitest.rg000001/providers/Microsoft.Sql/locations/westeurope/databaseAzureAsyncOperation/469ed09e-205e-4df2-95f3-2f9a429aff62?api-version=2017-10-01-preview
  response:
    body:
      string: '{"name":"469ed09e-205e-4df2-95f3-2f9a429aff62","status":"InProgress","startTime":"2020-03-05T21:08:39.95Z"}'
    headers:
      cache-control:
      - no-cache
      content-length:
      - '107'
      content-type:
      - application/json; charset=utf-8
      date:
      - Thu, 05 Mar 2020 21:12:32 GMT
      expires:
      - '-1'
      pragma:
      - no-cache
      server:
      - Microsoft-HTTPAPI/2.0
      strict-transport-security:
      - max-age=31536000; includeSubDomains
      transfer-encoding:
      - chunked
      vary:
      - Accept-Encoding
      x-content-type-options:
      - nosniff
    status:
      code: 200
      message: OK
- request:
    body: null
    headers:
      Accept:
      - application/json
      Accept-Encoding:
      - gzip, deflate
      CommandName:
      - sql db restore
      Connection:
      - keep-alive
      ParameterSetName:
      - -g -s -n -t --deleted-time --dest-name
      User-Agent:
      - python/3.5.3 (Windows-2012ServerR2-6.3.9600-SP0) msrest/0.6.11 msrest_azure/0.6.2
        azure-mgmt-sql/0.17.0 Azure-SDK-For-Python AZURECLI/2.1.0
    method: GET
    uri: https://management.azure.com/subscriptions/00000000-0000-0000-0000-000000000000/resourceGroups/clitest.rg000001/providers/Microsoft.Sql/locations/westeurope/databaseAzureAsyncOperation/469ed09e-205e-4df2-95f3-2f9a429aff62?api-version=2017-10-01-preview
  response:
    body:
      string: '{"name":"469ed09e-205e-4df2-95f3-2f9a429aff62","status":"InProgress","startTime":"2020-03-05T21:08:39.95Z"}'
    headers:
      cache-control:
      - no-cache
      content-length:
      - '107'
      content-type:
      - application/json; charset=utf-8
      date:
      - Thu, 05 Mar 2020 21:12:48 GMT
      expires:
      - '-1'
      pragma:
      - no-cache
      server:
      - Microsoft-HTTPAPI/2.0
      strict-transport-security:
      - max-age=31536000; includeSubDomains
      transfer-encoding:
      - chunked
      vary:
      - Accept-Encoding
      x-content-type-options:
      - nosniff
    status:
      code: 200
      message: OK
- request:
    body: null
    headers:
      Accept:
      - application/json
      Accept-Encoding:
      - gzip, deflate
      CommandName:
      - sql db restore
      Connection:
      - keep-alive
      ParameterSetName:
      - -g -s -n -t --deleted-time --dest-name
      User-Agent:
      - python/3.5.3 (Windows-2012ServerR2-6.3.9600-SP0) msrest/0.6.11 msrest_azure/0.6.2
        azure-mgmt-sql/0.17.0 Azure-SDK-For-Python AZURECLI/2.1.0
    method: GET
    uri: https://management.azure.com/subscriptions/00000000-0000-0000-0000-000000000000/resourceGroups/clitest.rg000001/providers/Microsoft.Sql/locations/westeurope/databaseAzureAsyncOperation/469ed09e-205e-4df2-95f3-2f9a429aff62?api-version=2017-10-01-preview
  response:
    body:
      string: '{"name":"469ed09e-205e-4df2-95f3-2f9a429aff62","status":"InProgress","startTime":"2020-03-05T21:08:39.95Z"}'
    headers:
      cache-control:
      - no-cache
      content-length:
      - '107'
      content-type:
      - application/json; charset=utf-8
      date:
      - Thu, 05 Mar 2020 21:13:03 GMT
      expires:
      - '-1'
      pragma:
      - no-cache
      server:
      - Microsoft-HTTPAPI/2.0
      strict-transport-security:
      - max-age=31536000; includeSubDomains
      transfer-encoding:
      - chunked
      vary:
      - Accept-Encoding
      x-content-type-options:
      - nosniff
    status:
      code: 200
      message: OK
- request:
    body: null
    headers:
      Accept:
      - application/json
      Accept-Encoding:
      - gzip, deflate
      CommandName:
      - sql db restore
      Connection:
      - keep-alive
      ParameterSetName:
      - -g -s -n -t --deleted-time --dest-name
      User-Agent:
      - python/3.5.3 (Windows-2012ServerR2-6.3.9600-SP0) msrest/0.6.11 msrest_azure/0.6.2
        azure-mgmt-sql/0.17.0 Azure-SDK-For-Python AZURECLI/2.1.0
    method: GET
    uri: https://management.azure.com/subscriptions/00000000-0000-0000-0000-000000000000/resourceGroups/clitest.rg000001/providers/Microsoft.Sql/locations/westeurope/databaseAzureAsyncOperation/469ed09e-205e-4df2-95f3-2f9a429aff62?api-version=2017-10-01-preview
  response:
    body:
      string: '{"name":"469ed09e-205e-4df2-95f3-2f9a429aff62","status":"InProgress","startTime":"2020-03-05T21:08:39.95Z"}'
    headers:
      cache-control:
      - no-cache
      content-length:
      - '107'
      content-type:
      - application/json; charset=utf-8
      date:
      - Thu, 05 Mar 2020 21:13:18 GMT
      expires:
      - '-1'
      pragma:
      - no-cache
      server:
      - Microsoft-HTTPAPI/2.0
      strict-transport-security:
      - max-age=31536000; includeSubDomains
      transfer-encoding:
      - chunked
      vary:
      - Accept-Encoding
      x-content-type-options:
      - nosniff
    status:
      code: 200
      message: OK
- request:
    body: null
    headers:
      Accept:
      - application/json
      Accept-Encoding:
      - gzip, deflate
      CommandName:
      - sql db restore
      Connection:
      - keep-alive
      ParameterSetName:
      - -g -s -n -t --deleted-time --dest-name
      User-Agent:
      - python/3.5.3 (Windows-2012ServerR2-6.3.9600-SP0) msrest/0.6.11 msrest_azure/0.6.2
        azure-mgmt-sql/0.17.0 Azure-SDK-For-Python AZURECLI/2.1.0
    method: GET
    uri: https://management.azure.com/subscriptions/00000000-0000-0000-0000-000000000000/resourceGroups/clitest.rg000001/providers/Microsoft.Sql/locations/westeurope/databaseAzureAsyncOperation/469ed09e-205e-4df2-95f3-2f9a429aff62?api-version=2017-10-01-preview
  response:
    body:
      string: '{"name":"469ed09e-205e-4df2-95f3-2f9a429aff62","status":"InProgress","startTime":"2020-03-05T21:08:39.95Z"}'
    headers:
      cache-control:
      - no-cache
      content-length:
      - '107'
      content-type:
      - application/json; charset=utf-8
      date:
      - Thu, 05 Mar 2020 21:13:34 GMT
      expires:
      - '-1'
      pragma:
      - no-cache
      server:
      - Microsoft-HTTPAPI/2.0
      strict-transport-security:
      - max-age=31536000; includeSubDomains
      transfer-encoding:
      - chunked
      vary:
      - Accept-Encoding
      x-content-type-options:
      - nosniff
    status:
      code: 200
      message: OK
- request:
    body: null
    headers:
      Accept:
      - application/json
      Accept-Encoding:
      - gzip, deflate
      CommandName:
      - sql db restore
      Connection:
      - keep-alive
      ParameterSetName:
      - -g -s -n -t --deleted-time --dest-name
      User-Agent:
      - python/3.5.3 (Windows-2012ServerR2-6.3.9600-SP0) msrest/0.6.11 msrest_azure/0.6.2
        azure-mgmt-sql/0.17.0 Azure-SDK-For-Python AZURECLI/2.1.0
    method: GET
    uri: https://management.azure.com/subscriptions/00000000-0000-0000-0000-000000000000/resourceGroups/clitest.rg000001/providers/Microsoft.Sql/locations/westeurope/databaseAzureAsyncOperation/469ed09e-205e-4df2-95f3-2f9a429aff62?api-version=2017-10-01-preview
  response:
    body:
      string: '{"name":"469ed09e-205e-4df2-95f3-2f9a429aff62","status":"InProgress","startTime":"2020-03-05T21:08:39.95Z"}'
    headers:
      cache-control:
      - no-cache
      content-length:
      - '107'
      content-type:
      - application/json; charset=utf-8
      date:
      - Thu, 05 Mar 2020 21:13:49 GMT
      expires:
      - '-1'
      pragma:
      - no-cache
      server:
      - Microsoft-HTTPAPI/2.0
      strict-transport-security:
      - max-age=31536000; includeSubDomains
      transfer-encoding:
      - chunked
      vary:
      - Accept-Encoding
      x-content-type-options:
      - nosniff
    status:
      code: 200
      message: OK
- request:
    body: null
    headers:
      Accept:
      - application/json
      Accept-Encoding:
      - gzip, deflate
      CommandName:
      - sql db restore
      Connection:
      - keep-alive
      ParameterSetName:
      - -g -s -n -t --deleted-time --dest-name
      User-Agent:
      - python/3.5.3 (Windows-2012ServerR2-6.3.9600-SP0) msrest/0.6.11 msrest_azure/0.6.2
        azure-mgmt-sql/0.17.0 Azure-SDK-For-Python AZURECLI/2.1.0
    method: GET
    uri: https://management.azure.com/subscriptions/00000000-0000-0000-0000-000000000000/resourceGroups/clitest.rg000001/providers/Microsoft.Sql/locations/westeurope/databaseAzureAsyncOperation/469ed09e-205e-4df2-95f3-2f9a429aff62?api-version=2017-10-01-preview
  response:
    body:
      string: '{"name":"469ed09e-205e-4df2-95f3-2f9a429aff62","status":"InProgress","startTime":"2020-03-05T21:08:39.95Z"}'
    headers:
      cache-control:
      - no-cache
      content-length:
      - '107'
      content-type:
      - application/json; charset=utf-8
      date:
      - Thu, 05 Mar 2020 21:14:05 GMT
      expires:
      - '-1'
      pragma:
      - no-cache
      server:
      - Microsoft-HTTPAPI/2.0
      strict-transport-security:
      - max-age=31536000; includeSubDomains
      transfer-encoding:
      - chunked
      vary:
      - Accept-Encoding
      x-content-type-options:
      - nosniff
    status:
      code: 200
      message: OK
- request:
    body: null
    headers:
      Accept:
      - application/json
      Accept-Encoding:
      - gzip, deflate
      CommandName:
      - sql db restore
      Connection:
      - keep-alive
      ParameterSetName:
      - -g -s -n -t --deleted-time --dest-name
      User-Agent:
      - python/3.5.3 (Windows-2012ServerR2-6.3.9600-SP0) msrest/0.6.11 msrest_azure/0.6.2
        azure-mgmt-sql/0.17.0 Azure-SDK-For-Python AZURECLI/2.1.0
    method: GET
    uri: https://management.azure.com/subscriptions/00000000-0000-0000-0000-000000000000/resourceGroups/clitest.rg000001/providers/Microsoft.Sql/locations/westeurope/databaseAzureAsyncOperation/469ed09e-205e-4df2-95f3-2f9a429aff62?api-version=2017-10-01-preview
  response:
    body:
      string: '{"name":"469ed09e-205e-4df2-95f3-2f9a429aff62","status":"InProgress","startTime":"2020-03-05T21:08:39.95Z"}'
    headers:
      cache-control:
      - no-cache
      content-length:
      - '107'
      content-type:
      - application/json; charset=utf-8
      date:
      - Thu, 05 Mar 2020 21:14:21 GMT
      expires:
      - '-1'
      pragma:
      - no-cache
      server:
      - Microsoft-HTTPAPI/2.0
      strict-transport-security:
      - max-age=31536000; includeSubDomains
      transfer-encoding:
      - chunked
      vary:
      - Accept-Encoding
      x-content-type-options:
      - nosniff
    status:
      code: 200
      message: OK
- request:
    body: null
    headers:
      Accept:
      - application/json
      Accept-Encoding:
      - gzip, deflate
      CommandName:
      - sql db restore
      Connection:
      - keep-alive
      ParameterSetName:
      - -g -s -n -t --deleted-time --dest-name
      User-Agent:
      - python/3.5.3 (Windows-2012ServerR2-6.3.9600-SP0) msrest/0.6.11 msrest_azure/0.6.2
        azure-mgmt-sql/0.17.0 Azure-SDK-For-Python AZURECLI/2.1.0
    method: GET
    uri: https://management.azure.com/subscriptions/00000000-0000-0000-0000-000000000000/resourceGroups/clitest.rg000001/providers/Microsoft.Sql/locations/westeurope/databaseAzureAsyncOperation/469ed09e-205e-4df2-95f3-2f9a429aff62?api-version=2017-10-01-preview
  response:
    body:
      string: '{"name":"469ed09e-205e-4df2-95f3-2f9a429aff62","status":"InProgress","startTime":"2020-03-05T21:08:39.95Z"}'
    headers:
      cache-control:
      - no-cache
      content-length:
      - '107'
      content-type:
      - application/json; charset=utf-8
      date:
      - Thu, 05 Mar 2020 21:14:36 GMT
      expires:
      - '-1'
      pragma:
      - no-cache
      server:
      - Microsoft-HTTPAPI/2.0
      strict-transport-security:
      - max-age=31536000; includeSubDomains
      transfer-encoding:
      - chunked
      vary:
      - Accept-Encoding
      x-content-type-options:
      - nosniff
    status:
      code: 200
      message: OK
- request:
    body: null
    headers:
      Accept:
      - application/json
      Accept-Encoding:
      - gzip, deflate
      CommandName:
      - sql db restore
      Connection:
      - keep-alive
      ParameterSetName:
      - -g -s -n -t --deleted-time --dest-name
      User-Agent:
      - python/3.5.3 (Windows-2012ServerR2-6.3.9600-SP0) msrest/0.6.11 msrest_azure/0.6.2
        azure-mgmt-sql/0.17.0 Azure-SDK-For-Python AZURECLI/2.1.0
    method: GET
    uri: https://management.azure.com/subscriptions/00000000-0000-0000-0000-000000000000/resourceGroups/clitest.rg000001/providers/Microsoft.Sql/locations/westeurope/databaseAzureAsyncOperation/469ed09e-205e-4df2-95f3-2f9a429aff62?api-version=2017-10-01-preview
  response:
    body:
      string: '{"name":"469ed09e-205e-4df2-95f3-2f9a429aff62","status":"InProgress","startTime":"2020-03-05T21:08:39.95Z"}'
    headers:
      cache-control:
      - no-cache
      content-length:
      - '107'
      content-type:
      - application/json; charset=utf-8
      date:
      - Thu, 05 Mar 2020 21:14:51 GMT
      expires:
      - '-1'
      pragma:
      - no-cache
      server:
      - Microsoft-HTTPAPI/2.0
      strict-transport-security:
      - max-age=31536000; includeSubDomains
      transfer-encoding:
      - chunked
      vary:
      - Accept-Encoding
      x-content-type-options:
      - nosniff
    status:
      code: 200
      message: OK
- request:
    body: null
    headers:
      Accept:
      - application/json
      Accept-Encoding:
      - gzip, deflate
      CommandName:
      - sql db restore
      Connection:
      - keep-alive
      ParameterSetName:
      - -g -s -n -t --deleted-time --dest-name
      User-Agent:
      - python/3.5.3 (Windows-2012ServerR2-6.3.9600-SP0) msrest/0.6.11 msrest_azure/0.6.2
        azure-mgmt-sql/0.17.0 Azure-SDK-For-Python AZURECLI/2.1.0
    method: GET
    uri: https://management.azure.com/subscriptions/00000000-0000-0000-0000-000000000000/resourceGroups/clitest.rg000001/providers/Microsoft.Sql/locations/westeurope/databaseAzureAsyncOperation/469ed09e-205e-4df2-95f3-2f9a429aff62?api-version=2017-10-01-preview
  response:
    body:
      string: '{"name":"469ed09e-205e-4df2-95f3-2f9a429aff62","status":"InProgress","startTime":"2020-03-05T21:08:39.95Z"}'
    headers:
      cache-control:
      - no-cache
      content-length:
      - '107'
      content-type:
      - application/json; charset=utf-8
      date:
      - Thu, 05 Mar 2020 21:15:07 GMT
      expires:
      - '-1'
      pragma:
      - no-cache
      server:
      - Microsoft-HTTPAPI/2.0
      strict-transport-security:
      - max-age=31536000; includeSubDomains
      transfer-encoding:
      - chunked
      vary:
      - Accept-Encoding
      x-content-type-options:
      - nosniff
    status:
      code: 200
      message: OK
- request:
    body: null
    headers:
      Accept:
      - application/json
      Accept-Encoding:
      - gzip, deflate
      CommandName:
      - sql db restore
      Connection:
      - keep-alive
      ParameterSetName:
      - -g -s -n -t --deleted-time --dest-name
      User-Agent:
      - python/3.5.3 (Windows-2012ServerR2-6.3.9600-SP0) msrest/0.6.11 msrest_azure/0.6.2
        azure-mgmt-sql/0.17.0 Azure-SDK-For-Python AZURECLI/2.1.0
    method: GET
    uri: https://management.azure.com/subscriptions/00000000-0000-0000-0000-000000000000/resourceGroups/clitest.rg000001/providers/Microsoft.Sql/locations/westeurope/databaseAzureAsyncOperation/469ed09e-205e-4df2-95f3-2f9a429aff62?api-version=2017-10-01-preview
  response:
    body:
      string: '{"name":"469ed09e-205e-4df2-95f3-2f9a429aff62","status":"InProgress","startTime":"2020-03-05T21:08:39.95Z"}'
    headers:
      cache-control:
      - no-cache
      content-length:
      - '107'
      content-type:
      - application/json; charset=utf-8
      date:
      - Thu, 05 Mar 2020 21:15:22 GMT
      expires:
      - '-1'
      pragma:
      - no-cache
      server:
      - Microsoft-HTTPAPI/2.0
      strict-transport-security:
      - max-age=31536000; includeSubDomains
      transfer-encoding:
      - chunked
      vary:
      - Accept-Encoding
      x-content-type-options:
      - nosniff
    status:
      code: 200
      message: OK
- request:
    body: null
    headers:
      Accept:
      - application/json
      Accept-Encoding:
      - gzip, deflate
      CommandName:
      - sql db restore
      Connection:
      - keep-alive
      ParameterSetName:
      - -g -s -n -t --deleted-time --dest-name
      User-Agent:
      - python/3.5.3 (Windows-2012ServerR2-6.3.9600-SP0) msrest/0.6.11 msrest_azure/0.6.2
        azure-mgmt-sql/0.17.0 Azure-SDK-For-Python AZURECLI/2.1.0
    method: GET
    uri: https://management.azure.com/subscriptions/00000000-0000-0000-0000-000000000000/resourceGroups/clitest.rg000001/providers/Microsoft.Sql/locations/westeurope/databaseAzureAsyncOperation/469ed09e-205e-4df2-95f3-2f9a429aff62?api-version=2017-10-01-preview
  response:
    body:
      string: '{"name":"469ed09e-205e-4df2-95f3-2f9a429aff62","status":"InProgress","startTime":"2020-03-05T21:08:39.95Z"}'
    headers:
      cache-control:
      - no-cache
      content-length:
      - '107'
      content-type:
      - application/json; charset=utf-8
      date:
      - Thu, 05 Mar 2020 21:15:37 GMT
      expires:
      - '-1'
      pragma:
      - no-cache
      server:
      - Microsoft-HTTPAPI/2.0
      strict-transport-security:
      - max-age=31536000; includeSubDomains
      transfer-encoding:
      - chunked
      vary:
      - Accept-Encoding
      x-content-type-options:
      - nosniff
    status:
      code: 200
      message: OK
- request:
    body: null
    headers:
      Accept:
      - application/json
      Accept-Encoding:
      - gzip, deflate
      CommandName:
      - sql db restore
      Connection:
      - keep-alive
      ParameterSetName:
      - -g -s -n -t --deleted-time --dest-name
      User-Agent:
      - python/3.5.3 (Windows-2012ServerR2-6.3.9600-SP0) msrest/0.6.11 msrest_azure/0.6.2
        azure-mgmt-sql/0.17.0 Azure-SDK-For-Python AZURECLI/2.1.0
    method: GET
    uri: https://management.azure.com/subscriptions/00000000-0000-0000-0000-000000000000/resourceGroups/clitest.rg000001/providers/Microsoft.Sql/locations/westeurope/databaseAzureAsyncOperation/469ed09e-205e-4df2-95f3-2f9a429aff62?api-version=2017-10-01-preview
  response:
    body:
      string: '{"name":"469ed09e-205e-4df2-95f3-2f9a429aff62","status":"InProgress","startTime":"2020-03-05T21:08:39.95Z"}'
    headers:
      cache-control:
      - no-cache
      content-length:
      - '107'
      content-type:
      - application/json; charset=utf-8
      date:
      - Thu, 05 Mar 2020 21:15:53 GMT
      expires:
      - '-1'
      pragma:
      - no-cache
      server:
      - Microsoft-HTTPAPI/2.0
      strict-transport-security:
      - max-age=31536000; includeSubDomains
      transfer-encoding:
      - chunked
      vary:
      - Accept-Encoding
      x-content-type-options:
      - nosniff
    status:
      code: 200
      message: OK
- request:
    body: null
    headers:
      Accept:
      - application/json
      Accept-Encoding:
      - gzip, deflate
      CommandName:
      - sql db restore
      Connection:
      - keep-alive
      ParameterSetName:
      - -g -s -n -t --deleted-time --dest-name
      User-Agent:
      - python/3.5.3 (Windows-2012ServerR2-6.3.9600-SP0) msrest/0.6.11 msrest_azure/0.6.2
        azure-mgmt-sql/0.17.0 Azure-SDK-For-Python AZURECLI/2.1.0
    method: GET
    uri: https://management.azure.com/subscriptions/00000000-0000-0000-0000-000000000000/resourceGroups/clitest.rg000001/providers/Microsoft.Sql/locations/westeurope/databaseAzureAsyncOperation/469ed09e-205e-4df2-95f3-2f9a429aff62?api-version=2017-10-01-preview
  response:
    body:
      string: '{"name":"469ed09e-205e-4df2-95f3-2f9a429aff62","status":"InProgress","startTime":"2020-03-05T21:08:39.95Z"}'
    headers:
      cache-control:
      - no-cache
      content-length:
      - '107'
      content-type:
      - application/json; charset=utf-8
      date:
      - Thu, 05 Mar 2020 21:16:09 GMT
      expires:
      - '-1'
      pragma:
      - no-cache
      server:
      - Microsoft-HTTPAPI/2.0
      strict-transport-security:
      - max-age=31536000; includeSubDomains
      transfer-encoding:
      - chunked
      vary:
      - Accept-Encoding
      x-content-type-options:
      - nosniff
    status:
      code: 200
      message: OK
- request:
    body: null
    headers:
      Accept:
      - application/json
      Accept-Encoding:
      - gzip, deflate
      CommandName:
      - sql db restore
      Connection:
      - keep-alive
      ParameterSetName:
      - -g -s -n -t --deleted-time --dest-name
      User-Agent:
      - python/3.5.3 (Windows-2012ServerR2-6.3.9600-SP0) msrest/0.6.11 msrest_azure/0.6.2
        azure-mgmt-sql/0.17.0 Azure-SDK-For-Python AZURECLI/2.1.0
    method: GET
    uri: https://management.azure.com/subscriptions/00000000-0000-0000-0000-000000000000/resourceGroups/clitest.rg000001/providers/Microsoft.Sql/locations/westeurope/databaseAzureAsyncOperation/469ed09e-205e-4df2-95f3-2f9a429aff62?api-version=2017-10-01-preview
  response:
    body:
      string: '{"name":"469ed09e-205e-4df2-95f3-2f9a429aff62","status":"InProgress","startTime":"2020-03-05T21:08:39.95Z"}'
    headers:
      cache-control:
      - no-cache
      content-length:
      - '107'
      content-type:
      - application/json; charset=utf-8
      date:
      - Thu, 05 Mar 2020 21:16:24 GMT
      expires:
      - '-1'
      pragma:
      - no-cache
      server:
      - Microsoft-HTTPAPI/2.0
      strict-transport-security:
      - max-age=31536000; includeSubDomains
      transfer-encoding:
      - chunked
      vary:
      - Accept-Encoding
      x-content-type-options:
      - nosniff
    status:
      code: 200
      message: OK
- request:
    body: null
    headers:
      Accept:
      - application/json
      Accept-Encoding:
      - gzip, deflate
      CommandName:
      - sql db restore
      Connection:
      - keep-alive
      ParameterSetName:
      - -g -s -n -t --deleted-time --dest-name
      User-Agent:
      - python/3.5.3 (Windows-2012ServerR2-6.3.9600-SP0) msrest/0.6.11 msrest_azure/0.6.2
        azure-mgmt-sql/0.17.0 Azure-SDK-For-Python AZURECLI/2.1.0
    method: GET
    uri: https://management.azure.com/subscriptions/00000000-0000-0000-0000-000000000000/resourceGroups/clitest.rg000001/providers/Microsoft.Sql/locations/westeurope/databaseAzureAsyncOperation/469ed09e-205e-4df2-95f3-2f9a429aff62?api-version=2017-10-01-preview
  response:
    body:
      string: '{"name":"469ed09e-205e-4df2-95f3-2f9a429aff62","status":"InProgress","startTime":"2020-03-05T21:08:39.95Z"}'
    headers:
      cache-control:
      - no-cache
      content-length:
      - '107'
      content-type:
      - application/json; charset=utf-8
      date:
      - Thu, 05 Mar 2020 21:16:40 GMT
      expires:
      - '-1'
      pragma:
      - no-cache
      server:
      - Microsoft-HTTPAPI/2.0
      strict-transport-security:
      - max-age=31536000; includeSubDomains
      transfer-encoding:
      - chunked
      vary:
      - Accept-Encoding
      x-content-type-options:
      - nosniff
    status:
      code: 200
      message: OK
- request:
    body: null
    headers:
      Accept:
      - application/json
      Accept-Encoding:
      - gzip, deflate
      CommandName:
      - sql db restore
      Connection:
      - keep-alive
      ParameterSetName:
      - -g -s -n -t --deleted-time --dest-name
      User-Agent:
      - python/3.5.3 (Windows-2012ServerR2-6.3.9600-SP0) msrest/0.6.11 msrest_azure/0.6.2
        azure-mgmt-sql/0.17.0 Azure-SDK-For-Python AZURECLI/2.1.0
    method: GET
    uri: https://management.azure.com/subscriptions/00000000-0000-0000-0000-000000000000/resourceGroups/clitest.rg000001/providers/Microsoft.Sql/locations/westeurope/databaseAzureAsyncOperation/469ed09e-205e-4df2-95f3-2f9a429aff62?api-version=2017-10-01-preview
  response:
    body:
      string: '{"name":"469ed09e-205e-4df2-95f3-2f9a429aff62","status":"InProgress","startTime":"2020-03-05T21:08:39.95Z"}'
    headers:
      cache-control:
      - no-cache
      content-length:
      - '107'
      content-type:
      - application/json; charset=utf-8
      date:
      - Thu, 05 Mar 2020 21:16:56 GMT
      expires:
      - '-1'
      pragma:
      - no-cache
      server:
      - Microsoft-HTTPAPI/2.0
      strict-transport-security:
      - max-age=31536000; includeSubDomains
      transfer-encoding:
      - chunked
      vary:
      - Accept-Encoding
      x-content-type-options:
      - nosniff
    status:
      code: 200
      message: OK
- request:
    body: null
    headers:
      Accept:
      - application/json
      Accept-Encoding:
      - gzip, deflate
      CommandName:
      - sql db restore
      Connection:
      - keep-alive
      ParameterSetName:
      - -g -s -n -t --deleted-time --dest-name
      User-Agent:
      - python/3.5.3 (Windows-2012ServerR2-6.3.9600-SP0) msrest/0.6.11 msrest_azure/0.6.2
        azure-mgmt-sql/0.17.0 Azure-SDK-For-Python AZURECLI/2.1.0
    method: GET
    uri: https://management.azure.com/subscriptions/00000000-0000-0000-0000-000000000000/resourceGroups/clitest.rg000001/providers/Microsoft.Sql/locations/westeurope/databaseAzureAsyncOperation/469ed09e-205e-4df2-95f3-2f9a429aff62?api-version=2017-10-01-preview
  response:
    body:
      string: '{"name":"469ed09e-205e-4df2-95f3-2f9a429aff62","status":"InProgress","startTime":"2020-03-05T21:08:39.95Z"}'
    headers:
      cache-control:
      - no-cache
      content-length:
      - '107'
      content-type:
      - application/json; charset=utf-8
      date:
      - Thu, 05 Mar 2020 21:17:11 GMT
      expires:
      - '-1'
      pragma:
      - no-cache
      server:
      - Microsoft-HTTPAPI/2.0
      strict-transport-security:
      - max-age=31536000; includeSubDomains
      transfer-encoding:
      - chunked
      vary:
      - Accept-Encoding
      x-content-type-options:
      - nosniff
    status:
      code: 200
      message: OK
- request:
    body: null
    headers:
      Accept:
      - application/json
      Accept-Encoding:
      - gzip, deflate
      CommandName:
      - sql db restore
      Connection:
      - keep-alive
      ParameterSetName:
      - -g -s -n -t --deleted-time --dest-name
      User-Agent:
      - python/3.5.3 (Windows-2012ServerR2-6.3.9600-SP0) msrest/0.6.11 msrest_azure/0.6.2
        azure-mgmt-sql/0.17.0 Azure-SDK-For-Python AZURECLI/2.1.0
    method: GET
    uri: https://management.azure.com/subscriptions/00000000-0000-0000-0000-000000000000/resourceGroups/clitest.rg000001/providers/Microsoft.Sql/locations/westeurope/databaseAzureAsyncOperation/469ed09e-205e-4df2-95f3-2f9a429aff62?api-version=2017-10-01-preview
  response:
    body:
      string: '{"name":"469ed09e-205e-4df2-95f3-2f9a429aff62","status":"InProgress","startTime":"2020-03-05T21:08:39.95Z"}'
    headers:
      cache-control:
      - no-cache
      content-length:
      - '107'
      content-type:
      - application/json; charset=utf-8
      date:
      - Thu, 05 Mar 2020 21:17:26 GMT
      expires:
      - '-1'
      pragma:
      - no-cache
      server:
      - Microsoft-HTTPAPI/2.0
      strict-transport-security:
      - max-age=31536000; includeSubDomains
      transfer-encoding:
      - chunked
      vary:
      - Accept-Encoding
      x-content-type-options:
      - nosniff
    status:
      code: 200
      message: OK
- request:
    body: null
    headers:
      Accept:
      - application/json
      Accept-Encoding:
      - gzip, deflate
      CommandName:
      - sql db restore
      Connection:
      - keep-alive
      ParameterSetName:
      - -g -s -n -t --deleted-time --dest-name
      User-Agent:
      - python/3.5.3 (Windows-2012ServerR2-6.3.9600-SP0) msrest/0.6.11 msrest_azure/0.6.2
        azure-mgmt-sql/0.17.0 Azure-SDK-For-Python AZURECLI/2.1.0
    method: GET
    uri: https://management.azure.com/subscriptions/00000000-0000-0000-0000-000000000000/resourceGroups/clitest.rg000001/providers/Microsoft.Sql/locations/westeurope/databaseAzureAsyncOperation/469ed09e-205e-4df2-95f3-2f9a429aff62?api-version=2017-10-01-preview
  response:
    body:
      string: '{"name":"469ed09e-205e-4df2-95f3-2f9a429aff62","status":"InProgress","startTime":"2020-03-05T21:08:39.95Z"}'
    headers:
      cache-control:
      - no-cache
      content-length:
      - '107'
      content-type:
      - application/json; charset=utf-8
      date:
      - Thu, 05 Mar 2020 21:17:42 GMT
      expires:
      - '-1'
      pragma:
      - no-cache
      server:
      - Microsoft-HTTPAPI/2.0
      strict-transport-security:
      - max-age=31536000; includeSubDomains
      transfer-encoding:
      - chunked
      vary:
      - Accept-Encoding
      x-content-type-options:
      - nosniff
    status:
      code: 200
      message: OK
- request:
    body: null
    headers:
      Accept:
      - application/json
      Accept-Encoding:
      - gzip, deflate
      CommandName:
      - sql db restore
      Connection:
      - keep-alive
      ParameterSetName:
      - -g -s -n -t --deleted-time --dest-name
      User-Agent:
      - python/3.5.3 (Windows-2012ServerR2-6.3.9600-SP0) msrest/0.6.11 msrest_azure/0.6.2
        azure-mgmt-sql/0.17.0 Azure-SDK-For-Python AZURECLI/2.1.0
    method: GET
    uri: https://management.azure.com/subscriptions/00000000-0000-0000-0000-000000000000/resourceGroups/clitest.rg000001/providers/Microsoft.Sql/locations/westeurope/databaseAzureAsyncOperation/469ed09e-205e-4df2-95f3-2f9a429aff62?api-version=2017-10-01-preview
  response:
    body:
      string: '{"name":"469ed09e-205e-4df2-95f3-2f9a429aff62","status":"Succeeded","startTime":"2020-03-05T21:08:39.95Z"}'
    headers:
      cache-control:
      - no-cache
      content-length:
      - '106'
      content-type:
      - application/json; charset=utf-8
      date:
      - Thu, 05 Mar 2020 21:17:57 GMT
      expires:
      - '-1'
      pragma:
      - no-cache
      server:
      - Microsoft-HTTPAPI/2.0
      strict-transport-security:
      - max-age=31536000; includeSubDomains
      transfer-encoding:
      - chunked
      vary:
      - Accept-Encoding
      x-content-type-options:
      - nosniff
    status:
      code: 200
      message: OK
- request:
    body: null
    headers:
      Accept:
      - application/json
      Accept-Encoding:
      - gzip, deflate
      CommandName:
      - sql db restore
      Connection:
      - keep-alive
      ParameterSetName:
      - -g -s -n -t --deleted-time --dest-name
      User-Agent:
      - python/3.5.3 (Windows-2012ServerR2-6.3.9600-SP0) msrest/0.6.11 msrest_azure/0.6.2
        azure-mgmt-sql/0.17.0 Azure-SDK-For-Python AZURECLI/2.1.0
    method: GET
    uri: https://management.azure.com/subscriptions/00000000-0000-0000-0000-000000000000/resourceGroups/clitest.rg000001/providers/Microsoft.Sql/servers/clitestserver000002/databases/cliautomationdb01restore2?api-version=2017-10-01-preview
  response:
    body:
      string: '{"sku":{"name":"GP_Gen5","tier":"GeneralPurpose","family":"Gen5","capacity":2},"kind":"v12.0,user,vcore","properties":{"collation":"SQL_Latin1_General_CP1_CI_AS","maxSizeBytes":34359738368,"status":"Online","databaseId":"097d0ba1-fc48-4479-b4cd-c34b91cecd29","creationDate":"2020-03-05T21:17:18.72Z","currentServiceObjectiveName":"GP_Gen5_2","requestedServiceObjectiveName":"GP_Gen5_2","defaultSecondaryLocation":"northeurope","catalogCollation":"SQL_Latin1_General_CP1_CI_AS","zoneRedundant":false,"licenseType":"LicenseIncluded","maxLogSizeBytes":10307502080,"earliestRestoreDate":"2020-03-05T21:47:18.72Z","readScale":"Disabled","readReplicaCount":0,"currentSku":{"name":"GP_Gen5","tier":"GeneralPurpose","family":"Gen5","capacity":2}},"location":"westeurope","id":"/subscriptions/00000000-0000-0000-0000-000000000000/resourceGroups/clitest.rg000001/providers/Microsoft.Sql/servers/clitestserver000002/databases/cliautomationdb01restore2","name":"cliautomationdb01restore2","type":"Microsoft.Sql/servers/databases"}'
    headers:
      cache-control:
      - no-cache
      content-length:
      - '1120'
      content-type:
      - application/json; charset=utf-8
      date:
      - Thu, 05 Mar 2020 21:17:57 GMT
      expires:
      - '-1'
      pragma:
      - no-cache
      server:
      - Microsoft-HTTPAPI/2.0
      strict-transport-security:
      - max-age=31536000; includeSubDomains
      transfer-encoding:
      - chunked
      vary:
      - Accept-Encoding
      x-content-type-options:
      - nosniff
    status:
      code: 200
      message: OK
version: 1
