interactions:
- request:
    body: '{"properties": {"retentionDays": 7, "diffBackupIntervalInHours": 24}}'
    headers:
      Accept:
      - application/json
      Accept-Encoding:
      - gzip, deflate
      CommandName:
      - sql db str-policy set
      Connection:
      - keep-alive
      Content-Length:
      - '69'
      Content-Type:
      - application/json; charset=utf-8
      ParameterSetName:
      - -g -s -n --retention-days --diffbackup-hours
      User-Agent:
      - python/3.8.3 (Windows-10-10.0.19041-SP0) msrest/0.6.21 msrest_azure/0.6.4
        azure-mgmt-sql/0.29.0 Azure-SDK-For-Python AZURECLI/2.25.0
      accept-language:
      - en-US
    method: PUT
    uri: https://management.azure.com/subscriptions/00000000-0000-0000-0000-000000000000/resourceGroups/WestUS2ResourceGroup/providers/Microsoft.Sql/servers/lillian-westus2-server/databases/ps5691/backupShortTermRetentionPolicies/default?api-version=2021-02-01-preview
  response:
    body:
      string: '{"operation":"UpdateLogicalDatabase","startTime":"2021-06-25T00:08:58.957Z"}'
    headers:
      azure-asyncoperation:
      - https://management.azure.com/subscriptions/00000000-0000-0000-0000-000000000000/resourceGroups/WestUS2ResourceGroup/providers/Microsoft.Sql/locations/westus2/shortTermRetentionPolicyAzureAsyncOperation/f0b360e4-3971-4539-92b8-d4ad10916b02?api-version=2021-02-01-preview
      cache-control:
      - no-cache
      content-length:
      - '76'
      content-type:
      - application/json; charset=utf-8
      date:
      - Fri, 25 Jun 2021 00:08:58 GMT
      expires:
      - '-1'
      location:
      - https://management.azure.com/subscriptions/00000000-0000-0000-0000-000000000000/resourceGroups/WestUS2ResourceGroup/providers/Microsoft.Sql/locations/westus2/shortTermRetentionPolicyOperationResults/f0b360e4-3971-4539-92b8-d4ad10916b02?api-version=2021-02-01-preview
      pragma:
      - no-cache
      server:
      - Microsoft-HTTPAPI/2.0
      strict-transport-security:
      - max-age=31536000; includeSubDomains
      x-content-type-options:
      - nosniff
      x-ms-ratelimit-remaining-subscription-writes:
      - '1199'
    status:
      code: 202
      message: Accepted
- request:
    body: null
    headers:
      Accept:
      - application/json
      Accept-Encoding:
      - gzip, deflate
      CommandName:
      - sql db str-policy set
      Connection:
      - keep-alive
      ParameterSetName:
      - -g -s -n --retention-days --diffbackup-hours
      User-Agent:
      - python/3.8.3 (Windows-10-10.0.19041-SP0) msrest/0.6.21 msrest_azure/0.6.4
        azure-mgmt-sql/0.29.0 Azure-SDK-For-Python AZURECLI/2.25.0
    method: GET
    uri: https://management.azure.com/subscriptions/00000000-0000-0000-0000-000000000000/resourceGroups/WestUS2ResourceGroup/providers/Microsoft.Sql/locations/westus2/shortTermRetentionPolicyAzureAsyncOperation/f0b360e4-3971-4539-92b8-d4ad10916b02?api-version=2021-02-01-preview
  response:
    body:
      string: '{"name":"f0b360e4-3971-4539-92b8-d4ad10916b02","status":"Succeeded","startTime":"2021-06-25T00:08:58.957Z"}'
    headers:
      cache-control:
      - no-cache
      content-length:
      - '107'
      content-type:
      - application/json; charset=utf-8
      date:
      - Fri, 25 Jun 2021 00:09:14 GMT
      expires:
      - '-1'
      pragma:
      - no-cache
      server:
      - Microsoft-HTTPAPI/2.0
      strict-transport-security:
      - max-age=31536000; includeSubDomains
      transfer-encoding:
      - chunked
      vary:
      - Accept-Encoding
      x-content-type-options:
      - nosniff
    status:
      code: 200
      message: OK
- request:
    body: null
    headers:
      Accept:
      - application/json
      Accept-Encoding:
      - gzip, deflate
      CommandName:
      - sql db str-policy set
      Connection:
      - keep-alive
      ParameterSetName:
      - -g -s -n --retention-days --diffbackup-hours
      User-Agent:
      - python/3.8.3 (Windows-10-10.0.19041-SP0) msrest/0.6.21 msrest_azure/0.6.4
        azure-mgmt-sql/0.29.0 Azure-SDK-For-Python AZURECLI/2.25.0
    method: GET
    uri: https://management.azure.com/subscriptions/00000000-0000-0000-0000-000000000000/resourceGroups/WestUS2ResourceGroup/providers/Microsoft.Sql/servers/lillian-westus2-server/databases/ps5691/backupShortTermRetentionPolicies/default?api-version=2021-02-01-preview
  response:
    body:
      string: '{"properties":{"retentionDays":7,"diffBackupIntervalInHours":24},"id":"/subscriptions/00000000-0000-0000-0000-000000000000/resourceGroups/WestUS2ResourceGroup/providers/Microsoft.Sql/servers/lillian-westus2-server/databases/ps5691/backupShortTermRetentionPolicies/default","name":"default","type":"Microsoft.Sql/servers/databases/backupShortTermRetentionPolicies"}'
    headers:
      cache-control:
      - no-cache
      content-length:
      - '364'
      content-type:
      - application/json; charset=utf-8
      date:
      - Fri, 25 Jun 2021 00:09:14 GMT
      expires:
      - '-1'
      pragma:
      - no-cache
      server:
      - Microsoft-HTTPAPI/2.0
      strict-transport-security:
      - max-age=31536000; includeSubDomains
      transfer-encoding:
      - chunked
      vary:
      - Accept-Encoding
      x-content-type-options:
      - nosniff
    status:
      code: 200
      message: OK
- request:
    body: null
    headers:
      Accept:
      - application/json
      Accept-Encoding:
      - gzip, deflate
      CommandName:
      - sql db str-policy show
      Connection:
      - keep-alive
      ParameterSetName:
      - -g -s -n
      User-Agent:
      - python/3.8.3 (Windows-10-10.0.19041-SP0) msrest/0.6.21 msrest_azure/0.6.4
        azure-mgmt-sql/0.29.0 Azure-SDK-For-Python AZURECLI/2.25.0
      accept-language:
      - en-US
    method: GET
    uri: https://management.azure.com/subscriptions/00000000-0000-0000-0000-000000000000/resourceGroups/WestUS2ResourceGroup/providers/Microsoft.Sql/servers/lillian-westus2-server/databases/ps5691/backupShortTermRetentionPolicies/default?api-version=2021-02-01-preview
  response:
    body:
      string: '{"properties":{"retentionDays":7,"diffBackupIntervalInHours":24},"id":"/subscriptions/00000000-0000-0000-0000-000000000000/resourceGroups/WestUS2ResourceGroup/providers/Microsoft.Sql/servers/lillian-westus2-server/databases/ps5691/backupShortTermRetentionPolicies/default","name":"default","type":"Microsoft.Sql/servers/databases/backupShortTermRetentionPolicies"}'
    headers:
      cache-control:
      - no-cache
      content-length:
      - '364'
      content-type:
      - application/json; charset=utf-8
      date:
      - Fri, 25 Jun 2021 00:09:15 GMT
      expires:
      - '-1'
      pragma:
      - no-cache
      server:
      - Microsoft-HTTPAPI/2.0
      strict-transport-security:
      - max-age=31536000; includeSubDomains
      transfer-encoding:
      - chunked
      vary:
      - Accept-Encoding
      x-content-type-options:
      - nosniff
    status:
      code: 200
      message: OK
- request:
    body: '{"properties": {"retentionDays": 6, "diffBackupIntervalInHours": 12}}'
    headers:
      Accept:
      - application/json
      Accept-Encoding:
      - gzip, deflate
      CommandName:
      - sql db str-policy set
      Connection:
      - keep-alive
      Content-Length:
      - '69'
      Content-Type:
      - application/json; charset=utf-8
      ParameterSetName:
      - -g -s -n --retention-days --diffbackup-hours
      User-Agent:
      - python/3.8.3 (Windows-10-10.0.19041-SP0) msrest/0.6.21 msrest_azure/0.6.4
        azure-mgmt-sql/0.29.0 Azure-SDK-For-Python AZURECLI/2.25.0
      accept-language:
      - en-US
    method: PUT
    uri: https://management.azure.com/subscriptions/00000000-0000-0000-0000-000000000000/resourceGroups/WestUS2ResourceGroup/providers/Microsoft.Sql/servers/lillian-westus2-server/databases/ps5691/backupShortTermRetentionPolicies/default?api-version=2021-02-01-preview
  response:
    body:
      string: '{"operation":"UpdateLogicalDatabase","startTime":"2021-06-25T00:09:15.77Z"}'
    headers:
      azure-asyncoperation:
      - https://management.azure.com/subscriptions/00000000-0000-0000-0000-000000000000/resourceGroups/WestUS2ResourceGroup/providers/Microsoft.Sql/locations/westus2/shortTermRetentionPolicyAzureAsyncOperation/819d1373-5d97-479d-a674-de8740edd31d?api-version=2021-02-01-preview
      cache-control:
      - no-cache
      content-length:
      - '75'
      content-type:
      - application/json; charset=utf-8
      date:
      - Fri, 25 Jun 2021 00:09:14 GMT
      expires:
      - '-1'
      location:
      - https://management.azure.com/subscriptions/00000000-0000-0000-0000-000000000000/resourceGroups/WestUS2ResourceGroup/providers/Microsoft.Sql/locations/westus2/shortTermRetentionPolicyOperationResults/819d1373-5d97-479d-a674-de8740edd31d?api-version=2021-02-01-preview
      pragma:
      - no-cache
      server:
      - Microsoft-HTTPAPI/2.0
      strict-transport-security:
      - max-age=31536000; includeSubDomains
      x-content-type-options:
      - nosniff
      x-ms-ratelimit-remaining-subscription-writes:
      - '1199'
    status:
      code: 202
      message: Accepted
- request:
    body: null
    headers:
      Accept:
      - application/json
      Accept-Encoding:
      - gzip, deflate
      CommandName:
      - sql db str-policy set
      Connection:
      - keep-alive
      ParameterSetName:
      - -g -s -n --retention-days --diffbackup-hours
      User-Agent:
      - python/3.8.3 (Windows-10-10.0.19041-SP0) msrest/0.6.21 msrest_azure/0.6.4
        azure-mgmt-sql/0.29.0 Azure-SDK-For-Python AZURECLI/2.25.0
    method: GET
    uri: https://management.azure.com/subscriptions/00000000-0000-0000-0000-000000000000/resourceGroups/WestUS2ResourceGroup/providers/Microsoft.Sql/locations/westus2/shortTermRetentionPolicyAzureAsyncOperation/819d1373-5d97-479d-a674-de8740edd31d?api-version=2021-02-01-preview
  response:
    body:
      string: '{"name":"819d1373-5d97-479d-a674-de8740edd31d","status":"Succeeded","startTime":"2021-06-25T00:09:15.77Z"}'
    headers:
      cache-control:
      - no-cache
      content-length:
      - '106'
      content-type:
      - application/json; charset=utf-8
      date:
      - Fri, 25 Jun 2021 00:09:31 GMT
      expires:
      - '-1'
      pragma:
      - no-cache
      server:
      - Microsoft-HTTPAPI/2.0
      strict-transport-security:
      - max-age=31536000; includeSubDomains
      transfer-encoding:
      - chunked
      vary:
      - Accept-Encoding
      x-content-type-options:
      - nosniff
    status:
      code: 200
      message: OK
- request:
    body: null
    headers:
      Accept:
      - application/json
      Accept-Encoding:
      - gzip, deflate
      CommandName:
      - sql db str-policy set
      Connection:
      - keep-alive
      ParameterSetName:
      - -g -s -n --retention-days --diffbackup-hours
      User-Agent:
      - python/3.8.3 (Windows-10-10.0.19041-SP0) msrest/0.6.21 msrest_azure/0.6.4
        azure-mgmt-sql/0.29.0 Azure-SDK-For-Python AZURECLI/2.25.0
    method: GET
    uri: https://management.azure.com/subscriptions/00000000-0000-0000-0000-000000000000/resourceGroups/WestUS2ResourceGroup/providers/Microsoft.Sql/servers/lillian-westus2-server/databases/ps5691/backupShortTermRetentionPolicies/default?api-version=2021-02-01-preview
  response:
    body:
      string: '{"properties":{"retentionDays":6,"diffBackupIntervalInHours":12},"id":"/subscriptions/00000000-0000-0000-0000-000000000000/resourceGroups/WestUS2ResourceGroup/providers/Microsoft.Sql/servers/lillian-westus2-server/databases/ps5691/backupShortTermRetentionPolicies/default","name":"default","type":"Microsoft.Sql/servers/databases/backupShortTermRetentionPolicies"}'
    headers:
      cache-control:
      - no-cache
      content-length:
      - '364'
      content-type:
      - application/json; charset=utf-8
      date:
      - Fri, 25 Jun 2021 00:09:31 GMT
      expires:
      - '-1'
      pragma:
      - no-cache
      server:
      - Microsoft-HTTPAPI/2.0
      strict-transport-security:
      - max-age=31536000; includeSubDomains
      transfer-encoding:
      - chunked
      vary:
      - Accept-Encoding
      x-content-type-options:
      - nosniff
    status:
      code: 200
      message: OK
version: 1
