interactions:
- request:
    body: '{"properties": {"weeklyRetention": "P1W", "monthlyRetention": "P1M", "yearlyRetention":
      "P2M", "weekOfYear": 12}}'
    headers:
      Accept:
      - application/json
      Accept-Encoding:
      - gzip, deflate
      CommandName:
      - sql db ltr-policy set
      Connection:
      - keep-alive
      Content-Length:
      - '113'
      Content-Type:
      - application/json
      ParameterSetName:
      - -g -s -n --weekly-retention --monthly-retention --yearly-retention --week-of-year
      User-Agent:
      - AZURECLI/2.25.0 azsdk-python-mgmt-sql/3.0.0 Python/3.7.8 (Windows-10-10.0.14393-SP0)
    method: PUT
    uri: https://management.azure.com/subscriptions/00000000-0000-0000-0000-000000000000/resourceGroups/ayang/providers/Microsoft.Sql/servers/ayang-seas/databases/db1/backupLongTermRetentionPolicies/default?api-version=2020-11-01-preview
  response:
    body:
      string: '{"operation":"UpsertDatabaseBackupArchivalPolicyV2","startTime":"2021-07-07T00:04:41.367Z"}'
    headers:
      azure-asyncoperation:
      - https://management.azure.com/subscriptions/00000000-0000-0000-0000-000000000000/resourceGroups/ayang/providers/Microsoft.Sql/locations/southeastasia/longTermRetentionPolicyAzureAsyncOperation/576e4554-5db8-4f00-a731-5d02644c704d?api-version=2020-11-01-preview
      cache-control:
      - no-cache
      content-length:
      - '91'
      content-type:
      - application/json; charset=utf-8
      date:
      - Wed, 07 Jul 2021 00:04:40 GMT
      expires:
      - '-1'
      location:
      - https://management.azure.com/subscriptions/00000000-0000-0000-0000-000000000000/resourceGroups/ayang/providers/Microsoft.Sql/locations/southeastasia/longTermRetentionPolicyOperationResults/576e4554-5db8-4f00-a731-5d02644c704d?api-version=2020-11-01-preview
      pragma:
      - no-cache
      server:
      - Microsoft-HTTPAPI/2.0
      strict-transport-security:
      - max-age=31536000; includeSubDomains
      x-content-type-options:
      - nosniff
      x-ms-ratelimit-remaining-subscription-writes:
      - '1199'
    status:
      code: 202
      message: Accepted
- request:
    body: null
    headers:
      Accept:
      - '*/*'
      Accept-Encoding:
      - gzip, deflate
      CommandName:
      - sql db ltr-policy set
      Connection:
      - keep-alive
      ParameterSetName:
      - -g -s -n --weekly-retention --monthly-retention --yearly-retention --week-of-year
      User-Agent:
      - AZURECLI/2.25.0 azsdk-python-mgmt-sql/3.0.0 Python/3.7.8 (Windows-10-10.0.14393-SP0)
    method: GET
    uri: https://management.azure.com/subscriptions/00000000-0000-0000-0000-000000000000/resourceGroups/ayang/providers/Microsoft.Sql/locations/southeastasia/longTermRetentionPolicyAzureAsyncOperation/576e4554-5db8-4f00-a731-5d02644c704d?api-version=2020-11-01-preview
  response:
    body:
      string: '{"name":"576e4554-5db8-4f00-a731-5d02644c704d","status":"Succeeded","startTime":"2021-07-07T00:04:41.367Z"}'
    headers:
      cache-control:
      - no-cache
      content-length:
      - '107'
      content-type:
      - application/json; charset=utf-8
      date:
      - Wed, 07 Jul 2021 00:04:56 GMT
      expires:
      - '-1'
      pragma:
      - no-cache
      server:
      - Microsoft-HTTPAPI/2.0
      strict-transport-security:
      - max-age=31536000; includeSubDomains
      transfer-encoding:
      - chunked
      vary:
      - Accept-Encoding
      x-content-type-options:
      - nosniff
    status:
      code: 200
      message: OK
- request:
    body: null
    headers:
      Accept:
      - '*/*'
      Accept-Encoding:
      - gzip, deflate
      CommandName:
      - sql db ltr-policy set
      Connection:
      - keep-alive
      ParameterSetName:
      - -g -s -n --weekly-retention --monthly-retention --yearly-retention --week-of-year
      User-Agent:
      - AZURECLI/2.25.0 azsdk-python-mgmt-sql/3.0.0 Python/3.7.8 (Windows-10-10.0.14393-SP0)
    method: GET
    uri: https://management.azure.com/subscriptions/00000000-0000-0000-0000-000000000000/resourceGroups/ayang/providers/Microsoft.Sql/servers/ayang-seas/databases/db1/backupLongTermRetentionPolicies/default?api-version=2020-11-01-preview
  response:
    body:
      string: '{"properties":{"weeklyRetention":"P1W","monthlyRetention":"P1M","yearlyRetention":"P2M","weekOfYear":12},"id":"/subscriptions/00000000-0000-0000-0000-000000000000/resourceGroups/ayang/providers/Microsoft.Sql/servers/ayang-seas/databases/db1/backupLongTermRetentionPolicies/default","name":"default","type":"Microsoft.Sql/servers/databases/backupLongTermRetentionPolicies"}'
    headers:
      cache-control:
      - no-cache
      content-length:
      - '372'
      content-type:
      - application/json; charset=utf-8
      date:
      - Wed, 07 Jul 2021 00:04:57 GMT
      expires:
      - '-1'
      pragma:
      - no-cache
      server:
      - Microsoft-HTTPAPI/2.0
      strict-transport-security:
      - max-age=31536000; includeSubDomains
      transfer-encoding:
      - chunked
      vary:
      - Accept-Encoding
      x-content-type-options:
      - nosniff
    status:
      code: 200
      message: OK
- request:
    body: null
    headers:
      Accept:
      - application/json
      Accept-Encoding:
      - gzip, deflate
      CommandName:
      - sql db ltr-policy show
      Connection:
      - keep-alive
      ParameterSetName:
      - -g -s -n
      User-Agent:
      - AZURECLI/2.25.0 azsdk-python-mgmt-sql/3.0.0 Python/3.7.8 (Windows-10-10.0.14393-SP0)
    method: GET
    uri: https://management.azure.com/subscriptions/00000000-0000-0000-0000-000000000000/resourceGroups/ayang/providers/Microsoft.Sql/servers/ayang-seas/databases/db1/backupLongTermRetentionPolicies/default?api-version=2020-11-01-preview
  response:
    body:
      string: '{"properties":{"weeklyRetention":"P1W","monthlyRetention":"P1M","yearlyRetention":"P2M","weekOfYear":12},"id":"/subscriptions/00000000-0000-0000-0000-000000000000/resourceGroups/ayang/providers/Microsoft.Sql/servers/ayang-seas/databases/db1/backupLongTermRetentionPolicies/default","name":"default","type":"Microsoft.Sql/servers/databases/backupLongTermRetentionPolicies"}'
    headers:
      cache-control:
      - no-cache
      content-length:
      - '372'
      content-type:
      - application/json; charset=utf-8
      date:
      - Wed, 07 Jul 2021 00:04:57 GMT
      expires:
      - '-1'
      pragma:
      - no-cache
      server:
      - Microsoft-HTTPAPI/2.0
      strict-transport-security:
      - max-age=31536000; includeSubDomains
      transfer-encoding:
      - chunked
      vary:
      - Accept-Encoding
      x-content-type-options:
      - nosniff
    status:
      code: 200
      message: OK
- request:
    body: null
    headers:
      Accept:
      - application/json
      Accept-Encoding:
      - gzip, deflate
      CommandName:
      - sql db ltr-backup list
      Connection:
      - keep-alive
      ParameterSetName:
      - -l -g
      User-Agent:
      - AZURECLI/2.25.0 azsdk-python-mgmt-sql/3.0.0 Python/3.7.8 (Windows-10-10.0.14393-SP0)
    method: GET
    uri: https://management.azure.com/subscriptions/00000000-0000-0000-0000-000000000000/resourceGroups/ayang/providers/Microsoft.Sql/locations/southeastasia/longTermRetentionBackups?api-version=2020-11-01-preview
  response:
    body:
      string: '{"value":[{"properties":{"serverName":"ayang-seas","serverCreateTime":"2020-05-06T20:13:36.513Z","databaseName":"db1","backupTime":"2021-06-10T23:01:46Z","backupExpirationTime":"2021-07-08T23:01:46Z","backupStorageRedundancy":"Local"},"id":"/subscriptions/00000000-0000-0000-0000-000000000000/resourceGroups/ayang/providers/Microsoft.Sql/locations/southeastasia/longTermRetentionServers/ayang-seas/longTermRetentionDatabases/db1/longTermRetentionBackups/07855ffb-2ac5-44ab-8f95-cacb76527ec7;132678397060000000","name":"07855ffb-2ac5-44ab-8f95-cacb76527ec7;132678397060000000","type":"Microsoft.Sql/locations/longTermRetentionServers/longTermRetentionDatabases/longTermRetentionBackups"},{"properties":{"serverName":"ayang-seas","serverCreateTime":"2020-05-06T20:13:36.513Z","databaseName":"db1","backupTime":"2021-06-17T23:00:39Z","backupExpirationTime":"2021-07-15T23:00:39Z","backupStorageRedundancy":"Local"},"id":"/subscriptions/00000000-0000-0000-0000-000000000000/resourceGroups/ayang/providers/Microsoft.Sql/locations/southeastasia/longTermRetentionServers/ayang-seas/longTermRetentionDatabases/db1/longTermRetentionBackups/07855ffb-2ac5-44ab-8f95-cacb76527ec7;132684444390000000","name":"07855ffb-2ac5-44ab-8f95-cacb76527ec7;132684444390000000","type":"Microsoft.Sql/locations/longTermRetentionServers/longTermRetentionDatabases/longTermRetentionBackups"},{"properties":{"serverName":"ayang-seas","serverCreateTime":"2020-05-06T20:13:36.513Z","databaseName":"db1","backupTime":"2021-06-24T23:07:23Z","backupExpirationTime":"2021-07-22T23:07:23Z","backupStorageRedundancy":"Local"},"id":"/subscriptions/00000000-0000-0000-0000-000000000000/resourceGroups/ayang/providers/Microsoft.Sql/locations/southeastasia/longTermRetentionServers/ayang-seas/longTermRetentionDatabases/db1/longTermRetentionBackups/07855ffb-2ac5-44ab-8f95-cacb76527ec7;132690496430000000","name":"07855ffb-2ac5-44ab-8f95-cacb76527ec7;132690496430000000","type":"Microsoft.Sql/locations/longTermRetentionServers/longTermRetentionDatabases/longTermRetentionBackups"},{"properties":{"serverName":"ayang-seas","serverCreateTime":"2020-05-06T20:13:36.513Z","databaseName":"db1","backupTime":"2021-07-01T23:09:28Z","backupExpirationTime":"2021-08-26T23:09:28Z","backupStorageRedundancy":"Local"},"id":"/subscriptions/00000000-0000-0000-0000-000000000000/resourceGroups/ayang/providers/Microsoft.Sql/locations/southeastasia/longTermRetentionServers/ayang-seas/longTermRetentionDatabases/db1/longTermRetentionBackups/07855ffb-2ac5-44ab-8f95-cacb76527ec7;132696545680000000","name":"07855ffb-2ac5-44ab-8f95-cacb76527ec7;132696545680000000","type":"Microsoft.Sql/locations/longTermRetentionServers/longTermRetentionDatabases/longTermRetentionBackups"}]}'
    headers:
      cache-control:
      - no-cache
      content-length:
      - '2719'
      content-type:
      - application/json; charset=utf-8
      date:
      - Wed, 07 Jul 2021 00:04:58 GMT
      expires:
      - '-1'
      pragma:
      - no-cache
      server:
      - Microsoft-HTTPAPI/2.0
      strict-transport-security:
      - max-age=31536000; includeSubDomains
      transfer-encoding:
      - chunked
      vary:
      - Accept-Encoding
      x-content-type-options:
      - nosniff
    status:
      code: 200
      message: OK
- request:
    body: null
    headers:
      Accept:
      - application/json
      Accept-Encoding:
      - gzip, deflate
      CommandName:
      - sql db ltr-backup list
      Connection:
      - keep-alive
      ParameterSetName:
      - -l
      User-Agent:
      - AZURECLI/2.25.0 azsdk-python-mgmt-sql/3.0.0 Python/3.7.8 (Windows-10-10.0.14393-SP0)
    method: GET
    uri: https://management.azure.com/subscriptions/00000000-0000-0000-0000-000000000000/providers/Microsoft.Sql/locations/southeastasia/longTermRetentionBackups?api-version=2020-11-01-preview
  response:
    body:
      string: '{"value":[{"properties":{"serverName":"ayang-seas","serverCreateTime":"2020-05-06T20:13:36.513Z","databaseName":"db1","backupTime":"2021-06-10T23:01:46Z","backupExpirationTime":"2021-07-08T23:01:46Z","backupStorageRedundancy":"Local"},"id":"/subscriptions/00000000-0000-0000-0000-000000000000/resourceGroups/ayang/providers/Microsoft.Sql/locations/southeastasia/longTermRetentionServers/ayang-seas/longTermRetentionDatabases/db1/longTermRetentionBackups/07855ffb-2ac5-44ab-8f95-cacb76527ec7;132678397060000000","name":"07855ffb-2ac5-44ab-8f95-cacb76527ec7;132678397060000000","type":"Microsoft.Sql/locations/longTermRetentionServers/longTermRetentionDatabases/longTermRetentionBackups"},{"properties":{"serverName":"ayang-seas","serverCreateTime":"2020-05-06T20:13:36.513Z","databaseName":"db1","backupTime":"2021-06-17T23:00:39Z","backupExpirationTime":"2021-07-15T23:00:39Z","backupStorageRedundancy":"Local"},"id":"/subscriptions/00000000-0000-0000-0000-000000000000/resourceGroups/ayang/providers/Microsoft.Sql/locations/southeastasia/longTermRetentionServers/ayang-seas/longTermRetentionDatabases/db1/longTermRetentionBackups/07855ffb-2ac5-44ab-8f95-cacb76527ec7;132684444390000000","name":"07855ffb-2ac5-44ab-8f95-cacb76527ec7;132684444390000000","type":"Microsoft.Sql/locations/longTermRetentionServers/longTermRetentionDatabases/longTermRetentionBackups"},{"properties":{"serverName":"ayang-seas","serverCreateTime":"2020-05-06T20:13:36.513Z","databaseName":"db1","backupTime":"2021-06-24T23:07:23Z","backupExpirationTime":"2021-07-22T23:07:23Z","backupStorageRedundancy":"Local"},"id":"/subscriptions/00000000-0000-0000-0000-000000000000/resourceGroups/ayang/providers/Microsoft.Sql/locations/southeastasia/longTermRetentionServers/ayang-seas/longTermRetentionDatabases/db1/longTermRetentionBackups/07855ffb-2ac5-44ab-8f95-cacb76527ec7;132690496430000000","name":"07855ffb-2ac5-44ab-8f95-cacb76527ec7;132690496430000000","type":"Microsoft.Sql/locations/longTermRetentionServers/longTermRetentionDatabases/longTermRetentionBackups"},{"properties":{"serverName":"ayang-seas","serverCreateTime":"2020-05-06T20:13:36.513Z","databaseName":"db1","backupTime":"2021-07-01T23:09:28Z","backupExpirationTime":"2021-08-26T23:09:28Z","backupStorageRedundancy":"Local"},"id":"/subscriptions/00000000-0000-0000-0000-000000000000/resourceGroups/ayang/providers/Microsoft.Sql/locations/southeastasia/longTermRetentionServers/ayang-seas/longTermRetentionDatabases/db1/longTermRetentionBackups/07855ffb-2ac5-44ab-8f95-cacb76527ec7;132696545680000000","name":"07855ffb-2ac5-44ab-8f95-cacb76527ec7;132696545680000000","type":"Microsoft.Sql/locations/longTermRetentionServers/longTermRetentionDatabases/longTermRetentionBackups"}]}'
    headers:
      cache-control:
      - no-cache
      content-length:
      - '2719'
      content-type:
      - application/json; charset=utf-8
      date:
      - Wed, 07 Jul 2021 00:04:59 GMT
      expires:
      - '-1'
      pragma:
      - no-cache
      server:
      - Microsoft-HTTPAPI/2.0
      strict-transport-security:
      - max-age=31536000; includeSubDomains
      transfer-encoding:
      - chunked
      vary:
      - Accept-Encoding
      x-content-type-options:
      - nosniff
    status:
      code: 200
      message: OK
- request:
    body: null
    headers:
      Accept:
      - application/json
      Accept-Encoding:
      - gzip, deflate
      CommandName:
      - sql db ltr-backup list
      Connection:
      - keep-alive
      ParameterSetName:
      - -l -s -g
      User-Agent:
      - AZURECLI/2.25.0 azsdk-python-mgmt-sql/3.0.0 Python/3.7.8 (Windows-10-10.0.14393-SP0)
    method: GET
    uri: https://management.azure.com/subscriptions/00000000-0000-0000-0000-000000000000/resourceGroups/ayang/providers/Microsoft.Sql/locations/southeastasia/longTermRetentionServers/ayang-seas/longTermRetentionBackups?api-version=2020-11-01-preview
  response:
    body:
      string: '{"value":[{"properties":{"serverName":"ayang-seas","serverCreateTime":"2020-05-06T20:13:36.513Z","databaseName":"db1","backupTime":"2021-06-10T23:01:46Z","backupExpirationTime":"2021-07-08T23:01:46Z","backupStorageRedundancy":"Local"},"id":"/subscriptions/00000000-0000-0000-0000-000000000000/resourceGroups/ayang/providers/Microsoft.Sql/locations/southeastasia/longTermRetentionServers/ayang-seas/longTermRetentionDatabases/db1/longTermRetentionBackups/07855ffb-2ac5-44ab-8f95-cacb76527ec7;132678397060000000","name":"07855ffb-2ac5-44ab-8f95-cacb76527ec7;132678397060000000","type":"Microsoft.Sql/locations/longTermRetentionServers/longTermRetentionDatabases/longTermRetentionBackups"},{"properties":{"serverName":"ayang-seas","serverCreateTime":"2020-05-06T20:13:36.513Z","databaseName":"db1","backupTime":"2021-06-17T23:00:39Z","backupExpirationTime":"2021-07-15T23:00:39Z","backupStorageRedundancy":"Local"},"id":"/subscriptions/00000000-0000-0000-0000-000000000000/resourceGroups/ayang/providers/Microsoft.Sql/locations/southeastasia/longTermRetentionServers/ayang-seas/longTermRetentionDatabases/db1/longTermRetentionBackups/07855ffb-2ac5-44ab-8f95-cacb76527ec7;132684444390000000","name":"07855ffb-2ac5-44ab-8f95-cacb76527ec7;132684444390000000","type":"Microsoft.Sql/locations/longTermRetentionServers/longTermRetentionDatabases/longTermRetentionBackups"},{"properties":{"serverName":"ayang-seas","serverCreateTime":"2020-05-06T20:13:36.513Z","databaseName":"db1","backupTime":"2021-06-24T23:07:23Z","backupExpirationTime":"2021-07-22T23:07:23Z","backupStorageRedundancy":"Local"},"id":"/subscriptions/00000000-0000-0000-0000-000000000000/resourceGroups/ayang/providers/Microsoft.Sql/locations/southeastasia/longTermRetentionServers/ayang-seas/longTermRetentionDatabases/db1/longTermRetentionBackups/07855ffb-2ac5-44ab-8f95-cacb76527ec7;132690496430000000","name":"07855ffb-2ac5-44ab-8f95-cacb76527ec7;132690496430000000","type":"Microsoft.Sql/locations/longTermRetentionServers/longTermRetentionDatabases/longTermRetentionBackups"},{"properties":{"serverName":"ayang-seas","serverCreateTime":"2020-05-06T20:13:36.513Z","databaseName":"db1","backupTime":"2021-07-01T23:09:28Z","backupExpirationTime":"2021-08-26T23:09:28Z","backupStorageRedundancy":"Local"},"id":"/subscriptions/00000000-0000-0000-0000-000000000000/resourceGroups/ayang/providers/Microsoft.Sql/locations/southeastasia/longTermRetentionServers/ayang-seas/longTermRetentionDatabases/db1/longTermRetentionBackups/07855ffb-2ac5-44ab-8f95-cacb76527ec7;132696545680000000","name":"07855ffb-2ac5-44ab-8f95-cacb76527ec7;132696545680000000","type":"Microsoft.Sql/locations/longTermRetentionServers/longTermRetentionDatabases/longTermRetentionBackups"}]}'
    headers:
      cache-control:
      - no-cache
      content-length:
      - '2719'
      content-type:
      - application/json; charset=utf-8
      date:
      - Wed, 07 Jul 2021 00:04:59 GMT
      expires:
      - '-1'
      pragma:
      - no-cache
      server:
      - Microsoft-HTTPAPI/2.0
      strict-transport-security:
      - max-age=31536000; includeSubDomains
      transfer-encoding:
      - chunked
      vary:
      - Accept-Encoding
      x-content-type-options:
      - nosniff
    status:
      code: 200
      message: OK
- request:
    body: null
    headers:
      Accept:
      - application/json
      Accept-Encoding:
      - gzip, deflate
      CommandName:
      - sql db ltr-backup list
      Connection:
      - keep-alive
      ParameterSetName:
      - -l -s
      User-Agent:
      - AZURECLI/2.25.0 azsdk-python-mgmt-sql/3.0.0 Python/3.7.8 (Windows-10-10.0.14393-SP0)
    method: GET
    uri: https://management.azure.com/subscriptions/00000000-0000-0000-0000-000000000000/providers/Microsoft.Sql/locations/southeastasia/longTermRetentionServers/ayang-seas/longTermRetentionBackups?api-version=2020-11-01-preview
  response:
    body:
      string: '{"value":[{"properties":{"serverName":"ayang-seas","serverCreateTime":"2020-05-06T20:13:36.513Z","databaseName":"db1","backupTime":"2021-06-10T23:01:46Z","backupExpirationTime":"2021-07-08T23:01:46Z","backupStorageRedundancy":"Local"},"id":"/subscriptions/00000000-0000-0000-0000-000000000000/resourceGroups/ayang/providers/Microsoft.Sql/locations/southeastasia/longTermRetentionServers/ayang-seas/longTermRetentionDatabases/db1/longTermRetentionBackups/07855ffb-2ac5-44ab-8f95-cacb76527ec7;132678397060000000","name":"07855ffb-2ac5-44ab-8f95-cacb76527ec7;132678397060000000","type":"Microsoft.Sql/locations/longTermRetentionServers/longTermRetentionDatabases/longTermRetentionBackups"},{"properties":{"serverName":"ayang-seas","serverCreateTime":"2020-05-06T20:13:36.513Z","databaseName":"db1","backupTime":"2021-06-17T23:00:39Z","backupExpirationTime":"2021-07-15T23:00:39Z","backupStorageRedundancy":"Local"},"id":"/subscriptions/00000000-0000-0000-0000-000000000000/resourceGroups/ayang/providers/Microsoft.Sql/locations/southeastasia/longTermRetentionServers/ayang-seas/longTermRetentionDatabases/db1/longTermRetentionBackups/07855ffb-2ac5-44ab-8f95-cacb76527ec7;132684444390000000","name":"07855ffb-2ac5-44ab-8f95-cacb76527ec7;132684444390000000","type":"Microsoft.Sql/locations/longTermRetentionServers/longTermRetentionDatabases/longTermRetentionBackups"},{"properties":{"serverName":"ayang-seas","serverCreateTime":"2020-05-06T20:13:36.513Z","databaseName":"db1","backupTime":"2021-06-24T23:07:23Z","backupExpirationTime":"2021-07-22T23:07:23Z","backupStorageRedundancy":"Local"},"id":"/subscriptions/00000000-0000-0000-0000-000000000000/resourceGroups/ayang/providers/Microsoft.Sql/locations/southeastasia/longTermRetentionServers/ayang-seas/longTermRetentionDatabases/db1/longTermRetentionBackups/07855ffb-2ac5-44ab-8f95-cacb76527ec7;132690496430000000","name":"07855ffb-2ac5-44ab-8f95-cacb76527ec7;132690496430000000","type":"Microsoft.Sql/locations/longTermRetentionServers/longTermRetentionDatabases/longTermRetentionBackups"},{"properties":{"serverName":"ayang-seas","serverCreateTime":"2020-05-06T20:13:36.513Z","databaseName":"db1","backupTime":"2021-07-01T23:09:28Z","backupExpirationTime":"2021-08-26T23:09:28Z","backupStorageRedundancy":"Local"},"id":"/subscriptions/00000000-0000-0000-0000-000000000000/resourceGroups/ayang/providers/Microsoft.Sql/locations/southeastasia/longTermRetentionServers/ayang-seas/longTermRetentionDatabases/db1/longTermRetentionBackups/07855ffb-2ac5-44ab-8f95-cacb76527ec7;132696545680000000","name":"07855ffb-2ac5-44ab-8f95-cacb76527ec7;132696545680000000","type":"Microsoft.Sql/locations/longTermRetentionServers/longTermRetentionDatabases/longTermRetentionBackups"}]}'
    headers:
      cache-control:
      - no-cache
      content-length:
      - '2719'
      content-type:
      - application/json; charset=utf-8
      date:
      - Wed, 07 Jul 2021 00:05:01 GMT
      expires:
      - '-1'
      pragma:
      - no-cache
      server:
      - Microsoft-HTTPAPI/2.0
      strict-transport-security:
      - max-age=31536000; includeSubDomains
      transfer-encoding:
      - chunked
      vary:
      - Accept-Encoding
      x-content-type-options:
      - nosniff
    status:
      code: 200
      message: OK
- request:
    body: null
    headers:
      Accept:
      - application/json
      Accept-Encoding:
      - gzip, deflate
      CommandName:
      - sql db ltr-backup list
      Connection:
      - keep-alive
      ParameterSetName:
      - -l -s -d -g
      User-Agent:
      - AZURECLI/2.25.0 azsdk-python-mgmt-sql/3.0.0 Python/3.7.8 (Windows-10-10.0.14393-SP0)
    method: GET
    uri: https://management.azure.com/subscriptions/00000000-0000-0000-0000-000000000000/resourceGroups/ayang/providers/Microsoft.Sql/locations/southeastasia/longTermRetentionServers/ayang-seas/longTermRetentionDatabases/db1/longTermRetentionBackups?api-version=2020-11-01-preview
  response:
    body:
      string: '{"value":[{"properties":{"serverName":"ayang-seas","serverCreateTime":"2020-05-06T20:13:36.513Z","databaseName":"db1","backupTime":"2021-06-10T23:01:46Z","backupExpirationTime":"2021-07-08T23:01:46Z","backupStorageRedundancy":"Local"},"id":"/subscriptions/00000000-0000-0000-0000-000000000000/resourceGroups/ayang/providers/Microsoft.Sql/locations/southeastasia/longTermRetentionServers/ayang-seas/longTermRetentionDatabases/db1/longTermRetentionBackups/07855ffb-2ac5-44ab-8f95-cacb76527ec7;132678397060000000","name":"07855ffb-2ac5-44ab-8f95-cacb76527ec7;132678397060000000","type":"Microsoft.Sql/locations/longTermRetentionServers/longTermRetentionDatabases/longTermRetentionBackups"},{"properties":{"serverName":"ayang-seas","serverCreateTime":"2020-05-06T20:13:36.513Z","databaseName":"db1","backupTime":"2021-06-17T23:00:39Z","backupExpirationTime":"2021-07-15T23:00:39Z","backupStorageRedundancy":"Local"},"id":"/subscriptions/00000000-0000-0000-0000-000000000000/resourceGroups/ayang/providers/Microsoft.Sql/locations/southeastasia/longTermRetentionServers/ayang-seas/longTermRetentionDatabases/db1/longTermRetentionBackups/07855ffb-2ac5-44ab-8f95-cacb76527ec7;132684444390000000","name":"07855ffb-2ac5-44ab-8f95-cacb76527ec7;132684444390000000","type":"Microsoft.Sql/locations/longTermRetentionServers/longTermRetentionDatabases/longTermRetentionBackups"},{"properties":{"serverName":"ayang-seas","serverCreateTime":"2020-05-06T20:13:36.513Z","databaseName":"db1","backupTime":"2021-06-24T23:07:23Z","backupExpirationTime":"2021-07-22T23:07:23Z","backupStorageRedundancy":"Local"},"id":"/subscriptions/00000000-0000-0000-0000-000000000000/resourceGroups/ayang/providers/Microsoft.Sql/locations/southeastasia/longTermRetentionServers/ayang-seas/longTermRetentionDatabases/db1/longTermRetentionBackups/07855ffb-2ac5-44ab-8f95-cacb76527ec7;132690496430000000","name":"07855ffb-2ac5-44ab-8f95-cacb76527ec7;132690496430000000","type":"Microsoft.Sql/locations/longTermRetentionServers/longTermRetentionDatabases/longTermRetentionBackups"},{"properties":{"serverName":"ayang-seas","serverCreateTime":"2020-05-06T20:13:36.513Z","databaseName":"db1","backupTime":"2021-07-01T23:09:28Z","backupExpirationTime":"2021-08-26T23:09:28Z","backupStorageRedundancy":"Local"},"id":"/subscriptions/00000000-0000-0000-0000-000000000000/resourceGroups/ayang/providers/Microsoft.Sql/locations/southeastasia/longTermRetentionServers/ayang-seas/longTermRetentionDatabases/db1/longTermRetentionBackups/07855ffb-2ac5-44ab-8f95-cacb76527ec7;132696545680000000","name":"07855ffb-2ac5-44ab-8f95-cacb76527ec7;132696545680000000","type":"Microsoft.Sql/locations/longTermRetentionServers/longTermRetentionDatabases/longTermRetentionBackups"}]}'
    headers:
      cache-control:
      - no-cache
      content-length:
      - '2719'
      content-type:
      - application/json; charset=utf-8
      date:
      - Wed, 07 Jul 2021 00:05:02 GMT
      expires:
      - '-1'
      pragma:
      - no-cache
      server:
      - Microsoft-HTTPAPI/2.0
      strict-transport-security:
      - max-age=31536000; includeSubDomains
      transfer-encoding:
      - chunked
      vary:
      - Accept-Encoding
      x-content-type-options:
      - nosniff
    status:
      code: 200
      message: OK
- request:
    body: null
    headers:
      Accept:
      - application/json
      Accept-Encoding:
      - gzip, deflate
      CommandName:
      - sql db ltr-backup list
      Connection:
      - keep-alive
      ParameterSetName:
      - -l -s -d
      User-Agent:
      - AZURECLI/2.25.0 azsdk-python-mgmt-sql/3.0.0 Python/3.7.8 (Windows-10-10.0.14393-SP0)
    method: GET
    uri: https://management.azure.com/subscriptions/00000000-0000-0000-0000-000000000000/providers/Microsoft.Sql/locations/southeastasia/longTermRetentionServers/ayang-seas/longTermRetentionDatabases/db1/longTermRetentionBackups?api-version=2020-11-01-preview
  response:
    body:
      string: '{"value":[{"properties":{"serverName":"ayang-seas","serverCreateTime":"2020-05-06T20:13:36.513Z","databaseName":"db1","backupTime":"2021-06-10T23:01:46Z","backupExpirationTime":"2021-07-08T23:01:46Z","backupStorageRedundancy":"Local"},"id":"/subscriptions/00000000-0000-0000-0000-000000000000/resourceGroups/ayang/providers/Microsoft.Sql/locations/southeastasia/longTermRetentionServers/ayang-seas/longTermRetentionDatabases/db1/longTermRetentionBackups/07855ffb-2ac5-44ab-8f95-cacb76527ec7;132678397060000000","name":"07855ffb-2ac5-44ab-8f95-cacb76527ec7;132678397060000000","type":"Microsoft.Sql/locations/longTermRetentionServers/longTermRetentionDatabases/longTermRetentionBackups"},{"properties":{"serverName":"ayang-seas","serverCreateTime":"2020-05-06T20:13:36.513Z","databaseName":"db1","backupTime":"2021-06-17T23:00:39Z","backupExpirationTime":"2021-07-15T23:00:39Z","backupStorageRedundancy":"Local"},"id":"/subscriptions/00000000-0000-0000-0000-000000000000/resourceGroups/ayang/providers/Microsoft.Sql/locations/southeastasia/longTermRetentionServers/ayang-seas/longTermRetentionDatabases/db1/longTermRetentionBackups/07855ffb-2ac5-44ab-8f95-cacb76527ec7;132684444390000000","name":"07855ffb-2ac5-44ab-8f95-cacb76527ec7;132684444390000000","type":"Microsoft.Sql/locations/longTermRetentionServers/longTermRetentionDatabases/longTermRetentionBackups"},{"properties":{"serverName":"ayang-seas","serverCreateTime":"2020-05-06T20:13:36.513Z","databaseName":"db1","backupTime":"2021-06-24T23:07:23Z","backupExpirationTime":"2021-07-22T23:07:23Z","backupStorageRedundancy":"Local"},"id":"/subscriptions/00000000-0000-0000-0000-000000000000/resourceGroups/ayang/providers/Microsoft.Sql/locations/southeastasia/longTermRetentionServers/ayang-seas/longTermRetentionDatabases/db1/longTermRetentionBackups/07855ffb-2ac5-44ab-8f95-cacb76527ec7;132690496430000000","name":"07855ffb-2ac5-44ab-8f95-cacb76527ec7;132690496430000000","type":"Microsoft.Sql/locations/longTermRetentionServers/longTermRetentionDatabases/longTermRetentionBackups"},{"properties":{"serverName":"ayang-seas","serverCreateTime":"2020-05-06T20:13:36.513Z","databaseName":"db1","backupTime":"2021-07-01T23:09:28Z","backupExpirationTime":"2021-08-26T23:09:28Z","backupStorageRedundancy":"Local"},"id":"/subscriptions/00000000-0000-0000-0000-000000000000/resourceGroups/ayang/providers/Microsoft.Sql/locations/southeastasia/longTermRetentionServers/ayang-seas/longTermRetentionDatabases/db1/longTermRetentionBackups/07855ffb-2ac5-44ab-8f95-cacb76527ec7;132696545680000000","name":"07855ffb-2ac5-44ab-8f95-cacb76527ec7;132696545680000000","type":"Microsoft.Sql/locations/longTermRetentionServers/longTermRetentionDatabases/longTermRetentionBackups"}]}'
    headers:
      cache-control:
      - no-cache
      content-length:
      - '2719'
      content-type:
      - application/json; charset=utf-8
      date:
      - Wed, 07 Jul 2021 00:05:03 GMT
      expires:
      - '-1'
      pragma:
      - no-cache
      server:
      - Microsoft-HTTPAPI/2.0
      strict-transport-security:
      - max-age=31536000; includeSubDomains
      transfer-encoding:
      - chunked
      vary:
      - Accept-Encoding
      x-content-type-options:
      - nosniff
    status:
      code: 200
      message: OK
- request:
    body: null
    headers:
      Accept:
      - application/json
      Accept-Encoding:
      - gzip, deflate
      CommandName:
      - sql db ltr-backup list
      Connection:
      - keep-alive
      ParameterSetName:
      - -l -s -d --latest
      User-Agent:
      - AZURECLI/2.25.0 azsdk-python-mgmt-sql/3.0.0 Python/3.7.8 (Windows-10-10.0.14393-SP0)
    method: GET
    uri: https://management.azure.com/subscriptions/00000000-0000-0000-0000-000000000000/providers/Microsoft.Sql/locations/southeastasia/longTermRetentionServers/ayang-seas/longTermRetentionDatabases/db1/longTermRetentionBackups?onlyLatestPerDatabase=true&api-version=2020-11-01-preview
  response:
    body:
      string: '{"value":[{"properties":{"serverName":"ayang-seas","serverCreateTime":"2020-05-06T20:13:36.513Z","databaseName":"db1","backupTime":"2021-07-01T23:09:28Z","backupExpirationTime":"2021-08-26T23:09:28Z","backupStorageRedundancy":"Local"},"id":"/subscriptions/00000000-0000-0000-0000-000000000000/resourceGroups/ayang/providers/Microsoft.Sql/locations/southeastasia/longTermRetentionServers/ayang-seas/longTermRetentionDatabases/db1/longTermRetentionBackups/07855ffb-2ac5-44ab-8f95-cacb76527ec7;132696545680000000","name":"07855ffb-2ac5-44ab-8f95-cacb76527ec7;132696545680000000","type":"Microsoft.Sql/locations/longTermRetentionServers/longTermRetentionDatabases/longTermRetentionBackups"}]}'
    headers:
      cache-control:
      - no-cache
      content-length:
      - '688'
      content-type:
      - application/json; charset=utf-8
      date:
      - Wed, 07 Jul 2021 00:05:05 GMT
      expires:
      - '-1'
      pragma:
      - no-cache
      server:
      - Microsoft-HTTPAPI/2.0
      strict-transport-security:
      - max-age=31536000; includeSubDomains
      transfer-encoding:
      - chunked
      vary:
      - Accept-Encoding
      x-content-type-options:
      - nosniff
    status:
      code: 200
      message: OK
- request:
    body: null
    headers:
      Accept:
      - application/json
      Accept-Encoding:
      - gzip, deflate
      CommandName:
      - sql db ltr-backup show
      Connection:
      - keep-alive
      ParameterSetName:
      - -l -s -d -n
      User-Agent:
      - AZURECLI/2.25.0 azsdk-python-mgmt-sql/3.0.0 Python/3.7.8 (Windows-10-10.0.14393-SP0)
    method: GET
    uri: https://management.azure.com/subscriptions/00000000-0000-0000-0000-000000000000/providers/Microsoft.Sql/locations/southeastasia/longTermRetentionServers/ayang-seas/longTermRetentionDatabases/db1/longTermRetentionBackups/07855ffb-2ac5-44ab-8f95-cacb76527ec7%3B132696545680000000?api-version=2020-11-01-preview
  response:
    body:
      string: '{"properties":{"serverName":"ayang-seas","serverCreateTime":"2020-05-06T20:13:36.513Z","databaseName":"db1","backupTime":"2021-07-01T23:09:28Z","backupExpirationTime":"2021-08-26T23:09:28Z","backupStorageRedundancy":"Local"},"id":"/subscriptions/00000000-0000-0000-0000-000000000000/resourceGroups/ayang/providers/Microsoft.Sql/locations/southeastasia/longTermRetentionServers/ayang-seas/longTermRetentionDatabases/db1/longTermRetentionBackups/07855ffb-2ac5-44ab-8f95-cacb76527ec7;132696545680000000","name":"07855ffb-2ac5-44ab-8f95-cacb76527ec7;132696545680000000","type":"Microsoft.Sql/locations/longTermRetentionServers/longTermRetentionDatabases/longTermRetentionBackups"}'
    headers:
      cache-control:
      - no-cache
      content-length:
      - '676'
      content-type:
      - application/json; charset=utf-8
      date:
      - Wed, 07 Jul 2021 00:05:06 GMT
      expires:
      - '-1'
      pragma:
      - no-cache
      server:
      - Microsoft-HTTPAPI/2.0
      strict-transport-security:
      - max-age=31536000; includeSubDomains
      transfer-encoding:
      - chunked
      vary:
      - Accept-Encoding
      x-content-type-options:
      - nosniff
    status:
      code: 200
      message: OK
- request:
    body: null
    headers:
      Accept:
      - application/json
      Accept-Encoding:
      - gzip, deflate
      CommandName:
      - sql db ltr-backup restore
      Connection:
      - keep-alive
      ParameterSetName:
      - --backup-id --dest-database --dest-server --dest-resource-group
      User-Agent:
      - AZURECLI/2.25.0 azsdk-python-mgmt-sql/3.0.0 Python/3.7.8 (Windows-10-10.0.14393-SP0)
    method: GET
    uri: https://management.azure.com/subscriptions/00000000-0000-0000-0000-000000000000/resourceGroups/ayang/providers/Microsoft.Sql/servers/ayang-seas?api-version=2021-02-01-preview
  response:
    body:
      string: '{"identity":{"principalId":"4e9baca4-8ba2-4ca4-9f9e-f9b30eb66b40","type":"SystemAssigned","tenantId":"a6a86891-b672-4183-b3b0-aa9406e1a24a"},"kind":"v12.0","properties":{"administratorLogin":"CloudSA","version":"12.0","state":"Ready","fullyQualifiedDomainName":"ayang-seas.database.windows.net","privateEndpointConnections":[],"publicNetworkAccess":"Enabled","restrictOutboundNetworkAccess":"Disabled"},"location":"southeastasia","tags":{},"id":"/subscriptions/00000000-0000-0000-0000-000000000000/resourceGroups/ayang/providers/Microsoft.Sql/servers/ayang-seas","name":"ayang-seas","type":"Microsoft.Sql/servers"}'
    headers:
      cache-control:
      - no-cache
      content-length:
      - '614'
      content-type:
      - application/json; charset=utf-8
      date:
      - Wed, 07 Jul 2021 00:05:07 GMT
      expires:
      - '-1'
      pragma:
      - no-cache
      server:
      - Microsoft-HTTPAPI/2.0
      strict-transport-security:
      - max-age=31536000; includeSubDomains
      transfer-encoding:
      - chunked
      vary:
      - Accept-Encoding
      x-content-type-options:
      - nosniff
    status:
      code: 200
      message: OK
- request:
    body: '{"location": "southeastasia", "properties": {"createMode": "RestoreLongTermRetentionBackup",
      "longTermRetentionBackupResourceId": "/subscriptions/00000000-0000-0000-0000-000000000000/resourceGroups/ayang/providers/Microsoft.Sql/locations/southeastasia/longTermRetentionServers/ayang-seas/longTermRetentionDatabases/db1/longTermRetentionBackups/07855ffb-2ac5-44ab-8f95-cacb76527ec7;132696545680000000"}}'
    headers:
      Accept:
      - application/json
      Accept-Encoding:
      - gzip, deflate
      CommandName:
      - sql db ltr-backup restore
      Connection:
      - keep-alive
      Content-Length:
      - '402'
      Content-Type:
      - application/json
      ParameterSetName:
      - --backup-id --dest-database --dest-server --dest-resource-group
      User-Agent:
      - AZURECLI/2.25.0 azsdk-python-mgmt-sql/3.0.0 Python/3.7.8 (Windows-10-10.0.14393-SP0)
    method: PUT
    uri: https://management.azure.com/subscriptions/00000000-0000-0000-0000-000000000000/resourceGroups/ayang/providers/Microsoft.Sql/servers/ayang-seas/databases/cli-restore-ltr?api-version=2021-02-01-preview
  response:
    body:
      string: '{"operation":"CreateRestoreFromLtrBackupRequest","startTime":"2021-07-07T00:05:09.76Z"}'
    headers:
      azure-asyncoperation:
      - https://management.azure.com/subscriptions/00000000-0000-0000-0000-000000000000/resourceGroups/ayang/providers/Microsoft.Sql/locations/southeastasia/databaseAzureAsyncOperation/8aaf2171-95d7-4435-9eb6-8820e1c0a179?api-version=2021-02-01-preview
      cache-control:
      - no-cache
      content-length:
      - '87'
      content-type:
      - application/json; charset=utf-8
      date:
      - Wed, 07 Jul 2021 00:05:09 GMT
      expires:
      - '-1'
      location:
      - https://management.azure.com/subscriptions/00000000-0000-0000-0000-000000000000/resourceGroups/ayang/providers/Microsoft.Sql/locations/southeastasia/databaseOperationResults/8aaf2171-95d7-4435-9eb6-8820e1c0a179?api-version=2021-02-01-preview
      pragma:
      - no-cache
      server:
      - Microsoft-HTTPAPI/2.0
      strict-transport-security:
      - max-age=31536000; includeSubDomains
      x-content-type-options:
      - nosniff
      x-ms-ratelimit-remaining-subscription-writes:
      - '1199'
    status:
      code: 202
      message: Accepted
- request:
    body: null
    headers:
      Accept:
      - '*/*'
      Accept-Encoding:
      - gzip, deflate
      CommandName:
      - sql db ltr-backup restore
      Connection:
      - keep-alive
      ParameterSetName:
      - --backup-id --dest-database --dest-server --dest-resource-group
      User-Agent:
      - AZURECLI/2.25.0 azsdk-python-mgmt-sql/3.0.0 Python/3.7.8 (Windows-10-10.0.14393-SP0)
    method: GET
    uri: https://management.azure.com/subscriptions/00000000-0000-0000-0000-000000000000/resourceGroups/ayang/providers/Microsoft.Sql/locations/southeastasia/databaseAzureAsyncOperation/8aaf2171-95d7-4435-9eb6-8820e1c0a179?api-version=2021-02-01-preview
  response:
    body:
      string: '{"name":"8aaf2171-95d7-4435-9eb6-8820e1c0a179","status":"InProgress","startTime":"2021-07-07T00:05:09.76Z"}'
    headers:
      cache-control:
      - no-cache
      content-length:
      - '107'
      content-type:
      - application/json; charset=utf-8
      date:
      - Wed, 07 Jul 2021 00:05:24 GMT
      expires:
      - '-1'
      pragma:
      - no-cache
      server:
      - Microsoft-HTTPAPI/2.0
      strict-transport-security:
      - max-age=31536000; includeSubDomains
      transfer-encoding:
      - chunked
      vary:
      - Accept-Encoding
      x-content-type-options:
      - nosniff
    status:
      code: 200
      message: OK
- request:
    body: null
    headers:
      Accept:
      - '*/*'
      Accept-Encoding:
      - gzip, deflate
      CommandName:
      - sql db ltr-backup restore
      Connection:
      - keep-alive
      ParameterSetName:
      - --backup-id --dest-database --dest-server --dest-resource-group
      User-Agent:
      - AZURECLI/2.25.0 azsdk-python-mgmt-sql/3.0.0 Python/3.7.8 (Windows-10-10.0.14393-SP0)
    method: GET
    uri: https://management.azure.com/subscriptions/00000000-0000-0000-0000-000000000000/resourceGroups/ayang/providers/Microsoft.Sql/locations/southeastasia/databaseAzureAsyncOperation/8aaf2171-95d7-4435-9eb6-8820e1c0a179?api-version=2021-02-01-preview
  response:
    body:
      string: '{"name":"8aaf2171-95d7-4435-9eb6-8820e1c0a179","status":"InProgress","startTime":"2021-07-07T00:05:09.76Z"}'
    headers:
      cache-control:
      - no-cache
      content-length:
      - '107'
      content-type:
      - application/json; charset=utf-8
      date:
      - Wed, 07 Jul 2021 00:05:39 GMT
      expires:
      - '-1'
      pragma:
      - no-cache
      server:
      - Microsoft-HTTPAPI/2.0
      strict-transport-security:
      - max-age=31536000; includeSubDomains
      transfer-encoding:
      - chunked
      vary:
      - Accept-Encoding
      x-content-type-options:
      - nosniff
    status:
      code: 200
      message: OK
- request:
    body: null
    headers:
      Accept:
      - '*/*'
      Accept-Encoding:
      - gzip, deflate
      CommandName:
      - sql db ltr-backup restore
      Connection:
      - keep-alive
      ParameterSetName:
      - --backup-id --dest-database --dest-server --dest-resource-group
      User-Agent:
      - AZURECLI/2.25.0 azsdk-python-mgmt-sql/3.0.0 Python/3.7.8 (Windows-10-10.0.14393-SP0)
    method: GET
    uri: https://management.azure.com/subscriptions/00000000-0000-0000-0000-000000000000/resourceGroups/ayang/providers/Microsoft.Sql/locations/southeastasia/databaseAzureAsyncOperation/8aaf2171-95d7-4435-9eb6-8820e1c0a179?api-version=2021-02-01-preview
  response:
    body:
      string: '{"name":"8aaf2171-95d7-4435-9eb6-8820e1c0a179","status":"InProgress","startTime":"2021-07-07T00:05:09.76Z"}'
    headers:
      cache-control:
      - no-cache
      content-length:
      - '107'
      content-type:
      - application/json; charset=utf-8
      date:
      - Wed, 07 Jul 2021 00:05:54 GMT
      expires:
      - '-1'
      pragma:
      - no-cache
      server:
      - Microsoft-HTTPAPI/2.0
      strict-transport-security:
      - max-age=31536000; includeSubDomains
      transfer-encoding:
      - chunked
      vary:
      - Accept-Encoding
      x-content-type-options:
      - nosniff
    status:
      code: 200
      message: OK
- request:
    body: null
    headers:
      Accept:
      - '*/*'
      Accept-Encoding:
      - gzip, deflate
      CommandName:
      - sql db ltr-backup restore
      Connection:
      - keep-alive
      ParameterSetName:
      - --backup-id --dest-database --dest-server --dest-resource-group
      User-Agent:
      - AZURECLI/2.25.0 azsdk-python-mgmt-sql/3.0.0 Python/3.7.8 (Windows-10-10.0.14393-SP0)
    method: GET
    uri: https://management.azure.com/subscriptions/00000000-0000-0000-0000-000000000000/resourceGroups/ayang/providers/Microsoft.Sql/locations/southeastasia/databaseAzureAsyncOperation/8aaf2171-95d7-4435-9eb6-8820e1c0a179?api-version=2021-02-01-preview
  response:
    body:
      string: '{"name":"8aaf2171-95d7-4435-9eb6-8820e1c0a179","status":"InProgress","startTime":"2021-07-07T00:05:09.76Z"}'
    headers:
      cache-control:
      - no-cache
      content-length:
      - '107'
      content-type:
      - application/json; charset=utf-8
      date:
      - Wed, 07 Jul 2021 00:06:11 GMT
      expires:
      - '-1'
      pragma:
      - no-cache
      server:
      - Microsoft-HTTPAPI/2.0
      strict-transport-security:
      - max-age=31536000; includeSubDomains
      transfer-encoding:
      - chunked
      vary:
      - Accept-Encoding
      x-content-type-options:
      - nosniff
    status:
      code: 200
      message: OK
- request:
    body: null
    headers:
      Accept:
      - '*/*'
      Accept-Encoding:
      - gzip, deflate
      CommandName:
      - sql db ltr-backup restore
      Connection:
      - keep-alive
      ParameterSetName:
      - --backup-id --dest-database --dest-server --dest-resource-group
      User-Agent:
      - AZURECLI/2.25.0 azsdk-python-mgmt-sql/3.0.0 Python/3.7.8 (Windows-10-10.0.14393-SP0)
    method: GET
    uri: https://management.azure.com/subscriptions/00000000-0000-0000-0000-000000000000/resourceGroups/ayang/providers/Microsoft.Sql/locations/southeastasia/databaseAzureAsyncOperation/8aaf2171-95d7-4435-9eb6-8820e1c0a179?api-version=2021-02-01-preview
  response:
    body:
      string: '{"name":"8aaf2171-95d7-4435-9eb6-8820e1c0a179","status":"InProgress","startTime":"2021-07-07T00:05:09.76Z"}'
    headers:
      cache-control:
      - no-cache
      content-length:
      - '107'
      content-type:
      - application/json; charset=utf-8
      date:
      - Wed, 07 Jul 2021 00:06:26 GMT
      expires:
      - '-1'
      pragma:
      - no-cache
      server:
      - Microsoft-HTTPAPI/2.0
      strict-transport-security:
      - max-age=31536000; includeSubDomains
      transfer-encoding:
      - chunked
      vary:
      - Accept-Encoding
      x-content-type-options:
      - nosniff
    status:
      code: 200
      message: OK
- request:
    body: null
    headers:
      Accept:
      - '*/*'
      Accept-Encoding:
      - gzip, deflate
      CommandName:
      - sql db ltr-backup restore
      Connection:
      - keep-alive
      ParameterSetName:
      - --backup-id --dest-database --dest-server --dest-resource-group
      User-Agent:
      - AZURECLI/2.25.0 azsdk-python-mgmt-sql/3.0.0 Python/3.7.8 (Windows-10-10.0.14393-SP0)
    method: GET
    uri: https://management.azure.com/subscriptions/00000000-0000-0000-0000-000000000000/resourceGroups/ayang/providers/Microsoft.Sql/locations/southeastasia/databaseAzureAsyncOperation/8aaf2171-95d7-4435-9eb6-8820e1c0a179?api-version=2021-02-01-preview
  response:
    body:
      string: '{"name":"8aaf2171-95d7-4435-9eb6-8820e1c0a179","status":"InProgress","startTime":"2021-07-07T00:05:09.76Z"}'
    headers:
      cache-control:
      - no-cache
      content-length:
      - '107'
      content-type:
      - application/json; charset=utf-8
      date:
      - Wed, 07 Jul 2021 00:06:41 GMT
      expires:
      - '-1'
      pragma:
      - no-cache
      server:
      - Microsoft-HTTPAPI/2.0
      strict-transport-security:
      - max-age=31536000; includeSubDomains
      transfer-encoding:
      - chunked
      vary:
      - Accept-Encoding
      x-content-type-options:
      - nosniff
    status:
      code: 200
      message: OK
- request:
    body: null
    headers:
      Accept:
      - '*/*'
      Accept-Encoding:
      - gzip, deflate
      CommandName:
      - sql db ltr-backup restore
      Connection:
      - keep-alive
      ParameterSetName:
      - --backup-id --dest-database --dest-server --dest-resource-group
      User-Agent:
      - AZURECLI/2.25.0 azsdk-python-mgmt-sql/3.0.0 Python/3.7.8 (Windows-10-10.0.14393-SP0)
    method: GET
    uri: https://management.azure.com/subscriptions/00000000-0000-0000-0000-000000000000/resourceGroups/ayang/providers/Microsoft.Sql/locations/southeastasia/databaseAzureAsyncOperation/8aaf2171-95d7-4435-9eb6-8820e1c0a179?api-version=2021-02-01-preview
  response:
    body:
      string: '{"name":"8aaf2171-95d7-4435-9eb6-8820e1c0a179","status":"InProgress","startTime":"2021-07-07T00:05:09.76Z"}'
    headers:
      cache-control:
      - no-cache
      content-length:
      - '107'
      content-type:
      - application/json; charset=utf-8
      date:
      - Wed, 07 Jul 2021 00:06:56 GMT
      expires:
      - '-1'
      pragma:
      - no-cache
      server:
      - Microsoft-HTTPAPI/2.0
      strict-transport-security:
      - max-age=31536000; includeSubDomains
      transfer-encoding:
      - chunked
      vary:
      - Accept-Encoding
      x-content-type-options:
      - nosniff
    status:
      code: 200
      message: OK
- request:
    body: null
    headers:
      Accept:
      - '*/*'
      Accept-Encoding:
      - gzip, deflate
      CommandName:
      - sql db ltr-backup restore
      Connection:
      - keep-alive
      ParameterSetName:
      - --backup-id --dest-database --dest-server --dest-resource-group
      User-Agent:
      - AZURECLI/2.25.0 azsdk-python-mgmt-sql/3.0.0 Python/3.7.8 (Windows-10-10.0.14393-SP0)
    method: GET
    uri: https://management.azure.com/subscriptions/00000000-0000-0000-0000-000000000000/resourceGroups/ayang/providers/Microsoft.Sql/locations/southeastasia/databaseAzureAsyncOperation/8aaf2171-95d7-4435-9eb6-8820e1c0a179?api-version=2021-02-01-preview
  response:
    body:
      string: '{"name":"8aaf2171-95d7-4435-9eb6-8820e1c0a179","status":"InProgress","startTime":"2021-07-07T00:05:09.76Z"}'
    headers:
      cache-control:
      - no-cache
      content-length:
      - '107'
      content-type:
      - application/json; charset=utf-8
      date:
      - Wed, 07 Jul 2021 00:07:11 GMT
      expires:
      - '-1'
      pragma:
      - no-cache
      server:
      - Microsoft-HTTPAPI/2.0
      strict-transport-security:
      - max-age=31536000; includeSubDomains
      transfer-encoding:
      - chunked
      vary:
      - Accept-Encoding
      x-content-type-options:
      - nosniff
    status:
      code: 200
      message: OK
- request:
    body: null
    headers:
      Accept:
      - '*/*'
      Accept-Encoding:
      - gzip, deflate
      CommandName:
      - sql db ltr-backup restore
      Connection:
      - keep-alive
      ParameterSetName:
      - --backup-id --dest-database --dest-server --dest-resource-group
      User-Agent:
      - AZURECLI/2.25.0 azsdk-python-mgmt-sql/3.0.0 Python/3.7.8 (Windows-10-10.0.14393-SP0)
    method: GET
    uri: https://management.azure.com/subscriptions/00000000-0000-0000-0000-000000000000/resourceGroups/ayang/providers/Microsoft.Sql/locations/southeastasia/databaseAzureAsyncOperation/8aaf2171-95d7-4435-9eb6-8820e1c0a179?api-version=2021-02-01-preview
  response:
    body:
      string: '{"name":"8aaf2171-95d7-4435-9eb6-8820e1c0a179","status":"InProgress","startTime":"2021-07-07T00:05:09.76Z"}'
    headers:
      cache-control:
      - no-cache
      content-length:
      - '107'
      content-type:
      - application/json; charset=utf-8
      date:
      - Wed, 07 Jul 2021 00:07:26 GMT
      expires:
      - '-1'
      pragma:
      - no-cache
      server:
      - Microsoft-HTTPAPI/2.0
      strict-transport-security:
      - max-age=31536000; includeSubDomains
      transfer-encoding:
      - chunked
      vary:
      - Accept-Encoding
      x-content-type-options:
      - nosniff
    status:
      code: 200
      message: OK
- request:
    body: null
    headers:
      Accept:
      - '*/*'
      Accept-Encoding:
      - gzip, deflate
      CommandName:
      - sql db ltr-backup restore
      Connection:
      - keep-alive
      ParameterSetName:
      - --backup-id --dest-database --dest-server --dest-resource-group
      User-Agent:
      - AZURECLI/2.25.0 azsdk-python-mgmt-sql/3.0.0 Python/3.7.8 (Windows-10-10.0.14393-SP0)
    method: GET
    uri: https://management.azure.com/subscriptions/00000000-0000-0000-0000-000000000000/resourceGroups/ayang/providers/Microsoft.Sql/locations/southeastasia/databaseAzureAsyncOperation/8aaf2171-95d7-4435-9eb6-8820e1c0a179?api-version=2021-02-01-preview
  response:
    body:
      string: '{"name":"8aaf2171-95d7-4435-9eb6-8820e1c0a179","status":"InProgress","startTime":"2021-07-07T00:05:09.76Z"}'
    headers:
      cache-control:
      - no-cache
      content-length:
      - '107'
      content-type:
      - application/json; charset=utf-8
      date:
      - Wed, 07 Jul 2021 00:07:41 GMT
      expires:
      - '-1'
      pragma:
      - no-cache
      server:
      - Microsoft-HTTPAPI/2.0
      strict-transport-security:
      - max-age=31536000; includeSubDomains
      transfer-encoding:
      - chunked
      vary:
      - Accept-Encoding
      x-content-type-options:
      - nosniff
    status:
      code: 200
      message: OK
- request:
    body: null
    headers:
      Accept:
      - '*/*'
      Accept-Encoding:
      - gzip, deflate
      CommandName:
      - sql db ltr-backup restore
      Connection:
      - keep-alive
      ParameterSetName:
      - --backup-id --dest-database --dest-server --dest-resource-group
      User-Agent:
      - AZURECLI/2.25.0 azsdk-python-mgmt-sql/3.0.0 Python/3.7.8 (Windows-10-10.0.14393-SP0)
    method: GET
    uri: https://management.azure.com/subscriptions/00000000-0000-0000-0000-000000000000/resourceGroups/ayang/providers/Microsoft.Sql/locations/southeastasia/databaseAzureAsyncOperation/8aaf2171-95d7-4435-9eb6-8820e1c0a179?api-version=2021-02-01-preview
  response:
    body:
      string: '{"name":"8aaf2171-95d7-4435-9eb6-8820e1c0a179","status":"InProgress","startTime":"2021-07-07T00:05:09.76Z"}'
    headers:
      cache-control:
      - no-cache
      content-length:
      - '107'
      content-type:
      - application/json; charset=utf-8
      date:
      - Wed, 07 Jul 2021 00:07:56 GMT
      expires:
      - '-1'
      pragma:
      - no-cache
      server:
      - Microsoft-HTTPAPI/2.0
      strict-transport-security:
      - max-age=31536000; includeSubDomains
      transfer-encoding:
      - chunked
      vary:
      - Accept-Encoding
      x-content-type-options:
      - nosniff
    status:
      code: 200
      message: OK
- request:
    body: null
    headers:
      Accept:
      - '*/*'
      Accept-Encoding:
      - gzip, deflate
      CommandName:
      - sql db ltr-backup restore
      Connection:
      - keep-alive
      ParameterSetName:
      - --backup-id --dest-database --dest-server --dest-resource-group
      User-Agent:
      - AZURECLI/2.25.0 azsdk-python-mgmt-sql/3.0.0 Python/3.7.8 (Windows-10-10.0.14393-SP0)
    method: GET
    uri: https://management.azure.com/subscriptions/00000000-0000-0000-0000-000000000000/resourceGroups/ayang/providers/Microsoft.Sql/locations/southeastasia/databaseAzureAsyncOperation/8aaf2171-95d7-4435-9eb6-8820e1c0a179?api-version=2021-02-01-preview
  response:
    body:
      string: '{"name":"8aaf2171-95d7-4435-9eb6-8820e1c0a179","status":"InProgress","startTime":"2021-07-07T00:05:09.76Z"}'
    headers:
      cache-control:
      - no-cache
      content-length:
      - '107'
      content-type:
      - application/json; charset=utf-8
      date:
      - Wed, 07 Jul 2021 00:08:12 GMT
      expires:
      - '-1'
      pragma:
      - no-cache
      server:
      - Microsoft-HTTPAPI/2.0
      strict-transport-security:
      - max-age=31536000; includeSubDomains
      transfer-encoding:
      - chunked
      vary:
      - Accept-Encoding
      x-content-type-options:
      - nosniff
    status:
      code: 200
      message: OK
- request:
    body: null
    headers:
      Accept:
      - '*/*'
      Accept-Encoding:
      - gzip, deflate
      CommandName:
      - sql db ltr-backup restore
      Connection:
      - keep-alive
      ParameterSetName:
      - --backup-id --dest-database --dest-server --dest-resource-group
      User-Agent:
      - AZURECLI/2.25.0 azsdk-python-mgmt-sql/3.0.0 Python/3.7.8 (Windows-10-10.0.14393-SP0)
    method: GET
    uri: https://management.azure.com/subscriptions/00000000-0000-0000-0000-000000000000/resourceGroups/ayang/providers/Microsoft.Sql/locations/southeastasia/databaseAzureAsyncOperation/8aaf2171-95d7-4435-9eb6-8820e1c0a179?api-version=2021-02-01-preview
  response:
    body:
      string: '{"name":"8aaf2171-95d7-4435-9eb6-8820e1c0a179","status":"InProgress","startTime":"2021-07-07T00:05:09.76Z"}'
    headers:
      cache-control:
      - no-cache
      content-length:
      - '107'
      content-type:
      - application/json; charset=utf-8
      date:
      - Wed, 07 Jul 2021 00:08:28 GMT
      expires:
      - '-1'
      pragma:
      - no-cache
      server:
      - Microsoft-HTTPAPI/2.0
      strict-transport-security:
      - max-age=31536000; includeSubDomains
      transfer-encoding:
      - chunked
      vary:
      - Accept-Encoding
      x-content-type-options:
      - nosniff
    status:
      code: 200
      message: OK
- request:
    body: null
    headers:
      Accept:
      - '*/*'
      Accept-Encoding:
      - gzip, deflate
      CommandName:
      - sql db ltr-backup restore
      Connection:
      - keep-alive
      ParameterSetName:
      - --backup-id --dest-database --dest-server --dest-resource-group
      User-Agent:
      - AZURECLI/2.25.0 azsdk-python-mgmt-sql/3.0.0 Python/3.7.8 (Windows-10-10.0.14393-SP0)
    method: GET
    uri: https://management.azure.com/subscriptions/00000000-0000-0000-0000-000000000000/resourceGroups/ayang/providers/Microsoft.Sql/locations/southeastasia/databaseAzureAsyncOperation/8aaf2171-95d7-4435-9eb6-8820e1c0a179?api-version=2021-02-01-preview
  response:
    body:
      string: '{"name":"8aaf2171-95d7-4435-9eb6-8820e1c0a179","status":"InProgress","startTime":"2021-07-07T00:05:09.76Z"}'
    headers:
      cache-control:
      - no-cache
      content-length:
      - '107'
      content-type:
      - application/json; charset=utf-8
      date:
      - Wed, 07 Jul 2021 00:08:43 GMT
      expires:
      - '-1'
      pragma:
      - no-cache
      server:
      - Microsoft-HTTPAPI/2.0
      strict-transport-security:
      - max-age=31536000; includeSubDomains
      transfer-encoding:
      - chunked
      vary:
      - Accept-Encoding
      x-content-type-options:
      - nosniff
    status:
      code: 200
      message: OK
- request:
    body: null
    headers:
      Accept:
      - '*/*'
      Accept-Encoding:
      - gzip, deflate
      CommandName:
      - sql db ltr-backup restore
      Connection:
      - keep-alive
      ParameterSetName:
      - --backup-id --dest-database --dest-server --dest-resource-group
      User-Agent:
      - AZURECLI/2.25.0 azsdk-python-mgmt-sql/3.0.0 Python/3.7.8 (Windows-10-10.0.14393-SP0)
    method: GET
    uri: https://management.azure.com/subscriptions/00000000-0000-0000-0000-000000000000/resourceGroups/ayang/providers/Microsoft.Sql/locations/southeastasia/databaseAzureAsyncOperation/8aaf2171-95d7-4435-9eb6-8820e1c0a179?api-version=2021-02-01-preview
  response:
    body:
      string: '{"name":"8aaf2171-95d7-4435-9eb6-8820e1c0a179","status":"InProgress","startTime":"2021-07-07T00:05:09.76Z"}'
    headers:
      cache-control:
      - no-cache
      content-length:
      - '107'
      content-type:
      - application/json; charset=utf-8
      date:
      - Wed, 07 Jul 2021 00:08:58 GMT
      expires:
      - '-1'
      pragma:
      - no-cache
      server:
      - Microsoft-HTTPAPI/2.0
      strict-transport-security:
      - max-age=31536000; includeSubDomains
      transfer-encoding:
      - chunked
      vary:
      - Accept-Encoding
      x-content-type-options:
      - nosniff
    status:
      code: 200
      message: OK
- request:
    body: null
    headers:
      Accept:
      - '*/*'
      Accept-Encoding:
      - gzip, deflate
      CommandName:
      - sql db ltr-backup restore
      Connection:
      - keep-alive
      ParameterSetName:
      - --backup-id --dest-database --dest-server --dest-resource-group
      User-Agent:
      - AZURECLI/2.25.0 azsdk-python-mgmt-sql/3.0.0 Python/3.7.8 (Windows-10-10.0.14393-SP0)
    method: GET
    uri: https://management.azure.com/subscriptions/00000000-0000-0000-0000-000000000000/resourceGroups/ayang/providers/Microsoft.Sql/locations/southeastasia/databaseAzureAsyncOperation/8aaf2171-95d7-4435-9eb6-8820e1c0a179?api-version=2021-02-01-preview
  response:
    body:
      string: '{"name":"8aaf2171-95d7-4435-9eb6-8820e1c0a179","status":"InProgress","startTime":"2021-07-07T00:05:09.76Z"}'
    headers:
      cache-control:
      - no-cache
      content-length:
      - '107'
      content-type:
      - application/json; charset=utf-8
      date:
      - Wed, 07 Jul 2021 00:09:13 GMT
      expires:
      - '-1'
      pragma:
      - no-cache
      server:
      - Microsoft-HTTPAPI/2.0
      strict-transport-security:
      - max-age=31536000; includeSubDomains
      transfer-encoding:
      - chunked
      vary:
      - Accept-Encoding
      x-content-type-options:
      - nosniff
    status:
      code: 200
      message: OK
- request:
    body: null
    headers:
      Accept:
      - '*/*'
      Accept-Encoding:
      - gzip, deflate
      CommandName:
      - sql db ltr-backup restore
      Connection:
      - keep-alive
      ParameterSetName:
      - --backup-id --dest-database --dest-server --dest-resource-group
      User-Agent:
      - AZURECLI/2.25.0 azsdk-python-mgmt-sql/3.0.0 Python/3.7.8 (Windows-10-10.0.14393-SP0)
    method: GET
    uri: https://management.azure.com/subscriptions/00000000-0000-0000-0000-000000000000/resourceGroups/ayang/providers/Microsoft.Sql/locations/southeastasia/databaseAzureAsyncOperation/8aaf2171-95d7-4435-9eb6-8820e1c0a179?api-version=2021-02-01-preview
  response:
    body:
      string: '{"name":"8aaf2171-95d7-4435-9eb6-8820e1c0a179","status":"InProgress","startTime":"2021-07-07T00:05:09.76Z"}'
    headers:
      cache-control:
      - no-cache
      content-length:
      - '107'
      content-type:
      - application/json; charset=utf-8
      date:
      - Wed, 07 Jul 2021 00:09:29 GMT
      expires:
      - '-1'
      pragma:
      - no-cache
      server:
      - Microsoft-HTTPAPI/2.0
      strict-transport-security:
      - max-age=31536000; includeSubDomains
      transfer-encoding:
      - chunked
      vary:
      - Accept-Encoding
      x-content-type-options:
      - nosniff
    status:
      code: 200
      message: OK
- request:
    body: null
    headers:
      Accept:
      - '*/*'
      Accept-Encoding:
      - gzip, deflate
      CommandName:
      - sql db ltr-backup restore
      Connection:
      - keep-alive
      ParameterSetName:
      - --backup-id --dest-database --dest-server --dest-resource-group
      User-Agent:
      - AZURECLI/2.25.0 azsdk-python-mgmt-sql/3.0.0 Python/3.7.8 (Windows-10-10.0.14393-SP0)
    method: GET
    uri: https://management.azure.com/subscriptions/00000000-0000-0000-0000-000000000000/resourceGroups/ayang/providers/Microsoft.Sql/locations/southeastasia/databaseAzureAsyncOperation/8aaf2171-95d7-4435-9eb6-8820e1c0a179?api-version=2021-02-01-preview
  response:
    body:
      string: '{"name":"8aaf2171-95d7-4435-9eb6-8820e1c0a179","status":"InProgress","startTime":"2021-07-07T00:05:09.76Z"}'
    headers:
      cache-control:
      - no-cache
      content-length:
      - '107'
      content-type:
      - application/json; charset=utf-8
      date:
      - Wed, 07 Jul 2021 00:09:44 GMT
      expires:
      - '-1'
      pragma:
      - no-cache
      server:
      - Microsoft-HTTPAPI/2.0
      strict-transport-security:
      - max-age=31536000; includeSubDomains
      transfer-encoding:
      - chunked
      vary:
      - Accept-Encoding
      x-content-type-options:
      - nosniff
    status:
      code: 200
      message: OK
- request:
    body: null
    headers:
      Accept:
      - '*/*'
      Accept-Encoding:
      - gzip, deflate
      CommandName:
      - sql db ltr-backup restore
      Connection:
      - keep-alive
      ParameterSetName:
      - --backup-id --dest-database --dest-server --dest-resource-group
      User-Agent:
      - AZURECLI/2.25.0 azsdk-python-mgmt-sql/3.0.0 Python/3.7.8 (Windows-10-10.0.14393-SP0)
    method: GET
    uri: https://management.azure.com/subscriptions/00000000-0000-0000-0000-000000000000/resourceGroups/ayang/providers/Microsoft.Sql/locations/southeastasia/databaseAzureAsyncOperation/8aaf2171-95d7-4435-9eb6-8820e1c0a179?api-version=2021-02-01-preview
  response:
    body:
      string: '{"name":"8aaf2171-95d7-4435-9eb6-8820e1c0a179","status":"InProgress","startTime":"2021-07-07T00:05:09.76Z"}'
    headers:
      cache-control:
      - no-cache
      content-length:
      - '107'
      content-type:
      - application/json; charset=utf-8
      date:
      - Wed, 07 Jul 2021 00:09:59 GMT
      expires:
      - '-1'
      pragma:
      - no-cache
      server:
      - Microsoft-HTTPAPI/2.0
      strict-transport-security:
      - max-age=31536000; includeSubDomains
      transfer-encoding:
      - chunked
      vary:
      - Accept-Encoding
      x-content-type-options:
      - nosniff
    status:
      code: 200
      message: OK
- request:
    body: null
    headers:
      Accept:
      - '*/*'
      Accept-Encoding:
      - gzip, deflate
      CommandName:
      - sql db ltr-backup restore
      Connection:
      - keep-alive
      ParameterSetName:
      - --backup-id --dest-database --dest-server --dest-resource-group
      User-Agent:
      - AZURECLI/2.25.0 azsdk-python-mgmt-sql/3.0.0 Python/3.7.8 (Windows-10-10.0.14393-SP0)
    method: GET
    uri: https://management.azure.com/subscriptions/00000000-0000-0000-0000-000000000000/resourceGroups/ayang/providers/Microsoft.Sql/locations/southeastasia/databaseAzureAsyncOperation/8aaf2171-95d7-4435-9eb6-8820e1c0a179?api-version=2021-02-01-preview
  response:
    body:
      string: '{"name":"8aaf2171-95d7-4435-9eb6-8820e1c0a179","status":"InProgress","startTime":"2021-07-07T00:05:09.76Z"}'
    headers:
      cache-control:
      - no-cache
      content-length:
      - '107'
      content-type:
      - application/json; charset=utf-8
      date:
      - Wed, 07 Jul 2021 00:10:15 GMT
      expires:
      - '-1'
      pragma:
      - no-cache
      server:
      - Microsoft-HTTPAPI/2.0
      strict-transport-security:
      - max-age=31536000; includeSubDomains
      transfer-encoding:
      - chunked
      vary:
      - Accept-Encoding
      x-content-type-options:
      - nosniff
    status:
      code: 200
      message: OK
- request:
    body: null
    headers:
      Accept:
      - '*/*'
      Accept-Encoding:
      - gzip, deflate
      CommandName:
      - sql db ltr-backup restore
      Connection:
      - keep-alive
      ParameterSetName:
      - --backup-id --dest-database --dest-server --dest-resource-group
      User-Agent:
      - AZURECLI/2.25.0 azsdk-python-mgmt-sql/3.0.0 Python/3.7.8 (Windows-10-10.0.14393-SP0)
    method: GET
    uri: https://management.azure.com/subscriptions/00000000-0000-0000-0000-000000000000/resourceGroups/ayang/providers/Microsoft.Sql/locations/southeastasia/databaseAzureAsyncOperation/8aaf2171-95d7-4435-9eb6-8820e1c0a179?api-version=2021-02-01-preview
  response:
    body:
      string: '{"name":"8aaf2171-95d7-4435-9eb6-8820e1c0a179","status":"InProgress","startTime":"2021-07-07T00:05:09.76Z"}'
    headers:
      cache-control:
      - no-cache
      content-length:
      - '107'
      content-type:
      - application/json; charset=utf-8
      date:
      - Wed, 07 Jul 2021 00:10:30 GMT
      expires:
      - '-1'
      pragma:
      - no-cache
      server:
      - Microsoft-HTTPAPI/2.0
      strict-transport-security:
      - max-age=31536000; includeSubDomains
      transfer-encoding:
      - chunked
      vary:
      - Accept-Encoding
      x-content-type-options:
      - nosniff
    status:
      code: 200
      message: OK
- request:
    body: null
    headers:
      Accept:
      - '*/*'
      Accept-Encoding:
      - gzip, deflate
      CommandName:
      - sql db ltr-backup restore
      Connection:
      - keep-alive
      ParameterSetName:
      - --backup-id --dest-database --dest-server --dest-resource-group
      User-Agent:
      - AZURECLI/2.25.0 azsdk-python-mgmt-sql/3.0.0 Python/3.7.8 (Windows-10-10.0.14393-SP0)
    method: GET
    uri: https://management.azure.com/subscriptions/00000000-0000-0000-0000-000000000000/resourceGroups/ayang/providers/Microsoft.Sql/locations/southeastasia/databaseAzureAsyncOperation/8aaf2171-95d7-4435-9eb6-8820e1c0a179?api-version=2021-02-01-preview
  response:
    body:
      string: '{"name":"8aaf2171-95d7-4435-9eb6-8820e1c0a179","status":"InProgress","startTime":"2021-07-07T00:05:09.76Z"}'
    headers:
      cache-control:
      - no-cache
      content-length:
      - '107'
      content-type:
      - application/json; charset=utf-8
      date:
      - Wed, 07 Jul 2021 00:10:45 GMT
      expires:
      - '-1'
      pragma:
      - no-cache
      server:
      - Microsoft-HTTPAPI/2.0
      strict-transport-security:
      - max-age=31536000; includeSubDomains
      transfer-encoding:
      - chunked
      vary:
      - Accept-Encoding
      x-content-type-options:
      - nosniff
    status:
      code: 200
      message: OK
- request:
    body: null
    headers:
      Accept:
      - '*/*'
      Accept-Encoding:
      - gzip, deflate
      CommandName:
      - sql db ltr-backup restore
      Connection:
      - keep-alive
      ParameterSetName:
      - --backup-id --dest-database --dest-server --dest-resource-group
      User-Agent:
      - AZURECLI/2.25.0 azsdk-python-mgmt-sql/3.0.0 Python/3.7.8 (Windows-10-10.0.14393-SP0)
    method: GET
    uri: https://management.azure.com/subscriptions/00000000-0000-0000-0000-000000000000/resourceGroups/ayang/providers/Microsoft.Sql/locations/southeastasia/databaseAzureAsyncOperation/8aaf2171-95d7-4435-9eb6-8820e1c0a179?api-version=2021-02-01-preview
  response:
    body:
      string: '{"name":"8aaf2171-95d7-4435-9eb6-8820e1c0a179","status":"InProgress","startTime":"2021-07-07T00:05:09.76Z"}'
    headers:
      cache-control:
      - no-cache
      content-length:
      - '107'
      content-type:
      - application/json; charset=utf-8
      date:
      - Wed, 07 Jul 2021 00:11:01 GMT
      expires:
      - '-1'
      pragma:
      - no-cache
      server:
      - Microsoft-HTTPAPI/2.0
      strict-transport-security:
      - max-age=31536000; includeSubDomains
      transfer-encoding:
      - chunked
      vary:
      - Accept-Encoding
      x-content-type-options:
      - nosniff
    status:
      code: 200
      message: OK
- request:
    body: null
    headers:
      Accept:
      - '*/*'
      Accept-Encoding:
      - gzip, deflate
      CommandName:
      - sql db ltr-backup restore
      Connection:
      - keep-alive
      ParameterSetName:
      - --backup-id --dest-database --dest-server --dest-resource-group
      User-Agent:
      - AZURECLI/2.25.0 azsdk-python-mgmt-sql/3.0.0 Python/3.7.8 (Windows-10-10.0.14393-SP0)
    method: GET
    uri: https://management.azure.com/subscriptions/00000000-0000-0000-0000-000000000000/resourceGroups/ayang/providers/Microsoft.Sql/locations/southeastasia/databaseAzureAsyncOperation/8aaf2171-95d7-4435-9eb6-8820e1c0a179?api-version=2021-02-01-preview
  response:
    body:
      string: '{"name":"8aaf2171-95d7-4435-9eb6-8820e1c0a179","status":"InProgress","startTime":"2021-07-07T00:05:09.76Z"}'
    headers:
      cache-control:
      - no-cache
      content-length:
      - '107'
      content-type:
      - application/json; charset=utf-8
      date:
      - Wed, 07 Jul 2021 00:11:16 GMT
      expires:
      - '-1'
      pragma:
      - no-cache
      server:
      - Microsoft-HTTPAPI/2.0
      strict-transport-security:
      - max-age=31536000; includeSubDomains
      transfer-encoding:
      - chunked
      vary:
      - Accept-Encoding
      x-content-type-options:
      - nosniff
    status:
      code: 200
      message: OK
- request:
    body: null
    headers:
      Accept:
      - '*/*'
      Accept-Encoding:
      - gzip, deflate
      CommandName:
      - sql db ltr-backup restore
      Connection:
      - keep-alive
      ParameterSetName:
      - --backup-id --dest-database --dest-server --dest-resource-group
      User-Agent:
      - AZURECLI/2.25.0 azsdk-python-mgmt-sql/3.0.0 Python/3.7.8 (Windows-10-10.0.14393-SP0)
    method: GET
    uri: https://management.azure.com/subscriptions/00000000-0000-0000-0000-000000000000/resourceGroups/ayang/providers/Microsoft.Sql/locations/southeastasia/databaseAzureAsyncOperation/8aaf2171-95d7-4435-9eb6-8820e1c0a179?api-version=2021-02-01-preview
  response:
    body:
      string: '{"name":"8aaf2171-95d7-4435-9eb6-8820e1c0a179","status":"InProgress","startTime":"2021-07-07T00:05:09.76Z"}'
    headers:
      cache-control:
      - no-cache
      content-length:
      - '107'
      content-type:
      - application/json; charset=utf-8
      date:
      - Wed, 07 Jul 2021 00:11:31 GMT
      expires:
      - '-1'
      pragma:
      - no-cache
      server:
      - Microsoft-HTTPAPI/2.0
      strict-transport-security:
      - max-age=31536000; includeSubDomains
      transfer-encoding:
      - chunked
      vary:
      - Accept-Encoding
      x-content-type-options:
      - nosniff
    status:
      code: 200
      message: OK
- request:
    body: null
    headers:
      Accept:
      - '*/*'
      Accept-Encoding:
      - gzip, deflate
      CommandName:
      - sql db ltr-backup restore
      Connection:
      - keep-alive
      ParameterSetName:
      - --backup-id --dest-database --dest-server --dest-resource-group
      User-Agent:
      - AZURECLI/2.25.0 azsdk-python-mgmt-sql/3.0.0 Python/3.7.8 (Windows-10-10.0.14393-SP0)
    method: GET
    uri: https://management.azure.com/subscriptions/00000000-0000-0000-0000-000000000000/resourceGroups/ayang/providers/Microsoft.Sql/locations/southeastasia/databaseAzureAsyncOperation/8aaf2171-95d7-4435-9eb6-8820e1c0a179?api-version=2021-02-01-preview
  response:
    body:
      string: '{"name":"8aaf2171-95d7-4435-9eb6-8820e1c0a179","status":"InProgress","startTime":"2021-07-07T00:05:09.76Z"}'
    headers:
      cache-control:
      - no-cache
      content-length:
      - '107'
      content-type:
      - application/json; charset=utf-8
      date:
      - Wed, 07 Jul 2021 00:11:46 GMT
      expires:
      - '-1'
      pragma:
      - no-cache
      server:
      - Microsoft-HTTPAPI/2.0
      strict-transport-security:
      - max-age=31536000; includeSubDomains
      transfer-encoding:
      - chunked
      vary:
      - Accept-Encoding
      x-content-type-options:
      - nosniff
    status:
      code: 200
      message: OK
- request:
    body: null
    headers:
      Accept:
      - '*/*'
      Accept-Encoding:
      - gzip, deflate
      CommandName:
      - sql db ltr-backup restore
      Connection:
      - keep-alive
      ParameterSetName:
      - --backup-id --dest-database --dest-server --dest-resource-group
      User-Agent:
      - AZURECLI/2.25.0 azsdk-python-mgmt-sql/3.0.0 Python/3.7.8 (Windows-10-10.0.14393-SP0)
    method: GET
    uri: https://management.azure.com/subscriptions/00000000-0000-0000-0000-000000000000/resourceGroups/ayang/providers/Microsoft.Sql/locations/southeastasia/databaseAzureAsyncOperation/8aaf2171-95d7-4435-9eb6-8820e1c0a179?api-version=2021-02-01-preview
  response:
    body:
      string: '{"name":"8aaf2171-95d7-4435-9eb6-8820e1c0a179","status":"InProgress","startTime":"2021-07-07T00:05:09.76Z"}'
    headers:
      cache-control:
      - no-cache
      content-length:
      - '107'
      content-type:
      - application/json; charset=utf-8
      date:
      - Wed, 07 Jul 2021 00:12:01 GMT
      expires:
      - '-1'
      pragma:
      - no-cache
      server:
      - Microsoft-HTTPAPI/2.0
      strict-transport-security:
      - max-age=31536000; includeSubDomains
      transfer-encoding:
      - chunked
      vary:
      - Accept-Encoding
      x-content-type-options:
      - nosniff
    status:
      code: 200
      message: OK
- request:
    body: null
    headers:
      Accept:
      - '*/*'
      Accept-Encoding:
      - gzip, deflate
      CommandName:
      - sql db ltr-backup restore
      Connection:
      - keep-alive
      ParameterSetName:
      - --backup-id --dest-database --dest-server --dest-resource-group
      User-Agent:
      - AZURECLI/2.25.0 azsdk-python-mgmt-sql/3.0.0 Python/3.7.8 (Windows-10-10.0.14393-SP0)
    method: GET
    uri: https://management.azure.com/subscriptions/00000000-0000-0000-0000-000000000000/resourceGroups/ayang/providers/Microsoft.Sql/locations/southeastasia/databaseAzureAsyncOperation/8aaf2171-95d7-4435-9eb6-8820e1c0a179?api-version=2021-02-01-preview
  response:
    body:
      string: '{"name":"8aaf2171-95d7-4435-9eb6-8820e1c0a179","status":"InProgress","startTime":"2021-07-07T00:05:09.76Z"}'
    headers:
      cache-control:
      - no-cache
      content-length:
      - '107'
      content-type:
      - application/json; charset=utf-8
      date:
      - Wed, 07 Jul 2021 00:12:17 GMT
      expires:
      - '-1'
      pragma:
      - no-cache
      server:
      - Microsoft-HTTPAPI/2.0
      strict-transport-security:
      - max-age=31536000; includeSubDomains
      transfer-encoding:
      - chunked
      vary:
      - Accept-Encoding
      x-content-type-options:
      - nosniff
    status:
      code: 200
      message: OK
- request:
    body: null
    headers:
      Accept:
      - '*/*'
      Accept-Encoding:
      - gzip, deflate
      CommandName:
      - sql db ltr-backup restore
      Connection:
      - keep-alive
      ParameterSetName:
      - --backup-id --dest-database --dest-server --dest-resource-group
      User-Agent:
      - AZURECLI/2.25.0 azsdk-python-mgmt-sql/3.0.0 Python/3.7.8 (Windows-10-10.0.14393-SP0)
    method: GET
    uri: https://management.azure.com/subscriptions/00000000-0000-0000-0000-000000000000/resourceGroups/ayang/providers/Microsoft.Sql/locations/southeastasia/databaseAzureAsyncOperation/8aaf2171-95d7-4435-9eb6-8820e1c0a179?api-version=2021-02-01-preview
  response:
    body:
      string: '{"name":"8aaf2171-95d7-4435-9eb6-8820e1c0a179","status":"InProgress","startTime":"2021-07-07T00:05:09.76Z"}'
    headers:
      cache-control:
      - no-cache
      content-length:
      - '107'
      content-type:
      - application/json; charset=utf-8
      date:
      - Wed, 07 Jul 2021 00:12:33 GMT
      expires:
      - '-1'
      pragma:
      - no-cache
      server:
      - Microsoft-HTTPAPI/2.0
      strict-transport-security:
      - max-age=31536000; includeSubDomains
      transfer-encoding:
      - chunked
      vary:
      - Accept-Encoding
      x-content-type-options:
      - nosniff
    status:
      code: 200
      message: OK
- request:
    body: null
    headers:
      Accept:
      - '*/*'
      Accept-Encoding:
      - gzip, deflate
      CommandName:
      - sql db ltr-backup restore
      Connection:
      - keep-alive
      ParameterSetName:
      - --backup-id --dest-database --dest-server --dest-resource-group
      User-Agent:
      - AZURECLI/2.25.0 azsdk-python-mgmt-sql/3.0.0 Python/3.7.8 (Windows-10-10.0.14393-SP0)
    method: GET
    uri: https://management.azure.com/subscriptions/00000000-0000-0000-0000-000000000000/resourceGroups/ayang/providers/Microsoft.Sql/locations/southeastasia/databaseAzureAsyncOperation/8aaf2171-95d7-4435-9eb6-8820e1c0a179?api-version=2021-02-01-preview
  response:
    body:
      string: '{"name":"8aaf2171-95d7-4435-9eb6-8820e1c0a179","status":"InProgress","startTime":"2021-07-07T00:05:09.76Z"}'
    headers:
      cache-control:
      - no-cache
      content-length:
      - '107'
      content-type:
      - application/json; charset=utf-8
      date:
      - Wed, 07 Jul 2021 00:12:48 GMT
      expires:
      - '-1'
      pragma:
      - no-cache
      server:
      - Microsoft-HTTPAPI/2.0
      strict-transport-security:
      - max-age=31536000; includeSubDomains
      transfer-encoding:
      - chunked
      vary:
      - Accept-Encoding
      x-content-type-options:
      - nosniff
    status:
      code: 200
      message: OK
- request:
    body: null
    headers:
      Accept:
      - '*/*'
      Accept-Encoding:
      - gzip, deflate
      CommandName:
      - sql db ltr-backup restore
      Connection:
      - keep-alive
      ParameterSetName:
      - --backup-id --dest-database --dest-server --dest-resource-group
      User-Agent:
      - AZURECLI/2.25.0 azsdk-python-mgmt-sql/3.0.0 Python/3.7.8 (Windows-10-10.0.14393-SP0)
    method: GET
    uri: https://management.azure.com/subscriptions/00000000-0000-0000-0000-000000000000/resourceGroups/ayang/providers/Microsoft.Sql/locations/southeastasia/databaseAzureAsyncOperation/8aaf2171-95d7-4435-9eb6-8820e1c0a179?api-version=2021-02-01-preview
  response:
    body:
      string: '{"name":"8aaf2171-95d7-4435-9eb6-8820e1c0a179","status":"InProgress","startTime":"2021-07-07T00:05:09.76Z"}'
    headers:
      cache-control:
      - no-cache
      content-length:
      - '107'
      content-type:
      - application/json; charset=utf-8
      date:
      - Wed, 07 Jul 2021 00:13:03 GMT
      expires:
      - '-1'
      pragma:
      - no-cache
      server:
      - Microsoft-HTTPAPI/2.0
      strict-transport-security:
      - max-age=31536000; includeSubDomains
      transfer-encoding:
      - chunked
      vary:
      - Accept-Encoding
      x-content-type-options:
      - nosniff
    status:
      code: 200
      message: OK
- request:
    body: null
    headers:
      Accept:
      - '*/*'
      Accept-Encoding:
      - gzip, deflate
      CommandName:
      - sql db ltr-backup restore
      Connection:
      - keep-alive
      ParameterSetName:
      - --backup-id --dest-database --dest-server --dest-resource-group
      User-Agent:
      - AZURECLI/2.25.0 azsdk-python-mgmt-sql/3.0.0 Python/3.7.8 (Windows-10-10.0.14393-SP0)
    method: GET
    uri: https://management.azure.com/subscriptions/00000000-0000-0000-0000-000000000000/resourceGroups/ayang/providers/Microsoft.Sql/locations/southeastasia/databaseAzureAsyncOperation/8aaf2171-95d7-4435-9eb6-8820e1c0a179?api-version=2021-02-01-preview
  response:
    body:
      string: '{"name":"8aaf2171-95d7-4435-9eb6-8820e1c0a179","status":"InProgress","startTime":"2021-07-07T00:05:09.76Z"}'
    headers:
      cache-control:
      - no-cache
      content-length:
      - '107'
      content-type:
      - application/json; charset=utf-8
      date:
      - Wed, 07 Jul 2021 00:13:18 GMT
      expires:
      - '-1'
      pragma:
      - no-cache
      server:
      - Microsoft-HTTPAPI/2.0
      strict-transport-security:
      - max-age=31536000; includeSubDomains
      transfer-encoding:
      - chunked
      vary:
      - Accept-Encoding
      x-content-type-options:
      - nosniff
    status:
      code: 200
      message: OK
- request:
    body: null
    headers:
      Accept:
      - '*/*'
      Accept-Encoding:
      - gzip, deflate
      CommandName:
      - sql db ltr-backup restore
      Connection:
      - keep-alive
      ParameterSetName:
      - --backup-id --dest-database --dest-server --dest-resource-group
      User-Agent:
      - AZURECLI/2.25.0 azsdk-python-mgmt-sql/3.0.0 Python/3.7.8 (Windows-10-10.0.14393-SP0)
    method: GET
    uri: https://management.azure.com/subscriptions/00000000-0000-0000-0000-000000000000/resourceGroups/ayang/providers/Microsoft.Sql/locations/southeastasia/databaseAzureAsyncOperation/8aaf2171-95d7-4435-9eb6-8820e1c0a179?api-version=2021-02-01-preview
  response:
    body:
      string: '{"name":"8aaf2171-95d7-4435-9eb6-8820e1c0a179","status":"InProgress","startTime":"2021-07-07T00:05:09.76Z"}'
    headers:
      cache-control:
      - no-cache
      content-length:
      - '107'
      content-type:
      - application/json; charset=utf-8
      date:
      - Wed, 07 Jul 2021 00:13:33 GMT
      expires:
      - '-1'
      pragma:
      - no-cache
      server:
      - Microsoft-HTTPAPI/2.0
      strict-transport-security:
      - max-age=31536000; includeSubDomains
      transfer-encoding:
      - chunked
      vary:
      - Accept-Encoding
      x-content-type-options:
      - nosniff
    status:
      code: 200
      message: OK
- request:
    body: null
    headers:
      Accept:
      - '*/*'
      Accept-Encoding:
      - gzip, deflate
      CommandName:
      - sql db ltr-backup restore
      Connection:
      - keep-alive
      ParameterSetName:
      - --backup-id --dest-database --dest-server --dest-resource-group
      User-Agent:
      - AZURECLI/2.25.0 azsdk-python-mgmt-sql/3.0.0 Python/3.7.8 (Windows-10-10.0.14393-SP0)
    method: GET
    uri: https://management.azure.com/subscriptions/00000000-0000-0000-0000-000000000000/resourceGroups/ayang/providers/Microsoft.Sql/locations/southeastasia/databaseAzureAsyncOperation/8aaf2171-95d7-4435-9eb6-8820e1c0a179?api-version=2021-02-01-preview
  response:
    body:
      string: '{"name":"8aaf2171-95d7-4435-9eb6-8820e1c0a179","status":"InProgress","startTime":"2021-07-07T00:05:09.76Z"}'
    headers:
      cache-control:
      - no-cache
      content-length:
      - '107'
      content-type:
      - application/json; charset=utf-8
      date:
      - Wed, 07 Jul 2021 00:13:48 GMT
      expires:
      - '-1'
      pragma:
      - no-cache
      server:
      - Microsoft-HTTPAPI/2.0
      strict-transport-security:
      - max-age=31536000; includeSubDomains
      transfer-encoding:
      - chunked
      vary:
      - Accept-Encoding
      x-content-type-options:
      - nosniff
    status:
      code: 200
      message: OK
- request:
    body: null
    headers:
      Accept:
      - '*/*'
      Accept-Encoding:
      - gzip, deflate
      CommandName:
      - sql db ltr-backup restore
      Connection:
      - keep-alive
      ParameterSetName:
      - --backup-id --dest-database --dest-server --dest-resource-group
      User-Agent:
      - AZURECLI/2.25.0 azsdk-python-mgmt-sql/3.0.0 Python/3.7.8 (Windows-10-10.0.14393-SP0)
    method: GET
    uri: https://management.azure.com/subscriptions/00000000-0000-0000-0000-000000000000/resourceGroups/ayang/providers/Microsoft.Sql/locations/southeastasia/databaseAzureAsyncOperation/8aaf2171-95d7-4435-9eb6-8820e1c0a179?api-version=2021-02-01-preview
  response:
    body:
      string: '{"name":"8aaf2171-95d7-4435-9eb6-8820e1c0a179","status":"InProgress","startTime":"2021-07-07T00:05:09.76Z"}'
    headers:
      cache-control:
      - no-cache
      content-length:
      - '107'
      content-type:
      - application/json; charset=utf-8
      date:
      - Wed, 07 Jul 2021 00:14:04 GMT
      expires:
      - '-1'
      pragma:
      - no-cache
      server:
      - Microsoft-HTTPAPI/2.0
      strict-transport-security:
      - max-age=31536000; includeSubDomains
      transfer-encoding:
      - chunked
      vary:
      - Accept-Encoding
      x-content-type-options:
      - nosniff
    status:
      code: 200
      message: OK
- request:
    body: null
    headers:
      Accept:
      - '*/*'
      Accept-Encoding:
      - gzip, deflate
      CommandName:
      - sql db ltr-backup restore
      Connection:
      - keep-alive
      ParameterSetName:
      - --backup-id --dest-database --dest-server --dest-resource-group
      User-Agent:
      - AZURECLI/2.25.0 azsdk-python-mgmt-sql/3.0.0 Python/3.7.8 (Windows-10-10.0.14393-SP0)
    method: GET
    uri: https://management.azure.com/subscriptions/00000000-0000-0000-0000-000000000000/resourceGroups/ayang/providers/Microsoft.Sql/locations/southeastasia/databaseAzureAsyncOperation/8aaf2171-95d7-4435-9eb6-8820e1c0a179?api-version=2021-02-01-preview
  response:
    body:
      string: '{"name":"8aaf2171-95d7-4435-9eb6-8820e1c0a179","status":"Succeeded","startTime":"2021-07-07T00:05:09.76Z"}'
    headers:
      cache-control:
      - no-cache
      content-length:
      - '106'
      content-type:
      - application/json; charset=utf-8
      date:
      - Wed, 07 Jul 2021 00:14:20 GMT
      expires:
      - '-1'
      pragma:
      - no-cache
      server:
      - Microsoft-HTTPAPI/2.0
      strict-transport-security:
      - max-age=31536000; includeSubDomains
      transfer-encoding:
      - chunked
      vary:
      - Accept-Encoding
      x-content-type-options:
      - nosniff
    status:
      code: 200
      message: OK
- request:
    body: null
    headers:
      Accept:
      - '*/*'
      Accept-Encoding:
      - gzip, deflate
      CommandName:
      - sql db ltr-backup restore
      Connection:
      - keep-alive
      ParameterSetName:
      - --backup-id --dest-database --dest-server --dest-resource-group
      User-Agent:
      - AZURECLI/2.25.0 azsdk-python-mgmt-sql/3.0.0 Python/3.7.8 (Windows-10-10.0.14393-SP0)
    method: GET
    uri: https://management.azure.com/subscriptions/00000000-0000-0000-0000-000000000000/resourceGroups/ayang/providers/Microsoft.Sql/servers/ayang-seas/databases/cli-restore-ltr?api-version=2021-02-01-preview
  response:
    body:
      string: '{"sku":{"name":"Basic","tier":"Basic","capacity":5},"kind":"v12.0,user","properties":{"collation":"SQL_Latin1_General_CP1_CI_AS","maxSizeBytes":2147483648,"status":"Online","databaseId":"4cd1ce57-faf9-4987-a974-1fca596b53fe","creationDate":"2021-07-07T00:13:37.05Z","currentServiceObjectiveName":"Basic","requestedServiceObjectiveName":"Basic","defaultSecondaryLocation":"eastasia","catalogCollation":"SQL_Latin1_General_CP1_CI_AS","zoneRedundant":false,"readScale":"Disabled","currentSku":{"name":"Basic","tier":"Basic","capacity":5},"currentBackupStorageRedundancy":"Local","requestedBackupStorageRedundancy":"Local","maintenanceConfigurationId":"/subscriptions/00000000-0000-0000-0000-000000000000/providers/Microsoft.Maintenance/publicMaintenanceConfigurations/SQL_Default","isLedgerOn":false,"isInfraEncryptionEnabled":false},"location":"southeastasia","id":"/subscriptions/00000000-0000-0000-0000-000000000000/resourceGroups/ayang/providers/Microsoft.Sql/servers/ayang-seas/databases/cli-restore-ltr","name":"cli-restore-ltr","type":"Microsoft.Sql/servers/databases"}'
    headers:
      cache-control:
      - no-cache
      content-length:
      - '1073'
      content-type:
      - application/json; charset=utf-8
      date:
      - Wed, 07 Jul 2021 00:14:20 GMT
      expires:
      - '-1'
      pragma:
      - no-cache
      server:
      - Microsoft-HTTPAPI/2.0
      strict-transport-security:
      - max-age=31536000; includeSubDomains
      transfer-encoding:
      - chunked
      vary:
      - Accept-Encoding
      x-content-type-options:
      - nosniff
    status:
      code: 200
      message: OK
- request:
    body: null
    headers:
      Accept:
      - '*/*'
      Accept-Encoding:
      - gzip, deflate
      CommandName:
      - sql db ltr-backup delete
      Connection:
      - keep-alive
      Content-Length:
      - '0'
      ParameterSetName:
      - -l -s -d -n --yes
      User-Agent:
      - AZURECLI/2.25.0 azsdk-python-mgmt-sql/3.0.0 Python/3.7.8 (Windows-10-10.0.14393-SP0)
    method: DELETE
    uri: https://management.azure.com/subscriptions/00000000-0000-0000-0000-000000000000/providers/Microsoft.Sql/locations/southeastasia/longTermRetentionServers/ayang-seas/longTermRetentionDatabases/db1/longTermRetentionBackups/07855ffb-2ac5-44ab-8f95-cacb76527ec7%3B132696545680000000?api-version=2020-11-01-preview
  response:
    body:
      string: '{"operation":"DeleteLTRBackup","startTime":"2021-07-07T00:14:21.883Z"}'
    headers:
      azure-asyncoperation:
      - https://management.azure.com/subscriptions/00000000-0000-0000-0000-000000000000/providers/Microsoft.Sql/locations/southeastasia/longTermRetentionBackupAzureAsyncOperation/7557ba2a-77c0-4960-862e-469a1f3acfba?api-version=2020-11-01-preview
      cache-control:
      - no-cache
      content-length:
      - '70'
      content-type:
      - application/json; charset=utf-8
      date:
      - Wed, 07 Jul 2021 00:14:21 GMT
      expires:
      - '-1'
      location:
      - https://management.azure.com/subscriptions/00000000-0000-0000-0000-000000000000/providers/Microsoft.Sql/locations/southeastasia/longTermRetentionBackupOperationResults/7557ba2a-77c0-4960-862e-469a1f3acfba?api-version=2020-11-01-preview
      pragma:
      - no-cache
      server:
      - Microsoft-HTTPAPI/2.0
      strict-transport-security:
      - max-age=31536000; includeSubDomains
      x-content-type-options:
      - nosniff
      x-ms-ratelimit-remaining-subscription-deletes:
      - '14999'
    status:
      code: 202
      message: Accepted
- request:
    body: null
    headers:
      Accept:
      - '*/*'
      Accept-Encoding:
      - gzip, deflate
      CommandName:
      - sql db ltr-backup delete
      Connection:
      - keep-alive
      ParameterSetName:
      - -l -s -d -n --yes
      User-Agent:
      - AZURECLI/2.25.0 azsdk-python-mgmt-sql/3.0.0 Python/3.7.8 (Windows-10-10.0.14393-SP0)
    method: GET
    uri: https://management.azure.com/subscriptions/00000000-0000-0000-0000-000000000000/providers/Microsoft.Sql/locations/southeastasia/longTermRetentionBackupAzureAsyncOperation/7557ba2a-77c0-4960-862e-469a1f3acfba?api-version=2020-11-01-preview
  response:
    body:
      string: '{"name":"7557ba2a-77c0-4960-862e-469a1f3acfba","status":"Succeeded","startTime":"2021-07-07T00:14:21.883Z"}'
    headers:
      cache-control:
      - no-cache
      content-length:
      - '107'
      content-type:
      - application/json; charset=utf-8
      date:
      - Wed, 07 Jul 2021 00:14:36 GMT
      expires:
      - '-1'
      pragma:
      - no-cache
      server:
      - Microsoft-HTTPAPI/2.0
      strict-transport-security:
      - max-age=31536000; includeSubDomains
      transfer-encoding:
      - chunked
      vary:
      - Accept-Encoding
      x-content-type-options:
      - nosniff
    status:
      code: 200
      message: OK
version: 1
