interactions:
- request:
    body: '{"location": "westeurope", "properties": {"administratorLogin": "admin123",
      "administratorLoginPassword": "SecretPassword123", "administrators": {}}}'
    headers:
      Accept:
      - application/json
      Accept-Encoding:
      - gzip, deflate
      CommandName:
      - sql server create
      Connection:
      - keep-alive
      Content-Length:
      - '149'
      Content-Type:
      - application/json
      ParameterSetName:
      - -l -g -n -u -p
      User-Agent:
      - AZURECLI/2.46.0 azsdk-python-mgmt-sql/4.0.0b8 Python/3.10.10 (Linux-5.15.0-1033-azure-x86_64-with-glibc2.31)
        VSTS_7b238909-6802-4b65-b90d-184bca47f458_build_220_0
    method: PUT
    uri: https://management.azure.com/subscriptions/00000000-0000-0000-0000-000000000000/resourceGroups/clitest.rg000001/providers/Microsoft.Sql/servers/clitestserver000003?api-version=2022-08-01-preview
  response:
    body:
      string: '{"operation":"UpsertLogicalServer","startTime":"2023-03-13T08:50:20.443Z"}'
    headers:
      azure-asyncoperation:
      - https://management.azure.com/subscriptions/00000000-0000-0000-0000-000000000000/resourceGroups/clitest.rg000001/providers/Microsoft.Sql/locations/westeurope/serverAzureAsyncOperation/f0744abe-38e5-4ea7-8ecf-c114f9b61c57?api-version=2022-08-01-preview
      cache-control:
      - no-cache
      content-length:
      - '74'
      content-type:
      - application/json; charset=utf-8
      date:
      - Mon, 13 Mar 2023 08:50:19 GMT
      expires:
      - '-1'
      location:
      - https://management.azure.com/subscriptions/00000000-0000-0000-0000-000000000000/resourceGroups/clitest.rg000001/providers/Microsoft.Sql/locations/westeurope/serverOperationResults/f0744abe-38e5-4ea7-8ecf-c114f9b61c57?api-version=2022-08-01-preview
      pragma:
      - no-cache
      server:
      - Microsoft-HTTPAPI/2.0
      strict-transport-security:
      - max-age=31536000; includeSubDomains
      x-content-type-options:
      - nosniff
      x-ms-ratelimit-remaining-subscription-writes:
      - '1199'
    status:
      code: 202
      message: Accepted
- request:
    body: null
    headers:
      Accept:
      - '*/*'
      Accept-Encoding:
      - gzip, deflate
      CommandName:
      - sql server create
      Connection:
      - keep-alive
      ParameterSetName:
      - -l -g -n -u -p
      User-Agent:
      - AZURECLI/2.46.0 azsdk-python-mgmt-sql/4.0.0b8 Python/3.10.10 (Linux-5.15.0-1033-azure-x86_64-with-glibc2.31)
        VSTS_7b238909-6802-4b65-b90d-184bca47f458_build_220_0
    method: GET
    uri: https://management.azure.com/subscriptions/00000000-0000-0000-0000-000000000000/resourceGroups/clitest.rg000001/providers/Microsoft.Sql/locations/westeurope/serverAzureAsyncOperation/f0744abe-38e5-4ea7-8ecf-c114f9b61c57?api-version=2022-08-01-preview
  response:
    body:
      string: '{"name":"f0744abe-38e5-4ea7-8ecf-c114f9b61c57","status":"InProgress","startTime":"2023-03-13T08:50:20.443Z"}'
    headers:
      cache-control:
      - no-cache
      content-length:
      - '108'
      content-type:
      - application/json; charset=utf-8
      date:
      - Mon, 13 Mar 2023 08:50:21 GMT
      expires:
      - '-1'
      pragma:
      - no-cache
      server:
      - Microsoft-HTTPAPI/2.0
      strict-transport-security:
      - max-age=31536000; includeSubDomains
      transfer-encoding:
      - chunked
      vary:
      - Accept-Encoding
      x-content-type-options:
      - nosniff
    status:
      code: 200
      message: OK
- request:
    body: null
    headers:
      Accept:
      - '*/*'
      Accept-Encoding:
      - gzip, deflate
      CommandName:
      - sql server create
      Connection:
      - keep-alive
      ParameterSetName:
      - -l -g -n -u -p
      User-Agent:
      - AZURECLI/2.46.0 azsdk-python-mgmt-sql/4.0.0b8 Python/3.10.10 (Linux-5.15.0-1033-azure-x86_64-with-glibc2.31)
        VSTS_7b238909-6802-4b65-b90d-184bca47f458_build_220_0
    method: GET
    uri: https://management.azure.com/subscriptions/00000000-0000-0000-0000-000000000000/resourceGroups/clitest.rg000001/providers/Microsoft.Sql/locations/westeurope/serverAzureAsyncOperation/f0744abe-38e5-4ea7-8ecf-c114f9b61c57?api-version=2022-08-01-preview
  response:
    body:
      string: '{"name":"f0744abe-38e5-4ea7-8ecf-c114f9b61c57","status":"InProgress","startTime":"2023-03-13T08:50:20.443Z"}'
    headers:
      cache-control:
      - no-cache
      content-length:
      - '108'
      content-type:
      - application/json; charset=utf-8
      date:
      - Mon, 13 Mar 2023 08:50:22 GMT
      expires:
      - '-1'
      pragma:
      - no-cache
      server:
      - Microsoft-HTTPAPI/2.0
      strict-transport-security:
      - max-age=31536000; includeSubDomains
      transfer-encoding:
      - chunked
      vary:
      - Accept-Encoding
      x-content-type-options:
      - nosniff
    status:
      code: 200
      message: OK
- request:
    body: null
    headers:
      Accept:
      - '*/*'
      Accept-Encoding:
      - gzip, deflate
      CommandName:
      - sql server create
      Connection:
      - keep-alive
      ParameterSetName:
      - -l -g -n -u -p
      User-Agent:
      - AZURECLI/2.46.0 azsdk-python-mgmt-sql/4.0.0b8 Python/3.10.10 (Linux-5.15.0-1033-azure-x86_64-with-glibc2.31)
        VSTS_7b238909-6802-4b65-b90d-184bca47f458_build_220_0
    method: GET
    uri: https://management.azure.com/subscriptions/00000000-0000-0000-0000-000000000000/resourceGroups/clitest.rg000001/providers/Microsoft.Sql/locations/westeurope/serverAzureAsyncOperation/f0744abe-38e5-4ea7-8ecf-c114f9b61c57?api-version=2022-08-01-preview
  response:
    body:
      string: '{"name":"f0744abe-38e5-4ea7-8ecf-c114f9b61c57","status":"InProgress","startTime":"2023-03-13T08:50:20.443Z"}'
    headers:
      cache-control:
      - no-cache
      content-length:
      - '108'
      content-type:
      - application/json; charset=utf-8
      date:
      - Mon, 13 Mar 2023 08:50:23 GMT
      expires:
      - '-1'
      pragma:
      - no-cache
      server:
      - Microsoft-HTTPAPI/2.0
      strict-transport-security:
      - max-age=31536000; includeSubDomains
      transfer-encoding:
      - chunked
      vary:
      - Accept-Encoding
      x-content-type-options:
      - nosniff
    status:
      code: 200
      message: OK
- request:
    body: null
    headers:
      Accept:
      - '*/*'
      Accept-Encoding:
      - gzip, deflate
      CommandName:
      - sql server create
      Connection:
      - keep-alive
      ParameterSetName:
      - -l -g -n -u -p
      User-Agent:
      - AZURECLI/2.46.0 azsdk-python-mgmt-sql/4.0.0b8 Python/3.10.10 (Linux-5.15.0-1033-azure-x86_64-with-glibc2.31)
        VSTS_7b238909-6802-4b65-b90d-184bca47f458_build_220_0
    method: GET
    uri: https://management.azure.com/subscriptions/00000000-0000-0000-0000-000000000000/resourceGroups/clitest.rg000001/providers/Microsoft.Sql/locations/westeurope/serverAzureAsyncOperation/f0744abe-38e5-4ea7-8ecf-c114f9b61c57?api-version=2022-08-01-preview
  response:
    body:
      string: '{"name":"f0744abe-38e5-4ea7-8ecf-c114f9b61c57","status":"InProgress","startTime":"2023-03-13T08:50:20.443Z"}'
    headers:
      cache-control:
      - no-cache
      content-length:
      - '108'
      content-type:
      - application/json; charset=utf-8
      date:
      - Mon, 13 Mar 2023 08:50:24 GMT
      expires:
      - '-1'
      pragma:
      - no-cache
      server:
      - Microsoft-HTTPAPI/2.0
      strict-transport-security:
      - max-age=31536000; includeSubDomains
      transfer-encoding:
      - chunked
      vary:
      - Accept-Encoding
      x-content-type-options:
      - nosniff
    status:
      code: 200
      message: OK
- request:
    body: null
    headers:
      Accept:
      - '*/*'
      Accept-Encoding:
      - gzip, deflate
      CommandName:
      - sql server create
      Connection:
      - keep-alive
      ParameterSetName:
      - -l -g -n -u -p
      User-Agent:
      - AZURECLI/2.46.0 azsdk-python-mgmt-sql/4.0.0b8 Python/3.10.10 (Linux-5.15.0-1033-azure-x86_64-with-glibc2.31)
        VSTS_7b238909-6802-4b65-b90d-184bca47f458_build_220_0
    method: GET
    uri: https://management.azure.com/subscriptions/00000000-0000-0000-0000-000000000000/resourceGroups/clitest.rg000001/providers/Microsoft.Sql/locations/westeurope/serverAzureAsyncOperation/f0744abe-38e5-4ea7-8ecf-c114f9b61c57?api-version=2022-08-01-preview
  response:
    body:
      string: '{"name":"f0744abe-38e5-4ea7-8ecf-c114f9b61c57","status":"InProgress","startTime":"2023-03-13T08:50:20.443Z"}'
    headers:
      cache-control:
      - no-cache
      content-length:
      - '108'
      content-type:
      - application/json; charset=utf-8
      date:
      - Mon, 13 Mar 2023 08:50:25 GMT
      expires:
      - '-1'
      pragma:
      - no-cache
      server:
      - Microsoft-HTTPAPI/2.0
      strict-transport-security:
      - max-age=31536000; includeSubDomains
      transfer-encoding:
      - chunked
      vary:
      - Accept-Encoding
      x-content-type-options:
      - nosniff
    status:
      code: 200
      message: OK
- request:
    body: null
    headers:
      Accept:
      - '*/*'
      Accept-Encoding:
      - gzip, deflate
      CommandName:
      - sql server create
      Connection:
      - keep-alive
      ParameterSetName:
      - -l -g -n -u -p
      User-Agent:
      - AZURECLI/2.46.0 azsdk-python-mgmt-sql/4.0.0b8 Python/3.10.10 (Linux-5.15.0-1033-azure-x86_64-with-glibc2.31)
        VSTS_7b238909-6802-4b65-b90d-184bca47f458_build_220_0
    method: GET
    uri: https://management.azure.com/subscriptions/00000000-0000-0000-0000-000000000000/resourceGroups/clitest.rg000001/providers/Microsoft.Sql/locations/westeurope/serverAzureAsyncOperation/f0744abe-38e5-4ea7-8ecf-c114f9b61c57?api-version=2022-08-01-preview
  response:
    body:
      string: '{"name":"f0744abe-38e5-4ea7-8ecf-c114f9b61c57","status":"InProgress","startTime":"2023-03-13T08:50:20.443Z"}'
    headers:
      cache-control:
      - no-cache
      content-length:
      - '108'
      content-type:
      - application/json; charset=utf-8
      date:
      - Mon, 13 Mar 2023 08:50:45 GMT
      expires:
      - '-1'
      pragma:
      - no-cache
      server:
      - Microsoft-HTTPAPI/2.0
      strict-transport-security:
      - max-age=31536000; includeSubDomains
      transfer-encoding:
      - chunked
      vary:
      - Accept-Encoding
      x-content-type-options:
      - nosniff
    status:
      code: 200
      message: OK
- request:
    body: null
    headers:
      Accept:
      - '*/*'
      Accept-Encoding:
      - gzip, deflate
      CommandName:
      - sql server create
      Connection:
      - keep-alive
      ParameterSetName:
      - -l -g -n -u -p
      User-Agent:
      - AZURECLI/2.46.0 azsdk-python-mgmt-sql/4.0.0b8 Python/3.10.10 (Linux-5.15.0-1033-azure-x86_64-with-glibc2.31)
        VSTS_7b238909-6802-4b65-b90d-184bca47f458_build_220_0
    method: GET
    uri: https://management.azure.com/subscriptions/00000000-0000-0000-0000-000000000000/resourceGroups/clitest.rg000001/providers/Microsoft.Sql/locations/westeurope/serverAzureAsyncOperation/f0744abe-38e5-4ea7-8ecf-c114f9b61c57?api-version=2022-08-01-preview
  response:
    body:
      string: '{"name":"f0744abe-38e5-4ea7-8ecf-c114f9b61c57","status":"InProgress","startTime":"2023-03-13T08:50:20.443Z"}'
    headers:
      cache-control:
      - no-cache
      content-length:
      - '108'
      content-type:
      - application/json; charset=utf-8
      date:
      - Mon, 13 Mar 2023 08:51:05 GMT
      expires:
      - '-1'
      pragma:
      - no-cache
      server:
      - Microsoft-HTTPAPI/2.0
      strict-transport-security:
      - max-age=31536000; includeSubDomains
      transfer-encoding:
      - chunked
      vary:
      - Accept-Encoding
      x-content-type-options:
      - nosniff
    status:
      code: 200
      message: OK
- request:
    body: null
    headers:
      Accept:
      - '*/*'
      Accept-Encoding:
      - gzip, deflate
      CommandName:
      - sql server create
      Connection:
      - keep-alive
      ParameterSetName:
      - -l -g -n -u -p
      User-Agent:
      - AZURECLI/2.46.0 azsdk-python-mgmt-sql/4.0.0b8 Python/3.10.10 (Linux-5.15.0-1033-azure-x86_64-with-glibc2.31)
        VSTS_7b238909-6802-4b65-b90d-184bca47f458_build_220_0
    method: GET
    uri: https://management.azure.com/subscriptions/00000000-0000-0000-0000-000000000000/resourceGroups/clitest.rg000001/providers/Microsoft.Sql/locations/westeurope/serverAzureAsyncOperation/f0744abe-38e5-4ea7-8ecf-c114f9b61c57?api-version=2022-08-01-preview
  response:
    body:
      string: '{"name":"f0744abe-38e5-4ea7-8ecf-c114f9b61c57","status":"Succeeded","startTime":"2023-03-13T08:50:20.443Z"}'
    headers:
      cache-control:
      - no-cache
      content-length:
      - '107'
      content-type:
      - application/json; charset=utf-8
      date:
      - Mon, 13 Mar 2023 08:51:25 GMT
      expires:
      - '-1'
      pragma:
      - no-cache
      server:
      - Microsoft-HTTPAPI/2.0
      strict-transport-security:
      - max-age=31536000; includeSubDomains
      transfer-encoding:
      - chunked
      vary:
      - Accept-Encoding
      x-content-type-options:
      - nosniff
    status:
      code: 200
      message: OK
- request:
    body: null
    headers:
      Accept:
      - '*/*'
      Accept-Encoding:
      - gzip, deflate
      CommandName:
      - sql server create
      Connection:
      - keep-alive
      ParameterSetName:
      - -l -g -n -u -p
      User-Agent:
      - AZURECLI/2.46.0 azsdk-python-mgmt-sql/4.0.0b8 Python/3.10.10 (Linux-5.15.0-1033-azure-x86_64-with-glibc2.31)
        VSTS_7b238909-6802-4b65-b90d-184bca47f458_build_220_0
    method: GET
    uri: https://management.azure.com/subscriptions/00000000-0000-0000-0000-000000000000/resourceGroups/clitest.rg000001/providers/Microsoft.Sql/servers/clitestserver000003?api-version=2022-08-01-preview
  response:
    body:
      string: '{"kind":"v12.0","properties":{"administratorLogin":"admin123","version":"12.0","state":"Ready","fullyQualifiedDomainName":"clitestserver000003.database.windows.net","privateEndpointConnections":[],"publicNetworkAccess":"Enabled","restrictOutboundNetworkAccess":"Disabled","externalGovernanceStatus":"Disabled"},"location":"westeurope","id":"/subscriptions/00000000-0000-0000-0000-000000000000/resourceGroups/clitest.rg000001/providers/Microsoft.Sql/servers/clitestserver000003","name":"clitestserver000003","type":"Microsoft.Sql/servers"}'
    headers:
      cache-control:
      - no-cache
      content-length:
      - '538'
      content-type:
      - application/json; charset=utf-8
      date:
      - Mon, 13 Mar 2023 08:51:26 GMT
      expires:
      - '-1'
      pragma:
      - no-cache
      server:
      - Microsoft-HTTPAPI/2.0
      strict-transport-security:
      - max-age=31536000; includeSubDomains
      transfer-encoding:
      - chunked
      vary:
      - Accept-Encoding
      x-content-type-options:
      - nosniff
    status:
      code: 200
      message: OK
- request:
    body: null
    headers:
      Accept:
      - application/json
      Accept-Encoding:
      - gzip, deflate
      CommandName:
      - storage account show
      Connection:
      - keep-alive
      ParameterSetName:
      - -g -n --query
      User-Agent:
      - AZURECLI/2.46.0 azsdk-python-azure-mgmt-storage/21.0.0 Python/3.10.10 (Linux-5.15.0-1033-azure-x86_64-with-glibc2.31)
        VSTS_7b238909-6802-4b65-b90d-184bca47f458_build_220_0
    method: GET
    uri: https://management.azure.com/subscriptions/00000000-0000-0000-0000-000000000000/resourceGroups/clitest.rg000001/providers/Microsoft.Storage/storageAccounts/clitest000004?api-version=2022-09-01
  response:
    body:
      string: '{"sku":{"name":"Standard_LRS","tier":"Standard"},"kind":"Storage","id":"/subscriptions/00000000-0000-0000-0000-000000000000/resourceGroups/clitest.rg000001/providers/Microsoft.Storage/storageAccounts/clitest000004","name":"clitest000004","type":"Microsoft.Storage/storageAccounts","location":"westus","tags":{},"properties":{"keyCreationTime":{"key1":"2023-03-13T08:51:29.4793377Z","key2":"2023-03-13T08:51:29.4793377Z"},"privateEndpointConnections":[],"minimumTlsVersion":"TLS1_0","allowBlobPublicAccess":false,"networkAcls":{"bypass":"AzureServices","virtualNetworkRules":[],"ipRules":[],"defaultAction":"Allow"},"supportsHttpsTrafficOnly":true,"encryption":{"services":{"file":{"keyType":"Account","enabled":true,"lastEnabledTime":"2023-03-13T08:51:30.2449614Z"},"blob":{"keyType":"Account","enabled":true,"lastEnabledTime":"2023-03-13T08:51:30.2449614Z"}},"keySource":"Microsoft.Storage"},"provisioningState":"Succeeded","creationTime":"2023-03-13T08:51:29.3543386Z","primaryEndpoints":{"blob":"https://clitest000004.blob.core.windows.net/","queue":"https://clitest000004.queue.core.windows.net/","table":"https://clitest000004.table.core.windows.net/","file":"https://clitest000004.file.core.windows.net/"},"primaryLocation":"westus","statusOfPrimary":"available"}}'
    headers:
      cache-control:
      - no-cache
      content-length:
      - '1270'
      content-type:
      - application/json
      date:
      - Mon, 13 Mar 2023 08:52:12 GMT
      expires:
      - '-1'
      pragma:
      - no-cache
      server:
      - Microsoft-Azure-Storage-Resource-Provider/1.0,Microsoft-HTTPAPI/2.0 Microsoft-HTTPAPI/2.0
      strict-transport-security:
      - max-age=31536000; includeSubDomains
      transfer-encoding:
      - chunked
      vary:
      - Accept-Encoding
      x-content-type-options:
      - nosniff
    status:
      code: 200
      message: OK
- request:
    body: null
    headers:
      Accept:
      - application/json
      Accept-Encoding:
      - gzip, deflate
      CommandName:
      - storage account keys list
      Connection:
      - keep-alive
      Content-Length:
      - '0'
      ParameterSetName:
      - -g -n --query
      User-Agent:
      - AZURECLI/2.46.0 azsdk-python-azure-mgmt-storage/21.0.0 Python/3.10.10 (Linux-5.15.0-1033-azure-x86_64-with-glibc2.31)
        VSTS_7b238909-6802-4b65-b90d-184bca47f458_build_220_0
    method: POST
    uri: https://management.azure.com/subscriptions/00000000-0000-0000-0000-000000000000/resourceGroups/clitest.rg000001/providers/Microsoft.Storage/storageAccounts/clitest000004/listKeys?api-version=2022-09-01&$expand=kerb
  response:
    body:
      string: '{"keys":[{"creationTime":"2023-03-13T08:51:29.4793377Z","keyName":"key1","value":"veryFakedStorageAccountKey==","permissions":"FULL"},{"creationTime":"2023-03-13T08:51:29.4793377Z","keyName":"key2","value":"veryFakedStorageAccountKey==","permissions":"FULL"}]}'
    headers:
      cache-control:
      - no-cache
      content-length:
      - '260'
      content-type:
      - application/json
      date:
      - Mon, 13 Mar 2023 08:52:13 GMT
      expires:
      - '-1'
      pragma:
      - no-cache
      server:
      - Microsoft-Azure-Storage-Resource-Provider/1.0,Microsoft-HTTPAPI/2.0 Microsoft-HTTPAPI/2.0
      strict-transport-security:
      - max-age=31536000; includeSubDomains
      transfer-encoding:
      - chunked
      vary:
      - Accept-Encoding
      x-content-type-options:
      - nosniff
      x-ms-ratelimit-remaining-subscription-resource-requests:
      - '11999'
    status:
      code: 200
      message: OK
- request:
    body: null
    headers:
      Accept:
      - application/json
      Accept-Encoding:
      - gzip, deflate
      CommandName:
      - sql server audit-policy show
      Connection:
      - keep-alive
      ParameterSetName:
      - -g -n
      User-Agent:
      - AZURECLI/2.46.0 azsdk-python-mgmt-sql/4.0.0b8 Python/3.10.10 (Linux-5.15.0-1033-azure-x86_64-with-glibc2.31)
        VSTS_7b238909-6802-4b65-b90d-184bca47f458_build_220_0
    method: GET
    uri: https://management.azure.com/subscriptions/00000000-0000-0000-0000-000000000000/resourceGroups/clitest.rg000001/providers/Microsoft.Sql/servers/clitestserver000003/auditingSettings/default?api-version=2021-11-01-preview
  response:
    body:
      string: '{"properties":{"retentionDays":0,"auditActionsAndGroups":[],"isStorageSecondaryKeyInUse":false,"isAzureMonitorTargetEnabled":false,"isManagedIdentityInUse":false,"state":"Disabled","storageEndpoint":"","storageAccountSubscriptionId":"00000000-0000-0000-0000-000000000000"},"id":"/subscriptions/00000000-0000-0000-0000-000000000000/resourceGroups/clitest.rg000001/providers/Microsoft.Sql/servers/clitestserver000003/auditingSettings/Default","name":"Default","type":"Microsoft.Sql/servers/auditingSettings"}'
    headers:
      cache-control:
      - no-cache
      content-length:
      - '506'
      content-type:
      - application/json; charset=utf-8
      date:
      - Mon, 13 Mar 2023 08:52:14 GMT
      expires:
      - '-1'
      pragma:
      - no-cache
      server:
      - Microsoft-HTTPAPI/2.0
      strict-transport-security:
      - max-age=31536000; includeSubDomains
      transfer-encoding:
      - chunked
      vary:
      - Accept-Encoding
      x-content-type-options:
      - nosniff
    status:
      code: 200
      message: OK
- request:
    body: null
    headers:
      Accept:
      - application/json
      Accept-Encoding:
      - gzip, deflate
      CommandName:
      - sql server audit-policy update
      Connection:
      - keep-alive
      ParameterSetName:
      - -g -n --state --blob-storage-target-state --storage-key --storage-endpoint
        --retention-days --actions
      User-Agent:
      - AZURECLI/2.46.0 azsdk-python-mgmt-sql/4.0.0b8 Python/3.10.10 (Linux-5.15.0-1033-azure-x86_64-with-glibc2.31)
        VSTS_7b238909-6802-4b65-b90d-184bca47f458_build_220_0
    method: GET
    uri: https://management.azure.com/subscriptions/00000000-0000-0000-0000-000000000000/resourceGroups/clitest.rg000001/providers/Microsoft.Sql/servers/clitestserver000003/auditingSettings/default?api-version=2021-11-01-preview
  response:
    body:
      string: '{"properties":{"retentionDays":0,"auditActionsAndGroups":[],"isStorageSecondaryKeyInUse":false,"isAzureMonitorTargetEnabled":false,"isManagedIdentityInUse":false,"state":"Disabled","storageEndpoint":"","storageAccountSubscriptionId":"00000000-0000-0000-0000-000000000000"},"id":"/subscriptions/00000000-0000-0000-0000-000000000000/resourceGroups/clitest.rg000001/providers/Microsoft.Sql/servers/clitestserver000003/auditingSettings/Default","name":"Default","type":"Microsoft.Sql/servers/auditingSettings"}'
    headers:
      cache-control:
      - no-cache
      content-length:
      - '506'
      content-type:
      - application/json; charset=utf-8
      date:
      - Mon, 13 Mar 2023 08:52:14 GMT
      expires:
      - '-1'
      pragma:
      - no-cache
      server:
      - Microsoft-HTTPAPI/2.0
      strict-transport-security:
      - max-age=31536000; includeSubDomains
      transfer-encoding:
      - chunked
      vary:
      - Accept-Encoding
      x-content-type-options:
      - nosniff
    status:
      code: 200
      message: OK
- request:
    body: '{"properties": {"retentionDays": 30, "auditActionsAndGroups": ["DATABASE_LOGOUT_GROUP",
      "DATABASE_ROLE_MEMBER_CHANGE_GROUP"], "isStorageSecondaryKeyInUse": false, "isAzureMonitorTargetEnabled":
      false, "isManagedIdentityInUse": false, "state": "Enabled", "storageEndpoint":
      "https://clitest000004.blob.core.windows.net/", "storageAccountAccessKey": "veryFakedStorageAccountKey==",
      "storageAccountSubscriptionId": "00000000-0000-0000-0000-000000000000"}}'
    headers:
      Accept:
      - application/json
      Accept-Encoding:
      - gzip, deflate
      CommandName:
      - sql server audit-policy update
      Connection:
      - keep-alive
      Content-Length:
      - '452'
      Content-Type:
      - application/json
      ParameterSetName:
      - -g -n --state --blob-storage-target-state --storage-key --storage-endpoint
        --retention-days --actions
      User-Agent:
      - AZURECLI/2.46.0 azsdk-python-mgmt-sql/4.0.0b8 Python/3.10.10 (Linux-5.15.0-1033-azure-x86_64-with-glibc2.31)
        VSTS_7b238909-6802-4b65-b90d-184bca47f458_build_220_0
    method: PUT
    uri: https://management.azure.com/subscriptions/00000000-0000-0000-0000-000000000000/resourceGroups/clitest.rg000001/providers/Microsoft.Sql/servers/clitestserver000003/auditingSettings/default?api-version=2021-11-01-preview
  response:
    body:
      string: '{"operation":"UpsertServerEngineAuditingPolicy","startTime":"2023-03-13T08:52:15.083Z"}'
    headers:
      azure-asyncoperation:
      - https://management.azure.com/subscriptions/00000000-0000-0000-0000-000000000000/providers/Microsoft.Sql/locations/westeurope/auditingSettingsAzureAsyncOperation/be205b7d-8e76-4cb5-a121-1db962f6f434?api-version=2021-11-01-preview
      cache-control:
      - no-cache
      content-length:
      - '87'
      content-type:
      - application/json; charset=utf-8
      date:
      - Mon, 13 Mar 2023 08:52:14 GMT
      expires:
      - '-1'
      location:
      - https://management.azure.com/subscriptions/00000000-0000-0000-0000-000000000000/providers/Microsoft.Sql/locations/westeurope/auditingSettingsOperationResults/be205b7d-8e76-4cb5-a121-1db962f6f434?api-version=2021-11-01-preview
      pragma:
      - no-cache
      server:
      - Microsoft-HTTPAPI/2.0
      strict-transport-security:
      - max-age=31536000; includeSubDomains
      x-content-type-options:
      - nosniff
      x-ms-ratelimit-remaining-subscription-writes:
      - '1198'
    status:
      code: 202
      message: Accepted
- request:
    body: null
    headers:
      Accept:
      - '*/*'
      Accept-Encoding:
      - gzip, deflate
      CommandName:
      - sql server audit-policy update
      Connection:
      - keep-alive
      ParameterSetName:
      - -g -n --state --blob-storage-target-state --storage-key --storage-endpoint
        --retention-days --actions
      User-Agent:
      - AZURECLI/2.46.0 azsdk-python-mgmt-sql/4.0.0b8 Python/3.10.10 (Linux-5.15.0-1033-azure-x86_64-with-glibc2.31)
        VSTS_7b238909-6802-4b65-b90d-184bca47f458_build_220_0
    method: GET
    uri: https://management.azure.com/subscriptions/00000000-0000-0000-0000-000000000000/providers/Microsoft.Sql/locations/westeurope/auditingSettingsAzureAsyncOperation/be205b7d-8e76-4cb5-a121-1db962f6f434?api-version=2021-11-01-preview
  response:
    body:
      string: '{"name":"be205b7d-8e76-4cb5-a121-1db962f6f434","status":"Succeeded","startTime":"2023-03-13T08:52:15.083Z"}'
    headers:
      cache-control:
      - no-cache
      content-length:
      - '107'
      content-type:
      - application/json; charset=utf-8
      date:
      - Mon, 13 Mar 2023 08:53:15 GMT
      expires:
      - '-1'
      pragma:
      - no-cache
      server:
      - Microsoft-HTTPAPI/2.0
      strict-transport-security:
      - max-age=31536000; includeSubDomains
      x-content-type-options:
      - nosniff
    status:
      code: 200
      message: OK
- request:
    body: null
    headers:
      Accept:
      - '*/*'
      Accept-Encoding:
      - gzip, deflate
      CommandName:
      - sql server audit-policy update
      Connection:
      - keep-alive
      ParameterSetName:
      - -g -n --state --blob-storage-target-state --storage-key --storage-endpoint
        --retention-days --actions
      User-Agent:
      - AZURECLI/2.46.0 azsdk-python-mgmt-sql/4.0.0b8 Python/3.10.10 (Linux-5.15.0-1033-azure-x86_64-with-glibc2.31)
        VSTS_7b238909-6802-4b65-b90d-184bca47f458_build_220_0
    method: GET
    uri: https://management.azure.com/subscriptions/00000000-0000-0000-0000-000000000000/resourceGroups/clitest.rg000001/providers/Microsoft.Sql/servers/clitestserver000003/auditingSettings/default?api-version=2021-11-01-preview
  response:
    body:
      string: '{"properties":{"retentionDays":30,"auditActionsAndGroups":["DATABASE_LOGOUT_GROUP","DATABASE_ROLE_MEMBER_CHANGE_GROUP"],"isStorageSecondaryKeyInUse":false,"isAzureMonitorTargetEnabled":false,"isManagedIdentityInUse":false,"state":"Enabled","storageEndpoint":"https://clitest000004.blob.core.windows.net/","storageAccountSubscriptionId":"00000000-0000-0000-0000-000000000000"},"id":"/subscriptions/00000000-0000-0000-0000-000000000000/resourceGroups/clitest.rg000001/providers/Microsoft.Sql/servers/clitestserver000003/auditingSettings/Default","name":"Default","type":"Microsoft.Sql/servers/auditingSettings"}'
    headers:
      cache-control:
      - no-cache
      content-length:
      - '609'
      content-type:
      - application/json; charset=utf-8
      date:
      - Mon, 13 Mar 2023 08:53:15 GMT
      expires:
      - '-1'
      pragma:
      - no-cache
      server:
      - Microsoft-HTTPAPI/2.0
      strict-transport-security:
      - max-age=31536000; includeSubDomains
      x-content-type-options:
      - nosniff
    status:
      code: 200
      message: OK
- request:
    body: null
    headers:
      Accept:
      - application/json
      Accept-Encoding:
      - gzip, deflate
      CommandName:
      - sql server audit-policy show
      Connection:
      - keep-alive
      ParameterSetName:
      - -g -n
      User-Agent:
      - AZURECLI/2.46.0 azsdk-python-mgmt-sql/4.0.0b8 Python/3.10.10 (Linux-5.15.0-1033-azure-x86_64-with-glibc2.31)
        VSTS_7b238909-6802-4b65-b90d-184bca47f458_build_220_0
    method: GET
    uri: https://management.azure.com/subscriptions/00000000-0000-0000-0000-000000000000/resourceGroups/clitest.rg000001/providers/Microsoft.Sql/servers/clitestserver000003/auditingSettings/default?api-version=2021-11-01-preview
  response:
    body:
      string: '{"properties":{"retentionDays":30,"auditActionsAndGroups":["DATABASE_LOGOUT_GROUP","DATABASE_ROLE_MEMBER_CHANGE_GROUP"],"isStorageSecondaryKeyInUse":false,"isAzureMonitorTargetEnabled":false,"isManagedIdentityInUse":false,"state":"Enabled","storageEndpoint":"https://clitest000004.blob.core.windows.net/","storageAccountSubscriptionId":"00000000-0000-0000-0000-000000000000"},"id":"/subscriptions/00000000-0000-0000-0000-000000000000/resourceGroups/clitest.rg000001/providers/Microsoft.Sql/servers/clitestserver000003/auditingSettings/Default","name":"Default","type":"Microsoft.Sql/servers/auditingSettings"}'
    headers:
      cache-control:
      - no-cache
      content-length:
      - '609'
      content-type:
      - application/json; charset=utf-8
      date:
      - Mon, 13 Mar 2023 08:53:15 GMT
      expires:
      - '-1'
      pragma:
      - no-cache
      server:
      - Microsoft-HTTPAPI/2.0
      strict-transport-security:
      - max-age=31536000; includeSubDomains
      transfer-encoding:
      - chunked
      vary:
      - Accept-Encoding
      x-content-type-options:
      - nosniff
    status:
      code: 200
      message: OK
- request:
    body: null
    headers:
      Accept:
      - application/json
      Accept-Encoding:
      - gzip, deflate
      CommandName:
      - storage account show
      Connection:
      - keep-alive
      ParameterSetName:
      - -g -n --query
      User-Agent:
      - AZURECLI/2.46.0 azsdk-python-azure-mgmt-storage/21.0.0 Python/3.10.10 (Linux-5.15.0-1033-azure-x86_64-with-glibc2.31)
        VSTS_7b238909-6802-4b65-b90d-184bca47f458_build_220_0
    method: GET
    uri: https://management.azure.com/subscriptions/00000000-0000-0000-0000-000000000000/resourceGroups/clitest.rg000002/providers/Microsoft.Storage/storageAccounts/clitest000005?api-version=2022-09-01
  response:
    body:
      string: '{"sku":{"name":"Standard_LRS","tier":"Standard"},"kind":"Storage","id":"/subscriptions/00000000-0000-0000-0000-000000000000/resourceGroups/clitest.rg000002/providers/Microsoft.Storage/storageAccounts/clitest000005","name":"clitest000005","type":"Microsoft.Storage/storageAccounts","location":"westus","tags":{},"properties":{"keyCreationTime":{"key1":"2023-03-13T08:51:52.5261841Z","key2":"2023-03-13T08:51:52.5261841Z"},"privateEndpointConnections":[],"minimumTlsVersion":"TLS1_0","allowBlobPublicAccess":false,"networkAcls":{"bypass":"AzureServices","virtualNetworkRules":[],"ipRules":[],"defaultAction":"Allow"},"supportsHttpsTrafficOnly":true,"encryption":{"services":{"file":{"keyType":"Account","enabled":true,"lastEnabledTime":"2023-03-13T08:51:53.2918144Z"},"blob":{"keyType":"Account","enabled":true,"lastEnabledTime":"2023-03-13T08:51:53.2918144Z"}},"keySource":"Microsoft.Storage"},"provisioningState":"Succeeded","creationTime":"2023-03-13T08:51:52.4011872Z","primaryEndpoints":{"blob":"https://clitest000005.blob.core.windows.net/","queue":"https://clitest000005.queue.core.windows.net/","table":"https://clitest000005.table.core.windows.net/","file":"https://clitest000005.file.core.windows.net/"},"primaryLocation":"westus","statusOfPrimary":"available"}}'
    headers:
      cache-control:
      - no-cache
      content-length:
      - '1270'
      content-type:
      - application/json
      date:
      - Mon, 13 Mar 2023 08:53:16 GMT
      expires:
      - '-1'
      pragma:
      - no-cache
      server:
      - Microsoft-Azure-Storage-Resource-Provider/1.0,Microsoft-HTTPAPI/2.0 Microsoft-HTTPAPI/2.0
      strict-transport-security:
      - max-age=31536000; includeSubDomains
      x-content-type-options:
      - nosniff
    status:
      code: 200
      message: OK
- request:
    body: null
    headers:
      Accept:
      - application/json
      Accept-Encoding:
      - gzip, deflate
      CommandName:
      - sql server audit-policy update
      Connection:
      - keep-alive
      ParameterSetName:
      - -g -n --blob-storage-target-state --storage-account
      User-Agent:
      - AZURECLI/2.46.0 azsdk-python-mgmt-sql/4.0.0b8 Python/3.10.10 (Linux-5.15.0-1033-azure-x86_64-with-glibc2.31)
        VSTS_7b238909-6802-4b65-b90d-184bca47f458_build_220_0
    method: GET
    uri: https://management.azure.com/subscriptions/00000000-0000-0000-0000-000000000000/resourceGroups/clitest.rg000001/providers/Microsoft.Sql/servers/clitestserver000003/auditingSettings/default?api-version=2021-11-01-preview
  response:
    body:
      string: '{"properties":{"retentionDays":30,"auditActionsAndGroups":["DATABASE_LOGOUT_GROUP","DATABASE_ROLE_MEMBER_CHANGE_GROUP"],"isStorageSecondaryKeyInUse":false,"isAzureMonitorTargetEnabled":false,"isManagedIdentityInUse":false,"state":"Enabled","storageEndpoint":"https://clitest000004.blob.core.windows.net/","storageAccountSubscriptionId":"00000000-0000-0000-0000-000000000000"},"id":"/subscriptions/00000000-0000-0000-0000-000000000000/resourceGroups/clitest.rg000001/providers/Microsoft.Sql/servers/clitestserver000003/auditingSettings/Default","name":"Default","type":"Microsoft.Sql/servers/auditingSettings"}'
    headers:
      cache-control:
      - no-cache
      content-length:
      - '609'
      content-type:
      - application/json; charset=utf-8
      date:
      - Mon, 13 Mar 2023 08:53:16 GMT
      expires:
      - '-1'
      pragma:
      - no-cache
      server:
      - Microsoft-HTTPAPI/2.0
      strict-transport-security:
      - max-age=31536000; includeSubDomains
      transfer-encoding:
      - chunked
      vary:
      - Accept-Encoding
      x-content-type-options:
      - nosniff
    status:
      code: 200
      message: OK
- request:
    body: null
    headers:
      Accept:
      - application/json
      Accept-Encoding:
      - gzip, deflate
      CommandName:
      - sql server audit-policy update
      Connection:
      - keep-alive
      ParameterSetName:
      - -g -n --blob-storage-target-state --storage-account
      User-Agent:
      - AZURECLI/2.46.0 azsdk-python-azure-mgmt-resource/22.0.0 Python/3.10.10 (Linux-5.15.0-1033-azure-x86_64-with-glibc2.31)
        VSTS_7b238909-6802-4b65-b90d-184bca47f458_build_220_0
    method: GET
    uri: https://management.azure.com/subscriptions/00000000-0000-0000-0000-000000000000/resources?$filter=name%20eq%20%27clitest000005%27%20and%20%28resourceType%20eq%20%27Microsoft.Storage%2FstorageAccounts%27%20or%20resourceType%20eq%20%27Microsoft.ClassicStorage%2FstorageAccounts%27%29&api-version=2022-09-01
  response:
    body:
      string: '{"value":[{"id":"/subscriptions/00000000-0000-0000-0000-000000000000/resourceGroups/clitest.rg000002/providers/Microsoft.Storage/storageAccounts/clitest000005","name":"clitest000005","type":"Microsoft.Storage/storageAccounts","sku":{"name":"Standard_LRS","tier":"Standard"},"kind":"Storage","location":"westus","tags":{}}],"nextLink":"https://management.azure.com/subscriptions/00000000-0000-0000-0000-000000000000/resources?%24filter=name+eq+%27clitest000005%27+and+(resourceType+eq+%27Microsoft.Storage%2fstorageAccounts%27+or+resourceType+eq+%27Microsoft.ClassicStorage%2fstorageAccounts%27)&api-version=2022-09-01&%24skiptoken=eyJuZXh0UGFydGl0aW9uS2V5IjoiMSE4IU9FTTVOa1UtIiwibmV4dFJvd0tleSI6IjEhMTQ4IU1FSXhSalkwTnpFeFFrWXdORVJFUVVGRlF6TkRRamt5TnpKR01EazFPVEJmUjFKTUxVWlpRazlVTFUxSlExSlBVMDlHVkRveVJVTlBSMDVKVkVsV1JWTkZVbFpKUTBWVE9qSkdRVU5EVDFWT1ZGTTZNa1pHV1VKUFZEb3lSRU5QUjA1SlZFbFdSUzFYUlZOVVZWTS0ifQ%3d%3d"}'
    headers:
      cache-control:
      - no-cache
      content-length:
      - '913'
      content-type:
      - application/json; charset=utf-8
      date:
      - Mon, 13 Mar 2023 08:53:15 GMT
      expires:
      - '-1'
      pragma:
      - no-cache
      strict-transport-security:
      - max-age=31536000; includeSubDomains
      vary:
      - Accept-Encoding
      x-content-type-options:
      - nosniff
    status:
      code: 200
      message: OK
- request:
    body: null
    headers:
      Accept:
      - '*/*'
      Accept-Encoding:
      - gzip, deflate
      CommandName:
      - sql server audit-policy update
      Connection:
      - keep-alive
      ParameterSetName:
      - -g -n --blob-storage-target-state --storage-account
      User-Agent:
      - AZURECLI/2.46.0 azsdk-python-azure-mgmt-resource/22.0.0 Python/3.10.10 (Linux-5.15.0-1033-azure-x86_64-with-glibc2.31)
        VSTS_7b238909-6802-4b65-b90d-184bca47f458_build_220_0
    method: GET
    uri: https://management.azure.com/subscriptions/00000000-0000-0000-0000-000000000000/resources?$filter=name%20eq%20%27clitest000005%27%20and%20%28resourceType%20eq%20%27Microsoft.Storage/storageAccounts%27%20or%20resourceType%20eq%20%27Microsoft.ClassicStorage/storageAccounts%27%29&api-version=2022-09-01&$skiptoken=eyJuZXh0UGFydGl0aW9uS2V5IjoiMSE4IU9FTTVOa1UtIiwibmV4dFJvd0tleSI6IjEhMTQ4IU1FSXhSalkwTnpFeFFrWXdORVJFUVVGRlF6TkRRamt5TnpKR01EazFPVEJmUjFKTUxVWlpRazlVTFUxSlExSlBVMDlHVkRveVJVTlBSMDVKVkVsV1JWTkZVbFpKUTBWVE9qSkdRVU5EVDFWT1ZGTTZNa1pHV1VKUFZEb3lSRU5QUjA1SlZFbFdSUzFYUlZOVVZWTS0ifQ%3D%3D
  response:
    body:
      string: '{"value":[]}'
    headers:
      cache-control:
      - no-cache
      content-length:
      - '12'
      content-type:
      - application/json; charset=utf-8
      date:
      - Mon, 13 Mar 2023 08:53:15 GMT
      expires:
      - '-1'
      pragma:
      - no-cache
      strict-transport-security:
      - max-age=31536000; includeSubDomains
      vary:
      - Accept-Encoding
      x-content-type-options:
      - nosniff
    status:
      code: 200
      message: OK
- request:
    body: null
    headers:
      Accept:
      - application/json
      Accept-Encoding:
      - gzip, deflate
      CommandName:
      - sql server audit-policy update
      Connection:
      - keep-alive
      ParameterSetName:
      - -g -n --blob-storage-target-state --storage-account
      User-Agent:
      - AZURECLI/2.46.0 azsdk-python-azure-mgmt-storage/21.0.0 Python/3.10.10 (Linux-5.15.0-1033-azure-x86_64-with-glibc2.31)
        VSTS_7b238909-6802-4b65-b90d-184bca47f458_build_220_0
    method: GET
    uri: https://management.azure.com/subscriptions/00000000-0000-0000-0000-000000000000/resourceGroups/clitest.rg000002/providers/Microsoft.Storage/storageAccounts/clitest000005?api-version=2022-09-01
  response:
    body:
      string: '{"sku":{"name":"Standard_LRS","tier":"Standard"},"kind":"Storage","id":"/subscriptions/00000000-0000-0000-0000-000000000000/resourceGroups/clitest.rg000002/providers/Microsoft.Storage/storageAccounts/clitest000005","name":"clitest000005","type":"Microsoft.Storage/storageAccounts","location":"westus","tags":{},"properties":{"keyCreationTime":{"key1":"2023-03-13T08:51:52.5261841Z","key2":"2023-03-13T08:51:52.5261841Z"},"privateEndpointConnections":[],"minimumTlsVersion":"TLS1_0","allowBlobPublicAccess":false,"networkAcls":{"bypass":"AzureServices","virtualNetworkRules":[],"ipRules":[],"defaultAction":"Allow"},"supportsHttpsTrafficOnly":true,"encryption":{"services":{"file":{"keyType":"Account","enabled":true,"lastEnabledTime":"2023-03-13T08:51:53.2918144Z"},"blob":{"keyType":"Account","enabled":true,"lastEnabledTime":"2023-03-13T08:51:53.2918144Z"}},"keySource":"Microsoft.Storage"},"provisioningState":"Succeeded","creationTime":"2023-03-13T08:51:52.4011872Z","primaryEndpoints":{"blob":"https://clitest000005.blob.core.windows.net/","queue":"https://clitest000005.queue.core.windows.net/","table":"https://clitest000005.table.core.windows.net/","file":"https://clitest000005.file.core.windows.net/"},"primaryLocation":"westus","statusOfPrimary":"available"}}'
    headers:
      cache-control:
      - no-cache
      content-length:
      - '1270'
      content-type:
      - application/json
      date:
      - Mon, 13 Mar 2023 08:53:16 GMT
      expires:
      - '-1'
      pragma:
      - no-cache
      server:
      - Microsoft-Azure-Storage-Resource-Provider/1.0,Microsoft-HTTPAPI/2.0 Microsoft-HTTPAPI/2.0
      strict-transport-security:
      - max-age=31536000; includeSubDomains
      x-content-type-options:
      - nosniff
    status:
      code: 200
      message: OK
- request:
    body: null
    headers:
      Accept:
      - application/json
      Accept-Encoding:
      - gzip, deflate
      CommandName:
      - sql server audit-policy update
      Connection:
      - keep-alive
      Content-Length:
      - '0'
      ParameterSetName:
      - -g -n --blob-storage-target-state --storage-account
      User-Agent:
      - AZURECLI/2.46.0 azsdk-python-azure-mgmt-storage/21.0.0 Python/3.10.10 (Linux-5.15.0-1033-azure-x86_64-with-glibc2.31)
        VSTS_7b238909-6802-4b65-b90d-184bca47f458_build_220_0
    method: POST
    uri: https://management.azure.com/subscriptions/00000000-0000-0000-0000-000000000000/resourceGroups/clitest.rg000002/providers/Microsoft.Storage/storageAccounts/clitest000005/listKeys?api-version=2022-09-01&$expand=kerb
  response:
    body:
      string: '{"keys":[{"creationTime":"2023-03-13T08:51:52.5261841Z","keyName":"key1","value":"veryFakedStorageAccountKey==","permissions":"FULL"},{"creationTime":"2023-03-13T08:51:52.5261841Z","keyName":"key2","value":"veryFakedStorageAccountKey==","permissions":"FULL"}]}'
    headers:
      cache-control:
      - no-cache
      content-length:
      - '260'
      content-type:
      - application/json
      date:
      - Mon, 13 Mar 2023 08:53:16 GMT
      expires:
      - '-1'
      pragma:
      - no-cache
      server:
      - Microsoft-Azure-Storage-Resource-Provider/1.0,Microsoft-HTTPAPI/2.0 Microsoft-HTTPAPI/2.0
      strict-transport-security:
      - max-age=31536000; includeSubDomains
      transfer-encoding:
      - chunked
      vary:
      - Accept-Encoding
      x-content-type-options:
      - nosniff
      x-ms-ratelimit-remaining-subscription-resource-requests:
      - '11999'
    status:
      code: 200
      message: OK
- request:
    body: '{"properties": {"retentionDays": 30, "auditActionsAndGroups": ["DATABASE_LOGOUT_GROUP",
      "DATABASE_ROLE_MEMBER_CHANGE_GROUP"], "isStorageSecondaryKeyInUse": false, "isAzureMonitorTargetEnabled":
      false, "isManagedIdentityInUse": false, "state": "Enabled", "storageEndpoint":
      "https://clitest000005.blob.core.windows.net/", "storageAccountAccessKey": "veryFakedStorageAccountKey==",
      "storageAccountSubscriptionId": "00000000-0000-0000-0000-000000000000"}}'
    headers:
      Accept:
      - application/json
      Accept-Encoding:
      - gzip, deflate
      CommandName:
      - sql server audit-policy update
      Connection:
      - keep-alive
      Content-Length:
      - '452'
      Content-Type:
      - application/json
      ParameterSetName:
      - -g -n --blob-storage-target-state --storage-account
      User-Agent:
      - AZURECLI/2.46.0 azsdk-python-mgmt-sql/4.0.0b8 Python/3.10.10 (Linux-5.15.0-1033-azure-x86_64-with-glibc2.31)
        VSTS_7b238909-6802-4b65-b90d-184bca47f458_build_220_0
    method: PUT
    uri: https://management.azure.com/subscriptions/00000000-0000-0000-0000-000000000000/resourceGroups/clitest.rg000001/providers/Microsoft.Sql/servers/clitestserver000003/auditingSettings/default?api-version=2021-11-01-preview
  response:
    body:
      string: '{"operation":"UpsertServerEngineAuditingPolicy","startTime":"2023-03-13T08:53:17.783Z"}'
    headers:
      azure-asyncoperation:
      - https://management.azure.com/subscriptions/00000000-0000-0000-0000-000000000000/providers/Microsoft.Sql/locations/westeurope/auditingSettingsAzureAsyncOperation/15b9613e-3818-431f-b14d-2339c688ddfb?api-version=2021-11-01-preview
      cache-control:
      - no-cache
      content-length:
      - '87'
      content-type:
      - application/json; charset=utf-8
      date:
      - Mon, 13 Mar 2023 08:53:17 GMT
      expires:
      - '-1'
      location:
      - https://management.azure.com/subscriptions/00000000-0000-0000-0000-000000000000/providers/Microsoft.Sql/locations/westeurope/auditingSettingsOperationResults/15b9613e-3818-431f-b14d-2339c688ddfb?api-version=2021-11-01-preview
      pragma:
      - no-cache
      server:
      - Microsoft-HTTPAPI/2.0
      strict-transport-security:
      - max-age=31536000; includeSubDomains
      x-content-type-options:
      - nosniff
      x-ms-ratelimit-remaining-subscription-writes:
      - '1199'
    status:
      code: 202
      message: Accepted
- request:
    body: null
    headers:
      Accept:
      - '*/*'
      Accept-Encoding:
      - gzip, deflate
      CommandName:
      - sql server audit-policy update
      Connection:
      - keep-alive
      ParameterSetName:
      - -g -n --blob-storage-target-state --storage-account
      User-Agent:
      - AZURECLI/2.46.0 azsdk-python-mgmt-sql/4.0.0b8 Python/3.10.10 (Linux-5.15.0-1033-azure-x86_64-with-glibc2.31)
        VSTS_7b238909-6802-4b65-b90d-184bca47f458_build_220_0
    method: GET
    uri: https://management.azure.com/subscriptions/00000000-0000-0000-0000-000000000000/providers/Microsoft.Sql/locations/westeurope/auditingSettingsAzureAsyncOperation/15b9613e-3818-431f-b14d-2339c688ddfb?api-version=2021-11-01-preview
  response:
    body:
      string: '{"name":"15b9613e-3818-431f-b14d-2339c688ddfb","status":"Succeeded","startTime":"2023-03-13T08:53:17.783Z"}'
    headers:
      cache-control:
      - no-cache
      content-length:
      - '107'
      content-type:
      - application/json; charset=utf-8
      date:
      - Mon, 13 Mar 2023 08:54:17 GMT
      expires:
      - '-1'
      pragma:
      - no-cache
      server:
      - Microsoft-HTTPAPI/2.0
      strict-transport-security:
      - max-age=31536000; includeSubDomains
      transfer-encoding:
      - chunked
      vary:
      - Accept-Encoding
      x-content-type-options:
      - nosniff
    status:
      code: 200
      message: OK
- request:
    body: null
    headers:
      Accept:
      - '*/*'
      Accept-Encoding:
      - gzip, deflate
      CommandName:
      - sql server audit-policy update
      Connection:
      - keep-alive
      ParameterSetName:
      - -g -n --blob-storage-target-state --storage-account
      User-Agent:
      - AZURECLI/2.46.0 azsdk-python-mgmt-sql/4.0.0b8 Python/3.10.10 (Linux-5.15.0-1033-azure-x86_64-with-glibc2.31)
        VSTS_7b238909-6802-4b65-b90d-184bca47f458_build_220_0
    method: GET
    uri: https://management.azure.com/subscriptions/00000000-0000-0000-0000-000000000000/resourceGroups/clitest.rg000001/providers/Microsoft.Sql/servers/clitestserver000003/auditingSettings/default?api-version=2021-11-01-preview
  response:
    body:
      string: '{"properties":{"retentionDays":30,"auditActionsAndGroups":["DATABASE_LOGOUT_GROUP","DATABASE_ROLE_MEMBER_CHANGE_GROUP"],"isStorageSecondaryKeyInUse":false,"isAzureMonitorTargetEnabled":false,"isManagedIdentityInUse":false,"state":"Enabled","storageEndpoint":"https://clitest000005.blob.core.windows.net/","storageAccountSubscriptionId":"00000000-0000-0000-0000-000000000000"},"id":"/subscriptions/00000000-0000-0000-0000-000000000000/resourceGroups/clitest.rg000001/providers/Microsoft.Sql/servers/clitestserver000003/auditingSettings/Default","name":"Default","type":"Microsoft.Sql/servers/auditingSettings"}'
    headers:
      cache-control:
      - no-cache
      content-length:
      - '609'
      content-type:
      - application/json; charset=utf-8
      date:
      - Mon, 13 Mar 2023 08:54:17 GMT
      expires:
      - '-1'
      pragma:
      - no-cache
      server:
      - Microsoft-HTTPAPI/2.0
      strict-transport-security:
      - max-age=31536000; includeSubDomains
      transfer-encoding:
      - chunked
      vary:
      - Accept-Encoding
      x-content-type-options:
      - nosniff
    status:
      code: 200
      message: OK
- request:
    body: null
    headers:
      Accept:
      - application/json
      Accept-Encoding:
      - gzip, deflate
      CommandName:
      - sql server audit-policy update
      Connection:
      - keep-alive
      ParameterSetName:
      - -g -n --state
      User-Agent:
      - AZURECLI/2.46.0 azsdk-python-mgmt-sql/4.0.0b8 Python/3.10.10 (Linux-5.15.0-1033-azure-x86_64-with-glibc2.31)
        VSTS_7b238909-6802-4b65-b90d-184bca47f458_build_220_0
    method: GET
    uri: https://management.azure.com/subscriptions/00000000-0000-0000-0000-000000000000/resourceGroups/clitest.rg000001/providers/Microsoft.Sql/servers/clitestserver000003/auditingSettings/default?api-version=2021-11-01-preview
  response:
    body:
      string: '{"properties":{"retentionDays":30,"auditActionsAndGroups":["DATABASE_LOGOUT_GROUP","DATABASE_ROLE_MEMBER_CHANGE_GROUP"],"isStorageSecondaryKeyInUse":false,"isAzureMonitorTargetEnabled":false,"isManagedIdentityInUse":false,"state":"Enabled","storageEndpoint":"https://clitest000005.blob.core.windows.net/","storageAccountSubscriptionId":"00000000-0000-0000-0000-000000000000"},"id":"/subscriptions/00000000-0000-0000-0000-000000000000/resourceGroups/clitest.rg000001/providers/Microsoft.Sql/servers/clitestserver000003/auditingSettings/Default","name":"Default","type":"Microsoft.Sql/servers/auditingSettings"}'
    headers:
      cache-control:
      - no-cache
      content-length:
      - '609'
      content-type:
      - application/json; charset=utf-8
      date:
      - Mon, 13 Mar 2023 08:54:18 GMT
      expires:
      - '-1'
      pragma:
      - no-cache
      server:
      - Microsoft-HTTPAPI/2.0
      strict-transport-security:
      - max-age=31536000; includeSubDomains
      transfer-encoding:
      - chunked
      vary:
      - Accept-Encoding
      x-content-type-options:
      - nosniff
    status:
      code: 200
      message: OK
- request:
    body: '{"properties": {"retentionDays": 30, "auditActionsAndGroups": ["DATABASE_LOGOUT_GROUP",
      "DATABASE_ROLE_MEMBER_CHANGE_GROUP"], "isStorageSecondaryKeyInUse": false, "isAzureMonitorTargetEnabled":
      false, "isManagedIdentityInUse": false, "state": "Disabled", "storageEndpoint":
      "https://clitest000005.blob.core.windows.net/", "storageAccountSubscriptionId":
      "00000000-0000-0000-0000-000000000000"}}'
    headers:
      Accept:
      - application/json
      Accept-Encoding:
      - gzip, deflate
      CommandName:
      - sql server audit-policy update
      Connection:
      - keep-alive
      Content-Length:
      - '394'
      Content-Type:
      - application/json
      ParameterSetName:
      - -g -n --state
      User-Agent:
      - AZURECLI/2.46.0 azsdk-python-mgmt-sql/4.0.0b8 Python/3.10.10 (Linux-5.15.0-1033-azure-x86_64-with-glibc2.31)
        VSTS_7b238909-6802-4b65-b90d-184bca47f458_build_220_0
    method: PUT
    uri: https://management.azure.com/subscriptions/00000000-0000-0000-0000-000000000000/resourceGroups/clitest.rg000001/providers/Microsoft.Sql/servers/clitestserver000003/auditingSettings/default?api-version=2021-11-01-preview
  response:
    body:
      string: '{"operation":"UpsertServerEngineAuditingPolicy","startTime":"2023-03-13T08:54:19.247Z"}'
    headers:
      azure-asyncoperation:
      - https://management.azure.com/subscriptions/00000000-0000-0000-0000-000000000000/providers/Microsoft.Sql/locations/westeurope/auditingSettingsAzureAsyncOperation/71f805f1-312e-42d9-9e07-49630cd6e51a?api-version=2021-11-01-preview
      cache-control:
      - no-cache
      content-length:
      - '87'
      content-type:
      - application/json; charset=utf-8
      date:
      - Mon, 13 Mar 2023 08:54:18 GMT
      expires:
      - '-1'
      location:
      - https://management.azure.com/subscriptions/00000000-0000-0000-0000-000000000000/providers/Microsoft.Sql/locations/westeurope/auditingSettingsOperationResults/71f805f1-312e-42d9-9e07-49630cd6e51a?api-version=2021-11-01-preview
      pragma:
      - no-cache
      server:
      - Microsoft-HTTPAPI/2.0
      strict-transport-security:
      - max-age=31536000; includeSubDomains
      x-content-type-options:
      - nosniff
      x-ms-ratelimit-remaining-subscription-writes:
      - '1197'
    status:
      code: 202
      message: Accepted
- request:
    body: null
    headers:
      Accept:
      - '*/*'
      Accept-Encoding:
      - gzip, deflate
      CommandName:
      - sql server audit-policy update
      Connection:
      - keep-alive
      ParameterSetName:
      - -g -n --state
      User-Agent:
      - AZURECLI/2.46.0 azsdk-python-mgmt-sql/4.0.0b8 Python/3.10.10 (Linux-5.15.0-1033-azure-x86_64-with-glibc2.31)
        VSTS_7b238909-6802-4b65-b90d-184bca47f458_build_220_0
    method: GET
    uri: https://management.azure.com/subscriptions/00000000-0000-0000-0000-000000000000/providers/Microsoft.Sql/locations/westeurope/auditingSettingsAzureAsyncOperation/71f805f1-312e-42d9-9e07-49630cd6e51a?api-version=2021-11-01-preview
  response:
    body:
      string: '{"name":"71f805f1-312e-42d9-9e07-49630cd6e51a","status":"Succeeded","startTime":"2023-03-13T08:54:19.247Z"}'
    headers:
      cache-control:
      - no-cache
      content-length:
      - '107'
      content-type:
      - application/json; charset=utf-8
      date:
      - Mon, 13 Mar 2023 08:55:19 GMT
      expires:
      - '-1'
      pragma:
      - no-cache
      server:
      - Microsoft-HTTPAPI/2.0
      strict-transport-security:
      - max-age=31536000; includeSubDomains
      transfer-encoding:
      - chunked
      vary:
      - Accept-Encoding
      x-content-type-options:
      - nosniff
    status:
      code: 200
      message: OK
- request:
    body: null
    headers:
      Accept:
      - '*/*'
      Accept-Encoding:
      - gzip, deflate
      CommandName:
      - sql server audit-policy update
      Connection:
      - keep-alive
      ParameterSetName:
      - -g -n --state
      User-Agent:
      - AZURECLI/2.46.0 azsdk-python-mgmt-sql/4.0.0b8 Python/3.10.10 (Linux-5.15.0-1033-azure-x86_64-with-glibc2.31)
        VSTS_7b238909-6802-4b65-b90d-184bca47f458_build_220_0
    method: GET
    uri: https://management.azure.com/subscriptions/00000000-0000-0000-0000-000000000000/resourceGroups/clitest.rg000001/providers/Microsoft.Sql/servers/clitestserver000003/auditingSettings/default?api-version=2021-11-01-preview
  response:
    body:
      string: '{"properties":{"retentionDays":30,"auditActionsAndGroups":["DATABASE_LOGOUT_GROUP","DATABASE_ROLE_MEMBER_CHANGE_GROUP"],"isStorageSecondaryKeyInUse":false,"isAzureMonitorTargetEnabled":false,"isManagedIdentityInUse":false,"state":"Disabled","storageEndpoint":"https://clitest000005.blob.core.windows.net/","storageAccountSubscriptionId":"00000000-0000-0000-0000-000000000000"},"id":"/subscriptions/00000000-0000-0000-0000-000000000000/resourceGroups/clitest.rg000001/providers/Microsoft.Sql/servers/clitestserver000003/auditingSettings/Default","name":"Default","type":"Microsoft.Sql/servers/auditingSettings"}'
    headers:
      cache-control:
      - no-cache
      content-length:
      - '610'
      content-type:
      - application/json; charset=utf-8
      date:
      - Mon, 13 Mar 2023 08:55:19 GMT
      expires:
      - '-1'
      pragma:
      - no-cache
      server:
      - Microsoft-HTTPAPI/2.0
      strict-transport-security:
      - max-age=31536000; includeSubDomains
      transfer-encoding:
      - chunked
      vary:
      - Accept-Encoding
      x-content-type-options:
      - nosniff
    status:
      code: 200
      message: OK
- request:
    body: null
    headers:
      Accept:
      - application/json
      Accept-Encoding:
      - gzip, deflate
      CommandName:
      - monitor log-analytics workspace create
      Connection:
      - keep-alive
      ParameterSetName:
      - -g -n
      User-Agent:
      - AZURECLI/2.46.0 azsdk-python-azure-mgmt-resource/22.0.0 Python/3.10.10 (Linux-5.15.0-1033-azure-x86_64-with-glibc2.31)
        VSTS_7b238909-6802-4b65-b90d-184bca47f458_build_220_0
    method: GET
    uri: https://management.azure.com/subscriptions/00000000-0000-0000-0000-000000000000/resourcegroups/clitest.rg000001?api-version=2022-09-01
  response:
    body:
      string: '{"id":"/subscriptions/00000000-0000-0000-0000-000000000000/resourceGroups/clitest.rg000001","name":"clitest.rg000001","type":"Microsoft.Resources/resourceGroups","location":"westeurope","tags":{"product":"azurecli","cause":"automation","date":"2023-03-13T08:50:15Z"},"properties":{"provisioningState":"Succeeded"}}'
    headers:
      cache-control:
      - no-cache
      content-length:
      - '314'
      content-type:
      - application/json; charset=utf-8
      date:
      - Mon, 13 Mar 2023 08:55:19 GMT
      expires:
      - '-1'
      pragma:
      - no-cache
      strict-transport-security:
      - max-age=31536000; includeSubDomains
      vary:
      - Accept-Encoding
      x-content-type-options:
      - nosniff
    status:
      code: 200
      message: OK
- request:
    body: '{"location": "westeurope", "properties": {"retentionInDays": 30, "sku":
      {"name": "PerGB2018"}}}'
    headers:
      Accept:
      - application/json
      Accept-Encoding:
      - gzip, deflate
      CommandName:
      - monitor log-analytics workspace create
      Connection:
      - keep-alive
      Content-Length:
      - '95'
      Content-Type:
      - application/json
      ParameterSetName:
      - -g -n
      User-Agent:
      - AZURECLI/2.46.0 (AAZ) azsdk-python-core/1.24.0 Python/3.10.10 (Linux-5.15.0-1033-azure-x86_64-with-glibc2.31)
        VSTS_7b238909-6802-4b65-b90d-184bca47f458_build_220_0
    method: PUT
    uri: https://management.azure.com/subscriptions/00000000-0000-0000-0000-000000000000/resourcegroups/clitest.rg000001/providers/Microsoft.OperationalInsights/workspaces/laws000006?api-version=2021-12-01-preview
  response:
    body:
      string: '{"properties":{"customerId":"b4cc1cd5-6742-4592-a770-86fd4a0d49e5","provisioningState":"Creating","sku":{"name":"PerGB2018","lastSkuUpdate":"2023-03-13T08:55:21.2989837Z"},"retentionInDays":30,"features":{"legacy":0,"searchVersion":1,"enableLogAccessUsingOnlyResourcePermissions":true},"workspaceCapping":{"dailyQuotaGb":-1.0,"quotaNextResetTime":"2023-03-13T12:00:00Z","dataIngestionStatus":"RespectQuota"},"publicNetworkAccessForIngestion":"Enabled","publicNetworkAccessForQuery":"Enabled","createdDate":"2023-03-13T08:55:21.2989837Z","modifiedDate":"2023-03-13T08:55:21.2989837Z"},"location":"westeurope","id":"/subscriptions/00000000-0000-0000-0000-000000000000/resourceGroups/clitest.rg000001/providers/Microsoft.OperationalInsights/workspaces/laws000006","name":"laws000006","type":"Microsoft.OperationalInsights/workspaces"}'
    headers:
      access-control-allow-origin:
      - '*'
      api-supported-versions:
      - 2021-12-01-preview
      cache-control:
      - no-cache
      content-length:
      - '831'
      content-type:
      - application/json; charset=utf-8
      date:
      - Mon, 13 Mar 2023 08:55:21 GMT
      expires:
      - '-1'
      location:
      - https://management.azure.com/subscriptions/00000000-0000-0000-0000-000000000000/resourceGroups/clitest.rg000001/providers/Microsoft.OperationalInsights/workspaces/laws000006?api-version=2021-12-01-preview
      pragma:
      - no-cache
      request-context:
      - appId=cid-v1:c7ec48f5-2684-46e8-accb-45e7dbec242b
      server:
      - Microsoft-IIS/10.0
      strict-transport-security:
      - max-age=31536000; includeSubDomains
      x-content-type-options:
      - nosniff
      x-ms-ratelimit-remaining-subscription-writes:
      - '1196'
      x-powered-by:
      - ASP.NET
    status:
      code: 201
      message: Created
- request:
    body: null
    headers:
      Accept:
      - '*/*'
      Accept-Encoding:
      - gzip, deflate
      CommandName:
      - monitor log-analytics workspace create
      Connection:
      - keep-alive
      ParameterSetName:
      - -g -n
      User-Agent:
      - AZURECLI/2.46.0 (AAZ) azsdk-python-core/1.24.0 Python/3.10.10 (Linux-5.15.0-1033-azure-x86_64-with-glibc2.31)
        VSTS_7b238909-6802-4b65-b90d-184bca47f458_build_220_0
    method: GET
    uri: https://management.azure.com/subscriptions/00000000-0000-0000-0000-000000000000/resourceGroups/clitest.rg000001/providers/Microsoft.OperationalInsights/workspaces/laws000006?api-version=2021-12-01-preview
  response:
    body:
      string: '{"properties":{"customerId":"b4cc1cd5-6742-4592-a770-86fd4a0d49e5","provisioningState":"Succeeded","sku":{"name":"PerGB2018","lastSkuUpdate":"2023-03-13T08:55:21.2989837Z"},"retentionInDays":30,"features":{"legacy":0,"searchVersion":1,"enableLogAccessUsingOnlyResourcePermissions":true},"workspaceCapping":{"dailyQuotaGb":-1.0,"quotaNextResetTime":"2023-03-13T12:00:00Z","dataIngestionStatus":"RespectQuota"},"publicNetworkAccessForIngestion":"Enabled","publicNetworkAccessForQuery":"Enabled","createdDate":"2023-03-13T08:55:21.2989837Z","modifiedDate":"2023-03-13T08:55:21.2989837Z"},"location":"westeurope","id":"/subscriptions/00000000-0000-0000-0000-000000000000/resourceGroups/clitest.rg000001/providers/Microsoft.OperationalInsights/workspaces/laws000006","name":"laws000006","type":"Microsoft.OperationalInsights/workspaces"}'
    headers:
      access-control-allow-origin:
      - '*'
      api-supported-versions:
      - 2021-12-01-preview
      cache-control:
      - no-cache
      content-length:
      - '832'
      content-type:
      - application/json; charset=utf-8
      date:
      - Mon, 13 Mar 2023 08:55:51 GMT
      expires:
      - '-1'
      pragma:
      - no-cache
      request-context:
      - appId=cid-v1:c7ec48f5-2684-46e8-accb-45e7dbec242b
      server:
      - Microsoft-IIS/10.0
      strict-transport-security:
      - max-age=31536000; includeSubDomains
      transfer-encoding:
      - chunked
      vary:
      - Accept-Encoding
      x-content-type-options:
      - nosniff
      x-powered-by:
      - ASP.NET
    status:
      code: 200
      message: OK
- request:
    body: null
    headers:
      Accept:
      - application/json
      Accept-Encoding:
      - gzip, deflate
      CommandName:
      - sql server audit-policy update
      Connection:
      - keep-alive
      ParameterSetName:
      - -g -n --state --log-analytics-target-state --log-analytics-workspace-resource-id
      User-Agent:
      - AZURECLI/2.46.0 azsdk-python-mgmt-sql/4.0.0b8 Python/3.10.10 (Linux-5.15.0-1033-azure-x86_64-with-glibc2.31)
        VSTS_7b238909-6802-4b65-b90d-184bca47f458_build_220_0
    method: GET
    uri: https://management.azure.com/subscriptions/00000000-0000-0000-0000-000000000000/resourceGroups/clitest.rg000001/providers/Microsoft.Sql/servers/clitestserver000003/auditingSettings/default?api-version=2021-11-01-preview
  response:
    body:
      string: '{"properties":{"retentionDays":30,"auditActionsAndGroups":["DATABASE_LOGOUT_GROUP","DATABASE_ROLE_MEMBER_CHANGE_GROUP"],"isStorageSecondaryKeyInUse":false,"isAzureMonitorTargetEnabled":false,"isManagedIdentityInUse":false,"state":"Disabled","storageEndpoint":"https://clitest000005.blob.core.windows.net/","storageAccountSubscriptionId":"00000000-0000-0000-0000-000000000000"},"id":"/subscriptions/00000000-0000-0000-0000-000000000000/resourceGroups/clitest.rg000001/providers/Microsoft.Sql/servers/clitestserver000003/auditingSettings/Default","name":"Default","type":"Microsoft.Sql/servers/auditingSettings"}'
    headers:
      cache-control:
      - no-cache
      content-length:
      - '610'
      content-type:
      - application/json; charset=utf-8
      date:
      - Mon, 13 Mar 2023 08:55:51 GMT
      expires:
      - '-1'
      pragma:
      - no-cache
      server:
      - Microsoft-HTTPAPI/2.0
      strict-transport-security:
      - max-age=31536000; includeSubDomains
      transfer-encoding:
      - chunked
      vary:
      - Accept-Encoding
      x-content-type-options:
      - nosniff
    status:
      code: 200
      message: OK
- request:
    body: null
    headers:
      Accept:
      - application/json
      Accept-Encoding:
      - gzip, deflate
      CommandName:
      - sql server audit-policy update
      Connection:
      - keep-alive
      ParameterSetName:
      - -g -n --state --log-analytics-target-state --log-analytics-workspace-resource-id
      User-Agent:
      - AZURECLI/2.46.0 azsdk-python-azure-mgmt-monitor/5.0.0 Python/3.10.10 (Linux-5.15.0-1033-azure-x86_64-with-glibc2.31)
        VSTS_7b238909-6802-4b65-b90d-184bca47f458_build_220_0
    method: GET
    uri: https://management.azure.com/subscriptions/00000000-0000-0000-0000-000000000000/resourceGroups/clitest.rg000001/providers/Microsoft.Sql/servers/clitestserver000003/databases/master/providers/Microsoft.Insights/diagnosticSettings?api-version=2021-05-01-preview
  response:
    body:
      string: '{"value":[]}'
    headers:
      cache-control:
      - no-cache
      content-length:
      - '12'
      content-type:
      - application/json; charset=utf-8
      date:
      - Mon, 13 Mar 2023 08:55:52 GMT
      expires:
      - '-1'
      pragma:
      - no-cache
      server:
      - Microsoft-IIS/10.0
      strict-transport-security:
      - max-age=31536000; includeSubDomains
      transfer-encoding:
      - chunked
      vary:
      - Accept-Encoding
      x-content-type-options:
      - nosniff
    status:
      code: 200
      message: OK
- request:
    body: '{"properties": {"logs": [{"category": "SQLSecurityAuditEvents", "enabled":
      true, "retentionPolicy": {"enabled": false, "days": 0}}], "workspaceId": "/subscriptions/00000000-0000-0000-0000-000000000000/resourceGroups/clitest.rg000001/providers/Microsoft.OperationalInsights/workspaces/laws000006"}}'
    headers:
      Accept:
      - application/json
      Accept-Encoding:
      - gzip, deflate
      CommandName:
      - sql server audit-policy update
      Connection:
      - keep-alive
      Content-Length:
      - '297'
      Content-Type:
      - application/json
      ParameterSetName:
      - -g -n --state --log-analytics-target-state --log-analytics-workspace-resource-id
      User-Agent:
      - AZURECLI/2.46.0 azsdk-python-azure-mgmt-monitor/5.0.0 Python/3.10.10 (Linux-5.15.0-1033-azure-x86_64-with-glibc2.31)
        VSTS_7b238909-6802-4b65-b90d-184bca47f458_build_220_0
    method: PUT
    uri: https://management.azure.com/subscriptions/00000000-0000-0000-0000-000000000000/resourceGroups/clitest.rg000001/providers/Microsoft.Sql/servers/clitestserver000003/databases/master/providers/Microsoft.Insights/diagnosticSettings/SQLSecurityAuditEvents_LogAnalytics?api-version=2021-05-01-preview
  response:
    body:
      string: '{"id":"/subscriptions/00000000-0000-0000-0000-000000000000/resourcegroups/clitest.rg000001/providers/microsoft.sql/servers/clitestserver000003/databases/master/providers/microsoft.insights/diagnosticSettings/SQLSecurityAuditEvents_LogAnalytics","type":"Microsoft.Insights/diagnosticSettings","name":"SQLSecurityAuditEvents_LogAnalytics","location":null,"kind":null,"tags":null,"properties":{"storageAccountId":null,"serviceBusRuleId":null,"workspaceId":"/subscriptions/00000000-0000-0000-0000-000000000000/resourceGroups/clitest.rg000001/providers/Microsoft.OperationalInsights/workspaces/laws000006","eventHubAuthorizationRuleId":null,"eventHubName":null,"metrics":[],"logs":[{"category":"SQLSecurityAuditEvents","categoryGroup":null,"enabled":true,"retentionPolicy":{"enabled":false,"days":0}}],"logAnalyticsDestinationType":null},"identity":null}'
    headers:
      cache-control:
      - no-cache
      content-length:
      - '849'
      content-type:
      - application/json; charset=utf-8
      date:
      - Mon, 13 Mar 2023 08:55:56 GMT
      expires:
      - '-1'
      pragma:
      - no-cache
      server:
      - Microsoft-IIS/10.0
      strict-transport-security:
      - max-age=31536000; includeSubDomains
      transfer-encoding:
      - chunked
      vary:
      - Accept-Encoding
      x-content-type-options:
      - nosniff
      x-ms-ratelimit-remaining-subscription-resource-requests:
      - '149'
    status:
      code: 200
      message: OK
- request:
    body: null
    headers:
      Accept:
      - application/json
      Accept-Encoding:
      - gzip, deflate
      CommandName:
      - sql server audit-policy update
      Connection:
      - keep-alive
      ParameterSetName:
      - -g -n --state --log-analytics-target-state --log-analytics-workspace-resource-id
      User-Agent:
      - AZURECLI/2.46.0 azsdk-python-azure-mgmt-resource/22.0.0 Python/3.10.10 (Linux-5.15.0-1033-azure-x86_64-with-glibc2.31)
        VSTS_7b238909-6802-4b65-b90d-184bca47f458_build_220_0
    method: GET
    uri: https://management.azure.com/subscriptions/00000000-0000-0000-0000-000000000000/resources?$filter=name%20eq%20%27clitest000005%27%20and%20%28resourceType%20eq%20%27Microsoft.Storage%2FstorageAccounts%27%20or%20resourceType%20eq%20%27Microsoft.ClassicStorage%2FstorageAccounts%27%29&api-version=2022-09-01
  response:
    body:
      string: '{"value":[{"id":"/subscriptions/00000000-0000-0000-0000-000000000000/resourceGroups/clitest.rg000002/providers/Microsoft.Storage/storageAccounts/clitest000005","name":"clitest000005","type":"Microsoft.Storage/storageAccounts","sku":{"name":"Standard_LRS","tier":"Standard"},"kind":"Storage","location":"westus","tags":{}}],"nextLink":"https://management.azure.com/subscriptions/00000000-0000-0000-0000-000000000000/resources?%24filter=name+eq+%27clitest000005%27+and+(resourceType+eq+%27Microsoft.Storage%2fstorageAccounts%27+or+resourceType+eq+%27Microsoft.ClassicStorage%2fstorageAccounts%27)&api-version=2022-09-01&%24skiptoken=eyJuZXh0UGFydGl0aW9uS2V5IjoiMSE4IU9FTTVOa1UtIiwibmV4dFJvd0tleSI6IjEhMjA4IU1FSXhSalkwTnpFeFFrWXdORVJFUVVGRlF6TkRRamt5TnpKR01EazFPVEJmUjFKTUxVWlpRazlVTFUxSlExSlBVMDlHVkRveVJVRk1SVkpVVTAxQlRrRkhSVTFGVGxRNk1rWlRUVUZTVkVSRlZFVkRWRTlTUVV4RlVsUlNWVXhGVXpveVJrWkJTVXhWVWtVNk1qQkJUazlOUVV4SlJWTTZNakE2TWtRNk1qQkZRMGhQUWs5VU1qQXlNREEzTWpneE16TTVORGd0UjB4UFFrRk0ifQ%3d%3d"}'
    headers:
      cache-control:
      - no-cache
      content-length:
      - '993'
      content-type:
      - application/json; charset=utf-8
      date:
      - Mon, 13 Mar 2023 08:55:56 GMT
      expires:
      - '-1'
      pragma:
      - no-cache
      strict-transport-security:
      - max-age=31536000; includeSubDomains
      vary:
      - Accept-Encoding
      x-content-type-options:
      - nosniff
    status:
      code: 200
      message: OK
- request:
    body: null
    headers:
      Accept:
      - '*/*'
      Accept-Encoding:
      - gzip, deflate
      CommandName:
      - sql server audit-policy update
      Connection:
      - keep-alive
      ParameterSetName:
      - -g -n --state --log-analytics-target-state --log-analytics-workspace-resource-id
      User-Agent:
      - AZURECLI/2.46.0 azsdk-python-azure-mgmt-resource/22.0.0 Python/3.10.10 (Linux-5.15.0-1033-azure-x86_64-with-glibc2.31)
        VSTS_7b238909-6802-4b65-b90d-184bca47f458_build_220_0
    method: GET
    uri: https://management.azure.com/subscriptions/00000000-0000-0000-0000-000000000000/resources?$filter=name%20eq%20%27clitest000005%27%20and%20%28resourceType%20eq%20%27Microsoft.Storage/storageAccounts%27%20or%20resourceType%20eq%20%27Microsoft.ClassicStorage/storageAccounts%27%29&api-version=2022-09-01&$skiptoken=eyJuZXh0UGFydGl0aW9uS2V5IjoiMSE4IU9FTTVOa1UtIiwibmV4dFJvd0tleSI6IjEhMjA4IU1FSXhSalkwTnpFeFFrWXdORVJFUVVGRlF6TkRRamt5TnpKR01EazFPVEJmUjFKTUxVWlpRazlVTFUxSlExSlBVMDlHVkRveVJVRk1SVkpVVTAxQlRrRkhSVTFGVGxRNk1rWlRUVUZTVkVSRlZFVkRWRTlTUVV4RlVsUlNWVXhGVXpveVJrWkJTVXhWVWtVNk1qQkJUazlOUVV4SlJWTTZNakE2TWtRNk1qQkZRMGhQUWs5VU1qQXlNREEzTWpneE16TTVORGd0UjB4UFFrRk0ifQ%3D%3D
  response:
    body:
      string: '{"value":[]}'
    headers:
      cache-control:
      - no-cache
      content-length:
      - '12'
      content-type:
      - application/json; charset=utf-8
      date:
      - Mon, 13 Mar 2023 08:55:57 GMT
      expires:
      - '-1'
      pragma:
      - no-cache
      strict-transport-security:
      - max-age=31536000; includeSubDomains
      vary:
      - Accept-Encoding
      x-content-type-options:
      - nosniff
    status:
      code: 200
      message: OK
- request:
    body: null
    headers:
      Accept:
      - application/json
      Accept-Encoding:
      - gzip, deflate
      CommandName:
      - sql server audit-policy update
      Connection:
      - keep-alive
      Content-Length:
      - '0'
      ParameterSetName:
      - -g -n --state --log-analytics-target-state --log-analytics-workspace-resource-id
      User-Agent:
      - AZURECLI/2.46.0 azsdk-python-azure-mgmt-storage/21.0.0 Python/3.10.10 (Linux-5.15.0-1033-azure-x86_64-with-glibc2.31)
        VSTS_7b238909-6802-4b65-b90d-184bca47f458_build_220_0
    method: POST
    uri: https://management.azure.com/subscriptions/00000000-0000-0000-0000-000000000000/resourceGroups/clitest.rg000002/providers/Microsoft.Storage/storageAccounts/clitest000005/listKeys?api-version=2022-09-01&$expand=kerb
  response:
    body:
      string: '{"keys":[{"creationTime":"2023-03-13T08:51:52.5261841Z","keyName":"key1","value":"veryFakedStorageAccountKey==","permissions":"FULL"},{"creationTime":"2023-03-13T08:51:52.5261841Z","keyName":"key2","value":"veryFakedStorageAccountKey==","permissions":"FULL"}]}'
    headers:
      cache-control:
      - no-cache
      content-length:
      - '260'
      content-type:
      - application/json
      date:
      - Mon, 13 Mar 2023 08:55:57 GMT
      expires:
      - '-1'
      pragma:
      - no-cache
      server:
      - Microsoft-Azure-Storage-Resource-Provider/1.0,Microsoft-HTTPAPI/2.0 Microsoft-HTTPAPI/2.0
      strict-transport-security:
      - max-age=31536000; includeSubDomains
      x-content-type-options:
      - nosniff
      x-ms-ratelimit-remaining-subscription-resource-requests:
      - '11999'
    status:
      code: 200
      message: OK
- request:
    body: '{"properties": {"retentionDays": 30, "auditActionsAndGroups": ["DATABASE_LOGOUT_GROUP",
      "DATABASE_ROLE_MEMBER_CHANGE_GROUP"], "isStorageSecondaryKeyInUse": false, "isAzureMonitorTargetEnabled":
      true, "isManagedIdentityInUse": false, "state": "Enabled", "storageEndpoint":
      "https://clitest000005.blob.core.windows.net/", "storageAccountAccessKey": "veryFakedStorageAccountKey==",
      "storageAccountSubscriptionId": "00000000-0000-0000-0000-000000000000"}}'
    headers:
      Accept:
      - application/json
      Accept-Encoding:
      - gzip, deflate
      CommandName:
      - sql server audit-policy update
      Connection:
      - keep-alive
      Content-Length:
      - '451'
      Content-Type:
      - application/json
      ParameterSetName:
      - -g -n --state --log-analytics-target-state --log-analytics-workspace-resource-id
      User-Agent:
      - AZURECLI/2.46.0 azsdk-python-mgmt-sql/4.0.0b8 Python/3.10.10 (Linux-5.15.0-1033-azure-x86_64-with-glibc2.31)
        VSTS_7b238909-6802-4b65-b90d-184bca47f458_build_220_0
    method: PUT
    uri: https://management.azure.com/subscriptions/00000000-0000-0000-0000-000000000000/resourceGroups/clitest.rg000001/providers/Microsoft.Sql/servers/clitestserver000003/auditingSettings/default?api-version=2021-11-01-preview
  response:
    body:
      string: '{"operation":"UpsertServerEngineAuditingPolicy","startTime":"2023-03-13T08:55:58.153Z"}'
    headers:
      azure-asyncoperation:
      - https://management.azure.com/subscriptions/00000000-0000-0000-0000-000000000000/providers/Microsoft.Sql/locations/westeurope/auditingSettingsAzureAsyncOperation/4abedcc8-b7f9-4c50-ba7d-b544b8e0c13d?api-version=2021-11-01-preview
      cache-control:
      - no-cache
      content-length:
      - '87'
      content-type:
      - application/json; charset=utf-8
      date:
      - Mon, 13 Mar 2023 08:55:57 GMT
      expires:
      - '-1'
      location:
      - https://management.azure.com/subscriptions/00000000-0000-0000-0000-000000000000/providers/Microsoft.Sql/locations/westeurope/auditingSettingsOperationResults/4abedcc8-b7f9-4c50-ba7d-b544b8e0c13d?api-version=2021-11-01-preview
      pragma:
      - no-cache
      server:
      - Microsoft-HTTPAPI/2.0
      strict-transport-security:
      - max-age=31536000; includeSubDomains
      x-content-type-options:
      - nosniff
      x-ms-ratelimit-remaining-subscription-writes:
      - '1198'
    status:
      code: 202
      message: Accepted
- request:
    body: null
    headers:
      Accept:
      - '*/*'
      Accept-Encoding:
      - gzip, deflate
      CommandName:
      - sql server audit-policy update
      Connection:
      - keep-alive
      ParameterSetName:
      - -g -n --state --log-analytics-target-state --log-analytics-workspace-resource-id
      User-Agent:
      - AZURECLI/2.46.0 azsdk-python-mgmt-sql/4.0.0b8 Python/3.10.10 (Linux-5.15.0-1033-azure-x86_64-with-glibc2.31)
        VSTS_7b238909-6802-4b65-b90d-184bca47f458_build_220_0
    method: GET
    uri: https://management.azure.com/subscriptions/00000000-0000-0000-0000-000000000000/providers/Microsoft.Sql/locations/westeurope/auditingSettingsAzureAsyncOperation/4abedcc8-b7f9-4c50-ba7d-b544b8e0c13d?api-version=2021-11-01-preview
  response:
    body:
      string: '{"name":"4abedcc8-b7f9-4c50-ba7d-b544b8e0c13d","status":"Succeeded","startTime":"2023-03-13T08:55:58.153Z"}'
    headers:
      cache-control:
      - no-cache
      content-length:
      - '107'
      content-type:
      - application/json; charset=utf-8
      date:
      - Mon, 13 Mar 2023 08:56:58 GMT
      expires:
      - '-1'
      pragma:
      - no-cache
      server:
      - Microsoft-HTTPAPI/2.0
      strict-transport-security:
      - max-age=31536000; includeSubDomains
      transfer-encoding:
      - chunked
      vary:
      - Accept-Encoding
      x-content-type-options:
      - nosniff
    status:
      code: 200
      message: OK
- request:
    body: null
    headers:
      Accept:
      - '*/*'
      Accept-Encoding:
      - gzip, deflate
      CommandName:
      - sql server audit-policy update
      Connection:
      - keep-alive
      ParameterSetName:
      - -g -n --state --log-analytics-target-state --log-analytics-workspace-resource-id
      User-Agent:
      - AZURECLI/2.46.0 azsdk-python-mgmt-sql/4.0.0b8 Python/3.10.10 (Linux-5.15.0-1033-azure-x86_64-with-glibc2.31)
        VSTS_7b238909-6802-4b65-b90d-184bca47f458_build_220_0
    method: GET
    uri: https://management.azure.com/subscriptions/00000000-0000-0000-0000-000000000000/resourceGroups/clitest.rg000001/providers/Microsoft.Sql/servers/clitestserver000003/auditingSettings/default?api-version=2021-11-01-preview
  response:
    body:
      string: '{"properties":{"retentionDays":30,"auditActionsAndGroups":["DATABASE_LOGOUT_GROUP","DATABASE_ROLE_MEMBER_CHANGE_GROUP"],"isStorageSecondaryKeyInUse":false,"isAzureMonitorTargetEnabled":true,"isManagedIdentityInUse":false,"state":"Enabled","storageEndpoint":"https://clitest000005.blob.core.windows.net/","storageAccountSubscriptionId":"00000000-0000-0000-0000-000000000000"},"id":"/subscriptions/00000000-0000-0000-0000-000000000000/resourceGroups/clitest.rg000001/providers/Microsoft.Sql/servers/clitestserver000003/auditingSettings/Default","name":"Default","type":"Microsoft.Sql/servers/auditingSettings"}'
    headers:
      cache-control:
      - no-cache
      content-length:
      - '608'
      content-type:
      - application/json; charset=utf-8
      date:
      - Mon, 13 Mar 2023 08:56:58 GMT
      expires:
      - '-1'
      pragma:
      - no-cache
      server:
      - Microsoft-HTTPAPI/2.0
      strict-transport-security:
      - max-age=31536000; includeSubDomains
      transfer-encoding:
      - chunked
      vary:
      - Accept-Encoding
      x-content-type-options:
      - nosniff
    status:
      code: 200
      message: OK
- request:
    body: null
    headers:
      Accept:
      - application/json
      Accept-Encoding:
      - gzip, deflate
      CommandName:
      - sql server audit-policy show
      Connection:
      - keep-alive
      ParameterSetName:
      - -g -n
      User-Agent:
      - AZURECLI/2.46.0 azsdk-python-mgmt-sql/4.0.0b8 Python/3.10.10 (Linux-5.15.0-1033-azure-x86_64-with-glibc2.31)
        VSTS_7b238909-6802-4b65-b90d-184bca47f458_build_220_0
    method: GET
    uri: https://management.azure.com/subscriptions/00000000-0000-0000-0000-000000000000/resourceGroups/clitest.rg000001/providers/Microsoft.Sql/servers/clitestserver000003/auditingSettings/default?api-version=2021-11-01-preview
  response:
    body:
      string: '{"properties":{"retentionDays":30,"auditActionsAndGroups":["DATABASE_LOGOUT_GROUP","DATABASE_ROLE_MEMBER_CHANGE_GROUP"],"isStorageSecondaryKeyInUse":false,"isAzureMonitorTargetEnabled":true,"isManagedIdentityInUse":false,"state":"Enabled","storageEndpoint":"https://clitest000005.blob.core.windows.net/","storageAccountSubscriptionId":"00000000-0000-0000-0000-000000000000"},"id":"/subscriptions/00000000-0000-0000-0000-000000000000/resourceGroups/clitest.rg000001/providers/Microsoft.Sql/servers/clitestserver000003/auditingSettings/Default","name":"Default","type":"Microsoft.Sql/servers/auditingSettings"}'
    headers:
      cache-control:
      - no-cache
      content-length:
      - '608'
      content-type:
      - application/json; charset=utf-8
      date:
      - Mon, 13 Mar 2023 08:56:58 GMT
      expires:
      - '-1'
      pragma:
      - no-cache
      server:
      - Microsoft-HTTPAPI/2.0
      strict-transport-security:
      - max-age=31536000; includeSubDomains
      transfer-encoding:
      - chunked
      vary:
      - Accept-Encoding
      x-content-type-options:
      - nosniff
    status:
      code: 200
      message: OK
- request:
    body: null
    headers:
      Accept:
      - application/json
      Accept-Encoding:
      - gzip, deflate
      CommandName:
      - sql server audit-policy show
      Connection:
      - keep-alive
      ParameterSetName:
      - -g -n
      User-Agent:
      - AZURECLI/2.46.0 azsdk-python-azure-mgmt-monitor/5.0.0 Python/3.10.10 (Linux-5.15.0-1033-azure-x86_64-with-glibc2.31)
        VSTS_7b238909-6802-4b65-b90d-184bca47f458_build_220_0
    method: GET
    uri: https://management.azure.com/subscriptions/00000000-0000-0000-0000-000000000000/resourceGroups/clitest.rg000001/providers/Microsoft.Sql/servers/clitestserver000003/databases/master/providers/Microsoft.Insights/diagnosticSettings?api-version=2021-05-01-preview
  response:
    body:
      string: '{"value":[{"id":"/subscriptions/00000000-0000-0000-0000-000000000000/resourcegroups/clitest.rg000001/providers/microsoft.sql/servers/clitestserver000003/databases/master/providers/microsoft.insights/diagnosticSettings/SQLSecurityAuditEvents_LogAnalytics","type":"Microsoft.Insights/diagnosticSettings","name":"SQLSecurityAuditEvents_LogAnalytics","location":null,"kind":null,"tags":null,"properties":{"storageAccountId":null,"serviceBusRuleId":null,"workspaceId":"/subscriptions/00000000-0000-0000-0000-000000000000/resourceGroups/clitest.rg000001/providers/Microsoft.OperationalInsights/workspaces/laws000006","eventHubAuthorizationRuleId":null,"eventHubName":null,"metrics":[],"logs":[{"category":"SQLSecurityAuditEvents","categoryGroup":null,"enabled":true,"retentionPolicy":{"enabled":false,"days":0}}],"logAnalyticsDestinationType":null},"identity":null}]}'
    headers:
      cache-control:
      - no-cache
      content-length:
      - '861'
      content-type:
      - application/json; charset=utf-8
      date:
      - Mon, 13 Mar 2023 08:56:59 GMT
      expires:
      - '-1'
      pragma:
      - no-cache
      server:
      - Microsoft-IIS/10.0
      strict-transport-security:
      - max-age=31536000; includeSubDomains
      transfer-encoding:
      - chunked
      vary:
      - Accept-Encoding
      x-content-type-options:
      - nosniff
    status:
      code: 200
      message: OK
- request:
    body: null
    headers:
      Accept:
      - application/json
      Accept-Encoding:
      - gzip, deflate
      CommandName:
      - sql server audit-policy update
      Connection:
      - keep-alive
      ParameterSetName:
      - -g -n --state --log-analytics-target-state
      User-Agent:
      - AZURECLI/2.46.0 azsdk-python-mgmt-sql/4.0.0b8 Python/3.10.10 (Linux-5.15.0-1033-azure-x86_64-with-glibc2.31)
        VSTS_7b238909-6802-4b65-b90d-184bca47f458_build_220_0
    method: GET
    uri: https://management.azure.com/subscriptions/00000000-0000-0000-0000-000000000000/resourceGroups/clitest.rg000001/providers/Microsoft.Sql/servers/clitestserver000003/auditingSettings/default?api-version=2021-11-01-preview
  response:
    body:
      string: '{"properties":{"retentionDays":30,"auditActionsAndGroups":["DATABASE_LOGOUT_GROUP","DATABASE_ROLE_MEMBER_CHANGE_GROUP"],"isStorageSecondaryKeyInUse":false,"isAzureMonitorTargetEnabled":true,"isManagedIdentityInUse":false,"state":"Enabled","storageEndpoint":"https://clitest000005.blob.core.windows.net/","storageAccountSubscriptionId":"00000000-0000-0000-0000-000000000000"},"id":"/subscriptions/00000000-0000-0000-0000-000000000000/resourceGroups/clitest.rg000001/providers/Microsoft.Sql/servers/clitestserver000003/auditingSettings/Default","name":"Default","type":"Microsoft.Sql/servers/auditingSettings"}'
    headers:
      cache-control:
      - no-cache
      content-length:
      - '608'
      content-type:
      - application/json; charset=utf-8
      date:
      - Mon, 13 Mar 2023 08:57:00 GMT
      expires:
      - '-1'
      pragma:
      - no-cache
      server:
      - Microsoft-HTTPAPI/2.0
      strict-transport-security:
      - max-age=31536000; includeSubDomains
      transfer-encoding:
      - chunked
      vary:
      - Accept-Encoding
      x-content-type-options:
      - nosniff
    status:
      code: 200
      message: OK
- request:
    body: null
    headers:
      Accept:
      - application/json
      Accept-Encoding:
      - gzip, deflate
      CommandName:
      - sql server audit-policy update
      Connection:
      - keep-alive
      ParameterSetName:
      - -g -n --state --log-analytics-target-state
      User-Agent:
      - AZURECLI/2.46.0 azsdk-python-azure-mgmt-monitor/5.0.0 Python/3.10.10 (Linux-5.15.0-1033-azure-x86_64-with-glibc2.31)
        VSTS_7b238909-6802-4b65-b90d-184bca47f458_build_220_0
    method: GET
    uri: https://management.azure.com/subscriptions/00000000-0000-0000-0000-000000000000/resourceGroups/clitest.rg000001/providers/Microsoft.Sql/servers/clitestserver000003/databases/master/providers/Microsoft.Insights/diagnosticSettings?api-version=2021-05-01-preview
  response:
    body:
      string: '{"value":[{"id":"/subscriptions/00000000-0000-0000-0000-000000000000/resourcegroups/clitest.rg000001/providers/microsoft.sql/servers/clitestserver000003/databases/master/providers/microsoft.insights/diagnosticSettings/SQLSecurityAuditEvents_LogAnalytics","type":"Microsoft.Insights/diagnosticSettings","name":"SQLSecurityAuditEvents_LogAnalytics","location":null,"kind":null,"tags":null,"properties":{"storageAccountId":null,"serviceBusRuleId":null,"workspaceId":"/subscriptions/00000000-0000-0000-0000-000000000000/resourceGroups/clitest.rg000001/providers/Microsoft.OperationalInsights/workspaces/laws000006","eventHubAuthorizationRuleId":null,"eventHubName":null,"metrics":[],"logs":[{"category":"SQLSecurityAuditEvents","categoryGroup":null,"enabled":true,"retentionPolicy":{"enabled":false,"days":0}}],"logAnalyticsDestinationType":null},"identity":null}]}'
    headers:
      cache-control:
      - no-cache
      content-length:
      - '861'
      content-type:
      - application/json; charset=utf-8
      date:
      - Mon, 13 Mar 2023 08:57:01 GMT
      expires:
      - '-1'
      pragma:
      - no-cache
      server:
      - Microsoft-IIS/10.0
      strict-transport-security:
      - max-age=31536000; includeSubDomains
      transfer-encoding:
      - chunked
      vary:
      - Accept-Encoding
      x-content-type-options:
      - nosniff
    status:
      code: 200
      message: OK
- request:
    body: null
    headers:
      Accept:
      - application/json
      Accept-Encoding:
      - gzip, deflate
      CommandName:
      - sql server audit-policy update
      Connection:
      - keep-alive
      Content-Length:
      - '0'
      ParameterSetName:
      - -g -n --state --log-analytics-target-state
      User-Agent:
      - AZURECLI/2.46.0 azsdk-python-azure-mgmt-monitor/5.0.0 Python/3.10.10 (Linux-5.15.0-1033-azure-x86_64-with-glibc2.31)
        VSTS_7b238909-6802-4b65-b90d-184bca47f458_build_220_0
    method: DELETE
    uri: https://management.azure.com/subscriptions/00000000-0000-0000-0000-000000000000/resourceGroups/clitest.rg000001/providers/Microsoft.Sql/servers/clitestserver000003/databases/master/providers/Microsoft.Insights/diagnosticSettings/SQLSecurityAuditEvents_LogAnalytics?api-version=2021-05-01-preview
  response:
    body:
      string: ''
    headers:
      cache-control:
      - no-cache
      content-length:
      - '0'
      date:
      - Mon, 13 Mar 2023 08:57:04 GMT
      expires:
      - '-1'
      pragma:
      - no-cache
      server:
      - Microsoft-IIS/10.0
      strict-transport-security:
      - max-age=31536000; includeSubDomains
      x-content-type-options:
      - nosniff
      x-ms-ratelimit-remaining-subscription-deletes:
      - '14999'
    status:
      code: 200
      message: OK
- request:
    body: null
    headers:
      Accept:
      - application/json
      Accept-Encoding:
      - gzip, deflate
      CommandName:
      - sql server audit-policy update
      Connection:
      - keep-alive
      ParameterSetName:
      - -g -n --state --log-analytics-target-state
      User-Agent:
      - AZURECLI/2.46.0 azsdk-python-azure-mgmt-resource/22.0.0 Python/3.10.10 (Linux-5.15.0-1033-azure-x86_64-with-glibc2.31)
        VSTS_7b238909-6802-4b65-b90d-184bca47f458_build_220_0
    method: GET
    uri: https://management.azure.com/subscriptions/00000000-0000-0000-0000-000000000000/resources?$filter=name%20eq%20%27clitest000005%27%20and%20%28resourceType%20eq%20%27Microsoft.Storage%2FstorageAccounts%27%20or%20resourceType%20eq%20%27Microsoft.ClassicStorage%2FstorageAccounts%27%29&api-version=2022-09-01
  response:
    body:
      string: '{"value":[{"id":"/subscriptions/00000000-0000-0000-0000-000000000000/resourceGroups/clitest.rg000002/providers/Microsoft.Storage/storageAccounts/clitest000005","name":"clitest000005","type":"Microsoft.Storage/storageAccounts","sku":{"name":"Standard_LRS","tier":"Standard"},"kind":"Storage","location":"westus","tags":{}}],"nextLink":"https://management.azure.com/subscriptions/00000000-0000-0000-0000-000000000000/resources?%24filter=name+eq+%27clitest000005%27+and+(resourceType+eq+%27Microsoft.Storage%2fstorageAccounts%27+or+resourceType+eq+%27Microsoft.ClassicStorage%2fstorageAccounts%27)&api-version=2022-09-01&%24skiptoken=eyJuZXh0UGFydGl0aW9uS2V5IjoiMSE4IU9FTTVOa1UtIiwibmV4dFJvd0tleSI6IjEhMTQwIU1FSXhSalkwTnpFeFFrWXdORVJFUVVGRlF6TkRRamt5TnpKR01EazFPVEJmUjFKTUxVWlpRazlVTFUxSlExSlBVMDlHVkRveVJVSlBWRk5GVWxaSlEwVTZNa1pDVDFSVFJWSldTVU5GVXpveVJrWlpRazlVT2pKRVNFRk9SRXhGTFVkTVQwSkJUQS0tIn0%3d"}'
    headers:
      cache-control:
      - no-cache
      content-length:
      - '899'
      content-type:
      - application/json; charset=utf-8
      date:
      - Mon, 13 Mar 2023 08:57:04 GMT
      expires:
      - '-1'
      pragma:
      - no-cache
      strict-transport-security:
      - max-age=31536000; includeSubDomains
      vary:
      - Accept-Encoding
      x-content-type-options:
      - nosniff
    status:
      code: 200
      message: OK
- request:
    body: null
    headers:
      Accept:
      - '*/*'
      Accept-Encoding:
      - gzip, deflate
      CommandName:
      - sql server audit-policy update
      Connection:
      - keep-alive
      ParameterSetName:
      - -g -n --state --log-analytics-target-state
      User-Agent:
      - AZURECLI/2.46.0 azsdk-python-azure-mgmt-resource/22.0.0 Python/3.10.10 (Linux-5.15.0-1033-azure-x86_64-with-glibc2.31)
        VSTS_7b238909-6802-4b65-b90d-184bca47f458_build_220_0
    method: GET
    uri: https://management.azure.com/subscriptions/00000000-0000-0000-0000-000000000000/resources?$filter=name%20eq%20%27clitest000005%27%20and%20%28resourceType%20eq%20%27Microsoft.Storage/storageAccounts%27%20or%20resourceType%20eq%20%27Microsoft.ClassicStorage/storageAccounts%27%29&api-version=2022-09-01&$skiptoken=eyJuZXh0UGFydGl0aW9uS2V5IjoiMSE4IU9FTTVOa1UtIiwibmV4dFJvd0tleSI6IjEhMTQwIU1FSXhSalkwTnpFeFFrWXdORVJFUVVGRlF6TkRRamt5TnpKR01EazFPVEJmUjFKTUxVWlpRazlVTFUxSlExSlBVMDlHVkRveVJVSlBWRk5GVWxaSlEwVTZNa1pDVDFSVFJWSldTVU5GVXpveVJrWlpRazlVT2pKRVNFRk9SRXhGTFVkTVQwSkJUQS0tIn0%3D
  response:
    body:
      string: '{"value":[]}'
    headers:
      cache-control:
      - no-cache
      content-length:
      - '12'
      content-type:
      - application/json; charset=utf-8
      date:
      - Mon, 13 Mar 2023 08:57:04 GMT
      expires:
      - '-1'
      pragma:
      - no-cache
      strict-transport-security:
      - max-age=31536000; includeSubDomains
      vary:
      - Accept-Encoding
      x-content-type-options:
      - nosniff
    status:
      code: 200
      message: OK
- request:
    body: null
    headers:
      Accept:
      - application/json
      Accept-Encoding:
      - gzip, deflate
      CommandName:
      - sql server audit-policy update
      Connection:
      - keep-alive
      Content-Length:
      - '0'
      ParameterSetName:
      - -g -n --state --log-analytics-target-state
      User-Agent:
      - AZURECLI/2.46.0 azsdk-python-azure-mgmt-storage/21.0.0 Python/3.10.10 (Linux-5.15.0-1033-azure-x86_64-with-glibc2.31)
        VSTS_7b238909-6802-4b65-b90d-184bca47f458_build_220_0
    method: POST
    uri: https://management.azure.com/subscriptions/00000000-0000-0000-0000-000000000000/resourceGroups/clitest.rg000002/providers/Microsoft.Storage/storageAccounts/clitest000005/listKeys?api-version=2022-09-01&$expand=kerb
  response:
    body:
      string: '{"keys":[{"creationTime":"2023-03-13T08:51:52.5261841Z","keyName":"key1","value":"veryFakedStorageAccountKey==","permissions":"FULL"},{"creationTime":"2023-03-13T08:51:52.5261841Z","keyName":"key2","value":"veryFakedStorageAccountKey==","permissions":"FULL"}]}'
    headers:
      cache-control:
      - no-cache
      content-length:
      - '260'
      content-type:
      - application/json
      date:
      - Mon, 13 Mar 2023 08:57:04 GMT
      expires:
      - '-1'
      pragma:
      - no-cache
      server:
      - Microsoft-Azure-Storage-Resource-Provider/1.0,Microsoft-HTTPAPI/2.0 Microsoft-HTTPAPI/2.0
      strict-transport-security:
      - max-age=31536000; includeSubDomains
      transfer-encoding:
      - chunked
      vary:
      - Accept-Encoding
      x-content-type-options:
      - nosniff
      x-ms-ratelimit-remaining-subscription-resource-requests:
      - '11998'
    status:
      code: 200
      message: OK
- request:
    body: '{"properties": {"retentionDays": 30, "auditActionsAndGroups": ["DATABASE_LOGOUT_GROUP",
      "DATABASE_ROLE_MEMBER_CHANGE_GROUP"], "isStorageSecondaryKeyInUse": false, "isAzureMonitorTargetEnabled":
      false, "isManagedIdentityInUse": false, "state": "Enabled", "storageEndpoint":
      "https://clitest000005.blob.core.windows.net/", "storageAccountAccessKey": "veryFakedStorageAccountKey==",
      "storageAccountSubscriptionId": "00000000-0000-0000-0000-000000000000"}}'
    headers:
      Accept:
      - application/json
      Accept-Encoding:
      - gzip, deflate
      CommandName:
      - sql server audit-policy update
      Connection:
      - keep-alive
      Content-Length:
      - '452'
      Content-Type:
      - application/json
      ParameterSetName:
      - -g -n --state --log-analytics-target-state
      User-Agent:
      - AZURECLI/2.46.0 azsdk-python-mgmt-sql/4.0.0b8 Python/3.10.10 (Linux-5.15.0-1033-azure-x86_64-with-glibc2.31)
        VSTS_7b238909-6802-4b65-b90d-184bca47f458_build_220_0
    method: PUT
    uri: https://management.azure.com/subscriptions/00000000-0000-0000-0000-000000000000/resourceGroups/clitest.rg000001/providers/Microsoft.Sql/servers/clitestserver000003/auditingSettings/default?api-version=2021-11-01-preview
  response:
    body:
      string: '{"operation":"UpsertServerEngineAuditingPolicy","startTime":"2023-03-13T08:57:05.577Z"}'
    headers:
      azure-asyncoperation:
      - https://management.azure.com/subscriptions/00000000-0000-0000-0000-000000000000/providers/Microsoft.Sql/locations/westeurope/auditingSettingsAzureAsyncOperation/d3389805-f5c3-49a7-82ac-ad35f0b9ae5a?api-version=2021-11-01-preview
      cache-control:
      - no-cache
      content-length:
      - '87'
      content-type:
      - application/json; charset=utf-8
      date:
      - Mon, 13 Mar 2023 08:57:04 GMT
      expires:
      - '-1'
      location:
      - https://management.azure.com/subscriptions/00000000-0000-0000-0000-000000000000/providers/Microsoft.Sql/locations/westeurope/auditingSettingsOperationResults/d3389805-f5c3-49a7-82ac-ad35f0b9ae5a?api-version=2021-11-01-preview
      pragma:
      - no-cache
      server:
      - Microsoft-HTTPAPI/2.0
      strict-transport-security:
      - max-age=31536000; includeSubDomains
      x-content-type-options:
      - nosniff
      x-ms-ratelimit-remaining-subscription-writes:
      - '1198'
    status:
      code: 202
      message: Accepted
- request:
    body: null
    headers:
      Accept:
      - '*/*'
      Accept-Encoding:
      - gzip, deflate
      CommandName:
      - sql server audit-policy update
      Connection:
      - keep-alive
      ParameterSetName:
      - -g -n --state --log-analytics-target-state
      User-Agent:
      - AZURECLI/2.46.0 azsdk-python-mgmt-sql/4.0.0b8 Python/3.10.10 (Linux-5.15.0-1033-azure-x86_64-with-glibc2.31)
        VSTS_7b238909-6802-4b65-b90d-184bca47f458_build_220_0
    method: GET
    uri: https://management.azure.com/subscriptions/00000000-0000-0000-0000-000000000000/providers/Microsoft.Sql/locations/westeurope/auditingSettingsAzureAsyncOperation/d3389805-f5c3-49a7-82ac-ad35f0b9ae5a?api-version=2021-11-01-preview
  response:
    body:
      string: '{"name":"d3389805-f5c3-49a7-82ac-ad35f0b9ae5a","status":"Succeeded","startTime":"2023-03-13T08:57:05.577Z"}'
    headers:
      cache-control:
      - no-cache
      content-length:
      - '107'
      content-type:
      - application/json; charset=utf-8
      date:
      - Mon, 13 Mar 2023 08:58:06 GMT
      expires:
      - '-1'
      pragma:
      - no-cache
      server:
      - Microsoft-HTTPAPI/2.0
      strict-transport-security:
      - max-age=31536000; includeSubDomains
      transfer-encoding:
      - chunked
      vary:
      - Accept-Encoding
      x-content-type-options:
      - nosniff
    status:
      code: 200
      message: OK
- request:
    body: null
    headers:
      Accept:
      - '*/*'
      Accept-Encoding:
      - gzip, deflate
      CommandName:
      - sql server audit-policy update
      Connection:
      - keep-alive
      ParameterSetName:
      - -g -n --state --log-analytics-target-state
      User-Agent:
      - AZURECLI/2.46.0 azsdk-python-mgmt-sql/4.0.0b8 Python/3.10.10 (Linux-5.15.0-1033-azure-x86_64-with-glibc2.31)
        VSTS_7b238909-6802-4b65-b90d-184bca47f458_build_220_0
    method: GET
    uri: https://management.azure.com/subscriptions/00000000-0000-0000-0000-000000000000/resourceGroups/clitest.rg000001/providers/Microsoft.Sql/servers/clitestserver000003/auditingSettings/default?api-version=2021-11-01-preview
  response:
    body:
      string: '{"properties":{"retentionDays":30,"auditActionsAndGroups":["DATABASE_LOGOUT_GROUP","DATABASE_ROLE_MEMBER_CHANGE_GROUP"],"isStorageSecondaryKeyInUse":false,"isAzureMonitorTargetEnabled":false,"isManagedIdentityInUse":false,"state":"Enabled","storageEndpoint":"https://clitest000005.blob.core.windows.net/","storageAccountSubscriptionId":"00000000-0000-0000-0000-000000000000"},"id":"/subscriptions/00000000-0000-0000-0000-000000000000/resourceGroups/clitest.rg000001/providers/Microsoft.Sql/servers/clitestserver000003/auditingSettings/Default","name":"Default","type":"Microsoft.Sql/servers/auditingSettings"}'
    headers:
      cache-control:
      - no-cache
      content-length:
      - '609'
      content-type:
      - application/json; charset=utf-8
      date:
      - Mon, 13 Mar 2023 08:58:06 GMT
      expires:
      - '-1'
      pragma:
      - no-cache
      server:
      - Microsoft-HTTPAPI/2.0
      strict-transport-security:
      - max-age=31536000; includeSubDomains
      transfer-encoding:
      - chunked
      vary:
      - Accept-Encoding
      x-content-type-options:
      - nosniff
    status:
      code: 200
      message: OK
- request:
    body: null
    headers:
      Accept:
      - application/json
      Accept-Encoding:
      - gzip, deflate
      CommandName:
      - sql server audit-policy show
      Connection:
      - keep-alive
      ParameterSetName:
      - -g -n
      User-Agent:
      - AZURECLI/2.46.0 azsdk-python-mgmt-sql/4.0.0b8 Python/3.10.10 (Linux-5.15.0-1033-azure-x86_64-with-glibc2.31)
        VSTS_7b238909-6802-4b65-b90d-184bca47f458_build_220_0
    method: GET
    uri: https://management.azure.com/subscriptions/00000000-0000-0000-0000-000000000000/resourceGroups/clitest.rg000001/providers/Microsoft.Sql/servers/clitestserver000003/auditingSettings/default?api-version=2021-11-01-preview
  response:
    body:
      string: '{"properties":{"retentionDays":30,"auditActionsAndGroups":["DATABASE_LOGOUT_GROUP","DATABASE_ROLE_MEMBER_CHANGE_GROUP"],"isStorageSecondaryKeyInUse":false,"isAzureMonitorTargetEnabled":false,"isManagedIdentityInUse":false,"state":"Enabled","storageEndpoint":"https://clitest000005.blob.core.windows.net/","storageAccountSubscriptionId":"00000000-0000-0000-0000-000000000000"},"id":"/subscriptions/00000000-0000-0000-0000-000000000000/resourceGroups/clitest.rg000001/providers/Microsoft.Sql/servers/clitestserver000003/auditingSettings/Default","name":"Default","type":"Microsoft.Sql/servers/auditingSettings"}'
    headers:
      cache-control:
      - no-cache
      content-length:
      - '609'
      content-type:
      - application/json; charset=utf-8
      date:
      - Mon, 13 Mar 2023 08:58:06 GMT
      expires:
      - '-1'
      pragma:
      - no-cache
      server:
      - Microsoft-HTTPAPI/2.0
      strict-transport-security:
      - max-age=31536000; includeSubDomains
      transfer-encoding:
      - chunked
      vary:
      - Accept-Encoding
      x-content-type-options:
      - nosniff
    status:
      code: 200
      message: OK
- request:
    body: null
    headers:
      Accept:
      - application/json
      Accept-Encoding:
      - gzip, deflate
      CommandName:
      - eventhubs namespace create
      Connection:
      - keep-alive
      ParameterSetName:
      - -g -n
      User-Agent:
      - AZURECLI/2.46.0 azsdk-python-azure-mgmt-resource/22.0.0 Python/3.10.10 (Linux-5.15.0-1033-azure-x86_64-with-glibc2.31)
        VSTS_7b238909-6802-4b65-b90d-184bca47f458_build_220_0
    method: GET
    uri: https://management.azure.com/subscriptions/00000000-0000-0000-0000-000000000000/resourcegroups/clitest.rg000001?api-version=2022-09-01
  response:
    body:
      string: '{"id":"/subscriptions/00000000-0000-0000-0000-000000000000/resourceGroups/clitest.rg000001","name":"clitest.rg000001","type":"Microsoft.Resources/resourceGroups","location":"westeurope","tags":{"product":"azurecli","cause":"automation","date":"2023-03-13T08:50:15Z"},"properties":{"provisioningState":"Succeeded"}}'
    headers:
      cache-control:
      - no-cache
      content-length:
      - '314'
      content-type:
      - application/json; charset=utf-8
      date:
      - Mon, 13 Mar 2023 08:58:06 GMT
      expires:
      - '-1'
      pragma:
      - no-cache
      strict-transport-security:
      - max-age=31536000; includeSubDomains
      vary:
      - Accept-Encoding
      x-content-type-options:
      - nosniff
    status:
      code: 200
      message: OK
- request:
    body: '{"identity": {"type": "None"}, "location": "westeurope", "sku": {"name":
      "Standard", "tier": "Standard"}}'
    headers:
      Accept:
      - application/json
      Accept-Encoding:
      - gzip, deflate
      CommandName:
      - eventhubs namespace create
      Connection:
      - keep-alive
      Content-Length:
      - '105'
      Content-Type:
      - application/json
      ParameterSetName:
      - -g -n
      User-Agent:
      - AZURECLI/2.46.0 (AAZ) azsdk-python-core/1.24.0 Python/3.10.10 (Linux-5.15.0-1033-azure-x86_64-with-glibc2.31)
        VSTS_7b238909-6802-4b65-b90d-184bca47f458_build_220_0
    method: PUT
    uri: https://management.azure.com/subscriptions/00000000-0000-0000-0000-000000000000/resourceGroups/clitest.rg000001/providers/Microsoft.EventHub/namespaces/cliehnamespacedb01?api-version=2022-01-01-preview
  response:
    body:
      string: '{"sku":{"name":"Standard","tier":"Standard","capacity":1},"id":"/subscriptions/00000000-0000-0000-0000-000000000000/resourceGroups/clitest.rg000001/providers/Microsoft.EventHub/namespaces/cliehnamespacedb01","name":"cliehnamespacedb01","type":"Microsoft.EventHub/Namespaces","location":"West
        Europe","tags":{},"properties":{"minimumTlsVersion":"1.2","publicNetworkAccess":"Enabled","disableLocalAuth":false,"zoneRedundant":false,"isAutoInflateEnabled":false,"maximumThroughputUnits":0,"kafkaEnabled":true,"provisioningState":"Created","metricId":"0b1f6471-1bf0-4dda-aec3-cb9272f09590:cliehnamespacedb01","createdAt":"2023-03-13T08:58:09.57Z","updatedAt":"2023-03-13T08:58:09.57Z","serviceBusEndpoint":"https://cliehnamespacedb01.servicebus.windows.net:443/","status":"Activating"}}'
    headers:
      cache-control:
      - no-cache
      content-length:
      - '781'
      content-type:
      - application/json; charset=utf-8
      date:
      - Mon, 13 Mar 2023 08:58:10 GMT
      expires:
      - '-1'
      pragma:
      - no-cache
      server:
      - Service-Bus-Resource-Provider/SN1
      - Microsoft-HTTPAPI/2.0
      server-sb:
      - Service-Bus-Resource-Provider/SN1
      strict-transport-security:
      - max-age=31536000; includeSubDomains
      transfer-encoding:
      - chunked
      vary:
      - Accept-Encoding
      x-content-type-options:
      - nosniff
      x-ms-ratelimit-remaining-subscription-resource-requests:
      - '49'
    status:
      code: 200
      message: OK
- request:
    body: null
    headers:
      Accept:
      - '*/*'
      Accept-Encoding:
      - gzip, deflate
      CommandName:
      - eventhubs namespace create
      Connection:
      - keep-alive
      ParameterSetName:
      - -g -n
      User-Agent:
      - AZURECLI/2.46.0 (AAZ) azsdk-python-core/1.24.0 Python/3.10.10 (Linux-5.15.0-1033-azure-x86_64-with-glibc2.31)
        VSTS_7b238909-6802-4b65-b90d-184bca47f458_build_220_0
    method: GET
    uri: https://management.azure.com/subscriptions/00000000-0000-0000-0000-000000000000/resourceGroups/clitest.rg000001/providers/Microsoft.EventHub/namespaces/cliehnamespacedb01?api-version=2022-01-01-preview
  response:
    body:
      string: '{"sku":{"name":"Standard","tier":"Standard","capacity":1},"id":"/subscriptions/00000000-0000-0000-0000-000000000000/resourceGroups/clitest.rg000001/providers/Microsoft.EventHub/namespaces/cliehnamespacedb01","name":"cliehnamespacedb01","type":"Microsoft.EventHub/Namespaces","location":"West
        Europe","tags":{},"properties":{"minimumTlsVersion":"1.2","publicNetworkAccess":"Enabled","disableLocalAuth":false,"zoneRedundant":false,"isAutoInflateEnabled":false,"maximumThroughputUnits":0,"kafkaEnabled":true,"provisioningState":"Created","metricId":"0b1f6471-1bf0-4dda-aec3-cb9272f09590:cliehnamespacedb01","createdAt":"2023-03-13T08:58:09.57Z","updatedAt":"2023-03-13T08:58:09.57Z","serviceBusEndpoint":"https://cliehnamespacedb01.servicebus.windows.net:443/","status":"Activating"}}'
    headers:
      cache-control:
      - no-cache
      content-length:
      - '781'
      content-type:
      - application/json; charset=utf-8
      date:
      - Mon, 13 Mar 2023 08:58:40 GMT
      expires:
      - '-1'
      pragma:
      - no-cache
      server:
      - Service-Bus-Resource-Provider/SN1
      - Microsoft-HTTPAPI/2.0
      server-sb:
      - Service-Bus-Resource-Provider/SN1
      strict-transport-security:
      - max-age=31536000; includeSubDomains
      transfer-encoding:
      - chunked
      vary:
      - Accept-Encoding
      x-content-type-options:
      - nosniff
    status:
      code: 200
      message: OK
- request:
    body: null
    headers:
      Accept:
      - '*/*'
      Accept-Encoding:
      - gzip, deflate
      CommandName:
      - eventhubs namespace create
      Connection:
      - keep-alive
      ParameterSetName:
      - -g -n
      User-Agent:
      - AZURECLI/2.46.0 (AAZ) azsdk-python-core/1.24.0 Python/3.10.10 (Linux-5.15.0-1033-azure-x86_64-with-glibc2.31)
        VSTS_7b238909-6802-4b65-b90d-184bca47f458_build_220_0
    method: GET
    uri: https://management.azure.com/subscriptions/00000000-0000-0000-0000-000000000000/resourceGroups/clitest.rg000001/providers/Microsoft.EventHub/namespaces/cliehnamespacedb01?api-version=2022-01-01-preview
  response:
    body:
      string: '{"sku":{"name":"Standard","tier":"Standard","capacity":1},"id":"/subscriptions/00000000-0000-0000-0000-000000000000/resourceGroups/clitest.rg000001/providers/Microsoft.EventHub/namespaces/cliehnamespacedb01","name":"cliehnamespacedb01","type":"Microsoft.EventHub/Namespaces","location":"West
        Europe","tags":{},"properties":{"minimumTlsVersion":"1.2","publicNetworkAccess":"Enabled","disableLocalAuth":false,"zoneRedundant":false,"isAutoInflateEnabled":false,"maximumThroughputUnits":0,"kafkaEnabled":true,"provisioningState":"Succeeded","metricId":"0b1f6471-1bf0-4dda-aec3-cb9272f09590:cliehnamespacedb01","createdAt":"2023-03-13T08:58:09.57Z","updatedAt":"2023-03-13T08:58:58.963Z","serviceBusEndpoint":"https://cliehnamespacedb01.servicebus.windows.net:443/","status":"Active"}}'
    headers:
      cache-control:
      - no-cache
      content-length:
      - '780'
      content-type:
      - application/json; charset=utf-8
      date:
      - Mon, 13 Mar 2023 08:59:10 GMT
      expires:
      - '-1'
      pragma:
      - no-cache
      server:
      - Service-Bus-Resource-Provider/SN1
      - Microsoft-HTTPAPI/2.0
      server-sb:
      - Service-Bus-Resource-Provider/SN1
      strict-transport-security:
      - max-age=31536000; includeSubDomains
      transfer-encoding:
      - chunked
      vary:
      - Accept-Encoding
      x-content-type-options:
      - nosniff
    status:
      code: 200
      message: OK
- request:
    body: '{}'
    headers:
      Accept:
      - application/json
      Accept-Encoding:
      - gzip, deflate
      CommandName:
      - eventhubs eventhub create
      Connection:
      - keep-alive
      Content-Length:
      - '2'
      Content-Type:
      - application/json
      ParameterSetName:
      - -g -n --namespace-name
      User-Agent:
      - AZURECLI/2.46.0 azsdk-python-azure-mgmt-eventhub/10.1.0 Python/3.10.10 (Linux-5.15.0-1033-azure-x86_64-with-glibc2.31)
        VSTS_7b238909-6802-4b65-b90d-184bca47f458_build_220_0
    method: PUT
    uri: https://management.azure.com/subscriptions/00000000-0000-0000-0000-000000000000/resourceGroups/clitest.rg000001/providers/Microsoft.EventHub/namespaces/cliehnamespacedb01/eventhubs/cliehsrv01?api-version=2022-01-01-preview
  response:
    body:
      string: '{"id":"/subscriptions/00000000-0000-0000-0000-000000000000/resourceGroups/clitest.rg000001/providers/Microsoft.EventHub/namespaces/cliehnamespacedb01/eventhubs/cliehsrv01","name":"cliehsrv01","type":"Microsoft.EventHub/namespaces/eventhubs","location":"westeurope","properties":{"messageRetentionInDays":7,"partitionCount":4,"status":"Active","createdAt":"2023-03-13T08:59:13.22Z","updatedAt":"2023-03-13T08:59:15.073Z","partitionIds":["0","1","2","3"]}}'
    headers:
      cache-control:
      - no-cache
      content-length:
      - '454'
      content-type:
      - application/json; charset=utf-8
      date:
      - Mon, 13 Mar 2023 08:59:14 GMT
      expires:
      - '-1'
      pragma:
      - no-cache
      server:
      - Microsoft-HTTPAPI/2.0
      strict-transport-security:
      - max-age=31536000; includeSubDomains
      transfer-encoding:
      - chunked
      vary:
      - Accept-Encoding
      x-content-type-options:
      - nosniff
      x-ms-ratelimit-remaining-subscription-writes:
      - '1196'
    status:
      code: 200
      message: OK
- request:
    body: '{"properties": {"rights": ["Send", "Manage", "Listen"]}}'
    headers:
      Accept:
      - application/json
      Accept-Encoding:
      - gzip, deflate
      CommandName:
      - eventhubs namespace authorization-rule create
      Connection:
      - keep-alive
      Content-Length:
      - '56'
      Content-Type:
      - application/json
      ParameterSetName:
      - -g -n --namespace-name --rights
      User-Agent:
      - AZURECLI/2.46.0 azsdk-python-azure-mgmt-eventhub/10.1.0 Python/3.10.10 (Linux-5.15.0-1033-azure-x86_64-with-glibc2.31)
        VSTS_7b238909-6802-4b65-b90d-184bca47f458_build_220_0
    method: PUT
    uri: https://management.azure.com/subscriptions/00000000-0000-0000-0000-000000000000/resourceGroups/clitest.rg000001/providers/Microsoft.EventHub/namespaces/cliehnamespacedb01/authorizationRules/cliehauthruledb01?api-version=2022-01-01-preview
  response:
    body:
      string: '{"id":"/subscriptions/00000000-0000-0000-0000-000000000000/resourceGroups/clitest.rg000001/providers/Microsoft.EventHub/namespaces/cliehnamespacedb01/authorizationRules/cliehauthruledb01","name":"cliehauthruledb01","type":"Microsoft.EventHub/Namespaces/AuthorizationRules","location":"westeurope","properties":{"rights":["Send","Manage","Listen"]}}'
    headers:
      cache-control:
      - no-cache
      content-length:
      - '348'
      content-type:
      - application/json; charset=utf-8
      date:
      - Mon, 13 Mar 2023 08:59:22 GMT
      expires:
      - '-1'
      pragma:
      - no-cache
      server:
      - Microsoft-HTTPAPI/2.0
      strict-transport-security:
      - max-age=31536000; includeSubDomains
      transfer-encoding:
      - chunked
      vary:
      - Accept-Encoding
      x-content-type-options:
      - nosniff
      x-ms-ratelimit-remaining-subscription-writes:
      - '1199'
    status:
      code: 200
      message: OK
- request:
    body: null
    headers:
      Accept:
      - application/json
      Accept-Encoding:
      - gzip, deflate
      CommandName:
      - sql server audit-policy update
      Connection:
      - keep-alive
      ParameterSetName:
      - -g -n --state --event-hub-target-state --event-hub-authorization-rule-id --event-hub
      User-Agent:
      - AZURECLI/2.46.0 azsdk-python-mgmt-sql/4.0.0b8 Python/3.10.10 (Linux-5.15.0-1033-azure-x86_64-with-glibc2.31)
        VSTS_7b238909-6802-4b65-b90d-184bca47f458_build_220_0
    method: GET
    uri: https://management.azure.com/subscriptions/00000000-0000-0000-0000-000000000000/resourceGroups/clitest.rg000001/providers/Microsoft.Sql/servers/clitestserver000003/auditingSettings/default?api-version=2021-11-01-preview
  response:
    body:
      string: '{"properties":{"retentionDays":30,"auditActionsAndGroups":["DATABASE_LOGOUT_GROUP","DATABASE_ROLE_MEMBER_CHANGE_GROUP"],"isStorageSecondaryKeyInUse":false,"isAzureMonitorTargetEnabled":false,"isManagedIdentityInUse":false,"state":"Enabled","storageEndpoint":"https://clitest000005.blob.core.windows.net/","storageAccountSubscriptionId":"00000000-0000-0000-0000-000000000000"},"id":"/subscriptions/00000000-0000-0000-0000-000000000000/resourceGroups/clitest.rg000001/providers/Microsoft.Sql/servers/clitestserver000003/auditingSettings/Default","name":"Default","type":"Microsoft.Sql/servers/auditingSettings"}'
    headers:
      cache-control:
      - no-cache
      content-length:
      - '609'
      content-type:
      - application/json; charset=utf-8
      date:
      - Mon, 13 Mar 2023 08:59:22 GMT
      expires:
      - '-1'
      pragma:
      - no-cache
      server:
      - Microsoft-HTTPAPI/2.0
      strict-transport-security:
      - max-age=31536000; includeSubDomains
      transfer-encoding:
      - chunked
      vary:
      - Accept-Encoding
      x-content-type-options:
      - nosniff
    status:
      code: 200
      message: OK
- request:
    body: null
    headers:
      Accept:
      - application/json
      Accept-Encoding:
      - gzip, deflate
      CommandName:
      - sql server audit-policy update
      Connection:
      - keep-alive
      ParameterSetName:
      - -g -n --state --event-hub-target-state --event-hub-authorization-rule-id --event-hub
      User-Agent:
      - AZURECLI/2.46.0 azsdk-python-azure-mgmt-monitor/5.0.0 Python/3.10.10 (Linux-5.15.0-1033-azure-x86_64-with-glibc2.31)
        VSTS_7b238909-6802-4b65-b90d-184bca47f458_build_220_0
    method: GET
    uri: https://management.azure.com/subscriptions/00000000-0000-0000-0000-000000000000/resourceGroups/clitest.rg000001/providers/Microsoft.Sql/servers/clitestserver000003/databases/master/providers/Microsoft.Insights/diagnosticSettings?api-version=2021-05-01-preview
  response:
    body:
      string: '{"value":[]}'
    headers:
      cache-control:
      - no-cache
      content-length:
      - '12'
      content-type:
      - application/json; charset=utf-8
      date:
      - Mon, 13 Mar 2023 08:59:24 GMT
      expires:
      - '-1'
      pragma:
      - no-cache
      server:
      - Microsoft-IIS/10.0
      strict-transport-security:
      - max-age=31536000; includeSubDomains
      transfer-encoding:
      - chunked
      vary:
      - Accept-Encoding
      x-content-type-options:
      - nosniff
    status:
      code: 200
      message: OK
- request:
    body: '{"properties": {"eventHubAuthorizationRuleId": "/subscriptions/00000000-0000-0000-0000-000000000000/resourceGroups/clitest.rg000001/providers/Microsoft.EventHub/namespaces/cliehnamespacedb01/authorizationRules/cliehauthruledb01",
      "eventHubName": "cliehsrv01", "logs": [{"category": "SQLSecurityAuditEvents",
      "enabled": true, "retentionPolicy": {"enabled": false, "days": 0}}]}}'
    headers:
      Accept:
      - application/json
      Accept-Encoding:
      - gzip, deflate
      CommandName:
      - sql server audit-policy update
      Connection:
      - keep-alive
      Content-Length:
      - '377'
      Content-Type:
      - application/json
      ParameterSetName:
      - -g -n --state --event-hub-target-state --event-hub-authorization-rule-id --event-hub
      User-Agent:
      - AZURECLI/2.46.0 azsdk-python-azure-mgmt-monitor/5.0.0 Python/3.10.10 (Linux-5.15.0-1033-azure-x86_64-with-glibc2.31)
        VSTS_7b238909-6802-4b65-b90d-184bca47f458_build_220_0
    method: PUT
    uri: https://management.azure.com/subscriptions/00000000-0000-0000-0000-000000000000/resourceGroups/clitest.rg000001/providers/Microsoft.Sql/servers/clitestserver000003/databases/master/providers/Microsoft.Insights/diagnosticSettings/SQLSecurityAuditEvents_EventHub?api-version=2021-05-01-preview
  response:
    body:
      string: '{"id":"/subscriptions/00000000-0000-0000-0000-000000000000/resourcegroups/clitest.rg000001/providers/microsoft.sql/servers/clitestserver000003/databases/master/providers/microsoft.insights/diagnosticSettings/SQLSecurityAuditEvents_EventHub","type":"Microsoft.Insights/diagnosticSettings","name":"SQLSecurityAuditEvents_EventHub","location":null,"kind":null,"tags":null,"properties":{"storageAccountId":null,"serviceBusRuleId":null,"workspaceId":null,"eventHubAuthorizationRuleId":"/subscriptions/00000000-0000-0000-0000-000000000000/resourceGroups/clitest.rg000001/providers/Microsoft.EventHub/namespaces/cliehnamespacedb01/authorizationRules/cliehauthruledb01","eventHubName":"cliehsrv01","metrics":[],"logs":[{"category":"SQLSecurityAuditEvents","categoryGroup":null,"enabled":true,"retentionPolicy":{"enabled":false,"days":0}}],"logAnalyticsDestinationType":null},"identity":null}'
    headers:
      cache-control:
      - no-cache
      content-length:
      - '883'
      content-type:
      - application/json; charset=utf-8
      date:
      - Mon, 13 Mar 2023 08:59:28 GMT
      expires:
      - '-1'
      pragma:
      - no-cache
      server:
      - Microsoft-IIS/10.0
      strict-transport-security:
      - max-age=31536000; includeSubDomains
      x-content-type-options:
      - nosniff
      x-ms-ratelimit-remaining-subscription-resource-requests:
      - '149'
    status:
      code: 200
      message: OK
- request:
    body: null
    headers:
      Accept:
      - application/json
      Accept-Encoding:
      - gzip, deflate
      CommandName:
      - sql server audit-policy update
      Connection:
      - keep-alive
      ParameterSetName:
      - -g -n --state --event-hub-target-state --event-hub-authorization-rule-id --event-hub
      User-Agent:
      - AZURECLI/2.46.0 azsdk-python-azure-mgmt-resource/22.0.0 Python/3.10.10 (Linux-5.15.0-1033-azure-x86_64-with-glibc2.31)
        VSTS_7b238909-6802-4b65-b90d-184bca47f458_build_220_0
    method: GET
    uri: https://management.azure.com/subscriptions/00000000-0000-0000-0000-000000000000/resources?$filter=name%20eq%20%27clitest000005%27%20and%20%28resourceType%20eq%20%27Microsoft.Storage%2FstorageAccounts%27%20or%20resourceType%20eq%20%27Microsoft.ClassicStorage%2FstorageAccounts%27%29&api-version=2022-09-01
  response:
    body:
      string: '{"value":[{"id":"/subscriptions/00000000-0000-0000-0000-000000000000/resourceGroups/clitest.rg000002/providers/Microsoft.Storage/storageAccounts/clitest000005","name":"clitest000005","type":"Microsoft.Storage/storageAccounts","sku":{"name":"Standard_LRS","tier":"Standard"},"kind":"Storage","location":"westus","tags":{}}],"nextLink":"https://management.azure.com/subscriptions/00000000-0000-0000-0000-000000000000/resources?%24filter=name+eq+%27clitest000005%27+and+(resourceType+eq+%27Microsoft.Storage%2fstorageAccounts%27+or+resourceType+eq+%27Microsoft.ClassicStorage%2fstorageAccounts%27)&api-version=2022-09-01&%24skiptoken=eyJuZXh0UGFydGl0aW9uS2V5IjoiMSE4IU9FTTVOa1UtIiwibmV4dFJvd0tleSI6IjEhMTU2IU1FSXhSalkwTnpFeFFrWXdORVJFUVVGRlF6TkRRamt5TnpKR01EazFPVEJmUjFKTUxVWkZUa2M2TWtSRFRFazZNa1JTUnkxTlNVTlNUMU5QUmxRNk1rVk9SVlJYVDFKTE9qSkdWa2xTVkZWQlRFNUZWRmRQVWt0VE9qSkdSa1ZPUjFSRlUxUldUa1ZVTFVORlRsUlNRVXhWVXctLSJ9"}'
    headers:
      cache-control:
      - no-cache
      content-length:
      - '917'
      content-type:
      - application/json; charset=utf-8
      date:
      - Mon, 13 Mar 2023 08:59:28 GMT
      expires:
      - '-1'
      pragma:
      - no-cache
      strict-transport-security:
      - max-age=31536000; includeSubDomains
      vary:
      - Accept-Encoding
      x-content-type-options:
      - nosniff
    status:
      code: 200
      message: OK
- request:
    body: null
    headers:
      Accept:
      - '*/*'
      Accept-Encoding:
      - gzip, deflate
      CommandName:
      - sql server audit-policy update
      Connection:
      - keep-alive
      ParameterSetName:
      - -g -n --state --event-hub-target-state --event-hub-authorization-rule-id --event-hub
      User-Agent:
      - AZURECLI/2.46.0 azsdk-python-azure-mgmt-resource/22.0.0 Python/3.10.10 (Linux-5.15.0-1033-azure-x86_64-with-glibc2.31)
        VSTS_7b238909-6802-4b65-b90d-184bca47f458_build_220_0
    method: GET
    uri: https://management.azure.com/subscriptions/00000000-0000-0000-0000-000000000000/resources?$filter=name%20eq%20%27clitest000005%27%20and%20%28resourceType%20eq%20%27Microsoft.Storage/storageAccounts%27%20or%20resourceType%20eq%20%27Microsoft.ClassicStorage/storageAccounts%27%29&api-version=2022-09-01&$skiptoken=eyJuZXh0UGFydGl0aW9uS2V5IjoiMSE4IU9FTTVOa1UtIiwibmV4dFJvd0tleSI6IjEhMTU2IU1FSXhSalkwTnpFeFFrWXdORVJFUVVGRlF6TkRRamt5TnpKR01EazFPVEJmUjFKTUxVWkZUa2M2TWtSRFRFazZNa1JTUnkxTlNVTlNUMU5QUmxRNk1rVk9SVlJYVDFKTE9qSkdWa2xTVkZWQlRFNUZWRmRQVWt0VE9qSkdSa1ZPUjFSRlUxUldUa1ZVTFVORlRsUlNRVXhWVXctLSJ9
  response:
    body:
      string: '{"value":[]}'
    headers:
      cache-control:
      - no-cache
      content-length:
      - '12'
      content-type:
      - application/json; charset=utf-8
      date:
      - Mon, 13 Mar 2023 08:59:28 GMT
      expires:
      - '-1'
      pragma:
      - no-cache
      strict-transport-security:
      - max-age=31536000; includeSubDomains
      vary:
      - Accept-Encoding
      x-content-type-options:
      - nosniff
    status:
      code: 200
      message: OK
- request:
    body: null
    headers:
      Accept:
      - application/json
      Accept-Encoding:
      - gzip, deflate
      CommandName:
      - sql server audit-policy update
      Connection:
      - keep-alive
      Content-Length:
      - '0'
      ParameterSetName:
      - -g -n --state --event-hub-target-state --event-hub-authorization-rule-id --event-hub
      User-Agent:
      - AZURECLI/2.46.0 azsdk-python-azure-mgmt-storage/21.0.0 Python/3.10.10 (Linux-5.15.0-1033-azure-x86_64-with-glibc2.31)
        VSTS_7b238909-6802-4b65-b90d-184bca47f458_build_220_0
    method: POST
    uri: https://management.azure.com/subscriptions/00000000-0000-0000-0000-000000000000/resourceGroups/clitest.rg000002/providers/Microsoft.Storage/storageAccounts/clitest000005/listKeys?api-version=2022-09-01&$expand=kerb
  response:
    body:
      string: '{"keys":[{"creationTime":"2023-03-13T08:51:52.5261841Z","keyName":"key1","value":"veryFakedStorageAccountKey==","permissions":"FULL"},{"creationTime":"2023-03-13T08:51:52.5261841Z","keyName":"key2","value":"veryFakedStorageAccountKey==","permissions":"FULL"}]}'
    headers:
      cache-control:
      - no-cache
      content-length:
      - '260'
      content-type:
      - application/json
      date:
      - Mon, 13 Mar 2023 08:59:28 GMT
      expires:
      - '-1'
      pragma:
      - no-cache
      server:
      - Microsoft-Azure-Storage-Resource-Provider/1.0,Microsoft-HTTPAPI/2.0 Microsoft-HTTPAPI/2.0
      strict-transport-security:
      - max-age=31536000; includeSubDomains
      transfer-encoding:
      - chunked
      vary:
      - Accept-Encoding
      x-content-type-options:
      - nosniff
      x-ms-ratelimit-remaining-subscription-resource-requests:
      - '11999'
    status:
      code: 200
      message: OK
- request:
    body: '{"properties": {"retentionDays": 30, "auditActionsAndGroups": ["DATABASE_LOGOUT_GROUP",
      "DATABASE_ROLE_MEMBER_CHANGE_GROUP"], "isStorageSecondaryKeyInUse": false, "isAzureMonitorTargetEnabled":
      true, "isManagedIdentityInUse": false, "state": "Enabled", "storageEndpoint":
      "https://clitest000005.blob.core.windows.net/", "storageAccountAccessKey": "veryFakedStorageAccountKey==",
      "storageAccountSubscriptionId": "00000000-0000-0000-0000-000000000000"}}'
    headers:
      Accept:
      - application/json
      Accept-Encoding:
      - gzip, deflate
      CommandName:
      - sql server audit-policy update
      Connection:
      - keep-alive
      Content-Length:
      - '451'
      Content-Type:
      - application/json
      ParameterSetName:
      - -g -n --state --event-hub-target-state --event-hub-authorization-rule-id --event-hub
      User-Agent:
      - AZURECLI/2.46.0 azsdk-python-mgmt-sql/4.0.0b8 Python/3.10.10 (Linux-5.15.0-1033-azure-x86_64-with-glibc2.31)
        VSTS_7b238909-6802-4b65-b90d-184bca47f458_build_220_0
    method: PUT
    uri: https://management.azure.com/subscriptions/00000000-0000-0000-0000-000000000000/resourceGroups/clitest.rg000001/providers/Microsoft.Sql/servers/clitestserver000003/auditingSettings/default?api-version=2021-11-01-preview
  response:
    body:
      string: '{"operation":"UpsertServerEngineAuditingPolicy","startTime":"2023-03-13T08:59:29.573Z"}'
    headers:
      azure-asyncoperation:
      - https://management.azure.com/subscriptions/00000000-0000-0000-0000-000000000000/providers/Microsoft.Sql/locations/westeurope/auditingSettingsAzureAsyncOperation/8066882d-c2d1-4b7a-9c37-16ab864bf402?api-version=2021-11-01-preview
      cache-control:
      - no-cache
      content-length:
      - '87'
      content-type:
      - application/json; charset=utf-8
      date:
      - Mon, 13 Mar 2023 08:59:29 GMT
      expires:
      - '-1'
      location:
      - https://management.azure.com/subscriptions/00000000-0000-0000-0000-000000000000/providers/Microsoft.Sql/locations/westeurope/auditingSettingsOperationResults/8066882d-c2d1-4b7a-9c37-16ab864bf402?api-version=2021-11-01-preview
      pragma:
      - no-cache
      server:
      - Microsoft-HTTPAPI/2.0
      strict-transport-security:
      - max-age=31536000; includeSubDomains
      x-content-type-options:
      - nosniff
      x-ms-ratelimit-remaining-subscription-writes:
      - '1196'
    status:
      code: 202
      message: Accepted
- request:
    body: null
    headers:
      Accept:
      - '*/*'
      Accept-Encoding:
      - gzip, deflate
      CommandName:
      - sql server audit-policy update
      Connection:
      - keep-alive
      ParameterSetName:
      - -g -n --state --event-hub-target-state --event-hub-authorization-rule-id --event-hub
      User-Agent:
      - AZURECLI/2.46.0 azsdk-python-mgmt-sql/4.0.0b8 Python/3.10.10 (Linux-5.15.0-1033-azure-x86_64-with-glibc2.31)
        VSTS_7b238909-6802-4b65-b90d-184bca47f458_build_220_0
    method: GET
    uri: https://management.azure.com/subscriptions/00000000-0000-0000-0000-000000000000/providers/Microsoft.Sql/locations/westeurope/auditingSettingsAzureAsyncOperation/8066882d-c2d1-4b7a-9c37-16ab864bf402?api-version=2021-11-01-preview
  response:
    body:
      string: '{"name":"8066882d-c2d1-4b7a-9c37-16ab864bf402","status":"Succeeded","startTime":"2023-03-13T08:59:29.573Z"}'
    headers:
      cache-control:
      - no-cache
      content-length:
      - '107'
      content-type:
      - application/json; charset=utf-8
      date:
      - Mon, 13 Mar 2023 09:00:29 GMT
      expires:
      - '-1'
      pragma:
      - no-cache
      server:
      - Microsoft-HTTPAPI/2.0
      strict-transport-security:
      - max-age=31536000; includeSubDomains
      transfer-encoding:
      - chunked
      vary:
      - Accept-Encoding
      x-content-type-options:
      - nosniff
    status:
      code: 200
      message: OK
- request:
    body: null
    headers:
      Accept:
      - '*/*'
      Accept-Encoding:
      - gzip, deflate
      CommandName:
      - sql server audit-policy update
      Connection:
      - keep-alive
      ParameterSetName:
      - -g -n --state --event-hub-target-state --event-hub-authorization-rule-id --event-hub
      User-Agent:
      - AZURECLI/2.46.0 azsdk-python-mgmt-sql/4.0.0b8 Python/3.10.10 (Linux-5.15.0-1033-azure-x86_64-with-glibc2.31)
        VSTS_7b238909-6802-4b65-b90d-184bca47f458_build_220_0
    method: GET
    uri: https://management.azure.com/subscriptions/00000000-0000-0000-0000-000000000000/resourceGroups/clitest.rg000001/providers/Microsoft.Sql/servers/clitestserver000003/auditingSettings/default?api-version=2021-11-01-preview
  response:
    body:
      string: '{"properties":{"retentionDays":30,"auditActionsAndGroups":["DATABASE_LOGOUT_GROUP","DATABASE_ROLE_MEMBER_CHANGE_GROUP"],"isStorageSecondaryKeyInUse":false,"isAzureMonitorTargetEnabled":true,"isManagedIdentityInUse":false,"state":"Enabled","storageEndpoint":"https://clitest000005.blob.core.windows.net/","storageAccountSubscriptionId":"00000000-0000-0000-0000-000000000000"},"id":"/subscriptions/00000000-0000-0000-0000-000000000000/resourceGroups/clitest.rg000001/providers/Microsoft.Sql/servers/clitestserver000003/auditingSettings/Default","name":"Default","type":"Microsoft.Sql/servers/auditingSettings"}'
    headers:
      cache-control:
      - no-cache
      content-length:
      - '608'
      content-type:
      - application/json; charset=utf-8
      date:
      - Mon, 13 Mar 2023 09:00:29 GMT
      expires:
      - '-1'
      pragma:
      - no-cache
      server:
      - Microsoft-HTTPAPI/2.0
      strict-transport-security:
      - max-age=31536000; includeSubDomains
      transfer-encoding:
      - chunked
      vary:
      - Accept-Encoding
      x-content-type-options:
      - nosniff
    status:
      code: 200
      message: OK
- request:
    body: null
    headers:
      Accept:
      - application/json
      Accept-Encoding:
      - gzip, deflate
      CommandName:
      - sql server audit-policy show
      Connection:
      - keep-alive
      ParameterSetName:
      - -g -n
      User-Agent:
      - AZURECLI/2.46.0 azsdk-python-mgmt-sql/4.0.0b8 Python/3.10.10 (Linux-5.15.0-1033-azure-x86_64-with-glibc2.31)
        VSTS_7b238909-6802-4b65-b90d-184bca47f458_build_220_0
    method: GET
    uri: https://management.azure.com/subscriptions/00000000-0000-0000-0000-000000000000/resourceGroups/clitest.rg000001/providers/Microsoft.Sql/servers/clitestserver000003/auditingSettings/default?api-version=2021-11-01-preview
  response:
    body:
      string: '{"properties":{"retentionDays":30,"auditActionsAndGroups":["DATABASE_LOGOUT_GROUP","DATABASE_ROLE_MEMBER_CHANGE_GROUP"],"isStorageSecondaryKeyInUse":false,"isAzureMonitorTargetEnabled":true,"isManagedIdentityInUse":false,"state":"Enabled","storageEndpoint":"https://clitest000005.blob.core.windows.net/","storageAccountSubscriptionId":"00000000-0000-0000-0000-000000000000"},"id":"/subscriptions/00000000-0000-0000-0000-000000000000/resourceGroups/clitest.rg000001/providers/Microsoft.Sql/servers/clitestserver000003/auditingSettings/Default","name":"Default","type":"Microsoft.Sql/servers/auditingSettings"}'
    headers:
      cache-control:
      - no-cache
      content-length:
      - '608'
      content-type:
      - application/json; charset=utf-8
      date:
      - Mon, 13 Mar 2023 09:00:30 GMT
      expires:
      - '-1'
      pragma:
      - no-cache
      server:
      - Microsoft-HTTPAPI/2.0
      strict-transport-security:
      - max-age=31536000; includeSubDomains
      transfer-encoding:
      - chunked
      vary:
      - Accept-Encoding
      x-content-type-options:
      - nosniff
    status:
      code: 200
      message: OK
- request:
    body: null
    headers:
      Accept:
      - application/json
      Accept-Encoding:
      - gzip, deflate
      CommandName:
      - sql server audit-policy show
      Connection:
      - keep-alive
      ParameterSetName:
      - -g -n
      User-Agent:
      - AZURECLI/2.46.0 azsdk-python-azure-mgmt-monitor/5.0.0 Python/3.10.10 (Linux-5.15.0-1033-azure-x86_64-with-glibc2.31)
        VSTS_7b238909-6802-4b65-b90d-184bca47f458_build_220_0
    method: GET
    uri: https://management.azure.com/subscriptions/00000000-0000-0000-0000-000000000000/resourceGroups/clitest.rg000001/providers/Microsoft.Sql/servers/clitestserver000003/databases/master/providers/Microsoft.Insights/diagnosticSettings?api-version=2021-05-01-preview
  response:
    body:
      string: '{"value":[{"id":"/subscriptions/00000000-0000-0000-0000-000000000000/resourcegroups/clitest.rg000001/providers/microsoft.sql/servers/clitestserver000003/databases/master/providers/microsoft.insights/diagnosticSettings/SQLSecurityAuditEvents_EventHub","type":"Microsoft.Insights/diagnosticSettings","name":"SQLSecurityAuditEvents_EventHub","location":null,"kind":null,"tags":null,"properties":{"storageAccountId":null,"serviceBusRuleId":null,"workspaceId":null,"eventHubAuthorizationRuleId":"/subscriptions/00000000-0000-0000-0000-000000000000/resourceGroups/clitest.rg000001/providers/Microsoft.EventHub/namespaces/cliehnamespacedb01/authorizationRules/cliehauthruledb01","eventHubName":"cliehsrv01","metrics":[],"logs":[{"category":"SQLSecurityAuditEvents","categoryGroup":null,"enabled":true,"retentionPolicy":{"enabled":false,"days":0}}],"logAnalyticsDestinationType":null},"identity":null}]}'
    headers:
      cache-control:
      - no-cache
      content-length:
      - '895'
      content-type:
      - application/json; charset=utf-8
      date:
      - Mon, 13 Mar 2023 09:00:30 GMT
      expires:
      - '-1'
      pragma:
      - no-cache
      server:
      - Microsoft-IIS/10.0
      strict-transport-security:
      - max-age=31536000; includeSubDomains
      transfer-encoding:
      - chunked
      vary:
      - Accept-Encoding
      x-content-type-options:
      - nosniff
    status:
      code: 200
      message: OK
- request:
    body: null
    headers:
      Accept:
      - application/json
      Accept-Encoding:
      - gzip, deflate
      CommandName:
      - sql server audit-policy update
      Connection:
      - keep-alive
      ParameterSetName:
      - -g -n --state --event-hub-target-state
      User-Agent:
      - AZURECLI/2.46.0 azsdk-python-mgmt-sql/4.0.0b8 Python/3.10.10 (Linux-5.15.0-1033-azure-x86_64-with-glibc2.31)
        VSTS_7b238909-6802-4b65-b90d-184bca47f458_build_220_0
    method: GET
    uri: https://management.azure.com/subscriptions/00000000-0000-0000-0000-000000000000/resourceGroups/clitest.rg000001/providers/Microsoft.Sql/servers/clitestserver000003/auditingSettings/default?api-version=2021-11-01-preview
  response:
    body:
      string: '{"properties":{"retentionDays":30,"auditActionsAndGroups":["DATABASE_LOGOUT_GROUP","DATABASE_ROLE_MEMBER_CHANGE_GROUP"],"isStorageSecondaryKeyInUse":false,"isAzureMonitorTargetEnabled":true,"isManagedIdentityInUse":false,"state":"Enabled","storageEndpoint":"https://clitest000005.blob.core.windows.net/","storageAccountSubscriptionId":"00000000-0000-0000-0000-000000000000"},"id":"/subscriptions/00000000-0000-0000-0000-000000000000/resourceGroups/clitest.rg000001/providers/Microsoft.Sql/servers/clitestserver000003/auditingSettings/Default","name":"Default","type":"Microsoft.Sql/servers/auditingSettings"}'
    headers:
      cache-control:
      - no-cache
      content-length:
      - '608'
      content-type:
      - application/json; charset=utf-8
      date:
      - Mon, 13 Mar 2023 09:00:31 GMT
      expires:
      - '-1'
      pragma:
      - no-cache
      server:
      - Microsoft-HTTPAPI/2.0
      strict-transport-security:
      - max-age=31536000; includeSubDomains
      transfer-encoding:
      - chunked
      vary:
      - Accept-Encoding
      x-content-type-options:
      - nosniff
    status:
      code: 200
      message: OK
- request:
    body: null
    headers:
      Accept:
      - application/json
      Accept-Encoding:
      - gzip, deflate
      CommandName:
      - sql server audit-policy update
      Connection:
      - keep-alive
      ParameterSetName:
      - -g -n --state --event-hub-target-state
      User-Agent:
      - AZURECLI/2.46.0 azsdk-python-azure-mgmt-monitor/5.0.0 Python/3.10.10 (Linux-5.15.0-1033-azure-x86_64-with-glibc2.31)
        VSTS_7b238909-6802-4b65-b90d-184bca47f458_build_220_0
    method: GET
    uri: https://management.azure.com/subscriptions/00000000-0000-0000-0000-000000000000/resourceGroups/clitest.rg000001/providers/Microsoft.Sql/servers/clitestserver000003/databases/master/providers/Microsoft.Insights/diagnosticSettings?api-version=2021-05-01-preview
  response:
    body:
      string: '{"value":[{"id":"/subscriptions/00000000-0000-0000-0000-000000000000/resourcegroups/clitest.rg000001/providers/microsoft.sql/servers/clitestserver000003/databases/master/providers/microsoft.insights/diagnosticSettings/SQLSecurityAuditEvents_EventHub","type":"Microsoft.Insights/diagnosticSettings","name":"SQLSecurityAuditEvents_EventHub","location":null,"kind":null,"tags":null,"properties":{"storageAccountId":null,"serviceBusRuleId":null,"workspaceId":null,"eventHubAuthorizationRuleId":"/subscriptions/00000000-0000-0000-0000-000000000000/resourceGroups/clitest.rg000001/providers/Microsoft.EventHub/namespaces/cliehnamespacedb01/authorizationRules/cliehauthruledb01","eventHubName":"cliehsrv01","metrics":[],"logs":[{"category":"SQLSecurityAuditEvents","categoryGroup":null,"enabled":true,"retentionPolicy":{"enabled":false,"days":0}}],"logAnalyticsDestinationType":null},"identity":null}]}'
    headers:
      cache-control:
      - no-cache
      content-length:
      - '895'
      content-type:
      - application/json; charset=utf-8
      date:
      - Mon, 13 Mar 2023 09:00:32 GMT
      expires:
      - '-1'
      pragma:
      - no-cache
      server:
      - Microsoft-IIS/10.0
      strict-transport-security:
      - max-age=31536000; includeSubDomains
      x-content-type-options:
      - nosniff
    status:
      code: 200
      message: OK
- request:
    body: null
    headers:
      Accept:
      - application/json
      Accept-Encoding:
      - gzip, deflate
      CommandName:
      - sql server audit-policy update
      Connection:
      - keep-alive
      Content-Length:
      - '0'
      ParameterSetName:
      - -g -n --state --event-hub-target-state
      User-Agent:
      - AZURECLI/2.46.0 azsdk-python-azure-mgmt-monitor/5.0.0 Python/3.10.10 (Linux-5.15.0-1033-azure-x86_64-with-glibc2.31)
        VSTS_7b238909-6802-4b65-b90d-184bca47f458_build_220_0
    method: DELETE
    uri: https://management.azure.com/subscriptions/00000000-0000-0000-0000-000000000000/resourceGroups/clitest.rg000001/providers/Microsoft.Sql/servers/clitestserver000003/databases/master/providers/Microsoft.Insights/diagnosticSettings/SQLSecurityAuditEvents_EventHub?api-version=2021-05-01-preview
  response:
    body:
      string: ''
    headers:
      cache-control:
      - no-cache
      content-length:
      - '0'
      date:
      - Mon, 13 Mar 2023 09:00:35 GMT
      expires:
      - '-1'
      pragma:
      - no-cache
      server:
      - Microsoft-IIS/10.0
      strict-transport-security:
      - max-age=31536000; includeSubDomains
      x-content-type-options:
      - nosniff
      x-ms-ratelimit-remaining-subscription-deletes:
      - '14999'
    status:
      code: 200
      message: OK
- request:
    body: null
    headers:
      Accept:
      - application/json
      Accept-Encoding:
      - gzip, deflate
      CommandName:
      - sql server audit-policy update
      Connection:
      - keep-alive
      ParameterSetName:
      - -g -n --state --event-hub-target-state
      User-Agent:
      - AZURECLI/2.46.0 azsdk-python-azure-mgmt-resource/22.0.0 Python/3.10.10 (Linux-5.15.0-1033-azure-x86_64-with-glibc2.31)
        VSTS_7b238909-6802-4b65-b90d-184bca47f458_build_220_0
    method: GET
    uri: https://management.azure.com/subscriptions/00000000-0000-0000-0000-000000000000/resources?$filter=name%20eq%20%27clitest000005%27%20and%20%28resourceType%20eq%20%27Microsoft.Storage%2FstorageAccounts%27%20or%20resourceType%20eq%20%27Microsoft.ClassicStorage%2FstorageAccounts%27%29&api-version=2022-09-01
  response:
    body:
      string: '{"value":[{"id":"/subscriptions/00000000-0000-0000-0000-000000000000/resourceGroups/clitest.rg000002/providers/Microsoft.Storage/storageAccounts/clitest000005","name":"clitest000005","type":"Microsoft.Storage/storageAccounts","sku":{"name":"Standard_LRS","tier":"Standard"},"kind":"Storage","location":"westus","tags":{}}],"nextLink":"https://management.azure.com/subscriptions/00000000-0000-0000-0000-000000000000/resources?%24filter=name+eq+%27clitest000005%27+and+(resourceType+eq+%27Microsoft.Storage%2fstorageAccounts%27+or+resourceType+eq+%27Microsoft.ClassicStorage%2fstorageAccounts%27)&api-version=2022-09-01&%24skiptoken=eyJuZXh0UGFydGl0aW9uS2V5IjoiMSE4IU9FTTVOa1UtIiwibmV4dFJvd0tleSI6IjEhMjA4IU1FSXhSalkwTnpFeFFrWXdORVJFUVVGRlF6TkRRamt5TnpKR01EazFPVEJmUjFKTUxVWkZUa2M2TWtSRFRFazZNa1JTUnkxTlNVTlNUMU5QUmxRNk1rVk9SVlJYVDFKTE9qSkdUa1ZVVjA5U1MwbE9WRVZPVkZCUFRFbERTVVZUT2pKR1FVUkNPakpFUlVGVFZGVlRNa1ZWUVZBNk1rUTBRemhFUlVFMk5qaEVNRFJFTmtVNU1qRkNNVGxFTkRrdFJVRlRWRlZUTWtWVlFWQS0ifQ%3d%3d"}'
    headers:
      cache-control:
      - no-cache
      content-length:
      - '993'
      content-type:
      - application/json; charset=utf-8
      date:
      - Mon, 13 Mar 2023 09:00:34 GMT
      expires:
      - '-1'
      pragma:
      - no-cache
      strict-transport-security:
      - max-age=31536000; includeSubDomains
      vary:
      - Accept-Encoding
      x-content-type-options:
      - nosniff
    status:
      code: 200
      message: OK
- request:
    body: null
    headers:
      Accept:
      - '*/*'
      Accept-Encoding:
      - gzip, deflate
      CommandName:
      - sql server audit-policy update
      Connection:
      - keep-alive
      ParameterSetName:
      - -g -n --state --event-hub-target-state
      User-Agent:
      - AZURECLI/2.46.0 azsdk-python-azure-mgmt-resource/22.0.0 Python/3.10.10 (Linux-5.15.0-1033-azure-x86_64-with-glibc2.31)
        VSTS_7b238909-6802-4b65-b90d-184bca47f458_build_220_0
    method: GET
    uri: https://management.azure.com/subscriptions/00000000-0000-0000-0000-000000000000/resources?$filter=name%20eq%20%27clitest000005%27%20and%20%28resourceType%20eq%20%27Microsoft.Storage/storageAccounts%27%20or%20resourceType%20eq%20%27Microsoft.ClassicStorage/storageAccounts%27%29&api-version=2022-09-01&$skiptoken=eyJuZXh0UGFydGl0aW9uS2V5IjoiMSE4IU9FTTVOa1UtIiwibmV4dFJvd0tleSI6IjEhMjA4IU1FSXhSalkwTnpFeFFrWXdORVJFUVVGRlF6TkRRamt5TnpKR01EazFPVEJmUjFKTUxVWkZUa2M2TWtSRFRFazZNa1JTUnkxTlNVTlNUMU5QUmxRNk1rVk9SVlJYVDFKTE9qSkdUa1ZVVjA5U1MwbE9WRVZPVkZCUFRFbERTVVZUT2pKR1FVUkNPakpFUlVGVFZGVlRNa1ZWUVZBNk1rUTBRemhFUlVFMk5qaEVNRFJFTmtVNU1qRkNNVGxFTkRrdFJVRlRWRlZUTWtWVlFWQS0ifQ%3D%3D
  response:
    body:
      string: '{"value":[]}'
    headers:
      cache-control:
      - no-cache
      content-length:
      - '12'
      content-type:
      - application/json; charset=utf-8
      date:
      - Mon, 13 Mar 2023 09:00:34 GMT
      expires:
      - '-1'
      pragma:
      - no-cache
      strict-transport-security:
      - max-age=31536000; includeSubDomains
      vary:
      - Accept-Encoding
      x-content-type-options:
      - nosniff
    status:
      code: 200
      message: OK
- request:
    body: null
    headers:
      Accept:
      - application/json
      Accept-Encoding:
      - gzip, deflate
      CommandName:
      - sql server audit-policy update
      Connection:
      - keep-alive
      Content-Length:
      - '0'
      ParameterSetName:
      - -g -n --state --event-hub-target-state
      User-Agent:
      - AZURECLI/2.46.0 azsdk-python-azure-mgmt-storage/21.0.0 Python/3.10.10 (Linux-5.15.0-1033-azure-x86_64-with-glibc2.31)
        VSTS_7b238909-6802-4b65-b90d-184bca47f458_build_220_0
    method: POST
    uri: https://management.azure.com/subscriptions/00000000-0000-0000-0000-000000000000/resourceGroups/clitest.rg000002/providers/Microsoft.Storage/storageAccounts/clitest000005/listKeys?api-version=2022-09-01&$expand=kerb
  response:
    body:
      string: '{"keys":[{"creationTime":"2023-03-13T08:51:52.5261841Z","keyName":"key1","value":"veryFakedStorageAccountKey==","permissions":"FULL"},{"creationTime":"2023-03-13T08:51:52.5261841Z","keyName":"key2","value":"veryFakedStorageAccountKey==","permissions":"FULL"}]}'
    headers:
      cache-control:
      - no-cache
      content-length:
      - '260'
      content-type:
      - application/json
      date:
      - Mon, 13 Mar 2023 09:00:35 GMT
      expires:
      - '-1'
      pragma:
      - no-cache
      server:
      - Microsoft-Azure-Storage-Resource-Provider/1.0,Microsoft-HTTPAPI/2.0 Microsoft-HTTPAPI/2.0
      strict-transport-security:
      - max-age=31536000; includeSubDomains
      transfer-encoding:
      - chunked
      vary:
      - Accept-Encoding
      x-content-type-options:
      - nosniff
      x-ms-ratelimit-remaining-subscription-resource-requests:
      - '11999'
    status:
      code: 200
      message: OK
- request:
    body: '{"properties": {"retentionDays": 30, "auditActionsAndGroups": ["DATABASE_LOGOUT_GROUP",
      "DATABASE_ROLE_MEMBER_CHANGE_GROUP"], "isStorageSecondaryKeyInUse": false, "isAzureMonitorTargetEnabled":
      false, "isManagedIdentityInUse": false, "state": "Enabled", "storageEndpoint":
      "https://clitest000005.blob.core.windows.net/", "storageAccountAccessKey": "veryFakedStorageAccountKey==",
      "storageAccountSubscriptionId": "00000000-0000-0000-0000-000000000000"}}'
    headers:
      Accept:
      - application/json
      Accept-Encoding:
      - gzip, deflate
      CommandName:
      - sql server audit-policy update
      Connection:
      - keep-alive
      Content-Length:
      - '452'
      Content-Type:
      - application/json
      ParameterSetName:
      - -g -n --state --event-hub-target-state
      User-Agent:
      - AZURECLI/2.46.0 azsdk-python-mgmt-sql/4.0.0b8 Python/3.10.10 (Linux-5.15.0-1033-azure-x86_64-with-glibc2.31)
        VSTS_7b238909-6802-4b65-b90d-184bca47f458_build_220_0
    method: PUT
    uri: https://management.azure.com/subscriptions/00000000-0000-0000-0000-000000000000/resourceGroups/clitest.rg000001/providers/Microsoft.Sql/servers/clitestserver000003/auditingSettings/default?api-version=2021-11-01-preview
  response:
    body:
      string: '{"operation":"UpsertServerEngineAuditingPolicy","startTime":"2023-03-13T09:00:36.527Z"}'
    headers:
      azure-asyncoperation:
      - https://management.azure.com/subscriptions/00000000-0000-0000-0000-000000000000/providers/Microsoft.Sql/locations/westeurope/auditingSettingsAzureAsyncOperation/b65f28cc-a4fd-4625-b595-2d45414c65ca?api-version=2021-11-01-preview
      cache-control:
      - no-cache
      content-length:
      - '87'
      content-type:
      - application/json; charset=utf-8
      date:
      - Mon, 13 Mar 2023 09:00:36 GMT
      expires:
      - '-1'
      location:
      - https://management.azure.com/subscriptions/00000000-0000-0000-0000-000000000000/providers/Microsoft.Sql/locations/westeurope/auditingSettingsOperationResults/b65f28cc-a4fd-4625-b595-2d45414c65ca?api-version=2021-11-01-preview
      pragma:
      - no-cache
      server:
      - Microsoft-HTTPAPI/2.0
      strict-transport-security:
      - max-age=31536000; includeSubDomains
      x-content-type-options:
      - nosniff
      x-ms-ratelimit-remaining-subscription-writes:
      - '1199'
    status:
      code: 202
      message: Accepted
- request:
    body: null
    headers:
      Accept:
      - '*/*'
      Accept-Encoding:
      - gzip, deflate
      CommandName:
      - sql server audit-policy update
      Connection:
      - keep-alive
      ParameterSetName:
      - -g -n --state --event-hub-target-state
      User-Agent:
      - AZURECLI/2.46.0 azsdk-python-mgmt-sql/4.0.0b8 Python/3.10.10 (Linux-5.15.0-1033-azure-x86_64-with-glibc2.31)
        VSTS_7b238909-6802-4b65-b90d-184bca47f458_build_220_0
    method: GET
    uri: https://management.azure.com/subscriptions/00000000-0000-0000-0000-000000000000/providers/Microsoft.Sql/locations/westeurope/auditingSettingsAzureAsyncOperation/b65f28cc-a4fd-4625-b595-2d45414c65ca?api-version=2021-11-01-preview
  response:
    body:
      string: '{"name":"b65f28cc-a4fd-4625-b595-2d45414c65ca","status":"Succeeded","startTime":"2023-03-13T09:00:36.527Z"}'
    headers:
      cache-control:
      - no-cache
      content-length:
      - '107'
      content-type:
      - application/json; charset=utf-8
      date:
      - Mon, 13 Mar 2023 09:01:36 GMT
      expires:
      - '-1'
      pragma:
      - no-cache
      server:
      - Microsoft-HTTPAPI/2.0
      strict-transport-security:
      - max-age=31536000; includeSubDomains
      transfer-encoding:
      - chunked
      vary:
      - Accept-Encoding
      x-content-type-options:
      - nosniff
    status:
      code: 200
      message: OK
- request:
    body: null
    headers:
      Accept:
      - '*/*'
      Accept-Encoding:
      - gzip, deflate
      CommandName:
      - sql server audit-policy update
      Connection:
      - keep-alive
      ParameterSetName:
      - -g -n --state --event-hub-target-state
      User-Agent:
      - AZURECLI/2.46.0 azsdk-python-mgmt-sql/4.0.0b8 Python/3.10.10 (Linux-5.15.0-1033-azure-x86_64-with-glibc2.31)
        VSTS_7b238909-6802-4b65-b90d-184bca47f458_build_220_0
    method: GET
    uri: https://management.azure.com/subscriptions/00000000-0000-0000-0000-000000000000/resourceGroups/clitest.rg000001/providers/Microsoft.Sql/servers/clitestserver000003/auditingSettings/default?api-version=2021-11-01-preview
  response:
    body:
      string: '{"properties":{"retentionDays":30,"auditActionsAndGroups":["DATABASE_LOGOUT_GROUP","DATABASE_ROLE_MEMBER_CHANGE_GROUP"],"isStorageSecondaryKeyInUse":false,"isAzureMonitorTargetEnabled":false,"isManagedIdentityInUse":false,"state":"Enabled","storageEndpoint":"https://clitest000005.blob.core.windows.net/","storageAccountSubscriptionId":"00000000-0000-0000-0000-000000000000"},"id":"/subscriptions/00000000-0000-0000-0000-000000000000/resourceGroups/clitest.rg000001/providers/Microsoft.Sql/servers/clitestserver000003/auditingSettings/Default","name":"Default","type":"Microsoft.Sql/servers/auditingSettings"}'
    headers:
      cache-control:
      - no-cache
      content-length:
      - '609'
      content-type:
      - application/json; charset=utf-8
      date:
      - Mon, 13 Mar 2023 09:01:36 GMT
      expires:
      - '-1'
      pragma:
      - no-cache
      server:
      - Microsoft-HTTPAPI/2.0
      strict-transport-security:
      - max-age=31536000; includeSubDomains
      transfer-encoding:
      - chunked
      vary:
      - Accept-Encoding
      x-content-type-options:
      - nosniff
    status:
      code: 200
      message: OK
- request:
    body: null
    headers:
      Accept:
      - application/json
      Accept-Encoding:
      - gzip, deflate
      CommandName:
      - sql server audit-policy show
      Connection:
      - keep-alive
      ParameterSetName:
      - -g -n
      User-Agent:
      - AZURECLI/2.46.0 azsdk-python-mgmt-sql/4.0.0b8 Python/3.10.10 (Linux-5.15.0-1033-azure-x86_64-with-glibc2.31)
        VSTS_7b238909-6802-4b65-b90d-184bca47f458_build_220_0
    method: GET
    uri: https://management.azure.com/subscriptions/00000000-0000-0000-0000-000000000000/resourceGroups/clitest.rg000001/providers/Microsoft.Sql/servers/clitestserver000003/auditingSettings/default?api-version=2021-11-01-preview
  response:
    body:
      string: '{"properties":{"retentionDays":30,"auditActionsAndGroups":["DATABASE_LOGOUT_GROUP","DATABASE_ROLE_MEMBER_CHANGE_GROUP"],"isStorageSecondaryKeyInUse":false,"isAzureMonitorTargetEnabled":false,"isManagedIdentityInUse":false,"state":"Enabled","storageEndpoint":"https://clitest000005.blob.core.windows.net/","storageAccountSubscriptionId":"00000000-0000-0000-0000-000000000000"},"id":"/subscriptions/00000000-0000-0000-0000-000000000000/resourceGroups/clitest.rg000001/providers/Microsoft.Sql/servers/clitestserver000003/auditingSettings/Default","name":"Default","type":"Microsoft.Sql/servers/auditingSettings"}'
    headers:
      cache-control:
      - no-cache
      content-length:
      - '609'
      content-type:
      - application/json; charset=utf-8
      date:
      - Mon, 13 Mar 2023 09:01:37 GMT
      expires:
      - '-1'
      pragma:
      - no-cache
      server:
      - Microsoft-HTTPAPI/2.0
      strict-transport-security:
      - max-age=31536000; includeSubDomains
      transfer-encoding:
      - chunked
      vary:
      - Accept-Encoding
      x-content-type-options:
      - nosniff
    status:
      code: 200
      message: OK
version: 1
