interactions:
- request:
    body: '{"location": "westeurope", "properties": {"administratorLogin": "admin123",
      "administratorLoginPassword": "SecretPassword123", "administrators": {}}}'
    headers:
      Accept:
      - application/json
      Accept-Encoding:
      - gzip, deflate
      CommandName:
      - sql server create
      Connection:
      - keep-alive
      Content-Length:
      - '149'
      Content-Type:
      - application/json
      ParameterSetName:
      - -l -g -n -u -p
      User-Agent:
      - AZURECLI/2.39.0 azsdk-python-mgmt-sql/4.0.0b3 Python/3.7.0 (Windows-10-10.0.17763-SP0)
    method: PUT
    uri: https://management.azure.com/subscriptions/00000000-0000-0000-0000-000000000000/resourceGroups/clitest.rg000001/providers/Microsoft.Sql/servers/clitestserver000003?api-version=2021-02-01-preview
  response:
    body:
      string: '{"operation":"UpsertLogicalServer","startTime":"2022-09-14T05:12:54.073Z"}'
    headers:
      azure-asyncoperation:
      - https://management.azure.com/subscriptions/00000000-0000-0000-0000-000000000000/resourceGroups/clitest.rg000001/providers/Microsoft.Sql/locations/westeurope/serverAzureAsyncOperation/a4d5a112-a7d6-4b41-9f67-2fb6178ec306?api-version=2021-02-01-preview
      cache-control:
      - no-cache
      content-length:
      - '74'
      content-type:
      - application/json; charset=utf-8
      date:
      - Wed, 14 Sep 2022 05:12:54 GMT
      expires:
      - '-1'
      location:
      - https://management.azure.com/subscriptions/00000000-0000-0000-0000-000000000000/resourceGroups/clitest.rg000001/providers/Microsoft.Sql/locations/westeurope/serverOperationResults/a4d5a112-a7d6-4b41-9f67-2fb6178ec306?api-version=2021-02-01-preview
      pragma:
      - no-cache
      server:
      - Microsoft-HTTPAPI/2.0
      strict-transport-security:
      - max-age=31536000; includeSubDomains
      x-content-type-options:
      - nosniff
      x-ms-ratelimit-remaining-subscription-writes:
      - '1196'
    status:
      code: 202
      message: Accepted
- request:
    body: null
    headers:
      Accept:
      - '*/*'
      Accept-Encoding:
      - gzip, deflate
      CommandName:
      - sql server create
      Connection:
      - keep-alive
      ParameterSetName:
      - -l -g -n -u -p
      User-Agent:
      - AZURECLI/2.39.0 azsdk-python-mgmt-sql/4.0.0b3 Python/3.7.0 (Windows-10-10.0.17763-SP0)
    method: GET
    uri: https://management.azure.com/subscriptions/00000000-0000-0000-0000-000000000000/resourceGroups/clitest.rg000001/providers/Microsoft.Sql/locations/westeurope/serverAzureAsyncOperation/a4d5a112-a7d6-4b41-9f67-2fb6178ec306?api-version=2021-02-01-preview
  response:
    body:
      string: '{"name":"a4d5a112-a7d6-4b41-9f67-2fb6178ec306","status":"InProgress","startTime":"2022-09-14T05:12:54.073Z"}'
    headers:
      cache-control:
      - no-cache
      content-length:
      - '108'
      content-type:
      - application/json; charset=utf-8
      date:
      - Wed, 14 Sep 2022 05:12:55 GMT
      expires:
      - '-1'
      pragma:
      - no-cache
      server:
      - Microsoft-HTTPAPI/2.0
      strict-transport-security:
      - max-age=31536000; includeSubDomains
      transfer-encoding:
      - chunked
      vary:
      - Accept-Encoding
      x-content-type-options:
      - nosniff
    status:
      code: 200
      message: OK
- request:
    body: null
    headers:
      Accept:
      - '*/*'
      Accept-Encoding:
      - gzip, deflate
      CommandName:
      - sql server create
      Connection:
      - keep-alive
      ParameterSetName:
      - -l -g -n -u -p
      User-Agent:
      - AZURECLI/2.39.0 azsdk-python-mgmt-sql/4.0.0b3 Python/3.7.0 (Windows-10-10.0.17763-SP0)
    method: GET
    uri: https://management.azure.com/subscriptions/00000000-0000-0000-0000-000000000000/resourceGroups/clitest.rg000001/providers/Microsoft.Sql/locations/westeurope/serverAzureAsyncOperation/a4d5a112-a7d6-4b41-9f67-2fb6178ec306?api-version=2021-02-01-preview
  response:
    body:
      string: '{"name":"a4d5a112-a7d6-4b41-9f67-2fb6178ec306","status":"InProgress","startTime":"2022-09-14T05:12:54.073Z"}'
    headers:
      cache-control:
      - no-cache
      content-length:
      - '108'
      content-type:
      - application/json; charset=utf-8
      date:
      - Wed, 14 Sep 2022 05:12:56 GMT
      expires:
      - '-1'
      pragma:
      - no-cache
      server:
      - Microsoft-HTTPAPI/2.0
      strict-transport-security:
      - max-age=31536000; includeSubDomains
      transfer-encoding:
      - chunked
      vary:
      - Accept-Encoding
      x-content-type-options:
      - nosniff
    status:
      code: 200
      message: OK
- request:
    body: null
    headers:
      Accept:
      - '*/*'
      Accept-Encoding:
      - gzip, deflate
      CommandName:
      - sql server create
      Connection:
      - keep-alive
      ParameterSetName:
      - -l -g -n -u -p
      User-Agent:
      - AZURECLI/2.39.0 azsdk-python-mgmt-sql/4.0.0b3 Python/3.7.0 (Windows-10-10.0.17763-SP0)
    method: GET
    uri: https://management.azure.com/subscriptions/00000000-0000-0000-0000-000000000000/resourceGroups/clitest.rg000001/providers/Microsoft.Sql/locations/westeurope/serverAzureAsyncOperation/a4d5a112-a7d6-4b41-9f67-2fb6178ec306?api-version=2021-02-01-preview
  response:
    body:
      string: '{"name":"a4d5a112-a7d6-4b41-9f67-2fb6178ec306","status":"InProgress","startTime":"2022-09-14T05:12:54.073Z"}'
    headers:
      cache-control:
      - no-cache
      content-length:
      - '108'
      content-type:
      - application/json; charset=utf-8
      date:
      - Wed, 14 Sep 2022 05:12:57 GMT
      expires:
      - '-1'
      pragma:
      - no-cache
      server:
      - Microsoft-HTTPAPI/2.0
      strict-transport-security:
      - max-age=31536000; includeSubDomains
      transfer-encoding:
      - chunked
      vary:
      - Accept-Encoding
      x-content-type-options:
      - nosniff
    status:
      code: 200
      message: OK
- request:
    body: null
    headers:
      Accept:
      - '*/*'
      Accept-Encoding:
      - gzip, deflate
      CommandName:
      - sql server create
      Connection:
      - keep-alive
      ParameterSetName:
      - -l -g -n -u -p
      User-Agent:
      - AZURECLI/2.39.0 azsdk-python-mgmt-sql/4.0.0b3 Python/3.7.0 (Windows-10-10.0.17763-SP0)
    method: GET
    uri: https://management.azure.com/subscriptions/00000000-0000-0000-0000-000000000000/resourceGroups/clitest.rg000001/providers/Microsoft.Sql/locations/westeurope/serverAzureAsyncOperation/a4d5a112-a7d6-4b41-9f67-2fb6178ec306?api-version=2021-02-01-preview
  response:
    body:
      string: '{"name":"a4d5a112-a7d6-4b41-9f67-2fb6178ec306","status":"InProgress","startTime":"2022-09-14T05:12:54.073Z"}'
    headers:
      cache-control:
      - no-cache
      content-length:
      - '108'
      content-type:
      - application/json; charset=utf-8
      date:
      - Wed, 14 Sep 2022 05:12:59 GMT
      expires:
      - '-1'
      pragma:
      - no-cache
      server:
      - Microsoft-HTTPAPI/2.0
      strict-transport-security:
      - max-age=31536000; includeSubDomains
      transfer-encoding:
      - chunked
      vary:
      - Accept-Encoding
      x-content-type-options:
      - nosniff
    status:
      code: 200
      message: OK
- request:
    body: null
    headers:
      Accept:
      - '*/*'
      Accept-Encoding:
      - gzip, deflate
      CommandName:
      - sql server create
      Connection:
      - keep-alive
      ParameterSetName:
      - -l -g -n -u -p
      User-Agent:
      - AZURECLI/2.39.0 azsdk-python-mgmt-sql/4.0.0b3 Python/3.7.0 (Windows-10-10.0.17763-SP0)
    method: GET
    uri: https://management.azure.com/subscriptions/00000000-0000-0000-0000-000000000000/resourceGroups/clitest.rg000001/providers/Microsoft.Sql/locations/westeurope/serverAzureAsyncOperation/a4d5a112-a7d6-4b41-9f67-2fb6178ec306?api-version=2021-02-01-preview
  response:
    body:
      string: '{"name":"a4d5a112-a7d6-4b41-9f67-2fb6178ec306","status":"InProgress","startTime":"2022-09-14T05:12:54.073Z"}'
    headers:
      cache-control:
      - no-cache
      content-length:
      - '108'
      content-type:
      - application/json; charset=utf-8
      date:
      - Wed, 14 Sep 2022 05:13:19 GMT
      expires:
      - '-1'
      pragma:
      - no-cache
      server:
      - Microsoft-HTTPAPI/2.0
      strict-transport-security:
      - max-age=31536000; includeSubDomains
      transfer-encoding:
      - chunked
      vary:
      - Accept-Encoding
      x-content-type-options:
      - nosniff
    status:
      code: 200
      message: OK
- request:
    body: null
    headers:
      Accept:
      - '*/*'
      Accept-Encoding:
      - gzip, deflate
      CommandName:
      - sql server create
      Connection:
      - keep-alive
      ParameterSetName:
      - -l -g -n -u -p
      User-Agent:
      - AZURECLI/2.39.0 azsdk-python-mgmt-sql/4.0.0b3 Python/3.7.0 (Windows-10-10.0.17763-SP0)
    method: GET
    uri: https://management.azure.com/subscriptions/00000000-0000-0000-0000-000000000000/resourceGroups/clitest.rg000001/providers/Microsoft.Sql/locations/westeurope/serverAzureAsyncOperation/a4d5a112-a7d6-4b41-9f67-2fb6178ec306?api-version=2021-02-01-preview
  response:
    body:
      string: '{"name":"a4d5a112-a7d6-4b41-9f67-2fb6178ec306","status":"InProgress","startTime":"2022-09-14T05:12:54.073Z"}'
    headers:
      cache-control:
      - no-cache
      content-length:
      - '108'
      content-type:
      - application/json; charset=utf-8
      date:
      - Wed, 14 Sep 2022 05:13:39 GMT
      expires:
      - '-1'
      pragma:
      - no-cache
      server:
      - Microsoft-HTTPAPI/2.0
      strict-transport-security:
      - max-age=31536000; includeSubDomains
      transfer-encoding:
      - chunked
      vary:
      - Accept-Encoding
      x-content-type-options:
      - nosniff
    status:
      code: 200
      message: OK
- request:
    body: null
    headers:
      Accept:
      - '*/*'
      Accept-Encoding:
      - gzip, deflate
      CommandName:
      - sql server create
      Connection:
      - keep-alive
      ParameterSetName:
      - -l -g -n -u -p
      User-Agent:
      - AZURECLI/2.39.0 azsdk-python-mgmt-sql/4.0.0b3 Python/3.7.0 (Windows-10-10.0.17763-SP0)
    method: GET
    uri: https://management.azure.com/subscriptions/00000000-0000-0000-0000-000000000000/resourceGroups/clitest.rg000001/providers/Microsoft.Sql/locations/westeurope/serverAzureAsyncOperation/a4d5a112-a7d6-4b41-9f67-2fb6178ec306?api-version=2021-02-01-preview
  response:
    body:
      string: '{"name":"a4d5a112-a7d6-4b41-9f67-2fb6178ec306","status":"Succeeded","startTime":"2022-09-14T05:12:54.073Z"}'
    headers:
      cache-control:
      - no-cache
      content-length:
      - '107'
      content-type:
      - application/json; charset=utf-8
      date:
      - Wed, 14 Sep 2022 05:13:59 GMT
      expires:
      - '-1'
      pragma:
      - no-cache
      server:
      - Microsoft-HTTPAPI/2.0
      strict-transport-security:
      - max-age=31536000; includeSubDomains
      transfer-encoding:
      - chunked
      vary:
      - Accept-Encoding
      x-content-type-options:
      - nosniff
    status:
      code: 200
      message: OK
- request:
    body: null
    headers:
      Accept:
      - '*/*'
      Accept-Encoding:
      - gzip, deflate
      CommandName:
      - sql server create
      Connection:
      - keep-alive
      ParameterSetName:
      - -l -g -n -u -p
      User-Agent:
      - AZURECLI/2.39.0 azsdk-python-mgmt-sql/4.0.0b3 Python/3.7.0 (Windows-10-10.0.17763-SP0)
    method: GET
    uri: https://management.azure.com/subscriptions/00000000-0000-0000-0000-000000000000/resourceGroups/clitest.rg000001/providers/Microsoft.Sql/servers/clitestserver000003?api-version=2021-02-01-preview
  response:
    body:
      string: '{"kind":"v12.0","properties":{"administratorLogin":"admin123","version":"12.0","state":"Ready","fullyQualifiedDomainName":"clitestserver000003.database.windows.net","privateEndpointConnections":[],"publicNetworkAccess":"Enabled","restrictOutboundNetworkAccess":"Disabled"},"location":"westeurope","id":"/subscriptions/00000000-0000-0000-0000-000000000000/resourceGroups/clitest.rg000001/providers/Microsoft.Sql/servers/clitestserver000003","name":"clitestserver000003","type":"Microsoft.Sql/servers"}'
    headers:
      cache-control:
      - no-cache
      content-length:
      - '500'
      content-type:
      - application/json; charset=utf-8
      date:
      - Wed, 14 Sep 2022 05:14:00 GMT
      expires:
      - '-1'
      pragma:
      - no-cache
      server:
      - Microsoft-HTTPAPI/2.0
      strict-transport-security:
      - max-age=31536000; includeSubDomains
      transfer-encoding:
      - chunked
      vary:
      - Accept-Encoding
      x-content-type-options:
      - nosniff
    status:
      code: 200
      message: OK
- request:
    body: null
    headers:
      Accept:
      - application/json
      Accept-Encoding:
      - gzip, deflate
      CommandName:
      - storage account show
      Connection:
      - keep-alive
      ParameterSetName:
      - -g -n --query
      User-Agent:
      - AZURECLI/2.39.0 azsdk-python-azure-mgmt-storage/20.1.0 Python/3.7.0 (Windows-10-10.0.17763-SP0)
    method: GET
    uri: https://management.azure.com/subscriptions/00000000-0000-0000-0000-000000000000/resourceGroups/clitest.rg000001/providers/Microsoft.Storage/storageAccounts/clitest000004?api-version=2022-05-01
  response:
    body:
      string: '{"sku":{"name":"Standard_LRS","tier":"Standard"},"kind":"Storage","id":"/subscriptions/00000000-0000-0000-0000-000000000000/resourceGroups/clitest.rg000001/providers/Microsoft.Storage/storageAccounts/clitest000004","name":"clitest000004","type":"Microsoft.Storage/storageAccounts","location":"westus","tags":{},"properties":{"keyCreationTime":{"key1":"2022-09-14T05:14:04.9193403Z","key2":"2022-09-14T05:14:04.9193403Z"},"privateEndpointConnections":[],"minimumTlsVersion":"TLS1_0","allowBlobPublicAccess":true,"networkAcls":{"bypass":"AzureServices","virtualNetworkRules":[],"ipRules":[],"defaultAction":"Allow"},"supportsHttpsTrafficOnly":true,"encryption":{"services":{"file":{"keyType":"Account","enabled":true,"lastEnabledTime":"2022-09-14T05:14:04.9349646Z"},"blob":{"keyType":"Account","enabled":true,"lastEnabledTime":"2022-09-14T05:14:04.9349646Z"}},"keySource":"Microsoft.Storage"},"provisioningState":"Succeeded","creationTime":"2022-09-14T05:14:04.8099874Z","primaryEndpoints":{"blob":"https://clitest000004.blob.core.windows.net/","queue":"https://clitest000004.queue.core.windows.net/","table":"https://clitest000004.table.core.windows.net/","file":"https://clitest000004.file.core.windows.net/"},"primaryLocation":"westus","statusOfPrimary":"available"}}'
    headers:
      cache-control:
      - no-cache
      content-length:
      - '1269'
      content-type:
      - application/json
      date:
      - Wed, 14 Sep 2022 05:14:52 GMT
      expires:
      - '-1'
      pragma:
      - no-cache
      server:
      - Microsoft-Azure-Storage-Resource-Provider/1.0,Microsoft-HTTPAPI/2.0 Microsoft-HTTPAPI/2.0
      strict-transport-security:
      - max-age=31536000; includeSubDomains
      transfer-encoding:
      - chunked
      vary:
      - Accept-Encoding
      x-content-type-options:
      - nosniff
    status:
      code: 200
      message: OK
- request:
    body: null
    headers:
      Accept:
      - application/json
      Accept-Encoding:
      - gzip, deflate
      CommandName:
      - storage account keys list
      Connection:
      - keep-alive
      Content-Length:
      - '0'
      ParameterSetName:
      - -g -n --query
      User-Agent:
      - AZURECLI/2.39.0 azsdk-python-azure-mgmt-storage/20.1.0 Python/3.7.0 (Windows-10-10.0.17763-SP0)
    method: POST
    uri: https://management.azure.com/subscriptions/00000000-0000-0000-0000-000000000000/resourceGroups/clitest.rg000001/providers/Microsoft.Storage/storageAccounts/clitest000004/listKeys?api-version=2022-05-01&$expand=kerb
  response:
    body:
      string: '{"keys":[{"creationTime":"2022-09-14T05:14:04.9193403Z","keyName":"key1","value":"veryFakedStorageAccountKey==","permissions":"FULL"},{"creationTime":"2022-09-14T05:14:04.9193403Z","keyName":"key2","value":"veryFakedStorageAccountKey==","permissions":"FULL"}]}'
    headers:
      cache-control:
      - no-cache
      content-length:
      - '260'
      content-type:
      - application/json
      date:
      - Wed, 14 Sep 2022 05:14:54 GMT
      expires:
      - '-1'
      pragma:
      - no-cache
      server:
      - Microsoft-Azure-Storage-Resource-Provider/1.0,Microsoft-HTTPAPI/2.0 Microsoft-HTTPAPI/2.0
      strict-transport-security:
      - max-age=31536000; includeSubDomains
      transfer-encoding:
      - chunked
      vary:
      - Accept-Encoding
      x-content-type-options:
      - nosniff
      x-ms-ratelimit-remaining-subscription-resource-requests:
      - '11999'
    status:
      code: 200
      message: OK
- request:
    body: null
    headers:
      Accept:
      - application/json
      Accept-Encoding:
      - gzip, deflate
      CommandName:
      - sql server audit-policy show
      Connection:
      - keep-alive
      ParameterSetName:
      - -g -n
      User-Agent:
      - AZURECLI/2.39.0 azsdk-python-mgmt-sql/4.0.0b3 Python/3.7.0 (Windows-10-10.0.17763-SP0)
    method: GET
    uri: https://management.azure.com/subscriptions/00000000-0000-0000-0000-000000000000/resourceGroups/clitest.rg000001/providers/Microsoft.Sql/servers/clitestserver000003/auditingSettings/default?api-version=2021-11-01-preview
  response:
    body:
      string: '{"properties":{"retentionDays":0,"auditActionsAndGroups":[],"isStorageSecondaryKeyInUse":false,"isAzureMonitorTargetEnabled":false,"isManagedIdentityInUse":false,"state":"Disabled","storageEndpoint":"","storageAccountSubscriptionId":"00000000-0000-0000-0000-000000000000"},"id":"/subscriptions/00000000-0000-0000-0000-000000000000/resourceGroups/clitest.rg000001/providers/Microsoft.Sql/servers/clitestserver000003/auditingSettings/Default","name":"Default","type":"Microsoft.Sql/servers/auditingSettings"}'
    headers:
      cache-control:
      - no-cache
      content-length:
      - '506'
      content-type:
      - application/json; charset=utf-8
      date:
      - Wed, 14 Sep 2022 05:14:54 GMT
      expires:
      - '-1'
      pragma:
      - no-cache
      server:
      - Microsoft-HTTPAPI/2.0
      strict-transport-security:
      - max-age=31536000; includeSubDomains
      transfer-encoding:
      - chunked
      vary:
      - Accept-Encoding
      x-content-type-options:
      - nosniff
    status:
      code: 200
      message: OK
- request:
    body: null
    headers:
      Accept:
      - application/json
      Accept-Encoding:
      - gzip, deflate
      CommandName:
      - sql server audit-policy update
      Connection:
      - keep-alive
      ParameterSetName:
      - -g -n --state --blob-storage-target-state --storage-key --storage-endpoint
        --retention-days --actions
      User-Agent:
      - AZURECLI/2.39.0 azsdk-python-mgmt-sql/4.0.0b3 Python/3.7.0 (Windows-10-10.0.17763-SP0)
    method: GET
    uri: https://management.azure.com/subscriptions/00000000-0000-0000-0000-000000000000/resourceGroups/clitest.rg000001/providers/Microsoft.Sql/servers/clitestserver000003/auditingSettings/default?api-version=2021-11-01-preview
  response:
    body:
      string: '{"properties":{"retentionDays":0,"auditActionsAndGroups":[],"isStorageSecondaryKeyInUse":false,"isAzureMonitorTargetEnabled":false,"isManagedIdentityInUse":false,"state":"Disabled","storageEndpoint":"","storageAccountSubscriptionId":"00000000-0000-0000-0000-000000000000"},"id":"/subscriptions/00000000-0000-0000-0000-000000000000/resourceGroups/clitest.rg000001/providers/Microsoft.Sql/servers/clitestserver000003/auditingSettings/Default","name":"Default","type":"Microsoft.Sql/servers/auditingSettings"}'
    headers:
      cache-control:
      - no-cache
      content-length:
      - '506'
      content-type:
      - application/json; charset=utf-8
      date:
      - Wed, 14 Sep 2022 05:14:56 GMT
      expires:
      - '-1'
      pragma:
      - no-cache
      server:
      - Microsoft-HTTPAPI/2.0
      strict-transport-security:
      - max-age=31536000; includeSubDomains
      transfer-encoding:
      - chunked
      vary:
      - Accept-Encoding
      x-content-type-options:
      - nosniff
    status:
      code: 200
      message: OK
- request:
    body: '{"properties": {"retentionDays": 30, "auditActionsAndGroups": ["DATABASE_LOGOUT_GROUP",
      "DATABASE_ROLE_MEMBER_CHANGE_GROUP"], "isStorageSecondaryKeyInUse": false, "isAzureMonitorTargetEnabled":
      false, "isManagedIdentityInUse": false, "state": "Enabled", "storageEndpoint":
      "https://clitest000004.blob.core.windows.net/", "storageAccountAccessKey": "veryFakedStorageAccountKey==",
      "storageAccountSubscriptionId": "00000000-0000-0000-0000-000000000000"}}'
    headers:
      Accept:
      - application/json
      Accept-Encoding:
      - gzip, deflate
      CommandName:
      - sql server audit-policy update
      Connection:
      - keep-alive
      Content-Length:
      - '452'
      Content-Type:
      - application/json
      ParameterSetName:
      - -g -n --state --blob-storage-target-state --storage-key --storage-endpoint
        --retention-days --actions
      User-Agent:
      - AZURECLI/2.39.0 azsdk-python-mgmt-sql/4.0.0b3 Python/3.7.0 (Windows-10-10.0.17763-SP0)
    method: PUT
    uri: https://management.azure.com/subscriptions/00000000-0000-0000-0000-000000000000/resourceGroups/clitest.rg000001/providers/Microsoft.Sql/servers/clitestserver000003/auditingSettings/default?api-version=2021-11-01-preview
  response:
    body:
      string: '{"operation":"UpsertServerEngineAuditingPolicy","startTime":"2022-09-14T05:14:57.497Z"}'
    headers:
      azure-asyncoperation:
      - https://management.azure.com/subscriptions/00000000-0000-0000-0000-000000000000/providers/Microsoft.Sql/locations/westeurope/auditingSettingsAzureAsyncOperation/329414f1-cde4-4634-989d-f0b89fff309e?api-version=2021-11-01-preview
      cache-control:
      - no-cache
      content-length:
      - '87'
      content-type:
      - application/json; charset=utf-8
      date:
      - Wed, 14 Sep 2022 05:14:57 GMT
      expires:
      - '-1'
      location:
      - https://management.azure.com/subscriptions/00000000-0000-0000-0000-000000000000/providers/Microsoft.Sql/locations/westeurope/auditingSettingsOperationResults/329414f1-cde4-4634-989d-f0b89fff309e?api-version=2021-11-01-preview
      pragma:
      - no-cache
      server:
      - Microsoft-HTTPAPI/2.0
      strict-transport-security:
      - max-age=31536000; includeSubDomains
      x-content-type-options:
      - nosniff
      x-ms-ratelimit-remaining-subscription-writes:
      - '1194'
    status:
      code: 202
      message: Accepted
- request:
    body: null
    headers:
      Accept:
      - '*/*'
      Accept-Encoding:
      - gzip, deflate
      CommandName:
      - sql server audit-policy update
      Connection:
      - keep-alive
      ParameterSetName:
      - -g -n --state --blob-storage-target-state --storage-key --storage-endpoint
        --retention-days --actions
      User-Agent:
      - AZURECLI/2.39.0 azsdk-python-mgmt-sql/4.0.0b3 Python/3.7.0 (Windows-10-10.0.17763-SP0)
    method: GET
    uri: https://management.azure.com/subscriptions/00000000-0000-0000-0000-000000000000/providers/Microsoft.Sql/locations/westeurope/auditingSettingsAzureAsyncOperation/329414f1-cde4-4634-989d-f0b89fff309e?api-version=2021-11-01-preview
  response:
    body:
      string: '{"name":"329414f1-cde4-4634-989d-f0b89fff309e","status":"Succeeded","startTime":"2022-09-14T05:14:57.497Z"}'
    headers:
      cache-control:
      - no-cache
      content-length:
      - '107'
      content-type:
      - application/json; charset=utf-8
      date:
      - Wed, 14 Sep 2022 05:15:57 GMT
      expires:
      - '-1'
      pragma:
      - no-cache
      server:
      - Microsoft-HTTPAPI/2.0
      strict-transport-security:
      - max-age=31536000; includeSubDomains
      transfer-encoding:
      - chunked
      vary:
      - Accept-Encoding
      x-content-type-options:
      - nosniff
    status:
      code: 200
      message: OK
- request:
    body: null
    headers:
      Accept:
      - '*/*'
      Accept-Encoding:
      - gzip, deflate
      CommandName:
      - sql server audit-policy update
      Connection:
      - keep-alive
      ParameterSetName:
      - -g -n --state --blob-storage-target-state --storage-key --storage-endpoint
        --retention-days --actions
      User-Agent:
      - AZURECLI/2.39.0 azsdk-python-mgmt-sql/4.0.0b3 Python/3.7.0 (Windows-10-10.0.17763-SP0)
    method: GET
    uri: https://management.azure.com/subscriptions/00000000-0000-0000-0000-000000000000/resourceGroups/clitest.rg000001/providers/Microsoft.Sql/servers/clitestserver000003/auditingSettings/default?api-version=2021-11-01-preview
  response:
    body:
      string: '{"properties":{"retentionDays":30,"auditActionsAndGroups":["DATABASE_LOGOUT_GROUP","DATABASE_ROLE_MEMBER_CHANGE_GROUP"],"isStorageSecondaryKeyInUse":false,"isAzureMonitorTargetEnabled":false,"isManagedIdentityInUse":false,"state":"Enabled","storageEndpoint":"https://clitest000004.blob.core.windows.net/","storageAccountSubscriptionId":"00000000-0000-0000-0000-000000000000"},"id":"/subscriptions/00000000-0000-0000-0000-000000000000/resourceGroups/clitest.rg000001/providers/Microsoft.Sql/servers/clitestserver000003/auditingSettings/Default","name":"Default","type":"Microsoft.Sql/servers/auditingSettings"}'
    headers:
      cache-control:
      - no-cache
      content-length:
      - '609'
      content-type:
      - application/json; charset=utf-8
      date:
      - Wed, 14 Sep 2022 05:15:57 GMT
      expires:
      - '-1'
      pragma:
      - no-cache
      server:
      - Microsoft-HTTPAPI/2.0
      strict-transport-security:
      - max-age=31536000; includeSubDomains
      transfer-encoding:
      - chunked
      vary:
      - Accept-Encoding
      x-content-type-options:
      - nosniff
    status:
      code: 200
      message: OK
- request:
    body: null
    headers:
      Accept:
      - application/json
      Accept-Encoding:
      - gzip, deflate
      CommandName:
      - sql server audit-policy show
      Connection:
      - keep-alive
      ParameterSetName:
      - -g -n
      User-Agent:
      - AZURECLI/2.39.0 azsdk-python-mgmt-sql/4.0.0b3 Python/3.7.0 (Windows-10-10.0.17763-SP0)
    method: GET
    uri: https://management.azure.com/subscriptions/00000000-0000-0000-0000-000000000000/resourceGroups/clitest.rg000001/providers/Microsoft.Sql/servers/clitestserver000003/auditingSettings/default?api-version=2021-11-01-preview
  response:
    body:
      string: '{"properties":{"retentionDays":30,"auditActionsAndGroups":["DATABASE_LOGOUT_GROUP","DATABASE_ROLE_MEMBER_CHANGE_GROUP"],"isStorageSecondaryKeyInUse":false,"isAzureMonitorTargetEnabled":false,"isManagedIdentityInUse":false,"state":"Enabled","storageEndpoint":"https://clitest000004.blob.core.windows.net/","storageAccountSubscriptionId":"00000000-0000-0000-0000-000000000000"},"id":"/subscriptions/00000000-0000-0000-0000-000000000000/resourceGroups/clitest.rg000001/providers/Microsoft.Sql/servers/clitestserver000003/auditingSettings/Default","name":"Default","type":"Microsoft.Sql/servers/auditingSettings"}'
    headers:
      cache-control:
      - no-cache
      content-length:
      - '609'
      content-type:
      - application/json; charset=utf-8
      date:
      - Wed, 14 Sep 2022 05:15:59 GMT
      expires:
      - '-1'
      pragma:
      - no-cache
      server:
      - Microsoft-HTTPAPI/2.0
      strict-transport-security:
      - max-age=31536000; includeSubDomains
      transfer-encoding:
      - chunked
      vary:
      - Accept-Encoding
      x-content-type-options:
      - nosniff
    status:
      code: 200
      message: OK
- request:
    body: null
    headers:
      Accept:
      - application/json
      Accept-Encoding:
      - gzip, deflate
      CommandName:
      - storage account show
      Connection:
      - keep-alive
      ParameterSetName:
      - -g -n --query
      User-Agent:
      - AZURECLI/2.39.0 azsdk-python-azure-mgmt-storage/20.1.0 Python/3.7.0 (Windows-10-10.0.17763-SP0)
    method: GET
    uri: https://management.azure.com/subscriptions/00000000-0000-0000-0000-000000000000/resourceGroups/clitest.rg000002/providers/Microsoft.Storage/storageAccounts/clitest000005?api-version=2022-05-01
  response:
    body:
      string: '{"sku":{"name":"Standard_LRS","tier":"Standard"},"kind":"Storage","id":"/subscriptions/00000000-0000-0000-0000-000000000000/resourceGroups/clitest.rg000002/providers/Microsoft.Storage/storageAccounts/clitest000005","name":"clitest000005","type":"Microsoft.Storage/storageAccounts","location":"westus","tags":{},"properties":{"keyCreationTime":{"key1":"2022-09-14T05:14:31.5601972Z","key2":"2022-09-14T05:14:31.5601972Z"},"privateEndpointConnections":[],"minimumTlsVersion":"TLS1_0","allowBlobPublicAccess":true,"networkAcls":{"bypass":"AzureServices","virtualNetworkRules":[],"ipRules":[],"defaultAction":"Allow"},"supportsHttpsTrafficOnly":true,"encryption":{"services":{"file":{"keyType":"Account","enabled":true,"lastEnabledTime":"2022-09-14T05:14:31.5757935Z"},"blob":{"keyType":"Account","enabled":true,"lastEnabledTime":"2022-09-14T05:14:31.5757935Z"}},"keySource":"Microsoft.Storage"},"provisioningState":"Succeeded","creationTime":"2022-09-14T05:14:31.4513092Z","primaryEndpoints":{"blob":"https://clitest000005.blob.core.windows.net/","queue":"https://clitest000005.queue.core.windows.net/","table":"https://clitest000005.table.core.windows.net/","file":"https://clitest000005.file.core.windows.net/"},"primaryLocation":"westus","statusOfPrimary":"available"}}'
    headers:
      cache-control:
      - no-cache
      content-length:
      - '1269'
      content-type:
      - application/json
      date:
      - Wed, 14 Sep 2022 05:16:00 GMT
      expires:
      - '-1'
      pragma:
      - no-cache
      server:
      - Microsoft-Azure-Storage-Resource-Provider/1.0,Microsoft-HTTPAPI/2.0 Microsoft-HTTPAPI/2.0
      strict-transport-security:
      - max-age=31536000; includeSubDomains
      transfer-encoding:
      - chunked
      vary:
      - Accept-Encoding
      x-content-type-options:
      - nosniff
    status:
      code: 200
      message: OK
- request:
    body: null
    headers:
      Accept:
      - application/json
      Accept-Encoding:
      - gzip, deflate
      CommandName:
      - sql server audit-policy update
      Connection:
      - keep-alive
      ParameterSetName:
      - -g -n --blob-storage-target-state --storage-account
      User-Agent:
      - AZURECLI/2.39.0 azsdk-python-mgmt-sql/4.0.0b3 Python/3.7.0 (Windows-10-10.0.17763-SP0)
    method: GET
    uri: https://management.azure.com/subscriptions/00000000-0000-0000-0000-000000000000/resourceGroups/clitest.rg000001/providers/Microsoft.Sql/servers/clitestserver000003/auditingSettings/default?api-version=2021-11-01-preview
  response:
    body:
      string: '{"properties":{"retentionDays":30,"auditActionsAndGroups":["DATABASE_LOGOUT_GROUP","DATABASE_ROLE_MEMBER_CHANGE_GROUP"],"isStorageSecondaryKeyInUse":false,"isAzureMonitorTargetEnabled":false,"isManagedIdentityInUse":false,"state":"Enabled","storageEndpoint":"https://clitest000004.blob.core.windows.net/","storageAccountSubscriptionId":"00000000-0000-0000-0000-000000000000"},"id":"/subscriptions/00000000-0000-0000-0000-000000000000/resourceGroups/clitest.rg000001/providers/Microsoft.Sql/servers/clitestserver000003/auditingSettings/Default","name":"Default","type":"Microsoft.Sql/servers/auditingSettings"}'
    headers:
      cache-control:
      - no-cache
      content-length:
      - '609'
      content-type:
      - application/json; charset=utf-8
      date:
      - Wed, 14 Sep 2022 05:16:00 GMT
      expires:
      - '-1'
      pragma:
      - no-cache
      server:
      - Microsoft-HTTPAPI/2.0
      strict-transport-security:
      - max-age=31536000; includeSubDomains
      transfer-encoding:
      - chunked
      vary:
      - Accept-Encoding
      x-content-type-options:
      - nosniff
    status:
      code: 200
      message: OK
- request:
    body: null
    headers:
      Accept:
      - application/json
      Accept-Encoding:
      - gzip, deflate
      CommandName:
      - sql server audit-policy update
      Connection:
      - keep-alive
      ParameterSetName:
      - -g -n --blob-storage-target-state --storage-account
      User-Agent:
      - AZURECLI/2.39.0 azsdk-python-azure-mgmt-resource/21.1.0b1 Python/3.7.0 (Windows-10-10.0.17763-SP0)
    method: GET
    uri: https://management.azure.com/subscriptions/00000000-0000-0000-0000-000000000000/resources?$filter=name%20eq%20%27clitest000005%27%20and%20%28resourceType%20eq%20%27Microsoft.Storage%2FstorageAccounts%27%20or%20resourceType%20eq%20%27Microsoft.ClassicStorage%2FstorageAccounts%27%29&api-version=2021-04-01
  response:
    body:
      string: '{"value":[{"id":"/subscriptions/00000000-0000-0000-0000-000000000000/resourceGroups/clitest.rg000002/providers/Microsoft.Storage/storageAccounts/clitest000005","name":"clitest000005","type":"Microsoft.Storage/storageAccounts","sku":{"name":"Standard_LRS","tier":"Standard"},"kind":"Storage","location":"westus","tags":{}}]}'
    headers:
      cache-control:
      - no-cache
      content-length:
      - '323'
      content-type:
      - application/json; charset=utf-8
      date:
      - Wed, 14 Sep 2022 05:16:01 GMT
      expires:
      - '-1'
      pragma:
      - no-cache
      strict-transport-security:
      - max-age=31536000; includeSubDomains
      vary:
      - Accept-Encoding
      x-content-type-options:
      - nosniff
    status:
      code: 200
      message: OK
- request:
    body: null
    headers:
      Accept:
      - application/json
      Accept-Encoding:
      - gzip, deflate
      CommandName:
      - sql server audit-policy update
      Connection:
      - keep-alive
      ParameterSetName:
      - -g -n --blob-storage-target-state --storage-account
      User-Agent:
      - AZURECLI/2.39.0 azsdk-python-azure-mgmt-storage/20.1.0 Python/3.7.0 (Windows-10-10.0.17763-SP0)
    method: GET
    uri: https://management.azure.com/subscriptions/00000000-0000-0000-0000-000000000000/resourceGroups/clitest.rg000002/providers/Microsoft.Storage/storageAccounts/clitest000005?api-version=2022-05-01
  response:
    body:
      string: '{"sku":{"name":"Standard_LRS","tier":"Standard"},"kind":"Storage","id":"/subscriptions/00000000-0000-0000-0000-000000000000/resourceGroups/clitest.rg000002/providers/Microsoft.Storage/storageAccounts/clitest000005","name":"clitest000005","type":"Microsoft.Storage/storageAccounts","location":"westus","tags":{},"properties":{"keyCreationTime":{"key1":"2022-09-14T05:14:31.5601972Z","key2":"2022-09-14T05:14:31.5601972Z"},"privateEndpointConnections":[],"minimumTlsVersion":"TLS1_0","allowBlobPublicAccess":true,"networkAcls":{"bypass":"AzureServices","virtualNetworkRules":[],"ipRules":[],"defaultAction":"Allow"},"supportsHttpsTrafficOnly":true,"encryption":{"services":{"file":{"keyType":"Account","enabled":true,"lastEnabledTime":"2022-09-14T05:14:31.5757935Z"},"blob":{"keyType":"Account","enabled":true,"lastEnabledTime":"2022-09-14T05:14:31.5757935Z"}},"keySource":"Microsoft.Storage"},"provisioningState":"Succeeded","creationTime":"2022-09-14T05:14:31.4513092Z","primaryEndpoints":{"blob":"https://clitest000005.blob.core.windows.net/","queue":"https://clitest000005.queue.core.windows.net/","table":"https://clitest000005.table.core.windows.net/","file":"https://clitest000005.file.core.windows.net/"},"primaryLocation":"westus","statusOfPrimary":"available"}}'
    headers:
      cache-control:
      - no-cache
      content-length:
      - '1269'
      content-type:
      - application/json
      date:
      - Wed, 14 Sep 2022 05:16:01 GMT
      expires:
      - '-1'
      pragma:
      - no-cache
      server:
      - Microsoft-Azure-Storage-Resource-Provider/1.0,Microsoft-HTTPAPI/2.0 Microsoft-HTTPAPI/2.0
      strict-transport-security:
      - max-age=31536000; includeSubDomains
      transfer-encoding:
      - chunked
      vary:
      - Accept-Encoding
      x-content-type-options:
      - nosniff
    status:
      code: 200
      message: OK
- request:
    body: null
    headers:
      Accept:
      - application/json
      Accept-Encoding:
      - gzip, deflate
      CommandName:
      - sql server audit-policy update
      Connection:
      - keep-alive
      Content-Length:
      - '0'
      ParameterSetName:
      - -g -n --blob-storage-target-state --storage-account
      User-Agent:
      - AZURECLI/2.39.0 azsdk-python-azure-mgmt-storage/20.1.0 Python/3.7.0 (Windows-10-10.0.17763-SP0)
    method: POST
    uri: https://management.azure.com/subscriptions/00000000-0000-0000-0000-000000000000/resourceGroups/clitest.rg000002/providers/Microsoft.Storage/storageAccounts/clitest000005/listKeys?api-version=2022-05-01&$expand=kerb
  response:
    body:
      string: '{"keys":[{"creationTime":"2022-09-14T05:14:31.5601972Z","keyName":"key1","value":"veryFakedStorageAccountKey==","permissions":"FULL"},{"creationTime":"2022-09-14T05:14:31.5601972Z","keyName":"key2","value":"veryFakedStorageAccountKey==","permissions":"FULL"}]}'
    headers:
      cache-control:
      - no-cache
      content-length:
      - '260'
      content-type:
      - application/json
      date:
      - Wed, 14 Sep 2022 05:16:03 GMT
      expires:
      - '-1'
      pragma:
      - no-cache
      server:
      - Microsoft-Azure-Storage-Resource-Provider/1.0,Microsoft-HTTPAPI/2.0 Microsoft-HTTPAPI/2.0
      strict-transport-security:
      - max-age=31536000; includeSubDomains
      transfer-encoding:
      - chunked
      vary:
      - Accept-Encoding
      x-content-type-options:
      - nosniff
      x-ms-ratelimit-remaining-subscription-resource-requests:
      - '11999'
    status:
      code: 200
      message: OK
- request:
    body: '{"properties": {"retentionDays": 30, "auditActionsAndGroups": ["DATABASE_LOGOUT_GROUP",
      "DATABASE_ROLE_MEMBER_CHANGE_GROUP"], "isStorageSecondaryKeyInUse": false, "isAzureMonitorTargetEnabled":
      false, "isManagedIdentityInUse": false, "state": "Enabled", "storageEndpoint":
      "https://clitest000005.blob.core.windows.net/", "storageAccountAccessKey": "veryFakedStorageAccountKey==",
      "storageAccountSubscriptionId": "00000000-0000-0000-0000-000000000000"}}'
    headers:
      Accept:
      - application/json
      Accept-Encoding:
      - gzip, deflate
      CommandName:
      - sql server audit-policy update
      Connection:
      - keep-alive
      Content-Length:
      - '452'
      Content-Type:
      - application/json
      ParameterSetName:
      - -g -n --blob-storage-target-state --storage-account
      User-Agent:
      - AZURECLI/2.39.0 azsdk-python-mgmt-sql/4.0.0b3 Python/3.7.0 (Windows-10-10.0.17763-SP0)
    method: PUT
    uri: https://management.azure.com/subscriptions/00000000-0000-0000-0000-000000000000/resourceGroups/clitest.rg000001/providers/Microsoft.Sql/servers/clitestserver000003/auditingSettings/default?api-version=2021-11-01-preview
  response:
    body:
      string: '{"operation":"UpsertServerEngineAuditingPolicy","startTime":"2022-09-14T05:16:04.81Z"}'
    headers:
      azure-asyncoperation:
      - https://management.azure.com/subscriptions/00000000-0000-0000-0000-000000000000/providers/Microsoft.Sql/locations/westeurope/auditingSettingsAzureAsyncOperation/8b43f142-52cf-4f4b-9cd4-503c0592e9c1?api-version=2021-11-01-preview
      cache-control:
      - no-cache
      content-length:
      - '86'
      content-type:
      - application/json; charset=utf-8
      date:
      - Wed, 14 Sep 2022 05:16:04 GMT
      expires:
      - '-1'
      location:
      - https://management.azure.com/subscriptions/00000000-0000-0000-0000-000000000000/providers/Microsoft.Sql/locations/westeurope/auditingSettingsOperationResults/8b43f142-52cf-4f4b-9cd4-503c0592e9c1?api-version=2021-11-01-preview
      pragma:
      - no-cache
      server:
      - Microsoft-HTTPAPI/2.0
      strict-transport-security:
      - max-age=31536000; includeSubDomains
      x-content-type-options:
      - nosniff
      x-ms-ratelimit-remaining-subscription-writes:
      - '1198'
    status:
      code: 202
      message: Accepted
- request:
    body: null
    headers:
      Accept:
      - '*/*'
      Accept-Encoding:
      - gzip, deflate
      CommandName:
      - sql server audit-policy update
      Connection:
      - keep-alive
      ParameterSetName:
      - -g -n --blob-storage-target-state --storage-account
      User-Agent:
      - AZURECLI/2.39.0 azsdk-python-mgmt-sql/4.0.0b3 Python/3.7.0 (Windows-10-10.0.17763-SP0)
    method: GET
    uri: https://management.azure.com/subscriptions/00000000-0000-0000-0000-000000000000/providers/Microsoft.Sql/locations/westeurope/auditingSettingsAzureAsyncOperation/8b43f142-52cf-4f4b-9cd4-503c0592e9c1?api-version=2021-11-01-preview
  response:
    body:
      string: '{"name":"8b43f142-52cf-4f4b-9cd4-503c0592e9c1","status":"Succeeded","startTime":"2022-09-14T05:16:04.81Z"}'
    headers:
      cache-control:
      - no-cache
      content-length:
      - '106'
      content-type:
      - application/json; charset=utf-8
      date:
      - Wed, 14 Sep 2022 05:17:05 GMT
      expires:
      - '-1'
      pragma:
      - no-cache
      server:
      - Microsoft-HTTPAPI/2.0
      strict-transport-security:
      - max-age=31536000; includeSubDomains
      transfer-encoding:
      - chunked
      vary:
      - Accept-Encoding
      x-content-type-options:
      - nosniff
    status:
      code: 200
      message: OK
- request:
    body: null
    headers:
      Accept:
      - '*/*'
      Accept-Encoding:
      - gzip, deflate
      CommandName:
      - sql server audit-policy update
      Connection:
      - keep-alive
      ParameterSetName:
      - -g -n --blob-storage-target-state --storage-account
      User-Agent:
      - AZURECLI/2.39.0 azsdk-python-mgmt-sql/4.0.0b3 Python/3.7.0 (Windows-10-10.0.17763-SP0)
    method: GET
    uri: https://management.azure.com/subscriptions/00000000-0000-0000-0000-000000000000/resourceGroups/clitest.rg000001/providers/Microsoft.Sql/servers/clitestserver000003/auditingSettings/default?api-version=2021-11-01-preview
  response:
    body:
      string: '{"properties":{"retentionDays":30,"auditActionsAndGroups":["DATABASE_LOGOUT_GROUP","DATABASE_ROLE_MEMBER_CHANGE_GROUP"],"isStorageSecondaryKeyInUse":false,"isAzureMonitorTargetEnabled":false,"isManagedIdentityInUse":false,"state":"Enabled","storageEndpoint":"https://clitest000005.blob.core.windows.net/","storageAccountSubscriptionId":"00000000-0000-0000-0000-000000000000"},"id":"/subscriptions/00000000-0000-0000-0000-000000000000/resourceGroups/clitest.rg000001/providers/Microsoft.Sql/servers/clitestserver000003/auditingSettings/Default","name":"Default","type":"Microsoft.Sql/servers/auditingSettings"}'
    headers:
      cache-control:
      - no-cache
      content-length:
      - '609'
      content-type:
      - application/json; charset=utf-8
      date:
      - Wed, 14 Sep 2022 05:17:05 GMT
      expires:
      - '-1'
      pragma:
      - no-cache
      server:
      - Microsoft-HTTPAPI/2.0
      strict-transport-security:
      - max-age=31536000; includeSubDomains
      transfer-encoding:
      - chunked
      vary:
      - Accept-Encoding
      x-content-type-options:
      - nosniff
    status:
      code: 200
      message: OK
- request:
    body: null
    headers:
      Accept:
      - application/json
      Accept-Encoding:
      - gzip, deflate
      CommandName:
      - sql server audit-policy update
      Connection:
      - keep-alive
      ParameterSetName:
      - -g -n --state
      User-Agent:
      - AZURECLI/2.39.0 azsdk-python-mgmt-sql/4.0.0b3 Python/3.7.0 (Windows-10-10.0.17763-SP0)
    method: GET
    uri: https://management.azure.com/subscriptions/00000000-0000-0000-0000-000000000000/resourceGroups/clitest.rg000001/providers/Microsoft.Sql/servers/clitestserver000003/auditingSettings/default?api-version=2021-11-01-preview
  response:
    body:
      string: '{"properties":{"retentionDays":30,"auditActionsAndGroups":["DATABASE_LOGOUT_GROUP","DATABASE_ROLE_MEMBER_CHANGE_GROUP"],"isStorageSecondaryKeyInUse":false,"isAzureMonitorTargetEnabled":false,"isManagedIdentityInUse":false,"state":"Enabled","storageEndpoint":"https://clitest000005.blob.core.windows.net/","storageAccountSubscriptionId":"00000000-0000-0000-0000-000000000000"},"id":"/subscriptions/00000000-0000-0000-0000-000000000000/resourceGroups/clitest.rg000001/providers/Microsoft.Sql/servers/clitestserver000003/auditingSettings/Default","name":"Default","type":"Microsoft.Sql/servers/auditingSettings"}'
    headers:
      cache-control:
      - no-cache
      content-length:
      - '609'
      content-type:
      - application/json; charset=utf-8
      date:
      - Wed, 14 Sep 2022 05:17:05 GMT
      expires:
      - '-1'
      pragma:
      - no-cache
      server:
      - Microsoft-HTTPAPI/2.0
      strict-transport-security:
      - max-age=31536000; includeSubDomains
      transfer-encoding:
      - chunked
      vary:
      - Accept-Encoding
      x-content-type-options:
      - nosniff
    status:
      code: 200
      message: OK
- request:
    body: '{"properties": {"retentionDays": 30, "auditActionsAndGroups": ["DATABASE_LOGOUT_GROUP",
      "DATABASE_ROLE_MEMBER_CHANGE_GROUP"], "isStorageSecondaryKeyInUse": false, "isAzureMonitorTargetEnabled":
      false, "isManagedIdentityInUse": false, "state": "Disabled", "storageEndpoint":
      "https://clitest000005.blob.core.windows.net/", "storageAccountSubscriptionId":
      "00000000-0000-0000-0000-000000000000"}}'
    headers:
      Accept:
      - application/json
      Accept-Encoding:
      - gzip, deflate
      CommandName:
      - sql server audit-policy update
      Connection:
      - keep-alive
      Content-Length:
      - '394'
      Content-Type:
      - application/json
      ParameterSetName:
      - -g -n --state
      User-Agent:
      - AZURECLI/2.39.0 azsdk-python-mgmt-sql/4.0.0b3 Python/3.7.0 (Windows-10-10.0.17763-SP0)
    method: PUT
    uri: https://management.azure.com/subscriptions/00000000-0000-0000-0000-000000000000/resourceGroups/clitest.rg000001/providers/Microsoft.Sql/servers/clitestserver000003/auditingSettings/default?api-version=2021-11-01-preview
  response:
    body:
      string: '{"operation":"UpsertServerEngineAuditingPolicy","startTime":"2022-09-14T05:17:06.827Z"}'
    headers:
      azure-asyncoperation:
      - https://management.azure.com/subscriptions/00000000-0000-0000-0000-000000000000/providers/Microsoft.Sql/locations/westeurope/auditingSettingsAzureAsyncOperation/116e7ea8-8945-4e3f-9492-c25cf289e9e6?api-version=2021-11-01-preview
      cache-control:
      - no-cache
      content-length:
      - '87'
      content-type:
      - application/json; charset=utf-8
      date:
      - Wed, 14 Sep 2022 05:17:06 GMT
      expires:
      - '-1'
      location:
      - https://management.azure.com/subscriptions/00000000-0000-0000-0000-000000000000/providers/Microsoft.Sql/locations/westeurope/auditingSettingsOperationResults/116e7ea8-8945-4e3f-9492-c25cf289e9e6?api-version=2021-11-01-preview
      pragma:
      - no-cache
      server:
      - Microsoft-HTTPAPI/2.0
      strict-transport-security:
      - max-age=31536000; includeSubDomains
      x-content-type-options:
      - nosniff
      x-ms-ratelimit-remaining-subscription-writes:
      - '1195'
    status:
      code: 202
      message: Accepted
- request:
    body: null
    headers:
      Accept:
      - '*/*'
      Accept-Encoding:
      - gzip, deflate
      CommandName:
      - sql server audit-policy update
      Connection:
      - keep-alive
      ParameterSetName:
      - -g -n --state
      User-Agent:
      - AZURECLI/2.39.0 azsdk-python-mgmt-sql/4.0.0b3 Python/3.7.0 (Windows-10-10.0.17763-SP0)
    method: GET
    uri: https://management.azure.com/subscriptions/00000000-0000-0000-0000-000000000000/providers/Microsoft.Sql/locations/westeurope/auditingSettingsAzureAsyncOperation/116e7ea8-8945-4e3f-9492-c25cf289e9e6?api-version=2021-11-01-preview
  response:
    body:
      string: '{"name":"116e7ea8-8945-4e3f-9492-c25cf289e9e6","status":"Succeeded","startTime":"2022-09-14T05:17:06.827Z"}'
    headers:
      cache-control:
      - no-cache
      content-length:
      - '107'
      content-type:
      - application/json; charset=utf-8
      date:
      - Wed, 14 Sep 2022 05:18:07 GMT
      expires:
      - '-1'
      pragma:
      - no-cache
      server:
      - Microsoft-HTTPAPI/2.0
      strict-transport-security:
      - max-age=31536000; includeSubDomains
      transfer-encoding:
      - chunked
      vary:
      - Accept-Encoding
      x-content-type-options:
      - nosniff
    status:
      code: 200
      message: OK
- request:
    body: null
    headers:
      Accept:
      - '*/*'
      Accept-Encoding:
      - gzip, deflate
      CommandName:
      - sql server audit-policy update
      Connection:
      - keep-alive
      ParameterSetName:
      - -g -n --state
      User-Agent:
      - AZURECLI/2.39.0 azsdk-python-mgmt-sql/4.0.0b3 Python/3.7.0 (Windows-10-10.0.17763-SP0)
    method: GET
    uri: https://management.azure.com/subscriptions/00000000-0000-0000-0000-000000000000/resourceGroups/clitest.rg000001/providers/Microsoft.Sql/servers/clitestserver000003/auditingSettings/default?api-version=2021-11-01-preview
  response:
    body:
      string: '{"properties":{"retentionDays":30,"auditActionsAndGroups":["DATABASE_LOGOUT_GROUP","DATABASE_ROLE_MEMBER_CHANGE_GROUP"],"isStorageSecondaryKeyInUse":false,"isAzureMonitorTargetEnabled":false,"isManagedIdentityInUse":false,"state":"Disabled","storageEndpoint":"https://clitest000005.blob.core.windows.net/","storageAccountSubscriptionId":"00000000-0000-0000-0000-000000000000"},"id":"/subscriptions/00000000-0000-0000-0000-000000000000/resourceGroups/clitest.rg000001/providers/Microsoft.Sql/servers/clitestserver000003/auditingSettings/Default","name":"Default","type":"Microsoft.Sql/servers/auditingSettings"}'
    headers:
      cache-control:
      - no-cache
      content-length:
      - '610'
      content-type:
      - application/json; charset=utf-8
      date:
      - Wed, 14 Sep 2022 05:18:07 GMT
      expires:
      - '-1'
      pragma:
      - no-cache
      server:
      - Microsoft-HTTPAPI/2.0
      strict-transport-security:
      - max-age=31536000; includeSubDomains
      transfer-encoding:
      - chunked
      vary:
      - Accept-Encoding
      x-content-type-options:
      - nosniff
    status:
      code: 200
      message: OK
- request:
    body: null
    headers:
      Accept:
      - application/json
      Accept-Encoding:
      - gzip, deflate
      CommandName:
      - monitor log-analytics workspace create
      Connection:
      - keep-alive
      ParameterSetName:
      - -g -n
      User-Agent:
      - AZURECLI/2.39.0 azsdk-python-azure-mgmt-resource/21.1.0b1 Python/3.7.0 (Windows-10-10.0.17763-SP0)
    method: GET
    uri: https://management.azure.com/subscriptions/00000000-0000-0000-0000-000000000000/resourcegroups/clitest.rg000001?api-version=2021-04-01
  response:
    body:
      string: '{"id":"/subscriptions/00000000-0000-0000-0000-000000000000/resourceGroups/clitest.rg000001","name":"clitest.rg000001","type":"Microsoft.Resources/resourceGroups","location":"westeurope","tags":{"product":"azurecli","cause":"automation","date":"2022-09-14T05:12:42Z"},"properties":{"provisioningState":"Succeeded"}}'
    headers:
      cache-control:
      - no-cache
      content-length:
      - '314'
      content-type:
      - application/json; charset=utf-8
      date:
      - Wed, 14 Sep 2022 05:18:08 GMT
      expires:
      - '-1'
      pragma:
      - no-cache
      strict-transport-security:
      - max-age=31536000; includeSubDomains
      vary:
      - Accept-Encoding
      x-content-type-options:
      - nosniff
    status:
      code: 200
      message: OK
- request:
    body: '{"location": "westeurope", "properties": {"sku": {"name": "PerGB2018"},
      "retentionInDays": 30, "workspaceCapping": {}}}'
    headers:
      Accept:
      - application/json
      Accept-Encoding:
      - gzip, deflate
      CommandName:
      - monitor log-analytics workspace create
      Connection:
      - keep-alive
      Content-Length:
      - '119'
      Content-Type:
      - application/json
      ParameterSetName:
      - -g -n
      User-Agent:
      - AZURECLI/2.39.0 azsdk-python-mgmt-loganalytics/13.0.0b4 Python/3.7.0 (Windows-10-10.0.17763-SP0)
    method: PUT
    uri: https://management.azure.com/subscriptions/00000000-0000-0000-0000-000000000000/resourcegroups/clitest.rg000001/providers/Microsoft.OperationalInsights/workspaces/laws000006?api-version=2021-12-01-preview
  response:
    body:
      string: "{\r\n  \"properties\": {\r\n    \"source\": \"Azure\",\r\n    \"customerId\":
        \"7b8784b3-6e32-40ac-a956-caf02861b482\",\r\n    \"provisioningState\": \"Creating\",\r\n
        \   \"sku\": {\r\n      \"name\": \"pergb2018\",\r\n      \"lastSkuUpdate\":
        \"Wed, 14 Sep 2022 05:18:13 GMT\"\r\n    },\r\n    \"retentionInDays\": 30,\r\n
        \   \"features\": {\r\n      \"legacy\": 0,\r\n      \"searchVersion\": 1,\r\n
        \     \"enableLogAccessUsingOnlyResourcePermissions\": true\r\n    },\r\n
        \   \"workspaceCapping\": {\r\n      \"dailyQuotaGb\": -1.0,\r\n      \"quotaNextResetTime\":
        \"Wed, 14 Sep 2022 15:00:00 GMT\",\r\n      \"dataIngestionStatus\": \"RespectQuota\"\r\n
        \   },\r\n    \"publicNetworkAccessForIngestion\": \"Enabled\",\r\n    \"publicNetworkAccessForQuery\":
        \"Enabled\",\r\n    \"createdDate\": \"Wed, 14 Sep 2022 05:18:13 GMT\",\r\n
        \   \"modifiedDate\": \"Wed, 14 Sep 2022 05:18:13 GMT\"\r\n  },\r\n  \"id\":
        \"/subscriptions/00000000-0000-0000-0000-000000000000/resourcegroups/clitest.rg000001/providers/microsoft.operationalinsights/workspaces/laws000006\",\r\n
        \ \"name\": \"laws000006\",\r\n  \"type\": \"Microsoft.OperationalInsights/workspaces\",\r\n
        \ \"location\": \"westeurope\"\r\n}"
    headers:
      access-control-allow-origin:
      - '*'
      cache-control:
      - no-cache
      content-length:
      - '1058'
      content-type:
      - application/json
      date:
      - Wed, 14 Sep 2022 05:18:14 GMT
      pragma:
      - no-cache
      request-context:
      - appId=cid-v1:c7ec48f5-2684-46e8-accb-45e7dbec242b
      server:
      - Microsoft-IIS/10.0
      strict-transport-security:
      - max-age=31536000; includeSubDomains
      x-content-type-options:
      - nosniff
      x-ms-ratelimit-remaining-subscription-writes:
      - '1196'
      x-powered-by:
      - ASP.NET
      - ASP.NET
    status:
      code: 201
      message: Created
- request:
    body: null
    headers:
      Accept:
      - '*/*'
      Accept-Encoding:
      - gzip, deflate
      CommandName:
      - monitor log-analytics workspace create
      Connection:
      - keep-alive
      ParameterSetName:
      - -g -n
      User-Agent:
      - AZURECLI/2.39.0 azsdk-python-mgmt-loganalytics/13.0.0b4 Python/3.7.0 (Windows-10-10.0.17763-SP0)
    method: GET
    uri: https://management.azure.com/subscriptions/00000000-0000-0000-0000-000000000000/resourcegroups/clitest.rg000001/providers/Microsoft.OperationalInsights/workspaces/laws000006?api-version=2021-12-01-preview
  response:
    body:
      string: "{\r\n  \"properties\": {\r\n    \"source\": \"Azure\",\r\n    \"customerId\":
        \"7b8784b3-6e32-40ac-a956-caf02861b482\",\r\n    \"provisioningState\": \"Succeeded\",\r\n
        \   \"sku\": {\r\n      \"name\": \"pergb2018\",\r\n      \"lastSkuUpdate\":
        \"Wed, 14 Sep 2022 05:18:13 GMT\"\r\n    },\r\n    \"retentionInDays\": 30,\r\n
        \   \"features\": {\r\n      \"legacy\": 0,\r\n      \"searchVersion\": 1,\r\n
        \     \"enableLogAccessUsingOnlyResourcePermissions\": true\r\n    },\r\n
        \   \"workspaceCapping\": {\r\n      \"dailyQuotaGb\": -1.0,\r\n      \"quotaNextResetTime\":
        \"Wed, 14 Sep 2022 15:00:00 GMT\",\r\n      \"dataIngestionStatus\": \"RespectQuota\"\r\n
        \   },\r\n    \"publicNetworkAccessForIngestion\": \"Enabled\",\r\n    \"publicNetworkAccessForQuery\":
        \"Enabled\",\r\n    \"createdDate\": \"Wed, 14 Sep 2022 05:18:13 GMT\",\r\n
        \   \"modifiedDate\": \"Wed, 14 Sep 2022 05:18:16 GMT\"\r\n  },\r\n  \"id\":
        \"/subscriptions/00000000-0000-0000-0000-000000000000/resourcegroups/clitest.rg000001/providers/microsoft.operationalinsights/workspaces/laws000006\",\r\n
        \ \"name\": \"laws000006\",\r\n  \"type\": \"Microsoft.OperationalInsights/workspaces\",\r\n
        \ \"location\": \"westeurope\"\r\n}"
    headers:
      access-control-allow-origin:
      - '*'
      cache-control:
      - no-cache
      content-length:
      - '1059'
      content-type:
      - application/json
      date:
      - Wed, 14 Sep 2022 05:18:45 GMT
      pragma:
      - no-cache
      request-context:
      - appId=cid-v1:c7ec48f5-2684-46e8-accb-45e7dbec242b
      server:
      - Microsoft-IIS/10.0
      strict-transport-security:
      - max-age=31536000; includeSubDomains
      transfer-encoding:
      - chunked
      vary:
      - Accept-Encoding
      x-content-type-options:
      - nosniff
      x-powered-by:
      - ASP.NET
      - ASP.NET
    status:
      code: 200
      message: OK
- request:
    body: null
    headers:
      Accept:
      - application/json
      Accept-Encoding:
      - gzip, deflate
      CommandName:
      - sql server audit-policy update
      Connection:
      - keep-alive
      ParameterSetName:
      - -g -n --state --log-analytics-target-state --log-analytics-workspace-resource-id
      User-Agent:
      - AZURECLI/2.39.0 azsdk-python-mgmt-sql/4.0.0b3 Python/3.7.0 (Windows-10-10.0.17763-SP0)
    method: GET
    uri: https://management.azure.com/subscriptions/00000000-0000-0000-0000-000000000000/resourceGroups/clitest.rg000001/providers/Microsoft.Sql/servers/clitestserver000003/auditingSettings/default?api-version=2021-11-01-preview
  response:
    body:
      string: '{"properties":{"retentionDays":30,"auditActionsAndGroups":["DATABASE_LOGOUT_GROUP","DATABASE_ROLE_MEMBER_CHANGE_GROUP"],"isStorageSecondaryKeyInUse":false,"isAzureMonitorTargetEnabled":false,"isManagedIdentityInUse":false,"state":"Disabled","storageEndpoint":"https://clitest000005.blob.core.windows.net/","storageAccountSubscriptionId":"00000000-0000-0000-0000-000000000000"},"id":"/subscriptions/00000000-0000-0000-0000-000000000000/resourceGroups/clitest.rg000001/providers/Microsoft.Sql/servers/clitestserver000003/auditingSettings/Default","name":"Default","type":"Microsoft.Sql/servers/auditingSettings"}'
    headers:
      cache-control:
      - no-cache
      content-length:
      - '610'
      content-type:
      - application/json; charset=utf-8
      date:
      - Wed, 14 Sep 2022 05:18:46 GMT
      expires:
      - '-1'
      pragma:
      - no-cache
      server:
      - Microsoft-HTTPAPI/2.0
      strict-transport-security:
      - max-age=31536000; includeSubDomains
      transfer-encoding:
      - chunked
      vary:
      - Accept-Encoding
      x-content-type-options:
      - nosniff
    status:
      code: 200
      message: OK
- request:
    body: null
    headers:
      Accept:
      - application/json
      Accept-Encoding:
      - gzip, deflate
      CommandName:
      - sql server audit-policy update
      Connection:
      - keep-alive
      ParameterSetName:
      - -g -n --state --log-analytics-target-state --log-analytics-workspace-resource-id
      User-Agent:
      - AZURECLI/2.39.0 azsdk-python-azure-mgmt-monitor/4.0.1 Python/3.7.0 (Windows-10-10.0.17763-SP0)
    method: GET
    uri: https://management.azure.com/subscriptions/00000000-0000-0000-0000-000000000000/resourceGroups/clitest.rg000001/providers/Microsoft.Sql/servers/clitestserver000003/databases/master/providers/Microsoft.Insights/diagnosticSettings?api-version=2017-05-01-preview
  response:
    body:
      string: '{"value":[]}'
    headers:
      cache-control:
      - no-cache
      content-length:
      - '12'
      content-type:
      - application/json; charset=utf-8
      date:
      - Wed, 14 Sep 2022 05:18:49 GMT
      expires:
      - '-1'
      pragma:
      - no-cache
      server:
      - Microsoft-IIS/10.0
      strict-transport-security:
      - max-age=31536000; includeSubDomains
      transfer-encoding:
      - chunked
      vary:
      - Accept-Encoding
      x-content-type-options:
      - nosniff
    status:
      code: 200
      message: OK
- request:
    body: '{"properties": {"logs": [{"category": "SQLSecurityAuditEvents", "enabled":
      true, "retentionPolicy": {"enabled": false, "days": 0}}], "workspaceId": "/subscriptions/00000000-0000-0000-0000-000000000000/resourcegroups/clitest.rg000001/providers/microsoft.operationalinsights/workspaces/laws000006"}}'
    headers:
      Accept:
      - application/json
      Accept-Encoding:
      - gzip, deflate
      CommandName:
      - sql server audit-policy update
      Connection:
      - keep-alive
      Content-Length:
      - '297'
      Content-Type:
      - application/json
      ParameterSetName:
      - -g -n --state --log-analytics-target-state --log-analytics-workspace-resource-id
      User-Agent:
      - AZURECLI/2.39.0 azsdk-python-azure-mgmt-monitor/4.0.1 Python/3.7.0 (Windows-10-10.0.17763-SP0)
    method: PUT
    uri: https://management.azure.com/subscriptions/00000000-0000-0000-0000-000000000000/resourceGroups/clitest.rg000001/providers/Microsoft.Sql/servers/clitestserver000003/databases/master/providers/Microsoft.Insights/diagnosticSettings/SQLSecurityAuditEvents_LogAnalytics?api-version=2017-05-01-preview
  response:
    body:
      string: '{"id":"/subscriptions/00000000-0000-0000-0000-000000000000/resourcegroups/clitest.rg000001/providers/microsoft.sql/servers/clitestserver000003/databases/master/providers/microsoft.insights/diagnosticSettings/SQLSecurityAuditEvents_LogAnalytics","type":"Microsoft.Insights/diagnosticSettings","name":"SQLSecurityAuditEvents_LogAnalytics","location":null,"kind":null,"tags":null,"properties":{"storageAccountId":null,"serviceBusRuleId":null,"workspaceId":"/subscriptions/00000000-0000-0000-0000-000000000000/resourcegroups/clitest.rg000001/providers/microsoft.operationalinsights/workspaces/laws000006","eventHubAuthorizationRuleId":null,"eventHubName":null,"metrics":[],"logs":[{"category":"SQLSecurityAuditEvents","categoryGroup":null,"enabled":true,"retentionPolicy":{"enabled":false,"days":0}}],"logAnalyticsDestinationType":null},"identity":null}'
    headers:
      cache-control:
      - no-cache
      content-length:
      - '849'
      content-type:
      - application/json; charset=utf-8
      date:
      - Wed, 14 Sep 2022 05:18:55 GMT
      expires:
      - '-1'
      pragma:
      - no-cache
      server:
      - Microsoft-IIS/10.0
      strict-transport-security:
      - max-age=31536000; includeSubDomains
      transfer-encoding:
      - chunked
      vary:
      - Accept-Encoding
      x-content-type-options:
      - nosniff
      x-ms-ratelimit-remaining-subscription-resource-requests:
      - '149'
    status:
      code: 200
      message: OK
- request:
    body: null
    headers:
      Accept:
      - application/json
      Accept-Encoding:
      - gzip, deflate
      CommandName:
      - sql server audit-policy update
      Connection:
      - keep-alive
      ParameterSetName:
      - -g -n --state --log-analytics-target-state --log-analytics-workspace-resource-id
      User-Agent:
      - AZURECLI/2.39.0 azsdk-python-azure-mgmt-resource/21.1.0b1 Python/3.7.0 (Windows-10-10.0.17763-SP0)
    method: GET
    uri: https://management.azure.com/subscriptions/00000000-0000-0000-0000-000000000000/resources?$filter=name%20eq%20%27clitest000005%27%20and%20%28resourceType%20eq%20%27Microsoft.Storage%2FstorageAccounts%27%20or%20resourceType%20eq%20%27Microsoft.ClassicStorage%2FstorageAccounts%27%29&api-version=2021-04-01
  response:
    body:
      string: '{"value":[{"id":"/subscriptions/00000000-0000-0000-0000-000000000000/resourceGroups/clitest.rg000002/providers/Microsoft.Storage/storageAccounts/clitest000005","name":"clitest000005","type":"Microsoft.Storage/storageAccounts","sku":{"name":"Standard_LRS","tier":"Standard"},"kind":"Storage","location":"westus","tags":{}}]}'
    headers:
      cache-control:
      - no-cache
      content-length:
      - '323'
      content-type:
      - application/json; charset=utf-8
      date:
      - Wed, 14 Sep 2022 05:18:54 GMT
      expires:
      - '-1'
      pragma:
      - no-cache
      strict-transport-security:
      - max-age=31536000; includeSubDomains
      vary:
      - Accept-Encoding
      x-content-type-options:
      - nosniff
    status:
      code: 200
      message: OK
- request:
    body: null
    headers:
      Accept:
      - application/json
      Accept-Encoding:
      - gzip, deflate
      CommandName:
      - sql server audit-policy update
      Connection:
      - keep-alive
      Content-Length:
      - '0'
      ParameterSetName:
      - -g -n --state --log-analytics-target-state --log-analytics-workspace-resource-id
      User-Agent:
      - AZURECLI/2.39.0 azsdk-python-azure-mgmt-storage/20.1.0 Python/3.7.0 (Windows-10-10.0.17763-SP0)
    method: POST
    uri: https://management.azure.com/subscriptions/00000000-0000-0000-0000-000000000000/resourceGroups/clitest.rg000002/providers/Microsoft.Storage/storageAccounts/clitest000005/listKeys?api-version=2022-05-01&$expand=kerb
  response:
    body:
      string: '{"keys":[{"creationTime":"2022-09-14T05:14:31.5601972Z","keyName":"key1","value":"veryFakedStorageAccountKey==","permissions":"FULL"},{"creationTime":"2022-09-14T05:14:31.5601972Z","keyName":"key2","value":"veryFakedStorageAccountKey==","permissions":"FULL"}]}'
    headers:
      cache-control:
      - no-cache
      content-length:
      - '260'
      content-type:
      - application/json
      date:
      - Wed, 14 Sep 2022 05:18:55 GMT
      expires:
      - '-1'
      pragma:
      - no-cache
      server:
      - Microsoft-Azure-Storage-Resource-Provider/1.0,Microsoft-HTTPAPI/2.0 Microsoft-HTTPAPI/2.0
      strict-transport-security:
      - max-age=31536000; includeSubDomains
      transfer-encoding:
      - chunked
      vary:
      - Accept-Encoding
      x-content-type-options:
      - nosniff
      x-ms-ratelimit-remaining-subscription-resource-requests:
      - '11999'
    status:
      code: 200
      message: OK
- request:
    body: '{"properties": {"retentionDays": 30, "auditActionsAndGroups": ["DATABASE_LOGOUT_GROUP",
      "DATABASE_ROLE_MEMBER_CHANGE_GROUP"], "isStorageSecondaryKeyInUse": false, "isAzureMonitorTargetEnabled":
      true, "isManagedIdentityInUse": false, "state": "Enabled", "storageEndpoint":
      "https://clitest000005.blob.core.windows.net/", "storageAccountAccessKey": "veryFakedStorageAccountKey==",
      "storageAccountSubscriptionId": "00000000-0000-0000-0000-000000000000"}}'
    headers:
      Accept:
      - application/json
      Accept-Encoding:
      - gzip, deflate
      CommandName:
      - sql server audit-policy update
      Connection:
      - keep-alive
      Content-Length:
      - '451'
      Content-Type:
      - application/json
      ParameterSetName:
      - -g -n --state --log-analytics-target-state --log-analytics-workspace-resource-id
      User-Agent:
      - AZURECLI/2.39.0 azsdk-python-mgmt-sql/4.0.0b3 Python/3.7.0 (Windows-10-10.0.17763-SP0)
    method: PUT
    uri: https://management.azure.com/subscriptions/00000000-0000-0000-0000-000000000000/resourceGroups/clitest.rg000001/providers/Microsoft.Sql/servers/clitestserver000003/auditingSettings/default?api-version=2021-11-01-preview
  response:
    body:
      string: '{"operation":"UpsertServerEngineAuditingPolicy","startTime":"2022-09-14T05:18:57.193Z"}'
    headers:
      azure-asyncoperation:
      - https://management.azure.com/subscriptions/00000000-0000-0000-0000-000000000000/providers/Microsoft.Sql/locations/westeurope/auditingSettingsAzureAsyncOperation/364f67e7-29d3-4d85-8807-959cc8d737b6?api-version=2021-11-01-preview
      cache-control:
      - no-cache
      content-length:
      - '87'
      content-type:
      - application/json; charset=utf-8
      date:
      - Wed, 14 Sep 2022 05:18:56 GMT
      expires:
      - '-1'
      location:
      - https://management.azure.com/subscriptions/00000000-0000-0000-0000-000000000000/providers/Microsoft.Sql/locations/westeurope/auditingSettingsOperationResults/364f67e7-29d3-4d85-8807-959cc8d737b6?api-version=2021-11-01-preview
      pragma:
      - no-cache
      server:
      - Microsoft-HTTPAPI/2.0
      strict-transport-security:
      - max-age=31536000; includeSubDomains
      x-content-type-options:
      - nosniff
      x-ms-ratelimit-remaining-subscription-writes:
      - '1195'
    status:
      code: 202
      message: Accepted
- request:
    body: null
    headers:
      Accept:
      - '*/*'
      Accept-Encoding:
      - gzip, deflate
      CommandName:
      - sql server audit-policy update
      Connection:
      - keep-alive
      ParameterSetName:
      - -g -n --state --log-analytics-target-state --log-analytics-workspace-resource-id
      User-Agent:
      - AZURECLI/2.39.0 azsdk-python-mgmt-sql/4.0.0b3 Python/3.7.0 (Windows-10-10.0.17763-SP0)
    method: GET
    uri: https://management.azure.com/subscriptions/00000000-0000-0000-0000-000000000000/providers/Microsoft.Sql/locations/westeurope/auditingSettingsAzureAsyncOperation/364f67e7-29d3-4d85-8807-959cc8d737b6?api-version=2021-11-01-preview
  response:
    body:
      string: '{"name":"364f67e7-29d3-4d85-8807-959cc8d737b6","status":"Succeeded","startTime":"2022-09-14T05:18:57.193Z"}'
    headers:
      cache-control:
      - no-cache
      content-length:
      - '107'
      content-type:
      - application/json; charset=utf-8
      date:
      - Wed, 14 Sep 2022 05:19:56 GMT
      expires:
      - '-1'
      pragma:
      - no-cache
      server:
      - Microsoft-HTTPAPI/2.0
      strict-transport-security:
      - max-age=31536000; includeSubDomains
      transfer-encoding:
      - chunked
      vary:
      - Accept-Encoding
      x-content-type-options:
      - nosniff
    status:
      code: 200
      message: OK
- request:
    body: null
    headers:
      Accept:
      - '*/*'
      Accept-Encoding:
      - gzip, deflate
      CommandName:
      - sql server audit-policy update
      Connection:
      - keep-alive
      ParameterSetName:
      - -g -n --state --log-analytics-target-state --log-analytics-workspace-resource-id
      User-Agent:
      - AZURECLI/2.39.0 azsdk-python-mgmt-sql/4.0.0b3 Python/3.7.0 (Windows-10-10.0.17763-SP0)
    method: GET
    uri: https://management.azure.com/subscriptions/00000000-0000-0000-0000-000000000000/resourceGroups/clitest.rg000001/providers/Microsoft.Sql/servers/clitestserver000003/auditingSettings/default?api-version=2021-11-01-preview
  response:
    body:
      string: '{"properties":{"retentionDays":30,"auditActionsAndGroups":["DATABASE_LOGOUT_GROUP","DATABASE_ROLE_MEMBER_CHANGE_GROUP"],"isStorageSecondaryKeyInUse":false,"isAzureMonitorTargetEnabled":true,"isManagedIdentityInUse":false,"state":"Enabled","storageEndpoint":"https://clitest000005.blob.core.windows.net/","storageAccountSubscriptionId":"00000000-0000-0000-0000-000000000000"},"id":"/subscriptions/00000000-0000-0000-0000-000000000000/resourceGroups/clitest.rg000001/providers/Microsoft.Sql/servers/clitestserver000003/auditingSettings/Default","name":"Default","type":"Microsoft.Sql/servers/auditingSettings"}'
    headers:
      cache-control:
      - no-cache
      content-length:
      - '608'
      content-type:
      - application/json; charset=utf-8
      date:
      - Wed, 14 Sep 2022 05:19:57 GMT
      expires:
      - '-1'
      pragma:
      - no-cache
      server:
      - Microsoft-HTTPAPI/2.0
      strict-transport-security:
      - max-age=31536000; includeSubDomains
      transfer-encoding:
      - chunked
      vary:
      - Accept-Encoding
      x-content-type-options:
      - nosniff
    status:
      code: 200
      message: OK
- request:
    body: null
    headers:
      Accept:
      - application/json
      Accept-Encoding:
      - gzip, deflate
      CommandName:
      - sql server audit-policy show
      Connection:
      - keep-alive
      ParameterSetName:
      - -g -n
      User-Agent:
      - AZURECLI/2.39.0 azsdk-python-mgmt-sql/4.0.0b3 Python/3.7.0 (Windows-10-10.0.17763-SP0)
    method: GET
    uri: https://management.azure.com/subscriptions/00000000-0000-0000-0000-000000000000/resourceGroups/clitest.rg000001/providers/Microsoft.Sql/servers/clitestserver000003/auditingSettings/default?api-version=2021-11-01-preview
  response:
    body:
      string: '{"properties":{"retentionDays":30,"auditActionsAndGroups":["DATABASE_LOGOUT_GROUP","DATABASE_ROLE_MEMBER_CHANGE_GROUP"],"isStorageSecondaryKeyInUse":false,"isAzureMonitorTargetEnabled":true,"isManagedIdentityInUse":false,"state":"Enabled","storageEndpoint":"https://clitest000005.blob.core.windows.net/","storageAccountSubscriptionId":"00000000-0000-0000-0000-000000000000"},"id":"/subscriptions/00000000-0000-0000-0000-000000000000/resourceGroups/clitest.rg000001/providers/Microsoft.Sql/servers/clitestserver000003/auditingSettings/Default","name":"Default","type":"Microsoft.Sql/servers/auditingSettings"}'
    headers:
      cache-control:
      - no-cache
      content-length:
      - '608'
      content-type:
      - application/json; charset=utf-8
      date:
      - Wed, 14 Sep 2022 05:19:57 GMT
      expires:
      - '-1'
      pragma:
      - no-cache
      server:
      - Microsoft-HTTPAPI/2.0
      strict-transport-security:
      - max-age=31536000; includeSubDomains
      transfer-encoding:
      - chunked
      vary:
      - Accept-Encoding
      x-content-type-options:
      - nosniff
    status:
      code: 200
      message: OK
- request:
    body: null
    headers:
      Accept:
      - application/json
      Accept-Encoding:
      - gzip, deflate
      CommandName:
      - sql server audit-policy show
      Connection:
      - keep-alive
      ParameterSetName:
      - -g -n
      User-Agent:
      - AZURECLI/2.39.0 azsdk-python-azure-mgmt-monitor/4.0.1 Python/3.7.0 (Windows-10-10.0.17763-SP0)
    method: GET
    uri: https://management.azure.com/subscriptions/00000000-0000-0000-0000-000000000000/resourceGroups/clitest.rg000001/providers/Microsoft.Sql/servers/clitestserver000003/databases/master/providers/Microsoft.Insights/diagnosticSettings?api-version=2017-05-01-preview
  response:
    body:
      string: '{"value":[{"id":"/subscriptions/00000000-0000-0000-0000-000000000000/resourcegroups/clitest.rg000001/providers/microsoft.sql/servers/clitestserver000003/databases/master/providers/microsoft.insights/diagnosticSettings/SQLSecurityAuditEvents_LogAnalytics","type":"Microsoft.Insights/diagnosticSettings","name":"SQLSecurityAuditEvents_LogAnalytics","location":null,"kind":null,"tags":null,"properties":{"storageAccountId":null,"serviceBusRuleId":null,"workspaceId":"/subscriptions/00000000-0000-0000-0000-000000000000/resourcegroups/clitest.rg000001/providers/microsoft.operationalinsights/workspaces/laws000006","eventHubAuthorizationRuleId":null,"eventHubName":null,"metrics":[],"logs":[{"category":"SQLSecurityAuditEvents","categoryGroup":null,"enabled":true,"retentionPolicy":{"enabled":false,"days":0}}],"logAnalyticsDestinationType":null},"identity":null}]}'
    headers:
      cache-control:
      - no-cache
      content-length:
      - '861'
      content-type:
      - application/json; charset=utf-8
      date:
      - Wed, 14 Sep 2022 05:19:59 GMT
      expires:
      - '-1'
      pragma:
      - no-cache
      server:
      - Microsoft-IIS/10.0
      strict-transport-security:
      - max-age=31536000; includeSubDomains
      transfer-encoding:
      - chunked
      vary:
      - Accept-Encoding
      x-content-type-options:
      - nosniff
    status:
      code: 200
      message: OK
- request:
    body: null
    headers:
      Accept:
      - application/json
      Accept-Encoding:
      - gzip, deflate
      CommandName:
      - sql server audit-policy update
      Connection:
      - keep-alive
      ParameterSetName:
      - -g -n --state --log-analytics-target-state
      User-Agent:
      - AZURECLI/2.39.0 azsdk-python-mgmt-sql/4.0.0b3 Python/3.7.0 (Windows-10-10.0.17763-SP0)
    method: GET
    uri: https://management.azure.com/subscriptions/00000000-0000-0000-0000-000000000000/resourceGroups/clitest.rg000001/providers/Microsoft.Sql/servers/clitestserver000003/auditingSettings/default?api-version=2021-11-01-preview
  response:
    body:
      string: '{"properties":{"retentionDays":30,"auditActionsAndGroups":["DATABASE_LOGOUT_GROUP","DATABASE_ROLE_MEMBER_CHANGE_GROUP"],"isStorageSecondaryKeyInUse":false,"isAzureMonitorTargetEnabled":true,"isManagedIdentityInUse":false,"state":"Enabled","storageEndpoint":"https://clitest000005.blob.core.windows.net/","storageAccountSubscriptionId":"00000000-0000-0000-0000-000000000000"},"id":"/subscriptions/00000000-0000-0000-0000-000000000000/resourceGroups/clitest.rg000001/providers/Microsoft.Sql/servers/clitestserver000003/auditingSettings/Default","name":"Default","type":"Microsoft.Sql/servers/auditingSettings"}'
    headers:
      cache-control:
      - no-cache
      content-length:
      - '608'
      content-type:
      - application/json; charset=utf-8
      date:
      - Wed, 14 Sep 2022 05:20:00 GMT
      expires:
      - '-1'
      pragma:
      - no-cache
      server:
      - Microsoft-HTTPAPI/2.0
      strict-transport-security:
      - max-age=31536000; includeSubDomains
      transfer-encoding:
      - chunked
      vary:
      - Accept-Encoding
      x-content-type-options:
      - nosniff
    status:
      code: 200
      message: OK
- request:
    body: null
    headers:
      Accept:
      - application/json
      Accept-Encoding:
      - gzip, deflate
      CommandName:
      - sql server audit-policy update
      Connection:
      - keep-alive
      ParameterSetName:
      - -g -n --state --log-analytics-target-state
      User-Agent:
      - AZURECLI/2.39.0 azsdk-python-azure-mgmt-monitor/4.0.1 Python/3.7.0 (Windows-10-10.0.17763-SP0)
    method: GET
    uri: https://management.azure.com/subscriptions/00000000-0000-0000-0000-000000000000/resourceGroups/clitest.rg000001/providers/Microsoft.Sql/servers/clitestserver000003/databases/master/providers/Microsoft.Insights/diagnosticSettings?api-version=2017-05-01-preview
  response:
    body:
      string: '{"value":[{"id":"/subscriptions/00000000-0000-0000-0000-000000000000/resourcegroups/clitest.rg000001/providers/microsoft.sql/servers/clitestserver000003/databases/master/providers/microsoft.insights/diagnosticSettings/SQLSecurityAuditEvents_LogAnalytics","type":"Microsoft.Insights/diagnosticSettings","name":"SQLSecurityAuditEvents_LogAnalytics","location":null,"kind":null,"tags":null,"properties":{"storageAccountId":null,"serviceBusRuleId":null,"workspaceId":"/subscriptions/00000000-0000-0000-0000-000000000000/resourcegroups/clitest.rg000001/providers/microsoft.operationalinsights/workspaces/laws000006","eventHubAuthorizationRuleId":null,"eventHubName":null,"metrics":[],"logs":[{"category":"SQLSecurityAuditEvents","categoryGroup":null,"enabled":true,"retentionPolicy":{"enabled":false,"days":0}}],"logAnalyticsDestinationType":null},"identity":null}]}'
    headers:
      cache-control:
      - no-cache
      content-length:
      - '861'
      content-type:
      - application/json; charset=utf-8
      date:
      - Wed, 14 Sep 2022 05:20:03 GMT
      expires:
      - '-1'
      pragma:
      - no-cache
      server:
      - Microsoft-IIS/10.0
      strict-transport-security:
      - max-age=31536000; includeSubDomains
      transfer-encoding:
      - chunked
      vary:
      - Accept-Encoding
      x-content-type-options:
      - nosniff
    status:
      code: 200
      message: OK
- request:
    body: null
    headers:
      Accept:
      - application/json
      Accept-Encoding:
      - gzip, deflate
      CommandName:
      - sql server audit-policy update
      Connection:
      - keep-alive
      Content-Length:
      - '0'
      ParameterSetName:
      - -g -n --state --log-analytics-target-state
      User-Agent:
      - AZURECLI/2.39.0 azsdk-python-azure-mgmt-monitor/4.0.1 Python/3.7.0 (Windows-10-10.0.17763-SP0)
    method: DELETE
    uri: https://management.azure.com/subscriptions/00000000-0000-0000-0000-000000000000/resourceGroups/clitest.rg000001/providers/Microsoft.Sql/servers/clitestserver000003/databases/master/providers/Microsoft.Insights/diagnosticSettings/SQLSecurityAuditEvents_LogAnalytics?api-version=2017-05-01-preview
  response:
    body:
      string: ''
    headers:
      cache-control:
      - no-cache
      content-length:
      - '0'
      date:
      - Wed, 14 Sep 2022 05:20:06 GMT
      expires:
      - '-1'
      pragma:
      - no-cache
      server:
      - Microsoft-IIS/10.0
      strict-transport-security:
      - max-age=31536000; includeSubDomains
      x-content-type-options:
      - nosniff
      x-ms-ratelimit-remaining-subscription-deletes:
      - '14999'
    status:
      code: 200
      message: OK
- request:
    body: null
    headers:
      Accept:
      - application/json
      Accept-Encoding:
      - gzip, deflate
      CommandName:
      - sql server audit-policy update
      Connection:
      - keep-alive
      ParameterSetName:
      - -g -n --state --log-analytics-target-state
      User-Agent:
      - AZURECLI/2.39.0 azsdk-python-azure-mgmt-resource/21.1.0b1 Python/3.7.0 (Windows-10-10.0.17763-SP0)
    method: GET
    uri: https://management.azure.com/subscriptions/00000000-0000-0000-0000-000000000000/resources?$filter=name%20eq%20%27clitest000005%27%20and%20%28resourceType%20eq%20%27Microsoft.Storage%2FstorageAccounts%27%20or%20resourceType%20eq%20%27Microsoft.ClassicStorage%2FstorageAccounts%27%29&api-version=2021-04-01
  response:
    body:
      string: '{"value":[{"id":"/subscriptions/00000000-0000-0000-0000-000000000000/resourceGroups/clitest.rg000002/providers/Microsoft.Storage/storageAccounts/clitest000005","name":"clitest000005","type":"Microsoft.Storage/storageAccounts","sku":{"name":"Standard_LRS","tier":"Standard"},"kind":"Storage","location":"westus","tags":{}}]}'
    headers:
      cache-control:
      - no-cache
      content-length:
      - '323'
      content-type:
      - application/json; charset=utf-8
      date:
      - Wed, 14 Sep 2022 05:20:07 GMT
      expires:
      - '-1'
      pragma:
      - no-cache
      strict-transport-security:
      - max-age=31536000; includeSubDomains
      vary:
      - Accept-Encoding
      x-content-type-options:
      - nosniff
    status:
      code: 200
      message: OK
- request:
    body: null
    headers:
      Accept:
      - application/json
      Accept-Encoding:
      - gzip, deflate
      CommandName:
      - sql server audit-policy update
      Connection:
      - keep-alive
      Content-Length:
      - '0'
      ParameterSetName:
      - -g -n --state --log-analytics-target-state
      User-Agent:
      - AZURECLI/2.39.0 azsdk-python-azure-mgmt-storage/20.1.0 Python/3.7.0 (Windows-10-10.0.17763-SP0)
    method: POST
    uri: https://management.azure.com/subscriptions/00000000-0000-0000-0000-000000000000/resourceGroups/clitest.rg000002/providers/Microsoft.Storage/storageAccounts/clitest000005/listKeys?api-version=2022-05-01&$expand=kerb
  response:
    body:
      string: '{"keys":[{"creationTime":"2022-09-14T05:14:31.5601972Z","keyName":"key1","value":"veryFakedStorageAccountKey==","permissions":"FULL"},{"creationTime":"2022-09-14T05:14:31.5601972Z","keyName":"key2","value":"veryFakedStorageAccountKey==","permissions":"FULL"}]}'
    headers:
      cache-control:
      - no-cache
      content-length:
      - '260'
      content-type:
      - application/json
      date:
      - Wed, 14 Sep 2022 05:20:11 GMT
      expires:
      - '-1'
      pragma:
      - no-cache
      server:
      - Microsoft-Azure-Storage-Resource-Provider/1.0,Microsoft-HTTPAPI/2.0 Microsoft-HTTPAPI/2.0
      strict-transport-security:
      - max-age=31536000; includeSubDomains
      transfer-encoding:
      - chunked
      vary:
      - Accept-Encoding
      x-content-type-options:
      - nosniff
      x-ms-ratelimit-remaining-subscription-resource-requests:
      - '11999'
    status:
      code: 200
      message: OK
- request:
    body: '{"properties": {"retentionDays": 30, "auditActionsAndGroups": ["DATABASE_LOGOUT_GROUP",
      "DATABASE_ROLE_MEMBER_CHANGE_GROUP"], "isStorageSecondaryKeyInUse": false, "isAzureMonitorTargetEnabled":
      false, "isManagedIdentityInUse": false, "state": "Enabled", "storageEndpoint":
      "https://clitest000005.blob.core.windows.net/", "storageAccountAccessKey": "veryFakedStorageAccountKey==",
      "storageAccountSubscriptionId": "00000000-0000-0000-0000-000000000000"}}'
    headers:
      Accept:
      - application/json
      Accept-Encoding:
      - gzip, deflate
      CommandName:
      - sql server audit-policy update
      Connection:
      - keep-alive
      Content-Length:
      - '452'
      Content-Type:
      - application/json
      ParameterSetName:
      - -g -n --state --log-analytics-target-state
      User-Agent:
      - AZURECLI/2.39.0 azsdk-python-mgmt-sql/4.0.0b3 Python/3.7.0 (Windows-10-10.0.17763-SP0)
    method: PUT
    uri: https://management.azure.com/subscriptions/00000000-0000-0000-0000-000000000000/resourceGroups/clitest.rg000001/providers/Microsoft.Sql/servers/clitestserver000003/auditingSettings/default?api-version=2021-11-01-preview
  response:
    body:
      string: '{"operation":"UpsertServerEngineAuditingPolicy","startTime":"2022-09-14T05:20:12.52Z"}'
    headers:
      azure-asyncoperation:
      - https://management.azure.com/subscriptions/00000000-0000-0000-0000-000000000000/providers/Microsoft.Sql/locations/westeurope/auditingSettingsAzureAsyncOperation/f6c191de-43f3-4b64-812b-aa2d7f523a8f?api-version=2021-11-01-preview
      cache-control:
      - no-cache
      content-length:
      - '86'
      content-type:
      - application/json; charset=utf-8
      date:
      - Wed, 14 Sep 2022 05:20:12 GMT
      expires:
      - '-1'
      location:
      - https://management.azure.com/subscriptions/00000000-0000-0000-0000-000000000000/providers/Microsoft.Sql/locations/westeurope/auditingSettingsOperationResults/f6c191de-43f3-4b64-812b-aa2d7f523a8f?api-version=2021-11-01-preview
      pragma:
      - no-cache
      server:
      - Microsoft-HTTPAPI/2.0
      strict-transport-security:
      - max-age=31536000; includeSubDomains
      x-content-type-options:
      - nosniff
      x-ms-ratelimit-remaining-subscription-writes:
      - '1195'
    status:
      code: 202
      message: Accepted
- request:
    body: null
    headers:
      Accept:
      - '*/*'
      Accept-Encoding:
      - gzip, deflate
      CommandName:
      - sql server audit-policy update
      Connection:
      - keep-alive
      ParameterSetName:
      - -g -n --state --log-analytics-target-state
      User-Agent:
      - AZURECLI/2.39.0 azsdk-python-mgmt-sql/4.0.0b3 Python/3.7.0 (Windows-10-10.0.17763-SP0)
    method: GET
    uri: https://management.azure.com/subscriptions/00000000-0000-0000-0000-000000000000/providers/Microsoft.Sql/locations/westeurope/auditingSettingsAzureAsyncOperation/f6c191de-43f3-4b64-812b-aa2d7f523a8f?api-version=2021-11-01-preview
  response:
    body:
      string: '{"name":"f6c191de-43f3-4b64-812b-aa2d7f523a8f","status":"Succeeded","startTime":"2022-09-14T05:20:12.52Z"}'
    headers:
      cache-control:
      - no-cache
      content-length:
      - '106'
      content-type:
      - application/json; charset=utf-8
      date:
      - Wed, 14 Sep 2022 05:21:13 GMT
      expires:
      - '-1'
      pragma:
      - no-cache
      server:
      - Microsoft-HTTPAPI/2.0
      strict-transport-security:
      - max-age=31536000; includeSubDomains
      transfer-encoding:
      - chunked
      vary:
      - Accept-Encoding
      x-content-type-options:
      - nosniff
    status:
      code: 200
      message: OK
- request:
    body: null
    headers:
      Accept:
      - '*/*'
      Accept-Encoding:
      - gzip, deflate
      CommandName:
      - sql server audit-policy update
      Connection:
      - keep-alive
      ParameterSetName:
      - -g -n --state --log-analytics-target-state
      User-Agent:
      - AZURECLI/2.39.0 azsdk-python-mgmt-sql/4.0.0b3 Python/3.7.0 (Windows-10-10.0.17763-SP0)
    method: GET
    uri: https://management.azure.com/subscriptions/00000000-0000-0000-0000-000000000000/resourceGroups/clitest.rg000001/providers/Microsoft.Sql/servers/clitestserver000003/auditingSettings/default?api-version=2021-11-01-preview
  response:
    body:
      string: '{"properties":{"retentionDays":30,"auditActionsAndGroups":["DATABASE_LOGOUT_GROUP","DATABASE_ROLE_MEMBER_CHANGE_GROUP"],"isStorageSecondaryKeyInUse":false,"isAzureMonitorTargetEnabled":false,"isManagedIdentityInUse":false,"state":"Enabled","storageEndpoint":"https://clitest000005.blob.core.windows.net/","storageAccountSubscriptionId":"00000000-0000-0000-0000-000000000000"},"id":"/subscriptions/00000000-0000-0000-0000-000000000000/resourceGroups/clitest.rg000001/providers/Microsoft.Sql/servers/clitestserver000003/auditingSettings/Default","name":"Default","type":"Microsoft.Sql/servers/auditingSettings"}'
    headers:
      cache-control:
      - no-cache
      content-length:
      - '609'
      content-type:
      - application/json; charset=utf-8
      date:
      - Wed, 14 Sep 2022 05:21:13 GMT
      expires:
      - '-1'
      pragma:
      - no-cache
      server:
      - Microsoft-HTTPAPI/2.0
      strict-transport-security:
      - max-age=31536000; includeSubDomains
      transfer-encoding:
      - chunked
      vary:
      - Accept-Encoding
      x-content-type-options:
      - nosniff
    status:
      code: 200
      message: OK
- request:
    body: null
    headers:
      Accept:
      - application/json
      Accept-Encoding:
      - gzip, deflate
      CommandName:
      - sql server audit-policy show
      Connection:
      - keep-alive
      ParameterSetName:
      - -g -n
      User-Agent:
      - AZURECLI/2.39.0 azsdk-python-mgmt-sql/4.0.0b3 Python/3.7.0 (Windows-10-10.0.17763-SP0)
    method: GET
    uri: https://management.azure.com/subscriptions/00000000-0000-0000-0000-000000000000/resourceGroups/clitest.rg000001/providers/Microsoft.Sql/servers/clitestserver000003/auditingSettings/default?api-version=2021-11-01-preview
  response:
    body:
      string: '{"properties":{"retentionDays":30,"auditActionsAndGroups":["DATABASE_LOGOUT_GROUP","DATABASE_ROLE_MEMBER_CHANGE_GROUP"],"isStorageSecondaryKeyInUse":false,"isAzureMonitorTargetEnabled":false,"isManagedIdentityInUse":false,"state":"Enabled","storageEndpoint":"https://clitest000005.blob.core.windows.net/","storageAccountSubscriptionId":"00000000-0000-0000-0000-000000000000"},"id":"/subscriptions/00000000-0000-0000-0000-000000000000/resourceGroups/clitest.rg000001/providers/Microsoft.Sql/servers/clitestserver000003/auditingSettings/Default","name":"Default","type":"Microsoft.Sql/servers/auditingSettings"}'
    headers:
      cache-control:
      - no-cache
      content-length:
      - '609'
      content-type:
      - application/json; charset=utf-8
      date:
      - Wed, 14 Sep 2022 05:21:14 GMT
      expires:
      - '-1'
      pragma:
      - no-cache
      server:
      - Microsoft-HTTPAPI/2.0
      strict-transport-security:
      - max-age=31536000; includeSubDomains
      transfer-encoding:
      - chunked
      vary:
      - Accept-Encoding
      x-content-type-options:
      - nosniff
    status:
      code: 200
      message: OK
- request:
    body: null
    headers:
      Accept:
      - application/json
      Accept-Encoding:
      - gzip, deflate
      CommandName:
      - eventhubs namespace create
      Connection:
      - keep-alive
      ParameterSetName:
      - -g -n
      User-Agent:
      - AZURECLI/2.39.0 azsdk-python-azure-mgmt-resource/21.1.0b1 Python/3.7.0 (Windows-10-10.0.17763-SP0)
    method: GET
    uri: https://management.azure.com/subscriptions/00000000-0000-0000-0000-000000000000/resourcegroups/clitest.rg000001?api-version=2021-04-01
  response:
    body:
      string: '{"id":"/subscriptions/00000000-0000-0000-0000-000000000000/resourceGroups/clitest.rg000001","name":"clitest.rg000001","type":"Microsoft.Resources/resourceGroups","location":"westeurope","tags":{"product":"azurecli","cause":"automation","date":"2022-09-14T05:12:42Z"},"properties":{"provisioningState":"Succeeded"}}'
    headers:
      cache-control:
      - no-cache
      content-length:
      - '314'
      content-type:
      - application/json; charset=utf-8
      date:
      - Wed, 14 Sep 2022 05:21:14 GMT
      expires:
      - '-1'
      pragma:
      - no-cache
      strict-transport-security:
      - max-age=31536000; includeSubDomains
      vary:
      - Accept-Encoding
      x-content-type-options:
      - nosniff
    status:
      code: 200
      message: OK
- request:
    body: '{"location": "westeurope", "sku": {"name": "Standard", "tier": "Standard"},
      "properties": {"publicNetworkAccess": "Enabled"}}'
    headers:
      Accept:
      - application/json
      Accept-Encoding:
      - gzip, deflate
      CommandName:
      - eventhubs namespace create
      Connection:
      - keep-alive
      Content-Length:
      - '125'
      Content-Type:
      - application/json
      ParameterSetName:
      - -g -n
      User-Agent:
      - AZURECLI/2.39.0 azsdk-python-azure-mgmt-eventhub/10.1.0 Python/3.7.0 (Windows-10-10.0.17763-SP0)
    method: PUT
    uri: https://management.azure.com/subscriptions/00000000-0000-0000-0000-000000000000/resourceGroups/clitest.rg000001/providers/Microsoft.EventHub/namespaces/cliehnamespacedb01?api-version=2022-01-01-preview
  response:
    body:
      string: '{"sku":{"name":"Standard","tier":"Standard","capacity":1},"id":"/subscriptions/00000000-0000-0000-0000-000000000000/resourceGroups/clitest.rg000001/providers/Microsoft.EventHub/namespaces/cliehnamespacedb01","name":"cliehnamespacedb01","type":"Microsoft.EventHub/Namespaces","location":"West
        Europe","tags":{},"properties":{"minimumTlsVersion":"1.2","publicNetworkAccess":"Enabled","disableLocalAuth":false,"zoneRedundant":false,"isAutoInflateEnabled":false,"maximumThroughputUnits":0,"kafkaEnabled":true,"provisioningState":"Created","metricId":"8313371e-0879-428e-b1da-6353575a9192:cliehnamespacedb01","createdAt":"2022-09-14T05:21:19.323Z","updatedAt":"2022-09-14T05:21:19.323Z","serviceBusEndpoint":"https://cliehnamespacedb01.servicebus.windows.net:443/","status":"Activating"}}'
    headers:
      cache-control:
      - no-cache
      content-length:
      - '783'
      content-type:
      - application/json; charset=utf-8
      date:
      - Wed, 14 Sep 2022 05:21:20 GMT
      expires:
      - '-1'
      pragma:
      - no-cache
      server:
      - Service-Bus-Resource-Provider/SN1
      - Microsoft-HTTPAPI/2.0
      server-sb:
      - Service-Bus-Resource-Provider/SN1
      strict-transport-security:
      - max-age=31536000; includeSubDomains
      transfer-encoding:
      - chunked
      vary:
      - Accept-Encoding
      x-content-type-options:
      - nosniff
      x-ms-ratelimit-remaining-subscription-resource-requests:
      - '49'
    status:
      code: 200
      message: OK
- request:
    body: null
    headers:
      Accept:
      - '*/*'
      Accept-Encoding:
      - gzip, deflate
      CommandName:
      - eventhubs namespace create
      Connection:
      - keep-alive
      ParameterSetName:
      - -g -n
      User-Agent:
      - AZURECLI/2.39.0 azsdk-python-azure-mgmt-eventhub/10.1.0 Python/3.7.0 (Windows-10-10.0.17763-SP0)
    method: GET
    uri: https://management.azure.com/subscriptions/00000000-0000-0000-0000-000000000000/resourceGroups/clitest.rg000001/providers/Microsoft.EventHub/namespaces/cliehnamespacedb01?api-version=2022-01-01-preview
  response:
    body:
      string: '{"sku":{"name":"Standard","tier":"Standard","capacity":1},"id":"/subscriptions/00000000-0000-0000-0000-000000000000/resourceGroups/clitest.rg000001/providers/Microsoft.EventHub/namespaces/cliehnamespacedb01","name":"cliehnamespacedb01","type":"Microsoft.EventHub/Namespaces","location":"West
        Europe","tags":{},"properties":{"minimumTlsVersion":"1.2","publicNetworkAccess":"Enabled","disableLocalAuth":false,"zoneRedundant":false,"isAutoInflateEnabled":false,"maximumThroughputUnits":0,"kafkaEnabled":true,"provisioningState":"Created","metricId":"8313371e-0879-428e-b1da-6353575a9192:cliehnamespacedb01","createdAt":"2022-09-14T05:21:19.323Z","updatedAt":"2022-09-14T05:21:19.323Z","serviceBusEndpoint":"https://cliehnamespacedb01.servicebus.windows.net:443/","status":"Activating"}}'
    headers:
      cache-control:
      - no-cache
      content-length:
      - '783'
      content-type:
      - application/json; charset=utf-8
      date:
      - Wed, 14 Sep 2022 05:21:51 GMT
      expires:
      - '-1'
      pragma:
      - no-cache
      server:
      - Service-Bus-Resource-Provider/SN1
      - Microsoft-HTTPAPI/2.0
      server-sb:
      - Service-Bus-Resource-Provider/SN1
      strict-transport-security:
      - max-age=31536000; includeSubDomains
      transfer-encoding:
      - chunked
      vary:
      - Accept-Encoding
      x-content-type-options:
      - nosniff
    status:
      code: 200
      message: OK
- request:
    body: null
    headers:
      Accept:
      - '*/*'
      Accept-Encoding:
      - gzip, deflate
      CommandName:
      - eventhubs namespace create
      Connection:
      - keep-alive
      ParameterSetName:
      - -g -n
      User-Agent:
      - AZURECLI/2.39.0 azsdk-python-azure-mgmt-eventhub/10.1.0 Python/3.7.0 (Windows-10-10.0.17763-SP0)
    method: GET
    uri: https://management.azure.com/subscriptions/00000000-0000-0000-0000-000000000000/resourceGroups/clitest.rg000001/providers/Microsoft.EventHub/namespaces/cliehnamespacedb01?api-version=2022-01-01-preview
  response:
    body:
      string: '{"sku":{"name":"Standard","tier":"Standard","capacity":1},"id":"/subscriptions/00000000-0000-0000-0000-000000000000/resourceGroups/clitest.rg000001/providers/Microsoft.EventHub/namespaces/cliehnamespacedb01","name":"cliehnamespacedb01","type":"Microsoft.EventHub/Namespaces","location":"West
        Europe","tags":{},"properties":{"minimumTlsVersion":"1.2","publicNetworkAccess":"Enabled","disableLocalAuth":false,"zoneRedundant":false,"isAutoInflateEnabled":false,"maximumThroughputUnits":0,"kafkaEnabled":true,"provisioningState":"Succeeded","metricId":"8313371e-0879-428e-b1da-6353575a9192:cliehnamespacedb01","createdAt":"2022-09-14T05:21:19.323Z","updatedAt":"2022-09-14T05:22:09.6Z","serviceBusEndpoint":"https://cliehnamespacedb01.servicebus.windows.net:443/","status":"Active"}}'
    headers:
      cache-control:
      - no-cache
      content-length:
      - '779'
      content-type:
      - application/json; charset=utf-8
      date:
      - Wed, 14 Sep 2022 05:22:22 GMT
      expires:
      - '-1'
      pragma:
      - no-cache
      server:
      - Service-Bus-Resource-Provider/SN1
      - Microsoft-HTTPAPI/2.0
      server-sb:
      - Service-Bus-Resource-Provider/SN1
      strict-transport-security:
      - max-age=31536000; includeSubDomains
      transfer-encoding:
      - chunked
      vary:
      - Accept-Encoding
      x-content-type-options:
      - nosniff
    status:
      code: 200
      message: OK
- request:
    body: null
    headers:
      Accept:
      - application/json
      Accept-Encoding:
      - gzip, deflate
      CommandName:
      - eventhubs namespace create
      Connection:
      - keep-alive
      ParameterSetName:
      - -g -n
      User-Agent:
      - AZURECLI/2.39.0 azsdk-python-azure-mgmt-eventhub/10.1.0 Python/3.7.0 (Windows-10-10.0.17763-SP0)
    method: GET
    uri: https://management.azure.com/subscriptions/00000000-0000-0000-0000-000000000000/resourceGroups/clitest.rg000001/providers/Microsoft.EventHub/namespaces/cliehnamespacedb01?api-version=2022-01-01-preview
  response:
    body:
      string: '{"sku":{"name":"Standard","tier":"Standard","capacity":1},"id":"/subscriptions/00000000-0000-0000-0000-000000000000/resourceGroups/clitest.rg000001/providers/Microsoft.EventHub/namespaces/cliehnamespacedb01","name":"cliehnamespacedb01","type":"Microsoft.EventHub/Namespaces","location":"West
        Europe","tags":{},"properties":{"minimumTlsVersion":"1.2","publicNetworkAccess":"Enabled","disableLocalAuth":false,"zoneRedundant":false,"isAutoInflateEnabled":false,"maximumThroughputUnits":0,"kafkaEnabled":true,"provisioningState":"Succeeded","metricId":"8313371e-0879-428e-b1da-6353575a9192:cliehnamespacedb01","createdAt":"2022-09-14T05:21:19.323Z","updatedAt":"2022-09-14T05:22:09.6Z","serviceBusEndpoint":"https://cliehnamespacedb01.servicebus.windows.net:443/","status":"Active"}}'
    headers:
      cache-control:
      - no-cache
      content-length:
      - '779'
      content-type:
      - application/json; charset=utf-8
      date:
      - Wed, 14 Sep 2022 05:22:22 GMT
      expires:
      - '-1'
      pragma:
      - no-cache
      server:
      - Service-Bus-Resource-Provider/SN1
      - Microsoft-HTTPAPI/2.0
      server-sb:
      - Service-Bus-Resource-Provider/SN1
      strict-transport-security:
      - max-age=31536000; includeSubDomains
      transfer-encoding:
      - chunked
      vary:
      - Accept-Encoding
      x-content-type-options:
      - nosniff
    status:
      code: 200
      message: OK
- request:
    body: '{}'
    headers:
      Accept:
      - application/json
      Accept-Encoding:
      - gzip, deflate
      CommandName:
      - eventhubs eventhub create
      Connection:
      - keep-alive
      Content-Length:
      - '2'
      Content-Type:
      - application/json
      ParameterSetName:
      - -g -n --namespace-name
      User-Agent:
      - AZURECLI/2.39.0 azsdk-python-azure-mgmt-eventhub/10.1.0 Python/3.7.0 (Windows-10-10.0.17763-SP0)
    method: PUT
    uri: https://management.azure.com/subscriptions/00000000-0000-0000-0000-000000000000/resourceGroups/clitest.rg000001/providers/Microsoft.EventHub/namespaces/cliehnamespacedb01/eventhubs/cliehsrv01?api-version=2022-01-01-preview
  response:
    body:
      string: '{"id":"/subscriptions/00000000-0000-0000-0000-000000000000/resourceGroups/clitest.rg000001/providers/Microsoft.EventHub/namespaces/cliehnamespacedb01/eventhubs/cliehsrv01","name":"cliehsrv01","type":"Microsoft.EventHub/Namespaces/EventHubs","location":"westeurope","properties":{"messageRetentionInDays":7,"partitionCount":4,"status":"Active","createdAt":"2022-09-14T05:22:26.603Z","updatedAt":"2022-09-14T05:22:26.853Z","partitionIds":["0","1","2","3"]}}'
    headers:
      cache-control:
      - no-cache
      content-length:
      - '455'
      content-type:
      - application/json; charset=utf-8
      date:
      - Wed, 14 Sep 2022 05:22:27 GMT
      expires:
      - '-1'
      pragma:
      - no-cache
      server:
      - Microsoft-HTTPAPI/2.0
      strict-transport-security:
      - max-age=31536000; includeSubDomains
      transfer-encoding:
      - chunked
      vary:
      - Accept-Encoding
      x-content-type-options:
      - nosniff
      x-ms-ratelimit-remaining-subscription-writes:
      - '1190'
    status:
      code: 200
      message: OK
- request:
    body: '{"properties": {"rights": ["Send", "Manage", "Listen"]}}'
    headers:
      Accept:
      - application/json
      Accept-Encoding:
      - gzip, deflate
      CommandName:
      - eventhubs namespace authorization-rule create
      Connection:
      - keep-alive
      Content-Length:
      - '56'
      Content-Type:
      - application/json
      ParameterSetName:
      - -g -n --namespace-name --rights
      User-Agent:
      - AZURECLI/2.39.0 azsdk-python-azure-mgmt-eventhub/10.1.0 Python/3.7.0 (Windows-10-10.0.17763-SP0)
    method: PUT
    uri: https://management.azure.com/subscriptions/00000000-0000-0000-0000-000000000000/resourceGroups/clitest.rg000001/providers/Microsoft.EventHub/namespaces/cliehnamespacedb01/authorizationRules/cliehauthruledb01?api-version=2022-01-01-preview
  response:
    body:
      string: '{"id":"/subscriptions/00000000-0000-0000-0000-000000000000/resourceGroups/clitest.rg000001/providers/Microsoft.EventHub/namespaces/cliehnamespacedb01/authorizationRules/cliehauthruledb01","name":"cliehauthruledb01","type":"Microsoft.EventHub/Namespaces/AuthorizationRules","location":"West
        Europe","properties":{"rights":["Send","Manage","Listen"]}}'
    headers:
      cache-control:
      - no-cache
      content-length:
      - '349'
      content-type:
      - application/json; charset=utf-8
      date:
      - Wed, 14 Sep 2022 05:22:34 GMT
      expires:
      - '-1'
      pragma:
      - no-cache
      server:
      - Service-Bus-Resource-Provider/SN1
      - Microsoft-HTTPAPI/2.0
      server-sb:
      - Service-Bus-Resource-Provider/SN1
      strict-transport-security:
      - max-age=31536000; includeSubDomains
      transfer-encoding:
      - chunked
      vary:
      - Accept-Encoding
      x-content-type-options:
      - nosniff
      x-ms-ratelimit-remaining-subscription-writes:
      - '1189'
    status:
      code: 200
      message: OK
- request:
    body: null
    headers:
      Accept:
      - application/json
      Accept-Encoding:
      - gzip, deflate
      CommandName:
      - sql server audit-policy update
      Connection:
      - keep-alive
      ParameterSetName:
      - -g -n --state --event-hub-target-state --event-hub-authorization-rule-id --event-hub
      User-Agent:
      - AZURECLI/2.39.0 azsdk-python-mgmt-sql/4.0.0b3 Python/3.7.0 (Windows-10-10.0.17763-SP0)
    method: GET
    uri: https://management.azure.com/subscriptions/00000000-0000-0000-0000-000000000000/resourceGroups/clitest.rg000001/providers/Microsoft.Sql/servers/clitestserver000003/auditingSettings/default?api-version=2021-11-01-preview
  response:
    body:
      string: '{"properties":{"retentionDays":30,"auditActionsAndGroups":["DATABASE_LOGOUT_GROUP","DATABASE_ROLE_MEMBER_CHANGE_GROUP"],"isStorageSecondaryKeyInUse":false,"isAzureMonitorTargetEnabled":false,"isManagedIdentityInUse":false,"state":"Enabled","storageEndpoint":"https://clitest000005.blob.core.windows.net/","storageAccountSubscriptionId":"00000000-0000-0000-0000-000000000000"},"id":"/subscriptions/00000000-0000-0000-0000-000000000000/resourceGroups/clitest.rg000001/providers/Microsoft.Sql/servers/clitestserver000003/auditingSettings/Default","name":"Default","type":"Microsoft.Sql/servers/auditingSettings"}'
    headers:
      cache-control:
      - no-cache
      content-length:
      - '609'
      content-type:
      - application/json; charset=utf-8
      date:
      - Wed, 14 Sep 2022 05:22:35 GMT
      expires:
      - '-1'
      pragma:
      - no-cache
      server:
      - Microsoft-HTTPAPI/2.0
      strict-transport-security:
      - max-age=31536000; includeSubDomains
      transfer-encoding:
      - chunked
      vary:
      - Accept-Encoding
      x-content-type-options:
      - nosniff
    status:
      code: 200
      message: OK
- request:
    body: null
    headers:
      Accept:
      - application/json
      Accept-Encoding:
      - gzip, deflate
      CommandName:
      - sql server audit-policy update
      Connection:
      - keep-alive
      ParameterSetName:
      - -g -n --state --event-hub-target-state --event-hub-authorization-rule-id --event-hub
      User-Agent:
      - AZURECLI/2.39.0 azsdk-python-azure-mgmt-monitor/4.0.1 Python/3.7.0 (Windows-10-10.0.17763-SP0)
    method: GET
    uri: https://management.azure.com/subscriptions/00000000-0000-0000-0000-000000000000/resourceGroups/clitest.rg000001/providers/Microsoft.Sql/servers/clitestserver000003/databases/master/providers/Microsoft.Insights/diagnosticSettings?api-version=2017-05-01-preview
  response:
    body:
      string: '{"value":[]}'
    headers:
      cache-control:
      - no-cache
      content-length:
      - '12'
      content-type:
      - application/json; charset=utf-8
      date:
      - Wed, 14 Sep 2022 05:22:37 GMT
      expires:
      - '-1'
      pragma:
      - no-cache
      server:
      - Microsoft-IIS/10.0
      strict-transport-security:
      - max-age=31536000; includeSubDomains
      transfer-encoding:
      - chunked
      vary:
      - Accept-Encoding
      x-content-type-options:
      - nosniff
    status:
      code: 200
      message: OK
- request:
    body: '{"properties": {"eventHubAuthorizationRuleId": "/subscriptions/00000000-0000-0000-0000-000000000000/resourceGroups/clitest.rg000001/providers/Microsoft.EventHub/namespaces/cliehnamespacedb01/authorizationRules/cliehauthruledb01",
      "eventHubName": "cliehsrv01", "logs": [{"category": "SQLSecurityAuditEvents",
      "enabled": true, "retentionPolicy": {"enabled": false, "days": 0}}]}}'
    headers:
      Accept:
      - application/json
      Accept-Encoding:
      - gzip, deflate
      CommandName:
      - sql server audit-policy update
      Connection:
      - keep-alive
      Content-Length:
      - '377'
      Content-Type:
      - application/json
      ParameterSetName:
      - -g -n --state --event-hub-target-state --event-hub-authorization-rule-id --event-hub
      User-Agent:
      - AZURECLI/2.39.0 azsdk-python-azure-mgmt-monitor/4.0.1 Python/3.7.0 (Windows-10-10.0.17763-SP0)
    method: PUT
    uri: https://management.azure.com/subscriptions/00000000-0000-0000-0000-000000000000/resourceGroups/clitest.rg000001/providers/Microsoft.Sql/servers/clitestserver000003/databases/master/providers/Microsoft.Insights/diagnosticSettings/SQLSecurityAuditEvents_EventHub?api-version=2017-05-01-preview
  response:
    body:
      string: '{"id":"/subscriptions/00000000-0000-0000-0000-000000000000/resourcegroups/clitest.rg000001/providers/microsoft.sql/servers/clitestserver000003/databases/master/providers/microsoft.insights/diagnosticSettings/SQLSecurityAuditEvents_EventHub","type":"Microsoft.Insights/diagnosticSettings","name":"SQLSecurityAuditEvents_EventHub","location":null,"kind":null,"tags":null,"properties":{"storageAccountId":null,"serviceBusRuleId":null,"workspaceId":null,"eventHubAuthorizationRuleId":"/subscriptions/00000000-0000-0000-0000-000000000000/resourceGroups/clitest.rg000001/providers/Microsoft.EventHub/namespaces/cliehnamespacedb01/authorizationRules/cliehauthruledb01","eventHubName":"cliehsrv01","metrics":[],"logs":[{"category":"SQLSecurityAuditEvents","categoryGroup":null,"enabled":true,"retentionPolicy":{"enabled":false,"days":0}}],"logAnalyticsDestinationType":null},"identity":null}'
    headers:
      cache-control:
      - no-cache
      content-length:
      - '883'
      content-type:
      - application/json; charset=utf-8
      date:
      - Wed, 14 Sep 2022 05:22:49 GMT
      expires:
      - '-1'
      pragma:
      - no-cache
      server:
      - Microsoft-IIS/10.0
      strict-transport-security:
      - max-age=31536000; includeSubDomains
      transfer-encoding:
      - chunked
      vary:
      - Accept-Encoding
      x-content-type-options:
      - nosniff
      x-ms-ratelimit-remaining-subscription-resource-requests:
      - '149'
    status:
      code: 200
      message: OK
- request:
    body: null
    headers:
      Accept:
      - application/json
      Accept-Encoding:
      - gzip, deflate
      CommandName:
      - sql server audit-policy update
      Connection:
      - keep-alive
      ParameterSetName:
      - -g -n --state --event-hub-target-state --event-hub-authorization-rule-id --event-hub
      User-Agent:
      - AZURECLI/2.39.0 azsdk-python-azure-mgmt-resource/21.1.0b1 Python/3.7.0 (Windows-10-10.0.17763-SP0)
    method: GET
    uri: https://management.azure.com/subscriptions/00000000-0000-0000-0000-000000000000/resources?$filter=name%20eq%20%27clitest000005%27%20and%20%28resourceType%20eq%20%27Microsoft.Storage%2FstorageAccounts%27%20or%20resourceType%20eq%20%27Microsoft.ClassicStorage%2FstorageAccounts%27%29&api-version=2021-04-01
  response:
    body:
      string: '{"value":[{"id":"/subscriptions/00000000-0000-0000-0000-000000000000/resourceGroups/clitest.rg000002/providers/Microsoft.Storage/storageAccounts/clitest000005","name":"clitest000005","type":"Microsoft.Storage/storageAccounts","sku":{"name":"Standard_LRS","tier":"Standard"},"kind":"Storage","location":"westus","tags":{}}]}'
    headers:
      cache-control:
      - no-cache
      content-length:
      - '323'
      content-type:
      - application/json; charset=utf-8
      date:
      - Wed, 14 Sep 2022 05:22:49 GMT
      expires:
      - '-1'
      pragma:
      - no-cache
      strict-transport-security:
      - max-age=31536000; includeSubDomains
      vary:
      - Accept-Encoding
      x-content-type-options:
      - nosniff
    status:
      code: 200
      message: OK
- request:
    body: null
    headers:
      Accept:
      - application/json
      Accept-Encoding:
      - gzip, deflate
      CommandName:
      - sql server audit-policy update
      Connection:
      - keep-alive
      Content-Length:
      - '0'
      ParameterSetName:
      - -g -n --state --event-hub-target-state --event-hub-authorization-rule-id --event-hub
      User-Agent:
      - AZURECLI/2.39.0 azsdk-python-azure-mgmt-storage/20.1.0 Python/3.7.0 (Windows-10-10.0.17763-SP0)
    method: POST
    uri: https://management.azure.com/subscriptions/00000000-0000-0000-0000-000000000000/resourceGroups/clitest.rg000002/providers/Microsoft.Storage/storageAccounts/clitest000005/listKeys?api-version=2022-05-01&$expand=kerb
  response:
    body:
      string: '{"keys":[{"creationTime":"2022-09-14T05:14:31.5601972Z","keyName":"key1","value":"veryFakedStorageAccountKey==","permissions":"FULL"},{"creationTime":"2022-09-14T05:14:31.5601972Z","keyName":"key2","value":"veryFakedStorageAccountKey==","permissions":"FULL"}]}'
    headers:
      cache-control:
      - no-cache
      content-length:
      - '260'
      content-type:
      - application/json
      date:
      - Wed, 14 Sep 2022 05:22:51 GMT
      expires:
      - '-1'
      pragma:
      - no-cache
      server:
      - Microsoft-Azure-Storage-Resource-Provider/1.0,Microsoft-HTTPAPI/2.0 Microsoft-HTTPAPI/2.0
      strict-transport-security:
      - max-age=31536000; includeSubDomains
      transfer-encoding:
      - chunked
      vary:
      - Accept-Encoding
      x-content-type-options:
      - nosniff
      x-ms-ratelimit-remaining-subscription-resource-requests:
      - '11999'
    status:
      code: 200
      message: OK
- request:
    body: '{"properties": {"retentionDays": 30, "auditActionsAndGroups": ["DATABASE_LOGOUT_GROUP",
      "DATABASE_ROLE_MEMBER_CHANGE_GROUP"], "isStorageSecondaryKeyInUse": false, "isAzureMonitorTargetEnabled":
      true, "isManagedIdentityInUse": false, "state": "Enabled", "storageEndpoint":
      "https://clitest000005.blob.core.windows.net/", "storageAccountAccessKey": "veryFakedStorageAccountKey==",
      "storageAccountSubscriptionId": "00000000-0000-0000-0000-000000000000"}}'
    headers:
      Accept:
      - application/json
      Accept-Encoding:
      - gzip, deflate
      CommandName:
      - sql server audit-policy update
      Connection:
      - keep-alive
      Content-Length:
      - '451'
      Content-Type:
      - application/json
      ParameterSetName:
      - -g -n --state --event-hub-target-state --event-hub-authorization-rule-id --event-hub
      User-Agent:
      - AZURECLI/2.39.0 azsdk-python-mgmt-sql/4.0.0b3 Python/3.7.0 (Windows-10-10.0.17763-SP0)
    method: PUT
    uri: https://management.azure.com/subscriptions/00000000-0000-0000-0000-000000000000/resourceGroups/clitest.rg000001/providers/Microsoft.Sql/servers/clitestserver000003/auditingSettings/default?api-version=2021-11-01-preview
  response:
    body:
      string: '{"operation":"UpsertServerEngineAuditingPolicy","startTime":"2022-09-14T05:22:52.053Z"}'
    headers:
      azure-asyncoperation:
      - https://management.azure.com/subscriptions/00000000-0000-0000-0000-000000000000/providers/Microsoft.Sql/locations/westeurope/auditingSettingsAzureAsyncOperation/c67bf918-dfcd-4a35-a8bf-441ecd3e3b24?api-version=2021-11-01-preview
      cache-control:
      - no-cache
      content-length:
      - '87'
      content-type:
      - application/json; charset=utf-8
      date:
      - Wed, 14 Sep 2022 05:22:52 GMT
      expires:
      - '-1'
      location:
      - https://management.azure.com/subscriptions/00000000-0000-0000-0000-000000000000/providers/Microsoft.Sql/locations/westeurope/auditingSettingsOperationResults/c67bf918-dfcd-4a35-a8bf-441ecd3e3b24?api-version=2021-11-01-preview
      pragma:
      - no-cache
      server:
      - Microsoft-HTTPAPI/2.0
      strict-transport-security:
      - max-age=31536000; includeSubDomains
      x-content-type-options:
      - nosniff
      x-ms-ratelimit-remaining-subscription-writes:
      - '1194'
    status:
      code: 202
      message: Accepted
- request:
    body: null
    headers:
      Accept:
      - '*/*'
      Accept-Encoding:
      - gzip, deflate
      CommandName:
      - sql server audit-policy update
      Connection:
      - keep-alive
      ParameterSetName:
      - -g -n --state --event-hub-target-state --event-hub-authorization-rule-id --event-hub
      User-Agent:
      - AZURECLI/2.39.0 azsdk-python-mgmt-sql/4.0.0b3 Python/3.7.0 (Windows-10-10.0.17763-SP0)
    method: GET
    uri: https://management.azure.com/subscriptions/00000000-0000-0000-0000-000000000000/providers/Microsoft.Sql/locations/westeurope/auditingSettingsAzureAsyncOperation/c67bf918-dfcd-4a35-a8bf-441ecd3e3b24?api-version=2021-11-01-preview
  response:
    body:
      string: '{"name":"c67bf918-dfcd-4a35-a8bf-441ecd3e3b24","status":"Succeeded","startTime":"2022-09-14T05:22:52.053Z"}'
    headers:
      cache-control:
      - no-cache
      content-length:
      - '107'
      content-type:
      - application/json; charset=utf-8
      date:
      - Wed, 14 Sep 2022 05:23:51 GMT
      expires:
      - '-1'
      pragma:
      - no-cache
      server:
      - Microsoft-HTTPAPI/2.0
      strict-transport-security:
      - max-age=31536000; includeSubDomains
      transfer-encoding:
      - chunked
      vary:
      - Accept-Encoding
      x-content-type-options:
      - nosniff
    status:
      code: 200
      message: OK
- request:
    body: null
    headers:
      Accept:
      - '*/*'
      Accept-Encoding:
      - gzip, deflate
      CommandName:
      - sql server audit-policy update
      Connection:
      - keep-alive
      ParameterSetName:
      - -g -n --state --event-hub-target-state --event-hub-authorization-rule-id --event-hub
      User-Agent:
      - AZURECLI/2.39.0 azsdk-python-mgmt-sql/4.0.0b3 Python/3.7.0 (Windows-10-10.0.17763-SP0)
    method: GET
    uri: https://management.azure.com/subscriptions/00000000-0000-0000-0000-000000000000/resourceGroups/clitest.rg000001/providers/Microsoft.Sql/servers/clitestserver000003/auditingSettings/default?api-version=2021-11-01-preview
  response:
    body:
      string: '{"properties":{"retentionDays":30,"auditActionsAndGroups":["DATABASE_LOGOUT_GROUP","DATABASE_ROLE_MEMBER_CHANGE_GROUP"],"isStorageSecondaryKeyInUse":false,"isAzureMonitorTargetEnabled":true,"isManagedIdentityInUse":false,"state":"Enabled","storageEndpoint":"https://clitest000005.blob.core.windows.net/","storageAccountSubscriptionId":"00000000-0000-0000-0000-000000000000"},"id":"/subscriptions/00000000-0000-0000-0000-000000000000/resourceGroups/clitest.rg000001/providers/Microsoft.Sql/servers/clitestserver000003/auditingSettings/Default","name":"Default","type":"Microsoft.Sql/servers/auditingSettings"}'
    headers:
      cache-control:
      - no-cache
      content-length:
      - '608'
      content-type:
      - application/json; charset=utf-8
      date:
      - Wed, 14 Sep 2022 05:23:52 GMT
      expires:
      - '-1'
      pragma:
      - no-cache
      server:
      - Microsoft-HTTPAPI/2.0
      strict-transport-security:
      - max-age=31536000; includeSubDomains
      transfer-encoding:
      - chunked
      vary:
      - Accept-Encoding
      x-content-type-options:
      - nosniff
    status:
      code: 200
      message: OK
- request:
    body: null
    headers:
      Accept:
      - application/json
      Accept-Encoding:
      - gzip, deflate
      CommandName:
      - sql server audit-policy show
      Connection:
      - keep-alive
      ParameterSetName:
      - -g -n
      User-Agent:
      - AZURECLI/2.39.0 azsdk-python-mgmt-sql/4.0.0b3 Python/3.7.0 (Windows-10-10.0.17763-SP0)
    method: GET
    uri: https://management.azure.com/subscriptions/00000000-0000-0000-0000-000000000000/resourceGroups/clitest.rg000001/providers/Microsoft.Sql/servers/clitestserver000003/auditingSettings/default?api-version=2021-11-01-preview
  response:
    body:
      string: '{"properties":{"retentionDays":30,"auditActionsAndGroups":["DATABASE_LOGOUT_GROUP","DATABASE_ROLE_MEMBER_CHANGE_GROUP"],"isStorageSecondaryKeyInUse":false,"isAzureMonitorTargetEnabled":true,"isManagedIdentityInUse":false,"state":"Enabled","storageEndpoint":"https://clitest000005.blob.core.windows.net/","storageAccountSubscriptionId":"00000000-0000-0000-0000-000000000000"},"id":"/subscriptions/00000000-0000-0000-0000-000000000000/resourceGroups/clitest.rg000001/providers/Microsoft.Sql/servers/clitestserver000003/auditingSettings/Default","name":"Default","type":"Microsoft.Sql/servers/auditingSettings"}'
    headers:
      cache-control:
      - no-cache
      content-length:
      - '608'
      content-type:
      - application/json; charset=utf-8
      date:
      - Wed, 14 Sep 2022 05:23:53 GMT
      expires:
      - '-1'
      pragma:
      - no-cache
      server:
      - Microsoft-HTTPAPI/2.0
      strict-transport-security:
      - max-age=31536000; includeSubDomains
      transfer-encoding:
      - chunked
      vary:
      - Accept-Encoding
      x-content-type-options:
      - nosniff
    status:
      code: 200
      message: OK
- request:
    body: null
    headers:
      Accept:
      - application/json
      Accept-Encoding:
      - gzip, deflate
      CommandName:
      - sql server audit-policy show
      Connection:
      - keep-alive
      ParameterSetName:
      - -g -n
      User-Agent:
      - AZURECLI/2.39.0 azsdk-python-azure-mgmt-monitor/4.0.1 Python/3.7.0 (Windows-10-10.0.17763-SP0)
    method: GET
    uri: https://management.azure.com/subscriptions/00000000-0000-0000-0000-000000000000/resourceGroups/clitest.rg000001/providers/Microsoft.Sql/servers/clitestserver000003/databases/master/providers/Microsoft.Insights/diagnosticSettings?api-version=2017-05-01-preview
  response:
    body:
      string: '{"value":[{"id":"/subscriptions/00000000-0000-0000-0000-000000000000/resourcegroups/clitest.rg000001/providers/microsoft.sql/servers/clitestserver000003/databases/master/providers/microsoft.insights/diagnosticSettings/SQLSecurityAuditEvents_EventHub","type":"Microsoft.Insights/diagnosticSettings","name":"SQLSecurityAuditEvents_EventHub","location":null,"kind":null,"tags":null,"properties":{"storageAccountId":null,"serviceBusRuleId":null,"workspaceId":null,"eventHubAuthorizationRuleId":"/subscriptions/00000000-0000-0000-0000-000000000000/resourceGroups/clitest.rg000001/providers/Microsoft.EventHub/namespaces/cliehnamespacedb01/authorizationRules/cliehauthruledb01","eventHubName":"cliehsrv01","metrics":[],"logs":[{"category":"SQLSecurityAuditEvents","categoryGroup":null,"enabled":true,"retentionPolicy":{"enabled":false,"days":0}}],"logAnalyticsDestinationType":null},"identity":null}]}'
    headers:
      cache-control:
      - no-cache
      content-length:
      - '895'
      content-type:
      - application/json; charset=utf-8
      date:
      - Wed, 14 Sep 2022 05:23:55 GMT
      expires:
      - '-1'
      pragma:
      - no-cache
      server:
      - Microsoft-IIS/10.0
      strict-transport-security:
      - max-age=31536000; includeSubDomains
      transfer-encoding:
      - chunked
      vary:
      - Accept-Encoding
      x-content-type-options:
      - nosniff
    status:
      code: 200
      message: OK
- request:
    body: null
    headers:
      Accept:
      - application/json
      Accept-Encoding:
      - gzip, deflate
      CommandName:
      - sql server audit-policy update
      Connection:
      - keep-alive
      ParameterSetName:
      - -g -n --state --event-hub-target-state
      User-Agent:
      - AZURECLI/2.39.0 azsdk-python-mgmt-sql/4.0.0b3 Python/3.7.0 (Windows-10-10.0.17763-SP0)
    method: GET
    uri: https://management.azure.com/subscriptions/00000000-0000-0000-0000-000000000000/resourceGroups/clitest.rg000001/providers/Microsoft.Sql/servers/clitestserver000003/auditingSettings/default?api-version=2021-11-01-preview
  response:
    body:
      string: '{"properties":{"retentionDays":30,"auditActionsAndGroups":["DATABASE_LOGOUT_GROUP","DATABASE_ROLE_MEMBER_CHANGE_GROUP"],"isStorageSecondaryKeyInUse":false,"isAzureMonitorTargetEnabled":true,"isManagedIdentityInUse":false,"state":"Enabled","storageEndpoint":"https://clitest000005.blob.core.windows.net/","storageAccountSubscriptionId":"00000000-0000-0000-0000-000000000000"},"id":"/subscriptions/00000000-0000-0000-0000-000000000000/resourceGroups/clitest.rg000001/providers/Microsoft.Sql/servers/clitestserver000003/auditingSettings/Default","name":"Default","type":"Microsoft.Sql/servers/auditingSettings"}'
    headers:
      cache-control:
      - no-cache
      content-length:
      - '608'
      content-type:
      - application/json; charset=utf-8
      date:
      - Wed, 14 Sep 2022 05:23:55 GMT
      expires:
      - '-1'
      pragma:
      - no-cache
      server:
      - Microsoft-HTTPAPI/2.0
      strict-transport-security:
      - max-age=31536000; includeSubDomains
      transfer-encoding:
      - chunked
      vary:
      - Accept-Encoding
      x-content-type-options:
      - nosniff
    status:
      code: 200
      message: OK
- request:
    body: null
    headers:
      Accept:
      - application/json
      Accept-Encoding:
      - gzip, deflate
      CommandName:
      - sql server audit-policy update
      Connection:
      - keep-alive
      ParameterSetName:
      - -g -n --state --event-hub-target-state
      User-Agent:
      - AZURECLI/2.39.0 azsdk-python-azure-mgmt-monitor/4.0.1 Python/3.7.0 (Windows-10-10.0.17763-SP0)
    method: GET
    uri: https://management.azure.com/subscriptions/00000000-0000-0000-0000-000000000000/resourceGroups/clitest.rg000001/providers/Microsoft.Sql/servers/clitestserver000003/databases/master/providers/Microsoft.Insights/diagnosticSettings?api-version=2017-05-01-preview
  response:
    body:
      string: '{"value":[{"id":"/subscriptions/00000000-0000-0000-0000-000000000000/resourcegroups/clitest.rg000001/providers/microsoft.sql/servers/clitestserver000003/databases/master/providers/microsoft.insights/diagnosticSettings/SQLSecurityAuditEvents_EventHub","type":"Microsoft.Insights/diagnosticSettings","name":"SQLSecurityAuditEvents_EventHub","location":null,"kind":null,"tags":null,"properties":{"storageAccountId":null,"serviceBusRuleId":null,"workspaceId":null,"eventHubAuthorizationRuleId":"/subscriptions/00000000-0000-0000-0000-000000000000/resourceGroups/clitest.rg000001/providers/Microsoft.EventHub/namespaces/cliehnamespacedb01/authorizationRules/cliehauthruledb01","eventHubName":"cliehsrv01","metrics":[],"logs":[{"category":"SQLSecurityAuditEvents","categoryGroup":null,"enabled":true,"retentionPolicy":{"enabled":false,"days":0}}],"logAnalyticsDestinationType":null},"identity":null}]}'
    headers:
      cache-control:
      - no-cache
      content-length:
      - '895'
      content-type:
      - application/json; charset=utf-8
      date:
      - Wed, 14 Sep 2022 05:23:58 GMT
      expires:
      - '-1'
      pragma:
      - no-cache
      server:
      - Microsoft-IIS/10.0
      strict-transport-security:
      - max-age=31536000; includeSubDomains
      transfer-encoding:
      - chunked
      vary:
      - Accept-Encoding
      x-content-type-options:
      - nosniff
    status:
      code: 200
      message: OK
- request:
    body: null
    headers:
      Accept:
      - application/json
      Accept-Encoding:
      - gzip, deflate
      CommandName:
      - sql server audit-policy update
      Connection:
      - keep-alive
      Content-Length:
      - '0'
      ParameterSetName:
      - -g -n --state --event-hub-target-state
      User-Agent:
      - AZURECLI/2.39.0 azsdk-python-azure-mgmt-monitor/4.0.1 Python/3.7.0 (Windows-10-10.0.17763-SP0)
    method: DELETE
    uri: https://management.azure.com/subscriptions/00000000-0000-0000-0000-000000000000/resourceGroups/clitest.rg000001/providers/Microsoft.Sql/servers/clitestserver000003/databases/master/providers/Microsoft.Insights/diagnosticSettings/SQLSecurityAuditEvents_EventHub?api-version=2017-05-01-preview
  response:
    body:
      string: ''
    headers:
      cache-control:
      - no-cache
      content-length:
      - '0'
      date:
      - Wed, 14 Sep 2022 05:24:03 GMT
      expires:
      - '-1'
      pragma:
      - no-cache
      server:
      - Microsoft-IIS/10.0
      strict-transport-security:
      - max-age=31536000; includeSubDomains
      x-content-type-options:
      - nosniff
      x-ms-ratelimit-remaining-subscription-deletes:
      - '14999'
    status:
      code: 200
      message: OK
- request:
    body: null
    headers:
      Accept:
      - application/json
      Accept-Encoding:
      - gzip, deflate
      CommandName:
      - sql server audit-policy update
      Connection:
      - keep-alive
      ParameterSetName:
      - -g -n --state --event-hub-target-state
      User-Agent:
      - AZURECLI/2.39.0 azsdk-python-azure-mgmt-resource/21.1.0b1 Python/3.7.0 (Windows-10-10.0.17763-SP0)
    method: GET
    uri: https://management.azure.com/subscriptions/00000000-0000-0000-0000-000000000000/resources?$filter=name%20eq%20%27clitest000005%27%20and%20%28resourceType%20eq%20%27Microsoft.Storage%2FstorageAccounts%27%20or%20resourceType%20eq%20%27Microsoft.ClassicStorage%2FstorageAccounts%27%29&api-version=2021-04-01
  response:
    body:
      string: '{"value":[{"id":"/subscriptions/00000000-0000-0000-0000-000000000000/resourceGroups/clitest.rg000002/providers/Microsoft.Storage/storageAccounts/clitest000005","name":"clitest000005","type":"Microsoft.Storage/storageAccounts","sku":{"name":"Standard_LRS","tier":"Standard"},"kind":"Storage","location":"westus","tags":{}}]}'
    headers:
      cache-control:
      - no-cache
      content-length:
      - '323'
      content-type:
      - application/json; charset=utf-8
      date:
      - Wed, 14 Sep 2022 05:24:04 GMT
      expires:
      - '-1'
      pragma:
      - no-cache
      strict-transport-security:
      - max-age=31536000; includeSubDomains
      vary:
      - Accept-Encoding
      x-content-type-options:
      - nosniff
    status:
      code: 200
      message: OK
- request:
    body: null
    headers:
      Accept:
      - application/json
      Accept-Encoding:
      - gzip, deflate
      CommandName:
      - sql server audit-policy update
      Connection:
      - keep-alive
      Content-Length:
      - '0'
      ParameterSetName:
      - -g -n --state --event-hub-target-state
      User-Agent:
      - AZURECLI/2.39.0 azsdk-python-azure-mgmt-storage/20.1.0 Python/3.7.0 (Windows-10-10.0.17763-SP0)
    method: POST
    uri: https://management.azure.com/subscriptions/00000000-0000-0000-0000-000000000000/resourceGroups/clitest.rg000002/providers/Microsoft.Storage/storageAccounts/clitest000005/listKeys?api-version=2022-05-01&$expand=kerb
  response:
    body:
      string: '{"keys":[{"creationTime":"2022-09-14T05:14:31.5601972Z","keyName":"key1","value":"veryFakedStorageAccountKey==","permissions":"FULL"},{"creationTime":"2022-09-14T05:14:31.5601972Z","keyName":"key2","value":"veryFakedStorageAccountKey==","permissions":"FULL"}]}'
    headers:
      cache-control:
      - no-cache
      content-length:
      - '260'
      content-type:
      - application/json
      date:
      - Wed, 14 Sep 2022 05:24:06 GMT
      expires:
      - '-1'
      pragma:
      - no-cache
      server:
      - Microsoft-Azure-Storage-Resource-Provider/1.0,Microsoft-HTTPAPI/2.0 Microsoft-HTTPAPI/2.0
      strict-transport-security:
      - max-age=31536000; includeSubDomains
      transfer-encoding:
      - chunked
      vary:
      - Accept-Encoding
      x-content-type-options:
      - nosniff
      x-ms-ratelimit-remaining-subscription-resource-requests:
      - '11998'
    status:
      code: 200
      message: OK
- request:
    body: '{"properties": {"retentionDays": 30, "auditActionsAndGroups": ["DATABASE_LOGOUT_GROUP",
      "DATABASE_ROLE_MEMBER_CHANGE_GROUP"], "isStorageSecondaryKeyInUse": false, "isAzureMonitorTargetEnabled":
      false, "isManagedIdentityInUse": false, "state": "Enabled", "storageEndpoint":
      "https://clitest000005.blob.core.windows.net/", "storageAccountAccessKey": "veryFakedStorageAccountKey==",
      "storageAccountSubscriptionId": "00000000-0000-0000-0000-000000000000"}}'
    headers:
      Accept:
      - application/json
      Accept-Encoding:
      - gzip, deflate
      CommandName:
      - sql server audit-policy update
      Connection:
      - keep-alive
      Content-Length:
      - '452'
      Content-Type:
      - application/json
      ParameterSetName:
      - -g -n --state --event-hub-target-state
      User-Agent:
      - AZURECLI/2.39.0 azsdk-python-mgmt-sql/4.0.0b3 Python/3.7.0 (Windows-10-10.0.17763-SP0)
    method: PUT
    uri: https://management.azure.com/subscriptions/00000000-0000-0000-0000-000000000000/resourceGroups/clitest.rg000001/providers/Microsoft.Sql/servers/clitestserver000003/auditingSettings/default?api-version=2021-11-01-preview
  response:
    body:
      string: '{"operation":"UpsertServerEngineAuditingPolicy","startTime":"2022-09-14T05:24:07.193Z"}'
    headers:
      azure-asyncoperation:
      - https://management.azure.com/subscriptions/00000000-0000-0000-0000-000000000000/providers/Microsoft.Sql/locations/westeurope/auditingSettingsAzureAsyncOperation/2ddceffb-1b8f-41f9-85d9-9f5e4a2d8fdc?api-version=2021-11-01-preview
      cache-control:
      - no-cache
      content-length:
      - '87'
      content-type:
      - application/json; charset=utf-8
      date:
      - Wed, 14 Sep 2022 05:24:07 GMT
      expires:
      - '-1'
      location:
      - https://management.azure.com/subscriptions/00000000-0000-0000-0000-000000000000/providers/Microsoft.Sql/locations/westeurope/auditingSettingsOperationResults/2ddceffb-1b8f-41f9-85d9-9f5e4a2d8fdc?api-version=2021-11-01-preview
      pragma:
      - no-cache
      server:
      - Microsoft-HTTPAPI/2.0
      strict-transport-security:
      - max-age=31536000; includeSubDomains
      x-content-type-options:
      - nosniff
      x-ms-ratelimit-remaining-subscription-writes:
      - '1193'
    status:
      code: 202
      message: Accepted
- request:
    body: null
    headers:
      Accept:
      - '*/*'
      Accept-Encoding:
      - gzip, deflate
      CommandName:
      - sql server audit-policy update
      Connection:
      - keep-alive
      ParameterSetName:
      - -g -n --state --event-hub-target-state
      User-Agent:
      - AZURECLI/2.39.0 azsdk-python-mgmt-sql/4.0.0b3 Python/3.7.0 (Windows-10-10.0.17763-SP0)
    method: GET
    uri: https://management.azure.com/subscriptions/00000000-0000-0000-0000-000000000000/providers/Microsoft.Sql/locations/westeurope/auditingSettingsAzureAsyncOperation/2ddceffb-1b8f-41f9-85d9-9f5e4a2d8fdc?api-version=2021-11-01-preview
  response:
    body:
      string: '{"name":"2ddceffb-1b8f-41f9-85d9-9f5e4a2d8fdc","status":"Succeeded","startTime":"2022-09-14T05:24:07.193Z"}'
    headers:
      cache-control:
      - no-cache
      content-length:
      - '107'
      content-type:
      - application/json; charset=utf-8
      date:
      - Wed, 14 Sep 2022 05:25:07 GMT
      expires:
      - '-1'
      pragma:
      - no-cache
      server:
      - Microsoft-HTTPAPI/2.0
      strict-transport-security:
      - max-age=31536000; includeSubDomains
      transfer-encoding:
      - chunked
      vary:
      - Accept-Encoding
      x-content-type-options:
      - nosniff
    status:
      code: 200
      message: OK
- request:
    body: null
    headers:
      Accept:
      - '*/*'
      Accept-Encoding:
      - gzip, deflate
      CommandName:
      - sql server audit-policy update
      Connection:
      - keep-alive
      ParameterSetName:
      - -g -n --state --event-hub-target-state
      User-Agent:
      - AZURECLI/2.39.0 azsdk-python-mgmt-sql/4.0.0b3 Python/3.7.0 (Windows-10-10.0.17763-SP0)
    method: GET
    uri: https://management.azure.com/subscriptions/00000000-0000-0000-0000-000000000000/resourceGroups/clitest.rg000001/providers/Microsoft.Sql/servers/clitestserver000003/auditingSettings/default?api-version=2021-11-01-preview
  response:
    body:
      string: '{"properties":{"retentionDays":30,"auditActionsAndGroups":["DATABASE_LOGOUT_GROUP","DATABASE_ROLE_MEMBER_CHANGE_GROUP"],"isStorageSecondaryKeyInUse":false,"isAzureMonitorTargetEnabled":false,"isManagedIdentityInUse":false,"state":"Enabled","storageEndpoint":"https://clitest000005.blob.core.windows.net/","storageAccountSubscriptionId":"00000000-0000-0000-0000-000000000000"},"id":"/subscriptions/00000000-0000-0000-0000-000000000000/resourceGroups/clitest.rg000001/providers/Microsoft.Sql/servers/clitestserver000003/auditingSettings/Default","name":"Default","type":"Microsoft.Sql/servers/auditingSettings"}'
    headers:
      cache-control:
      - no-cache
      content-length:
      - '609'
      content-type:
      - application/json; charset=utf-8
      date:
      - Wed, 14 Sep 2022 05:25:07 GMT
      expires:
      - '-1'
      pragma:
      - no-cache
      server:
      - Microsoft-HTTPAPI/2.0
      strict-transport-security:
      - max-age=31536000; includeSubDomains
      transfer-encoding:
      - chunked
      vary:
      - Accept-Encoding
      x-content-type-options:
      - nosniff
    status:
      code: 200
      message: OK
- request:
    body: null
    headers:
      Accept:
      - application/json
      Accept-Encoding:
      - gzip, deflate
      CommandName:
      - sql server audit-policy show
      Connection:
      - keep-alive
      ParameterSetName:
      - -g -n
      User-Agent:
      - AZURECLI/2.39.0 azsdk-python-mgmt-sql/4.0.0b3 Python/3.7.0 (Windows-10-10.0.17763-SP0)
    method: GET
    uri: https://management.azure.com/subscriptions/00000000-0000-0000-0000-000000000000/resourceGroups/clitest.rg000001/providers/Microsoft.Sql/servers/clitestserver000003/auditingSettings/default?api-version=2021-11-01-preview
  response:
    body:
      string: '{"properties":{"retentionDays":30,"auditActionsAndGroups":["DATABASE_LOGOUT_GROUP","DATABASE_ROLE_MEMBER_CHANGE_GROUP"],"isStorageSecondaryKeyInUse":false,"isAzureMonitorTargetEnabled":false,"isManagedIdentityInUse":false,"state":"Enabled","storageEndpoint":"https://clitest000005.blob.core.windows.net/","storageAccountSubscriptionId":"00000000-0000-0000-0000-000000000000"},"id":"/subscriptions/00000000-0000-0000-0000-000000000000/resourceGroups/clitest.rg000001/providers/Microsoft.Sql/servers/clitestserver000003/auditingSettings/Default","name":"Default","type":"Microsoft.Sql/servers/auditingSettings"}'
    headers:
      cache-control:
      - no-cache
      content-length:
      - '609'
      content-type:
      - application/json; charset=utf-8
      date:
      - Wed, 14 Sep 2022 05:25:08 GMT
      expires:
      - '-1'
      pragma:
      - no-cache
      server:
      - Microsoft-HTTPAPI/2.0
      strict-transport-security:
      - max-age=31536000; includeSubDomains
      transfer-encoding:
      - chunked
      vary:
      - Accept-Encoding
      x-content-type-options:
      - nosniff
    status:
      code: 200
      message: OK
version: 1
