interactions:
- request:
    body: '{"location": "eastus2", "properties": {"administratorLogin": "admin123",
      "administratorLoginPassword": "SecretPassword123"}}'
    headers:
      Accept:
      - application/json
      Accept-Encoding:
      - gzip, deflate
      CommandName:
      - sql server create
      Connection:
      - keep-alive
      Content-Length:
      - '124'
      Content-Type:
      - application/json; charset=utf-8
      ParameterSetName:
      - -l -g -n -u -p
      User-Agent:
      - python/3.7.4 (Windows-2012ServerR2-6.3.9600-SP0) msrest/0.6.10 msrest_azure/0.6.2
        azure-mgmt-sql/0.14.0 Azure-SDK-For-Python AZURECLI/2.0.75
      accept-language:
      - en-US
    method: PUT
    uri: https://management.azure.com/subscriptions/00000000-0000-0000-0000-000000000000/resourceGroups/clitest.rg000001/providers/Microsoft.Sql/servers/clitestserver000002?api-version=2015-05-01-preview
  response:
    body:
      string: '{"operation":"UpsertLogicalServer","startTime":"2019-10-18T14:34:33.633Z"}'
    headers:
      azure-asyncoperation:
      - https://management.azure.com/subscriptions/00000000-0000-0000-0000-000000000000/resourceGroups/clitest.rg000001/providers/Microsoft.Sql/locations/eastus2/serverAzureAsyncOperation/f04081b0-016f-47d6-a50c-5258c182ce9b?api-version=2015-05-01-preview
      cache-control:
      - no-cache
      content-length:
      - '74'
      content-type:
      - application/json; charset=utf-8
      date:
      - Fri, 18 Oct 2019 14:34:33 GMT
      expires:
      - '-1'
      location:
      - https://management.azure.com/subscriptions/00000000-0000-0000-0000-000000000000/resourceGroups/clitest.rg000001/providers/Microsoft.Sql/locations/eastus2/serverOperationResults/f04081b0-016f-47d6-a50c-5258c182ce9b?api-version=2015-05-01-preview
      pragma:
      - no-cache
      server:
      - Microsoft-HTTPAPI/2.0
      strict-transport-security:
      - max-age=31536000; includeSubDomains
      x-content-type-options:
      - nosniff
      x-ms-ratelimit-remaining-subscription-writes:
      - '1199'
    status:
      code: 202
      message: Accepted
- request:
    body: null
    headers:
      Accept:
      - application/json
      Accept-Encoding:
      - gzip, deflate
      CommandName:
      - sql server create
      Connection:
      - keep-alive
      ParameterSetName:
      - -l -g -n -u -p
      User-Agent:
      - python/3.7.4 (Windows-2012ServerR2-6.3.9600-SP0) msrest/0.6.10 msrest_azure/0.6.2
        azure-mgmt-sql/0.14.0 Azure-SDK-For-Python AZURECLI/2.0.75
    method: GET
    uri: https://management.azure.com/subscriptions/00000000-0000-0000-0000-000000000000/resourceGroups/clitest.rg000001/providers/Microsoft.Sql/locations/eastus2/serverAzureAsyncOperation/f04081b0-016f-47d6-a50c-5258c182ce9b?api-version=2015-05-01-preview
  response:
    body:
      string: '{"name":"f04081b0-016f-47d6-a50c-5258c182ce9b","status":"InProgress","startTime":"2019-10-18T14:34:33.633Z"}'
    headers:
      cache-control:
      - no-cache
      content-length:
      - '108'
      content-type:
      - application/json; charset=utf-8
      date:
      - Fri, 18 Oct 2019 14:34:34 GMT
      expires:
      - '-1'
      pragma:
      - no-cache
      server:
      - Microsoft-HTTPAPI/2.0
      strict-transport-security:
      - max-age=31536000; includeSubDomains
      transfer-encoding:
      - chunked
      vary:
      - Accept-Encoding
      x-content-type-options:
      - nosniff
    status:
      code: 200
      message: OK
- request:
    body: null
    headers:
      Accept:
      - application/json
      Accept-Encoding:
      - gzip, deflate
      CommandName:
      - sql server create
      Connection:
      - keep-alive
      ParameterSetName:
      - -l -g -n -u -p
      User-Agent:
      - python/3.7.4 (Windows-2012ServerR2-6.3.9600-SP0) msrest/0.6.10 msrest_azure/0.6.2
        azure-mgmt-sql/0.14.0 Azure-SDK-For-Python AZURECLI/2.0.75
    method: GET
    uri: https://management.azure.com/subscriptions/00000000-0000-0000-0000-000000000000/resourceGroups/clitest.rg000001/providers/Microsoft.Sql/locations/eastus2/serverAzureAsyncOperation/f04081b0-016f-47d6-a50c-5258c182ce9b?api-version=2015-05-01-preview
  response:
    body:
      string: '{"name":"f04081b0-016f-47d6-a50c-5258c182ce9b","status":"InProgress","startTime":"2019-10-18T14:34:33.633Z"}'
    headers:
      cache-control:
      - no-cache
      content-length:
      - '108'
      content-type:
      - application/json; charset=utf-8
      date:
      - Fri, 18 Oct 2019 14:34:36 GMT
      expires:
      - '-1'
      pragma:
      - no-cache
      server:
      - Microsoft-HTTPAPI/2.0
      strict-transport-security:
      - max-age=31536000; includeSubDomains
      transfer-encoding:
      - chunked
      vary:
      - Accept-Encoding
      x-content-type-options:
      - nosniff
    status:
      code: 200
      message: OK
- request:
    body: null
    headers:
      Accept:
      - application/json
      Accept-Encoding:
      - gzip, deflate
      CommandName:
      - sql server create
      Connection:
      - keep-alive
      ParameterSetName:
      - -l -g -n -u -p
      User-Agent:
      - python/3.7.4 (Windows-2012ServerR2-6.3.9600-SP0) msrest/0.6.10 msrest_azure/0.6.2
        azure-mgmt-sql/0.14.0 Azure-SDK-For-Python AZURECLI/2.0.75
    method: GET
    uri: https://management.azure.com/subscriptions/00000000-0000-0000-0000-000000000000/resourceGroups/clitest.rg000001/providers/Microsoft.Sql/locations/eastus2/serverAzureAsyncOperation/f04081b0-016f-47d6-a50c-5258c182ce9b?api-version=2015-05-01-preview
  response:
    body:
      string: '{"name":"f04081b0-016f-47d6-a50c-5258c182ce9b","status":"InProgress","startTime":"2019-10-18T14:34:33.633Z"}'
    headers:
      cache-control:
      - no-cache
      content-length:
      - '108'
      content-type:
      - application/json; charset=utf-8
      date:
      - Fri, 18 Oct 2019 14:34:37 GMT
      expires:
      - '-1'
      pragma:
      - no-cache
      server:
      - Microsoft-HTTPAPI/2.0
      strict-transport-security:
      - max-age=31536000; includeSubDomains
      transfer-encoding:
      - chunked
      vary:
      - Accept-Encoding
      x-content-type-options:
      - nosniff
    status:
      code: 200
      message: OK
- request:
    body: null
    headers:
      Accept:
      - application/json
      Accept-Encoding:
      - gzip, deflate
      CommandName:
      - sql server create
      Connection:
      - keep-alive
      ParameterSetName:
      - -l -g -n -u -p
      User-Agent:
      - python/3.7.4 (Windows-2012ServerR2-6.3.9600-SP0) msrest/0.6.10 msrest_azure/0.6.2
        azure-mgmt-sql/0.14.0 Azure-SDK-For-Python AZURECLI/2.0.75
    method: GET
    uri: https://management.azure.com/subscriptions/00000000-0000-0000-0000-000000000000/resourceGroups/clitest.rg000001/providers/Microsoft.Sql/locations/eastus2/serverAzureAsyncOperation/f04081b0-016f-47d6-a50c-5258c182ce9b?api-version=2015-05-01-preview
  response:
    body:
      string: '{"name":"f04081b0-016f-47d6-a50c-5258c182ce9b","status":"InProgress","startTime":"2019-10-18T14:34:33.633Z"}'
    headers:
      cache-control:
      - no-cache
      content-length:
      - '108'
      content-type:
      - application/json; charset=utf-8
      date:
      - Fri, 18 Oct 2019 14:34:38 GMT
      expires:
      - '-1'
      pragma:
      - no-cache
      server:
      - Microsoft-HTTPAPI/2.0
      strict-transport-security:
      - max-age=31536000; includeSubDomains
      transfer-encoding:
      - chunked
      vary:
      - Accept-Encoding
      x-content-type-options:
      - nosniff
    status:
      code: 200
      message: OK
- request:
    body: null
    headers:
      Accept:
      - application/json
      Accept-Encoding:
      - gzip, deflate
      CommandName:
      - sql server create
      Connection:
      - keep-alive
      ParameterSetName:
      - -l -g -n -u -p
      User-Agent:
      - python/3.7.4 (Windows-2012ServerR2-6.3.9600-SP0) msrest/0.6.10 msrest_azure/0.6.2
        azure-mgmt-sql/0.14.0 Azure-SDK-For-Python AZURECLI/2.0.75
    method: GET
    uri: https://management.azure.com/subscriptions/00000000-0000-0000-0000-000000000000/resourceGroups/clitest.rg000001/providers/Microsoft.Sql/locations/eastus2/serverAzureAsyncOperation/f04081b0-016f-47d6-a50c-5258c182ce9b?api-version=2015-05-01-preview
  response:
    body:
      string: '{"name":"f04081b0-016f-47d6-a50c-5258c182ce9b","status":"InProgress","startTime":"2019-10-18T14:34:33.633Z"}'
    headers:
      cache-control:
      - no-cache
      content-length:
      - '108'
      content-type:
      - application/json; charset=utf-8
      date:
      - Fri, 18 Oct 2019 14:34:39 GMT
      expires:
      - '-1'
      pragma:
      - no-cache
      server:
      - Microsoft-HTTPAPI/2.0
      strict-transport-security:
      - max-age=31536000; includeSubDomains
      transfer-encoding:
      - chunked
      vary:
      - Accept-Encoding
      x-content-type-options:
      - nosniff
    status:
      code: 200
      message: OK
- request:
    body: null
    headers:
      Accept:
      - application/json
      Accept-Encoding:
      - gzip, deflate
      CommandName:
      - sql server create
      Connection:
      - keep-alive
      ParameterSetName:
      - -l -g -n -u -p
      User-Agent:
      - python/3.7.4 (Windows-2012ServerR2-6.3.9600-SP0) msrest/0.6.10 msrest_azure/0.6.2
        azure-mgmt-sql/0.14.0 Azure-SDK-For-Python AZURECLI/2.0.75
    method: GET
    uri: https://management.azure.com/subscriptions/00000000-0000-0000-0000-000000000000/resourceGroups/clitest.rg000001/providers/Microsoft.Sql/locations/eastus2/serverAzureAsyncOperation/f04081b0-016f-47d6-a50c-5258c182ce9b?api-version=2015-05-01-preview
  response:
    body:
      string: '{"name":"f04081b0-016f-47d6-a50c-5258c182ce9b","status":"InProgress","startTime":"2019-10-18T14:34:33.633Z"}'
    headers:
      cache-control:
      - no-cache
      content-length:
      - '108'
      content-type:
      - application/json; charset=utf-8
      date:
      - Fri, 18 Oct 2019 14:34:59 GMT
      expires:
      - '-1'
      pragma:
      - no-cache
      server:
      - Microsoft-HTTPAPI/2.0
      strict-transport-security:
      - max-age=31536000; includeSubDomains
      transfer-encoding:
      - chunked
      vary:
      - Accept-Encoding
      x-content-type-options:
      - nosniff
    status:
      code: 200
      message: OK
- request:
    body: null
    headers:
      Accept:
      - application/json
      Accept-Encoding:
      - gzip, deflate
      CommandName:
      - sql server create
      Connection:
      - keep-alive
      ParameterSetName:
      - -l -g -n -u -p
      User-Agent:
      - python/3.7.4 (Windows-2012ServerR2-6.3.9600-SP0) msrest/0.6.10 msrest_azure/0.6.2
        azure-mgmt-sql/0.14.0 Azure-SDK-For-Python AZURECLI/2.0.75
    method: GET
    uri: https://management.azure.com/subscriptions/00000000-0000-0000-0000-000000000000/resourceGroups/clitest.rg000001/providers/Microsoft.Sql/locations/eastus2/serverAzureAsyncOperation/f04081b0-016f-47d6-a50c-5258c182ce9b?api-version=2015-05-01-preview
  response:
    body:
      string: '{"name":"f04081b0-016f-47d6-a50c-5258c182ce9b","status":"Succeeded","startTime":"2019-10-18T14:34:33.633Z"}'
    headers:
      cache-control:
      - no-cache
      content-length:
      - '107'
      content-type:
      - application/json; charset=utf-8
      date:
      - Fri, 18 Oct 2019 14:35:19 GMT
      expires:
      - '-1'
      pragma:
      - no-cache
      server:
      - Microsoft-HTTPAPI/2.0
      strict-transport-security:
      - max-age=31536000; includeSubDomains
      transfer-encoding:
      - chunked
      vary:
      - Accept-Encoding
      x-content-type-options:
      - nosniff
    status:
      code: 200
      message: OK
- request:
    body: null
    headers:
      Accept:
      - application/json
      Accept-Encoding:
      - gzip, deflate
      CommandName:
      - sql server create
      Connection:
      - keep-alive
      ParameterSetName:
      - -l -g -n -u -p
      User-Agent:
      - python/3.7.4 (Windows-2012ServerR2-6.3.9600-SP0) msrest/0.6.10 msrest_azure/0.6.2
        azure-mgmt-sql/0.14.0 Azure-SDK-For-Python AZURECLI/2.0.75
    method: GET
    uri: https://management.azure.com/subscriptions/00000000-0000-0000-0000-000000000000/resourceGroups/clitest.rg000001/providers/Microsoft.Sql/servers/clitestserver000002?api-version=2015-05-01-preview
  response:
    body:
      string: '{"kind":"v12.0","properties":{"administratorLogin":"admin123","version":"12.0","state":"Ready","fullyQualifiedDomainName":"clitestserver000002.database.windows.net"},"location":"eastus2","id":"/subscriptions/00000000-0000-0000-0000-000000000000/resourceGroups/clitest.rg000001/providers/Microsoft.Sql/servers/clitestserver000002","name":"clitestserver000002","type":"Microsoft.Sql/servers"}'
    headers:
      cache-control:
      - no-cache
      content-length:
      - '581'
      content-type:
      - application/json; charset=utf-8
      date:
      - Fri, 18 Oct 2019 14:35:19 GMT
      expires:
      - '-1'
      pragma:
      - no-cache
      server:
      - Microsoft-HTTPAPI/2.0
      strict-transport-security:
      - max-age=31536000; includeSubDomains
      transfer-encoding:
      - chunked
      vary:
      - Accept-Encoding
      x-content-type-options:
      - nosniff
    status:
      code: 200
      message: OK
- request:
    body: null
    headers:
      Accept:
      - application/json
      Accept-Encoding:
      - gzip, deflate
      CommandName:
      - sql db create
      Connection:
      - keep-alive
      ParameterSetName:
      - -g --server --name --read-scale
      User-Agent:
      - python/3.7.4 (Windows-2012ServerR2-6.3.9600-SP0) msrest/0.6.10 msrest_azure/0.6.2
        azure-mgmt-sql/0.14.0 Azure-SDK-For-Python AZURECLI/2.0.75
      accept-language:
      - en-US
    method: GET
    uri: https://management.azure.com/subscriptions/00000000-0000-0000-0000-000000000000/resourceGroups/clitest.rg000001/providers/Microsoft.Sql/servers/clitestserver000002?api-version=2015-05-01-preview
  response:
    body:
      string: '{"kind":"v12.0","properties":{"administratorLogin":"admin123","version":"12.0","state":"Ready","fullyQualifiedDomainName":"clitestserver000002.database.windows.net"},"location":"eastus2","id":"/subscriptions/00000000-0000-0000-0000-000000000000/resourceGroups/clitest.rg000001/providers/Microsoft.Sql/servers/clitestserver000002","name":"clitestserver000002","type":"Microsoft.Sql/servers"}'
    headers:
      cache-control:
      - no-cache
      content-length:
      - '581'
      content-type:
      - application/json; charset=utf-8
      date:
      - Fri, 18 Oct 2019 14:35:21 GMT
      expires:
      - '-1'
      pragma:
      - no-cache
      server:
      - Microsoft-HTTPAPI/2.0
      strict-transport-security:
      - max-age=31536000; includeSubDomains
      transfer-encoding:
      - chunked
      vary:
      - Accept-Encoding
      x-content-type-options:
      - nosniff
    status:
      code: 200
      message: OK
- request:
    body: '{"location": "eastus2", "properties": {"readScale": "Disabled"}}'
    headers:
      Accept:
      - application/json
      Accept-Encoding:
      - gzip, deflate
      CommandName:
      - sql db create
      Connection:
      - keep-alive
      Content-Length:
      - '64'
      Content-Type:
      - application/json; charset=utf-8
      ParameterSetName:
      - -g --server --name --read-scale
      User-Agent:
      - python/3.7.4 (Windows-2012ServerR2-6.3.9600-SP0) msrest/0.6.10 msrest_azure/0.6.2
        azure-mgmt-sql/0.14.0 Azure-SDK-For-Python AZURECLI/2.0.75
      accept-language:
      - en-US
    method: PUT
    uri: https://management.azure.com/subscriptions/00000000-0000-0000-0000-000000000000/resourceGroups/clitest.rg000001/providers/Microsoft.Sql/servers/clitestserver000002/databases/cliautomationdb01?api-version=2017-10-01-preview
  response:
    body:
      string: '{"operation":"CreateLogicalDatabase","startTime":"2019-10-18T14:35:22.663Z"}'
    headers:
      azure-asyncoperation:
      - https://management.azure.com/subscriptions/00000000-0000-0000-0000-000000000000/resourceGroups/clitest.rg000001/providers/Microsoft.Sql/locations/eastus2/databaseAzureAsyncOperation/df8c436b-72af-480b-b3a0-a25cd81cca22?api-version=2017-10-01-preview
      cache-control:
      - no-cache
      content-length:
      - '76'
      content-type:
      - application/json; charset=utf-8
      date:
      - Fri, 18 Oct 2019 14:35:22 GMT
      expires:
      - '-1'
      location:
      - https://management.azure.com/subscriptions/00000000-0000-0000-0000-000000000000/resourceGroups/clitest.rg000001/providers/Microsoft.Sql/locations/eastus2/databaseOperationResults/df8c436b-72af-480b-b3a0-a25cd81cca22?api-version=2017-10-01-preview
      pragma:
      - no-cache
      server:
      - Microsoft-HTTPAPI/2.0
      strict-transport-security:
      - max-age=31536000; includeSubDomains
      x-content-type-options:
      - nosniff
      x-ms-ratelimit-remaining-subscription-writes:
      - '1199'
    status:
      code: 202
      message: Accepted
- request:
    body: null
    headers:
      Accept:
      - application/json
      Accept-Encoding:
      - gzip, deflate
      CommandName:
      - sql db create
      Connection:
      - keep-alive
      ParameterSetName:
      - -g --server --name --read-scale
      User-Agent:
      - python/3.7.4 (Windows-2012ServerR2-6.3.9600-SP0) msrest/0.6.10 msrest_azure/0.6.2
        azure-mgmt-sql/0.14.0 Azure-SDK-For-Python AZURECLI/2.0.75
    method: GET
    uri: https://management.azure.com/subscriptions/00000000-0000-0000-0000-000000000000/resourceGroups/clitest.rg000001/providers/Microsoft.Sql/locations/eastus2/databaseAzureAsyncOperation/df8c436b-72af-480b-b3a0-a25cd81cca22?api-version=2017-10-01-preview
  response:
    body:
      string: '{"name":"df8c436b-72af-480b-b3a0-a25cd81cca22","status":"InProgress","startTime":"2019-10-18T14:35:22.663Z"}'
    headers:
      cache-control:
      - no-cache
      content-length:
      - '108'
      content-type:
      - application/json; charset=utf-8
      date:
      - Fri, 18 Oct 2019 14:35:38 GMT
      expires:
      - '-1'
      pragma:
      - no-cache
      server:
      - Microsoft-HTTPAPI/2.0
      strict-transport-security:
      - max-age=31536000; includeSubDomains
      transfer-encoding:
      - chunked
      vary:
      - Accept-Encoding
      x-content-type-options:
      - nosniff
    status:
      code: 200
      message: OK
- request:
    body: null
    headers:
      Accept:
      - application/json
      Accept-Encoding:
      - gzip, deflate
      CommandName:
      - sql db create
      Connection:
      - keep-alive
      ParameterSetName:
      - -g --server --name --read-scale
      User-Agent:
      - python/3.7.4 (Windows-2012ServerR2-6.3.9600-SP0) msrest/0.6.10 msrest_azure/0.6.2
        azure-mgmt-sql/0.14.0 Azure-SDK-For-Python AZURECLI/2.0.75
    method: GET
    uri: https://management.azure.com/subscriptions/00000000-0000-0000-0000-000000000000/resourceGroups/clitest.rg000001/providers/Microsoft.Sql/locations/eastus2/databaseAzureAsyncOperation/df8c436b-72af-480b-b3a0-a25cd81cca22?api-version=2017-10-01-preview
  response:
    body:
      string: '{"name":"df8c436b-72af-480b-b3a0-a25cd81cca22","status":"InProgress","startTime":"2019-10-18T14:35:22.663Z"}'
    headers:
      cache-control:
      - no-cache
      content-length:
      - '108'
      content-type:
      - application/json; charset=utf-8
      date:
      - Fri, 18 Oct 2019 14:35:53 GMT
      expires:
      - '-1'
      pragma:
      - no-cache
      server:
      - Microsoft-HTTPAPI/2.0
      strict-transport-security:
      - max-age=31536000; includeSubDomains
      transfer-encoding:
      - chunked
      vary:
      - Accept-Encoding
      x-content-type-options:
      - nosniff
    status:
      code: 200
      message: OK
- request:
    body: null
    headers:
      Accept:
      - application/json
      Accept-Encoding:
      - gzip, deflate
      CommandName:
      - sql db create
      Connection:
      - keep-alive
      ParameterSetName:
      - -g --server --name --read-scale
      User-Agent:
      - python/3.7.4 (Windows-2012ServerR2-6.3.9600-SP0) msrest/0.6.10 msrest_azure/0.6.2
        azure-mgmt-sql/0.14.0 Azure-SDK-For-Python AZURECLI/2.0.75
    method: GET
    uri: https://management.azure.com/subscriptions/00000000-0000-0000-0000-000000000000/resourceGroups/clitest.rg000001/providers/Microsoft.Sql/locations/eastus2/databaseAzureAsyncOperation/df8c436b-72af-480b-b3a0-a25cd81cca22?api-version=2017-10-01-preview
  response:
    body:
      string: '{"name":"df8c436b-72af-480b-b3a0-a25cd81cca22","status":"Succeeded","startTime":"2019-10-18T14:35:22.663Z"}'
    headers:
      cache-control:
      - no-cache
      content-length:
      - '107'
      content-type:
      - application/json; charset=utf-8
      date:
      - Fri, 18 Oct 2019 14:36:08 GMT
      expires:
      - '-1'
      pragma:
      - no-cache
      server:
      - Microsoft-HTTPAPI/2.0
      strict-transport-security:
      - max-age=31536000; includeSubDomains
      transfer-encoding:
      - chunked
      vary:
      - Accept-Encoding
      x-content-type-options:
      - nosniff
    status:
      code: 200
      message: OK
- request:
    body: null
    headers:
      Accept:
      - application/json
      Accept-Encoding:
      - gzip, deflate
      CommandName:
      - sql db create
      Connection:
      - keep-alive
      ParameterSetName:
      - -g --server --name --read-scale
      User-Agent:
      - python/3.7.4 (Windows-2012ServerR2-6.3.9600-SP0) msrest/0.6.10 msrest_azure/0.6.2
        azure-mgmt-sql/0.14.0 Azure-SDK-For-Python AZURECLI/2.0.75
    method: GET
    uri: https://management.azure.com/subscriptions/00000000-0000-0000-0000-000000000000/resourceGroups/clitest.rg000001/providers/Microsoft.Sql/servers/clitestserver000002/databases/cliautomationdb01?api-version=2017-10-01-preview
  response:
    body:
      string: '{"sku":{"name":"GP_Gen5","tier":"GeneralPurpose","family":"Gen5","capacity":2},"kind":"v12.0,user,vcore","properties":{"collation":"SQL_Latin1_General_CP1_CI_AS","maxSizeBytes":34359738368,"status":"Online","databaseId":"70f26b59-4f5c-458e-a277-cb580ef2422c","creationDate":"2019-10-18T14:35:58.663Z","currentServiceObjectiveName":"GP_Gen5_2","requestedServiceObjectiveName":"GP_Gen5_2","defaultSecondaryLocation":"centralus","catalogCollation":"SQL_Latin1_General_CP1_CI_AS","zoneRedundant":false,"licenseType":"LicenseIncluded","maxLogSizeBytes":10307502080,"earliestRestoreDate":"2019-10-18T15:05:58.663Z","readScale":"Disabled","readReplicaCount":0,"currentSku":{"name":"GP_Gen5","tier":"GeneralPurpose","family":"Gen5","capacity":2}},"location":"eastus2","id":"/subscriptions/00000000-0000-0000-0000-000000000000/resourceGroups/clitest.rg000001/providers/Microsoft.Sql/servers/clitestserver000002/databases/cliautomationdb01","name":"cliautomationdb01","type":"Microsoft.Sql/servers/databases"}'
    headers:
      cache-control:
      - no-cache
      content-length:
      - '1102'
      content-type:
      - application/json; charset=utf-8
      date:
      - Fri, 18 Oct 2019 14:36:08 GMT
      expires:
      - '-1'
      pragma:
      - no-cache
      server:
      - Microsoft-HTTPAPI/2.0
      strict-transport-security:
      - max-age=31536000; includeSubDomains
      transfer-encoding:
      - chunked
      vary:
      - Accept-Encoding
      x-content-type-options:
      - nosniff
    status:
      code: 200
      message: OK
- request:
    body: null
    headers:
      Accept:
      - application/json
      Accept-Encoding:
      - gzip, deflate
      CommandName:
      - sql db list
      Connection:
      - keep-alive
      ParameterSetName:
      - -g --server
      User-Agent:
      - python/3.7.4 (Windows-2012ServerR2-6.3.9600-SP0) msrest/0.6.10 msrest_azure/0.6.2
        azure-mgmt-sql/0.14.0 Azure-SDK-For-Python AZURECLI/2.0.75
      accept-language:
      - en-US
    method: GET
    uri: https://management.azure.com/subscriptions/00000000-0000-0000-0000-000000000000/resourceGroups/clitest.rg000001/providers/Microsoft.Sql/servers/clitestserver000002/databases?api-version=2017-10-01-preview
  response:
    body:
      string: '{"value":[{"sku":{"name":"GP_Gen5","tier":"GeneralPurpose","family":"Gen5","capacity":2},"kind":"v12.0,user,vcore","properties":{"collation":"SQL_Latin1_General_CP1_CI_AS","maxSizeBytes":34359738368,"status":"Online","databaseId":"70f26b59-4f5c-458e-a277-cb580ef2422c","creationDate":"2019-10-18T14:35:58.663Z","currentServiceObjectiveName":"GP_Gen5_2","requestedServiceObjectiveName":"GP_Gen5_2","defaultSecondaryLocation":"centralus","catalogCollation":"SQL_Latin1_General_CP1_CI_AS","zoneRedundant":false,"licenseType":"LicenseIncluded","maxLogSizeBytes":10307502080,"earliestRestoreDate":"2019-10-18T15:05:58.663Z","readScale":"Disabled","readReplicaCount":0,"currentSku":{"name":"GP_Gen5","tier":"GeneralPurpose","family":"Gen5","capacity":2}},"location":"eastus2","id":"/subscriptions/00000000-0000-0000-0000-000000000000/resourceGroups/clitest.rg000001/providers/Microsoft.Sql/servers/clitestserver000002/databases/cliautomationdb01","name":"cliautomationdb01","type":"Microsoft.Sql/servers/databases"},{"sku":{"name":"System","tier":"System","capacity":0},"kind":"v12.0,system","managedBy":"/subscriptions/00000000-0000-0000-0000-000000000000/resourceGroups/clitest.rg000001/providers/Microsoft.Sql/servers/clitestserver000002","properties":{"collation":"SQL_Latin1_General_CP1_CI_AS","maxSizeBytes":32212254720,"status":"Online","databaseId":"c97617b0-cdf3-465d-a9f3-a1541b7290c1","creationDate":"2019-10-18T14:35:05.133Z","currentServiceObjectiveName":"System2","requestedServiceObjectiveName":"System2","defaultSecondaryLocation":"centralus","catalogCollation":"SQL_Latin1_General_CP1_CI_AS","zoneRedundant":false,"readScale":"Disabled","readReplicaCount":0,"currentSku":{"name":"System","tier":"System","capacity":0}},"location":"eastus2","id":"/subscriptions/00000000-0000-0000-0000-000000000000/resourceGroups/clitest.rg000001/providers/Microsoft.Sql/servers/clitestserver000002/databases/master","name":"master","type":"Microsoft.Sql/servers/databases"}]}'
    headers:
      cache-control:
      - no-cache
      content-length:
      - '2279'
      content-type:
      - application/json; charset=utf-8
      date:
      - Fri, 18 Oct 2019 14:36:09 GMT
      expires:
      - '-1'
      pragma:
      - no-cache
      server:
      - Microsoft-HTTPAPI/2.0
      strict-transport-security:
      - max-age=31536000; includeSubDomains
      transfer-encoding:
      - chunked
      vary:
      - Accept-Encoding
      x-content-type-options:
      - nosniff
    status:
      code: 200
      message: OK
- request:
    body: null
    headers:
      Accept:
      - application/json
      Accept-Encoding:
      - gzip, deflate
      CommandName:
      - sql db list-usages
      Connection:
      - keep-alive
      ParameterSetName:
      - -g --server --name
      User-Agent:
      - python/3.7.4 (Windows-2012ServerR2-6.3.9600-SP0) msrest/0.6.10 msrest_azure/0.6.2
        azure-mgmt-sql/0.14.0 Azure-SDK-For-Python AZURECLI/2.0.75
      accept-language:
      - en-US
    method: GET
    uri: https://management.azure.com/subscriptions/00000000-0000-0000-0000-000000000000/resourceGroups/clitest.rg000001/providers/Microsoft.Sql/servers/clitestserver000002/databases/cliautomationdb01/usages?api-version=2014-04-01
  response:
    body:
      string: '{"value":[{"name":"database_size","resourceName":"cliautomationdb01","displayName":"Database
        Size","currentValue":4194304.0,"limit":34359738368.0,"unit":"Bytes","nextResetTime":null},{"name":"database_allocated_size","resourceName":"cliautomationdb01","displayName":"Database
        Allocated Size","currentValue":16777216.0,"limit":34359738368.0,"unit":"Bytes","nextResetTime":null}]}'
    headers:
      cache-control:
      - no-store, no-cache
      content-length:
      - '378'
      content-type:
      - application/json; odata=minimalmetadata; streaming=true; charset=utf-8
      dataserviceversion:
      - 3.0;
      date:
      - Fri, 18 Oct 2019 14:36:09 GMT
      server:
      - Microsoft-HTTPAPI/2.0
      strict-transport-security:
      - max-age=31536000; includeSubDomains
      transfer-encoding:
      - chunked
      vary:
      - Accept-Encoding
      x-content-type-options:
      - nosniff
    status:
      code: 200
      message: OK
- request:
    body: null
    headers:
      Accept:
      - application/json
      Accept-Encoding:
      - gzip, deflate
      CommandName:
      - sql db show
      Connection:
      - keep-alive
      ParameterSetName:
      - -g --server --name
      User-Agent:
      - python/3.7.4 (Windows-2012ServerR2-6.3.9600-SP0) msrest/0.6.10 msrest_azure/0.6.2
        azure-mgmt-sql/0.14.0 Azure-SDK-For-Python AZURECLI/2.0.75
      accept-language:
      - en-US
    method: GET
    uri: https://management.azure.com/subscriptions/00000000-0000-0000-0000-000000000000/resourceGroups/clitest.rg000001/providers/Microsoft.Sql/servers/clitestserver000002/databases/cliautomationdb01?api-version=2017-10-01-preview
  response:
    body:
      string: '{"sku":{"name":"GP_Gen5","tier":"GeneralPurpose","family":"Gen5","capacity":2},"kind":"v12.0,user,vcore","properties":{"collation":"SQL_Latin1_General_CP1_CI_AS","maxSizeBytes":34359738368,"status":"Online","databaseId":"70f26b59-4f5c-458e-a277-cb580ef2422c","creationDate":"2019-10-18T14:35:58.663Z","currentServiceObjectiveName":"GP_Gen5_2","requestedServiceObjectiveName":"GP_Gen5_2","defaultSecondaryLocation":"centralus","catalogCollation":"SQL_Latin1_General_CP1_CI_AS","zoneRedundant":false,"licenseType":"LicenseIncluded","maxLogSizeBytes":10307502080,"earliestRestoreDate":"2019-10-18T15:05:58.663Z","readScale":"Disabled","readReplicaCount":0,"currentSku":{"name":"GP_Gen5","tier":"GeneralPurpose","family":"Gen5","capacity":2}},"location":"eastus2","id":"/subscriptions/00000000-0000-0000-0000-000000000000/resourceGroups/clitest.rg000001/providers/Microsoft.Sql/servers/clitestserver000002/databases/cliautomationdb01","name":"cliautomationdb01","type":"Microsoft.Sql/servers/databases"}'
    headers:
      cache-control:
      - no-cache
      content-length:
      - '1102'
      content-type:
      - application/json; charset=utf-8
      date:
      - Fri, 18 Oct 2019 14:36:10 GMT
      expires:
      - '-1'
      pragma:
      - no-cache
      server:
      - Microsoft-HTTPAPI/2.0
      strict-transport-security:
      - max-age=31536000; includeSubDomains
      transfer-encoding:
      - chunked
      vary:
      - Accept-Encoding
      x-content-type-options:
      - nosniff
    status:
      code: 200
      message: OK
- request:
    body: null
    headers:
      Accept:
      - application/json
      Accept-Encoding:
      - gzip, deflate
      CommandName:
      - sql db show
      Connection:
      - keep-alive
      ParameterSetName:
      - --id
      User-Agent:
      - python/3.7.4 (Windows-2012ServerR2-6.3.9600-SP0) msrest/0.6.10 msrest_azure/0.6.2
        azure-mgmt-sql/0.14.0 Azure-SDK-For-Python AZURECLI/2.0.75
      accept-language:
      - en-US
    method: GET
    uri: https://management.azure.com/subscriptions/00000000-0000-0000-0000-000000000000/resourceGroups/clitest.rg000001/providers/Microsoft.Sql/servers/clitestserver000002/databases/cliautomationdb01?api-version=2017-10-01-preview
  response:
    body:
      string: '{"sku":{"name":"GP_Gen5","tier":"GeneralPurpose","family":"Gen5","capacity":2},"kind":"v12.0,user,vcore","properties":{"collation":"SQL_Latin1_General_CP1_CI_AS","maxSizeBytes":34359738368,"status":"Online","databaseId":"70f26b59-4f5c-458e-a277-cb580ef2422c","creationDate":"2019-10-18T14:35:58.663Z","currentServiceObjectiveName":"GP_Gen5_2","requestedServiceObjectiveName":"GP_Gen5_2","defaultSecondaryLocation":"centralus","catalogCollation":"SQL_Latin1_General_CP1_CI_AS","zoneRedundant":false,"licenseType":"LicenseIncluded","maxLogSizeBytes":10307502080,"earliestRestoreDate":"2019-10-18T15:05:58.663Z","readScale":"Disabled","readReplicaCount":0,"currentSku":{"name":"GP_Gen5","tier":"GeneralPurpose","family":"Gen5","capacity":2}},"location":"eastus2","id":"/subscriptions/00000000-0000-0000-0000-000000000000/resourceGroups/clitest.rg000001/providers/Microsoft.Sql/servers/clitestserver000002/databases/cliautomationdb01","name":"cliautomationdb01","type":"Microsoft.Sql/servers/databases"}'
    headers:
      cache-control:
      - no-cache
      content-length:
      - '1102'
      content-type:
      - application/json; charset=utf-8
      date:
      - Fri, 18 Oct 2019 14:36:10 GMT
      expires:
      - '-1'
      pragma:
      - no-cache
      server:
      - Microsoft-HTTPAPI/2.0
      strict-transport-security:
      - max-age=31536000; includeSubDomains
      transfer-encoding:
      - chunked
      vary:
      - Accept-Encoding
      x-content-type-options:
      - nosniff
    status:
      code: 200
      message: OK
- request:
    body: null
    headers:
      Accept:
      - application/json
      Accept-Encoding:
      - gzip, deflate
      CommandName:
      - sql db update
      Connection:
      - keep-alive
      ParameterSetName:
      - -g -s -n --service-objective --max-size --read-scale --set
      User-Agent:
      - python/3.7.4 (Windows-2012ServerR2-6.3.9600-SP0) msrest/0.6.10 msrest_azure/0.6.2
        azure-mgmt-sql/0.14.0 Azure-SDK-For-Python AZURECLI/2.0.75
      accept-language:
      - en-US
    method: GET
    uri: https://management.azure.com/subscriptions/00000000-0000-0000-0000-000000000000/resourceGroups/clitest.rg000001/providers/Microsoft.Sql/servers/clitestserver000002/databases/cliautomationdb01?api-version=2017-10-01-preview
  response:
    body:
      string: '{"sku":{"name":"GP_Gen5","tier":"GeneralPurpose","family":"Gen5","capacity":2},"kind":"v12.0,user,vcore","properties":{"collation":"SQL_Latin1_General_CP1_CI_AS","maxSizeBytes":34359738368,"status":"Online","databaseId":"70f26b59-4f5c-458e-a277-cb580ef2422c","creationDate":"2019-10-18T14:35:58.663Z","currentServiceObjectiveName":"GP_Gen5_2","requestedServiceObjectiveName":"GP_Gen5_2","defaultSecondaryLocation":"centralus","catalogCollation":"SQL_Latin1_General_CP1_CI_AS","zoneRedundant":false,"licenseType":"LicenseIncluded","maxLogSizeBytes":10307502080,"earliestRestoreDate":"2019-10-18T15:05:58.663Z","readScale":"Disabled","readReplicaCount":0,"currentSku":{"name":"GP_Gen5","tier":"GeneralPurpose","family":"Gen5","capacity":2}},"location":"eastus2","id":"/subscriptions/00000000-0000-0000-0000-000000000000/resourceGroups/clitest.rg000001/providers/Microsoft.Sql/servers/clitestserver000002/databases/cliautomationdb01","name":"cliautomationdb01","type":"Microsoft.Sql/servers/databases"}'
    headers:
      cache-control:
      - no-cache
      content-length:
      - '1102'
      content-type:
      - application/json; charset=utf-8
      date:
      - Fri, 18 Oct 2019 14:36:11 GMT
      expires:
      - '-1'
      pragma:
      - no-cache
      server:
      - Microsoft-HTTPAPI/2.0
      strict-transport-security:
      - max-age=31536000; includeSubDomains
      transfer-encoding:
      - chunked
      vary:
      - Accept-Encoding
      x-content-type-options:
      - nosniff
    status:
      code: 200
      message: OK
- request:
    body: '{"location": "eastus2", "tags": {"key1": "value1"}, "sku": {"name": "P1"},
      "properties": {"collation": "SQL_Latin1_General_CP1_CI_AS", "maxSizeBytes":
      10737418240, "catalogCollation": "SQL_Latin1_General_CP1_CI_AS", "zoneRedundant":
      false, "licenseType": "LicenseIncluded", "readScale": "Enabled", "readReplicaCount":
      0}}'
    headers:
      Accept:
      - application/json
      Accept-Encoding:
      - gzip, deflate
      CommandName:
      - sql db update
      Connection:
      - keep-alive
      Content-Length:
      - '321'
      Content-Type:
      - application/json; charset=utf-8
      ParameterSetName:
      - -g -s -n --service-objective --max-size --read-scale --set
      User-Agent:
      - python/3.7.4 (Windows-2012ServerR2-6.3.9600-SP0) msrest/0.6.10 msrest_azure/0.6.2
        azure-mgmt-sql/0.14.0 Azure-SDK-For-Python AZURECLI/2.0.75
      accept-language:
      - en-US
    method: PUT
    uri: https://management.azure.com/subscriptions/00000000-0000-0000-0000-000000000000/resourceGroups/clitest.rg000001/providers/Microsoft.Sql/servers/clitestserver000002/databases/cliautomationdb01?api-version=2017-10-01-preview
  response:
    body:
      string: '{"operation":"UpdateLogicalDatabase","startTime":"2019-10-18T14:36:12.833Z"}'
    headers:
      azure-asyncoperation:
      - https://management.azure.com/subscriptions/00000000-0000-0000-0000-000000000000/resourceGroups/clitest.rg000001/providers/Microsoft.Sql/locations/eastus2/databaseAzureAsyncOperation/bd149011-5a14-47d6-9def-6b263fc47199?api-version=2017-10-01-preview
      cache-control:
      - no-cache
      content-length:
      - '76'
      content-type:
      - application/json; charset=utf-8
      date:
      - Fri, 18 Oct 2019 14:36:13 GMT
      expires:
      - '-1'
      location:
      - https://management.azure.com/subscriptions/00000000-0000-0000-0000-000000000000/resourceGroups/clitest.rg000001/providers/Microsoft.Sql/locations/eastus2/databaseOperationResults/bd149011-5a14-47d6-9def-6b263fc47199?api-version=2017-10-01-preview
      pragma:
      - no-cache
      server:
      - Microsoft-HTTPAPI/2.0
      strict-transport-security:
      - max-age=31536000; includeSubDomains
      x-content-type-options:
      - nosniff
      x-ms-ratelimit-remaining-subscription-writes:
      - '1199'
    status:
      code: 202
      message: Accepted
- request:
    body: null
    headers:
      Accept:
      - application/json
      Accept-Encoding:
      - gzip, deflate
      CommandName:
      - sql db update
      Connection:
      - keep-alive
      ParameterSetName:
      - -g -s -n --service-objective --max-size --read-scale --set
      User-Agent:
      - python/3.7.4 (Windows-2012ServerR2-6.3.9600-SP0) msrest/0.6.10 msrest_azure/0.6.2
        azure-mgmt-sql/0.14.0 Azure-SDK-For-Python AZURECLI/2.0.75
    method: GET
    uri: https://management.azure.com/subscriptions/00000000-0000-0000-0000-000000000000/resourceGroups/clitest.rg000001/providers/Microsoft.Sql/locations/eastus2/databaseAzureAsyncOperation/bd149011-5a14-47d6-9def-6b263fc47199?api-version=2017-10-01-preview
  response:
    body:
      string: '{"name":"bd149011-5a14-47d6-9def-6b263fc47199","status":"InProgress","startTime":"2019-10-18T14:36:12.833Z"}'
    headers:
      cache-control:
      - no-cache
      content-length:
      - '108'
      content-type:
      - application/json; charset=utf-8
      date:
      - Fri, 18 Oct 2019 14:36:27 GMT
      expires:
      - '-1'
      pragma:
      - no-cache
      server:
      - Microsoft-HTTPAPI/2.0
      strict-transport-security:
      - max-age=31536000; includeSubDomains
      transfer-encoding:
      - chunked
      vary:
      - Accept-Encoding
      x-content-type-options:
      - nosniff
    status:
      code: 200
      message: OK
- request:
    body: null
    headers:
      Accept:
      - application/json
      Accept-Encoding:
      - gzip, deflate
      CommandName:
      - sql db update
      Connection:
      - keep-alive
      ParameterSetName:
      - -g -s -n --service-objective --max-size --read-scale --set
      User-Agent:
      - python/3.7.4 (Windows-2012ServerR2-6.3.9600-SP0) msrest/0.6.10 msrest_azure/0.6.2
        azure-mgmt-sql/0.14.0 Azure-SDK-For-Python AZURECLI/2.0.75
    method: GET
    uri: https://management.azure.com/subscriptions/00000000-0000-0000-0000-000000000000/resourceGroups/clitest.rg000001/providers/Microsoft.Sql/locations/eastus2/databaseAzureAsyncOperation/bd149011-5a14-47d6-9def-6b263fc47199?api-version=2017-10-01-preview
  response:
    body:
      string: '{"name":"bd149011-5a14-47d6-9def-6b263fc47199","status":"InProgress","startTime":"2019-10-18T14:36:12.833Z"}'
    headers:
      cache-control:
      - no-cache
      content-length:
      - '108'
      content-type:
      - application/json; charset=utf-8
      date:
      - Fri, 18 Oct 2019 14:36:42 GMT
      expires:
      - '-1'
      pragma:
      - no-cache
      server:
      - Microsoft-HTTPAPI/2.0
      strict-transport-security:
      - max-age=31536000; includeSubDomains
      transfer-encoding:
      - chunked
      vary:
      - Accept-Encoding
      x-content-type-options:
      - nosniff
    status:
      code: 200
      message: OK
- request:
    body: null
    headers:
      Accept:
      - application/json
      Accept-Encoding:
      - gzip, deflate
      CommandName:
      - sql db update
      Connection:
      - keep-alive
      ParameterSetName:
      - -g -s -n --service-objective --max-size --read-scale --set
      User-Agent:
      - python/3.7.4 (Windows-2012ServerR2-6.3.9600-SP0) msrest/0.6.10 msrest_azure/0.6.2
        azure-mgmt-sql/0.14.0 Azure-SDK-For-Python AZURECLI/2.0.75
    method: GET
    uri: https://management.azure.com/subscriptions/00000000-0000-0000-0000-000000000000/resourceGroups/clitest.rg000001/providers/Microsoft.Sql/locations/eastus2/databaseAzureAsyncOperation/bd149011-5a14-47d6-9def-6b263fc47199?api-version=2017-10-01-preview
  response:
    body:
      string: '{"name":"bd149011-5a14-47d6-9def-6b263fc47199","status":"InProgress","startTime":"2019-10-18T14:36:12.833Z"}'
    headers:
      cache-control:
      - no-cache
      content-length:
      - '108'
      content-type:
      - application/json; charset=utf-8
      date:
      - Fri, 18 Oct 2019 14:36:58 GMT
      expires:
      - '-1'
      pragma:
      - no-cache
      server:
      - Microsoft-HTTPAPI/2.0
      strict-transport-security:
      - max-age=31536000; includeSubDomains
      transfer-encoding:
      - chunked
      vary:
      - Accept-Encoding
      x-content-type-options:
      - nosniff
    status:
      code: 200
      message: OK
- request:
    body: null
    headers:
      Accept:
      - application/json
      Accept-Encoding:
      - gzip, deflate
      CommandName:
      - sql db update
      Connection:
      - keep-alive
      ParameterSetName:
      - -g -s -n --service-objective --max-size --read-scale --set
      User-Agent:
      - python/3.7.4 (Windows-2012ServerR2-6.3.9600-SP0) msrest/0.6.10 msrest_azure/0.6.2
        azure-mgmt-sql/0.14.0 Azure-SDK-For-Python AZURECLI/2.0.75
    method: GET
    uri: https://management.azure.com/subscriptions/00000000-0000-0000-0000-000000000000/resourceGroups/clitest.rg000001/providers/Microsoft.Sql/locations/eastus2/databaseAzureAsyncOperation/bd149011-5a14-47d6-9def-6b263fc47199?api-version=2017-10-01-preview
  response:
    body:
      string: '{"name":"bd149011-5a14-47d6-9def-6b263fc47199","status":"InProgress","startTime":"2019-10-18T14:36:12.833Z"}'
    headers:
      cache-control:
      - no-cache
      content-length:
      - '108'
      content-type:
      - application/json; charset=utf-8
      date:
      - Fri, 18 Oct 2019 14:37:14 GMT
      expires:
      - '-1'
      pragma:
      - no-cache
      server:
      - Microsoft-HTTPAPI/2.0
      strict-transport-security:
      - max-age=31536000; includeSubDomains
      transfer-encoding:
      - chunked
      vary:
      - Accept-Encoding
      x-content-type-options:
      - nosniff
    status:
      code: 200
      message: OK
- request:
    body: null
    headers:
      Accept:
      - application/json
      Accept-Encoding:
      - gzip, deflate
      CommandName:
      - sql db update
      Connection:
      - keep-alive
      ParameterSetName:
      - -g -s -n --service-objective --max-size --read-scale --set
      User-Agent:
      - python/3.7.4 (Windows-2012ServerR2-6.3.9600-SP0) msrest/0.6.10 msrest_azure/0.6.2
        azure-mgmt-sql/0.14.0 Azure-SDK-For-Python AZURECLI/2.0.75
    method: GET
    uri: https://management.azure.com/subscriptions/00000000-0000-0000-0000-000000000000/resourceGroups/clitest.rg000001/providers/Microsoft.Sql/locations/eastus2/databaseAzureAsyncOperation/bd149011-5a14-47d6-9def-6b263fc47199?api-version=2017-10-01-preview
  response:
    body:
      string: '{"name":"bd149011-5a14-47d6-9def-6b263fc47199","status":"InProgress","startTime":"2019-10-18T14:36:12.833Z"}'
    headers:
      cache-control:
      - no-cache
      content-length:
      - '108'
      content-type:
      - application/json; charset=utf-8
      date:
      - Fri, 18 Oct 2019 14:37:29 GMT
      expires:
      - '-1'
      pragma:
      - no-cache
      server:
      - Microsoft-HTTPAPI/2.0
      strict-transport-security:
      - max-age=31536000; includeSubDomains
      transfer-encoding:
      - chunked
      vary:
      - Accept-Encoding
      x-content-type-options:
      - nosniff
    status:
      code: 200
      message: OK
- request:
    body: null
    headers:
      Accept:
      - application/json
      Accept-Encoding:
      - gzip, deflate
      CommandName:
      - sql db update
      Connection:
      - keep-alive
      ParameterSetName:
      - -g -s -n --service-objective --max-size --read-scale --set
      User-Agent:
      - python/3.7.4 (Windows-2012ServerR2-6.3.9600-SP0) msrest/0.6.10 msrest_azure/0.6.2
        azure-mgmt-sql/0.14.0 Azure-SDK-For-Python AZURECLI/2.0.75
    method: GET
    uri: https://management.azure.com/subscriptions/00000000-0000-0000-0000-000000000000/resourceGroups/clitest.rg000001/providers/Microsoft.Sql/locations/eastus2/databaseAzureAsyncOperation/bd149011-5a14-47d6-9def-6b263fc47199?api-version=2017-10-01-preview
  response:
    body:
      string: '{"name":"bd149011-5a14-47d6-9def-6b263fc47199","status":"Succeeded","startTime":"2019-10-18T14:36:12.833Z"}'
    headers:
      cache-control:
      - no-cache
      content-length:
      - '107'
      content-type:
      - application/json; charset=utf-8
      date:
      - Fri, 18 Oct 2019 14:37:44 GMT
      expires:
      - '-1'
      pragma:
      - no-cache
      server:
      - Microsoft-HTTPAPI/2.0
      strict-transport-security:
      - max-age=31536000; includeSubDomains
      transfer-encoding:
      - chunked
      vary:
      - Accept-Encoding
      x-content-type-options:
      - nosniff
    status:
      code: 200
      message: OK
- request:
    body: null
    headers:
      Accept:
      - application/json
      Accept-Encoding:
      - gzip, deflate
      CommandName:
      - sql db update
      Connection:
      - keep-alive
      ParameterSetName:
      - -g -s -n --service-objective --max-size --read-scale --set
      User-Agent:
      - python/3.7.4 (Windows-2012ServerR2-6.3.9600-SP0) msrest/0.6.10 msrest_azure/0.6.2
        azure-mgmt-sql/0.14.0 Azure-SDK-For-Python AZURECLI/2.0.75
    method: GET
    uri: https://management.azure.com/subscriptions/00000000-0000-0000-0000-000000000000/resourceGroups/clitest.rg000001/providers/Microsoft.Sql/servers/clitestserver000002/databases/cliautomationdb01?api-version=2017-10-01-preview
  response:
    body:
      string: '{"sku":{"name":"Premium","tier":"Premium","capacity":125},"kind":"v12.0,user","properties":{"collation":"SQL_Latin1_General_CP1_CI_AS","maxSizeBytes":10737418240,"status":"Online","databaseId":"70f26b59-4f5c-458e-a277-cb580ef2422c","creationDate":"2019-10-18T14:35:58.663Z","currentServiceObjectiveName":"P1","requestedServiceObjectiveName":"P1","defaultSecondaryLocation":"centralus","catalogCollation":"SQL_Latin1_General_CP1_CI_AS","zoneRedundant":false,"earliestRestoreDate":"2019-10-18T14:37:41.187Z","readScale":"Enabled","readReplicaCount":1,"currentSku":{"name":"Premium","tier":"Premium","capacity":125}},"location":"eastus2","tags":{"key1":"value1"},"id":"/subscriptions/00000000-0000-0000-0000-000000000000/resourceGroups/clitest.rg000001/providers/Microsoft.Sql/servers/clitestserver000002/databases/cliautomationdb01","name":"cliautomationdb01","type":"Microsoft.Sql/servers/databases"}'
    headers:
      cache-control:
      - no-cache
      content-length:
      - '1002'
      content-type:
      - application/json; charset=utf-8
      date:
      - Fri, 18 Oct 2019 14:37:44 GMT
      expires:
      - '-1'
      pragma:
      - no-cache
      server:
      - Microsoft-HTTPAPI/2.0
      strict-transport-security:
      - max-age=31536000; includeSubDomains
      transfer-encoding:
      - chunked
      vary:
      - Accept-Encoding
      x-content-type-options:
      - nosniff
    status:
      code: 200
      message: OK
- request:
    body: null
    headers:
      Accept:
      - application/json
      Accept-Encoding:
      - gzip, deflate
      CommandName:
      - sql db update
      Connection:
      - keep-alive
      ParameterSetName:
      - --id --set
      User-Agent:
      - python/3.7.4 (Windows-2012ServerR2-6.3.9600-SP0) msrest/0.6.10 msrest_azure/0.6.2
        azure-mgmt-sql/0.14.0 Azure-SDK-For-Python AZURECLI/2.0.75
      accept-language:
      - en-US
    method: GET
    uri: https://management.azure.com/subscriptions/00000000-0000-0000-0000-000000000000/resourceGroups/clitest.rg000001/providers/Microsoft.Sql/servers/clitestserver000002/databases/cliautomationdb01?api-version=2017-10-01-preview
  response:
    body:
      string: '{"sku":{"name":"Premium","tier":"Premium","capacity":125},"kind":"v12.0,user","properties":{"collation":"SQL_Latin1_General_CP1_CI_AS","maxSizeBytes":10737418240,"status":"Online","databaseId":"70f26b59-4f5c-458e-a277-cb580ef2422c","creationDate":"2019-10-18T14:35:58.663Z","currentServiceObjectiveName":"P1","requestedServiceObjectiveName":"P1","defaultSecondaryLocation":"centralus","catalogCollation":"SQL_Latin1_General_CP1_CI_AS","zoneRedundant":false,"earliestRestoreDate":"2019-10-18T14:37:41.187Z","readScale":"Enabled","readReplicaCount":1,"currentSku":{"name":"Premium","tier":"Premium","capacity":125}},"location":"eastus2","tags":{"key1":"value1"},"id":"/subscriptions/00000000-0000-0000-0000-000000000000/resourceGroups/clitest.rg000001/providers/Microsoft.Sql/servers/clitestserver000002/databases/cliautomationdb01","name":"cliautomationdb01","type":"Microsoft.Sql/servers/databases"}'
    headers:
      cache-control:
      - no-cache
      content-length:
      - '1002'
      content-type:
      - application/json; charset=utf-8
      date:
      - Fri, 18 Oct 2019 14:37:44 GMT
      expires:
      - '-1'
      pragma:
      - no-cache
      server:
      - Microsoft-HTTPAPI/2.0
      strict-transport-security:
      - max-age=31536000; includeSubDomains
      transfer-encoding:
      - chunked
      vary:
      - Accept-Encoding
      x-content-type-options:
      - nosniff
    status:
      code: 200
      message: OK
- request:
    body: '{"location": "eastus2", "tags": {"key1": "value1", "key2": "value2"}, "sku":
      {"name": "Premium", "tier": "Premium", "capacity": 125}, "properties": {"collation":
      "SQL_Latin1_General_CP1_CI_AS", "maxSizeBytes": 10737418240, "catalogCollation":
      "SQL_Latin1_General_CP1_CI_AS", "zoneRedundant": false, "readScale": "Enabled",
      "readReplicaCount": 1}}'
    headers:
      Accept:
      - application/json
      Accept-Encoding:
      - gzip, deflate
      CommandName:
      - sql db update
      Connection:
      - keep-alive
      Content-Length:
      - '346'
      Content-Type:
      - application/json; charset=utf-8
      ParameterSetName:
      - --id --set
      User-Agent:
      - python/3.7.4 (Windows-2012ServerR2-6.3.9600-SP0) msrest/0.6.10 msrest_azure/0.6.2
        azure-mgmt-sql/0.14.0 Azure-SDK-For-Python AZURECLI/2.0.75
      accept-language:
      - en-US
    method: PUT
    uri: https://management.azure.com/subscriptions/00000000-0000-0000-0000-000000000000/resourceGroups/clitest.rg000001/providers/Microsoft.Sql/servers/clitestserver000002/databases/cliautomationdb01?api-version=2017-10-01-preview
  response:
    body:
      string: '{"operation":"UpdateLogicalDatabase","startTime":"2019-10-18T14:37:46.31Z"}'
    headers:
      azure-asyncoperation:
      - https://management.azure.com/subscriptions/00000000-0000-0000-0000-000000000000/resourceGroups/clitest.rg000001/providers/Microsoft.Sql/locations/eastus2/databaseAzureAsyncOperation/903ccc39-8618-46c6-915c-063710ed7e3d?api-version=2017-10-01-preview
      cache-control:
      - no-cache
      content-length:
      - '75'
      content-type:
      - application/json; charset=utf-8
      date:
      - Fri, 18 Oct 2019 14:37:46 GMT
      expires:
      - '-1'
      location:
      - https://management.azure.com/subscriptions/00000000-0000-0000-0000-000000000000/resourceGroups/clitest.rg000001/providers/Microsoft.Sql/locations/eastus2/databaseOperationResults/903ccc39-8618-46c6-915c-063710ed7e3d?api-version=2017-10-01-preview
      pragma:
      - no-cache
      server:
      - Microsoft-HTTPAPI/2.0
      strict-transport-security:
      - max-age=31536000; includeSubDomains
      x-content-type-options:
      - nosniff
      x-ms-ratelimit-remaining-subscription-writes:
      - '1199'
    status:
      code: 202
      message: Accepted
- request:
    body: null
    headers:
      Accept:
      - application/json
      Accept-Encoding:
      - gzip, deflate
      CommandName:
      - sql db update
      Connection:
      - keep-alive
      ParameterSetName:
      - --id --set
      User-Agent:
      - python/3.7.4 (Windows-2012ServerR2-6.3.9600-SP0) msrest/0.6.10 msrest_azure/0.6.2
        azure-mgmt-sql/0.14.0 Azure-SDK-For-Python AZURECLI/2.0.75
    method: GET
    uri: https://management.azure.com/subscriptions/00000000-0000-0000-0000-000000000000/resourceGroups/clitest.rg000001/providers/Microsoft.Sql/locations/eastus2/databaseAzureAsyncOperation/903ccc39-8618-46c6-915c-063710ed7e3d?api-version=2017-10-01-preview
  response:
    body:
      string: '{"name":"903ccc39-8618-46c6-915c-063710ed7e3d","status":"InProgress","startTime":"2019-10-18T14:37:46.31Z"}'
    headers:
      cache-control:
      - no-cache
      content-length:
      - '107'
      content-type:
      - application/json; charset=utf-8
      date:
      - Fri, 18 Oct 2019 14:38:01 GMT
      expires:
      - '-1'
      pragma:
      - no-cache
      server:
      - Microsoft-HTTPAPI/2.0
      strict-transport-security:
      - max-age=31536000; includeSubDomains
      transfer-encoding:
      - chunked
      vary:
      - Accept-Encoding
      x-content-type-options:
      - nosniff
    status:
      code: 200
      message: OK
- request:
    body: null
    headers:
      Accept:
      - application/json
      Accept-Encoding:
      - gzip, deflate
      CommandName:
      - sql db update
      Connection:
      - keep-alive
      ParameterSetName:
      - --id --set
      User-Agent:
      - python/3.7.4 (Windows-2012ServerR2-6.3.9600-SP0) msrest/0.6.10 msrest_azure/0.6.2
        azure-mgmt-sql/0.14.0 Azure-SDK-For-Python AZURECLI/2.0.75
    method: GET
    uri: https://management.azure.com/subscriptions/00000000-0000-0000-0000-000000000000/resourceGroups/clitest.rg000001/providers/Microsoft.Sql/locations/eastus2/databaseAzureAsyncOperation/903ccc39-8618-46c6-915c-063710ed7e3d?api-version=2017-10-01-preview
  response:
    body:
      string: '{"name":"903ccc39-8618-46c6-915c-063710ed7e3d","status":"InProgress","startTime":"2019-10-18T14:37:46.31Z"}'
    headers:
      cache-control:
      - no-cache
      content-length:
      - '107'
      content-type:
      - application/json; charset=utf-8
      date:
      - Fri, 18 Oct 2019 14:38:16 GMT
      expires:
      - '-1'
      pragma:
      - no-cache
      server:
      - Microsoft-HTTPAPI/2.0
      strict-transport-security:
      - max-age=31536000; includeSubDomains
      transfer-encoding:
      - chunked
      vary:
      - Accept-Encoding
      x-content-type-options:
      - nosniff
    status:
      code: 200
      message: OK
- request:
    body: null
    headers:
      Accept:
      - application/json
      Accept-Encoding:
      - gzip, deflate
      CommandName:
      - sql db update
      Connection:
      - keep-alive
      ParameterSetName:
      - --id --set
      User-Agent:
      - python/3.7.4 (Windows-2012ServerR2-6.3.9600-SP0) msrest/0.6.10 msrest_azure/0.6.2
        azure-mgmt-sql/0.14.0 Azure-SDK-For-Python AZURECLI/2.0.75
    method: GET
    uri: https://management.azure.com/subscriptions/00000000-0000-0000-0000-000000000000/resourceGroups/clitest.rg000001/providers/Microsoft.Sql/locations/eastus2/databaseAzureAsyncOperation/903ccc39-8618-46c6-915c-063710ed7e3d?api-version=2017-10-01-preview
  response:
    body:
      string: '{"name":"903ccc39-8618-46c6-915c-063710ed7e3d","status":"Succeeded","startTime":"2019-10-18T14:37:46.31Z"}'
    headers:
      cache-control:
      - no-cache
      content-length:
      - '106'
      content-type:
      - application/json; charset=utf-8
      date:
      - Fri, 18 Oct 2019 14:38:31 GMT
      expires:
      - '-1'
      pragma:
      - no-cache
      server:
      - Microsoft-HTTPAPI/2.0
      strict-transport-security:
      - max-age=31536000; includeSubDomains
      transfer-encoding:
      - chunked
      vary:
      - Accept-Encoding
      x-content-type-options:
      - nosniff
    status:
      code: 200
      message: OK
- request:
    body: null
    headers:
      Accept:
      - application/json
      Accept-Encoding:
      - gzip, deflate
      CommandName:
      - sql db update
      Connection:
      - keep-alive
      ParameterSetName:
      - --id --set
      User-Agent:
      - python/3.7.4 (Windows-2012ServerR2-6.3.9600-SP0) msrest/0.6.10 msrest_azure/0.6.2
        azure-mgmt-sql/0.14.0 Azure-SDK-For-Python AZURECLI/2.0.75
    method: GET
    uri: https://management.azure.com/subscriptions/00000000-0000-0000-0000-000000000000/resourceGroups/clitest.rg000001/providers/Microsoft.Sql/servers/clitestserver000002/databases/cliautomationdb01?api-version=2017-10-01-preview
  response:
    body:
      string: '{"sku":{"name":"Premium","tier":"Premium","capacity":125},"kind":"v12.0,user","properties":{"collation":"SQL_Latin1_General_CP1_CI_AS","maxSizeBytes":10737418240,"status":"Online","databaseId":"70f26b59-4f5c-458e-a277-cb580ef2422c","creationDate":"2019-10-18T14:35:58.663Z","currentServiceObjectiveName":"P1","requestedServiceObjectiveName":"P1","defaultSecondaryLocation":"centralus","catalogCollation":"SQL_Latin1_General_CP1_CI_AS","zoneRedundant":false,"earliestRestoreDate":"2019-10-18T14:37:41.187Z","readScale":"Enabled","readReplicaCount":1,"currentSku":{"name":"Premium","tier":"Premium","capacity":125}},"location":"eastus2","tags":{"key1":"value1","key2":"value2"},"id":"/subscriptions/00000000-0000-0000-0000-000000000000/resourceGroups/clitest.rg000001/providers/Microsoft.Sql/servers/clitestserver000002/databases/cliautomationdb01","name":"cliautomationdb01","type":"Microsoft.Sql/servers/databases"}'
    headers:
      cache-control:
      - no-cache
      content-length:
      - '1018'
      content-type:
      - application/json; charset=utf-8
      date:
      - Fri, 18 Oct 2019 14:38:31 GMT
      expires:
      - '-1'
      pragma:
      - no-cache
      server:
      - Microsoft-HTTPAPI/2.0
      strict-transport-security:
      - max-age=31536000; includeSubDomains
      transfer-encoding:
      - chunked
      vary:
      - Accept-Encoding
      x-content-type-options:
      - nosniff
    status:
      code: 200
      message: OK
- request:
    body: 'b''b\''{"id": "/subscriptions/00000000-0000-0000-0000-000000000000/resourceGroups/clitest.rg000001/providers/Microsoft.Sql/servers/clitestserver000002/databases/cliautomationdb02"}\'''''
    headers:
      Accept:
      - application/json
      Accept-Encoding:
      - gzip, deflate
      CommandName:
      - sql db rename
      Connection:
      - keep-alive
      Content-Length:
      - '276'
      Content-Type:
      - application/json; charset=utf-8
      ParameterSetName:
      - -g -s -n --new-name
      User-Agent:
      - python/3.7.4 (Windows-2012ServerR2-6.3.9600-SP0) msrest/0.6.10 msrest_azure/0.6.2
        azure-mgmt-sql/0.14.0 Azure-SDK-For-Python AZURECLI/2.0.75
      accept-language:
      - en-US
    method: POST
    uri: https://management.azure.com/subscriptions/00000000-0000-0000-0000-000000000000/resourceGroups/clitest.rg000001/providers/Microsoft.Sql/servers/clitestserver000002/databases/cliautomationdb01/move?api-version=2017-10-01-preview
  response:
    body:
      string: ''
    headers:
      cache-control:
      - no-cache
      content-length:
      - '0'
      date:
      - Fri, 18 Oct 2019 14:38:45 GMT
      expires:
      - '-1'
      pragma:
      - no-cache
      server:
      - Microsoft-HTTPAPI/2.0
      strict-transport-security:
      - max-age=31536000; includeSubDomains
      x-content-type-options:
      - nosniff
      x-ms-ratelimit-remaining-subscription-writes:
      - '1199'
    status:
      code: 200
      message: OK
- request:
    body: null
    headers:
      Accept:
      - application/json
      Accept-Encoding:
      - gzip, deflate
      CommandName:
      - sql db rename
      Connection:
      - keep-alive
      ParameterSetName:
      - -g -s -n --new-name
      User-Agent:
      - python/3.7.4 (Windows-2012ServerR2-6.3.9600-SP0) msrest/0.6.10 msrest_azure/0.6.2
        azure-mgmt-sql/0.14.0 Azure-SDK-For-Python AZURECLI/2.0.75
      accept-language:
      - en-US
    method: GET
    uri: https://management.azure.com/subscriptions/00000000-0000-0000-0000-000000000000/resourceGroups/clitest.rg000001/providers/Microsoft.Sql/servers/clitestserver000002/databases/cliautomationdb02?api-version=2017-10-01-preview
  response:
    body:
      string: '{"sku":{"name":"Premium","tier":"Premium","capacity":125},"kind":"v12.0,user","properties":{"collation":"SQL_Latin1_General_CP1_CI_AS","maxSizeBytes":10737418240,"status":"Online","databaseId":"70f26b59-4f5c-458e-a277-cb580ef2422c","creationDate":"2019-10-18T14:35:58.663Z","currentServiceObjectiveName":"P1","requestedServiceObjectiveName":"P1","defaultSecondaryLocation":"centralus","catalogCollation":"SQL_Latin1_General_CP1_CI_AS","zoneRedundant":false,"earliestRestoreDate":"2019-10-18T14:37:41.187Z","readScale":"Enabled","readReplicaCount":1,"currentSku":{"name":"Premium","tier":"Premium","capacity":125}},"location":"eastus2","tags":{"key1":"value1","key2":"value2"},"id":"/subscriptions/00000000-0000-0000-0000-000000000000/resourceGroups/clitest.rg000001/providers/Microsoft.Sql/servers/clitestserver000002/databases/cliautomationdb02","name":"cliautomationdb02","type":"Microsoft.Sql/servers/databases"}'
    headers:
      cache-control:
      - no-cache
      content-length:
      - '1018'
      content-type:
      - application/json; charset=utf-8
      date:
      - Fri, 18 Oct 2019 14:38:45 GMT
      expires:
      - '-1'
      pragma:
      - no-cache
      server:
      - Microsoft-HTTPAPI/2.0
      strict-transport-security:
      - max-age=31536000; includeSubDomains
      transfer-encoding:
      - chunked
      vary:
      - Accept-Encoding
      x-content-type-options:
      - nosniff
    status:
      code: 200
      message: OK
- request:
    body: 'b''b\''{"id": "/subscriptions/00000000-0000-0000-0000-000000000000/resourceGroups/clitest.rg000001/providers/Microsoft.Sql/servers/clitestserver000002/databases/cliautomationdb03"}\'''''
    headers:
      Accept:
      - application/json
      Accept-Encoding:
      - gzip, deflate
      CommandName:
      - sql db rename
      Connection:
      - keep-alive
      Content-Length:
      - '276'
      Content-Type:
      - application/json; charset=utf-8
      ParameterSetName:
      - --id --new-name
      User-Agent:
      - python/3.7.4 (Windows-2012ServerR2-6.3.9600-SP0) msrest/0.6.10 msrest_azure/0.6.2
        azure-mgmt-sql/0.14.0 Azure-SDK-For-Python AZURECLI/2.0.75
      accept-language:
      - en-US
    method: POST
    uri: https://management.azure.com/subscriptions/00000000-0000-0000-0000-000000000000/resourceGroups/clitest.rg000001/providers/Microsoft.Sql/servers/clitestserver000002/databases/cliautomationdb02/move?api-version=2017-10-01-preview
  response:
    body:
      string: ''
    headers:
      cache-control:
      - no-cache
      content-length:
      - '0'
      date:
      - Fri, 18 Oct 2019 14:38:58 GMT
      expires:
      - '-1'
      pragma:
      - no-cache
      server:
      - Microsoft-HTTPAPI/2.0
      strict-transport-security:
      - max-age=31536000; includeSubDomains
      x-content-type-options:
      - nosniff
      x-ms-ratelimit-remaining-subscription-writes:
      - '1199'
    status:
      code: 200
      message: OK
- request:
    body: null
    headers:
      Accept:
      - application/json
      Accept-Encoding:
      - gzip, deflate
      CommandName:
      - sql db rename
      Connection:
      - keep-alive
      ParameterSetName:
      - --id --new-name
      User-Agent:
      - python/3.7.4 (Windows-2012ServerR2-6.3.9600-SP0) msrest/0.6.10 msrest_azure/0.6.2
        azure-mgmt-sql/0.14.0 Azure-SDK-For-Python AZURECLI/2.0.75
      accept-language:
      - en-US
    method: GET
    uri: https://management.azure.com/subscriptions/00000000-0000-0000-0000-000000000000/resourceGroups/clitest.rg000001/providers/Microsoft.Sql/servers/clitestserver000002/databases/cliautomationdb03?api-version=2017-10-01-preview
  response:
    body:
      string: '{"sku":{"name":"Premium","tier":"Premium","capacity":125},"kind":"v12.0,user","properties":{"collation":"SQL_Latin1_General_CP1_CI_AS","maxSizeBytes":10737418240,"status":"Online","databaseId":"70f26b59-4f5c-458e-a277-cb580ef2422c","creationDate":"2019-10-18T14:35:58.663Z","currentServiceObjectiveName":"P1","requestedServiceObjectiveName":"P1","defaultSecondaryLocation":"centralus","catalogCollation":"SQL_Latin1_General_CP1_CI_AS","zoneRedundant":false,"earliestRestoreDate":"2019-10-18T14:37:41.187Z","readScale":"Enabled","readReplicaCount":1,"currentSku":{"name":"Premium","tier":"Premium","capacity":125}},"location":"eastus2","tags":{"key1":"value1","key2":"value2"},"id":"/subscriptions/00000000-0000-0000-0000-000000000000/resourceGroups/clitest.rg000001/providers/Microsoft.Sql/servers/clitestserver000002/databases/cliautomationdb03","name":"cliautomationdb03","type":"Microsoft.Sql/servers/databases"}'
    headers:
      cache-control:
      - no-cache
      content-length:
      - '1018'
      content-type:
      - application/json; charset=utf-8
      date:
      - Fri, 18 Oct 2019 14:38:58 GMT
      expires:
      - '-1'
      pragma:
      - no-cache
      server:
      - Microsoft-HTTPAPI/2.0
      strict-transport-security:
      - max-age=31536000; includeSubDomains
      transfer-encoding:
      - chunked
      vary:
      - Accept-Encoding
      x-content-type-options:
      - nosniff
    status:
      code: 200
      message: OK
- request:
    body: null
    headers:
      Accept:
      - application/json
      Accept-Encoding:
      - gzip, deflate
      CommandName:
      - sql db delete
      Connection:
      - keep-alive
      Content-Length:
      - '0'
      ParameterSetName:
      - -g --server --name --yes
      User-Agent:
      - python/3.7.4 (Windows-2012ServerR2-6.3.9600-SP0) msrest/0.6.10 msrest_azure/0.6.2
        azure-mgmt-sql/0.14.0 Azure-SDK-For-Python AZURECLI/2.0.75
      accept-language:
      - en-US
    method: DELETE
    uri: https://management.azure.com/subscriptions/00000000-0000-0000-0000-000000000000/resourceGroups/clitest.rg000001/providers/Microsoft.Sql/servers/clitestserver000002/databases/cliautomationdb03?api-version=2017-10-01-preview
  response:
    body:
      string: '{"operation":"DropLogicalDatabase","startTime":"2019-10-18T14:38:59.263Z"}'
    headers:
      azure-asyncoperation:
      - https://management.azure.com/subscriptions/00000000-0000-0000-0000-000000000000/resourceGroups/clitest.rg000001/providers/Microsoft.Sql/locations/eastus2/databaseAzureAsyncOperation/158272d8-9ef4-4ccf-b5dc-7d963f97dd53?api-version=2017-10-01-preview
      cache-control:
      - no-cache
      content-length:
      - '74'
      content-type:
      - application/json; charset=utf-8
      date:
      - Fri, 18 Oct 2019 14:38:59 GMT
      expires:
      - '-1'
      location:
      - https://management.azure.com/subscriptions/00000000-0000-0000-0000-000000000000/resourceGroups/clitest.rg000001/providers/Microsoft.Sql/locations/eastus2/databaseOperationResults/158272d8-9ef4-4ccf-b5dc-7d963f97dd53?api-version=2017-10-01-preview
      pragma:
      - no-cache
      server:
      - Microsoft-HTTPAPI/2.0
      strict-transport-security:
      - max-age=31536000; includeSubDomains
      x-content-type-options:
      - nosniff
      x-ms-ratelimit-remaining-subscription-deletes:
      - '14999'
    status:
      code: 202
      message: Accepted
- request:
    body: null
    headers:
      Accept:
      - application/json
      Accept-Encoding:
      - gzip, deflate
      CommandName:
      - sql db delete
      Connection:
      - keep-alive
      ParameterSetName:
      - -g --server --name --yes
      User-Agent:
      - python/3.7.4 (Windows-2012ServerR2-6.3.9600-SP0) msrest/0.6.10 msrest_azure/0.6.2
        azure-mgmt-sql/0.14.0 Azure-SDK-For-Python AZURECLI/2.0.75
    method: GET
    uri: https://management.azure.com/subscriptions/00000000-0000-0000-0000-000000000000/resourceGroups/clitest.rg000001/providers/Microsoft.Sql/locations/eastus2/databaseAzureAsyncOperation/158272d8-9ef4-4ccf-b5dc-7d963f97dd53?api-version=2017-10-01-preview
  response:
    body:
      string: '{"name":"158272d8-9ef4-4ccf-b5dc-7d963f97dd53","status":"Succeeded","startTime":"2019-10-18T14:38:59.263Z"}'
    headers:
      cache-control:
      - no-cache
      content-length:
      - '107'
      content-type:
      - application/json; charset=utf-8
      date:
      - Fri, 18 Oct 2019 14:39:14 GMT
      expires:
      - '-1'
      pragma:
      - no-cache
      server:
      - Microsoft-HTTPAPI/2.0
      strict-transport-security:
      - max-age=31536000; includeSubDomains
      transfer-encoding:
      - chunked
      vary:
      - Accept-Encoding
      x-content-type-options:
      - nosniff
    status:
      code: 200
      message: OK
- request:
    body: null
    headers:
      Accept:
      - application/json
      Accept-Encoding:
      - gzip, deflate
      CommandName:
      - sql db delete
      Connection:
      - keep-alive
      Content-Length:
      - '0'
      ParameterSetName:
      - --id --yes
      User-Agent:
      - python/3.7.4 (Windows-2012ServerR2-6.3.9600-SP0) msrest/0.6.10 msrest_azure/0.6.2
        azure-mgmt-sql/0.14.0 Azure-SDK-For-Python AZURECLI/2.0.75
      accept-language:
      - en-US
    method: DELETE
    uri: https://management.azure.com/subscriptions/00000000-0000-0000-0000-000000000000/resourceGroups/clitest.rg000001/providers/Microsoft.Sql/servers/clitestserver000002/databases/cliautomationdb03?api-version=2017-10-01-preview
  response:
    body:
      string: '{"operation":"DropLogicalDatabase","startTime":"2019-10-18T14:39:16.337Z"}'
    headers:
      azure-asyncoperation:
      - https://management.azure.com/subscriptions/00000000-0000-0000-0000-000000000000/resourceGroups/clitest.rg000001/providers/Microsoft.Sql/locations/eastus2/databaseAzureAsyncOperation/692387e4-2ccb-495f-906f-746d3c10ddb2?api-version=2017-10-01-preview
      cache-control:
      - no-cache
      content-length:
      - '74'
      content-type:
      - application/json; charset=utf-8
      date:
      - Fri, 18 Oct 2019 14:39:15 GMT
      expires:
      - '-1'
      location:
      - https://management.azure.com/subscriptions/00000000-0000-0000-0000-000000000000/resourceGroups/clitest.rg000001/providers/Microsoft.Sql/locations/eastus2/databaseOperationResults/692387e4-2ccb-495f-906f-746d3c10ddb2?api-version=2017-10-01-preview
      pragma:
      - no-cache
      server:
      - Microsoft-HTTPAPI/2.0
      strict-transport-security:
      - max-age=31536000; includeSubDomains
      x-content-type-options:
      - nosniff
      x-ms-ratelimit-remaining-subscription-deletes:
      - '14999'
    status:
      code: 202
      message: Accepted
- request:
    body: null
    headers:
      Accept:
      - application/json
      Accept-Encoding:
      - gzip, deflate
      CommandName:
      - sql db delete
      Connection:
      - keep-alive
      ParameterSetName:
      - --id --yes
      User-Agent:
      - python/3.7.4 (Windows-2012ServerR2-6.3.9600-SP0) msrest/0.6.10 msrest_azure/0.6.2
        azure-mgmt-sql/0.14.0 Azure-SDK-For-Python AZURECLI/2.0.75
    method: GET
    uri: https://management.azure.com/subscriptions/00000000-0000-0000-0000-000000000000/resourceGroups/clitest.rg000001/providers/Microsoft.Sql/locations/eastus2/databaseAzureAsyncOperation/692387e4-2ccb-495f-906f-746d3c10ddb2?api-version=2017-10-01-preview
  response:
    body:
      string: '{"name":"692387e4-2ccb-495f-906f-746d3c10ddb2","status":"Succeeded","startTime":"2019-10-18T14:39:16.337Z"}'
    headers:
      cache-control:
      - no-cache
      content-length:
      - '107'
      content-type:
      - application/json; charset=utf-8
      date:
      - Fri, 18 Oct 2019 14:39:30 GMT
      expires:
      - '-1'
      pragma:
      - no-cache
      server:
      - Microsoft-HTTPAPI/2.0
      strict-transport-security:
      - max-age=31536000; includeSubDomains
      transfer-encoding:
      - chunked
      vary:
      - Accept-Encoding
      x-content-type-options:
      - nosniff
    status:
      code: 200
      message: OK
version: 1
