interactions:
- request:
    body: '{"location": "eastus2", "properties": {"administratorLogin": "admin123",
      "administratorLoginPassword": "SecretPassword123", "administrators": {}}}'
    headers:
      Accept:
      - application/json
      Accept-Encoding:
      - gzip, deflate
      CommandName:
      - sql server create
      Connection:
      - keep-alive
      Content-Length:
      - '146'
      Content-Type:
      - application/json
      ParameterSetName:
      - -l -g -n -u -p
      User-Agent:
      - AZURECLI/2.51.0 azsdk-python-mgmt-sql/4.0.0b11 Python/3.9.13 (Windows-10-10.0.22621-SP0)
    method: PUT
    uri: https://management.azure.com/subscriptions/00000000-0000-0000-0000-000000000000/resourceGroups/clitest.rg000001/providers/Microsoft.Sql/servers/clitestserver000002?api-version=2022-08-01-preview
  response:
    body:
      string: '{"operation":"UpsertLogicalServer","startTime":"2023-08-29T05:45:37.177Z"}'
    headers:
      azure-asyncoperation:
      - https://management.azure.com/subscriptions/00000000-0000-0000-0000-000000000000/resourceGroups/clitest.rg000001/providers/Microsoft.Sql/locations/eastus2/serverAzureAsyncOperation/c3ada8b9-ab54-454c-85b2-bd0cc86977b2?api-version=2022-08-01-preview
      cache-control:
      - no-cache
      content-length:
      - '74'
      content-type:
      - application/json; charset=utf-8
      date:
      - Tue, 29 Aug 2023 05:45:37 GMT
      expires:
      - '-1'
      location:
      - https://management.azure.com/subscriptions/00000000-0000-0000-0000-000000000000/resourceGroups/clitest.rg000001/providers/Microsoft.Sql/locations/eastus2/serverOperationResults/c3ada8b9-ab54-454c-85b2-bd0cc86977b2?api-version=2022-08-01-preview
      pragma:
      - no-cache
      strict-transport-security:
      - max-age=31536000; includeSubDomains
      x-cache:
      - CONFIG_NOCACHE
      x-content-type-options:
      - nosniff
      x-ms-ratelimit-remaining-subscription-writes:
      - '1199'
      x-msedge-ref:
      - 'Ref A: B234B63CC5C3438D9FA8E6DEB554C648 Ref B: CO6AA3150217037 Ref C: 2023-08-29T05:45:36Z'
    status:
      code: 202
      message: Accepted
- request:
    body: null
    headers:
      Accept:
      - '*/*'
      Accept-Encoding:
      - gzip, deflate
      CommandName:
      - sql server create
      Connection:
      - keep-alive
      ParameterSetName:
      - -l -g -n -u -p
      User-Agent:
      - AZURECLI/2.51.0 azsdk-python-mgmt-sql/4.0.0b11 Python/3.9.13 (Windows-10-10.0.22621-SP0)
    method: GET
    uri: https://management.azure.com/subscriptions/00000000-0000-0000-0000-000000000000/resourceGroups/clitest.rg000001/providers/Microsoft.Sql/locations/eastus2/serverAzureAsyncOperation/c3ada8b9-ab54-454c-85b2-bd0cc86977b2?api-version=2022-08-01-preview
  response:
    body:
      string: '{"name":"c3ada8b9-ab54-454c-85b2-bd0cc86977b2","status":"InProgress","startTime":"2023-08-29T05:45:37.177Z"}'
    headers:
      cache-control:
      - no-cache
      content-length:
      - '108'
      content-type:
      - application/json; charset=utf-8
      date:
      - Tue, 29 Aug 2023 05:45:37 GMT
      expires:
      - '-1'
      pragma:
      - no-cache
      strict-transport-security:
      - max-age=31536000; includeSubDomains
      x-cache:
      - CONFIG_NOCACHE
      x-content-type-options:
      - nosniff
      x-msedge-ref:
      - 'Ref A: A3338727E6DC4AF1AA8615D4B8F14F7A Ref B: CO6AA3150217037 Ref C: 2023-08-29T05:45:37Z'
    status:
      code: 200
      message: OK
- request:
    body: null
    headers:
      Accept:
      - '*/*'
      Accept-Encoding:
      - gzip, deflate
      CommandName:
      - sql server create
      Connection:
      - keep-alive
      ParameterSetName:
      - -l -g -n -u -p
      User-Agent:
      - AZURECLI/2.51.0 azsdk-python-mgmt-sql/4.0.0b11 Python/3.9.13 (Windows-10-10.0.22621-SP0)
    method: GET
    uri: https://management.azure.com/subscriptions/00000000-0000-0000-0000-000000000000/resourceGroups/clitest.rg000001/providers/Microsoft.Sql/locations/eastus2/serverAzureAsyncOperation/c3ada8b9-ab54-454c-85b2-bd0cc86977b2?api-version=2022-08-01-preview
  response:
    body:
      string: '{"name":"c3ada8b9-ab54-454c-85b2-bd0cc86977b2","status":"InProgress","startTime":"2023-08-29T05:45:37.177Z"}'
    headers:
      cache-control:
      - no-cache
      content-length:
      - '108'
      content-type:
      - application/json; charset=utf-8
      date:
      - Tue, 29 Aug 2023 05:45:38 GMT
      expires:
      - '-1'
      pragma:
      - no-cache
      strict-transport-security:
      - max-age=31536000; includeSubDomains
      x-cache:
      - CONFIG_NOCACHE
      x-content-type-options:
      - nosniff
      x-msedge-ref:
      - 'Ref A: 97D3688E33FE44DFAEE9ADEFCEB34438 Ref B: CO6AA3150217037 Ref C: 2023-08-29T05:45:38Z'
    status:
      code: 200
      message: OK
- request:
    body: null
    headers:
      Accept:
      - '*/*'
      Accept-Encoding:
      - gzip, deflate
      CommandName:
      - sql server create
      Connection:
      - keep-alive
      ParameterSetName:
      - -l -g -n -u -p
      User-Agent:
      - AZURECLI/2.51.0 azsdk-python-mgmt-sql/4.0.0b11 Python/3.9.13 (Windows-10-10.0.22621-SP0)
    method: GET
    uri: https://management.azure.com/subscriptions/00000000-0000-0000-0000-000000000000/resourceGroups/clitest.rg000001/providers/Microsoft.Sql/locations/eastus2/serverAzureAsyncOperation/c3ada8b9-ab54-454c-85b2-bd0cc86977b2?api-version=2022-08-01-preview
  response:
    body:
      string: '{"name":"c3ada8b9-ab54-454c-85b2-bd0cc86977b2","status":"InProgress","startTime":"2023-08-29T05:45:37.177Z"}'
    headers:
      cache-control:
      - no-cache
      content-length:
      - '108'
      content-type:
      - application/json; charset=utf-8
      date:
      - Tue, 29 Aug 2023 05:45:39 GMT
      expires:
      - '-1'
      pragma:
      - no-cache
      strict-transport-security:
      - max-age=31536000; includeSubDomains
      x-cache:
      - CONFIG_NOCACHE
      x-content-type-options:
      - nosniff
      x-msedge-ref:
      - 'Ref A: 59D39EC566A84B31B245B42A15D5E580 Ref B: CO6AA3150217037 Ref C: 2023-08-29T05:45:39Z'
    status:
      code: 200
      message: OK
- request:
    body: null
    headers:
      Accept:
      - '*/*'
      Accept-Encoding:
      - gzip, deflate
      CommandName:
      - sql server create
      Connection:
      - keep-alive
      ParameterSetName:
      - -l -g -n -u -p
      User-Agent:
      - AZURECLI/2.51.0 azsdk-python-mgmt-sql/4.0.0b11 Python/3.9.13 (Windows-10-10.0.22621-SP0)
    method: GET
    uri: https://management.azure.com/subscriptions/00000000-0000-0000-0000-000000000000/resourceGroups/clitest.rg000001/providers/Microsoft.Sql/locations/eastus2/serverAzureAsyncOperation/c3ada8b9-ab54-454c-85b2-bd0cc86977b2?api-version=2022-08-01-preview
  response:
    body:
      string: '{"name":"c3ada8b9-ab54-454c-85b2-bd0cc86977b2","status":"InProgress","startTime":"2023-08-29T05:45:37.177Z"}'
    headers:
      cache-control:
      - no-cache
      content-length:
      - '108'
      content-type:
      - application/json; charset=utf-8
      date:
      - Tue, 29 Aug 2023 05:45:41 GMT
      expires:
      - '-1'
      pragma:
      - no-cache
      strict-transport-security:
      - max-age=31536000; includeSubDomains
      x-cache:
      - CONFIG_NOCACHE
      x-content-type-options:
      - nosniff
      x-msedge-ref:
      - 'Ref A: 0E0CE8AE6A184C7BB9A8540911EDDFF1 Ref B: CO6AA3150217037 Ref C: 2023-08-29T05:45:41Z'
    status:
      code: 200
      message: OK
- request:
    body: null
    headers:
      Accept:
      - '*/*'
      Accept-Encoding:
      - gzip, deflate
      CommandName:
      - sql server create
      Connection:
      - keep-alive
      ParameterSetName:
      - -l -g -n -u -p
      User-Agent:
      - AZURECLI/2.51.0 azsdk-python-mgmt-sql/4.0.0b11 Python/3.9.13 (Windows-10-10.0.22621-SP0)
    method: GET
    uri: https://management.azure.com/subscriptions/00000000-0000-0000-0000-000000000000/resourceGroups/clitest.rg000001/providers/Microsoft.Sql/locations/eastus2/serverAzureAsyncOperation/c3ada8b9-ab54-454c-85b2-bd0cc86977b2?api-version=2022-08-01-preview
  response:
    body:
      string: '{"name":"c3ada8b9-ab54-454c-85b2-bd0cc86977b2","status":"InProgress","startTime":"2023-08-29T05:45:37.177Z"}'
    headers:
      cache-control:
      - no-cache
      content-length:
      - '108'
      content-type:
      - application/json; charset=utf-8
      date:
      - Tue, 29 Aug 2023 05:45:42 GMT
      expires:
      - '-1'
      pragma:
      - no-cache
      strict-transport-security:
      - max-age=31536000; includeSubDomains
      x-cache:
      - CONFIG_NOCACHE
      x-content-type-options:
      - nosniff
      x-msedge-ref:
      - 'Ref A: 53457A2179EB4749952122CECE649371 Ref B: CO6AA3150217037 Ref C: 2023-08-29T05:45:42Z'
    status:
      code: 200
      message: OK
- request:
    body: null
    headers:
      Accept:
      - '*/*'
      Accept-Encoding:
      - gzip, deflate
      CommandName:
      - sql server create
      Connection:
      - keep-alive
      ParameterSetName:
      - -l -g -n -u -p
      User-Agent:
      - AZURECLI/2.51.0 azsdk-python-mgmt-sql/4.0.0b11 Python/3.9.13 (Windows-10-10.0.22621-SP0)
    method: GET
    uri: https://management.azure.com/subscriptions/00000000-0000-0000-0000-000000000000/resourceGroups/clitest.rg000001/providers/Microsoft.Sql/locations/eastus2/serverAzureAsyncOperation/c3ada8b9-ab54-454c-85b2-bd0cc86977b2?api-version=2022-08-01-preview
  response:
    body:
      string: '{"name":"c3ada8b9-ab54-454c-85b2-bd0cc86977b2","status":"InProgress","startTime":"2023-08-29T05:45:37.177Z"}'
    headers:
      cache-control:
      - no-cache
      content-length:
      - '108'
      content-type:
      - application/json; charset=utf-8
      date:
      - Tue, 29 Aug 2023 05:46:02 GMT
      expires:
      - '-1'
      pragma:
      - no-cache
      strict-transport-security:
      - max-age=31536000; includeSubDomains
      x-cache:
      - CONFIG_NOCACHE
      x-content-type-options:
      - nosniff
      x-msedge-ref:
      - 'Ref A: A798EE77D2CF42C6BA64E31DBFE12498 Ref B: CO6AA3150217037 Ref C: 2023-08-29T05:46:02Z'
    status:
      code: 200
      message: OK
- request:
    body: null
    headers:
      Accept:
      - '*/*'
      Accept-Encoding:
      - gzip, deflate
      CommandName:
      - sql server create
      Connection:
      - keep-alive
      ParameterSetName:
      - -l -g -n -u -p
      User-Agent:
      - AZURECLI/2.51.0 azsdk-python-mgmt-sql/4.0.0b11 Python/3.9.13 (Windows-10-10.0.22621-SP0)
    method: GET
    uri: https://management.azure.com/subscriptions/00000000-0000-0000-0000-000000000000/resourceGroups/clitest.rg000001/providers/Microsoft.Sql/locations/eastus2/serverAzureAsyncOperation/c3ada8b9-ab54-454c-85b2-bd0cc86977b2?api-version=2022-08-01-preview
  response:
    body:
      string: '{"name":"c3ada8b9-ab54-454c-85b2-bd0cc86977b2","status":"InProgress","startTime":"2023-08-29T05:45:37.177Z"}'
    headers:
      cache-control:
      - no-cache
      content-length:
      - '108'
      content-type:
      - application/json; charset=utf-8
      date:
      - Tue, 29 Aug 2023 05:46:22 GMT
      expires:
      - '-1'
      pragma:
      - no-cache
      strict-transport-security:
      - max-age=31536000; includeSubDomains
      x-cache:
      - CONFIG_NOCACHE
      x-content-type-options:
      - nosniff
      x-msedge-ref:
      - 'Ref A: 9A62BC796C324FCEB926376B4893DC60 Ref B: CO6AA3150217037 Ref C: 2023-08-29T05:46:22Z'
    status:
      code: 200
      message: OK
- request:
    body: null
    headers:
      Accept:
      - '*/*'
      Accept-Encoding:
      - gzip, deflate
      CommandName:
      - sql server create
      Connection:
      - keep-alive
      ParameterSetName:
      - -l -g -n -u -p
      User-Agent:
      - AZURECLI/2.51.0 azsdk-python-mgmt-sql/4.0.0b11 Python/3.9.13 (Windows-10-10.0.22621-SP0)
    method: GET
    uri: https://management.azure.com/subscriptions/00000000-0000-0000-0000-000000000000/resourceGroups/clitest.rg000001/providers/Microsoft.Sql/locations/eastus2/serverAzureAsyncOperation/c3ada8b9-ab54-454c-85b2-bd0cc86977b2?api-version=2022-08-01-preview
  response:
    body:
      string: '{"name":"c3ada8b9-ab54-454c-85b2-bd0cc86977b2","status":"Succeeded","startTime":"2023-08-29T05:45:37.177Z"}'
    headers:
      cache-control:
      - no-cache
      content-length:
      - '107'
      content-type:
      - application/json; charset=utf-8
      date:
      - Tue, 29 Aug 2023 05:46:43 GMT
      expires:
      - '-1'
      pragma:
      - no-cache
      strict-transport-security:
      - max-age=31536000; includeSubDomains
      x-cache:
      - CONFIG_NOCACHE
      x-content-type-options:
      - nosniff
      x-msedge-ref:
      - 'Ref A: 1A5965481C5F4031AC35F613FE155B4E Ref B: CO6AA3150217037 Ref C: 2023-08-29T05:46:42Z'
    status:
      code: 200
      message: OK
- request:
    body: null
    headers:
      Accept:
      - '*/*'
      Accept-Encoding:
      - gzip, deflate
      CommandName:
      - sql server create
      Connection:
      - keep-alive
      ParameterSetName:
      - -l -g -n -u -p
      User-Agent:
      - AZURECLI/2.51.0 azsdk-python-mgmt-sql/4.0.0b11 Python/3.9.13 (Windows-10-10.0.22621-SP0)
    method: GET
    uri: https://management.azure.com/subscriptions/00000000-0000-0000-0000-000000000000/resourceGroups/clitest.rg000001/providers/Microsoft.Sql/servers/clitestserver000002?api-version=2022-08-01-preview
  response:
    body:
      string: '{"kind":"v12.0","properties":{"administratorLogin":"admin123","version":"12.0","state":"Ready","fullyQualifiedDomainName":"clitestserver000002.database.windows.net","privateEndpointConnections":[],"minimalTlsVersion":"None","publicNetworkAccess":"Enabled","restrictOutboundNetworkAccess":"Disabled","externalGovernanceStatus":"Disabled"},"location":"eastus2","id":"/subscriptions/00000000-0000-0000-0000-000000000000/resourceGroups/clitest.rg000001/providers/Microsoft.Sql/servers/clitestserver000002","name":"clitestserver000002","type":"Microsoft.Sql/servers"}'
    headers:
      cache-control:
      - no-cache
      content-length:
      - '562'
      content-type:
      - application/json; charset=utf-8
      date:
      - Tue, 29 Aug 2023 05:46:43 GMT
      expires:
      - '-1'
      pragma:
      - no-cache
      strict-transport-security:
      - max-age=31536000; includeSubDomains
      x-cache:
      - CONFIG_NOCACHE
      x-content-type-options:
      - nosniff
      x-msedge-ref:
      - 'Ref A: 91D247CC76B84EDC9BBCD965FB894313 Ref B: CO6AA3150217037 Ref C: 2023-08-29T05:46:43Z'
    status:
      code: 200
      message: OK
- request:
    body: null
    headers:
      Accept:
      - application/json
      Accept-Encoding:
      - gzip, deflate
      CommandName:
      - sql db create
      Connection:
      - keep-alive
      ParameterSetName:
      - -g --server --name --read-scale --backup-storage-redundancy --yes
      User-Agent:
      - AZURECLI/2.51.0 azsdk-python-mgmt-sql/4.0.0b11 Python/3.9.13 (Windows-10-10.0.22621-SP0)
    method: GET
    uri: https://management.azure.com/subscriptions/00000000-0000-0000-0000-000000000000/resourceGroups/clitest.rg000001/providers/Microsoft.Sql/servers/clitestserver000002?api-version=2022-08-01-preview
  response:
    body:
      string: '{"kind":"v12.0","properties":{"administratorLogin":"admin123","version":"12.0","state":"Ready","fullyQualifiedDomainName":"clitestserver000002.database.windows.net","privateEndpointConnections":[],"minimalTlsVersion":"None","publicNetworkAccess":"Enabled","restrictOutboundNetworkAccess":"Disabled","externalGovernanceStatus":"Disabled"},"location":"eastus2","id":"/subscriptions/00000000-0000-0000-0000-000000000000/resourceGroups/clitest.rg000001/providers/Microsoft.Sql/servers/clitestserver000002","name":"clitestserver000002","type":"Microsoft.Sql/servers"}'
    headers:
      cache-control:
      - no-cache
      content-length:
      - '562'
      content-type:
      - application/json; charset=utf-8
      date:
      - Tue, 29 Aug 2023 05:46:43 GMT
      expires:
      - '-1'
      pragma:
      - no-cache
      strict-transport-security:
      - max-age=31536000; includeSubDomains
      x-cache:
      - CONFIG_NOCACHE
      x-content-type-options:
      - nosniff
      x-msedge-ref:
      - 'Ref A: A080821A4682406F8CD5AD2DB1B5A07B Ref B: CO6AA3150218019 Ref C: 2023-08-29T05:46:44Z'
    status:
      code: 200
      message: OK
- request:
    body: null
    headers:
      Accept:
      - application/json
      Accept-Encoding:
      - gzip, deflate
      CommandName:
      - sql db create
      Connection:
      - keep-alive
      ParameterSetName:
      - -g --server --name --read-scale --backup-storage-redundancy --yes
      User-Agent:
      - AZURECLI/2.51.0 azsdk-python-mgmt-sql/4.0.0b11 Python/3.9.13 (Windows-10-10.0.22621-SP0)
    method: GET
    uri: https://management.azure.com/subscriptions/00000000-0000-0000-0000-000000000000/resourceGroups/clitest.rg000001/providers/Microsoft.Sql/servers/clitestserver000002?api-version=2022-08-01-preview
  response:
    body:
      string: '{"kind":"v12.0","properties":{"administratorLogin":"admin123","version":"12.0","state":"Ready","fullyQualifiedDomainName":"clitestserver000002.database.windows.net","privateEndpointConnections":[],"minimalTlsVersion":"None","publicNetworkAccess":"Enabled","restrictOutboundNetworkAccess":"Disabled","externalGovernanceStatus":"Disabled"},"location":"eastus2","id":"/subscriptions/00000000-0000-0000-0000-000000000000/resourceGroups/clitest.rg000001/providers/Microsoft.Sql/servers/clitestserver000002","name":"clitestserver000002","type":"Microsoft.Sql/servers"}'
    headers:
      cache-control:
      - no-cache
      content-length:
      - '562'
      content-type:
      - application/json; charset=utf-8
      date:
      - Tue, 29 Aug 2023 05:46:44 GMT
      expires:
      - '-1'
      pragma:
      - no-cache
      strict-transport-security:
      - max-age=31536000; includeSubDomains
      x-cache:
      - CONFIG_NOCACHE
      x-content-type-options:
      - nosniff
      x-msedge-ref:
      - 'Ref A: D11E0CC718EC48358ABE82B5EABA70FB Ref B: CO6AA3150219045 Ref C: 2023-08-29T05:46:44Z'
    status:
      code: 200
      message: OK
- request:
    body: '{"location": "eastus2", "properties": {"readScale": "Disabled", "requestedBackupStorageRedundancy":
      "Local"}}'
    headers:
      Accept:
      - application/json
      Accept-Encoding:
      - gzip, deflate
      CommandName:
      - sql db create
      Connection:
      - keep-alive
      Content-Length:
      - '109'
      Content-Type:
      - application/json
      ParameterSetName:
      - -g --server --name --read-scale --backup-storage-redundancy --yes
      User-Agent:
      - AZURECLI/2.51.0 azsdk-python-mgmt-sql/4.0.0b11 Python/3.9.13 (Windows-10-10.0.22621-SP0)
    method: PUT
    uri: https://management.azure.com/subscriptions/00000000-0000-0000-0000-000000000000/resourceGroups/clitest.rg000001/providers/Microsoft.Sql/servers/clitestserver000002/databases/cliautomationdb01?api-version=2022-08-01-preview
  response:
    body:
      string: '{"operation":"CreateLogicalDatabase","startTime":"2023-08-29T05:46:45.483Z"}'
    headers:
      azure-asyncoperation:
      - https://management.azure.com/subscriptions/00000000-0000-0000-0000-000000000000/resourceGroups/clitest.rg000001/providers/Microsoft.Sql/locations/eastus2/databaseAzureAsyncOperation/fdae12f7-f378-4f8f-85f1-143cf8297fec?api-version=2022-08-01-preview
      cache-control:
      - no-cache
      content-length:
      - '76'
      content-type:
      - application/json; charset=utf-8
      date:
      - Tue, 29 Aug 2023 05:46:44 GMT
      expires:
      - '-1'
      location:
      - https://management.azure.com/subscriptions/00000000-0000-0000-0000-000000000000/resourceGroups/clitest.rg000001/providers/Microsoft.Sql/locations/eastus2/databaseOperationResults/fdae12f7-f378-4f8f-85f1-143cf8297fec?api-version=2022-08-01-preview
      pragma:
      - no-cache
      strict-transport-security:
      - max-age=31536000; includeSubDomains
      x-cache:
      - CONFIG_NOCACHE
      x-content-type-options:
      - nosniff
      x-ms-ratelimit-remaining-subscription-writes:
      - '1199'
      x-msedge-ref:
      - 'Ref A: CCF12715B2E34B62B77940B80F784BC6 Ref B: CO6AA3150218019 Ref C: 2023-08-29T05:46:44Z'
    status:
      code: 202
      message: Accepted
- request:
    body: null
    headers:
      Accept:
      - '*/*'
      Accept-Encoding:
      - gzip, deflate
      CommandName:
      - sql db create
      Connection:
      - keep-alive
      ParameterSetName:
      - -g --server --name --read-scale --backup-storage-redundancy --yes
      User-Agent:
      - AZURECLI/2.51.0 azsdk-python-mgmt-sql/4.0.0b11 Python/3.9.13 (Windows-10-10.0.22621-SP0)
    method: GET
    uri: https://management.azure.com/subscriptions/00000000-0000-0000-0000-000000000000/resourceGroups/clitest.rg000001/providers/Microsoft.Sql/locations/eastus2/databaseAzureAsyncOperation/fdae12f7-f378-4f8f-85f1-143cf8297fec?api-version=2022-08-01-preview
  response:
    body:
      string: '{"name":"fdae12f7-f378-4f8f-85f1-143cf8297fec","status":"InProgress","startTime":"2023-08-29T05:46:45.483Z"}'
    headers:
      cache-control:
      - no-cache
      content-length:
      - '108'
      content-type:
      - application/json; charset=utf-8
      date:
      - Tue, 29 Aug 2023 05:46:45 GMT
      expires:
      - '-1'
      pragma:
      - no-cache
      strict-transport-security:
      - max-age=31536000; includeSubDomains
      x-cache:
      - CONFIG_NOCACHE
      x-content-type-options:
      - nosniff
      x-msedge-ref:
      - 'Ref A: 138E1B6728034D61AC4C20A9C7240786 Ref B: CO6AA3150218019 Ref C: 2023-08-29T05:46:45Z'
    status:
      code: 200
      message: OK
- request:
    body: null
    headers:
      Accept:
      - '*/*'
      Accept-Encoding:
      - gzip, deflate
      CommandName:
      - sql db create
      Connection:
      - keep-alive
      ParameterSetName:
      - -g --server --name --read-scale --backup-storage-redundancy --yes
      User-Agent:
      - AZURECLI/2.51.0 azsdk-python-mgmt-sql/4.0.0b11 Python/3.9.13 (Windows-10-10.0.22621-SP0)
    method: GET
    uri: https://management.azure.com/subscriptions/00000000-0000-0000-0000-000000000000/resourceGroups/clitest.rg000001/providers/Microsoft.Sql/locations/eastus2/databaseAzureAsyncOperation/fdae12f7-f378-4f8f-85f1-143cf8297fec?api-version=2022-08-01-preview
  response:
    body:
      string: '{"name":"fdae12f7-f378-4f8f-85f1-143cf8297fec","status":"InProgress","startTime":"2023-08-29T05:46:45.483Z"}'
    headers:
      cache-control:
      - no-cache
      content-length:
      - '108'
      content-type:
      - application/json; charset=utf-8
      date:
      - Tue, 29 Aug 2023 05:47:00 GMT
      expires:
      - '-1'
      pragma:
      - no-cache
      strict-transport-security:
      - max-age=31536000; includeSubDomains
      x-cache:
      - CONFIG_NOCACHE
      x-content-type-options:
      - nosniff
      x-msedge-ref:
      - 'Ref A: 78A06D9338944EBB86139637B3C68491 Ref B: CO6AA3150218019 Ref C: 2023-08-29T05:47:00Z'
    status:
      code: 200
      message: OK
- request:
    body: null
    headers:
      Accept:
      - '*/*'
      Accept-Encoding:
      - gzip, deflate
      CommandName:
      - sql db create
      Connection:
      - keep-alive
      ParameterSetName:
      - -g --server --name --read-scale --backup-storage-redundancy --yes
      User-Agent:
      - AZURECLI/2.51.0 azsdk-python-mgmt-sql/4.0.0b11 Python/3.9.13 (Windows-10-10.0.22621-SP0)
    method: GET
    uri: https://management.azure.com/subscriptions/00000000-0000-0000-0000-000000000000/resourceGroups/clitest.rg000001/providers/Microsoft.Sql/locations/eastus2/databaseAzureAsyncOperation/fdae12f7-f378-4f8f-85f1-143cf8297fec?api-version=2022-08-01-preview
  response:
    body:
      string: '{"name":"fdae12f7-f378-4f8f-85f1-143cf8297fec","status":"InProgress","startTime":"2023-08-29T05:46:45.483Z"}'
    headers:
      cache-control:
      - no-cache
      content-length:
      - '108'
      content-type:
      - application/json; charset=utf-8
      date:
      - Tue, 29 Aug 2023 05:47:15 GMT
      expires:
      - '-1'
      pragma:
      - no-cache
      strict-transport-security:
      - max-age=31536000; includeSubDomains
      x-cache:
      - CONFIG_NOCACHE
      x-content-type-options:
      - nosniff
      x-msedge-ref:
      - 'Ref A: F045C8D43727433488CE52CEC35E37EB Ref B: CO6AA3150218019 Ref C: 2023-08-29T05:47:16Z'
    status:
      code: 200
      message: OK
- request:
    body: null
    headers:
      Accept:
      - '*/*'
      Accept-Encoding:
      - gzip, deflate
      CommandName:
      - sql db create
      Connection:
      - keep-alive
      ParameterSetName:
      - -g --server --name --read-scale --backup-storage-redundancy --yes
      User-Agent:
      - AZURECLI/2.51.0 azsdk-python-mgmt-sql/4.0.0b11 Python/3.9.13 (Windows-10-10.0.22621-SP0)
    method: GET
    uri: https://management.azure.com/subscriptions/00000000-0000-0000-0000-000000000000/resourceGroups/clitest.rg000001/providers/Microsoft.Sql/locations/eastus2/databaseAzureAsyncOperation/fdae12f7-f378-4f8f-85f1-143cf8297fec?api-version=2022-08-01-preview
  response:
    body:
      string: '{"name":"fdae12f7-f378-4f8f-85f1-143cf8297fec","status":"InProgress","startTime":"2023-08-29T05:46:45.483Z"}'
    headers:
      cache-control:
      - no-cache
      content-length:
      - '108'
      content-type:
      - application/json; charset=utf-8
      date:
      - Tue, 29 Aug 2023 05:47:30 GMT
      expires:
      - '-1'
      pragma:
      - no-cache
      strict-transport-security:
      - max-age=31536000; includeSubDomains
      x-cache:
      - CONFIG_NOCACHE
      x-content-type-options:
      - nosniff
      x-msedge-ref:
      - 'Ref A: B8874BD82114409FA734E3091970AC19 Ref B: CO6AA3150218019 Ref C: 2023-08-29T05:47:31Z'
    status:
      code: 200
      message: OK
- request:
    body: null
    headers:
      Accept:
      - '*/*'
      Accept-Encoding:
      - gzip, deflate
      CommandName:
      - sql db create
      Connection:
      - keep-alive
      ParameterSetName:
      - -g --server --name --read-scale --backup-storage-redundancy --yes
      User-Agent:
      - AZURECLI/2.51.0 azsdk-python-mgmt-sql/4.0.0b11 Python/3.9.13 (Windows-10-10.0.22621-SP0)
    method: GET
    uri: https://management.azure.com/subscriptions/00000000-0000-0000-0000-000000000000/resourceGroups/clitest.rg000001/providers/Microsoft.Sql/locations/eastus2/databaseAzureAsyncOperation/fdae12f7-f378-4f8f-85f1-143cf8297fec?api-version=2022-08-01-preview
  response:
    body:
      string: '{"name":"fdae12f7-f378-4f8f-85f1-143cf8297fec","status":"Succeeded","startTime":"2023-08-29T05:46:45.483Z"}'
    headers:
      cache-control:
      - no-cache
      content-length:
      - '107'
      content-type:
      - application/json; charset=utf-8
      date:
      - Tue, 29 Aug 2023 05:47:45 GMT
      expires:
      - '-1'
      pragma:
      - no-cache
      strict-transport-security:
      - max-age=31536000; includeSubDomains
      x-cache:
      - CONFIG_NOCACHE
      x-content-type-options:
      - nosniff
      x-msedge-ref:
      - 'Ref A: C3C5DBE56C4540519D315FBF48DB3E6A Ref B: CO6AA3150218019 Ref C: 2023-08-29T05:47:46Z'
    status:
      code: 200
      message: OK
- request:
    body: null
    headers:
      Accept:
      - '*/*'
      Accept-Encoding:
      - gzip, deflate
      CommandName:
      - sql db create
      Connection:
      - keep-alive
      ParameterSetName:
      - -g --server --name --read-scale --backup-storage-redundancy --yes
      User-Agent:
      - AZURECLI/2.51.0 azsdk-python-mgmt-sql/4.0.0b11 Python/3.9.13 (Windows-10-10.0.22621-SP0)
    method: GET
    uri: https://management.azure.com/subscriptions/00000000-0000-0000-0000-000000000000/resourceGroups/clitest.rg000001/providers/Microsoft.Sql/servers/clitestserver000002/databases/cliautomationdb01?api-version=2022-08-01-preview
  response:
    body:
      string: '{"sku":{"name":"GP_Gen5","tier":"GeneralPurpose","family":"Gen5","capacity":2},"kind":"v12.0,user,vcore","properties":{"collation":"SQL_Latin1_General_CP1_CI_AS","maxSizeBytes":34359738368,"status":"Online","databaseId":"029d86b7-821e-4bbb-8a47-49c133023135","creationDate":"2023-08-29T05:47:45.267Z","currentServiceObjectiveName":"GP_Gen5_2","requestedServiceObjectiveName":"GP_Gen5_2","defaultSecondaryLocation":"centralus","catalogCollation":"SQL_Latin1_General_CP1_CI_AS","zoneRedundant":false,"licenseType":"LicenseIncluded","maxLogSizeBytes":193273528320,"readScale":"Disabled","currentSku":{"name":"GP_Gen5","tier":"GeneralPurpose","family":"Gen5","capacity":2},"currentBackupStorageRedundancy":"Local","requestedBackupStorageRedundancy":"Local","maintenanceConfigurationId":"/subscriptions/00000000-0000-0000-0000-000000000000/providers/Microsoft.Maintenance/publicMaintenanceConfigurations/SQL_Default","isLedgerOn":false,"isInfraEncryptionEnabled":false,"availabilityZone":"NoPreference"},"location":"eastus2","id":"/subscriptions/00000000-0000-0000-0000-000000000000/resourceGroups/clitest.rg000001/providers/Microsoft.Sql/servers/clitestserver000002/databases/cliautomationdb01","name":"cliautomationdb01","type":"Microsoft.Sql/servers/databases"}'
    headers:
      cache-control:
      - no-cache
      content-length:
      - '1259'
      content-type:
      - application/json; charset=utf-8
      date:
      - Tue, 29 Aug 2023 05:47:46 GMT
      expires:
      - '-1'
      pragma:
      - no-cache
      strict-transport-security:
      - max-age=31536000; includeSubDomains
      x-cache:
      - CONFIG_NOCACHE
      x-content-type-options:
      - nosniff
      x-msedge-ref:
      - 'Ref A: DCBD7DBFCC5D4B39964F45B6E8011B5D Ref B: CO6AA3150218019 Ref C: 2023-08-29T05:47:46Z'
    status:
      code: 200
      message: OK
- request:
    body: null
    headers:
      Accept:
      - application/json
      Accept-Encoding:
      - gzip, deflate
      CommandName:
      - sql db list
      Connection:
      - keep-alive
      ParameterSetName:
      - -g --server
      User-Agent:
      - AZURECLI/2.51.0 azsdk-python-mgmt-sql/4.0.0b11 Python/3.9.13 (Windows-10-10.0.22621-SP0)
    method: GET
    uri: https://management.azure.com/subscriptions/00000000-0000-0000-0000-000000000000/resourceGroups/clitest.rg000001/providers/Microsoft.Sql/servers/clitestserver000002/databases?api-version=2022-08-01-preview
  response:
    body:
      string: '{"value":[{"sku":{"name":"GP_Gen5","tier":"GeneralPurpose","family":"Gen5","capacity":2},"kind":"v12.0,user,vcore","properties":{"collation":"SQL_Latin1_General_CP1_CI_AS","maxSizeBytes":34359738368,"status":"Online","databaseId":"029d86b7-821e-4bbb-8a47-49c133023135","creationDate":"2023-08-29T05:47:45.267Z","currentServiceObjectiveName":"GP_Gen5_2","requestedServiceObjectiveName":"GP_Gen5_2","defaultSecondaryLocation":"centralus","catalogCollation":"SQL_Latin1_General_CP1_CI_AS","zoneRedundant":false,"licenseType":"LicenseIncluded","maxLogSizeBytes":193273528320,"readScale":"Disabled","currentSku":{"name":"GP_Gen5","tier":"GeneralPurpose","family":"Gen5","capacity":2},"currentBackupStorageRedundancy":"Local","requestedBackupStorageRedundancy":"Local","maintenanceConfigurationId":"/subscriptions/00000000-0000-0000-0000-000000000000/providers/Microsoft.Maintenance/publicMaintenanceConfigurations/SQL_Default","isLedgerOn":false,"isInfraEncryptionEnabled":false,"availabilityZone":"NoPreference"},"location":"eastus2","id":"/subscriptions/00000000-0000-0000-0000-000000000000/resourceGroups/clitest.rg000001/providers/Microsoft.Sql/servers/clitestserver000002/databases/cliautomationdb01","name":"cliautomationdb01","type":"Microsoft.Sql/servers/databases"},{"sku":{"name":"System","tier":"System","capacity":0},"kind":"v12.0,system","managedBy":"/subscriptions/00000000-0000-0000-0000-000000000000/resourceGroups/clitest.rg000001/providers/Microsoft.Sql/servers/clitestserver000002","properties":{"collation":"SQL_Latin1_General_CP1_CI_AS","maxSizeBytes":53687091200,"status":"Online","databaseId":"d69aea98-b054-45a6-822c-b33918f1dee3","creationDate":"2023-08-29T05:46:41.507Z","currentServiceObjectiveName":"System2","requestedServiceObjectiveName":"System2","defaultSecondaryLocation":"centralus","catalogCollation":"SQL_Latin1_General_CP1_CI_AS","zoneRedundant":false,"readScale":"Disabled","currentSku":{"name":"System","tier":"System","capacity":0},"currentBackupStorageRedundancy":"Local","requestedBackupStorageRedundancy":"Local","maintenanceConfigurationId":"/subscriptions/00000000-0000-0000-0000-000000000000/providers/Microsoft.Maintenance/publicMaintenanceConfigurations/SQL_Default","isLedgerOn":false,"isInfraEncryptionEnabled":false,"availabilityZone":"NoPreference"},"location":"eastus2","id":"/subscriptions/00000000-0000-0000-0000-000000000000/resourceGroups/clitest.rg000001/providers/Microsoft.Sql/servers/clitestserver000002/databases/master","name":"master","type":"Microsoft.Sql/servers/databases"}]}'
    headers:
      cache-control:
      - no-cache
      content-length:
      - '2538'
      content-type:
      - application/json; charset=utf-8
      date:
      - Tue, 29 Aug 2023 05:47:48 GMT
      expires:
      - '-1'
      pragma:
      - no-cache
      strict-transport-security:
      - max-age=31536000; includeSubDomains
      x-cache:
      - CONFIG_NOCACHE
      x-content-type-options:
      - nosniff
      x-msedge-ref:
      - 'Ref A: 149E7D590D6944F181D7030D92CD7EBF Ref B: CO6AA3150220031 Ref C: 2023-08-29T05:47:48Z'
    status:
      code: 200
      message: OK
- request:
    body: null
    headers:
      Accept:
      - application/json
      Accept-Encoding:
      - gzip, deflate
      CommandName:
      - sql db list-usages
      Connection:
      - keep-alive
      ParameterSetName:
      - -g --server --name
      User-Agent:
      - AZURECLI/2.51.0 azsdk-python-mgmt-sql/4.0.0b11 Python/3.9.13 (Windows-10-10.0.22621-SP0)
    method: GET
    uri: https://management.azure.com/subscriptions/00000000-0000-0000-0000-000000000000/resourceGroups/clitest.rg000001/providers/Microsoft.Sql/servers/clitestserver000002/databases/cliautomationdb01/usages?api-version=2021-02-01-preview
  response:
    body:
      string: '{"value":[{"properties":{"displayName":"Database Size","currentValue":4259840.0,"limit":34359738368.0,"unit":"Bytes"},"id":"/subscriptions/00000000-0000-0000-0000-000000000000/resourceGroups/clitest.rg000001/providers/Microsoft.Sql/servers/clitestserver000002/databases/cliautomationdb01/usages/database_size","name":"database_size","type":"Microsoft.Sql/servers/databases/usages"},{"properties":{"displayName":"Database
        Allocated Size","currentValue":16777216.0,"limit":34359738368.0,"unit":"Bytes"},"id":"/subscriptions/00000000-0000-0000-0000-000000000000/resourceGroups/clitest.rg000001/providers/Microsoft.Sql/servers/clitestserver000002/databases/cliautomationdb01/usages/database_allocated_size","name":"database_allocated_size","type":"Microsoft.Sql/servers/databases/usages"}]}'
    headers:
      cache-control:
      - no-cache
      content-length:
      - '786'
      content-type:
      - application/json; charset=utf-8
      date:
      - Tue, 29 Aug 2023 05:47:48 GMT
      expires:
      - '-1'
      pragma:
      - no-cache
      strict-transport-security:
      - max-age=31536000; includeSubDomains
      x-cache:
      - CONFIG_NOCACHE
      x-content-type-options:
      - nosniff
      x-msedge-ref:
      - 'Ref A: 13897175DCA24F4D8B33D3FD6061D12C Ref B: CO6AA3150217039 Ref C: 2023-08-29T05:47:48Z'
    status:
      code: 200
      message: OK
- request:
    body: null
    headers:
      Accept:
      - application/json
      Accept-Encoding:
      - gzip, deflate
      CommandName:
      - sql db show
      Connection:
      - keep-alive
      ParameterSetName:
      - -g --server --name
      User-Agent:
      - AZURECLI/2.51.0 azsdk-python-mgmt-sql/4.0.0b11 Python/3.9.13 (Windows-10-10.0.22621-SP0)
    method: GET
    uri: https://management.azure.com/subscriptions/00000000-0000-0000-0000-000000000000/resourceGroups/clitest.rg000001/providers/Microsoft.Sql/servers/clitestserver000002/databases/cliautomationdb01?api-version=2022-08-01-preview
  response:
    body:
      string: '{"sku":{"name":"GP_Gen5","tier":"GeneralPurpose","family":"Gen5","capacity":2},"kind":"v12.0,user,vcore","properties":{"collation":"SQL_Latin1_General_CP1_CI_AS","maxSizeBytes":34359738368,"status":"Online","databaseId":"029d86b7-821e-4bbb-8a47-49c133023135","creationDate":"2023-08-29T05:47:45.267Z","currentServiceObjectiveName":"GP_Gen5_2","requestedServiceObjectiveName":"GP_Gen5_2","defaultSecondaryLocation":"centralus","catalogCollation":"SQL_Latin1_General_CP1_CI_AS","zoneRedundant":false,"licenseType":"LicenseIncluded","maxLogSizeBytes":193273528320,"readScale":"Disabled","currentSku":{"name":"GP_Gen5","tier":"GeneralPurpose","family":"Gen5","capacity":2},"currentBackupStorageRedundancy":"Local","requestedBackupStorageRedundancy":"Local","maintenanceConfigurationId":"/subscriptions/00000000-0000-0000-0000-000000000000/providers/Microsoft.Maintenance/publicMaintenanceConfigurations/SQL_Default","isLedgerOn":false,"isInfraEncryptionEnabled":false,"availabilityZone":"NoPreference"},"location":"eastus2","id":"/subscriptions/00000000-0000-0000-0000-000000000000/resourceGroups/clitest.rg000001/providers/Microsoft.Sql/servers/clitestserver000002/databases/cliautomationdb01","name":"cliautomationdb01","type":"Microsoft.Sql/servers/databases"}'
    headers:
      cache-control:
      - no-cache
      content-length:
      - '1259'
      content-type:
      - application/json; charset=utf-8
      date:
      - Tue, 29 Aug 2023 05:47:48 GMT
      expires:
      - '-1'
      pragma:
      - no-cache
      strict-transport-security:
      - max-age=31536000; includeSubDomains
      x-cache:
      - CONFIG_NOCACHE
      x-content-type-options:
      - nosniff
      x-msedge-ref:
      - 'Ref A: 1B705C32EAC449B896D7C769C2D72E91 Ref B: CO6AA3150219021 Ref C: 2023-08-29T05:47:48Z'
    status:
      code: 200
      message: OK
- request:
    body: null
    headers:
      Accept:
      - application/json
      Accept-Encoding:
      - gzip, deflate
      CommandName:
      - sql db show
      Connection:
      - keep-alive
      ParameterSetName:
      - --id
      User-Agent:
      - AZURECLI/2.51.0 azsdk-python-mgmt-sql/4.0.0b11 Python/3.9.13 (Windows-10-10.0.22621-SP0)
    method: GET
    uri: https://management.azure.com/subscriptions/00000000-0000-0000-0000-000000000000/resourceGroups/clitest.rg000001/providers/Microsoft.Sql/servers/clitestserver000002/databases/cliautomationdb01?api-version=2022-08-01-preview
  response:
    body:
      string: '{"sku":{"name":"GP_Gen5","tier":"GeneralPurpose","family":"Gen5","capacity":2},"kind":"v12.0,user,vcore","properties":{"collation":"SQL_Latin1_General_CP1_CI_AS","maxSizeBytes":34359738368,"status":"Online","databaseId":"029d86b7-821e-4bbb-8a47-49c133023135","creationDate":"2023-08-29T05:47:45.267Z","currentServiceObjectiveName":"GP_Gen5_2","requestedServiceObjectiveName":"GP_Gen5_2","defaultSecondaryLocation":"centralus","catalogCollation":"SQL_Latin1_General_CP1_CI_AS","zoneRedundant":false,"licenseType":"LicenseIncluded","maxLogSizeBytes":193273528320,"readScale":"Disabled","currentSku":{"name":"GP_Gen5","tier":"GeneralPurpose","family":"Gen5","capacity":2},"currentBackupStorageRedundancy":"Local","requestedBackupStorageRedundancy":"Local","maintenanceConfigurationId":"/subscriptions/00000000-0000-0000-0000-000000000000/providers/Microsoft.Maintenance/publicMaintenanceConfigurations/SQL_Default","isLedgerOn":false,"isInfraEncryptionEnabled":false,"availabilityZone":"NoPreference"},"location":"eastus2","id":"/subscriptions/00000000-0000-0000-0000-000000000000/resourceGroups/clitest.rg000001/providers/Microsoft.Sql/servers/clitestserver000002/databases/cliautomationdb01","name":"cliautomationdb01","type":"Microsoft.Sql/servers/databases"}'
    headers:
      cache-control:
      - no-cache
      content-length:
      - '1259'
      content-type:
      - application/json; charset=utf-8
      date:
      - Tue, 29 Aug 2023 05:47:50 GMT
      expires:
      - '-1'
      pragma:
      - no-cache
      strict-transport-security:
      - max-age=31536000; includeSubDomains
      x-cache:
      - CONFIG_NOCACHE
      x-content-type-options:
      - nosniff
      x-msedge-ref:
      - 'Ref A: 757A77C79171496BB0D1D2DA1BA4ED1B Ref B: CO6AA3150217019 Ref C: 2023-08-29T05:47:49Z'
    status:
      code: 200
      message: OK
- request:
    body: null
    headers:
      Accept:
      - application/json
      Accept-Encoding:
      - gzip, deflate
      CommandName:
      - sql db update
      Connection:
      - keep-alive
      ParameterSetName:
      - -g -s -n --service-objective --max-size --read-scale --set --backup-storage-redundancy
      User-Agent:
      - AZURECLI/2.51.0 azsdk-python-mgmt-sql/4.0.0b11 Python/3.9.13 (Windows-10-10.0.22621-SP0)
    method: GET
    uri: https://management.azure.com/subscriptions/00000000-0000-0000-0000-000000000000/resourceGroups/clitest.rg000001/providers/Microsoft.Sql/servers/clitestserver000002/databases/cliautomationdb01?api-version=2022-08-01-preview
  response:
    body:
      string: '{"sku":{"name":"GP_Gen5","tier":"GeneralPurpose","family":"Gen5","capacity":2},"kind":"v12.0,user,vcore","properties":{"collation":"SQL_Latin1_General_CP1_CI_AS","maxSizeBytes":34359738368,"status":"Online","databaseId":"029d86b7-821e-4bbb-8a47-49c133023135","creationDate":"2023-08-29T05:47:45.267Z","currentServiceObjectiveName":"GP_Gen5_2","requestedServiceObjectiveName":"GP_Gen5_2","defaultSecondaryLocation":"centralus","catalogCollation":"SQL_Latin1_General_CP1_CI_AS","zoneRedundant":false,"licenseType":"LicenseIncluded","maxLogSizeBytes":193273528320,"readScale":"Disabled","currentSku":{"name":"GP_Gen5","tier":"GeneralPurpose","family":"Gen5","capacity":2},"currentBackupStorageRedundancy":"Local","requestedBackupStorageRedundancy":"Local","maintenanceConfigurationId":"/subscriptions/00000000-0000-0000-0000-000000000000/providers/Microsoft.Maintenance/publicMaintenanceConfigurations/SQL_Default","isLedgerOn":false,"isInfraEncryptionEnabled":false,"availabilityZone":"NoPreference"},"location":"eastus2","id":"/subscriptions/00000000-0000-0000-0000-000000000000/resourceGroups/clitest.rg000001/providers/Microsoft.Sql/servers/clitestserver000002/databases/cliautomationdb01","name":"cliautomationdb01","type":"Microsoft.Sql/servers/databases"}'
    headers:
      cache-control:
      - no-cache
      content-length:
      - '1259'
      content-type:
      - application/json; charset=utf-8
      date:
      - Tue, 29 Aug 2023 05:47:50 GMT
      expires:
      - '-1'
      pragma:
      - no-cache
      strict-transport-security:
      - max-age=31536000; includeSubDomains
      x-cache:
      - CONFIG_NOCACHE
      x-content-type-options:
      - nosniff
      x-msedge-ref:
      - 'Ref A: 2A383BA00F414477AB5D46915CDCFF24 Ref B: CO6AA3150219053 Ref C: 2023-08-29T05:47:51Z'
    status:
      code: 200
      message: OK
- request:
    body: null
    headers:
      Accept:
      - application/json
      Accept-Encoding:
      - gzip, deflate
      CommandName:
      - sql db update
      Connection:
      - keep-alive
      ParameterSetName:
      - -g -s -n --service-objective --max-size --read-scale --set --backup-storage-redundancy
      User-Agent:
      - AZURECLI/2.51.0 azsdk-python-mgmt-sql/4.0.0b11 Python/3.9.13 (Windows-10-10.0.22621-SP0)
    method: GET
    uri: https://management.azure.com/subscriptions/00000000-0000-0000-0000-000000000000/resourceGroups/clitest.rg000001/providers/Microsoft.Sql/servers/clitestserver000002?api-version=2022-08-01-preview
  response:
    body:
      string: '{"kind":"v12.0","properties":{"administratorLogin":"admin123","version":"12.0","state":"Ready","fullyQualifiedDomainName":"clitestserver000002.database.windows.net","privateEndpointConnections":[],"minimalTlsVersion":"None","publicNetworkAccess":"Enabled","restrictOutboundNetworkAccess":"Disabled","externalGovernanceStatus":"Disabled"},"location":"eastus2","id":"/subscriptions/00000000-0000-0000-0000-000000000000/resourceGroups/clitest.rg000001/providers/Microsoft.Sql/servers/clitestserver000002","name":"clitestserver000002","type":"Microsoft.Sql/servers"}'
    headers:
      cache-control:
      - no-cache
      content-length:
      - '562'
      content-type:
      - application/json; charset=utf-8
      date:
      - Tue, 29 Aug 2023 05:47:51 GMT
      expires:
      - '-1'
      pragma:
      - no-cache
      strict-transport-security:
      - max-age=31536000; includeSubDomains
      x-cache:
      - CONFIG_NOCACHE
      x-content-type-options:
      - nosniff
      x-msedge-ref:
      - 'Ref A: E669BD3BA0D345C4AB7FD34006F71C0C Ref B: CO6AA3150217021 Ref C: 2023-08-29T05:47:51Z'
    status:
      code: 200
      message: OK
- request:
    body: '{"location": "eastus2", "tags": {"key1": "value1"}, "sku": {"name": "P1"},
      "properties": {"collation": "SQL_Latin1_General_CP1_CI_AS", "maxSizeBytes":
      10737418240, "catalogCollation": "SQL_Latin1_General_CP1_CI_AS", "zoneRedundant":
      false, "licenseType": "LicenseIncluded", "readScale": "Enabled", "requestedBackupStorageRedundancy":
      "Zone", "isLedgerOn": false}}'
    headers:
      Accept:
      - application/json
      Accept-Encoding:
      - gzip, deflate
      CommandName:
      - sql db update
      Connection:
      - keep-alive
      Content-Length:
      - '363'
      Content-Type:
      - application/json
      ParameterSetName:
      - -g -s -n --service-objective --max-size --read-scale --set --backup-storage-redundancy
      User-Agent:
      - AZURECLI/2.51.0 azsdk-python-mgmt-sql/4.0.0b11 Python/3.9.13 (Windows-10-10.0.22621-SP0)
    method: PUT
    uri: https://management.azure.com/subscriptions/00000000-0000-0000-0000-000000000000/resourceGroups/clitest.rg000001/providers/Microsoft.Sql/servers/clitestserver000002/databases/cliautomationdb01?api-version=2022-08-01-preview
  response:
    body:
      string: '{"operation":"UpdateLogicalDatabase","startTime":"2023-08-29T05:47:52.013Z"}'
    headers:
      azure-asyncoperation:
      - https://management.azure.com/subscriptions/00000000-0000-0000-0000-000000000000/resourceGroups/clitest.rg000001/providers/Microsoft.Sql/locations/eastus2/databaseAzureAsyncOperation/33fa403e-6a23-4851-af63-eb11631aa15b?api-version=2022-08-01-preview
      cache-control:
      - no-cache
      content-length:
      - '76'
      content-type:
      - application/json; charset=utf-8
      date:
      - Tue, 29 Aug 2023 05:47:51 GMT
      expires:
      - '-1'
      location:
      - https://management.azure.com/subscriptions/00000000-0000-0000-0000-000000000000/resourceGroups/clitest.rg000001/providers/Microsoft.Sql/locations/eastus2/databaseOperationResults/33fa403e-6a23-4851-af63-eb11631aa15b?api-version=2022-08-01-preview
      pragma:
      - no-cache
      strict-transport-security:
      - max-age=31536000; includeSubDomains
      x-cache:
      - CONFIG_NOCACHE
      x-content-type-options:
      - nosniff
      x-ms-ratelimit-remaining-subscription-writes:
      - '1198'
      x-msedge-ref:
      - 'Ref A: 58132E4AE1AA483D9C21825CB3481FA7 Ref B: CO6AA3150218049 Ref C: 2023-08-29T05:47:51Z'
    status:
      code: 202
      message: Accepted
- request:
    body: null
    headers:
      Accept:
      - '*/*'
      Accept-Encoding:
      - gzip, deflate
      CommandName:
      - sql db update
      Connection:
      - keep-alive
      ParameterSetName:
      - -g -s -n --service-objective --max-size --read-scale --set --backup-storage-redundancy
      User-Agent:
      - AZURECLI/2.51.0 azsdk-python-mgmt-sql/4.0.0b11 Python/3.9.13 (Windows-10-10.0.22621-SP0)
    method: GET
    uri: https://management.azure.com/subscriptions/00000000-0000-0000-0000-000000000000/resourceGroups/clitest.rg000001/providers/Microsoft.Sql/locations/eastus2/databaseAzureAsyncOperation/33fa403e-6a23-4851-af63-eb11631aa15b?api-version=2022-08-01-preview
  response:
    body:
      string: '{"name":"33fa403e-6a23-4851-af63-eb11631aa15b","status":"InProgress","startTime":"2023-08-29T05:47:52.013Z"}'
    headers:
      cache-control:
      - no-cache
      content-length:
      - '108'
      content-type:
      - application/json; charset=utf-8
      date:
      - Tue, 29 Aug 2023 05:47:51 GMT
      expires:
      - '-1'
      pragma:
      - no-cache
      strict-transport-security:
      - max-age=31536000; includeSubDomains
      x-cache:
      - CONFIG_NOCACHE
      x-content-type-options:
      - nosniff
      x-msedge-ref:
      - 'Ref A: 0686F58849B74DBEB82BF4B20ED65D73 Ref B: CO6AA3150218049 Ref C: 2023-08-29T05:47:52Z'
    status:
      code: 200
      message: OK
- request:
    body: null
    headers:
      Accept:
      - '*/*'
      Accept-Encoding:
      - gzip, deflate
      CommandName:
      - sql db update
      Connection:
      - keep-alive
      ParameterSetName:
      - -g -s -n --service-objective --max-size --read-scale --set --backup-storage-redundancy
      User-Agent:
      - AZURECLI/2.51.0 azsdk-python-mgmt-sql/4.0.0b11 Python/3.9.13 (Windows-10-10.0.22621-SP0)
    method: GET
    uri: https://management.azure.com/subscriptions/00000000-0000-0000-0000-000000000000/resourceGroups/clitest.rg000001/providers/Microsoft.Sql/locations/eastus2/databaseAzureAsyncOperation/33fa403e-6a23-4851-af63-eb11631aa15b?api-version=2022-08-01-preview
  response:
    body:
      string: '{"name":"33fa403e-6a23-4851-af63-eb11631aa15b","status":"InProgress","startTime":"2023-08-29T05:47:52.013Z"}'
    headers:
      cache-control:
      - no-cache
      content-length:
      - '108'
      content-type:
      - application/json; charset=utf-8
      date:
      - Tue, 29 Aug 2023 05:48:06 GMT
      expires:
      - '-1'
      pragma:
      - no-cache
      strict-transport-security:
      - max-age=31536000; includeSubDomains
      x-cache:
      - CONFIG_NOCACHE
      x-content-type-options:
      - nosniff
      x-msedge-ref:
      - 'Ref A: F4B56C33F3F34AE8B1AE3EDF9AAF4F22 Ref B: CO6AA3150218049 Ref C: 2023-08-29T05:48:07Z'
    status:
      code: 200
      message: OK
- request:
    body: null
    headers:
      Accept:
      - '*/*'
      Accept-Encoding:
      - gzip, deflate
      CommandName:
      - sql db update
      Connection:
      - keep-alive
      ParameterSetName:
      - -g -s -n --service-objective --max-size --read-scale --set --backup-storage-redundancy
      User-Agent:
      - AZURECLI/2.51.0 azsdk-python-mgmt-sql/4.0.0b11 Python/3.9.13 (Windows-10-10.0.22621-SP0)
    method: GET
    uri: https://management.azure.com/subscriptions/00000000-0000-0000-0000-000000000000/resourceGroups/clitest.rg000001/providers/Microsoft.Sql/locations/eastus2/databaseAzureAsyncOperation/33fa403e-6a23-4851-af63-eb11631aa15b?api-version=2022-08-01-preview
  response:
    body:
      string: '{"name":"33fa403e-6a23-4851-af63-eb11631aa15b","status":"InProgress","startTime":"2023-08-29T05:47:52.013Z"}'
    headers:
      cache-control:
      - no-cache
      content-length:
      - '108'
      content-type:
      - application/json; charset=utf-8
      date:
      - Tue, 29 Aug 2023 05:48:21 GMT
      expires:
      - '-1'
      pragma:
      - no-cache
      strict-transport-security:
      - max-age=31536000; includeSubDomains
      x-cache:
      - CONFIG_NOCACHE
      x-content-type-options:
      - nosniff
      x-msedge-ref:
      - 'Ref A: B3E9698E21924154BA4B9F9D9AE3FC7C Ref B: CO6AA3150218049 Ref C: 2023-08-29T05:48:22Z'
    status:
      code: 200
      message: OK
- request:
    body: null
    headers:
      Accept:
      - '*/*'
      Accept-Encoding:
      - gzip, deflate
      CommandName:
      - sql db update
      Connection:
      - keep-alive
      ParameterSetName:
      - -g -s -n --service-objective --max-size --read-scale --set --backup-storage-redundancy
      User-Agent:
      - AZURECLI/2.51.0 azsdk-python-mgmt-sql/4.0.0b11 Python/3.9.13 (Windows-10-10.0.22621-SP0)
    method: GET
    uri: https://management.azure.com/subscriptions/00000000-0000-0000-0000-000000000000/resourceGroups/clitest.rg000001/providers/Microsoft.Sql/locations/eastus2/databaseAzureAsyncOperation/33fa403e-6a23-4851-af63-eb11631aa15b?api-version=2022-08-01-preview
  response:
    body:
      string: '{"name":"33fa403e-6a23-4851-af63-eb11631aa15b","status":"InProgress","startTime":"2023-08-29T05:47:52.013Z"}'
    headers:
      cache-control:
      - no-cache
      content-length:
      - '108'
      content-type:
      - application/json; charset=utf-8
      date:
      - Tue, 29 Aug 2023 05:48:37 GMT
      expires:
      - '-1'
      pragma:
      - no-cache
      strict-transport-security:
      - max-age=31536000; includeSubDomains
      x-cache:
      - CONFIG_NOCACHE
      x-content-type-options:
      - nosniff
      x-msedge-ref:
      - 'Ref A: 31506FDBA05D4336A8720C6B67617718 Ref B: CO6AA3150218049 Ref C: 2023-08-29T05:48:37Z'
    status:
      code: 200
      message: OK
- request:
    body: null
    headers:
      Accept:
      - '*/*'
      Accept-Encoding:
      - gzip, deflate
      CommandName:
      - sql db update
      Connection:
      - keep-alive
      ParameterSetName:
      - -g -s -n --service-objective --max-size --read-scale --set --backup-storage-redundancy
      User-Agent:
      - AZURECLI/2.51.0 azsdk-python-mgmt-sql/4.0.0b11 Python/3.9.13 (Windows-10-10.0.22621-SP0)
    method: GET
    uri: https://management.azure.com/subscriptions/00000000-0000-0000-0000-000000000000/resourceGroups/clitest.rg000001/providers/Microsoft.Sql/locations/eastus2/databaseAzureAsyncOperation/33fa403e-6a23-4851-af63-eb11631aa15b?api-version=2022-08-01-preview
  response:
    body:
      string: '{"name":"33fa403e-6a23-4851-af63-eb11631aa15b","status":"InProgress","startTime":"2023-08-29T05:47:52.013Z"}'
    headers:
      cache-control:
      - no-cache
      content-length:
      - '108'
      content-type:
      - application/json; charset=utf-8
      date:
      - Tue, 29 Aug 2023 05:48:52 GMT
      expires:
      - '-1'
      pragma:
      - no-cache
      strict-transport-security:
      - max-age=31536000; includeSubDomains
      x-cache:
      - CONFIG_NOCACHE
      x-content-type-options:
      - nosniff
      x-msedge-ref:
      - 'Ref A: A4BF9339EC26409887F9A1020593112A Ref B: CO6AA3150218049 Ref C: 2023-08-29T05:48:53Z'
    status:
      code: 200
      message: OK
- request:
    body: null
    headers:
      Accept:
      - '*/*'
      Accept-Encoding:
      - gzip, deflate
      CommandName:
      - sql db update
      Connection:
      - keep-alive
      ParameterSetName:
      - -g -s -n --service-objective --max-size --read-scale --set --backup-storage-redundancy
      User-Agent:
      - AZURECLI/2.51.0 azsdk-python-mgmt-sql/4.0.0b11 Python/3.9.13 (Windows-10-10.0.22621-SP0)
    method: GET
    uri: https://management.azure.com/subscriptions/00000000-0000-0000-0000-000000000000/resourceGroups/clitest.rg000001/providers/Microsoft.Sql/locations/eastus2/databaseAzureAsyncOperation/33fa403e-6a23-4851-af63-eb11631aa15b?api-version=2022-08-01-preview
  response:
    body:
      string: '{"name":"33fa403e-6a23-4851-af63-eb11631aa15b","status":"InProgress","startTime":"2023-08-29T05:47:52.013Z"}'
    headers:
      cache-control:
      - no-cache
      content-length:
      - '108'
      content-type:
      - application/json; charset=utf-8
      date:
      - Tue, 29 Aug 2023 05:49:07 GMT
      expires:
      - '-1'
      pragma:
      - no-cache
      strict-transport-security:
      - max-age=31536000; includeSubDomains
      x-cache:
      - CONFIG_NOCACHE
      x-content-type-options:
      - nosniff
      x-msedge-ref:
      - 'Ref A: EE1175F900D04F2C9EA4A58EA58B9202 Ref B: CO6AA3150218049 Ref C: 2023-08-29T05:49:08Z'
    status:
      code: 200
      message: OK
- request:
    body: null
    headers:
      Accept:
      - '*/*'
      Accept-Encoding:
      - gzip, deflate
      CommandName:
      - sql db update
      Connection:
      - keep-alive
      ParameterSetName:
      - -g -s -n --service-objective --max-size --read-scale --set --backup-storage-redundancy
      User-Agent:
      - AZURECLI/2.51.0 azsdk-python-mgmt-sql/4.0.0b11 Python/3.9.13 (Windows-10-10.0.22621-SP0)
    method: GET
    uri: https://management.azure.com/subscriptions/00000000-0000-0000-0000-000000000000/resourceGroups/clitest.rg000001/providers/Microsoft.Sql/locations/eastus2/databaseAzureAsyncOperation/33fa403e-6a23-4851-af63-eb11631aa15b?api-version=2022-08-01-preview
  response:
    body:
      string: '{"name":"33fa403e-6a23-4851-af63-eb11631aa15b","status":"InProgress","startTime":"2023-08-29T05:47:52.013Z"}'
    headers:
      cache-control:
      - no-cache
      content-length:
      - '108'
      content-type:
      - application/json; charset=utf-8
      date:
      - Tue, 29 Aug 2023 05:49:22 GMT
      expires:
      - '-1'
      pragma:
      - no-cache
      strict-transport-security:
      - max-age=31536000; includeSubDomains
      x-cache:
      - CONFIG_NOCACHE
      x-content-type-options:
      - nosniff
      x-msedge-ref:
      - 'Ref A: 4B4CE5A1FBC2463AB94C4B801E125F3C Ref B: CO6AA3150218049 Ref C: 2023-08-29T05:49:23Z'
    status:
      code: 200
      message: OK
- request:
    body: null
    headers:
      Accept:
      - '*/*'
      Accept-Encoding:
      - gzip, deflate
      CommandName:
      - sql db update
      Connection:
      - keep-alive
      ParameterSetName:
      - -g -s -n --service-objective --max-size --read-scale --set --backup-storage-redundancy
      User-Agent:
      - AZURECLI/2.51.0 azsdk-python-mgmt-sql/4.0.0b11 Python/3.9.13 (Windows-10-10.0.22621-SP0)
    method: GET
    uri: https://management.azure.com/subscriptions/00000000-0000-0000-0000-000000000000/resourceGroups/clitest.rg000001/providers/Microsoft.Sql/locations/eastus2/databaseAzureAsyncOperation/33fa403e-6a23-4851-af63-eb11631aa15b?api-version=2022-08-01-preview
  response:
    body:
      string: '{"name":"33fa403e-6a23-4851-af63-eb11631aa15b","status":"InProgress","startTime":"2023-08-29T05:47:52.013Z"}'
    headers:
      cache-control:
      - no-cache
      content-length:
      - '108'
      content-type:
      - application/json; charset=utf-8
      date:
      - Tue, 29 Aug 2023 05:49:37 GMT
      expires:
      - '-1'
      pragma:
      - no-cache
      strict-transport-security:
      - max-age=31536000; includeSubDomains
      x-cache:
      - CONFIG_NOCACHE
      x-content-type-options:
      - nosniff
      x-msedge-ref:
      - 'Ref A: 7C230A94EBEE4045BC924F89DF0DDECA Ref B: CO6AA3150218049 Ref C: 2023-08-29T05:49:38Z'
    status:
      code: 200
      message: OK
- request:
    body: null
    headers:
      Accept:
      - '*/*'
      Accept-Encoding:
      - gzip, deflate
      CommandName:
      - sql db update
      Connection:
      - keep-alive
      ParameterSetName:
      - -g -s -n --service-objective --max-size --read-scale --set --backup-storage-redundancy
      User-Agent:
      - AZURECLI/2.51.0 azsdk-python-mgmt-sql/4.0.0b11 Python/3.9.13 (Windows-10-10.0.22621-SP0)
    method: GET
    uri: https://management.azure.com/subscriptions/00000000-0000-0000-0000-000000000000/resourceGroups/clitest.rg000001/providers/Microsoft.Sql/locations/eastus2/databaseAzureAsyncOperation/33fa403e-6a23-4851-af63-eb11631aa15b?api-version=2022-08-01-preview
  response:
    body:
      string: '{"name":"33fa403e-6a23-4851-af63-eb11631aa15b","status":"Succeeded","startTime":"2023-08-29T05:47:52.013Z"}'
    headers:
      cache-control:
      - no-cache
      content-length:
      - '107'
      content-type:
      - application/json; charset=utf-8
      date:
      - Tue, 29 Aug 2023 05:49:53 GMT
      expires:
      - '-1'
      pragma:
      - no-cache
      strict-transport-security:
      - max-age=31536000; includeSubDomains
      x-cache:
      - CONFIG_NOCACHE
      x-content-type-options:
      - nosniff
      x-msedge-ref:
      - 'Ref A: 0EE9ABCB714D4EE2A8501A61AA2F467E Ref B: CO6AA3150218049 Ref C: 2023-08-29T05:49:53Z'
    status:
      code: 200
      message: OK
- request:
    body: null
    headers:
      Accept:
      - '*/*'
      Accept-Encoding:
      - gzip, deflate
      CommandName:
      - sql db update
      Connection:
      - keep-alive
      ParameterSetName:
      - -g -s -n --service-objective --max-size --read-scale --set --backup-storage-redundancy
      User-Agent:
      - AZURECLI/2.51.0 azsdk-python-mgmt-sql/4.0.0b11 Python/3.9.13 (Windows-10-10.0.22621-SP0)
    method: GET
    uri: https://management.azure.com/subscriptions/00000000-0000-0000-0000-000000000000/resourceGroups/clitest.rg000001/providers/Microsoft.Sql/servers/clitestserver000002/databases/cliautomationdb01?api-version=2022-08-01-preview
  response:
    body:
      string: '{"sku":{"name":"Premium","tier":"Premium","capacity":125},"kind":"v12.0,user","properties":{"collation":"SQL_Latin1_General_CP1_CI_AS","maxSizeBytes":10737418240,"status":"Online","databaseId":"029d86b7-821e-4bbb-8a47-49c133023135","creationDate":"2023-08-29T05:47:45.267Z","currentServiceObjectiveName":"P1","requestedServiceObjectiveName":"P1","defaultSecondaryLocation":"centralus","catalogCollation":"SQL_Latin1_General_CP1_CI_AS","zoneRedundant":false,"readScale":"Enabled","currentSku":{"name":"Premium","tier":"Premium","capacity":125},"currentBackupStorageRedundancy":"Zone","requestedBackupStorageRedundancy":"Zone","maintenanceConfigurationId":"/subscriptions/00000000-0000-0000-0000-000000000000/providers/Microsoft.Maintenance/publicMaintenanceConfigurations/SQL_Default","isLedgerOn":false,"isInfraEncryptionEnabled":false,"availabilityZone":"NoPreference"},"location":"eastus2","tags":{"key1":"value1"},"id":"/subscriptions/00000000-0000-0000-0000-000000000000/resourceGroups/clitest.rg000001/providers/Microsoft.Sql/servers/clitestserver000002/databases/cliautomationdb01","name":"cliautomationdb01","type":"Microsoft.Sql/servers/databases"}'
    headers:
      cache-control:
      - no-cache
      content-length:
      - '1156'
      content-type:
      - application/json; charset=utf-8
      date:
      - Tue, 29 Aug 2023 05:49:54 GMT
      expires:
      - '-1'
      pragma:
      - no-cache
      strict-transport-security:
      - max-age=31536000; includeSubDomains
      x-cache:
      - CONFIG_NOCACHE
      x-content-type-options:
      - nosniff
      x-msedge-ref:
      - 'Ref A: 01AD1173141845AC8537E1306045A3D7 Ref B: CO6AA3150218049 Ref C: 2023-08-29T05:49:53Z'
    status:
      code: 200
      message: OK
- request:
    body: null
    headers:
      Accept:
      - application/json
      Accept-Encoding:
      - gzip, deflate
      CommandName:
      - sql db update
      Connection:
      - keep-alive
      ParameterSetName:
      - --id --set
      User-Agent:
      - AZURECLI/2.51.0 azsdk-python-mgmt-sql/4.0.0b11 Python/3.9.13 (Windows-10-10.0.22621-SP0)
    method: GET
    uri: https://management.azure.com/subscriptions/00000000-0000-0000-0000-000000000000/resourceGroups/clitest.rg000001/providers/Microsoft.Sql/servers/clitestserver000002/databases/cliautomationdb01?api-version=2022-08-01-preview
  response:
    body:
      string: '{"sku":{"name":"Premium","tier":"Premium","capacity":125},"kind":"v12.0,user","properties":{"collation":"SQL_Latin1_General_CP1_CI_AS","maxSizeBytes":10737418240,"status":"Online","databaseId":"029d86b7-821e-4bbb-8a47-49c133023135","creationDate":"2023-08-29T05:47:45.267Z","currentServiceObjectiveName":"P1","requestedServiceObjectiveName":"P1","defaultSecondaryLocation":"centralus","catalogCollation":"SQL_Latin1_General_CP1_CI_AS","zoneRedundant":false,"readScale":"Enabled","currentSku":{"name":"Premium","tier":"Premium","capacity":125},"currentBackupStorageRedundancy":"Zone","requestedBackupStorageRedundancy":"Zone","maintenanceConfigurationId":"/subscriptions/00000000-0000-0000-0000-000000000000/providers/Microsoft.Maintenance/publicMaintenanceConfigurations/SQL_Default","isLedgerOn":false,"isInfraEncryptionEnabled":false,"availabilityZone":"NoPreference"},"location":"eastus2","tags":{"key1":"value1"},"id":"/subscriptions/00000000-0000-0000-0000-000000000000/resourceGroups/clitest.rg000001/providers/Microsoft.Sql/servers/clitestserver000002/databases/cliautomationdb01","name":"cliautomationdb01","type":"Microsoft.Sql/servers/databases"}'
    headers:
      cache-control:
      - no-cache
      content-length:
      - '1156'
      content-type:
      - application/json; charset=utf-8
      date:
      - Tue, 29 Aug 2023 05:49:53 GMT
      expires:
      - '-1'
      pragma:
      - no-cache
      strict-transport-security:
      - max-age=31536000; includeSubDomains
      x-cache:
      - CONFIG_NOCACHE
      x-content-type-options:
      - nosniff
      x-msedge-ref:
      - 'Ref A: 3FE8E0FBF8F54CE79FD6FDABF12332C4 Ref B: CO6AA3150218023 Ref C: 2023-08-29T05:49:54Z'
    status:
      code: 200
      message: OK
- request:
    body: null
    headers:
      Accept:
      - application/json
      Accept-Encoding:
      - gzip, deflate
      CommandName:
      - sql db update
      Connection:
      - keep-alive
      ParameterSetName:
      - --id --set
      User-Agent:
      - AZURECLI/2.51.0 azsdk-python-mgmt-sql/4.0.0b11 Python/3.9.13 (Windows-10-10.0.22621-SP0)
    method: GET
    uri: https://management.azure.com/subscriptions/00000000-0000-0000-0000-000000000000/resourceGroups/clitest.rg000001/providers/Microsoft.Sql/servers/clitestserver000002?api-version=2022-08-01-preview
  response:
    body:
      string: '{"kind":"v12.0","properties":{"administratorLogin":"admin123","version":"12.0","state":"Ready","fullyQualifiedDomainName":"clitestserver000002.database.windows.net","privateEndpointConnections":[],"minimalTlsVersion":"None","publicNetworkAccess":"Enabled","restrictOutboundNetworkAccess":"Disabled","externalGovernanceStatus":"Disabled"},"location":"eastus2","id":"/subscriptions/00000000-0000-0000-0000-000000000000/resourceGroups/clitest.rg000001/providers/Microsoft.Sql/servers/clitestserver000002","name":"clitestserver000002","type":"Microsoft.Sql/servers"}'
    headers:
      cache-control:
      - no-cache
      content-length:
      - '562'
      content-type:
      - application/json; charset=utf-8
      date:
      - Tue, 29 Aug 2023 05:49:54 GMT
      expires:
      - '-1'
      pragma:
      - no-cache
      strict-transport-security:
      - max-age=31536000; includeSubDomains
      x-cache:
      - CONFIG_NOCACHE
      x-content-type-options:
      - nosniff
      x-msedge-ref:
      - 'Ref A: EFFF9B38A113428098B8B72494DA8B9A Ref B: CO6AA3150219051 Ref C: 2023-08-29T05:49:54Z'
    status:
      code: 200
      message: OK
- request:
    body: '{"location": "eastus2", "tags": {"key1": "value1", "key2": "value2"}, "sku":
      {"name": "Premium", "tier": "Premium", "capacity": 125}, "properties": {"collation":
      "SQL_Latin1_General_CP1_CI_AS", "maxSizeBytes": 10737418240, "catalogCollation":
      "SQL_Latin1_General_CP1_CI_AS", "zoneRedundant": false, "readScale": "Enabled",
      "isLedgerOn": false}}'
    headers:
      Accept:
      - application/json
      Accept-Encoding:
      - gzip, deflate
      CommandName:
      - sql db update
      Connection:
      - keep-alive
      Content-Length:
      - '344'
      Content-Type:
      - application/json
      ParameterSetName:
      - --id --set
      User-Agent:
      - AZURECLI/2.51.0 azsdk-python-mgmt-sql/4.0.0b11 Python/3.9.13 (Windows-10-10.0.22621-SP0)
    method: PUT
    uri: https://management.azure.com/subscriptions/00000000-0000-0000-0000-000000000000/resourceGroups/clitest.rg000001/providers/Microsoft.Sql/servers/clitestserver000002/databases/cliautomationdb01?api-version=2022-08-01-preview
  response:
    body:
      string: '{"operation":"UpdateLogicalDatabase","startTime":"2023-08-29T05:49:55.24Z"}'
    headers:
      azure-asyncoperation:
      - https://management.azure.com/subscriptions/00000000-0000-0000-0000-000000000000/resourceGroups/clitest.rg000001/providers/Microsoft.Sql/locations/eastus2/databaseAzureAsyncOperation/4687e00d-478c-4905-9c98-bc36c0ca2f66?api-version=2022-08-01-preview
      cache-control:
      - no-cache
      content-length:
      - '75'
      content-type:
      - application/json; charset=utf-8
      date:
      - Tue, 29 Aug 2023 05:49:54 GMT
      expires:
      - '-1'
      location:
      - https://management.azure.com/subscriptions/00000000-0000-0000-0000-000000000000/resourceGroups/clitest.rg000001/providers/Microsoft.Sql/locations/eastus2/databaseOperationResults/4687e00d-478c-4905-9c98-bc36c0ca2f66?api-version=2022-08-01-preview
      pragma:
      - no-cache
      strict-transport-security:
      - max-age=31536000; includeSubDomains
      x-cache:
      - CONFIG_NOCACHE
      x-content-type-options:
      - nosniff
      x-ms-ratelimit-remaining-subscription-writes:
      - '1199'
      x-msedge-ref:
      - 'Ref A: 95AE07E62CA0456399C81977ABD2C52A Ref B: CO6AA3150219023 Ref C: 2023-08-29T05:49:54Z'
    status:
      code: 202
      message: Accepted
- request:
    body: null
    headers:
      Accept:
      - '*/*'
      Accept-Encoding:
      - gzip, deflate
      CommandName:
      - sql db update
      Connection:
      - keep-alive
      ParameterSetName:
      - --id --set
      User-Agent:
      - AZURECLI/2.51.0 azsdk-python-mgmt-sql/4.0.0b11 Python/3.9.13 (Windows-10-10.0.22621-SP0)
    method: GET
    uri: https://management.azure.com/subscriptions/00000000-0000-0000-0000-000000000000/resourceGroups/clitest.rg000001/providers/Microsoft.Sql/locations/eastus2/databaseAzureAsyncOperation/4687e00d-478c-4905-9c98-bc36c0ca2f66?api-version=2022-08-01-preview
  response:
    body:
      string: '{"name":"4687e00d-478c-4905-9c98-bc36c0ca2f66","status":"InProgress","startTime":"2023-08-29T05:49:55.24Z"}'
    headers:
      cache-control:
      - no-cache
      content-length:
      - '107'
      content-type:
      - application/json; charset=utf-8
      date:
      - Tue, 29 Aug 2023 05:49:54 GMT
      expires:
      - '-1'
      pragma:
      - no-cache
      strict-transport-security:
      - max-age=31536000; includeSubDomains
      x-cache:
      - CONFIG_NOCACHE
      x-content-type-options:
      - nosniff
      x-msedge-ref:
      - 'Ref A: DE7A56F849C34FD99E0CDB225BD8103A Ref B: CO6AA3150219023 Ref C: 2023-08-29T05:49:55Z'
    status:
      code: 200
      message: OK
- request:
    body: null
    headers:
      Accept:
      - '*/*'
      Accept-Encoding:
      - gzip, deflate
      CommandName:
      - sql db update
      Connection:
      - keep-alive
      ParameterSetName:
      - --id --set
      User-Agent:
      - AZURECLI/2.51.0 azsdk-python-mgmt-sql/4.0.0b11 Python/3.9.13 (Windows-10-10.0.22621-SP0)
    method: GET
    uri: https://management.azure.com/subscriptions/00000000-0000-0000-0000-000000000000/resourceGroups/clitest.rg000001/providers/Microsoft.Sql/locations/eastus2/databaseAzureAsyncOperation/4687e00d-478c-4905-9c98-bc36c0ca2f66?api-version=2022-08-01-preview
  response:
    body:
      string: '{"name":"4687e00d-478c-4905-9c98-bc36c0ca2f66","status":"Succeeded","startTime":"2023-08-29T05:49:55.24Z"}'
    headers:
      cache-control:
      - no-cache
      content-length:
      - '106'
      content-type:
      - application/json; charset=utf-8
      date:
      - Tue, 29 Aug 2023 05:50:10 GMT
      expires:
      - '-1'
      pragma:
      - no-cache
      strict-transport-security:
      - max-age=31536000; includeSubDomains
      x-cache:
      - CONFIG_NOCACHE
      x-content-type-options:
      - nosniff
      x-msedge-ref:
      - 'Ref A: 0B782E221C984F10B13C9F96EFC0751E Ref B: CO6AA3150219023 Ref C: 2023-08-29T05:50:10Z'
    status:
      code: 200
      message: OK
- request:
    body: null
    headers:
      Accept:
      - '*/*'
      Accept-Encoding:
      - gzip, deflate
      CommandName:
      - sql db update
      Connection:
      - keep-alive
      ParameterSetName:
      - --id --set
      User-Agent:
      - AZURECLI/2.51.0 azsdk-python-mgmt-sql/4.0.0b11 Python/3.9.13 (Windows-10-10.0.22621-SP0)
    method: GET
    uri: https://management.azure.com/subscriptions/00000000-0000-0000-0000-000000000000/resourceGroups/clitest.rg000001/providers/Microsoft.Sql/servers/clitestserver000002/databases/cliautomationdb01?api-version=2022-08-01-preview
  response:
    body:
      string: '{"sku":{"name":"Premium","tier":"Premium","capacity":125},"kind":"v12.0,user","properties":{"collation":"SQL_Latin1_General_CP1_CI_AS","maxSizeBytes":10737418240,"status":"Online","databaseId":"029d86b7-821e-4bbb-8a47-49c133023135","creationDate":"2023-08-29T05:47:45.267Z","currentServiceObjectiveName":"P1","requestedServiceObjectiveName":"P1","defaultSecondaryLocation":"centralus","catalogCollation":"SQL_Latin1_General_CP1_CI_AS","zoneRedundant":false,"readScale":"Enabled","currentSku":{"name":"Premium","tier":"Premium","capacity":125},"currentBackupStorageRedundancy":"Zone","requestedBackupStorageRedundancy":"Zone","maintenanceConfigurationId":"/subscriptions/00000000-0000-0000-0000-000000000000/providers/Microsoft.Maintenance/publicMaintenanceConfigurations/SQL_Default","isLedgerOn":false,"isInfraEncryptionEnabled":false,"availabilityZone":"NoPreference"},"location":"eastus2","tags":{"key1":"value1","key2":"value2"},"id":"/subscriptions/00000000-0000-0000-0000-000000000000/resourceGroups/clitest.rg000001/providers/Microsoft.Sql/servers/clitestserver000002/databases/cliautomationdb01","name":"cliautomationdb01","type":"Microsoft.Sql/servers/databases"}'
    headers:
      cache-control:
      - no-cache
      content-length:
      - '1172'
      content-type:
      - application/json; charset=utf-8
      date:
      - Tue, 29 Aug 2023 05:50:10 GMT
      expires:
      - '-1'
      pragma:
      - no-cache
      strict-transport-security:
      - max-age=31536000; includeSubDomains
      x-cache:
      - CONFIG_NOCACHE
      x-content-type-options:
      - nosniff
      x-msedge-ref:
      - 'Ref A: EF832606714C4990AAF38ADA60F62896 Ref B: CO6AA3150219023 Ref C: 2023-08-29T05:50:10Z'
    status:
      code: 200
      message: OK
- request:
    body: '{"id": "/subscriptions/00000000-0000-0000-0000-000000000000/resourceGroups/clitest.rg000001/providers/Microsoft.Sql/servers/clitestserver000002/databases/cliautomationdb02"}'
    headers:
      Accept:
      - '*/*'
      Accept-Encoding:
      - gzip, deflate
      CommandName:
      - sql db rename
      Connection:
      - keep-alive
      Content-Length:
      - '173'
      Content-Type:
      - application/json
      ParameterSetName:
      - -g -s -n --new-name
      User-Agent:
      - AZURECLI/2.51.0 azsdk-python-mgmt-sql/4.0.0b11 Python/3.9.13 (Windows-10-10.0.22621-SP0)
    method: POST
    uri: https://management.azure.com/subscriptions/00000000-0000-0000-0000-000000000000/resourceGroups/clitest.rg000001/providers/Microsoft.Sql/servers/clitestserver000002/databases/cliautomationdb01/move?api-version=2022-08-01-preview
  response:
    body:
      string: ''
    headers:
      cache-control:
      - no-cache
      content-length:
      - '0'
      date:
      - Tue, 29 Aug 2023 05:50:22 GMT
      expires:
      - '-1'
      pragma:
      - no-cache
      strict-transport-security:
      - max-age=31536000; includeSubDomains
      x-cache:
      - CONFIG_NOCACHE
      x-content-type-options:
      - nosniff
      x-ms-ratelimit-remaining-subscription-writes:
      - '1199'
      x-msedge-ref:
      - 'Ref A: E8C068E9CA4948E4B2BBCB8F313EA205 Ref B: CO6AA3150219037 Ref C: 2023-08-29T05:50:11Z'
    status:
      code: 200
      message: OK
- request:
    body: null
    headers:
      Accept:
      - application/json
      Accept-Encoding:
      - gzip, deflate
      CommandName:
      - sql db rename
      Connection:
      - keep-alive
      ParameterSetName:
      - -g -s -n --new-name
      User-Agent:
      - AZURECLI/2.51.0 azsdk-python-mgmt-sql/4.0.0b11 Python/3.9.13 (Windows-10-10.0.22621-SP0)
    method: GET
    uri: https://management.azure.com/subscriptions/00000000-0000-0000-0000-000000000000/resourceGroups/clitest.rg000001/providers/Microsoft.Sql/servers/clitestserver000002/databases/cliautomationdb02?api-version=2022-08-01-preview
  response:
    body:
      string: '{"sku":{"name":"Premium","tier":"Premium","capacity":125},"kind":"v12.0,user","properties":{"collation":"SQL_Latin1_General_CP1_CI_AS","maxSizeBytes":10737418240,"status":"Online","databaseId":"029d86b7-821e-4bbb-8a47-49c133023135","creationDate":"2023-08-29T05:47:45.267Z","currentServiceObjectiveName":"P1","requestedServiceObjectiveName":"P1","defaultSecondaryLocation":"centralus","catalogCollation":"SQL_Latin1_General_CP1_CI_AS","zoneRedundant":false,"readScale":"Enabled","currentSku":{"name":"Premium","tier":"Premium","capacity":125},"currentBackupStorageRedundancy":"Zone","requestedBackupStorageRedundancy":"Zone","maintenanceConfigurationId":"/subscriptions/00000000-0000-0000-0000-000000000000/providers/Microsoft.Maintenance/publicMaintenanceConfigurations/SQL_Default","isLedgerOn":false,"isInfraEncryptionEnabled":false,"availabilityZone":"NoPreference"},"location":"eastus2","tags":{"key1":"value1","key2":"value2"},"id":"/subscriptions/00000000-0000-0000-0000-000000000000/resourceGroups/clitest.rg000001/providers/Microsoft.Sql/servers/clitestserver000002/databases/cliautomationdb02","name":"cliautomationdb02","type":"Microsoft.Sql/servers/databases"}'
    headers:
      cache-control:
      - no-cache
      content-length:
      - '1172'
      content-type:
      - application/json; charset=utf-8
      date:
      - Tue, 29 Aug 2023 05:50:22 GMT
      expires:
      - '-1'
      pragma:
      - no-cache
      strict-transport-security:
      - max-age=31536000; includeSubDomains
      x-cache:
      - CONFIG_NOCACHE
      x-content-type-options:
      - nosniff
      x-msedge-ref:
      - 'Ref A: 59CF923E8CEF4CBF8F9BED9C28136309 Ref B: CO6AA3150219037 Ref C: 2023-08-29T05:50:22Z'
    status:
      code: 200
      message: OK
- request:
    body: '{"id": "/subscriptions/00000000-0000-0000-0000-000000000000/resourceGroups/clitest.rg000001/providers/Microsoft.Sql/servers/clitestserver000002/databases/cliautomationdb03"}'
    headers:
      Accept:
      - '*/*'
      Accept-Encoding:
      - gzip, deflate
      CommandName:
      - sql db rename
      Connection:
      - keep-alive
      Content-Length:
      - '173'
      Content-Type:
      - application/json
      ParameterSetName:
      - --id --new-name
      User-Agent:
      - AZURECLI/2.51.0 azsdk-python-mgmt-sql/4.0.0b11 Python/3.9.13 (Windows-10-10.0.22621-SP0)
    method: POST
    uri: https://management.azure.com/subscriptions/00000000-0000-0000-0000-000000000000/resourceGroups/clitest.rg000001/providers/Microsoft.Sql/servers/clitestserver000002/databases/cliautomationdb02/move?api-version=2022-08-01-preview
  response:
    body:
      string: ''
    headers:
      cache-control:
      - no-cache
      content-length:
      - '0'
      date:
      - Tue, 29 Aug 2023 05:50:33 GMT
      expires:
      - '-1'
      pragma:
      - no-cache
      strict-transport-security:
      - max-age=31536000; includeSubDomains
      x-cache:
      - CONFIG_NOCACHE
      x-content-type-options:
      - nosniff
      x-ms-ratelimit-remaining-subscription-writes:
      - '1199'
      x-msedge-ref:
      - 'Ref A: 82B96AF54DFD41C5BCAC058AEE76E4E8 Ref B: CO6AA3150220019 Ref C: 2023-08-29T05:50:23Z'
    status:
      code: 200
      message: OK
- request:
    body: null
    headers:
      Accept:
      - application/json
      Accept-Encoding:
      - gzip, deflate
      CommandName:
      - sql db rename
      Connection:
      - keep-alive
      ParameterSetName:
      - --id --new-name
      User-Agent:
      - AZURECLI/2.51.0 azsdk-python-mgmt-sql/4.0.0b11 Python/3.9.13 (Windows-10-10.0.22621-SP0)
    method: GET
    uri: https://management.azure.com/subscriptions/00000000-0000-0000-0000-000000000000/resourceGroups/clitest.rg000001/providers/Microsoft.Sql/servers/clitestserver000002/databases/cliautomationdb03?api-version=2022-08-01-preview
  response:
    body:
      string: '{"sku":{"name":"Premium","tier":"Premium","capacity":125},"kind":"v12.0,user","properties":{"collation":"SQL_Latin1_General_CP1_CI_AS","maxSizeBytes":10737418240,"status":"Online","databaseId":"029d86b7-821e-4bbb-8a47-49c133023135","creationDate":"2023-08-29T05:47:45.267Z","currentServiceObjectiveName":"P1","requestedServiceObjectiveName":"P1","defaultSecondaryLocation":"centralus","catalogCollation":"SQL_Latin1_General_CP1_CI_AS","zoneRedundant":false,"readScale":"Enabled","currentSku":{"name":"Premium","tier":"Premium","capacity":125},"currentBackupStorageRedundancy":"Zone","requestedBackupStorageRedundancy":"Zone","maintenanceConfigurationId":"/subscriptions/00000000-0000-0000-0000-000000000000/providers/Microsoft.Maintenance/publicMaintenanceConfigurations/SQL_Default","isLedgerOn":false,"isInfraEncryptionEnabled":false,"availabilityZone":"NoPreference"},"location":"eastus2","tags":{"key1":"value1","key2":"value2"},"id":"/subscriptions/00000000-0000-0000-0000-000000000000/resourceGroups/clitest.rg000001/providers/Microsoft.Sql/servers/clitestserver000002/databases/cliautomationdb03","name":"cliautomationdb03","type":"Microsoft.Sql/servers/databases"}'
    headers:
      cache-control:
      - no-cache
      content-length:
      - '1172'
      content-type:
      - application/json; charset=utf-8
      date:
      - Tue, 29 Aug 2023 05:50:33 GMT
      expires:
      - '-1'
      pragma:
      - no-cache
      strict-transport-security:
      - max-age=31536000; includeSubDomains
      x-cache:
      - CONFIG_NOCACHE
      x-content-type-options:
      - nosniff
      x-msedge-ref:
      - 'Ref A: CED96B64F4C44D10A0283E3CEB7572F0 Ref B: CO6AA3150220019 Ref C: 2023-08-29T05:50:34Z'
    status:
      code: 200
      message: OK
- request:
    body: null
    headers:
      Accept:
      - '*/*'
      Accept-Encoding:
      - gzip, deflate
      CommandName:
      - sql db delete
      Connection:
      - keep-alive
      Content-Length:
      - '0'
      ParameterSetName:
      - -g --server --name --yes
      User-Agent:
      - AZURECLI/2.51.0 azsdk-python-mgmt-sql/4.0.0b11 Python/3.9.13 (Windows-10-10.0.22621-SP0)
    method: DELETE
    uri: https://management.azure.com/subscriptions/00000000-0000-0000-0000-000000000000/resourceGroups/clitest.rg000001/providers/Microsoft.Sql/servers/clitestserver000002/databases/cliautomationdb03?api-version=2022-08-01-preview
  response:
    body:
      string: '{"operation":"DropLogicalDatabase","startTime":"2023-08-29T05:50:34.927Z"}'
    headers:
      azure-asyncoperation:
      - https://management.azure.com/subscriptions/00000000-0000-0000-0000-000000000000/resourceGroups/clitest.rg000001/providers/Microsoft.Sql/locations/eastus2/databaseAzureAsyncOperation/486da2a7-80db-414c-87eb-6db61aa4704a?api-version=2022-08-01-preview
      cache-control:
      - no-cache
      content-length:
      - '74'
      content-type:
      - application/json; charset=utf-8
      date:
      - Tue, 29 Aug 2023 05:50:34 GMT
      expires:
      - '-1'
      location:
      - https://management.azure.com/subscriptions/00000000-0000-0000-0000-000000000000/resourceGroups/clitest.rg000001/providers/Microsoft.Sql/locations/eastus2/databaseOperationResults/486da2a7-80db-414c-87eb-6db61aa4704a?api-version=2022-08-01-preview
      pragma:
      - no-cache
      strict-transport-security:
      - max-age=31536000; includeSubDomains
      x-cache:
      - CONFIG_NOCACHE
      x-content-type-options:
      - nosniff
      x-ms-ratelimit-remaining-subscription-deletes:
      - '14999'
      x-msedge-ref:
      - 'Ref A: 3E3801B3F65743468E935CECDDD29F70 Ref B: CO6AA3150218009 Ref C: 2023-08-29T05:50:34Z'
    status:
      code: 202
      message: Accepted
- request:
    body: null
    headers:
      Accept:
      - '*/*'
      Accept-Encoding:
      - gzip, deflate
      CommandName:
      - sql db delete
      Connection:
      - keep-alive
      ParameterSetName:
      - -g --server --name --yes
      User-Agent:
      - AZURECLI/2.51.0 azsdk-python-mgmt-sql/4.0.0b11 Python/3.9.13 (Windows-10-10.0.22621-SP0)
    method: GET
    uri: https://management.azure.com/subscriptions/00000000-0000-0000-0000-000000000000/resourceGroups/clitest.rg000001/providers/Microsoft.Sql/locations/eastus2/databaseAzureAsyncOperation/486da2a7-80db-414c-87eb-6db61aa4704a?api-version=2022-08-01-preview
  response:
    body:
      string: '{"name":"486da2a7-80db-414c-87eb-6db61aa4704a","status":"InProgress","startTime":"2023-08-29T05:50:34.927Z"}'
    headers:
      cache-control:
      - no-cache
      content-length:
      - '108'
      content-type:
      - application/json; charset=utf-8
      date:
      - Tue, 29 Aug 2023 05:50:34 GMT
      expires:
      - '-1'
      pragma:
      - no-cache
      strict-transport-security:
      - max-age=31536000; includeSubDomains
      x-cache:
      - CONFIG_NOCACHE
      x-content-type-options:
      - nosniff
      x-msedge-ref:
      - 'Ref A: 5FF9CBAEC5FA480BBD4AF6EFEC11529E Ref B: CO6AA3150218009 Ref C: 2023-08-29T05:50:35Z'
    status:
      code: 200
      message: OK
- request:
    body: null
    headers:
      Accept:
      - '*/*'
      Accept-Encoding:
      - gzip, deflate
      CommandName:
      - sql db delete
      Connection:
      - keep-alive
      ParameterSetName:
      - -g --server --name --yes
      User-Agent:
      - AZURECLI/2.51.0 azsdk-python-mgmt-sql/4.0.0b11 Python/3.9.13 (Windows-10-10.0.22621-SP0)
    method: GET
    uri: https://management.azure.com/subscriptions/00000000-0000-0000-0000-000000000000/resourceGroups/clitest.rg000001/providers/Microsoft.Sql/locations/eastus2/databaseAzureAsyncOperation/486da2a7-80db-414c-87eb-6db61aa4704a?api-version=2022-08-01-preview
  response:
    body:
      string: '{"name":"486da2a7-80db-414c-87eb-6db61aa4704a","status":"Succeeded","startTime":"2023-08-29T05:50:34.927Z"}'
    headers:
      cache-control:
      - no-cache
      content-length:
      - '107'
      content-type:
      - application/json; charset=utf-8
      date:
      - Tue, 29 Aug 2023 05:50:50 GMT
      expires:
      - '-1'
      pragma:
      - no-cache
      strict-transport-security:
      - max-age=31536000; includeSubDomains
      x-cache:
      - CONFIG_NOCACHE
      x-content-type-options:
      - nosniff
      x-msedge-ref:
      - 'Ref A: BE8B88DE82904A78B0822A6306B8A759 Ref B: CO6AA3150218009 Ref C: 2023-08-29T05:50:50Z'
    status:
      code: 200
      message: OK
- request:
    body: null
    headers:
      Accept:
      - '*/*'
      Accept-Encoding:
      - gzip, deflate
      CommandName:
      - sql db delete
      Connection:
      - keep-alive
      ParameterSetName:
      - -g --server --name --yes
      User-Agent:
      - AZURECLI/2.51.0 azsdk-python-mgmt-sql/4.0.0b11 Python/3.9.13 (Windows-10-10.0.22621-SP0)
    method: GET
    uri: https://management.azure.com/subscriptions/00000000-0000-0000-0000-000000000000/resourceGroups/clitest.rg000001/providers/Microsoft.Sql/locations/eastus2/databaseOperationResults/486da2a7-80db-414c-87eb-6db61aa4704a?api-version=2022-08-01-preview
  response:
    body:
      string: ''
    headers:
      cache-control:
      - no-cache
      content-length:
      - '0'
      date:
      - Tue, 29 Aug 2023 05:50:50 GMT
      expires:
      - '-1'
      pragma:
      - no-cache
      strict-transport-security:
      - max-age=31536000; includeSubDomains
      x-cache:
      - CONFIG_NOCACHE
      x-content-type-options:
      - nosniff
      x-msedge-ref:
      - 'Ref A: FDAFB874B09248FC893D481A3809CAD4 Ref B: CO6AA3150218009 Ref C: 2023-08-29T05:50:50Z'
    status:
      code: 200
      message: OK
- request:
    body: null
    headers:
      Accept:
      - '*/*'
      Accept-Encoding:
      - gzip, deflate
      CommandName:
      - sql db delete
      Connection:
      - keep-alive
      Content-Length:
      - '0'
      ParameterSetName:
      - --id --yes
      User-Agent:
      - AZURECLI/2.51.0 azsdk-python-mgmt-sql/4.0.0b11 Python/3.9.13 (Windows-10-10.0.22621-SP0)
    method: DELETE
    uri: https://management.azure.com/subscriptions/00000000-0000-0000-0000-000000000000/resourceGroups/clitest.rg000001/providers/Microsoft.Sql/servers/clitestserver000002/databases/cliautomationdb03?api-version=2022-08-01-preview
  response:
    body:
      string: '{"operation":"DropLogicalDatabase","startTime":"2023-08-29T05:50:51.38Z"}'
    headers:
      azure-asyncoperation:
      - https://management.azure.com/subscriptions/00000000-0000-0000-0000-000000000000/resourceGroups/clitest.rg000001/providers/Microsoft.Sql/locations/eastus2/databaseAzureAsyncOperation/423d08a3-d688-4c22-82c4-d3fe6a72617e?api-version=2022-08-01-preview
      cache-control:
      - no-cache
      content-length:
      - '73'
      content-type:
      - application/json; charset=utf-8
      date:
      - Tue, 29 Aug 2023 05:50:51 GMT
      expires:
      - '-1'
      location:
      - https://management.azure.com/subscriptions/00000000-0000-0000-0000-000000000000/resourceGroups/clitest.rg000001/providers/Microsoft.Sql/locations/eastus2/databaseOperationResults/423d08a3-d688-4c22-82c4-d3fe6a72617e?api-version=2022-08-01-preview
      pragma:
      - no-cache
      strict-transport-security:
      - max-age=31536000; includeSubDomains
      x-cache:
      - CONFIG_NOCACHE
      x-content-type-options:
      - nosniff
      x-ms-ratelimit-remaining-subscription-deletes:
      - '14999'
      x-msedge-ref:
      - 'Ref A: 3FA748F2806A47D892B645BD193DA1AB Ref B: CO6AA3150219045 Ref C: 2023-08-29T05:50:50Z'
    status:
      code: 202
      message: Accepted
- request:
    body: null
    headers:
      Accept:
      - '*/*'
      Accept-Encoding:
      - gzip, deflate
      CommandName:
      - sql db delete
      Connection:
      - keep-alive
      ParameterSetName:
      - --id --yes
      User-Agent:
      - AZURECLI/2.51.0 azsdk-python-mgmt-sql/4.0.0b11 Python/3.9.13 (Windows-10-10.0.22621-SP0)
    method: GET
    uri: https://management.azure.com/subscriptions/00000000-0000-0000-0000-000000000000/resourceGroups/clitest.rg000001/providers/Microsoft.Sql/locations/eastus2/databaseAzureAsyncOperation/423d08a3-d688-4c22-82c4-d3fe6a72617e?api-version=2022-08-01-preview
  response:
    body:
      string: '{"name":"423d08a3-d688-4c22-82c4-d3fe6a72617e","status":"Succeeded","startTime":"2023-08-29T05:50:51.38Z"}'
    headers:
      cache-control:
      - no-cache
      content-length:
      - '106'
      content-type:
      - application/json; charset=utf-8
      date:
      - Tue, 29 Aug 2023 05:50:51 GMT
      expires:
      - '-1'
      pragma:
      - no-cache
      strict-transport-security:
      - max-age=31536000; includeSubDomains
      x-cache:
      - CONFIG_NOCACHE
      x-content-type-options:
      - nosniff
      x-msedge-ref:
      - 'Ref A: 5B641E0385624AB78010FA7F289AC28D Ref B: CO6AA3150219045 Ref C: 2023-08-29T05:50:51Z'
    status:
      code: 200
      message: OK
- request:
    body: null
    headers:
      Accept:
      - '*/*'
      Accept-Encoding:
      - gzip, deflate
      CommandName:
      - sql db delete
      Connection:
      - keep-alive
      ParameterSetName:
      - --id --yes
      User-Agent:
      - AZURECLI/2.51.0 azsdk-python-mgmt-sql/4.0.0b11 Python/3.9.13 (Windows-10-10.0.22621-SP0)
    method: GET
    uri: https://management.azure.com/subscriptions/00000000-0000-0000-0000-000000000000/resourceGroups/clitest.rg000001/providers/Microsoft.Sql/locations/eastus2/databaseOperationResults/423d08a3-d688-4c22-82c4-d3fe6a72617e?api-version=2022-08-01-preview
  response:
    body:
      string: ''
    headers:
      cache-control:
      - no-cache
      date:
      - Tue, 29 Aug 2023 05:50:51 GMT
      expires:
      - '-1'
      pragma:
      - no-cache
      strict-transport-security:
      - max-age=31536000; includeSubDomains
      x-cache:
      - CONFIG_NOCACHE
      x-content-type-options:
      - nosniff
      x-msedge-ref:
      - 'Ref A: EED3466322A44DC8AFD65A95401D79D5 Ref B: CO6AA3150219045 Ref C: 2023-08-29T05:50:51Z'
    status:
      code: 204
      message: No Content
version: 1
