interactions:
- request:
    body: '{"location": "centraluseuap", "sku": {"name": "Basic"}, "identity": {"type":
      "None"}, "kind": "Azure", "properties": {"inputSchema": "EventGridSchema", "publicNetworkAccess":
      "disabled", "inboundIpRules": [{"ipMask": "19.12.43.90/12", "action": "allow"},
      {"ipMask": "19.12.43.70/20", "action": "allow"}], "disableLocalAuth": false}}'
    headers:
      Accept:
      - application/json
      Accept-Encoding:
      - gzip, deflate
      CommandName:
      - eventgrid topic create
      Connection:
      - keep-alive
      Content-Length:
      - '332'
      Content-Type:
      - application/json
      ParameterSetName:
      - --name --resource-group --location --public-network-access --inbound-ip-rules
        --inbound-ip-rules --sku --mi-system-assigned --mi-user-assigned
      User-Agent:
      - AZURECLI/2.38.0 azsdk-python-mgmt-eventgrid/10.2.0b2 Python/3.8.3 (Windows-10-10.0.19041-SP0)
    method: PUT
    uri: https://management.azure.com/subscriptions/00000000-0000-0000-0000-000000000000/resourceGroups/clieventgrid000001/providers/Microsoft.EventGrid/topics/cli000002?api-version=2021-10-15-preview
  response:
    body:
      string: '{"properties":{"provisioningState":"Creating","endpoint":null,"inputSchema":"EventGridSchema","publicNetworkAccess":"Disabled","inboundIpRules":[{"ipMask":"19.12.43.90/12","action":"Allow"},{"ipMask":"19.12.43.70/20","action":"Allow"}],"disableLocalAuth":false},"sku":{"name":"Basic"},"identity":{"type":"None","principalId":null,"tenantId":null,"userAssignedIdentities":null},"kind":"Azure","systemData":null,"location":"centraluseuap","tags":null,"id":"/subscriptions/00000000-0000-0000-0000-000000000000/resourceGroups/clieventgrid000001/providers/Microsoft.EventGrid/topics/cli000002","name":"cli000002","type":"Microsoft.EventGrid/topics"}'
    headers:
      azure-asyncoperation:
      - https://management.azure.com:443/subscriptions/00000000-0000-0000-0000-000000000000/providers/Microsoft.EventGrid/locations/centraluseuap/operationsStatus/3816ACDB-57E4-4D19-84AD-6031FE62B4B8?api-version=2021-10-15-preview
      cache-control:
      - no-cache
      content-length:
      - '644'
      content-type:
      - application/json; charset=utf-8
      date:
      - Mon, 18 Jul 2022 06:57:21 GMT
      expires:
      - '-1'
      pragma:
      - no-cache
      server:
      - Microsoft-HTTPAPI/2.0
      strict-transport-security:
      - max-age=31536000; includeSubDomains
      x-content-type-options:
      - nosniff
      x-ms-ratelimit-remaining-subscription-writes:
      - '1197'
    status:
      code: 201
      message: Created
- request:
    body: null
    headers:
      Accept:
      - '*/*'
      Accept-Encoding:
      - gzip, deflate
      CommandName:
      - eventgrid topic create
      Connection:
      - keep-alive
      ParameterSetName:
      - --name --resource-group --location --public-network-access --inbound-ip-rules
        --inbound-ip-rules --sku --mi-system-assigned --mi-user-assigned
      User-Agent:
      - AZURECLI/2.38.0 azsdk-python-mgmt-eventgrid/10.2.0b2 Python/3.8.3 (Windows-10-10.0.19041-SP0)
    method: GET
    uri: https://management.azure.com/subscriptions/00000000-0000-0000-0000-000000000000/providers/Microsoft.EventGrid/locations/centraluseuap/operationsStatus/3816ACDB-57E4-4D19-84AD-6031FE62B4B8?api-version=2021-10-15-preview
  response:
    body:
      string: '{"id":"https://management.azure.com/subscriptions/00000000-0000-0000-0000-000000000000/providers/Microsoft.EventGrid/locations/centraluseuap/operationsStatus/3816ACDB-57E4-4D19-84AD-6031FE62B4B8?api-version=2021-10-15-preview","name":"3816acdb-57e4-4d19-84ad-6031fe62b4b8","status":"Succeeded"}'
    headers:
      cache-control:
      - no-cache
      content-length:
      - '294'
      content-type:
      - application/json; charset=utf-8
      date:
      - Mon, 18 Jul 2022 06:57:31 GMT
      expires:
      - '-1'
      pragma:
      - no-cache
      server:
      - Microsoft-HTTPAPI/2.0
      strict-transport-security:
      - max-age=31536000; includeSubDomains
      transfer-encoding:
      - chunked
      vary:
      - Accept-Encoding
      x-content-type-options:
      - nosniff
    status:
      code: 200
      message: OK
- request:
    body: null
    headers:
      Accept:
      - '*/*'
      Accept-Encoding:
      - gzip, deflate
      CommandName:
      - eventgrid topic create
      Connection:
      - keep-alive
      ParameterSetName:
      - --name --resource-group --location --public-network-access --inbound-ip-rules
        --inbound-ip-rules --sku --mi-system-assigned --mi-user-assigned
      User-Agent:
      - AZURECLI/2.38.0 azsdk-python-mgmt-eventgrid/10.2.0b2 Python/3.8.3 (Windows-10-10.0.19041-SP0)
    method: GET
    uri: https://management.azure.com/subscriptions/00000000-0000-0000-0000-000000000000/resourceGroups/clieventgrid000001/providers/Microsoft.EventGrid/topics/cli000002?api-version=2021-10-15-preview
  response:
    body:
      string: '{"properties":{"provisioningState":"Succeeded","endpoint":"https://cli000002.centraluseuap-1.eventgrid.azure.net/api/events","inputSchema":"EventGridSchema","metricResourceId":"4144ee91-c33d-48a2-88e5-3257f8c46d67","publicNetworkAccess":"Disabled","inboundIpRules":[{"ipMask":"19.12.43.90/12","action":"Allow"},{"ipMask":"19.12.43.70/20","action":"Allow"}],"disableLocalAuth":false,"dataResidencyBoundary":"WithinGeopair"},"sku":{"name":"Basic"},"identity":{"type":"None","principalId":null,"tenantId":null,"userAssignedIdentities":null},"kind":"Azure","systemData":null,"location":"centraluseuap","tags":null,"id":"/subscriptions/00000000-0000-0000-0000-000000000000/resourceGroups/clieventgrid000001/providers/Microsoft.EventGrid/topics/cli000002","name":"cli000002","type":"Microsoft.EventGrid/topics"}'
    headers:
      cache-control:
      - no-cache
      content-length:
      - '805'
      content-type:
      - application/json; charset=utf-8
      date:
      - Mon, 18 Jul 2022 06:57:31 GMT
      expires:
      - '-1'
      pragma:
      - no-cache
      server:
      - Microsoft-HTTPAPI/2.0
      strict-transport-security:
      - max-age=31536000; includeSubDomains
      transfer-encoding:
      - chunked
      vary:
      - Accept-Encoding
      x-content-type-options:
      - nosniff
    status:
      code: 200
      message: OK
- request:
    body: '{"location": "centraluseuap", "sku": {"name": "Basic"}, "identity": {"type":
      "None"}, "kind": "Azure", "properties": {"inputSchema": "EventGridSchema", "publicNetworkAccess":
      "disabled", "inboundIpRules": [{"ipMask": "19.12.43.90/12", "action": "allow"},
      {"ipMask": "19.12.43.70/20", "action": "allow"}], "disableLocalAuth": false}}'
    headers:
      Accept:
      - application/json
      Accept-Encoding:
      - gzip, deflate
      CommandName:
      - eventgrid topic create
      Connection:
      - keep-alive
      Content-Length:
      - '332'
      Content-Type:
      - application/json
      ParameterSetName:
      - --name --resource-group --location --public-network-access --inbound-ip-rules
        --inbound-ip-rules --sku --mi-user-assigned
      User-Agent:
      - AZURECLI/2.38.0 azsdk-python-mgmt-eventgrid/10.2.0b2 Python/3.8.3 (Windows-10-10.0.19041-SP0)
    method: PUT
    uri: https://management.azure.com/subscriptions/00000000-0000-0000-0000-000000000000/resourceGroups/clieventgrid000001/providers/Microsoft.EventGrid/topics/cli000002?api-version=2021-10-15-preview
  response:
    body:
      string: '{"properties":{"provisioningState":"Updating","endpoint":null,"inputSchema":"EventGridSchema","publicNetworkAccess":"Disabled","inboundIpRules":[{"ipMask":"19.12.43.90/12","action":"Allow"},{"ipMask":"19.12.43.70/20","action":"Allow"}],"disableLocalAuth":false},"sku":{"name":"Basic"},"identity":{"type":"None","principalId":null,"tenantId":null,"userAssignedIdentities":null},"kind":"Azure","systemData":null,"location":"centraluseuap","tags":null,"id":"/subscriptions/00000000-0000-0000-0000-000000000000/resourceGroups/clieventgrid000001/providers/Microsoft.EventGrid/topics/cli000002","name":"cli000002","type":"Microsoft.EventGrid/topics"}'
    headers:
      azure-asyncoperation:
      - https://management.azure.com:443/subscriptions/00000000-0000-0000-0000-000000000000/providers/Microsoft.EventGrid/locations/centraluseuap/operationsStatus/C03B0E6C-B9A0-4B6B-9674-B92351563548?api-version=2021-10-15-preview
      cache-control:
      - no-cache
      content-length:
      - '644'
      content-type:
      - application/json; charset=utf-8
      date:
      - Mon, 18 Jul 2022 06:57:33 GMT
      expires:
      - '-1'
      pragma:
      - no-cache
      server:
      - Microsoft-HTTPAPI/2.0
      strict-transport-security:
      - max-age=31536000; includeSubDomains
      x-content-type-options:
      - nosniff
      x-ms-ratelimit-remaining-subscription-writes:
      - '1191'
    status:
      code: 201
      message: Created
- request:
    body: null
    headers:
      Accept:
      - '*/*'
      Accept-Encoding:
      - gzip, deflate
      CommandName:
      - eventgrid topic create
      Connection:
      - keep-alive
      ParameterSetName:
      - --name --resource-group --location --public-network-access --inbound-ip-rules
        --inbound-ip-rules --sku --mi-user-assigned
      User-Agent:
      - AZURECLI/2.38.0 azsdk-python-mgmt-eventgrid/10.2.0b2 Python/3.8.3 (Windows-10-10.0.19041-SP0)
    method: GET
    uri: https://management.azure.com/subscriptions/00000000-0000-0000-0000-000000000000/providers/Microsoft.EventGrid/locations/centraluseuap/operationsStatus/C03B0E6C-B9A0-4B6B-9674-B92351563548?api-version=2021-10-15-preview
  response:
    body:
      string: '{"id":"https://management.azure.com/subscriptions/00000000-0000-0000-0000-000000000000/providers/Microsoft.EventGrid/locations/centraluseuap/operationsStatus/C03B0E6C-B9A0-4B6B-9674-B92351563548?api-version=2021-10-15-preview","name":"c03b0e6c-b9a0-4b6b-9674-b92351563548","status":"Succeeded"}'
    headers:
      cache-control:
      - no-cache
      content-length:
      - '294'
      content-type:
      - application/json; charset=utf-8
      date:
      - Mon, 18 Jul 2022 06:57:43 GMT
      expires:
      - '-1'
      pragma:
      - no-cache
      server:
      - Microsoft-HTTPAPI/2.0
      strict-transport-security:
      - max-age=31536000; includeSubDomains
      transfer-encoding:
      - chunked
      vary:
      - Accept-Encoding
      x-content-type-options:
      - nosniff
    status:
      code: 200
      message: OK
- request:
    body: null
    headers:
      Accept:
      - '*/*'
      Accept-Encoding:
      - gzip, deflate
      CommandName:
      - eventgrid topic create
      Connection:
      - keep-alive
      ParameterSetName:
      - --name --resource-group --location --public-network-access --inbound-ip-rules
        --inbound-ip-rules --sku --mi-user-assigned
      User-Agent:
      - AZURECLI/2.38.0 azsdk-python-mgmt-eventgrid/10.2.0b2 Python/3.8.3 (Windows-10-10.0.19041-SP0)
    method: GET
    uri: https://management.azure.com/subscriptions/00000000-0000-0000-0000-000000000000/resourceGroups/clieventgrid000001/providers/Microsoft.EventGrid/topics/cli000002?api-version=2021-10-15-preview
  response:
    body:
      string: '{"properties":{"provisioningState":"Succeeded","endpoint":"https://cli000002.centraluseuap-1.eventgrid.azure.net/api/events","inputSchema":"EventGridSchema","metricResourceId":"4144ee91-c33d-48a2-88e5-3257f8c46d67","publicNetworkAccess":"Disabled","inboundIpRules":[{"ipMask":"19.12.43.90/12","action":"Allow"},{"ipMask":"19.12.43.70/20","action":"Allow"}],"disableLocalAuth":false,"dataResidencyBoundary":"WithinGeopair"},"sku":{"name":"Basic"},"identity":{"type":"None","principalId":null,"tenantId":null,"userAssignedIdentities":null},"kind":"Azure","systemData":null,"location":"centraluseuap","tags":null,"id":"/subscriptions/00000000-0000-0000-0000-000000000000/resourceGroups/clieventgrid000001/providers/Microsoft.EventGrid/topics/cli000002","name":"cli000002","type":"Microsoft.EventGrid/topics"}'
    headers:
      cache-control:
      - no-cache
      content-length:
      - '805'
      content-type:
      - application/json; charset=utf-8
      date:
      - Mon, 18 Jul 2022 06:57:43 GMT
      expires:
      - '-1'
      pragma:
      - no-cache
      server:
      - Microsoft-HTTPAPI/2.0
      strict-transport-security:
      - max-age=31536000; includeSubDomains
      transfer-encoding:
      - chunked
      vary:
      - Accept-Encoding
      x-content-type-options:
      - nosniff
    status:
      code: 200
      message: OK
- request:
    body: '{"location": "centraluseuap", "sku": {"name": "Basic"}, "identity": {"type":
      "None"}, "kind": "Azure", "properties": {"inputSchema": "EventGridSchema", "publicNetworkAccess":
      "disabled", "inboundIpRules": [{"ipMask": "19.12.43.90/12", "action": "allow"},
      {"ipMask": "19.12.43.70/20", "action": "allow"}], "disableLocalAuth": false}}'
    headers:
      Accept:
      - application/json
      Accept-Encoding:
      - gzip, deflate
      CommandName:
      - eventgrid topic create
      Connection:
      - keep-alive
      Content-Length:
      - '332'
      Content-Type:
      - application/json
      ParameterSetName:
      - --name --resource-group --location --public-network-access --inbound-ip-rules
        --inbound-ip-rules --sku --mi-system-assigned
      User-Agent:
      - AZURECLI/2.38.0 azsdk-python-mgmt-eventgrid/10.2.0b2 Python/3.8.3 (Windows-10-10.0.19041-SP0)
    method: PUT
    uri: https://management.azure.com/subscriptions/00000000-0000-0000-0000-000000000000/resourceGroups/clieventgrid000001/providers/Microsoft.EventGrid/topics/cli000003?api-version=2021-10-15-preview
  response:
    body:
      string: '{"properties":{"provisioningState":"Creating","endpoint":null,"inputSchema":"EventGridSchema","publicNetworkAccess":"Disabled","inboundIpRules":[{"ipMask":"19.12.43.90/12","action":"Allow"},{"ipMask":"19.12.43.70/20","action":"Allow"}],"disableLocalAuth":false},"sku":{"name":"Basic"},"identity":{"type":"None","principalId":null,"tenantId":null,"userAssignedIdentities":null},"kind":"Azure","systemData":null,"location":"centraluseuap","tags":null,"id":"/subscriptions/00000000-0000-0000-0000-000000000000/resourceGroups/clieventgrid000001/providers/Microsoft.EventGrid/topics/cli000003","name":"cli000003","type":"Microsoft.EventGrid/topics"}'
    headers:
      azure-asyncoperation:
      - https://management.azure.com:443/subscriptions/00000000-0000-0000-0000-000000000000/providers/Microsoft.EventGrid/locations/centraluseuap/operationsStatus/01028620-A23F-41D5-A2E3-346F71039168?api-version=2021-10-15-preview
      cache-control:
      - no-cache
      content-length:
      - '644'
      content-type:
      - application/json; charset=utf-8
      date:
      - Mon, 18 Jul 2022 06:57:45 GMT
      expires:
      - '-1'
      pragma:
      - no-cache
      server:
      - Microsoft-HTTPAPI/2.0
      strict-transport-security:
      - max-age=31536000; includeSubDomains
      x-content-type-options:
      - nosniff
      x-ms-ratelimit-remaining-subscription-writes:
      - '1193'
    status:
      code: 201
      message: Created
- request:
    body: null
    headers:
      Accept:
      - '*/*'
      Accept-Encoding:
      - gzip, deflate
      CommandName:
      - eventgrid topic create
      Connection:
      - keep-alive
      ParameterSetName:
      - --name --resource-group --location --public-network-access --inbound-ip-rules
        --inbound-ip-rules --sku --mi-system-assigned
      User-Agent:
      - AZURECLI/2.38.0 azsdk-python-mgmt-eventgrid/10.2.0b2 Python/3.8.3 (Windows-10-10.0.19041-SP0)
    method: GET
    uri: https://management.azure.com/subscriptions/00000000-0000-0000-0000-000000000000/providers/Microsoft.EventGrid/locations/centraluseuap/operationsStatus/01028620-A23F-41D5-A2E3-346F71039168?api-version=2021-10-15-preview
  response:
    body:
      string: '{"id":"https://management.azure.com/subscriptions/00000000-0000-0000-0000-000000000000/providers/Microsoft.EventGrid/locations/centraluseuap/operationsStatus/01028620-A23F-41D5-A2E3-346F71039168?api-version=2021-10-15-preview","name":"01028620-a23f-41d5-a2e3-346f71039168","status":"Succeeded"}'
    headers:
      cache-control:
      - no-cache
      content-length:
      - '294'
      content-type:
      - application/json; charset=utf-8
      date:
      - Mon, 18 Jul 2022 06:57:56 GMT
      expires:
      - '-1'
      pragma:
      - no-cache
      server:
      - Microsoft-HTTPAPI/2.0
      strict-transport-security:
      - max-age=31536000; includeSubDomains
      transfer-encoding:
      - chunked
      vary:
      - Accept-Encoding
      x-content-type-options:
      - nosniff
    status:
      code: 200
      message: OK
- request:
    body: null
    headers:
      Accept:
      - '*/*'
      Accept-Encoding:
      - gzip, deflate
      CommandName:
      - eventgrid topic create
      Connection:
      - keep-alive
      ParameterSetName:
      - --name --resource-group --location --public-network-access --inbound-ip-rules
        --inbound-ip-rules --sku --mi-system-assigned
      User-Agent:
      - AZURECLI/2.38.0 azsdk-python-mgmt-eventgrid/10.2.0b2 Python/3.8.3 (Windows-10-10.0.19041-SP0)
    method: GET
    uri: https://management.azure.com/subscriptions/00000000-0000-0000-0000-000000000000/resourceGroups/clieventgrid000001/providers/Microsoft.EventGrid/topics/cli000003?api-version=2021-10-15-preview
  response:
    body:
      string: '{"properties":{"provisioningState":"Succeeded","endpoint":"https://cli000003.centraluseuap-1.eventgrid.azure.net/api/events","inputSchema":"EventGridSchema","metricResourceId":"a050d235-68ed-4c8b-b875-b4462974489d","publicNetworkAccess":"Disabled","inboundIpRules":[{"ipMask":"19.12.43.90/12","action":"Allow"},{"ipMask":"19.12.43.70/20","action":"Allow"}],"disableLocalAuth":false,"dataResidencyBoundary":"WithinGeopair"},"sku":{"name":"Basic"},"identity":{"type":"None","principalId":null,"tenantId":null,"userAssignedIdentities":null},"kind":"Azure","systemData":null,"location":"centraluseuap","tags":null,"id":"/subscriptions/00000000-0000-0000-0000-000000000000/resourceGroups/clieventgrid000001/providers/Microsoft.EventGrid/topics/cli000003","name":"cli000003","type":"Microsoft.EventGrid/topics"}'
    headers:
      cache-control:
      - no-cache
      content-length:
      - '805'
      content-type:
      - application/json; charset=utf-8
      date:
      - Mon, 18 Jul 2022 06:57:56 GMT
      expires:
      - '-1'
      pragma:
      - no-cache
      server:
      - Microsoft-HTTPAPI/2.0
      strict-transport-security:
      - max-age=31536000; includeSubDomains
      transfer-encoding:
      - chunked
      vary:
      - Accept-Encoding
      x-content-type-options:
      - nosniff
    status:
      code: 200
      message: OK
- request:
    body: '{}'
    headers:
      Accept:
      - application/json
      Accept-Encoding:
      - gzip, deflate
      CommandName:
      - eventgrid topic update
      Connection:
      - keep-alive
      Content-Length:
      - '2'
      Content-Type:
      - application/json
      ParameterSetName:
      - --name --resource-group --mi-user-assigned
      User-Agent:
      - AZURECLI/2.38.0 azsdk-python-mgmt-eventgrid/10.2.0b2 Python/3.8.3 (Windows-10-10.0.19041-SP0)
    method: PATCH
    uri: https://management.azure.com/subscriptions/00000000-0000-0000-0000-000000000000/resourceGroups/clieventgrid000001/providers/Microsoft.EventGrid/topics/cli000003?api-version=2021-10-15-preview
  response:
    body:
      string: '{"properties":{"provisioningState":"Updating","endpoint":"https://cli000003.centraluseuap-1.eventgrid.azure.net/api/events","inputSchema":"EventGridSchema","metricResourceId":"a050d235-68ed-4c8b-b875-b4462974489d","publicNetworkAccess":"Disabled","inboundIpRules":[{"ipMask":"19.12.43.90/12","action":"Allow"},{"ipMask":"19.12.43.70/20","action":"Allow"}],"disableLocalAuth":false,"dataResidencyBoundary":"WithinGeopair"},"sku":{"name":"Basic"},"identity":{"type":"None","principalId":null,"tenantId":null,"userAssignedIdentities":null},"kind":"Azure","systemData":null,"location":"centraluseuap","tags":null,"id":"/subscriptions/00000000-0000-0000-0000-000000000000/resourceGroups/clieventgrid000001/providers/Microsoft.EventGrid/topics/cli000003","name":"cli000003","type":"Microsoft.EventGrid/topics"}'
    headers:
      azure-asyncoperation:
      - https://management.azure.com:443/subscriptions/00000000-0000-0000-0000-000000000000/providers/Microsoft.EventGrid/locations/centraluseuap/operationsStatus/26DB4B64-4119-42C8-833F-106DC6FF51F0?api-version=2021-10-15-preview
      cache-control:
      - no-cache
      content-length:
      - '804'
      content-type:
      - application/json; charset=utf-8
      date:
      - Mon, 18 Jul 2022 06:57:57 GMT
      expires:
      - '-1'
      pragma:
      - no-cache
      server:
      - Microsoft-HTTPAPI/2.0
      strict-transport-security:
      - max-age=31536000; includeSubDomains
      x-content-type-options:
      - nosniff
      x-ms-ratelimit-remaining-subscription-writes:
      - '1195'
    status:
      code: 201
      message: Created
- request:
    body: null
    headers:
      Accept:
      - '*/*'
      Accept-Encoding:
      - gzip, deflate
      CommandName:
      - eventgrid topic update
      Connection:
      - keep-alive
      ParameterSetName:
      - --name --resource-group --mi-user-assigned
      User-Agent:
      - AZURECLI/2.38.0 azsdk-python-mgmt-eventgrid/10.2.0b2 Python/3.8.3 (Windows-10-10.0.19041-SP0)
    method: GET
    uri: https://management.azure.com/subscriptions/00000000-0000-0000-0000-000000000000/providers/Microsoft.EventGrid/locations/centraluseuap/operationsStatus/26DB4B64-4119-42C8-833F-106DC6FF51F0?api-version=2021-10-15-preview
  response:
    body:
      string: '{"id":"https://management.azure.com/subscriptions/00000000-0000-0000-0000-000000000000/providers/Microsoft.EventGrid/locations/centraluseuap/operationsStatus/26DB4B64-4119-42C8-833F-106DC6FF51F0?api-version=2021-10-15-preview","name":"26db4b64-4119-42c8-833f-106dc6ff51f0","status":"Succeeded"}'
    headers:
      cache-control:
      - no-cache
      content-length:
      - '294'
      content-type:
      - application/json; charset=utf-8
      date:
      - Mon, 18 Jul 2022 06:58:07 GMT
      expires:
      - '-1'
      pragma:
      - no-cache
      server:
      - Microsoft-HTTPAPI/2.0
      strict-transport-security:
      - max-age=31536000; includeSubDomains
      transfer-encoding:
      - chunked
      vary:
      - Accept-Encoding
      x-content-type-options:
      - nosniff
    status:
      code: 200
      message: OK
- request:
    body: null
    headers:
      Accept:
      - '*/*'
      Accept-Encoding:
      - gzip, deflate
      CommandName:
      - eventgrid topic update
      Connection:
      - keep-alive
      ParameterSetName:
      - --name --resource-group --mi-user-assigned
      User-Agent:
      - AZURECLI/2.38.0 azsdk-python-mgmt-eventgrid/10.2.0b2 Python/3.8.3 (Windows-10-10.0.19041-SP0)
    method: GET
    uri: https://management.azure.com/subscriptions/00000000-0000-0000-0000-000000000000/resourceGroups/clieventgrid000001/providers/Microsoft.EventGrid/topics/cli000003?api-version=2021-10-15-preview
  response:
    body:
      string: '{"properties":{"provisioningState":"Succeeded","endpoint":"https://cli000003.centraluseuap-1.eventgrid.azure.net/api/events","inputSchema":"EventGridSchema","metricResourceId":"a050d235-68ed-4c8b-b875-b4462974489d","publicNetworkAccess":"Disabled","inboundIpRules":[{"ipMask":"19.12.43.90/12","action":"Allow"},{"ipMask":"19.12.43.70/20","action":"Allow"}],"disableLocalAuth":false,"dataResidencyBoundary":"WithinGeopair"},"sku":{"name":"Basic"},"identity":{"type":"None","principalId":null,"tenantId":null,"userAssignedIdentities":null},"kind":"Azure","systemData":null,"location":"centraluseuap","tags":null,"id":"/subscriptions/00000000-0000-0000-0000-000000000000/resourceGroups/clieventgrid000001/providers/Microsoft.EventGrid/topics/cli000003","name":"cli000003","type":"Microsoft.EventGrid/topics"}'
    headers:
      cache-control:
      - no-cache
      content-length:
      - '805'
      content-type:
      - application/json; charset=utf-8
      date:
      - Mon, 18 Jul 2022 06:58:07 GMT
      expires:
      - '-1'
      pragma:
      - no-cache
      server:
      - Microsoft-HTTPAPI/2.0
      strict-transport-security:
      - max-age=31536000; includeSubDomains
      transfer-encoding:
      - chunked
      vary:
      - Accept-Encoding
      x-content-type-options:
      - nosniff
    status:
      code: 200
      message: OK
- request:
    body: null
    headers:
      Accept:
      - '*/*'
      Accept-Encoding:
      - gzip, deflate
      CommandName:
      - eventgrid topic delete
      Connection:
      - keep-alive
      Content-Length:
      - '0'
      ParameterSetName:
      - --name --resource-group
      User-Agent:
      - AZURECLI/2.38.0 azsdk-python-mgmt-eventgrid/10.2.0b2 Python/3.8.3 (Windows-10-10.0.19041-SP0)
    method: DELETE
    uri: https://management.azure.com/subscriptions/00000000-0000-0000-0000-000000000000/resourceGroups/clieventgrid000001/providers/Microsoft.EventGrid/topics/cli000002?api-version=2021-10-15-preview
  response:
    body:
      string: ''
    headers:
      azure-asyncoperation:
      - https://management.azure.com:443/subscriptions/00000000-0000-0000-0000-000000000000/providers/Microsoft.EventGrid/locations/centraluseuap/operationsStatus/168A4B87-FDD3-4634-A35C-EEDC6E895C3D?api-version=2021-10-15-preview
      cache-control:
      - no-cache
      content-length:
      - '0'
      date:
      - Mon, 18 Jul 2022 06:58:08 GMT
      expires:
      - '-1'
      location:
      - https://management.azure.com/subscriptions/00000000-0000-0000-0000-000000000000/providers/Microsoft.EventGrid/locations/centraluseuap/operationResults/168A4B87-FDD3-4634-A35C-EEDC6E895C3D?api-version=2021-10-15-preview
      pragma:
      - no-cache
      server:
      - Microsoft-HTTPAPI/2.0
      strict-transport-security:
      - max-age=31536000; includeSubDomains
      x-content-type-options:
      - nosniff
      x-ms-ratelimit-remaining-subscription-deletes:
      - '14997'
    status:
      code: 202
      message: Accepted
- request:
    body: null
    headers:
      Accept:
      - '*/*'
      Accept-Encoding:
      - gzip, deflate
      CommandName:
      - eventgrid topic delete
      Connection:
      - keep-alive
      ParameterSetName:
      - --name --resource-group
      User-Agent:
      - AZURECLI/2.38.0 azsdk-python-mgmt-eventgrid/10.2.0b2 Python/3.8.3 (Windows-10-10.0.19041-SP0)
    method: GET
    uri: https://management.azure.com/subscriptions/00000000-0000-0000-0000-000000000000/providers/Microsoft.EventGrid/locations/centraluseuap/operationsStatus/168A4B87-FDD3-4634-A35C-EEDC6E895C3D?api-version=2021-10-15-preview
  response:
    body:
      string: '{"id":"https://management.azure.com/subscriptions/00000000-0000-0000-0000-000000000000/providers/Microsoft.EventGrid/locations/centraluseuap/operationsStatus/168A4B87-FDD3-4634-A35C-EEDC6E895C3D?api-version=2021-10-15-preview","name":"168a4b87-fdd3-4634-a35c-eedc6e895c3d","status":"Succeeded"}'
    headers:
      cache-control:
      - no-cache
      content-length:
      - '294'
      content-type:
      - application/json; charset=utf-8
      date:
      - Mon, 18 Jul 2022 06:58:18 GMT
      expires:
      - '-1'
      pragma:
      - no-cache
      server:
      - Microsoft-HTTPAPI/2.0
      strict-transport-security:
      - max-age=31536000; includeSubDomains
      transfer-encoding:
      - chunked
      vary:
      - Accept-Encoding
      x-content-type-options:
      - nosniff
    status:
      code: 200
      message: OK
- request:
    body: null
    headers:
      Accept:
      - '*/*'
      Accept-Encoding:
      - gzip, deflate
      CommandName:
      - eventgrid topic delete
      Connection:
      - keep-alive
      Content-Length:
      - '0'
      ParameterSetName:
      - --name --resource-group
      User-Agent:
      - AZURECLI/2.38.0 azsdk-python-mgmt-eventgrid/10.2.0b2 Python/3.8.3 (Windows-10-10.0.19041-SP0)
    method: DELETE
    uri: https://management.azure.com/subscriptions/00000000-0000-0000-0000-000000000000/resourceGroups/clieventgrid000001/providers/Microsoft.EventGrid/topics/cli000003?api-version=2021-10-15-preview
  response:
    body:
      string: ''
    headers:
      azure-asyncoperation:
      - https://management.azure.com:443/subscriptions/00000000-0000-0000-0000-000000000000/providers/Microsoft.EventGrid/locations/centraluseuap/operationsStatus/9C0B4D35-5B7F-4A2E-A489-F8C25F8B1FE3?api-version=2021-10-15-preview
      cache-control:
      - no-cache
      content-length:
      - '0'
      date:
      - Mon, 18 Jul 2022 06:58:20 GMT
      expires:
      - '-1'
      location:
      - https://management.azure.com/subscriptions/00000000-0000-0000-0000-000000000000/providers/Microsoft.EventGrid/locations/centraluseuap/operationResults/9C0B4D35-5B7F-4A2E-A489-F8C25F8B1FE3?api-version=2021-10-15-preview
      pragma:
      - no-cache
      server:
      - Microsoft-HTTPAPI/2.0
      strict-transport-security:
      - max-age=31536000; includeSubDomains
      x-content-type-options:
      - nosniff
      x-ms-ratelimit-remaining-subscription-deletes:
      - '14999'
    status:
      code: 202
      message: Accepted
- request:
    body: null
    headers:
      Accept:
      - '*/*'
      Accept-Encoding:
      - gzip, deflate
      CommandName:
      - eventgrid topic delete
      Connection:
      - keep-alive
      ParameterSetName:
      - --name --resource-group
      User-Agent:
      - AZURECLI/2.38.0 azsdk-python-mgmt-eventgrid/10.2.0b2 Python/3.8.3 (Windows-10-10.0.19041-SP0)
    method: GET
    uri: https://management.azure.com/subscriptions/00000000-0000-0000-0000-000000000000/providers/Microsoft.EventGrid/locations/centraluseuap/operationsStatus/9C0B4D35-5B7F-4A2E-A489-F8C25F8B1FE3?api-version=2021-10-15-preview
  response:
    body:
      string: '{"id":"https://management.azure.com/subscriptions/00000000-0000-0000-0000-000000000000/providers/Microsoft.EventGrid/locations/centraluseuap/operationsStatus/9C0B4D35-5B7F-4A2E-A489-F8C25F8B1FE3?api-version=2021-10-15-preview","name":"9c0b4d35-5b7f-4a2e-a489-f8c25f8b1fe3","status":"Succeeded"}'
    headers:
      cache-control:
      - no-cache
      content-length:
      - '294'
      content-type:
      - application/json; charset=utf-8
      date:
      - Mon, 18 Jul 2022 06:58:30 GMT
      expires:
      - '-1'
      pragma:
      - no-cache
      server:
      - Microsoft-HTTPAPI/2.0
      strict-transport-security:
      - max-age=31536000; includeSubDomains
      transfer-encoding:
      - chunked
      vary:
      - Accept-Encoding
      x-content-type-options:
      - nosniff
    status:
      code: 200
      message: OK
version: 1
