interactions:
- request:
    body: '{"sku": {"name": "Standard_LRS"}, "kind": "StorageV2", "location": "centraluseuap",
      "properties": {"encryption": {"services": {"blob": {}}, "keySource": "Microsoft.Storage"}}}'
    headers:
      Accept:
      - application/json
      Accept-Encoding:
      - gzip, deflate
      CommandName:
      - storage account create
      Connection:
      - keep-alive
      Content-Length:
      - '175'
      Content-Type:
      - application/json
      ParameterSetName:
      - -g -n --sku -l
      User-Agent:
      - AZURECLI/2.21.0 azsdk-python-azure-mgmt-storage/17.0.0 Python/3.7.3 (Windows-10-10.0.19041-SP0)
    method: PUT
    uri: https://management.azure.com/subscriptions/00000000-0000-0000-0000-000000000000/resourceGroups/clieventgridrg000001/providers/Microsoft.Storage/storageAccounts/clieventgrid000002?api-version=2021-01-01
  response:
    body:
      string: '{"sku":{"name":"Standard_LRS","tier":"Standard"},"kind":"StorageV2","id":"/subscriptions/00000000-0000-0000-0000-000000000000/resourceGroups/clieventgridrg000001/providers/Microsoft.Storage/storageAccounts/clieventgrid000002","name":"clieventgrid000002","type":"Microsoft.Storage/storageAccounts","location":"centraluseuap","tags":{},"properties":{"privateEndpointConnections":[],"networkAcls":{"bypass":"AzureServices","virtualNetworkRules":[],"ipRules":[],"defaultAction":"Allow"},"supportsHttpsTrafficOnly":true,"encryption":{"services":{"file":{"keyType":"Account","enabled":true,"lastEnabledTime":"2021-03-25T17:49:08.2559649Z"},"blob":{"keyType":"Account","enabled":true,"lastEnabledTime":"2021-03-25T17:49:08.2559649Z"}},"keySource":"Microsoft.Storage"},"accessTier":"Hot","provisioningState":"Succeeded","creationTime":"2021-03-25T17:49:08.1809735Z","primaryEndpoints":{"dfs":"https://clieventgrid000002.dfs.core.windows.net/","web":"https://clieventgrid000002.z2.web.core.windows.net/","blob":"https://clieventgrid000002.blob.core.windows.net/","queue":"https://clieventgrid000002.queue.core.windows.net/","table":"https://clieventgrid000002.table.core.windows.net/","file":"https://clieventgrid000002.file.core.windows.net/"},"primaryLocation":"centraluseuap","statusOfPrimary":"available"}}'
    headers:
      cache-control:
      - no-cache
      content-length:
      - '1404'
      content-type:
      - application/json
      date:
      - Thu, 25 Mar 2021 17:49:29 GMT
      expires:
      - '-1'
      pragma:
      - no-cache
      server:
      - Microsoft-Azure-Storage-Resource-Provider/1.0,Microsoft-HTTPAPI/2.0 Microsoft-HTTPAPI/2.0
      strict-transport-security:
      - max-age=31536000; includeSubDomains
      transfer-encoding:
      - chunked
      vary:
      - Accept-Encoding
      x-content-type-options:
      - nosniff
      x-ms-ratelimit-remaining-subscription-writes:
      - '1199'
    status:
      code: 200
      message: OK
- request:
    body: null
    headers:
      Accept:
      - application/json
      Accept-Encoding:
      - gzip, deflate
      CommandName:
      - storage account update
      Connection:
      - keep-alive
      ParameterSetName:
      - -g -n --set
      User-Agent:
      - AZURECLI/2.21.0 azsdk-python-azure-mgmt-storage/17.0.0 Python/3.7.3 (Windows-10-10.0.19041-SP0)
    method: GET
    uri: https://management.azure.com/subscriptions/00000000-0000-0000-0000-000000000000/resourceGroups/clieventgridrg000001/providers/Microsoft.Storage/storageAccounts/clieventgrid000002?api-version=2021-01-01
  response:
    body:
      string: '{"sku":{"name":"Standard_LRS","tier":"Standard"},"kind":"StorageV2","id":"/subscriptions/00000000-0000-0000-0000-000000000000/resourceGroups/clieventgridrg000001/providers/Microsoft.Storage/storageAccounts/clieventgrid000002","name":"clieventgrid000002","type":"Microsoft.Storage/storageAccounts","location":"centraluseuap","tags":{},"properties":{"privateEndpointConnections":[],"networkAcls":{"bypass":"AzureServices","virtualNetworkRules":[],"ipRules":[],"defaultAction":"Allow"},"supportsHttpsTrafficOnly":true,"encryption":{"services":{"file":{"keyType":"Account","enabled":true,"lastEnabledTime":"2021-03-25T17:49:08.2559649Z"},"blob":{"keyType":"Account","enabled":true,"lastEnabledTime":"2021-03-25T17:49:08.2559649Z"}},"keySource":"Microsoft.Storage"},"accessTier":"Hot","provisioningState":"Succeeded","creationTime":"2021-03-25T17:49:08.1809735Z","primaryEndpoints":{"dfs":"https://clieventgrid000002.dfs.core.windows.net/","web":"https://clieventgrid000002.z2.web.core.windows.net/","blob":"https://clieventgrid000002.blob.core.windows.net/","queue":"https://clieventgrid000002.queue.core.windows.net/","table":"https://clieventgrid000002.table.core.windows.net/","file":"https://clieventgrid000002.file.core.windows.net/"},"primaryLocation":"centraluseuap","statusOfPrimary":"available"}}'
    headers:
      cache-control:
      - no-cache
      content-length:
      - '1404'
      content-type:
      - application/json
      date:
      - Thu, 25 Mar 2021 17:49:30 GMT
      expires:
      - '-1'
      pragma:
      - no-cache
      server:
      - Microsoft-Azure-Storage-Resource-Provider/1.0,Microsoft-HTTPAPI/2.0 Microsoft-HTTPAPI/2.0
      strict-transport-security:
      - max-age=31536000; includeSubDomains
      transfer-encoding:
      - chunked
      vary:
      - Accept-Encoding
      x-content-type-options:
      - nosniff
    status:
      code: 200
      message: OK
- request:
    body: '{"sku": {"name": "Standard_LRS"}, "tags": {}, "kind": "StorageV2", "properties":
      {"encryption": {"services": {"blob": {"enabled": true, "keyType": "Account"},
      "file": {"enabled": true, "keyType": "Account"}}, "keySource": "Microsoft.Storage"},
      "accessTier": "Hot", "supportsHttpsTrafficOnly": true, "networkAcls": {"bypass":
      "AzureServices", "virtualNetworkRules": [], "ipRules": [], "defaultAction":
      "Allow"}}}'
    headers:
      Accept:
      - application/json
      Accept-Encoding:
      - gzip, deflate
      CommandName:
      - storage account update
      Connection:
      - keep-alive
      Content-Length:
      - '411'
      Content-Type:
      - application/json
      ParameterSetName:
      - -g -n --set
      User-Agent:
      - AZURECLI/2.21.0 azsdk-python-azure-mgmt-storage/17.0.0 Python/3.7.3 (Windows-10-10.0.19041-SP0)
    method: PATCH
    uri: https://management.azure.com/subscriptions/00000000-0000-0000-0000-000000000000/resourceGroups/clieventgridrg000001/providers/Microsoft.Storage/storageAccounts/clieventgrid000002?api-version=2021-01-01
  response:
    body:
      string: '{"sku":{"name":"Standard_LRS","tier":"Standard"},"kind":"StorageV2","id":"/subscriptions/00000000-0000-0000-0000-000000000000/resourceGroups/clieventgridrg000001/providers/Microsoft.Storage/storageAccounts/clieventgrid000002","name":"clieventgrid000002","type":"Microsoft.Storage/storageAccounts","location":"centraluseuap","tags":{},"properties":{"privateEndpointConnections":[],"networkAcls":{"bypass":"AzureServices","virtualNetworkRules":[],"ipRules":[],"defaultAction":"Allow"},"supportsHttpsTrafficOnly":true,"encryption":{"services":{"file":{"keyType":"Account","enabled":true,"lastEnabledTime":"2021-03-25T17:49:08.2559649Z"},"blob":{"keyType":"Account","enabled":true,"lastEnabledTime":"2021-03-25T17:49:08.2559649Z"}},"keySource":"Microsoft.Storage"},"accessTier":"Hot","provisioningState":"Succeeded","creationTime":"2021-03-25T17:49:08.1809735Z","primaryEndpoints":{"dfs":"https://clieventgrid000002.dfs.core.windows.net/","web":"https://clieventgrid000002.z2.web.core.windows.net/","blob":"https://clieventgrid000002.blob.core.windows.net/","queue":"https://clieventgrid000002.queue.core.windows.net/","table":"https://clieventgrid000002.table.core.windows.net/","file":"https://clieventgrid000002.file.core.windows.net/"},"primaryLocation":"centraluseuap","statusOfPrimary":"available"}}'
    headers:
      cache-control:
      - no-cache
      content-length:
      - '1404'
      content-type:
      - application/json
      date:
      - Thu, 25 Mar 2021 17:49:33 GMT
      expires:
      - '-1'
      pragma:
      - no-cache
      server:
      - Microsoft-Azure-Storage-Resource-Provider/1.0,Microsoft-HTTPAPI/2.0 Microsoft-HTTPAPI/2.0
      strict-transport-security:
      - max-age=31536000; includeSubDomains
      transfer-encoding:
      - chunked
      vary:
      - Accept-Encoding
      x-content-type-options:
      - nosniff
      x-ms-ratelimit-remaining-subscription-writes:
      - '1197'
    status:
      code: 200
      message: OK
- request:
    body: '{"properties": {"destination": {"endpointType": "ServiceBusTopic", "properties":
      {"resourceId": "/subscriptions/00000000-0000-0000-0000-000000000000/resourceGroups/DevExpRg/providers/Microsoft.ServiceBus/namespaces/devexpservicebus/topics/devexptopic1"}},
      "filter": {"subjectBeginsWith": "SomeRandomText1", "isSubjectCaseSensitive":
      false}, "eventDeliverySchema": "CloudEventSchemaV1_0", "retryPolicy": {"maxDeliveryAttempts":
      30, "eventTimeToLiveInMinutes": 1440}}}'
    headers:
      Accept:
      - application/json
      Accept-Encoding:
      - gzip, deflate
      CommandName:
      - eventgrid event-subscription create
      Connection:
      - keep-alive
      Content-Length:
      - '466'
      Content-Type:
      - application/json; charset=utf-8
      ParameterSetName:
      - --source-resource-id --name --endpoint-type --endpoint --subject-begins-with
        --event-delivery-schema
      User-Agent:
      - python/3.7.3 (Windows-10-10.0.19041-SP0) msrest/0.6.21 msrest_azure/0.6.3
        azure-mgmt-eventgrid/3.0.0rc9 Azure-SDK-For-Python AZURECLI/2.21.0
      accept-language:
      - en-US
    method: PUT
    uri: https://management.azure.com/subscriptions/00000000-0000-0000-0000-000000000000/resourceGroups/clieventgridrg000001/providers/Microsoft.Storage/storageAccounts/clieventgrid000002/providers/Microsoft.EventGrid/eventSubscriptions/CliTestEventGridEventsubscription1?api-version=2020-10-15-preview
  response:
    body:
      string: '{"properties":{"topic":"/subscriptions/00000000-0000-0000-0000-000000000000/resourceGroups/clieventgridrg000001/providers/microsoft.storage/storageaccounts/clieventgrid000002","provisioningState":"Creating","destination":{"properties":{"resourceId":"/subscriptions/00000000-0000-0000-0000-000000000000/resourceGroups/DevExpRg/providers/Microsoft.ServiceBus/namespaces/devexpservicebus/topics/devexptopic1"},"endpointType":"ServiceBusTopic"},"filter":{"subjectBeginsWith":"SomeRandomText1","includedEventTypes":["Microsoft.Storage.BlobCreated","Microsoft.Storage.BlobDeleted"]},"labels":null,"eventDeliverySchema":"CloudEventSchemaV1_0","retryPolicy":{"maxDeliveryAttempts":30,"eventTimeToLiveInMinutes":1440}},"systemData":null,"id":"/subscriptions/00000000-0000-0000-0000-000000000000/resourceGroups/clieventgridrg000001/providers/Microsoft.Storage/storageAccounts/clieventgrid000002/providers/Microsoft.EventGrid/eventSubscriptions/CliTestEventGridEventsubscription1","name":"CliTestEventGridEventsubscription1","type":"Microsoft.EventGrid/eventSubscriptions"}'
    headers:
      azure-asyncoperation:
      - https://management.azure.com:443/subscriptions/00000000-0000-0000-0000-000000000000/providers/Microsoft.EventGrid/locations/centraluseuap/operationsStatus/F7DA9458-FE4F-42A5-A975-93C2C39E46BE?api-version=2020-10-15-preview
      cache-control:
      - no-cache
      content-length:
      - '1184'
      content-type:
      - application/json; charset=utf-8
      date:
      - Thu, 25 Mar 2021 17:49:34 GMT
      expires:
      - '-1'
      pragma:
      - no-cache
      server:
      - Microsoft-HTTPAPI/2.0
      strict-transport-security:
      - max-age=31536000; includeSubDomains
      x-content-type-options:
      - nosniff
      x-ms-ratelimit-remaining-subscription-resource-requests:
      - '899'
    status:
      code: 201
      message: Created
- request:
    body: null
    headers:
      Accept:
      - application/json
      Accept-Encoding:
      - gzip, deflate
      CommandName:
      - eventgrid event-subscription create
      Connection:
      - keep-alive
      ParameterSetName:
      - --source-resource-id --name --endpoint-type --endpoint --subject-begins-with
        --event-delivery-schema
      User-Agent:
      - python/3.7.3 (Windows-10-10.0.19041-SP0) msrest/0.6.21 msrest_azure/0.6.3
        azure-mgmt-eventgrid/3.0.0rc9 Azure-SDK-For-Python AZURECLI/2.21.0
    method: GET
    uri: https://management.azure.com/subscriptions/00000000-0000-0000-0000-000000000000/providers/Microsoft.EventGrid/locations/centraluseuap/operationsStatus/F7DA9458-FE4F-42A5-A975-93C2C39E46BE?api-version=2020-10-15-preview
  response:
    body:
      string: '{"id":"https://management.azure.com/subscriptions/00000000-0000-0000-0000-000000000000/providers/Microsoft.EventGrid/locations/centraluseuap/operationsStatus/F7DA9458-FE4F-42A5-A975-93C2C39E46BE?api-version=2020-10-15-preview","name":"f7da9458-fe4f-42a5-a975-93c2c39e46be","status":"Succeeded"}'
    headers:
      cache-control:
      - no-cache
      content-length:
      - '294'
      content-type:
      - application/json; charset=utf-8
      date:
      - Thu, 25 Mar 2021 17:49:45 GMT
      expires:
      - '-1'
      pragma:
      - no-cache
      server:
      - Microsoft-HTTPAPI/2.0
      strict-transport-security:
      - max-age=31536000; includeSubDomains
      transfer-encoding:
      - chunked
      vary:
      - Accept-Encoding
      x-content-type-options:
      - nosniff
    status:
      code: 200
      message: OK
- request:
    body: null
    headers:
      Accept:
      - application/json
      Accept-Encoding:
      - gzip, deflate
      CommandName:
      - eventgrid event-subscription create
      Connection:
      - keep-alive
      ParameterSetName:
      - --source-resource-id --name --endpoint-type --endpoint --subject-begins-with
        --event-delivery-schema
      User-Agent:
      - python/3.7.3 (Windows-10-10.0.19041-SP0) msrest/0.6.21 msrest_azure/0.6.3
        azure-mgmt-eventgrid/3.0.0rc9 Azure-SDK-For-Python AZURECLI/2.21.0
    method: GET
    uri: https://management.azure.com/subscriptions/00000000-0000-0000-0000-000000000000/resourceGroups/clieventgridrg000001/providers/Microsoft.Storage/storageAccounts/clieventgrid000002/providers/Microsoft.EventGrid/eventSubscriptions/CliTestEventGridEventsubscription1?api-version=2020-10-15-preview
  response:
    body:
      string: '{"properties":{"topic":"/subscriptions/00000000-0000-0000-0000-000000000000/resourceGroups/clieventgridrg000001/providers/microsoft.storage/storageaccounts/clieventgrid000002","provisioningState":"Succeeded","destination":{"properties":{"resourceId":"/subscriptions/00000000-0000-0000-0000-000000000000/resourceGroups/DevExpRg/providers/Microsoft.ServiceBus/namespaces/devexpservicebus/topics/devexptopic1"},"endpointType":"ServiceBusTopic"},"filter":{"subjectBeginsWith":"SomeRandomText1","subjectEndsWith":"","includedEventTypes":["Microsoft.Storage.BlobCreated","Microsoft.Storage.BlobDeleted"]},"labels":null,"eventDeliverySchema":"CloudEventSchemaV1_0","retryPolicy":{"maxDeliveryAttempts":30,"eventTimeToLiveInMinutes":1440}},"systemData":null,"id":"/subscriptions/00000000-0000-0000-0000-000000000000/resourceGroups/clieventgridrg000001/providers/Microsoft.Storage/storageAccounts/clieventgrid000002/providers/Microsoft.EventGrid/eventSubscriptions/CliTestEventGridEventsubscription1","name":"CliTestEventGridEventsubscription1","type":"Microsoft.EventGrid/eventSubscriptions"}'
    headers:
      cache-control:
      - no-cache
      content-length:
      - '1206'
      content-type:
      - application/json; charset=utf-8
      date:
      - Thu, 25 Mar 2021 17:49:45 GMT
      expires:
      - '-1'
      pragma:
      - no-cache
      server:
      - Microsoft-HTTPAPI/2.0
      strict-transport-security:
      - max-age=31536000; includeSubDomains
      transfer-encoding:
      - chunked
      vary:
      - Accept-Encoding
      x-content-type-options:
      - nosniff
    status:
      code: 200
      message: OK
- request:
    body: null
    headers:
      Accept:
      - application/json
      Accept-Encoding:
      - gzip, deflate
      CommandName:
      - eventgrid event-subscription show
      Connection:
      - keep-alive
      ParameterSetName:
      - --source-resource-id --name
      User-Agent:
      - python/3.7.3 (Windows-10-10.0.19041-SP0) msrest/0.6.21 msrest_azure/0.6.3
        azure-mgmt-eventgrid/3.0.0rc9 Azure-SDK-For-Python AZURECLI/2.21.0
      accept-language:
      - en-US
    method: GET
    uri: https://management.azure.com/subscriptions/00000000-0000-0000-0000-000000000000/resourceGroups/clieventgridrg000001/providers/Microsoft.Storage/storageAccounts/clieventgrid000002/providers/Microsoft.EventGrid/eventSubscriptions/CliTestEventGridEventsubscription1?api-version=2020-10-15-preview
  response:
    body:
      string: '{"properties":{"topic":"/subscriptions/00000000-0000-0000-0000-000000000000/resourceGroups/clieventgridrg000001/providers/microsoft.storage/storageaccounts/clieventgrid000002","provisioningState":"Succeeded","destination":{"properties":{"resourceId":"/subscriptions/00000000-0000-0000-0000-000000000000/resourceGroups/DevExpRg/providers/Microsoft.ServiceBus/namespaces/devexpservicebus/topics/devexptopic1"},"endpointType":"ServiceBusTopic"},"filter":{"subjectBeginsWith":"SomeRandomText1","subjectEndsWith":"","includedEventTypes":["Microsoft.Storage.BlobCreated","Microsoft.Storage.BlobDeleted"]},"labels":null,"eventDeliverySchema":"CloudEventSchemaV1_0","retryPolicy":{"maxDeliveryAttempts":30,"eventTimeToLiveInMinutes":1440}},"systemData":null,"id":"/subscriptions/00000000-0000-0000-0000-000000000000/resourceGroups/clieventgridrg000001/providers/Microsoft.Storage/storageAccounts/clieventgrid000002/providers/Microsoft.EventGrid/eventSubscriptions/CliTestEventGridEventsubscription1","name":"CliTestEventGridEventsubscription1","type":"Microsoft.EventGrid/eventSubscriptions"}'
    headers:
      cache-control:
      - no-cache
      content-length:
      - '1206'
      content-type:
      - application/json; charset=utf-8
      date:
      - Thu, 25 Mar 2021 17:49:46 GMT
      expires:
      - '-1'
      pragma:
      - no-cache
      server:
      - Microsoft-HTTPAPI/2.0
      strict-transport-security:
      - max-age=31536000; includeSubDomains
      transfer-encoding:
      - chunked
      vary:
      - Accept-Encoding
      x-content-type-options:
      - nosniff
    status:
      code: 200
      message: OK
- request:
    body: '{"properties": {"destination": {"endpointType": "AzureFunction", "properties":
      {"resourceId": "/subscriptions/00000000-0000-0000-0000-000000000000/resourceGroups/DevExpRg/providers/Microsoft.Web/sites/eventgridclitestapp/functions/EventGridTrigger1",
      "maxEventsPerBatch": 10, "preferredBatchSizeInKilobytes": 128}}, "filter": {"subjectBeginsWith":
      "SomeRandomText1", "isSubjectCaseSensitive": false}, "retryPolicy": {"maxDeliveryAttempts":
      30, "eventTimeToLiveInMinutes": 1440}}}'
    headers:
      Accept:
      - application/json
      Accept-Encoding:
      - gzip, deflate
      CommandName:
      - eventgrid event-subscription create
      Connection:
      - keep-alive
      Content-Length:
      - '479'
      Content-Type:
      - application/json; charset=utf-8
      ParameterSetName:
      - --source-resource-id --name --endpoint-type --endpoint --subject-begins-with
        --max-events-per-batch --preferred-batch-size-in-kilobytes
      User-Agent:
      - python/3.7.3 (Windows-10-10.0.19041-SP0) msrest/0.6.21 msrest_azure/0.6.3
        azure-mgmt-eventgrid/3.0.0rc9 Azure-SDK-For-Python AZURECLI/2.21.0
      accept-language:
      - en-US
    method: PUT
    uri: https://management.azure.com/subscriptions/00000000-0000-0000-0000-000000000000/resourceGroups/clieventgridrg000001/providers/Microsoft.Storage/storageAccounts/clieventgrid000002/providers/Microsoft.EventGrid/eventSubscriptions/CliTestEventGridEventsubscription2?api-version=2020-10-15-preview
  response:
    body:
      string: '{"properties":{"topic":"/subscriptions/00000000-0000-0000-0000-000000000000/resourceGroups/clieventgridrg000001/providers/microsoft.storage/storageaccounts/clieventgrid000002","provisioningState":"Creating","destination":{"properties":{"resourceId":"/subscriptions/00000000-0000-0000-0000-000000000000/resourceGroups/DevExpRg/providers/Microsoft.Web/sites/eventgridclitestapp/functions/EventGridTrigger1","maxEventsPerBatch":10,"preferredBatchSizeInKilobytes":128},"endpointType":"AzureFunction"},"filter":{"subjectBeginsWith":"SomeRandomText1","includedEventTypes":["Microsoft.Storage.BlobCreated","Microsoft.Storage.BlobDeleted"]},"labels":null,"retryPolicy":{"maxDeliveryAttempts":30,"eventTimeToLiveInMinutes":1440}},"systemData":null,"id":"/subscriptions/00000000-0000-0000-0000-000000000000/resourceGroups/clieventgridrg000001/providers/Microsoft.Storage/storageAccounts/clieventgrid000002/providers/Microsoft.EventGrid/eventSubscriptions/CliTestEventGridEventsubscription2","name":"CliTestEventGridEventsubscription2","type":"Microsoft.EventGrid/eventSubscriptions"}'
    headers:
      azure-asyncoperation:
      - https://management.azure.com:443/subscriptions/00000000-0000-0000-0000-000000000000/providers/Microsoft.EventGrid/locations/centraluseuap/operationsStatus/CD4A683E-F45B-4586-B72E-2F5A95A9BB1E?api-version=2020-10-15-preview
      cache-control:
      - no-cache
      content-length:
      - '1195'
      content-type:
      - application/json; charset=utf-8
      date:
      - Thu, 25 Mar 2021 17:49:47 GMT
      expires:
      - '-1'
      pragma:
      - no-cache
      server:
      - Microsoft-HTTPAPI/2.0
      strict-transport-security:
      - max-age=31536000; includeSubDomains
      x-content-type-options:
      - nosniff
      x-ms-ratelimit-remaining-subscription-resource-requests:
      - '899'
    status:
      code: 201
      message: Created
- request:
    body: null
    headers:
      Accept:
      - application/json
      Accept-Encoding:
      - gzip, deflate
      CommandName:
      - eventgrid event-subscription create
      Connection:
      - keep-alive
      ParameterSetName:
      - --source-resource-id --name --endpoint-type --endpoint --subject-begins-with
        --max-events-per-batch --preferred-batch-size-in-kilobytes
      User-Agent:
      - python/3.7.3 (Windows-10-10.0.19041-SP0) msrest/0.6.21 msrest_azure/0.6.3
        azure-mgmt-eventgrid/3.0.0rc9 Azure-SDK-For-Python AZURECLI/2.21.0
    method: GET
    uri: https://management.azure.com/subscriptions/00000000-0000-0000-0000-000000000000/providers/Microsoft.EventGrid/locations/centraluseuap/operationsStatus/CD4A683E-F45B-4586-B72E-2F5A95A9BB1E?api-version=2020-10-15-preview
  response:
    body:
      string: '{"id":"https://management.azure.com/subscriptions/00000000-0000-0000-0000-000000000000/providers/Microsoft.EventGrid/locations/centraluseuap/operationsStatus/CD4A683E-F45B-4586-B72E-2F5A95A9BB1E?api-version=2020-10-15-preview","name":"cd4a683e-f45b-4586-b72e-2f5a95a9bb1e","status":"Succeeded"}'
    headers:
      cache-control:
      - no-cache
      content-length:
      - '294'
      content-type:
      - application/json; charset=utf-8
      date:
      - Thu, 25 Mar 2021 17:49:58 GMT
      expires:
      - '-1'
      pragma:
      - no-cache
      server:
      - Microsoft-HTTPAPI/2.0
      strict-transport-security:
      - max-age=31536000; includeSubDomains
      transfer-encoding:
      - chunked
      vary:
      - Accept-Encoding
      x-content-type-options:
      - nosniff
    status:
      code: 200
      message: OK
- request:
    body: null
    headers:
      Accept:
      - application/json
      Accept-Encoding:
      - gzip, deflate
      CommandName:
      - eventgrid event-subscription create
      Connection:
      - keep-alive
      ParameterSetName:
      - --source-resource-id --name --endpoint-type --endpoint --subject-begins-with
        --max-events-per-batch --preferred-batch-size-in-kilobytes
      User-Agent:
      - python/3.7.3 (Windows-10-10.0.19041-SP0) msrest/0.6.21 msrest_azure/0.6.3
        azure-mgmt-eventgrid/3.0.0rc9 Azure-SDK-For-Python AZURECLI/2.21.0
    method: GET
    uri: https://management.azure.com/subscriptions/00000000-0000-0000-0000-000000000000/resourceGroups/clieventgridrg000001/providers/Microsoft.Storage/storageAccounts/clieventgrid000002/providers/Microsoft.EventGrid/eventSubscriptions/CliTestEventGridEventsubscription2?api-version=2020-10-15-preview
  response:
    body:
      string: '{"properties":{"topic":"/subscriptions/00000000-0000-0000-0000-000000000000/resourceGroups/clieventgridrg000001/providers/microsoft.storage/storageaccounts/clieventgrid000002","provisioningState":"Succeeded","destination":{"properties":{"resourceId":"/subscriptions/00000000-0000-0000-0000-000000000000/resourceGroups/DevExpRg/providers/Microsoft.Web/sites/eventgridclitestapp/functions/EventGridTrigger1","maxEventsPerBatch":10,"preferredBatchSizeInKilobytes":128},"endpointType":"AzureFunction"},"filter":{"subjectBeginsWith":"SomeRandomText1","subjectEndsWith":"","includedEventTypes":["Microsoft.Storage.BlobCreated","Microsoft.Storage.BlobDeleted"]},"labels":null,"eventDeliverySchema":"EventGridSchema","retryPolicy":{"maxDeliveryAttempts":30,"eventTimeToLiveInMinutes":1440}},"systemData":null,"id":"/subscriptions/00000000-0000-0000-0000-000000000000/resourceGroups/clieventgridrg000001/providers/Microsoft.Storage/storageAccounts/clieventgrid000002/providers/Microsoft.EventGrid/eventSubscriptions/CliTestEventGridEventsubscription2","name":"CliTestEventGridEventsubscription2","type":"Microsoft.EventGrid/eventSubscriptions"}'
    headers:
      cache-control:
      - no-cache
      content-length:
      - '1257'
      content-type:
      - application/json; charset=utf-8
      date:
      - Thu, 25 Mar 2021 17:49:58 GMT
      expires:
      - '-1'
      pragma:
      - no-cache
      server:
      - Microsoft-HTTPAPI/2.0
      strict-transport-security:
      - max-age=31536000; includeSubDomains
      transfer-encoding:
      - chunked
      vary:
      - Accept-Encoding
      x-content-type-options:
      - nosniff
    status:
      code: 200
      message: OK
- request:
    body: null
    headers:
      Accept:
      - application/json
      Accept-Encoding:
      - gzip, deflate
      CommandName:
      - eventgrid event-subscription show
      Connection:
      - keep-alive
      ParameterSetName:
      - --source-resource-id --name
      User-Agent:
      - python/3.7.3 (Windows-10-10.0.19041-SP0) msrest/0.6.21 msrest_azure/0.6.3
        azure-mgmt-eventgrid/3.0.0rc9 Azure-SDK-For-Python AZURECLI/2.21.0
      accept-language:
      - en-US
    method: GET
    uri: https://management.azure.com/subscriptions/00000000-0000-0000-0000-000000000000/resourceGroups/clieventgridrg000001/providers/Microsoft.Storage/storageAccounts/clieventgrid000002/providers/Microsoft.EventGrid/eventSubscriptions/CliTestEventGridEventsubscription2?api-version=2020-10-15-preview
  response:
    body:
      string: '{"properties":{"topic":"/subscriptions/00000000-0000-0000-0000-000000000000/resourceGroups/clieventgridrg000001/providers/microsoft.storage/storageaccounts/clieventgrid000002","provisioningState":"Succeeded","destination":{"properties":{"resourceId":"/subscriptions/00000000-0000-0000-0000-000000000000/resourceGroups/DevExpRg/providers/Microsoft.Web/sites/eventgridclitestapp/functions/EventGridTrigger1","maxEventsPerBatch":10,"preferredBatchSizeInKilobytes":128},"endpointType":"AzureFunction"},"filter":{"subjectBeginsWith":"SomeRandomText1","subjectEndsWith":"","includedEventTypes":["Microsoft.Storage.BlobCreated","Microsoft.Storage.BlobDeleted"]},"labels":null,"eventDeliverySchema":"EventGridSchema","retryPolicy":{"maxDeliveryAttempts":30,"eventTimeToLiveInMinutes":1440}},"systemData":null,"id":"/subscriptions/00000000-0000-0000-0000-000000000000/resourceGroups/clieventgridrg000001/providers/Microsoft.Storage/storageAccounts/clieventgrid000002/providers/Microsoft.EventGrid/eventSubscriptions/CliTestEventGridEventsubscription2","name":"CliTestEventGridEventsubscription2","type":"Microsoft.EventGrid/eventSubscriptions"}'
    headers:
      cache-control:
      - no-cache
      content-length:
      - '1257'
      content-type:
      - application/json; charset=utf-8
      date:
      - Thu, 25 Mar 2021 17:49:59 GMT
      expires:
      - '-1'
      pragma:
      - no-cache
      server:
      - Microsoft-HTTPAPI/2.0
      strict-transport-security:
      - max-age=31536000; includeSubDomains
      transfer-encoding:
      - chunked
      vary:
      - Accept-Encoding
      x-content-type-options:
      - nosniff
    status:
      code: 200
      message: OK
- request:
    body: '{"properties": {"destination": {"endpointType": "WebHook", "properties":
      {"endpointUrl": "https://devexpfuncappdestination.azurewebsites.net/api/DevExpFunc?code=<HIDDEN>",
      "maxEventsPerBatch": 10, "preferredBatchSizeInKilobytes": 128}}, "filter": {"subjectBeginsWith":
      "SomeRandomText1", "isSubjectCaseSensitive": false}, "retryPolicy": {"maxDeliveryAttempts":
      30, "eventTimeToLiveInMinutes": 1440}}}'
    headers:
      Accept:
      - application/json
      Accept-Encoding:
      - gzip, deflate
      CommandName:
      - eventgrid event-subscription create
      Connection:
      - keep-alive
      Content-Length:
      - '448'
      Content-Type:
      - application/json; charset=utf-8
      ParameterSetName:
      - --source-resource-id --name --endpoint-type --endpoint --subject-begins-with
        --max-events-per-batch --preferred-batch-size-in-kilobytes
      User-Agent:
      - python/3.7.3 (Windows-10-10.0.19041-SP0) msrest/0.6.21 msrest_azure/0.6.3
        azure-mgmt-eventgrid/3.0.0rc9 Azure-SDK-For-Python AZURECLI/2.21.0
      accept-language:
      - en-US
    method: PUT
    uri: https://management.azure.com/subscriptions/00000000-0000-0000-0000-000000000000/resourceGroups/clieventgridrg000001/providers/Microsoft.Storage/storageAccounts/clieventgrid000002/providers/Microsoft.EventGrid/eventSubscriptions/CliTestEventGridEventsubscription4?api-version=2020-10-15-preview
  response:
    body:
      string: '{"properties":{"topic":"/subscriptions/00000000-0000-0000-0000-000000000000/resourceGroups/clieventgridrg000001/providers/microsoft.storage/storageaccounts/clieventgrid000002","provisioningState":"Creating","destination":{"properties":{"endpointUrl":null,"endpointBaseUrl":"https://devexpfuncappdestination.azurewebsites.net/api/DevExpFunc","maxEventsPerBatch":10,"preferredBatchSizeInKilobytes":128},"endpointType":"WebHook"},"filter":{"subjectBeginsWith":"SomeRandomText1","includedEventTypes":["Microsoft.Storage.BlobCreated","Microsoft.Storage.BlobDeleted"]},"labels":null,"retryPolicy":{"maxDeliveryAttempts":30,"eventTimeToLiveInMinutes":1440}},"systemData":null,"id":"/subscriptions/00000000-0000-0000-0000-000000000000/resourceGroups/clieventgridrg000001/providers/Microsoft.Storage/storageAccounts/clieventgrid000002/providers/Microsoft.EventGrid/eventSubscriptions/CliTestEventGridEventsubscription4","name":"CliTestEventGridEventsubscription4","type":"Microsoft.EventGrid/eventSubscriptions"}'
    headers:
      azure-asyncoperation:
      - https://management.azure.com:443/subscriptions/00000000-0000-0000-0000-000000000000/providers/Microsoft.EventGrid/locations/centraluseuap/operationsStatus/A9ADC3F1-D600-4C29-8005-242F804C3B83?api-version=2020-10-15-preview
      cache-control:
      - no-cache
      content-length:
      - '1125'
      content-type:
      - application/json; charset=utf-8
      date:
      - Thu, 25 Mar 2021 17:50:00 GMT
      expires:
      - '-1'
      pragma:
      - no-cache
      server:
      - Microsoft-HTTPAPI/2.0
      strict-transport-security:
      - max-age=31536000; includeSubDomains
      x-content-type-options:
      - nosniff
      x-ms-ratelimit-remaining-subscription-resource-requests:
      - '899'
    status:
      code: 201
      message: Created
- request:
    body: null
    headers:
      Accept:
      - application/json
      Accept-Encoding:
      - gzip, deflate
      CommandName:
      - eventgrid event-subscription create
      Connection:
      - keep-alive
      ParameterSetName:
      - --source-resource-id --name --endpoint-type --endpoint --subject-begins-with
        --max-events-per-batch --preferred-batch-size-in-kilobytes
      User-Agent:
      - python/3.7.3 (Windows-10-10.0.19041-SP0) msrest/0.6.21 msrest_azure/0.6.3
        azure-mgmt-eventgrid/3.0.0rc9 Azure-SDK-For-Python AZURECLI/2.21.0
    method: GET
    uri: https://management.azure.com/subscriptions/00000000-0000-0000-0000-000000000000/providers/Microsoft.EventGrid/locations/centraluseuap/operationsStatus/A9ADC3F1-D600-4C29-8005-242F804C3B83?api-version=2020-10-15-preview
  response:
    body:
      string: '{"id":"https://management.azure.com/subscriptions/00000000-0000-0000-0000-000000000000/providers/Microsoft.EventGrid/locations/centraluseuap/operationsStatus/A9ADC3F1-D600-4C29-8005-242F804C3B83?api-version=2020-10-15-preview","name":"a9adc3f1-d600-4c29-8005-242f804c3b83","status":"Succeeded"}'
    headers:
      cache-control:
      - no-cache
      content-length:
      - '294'
      content-type:
      - application/json; charset=utf-8
      date:
      - Thu, 25 Mar 2021 17:50:11 GMT
      expires:
      - '-1'
      pragma:
      - no-cache
      server:
      - Microsoft-HTTPAPI/2.0
      strict-transport-security:
      - max-age=31536000; includeSubDomains
      transfer-encoding:
      - chunked
      vary:
      - Accept-Encoding
      x-content-type-options:
      - nosniff
    status:
      code: 200
      message: OK
- request:
    body: null
    headers:
      Accept:
      - application/json
      Accept-Encoding:
      - gzip, deflate
      CommandName:
      - eventgrid event-subscription create
      Connection:
      - keep-alive
      ParameterSetName:
      - --source-resource-id --name --endpoint-type --endpoint --subject-begins-with
        --max-events-per-batch --preferred-batch-size-in-kilobytes
      User-Agent:
      - python/3.7.3 (Windows-10-10.0.19041-SP0) msrest/0.6.21 msrest_azure/0.6.3
        azure-mgmt-eventgrid/3.0.0rc9 Azure-SDK-For-Python AZURECLI/2.21.0
    method: GET
    uri: https://management.azure.com/subscriptions/00000000-0000-0000-0000-000000000000/resourceGroups/clieventgridrg000001/providers/Microsoft.Storage/storageAccounts/clieventgrid000002/providers/Microsoft.EventGrid/eventSubscriptions/CliTestEventGridEventsubscription4?api-version=2020-10-15-preview
  response:
    body:
      string: '{"properties":{"topic":"/subscriptions/00000000-0000-0000-0000-000000000000/resourceGroups/clieventgridrg000001/providers/microsoft.storage/storageaccounts/clieventgrid000002","provisioningState":"Succeeded","destination":{"properties":{"endpointUrl":null,"endpointBaseUrl":"https://devexpfuncappdestination.azurewebsites.net/api/DevExpFunc","maxEventsPerBatch":10,"preferredBatchSizeInKilobytes":128},"endpointType":"WebHook"},"filter":{"subjectBeginsWith":"SomeRandomText1","subjectEndsWith":"","includedEventTypes":["Microsoft.Storage.BlobCreated","Microsoft.Storage.BlobDeleted"]},"labels":null,"eventDeliverySchema":"EventGridSchema","retryPolicy":{"maxDeliveryAttempts":30,"eventTimeToLiveInMinutes":1440}},"systemData":null,"id":"/subscriptions/00000000-0000-0000-0000-000000000000/resourceGroups/clieventgridrg000001/providers/Microsoft.Storage/storageAccounts/clieventgrid000002/providers/Microsoft.EventGrid/eventSubscriptions/CliTestEventGridEventsubscription4","name":"CliTestEventGridEventsubscription4","type":"Microsoft.EventGrid/eventSubscriptions"}'
    headers:
      cache-control:
      - no-cache
      content-length:
      - '1187'
      content-type:
      - application/json; charset=utf-8
      date:
      - Thu, 25 Mar 2021 17:50:11 GMT
      expires:
      - '-1'
      pragma:
      - no-cache
      server:
      - Microsoft-HTTPAPI/2.0
      strict-transport-security:
      - max-age=31536000; includeSubDomains
      transfer-encoding:
      - chunked
      vary:
      - Accept-Encoding
      x-content-type-options:
      - nosniff
    status:
      code: 200
      message: OK
- request:
    body: null
    headers:
      Accept:
      - application/json
      Accept-Encoding:
      - gzip, deflate
      CommandName:
      - eventgrid event-subscription show
      Connection:
      - keep-alive
      ParameterSetName:
      - --source-resource-id --name
      User-Agent:
      - python/3.7.3 (Windows-10-10.0.19041-SP0) msrest/0.6.21 msrest_azure/0.6.3
        azure-mgmt-eventgrid/3.0.0rc9 Azure-SDK-For-Python AZURECLI/2.21.0
      accept-language:
      - en-US
    method: GET
    uri: https://management.azure.com/subscriptions/00000000-0000-0000-0000-000000000000/resourceGroups/clieventgridrg000001/providers/Microsoft.Storage/storageAccounts/clieventgrid000002/providers/Microsoft.EventGrid/eventSubscriptions/CliTestEventGridEventsubscription4?api-version=2020-10-15-preview
  response:
    body:
      string: '{"properties":{"topic":"/subscriptions/00000000-0000-0000-0000-000000000000/resourceGroups/clieventgridrg000001/providers/microsoft.storage/storageaccounts/clieventgrid000002","provisioningState":"Succeeded","destination":{"properties":{"endpointUrl":null,"endpointBaseUrl":"https://devexpfuncappdestination.azurewebsites.net/api/DevExpFunc","maxEventsPerBatch":10,"preferredBatchSizeInKilobytes":128},"endpointType":"WebHook"},"filter":{"subjectBeginsWith":"SomeRandomText1","subjectEndsWith":"","includedEventTypes":["Microsoft.Storage.BlobCreated","Microsoft.Storage.BlobDeleted"]},"labels":null,"eventDeliverySchema":"EventGridSchema","retryPolicy":{"maxDeliveryAttempts":30,"eventTimeToLiveInMinutes":1440}},"systemData":null,"id":"/subscriptions/00000000-0000-0000-0000-000000000000/resourceGroups/clieventgridrg000001/providers/Microsoft.Storage/storageAccounts/clieventgrid000002/providers/Microsoft.EventGrid/eventSubscriptions/CliTestEventGridEventsubscription4","name":"CliTestEventGridEventsubscription4","type":"Microsoft.EventGrid/eventSubscriptions"}'
    headers:
      cache-control:
      - no-cache
      content-length:
      - '1187'
      content-type:
      - application/json; charset=utf-8
      date:
      - Thu, 25 Mar 2021 17:50:13 GMT
      expires:
      - '-1'
      pragma:
      - no-cache
      server:
      - Microsoft-HTTPAPI/2.0
      strict-transport-security:
      - max-age=31536000; includeSubDomains
      transfer-encoding:
      - chunked
      vary:
      - Accept-Encoding
      x-content-type-options:
      - nosniff
    status:
      code: 200
      message: OK
- request:
    body: '{"properties": {"destination": {"endpointType": "WebHook", "properties":
      {"endpointUrl": "https://devexpfuncappdestination.azurewebsites.net/api/DevExpFunc?code=<HIDDEN>",
      "maxEventsPerBatch": 10, "preferredBatchSizeInKilobytes": 128, "azureActiveDirectoryTenantId":
      "72f988bf-86f1-41af-91ab-2d7cd011db47", "azureActiveDirectoryApplicationIdOrUri":
      "03d47d4a-7c50-43e0-ba90-89d090cc4582"}}, "filter": {"subjectBeginsWith": "SomeRandomText1",
      "isSubjectCaseSensitive": false}, "retryPolicy": {"maxDeliveryAttempts": 30,
      "eventTimeToLiveInMinutes": 1440}}}'
    headers:
      Accept:
      - application/json
      Accept-Encoding:
      - gzip, deflate
      CommandName:
      - eventgrid event-subscription create
      Connection:
      - keep-alive
      Content-Length:
      - '602'
      Content-Type:
      - application/json; charset=utf-8
      ParameterSetName:
      - --source-resource-id --name --endpoint-type --endpoint --subject-begins-with
        --max-events-per-batch --preferred-batch-size-in-kilobytes --azure-active-directory-tenant-id
        --azure-active-directory-application-id-or-uri
      User-Agent:
      - python/3.7.3 (Windows-10-10.0.19041-SP0) msrest/0.6.21 msrest_azure/0.6.3
        azure-mgmt-eventgrid/3.0.0rc9 Azure-SDK-For-Python AZURECLI/2.21.0
      accept-language:
      - en-US
    method: PUT
    uri: https://management.azure.com/subscriptions/00000000-0000-0000-0000-000000000000/resourceGroups/clieventgridrg000001/providers/Microsoft.Storage/storageAccounts/clieventgrid000002/providers/Microsoft.EventGrid/eventSubscriptions/CliTestEventGridEventsubscription3?api-version=2020-10-15-preview
  response:
    body:
      string: '{"properties":{"topic":"/subscriptions/00000000-0000-0000-0000-000000000000/resourceGroups/clieventgridrg000001/providers/microsoft.storage/storageaccounts/clieventgrid000002","provisioningState":"Creating","destination":{"properties":{"endpointUrl":null,"endpointBaseUrl":"https://devexpfuncappdestination.azurewebsites.net/api/DevExpFunc","maxEventsPerBatch":10,"preferredBatchSizeInKilobytes":128,"azureActiveDirectoryTenantId":"72f988bf-86f1-41af-91ab-2d7cd011db47","azureActiveDirectoryApplicationIdOrUri":"03d47d4a-7c50-43e0-ba90-89d090cc4582"},"endpointType":"WebHook"},"filter":{"subjectBeginsWith":"SomeRandomText1","includedEventTypes":["Microsoft.Storage.BlobCreated","Microsoft.Storage.BlobDeleted"]},"labels":null,"retryPolicy":{"maxDeliveryAttempts":30,"eventTimeToLiveInMinutes":1440}},"systemData":null,"id":"/subscriptions/00000000-0000-0000-0000-000000000000/resourceGroups/clieventgridrg000001/providers/Microsoft.Storage/storageAccounts/clieventgrid000002/providers/Microsoft.EventGrid/eventSubscriptions/CliTestEventGridEventsubscription3","name":"CliTestEventGridEventsubscription3","type":"Microsoft.EventGrid/eventSubscriptions"}'
    headers:
      azure-asyncoperation:
      - https://management.azure.com:443/subscriptions/00000000-0000-0000-0000-000000000000/providers/Microsoft.EventGrid/locations/centraluseuap/operationsStatus/7F06FBFD-2ED9-4639-AA40-86E01ABB60AD?api-version=2020-10-15-preview
      cache-control:
      - no-cache
      content-length:
      - '1275'
      content-type:
      - application/json; charset=utf-8
      date:
      - Thu, 25 Mar 2021 17:50:14 GMT
      expires:
      - '-1'
      pragma:
      - no-cache
      server:
      - Microsoft-HTTPAPI/2.0
      strict-transport-security:
      - max-age=31536000; includeSubDomains
      x-content-type-options:
      - nosniff
      x-ms-ratelimit-remaining-subscription-resource-requests:
      - '899'
    status:
      code: 201
      message: Created
- request:
    body: null
    headers:
      Accept:
      - application/json
      Accept-Encoding:
      - gzip, deflate
      CommandName:
      - eventgrid event-subscription create
      Connection:
      - keep-alive
      ParameterSetName:
      - --source-resource-id --name --endpoint-type --endpoint --subject-begins-with
        --max-events-per-batch --preferred-batch-size-in-kilobytes --azure-active-directory-tenant-id
        --azure-active-directory-application-id-or-uri
      User-Agent:
      - python/3.7.3 (Windows-10-10.0.19041-SP0) msrest/0.6.21 msrest_azure/0.6.3
        azure-mgmt-eventgrid/3.0.0rc9 Azure-SDK-For-Python AZURECLI/2.21.0
    method: GET
    uri: https://management.azure.com/subscriptions/00000000-0000-0000-0000-000000000000/providers/Microsoft.EventGrid/locations/centraluseuap/operationsStatus/7F06FBFD-2ED9-4639-AA40-86E01ABB60AD?api-version=2020-10-15-preview
  response:
    body:
      string: '{"id":"https://management.azure.com/subscriptions/00000000-0000-0000-0000-000000000000/providers/Microsoft.EventGrid/locations/centraluseuap/operationsStatus/7F06FBFD-2ED9-4639-AA40-86E01ABB60AD?api-version=2020-10-15-preview","name":"7f06fbfd-2ed9-4639-aa40-86e01abb60ad","status":"Succeeded"}'
    headers:
      cache-control:
      - no-cache
      content-length:
      - '294'
      content-type:
      - application/json; charset=utf-8
      date:
      - Thu, 25 Mar 2021 17:50:25 GMT
      expires:
      - '-1'
      pragma:
      - no-cache
      server:
      - Microsoft-HTTPAPI/2.0
      strict-transport-security:
      - max-age=31536000; includeSubDomains
      transfer-encoding:
      - chunked
      vary:
      - Accept-Encoding
      x-content-type-options:
      - nosniff
    status:
      code: 200
      message: OK
- request:
    body: null
    headers:
      Accept:
      - application/json
      Accept-Encoding:
      - gzip, deflate
      CommandName:
      - eventgrid event-subscription create
      Connection:
      - keep-alive
      ParameterSetName:
      - --source-resource-id --name --endpoint-type --endpoint --subject-begins-with
        --max-events-per-batch --preferred-batch-size-in-kilobytes --azure-active-directory-tenant-id
        --azure-active-directory-application-id-or-uri
      User-Agent:
      - python/3.7.3 (Windows-10-10.0.19041-SP0) msrest/0.6.21 msrest_azure/0.6.3
        azure-mgmt-eventgrid/3.0.0rc9 Azure-SDK-For-Python AZURECLI/2.21.0
    method: GET
    uri: https://management.azure.com/subscriptions/00000000-0000-0000-0000-000000000000/resourceGroups/clieventgridrg000001/providers/Microsoft.Storage/storageAccounts/clieventgrid000002/providers/Microsoft.EventGrid/eventSubscriptions/CliTestEventGridEventsubscription3?api-version=2020-10-15-preview
  response:
    body:
      string: '{"properties":{"topic":"/subscriptions/00000000-0000-0000-0000-000000000000/resourceGroups/clieventgridrg000001/providers/microsoft.storage/storageaccounts/clieventgrid000002","provisioningState":"Succeeded","destination":{"properties":{"endpointUrl":null,"endpointBaseUrl":"https://devexpfuncappdestination.azurewebsites.net/api/DevExpFunc","maxEventsPerBatch":10,"preferredBatchSizeInKilobytes":128,"azureActiveDirectoryTenantId":"72f988bf-86f1-41af-91ab-2d7cd011db47","azureActiveDirectoryApplicationIdOrUri":"03d47d4a-7c50-43e0-ba90-89d090cc4582"},"endpointType":"WebHook"},"filter":{"subjectBeginsWith":"SomeRandomText1","subjectEndsWith":"","includedEventTypes":["Microsoft.Storage.BlobCreated","Microsoft.Storage.BlobDeleted"]},"labels":null,"eventDeliverySchema":"EventGridSchema","retryPolicy":{"maxDeliveryAttempts":30,"eventTimeToLiveInMinutes":1440}},"systemData":null,"id":"/subscriptions/00000000-0000-0000-0000-000000000000/resourceGroups/clieventgridrg000001/providers/Microsoft.Storage/storageAccounts/clieventgrid000002/providers/Microsoft.EventGrid/eventSubscriptions/CliTestEventGridEventsubscription3","name":"CliTestEventGridEventsubscription3","type":"Microsoft.EventGrid/eventSubscriptions"}'
    headers:
      cache-control:
      - no-cache
      content-length:
      - '1337'
      content-type:
      - application/json; charset=utf-8
      date:
      - Thu, 25 Mar 2021 17:50:25 GMT
      expires:
      - '-1'
      pragma:
      - no-cache
      server:
      - Microsoft-HTTPAPI/2.0
      strict-transport-security:
      - max-age=31536000; includeSubDomains
      transfer-encoding:
      - chunked
      vary:
      - Accept-Encoding
      x-content-type-options:
      - nosniff
    status:
      code: 200
      message: OK
- request:
    body: null
    headers:
      Accept:
      - application/json
      Accept-Encoding:
      - gzip, deflate
      CommandName:
      - eventgrid event-subscription show
      Connection:
      - keep-alive
      ParameterSetName:
      - --source-resource-id --name
      User-Agent:
      - python/3.7.3 (Windows-10-10.0.19041-SP0) msrest/0.6.21 msrest_azure/0.6.3
        azure-mgmt-eventgrid/3.0.0rc9 Azure-SDK-For-Python AZURECLI/2.21.0
      accept-language:
      - en-US
    method: GET
    uri: https://management.azure.com/subscriptions/00000000-0000-0000-0000-000000000000/resourceGroups/clieventgridrg000001/providers/Microsoft.Storage/storageAccounts/clieventgrid000002/providers/Microsoft.EventGrid/eventSubscriptions/CliTestEventGridEventsubscription3?api-version=2020-10-15-preview
  response:
    body:
      string: '{"properties":{"topic":"/subscriptions/00000000-0000-0000-0000-000000000000/resourceGroups/clieventgridrg000001/providers/microsoft.storage/storageaccounts/clieventgrid000002","provisioningState":"Succeeded","destination":{"properties":{"endpointUrl":null,"endpointBaseUrl":"https://devexpfuncappdestination.azurewebsites.net/api/DevExpFunc","maxEventsPerBatch":10,"preferredBatchSizeInKilobytes":128,"azureActiveDirectoryTenantId":"72f988bf-86f1-41af-91ab-2d7cd011db47","azureActiveDirectoryApplicationIdOrUri":"03d47d4a-7c50-43e0-ba90-89d090cc4582"},"endpointType":"WebHook"},"filter":{"subjectBeginsWith":"SomeRandomText1","subjectEndsWith":"","includedEventTypes":["Microsoft.Storage.BlobCreated","Microsoft.Storage.BlobDeleted"]},"labels":null,"eventDeliverySchema":"EventGridSchema","retryPolicy":{"maxDeliveryAttempts":30,"eventTimeToLiveInMinutes":1440}},"systemData":null,"id":"/subscriptions/00000000-0000-0000-0000-000000000000/resourceGroups/clieventgridrg000001/providers/Microsoft.Storage/storageAccounts/clieventgrid000002/providers/Microsoft.EventGrid/eventSubscriptions/CliTestEventGridEventsubscription3","name":"CliTestEventGridEventsubscription3","type":"Microsoft.EventGrid/eventSubscriptions"}'
    headers:
      cache-control:
      - no-cache
      content-length:
      - '1337'
      content-type:
      - application/json; charset=utf-8
      date:
      - Thu, 25 Mar 2021 17:50:26 GMT
      expires:
      - '-1'
      pragma:
      - no-cache
      server:
      - Microsoft-HTTPAPI/2.0
      strict-transport-security:
      - max-age=31536000; includeSubDomains
      transfer-encoding:
      - chunked
      vary:
      - Accept-Encoding
      x-content-type-options:
      - nosniff
    status:
      code: 200
      message: OK
- request:
    body: null
    headers:
      Accept:
      - application/json
      Accept-Encoding:
      - gzip, deflate
      CommandName:
      - eventgrid event-subscription update
      Connection:
      - keep-alive
      ParameterSetName:
      - --source-resource-id --name --subject-begins-with
      User-Agent:
      - python/3.7.3 (Windows-10-10.0.19041-SP0) msrest/0.6.21 msrest_azure/0.6.3
        azure-mgmt-eventgrid/3.0.0rc9 Azure-SDK-For-Python AZURECLI/2.21.0
      accept-language:
      - en-US
    method: GET
    uri: https://management.azure.com/subscriptions/00000000-0000-0000-0000-000000000000/resourceGroups/clieventgridrg000001/providers/Microsoft.Storage/storageAccounts/clieventgrid000002/providers/Microsoft.EventGrid/eventSubscriptions/CliTestEventGridEventsubscription1?api-version=2020-10-15-preview
  response:
    body:
      string: '{"properties":{"topic":"/subscriptions/00000000-0000-0000-0000-000000000000/resourceGroups/clieventgridrg000001/providers/microsoft.storage/storageaccounts/clieventgrid000002","provisioningState":"Succeeded","destination":{"properties":{"resourceId":"/subscriptions/00000000-0000-0000-0000-000000000000/resourceGroups/DevExpRg/providers/Microsoft.ServiceBus/namespaces/devexpservicebus/topics/devexptopic1"},"endpointType":"ServiceBusTopic"},"filter":{"subjectBeginsWith":"SomeRandomText1","subjectEndsWith":"","includedEventTypes":["Microsoft.Storage.BlobCreated","Microsoft.Storage.BlobDeleted"]},"labels":null,"eventDeliverySchema":"CloudEventSchemaV1_0","retryPolicy":{"maxDeliveryAttempts":30,"eventTimeToLiveInMinutes":1440}},"systemData":null,"id":"/subscriptions/00000000-0000-0000-0000-000000000000/resourceGroups/clieventgridrg000001/providers/Microsoft.Storage/storageAccounts/clieventgrid000002/providers/Microsoft.EventGrid/eventSubscriptions/CliTestEventGridEventsubscription1","name":"CliTestEventGridEventsubscription1","type":"Microsoft.EventGrid/eventSubscriptions"}'
    headers:
      cache-control:
      - no-cache
      content-length:
      - '1206'
      content-type:
      - application/json; charset=utf-8
      date:
      - Thu, 25 Mar 2021 17:50:27 GMT
      expires:
      - '-1'
      pragma:
      - no-cache
      server:
      - Microsoft-HTTPAPI/2.0
      strict-transport-security:
      - max-age=31536000; includeSubDomains
      transfer-encoding:
      - chunked
      vary:
      - Accept-Encoding
      x-content-type-options:
      - nosniff
    status:
      code: 200
      message: OK
- request:
    body: '{"destination": {"endpointType": "ServiceBusTopic", "properties": {"resourceId":
      "/subscriptions/00000000-0000-0000-0000-000000000000/resourceGroups/DevExpRg/providers/Microsoft.ServiceBus/namespaces/devexpservicebus/topics/devexptopic1"}},
      "filter": {"subjectBeginsWith": "SomeRandomText1234", "subjectEndsWith": "",
      "includedEventTypes": ["Microsoft.Storage.BlobCreated", "Microsoft.Storage.BlobDeleted"]},
      "eventDeliverySchema": "CloudEventSchemaV1_0", "retryPolicy": {"maxDeliveryAttempts":
      30, "eventTimeToLiveInMinutes": 1440}}'
    headers:
      Accept:
      - application/json
      Accept-Encoding:
      - gzip, deflate
      CommandName:
      - eventgrid event-subscription update
      Connection:
      - keep-alive
      Content-Length:
      - '533'
      Content-Type:
      - application/json; charset=utf-8
      ParameterSetName:
      - --source-resource-id --name --subject-begins-with
      User-Agent:
      - python/3.7.3 (Windows-10-10.0.19041-SP0) msrest/0.6.21 msrest_azure/0.6.3
        azure-mgmt-eventgrid/3.0.0rc9 Azure-SDK-For-Python AZURECLI/2.21.0
      accept-language:
      - en-US
    method: PATCH
    uri: https://management.azure.com/subscriptions/00000000-0000-0000-0000-000000000000/resourceGroups/clieventgridrg000001/providers/Microsoft.Storage/storageAccounts/clieventgrid000002/providers/Microsoft.EventGrid/eventSubscriptions/CliTestEventGridEventsubscription1?api-version=2020-10-15-preview
  response:
    body:
      string: '{"properties":{"topic":"/subscriptions/00000000-0000-0000-0000-000000000000/resourceGroups/clieventgridrg000001/providers/microsoft.storage/storageaccounts/clieventgrid000002","provisioningState":"Updating","destination":{"properties":{"resourceId":"/subscriptions/00000000-0000-0000-0000-000000000000/resourceGroups/DevExpRg/providers/Microsoft.ServiceBus/namespaces/devexpservicebus/topics/devexptopic1"},"endpointType":"ServiceBusTopic"},"filter":{"subjectBeginsWith":"SomeRandomText1234","subjectEndsWith":"","includedEventTypes":["Microsoft.Storage.BlobCreated","Microsoft.Storage.BlobDeleted"]},"labels":null,"eventDeliverySchema":"CloudEventSchemaV1_0","retryPolicy":{"maxDeliveryAttempts":30,"eventTimeToLiveInMinutes":1440}},"systemData":null,"id":"/subscriptions/00000000-0000-0000-0000-000000000000/resourceGroups/clieventgridrg000001/providers/Microsoft.Storage/storageAccounts/clieventgrid000002/providers/Microsoft.EventGrid/eventSubscriptions/CliTestEventGridEventsubscription1","name":"CliTestEventGridEventsubscription1","type":"Microsoft.EventGrid/eventSubscriptions"}'
    headers:
      azure-asyncoperation:
      - https://management.azure.com:443/subscriptions/00000000-0000-0000-0000-000000000000/providers/Microsoft.EventGrid/locations/centraluseuap/operationsStatus/F1B860E2-94FE-45BF-A59F-381639F060A8?api-version=2020-10-15-preview
      cache-control:
      - no-cache
      content-length:
      - '1208'
      content-type:
      - application/json; charset=utf-8
      date:
      - Thu, 25 Mar 2021 17:50:27 GMT
      expires:
      - '-1'
      pragma:
      - no-cache
      server:
      - Microsoft-HTTPAPI/2.0
      strict-transport-security:
      - max-age=31536000; includeSubDomains
      x-content-type-options:
      - nosniff
      x-ms-ratelimit-remaining-subscription-resource-requests:
      - '899'
    status:
      code: 201
      message: Created
- request:
    body: null
    headers:
      Accept:
      - application/json
      Accept-Encoding:
      - gzip, deflate
      CommandName:
      - eventgrid event-subscription update
      Connection:
      - keep-alive
      ParameterSetName:
      - --source-resource-id --name --subject-begins-with
      User-Agent:
      - python/3.7.3 (Windows-10-10.0.19041-SP0) msrest/0.6.21 msrest_azure/0.6.3
        azure-mgmt-eventgrid/3.0.0rc9 Azure-SDK-For-Python AZURECLI/2.21.0
    method: GET
    uri: https://management.azure.com/subscriptions/00000000-0000-0000-0000-000000000000/providers/Microsoft.EventGrid/locations/centraluseuap/operationsStatus/F1B860E2-94FE-45BF-A59F-381639F060A8?api-version=2020-10-15-preview
  response:
    body:
      string: '{"id":"https://management.azure.com/subscriptions/00000000-0000-0000-0000-000000000000/providers/Microsoft.EventGrid/locations/centraluseuap/operationsStatus/F1B860E2-94FE-45BF-A59F-381639F060A8?api-version=2020-10-15-preview","name":"f1b860e2-94fe-45bf-a59f-381639f060a8","status":"Succeeded"}'
    headers:
      cache-control:
      - no-cache
      content-length:
      - '294'
      content-type:
      - application/json; charset=utf-8
      date:
      - Thu, 25 Mar 2021 17:50:38 GMT
      expires:
      - '-1'
      pragma:
      - no-cache
      server:
      - Microsoft-HTTPAPI/2.0
      strict-transport-security:
      - max-age=31536000; includeSubDomains
      transfer-encoding:
      - chunked
      vary:
      - Accept-Encoding
      x-content-type-options:
      - nosniff
    status:
      code: 200
      message: OK
- request:
    body: null
    headers:
      Accept:
      - application/json
      Accept-Encoding:
      - gzip, deflate
      CommandName:
      - eventgrid event-subscription update
      Connection:
      - keep-alive
      ParameterSetName:
      - --source-resource-id --name --subject-begins-with
      User-Agent:
      - python/3.7.3 (Windows-10-10.0.19041-SP0) msrest/0.6.21 msrest_azure/0.6.3
        azure-mgmt-eventgrid/3.0.0rc9 Azure-SDK-For-Python AZURECLI/2.21.0
    method: GET
    uri: https://management.azure.com/subscriptions/00000000-0000-0000-0000-000000000000/resourceGroups/clieventgridrg000001/providers/Microsoft.Storage/storageAccounts/clieventgrid000002/providers/Microsoft.EventGrid/eventSubscriptions/CliTestEventGridEventsubscription1?api-version=2020-10-15-preview
  response:
    body:
      string: '{"properties":{"topic":"/subscriptions/00000000-0000-0000-0000-000000000000/resourceGroups/clieventgridrg000001/providers/microsoft.storage/storageaccounts/clieventgrid000002","provisioningState":"Succeeded","destination":{"properties":{"resourceId":"/subscriptions/00000000-0000-0000-0000-000000000000/resourceGroups/DevExpRg/providers/Microsoft.ServiceBus/namespaces/devexpservicebus/topics/devexptopic1"},"endpointType":"ServiceBusTopic"},"filter":{"subjectBeginsWith":"SomeRandomText1234","subjectEndsWith":"","includedEventTypes":["Microsoft.Storage.BlobCreated","Microsoft.Storage.BlobDeleted"]},"labels":null,"eventDeliverySchema":"CloudEventSchemaV1_0","retryPolicy":{"maxDeliveryAttempts":30,"eventTimeToLiveInMinutes":1440}},"systemData":null,"id":"/subscriptions/00000000-0000-0000-0000-000000000000/resourceGroups/clieventgridrg000001/providers/Microsoft.Storage/storageAccounts/clieventgrid000002/providers/Microsoft.EventGrid/eventSubscriptions/CliTestEventGridEventsubscription1","name":"CliTestEventGridEventsubscription1","type":"Microsoft.EventGrid/eventSubscriptions"}'
    headers:
      cache-control:
      - no-cache
      content-length:
      - '1209'
      content-type:
      - application/json; charset=utf-8
      date:
      - Thu, 25 Mar 2021 17:50:38 GMT
      expires:
      - '-1'
      pragma:
      - no-cache
      server:
      - Microsoft-HTTPAPI/2.0
      strict-transport-security:
      - max-age=31536000; includeSubDomains
      transfer-encoding:
      - chunked
      vary:
      - Accept-Encoding
      x-content-type-options:
      - nosniff
    status:
      code: 200
      message: OK
- request:
    body: null
    headers:
      Accept:
      - application/json
      Accept-Encoding:
      - gzip, deflate
      CommandName:
      - eventgrid event-subscription show
      Connection:
      - keep-alive
      ParameterSetName:
      - --source-resource-id --name
      User-Agent:
      - python/3.7.3 (Windows-10-10.0.19041-SP0) msrest/0.6.21 msrest_azure/0.6.3
        azure-mgmt-eventgrid/3.0.0rc9 Azure-SDK-For-Python AZURECLI/2.21.0
      accept-language:
      - en-US
    method: GET
    uri: https://management.azure.com/subscriptions/00000000-0000-0000-0000-000000000000/resourceGroups/clieventgridrg000001/providers/Microsoft.Storage/storageAccounts/clieventgrid000002/providers/Microsoft.EventGrid/eventSubscriptions/CliTestEventGridEventsubscription1?api-version=2020-10-15-preview
  response:
    body:
      string: '{"properties":{"topic":"/subscriptions/00000000-0000-0000-0000-000000000000/resourceGroups/clieventgridrg000001/providers/microsoft.storage/storageaccounts/clieventgrid000002","provisioningState":"Succeeded","destination":{"properties":{"resourceId":"/subscriptions/00000000-0000-0000-0000-000000000000/resourceGroups/DevExpRg/providers/Microsoft.ServiceBus/namespaces/devexpservicebus/topics/devexptopic1"},"endpointType":"ServiceBusTopic"},"filter":{"subjectBeginsWith":"SomeRandomText1234","subjectEndsWith":"","includedEventTypes":["Microsoft.Storage.BlobCreated","Microsoft.Storage.BlobDeleted"]},"labels":null,"eventDeliverySchema":"CloudEventSchemaV1_0","retryPolicy":{"maxDeliveryAttempts":30,"eventTimeToLiveInMinutes":1440}},"systemData":null,"id":"/subscriptions/00000000-0000-0000-0000-000000000000/resourceGroups/clieventgridrg000001/providers/Microsoft.Storage/storageAccounts/clieventgrid000002/providers/Microsoft.EventGrid/eventSubscriptions/CliTestEventGridEventsubscription1","name":"CliTestEventGridEventsubscription1","type":"Microsoft.EventGrid/eventSubscriptions"}'
    headers:
      cache-control:
      - no-cache
      content-length:
      - '1209'
      content-type:
      - application/json; charset=utf-8
      date:
      - Thu, 25 Mar 2021 17:50:38 GMT
      expires:
      - '-1'
      pragma:
      - no-cache
      server:
      - Microsoft-HTTPAPI/2.0
      strict-transport-security:
      - max-age=31536000; includeSubDomains
      transfer-encoding:
      - chunked
      vary:
      - Accept-Encoding
      x-content-type-options:
      - nosniff
    status:
      code: 200
      message: OK
- request:
    body: null
    headers:
      Accept:
      - application/json
      Accept-Encoding:
      - gzip, deflate
      CommandName:
      - eventgrid event-subscription update
      Connection:
      - keep-alive
      ParameterSetName:
      - --source-resource-id --name --endpoint-type --endpoint --subject-begins-with
      User-Agent:
      - python/3.7.3 (Windows-10-10.0.19041-SP0) msrest/0.6.21 msrest_azure/0.6.3
        azure-mgmt-eventgrid/3.0.0rc9 Azure-SDK-For-Python AZURECLI/2.21.0
      accept-language:
      - en-US
    method: GET
    uri: https://management.azure.com/subscriptions/00000000-0000-0000-0000-000000000000/resourceGroups/clieventgridrg000001/providers/Microsoft.Storage/storageAccounts/clieventgrid000002/providers/Microsoft.EventGrid/eventSubscriptions/CliTestEventGridEventsubscription2?api-version=2020-10-15-preview
  response:
    body:
      string: '{"properties":{"topic":"/subscriptions/00000000-0000-0000-0000-000000000000/resourceGroups/clieventgridrg000001/providers/microsoft.storage/storageaccounts/clieventgrid000002","provisioningState":"Succeeded","destination":{"properties":{"resourceId":"/subscriptions/00000000-0000-0000-0000-000000000000/resourceGroups/DevExpRg/providers/Microsoft.Web/sites/eventgridclitestapp/functions/EventGridTrigger1","maxEventsPerBatch":10,"preferredBatchSizeInKilobytes":128},"endpointType":"AzureFunction"},"filter":{"subjectBeginsWith":"SomeRandomText1","subjectEndsWith":"","includedEventTypes":["Microsoft.Storage.BlobCreated","Microsoft.Storage.BlobDeleted"]},"labels":null,"eventDeliverySchema":"EventGridSchema","retryPolicy":{"maxDeliveryAttempts":30,"eventTimeToLiveInMinutes":1440}},"systemData":null,"id":"/subscriptions/00000000-0000-0000-0000-000000000000/resourceGroups/clieventgridrg000001/providers/Microsoft.Storage/storageAccounts/clieventgrid000002/providers/Microsoft.EventGrid/eventSubscriptions/CliTestEventGridEventsubscription2","name":"CliTestEventGridEventsubscription2","type":"Microsoft.EventGrid/eventSubscriptions"}'
    headers:
      cache-control:
      - no-cache
      content-length:
      - '1257'
      content-type:
      - application/json; charset=utf-8
      date:
      - Thu, 25 Mar 2021 17:50:39 GMT
      expires:
      - '-1'
      pragma:
      - no-cache
      server:
      - Microsoft-HTTPAPI/2.0
      strict-transport-security:
      - max-age=31536000; includeSubDomains
      transfer-encoding:
      - chunked
      vary:
      - Accept-Encoding
      x-content-type-options:
      - nosniff
    status:
      code: 200
      message: OK
- request:
    body: '{"destination": {"endpointType": "AzureFunction", "properties": {"resourceId":
      "/subscriptions/00000000-0000-0000-0000-000000000000/resourceGroups/DevExpRg/providers/Microsoft.Web/sites/eventgridclitestapp/functions/EventGridTrigger1",
      "maxEventsPerBatch": 10, "preferredBatchSizeInKilobytes": 128}}, "filter": {"subjectBeginsWith":
      "SomeRandomText2234431", "subjectEndsWith": "", "includedEventTypes": ["Microsoft.Storage.BlobCreated",
      "Microsoft.Storage.BlobDeleted"]}, "eventDeliverySchema": "EventGridSchema",
      "retryPolicy": {"maxDeliveryAttempts": 30, "eventTimeToLiveInMinutes": 1440}}'
    headers:
      Accept:
      - application/json
      Accept-Encoding:
      - gzip, deflate
      CommandName:
      - eventgrid event-subscription update
      Connection:
      - keep-alive
      Content-Length:
      - '591'
      Content-Type:
      - application/json; charset=utf-8
      ParameterSetName:
      - --source-resource-id --name --endpoint-type --endpoint --subject-begins-with
      User-Agent:
      - python/3.7.3 (Windows-10-10.0.19041-SP0) msrest/0.6.21 msrest_azure/0.6.3
        azure-mgmt-eventgrid/3.0.0rc9 Azure-SDK-For-Python AZURECLI/2.21.0
      accept-language:
      - en-US
    method: PATCH
    uri: https://management.azure.com/subscriptions/00000000-0000-0000-0000-000000000000/resourceGroups/clieventgridrg000001/providers/Microsoft.Storage/storageAccounts/clieventgrid000002/providers/Microsoft.EventGrid/eventSubscriptions/CliTestEventGridEventsubscription2?api-version=2020-10-15-preview
  response:
    body:
      string: '{"properties":{"topic":"/subscriptions/00000000-0000-0000-0000-000000000000/resourceGroups/clieventgridrg000001/providers/microsoft.storage/storageaccounts/clieventgrid000002","provisioningState":"Updating","destination":{"properties":{"resourceId":"/subscriptions/00000000-0000-0000-0000-000000000000/resourceGroups/DevExpRg/providers/Microsoft.Web/sites/eventgridclitestapp/functions/EventGridTrigger1","maxEventsPerBatch":10,"preferredBatchSizeInKilobytes":128},"endpointType":"AzureFunction"},"filter":{"subjectBeginsWith":"SomeRandomText2234431","subjectEndsWith":"","includedEventTypes":["Microsoft.Storage.BlobCreated","Microsoft.Storage.BlobDeleted"]},"labels":null,"eventDeliverySchema":"EventGridSchema","retryPolicy":{"maxDeliveryAttempts":30,"eventTimeToLiveInMinutes":1440}},"systemData":null,"id":"/subscriptions/00000000-0000-0000-0000-000000000000/resourceGroups/clieventgridrg000001/providers/Microsoft.Storage/storageAccounts/clieventgrid000002/providers/Microsoft.EventGrid/eventSubscriptions/CliTestEventGridEventsubscription2","name":"CliTestEventGridEventsubscription2","type":"Microsoft.EventGrid/eventSubscriptions"}'
    headers:
      azure-asyncoperation:
      - https://management.azure.com:443/subscriptions/00000000-0000-0000-0000-000000000000/providers/Microsoft.EventGrid/locations/centraluseuap/operationsStatus/3A18372F-95E2-4BCB-A945-ADD9C37B59EC?api-version=2020-10-15-preview
      cache-control:
      - no-cache
      content-length:
      - '1262'
      content-type:
      - application/json; charset=utf-8
      date:
      - Thu, 25 Mar 2021 17:50:41 GMT
      expires:
      - '-1'
      pragma:
      - no-cache
      server:
      - Microsoft-HTTPAPI/2.0
      strict-transport-security:
      - max-age=31536000; includeSubDomains
      x-content-type-options:
      - nosniff
      x-ms-ratelimit-remaining-subscription-resource-requests:
      - '899'
    status:
      code: 201
      message: Created
- request:
    body: null
    headers:
      Accept:
      - application/json
      Accept-Encoding:
      - gzip, deflate
      CommandName:
      - eventgrid event-subscription update
      Connection:
      - keep-alive
      ParameterSetName:
      - --source-resource-id --name --endpoint-type --endpoint --subject-begins-with
      User-Agent:
      - python/3.7.3 (Windows-10-10.0.19041-SP0) msrest/0.6.21 msrest_azure/0.6.3
        azure-mgmt-eventgrid/3.0.0rc9 Azure-SDK-For-Python AZURECLI/2.21.0
    method: GET
    uri: https://management.azure.com/subscriptions/00000000-0000-0000-0000-000000000000/providers/Microsoft.EventGrid/locations/centraluseuap/operationsStatus/3A18372F-95E2-4BCB-A945-ADD9C37B59EC?api-version=2020-10-15-preview
  response:
    body:
      string: '{"id":"https://management.azure.com/subscriptions/00000000-0000-0000-0000-000000000000/providers/Microsoft.EventGrid/locations/centraluseuap/operationsStatus/3A18372F-95E2-4BCB-A945-ADD9C37B59EC?api-version=2020-10-15-preview","name":"3a18372f-95e2-4bcb-a945-add9c37b59ec","status":"InProgress"}'
    headers:
      cache-control:
      - no-cache
      content-length:
      - '295'
      content-type:
      - application/json; charset=utf-8
      date:
      - Thu, 25 Mar 2021 17:50:52 GMT
      expires:
      - '-1'
      pragma:
      - no-cache
      server:
      - Microsoft-HTTPAPI/2.0
      strict-transport-security:
      - max-age=31536000; includeSubDomains
      transfer-encoding:
      - chunked
      vary:
      - Accept-Encoding
      x-content-type-options:
      - nosniff
    status:
      code: 200
      message: OK
- request:
    body: null
    headers:
      Accept:
      - application/json
      Accept-Encoding:
      - gzip, deflate
      CommandName:
      - eventgrid event-subscription update
      Connection:
      - keep-alive
      ParameterSetName:
      - --source-resource-id --name --endpoint-type --endpoint --subject-begins-with
      User-Agent:
      - python/3.7.3 (Windows-10-10.0.19041-SP0) msrest/0.6.21 msrest_azure/0.6.3
        azure-mgmt-eventgrid/3.0.0rc9 Azure-SDK-For-Python AZURECLI/2.21.0
    method: GET
    uri: https://management.azure.com/subscriptions/00000000-0000-0000-0000-000000000000/providers/Microsoft.EventGrid/locations/centraluseuap/operationsStatus/3A18372F-95E2-4BCB-A945-ADD9C37B59EC?api-version=2020-10-15-preview
  response:
    body:
      string: '{"id":"https://management.azure.com/subscriptions/00000000-0000-0000-0000-000000000000/providers/Microsoft.EventGrid/locations/centraluseuap/operationsStatus/3A18372F-95E2-4BCB-A945-ADD9C37B59EC?api-version=2020-10-15-preview","name":"3a18372f-95e2-4bcb-a945-add9c37b59ec","status":"InProgress"}'
    headers:
      cache-control:
      - no-cache
      content-length:
      - '295'
      content-type:
      - application/json; charset=utf-8
      date:
      - Thu, 25 Mar 2021 17:51:21 GMT
      expires:
      - '-1'
      pragma:
      - no-cache
      server:
      - Microsoft-HTTPAPI/2.0
      strict-transport-security:
      - max-age=31536000; includeSubDomains
      transfer-encoding:
      - chunked
      vary:
      - Accept-Encoding
      x-content-type-options:
      - nosniff
    status:
      code: 200
      message: OK
- request:
    body: null
    headers:
      Accept:
      - application/json
      Accept-Encoding:
      - gzip, deflate
      CommandName:
      - eventgrid event-subscription update
      Connection:
      - keep-alive
      ParameterSetName:
      - --source-resource-id --name --endpoint-type --endpoint --subject-begins-with
      User-Agent:
      - python/3.7.3 (Windows-10-10.0.19041-SP0) msrest/0.6.21 msrest_azure/0.6.3
        azure-mgmt-eventgrid/3.0.0rc9 Azure-SDK-For-Python AZURECLI/2.21.0
    method: GET
    uri: https://management.azure.com/subscriptions/00000000-0000-0000-0000-000000000000/providers/Microsoft.EventGrid/locations/centraluseuap/operationsStatus/3A18372F-95E2-4BCB-A945-ADD9C37B59EC?api-version=2020-10-15-preview
  response:
    body:
      string: '{"id":"https://management.azure.com/subscriptions/00000000-0000-0000-0000-000000000000/providers/Microsoft.EventGrid/locations/centraluseuap/operationsStatus/3A18372F-95E2-4BCB-A945-ADD9C37B59EC?api-version=2020-10-15-preview","name":"3a18372f-95e2-4bcb-a945-add9c37b59ec","status":"InProgress"}'
    headers:
      cache-control:
      - no-cache
      content-length:
      - '295'
      content-type:
      - application/json; charset=utf-8
      date:
      - Thu, 25 Mar 2021 17:51:52 GMT
      expires:
      - '-1'
      pragma:
      - no-cache
      server:
      - Microsoft-HTTPAPI/2.0
      strict-transport-security:
      - max-age=31536000; includeSubDomains
      transfer-encoding:
      - chunked
      vary:
      - Accept-Encoding
      x-content-type-options:
      - nosniff
    status:
      code: 200
      message: OK
- request:
    body: null
    headers:
      Accept:
      - application/json
      Accept-Encoding:
      - gzip, deflate
      CommandName:
      - eventgrid event-subscription update
      Connection:
      - keep-alive
      ParameterSetName:
      - --source-resource-id --name --endpoint-type --endpoint --subject-begins-with
      User-Agent:
      - python/3.7.3 (Windows-10-10.0.19041-SP0) msrest/0.6.21 msrest_azure/0.6.3
        azure-mgmt-eventgrid/3.0.0rc9 Azure-SDK-For-Python AZURECLI/2.21.0
    method: GET
    uri: https://management.azure.com/subscriptions/00000000-0000-0000-0000-000000000000/providers/Microsoft.EventGrid/locations/centraluseuap/operationsStatus/3A18372F-95E2-4BCB-A945-ADD9C37B59EC?api-version=2020-10-15-preview
  response:
    body:
      string: '{"id":"https://management.azure.com/subscriptions/00000000-0000-0000-0000-000000000000/providers/Microsoft.EventGrid/locations/centraluseuap/operationsStatus/3A18372F-95E2-4BCB-A945-ADD9C37B59EC?api-version=2020-10-15-preview","name":"3a18372f-95e2-4bcb-a945-add9c37b59ec","status":"InProgress"}'
    headers:
      cache-control:
      - no-cache
      content-length:
      - '295'
      content-type:
      - application/json; charset=utf-8
      date:
      - Thu, 25 Mar 2021 17:52:22 GMT
      expires:
      - '-1'
      pragma:
      - no-cache
      server:
      - Microsoft-HTTPAPI/2.0
      strict-transport-security:
      - max-age=31536000; includeSubDomains
      transfer-encoding:
      - chunked
      vary:
      - Accept-Encoding
      x-content-type-options:
      - nosniff
    status:
      code: 200
      message: OK
- request:
    body: null
    headers:
      Accept:
      - application/json
      Accept-Encoding:
      - gzip, deflate
      CommandName:
      - eventgrid event-subscription update
      Connection:
      - keep-alive
      ParameterSetName:
      - --source-resource-id --name --endpoint-type --endpoint --subject-begins-with
      User-Agent:
      - python/3.7.3 (Windows-10-10.0.19041-SP0) msrest/0.6.21 msrest_azure/0.6.3
        azure-mgmt-eventgrid/3.0.0rc9 Azure-SDK-For-Python AZURECLI/2.21.0
    method: GET
    uri: https://management.azure.com/subscriptions/00000000-0000-0000-0000-000000000000/providers/Microsoft.EventGrid/locations/centraluseuap/operationsStatus/3A18372F-95E2-4BCB-A945-ADD9C37B59EC?api-version=2020-10-15-preview
  response:
    body:
      string: '{"id":"https://management.azure.com/subscriptions/00000000-0000-0000-0000-000000000000/providers/Microsoft.EventGrid/locations/centraluseuap/operationsStatus/3A18372F-95E2-4BCB-A945-ADD9C37B59EC?api-version=2020-10-15-preview","name":"3a18372f-95e2-4bcb-a945-add9c37b59ec","status":"Succeeded"}'
    headers:
      cache-control:
      - no-cache
      content-length:
      - '294'
      content-type:
      - application/json; charset=utf-8
      date:
      - Thu, 25 Mar 2021 17:52:52 GMT
      expires:
      - '-1'
      pragma:
      - no-cache
      server:
      - Microsoft-HTTPAPI/2.0
      strict-transport-security:
      - max-age=31536000; includeSubDomains
      transfer-encoding:
      - chunked
      vary:
      - Accept-Encoding
      x-content-type-options:
      - nosniff
    status:
      code: 200
      message: OK
- request:
    body: null
    headers:
      Accept:
      - application/json
      Accept-Encoding:
      - gzip, deflate
      CommandName:
      - eventgrid event-subscription update
      Connection:
      - keep-alive
      ParameterSetName:
      - --source-resource-id --name --endpoint-type --endpoint --subject-begins-with
      User-Agent:
      - python/3.7.3 (Windows-10-10.0.19041-SP0) msrest/0.6.21 msrest_azure/0.6.3
        azure-mgmt-eventgrid/3.0.0rc9 Azure-SDK-For-Python AZURECLI/2.21.0
    method: GET
    uri: https://management.azure.com/subscriptions/00000000-0000-0000-0000-000000000000/resourceGroups/clieventgridrg000001/providers/Microsoft.Storage/storageAccounts/clieventgrid000002/providers/Microsoft.EventGrid/eventSubscriptions/CliTestEventGridEventsubscription2?api-version=2020-10-15-preview
  response:
    body:
      string: '{"properties":{"topic":"/subscriptions/00000000-0000-0000-0000-000000000000/resourceGroups/clieventgridrg000001/providers/microsoft.storage/storageaccounts/clieventgrid000002","provisioningState":"Succeeded","destination":{"properties":{"resourceId":"/subscriptions/00000000-0000-0000-0000-000000000000/resourceGroups/DevExpRg/providers/Microsoft.Web/sites/eventgridclitestapp/functions/EventGridTrigger1","maxEventsPerBatch":10,"preferredBatchSizeInKilobytes":128},"endpointType":"AzureFunction"},"filter":{"subjectBeginsWith":"SomeRandomText2234431","subjectEndsWith":"","includedEventTypes":["Microsoft.Storage.BlobCreated","Microsoft.Storage.BlobDeleted"]},"labels":null,"eventDeliverySchema":"EventGridSchema","retryPolicy":{"maxDeliveryAttempts":30,"eventTimeToLiveInMinutes":1440}},"systemData":null,"id":"/subscriptions/00000000-0000-0000-0000-000000000000/resourceGroups/clieventgridrg000001/providers/Microsoft.Storage/storageAccounts/clieventgrid000002/providers/Microsoft.EventGrid/eventSubscriptions/CliTestEventGridEventsubscription2","name":"CliTestEventGridEventsubscription2","type":"Microsoft.EventGrid/eventSubscriptions"}'
    headers:
      cache-control:
      - no-cache
      content-length:
      - '1263'
      content-type:
      - application/json; charset=utf-8
      date:
      - Thu, 25 Mar 2021 17:52:52 GMT
      expires:
      - '-1'
      pragma:
      - no-cache
      server:
      - Microsoft-HTTPAPI/2.0
      strict-transport-security:
      - max-age=31536000; includeSubDomains
      transfer-encoding:
      - chunked
      vary:
      - Accept-Encoding
      x-content-type-options:
      - nosniff
    status:
      code: 200
      message: OK
- request:
    body: null
    headers:
      Accept:
      - application/json
      Accept-Encoding:
      - gzip, deflate
      CommandName:
      - eventgrid event-subscription show
      Connection:
      - keep-alive
      ParameterSetName:
      - --source-resource-id --name
      User-Agent:
      - python/3.7.3 (Windows-10-10.0.19041-SP0) msrest/0.6.21 msrest_azure/0.6.3
        azure-mgmt-eventgrid/3.0.0rc9 Azure-SDK-For-Python AZURECLI/2.21.0
      accept-language:
      - en-US
    method: GET
    uri: https://management.azure.com/subscriptions/00000000-0000-0000-0000-000000000000/resourceGroups/clieventgridrg000001/providers/Microsoft.Storage/storageAccounts/clieventgrid000002/providers/Microsoft.EventGrid/eventSubscriptions/CliTestEventGridEventsubscription2?api-version=2020-10-15-preview
  response:
    body:
      string: '{"properties":{"topic":"/subscriptions/00000000-0000-0000-0000-000000000000/resourceGroups/clieventgridrg000001/providers/microsoft.storage/storageaccounts/clieventgrid000002","provisioningState":"Succeeded","destination":{"properties":{"resourceId":"/subscriptions/00000000-0000-0000-0000-000000000000/resourceGroups/DevExpRg/providers/Microsoft.Web/sites/eventgridclitestapp/functions/EventGridTrigger1","maxEventsPerBatch":10,"preferredBatchSizeInKilobytes":128},"endpointType":"AzureFunction"},"filter":{"subjectBeginsWith":"SomeRandomText2234431","subjectEndsWith":"","includedEventTypes":["Microsoft.Storage.BlobCreated","Microsoft.Storage.BlobDeleted"]},"labels":null,"eventDeliverySchema":"EventGridSchema","retryPolicy":{"maxDeliveryAttempts":30,"eventTimeToLiveInMinutes":1440}},"systemData":null,"id":"/subscriptions/00000000-0000-0000-0000-000000000000/resourceGroups/clieventgridrg000001/providers/Microsoft.Storage/storageAccounts/clieventgrid000002/providers/Microsoft.EventGrid/eventSubscriptions/CliTestEventGridEventsubscription2","name":"CliTestEventGridEventsubscription2","type":"Microsoft.EventGrid/eventSubscriptions"}'
    headers:
      cache-control:
      - no-cache
      content-length:
      - '1263'
      content-type:
      - application/json; charset=utf-8
      date:
      - Thu, 25 Mar 2021 17:52:53 GMT
      expires:
      - '-1'
      pragma:
      - no-cache
      server:
      - Microsoft-HTTPAPI/2.0
      strict-transport-security:
      - max-age=31536000; includeSubDomains
      transfer-encoding:
      - chunked
      vary:
      - Accept-Encoding
      x-content-type-options:
      - nosniff
    status:
      code: 200
      message: OK
- request:
    body: null
    headers:
      Accept:
      - application/json
      Accept-Encoding:
      - gzip, deflate
      CommandName:
      - eventgrid event-subscription update
      Connection:
      - keep-alive
      ParameterSetName:
      - --source-resource-id --name --endpoint-type --endpoint --subject-begins-with
      User-Agent:
      - python/3.7.3 (Windows-10-10.0.19041-SP0) msrest/0.6.21 msrest_azure/0.6.3
        azure-mgmt-eventgrid/3.0.0rc9 Azure-SDK-For-Python AZURECLI/2.21.0
      accept-language:
      - en-US
    method: GET
    uri: https://management.azure.com/subscriptions/00000000-0000-0000-0000-000000000000/resourceGroups/clieventgridrg000001/providers/Microsoft.Storage/storageAccounts/clieventgrid000002/providers/Microsoft.EventGrid/eventSubscriptions/CliTestEventGridEventsubscription4?api-version=2020-10-15-preview
  response:
    body:
      string: '{"properties":{"topic":"/subscriptions/00000000-0000-0000-0000-000000000000/resourceGroups/clieventgridrg000001/providers/microsoft.storage/storageaccounts/clieventgrid000002","provisioningState":"Succeeded","destination":{"properties":{"endpointUrl":null,"endpointBaseUrl":"https://devexpfuncappdestination.azurewebsites.net/api/DevExpFunc","maxEventsPerBatch":10,"preferredBatchSizeInKilobytes":128},"endpointType":"WebHook"},"filter":{"subjectBeginsWith":"SomeRandomText1","subjectEndsWith":"","includedEventTypes":["Microsoft.Storage.BlobCreated","Microsoft.Storage.BlobDeleted"]},"labels":null,"eventDeliverySchema":"EventGridSchema","retryPolicy":{"maxDeliveryAttempts":30,"eventTimeToLiveInMinutes":1440}},"systemData":null,"id":"/subscriptions/00000000-0000-0000-0000-000000000000/resourceGroups/clieventgridrg000001/providers/Microsoft.Storage/storageAccounts/clieventgrid000002/providers/Microsoft.EventGrid/eventSubscriptions/CliTestEventGridEventsubscription4","name":"CliTestEventGridEventsubscription4","type":"Microsoft.EventGrid/eventSubscriptions"}'
    headers:
      cache-control:
      - no-cache
      content-length:
      - '1187'
      content-type:
      - application/json; charset=utf-8
      date:
      - Thu, 25 Mar 2021 17:52:54 GMT
      expires:
      - '-1'
      pragma:
      - no-cache
      server:
      - Microsoft-HTTPAPI/2.0
      strict-transport-security:
      - max-age=31536000; includeSubDomains
      transfer-encoding:
      - chunked
      vary:
      - Accept-Encoding
      x-content-type-options:
      - nosniff
    status:
      code: 200
      message: OK
- request:
    body: '{"destination": {"endpointType": "WebHook", "properties": {"endpointUrl":
      "https://devexpfuncappdestination.azurewebsites.net/api/DevExpFunc?code=<HIDDEN>",
      "maxEventsPerBatch": 10, "preferredBatchSizeInKilobytes": 128}}, "filter": {"subjectBeginsWith":
      "SomeRandomText112341", "subjectEndsWith": "", "includedEventTypes": ["Microsoft.Storage.BlobCreated",
      "Microsoft.Storage.BlobDeleted"]}, "eventDeliverySchema": "EventGridSchema",
      "retryPolicy": {"maxDeliveryAttempts": 30, "eventTimeToLiveInMinutes": 1440}}'
    headers:
      Accept:
      - application/json
      Accept-Encoding:
      - gzip, deflate
      CommandName:
      - eventgrid event-subscription update
      Connection:
      - keep-alive
      Content-Length:
      - '559'
      Content-Type:
      - application/json; charset=utf-8
      ParameterSetName:
      - --source-resource-id --name --endpoint-type --endpoint --subject-begins-with
      User-Agent:
      - python/3.7.3 (Windows-10-10.0.19041-SP0) msrest/0.6.21 msrest_azure/0.6.3
        azure-mgmt-eventgrid/3.0.0rc9 Azure-SDK-For-Python AZURECLI/2.21.0
      accept-language:
      - en-US
    method: PATCH
    uri: https://management.azure.com/subscriptions/00000000-0000-0000-0000-000000000000/resourceGroups/clieventgridrg000001/providers/Microsoft.Storage/storageAccounts/clieventgrid000002/providers/Microsoft.EventGrid/eventSubscriptions/CliTestEventGridEventsubscription4?api-version=2020-10-15-preview
  response:
    body:
      string: '{"properties":{"topic":"/subscriptions/00000000-0000-0000-0000-000000000000/resourceGroups/clieventgridrg000001/providers/microsoft.storage/storageaccounts/clieventgrid000002","provisioningState":"Updating","destination":{"properties":{"endpointUrl":null,"endpointBaseUrl":"https://devexpfuncappdestination.azurewebsites.net/api/DevExpFunc","maxEventsPerBatch":10,"preferredBatchSizeInKilobytes":128},"endpointType":"WebHook"},"filter":{"subjectBeginsWith":"SomeRandomText112341","subjectEndsWith":"","includedEventTypes":["Microsoft.Storage.BlobCreated","Microsoft.Storage.BlobDeleted"]},"labels":null,"eventDeliverySchema":"EventGridSchema","retryPolicy":{"maxDeliveryAttempts":30,"eventTimeToLiveInMinutes":1440}},"systemData":null,"id":"/subscriptions/00000000-0000-0000-0000-000000000000/resourceGroups/clieventgridrg000001/providers/Microsoft.Storage/storageAccounts/clieventgrid000002/providers/Microsoft.EventGrid/eventSubscriptions/CliTestEventGridEventsubscription4","name":"CliTestEventGridEventsubscription4","type":"Microsoft.EventGrid/eventSubscriptions"}'
    headers:
      azure-asyncoperation:
      - https://management.azure.com:443/subscriptions/00000000-0000-0000-0000-000000000000/providers/Microsoft.EventGrid/locations/centraluseuap/operationsStatus/ED6DD8B3-BDE6-462A-999A-59E2506E6285?api-version=2020-10-15-preview
      cache-control:
      - no-cache
      content-length:
      - '1191'
      content-type:
      - application/json; charset=utf-8
      date:
      - Thu, 25 Mar 2021 17:53:01 GMT
      expires:
      - '-1'
      pragma:
      - no-cache
      server:
      - Microsoft-HTTPAPI/2.0
      strict-transport-security:
      - max-age=31536000; includeSubDomains
      x-content-type-options:
      - nosniff
      x-ms-ratelimit-remaining-subscription-resource-requests:
      - '899'
    status:
      code: 201
      message: Created
- request:
    body: null
    headers:
      Accept:
      - application/json
      Accept-Encoding:
      - gzip, deflate
      CommandName:
      - eventgrid event-subscription update
      Connection:
      - keep-alive
      ParameterSetName:
      - --source-resource-id --name --endpoint-type --endpoint --subject-begins-with
      User-Agent:
      - python/3.7.3 (Windows-10-10.0.19041-SP0) msrest/0.6.21 msrest_azure/0.6.3
        azure-mgmt-eventgrid/3.0.0rc9 Azure-SDK-For-Python AZURECLI/2.21.0
    method: GET
    uri: https://management.azure.com/subscriptions/00000000-0000-0000-0000-000000000000/providers/Microsoft.EventGrid/locations/centraluseuap/operationsStatus/ED6DD8B3-BDE6-462A-999A-59E2506E6285?api-version=2020-10-15-preview
  response:
    body:
      string: '{"id":"https://management.azure.com/subscriptions/00000000-0000-0000-0000-000000000000/providers/Microsoft.EventGrid/locations/centraluseuap/operationsStatus/ED6DD8B3-BDE6-462A-999A-59E2506E6285?api-version=2020-10-15-preview","name":"ed6dd8b3-bde6-462a-999a-59e2506e6285","status":"Succeeded"}'
    headers:
      cache-control:
      - no-cache
      content-length:
      - '294'
      content-type:
      - application/json; charset=utf-8
      date:
      - Thu, 25 Mar 2021 17:53:13 GMT
      expires:
      - '-1'
      pragma:
      - no-cache
      server:
      - Microsoft-HTTPAPI/2.0
      strict-transport-security:
      - max-age=31536000; includeSubDomains
      transfer-encoding:
      - chunked
      vary:
      - Accept-Encoding
      x-content-type-options:
      - nosniff
    status:
      code: 200
      message: OK
- request:
    body: null
    headers:
      Accept:
      - application/json
      Accept-Encoding:
      - gzip, deflate
      CommandName:
      - eventgrid event-subscription update
      Connection:
      - keep-alive
      ParameterSetName:
      - --source-resource-id --name --endpoint-type --endpoint --subject-begins-with
      User-Agent:
      - python/3.7.3 (Windows-10-10.0.19041-SP0) msrest/0.6.21 msrest_azure/0.6.3
        azure-mgmt-eventgrid/3.0.0rc9 Azure-SDK-For-Python AZURECLI/2.21.0
    method: GET
    uri: https://management.azure.com/subscriptions/00000000-0000-0000-0000-000000000000/resourceGroups/clieventgridrg000001/providers/Microsoft.Storage/storageAccounts/clieventgrid000002/providers/Microsoft.EventGrid/eventSubscriptions/CliTestEventGridEventsubscription4?api-version=2020-10-15-preview
  response:
    body:
      string: '{"properties":{"topic":"/subscriptions/00000000-0000-0000-0000-000000000000/resourceGroups/clieventgridrg000001/providers/microsoft.storage/storageaccounts/clieventgrid000002","provisioningState":"Succeeded","destination":{"properties":{"endpointUrl":null,"endpointBaseUrl":"https://devexpfuncappdestination.azurewebsites.net/api/DevExpFunc","maxEventsPerBatch":10,"preferredBatchSizeInKilobytes":128},"endpointType":"WebHook"},"filter":{"subjectBeginsWith":"SomeRandomText112341","subjectEndsWith":"","includedEventTypes":["Microsoft.Storage.BlobCreated","Microsoft.Storage.BlobDeleted"]},"labels":null,"eventDeliverySchema":"EventGridSchema","retryPolicy":{"maxDeliveryAttempts":30,"eventTimeToLiveInMinutes":1440}},"systemData":null,"id":"/subscriptions/00000000-0000-0000-0000-000000000000/resourceGroups/clieventgridrg000001/providers/Microsoft.Storage/storageAccounts/clieventgrid000002/providers/Microsoft.EventGrid/eventSubscriptions/CliTestEventGridEventsubscription4","name":"CliTestEventGridEventsubscription4","type":"Microsoft.EventGrid/eventSubscriptions"}'
    headers:
      cache-control:
      - no-cache
      content-length:
      - '1192'
      content-type:
      - application/json; charset=utf-8
      date:
      - Thu, 25 Mar 2021 17:53:13 GMT
      expires:
      - '-1'
      pragma:
      - no-cache
      server:
      - Microsoft-HTTPAPI/2.0
      strict-transport-security:
      - max-age=31536000; includeSubDomains
      transfer-encoding:
      - chunked
      vary:
      - Accept-Encoding
      x-content-type-options:
      - nosniff
    status:
      code: 200
      message: OK
- request:
    body: null
    headers:
      Accept:
      - application/json
      Accept-Encoding:
      - gzip, deflate
      CommandName:
      - eventgrid event-subscription show
      Connection:
      - keep-alive
      ParameterSetName:
      - --source-resource-id --name
      User-Agent:
      - python/3.7.3 (Windows-10-10.0.19041-SP0) msrest/0.6.21 msrest_azure/0.6.3
        azure-mgmt-eventgrid/3.0.0rc9 Azure-SDK-For-Python AZURECLI/2.21.0
      accept-language:
      - en-US
    method: GET
    uri: https://management.azure.com/subscriptions/00000000-0000-0000-0000-000000000000/resourceGroups/clieventgridrg000001/providers/Microsoft.Storage/storageAccounts/clieventgrid000002/providers/Microsoft.EventGrid/eventSubscriptions/CliTestEventGridEventsubscription4?api-version=2020-10-15-preview
  response:
    body:
      string: '{"properties":{"topic":"/subscriptions/00000000-0000-0000-0000-000000000000/resourceGroups/clieventgridrg000001/providers/microsoft.storage/storageaccounts/clieventgrid000002","provisioningState":"Succeeded","destination":{"properties":{"endpointUrl":null,"endpointBaseUrl":"https://devexpfuncappdestination.azurewebsites.net/api/DevExpFunc","maxEventsPerBatch":10,"preferredBatchSizeInKilobytes":128},"endpointType":"WebHook"},"filter":{"subjectBeginsWith":"SomeRandomText112341","subjectEndsWith":"","includedEventTypes":["Microsoft.Storage.BlobCreated","Microsoft.Storage.BlobDeleted"]},"labels":null,"eventDeliverySchema":"EventGridSchema","retryPolicy":{"maxDeliveryAttempts":30,"eventTimeToLiveInMinutes":1440}},"systemData":null,"id":"/subscriptions/00000000-0000-0000-0000-000000000000/resourceGroups/clieventgridrg000001/providers/Microsoft.Storage/storageAccounts/clieventgrid000002/providers/Microsoft.EventGrid/eventSubscriptions/CliTestEventGridEventsubscription4","name":"CliTestEventGridEventsubscription4","type":"Microsoft.EventGrid/eventSubscriptions"}'
    headers:
      cache-control:
      - no-cache
      content-length:
      - '1192'
      content-type:
      - application/json; charset=utf-8
      date:
      - Thu, 25 Mar 2021 17:53:14 GMT
      expires:
      - '-1'
      pragma:
      - no-cache
      server:
      - Microsoft-HTTPAPI/2.0
      strict-transport-security:
      - max-age=31536000; includeSubDomains
      transfer-encoding:
      - chunked
      vary:
      - Accept-Encoding
      x-content-type-options:
      - nosniff
    status:
      code: 200
      message: OK
- request:
    body: null
    headers:
      Accept:
      - application/json
      Accept-Encoding:
      - gzip, deflate
      CommandName:
      - eventgrid event-subscription update
      Connection:
      - keep-alive
      ParameterSetName:
      - --source-resource-id --name --endpoint --subject-begins-with
      User-Agent:
      - python/3.7.3 (Windows-10-10.0.19041-SP0) msrest/0.6.21 msrest_azure/0.6.3
        azure-mgmt-eventgrid/3.0.0rc9 Azure-SDK-For-Python AZURECLI/2.21.0
      accept-language:
      - en-US
    method: GET
    uri: https://management.azure.com/subscriptions/00000000-0000-0000-0000-000000000000/resourceGroups/clieventgridrg000001/providers/Microsoft.Storage/storageAccounts/clieventgrid000002/providers/Microsoft.EventGrid/eventSubscriptions/CliTestEventGridEventsubscription3?api-version=2020-10-15-preview
  response:
    body:
      string: '{"properties":{"topic":"/subscriptions/00000000-0000-0000-0000-000000000000/resourceGroups/clieventgridrg000001/providers/microsoft.storage/storageaccounts/clieventgrid000002","provisioningState":"Succeeded","destination":{"properties":{"endpointUrl":null,"endpointBaseUrl":"https://devexpfuncappdestination.azurewebsites.net/api/DevExpFunc","maxEventsPerBatch":10,"preferredBatchSizeInKilobytes":128,"azureActiveDirectoryTenantId":"72f988bf-86f1-41af-91ab-2d7cd011db47","azureActiveDirectoryApplicationIdOrUri":"03d47d4a-7c50-43e0-ba90-89d090cc4582"},"endpointType":"WebHook"},"filter":{"subjectBeginsWith":"SomeRandomText1","subjectEndsWith":"","includedEventTypes":["Microsoft.Storage.BlobCreated","Microsoft.Storage.BlobDeleted"]},"labels":null,"eventDeliverySchema":"EventGridSchema","retryPolicy":{"maxDeliveryAttempts":30,"eventTimeToLiveInMinutes":1440}},"systemData":null,"id":"/subscriptions/00000000-0000-0000-0000-000000000000/resourceGroups/clieventgridrg000001/providers/Microsoft.Storage/storageAccounts/clieventgrid000002/providers/Microsoft.EventGrid/eventSubscriptions/CliTestEventGridEventsubscription3","name":"CliTestEventGridEventsubscription3","type":"Microsoft.EventGrid/eventSubscriptions"}'
    headers:
      cache-control:
      - no-cache
      content-length:
      - '1337'
      content-type:
      - application/json; charset=utf-8
      date:
      - Thu, 25 Mar 2021 17:53:15 GMT
      expires:
      - '-1'
      pragma:
      - no-cache
      server:
      - Microsoft-HTTPAPI/2.0
      strict-transport-security:
      - max-age=31536000; includeSubDomains
      transfer-encoding:
      - chunked
      vary:
      - Accept-Encoding
      x-content-type-options:
      - nosniff
    status:
      code: 200
      message: OK
- request:
    body: '{"destination": {"endpointType": "WebHook", "properties": {"endpointUrl":
      "https://devexpfuncappdestination.azurewebsites.net/api/DevExpFunc?code=<HIDDEN>",
      "maxEventsPerBatch": 10, "preferredBatchSizeInKilobytes": 128, "azureActiveDirectoryTenantId":
      "72f988bf-86f1-41af-91ab-2d7cd011db47", "azureActiveDirectoryApplicationIdOrUri":
      "03d47d4a-7c50-43e0-ba90-89d090cc4582"}}, "filter": {"subjectBeginsWith": "SomeRandomText123412",
      "subjectEndsWith": "", "includedEventTypes": ["Microsoft.Storage.BlobCreated",
      "Microsoft.Storage.BlobDeleted"]}, "eventDeliverySchema": "EventGridSchema",
      "retryPolicy": {"maxDeliveryAttempts": 30, "eventTimeToLiveInMinutes": 1440}}'
    headers:
      Accept:
      - application/json
      Accept-Encoding:
      - gzip, deflate
      CommandName:
      - eventgrid event-subscription update
      Connection:
      - keep-alive
      Content-Length:
      - '713'
      Content-Type:
      - application/json; charset=utf-8
      ParameterSetName:
      - --source-resource-id --name --endpoint --subject-begins-with
      User-Agent:
      - python/3.7.3 (Windows-10-10.0.19041-SP0) msrest/0.6.21 msrest_azure/0.6.3
        azure-mgmt-eventgrid/3.0.0rc9 Azure-SDK-For-Python AZURECLI/2.21.0
      accept-language:
      - en-US
    method: PATCH
    uri: https://management.azure.com/subscriptions/00000000-0000-0000-0000-000000000000/resourceGroups/clieventgridrg000001/providers/Microsoft.Storage/storageAccounts/clieventgrid000002/providers/Microsoft.EventGrid/eventSubscriptions/CliTestEventGridEventsubscription3?api-version=2020-10-15-preview
  response:
    body:
      string: '{"properties":{"topic":"/subscriptions/00000000-0000-0000-0000-000000000000/resourceGroups/clieventgridrg000001/providers/microsoft.storage/storageaccounts/clieventgrid000002","provisioningState":"Updating","destination":{"properties":{"endpointUrl":null,"endpointBaseUrl":"https://devexpfuncappdestination.azurewebsites.net/api/DevExpFunc","maxEventsPerBatch":10,"preferredBatchSizeInKilobytes":128,"azureActiveDirectoryTenantId":"72f988bf-86f1-41af-91ab-2d7cd011db47","azureActiveDirectoryApplicationIdOrUri":"03d47d4a-7c50-43e0-ba90-89d090cc4582"},"endpointType":"WebHook"},"filter":{"subjectBeginsWith":"SomeRandomText123412","subjectEndsWith":"","includedEventTypes":["Microsoft.Storage.BlobCreated","Microsoft.Storage.BlobDeleted"]},"labels":null,"eventDeliverySchema":"EventGridSchema","retryPolicy":{"maxDeliveryAttempts":30,"eventTimeToLiveInMinutes":1440}},"systemData":null,"id":"/subscriptions/00000000-0000-0000-0000-000000000000/resourceGroups/clieventgridrg000001/providers/Microsoft.Storage/storageAccounts/clieventgrid000002/providers/Microsoft.EventGrid/eventSubscriptions/CliTestEventGridEventsubscription3","name":"CliTestEventGridEventsubscription3","type":"Microsoft.EventGrid/eventSubscriptions"}'
    headers:
      azure-asyncoperation:
      - https://management.azure.com:443/subscriptions/00000000-0000-0000-0000-000000000000/providers/Microsoft.EventGrid/locations/centraluseuap/operationsStatus/D27CE151-0698-4549-A2FA-C0FBDFB53480?api-version=2020-10-15-preview
      cache-control:
      - no-cache
      content-length:
      - '1341'
      content-type:
      - application/json; charset=utf-8
      date:
      - Thu, 25 Mar 2021 17:53:16 GMT
      expires:
      - '-1'
      pragma:
      - no-cache
      server:
      - Microsoft-HTTPAPI/2.0
      strict-transport-security:
      - max-age=31536000; includeSubDomains
      x-content-type-options:
      - nosniff
      x-ms-ratelimit-remaining-subscription-resource-requests:
      - '899'
    status:
      code: 201
      message: Created
- request:
    body: null
    headers:
      Accept:
      - application/json
      Accept-Encoding:
      - gzip, deflate
      CommandName:
      - eventgrid event-subscription update
      Connection:
      - keep-alive
      ParameterSetName:
      - --source-resource-id --name --endpoint --subject-begins-with
      User-Agent:
      - python/3.7.3 (Windows-10-10.0.19041-SP0) msrest/0.6.21 msrest_azure/0.6.3
        azure-mgmt-eventgrid/3.0.0rc9 Azure-SDK-For-Python AZURECLI/2.21.0
    method: GET
    uri: https://management.azure.com/subscriptions/00000000-0000-0000-0000-000000000000/providers/Microsoft.EventGrid/locations/centraluseuap/operationsStatus/D27CE151-0698-4549-A2FA-C0FBDFB53480?api-version=2020-10-15-preview
  response:
    body:
      string: '{"id":"https://management.azure.com/subscriptions/00000000-0000-0000-0000-000000000000/providers/Microsoft.EventGrid/locations/centraluseuap/operationsStatus/D27CE151-0698-4549-A2FA-C0FBDFB53480?api-version=2020-10-15-preview","name":"d27ce151-0698-4549-a2fa-c0fbdfb53480","status":"Succeeded"}'
    headers:
      cache-control:
      - no-cache
      content-length:
      - '294'
      content-type:
      - application/json; charset=utf-8
      date:
      - Thu, 25 Mar 2021 17:53:26 GMT
      expires:
      - '-1'
      pragma:
      - no-cache
      server:
      - Microsoft-HTTPAPI/2.0
      strict-transport-security:
      - max-age=31536000; includeSubDomains
      transfer-encoding:
      - chunked
      vary:
      - Accept-Encoding
      x-content-type-options:
      - nosniff
    status:
      code: 200
      message: OK
- request:
    body: null
    headers:
      Accept:
      - application/json
      Accept-Encoding:
      - gzip, deflate
      CommandName:
      - eventgrid event-subscription update
      Connection:
      - keep-alive
      ParameterSetName:
      - --source-resource-id --name --endpoint --subject-begins-with
      User-Agent:
      - python/3.7.3 (Windows-10-10.0.19041-SP0) msrest/0.6.21 msrest_azure/0.6.3
        azure-mgmt-eventgrid/3.0.0rc9 Azure-SDK-For-Python AZURECLI/2.21.0
    method: GET
    uri: https://management.azure.com/subscriptions/00000000-0000-0000-0000-000000000000/resourceGroups/clieventgridrg000001/providers/Microsoft.Storage/storageAccounts/clieventgrid000002/providers/Microsoft.EventGrid/eventSubscriptions/CliTestEventGridEventsubscription3?api-version=2020-10-15-preview
  response:
    body:
      string: '{"properties":{"topic":"/subscriptions/00000000-0000-0000-0000-000000000000/resourceGroups/clieventgridrg000001/providers/microsoft.storage/storageaccounts/clieventgrid000002","provisioningState":"Succeeded","destination":{"properties":{"endpointUrl":null,"endpointBaseUrl":"https://devexpfuncappdestination.azurewebsites.net/api/DevExpFunc","maxEventsPerBatch":10,"preferredBatchSizeInKilobytes":128,"azureActiveDirectoryTenantId":"72f988bf-86f1-41af-91ab-2d7cd011db47","azureActiveDirectoryApplicationIdOrUri":"03d47d4a-7c50-43e0-ba90-89d090cc4582"},"endpointType":"WebHook"},"filter":{"subjectBeginsWith":"SomeRandomText123412","subjectEndsWith":"","includedEventTypes":["Microsoft.Storage.BlobCreated","Microsoft.Storage.BlobDeleted"]},"labels":null,"eventDeliverySchema":"EventGridSchema","retryPolicy":{"maxDeliveryAttempts":30,"eventTimeToLiveInMinutes":1440}},"systemData":null,"id":"/subscriptions/00000000-0000-0000-0000-000000000000/resourceGroups/clieventgridrg000001/providers/Microsoft.Storage/storageAccounts/clieventgrid000002/providers/Microsoft.EventGrid/eventSubscriptions/CliTestEventGridEventsubscription3","name":"CliTestEventGridEventsubscription3","type":"Microsoft.EventGrid/eventSubscriptions"}'
    headers:
      cache-control:
      - no-cache
      content-length:
      - '1342'
      content-type:
      - application/json; charset=utf-8
      date:
      - Thu, 25 Mar 2021 17:53:27 GMT
      expires:
      - '-1'
      pragma:
      - no-cache
      server:
      - Microsoft-HTTPAPI/2.0
      strict-transport-security:
      - max-age=31536000; includeSubDomains
      transfer-encoding:
      - chunked
      vary:
      - Accept-Encoding
      x-content-type-options:
      - nosniff
    status:
      code: 200
      message: OK
- request:
    body: null
    headers:
      Accept:
      - application/json
      Accept-Encoding:
      - gzip, deflate
      CommandName:
      - eventgrid event-subscription show
      Connection:
      - keep-alive
      ParameterSetName:
      - --source-resource-id --name
      User-Agent:
      - python/3.7.3 (Windows-10-10.0.19041-SP0) msrest/0.6.21 msrest_azure/0.6.3
        azure-mgmt-eventgrid/3.0.0rc9 Azure-SDK-For-Python AZURECLI/2.21.0
      accept-language:
      - en-US
    method: GET
    uri: https://management.azure.com/subscriptions/00000000-0000-0000-0000-000000000000/resourceGroups/clieventgridrg000001/providers/Microsoft.Storage/storageAccounts/clieventgrid000002/providers/Microsoft.EventGrid/eventSubscriptions/CliTestEventGridEventsubscription3?api-version=2020-10-15-preview
  response:
    body:
      string: '{"properties":{"topic":"/subscriptions/00000000-0000-0000-0000-000000000000/resourceGroups/clieventgridrg000001/providers/microsoft.storage/storageaccounts/clieventgrid000002","provisioningState":"Succeeded","destination":{"properties":{"endpointUrl":null,"endpointBaseUrl":"https://devexpfuncappdestination.azurewebsites.net/api/DevExpFunc","maxEventsPerBatch":10,"preferredBatchSizeInKilobytes":128,"azureActiveDirectoryTenantId":"72f988bf-86f1-41af-91ab-2d7cd011db47","azureActiveDirectoryApplicationIdOrUri":"03d47d4a-7c50-43e0-ba90-89d090cc4582"},"endpointType":"WebHook"},"filter":{"subjectBeginsWith":"SomeRandomText123412","subjectEndsWith":"","includedEventTypes":["Microsoft.Storage.BlobCreated","Microsoft.Storage.BlobDeleted"]},"labels":null,"eventDeliverySchema":"EventGridSchema","retryPolicy":{"maxDeliveryAttempts":30,"eventTimeToLiveInMinutes":1440}},"systemData":null,"id":"/subscriptions/00000000-0000-0000-0000-000000000000/resourceGroups/clieventgridrg000001/providers/Microsoft.Storage/storageAccounts/clieventgrid000002/providers/Microsoft.EventGrid/eventSubscriptions/CliTestEventGridEventsubscription3","name":"CliTestEventGridEventsubscription3","type":"Microsoft.EventGrid/eventSubscriptions"}'
    headers:
      cache-control:
      - no-cache
      content-length:
      - '1342'
      content-type:
      - application/json; charset=utf-8
      date:
      - Thu, 25 Mar 2021 17:53:28 GMT
      expires:
      - '-1'
      pragma:
      - no-cache
      server:
      - Microsoft-HTTPAPI/2.0
      strict-transport-security:
      - max-age=31536000; includeSubDomains
      transfer-encoding:
      - chunked
      vary:
      - Accept-Encoding
      x-content-type-options:
      - nosniff
    status:
      code: 200
      message: OK
- request:
    body: null
    headers:
      Accept:
      - application/json
      Accept-Encoding:
      - gzip, deflate
      CommandName:
      - eventgrid event-subscription show
      Connection:
      - keep-alive
      ParameterSetName:
      - --source-resource-id --name
      User-Agent:
      - python/3.7.3 (Windows-10-10.0.19041-SP0) msrest/0.6.21 msrest_azure/0.6.3
        azure-mgmt-eventgrid/3.0.0rc9 Azure-SDK-For-Python AZURECLI/2.21.0
      accept-language:
      - en-US
    method: GET
    uri: https://management.azure.com/subscriptions/00000000-0000-0000-0000-000000000000/resourceGroups/clieventgridrg000001/providers/Microsoft.Storage/storageAccounts/clieventgrid000002/providers/Microsoft.EventGrid/eventSubscriptions/CliTestEventGridEventsubscription1?api-version=2020-10-15-preview
  response:
    body:
      string: '{"properties":{"topic":"/subscriptions/00000000-0000-0000-0000-000000000000/resourceGroups/clieventgridrg000001/providers/microsoft.storage/storageaccounts/clieventgrid000002","provisioningState":"Succeeded","destination":{"properties":{"resourceId":"/subscriptions/00000000-0000-0000-0000-000000000000/resourceGroups/DevExpRg/providers/Microsoft.ServiceBus/namespaces/devexpservicebus/topics/devexptopic1"},"endpointType":"ServiceBusTopic"},"filter":{"subjectBeginsWith":"SomeRandomText1234","subjectEndsWith":"","includedEventTypes":["Microsoft.Storage.BlobCreated","Microsoft.Storage.BlobDeleted"]},"labels":null,"eventDeliverySchema":"CloudEventSchemaV1_0","retryPolicy":{"maxDeliveryAttempts":30,"eventTimeToLiveInMinutes":1440}},"systemData":null,"id":"/subscriptions/00000000-0000-0000-0000-000000000000/resourceGroups/clieventgridrg000001/providers/Microsoft.Storage/storageAccounts/clieventgrid000002/providers/Microsoft.EventGrid/eventSubscriptions/CliTestEventGridEventsubscription1","name":"CliTestEventGridEventsubscription1","type":"Microsoft.EventGrid/eventSubscriptions"}'
    headers:
      cache-control:
      - no-cache
      content-length:
      - '1209'
      content-type:
      - application/json; charset=utf-8
      date:
      - Thu, 25 Mar 2021 17:53:28 GMT
      expires:
      - '-1'
      pragma:
      - no-cache
      server:
      - Microsoft-HTTPAPI/2.0
      strict-transport-security:
      - max-age=31536000; includeSubDomains
      transfer-encoding:
      - chunked
      vary:
      - Accept-Encoding
      x-content-type-options:
      - nosniff
    status:
      code: 200
      message: OK
- request:
    body: null
    headers:
      Accept:
      - application/json
      Accept-Encoding:
      - gzip, deflate
      CommandName:
      - eventgrid event-subscription show
      Connection:
      - keep-alive
      ParameterSetName:
      - --source-resource-id --name
      User-Agent:
      - python/3.7.3 (Windows-10-10.0.19041-SP0) msrest/0.6.21 msrest_azure/0.6.3
        azure-mgmt-eventgrid/3.0.0rc9 Azure-SDK-For-Python AZURECLI/2.21.0
      accept-language:
      - en-US
    method: GET
    uri: https://management.azure.com/subscriptions/00000000-0000-0000-0000-000000000000/resourceGroups/clieventgridrg000001/providers/Microsoft.Storage/storageAccounts/clieventgrid000002/providers/Microsoft.EventGrid/eventSubscriptions/CliTestEventGridEventsubscription2?api-version=2020-10-15-preview
  response:
    body:
      string: '{"properties":{"topic":"/subscriptions/00000000-0000-0000-0000-000000000000/resourceGroups/clieventgridrg000001/providers/microsoft.storage/storageaccounts/clieventgrid000002","provisioningState":"Succeeded","destination":{"properties":{"resourceId":"/subscriptions/00000000-0000-0000-0000-000000000000/resourceGroups/DevExpRg/providers/Microsoft.Web/sites/eventgridclitestapp/functions/EventGridTrigger1","maxEventsPerBatch":10,"preferredBatchSizeInKilobytes":128},"endpointType":"AzureFunction"},"filter":{"subjectBeginsWith":"SomeRandomText2234431","subjectEndsWith":"","includedEventTypes":["Microsoft.Storage.BlobCreated","Microsoft.Storage.BlobDeleted"]},"labels":null,"eventDeliverySchema":"EventGridSchema","retryPolicy":{"maxDeliveryAttempts":30,"eventTimeToLiveInMinutes":1440}},"systemData":null,"id":"/subscriptions/00000000-0000-0000-0000-000000000000/resourceGroups/clieventgridrg000001/providers/Microsoft.Storage/storageAccounts/clieventgrid000002/providers/Microsoft.EventGrid/eventSubscriptions/CliTestEventGridEventsubscription2","name":"CliTestEventGridEventsubscription2","type":"Microsoft.EventGrid/eventSubscriptions"}'
    headers:
      cache-control:
      - no-cache
      content-length:
      - '1263'
      content-type:
      - application/json; charset=utf-8
      date:
      - Thu, 25 Mar 2021 17:53:30 GMT
      expires:
      - '-1'
      pragma:
      - no-cache
      server:
      - Microsoft-HTTPAPI/2.0
      strict-transport-security:
      - max-age=31536000; includeSubDomains
      transfer-encoding:
      - chunked
      vary:
      - Accept-Encoding
      x-content-type-options:
      - nosniff
    status:
      code: 200
      message: OK
- request:
    body: null
    headers:
      Accept:
      - application/json
      Accept-Encoding:
      - gzip, deflate
      CommandName:
      - eventgrid event-subscription show
      Connection:
      - keep-alive
      ParameterSetName:
      - --source-resource-id --name
      User-Agent:
      - python/3.7.3 (Windows-10-10.0.19041-SP0) msrest/0.6.21 msrest_azure/0.6.3
        azure-mgmt-eventgrid/3.0.0rc9 Azure-SDK-For-Python AZURECLI/2.21.0
      accept-language:
      - en-US
    method: GET
    uri: https://management.azure.com/subscriptions/00000000-0000-0000-0000-000000000000/resourceGroups/clieventgridrg000001/providers/Microsoft.Storage/storageAccounts/clieventgrid000002/providers/Microsoft.EventGrid/eventSubscriptions/CliTestEventGridEventsubscription3?api-version=2020-10-15-preview
  response:
    body:
      string: '{"properties":{"topic":"/subscriptions/00000000-0000-0000-0000-000000000000/resourceGroups/clieventgridrg000001/providers/microsoft.storage/storageaccounts/clieventgrid000002","provisioningState":"Succeeded","destination":{"properties":{"endpointUrl":null,"endpointBaseUrl":"https://devexpfuncappdestination.azurewebsites.net/api/DevExpFunc","maxEventsPerBatch":10,"preferredBatchSizeInKilobytes":128,"azureActiveDirectoryTenantId":"72f988bf-86f1-41af-91ab-2d7cd011db47","azureActiveDirectoryApplicationIdOrUri":"03d47d4a-7c50-43e0-ba90-89d090cc4582"},"endpointType":"WebHook"},"filter":{"subjectBeginsWith":"SomeRandomText123412","subjectEndsWith":"","includedEventTypes":["Microsoft.Storage.BlobCreated","Microsoft.Storage.BlobDeleted"]},"labels":null,"eventDeliverySchema":"EventGridSchema","retryPolicy":{"maxDeliveryAttempts":30,"eventTimeToLiveInMinutes":1440}},"systemData":null,"id":"/subscriptions/00000000-0000-0000-0000-000000000000/resourceGroups/clieventgridrg000001/providers/Microsoft.Storage/storageAccounts/clieventgrid000002/providers/Microsoft.EventGrid/eventSubscriptions/CliTestEventGridEventsubscription3","name":"CliTestEventGridEventsubscription3","type":"Microsoft.EventGrid/eventSubscriptions"}'
    headers:
      cache-control:
      - no-cache
      content-length:
      - '1342'
      content-type:
      - application/json; charset=utf-8
      date:
      - Thu, 25 Mar 2021 17:53:29 GMT
      expires:
      - '-1'
      pragma:
      - no-cache
      server:
      - Microsoft-HTTPAPI/2.0
      strict-transport-security:
      - max-age=31536000; includeSubDomains
      transfer-encoding:
      - chunked
      vary:
      - Accept-Encoding
      x-content-type-options:
      - nosniff
    status:
      code: 200
      message: OK
- request:
    body: null
    headers:
      Accept:
      - application/json
      Accept-Encoding:
      - gzip, deflate
      CommandName:
      - eventgrid event-subscription delete
      Connection:
      - keep-alive
      Content-Length:
      - '0'
      ParameterSetName:
      - --source-resource-id --name
      User-Agent:
      - python/3.7.3 (Windows-10-10.0.19041-SP0) msrest/0.6.21 msrest_azure/0.6.3
        azure-mgmt-eventgrid/3.0.0rc9 Azure-SDK-For-Python AZURECLI/2.21.0
      accept-language:
      - en-US
    method: DELETE
    uri: https://management.azure.com/subscriptions/00000000-0000-0000-0000-000000000000/resourceGroups/clieventgridrg000001/providers/Microsoft.Storage/storageAccounts/clieventgrid000002/providers/Microsoft.EventGrid/eventSubscriptions/CliTestEventGridEventsubscription1?api-version=2020-10-15-preview
  response:
    body:
      string: ''
    headers:
      azure-asyncoperation:
      - https://management.azure.com:443/subscriptions/00000000-0000-0000-0000-000000000000/providers/Microsoft.EventGrid/locations/centraluseuap/operationsStatus/B8821466-06C7-4969-B4F6-3201D070F765?api-version=2020-10-15-preview
      cache-control:
      - no-cache
      content-length:
      - '0'
      date:
      - Thu, 25 Mar 2021 17:53:31 GMT
      expires:
      - '-1'
      location:
      - https://management.azure.com/subscriptions/00000000-0000-0000-0000-000000000000/providers/Microsoft.EventGrid/locations/centraluseuap/operationResults/B8821466-06C7-4969-B4F6-3201D070F765?api-version=2020-10-15-preview
      pragma:
      - no-cache
      server:
      - Microsoft-HTTPAPI/2.0
      strict-transport-security:
      - max-age=31536000; includeSubDomains
      x-content-type-options:
      - nosniff
      x-ms-ratelimit-remaining-subscription-deletes:
      - '14999'
    status:
      code: 202
      message: Accepted
- request:
    body: null
    headers:
      Accept:
      - application/json
      Accept-Encoding:
      - gzip, deflate
      CommandName:
      - eventgrid event-subscription delete
      Connection:
      - keep-alive
      ParameterSetName:
      - --source-resource-id --name
      User-Agent:
      - python/3.7.3 (Windows-10-10.0.19041-SP0) msrest/0.6.21 msrest_azure/0.6.3
        azure-mgmt-eventgrid/3.0.0rc9 Azure-SDK-For-Python AZURECLI/2.21.0
    method: GET
    uri: https://management.azure.com/subscriptions/00000000-0000-0000-0000-000000000000/providers/Microsoft.EventGrid/locations/centraluseuap/operationsStatus/B8821466-06C7-4969-B4F6-3201D070F765?api-version=2020-10-15-preview
  response:
    body:
      string: '{"id":"https://management.azure.com/subscriptions/00000000-0000-0000-0000-000000000000/providers/Microsoft.EventGrid/locations/centraluseuap/operationsStatus/B8821466-06C7-4969-B4F6-3201D070F765?api-version=2020-10-15-preview","name":"b8821466-06c7-4969-b4f6-3201d070f765","status":"Succeeded"}'
    headers:
      cache-control:
      - no-cache
      content-length:
      - '294'
      content-type:
      - application/json; charset=utf-8
      date:
      - Thu, 25 Mar 2021 17:53:42 GMT
      expires:
      - '-1'
      pragma:
      - no-cache
      server:
      - Microsoft-HTTPAPI/2.0
      strict-transport-security:
      - max-age=31536000; includeSubDomains
      transfer-encoding:
      - chunked
      vary:
      - Accept-Encoding
      x-content-type-options:
      - nosniff
    status:
      code: 200
      message: OK
- request:
    body: null
    headers:
      Accept:
      - application/json
      Accept-Encoding:
      - gzip, deflate
      CommandName:
      - eventgrid event-subscription delete
      Connection:
      - keep-alive
      Content-Length:
      - '0'
      ParameterSetName:
      - --source-resource-id --name
      User-Agent:
      - python/3.7.3 (Windows-10-10.0.19041-SP0) msrest/0.6.21 msrest_azure/0.6.3
        azure-mgmt-eventgrid/3.0.0rc9 Azure-SDK-For-Python AZURECLI/2.21.0
      accept-language:
      - en-US
    method: DELETE
    uri: https://management.azure.com/subscriptions/00000000-0000-0000-0000-000000000000/resourceGroups/clieventgridrg000001/providers/Microsoft.Storage/storageAccounts/clieventgrid000002/providers/Microsoft.EventGrid/eventSubscriptions/CliTestEventGridEventsubscription2?api-version=2020-10-15-preview
  response:
    body:
      string: ''
    headers:
      azure-asyncoperation:
      - https://management.azure.com:443/subscriptions/00000000-0000-0000-0000-000000000000/providers/Microsoft.EventGrid/locations/centraluseuap/operationsStatus/EF9C2637-F45F-4A82-99EA-1E36FF0AC1D1?api-version=2020-10-15-preview
      cache-control:
      - no-cache
      content-length:
      - '0'
      date:
      - Thu, 25 Mar 2021 17:53:43 GMT
      expires:
      - '-1'
      location:
      - https://management.azure.com/subscriptions/00000000-0000-0000-0000-000000000000/providers/Microsoft.EventGrid/locations/centraluseuap/operationResults/EF9C2637-F45F-4A82-99EA-1E36FF0AC1D1?api-version=2020-10-15-preview
      pragma:
      - no-cache
      server:
      - Microsoft-HTTPAPI/2.0
      strict-transport-security:
      - max-age=31536000; includeSubDomains
      x-content-type-options:
      - nosniff
      x-ms-ratelimit-remaining-subscription-deletes:
      - '14999'
    status:
      code: 202
      message: Accepted
- request:
    body: null
    headers:
      Accept:
      - application/json
      Accept-Encoding:
      - gzip, deflate
      CommandName:
      - eventgrid event-subscription delete
      Connection:
      - keep-alive
      ParameterSetName:
      - --source-resource-id --name
      User-Agent:
      - python/3.7.3 (Windows-10-10.0.19041-SP0) msrest/0.6.21 msrest_azure/0.6.3
        azure-mgmt-eventgrid/3.0.0rc9 Azure-SDK-For-Python AZURECLI/2.21.0
    method: GET
    uri: https://management.azure.com/subscriptions/00000000-0000-0000-0000-000000000000/providers/Microsoft.EventGrid/locations/centraluseuap/operationsStatus/EF9C2637-F45F-4A82-99EA-1E36FF0AC1D1?api-version=2020-10-15-preview
  response:
    body:
      string: '{"id":"https://management.azure.com/subscriptions/00000000-0000-0000-0000-000000000000/providers/Microsoft.EventGrid/locations/centraluseuap/operationsStatus/EF9C2637-F45F-4A82-99EA-1E36FF0AC1D1?api-version=2020-10-15-preview","name":"ef9c2637-f45f-4a82-99ea-1e36ff0ac1d1","status":"Active"}'
    headers:
      cache-control:
      - no-cache
      content-length:
      - '291'
      content-type:
      - application/json; charset=utf-8
      date:
      - Thu, 25 Mar 2021 17:53:53 GMT
      expires:
      - '-1'
      pragma:
      - no-cache
      server:
      - Microsoft-HTTPAPI/2.0
      strict-transport-security:
      - max-age=31536000; includeSubDomains
      transfer-encoding:
      - chunked
      vary:
      - Accept-Encoding
      x-content-type-options:
      - nosniff
    status:
      code: 200
      message: OK
- request:
    body: null
    headers:
      Accept:
      - application/json
      Accept-Encoding:
      - gzip, deflate
      CommandName:
      - eventgrid event-subscription delete
      Connection:
      - keep-alive
      ParameterSetName:
      - --source-resource-id --name
      User-Agent:
      - python/3.7.3 (Windows-10-10.0.19041-SP0) msrest/0.6.21 msrest_azure/0.6.3
        azure-mgmt-eventgrid/3.0.0rc9 Azure-SDK-For-Python AZURECLI/2.21.0
    method: GET
    uri: https://management.azure.com/subscriptions/00000000-0000-0000-0000-000000000000/providers/Microsoft.EventGrid/locations/centraluseuap/operationsStatus/EF9C2637-F45F-4A82-99EA-1E36FF0AC1D1?api-version=2020-10-15-preview
  response:
    body:
      string: '{"id":"https://management.azure.com/subscriptions/00000000-0000-0000-0000-000000000000/providers/Microsoft.EventGrid/locations/centraluseuap/operationsStatus/EF9C2637-F45F-4A82-99EA-1E36FF0AC1D1?api-version=2020-10-15-preview","name":"ef9c2637-f45f-4a82-99ea-1e36ff0ac1d1","status":"Active"}'
    headers:
      cache-control:
      - no-cache
      content-length:
      - '291'
      content-type:
      - application/json; charset=utf-8
      date:
      - Thu, 25 Mar 2021 17:54:24 GMT
      expires:
      - '-1'
      pragma:
      - no-cache
      server:
      - Microsoft-HTTPAPI/2.0
      strict-transport-security:
      - max-age=31536000; includeSubDomains
      transfer-encoding:
      - chunked
      vary:
      - Accept-Encoding
      x-content-type-options:
      - nosniff
    status:
      code: 200
      message: OK
- request:
    body: null
    headers:
      Accept:
      - application/json
      Accept-Encoding:
      - gzip, deflate
      CommandName:
      - eventgrid event-subscription delete
      Connection:
      - keep-alive
      ParameterSetName:
      - --source-resource-id --name
      User-Agent:
      - python/3.7.3 (Windows-10-10.0.19041-SP0) msrest/0.6.21 msrest_azure/0.6.3
        azure-mgmt-eventgrid/3.0.0rc9 Azure-SDK-For-Python AZURECLI/2.21.0
    method: GET
    uri: https://management.azure.com/subscriptions/00000000-0000-0000-0000-000000000000/providers/Microsoft.EventGrid/locations/centraluseuap/operationsStatus/EF9C2637-F45F-4A82-99EA-1E36FF0AC1D1?api-version=2020-10-15-preview
  response:
    body:
      string: '{"id":"https://management.azure.com/subscriptions/00000000-0000-0000-0000-000000000000/providers/Microsoft.EventGrid/locations/centraluseuap/operationsStatus/EF9C2637-F45F-4A82-99EA-1E36FF0AC1D1?api-version=2020-10-15-preview","name":"ef9c2637-f45f-4a82-99ea-1e36ff0ac1d1","status":"Active"}'
    headers:
      cache-control:
      - no-cache
      content-length:
      - '291'
      content-type:
      - application/json; charset=utf-8
      date:
      - Thu, 25 Mar 2021 17:54:54 GMT
      expires:
      - '-1'
      pragma:
      - no-cache
      server:
      - Microsoft-HTTPAPI/2.0
      strict-transport-security:
      - max-age=31536000; includeSubDomains
      transfer-encoding:
      - chunked
      vary:
      - Accept-Encoding
      x-content-type-options:
      - nosniff
    status:
      code: 200
      message: OK
- request:
    body: null
    headers:
      Accept:
      - application/json
      Accept-Encoding:
      - gzip, deflate
      CommandName:
      - eventgrid event-subscription delete
      Connection:
      - keep-alive
      ParameterSetName:
      - --source-resource-id --name
      User-Agent:
      - python/3.7.3 (Windows-10-10.0.19041-SP0) msrest/0.6.21 msrest_azure/0.6.3
        azure-mgmt-eventgrid/3.0.0rc9 Azure-SDK-For-Python AZURECLI/2.21.0
    method: GET
    uri: https://management.azure.com/subscriptions/00000000-0000-0000-0000-000000000000/providers/Microsoft.EventGrid/locations/centraluseuap/operationsStatus/EF9C2637-F45F-4A82-99EA-1E36FF0AC1D1?api-version=2020-10-15-preview
  response:
    body:
      string: '{"id":"https://management.azure.com/subscriptions/00000000-0000-0000-0000-000000000000/providers/Microsoft.EventGrid/locations/centraluseuap/operationsStatus/EF9C2637-F45F-4A82-99EA-1E36FF0AC1D1?api-version=2020-10-15-preview","name":"ef9c2637-f45f-4a82-99ea-1e36ff0ac1d1","status":"Active"}'
    headers:
      cache-control:
      - no-cache
      content-length:
      - '291'
      content-type:
      - application/json; charset=utf-8
      date:
      - Thu, 25 Mar 2021 17:55:24 GMT
      expires:
      - '-1'
      pragma:
      - no-cache
      server:
      - Microsoft-HTTPAPI/2.0
      strict-transport-security:
      - max-age=31536000; includeSubDomains
      transfer-encoding:
      - chunked
      vary:
      - Accept-Encoding
      x-content-type-options:
      - nosniff
    status:
      code: 200
      message: OK
- request:
    body: null
    headers:
      Accept:
      - application/json
      Accept-Encoding:
      - gzip, deflate
      CommandName:
      - eventgrid event-subscription delete
      Connection:
      - keep-alive
      ParameterSetName:
      - --source-resource-id --name
      User-Agent:
      - python/3.7.3 (Windows-10-10.0.19041-SP0) msrest/0.6.21 msrest_azure/0.6.3
        azure-mgmt-eventgrid/3.0.0rc9 Azure-SDK-For-Python AZURECLI/2.21.0
    method: GET
    uri: https://management.azure.com/subscriptions/00000000-0000-0000-0000-000000000000/providers/Microsoft.EventGrid/locations/centraluseuap/operationsStatus/EF9C2637-F45F-4A82-99EA-1E36FF0AC1D1?api-version=2020-10-15-preview
  response:
    body:
      string: '{"id":"https://management.azure.com/subscriptions/00000000-0000-0000-0000-000000000000/providers/Microsoft.EventGrid/locations/centraluseuap/operationsStatus/EF9C2637-F45F-4A82-99EA-1E36FF0AC1D1?api-version=2020-10-15-preview","name":"ef9c2637-f45f-4a82-99ea-1e36ff0ac1d1","status":"Succeeded"}'
    headers:
      cache-control:
      - no-cache
      content-length:
      - '294'
      content-type:
      - application/json; charset=utf-8
      date:
      - Thu, 25 Mar 2021 17:55:55 GMT
      expires:
      - '-1'
      pragma:
      - no-cache
      server:
      - Microsoft-HTTPAPI/2.0
      strict-transport-security:
      - max-age=31536000; includeSubDomains
      transfer-encoding:
      - chunked
      vary:
      - Accept-Encoding
      x-content-type-options:
      - nosniff
    status:
      code: 200
      message: OK
- request:
    body: null
    headers:
      Accept:
      - application/json
      Accept-Encoding:
      - gzip, deflate
      CommandName:
      - eventgrid event-subscription delete
      Connection:
      - keep-alive
      Content-Length:
      - '0'
      ParameterSetName:
      - --source-resource-id --name
      User-Agent:
      - python/3.7.3 (Windows-10-10.0.19041-SP0) msrest/0.6.21 msrest_azure/0.6.3
        azure-mgmt-eventgrid/3.0.0rc9 Azure-SDK-For-Python AZURECLI/2.21.0
      accept-language:
      - en-US
    method: DELETE
    uri: https://management.azure.com/subscriptions/00000000-0000-0000-0000-000000000000/resourceGroups/clieventgridrg000001/providers/Microsoft.Storage/storageAccounts/clieventgrid000002/providers/Microsoft.EventGrid/eventSubscriptions/CliTestEventGridEventsubscription3?api-version=2020-10-15-preview
  response:
    body:
      string: ''
    headers:
      azure-asyncoperation:
      - https://management.azure.com:443/subscriptions/00000000-0000-0000-0000-000000000000/providers/Microsoft.EventGrid/locations/centraluseuap/operationsStatus/4DDD45B4-2800-4FE4-B7C5-1AE7ADCBF171?api-version=2020-10-15-preview
      cache-control:
      - no-cache
      content-length:
      - '0'
      date:
      - Thu, 25 Mar 2021 17:55:56 GMT
      expires:
      - '-1'
      location:
      - https://management.azure.com/subscriptions/00000000-0000-0000-0000-000000000000/providers/Microsoft.EventGrid/locations/centraluseuap/operationResults/4DDD45B4-2800-4FE4-B7C5-1AE7ADCBF171?api-version=2020-10-15-preview
      pragma:
      - no-cache
      server:
      - Microsoft-HTTPAPI/2.0
      strict-transport-security:
      - max-age=31536000; includeSubDomains
      x-content-type-options:
      - nosniff
      x-ms-ratelimit-remaining-subscription-deletes:
      - '14999'
    status:
      code: 202
      message: Accepted
- request:
    body: null
    headers:
      Accept:
      - application/json
      Accept-Encoding:
      - gzip, deflate
      CommandName:
      - eventgrid event-subscription delete
      Connection:
      - keep-alive
      ParameterSetName:
      - --source-resource-id --name
      User-Agent:
      - python/3.7.3 (Windows-10-10.0.19041-SP0) msrest/0.6.21 msrest_azure/0.6.3
        azure-mgmt-eventgrid/3.0.0rc9 Azure-SDK-For-Python AZURECLI/2.21.0
    method: GET
    uri: https://management.azure.com/subscriptions/00000000-0000-0000-0000-000000000000/providers/Microsoft.EventGrid/locations/centraluseuap/operationsStatus/4DDD45B4-2800-4FE4-B7C5-1AE7ADCBF171?api-version=2020-10-15-preview
  response:
    body:
      string: '{"id":"https://management.azure.com/subscriptions/00000000-0000-0000-0000-000000000000/providers/Microsoft.EventGrid/locations/centraluseuap/operationsStatus/4DDD45B4-2800-4FE4-B7C5-1AE7ADCBF171?api-version=2020-10-15-preview","name":"4ddd45b4-2800-4fe4-b7c5-1ae7adcbf171","status":"Succeeded"}'
    headers:
      cache-control:
      - no-cache
      content-length:
      - '294'
      content-type:
      - application/json; charset=utf-8
      date:
      - Thu, 25 Mar 2021 17:56:06 GMT
      expires:
      - '-1'
      pragma:
      - no-cache
      server:
      - Microsoft-HTTPAPI/2.0
      strict-transport-security:
      - max-age=31536000; includeSubDomains
      transfer-encoding:
      - chunked
      vary:
      - Accept-Encoding
      x-content-type-options:
      - nosniff
    status:
      code: 200
      message: OK
- request:
    body: null
    headers:
      Accept:
      - application/json
      Accept-Encoding:
      - gzip, deflate
      CommandName:
      - eventgrid event-subscription delete
      Connection:
      - keep-alive
      Content-Length:
      - '0'
      ParameterSetName:
      - --source-resource-id --name
      User-Agent:
      - python/3.7.3 (Windows-10-10.0.19041-SP0) msrest/0.6.21 msrest_azure/0.6.3
        azure-mgmt-eventgrid/3.0.0rc9 Azure-SDK-For-Python AZURECLI/2.21.0
      accept-language:
      - en-US
    method: DELETE
    uri: https://management.azure.com/subscriptions/00000000-0000-0000-0000-000000000000/resourceGroups/clieventgridrg000001/providers/Microsoft.Storage/storageAccounts/clieventgrid000002/providers/Microsoft.EventGrid/eventSubscriptions/CliTestEventGridEventsubscription4?api-version=2020-10-15-preview
  response:
    body:
      string: ''
    headers:
      azure-asyncoperation:
      - https://management.azure.com:443/subscriptions/00000000-0000-0000-0000-000000000000/providers/Microsoft.EventGrid/locations/centraluseuap/operationsStatus/D787B209-9B7D-41C2-B23C-91EE0BCBB8EA?api-version=2020-10-15-preview
      cache-control:
      - no-cache
      content-length:
      - '0'
      date:
      - Thu, 25 Mar 2021 17:56:08 GMT
      expires:
      - '-1'
      location:
      - https://management.azure.com/subscriptions/00000000-0000-0000-0000-000000000000/providers/Microsoft.EventGrid/locations/centraluseuap/operationResults/D787B209-9B7D-41C2-B23C-91EE0BCBB8EA?api-version=2020-10-15-preview
      pragma:
      - no-cache
      server:
      - Microsoft-HTTPAPI/2.0
      strict-transport-security:
      - max-age=31536000; includeSubDomains
      x-content-type-options:
      - nosniff
      x-ms-ratelimit-remaining-subscription-deletes:
      - '14999'
    status:
      code: 202
      message: Accepted
- request:
    body: null
    headers:
      Accept:
      - application/json
      Accept-Encoding:
      - gzip, deflate
      CommandName:
      - eventgrid event-subscription delete
      Connection:
      - keep-alive
      ParameterSetName:
      - --source-resource-id --name
      User-Agent:
      - python/3.7.3 (Windows-10-10.0.19041-SP0) msrest/0.6.21 msrest_azure/0.6.3
        azure-mgmt-eventgrid/3.0.0rc9 Azure-SDK-For-Python AZURECLI/2.21.0
    method: GET
    uri: https://management.azure.com/subscriptions/00000000-0000-0000-0000-000000000000/providers/Microsoft.EventGrid/locations/centraluseuap/operationsStatus/D787B209-9B7D-41C2-B23C-91EE0BCBB8EA?api-version=2020-10-15-preview
  response:
    body:
      string: '{"id":"https://management.azure.com/subscriptions/00000000-0000-0000-0000-000000000000/providers/Microsoft.EventGrid/locations/centraluseuap/operationsStatus/D787B209-9B7D-41C2-B23C-91EE0BCBB8EA?api-version=2020-10-15-preview","name":"d787b209-9b7d-41c2-b23c-91ee0bcbb8ea","status":"Succeeded"}'
    headers:
      cache-control:
      - no-cache
      content-length:
      - '294'
      content-type:
      - application/json; charset=utf-8
      date:
      - Thu, 25 Mar 2021 17:56:19 GMT
      expires:
      - '-1'
      pragma:
      - no-cache
      server:
      - Microsoft-HTTPAPI/2.0
      strict-transport-security:
      - max-age=31536000; includeSubDomains
      transfer-encoding:
      - chunked
      vary:
      - Accept-Encoding
      x-content-type-options:
      - nosniff
    status:
      code: 200
      message: OK
- request:
    body: null
    headers:
      Accept:
      - '*/*'
      Accept-Encoding:
      - gzip, deflate
      CommandName:
      - storage account delete
      Connection:
      - keep-alive
      Content-Length:
      - '0'
      ParameterSetName:
      - -y -g -n
      User-Agent:
      - AZURECLI/2.21.0 azsdk-python-azure-mgmt-storage/17.0.0 Python/3.7.3 (Windows-10-10.0.19041-SP0)
    method: DELETE
    uri: https://management.azure.com/subscriptions/00000000-0000-0000-0000-000000000000/resourceGroups/clieventgridrg000001/providers/Microsoft.Storage/storageAccounts/clieventgrid000002?api-version=2021-01-01
  response:
    body:
      string: ''
    headers:
      cache-control:
      - no-cache
      content-length:
      - '0'
      content-type:
      - text/plain; charset=utf-8
      date:
      - Thu, 25 Mar 2021 17:56:23 GMT
      expires:
      - '-1'
      pragma:
      - no-cache
      server:
      - Microsoft-Azure-Storage-Resource-Provider/1.0,Microsoft-HTTPAPI/2.0 Microsoft-HTTPAPI/2.0
      strict-transport-security:
      - max-age=31536000; includeSubDomains
      x-content-type-options:
      - nosniff
      x-ms-ratelimit-remaining-subscription-deletes:
      - '14998'
    status:
      code: 200
      message: OK
version: 1
