interactions:
- request:
    body: '{"properties": {"destination": {"endpointType": "WebHook", "properties":
      {"endpointUrl": "https://devexpfuncappdestination.azurewebsites.net/runtime/webhooks/EventGrid?functionName=EventGridTrigger1&code=<HIDDEN>"}},
      "filter": {"subjectEndsWith": "mysubject_suffix", "includedEventTypes": ["blobCreated",
      "blobUpdated"], "isSubjectCaseSensitive": true}, "labels": ["Finance", "HR"],
      "retryPolicy": {"maxDeliveryAttempts": 30, "eventTimeToLiveInMinutes": 1440}}}'
    headers:
      Accept:
      - application/json
      Accept-Encoding:
      - gzip, deflate
      CommandName:
      - eventgrid event-subscription create
      Connection:
      - keep-alive
      Content-Length:
      - '509'
      Content-Type:
      - application/json
      ParameterSetName:
      - --source-resource-id --name --endpoint --subject-ends-with --included-event-types
        --subject-case-sensitive --labels
      User-Agent:
      - AZURECLI/2.38.0 azsdk-python-mgmt-eventgrid/10.2.0b2 Python/3.8.10 (Windows-10-10.0.22000-SP0)
    method: PUT
    uri: https://management.azure.com/subscriptions/00000000-0000-0000-0000-000000000000/resourceGroups/clitest.rg000001/providers/Microsoft.Storage/storageAccounts/clieventgrid000002/providers/Microsoft.EventGrid/eventSubscriptions/eventsubscription2?api-version=2021-10-15-preview
  response:
    body:
      string: '{"properties":{"topic":"/subscriptions/00000000-0000-0000-0000-000000000000/resourceGroups/clitest.rg000001/providers/microsoft.storage/storageaccounts/clieventgrid000002","provisioningState":"Creating","destination":{"properties":{"endpointUrl":null,"endpointBaseUrl":"https://devexpfuncappdestination.azurewebsites.net/runtime/webhooks/EventGrid"},"endpointType":"WebHook"},"filter":{"subjectEndsWith":"mysubject_suffix","includedEventTypes":["blobCreated","blobUpdated"],"isSubjectCaseSensitive":true},"labels":["Finance","HR"],"retryPolicy":{"maxDeliveryAttempts":30,"eventTimeToLiveInMinutes":1440}},"systemData":null,"id":"/subscriptions/00000000-0000-0000-0000-000000000000/resourceGroups/clitest.rg000001/providers/Microsoft.Storage/storageAccounts/clieventgrid000002/providers/Microsoft.EventGrid/eventSubscriptions/eventsubscription2","name":"eventsubscription2","type":"Microsoft.EventGrid/eventSubscriptions"}'
    headers:
      azure-asyncoperation:
      - https://management.azure.com:443/subscriptions/00000000-0000-0000-0000-000000000000/providers/Microsoft.EventGrid/locations/centraluseuap/operationsStatus/9C482CDA-1BDA-44D6-B5BE-8ADD21EFB4C9?api-version=2021-10-15-preview
      cache-control:
      - no-cache
      content-length:
      - '921'
      content-type:
      - application/json; charset=utf-8
      date:
      - Tue, 12 Jul 2022 15:43:06 GMT
      expires:
      - '-1'
      pragma:
      - no-cache
      server:
      - Microsoft-HTTPAPI/2.0
      strict-transport-security:
      - max-age=31536000; includeSubDomains
      x-content-type-options:
      - nosniff
      x-ms-ratelimit-remaining-subscription-resource-requests:
      - '899'
    status:
      code: 201
      message: Created
- request:
    body: null
    headers:
      Accept:
      - '*/*'
      Accept-Encoding:
      - gzip, deflate
      CommandName:
      - eventgrid event-subscription create
      Connection:
      - keep-alive
      ParameterSetName:
      - --source-resource-id --name --endpoint --subject-ends-with --included-event-types
        --subject-case-sensitive --labels
      User-Agent:
      - AZURECLI/2.38.0 azsdk-python-mgmt-eventgrid/10.2.0b2 Python/3.8.10 (Windows-10-10.0.22000-SP0)
    method: GET
    uri: https://management.azure.com/subscriptions/00000000-0000-0000-0000-000000000000/providers/Microsoft.EventGrid/locations/centraluseuap/operationsStatus/9C482CDA-1BDA-44D6-B5BE-8ADD21EFB4C9?api-version=2021-10-15-preview
  response:
    body:
      string: '{"id":"https://management.azure.com/subscriptions/00000000-0000-0000-0000-000000000000/providers/Microsoft.EventGrid/locations/centraluseuap/operationsStatus/9C482CDA-1BDA-44D6-B5BE-8ADD21EFB4C9?api-version=2021-10-15-preview","name":"9c482cda-1bda-44d6-b5be-8add21efb4c9","status":"Succeeded"}'
    headers:
      cache-control:
      - no-cache
      content-length:
      - '294'
      content-type:
      - application/json; charset=utf-8
      date:
      - Tue, 12 Jul 2022 15:43:16 GMT
      expires:
      - '-1'
      pragma:
      - no-cache
      server:
      - Microsoft-HTTPAPI/2.0
      strict-transport-security:
      - max-age=31536000; includeSubDomains
      transfer-encoding:
      - chunked
      vary:
      - Accept-Encoding
      x-content-type-options:
      - nosniff
    status:
      code: 200
      message: OK
- request:
    body: null
    headers:
      Accept:
      - '*/*'
      Accept-Encoding:
      - gzip, deflate
      CommandName:
      - eventgrid event-subscription create
      Connection:
      - keep-alive
      ParameterSetName:
      - --source-resource-id --name --endpoint --subject-ends-with --included-event-types
        --subject-case-sensitive --labels
      User-Agent:
      - AZURECLI/2.38.0 azsdk-python-mgmt-eventgrid/10.2.0b2 Python/3.8.10 (Windows-10-10.0.22000-SP0)
    method: GET
    uri: https://management.azure.com/subscriptions/00000000-0000-0000-0000-000000000000/resourceGroups/clitest.rg000001/providers/Microsoft.Storage/storageAccounts/clieventgrid000002/providers/Microsoft.EventGrid/eventSubscriptions/eventsubscription2?api-version=2021-10-15-preview
  response:
    body:
      string: '{"properties":{"topic":"/subscriptions/00000000-0000-0000-0000-000000000000/resourceGroups/clitest.rg000001/providers/microsoft.storage/storageaccounts/clieventgrid000002","provisioningState":"Succeeded","destination":{"properties":{"endpointUrl":null,"endpointBaseUrl":"https://devexpfuncappdestination.azurewebsites.net/runtime/webhooks/EventGrid","maxEventsPerBatch":1,"preferredBatchSizeInKilobytes":64},"endpointType":"WebHook"},"filter":{"subjectBeginsWith":"","subjectEndsWith":"mysubject_suffix","includedEventTypes":["blobCreated","blobUpdated"],"isSubjectCaseSensitive":true},"labels":["Finance","HR"],"eventDeliverySchema":"EventGridSchema","retryPolicy":{"maxDeliveryAttempts":30,"eventTimeToLiveInMinutes":1440}},"systemData":null,"id":"/subscriptions/00000000-0000-0000-0000-000000000000/resourceGroups/clitest.rg000001/providers/Microsoft.Storage/storageAccounts/clieventgrid000002/providers/Microsoft.EventGrid/eventSubscriptions/eventsubscription2","name":"eventsubscription2","type":"Microsoft.EventGrid/eventSubscriptions"}'
    headers:
      cache-control:
      - no-cache
      content-length:
      - '1042'
      content-type:
      - application/json; charset=utf-8
      date:
      - Tue, 12 Jul 2022 15:43:16 GMT
      expires:
      - '-1'
      pragma:
      - no-cache
      server:
      - Microsoft-HTTPAPI/2.0
      strict-transport-security:
      - max-age=31536000; includeSubDomains
      transfer-encoding:
      - chunked
      vary:
      - Accept-Encoding
      x-content-type-options:
      - nosniff
    status:
      code: 200
      message: OK
- request:
    body: null
    headers:
      Accept:
      - application/json
      Accept-Encoding:
      - gzip, deflate
      CommandName:
      - eventgrid event-subscription show
      Connection:
      - keep-alive
      ParameterSetName:
      - --source-resource-id --name
      User-Agent:
      - AZURECLI/2.38.0 azsdk-python-mgmt-eventgrid/10.2.0b2 Python/3.8.10 (Windows-10-10.0.22000-SP0)
    method: GET
    uri: https://management.azure.com/subscriptions/00000000-0000-0000-0000-000000000000/resourceGroups/clitest.rg000001/providers/Microsoft.Storage/storageAccounts/clieventgrid000002/providers/Microsoft.EventGrid/eventSubscriptions/eventsubscription2?api-version=2021-10-15-preview
  response:
    body:
      string: '{"properties":{"topic":"/subscriptions/00000000-0000-0000-0000-000000000000/resourceGroups/clitest.rg000001/providers/microsoft.storage/storageaccounts/clieventgrid000002","provisioningState":"Succeeded","destination":{"properties":{"endpointUrl":null,"endpointBaseUrl":"https://devexpfuncappdestination.azurewebsites.net/runtime/webhooks/EventGrid","maxEventsPerBatch":1,"preferredBatchSizeInKilobytes":64},"endpointType":"WebHook"},"filter":{"subjectBeginsWith":"","subjectEndsWith":"mysubject_suffix","includedEventTypes":["blobCreated","blobUpdated"],"isSubjectCaseSensitive":true},"labels":["Finance","HR"],"eventDeliverySchema":"EventGridSchema","retryPolicy":{"maxDeliveryAttempts":30,"eventTimeToLiveInMinutes":1440}},"systemData":null,"id":"/subscriptions/00000000-0000-0000-0000-000000000000/resourceGroups/clitest.rg000001/providers/Microsoft.Storage/storageAccounts/clieventgrid000002/providers/Microsoft.EventGrid/eventSubscriptions/eventsubscription2","name":"eventsubscription2","type":"Microsoft.EventGrid/eventSubscriptions"}'
    headers:
      cache-control:
      - no-cache
      content-length:
      - '1042'
      content-type:
      - application/json; charset=utf-8
      date:
      - Tue, 12 Jul 2022 15:43:17 GMT
      expires:
      - '-1'
      pragma:
      - no-cache
      server:
      - Microsoft-HTTPAPI/2.0
      strict-transport-security:
      - max-age=31536000; includeSubDomains
      transfer-encoding:
      - chunked
      vary:
      - Accept-Encoding
      x-content-type-options:
      - nosniff
    status:
      code: 200
      message: OK
- request:
    body: null
    headers:
      Accept:
      - application/json
      Accept-Encoding:
      - gzip, deflate
      CommandName:
      - eventgrid event-subscription show
      Connection:
      - keep-alive
      ParameterSetName:
      - --include-full-endpoint-url --source-resource-id --name
      User-Agent:
      - AZURECLI/2.38.0 azsdk-python-mgmt-eventgrid/10.2.0b2 Python/3.8.10 (Windows-10-10.0.22000-SP0)
    method: GET
    uri: https://management.azure.com/subscriptions/00000000-0000-0000-0000-000000000000/resourceGroups/clitest.rg000001/providers/Microsoft.Storage/storageAccounts/clieventgrid000002/providers/Microsoft.EventGrid/eventSubscriptions/eventsubscription2?api-version=2021-10-15-preview
  response:
    body:
      string: '{"properties":{"topic":"/subscriptions/00000000-0000-0000-0000-000000000000/resourceGroups/clitest.rg000001/providers/microsoft.storage/storageaccounts/clieventgrid000002","provisioningState":"Succeeded","destination":{"properties":{"endpointUrl":null,"endpointBaseUrl":"https://devexpfuncappdestination.azurewebsites.net/runtime/webhooks/EventGrid","maxEventsPerBatch":1,"preferredBatchSizeInKilobytes":64},"endpointType":"WebHook"},"filter":{"subjectBeginsWith":"","subjectEndsWith":"mysubject_suffix","includedEventTypes":["blobCreated","blobUpdated"],"isSubjectCaseSensitive":true},"labels":["Finance","HR"],"eventDeliverySchema":"EventGridSchema","retryPolicy":{"maxDeliveryAttempts":30,"eventTimeToLiveInMinutes":1440}},"systemData":null,"id":"/subscriptions/00000000-0000-0000-0000-000000000000/resourceGroups/clitest.rg000001/providers/Microsoft.Storage/storageAccounts/clieventgrid000002/providers/Microsoft.EventGrid/eventSubscriptions/eventsubscription2","name":"eventsubscription2","type":"Microsoft.EventGrid/eventSubscriptions"}'
    headers:
      cache-control:
      - no-cache
      content-length:
      - '1042'
      content-type:
      - application/json; charset=utf-8
      date:
      - Tue, 12 Jul 2022 15:43:18 GMT
      expires:
      - '-1'
      pragma:
      - no-cache
      server:
      - Microsoft-HTTPAPI/2.0
      strict-transport-security:
      - max-age=31536000; includeSubDomains
      transfer-encoding:
      - chunked
      vary:
      - Accept-Encoding
      x-content-type-options:
      - nosniff
    status:
      code: 200
      message: OK
- request:
    body: null
    headers:
      Accept:
      - application/json
      Accept-Encoding:
      - gzip, deflate
      CommandName:
      - eventgrid event-subscription show
      Connection:
      - keep-alive
      Content-Length:
      - '0'
      ParameterSetName:
      - --include-full-endpoint-url --source-resource-id --name
      User-Agent:
      - AZURECLI/2.38.0 azsdk-python-mgmt-eventgrid/10.2.0b2 Python/3.8.10 (Windows-10-10.0.22000-SP0)
    method: POST
    uri: https://management.azure.com/subscriptions/00000000-0000-0000-0000-000000000000/resourceGroups/clitest.rg000001/providers/Microsoft.Storage/storageAccounts/clieventgrid000002/providers/Microsoft.EventGrid/eventSubscriptions/eventsubscription2/getFullUrl?api-version=2021-10-15-preview
  response:
    body:
      string: '{"endpointUrl":"https://devexpfuncappdestination.azurewebsites.net/runtime/webhooks/EventGrid?functionName=EventGridTrigger1&code=<HIDDEN>"}'
    headers:
      cache-control:
      - no-cache
      content-length:
      - '188'
      content-type:
      - application/json; charset=utf-8
      date:
      - Tue, 12 Jul 2022 15:43:19 GMT
      expires:
      - '-1'
      pragma:
      - no-cache
      server:
      - Microsoft-HTTPAPI/2.0
      strict-transport-security:
      - max-age=31536000; includeSubDomains
      transfer-encoding:
      - chunked
      vary:
      - Accept-Encoding
      x-content-type-options:
      - nosniff
      x-ms-ratelimit-remaining-subscription-writes:
      - '1199'
    status:
      code: 200
      message: OK
- request:
    body: null
    headers:
      Accept:
      - application/json
      Accept-Encoding:
      - gzip, deflate
      CommandName:
      - eventgrid event-subscription list
      Connection:
      - keep-alive
      ParameterSetName:
      - --source-resource-id
      User-Agent:
      - AZURECLI/2.38.0 azsdk-python-mgmt-eventgrid/10.2.0b2 Python/3.8.10 (Windows-10-10.0.22000-SP0)
    method: GET
    uri: https://management.azure.com/subscriptions/00000000-0000-0000-0000-000000000000/resourceGroups/clitest.rg000001/providers/Microsoft.Storage/storageAccounts/clieventgrid000002/providers/Microsoft.EventGrid/eventSubscriptions?api-version=2021-10-15-preview&$top=100
  response:
    body:
      string: '{"value":[{"properties":{"topic":"/subscriptions/00000000-0000-0000-0000-000000000000/resourceGroups/clitest.rg000001/providers/microsoft.storage/storageaccounts/clieventgrid000002","provisioningState":"Succeeded","destination":{"properties":{"endpointUrl":null,"endpointBaseUrl":"https://devexpfuncappdestination.azurewebsites.net/runtime/webhooks/EventGrid","maxEventsPerBatch":1,"preferredBatchSizeInKilobytes":64},"endpointType":"WebHook"},"filter":{"subjectBeginsWith":"","subjectEndsWith":"mysubject_suffix","includedEventTypes":["blobCreated","blobUpdated"],"isSubjectCaseSensitive":true},"labels":["Finance","HR"],"eventDeliverySchema":"EventGridSchema","retryPolicy":{"maxDeliveryAttempts":30,"eventTimeToLiveInMinutes":1440}},"systemData":null,"id":"/subscriptions/00000000-0000-0000-0000-000000000000/resourceGroups/clitest.rg000001/providers/Microsoft.Storage/storageAccounts/clieventgrid000002/providers/Microsoft.EventGrid/eventSubscriptions/eventsubscription2","name":"eventsubscription2","type":"Microsoft.EventGrid/eventSubscriptions"}]}'
    headers:
      cache-control:
      - no-cache
      content-length:
      - '1054'
      content-type:
      - application/json; charset=utf-8
      date:
      - Tue, 12 Jul 2022 15:43:20 GMT
      expires:
      - '-1'
      pragma:
      - no-cache
      server:
      - Microsoft-HTTPAPI/2.0
      strict-transport-security:
      - max-age=31536000; includeSubDomains
      transfer-encoding:
      - chunked
      vary:
      - Accept-Encoding
      x-content-type-options:
      - nosniff
    status:
      code: 200
      message: OK
- request:
    body: null
    headers:
      Accept:
      - application/json
      Accept-Encoding:
      - gzip, deflate
      CommandName:
      - eventgrid event-subscription list
      Connection:
      - keep-alive
      ParameterSetName:
      - --source-resource-id --odata-query
      User-Agent:
      - AZURECLI/2.38.0 azsdk-python-mgmt-eventgrid/10.2.0b2 Python/3.8.10 (Windows-10-10.0.22000-SP0)
    method: GET
    uri: https://management.azure.com/subscriptions/00000000-0000-0000-0000-000000000000/resourceGroups/clitest.rg000001/providers/Microsoft.Storage/storageAccounts/clieventgrid000002/providers/Microsoft.EventGrid/eventSubscriptions?api-version=2021-10-15-preview&$filter=CONTAINS%28name%2C%27eventsubscription2%27%29&$top=100
  response:
    body:
      string: '{"value":[{"properties":{"topic":"/subscriptions/00000000-0000-0000-0000-000000000000/resourceGroups/clitest.rg000001/providers/microsoft.storage/storageaccounts/clieventgrid000002","provisioningState":"Succeeded","destination":{"properties":{"endpointUrl":null,"endpointBaseUrl":"https://devexpfuncappdestination.azurewebsites.net/runtime/webhooks/EventGrid","maxEventsPerBatch":1,"preferredBatchSizeInKilobytes":64},"endpointType":"WebHook"},"filter":{"subjectBeginsWith":"","subjectEndsWith":"mysubject_suffix","includedEventTypes":["blobCreated","blobUpdated"],"isSubjectCaseSensitive":true},"labels":["Finance","HR"],"eventDeliverySchema":"EventGridSchema","retryPolicy":{"maxDeliveryAttempts":30,"eventTimeToLiveInMinutes":1440}},"systemData":null,"id":"/subscriptions/00000000-0000-0000-0000-000000000000/resourceGroups/clitest.rg000001/providers/Microsoft.Storage/storageAccounts/clieventgrid000002/providers/Microsoft.EventGrid/eventSubscriptions/eventsubscription2","name":"eventsubscription2","type":"Microsoft.EventGrid/eventSubscriptions"}]}'
    headers:
      cache-control:
      - no-cache
      content-length:
      - '1054'
      content-type:
      - application/json; charset=utf-8
      date:
      - Tue, 12 Jul 2022 15:43:20 GMT
      expires:
      - '-1'
      pragma:
      - no-cache
      server:
      - Microsoft-HTTPAPI/2.0
      strict-transport-security:
      - max-age=31536000; includeSubDomains
      transfer-encoding:
      - chunked
      vary:
      - Accept-Encoding
      x-content-type-options:
      - nosniff
    status:
      code: 200
      message: OK
- request:
    body: null
    headers:
      Accept:
      - '*/*'
      Accept-Encoding:
      - gzip, deflate
      CommandName:
      - eventgrid event-subscription delete
      Connection:
      - keep-alive
      Content-Length:
      - '0'
      ParameterSetName:
      - --source-resource-id --name
      User-Agent:
      - AZURECLI/2.38.0 azsdk-python-mgmt-eventgrid/10.2.0b2 Python/3.8.10 (Windows-10-10.0.22000-SP0)
    method: DELETE
    uri: https://management.azure.com/subscriptions/00000000-0000-0000-0000-000000000000/resourceGroups/clitest.rg000001/providers/Microsoft.Storage/storageAccounts/clieventgrid000002/providers/Microsoft.EventGrid/eventSubscriptions/eventsubscription2?api-version=2021-10-15-preview
  response:
    body:
      string: ''
    headers:
      azure-asyncoperation:
      - https://management.azure.com:443/subscriptions/00000000-0000-0000-0000-000000000000/providers/Microsoft.EventGrid/locations/centraluseuap/operationsStatus/773A0826-4F82-4E02-BDE2-B47856C287A6?api-version=2021-10-15-preview
      cache-control:
      - no-cache
      content-length:
      - '0'
      date:
      - Tue, 12 Jul 2022 15:43:21 GMT
      expires:
      - '-1'
      location:
      - https://management.azure.com/subscriptions/00000000-0000-0000-0000-000000000000/providers/Microsoft.EventGrid/locations/centraluseuap/operationResults/773A0826-4F82-4E02-BDE2-B47856C287A6?api-version=2021-10-15-preview
      pragma:
      - no-cache
      server:
      - Microsoft-HTTPAPI/2.0
      strict-transport-security:
      - max-age=31536000; includeSubDomains
      x-content-type-options:
      - nosniff
      x-ms-ratelimit-remaining-subscription-deletes:
      - '14999'
    status:
      code: 202
      message: Accepted
- request:
    body: null
    headers:
      Accept:
      - '*/*'
      Accept-Encoding:
      - gzip, deflate
      CommandName:
      - eventgrid event-subscription delete
      Connection:
      - keep-alive
      ParameterSetName:
      - --source-resource-id --name
      User-Agent:
      - AZURECLI/2.38.0 azsdk-python-mgmt-eventgrid/10.2.0b2 Python/3.8.10 (Windows-10-10.0.22000-SP0)
    method: GET
    uri: https://management.azure.com/subscriptions/00000000-0000-0000-0000-000000000000/providers/Microsoft.EventGrid/locations/centraluseuap/operationsStatus/773A0826-4F82-4E02-BDE2-B47856C287A6?api-version=2021-10-15-preview
  response:
    body:
      string: '{"id":"https://management.azure.com/subscriptions/00000000-0000-0000-0000-000000000000/providers/Microsoft.EventGrid/locations/centraluseuap/operationsStatus/773A0826-4F82-4E02-BDE2-B47856C287A6?api-version=2021-10-15-preview","name":"773a0826-4f82-4e02-bde2-b47856c287a6","status":"Succeeded"}'
    headers:
      cache-control:
      - no-cache
      content-length:
      - '294'
      content-type:
      - application/json; charset=utf-8
      date:
      - Tue, 12 Jul 2022 15:43:31 GMT
      expires:
      - '-1'
      pragma:
      - no-cache
      server:
      - Microsoft-HTTPAPI/2.0
      strict-transport-security:
      - max-age=31536000; includeSubDomains
      transfer-encoding:
      - chunked
      vary:
      - Accept-Encoding
      x-content-type-options:
      - nosniff
    status:
      code: 200
      message: OK
version: 1
