interactions:
- request:
    body: '{"location": "westus", "tags": {"product": "azurecli", "cause": "automation",
      "date": "2019-06-03T22:59:33Z"}}'
    headers:
      Accept:
      - application/json
      Accept-Encoding:
      - gzip, deflate
      CommandName:
      - group create
      Connection:
      - keep-alive
      Content-Length:
      - '110'
      Content-Type:
      - application/json; charset=utf-8
      ParameterSetName:
      - --location --name --tag
      User-Agent:
      - python/3.7.3 (Windows-10-10.0.18362-SP0) msrest/0.6.6 msrest_azure/0.6.0 resourcemanagementclient/2.1.0
        Azure-SDK-For-Python AZURECLI/2.0.65
      accept-language:
      - en-US
    method: PUT
    uri: https://management.azure.com/subscriptions/00000000-0000-0000-0000-000000000000/resourcegroups/clitest.rg000001?api-version=2018-05-01
  response:
    body:
      string: '{"id":"/subscriptions/00000000-0000-0000-0000-000000000000/resourceGroups/clitest.rg000001","name":"clitest.rg000001","location":"westus","tags":{"product":"azurecli","cause":"automation","date":"2019-06-03T22:59:33Z"},"properties":{"provisioningState":"Succeeded"}}'
    headers:
      cache-control:
      - no-cache
      content-length:
      - '384'
      content-type:
      - application/json; charset=utf-8
      date:
      - Mon, 03 Jun 2019 22:59:35 GMT
      expires:
      - '-1'
      pragma:
      - no-cache
      strict-transport-security:
      - max-age=31536000; includeSubDomains
      x-content-type-options:
      - nosniff
      x-ms-ratelimit-remaining-subscription-writes:
      - '1199'
    status:
      code: 201
      message: Created
- request:
    body: '{"location": "westcentralus"}'
    headers:
      Accept:
      - application/json
      Accept-Encoding:
      - gzip, deflate
      CommandName:
      - eventgrid topic create
      Connection:
      - keep-alive
      Content-Length:
      - '29'
      Content-Type:
      - application/json; charset=utf-8
      ParameterSetName:
      - --name --resource-group --location
      User-Agent:
      - python/3.7.3 (Windows-10-10.0.18362-SP0) msrest/0.6.6 msrest_azure/0.6.0 azure-mgmt-eventgrid/2.2.0
        Azure-SDK-For-Python AZURECLI/2.0.65
      accept-language:
      - en-US
    method: PUT
    uri: https://management.azure.com/subscriptions/00000000-0000-0000-0000-000000000000/resourceGroups/clitest.rg000001/providers/Microsoft.EventGrid/topics/cli000002?api-version=2019-06-01
  response:
    body:
      string: '{"properties":{"provisioningState":"Creating","endpoint":null},"location":"westcentralus","tags":null,"id":"/subscriptions/00000000-0000-0000-0000-000000000000/resourceGroups/clitest.rg000001/providers/Microsoft.EventGrid/topics/cli000002","name":"cli000002","type":"Microsoft.EventGrid/topics"}'
    headers:
      azure-asyncoperation:
      - https://management.azure.com:443/subscriptions/00000000-0000-0000-0000-000000000000/providers/Microsoft.EventGrid/locations/westcentralus/operationsStatus/1863AD14-19E5-431B-AD85-75400D518118?api-version=2019-06-01
      cache-control:
      - no-cache
      content-length:
      - '416'
      content-type:
      - application/json; charset=utf-8
      date:
      - Mon, 03 Jun 2019 22:59:36 GMT
      expires:
      - '-1'
      pragma:
      - no-cache
      server:
      - Microsoft-HTTPAPI/2.0
      strict-transport-security:
      - max-age=31536000; includeSubDomains
      x-content-type-options:
      - nosniff
      x-ms-ratelimit-remaining-subscription-writes:
      - '1199'
    status:
      code: 201
      message: Created
- request:
    body: null
    headers:
      Accept:
      - application/json
      Accept-Encoding:
      - gzip, deflate
      CommandName:
      - eventgrid topic create
      Connection:
      - keep-alive
      ParameterSetName:
      - --name --resource-group --location
      User-Agent:
      - python/3.7.3 (Windows-10-10.0.18362-SP0) msrest/0.6.6 msrest_azure/0.6.0 azure-mgmt-eventgrid/2.2.0
        Azure-SDK-For-Python AZURECLI/2.0.65
    method: GET
    uri: https://management.azure.com/subscriptions/00000000-0000-0000-0000-000000000000/providers/Microsoft.EventGrid/locations/westcentralus/operationsStatus/1863AD14-19E5-431B-AD85-75400D518118?api-version=2019-06-01
  response:
    body:
      string: '{"id":"https://management.azure.com/subscriptions/00000000-0000-0000-0000-000000000000/providers/Microsoft.EventGrid/locations/westcentralus/operationsStatus/1863AD14-19E5-431B-AD85-75400D518118?api-version=2019-06-01","name":"1863ad14-19e5-431b-ad85-75400d518118","status":"Succeeded"}'
    headers:
      cache-control:
      - no-cache
      content-length:
      - '286'
      content-type:
      - application/json; charset=utf-8
      date:
      - Mon, 03 Jun 2019 22:59:46 GMT
      expires:
      - '-1'
      pragma:
      - no-cache
      server:
      - Microsoft-HTTPAPI/2.0
      strict-transport-security:
      - max-age=31536000; includeSubDomains
      transfer-encoding:
      - chunked
      vary:
      - Accept-Encoding
      x-content-type-options:
      - nosniff
    status:
      code: 200
      message: OK
- request:
    body: null
    headers:
      Accept:
      - application/json
      Accept-Encoding:
      - gzip, deflate
      CommandName:
      - eventgrid topic create
      Connection:
      - keep-alive
      ParameterSetName:
      - --name --resource-group --location
      User-Agent:
      - python/3.7.3 (Windows-10-10.0.18362-SP0) msrest/0.6.6 msrest_azure/0.6.0 azure-mgmt-eventgrid/2.2.0
        Azure-SDK-For-Python AZURECLI/2.0.65
    method: GET
    uri: https://management.azure.com/subscriptions/00000000-0000-0000-0000-000000000000/resourceGroups/clitest.rg000001/providers/Microsoft.EventGrid/topics/cli000002?api-version=2019-06-01
  response:
    body:
      string: '{"properties":{"provisioningState":"Succeeded","endpoint":"https://cli000002.westcentralus-1.eventgrid.azure.net/api/events"},"location":"westcentralus","tags":null,"id":"/subscriptions/00000000-0000-0000-0000-000000000000/resourceGroups/clitest.rg000001/providers/Microsoft.EventGrid/topics/cli000002","name":"cli000002","type":"Microsoft.EventGrid/topics"}'
    headers:
      cache-control:
      - no-cache
      content-length:
      - '510'
      content-type:
      - application/json; charset=utf-8
      date:
      - Mon, 03 Jun 2019 22:59:47 GMT
      expires:
      - '-1'
      pragma:
      - no-cache
      server:
      - Microsoft-HTTPAPI/2.0
      strict-transport-security:
      - max-age=31536000; includeSubDomains
      transfer-encoding:
      - chunked
      vary:
      - Accept-Encoding
      x-content-type-options:
      - nosniff
    status:
      code: 200
      message: OK
- request:
    body: null
    headers:
      Accept:
      - application/json
      Accept-Encoding:
      - gzip, deflate
      CommandName:
      - eventgrid topic show
      Connection:
      - keep-alive
      ParameterSetName:
      - --name --resource-group -o
      User-Agent:
      - python/3.7.3 (Windows-10-10.0.18362-SP0) msrest/0.6.6 msrest_azure/0.6.0 azure-mgmt-eventgrid/2.2.0
        Azure-SDK-For-Python AZURECLI/2.0.65
      accept-language:
      - en-US
    method: GET
    uri: https://management.azure.com/subscriptions/00000000-0000-0000-0000-000000000000/resourceGroups/clitest.rg000001/providers/Microsoft.EventGrid/topics/cli000002?api-version=2019-06-01
  response:
    body:
      string: '{"properties":{"provisioningState":"Succeeded","endpoint":"https://cli000002.westcentralus-1.eventgrid.azure.net/api/events"},"location":"westcentralus","tags":null,"id":"/subscriptions/00000000-0000-0000-0000-000000000000/resourceGroups/clitest.rg000001/providers/Microsoft.EventGrid/topics/cli000002","name":"cli000002","type":"Microsoft.EventGrid/topics"}'
    headers:
      cache-control:
      - no-cache
      content-length:
      - '510'
      content-type:
      - application/json; charset=utf-8
      date:
      - Mon, 03 Jun 2019 22:59:48 GMT
      expires:
      - '-1'
      pragma:
      - no-cache
      server:
      - Microsoft-HTTPAPI/2.0
      strict-transport-security:
      - max-age=31536000; includeSubDomains
      transfer-encoding:
      - chunked
      vary:
      - Accept-Encoding
      x-content-type-options:
      - nosniff
    status:
      code: 200
      message: OK
- request:
    body: '{"properties": {"destination": {"endpointType": "WebHook", "properties":
      {"endpointUrl": "https://devexpfuncappdestination.azurewebsites.net/runtime/webhooks/EventGrid?functionName=EventGridTrigger1&code=<HIDDEN>"}},
      "filter": {"isSubjectCaseSensitive": false, "advancedFilters": [{"key": "data.key2",
      "operatorType": "NumberIn", "values": [2.0, 3.0, 4.0, 100.0, 200.0]}]}, "retryPolicy":
      {"maxDeliveryAttempts": 30, "eventTimeToLiveInMinutes": 1440}}}'
    headers:
      Accept:
      - application/json
      Accept-Encoding:
      - gzip, deflate
      CommandName:
      - eventgrid event-subscription create
      Connection:
      - keep-alive
      Content-Length:
      - '500'
      Content-Type:
      - application/json; charset=utf-8
      ParameterSetName:
      - --source-resource-id --name --endpoint --advanced-filter
      User-Agent:
      - python/3.7.3 (Windows-10-10.0.18362-SP0) msrest/0.6.6 msrest_azure/0.6.0 azure-mgmt-eventgrid/2.2.0
        Azure-SDK-For-Python AZURECLI/2.0.65
      accept-language:
      - en-US
    method: PUT
    uri: https://management.azure.com/subscriptions/00000000-0000-0000-0000-000000000000/resourceGroups/clitest.rg000001/providers/Microsoft.EventGrid/topics/cli000002/providers/Microsoft.EventGrid/eventSubscriptions/cli000003?api-version=2019-06-01
  response:
    body:
      string: '{"properties":{"topic":"/subscriptions/00000000-0000-0000-0000-000000000000/resourceGroups/clitest.rg000001/providers/microsoft.eventgrid/topics/cli000002","provisioningState":"Creating","destination":{"properties":{"endpointUrl":null,"endpointBaseUrl":"https://devexpfuncappdestination.azurewebsites.net/runtime/webhooks/EventGrid"},"endpointType":"WebHook"},"filter":{"advancedFilters":[{"values":[2.0,3.0,4.0,100.0,200.0],"operatorType":"NumberIn","key":"data.key2"}]},"labels":null,"retryPolicy":{"maxDeliveryAttempts":30,"eventTimeToLiveInMinutes":1440}},"id":"/subscriptions/00000000-0000-0000-0000-000000000000/resourceGroups/clitest.rg000001/providers/Microsoft.EventGrid/topics/cli000002/providers/Microsoft.EventGrid/eventSubscriptions/cli000003","name":"cli000003","type":"Microsoft.EventGrid/eventSubscriptions"}'
    headers:
      azure-asyncoperation:
      - https://management.azure.com:443/subscriptions/00000000-0000-0000-0000-000000000000/providers/Microsoft.EventGrid/locations/westcentralus/operationsStatus/73676F2F-5A76-4102-A2D1-E8777780053F?api-version=2019-06-01
      cache-control:
      - no-cache
      content-length:
      - '1066'
      content-type:
      - application/json; charset=utf-8
      date:
      - Mon, 03 Jun 2019 22:59:51 GMT
      expires:
      - '-1'
      pragma:
      - no-cache
      server:
      - Microsoft-HTTPAPI/2.0
      strict-transport-security:
      - max-age=31536000; includeSubDomains
      x-content-type-options:
      - nosniff
      x-ms-ratelimit-remaining-subscription-writes:
      - '1199'
    status:
      code: 201
      message: Created
- request:
    body: null
    headers:
      Accept:
      - application/json
      Accept-Encoding:
      - gzip, deflate
      CommandName:
      - eventgrid event-subscription create
      Connection:
      - keep-alive
      ParameterSetName:
      - --source-resource-id --name --endpoint --advanced-filter
      User-Agent:
      - python/3.7.3 (Windows-10-10.0.18362-SP0) msrest/0.6.6 msrest_azure/0.6.0 azure-mgmt-eventgrid/2.2.0
        Azure-SDK-For-Python AZURECLI/2.0.65
    method: GET
    uri: https://management.azure.com/subscriptions/00000000-0000-0000-0000-000000000000/providers/Microsoft.EventGrid/locations/westcentralus/operationsStatus/73676F2F-5A76-4102-A2D1-E8777780053F?api-version=2019-06-01
  response:
    body:
      string: '{"id":"https://management.azure.com/subscriptions/00000000-0000-0000-0000-000000000000/providers/Microsoft.EventGrid/locations/westcentralus/operationsStatus/73676F2F-5A76-4102-A2D1-E8777780053F?api-version=2019-06-01","name":"73676f2f-5a76-4102-a2d1-e8777780053f","status":"Succeeded"}'
    headers:
      cache-control:
      - no-cache
      content-length:
      - '286'
      content-type:
      - application/json; charset=utf-8
      date:
      - Mon, 03 Jun 2019 23:00:01 GMT
      expires:
      - '-1'
      pragma:
      - no-cache
      server:
      - Microsoft-HTTPAPI/2.0
      strict-transport-security:
      - max-age=31536000; includeSubDomains
      transfer-encoding:
      - chunked
      vary:
      - Accept-Encoding
      x-content-type-options:
      - nosniff
    status:
      code: 200
      message: OK
- request:
    body: null
    headers:
      Accept:
      - application/json
      Accept-Encoding:
      - gzip, deflate
      CommandName:
      - eventgrid event-subscription create
      Connection:
      - keep-alive
      ParameterSetName:
      - --source-resource-id --name --endpoint --advanced-filter
      User-Agent:
      - python/3.7.3 (Windows-10-10.0.18362-SP0) msrest/0.6.6 msrest_azure/0.6.0 azure-mgmt-eventgrid/2.2.0
        Azure-SDK-For-Python AZURECLI/2.0.65
    method: GET
    uri: https://management.azure.com/subscriptions/00000000-0000-0000-0000-000000000000/resourceGroups/clitest.rg000001/providers/Microsoft.EventGrid/topics/cli000002/providers/Microsoft.EventGrid/eventSubscriptions/cli000003?api-version=2019-06-01
  response:
    body:
      string: '{"properties":{"topic":"/subscriptions/00000000-0000-0000-0000-000000000000/resourceGroups/clitest.rg000001/providers/microsoft.eventgrid/topics/cli000002","provisioningState":"Succeeded","destination":{"properties":{"endpointUrl":null,"endpointBaseUrl":"https://devexpfuncappdestination.azurewebsites.net/runtime/webhooks/EventGrid"},"endpointType":"WebHook"},"filter":{"subjectBeginsWith":"","subjectEndsWith":"","advancedFilters":[{"values":[2.0,3.0,4.0,100.0,200.0],"operatorType":"NumberIn","key":"data.key2"}]},"labels":null,"retryPolicy":{"maxDeliveryAttempts":30,"eventTimeToLiveInMinutes":1440}},"id":"/subscriptions/00000000-0000-0000-0000-000000000000/resourceGroups/clitest.rg000001/providers/Microsoft.EventGrid/topics/cli000002/providers/Microsoft.EventGrid/eventSubscriptions/cli000003","name":"cli000003","type":"Microsoft.EventGrid/eventSubscriptions"}'
    headers:
      cache-control:
      - no-cache
      content-length:
      - '1111'
      content-type:
      - application/json; charset=utf-8
      date:
      - Mon, 03 Jun 2019 23:00:01 GMT
      expires:
      - '-1'
      pragma:
      - no-cache
      server:
      - Microsoft-HTTPAPI/2.0
      strict-transport-security:
      - max-age=31536000; includeSubDomains
      transfer-encoding:
      - chunked
      vary:
      - Accept-Encoding
      x-content-type-options:
      - nosniff
    status:
      code: 200
      message: OK
- request:
    body: '{"properties": {"destination": {"endpointType": "WebHook", "properties":
      {"endpointUrl": "https://devexpfuncappdestination.azurewebsites.net/runtime/webhooks/EventGrid?functionName=EventGridTrigger1&code=<HIDDEN>"}},
      "filter": {"isSubjectCaseSensitive": false, "advancedFilters": [{"key": "data.key1",
      "operatorType": "NumberIn", "values": [2.0, 3.0, 4.0, 100.0, 200.0]}, {"key":
      "data.key2", "operatorType": "StringIn", "values": ["2", "3", "4", "100", "200"]}]},
      "retryPolicy": {"maxDeliveryAttempts": 30, "eventTimeToLiveInMinutes": 1440}}}'
    headers:
      Accept:
      - application/json
      Accept-Encoding:
      - gzip, deflate
      CommandName:
      - eventgrid event-subscription create
      Connection:
      - keep-alive
      Content-Length:
      - '591'
      Content-Type:
      - application/json; charset=utf-8
      ParameterSetName:
      - --source-resource-id --name --endpoint --advanced-filter --advanced-filter
      User-Agent:
      - python/3.7.3 (Windows-10-10.0.18362-SP0) msrest/0.6.6 msrest_azure/0.6.0 azure-mgmt-eventgrid/2.2.0
        Azure-SDK-For-Python AZURECLI/2.0.65
      accept-language:
      - en-US
    method: PUT
    uri: https://management.azure.com/subscriptions/00000000-0000-0000-0000-000000000000/resourceGroups/clitest.rg000001/providers/Microsoft.EventGrid/topics/cli000002/providers/Microsoft.EventGrid/eventSubscriptions/cli000003?api-version=2019-06-01
  response:
    body:
      string: '{"properties":{"topic":"/subscriptions/00000000-0000-0000-0000-000000000000/resourceGroups/clitest.rg000001/providers/microsoft.eventgrid/topics/cli000002","provisioningState":"Updating","destination":{"properties":{"endpointUrl":null,"endpointBaseUrl":"https://devexpfuncappdestination.azurewebsites.net/runtime/webhooks/EventGrid"},"endpointType":"WebHook"},"filter":{"advancedFilters":[{"values":[2.0,3.0,4.0,100.0,200.0],"operatorType":"NumberIn","key":"data.key1"},{"values":["2","3","4","100","200"],"operatorType":"StringIn","key":"data.key2"}]},"labels":null,"retryPolicy":{"maxDeliveryAttempts":30,"eventTimeToLiveInMinutes":1440}},"id":"/subscriptions/00000000-0000-0000-0000-000000000000/resourceGroups/clitest.rg000001/providers/Microsoft.EventGrid/topics/cli000002/providers/Microsoft.EventGrid/eventSubscriptions/cli000003","name":"cli000003","type":"Microsoft.EventGrid/eventSubscriptions"}'
    headers:
      azure-asyncoperation:
      - https://management.azure.com:443/subscriptions/00000000-0000-0000-0000-000000000000/providers/Microsoft.EventGrid/locations/westcentralus/operationsStatus/EEC317E2-668E-4386-AE1F-333739676D02?api-version=2019-06-01
      cache-control:
      - no-cache
      content-length:
      - '1147'
      content-type:
      - application/json; charset=utf-8
      date:
      - Mon, 03 Jun 2019 23:00:02 GMT
      expires:
      - '-1'
      pragma:
      - no-cache
      server:
      - Microsoft-HTTPAPI/2.0
      strict-transport-security:
      - max-age=31536000; includeSubDomains
      x-content-type-options:
      - nosniff
      x-ms-ratelimit-remaining-subscription-writes:
      - '1198'
    status:
      code: 201
      message: Created
- request:
    body: null
    headers:
      Accept:
      - application/json
      Accept-Encoding:
      - gzip, deflate
      CommandName:
      - eventgrid event-subscription create
      Connection:
      - keep-alive
      ParameterSetName:
      - --source-resource-id --name --endpoint --advanced-filter --advanced-filter
      User-Agent:
      - python/3.7.3 (Windows-10-10.0.18362-SP0) msrest/0.6.6 msrest_azure/0.6.0 azure-mgmt-eventgrid/2.2.0
        Azure-SDK-For-Python AZURECLI/2.0.65
    method: GET
    uri: https://management.azure.com/subscriptions/00000000-0000-0000-0000-000000000000/providers/Microsoft.EventGrid/locations/westcentralus/operationsStatus/EEC317E2-668E-4386-AE1F-333739676D02?api-version=2019-06-01
  response:
    body:
      string: '{"id":"https://management.azure.com/subscriptions/00000000-0000-0000-0000-000000000000/providers/Microsoft.EventGrid/locations/westcentralus/operationsStatus/EEC317E2-668E-4386-AE1F-333739676D02?api-version=2019-06-01","name":"eec317e2-668e-4386-ae1f-333739676d02","status":"Succeeded"}'
    headers:
      cache-control:
      - no-cache
      content-length:
      - '286'
      content-type:
      - application/json; charset=utf-8
      date:
      - Mon, 03 Jun 2019 23:00:12 GMT
      expires:
      - '-1'
      pragma:
      - no-cache
      server:
      - Microsoft-HTTPAPI/2.0
      strict-transport-security:
      - max-age=31536000; includeSubDomains
      transfer-encoding:
      - chunked
      vary:
      - Accept-Encoding
      x-content-type-options:
      - nosniff
    status:
      code: 200
      message: OK
- request:
    body: null
    headers:
      Accept:
      - application/json
      Accept-Encoding:
      - gzip, deflate
      CommandName:
      - eventgrid event-subscription create
      Connection:
      - keep-alive
      ParameterSetName:
      - --source-resource-id --name --endpoint --advanced-filter --advanced-filter
      User-Agent:
      - python/3.7.3 (Windows-10-10.0.18362-SP0) msrest/0.6.6 msrest_azure/0.6.0 azure-mgmt-eventgrid/2.2.0
        Azure-SDK-For-Python AZURECLI/2.0.65
    method: GET
    uri: https://management.azure.com/subscriptions/00000000-0000-0000-0000-000000000000/resourceGroups/clitest.rg000001/providers/Microsoft.EventGrid/topics/cli000002/providers/Microsoft.EventGrid/eventSubscriptions/cli000003?api-version=2019-06-01
  response:
    body:
      string: '{"properties":{"topic":"/subscriptions/00000000-0000-0000-0000-000000000000/resourceGroups/clitest.rg000001/providers/microsoft.eventgrid/topics/cli000002","provisioningState":"Succeeded","destination":{"properties":{"endpointUrl":null,"endpointBaseUrl":"https://devexpfuncappdestination.azurewebsites.net/runtime/webhooks/EventGrid"},"endpointType":"WebHook"},"filter":{"subjectBeginsWith":"","subjectEndsWith":"","advancedFilters":[{"values":[2.0,3.0,4.0,100.0,200.0],"operatorType":"NumberIn","key":"data.key1"},{"values":["2","3","4","100","200"],"operatorType":"StringIn","key":"data.key2"}]},"labels":null,"retryPolicy":{"maxDeliveryAttempts":30,"eventTimeToLiveInMinutes":1440}},"id":"/subscriptions/00000000-0000-0000-0000-000000000000/resourceGroups/clitest.rg000001/providers/Microsoft.EventGrid/topics/cli000002/providers/Microsoft.EventGrid/eventSubscriptions/cli000003","name":"cli000003","type":"Microsoft.EventGrid/eventSubscriptions"}'
    headers:
      cache-control:
      - no-cache
      content-length:
      - '1192'
      content-type:
      - application/json; charset=utf-8
      date:
      - Mon, 03 Jun 2019 23:00:13 GMT
      expires:
      - '-1'
      pragma:
      - no-cache
      server:
      - Microsoft-HTTPAPI/2.0
      strict-transport-security:
      - max-age=31536000; includeSubDomains
      transfer-encoding:
      - chunked
      vary:
      - Accept-Encoding
      x-content-type-options:
      - nosniff
    status:
      code: 200
      message: OK
- request:
    body: null
    headers:
      Accept:
      - application/json
      Accept-Encoding:
      - gzip, deflate
      CommandName:
      - eventgrid event-subscription delete
      Connection:
      - keep-alive
      Content-Length:
      - '0'
      ParameterSetName:
      - --source-resource-id --name
      User-Agent:
      - python/3.7.3 (Windows-10-10.0.18362-SP0) msrest/0.6.6 msrest_azure/0.6.0 azure-mgmt-eventgrid/2.2.0
        Azure-SDK-For-Python AZURECLI/2.0.65
      accept-language:
      - en-US
    method: DELETE
    uri: https://management.azure.com/subscriptions/00000000-0000-0000-0000-000000000000/resourceGroups/clitest.rg000001/providers/Microsoft.EventGrid/topics/cli000002/providers/Microsoft.EventGrid/eventSubscriptions/cli000003?api-version=2019-06-01
  response:
    body:
      string: ''
    headers:
      cache-control:
      - no-cache
      content-length:
      - '0'
      date:
      - Mon, 03 Jun 2019 23:00:14 GMT
      expires:
      - '-1'
      location:
      - https://management.azure.com/subscriptions/00000000-0000-0000-0000-000000000000/providers/Microsoft.EventGrid/locations/westcentralus/operationResults/A8D67DF4-BB35-422E-A728-BD71AF428E93?api-version=2019-06-01
      pragma:
      - no-cache
      server:
      - Microsoft-HTTPAPI/2.0
      strict-transport-security:
      - max-age=31536000; includeSubDomains
      x-content-type-options:
      - nosniff
      x-ms-ratelimit-remaining-subscription-deletes:
      - '14999'
    status:
      code: 202
      message: Accepted
- request:
    body: null
    headers:
      Accept:
      - application/json
      Accept-Encoding:
      - gzip, deflate
      CommandName:
      - eventgrid event-subscription delete
      Connection:
      - keep-alive
      ParameterSetName:
      - --source-resource-id --name
      User-Agent:
      - python/3.7.3 (Windows-10-10.0.18362-SP0) msrest/0.6.6 msrest_azure/0.6.0 azure-mgmt-eventgrid/2.2.0
        Azure-SDK-For-Python AZURECLI/2.0.65
    method: GET
    uri: https://management.azure.com/subscriptions/00000000-0000-0000-0000-000000000000/providers/Microsoft.EventGrid/locations/westcentralus/operationResults/A8D67DF4-BB35-422E-A728-BD71AF428E93?api-version=2019-06-01
  response:
    body:
      string: ''
    headers:
      cache-control:
      - no-cache
      content-length:
      - '0'
      date:
      - Mon, 03 Jun 2019 23:00:25 GMT
      expires:
      - '-1'
      pragma:
      - no-cache
      server:
      - Microsoft-HTTPAPI/2.0
      strict-transport-security:
      - max-age=31536000; includeSubDomains
      x-content-type-options:
      - nosniff
    status:
      code: 200
      message: OK
- request:
    body: null
    headers:
      Accept:
      - application/json
      Accept-Encoding:
      - gzip, deflate
      CommandName:
      - eventgrid topic delete
      Connection:
      - keep-alive
      Content-Length:
      - '0'
      ParameterSetName:
      - --name --resource-group
      User-Agent:
      - python/3.7.3 (Windows-10-10.0.18362-SP0) msrest/0.6.6 msrest_azure/0.6.0 azure-mgmt-eventgrid/2.2.0
        Azure-SDK-For-Python AZURECLI/2.0.65
      accept-language:
      - en-US
    method: DELETE
    uri: https://management.azure.com/subscriptions/00000000-0000-0000-0000-000000000000/resourceGroups/clitest.rg000001/providers/Microsoft.EventGrid/topics/cli000002?api-version=2019-06-01
  response:
    body:
      string: ''
    headers:
      cache-control:
      - no-cache
      content-length:
      - '0'
      date:
      - Mon, 03 Jun 2019 23:00:26 GMT
      expires:
      - '-1'
      location:
      - https://management.azure.com/subscriptions/00000000-0000-0000-0000-000000000000/providers/Microsoft.EventGrid/locations/westcentralus/operationResults/0715C17A-9CC0-4F0C-9857-9301DA5B0077?api-version=2019-06-01
      pragma:
      - no-cache
      server:
      - Microsoft-HTTPAPI/2.0
      strict-transport-security:
      - max-age=31536000; includeSubDomains
      x-content-type-options:
      - nosniff
      x-ms-ratelimit-remaining-subscription-deletes:
      - '14998'
    status:
      code: 202
      message: Accepted
- request:
    body: null
    headers:
      Accept:
      - application/json
      Accept-Encoding:
      - gzip, deflate
      CommandName:
      - eventgrid topic delete
      Connection:
      - keep-alive
      ParameterSetName:
      - --name --resource-group
      User-Agent:
      - python/3.7.3 (Windows-10-10.0.18362-SP0) msrest/0.6.6 msrest_azure/0.6.0 azure-mgmt-eventgrid/2.2.0
        Azure-SDK-For-Python AZURECLI/2.0.65
    method: GET
    uri: https://management.azure.com/subscriptions/00000000-0000-0000-0000-000000000000/providers/Microsoft.EventGrid/locations/westcentralus/operationResults/0715C17A-9CC0-4F0C-9857-9301DA5B0077?api-version=2019-06-01
  response:
    body:
      string: ''
    headers:
      cache-control:
      - no-cache
      content-length:
      - '0'
      date:
      - Mon, 03 Jun 2019 23:00:36 GMT
      expires:
      - '-1'
      pragma:
      - no-cache
      server:
      - Microsoft-HTTPAPI/2.0
      strict-transport-security:
      - max-age=31536000; includeSubDomains
      x-content-type-options:
      - nosniff
    status:
      code: 200
      message: OK
- request:
    body: null
    headers:
      Accept:
      - application/json
      Accept-Encoding:
      - gzip, deflate
      CommandName:
      - group delete
      Connection:
      - keep-alive
      Content-Length:
      - '0'
      ParameterSetName:
      - --name --yes --no-wait
      User-Agent:
      - python/3.7.3 (Windows-10-10.0.18362-SP0) msrest/0.6.6 msrest_azure/0.6.0 resourcemanagementclient/2.1.0
        Azure-SDK-For-Python AZURECLI/2.0.65
      accept-language:
      - en-US
    method: DELETE
    uri: https://management.azure.com/subscriptions/00000000-0000-0000-0000-000000000000/resourcegroups/clitest.rg000001?api-version=2018-05-01
  response:
    body:
      string: ''
    headers:
      cache-control:
      - no-cache
      content-length:
      - '0'
      date:
      - Mon, 03 Jun 2019 23:00:37 GMT
      expires:
      - '-1'
      location:
      - https://management.azure.com/subscriptions/00000000-0000-0000-0000-000000000000/operationresults/eyJqb2JJZCI6IlJFU09VUkNFR1JPVVBERUxFVElPTkpPQi1DTElURVNUOjJFUkc2T1BaUktEUFA0WTVBRzJZR1dIVDVSUUg1TlhTQTc1TkhHTHwyNDQ0MTIwNUI1MTg4RUQ1LVdFU1RVUyIsImpvYkxvY2F0aW9uIjoid2VzdHVzIn0?api-version=2018-05-01
      pragma:
      - no-cache
      strict-transport-security:
      - max-age=31536000; includeSubDomains
      x-content-type-options:
      - nosniff
      x-ms-ratelimit-remaining-subscription-deletes:
      - '14998'
    status:
      code: 202
      message: Accepted
version: 1
