interactions:
- request:
    body: '{"location": "westus", "tags": {"use": "az-test"}}'
    headers:
      Accept: [application/json]
      Accept-Encoding: ['gzip, deflate']
      CommandName: [unknown]
      Connection: [keep-alive]
      Content-Length: ['50']
      Content-Type: [application/json; charset=utf-8]
      User-Agent: [python/3.6.3 (Darwin-17.2.0-x86_64-i386-64bit) requests/2.18.4
          msrest/0.4.19 msrest_azure/0.4.18 resourcemanagementclient/1.2.1 Azure-SDK-For-Python
          AZURECLI/2.0.22]
      accept-language: [en-US]
    method: PUT
    uri: https://management.azure.com/subscriptions/00000000-0000-0000-0000-000000000000/resourcegroups/clitest.rg000001?api-version=2017-05-10
  response:
    body: {string: '{"id":"/subscriptions/00000000-0000-0000-0000-000000000000/resourceGroups/clitest.rg000001","name":"clitest.rg000001","location":"westus","tags":{"use":"az-test"},"properties":{"provisioningState":"Succeeded"}}'}
    headers:
      cache-control: [no-cache]
      content-length: ['328']
      content-type: [application/json; charset=utf-8]
      date: ['Wed, 06 Dec 2017 01:28:19 GMT']
      expires: ['-1']
      pragma: [no-cache]
      strict-transport-security: [max-age=31536000; includeSubDomains]
      x-ms-ratelimit-remaining-subscription-writes: ['1199']
    status: {code: 201, message: Created}
- request:
    body: '{"sku": {"name": "S0"}, "kind": "Face", "location": "westeurope", "properties":
      {}}'
    headers:
      Accept: [application/json]
      Accept-Encoding: ['gzip, deflate']
      CommandName: [unknown]
      Connection: [keep-alive]
      Content-Length: ['83']
      Content-Type: [application/json; charset=utf-8]
      User-Agent: [python/3.6.3 (Darwin-17.2.0-x86_64-i386-64bit) requests/2.18.4
          msrest/0.4.19 msrest_azure/0.4.18 cognitiveservicesmanagementclient/1.0.0
          Azure-SDK-For-Python AZURECLI/2.0.22]
      accept-language: [en-US]
    method: PUT
    uri: https://management.azure.com/subscriptions/00000000-0000-0000-0000-000000000000/resourceGroups/clitest.rg000001/providers/Microsoft.CognitiveServices/accounts/cog000002?api-version=2017-04-18
  response:
    body: {string: '{"id":"/subscriptions/00000000-0000-0000-0000-000000000000/resourceGroups/clitest.rg000001/providers/Microsoft.CognitiveServices/accounts/cog000002","name":"cog000002","type":"Microsoft.CognitiveServices/accounts","etag":"\"02000c89-0000-0000-0000-5a2747b60000\"","location":"westeurope","sku":{"name":"S0"},"kind":"Face","properties":{"endpoint":"https://westeurope.api.cognitive.microsoft.com/face/v1.0","internalId":"364dfbcf164544df8ac488153ec7d98a","dateCreated":"2017-12-06T01:28:22.6557384Z","provisioningState":"Succeeded"}}'}
    headers:
      cache-control: [no-cache]
      content-length: ['597']
      content-type: [application/json; charset=utf-8]
      date: ['Wed, 06 Dec 2017 01:28:22 GMT']
      etag: ['"02000c89-0000-0000-0000-5a2747b60000"']
      expires: ['-1']
      pragma: [no-cache]
      server: [Microsoft-IIS/10.0]
      strict-transport-security: [max-age=31536000; includeSubDomains]
      x-aspnet-version: [4.0.30319]
      x-ms-ratelimit-remaining-subscription-writes: ['1199']
      x-powered-by: [ASP.NET]
    status: {code: 201, message: Created}
- request:
    body: null
    headers:
      Accept: [application/json]
      Accept-Encoding: ['gzip, deflate']
      CommandName: [unknown]
      Connection: [keep-alive]
      Content-Type: [application/json; charset=utf-8]
      User-Agent: [python/3.6.3 (Darwin-17.2.0-x86_64-i386-64bit) requests/2.18.4
          msrest/0.4.19 msrest_azure/0.4.18 cognitiveservicesmanagementclient/1.0.0
          Azure-SDK-For-Python AZURECLI/2.0.22]
      accept-language: [en-US]
    method: GET
    uri: https://management.azure.com/subscriptions/00000000-0000-0000-0000-000000000000/resourceGroups/clitest.rg000001/providers/Microsoft.CognitiveServices/accounts/cog000002?api-version=2017-04-18
  response:
    body: {string: '{"id":"/subscriptions/00000000-0000-0000-0000-000000000000/resourceGroups/clitest.rg000001/providers/Microsoft.CognitiveServices/accounts/cog000002","name":"cog000002","type":"Microsoft.CognitiveServices/accounts","etag":"\"02000c89-0000-0000-0000-5a2747b60000\"","location":"westeurope","sku":{"name":"S0"},"kind":"Face","properties":{"endpoint":"https://westeurope.api.cognitive.microsoft.com/face/v1.0","internalId":"364dfbcf164544df8ac488153ec7d98a","dateCreated":"2017-12-06T01:28:22.6557384Z","provisioningState":"Succeeded"}}'}
    headers:
      cache-control: [no-cache]
      content-length: ['597']
      content-type: [application/json; charset=utf-8]
      date: ['Wed, 06 Dec 2017 01:28:23 GMT']
      etag: ['"02000c89-0000-0000-0000-5a2747b60000"']
      expires: ['-1']
      pragma: [no-cache]
      server: [Microsoft-IIS/10.0]
      strict-transport-security: [max-age=31536000; includeSubDomains]
      transfer-encoding: [chunked]
      vary: [Accept-Encoding]
      x-aspnet-version: [4.0.30319]
      x-powered-by: [ASP.NET]
    status: {code: 200, message: OK}
- request:
    body: 'b''b\''{"sku": {"name": "S0"}, "tags": {"tagname000003": "tagvalue000004"}}\'''''
    headers:
      Accept: [application/json]
      Accept-Encoding: ['gzip, deflate']
      CommandName: [unknown]
      Connection: [keep-alive]
      Content-Length: ['71']
      Content-Type: [application/json; charset=utf-8]
      User-Agent: [python/3.6.3 (Darwin-17.2.0-x86_64-i386-64bit) requests/2.18.4
          msrest/0.4.19 msrest_azure/0.4.18 cognitiveservicesmanagementclient/1.0.0
          Azure-SDK-For-Python AZURECLI/2.0.22]
      accept-language: [en-US]
    method: PATCH
    uri: https://management.azure.com/subscriptions/00000000-0000-0000-0000-000000000000/resourceGroups/clitest.rg000001/providers/Microsoft.CognitiveServices/accounts/cog000002?api-version=2017-04-18
  response:
    body: {string: '{"id":"/subscriptions/00000000-0000-0000-0000-000000000000/resourceGroups/clitest.rg000001/providers/Microsoft.CognitiveServices/accounts/cog000002","name":"cog000002","type":"Microsoft.CognitiveServices/accounts","etag":"\"02001089-0000-0000-0000-5a2747b90000\"","location":"westeurope","sku":{"name":"S0"},"kind":"Face","tags":{"tagname000003":"tagvalue000004"},"properties":{"endpoint":"https://westeurope.api.cognitive.microsoft.com/face/v1.0","provisioningState":"Succeeded","internalId":"364dfbcf164544df8ac488153ec7d98a","dateCreated":"2017-12-06T01:28:22.6557384Z"}}'}
    headers:
      cache-control: [no-cache]
      content-length: ['642']
      content-type: [application/json; charset=utf-8]
      date: ['Wed, 06 Dec 2017 01:28:25 GMT']
      etag: ['"02001089-0000-0000-0000-5a2747b90000"']
      expires: ['-1']
      pragma: [no-cache]
      server: [Microsoft-IIS/10.0]
      strict-transport-security: [max-age=31536000; includeSubDomains]
      transfer-encoding: [chunked]
      vary: [Accept-Encoding]
      x-aspnet-version: [4.0.30319]
      x-ms-ratelimit-remaining-subscription-writes: ['1199']
      x-powered-by: [ASP.NET]
    status: {code: 200, message: OK}
- request:
    body: null
    headers:
      Accept: [application/json]
      Accept-Encoding: ['gzip, deflate']
      CommandName: [unknown]
      Connection: [keep-alive]
      Content-Length: ['0']
      Content-Type: [application/json; charset=utf-8]
      User-Agent: [python/3.6.3 (Darwin-17.2.0-x86_64-i386-64bit) requests/2.18.4
          msrest/0.4.19 msrest_azure/0.4.18 cognitiveservicesmanagementclient/1.0.0
          Azure-SDK-For-Python AZURECLI/2.0.22]
      accept-language: [en-US]
    method: POST
    uri: https://management.azure.com/subscriptions/00000000-0000-0000-0000-000000000000/resourceGroups/clitest.rg000001/providers/Microsoft.CognitiveServices/accounts/cog000002/listKeys?api-version=2017-04-18
  response:
    body: {string: '{"key1":"aecaba74aac041679ce7b092ad0b42ef","key2":"c4266e5818d34421866849fa7d973943"}'}
    headers:
      cache-control: [no-cache]
      content-length: ['85']
      content-type: [application/json; charset=utf-8]
      date: ['Wed, 06 Dec 2017 01:28:26 GMT']
      expires: ['-1']
      pragma: [no-cache]
      server: [Microsoft-IIS/10.0]
      strict-transport-security: [max-age=31536000; includeSubDomains]
      transfer-encoding: [chunked]
      vary: [Accept-Encoding]
      x-aspnet-version: [4.0.30319]
      x-ms-ratelimit-remaining-subscription-writes: ['1199']
      x-powered-by: [ASP.NET]
    status: {code: 200, message: OK}
- request:
    body: '{"keyName": "Key1"}'
    headers:
      Accept: [application/json]
      Accept-Encoding: ['gzip, deflate']
      CommandName: [unknown]
      Connection: [keep-alive]
      Content-Length: ['19']
      Content-Type: [application/json; charset=utf-8]
      User-Agent: [python/3.6.3 (Darwin-17.2.0-x86_64-i386-64bit) requests/2.18.4
          msrest/0.4.19 msrest_azure/0.4.18 cognitiveservicesmanagementclient/1.0.0
          Azure-SDK-For-Python AZURECLI/2.0.22]
      accept-language: [en-US]
    method: POST
    uri: https://management.azure.com/subscriptions/00000000-0000-0000-0000-000000000000/resourceGroups/clitest.rg000001/providers/Microsoft.CognitiveServices/accounts/cog000002/regenerateKey?api-version=2017-04-18
  response:
    body: {string: '{"key1":"4d8b275fc41f483eb888fdbb743be257","key2":"c4266e5818d34421866849fa7d973943"}'}
    headers:
      cache-control: [no-cache]
      content-length: ['85']
      content-type: [application/json; charset=utf-8]
      date: ['Wed, 06 Dec 2017 01:28:28 GMT']
      expires: ['-1']
      pragma: [no-cache]
      server: [Microsoft-IIS/10.0]
      strict-transport-security: [max-age=31536000; includeSubDomains]
      transfer-encoding: [chunked]
      vary: [Accept-Encoding]
      x-aspnet-version: [4.0.30319]
      x-ms-ratelimit-remaining-subscription-writes: ['1199']
      x-powered-by: [ASP.NET]
    status: {code: 200, message: OK}
- request:
    body: null
    headers:
      Accept: [application/json]
      Accept-Encoding: ['gzip, deflate']
      CommandName: [unknown]
      Connection: [keep-alive]
      Content-Type: [application/json; charset=utf-8]
      User-Agent: [python/3.6.3 (Darwin-17.2.0-x86_64-i386-64bit) requests/2.18.4
          msrest/0.4.19 msrest_azure/0.4.18 cognitiveservicesmanagementclient/1.0.0
          Azure-SDK-For-Python AZURECLI/2.0.22]
      accept-language: [en-US]
    method: GET
    uri: https://management.azure.com/subscriptions/00000000-0000-0000-0000-000000000000/resourceGroups/clitest.rg000001/providers/Microsoft.CognitiveServices/accounts?api-version=2017-04-18
  response:
    body: {string: '{"value":[{"id":"/subscriptions/00000000-0000-0000-0000-000000000000/resourceGroups/clitest.rg000001/providers/Microsoft.CognitiveServices/accounts/cog000002","name":"cog000002","type":"Microsoft.CognitiveServices/accounts","etag":"\"02001589-0000-0000-0000-5a2747bc0000\"","location":"westeurope","sku":{"name":"S0"},"kind":"Face","tags":{"tagname000003":"tagvalue000004"},"properties":{"endpoint":"https://westeurope.api.cognitive.microsoft.com/face/v1.0","provisioningState":"Succeeded","internalId":"364dfbcf164544df8ac488153ec7d98a","dateCreated":"2017-12-06T01:28:22.6557384Z"}}]}'}
    headers:
      cache-control: [no-cache]
      content-length: ['654']
      content-type: [application/json; charset=utf-8]
      date: ['Wed, 06 Dec 2017 01:28:30 GMT']
      expires: ['-1']
      pragma: [no-cache]
      server: [Microsoft-IIS/10.0]
      strict-transport-security: [max-age=31536000; includeSubDomains]
      transfer-encoding: [chunked]
      vary: [Accept-Encoding]
      x-aspnet-version: [4.0.30319]
      x-powered-by: [ASP.NET]
    status: {code: 200, message: OK}
- request:
    body: null
    headers:
      Accept: [application/json]
      Accept-Encoding: ['gzip, deflate']
      CommandName: [unknown]
      Connection: [keep-alive]
      Content-Length: ['0']
      Content-Type: [application/json; charset=utf-8]
      User-Agent: [python/3.6.3 (Darwin-17.2.0-x86_64-i386-64bit) requests/2.18.4
          msrest/0.4.19 msrest_azure/0.4.18 cognitiveservicesmanagementclient/1.0.0
          Azure-SDK-For-Python AZURECLI/2.0.22]
      accept-language: [en-US]
    method: DELETE
    uri: https://management.azure.com/subscriptions/00000000-0000-0000-0000-000000000000/resourceGroups/clitest.rg000001/providers/Microsoft.CognitiveServices/accounts/cog000002?api-version=2017-04-18
  response:
    body: {string: ''}
    headers:
      cache-control: [no-cache]
      content-length: ['0']
      date: ['Wed, 06 Dec 2017 01:28:32 GMT']
      expires: ['-1']
      pragma: [no-cache]
      server: [Microsoft-IIS/10.0]
      strict-transport-security: [max-age=31536000; includeSubDomains]
      x-aspnet-version: [4.0.30319]
      x-ms-ratelimit-remaining-subscription-writes: ['1199']
      x-powered-by: [ASP.NET]
    status: {code: 200, message: OK}
- request:
    body: null
    headers:
      Accept: [application/json]
      Accept-Encoding: ['gzip, deflate']
      CommandName: [unknown]
      Connection: [keep-alive]
      Content-Length: ['0']
      Content-Type: [application/json; charset=utf-8]
      User-Agent: [python/3.6.3 (Darwin-17.2.0-x86_64-i386-64bit) requests/2.18.4
          msrest/0.4.19 msrest_azure/0.4.18 resourcemanagementclient/1.2.1 Azure-SDK-For-Python
          AZURECLI/2.0.22]
      accept-language: [en-US]
    method: DELETE
    uri: https://management.azure.com/subscriptions/00000000-0000-0000-0000-000000000000/resourcegroups/clitest.rg000001?api-version=2017-05-10
  response:
    body: {string: ''}
    headers:
      cache-control: [no-cache]
      content-length: ['0']
      date: ['Wed, 06 Dec 2017 01:28:34 GMT']
      expires: ['-1']
      location: ['https://management.azure.com/subscriptions/00000000-0000-0000-0000-000000000000/operationresults/eyJqb2JJZCI6IlJFU09VUkNFR1JPVVBERUxFVElPTkpPQi1DTElURVNUOjJFUkc3Vk5XVjdHWERGQ1o2WTVHNU82U1VJV0NaSENPQkwzUzJZV3xFQTNFRDQ2MDhEMkJFQjM1LVdFU1RVUyIsImpvYkxvY2F0aW9uIjoid2VzdHVzIn0?api-version=2017-05-10']
      pragma: [no-cache]
      strict-transport-security: [max-age=31536000; includeSubDomains]
      x-ms-ratelimit-remaining-subscription-writes: ['1199']
    status: {code: 202, message: Accepted}
version: 1
