interactions:
- request:
    body: '{"location": "westus", "tags": {"product": "azurecli", "cause": "automation",
      "date": "2019-04-16T17:18:04Z"}}'
    headers:
      Accept:
      - application/json
      Accept-Encoding:
      - gzip, deflate
      CommandName:
      - group create
      Connection:
      - keep-alive
      Content-Length:
      - '110'
      Content-Type:
      - application/json; charset=utf-8
      ParameterSetName:
      - --location --name --tag
      User-Agent:
      - python/3.7.2 (Darwin-18.5.0-x86_64-i386-64bit) msrest/0.6.6 msrest_azure/0.6.0
        resourcemanagementclient/2.1.0 Azure-SDK-For-Python AZURECLI/2.0.62
      accept-language:
      - en-US
    method: PUT
    uri: https://management.azure.com/subscriptions/00000000-0000-0000-0000-000000000000/resourcegroups/cli_test_resource_link_scenario000001?api-version=2018-05-01
  response:
    body:
      string: '{"id":"/subscriptions/00000000-0000-0000-0000-000000000000/resourceGroups/cli_test_resource_link_scenario000001","name":"cli_test_resource_link_scenario000001","location":"westus","tags":{"product":"azurecli","cause":"automation","date":"2019-04-16T17:18:04Z"},"properties":{"provisioningState":"Succeeded"}}'
    headers:
      cache-control:
      - no-cache
      content-length:
      - '384'
      content-type:
      - application/json; charset=utf-8
      date:
      - Tue, 16 Apr 2019 17:18:05 GMT
      expires:
      - '-1'
      pragma:
      - no-cache
      strict-transport-security:
      - max-age=31536000; includeSubDomains
      x-content-type-options:
      - nosniff
      x-ms-ratelimit-remaining-subscription-writes:
      - '1198'
    status:
      code: 201
      message: Created
- request:
    body: null
    headers:
      Accept:
      - application/json
      Accept-Encoding:
      - gzip, deflate
      CommandName:
      - network vnet create
      Connection:
      - keep-alive
      ParameterSetName:
      - -g -n
      User-Agent:
      - python/3.7.2 (Darwin-18.5.0-x86_64-i386-64bit) msrest/0.6.6 msrest_azure/0.6.0
        resourcemanagementclient/2.1.0 Azure-SDK-For-Python AZURECLI/2.0.62
      accept-language:
      - en-US
    method: GET
    uri: https://management.azure.com/subscriptions/00000000-0000-0000-0000-000000000000/resourcegroups/cli_test_resource_link_scenario000001?api-version=2018-05-01
  response:
    body:
      string: '{"id":"/subscriptions/00000000-0000-0000-0000-000000000000/resourceGroups/cli_test_resource_link_scenario000001","name":"cli_test_resource_link_scenario000001","location":"westus","tags":{"product":"azurecli","cause":"automation","date":"2019-04-16T17:18:04Z"},"properties":{"provisioningState":"Succeeded"}}'
    headers:
      cache-control:
      - no-cache
      content-length:
      - '384'
      content-type:
      - application/json; charset=utf-8
      date:
      - Tue, 16 Apr 2019 17:18:05 GMT
      expires:
      - '-1'
      pragma:
      - no-cache
      strict-transport-security:
      - max-age=31536000; includeSubDomains
      vary:
      - Accept-Encoding
      x-content-type-options:
      - nosniff
    status:
      code: 200
      message: OK
- request:
    body: '{"location": "westus", "tags": {}, "properties": {"addressSpace": {"addressPrefixes":
      ["10.0.0.0/16"]}, "dhcpOptions": {}}}'
    headers:
      Accept:
      - application/json
      Accept-Encoding:
      - gzip, deflate
      CommandName:
      - network vnet create
      Connection:
      - keep-alive
      Content-Length:
      - '123'
      Content-Type:
      - application/json; charset=utf-8
      ParameterSetName:
      - -g -n
      User-Agent:
      - python/3.7.2 (Darwin-18.5.0-x86_64-i386-64bit) msrest/0.6.6 msrest_azure/0.6.0
        networkmanagementclient/2.6.0 Azure-SDK-For-Python AZURECLI/2.0.62
      accept-language:
      - en-US
    method: PUT
    uri: https://management.azure.com/subscriptions/00000000-0000-0000-0000-000000000000/resourceGroups/cli_test_resource_link_scenario000001/providers/Microsoft.Network/virtualNetworks/vnet1?api-version=2018-12-01
  response:
    body:
      string: "{\r\n  \"name\": \"vnet1\",\r\n  \"id\": \"/subscriptions/00000000-0000-0000-0000-000000000000/resourceGroups/cli_test_resource_link_scenario000001/providers/Microsoft.Network/virtualNetworks/vnet1\",\r\n
        \ \"etag\": \"W/\\\"8ccade7c-a217-41b0-81f4-18350c8ef727\\\"\",\r\n  \"type\":
        \"Microsoft.Network/virtualNetworks\",\r\n  \"location\": \"westus\",\r\n
        \ \"tags\": {},\r\n  \"properties\": {\r\n    \"provisioningState\": \"Updating\",\r\n
        \   \"resourceGuid\": \"2430f9b3-5007-48f6-b00a-b342a34a779d\",\r\n    \"addressSpace\":
        {\r\n      \"addressPrefixes\": [\r\n        \"10.0.0.0/16\"\r\n      ]\r\n
        \   },\r\n    \"dhcpOptions\": {\r\n      \"dnsServers\": []\r\n    },\r\n
        \   \"subnets\": [],\r\n    \"virtualNetworkPeerings\": [],\r\n    \"enableDdosProtection\":
        false,\r\n    \"enableVmProtection\": false\r\n  }\r\n}"
    headers:
      azure-asyncoperation:
      - https://management.azure.com/subscriptions/00000000-0000-0000-0000-000000000000/providers/Microsoft.Network/locations/westus/operations/9ff5141a-b371-4817-a972-ded8d1afae61?api-version=2018-12-01
      cache-control:
      - no-cache
      content-length:
      - '766'
      content-type:
      - application/json; charset=utf-8
      date:
      - Tue, 16 Apr 2019 17:18:06 GMT
      expires:
      - '-1'
      pragma:
      - no-cache
      server:
      - Microsoft-HTTPAPI/2.0
      - Microsoft-HTTPAPI/2.0
      strict-transport-security:
      - max-age=31536000; includeSubDomains
      x-content-type-options:
      - nosniff
      x-ms-ratelimit-remaining-subscription-writes:
      - '1192'
    status:
      code: 201
      message: Created
- request:
    body: null
    headers:
      Accept:
      - application/json
      Accept-Encoding:
      - gzip, deflate
      CommandName:
      - network vnet create
      Connection:
      - keep-alive
      ParameterSetName:
      - -g -n
      User-Agent:
      - python/3.7.2 (Darwin-18.5.0-x86_64-i386-64bit) msrest/0.6.6 msrest_azure/0.6.0
        networkmanagementclient/2.6.0 Azure-SDK-For-Python AZURECLI/2.0.62
    method: GET
    uri: https://management.azure.com/subscriptions/00000000-0000-0000-0000-000000000000/providers/Microsoft.Network/locations/westus/operations/9ff5141a-b371-4817-a972-ded8d1afae61?api-version=2018-12-01
  response:
    body:
      string: "{\r\n  \"status\": \"Succeeded\"\r\n}"
    headers:
      cache-control:
      - no-cache
      content-length:
      - '29'
      content-type:
      - application/json; charset=utf-8
      date:
      - Tue, 16 Apr 2019 17:18:09 GMT
      expires:
      - '-1'
      pragma:
      - no-cache
      server:
      - Microsoft-HTTPAPI/2.0
      - Microsoft-HTTPAPI/2.0
      strict-transport-security:
      - max-age=31536000; includeSubDomains
      transfer-encoding:
      - chunked
      vary:
      - Accept-Encoding
      x-content-type-options:
      - nosniff
    status:
      code: 200
      message: OK
- request:
    body: null
    headers:
      Accept:
      - application/json
      Accept-Encoding:
      - gzip, deflate
      CommandName:
      - network vnet create
      Connection:
      - keep-alive
      ParameterSetName:
      - -g -n
      User-Agent:
      - python/3.7.2 (Darwin-18.5.0-x86_64-i386-64bit) msrest/0.6.6 msrest_azure/0.6.0
        networkmanagementclient/2.6.0 Azure-SDK-For-Python AZURECLI/2.0.62
    method: GET
    uri: https://management.azure.com/subscriptions/00000000-0000-0000-0000-000000000000/resourceGroups/cli_test_resource_link_scenario000001/providers/Microsoft.Network/virtualNetworks/vnet1?api-version=2018-12-01
  response:
    body:
      string: "{\r\n  \"name\": \"vnet1\",\r\n  \"id\": \"/subscriptions/00000000-0000-0000-0000-000000000000/resourceGroups/cli_test_resource_link_scenario000001/providers/Microsoft.Network/virtualNetworks/vnet1\",\r\n
        \ \"etag\": \"W/\\\"47311ed3-a350-4703-adae-bd29b79d7b88\\\"\",\r\n  \"type\":
        \"Microsoft.Network/virtualNetworks\",\r\n  \"location\": \"westus\",\r\n
        \ \"tags\": {},\r\n  \"properties\": {\r\n    \"provisioningState\": \"Succeeded\",\r\n
        \   \"resourceGuid\": \"2430f9b3-5007-48f6-b00a-b342a34a779d\",\r\n    \"addressSpace\":
        {\r\n      \"addressPrefixes\": [\r\n        \"10.0.0.0/16\"\r\n      ]\r\n
        \   },\r\n    \"dhcpOptions\": {\r\n      \"dnsServers\": []\r\n    },\r\n
        \   \"subnets\": [],\r\n    \"virtualNetworkPeerings\": [],\r\n    \"enableDdosProtection\":
        false,\r\n    \"enableVmProtection\": false\r\n  }\r\n}"
    headers:
      cache-control:
      - no-cache
      content-length:
      - '767'
      content-type:
      - application/json; charset=utf-8
      date:
      - Tue, 16 Apr 2019 17:18:10 GMT
      etag:
      - W/"47311ed3-a350-4703-adae-bd29b79d7b88"
      expires:
      - '-1'
      pragma:
      - no-cache
      server:
      - Microsoft-HTTPAPI/2.0
      - Microsoft-HTTPAPI/2.0
      strict-transport-security:
      - max-age=31536000; includeSubDomains
      transfer-encoding:
      - chunked
      vary:
      - Accept-Encoding
      x-content-type-options:
      - nosniff
    status:
      code: 200
      message: OK
- request:
    body: null
    headers:
      Accept:
      - application/json
      Accept-Encoding:
      - gzip, deflate
      CommandName:
      - network vnet show
      Connection:
      - keep-alive
      ParameterSetName:
      - -g -n
      User-Agent:
      - python/3.7.2 (Darwin-18.5.0-x86_64-i386-64bit) msrest/0.6.6 msrest_azure/0.6.0
        networkmanagementclient/2.6.0 Azure-SDK-For-Python AZURECLI/2.0.62
      accept-language:
      - en-US
    method: GET
    uri: https://management.azure.com/subscriptions/00000000-0000-0000-0000-000000000000/resourceGroups/cli_test_resource_link_scenario000001/providers/Microsoft.Network/virtualNetworks/vnet1?api-version=2018-12-01
  response:
    body:
      string: "{\r\n  \"name\": \"vnet1\",\r\n  \"id\": \"/subscriptions/00000000-0000-0000-0000-000000000000/resourceGroups/cli_test_resource_link_scenario000001/providers/Microsoft.Network/virtualNetworks/vnet1\",\r\n
        \ \"etag\": \"W/\\\"47311ed3-a350-4703-adae-bd29b79d7b88\\\"\",\r\n  \"type\":
        \"Microsoft.Network/virtualNetworks\",\r\n  \"location\": \"westus\",\r\n
        \ \"tags\": {},\r\n  \"properties\": {\r\n    \"provisioningState\": \"Succeeded\",\r\n
        \   \"resourceGuid\": \"2430f9b3-5007-48f6-b00a-b342a34a779d\",\r\n    \"addressSpace\":
        {\r\n      \"addressPrefixes\": [\r\n        \"10.0.0.0/16\"\r\n      ]\r\n
        \   },\r\n    \"dhcpOptions\": {\r\n      \"dnsServers\": []\r\n    },\r\n
        \   \"subnets\": [],\r\n    \"virtualNetworkPeerings\": [],\r\n    \"enableDdosProtection\":
        false,\r\n    \"enableVmProtection\": false\r\n  }\r\n}"
    headers:
      cache-control:
      - no-cache
      content-length:
      - '767'
      content-type:
      - application/json; charset=utf-8
      date:
      - Tue, 16 Apr 2019 17:18:10 GMT
      etag:
      - W/"47311ed3-a350-4703-adae-bd29b79d7b88"
      expires:
      - '-1'
      pragma:
      - no-cache
      server:
      - Microsoft-HTTPAPI/2.0
      - Microsoft-HTTPAPI/2.0
      strict-transport-security:
      - max-age=31536000; includeSubDomains
      transfer-encoding:
      - chunked
      vary:
      - Accept-Encoding
      x-content-type-options:
      - nosniff
    status:
      code: 200
      message: OK
- request:
    body: null
    headers:
      Accept:
      - application/json
      Accept-Encoding:
      - gzip, deflate
      CommandName:
      - group show
      Connection:
      - keep-alive
      ParameterSetName:
      - -g
      User-Agent:
      - python/3.7.2 (Darwin-18.5.0-x86_64-i386-64bit) msrest/0.6.6 msrest_azure/0.6.0
        resourcemanagementclient/2.1.0 Azure-SDK-For-Python AZURECLI/2.0.62
      accept-language:
      - en-US
    method: GET
    uri: https://management.azure.com/subscriptions/00000000-0000-0000-0000-000000000000/resourcegroups/cli_test_resource_link_scenario000001?api-version=2018-05-01
  response:
    body:
      string: '{"id":"/subscriptions/00000000-0000-0000-0000-000000000000/resourceGroups/cli_test_resource_link_scenario000001","name":"cli_test_resource_link_scenario000001","location":"westus","tags":{"product":"azurecli","cause":"automation","date":"2019-04-16T17:18:04Z"},"properties":{"provisioningState":"Succeeded"}}'
    headers:
      cache-control:
      - no-cache
      content-length:
      - '384'
      content-type:
      - application/json; charset=utf-8
      date:
      - Tue, 16 Apr 2019 17:18:11 GMT
      expires:
      - '-1'
      pragma:
      - no-cache
      strict-transport-security:
      - max-age=31536000; includeSubDomains
      vary:
      - Accept-Encoding
      x-content-type-options:
      - nosniff
    status:
      code: 200
      message: OK
- request:
    body: 'b''{"properties": {"targetId": "/subscriptions/00000000-0000-0000-0000-000000000000/resourceGroups/cli_test_resource_link_scenario000001/providers/Microsoft.Network/virtualNetworks/vnet1",
      "notes": "blah notes"}}'''
    headers:
      Accept:
      - application/json
      Accept-Encoding:
      - gzip, deflate
      CommandName:
      - resource link create
      Connection:
      - keep-alive
      Content-Length:
      - '247'
      Content-Type:
      - application/json; charset=utf-8
      ParameterSetName:
      - --link --target --notes
      User-Agent:
      - python/3.7.2 (Darwin-18.5.0-x86_64-i386-64bit) msrest/0.6.6 msrest_azure/0.6.0
        managementlinkclient/2.1.0 Azure-SDK-For-Python AZURECLI/2.0.62
      accept-language:
      - en-US
    method: PUT
    uri: https://management.azure.com/subscriptions/00000000-0000-0000-0000-000000000000/resourceGroups/cli_test_resource_link_scenario000001/providers/Microsoft.Resources/links/link1?api-version=2016-09-01
  response:
    body:
      string: '{"properties":{"sourceId":"/subscriptions/00000000-0000-0000-0000-000000000000/resourceGroups/cli_test_resource_link_scenario000001/","targetId":"/subscriptions/00000000-0000-0000-0000-000000000000/resourceGroups/cli_test_resource_link_scenario000001/providers/Microsoft.Network/virtualNetworks/vnet1/","notes":"blah
        notes"},"id":"/subscriptions/00000000-0000-0000-0000-000000000000/resourceGroups/cli_test_resource_link_scenario000001/providers/Microsoft.Resources/links/link1","type":"Microsoft.Resources/links","name":"link1"}'
    headers:
      cache-control:
      - no-cache
      content-length:
      - '643'
      content-type:
      - application/json; charset=utf-8
      date:
      - Tue, 16 Apr 2019 17:18:11 GMT
      expires:
      - '-1'
      pragma:
      - no-cache
      strict-transport-security:
      - max-age=31536000; includeSubDomains
      x-content-type-options:
      - nosniff
      x-ms-ratelimit-remaining-subscription-writes:
      - '1194'
    status:
      code: 201
      message: Created
- request:
    body: null
    headers:
      Accept:
      - application/json
      Accept-Encoding:
      - gzip, deflate
      CommandName:
      - resource link show
      Connection:
      - keep-alive
      ParameterSetName:
      - --link
      User-Agent:
      - python/3.7.2 (Darwin-18.5.0-x86_64-i386-64bit) msrest/0.6.6 msrest_azure/0.6.0
        managementlinkclient/2.1.0 Azure-SDK-For-Python AZURECLI/2.0.62
      accept-language:
      - en-US
    method: GET
    uri: https://management.azure.com/subscriptions/00000000-0000-0000-0000-000000000000/resourceGroups/cli_test_resource_link_scenario000001/providers/Microsoft.Resources/links/link1?api-version=2016-09-01
  response:
    body:
      string: '{"properties":{"sourceId":"/subscriptions/00000000-0000-0000-0000-000000000000/resourceGroups/cli_test_resource_link_scenario000001/","targetId":"/subscriptions/00000000-0000-0000-0000-000000000000/resourceGroups/cli_test_resource_link_scenario000001/providers/Microsoft.Network/virtualNetworks/vnet1/","notes":"blah
        notes"},"id":"/subscriptions/00000000-0000-0000-0000-000000000000/resourceGroups/cli_test_resource_link_scenario000001/providers/Microsoft.Resources/links/link1","type":"Microsoft.Resources/links","name":"link1"}'
    headers:
      cache-control:
      - no-cache
      content-length:
      - '643'
      content-type:
      - application/json; charset=utf-8
      date:
      - Tue, 16 Apr 2019 17:18:12 GMT
      expires:
      - '-1'
      pragma:
      - no-cache
      strict-transport-security:
      - max-age=31536000; includeSubDomains
      transfer-encoding:
      - chunked
      vary:
      - Accept-Encoding,Accept-Encoding
      x-content-type-options:
      - nosniff
    status:
      code: 200
      message: OK
- request:
    body: null
    headers:
      Accept:
      - application/json
      Accept-Encoding:
      - gzip, deflate
      CommandName:
      - resource link update
      Connection:
      - keep-alive
      ParameterSetName:
      - --link --target --notes
      User-Agent:
      - python/3.7.2 (Darwin-18.5.0-x86_64-i386-64bit) msrest/0.6.6 msrest_azure/0.6.0
        managementlinkclient/2.1.0 Azure-SDK-For-Python AZURECLI/2.0.62
      accept-language:
      - en-US
    method: GET
    uri: https://management.azure.com/subscriptions/00000000-0000-0000-0000-000000000000/resourceGroups/cli_test_resource_link_scenario000001/providers/Microsoft.Resources/links/link1?api-version=2016-09-01
  response:
    body:
      string: '{"properties":{"sourceId":"/subscriptions/00000000-0000-0000-0000-000000000000/resourceGroups/cli_test_resource_link_scenario000001/","targetId":"/subscriptions/00000000-0000-0000-0000-000000000000/resourceGroups/cli_test_resource_link_scenario000001/providers/Microsoft.Network/virtualNetworks/vnet1/","notes":"blah
        notes"},"id":"/subscriptions/00000000-0000-0000-0000-000000000000/resourceGroups/cli_test_resource_link_scenario000001/providers/Microsoft.Resources/links/link1","type":"Microsoft.Resources/links","name":"link1"}'
    headers:
      cache-control:
      - no-cache
      content-length:
      - '643'
      content-type:
      - application/json; charset=utf-8
      date:
      - Tue, 16 Apr 2019 17:18:12 GMT
      expires:
      - '-1'
      pragma:
      - no-cache
      strict-transport-security:
      - max-age=31536000; includeSubDomains
      transfer-encoding:
      - chunked
      vary:
      - Accept-Encoding,Accept-Encoding
      x-content-type-options:
      - nosniff
    status:
      code: 200
      message: OK
- request:
    body: 'b''{"properties": {"targetId": "/subscriptions/00000000-0000-0000-0000-000000000000/resourceGroups/cli_test_resource_link_scenario000001/providers/Microsoft.Network/virtualNetworks/vnet1",
      "notes": "group to vnet"}}'''
    headers:
      Accept:
      - application/json
      Accept-Encoding:
      - gzip, deflate
      CommandName:
      - resource link update
      Connection:
      - keep-alive
      Content-Length:
      - '250'
      Content-Type:
      - application/json; charset=utf-8
      ParameterSetName:
      - --link --target --notes
      User-Agent:
      - python/3.7.2 (Darwin-18.5.0-x86_64-i386-64bit) msrest/0.6.6 msrest_azure/0.6.0
        managementlinkclient/2.1.0 Azure-SDK-For-Python AZURECLI/2.0.62
      accept-language:
      - en-US
    method: PUT
    uri: https://management.azure.com/subscriptions/00000000-0000-0000-0000-000000000000/resourceGroups/cli_test_resource_link_scenario000001/providers/Microsoft.Resources/links/link1?api-version=2016-09-01
  response:
    body:
      string: '{"properties":{"sourceId":"/subscriptions/00000000-0000-0000-0000-000000000000/resourceGroups/cli_test_resource_link_scenario000001/","targetId":"/subscriptions/00000000-0000-0000-0000-000000000000/resourceGroups/cli_test_resource_link_scenario000001/providers/Microsoft.Network/virtualNetworks/vnet1/","notes":"group
        to vnet"},"id":"/subscriptions/00000000-0000-0000-0000-000000000000/resourceGroups/cli_test_resource_link_scenario000001/providers/Microsoft.Resources/links/link1","type":"Microsoft.Resources/links","name":"link1"}'
    headers:
      cache-control:
      - no-cache
      content-length:
      - '646'
      content-type:
      - application/json; charset=utf-8
      date:
      - Tue, 16 Apr 2019 17:18:13 GMT
      expires:
      - '-1'
      pragma:
      - no-cache
      strict-transport-security:
      - max-age=31536000; includeSubDomains
      transfer-encoding:
      - chunked
      vary:
      - Accept-Encoding,Accept-Encoding
      x-content-type-options:
      - nosniff
      x-ms-ratelimit-remaining-subscription-writes:
      - '1190'
    status:
      code: 200
      message: OK
- request:
    body: null
    headers:
      Accept:
      - application/json
      Accept-Encoding:
      - gzip, deflate
      CommandName:
      - resource link list
      Connection:
      - keep-alive
      ParameterSetName:
      - --query -o
      User-Agent:
      - python/3.7.2 (Darwin-18.5.0-x86_64-i386-64bit) msrest/0.6.6 msrest_azure/0.6.0
        managementlinkclient/2.1.0 Azure-SDK-For-Python AZURECLI/2.0.62
      accept-language:
      - en-US
    method: GET
    uri: https://management.azure.com/subscriptions/00000000-0000-0000-0000-000000000000/providers/Microsoft.Resources/links?api-version=2016-09-01
  response:
    body:
      string: '{"value":[{"properties":{"sourceId":"/subscriptions/00000000-0000-0000-0000-000000000000/resourceGroups/cli_test_resource_link_scenario000001/","targetId":"/subscriptions/00000000-0000-0000-0000-000000000000/resourceGroups/cli_test_resource_link_scenario000001/providers/Microsoft.Network/virtualNetworks/vnet1/","notes":"group
        to vnet"},"id":"/subscriptions/00000000-0000-0000-0000-000000000000/resourceGroups/cli_test_resource_link_scenario000001/providers/Microsoft.Resources/links/link1","type":"Microsoft.Resources/links","name":"link1"},{"properties":{"sourceId":"/subscriptions/00000000-0000-0000-0000-000000000000/resourceGroups/tjp-rg/","targetId":"/subscriptions/00000000-0000-0000-0000-000000000000/resourceGroups/tjp-rg/providers/Microsoft.KeyVault/vaults/tjpkeyvault123/","notes":"a
        link test"},"id":"/subscriptions/00000000-0000-0000-0000-000000000000/resourceGroups/tjp-rg/providers/Microsoft.Resources/links/mylink","type":"Microsoft.Resources/links","name":"mylink"},{"properties":{"sourceId":"/subscriptions/00000000-0000-0000-0000-000000000000/resourceGroups/cli_test_resource_link_scenarioqllo5ifqqsntpbqyywgmdfx5xzelhopk4ptn2quel4ps/","targetId":"/subscriptions/00000000-0000-0000-0000-000000000000/resourceGroups/cli_test_resource_link_scenarioqllo5ifqqsntpbqyywgmdfx5xzelhopk4ptn2quel4ps/providers/Microsoft.Network/virtualNetworks/vnet1/","notes":"group
        to vnet"},"id":"/subscriptions/00000000-0000-0000-0000-000000000000/resourceGroups/cli_test_resource_link_scenarioqllo5ifqqsntpbqyywgmdfx5xzelhopk4ptn2quel4ps/providers/Microsoft.Resources/links/link1","type":"Microsoft.Resources/links","name":"link1"}]}'
    headers:
      cache-control:
      - no-cache
      content-length:
      - '1746'
      content-type:
      - application/json; charset=utf-8
      date:
      - Tue, 16 Apr 2019 17:18:13 GMT
      expires:
      - '-1'
      pragma:
      - no-cache
      strict-transport-security:
      - max-age=31536000; includeSubDomains
      transfer-encoding:
      - chunked
      vary:
      - Accept-Encoding,Accept-Encoding
      x-content-type-options:
      - nosniff
    status:
      code: 200
      message: OK
- request:
    body: null
    headers:
      Accept:
      - application/json
      Accept-Encoding:
      - gzip, deflate
      CommandName:
      - resource link show
      Connection:
      - keep-alive
      ParameterSetName:
      - --link
      User-Agent:
      - python/3.7.2 (Darwin-18.5.0-x86_64-i386-64bit) msrest/0.6.6 msrest_azure/0.6.0
        managementlinkclient/2.1.0 Azure-SDK-For-Python AZURECLI/2.0.62
      accept-language:
      - en-US
    method: GET
    uri: https://management.azure.com/subscriptions/00000000-0000-0000-0000-000000000000/resourceGroups/cli_test_resource_link_scenario000001/providers/Microsoft.Resources/links/link1?api-version=2016-09-01
  response:
    body:
      string: '{"properties":{"sourceId":"/subscriptions/00000000-0000-0000-0000-000000000000/resourceGroups/cli_test_resource_link_scenario000001/","targetId":"/subscriptions/00000000-0000-0000-0000-000000000000/resourceGroups/cli_test_resource_link_scenario000001/providers/Microsoft.Network/virtualNetworks/vnet1/","notes":"group
        to vnet"},"id":"/subscriptions/00000000-0000-0000-0000-000000000000/resourceGroups/cli_test_resource_link_scenario000001/providers/Microsoft.Resources/links/link1","type":"Microsoft.Resources/links","name":"link1"}'
    headers:
      cache-control:
      - no-cache
      content-length:
      - '646'
      content-type:
      - application/json; charset=utf-8
      date:
      - Tue, 16 Apr 2019 17:18:13 GMT
      expires:
      - '-1'
      pragma:
      - no-cache
      strict-transport-security:
      - max-age=31536000; includeSubDomains
      transfer-encoding:
      - chunked
      vary:
      - Accept-Encoding,Accept-Encoding
      x-content-type-options:
      - nosniff
    status:
      code: 200
      message: OK
- request:
    body: null
    headers:
      Accept:
      - application/json
      Accept-Encoding:
      - gzip, deflate
      CommandName:
      - resource link delete
      Connection:
      - keep-alive
      Content-Length:
      - '0'
      ParameterSetName:
      - --link
      User-Agent:
      - python/3.7.2 (Darwin-18.5.0-x86_64-i386-64bit) msrest/0.6.6 msrest_azure/0.6.0
        managementlinkclient/2.1.0 Azure-SDK-For-Python AZURECLI/2.0.62
      accept-language:
      - en-US
    method: DELETE
    uri: https://management.azure.com/subscriptions/00000000-0000-0000-0000-000000000000/resourceGroups/cli_test_resource_link_scenario000001/providers/Microsoft.Resources/links/link1?api-version=2016-09-01
  response:
    body:
      string: ''
    headers:
      cache-control:
      - no-cache
      content-length:
      - '0'
      date:
      - Tue, 16 Apr 2019 17:18:14 GMT
      expires:
      - '-1'
      pragma:
      - no-cache
      strict-transport-security:
      - max-age=31536000; includeSubDomains
      x-content-type-options:
      - nosniff
      x-ms-ratelimit-remaining-subscription-deletes:
      - '14998'
    status:
      code: 200
      message: OK
- request:
    body: null
    headers:
      Accept:
      - application/json
      Accept-Encoding:
      - gzip, deflate
      CommandName:
      - resource link list
      Connection:
      - keep-alive
      User-Agent:
      - python/3.7.2 (Darwin-18.5.0-x86_64-i386-64bit) msrest/0.6.6 msrest_azure/0.6.0
        managementlinkclient/2.1.0 Azure-SDK-For-Python AZURECLI/2.0.62
      accept-language:
      - en-US
    method: GET
    uri: https://management.azure.com/subscriptions/00000000-0000-0000-0000-000000000000/providers/Microsoft.Resources/links?api-version=2016-09-01
  response:
    body:
      string: '{"value":[{"properties":{"sourceId":"/subscriptions/00000000-0000-0000-0000-000000000000/resourceGroups/tjp-rg/","targetId":"/subscriptions/00000000-0000-0000-0000-000000000000/resourceGroups/tjp-rg/providers/Microsoft.KeyVault/vaults/tjpkeyvault123/","notes":"a
        link test"},"id":"/subscriptions/00000000-0000-0000-0000-000000000000/resourceGroups/tjp-rg/providers/Microsoft.Resources/links/mylink","type":"Microsoft.Resources/links","name":"mylink"},{"properties":{"sourceId":"/subscriptions/00000000-0000-0000-0000-000000000000/resourceGroups/cli_test_resource_link_scenarioqllo5ifqqsntpbqyywgmdfx5xzelhopk4ptn2quel4ps/","targetId":"/subscriptions/00000000-0000-0000-0000-000000000000/resourceGroups/cli_test_resource_link_scenarioqllo5ifqqsntpbqyywgmdfx5xzelhopk4ptn2quel4ps/providers/Microsoft.Network/virtualNetworks/vnet1/","notes":"group
        to vnet"},"id":"/subscriptions/00000000-0000-0000-0000-000000000000/resourceGroups/cli_test_resource_link_scenarioqllo5ifqqsntpbqyywgmdfx5xzelhopk4ptn2quel4ps/providers/Microsoft.Resources/links/link1","type":"Microsoft.Resources/links","name":"link1"}]}'
    headers:
      cache-control:
      - no-cache
      content-length:
      - '1099'
      content-type:
      - application/json; charset=utf-8
      date:
      - Tue, 16 Apr 2019 17:18:14 GMT
      expires:
      - '-1'
      pragma:
      - no-cache
      strict-transport-security:
      - max-age=31536000; includeSubDomains
      transfer-encoding:
      - chunked
      vary:
      - Accept-Encoding,Accept-Encoding
      x-content-type-options:
      - nosniff
    status:
      code: 200
      message: OK
- request:
    body: null
    headers:
      Accept:
      - application/json
      Accept-Encoding:
      - gzip, deflate
      CommandName:
      - group delete
      Connection:
      - keep-alive
      Content-Length:
      - '0'
      ParameterSetName:
      - --name --yes --no-wait
      User-Agent:
      - python/3.7.2 (Darwin-18.5.0-x86_64-i386-64bit) msrest/0.6.6 msrest_azure/0.6.0
        resourcemanagementclient/2.1.0 Azure-SDK-For-Python AZURECLI/2.0.62
      accept-language:
      - en-US
    method: DELETE
    uri: https://management.azure.com/subscriptions/00000000-0000-0000-0000-000000000000/resourcegroups/cli_test_resource_link_scenario000001?api-version=2018-05-01
  response:
    body:
      string: ''
    headers:
      cache-control:
      - no-cache
      content-length:
      - '0'
      date:
      - Tue, 16 Apr 2019 17:18:15 GMT
      expires:
      - '-1'
      location:
      - https://management.azure.com/subscriptions/00000000-0000-0000-0000-000000000000/operationresults/eyJqb2JJZCI6IlJFU09VUkNFR1JPVVBERUxFVElPTkpPQi1DTEk6NUZURVNUOjVGUkVTT1VSQ0U6NUZMSU5LOjVGU0NFTkFSSU9aNUNER1czQnwyNTc2QUYyMEQzMUJGOUY1LVdFU1RVUyIsImpvYkxvY2F0aW9uIjoid2VzdHVzIn0?api-version=2018-05-01
      pragma:
      - no-cache
      strict-transport-security:
      - max-age=31536000; includeSubDomains
      x-content-type-options:
      - nosniff
      x-ms-ratelimit-remaining-subscription-deletes:
      - '14998'
    status:
      code: 202
      message: Accepted
version: 1
