interactions:
- request:
    body: null
    headers:
      Accept: [application/json]
      Accept-Encoding: ['gzip, deflate']
      CommandName: [account management-group create]
      Connection: [keep-alive]
      Content-Length: ['0']
      Content-Type: [application/json; charset=utf-8]
      User-Agent: [python/3.6.5 (Windows-10-10.0.16299-SP0) requests/2.18.4 msrest/0.4.29
          msrest_azure/0.4.31 resourcemanagementclient/2.0.0rc2 Azure-SDK-For-Python
          AZURECLI/2.0.34]
      accept-language: [en-US]
    method: POST
    uri: https://management.azure.com/subscriptions/00000000-0000-0000-0000-000000000000/providers/Microsoft.Management/register?api-version=2018-05-01
  response:
    body: {string: '{"id":"/subscriptions/00000000-0000-0000-0000-000000000000/providers/Microsoft.Management","namespace":"Microsoft.Management","authorization":{"applicationId":"f2c304cf-8e7e-4c3f-8164-16299ad9d272","roleDefinitionId":"c1cf3708-588a-4647-be7f-f400bbe214cf"},"resourceTypes":[{"resourceType":"resources","locations":[],"apiVersions":["2017-11-01-preview","2017-08-31-preview","2017-06-30-preview","2017-05-31-preview"]},{"resourceType":"managementGroups","locations":[],"apiVersions":["2018-03-01-preview","2018-01-01-preview","2017-11-01-preview","2017-08-31-preview","2017-06-30-preview","2017-05-31-preview"]},{"resourceType":"getEntities","locations":[],"apiVersions":["2018-03-01-preview","2018-01-01-preview"]},{"resourceType":"checkNameAvailability","locations":[],"apiVersions":["2018-03-01-preview","2018-01-01-preview"]},{"resourceType":"operationResults","locations":[],"apiVersions":["2018-03-01-preview","2018-01-01-preview"]},{"resourceType":"operations","locations":[],"apiVersions":["2018-03-01-preview","2018-01-01-preview","2017-11-01-preview","2017-08-31-preview","2017-06-30-preview","2017-05-31-preview"]},{"resourceType":"tenantBackfillStatus","locations":[],"apiVersions":["2018-03-01-preview"]},{"resourceType":"startTenantBackfill","locations":[],"apiVersions":["2018-03-01-preview"]}],"registrationState":"Registered"}'}
    headers:
      cache-control: [no-cache]
      content-length: ['1342']
      content-type: [application/json; charset=utf-8]
      date: ['Wed, 13 Jun 2018 01:22:00 GMT']
      expires: ['-1']
      pragma: [no-cache]
      strict-transport-security: [max-age=31536000; includeSubDomains]
      transfer-encoding: [chunked]
      vary: [Accept-Encoding]
      x-content-type-options: [nosniff]
      x-ms-ratelimit-remaining-subscription-writes: ['1199']
    status: {code: 200, message: OK}
- request:
    body: null
    headers:
      Accept: [application/json]
      Accept-Encoding: ['gzip, deflate']
      CommandName: [account management-group create]
      Connection: [keep-alive]
      Content-Type: [application/json; charset=utf-8]
      User-Agent: [python/3.6.5 (Windows-10-10.0.16299-SP0) requests/2.18.4 msrest/0.4.29
          msrest_azure/0.4.31 resourcemanagementclient/2.0.0rc2 Azure-SDK-For-Python
          AZURECLI/2.0.34]
      accept-language: [en-US]
    method: GET
    uri: https://management.azure.com/subscriptions/00000000-0000-0000-0000-000000000000/providers/Microsoft.Management?api-version=2018-05-01
  response:
    body: {string: '{"id":"/subscriptions/00000000-0000-0000-0000-000000000000/providers/Microsoft.Management","namespace":"Microsoft.Management","authorization":{"applicationId":"f2c304cf-8e7e-4c3f-8164-16299ad9d272","roleDefinitionId":"c1cf3708-588a-4647-be7f-f400bbe214cf"},"resourceTypes":[{"resourceType":"resources","locations":[],"apiVersions":["2017-11-01-preview","2017-08-31-preview","2017-06-30-preview","2017-05-31-preview"]},{"resourceType":"managementGroups","locations":[],"apiVersions":["2018-03-01-preview","2018-01-01-preview","2017-11-01-preview","2017-08-31-preview","2017-06-30-preview","2017-05-31-preview"]},{"resourceType":"getEntities","locations":[],"apiVersions":["2018-03-01-preview","2018-01-01-preview"]},{"resourceType":"checkNameAvailability","locations":[],"apiVersions":["2018-03-01-preview","2018-01-01-preview"]},{"resourceType":"operationResults","locations":[],"apiVersions":["2018-03-01-preview","2018-01-01-preview"]},{"resourceType":"operations","locations":[],"apiVersions":["2018-03-01-preview","2018-01-01-preview","2017-11-01-preview","2017-08-31-preview","2017-06-30-preview","2017-05-31-preview"]},{"resourceType":"tenantBackfillStatus","locations":[],"apiVersions":["2018-03-01-preview"]},{"resourceType":"startTenantBackfill","locations":[],"apiVersions":["2018-03-01-preview"]}],"registrationState":"Registered"}'}
    headers:
      cache-control: [no-cache]
      content-length: ['1342']
      content-type: [application/json; charset=utf-8]
      date: ['Wed, 13 Jun 2018 01:22:10 GMT']
      expires: ['-1']
      pragma: [no-cache]
      strict-transport-security: [max-age=31536000; includeSubDomains]
      vary: [Accept-Encoding]
      x-content-type-options: [nosniff]
    status: {code: 200, message: OK}
- request:
    body: '{"name": "testcligetgroup1", "properties": {"details": {"parent": {}}}}'
    headers:
      Accept: [application/json]
      Accept-Encoding: ['gzip, deflate']
      Cache-Control: [no-cache]
      CommandName: [account management-group create]
      Connection: [keep-alive]
      Content-Length: ['71']
      Content-Type: [application/json; charset=utf-8]
      User-Agent: [python/3.6.5 (Windows-10-10.0.16299-SP0) requests/2.18.4 msrest/0.4.29
          msrest_azure/0.4.31 azure-mgmt-managementgroups/0.1.0 Azure-SDK-For-Python
          AZURECLI/2.0.34]
      accept-language: [en-US]
    method: PUT
    uri: https://management.azure.com/providers/Microsoft.Management/managementGroups/testcligetgroup1?api-version=2018-03-01-preview
  response:
    body: {string: '{"id":"/providers/Microsoft.Management/managementGroups/testcligetgroup1","type":"/providers/Microsoft.Management/managementGroups","name":"testcligetgroup1","properties":{"tenantId":"dbe499da-a935-4b9f-b4e2-5377e76aaeef","displayName":"testcligetgroup1","details":{"version":2,"updatedTime":"2018-06-12T23:13:27.2302324Z","updatedBy":"c243d53f-e5c5-41c2-8a67-6ed2030f73fe","parent":{"id":"/providers/Microsoft.Management/managementGroups/dbe499da-a935-4b9f-b4e2-5377e76aaeef","name":"dbe499da-a935-4b9f-b4e2-5377e76aaeef","displayName":"Tenant
        Root Group"}}}}'}
    headers:
      cache-control: [no-cache]
      content-length: ['560']
      content-type: [application/json; charset=utf-8]
      date: ['Wed, 13 Jun 2018 01:22:12 GMT']
      expires: ['-1']
      pragma: [no-cache]
      request-id: [1b1b02b4-52a7-4c3a-8f1b-7464e71a6921]
      server: [Microsoft-IIS/8.5]
      strict-transport-security: [max-age=31536000; includeSubDomains]
      transfer-encoding: [chunked]
      vary: ['Accept-Encoding,Accept-Encoding']
      x-aspnet-version: [4.0.30319]
      x-ba-restapi: [1.0.3.731]
      x-content-type-options: [nosniff]
      x-ms-ratelimit-remaining-tenant-writes: ['1199']
      x-powered-by: [ASP.NET]
    status: {code: 200, message: OK}
- request:
    body: null
    headers:
      Accept: [application/json]
      Accept-Encoding: ['gzip, deflate']
      CommandName: [account management-group create]
      Connection: [keep-alive]
      Content-Length: ['0']
      Content-Type: [application/json; charset=utf-8]
      User-Agent: [python/3.6.5 (Windows-10-10.0.16299-SP0) requests/2.18.4 msrest/0.4.29
          msrest_azure/0.4.31 resourcemanagementclient/2.0.0rc2 Azure-SDK-For-Python
          AZURECLI/2.0.34]
      accept-language: [en-US]
    method: POST
    uri: https://management.azure.com/subscriptions/00000000-0000-0000-0000-000000000000/providers/Microsoft.Management/register?api-version=2018-05-01
  response:
    body: {string: '{"id":"/subscriptions/00000000-0000-0000-0000-000000000000/providers/Microsoft.Management","namespace":"Microsoft.Management","authorization":{"applicationId":"f2c304cf-8e7e-4c3f-8164-16299ad9d272","roleDefinitionId":"c1cf3708-588a-4647-be7f-f400bbe214cf"},"resourceTypes":[{"resourceType":"resources","locations":[],"apiVersions":["2017-11-01-preview","2017-08-31-preview","2017-06-30-preview","2017-05-31-preview"]},{"resourceType":"managementGroups","locations":[],"apiVersions":["2018-03-01-preview","2018-01-01-preview","2017-11-01-preview","2017-08-31-preview","2017-06-30-preview","2017-05-31-preview"]},{"resourceType":"getEntities","locations":[],"apiVersions":["2018-03-01-preview","2018-01-01-preview"]},{"resourceType":"checkNameAvailability","locations":[],"apiVersions":["2018-03-01-preview","2018-01-01-preview"]},{"resourceType":"operationResults","locations":[],"apiVersions":["2018-03-01-preview","2018-01-01-preview"]},{"resourceType":"operations","locations":[],"apiVersions":["2018-03-01-preview","2018-01-01-preview","2017-11-01-preview","2017-08-31-preview","2017-06-30-preview","2017-05-31-preview"]},{"resourceType":"tenantBackfillStatus","locations":[],"apiVersions":["2018-03-01-preview"]},{"resourceType":"startTenantBackfill","locations":[],"apiVersions":["2018-03-01-preview"]}],"registrationState":"Registered"}'}
    headers:
      cache-control: [no-cache]
      content-length: ['1342']
      content-type: [application/json; charset=utf-8]
      date: ['Wed, 13 Jun 2018 01:22:14 GMT']
      expires: ['-1']
      pragma: [no-cache]
      strict-transport-security: [max-age=31536000; includeSubDomains]
      transfer-encoding: [chunked]
      vary: [Accept-Encoding]
      x-content-type-options: [nosniff]
      x-ms-ratelimit-remaining-subscription-writes: ['1199']
    status: {code: 200, message: OK}
- request:
    body: null
    headers:
      Accept: [application/json]
      Accept-Encoding: ['gzip, deflate']
      CommandName: [account management-group create]
      Connection: [keep-alive]
      Content-Type: [application/json; charset=utf-8]
      User-Agent: [python/3.6.5 (Windows-10-10.0.16299-SP0) requests/2.18.4 msrest/0.4.29
          msrest_azure/0.4.31 resourcemanagementclient/2.0.0rc2 Azure-SDK-For-Python
          AZURECLI/2.0.34]
      accept-language: [en-US]
    method: GET
    uri: https://management.azure.com/subscriptions/00000000-0000-0000-0000-000000000000/providers/Microsoft.Management?api-version=2018-05-01
  response:
    body: {string: '{"id":"/subscriptions/00000000-0000-0000-0000-000000000000/providers/Microsoft.Management","namespace":"Microsoft.Management","authorization":{"applicationId":"f2c304cf-8e7e-4c3f-8164-16299ad9d272","roleDefinitionId":"c1cf3708-588a-4647-be7f-f400bbe214cf"},"resourceTypes":[{"resourceType":"resources","locations":[],"apiVersions":["2017-11-01-preview","2017-08-31-preview","2017-06-30-preview","2017-05-31-preview"]},{"resourceType":"managementGroups","locations":[],"apiVersions":["2018-03-01-preview","2018-01-01-preview","2017-11-01-preview","2017-08-31-preview","2017-06-30-preview","2017-05-31-preview"]},{"resourceType":"getEntities","locations":[],"apiVersions":["2018-03-01-preview","2018-01-01-preview"]},{"resourceType":"checkNameAvailability","locations":[],"apiVersions":["2018-03-01-preview","2018-01-01-preview"]},{"resourceType":"operationResults","locations":[],"apiVersions":["2018-03-01-preview","2018-01-01-preview"]},{"resourceType":"operations","locations":[],"apiVersions":["2018-03-01-preview","2018-01-01-preview","2017-11-01-preview","2017-08-31-preview","2017-06-30-preview","2017-05-31-preview"]},{"resourceType":"tenantBackfillStatus","locations":[],"apiVersions":["2018-03-01-preview"]},{"resourceType":"startTenantBackfill","locations":[],"apiVersions":["2018-03-01-preview"]}],"registrationState":"Registered"}'}
    headers:
      cache-control: [no-cache]
      content-length: ['1342']
      content-type: [application/json; charset=utf-8]
      date: ['Wed, 13 Jun 2018 01:22:24 GMT']
      expires: ['-1']
      pragma: [no-cache]
      strict-transport-security: [max-age=31536000; includeSubDomains]
      vary: [Accept-Encoding]
      x-content-type-options: [nosniff]
    status: {code: 200, message: OK}
- request:
    body: '{"name": "testcligetgroup2", "properties": {"details": {"parent": {"id":
      "/providers/Microsoft.Management/managementGroups/testcligetgroup1"}}}}'
    headers:
      Accept: [application/json]
      Accept-Encoding: ['gzip, deflate']
      Cache-Control: [no-cache]
      CommandName: [account management-group create]
      Connection: [keep-alive]
      Content-Length: ['144']
      Content-Type: [application/json; charset=utf-8]
      User-Agent: [python/3.6.5 (Windows-10-10.0.16299-SP0) requests/2.18.4 msrest/0.4.29
          msrest_azure/0.4.31 azure-mgmt-managementgroups/0.1.0 Azure-SDK-For-Python
          AZURECLI/2.0.34]
      accept-language: [en-US]
    method: PUT
    uri: https://management.azure.com/providers/Microsoft.Management/managementGroups/testcligetgroup2?api-version=2018-03-01-preview
  response:
    body: {string: '{"id":"/providers/Microsoft.Management/managementGroups/testcligetgroup2","type":"/providers/Microsoft.Management/managementGroups","name":"testcligetgroup2","properties":{"tenantId":"dbe499da-a935-4b9f-b4e2-5377e76aaeef","displayName":"testcligetgroup2","details":{"version":2,"updatedTime":"2018-06-12T23:13:50.0449836Z","updatedBy":"c243d53f-e5c5-41c2-8a67-6ed2030f73fe","parent":{"id":"/providers/Microsoft.Management/managementGroups/testcligetgroup1","name":"testcligetgroup1","displayName":"testcligetgroup1"}}}}'}
    headers:
      cache-control: [no-cache]
      content-length: ['519']
      content-type: [application/json; charset=utf-8]
      date: ['Wed, 13 Jun 2018 01:22:24 GMT']
      expires: ['-1']
      pragma: [no-cache]
      request-id: [9ccdd94d-9c4f-4a80-9e09-5d5b028ebf7a]
      server: [Microsoft-IIS/8.5]
      strict-transport-security: [max-age=31536000; includeSubDomains]
      transfer-encoding: [chunked]
      vary: ['Accept-Encoding,Accept-Encoding']
      x-aspnet-version: [4.0.30319]
      x-ba-restapi: [1.0.3.731]
      x-content-type-options: [nosniff]
      x-ms-ratelimit-remaining-tenant-writes: ['1199']
      x-powered-by: [ASP.NET]
    status: {code: 200, message: OK}
- request:
    body: null
    headers:
      Accept: [application/json]
      Accept-Encoding: ['gzip, deflate']
      CommandName: [account management-group create]
      Connection: [keep-alive]
      Content-Length: ['0']
      Content-Type: [application/json; charset=utf-8]
      User-Agent: [python/3.6.5 (Windows-10-10.0.16299-SP0) requests/2.18.4 msrest/0.4.29
          msrest_azure/0.4.31 resourcemanagementclient/2.0.0rc2 Azure-SDK-For-Python
          AZURECLI/2.0.34]
      accept-language: [en-US]
    method: POST
    uri: https://management.azure.com/subscriptions/00000000-0000-0000-0000-000000000000/providers/Microsoft.Management/register?api-version=2018-05-01
  response:
    body: {string: '{"id":"/subscriptions/00000000-0000-0000-0000-000000000000/providers/Microsoft.Management","namespace":"Microsoft.Management","authorization":{"applicationId":"f2c304cf-8e7e-4c3f-8164-16299ad9d272","roleDefinitionId":"c1cf3708-588a-4647-be7f-f400bbe214cf"},"resourceTypes":[{"resourceType":"resources","locations":[],"apiVersions":["2017-11-01-preview","2017-08-31-preview","2017-06-30-preview","2017-05-31-preview"]},{"resourceType":"managementGroups","locations":[],"apiVersions":["2018-03-01-preview","2018-01-01-preview","2017-11-01-preview","2017-08-31-preview","2017-06-30-preview","2017-05-31-preview"]},{"resourceType":"getEntities","locations":[],"apiVersions":["2018-03-01-preview","2018-01-01-preview"]},{"resourceType":"checkNameAvailability","locations":[],"apiVersions":["2018-03-01-preview","2018-01-01-preview"]},{"resourceType":"operationResults","locations":[],"apiVersions":["2018-03-01-preview","2018-01-01-preview"]},{"resourceType":"operations","locations":[],"apiVersions":["2018-03-01-preview","2018-01-01-preview","2017-11-01-preview","2017-08-31-preview","2017-06-30-preview","2017-05-31-preview"]},{"resourceType":"tenantBackfillStatus","locations":[],"apiVersions":["2018-03-01-preview"]},{"resourceType":"startTenantBackfill","locations":[],"apiVersions":["2018-03-01-preview"]}],"registrationState":"Registered"}'}
    headers:
      cache-control: [no-cache]
      content-length: ['1342']
      content-type: [application/json; charset=utf-8]
      date: ['Wed, 13 Jun 2018 01:22:25 GMT']
      expires: ['-1']
      pragma: [no-cache]
      strict-transport-security: [max-age=31536000; includeSubDomains]
      transfer-encoding: [chunked]
      vary: [Accept-Encoding]
      x-content-type-options: [nosniff]
      x-ms-ratelimit-remaining-subscription-writes: ['1199']
    status: {code: 200, message: OK}
- request:
    body: null
    headers:
      Accept: [application/json]
      Accept-Encoding: ['gzip, deflate']
      CommandName: [account management-group create]
      Connection: [keep-alive]
      Content-Type: [application/json; charset=utf-8]
      User-Agent: [python/3.6.5 (Windows-10-10.0.16299-SP0) requests/2.18.4 msrest/0.4.29
          msrest_azure/0.4.31 resourcemanagementclient/2.0.0rc2 Azure-SDK-For-Python
          AZURECLI/2.0.34]
      accept-language: [en-US]
    method: GET
    uri: https://management.azure.com/subscriptions/00000000-0000-0000-0000-000000000000/providers/Microsoft.Management?api-version=2018-05-01
  response:
    body: {string: '{"id":"/subscriptions/00000000-0000-0000-0000-000000000000/providers/Microsoft.Management","namespace":"Microsoft.Management","authorization":{"applicationId":"f2c304cf-8e7e-4c3f-8164-16299ad9d272","roleDefinitionId":"c1cf3708-588a-4647-be7f-f400bbe214cf"},"resourceTypes":[{"resourceType":"resources","locations":[],"apiVersions":["2017-11-01-preview","2017-08-31-preview","2017-06-30-preview","2017-05-31-preview"]},{"resourceType":"managementGroups","locations":[],"apiVersions":["2018-03-01-preview","2018-01-01-preview","2017-11-01-preview","2017-08-31-preview","2017-06-30-preview","2017-05-31-preview"]},{"resourceType":"getEntities","locations":[],"apiVersions":["2018-03-01-preview","2018-01-01-preview"]},{"resourceType":"checkNameAvailability","locations":[],"apiVersions":["2018-03-01-preview","2018-01-01-preview"]},{"resourceType":"operationResults","locations":[],"apiVersions":["2018-03-01-preview","2018-01-01-preview"]},{"resourceType":"operations","locations":[],"apiVersions":["2018-03-01-preview","2018-01-01-preview","2017-11-01-preview","2017-08-31-preview","2017-06-30-preview","2017-05-31-preview"]},{"resourceType":"tenantBackfillStatus","locations":[],"apiVersions":["2018-03-01-preview"]},{"resourceType":"startTenantBackfill","locations":[],"apiVersions":["2018-03-01-preview"]}],"registrationState":"Registered"}'}
    headers:
      cache-control: [no-cache]
      content-length: ['1342']
      content-type: [application/json; charset=utf-8]
      date: ['Wed, 13 Jun 2018 01:22:35 GMT']
      expires: ['-1']
      pragma: [no-cache]
      strict-transport-security: [max-age=31536000; includeSubDomains]
      vary: [Accept-Encoding]
      x-content-type-options: [nosniff]
    status: {code: 200, message: OK}
- request:
    body: '{"name": "testcligetgroup3", "properties": {"details": {"parent": {"id":
      "/providers/Microsoft.Management/managementGroups/testcligetgroup2"}}}}'
    headers:
      Accept: [application/json]
      Accept-Encoding: ['gzip, deflate']
      Cache-Control: [no-cache]
      CommandName: [account management-group create]
      Connection: [keep-alive]
      Content-Length: ['144']
      Content-Type: [application/json; charset=utf-8]
      User-Agent: [python/3.6.5 (Windows-10-10.0.16299-SP0) requests/2.18.4 msrest/0.4.29
          msrest_azure/0.4.31 azure-mgmt-managementgroups/0.1.0 Azure-SDK-For-Python
          AZURECLI/2.0.34]
      accept-language: [en-US]
    method: PUT
    uri: https://management.azure.com/providers/Microsoft.Management/managementGroups/testcligetgroup3?api-version=2018-03-01-preview
  response:
    body: {string: '{"id":"/providers/Microsoft.Management/managementGroups/testcligetgroup3","type":"/providers/Microsoft.Management/managementGroups","name":"testcligetgroup3","properties":{"tenantId":"dbe499da-a935-4b9f-b4e2-5377e76aaeef","displayName":"testcligetgroup3","details":{"version":1,"updatedTime":"2018-06-12T23:14:12.5576816Z","updatedBy":"c243d53f-e5c5-41c2-8a67-6ed2030f73fe","parent":{"id":"/providers/Microsoft.Management/managementGroups/testcligetgroup2","name":"testcligetgroup2","displayName":"testcligetgroup2"}}}}'}
    headers:
      cache-control: [no-cache]
      content-length: ['519']
      content-type: [application/json; charset=utf-8]
      date: ['Wed, 13 Jun 2018 01:22:36 GMT']
      expires: ['-1']
      pragma: [no-cache]
      request-id: [2ec53e65-4681-42ec-a9d4-90720ab500f5]
      server: [Microsoft-IIS/8.5]
      strict-transport-security: [max-age=31536000; includeSubDomains]
      transfer-encoding: [chunked]
      vary: ['Accept-Encoding,Accept-Encoding']
      x-aspnet-version: [4.0.30319]
      x-ba-restapi: [1.0.3.731]
      x-content-type-options: [nosniff]
      x-ms-ratelimit-remaining-tenant-writes: ['1199']
      x-powered-by: [ASP.NET]
    status: {code: 200, message: OK}
- request:
    body: null
    headers:
      Accept: [application/json]
      Accept-Encoding: ['gzip, deflate']
      CommandName: [account management-group show]
      Connection: [keep-alive]
      Content-Length: ['0']
      Content-Type: [application/json; charset=utf-8]
      User-Agent: [python/3.6.5 (Windows-10-10.0.16299-SP0) requests/2.18.4 msrest/0.4.29
          msrest_azure/0.4.31 resourcemanagementclient/2.0.0rc2 Azure-SDK-For-Python
          AZURECLI/2.0.34]
      accept-language: [en-US]
    method: POST
    uri: https://management.azure.com/subscriptions/00000000-0000-0000-0000-000000000000/providers/Microsoft.Management/register?api-version=2018-05-01
  response:
    body: {string: '{"id":"/subscriptions/00000000-0000-0000-0000-000000000000/providers/Microsoft.Management","namespace":"Microsoft.Management","authorization":{"applicationId":"f2c304cf-8e7e-4c3f-8164-16299ad9d272","roleDefinitionId":"c1cf3708-588a-4647-be7f-f400bbe214cf"},"resourceTypes":[{"resourceType":"resources","locations":[],"apiVersions":["2017-11-01-preview","2017-08-31-preview","2017-06-30-preview","2017-05-31-preview"]},{"resourceType":"managementGroups","locations":[],"apiVersions":["2018-03-01-preview","2018-01-01-preview","2017-11-01-preview","2017-08-31-preview","2017-06-30-preview","2017-05-31-preview"]},{"resourceType":"getEntities","locations":[],"apiVersions":["2018-03-01-preview","2018-01-01-preview"]},{"resourceType":"checkNameAvailability","locations":[],"apiVersions":["2018-03-01-preview","2018-01-01-preview"]},{"resourceType":"operationResults","locations":[],"apiVersions":["2018-03-01-preview","2018-01-01-preview"]},{"resourceType":"operations","locations":[],"apiVersions":["2018-03-01-preview","2018-01-01-preview","2017-11-01-preview","2017-08-31-preview","2017-06-30-preview","2017-05-31-preview"]},{"resourceType":"tenantBackfillStatus","locations":[],"apiVersions":["2018-03-01-preview"]},{"resourceType":"startTenantBackfill","locations":[],"apiVersions":["2018-03-01-preview"]}],"registrationState":"Registered"}'}
    headers:
      cache-control: [no-cache]
      content-length: ['1342']
      content-type: [application/json; charset=utf-8]
      date: ['Wed, 13 Jun 2018 01:22:38 GMT']
      expires: ['-1']
      pragma: [no-cache]
      strict-transport-security: [max-age=31536000; includeSubDomains]
      transfer-encoding: [chunked]
      vary: [Accept-Encoding]
      x-content-type-options: [nosniff]
      x-ms-ratelimit-remaining-subscription-writes: ['1199']
    status: {code: 200, message: OK}
- request:
    body: null
    headers:
      Accept: [application/json]
      Accept-Encoding: ['gzip, deflate']
      CommandName: [account management-group show]
      Connection: [keep-alive]
      Content-Type: [application/json; charset=utf-8]
      User-Agent: [python/3.6.5 (Windows-10-10.0.16299-SP0) requests/2.18.4 msrest/0.4.29
          msrest_azure/0.4.31 resourcemanagementclient/2.0.0rc2 Azure-SDK-For-Python
          AZURECLI/2.0.34]
      accept-language: [en-US]
    method: GET
    uri: https://management.azure.com/subscriptions/00000000-0000-0000-0000-000000000000/providers/Microsoft.Management?api-version=2018-05-01
  response:
    body: {string: '{"id":"/subscriptions/00000000-0000-0000-0000-000000000000/providers/Microsoft.Management","namespace":"Microsoft.Management","authorization":{"applicationId":"f2c304cf-8e7e-4c3f-8164-16299ad9d272","roleDefinitionId":"c1cf3708-588a-4647-be7f-f400bbe214cf"},"resourceTypes":[{"resourceType":"resources","locations":[],"apiVersions":["2017-11-01-preview","2017-08-31-preview","2017-06-30-preview","2017-05-31-preview"]},{"resourceType":"managementGroups","locations":[],"apiVersions":["2018-03-01-preview","2018-01-01-preview","2017-11-01-preview","2017-08-31-preview","2017-06-30-preview","2017-05-31-preview"]},{"resourceType":"getEntities","locations":[],"apiVersions":["2018-03-01-preview","2018-01-01-preview"]},{"resourceType":"checkNameAvailability","locations":[],"apiVersions":["2018-03-01-preview","2018-01-01-preview"]},{"resourceType":"operationResults","locations":[],"apiVersions":["2018-03-01-preview","2018-01-01-preview"]},{"resourceType":"operations","locations":[],"apiVersions":["2018-03-01-preview","2018-01-01-preview","2017-11-01-preview","2017-08-31-preview","2017-06-30-preview","2017-05-31-preview"]},{"resourceType":"tenantBackfillStatus","locations":[],"apiVersions":["2018-03-01-preview"]},{"resourceType":"startTenantBackfill","locations":[],"apiVersions":["2018-03-01-preview"]}],"registrationState":"Registered"}'}
    headers:
      cache-control: [no-cache]
      content-length: ['1342']
      content-type: [application/json; charset=utf-8]
      date: ['Wed, 13 Jun 2018 01:22:48 GMT']
      expires: ['-1']
      pragma: [no-cache]
      strict-transport-security: [max-age=31536000; includeSubDomains]
      vary: [Accept-Encoding]
      x-content-type-options: [nosniff]
    status: {code: 200, message: OK}
- request:
    body: null
    headers:
      Accept: [application/json]
      Accept-Encoding: ['gzip, deflate']
      Cache-Control: [no-cache]
      CommandName: [account management-group show]
      Connection: [keep-alive]
      Content-Type: [application/json; charset=utf-8]
      User-Agent: [python/3.6.5 (Windows-10-10.0.16299-SP0) requests/2.18.4 msrest/0.4.29
          msrest_azure/0.4.31 azure-mgmt-managementgroups/0.1.0 Azure-SDK-For-Python
          AZURECLI/2.0.34]
      accept-language: [en-US]
    method: GET
    uri: https://management.azure.com/providers/Microsoft.Management/managementGroups/testcligetgroup2?api-version=2018-03-01-preview&$expand=children&$recurse=false
  response:
    body: {string: '{"id":"/providers/Microsoft.Management/managementGroups/testcligetgroup2","type":"/providers/Microsoft.Management/managementGroups","name":"testcligetgroup2","properties":{"tenantId":"dbe499da-a935-4b9f-b4e2-5377e76aaeef","displayName":"testcligetgroup2","details":{"version":2,"updatedTime":"2018-06-12T23:13:50.0449836Z","updatedBy":"c243d53f-e5c5-41c2-8a67-6ed2030f73fe","parent":{"id":"/providers/Microsoft.Management/managementGroups/testcligetgroup1","name":"testcligetgroup1","displayName":"testcligetgroup1"}},"children":[{"id":"/providers/Microsoft.Management/managementGroups/testcligetgroup3","type":"/providers/Microsoft.Management/managementGroups","name":"testcligetgroup3","displayName":"testcligetgroup3"}]}}'}
    headers:
      cache-control: [no-cache]
      content-length: ['724']
      content-type: [application/json; charset=utf-8]
      date: ['Wed, 13 Jun 2018 01:22:48 GMT']
      expires: ['-1']
      pragma: [no-cache]
      request-id: [8bcbd042-7dc3-4f51-96d5-278cd096b9e8]
      server: [Microsoft-IIS/8.5]
      strict-transport-security: [max-age=31536000; includeSubDomains]
      transfer-encoding: [chunked]
      vary: ['Accept-Encoding,Accept-Encoding']
      x-aspnet-version: [4.0.30319]
      x-ba-restapi: [1.0.3.731]
      x-content-type-options: [nosniff]
      x-powered-by: [ASP.NET]
    status: {code: 200, message: OK}
- request:
    body: null
    headers:
      Accept: [application/json]
      Accept-Encoding: ['gzip, deflate']
      CommandName: [account management-group delete]
      Connection: [keep-alive]
      Content-Length: ['0']
      Content-Type: [application/json; charset=utf-8]
      User-Agent: [python/3.6.5 (Windows-10-10.0.16299-SP0) requests/2.18.4 msrest/0.4.29
          msrest_azure/0.4.31 resourcemanagementclient/2.0.0rc2 Azure-SDK-For-Python
          AZURECLI/2.0.34]
      accept-language: [en-US]
    method: POST
    uri: https://management.azure.com/subscriptions/00000000-0000-0000-0000-000000000000/providers/Microsoft.Management/register?api-version=2018-05-01
  response:
    body: {string: '{"id":"/subscriptions/00000000-0000-0000-0000-000000000000/providers/Microsoft.Management","namespace":"Microsoft.Management","authorization":{"applicationId":"f2c304cf-8e7e-4c3f-8164-16299ad9d272","roleDefinitionId":"c1cf3708-588a-4647-be7f-f400bbe214cf"},"resourceTypes":[{"resourceType":"resources","locations":[],"apiVersions":["2017-11-01-preview","2017-08-31-preview","2017-06-30-preview","2017-05-31-preview"]},{"resourceType":"managementGroups","locations":[],"apiVersions":["2018-03-01-preview","2018-01-01-preview","2017-11-01-preview","2017-08-31-preview","2017-06-30-preview","2017-05-31-preview"]},{"resourceType":"getEntities","locations":[],"apiVersions":["2018-03-01-preview","2018-01-01-preview"]},{"resourceType":"checkNameAvailability","locations":[],"apiVersions":["2018-03-01-preview","2018-01-01-preview"]},{"resourceType":"operationResults","locations":[],"apiVersions":["2018-03-01-preview","2018-01-01-preview"]},{"resourceType":"operations","locations":[],"apiVersions":["2018-03-01-preview","2018-01-01-preview","2017-11-01-preview","2017-08-31-preview","2017-06-30-preview","2017-05-31-preview"]},{"resourceType":"tenantBackfillStatus","locations":[],"apiVersions":["2018-03-01-preview"]},{"resourceType":"startTenantBackfill","locations":[],"apiVersions":["2018-03-01-preview"]}],"registrationState":"Registered"}'}
    headers:
      cache-control: [no-cache]
      content-length: ['1342']
      content-type: [application/json; charset=utf-8]
      date: ['Wed, 13 Jun 2018 01:22:50 GMT']
      expires: ['-1']
      pragma: [no-cache]
      strict-transport-security: [max-age=31536000; includeSubDomains]
      transfer-encoding: [chunked]
      vary: [Accept-Encoding]
      x-content-type-options: [nosniff]
      x-ms-ratelimit-remaining-subscription-writes: ['1199']
    status: {code: 200, message: OK}
- request:
    body: null
    headers:
      Accept: [application/json]
      Accept-Encoding: ['gzip, deflate']
      CommandName: [account management-group delete]
      Connection: [keep-alive]
      Content-Type: [application/json; charset=utf-8]
      User-Agent: [python/3.6.5 (Windows-10-10.0.16299-SP0) requests/2.18.4 msrest/0.4.29
          msrest_azure/0.4.31 resourcemanagementclient/2.0.0rc2 Azure-SDK-For-Python
          AZURECLI/2.0.34]
      accept-language: [en-US]
    method: GET
    uri: https://management.azure.com/subscriptions/00000000-0000-0000-0000-000000000000/providers/Microsoft.Management?api-version=2018-05-01
  response:
    body: {string: '{"id":"/subscriptions/00000000-0000-0000-0000-000000000000/providers/Microsoft.Management","namespace":"Microsoft.Management","authorization":{"applicationId":"f2c304cf-8e7e-4c3f-8164-16299ad9d272","roleDefinitionId":"c1cf3708-588a-4647-be7f-f400bbe214cf"},"resourceTypes":[{"resourceType":"resources","locations":[],"apiVersions":["2017-11-01-preview","2017-08-31-preview","2017-06-30-preview","2017-05-31-preview"]},{"resourceType":"managementGroups","locations":[],"apiVersions":["2018-03-01-preview","2018-01-01-preview","2017-11-01-preview","2017-08-31-preview","2017-06-30-preview","2017-05-31-preview"]},{"resourceType":"getEntities","locations":[],"apiVersions":["2018-03-01-preview","2018-01-01-preview"]},{"resourceType":"checkNameAvailability","locations":[],"apiVersions":["2018-03-01-preview","2018-01-01-preview"]},{"resourceType":"operationResults","locations":[],"apiVersions":["2018-03-01-preview","2018-01-01-preview"]},{"resourceType":"operations","locations":[],"apiVersions":["2018-03-01-preview","2018-01-01-preview","2017-11-01-preview","2017-08-31-preview","2017-06-30-preview","2017-05-31-preview"]},{"resourceType":"tenantBackfillStatus","locations":[],"apiVersions":["2018-03-01-preview"]},{"resourceType":"startTenantBackfill","locations":[],"apiVersions":["2018-03-01-preview"]}],"registrationState":"Registered"}'}
    headers:
      cache-control: [no-cache]
      content-length: ['1342']
      content-type: [application/json; charset=utf-8]
      date: ['Wed, 13 Jun 2018 01:23:00 GMT']
      expires: ['-1']
      pragma: [no-cache]
      strict-transport-security: [max-age=31536000; includeSubDomains]
      vary: [Accept-Encoding]
      x-content-type-options: [nosniff]
    status: {code: 200, message: OK}
- request:
    body: null
    headers:
      Accept: [application/json]
      Accept-Encoding: ['gzip, deflate']
      Cache-Control: [no-cache]
      CommandName: [account management-group delete]
      Connection: [keep-alive]
      Content-Length: ['0']
      Content-Type: [application/json; charset=utf-8]
      User-Agent: [python/3.6.5 (Windows-10-10.0.16299-SP0) requests/2.18.4 msrest/0.4.29
          msrest_azure/0.4.31 azure-mgmt-managementgroups/0.1.0 Azure-SDK-For-Python
          AZURECLI/2.0.34]
      accept-language: [en-US]
    method: DELETE
    uri: https://management.azure.com/providers/Microsoft.Management/managementGroups/testcligetgroup3?api-version=2018-03-01-preview
  response:
    body: {string: '{"id":"/providers/Microsoft.Management/managementGroups/testcligetgroup3","type":"/providers/Microsoft.Management/managementGroups","name":"testcligetgroup3","status":"NotStarted"}'}
    headers:
      cache-control: [no-cache]
      content-length: ['180']
      content-type: [application/json; charset=utf-8]
      date: ['Wed, 13 Jun 2018 01:23:01 GMT']
      expires: ['-1']
      location: ['https://management.azure.com/providers/Microsoft.Management/operationResults/delete/managementGroups/testcligetgroup3?api-version=2018-03-01-preview']
      pragma: [no-cache]
      request-id: [06254f75-62c7-457c-9742-4a73df0ee1ec]
      server: [Microsoft-IIS/8.5]
      strict-transport-security: [max-age=31536000; includeSubDomains]
      x-aspnet-version: [4.0.30319]
      x-ba-restapi: [1.0.3.731]
      x-content-type-options: [nosniff]
      x-ms-ratelimit-remaining-tenant-writes: ['1199']
      x-powered-by: [ASP.NET]
    status: {code: 202, message: Accepted}
- request:
    body: null
    headers:
      Accept: [application/json]
      Accept-Encoding: ['gzip, deflate']
      CommandName: [account management-group delete]
      Connection: [keep-alive]
      User-Agent: [python/3.6.5 (Windows-10-10.0.16299-SP0) requests/2.18.4 msrest/0.4.29
          msrest_azure/0.4.31 azure-mgmt-managementgroups/0.1.0 Azure-SDK-For-Python
          AZURECLI/2.0.34]
    method: GET
    uri: https://management.azure.com/providers/Microsoft.Management/operationResults/delete/managementGroups/testcligetgroup3?api-version=2018-03-01-preview
  response:
    body: {string: '{"id":"/providers/Microsoft.Management/managementGroups/testcligetgroup3","type":"/providers/Microsoft.Management/managementGroups","name":"testcligetgroup3","status":"Succeeded"}'}
    headers:
      cache-control: [no-cache]
      content-length: ['179']
      content-type: [application/json; charset=utf-8]
      date: ['Wed, 13 Jun 2018 01:23:12 GMT']
      expires: ['-1']
      pragma: [no-cache]
      request-id: [eb854fcc-1542-4e54-af82-aa58e02fe660]
      server: [Microsoft-IIS/8.5]
      strict-transport-security: [max-age=31536000; includeSubDomains]
      transfer-encoding: [chunked]
      vary: ['Accept-Encoding,Accept-Encoding']
      x-aspnet-version: [4.0.30319]
      x-ba-restapi: [1.0.3.731]
      x-content-type-options: [nosniff]
      x-powered-by: [ASP.NET]
    status: {code: 200, message: OK}
- request:
    body: null
    headers:
      Accept: [application/json]
      Accept-Encoding: ['gzip, deflate']
      CommandName: [account management-group delete]
      Connection: [keep-alive]
      Content-Length: ['0']
      Content-Type: [application/json; charset=utf-8]
      User-Agent: [python/3.6.5 (Windows-10-10.0.16299-SP0) requests/2.18.4 msrest/0.4.29
          msrest_azure/0.4.31 resourcemanagementclient/2.0.0rc2 Azure-SDK-For-Python
          AZURECLI/2.0.34]
      accept-language: [en-US]
    method: POST
    uri: https://management.azure.com/subscriptions/00000000-0000-0000-0000-000000000000/providers/Microsoft.Management/register?api-version=2018-05-01
  response:
    body: {string: '{"id":"/subscriptions/00000000-0000-0000-0000-000000000000/providers/Microsoft.Management","namespace":"Microsoft.Management","authorization":{"applicationId":"f2c304cf-8e7e-4c3f-8164-16299ad9d272","roleDefinitionId":"c1cf3708-588a-4647-be7f-f400bbe214cf"},"resourceTypes":[{"resourceType":"resources","locations":[],"apiVersions":["2017-11-01-preview","2017-08-31-preview","2017-06-30-preview","2017-05-31-preview"]},{"resourceType":"managementGroups","locations":[],"apiVersions":["2018-03-01-preview","2018-01-01-preview","2017-11-01-preview","2017-08-31-preview","2017-06-30-preview","2017-05-31-preview"]},{"resourceType":"getEntities","locations":[],"apiVersions":["2018-03-01-preview","2018-01-01-preview"]},{"resourceType":"checkNameAvailability","locations":[],"apiVersions":["2018-03-01-preview","2018-01-01-preview"]},{"resourceType":"operationResults","locations":[],"apiVersions":["2018-03-01-preview","2018-01-01-preview"]},{"resourceType":"operations","locations":[],"apiVersions":["2018-03-01-preview","2018-01-01-preview","2017-11-01-preview","2017-08-31-preview","2017-06-30-preview","2017-05-31-preview"]},{"resourceType":"tenantBackfillStatus","locations":[],"apiVersions":["2018-03-01-preview"]},{"resourceType":"startTenantBackfill","locations":[],"apiVersions":["2018-03-01-preview"]}],"registrationState":"Registered"}'}
    headers:
      cache-control: [no-cache]
      content-length: ['1342']
      content-type: [application/json; charset=utf-8]
      date: ['Wed, 13 Jun 2018 01:23:14 GMT']
      expires: ['-1']
      pragma: [no-cache]
      strict-transport-security: [max-age=31536000; includeSubDomains]
      transfer-encoding: [chunked]
      vary: [Accept-Encoding]
      x-content-type-options: [nosniff]
      x-ms-ratelimit-remaining-subscription-writes: ['1199']
    status: {code: 200, message: OK}
- request:
    body: null
    headers:
      Accept: [application/json]
      Accept-Encoding: ['gzip, deflate']
      CommandName: [account management-group delete]
      Connection: [keep-alive]
      Content-Type: [application/json; charset=utf-8]
      User-Agent: [python/3.6.5 (Windows-10-10.0.16299-SP0) requests/2.18.4 msrest/0.4.29
          msrest_azure/0.4.31 resourcemanagementclient/2.0.0rc2 Azure-SDK-For-Python
          AZURECLI/2.0.34]
      accept-language: [en-US]
    method: GET
    uri: https://management.azure.com/subscriptions/00000000-0000-0000-0000-000000000000/providers/Microsoft.Management?api-version=2018-05-01
  response:
    body: {string: '{"id":"/subscriptions/00000000-0000-0000-0000-000000000000/providers/Microsoft.Management","namespace":"Microsoft.Management","authorization":{"applicationId":"f2c304cf-8e7e-4c3f-8164-16299ad9d272","roleDefinitionId":"c1cf3708-588a-4647-be7f-f400bbe214cf"},"resourceTypes":[{"resourceType":"resources","locations":[],"apiVersions":["2017-11-01-preview","2017-08-31-preview","2017-06-30-preview","2017-05-31-preview"]},{"resourceType":"managementGroups","locations":[],"apiVersions":["2018-03-01-preview","2018-01-01-preview","2017-11-01-preview","2017-08-31-preview","2017-06-30-preview","2017-05-31-preview"]},{"resourceType":"getEntities","locations":[],"apiVersions":["2018-03-01-preview","2018-01-01-preview"]},{"resourceType":"checkNameAvailability","locations":[],"apiVersions":["2018-03-01-preview","2018-01-01-preview"]},{"resourceType":"operationResults","locations":[],"apiVersions":["2018-03-01-preview","2018-01-01-preview"]},{"resourceType":"operations","locations":[],"apiVersions":["2018-03-01-preview","2018-01-01-preview","2017-11-01-preview","2017-08-31-preview","2017-06-30-preview","2017-05-31-preview"]},{"resourceType":"tenantBackfillStatus","locations":[],"apiVersions":["2018-03-01-preview"]},{"resourceType":"startTenantBackfill","locations":[],"apiVersions":["2018-03-01-preview"]}],"registrationState":"Registered"}'}
    headers:
      cache-control: [no-cache]
      content-length: ['1342']
      content-type: [application/json; charset=utf-8]
      date: ['Wed, 13 Jun 2018 01:23:25 GMT']
      expires: ['-1']
      pragma: [no-cache]
      strict-transport-security: [max-age=31536000; includeSubDomains]
      vary: [Accept-Encoding]
      x-content-type-options: [nosniff]
    status: {code: 200, message: OK}
- request:
    body: null
    headers:
      Accept: [application/json]
      Accept-Encoding: ['gzip, deflate']
      Cache-Control: [no-cache]
      CommandName: [account management-group delete]
      Connection: [keep-alive]
      Content-Length: ['0']
      Content-Type: [application/json; charset=utf-8]
      User-Agent: [python/3.6.5 (Windows-10-10.0.16299-SP0) requests/2.18.4 msrest/0.4.29
          msrest_azure/0.4.31 azure-mgmt-managementgroups/0.1.0 Azure-SDK-For-Python
          AZURECLI/2.0.34]
      accept-language: [en-US]
    method: DELETE
    uri: https://management.azure.com/providers/Microsoft.Management/managementGroups/testcligetgroup2?api-version=2018-03-01-preview
  response:
    body: {string: '{"id":"/providers/Microsoft.Management/managementGroups/testcligetgroup2","type":"/providers/Microsoft.Management/managementGroups","name":"testcligetgroup2","status":"NotStarted"}'}
    headers:
      cache-control: [no-cache]
      content-length: ['180']
      content-type: [application/json; charset=utf-8]
      date: ['Wed, 13 Jun 2018 01:23:25 GMT']
      expires: ['-1']
      location: ['https://management.azure.com/providers/Microsoft.Management/operationResults/delete/managementGroups/testcligetgroup2?api-version=2018-03-01-preview']
      pragma: [no-cache]
      request-id: [e7181a73-91ce-46e2-9669-8cc73c1d22ad]
      server: [Microsoft-IIS/8.5]
      strict-transport-security: [max-age=31536000; includeSubDomains]
      x-aspnet-version: [4.0.30319]
      x-ba-restapi: [1.0.3.731]
      x-content-type-options: [nosniff]
      x-ms-ratelimit-remaining-tenant-writes: ['1199']
      x-powered-by: [ASP.NET]
    status: {code: 202, message: Accepted}
- request:
    body: null
    headers:
      Accept: [application/json]
      Accept-Encoding: ['gzip, deflate']
      CommandName: [account management-group delete]
      Connection: [keep-alive]
      User-Agent: [python/3.6.5 (Windows-10-10.0.16299-SP0) requests/2.18.4 msrest/0.4.29
          msrest_azure/0.4.31 azure-mgmt-managementgroups/0.1.0 Azure-SDK-For-Python
          AZURECLI/2.0.34]
    method: GET
    uri: https://management.azure.com/providers/Microsoft.Management/operationResults/delete/managementGroups/testcligetgroup2?api-version=2018-03-01-preview
  response:
    body: {string: '{"id":"/providers/Microsoft.Management/managementGroups/testcligetgroup2","type":"/providers/Microsoft.Management/managementGroups","name":"testcligetgroup2","status":"Succeeded"}'}
    headers:
      cache-control: [no-cache]
      content-length: ['179']
      content-type: [application/json; charset=utf-8]
      date: ['Wed, 13 Jun 2018 01:23:36 GMT']
      expires: ['-1']
      pragma: [no-cache]
      request-id: [bf4304b8-a3f4-4eed-a879-a86f7a08c6dd]
      server: [Microsoft-IIS/8.5]
      strict-transport-security: [max-age=31536000; includeSubDomains]
      transfer-encoding: [chunked]
      vary: ['Accept-Encoding,Accept-Encoding']
      x-aspnet-version: [4.0.30319]
      x-ba-restapi: [1.0.3.731]
      x-content-type-options: [nosniff]
      x-powered-by: [ASP.NET]
    status: {code: 200, message: OK}
- request:
    body: null
    headers:
      Accept: [application/json]
      Accept-Encoding: ['gzip, deflate']
      CommandName: [account management-group delete]
      Connection: [keep-alive]
      Content-Length: ['0']
      Content-Type: [application/json; charset=utf-8]
      User-Agent: [python/3.6.5 (Windows-10-10.0.16299-SP0) requests/2.18.4 msrest/0.4.29
          msrest_azure/0.4.31 resourcemanagementclient/2.0.0rc2 Azure-SDK-For-Python
          AZURECLI/2.0.34]
      accept-language: [en-US]
    method: POST
    uri: https://management.azure.com/subscriptions/00000000-0000-0000-0000-000000000000/providers/Microsoft.Management/register?api-version=2018-05-01
  response:
    body: {string: '{"id":"/subscriptions/00000000-0000-0000-0000-000000000000/providers/Microsoft.Management","namespace":"Microsoft.Management","authorization":{"applicationId":"f2c304cf-8e7e-4c3f-8164-16299ad9d272","roleDefinitionId":"c1cf3708-588a-4647-be7f-f400bbe214cf"},"resourceTypes":[{"resourceType":"resources","locations":[],"apiVersions":["2017-11-01-preview","2017-08-31-preview","2017-06-30-preview","2017-05-31-preview"]},{"resourceType":"managementGroups","locations":[],"apiVersions":["2018-03-01-preview","2018-01-01-preview","2017-11-01-preview","2017-08-31-preview","2017-06-30-preview","2017-05-31-preview"]},{"resourceType":"getEntities","locations":[],"apiVersions":["2018-03-01-preview","2018-01-01-preview"]},{"resourceType":"checkNameAvailability","locations":[],"apiVersions":["2018-03-01-preview","2018-01-01-preview"]},{"resourceType":"operationResults","locations":[],"apiVersions":["2018-03-01-preview","2018-01-01-preview"]},{"resourceType":"operations","locations":[],"apiVersions":["2018-03-01-preview","2018-01-01-preview","2017-11-01-preview","2017-08-31-preview","2017-06-30-preview","2017-05-31-preview"]},{"resourceType":"tenantBackfillStatus","locations":[],"apiVersions":["2018-03-01-preview"]},{"resourceType":"startTenantBackfill","locations":[],"apiVersions":["2018-03-01-preview"]}],"registrationState":"Registered"}'}
    headers:
      cache-control: [no-cache]
      content-length: ['1342']
      content-type: [application/json; charset=utf-8]
      date: ['Wed, 13 Jun 2018 01:23:37 GMT']
      expires: ['-1']
      pragma: [no-cache]
      strict-transport-security: [max-age=31536000; includeSubDomains]
      transfer-encoding: [chunked]
      vary: [Accept-Encoding]
      x-content-type-options: [nosniff]
      x-ms-ratelimit-remaining-subscription-writes: ['1198']
    status: {code: 200, message: OK}
- request:
    body: null
    headers:
      Accept: [application/json]
      Accept-Encoding: ['gzip, deflate']
      CommandName: [account management-group delete]
      Connection: [keep-alive]
      Content-Type: [application/json; charset=utf-8]
      User-Agent: [python/3.6.5 (Windows-10-10.0.16299-SP0) requests/2.18.4 msrest/0.4.29
          msrest_azure/0.4.31 resourcemanagementclient/2.0.0rc2 Azure-SDK-For-Python
          AZURECLI/2.0.34]
      accept-language: [en-US]
    method: GET
    uri: https://management.azure.com/subscriptions/00000000-0000-0000-0000-000000000000/providers/Microsoft.Management?api-version=2018-05-01
  response:
    body: {string: '{"id":"/subscriptions/00000000-0000-0000-0000-000000000000/providers/Microsoft.Management","namespace":"Microsoft.Management","authorization":{"applicationId":"f2c304cf-8e7e-4c3f-8164-16299ad9d272","roleDefinitionId":"c1cf3708-588a-4647-be7f-f400bbe214cf"},"resourceTypes":[{"resourceType":"resources","locations":[],"apiVersions":["2017-11-01-preview","2017-08-31-preview","2017-06-30-preview","2017-05-31-preview"]},{"resourceType":"managementGroups","locations":[],"apiVersions":["2018-03-01-preview","2018-01-01-preview","2017-11-01-preview","2017-08-31-preview","2017-06-30-preview","2017-05-31-preview"]},{"resourceType":"getEntities","locations":[],"apiVersions":["2018-03-01-preview","2018-01-01-preview"]},{"resourceType":"checkNameAvailability","locations":[],"apiVersions":["2018-03-01-preview","2018-01-01-preview"]},{"resourceType":"operationResults","locations":[],"apiVersions":["2018-03-01-preview","2018-01-01-preview"]},{"resourceType":"operations","locations":[],"apiVersions":["2018-03-01-preview","2018-01-01-preview","2017-11-01-preview","2017-08-31-preview","2017-06-30-preview","2017-05-31-preview"]},{"resourceType":"tenantBackfillStatus","locations":[],"apiVersions":["2018-03-01-preview"]},{"resourceType":"startTenantBackfill","locations":[],"apiVersions":["2018-03-01-preview"]}],"registrationState":"Registered"}'}
    headers:
      cache-control: [no-cache]
      content-length: ['1342']
      content-type: [application/json; charset=utf-8]
      date: ['Wed, 13 Jun 2018 01:23:48 GMT']
      expires: ['-1']
      pragma: [no-cache]
      strict-transport-security: [max-age=31536000; includeSubDomains]
      vary: [Accept-Encoding]
      x-content-type-options: [nosniff]
    status: {code: 200, message: OK}
- request:
    body: null
    headers:
      Accept: [application/json]
      Accept-Encoding: ['gzip, deflate']
      Cache-Control: [no-cache]
      CommandName: [account management-group delete]
      Connection: [keep-alive]
      Content-Length: ['0']
      Content-Type: [application/json; charset=utf-8]
      User-Agent: [python/3.6.5 (Windows-10-10.0.16299-SP0) requests/2.18.4 msrest/0.4.29
          msrest_azure/0.4.31 azure-mgmt-managementgroups/0.1.0 Azure-SDK-For-Python
          AZURECLI/2.0.34]
      accept-language: [en-US]
    method: DELETE
    uri: https://management.azure.com/providers/Microsoft.Management/managementGroups/testcligetgroup1?api-version=2018-03-01-preview
  response:
    body: {string: '{"id":"/providers/Microsoft.Management/managementGroups/testcligetgroup1","type":"/providers/Microsoft.Management/managementGroups","name":"testcligetgroup1","status":"NotStarted"}'}
    headers:
      cache-control: [no-cache]
      content-length: ['180']
      content-type: [application/json; charset=utf-8]
      date: ['Wed, 13 Jun 2018 01:23:50 GMT']
      expires: ['-1']
      location: ['https://management.azure.com/providers/Microsoft.Management/operationResults/delete/managementGroups/testcligetgroup1?api-version=2018-03-01-preview']
      pragma: [no-cache]
      request-id: [0ef35440-d045-4a6e-8cbd-b80b47bb4587]
      server: [Microsoft-IIS/8.5]
      strict-transport-security: [max-age=31536000; includeSubDomains]
      x-aspnet-version: [4.0.30319]
      x-ba-restapi: [1.0.3.731]
      x-content-type-options: [nosniff]
      x-ms-ratelimit-remaining-tenant-writes: ['1199']
      x-powered-by: [ASP.NET]
    status: {code: 202, message: Accepted}
- request:
    body: null
    headers:
      Accept: [application/json]
      Accept-Encoding: ['gzip, deflate']
      CommandName: [account management-group delete]
      Connection: [keep-alive]
      User-Agent: [python/3.6.5 (Windows-10-10.0.16299-SP0) requests/2.18.4 msrest/0.4.29
          msrest_azure/0.4.31 azure-mgmt-managementgroups/0.1.0 Azure-SDK-For-Python
          AZURECLI/2.0.34]
    method: GET
    uri: https://management.azure.com/providers/Microsoft.Management/operationResults/delete/managementGroups/testcligetgroup1?api-version=2018-03-01-preview
  response:
    body: {string: '{"id":"/providers/Microsoft.Management/managementGroups/testcligetgroup1","type":"/providers/Microsoft.Management/managementGroups","name":"testcligetgroup1","status":"Succeeded"}'}
    headers:
      cache-control: [no-cache]
      content-length: ['179']
      content-type: [application/json; charset=utf-8]
      date: ['Wed, 13 Jun 2018 01:24:00 GMT']
      expires: ['-1']
      pragma: [no-cache]
      request-id: [e5e052e7-88b3-40fd-8502-b36647155668]
      server: [Microsoft-IIS/8.5]
      strict-transport-security: [max-age=31536000; includeSubDomains]
      transfer-encoding: [chunked]
      vary: ['Accept-Encoding,Accept-Encoding']
      x-aspnet-version: [4.0.30319]
      x-ba-restapi: [1.0.3.731]
      x-content-type-options: [nosniff]
      x-powered-by: [ASP.NET]
    status: {code: 200, message: OK}
version: 1
