interactions:
- request:
    body: '{"location": "westus", "tags": {"product": "azurecli", "cause": "automation",
      "date": "2018-06-12T23:21:14Z"}}'
    headers:
      Accept: [application/json]
      Accept-Encoding: ['gzip, deflate']
      CommandName: [group create]
      Connection: [keep-alive]
      Content-Length: ['110']
      Content-Type: [application/json; charset=utf-8]
      User-Agent: [python/3.6.5 (Windows-10-10.0.16299-SP0) requests/2.18.4 msrest/0.4.29
          msrest_azure/0.4.31 resourcemanagementclient/2.0.0rc2 Azure-SDK-For-Python
          AZURECLI/2.0.34]
      accept-language: [en-US]
    method: PUT
    uri: https://management.azure.com/subscriptions/00000000-0000-0000-0000-000000000000/resourcegroups/cli_test_resource_move_dest000001?api-version=2018-05-01
  response:
    body: {string: '{"id":"/subscriptions/00000000-0000-0000-0000-000000000000/resourceGroups/cli_test_resource_move_dest000001","name":"cli_test_resource_move_dest000001","location":"westus","tags":{"product":"azurecli","cause":"automation","date":"2018-06-12T23:21:14Z"},"properties":{"provisioningState":"Succeeded"}}'}
    headers:
      cache-control: [no-cache]
      content-length: ['384']
      content-type: [application/json; charset=utf-8]
      date: ['Tue, 12 Jun 2018 23:21:15 GMT']
      expires: ['-1']
      pragma: [no-cache]
      strict-transport-security: [max-age=31536000; includeSubDomains]
      x-content-type-options: [nosniff]
      x-ms-ratelimit-remaining-subscription-writes: ['1199']
    status: {code: 201, message: Created}
- request:
    body: '{"location": "westus", "tags": {"product": "azurecli", "cause": "automation",
      "date": "2018-06-12T23:21:16Z"}}'
    headers:
      Accept: [application/json]
      Accept-Encoding: ['gzip, deflate']
      CommandName: [group create]
      Connection: [keep-alive]
      Content-Length: ['110']
      Content-Type: [application/json; charset=utf-8]
      User-Agent: [python/3.6.5 (Windows-10-10.0.16299-SP0) requests/2.18.4 msrest/0.4.29
          msrest_azure/0.4.31 resourcemanagementclient/2.0.0rc2 Azure-SDK-For-Python
          AZURECLI/2.0.34]
      accept-language: [en-US]
    method: PUT
    uri: https://management.azure.com/subscriptions/00000000-0000-0000-0000-000000000000/resourcegroups/cli_test_resource_move_source000002?api-version=2018-05-01
  response:
    body: {string: '{"id":"/subscriptions/00000000-0000-0000-0000-000000000000/resourceGroups/cli_test_resource_move_source000002","name":"cli_test_resource_move_source000002","location":"westus","tags":{"product":"azurecli","cause":"automation","date":"2018-06-12T23:21:16Z"},"properties":{"provisioningState":"Succeeded"}}'}
    headers:
      cache-control: [no-cache]
      content-length: ['384']
      content-type: [application/json; charset=utf-8]
      date: ['Tue, 12 Jun 2018 23:21:15 GMT']
      expires: ['-1']
      pragma: [no-cache]
      strict-transport-security: [max-age=31536000; includeSubDomains]
      x-content-type-options: [nosniff]
      x-ms-ratelimit-remaining-subscription-writes: ['1199']
    status: {code: 201, message: Created}
- request:
    body: null
    headers:
      Accept: [application/json]
      Accept-Encoding: ['gzip, deflate']
      CommandName: [network nsg create]
      Connection: [keep-alive]
      Content-Type: [application/json; charset=utf-8]
      User-Agent: [python/3.6.5 (Windows-10-10.0.16299-SP0) requests/2.18.4 msrest/0.4.29
          msrest_azure/0.4.31 resourcemanagementclient/2.0.0rc2 Azure-SDK-For-Python
          AZURECLI/2.0.34]
      accept-language: [en-US]
    method: GET
    uri: https://management.azure.com/subscriptions/00000000-0000-0000-0000-000000000000/resourcegroups/cli_test_resource_move_source000002?api-version=2018-05-01
  response:
    body: {string: '{"id":"/subscriptions/00000000-0000-0000-0000-000000000000/resourceGroups/cli_test_resource_move_source000002","name":"cli_test_resource_move_source000002","location":"westus","tags":{"product":"azurecli","cause":"automation","date":"2018-06-12T23:21:16Z"},"properties":{"provisioningState":"Succeeded"}}'}
    headers:
      cache-control: [no-cache]
      content-length: ['384']
      content-type: [application/json; charset=utf-8]
      date: ['Tue, 12 Jun 2018 23:21:16 GMT']
      expires: ['-1']
      pragma: [no-cache]
      strict-transport-security: [max-age=31536000; includeSubDomains]
      vary: [Accept-Encoding]
      x-content-type-options: [nosniff]
    status: {code: 200, message: OK}
- request:
    body: '{"location": "westus"}'
    headers:
      Accept: [application/json]
      Accept-Encoding: ['gzip, deflate']
      CommandName: [network nsg create]
      Connection: [keep-alive]
      Content-Length: ['22']
      Content-Type: [application/json; charset=utf-8]
      User-Agent: [python/3.6.5 (Windows-10-10.0.16299-SP0) requests/2.18.4 msrest/0.4.29
          msrest_azure/0.4.31 networkmanagementclient/2.0.0rc2 Azure-SDK-For-Python
          AZURECLI/2.0.34]
      accept-language: [en-US]
    method: PUT
    uri: https://management.azure.com/subscriptions/00000000-0000-0000-0000-000000000000/resourceGroups/cli_test_resource_move_source000002/providers/Microsoft.Network/networkSecurityGroups/nsg-move000003?api-version=2018-02-01
  response:
    body: {string: "{\r\n  \"name\": \"nsg-move000003\",\r\n  \"id\": \"/subscriptions/00000000-0000-0000-0000-000000000000/resourceGroups/cli_test_resource_move_source000002/providers/Microsoft.Network/networkSecurityGroups/nsg-move000003\"\
        ,\r\n  \"etag\": \"W/\\\"07734ba2-9be1-4aad-8816-ad85a531c0ac\\\"\",\r\n \
        \ \"type\": \"Microsoft.Network/networkSecurityGroups\",\r\n  \"location\"\
        : \"westus\",\r\n  \"properties\": {\r\n    \"provisioningState\": \"Updating\"\
        ,\r\n    \"resourceGuid\": \"add2f1ee-3e1c-42f1-b63b-78eb5503b44f\",\r\n \
        \   \"securityRules\": [],\r\n    \"defaultSecurityRules\": [\r\n      {\r\
        \n        \"name\": \"AllowVnetInBound\",\r\n        \"id\": \"/subscriptions/00000000-0000-0000-0000-000000000000/resourceGroups/cli_test_resource_move_source000002/providers/Microsoft.Network/networkSecurityGroups/nsg-move000003/defaultSecurityRules/AllowVnetInBound\"\
        ,\r\n        \"etag\": \"W/\\\"07734ba2-9be1-4aad-8816-ad85a531c0ac\\\"\"\
        ,\r\n        \"properties\": {\r\n          \"provisioningState\": \"Updating\"\
        ,\r\n          \"description\": \"Allow inbound traffic from all VMs in VNET\"\
        ,\r\n          \"protocol\": \"*\",\r\n          \"sourcePortRange\": \"*\"\
        ,\r\n          \"destinationPortRange\": \"*\",\r\n          \"sourceAddressPrefix\"\
        : \"VirtualNetwork\",\r\n          \"destinationAddressPrefix\": \"VirtualNetwork\"\
        ,\r\n          \"access\": \"Allow\",\r\n          \"priority\": 65000,\r\n\
        \          \"direction\": \"Inbound\",\r\n          \"sourcePortRanges\":\
        \ [],\r\n          \"destinationPortRanges\": [],\r\n          \"sourceAddressPrefixes\"\
        : [],\r\n          \"destinationAddressPrefixes\": []\r\n        }\r\n   \
        \   },\r\n      {\r\n        \"name\": \"AllowAzureLoadBalancerInBound\",\r\
        \n        \"id\": \"/subscriptions/00000000-0000-0000-0000-000000000000/resourceGroups/cli_test_resource_move_source000002/providers/Microsoft.Network/networkSecurityGroups/nsg-move000003/defaultSecurityRules/AllowAzureLoadBalancerInBound\"\
        ,\r\n        \"etag\": \"W/\\\"07734ba2-9be1-4aad-8816-ad85a531c0ac\\\"\"\
        ,\r\n        \"properties\": {\r\n          \"provisioningState\": \"Updating\"\
        ,\r\n          \"description\": \"Allow inbound traffic from azure load balancer\"\
        ,\r\n          \"protocol\": \"*\",\r\n          \"sourcePortRange\": \"*\"\
        ,\r\n          \"destinationPortRange\": \"*\",\r\n          \"sourceAddressPrefix\"\
        : \"AzureLoadBalancer\",\r\n          \"destinationAddressPrefix\": \"*\"\
        ,\r\n          \"access\": \"Allow\",\r\n          \"priority\": 65001,\r\n\
        \          \"direction\": \"Inbound\",\r\n          \"sourcePortRanges\":\
        \ [],\r\n          \"destinationPortRanges\": [],\r\n          \"sourceAddressPrefixes\"\
        : [],\r\n          \"destinationAddressPrefixes\": []\r\n        }\r\n   \
        \   },\r\n      {\r\n        \"name\": \"DenyAllInBound\",\r\n        \"id\"\
        : \"/subscriptions/00000000-0000-0000-0000-000000000000/resourceGroups/cli_test_resource_move_source000002/providers/Microsoft.Network/networkSecurityGroups/nsg-move000003/defaultSecurityRules/DenyAllInBound\"\
        ,\r\n        \"etag\": \"W/\\\"07734ba2-9be1-4aad-8816-ad85a531c0ac\\\"\"\
        ,\r\n        \"properties\": {\r\n          \"provisioningState\": \"Updating\"\
        ,\r\n          \"description\": \"Deny all inbound traffic\",\r\n        \
        \  \"protocol\": \"*\",\r\n          \"sourcePortRange\": \"*\",\r\n     \
        \     \"destinationPortRange\": \"*\",\r\n          \"sourceAddressPrefix\"\
        : \"*\",\r\n          \"destinationAddressPrefix\": \"*\",\r\n          \"\
        access\": \"Deny\",\r\n          \"priority\": 65500,\r\n          \"direction\"\
        : \"Inbound\",\r\n          \"sourcePortRanges\": [],\r\n          \"destinationPortRanges\"\
        : [],\r\n          \"sourceAddressPrefixes\": [],\r\n          \"destinationAddressPrefixes\"\
        : []\r\n        }\r\n      },\r\n      {\r\n        \"name\": \"AllowVnetOutBound\"\
        ,\r\n        \"id\": \"/subscriptions/00000000-0000-0000-0000-000000000000/resourceGroups/cli_test_resource_move_source000002/providers/Microsoft.Network/networkSecurityGroups/nsg-move000003/defaultSecurityRules/AllowVnetOutBound\"\
        ,\r\n        \"etag\": \"W/\\\"07734ba2-9be1-4aad-8816-ad85a531c0ac\\\"\"\
        ,\r\n        \"properties\": {\r\n          \"provisioningState\": \"Updating\"\
        ,\r\n          \"description\": \"Allow outbound traffic from all VMs to all\
        \ VMs in VNET\",\r\n          \"protocol\": \"*\",\r\n          \"sourcePortRange\"\
        : \"*\",\r\n          \"destinationPortRange\": \"*\",\r\n          \"sourceAddressPrefix\"\
        : \"VirtualNetwork\",\r\n          \"destinationAddressPrefix\": \"VirtualNetwork\"\
        ,\r\n          \"access\": \"Allow\",\r\n          \"priority\": 65000,\r\n\
        \          \"direction\": \"Outbound\",\r\n          \"sourcePortRanges\"\
        : [],\r\n          \"destinationPortRanges\": [],\r\n          \"sourceAddressPrefixes\"\
        : [],\r\n          \"destinationAddressPrefixes\": []\r\n        }\r\n   \
        \   },\r\n      {\r\n        \"name\": \"AllowInternetOutBound\",\r\n    \
        \    \"id\": \"/subscriptions/00000000-0000-0000-0000-000000000000/resourceGroups/cli_test_resource_move_source000002/providers/Microsoft.Network/networkSecurityGroups/nsg-move000003/defaultSecurityRules/AllowInternetOutBound\"\
        ,\r\n        \"etag\": \"W/\\\"07734ba2-9be1-4aad-8816-ad85a531c0ac\\\"\"\
        ,\r\n        \"properties\": {\r\n          \"provisioningState\": \"Updating\"\
        ,\r\n          \"description\": \"Allow outbound traffic from all VMs to Internet\"\
        ,\r\n          \"protocol\": \"*\",\r\n          \"sourcePortRange\": \"*\"\
        ,\r\n          \"destinationPortRange\": \"*\",\r\n          \"sourceAddressPrefix\"\
        : \"*\",\r\n          \"destinationAddressPrefix\": \"Internet\",\r\n    \
        \      \"access\": \"Allow\",\r\n          \"priority\": 65001,\r\n      \
        \    \"direction\": \"Outbound\",\r\n          \"sourcePortRanges\": [],\r\
        \n          \"destinationPortRanges\": [],\r\n          \"sourceAddressPrefixes\"\
        : [],\r\n          \"destinationAddressPrefixes\": []\r\n        }\r\n   \
        \   },\r\n      {\r\n        \"name\": \"DenyAllOutBound\",\r\n        \"\
        id\": \"/subscriptions/00000000-0000-0000-0000-000000000000/resourceGroups/cli_test_resource_move_source000002/providers/Microsoft.Network/networkSecurityGroups/nsg-move000003/defaultSecurityRules/DenyAllOutBound\"\
        ,\r\n        \"etag\": \"W/\\\"07734ba2-9be1-4aad-8816-ad85a531c0ac\\\"\"\
        ,\r\n        \"properties\": {\r\n          \"provisioningState\": \"Updating\"\
        ,\r\n          \"description\": \"Deny all outbound traffic\",\r\n       \
        \   \"protocol\": \"*\",\r\n          \"sourcePortRange\": \"*\",\r\n    \
        \      \"destinationPortRange\": \"*\",\r\n          \"sourceAddressPrefix\"\
        : \"*\",\r\n          \"destinationAddressPrefix\": \"*\",\r\n          \"\
        access\": \"Deny\",\r\n          \"priority\": 65500,\r\n          \"direction\"\
        : \"Outbound\",\r\n          \"sourcePortRanges\": [],\r\n          \"destinationPortRanges\"\
        : [],\r\n          \"sourceAddressPrefixes\": [],\r\n          \"destinationAddressPrefixes\"\
        : []\r\n        }\r\n      }\r\n    ]\r\n  }\r\n}"}
    headers:
      azure-asyncoperation: ['https://management.azure.com/subscriptions/00000000-0000-0000-0000-000000000000/providers/Microsoft.Network/locations/westus/operations/ccdd5bca-5ad5-4b65-b9f8-447b18867feb?api-version=2018-02-01']
      cache-control: [no-cache]
      content-length: ['6567']
      content-type: [application/json; charset=utf-8]
      date: ['Tue, 12 Jun 2018 23:21:16 GMT']
      expires: ['-1']
      pragma: [no-cache]
      server: [Microsoft-HTTPAPI/2.0, Microsoft-HTTPAPI/2.0]
      strict-transport-security: [max-age=31536000; includeSubDomains]
      x-content-type-options: [nosniff]
      x-ms-ratelimit-remaining-subscription-writes: ['1198']
    status: {code: 201, message: Created}
- request:
    body: null
    headers:
      Accept: [application/json]
      Accept-Encoding: ['gzip, deflate']
      CommandName: [network nsg create]
      Connection: [keep-alive]
      User-Agent: [python/3.6.5 (Windows-10-10.0.16299-SP0) requests/2.18.4 msrest/0.4.29
          msrest_azure/0.4.31 networkmanagementclient/2.0.0rc2 Azure-SDK-For-Python
          AZURECLI/2.0.34]
    method: GET
    uri: https://management.azure.com/subscriptions/00000000-0000-0000-0000-000000000000/providers/Microsoft.Network/locations/westus/operations/ccdd5bca-5ad5-4b65-b9f8-447b18867feb?api-version=2018-02-01
  response:
    body: {string: "{\r\n  \"status\": \"Succeeded\"\r\n}"}
    headers:
      cache-control: [no-cache]
      content-length: ['29']
      content-type: [application/json; charset=utf-8]
      date: ['Tue, 12 Jun 2018 23:21:27 GMT']
      expires: ['-1']
      pragma: [no-cache]
      server: [Microsoft-HTTPAPI/2.0, Microsoft-HTTPAPI/2.0]
      strict-transport-security: [max-age=31536000; includeSubDomains]
      transfer-encoding: [chunked]
      vary: [Accept-Encoding]
      x-content-type-options: [nosniff]
    status: {code: 200, message: OK}
- request:
    body: null
    headers:
      Accept: [application/json]
      Accept-Encoding: ['gzip, deflate']
      CommandName: [network nsg create]
      Connection: [keep-alive]
      User-Agent: [python/3.6.5 (Windows-10-10.0.16299-SP0) requests/2.18.4 msrest/0.4.29
          msrest_azure/0.4.31 networkmanagementclient/2.0.0rc2 Azure-SDK-For-Python
          AZURECLI/2.0.34]
    method: GET
    uri: https://management.azure.com/subscriptions/00000000-0000-0000-0000-000000000000/resourceGroups/cli_test_resource_move_source000002/providers/Microsoft.Network/networkSecurityGroups/nsg-move000003?api-version=2018-02-01
  response:
    body: {string: "{\r\n  \"name\": \"nsg-move000003\",\r\n  \"id\": \"/subscriptions/00000000-0000-0000-0000-000000000000/resourceGroups/cli_test_resource_move_source000002/providers/Microsoft.Network/networkSecurityGroups/nsg-move000003\"\
        ,\r\n  \"etag\": \"W/\\\"bae29ee9-bea8-416d-8a18-af8291f02789\\\"\",\r\n \
        \ \"type\": \"Microsoft.Network/networkSecurityGroups\",\r\n  \"location\"\
        : \"westus\",\r\n  \"properties\": {\r\n    \"provisioningState\": \"Succeeded\"\
        ,\r\n    \"resourceGuid\": \"add2f1ee-3e1c-42f1-b63b-78eb5503b44f\",\r\n \
        \   \"securityRules\": [],\r\n    \"defaultSecurityRules\": [\r\n      {\r\
        \n        \"name\": \"AllowVnetInBound\",\r\n        \"id\": \"/subscriptions/00000000-0000-0000-0000-000000000000/resourceGroups/cli_test_resource_move_source000002/providers/Microsoft.Network/networkSecurityGroups/nsg-move000003/defaultSecurityRules/AllowVnetInBound\"\
        ,\r\n        \"etag\": \"W/\\\"bae29ee9-bea8-416d-8a18-af8291f02789\\\"\"\
        ,\r\n        \"properties\": {\r\n          \"provisioningState\": \"Succeeded\"\
        ,\r\n          \"description\": \"Allow inbound traffic from all VMs in VNET\"\
        ,\r\n          \"protocol\": \"*\",\r\n          \"sourcePortRange\": \"*\"\
        ,\r\n          \"destinationPortRange\": \"*\",\r\n          \"sourceAddressPrefix\"\
        : \"VirtualNetwork\",\r\n          \"destinationAddressPrefix\": \"VirtualNetwork\"\
        ,\r\n          \"access\": \"Allow\",\r\n          \"priority\": 65000,\r\n\
        \          \"direction\": \"Inbound\",\r\n          \"sourcePortRanges\":\
        \ [],\r\n          \"destinationPortRanges\": [],\r\n          \"sourceAddressPrefixes\"\
        : [],\r\n          \"destinationAddressPrefixes\": []\r\n        }\r\n   \
        \   },\r\n      {\r\n        \"name\": \"AllowAzureLoadBalancerInBound\",\r\
        \n        \"id\": \"/subscriptions/00000000-0000-0000-0000-000000000000/resourceGroups/cli_test_resource_move_source000002/providers/Microsoft.Network/networkSecurityGroups/nsg-move000003/defaultSecurityRules/AllowAzureLoadBalancerInBound\"\
        ,\r\n        \"etag\": \"W/\\\"bae29ee9-bea8-416d-8a18-af8291f02789\\\"\"\
        ,\r\n        \"properties\": {\r\n          \"provisioningState\": \"Succeeded\"\
        ,\r\n          \"description\": \"Allow inbound traffic from azure load balancer\"\
        ,\r\n          \"protocol\": \"*\",\r\n          \"sourcePortRange\": \"*\"\
        ,\r\n          \"destinationPortRange\": \"*\",\r\n          \"sourceAddressPrefix\"\
        : \"AzureLoadBalancer\",\r\n          \"destinationAddressPrefix\": \"*\"\
        ,\r\n          \"access\": \"Allow\",\r\n          \"priority\": 65001,\r\n\
        \          \"direction\": \"Inbound\",\r\n          \"sourcePortRanges\":\
        \ [],\r\n          \"destinationPortRanges\": [],\r\n          \"sourceAddressPrefixes\"\
        : [],\r\n          \"destinationAddressPrefixes\": []\r\n        }\r\n   \
        \   },\r\n      {\r\n        \"name\": \"DenyAllInBound\",\r\n        \"id\"\
        : \"/subscriptions/00000000-0000-0000-0000-000000000000/resourceGroups/cli_test_resource_move_source000002/providers/Microsoft.Network/networkSecurityGroups/nsg-move000003/defaultSecurityRules/DenyAllInBound\"\
        ,\r\n        \"etag\": \"W/\\\"bae29ee9-bea8-416d-8a18-af8291f02789\\\"\"\
        ,\r\n        \"properties\": {\r\n          \"provisioningState\": \"Succeeded\"\
        ,\r\n          \"description\": \"Deny all inbound traffic\",\r\n        \
        \  \"protocol\": \"*\",\r\n          \"sourcePortRange\": \"*\",\r\n     \
        \     \"destinationPortRange\": \"*\",\r\n          \"sourceAddressPrefix\"\
        : \"*\",\r\n          \"destinationAddressPrefix\": \"*\",\r\n          \"\
        access\": \"Deny\",\r\n          \"priority\": 65500,\r\n          \"direction\"\
        : \"Inbound\",\r\n          \"sourcePortRanges\": [],\r\n          \"destinationPortRanges\"\
        : [],\r\n          \"sourceAddressPrefixes\": [],\r\n          \"destinationAddressPrefixes\"\
        : []\r\n        }\r\n      },\r\n      {\r\n        \"name\": \"AllowVnetOutBound\"\
        ,\r\n        \"id\": \"/subscriptions/00000000-0000-0000-0000-000000000000/resourceGroups/cli_test_resource_move_source000002/providers/Microsoft.Network/networkSecurityGroups/nsg-move000003/defaultSecurityRules/AllowVnetOutBound\"\
        ,\r\n        \"etag\": \"W/\\\"bae29ee9-bea8-416d-8a18-af8291f02789\\\"\"\
        ,\r\n        \"properties\": {\r\n          \"provisioningState\": \"Succeeded\"\
        ,\r\n          \"description\": \"Allow outbound traffic from all VMs to all\
        \ VMs in VNET\",\r\n          \"protocol\": \"*\",\r\n          \"sourcePortRange\"\
        : \"*\",\r\n          \"destinationPortRange\": \"*\",\r\n          \"sourceAddressPrefix\"\
        : \"VirtualNetwork\",\r\n          \"destinationAddressPrefix\": \"VirtualNetwork\"\
        ,\r\n          \"access\": \"Allow\",\r\n          \"priority\": 65000,\r\n\
        \          \"direction\": \"Outbound\",\r\n          \"sourcePortRanges\"\
        : [],\r\n          \"destinationPortRanges\": [],\r\n          \"sourceAddressPrefixes\"\
        : [],\r\n          \"destinationAddressPrefixes\": []\r\n        }\r\n   \
        \   },\r\n      {\r\n        \"name\": \"AllowInternetOutBound\",\r\n    \
        \    \"id\": \"/subscriptions/00000000-0000-0000-0000-000000000000/resourceGroups/cli_test_resource_move_source000002/providers/Microsoft.Network/networkSecurityGroups/nsg-move000003/defaultSecurityRules/AllowInternetOutBound\"\
        ,\r\n        \"etag\": \"W/\\\"bae29ee9-bea8-416d-8a18-af8291f02789\\\"\"\
        ,\r\n        \"properties\": {\r\n          \"provisioningState\": \"Succeeded\"\
        ,\r\n          \"description\": \"Allow outbound traffic from all VMs to Internet\"\
        ,\r\n          \"protocol\": \"*\",\r\n          \"sourcePortRange\": \"*\"\
        ,\r\n          \"destinationPortRange\": \"*\",\r\n          \"sourceAddressPrefix\"\
        : \"*\",\r\n          \"destinationAddressPrefix\": \"Internet\",\r\n    \
        \      \"access\": \"Allow\",\r\n          \"priority\": 65001,\r\n      \
        \    \"direction\": \"Outbound\",\r\n          \"sourcePortRanges\": [],\r\
        \n          \"destinationPortRanges\": [],\r\n          \"sourceAddressPrefixes\"\
        : [],\r\n          \"destinationAddressPrefixes\": []\r\n        }\r\n   \
        \   },\r\n      {\r\n        \"name\": \"DenyAllOutBound\",\r\n        \"\
        id\": \"/subscriptions/00000000-0000-0000-0000-000000000000/resourceGroups/cli_test_resource_move_source000002/providers/Microsoft.Network/networkSecurityGroups/nsg-move000003/defaultSecurityRules/DenyAllOutBound\"\
        ,\r\n        \"etag\": \"W/\\\"bae29ee9-bea8-416d-8a18-af8291f02789\\\"\"\
        ,\r\n        \"properties\": {\r\n          \"provisioningState\": \"Succeeded\"\
        ,\r\n          \"description\": \"Deny all outbound traffic\",\r\n       \
        \   \"protocol\": \"*\",\r\n          \"sourcePortRange\": \"*\",\r\n    \
        \      \"destinationPortRange\": \"*\",\r\n          \"sourceAddressPrefix\"\
        : \"*\",\r\n          \"destinationAddressPrefix\": \"*\",\r\n          \"\
        access\": \"Deny\",\r\n          \"priority\": 65500,\r\n          \"direction\"\
        : \"Outbound\",\r\n          \"sourcePortRanges\": [],\r\n          \"destinationPortRanges\"\
        : [],\r\n          \"sourceAddressPrefixes\": [],\r\n          \"destinationAddressPrefixes\"\
        : []\r\n        }\r\n      }\r\n    ]\r\n  }\r\n}"}
    headers:
      cache-control: [no-cache]
      content-length: ['6574']
      content-type: [application/json; charset=utf-8]
      date: ['Tue, 12 Jun 2018 23:21:26 GMT']
      etag: [W/"bae29ee9-bea8-416d-8a18-af8291f02789"]
      expires: ['-1']
      pragma: [no-cache]
      server: [Microsoft-HTTPAPI/2.0, Microsoft-HTTPAPI/2.0]
      strict-transport-security: [max-age=31536000; includeSubDomains]
      transfer-encoding: [chunked]
      vary: [Accept-Encoding]
      x-content-type-options: [nosniff]
    status: {code: 200, message: OK}
- request:
    body: null
    headers:
      Accept: [application/json]
      Accept-Encoding: ['gzip, deflate']
      CommandName: [network nsg create]
      Connection: [keep-alive]
      Content-Type: [application/json; charset=utf-8]
      User-Agent: [python/3.6.5 (Windows-10-10.0.16299-SP0) requests/2.18.4 msrest/0.4.29
          msrest_azure/0.4.31 resourcemanagementclient/2.0.0rc2 Azure-SDK-For-Python
          AZURECLI/2.0.34]
      accept-language: [en-US]
    method: GET
    uri: https://management.azure.com/subscriptions/00000000-0000-0000-0000-000000000000/resourcegroups/cli_test_resource_move_source000002?api-version=2018-05-01
  response:
    body: {string: '{"id":"/subscriptions/00000000-0000-0000-0000-000000000000/resourceGroups/cli_test_resource_move_source000002","name":"cli_test_resource_move_source000002","location":"westus","tags":{"product":"azurecli","cause":"automation","date":"2018-06-12T23:21:16Z"},"properties":{"provisioningState":"Succeeded"}}'}
    headers:
      cache-control: [no-cache]
      content-length: ['384']
      content-type: [application/json; charset=utf-8]
      date: ['Tue, 12 Jun 2018 23:21:27 GMT']
      expires: ['-1']
      pragma: [no-cache]
      strict-transport-security: [max-age=31536000; includeSubDomains]
      vary: [Accept-Encoding]
      x-content-type-options: [nosniff]
    status: {code: 200, message: OK}
- request:
    body: '{"location": "westus"}'
    headers:
      Accept: [application/json]
      Accept-Encoding: ['gzip, deflate']
      CommandName: [network nsg create]
      Connection: [keep-alive]
      Content-Length: ['22']
      Content-Type: [application/json; charset=utf-8]
      User-Agent: [python/3.6.5 (Windows-10-10.0.16299-SP0) requests/2.18.4 msrest/0.4.29
          msrest_azure/0.4.31 networkmanagementclient/2.0.0rc2 Azure-SDK-For-Python
          AZURECLI/2.0.34]
      accept-language: [en-US]
    method: PUT
    uri: https://management.azure.com/subscriptions/00000000-0000-0000-0000-000000000000/resourceGroups/cli_test_resource_move_source000002/providers/Microsoft.Network/networkSecurityGroups/nsg-move000004?api-version=2018-02-01
  response:
    body: {string: "{\r\n  \"name\": \"nsg-move000004\",\r\n  \"id\": \"/subscriptions/00000000-0000-0000-0000-000000000000/resourceGroups/cli_test_resource_move_source000002/providers/Microsoft.Network/networkSecurityGroups/nsg-move000004\"\
        ,\r\n  \"etag\": \"W/\\\"e0ecd6fe-a035-4f5a-a936-b20e4dcae5a6\\\"\",\r\n \
        \ \"type\": \"Microsoft.Network/networkSecurityGroups\",\r\n  \"location\"\
        : \"westus\",\r\n  \"properties\": {\r\n    \"provisioningState\": \"Updating\"\
        ,\r\n    \"resourceGuid\": \"8c1f4483-6edb-4355-bad9-0d417a050e53\",\r\n \
        \   \"securityRules\": [],\r\n    \"defaultSecurityRules\": [\r\n      {\r\
        \n        \"name\": \"AllowVnetInBound\",\r\n        \"id\": \"/subscriptions/00000000-0000-0000-0000-000000000000/resourceGroups/cli_test_resource_move_source000002/providers/Microsoft.Network/networkSecurityGroups/nsg-move000004/defaultSecurityRules/AllowVnetInBound\"\
        ,\r\n        \"etag\": \"W/\\\"e0ecd6fe-a035-4f5a-a936-b20e4dcae5a6\\\"\"\
        ,\r\n        \"properties\": {\r\n          \"provisioningState\": \"Updating\"\
        ,\r\n          \"description\": \"Allow inbound traffic from all VMs in VNET\"\
        ,\r\n          \"protocol\": \"*\",\r\n          \"sourcePortRange\": \"*\"\
        ,\r\n          \"destinationPortRange\": \"*\",\r\n          \"sourceAddressPrefix\"\
        : \"VirtualNetwork\",\r\n          \"destinationAddressPrefix\": \"VirtualNetwork\"\
        ,\r\n          \"access\": \"Allow\",\r\n          \"priority\": 65000,\r\n\
        \          \"direction\": \"Inbound\",\r\n          \"sourcePortRanges\":\
        \ [],\r\n          \"destinationPortRanges\": [],\r\n          \"sourceAddressPrefixes\"\
        : [],\r\n          \"destinationAddressPrefixes\": []\r\n        }\r\n   \
        \   },\r\n      {\r\n        \"name\": \"AllowAzureLoadBalancerInBound\",\r\
        \n        \"id\": \"/subscriptions/00000000-0000-0000-0000-000000000000/resourceGroups/cli_test_resource_move_source000002/providers/Microsoft.Network/networkSecurityGroups/nsg-move000004/defaultSecurityRules/AllowAzureLoadBalancerInBound\"\
        ,\r\n        \"etag\": \"W/\\\"e0ecd6fe-a035-4f5a-a936-b20e4dcae5a6\\\"\"\
        ,\r\n        \"properties\": {\r\n          \"provisioningState\": \"Updating\"\
        ,\r\n          \"description\": \"Allow inbound traffic from azure load balancer\"\
        ,\r\n          \"protocol\": \"*\",\r\n          \"sourcePortRange\": \"*\"\
        ,\r\n          \"destinationPortRange\": \"*\",\r\n          \"sourceAddressPrefix\"\
        : \"AzureLoadBalancer\",\r\n          \"destinationAddressPrefix\": \"*\"\
        ,\r\n          \"access\": \"Allow\",\r\n          \"priority\": 65001,\r\n\
        \          \"direction\": \"Inbound\",\r\n          \"sourcePortRanges\":\
        \ [],\r\n          \"destinationPortRanges\": [],\r\n          \"sourceAddressPrefixes\"\
        : [],\r\n          \"destinationAddressPrefixes\": []\r\n        }\r\n   \
        \   },\r\n      {\r\n        \"name\": \"DenyAllInBound\",\r\n        \"id\"\
        : \"/subscriptions/00000000-0000-0000-0000-000000000000/resourceGroups/cli_test_resource_move_source000002/providers/Microsoft.Network/networkSecurityGroups/nsg-move000004/defaultSecurityRules/DenyAllInBound\"\
        ,\r\n        \"etag\": \"W/\\\"e0ecd6fe-a035-4f5a-a936-b20e4dcae5a6\\\"\"\
        ,\r\n        \"properties\": {\r\n          \"provisioningState\": \"Updating\"\
        ,\r\n          \"description\": \"Deny all inbound traffic\",\r\n        \
        \  \"protocol\": \"*\",\r\n          \"sourcePortRange\": \"*\",\r\n     \
        \     \"destinationPortRange\": \"*\",\r\n          \"sourceAddressPrefix\"\
        : \"*\",\r\n          \"destinationAddressPrefix\": \"*\",\r\n          \"\
        access\": \"Deny\",\r\n          \"priority\": 65500,\r\n          \"direction\"\
        : \"Inbound\",\r\n          \"sourcePortRanges\": [],\r\n          \"destinationPortRanges\"\
        : [],\r\n          \"sourceAddressPrefixes\": [],\r\n          \"destinationAddressPrefixes\"\
        : []\r\n        }\r\n      },\r\n      {\r\n        \"name\": \"AllowVnetOutBound\"\
        ,\r\n        \"id\": \"/subscriptions/00000000-0000-0000-0000-000000000000/resourceGroups/cli_test_resource_move_source000002/providers/Microsoft.Network/networkSecurityGroups/nsg-move000004/defaultSecurityRules/AllowVnetOutBound\"\
        ,\r\n        \"etag\": \"W/\\\"e0ecd6fe-a035-4f5a-a936-b20e4dcae5a6\\\"\"\
        ,\r\n        \"properties\": {\r\n          \"provisioningState\": \"Updating\"\
        ,\r\n          \"description\": \"Allow outbound traffic from all VMs to all\
        \ VMs in VNET\",\r\n          \"protocol\": \"*\",\r\n          \"sourcePortRange\"\
        : \"*\",\r\n          \"destinationPortRange\": \"*\",\r\n          \"sourceAddressPrefix\"\
        : \"VirtualNetwork\",\r\n          \"destinationAddressPrefix\": \"VirtualNetwork\"\
        ,\r\n          \"access\": \"Allow\",\r\n          \"priority\": 65000,\r\n\
        \          \"direction\": \"Outbound\",\r\n          \"sourcePortRanges\"\
        : [],\r\n          \"destinationPortRanges\": [],\r\n          \"sourceAddressPrefixes\"\
        : [],\r\n          \"destinationAddressPrefixes\": []\r\n        }\r\n   \
        \   },\r\n      {\r\n        \"name\": \"AllowInternetOutBound\",\r\n    \
        \    \"id\": \"/subscriptions/00000000-0000-0000-0000-000000000000/resourceGroups/cli_test_resource_move_source000002/providers/Microsoft.Network/networkSecurityGroups/nsg-move000004/defaultSecurityRules/AllowInternetOutBound\"\
        ,\r\n        \"etag\": \"W/\\\"e0ecd6fe-a035-4f5a-a936-b20e4dcae5a6\\\"\"\
        ,\r\n        \"properties\": {\r\n          \"provisioningState\": \"Updating\"\
        ,\r\n          \"description\": \"Allow outbound traffic from all VMs to Internet\"\
        ,\r\n          \"protocol\": \"*\",\r\n          \"sourcePortRange\": \"*\"\
        ,\r\n          \"destinationPortRange\": \"*\",\r\n          \"sourceAddressPrefix\"\
        : \"*\",\r\n          \"destinationAddressPrefix\": \"Internet\",\r\n    \
        \      \"access\": \"Allow\",\r\n          \"priority\": 65001,\r\n      \
        \    \"direction\": \"Outbound\",\r\n          \"sourcePortRanges\": [],\r\
        \n          \"destinationPortRanges\": [],\r\n          \"sourceAddressPrefixes\"\
        : [],\r\n          \"destinationAddressPrefixes\": []\r\n        }\r\n   \
        \   },\r\n      {\r\n        \"name\": \"DenyAllOutBound\",\r\n        \"\
        id\": \"/subscriptions/00000000-0000-0000-0000-000000000000/resourceGroups/cli_test_resource_move_source000002/providers/Microsoft.Network/networkSecurityGroups/nsg-move000004/defaultSecurityRules/DenyAllOutBound\"\
        ,\r\n        \"etag\": \"W/\\\"e0ecd6fe-a035-4f5a-a936-b20e4dcae5a6\\\"\"\
        ,\r\n        \"properties\": {\r\n          \"provisioningState\": \"Updating\"\
        ,\r\n          \"description\": \"Deny all outbound traffic\",\r\n       \
        \   \"protocol\": \"*\",\r\n          \"sourcePortRange\": \"*\",\r\n    \
        \      \"destinationPortRange\": \"*\",\r\n          \"sourceAddressPrefix\"\
        : \"*\",\r\n          \"destinationAddressPrefix\": \"*\",\r\n          \"\
        access\": \"Deny\",\r\n          \"priority\": 65500,\r\n          \"direction\"\
        : \"Outbound\",\r\n          \"sourcePortRanges\": [],\r\n          \"destinationPortRanges\"\
        : [],\r\n          \"sourceAddressPrefixes\": [],\r\n          \"destinationAddressPrefixes\"\
        : []\r\n        }\r\n      }\r\n    ]\r\n  }\r\n}"}
    headers:
      azure-asyncoperation: ['https://management.azure.com/subscriptions/00000000-0000-0000-0000-000000000000/providers/Microsoft.Network/locations/westus/operations/8c9d6610-2635-4232-bfd2-8092e0058e41?api-version=2018-02-01']
      cache-control: [no-cache]
      content-length: ['6567']
      content-type: [application/json; charset=utf-8]
      date: ['Tue, 12 Jun 2018 23:21:27 GMT']
      expires: ['-1']
      pragma: [no-cache]
      server: [Microsoft-HTTPAPI/2.0, Microsoft-HTTPAPI/2.0]
      strict-transport-security: [max-age=31536000; includeSubDomains]
      x-content-type-options: [nosniff]
      x-ms-ratelimit-remaining-subscription-writes: ['1198']
    status: {code: 201, message: Created}
- request:
    body: null
    headers:
      Accept: [application/json]
      Accept-Encoding: ['gzip, deflate']
      CommandName: [network nsg create]
      Connection: [keep-alive]
      User-Agent: [python/3.6.5 (Windows-10-10.0.16299-SP0) requests/2.18.4 msrest/0.4.29
          msrest_azure/0.4.31 networkmanagementclient/2.0.0rc2 Azure-SDK-For-Python
          AZURECLI/2.0.34]
    method: GET
    uri: https://management.azure.com/subscriptions/00000000-0000-0000-0000-000000000000/providers/Microsoft.Network/locations/westus/operations/8c9d6610-2635-4232-bfd2-8092e0058e41?api-version=2018-02-01
  response:
    body: {string: "{\r\n  \"status\": \"Succeeded\"\r\n}"}
    headers:
      cache-control: [no-cache]
      content-length: ['29']
      content-type: [application/json; charset=utf-8]
      date: ['Tue, 12 Jun 2018 23:21:38 GMT']
      expires: ['-1']
      pragma: [no-cache]
      server: [Microsoft-HTTPAPI/2.0, Microsoft-HTTPAPI/2.0]
      strict-transport-security: [max-age=31536000; includeSubDomains]
      transfer-encoding: [chunked]
      vary: [Accept-Encoding]
      x-content-type-options: [nosniff]
    status: {code: 200, message: OK}
- request:
    body: null
    headers:
      Accept: [application/json]
      Accept-Encoding: ['gzip, deflate']
      CommandName: [network nsg create]
      Connection: [keep-alive]
      User-Agent: [python/3.6.5 (Windows-10-10.0.16299-SP0) requests/2.18.4 msrest/0.4.29
          msrest_azure/0.4.31 networkmanagementclient/2.0.0rc2 Azure-SDK-For-Python
          AZURECLI/2.0.34]
    method: GET
    uri: https://management.azure.com/subscriptions/00000000-0000-0000-0000-000000000000/resourceGroups/cli_test_resource_move_source000002/providers/Microsoft.Network/networkSecurityGroups/nsg-move000004?api-version=2018-02-01
  response:
    body: {string: "{\r\n  \"name\": \"nsg-move000004\",\r\n  \"id\": \"/subscriptions/00000000-0000-0000-0000-000000000000/resourceGroups/cli_test_resource_move_source000002/providers/Microsoft.Network/networkSecurityGroups/nsg-move000004\"\
        ,\r\n  \"etag\": \"W/\\\"101720aa-85b1-446c-99d0-f1ddbaf58a9c\\\"\",\r\n \
        \ \"type\": \"Microsoft.Network/networkSecurityGroups\",\r\n  \"location\"\
        : \"westus\",\r\n  \"properties\": {\r\n    \"provisioningState\": \"Succeeded\"\
        ,\r\n    \"resourceGuid\": \"8c1f4483-6edb-4355-bad9-0d417a050e53\",\r\n \
        \   \"securityRules\": [],\r\n    \"defaultSecurityRules\": [\r\n      {\r\
        \n        \"name\": \"AllowVnetInBound\",\r\n        \"id\": \"/subscriptions/00000000-0000-0000-0000-000000000000/resourceGroups/cli_test_resource_move_source000002/providers/Microsoft.Network/networkSecurityGroups/nsg-move000004/defaultSecurityRules/AllowVnetInBound\"\
        ,\r\n        \"etag\": \"W/\\\"101720aa-85b1-446c-99d0-f1ddbaf58a9c\\\"\"\
        ,\r\n        \"properties\": {\r\n          \"provisioningState\": \"Succeeded\"\
        ,\r\n          \"description\": \"Allow inbound traffic from all VMs in VNET\"\
        ,\r\n          \"protocol\": \"*\",\r\n          \"sourcePortRange\": \"*\"\
        ,\r\n          \"destinationPortRange\": \"*\",\r\n          \"sourceAddressPrefix\"\
        : \"VirtualNetwork\",\r\n          \"destinationAddressPrefix\": \"VirtualNetwork\"\
        ,\r\n          \"access\": \"Allow\",\r\n          \"priority\": 65000,\r\n\
        \          \"direction\": \"Inbound\",\r\n          \"sourcePortRanges\":\
        \ [],\r\n          \"destinationPortRanges\": [],\r\n          \"sourceAddressPrefixes\"\
        : [],\r\n          \"destinationAddressPrefixes\": []\r\n        }\r\n   \
        \   },\r\n      {\r\n        \"name\": \"AllowAzureLoadBalancerInBound\",\r\
        \n        \"id\": \"/subscriptions/00000000-0000-0000-0000-000000000000/resourceGroups/cli_test_resource_move_source000002/providers/Microsoft.Network/networkSecurityGroups/nsg-move000004/defaultSecurityRules/AllowAzureLoadBalancerInBound\"\
        ,\r\n        \"etag\": \"W/\\\"101720aa-85b1-446c-99d0-f1ddbaf58a9c\\\"\"\
        ,\r\n        \"properties\": {\r\n          \"provisioningState\": \"Succeeded\"\
        ,\r\n          \"description\": \"Allow inbound traffic from azure load balancer\"\
        ,\r\n          \"protocol\": \"*\",\r\n          \"sourcePortRange\": \"*\"\
        ,\r\n          \"destinationPortRange\": \"*\",\r\n          \"sourceAddressPrefix\"\
        : \"AzureLoadBalancer\",\r\n          \"destinationAddressPrefix\": \"*\"\
        ,\r\n          \"access\": \"Allow\",\r\n          \"priority\": 65001,\r\n\
        \          \"direction\": \"Inbound\",\r\n          \"sourcePortRanges\":\
        \ [],\r\n          \"destinationPortRanges\": [],\r\n          \"sourceAddressPrefixes\"\
        : [],\r\n          \"destinationAddressPrefixes\": []\r\n        }\r\n   \
        \   },\r\n      {\r\n        \"name\": \"DenyAllInBound\",\r\n        \"id\"\
        : \"/subscriptions/00000000-0000-0000-0000-000000000000/resourceGroups/cli_test_resource_move_source000002/providers/Microsoft.Network/networkSecurityGroups/nsg-move000004/defaultSecurityRules/DenyAllInBound\"\
        ,\r\n        \"etag\": \"W/\\\"101720aa-85b1-446c-99d0-f1ddbaf58a9c\\\"\"\
        ,\r\n        \"properties\": {\r\n          \"provisioningState\": \"Succeeded\"\
        ,\r\n          \"description\": \"Deny all inbound traffic\",\r\n        \
        \  \"protocol\": \"*\",\r\n          \"sourcePortRange\": \"*\",\r\n     \
        \     \"destinationPortRange\": \"*\",\r\n          \"sourceAddressPrefix\"\
        : \"*\",\r\n          \"destinationAddressPrefix\": \"*\",\r\n          \"\
        access\": \"Deny\",\r\n          \"priority\": 65500,\r\n          \"direction\"\
        : \"Inbound\",\r\n          \"sourcePortRanges\": [],\r\n          \"destinationPortRanges\"\
        : [],\r\n          \"sourceAddressPrefixes\": [],\r\n          \"destinationAddressPrefixes\"\
        : []\r\n        }\r\n      },\r\n      {\r\n        \"name\": \"AllowVnetOutBound\"\
        ,\r\n        \"id\": \"/subscriptions/00000000-0000-0000-0000-000000000000/resourceGroups/cli_test_resource_move_source000002/providers/Microsoft.Network/networkSecurityGroups/nsg-move000004/defaultSecurityRules/AllowVnetOutBound\"\
        ,\r\n        \"etag\": \"W/\\\"101720aa-85b1-446c-99d0-f1ddbaf58a9c\\\"\"\
        ,\r\n        \"properties\": {\r\n          \"provisioningState\": \"Succeeded\"\
        ,\r\n          \"description\": \"Allow outbound traffic from all VMs to all\
        \ VMs in VNET\",\r\n          \"protocol\": \"*\",\r\n          \"sourcePortRange\"\
        : \"*\",\r\n          \"destinationPortRange\": \"*\",\r\n          \"sourceAddressPrefix\"\
        : \"VirtualNetwork\",\r\n          \"destinationAddressPrefix\": \"VirtualNetwork\"\
        ,\r\n          \"access\": \"Allow\",\r\n          \"priority\": 65000,\r\n\
        \          \"direction\": \"Outbound\",\r\n          \"sourcePortRanges\"\
        : [],\r\n          \"destinationPortRanges\": [],\r\n          \"sourceAddressPrefixes\"\
        : [],\r\n          \"destinationAddressPrefixes\": []\r\n        }\r\n   \
        \   },\r\n      {\r\n        \"name\": \"AllowInternetOutBound\",\r\n    \
        \    \"id\": \"/subscriptions/00000000-0000-0000-0000-000000000000/resourceGroups/cli_test_resource_move_source000002/providers/Microsoft.Network/networkSecurityGroups/nsg-move000004/defaultSecurityRules/AllowInternetOutBound\"\
        ,\r\n        \"etag\": \"W/\\\"101720aa-85b1-446c-99d0-f1ddbaf58a9c\\\"\"\
        ,\r\n        \"properties\": {\r\n          \"provisioningState\": \"Succeeded\"\
        ,\r\n          \"description\": \"Allow outbound traffic from all VMs to Internet\"\
        ,\r\n          \"protocol\": \"*\",\r\n          \"sourcePortRange\": \"*\"\
        ,\r\n          \"destinationPortRange\": \"*\",\r\n          \"sourceAddressPrefix\"\
        : \"*\",\r\n          \"destinationAddressPrefix\": \"Internet\",\r\n    \
        \      \"access\": \"Allow\",\r\n          \"priority\": 65001,\r\n      \
        \    \"direction\": \"Outbound\",\r\n          \"sourcePortRanges\": [],\r\
        \n          \"destinationPortRanges\": [],\r\n          \"sourceAddressPrefixes\"\
        : [],\r\n          \"destinationAddressPrefixes\": []\r\n        }\r\n   \
        \   },\r\n      {\r\n        \"name\": \"DenyAllOutBound\",\r\n        \"\
        id\": \"/subscriptions/00000000-0000-0000-0000-000000000000/resourceGroups/cli_test_resource_move_source000002/providers/Microsoft.Network/networkSecurityGroups/nsg-move000004/defaultSecurityRules/DenyAllOutBound\"\
        ,\r\n        \"etag\": \"W/\\\"101720aa-85b1-446c-99d0-f1ddbaf58a9c\\\"\"\
        ,\r\n        \"properties\": {\r\n          \"provisioningState\": \"Succeeded\"\
        ,\r\n          \"description\": \"Deny all outbound traffic\",\r\n       \
        \   \"protocol\": \"*\",\r\n          \"sourcePortRange\": \"*\",\r\n    \
        \      \"destinationPortRange\": \"*\",\r\n          \"sourceAddressPrefix\"\
        : \"*\",\r\n          \"destinationAddressPrefix\": \"*\",\r\n          \"\
        access\": \"Deny\",\r\n          \"priority\": 65500,\r\n          \"direction\"\
        : \"Outbound\",\r\n          \"sourcePortRanges\": [],\r\n          \"destinationPortRanges\"\
        : [],\r\n          \"sourceAddressPrefixes\": [],\r\n          \"destinationAddressPrefixes\"\
        : []\r\n        }\r\n      }\r\n    ]\r\n  }\r\n}"}
    headers:
      cache-control: [no-cache]
      content-length: ['6574']
      content-type: [application/json; charset=utf-8]
      date: ['Tue, 12 Jun 2018 23:21:37 GMT']
      etag: [W/"101720aa-85b1-446c-99d0-f1ddbaf58a9c"]
      expires: ['-1']
      pragma: [no-cache]
      server: [Microsoft-HTTPAPI/2.0, Microsoft-HTTPAPI/2.0]
      strict-transport-security: [max-age=31536000; includeSubDomains]
      transfer-encoding: [chunked]
      vary: [Accept-Encoding]
      x-content-type-options: [nosniff]
    status: {code: 200, message: OK}
- request:
    body: 'b''b\''b\\\''b\\\\\\\''{"resources": ["/subscriptions/00000000-0000-0000-0000-000000000000/resourceGroups/cli_test_resource_move_source000002/providers/Microsoft.Network/networkSecurityGroups/nsg-move000003",
      "/subscriptions/00000000-0000-0000-0000-000000000000/resourceGroups/cli_test_resource_move_source000002/providers/Microsoft.Network/networkSecurityGroups/nsg-move000004"],
      "targetResourceGroup": "/subscriptions/00000000-0000-0000-0000-000000000000/resourceGroups/cli_test_resource_move_dest000001"}\\\\\\\''\\\''\'''''
    headers:
      Accept: [application/json]
      Accept-Encoding: ['gzip, deflate']
      CommandName: [resource move]
      Connection: [keep-alive]
      Content-Length: ['618']
      Content-Type: [application/json; charset=utf-8]
      User-Agent: [python/3.6.5 (Windows-10-10.0.16299-SP0) requests/2.18.4 msrest/0.4.29
          msrest_azure/0.4.31 resourcemanagementclient/2.0.0rc2 Azure-SDK-For-Python
          AZURECLI/2.0.34]
      accept-language: [en-US]
    method: POST
    uri: https://management.azure.com/subscriptions/00000000-0000-0000-0000-000000000000/resourceGroups/cli_test_resource_move_source000002/moveResources?api-version=2018-05-01
  response:
    body: {string: ''}
    headers:
      cache-control: [no-cache]
      content-length: ['0']
      date: ['Tue, 12 Jun 2018 23:21:38 GMT']
      expires: ['-1']
      location: ['https://management.azure.com/subscriptions/00000000-0000-0000-0000-000000000000/operationresults/eyJqb2JJZCI6IlJFU09VUkNFQkFUQ0hNT1ZFSk9CLUNMSTo1RlRFU1Q6NUZSRVNPVVJDRTo1Rk1PVkU6NUZTT1VSQ0VSMlhUWUVNRlpCfEZGM0I3NzY5N0M5QUJFRTEtV0VTVFVTLU1PVkUiLCJqb2JMb2NhdGlvbiI6Indlc3R1cyJ9?api-version=2018-05-01']
      pragma: [no-cache]
      strict-transport-security: [max-age=31536000; includeSubDomains]
      x-content-type-options: [nosniff]
      x-ms-ratelimit-remaining-subscription-writes: ['1198']
    status: {code: 202, message: Accepted}
- request:
    body: null
    headers:
      Accept: [application/json]
      Accept-Encoding: ['gzip, deflate']
      CommandName: [resource move]
      Connection: [keep-alive]
      User-Agent: [python/3.6.5 (Windows-10-10.0.16299-SP0) requests/2.18.4 msrest/0.4.29
          msrest_azure/0.4.31 resourcemanagementclient/2.0.0rc2 Azure-SDK-For-Python
          AZURECLI/2.0.34]
    method: GET
    uri: https://management.azure.com/subscriptions/00000000-0000-0000-0000-000000000000/operationresults/eyJqb2JJZCI6IlJFU09VUkNFQkFUQ0hNT1ZFSk9CLUNMSTo1RlRFU1Q6NUZSRVNPVVJDRTo1Rk1PVkU6NUZTT1VSQ0VSMlhUWUVNRlpCfEZGM0I3NzY5N0M5QUJFRTEtV0VTVFVTLU1PVkUiLCJqb2JMb2NhdGlvbiI6Indlc3R1cyJ9?api-version=2018-05-01
  response:
    body: {string: ''}
    headers:
      cache-control: [no-cache]
      content-length: ['0']
      date: ['Tue, 12 Jun 2018 23:21:54 GMT']
      expires: ['-1']
      location: ['https://management.azure.com/subscriptions/00000000-0000-0000-0000-000000000000/operationresults/eyJqb2JJZCI6IlJFU09VUkNFQkFUQ0hNT1ZFSk9CLUNMSTo1RlRFU1Q6NUZSRVNPVVJDRTo1Rk1PVkU6NUZTT1VSQ0VSMlhUWUVNRlpCfEZGM0I3NzY5N0M5QUJFRTEtV0VTVFVTLU1PVkUiLCJqb2JMb2NhdGlvbiI6Indlc3R1cyJ9?api-version=2018-05-01']
      pragma: [no-cache]
      strict-transport-security: [max-age=31536000; includeSubDomains]
      x-content-type-options: [nosniff]
    status: {code: 202, message: Accepted}
- request:
    body: null
    headers:
      Accept: [application/json]
      Accept-Encoding: ['gzip, deflate']
      CommandName: [resource move]
      Connection: [keep-alive]
      User-Agent: [python/3.6.5 (Windows-10-10.0.16299-SP0) requests/2.18.4 msrest/0.4.29
          msrest_azure/0.4.31 resourcemanagementclient/2.0.0rc2 Azure-SDK-For-Python
          AZURECLI/2.0.34]
    method: GET
    uri: https://management.azure.com/subscriptions/00000000-0000-0000-0000-000000000000/operationresults/eyJqb2JJZCI6IlJFU09VUkNFQkFUQ0hNT1ZFSk9CLUNMSTo1RlRFU1Q6NUZSRVNPVVJDRTo1Rk1PVkU6NUZTT1VSQ0VSMlhUWUVNRlpCfEZGM0I3NzY5N0M5QUJFRTEtV0VTVFVTLU1PVkUiLCJqb2JMb2NhdGlvbiI6Indlc3R1cyJ9?api-version=2018-05-01
  response:
    body: {string: ''}
    headers:
      cache-control: [no-cache]
      content-length: ['0']
      date: ['Tue, 12 Jun 2018 23:22:09 GMT']
      expires: ['-1']
      location: ['https://management.azure.com/subscriptions/00000000-0000-0000-0000-000000000000/operationresults/eyJqb2JJZCI6IlJFU09VUkNFQkFUQ0hNT1ZFSk9CLUNMSTo1RlRFU1Q6NUZSRVNPVVJDRTo1Rk1PVkU6NUZTT1VSQ0VSMlhUWUVNRlpCfEZGM0I3NzY5N0M5QUJFRTEtV0VTVFVTLU1PVkUiLCJqb2JMb2NhdGlvbiI6Indlc3R1cyJ9?api-version=2018-05-01']
      pragma: [no-cache]
      strict-transport-security: [max-age=31536000; includeSubDomains]
      x-content-type-options: [nosniff]
    status: {code: 202, message: Accepted}
- request:
    body: null
    headers:
      Accept: [application/json]
      Accept-Encoding: ['gzip, deflate']
      CommandName: [resource move]
      Connection: [keep-alive]
      User-Agent: [python/3.6.5 (Windows-10-10.0.16299-SP0) requests/2.18.4 msrest/0.4.29
          msrest_azure/0.4.31 resourcemanagementclient/2.0.0rc2 Azure-SDK-For-Python
          AZURECLI/2.0.34]
    method: GET
    uri: https://management.azure.com/subscriptions/00000000-0000-0000-0000-000000000000/operationresults/eyJqb2JJZCI6IlJFU09VUkNFQkFUQ0hNT1ZFSk9CLUNMSTo1RlRFU1Q6NUZSRVNPVVJDRTo1Rk1PVkU6NUZTT1VSQ0VSMlhUWUVNRlpCfEZGM0I3NzY5N0M5QUJFRTEtV0VTVFVTLU1PVkUiLCJqb2JMb2NhdGlvbiI6Indlc3R1cyJ9?api-version=2018-05-01
  response:
    body: {string: ''}
    headers:
      cache-control: [no-cache]
      content-length: ['0']
      date: ['Tue, 12 Jun 2018 23:22:24 GMT']
      expires: ['-1']
      location: ['https://management.azure.com/subscriptions/00000000-0000-0000-0000-000000000000/operationresults/eyJqb2JJZCI6IlJFU09VUkNFQkFUQ0hNT1ZFSk9CLUNMSTo1RlRFU1Q6NUZSRVNPVVJDRTo1Rk1PVkU6NUZTT1VSQ0VSMlhUWUVNRlpCfEZGM0I3NzY5N0M5QUJFRTEtV0VTVFVTLU1PVkUiLCJqb2JMb2NhdGlvbiI6Indlc3R1cyJ9?api-version=2018-05-01']
      pragma: [no-cache]
      strict-transport-security: [max-age=31536000; includeSubDomains]
      x-content-type-options: [nosniff]
    status: {code: 202, message: Accepted}
- request:
    body: null
    headers:
      Accept: [application/json]
      Accept-Encoding: ['gzip, deflate']
      CommandName: [resource move]
      Connection: [keep-alive]
      User-Agent: [python/3.6.5 (Windows-10-10.0.16299-SP0) requests/2.18.4 msrest/0.4.29
          msrest_azure/0.4.31 resourcemanagementclient/2.0.0rc2 Azure-SDK-For-Python
          AZURECLI/2.0.34]
    method: GET
    uri: https://management.azure.com/subscriptions/00000000-0000-0000-0000-000000000000/operationresults/eyJqb2JJZCI6IlJFU09VUkNFQkFUQ0hNT1ZFSk9CLUNMSTo1RlRFU1Q6NUZSRVNPVVJDRTo1Rk1PVkU6NUZTT1VSQ0VSMlhUWUVNRlpCfEZGM0I3NzY5N0M5QUJFRTEtV0VTVFVTLU1PVkUiLCJqb2JMb2NhdGlvbiI6Indlc3R1cyJ9?api-version=2018-05-01
  response:
    body: {string: ''}
    headers:
      cache-control: [no-cache]
      content-length: ['0']
      date: ['Tue, 12 Jun 2018 23:22:39 GMT']
      expires: ['-1']
      location: ['https://management.azure.com/subscriptions/00000000-0000-0000-0000-000000000000/operationresults/eyJqb2JJZCI6IlJFU09VUkNFQkFUQ0hNT1ZFSk9CLUNMSTo1RlRFU1Q6NUZSRVNPVVJDRTo1Rk1PVkU6NUZTT1VSQ0VSMlhUWUVNRlpCfEZGM0I3NzY5N0M5QUJFRTEtV0VTVFVTLU1PVkUiLCJqb2JMb2NhdGlvbiI6Indlc3R1cyJ9?api-version=2018-05-01']
      pragma: [no-cache]
      strict-transport-security: [max-age=31536000; includeSubDomains]
      x-content-type-options: [nosniff]
    status: {code: 202, message: Accepted}
- request:
    body: null
    headers:
      Accept: [application/json]
      Accept-Encoding: ['gzip, deflate']
      CommandName: [resource move]
      Connection: [keep-alive]
      User-Agent: [python/3.6.5 (Windows-10-10.0.16299-SP0) requests/2.18.4 msrest/0.4.29
          msrest_azure/0.4.31 resourcemanagementclient/2.0.0rc2 Azure-SDK-For-Python
          AZURECLI/2.0.34]
    method: GET
    uri: https://management.azure.com/subscriptions/00000000-0000-0000-0000-000000000000/operationresults/eyJqb2JJZCI6IlJFU09VUkNFQkFUQ0hNT1ZFSk9CLUNMSTo1RlRFU1Q6NUZSRVNPVVJDRTo1Rk1PVkU6NUZTT1VSQ0VSMlhUWUVNRlpCfEZGM0I3NzY5N0M5QUJFRTEtV0VTVFVTLU1PVkUiLCJqb2JMb2NhdGlvbiI6Indlc3R1cyJ9?api-version=2018-05-01
  response:
    body: {string: ''}
    headers:
      cache-control: [no-cache]
      content-length: ['0']
      date: ['Tue, 12 Jun 2018 23:22:55 GMT']
      expires: ['-1']
      location: ['https://management.azure.com/subscriptions/00000000-0000-0000-0000-000000000000/operationresults/eyJqb2JJZCI6IlJFU09VUkNFQkFUQ0hNT1ZFSk9CLUNMSTo1RlRFU1Q6NUZSRVNPVVJDRTo1Rk1PVkU6NUZTT1VSQ0VSMlhUWUVNRlpCfEZGM0I3NzY5N0M5QUJFRTEtV0VTVFVTLU1PVkUiLCJqb2JMb2NhdGlvbiI6Indlc3R1cyJ9?api-version=2018-05-01']
      pragma: [no-cache]
      strict-transport-security: [max-age=31536000; includeSubDomains]
      x-content-type-options: [nosniff]
    status: {code: 202, message: Accepted}
- request:
    body: null
    headers:
      Accept: [application/json]
      Accept-Encoding: ['gzip, deflate']
      CommandName: [resource move]
      Connection: [keep-alive]
      User-Agent: [python/3.6.5 (Windows-10-10.0.16299-SP0) requests/2.18.4 msrest/0.4.29
          msrest_azure/0.4.31 resourcemanagementclient/2.0.0rc2 Azure-SDK-For-Python
          AZURECLI/2.0.34]
    method: GET
    uri: https://management.azure.com/subscriptions/00000000-0000-0000-0000-000000000000/operationresults/eyJqb2JJZCI6IlJFU09VUkNFQkFUQ0hNT1ZFSk9CLUNMSTo1RlRFU1Q6NUZSRVNPVVJDRTo1Rk1PVkU6NUZTT1VSQ0VSMlhUWUVNRlpCfEZGM0I3NzY5N0M5QUJFRTEtV0VTVFVTLU1PVkUiLCJqb2JMb2NhdGlvbiI6Indlc3R1cyJ9?api-version=2018-05-01
  response:
    body: {string: ''}
    headers:
      cache-control: [no-cache]
      content-length: ['0']
      date: ['Tue, 12 Jun 2018 23:23:10 GMT']
      expires: ['-1']
      location: ['https://management.azure.com/subscriptions/00000000-0000-0000-0000-000000000000/operationresults/eyJqb2JJZCI6IlJFU09VUkNFQkFUQ0hNT1ZFSk9CLUNMSTo1RlRFU1Q6NUZSRVNPVVJDRTo1Rk1PVkU6NUZTT1VSQ0VSMlhUWUVNRlpCfEZGM0I3NzY5N0M5QUJFRTEtV0VTVFVTLU1PVkUiLCJqb2JMb2NhdGlvbiI6Indlc3R1cyJ9?api-version=2018-05-01']
      pragma: [no-cache]
      strict-transport-security: [max-age=31536000; includeSubDomains]
      x-content-type-options: [nosniff]
    status: {code: 202, message: Accepted}
- request:
    body: null
    headers:
      Accept: [application/json]
      Accept-Encoding: ['gzip, deflate']
      CommandName: [resource move]
      Connection: [keep-alive]
      User-Agent: [python/3.6.5 (Windows-10-10.0.16299-SP0) requests/2.18.4 msrest/0.4.29
          msrest_azure/0.4.31 resourcemanagementclient/2.0.0rc2 Azure-SDK-For-Python
          AZURECLI/2.0.34]
    method: GET
    uri: https://management.azure.com/subscriptions/00000000-0000-0000-0000-000000000000/operationresults/eyJqb2JJZCI6IlJFU09VUkNFQkFUQ0hNT1ZFSk9CLUNMSTo1RlRFU1Q6NUZSRVNPVVJDRTo1Rk1PVkU6NUZTT1VSQ0VSMlhUWUVNRlpCfEZGM0I3NzY5N0M5QUJFRTEtV0VTVFVTLU1PVkUiLCJqb2JMb2NhdGlvbiI6Indlc3R1cyJ9?api-version=2018-05-01
  response:
    body: {string: ''}
    headers:
      cache-control: [no-cache]
      content-length: ['0']
      date: ['Tue, 12 Jun 2018 23:23:25 GMT']
      expires: ['-1']
      location: ['https://management.azure.com/subscriptions/00000000-0000-0000-0000-000000000000/operationresults/eyJqb2JJZCI6IlJFU09VUkNFQkFUQ0hNT1ZFSk9CLUNMSTo1RlRFU1Q6NUZSRVNPVVJDRTo1Rk1PVkU6NUZTT1VSQ0VSMlhUWUVNRlpCfEZGM0I3NzY5N0M5QUJFRTEtV0VTVFVTLU1PVkUiLCJqb2JMb2NhdGlvbiI6Indlc3R1cyJ9?api-version=2018-05-01']
      pragma: [no-cache]
      strict-transport-security: [max-age=31536000; includeSubDomains]
      x-content-type-options: [nosniff]
    status: {code: 202, message: Accepted}
- request:
    body: null
    headers:
      Accept: [application/json]
      Accept-Encoding: ['gzip, deflate']
      CommandName: [resource move]
      Connection: [keep-alive]
      User-Agent: [python/3.6.5 (Windows-10-10.0.16299-SP0) requests/2.18.4 msrest/0.4.29
          msrest_azure/0.4.31 resourcemanagementclient/2.0.0rc2 Azure-SDK-For-Python
          AZURECLI/2.0.34]
    method: GET
    uri: https://management.azure.com/subscriptions/00000000-0000-0000-0000-000000000000/operationresults/eyJqb2JJZCI6IlJFU09VUkNFQkFUQ0hNT1ZFSk9CLUNMSTo1RlRFU1Q6NUZSRVNPVVJDRTo1Rk1PVkU6NUZTT1VSQ0VSMlhUWUVNRlpCfEZGM0I3NzY5N0M5QUJFRTEtV0VTVFVTLU1PVkUiLCJqb2JMb2NhdGlvbiI6Indlc3R1cyJ9?api-version=2018-05-01
  response:
    body: {string: ''}
    headers:
      cache-control: [no-cache]
      content-length: ['0']
      date: ['Tue, 12 Jun 2018 23:23:40 GMT']
      expires: ['-1']
      location: ['https://management.azure.com/subscriptions/00000000-0000-0000-0000-000000000000/operationresults/eyJqb2JJZCI6IlJFU09VUkNFQkFUQ0hNT1ZFSk9CLUNMSTo1RlRFU1Q6NUZSRVNPVVJDRTo1Rk1PVkU6NUZTT1VSQ0VSMlhUWUVNRlpCfEZGM0I3NzY5N0M5QUJFRTEtV0VTVFVTLU1PVkUiLCJqb2JMb2NhdGlvbiI6Indlc3R1cyJ9?api-version=2018-05-01']
      pragma: [no-cache]
      strict-transport-security: [max-age=31536000; includeSubDomains]
      x-content-type-options: [nosniff]
    status: {code: 202, message: Accepted}
- request:
    body: null
    headers:
      Accept: [application/json]
      Accept-Encoding: ['gzip, deflate']
      CommandName: [resource move]
      Connection: [keep-alive]
      User-Agent: [python/3.6.5 (Windows-10-10.0.16299-SP0) requests/2.18.4 msrest/0.4.29
          msrest_azure/0.4.31 resourcemanagementclient/2.0.0rc2 Azure-SDK-For-Python
          AZURECLI/2.0.34]
    method: GET
    uri: https://management.azure.com/subscriptions/00000000-0000-0000-0000-000000000000/operationresults/eyJqb2JJZCI6IlJFU09VUkNFQkFUQ0hNT1ZFSk9CLUNMSTo1RlRFU1Q6NUZSRVNPVVJDRTo1Rk1PVkU6NUZTT1VSQ0VSMlhUWUVNRlpCfEZGM0I3NzY5N0M5QUJFRTEtV0VTVFVTLU1PVkUiLCJqb2JMb2NhdGlvbiI6Indlc3R1cyJ9?api-version=2018-05-01
  response:
    body: {string: ''}
    headers:
      cache-control: [no-cache]
      content-length: ['0']
      date: ['Tue, 12 Jun 2018 23:23:55 GMT']
      expires: ['-1']
      location: ['https://management.azure.com/subscriptions/00000000-0000-0000-0000-000000000000/operationresults/eyJqb2JJZCI6IlJFU09VUkNFQkFUQ0hNT1ZFSk9CLUNMSTo1RlRFU1Q6NUZSRVNPVVJDRTo1Rk1PVkU6NUZTT1VSQ0VSMlhUWUVNRlpCfEZGM0I3NzY5N0M5QUJFRTEtV0VTVFVTLU1PVkUiLCJqb2JMb2NhdGlvbiI6Indlc3R1cyJ9?api-version=2018-05-01']
      pragma: [no-cache]
      strict-transport-security: [max-age=31536000; includeSubDomains]
      x-content-type-options: [nosniff]
    status: {code: 202, message: Accepted}
- request:
    body: null
    headers:
      Accept: [application/json]
      Accept-Encoding: ['gzip, deflate']
      CommandName: [resource move]
      Connection: [keep-alive]
      User-Agent: [python/3.6.5 (Windows-10-10.0.16299-SP0) requests/2.18.4 msrest/0.4.29
          msrest_azure/0.4.31 resourcemanagementclient/2.0.0rc2 Azure-SDK-For-Python
          AZURECLI/2.0.34]
    method: GET
    uri: https://management.azure.com/subscriptions/00000000-0000-0000-0000-000000000000/operationresults/eyJqb2JJZCI6IlJFU09VUkNFQkFUQ0hNT1ZFSk9CLUNMSTo1RlRFU1Q6NUZSRVNPVVJDRTo1Rk1PVkU6NUZTT1VSQ0VSMlhUWUVNRlpCfEZGM0I3NzY5N0M5QUJFRTEtV0VTVFVTLU1PVkUiLCJqb2JMb2NhdGlvbiI6Indlc3R1cyJ9?api-version=2018-05-01
  response:
    body: {string: ''}
    headers:
      cache-control: [no-cache]
      content-length: ['0']
      date: ['Tue, 12 Jun 2018 23:24:11 GMT']
      expires: ['-1']
      location: ['https://management.azure.com/subscriptions/00000000-0000-0000-0000-000000000000/operationresults/eyJqb2JJZCI6IlJFU09VUkNFQkFUQ0hNT1ZFSk9CLUNMSTo1RlRFU1Q6NUZSRVNPVVJDRTo1Rk1PVkU6NUZTT1VSQ0VSMlhUWUVNRlpCfEZGM0I3NzY5N0M5QUJFRTEtV0VTVFVTLU1PVkUiLCJqb2JMb2NhdGlvbiI6Indlc3R1cyJ9?api-version=2018-05-01']
      pragma: [no-cache]
      strict-transport-security: [max-age=31536000; includeSubDomains]
      x-content-type-options: [nosniff]
    status: {code: 202, message: Accepted}
- request:
    body: null
    headers:
      Accept: [application/json]
      Accept-Encoding: ['gzip, deflate']
      CommandName: [resource move]
      Connection: [keep-alive]
      User-Agent: [python/3.6.5 (Windows-10-10.0.16299-SP0) requests/2.18.4 msrest/0.4.29
          msrest_azure/0.4.31 resourcemanagementclient/2.0.0rc2 Azure-SDK-For-Python
          AZURECLI/2.0.34]
    method: GET
    uri: https://management.azure.com/subscriptions/00000000-0000-0000-0000-000000000000/operationresults/eyJqb2JJZCI6IlJFU09VUkNFQkFUQ0hNT1ZFSk9CLUNMSTo1RlRFU1Q6NUZSRVNPVVJDRTo1Rk1PVkU6NUZTT1VSQ0VSMlhUWUVNRlpCfEZGM0I3NzY5N0M5QUJFRTEtV0VTVFVTLU1PVkUiLCJqb2JMb2NhdGlvbiI6Indlc3R1cyJ9?api-version=2018-05-01
  response:
    body: {string: ''}
    headers:
      cache-control: [no-cache]
      content-length: ['0']
      date: ['Tue, 12 Jun 2018 23:24:25 GMT']
      expires: ['-1']
      location: ['https://management.azure.com/subscriptions/00000000-0000-0000-0000-000000000000/operationresults/eyJqb2JJZCI6IlJFU09VUkNFQkFUQ0hNT1ZFSk9CLUNMSTo1RlRFU1Q6NUZSRVNPVVJDRTo1Rk1PVkU6NUZTT1VSQ0VSMlhUWUVNRlpCfEZGM0I3NzY5N0M5QUJFRTEtV0VTVFVTLU1PVkUiLCJqb2JMb2NhdGlvbiI6Indlc3R1cyJ9?api-version=2018-05-01']
      pragma: [no-cache]
      strict-transport-security: [max-age=31536000; includeSubDomains]
      x-content-type-options: [nosniff]
    status: {code: 202, message: Accepted}
- request:
    body: null
    headers:
      Accept: [application/json]
      Accept-Encoding: ['gzip, deflate']
      CommandName: [resource move]
      Connection: [keep-alive]
      User-Agent: [python/3.6.5 (Windows-10-10.0.16299-SP0) requests/2.18.4 msrest/0.4.29
          msrest_azure/0.4.31 resourcemanagementclient/2.0.0rc2 Azure-SDK-For-Python
          AZURECLI/2.0.34]
    method: GET
    uri: https://management.azure.com/subscriptions/00000000-0000-0000-0000-000000000000/operationresults/eyJqb2JJZCI6IlJFU09VUkNFQkFUQ0hNT1ZFSk9CLUNMSTo1RlRFU1Q6NUZSRVNPVVJDRTo1Rk1PVkU6NUZTT1VSQ0VSMlhUWUVNRlpCfEZGM0I3NzY5N0M5QUJFRTEtV0VTVFVTLU1PVkUiLCJqb2JMb2NhdGlvbiI6Indlc3R1cyJ9?api-version=2018-05-01
  response:
    body: {string: ''}
    headers:
      cache-control: [no-cache]
      content-length: ['0']
      date: ['Tue, 12 Jun 2018 23:24:41 GMT']
      expires: ['-1']
      location: ['https://management.azure.com/subscriptions/00000000-0000-0000-0000-000000000000/operationresults/eyJqb2JJZCI6IlJFU09VUkNFQkFUQ0hNT1ZFSk9CLUNMSTo1RlRFU1Q6NUZSRVNPVVJDRTo1Rk1PVkU6NUZTT1VSQ0VSMlhUWUVNRlpCfEZGM0I3NzY5N0M5QUJFRTEtV0VTVFVTLU1PVkUiLCJqb2JMb2NhdGlvbiI6Indlc3R1cyJ9?api-version=2018-05-01']
      pragma: [no-cache]
      strict-transport-security: [max-age=31536000; includeSubDomains]
      x-content-type-options: [nosniff]
    status: {code: 202, message: Accepted}
- request:
    body: null
    headers:
      Accept: [application/json]
      Accept-Encoding: ['gzip, deflate']
      CommandName: [resource move]
      Connection: [keep-alive]
      User-Agent: [python/3.6.5 (Windows-10-10.0.16299-SP0) requests/2.18.4 msrest/0.4.29
          msrest_azure/0.4.31 resourcemanagementclient/2.0.0rc2 Azure-SDK-For-Python
          AZURECLI/2.0.34]
    method: GET
    uri: https://management.azure.com/subscriptions/00000000-0000-0000-0000-000000000000/operationresults/eyJqb2JJZCI6IlJFU09VUkNFQkFUQ0hNT1ZFSk9CLUNMSTo1RlRFU1Q6NUZSRVNPVVJDRTo1Rk1PVkU6NUZTT1VSQ0VSMlhUWUVNRlpCfEZGM0I3NzY5N0M5QUJFRTEtV0VTVFVTLU1PVkUiLCJqb2JMb2NhdGlvbiI6Indlc3R1cyJ9?api-version=2018-05-01
  response:
    body: {string: ''}
    headers:
      cache-control: [no-cache]
      content-length: ['0']
      date: ['Tue, 12 Jun 2018 23:24:55 GMT']
      expires: ['-1']
      location: ['https://management.azure.com/subscriptions/00000000-0000-0000-0000-000000000000/operationresults/eyJqb2JJZCI6IlJFU09VUkNFQkFUQ0hNT1ZFSk9CLUNMSTo1RlRFU1Q6NUZSRVNPVVJDRTo1Rk1PVkU6NUZTT1VSQ0VSMlhUWUVNRlpCfEZGM0I3NzY5N0M5QUJFRTEtV0VTVFVTLU1PVkUiLCJqb2JMb2NhdGlvbiI6Indlc3R1cyJ9?api-version=2018-05-01']
      pragma: [no-cache]
      strict-transport-security: [max-age=31536000; includeSubDomains]
      x-content-type-options: [nosniff]
    status: {code: 202, message: Accepted}
- request:
    body: null
    headers:
      Accept: [application/json]
      Accept-Encoding: ['gzip, deflate']
      CommandName: [resource move]
      Connection: [keep-alive]
      User-Agent: [python/3.6.5 (Windows-10-10.0.16299-SP0) requests/2.18.4 msrest/0.4.29
          msrest_azure/0.4.31 resourcemanagementclient/2.0.0rc2 Azure-SDK-For-Python
          AZURECLI/2.0.34]
    method: GET
    uri: https://management.azure.com/subscriptions/00000000-0000-0000-0000-000000000000/operationresults/eyJqb2JJZCI6IlJFU09VUkNFQkFUQ0hNT1ZFSk9CLUNMSTo1RlRFU1Q6NUZSRVNPVVJDRTo1Rk1PVkU6NUZTT1VSQ0VSMlhUWUVNRlpCfEZGM0I3NzY5N0M5QUJFRTEtV0VTVFVTLU1PVkUiLCJqb2JMb2NhdGlvbiI6Indlc3R1cyJ9?api-version=2018-05-01
  response:
    body: {string: ''}
    headers:
      cache-control: [no-cache]
      content-length: ['0']
      date: ['Tue, 12 Jun 2018 23:25:11 GMT']
      expires: ['-1']
      location: ['https://management.azure.com/subscriptions/00000000-0000-0000-0000-000000000000/operationresults/eyJqb2JJZCI6IlJFU09VUkNFQkFUQ0hNT1ZFSk9CLUNMSTo1RlRFU1Q6NUZSRVNPVVJDRTo1Rk1PVkU6NUZTT1VSQ0VSMlhUWUVNRlpCfEZGM0I3NzY5N0M5QUJFRTEtV0VTVFVTLU1PVkUiLCJqb2JMb2NhdGlvbiI6Indlc3R1cyJ9?api-version=2018-05-01']
      pragma: [no-cache]
      strict-transport-security: [max-age=31536000; includeSubDomains]
      x-content-type-options: [nosniff]
    status: {code: 202, message: Accepted}
- request:
    body: null
    headers:
      Accept: [application/json]
      Accept-Encoding: ['gzip, deflate']
      CommandName: [resource move]
      Connection: [keep-alive]
      User-Agent: [python/3.6.5 (Windows-10-10.0.16299-SP0) requests/2.18.4 msrest/0.4.29
          msrest_azure/0.4.31 resourcemanagementclient/2.0.0rc2 Azure-SDK-For-Python
          AZURECLI/2.0.34]
    method: GET
    uri: https://management.azure.com/subscriptions/00000000-0000-0000-0000-000000000000/operationresults/eyJqb2JJZCI6IlJFU09VUkNFQkFUQ0hNT1ZFSk9CLUNMSTo1RlRFU1Q6NUZSRVNPVVJDRTo1Rk1PVkU6NUZTT1VSQ0VSMlhUWUVNRlpCfEZGM0I3NzY5N0M5QUJFRTEtV0VTVFVTLU1PVkUiLCJqb2JMb2NhdGlvbiI6Indlc3R1cyJ9?api-version=2018-05-01
  response:
    body: {string: ''}
    headers:
      cache-control: [no-cache]
      date: ['Tue, 12 Jun 2018 23:25:26 GMT']
      expires: ['-1']
      pragma: [no-cache]
      strict-transport-security: [max-age=31536000; includeSubDomains]
      x-content-type-options: [nosniff]
    status: {code: 204, message: No Content}
- request:
    body: null
    headers:
      Accept: [application/json]
      Accept-Encoding: ['gzip, deflate']
      CommandName: [network nsg show]
      Connection: [keep-alive]
      Content-Type: [application/json; charset=utf-8]
      User-Agent: [python/3.6.5 (Windows-10-10.0.16299-SP0) requests/2.18.4 msrest/0.4.29
          msrest_azure/0.4.31 networkmanagementclient/2.0.0rc2 Azure-SDK-For-Python
          AZURECLI/2.0.34]
      accept-language: [en-US]
    method: GET
    uri: https://management.azure.com/subscriptions/00000000-0000-0000-0000-000000000000/resourceGroups/cli_test_resource_move_dest000001/providers/Microsoft.Network/networkSecurityGroups/nsg-move000003?api-version=2018-02-01
  response:
    body: {string: "{\r\n  \"name\": \"nsg-move000003\",\r\n  \"id\": \"/subscriptions/00000000-0000-0000-0000-000000000000/resourceGroups/cli_test_resource_move_dest000001/providers/Microsoft.Network/networkSecurityGroups/nsg-move000003\"\
        ,\r\n  \"etag\": \"W/\\\"33110d6f-111d-4e57-a58b-4f56d3c4aa84\\\"\",\r\n \
        \ \"type\": \"Microsoft.Network/networkSecurityGroups\",\r\n  \"location\"\
        : \"westus\",\r\n  \"properties\": {\r\n    \"provisioningState\": \"Succeeded\"\
        ,\r\n    \"resourceGuid\": \"add2f1ee-3e1c-42f1-b63b-78eb5503b44f\",\r\n \
        \   \"securityRules\": [],\r\n    \"defaultSecurityRules\": [\r\n      {\r\
        \n        \"name\": \"AllowVnetInBound\",\r\n        \"id\": \"/subscriptions/00000000-0000-0000-0000-000000000000/resourceGroups/cli_test_resource_move_dest000001/providers/Microsoft.Network/networkSecurityGroups/nsg-move000003/defaultSecurityRules/AllowVnetInBound\"\
        ,\r\n        \"etag\": \"W/\\\"33110d6f-111d-4e57-a58b-4f56d3c4aa84\\\"\"\
        ,\r\n        \"properties\": {\r\n          \"provisioningState\": \"Succeeded\"\
        ,\r\n          \"description\": \"Allow inbound traffic from all VMs in VNET\"\
        ,\r\n          \"protocol\": \"*\",\r\n          \"sourcePortRange\": \"*\"\
        ,\r\n          \"destinationPortRange\": \"*\",\r\n          \"sourceAddressPrefix\"\
        : \"VirtualNetwork\",\r\n          \"destinationAddressPrefix\": \"VirtualNetwork\"\
        ,\r\n          \"access\": \"Allow\",\r\n          \"priority\": 65000,\r\n\
        \          \"direction\": \"Inbound\",\r\n          \"sourcePortRanges\":\
        \ [],\r\n          \"destinationPortRanges\": [],\r\n          \"sourceAddressPrefixes\"\
        : [],\r\n          \"destinationAddressPrefixes\": []\r\n        }\r\n   \
        \   },\r\n      {\r\n        \"name\": \"AllowAzureLoadBalancerInBound\",\r\
        \n        \"id\": \"/subscriptions/00000000-0000-0000-0000-000000000000/resourceGroups/cli_test_resource_move_dest000001/providers/Microsoft.Network/networkSecurityGroups/nsg-move000003/defaultSecurityRules/AllowAzureLoadBalancerInBound\"\
        ,\r\n        \"etag\": \"W/\\\"33110d6f-111d-4e57-a58b-4f56d3c4aa84\\\"\"\
        ,\r\n        \"properties\": {\r\n          \"provisioningState\": \"Succeeded\"\
        ,\r\n          \"description\": \"Allow inbound traffic from azure load balancer\"\
        ,\r\n          \"protocol\": \"*\",\r\n          \"sourcePortRange\": \"*\"\
        ,\r\n          \"destinationPortRange\": \"*\",\r\n          \"sourceAddressPrefix\"\
        : \"AzureLoadBalancer\",\r\n          \"destinationAddressPrefix\": \"*\"\
        ,\r\n          \"access\": \"Allow\",\r\n          \"priority\": 65001,\r\n\
        \          \"direction\": \"Inbound\",\r\n          \"sourcePortRanges\":\
        \ [],\r\n          \"destinationPortRanges\": [],\r\n          \"sourceAddressPrefixes\"\
        : [],\r\n          \"destinationAddressPrefixes\": []\r\n        }\r\n   \
        \   },\r\n      {\r\n        \"name\": \"DenyAllInBound\",\r\n        \"id\"\
        : \"/subscriptions/00000000-0000-0000-0000-000000000000/resourceGroups/cli_test_resource_move_dest000001/providers/Microsoft.Network/networkSecurityGroups/nsg-move000003/defaultSecurityRules/DenyAllInBound\"\
        ,\r\n        \"etag\": \"W/\\\"33110d6f-111d-4e57-a58b-4f56d3c4aa84\\\"\"\
        ,\r\n        \"properties\": {\r\n          \"provisioningState\": \"Succeeded\"\
        ,\r\n          \"description\": \"Deny all inbound traffic\",\r\n        \
        \  \"protocol\": \"*\",\r\n          \"sourcePortRange\": \"*\",\r\n     \
        \     \"destinationPortRange\": \"*\",\r\n          \"sourceAddressPrefix\"\
        : \"*\",\r\n          \"destinationAddressPrefix\": \"*\",\r\n          \"\
        access\": \"Deny\",\r\n          \"priority\": 65500,\r\n          \"direction\"\
        : \"Inbound\",\r\n          \"sourcePortRanges\": [],\r\n          \"destinationPortRanges\"\
        : [],\r\n          \"sourceAddressPrefixes\": [],\r\n          \"destinationAddressPrefixes\"\
        : []\r\n        }\r\n      },\r\n      {\r\n        \"name\": \"AllowVnetOutBound\"\
        ,\r\n        \"id\": \"/subscriptions/00000000-0000-0000-0000-000000000000/resourceGroups/cli_test_resource_move_dest000001/providers/Microsoft.Network/networkSecurityGroups/nsg-move000003/defaultSecurityRules/AllowVnetOutBound\"\
        ,\r\n        \"etag\": \"W/\\\"33110d6f-111d-4e57-a58b-4f56d3c4aa84\\\"\"\
        ,\r\n        \"properties\": {\r\n          \"provisioningState\": \"Succeeded\"\
        ,\r\n          \"description\": \"Allow outbound traffic from all VMs to all\
        \ VMs in VNET\",\r\n          \"protocol\": \"*\",\r\n          \"sourcePortRange\"\
        : \"*\",\r\n          \"destinationPortRange\": \"*\",\r\n          \"sourceAddressPrefix\"\
        : \"VirtualNetwork\",\r\n          \"destinationAddressPrefix\": \"VirtualNetwork\"\
        ,\r\n          \"access\": \"Allow\",\r\n          \"priority\": 65000,\r\n\
        \          \"direction\": \"Outbound\",\r\n          \"sourcePortRanges\"\
        : [],\r\n          \"destinationPortRanges\": [],\r\n          \"sourceAddressPrefixes\"\
        : [],\r\n          \"destinationAddressPrefixes\": []\r\n        }\r\n   \
        \   },\r\n      {\r\n        \"name\": \"AllowInternetOutBound\",\r\n    \
        \    \"id\": \"/subscriptions/00000000-0000-0000-0000-000000000000/resourceGroups/cli_test_resource_move_dest000001/providers/Microsoft.Network/networkSecurityGroups/nsg-move000003/defaultSecurityRules/AllowInternetOutBound\"\
        ,\r\n        \"etag\": \"W/\\\"33110d6f-111d-4e57-a58b-4f56d3c4aa84\\\"\"\
        ,\r\n        \"properties\": {\r\n          \"provisioningState\": \"Succeeded\"\
        ,\r\n          \"description\": \"Allow outbound traffic from all VMs to Internet\"\
        ,\r\n          \"protocol\": \"*\",\r\n          \"sourcePortRange\": \"*\"\
        ,\r\n          \"destinationPortRange\": \"*\",\r\n          \"sourceAddressPrefix\"\
        : \"*\",\r\n          \"destinationAddressPrefix\": \"Internet\",\r\n    \
        \      \"access\": \"Allow\",\r\n          \"priority\": 65001,\r\n      \
        \    \"direction\": \"Outbound\",\r\n          \"sourcePortRanges\": [],\r\
        \n          \"destinationPortRanges\": [],\r\n          \"sourceAddressPrefixes\"\
        : [],\r\n          \"destinationAddressPrefixes\": []\r\n        }\r\n   \
        \   },\r\n      {\r\n        \"name\": \"DenyAllOutBound\",\r\n        \"\
        id\": \"/subscriptions/00000000-0000-0000-0000-000000000000/resourceGroups/cli_test_resource_move_dest000001/providers/Microsoft.Network/networkSecurityGroups/nsg-move000003/defaultSecurityRules/DenyAllOutBound\"\
        ,\r\n        \"etag\": \"W/\\\"33110d6f-111d-4e57-a58b-4f56d3c4aa84\\\"\"\
        ,\r\n        \"properties\": {\r\n          \"provisioningState\": \"Succeeded\"\
        ,\r\n          \"description\": \"Deny all outbound traffic\",\r\n       \
        \   \"protocol\": \"*\",\r\n          \"sourcePortRange\": \"*\",\r\n    \
        \      \"destinationPortRange\": \"*\",\r\n          \"sourceAddressPrefix\"\
        : \"*\",\r\n          \"destinationAddressPrefix\": \"*\",\r\n          \"\
        access\": \"Deny\",\r\n          \"priority\": 65500,\r\n          \"direction\"\
        : \"Outbound\",\r\n          \"sourcePortRanges\": [],\r\n          \"destinationPortRanges\"\
        : [],\r\n          \"sourceAddressPrefixes\": [],\r\n          \"destinationAddressPrefixes\"\
        : []\r\n        }\r\n      }\r\n    ]\r\n  }\r\n}"}
    headers:
      cache-control: [no-cache]
      content-length: ['6574']
      content-type: [application/json; charset=utf-8]
      date: ['Tue, 12 Jun 2018 23:25:27 GMT']
      etag: [W/"33110d6f-111d-4e57-a58b-4f56d3c4aa84"]
      expires: ['-1']
      pragma: [no-cache]
      server: [Microsoft-HTTPAPI/2.0, Microsoft-HTTPAPI/2.0]
      strict-transport-security: [max-age=31536000; includeSubDomains]
      transfer-encoding: [chunked]
      vary: [Accept-Encoding]
      x-content-type-options: [nosniff]
    status: {code: 200, message: OK}
- request:
    body: null
    headers:
      Accept: [application/json]
      Accept-Encoding: ['gzip, deflate']
      CommandName: [network nsg show]
      Connection: [keep-alive]
      Content-Type: [application/json; charset=utf-8]
      User-Agent: [python/3.6.5 (Windows-10-10.0.16299-SP0) requests/2.18.4 msrest/0.4.29
          msrest_azure/0.4.31 networkmanagementclient/2.0.0rc2 Azure-SDK-For-Python
          AZURECLI/2.0.34]
      accept-language: [en-US]
    method: GET
    uri: https://management.azure.com/subscriptions/00000000-0000-0000-0000-000000000000/resourceGroups/cli_test_resource_move_dest000001/providers/Microsoft.Network/networkSecurityGroups/nsg-move000004?api-version=2018-02-01
  response:
    body: {string: "{\r\n  \"name\": \"nsg-move000004\",\r\n  \"id\": \"/subscriptions/00000000-0000-0000-0000-000000000000/resourceGroups/cli_test_resource_move_dest000001/providers/Microsoft.Network/networkSecurityGroups/nsg-move000004\"\
        ,\r\n  \"etag\": \"W/\\\"f904182f-15e8-45c2-a04f-f24d919ea8b8\\\"\",\r\n \
        \ \"type\": \"Microsoft.Network/networkSecurityGroups\",\r\n  \"location\"\
        : \"westus\",\r\n  \"properties\": {\r\n    \"provisioningState\": \"Succeeded\"\
        ,\r\n    \"resourceGuid\": \"8c1f4483-6edb-4355-bad9-0d417a050e53\",\r\n \
        \   \"securityRules\": [],\r\n    \"defaultSecurityRules\": [\r\n      {\r\
        \n        \"name\": \"AllowVnetInBound\",\r\n        \"id\": \"/subscriptions/00000000-0000-0000-0000-000000000000/resourceGroups/cli_test_resource_move_dest000001/providers/Microsoft.Network/networkSecurityGroups/nsg-move000004/defaultSecurityRules/AllowVnetInBound\"\
        ,\r\n        \"etag\": \"W/\\\"f904182f-15e8-45c2-a04f-f24d919ea8b8\\\"\"\
        ,\r\n        \"properties\": {\r\n          \"provisioningState\": \"Succeeded\"\
        ,\r\n          \"description\": \"Allow inbound traffic from all VMs in VNET\"\
        ,\r\n          \"protocol\": \"*\",\r\n          \"sourcePortRange\": \"*\"\
        ,\r\n          \"destinationPortRange\": \"*\",\r\n          \"sourceAddressPrefix\"\
        : \"VirtualNetwork\",\r\n          \"destinationAddressPrefix\": \"VirtualNetwork\"\
        ,\r\n          \"access\": \"Allow\",\r\n          \"priority\": 65000,\r\n\
        \          \"direction\": \"Inbound\",\r\n          \"sourcePortRanges\":\
        \ [],\r\n          \"destinationPortRanges\": [],\r\n          \"sourceAddressPrefixes\"\
        : [],\r\n          \"destinationAddressPrefixes\": []\r\n        }\r\n   \
        \   },\r\n      {\r\n        \"name\": \"AllowAzureLoadBalancerInBound\",\r\
        \n        \"id\": \"/subscriptions/00000000-0000-0000-0000-000000000000/resourceGroups/cli_test_resource_move_dest000001/providers/Microsoft.Network/networkSecurityGroups/nsg-move000004/defaultSecurityRules/AllowAzureLoadBalancerInBound\"\
        ,\r\n        \"etag\": \"W/\\\"f904182f-15e8-45c2-a04f-f24d919ea8b8\\\"\"\
        ,\r\n        \"properties\": {\r\n          \"provisioningState\": \"Succeeded\"\
        ,\r\n          \"description\": \"Allow inbound traffic from azure load balancer\"\
        ,\r\n          \"protocol\": \"*\",\r\n          \"sourcePortRange\": \"*\"\
        ,\r\n          \"destinationPortRange\": \"*\",\r\n          \"sourceAddressPrefix\"\
        : \"AzureLoadBalancer\",\r\n          \"destinationAddressPrefix\": \"*\"\
        ,\r\n          \"access\": \"Allow\",\r\n          \"priority\": 65001,\r\n\
        \          \"direction\": \"Inbound\",\r\n          \"sourcePortRanges\":\
        \ [],\r\n          \"destinationPortRanges\": [],\r\n          \"sourceAddressPrefixes\"\
        : [],\r\n          \"destinationAddressPrefixes\": []\r\n        }\r\n   \
        \   },\r\n      {\r\n        \"name\": \"DenyAllInBound\",\r\n        \"id\"\
        : \"/subscriptions/00000000-0000-0000-0000-000000000000/resourceGroups/cli_test_resource_move_dest000001/providers/Microsoft.Network/networkSecurityGroups/nsg-move000004/defaultSecurityRules/DenyAllInBound\"\
        ,\r\n        \"etag\": \"W/\\\"f904182f-15e8-45c2-a04f-f24d919ea8b8\\\"\"\
        ,\r\n        \"properties\": {\r\n          \"provisioningState\": \"Succeeded\"\
        ,\r\n          \"description\": \"Deny all inbound traffic\",\r\n        \
        \  \"protocol\": \"*\",\r\n          \"sourcePortRange\": \"*\",\r\n     \
        \     \"destinationPortRange\": \"*\",\r\n          \"sourceAddressPrefix\"\
        : \"*\",\r\n          \"destinationAddressPrefix\": \"*\",\r\n          \"\
        access\": \"Deny\",\r\n          \"priority\": 65500,\r\n          \"direction\"\
        : \"Inbound\",\r\n          \"sourcePortRanges\": [],\r\n          \"destinationPortRanges\"\
        : [],\r\n          \"sourceAddressPrefixes\": [],\r\n          \"destinationAddressPrefixes\"\
        : []\r\n        }\r\n      },\r\n      {\r\n        \"name\": \"AllowVnetOutBound\"\
        ,\r\n        \"id\": \"/subscriptions/00000000-0000-0000-0000-000000000000/resourceGroups/cli_test_resource_move_dest000001/providers/Microsoft.Network/networkSecurityGroups/nsg-move000004/defaultSecurityRules/AllowVnetOutBound\"\
        ,\r\n        \"etag\": \"W/\\\"f904182f-15e8-45c2-a04f-f24d919ea8b8\\\"\"\
        ,\r\n        \"properties\": {\r\n          \"provisioningState\": \"Succeeded\"\
        ,\r\n          \"description\": \"Allow outbound traffic from all VMs to all\
        \ VMs in VNET\",\r\n          \"protocol\": \"*\",\r\n          \"sourcePortRange\"\
        : \"*\",\r\n          \"destinationPortRange\": \"*\",\r\n          \"sourceAddressPrefix\"\
        : \"VirtualNetwork\",\r\n          \"destinationAddressPrefix\": \"VirtualNetwork\"\
        ,\r\n          \"access\": \"Allow\",\r\n          \"priority\": 65000,\r\n\
        \          \"direction\": \"Outbound\",\r\n          \"sourcePortRanges\"\
        : [],\r\n          \"destinationPortRanges\": [],\r\n          \"sourceAddressPrefixes\"\
        : [],\r\n          \"destinationAddressPrefixes\": []\r\n        }\r\n   \
        \   },\r\n      {\r\n        \"name\": \"AllowInternetOutBound\",\r\n    \
        \    \"id\": \"/subscriptions/00000000-0000-0000-0000-000000000000/resourceGroups/cli_test_resource_move_dest000001/providers/Microsoft.Network/networkSecurityGroups/nsg-move000004/defaultSecurityRules/AllowInternetOutBound\"\
        ,\r\n        \"etag\": \"W/\\\"f904182f-15e8-45c2-a04f-f24d919ea8b8\\\"\"\
        ,\r\n        \"properties\": {\r\n          \"provisioningState\": \"Succeeded\"\
        ,\r\n          \"description\": \"Allow outbound traffic from all VMs to Internet\"\
        ,\r\n          \"protocol\": \"*\",\r\n          \"sourcePortRange\": \"*\"\
        ,\r\n          \"destinationPortRange\": \"*\",\r\n          \"sourceAddressPrefix\"\
        : \"*\",\r\n          \"destinationAddressPrefix\": \"Internet\",\r\n    \
        \      \"access\": \"Allow\",\r\n          \"priority\": 65001,\r\n      \
        \    \"direction\": \"Outbound\",\r\n          \"sourcePortRanges\": [],\r\
        \n          \"destinationPortRanges\": [],\r\n          \"sourceAddressPrefixes\"\
        : [],\r\n          \"destinationAddressPrefixes\": []\r\n        }\r\n   \
        \   },\r\n      {\r\n        \"name\": \"DenyAllOutBound\",\r\n        \"\
        id\": \"/subscriptions/00000000-0000-0000-0000-000000000000/resourceGroups/cli_test_resource_move_dest000001/providers/Microsoft.Network/networkSecurityGroups/nsg-move000004/defaultSecurityRules/DenyAllOutBound\"\
        ,\r\n        \"etag\": \"W/\\\"f904182f-15e8-45c2-a04f-f24d919ea8b8\\\"\"\
        ,\r\n        \"properties\": {\r\n          \"provisioningState\": \"Succeeded\"\
        ,\r\n          \"description\": \"Deny all outbound traffic\",\r\n       \
        \   \"protocol\": \"*\",\r\n          \"sourcePortRange\": \"*\",\r\n    \
        \      \"destinationPortRange\": \"*\",\r\n          \"sourceAddressPrefix\"\
        : \"*\",\r\n          \"destinationAddressPrefix\": \"*\",\r\n          \"\
        access\": \"Deny\",\r\n          \"priority\": 65500,\r\n          \"direction\"\
        : \"Outbound\",\r\n          \"sourcePortRanges\": [],\r\n          \"destinationPortRanges\"\
        : [],\r\n          \"sourceAddressPrefixes\": [],\r\n          \"destinationAddressPrefixes\"\
        : []\r\n        }\r\n      }\r\n    ]\r\n  }\r\n}"}
    headers:
      cache-control: [no-cache]
      content-length: ['6574']
      content-type: [application/json; charset=utf-8]
      date: ['Tue, 12 Jun 2018 23:25:28 GMT']
      etag: [W/"f904182f-15e8-45c2-a04f-f24d919ea8b8"]
      expires: ['-1']
      pragma: [no-cache]
      server: [Microsoft-HTTPAPI/2.0, Microsoft-HTTPAPI/2.0]
      strict-transport-security: [max-age=31536000; includeSubDomains]
      transfer-encoding: [chunked]
      vary: [Accept-Encoding]
      x-content-type-options: [nosniff]
    status: {code: 200, message: OK}
- request:
    body: null
    headers:
      Accept: [application/json]
      Accept-Encoding: ['gzip, deflate']
      CommandName: [group delete]
      Connection: [keep-alive]
      Content-Length: ['0']
      Content-Type: [application/json; charset=utf-8]
      User-Agent: [python/3.6.5 (Windows-10-10.0.16299-SP0) requests/2.18.4 msrest/0.4.29
          msrest_azure/0.4.31 resourcemanagementclient/2.0.0rc2 Azure-SDK-For-Python
          AZURECLI/2.0.34]
      accept-language: [en-US]
    method: DELETE
    uri: https://management.azure.com/subscriptions/00000000-0000-0000-0000-000000000000/resourcegroups/cli_test_resource_move_source000002?api-version=2018-05-01
  response:
    body: {string: ''}
    headers:
      cache-control: [no-cache]
      content-length: ['0']
      date: ['Tue, 12 Jun 2018 23:25:29 GMT']
      expires: ['-1']
      location: ['https://management.azure.com/subscriptions/00000000-0000-0000-0000-000000000000/operationresults/eyJqb2JJZCI6IlJFU09VUkNFR1JPVVBERUxFVElPTkpPQi1DTEk6NUZURVNUOjVGUkVTT1VSQ0U6NUZNT1ZFOjVGU09VUkNFUjJYVFlFTUZaQnxGRjNCNzc2OTdDOUFCRUUxLVdFU1RVUyIsImpvYkxvY2F0aW9uIjoid2VzdHVzIn0?api-version=2018-05-01']
      pragma: [no-cache]
      strict-transport-security: [max-age=31536000; includeSubDomains]
      x-content-type-options: [nosniff]
      x-ms-ratelimit-remaining-subscription-deletes: ['14999']
    status: {code: 202, message: Accepted}
- request:
    body: null
    headers:
      Accept: [application/json]
      Accept-Encoding: ['gzip, deflate']
      CommandName: [group delete]
      Connection: [keep-alive]
      Content-Length: ['0']
      Content-Type: [application/json; charset=utf-8]
      User-Agent: [python/3.6.5 (Windows-10-10.0.16299-SP0) requests/2.18.4 msrest/0.4.29
          msrest_azure/0.4.31 resourcemanagementclient/2.0.0rc2 Azure-SDK-For-Python
          AZURECLI/2.0.34]
      accept-language: [en-US]
    method: DELETE
    uri: https://management.azure.com/subscriptions/00000000-0000-0000-0000-000000000000/resourcegroups/cli_test_resource_move_dest000001?api-version=2018-05-01
  response:
    body: {string: ''}
    headers:
      cache-control: [no-cache]
      content-length: ['0']
      date: ['Tue, 12 Jun 2018 23:25:28 GMT']
      expires: ['-1']
      location: ['https://management.azure.com/subscriptions/00000000-0000-0000-0000-000000000000/operationresults/eyJqb2JJZCI6IlJFU09VUkNFR1JPVVBERUxFVElPTkpPQi1DTEk6NUZURVNUOjVGUkVTT1VSQ0U6NUZNT1ZFOjVGREVTVEFTQVg3TDNITk5UWHxFQzNBOUZBNUQyMTdGMTk5LVdFU1RVUyIsImpvYkxvY2F0aW9uIjoid2VzdHVzIn0?api-version=2018-05-01']
      pragma: [no-cache]
      strict-transport-security: [max-age=31536000; includeSubDomains]
      x-content-type-options: [nosniff]
      x-ms-ratelimit-remaining-subscription-deletes: ['14999']
    status: {code: 202, message: Accepted}
version: 1
