interactions:
- request:
    body: '{"location": "westus", "tags": {"product": "azurecli", "cause": "automation",
      "date": "2018-09-10T15:53:03Z"}}'
    headers:
      Accept: [application/json]
      Accept-Encoding: ['gzip, deflate']
      CommandName: [group create]
      Connection: [keep-alive]
      Content-Length: ['110']
      Content-Type: [application/json; charset=utf-8]
      User-Agent: [python/3.6.5 (Windows-10-10.0.17134-SP0) requests/2.19.1 msrest/0.5.5
          msrest_azure/0.4.34 resourcemanagementclient/2.0.0 Azure-SDK-For-Python
          AZURECLI/2.0.46]
      accept-language: [en-US]
    method: PUT
    uri: https://management.azure.com/subscriptions/00000000-0000-0000-0000-000000000000/resourcegroups/cli_test_lock_with_resource_id000001?api-version=2018-05-01
  response:
    body: {string: '{"id":"/subscriptions/00000000-0000-0000-0000-000000000000/resourceGroups/cli_test_lock_with_resource_id000001","name":"cli_test_lock_with_resource_id000001","location":"westus","tags":{"product":"azurecli","cause":"automation","date":"2018-09-10T15:53:03Z"},"properties":{"provisioningState":"Succeeded"}}'}
    headers:
      cache-control: [no-cache]
      content-length: ['384']
      content-type: [application/json; charset=utf-8]
      date: ['Mon, 10 Sep 2018 15:53:04 GMT']
      expires: ['-1']
      pragma: [no-cache]
      strict-transport-security: [max-age=31536000; includeSubDomains]
      x-content-type-options: [nosniff]
      x-ms-ratelimit-remaining-subscription-writes: ['1196']
    status: {code: 201, message: Created}
- request:
    body: null
    headers:
      Accept: [application/json]
      Accept-Encoding: ['gzip, deflate']
      CommandName: [network vnet create]
      Connection: [keep-alive]
      Content-Type: [application/json; charset=utf-8]
      User-Agent: [python/3.6.5 (Windows-10-10.0.17134-SP0) requests/2.19.1 msrest/0.5.5
          msrest_azure/0.4.34 resourcemanagementclient/2.0.0 Azure-SDK-For-Python
          AZURECLI/2.0.46]
      accept-language: [en-US]
    method: GET
    uri: https://management.azure.com/subscriptions/00000000-0000-0000-0000-000000000000/resourcegroups/cli_test_lock_with_resource_id000001?api-version=2018-05-01
  response:
    body: {string: '{"id":"/subscriptions/00000000-0000-0000-0000-000000000000/resourceGroups/cli_test_lock_with_resource_id000001","name":"cli_test_lock_with_resource_id000001","location":"westus","tags":{"product":"azurecli","cause":"automation","date":"2018-09-10T15:53:03Z"},"properties":{"provisioningState":"Succeeded"}}'}
    headers:
      cache-control: [no-cache]
      content-length: ['384']
      content-type: [application/json; charset=utf-8]
      date: ['Mon, 10 Sep 2018 15:53:04 GMT']
      expires: ['-1']
      pragma: [no-cache]
      strict-transport-security: [max-age=31536000; includeSubDomains]
      vary: [Accept-Encoding]
      x-content-type-options: [nosniff]
    status: {code: 200, message: OK}
- request:
    body: '{"location": "westus", "tags": {}, "properties": {"addressSpace": {"addressPrefixes":
      ["10.0.0.0/16"]}, "dhcpOptions": {}}}'
    headers:
      Accept: [application/json]
      Accept-Encoding: ['gzip, deflate']
      CommandName: [network vnet create]
      Connection: [keep-alive]
      Content-Length: ['123']
      Content-Type: [application/json; charset=utf-8]
      User-Agent: [python/3.6.5 (Windows-10-10.0.17134-SP0) requests/2.19.1 msrest/0.5.5
          msrest_azure/0.4.34 networkmanagementclient/2.1.0 Azure-SDK-For-Python AZURECLI/2.0.46]
      accept-language: [en-US]
    method: PUT
    uri: https://management.azure.com/subscriptions/00000000-0000-0000-0000-000000000000/resourceGroups/cli_test_lock_with_resource_id000001/providers/Microsoft.Network/virtualNetworks/cli-lock-vnet000002?api-version=2018-08-01
  response:
    body: {string: "{\r\n  \"name\": \"cli-lock-vnet000002\",\r\n  \"id\": \"/subscriptions/00000000-0000-0000-0000-000000000000/resourceGroups/cli_test_lock_with_resource_id000001/providers/Microsoft.Network/virtualNetworks/cli-lock-vnet000002\",\r\n
        \ \"etag\": \"W/\\\"34eff86c-f456-4576-91e4-42b7655cdc5a\\\"\",\r\n  \"type\":
        \"Microsoft.Network/virtualNetworks\",\r\n  \"location\": \"westus\",\r\n
        \ \"tags\": {},\r\n  \"properties\": {\r\n    \"provisioningState\": \"Updating\",\r\n
        \   \"resourceGuid\": \"2c2b5509-906f-4908-8983-14ef4556341c\",\r\n    \"addressSpace\":
        {\r\n      \"addressPrefixes\": [\r\n        \"10.0.0.0/16\"\r\n      ]\r\n
        \   },\r\n    \"dhcpOptions\": {\r\n      \"dnsServers\": []\r\n    },\r\n
        \   \"subnets\": [],\r\n    \"virtualNetworkPeerings\": [],\r\n    \"enableDdosProtection\":
        false,\r\n    \"enableVmProtection\": false\r\n  }\r\n}"}
    headers:
      azure-asyncoperation: ['https://management.azure.com/subscriptions/00000000-0000-0000-0000-000000000000/providers/Microsoft.Network/locations/westus/operations/2e160642-8c08-43ce-8290-14712a70005d?api-version=2018-08-01']
      cache-control: [no-cache]
      content-length: ['816']
      content-type: [application/json; charset=utf-8]
      date: ['Mon, 10 Sep 2018 15:53:05 GMT']
      expires: ['-1']
      pragma: [no-cache]
      server: [Microsoft-HTTPAPI/2.0, Microsoft-HTTPAPI/2.0]
      strict-transport-security: [max-age=31536000; includeSubDomains]
      x-content-type-options: [nosniff]
      x-ms-ratelimit-remaining-subscription-writes: ['1196']
    status: {code: 201, message: Created}
- request:
    body: null
    headers:
      Accept: [application/json]
      Accept-Encoding: ['gzip, deflate']
      CommandName: [network vnet create]
      Connection: [keep-alive]
      User-Agent: [python/3.6.5 (Windows-10-10.0.17134-SP0) requests/2.19.1 msrest/0.5.5
          msrest_azure/0.4.34 networkmanagementclient/2.1.0 Azure-SDK-For-Python AZURECLI/2.0.46]
    method: GET
    uri: https://management.azure.com/subscriptions/00000000-0000-0000-0000-000000000000/providers/Microsoft.Network/locations/westus/operations/2e160642-8c08-43ce-8290-14712a70005d?api-version=2018-08-01
  response:
    body: {string: "{\r\n  \"status\": \"InProgress\"\r\n}"}
    headers:
      cache-control: [no-cache]
      content-length: ['30']
      content-type: [application/json; charset=utf-8]
      date: ['Mon, 10 Sep 2018 15:53:09 GMT']
      expires: ['-1']
      pragma: [no-cache]
      server: [Microsoft-HTTPAPI/2.0, Microsoft-HTTPAPI/2.0]
      strict-transport-security: [max-age=31536000; includeSubDomains]
      transfer-encoding: [chunked]
      vary: [Accept-Encoding]
      x-content-type-options: [nosniff]
    status: {code: 200, message: OK}
- request:
    body: null
    headers:
      Accept: [application/json]
      Accept-Encoding: ['gzip, deflate']
      CommandName: [network vnet create]
      Connection: [keep-alive]
      User-Agent: [python/3.6.5 (Windows-10-10.0.17134-SP0) requests/2.19.1 msrest/0.5.5
          msrest_azure/0.4.34 networkmanagementclient/2.1.0 Azure-SDK-For-Python AZURECLI/2.0.46]
    method: GET
    uri: https://management.azure.com/subscriptions/00000000-0000-0000-0000-000000000000/providers/Microsoft.Network/locations/westus/operations/2e160642-8c08-43ce-8290-14712a70005d?api-version=2018-08-01
  response:
    body: {string: "{\r\n  \"status\": \"Succeeded\"\r\n}"}
    headers:
      cache-control: [no-cache]
      content-length: ['29']
      content-type: [application/json; charset=utf-8]
      date: ['Mon, 10 Sep 2018 15:53:18 GMT']
      expires: ['-1']
      pragma: [no-cache]
      server: [Microsoft-HTTPAPI/2.0, Microsoft-HTTPAPI/2.0]
      strict-transport-security: [max-age=31536000; includeSubDomains]
      transfer-encoding: [chunked]
      vary: [Accept-Encoding]
      x-content-type-options: [nosniff]
    status: {code: 200, message: OK}
- request:
    body: null
    headers:
      Accept: [application/json]
      Accept-Encoding: ['gzip, deflate']
      CommandName: [network vnet create]
      Connection: [keep-alive]
      User-Agent: [python/3.6.5 (Windows-10-10.0.17134-SP0) requests/2.19.1 msrest/0.5.5
          msrest_azure/0.4.34 networkmanagementclient/2.1.0 Azure-SDK-For-Python AZURECLI/2.0.46]
    method: GET
    uri: https://management.azure.com/subscriptions/00000000-0000-0000-0000-000000000000/resourceGroups/cli_test_lock_with_resource_id000001/providers/Microsoft.Network/virtualNetworks/cli-lock-vnet000002?api-version=2018-08-01
  response:
    body: {string: "{\r\n  \"name\": \"cli-lock-vnet000002\",\r\n  \"id\": \"/subscriptions/00000000-0000-0000-0000-000000000000/resourceGroups/cli_test_lock_with_resource_id000001/providers/Microsoft.Network/virtualNetworks/cli-lock-vnet000002\",\r\n
        \ \"etag\": \"W/\\\"3a237a50-6d10-4c01-bf7b-e7cf2fc3b991\\\"\",\r\n  \"type\":
        \"Microsoft.Network/virtualNetworks\",\r\n  \"location\": \"westus\",\r\n
        \ \"tags\": {},\r\n  \"properties\": {\r\n    \"provisioningState\": \"Succeeded\",\r\n
        \   \"resourceGuid\": \"2c2b5509-906f-4908-8983-14ef4556341c\",\r\n    \"addressSpace\":
        {\r\n      \"addressPrefixes\": [\r\n        \"10.0.0.0/16\"\r\n      ]\r\n
        \   },\r\n    \"dhcpOptions\": {\r\n      \"dnsServers\": []\r\n    },\r\n
        \   \"subnets\": [],\r\n    \"virtualNetworkPeerings\": [],\r\n    \"enableDdosProtection\":
        false,\r\n    \"enableVmProtection\": false\r\n  }\r\n}"}
    headers:
      cache-control: [no-cache]
      content-length: ['817']
      content-type: [application/json; charset=utf-8]
      date: ['Mon, 10 Sep 2018 15:53:19 GMT']
      etag: [W/"3a237a50-6d10-4c01-bf7b-e7cf2fc3b991"]
      expires: ['-1']
      pragma: [no-cache]
      server: [Microsoft-HTTPAPI/2.0, Microsoft-HTTPAPI/2.0]
      strict-transport-security: [max-age=31536000; includeSubDomains]
      transfer-encoding: [chunked]
      vary: [Accept-Encoding]
      x-content-type-options: [nosniff]
    status: {code: 200, message: OK}
- request:
    body: 'b''{"properties": {"addressPrefix": "10.0.0.0/16"}, "name": "cli-lock-subnet000003"}'''
    headers:
      Accept: [application/json]
      Accept-Encoding: ['gzip, deflate']
      CommandName: [network vnet subnet create]
      Connection: [keep-alive]
      Content-Length: ['90']
      Content-Type: [application/json; charset=utf-8]
      User-Agent: [python/3.6.5 (Windows-10-10.0.17134-SP0) requests/2.19.1 msrest/0.5.5
          msrest_azure/0.4.34 networkmanagementclient/2.1.0 Azure-SDK-For-Python AZURECLI/2.0.46]
      accept-language: [en-US]
    method: PUT
    uri: https://management.azure.com/subscriptions/00000000-0000-0000-0000-000000000000/resourceGroups/cli_test_lock_with_resource_id000001/providers/Microsoft.Network/virtualNetworks/cli-lock-vnet000002/subnets/cli-lock-subnet000003?api-version=2018-08-01
  response:
    body: {string: "{\r\n  \"name\": \"cli-lock-subnet000003\",\r\n  \"id\": \"/subscriptions/00000000-0000-0000-0000-000000000000/resourceGroups/cli_test_lock_with_resource_id000001/providers/Microsoft.Network/virtualNetworks/cli-lock-vnet000002/subnets/cli-lock-subnet000003\",\r\n
        \ \"etag\": \"W/\\\"53d73df1-ff65-4598-b5e0-52affceda8dc\\\"\",\r\n  \"properties\":
        {\r\n    \"provisioningState\": \"Updating\",\r\n    \"addressPrefix\": \"10.0.0.0/16\",\r\n
        \   \"delegations\": []\r\n  },\r\n  \"type\": \"Microsoft.Network/virtualNetworks/subnets\"\r\n}"}
    headers:
      azure-asyncoperation: ['https://management.azure.com/subscriptions/00000000-0000-0000-0000-000000000000/providers/Microsoft.Network/locations/westus/operations/e2dd1fbf-fc27-4f38-8095-64f753e05cdc?api-version=2018-08-01']
      cache-control: [no-cache]
      content-length: ['553']
      content-type: [application/json; charset=utf-8]
      date: ['Mon, 10 Sep 2018 15:53:20 GMT']
      expires: ['-1']
      pragma: [no-cache]
      server: [Microsoft-HTTPAPI/2.0, Microsoft-HTTPAPI/2.0]
      strict-transport-security: [max-age=31536000; includeSubDomains]
      x-content-type-options: [nosniff]
      x-ms-ratelimit-remaining-subscription-writes: ['1193']
    status: {code: 201, message: Created}
- request:
    body: null
    headers:
      Accept: [application/json]
      Accept-Encoding: ['gzip, deflate']
      CommandName: [network vnet subnet create]
      Connection: [keep-alive]
      User-Agent: [python/3.6.5 (Windows-10-10.0.17134-SP0) requests/2.19.1 msrest/0.5.5
          msrest_azure/0.4.34 networkmanagementclient/2.1.0 Azure-SDK-For-Python AZURECLI/2.0.46]
    method: GET
    uri: https://management.azure.com/subscriptions/00000000-0000-0000-0000-000000000000/providers/Microsoft.Network/locations/westus/operations/e2dd1fbf-fc27-4f38-8095-64f753e05cdc?api-version=2018-08-01
  response:
    body: {string: "{\r\n  \"status\": \"Succeeded\"\r\n}"}
    headers:
      cache-control: [no-cache]
      content-length: ['29']
      content-type: [application/json; charset=utf-8]
      date: ['Mon, 10 Sep 2018 15:53:23 GMT']
      expires: ['-1']
      pragma: [no-cache]
      server: [Microsoft-HTTPAPI/2.0, Microsoft-HTTPAPI/2.0]
      strict-transport-security: [max-age=31536000; includeSubDomains]
      transfer-encoding: [chunked]
      vary: [Accept-Encoding]
      x-content-type-options: [nosniff]
    status: {code: 200, message: OK}
- request:
    body: null
    headers:
      Accept: [application/json]
      Accept-Encoding: ['gzip, deflate']
      CommandName: [network vnet subnet create]
      Connection: [keep-alive]
      User-Agent: [python/3.6.5 (Windows-10-10.0.17134-SP0) requests/2.19.1 msrest/0.5.5
          msrest_azure/0.4.34 networkmanagementclient/2.1.0 Azure-SDK-For-Python AZURECLI/2.0.46]
    method: GET
    uri: https://management.azure.com/subscriptions/00000000-0000-0000-0000-000000000000/resourceGroups/cli_test_lock_with_resource_id000001/providers/Microsoft.Network/virtualNetworks/cli-lock-vnet000002/subnets/cli-lock-subnet000003?api-version=2018-08-01
  response:
    body: {string: "{\r\n  \"name\": \"cli-lock-subnet000003\",\r\n  \"id\": \"/subscriptions/00000000-0000-0000-0000-000000000000/resourceGroups/cli_test_lock_with_resource_id000001/providers/Microsoft.Network/virtualNetworks/cli-lock-vnet000002/subnets/cli-lock-subnet000003\",\r\n
        \ \"etag\": \"W/\\\"d102008e-de0c-4a52-b20d-df5f022b72ef\\\"\",\r\n  \"properties\":
        {\r\n    \"provisioningState\": \"Succeeded\",\r\n    \"addressPrefix\": \"10.0.0.0/16\",\r\n
        \   \"delegations\": []\r\n  },\r\n  \"type\": \"Microsoft.Network/virtualNetworks/subnets\"\r\n}"}
    headers:
      cache-control: [no-cache]
      content-length: ['554']
      content-type: [application/json; charset=utf-8]
      date: ['Mon, 10 Sep 2018 15:53:23 GMT']
      etag: [W/"d102008e-de0c-4a52-b20d-df5f022b72ef"]
      expires: ['-1']
      pragma: [no-cache]
      server: [Microsoft-HTTPAPI/2.0, Microsoft-HTTPAPI/2.0]
      strict-transport-security: [max-age=31536000; includeSubDomains]
      transfer-encoding: [chunked]
      vary: [Accept-Encoding]
      x-content-type-options: [nosniff]
    status: {code: 200, message: OK}
- request:
    body: 'b''{"properties": {"level": "CanNotDelete"}, "name": "cli-test-lock000004"}'''
    headers:
      Accept: [application/json]
      Accept-Encoding: ['gzip, deflate']
      CommandName: [resource lock create]
      Connection: [keep-alive]
      Content-Length: ['103']
      Content-Type: [application/json; charset=utf-8]
      User-Agent: [python/3.6.5 (Windows-10-10.0.17134-SP0) requests/2.19.1 msrest/0.5.5
          msrest_azure/0.4.34 managementlockclient/2.0.0 Azure-SDK-For-Python AZURECLI/2.0.46]
      accept-language: [en-US]
    method: PUT
    uri: https://management.azure.com/subscriptions/00000000-0000-0000-0000-000000000000/resourcegroups/cli_test_lock_with_resource_id000001/providers/Microsoft.Network/virtualNetworks/cli-lock-vnet000002/providers/Microsoft.Authorization/locks/cli-test-lock000004?api-version=2016-09-01
  response:
    body: {string: '{"properties":{"level":"CanNotDelete"},"id":"/subscriptions/00000000-0000-0000-0000-000000000000/resourcegroups/cli_test_lock_with_resource_id000001/providers/Microsoft.Network/virtualNetworks/cli-lock-vnet000002/providers/Microsoft.Authorization/locks/cli-test-lock000004","type":"Microsoft.Authorization/locks","name":"cli-test-lock000004"}'}
    headers:
      cache-control: [no-cache]
      content-length: ['454']
      content-type: [application/json; charset=utf-8]
      date: ['Mon, 10 Sep 2018 15:53:24 GMT']
      expires: ['-1']
      pragma: [no-cache]
      strict-transport-security: [max-age=31536000; includeSubDomains]
      x-content-type-options: [nosniff]
      x-ms-ratelimit-remaining-subscription-writes: ['1192']
    status: {code: 201, message: Created}
- request:
    body: 'b''{"properties": {"level": "CanNotDelete"}, "name": "cli-test-lock000005"}'''
    headers:
      Accept: [application/json]
      Accept-Encoding: ['gzip, deflate']
      CommandName: [lock create]
      Connection: [keep-alive]
      Content-Length: ['73']
      Content-Type: [application/json; charset=utf-8]
      User-Agent: [python/3.6.5 (Windows-10-10.0.17134-SP0) requests/2.19.1 msrest/0.5.5
          msrest_azure/0.4.34 managementlockclient/2.0.0 Azure-SDK-For-Python AZURECLI/2.0.46]
      accept-language: [en-US]
    method: PUT
    uri: https://management.azure.com/subscriptions/00000000-0000-0000-0000-000000000000/resourcegroups/cli_test_lock_with_resource_id000001/providers/Microsoft.Network/virtualNetworks/cli-lock-vnet000002/subnets/cli-lock-subnet000003/providers/Microsoft.Authorization/locks/cli-test-lock000005?api-version=2016-09-01
  response:
    body: {string: '{"properties":{"level":"CanNotDelete"},"id":"/subscriptions/00000000-0000-0000-0000-000000000000/resourcegroups/cli_test_lock_with_resource_id000001/providers/Microsoft.Network/virtualNetworks/cli-lock-vnet000002/subnets/cli-lock-subnet000003/providers/Microsoft.Authorization/locks/cli-test-lock000005","type":"Microsoft.Authorization/locks","name":"cli-test-lock000005"}'}
    headers:
      cache-control: [no-cache]
      content-length: ['433']
      content-type: [application/json; charset=utf-8]
      date: ['Mon, 10 Sep 2018 15:53:25 GMT']
      expires: ['-1']
      pragma: [no-cache]
      strict-transport-security: [max-age=31536000; includeSubDomains]
      x-content-type-options: [nosniff]
      x-ms-ratelimit-remaining-subscription-writes: ['1193']
    status: {code: 201, message: Created}
- request:
    body: null
    headers:
      Accept: [application/json]
      Accept-Encoding: ['gzip, deflate']
      CommandName: [resource lock show]
      Connection: [keep-alive]
      Content-Type: [application/json; charset=utf-8]
      User-Agent: [python/3.6.5 (Windows-10-10.0.17134-SP0) requests/2.19.1 msrest/0.5.5
          msrest_azure/0.4.34 managementlockclient/2.0.0 Azure-SDK-For-Python AZURECLI/2.0.46]
      accept-language: [en-US]
    method: GET
    uri: https://management.azure.com/subscriptions/00000000-0000-0000-0000-000000000000/providers/Microsoft.Authorization/locks?api-version=2016-09-01
  response:
    body: {string: '{"value":[{"properties":{"level":"CanNotDelete"},"id":"/subscriptions/00000000-0000-0000-0000-000000000000/resourcegroups/cli_test_lock_with_resource_id000001/providers/Microsoft.Network/virtualNetworks/cli-lock-vnet000002/providers/Microsoft.Authorization/locks/cli-test-lock000004","type":"Microsoft.Authorization/locks","name":"cli-test-lock000004"},{"properties":{"level":"CanNotDelete"},"id":"/subscriptions/00000000-0000-0000-0000-000000000000/resourcegroups/cli_test_lock_with_resource_id000001/providers/Microsoft.Network/virtualNetworks/cli-lock-vnet000002/subnets/cli-lock-subnet000003/providers/Microsoft.Authorization/locks/cli-test-lock000005","type":"Microsoft.Authorization/locks","name":"cli-test-lock000005"}]}'}
    headers:
      cache-control: [no-cache]
      content-length: ['900']
      content-type: [application/json; charset=utf-8]
      date: ['Mon, 10 Sep 2018 15:53:26 GMT']
      expires: ['-1']
      pragma: [no-cache]
      strict-transport-security: [max-age=31536000; includeSubDomains]
      transfer-encoding: [chunked]
      vary: ['Accept-Encoding,Accept-Encoding']
      x-content-type-options: [nosniff]
    status: {code: 200, message: OK}
- request:
    body: null
    headers:
      Accept: [application/json]
      Accept-Encoding: ['gzip, deflate']
      CommandName: [resource lock show]
      Connection: [keep-alive]
      Content-Type: [application/json; charset=utf-8]
      User-Agent: [python/3.6.5 (Windows-10-10.0.17134-SP0) requests/2.19.1 msrest/0.5.5
          msrest_azure/0.4.34 managementlockclient/2.0.0 Azure-SDK-For-Python AZURECLI/2.0.46]
      accept-language: [en-US]
    method: GET
    uri: https://management.azure.com/subscriptions/00000000-0000-0000-0000-000000000000/resourcegroups/cli_test_lock_with_resource_id000001/providers/Microsoft.Network/virtualNetworks/cli-lock-vnet000002/providers/Microsoft.Authorization/locks/cli-test-lock000004?api-version=2016-09-01
  response:
    body: {string: '{"properties":{"level":"CanNotDelete"},"id":"/subscriptions/00000000-0000-0000-0000-000000000000/resourcegroups/cli_test_lock_with_resource_id000001/providers/Microsoft.Network/virtualNetworks/cli-lock-vnet000002/providers/Microsoft.Authorization/locks/cli-test-lock000004","type":"Microsoft.Authorization/locks","name":"cli-test-lock000004"}'}
    headers:
      cache-control: [no-cache]
      content-length: ['454']
      content-type: [application/json; charset=utf-8]
      date: ['Mon, 10 Sep 2018 15:53:25 GMT']
      expires: ['-1']
      pragma: [no-cache]
      strict-transport-security: [max-age=31536000; includeSubDomains]
      transfer-encoding: [chunked]
      vary: ['Accept-Encoding,Accept-Encoding']
      x-content-type-options: [nosniff]
    status: {code: 200, message: OK}
- request:
    body: null
    headers:
      Accept: [application/json]
      Accept-Encoding: ['gzip, deflate']
      CommandName: [lock show]
      Connection: [keep-alive]
      Content-Type: [application/json; charset=utf-8]
      User-Agent: [python/3.6.5 (Windows-10-10.0.17134-SP0) requests/2.19.1 msrest/0.5.5
          msrest_azure/0.4.34 managementlockclient/2.0.0 Azure-SDK-For-Python AZURECLI/2.0.46]
      accept-language: [en-US]
    method: GET
    uri: https://management.azure.com/subscriptions/00000000-0000-0000-0000-000000000000/providers/Microsoft.Authorization/locks?api-version=2016-09-01
  response:
    body: {string: '{"value":[{"properties":{"level":"CanNotDelete"},"id":"/subscriptions/00000000-0000-0000-0000-000000000000/resourcegroups/cli_test_lock_with_resource_id000001/providers/Microsoft.Network/virtualNetworks/cli-lock-vnet000002/providers/Microsoft.Authorization/locks/cli-test-lock000004","type":"Microsoft.Authorization/locks","name":"cli-test-lock000004"},{"properties":{"level":"CanNotDelete"},"id":"/subscriptions/00000000-0000-0000-0000-000000000000/resourcegroups/cli_test_lock_with_resource_id000001/providers/Microsoft.Network/virtualNetworks/cli-lock-vnet000002/subnets/cli-lock-subnet000003/providers/Microsoft.Authorization/locks/cli-test-lock000005","type":"Microsoft.Authorization/locks","name":"cli-test-lock000005"}]}'}
    headers:
      cache-control: [no-cache]
      content-length: ['900']
      content-type: [application/json; charset=utf-8]
      date: ['Mon, 10 Sep 2018 15:53:26 GMT']
      expires: ['-1']
      pragma: [no-cache]
      strict-transport-security: [max-age=31536000; includeSubDomains]
      transfer-encoding: [chunked]
      vary: ['Accept-Encoding,Accept-Encoding']
      x-content-type-options: [nosniff]
    status: {code: 200, message: OK}
- request:
    body: null
    headers:
      Accept: [application/json]
      Accept-Encoding: ['gzip, deflate']
      CommandName: [lock show]
      Connection: [keep-alive]
      Content-Type: [application/json; charset=utf-8]
      User-Agent: [python/3.6.5 (Windows-10-10.0.17134-SP0) requests/2.19.1 msrest/0.5.5
          msrest_azure/0.4.34 managementlockclient/2.0.0 Azure-SDK-For-Python AZURECLI/2.0.46]
      accept-language: [en-US]
    method: GET
    uri: https://management.azure.com/subscriptions/00000000-0000-0000-0000-000000000000/resourcegroups/cli_test_lock_with_resource_id000001/providers/Microsoft.Network/virtualNetworks/cli-lock-vnet000002/subnets/cli-lock-subnet000003/providers/Microsoft.Authorization/locks/cli-test-lock000005?api-version=2016-09-01
  response:
    body: {string: '{"properties":{"level":"CanNotDelete"},"id":"/subscriptions/00000000-0000-0000-0000-000000000000/resourcegroups/cli_test_lock_with_resource_id000001/providers/Microsoft.Network/virtualNetworks/cli-lock-vnet000002/subnets/cli-lock-subnet000003/providers/Microsoft.Authorization/locks/cli-test-lock000005","type":"Microsoft.Authorization/locks","name":"cli-test-lock000005"}'}
    headers:
      cache-control: [no-cache]
      content-length: ['433']
      content-type: [application/json; charset=utf-8]
      date: ['Mon, 10 Sep 2018 15:53:26 GMT']
      expires: ['-1']
      pragma: [no-cache]
      strict-transport-security: [max-age=31536000; includeSubDomains]
      transfer-encoding: [chunked]
      vary: ['Accept-Encoding,Accept-Encoding']
      x-content-type-options: [nosniff]
    status: {code: 200, message: OK}
- request:
    body: null
    headers:
      Accept: [application/json]
      Accept-Encoding: ['gzip, deflate']
      CommandName: [resource lock delete]
      Connection: [keep-alive]
      Content-Type: [application/json; charset=utf-8]
      User-Agent: [python/3.6.5 (Windows-10-10.0.17134-SP0) requests/2.19.1 msrest/0.5.5
          msrest_azure/0.4.34 managementlockclient/2.0.0 Azure-SDK-For-Python AZURECLI/2.0.46]
      accept-language: [en-US]
    method: GET
    uri: https://management.azure.com/subscriptions/00000000-0000-0000-0000-000000000000/providers/Microsoft.Authorization/locks?api-version=2016-09-01
  response:
    body: {string: '{"value":[{"properties":{"level":"CanNotDelete"},"id":"/subscriptions/00000000-0000-0000-0000-000000000000/resourcegroups/cli_test_lock_with_resource_id000001/providers/Microsoft.Network/virtualNetworks/cli-lock-vnet000002/providers/Microsoft.Authorization/locks/cli-test-lock000004","type":"Microsoft.Authorization/locks","name":"cli-test-lock000004"},{"properties":{"level":"CanNotDelete"},"id":"/subscriptions/00000000-0000-0000-0000-000000000000/resourcegroups/cli_test_lock_with_resource_id000001/providers/Microsoft.Network/virtualNetworks/cli-lock-vnet000002/subnets/cli-lock-subnet000003/providers/Microsoft.Authorization/locks/cli-test-lock000005","type":"Microsoft.Authorization/locks","name":"cli-test-lock000005"}]}'}
    headers:
      cache-control: [no-cache]
      content-length: ['900']
      content-type: [application/json; charset=utf-8]
      date: ['Mon, 10 Sep 2018 15:53:27 GMT']
      expires: ['-1']
      pragma: [no-cache]
      strict-transport-security: [max-age=31536000; includeSubDomains]
      transfer-encoding: [chunked]
      vary: ['Accept-Encoding,Accept-Encoding']
      x-content-type-options: [nosniff]
    status: {code: 200, message: OK}
- request:
    body: null
    headers:
      Accept: [application/json]
      Accept-Encoding: ['gzip, deflate']
      CommandName: [resource lock delete]
      Connection: [keep-alive]
      Content-Length: ['0']
      Content-Type: [application/json; charset=utf-8]
      User-Agent: [python/3.6.5 (Windows-10-10.0.17134-SP0) requests/2.19.1 msrest/0.5.5
          msrest_azure/0.4.34 managementlockclient/2.0.0 Azure-SDK-For-Python AZURECLI/2.0.46]
      accept-language: [en-US]
    method: DELETE
    uri: https://management.azure.com/subscriptions/00000000-0000-0000-0000-000000000000/resourcegroups/cli_test_lock_with_resource_id000001/providers/Microsoft.Network/virtualNetworks/cli-lock-vnet000002/providers/Microsoft.Authorization/locks/cli-test-lock000004?api-version=2016-09-01
  response:
    body: {string: ''}
    headers:
      cache-control: [no-cache]
      content-length: ['0']
      date: ['Mon, 10 Sep 2018 15:53:27 GMT']
      expires: ['-1']
      pragma: [no-cache]
      strict-transport-security: [max-age=31536000; includeSubDomains]
      x-content-type-options: [nosniff]
      x-ms-ratelimit-remaining-subscription-deletes: ['14997']
    status: {code: 200, message: OK}
- request:
    body: null
    headers:
      Accept: [application/json]
      Accept-Encoding: ['gzip, deflate']
      CommandName: [lock delete]
      Connection: [keep-alive]
      Content-Type: [application/json; charset=utf-8]
      User-Agent: [python/3.6.5 (Windows-10-10.0.17134-SP0) requests/2.19.1 msrest/0.5.5
          msrest_azure/0.4.34 managementlockclient/2.0.0 Azure-SDK-For-Python AZURECLI/2.0.46]
      accept-language: [en-US]
    method: GET
    uri: https://management.azure.com/subscriptions/00000000-0000-0000-0000-000000000000/providers/Microsoft.Authorization/locks?api-version=2016-09-01
  response:
    body: {string: '{"value":[{"properties":{"level":"CanNotDelete"},"id":"/subscriptions/00000000-0000-0000-0000-000000000000/resourcegroups/cli_test_lock_with_resource_id000001/providers/Microsoft.Network/virtualNetworks/cli-lock-vnet000002/subnets/cli-lock-subnet000003/providers/Microsoft.Authorization/locks/cli-test-lock000005","type":"Microsoft.Authorization/locks","name":"cli-test-lock000005"}]}'}
    headers:
      cache-control: [no-cache]
      content-length: ['445']
      content-type: [application/json; charset=utf-8]
      date: ['Mon, 10 Sep 2018 15:53:28 GMT']
      expires: ['-1']
      pragma: [no-cache]
      strict-transport-security: [max-age=31536000; includeSubDomains]
      transfer-encoding: [chunked]
      vary: ['Accept-Encoding,Accept-Encoding']
      x-content-type-options: [nosniff]
    status: {code: 200, message: OK}
- request:
    body: null
    headers:
      Accept: [application/json]
      Accept-Encoding: ['gzip, deflate']
      CommandName: [lock delete]
      Connection: [keep-alive]
      Content-Length: ['0']
      Content-Type: [application/json; charset=utf-8]
      User-Agent: [python/3.6.5 (Windows-10-10.0.17134-SP0) requests/2.19.1 msrest/0.5.5
          msrest_azure/0.4.34 managementlockclient/2.0.0 Azure-SDK-For-Python AZURECLI/2.0.46]
      accept-language: [en-US]
    method: DELETE
    uri: https://management.azure.com/subscriptions/00000000-0000-0000-0000-000000000000/resourcegroups/cli_test_lock_with_resource_id000001/providers/Microsoft.Network/virtualNetworks/cli-lock-vnet000002/subnets/cli-lock-subnet000003/providers/Microsoft.Authorization/locks/cli-test-lock000005?api-version=2016-09-01
  response:
    body: {string: ''}
    headers:
      cache-control: [no-cache]
      content-length: ['0']
      date: ['Mon, 10 Sep 2018 15:53:29 GMT']
      expires: ['-1']
      pragma: [no-cache]
      strict-transport-security: [max-age=31536000; includeSubDomains]
      x-content-type-options: [nosniff]
      x-ms-ratelimit-remaining-subscription-deletes: ['14999']
    status: {code: 200, message: OK}
- request:
    body: null
    headers:
      Accept: [application/json]
      Accept-Encoding: ['gzip, deflate']
      CommandName: [group delete]
      Connection: [keep-alive]
      Content-Length: ['0']
      Content-Type: [application/json; charset=utf-8]
      User-Agent: [python/3.6.5 (Windows-10-10.0.17134-SP0) requests/2.19.1 msrest/0.5.5
          msrest_azure/0.4.34 resourcemanagementclient/2.0.0 Azure-SDK-For-Python
          AZURECLI/2.0.46]
      accept-language: [en-US]
    method: DELETE
    uri: https://management.azure.com/subscriptions/00000000-0000-0000-0000-000000000000/resourcegroups/cli_test_lock_with_resource_id000001?api-version=2018-05-01
  response:
    body: {string: ''}
    headers:
      cache-control: [no-cache]
      content-length: ['0']
      date: ['Mon, 10 Sep 2018 15:53:34 GMT']
      expires: ['-1']
      location: ['https://management.azure.com/subscriptions/00000000-0000-0000-0000-000000000000/operationresults/eyJqb2JJZCI6IlJFU09VUkNFR1JPVVBERUxFVElPTkpPQi1DTEk6NUZURVNUOjVGTE9DSzo1RldJVEg6NUZSRVNPVVJDRTo1RklEWE5ESUpTS3xBM0FGREI3Rjk4NzVGQ0Q2LVdFU1RVUyIsImpvYkxvY2F0aW9uIjoid2VzdHVzIn0?api-version=2018-05-01']
      pragma: [no-cache]
      strict-transport-security: [max-age=31536000; includeSubDomains]
      x-content-type-options: [nosniff]
      x-ms-ratelimit-remaining-subscription-deletes: ['14997']
    status: {code: 202, message: Accepted}
version: 1
