interactions:
- request:
    body: '{"location": "westus", "tags": {"product": "azurecli", "cause": "automation",
      "date": "2018-07-12T00:46:21Z"}}'
    headers:
      Accept: [application/json]
      Accept-Encoding: ['gzip, deflate']
      CommandName: [group create]
      Connection: [keep-alive]
      Content-Length: ['110']
      Content-Type: [application/json; charset=utf-8]
      User-Agent: [python/3.6.4 (Windows-10-10.0.17134-SP0) requests/2.19.1 msrest/0.5.1
          msrest_azure/0.4.34 resourcemanagementclient/2.0.0rc2 Azure-SDK-For-Python
          AZURECLI/2.0.42]
      accept-language: [en-US]
    method: PUT
    uri: https://management.azure.com/subscriptions/00000000-0000-0000-0000-000000000000/resourcegroups/cli_test_on_error_deployment_lastsuccessful000001?api-version=2018-05-01
  response:
    body: {string: '{"id":"/subscriptions/00000000-0000-0000-0000-000000000000/resourceGroups/cli_test_on_error_deployment_lastsuccessful000001","name":"cli_test_on_error_deployment_lastsuccessful000001","location":"westus","tags":{"product":"azurecli","cause":"automation","date":"2018-07-12T00:46:21Z"},"properties":{"provisioningState":"Succeeded"}}'}
    headers:
      cache-control: [no-cache]
      content-length: ['384']
      content-type: [application/json; charset=utf-8]
      date: ['Thu, 12 Jul 2018 00:46:32 GMT']
      expires: ['-1']
      pragma: [no-cache]
      strict-transport-security: [max-age=31536000; includeSubDomains]
      x-content-type-options: [nosniff]
      x-ms-ratelimit-remaining-subscription-writes: ['1199']
    status: {code: 201, message: Created}
- request:
    body: '{"properties": {"template": {"$schema": "https://schema.management.azure.com/schemas/2015-01-01/deploymentParameters.json#",
      "contentVersion": "1.0.0.0", "resources": []}, "parameters": {}, "mode": "Incremental"}}'
    headers:
      Accept: [application/json]
      Accept-Encoding: ['gzip, deflate']
      CommandName: [group deployment create]
      Connection: [keep-alive]
      Content-Length: ['213']
      Content-Type: [application/json; charset=utf-8]
      User-Agent: [python/3.6.4 (Windows-10-10.0.17134-SP0) requests/2.19.1 msrest/0.5.1
          msrest_azure/0.4.34 resourcemanagementclient/2.0.0rc2 Azure-SDK-For-Python
          AZURECLI/2.0.42]
      accept-language: [en-US]
    method: PUT
    uri: https://management.azure.com/subscriptions/00000000-0000-0000-0000-000000000000/resourcegroups/cli_test_on_error_deployment_lastsuccessful000001/providers/Microsoft.Resources/deployments/mock-deployment?api-version=2018-05-01
  response:
    body: {string: '{"id":"/subscriptions/00000000-0000-0000-0000-000000000000/resourceGroups/cli_test_on_error_deployment_lastsuccessful000001/providers/Microsoft.Resources/deployments/azure-cli-deployment000002","name":"azure-cli-deployment000002","properties":{"templateHash":"2567930156074384302","mode":"Incremental","provisioningState":"Accepted","timestamp":"2018-07-12T00:47:06.3979902Z","duration":"PT0.3301332S","correlationId":"db37f4e1-c510-4348-88fc-571f0e1cbb85","providers":[],"dependencies":[]}}'}
    headers:
      azure-asyncoperation: ['https://management.azure.com/subscriptions/00000000-0000-0000-0000-000000000000/resourcegroups/cli_test_on_error_deployment_lastsuccessful000001/providers/Microsoft.Resources/deployments/azure-cli-deployment000002/operationStatuses/08586702504594097321?api-version=2018-05-01']
      cache-control: [no-cache]
      content-length: ['525']
      content-type: [application/json; charset=utf-8]
      date: ['Thu, 12 Jul 2018 00:47:06 GMT']
      expires: ['-1']
      pragma: [no-cache]
      strict-transport-security: [max-age=31536000; includeSubDomains]
      x-content-type-options: [nosniff]
      x-ms-ratelimit-remaining-subscription-writes: ['1199']
    status: {code: 201, message: Created}
- request:
    body: null
    headers:
      Accept: [application/json]
      Accept-Encoding: ['gzip, deflate']
      CommandName: [group deployment create]
      Connection: [keep-alive]
      User-Agent: [python/3.6.4 (Windows-10-10.0.17134-SP0) requests/2.19.1 msrest/0.5.1
          msrest_azure/0.4.34 resourcemanagementclient/2.0.0rc2 Azure-SDK-For-Python
          AZURECLI/2.0.42]
    method: GET
    uri: https://management.azure.com/subscriptions/00000000-0000-0000-0000-000000000000/resourcegroups/cli_test_on_error_deployment_lastsuccessful000001/providers/Microsoft.Resources/deployments/mock-deployment/operationStatuses/08586702504594097321?api-version=2018-05-01
  response:
    body: {string: '{"status":"Succeeded"}'}
    headers:
      cache-control: [no-cache]
      content-length: ['22']
      content-type: [application/json; charset=utf-8]
      date: ['Thu, 12 Jul 2018 00:47:36 GMT']
      expires: ['-1']
      pragma: [no-cache]
      strict-transport-security: [max-age=31536000; includeSubDomains]
      vary: [Accept-Encoding]
      x-content-type-options: [nosniff]
    status: {code: 200, message: OK}
- request:
    body: null
    headers:
      Accept: [application/json]
      Accept-Encoding: ['gzip, deflate']
      CommandName: [group deployment create]
      Connection: [keep-alive]
      User-Agent: [python/3.6.4 (Windows-10-10.0.17134-SP0) requests/2.19.1 msrest/0.5.1
          msrest_azure/0.4.34 resourcemanagementclient/2.0.0rc2 Azure-SDK-For-Python
          AZURECLI/2.0.42]
    method: GET
    uri: https://management.azure.com/subscriptions/00000000-0000-0000-0000-000000000000/resourcegroups/cli_test_on_error_deployment_lastsuccessful000001/providers/Microsoft.Resources/deployments/mock-deployment?api-version=2018-05-01
  response:
    body: {string: '{"id":"/subscriptions/00000000-0000-0000-0000-000000000000/resourceGroups/cli_test_on_error_deployment_lastsuccessful000001/providers/Microsoft.Resources/deployments/azure-cli-deployment000002","name":"azure-cli-deployment000002","properties":{"templateHash":"2567930156074384302","mode":"Incremental","provisioningState":"Succeeded","timestamp":"2018-07-12T00:47:10.1322936Z","duration":"PT4.0644366S","correlationId":"db37f4e1-c510-4348-88fc-571f0e1cbb85","providers":[],"dependencies":[],"outputResources":[]}}'}
    headers:
      cache-control: [no-cache]
      content-length: ['547']
      content-type: [application/json; charset=utf-8]
      date: ['Thu, 12 Jul 2018 00:47:37 GMT']
      expires: ['-1']
      pragma: [no-cache]
      strict-transport-security: [max-age=31536000; includeSubDomains]
      vary: [Accept-Encoding]
      x-content-type-options: [nosniff]
    status: {code: 200, message: OK}
- request:
    body: '{"properties": {"template": {"$schema": "https://schema.management.azure.com/schemas/2015-01-01/deploymentParameters.json#",
      "contentVersion": "1.0.0.0", "resources": []}, "parameters": {}, "mode": "Incremental",
      "onErrorDeployment": {"type": "LastSuccessful"}}}'
    headers:
      Accept: [application/json]
      Accept-Encoding: ['gzip, deflate']
      CommandName: [group deployment create]
      Connection: [keep-alive]
      Content-Length: ['262']
      Content-Type: [application/json; charset=utf-8]
      User-Agent: [python/3.6.4 (Windows-10-10.0.17134-SP0) requests/2.19.1 msrest/0.5.1
          msrest_azure/0.4.34 resourcemanagementclient/2.0.0rc2 Azure-SDK-For-Python
          AZURECLI/2.0.42]
      accept-language: [en-US]
    method: PUT
    uri: https://management.azure.com/subscriptions/00000000-0000-0000-0000-000000000000/resourcegroups/cli_test_on_error_deployment_lastsuccessful000001/providers/Microsoft.Resources/deployments/mock-deployment?api-version=2018-05-01
  response:
    body: {string: '{"id":"/subscriptions/00000000-0000-0000-0000-000000000000/resourceGroups/cli_test_on_error_deployment_lastsuccessful000001/providers/Microsoft.Resources/deployments/azure-cli-deployment000003","name":"azure-cli-deployment000003","properties":{"templateHash":"2567930156074384302","mode":"Incremental","provisioningState":"Accepted","timestamp":"2018-07-12T00:48:11.5513189Z","duration":"PT0.4308221S","correlationId":"c1bf7bc9-90f9-4b35-84b2-a6f42ce42450","providers":[],"dependencies":[],"onErrorDeployment":{"type":"LastSuccessful","deploymentName":"azure-cli-deployment000002"}}}'}
    headers:
      azure-asyncoperation: ['https://management.azure.com/subscriptions/00000000-0000-0000-0000-000000000000/resourcegroups/cli_test_on_error_deployment_lastsuccessful000001/providers/Microsoft.Resources/deployments/azure-cli-deployment000003/operationStatuses/08586702503943570998?api-version=2018-05-01']
      cache-control: [no-cache]
      content-length: ['621']
      content-type: [application/json; charset=utf-8]
      date: ['Thu, 12 Jul 2018 00:48:10 GMT']
      expires: ['-1']
      pragma: [no-cache]
      strict-transport-security: [max-age=31536000; includeSubDomains]
      x-content-type-options: [nosniff]
      x-ms-ratelimit-remaining-subscription-writes: ['1199']
    status: {code: 201, message: Created}
- request:
    body: null
    headers:
      Accept: [application/json]
      Accept-Encoding: ['gzip, deflate']
      CommandName: [group deployment create]
      Connection: [keep-alive]
      User-Agent: [python/3.6.4 (Windows-10-10.0.17134-SP0) requests/2.19.1 msrest/0.5.1
          msrest_azure/0.4.34 resourcemanagementclient/2.0.0rc2 Azure-SDK-For-Python
          AZURECLI/2.0.42]
    method: GET
    uri: https://management.azure.com/subscriptions/00000000-0000-0000-0000-000000000000/resourcegroups/cli_test_on_error_deployment_lastsuccessful000001/providers/Microsoft.Resources/deployments/mock-deployment/operationStatuses/08586702503943570998?api-version=2018-05-01
  response:
    body: {string: '{"status":"Succeeded"}'}
    headers:
      cache-control: [no-cache]
      content-length: ['22']
      content-type: [application/json; charset=utf-8]
      date: ['Thu, 12 Jul 2018 00:48:42 GMT']
      expires: ['-1']
      pragma: [no-cache]
      strict-transport-security: [max-age=31536000; includeSubDomains]
      vary: [Accept-Encoding]
      x-content-type-options: [nosniff]
    status: {code: 200, message: OK}
- request:
    body: null
    headers:
      Accept: [application/json]
      Accept-Encoding: ['gzip, deflate']
      CommandName: [group deployment create]
      Connection: [keep-alive]
      User-Agent: [python/3.6.4 (Windows-10-10.0.17134-SP0) requests/2.19.1 msrest/0.5.1
          msrest_azure/0.4.34 resourcemanagementclient/2.0.0rc2 Azure-SDK-For-Python
          AZURECLI/2.0.42]
    method: GET
    uri: https://management.azure.com/subscriptions/00000000-0000-0000-0000-000000000000/resourcegroups/cli_test_on_error_deployment_lastsuccessful000001/providers/Microsoft.Resources/deployments/mock-deployment?api-version=2018-05-01
  response:
    body: {string: '{"id":"/subscriptions/00000000-0000-0000-0000-000000000000/resourceGroups/cli_test_on_error_deployment_lastsuccessful000001/providers/Microsoft.Resources/deployments/azure-cli-deployment000003","name":"azure-cli-deployment000003","properties":{"templateHash":"2567930156074384302","mode":"Incremental","provisioningState":"Succeeded","timestamp":"2018-07-12T00:48:13.8211584Z","duration":"PT2.7006616S","correlationId":"c1bf7bc9-90f9-4b35-84b2-a6f42ce42450","providers":[],"dependencies":[],"onErrorDeployment":{"type":"LastSuccessful","deploymentName":"azure-cli-deployment000002"},"outputResources":[]}}'}
    headers:
      cache-control: [no-cache]
      content-length: ['643']
      content-type: [application/json; charset=utf-8]
      date: ['Thu, 12 Jul 2018 00:48:42 GMT']
      expires: ['-1']
      pragma: [no-cache]
      strict-transport-security: [max-age=31536000; includeSubDomains]
      vary: [Accept-Encoding]
      x-content-type-options: [nosniff]
    status: {code: 200, message: OK}
- request:
    body: null
    headers:
      Accept: [application/json]
      Accept-Encoding: ['gzip, deflate']
      CommandName: [group delete]
      Connection: [keep-alive]
      Content-Length: ['0']
      Content-Type: [application/json; charset=utf-8]
      User-Agent: [python/3.6.4 (Windows-10-10.0.17134-SP0) requests/2.19.1 msrest/0.5.1
          msrest_azure/0.4.34 resourcemanagementclient/2.0.0rc2 Azure-SDK-For-Python
          AZURECLI/2.0.42]
      accept-language: [en-US]
    method: DELETE
    uri: https://management.azure.com/subscriptions/00000000-0000-0000-0000-000000000000/resourcegroups/cli_test_on_error_deployment_lastsuccessful000001?api-version=2018-05-01
  response:
    body: {string: ''}
    headers:
      cache-control: [no-cache]
      content-length: ['0']
      date: ['Thu, 12 Jul 2018 00:48:46 GMT']
      expires: ['-1']
      location: ['https://management.azure.com/subscriptions/00000000-0000-0000-0000-000000000000/operationresults/eyJqb2JJZCI6IlJFU09VUkNFR1JPVVBERUxFVElPTkpPQi1DTEk6NUZURVNUOjVGT046NUZFUlJPUjo1RkRFUExPWU1FTlQ6NUZMQVNUU1VDQ3w1MDQ3QUY1RUVCNDdCMzI5LVdFU1RVUyIsImpvYkxvY2F0aW9uIjoid2VzdHVzIn0?api-version=2018-05-01']
      pragma: [no-cache]
      strict-transport-security: [max-age=31536000; includeSubDomains]
      x-content-type-options: [nosniff]
      x-ms-ratelimit-remaining-subscription-deletes: ['14999']
    status: {code: 202, message: Accepted}
version: 1
