interactions:
- request:
    body: '{"location": "westus", "tags": {"product": "azurecli", "cause": "automation",
      "date": "2018-12-03T16:25:33Z"}}'
    headers:
      Accept: [application/json]
      Accept-Encoding: ['gzip, deflate']
      CommandName: [group create]
      Connection: [keep-alive]
      Content-Length: ['110']
      Content-Type: [application/json; charset=utf-8]
      ParameterSetName: [--location --name --tag]
      User-Agent: [python/3.6.1 (Windows-10-10.0.17763-SP0) msrest/0.6.2 msrest_azure/0.5.1
          resourcemanagementclient/2.0.0 Azure-SDK-For-Python AZURECLI/2.0.52]
      accept-language: [en-US]
    method: PUT
    uri: https://management.azure.com/subscriptions/00000000-0000-0000-0000-000000000000/resourcegroups/cli_test_lock_commands_with_ids000001?api-version=2018-05-01
  response:
    body: {string: '{"id":"/subscriptions/00000000-0000-0000-0000-000000000000/resourceGroups/cli_test_lock_commands_with_ids000001","name":"cli_test_lock_commands_with_ids000001","location":"westus","tags":{"product":"azurecli","cause":"automation","date":"2018-12-03T16:25:33Z"},"properties":{"provisioningState":"Succeeded"}}'}
    headers:
      cache-control: [no-cache]
      content-length: ['384']
      content-type: [application/json; charset=utf-8]
      date: ['Mon, 03 Dec 2018 16:25:38 GMT']
      expires: ['-1']
      pragma: [no-cache]
      strict-transport-security: [max-age=31536000; includeSubDomains]
      x-content-type-options: [nosniff]
      x-ms-ratelimit-remaining-subscription-writes: ['1199']
    status: {code: 201, message: Created}
- request:
    body: null
    headers:
      Accept: [application/json]
      Accept-Encoding: ['gzip, deflate']
      CommandName: [network vnet create]
      Connection: [keep-alive]
      Content-Type: [application/json; charset=utf-8]
      ParameterSetName: [-n -g]
      User-Agent: [python/3.6.1 (Windows-10-10.0.17763-SP0) msrest/0.6.2 msrest_azure/0.5.1
          resourcemanagementclient/2.0.0 Azure-SDK-For-Python AZURECLI/2.0.52]
      accept-language: [en-US]
    method: GET
    uri: https://management.azure.com/subscriptions/00000000-0000-0000-0000-000000000000/resourcegroups/cli_test_lock_commands_with_ids000001?api-version=2018-05-01
  response:
    body: {string: '{"id":"/subscriptions/00000000-0000-0000-0000-000000000000/resourceGroups/cli_test_lock_commands_with_ids000001","name":"cli_test_lock_commands_with_ids000001","location":"westus","tags":{"product":"azurecli","cause":"automation","date":"2018-12-03T16:25:33Z"},"properties":{"provisioningState":"Succeeded"}}'}
    headers:
      cache-control: [no-cache]
      content-length: ['384']
      content-type: [application/json; charset=utf-8]
      date: ['Mon, 03 Dec 2018 16:25:39 GMT']
      expires: ['-1']
      pragma: [no-cache]
      strict-transport-security: [max-age=31536000; includeSubDomains]
      vary: [Accept-Encoding]
      x-content-type-options: [nosniff]
    status: {code: 200, message: OK}
- request:
    body: '{"location": "westus", "tags": {}, "properties": {"addressSpace": {"addressPrefixes":
      ["10.0.0.0/16"]}, "dhcpOptions": {}}}'
    headers:
      Accept: [application/json]
      Accept-Encoding: ['gzip, deflate']
      CommandName: [network vnet create]
      Connection: [keep-alive]
      Content-Length: ['123']
      Content-Type: [application/json; charset=utf-8]
      ParameterSetName: [-n -g]
      User-Agent: [python/3.6.1 (Windows-10-10.0.17763-SP0) msrest/0.6.2 msrest_azure/0.5.1
          networkmanagementclient/2.4.0 Azure-SDK-For-Python AZURECLI/2.0.52]
      accept-language: [en-US]
    method: PUT
    uri: https://management.azure.com/subscriptions/00000000-0000-0000-0000-000000000000/resourceGroups/cli_test_lock_commands_with_ids000001/providers/Microsoft.Network/virtualNetworks/cli-lock-vnet000002?api-version=2018-10-01
  response:
    body: {string: "{\r\n  \"name\": \"cli-lock-vnet000002\",\r\n  \"id\": \"/subscriptions/00000000-0000-0000-0000-000000000000/resourceGroups/cli_test_lock_commands_with_ids000001/providers/Microsoft.Network/virtualNetworks/cli-lock-vnet000002\",\r\n
        \ \"etag\": \"W/\\\"0ab4ef82-447c-45fe-88be-63e7b34b8945\\\"\",\r\n  \"type\":
        \"Microsoft.Network/virtualNetworks\",\r\n  \"location\": \"westus\",\r\n
        \ \"tags\": {},\r\n  \"properties\": {\r\n    \"provisioningState\": \"Updating\",\r\n
        \   \"resourceGuid\": \"d3ace5ab-23ba-4d27-9462-2b0b458f2419\",\r\n    \"addressSpace\":
        {\r\n      \"addressPrefixes\": [\r\n        \"10.0.0.0/16\"\r\n      ]\r\n
        \   },\r\n    \"dhcpOptions\": {\r\n      \"dnsServers\": []\r\n    },\r\n
        \   \"subnets\": [],\r\n    \"virtualNetworkPeerings\": [],\r\n    \"enableDdosProtection\":
        false,\r\n    \"enableVmProtection\": false\r\n  }\r\n}"}
    headers:
      azure-asyncoperation: ['https://management.azure.com/subscriptions/00000000-0000-0000-0000-000000000000/providers/Microsoft.Network/locations/westus/operations/23ee1f96-7dbd-46fa-a5b8-cf28196142fd?api-version=2018-10-01']
      cache-control: [no-cache]
      content-length: ['816']
      content-type: [application/json; charset=utf-8]
      date: ['Mon, 03 Dec 2018 16:25:41 GMT']
      expires: ['-1']
      pragma: [no-cache]
      server: [Microsoft-HTTPAPI/2.0, Microsoft-HTTPAPI/2.0]
      strict-transport-security: [max-age=31536000; includeSubDomains]
      x-content-type-options: [nosniff]
      x-ms-ratelimit-remaining-subscription-writes: ['1199']
    status: {code: 201, message: Created}
- request:
    body: null
    headers:
      Accept: [application/json]
      Accept-Encoding: ['gzip, deflate']
      CommandName: [network vnet create]
      Connection: [keep-alive]
      ParameterSetName: [-n -g]
      User-Agent: [python/3.6.1 (Windows-10-10.0.17763-SP0) msrest/0.6.2 msrest_azure/0.5.1
          networkmanagementclient/2.4.0 Azure-SDK-For-Python AZURECLI/2.0.52]
    method: GET
    uri: https://management.azure.com/subscriptions/00000000-0000-0000-0000-000000000000/providers/Microsoft.Network/locations/westus/operations/23ee1f96-7dbd-46fa-a5b8-cf28196142fd?api-version=2018-10-01
  response:
    body: {string: "{\r\n  \"status\": \"InProgress\"\r\n}"}
    headers:
      cache-control: [no-cache]
      content-length: ['30']
      content-type: [application/json; charset=utf-8]
      date: ['Mon, 03 Dec 2018 16:25:45 GMT']
      expires: ['-1']
      pragma: [no-cache]
      server: [Microsoft-HTTPAPI/2.0, Microsoft-HTTPAPI/2.0]
      strict-transport-security: [max-age=31536000; includeSubDomains]
      transfer-encoding: [chunked]
      vary: [Accept-Encoding]
      x-content-type-options: [nosniff]
    status: {code: 200, message: OK}
- request:
    body: null
    headers:
      Accept: [application/json]
      Accept-Encoding: ['gzip, deflate']
      CommandName: [network vnet create]
      Connection: [keep-alive]
      ParameterSetName: [-n -g]
      User-Agent: [python/3.6.1 (Windows-10-10.0.17763-SP0) msrest/0.6.2 msrest_azure/0.5.1
          networkmanagementclient/2.4.0 Azure-SDK-For-Python AZURECLI/2.0.52]
    method: GET
    uri: https://management.azure.com/subscriptions/00000000-0000-0000-0000-000000000000/providers/Microsoft.Network/locations/westus/operations/23ee1f96-7dbd-46fa-a5b8-cf28196142fd?api-version=2018-10-01
  response:
    body: {string: "{\r\n  \"status\": \"Succeeded\"\r\n}"}
    headers:
      cache-control: [no-cache]
      content-length: ['29']
      content-type: [application/json; charset=utf-8]
      date: ['Mon, 03 Dec 2018 16:25:55 GMT']
      expires: ['-1']
      pragma: [no-cache]
      server: [Microsoft-HTTPAPI/2.0, Microsoft-HTTPAPI/2.0]
      strict-transport-security: [max-age=31536000; includeSubDomains]
      transfer-encoding: [chunked]
      vary: [Accept-Encoding]
      x-content-type-options: [nosniff]
    status: {code: 200, message: OK}
- request:
    body: null
    headers:
      Accept: [application/json]
      Accept-Encoding: ['gzip, deflate']
      CommandName: [network vnet create]
      Connection: [keep-alive]
      ParameterSetName: [-n -g]
      User-Agent: [python/3.6.1 (Windows-10-10.0.17763-SP0) msrest/0.6.2 msrest_azure/0.5.1
          networkmanagementclient/2.4.0 Azure-SDK-For-Python AZURECLI/2.0.52]
    method: GET
    uri: https://management.azure.com/subscriptions/00000000-0000-0000-0000-000000000000/resourceGroups/cli_test_lock_commands_with_ids000001/providers/Microsoft.Network/virtualNetworks/cli-lock-vnet000002?api-version=2018-10-01
  response:
    body: {string: "{\r\n  \"name\": \"cli-lock-vnet000002\",\r\n  \"id\": \"/subscriptions/00000000-0000-0000-0000-000000000000/resourceGroups/cli_test_lock_commands_with_ids000001/providers/Microsoft.Network/virtualNetworks/cli-lock-vnet000002\",\r\n
        \ \"etag\": \"W/\\\"c75d3905-5df3-48d0-bd77-f10cbcec2d66\\\"\",\r\n  \"type\":
        \"Microsoft.Network/virtualNetworks\",\r\n  \"location\": \"westus\",\r\n
        \ \"tags\": {},\r\n  \"properties\": {\r\n    \"provisioningState\": \"Succeeded\",\r\n
        \   \"resourceGuid\": \"d3ace5ab-23ba-4d27-9462-2b0b458f2419\",\r\n    \"addressSpace\":
        {\r\n      \"addressPrefixes\": [\r\n        \"10.0.0.0/16\"\r\n      ]\r\n
        \   },\r\n    \"dhcpOptions\": {\r\n      \"dnsServers\": []\r\n    },\r\n
        \   \"subnets\": [],\r\n    \"virtualNetworkPeerings\": [],\r\n    \"enableDdosProtection\":
        false,\r\n    \"enableVmProtection\": false\r\n  }\r\n}"}
    headers:
      cache-control: [no-cache]
      content-length: ['817']
      content-type: [application/json; charset=utf-8]
      date: ['Mon, 03 Dec 2018 16:25:57 GMT']
      etag: [W/"c75d3905-5df3-48d0-bd77-f10cbcec2d66"]
      expires: ['-1']
      pragma: [no-cache]
      server: [Microsoft-HTTPAPI/2.0, Microsoft-HTTPAPI/2.0]
      strict-transport-security: [max-age=31536000; includeSubDomains]
      transfer-encoding: [chunked]
      vary: [Accept-Encoding]
      x-content-type-options: [nosniff]
    status: {code: 200, message: OK}
- request:
    body: 'b''{"properties": {"addressPrefix": "10.0.0.0/16"}, "name": "cli-lock-subnet000003"}'''
    headers:
      Accept: [application/json]
      Accept-Encoding: ['gzip, deflate']
      CommandName: [network vnet subnet create]
      Connection: [keep-alive]
      Content-Length: ['90']
      Content-Type: [application/json; charset=utf-8]
      ParameterSetName: [-n --address-prefix --vnet-name -g]
      User-Agent: [python/3.6.1 (Windows-10-10.0.17763-SP0) msrest/0.6.2 msrest_azure/0.5.1
          networkmanagementclient/2.4.0 Azure-SDK-For-Python AZURECLI/2.0.52]
      accept-language: [en-US]
    method: PUT
    uri: https://management.azure.com/subscriptions/00000000-0000-0000-0000-000000000000/resourceGroups/cli_test_lock_commands_with_ids000001/providers/Microsoft.Network/virtualNetworks/cli-lock-vnet000002/subnets/cli-lock-subnet000003?api-version=2018-10-01
  response:
    body: {string: "{\r\n  \"name\": \"cli-lock-subnet000003\",\r\n  \"id\": \"/subscriptions/00000000-0000-0000-0000-000000000000/resourceGroups/cli_test_lock_commands_with_ids000001/providers/Microsoft.Network/virtualNetworks/cli-lock-vnet000002/subnets/cli-lock-subnet000003\",\r\n
        \ \"etag\": \"W/\\\"28578524-6e87-4d98-b1be-5055ec834032\\\"\",\r\n  \"properties\":
        {\r\n    \"provisioningState\": \"Updating\",\r\n    \"addressPrefix\": \"10.0.0.0/16\",\r\n
        \   \"delegations\": []\r\n  },\r\n  \"type\": \"Microsoft.Network/virtualNetworks/subnets\"\r\n}"}
    headers:
      azure-asyncoperation: ['https://management.azure.com/subscriptions/00000000-0000-0000-0000-000000000000/providers/Microsoft.Network/locations/westus/operations/8eddca26-725d-4131-bcc9-9a75344a113e?api-version=2018-10-01']
      cache-control: [no-cache]
      content-length: ['553']
      content-type: [application/json; charset=utf-8]
      date: ['Mon, 03 Dec 2018 16:25:58 GMT']
      expires: ['-1']
      pragma: [no-cache]
      server: [Microsoft-HTTPAPI/2.0, Microsoft-HTTPAPI/2.0]
      strict-transport-security: [max-age=31536000; includeSubDomains]
      x-content-type-options: [nosniff]
      x-ms-ratelimit-remaining-subscription-writes: ['1198']
    status: {code: 201, message: Created}
- request:
    body: null
    headers:
      Accept: [application/json]
      Accept-Encoding: ['gzip, deflate']
      CommandName: [network vnet subnet create]
      Connection: [keep-alive]
      ParameterSetName: [-n --address-prefix --vnet-name -g]
      User-Agent: [python/3.6.1 (Windows-10-10.0.17763-SP0) msrest/0.6.2 msrest_azure/0.5.1
          networkmanagementclient/2.4.0 Azure-SDK-For-Python AZURECLI/2.0.52]
    method: GET
    uri: https://management.azure.com/subscriptions/00000000-0000-0000-0000-000000000000/providers/Microsoft.Network/locations/westus/operations/8eddca26-725d-4131-bcc9-9a75344a113e?api-version=2018-10-01
  response:
    body: {string: "{\r\n  \"status\": \"Succeeded\"\r\n}"}
    headers:
      cache-control: [no-cache]
      content-length: ['29']
      content-type: [application/json; charset=utf-8]
      date: ['Mon, 03 Dec 2018 16:26:02 GMT']
      expires: ['-1']
      pragma: [no-cache]
      server: [Microsoft-HTTPAPI/2.0, Microsoft-HTTPAPI/2.0]
      strict-transport-security: [max-age=31536000; includeSubDomains]
      transfer-encoding: [chunked]
      vary: [Accept-Encoding]
      x-content-type-options: [nosniff]
    status: {code: 200, message: OK}
- request:
    body: null
    headers:
      Accept: [application/json]
      Accept-Encoding: ['gzip, deflate']
      CommandName: [network vnet subnet create]
      Connection: [keep-alive]
      ParameterSetName: [-n --address-prefix --vnet-name -g]
      User-Agent: [python/3.6.1 (Windows-10-10.0.17763-SP0) msrest/0.6.2 msrest_azure/0.5.1
          networkmanagementclient/2.4.0 Azure-SDK-For-Python AZURECLI/2.0.52]
    method: GET
    uri: https://management.azure.com/subscriptions/00000000-0000-0000-0000-000000000000/resourceGroups/cli_test_lock_commands_with_ids000001/providers/Microsoft.Network/virtualNetworks/cli-lock-vnet000002/subnets/cli-lock-subnet000003?api-version=2018-10-01
  response:
    body: {string: "{\r\n  \"name\": \"cli-lock-subnet000003\",\r\n  \"id\": \"/subscriptions/00000000-0000-0000-0000-000000000000/resourceGroups/cli_test_lock_commands_with_ids000001/providers/Microsoft.Network/virtualNetworks/cli-lock-vnet000002/subnets/cli-lock-subnet000003\",\r\n
        \ \"etag\": \"W/\\\"c0f2c6c5-5e66-47eb-83ce-012754541a45\\\"\",\r\n  \"properties\":
        {\r\n    \"provisioningState\": \"Succeeded\",\r\n    \"addressPrefix\": \"10.0.0.0/16\",\r\n
        \   \"delegations\": []\r\n  },\r\n  \"type\": \"Microsoft.Network/virtualNetworks/subnets\"\r\n}"}
    headers:
      cache-control: [no-cache]
      content-length: ['554']
      content-type: [application/json; charset=utf-8]
      date: ['Mon, 03 Dec 2018 16:26:02 GMT']
      etag: [W/"c0f2c6c5-5e66-47eb-83ce-012754541a45"]
      expires: ['-1']
      pragma: [no-cache]
      server: [Microsoft-HTTPAPI/2.0, Microsoft-HTTPAPI/2.0]
      strict-transport-security: [max-age=31536000; includeSubDomains]
      transfer-encoding: [chunked]
      vary: [Accept-Encoding]
      x-content-type-options: [nosniff]
    status: {code: 200, message: OK}
- request:
    body: 'b''{"properties": {"level": "CanNotDelete"}, "name": "cli-test-lock000004"}'''
    headers:
      Accept: [application/json]
      Accept-Encoding: ['gzip, deflate']
      CommandName: [lock create]
      Connection: [keep-alive]
      Content-Length: ['103']
      Content-Type: [application/json; charset=utf-8]
      ParameterSetName: [-n -g --lock-type]
      User-Agent: [python/3.6.1 (Windows-10-10.0.17763-SP0) msrest/0.6.2 msrest_azure/0.5.1
          managementlockclient/2.0.0 Azure-SDK-For-Python AZURECLI/2.0.52]
      accept-language: [en-US]
    method: PUT
    uri: https://management.azure.com/subscriptions/00000000-0000-0000-0000-000000000000/resourceGroups/cli_test_lock_commands_with_ids000001/providers/Microsoft.Authorization/locks/cli-test-lock000004?api-version=2016-09-01
  response:
    body: {string: '{"properties":{"level":"CanNotDelete"},"id":"/subscriptions/00000000-0000-0000-0000-000000000000/resourceGroups/cli_test_lock_commands_with_ids000001/providers/Microsoft.Authorization/locks/cli-test-lock000004","type":"Microsoft.Authorization/locks","name":"cli-test-lock000004"}'}
    headers:
      cache-control: [no-cache]
      content-length: ['379']
      content-type: [application/json; charset=utf-8]
      date: ['Mon, 03 Dec 2018 16:26:04 GMT']
      expires: ['-1']
      pragma: [no-cache]
      strict-transport-security: [max-age=31536000; includeSubDomains]
      x-content-type-options: [nosniff]
      x-ms-ratelimit-remaining-subscription-writes: ['1199']
    status: {code: 201, message: Created}
- request:
    body: 'b''{"properties": {"level": "CanNotDelete"}, "name": "cli-test-lock000005"}'''
    headers:
      Accept: [application/json]
      Accept-Encoding: ['gzip, deflate']
      CommandName: [lock create]
      Connection: [keep-alive]
      Content-Length: ['103']
      Content-Type: [application/json; charset=utf-8]
      ParameterSetName: [-n -g --resource-type --resource-name --lock-type]
      User-Agent: [python/3.6.1 (Windows-10-10.0.17763-SP0) msrest/0.6.2 msrest_azure/0.5.1
          managementlockclient/2.0.0 Azure-SDK-For-Python AZURECLI/2.0.52]
      accept-language: [en-US]
    method: PUT
    uri: https://management.azure.com/subscriptions/00000000-0000-0000-0000-000000000000/resourcegroups/cli_test_lock_commands_with_ids000001/providers/Microsoft.Network/virtualNetworks/cli-lock-vnet000002/providers/Microsoft.Authorization/locks/cli-test-lock000005?api-version=2016-09-01
  response:
    body: {string: '{"properties":{"level":"CanNotDelete"},"id":"/subscriptions/00000000-0000-0000-0000-000000000000/resourcegroups/cli_test_lock_commands_with_ids000001/providers/Microsoft.Network/virtualNetworks/cli-lock-vnet000002/providers/Microsoft.Authorization/locks/cli-test-lock000005","type":"Microsoft.Authorization/locks","name":"cli-test-lock000005"}'}
    headers:
      cache-control: [no-cache]
      content-length: ['454']
      content-type: [application/json; charset=utf-8]
      date: ['Mon, 03 Dec 2018 16:26:06 GMT']
      expires: ['-1']
      pragma: [no-cache]
      strict-transport-security: [max-age=31536000; includeSubDomains]
      x-content-type-options: [nosniff]
      x-ms-ratelimit-remaining-subscription-writes: ['1199']
    status: {code: 201, message: Created}
- request:
    body: 'b''{"properties": {"level": "CanNotDelete"}, "name": "cli-test-lock000006"}'''
    headers:
      Accept: [application/json]
      Accept-Encoding: ['gzip, deflate']
      CommandName: [lock create]
      Connection: [keep-alive]
      Content-Length: ['73']
      Content-Type: [application/json; charset=utf-8]
      ParameterSetName: [-n -g --resource-name --resource-type --namespace --parent
          --lock-type]
      User-Agent: [python/3.6.1 (Windows-10-10.0.17763-SP0) msrest/0.6.2 msrest_azure/0.5.1
          managementlockclient/2.0.0 Azure-SDK-For-Python AZURECLI/2.0.52]
      accept-language: [en-US]
    method: PUT
    uri: https://management.azure.com/subscriptions/00000000-0000-0000-0000-000000000000/resourcegroups/cli_test_lock_commands_with_ids000001/providers/Microsoft.Network/virtualNetworks/cli-lock-vnet000002/subnets/cli-lock-subnet000003/providers/Microsoft.Authorization/locks/cli-test-lock000006?api-version=2016-09-01
  response:
    body: {string: '{"properties":{"level":"CanNotDelete"},"id":"/subscriptions/00000000-0000-0000-0000-000000000000/resourcegroups/cli_test_lock_commands_with_ids000001/providers/Microsoft.Network/virtualNetworks/cli-lock-vnet000002/subnets/cli-lock-subnet000003/providers/Microsoft.Authorization/locks/cli-test-lock000006","type":"Microsoft.Authorization/locks","name":"cli-test-lock000006"}'}
    headers:
      cache-control: [no-cache]
      content-length: ['433']
      content-type: [application/json; charset=utf-8]
      date: ['Mon, 03 Dec 2018 16:26:07 GMT']
      expires: ['-1']
      pragma: [no-cache]
      strict-transport-security: [max-age=31536000; includeSubDomains]
      x-content-type-options: [nosniff]
      x-ms-ratelimit-remaining-subscription-writes: ['1199']
    status: {code: 201, message: Created}
- request:
    body: null
    headers:
      Accept: [application/json]
      Accept-Encoding: ['gzip, deflate']
      CommandName: [lock show]
      Connection: [keep-alive]
      Content-Type: [application/json; charset=utf-8]
      ParameterSetName: [--ids --query]
      User-Agent: [python/3.6.1 (Windows-10-10.0.17763-SP0) msrest/0.6.2 msrest_azure/0.5.1
          managementlockclient/2.0.0 Azure-SDK-For-Python AZURECLI/2.0.52]
      accept-language: [en-US]
    method: GET
    uri: https://management.azure.com/subscriptions/00000000-0000-0000-0000-000000000000/providers/Microsoft.Authorization/locks?api-version=2016-09-01
  response:
    body: {string: '{"value":[{"properties":{"level":"CanNotDelete","notes":"Prevent
        deleting my cloudshell store"},"id":"/subscriptions/00000000-0000-0000-0000-000000000000/resourceGroups/mccloudshellstore/providers/Microsoft.Authorization/locks/mccloudshellstorelock","type":"Microsoft.Authorization/locks","name":"mccloudshellstorelock"},{"properties":{"level":"CanNotDelete","notes":"Automation
        account for automation repros"},"id":"/subscriptions/00000000-0000-0000-0000-000000000000/resourceGroups/automationrepro2/providers/Microsoft.Authorization/locks/NoDeleteRG","type":"Microsoft.Authorization/locks","name":"NoDeleteRG"},{"properties":{"level":"CanNotDelete","notes":""},"id":"/subscriptions/00000000-0000-0000-0000-000000000000/resourceGroups/cleanupservice/providers/Microsoft.Authorization/locks/donotdelete","type":"Microsoft.Authorization/locks","name":"donotdelete"},{"properties":{"level":"CanNotDelete"},"id":"/subscriptions/00000000-0000-0000-0000-000000000000/resourceGroups/cli_test_lock_commands_with_ids000001/providers/Microsoft.Authorization/locks/cli-test-lock000004","type":"Microsoft.Authorization/locks","name":"cli-test-lock000004"},{"properties":{"level":"CanNotDelete"},"id":"/subscriptions/00000000-0000-0000-0000-000000000000/resourcegroups/cli_test_lock_commands_with_ids000001/providers/Microsoft.Network/virtualNetworks/cli-lock-vnet000002/providers/Microsoft.Authorization/locks/cli-test-lock000005","type":"Microsoft.Authorization/locks","name":"cli-test-lock000005"},{"properties":{"level":"CanNotDelete"},"id":"/subscriptions/00000000-0000-0000-0000-000000000000/resourcegroups/cli_test_lock_commands_with_ids000001/providers/Microsoft.Network/virtualNetworks/cli-lock-vnet000002/subnets/cli-lock-subnet000003/providers/Microsoft.Authorization/locks/cli-test-lock000006","type":"Microsoft.Authorization/locks","name":"cli-test-lock000006"},{"properties":{"level":"ReadOnly"},"id":"/subscriptions/00000000-0000-0000-0000-000000000000/resourcegroups/cli_test_readonly_resource_lockifjx6dmiudut6g2pj3dorronq5k4wj4jfioze337ssh7/providers/Microsoft.Network/virtualNetworks/cli.lock.rsrcwu5ehdlptvr2qstsb/providers/Microsoft.Authorization/locks/cli-test-lockahlii6r7gg5f6ma3vfwjhsjb4sxje2khe6iwnsmtswdx2ayauht7gqlcuykcf","type":"Microsoft.Authorization/locks","name":"cli-test-lockahlii6r7gg5f6ma3vfwjhsjb4sxje2khe6iwnsmtswdx2ayauht7gqlcuykcf"},{"properties":{"level":"ReadOnly"},"id":"/subscriptions/00000000-0000-0000-0000-000000000000/resourcegroups/cli_test_readonly_resource_lockszeqtwipk7xsx6tz7pit4dll2h4revh7ktbhyh6q7zzr/providers/Microsoft.Network/virtualNetworks/cli.lock.rsrculfvvaav24mweefk3/providers/Microsoft.Authorization/locks/cli-test-lockutcqqmczgpe64cvgla7as5gkgjiy4vs33sdunkolkpzmnlaqaahragrbrcxzi","type":"Microsoft.Authorization/locks","name":"cli-test-lockutcqqmczgpe64cvgla7as5gkgjiy4vs33sdunkolkpzmnlaqaahragrbrcxzi"}]}'}
    headers:
      cache-control: [no-cache]
      content-length: ['3133']
      content-type: [application/json; charset=utf-8]
      date: ['Mon, 03 Dec 2018 16:26:13 GMT']
      expires: ['-1']
      pragma: [no-cache]
      strict-transport-security: [max-age=31536000; includeSubDomains]
      transfer-encoding: [chunked]
      vary: ['Accept-Encoding,Accept-Encoding']
      x-content-type-options: [nosniff]
    status: {code: 200, message: OK}
- request:
    body: null
    headers:
      Accept: [application/json]
      Accept-Encoding: ['gzip, deflate']
      CommandName: [lock show]
      Connection: [keep-alive]
      Content-Type: [application/json; charset=utf-8]
      ParameterSetName: [--ids --query]
      User-Agent: [python/3.6.1 (Windows-10-10.0.17763-SP0) msrest/0.6.2 msrest_azure/0.5.1
          managementlockclient/2.0.0 Azure-SDK-For-Python AZURECLI/2.0.52]
      accept-language: [en-US]
    method: GET
    uri: https://management.azure.com/subscriptions/00000000-0000-0000-0000-000000000000/resourceGroups/cli_test_lock_commands_with_ids000001/providers/Microsoft.Authorization/locks/cli-test-lock000004?api-version=2016-09-01
  response:
    body: {string: '{"properties":{"level":"CanNotDelete"},"id":"/subscriptions/00000000-0000-0000-0000-000000000000/resourceGroups/cli_test_lock_commands_with_ids000001/providers/Microsoft.Authorization/locks/cli-test-lock000004","type":"Microsoft.Authorization/locks","name":"cli-test-lock000004"}'}
    headers:
      cache-control: [no-cache]
      content-length: ['379']
      content-type: [application/json; charset=utf-8]
      date: ['Mon, 03 Dec 2018 16:26:13 GMT']
      expires: ['-1']
      pragma: [no-cache]
      strict-transport-security: [max-age=31536000; includeSubDomains]
      transfer-encoding: [chunked]
      vary: ['Accept-Encoding,Accept-Encoding']
      x-content-type-options: [nosniff]
    status: {code: 200, message: OK}
- request:
    body: null
    headers:
      Accept: [application/json]
      Accept-Encoding: ['gzip, deflate']
      CommandName: [lock show]
      Connection: [keep-alive]
      Content-Type: [application/json; charset=utf-8]
      ParameterSetName: [--ids --query]
      User-Agent: [python/3.6.1 (Windows-10-10.0.17763-SP0) msrest/0.6.2 msrest_azure/0.5.1
          managementlockclient/2.0.0 Azure-SDK-For-Python AZURECLI/2.0.52]
      accept-language: [en-US]
    method: GET
    uri: https://management.azure.com/subscriptions/00000000-0000-0000-0000-000000000000/providers/Microsoft.Authorization/locks?api-version=2016-09-01
  response:
    body: {string: '{"value":[{"properties":{"level":"CanNotDelete","notes":"Prevent
        deleting my cloudshell store"},"id":"/subscriptions/00000000-0000-0000-0000-000000000000/resourceGroups/mccloudshellstore/providers/Microsoft.Authorization/locks/mccloudshellstorelock","type":"Microsoft.Authorization/locks","name":"mccloudshellstorelock"},{"properties":{"level":"CanNotDelete","notes":"Automation
        account for automation repros"},"id":"/subscriptions/00000000-0000-0000-0000-000000000000/resourceGroups/automationrepro2/providers/Microsoft.Authorization/locks/NoDeleteRG","type":"Microsoft.Authorization/locks","name":"NoDeleteRG"},{"properties":{"level":"CanNotDelete","notes":""},"id":"/subscriptions/00000000-0000-0000-0000-000000000000/resourceGroups/cleanupservice/providers/Microsoft.Authorization/locks/donotdelete","type":"Microsoft.Authorization/locks","name":"donotdelete"},{"properties":{"level":"CanNotDelete"},"id":"/subscriptions/00000000-0000-0000-0000-000000000000/resourceGroups/cli_test_lock_commands_with_ids000001/providers/Microsoft.Authorization/locks/cli-test-lock000004","type":"Microsoft.Authorization/locks","name":"cli-test-lock000004"},{"properties":{"level":"CanNotDelete"},"id":"/subscriptions/00000000-0000-0000-0000-000000000000/resourcegroups/cli_test_lock_commands_with_ids000001/providers/Microsoft.Network/virtualNetworks/cli-lock-vnet000002/providers/Microsoft.Authorization/locks/cli-test-lock000005","type":"Microsoft.Authorization/locks","name":"cli-test-lock000005"},{"properties":{"level":"CanNotDelete"},"id":"/subscriptions/00000000-0000-0000-0000-000000000000/resourcegroups/cli_test_lock_commands_with_ids000001/providers/Microsoft.Network/virtualNetworks/cli-lock-vnet000002/subnets/cli-lock-subnet000003/providers/Microsoft.Authorization/locks/cli-test-lock000006","type":"Microsoft.Authorization/locks","name":"cli-test-lock000006"},{"properties":{"level":"ReadOnly"},"id":"/subscriptions/00000000-0000-0000-0000-000000000000/resourcegroups/cli_test_readonly_resource_lockifjx6dmiudut6g2pj3dorronq5k4wj4jfioze337ssh7/providers/Microsoft.Network/virtualNetworks/cli.lock.rsrcwu5ehdlptvr2qstsb/providers/Microsoft.Authorization/locks/cli-test-lockahlii6r7gg5f6ma3vfwjhsjb4sxje2khe6iwnsmtswdx2ayauht7gqlcuykcf","type":"Microsoft.Authorization/locks","name":"cli-test-lockahlii6r7gg5f6ma3vfwjhsjb4sxje2khe6iwnsmtswdx2ayauht7gqlcuykcf"},{"properties":{"level":"ReadOnly"},"id":"/subscriptions/00000000-0000-0000-0000-000000000000/resourcegroups/cli_test_readonly_resource_lockszeqtwipk7xsx6tz7pit4dll2h4revh7ktbhyh6q7zzr/providers/Microsoft.Network/virtualNetworks/cli.lock.rsrculfvvaav24mweefk3/providers/Microsoft.Authorization/locks/cli-test-lockutcqqmczgpe64cvgla7as5gkgjiy4vs33sdunkolkpzmnlaqaahragrbrcxzi","type":"Microsoft.Authorization/locks","name":"cli-test-lockutcqqmczgpe64cvgla7as5gkgjiy4vs33sdunkolkpzmnlaqaahragrbrcxzi"}]}'}
    headers:
      cache-control: [no-cache]
      content-length: ['3133']
      content-type: [application/json; charset=utf-8]
      date: ['Mon, 03 Dec 2018 16:26:15 GMT']
      expires: ['-1']
      pragma: [no-cache]
      strict-transport-security: [max-age=31536000; includeSubDomains]
      transfer-encoding: [chunked]
      vary: ['Accept-Encoding,Accept-Encoding']
      x-content-type-options: [nosniff]
    status: {code: 200, message: OK}
- request:
    body: null
    headers:
      Accept: [application/json]
      Accept-Encoding: ['gzip, deflate']
      CommandName: [lock show]
      Connection: [keep-alive]
      Content-Type: [application/json; charset=utf-8]
      ParameterSetName: [--ids --query]
      User-Agent: [python/3.6.1 (Windows-10-10.0.17763-SP0) msrest/0.6.2 msrest_azure/0.5.1
          managementlockclient/2.0.0 Azure-SDK-For-Python AZURECLI/2.0.52]
      accept-language: [en-US]
    method: GET
    uri: https://management.azure.com/subscriptions/00000000-0000-0000-0000-000000000000/resourcegroups/cli_test_lock_commands_with_ids000001/providers/Microsoft.Network/virtualNetworks/cli-lock-vnet000002/providers/Microsoft.Authorization/locks/cli-test-lock000005?api-version=2016-09-01
  response:
    body: {string: '{"properties":{"level":"CanNotDelete"},"id":"/subscriptions/00000000-0000-0000-0000-000000000000/resourcegroups/cli_test_lock_commands_with_ids000001/providers/Microsoft.Network/virtualNetworks/cli-lock-vnet000002/providers/Microsoft.Authorization/locks/cli-test-lock000005","type":"Microsoft.Authorization/locks","name":"cli-test-lock000005"}'}
    headers:
      cache-control: [no-cache]
      content-length: ['454']
      content-type: [application/json; charset=utf-8]
      date: ['Mon, 03 Dec 2018 16:26:14 GMT']
      expires: ['-1']
      pragma: [no-cache]
      strict-transport-security: [max-age=31536000; includeSubDomains]
      transfer-encoding: [chunked]
      vary: ['Accept-Encoding,Accept-Encoding']
      x-content-type-options: [nosniff]
    status: {code: 200, message: OK}
- request:
    body: null
    headers:
      Accept: [application/json]
      Accept-Encoding: ['gzip, deflate']
      CommandName: [lock show]
      Connection: [keep-alive]
      Content-Type: [application/json; charset=utf-8]
      ParameterSetName: [--ids --query]
      User-Agent: [python/3.6.1 (Windows-10-10.0.17763-SP0) msrest/0.6.2 msrest_azure/0.5.1
          managementlockclient/2.0.0 Azure-SDK-For-Python AZURECLI/2.0.52]
      accept-language: [en-US]
    method: GET
    uri: https://management.azure.com/subscriptions/00000000-0000-0000-0000-000000000000/providers/Microsoft.Authorization/locks?api-version=2016-09-01
  response:
    body: {string: '{"value":[{"properties":{"level":"CanNotDelete","notes":"Prevent
        deleting my cloudshell store"},"id":"/subscriptions/00000000-0000-0000-0000-000000000000/resourceGroups/mccloudshellstore/providers/Microsoft.Authorization/locks/mccloudshellstorelock","type":"Microsoft.Authorization/locks","name":"mccloudshellstorelock"},{"properties":{"level":"CanNotDelete","notes":"Automation
        account for automation repros"},"id":"/subscriptions/00000000-0000-0000-0000-000000000000/resourceGroups/automationrepro2/providers/Microsoft.Authorization/locks/NoDeleteRG","type":"Microsoft.Authorization/locks","name":"NoDeleteRG"},{"properties":{"level":"CanNotDelete","notes":""},"id":"/subscriptions/00000000-0000-0000-0000-000000000000/resourceGroups/cleanupservice/providers/Microsoft.Authorization/locks/donotdelete","type":"Microsoft.Authorization/locks","name":"donotdelete"},{"properties":{"level":"CanNotDelete"},"id":"/subscriptions/00000000-0000-0000-0000-000000000000/resourceGroups/cli_test_lock_commands_with_ids000001/providers/Microsoft.Authorization/locks/cli-test-lock000004","type":"Microsoft.Authorization/locks","name":"cli-test-lock000004"},{"properties":{"level":"CanNotDelete"},"id":"/subscriptions/00000000-0000-0000-0000-000000000000/resourcegroups/cli_test_lock_commands_with_ids000001/providers/Microsoft.Network/virtualNetworks/cli-lock-vnet000002/providers/Microsoft.Authorization/locks/cli-test-lock000005","type":"Microsoft.Authorization/locks","name":"cli-test-lock000005"},{"properties":{"level":"CanNotDelete"},"id":"/subscriptions/00000000-0000-0000-0000-000000000000/resourcegroups/cli_test_lock_commands_with_ids000001/providers/Microsoft.Network/virtualNetworks/cli-lock-vnet000002/subnets/cli-lock-subnet000003/providers/Microsoft.Authorization/locks/cli-test-lock000006","type":"Microsoft.Authorization/locks","name":"cli-test-lock000006"},{"properties":{"level":"ReadOnly"},"id":"/subscriptions/00000000-0000-0000-0000-000000000000/resourcegroups/cli_test_readonly_resource_lockifjx6dmiudut6g2pj3dorronq5k4wj4jfioze337ssh7/providers/Microsoft.Network/virtualNetworks/cli.lock.rsrcwu5ehdlptvr2qstsb/providers/Microsoft.Authorization/locks/cli-test-lockahlii6r7gg5f6ma3vfwjhsjb4sxje2khe6iwnsmtswdx2ayauht7gqlcuykcf","type":"Microsoft.Authorization/locks","name":"cli-test-lockahlii6r7gg5f6ma3vfwjhsjb4sxje2khe6iwnsmtswdx2ayauht7gqlcuykcf"},{"properties":{"level":"ReadOnly"},"id":"/subscriptions/00000000-0000-0000-0000-000000000000/resourcegroups/cli_test_readonly_resource_lockszeqtwipk7xsx6tz7pit4dll2h4revh7ktbhyh6q7zzr/providers/Microsoft.Network/virtualNetworks/cli.lock.rsrculfvvaav24mweefk3/providers/Microsoft.Authorization/locks/cli-test-lockutcqqmczgpe64cvgla7as5gkgjiy4vs33sdunkolkpzmnlaqaahragrbrcxzi","type":"Microsoft.Authorization/locks","name":"cli-test-lockutcqqmczgpe64cvgla7as5gkgjiy4vs33sdunkolkpzmnlaqaahragrbrcxzi"}]}'}
    headers:
      cache-control: [no-cache]
      content-length: ['3133']
      content-type: [application/json; charset=utf-8]
      date: ['Mon, 03 Dec 2018 16:26:14 GMT']
      expires: ['-1']
      pragma: [no-cache]
      strict-transport-security: [max-age=31536000; includeSubDomains]
      transfer-encoding: [chunked]
      vary: ['Accept-Encoding,Accept-Encoding']
      x-content-type-options: [nosniff]
    status: {code: 200, message: OK}
- request:
    body: null
    headers:
      Accept: [application/json]
      Accept-Encoding: ['gzip, deflate']
      CommandName: [lock show]
      Connection: [keep-alive]
      Content-Type: [application/json; charset=utf-8]
      ParameterSetName: [--ids --query]
      User-Agent: [python/3.6.1 (Windows-10-10.0.17763-SP0) msrest/0.6.2 msrest_azure/0.5.1
          managementlockclient/2.0.0 Azure-SDK-For-Python AZURECLI/2.0.52]
      accept-language: [en-US]
    method: GET
    uri: https://management.azure.com/subscriptions/00000000-0000-0000-0000-000000000000/resourcegroups/cli_test_lock_commands_with_ids000001/providers/Microsoft.Network/virtualNetworks/cli-lock-vnet000002/subnets/cli-lock-subnet000003/providers/Microsoft.Authorization/locks/cli-test-lock000006?api-version=2016-09-01
  response:
    body: {string: '{"properties":{"level":"CanNotDelete"},"id":"/subscriptions/00000000-0000-0000-0000-000000000000/resourcegroups/cli_test_lock_commands_with_ids000001/providers/Microsoft.Network/virtualNetworks/cli-lock-vnet000002/subnets/cli-lock-subnet000003/providers/Microsoft.Authorization/locks/cli-test-lock000006","type":"Microsoft.Authorization/locks","name":"cli-test-lock000006"}'}
    headers:
      cache-control: [no-cache]
      content-length: ['433']
      content-type: [application/json; charset=utf-8]
      date: ['Mon, 03 Dec 2018 16:26:16 GMT']
      expires: ['-1']
      pragma: [no-cache]
      strict-transport-security: [max-age=31536000; includeSubDomains]
      transfer-encoding: [chunked]
      vary: ['Accept-Encoding,Accept-Encoding']
      x-content-type-options: [nosniff]
    status: {code: 200, message: OK}
- request:
    body: null
    headers:
      Accept: [application/json]
      Accept-Encoding: ['gzip, deflate']
      CommandName: [lock update]
      Connection: [keep-alive]
      Content-Type: [application/json; charset=utf-8]
      ParameterSetName: [--ids --notes --lock-type]
      User-Agent: [python/3.6.1 (Windows-10-10.0.17763-SP0) msrest/0.6.2 msrest_azure/0.5.1
          managementlockclient/2.0.0 Azure-SDK-For-Python AZURECLI/2.0.52]
      accept-language: [en-US]
    method: GET
    uri: https://management.azure.com/subscriptions/00000000-0000-0000-0000-000000000000/providers/Microsoft.Authorization/locks?api-version=2016-09-01
  response:
    body: {string: '{"value":[{"properties":{"level":"CanNotDelete","notes":"Prevent
        deleting my cloudshell store"},"id":"/subscriptions/00000000-0000-0000-0000-000000000000/resourceGroups/mccloudshellstore/providers/Microsoft.Authorization/locks/mccloudshellstorelock","type":"Microsoft.Authorization/locks","name":"mccloudshellstorelock"},{"properties":{"level":"CanNotDelete","notes":"Automation
        account for automation repros"},"id":"/subscriptions/00000000-0000-0000-0000-000000000000/resourceGroups/automationrepro2/providers/Microsoft.Authorization/locks/NoDeleteRG","type":"Microsoft.Authorization/locks","name":"NoDeleteRG"},{"properties":{"level":"CanNotDelete","notes":""},"id":"/subscriptions/00000000-0000-0000-0000-000000000000/resourceGroups/cleanupservice/providers/Microsoft.Authorization/locks/donotdelete","type":"Microsoft.Authorization/locks","name":"donotdelete"},{"properties":{"level":"CanNotDelete"},"id":"/subscriptions/00000000-0000-0000-0000-000000000000/resourceGroups/cli_test_lock_commands_with_ids000001/providers/Microsoft.Authorization/locks/cli-test-lock000004","type":"Microsoft.Authorization/locks","name":"cli-test-lock000004"},{"properties":{"level":"CanNotDelete"},"id":"/subscriptions/00000000-0000-0000-0000-000000000000/resourcegroups/cli_test_lock_commands_with_ids000001/providers/Microsoft.Network/virtualNetworks/cli-lock-vnet000002/providers/Microsoft.Authorization/locks/cli-test-lock000005","type":"Microsoft.Authorization/locks","name":"cli-test-lock000005"},{"properties":{"level":"CanNotDelete"},"id":"/subscriptions/00000000-0000-0000-0000-000000000000/resourcegroups/cli_test_lock_commands_with_ids000001/providers/Microsoft.Network/virtualNetworks/cli-lock-vnet000002/subnets/cli-lock-subnet000003/providers/Microsoft.Authorization/locks/cli-test-lock000006","type":"Microsoft.Authorization/locks","name":"cli-test-lock000006"},{"properties":{"level":"ReadOnly"},"id":"/subscriptions/00000000-0000-0000-0000-000000000000/resourcegroups/cli_test_readonly_resource_lockifjx6dmiudut6g2pj3dorronq5k4wj4jfioze337ssh7/providers/Microsoft.Network/virtualNetworks/cli.lock.rsrcwu5ehdlptvr2qstsb/providers/Microsoft.Authorization/locks/cli-test-lockahlii6r7gg5f6ma3vfwjhsjb4sxje2khe6iwnsmtswdx2ayauht7gqlcuykcf","type":"Microsoft.Authorization/locks","name":"cli-test-lockahlii6r7gg5f6ma3vfwjhsjb4sxje2khe6iwnsmtswdx2ayauht7gqlcuykcf"},{"properties":{"level":"ReadOnly"},"id":"/subscriptions/00000000-0000-0000-0000-000000000000/resourcegroups/cli_test_readonly_resource_lockszeqtwipk7xsx6tz7pit4dll2h4revh7ktbhyh6q7zzr/providers/Microsoft.Network/virtualNetworks/cli.lock.rsrculfvvaav24mweefk3/providers/Microsoft.Authorization/locks/cli-test-lockutcqqmczgpe64cvgla7as5gkgjiy4vs33sdunkolkpzmnlaqaahragrbrcxzi","type":"Microsoft.Authorization/locks","name":"cli-test-lockutcqqmczgpe64cvgla7as5gkgjiy4vs33sdunkolkpzmnlaqaahragrbrcxzi"}]}'}
    headers:
      cache-control: [no-cache]
      content-length: ['3133']
      content-type: [application/json; charset=utf-8]
      date: ['Mon, 03 Dec 2018 16:26:18 GMT']
      expires: ['-1']
      pragma: [no-cache]
      strict-transport-security: [max-age=31536000; includeSubDomains]
      transfer-encoding: [chunked]
      vary: ['Accept-Encoding,Accept-Encoding']
      x-content-type-options: [nosniff]
    status: {code: 200, message: OK}
- request:
    body: null
    headers:
      Accept: [application/json]
      Accept-Encoding: ['gzip, deflate']
      CommandName: [lock update]
      Connection: [keep-alive]
      Content-Type: [application/json; charset=utf-8]
      ParameterSetName: [--ids --notes --lock-type]
      User-Agent: [python/3.6.1 (Windows-10-10.0.17763-SP0) msrest/0.6.2 msrest_azure/0.5.1
          managementlockclient/2.0.0 Azure-SDK-For-Python AZURECLI/2.0.52]
      accept-language: [en-US]
    method: GET
    uri: https://management.azure.com/subscriptions/00000000-0000-0000-0000-000000000000/resourceGroups/cli_test_lock_commands_with_ids000001/providers/Microsoft.Authorization/locks/cli-test-lock000004?api-version=2016-09-01
  response:
    body: {string: '{"properties":{"level":"CanNotDelete"},"id":"/subscriptions/00000000-0000-0000-0000-000000000000/resourceGroups/cli_test_lock_commands_with_ids000001/providers/Microsoft.Authorization/locks/cli-test-lock000004","type":"Microsoft.Authorization/locks","name":"cli-test-lock000004"}'}
    headers:
      cache-control: [no-cache]
      content-length: ['379']
      content-type: [application/json; charset=utf-8]
      date: ['Mon, 03 Dec 2018 16:26:17 GMT']
      expires: ['-1']
      pragma: [no-cache]
      strict-transport-security: [max-age=31536000; includeSubDomains]
      transfer-encoding: [chunked]
      vary: ['Accept-Encoding,Accept-Encoding']
      x-content-type-options: [nosniff]
    status: {code: 200, message: OK}
- request:
    body: 'b''{"properties": {"level": "ReadOnly", "notes": "somenotes"}, "name":
      "cli-test-lock000004"}'''
    headers:
      Accept: [application/json]
      Accept-Encoding: ['gzip, deflate']
      CommandName: [lock update]
      Connection: [keep-alive]
      Content-Length: ['121']
      Content-Type: [application/json; charset=utf-8]
      ParameterSetName: [--ids --notes --lock-type]
      User-Agent: [python/3.6.1 (Windows-10-10.0.17763-SP0) msrest/0.6.2 msrest_azure/0.5.1
          managementlockclient/2.0.0 Azure-SDK-For-Python AZURECLI/2.0.52]
      accept-language: [en-US]
    method: PUT
    uri: https://management.azure.com/subscriptions/00000000-0000-0000-0000-000000000000/resourceGroups/cli_test_lock_commands_with_ids000001/providers/Microsoft.Authorization/locks/cli-test-lock000004?api-version=2016-09-01
  response:
    body: {string: '{"properties":{"level":"ReadOnly","notes":"somenotes"},"id":"/subscriptions/00000000-0000-0000-0000-000000000000/resourceGroups/cli_test_lock_commands_with_ids000001/providers/Microsoft.Authorization/locks/cli-test-lock000004","type":"Microsoft.Authorization/locks","name":"cli-test-lock000004"}'}
    headers:
      cache-control: [no-cache]
      content-length: ['395']
      content-type: [application/json; charset=utf-8]
      date: ['Mon, 03 Dec 2018 16:26:18 GMT']
      expires: ['-1']
      pragma: [no-cache]
      strict-transport-security: [max-age=31536000; includeSubDomains]
      transfer-encoding: [chunked]
      vary: ['Accept-Encoding,Accept-Encoding']
      x-content-type-options: [nosniff]
      x-ms-ratelimit-remaining-subscription-writes: ['1198']
    status: {code: 200, message: OK}
- request:
    body: null
    headers:
      Accept: [application/json]
      Accept-Encoding: ['gzip, deflate']
      CommandName: [lock update]
      Connection: [keep-alive]
      Content-Type: [application/json; charset=utf-8]
      ParameterSetName: [--ids --notes --lock-type]
      User-Agent: [python/3.6.1 (Windows-10-10.0.17763-SP0) msrest/0.6.2 msrest_azure/0.5.1
          managementlockclient/2.0.0 Azure-SDK-For-Python AZURECLI/2.0.52]
      accept-language: [en-US]
    method: GET
    uri: https://management.azure.com/subscriptions/00000000-0000-0000-0000-000000000000/providers/Microsoft.Authorization/locks?api-version=2016-09-01
  response:
    body: {string: '{"value":[{"properties":{"level":"CanNotDelete","notes":"Prevent
        deleting my cloudshell store"},"id":"/subscriptions/00000000-0000-0000-0000-000000000000/resourceGroups/mccloudshellstore/providers/Microsoft.Authorization/locks/mccloudshellstorelock","type":"Microsoft.Authorization/locks","name":"mccloudshellstorelock"},{"properties":{"level":"CanNotDelete","notes":"Automation
        account for automation repros"},"id":"/subscriptions/00000000-0000-0000-0000-000000000000/resourceGroups/automationrepro2/providers/Microsoft.Authorization/locks/NoDeleteRG","type":"Microsoft.Authorization/locks","name":"NoDeleteRG"},{"properties":{"level":"CanNotDelete","notes":""},"id":"/subscriptions/00000000-0000-0000-0000-000000000000/resourceGroups/cleanupservice/providers/Microsoft.Authorization/locks/donotdelete","type":"Microsoft.Authorization/locks","name":"donotdelete"},{"properties":{"level":"ReadOnly","notes":"somenotes"},"id":"/subscriptions/00000000-0000-0000-0000-000000000000/resourceGroups/cli_test_lock_commands_with_ids000001/providers/Microsoft.Authorization/locks/cli-test-lock000004","type":"Microsoft.Authorization/locks","name":"cli-test-lock000004"},{"properties":{"level":"CanNotDelete"},"id":"/subscriptions/00000000-0000-0000-0000-000000000000/resourcegroups/cli_test_lock_commands_with_ids000001/providers/Microsoft.Network/virtualNetworks/cli-lock-vnet000002/providers/Microsoft.Authorization/locks/cli-test-lock000005","type":"Microsoft.Authorization/locks","name":"cli-test-lock000005"},{"properties":{"level":"CanNotDelete"},"id":"/subscriptions/00000000-0000-0000-0000-000000000000/resourcegroups/cli_test_lock_commands_with_ids000001/providers/Microsoft.Network/virtualNetworks/cli-lock-vnet000002/subnets/cli-lock-subnet000003/providers/Microsoft.Authorization/locks/cli-test-lock000006","type":"Microsoft.Authorization/locks","name":"cli-test-lock000006"},{"properties":{"level":"ReadOnly"},"id":"/subscriptions/00000000-0000-0000-0000-000000000000/resourcegroups/cli_test_readonly_resource_lockifjx6dmiudut6g2pj3dorronq5k4wj4jfioze337ssh7/providers/Microsoft.Network/virtualNetworks/cli.lock.rsrcwu5ehdlptvr2qstsb/providers/Microsoft.Authorization/locks/cli-test-lockahlii6r7gg5f6ma3vfwjhsjb4sxje2khe6iwnsmtswdx2ayauht7gqlcuykcf","type":"Microsoft.Authorization/locks","name":"cli-test-lockahlii6r7gg5f6ma3vfwjhsjb4sxje2khe6iwnsmtswdx2ayauht7gqlcuykcf"},{"properties":{"level":"ReadOnly"},"id":"/subscriptions/00000000-0000-0000-0000-000000000000/resourcegroups/cli_test_readonly_resource_lockszeqtwipk7xsx6tz7pit4dll2h4revh7ktbhyh6q7zzr/providers/Microsoft.Network/virtualNetworks/cli.lock.rsrculfvvaav24mweefk3/providers/Microsoft.Authorization/locks/cli-test-lockutcqqmczgpe64cvgla7as5gkgjiy4vs33sdunkolkpzmnlaqaahragrbrcxzi","type":"Microsoft.Authorization/locks","name":"cli-test-lockutcqqmczgpe64cvgla7as5gkgjiy4vs33sdunkolkpzmnlaqaahragrbrcxzi"}]}'}
    headers:
      cache-control: [no-cache]
      content-length: ['3149']
      content-type: [application/json; charset=utf-8]
      date: ['Mon, 03 Dec 2018 16:26:19 GMT']
      expires: ['-1']
      pragma: [no-cache]
      strict-transport-security: [max-age=31536000; includeSubDomains]
      transfer-encoding: [chunked]
      vary: ['Accept-Encoding,Accept-Encoding']
      x-content-type-options: [nosniff]
    status: {code: 200, message: OK}
- request:
    body: null
    headers:
      Accept: [application/json]
      Accept-Encoding: ['gzip, deflate']
      CommandName: [lock update]
      Connection: [keep-alive]
      Content-Type: [application/json; charset=utf-8]
      ParameterSetName: [--ids --notes --lock-type]
      User-Agent: [python/3.6.1 (Windows-10-10.0.17763-SP0) msrest/0.6.2 msrest_azure/0.5.1
          managementlockclient/2.0.0 Azure-SDK-For-Python AZURECLI/2.0.52]
      accept-language: [en-US]
    method: GET
    uri: https://management.azure.com/subscriptions/00000000-0000-0000-0000-000000000000/resourcegroups/cli_test_lock_commands_with_ids000001/providers/Microsoft.Network/virtualNetworks/cli-lock-vnet000002/providers/Microsoft.Authorization/locks/cli-test-lock000005?api-version=2016-09-01
  response:
    body: {string: '{"properties":{"level":"CanNotDelete"},"id":"/subscriptions/00000000-0000-0000-0000-000000000000/resourcegroups/cli_test_lock_commands_with_ids000001/providers/Microsoft.Network/virtualNetworks/cli-lock-vnet000002/providers/Microsoft.Authorization/locks/cli-test-lock000005","type":"Microsoft.Authorization/locks","name":"cli-test-lock000005"}'}
    headers:
      cache-control: [no-cache]
      content-length: ['454']
      content-type: [application/json; charset=utf-8]
      date: ['Mon, 03 Dec 2018 16:26:20 GMT']
      expires: ['-1']
      pragma: [no-cache]
      strict-transport-security: [max-age=31536000; includeSubDomains]
      transfer-encoding: [chunked]
      vary: ['Accept-Encoding,Accept-Encoding']
      x-content-type-options: [nosniff]
    status: {code: 200, message: OK}
- request:
    body: 'b''{"properties": {"level": "ReadOnly", "notes": "somenotes"}, "name":
      "cli-test-lock000005"}'''
    headers:
      Accept: [application/json]
      Accept-Encoding: ['gzip, deflate']
      CommandName: [lock update]
      Connection: [keep-alive]
      Content-Length: ['121']
      Content-Type: [application/json; charset=utf-8]
      ParameterSetName: [--ids --notes --lock-type]
      User-Agent: [python/3.6.1 (Windows-10-10.0.17763-SP0) msrest/0.6.2 msrest_azure/0.5.1
          managementlockclient/2.0.0 Azure-SDK-For-Python AZURECLI/2.0.52]
      accept-language: [en-US]
    method: PUT
    uri: https://management.azure.com/subscriptions/00000000-0000-0000-0000-000000000000/resourcegroups/cli_test_lock_commands_with_ids000001/providers/Microsoft.Network/virtualNetworks/cli-lock-vnet000002/providers/Microsoft.Authorization/locks/cli-test-lock000005?api-version=2016-09-01
  response:
    body: {string: '{"properties":{"level":"ReadOnly","notes":"somenotes"},"id":"/subscriptions/00000000-0000-0000-0000-000000000000/resourcegroups/cli_test_lock_commands_with_ids000001/providers/Microsoft.Network/virtualNetworks/cli-lock-vnet000002/providers/Microsoft.Authorization/locks/cli-test-lock000005","type":"Microsoft.Authorization/locks","name":"cli-test-lock000005"}'}
    headers:
      cache-control: [no-cache]
      content-length: ['470']
      content-type: [application/json; charset=utf-8]
      date: ['Mon, 03 Dec 2018 16:26:20 GMT']
      expires: ['-1']
      pragma: [no-cache]
      strict-transport-security: [max-age=31536000; includeSubDomains]
      transfer-encoding: [chunked]
      vary: ['Accept-Encoding,Accept-Encoding']
      x-content-type-options: [nosniff]
      x-ms-ratelimit-remaining-subscription-writes: ['1199']
    status: {code: 200, message: OK}
- request:
    body: null
    headers:
      Accept: [application/json]
      Accept-Encoding: ['gzip, deflate']
      CommandName: [lock update]
      Connection: [keep-alive]
      Content-Type: [application/json; charset=utf-8]
      ParameterSetName: [--ids --notes --lock-type]
      User-Agent: [python/3.6.1 (Windows-10-10.0.17763-SP0) msrest/0.6.2 msrest_azure/0.5.1
          managementlockclient/2.0.0 Azure-SDK-For-Python AZURECLI/2.0.52]
      accept-language: [en-US]
    method: GET
    uri: https://management.azure.com/subscriptions/00000000-0000-0000-0000-000000000000/providers/Microsoft.Authorization/locks?api-version=2016-09-01
  response:
    body: {string: '{"value":[{"properties":{"level":"CanNotDelete","notes":"Prevent
        deleting my cloudshell store"},"id":"/subscriptions/00000000-0000-0000-0000-000000000000/resourceGroups/mccloudshellstore/providers/Microsoft.Authorization/locks/mccloudshellstorelock","type":"Microsoft.Authorization/locks","name":"mccloudshellstorelock"},{"properties":{"level":"CanNotDelete","notes":"Automation
        account for automation repros"},"id":"/subscriptions/00000000-0000-0000-0000-000000000000/resourceGroups/automationrepro2/providers/Microsoft.Authorization/locks/NoDeleteRG","type":"Microsoft.Authorization/locks","name":"NoDeleteRG"},{"properties":{"level":"CanNotDelete","notes":""},"id":"/subscriptions/00000000-0000-0000-0000-000000000000/resourceGroups/cleanupservice/providers/Microsoft.Authorization/locks/donotdelete","type":"Microsoft.Authorization/locks","name":"donotdelete"},{"properties":{"level":"ReadOnly","notes":"somenotes"},"id":"/subscriptions/00000000-0000-0000-0000-000000000000/resourceGroups/cli_test_lock_commands_with_ids000001/providers/Microsoft.Authorization/locks/cli-test-lock000004","type":"Microsoft.Authorization/locks","name":"cli-test-lock000004"},{"properties":{"level":"ReadOnly","notes":"somenotes"},"id":"/subscriptions/00000000-0000-0000-0000-000000000000/resourcegroups/cli_test_lock_commands_with_ids000001/providers/Microsoft.Network/virtualNetworks/cli-lock-vnet000002/providers/Microsoft.Authorization/locks/cli-test-lock000005","type":"Microsoft.Authorization/locks","name":"cli-test-lock000005"},{"properties":{"level":"CanNotDelete"},"id":"/subscriptions/00000000-0000-0000-0000-000000000000/resourcegroups/cli_test_lock_commands_with_ids000001/providers/Microsoft.Network/virtualNetworks/cli-lock-vnet000002/subnets/cli-lock-subnet000003/providers/Microsoft.Authorization/locks/cli-test-lock000006","type":"Microsoft.Authorization/locks","name":"cli-test-lock000006"},{"properties":{"level":"ReadOnly"},"id":"/subscriptions/00000000-0000-0000-0000-000000000000/resourcegroups/cli_test_readonly_resource_lockifjx6dmiudut6g2pj3dorronq5k4wj4jfioze337ssh7/providers/Microsoft.Network/virtualNetworks/cli.lock.rsrcwu5ehdlptvr2qstsb/providers/Microsoft.Authorization/locks/cli-test-lockahlii6r7gg5f6ma3vfwjhsjb4sxje2khe6iwnsmtswdx2ayauht7gqlcuykcf","type":"Microsoft.Authorization/locks","name":"cli-test-lockahlii6r7gg5f6ma3vfwjhsjb4sxje2khe6iwnsmtswdx2ayauht7gqlcuykcf"},{"properties":{"level":"ReadOnly"},"id":"/subscriptions/00000000-0000-0000-0000-000000000000/resourcegroups/cli_test_readonly_resource_lockszeqtwipk7xsx6tz7pit4dll2h4revh7ktbhyh6q7zzr/providers/Microsoft.Network/virtualNetworks/cli.lock.rsrculfvvaav24mweefk3/providers/Microsoft.Authorization/locks/cli-test-lockutcqqmczgpe64cvgla7as5gkgjiy4vs33sdunkolkpzmnlaqaahragrbrcxzi","type":"Microsoft.Authorization/locks","name":"cli-test-lockutcqqmczgpe64cvgla7as5gkgjiy4vs33sdunkolkpzmnlaqaahragrbrcxzi"}]}'}
    headers:
      cache-control: [no-cache]
      content-length: ['3165']
      content-type: [application/json; charset=utf-8]
      date: ['Mon, 03 Dec 2018 16:26:21 GMT']
      expires: ['-1']
      pragma: [no-cache]
      strict-transport-security: [max-age=31536000; includeSubDomains]
      transfer-encoding: [chunked]
      vary: ['Accept-Encoding,Accept-Encoding']
      x-content-type-options: [nosniff]
    status: {code: 200, message: OK}
- request:
    body: null
    headers:
      Accept: [application/json]
      Accept-Encoding: ['gzip, deflate']
      CommandName: [lock update]
      Connection: [keep-alive]
      Content-Type: [application/json; charset=utf-8]
      ParameterSetName: [--ids --notes --lock-type]
      User-Agent: [python/3.6.1 (Windows-10-10.0.17763-SP0) msrest/0.6.2 msrest_azure/0.5.1
          managementlockclient/2.0.0 Azure-SDK-For-Python AZURECLI/2.0.52]
      accept-language: [en-US]
    method: GET
    uri: https://management.azure.com/subscriptions/00000000-0000-0000-0000-000000000000/resourcegroups/cli_test_lock_commands_with_ids000001/providers/Microsoft.Network/virtualNetworks/cli-lock-vnet000002/subnets/cli-lock-subnet000003/providers/Microsoft.Authorization/locks/cli-test-lock000006?api-version=2016-09-01
  response:
    body: {string: '{"properties":{"level":"CanNotDelete"},"id":"/subscriptions/00000000-0000-0000-0000-000000000000/resourcegroups/cli_test_lock_commands_with_ids000001/providers/Microsoft.Network/virtualNetworks/cli-lock-vnet000002/subnets/cli-lock-subnet000003/providers/Microsoft.Authorization/locks/cli-test-lock000006","type":"Microsoft.Authorization/locks","name":"cli-test-lock000006"}'}
    headers:
      cache-control: [no-cache]
      content-length: ['433']
      content-type: [application/json; charset=utf-8]
      date: ['Mon, 03 Dec 2018 16:26:21 GMT']
      expires: ['-1']
      pragma: [no-cache]
      strict-transport-security: [max-age=31536000; includeSubDomains]
      transfer-encoding: [chunked]
      vary: ['Accept-Encoding,Accept-Encoding']
      x-content-type-options: [nosniff]
    status: {code: 200, message: OK}
- request:
    body: 'b''{"properties": {"level": "ReadOnly", "notes": "somenotes"}, "name":
      "cli-test-lock000006"}'''
    headers:
      Accept: [application/json]
      Accept-Encoding: ['gzip, deflate']
      CommandName: [lock update]
      Connection: [keep-alive]
      Content-Length: ['91']
      Content-Type: [application/json; charset=utf-8]
      ParameterSetName: [--ids --notes --lock-type]
      User-Agent: [python/3.6.1 (Windows-10-10.0.17763-SP0) msrest/0.6.2 msrest_azure/0.5.1
          managementlockclient/2.0.0 Azure-SDK-For-Python AZURECLI/2.0.52]
      accept-language: [en-US]
    method: PUT
    uri: https://management.azure.com/subscriptions/00000000-0000-0000-0000-000000000000/resourcegroups/cli_test_lock_commands_with_ids000001/providers/Microsoft.Network/virtualNetworks/cli-lock-vnet000002/subnets/cli-lock-subnet000003/providers/Microsoft.Authorization/locks/cli-test-lock000006?api-version=2016-09-01
  response:
    body: {string: '{"properties":{"level":"ReadOnly","notes":"somenotes"},"id":"/subscriptions/00000000-0000-0000-0000-000000000000/resourcegroups/cli_test_lock_commands_with_ids000001/providers/Microsoft.Network/virtualNetworks/cli-lock-vnet000002/subnets/cli-lock-subnet000003/providers/Microsoft.Authorization/locks/cli-test-lock000006","type":"Microsoft.Authorization/locks","name":"cli-test-lock000006"}'}
    headers:
      cache-control: [no-cache]
      content-length: ['449']
      content-type: [application/json; charset=utf-8]
      date: ['Mon, 03 Dec 2018 16:26:22 GMT']
      expires: ['-1']
      pragma: [no-cache]
      strict-transport-security: [max-age=31536000; includeSubDomains]
      transfer-encoding: [chunked]
      vary: ['Accept-Encoding,Accept-Encoding']
      x-content-type-options: [nosniff]
      x-ms-ratelimit-remaining-subscription-writes: ['1198']
    status: {code: 200, message: OK}
- request:
    body: null
    headers:
      Accept: [application/json]
      Accept-Encoding: ['gzip, deflate']
      CommandName: [lock delete]
      Connection: [keep-alive]
      Content-Type: [application/json; charset=utf-8]
      ParameterSetName: [--ids]
      User-Agent: [python/3.6.1 (Windows-10-10.0.17763-SP0) msrest/0.6.2 msrest_azure/0.5.1
          managementlockclient/2.0.0 Azure-SDK-For-Python AZURECLI/2.0.52]
      accept-language: [en-US]
    method: GET
    uri: https://management.azure.com/subscriptions/00000000-0000-0000-0000-000000000000/providers/Microsoft.Authorization/locks?api-version=2016-09-01
  response:
    body: {string: '{"value":[{"properties":{"level":"CanNotDelete","notes":"Prevent
        deleting my cloudshell store"},"id":"/subscriptions/00000000-0000-0000-0000-000000000000/resourceGroups/mccloudshellstore/providers/Microsoft.Authorization/locks/mccloudshellstorelock","type":"Microsoft.Authorization/locks","name":"mccloudshellstorelock"},{"properties":{"level":"CanNotDelete","notes":"Automation
        account for automation repros"},"id":"/subscriptions/00000000-0000-0000-0000-000000000000/resourceGroups/automationrepro2/providers/Microsoft.Authorization/locks/NoDeleteRG","type":"Microsoft.Authorization/locks","name":"NoDeleteRG"},{"properties":{"level":"CanNotDelete","notes":""},"id":"/subscriptions/00000000-0000-0000-0000-000000000000/resourceGroups/cleanupservice/providers/Microsoft.Authorization/locks/donotdelete","type":"Microsoft.Authorization/locks","name":"donotdelete"},{"properties":{"level":"ReadOnly","notes":"somenotes"},"id":"/subscriptions/00000000-0000-0000-0000-000000000000/resourceGroups/cli_test_lock_commands_with_ids000001/providers/Microsoft.Authorization/locks/cli-test-lock000004","type":"Microsoft.Authorization/locks","name":"cli-test-lock000004"},{"properties":{"level":"ReadOnly","notes":"somenotes"},"id":"/subscriptions/00000000-0000-0000-0000-000000000000/resourcegroups/cli_test_lock_commands_with_ids000001/providers/Microsoft.Network/virtualNetworks/cli-lock-vnet000002/providers/Microsoft.Authorization/locks/cli-test-lock000005","type":"Microsoft.Authorization/locks","name":"cli-test-lock000005"},{"properties":{"level":"ReadOnly","notes":"somenotes"},"id":"/subscriptions/00000000-0000-0000-0000-000000000000/resourcegroups/cli_test_lock_commands_with_ids000001/providers/Microsoft.Network/virtualNetworks/cli-lock-vnet000002/subnets/cli-lock-subnet000003/providers/Microsoft.Authorization/locks/cli-test-lock000006","type":"Microsoft.Authorization/locks","name":"cli-test-lock000006"},{"properties":{"level":"ReadOnly"},"id":"/subscriptions/00000000-0000-0000-0000-000000000000/resourcegroups/cli_test_readonly_resource_lockifjx6dmiudut6g2pj3dorronq5k4wj4jfioze337ssh7/providers/Microsoft.Network/virtualNetworks/cli.lock.rsrcwu5ehdlptvr2qstsb/providers/Microsoft.Authorization/locks/cli-test-lockahlii6r7gg5f6ma3vfwjhsjb4sxje2khe6iwnsmtswdx2ayauht7gqlcuykcf","type":"Microsoft.Authorization/locks","name":"cli-test-lockahlii6r7gg5f6ma3vfwjhsjb4sxje2khe6iwnsmtswdx2ayauht7gqlcuykcf"},{"properties":{"level":"CanNotDelete","notes":"notesl2cqy47i5f5m7f6"},"id":"/subscriptions/00000000-0000-0000-0000-000000000000/resourcegroups/cli_test_readonly_resource_lockszeqtwipk7xsx6tz7pit4dll2h4revh7ktbhyh6q7zzr/providers/Microsoft.Network/virtualNetworks/cli.lock.rsrculfvvaav24mweefk3/providers/Microsoft.Authorization/locks/cli-test-lockutcqqmczgpe64cvgla7as5gkgjiy4vs33sdunkolkpzmnlaqaahragrbrcxzi","type":"Microsoft.Authorization/locks","name":"cli-test-lockutcqqmczgpe64cvgla7as5gkgjiy4vs33sdunkolkpzmnlaqaahragrbrcxzi"}]}'}
    headers:
      cache-control: [no-cache]
      content-length: ['3216']
      content-type: [application/json; charset=utf-8]
      date: ['Mon, 03 Dec 2018 16:26:23 GMT']
      expires: ['-1']
      pragma: [no-cache]
      strict-transport-security: [max-age=31536000; includeSubDomains]
      transfer-encoding: [chunked]
      vary: ['Accept-Encoding,Accept-Encoding']
      x-content-type-options: [nosniff]
    status: {code: 200, message: OK}
- request:
    body: null
    headers:
      Accept: [application/json]
      Accept-Encoding: ['gzip, deflate']
      CommandName: [lock delete]
      Connection: [keep-alive]
      Content-Length: ['0']
      Content-Type: [application/json; charset=utf-8]
      ParameterSetName: [--ids]
      User-Agent: [python/3.6.1 (Windows-10-10.0.17763-SP0) msrest/0.6.2 msrest_azure/0.5.1
          managementlockclient/2.0.0 Azure-SDK-For-Python AZURECLI/2.0.52]
      accept-language: [en-US]
    method: DELETE
    uri: https://management.azure.com/subscriptions/00000000-0000-0000-0000-000000000000/resourceGroups/cli_test_lock_commands_with_ids000001/providers/Microsoft.Authorization/locks/cli-test-lock000004?api-version=2016-09-01
  response:
    body: {string: ''}
    headers:
      cache-control: [no-cache]
      content-length: ['0']
      date: ['Mon, 03 Dec 2018 16:26:27 GMT']
      expires: ['-1']
      pragma: [no-cache]
      strict-transport-security: [max-age=31536000; includeSubDomains]
      x-content-type-options: [nosniff]
      x-ms-ratelimit-remaining-subscription-deletes: ['14999']
    status: {code: 200, message: OK}
- request:
    body: null
    headers:
      Accept: [application/json]
      Accept-Encoding: ['gzip, deflate']
      CommandName: [lock delete]
      Connection: [keep-alive]
      Content-Type: [application/json; charset=utf-8]
      ParameterSetName: [--ids]
      User-Agent: [python/3.6.1 (Windows-10-10.0.17763-SP0) msrest/0.6.2 msrest_azure/0.5.1
          managementlockclient/2.0.0 Azure-SDK-For-Python AZURECLI/2.0.52]
      accept-language: [en-US]
    method: GET
    uri: https://management.azure.com/subscriptions/00000000-0000-0000-0000-000000000000/providers/Microsoft.Authorization/locks?api-version=2016-09-01
  response:
    body: {string: '{"value":[{"properties":{"level":"CanNotDelete","notes":"Prevent
        deleting my cloudshell store"},"id":"/subscriptions/00000000-0000-0000-0000-000000000000/resourceGroups/mccloudshellstore/providers/Microsoft.Authorization/locks/mccloudshellstorelock","type":"Microsoft.Authorization/locks","name":"mccloudshellstorelock"},{"properties":{"level":"CanNotDelete","notes":"Automation
        account for automation repros"},"id":"/subscriptions/00000000-0000-0000-0000-000000000000/resourceGroups/automationrepro2/providers/Microsoft.Authorization/locks/NoDeleteRG","type":"Microsoft.Authorization/locks","name":"NoDeleteRG"},{"properties":{"level":"CanNotDelete","notes":""},"id":"/subscriptions/00000000-0000-0000-0000-000000000000/resourceGroups/cleanupservice/providers/Microsoft.Authorization/locks/donotdelete","type":"Microsoft.Authorization/locks","name":"donotdelete"},{"properties":{"level":"ReadOnly","notes":"somenotes"},"id":"/subscriptions/00000000-0000-0000-0000-000000000000/resourcegroups/cli_test_lock_commands_with_ids000001/providers/Microsoft.Network/virtualNetworks/cli-lock-vnet000002/providers/Microsoft.Authorization/locks/cli-test-lock000005","type":"Microsoft.Authorization/locks","name":"cli-test-lock000005"},{"properties":{"level":"ReadOnly","notes":"somenotes"},"id":"/subscriptions/00000000-0000-0000-0000-000000000000/resourcegroups/cli_test_lock_commands_with_ids000001/providers/Microsoft.Network/virtualNetworks/cli-lock-vnet000002/subnets/cli-lock-subnet000003/providers/Microsoft.Authorization/locks/cli-test-lock000006","type":"Microsoft.Authorization/locks","name":"cli-test-lock000006"},{"properties":{"level":"ReadOnly"},"id":"/subscriptions/00000000-0000-0000-0000-000000000000/resourcegroups/cli_test_readonly_resource_lockifjx6dmiudut6g2pj3dorronq5k4wj4jfioze337ssh7/providers/Microsoft.Network/virtualNetworks/cli.lock.rsrcwu5ehdlptvr2qstsb/providers/Microsoft.Authorization/locks/cli-test-lockahlii6r7gg5f6ma3vfwjhsjb4sxje2khe6iwnsmtswdx2ayauht7gqlcuykcf","type":"Microsoft.Authorization/locks","name":"cli-test-lockahlii6r7gg5f6ma3vfwjhsjb4sxje2khe6iwnsmtswdx2ayauht7gqlcuykcf"}]}'}
    headers:
      cache-control: [no-cache]
      content-length: ['2286']
      content-type: [application/json; charset=utf-8]
      date: ['Mon, 03 Dec 2018 16:26:27 GMT']
      expires: ['-1']
      pragma: [no-cache]
      strict-transport-security: [max-age=31536000; includeSubDomains]
      transfer-encoding: [chunked]
      vary: ['Accept-Encoding,Accept-Encoding']
      x-content-type-options: [nosniff]
    status: {code: 200, message: OK}
- request:
    body: null
    headers:
      Accept: [application/json]
      Accept-Encoding: ['gzip, deflate']
      CommandName: [lock delete]
      Connection: [keep-alive]
      Content-Length: ['0']
      Content-Type: [application/json; charset=utf-8]
      ParameterSetName: [--ids]
      User-Agent: [python/3.6.1 (Windows-10-10.0.17763-SP0) msrest/0.6.2 msrest_azure/0.5.1
          managementlockclient/2.0.0 Azure-SDK-For-Python AZURECLI/2.0.52]
      accept-language: [en-US]
    method: DELETE
    uri: https://management.azure.com/subscriptions/00000000-0000-0000-0000-000000000000/resourcegroups/cli_test_lock_commands_with_ids000001/providers/Microsoft.Network/virtualNetworks/cli-lock-vnet000002/providers/Microsoft.Authorization/locks/cli-test-lock000005?api-version=2016-09-01
  response:
    body: {string: ''}
    headers:
      cache-control: [no-cache]
      content-length: ['0']
      date: ['Mon, 03 Dec 2018 16:26:28 GMT']
      expires: ['-1']
      pragma: [no-cache]
      strict-transport-security: [max-age=31536000; includeSubDomains]
      x-content-type-options: [nosniff]
      x-ms-ratelimit-remaining-subscription-deletes: ['14999']
    status: {code: 200, message: OK}
- request:
    body: null
    headers:
      Accept: [application/json]
      Accept-Encoding: ['gzip, deflate']
      CommandName: [lock delete]
      Connection: [keep-alive]
      Content-Type: [application/json; charset=utf-8]
      ParameterSetName: [--ids]
      User-Agent: [python/3.6.1 (Windows-10-10.0.17763-SP0) msrest/0.6.2 msrest_azure/0.5.1
          managementlockclient/2.0.0 Azure-SDK-For-Python AZURECLI/2.0.52]
      accept-language: [en-US]
    method: GET
    uri: https://management.azure.com/subscriptions/00000000-0000-0000-0000-000000000000/providers/Microsoft.Authorization/locks?api-version=2016-09-01
  response:
    body: {string: '{"value":[{"properties":{"level":"CanNotDelete","notes":"Prevent
        deleting my cloudshell store"},"id":"/subscriptions/00000000-0000-0000-0000-000000000000/resourceGroups/mccloudshellstore/providers/Microsoft.Authorization/locks/mccloudshellstorelock","type":"Microsoft.Authorization/locks","name":"mccloudshellstorelock"},{"properties":{"level":"CanNotDelete","notes":"Automation
        account for automation repros"},"id":"/subscriptions/00000000-0000-0000-0000-000000000000/resourceGroups/automationrepro2/providers/Microsoft.Authorization/locks/NoDeleteRG","type":"Microsoft.Authorization/locks","name":"NoDeleteRG"},{"properties":{"level":"CanNotDelete","notes":""},"id":"/subscriptions/00000000-0000-0000-0000-000000000000/resourceGroups/cleanupservice/providers/Microsoft.Authorization/locks/donotdelete","type":"Microsoft.Authorization/locks","name":"donotdelete"},{"properties":{"level":"ReadOnly","notes":"somenotes"},"id":"/subscriptions/00000000-0000-0000-0000-000000000000/resourcegroups/cli_test_lock_commands_with_ids000001/providers/Microsoft.Network/virtualNetworks/cli-lock-vnet000002/subnets/cli-lock-subnet000003/providers/Microsoft.Authorization/locks/cli-test-lock000006","type":"Microsoft.Authorization/locks","name":"cli-test-lock000006"},{"properties":{"level":"ReadOnly"},"id":"/subscriptions/00000000-0000-0000-0000-000000000000/resourcegroups/cli_test_readonly_resource_lockifjx6dmiudut6g2pj3dorronq5k4wj4jfioze337ssh7/providers/Microsoft.Network/virtualNetworks/cli.lock.rsrcwu5ehdlptvr2qstsb/providers/Microsoft.Authorization/locks/cli-test-lockahlii6r7gg5f6ma3vfwjhsjb4sxje2khe6iwnsmtswdx2ayauht7gqlcuykcf","type":"Microsoft.Authorization/locks","name":"cli-test-lockahlii6r7gg5f6ma3vfwjhsjb4sxje2khe6iwnsmtswdx2ayauht7gqlcuykcf"}]}'}
    headers:
      cache-control: [no-cache]
      content-length: ['1815']
      content-type: [application/json; charset=utf-8]
      date: ['Mon, 03 Dec 2018 16:26:29 GMT']
      expires: ['-1']
      pragma: [no-cache]
      strict-transport-security: [max-age=31536000; includeSubDomains]
      transfer-encoding: [chunked]
      vary: ['Accept-Encoding,Accept-Encoding']
      x-content-type-options: [nosniff]
    status: {code: 200, message: OK}
- request:
    body: null
    headers:
      Accept: [application/json]
      Accept-Encoding: ['gzip, deflate']
      CommandName: [lock delete]
      Connection: [keep-alive]
      Content-Length: ['0']
      Content-Type: [application/json; charset=utf-8]
      ParameterSetName: [--ids]
      User-Agent: [python/3.6.1 (Windows-10-10.0.17763-SP0) msrest/0.6.2 msrest_azure/0.5.1
          managementlockclient/2.0.0 Azure-SDK-For-Python AZURECLI/2.0.52]
      accept-language: [en-US]
    method: DELETE
    uri: https://management.azure.com/subscriptions/00000000-0000-0000-0000-000000000000/resourcegroups/cli_test_lock_commands_with_ids000001/providers/Microsoft.Network/virtualNetworks/cli-lock-vnet000002/subnets/cli-lock-subnet000003/providers/Microsoft.Authorization/locks/cli-test-lock000006?api-version=2016-09-01
  response:
    body: {string: ''}
    headers:
      cache-control: [no-cache]
      content-length: ['0']
      date: ['Mon, 03 Dec 2018 16:26:30 GMT']
      expires: ['-1']
      pragma: [no-cache]
      strict-transport-security: [max-age=31536000; includeSubDomains]
      x-content-type-options: [nosniff]
      x-ms-ratelimit-remaining-subscription-deletes: ['14999']
    status: {code: 200, message: OK}
- request:
    body: null
    headers:
      Accept: [application/json]
      Accept-Encoding: ['gzip, deflate']
      CommandName: [lock list]
      Connection: [keep-alive]
      Content-Type: [application/json; charset=utf-8]
      ParameterSetName: [-g -o]
      User-Agent: [python/3.6.1 (Windows-10-10.0.17763-SP0) msrest/0.6.2 msrest_azure/0.5.1
          managementlockclient/2.0.0 Azure-SDK-For-Python AZURECLI/2.0.52]
      accept-language: [en-US]
    method: GET
    uri: https://management.azure.com/subscriptions/00000000-0000-0000-0000-000000000000/resourceGroups/cli_test_lock_commands_with_ids000001/providers/Microsoft.Authorization/locks?api-version=2016-09-01
  response:
    body: {string: '{"value":[]}'}
    headers:
      cache-control: [no-cache]
      content-length: ['12']
      content-type: [application/json; charset=utf-8]
      date: ['Mon, 03 Dec 2018 16:26:35 GMT']
      expires: ['-1']
      pragma: [no-cache]
      strict-transport-security: [max-age=31536000; includeSubDomains]
      transfer-encoding: [chunked]
      vary: ['Accept-Encoding,Accept-Encoding']
      x-content-type-options: [nosniff]
    status: {code: 200, message: OK}
- request:
    body: null
    headers:
      Accept: [application/json]
      Accept-Encoding: ['gzip, deflate']
      CommandName: [group delete]
      Connection: [keep-alive]
      Content-Length: ['0']
      Content-Type: [application/json; charset=utf-8]
      ParameterSetName: [--name --yes --no-wait]
      User-Agent: [python/3.6.1 (Windows-10-10.0.17763-SP0) msrest/0.6.2 msrest_azure/0.5.1
          resourcemanagementclient/2.0.0 Azure-SDK-For-Python AZURECLI/2.0.52]
      accept-language: [en-US]
    method: DELETE
    uri: https://management.azure.com/subscriptions/00000000-0000-0000-0000-000000000000/resourcegroups/cli_test_lock_commands_with_ids000001?api-version=2018-05-01
  response:
    body: {string: ''}
    headers:
      cache-control: [no-cache]
      content-length: ['0']
      date: ['Mon, 03 Dec 2018 16:26:37 GMT']
      expires: ['-1']
      location: ['https://management.azure.com/subscriptions/00000000-0000-0000-0000-000000000000/operationresults/eyJqb2JJZCI6IlJFU09VUkNFR1JPVVBERUxFVElPTkpPQi1DTEk6NUZURVNUOjVGTE9DSzo1RkNPTU1BTkRTOjVGV0lUSDo1RklEU1pCTFE1Unw3RDc2QUJEQTBDRTI2QjU1LVdFU1RVUyIsImpvYkxvY2F0aW9uIjoid2VzdHVzIn0?api-version=2018-05-01']
      pragma: [no-cache]
      strict-transport-security: [max-age=31536000; includeSubDomains]
      x-content-type-options: [nosniff]
      x-ms-ratelimit-remaining-subscription-deletes: ['14999']
    status: {code: 202, message: Accepted}
version: 1
