interactions:
- request:
    body: null
    headers:
      Accept: ['*/*']
      Accept-Charset: [utf-8]
      Accept-Encoding: ['gzip, deflate']
      Connection: [keep-alive]
      User-Agent: [python-requests/2.18.4]
      return-client-request-id: ['true']
      x-client-CPU: [x64]
      x-client-OS: [win32]
      x-client-SKU: [Python]
      x-client-Ver: [0.6.0]
    method: GET
    uri: https://login.windows.net/common/discovery/instance?authorization_endpoint=https%3A%2F%2Flogin.windows-ppe.net%2Fb1af47f1-138c-4ed2-8bba-119041b95450%2Foauth2%2Fauthorize&api-version=1.0
  response:
    body: {string: '{"tenant_discovery_endpoint":"https://login.windows-ppe.net/b1af47f1-138c-4ed2-8bba-119041b95450/.well-known/openid-configuration"}'}
    headers:
      access-control-allow-methods: ['GET, OPTIONS']
      access-control-allow-origin: ['*']
      cache-control: [private]
      content-length: ['131']
      content-type: [application/json; charset=utf-8]
      date: ['Thu, 24 May 2018 09:38:19 GMT']
      p3p: [CP="DSP CUR OTPi IND OTRi ONL FIN"]
      server: [Microsoft-IIS/10.0]
      set-cookie: [esctx=AQABAAAAAADX8GCi6Js6SK82TsD2Pb7recKVJa3rg0xObYpBqf9wooGDIaz2TrjEriW5E6HrM_a0DM3oW81fzNE5d7RwI3dgEe1oxf2Z1B66rC8HjiyG64schHDfpSfmU7LT03aALB_kviHAXO6jaEVRLRM5cmyVzz_5KDFfGXHiPmzmcIPeTACxSqf8JQjFDTLHjQZSGcEgAA;
          domain=.login.windows.net; path=/; secure; HttpOnly, x-ms-gateway-slice=corp;
          path=/; secure; HttpOnly, stsservicecookie=ests; path=/; secure; HttpOnly]
      strict-transport-security: [max-age=31536000; includeSubDomains]
      x-content-type-options: [nosniff]
      x-powered-by: [ASP.NET]
    status: {code: 200, message: OK}
- request:
    body: null
    headers:
      Accept: [application/json]
      Accept-Encoding: ['gzip, deflate']
      CommandName: [account management-group create]
      Connection: [keep-alive]
      Content-Length: ['0']
      Content-Type: [application/json; charset=utf-8]
      User-Agent: [python/3.6.2 (Windows-10-10.0.17134-SP0) requests/2.18.4 msrest/0.4.29
          msrest_azure/0.4.31 resourcemanagementclient/1.2.1 Azure-SDK-For-Python
          AZURECLI/2.0.34]
      accept-language: [en-US]
    method: POST
    uri: https://api-dogfood.resources.windows-int.net/subscriptions/00000000-0000-0000-0000-000000000000/providers/Microsoft.Management/register?api-version=2017-05-10
  response:
    body: {string: '{"id":"/subscriptions/00000000-0000-0000-0000-000000000000/providers/Microsoft.Management","namespace":"Microsoft.Management","authorization":{"applicationId":"f2c304cf-8e7e-4c3f-8164-16299ad9d272","roleDefinitionId":"c1cf3708-588a-4647-be7f-f400bbe214cf"},"resourceTypes":[{"resourceType":"resources","locations":[],"apiVersions":["2017-11-01-preview","2017-08-31-preview","2017-06-30-preview","2017-05-31-preview"]},{"resourceType":"managementGroups","locations":[],"apiVersions":["2018-03-01-preview","2018-01-01-preview","2017-11-01-preview","2017-08-31-preview","2017-06-30-preview","2017-05-31-preview"]},{"resourceType":"getEntities","locations":[],"apiVersions":["2018-03-01-preview","2018-01-01-preview"]},{"resourceType":"checkNameAvailability","locations":[],"apiVersions":["2018-03-01-preview","2018-01-01-preview"]},{"resourceType":"operationResults","locations":[],"apiVersions":["2018-03-01-preview","2018-01-01-preview"]},{"resourceType":"operations","locations":[],"apiVersions":["2017-11-01-preview","2017-08-31-preview","2017-06-30-preview","2017-05-31-preview"]},{"resourceType":"startTenantBackfill","locations":[],"apiVersions":["2018-03-01-preview"]},{"resourceType":"tenantBackfillStatus","locations":[],"apiVersions":["2018-03-01-preview"]}],"registrationState":"Registered"}'}
    headers:
      cache-control: [no-cache]
      content-length: ['1300']
      content-type: [application/json; charset=utf-8]
      date: ['Thu, 24 May 2018 09:38:23 GMT']
      expires: ['-1']
      pragma: [no-cache]
      strict-transport-security: [max-age=31536000; includeSubDomains]
      transfer-encoding: [chunked]
      vary: [Accept-Encoding]
      x-content-type-options: [nosniff]
      x-ms-ratelimit-remaining-subscription-writes: ['1181']
    status: {code: 200, message: OK}
- request:
    body: null
    headers:
      Accept: ['*/*']
      Accept-Charset: [utf-8]
      Accept-Encoding: ['gzip, deflate']
      Connection: [keep-alive]
      User-Agent: [python-requests/2.18.4]
      return-client-request-id: ['true']
      x-client-CPU: [x64]
      x-client-OS: [win32]
      x-client-SKU: [Python]
      x-client-Ver: [0.6.0]
    method: GET
    uri: https://login.windows.net/common/discovery/instance?authorization_endpoint=https%3A%2F%2Flogin.windows-ppe.net%2Fb1af47f1-138c-4ed2-8bba-119041b95450%2Foauth2%2Fauthorize&api-version=1.0
  response:
    body: {string: '{"tenant_discovery_endpoint":"https://login.windows-ppe.net/b1af47f1-138c-4ed2-8bba-119041b95450/.well-known/openid-configuration"}'}
    headers:
      access-control-allow-methods: ['GET, OPTIONS']
      access-control-allow-origin: ['*']
      cache-control: [private]
      content-length: ['131']
      content-type: [application/json; charset=utf-8]
      date: ['Thu, 24 May 2018 09:38:33 GMT']
      p3p: [CP="DSP CUR OTPi IND OTRi ONL FIN"]
      server: [Microsoft-IIS/10.0]
      set-cookie: [esctx=AQABAAAAAADX8GCi6Js6SK82TsD2Pb7rvn6oTf9PGmSOLezAib6YxIJQZAEG5d-o_Ky1yoN6IfMAId_4kAkTVBdVed53rT4KpJP5XsUKcwn06Qv1OiuOhJfUcdbWNSKlvarUD-KlzZYiB-BqC-C1gzvpaMtlj1pOHLzcrvk0m4_mW2B6YPPj29ASIdpucEuPXaxZkUuh_nMgAA;
          domain=.login.windows.net; path=/; secure; HttpOnly, x-ms-gateway-slice=corp;
          path=/; secure; HttpOnly, stsservicecookie=ests; path=/; secure; HttpOnly]
      strict-transport-security: [max-age=31536000; includeSubDomains]
      x-content-type-options: [nosniff]
      x-powered-by: [ASP.NET]
    status: {code: 200, message: OK}
- request:
    body: null
    headers:
      Accept: [application/json]
      Accept-Encoding: ['gzip, deflate']
      CommandName: [account management-group create]
      Connection: [keep-alive]
      Content-Type: [application/json; charset=utf-8]
      User-Agent: [python/3.6.2 (Windows-10-10.0.17134-SP0) requests/2.18.4 msrest/0.4.29
          msrest_azure/0.4.31 resourcemanagementclient/1.2.1 Azure-SDK-For-Python
          AZURECLI/2.0.34]
      accept-language: [en-US]
    method: GET
    uri: https://api-dogfood.resources.windows-int.net/subscriptions/00000000-0000-0000-0000-000000000000/providers/Microsoft.Management?api-version=2017-05-10
  response:
    body: {string: '{"id":"/subscriptions/00000000-0000-0000-0000-000000000000/providers/Microsoft.Management","namespace":"Microsoft.Management","authorization":{"applicationId":"f2c304cf-8e7e-4c3f-8164-16299ad9d272","roleDefinitionId":"c1cf3708-588a-4647-be7f-f400bbe214cf"},"resourceTypes":[{"resourceType":"resources","locations":[],"apiVersions":["2017-11-01-preview","2017-08-31-preview","2017-06-30-preview","2017-05-31-preview"]},{"resourceType":"managementGroups","locations":[],"apiVersions":["2018-03-01-preview","2018-01-01-preview","2017-11-01-preview","2017-08-31-preview","2017-06-30-preview","2017-05-31-preview"]},{"resourceType":"getEntities","locations":[],"apiVersions":["2018-03-01-preview","2018-01-01-preview"]},{"resourceType":"checkNameAvailability","locations":[],"apiVersions":["2018-03-01-preview","2018-01-01-preview"]},{"resourceType":"operationResults","locations":[],"apiVersions":["2018-03-01-preview","2018-01-01-preview"]},{"resourceType":"operations","locations":[],"apiVersions":["2017-11-01-preview","2017-08-31-preview","2017-06-30-preview","2017-05-31-preview"]},{"resourceType":"startTenantBackfill","locations":[],"apiVersions":["2018-03-01-preview"]},{"resourceType":"tenantBackfillStatus","locations":[],"apiVersions":["2018-03-01-preview"]}],"registrationState":"Registered"}'}
    headers:
      cache-control: [no-cache]
      content-length: ['1300']
      content-type: [application/json; charset=utf-8]
      date: ['Thu, 24 May 2018 09:38:33 GMT']
      expires: ['-1']
      pragma: [no-cache]
      strict-transport-security: [max-age=31536000; includeSubDomains]
      vary: [Accept-Encoding]
      x-content-type-options: [nosniff]
    status: {code: 200, message: OK}
- request:
    body: null
    headers:
      Accept: ['*/*']
      Accept-Charset: [utf-8]
      Accept-Encoding: ['gzip, deflate']
      Connection: [keep-alive]
      User-Agent: [python-requests/2.18.4]
      return-client-request-id: ['true']
      x-client-CPU: [x64]
      x-client-OS: [win32]
      x-client-SKU: [Python]
      x-client-Ver: [0.6.0]
    method: GET
    uri: https://login.windows.net/common/discovery/instance?authorization_endpoint=https%3A%2F%2Flogin.windows-ppe.net%2Fb1af47f1-138c-4ed2-8bba-119041b95450%2Foauth2%2Fauthorize&api-version=1.0
  response:
    body: {string: '{"tenant_discovery_endpoint":"https://login.windows-ppe.net/b1af47f1-138c-4ed2-8bba-119041b95450/.well-known/openid-configuration"}'}
    headers:
      access-control-allow-methods: ['GET, OPTIONS']
      access-control-allow-origin: ['*']
      cache-control: [private]
      content-length: ['131']
      content-type: [application/json; charset=utf-8]
      date: ['Thu, 24 May 2018 09:38:34 GMT']
      p3p: [CP="DSP CUR OTPi IND OTRi ONL FIN"]
      server: [Microsoft-IIS/10.0]
      set-cookie: [esctx=AQABAAAAAADX8GCi6Js6SK82TsD2Pb7rM2WLb4R6JT6wb57jJ-bhoxUsP-6s1yBRfLTFEU5nUdAlBcoO1Azqr7PDfiM3oOn-a9VALly7wGg5TnCcwFV6HzKO6J7EUFqY3ECJ-2AAdpVFfluI81zNE7ln_2bm_vkkijk4Bk5oPOm5k9AGL5AAQHDqoQMnn6XO2TvJKsgkfKYgAA;
          domain=.login.windows.net; path=/; secure; HttpOnly, x-ms-gateway-slice=corp;
          path=/; secure; HttpOnly, stsservicecookie=ests; path=/; secure; HttpOnly]
      strict-transport-security: [max-age=31536000; includeSubDomains]
      x-content-type-options: [nosniff]
      x-powered-by: [ASP.NET]
    status: {code: 200, message: OK}
- request:
    body: '{"name": "testcligroup", "properties": {"details": {"parent": {}}}}'
    headers:
      Accept: [application/json]
      Accept-Encoding: ['gzip, deflate']
      Cache-Control: [no-cache]
      CommandName: [account management-group create]
      Connection: [keep-alive]
      Content-Length: ['67']
      Content-Type: [application/json; charset=utf-8]
      User-Agent: [python/3.6.2 (Windows-10-10.0.17134-SP0) requests/2.18.4 msrest/0.4.29
          msrest_azure/0.4.31 azure-mgmt-managementgroups/2018-03-01-preview Azure-SDK-For-Python
          AZURECLI/2.0.34]
      accept-language: [en-US]
    method: PUT
    uri: https://api-dogfood.resources.windows-int.net/providers/Microsoft.Management/managementGroups/testcligroup?api-version=2018-03-01-preview
  response:
    body: {string: '{"id":"/providers/Microsoft.Management/managementGroups/testcligroup","type":"/providers/Microsoft.Management/managementGroups","name":"testcligroup","status":"NotStarted"}'}
    headers:
      cache-control: [no-cache]
      content-length: ['172']
      content-type: [application/json; charset=utf-8]
      date: ['Thu, 24 May 2018 09:38:38 GMT']
      expires: ['-1']
      location: ['https://api-dogfood.resources.windows-int.net/providers/Microsoft.Management/operationResults/create/managementGroups/testcligroup?api-version=2018-03-01-preview']
      pragma: [no-cache]
      request-id: [fe662542-bfde-4a95-9188-ce43f0629a54]
      server: [Microsoft-IIS/8.5]
      strict-transport-security: [max-age=31536000; includeSubDomains]
      x-aspnet-version: [4.0.30319]
      x-ba-restapi: [1.0.3.790]
      x-content-type-options: [nosniff]
      x-ms-ratelimit-remaining-tenant-writes: ['1187']
      x-powered-by: [ASP.NET]
    status: {code: 202, message: Accepted}
- request:
    body: null
    headers:
      Accept: ['*/*']
      Accept-Charset: [utf-8]
      Accept-Encoding: ['gzip, deflate']
      Connection: [keep-alive]
      User-Agent: [python-requests/2.18.4]
      return-client-request-id: ['true']
      x-client-CPU: [x64]
      x-client-OS: [win32]
      x-client-SKU: [Python]
      x-client-Ver: [0.6.0]
    method: GET
    uri: https://login.windows.net/common/discovery/instance?authorization_endpoint=https%3A%2F%2Flogin.windows-ppe.net%2Fb1af47f1-138c-4ed2-8bba-119041b95450%2Foauth2%2Fauthorize&api-version=1.0
  response:
    body: {string: '{"tenant_discovery_endpoint":"https://login.windows-ppe.net/b1af47f1-138c-4ed2-8bba-119041b95450/.well-known/openid-configuration"}'}
    headers:
      access-control-allow-methods: ['GET, OPTIONS']
      access-control-allow-origin: ['*']
      cache-control: [private]
      content-length: ['131']
      content-type: [application/json; charset=utf-8]
      date: ['Thu, 24 May 2018 09:38:48 GMT']
      p3p: [CP="DSP CUR OTPi IND OTRi ONL FIN"]
      server: [Microsoft-IIS/10.0]
      set-cookie: [esctx=AQABAAAAAADX8GCi6Js6SK82TsD2Pb7rjyPAqByt8mtr5StiK-MDJUdjjzVntrDOYnVIJ1tQFNTyL3_VM6R4UrVZJa06vsvHY0TcKgU6VswTn0-qiJMrstvHmrgndYWknpLbItvik9jrnUIDN8eL3TefK0SPeWRvw0_DBkAM5GYAcwAP9lcXzS4P2HwXbSO3aym3CGGJ80kgAA;
          domain=.login.windows.net; path=/; secure; HttpOnly, x-ms-gateway-slice=corp;
          path=/; secure; HttpOnly, stsservicecookie=ests; path=/; secure; HttpOnly]
      strict-transport-security: [max-age=31536000; includeSubDomains]
      x-content-type-options: [nosniff]
      x-powered-by: [ASP.NET]
    status: {code: 200, message: OK}
- request:
    body: null
    headers:
      Accept: [application/json]
      Accept-Encoding: ['gzip, deflate']
      CommandName: [account management-group create]
      Connection: [keep-alive]
      User-Agent: [python/3.6.2 (Windows-10-10.0.17134-SP0) requests/2.18.4 msrest/0.4.29
          msrest_azure/0.4.31 azure-mgmt-managementgroups/2018-03-01-preview Azure-SDK-For-Python
          AZURECLI/2.0.34]
    method: GET
    uri: https://api-dogfood.resources.windows-int.net/providers/Microsoft.Management/operationResults/create/managementGroups/testcligroup?api-version=2018-03-01-preview
  response:
    body: {string: '{"id":"/providers/Microsoft.Management/managementGroups/testcligroup","type":"/providers/Microsoft.Management/managementGroups","name":"testcligroup","status":"Succeeded","properties":{"tenantId":"b1af47f1-138c-4ed2-8bba-119041b95450","displayName":"testcligroup","details":{"version":19,"updatedTime":"2018-05-24T09:38:48.4019797Z","updatedBy":"823969e2-f8c1-4add-8526-62544e2f96b2","parent":{"id":"/providers/Microsoft.Management/managementGroups/b1af47f1-138c-4ed2-8bba-119041b95450","name":"b1af47f1-138c-4ed2-8bba-119041b95450","displayName":"b1af47f1-138c-4ed2-8bba-119041b95450"}}}}'}
    headers:
      cache-control: [no-cache]
      content-length: ['589']
      content-type: [application/json; charset=utf-8]
      date: ['Thu, 24 May 2018 09:38:51 GMT']
      expires: ['-1']
      pragma: [no-cache]
      request-id: [e13b9604-f9a7-49fc-ac67-08c6d5b1724c]
      server: [Microsoft-IIS/8.5]
      strict-transport-security: [max-age=31536000; includeSubDomains]
      transfer-encoding: [chunked]
      vary: ['Accept-Encoding,Accept-Encoding']
      x-aspnet-version: [4.0.30319]
      x-ba-restapi: [1.0.3.790]
      x-content-type-options: [nosniff]
      x-powered-by: [ASP.NET]
    status: {code: 200, message: OK}
- request:
    body: null
    headers:
      Accept: ['*/*']
      Accept-Charset: [utf-8]
      Accept-Encoding: ['gzip, deflate']
      Connection: [keep-alive]
      User-Agent: [python-requests/2.18.4]
      return-client-request-id: ['true']
      x-client-CPU: [x64]
      x-client-OS: [win32]
      x-client-SKU: [Python]
      x-client-Ver: [0.6.0]
    method: GET
    uri: https://login.windows.net/common/discovery/instance?authorization_endpoint=https%3A%2F%2Flogin.windows-ppe.net%2Fb1af47f1-138c-4ed2-8bba-119041b95450%2Foauth2%2Fauthorize&api-version=1.0
  response:
    body: {string: '{"tenant_discovery_endpoint":"https://login.windows-ppe.net/b1af47f1-138c-4ed2-8bba-119041b95450/.well-known/openid-configuration"}'}
    headers:
      access-control-allow-methods: ['GET, OPTIONS']
      access-control-allow-origin: ['*']
      cache-control: [private]
      content-length: ['131']
      content-type: [application/json; charset=utf-8]
      date: ['Thu, 24 May 2018 09:38:52 GMT']
      p3p: [CP="DSP CUR OTPi IND OTRi ONL FIN"]
      server: [Microsoft-IIS/10.0]
      set-cookie: [esctx=AQABAAAAAADX8GCi6Js6SK82TsD2Pb7rnZIQ5sIYIkPG7b5yUsePayyN7WS422ShRYChXYOkK7Ryx9g2O6bhT032OhppRltEgV4CHOioMlcCXExrACYrQe8otUOkOSwK4Tom8j-OU8-v_oGkOAMFJejm9aejB2mN9nkEAfTkA3etCt1vAW4cR16g45cYeKQm4TJqcWH1Z9EgAA;
          domain=.login.windows.net; path=/; secure; HttpOnly, x-ms-gateway-slice=corp;
          path=/; secure; HttpOnly, stsservicecookie=ests; path=/; secure; HttpOnly]
      strict-transport-security: [max-age=31536000; includeSubDomains]
      x-content-type-options: [nosniff]
      x-powered-by: [ASP.NET]
    status: {code: 200, message: OK}
- request:
    body: null
    headers:
      Accept: [application/json]
      Accept-Encoding: ['gzip, deflate']
      CommandName: [account management-group create]
      Connection: [keep-alive]
      Content-Length: ['0']
      Content-Type: [application/json; charset=utf-8]
      User-Agent: [python/3.6.2 (Windows-10-10.0.17134-SP0) requests/2.18.4 msrest/0.4.29
          msrest_azure/0.4.31 resourcemanagementclient/1.2.1 Azure-SDK-For-Python
          AZURECLI/2.0.34]
      accept-language: [en-US]
    method: POST
    uri: https://api-dogfood.resources.windows-int.net/subscriptions/00000000-0000-0000-0000-000000000000/providers/Microsoft.Management/register?api-version=2017-05-10
  response:
    body: {string: '{"id":"/subscriptions/00000000-0000-0000-0000-000000000000/providers/Microsoft.Management","namespace":"Microsoft.Management","authorization":{"applicationId":"f2c304cf-8e7e-4c3f-8164-16299ad9d272","roleDefinitionId":"c1cf3708-588a-4647-be7f-f400bbe214cf"},"resourceTypes":[{"resourceType":"resources","locations":[],"apiVersions":["2017-11-01-preview","2017-08-31-preview","2017-06-30-preview","2017-05-31-preview"]},{"resourceType":"managementGroups","locations":[],"apiVersions":["2018-03-01-preview","2018-01-01-preview","2017-11-01-preview","2017-08-31-preview","2017-06-30-preview","2017-05-31-preview"]},{"resourceType":"getEntities","locations":[],"apiVersions":["2018-03-01-preview","2018-01-01-preview"]},{"resourceType":"checkNameAvailability","locations":[],"apiVersions":["2018-03-01-preview","2018-01-01-preview"]},{"resourceType":"operationResults","locations":[],"apiVersions":["2018-03-01-preview","2018-01-01-preview"]},{"resourceType":"operations","locations":[],"apiVersions":["2017-11-01-preview","2017-08-31-preview","2017-06-30-preview","2017-05-31-preview"]},{"resourceType":"startTenantBackfill","locations":[],"apiVersions":["2018-03-01-preview"]},{"resourceType":"tenantBackfillStatus","locations":[],"apiVersions":["2018-03-01-preview"]}],"registrationState":"Registered"}'}
    headers:
      cache-control: [no-cache]
      content-length: ['1300']
      content-type: [application/json; charset=utf-8]
      date: ['Thu, 24 May 2018 09:38:55 GMT']
      expires: ['-1']
      pragma: [no-cache]
      strict-transport-security: [max-age=31536000; includeSubDomains]
      transfer-encoding: [chunked]
      vary: [Accept-Encoding]
      x-content-type-options: [nosniff]
      x-ms-ratelimit-remaining-subscription-writes: ['1187']
    status: {code: 200, message: OK}
- request:
    body: null
    headers:
      Accept: ['*/*']
      Accept-Charset: [utf-8]
      Accept-Encoding: ['gzip, deflate']
      Connection: [keep-alive]
      User-Agent: [python-requests/2.18.4]
      return-client-request-id: ['true']
      x-client-CPU: [x64]
      x-client-OS: [win32]
      x-client-SKU: [Python]
      x-client-Ver: [0.6.0]
    method: GET
    uri: https://login.windows.net/common/discovery/instance?authorization_endpoint=https%3A%2F%2Flogin.windows-ppe.net%2Fb1af47f1-138c-4ed2-8bba-119041b95450%2Foauth2%2Fauthorize&api-version=1.0
  response:
    body: {string: '{"tenant_discovery_endpoint":"https://login.windows-ppe.net/b1af47f1-138c-4ed2-8bba-119041b95450/.well-known/openid-configuration"}'}
    headers:
      access-control-allow-methods: ['GET, OPTIONS']
      access-control-allow-origin: ['*']
      cache-control: [private]
      content-length: ['131']
      content-type: [application/json; charset=utf-8]
      date: ['Thu, 24 May 2018 09:39:06 GMT']
      p3p: [CP="DSP CUR OTPi IND OTRi ONL FIN"]
      server: [Microsoft-IIS/10.0]
      set-cookie: [esctx=AQABAAAAAADX8GCi6Js6SK82TsD2Pb7rFUEdDzcNZuZsmmIZPn-34ijsuVatU3TYuOUdDo4imvOxVKBofmAK88FlPO5RALM7jnPyJ-WNhIDFq1_X3IsFOnZyj76RsiNRPNRPpYjwziUiiqMRcw94dLhD7UJutVT6oCEpbNiXy0fBPpBnqMOjQmUANDo1izc6B3RNRHKkWGUgAA;
          domain=.login.windows.net; path=/; secure; HttpOnly, x-ms-gateway-slice=corp;
          path=/; secure; HttpOnly, stsservicecookie=ests; path=/; secure; HttpOnly]
      strict-transport-security: [max-age=31536000; includeSubDomains]
      x-content-type-options: [nosniff]
      x-powered-by: [ASP.NET]
    status: {code: 200, message: OK}
- request:
    body: null
    headers:
      Accept: [application/json]
      Accept-Encoding: ['gzip, deflate']
      CommandName: [account management-group create]
      Connection: [keep-alive]
      Content-Type: [application/json; charset=utf-8]
      User-Agent: [python/3.6.2 (Windows-10-10.0.17134-SP0) requests/2.18.4 msrest/0.4.29
          msrest_azure/0.4.31 resourcemanagementclient/1.2.1 Azure-SDK-For-Python
          AZURECLI/2.0.34]
      accept-language: [en-US]
    method: GET
    uri: https://api-dogfood.resources.windows-int.net/subscriptions/00000000-0000-0000-0000-000000000000/providers/Microsoft.Management?api-version=2017-05-10
  response:
    body: {string: '{"id":"/subscriptions/00000000-0000-0000-0000-000000000000/providers/Microsoft.Management","namespace":"Microsoft.Management","authorization":{"applicationId":"f2c304cf-8e7e-4c3f-8164-16299ad9d272","roleDefinitionId":"c1cf3708-588a-4647-be7f-f400bbe214cf"},"resourceTypes":[{"resourceType":"resources","locations":[],"apiVersions":["2017-11-01-preview","2017-08-31-preview","2017-06-30-preview","2017-05-31-preview"]},{"resourceType":"managementGroups","locations":[],"apiVersions":["2018-03-01-preview","2018-01-01-preview","2017-11-01-preview","2017-08-31-preview","2017-06-30-preview","2017-05-31-preview"]},{"resourceType":"getEntities","locations":[],"apiVersions":["2018-03-01-preview","2018-01-01-preview"]},{"resourceType":"checkNameAvailability","locations":[],"apiVersions":["2018-03-01-preview","2018-01-01-preview"]},{"resourceType":"operationResults","locations":[],"apiVersions":["2018-03-01-preview","2018-01-01-preview"]},{"resourceType":"operations","locations":[],"apiVersions":["2017-11-01-preview","2017-08-31-preview","2017-06-30-preview","2017-05-31-preview"]},{"resourceType":"startTenantBackfill","locations":[],"apiVersions":["2018-03-01-preview"]},{"resourceType":"tenantBackfillStatus","locations":[],"apiVersions":["2018-03-01-preview"]}],"registrationState":"Registered"}'}
    headers:
      cache-control: [no-cache]
      content-length: ['1300']
      content-type: [application/json; charset=utf-8]
      date: ['Thu, 24 May 2018 09:39:06 GMT']
      expires: ['-1']
      pragma: [no-cache]
      strict-transport-security: [max-age=31536000; includeSubDomains]
      vary: [Accept-Encoding]
      x-content-type-options: [nosniff]
    status: {code: 200, message: OK}
- request:
    body: null
    headers:
      Accept: ['*/*']
      Accept-Charset: [utf-8]
      Accept-Encoding: ['gzip, deflate']
      Connection: [keep-alive]
      User-Agent: [python-requests/2.18.4]
      return-client-request-id: ['true']
      x-client-CPU: [x64]
      x-client-OS: [win32]
      x-client-SKU: [Python]
      x-client-Ver: [0.6.0]
    method: GET
    uri: https://login.windows.net/common/discovery/instance?authorization_endpoint=https%3A%2F%2Flogin.windows-ppe.net%2Fb1af47f1-138c-4ed2-8bba-119041b95450%2Foauth2%2Fauthorize&api-version=1.0
  response:
    body: {string: '{"tenant_discovery_endpoint":"https://login.windows-ppe.net/b1af47f1-138c-4ed2-8bba-119041b95450/.well-known/openid-configuration"}'}
    headers:
      access-control-allow-methods: ['GET, OPTIONS']
      access-control-allow-origin: ['*']
      cache-control: [private]
      content-length: ['131']
      content-type: [application/json; charset=utf-8]
      date: ['Thu, 24 May 2018 09:39:07 GMT']
      p3p: [CP="DSP CUR OTPi IND OTRi ONL FIN"]
      server: [Microsoft-IIS/10.0]
      set-cookie: [esctx=AQABAAAAAADX8GCi6Js6SK82TsD2Pb7rbhrIOTglknIkoGyyrP8irJF54OjNOfvS-1qUlFAaP8Nhui0yy9HdojVw58xy_U1f1zwmHmmeG64oHEQX367wdUImPLTHQpjzVpFt0Ug1bufxlDPmPX7SOM4LMm2uPaxoLTUDe_iCKwczV0BTiEiXdx9uYwnHBkrcuDK9S-YDq50gAA;
          domain=.login.windows.net; path=/; secure; HttpOnly, x-ms-gateway-slice=corp;
          path=/; secure; HttpOnly, stsservicecookie=ests; path=/; secure; HttpOnly]
      strict-transport-security: [max-age=31536000; includeSubDomains]
      x-content-type-options: [nosniff]
      x-powered-by: [ASP.NET]
    status: {code: 200, message: OK}
- request:
    body: '{"name": "testcligroupchild", "properties": {"details": {"parent": {}}}}'
    headers:
      Accept: [application/json]
      Accept-Encoding: ['gzip, deflate']
      Cache-Control: [no-cache]
      CommandName: [account management-group create]
      Connection: [keep-alive]
      Content-Length: ['72']
      Content-Type: [application/json; charset=utf-8]
      User-Agent: [python/3.6.2 (Windows-10-10.0.17134-SP0) requests/2.18.4 msrest/0.4.29
          msrest_azure/0.4.31 azure-mgmt-managementgroups/2018-03-01-preview Azure-SDK-For-Python
          AZURECLI/2.0.34]
      accept-language: [en-US]
    method: PUT
    uri: https://api-dogfood.resources.windows-int.net/providers/Microsoft.Management/managementGroups/testcligroupchild?api-version=2018-03-01-preview
  response:
    body: {string: '{"id":"/providers/Microsoft.Management/managementGroups/testcligroupchild","type":"/providers/Microsoft.Management/managementGroups","name":"testcligroupchild","status":"NotStarted"}'}
    headers:
      cache-control: [no-cache]
      content-length: ['182']
      content-type: [application/json; charset=utf-8]
      date: ['Thu, 24 May 2018 09:39:10 GMT']
      expires: ['-1']
      location: ['https://api-dogfood.resources.windows-int.net/providers/Microsoft.Management/operationResults/create/managementGroups/testcligroupchild?api-version=2018-03-01-preview']
      pragma: [no-cache]
      request-id: [16dd1231-434c-4991-9eab-46e99d745cfd]
      server: [Microsoft-IIS/8.5]
      strict-transport-security: [max-age=31536000; includeSubDomains]
      x-aspnet-version: [4.0.30319]
      x-ba-restapi: [1.0.3.790]
      x-content-type-options: [nosniff]
      x-ms-ratelimit-remaining-tenant-writes: ['1182']
      x-powered-by: [ASP.NET]
    status: {code: 202, message: Accepted}
- request:
    body: null
    headers:
      Accept: ['*/*']
      Accept-Charset: [utf-8]
      Accept-Encoding: ['gzip, deflate']
      Connection: [keep-alive]
      User-Agent: [python-requests/2.18.4]
      return-client-request-id: ['true']
      x-client-CPU: [x64]
      x-client-OS: [win32]
      x-client-SKU: [Python]
      x-client-Ver: [0.6.0]
    method: GET
    uri: https://login.windows.net/common/discovery/instance?authorization_endpoint=https%3A%2F%2Flogin.windows-ppe.net%2Fb1af47f1-138c-4ed2-8bba-119041b95450%2Foauth2%2Fauthorize&api-version=1.0
  response:
    body: {string: '{"tenant_discovery_endpoint":"https://login.windows-ppe.net/b1af47f1-138c-4ed2-8bba-119041b95450/.well-known/openid-configuration"}'}
    headers:
      access-control-allow-methods: ['GET, OPTIONS']
      access-control-allow-origin: ['*']
      cache-control: [private]
      content-length: ['131']
      content-type: [application/json; charset=utf-8]
      date: ['Thu, 24 May 2018 09:39:20 GMT']
      p3p: [CP="DSP CUR OTPi IND OTRi ONL FIN"]
      server: [Microsoft-IIS/10.0]
      set-cookie: [esctx=AQABAAAAAADX8GCi6Js6SK82TsD2Pb7r8ANBXvU0PeCpAnYXlHLLdDFLE7PkcWLKy2Y5KhFrCyQkOa9GjQ5-xUMI34VbjsuT3z81yZxltb1ddEiEcDxkhyqkfSKe_vw88VkwPPyAnk2EQ-18CbxTDGO7nhV07rCkQ0--UByEcqiXy2CvrCN2DYe2Q0ElrpJ1YPfhZwmplE4gAA;
          domain=.login.windows.net; path=/; secure; HttpOnly, x-ms-gateway-slice=corp;
          path=/; secure; HttpOnly, stsservicecookie=ests; path=/; secure; HttpOnly]
      strict-transport-security: [max-age=31536000; includeSubDomains]
      x-content-type-options: [nosniff]
      x-powered-by: [ASP.NET]
    status: {code: 200, message: OK}
- request:
    body: null
    headers:
      Accept: [application/json]
      Accept-Encoding: ['gzip, deflate']
      CommandName: [account management-group create]
      Connection: [keep-alive]
      User-Agent: [python/3.6.2 (Windows-10-10.0.17134-SP0) requests/2.18.4 msrest/0.4.29
          msrest_azure/0.4.31 azure-mgmt-managementgroups/2018-03-01-preview Azure-SDK-For-Python
          AZURECLI/2.0.34]
    method: GET
    uri: https://api-dogfood.resources.windows-int.net/providers/Microsoft.Management/operationResults/create/managementGroups/testcligroupchild?api-version=2018-03-01-preview
  response:
    body: {string: '{"id":"/providers/Microsoft.Management/managementGroups/testcligroupchild","type":"/providers/Microsoft.Management/managementGroups","name":"testcligroupchild","status":"Succeeded","properties":{"tenantId":"b1af47f1-138c-4ed2-8bba-119041b95450","displayName":"testcligroupchild","details":{"version":7,"updatedTime":"2018-05-24T09:39:16.1053713Z","updatedBy":"823969e2-f8c1-4add-8526-62544e2f96b2","parent":{"id":"/providers/Microsoft.Management/managementGroups/b1af47f1-138c-4ed2-8bba-119041b95450","name":"b1af47f1-138c-4ed2-8bba-119041b95450","displayName":"b1af47f1-138c-4ed2-8bba-119041b95450"}}}}'}
    headers:
      cache-control: [no-cache]
      content-length: ['603']
      content-type: [application/json; charset=utf-8]
      date: ['Thu, 24 May 2018 09:39:23 GMT']
      expires: ['-1']
      pragma: [no-cache]
      request-id: [f1004546-34e9-4cda-b6cf-204acd214be0]
      server: [Microsoft-IIS/8.5]
      strict-transport-security: [max-age=31536000; includeSubDomains]
      transfer-encoding: [chunked]
      vary: ['Accept-Encoding,Accept-Encoding']
      x-aspnet-version: [4.0.30319]
      x-ba-restapi: [1.0.3.790]
      x-content-type-options: [nosniff]
      x-powered-by: [ASP.NET]
    status: {code: 200, message: OK}
- request:
    body: null
    headers:
      Accept: ['*/*']
      Accept-Charset: [utf-8]
      Accept-Encoding: ['gzip, deflate']
      Connection: [keep-alive]
      User-Agent: [python-requests/2.18.4]
      return-client-request-id: ['true']
      x-client-CPU: [x64]
      x-client-OS: [win32]
      x-client-SKU: [Python]
      x-client-Ver: [0.6.0]
    method: GET
    uri: https://login.windows.net/common/discovery/instance?authorization_endpoint=https%3A%2F%2Flogin.windows-ppe.net%2Fb1af47f1-138c-4ed2-8bba-119041b95450%2Foauth2%2Fauthorize&api-version=1.0
  response:
    body: {string: '{"tenant_discovery_endpoint":"https://login.windows-ppe.net/b1af47f1-138c-4ed2-8bba-119041b95450/.well-known/openid-configuration"}'}
    headers:
      access-control-allow-methods: ['GET, OPTIONS']
      access-control-allow-origin: ['*']
      cache-control: [private]
      content-length: ['131']
      content-type: [application/json; charset=utf-8]
      date: ['Thu, 24 May 2018 09:39:23 GMT']
      p3p: [CP="DSP CUR OTPi IND OTRi ONL FIN"]
      server: [Microsoft-IIS/10.0]
      set-cookie: [esctx=AQABAAAAAADX8GCi6Js6SK82TsD2Pb7rZvV4rw8FCfduFEEQByPU2AupDXrKm-8Tnfd15Og7jkIuPQjlucbW6_FE5YmdnE28P1spRmcUIFOaP4u8Bm9JbtwK6kUXJ_KpoC45KvSBy7wWckrkQjDQWZBxraDNMw1P0Hu56gcYTAOk3gwVn6uIjMOHO3WkiFeVY6M_XshaZWggAA;
          domain=.login.windows.net; path=/; secure; HttpOnly, x-ms-gateway-slice=corp;
          path=/; secure; HttpOnly, stsservicecookie=ests; path=/; secure; HttpOnly]
      strict-transport-security: [max-age=31536000; includeSubDomains]
      x-content-type-options: [nosniff]
      x-powered-by: [ASP.NET]
    status: {code: 200, message: OK}
- request:
    body: null
    headers:
      Accept: [application/json]
      Accept-Encoding: ['gzip, deflate']
      CommandName: [account management-group update]
      Connection: [keep-alive]
      Content-Length: ['0']
      Content-Type: [application/json; charset=utf-8]
      User-Agent: [python/3.6.2 (Windows-10-10.0.17134-SP0) requests/2.18.4 msrest/0.4.29
          msrest_azure/0.4.31 resourcemanagementclient/1.2.1 Azure-SDK-For-Python
          AZURECLI/2.0.34]
      accept-language: [en-US]
    method: POST
    uri: https://api-dogfood.resources.windows-int.net/subscriptions/00000000-0000-0000-0000-000000000000/providers/Microsoft.Management/register?api-version=2017-05-10
  response:
    body: {string: '{"id":"/subscriptions/00000000-0000-0000-0000-000000000000/providers/Microsoft.Management","namespace":"Microsoft.Management","authorization":{"applicationId":"f2c304cf-8e7e-4c3f-8164-16299ad9d272","roleDefinitionId":"c1cf3708-588a-4647-be7f-f400bbe214cf"},"resourceTypes":[{"resourceType":"resources","locations":[],"apiVersions":["2017-11-01-preview","2017-08-31-preview","2017-06-30-preview","2017-05-31-preview"]},{"resourceType":"managementGroups","locations":[],"apiVersions":["2018-03-01-preview","2018-01-01-preview","2017-11-01-preview","2017-08-31-preview","2017-06-30-preview","2017-05-31-preview"]},{"resourceType":"getEntities","locations":[],"apiVersions":["2018-03-01-preview","2018-01-01-preview"]},{"resourceType":"checkNameAvailability","locations":[],"apiVersions":["2018-03-01-preview","2018-01-01-preview"]},{"resourceType":"operationResults","locations":[],"apiVersions":["2018-03-01-preview","2018-01-01-preview"]},{"resourceType":"operations","locations":[],"apiVersions":["2017-11-01-preview","2017-08-31-preview","2017-06-30-preview","2017-05-31-preview"]},{"resourceType":"startTenantBackfill","locations":[],"apiVersions":["2018-03-01-preview"]},{"resourceType":"tenantBackfillStatus","locations":[],"apiVersions":["2018-03-01-preview"]}],"registrationState":"Registered"}'}
    headers:
      cache-control: [no-cache]
      content-length: ['1300']
      content-type: [application/json; charset=utf-8]
      date: ['Thu, 24 May 2018 09:39:26 GMT']
      expires: ['-1']
      pragma: [no-cache]
      strict-transport-security: [max-age=31536000; includeSubDomains]
      transfer-encoding: [chunked]
      vary: [Accept-Encoding]
      x-content-type-options: [nosniff]
      x-ms-ratelimit-remaining-subscription-writes: ['1186']
    status: {code: 200, message: OK}
- request:
    body: null
    headers:
      Accept: ['*/*']
      Accept-Charset: [utf-8]
      Accept-Encoding: ['gzip, deflate']
      Connection: [keep-alive]
      User-Agent: [python-requests/2.18.4]
      return-client-request-id: ['true']
      x-client-CPU: [x64]
      x-client-OS: [win32]
      x-client-SKU: [Python]
      x-client-Ver: [0.6.0]
    method: GET
    uri: https://login.windows.net/common/discovery/instance?authorization_endpoint=https%3A%2F%2Flogin.windows-ppe.net%2Fb1af47f1-138c-4ed2-8bba-119041b95450%2Foauth2%2Fauthorize&api-version=1.0
  response:
    body: {string: '{"tenant_discovery_endpoint":"https://login.windows-ppe.net/b1af47f1-138c-4ed2-8bba-119041b95450/.well-known/openid-configuration"}'}
    headers:
      access-control-allow-methods: ['GET, OPTIONS']
      access-control-allow-origin: ['*']
      cache-control: [private]
      content-length: ['131']
      content-type: [application/json; charset=utf-8]
      date: ['Thu, 24 May 2018 09:39:36 GMT']
      p3p: [CP="DSP CUR OTPi IND OTRi ONL FIN"]
      server: [Microsoft-IIS/10.0]
      set-cookie: [esctx=AQABAAAAAADX8GCi6Js6SK82TsD2Pb7rGIj9c3Esr94m6Ca_qxrePO-0h9RvANAlsK8xcGjQW_hTzb3P7-tsRelpklxfUyL3QyrSwU4ZjDMWa0EelUTFlrN1IWBMgYF1w2ArYI2iSMA_JXcWWr88MZA8jnnqwY2szYnDeeqJYjsYaT0WRD-7WVBQBzjvao4XhVVlBEm1FnAgAA;
          domain=.login.windows.net; path=/; secure; HttpOnly, x-ms-gateway-slice=corp;
          path=/; secure; HttpOnly, stsservicecookie=ests; path=/; secure; HttpOnly]
      strict-transport-security: [max-age=31536000; includeSubDomains]
      x-content-type-options: [nosniff]
      x-powered-by: [ASP.NET]
    status: {code: 200, message: OK}
- request:
    body: null
    headers:
      Accept: [application/json]
      Accept-Encoding: ['gzip, deflate']
      CommandName: [account management-group update]
      Connection: [keep-alive]
      Content-Type: [application/json; charset=utf-8]
      User-Agent: [python/3.6.2 (Windows-10-10.0.17134-SP0) requests/2.18.4 msrest/0.4.29
          msrest_azure/0.4.31 resourcemanagementclient/1.2.1 Azure-SDK-For-Python
          AZURECLI/2.0.34]
      accept-language: [en-US]
    method: GET
    uri: https://api-dogfood.resources.windows-int.net/subscriptions/00000000-0000-0000-0000-000000000000/providers/Microsoft.Management?api-version=2017-05-10
  response:
    body: {string: '{"id":"/subscriptions/00000000-0000-0000-0000-000000000000/providers/Microsoft.Management","namespace":"Microsoft.Management","authorization":{"applicationId":"f2c304cf-8e7e-4c3f-8164-16299ad9d272","roleDefinitionId":"c1cf3708-588a-4647-be7f-f400bbe214cf"},"resourceTypes":[{"resourceType":"resources","locations":[],"apiVersions":["2017-11-01-preview","2017-08-31-preview","2017-06-30-preview","2017-05-31-preview"]},{"resourceType":"managementGroups","locations":[],"apiVersions":["2018-03-01-preview","2018-01-01-preview","2017-11-01-preview","2017-08-31-preview","2017-06-30-preview","2017-05-31-preview"]},{"resourceType":"getEntities","locations":[],"apiVersions":["2018-03-01-preview","2018-01-01-preview"]},{"resourceType":"checkNameAvailability","locations":[],"apiVersions":["2018-03-01-preview","2018-01-01-preview"]},{"resourceType":"operationResults","locations":[],"apiVersions":["2018-03-01-preview","2018-01-01-preview"]},{"resourceType":"operations","locations":[],"apiVersions":["2017-11-01-preview","2017-08-31-preview","2017-06-30-preview","2017-05-31-preview"]},{"resourceType":"startTenantBackfill","locations":[],"apiVersions":["2018-03-01-preview"]},{"resourceType":"tenantBackfillStatus","locations":[],"apiVersions":["2018-03-01-preview"]}],"registrationState":"Registered"}'}
    headers:
      cache-control: [no-cache]
      content-length: ['1300']
      content-type: [application/json; charset=utf-8]
      date: ['Thu, 24 May 2018 09:39:36 GMT']
      expires: ['-1']
      pragma: [no-cache]
      strict-transport-security: [max-age=31536000; includeSubDomains]
      vary: [Accept-Encoding]
      x-content-type-options: [nosniff]
    status: {code: 200, message: OK}
- request:
    body: null
    headers:
      Accept: ['*/*']
      Accept-Charset: [utf-8]
      Accept-Encoding: ['gzip, deflate']
      Connection: [keep-alive]
      User-Agent: [python-requests/2.18.4]
      return-client-request-id: ['true']
      x-client-CPU: [x64]
      x-client-OS: [win32]
      x-client-SKU: [Python]
      x-client-Ver: [0.6.0]
    method: GET
    uri: https://login.windows.net/common/discovery/instance?authorization_endpoint=https%3A%2F%2Flogin.windows-ppe.net%2Fb1af47f1-138c-4ed2-8bba-119041b95450%2Foauth2%2Fauthorize&api-version=1.0
  response:
    body: {string: '{"tenant_discovery_endpoint":"https://login.windows-ppe.net/b1af47f1-138c-4ed2-8bba-119041b95450/.well-known/openid-configuration"}'}
    headers:
      access-control-allow-methods: ['GET, OPTIONS']
      access-control-allow-origin: ['*']
      cache-control: [private]
      content-length: ['131']
      content-type: [application/json; charset=utf-8]
      date: ['Thu, 24 May 2018 09:39:37 GMT']
      p3p: [CP="DSP CUR OTPi IND OTRi ONL FIN"]
      server: [Microsoft-IIS/10.0]
      set-cookie: [esctx=AQABAAAAAADX8GCi6Js6SK82TsD2Pb7r3tmV2_LmjyChvG8_aJbpyvA9J_a-9RHGSj45e2nw4v1vklx9sZ89gjjYg03Q5UKVDl1P0JHKsZXg0laRIrG2JFGDdeA4kSYFfnlRvpSg365XNvFW6ZsKQc9F86OlTZ6AxSI-V_imM9G_9TRjUVYKln-_FiI_DjIiWhpHCf5Ri3AgAA;
          domain=.login.windows.net; path=/; secure; HttpOnly, x-ms-gateway-slice=corp;
          path=/; secure; HttpOnly, stsservicecookie=ests; path=/; secure; HttpOnly]
      strict-transport-security: [max-age=31536000; includeSubDomains]
      x-content-type-options: [nosniff]
      x-powered-by: [ASP.NET]
    status: {code: 200, message: OK}
- request:
    body: '{"displayName": "testcligroupchild", "parentId": "/providers/Microsoft.Management/managementGroups/testcligroup"}'
    headers:
      Accept: [application/json]
      Accept-Encoding: ['gzip, deflate']
      Cache-Control: [no-cache]
      CommandName: [account management-group update]
      Connection: [keep-alive]
      Content-Length: ['113']
      Content-Type: [application/json; charset=utf-8]
      User-Agent: [python/3.6.2 (Windows-10-10.0.17134-SP0) requests/2.18.4 msrest/0.4.29
          msrest_azure/0.4.31 azure-mgmt-managementgroups/2018-03-01-preview Azure-SDK-For-Python
          AZURECLI/2.0.34]
      accept-language: [en-US]
    method: PATCH
    uri: https://api-dogfood.resources.windows-int.net/providers/Microsoft.Management/managementGroups/testcligroupchild?api-version=2018-03-01-preview
  response:
    body: {string: '{"id":"/providers/Microsoft.Management/managementGroups/testcligroupchild","type":"/providers/Microsoft.Management/managementGroups","name":"testcligroupchild","properties":{"tenantId":"b1af47f1-138c-4ed2-8bba-119041b95450","displayName":"testcligroupchild","details":{"version":8,"updatedTime":"2018-05-24T09:39:40.7224245Z","updatedBy":"823969e2-f8c1-4add-8526-62544e2f96b2","parent":{"id":"/providers/Microsoft.Management/managementGroups/testcligroup","name":"testcligroup","displayName":"testcligroup"}}}}'}
    headers:
      cache-control: [no-cache]
      content-length: ['510']
      content-type: [application/json; charset=utf-8]
      date: ['Thu, 24 May 2018 09:39:41 GMT']
      expires: ['-1']
      pragma: [no-cache]
      request-id: [726b5515-4a92-48e1-8569-15a7b05cb470]
      server: [Microsoft-IIS/8.5]
      strict-transport-security: [max-age=31536000; includeSubDomains]
      transfer-encoding: [chunked]
      vary: ['Accept-Encoding,Accept-Encoding']
      x-aspnet-version: [4.0.30319]
      x-ba-restapi: [1.0.3.790]
      x-content-type-options: [nosniff]
      x-ms-ratelimit-remaining-tenant-writes: ['1181']
      x-powered-by: [ASP.NET]
    status: {code: 200, message: OK}
- request:
    body: null
    headers:
      Accept: ['*/*']
      Accept-Charset: [utf-8]
      Accept-Encoding: ['gzip, deflate']
      Connection: [keep-alive]
      User-Agent: [python-requests/2.18.4]
      return-client-request-id: ['true']
      x-client-CPU: [x64]
      x-client-OS: [win32]
      x-client-SKU: [Python]
      x-client-Ver: [0.6.0]
    method: GET
    uri: https://login.windows.net/common/discovery/instance?authorization_endpoint=https%3A%2F%2Flogin.windows-ppe.net%2Fb1af47f1-138c-4ed2-8bba-119041b95450%2Foauth2%2Fauthorize&api-version=1.0
  response:
    body: {string: '{"tenant_discovery_endpoint":"https://login.windows-ppe.net/b1af47f1-138c-4ed2-8bba-119041b95450/.well-known/openid-configuration"}'}
    headers:
      access-control-allow-methods: ['GET, OPTIONS']
      access-control-allow-origin: ['*']
      cache-control: [private]
      content-length: ['131']
      content-type: [application/json; charset=utf-8]
      date: ['Thu, 24 May 2018 09:39:42 GMT']
      p3p: [CP="DSP CUR OTPi IND OTRi ONL FIN"]
      server: [Microsoft-IIS/10.0]
      set-cookie: [esctx=AQABAAAAAADX8GCi6Js6SK82TsD2Pb7rLHGphkQRuv3e1ndl9EXisE_-J1eT2g20rv4Ryox0eDS_r0rP-L0BiRlLfrFFVU2ZIdVJ_JYP5zCzgSqc0Sk18aIrTYVnaBFrlAszzkk_zseTdHqFfxv4xWd4VcFPhBUmPyIke0TY_cBwgPEpeksVDskb__6jOpG6xOKzguY1TOggAA;
          domain=.login.windows.net; path=/; secure; HttpOnly, x-ms-gateway-slice=corp;
          path=/; secure; HttpOnly, stsservicecookie=ests; path=/; secure; HttpOnly]
      strict-transport-security: [max-age=31536000; includeSubDomains]
      x-content-type-options: [nosniff]
      x-powered-by: [ASP.NET]
    status: {code: 200, message: OK}
- request:
    body: null
    headers:
      Accept: [application/json]
      Accept-Encoding: ['gzip, deflate']
      CommandName: [account management-group delete]
      Connection: [keep-alive]
      Content-Length: ['0']
      Content-Type: [application/json; charset=utf-8]
      User-Agent: [python/3.6.2 (Windows-10-10.0.17134-SP0) requests/2.18.4 msrest/0.4.29
          msrest_azure/0.4.31 resourcemanagementclient/1.2.1 Azure-SDK-For-Python
          AZURECLI/2.0.34]
      accept-language: [en-US]
    method: POST
    uri: https://api-dogfood.resources.windows-int.net/subscriptions/00000000-0000-0000-0000-000000000000/providers/Microsoft.Management/register?api-version=2017-05-10
  response:
    body: {string: '{"id":"/subscriptions/00000000-0000-0000-0000-000000000000/providers/Microsoft.Management","namespace":"Microsoft.Management","authorization":{"applicationId":"f2c304cf-8e7e-4c3f-8164-16299ad9d272","roleDefinitionId":"c1cf3708-588a-4647-be7f-f400bbe214cf"},"resourceTypes":[{"resourceType":"resources","locations":[],"apiVersions":["2017-11-01-preview","2017-08-31-preview","2017-06-30-preview","2017-05-31-preview"]},{"resourceType":"managementGroups","locations":[],"apiVersions":["2018-03-01-preview","2018-01-01-preview","2017-11-01-preview","2017-08-31-preview","2017-06-30-preview","2017-05-31-preview"]},{"resourceType":"getEntities","locations":[],"apiVersions":["2018-03-01-preview","2018-01-01-preview"]},{"resourceType":"checkNameAvailability","locations":[],"apiVersions":["2018-03-01-preview","2018-01-01-preview"]},{"resourceType":"operationResults","locations":[],"apiVersions":["2018-03-01-preview","2018-01-01-preview"]},{"resourceType":"operations","locations":[],"apiVersions":["2017-11-01-preview","2017-08-31-preview","2017-06-30-preview","2017-05-31-preview"]},{"resourceType":"startTenantBackfill","locations":[],"apiVersions":["2018-03-01-preview"]},{"resourceType":"tenantBackfillStatus","locations":[],"apiVersions":["2018-03-01-preview"]}],"registrationState":"Registered"}'}
    headers:
      cache-control: [no-cache]
      content-length: ['1300']
      content-type: [application/json; charset=utf-8]
      date: ['Thu, 24 May 2018 09:39:46 GMT']
      expires: ['-1']
      pragma: [no-cache]
      strict-transport-security: [max-age=31536000; includeSubDomains]
      transfer-encoding: [chunked]
      vary: [Accept-Encoding]
      x-content-type-options: [nosniff]
      x-ms-ratelimit-remaining-subscription-writes: ['1180']
    status: {code: 200, message: OK}
- request:
    body: null
    headers:
      Accept: ['*/*']
      Accept-Charset: [utf-8]
      Accept-Encoding: ['gzip, deflate']
      Connection: [keep-alive]
      User-Agent: [python-requests/2.18.4]
      return-client-request-id: ['true']
      x-client-CPU: [x64]
      x-client-OS: [win32]
      x-client-SKU: [Python]
      x-client-Ver: [0.6.0]
    method: GET
    uri: https://login.windows.net/common/discovery/instance?authorization_endpoint=https%3A%2F%2Flogin.windows-ppe.net%2Fb1af47f1-138c-4ed2-8bba-119041b95450%2Foauth2%2Fauthorize&api-version=1.0
  response:
    body: {string: '{"tenant_discovery_endpoint":"https://login.windows-ppe.net/b1af47f1-138c-4ed2-8bba-119041b95450/.well-known/openid-configuration"}'}
    headers:
      access-control-allow-methods: ['GET, OPTIONS']
      access-control-allow-origin: ['*']
      cache-control: [private]
      content-length: ['131']
      content-type: [application/json; charset=utf-8]
      date: ['Thu, 24 May 2018 09:39:55 GMT']
      p3p: [CP="DSP CUR OTPi IND OTRi ONL FIN"]
      server: [Microsoft-IIS/10.0]
      set-cookie: [esctx=AQABAAAAAADX8GCi6Js6SK82TsD2Pb7r5JJM9XjUSf-DcEjbxkMvd_jmpTA7kHXMzdgs2MxPSqxQLcQ8RY6kppVWUju39OsnKfnPq40J50K_TEAFyA4iPPMd49v_vefuEYOZG6T8k0QAapNjY1jn8NjngHLypv0WzxeOqf1WrqlXK99Yk5Od_luaIp03LUX4-dFwlgPCD8IgAA;
          domain=.login.windows.net; path=/; secure; HttpOnly, x-ms-gateway-slice=corp;
          path=/; secure; HttpOnly, stsservicecookie=ests; path=/; secure; HttpOnly]
      strict-transport-security: [max-age=31536000; includeSubDomains]
      x-content-type-options: [nosniff]
      x-powered-by: [ASP.NET]
    status: {code: 200, message: OK}
- request:
    body: null
    headers:
      Accept: [application/json]
      Accept-Encoding: ['gzip, deflate']
      CommandName: [account management-group delete]
      Connection: [keep-alive]
      Content-Type: [application/json; charset=utf-8]
      User-Agent: [python/3.6.2 (Windows-10-10.0.17134-SP0) requests/2.18.4 msrest/0.4.29
          msrest_azure/0.4.31 resourcemanagementclient/1.2.1 Azure-SDK-For-Python
          AZURECLI/2.0.34]
      accept-language: [en-US]
    method: GET
    uri: https://api-dogfood.resources.windows-int.net/subscriptions/00000000-0000-0000-0000-000000000000/providers/Microsoft.Management?api-version=2017-05-10
  response:
    body: {string: '{"id":"/subscriptions/00000000-0000-0000-0000-000000000000/providers/Microsoft.Management","namespace":"Microsoft.Management","authorization":{"applicationId":"f2c304cf-8e7e-4c3f-8164-16299ad9d272","roleDefinitionId":"c1cf3708-588a-4647-be7f-f400bbe214cf"},"resourceTypes":[{"resourceType":"resources","locations":[],"apiVersions":["2017-11-01-preview","2017-08-31-preview","2017-06-30-preview","2017-05-31-preview"]},{"resourceType":"managementGroups","locations":[],"apiVersions":["2018-03-01-preview","2018-01-01-preview","2017-11-01-preview","2017-08-31-preview","2017-06-30-preview","2017-05-31-preview"]},{"resourceType":"getEntities","locations":[],"apiVersions":["2018-03-01-preview","2018-01-01-preview"]},{"resourceType":"checkNameAvailability","locations":[],"apiVersions":["2018-03-01-preview","2018-01-01-preview"]},{"resourceType":"operationResults","locations":[],"apiVersions":["2018-03-01-preview","2018-01-01-preview"]},{"resourceType":"operations","locations":[],"apiVersions":["2017-11-01-preview","2017-08-31-preview","2017-06-30-preview","2017-05-31-preview"]},{"resourceType":"startTenantBackfill","locations":[],"apiVersions":["2018-03-01-preview"]},{"resourceType":"tenantBackfillStatus","locations":[],"apiVersions":["2018-03-01-preview"]}],"registrationState":"Registered"}'}
    headers:
      cache-control: [no-cache]
      content-length: ['1300']
      content-type: [application/json; charset=utf-8]
      date: ['Thu, 24 May 2018 09:39:57 GMT']
      expires: ['-1']
      pragma: [no-cache]
      strict-transport-security: [max-age=31536000; includeSubDomains]
      vary: [Accept-Encoding]
      x-content-type-options: [nosniff]
    status: {code: 200, message: OK}
- request:
    body: null
    headers:
      Accept: ['*/*']
      Accept-Charset: [utf-8]
      Accept-Encoding: ['gzip, deflate']
      Connection: [keep-alive]
      User-Agent: [python-requests/2.18.4]
      return-client-request-id: ['true']
      x-client-CPU: [x64]
      x-client-OS: [win32]
      x-client-SKU: [Python]
      x-client-Ver: [0.6.0]
    method: GET
    uri: https://login.windows.net/common/discovery/instance?authorization_endpoint=https%3A%2F%2Flogin.windows-ppe.net%2Fb1af47f1-138c-4ed2-8bba-119041b95450%2Foauth2%2Fauthorize&api-version=1.0
  response:
    body: {string: '{"tenant_discovery_endpoint":"https://login.windows-ppe.net/b1af47f1-138c-4ed2-8bba-119041b95450/.well-known/openid-configuration"}'}
    headers:
      access-control-allow-methods: ['GET, OPTIONS']
      access-control-allow-origin: ['*']
      cache-control: [private]
      content-length: ['131']
      content-type: [application/json; charset=utf-8]
      date: ['Thu, 24 May 2018 09:39:57 GMT']
      p3p: [CP="DSP CUR OTPi IND OTRi ONL FIN"]
      server: [Microsoft-IIS/10.0]
      set-cookie: [esctx=AQABAAAAAADX8GCi6Js6SK82TsD2Pb7rtLKQ6m6uuPfz40NgMmTMpvSYxp5P0H83u-nQm7YPMYNaMwpgbIjS3STgfSlu73mRlspKmQLjrNvQy6t2D-AYoo-ANRL_M-1I9fODf75LpQZ57mTHdq5k_sUsi-6pnNxfpWXQn7cjYf6qZJ9HHdBMCX-uLX7B6PJqf8YpEDKoBiggAA;
          domain=.login.windows.net; path=/; secure; HttpOnly, x-ms-gateway-slice=corp;
          path=/; secure; HttpOnly, stsservicecookie=ests; path=/; secure; HttpOnly]
      strict-transport-security: [max-age=31536000; includeSubDomains]
      x-content-type-options: [nosniff]
      x-powered-by: [ASP.NET]
    status: {code: 200, message: OK}
- request:
    body: null
    headers:
      Accept: [application/json]
      Accept-Encoding: ['gzip, deflate']
      Cache-Control: [no-cache]
      CommandName: [account management-group delete]
      Connection: [keep-alive]
      Content-Length: ['0']
      Content-Type: [application/json; charset=utf-8]
      User-Agent: [python/3.6.2 (Windows-10-10.0.17134-SP0) requests/2.18.4 msrest/0.4.29
          msrest_azure/0.4.31 azure-mgmt-managementgroups/2018-03-01-preview Azure-SDK-For-Python
          AZURECLI/2.0.34]
      accept-language: [en-US]
    method: DELETE
    uri: https://api-dogfood.resources.windows-int.net/providers/Microsoft.Management/managementGroups/testcligroupchild?api-version=2018-03-01-preview
  response:
    body: {string: '{"id":"/providers/Microsoft.Management/managementGroups/testcligroupchild","type":"/providers/Microsoft.Management/managementGroups","name":"testcligroupchild","status":"NotStarted"}'}
    headers:
      cache-control: [no-cache]
      content-length: ['182']
      content-type: [application/json; charset=utf-8]
      date: ['Thu, 24 May 2018 09:40:01 GMT']
      expires: ['-1']
      location: ['https://api-dogfood.resources.windows-int.net/providers/Microsoft.Management/operationResults/delete/managementGroups/testcligroupchild?api-version=2018-03-01-preview']
      pragma: [no-cache]
      request-id: [27dc2737-34ed-4539-bdba-1fa05c61b9a8]
      server: [Microsoft-IIS/8.5]
      strict-transport-security: [max-age=31536000; includeSubDomains]
      x-aspnet-version: [4.0.30319]
      x-ba-restapi: [1.0.3.790]
      x-content-type-options: [nosniff]
      x-ms-ratelimit-remaining-tenant-writes: ['1180']
      x-powered-by: [ASP.NET]
    status: {code: 202, message: Accepted}
- request:
    body: null
    headers:
      Accept: ['*/*']
      Accept-Charset: [utf-8]
      Accept-Encoding: ['gzip, deflate']
      Connection: [keep-alive]
      User-Agent: [python-requests/2.18.4]
      return-client-request-id: ['true']
      x-client-CPU: [x64]
      x-client-OS: [win32]
      x-client-SKU: [Python]
      x-client-Ver: [0.6.0]
    method: GET
    uri: https://login.windows.net/common/discovery/instance?authorization_endpoint=https%3A%2F%2Flogin.windows-ppe.net%2Fb1af47f1-138c-4ed2-8bba-119041b95450%2Foauth2%2Fauthorize&api-version=1.0
  response:
    body: {string: '{"tenant_discovery_endpoint":"https://login.windows-ppe.net/b1af47f1-138c-4ed2-8bba-119041b95450/.well-known/openid-configuration"}'}
    headers:
      access-control-allow-methods: ['GET, OPTIONS']
      access-control-allow-origin: ['*']
      cache-control: [private]
      content-length: ['131']
      content-type: [application/json; charset=utf-8]
      date: ['Thu, 24 May 2018 09:40:11 GMT']
      p3p: [CP="DSP CUR OTPi IND OTRi ONL FIN"]
      server: [Microsoft-IIS/10.0]
      set-cookie: [esctx=AQABAAAAAADX8GCi6Js6SK82TsD2Pb7rsRpyNq_Hp_O6Of6Cb78swgY-YM8sPy-UbS04uTeV4kspKe8K23_s6puFkSoQvVR6knR1q3uLuTbL_rhMwJUkkAp8NfdVbLsldrUgdWt9Sozr3jgdF-y37zRSnRzu2My2rJh316TTCldHibxsfRO9NKqyiws0FpL-HogblwJrM-QgAA;
          domain=.login.windows.net; path=/; secure; HttpOnly, x-ms-gateway-slice=corp;
          path=/; secure; HttpOnly, stsservicecookie=ests; path=/; secure; HttpOnly]
      strict-transport-security: [max-age=31536000; includeSubDomains]
      x-content-type-options: [nosniff]
      x-powered-by: [ASP.NET]
    status: {code: 200, message: OK}
- request:
    body: null
    headers:
      Accept: [application/json]
      Accept-Encoding: ['gzip, deflate']
      CommandName: [account management-group delete]
      Connection: [keep-alive]
      User-Agent: [python/3.6.2 (Windows-10-10.0.17134-SP0) requests/2.18.4 msrest/0.4.29
          msrest_azure/0.4.31 azure-mgmt-managementgroups/2018-03-01-preview Azure-SDK-For-Python
          AZURECLI/2.0.34]
    method: GET
    uri: https://api-dogfood.resources.windows-int.net/providers/Microsoft.Management/operationResults/delete/managementGroups/testcligroupchild?api-version=2018-03-01-preview
  response:
    body: {string: '{"id":"/providers/Microsoft.Management/managementGroups/testcligroupchild","type":"/providers/Microsoft.Management/managementGroups","name":"testcligroupchild","status":"Succeeded"}'}
    headers:
      cache-control: [no-cache]
      content-length: ['181']
      content-type: [application/json; charset=utf-8]
      date: ['Thu, 24 May 2018 09:40:12 GMT']
      expires: ['-1']
      pragma: [no-cache]
      request-id: [312af45a-5e7a-4260-8470-c10b3c0a0405]
      server: [Microsoft-IIS/8.5]
      strict-transport-security: [max-age=31536000; includeSubDomains]
      transfer-encoding: [chunked]
      vary: ['Accept-Encoding,Accept-Encoding']
      x-aspnet-version: [4.0.30319]
      x-ba-restapi: [1.0.3.790]
      x-content-type-options: [nosniff]
      x-powered-by: [ASP.NET]
    status: {code: 200, message: OK}
- request:
    body: null
    headers:
      Accept: ['*/*']
      Accept-Charset: [utf-8]
      Accept-Encoding: ['gzip, deflate']
      Connection: [keep-alive]
      User-Agent: [python-requests/2.18.4]
      return-client-request-id: ['true']
      x-client-CPU: [x64]
      x-client-OS: [win32]
      x-client-SKU: [Python]
      x-client-Ver: [0.6.0]
    method: GET
    uri: https://login.windows.net/common/discovery/instance?authorization_endpoint=https%3A%2F%2Flogin.windows-ppe.net%2Fb1af47f1-138c-4ed2-8bba-119041b95450%2Foauth2%2Fauthorize&api-version=1.0
  response:
    body: {string: '{"tenant_discovery_endpoint":"https://login.windows-ppe.net/b1af47f1-138c-4ed2-8bba-119041b95450/.well-known/openid-configuration"}'}
    headers:
      access-control-allow-methods: ['GET, OPTIONS']
      access-control-allow-origin: ['*']
      cache-control: [private]
      content-length: ['131']
      content-type: [application/json; charset=utf-8]
      date: ['Thu, 24 May 2018 09:40:13 GMT']
      p3p: [CP="DSP CUR OTPi IND OTRi ONL FIN"]
      server: [Microsoft-IIS/10.0]
      set-cookie: [esctx=AQABAAAAAADX8GCi6Js6SK82TsD2Pb7r6uqiP_ylzyX5_yBdZADT6NTMnzG4dY16JE7XL1cI-q9_kiLwCBzue355K9v3dyvj8qpoMjUp4djACUyD04aHPq13jNQcgGKd0DGYZWV64gn3pM5mpgNmzhrkvMyWVlHYtPvTuiR4Yh9LvLt3tO649S6056eLaxYQziUOF_PwyFIgAA;
          domain=.login.windows.net; path=/; secure; HttpOnly, x-ms-gateway-slice=corp;
          path=/; secure; HttpOnly, stsservicecookie=ests; path=/; secure; HttpOnly]
      strict-transport-security: [max-age=31536000; includeSubDomains]
      x-content-type-options: [nosniff]
      x-powered-by: [ASP.NET]
    status: {code: 200, message: OK}
- request:
    body: null
    headers:
      Accept: [application/json]
      Accept-Encoding: ['gzip, deflate']
      CommandName: [account management-group delete]
      Connection: [keep-alive]
      Content-Length: ['0']
      Content-Type: [application/json; charset=utf-8]
      User-Agent: [python/3.6.2 (Windows-10-10.0.17134-SP0) requests/2.18.4 msrest/0.4.29
          msrest_azure/0.4.31 resourcemanagementclient/1.2.1 Azure-SDK-For-Python
          AZURECLI/2.0.34]
      accept-language: [en-US]
    method: POST
    uri: https://api-dogfood.resources.windows-int.net/subscriptions/00000000-0000-0000-0000-000000000000/providers/Microsoft.Management/register?api-version=2017-05-10
  response:
    body: {string: '{"id":"/subscriptions/00000000-0000-0000-0000-000000000000/providers/Microsoft.Management","namespace":"Microsoft.Management","authorization":{"applicationId":"f2c304cf-8e7e-4c3f-8164-16299ad9d272","roleDefinitionId":"c1cf3708-588a-4647-be7f-f400bbe214cf"},"resourceTypes":[{"resourceType":"resources","locations":[],"apiVersions":["2017-11-01-preview","2017-08-31-preview","2017-06-30-preview","2017-05-31-preview"]},{"resourceType":"managementGroups","locations":[],"apiVersions":["2018-03-01-preview","2018-01-01-preview","2017-11-01-preview","2017-08-31-preview","2017-06-30-preview","2017-05-31-preview"]},{"resourceType":"getEntities","locations":[],"apiVersions":["2018-03-01-preview","2018-01-01-preview"]},{"resourceType":"checkNameAvailability","locations":[],"apiVersions":["2018-03-01-preview","2018-01-01-preview"]},{"resourceType":"operationResults","locations":[],"apiVersions":["2018-03-01-preview","2018-01-01-preview"]},{"resourceType":"operations","locations":[],"apiVersions":["2017-11-01-preview","2017-08-31-preview","2017-06-30-preview","2017-05-31-preview"]},{"resourceType":"startTenantBackfill","locations":[],"apiVersions":["2018-03-01-preview"]},{"resourceType":"tenantBackfillStatus","locations":[],"apiVersions":["2018-03-01-preview"]}],"registrationState":"Registered"}'}
    headers:
      cache-control: [no-cache]
      content-length: ['1300']
      content-type: [application/json; charset=utf-8]
      date: ['Thu, 24 May 2018 09:40:15 GMT']
      expires: ['-1']
      pragma: [no-cache]
      strict-transport-security: [max-age=31536000; includeSubDomains]
      transfer-encoding: [chunked]
      vary: [Accept-Encoding]
      x-content-type-options: [nosniff]
      x-ms-ratelimit-remaining-subscription-writes: ['1177']
    status: {code: 200, message: OK}
- request:
    body: null
    headers:
      Accept: ['*/*']
      Accept-Charset: [utf-8]
      Accept-Encoding: ['gzip, deflate']
      Connection: [keep-alive]
      User-Agent: [python-requests/2.18.4]
      return-client-request-id: ['true']
      x-client-CPU: [x64]
      x-client-OS: [win32]
      x-client-SKU: [Python]
      x-client-Ver: [0.6.0]
    method: GET
    uri: https://login.windows.net/common/discovery/instance?authorization_endpoint=https%3A%2F%2Flogin.windows-ppe.net%2Fb1af47f1-138c-4ed2-8bba-119041b95450%2Foauth2%2Fauthorize&api-version=1.0
  response:
    body: {string: '{"tenant_discovery_endpoint":"https://login.windows-ppe.net/b1af47f1-138c-4ed2-8bba-119041b95450/.well-known/openid-configuration"}'}
    headers:
      access-control-allow-methods: ['GET, OPTIONS']
      access-control-allow-origin: ['*']
      cache-control: [private]
      content-length: ['131']
      content-type: [application/json; charset=utf-8]
      date: ['Thu, 24 May 2018 09:40:26 GMT']
      p3p: [CP="DSP CUR OTPi IND OTRi ONL FIN"]
      server: [Microsoft-IIS/10.0]
      set-cookie: [esctx=AQABAAAAAADX8GCi6Js6SK82TsD2Pb7rCYemXvc9nbVuiYWuldW05BUhEcf6_xPfJmvtjaVAaijaTC3hZGF8mO3j6iNdO_eQtd5Hwx0YzKay9StbWyiPfkdbjN8nwvtlPQYKK2wgIdi2NtQHylpwoK7F8hW-CsvdVJ_W7OZo_flPWoFmXe0YMbLh6t7SHHzRWPm6NEU6gaIgAA;
          domain=.login.windows.net; path=/; secure; HttpOnly, x-ms-gateway-slice=corp;
          path=/; secure; HttpOnly, stsservicecookie=ests; path=/; secure; HttpOnly]
      strict-transport-security: [max-age=31536000; includeSubDomains]
      x-content-type-options: [nosniff]
      x-powered-by: [ASP.NET]
    status: {code: 200, message: OK}
- request:
    body: null
    headers:
      Accept: [application/json]
      Accept-Encoding: ['gzip, deflate']
      CommandName: [account management-group delete]
      Connection: [keep-alive]
      Content-Type: [application/json; charset=utf-8]
      User-Agent: [python/3.6.2 (Windows-10-10.0.17134-SP0) requests/2.18.4 msrest/0.4.29
          msrest_azure/0.4.31 resourcemanagementclient/1.2.1 Azure-SDK-For-Python
          AZURECLI/2.0.34]
      accept-language: [en-US]
    method: GET
    uri: https://api-dogfood.resources.windows-int.net/subscriptions/00000000-0000-0000-0000-000000000000/providers/Microsoft.Management?api-version=2017-05-10
  response:
    body: {string: '{"id":"/subscriptions/00000000-0000-0000-0000-000000000000/providers/Microsoft.Management","namespace":"Microsoft.Management","authorization":{"applicationId":"f2c304cf-8e7e-4c3f-8164-16299ad9d272","roleDefinitionId":"c1cf3708-588a-4647-be7f-f400bbe214cf"},"resourceTypes":[{"resourceType":"resources","locations":[],"apiVersions":["2017-11-01-preview","2017-08-31-preview","2017-06-30-preview","2017-05-31-preview"]},{"resourceType":"managementGroups","locations":[],"apiVersions":["2018-03-01-preview","2018-01-01-preview","2017-11-01-preview","2017-08-31-preview","2017-06-30-preview","2017-05-31-preview"]},{"resourceType":"getEntities","locations":[],"apiVersions":["2018-03-01-preview","2018-01-01-preview"]},{"resourceType":"checkNameAvailability","locations":[],"apiVersions":["2018-03-01-preview","2018-01-01-preview"]},{"resourceType":"operationResults","locations":[],"apiVersions":["2018-03-01-preview","2018-01-01-preview"]},{"resourceType":"operations","locations":[],"apiVersions":["2017-11-01-preview","2017-08-31-preview","2017-06-30-preview","2017-05-31-preview"]},{"resourceType":"startTenantBackfill","locations":[],"apiVersions":["2018-03-01-preview"]},{"resourceType":"tenantBackfillStatus","locations":[],"apiVersions":["2018-03-01-preview"]}],"registrationState":"Registered"}'}
    headers:
      cache-control: [no-cache]
      content-length: ['1300']
      content-type: [application/json; charset=utf-8]
      date: ['Thu, 24 May 2018 09:40:26 GMT']
      expires: ['-1']
      pragma: [no-cache]
      strict-transport-security: [max-age=31536000; includeSubDomains]
      vary: [Accept-Encoding]
      x-content-type-options: [nosniff]
    status: {code: 200, message: OK}
- request:
    body: null
    headers:
      Accept: ['*/*']
      Accept-Charset: [utf-8]
      Accept-Encoding: ['gzip, deflate']
      Connection: [keep-alive]
      User-Agent: [python-requests/2.18.4]
      return-client-request-id: ['true']
      x-client-CPU: [x64]
      x-client-OS: [win32]
      x-client-SKU: [Python]
      x-client-Ver: [0.6.0]
    method: GET
    uri: https://login.windows.net/common/discovery/instance?authorization_endpoint=https%3A%2F%2Flogin.windows-ppe.net%2Fb1af47f1-138c-4ed2-8bba-119041b95450%2Foauth2%2Fauthorize&api-version=1.0
  response:
    body: {string: '{"tenant_discovery_endpoint":"https://login.windows-ppe.net/b1af47f1-138c-4ed2-8bba-119041b95450/.well-known/openid-configuration"}'}
    headers:
      access-control-allow-methods: ['GET, OPTIONS']
      access-control-allow-origin: ['*']
      cache-control: [private]
      content-length: ['131']
      content-type: [application/json; charset=utf-8]
      date: ['Thu, 24 May 2018 09:40:27 GMT']
      p3p: [CP="DSP CUR OTPi IND OTRi ONL FIN"]
      server: [Microsoft-IIS/10.0]
      set-cookie: [esctx=AQABAAAAAADX8GCi6Js6SK82TsD2Pb7rxj1wOLNEO87ocWejz1pdMiDRXP1re4zUpXULlt2v09Gzarna5utG6FJX786dFxXHoZDdVbzVbMQxC0codlzdJFI4J52SlFCIYm-NWwPZENj1p6hqc9uSOAROYg9eKyvhKGVLJ0b1i63Mgjjty6X12wtKJaQOrQVSKlkej4f5aYogAA;
          domain=.login.windows.net; path=/; secure; HttpOnly, x-ms-gateway-slice=corp;
          path=/; secure; HttpOnly, stsservicecookie=ests; path=/; secure; HttpOnly]
      strict-transport-security: [max-age=31536000; includeSubDomains]
      x-content-type-options: [nosniff]
      x-powered-by: [ASP.NET]
    status: {code: 200, message: OK}
- request:
    body: null
    headers:
      Accept: [application/json]
      Accept-Encoding: ['gzip, deflate']
      Cache-Control: [no-cache]
      CommandName: [account management-group delete]
      Connection: [keep-alive]
      Content-Length: ['0']
      Content-Type: [application/json; charset=utf-8]
      User-Agent: [python/3.6.2 (Windows-10-10.0.17134-SP0) requests/2.18.4 msrest/0.4.29
          msrest_azure/0.4.31 azure-mgmt-managementgroups/2018-03-01-preview Azure-SDK-For-Python
          AZURECLI/2.0.34]
      accept-language: [en-US]
    method: DELETE
    uri: https://api-dogfood.resources.windows-int.net/providers/Microsoft.Management/managementGroups/testcligroup?api-version=2018-03-01-preview
  response:
    body: {string: '{"id":"/providers/Microsoft.Management/managementGroups/testcligroup","type":"/providers/Microsoft.Management/managementGroups","name":"testcligroup","status":"NotStarted"}'}
    headers:
      cache-control: [no-cache]
      content-length: ['172']
      content-type: [application/json; charset=utf-8]
      date: ['Thu, 24 May 2018 09:40:30 GMT']
      expires: ['-1']
      location: ['https://api-dogfood.resources.windows-int.net/providers/Microsoft.Management/operationResults/delete/managementGroups/testcligroup?api-version=2018-03-01-preview']
      pragma: [no-cache]
      request-id: [7095f2fe-a69d-4662-b611-0f9f305e884d]
      server: [Microsoft-IIS/8.5]
      strict-transport-security: [max-age=31536000; includeSubDomains]
      x-aspnet-version: [4.0.30319]
      x-ba-restapi: [1.0.3.790]
      x-content-type-options: [nosniff]
      x-ms-ratelimit-remaining-tenant-writes: ['1189']
      x-powered-by: [ASP.NET]
    status: {code: 202, message: Accepted}
- request:
    body: null
    headers:
      Accept: ['*/*']
      Accept-Charset: [utf-8]
      Accept-Encoding: ['gzip, deflate']
      Connection: [keep-alive]
      User-Agent: [python-requests/2.18.4]
      return-client-request-id: ['true']
      x-client-CPU: [x64]
      x-client-OS: [win32]
      x-client-SKU: [Python]
      x-client-Ver: [0.6.0]
    method: GET
    uri: https://login.windows.net/common/discovery/instance?authorization_endpoint=https%3A%2F%2Flogin.windows-ppe.net%2Fb1af47f1-138c-4ed2-8bba-119041b95450%2Foauth2%2Fauthorize&api-version=1.0
  response:
    body: {string: '{"tenant_discovery_endpoint":"https://login.windows-ppe.net/b1af47f1-138c-4ed2-8bba-119041b95450/.well-known/openid-configuration"}'}
    headers:
      access-control-allow-methods: ['GET, OPTIONS']
      access-control-allow-origin: ['*']
      cache-control: [private]
      content-length: ['131']
      content-type: [application/json; charset=utf-8]
      date: ['Thu, 24 May 2018 09:40:41 GMT']
      p3p: [CP="DSP CUR OTPi IND OTRi ONL FIN"]
      server: [Microsoft-IIS/10.0]
      set-cookie: [esctx=AQABAAAAAADX8GCi6Js6SK82TsD2Pb7rIGsb0xS1jRjAH6Uk2HghabxIqsus1J_YMZj_abn9KPZ36utdWHYS446bOXyUazrBXYwkzWm-Zztm0zX3aKCo8iz1bmH4skLm3MD4YTosizFtuiYCnVSGn3myczVLZ4N_OAHXPVJc7Yn0w8FbsSvaNIZ0Z0WnOZs2R1YsQcMQwdggAA;
          domain=.login.windows.net; path=/; secure; HttpOnly, x-ms-gateway-slice=corp;
          path=/; secure; HttpOnly, stsservicecookie=ests; path=/; secure; HttpOnly]
      strict-transport-security: [max-age=31536000; includeSubDomains]
      x-content-type-options: [nosniff]
      x-powered-by: [ASP.NET]
    status: {code: 200, message: OK}
- request:
    body: null
    headers:
      Accept: [application/json]
      Accept-Encoding: ['gzip, deflate']
      CommandName: [account management-group delete]
      Connection: [keep-alive]
      User-Agent: [python/3.6.2 (Windows-10-10.0.17134-SP0) requests/2.18.4 msrest/0.4.29
          msrest_azure/0.4.31 azure-mgmt-managementgroups/2018-03-01-preview Azure-SDK-For-Python
          AZURECLI/2.0.34]
    method: GET
    uri: https://api-dogfood.resources.windows-int.net/providers/Microsoft.Management/operationResults/delete/managementGroups/testcligroup?api-version=2018-03-01-preview
  response:
    body: {string: '{"id":"/providers/Microsoft.Management/managementGroups/testcligroup","type":"/providers/Microsoft.Management/managementGroups","name":"testcligroup","status":"Succeeded"}'}
    headers:
      cache-control: [no-cache]
      content-length: ['171']
      content-type: [application/json; charset=utf-8]
      date: ['Thu, 24 May 2018 09:40:43 GMT']
      expires: ['-1']
      pragma: [no-cache]
      request-id: [f13dc1e4-6701-4cc2-a544-c974436d3b55]
      server: [Microsoft-IIS/8.5]
      strict-transport-security: [max-age=31536000; includeSubDomains]
      transfer-encoding: [chunked]
      vary: ['Accept-Encoding,Accept-Encoding']
      x-aspnet-version: [4.0.30319]
      x-ba-restapi: [1.0.3.790]
      x-content-type-options: [nosniff]
      x-powered-by: [ASP.NET]
    status: {code: 200, message: OK}
version: 1
