interactions:
- request:
    body: '{"tags": {"product": "azurecli", "cause": "automation", "date": "2018-11-29T06:26:08Z"},
      "location": "westus"}'
    headers:
      Accept: [application/json]
      Accept-Encoding: ['gzip, deflate']
      CommandName: [group create]
      Connection: [keep-alive]
      Content-Length: ['110']
      Content-Type: [application/json; charset=utf-8]
      ParameterSetName: [--location --name --tag]
      User-Agent: [python/3.5.2 (Windows-10-10.0.15063-SP0) msrest/0.6.2 msrest_azure/0.4.34
          resourcemanagementclient/2.0.0 Azure-SDK-For-Python AZURECLI/2.0.52]
      accept-language: [en-US]
    method: PUT
    uri: https://management.azure.com/subscriptions/00000000-0000-0000-0000-000000000000/resourcegroups/clitest.rg000001?api-version=2018-05-01
  response:
    body: {string: '{"id":"/subscriptions/00000000-0000-0000-0000-000000000000/resourceGroups/clitest.rg000001","name":"clitest.rg000001","location":"westus","tags":{"product":"azurecli","cause":"automation","date":"2018-11-29T06:26:08Z"},"properties":{"provisioningState":"Succeeded"}}'}
    headers:
      cache-control: [no-cache]
      content-length: ['274']
      content-type: [application/json; charset=utf-8]
      date: ['Thu, 29 Nov 2018 06:26:08 GMT']
      expires: ['-1']
      pragma: [no-cache]
      strict-transport-security: [max-age=31536000; includeSubDomains]
      x-content-type-options: [nosniff]
      x-ms-ratelimit-remaining-subscription-writes: ['1199']
    status: {code: 201, message: Created}
- request:
    body: 'b''{"location": "global", "sku": {"name": "F0"}, "properties": {"displayName":
      "cli000002", "msaAppId": "c1a6f6f9-aff5-4103-bd94-698386cd19db", "endpoint":
      "https://www.google.com/api/messages"}, "kind": "bot"}'''
    headers:
      Accept: [application/json]
      Accept-Encoding: ['gzip, deflate']
      CommandName: [bot create]
      Connection: [keep-alive]
      Content-Length: ['208']
      Content-Type: [application/json; charset=utf-8]
      ParameterSetName: [-k -g -n -e --appid]
      User-Agent: [python/3.5.2 (Windows-10-10.0.15063-SP0) msrest/0.6.2 msrest_azure/0.4.34
          azure-mgmt-botservice/0.1.0 Azure-SDK-For-Python AZURECLI/2.0.52]
      accept-language: [en-US]
    method: PUT
    uri: https://management.azure.com/subscriptions/00000000-0000-0000-0000-000000000000/resourceGroups/clitest.rg000001/providers/Microsoft.BotService/botServices/cli000002?api-version=2018-07-12
  response:
    body: {string: '{"id":"/subscriptions/00000000-0000-0000-0000-000000000000/resourceGroups/clitest.rg000001/providers/Microsoft.BotService/botServices/cli000002","name":"cli000002","type":"Microsoft.BotService/botServices","etag":"W/\"datetime''2018-11-29T06%3A26%3A11.2888722Z''\"","location":"global","sku":{"name":"F0"},"kind":"bot","tags":{},"properties":{"displayName":"cli000002","description":"","iconUrl":"https://docs.botframework.com/static/devportal/client/images/bot-framework-default.png","endpoint":"https://www.google.com/api/messages","msaAppId":"c1a6f6f9-aff5-4103-bd94-698386cd19db","developerAppInsightKey":"","developerAppInsightsApplicationId":"","luisAppIds":[],"endpointVersion":"3.0","configuredChannels":["webchat"],"enabledChannels":["webchat","directline"],"isDeveloperAppInsightsApiKeySet":false,"publishingCredentials":null,"parameters":null,"allSettings":null,"manifestUrl":"","storageResourceId":null,"provisioningState":"Succeeded"}}'}
    headers:
      cache-control: [no-cache]
      content-length: ['953']
      content-type: [application/json; charset=utf-8]
      date: ['Thu, 29 Nov 2018 06:26:11 GMT']
      etag: [W/"datetime'2018-11-29T06%3A26%3A11.2888722Z'"]
      expires: ['-1']
      pragma: [no-cache]
      server: [Microsoft-IIS/10.0]
      strict-transport-security: [max-age=31536000; includeSubDomains]
      x-content-type-options: [nosniff]
      x-ms-ratelimit-remaining-subscription-writes: ['1197']
    status: {code: 201, message: Created}
- request:
    body: '{"location": "global", "properties": {"properties": {"enableCalling": true,
      "isEnabled": true, "callingWebHook": "https://www.google.com"}, "channelName":
      "MsTeamsChannel"}}'
    headers:
      Accept: [application/json]
      Accept-Encoding: ['gzip, deflate']
      CommandName: [bot msteams create]
      Connection: [keep-alive]
      Content-Length: ['173']
      Content-Type: [application/json; charset=utf-8]
      ParameterSetName: [-g -n --enable-calling --calling-web-hook]
      User-Agent: [python/3.5.2 (Windows-10-10.0.15063-SP0) msrest/0.6.2 msrest_azure/0.4.34
          azure-mgmt-botservice/0.1.0 Azure-SDK-For-Python AZURECLI/2.0.52]
      accept-language: [en-US]
    method: PUT
    uri: https://management.azure.com/subscriptions/00000000-0000-0000-0000-000000000000/resourceGroups/clitest.rg000001/providers/Microsoft.BotService/botServices/cli000002/channels/MsTeamsChannel?api-version=2018-07-12
  response:
    body: {string: '{"id":"/subscriptions/00000000-0000-0000-0000-000000000000/resourceGroups/clitest.rg000001/providers/Microsoft.BotService/botServices/cli000002/channels/MsTeamsChannel","name":"cli000002/MsTeamsChannel","type":"Microsoft.BotService/botServices/channels","etag":"W/\"57f00d83402759e31535564aadaea66111/29/2018
        6:26:14 AM\"","location":"global","properties":{"properties":{"enableCalling":true,"incomingCallRoute":null,"callingWebhook":"https://www.google.com","isEnabled":true},"etag":"W/\"57f00d83402759e31535564aadaea66111/29/2018
        6:26:14 AM\"","channelName":"MsTeamsChannel","location":"global","provisioningState":"Accepted"}}'}
    headers:
      cache-control: [no-cache]
      content-length: ['635']
      content-type: [application/json; charset=utf-8]
      date: ['Thu, 29 Nov 2018 06:26:13 GMT']
      etag: ['W/"57f00d83402759e31535564aadaea66111/29/2018 6:26:14 AM"']
      expires: ['-1']
      pragma: [no-cache]
      server: [Microsoft-IIS/10.0]
      strict-transport-security: [max-age=31536000; includeSubDomains]
      transfer-encoding: [chunked]
      vary: ['Accept-Encoding,Accept-Encoding']
      x-content-type-options: [nosniff]
      x-ms-ratelimit-remaining-subscription-writes: ['1198']
    status: {code: 200, message: OK}
- request:
    body: null
    headers:
      Accept: [application/json]
      Accept-Encoding: ['gzip, deflate']
      CommandName: [bot msteams show]
      Connection: [keep-alive]
      ParameterSetName: [-g -n]
      User-Agent: [python/3.5.2 (Windows-10-10.0.15063-SP0) msrest/0.6.2 msrest_azure/0.4.34
          azure-mgmt-botservice/0.1.0 Azure-SDK-For-Python AZURECLI/2.0.52]
      accept-language: [en-US]
    method: GET
    uri: https://management.azure.com/subscriptions/00000000-0000-0000-0000-000000000000/resourceGroups/clitest.rg000001/providers/Microsoft.BotService/botServices/cli000002/channels/MsTeamsChannel?api-version=2018-07-12
  response:
    body: {string: '{"id":"/subscriptions/00000000-0000-0000-0000-000000000000/resourceGroups/clitest.rg000001/providers/Microsoft.BotService/botServices/cli000002/channels/MsTeamsChannel","name":"cli000002/MsTeamsChannel","type":"Microsoft.BotService/botServices/channels","etag":"W/\"67cbfd001c09c8d3643a1068b0b4929611/29/2018
        6:26:14 AM\"","location":"global","properties":{"properties":{"enableCalling":true,"incomingCallRoute":null,"callingWebhook":"https://www.google.com/","isEnabled":true},"etag":"W/\"67cbfd001c09c8d3643a1068b0b4929611/29/2018
        6:26:14 AM\"","channelName":"MsTeamsChannel","location":"global","provisioningState":"Succeeded"}}'}
    headers:
      cache-control: [no-cache]
      content-length: ['637']
      content-type: [application/json; charset=utf-8]
      date: ['Thu, 29 Nov 2018 06:26:14 GMT']
      etag: ['W/"67cbfd001c09c8d3643a1068b0b4929611/29/2018 6:26:14 AM"']
      expires: ['-1']
      pragma: [no-cache]
      server: [Microsoft-IIS/10.0]
      strict-transport-security: [max-age=31536000; includeSubDomains]
      transfer-encoding: [chunked]
      vary: ['Accept-Encoding,Accept-Encoding']
      x-content-type-options: [nosniff]
    status: {code: 200, message: OK}
- request:
    body: null
    headers:
      Accept: [application/json]
      Accept-Encoding: ['gzip, deflate']
      CommandName: [bot msteams show]
      Connection: [keep-alive]
      Content-Length: ['0']
      ParameterSetName: [-g -n --with-secrets]
      User-Agent: [python/3.5.2 (Windows-10-10.0.15063-SP0) msrest/0.6.2 msrest_azure/0.4.34
          azure-mgmt-botservice/0.1.0 Azure-SDK-For-Python AZURECLI/2.0.52]
      accept-language: [en-US]
    method: POST
    uri: https://management.azure.com/subscriptions/00000000-0000-0000-0000-000000000000/resourceGroups/clitest.rg000001/providers/Microsoft.BotService/botServices/cli000002/channels/MsTeamsChannel/listChannelWithKeys?api-version=2018-07-12
  response:
    body: {string: '{"id":"/subscriptions/00000000-0000-0000-0000-000000000000/resourceGroups/clitest.rg000001/providers/Microsoft.BotService/botServices/cli000002/channels/MsTeamsChannel","location":"global","properties":{"properties":{"enableCalling":true,"incomingCallRoute":null,"callingWebhook":"https://www.google.com/","isEnabled":true},"etag":"W/\"67cbfd001c09c8d3643a1068b0b4929611/29/2018
        6:26:15 AM\"","channelName":"MsTeamsChannel","location":"global"},"provisioningState":"Succeeded","entityTag":"W/\"9ea06999c07c93d344b8d080b0e4aee111/29/2018
        6:26:15 AM\"","changedTime":"0001-01-01T00:00:00Z"}'}
    headers:
      cache-control: [no-cache]
      content-length: ['593']
      content-type: [application/json; charset=utf-8]
      date: ['Thu, 29 Nov 2018 06:26:15 GMT']
      expires: ['-1']
      pragma: [no-cache]
      server: [Microsoft-IIS/10.0]
      strict-transport-security: [max-age=31536000; includeSubDomains]
      transfer-encoding: [chunked]
      vary: ['Accept-Encoding,Accept-Encoding']
      x-content-type-options: [nosniff]
      x-ms-ratelimit-remaining-subscription-writes: ['1197']
    status: {code: 200, message: OK}
- request:
    body: null
    headers:
      Accept: [application/json]
      Accept-Encoding: ['gzip, deflate']
      CommandName: [bot msteams delete]
      Connection: [keep-alive]
      Content-Length: ['0']
      ParameterSetName: [-g -n]
      User-Agent: [python/3.5.2 (Windows-10-10.0.15063-SP0) msrest/0.6.2 msrest_azure/0.4.34
          azure-mgmt-botservice/0.1.0 Azure-SDK-For-Python AZURECLI/2.0.52]
      accept-language: [en-US]
    method: DELETE
    uri: https://management.azure.com/subscriptions/00000000-0000-0000-0000-000000000000/resourceGroups/clitest.rg000001/providers/Microsoft.BotService/botServices/cli000002/channels/MsTeamsChannel?api-version=2018-07-12
  response:
    body: {string: ''}
    headers:
      cache-control: [no-cache]
      content-length: ['0']
      date: ['Thu, 29 Nov 2018 06:26:17 GMT']
      expires: ['-1']
      pragma: [no-cache]
      server: [Microsoft-IIS/10.0]
      strict-transport-security: [max-age=31536000; includeSubDomains]
      x-content-type-options: [nosniff]
      x-ms-ratelimit-remaining-subscription-deletes: ['14999']
    status: {code: 200, message: OK}
- request:
    body: null
    headers:
      Accept: [application/json]
      Accept-Encoding: ['gzip, deflate']
      CommandName: [group delete]
      Connection: [keep-alive]
      Content-Length: ['0']
      Content-Type: [application/json; charset=utf-8]
      ParameterSetName: [--name --yes --no-wait]
      User-Agent: [python/3.5.2 (Windows-10-10.0.15063-SP0) msrest/0.6.2 msrest_azure/0.4.34
          resourcemanagementclient/2.0.0 Azure-SDK-For-Python AZURECLI/2.0.52]
      accept-language: [en-US]
    method: DELETE
    uri: https://management.azure.com/subscriptions/00000000-0000-0000-0000-000000000000/resourcegroups/clitest.rg000001?api-version=2018-05-01
  response:
    body: {string: ''}
    headers:
      cache-control: [no-cache]
      content-length: ['0']
      date: ['Thu, 29 Nov 2018 06:26:19 GMT']
      expires: ['-1']
      location: ['https://management.azure.com/subscriptions/00000000-0000-0000-0000-000000000000/operationresults/eyJqb2JJZCI6IlJFU09VUkNFR1JPVVBERUxFVElPTkpPQi1DTElURVNUOjJFUkdXSFdGQUlUNFA0LVdFU1RVUyIsImpvYkxvY2F0aW9uIjoid2VzdHVzIn0?api-version=2018-05-01']
      pragma: [no-cache]
      strict-transport-security: [max-age=31536000; includeSubDomains]
      x-content-type-options: [nosniff]
      x-ms-ratelimit-remaining-subscription-deletes: ['14998']
    status: {code: 202, message: Accepted}
version: 1
