interactions:
- request:
    body: '{"location": "westus", "tags": {"product": "azurecli", "cause": "automation",
      "date": "2019-02-06T03:45:16Z"}}'
    headers:
      Accept: [application/json]
      Accept-Encoding: ['gzip, deflate']
      CommandName: [group create]
      Connection: [keep-alive]
      Content-Length: ['110']
      Content-Type: [application/json; charset=utf-8]
      ParameterSetName: [--location --name --tag]
      User-Agent: [python/3.7.0 (Windows-10-10.0.17763-SP0) msrest/0.6.4 msrest_azure/0.4.34
          resourcemanagementclient/2.1.0 Azure-SDK-For-Python AZURECLI/2.0.58]
      accept-language: [en-US]
    method: PUT
    uri: https://management.azure.com/subscriptions/00000000-0000-0000-0000-000000000000/resourcegroups/clitest.rg000001?api-version=2018-05-01
  response:
    body: {string: '{"id":"/subscriptions/00000000-0000-0000-0000-000000000000/resourceGroups/clitest.rg000001","name":"clitest.rg000001","location":"westus","tags":{"product":"azurecli","cause":"automation","date":"2019-02-06T03:45:16Z"},"properties":{"provisioningState":"Succeeded"}}'}
    headers:
      cache-control: [no-cache]
      content-length: ['274']
      content-type: [application/json; charset=utf-8]
      date: ['Wed, 06 Feb 2019 03:45:17 GMT']
      expires: ['-1']
      pragma: [no-cache]
      strict-transport-security: [max-age=31536000; includeSubDomains]
      x-content-type-options: [nosniff]
      x-ms-ratelimit-remaining-subscription-writes: ['1198']
    status: {code: 201, message: Created}
- request:
    body: null
    headers:
      Accept: [application/json]
      Accept-Encoding: ['gzip, deflate']
      CommandName: [bot delete]
      Connection: [keep-alive]
      Content-Length: ['0']
      ParameterSetName: [-g -n]
      User-Agent: [python/3.7.0 (Windows-10-10.0.17763-SP0) msrest/0.6.4 msrest_azure/0.4.34
          azure-mgmt-botservice/0.1.0 Azure-SDK-For-Python AZURECLI/2.0.58]
      accept-language: [en-US]
    method: DELETE
    uri: https://management.azure.com/subscriptions/00000000-0000-0000-0000-000000000000/resourceGroups/clitest.rg000001/providers/Microsoft.BotService/botServices/cli000002?api-version=2018-07-12
  response:
    body: {string: ''}
    headers:
      cache-control: [no-cache]
      date: ['Wed, 06 Feb 2019 03:45:17 GMT']
      expires: ['-1']
      pragma: [no-cache]
      strict-transport-security: [max-age=31536000; includeSubDomains]
      x-content-type-options: [nosniff]
      x-ms-ratelimit-remaining-subscription-deletes: ['14999']
    status: {code: 204, message: No Content}
- request:
    body: null
    headers:
      Accept: [application/json]
      Accept-Encoding: ['gzip, deflate']
      CommandName: [bot delete]
      Connection: [keep-alive]
      ParameterSetName: [-g -n]
      User-Agent: [python/3.7.0 (Windows-10-10.0.17763-SP0) msrest/0.6.4 msrest_azure/0.4.34
          subscriptionclient/2.1.0 Azure-SDK-For-Python AZURECLI/2.0.58]
      accept-language: [en-US]
    method: GET
    uri: https://management.azure.com/subscriptions/00000000-0000-0000-0000-000000000000/locations?api-version=2016-06-01
  response:
    body: {string: '{"value":[{"id":"/subscriptions/00000000-0000-0000-0000-000000000000/locations/eastasia","name":"eastasia","displayName":"East
        Asia","longitude":"114.188","latitude":"22.267"},{"id":"/subscriptions/00000000-0000-0000-0000-000000000000/locations/southeastasia","name":"southeastasia","displayName":"Southeast
        Asia","longitude":"103.833","latitude":"1.283"},{"id":"/subscriptions/00000000-0000-0000-0000-000000000000/locations/centralus","name":"centralus","displayName":"Central
        US","longitude":"-93.6208","latitude":"41.5908"},{"id":"/subscriptions/00000000-0000-0000-0000-000000000000/locations/eastus","name":"eastus","displayName":"East
        US","longitude":"-79.8164","latitude":"37.3719"},{"id":"/subscriptions/00000000-0000-0000-0000-000000000000/locations/eastus2","name":"eastus2","displayName":"East
        US 2","longitude":"-78.3889","latitude":"36.6681"},{"id":"/subscriptions/00000000-0000-0000-0000-000000000000/locations/westus","name":"westus","displayName":"West
        US","longitude":"-122.417","latitude":"37.783"},{"id":"/subscriptions/00000000-0000-0000-0000-000000000000/locations/northcentralus","name":"northcentralus","displayName":"North
        Central US","longitude":"-87.6278","latitude":"41.8819"},{"id":"/subscriptions/00000000-0000-0000-0000-000000000000/locations/southcentralus","name":"southcentralus","displayName":"South
        Central US","longitude":"-98.5","latitude":"29.4167"},{"id":"/subscriptions/00000000-0000-0000-0000-000000000000/locations/northeurope","name":"northeurope","displayName":"North
        Europe","longitude":"-6.2597","latitude":"53.3478"},{"id":"/subscriptions/00000000-0000-0000-0000-000000000000/locations/westeurope","name":"westeurope","displayName":"West
        Europe","longitude":"4.9","latitude":"52.3667"},{"id":"/subscriptions/00000000-0000-0000-0000-000000000000/locations/japanwest","name":"japanwest","displayName":"Japan
        West","longitude":"135.5022","latitude":"34.6939"},{"id":"/subscriptions/00000000-0000-0000-0000-000000000000/locations/japaneast","name":"japaneast","displayName":"Japan
        East","longitude":"139.77","latitude":"35.68"},{"id":"/subscriptions/00000000-0000-0000-0000-000000000000/locations/brazilsouth","name":"brazilsouth","displayName":"Brazil
        South","longitude":"-46.633","latitude":"-23.55"},{"id":"/subscriptions/00000000-0000-0000-0000-000000000000/locations/australiaeast","name":"australiaeast","displayName":"Australia
        East","longitude":"151.2094","latitude":"-33.86"},{"id":"/subscriptions/00000000-0000-0000-0000-000000000000/locations/australiasoutheast","name":"australiasoutheast","displayName":"Australia
        Southeast","longitude":"144.9631","latitude":"-37.8136"},{"id":"/subscriptions/00000000-0000-0000-0000-000000000000/locations/southindia","name":"southindia","displayName":"South
        India","longitude":"80.1636","latitude":"12.9822"},{"id":"/subscriptions/00000000-0000-0000-0000-000000000000/locations/centralindia","name":"centralindia","displayName":"Central
        India","longitude":"73.9197","latitude":"18.5822"},{"id":"/subscriptions/00000000-0000-0000-0000-000000000000/locations/westindia","name":"westindia","displayName":"West
        India","longitude":"72.868","latitude":"19.088"},{"id":"/subscriptions/00000000-0000-0000-0000-000000000000/locations/canadacentral","name":"canadacentral","displayName":"Canada
        Central","longitude":"-79.383","latitude":"43.653"},{"id":"/subscriptions/00000000-0000-0000-0000-000000000000/locations/canadaeast","name":"canadaeast","displayName":"Canada
        East","longitude":"-71.217","latitude":"46.817"},{"id":"/subscriptions/00000000-0000-0000-0000-000000000000/locations/uksouth","name":"uksouth","displayName":"UK
        South","longitude":"-0.799","latitude":"50.941"},{"id":"/subscriptions/00000000-0000-0000-0000-000000000000/locations/ukwest","name":"ukwest","displayName":"UK
        West","longitude":"-3.084","latitude":"53.427"},{"id":"/subscriptions/00000000-0000-0000-0000-000000000000/locations/westcentralus","name":"westcentralus","displayName":"West
        Central US","longitude":"-110.234","latitude":"40.890"},{"id":"/subscriptions/00000000-0000-0000-0000-000000000000/locations/westus2","name":"westus2","displayName":"West
        US 2","longitude":"-119.852","latitude":"47.233"},{"id":"/subscriptions/00000000-0000-0000-0000-000000000000/locations/koreacentral","name":"koreacentral","displayName":"Korea
        Central","longitude":"126.9780","latitude":"37.5665"},{"id":"/subscriptions/00000000-0000-0000-0000-000000000000/locations/koreasouth","name":"koreasouth","displayName":"Korea
        South","longitude":"129.0756","latitude":"35.1796"},{"id":"/subscriptions/00000000-0000-0000-0000-000000000000/locations/francecentral","name":"francecentral","displayName":"France
        Central","longitude":"2.3730","latitude":"46.3772"},{"id":"/subscriptions/00000000-0000-0000-0000-000000000000/locations/francesouth","name":"francesouth","displayName":"France
        South","longitude":"2.1972","latitude":"43.8345"},{"id":"/subscriptions/00000000-0000-0000-0000-000000000000/locations/australiacentral","name":"australiacentral","displayName":"Australia
        Central","longitude":"149.1244","latitude":"-35.3075"},{"id":"/subscriptions/00000000-0000-0000-0000-000000000000/locations/australiacentral2","name":"australiacentral2","displayName":"Australia
        Central 2","longitude":"149.1244","latitude":"-35.3075"}]}'}
    headers:
      cache-control: [no-cache]
      content-length: ['5269']
      content-type: [application/json; charset=utf-8]
      date: ['Wed, 06 Feb 2019 03:45:17 GMT']
      expires: ['-1']
      pragma: [no-cache]
      strict-transport-security: [max-age=31536000; includeSubDomains]
      vary: [Accept-Encoding]
      x-content-type-options: [nosniff]
    status: {code: 200, message: OK}
- request:
    body: null
    headers:
      Accept: ['*/*']
      Accept-Encoding: ['gzip, deflate']
      Connection: [keep-alive]
      User-Agent: [python-requests/2.21.0]
    method: GET
    uri: https://dev.botframework.com/api/misc/botFileEncryptionKey
  response:
    body: {string: '"T6Xs33EdTjj7zlfx/FZ7SzLe+XkMs6noPCkQBxPMp50="'}
    headers:
      cache-control: ['must-revalidate, no-cache']
      content-length: ['46']
      content-type: [application/json; charset=utf-8]
      date: ['Wed, 06 Feb 2019 03:45:18 GMT']
      server: [Microsoft-IIS/10.0]
      strict-transport-security: [max-age=31536000]
      vary: [Accept-Encoding]
      x-content-type-options: [nosniff]
    status: {code: 200, message: OK}
- request:
    body: 'b''b\''{"properties": {"template": {"$schema": "http://schema.management.azure.com/schemas/2015-01-01/deploymentTemplate.json#",
      "contentVersion": "1.0.0.0", "parameters": {"botEnv": {"type": "string", "defaultValue":
      "prod"}, "botId": {"type": "string"}, "description": {"type": "string", "defaultValue":
      ""}, "location": {"type": "string"}, "sku": {"type": "string"}, "kind": {"type":
      "string"}, "siteName": {"type": "string"}, "createNewStorage": {"type": "bool"},
      "storageAccountName": {"type": "string"}, "storageAccountResourceId": {"type":
      "string", "defaultValue": ""}, "appId": {"type": "string", "defaultValue": "1234"},
      "appSecret": {"type": "string", "defaultValue": "blank"}, "azureWebJobsBotFrameworkDirectLineSecret":
      {"type": "string", "defaultValue": ""}, "zipUrl": {"type": "string", "defaultValue":
      ""}, "proactiveZipUrl": {"type": "string", "defaultValue": ""}, "useAppInsights":
      {"type": "bool"}, "appInsightsLocation": {"type": "string"}, "serverFarmId":
      {"type": "string"}, "createServerFarm": {"type": "bool"}, "serverFarmLocation":
      {"type": "string", "defaultValue": ""}, "serverFarmSku": {"type": "object",
      "defaultValue": {"name": "S1", "tier": "Standard", "size": "S1", "family": "S",
      "capacity": 1}}, "endpoint": {"type": "string", "defaultValue": ""}, "luisApiLocation":
      {"type": "string", "defaultValue": "Global"}, "botFileEncryptionKey": {"type":
      "string", "defaultValue": ""}}, "variables": {"storageAccountType": "Standard_LRS",
      "storageAccountId": "[if(or(parameters(\\\''createNewStorage\\\''), equals(\\\''\\\'',
      parameters(\\\''storageAccountResourceId\\\''))), resourceId(\\\''Microsoft.Storage/storageAccounts\\\'',
      parameters(\\\''storageAccountName\\\'')), parameters(\\\''storageAccountResourceId\\\''))]",
      "serverFarmName": "[last(split(parameters(\\\''serverFarmId\\\''), \\\''/\\\''))]",
      "myWorkerSize": 0, "proactiveFunctionName": "[concat(parameters(\\\''siteName\\\''),
      \\\''-function\\\'')]", "insightsName": "[parameters(\\\''botId\\\'')]", "config":
      {"scratch": {"stateEndpoint": "https://intercom-api-scratch.azurewebsites.net",
      "azureWebJobsBotFrameworkDirectLineEndpoint": "https://directline.scratch.botframework.com/",
      "blobStoreName": "icscratch", "openIdMetadata": "https://intercom-api-ppe.azurewebsites.net/v1/.well-known/openidconfiguration"},
      "ppe": {"stateEndpoint": "https://intercom-api-ppe.azurewebsites.net", "azureWebJobsBotFrameworkDirectLineEndpoint":
      "https://directline.ppe.botframework.com/", "blobStoreName": "intercomppe",
      "openIdMetadata": "https://intercom-api-ppe.azurewebsites.net/v1/.well-known/openidconfiguration"},
      "prod": {"stateEndpoint": "", "azureWebJobsBotFrameworkDirectLineEndpoint":
      "https://directline.botframework.com/", "blobStoreName": "connectorprod", "openIdMetadata":
      ""}}, "botAppKinds": {"function": "functionapp", "sdk": "app", "designer": "app",
      "bot": ""}, "botAppKind": "[variables(\\\''botAppKinds\\\'')[parameters(\\\''kind\\\'')]]",
      "currentConfig": "[variables(\\\''config\\\'')[toLower(parameters(\\\''botEnv\\\''))]]",
      "siteHost": "[concat(parameters(\\\''siteName\\\''), \\\''.azurewebsites.net\\\'')]",
      "botEndpointConfig": {"bot": "[parameters(\\\''endpoint\\\'')]", "sdk": "[concat(\\\''https://\\\'',
      variables(\\\''siteHost\\\''), \\\''/api/messages\\\'')]", "designer": "[concat(\\\''https://\\\'',
      variables(\\\''siteHost\\\''), \\\''/api/messages\\\'')]", "function": "[concat(\\\''https://\\\'',
      variables(\\\''siteHost\\\''), \\\''/api/messages?code=\\\'', \\\''NYI\\\'')]"},
      "botEndpoint": "[variables(\\\''botEndpointConfig\\\'')[parameters(\\\''kind\\\'')]]",
      "luisApiName": "", "luisApiResId": "[resourceId(\\\''Microsoft.CognitiveServices/accounts/\\\'',
      variables(\\\''luisApiName\\\''))]"}, "resources": [{"name": "[if(equals(\\\''\\\'',
      variables(\\\''luisApiName\\\'')), \\\''nosuch\\\'', variables(\\\''luisApiName\\\''))]",
      "apiVersion": "2017-04-18", "condition": "[not(equals(variables(\\\''luisApiName\\\''),
      \\\''\\\''))]", "type": "Microsoft.CognitiveServices/accounts", "location":
      "[parameters(\\\''luisApiLocation\\\'')]", "sku": {"name": "F0"}, "kind": "LUIS",
      "properties": {}}, {"type": "Microsoft.Storage/storageAccounts", "condition":
      "[parameters(\\\''createNewStorage\\\'')]", "name": "[parameters(\\\''storageAccountName\\\'')]",
      "apiVersion": "2015-05-01-preview", "location": "[parameters(\\\''location\\\'')]",
      "properties": {"accountType": "[variables(\\\''storageAccountType\\\'')]"}},
      {"type": "Microsoft.Web/serverfarms", "condition": "[parameters(\\\''createServerFarm\\\'')]",
      "name": "[variables(\\\''serverFarmName\\\'')]", "apiVersion": "2016-09-01",
      "location": "[parameters(\\\''serverFarmLocation\\\'')]", "sku": "[parameters(\\\''serverFarmSku\\\'')]",
      "properties": {"name": "[variables(\\\''serverFarmName\\\'')]"}}, {"name": "[variables(\\\''insightsName\\\'')]",
      "type": "microsoft.insights/components", "kind": "web", "apiVersion": "2014-04-01",
      "condition": "[parameters(\\\''useAppInsights\\\'')]", "location": "[parameters(\\\''appInsightsLocation\\\'')]",
      "tags": {"[concat(\\\''hidden-link:\\\'', resourceId(\\\''Microsoft.BotService/botServices/\\\'',
      parameters(\\\''botId\\\'')))]": "Resource", "[concat(\\\''hidden-link:\\\'',
      resourceId(\\\''Microsoft.Web/sites/\\\'', parameters(\\\''siteName\\\'')))]":
      "Resource"}, "properties": {"ApplicationId": "[parameters(\\\''botId\\\'')]"}},
      {"name": "[parameters(\\\''siteName\\\'')]", "type": "Microsoft.Web/sites",
      "apiVersion": "2015-08-01", "condition": "[not(equals(parameters(\\\''zipUrl\\\''),
      \\\''\\\''))]", "location": "[parameters(\\\''location\\\'')]", "kind": "[variables(\\\''botAppKind\\\'')]",
      "dependsOn": ["[resourceId(\\\''Microsoft.Storage/storageAccounts/\\\'', parameters(\\\''storageAccountName\\\''))]",
      "[parameters(\\\''serverFarmId\\\'')]"], "properties": {"name": "[parameters(\\\''siteName\\\'')]",
      "serverFarmId": "[parameters(\\\''serverFarmId\\\'')]", "siteConfig": {"appSettings":
      [{"name": "AzureWebJobsStorage", "value": "[concat(\\\''DefaultEndpointsProtocol=https;AccountName=\\\'',parameters(\\\''storageAccountName\\\''),\\\'';AccountKey=\\\'',listkeys(variables(\\\''storageAccountId\\\''),
      \\\''2015-05-01-preview\\\'').key1,\\\'';\\\'')]"}, {"name": "AzureWebJobsDashboard",
      "value": "[concat(\\\''DefaultEndpointsProtocol=https;AccountName=\\\'',parameters(\\\''storageAccountName\\\''),\\\'';AccountKey=\\\'',listkeys(variables(\\\''storageAccountId\\\''),
      \\\''2015-05-01-preview\\\'').key1,\\\'';\\\'')]"}, {"name": "WEBSITE_NODE_DEFAULT_VERSION",
      "value": "10.14.1"}, {"name": "BotEnv", "value": "[parameters(\\\''botEnv\\\'')]"},
      {"name": "BotOpenIdMetadata", "value": "[variables(\\\''currentConfig\\\'').openIdMetadata]"},
      {"name": "botFilePath", "value": "[concat(\\\''./\\\'', parameters(\\\''botId\\\''),
      \\\''.bot\\\'')]"}, {"name": "botFileSecret", "value": "[parameters(\\\''botFileEncryptionKey\\\'')]"}],
      "cors": {"allowedOrigins": ["https://botservice.hosting.portal.azure.net", "https://hosting.onecloud.azure-test.net/"]}}},
      "resources": [{"name": "MSDeploy", "type": "Extensions", "apiVersion": "2015-02-01",
      "condition": "[not(equals(parameters(\\\''zipUrl\\\''), \\\''\\\''))]", "dependsOn":
      ["[concat(\\\''Microsoft.Web/Sites/\\\'', parameters(\\\''siteName\\\''))]"],
      "properties": {"packageUri": "[parameters(\\\''zipUrl\\\'')]", "dbType": "None",
      "connectionString": "", "setParameters": {"IIS Web Application Name": "[parameters(\\\''siteName\\\'')]"}}}]},
      {"apiVersion": "2016-03-01", "type": "Microsoft.Web/sites", "condition": "[not(equals(parameters(\\\''proactiveZipUrl\\\''),
      \\\''\\\''))]", "name": "[variables(\\\''proactiveFunctionName\\\'')]", "location":
      "[parameters(\\\''location\\\'')]", "kind": "functionapp", "dependsOn": ["[resourceId(\\\''Microsoft.Storage/storageAccounts/\\\'',
      parameters(\\\''storageAccountName\\\''))]", "[parameters(\\\''serverFarmId\\\'')]"],
      "properties": {"siteConfig": {"appSettings": [{"name": "AzureWebJobsDashboard",
      "value": "[concat(\\\''DefaultEndpointsProtocol=https;AccountName=\\\'',parameters(\\\''storageAccountName\\\''),\\\'';AccountKey=\\\'',listkeys(variables(\\\''storageAccountId\\\''),
      \\\''2015-05-01-preview\\\'').key1,\\\'';\\\'')]"}, {"name": "AzureWebJobsStorage",
      "value": "[concat(\\\''DefaultEndpointsProtocol=https;AccountName=\\\'',parameters(\\\''storageAccountName\\\''),\\\'';AccountKey=\\\'',listkeys(variables(\\\''storageAccountId\\\''),
      \\\''2015-05-01-preview\\\'').key1,\\\'';\\\'')]"}, {"name": "WEBSITE_CONTENTAZUREFILECONNECTIONSTRING",
      "value": "[concat(\\\''DefaultEndpointsProtocol=https;AccountName=\\\'',parameters(\\\''storageAccountName\\\''),\\\'';AccountKey=\\\'',listkeys(variables(\\\''storageAccountId\\\''),
      \\\''2015-05-01-preview\\\'').key1,\\\'';\\\'')]"}, {"name": "WEBSITE_CONTENTSHARE",
      "value": "[toLower(variables(\\\''proactiveFunctionName\\\''))]"}, {"name":
      "FUNCTIONS_EXTENSION_VERSION", "value": "~1"}, {"name": "AzureWebJobsBotFrameworkDirectLineSecret",
      "value": "[parameters(\\\''azureWebJobsBotFrameworkDirectLineSecret\\\'')]"},
      {"name": "AzureWebJobsBotFrameworkDirectLineEndpoint", "value": "[variables(\\\''currentConfig\\\'').azureWebJobsBotFrameworkDirectLineEndpoint]"}]}},
      "resources": [{"name": "MSDeploy", "type": "Extensions", "apiVersion": "2015-02-01",
      "condition": "[not(equals(parameters(\\\''proactiveZipUrl\\\''), \\\''\\\''))]",
      "dependsOn": ["[concat(\\\''Microsoft.Web/Sites/\\\'', variables(\\\''proactiveFunctionName\\\''))]"],
      "properties": {"packageUri": "[parameters(\\\''proactiveZipUrl\\\'')]"}}]},
      {"apiVersion": "2017-12-01", "type": "Microsoft.BotService/botServices", "name":
      "[parameters(\\\''botId\\\'')]", "location": "global", "kind": "[parameters(\\\''kind\\\'')]",
      "sku": {"name": "[parameters(\\\''sku\\\'')]"}, "properties": {"name": "[parameters(\\\''botId\\\'')]",
      "displayName": "[parameters(\\\''botId\\\'')]", "endpoint": "[variables(\\\''botEndpoint\\\'')]",
      "msaAppId": "[parameters(\\\''appId\\\'')]", "developerAppInsightsApplicationId":
      "[variables(\\\''insightsName\\\'')]", "developerAppInsightKey": "[reference(resourceId(\\\''microsoft.insights/components/\\\'',
      variables(\\\''insightsName\\\'')), \\\''2015-05-01\\\'').InstrumentationKey]",
      "publishingCredentials": "[list(concat(resourceId(\\\''Microsoft.Web/Sites\\\'',
      parameters(\\\''siteName\\\'')), \\\''/config/publishingcredentials\\\''), \\\''2018-02-01\\\'')]",
      "storageResourceId": "[variables(\\\''storageAccountId\\\'')]", "parameters":
      "[union(deployment().properties.parameters, json(concat(\\\''{\\\\"tenant\\\\":{\\\\"value\\\\":\\\\"\\\'',
      subscription().tenantId, \\\''\\\\"}}\\\'')), json(concat(\\\''{\\\\"stateStorage\\\\":{\\\\"value\\\\":\\\\"DefaultEndpointsProtocol=https;AccountName=\\\'',parameters(\\\''storageAccountName\\\''),\\\'';AccountKey=\\\'',listkeys(variables(\\\''storageAccountId\\\''),
      \\\''2015-05-01-preview\\\'').key1,\\\'';\\\\"}}\\\'')))]", "allSettings": {"AzureWebJobsStorage":
      "[concat(\\\''DefaultEndpointsProtocol=https;AccountName=\\\'',parameters(\\\''storageAccountName\\\''),\\\'';AccountKey=\\\'',listkeys(variables(\\\''storageAccountId\\\''),
      \\\''2015-05-01-preview\\\'').key1,\\\'';\\\'')]", "AzureWebJobsDashboard":
      "[concat(\\\''DefaultEndpointsProtocol=https;AccountName=\\\'',parameters(\\\''storageAccountName\\\''),\\\'';AccountKey=\\\'',listkeys(variables(\\\''storageAccountId\\\''),
      \\\''2015-05-01-preview\\\'').key1,\\\'';\\\'')]", "WEBSITE_NODE_DEFAULT_VERSION":
      "10.14.1", "BotEnv": "[parameters(\\\''botEnv\\\'')]", "BotId": "[parameters(\\\''botId\\\'')]",
      "MicrosoftAppId": "[parameters(\\\''appId\\\'')]", "MicrosoftAppPassword": "[parameters(\\\''appSecret\\\'')]",
      "BotStateEndpoint": "[variables(\\\''currentConfig\\\'').stateEndpoint]", "BotOpenIdMetadata":
      "[variables(\\\''currentConfig\\\'').openIdMetadata]", "UseTableStorageForConversationState":
      "true", "BotDevAppInsightsKey": "[reference(resourceId(\\\''microsoft.insights/components/\\\'',
      variables(\\\''insightsName\\\'')), \\\''2015-05-01\\\'').InstrumentationKey]",
      "BotDevAppInsightsName": "[variables(\\\''insightsName\\\'')]", "BotDevAppInsightsAppId":
      "[reference(resourceId(\\\''microsoft.insights/components/\\\'', variables(\\\''insightsName\\\'')),
      \\\''2015-05-01\\\'').AppId]", "botFilePath": "[concat(\\\''./\\\'', parameters(\\\''botId\\\''),
      \\\''.bot\\\'')]", "botFileSecret": "[parameters(\\\''botFileEncryptionKey\\\'')]",
      "description": "[parameters(\\\''description\\\'')]"}}, "dependsOn": ["[resourceId(\\\''Microsoft.Storage/storageAccounts/\\\'',
      parameters(\\\''storageAccountName\\\''))]", "[parameters(\\\''serverFarmId\\\'')]",
      "[resourceId(\\\''Microsoft.Web/sites/\\\'', parameters(\\\''siteName\\\''))]",
      "MSDeploy", "[resourceId(\\\''microsoft.insights/components/\\\'', variables(\\\''insightsName\\\''))]"]}]},
      "parameters": {"location": {"value": "westus"}, "kind": {"value": "sdk"}, "sku":
      {"value": "F0"}, "siteName": {"value": "cli000002"}, "appId": {"value": "0736baa2-0995-4618-9e63-8ed36a320cec"},
      "appSecret": {"value": "aeabaad2-c7b5-442f-9a67-bbd0823256ff"}, "storageAccountResourceId":
      {"value": ""}, "serverFarmId": {"value": "/subscriptions/00000000-0000-0000-0000-000000000000/resourceGroups/clitest.rg000001/providers/Microsoft.Web/serverfarms/cli000002"},
      "zipUrl": {"value": "https://connectorprod.blob.core.windows.net/bot-packages/csharp-abs-webapp-v4_echobot_precompiled.zip"},
      "createNewStorage": {"value": true}, "storageAccountName": {"value": "cli000002"},
      "botEnv": {"value": "prod"}, "useAppInsights": {"value": true}, "appInsightsLocation":
      {"value": "southcentralus"}, "createServerFarm": {"value": true}, "serverFarmLocation":
      {"value": "westus"}, "azureWebJobsBotFrameworkDirectLineSecret": {"value": ""},
      "botId": {"value": "cli000002"}, "botFileEncryptionKey": {"value": "T6Xs33EdTjj7zlfx/FZ7SzLe+XkMs6noPCkQBxPMp50="}},
      "mode": "Incremental"}}\'''''
    headers:
      Accept: [application/json]
      Accept-Encoding: ['gzip, deflate']
      CommandName: [bot create]
      Connection: [keep-alive]
      Content-Length: ['12362']
      Content-Type: [application/json; charset=utf-8]
      ParameterSetName: [-k -g -n --appid -p -v --lang]
      User-Agent: [python/3.7.0 (Windows-10-10.0.17763-SP0) msrest/0.6.4 msrest_azure/0.4.34
          resourcemanagementclient/2.1.0 Azure-SDK-For-Python AZURECLI/2.0.58]
      accept-language: [en-US]
    method: PUT
    uri: https://management.azure.com/subscriptions/00000000-0000-0000-0000-000000000000/resourcegroups/clitest.rg000001/providers/Microsoft.Resources/deployments/mock-deployment?api-version=2018-05-01
  response:
    body: {string: '{"id":"/subscriptions/00000000-0000-0000-0000-000000000000/resourceGroups/clitest.rg000001/providers/Microsoft.Resources/deployments/cli000002","name":"cli000002","properties":{"templateHash":"12126636515959107833","parameters":{"botEnv":{"type":"String","value":"prod"},"botId":{"type":"String","value":"cli000002"},"description":{"type":"String","value":""},"location":{"type":"String","value":"westus"},"sku":{"type":"String","value":"F0"},"kind":{"type":"String","value":"sdk"},"siteName":{"type":"String","value":"cli000002"},"createNewStorage":{"type":"Bool","value":true},"storageAccountName":{"type":"String","value":"cli000002"},"storageAccountResourceId":{"type":"String","value":""},"appId":{"type":"String","value":"0736baa2-0995-4618-9e63-8ed36a320cec"},"appSecret":{"type":"String","value":"aeabaad2-c7b5-442f-9a67-bbd0823256ff"},"azureWebJobsBotFrameworkDirectLineSecret":{"type":"String","value":""},"zipUrl":{"type":"String","value":"https://connectorprod.blob.core.windows.net/bot-packages/csharp-abs-webapp-v4_echobot_precompiled.zip"},"proactiveZipUrl":{"type":"String","value":""},"useAppInsights":{"type":"Bool","value":true},"appInsightsLocation":{"type":"String","value":"southcentralus"},"serverFarmId":{"type":"String","value":"/subscriptions/00000000-0000-0000-0000-000000000000/resourceGroups/clitest.rg000001/providers/Microsoft.Web/serverfarms/cli000002"},"createServerFarm":{"type":"Bool","value":true},"serverFarmLocation":{"type":"String","value":"westus"},"serverFarmSku":{"type":"Object","value":{"name":"S1","tier":"Standard","size":"S1","family":"S","capacity":1}},"endpoint":{"type":"String","value":""},"luisApiLocation":{"type":"String","value":"Global"},"botFileEncryptionKey":{"type":"String","value":"T6Xs33EdTjj7zlfx/FZ7SzLe+XkMs6noPCkQBxPMp50="}},"mode":"Incremental","provisioningState":"Accepted","timestamp":"2019-02-06T03:45:22.122165Z","duration":"PT1.2259683S","correlationId":"34c8b4d9-39c9-4a3d-b265-dab7f97ee6e4","providers":[{"namespace":"Microsoft.Storage","resourceTypes":[{"resourceType":"storageAccounts","locations":["westus"]}]},{"namespace":"Microsoft.Web","resourceTypes":[{"resourceType":"serverfarms","locations":["westus"]},{"resourceType":"sites","locations":["westus"]},{"resourceType":"sites/Extensions","locations":[null]}]},{"namespace":"microsoft.insights","resourceTypes":[{"resourceType":"components","locations":["southcentralus"]}]},{"namespace":"Microsoft.BotService","resourceTypes":[{"resourceType":"botServices","locations":["global"]}]}],"dependencies":[{"dependsOn":[{"id":"/subscriptions/00000000-0000-0000-0000-000000000000/resourceGroups/clitest.rg000001/providers/Microsoft.Storage/storageAccounts/cli000002","resourceType":"Microsoft.Storage/storageAccounts","resourceName":"cli000002"},{"id":"/subscriptions/00000000-0000-0000-0000-000000000000/resourceGroups/clitest.rg000001/providers/Microsoft.Web/serverfarms/cli000002","resourceType":"Microsoft.Web/serverfarms","resourceName":"cli000002"},{"id":"/subscriptions/00000000-0000-0000-0000-000000000000/resourceGroups/clitest.rg000001/providers/Microsoft.Storage/storageAccounts/cli000002","resourceType":"Microsoft.Storage/storageAccounts","resourceName":"cli000002","actionName":"listkeys","apiVersion":"2015-05-01-preview"}],"id":"/subscriptions/00000000-0000-0000-0000-000000000000/resourceGroups/clitest.rg000001/providers/Microsoft.Web/sites/cli000002","resourceType":"Microsoft.Web/sites","resourceName":"cli000002"},{"dependsOn":[{"id":"/subscriptions/00000000-0000-0000-0000-000000000000/resourceGroups/clitest.rg000001/providers/Microsoft.Web/sites/cli000002","resourceType":"Microsoft.Web/sites","resourceName":"cli000002"}],"id":"/subscriptions/00000000-0000-0000-0000-000000000000/resourceGroups/clitest.rg000001/providers/Microsoft.Web/sites/cli000002/Extensions/MSDeploy","resourceType":"Microsoft.Web/sites/Extensions","resourceName":"cli000002/MSDeploy"},{"dependsOn":[{"id":"/subscriptions/00000000-0000-0000-0000-000000000000/resourceGroups/clitest.rg000001/providers/Microsoft.Storage/storageAccounts/cli000002","resourceType":"Microsoft.Storage/storageAccounts","resourceName":"cli000002"},{"id":"/subscriptions/00000000-0000-0000-0000-000000000000/resourceGroups/clitest.rg000001/providers/Microsoft.Web/serverfarms/cli000002","resourceType":"Microsoft.Web/serverfarms","resourceName":"cli000002"},{"id":"/subscriptions/00000000-0000-0000-0000-000000000000/resourceGroups/clitest.rg000001/providers/Microsoft.Storage/storageAccounts/cli000002","resourceType":"Microsoft.Storage/storageAccounts","resourceName":"cli000002","actionName":"listkeys","apiVersion":"2015-05-01-preview"}],"id":"/subscriptions/00000000-0000-0000-0000-000000000000/resourceGroups/clitest.rg000001/providers/Microsoft.Web/sites/cli000002-function","resourceType":"Microsoft.Web/sites","resourceName":"cli000002-function"},{"dependsOn":[{"id":"/subscriptions/00000000-0000-0000-0000-000000000000/resourceGroups/clitest.rg000001/providers/Microsoft.Web/sites/cli000002-function","resourceType":"Microsoft.Web/sites","resourceName":"cli000002-function"}],"id":"/subscriptions/00000000-0000-0000-0000-000000000000/resourceGroups/clitest.rg000001/providers/Microsoft.Web/sites/cli000002-function/Extensions/MSDeploy","resourceType":"Microsoft.Web/sites/Extensions","resourceName":"cli000002-function/MSDeploy"},{"dependsOn":[{"id":"/subscriptions/00000000-0000-0000-0000-000000000000/resourceGroups/clitest.rg000001/providers/Microsoft.Storage/storageAccounts/cli000002","resourceType":"Microsoft.Storage/storageAccounts","resourceName":"cli000002"},{"id":"/subscriptions/00000000-0000-0000-0000-000000000000/resourceGroups/clitest.rg000001/providers/Microsoft.Web/serverfarms/cli000002","resourceType":"Microsoft.Web/serverfarms","resourceName":"cli000002"},{"id":"/subscriptions/00000000-0000-0000-0000-000000000000/resourceGroups/clitest.rg000001/providers/Microsoft.Web/sites/cli000002","resourceType":"Microsoft.Web/sites","resourceName":"cli000002"},{"id":"/subscriptions/00000000-0000-0000-0000-000000000000/resourceGroups/clitest.rg000001/providers/Microsoft.Web/sites/cli000002/Extensions/MSDeploy","resourceType":"Microsoft.Web/sites/Extensions","resourceName":"cli000002/MSDeploy"},{"id":"/subscriptions/00000000-0000-0000-0000-000000000000/resourceGroups/clitest.rg000001/providers/Microsoft.Web/sites/cli000002-function/Extensions/MSDeploy","resourceType":"Microsoft.Web/sites/Extensions","resourceName":"cli000002-function/MSDeploy"},{"id":"/subscriptions/00000000-0000-0000-0000-000000000000/resourceGroups/clitest.rg000001/providers/microsoft.insights/components/cli000002","resourceType":"microsoft.insights/components","resourceName":"cli000002"},{"id":"/subscriptions/00000000-0000-0000-0000-000000000000/resourceGroups/clitest.rg000001/providers/microsoft.insights/components/cli000002","resourceType":"microsoft.insights/components","resourceName":"cli000002","apiVersion":"2015-05-01"},{"id":"/subscriptions/00000000-0000-0000-0000-000000000000/resourceGroups/clitest.rg000001/providers/Microsoft.Web/Sites/cli000002/config/publishingcredentials","resourceType":"Microsoft.Web/Sites/config","resourceName":"cli000002/publishingcredentials","actionName":"list","apiVersion":"2018-02-01"},{"id":"/subscriptions/00000000-0000-0000-0000-000000000000/resourceGroups/clitest.rg000001/providers/Microsoft.Storage/storageAccounts/cli000002","resourceType":"Microsoft.Storage/storageAccounts","resourceName":"cli000002","actionName":"listkeys","apiVersion":"2015-05-01-preview"}],"id":"/subscriptions/00000000-0000-0000-0000-000000000000/resourceGroups/clitest.rg000001/providers/Microsoft.BotService/botServices/cli000002","resourceType":"Microsoft.BotService/botServices","resourceName":"cli000002"}]}}'}
    headers:
      azure-asyncoperation: ['https://management.azure.com/subscriptions/00000000-0000-0000-0000-000000000000/resourcegroups/clitest.rg000001/providers/Microsoft.Resources/deployments/cli000002/operationStatuses/08586521821645814638?api-version=2018-05-01']
      cache-control: [no-cache]
      content-length: ['8143']
      content-type: [application/json; charset=utf-8]
      date: ['Wed, 06 Feb 2019 03:45:21 GMT']
      expires: ['-1']
      pragma: [no-cache]
      strict-transport-security: [max-age=31536000; includeSubDomains]
      x-content-type-options: [nosniff]
      x-ms-ratelimit-remaining-subscription-writes: ['1199']
    status: {code: 201, message: Created}
- request:
    body: null
    headers:
      Accept: [application/json]
      Accept-Encoding: ['gzip, deflate']
      CommandName: [bot create]
      Connection: [keep-alive]
      ParameterSetName: [-k -g -n --appid -p -v --lang]
      User-Agent: [python/3.7.0 (Windows-10-10.0.17763-SP0) msrest/0.6.4 msrest_azure/0.4.34
          resourcemanagementclient/2.1.0 Azure-SDK-For-Python AZURECLI/2.0.58]
    method: GET
    uri: https://management.azure.com/subscriptions/00000000-0000-0000-0000-000000000000/resourcegroups/clitest.rg000001/providers/Microsoft.Resources/deployments/mock-deployment/operationStatuses/08586521821645814638?api-version=2018-05-01
  response:
    body: {string: '{"status":"Running"}'}
    headers:
      cache-control: [no-cache]
      content-length: ['20']
      content-type: [application/json; charset=utf-8]
      date: ['Wed, 06 Feb 2019 03:45:52 GMT']
      expires: ['-1']
      pragma: [no-cache]
      strict-transport-security: [max-age=31536000; includeSubDomains]
      vary: [Accept-Encoding]
      x-content-type-options: [nosniff]
    status: {code: 200, message: OK}
- request:
    body: null
    headers:
      Accept: [application/json]
      Accept-Encoding: ['gzip, deflate']
      CommandName: [bot create]
      Connection: [keep-alive]
      ParameterSetName: [-k -g -n --appid -p -v --lang]
      User-Agent: [python/3.7.0 (Windows-10-10.0.17763-SP0) msrest/0.6.4 msrest_azure/0.4.34
          resourcemanagementclient/2.1.0 Azure-SDK-For-Python AZURECLI/2.0.58]
    method: GET
    uri: https://management.azure.com/subscriptions/00000000-0000-0000-0000-000000000000/resourcegroups/clitest.rg000001/providers/Microsoft.Resources/deployments/mock-deployment/operationStatuses/08586521821645814638?api-version=2018-05-01
  response:
    body: {string: '{"status":"Running"}'}
    headers:
      cache-control: [no-cache]
      content-length: ['20']
      content-type: [application/json; charset=utf-8]
      date: ['Wed, 06 Feb 2019 03:46:22 GMT']
      expires: ['-1']
      pragma: [no-cache]
      strict-transport-security: [max-age=31536000; includeSubDomains]
      vary: [Accept-Encoding]
      x-content-type-options: [nosniff]
    status: {code: 200, message: OK}
- request:
    body: null
    headers:
      Accept: [application/json]
      Accept-Encoding: ['gzip, deflate']
      CommandName: [bot create]
      Connection: [keep-alive]
      ParameterSetName: [-k -g -n --appid -p -v --lang]
      User-Agent: [python/3.7.0 (Windows-10-10.0.17763-SP0) msrest/0.6.4 msrest_azure/0.4.34
          resourcemanagementclient/2.1.0 Azure-SDK-For-Python AZURECLI/2.0.58]
    method: GET
    uri: https://management.azure.com/subscriptions/00000000-0000-0000-0000-000000000000/resourcegroups/clitest.rg000001/providers/Microsoft.Resources/deployments/mock-deployment/operationStatuses/08586521821645814638?api-version=2018-05-01
  response:
    body: {string: '{"status":"Succeeded"}'}
    headers:
      cache-control: [no-cache]
      content-length: ['22']
      content-type: [application/json; charset=utf-8]
      date: ['Wed, 06 Feb 2019 03:46:53 GMT']
      expires: ['-1']
      pragma: [no-cache]
      strict-transport-security: [max-age=31536000; includeSubDomains]
      vary: [Accept-Encoding]
      x-content-type-options: [nosniff]
    status: {code: 200, message: OK}
- request:
    body: null
    headers:
      Accept: [application/json]
      Accept-Encoding: ['gzip, deflate']
      CommandName: [bot create]
      Connection: [keep-alive]
      ParameterSetName: [-k -g -n --appid -p -v --lang]
      User-Agent: [python/3.7.0 (Windows-10-10.0.17763-SP0) msrest/0.6.4 msrest_azure/0.4.34
          resourcemanagementclient/2.1.0 Azure-SDK-For-Python AZURECLI/2.0.58]
    method: GET
    uri: https://management.azure.com/subscriptions/00000000-0000-0000-0000-000000000000/resourcegroups/clitest.rg000001/providers/Microsoft.Resources/deployments/mock-deployment?api-version=2018-05-01
  response:
    body: {string: '{"id":"/subscriptions/00000000-0000-0000-0000-000000000000/resourceGroups/clitest.rg000001/providers/Microsoft.Resources/deployments/cli000002","name":"cli000002","properties":{"templateHash":"12126636515959107833","parameters":{"botEnv":{"type":"String","value":"prod"},"botId":{"type":"String","value":"cli000002"},"description":{"type":"String","value":""},"location":{"type":"String","value":"westus"},"sku":{"type":"String","value":"F0"},"kind":{"type":"String","value":"sdk"},"siteName":{"type":"String","value":"cli000002"},"createNewStorage":{"type":"Bool","value":true},"storageAccountName":{"type":"String","value":"cli000002"},"storageAccountResourceId":{"type":"String","value":""},"appId":{"type":"String","value":"0736baa2-0995-4618-9e63-8ed36a320cec"},"appSecret":{"type":"String","value":"aeabaad2-c7b5-442f-9a67-bbd0823256ff"},"azureWebJobsBotFrameworkDirectLineSecret":{"type":"String","value":""},"zipUrl":{"type":"String","value":"https://connectorprod.blob.core.windows.net/bot-packages/csharp-abs-webapp-v4_echobot_precompiled.zip"},"proactiveZipUrl":{"type":"String","value":""},"useAppInsights":{"type":"Bool","value":true},"appInsightsLocation":{"type":"String","value":"southcentralus"},"serverFarmId":{"type":"String","value":"/subscriptions/00000000-0000-0000-0000-000000000000/resourceGroups/clitest.rg000001/providers/Microsoft.Web/serverfarms/cli000002"},"createServerFarm":{"type":"Bool","value":true},"serverFarmLocation":{"type":"String","value":"westus"},"serverFarmSku":{"type":"Object","value":{"name":"S1","tier":"Standard","size":"S1","family":"S","capacity":1}},"endpoint":{"type":"String","value":""},"luisApiLocation":{"type":"String","value":"Global"},"botFileEncryptionKey":{"type":"String","value":"T6Xs33EdTjj7zlfx/FZ7SzLe+XkMs6noPCkQBxPMp50="}},"mode":"Incremental","provisioningState":"Succeeded","timestamp":"2019-02-06T03:46:52.92047Z","duration":"PT1M32.0242733S","correlationId":"34c8b4d9-39c9-4a3d-b265-dab7f97ee6e4","providers":[{"namespace":"Microsoft.Storage","resourceTypes":[{"resourceType":"storageAccounts","locations":["westus"]}]},{"namespace":"Microsoft.Web","resourceTypes":[{"resourceType":"serverfarms","locations":["westus"]},{"resourceType":"sites","locations":["westus"]},{"resourceType":"sites/Extensions","locations":[null]}]},{"namespace":"microsoft.insights","resourceTypes":[{"resourceType":"components","locations":["southcentralus"]}]},{"namespace":"Microsoft.BotService","resourceTypes":[{"resourceType":"botServices","locations":["global"]}]}],"dependencies":[{"dependsOn":[{"id":"/subscriptions/00000000-0000-0000-0000-000000000000/resourceGroups/clitest.rg000001/providers/Microsoft.Storage/storageAccounts/cli000002","resourceType":"Microsoft.Storage/storageAccounts","resourceName":"cli000002"},{"id":"/subscriptions/00000000-0000-0000-0000-000000000000/resourceGroups/clitest.rg000001/providers/Microsoft.Web/serverfarms/cli000002","resourceType":"Microsoft.Web/serverfarms","resourceName":"cli000002"},{"id":"/subscriptions/00000000-0000-0000-0000-000000000000/resourceGroups/clitest.rg000001/providers/Microsoft.Storage/storageAccounts/cli000002","resourceType":"Microsoft.Storage/storageAccounts","resourceName":"cli000002","actionName":"listkeys","apiVersion":"2015-05-01-preview"}],"id":"/subscriptions/00000000-0000-0000-0000-000000000000/resourceGroups/clitest.rg000001/providers/Microsoft.Web/sites/cli000002","resourceType":"Microsoft.Web/sites","resourceName":"cli000002"},{"dependsOn":[{"id":"/subscriptions/00000000-0000-0000-0000-000000000000/resourceGroups/clitest.rg000001/providers/Microsoft.Web/sites/cli000002","resourceType":"Microsoft.Web/sites","resourceName":"cli000002"}],"id":"/subscriptions/00000000-0000-0000-0000-000000000000/resourceGroups/clitest.rg000001/providers/Microsoft.Web/sites/cli000002/Extensions/MSDeploy","resourceType":"Microsoft.Web/sites/Extensions","resourceName":"cli000002/MSDeploy"},{"dependsOn":[{"id":"/subscriptions/00000000-0000-0000-0000-000000000000/resourceGroups/clitest.rg000001/providers/Microsoft.Storage/storageAccounts/cli000002","resourceType":"Microsoft.Storage/storageAccounts","resourceName":"cli000002"},{"id":"/subscriptions/00000000-0000-0000-0000-000000000000/resourceGroups/clitest.rg000001/providers/Microsoft.Web/serverfarms/cli000002","resourceType":"Microsoft.Web/serverfarms","resourceName":"cli000002"},{"id":"/subscriptions/00000000-0000-0000-0000-000000000000/resourceGroups/clitest.rg000001/providers/Microsoft.Storage/storageAccounts/cli000002","resourceType":"Microsoft.Storage/storageAccounts","resourceName":"cli000002","actionName":"listkeys","apiVersion":"2015-05-01-preview"}],"id":"/subscriptions/00000000-0000-0000-0000-000000000000/resourceGroups/clitest.rg000001/providers/Microsoft.Web/sites/cli000002-function","resourceType":"Microsoft.Web/sites","resourceName":"cli000002-function"},{"dependsOn":[{"id":"/subscriptions/00000000-0000-0000-0000-000000000000/resourceGroups/clitest.rg000001/providers/Microsoft.Web/sites/cli000002-function","resourceType":"Microsoft.Web/sites","resourceName":"cli000002-function"}],"id":"/subscriptions/00000000-0000-0000-0000-000000000000/resourceGroups/clitest.rg000001/providers/Microsoft.Web/sites/cli000002-function/Extensions/MSDeploy","resourceType":"Microsoft.Web/sites/Extensions","resourceName":"cli000002-function/MSDeploy"},{"dependsOn":[{"id":"/subscriptions/00000000-0000-0000-0000-000000000000/resourceGroups/clitest.rg000001/providers/Microsoft.Storage/storageAccounts/cli000002","resourceType":"Microsoft.Storage/storageAccounts","resourceName":"cli000002"},{"id":"/subscriptions/00000000-0000-0000-0000-000000000000/resourceGroups/clitest.rg000001/providers/Microsoft.Web/serverfarms/cli000002","resourceType":"Microsoft.Web/serverfarms","resourceName":"cli000002"},{"id":"/subscriptions/00000000-0000-0000-0000-000000000000/resourceGroups/clitest.rg000001/providers/Microsoft.Web/sites/cli000002","resourceType":"Microsoft.Web/sites","resourceName":"cli000002"},{"id":"/subscriptions/00000000-0000-0000-0000-000000000000/resourceGroups/clitest.rg000001/providers/Microsoft.Web/sites/cli000002/Extensions/MSDeploy","resourceType":"Microsoft.Web/sites/Extensions","resourceName":"cli000002/MSDeploy"},{"id":"/subscriptions/00000000-0000-0000-0000-000000000000/resourceGroups/clitest.rg000001/providers/Microsoft.Web/sites/cli000002-function/Extensions/MSDeploy","resourceType":"Microsoft.Web/sites/Extensions","resourceName":"cli000002-function/MSDeploy"},{"id":"/subscriptions/00000000-0000-0000-0000-000000000000/resourceGroups/clitest.rg000001/providers/microsoft.insights/components/cli000002","resourceType":"microsoft.insights/components","resourceName":"cli000002"},{"id":"/subscriptions/00000000-0000-0000-0000-000000000000/resourceGroups/clitest.rg000001/providers/microsoft.insights/components/cli000002","resourceType":"microsoft.insights/components","resourceName":"cli000002","apiVersion":"2015-05-01"},{"id":"/subscriptions/00000000-0000-0000-0000-000000000000/resourceGroups/clitest.rg000001/providers/Microsoft.Web/Sites/cli000002/config/publishingcredentials","resourceType":"Microsoft.Web/Sites/config","resourceName":"cli000002/publishingcredentials","actionName":"list","apiVersion":"2018-02-01"},{"id":"/subscriptions/00000000-0000-0000-0000-000000000000/resourceGroups/clitest.rg000001/providers/Microsoft.Storage/storageAccounts/cli000002","resourceType":"Microsoft.Storage/storageAccounts","resourceName":"cli000002","actionName":"listkeys","apiVersion":"2015-05-01-preview"}],"id":"/subscriptions/00000000-0000-0000-0000-000000000000/resourceGroups/clitest.rg000001/providers/Microsoft.BotService/botServices/cli000002","resourceType":"Microsoft.BotService/botServices","resourceName":"cli000002"}],"outputResources":[{"id":"/subscriptions/00000000-0000-0000-0000-000000000000/resourceGroups/clitest.rg000001/providers/Microsoft.BotService/botServices/cli000002"},{"id":"/subscriptions/00000000-0000-0000-0000-000000000000/resourceGroups/clitest.rg000001/providers/Microsoft.CognitiveServices/accounts/nosuch"},{"id":"/subscriptions/00000000-0000-0000-0000-000000000000/resourceGroups/clitest.rg000001/providers/microsoft.insights/components/cli000002"},{"id":"/subscriptions/00000000-0000-0000-0000-000000000000/resourceGroups/clitest.rg000001/providers/Microsoft.Storage/storageAccounts/cli000002"},{"id":"/subscriptions/00000000-0000-0000-0000-000000000000/resourceGroups/clitest.rg000001/providers/Microsoft.Web/serverfarms/cli000002"},{"id":"/subscriptions/00000000-0000-0000-0000-000000000000/resourceGroups/clitest.rg000001/providers/Microsoft.Web/sites/cli000002"},{"id":"/subscriptions/00000000-0000-0000-0000-000000000000/resourceGroups/clitest.rg000001/providers/Microsoft.Web/sites/cli000002/Extensions/MSDeploy"},{"id":"/subscriptions/00000000-0000-0000-0000-000000000000/resourceGroups/clitest.rg000001/providers/Microsoft.Web/sites/cli000002-function"},{"id":"/subscriptions/00000000-0000-0000-0000-000000000000/resourceGroups/clitest.rg000001/providers/Microsoft.Web/sites/cli000002-function/Extensions/MSDeploy"}]}}'}
    headers:
      cache-control: [no-cache]
      content-length: ['9562']
      content-type: [application/json; charset=utf-8]
      date: ['Wed, 06 Feb 2019 03:46:52 GMT']
      expires: ['-1']
      pragma: [no-cache]
      strict-transport-security: [max-age=31536000; includeSubDomains]
      vary: [Accept-Encoding]
      x-content-type-options: [nosniff]
    status: {code: 200, message: OK}
- request:
    body: null
    headers:
      Accept: [application/json]
      Accept-Encoding: ['gzip, deflate']
      CommandName: [bot create]
      Connection: [keep-alive]
      ParameterSetName: [-k -g -n --appid -p -v --lang]
      User-Agent: [python/3.7.0 (Windows-10-10.0.17763-SP0) msrest/0.6.4 msrest_azure/0.4.34
          azure-mgmt-botservice/0.1.0 Azure-SDK-For-Python AZURECLI/2.0.58]
      accept-language: [en-US]
    method: GET
    uri: https://management.azure.com/subscriptions/00000000-0000-0000-0000-000000000000/resourceGroups/clitest.rg000001/providers/Microsoft.BotService/botServices/cli000002?api-version=2018-07-12
  response:
    body: {string: '{"id":"/subscriptions/00000000-0000-0000-0000-000000000000/resourceGroups/clitest.rg000001/providers/Microsoft.BotService/botServices/cli000002","name":"cli000002","type":"Microsoft.BotService/botServices","etag":"W/\"datetime''2019-02-06T03%3A46%3A48.2732441Z''\"","location":"global","sku":{"name":"F0"},"kind":"sdk","tags":{},"properties":{"displayName":"cli000002","description":"","iconUrl":"https://docs.botframework.com/static/devportal/client/images/bot-framework-default.png","endpoint":"https://cli000002.azurewebsites.net/api/messages","msaAppId":"0736baa2-0995-4618-9e63-8ed36a320cec","developerAppInsightKey":"434a014c-684d-4791-a093-f1f34cd3bb9d","developerAppInsightsApplicationId":"cli000002","luisAppIds":[],"endpointVersion":"3.0","configuredChannels":["webchat"],"enabledChannels":["webchat","directline"],"isDeveloperAppInsightsApiKeySet":false,"publishingCredentials":null,"parameters":null,"allSettings":null,"manifestUrl":"","storageResourceId":null,"provisioningState":"Succeeded"}}'}
    headers:
      cache-control: [no-cache]
      content-length: ['1038']
      content-type: [application/json; charset=utf-8]
      date: ['Wed, 06 Feb 2019 03:46:54 GMT']
      etag: [W/"datetime'2019-02-06T03%3A46%3A48.2732441Z'"]
      expires: ['-1']
      pragma: [no-cache]
      server: [Microsoft-IIS/10.0]
      strict-transport-security: [max-age=31536000; includeSubDomains]
      transfer-encoding: [chunked]
      vary: ['Accept-Encoding,Accept-Encoding']
      x-content-type-options: [nosniff]
    status: {code: 200, message: OK}
- request:
    body: null
    headers:
      Accept: [application/json]
      Accept-Encoding: ['gzip, deflate']
      CommandName: [bot show]
      Connection: [keep-alive]
      ParameterSetName: [-g -n --msbot]
      User-Agent: [python/3.7.0 (Windows-10-10.0.17763-SP0) msrest/0.6.4 msrest_azure/0.4.34
          azure-mgmt-botservice/0.1.0 Azure-SDK-For-Python AZURECLI/2.0.58]
      accept-language: [en-US]
    method: GET
    uri: https://management.azure.com/subscriptions/00000000-0000-0000-0000-000000000000/resourceGroups/clitest.rg000001/providers/Microsoft.BotService/botServices/cli000002?api-version=2018-07-12
  response:
    body: {string: '{"id":"/subscriptions/00000000-0000-0000-0000-000000000000/resourceGroups/clitest.rg000001/providers/Microsoft.BotService/botServices/cli000002","name":"cli000002","type":"Microsoft.BotService/botServices","etag":"W/\"datetime''2019-02-06T03%3A46%3A48.2732441Z''\"","location":"global","sku":{"name":"F0"},"kind":"sdk","tags":{},"properties":{"displayName":"cli000002","description":"","iconUrl":"https://docs.botframework.com/static/devportal/client/images/bot-framework-default.png","endpoint":"https://cli000002.azurewebsites.net/api/messages","msaAppId":"0736baa2-0995-4618-9e63-8ed36a320cec","developerAppInsightKey":"434a014c-684d-4791-a093-f1f34cd3bb9d","developerAppInsightsApplicationId":"cli000002","luisAppIds":[],"endpointVersion":"3.0","configuredChannels":["webchat"],"enabledChannels":["webchat","directline"],"isDeveloperAppInsightsApiKeySet":false,"publishingCredentials":null,"parameters":null,"allSettings":null,"manifestUrl":"","storageResourceId":null,"provisioningState":"Succeeded"}}'}
    headers:
      cache-control: [no-cache]
      content-length: ['1038']
      content-type: [application/json; charset=utf-8]
      date: ['Wed, 06 Feb 2019 03:46:55 GMT']
      etag: [W/"datetime'2019-02-06T03%3A46%3A48.2732441Z'"]
      expires: ['-1']
      pragma: [no-cache]
      server: [Microsoft-IIS/10.0]
      strict-transport-security: [max-age=31536000; includeSubDomains]
      transfer-encoding: [chunked]
      vary: ['Accept-Encoding,Accept-Encoding']
      x-content-type-options: [nosniff]
    status: {code: 200, message: OK}
- request:
    body: null
    headers:
      Accept: [application/json]
      Accept-Encoding: ['gzip, deflate']
      CommandName: [bot show]
      Connection: [keep-alive]
      Content-Length: ['0']
      ParameterSetName: [-g -n --msbot]
      User-Agent: [python/3.7.0 (Windows-10-10.0.17763-SP0) msrest/0.6.4 msrest_azure/0.4.34
          azure-mgmt-web/0.40.0 Azure-SDK-For-Python AZURECLI/2.0.58]
      accept-language: [en-US]
    method: POST
    uri: https://management.azure.com/subscriptions/00000000-0000-0000-0000-000000000000/resourceGroups/clitest.rg000001/providers/Microsoft.Web/sites/cli000002/config/appsettings/list?api-version=2018-02-01
  response:
    body: {string: '{"id":"/subscriptions/00000000-0000-0000-0000-000000000000/resourceGroups/clitest.rg000001/providers/Microsoft.Web/sites/cli000002/config/appsettings","name":"appsettings","type":"Microsoft.Web/sites/config","location":"West
        US","properties":{"AzureWebJobsStorage":"DefaultEndpointsProtocol=https;AccountName=cli000002;AccountKey=3SwhfLuHO6qqUO9ar8LftbBKSDE3YmLusaRfcIHxQ9WkDZkEu67PKQ42VIBnCTGX7lPYu2LCpuVOaCpGXI3y2g==;","AzureWebJobsDashboard":"DefaultEndpointsProtocol=https;AccountName=cli000002;AccountKey=3SwhfLuHO6qqUO9ar8LftbBKSDE3YmLusaRfcIHxQ9WkDZkEu67PKQ42VIBnCTGX7lPYu2LCpuVOaCpGXI3y2g==;","WEBSITE_NODE_DEFAULT_VERSION":"10.14.1","BotEnv":"prod","BotOpenIdMetadata":"","botFilePath":"./cli000002.bot","botFileSecret":"T6Xs33EdTjj7zlfx/FZ7SzLe+XkMs6noPCkQBxPMp50="}}'}
    headers:
      cache-control: [no-cache]
      content-length: ['805']
      content-type: [application/json]
      date: ['Wed, 06 Feb 2019 03:46:55 GMT']
      expires: ['-1']
      pragma: [no-cache]
      server: [Microsoft-IIS/10.0]
      strict-transport-security: [max-age=31536000; includeSubDomains]
      transfer-encoding: [chunked]
      vary: [Accept-Encoding]
      x-aspnet-version: [4.0.30319]
      x-content-type-options: [nosniff]
      x-ms-ratelimit-remaining-subscription-resource-requests: ['11999']
      x-powered-by: [ASP.NET]
    status: {code: 200, message: OK}
- request:
    body: null
    headers:
      Accept: [application/json]
      Accept-Encoding: ['gzip, deflate']
      CommandName: [bot show]
      Connection: [keep-alive]
      ParameterSetName: [-g -n --msbot]
      User-Agent: [python/3.7.0 (Windows-10-10.0.17763-SP0) msrest/0.6.4 msrest_azure/0.4.34
          azure-mgmt-web/0.40.0 Azure-SDK-For-Python AZURECLI/2.0.58]
      accept-language: [en-US]
    method: GET
    uri: https://management.azure.com/subscriptions/00000000-0000-0000-0000-000000000000/resourceGroups/clitest.rg000001/providers/Microsoft.Web/sites/cli000002/config/slotConfigNames?api-version=2018-02-01
  response:
    body: {string: '{"id":null,"name":"cli000002","type":"Microsoft.Web/sites","location":"West
        US","properties":{"connectionStringNames":null,"appSettingNames":null,"azureStorageConfigNames":null}}'}
    headers:
      cache-control: [no-cache]
      content-length: ['184']
      content-type: [application/json]
      date: ['Wed, 06 Feb 2019 03:46:56 GMT']
      expires: ['-1']
      pragma: [no-cache]
      server: [Microsoft-IIS/10.0]
      strict-transport-security: [max-age=31536000; includeSubDomains]
      transfer-encoding: [chunked]
      vary: [Accept-Encoding]
      x-aspnet-version: [4.0.30319]
      x-content-type-options: [nosniff]
      x-powered-by: [ASP.NET]
    status: {code: 200, message: OK}
- request:
    body: null
    headers:
      Accept: [application/json]
      Accept-Encoding: ['gzip, deflate']
      CommandName: [bot show]
      Connection: [keep-alive]
      Content-Length: ['0']
      ParameterSetName: [-g -n --msbot]
      User-Agent: [python/3.7.0 (Windows-10-10.0.17763-SP0) msrest/0.6.4 msrest_azure/0.4.34
          azure-mgmt-web/0.40.0 Azure-SDK-For-Python AZURECLI/2.0.58]
      accept-language: [en-US]
    method: POST
    uri: https://management.azure.com/subscriptions/00000000-0000-0000-0000-000000000000/resourceGroups/clitest.rg000001/providers/Microsoft.Web/sites/cli000002/config/publishingcredentials/list?api-version=2018-02-01
  response:
    body: {string: '{"id":"/subscriptions/00000000-0000-0000-0000-000000000000/resourceGroups/clitest.rg000001/providers/Microsoft.Web/sites/cli000002/publishingcredentials/$cli000002","name":"cli000002","type":"Microsoft.Web/sites/publishingcredentials","location":"West
        US","properties":{"name":null,"publishingUserName":"$cli000002","publishingPassword":"dnDyg2tCa4Sl1GCik6jyTajuHfG5mWeQqqj9cwF5TchQWcGPZoJaagZLSm3p","publishingPasswordHash":null,"publishingPasswordHashSalt":null,"metadata":null,"isDeleted":false,"scmUri":"https://$cli000002:dnDyg2tCa4Sl1GCik6jyTajuHfG5mWeQqqj9cwF5TchQWcGPZoJaagZLSm3p@cli000002.scm.azurewebsites.net"}}'}
    headers:
      cache-control: [no-cache]
      content-length: ['662']
      content-type: [application/json]
      date: ['Wed, 06 Feb 2019 03:46:56 GMT']
      expires: ['-1']
      pragma: [no-cache]
      server: [Microsoft-IIS/10.0]
      strict-transport-security: [max-age=31536000; includeSubDomains]
      transfer-encoding: [chunked]
      vary: [Accept-Encoding]
      x-aspnet-version: [4.0.30319]
      x-content-type-options: [nosniff]
      x-ms-ratelimit-remaining-subscription-resource-requests: ['11999']
      x-powered-by: [ASP.NET]
    status: {code: 200, message: OK}
- request:
    body: null
    headers:
      Accept: [application/json]
      Accept-Encoding: ['gzip, deflate']
      CommandName: [bot show]
      Connection: [keep-alive]
      ParameterSetName: [-g -n --msbot]
      User-Agent: [python/3.7.0 (Windows-10-10.0.17763-SP0) msrest/0.6.4 msrest_azure/0.4.34
          azure-mgmt-web/0.40.0 Azure-SDK-For-Python AZURECLI/2.0.58]
      accept-language: [en-US]
    method: GET
    uri: https://management.azure.com/subscriptions/00000000-0000-0000-0000-000000000000/resourceGroups/clitest.rg000001/providers/Microsoft.Web/sites/cli000002?api-version=2018-02-01
  response:
    body: {string: '{"id":"/subscriptions/00000000-0000-0000-0000-000000000000/resourceGroups/clitest.rg000001/providers/Microsoft.Web/sites/cli000002","name":"cli000002","type":"Microsoft.Web/sites","kind":"app","location":"West
        US","properties":{"name":"cli000002","state":"Running","hostNames":["cli000002.azurewebsites.net"],"webSpace":"clitest.rg000001-WestUSwebspace","selfLink":"https://waws-prod-bay-119.api.azurewebsites.windows.net:454/subscriptions/00000000-0000-0000-0000-000000000000/webspaces/clitest.rg000001-WestUSwebspace/sites/cli000002","repositorySiteName":"cli000002","owner":null,"usageState":"Normal","enabled":true,"adminEnabled":true,"enabledHostNames":["cli000002.azurewebsites.net","cli000002.scm.azurewebsites.net"],"siteProperties":{"metadata":null,"properties":[{"name":"LinuxFxVersion","value":""},{"name":"WindowsFxVersion","value":null}],"appSettings":null},"availabilityState":"Normal","sslCertificates":null,"csrs":[],"cers":null,"siteMode":null,"hostNameSslStates":[{"name":"cli000002.azurewebsites.net","sslState":"Disabled","ipBasedSslResult":null,"virtualIP":null,"thumbprint":null,"toUpdate":null,"toUpdateIpBasedSsl":null,"ipBasedSslState":"NotConfigured","hostType":"Standard"},{"name":"cli000002.scm.azurewebsites.net","sslState":"Disabled","ipBasedSslResult":null,"virtualIP":null,"thumbprint":null,"toUpdate":null,"toUpdateIpBasedSsl":null,"ipBasedSslState":"NotConfigured","hostType":"Repository"}],"computeMode":null,"serverFarm":null,"serverFarmId":"/subscriptions/00000000-0000-0000-0000-000000000000/resourceGroups/clitest.rg000001/providers/Microsoft.Web/serverfarms/cli000002","reserved":false,"isXenon":false,"hyperV":false,"lastModifiedTimeUtc":"2019-02-06T03:46:00.57","storageRecoveryDefaultState":"Running","contentAvailabilityState":"Normal","runtimeAvailabilityState":"Normal","siteConfig":null,"deploymentId":"cli000002","trafficManagerHostNames":null,"sku":"Standard","scmSiteAlsoStopped":false,"targetSwapSlot":null,"hostingEnvironment":null,"hostingEnvironmentProfile":null,"clientAffinityEnabled":true,"clientCertEnabled":false,"hostNamesDisabled":false,"domainVerificationIdentifiers":null,"kind":"app","outboundIpAddresses":"104.40.11.192,157.56.167.77,157.56.167.122,157.56.164.75,104.40.14.12","possibleOutboundIpAddresses":"104.40.11.192,157.56.167.77,157.56.167.122,157.56.164.75,104.40.14.12,104.40.0.244,157.56.167.87,157.56.164.95","containerSize":0,"dailyMemoryTimeQuota":0,"suspendedTill":null,"siteDisabledReason":0,"functionExecutionUnitsCache":null,"maxNumberOfWorkers":null,"homeStamp":"waws-prod-bay-119","cloningInfo":null,"hostingEnvironmentId":null,"tags":null,"resourceGroup":"clitest.rg000001","defaultHostName":"cli000002.azurewebsites.net","slotSwapStatus":null,"httpsOnly":false}}'}
    headers:
      cache-control: [no-cache]
      content-length: ['2846']
      content-type: [application/json]
      date: ['Wed, 06 Feb 2019 03:46:57 GMT']
      etag: ['"1D4BDCE79D805A0"']
      expires: ['-1']
      pragma: [no-cache]
      server: [Microsoft-IIS/10.0]
      strict-transport-security: [max-age=31536000; includeSubDomains]
      transfer-encoding: [chunked]
      vary: [Accept-Encoding]
      x-aspnet-version: [4.0.30319]
      x-content-type-options: [nosniff]
      x-powered-by: [ASP.NET]
    status: {code: 200, message: OK}
- request:
    body: null
    headers:
      Accept: ['*/*']
      Accept-Encoding: ['gzip, deflate']
      Connection: [keep-alive]
      User-Agent: [python-requests/2.21.0]
      content-type: [application/octet-stream]
    method: GET
    uri: https://cli000002.scm.azurewebsites.net/api/vfs/site/wwwroot/cli000002.bot
  response:
    body: {string: "{\r\n  \"name\": \"clizzjhspua2ivg\",\r\n  \"padlock\": \"asLQsDjKRnwscLjeOftysA==!s3qOtDcHcFIOAiQZaKIWd/4Cx8YsztzIHW5/pPgvTV2JWnriwA5LK5ialme9gpKv\"\
        ,\r\n  \"version\": \"2.0\",\r\n  \"services\": [\r\n    {\r\n      \"tenantId\"\
        : \"72f988bf-86f1-41af-91ab-2d7cd011db47\",\r\n      \"subscriptionId\": \"\
        703aa115-c84e-42f8-9b31-85938c67def9\",\r\n      \"resourceGroup\": \"clitest.rgwrd3tyswef\"\
        ,\r\n      \"serviceName\": \"clizzjhspua2ivg\",\r\n      \"type\": \"abs\"\
        ,\r\n      \"name\": \"clizzjhspua2ivg\",\r\n      \"id\": \"1\"\r\n    },\r\
        \n    {\r\n      \"connectionString\": \"TWQ19Pjj0H69X6MoUcKi4w==!BPWpDtHw9ZSXT7eJF6QTgElZgwd9Jo6Nzfk3h710ZBorlWsnRZ6o021dLHo127lvhwMFOLPHRLYPkfumRd1dam3tvozHa/q8ZZUopYjz2ONj0AVM3GG9spcSiNi0fGd/PVbWuTLTEBlObi+9ZW9DYxEYSkFeFcFnnKL5u4g7B47BD5AGc6qqK9T/aKqQPF5SuE5fsB92DPzWbXW1V/3kPA==\"\
        ,\r\n      \"tenantId\": \"72f988bf-86f1-41af-91ab-2d7cd011db47\",\r\n   \
        \   \"subscriptionId\": \"703aa115-c84e-42f8-9b31-85938c67def9\",\r\n    \
        \  \"resourceGroup\": \"clitest.rgwrd3tyswef\",\r\n      \"serviceName\":\
        \ \"clizzjhspua2ivg\",\r\n      \"type\": \"blob\",\r\n      \"id\": \"2\"\
        \r\n    },\r\n    {\r\n      \"appId\": \"\",\r\n      \"appPassword\": \"\
        \",\r\n      \"endpoint\": \"http://localhost:3978/api/messages\",\r\n   \
        \   \"type\": \"endpoint\",\r\n      \"name\": \"development\",\r\n      \"\
        id\": \"3\"\r\n    },\r\n    {\r\n      \"appId\": \"0736baa2-0995-4618-9e63-8ed36a320cec\"\
        ,\r\n      \"appPassword\": \"gohbSTLXvTNXmsCJOToGPg==!H0u4MTFPIUKT7wxPJRlW7g3rQJYq8yj8DXMXykOWc0HRc5otSjKcJ+ABUP4/Gjyi\"\
        ,\r\n      \"endpoint\": \"https://clizzjhspua2ivg.azurewebsites.net/api/messages\"\
        ,\r\n      \"type\": \"endpoint\",\r\n      \"name\": \"production\",\r\n\
        \      \"id\": \"4\"\r\n    },\r\n    {\r\n      \"instrumentationKey\": \"\
        QT9rpwUkZSDVvnjmZfneOw==!wA6nNqUZHBImdTv8Ax23/Jgmqm2xnqCOg88HzzoxL8Xs6U/whNU7E1X7tjYYQa0Y\"\
        ,\r\n      \"applicationId\": \"e5579e8d-b580-40fc-9223-87642505bc32\",\r\n\
        \      \"apiKeys\": {},\r\n      \"tenantId\": \"72f988bf-86f1-41af-91ab-2d7cd011db47\"\
        ,\r\n      \"subscriptionId\": \"703aa115-c84e-42f8-9b31-85938c67def9\",\r\
        \n      \"resourceGroup\": \"clitest.rgwrd3tyswef\",\r\n      \"serviceName\"\
        : \"clizzjhspua2ivg\",\r\n      \"type\": \"appInsights\",\r\n      \"id\"\
        : \"5\"\r\n    }\r\n  ]\r\n}"}
    headers:
      cache-control: [no-cache]
      content-length: ['2035']
      content-type: [application/octet-stream]
      date: ['Wed, 06 Feb 2019 03:46:58 GMT']
      etag: ['"dce786b8e58bd608"']
      expires: ['-1']
      last-modified: ['Wed, 06 Feb 2019 03:46:47 GMT']
      pragma: [no-cache]
      server: [Microsoft-IIS/10.0]
      set-cookie: [ARRAffinity=60f970b1b96b8bab640abadd16d4f51b796544c17ed5d7b66185c80ebdc1a655;Path=/;HttpOnly;Domain=clizzjhspua2ivg.scm.azurewebsites.net]
      x-aspnet-version: [4.0.30319]
      x-powered-by: [ASP.NET]
    status: {code: 200, message: OK}
- request:
    body: null
    headers:
      Accept: [application/json]
      Accept-Encoding: ['gzip, deflate']
      CommandName: [group delete]
      Connection: [keep-alive]
      Content-Length: ['0']
      ParameterSetName: [--name --yes --no-wait]
      User-Agent: [python/3.7.0 (Windows-10-10.0.17763-SP0) msrest/0.6.4 msrest_azure/0.4.34
          resourcemanagementclient/2.1.0 Azure-SDK-For-Python AZURECLI/2.0.58]
      accept-language: [en-US]
    method: DELETE
    uri: https://management.azure.com/subscriptions/00000000-0000-0000-0000-000000000000/resourcegroups/clitest.rg000001?api-version=2018-05-01
  response:
    body: {string: ''}
    headers:
      cache-control: [no-cache]
      content-length: ['0']
      date: ['Wed, 06 Feb 2019 03:46:59 GMT']
      expires: ['-1']
      location: ['https://management.azure.com/subscriptions/00000000-0000-0000-0000-000000000000/operationresults/eyJqb2JJZCI6IlJFU09VUkNFR1JPVVBERUxFVElPTkpPQi1DTElURVNUOjJFUkdXUkQzVFlTV0VGLVdFU1RVUyIsImpvYkxvY2F0aW9uIjoid2VzdHVzIn0?api-version=2018-05-01']
      pragma: [no-cache]
      strict-transport-security: [max-age=31536000; includeSubDomains]
      x-content-type-options: [nosniff]
      x-ms-ratelimit-remaining-subscription-deletes: ['14999']
    status: {code: 202, message: Accepted}
version: 1
