interactions:
- request:
    body: '{"location": "westus", "tags": {"use": "az-test"}}'
    headers:
      Accept: [application/json]
      Accept-Encoding: ['gzip, deflate']
      CommandName: [group create]
      Connection: [keep-alive]
      Content-Length: ['50']
      Content-Type: [application/json; charset=utf-8]
      User-Agent: [python/3.5.3 (Windows-10-10.0.14393-SP0) requests/2.9.1 msrest/0.4.6
          msrest_azure/0.4.7 resourcemanagementclient/0.30.2 Azure-SDK-For-Python
          AZURECLI/2.0.1+dev]
      accept-language: [en-US]
    method: PUT
    uri: https://management.azure.com/subscriptions/00000000-0000-0000-0000-000000000000/resourcegroups/clitest.rg000001?api-version=2017-05-10
  response:
    body: {string: '{"id":"/subscriptions/00000000-0000-0000-0000-000000000000/resourceGroups/clitest.rg000001","name":"clitest.rg000001","location":"westus","tags":{"use":"az-test"},"properties":{"provisioningState":"Succeeded"}}'}
    headers:
      cache-control: [no-cache]
      content-length: ['326']
      content-type: [application/json; charset=utf-8]
      date: ['Mon, 20 Mar 2017 18:10:01 GMT']
      expires: ['-1']
      pragma: [no-cache]
      strict-transport-security: [max-age=31536000; includeSubDomains]
      x-ms-ratelimit-remaining-subscription-writes: ['1199']
    status: {code: 201, message: Created}
- request:
    body: null
    headers:
      Accept: [application/json]
      Accept-Encoding: ['gzip, deflate']
      CommandName: [appservice web create]
      Connection: [keep-alive]
      Content-Type: [application/json; charset=utf-8]
      User-Agent: [python/3.5.3 (Windows-10-10.0.14393-SP0) requests/2.9.1 msrest/0.4.6
          msrest_azure/0.4.7 resourcemanagementclient/0.30.2 Azure-SDK-For-Python
          AZURECLI/2.0.1+dev]
      accept-language: [en-US]
    method: GET
    uri: https://management.azure.com/subscriptions/00000000-0000-0000-0000-000000000000/resourcegroups/clitest.rg000001?api-version=2017-05-10
  response:
    body: {string: '{"id":"/subscriptions/00000000-0000-0000-0000-000000000000/resourceGroups/clitest.rg000001","name":"clitest.rg000001","location":"westus","tags":{"use":"az-test"},"properties":{"provisioningState":"Succeeded"}}'}
    headers:
      cache-control: [no-cache]
      content-length: ['326']
      content-type: [application/json; charset=utf-8]
      date: ['Mon, 20 Mar 2017 18:10:02 GMT']
      expires: ['-1']
      pragma: [no-cache]
      strict-transport-security: [max-age=31536000; includeSubDomains]
      vary: [Accept-Encoding]
    status: {code: 200, message: OK}
- request:
    body: null
    headers:
      Accept: [application/json]
      Accept-Encoding: ['gzip, deflate']
      CommandName: [appservice web create]
      Connection: [keep-alive]
      Content-Type: [application/json; charset=utf-8]
      User-Agent: [python/3.5.3 (Windows-10-10.0.14393-SP0) requests/2.9.1 msrest/0.4.6
          msrest_azure/0.4.7 websitemanagementclient/0.31.0 Azure-SDK-For-Python AZURECLI/2.0.1+dev]
      accept-language: [en-US]
    method: GET
    uri: https://management.azure.com/subscriptions/00000000-0000-0000-0000-000000000000/resourceGroups/clitest.rg000001/providers/Microsoft.Compute?api-version=2016-09-01
  response:
    body: {string: '{"value":[],"nextLink":null,"id":null}'}
    headers:
      cache-control: [no-cache]
      content-length: ['38']
      content-type: [application/json]
      date: ['Mon, 20 Mar 2017 18:10:02 GMT']
      expires: ['-1']
      pragma: [no-cache]
      server: [Microsoft-IIS/8.0]
      strict-transport-security: [max-age=31536000; includeSubDomains]
      transfer-encoding: [chunked]
      vary: [Accept-Encoding]
      x-aspnet-version: [4.0.30319]
      x-powered-by: [ASP.NET]
    status: {code: 200, message: OK}
- request:
    body: '{"location": "westus", "sku": {"tier": "STANDARD", "capacity": 1, "name":
      "S1"}, "properties": {"reserved": true, "perSiteScaling": false, "name": "cli-webapp-simple_plan"}}'
    headers:
      Accept: [application/json]
      Accept-Encoding: ['gzip, deflate']
      CommandName: [appservice web create]
      Connection: [keep-alive]
      Content-Length: ['173']
      Content-Type: [application/json; charset=utf-8]
      User-Agent: [python/3.5.3 (Windows-10-10.0.14393-SP0) requests/2.9.1 msrest/0.4.6
          msrest_azure/0.4.7 websitemanagementclient/0.31.0 Azure-SDK-For-Python AZURECLI/2.0.1+dev]
      accept-language: [en-US]
    method: PUT
    uri: https://management.azure.com/subscriptions/00000000-0000-0000-0000-000000000000/resourceGroups/clitest.rg000001/providers/Microsoft.Web/serverfarms/cli-webapp-simple_plan?api-version=2016-09-01
  response:
    body: {string: '{"id":"/subscriptions/00000000-0000-0000-0000-000000000000/resourceGroups/clitest.rg000001/providers/Microsoft.Web/serverfarms/cli-webapp-simple_plan","name":"cli-webapp-simple_plan","type":"Microsoft.Web/serverfarms","kind":"linux","location":"West
        US","tags":null,"properties":{"serverFarmId":0,"name":"cli-webapp-simple_plan","workerSize":"Small","workerSizeId":0,"workerTierName":null,"numberOfWorkers":1,"currentWorkerSize":"Small","currentWorkerSizeId":0,"currentNumberOfWorkers":1,"status":"Ready","webSpace":"clitest.rg000001-WestUSwebspace","subscription":"0b1f6471-1bf0-4dda-aec3-cb9272f09590","adminSiteName":null,"hostingEnvironment":null,"hostingEnvironmentProfile":null,"maximumNumberOfWorkers":10,"planName":"VirtualDedicatedPlan","adminRuntimeSiteName":null,"computeMode":"Shared","siteMode":null,"geoRegion":"West
        US","perSiteScaling":false,"numberOfSites":0,"hostingEnvironmentId":null,"tags":null,"kind":"linux","resourceGroup":"clitest.rg000001","reserved":true,"mdmId":"waws-prod-bay-063_2240","targetWorkerCount":0,"targetWorkerSizeId":0,"provisioningState":"Succeeded"},"sku":{"name":"S1","tier":"Standard","size":"S1","family":"S","capacity":1}}'}
    headers:
      cache-control: [no-cache]
      content-length: ['1343']
      content-type: [application/json]
      date: ['Mon, 20 Mar 2017 18:10:11 GMT']
      expires: ['-1']
      pragma: [no-cache]
      server: [Microsoft-IIS/8.0]
      strict-transport-security: [max-age=31536000; includeSubDomains]
      transfer-encoding: [chunked]
      vary: [Accept-Encoding]
      x-aspnet-version: [4.0.30319]
      x-ms-ratelimit-remaining-subscription-writes: ['1197']
      x-powered-by: [ASP.NET]
    status: {code: 200, message: OK}
- request:
    body: 'b''{"location": "westus", "properties": {"reserved": false, "scmSiteAlsoStopped":
      false, "serverFarmId": "/subscriptions/0b1f6471-1bf0-4dda-aec3-cb9272f09590/resourceGroups/clitest.rg000001/providers/Microsoft.Web/serverfarms/cli-webapp-simple_plan",
      "microService": "false"}}'''
    headers:
      Accept: [application/json]
      Accept-Encoding: ['gzip, deflate']
      CommandName: [appservice web create]
      Connection: [keep-alive]
      Content-Length: ['331']
      Content-Type: [application/json; charset=utf-8]
      User-Agent: [python/3.5.3 (Windows-10-10.0.14393-SP0) requests/2.9.1 msrest/0.4.6
          msrest_azure/0.4.7 websitemanagementclient/0.31.0 Azure-SDK-For-Python AZURECLI/2.0.1+dev]
      accept-language: [en-US]
    method: PUT
    uri: https://management.azure.com/subscriptions/00000000-0000-0000-0000-000000000000/resourceGroups/clitest.rg000001/providers/Microsoft.Web/sites/cli-webapp-simple?api-version=2016-08-01
  response:
    body: {string: '{"id":"/subscriptions/00000000-0000-0000-0000-000000000000/resourceGroups/clitest.rg000001/providers/Microsoft.Web/sites/cli-webapp-simple","name":"cli-webapp-simple","type":"Microsoft.Web/sites","kind":"app","location":"westus","tags":null,"properties":{"name":"cli-webapp-simple","state":"Running","hostNames":["cli-webapp-simple.azurewebsites.net"],"webSpace":"clitest.rg000001-WestUSwebspace","selfLink":"https://waws-prod-bay-063.api.azurewebsites.windows.net:454/subscriptions/00000000-0000-0000-0000-000000000000/webspaces/clitest.rg000001-WestUSwebspace/sites/cli-webapp-simple","repositorySiteName":"cli-webapp-simple","owner":null,"usageState":"Normal","enabled":true,"adminEnabled":true,"enabledHostNames":["cli-webapp-simple.azurewebsites.net","cli-webapp-simple.scm.azurewebsites.net"],"siteProperties":{"metadata":null,"properties":[],"appSettings":null},"availabilityState":"Normal","sslCertificates":null,"csrs":[],"cers":null,"siteMode":null,"hostNameSslStates":[{"name":"cli-webapp-simple.azurewebsites.net","sslState":"Disabled","ipBasedSslResult":null,"virtualIP":null,"thumbprint":null,"toUpdate":null,"toUpdateIpBasedSsl":null,"ipBasedSslState":"NotConfigured","hostType":"Standard"},{"name":"cli-webapp-simple.scm.azurewebsites.net","sslState":"Disabled","ipBasedSslResult":null,"virtualIP":null,"thumbprint":null,"toUpdate":null,"toUpdateIpBasedSsl":null,"ipBasedSslState":"NotConfigured","hostType":"Repository"}],"computeMode":null,"serverFarm":null,"serverFarmId":"/subscriptions/00000000-0000-0000-0000-000000000000/resourceGroups/clitest.rg000001/providers/Microsoft.Web/serverfarms/cli-webapp-simple_plan","reserved":true,"lastModifiedTimeUtc":"2017-03-20T18:10:16.19","storageRecoveryDefaultState":"Running","contentAvailabilityState":"Normal","runtimeAvailabilityState":"Normal","siteConfig":null,"deploymentId":"cli-webapp-simple","trafficManagerHostNames":null,"sku":"Standard","premiumAppDeployed":null,"scmSiteAlsoStopped":false,"targetSwapSlot":null,"hostingEnvironment":null,"hostingEnvironmentProfile":null,"microService":"false","gatewaySiteName":null,"clientAffinityEnabled":true,"clientCertEnabled":false,"hostNamesDisabled":false,"domainVerificationIdentifiers":null,"kind":"app","outboundIpAddresses":"13.93.220.109,13.64.108.119,13.64.198.87,13.64.192.142,13.64.109.132","containerSize":0,"dailyMemoryTimeQuota":0,"suspendedTill":null,"siteDisabledReason":0,"functionExecutionUnitsCache":null,"maxNumberOfWorkers":null,"homeStamp":"waws-prod-bay-063","cloningInfo":null,"hostingEnvironmentId":null,"tags":null,"resourceGroup":"clitest.rg000001","defaultHostName":"cli-webapp-simple.azurewebsites.net","slotSwapStatus":null}}'}
    headers:
      cache-control: [no-cache]
      content-length: ['2959']
      content-type: [application/json]
      date: ['Mon, 20 Mar 2017 18:10:24 GMT']
      etag: ['"1D2A1A53A1A24B5"']
      expires: ['-1']
      pragma: [no-cache]
      server: [Microsoft-IIS/8.0]
      strict-transport-security: [max-age=31536000; includeSubDomains]
      transfer-encoding: [chunked]
      vary: [Accept-Encoding]
      x-aspnet-version: [4.0.30319]
      x-ms-ratelimit-remaining-subscription-writes: ['1199']
      x-powered-by: [ASP.NET]
    status: {code: 200, message: OK}
- request:
    body: null
    headers:
      Accept: [application/json]
      Accept-Encoding: ['gzip, deflate']
      CommandName: [appservice web create]
      Connection: [keep-alive]
      Content-Type: [application/json; charset=utf-8]
      User-Agent: [python/3.5.3 (Windows-10-10.0.14393-SP0) requests/2.9.1 msrest/0.4.6
          msrest_azure/0.4.7 resourcemanagementclient/0.30.2 Azure-SDK-For-Python
          AZURECLI/2.0.1+dev]
      accept-language: [en-US]
    method: GET
    uri: https://management.azure.com/subscriptions/00000000-0000-0000-0000-000000000000/resourcegroups/clitest.rg000001?api-version=2017-05-10
  response:
    body: {string: '{"id":"/subscriptions/00000000-0000-0000-0000-000000000000/resourceGroups/clitest.rg000001","name":"clitest.rg000001","location":"westus","tags":{"use":"az-test"},"properties":{"provisioningState":"Succeeded"}}'}
    headers:
      cache-control: [no-cache]
      content-length: ['326']
      content-type: [application/json; charset=utf-8]
      date: ['Mon, 20 Mar 2017 18:10:26 GMT']
      expires: ['-1']
      pragma: [no-cache]
      strict-transport-security: [max-age=31536000; includeSubDomains]
      vary: [Accept-Encoding]
    status: {code: 200, message: OK}
- request:
    body: null
    headers:
      Accept: [application/json]
      Accept-Encoding: ['gzip, deflate']
      CommandName: [appservice web create]
      Connection: [keep-alive]
      Content-Type: [application/json; charset=utf-8]
      User-Agent: [python/3.5.3 (Windows-10-10.0.14393-SP0) requests/2.9.1 msrest/0.4.6
          msrest_azure/0.4.7 websitemanagementclient/0.31.0 Azure-SDK-For-Python AZURECLI/2.0.1+dev]
      accept-language: [en-US]
    method: GET
    uri: https://management.azure.com/subscriptions/00000000-0000-0000-0000-000000000000/resourceGroups/clitest.rg000001/providers/Microsoft.Compute?api-version=2016-09-01
  response:
    body: {string: '{"value":[{"id":"/subscriptions/00000000-0000-0000-0000-000000000000/resourceGroups/clitest.rg000001/providers/Microsoft.Web/serverfarms/cli-webapp-simple_plan","name":"cli-webapp-simple_plan","type":"Microsoft.Web/serverfarms","kind":"linux","location":"West
        US","tags":null,"properties":{"serverFarmId":0,"name":"cli-webapp-simple_plan","workerSize":"Small","workerSizeId":0,"workerTierName":null,"numberOfWorkers":1,"currentWorkerSize":"Small","currentWorkerSizeId":0,"currentNumberOfWorkers":1,"status":"Ready","webSpace":"clitest.rg000001-WestUSwebspace","subscription":"0b1f6471-1bf0-4dda-aec3-cb9272f09590","adminSiteName":null,"hostingEnvironment":null,"hostingEnvironmentProfile":null,"maximumNumberOfWorkers":10,"planName":"VirtualDedicatedPlan","adminRuntimeSiteName":null,"computeMode":"Shared","siteMode":null,"geoRegion":"West
        US","perSiteScaling":false,"numberOfSites":1,"hostingEnvironmentId":null,"tags":null,"kind":"linux","resourceGroup":"clitest.rg000001","reserved":true,"mdmId":"waws-prod-bay-063_2240","targetWorkerCount":0,"targetWorkerSizeId":0,"provisioningState":"Succeeded"},"sku":{"name":"S1","tier":"Standard","size":"S1","family":"S","capacity":1}}],"nextLink":null,"id":null}'}
    headers:
      cache-control: [no-cache]
      content-length: ['1381']
      content-type: [application/json]
      date: ['Mon, 20 Mar 2017 18:10:27 GMT']
      expires: ['-1']
      pragma: [no-cache]
      server: [Microsoft-IIS/8.0]
      strict-transport-security: [max-age=31536000; includeSubDomains]
      transfer-encoding: [chunked]
      vary: [Accept-Encoding]
      x-aspnet-version: [4.0.30319]
      x-powered-by: [ASP.NET]
    status: {code: 200, message: OK}
- request:
    body: 'b''{"location": "westus", "properties": {"reserved": false, "scmSiteAlsoStopped":
      false, "serverFarmId": "/subscriptions/0b1f6471-1bf0-4dda-aec3-cb9272f09590/resourceGroups/clitest.rg000001/providers/Microsoft.Web/serverfarms/cli-webapp-simple_plan",
      "microService": "false"}}'''
    headers:
      Accept: [application/json]
      Accept-Encoding: ['gzip, deflate']
      CommandName: [appservice web create]
      Connection: [keep-alive]
      Content-Length: ['331']
      Content-Type: [application/json; charset=utf-8]
      User-Agent: [python/3.5.3 (Windows-10-10.0.14393-SP0) requests/2.9.1 msrest/0.4.6
          msrest_azure/0.4.7 websitemanagementclient/0.31.0 Azure-SDK-For-Python AZURECLI/2.0.1+dev]
      accept-language: [en-US]
    method: PUT
    uri: https://management.azure.com/subscriptions/00000000-0000-0000-0000-000000000000/resourceGroups/clitest.rg000001/providers/Microsoft.Web/sites/cli-webapp-simple2?api-version=2016-08-01
  response:
    body: {string: '{"id":"/subscriptions/00000000-0000-0000-0000-000000000000/resourceGroups/clitest.rg000001/providers/Microsoft.Web/sites/cli-webapp-simple2","name":"cli-webapp-simple2","type":"Microsoft.Web/sites","kind":"app","location":"westus","tags":null,"properties":{"name":"cli-webapp-simple2","state":"Running","hostNames":["cli-webapp-simple2.azurewebsites.net"],"webSpace":"clitest.rg000001-WestUSwebspace","selfLink":"https://waws-prod-bay-063.api.azurewebsites.windows.net:454/subscriptions/00000000-0000-0000-0000-000000000000/webspaces/clitest.rg000001-WestUSwebspace/sites/cli-webapp-simple2","repositorySiteName":"cli-webapp-simple2","owner":null,"usageState":"Normal","enabled":true,"adminEnabled":true,"enabledHostNames":["cli-webapp-simple2.azurewebsites.net","cli-webapp-simple2.scm.azurewebsites.net"],"siteProperties":{"metadata":null,"properties":[],"appSettings":null},"availabilityState":"Normal","sslCertificates":null,"csrs":[],"cers":null,"siteMode":null,"hostNameSslStates":[{"name":"cli-webapp-simple2.azurewebsites.net","sslState":"Disabled","ipBasedSslResult":null,"virtualIP":null,"thumbprint":null,"toUpdate":null,"toUpdateIpBasedSsl":null,"ipBasedSslState":"NotConfigured","hostType":"Standard"},{"name":"cli-webapp-simple2.scm.azurewebsites.net","sslState":"Disabled","ipBasedSslResult":null,"virtualIP":null,"thumbprint":null,"toUpdate":null,"toUpdateIpBasedSsl":null,"ipBasedSslState":"NotConfigured","hostType":"Repository"}],"computeMode":null,"serverFarm":null,"serverFarmId":"/subscriptions/00000000-0000-0000-0000-000000000000/resourceGroups/clitest.rg000001/providers/Microsoft.Web/serverfarms/cli-webapp-simple_plan","reserved":true,"lastModifiedTimeUtc":"2017-03-20T18:10:29.6866667","storageRecoveryDefaultState":"Running","contentAvailabilityState":"Normal","runtimeAvailabilityState":"Normal","siteConfig":null,"deploymentId":"cli-webapp-simple2","trafficManagerHostNames":null,"sku":"Standard","premiumAppDeployed":null,"scmSiteAlsoStopped":false,"targetSwapSlot":null,"hostingEnvironment":null,"hostingEnvironmentProfile":null,"microService":"false","gatewaySiteName":null,"clientAffinityEnabled":true,"clientCertEnabled":false,"hostNamesDisabled":false,"domainVerificationIdentifiers":null,"kind":"app","outboundIpAddresses":"13.93.220.109,13.64.108.119,13.64.198.87,13.64.192.142,13.64.109.132","containerSize":0,"dailyMemoryTimeQuota":0,"suspendedTill":null,"siteDisabledReason":0,"functionExecutionUnitsCache":null,"maxNumberOfWorkers":null,"homeStamp":"waws-prod-bay-063","cloningInfo":null,"hostingEnvironmentId":null,"tags":null,"resourceGroup":"clitest.rg000001","defaultHostName":"cli-webapp-simple2.azurewebsites.net","slotSwapStatus":null}}'}
    headers:
      cache-control: [no-cache]
      content-length: ['2976']
      content-type: [application/json]
      date: ['Mon, 20 Mar 2017 18:10:32 GMT']
      etag: ['"1D2A1A542279B15"']
      expires: ['-1']
      pragma: [no-cache]
      server: [Microsoft-IIS/8.0]
      strict-transport-security: [max-age=31536000; includeSubDomains]
      transfer-encoding: [chunked]
      vary: [Accept-Encoding]
      x-aspnet-version: [4.0.30319]
      x-ms-ratelimit-remaining-subscription-writes: ['1197']
      x-powered-by: [ASP.NET]
    status: {code: 200, message: OK}
- request:
    body: null
    headers:
      Accept: [application/json]
      Accept-Encoding: ['gzip, deflate']
      CommandName: [resource list]
      Connection: [keep-alive]
      Content-Type: [application/json; charset=utf-8]
      User-Agent: [python/3.5.3 (Windows-10-10.0.14393-SP0) requests/2.9.1 msrest/0.4.6
          msrest_azure/0.4.7 resourcemanagementclient/0.30.2 Azure-SDK-For-Python
          AZURECLI/2.0.1+dev]
      accept-language: [en-US]
    method: GET
    uri: https://management.azure.com/subscriptions/00000000-0000-0000-0000-000000000000/resources?$filter=resourceGroup%20eq%20%27clitest.rg000001%27&api-version=2016-09-01
  response:
    body: {string: '{"value":[{"id":"/subscriptions/00000000-0000-0000-0000-000000000000/resourceGroups/clitest.rg000001/providers/Microsoft.Web/serverFarms/cli-webapp-simple_plan","name":"cli-webapp-simple_plan","type":"Microsoft.Web/serverFarms","sku":{"name":"S1","tier":"Standard","size":"S1","family":"S","capacity":1},"kind":"linux","location":"westus"},{"id":"/subscriptions/00000000-0000-0000-0000-000000000000/resourceGroups/clitest.rg000001/providers/Microsoft.Web/sites/cli-webapp-simple","name":"cli-webapp-simple","type":"Microsoft.Web/sites","kind":"app","location":"westus"},{"id":"/subscriptions/00000000-0000-0000-0000-000000000000/resourceGroups/clitest.rg000001/providers/Microsoft.Web/sites/cli-webapp-simple2","name":"cli-webapp-simple2","type":"Microsoft.Web/sites","kind":"app","location":"westus"}]}'}
    headers:
      cache-control: [no-cache]
      content-length: ['977']
      content-type: [application/json; charset=utf-8]
      date: ['Mon, 20 Mar 2017 18:10:33 GMT']
      expires: ['-1']
      pragma: [no-cache]
      strict-transport-security: [max-age=31536000; includeSubDomains]
      vary: [Accept-Encoding]
    status: {code: 200, message: OK}
- request:
    body: null
    headers:
      Accept: [application/json]
      Accept-Encoding: ['gzip, deflate']
      CommandName: [appservice web create]
      Connection: [keep-alive]
      Content-Type: [application/json; charset=utf-8]
      User-Agent: [python/3.5.3 (Windows-10-10.0.14393-SP0) requests/2.9.1 msrest/0.4.6
          msrest_azure/0.4.7 resourcemanagementclient/0.30.2 Azure-SDK-For-Python
          AZURECLI/2.0.1+dev]
      accept-language: [en-US]
    method: GET
    uri: https://management.azure.com/subscriptions/00000000-0000-0000-0000-000000000000/resourcegroups/clitest.rg000001?api-version=2017-05-10
  response:
    body: {string: '{"id":"/subscriptions/00000000-0000-0000-0000-000000000000/resourceGroups/clitest.rg000001","name":"clitest.rg000001","location":"westus","tags":{"use":"az-test"},"properties":{"provisioningState":"Succeeded"}}'}
    headers:
      cache-control: [no-cache]
      content-length: ['326']
      content-type: [application/json; charset=utf-8]
      date: ['Mon, 20 Mar 2017 18:10:34 GMT']
      expires: ['-1']
      pragma: [no-cache]
      strict-transport-security: [max-age=31536000; includeSubDomains]
      vary: [Accept-Encoding]
    status: {code: 200, message: OK}
- request:
    body: null
    headers:
      Accept: [application/json]
      Accept-Encoding: ['gzip, deflate']
      CommandName: [appservice web create]
      Connection: [keep-alive]
      Content-Type: [application/json; charset=utf-8]
      User-Agent: [python/3.5.3 (Windows-10-10.0.14393-SP0) requests/2.9.1 msrest/0.4.6
          msrest_azure/0.4.7 websitemanagementclient/0.31.0 Azure-SDK-For-Python AZURECLI/2.0.1+dev]
      accept-language: [en-US]
    method: GET
    uri: https://management.azure.com/subscriptions/00000000-0000-0000-0000-000000000000/resourceGroups/clitest.rg000001/providers/Microsoft.Web/serverfarms/winplan?api-version=2016-09-01
  response:
    body: {string: '{"error":{"code":"ResourceNotFound","message":"The Resource ''Microsoft.Web/serverFarms/winplan''
        under resource group ''clitest.rg000001'' was not found."}}'}
    headers:
      cache-control: [no-cache]
      content-length: ['211']
      content-type: [application/json; charset=utf-8]
      date: ['Mon, 20 Mar 2017 18:10:34 GMT']
      expires: ['-1']
      pragma: [no-cache]
      strict-transport-security: [max-age=31536000; includeSubDomains]
      x-ms-failure-cause: [gateway]
    status: {code: 404, message: Not Found}
- request:
    body: '{"location": "westus", "sku": {"tier": "BASIC", "capacity": 1, "name":
      "B1"}, "properties": {"reserved": true, "perSiteScaling": false, "name": "winplan"}}'
    headers:
      Accept: [application/json]
      Accept-Encoding: ['gzip, deflate']
      CommandName: [appservice web create]
      Connection: [keep-alive]
      Content-Length: ['155']
      Content-Type: [application/json; charset=utf-8]
      User-Agent: [python/3.5.3 (Windows-10-10.0.14393-SP0) requests/2.9.1 msrest/0.4.6
          msrest_azure/0.4.7 websitemanagementclient/0.31.0 Azure-SDK-For-Python AZURECLI/2.0.1+dev]
      accept-language: [en-US]
    method: PUT
    uri: https://management.azure.com/subscriptions/00000000-0000-0000-0000-000000000000/resourceGroups/clitest.rg000001/providers/Microsoft.Web/serverfarms/winplan?api-version=2016-09-01
  response:
    body: {string: '{"id":"/subscriptions/00000000-0000-0000-0000-000000000000/resourceGroups/clitest.rg000001/providers/Microsoft.Web/serverfarms/winplan","name":"winplan","type":"Microsoft.Web/serverfarms","kind":"linux","location":"West
        US","tags":null,"properties":{"serverFarmId":0,"name":"winplan","workerSize":"Small","workerSizeId":0,"workerTierName":null,"numberOfWorkers":1,"currentWorkerSize":"Small","currentWorkerSizeId":0,"currentNumberOfWorkers":1,"status":"Ready","webSpace":"clitest.rg000001-WestUSwebspace","subscription":"0b1f6471-1bf0-4dda-aec3-cb9272f09590","adminSiteName":null,"hostingEnvironment":null,"hostingEnvironmentProfile":null,"maximumNumberOfWorkers":3,"planName":"VirtualDedicatedPlan","adminRuntimeSiteName":null,"computeMode":"Shared","siteMode":null,"geoRegion":"West
        US","perSiteScaling":false,"numberOfSites":0,"hostingEnvironmentId":null,"tags":null,"kind":"linux","resourceGroup":"clitest.rg000001","reserved":true,"mdmId":"waws-prod-bay-063_2241","targetWorkerCount":0,"targetWorkerSizeId":0,"provisioningState":"Succeeded"},"sku":{"name":"B1","tier":"Basic","size":"B1","family":"B","capacity":1}}'}
    headers:
      cache-control: [no-cache]
      content-length: ['1294']
      content-type: [application/json]
      date: ['Mon, 20 Mar 2017 18:10:39 GMT']
      expires: ['-1']
      pragma: [no-cache]
      server: [Microsoft-IIS/8.0]
      strict-transport-security: [max-age=31536000; includeSubDomains]
      transfer-encoding: [chunked]
      vary: [Accept-Encoding]
      x-aspnet-version: [4.0.30319]
      x-ms-ratelimit-remaining-subscription-writes: ['1197']
      x-powered-by: [ASP.NET]
    status: {code: 200, message: OK}
- request:
    body: 'b''{"location": "westus", "properties": {"reserved": false, "scmSiteAlsoStopped":
      false, "serverFarmId": "/subscriptions/0b1f6471-1bf0-4dda-aec3-cb9272f09590/resourceGroups/clitest.rg000001/providers/Microsoft.Web/serverfarms/winplan",
      "microService": "false"}}'''
    headers:
      Accept: [application/json]
      Accept-Encoding: ['gzip, deflate']
      CommandName: [appservice web create]
      Connection: [keep-alive]
      Content-Length: ['316']
      Content-Type: [application/json; charset=utf-8]
      User-Agent: [python/3.5.3 (Windows-10-10.0.14393-SP0) requests/2.9.1 msrest/0.4.6
          msrest_azure/0.4.7 websitemanagementclient/0.31.0 Azure-SDK-For-Python AZURECLI/2.0.1+dev]
      accept-language: [en-US]
    method: PUT
    uri: https://management.azure.com/subscriptions/00000000-0000-0000-0000-000000000000/resourceGroups/clitest.rg000001/providers/Microsoft.Web/sites/cli-webapp-simple3?api-version=2016-08-01
  response:
    body: {string: '{"id":"/subscriptions/00000000-0000-0000-0000-000000000000/resourceGroups/clitest.rg000001/providers/Microsoft.Web/sites/cli-webapp-simple3","name":"cli-webapp-simple3","type":"Microsoft.Web/sites","kind":"app","location":"westus","tags":null,"properties":{"name":"cli-webapp-simple3","state":"Running","hostNames":["cli-webapp-simple3.azurewebsites.net"],"webSpace":"clitest.rg000001-WestUSwebspace","selfLink":"https://waws-prod-bay-063.api.azurewebsites.windows.net:454/subscriptions/00000000-0000-0000-0000-000000000000/webspaces/clitest.rg000001-WestUSwebspace/sites/cli-webapp-simple3","repositorySiteName":"cli-webapp-simple3","owner":null,"usageState":"Normal","enabled":true,"adminEnabled":true,"enabledHostNames":["cli-webapp-simple3.azurewebsites.net","cli-webapp-simple3.scm.azurewebsites.net"],"siteProperties":{"metadata":null,"properties":[],"appSettings":null},"availabilityState":"Normal","sslCertificates":null,"csrs":[],"cers":null,"siteMode":null,"hostNameSslStates":[{"name":"cli-webapp-simple3.azurewebsites.net","sslState":"Disabled","ipBasedSslResult":null,"virtualIP":null,"thumbprint":null,"toUpdate":null,"toUpdateIpBasedSsl":null,"ipBasedSslState":"NotConfigured","hostType":"Standard"},{"name":"cli-webapp-simple3.scm.azurewebsites.net","sslState":"Disabled","ipBasedSslResult":null,"virtualIP":null,"thumbprint":null,"toUpdate":null,"toUpdateIpBasedSsl":null,"ipBasedSslState":"NotConfigured","hostType":"Repository"}],"computeMode":null,"serverFarm":null,"serverFarmId":"/subscriptions/00000000-0000-0000-0000-000000000000/resourceGroups/clitest.rg000001/providers/Microsoft.Web/serverfarms/winplan","reserved":true,"lastModifiedTimeUtc":"2017-03-20T18:10:42.93","storageRecoveryDefaultState":"Running","contentAvailabilityState":"Normal","runtimeAvailabilityState":"Normal","siteConfig":null,"deploymentId":"cli-webapp-simple3","trafficManagerHostNames":null,"sku":"Basic","premiumAppDeployed":null,"scmSiteAlsoStopped":false,"targetSwapSlot":null,"hostingEnvironment":null,"hostingEnvironmentProfile":null,"microService":"false","gatewaySiteName":null,"clientAffinityEnabled":true,"clientCertEnabled":false,"hostNamesDisabled":false,"domainVerificationIdentifiers":null,"kind":"app","outboundIpAddresses":"13.93.220.109,13.64.108.119,13.64.198.87,13.64.192.142,13.64.109.132","containerSize":0,"dailyMemoryTimeQuota":0,"suspendedTill":null,"siteDisabledReason":0,"functionExecutionUnitsCache":null,"maxNumberOfWorkers":null,"homeStamp":"waws-prod-bay-063","cloningInfo":null,"hostingEnvironmentId":null,"tags":null,"resourceGroup":"clitest.rg000001","defaultHostName":"cli-webapp-simple3.azurewebsites.net","slotSwapStatus":null}}'}
    headers:
      cache-control: [no-cache]
      content-length: ['2953']
      content-type: [application/json]
      date: ['Mon, 20 Mar 2017 18:10:50 GMT']
      etag: ['"1D2A1A54A09D5C0"']
      expires: ['-1']
      pragma: [no-cache]
      server: [Microsoft-IIS/8.0]
      strict-transport-security: [max-age=31536000; includeSubDomains]
      transfer-encoding: [chunked]
      vary: [Accept-Encoding]
      x-aspnet-version: [4.0.30319]
      x-ms-ratelimit-remaining-subscription-writes: ['1198']
      x-powered-by: [ASP.NET]
    status: {code: 200, message: OK}
- request:
    body: null
    headers:
      Accept: [application/json]
      Accept-Encoding: ['gzip, deflate']
      CommandName: [resource list]
      Connection: [keep-alive]
      Content-Type: [application/json; charset=utf-8]
      User-Agent: [python/3.5.3 (Windows-10-10.0.14393-SP0) requests/2.9.1 msrest/0.4.6
          msrest_azure/0.4.7 resourcemanagementclient/0.30.2 Azure-SDK-For-Python
          AZURECLI/2.0.1+dev]
      accept-language: [en-US]
    method: GET
    uri: https://management.azure.com/subscriptions/00000000-0000-0000-0000-000000000000/resources?$filter=resourceGroup%20eq%20%27clitest.rg000001%27&api-version=2016-09-01
  response:
    body: {string: '{"value":[{"id":"/subscriptions/00000000-0000-0000-0000-000000000000/resourceGroups/clitest.rg000001/providers/Microsoft.Web/serverFarms/cli-webapp-simple_plan","name":"cli-webapp-simple_plan","type":"Microsoft.Web/serverFarms","sku":{"name":"S1","tier":"Standard","size":"S1","family":"S","capacity":1},"kind":"linux","location":"westus"},{"id":"/subscriptions/00000000-0000-0000-0000-000000000000/resourceGroups/clitest.rg000001/providers/Microsoft.Web/serverFarms/winplan","name":"winplan","type":"Microsoft.Web/serverFarms","sku":{"name":"B1","tier":"Basic","size":"B1","family":"B","capacity":1},"kind":"linux","location":"westus"},{"id":"/subscriptions/00000000-0000-0000-0000-000000000000/resourceGroups/clitest.rg000001/providers/Microsoft.Web/sites/cli-webapp-simple","name":"cli-webapp-simple","type":"Microsoft.Web/sites","kind":"app","location":"westus"},{"id":"/subscriptions/00000000-0000-0000-0000-000000000000/resourceGroups/clitest.rg000001/providers/Microsoft.Web/sites/cli-webapp-simple2","name":"cli-webapp-simple2","type":"Microsoft.Web/sites","kind":"app","location":"westus"},{"id":"/subscriptions/00000000-0000-0000-0000-000000000000/resourceGroups/clitest.rg000001/providers/Microsoft.Web/sites/cli-webapp-simple3","name":"cli-webapp-simple3","type":"Microsoft.Web/sites","kind":"app","location":"westus"}]}'}
    headers:
      cache-control: [no-cache]
      content-length: ['1622']
      content-type: [application/json; charset=utf-8]
      date: ['Mon, 20 Mar 2017 18:10:52 GMT']
      expires: ['-1']
      pragma: [no-cache]
      strict-transport-security: [max-age=31536000; includeSubDomains]
      vary: [Accept-Encoding]
    status: {code: 200, message: OK}
- request:
    body: null
    headers:
      Accept: [application/json]
      Accept-Encoding: ['gzip, deflate']
      CommandName: [group delete]
      Connection: [keep-alive]
      Content-Length: ['0']
      Content-Type: [application/json; charset=utf-8]
      User-Agent: [python/3.5.3 (Windows-10-10.0.14393-SP0) requests/2.9.1 msrest/0.4.6
          msrest_azure/0.4.7 resourcemanagementclient/0.30.2 Azure-SDK-For-Python
          AZURECLI/2.0.1+dev]
      accept-language: [en-US]
    method: DELETE
    uri: https://management.azure.com/subscriptions/00000000-0000-0000-0000-000000000000/resourcegroups/clitest.rg000001?api-version=2017-05-10
  response:
    body: {string: ''}
    headers:
      cache-control: [no-cache]
      content-length: ['0']
      date: ['Mon, 20 Mar 2017 18:10:53 GMT']
      expires: ['-1']
      location: ['https://management.azure.com/subscriptions/00000000-0000-0000-0000-000000000000/operationresults/eyJqb2JJZCI6IlJFU09VUkNFR1JPVVBERUxFVElPTkpPQi1DTElURVNUOjJFUkdCNDdGRURCN0NGOEEzNjEzNTIyRTU5ODg3RUVCRUQ1NDg3RXxGRkU0RURDMDBCRkYxRUVBLVdFU1RVUyIsImpvYkxvY2F0aW9uIjoid2VzdHVzIn0?api-version=2016-09-01']
      pragma: [no-cache]
      retry-after: ['15']
      strict-transport-security: [max-age=31536000; includeSubDomains]
      x-ms-ratelimit-remaining-subscription-writes: ['1197']
    status: {code: 202, message: Accepted}
version: 1
