interactions:
- request:
    body: '{"sku": {"name": "Standard_LRS"}, "kind": "Storage", "location": "westus"}'
    headers:
      Accept: [application/json]
      Accept-Encoding: ['gzip, deflate']
      Connection: [keep-alive]
      Content-Length: ['74']
      Content-Type: [application/json; charset=utf-8]
      User-Agent: [python/3.5.2 (Windows-10-10.0.14393-SP0) requests/2.9.1 msrest/0.4.7
          msrest_azure/0.4.7 storagemanagementclient/0.31.0 Azure-SDK-For-Python AZURECLI/TEST/2.0.2+dev]
      accept-language: [en-US]
      x-ms-client-request-id: [6041a238-1ee4-11e7-be49-78acc0ad0877]
    method: PUT
    uri: https://management.azure.com/subscriptions/00000000-0000-0000-0000-000000000000/resourceGroups/azurecli-functionapp-c-e2e/providers/Microsoft.Storage/storageAccounts/functionaconstorage?api-version=2016-12-01
  response:
    body: {string: ''}
    headers:
      Cache-Control: [no-cache]
      Content-Length: ['0']
      Date: ['Tue, 11 Apr 2017 18:26:28 GMT']
      Expires: ['-1']
      Location: ['https://management.azure.com/subscriptions/b27cf603-5c35-4451-a33a-abba1a08c9c2/providers/Microsoft.Storage/operations/c45bb62b-d811-4641-ac69-64f72da32e98?monitor=true&api-version=2016-12-01']
      Pragma: [no-cache]
      Retry-After: ['17']
      Server: [Microsoft-Azure-Storage-Resource-Provider/1.0, Microsoft-HTTPAPI/2.0]
      Strict-Transport-Security: [max-age=31536000; includeSubDomains]
      x-ms-ratelimit-remaining-subscription-writes: ['1199']
    status: {code: 202, message: Accepted}
- request:
    body: null
    headers:
      Accept: [application/json]
      Accept-Encoding: ['gzip, deflate']
      Connection: [keep-alive]
      Content-Type: [application/json; charset=utf-8]
      User-Agent: [python/3.5.2 (Windows-10-10.0.14393-SP0) requests/2.9.1 msrest/0.4.7
          msrest_azure/0.4.7 storagemanagementclient/0.31.0 Azure-SDK-For-Python AZURECLI/TEST/2.0.2+dev]
      accept-language: [en-US]
      x-ms-client-request-id: [6041a238-1ee4-11e7-be49-78acc0ad0877]
    method: GET
    uri: https://management.azure.com/subscriptions/00000000-0000-0000-0000-000000000000/providers/Microsoft.Storage/operations/c45bb62b-d811-4641-ac69-64f72da32e98?monitor=true&api-version=2016-12-01
  response:
    body: {string: '{"id":"/subscriptions/00000000-0000-0000-0000-000000000000/resourceGroups/azurecli-functionapp-c-e2e/providers/Microsoft.Storage/storageAccounts/functionaconstorage","kind":"Storage","location":"westus","name":"functionaconstorage","properties":{"creationTime":"2017-04-11T18:26:28.4684196Z","primaryEndpoints":{"blob":"https://functionaconstorage.blob.core.windows.net/","file":"https://functionaconstorage.file.core.windows.net/","queue":"https://functionaconstorage.queue.core.windows.net/","table":"https://functionaconstorage.table.core.windows.net/"},"primaryLocation":"westus","provisioningState":"Succeeded","statusOfPrimary":"available","supportsHttpsTrafficOnly":false},"sku":{"name":"Standard_LRS","tier":"Standard"},"tags":{},"type":"Microsoft.Storage/storageAccounts"}

        '}
    headers:
      Cache-Control: [no-cache]
      Content-Type: [application/json]
      Date: ['Tue, 11 Apr 2017 18:26:45 GMT']
      Expires: ['-1']
      Pragma: [no-cache]
      Server: [Microsoft-Azure-Storage-Resource-Provider/1.0, Microsoft-HTTPAPI/2.0]
      Strict-Transport-Security: [max-age=31536000; includeSubDomains]
      Transfer-Encoding: [chunked]
      Vary: [Accept-Encoding]
      content-length: ['788']
    status: {code: 200, message: OK}
- request:
    body: null
    headers:
      Accept: [application/json]
      Accept-Encoding: ['gzip, deflate']
      Connection: [keep-alive]
      Content-Type: [application/json; charset=utf-8]
      User-Agent: [python/3.5.2 (Windows-10-10.0.14393-SP0) requests/2.9.1 msrest/0.4.7
          msrest_azure/0.4.7 websitemanagementclient/0.31.0 Azure-SDK-For-Python AZURECLI/TEST/2.0.2+dev]
      accept-language: [en-US]
      x-ms-client-request-id: [6c26fd62-1ee4-11e7-9b1f-78acc0ad0877]
    method: GET
    uri: https://management.azure.com/subscriptions/00000000-0000-0000-0000-000000000000/providers/Microsoft.Web/geoRegions?sku=Dynamic&api-version=2016-03-01
  response:
    body: {string: '{"value":[{"id":"/subscriptions/00000000-0000-0000-0000-000000000000/providers/Microsoft.Web/geoRegions/South
        Central US","name":"South Central US","type":"Microsoft.Web/geoRegions","properties":{"name":"South
        Central US","description":null,"sortOrder":0,"displayName":"South Central
        US"}},{"id":"/subscriptions/00000000-0000-0000-0000-000000000000/providers/Microsoft.Web/geoRegions/North
        Europe","name":"North Europe","type":"Microsoft.Web/geoRegions","properties":{"name":"North
        Europe","description":null,"sortOrder":1,"displayName":"North Europe"}},{"id":"/subscriptions/00000000-0000-0000-0000-000000000000/providers/Microsoft.Web/geoRegions/West
        Europe","name":"West Europe","type":"Microsoft.Web/geoRegions","properties":{"name":"West
        Europe","description":null,"sortOrder":2,"displayName":"West Europe"}},{"id":"/subscriptions/00000000-0000-0000-0000-000000000000/providers/Microsoft.Web/geoRegions/Southeast
        Asia","name":"Southeast Asia","type":"Microsoft.Web/geoRegions","properties":{"name":"Southeast
        Asia","description":null,"sortOrder":3,"displayName":"Southeast Asia"}},{"id":"/subscriptions/00000000-0000-0000-0000-000000000000/providers/Microsoft.Web/geoRegions/East
        Asia","name":"East Asia","type":"Microsoft.Web/geoRegions","properties":{"name":"East
        Asia","description":null,"sortOrder":4,"displayName":"East Asia"}},{"id":"/subscriptions/00000000-0000-0000-0000-000000000000/providers/Microsoft.Web/geoRegions/West
        US","name":"West US","type":"Microsoft.Web/geoRegions","properties":{"name":"West
        US","description":null,"sortOrder":5,"displayName":"West US"}},{"id":"/subscriptions/00000000-0000-0000-0000-000000000000/providers/Microsoft.Web/geoRegions/East
        US","name":"East US","type":"Microsoft.Web/geoRegions","properties":{"name":"East
        US","description":null,"sortOrder":6,"displayName":"East US"}},{"id":"/subscriptions/00000000-0000-0000-0000-000000000000/providers/Microsoft.Web/geoRegions/Japan
        West","name":"Japan West","type":"Microsoft.Web/geoRegions","properties":{"name":"Japan
        West","description":null,"sortOrder":7,"displayName":"Japan West"}},{"id":"/subscriptions/00000000-0000-0000-0000-000000000000/providers/Microsoft.Web/geoRegions/Japan
        East","name":"Japan East","type":"Microsoft.Web/geoRegions","properties":{"name":"Japan
        East","description":null,"sortOrder":8,"displayName":"Japan East"}},{"id":"/subscriptions/00000000-0000-0000-0000-000000000000/providers/Microsoft.Web/geoRegions/East
        US 2","name":"East US 2","type":"Microsoft.Web/geoRegions","properties":{"name":"East
        US 2","description":null,"sortOrder":9,"displayName":"East US 2"}},{"id":"/subscriptions/00000000-0000-0000-0000-000000000000/providers/Microsoft.Web/geoRegions/North
        Central US","name":"North Central US","type":"Microsoft.Web/geoRegions","properties":{"name":"North
        Central US","description":null,"sortOrder":10,"displayName":"North Central
        US"}},{"id":"/subscriptions/00000000-0000-0000-0000-000000000000/providers/Microsoft.Web/geoRegions/Central
        US","name":"Central US","type":"Microsoft.Web/geoRegions","properties":{"name":"Central
        US","description":null,"sortOrder":11,"displayName":"Central US"}},{"id":"/subscriptions/00000000-0000-0000-0000-000000000000/providers/Microsoft.Web/geoRegions/Brazil
        South","name":"Brazil South","type":"Microsoft.Web/geoRegions","properties":{"name":"Brazil
        South","description":null,"sortOrder":12,"displayName":"Brazil South"}},{"id":"/subscriptions/00000000-0000-0000-0000-000000000000/providers/Microsoft.Web/geoRegions/Australia
        East","name":"Australia East","type":"Microsoft.Web/geoRegions","properties":{"name":"Australia
        East","description":null,"sortOrder":13,"displayName":"Australia East"}},{"id":"/subscriptions/00000000-0000-0000-0000-000000000000/providers/Microsoft.Web/geoRegions/Australia
        Southeast","name":"Australia Southeast","type":"Microsoft.Web/geoRegions","properties":{"name":"Australia
        Southeast","description":null,"sortOrder":14,"displayName":"Australia Southeast"}},{"id":"/subscriptions/00000000-0000-0000-0000-000000000000/providers/Microsoft.Web/geoRegions/South
        India","name":"South India","type":"Microsoft.Web/geoRegions","properties":{"name":"South
        India","description":null,"sortOrder":2147483647,"displayName":"South India"}},{"id":"/subscriptions/00000000-0000-0000-0000-000000000000/providers/Microsoft.Web/geoRegions/Canada
        Central","name":"Canada Central","type":"Microsoft.Web/geoRegions","properties":{"name":"Canada
        Central","description":null,"sortOrder":2147483647,"displayName":"Canada Central"}},{"id":"/subscriptions/00000000-0000-0000-0000-000000000000/providers/Microsoft.Web/geoRegions/West
        US 2","name":"West US 2","type":"Microsoft.Web/geoRegions","properties":{"name":"West
        US 2","description":null,"sortOrder":2147483647,"displayName":"West US 2"}},{"id":"/subscriptions/00000000-0000-0000-0000-000000000000/providers/Microsoft.Web/geoRegions/UK
        South","name":"UK South","type":"Microsoft.Web/geoRegions","properties":{"name":"UK
        South","description":null,"sortOrder":2147483647,"displayName":"UK South"}}],"nextLink":null,"id":null}'}
    headers:
      Cache-Control: [no-cache]
      Content-Type: [application/json]
      Date: ['Tue, 11 Apr 2017 18:26:47 GMT']
      Expires: ['-1']
      Pragma: [no-cache]
      Server: [Microsoft-IIS/8.0]
      Strict-Transport-Security: [max-age=31536000; includeSubDomains]
      Transfer-Encoding: [chunked]
      Vary: [Accept-Encoding]
      X-AspNet-Version: [4.0.30319]
      X-Powered-By: [ASP.NET]
      content-length: ['5054']
    status: {code: 200, message: OK}
- request:
    body: null
    headers:
      Accept: [application/json]
      Accept-Encoding: ['gzip, deflate']
      Connection: [keep-alive]
      Content-Type: [application/json; charset=utf-8]
      User-Agent: [python/3.5.2 (Windows-10-10.0.14393-SP0) requests/2.9.1 msrest/0.4.7
          msrest_azure/0.4.7 storagemanagementclient/0.31.0 Azure-SDK-For-Python AZURECLI/TEST/2.0.2+dev]
      accept-language: [en-US]
      x-ms-client-request-id: [6c7a3ce6-1ee4-11e7-bc2f-78acc0ad0877]
    method: GET
    uri: https://management.azure.com/subscriptions/00000000-0000-0000-0000-000000000000/resourceGroups/azurecli-functionapp-c-e2e/providers/Microsoft.Storage/storageAccounts/functionaconstorage?api-version=2016-12-01
  response:
    body: {string: '{"id":"/subscriptions/00000000-0000-0000-0000-000000000000/resourceGroups/azurecli-functionapp-c-e2e/providers/Microsoft.Storage/storageAccounts/functionaconstorage","kind":"Storage","location":"westus","name":"functionaconstorage","properties":{"creationTime":"2017-04-11T18:26:28.4684196Z","primaryEndpoints":{"blob":"https://functionaconstorage.blob.core.windows.net/","file":"https://functionaconstorage.file.core.windows.net/","queue":"https://functionaconstorage.queue.core.windows.net/","table":"https://functionaconstorage.table.core.windows.net/"},"primaryLocation":"westus","provisioningState":"Succeeded","statusOfPrimary":"available","supportsHttpsTrafficOnly":false},"sku":{"name":"Standard_LRS","tier":"Standard"},"tags":{},"type":"Microsoft.Storage/storageAccounts"}

        '}
    headers:
      Cache-Control: [no-cache]
      Content-Type: [application/json]
      Date: ['Tue, 11 Apr 2017 18:26:48 GMT']
      Expires: ['-1']
      Pragma: [no-cache]
      Server: [Microsoft-Azure-Storage-Resource-Provider/1.0, Microsoft-HTTPAPI/2.0]
      Strict-Transport-Security: [max-age=31536000; includeSubDomains]
      Transfer-Encoding: [chunked]
      Vary: [Accept-Encoding]
      content-length: ['788']
    status: {code: 200, message: OK}
- request:
    body: null
    headers:
      Accept: [application/json]
      Accept-Encoding: ['gzip, deflate']
      Connection: [keep-alive]
      Content-Length: ['0']
      Content-Type: [application/json; charset=utf-8]
      User-Agent: [python/3.5.2 (Windows-10-10.0.14393-SP0) requests/2.9.1 msrest/0.4.7
          msrest_azure/0.4.7 storagemanagementclient/0.31.0 Azure-SDK-For-Python AZURECLI/TEST/2.0.2+dev]
      accept-language: [en-US]
      x-ms-client-request-id: [6cdd459e-1ee4-11e7-8b2a-78acc0ad0877]
    method: POST
    uri: https://management.azure.com/subscriptions/00000000-0000-0000-0000-000000000000/resourceGroups/azurecli-functionapp-c-e2e/providers/Microsoft.Storage/storageAccounts/functionaconstorage/listKeys?api-version=2016-12-01
  response:
    body: {string: '{"keys":[{"keyName":"key1","permissions":"Full","value":"Zco//PVLjL3lwyJxW7MIUkzDjpIU5B0X5LnIFxbx/L4oUopcr1OzGC2b1Bur09U+GCr/gv/H3Y4PJKg0/6VXRQ=="},{"keyName":"key2","permissions":"Full","value":"80WrM49dYVbmTRTtxvUM4WjCxyoegDewzlWChtVwh16ySrSqh8utd5urHwhRaW2ehKVL4qppb8P4s8bKigObbA=="}]}

        '}
    headers:
      Cache-Control: [no-cache]
      Content-Type: [application/json]
      Date: ['Tue, 11 Apr 2017 18:26:48 GMT']
      Expires: ['-1']
      Pragma: [no-cache]
      Server: [Microsoft-Azure-Storage-Resource-Provider/1.0, Microsoft-HTTPAPI/2.0]
      Strict-Transport-Security: [max-age=31536000; includeSubDomains]
      Transfer-Encoding: [chunked]
      Vary: [Accept-Encoding]
      content-length: ['289']
      x-ms-ratelimit-remaining-subscription-writes: ['1196']
    status: {code: 200, message: OK}
- request:
    body: '{"kind": "functionapp", "location": "westus", "properties": {"reserved":
      false, "scmSiteAlsoStopped": false, "microService": "false"}}'
    headers:
      Accept: [application/json]
      Accept-Encoding: ['gzip, deflate']
      Connection: [keep-alive]
      Content-Length: ['134']
      Content-Type: [application/json; charset=utf-8]
      User-Agent: [python/3.5.2 (Windows-10-10.0.14393-SP0) requests/2.9.1 msrest/0.4.7
          msrest_azure/0.4.7 websitemanagementclient/0.31.0 Azure-SDK-For-Python AZURECLI/TEST/2.0.2+dev]
      accept-language: [en-US]
      x-ms-client-request-id: [6d35df1e-1ee4-11e7-b497-78acc0ad0877]
    method: PUT
    uri: https://management.azure.com/subscriptions/00000000-0000-0000-0000-000000000000/resourceGroups/azurecli-functionapp-c-e2e/providers/Microsoft.Web/sites/functionappconsumption?api-version=2016-08-01
  response:
    body: {string: '{"id":"/subscriptions/00000000-0000-0000-0000-000000000000/resourceGroups/azurecli-functionapp-c-e2e/providers/Microsoft.Web/sites/functionappconsumption","name":"functionappconsumption","type":"Microsoft.Web/sites","kind":"functionapp","location":"westus","properties":{"name":"functionappconsumption","state":"Running","hostNames":["functionappconsumption.azurewebsites.net"],"webSpace":"azurecli-functionapp-c-e2e-WestUSwebspace","selfLink":"https://waws-prod-bay-035.api.azurewebsites.windows.net:454/subscriptions/00000000-0000-0000-0000-000000000000/webspaces/azurecli-functionapp-c-e2e-WestUSwebspace/sites/functionappconsumption","repositorySiteName":"functionappconsumption","owner":null,"usageState":"Normal","enabled":true,"adminEnabled":true,"enabledHostNames":["functionappconsumption.azurewebsites.net","functionappconsumption.scm.azurewebsites.net"],"siteProperties":{"metadata":null,"properties":[],"appSettings":null},"availabilityState":"Normal","sslCertificates":null,"csrs":[],"cers":null,"siteMode":null,"hostNameSslStates":[{"name":"functionappconsumption.azurewebsites.net","sslState":"Disabled","ipBasedSslResult":null,"virtualIP":null,"thumbprint":null,"toUpdate":null,"toUpdateIpBasedSsl":null,"ipBasedSslState":"NotConfigured","hostType":"Standard"},{"name":"functionappconsumption.scm.azurewebsites.net","sslState":"Disabled","ipBasedSslResult":null,"virtualIP":null,"thumbprint":null,"toUpdate":null,"toUpdateIpBasedSsl":null,"ipBasedSslState":"NotConfigured","hostType":"Repository"}],"computeMode":null,"serverFarm":null,"serverFarmId":"/subscriptions/00000000-0000-0000-0000-000000000000/resourceGroups/azurecli-functionapp-c-e2e/providers/Microsoft.Web/serverfarms/WestUSPlan","reserved":false,"lastModifiedTimeUtc":"2017-04-11T18:26:52.4","storageRecoveryDefaultState":"Running","contentAvailabilityState":"Normal","runtimeAvailabilityState":"Normal","siteConfig":null,"deploymentId":"functionappconsumption","trafficManagerHostNames":null,"sku":"Dynamic","premiumAppDeployed":null,"scmSiteAlsoStopped":false,"targetSwapSlot":null,"hostingEnvironment":null,"hostingEnvironmentProfile":null,"microService":"false","gatewaySiteName":null,"clientAffinityEnabled":true,"clientCertEnabled":false,"hostNamesDisabled":false,"domainVerificationIdentifiers":null,"kind":"functionapp","outboundIpAddresses":"40.112.143.79,40.112.136.154,40.112.141.43,40.112.138.165","containerSize":1536,"dailyMemoryTimeQuota":0,"suspendedTill":null,"siteDisabledReason":0,"functionExecutionUnitsCache":null,"maxNumberOfWorkers":null,"homeStamp":"waws-prod-bay-035","cloningInfo":null,"hostingEnvironmentId":null,"tags":null,"resourceGroup":"azurecli-functionapp-c-e2e","defaultHostName":"functionappconsumption.azurewebsites.net","slotSwapStatus":null}}'}
    headers:
      Cache-Control: [no-cache]
      Content-Type: [application/json]
      Date: ['Tue, 11 Apr 2017 18:26:55 GMT']
      ETag: ['"1D2B2F131270930"']
      Expires: ['-1']
      Pragma: [no-cache]
      Server: [Microsoft-IIS/8.0]
      Strict-Transport-Security: [max-age=31536000; includeSubDomains]
      Transfer-Encoding: [chunked]
      Vary: [Accept-Encoding]
      X-AspNet-Version: [4.0.30319]
      X-Powered-By: [ASP.NET]
      content-length: ['2792']
      x-ms-ratelimit-remaining-subscription-writes: ['1197']
    status: {code: 200, message: OK}
- request:
    body: null
    headers:
      Accept: [application/json]
      Accept-Encoding: ['gzip, deflate']
      Connection: [keep-alive]
      Content-Length: ['0']
      Content-Type: [application/json; charset=utf-8]
      User-Agent: [python/3.5.2 (Windows-10-10.0.14393-SP0) requests/2.9.1 msrest/0.4.7
          msrest_azure/0.4.7 websitemanagementclient/0.31.0 Azure-SDK-For-Python AZURECLI/TEST/2.0.2+dev]
      accept-language: [en-US]
      x-ms-client-request-id: [716b9e5c-1ee4-11e7-a6c1-78acc0ad0877]
    method: POST
    uri: https://management.azure.com/subscriptions/00000000-0000-0000-0000-000000000000/resourceGroups/azurecli-functionapp-c-e2e/providers/Microsoft.Web/sites/functionappconsumption/config/appsettings/list?api-version=2016-08-01
  response:
    body: {string: '{"id":"/subscriptions/00000000-0000-0000-0000-000000000000/resourceGroups/azurecli-functionapp-c-e2e/providers/Microsoft.Web/sites/functionappconsumption/config/appsettings","name":"appsettings","type":"Microsoft.Web/sites/config","location":"West
        US","properties":{"FUNCTIONS_EXTENSION_VERSION":"~1"}}'}
    headers:
      Cache-Control: [no-cache]
      Content-Type: [application/json]
      Date: ['Tue, 11 Apr 2017 18:26:57 GMT']
      Expires: ['-1']
      Pragma: [no-cache]
      Server: [Microsoft-IIS/8.0]
      Strict-Transport-Security: [max-age=31536000; includeSubDomains]
      Transfer-Encoding: [chunked]
      Vary: [Accept-Encoding]
      X-AspNet-Version: [4.0.30319]
      X-Powered-By: [ASP.NET]
      content-length: ['308']
      x-ms-ratelimit-remaining-subscription-resource-requests: ['11999']
    status: {code: 200, message: OK}
- request:
    body: '{"type": "Microsoft.Web/sites/config", "name": "appsettings", "location":
      "West US", "properties": {"AzureWebJobsDashboard": "DefaultEndpointsProtocol=https;AccountName=functionaconstorage;AccountKey=Zco//PVLjL3lwyJxW7MIUkzDjpIU5B0X5LnIFxbx/L4oUopcr1OzGC2b1Bur09U+GCr/gv/H3Y4PJKg0/6VXRQ==",
      "WEBSITE_NODE_DEFAULT_VERSION": "6.5.0", "FUNCTIONS_EXTENSION_VERSION": "~1",
      "WEBSITE_CONTENTAZUREFILECONNECTIONSTRING": "DefaultEndpointsProtocol=https;AccountName=functionaconstorage;AccountKey=Zco//PVLjL3lwyJxW7MIUkzDjpIU5B0X5LnIFxbx/L4oUopcr1OzGC2b1Bur09U+GCr/gv/H3Y4PJKg0/6VXRQ==",
      "AzureWebJobsStorage": "DefaultEndpointsProtocol=https;AccountName=functionaconstorage;AccountKey=Zco//PVLjL3lwyJxW7MIUkzDjpIU5B0X5LnIFxbx/L4oUopcr1OzGC2b1Bur09U+GCr/gv/H3Y4PJKg0/6VXRQ==",
      "WEBSITE_CONTENTSHARE": "functionappconsumption"}}'
    headers:
      Accept: [application/json]
      Accept-Encoding: ['gzip, deflate']
      Connection: [keep-alive]
      Content-Length: ['818']
      Content-Type: [application/json; charset=utf-8]
      User-Agent: [python/3.5.2 (Windows-10-10.0.14393-SP0) requests/2.9.1 msrest/0.4.7
          msrest_azure/0.4.7 websitemanagementclient/0.31.0 Azure-SDK-For-Python AZURECLI/TEST/2.0.2+dev]
      accept-language: [en-US]
      x-ms-client-request-id: [71c3abd0-1ee4-11e7-9e98-78acc0ad0877]
    method: PUT
    uri: https://management.azure.com/subscriptions/00000000-0000-0000-0000-000000000000/resourceGroups/azurecli-functionapp-c-e2e/providers/Microsoft.Web/sites/functionappconsumption/config/appsettings?api-version=2016-08-01
  response:
    body: {string: '{"Message":"An error has occurred."}'}
    headers:
      Cache-Control: [no-cache]
      Connection: [close]
      Content-Length: ['36']
      Content-Type: [application/json; charset=utf-8]
      Date: ['Tue, 11 Apr 2017 18:27:01 GMT']
      ETag: ['"1D2B2F133B925C0"']
      Expires: ['-1']
      Pragma: [no-cache]
      Server: [Microsoft-IIS/8.0]
      Strict-Transport-Security: [max-age=31536000; includeSubDomains]
      X-AspNet-Version: [4.0.30319]
      X-Powered-By: [ASP.NET]
      x-ms-failure-cause: [service]
      x-ms-ratelimit-remaining-subscription-writes: ['1196']
    status: {code: 500, message: Internal Server Error}
- request:
    body: '{"type": "Microsoft.Web/sites/config", "name": "appsettings", "location":
      "West US", "properties": {"AzureWebJobsDashboard": "DefaultEndpointsProtocol=https;AccountName=functionaconstorage;AccountKey=Zco//PVLjL3lwyJxW7MIUkzDjpIU5B0X5LnIFxbx/L4oUopcr1OzGC2b1Bur09U+GCr/gv/H3Y4PJKg0/6VXRQ==",
      "WEBSITE_NODE_DEFAULT_VERSION": "6.5.0", "FUNCTIONS_EXTENSION_VERSION": "~1",
      "WEBSITE_CONTENTAZUREFILECONNECTIONSTRING": "DefaultEndpointsProtocol=https;AccountName=functionaconstorage;AccountKey=Zco//PVLjL3lwyJxW7MIUkzDjpIU5B0X5LnIFxbx/L4oUopcr1OzGC2b1Bur09U+GCr/gv/H3Y4PJKg0/6VXRQ==",
      "AzureWebJobsStorage": "DefaultEndpointsProtocol=https;AccountName=functionaconstorage;AccountKey=Zco//PVLjL3lwyJxW7MIUkzDjpIU5B0X5LnIFxbx/L4oUopcr1OzGC2b1Bur09U+GCr/gv/H3Y4PJKg0/6VXRQ==",
      "WEBSITE_CONTENTSHARE": "functionappconsumption"}}'
    headers:
      Accept: [application/json]
      Accept-Encoding: ['gzip, deflate']
      Connection: [keep-alive]
      Content-Length: ['818']
      Content-Type: [application/json; charset=utf-8]
      User-Agent: [python/3.5.2 (Windows-10-10.0.14393-SP0) requests/2.9.1 msrest/0.4.7
          msrest_azure/0.4.7 websitemanagementclient/0.31.0 Azure-SDK-For-Python AZURECLI/TEST/2.0.2+dev]
      accept-language: [en-US]
      x-ms-client-request-id: [71c3abd0-1ee4-11e7-9e98-78acc0ad0877]
    method: PUT
    uri: https://management.azure.com/subscriptions/00000000-0000-0000-0000-000000000000/resourceGroups/azurecli-functionapp-c-e2e/providers/Microsoft.Web/sites/functionappconsumption/config/appsettings?api-version=2016-08-01
  response:
    body: {string: '{"id":"/subscriptions/00000000-0000-0000-0000-000000000000/resourceGroups/azurecli-functionapp-c-e2e/providers/Microsoft.Web/sites/functionappconsumption/config/appsettings","name":"appsettings","type":"Microsoft.Web/sites/config","location":"West
        US","properties":{"AzureWebJobsDashboard":"DefaultEndpointsProtocol=https;AccountName=functionaconstorage;AccountKey=Zco//PVLjL3lwyJxW7MIUkzDjpIU5B0X5LnIFxbx/L4oUopcr1OzGC2b1Bur09U+GCr/gv/H3Y4PJKg0/6VXRQ==","WEBSITE_NODE_DEFAULT_VERSION":"6.5.0","FUNCTIONS_EXTENSION_VERSION":"~1","WEBSITE_CONTENTAZUREFILECONNECTIONSTRING":"DefaultEndpointsProtocol=https;AccountName=functionaconstorage;AccountKey=Zco//PVLjL3lwyJxW7MIUkzDjpIU5B0X5LnIFxbx/L4oUopcr1OzGC2b1Bur09U+GCr/gv/H3Y4PJKg0/6VXRQ==","AzureWebJobsStorage":"DefaultEndpointsProtocol=https;AccountName=functionaconstorage;AccountKey=Zco//PVLjL3lwyJxW7MIUkzDjpIU5B0X5LnIFxbx/L4oUopcr1OzGC2b1Bur09U+GCr/gv/H3Y4PJKg0/6VXRQ==","WEBSITE_CONTENTSHARE":"functionappconsumption"}}'}
    headers:
      Cache-Control: [no-cache]
      Content-Type: [application/json]
      Date: ['Tue, 11 Apr 2017 18:27:03 GMT']
      ETag: ['"1D2B2F136E0CB90"']
      Expires: ['-1']
      Pragma: [no-cache]
      Server: [Microsoft-IIS/8.0]
      Strict-Transport-Security: [max-age=31536000; includeSubDomains]
      Transfer-Encoding: [chunked]
      Vary: [Accept-Encoding]
      X-AspNet-Version: [4.0.30319]
      X-Powered-By: [ASP.NET]
      content-length: ['979']
      x-ms-ratelimit-remaining-subscription-writes: ['1195']
    status: {code: 200, message: OK}
- request:
    body: null
    headers:
      Accept: [application/json]
      Accept-Encoding: ['gzip, deflate']
      Connection: [keep-alive]
      Content-Length: ['0']
      Content-Type: [application/json; charset=utf-8]
      User-Agent: [python/3.5.2 (Windows-10-10.0.14393-SP0) requests/2.9.1 msrest/0.4.7
          msrest_azure/0.4.7 websitemanagementclient/0.31.0 Azure-SDK-For-Python AZURECLI/TEST/2.0.2+dev]
      accept-language: [en-US]
      x-ms-client-request-id: [761f1d9e-1ee4-11e7-99a0-78acc0ad0877]
    method: DELETE
    uri: https://management.azure.com/subscriptions/00000000-0000-0000-0000-000000000000/resourceGroups/azurecli-functionapp-c-e2e/providers/Microsoft.Web/sites/functionappconsumption?api-version=2016-08-01
  response:
    body: {string: ''}
    headers:
      Cache-Control: [no-cache]
      Content-Length: ['0']
      Date: ['Tue, 11 Apr 2017 18:27:06 GMT']
      ETag: ['"1D2B2F136E0CB90"']
      Expires: ['-1']
      Pragma: [no-cache]
      Server: [Microsoft-IIS/8.0]
      Strict-Transport-Security: [max-age=31536000; includeSubDomains]
      X-AspNet-Version: [4.0.30319]
      X-Powered-By: [ASP.NET]
      x-ms-ratelimit-remaining-subscription-writes: ['1199']
    status: {code: 200, message: OK}
version: 1
