interactions:
- request:
    body: null
    headers:
      Accept: [application/json]
      Accept-Encoding: ['gzip, deflate']
      Connection: [keep-alive]
      Content-Type: [application/json; charset=utf-8]
      User-Agent: [python/3.5.3 (Windows-10-10.0.15063-SP0) requests/2.9.1 msrest/0.4.7
          msrest_azure/0.4.7 resourcemanagementclient/1.0.0rc3 Azure-SDK-For-Python
          AZURECLI/TEST/2.0.5+dev]
      accept-language: [en-US]
      x-ms-client-request-id: [2cb21380-3440-11e7-b015-64510658e3b3]
    method: GET
    uri: https://management.azure.com/subscriptions/00000000-0000-0000-0000-000000000000/resourcegroups/azurecli-functionapp-e2e?api-version=2017-05-10
  response:
    body: {string: '{"id":"/subscriptions/00000000-0000-0000-0000-000000000000/resourceGroups/azurecli-functionapp-e2e","name":"azurecli-functionapp-e2e","location":"westus","tags":{"use":"az-test"},"properties":{"provisioningState":"Succeeded"}}'}
    headers:
      Cache-Control: [no-cache]
      Content-Type: [application/json; charset=utf-8]
      Date: ['Mon, 08 May 2017 22:46:28 GMT']
      Expires: ['-1']
      Pragma: [no-cache]
      Strict-Transport-Security: [max-age=31536000; includeSubDomains]
      Vary: [Accept-Encoding]
      content-length: ['238']
    status: {code: 200, message: OK}
- request:
    body: '{"location": "westus", "sku": {"tier": "BASIC", "capacity": 1, "name":
      "B1"}, "properties": {"perSiteScaling": false, "name": "functionapp-e2e-plan"}}'
    headers:
      Accept: [application/json]
      Accept-Encoding: ['gzip, deflate']
      Connection: [keep-alive]
      Content-Length: ['150']
      Content-Type: [application/json; charset=utf-8]
      User-Agent: [python/3.5.3 (Windows-10-10.0.15063-SP0) requests/2.9.1 msrest/0.4.7
          msrest_azure/0.4.7 websitemanagementclient/0.32.0 Azure-SDK-For-Python AZURECLI/TEST/2.0.5+dev]
      accept-language: [en-US]
      x-ms-client-request-id: [2cd51202-3440-11e7-83c1-64510658e3b3]
    method: PUT
    uri: https://management.azure.com/subscriptions/00000000-0000-0000-0000-000000000000/resourceGroups/azurecli-functionapp-e2e/providers/Microsoft.Web/serverfarms/functionapp-e2e-plan?api-version=2016-09-01
  response:
    body: {string: '{"id":"/subscriptions/00000000-0000-0000-0000-000000000000/resourceGroups/azurecli-functionapp-e2e/providers/Microsoft.Web/serverfarms/functionapp-e2e-plan","name":"functionapp-e2e-plan","type":"Microsoft.Web/serverfarms","kind":"app","location":"West
        US","properties":{"serverFarmId":0,"name":"functionapp-e2e-plan","workerSize":"Small","workerSizeId":0,"workerTierName":null,"numberOfWorkers":1,"currentWorkerSize":"Small","currentWorkerSizeId":0,"currentNumberOfWorkers":1,"status":"Ready","webSpace":"azurecli-functionapp-e2e-WestUSwebspace","subscription":"0b1f6471-1bf0-4dda-aec3-cb9272f09590","adminSiteName":null,"hostingEnvironment":null,"hostingEnvironmentProfile":null,"maximumNumberOfWorkers":3,"planName":"VirtualDedicatedPlan","adminRuntimeSiteName":null,"computeMode":"Shared","siteMode":null,"geoRegion":"West
        US","perSiteScaling":false,"numberOfSites":0,"hostingEnvironmentId":null,"tags":null,"kind":"app","resourceGroup":"azurecli-functionapp-e2e","reserved":false,"mdmId":"waws-prod-bay-075_6929","targetWorkerCount":0,"targetWorkerSizeId":0,"provisioningState":"Succeeded"},"sku":{"name":"B1","tier":"Basic","size":"B1","family":"B","capacity":1}}'}
    headers:
      Cache-Control: [no-cache]
      Content-Type: [application/json]
      Date: ['Mon, 08 May 2017 22:46:39 GMT']
      Expires: ['-1']
      Pragma: [no-cache]
      Server: [Microsoft-IIS/8.0]
      Strict-Transport-Security: [max-age=31536000; includeSubDomains]
      Transfer-Encoding: [chunked]
      Vary: [Accept-Encoding]
      X-AspNet-Version: [4.0.30319]
      X-Powered-By: [ASP.NET]
      content-length: ['1186']
      x-ms-ratelimit-remaining-subscription-writes: ['1198']
    status: {code: 200, message: OK}
- request:
    body: null
    headers:
      Accept: [application/json]
      Accept-Encoding: ['gzip, deflate']
      Connection: [keep-alive]
      Content-Type: [application/json; charset=utf-8]
      User-Agent: [python/3.5.3 (Windows-10-10.0.15063-SP0) requests/2.9.1 msrest/0.4.7
          msrest_azure/0.4.7 websitemanagementclient/0.32.0 Azure-SDK-For-Python AZURECLI/TEST/2.0.5+dev]
      accept-language: [en-US]
      x-ms-client-request-id: [3367e068-3440-11e7-b286-64510658e3b3]
    method: GET
    uri: https://management.azure.com/subscriptions/00000000-0000-0000-0000-000000000000/resourceGroups/azurecli-functionapp-e2e/providers/Microsoft.Web/serverfarms?api-version=2016-09-01
  response:
    body: {string: '{"value":[{"id":"/subscriptions/00000000-0000-0000-0000-000000000000/resourceGroups/azurecli-functionapp-e2e/providers/Microsoft.Web/serverfarms/functionapp-e2e-plan","name":"functionapp-e2e-plan","type":"Microsoft.Web/serverfarms","kind":"app","location":"West
        US","properties":{"serverFarmId":0,"name":"functionapp-e2e-plan","workerSize":"Small","workerSizeId":0,"workerTierName":null,"numberOfWorkers":1,"currentWorkerSize":"Small","currentWorkerSizeId":0,"currentNumberOfWorkers":1,"status":"Ready","webSpace":"azurecli-functionapp-e2e-WestUSwebspace","subscription":"0b1f6471-1bf0-4dda-aec3-cb9272f09590","adminSiteName":null,"hostingEnvironment":null,"hostingEnvironmentProfile":null,"maximumNumberOfWorkers":3,"planName":"VirtualDedicatedPlan","adminRuntimeSiteName":null,"computeMode":"Shared","siteMode":null,"geoRegion":"West
        US","perSiteScaling":false,"numberOfSites":0,"hostingEnvironmentId":null,"tags":null,"kind":"app","resourceGroup":"azurecli-functionapp-e2e","reserved":false,"mdmId":"waws-prod-bay-075_6929","targetWorkerCount":0,"targetWorkerSizeId":0,"provisioningState":"Succeeded"},"sku":{"name":"B1","tier":"Basic","size":"B1","family":"B","capacity":1}}],"nextLink":null,"id":null}'}
    headers:
      Cache-Control: [no-cache]
      Content-Type: [application/json]
      Date: ['Mon, 08 May 2017 22:46:40 GMT']
      Expires: ['-1']
      Pragma: [no-cache]
      Server: [Microsoft-IIS/8.0]
      Strict-Transport-Security: [max-age=31536000; includeSubDomains]
      Transfer-Encoding: [chunked]
      Vary: [Accept-Encoding]
      X-AspNet-Version: [4.0.30319]
      X-Powered-By: [ASP.NET]
      content-length: ['1224']
    status: {code: 200, message: OK}
- request:
    body: '{"kind": "Storage", "location": "westus", "sku": {"name": "Standard_LRS"}}'
    headers:
      Accept: [application/json]
      Accept-Encoding: ['gzip, deflate']
      Connection: [keep-alive]
      Content-Length: ['74']
      Content-Type: [application/json; charset=utf-8]
      User-Agent: [python/3.5.3 (Windows-10-10.0.15063-SP0) requests/2.9.1 msrest/0.4.7
          msrest_azure/0.4.7 storagemanagementclient/1.0.0rc1 Azure-SDK-For-Python
          AZURECLI/TEST/2.0.5+dev]
      accept-language: [en-US]
      x-ms-client-request-id: [33edb148-3440-11e7-9986-64510658e3b3]
    method: PUT
    uri: https://management.azure.com/subscriptions/00000000-0000-0000-0000-000000000000/resourceGroups/azurecli-functionapp-e2e/providers/Microsoft.Storage/storageAccounts/functionappplanstorage?api-version=2016-12-01
  response:
    body: {string: ''}
    headers:
      Cache-Control: [no-cache]
      Content-Length: ['0']
      Date: ['Mon, 08 May 2017 22:46:41 GMT']
      Expires: ['-1']
      Location: ['https://management.azure.com/subscriptions/0b1f6471-1bf0-4dda-aec3-cb9272f09590/providers/Microsoft.Storage/operations/bdcb48ed-7799-492b-8280-9959950ac8f5?monitor=true&api-version=2016-12-01']
      Pragma: [no-cache]
      Retry-After: ['17']
      Server: [Microsoft-Azure-Storage-Resource-Provider/1.0, Microsoft-HTTPAPI/2.0]
      Strict-Transport-Security: [max-age=31536000; includeSubDomains]
      x-ms-ratelimit-remaining-subscription-writes: ['1198']
    status: {code: 202, message: Accepted}
- request:
    body: null
    headers:
      Accept: [application/json]
      Accept-Encoding: ['gzip, deflate']
      Connection: [keep-alive]
      Content-Type: [application/json; charset=utf-8]
      User-Agent: [python/3.5.3 (Windows-10-10.0.15063-SP0) requests/2.9.1 msrest/0.4.7
          msrest_azure/0.4.7 storagemanagementclient/1.0.0rc1 Azure-SDK-For-Python
          AZURECLI/TEST/2.0.5+dev]
      accept-language: [en-US]
      x-ms-client-request-id: [33edb148-3440-11e7-9986-64510658e3b3]
    method: GET
    uri: https://management.azure.com/subscriptions/00000000-0000-0000-0000-000000000000/providers/Microsoft.Storage/operations/bdcb48ed-7799-492b-8280-9959950ac8f5?monitor=true&api-version=2016-12-01
  response:
    body: {string: '{"id":"/subscriptions/00000000-0000-0000-0000-000000000000/resourceGroups/azurecli-functionapp-e2e/providers/Microsoft.Storage/storageAccounts/functionappplanstorage","kind":"Storage","location":"westus","name":"functionappplanstorage","properties":{"creationTime":"2017-05-08T22:46:41.5264418Z","primaryEndpoints":{"blob":"https://functionappplanstorage.blob.core.windows.net/","file":"https://functionappplanstorage.file.core.windows.net/","queue":"https://functionappplanstorage.queue.core.windows.net/","table":"https://functionappplanstorage.table.core.windows.net/"},"primaryLocation":"westus","provisioningState":"Succeeded","statusOfPrimary":"available","supportsHttpsTrafficOnly":false},"sku":{"name":"Standard_LRS","tier":"Standard"},"tags":{},"type":"Microsoft.Storage/storageAccounts"}

        '}
    headers:
      Cache-Control: [no-cache]
      Content-Type: [application/json]
      Date: ['Mon, 08 May 2017 22:46:58 GMT']
      Expires: ['-1']
      Pragma: [no-cache]
      Server: [Microsoft-Azure-Storage-Resource-Provider/1.0, Microsoft-HTTPAPI/2.0]
      Strict-Transport-Security: [max-age=31536000; includeSubDomains]
      Transfer-Encoding: [chunked]
      Vary: [Accept-Encoding]
      content-length: ['804']
    status: {code: 200, message: OK}
- request:
    body: null
    headers:
      Accept: [application/json]
      Accept-Encoding: ['gzip, deflate']
      Connection: [keep-alive]
      Content-Type: [application/json; charset=utf-8]
      User-Agent: [python/3.5.3 (Windows-10-10.0.15063-SP0) requests/2.9.1 msrest/0.4.7
          msrest_azure/0.4.7 websitemanagementclient/0.32.0 Azure-SDK-For-Python AZURECLI/TEST/2.0.5+dev]
      accept-language: [en-US]
      x-ms-client-request-id: [3f48595e-3440-11e7-9b7d-64510658e3b3]
    method: GET
    uri: https://management.azure.com/subscriptions/00000000-0000-0000-0000-000000000000/resourceGroups/azurecli-functionapp-e2e/providers/Microsoft.Web/serverfarms/functionapp-e2e-plan?api-version=2016-09-01
  response:
    body: {string: '{"id":"/subscriptions/00000000-0000-0000-0000-000000000000/resourceGroups/azurecli-functionapp-e2e/providers/Microsoft.Web/serverfarms/functionapp-e2e-plan","name":"functionapp-e2e-plan","type":"Microsoft.Web/serverfarms","kind":"app","location":"West
        US","properties":{"serverFarmId":0,"name":"functionapp-e2e-plan","workerSize":"Small","workerSizeId":0,"workerTierName":null,"numberOfWorkers":1,"currentWorkerSize":"Small","currentWorkerSizeId":0,"currentNumberOfWorkers":1,"status":"Ready","webSpace":"azurecli-functionapp-e2e-WestUSwebspace","subscription":"0b1f6471-1bf0-4dda-aec3-cb9272f09590","adminSiteName":null,"hostingEnvironment":null,"hostingEnvironmentProfile":null,"maximumNumberOfWorkers":3,"planName":"VirtualDedicatedPlan","adminRuntimeSiteName":null,"computeMode":"Shared","siteMode":null,"geoRegion":"West
        US","perSiteScaling":false,"numberOfSites":0,"hostingEnvironmentId":null,"tags":null,"kind":"app","resourceGroup":"azurecli-functionapp-e2e","reserved":false,"mdmId":"waws-prod-bay-075_6929","targetWorkerCount":0,"targetWorkerSizeId":0,"provisioningState":"Succeeded"},"sku":{"name":"B1","tier":"Basic","size":"B1","family":"B","capacity":1}}'}
    headers:
      Cache-Control: [no-cache]
      Content-Type: [application/json]
      Date: ['Mon, 08 May 2017 22:47:00 GMT']
      Expires: ['-1']
      Pragma: [no-cache]
      Server: [Microsoft-IIS/8.0]
      Strict-Transport-Security: [max-age=31536000; includeSubDomains]
      Transfer-Encoding: [chunked]
      Vary: [Accept-Encoding]
      X-AspNet-Version: [4.0.30319]
      X-Powered-By: [ASP.NET]
      content-length: ['1186']
    status: {code: 200, message: OK}
- request:
    body: null
    headers:
      Accept: [application/json]
      Accept-Encoding: ['gzip, deflate']
      Connection: [keep-alive]
      Content-Type: [application/json; charset=utf-8]
      User-Agent: [python/3.5.3 (Windows-10-10.0.15063-SP0) requests/2.9.1 msrest/0.4.7
          msrest_azure/0.4.7 storagemanagementclient/1.0.0rc1 Azure-SDK-For-Python
          AZURECLI/TEST/2.0.5+dev]
      accept-language: [en-US]
      x-ms-client-request-id: [3fb25050-3440-11e7-9d4f-64510658e3b3]
    method: GET
    uri: https://management.azure.com/subscriptions/00000000-0000-0000-0000-000000000000/resourceGroups/azurecli-functionapp-e2e/providers/Microsoft.Storage/storageAccounts/functionappplanstorage?api-version=2016-12-01
  response:
    body: {string: '{"id":"/subscriptions/00000000-0000-0000-0000-000000000000/resourceGroups/azurecli-functionapp-e2e/providers/Microsoft.Storage/storageAccounts/functionappplanstorage","kind":"Storage","location":"westus","name":"functionappplanstorage","properties":{"creationTime":"2017-05-08T22:46:41.5264418Z","primaryEndpoints":{"blob":"https://functionappplanstorage.blob.core.windows.net/","file":"https://functionappplanstorage.file.core.windows.net/","queue":"https://functionappplanstorage.queue.core.windows.net/","table":"https://functionappplanstorage.table.core.windows.net/"},"primaryLocation":"westus","provisioningState":"Succeeded","statusOfPrimary":"available","supportsHttpsTrafficOnly":false},"sku":{"name":"Standard_LRS","tier":"Standard"},"tags":{},"type":"Microsoft.Storage/storageAccounts"}

        '}
    headers:
      Cache-Control: [no-cache]
      Content-Type: [application/json]
      Date: ['Mon, 08 May 2017 22:47:00 GMT']
      Expires: ['-1']
      Pragma: [no-cache]
      Server: [Microsoft-Azure-Storage-Resource-Provider/1.0, Microsoft-HTTPAPI/2.0]
      Strict-Transport-Security: [max-age=31536000; includeSubDomains]
      Transfer-Encoding: [chunked]
      Vary: [Accept-Encoding]
      content-length: ['804']
    status: {code: 200, message: OK}
- request:
    body: null
    headers:
      Accept: [application/json]
      Accept-Encoding: ['gzip, deflate']
      Connection: [keep-alive]
      Content-Length: ['0']
      Content-Type: [application/json; charset=utf-8]
      User-Agent: [python/3.5.3 (Windows-10-10.0.15063-SP0) requests/2.9.1 msrest/0.4.7
          msrest_azure/0.4.7 storagemanagementclient/1.0.0rc1 Azure-SDK-For-Python
          AZURECLI/TEST/2.0.5+dev]
      accept-language: [en-US]
      x-ms-client-request-id: [3fd3139a-3440-11e7-ae5d-64510658e3b3]
    method: POST
    uri: https://management.azure.com/subscriptions/00000000-0000-0000-0000-000000000000/resourceGroups/azurecli-functionapp-e2e/providers/Microsoft.Storage/storageAccounts/functionappplanstorage/listKeys?api-version=2016-12-01
  response:
    body: {string: '{"keys":[{"keyName":"key1","permissions":"Full","value":"gdMdyHEBiCYWsIDJVDcpNlrj/6mGGxVMkmFbhek5lwDKr4LXokyBYuTtsdlSvFOnjpgVp86Y2I1fLY/mgS/6jQ=="},{"keyName":"key2","permissions":"Full","value":"fQMVZFxAjhO8Z83obs7Guh6sQCAsCxMbMQ8sGPmMA7gY/grSn5c3Wx/62XZlUTOEPXVwOvBmqFc6NfJZ2+KzSQ=="}]}

        '}
    headers:
      Cache-Control: [no-cache]
      Content-Type: [application/json]
      Date: ['Mon, 08 May 2017 22:47:00 GMT']
      Expires: ['-1']
      Pragma: [no-cache]
      Server: [Microsoft-Azure-Storage-Resource-Provider/1.0, Microsoft-HTTPAPI/2.0]
      Strict-Transport-Security: [max-age=31536000; includeSubDomains]
      Transfer-Encoding: [chunked]
      Vary: [Accept-Encoding]
      content-length: ['289']
      x-ms-ratelimit-remaining-subscription-writes: ['1198']
    status: {code: 200, message: OK}
- request:
    body: '{"kind": "functionapp", "location": "West US", "properties": {"reserved":
      false, "serverFarmId": "functionapp-e2e-plan", "siteConfig": {"appSettings":
      [{"value": "DefaultEndpointsProtocol=https;EndpointSuffix=core.windows.net;AccountName=functionappplanstorage;AccountKey=gdMdyHEBiCYWsIDJVDcpNlrj/6mGGxVMkmFbhek5lwDKr4LXokyBYuTtsdlSvFOnjpgVp86Y2I1fLY/mgS/6jQ==",
      "name": "AzureWebJobsStorage"}, {"value": "DefaultEndpointsProtocol=https;EndpointSuffix=core.windows.net;AccountName=functionappplanstorage;AccountKey=gdMdyHEBiCYWsIDJVDcpNlrj/6mGGxVMkmFbhek5lwDKr4LXokyBYuTtsdlSvFOnjpgVp86Y2I1fLY/mgS/6jQ==",
      "name": "AzureWebJobsDashboard"}, {"value": "6.5.0", "name": "WEBSITE_NODE_DEFAULT_VERSION"},
      {"value": "~1", "name": "FUNCTIONS_EXTENSION_VERSION"}], "alwaysOn": true, "localMySqlEnabled":
      false, "netFrameworkVersion": "v4.6"}, "microService": "WebSites", "scmSiteAlsoStopped":
      false}}'
    headers:
      Accept: [application/json]
      Accept-Encoding: ['gzip, deflate']
      Connection: [keep-alive]
      Content-Length: ['892']
      Content-Type: [application/json; charset=utf-8]
      User-Agent: [python/3.5.3 (Windows-10-10.0.15063-SP0) requests/2.9.1 msrest/0.4.7
          msrest_azure/0.4.7 websitemanagementclient/0.32.0 Azure-SDK-For-Python AZURECLI/TEST/2.0.5+dev]
      accept-language: [en-US]
      x-ms-client-request-id: [40002514-3440-11e7-a78f-64510658e3b3]
    method: PUT
    uri: https://management.azure.com/subscriptions/00000000-0000-0000-0000-000000000000/resourceGroups/azurecli-functionapp-e2e/providers/Microsoft.Web/sites/functionapp-e2e3?api-version=2016-08-01
  response:
    body: {string: '{"id":"/subscriptions/00000000-0000-0000-0000-000000000000/resourceGroups/azurecli-functionapp-e2e/providers/Microsoft.Web/sites/functionapp-e2e3","name":"functionapp-e2e3","type":"Microsoft.Web/sites","kind":"functionapp","location":"West
        US","properties":{"name":"functionapp-e2e3","state":"Running","hostNames":["functionapp-e2e3.azurewebsites.net"],"webSpace":"azurecli-functionapp-e2e-WestUSwebspace","selfLink":"https://waws-prod-bay-075.api.azurewebsites.windows.net:454/subscriptions/00000000-0000-0000-0000-000000000000/webspaces/azurecli-functionapp-e2e-WestUSwebspace/sites/functionapp-e2e3","repositorySiteName":"functionapp-e2e3","owner":null,"usageState":"Normal","enabled":true,"adminEnabled":true,"enabledHostNames":["functionapp-e2e3.azurewebsites.net","functionapp-e2e3.scm.azurewebsites.net"],"siteProperties":{"metadata":null,"properties":[],"appSettings":null},"availabilityState":"Normal","sslCertificates":null,"csrs":[],"cers":null,"siteMode":null,"hostNameSslStates":[{"name":"functionapp-e2e3.azurewebsites.net","sslState":"Disabled","ipBasedSslResult":null,"virtualIP":null,"thumbprint":null,"toUpdate":null,"toUpdateIpBasedSsl":null,"ipBasedSslState":"NotConfigured","hostType":"Standard"},{"name":"functionapp-e2e3.scm.azurewebsites.net","sslState":"Disabled","ipBasedSslResult":null,"virtualIP":null,"thumbprint":null,"toUpdate":null,"toUpdateIpBasedSsl":null,"ipBasedSslState":"NotConfigured","hostType":"Repository"}],"computeMode":null,"serverFarm":null,"serverFarmId":"/subscriptions/00000000-0000-0000-0000-000000000000/resourceGroups/azurecli-functionapp-e2e/providers/Microsoft.Web/serverfarms/functionapp-e2e-plan","reserved":false,"lastModifiedTimeUtc":"2017-05-08T22:47:03.08","storageRecoveryDefaultState":"Running","contentAvailabilityState":"Normal","runtimeAvailabilityState":"Normal","siteConfig":null,"deploymentId":"functionapp-e2e3","trafficManagerHostNames":null,"sku":"Basic","premiumAppDeployed":null,"scmSiteAlsoStopped":false,"targetSwapSlot":null,"hostingEnvironment":null,"hostingEnvironmentProfile":null,"microService":"WebSites","gatewaySiteName":null,"clientAffinityEnabled":true,"clientCertEnabled":false,"hostNamesDisabled":false,"domainVerificationIdentifiers":null,"kind":"functionapp","outboundIpAddresses":"104.40.3.53,104.40.18.224,104.40.21.79,104.40.21.56,104.40.23.196","containerSize":1536,"dailyMemoryTimeQuota":0,"suspendedTill":null,"siteDisabledReason":0,"functionExecutionUnitsCache":null,"maxNumberOfWorkers":null,"homeStamp":"waws-prod-bay-075","cloningInfo":null,"hostingEnvironmentId":null,"tags":null,"resourceGroup":"azurecli-functionapp-e2e","defaultHostName":"functionapp-e2e3.azurewebsites.net","slotSwapStatus":null}}'}
    headers:
      Cache-Control: [no-cache]
      Content-Type: [application/json]
      Date: ['Mon, 08 May 2017 22:47:07 GMT']
      ETag: ['"1D2C84D02FF79E0"']
      Expires: ['-1']
      Pragma: [no-cache]
      Server: [Microsoft-IIS/8.0]
      Strict-Transport-Security: [max-age=31536000; includeSubDomains]
      Transfer-Encoding: [chunked]
      Vary: [Accept-Encoding]
      X-AspNet-Version: [4.0.30319]
      X-Powered-By: [ASP.NET]
      content-length: ['2731']
      x-ms-ratelimit-remaining-subscription-writes: ['1198']
    status: {code: 200, message: OK}
- request:
    body: null
    headers:
      Accept: [application/json]
      Accept-Encoding: ['gzip, deflate']
      Connection: [keep-alive]
      Content-Length: ['0']
      Content-Type: [application/json; charset=utf-8]
      User-Agent: [python/3.5.3 (Windows-10-10.0.15063-SP0) requests/2.9.1 msrest/0.4.7
          msrest_azure/0.4.7 websitemanagementclient/0.32.0 Azure-SDK-For-Python AZURECLI/TEST/2.0.5+dev]
      accept-language: [en-US]
      x-ms-client-request-id: [439b1e6c-3440-11e7-a0dd-64510658e3b3]
    method: DELETE
    uri: https://management.azure.com/subscriptions/00000000-0000-0000-0000-000000000000/resourceGroups/azurecli-functionapp-e2e/providers/Microsoft.Web/sites/functionapp-e2e3?api-version=2016-08-01
  response:
    body: {string: ''}
    headers:
      Cache-Control: [no-cache]
      Content-Length: ['0']
      Date: ['Mon, 08 May 2017 22:47:09 GMT']
      ETag: ['"1D2C84D02FF79E0"']
      Expires: ['-1']
      Pragma: [no-cache]
      Server: [Microsoft-IIS/8.0]
      Strict-Transport-Security: [max-age=31536000; includeSubDomains]
      X-AspNet-Version: [4.0.30319]
      X-Powered-By: [ASP.NET]
      x-ms-ratelimit-remaining-subscription-writes: ['1196']
    status: {code: 200, message: OK}
version: 1
