interactions:
- request:
    body: null
    headers:
      Accept:
      - application/json
      Accept-Encoding:
      - gzip, deflate
      CommandName:
      - storage account keys list
      Connection:
      - keep-alive
      Content-Length:
      - '0'
      ParameterSetName:
      - -n -g --query -o
      User-Agent:
      - AZURECLI/2.19.1 azsdk-python-azure-mgmt-storage/17.0.0 Python/3.7.7 (Windows-10-10.0.19041-SP0)
    method: POST
    uri: https://management.azure.com/subscriptions/00000000-0000-0000-0000-000000000000/resourceGroups/clitest.rg000001/providers/Microsoft.Storage/storageAccounts/clitest000002/listKeys?api-version=2021-02-01&$expand=kerb
  response:
    body:
      string: '{"keys":[{"keyName":"key1","value":"veryFakedStorageAccountKey==","permissions":"FULL"},{"keyName":"key2","value":"veryFakedStorageAccountKey==","permissions":"FULL"}]}'
    headers:
      cache-control:
      - no-cache
      content-length:
      - '288'
      content-type:
      - application/json
      date:
      - Mon, 22 Feb 2021 10:24:28 GMT
      expires:
      - '-1'
      pragma:
      - no-cache
      server:
      - Microsoft-Azure-Storage-Resource-Provider/1.0,Microsoft-HTTPAPI/2.0 Microsoft-HTTPAPI/2.0
      strict-transport-security:
      - max-age=31536000; includeSubDomains
      transfer-encoding:
      - chunked
      vary:
      - Accept-Encoding
      x-content-type-options:
      - nosniff
      x-ms-ratelimit-remaining-subscription-resource-requests:
      - '11990'
    status:
      code: 200
      message: OK
- request:
    body: null
    headers:
      Connection:
      - keep-alive
      Content-Length:
      - '0'
      User-Agent:
      - Azure-Storage/2.0.0-2.0.1 (Python CPython 3.7.7; Windows 10) AZURECLI/2.19.1
      x-ms-date:
      - Mon, 22 Feb 2021 10:24:28 GMT
      x-ms-version:
      - '2018-11-09'
    method: PUT
    uri: https://clitest000002.file.core.windows.net/share?restype=share
  response:
    body:
      string: ''
    headers:
      content-length:
      - '0'
      date:
      - Mon, 22 Feb 2021 10:24:29 GMT
      etag:
      - '"0x8D8D71C0A2BB36E"'
      last-modified:
      - Mon, 22 Feb 2021 10:24:30 GMT
      server:
      - Windows-Azure-File/1.0 Microsoft-HTTPAPI/2.0
      x-ms-version:
      - '2018-11-09'
    status:
      code: 201
      message: Created
- request:
    body: null
    headers:
      Connection:
      - keep-alive
      Content-Length:
      - '0'
      User-Agent:
      - Azure-Storage/2.0.0-2.0.1 (Python CPython 3.7.7; Windows 10) AZURECLI/2.19.1
      x-ms-date:
      - Mon, 22 Feb 2021 10:24:30 GMT
      x-ms-version:
      - '2018-11-09'
    method: PUT
    uri: https://clitest000002.blob.core.windows.net/container?restype=container
  response:
    body:
      string: ''
    headers:
      content-length:
      - '0'
      date:
      - Mon, 22 Feb 2021 10:24:32 GMT
      etag:
      - '"0x8D8D71C0C0EC755"'
      last-modified:
      - Mon, 22 Feb 2021 10:24:33 GMT
      server:
      - Windows-Azure-Blob/1.0 Microsoft-HTTPAPI/2.0
      x-ms-version:
      - '2018-11-09'
    status:
      code: 201
      message: Created
- request:
    body: null
    headers:
      Accept:
      - application/json
      Accept-Encoding:
      - gzip, deflate
      CommandName:
      - batchai workspace create
      Connection:
      - keep-alive
      ParameterSetName:
      - -g -n
      User-Agent:
      - python/3.7.7 (Windows-10-10.0.19041-SP0) msrest/0.6.18 msrest_azure/0.6.3
        azure-mgmt-resource/12.0.0 Azure-SDK-For-Python AZURECLI/2.19.1
      accept-language:
      - en-US
    method: GET
    uri: https://management.azure.com/subscriptions/00000000-0000-0000-0000-000000000000/resourcegroups/clitest.rg000001?api-version=2020-10-01
  response:
    body:
      string: '{"id":"/subscriptions/00000000-0000-0000-0000-000000000000/resourceGroups/clitest.rg000001","name":"clitest.rg000001","type":"Microsoft.Resources/resourceGroups","location":"eastus","tags":{"product":"azurecli","cause":"automation","date":"2021-02-22T10:24:02Z"},"properties":{"provisioningState":"Succeeded"}}'
    headers:
      cache-control:
      - no-cache
      content-length:
      - '428'
      content-type:
      - application/json; charset=utf-8
      date:
      - Mon, 22 Feb 2021 10:24:33 GMT
      expires:
      - '-1'
      pragma:
      - no-cache
      strict-transport-security:
      - max-age=31536000; includeSubDomains
      vary:
      - Accept-Encoding
      x-content-type-options:
      - nosniff
    status:
      code: 200
      message: OK
- request:
    body: '{"location": "eastus"}'
    headers:
      Accept:
      - application/json
      Accept-Encoding:
      - gzip, deflate
      CommandName:
      - batchai workspace create
      Connection:
      - keep-alive
      Content-Length:
      - '22'
      Content-Type:
      - application/json; charset=utf-8
      ParameterSetName:
      - -g -n
      User-Agent:
      - python/3.7.7 (Windows-10-10.0.19041-SP0) msrest/0.6.18 msrest_azure/0.6.3
        azure-mgmt-batchai/2.0.0 Azure-SDK-For-Python AZURECLI/2.19.1
      accept-language:
      - en-US
    method: PUT
    uri: https://management.azure.com/subscriptions/00000000-0000-0000-0000-000000000000/resourceGroups/clitest.rg000001/providers/Microsoft.BatchAI/workspaces/workspace?api-version=2018-05-01
  response:
    body:
      string: '{"id":"/subscriptions/00000000-0000-0000-0000-000000000000/resourceGroups/clitest.rg000001/providers/Microsoft.BatchAI/workspaces/workspace","name":"workspace","type":"Microsoft.BatchAI/workspaces","location":"eastus","properties":{"provisioningState":"succeeded","provisioningStateTransitionTime":"2021-02-22T10:24:41.51Z","creationTime":"2021-02-22T10:24:41.51Z"}}'
    headers:
      cache-control:
      - no-cache
      content-length:
      - '425'
      content-type:
      - application/json; charset=utf-8
      date:
      - Mon, 22 Feb 2021 10:24:42 GMT
      etag:
      - W/"0x8D8D71C10E01185"
      expires:
      - '-1'
      last-modified:
      - Mon, 22 Feb 2021 10:24:41 GMT
      pragma:
      - no-cache
      request-context:
      - appId=cid-v1:22307ea5-0af8-473a-8389-17649f981c86
      request-id:
      - 8f45b67d-1214-430a-bd9e-90eeeb13d7a4
      strict-transport-security:
      - max-age=31536000; includeSubDomains
      transfer-encoding:
      - chunked
      vary:
      - Accept-Encoding,Accept-Encoding
      x-content-type-options:
      - nosniff
      x-ms-ratelimit-remaining-subscription-writes:
      - '1180'
      x-request-time:
      - '0.034'
    status:
      code: 200
      message: OK
- request:
    body: null
    headers:
      Accept:
      - application/json
      Accept-Encoding:
      - gzip, deflate
      CommandName:
      - batchai cluster create
      Connection:
      - keep-alive
      Content-Type:
      - application/json; charset=utf-8
      ParameterSetName:
      - -g -w -n -f --afs-name --bfs-name -u -k
      User-Agent:
      - python/3.7.7 (Windows-10-10.0.19041-SP0) msrest/0.6.18 msrest_azure/0.6.3
        azure-mgmt-batchai/2.0.0 Azure-SDK-For-Python AZURECLI/2.19.1
      accept-language:
      - en-US
    method: GET
    uri: https://management.azure.com/subscriptions/00000000-0000-0000-0000-000000000000/resourceGroups/clitest.rg000001/providers/Microsoft.BatchAI/workspaces/workspace/clusters/cluster?api-version=2018-05-01
  response:
    body:
      string: '{"error":{"code":"ClusterNotFound","message":"The specified managed
        compute cluster is not found"}}'
    headers:
      cache-control:
      - no-cache
      content-length:
      - '99'
      content-type:
      - application/json; charset=utf-8
      date:
      - Mon, 22 Feb 2021 10:24:43 GMT
      expires:
      - '-1'
      pragma:
      - no-cache
      request-context:
      - appId=cid-v1:22307ea5-0af8-473a-8389-17649f981c86
      request-id:
      - d61b81d5-523d-442d-9c58-ae91dd5a2ab6
      strict-transport-security:
      - max-age=31536000; includeSubDomains
      vary:
      - Accept-Encoding
      x-content-type-options:
      - nosniff
      x-request-time:
      - '0.025'
    status:
      code: 404
      message: The specified managed compute cluster is not found
- request:
    body: '{"properties": {"vmSize": "STANDARD_D1", "scaleSettings": {"manual": {"targetNodeCount":
      1}}, "nodeSetup": {"mountVolumes": {"azureFileShares": [{"accountName": "clitest000002",
      "azureFileUrl": "https://clitest000002.file.core.windows.net/share", "credentials":
      {"accountKey": "veryFakedStorageAccountKey=="}, "relativeMountPath": "afs",
      "fileMode": "0777", "directoryMode": "0777"}], "azureBlobFileSystems": [{"accountName":
      "clitest000002", "containerName": "container", "credentials": {"accountKey":
      "veryFakedStorageAccountKey=="}, "relativeMountPath": "bfs"}]}}, "userAccountSettings":
      {"adminUserName": "DemoUser", "adminUserSshPublicKey": "ssh-rsa AAAAB3NzaC1yc2EAAAADAQABAAABAQDKUDnWeK6rx36apNE9ij1iAXn68FKXLTW0009XK/7dyMewlNfXi6Z2opnxHDDYWucMluU0dsvBR22OuYH2RHriPJTi1jN3aZ0zZSrlH/W4MSNQKlG/AnrjJPA3xfYjIKLGuKBqSIvMsmrkuDfIfMaDnPcxb+GzM10L5epRhoP5FwqaQbLqp640YzFSLqMChz7E6RG54CpEm+MRvA7lj9nD9AlYnfRQAKj2thsFrkz7AlYLQ1ug8vV+1Y3xSKDbo5vy6oqM3QKeLiUiyN9Ff1Rq4uYnrqJqcWN1ADfiPGZZjEStOkRgG3V6JrpIN+z0Zl3n+sjrH+CKwrYmyni6D41L"}}}'
    headers:
      Accept:
      - application/json
      Accept-Encoding:
      - gzip, deflate
      CommandName:
      - batchai cluster create
      Connection:
      - keep-alive
      Content-Length:
      - '1184'
      Content-Type:
      - application/json; charset=utf-8
      ParameterSetName:
      - -g -w -n -f --afs-name --bfs-name -u -k
      User-Agent:
      - python/3.7.7 (Windows-10-10.0.19041-SP0) msrest/0.6.18 msrest_azure/0.6.3
        azure-mgmt-batchai/2.0.0 Azure-SDK-For-Python AZURECLI/2.19.1
      accept-language:
      - en-US
    method: PUT
    uri: https://management.azure.com/subscriptions/00000000-0000-0000-0000-000000000000/resourceGroups/clitest.rg000001/providers/Microsoft.BatchAI/workspaces/workspace/clusters/cluster?api-version=2018-05-01
  response:
    body:
      string: ''
    headers:
      azure-asyncoperation:
      - https://management.azure.com/subscriptions/00000000-0000-0000-0000-000000000000/providers/Microsoft.BatchAI/locations/eastus/operationresults/b305fb12-0189-4995-8b58-ff491cb21458?api-version=2018-05-01
      cache-control:
      - no-cache
      content-length:
      - '0'
      date:
      - Mon, 22 Feb 2021 10:24:44 GMT
      expires:
      - '-1'
      location:
      - https://management.azure.com/subscriptions/00000000-0000-0000-0000-000000000000/providers/Microsoft.BatchAI/locations/eastus/operationstatuses/b305fb12-0189-4995-8b58-ff491cb21458?api-version=2018-05-01
      pragma:
      - no-cache
      request-context:
      - appId=cid-v1:22307ea5-0af8-473a-8389-17649f981c86
      request-id:
      - 16d4b42e-32a2-4204-905b-fa174912b8b3
      strict-transport-security:
      - max-age=31536000; includeSubDomains
      x-content-type-options:
      - nosniff
      x-ms-ratelimit-remaining-subscription-writes:
      - '1179'
      x-request-time:
      - '0.115'
    status:
      code: 202
      message: Accepted
- request:
    body: null
    headers:
      Accept:
      - application/json
      Accept-Encoding:
      - gzip, deflate
      CommandName:
      - batchai cluster create
      Connection:
      - keep-alive
      ParameterSetName:
      - -g -w -n -f --afs-name --bfs-name -u -k
      User-Agent:
      - python/3.7.7 (Windows-10-10.0.19041-SP0) msrest/0.6.18 msrest_azure/0.6.3
        azure-mgmt-batchai/2.0.0 Azure-SDK-For-Python AZURECLI/2.19.1
    method: GET
    uri: https://management.azure.com/subscriptions/00000000-0000-0000-0000-000000000000/providers/Microsoft.BatchAI/locations/eastus/operationresults/b305fb12-0189-4995-8b58-ff491cb21458?api-version=2018-05-01
  response:
    body:
      string: '{"id":"https://management.azure.com/subscriptions/00000000-0000-0000-0000-000000000000/providers/Microsoft.BatchAI/locations/eastus/operationresults/b305fb12-0189-4995-8b58-ff491cb21458","name":"b305fb12-0189-4995-8b58-ff491cb21458","status":"Succeeded","startTime":"2021-02-22T10:24:44.918Z","endTime":"2021-02-22T10:24:45.596Z","properties":{"resourceId":"0b1f6471-1bf0-4dda-aec3-cb9272f09590$clitest.rg000001$workspace$cluster"}}'
    headers:
      cache-control:
      - no-cache
      content-length:
      - '491'
      content-type:
      - application/json; charset=utf-8
      date:
      - Mon, 22 Feb 2021 10:25:00 GMT
      expires:
      - '-1'
      pragma:
      - no-cache
      request-context:
      - appId=cid-v1:22307ea5-0af8-473a-8389-17649f981c86
      request-id:
      - 225692d1-5de8-4534-974b-29948353a2c8
      strict-transport-security:
      - max-age=31536000; includeSubDomains
      transfer-encoding:
      - chunked
      vary:
      - Accept-Encoding,Accept-Encoding
      x-content-type-options:
      - nosniff
      x-request-time:
      - '0.045'
    status:
      code: 200
      message: OK
- request:
    body: null
    headers:
      Accept:
      - application/json
      Accept-Encoding:
      - gzip, deflate
      CommandName:
      - batchai cluster create
      Connection:
      - keep-alive
      ParameterSetName:
      - -g -w -n -f --afs-name --bfs-name -u -k
      User-Agent:
      - python/3.7.7 (Windows-10-10.0.19041-SP0) msrest/0.6.18 msrest_azure/0.6.3
        azure-mgmt-batchai/2.0.0 Azure-SDK-For-Python AZURECLI/2.19.1
    method: GET
    uri: https://management.azure.com/subscriptions/00000000-0000-0000-0000-000000000000/resourceGroups/clitest.rg000001/providers/Microsoft.BatchAI/workspaces/workspace/clusters/cluster?api-version=2018-05-01
  response:
    body:
      string: '{"location":"eastus","id":"/subscriptions/00000000-0000-0000-0000-000000000000/resourceGroups/clitest.rg000001/providers/Microsoft.BatchAI/workspaces/workspace/clusters/cluster","name":"cluster","type":"Microsoft.BatchAI/workspaces/clusters","properties":{"provisioningState":"succeeded","allocationState":"resizing","creationTime":"2021-02-22T10:24:44.907Z","allocationStateTransitionTime":"2021-02-22T10:24:44.907Z","provisioningStateTransitionTime":"2021-02-22T10:24:45.581Z","vmSize":"STANDARD_D1","currentNodeCount":0,"nodeStateCounts":{"runningNodeCount":0,"idleNodeCount":0,"unusableNodeCount":0,"preparingNodeCount":0,"leavingNodeCount":0},"vmPriority":"dedicated","scaleSettings":{"manual":{"targetNodeCount":1,"nodeDeallocationOption":"requeue"}},"virtualMachineConfiguration":{"imageReference":{"publisher":"microsoft-dsvm","offer":"azureml","sku":"runtime","version":"latest"}},"userAccountSettings":{"adminUserName":"DemoUser","adminUserSshPublicKey":"ssh-rsa
        AAAAB3NzaC1yc2EAAAADAQABAAABAQDKUDnWeK6rx36apNE9ij1iAXn68FKXLTW0009XK/7dyMewlNfXi6Z2opnxHDDYWucMluU0dsvBR22OuYH2RHriPJTi1jN3aZ0zZSrlH/W4MSNQKlG/AnrjJPA3xfYjIKLGuKBqSIvMsmrkuDfIfMaDnPcxb+GzM10L5epRhoP5FwqaQbLqp640YzFSLqMChz7E6RG54CpEm+MRvA7lj9nD9AlYnfRQAKj2thsFrkz7AlYLQ1ug8vV+1Y3xSKDbo5vy6oqM3QKeLiUiyN9Ff1Rq4uYnrqJqcWN1ADfiPGZZjEStOkRgG3V6JrpIN+z0Zl3n+sjrH+CKwrYmyni6D41L"},"nodeSetup":{"mountVolumes":{"azureFileShares":[{"accountName":"clitest000002","azureFileUrl":"https://clitest000002.file.core.windows.net/share","credentials":{},"relativeMountPath":"afs","fileMode":"0777","directoryMode":"0777"}],"azureBlobFileSystems":[{"accountName":"clitest000002","containerName":"container","credentials":{},"relativeMountPath":"bfs"}]}}}}'
    headers:
      cache-control:
      - no-cache
      content-length:
      - '1803'
      content-type:
      - application/json; charset=utf-8
      date:
      - Mon, 22 Feb 2021 10:25:01 GMT
      etag:
      - W/"0x8D8D71C12E67E25"
      expires:
      - '-1'
      last-modified:
      - Mon, 22 Feb 2021 10:24:44 GMT
      pragma:
      - no-cache
      request-context:
      - appId=cid-v1:22307ea5-0af8-473a-8389-17649f981c86
      request-id:
      - 7db11744-6dc3-49e8-9a98-0cc59c5c12d7
      strict-transport-security:
      - max-age=31536000; includeSubDomains
      transfer-encoding:
      - chunked
      vary:
      - Accept-Encoding,Accept-Encoding
      x-content-type-options:
      - nosniff
      x-request-time:
      - '0.361'
    status:
      code: 200
      message: OK
- request:
    body: null
    headers:
      Accept:
      - application/json
      Accept-Encoding:
      - gzip, deflate
      CommandName:
      - batchai cluster show
      Connection:
      - keep-alive
      Content-Type:
      - application/json; charset=utf-8
      ParameterSetName:
      - -g -w -n
      User-Agent:
      - python/3.7.7 (Windows-10-10.0.19041-SP0) msrest/0.6.18 msrest_azure/0.6.3
        azure-mgmt-batchai/2.0.0 Azure-SDK-For-Python AZURECLI/2.19.1
      accept-language:
      - en-US
    method: GET
    uri: https://management.azure.com/subscriptions/00000000-0000-0000-0000-000000000000/resourceGroups/clitest.rg000001/providers/Microsoft.BatchAI/workspaces/workspace/clusters/cluster?api-version=2018-05-01
  response:
    body:
      string: '{"location":"eastus","id":"/subscriptions/00000000-0000-0000-0000-000000000000/resourceGroups/clitest.rg000001/providers/Microsoft.BatchAI/workspaces/workspace/clusters/cluster","name":"cluster","type":"Microsoft.BatchAI/workspaces/clusters","properties":{"provisioningState":"succeeded","allocationState":"steady","creationTime":"2021-02-22T10:24:44.907Z","allocationStateTransitionTime":"2021-02-22T10:27:13.073Z","provisioningStateTransitionTime":"2021-02-22T10:24:45.581Z","vmSize":"STANDARD_D1","currentNodeCount":1,"nodeStateCounts":{"runningNodeCount":0,"idleNodeCount":1,"unusableNodeCount":0,"preparingNodeCount":0,"leavingNodeCount":0},"vmPriority":"dedicated","scaleSettings":{"manual":{"targetNodeCount":1,"nodeDeallocationOption":"requeue"}},"virtualMachineConfiguration":{"imageReference":{"publisher":"microsoft-dsvm","offer":"azureml","sku":"runtime","version":"latest"}},"userAccountSettings":{"adminUserName":"DemoUser","adminUserSshPublicKey":"ssh-rsa
        AAAAB3NzaC1yc2EAAAADAQABAAABAQDKUDnWeK6rx36apNE9ij1iAXn68FKXLTW0009XK/7dyMewlNfXi6Z2opnxHDDYWucMluU0dsvBR22OuYH2RHriPJTi1jN3aZ0zZSrlH/W4MSNQKlG/AnrjJPA3xfYjIKLGuKBqSIvMsmrkuDfIfMaDnPcxb+GzM10L5epRhoP5FwqaQbLqp640YzFSLqMChz7E6RG54CpEm+MRvA7lj9nD9AlYnfRQAKj2thsFrkz7AlYLQ1ug8vV+1Y3xSKDbo5vy6oqM3QKeLiUiyN9Ff1Rq4uYnrqJqcWN1ADfiPGZZjEStOkRgG3V6JrpIN+z0Zl3n+sjrH+CKwrYmyni6D41L"},"nodeSetup":{"mountVolumes":{"azureFileShares":[{"accountName":"clitest000002","azureFileUrl":"https://clitest000002.file.core.windows.net/share","credentials":{},"relativeMountPath":"afs","fileMode":"0777","directoryMode":"0777"}],"azureBlobFileSystems":[{"accountName":"clitest000002","containerName":"container","credentials":{},"relativeMountPath":"bfs"}]}}}}'
    headers:
      cache-control:
      - no-cache
      content-length:
      - '1801'
      content-type:
      - application/json; charset=utf-8
      date:
      - Mon, 22 Feb 2021 10:45:03 GMT
      etag:
      - W/"0x8D8D71C12E67E25"
      expires:
      - '-1'
      last-modified:
      - Mon, 22 Feb 2021 10:24:44 GMT
      pragma:
      - no-cache
      request-context:
      - appId=cid-v1:22307ea5-0af8-473a-8389-17649f981c86
      request-id:
      - 15b0b2ce-cab5-47f0-b130-16cf39f4396a
      strict-transport-security:
      - max-age=31536000; includeSubDomains
      transfer-encoding:
      - chunked
      vary:
      - Accept-Encoding,Accept-Encoding
      x-content-type-options:
      - nosniff
      x-request-time:
      - '0.267'
    status:
      code: 200
      message: OK
version: 1
