interactions:
- request:
    body: null
    headers:
      Accept:
      - application/json
      Accept-Encoding:
      - gzip, deflate
      CommandName:
      - storage account keys list
      Connection:
      - keep-alive
      Content-Length:
      - '0'
      ParameterSetName:
      - -n -g --query -o
      User-Agent:
      - python/3.7.4 (Windows-10-10.0.18362-SP0) msrest/0.6.10 msrest_azure/0.6.2
        azure-mgmt-storage/7.0.0 Azure-SDK-For-Python AZURECLI/2.0.78
      accept-language:
      - en-US
    method: POST
    uri: https://management.azure.com/subscriptions/00000000-0000-0000-0000-000000000000/resourceGroups/clitest.rg000001/providers/Microsoft.Storage/storageAccounts/clitest000002/listKeys?api-version=2019-06-01
  response:
    body:
      string: '{"keys":[{"keyName":"key1","value":"veryFakedStorageAccountKey==","permissions":"FULL"},{"keyName":"key2","value":"veryFakedStorageAccountKey==","permissions":"FULL"}]}'
    headers:
      cache-control:
      - no-cache
      content-length:
      - '288'
      content-type:
      - application/json
      date:
      - Fri, 27 Dec 2019 14:05:51 GMT
      expires:
      - '-1'
      pragma:
      - no-cache
      server:
      - Microsoft-Azure-Storage-Resource-Provider/1.0,Microsoft-HTTPAPI/2.0 Microsoft-HTTPAPI/2.0
      strict-transport-security:
      - max-age=31536000; includeSubDomains
      transfer-encoding:
      - chunked
      vary:
      - Accept-Encoding
      x-content-type-options:
      - nosniff
      x-ms-ratelimit-remaining-subscription-writes:
      - '1194'
    status:
      code: 200
      message: OK
- request:
    body: null
    headers:
      Connection:
      - keep-alive
      Content-Length:
      - '0'
      User-Agent:
      - Azure-Storage/2.0.0-2.0.1 (Python CPython 3.7.4; Windows 10) AZURECLI/2.0.78
      x-ms-date:
      - Fri, 27 Dec 2019 14:05:52 GMT
      x-ms-version:
      - '2018-11-09'
    method: PUT
    uri: https://clitest000002.file.core.windows.net/share?restype=share
  response:
    body:
      string: ''
    headers:
      content-length:
      - '0'
      date:
      - Fri, 27 Dec 2019 14:05:53 GMT
      etag:
      - '"0x8D78AD5E3151652"'
      last-modified:
      - Fri, 27 Dec 2019 14:05:53 GMT
      server:
      - Windows-Azure-File/1.0 Microsoft-HTTPAPI/2.0
      x-ms-version:
      - '2018-11-09'
    status:
      code: 201
      message: Created
- request:
    body: null
    headers:
      Accept:
      - application/json
      Accept-Encoding:
      - gzip, deflate
      CommandName:
      - batchai workspace create
      Connection:
      - keep-alive
      ParameterSetName:
      - -g -n
      User-Agent:
      - python/3.7.4 (Windows-10-10.0.18362-SP0) msrest/0.6.10 msrest_azure/0.6.2
        azure-mgmt-resource/6.0.0 Azure-SDK-For-Python AZURECLI/2.0.78
      accept-language:
      - en-US
    method: GET
    uri: https://management.azure.com/subscriptions/00000000-0000-0000-0000-000000000000/resourcegroups/clitest.rg000001?api-version=2019-07-01
  response:
    body:
      string: '{"id":"/subscriptions/00000000-0000-0000-0000-000000000000/resourceGroups/clitest.rg000001","name":"clitest.rg000001","type":"Microsoft.Resources/resourceGroups","location":"northeurope","tags":{"product":"azurecli","cause":"automation","date":"2019-12-27T14:05:18Z"},"properties":{"provisioningState":"Succeeded"}}'
    headers:
      cache-control:
      - no-cache
      content-length:
      - '433'
      content-type:
      - application/json; charset=utf-8
      date:
      - Fri, 27 Dec 2019 14:05:54 GMT
      expires:
      - '-1'
      pragma:
      - no-cache
      strict-transport-security:
      - max-age=31536000; includeSubDomains
      vary:
      - Accept-Encoding
      x-content-type-options:
      - nosniff
    status:
      code: 200
      message: OK
- request:
    body: '{"location": "northeurope"}'
    headers:
      Accept:
      - application/json
      Accept-Encoding:
      - gzip, deflate
      CommandName:
      - batchai workspace create
      Connection:
      - keep-alive
      Content-Length:
      - '27'
      Content-Type:
      - application/json; charset=utf-8
      ParameterSetName:
      - -g -n
      User-Agent:
      - python/3.7.4 (Windows-10-10.0.18362-SP0) msrest/0.6.10 msrest_azure/0.6.2
        azure-mgmt-batchai/2.0.0 Azure-SDK-For-Python AZURECLI/2.0.78
      accept-language:
      - en-US
    method: PUT
    uri: https://management.azure.com/subscriptions/00000000-0000-0000-0000-000000000000/resourceGroups/clitest.rg000001/providers/Microsoft.BatchAI/workspaces/workspace?api-version=2018-05-01
  response:
    body:
      string: '{"id":"/subscriptions/00000000-0000-0000-0000-000000000000/resourceGroups/clitest.rg000001/providers/Microsoft.BatchAI/workspaces/workspace","name":"workspace","type":"Microsoft.BatchAI/workspaces","location":"northeurope","properties":{"provisioningState":"succeeded","provisioningStateTransitionTime":"2019-12-27T14:06:01.312Z","creationTime":"2019-12-27T14:06:01.312Z"}}'
    headers:
      cache-control:
      - no-cache
      content-length:
      - '432'
      content-type:
      - application/json; charset=utf-8
      date:
      - Fri, 27 Dec 2019 14:06:02 GMT
      etag:
      - W/"0x8D78AD5E784DC0B"
      expires:
      - '-1'
      last-modified:
      - Fri, 27 Dec 2019 14:06:01 GMT
      pragma:
      - no-cache
      request-id:
      - 6be25f49-3840-4a4a-adf2-015384423395
      strict-transport-security:
      - max-age=31536000; includeSubDomains
      transfer-encoding:
      - chunked
      vary:
      - Accept-Encoding,Accept-Encoding
      x-content-type-options:
      - nosniff
      x-ms-ratelimit-remaining-subscription-writes:
      - '1182'
    status:
      code: 200
      message: OK
- request:
    body: null
    headers:
      Accept:
      - application/json
      Accept-Encoding:
      - gzip, deflate
      CommandName:
      - batchai workspace list
      Connection:
      - keep-alive
      Content-Type:
      - application/json; charset=utf-8
      ParameterSetName:
      - -g
      User-Agent:
      - python/3.7.4 (Windows-10-10.0.18362-SP0) msrest/0.6.10 msrest_azure/0.6.2
        azure-mgmt-batchai/2.0.0 Azure-SDK-For-Python AZURECLI/2.0.78
      accept-language:
      - en-US
    method: GET
    uri: https://management.azure.com/subscriptions/00000000-0000-0000-0000-000000000000/resourceGroups/clitest.rg000001/providers/Microsoft.BatchAI/workspaces?api-version=2018-05-01
  response:
    body:
      string: '{"value":[{"id":"/subscriptions/00000000-0000-0000-0000-000000000000/resourceGroups/clitest.rg000001/providers/Microsoft.BatchAI/workspaces/workspace","name":"workspace","type":"Microsoft.BatchAI/workspaces","location":"northeurope","properties":{"provisioningState":"succeeded","provisioningStateTransitionTime":"2019-12-27T14:06:01.312Z","creationTime":"2019-12-27T14:06:01.312Z"}}]}'
    headers:
      cache-control:
      - no-cache
      content-length:
      - '444'
      content-type:
      - application/json; charset=utf-8
      date:
      - Fri, 27 Dec 2019 14:06:03 GMT
      expires:
      - '-1'
      pragma:
      - no-cache
      request-id:
      - cd900bb3-09a6-4428-b6a4-421709b692bf
      strict-transport-security:
      - max-age=31536000; includeSubDomains
      transfer-encoding:
      - chunked
      vary:
      - Accept-Encoding,Accept-Encoding
      x-content-type-options:
      - nosniff
    status:
      code: 200
      message: OK
- request:
    body: null
    headers:
      Accept:
      - application/json
      Accept-Encoding:
      - gzip, deflate
      CommandName:
      - batchai cluster create
      Connection:
      - keep-alive
      Content-Type:
      - application/json; charset=utf-8
      ParameterSetName:
      - -g -w -n -f
      User-Agent:
      - python/3.7.4 (Windows-10-10.0.18362-SP0) msrest/0.6.10 msrest_azure/0.6.2
        azure-mgmt-batchai/2.0.0 Azure-SDK-For-Python AZURECLI/2.0.78
      accept-language:
      - en-US
    method: GET
    uri: https://management.azure.com/subscriptions/00000000-0000-0000-0000-000000000000/resourceGroups/clitest.rg000001/providers/Microsoft.BatchAI/workspaces/workspace/clusters/cluster?api-version=2018-05-01
  response:
    body:
      string: '{"error":{"code":"ClusterNotFound","message":"The specified compute
        training cluster and/or compute instance cluster is not found"}}'
    headers:
      cache-control:
      - no-cache
      content-length:
      - '132'
      content-type:
      - application/json; charset=utf-8
      date:
      - Fri, 27 Dec 2019 14:06:03 GMT
      expires:
      - '-1'
      pragma:
      - no-cache
      request-id:
      - 0bc884a1-e048-4b04-ab6c-48a1d9b15860
      strict-transport-security:
      - max-age=31536000; includeSubDomains
      vary:
      - Accept-Encoding
      x-content-type-options:
      - nosniff
    status:
      code: 404
      message: The specified compute training cluster and/or compute instance cluster
        is not found
- request:
    body: 'b''{"properties": {"vmSize": "STANDARD_D1", "scaleSettings": {"manual":
      {"targetNodeCount": 1}}, "nodeSetup": {"mountVolumes": {"azureFileShares": [{"accountName":
      "clitest000002", "azureFileUrl": "https://clitest000002.file.core.windows.net/share",
      "credentials": {"accountKey": "veryFakedStorageAccountKey=="}, "relativeMountPath":
      "azfiles", "fileMode": "0777", "directoryMode": "0777"}]}}, "userAccountSettings":
      {"adminUserName": "DemoUser", "adminUserPassword": "DemoPa$$w0rd"}}}'''
    headers:
      Accept:
      - application/json
      Accept-Encoding:
      - gzip, deflate
      CommandName:
      - batchai cluster create
      Connection:
      - keep-alive
      Content-Length:
      - '564'
      Content-Type:
      - application/json; charset=utf-8
      ParameterSetName:
      - -g -w -n -f
      User-Agent:
      - python/3.7.4 (Windows-10-10.0.18362-SP0) msrest/0.6.10 msrest_azure/0.6.2
        azure-mgmt-batchai/2.0.0 Azure-SDK-For-Python AZURECLI/2.0.78
      accept-language:
      - en-US
    method: PUT
    uri: https://management.azure.com/subscriptions/00000000-0000-0000-0000-000000000000/resourceGroups/clitest.rg000001/providers/Microsoft.BatchAI/workspaces/workspace/clusters/cluster?api-version=2018-05-01
  response:
    body:
      string: ''
    headers:
      azure-asyncoperation:
      - https://management.azure.com/subscriptions/00000000-0000-0000-0000-000000000000/providers/Microsoft.BatchAI/locations/northeurope/operationresults/f0dd7bed-bbca-43ba-93a5-f7b38b87c7c3?api-version=2018-05-01
      cache-control:
      - no-cache
      content-length:
      - '0'
      date:
      - Fri, 27 Dec 2019 14:06:05 GMT
      expires:
      - '-1'
      location:
      - https://management.azure.com/subscriptions/00000000-0000-0000-0000-000000000000/providers/Microsoft.BatchAI/locations/northeurope/operationstatuses/f0dd7bed-bbca-43ba-93a5-f7b38b87c7c3?api-version=2018-05-01
      pragma:
      - no-cache
      request-id:
      - 78192cff-2d1c-42c6-b30c-9b2d8bdd6390
      strict-transport-security:
      - max-age=31536000; includeSubDomains
      x-content-type-options:
      - nosniff
      x-ms-ratelimit-remaining-subscription-writes:
      - '1189'
    status:
      code: 202
      message: Accepted
- request:
    body: null
    headers:
      Accept:
      - application/json
      Accept-Encoding:
      - gzip, deflate
      CommandName:
      - batchai cluster create
      Connection:
      - keep-alive
      ParameterSetName:
      - -g -w -n -f
      User-Agent:
      - python/3.7.4 (Windows-10-10.0.18362-SP0) msrest/0.6.10 msrest_azure/0.6.2
        azure-mgmt-batchai/2.0.0 Azure-SDK-For-Python AZURECLI/2.0.78
    method: GET
    uri: https://management.azure.com/subscriptions/00000000-0000-0000-0000-000000000000/providers/Microsoft.BatchAI/locations/northeurope/operationresults/f0dd7bed-bbca-43ba-93a5-f7b38b87c7c3?api-version=2018-05-01
  response:
    body:
      string: '{"id":"https://management.azure.com/subscriptions/00000000-0000-0000-0000-000000000000/providers/Microsoft.BatchAI/locations/northeurope/operationresults/f0dd7bed-bbca-43ba-93a5-f7b38b87c7c3","name":"f0dd7bed-bbca-43ba-93a5-f7b38b87c7c3","status":"Succeeded","startTime":"2019-12-27T14:06:05.929Z","endTime":"2019-12-27T14:06:07.601Z","properties":{"resourceId":"0b1f6471-1bf0-4dda-aec3-cb9272f09590$clitest.rg000001$workspace$cluster"}}'
    headers:
      cache-control:
      - no-cache
      content-length:
      - '496'
      content-type:
      - application/json; charset=utf-8
      date:
      - Fri, 27 Dec 2019 14:06:22 GMT
      expires:
      - '-1'
      pragma:
      - no-cache
      request-id:
      - 2cc4c9b0-f3c9-4d77-ae28-c9124c777c00
      strict-transport-security:
      - max-age=31536000; includeSubDomains
      transfer-encoding:
      - chunked
      vary:
      - Accept-Encoding,Accept-Encoding
      x-content-type-options:
      - nosniff
    status:
      code: 200
      message: OK
- request:
    body: null
    headers:
      Accept:
      - application/json
      Accept-Encoding:
      - gzip, deflate
      CommandName:
      - batchai cluster create
      Connection:
      - keep-alive
      ParameterSetName:
      - -g -w -n -f
      User-Agent:
      - python/3.7.4 (Windows-10-10.0.18362-SP0) msrest/0.6.10 msrest_azure/0.6.2
        azure-mgmt-batchai/2.0.0 Azure-SDK-For-Python AZURECLI/2.0.78
    method: GET
    uri: https://management.azure.com/subscriptions/00000000-0000-0000-0000-000000000000/resourceGroups/clitest.rg000001/providers/Microsoft.BatchAI/workspaces/workspace/clusters/cluster?api-version=2018-05-01
  response:
    body:
      string: '{"id":"/subscriptions/00000000-0000-0000-0000-000000000000/resourceGroups/clitest.rg000001/providers/Microsoft.BatchAI/workspaces/workspace/clusters/cluster","name":"cluster","type":"Microsoft.BatchAI/workspaces/clusters","properties":{"provisioningState":"succeeded","allocationState":"resizing","creationTime":"2019-12-27T14:06:05.922Z","allocationStateTransitionTime":"2019-12-27T14:06:05.922Z","provisioningStateTransitionTime":"2019-12-27T14:06:07.587Z","vmSize":"STANDARD_D1","currentNodeCount":0,"nodeStateCounts":{"runningNodeCount":0,"idleNodeCount":0,"unusableNodeCount":0,"preparingNodeCount":0,"leavingNodeCount":0},"vmPriority":"dedicated","scaleSettings":{"manual":{"targetNodeCount":1,"nodeDeallocationOption":"requeue"}},"virtualMachineConfiguration":{"imageReference":{"publisher":"microsoft-dsvm","offer":"azureml","sku":"runtime","version":"latest"}},"userAccountSettings":{"adminUserName":"DemoUser"},"nodeSetup":{"mountVolumes":{"azureFileShares":[{"accountName":"clitest000002","azureFileUrl":"https://clitest000002.file.core.windows.net/share","credentials":{},"relativeMountPath":"azfiles","fileMode":"0777","directoryMode":"0777"}]}}}}'
    headers:
      cache-control:
      - no-cache
      content-length:
      - '1241'
      content-type:
      - application/json; charset=utf-8
      date:
      - Fri, 27 Dec 2019 14:06:22 GMT
      etag:
      - W/"0x8D78AD5EA445B23"
      expires:
      - '-1'
      last-modified:
      - Fri, 27 Dec 2019 14:06:05 GMT
      pragma:
      - no-cache
      request-id:
      - 87b43fd2-562d-4c7b-a2bc-b62a34d2c618
      strict-transport-security:
      - max-age=31536000; includeSubDomains
      transfer-encoding:
      - chunked
      vary:
      - Accept-Encoding,Accept-Encoding
      x-content-type-options:
      - nosniff
    status:
      code: 200
      message: OK
- request:
    body: null
    headers:
      Accept:
      - application/json
      Accept-Encoding:
      - gzip, deflate
      CommandName:
      - batchai experiment create
      Connection:
      - keep-alive
      Content-Length:
      - '0'
      Content-Type:
      - application/json; charset=utf-8
      ParameterSetName:
      - -g -w -n
      User-Agent:
      - python/3.7.4 (Windows-10-10.0.18362-SP0) msrest/0.6.10 msrest_azure/0.6.2
        azure-mgmt-batchai/2.0.0 Azure-SDK-For-Python AZURECLI/2.0.78
      accept-language:
      - en-US
    method: PUT
    uri: https://management.azure.com/subscriptions/00000000-0000-0000-0000-000000000000/resourceGroups/clitest.rg000001/providers/Microsoft.BatchAI/workspaces/workspace/experiments/experiment?api-version=2018-05-01
  response:
    body:
      string: '{"id":"/subscriptions/00000000-0000-0000-0000-000000000000/resourceGroups/clitest.rg000001/providers/Microsoft.BatchAI/workspaces/workspace/experiments/experiment","name":"experiment","type":"Microsoft.BatchAI/workspaces/experiments","properties":{"provisioningState":"succeeded","provisioningStateTransitionTime":"2019-12-27T14:06:25.438Z","creationTime":"2019-12-27T14:06:25.438Z"}}'
    headers:
      cache-control:
      - no-cache
      content-length:
      - '443'
      content-type:
      - application/json; charset=utf-8
      date:
      - Fri, 27 Dec 2019 14:06:25 GMT
      etag:
      - W/"0x8D78AD5F5E61FF0"
      expires:
      - '-1'
      last-modified:
      - Fri, 27 Dec 2019 14:06:25 GMT
      pragma:
      - no-cache
      request-id:
      - eb56d527-d62e-4134-bf50-a8291f6c8aac
      strict-transport-security:
      - max-age=31536000; includeSubDomains
      transfer-encoding:
      - chunked
      vary:
      - Accept-Encoding,Accept-Encoding
      x-content-type-options:
      - nosniff
      x-ms-ratelimit-remaining-subscription-writes:
      - '1188'
    status:
      code: 200
      message: OK
- request:
    body: null
    headers:
      Accept:
      - application/json
      Accept-Encoding:
      - gzip, deflate
      CommandName:
      - batchai experiment list
      Connection:
      - keep-alive
      Content-Type:
      - application/json; charset=utf-8
      ParameterSetName:
      - -g -w
      User-Agent:
      - python/3.7.4 (Windows-10-10.0.18362-SP0) msrest/0.6.10 msrest_azure/0.6.2
        azure-mgmt-batchai/2.0.0 Azure-SDK-For-Python AZURECLI/2.0.78
      accept-language:
      - en-US
    method: GET
    uri: https://management.azure.com/subscriptions/00000000-0000-0000-0000-000000000000/resourceGroups/clitest.rg000001/providers/Microsoft.BatchAI/workspaces/workspace/experiments?api-version=2018-05-01
  response:
    body:
      string: '{"value":[{"id":"/subscriptions/00000000-0000-0000-0000-000000000000/resourceGroups/clitest.rg000001/providers/Microsoft.BatchAI/workspaces/workspace/experiments/experiment","name":"experiment","type":"Microsoft.BatchAI/workspaces/experiments","properties":{"provisioningState":"succeeded","provisioningStateTransitionTime":"2019-12-27T14:06:25.438Z","creationTime":"2019-12-27T14:06:25.438Z"}}]}'
    headers:
      cache-control:
      - no-cache
      content-length:
      - '455'
      content-type:
      - application/json; charset=utf-8
      date:
      - Fri, 27 Dec 2019 14:06:26 GMT
      expires:
      - '-1'
      pragma:
      - no-cache
      request-id:
      - 0ab63625-f1d3-4784-8a06-9aeb0e986e40
      strict-transport-security:
      - max-age=31536000; includeSubDomains
      transfer-encoding:
      - chunked
      vary:
      - Accept-Encoding,Accept-Encoding
      x-content-type-options:
      - nosniff
    status:
      code: 200
      message: OK
- request:
    body: null
    headers:
      Accept:
      - application/json
      Accept-Encoding:
      - gzip, deflate
      CommandName:
      - batchai job create
      Connection:
      - keep-alive
      Content-Type:
      - application/json; charset=utf-8
      ParameterSetName:
      - -c -g -w -e -n -f
      User-Agent:
      - python/3.7.4 (Windows-10-10.0.18362-SP0) msrest/0.6.10 msrest_azure/0.6.2
        azure-mgmt-batchai/2.0.0 Azure-SDK-For-Python AZURECLI/2.0.78
      accept-language:
      - en-US
    method: GET
    uri: https://management.azure.com/subscriptions/00000000-0000-0000-0000-000000000000/resourceGroups/clitest.rg000001/providers/Microsoft.BatchAI/workspaces/workspace/experiments/experiment/jobs/job?api-version=2018-05-01
  response:
    body:
      string: '{"error":{"code":"JobNotFound","message":"The specified job job is
        not found"}}'
    headers:
      cache-control:
      - no-cache
      content-length:
      - '79'
      content-type:
      - application/json; charset=utf-8
      date:
      - Fri, 27 Dec 2019 14:06:27 GMT
      expires:
      - '-1'
      pragma:
      - no-cache
      request-id:
      - 6400204f-0f32-4209-8522-42a73f17c1c7
      strict-transport-security:
      - max-age=31536000; includeSubDomains
      vary:
      - Accept-Encoding
      x-content-type-options:
      - nosniff
    status:
      code: 404
      message: The specified job job is not found
- request:
    body: null
    headers:
      Accept:
      - application/json
      Accept-Encoding:
      - gzip, deflate
      CommandName:
      - batchai job create
      Connection:
      - keep-alive
      Content-Type:
      - application/json; charset=utf-8
      ParameterSetName:
      - -c -g -w -e -n -f
      User-Agent:
      - python/3.7.4 (Windows-10-10.0.18362-SP0) msrest/0.6.10 msrest_azure/0.6.2
        azure-mgmt-batchai/2.0.0 Azure-SDK-For-Python AZURECLI/2.0.78
      accept-language:
      - en-US
    method: GET
    uri: https://management.azure.com/subscriptions/00000000-0000-0000-0000-000000000000/resourceGroups/clitest.rg000001/providers/Microsoft.BatchAI/workspaces/workspace/clusters/cluster?api-version=2018-05-01
  response:
    body:
      string: '{"id":"/subscriptions/00000000-0000-0000-0000-000000000000/resourceGroups/clitest.rg000001/providers/Microsoft.BatchAI/workspaces/workspace/clusters/cluster","name":"cluster","type":"Microsoft.BatchAI/workspaces/clusters","properties":{"provisioningState":"succeeded","allocationState":"resizing","creationTime":"2019-12-27T14:06:05.922Z","allocationStateTransitionTime":"2019-12-27T14:06:05.922Z","provisioningStateTransitionTime":"2019-12-27T14:06:07.587Z","vmSize":"STANDARD_D1","currentNodeCount":0,"nodeStateCounts":{"runningNodeCount":0,"idleNodeCount":0,"unusableNodeCount":0,"preparingNodeCount":0,"leavingNodeCount":0},"vmPriority":"dedicated","scaleSettings":{"manual":{"targetNodeCount":1,"nodeDeallocationOption":"requeue"}},"virtualMachineConfiguration":{"imageReference":{"publisher":"microsoft-dsvm","offer":"azureml","sku":"runtime","version":"latest"}},"userAccountSettings":{"adminUserName":"DemoUser"},"nodeSetup":{"mountVolumes":{"azureFileShares":[{"accountName":"clitest000002","azureFileUrl":"https://clitest000002.file.core.windows.net/share","credentials":{},"relativeMountPath":"azfiles","fileMode":"0777","directoryMode":"0777"}]}}}}'
    headers:
      cache-control:
      - no-cache
      content-length:
      - '1241'
      content-type:
      - application/json; charset=utf-8
      date:
      - Fri, 27 Dec 2019 14:06:28 GMT
      etag:
      - W/"0x8D78AD5EA445B23"
      expires:
      - '-1'
      last-modified:
      - Fri, 27 Dec 2019 14:06:05 GMT
      pragma:
      - no-cache
      request-id:
      - ef7ad1b2-3aa9-427d-8eda-749d513de7cf
      strict-transport-security:
      - max-age=31536000; includeSubDomains
      transfer-encoding:
      - chunked
      vary:
      - Accept-Encoding,Accept-Encoding
      x-content-type-options:
      - nosniff
    status:
      code: 200
      message: OK
- request:
    body: 'b''{"properties": {"cluster": {"id": "/subscriptions/00000000-0000-0000-0000-000000000000/resourceGroups/clitest.rg000001/providers/Microsoft.BatchAI/workspaces/workspace/clusters/cluster"},
      "nodeCount": 1, "containerSettings": {"imageSourceRegistry": {"image": "ubuntu"}},
      "customToolkitSettings": {"commandLine": "echo hi | tee $AZ_BATCHAI_OUTPUT_OUTPUT/result.txt"},
      "stdOutErrPathPrefix": "$AZ_BATCHAI_MOUNT_ROOT/azfiles", "outputDirectories":
      [{"id": "OUTPUT", "pathPrefix": "$AZ_BATCHAI_MOUNT_ROOT/azfiles", "pathSuffix":
      "output"}]}}'''
    headers:
      Accept:
      - application/json
      Accept-Encoding:
      - gzip, deflate
      CommandName:
      - batchai job create
      Connection:
      - keep-alive
      Content-Length:
      - '596'
      Content-Type:
      - application/json; charset=utf-8
      ParameterSetName:
      - -c -g -w -e -n -f
      User-Agent:
      - python/3.7.4 (Windows-10-10.0.18362-SP0) msrest/0.6.10 msrest_azure/0.6.2
        azure-mgmt-batchai/2.0.0 Azure-SDK-For-Python AZURECLI/2.0.78
      accept-language:
      - en-US
    method: PUT
    uri: https://management.azure.com/subscriptions/00000000-0000-0000-0000-000000000000/resourceGroups/clitest.rg000001/providers/Microsoft.BatchAI/workspaces/workspace/experiments/experiment/jobs/job?api-version=2018-05-01
  response:
    body:
      string: ''
    headers:
      azure-asyncoperation:
      - https://management.azure.com/subscriptions/00000000-0000-0000-0000-000000000000/providers/Microsoft.BatchAI/locations/northeurope/operationresults/ad1ee347-6fff-4ab1-89d4-4b3b547a0619?api-version=2018-05-01
      cache-control:
      - no-cache
      content-length:
      - '0'
      date:
      - Fri, 27 Dec 2019 14:06:29 GMT
      expires:
      - '-1'
      location:
      - https://management.azure.com/subscriptions/00000000-0000-0000-0000-000000000000/providers/Microsoft.BatchAI/locations/northeurope/operationstatuses/ad1ee347-6fff-4ab1-89d4-4b3b547a0619?api-version=2018-05-01
      pragma:
      - no-cache
      request-id:
      - dd306990-9a01-43c0-bbd7-c74ebd1ca346
      strict-transport-security:
      - max-age=31536000; includeSubDomains
      x-content-type-options:
      - nosniff
      x-ms-ratelimit-remaining-subscription-writes:
      - '1188'
    status:
      code: 202
      message: Accepted
- request:
    body: null
    headers:
      Accept:
      - application/json
      Accept-Encoding:
      - gzip, deflate
      CommandName:
      - batchai job create
      Connection:
      - keep-alive
      ParameterSetName:
      - -c -g -w -e -n -f
      User-Agent:
      - python/3.7.4 (Windows-10-10.0.18362-SP0) msrest/0.6.10 msrest_azure/0.6.2
        azure-mgmt-batchai/2.0.0 Azure-SDK-For-Python AZURECLI/2.0.78
    method: GET
    uri: https://management.azure.com/subscriptions/00000000-0000-0000-0000-000000000000/providers/Microsoft.BatchAI/locations/northeurope/operationresults/ad1ee347-6fff-4ab1-89d4-4b3b547a0619?api-version=2018-05-01
  response:
    body:
      string: '{"id":"https://management.azure.com/subscriptions/00000000-0000-0000-0000-000000000000/providers/Microsoft.BatchAI/locations/northeurope/operationresults/ad1ee347-6fff-4ab1-89d4-4b3b547a0619","name":"ad1ee347-6fff-4ab1-89d4-4b3b547a0619","status":"Succeeded","startTime":"2019-12-27T14:06:30.412Z","endTime":"2019-12-27T14:06:30.696Z","properties":{"resourceId":"0b1f6471-1bf0-4dda-aec3-cb9272f09590$clitest.rg000001$workspace$experiment$job"}}'
    headers:
      cache-control:
      - no-cache
      content-length:
      - '503'
      content-type:
      - application/json; charset=utf-8
      date:
      - Fri, 27 Dec 2019 14:06:36 GMT
      expires:
      - '-1'
      pragma:
      - no-cache
      request-id:
      - 78761bf2-db1a-4299-8752-fa59292a691e
      strict-transport-security:
      - max-age=31536000; includeSubDomains
      transfer-encoding:
      - chunked
      vary:
      - Accept-Encoding,Accept-Encoding
      x-content-type-options:
      - nosniff
    status:
      code: 200
      message: OK
- request:
    body: null
    headers:
      Accept:
      - application/json
      Accept-Encoding:
      - gzip, deflate
      CommandName:
      - batchai job create
      Connection:
      - keep-alive
      ParameterSetName:
      - -c -g -w -e -n -f
      User-Agent:
      - python/3.7.4 (Windows-10-10.0.18362-SP0) msrest/0.6.10 msrest_azure/0.6.2
        azure-mgmt-batchai/2.0.0 Azure-SDK-For-Python AZURECLI/2.0.78
    method: GET
    uri: https://management.azure.com/subscriptions/00000000-0000-0000-0000-000000000000/resourceGroups/clitest.rg000001/providers/Microsoft.BatchAI/workspaces/workspace/experiments/experiment/jobs/job?api-version=2018-05-01
  response:
    body:
      string: '{"id":"/subscriptions/00000000-0000-0000-0000-000000000000/resourceGroups/clitest.rg000001/providers/Microsoft.BatchAI/workspaces/workspace/experiments/experiment/jobs/job","name":"job","type":"Microsoft.BatchAI/workspaces/experiments/jobs","properties":{"experimentName":"experiment","schedulingPriority":"normal","cluster":{"id":"/subscriptions/00000000-0000-0000-0000-000000000000/resourceGroups/clitest.rg000001/providers/Microsoft.BatchAI/workspaces/workspace/clusters/cluster"},"jobOutputDirectoryPathSegment":"0b1f6471-1bf0-4dda-aec3-cb9272f09590/clitest.rg000001/workspaces/workspace/experiments/experiment/jobs/job/024335e6-bdc0-4b41-ba62-31e85927a1df","nodeCount":1,"containerSettings":{"imageSourceRegistry":{"image":"ubuntu"}},"toolType":"custom","customToolkitSettings":{"commandLine":"echo
        hi | tee $AZ_BATCHAI_OUTPUT_OUTPUT/result.txt"},"stdOutErrPathPrefix":"$AZ_BATCHAI_MOUNT_ROOT/azfiles","outputDirectories":[{"id":"OUTPUT","pathPrefix":"$AZ_BATCHAI_MOUNT_ROOT/azfiles","pathSuffix":"output"}],"constraints":{"maxWallClockTime":"P150D"},"creationTime":"2019-12-27T14:06:30.406Z","provisioningState":"succeeded","provisioningStateTransitionTime":"2019-12-27T14:06:30.686Z","executionState":"queued","executionStateTransitionTime":"2019-12-27T14:06:30.406Z","maxJobDurationSeconds":2592000}}'
    headers:
      cache-control:
      - no-cache
      content-length:
      - '1485'
      content-type:
      - application/json; charset=utf-8
      date:
      - Fri, 27 Dec 2019 14:06:37 GMT
      etag:
      - W/"0x8D78AD5F8DC4BED"
      expires:
      - '-1'
      last-modified:
      - Fri, 27 Dec 2019 14:06:30 GMT
      pragma:
      - no-cache
      request-id:
      - e6d071d5-cc3d-4fd3-94bc-8c7cbb992aa4
      strict-transport-security:
      - max-age=31536000; includeSubDomains
      transfer-encoding:
      - chunked
      vary:
      - Accept-Encoding,Accept-Encoding
      x-content-type-options:
      - nosniff
    status:
      code: 200
      message: OK
- request:
    body: null
    headers:
      Accept:
      - application/json
      Accept-Encoding:
      - gzip, deflate
      CommandName:
      - batchai job wait
      Connection:
      - keep-alive
      Content-Type:
      - application/json; charset=utf-8
      ParameterSetName:
      - -g -w -e -n
      User-Agent:
      - python/3.7.4 (Windows-10-10.0.18362-SP0) msrest/0.6.10 msrest_azure/0.6.2
        azure-mgmt-batchai/2.0.0 Azure-SDK-For-Python AZURECLI/2.0.78
      accept-language:
      - en-US
    method: GET
    uri: https://management.azure.com/subscriptions/00000000-0000-0000-0000-000000000000/resourceGroups/clitest.rg000001/providers/Microsoft.BatchAI/workspaces/workspace/experiments/experiment/jobs/job?api-version=2018-05-01
  response:
    body:
      string: '{"id":"/subscriptions/00000000-0000-0000-0000-000000000000/resourceGroups/clitest.rg000001/providers/Microsoft.BatchAI/workspaces/workspace/experiments/experiment/jobs/job","name":"job","type":"Microsoft.BatchAI/workspaces/experiments/jobs","properties":{"experimentName":"experiment","schedulingPriority":"normal","cluster":{"id":"/subscriptions/00000000-0000-0000-0000-000000000000/resourceGroups/clitest.rg000001/providers/Microsoft.BatchAI/workspaces/workspace/clusters/cluster"},"jobOutputDirectoryPathSegment":"0b1f6471-1bf0-4dda-aec3-cb9272f09590/clitest.rg000001/workspaces/workspace/experiments/experiment/jobs/job/024335e6-bdc0-4b41-ba62-31e85927a1df","nodeCount":1,"containerSettings":{"imageSourceRegistry":{"image":"ubuntu"}},"toolType":"custom","customToolkitSettings":{"commandLine":"echo
        hi | tee $AZ_BATCHAI_OUTPUT_OUTPUT/result.txt"},"stdOutErrPathPrefix":"$AZ_BATCHAI_MOUNT_ROOT/azfiles","outputDirectories":[{"id":"OUTPUT","pathPrefix":"$AZ_BATCHAI_MOUNT_ROOT/azfiles","pathSuffix":"output"}],"constraints":{"maxWallClockTime":"P150D"},"creationTime":"2019-12-27T14:06:30.406Z","provisioningState":"succeeded","provisioningStateTransitionTime":"2019-12-27T14:06:30.686Z","executionState":"queued","executionStateTransitionTime":"2019-12-27T14:06:30.406Z","maxJobDurationSeconds":2592000}}'
    headers:
      cache-control:
      - no-cache
      content-length:
      - '1485'
      content-type:
      - application/json; charset=utf-8
      date:
      - Fri, 27 Dec 2019 14:06:39 GMT
      etag:
      - W/"0x8D78AD5F8DC4BED"
      expires:
      - '-1'
      last-modified:
      - Fri, 27 Dec 2019 14:06:30 GMT
      pragma:
      - no-cache
      request-id:
      - 4917d412-b25e-4653-a62c-aa38139ef263
      strict-transport-security:
      - max-age=31536000; includeSubDomains
      transfer-encoding:
      - chunked
      vary:
      - Accept-Encoding,Accept-Encoding
      x-content-type-options:
      - nosniff
    status:
      code: 200
      message: OK
- request:
    body: null
    headers:
      Accept:
      - application/json
      Accept-Encoding:
      - gzip, deflate
      CommandName:
      - batchai job wait
      Connection:
      - keep-alive
      Content-Type:
      - application/json; charset=utf-8
      ParameterSetName:
      - -g -w -e -n
      User-Agent:
      - python/3.7.4 (Windows-10-10.0.18362-SP0) msrest/0.6.10 msrest_azure/0.6.2
        azure-mgmt-batchai/2.0.0 Azure-SDK-For-Python AZURECLI/2.0.78
      accept-language:
      - en-US
    method: GET
    uri: https://management.azure.com/subscriptions/00000000-0000-0000-0000-000000000000/resourceGroups/clitest.rg000001/providers/Microsoft.BatchAI/workspaces/workspace/experiments/experiment/jobs/job?api-version=2018-05-01
  response:
    body:
      string: '{"id":"/subscriptions/00000000-0000-0000-0000-000000000000/resourceGroups/clitest.rg000001/providers/Microsoft.BatchAI/workspaces/workspace/experiments/experiment/jobs/job","name":"job","type":"Microsoft.BatchAI/workspaces/experiments/jobs","properties":{"experimentName":"experiment","schedulingPriority":"normal","cluster":{"id":"/subscriptions/00000000-0000-0000-0000-000000000000/resourceGroups/clitest.rg000001/providers/Microsoft.BatchAI/workspaces/workspace/clusters/cluster"},"jobOutputDirectoryPathSegment":"0b1f6471-1bf0-4dda-aec3-cb9272f09590/clitest.rg000001/workspaces/workspace/experiments/experiment/jobs/job/024335e6-bdc0-4b41-ba62-31e85927a1df","nodeCount":1,"containerSettings":{"imageSourceRegistry":{"image":"ubuntu"}},"toolType":"custom","customToolkitSettings":{"commandLine":"echo
        hi | tee $AZ_BATCHAI_OUTPUT_OUTPUT/result.txt"},"stdOutErrPathPrefix":"$AZ_BATCHAI_MOUNT_ROOT/azfiles","outputDirectories":[{"id":"OUTPUT","pathPrefix":"$AZ_BATCHAI_MOUNT_ROOT/azfiles","pathSuffix":"output"}],"constraints":{"maxWallClockTime":"P150D"},"creationTime":"2019-12-27T14:06:30.406Z","provisioningState":"succeeded","provisioningStateTransitionTime":"2019-12-27T14:06:30.686Z","executionState":"queued","executionStateTransitionTime":"2019-12-27T14:06:30.406Z","maxJobDurationSeconds":2592000}}'
    headers:
      cache-control:
      - no-cache
      content-length:
      - '1485'
      content-type:
      - application/json; charset=utf-8
      date:
      - Fri, 27 Dec 2019 14:06:55 GMT
      etag:
      - W/"0x8D78AD5F8DC4BED"
      expires:
      - '-1'
      last-modified:
      - Fri, 27 Dec 2019 14:06:30 GMT
      pragma:
      - no-cache
      request-id:
      - f8fe87b7-a212-4c4b-a531-451d9f1232e6
      strict-transport-security:
      - max-age=31536000; includeSubDomains
      transfer-encoding:
      - chunked
      vary:
      - Accept-Encoding,Accept-Encoding
      x-content-type-options:
      - nosniff
    status:
      code: 200
      message: OK
- request:
    body: null
    headers:
      Accept:
      - application/json
      Accept-Encoding:
      - gzip, deflate
      CommandName:
      - batchai job wait
      Connection:
      - keep-alive
      Content-Type:
      - application/json; charset=utf-8
      ParameterSetName:
      - -g -w -e -n
      User-Agent:
      - python/3.7.4 (Windows-10-10.0.18362-SP0) msrest/0.6.10 msrest_azure/0.6.2
        azure-mgmt-batchai/2.0.0 Azure-SDK-For-Python AZURECLI/2.0.78
      accept-language:
      - en-US
    method: GET
    uri: https://management.azure.com/subscriptions/00000000-0000-0000-0000-000000000000/resourceGroups/clitest.rg000001/providers/Microsoft.BatchAI/workspaces/workspace/experiments/experiment/jobs/job?api-version=2018-05-01
  response:
    body:
      string: '{"id":"/subscriptions/00000000-0000-0000-0000-000000000000/resourceGroups/clitest.rg000001/providers/Microsoft.BatchAI/workspaces/workspace/experiments/experiment/jobs/job","name":"job","type":"Microsoft.BatchAI/workspaces/experiments/jobs","properties":{"experimentName":"experiment","schedulingPriority":"normal","cluster":{"id":"/subscriptions/00000000-0000-0000-0000-000000000000/resourceGroups/clitest.rg000001/providers/Microsoft.BatchAI/workspaces/workspace/clusters/cluster"},"jobOutputDirectoryPathSegment":"0b1f6471-1bf0-4dda-aec3-cb9272f09590/clitest.rg000001/workspaces/workspace/experiments/experiment/jobs/job/024335e6-bdc0-4b41-ba62-31e85927a1df","nodeCount":1,"containerSettings":{"imageSourceRegistry":{"image":"ubuntu"}},"toolType":"custom","customToolkitSettings":{"commandLine":"echo
        hi | tee $AZ_BATCHAI_OUTPUT_OUTPUT/result.txt"},"stdOutErrPathPrefix":"$AZ_BATCHAI_MOUNT_ROOT/azfiles","outputDirectories":[{"id":"OUTPUT","pathPrefix":"$AZ_BATCHAI_MOUNT_ROOT/azfiles","pathSuffix":"output"}],"constraints":{"maxWallClockTime":"P150D"},"creationTime":"2019-12-27T14:06:30.406Z","provisioningState":"succeeded","provisioningStateTransitionTime":"2019-12-27T14:06:30.686Z","executionState":"queued","executionStateTransitionTime":"2019-12-27T14:06:30.406Z","maxJobDurationSeconds":2592000}}'
    headers:
      cache-control:
      - no-cache
      content-length:
      - '1485'
      content-type:
      - application/json; charset=utf-8
      date:
      - Fri, 27 Dec 2019 14:07:11 GMT
      etag:
      - W/"0x8D78AD5F8DC4BED"
      expires:
      - '-1'
      last-modified:
      - Fri, 27 Dec 2019 14:06:30 GMT
      pragma:
      - no-cache
      request-id:
      - a39bf68d-4312-48e1-b951-beae3e75e93b
      strict-transport-security:
      - max-age=31536000; includeSubDomains
      transfer-encoding:
      - chunked
      vary:
      - Accept-Encoding,Accept-Encoding
      x-content-type-options:
      - nosniff
    status:
      code: 200
      message: OK
- request:
    body: null
    headers:
      Accept:
      - application/json
      Accept-Encoding:
      - gzip, deflate
      CommandName:
      - batchai job wait
      Connection:
      - keep-alive
      Content-Type:
      - application/json; charset=utf-8
      ParameterSetName:
      - -g -w -e -n
      User-Agent:
      - python/3.7.4 (Windows-10-10.0.18362-SP0) msrest/0.6.10 msrest_azure/0.6.2
        azure-mgmt-batchai/2.0.0 Azure-SDK-For-Python AZURECLI/2.0.78
      accept-language:
      - en-US
    method: GET
    uri: https://management.azure.com/subscriptions/00000000-0000-0000-0000-000000000000/resourceGroups/clitest.rg000001/providers/Microsoft.BatchAI/workspaces/workspace/experiments/experiment/jobs/job?api-version=2018-05-01
  response:
    body:
      string: '{"id":"/subscriptions/00000000-0000-0000-0000-000000000000/resourceGroups/clitest.rg000001/providers/Microsoft.BatchAI/workspaces/workspace/experiments/experiment/jobs/job","name":"job","type":"Microsoft.BatchAI/workspaces/experiments/jobs","properties":{"experimentName":"experiment","schedulingPriority":"normal","cluster":{"id":"/subscriptions/00000000-0000-0000-0000-000000000000/resourceGroups/clitest.rg000001/providers/Microsoft.BatchAI/workspaces/workspace/clusters/cluster"},"jobOutputDirectoryPathSegment":"0b1f6471-1bf0-4dda-aec3-cb9272f09590/clitest.rg000001/workspaces/workspace/experiments/experiment/jobs/job/024335e6-bdc0-4b41-ba62-31e85927a1df","nodeCount":1,"containerSettings":{"imageSourceRegistry":{"image":"ubuntu"}},"toolType":"custom","customToolkitSettings":{"commandLine":"echo
        hi | tee $AZ_BATCHAI_OUTPUT_OUTPUT/result.txt"},"stdOutErrPathPrefix":"$AZ_BATCHAI_MOUNT_ROOT/azfiles","outputDirectories":[{"id":"OUTPUT","pathPrefix":"$AZ_BATCHAI_MOUNT_ROOT/azfiles","pathSuffix":"output"}],"constraints":{"maxWallClockTime":"P150D"},"creationTime":"2019-12-27T14:06:30.406Z","provisioningState":"succeeded","provisioningStateTransitionTime":"2019-12-27T14:06:30.686Z","executionState":"queued","executionStateTransitionTime":"2019-12-27T14:06:30.406Z","maxJobDurationSeconds":2592000}}'
    headers:
      cache-control:
      - no-cache
      content-length:
      - '1485'
      content-type:
      - application/json; charset=utf-8
      date:
      - Fri, 27 Dec 2019 14:07:27 GMT
      etag:
      - W/"0x8D78AD5F8DC4BED"
      expires:
      - '-1'
      last-modified:
      - Fri, 27 Dec 2019 14:06:30 GMT
      pragma:
      - no-cache
      request-id:
      - 34622c98-f092-4f8a-bbbe-facd3cb1fcad
      strict-transport-security:
      - max-age=31536000; includeSubDomains
      transfer-encoding:
      - chunked
      vary:
      - Accept-Encoding,Accept-Encoding
      x-content-type-options:
      - nosniff
    status:
      code: 200
      message: OK
- request:
    body: null
    headers:
      Accept:
      - application/json
      Accept-Encoding:
      - gzip, deflate
      CommandName:
      - batchai job wait
      Connection:
      - keep-alive
      Content-Type:
      - application/json; charset=utf-8
      ParameterSetName:
      - -g -w -e -n
      User-Agent:
      - python/3.7.4 (Windows-10-10.0.18362-SP0) msrest/0.6.10 msrest_azure/0.6.2
        azure-mgmt-batchai/2.0.0 Azure-SDK-For-Python AZURECLI/2.0.78
      accept-language:
      - en-US
    method: GET
    uri: https://management.azure.com/subscriptions/00000000-0000-0000-0000-000000000000/resourceGroups/clitest.rg000001/providers/Microsoft.BatchAI/workspaces/workspace/experiments/experiment/jobs/job?api-version=2018-05-01
  response:
    body:
      string: '{"id":"/subscriptions/00000000-0000-0000-0000-000000000000/resourceGroups/clitest.rg000001/providers/Microsoft.BatchAI/workspaces/workspace/experiments/experiment/jobs/job","name":"job","type":"Microsoft.BatchAI/workspaces/experiments/jobs","properties":{"experimentName":"experiment","schedulingPriority":"normal","cluster":{"id":"/subscriptions/00000000-0000-0000-0000-000000000000/resourceGroups/clitest.rg000001/providers/Microsoft.BatchAI/workspaces/workspace/clusters/cluster"},"jobOutputDirectoryPathSegment":"0b1f6471-1bf0-4dda-aec3-cb9272f09590/clitest.rg000001/workspaces/workspace/experiments/experiment/jobs/job/024335e6-bdc0-4b41-ba62-31e85927a1df","nodeCount":1,"containerSettings":{"imageSourceRegistry":{"image":"ubuntu"}},"toolType":"custom","customToolkitSettings":{"commandLine":"echo
        hi | tee $AZ_BATCHAI_OUTPUT_OUTPUT/result.txt"},"stdOutErrPathPrefix":"$AZ_BATCHAI_MOUNT_ROOT/azfiles","outputDirectories":[{"id":"OUTPUT","pathPrefix":"$AZ_BATCHAI_MOUNT_ROOT/azfiles","pathSuffix":"output"}],"constraints":{"maxWallClockTime":"P150D"},"creationTime":"2019-12-27T14:06:30.406Z","provisioningState":"succeeded","provisioningStateTransitionTime":"2019-12-27T14:06:30.686Z","executionState":"queued","executionStateTransitionTime":"2019-12-27T14:06:30.406Z","maxJobDurationSeconds":2592000}}'
    headers:
      cache-control:
      - no-cache
      content-length:
      - '1485'
      content-type:
      - application/json; charset=utf-8
      date:
      - Fri, 27 Dec 2019 14:07:44 GMT
      etag:
      - W/"0x8D78AD5F8DC4BED"
      expires:
      - '-1'
      last-modified:
      - Fri, 27 Dec 2019 14:06:30 GMT
      pragma:
      - no-cache
      request-id:
      - 33d3232d-a778-4e05-b117-e05511807fe1
      strict-transport-security:
      - max-age=31536000; includeSubDomains
      transfer-encoding:
      - chunked
      vary:
      - Accept-Encoding,Accept-Encoding
      x-content-type-options:
      - nosniff
    status:
      code: 200
      message: OK
- request:
    body: null
    headers:
      Accept:
      - application/json
      Accept-Encoding:
      - gzip, deflate
      CommandName:
      - batchai job wait
      Connection:
      - keep-alive
      Content-Type:
      - application/json; charset=utf-8
      ParameterSetName:
      - -g -w -e -n
      User-Agent:
      - python/3.7.4 (Windows-10-10.0.18362-SP0) msrest/0.6.10 msrest_azure/0.6.2
        azure-mgmt-batchai/2.0.0 Azure-SDK-For-Python AZURECLI/2.0.78
      accept-language:
      - en-US
    method: GET
    uri: https://management.azure.com/subscriptions/00000000-0000-0000-0000-000000000000/resourceGroups/clitest.rg000001/providers/Microsoft.BatchAI/workspaces/workspace/experiments/experiment/jobs/job?api-version=2018-05-01
  response:
    body:
      string: '{"id":"/subscriptions/00000000-0000-0000-0000-000000000000/resourceGroups/clitest.rg000001/providers/Microsoft.BatchAI/workspaces/workspace/experiments/experiment/jobs/job","name":"job","type":"Microsoft.BatchAI/workspaces/experiments/jobs","properties":{"experimentName":"experiment","schedulingPriority":"normal","cluster":{"id":"/subscriptions/00000000-0000-0000-0000-000000000000/resourceGroups/clitest.rg000001/providers/Microsoft.BatchAI/workspaces/workspace/clusters/cluster"},"jobOutputDirectoryPathSegment":"0b1f6471-1bf0-4dda-aec3-cb9272f09590/clitest.rg000001/workspaces/workspace/experiments/experiment/jobs/job/024335e6-bdc0-4b41-ba62-31e85927a1df","nodeCount":1,"containerSettings":{"imageSourceRegistry":{"image":"ubuntu"}},"toolType":"custom","customToolkitSettings":{"commandLine":"echo
        hi | tee $AZ_BATCHAI_OUTPUT_OUTPUT/result.txt"},"stdOutErrPathPrefix":"$AZ_BATCHAI_MOUNT_ROOT/azfiles","outputDirectories":[{"id":"OUTPUT","pathPrefix":"$AZ_BATCHAI_MOUNT_ROOT/azfiles","pathSuffix":"output"}],"constraints":{"maxWallClockTime":"P150D"},"creationTime":"2019-12-27T14:06:30.406Z","provisioningState":"succeeded","provisioningStateTransitionTime":"2019-12-27T14:06:30.686Z","executionState":"queued","executionStateTransitionTime":"2019-12-27T14:06:30.406Z","maxJobDurationSeconds":2592000}}'
    headers:
      cache-control:
      - no-cache
      content-length:
      - '1485'
      content-type:
      - application/json; charset=utf-8
      date:
      - Fri, 27 Dec 2019 14:08:00 GMT
      etag:
      - W/"0x8D78AD5F8DC4BED"
      expires:
      - '-1'
      last-modified:
      - Fri, 27 Dec 2019 14:06:30 GMT
      pragma:
      - no-cache
      request-id:
      - 490c8172-6cf8-4488-b1ec-38d9c0af2f90
      strict-transport-security:
      - max-age=31536000; includeSubDomains
      transfer-encoding:
      - chunked
      vary:
      - Accept-Encoding,Accept-Encoding
      x-content-type-options:
      - nosniff
    status:
      code: 200
      message: OK
- request:
    body: null
    headers:
      Accept:
      - application/json
      Accept-Encoding:
      - gzip, deflate
      CommandName:
      - batchai job wait
      Connection:
      - keep-alive
      Content-Type:
      - application/json; charset=utf-8
      ParameterSetName:
      - -g -w -e -n
      User-Agent:
      - python/3.7.4 (Windows-10-10.0.18362-SP0) msrest/0.6.10 msrest_azure/0.6.2
        azure-mgmt-batchai/2.0.0 Azure-SDK-For-Python AZURECLI/2.0.78
      accept-language:
      - en-US
    method: GET
    uri: https://management.azure.com/subscriptions/00000000-0000-0000-0000-000000000000/resourceGroups/clitest.rg000001/providers/Microsoft.BatchAI/workspaces/workspace/experiments/experiment/jobs/job?api-version=2018-05-01
  response:
    body:
      string: '{"id":"/subscriptions/00000000-0000-0000-0000-000000000000/resourceGroups/clitest.rg000001/providers/Microsoft.BatchAI/workspaces/workspace/experiments/experiment/jobs/job","name":"job","type":"Microsoft.BatchAI/workspaces/experiments/jobs","properties":{"experimentName":"experiment","schedulingPriority":"normal","cluster":{"id":"/subscriptions/00000000-0000-0000-0000-000000000000/resourceGroups/clitest.rg000001/providers/Microsoft.BatchAI/workspaces/workspace/clusters/cluster"},"jobOutputDirectoryPathSegment":"0b1f6471-1bf0-4dda-aec3-cb9272f09590/clitest.rg000001/workspaces/workspace/experiments/experiment/jobs/job/024335e6-bdc0-4b41-ba62-31e85927a1df","nodeCount":1,"containerSettings":{"imageSourceRegistry":{"image":"ubuntu"}},"toolType":"custom","customToolkitSettings":{"commandLine":"echo
        hi | tee $AZ_BATCHAI_OUTPUT_OUTPUT/result.txt"},"stdOutErrPathPrefix":"$AZ_BATCHAI_MOUNT_ROOT/azfiles","outputDirectories":[{"id":"OUTPUT","pathPrefix":"$AZ_BATCHAI_MOUNT_ROOT/azfiles","pathSuffix":"output"}],"constraints":{"maxWallClockTime":"P150D"},"creationTime":"2019-12-27T14:06:30.406Z","provisioningState":"succeeded","provisioningStateTransitionTime":"2019-12-27T14:06:30.686Z","executionState":"queued","executionStateTransitionTime":"2019-12-27T14:06:30.406Z","maxJobDurationSeconds":2592000}}'
    headers:
      cache-control:
      - no-cache
      content-length:
      - '1485'
      content-type:
      - application/json; charset=utf-8
      date:
      - Fri, 27 Dec 2019 14:08:17 GMT
      etag:
      - W/"0x8D78AD5F8DC4BED"
      expires:
      - '-1'
      last-modified:
      - Fri, 27 Dec 2019 14:06:30 GMT
      pragma:
      - no-cache
      request-id:
      - 7641ed4a-6a05-4647-a5b6-faab8592b0db
      strict-transport-security:
      - max-age=31536000; includeSubDomains
      transfer-encoding:
      - chunked
      vary:
      - Accept-Encoding,Accept-Encoding
      x-content-type-options:
      - nosniff
    status:
      code: 200
      message: OK
- request:
    body: null
    headers:
      Accept:
      - application/json
      Accept-Encoding:
      - gzip, deflate
      CommandName:
      - batchai job wait
      Connection:
      - keep-alive
      Content-Type:
      - application/json; charset=utf-8
      ParameterSetName:
      - -g -w -e -n
      User-Agent:
      - python/3.7.4 (Windows-10-10.0.18362-SP0) msrest/0.6.10 msrest_azure/0.6.2
        azure-mgmt-batchai/2.0.0 Azure-SDK-For-Python AZURECLI/2.0.78
      accept-language:
      - en-US
    method: GET
    uri: https://management.azure.com/subscriptions/00000000-0000-0000-0000-000000000000/resourceGroups/clitest.rg000001/providers/Microsoft.BatchAI/workspaces/workspace/experiments/experiment/jobs/job?api-version=2018-05-01
  response:
    body:
      string: '{"id":"/subscriptions/00000000-0000-0000-0000-000000000000/resourceGroups/clitest.rg000001/providers/Microsoft.BatchAI/workspaces/workspace/experiments/experiment/jobs/job","name":"job","type":"Microsoft.BatchAI/workspaces/experiments/jobs","properties":{"experimentName":"experiment","schedulingPriority":"normal","cluster":{"id":"/subscriptions/00000000-0000-0000-0000-000000000000/resourceGroups/clitest.rg000001/providers/Microsoft.BatchAI/workspaces/workspace/clusters/cluster"},"jobOutputDirectoryPathSegment":"0b1f6471-1bf0-4dda-aec3-cb9272f09590/clitest.rg000001/workspaces/workspace/experiments/experiment/jobs/job/024335e6-bdc0-4b41-ba62-31e85927a1df","nodeCount":1,"containerSettings":{"imageSourceRegistry":{"image":"ubuntu"}},"toolType":"custom","customToolkitSettings":{"commandLine":"echo
        hi | tee $AZ_BATCHAI_OUTPUT_OUTPUT/result.txt"},"stdOutErrPathPrefix":"$AZ_BATCHAI_MOUNT_ROOT/azfiles","outputDirectories":[{"id":"OUTPUT","pathPrefix":"$AZ_BATCHAI_MOUNT_ROOT/azfiles","pathSuffix":"output"}],"constraints":{"maxWallClockTime":"P150D"},"creationTime":"2019-12-27T14:06:30.406Z","provisioningState":"succeeded","provisioningStateTransitionTime":"2019-12-27T14:06:30.686Z","executionState":"queued","executionStateTransitionTime":"2019-12-27T14:06:30.406Z","maxJobDurationSeconds":2592000}}'
    headers:
      cache-control:
      - no-cache
      content-length:
      - '1485'
      content-type:
      - application/json; charset=utf-8
      date:
      - Fri, 27 Dec 2019 14:08:33 GMT
      etag:
      - W/"0x8D78AD5F8DC4BED"
      expires:
      - '-1'
      last-modified:
      - Fri, 27 Dec 2019 14:06:30 GMT
      pragma:
      - no-cache
      request-id:
      - f418e160-8995-4ca7-b085-d0149223e29e
      strict-transport-security:
      - max-age=31536000; includeSubDomains
      transfer-encoding:
      - chunked
      vary:
      - Accept-Encoding,Accept-Encoding
      x-content-type-options:
      - nosniff
    status:
      code: 200
      message: OK
- request:
    body: null
    headers:
      Accept:
      - application/json
      Accept-Encoding:
      - gzip, deflate
      CommandName:
      - batchai job wait
      Connection:
      - keep-alive
      Content-Type:
      - application/json; charset=utf-8
      ParameterSetName:
      - -g -w -e -n
      User-Agent:
      - python/3.7.4 (Windows-10-10.0.18362-SP0) msrest/0.6.10 msrest_azure/0.6.2
        azure-mgmt-batchai/2.0.0 Azure-SDK-For-Python AZURECLI/2.0.78
      accept-language:
      - en-US
    method: GET
    uri: https://management.azure.com/subscriptions/00000000-0000-0000-0000-000000000000/resourceGroups/clitest.rg000001/providers/Microsoft.BatchAI/workspaces/workspace/experiments/experiment/jobs/job?api-version=2018-05-01
  response:
    body:
      string: '{"id":"/subscriptions/00000000-0000-0000-0000-000000000000/resourceGroups/clitest.rg000001/providers/Microsoft.BatchAI/workspaces/workspace/experiments/experiment/jobs/job","name":"job","type":"Microsoft.BatchAI/workspaces/experiments/jobs","properties":{"experimentName":"experiment","schedulingPriority":"normal","cluster":{"id":"/subscriptions/00000000-0000-0000-0000-000000000000/resourceGroups/clitest.rg000001/providers/Microsoft.BatchAI/workspaces/workspace/clusters/cluster"},"jobOutputDirectoryPathSegment":"0b1f6471-1bf0-4dda-aec3-cb9272f09590/clitest.rg000001/workspaces/workspace/experiments/experiment/jobs/job/024335e6-bdc0-4b41-ba62-31e85927a1df","nodeCount":1,"containerSettings":{"imageSourceRegistry":{"image":"ubuntu"}},"toolType":"custom","customToolkitSettings":{"commandLine":"echo
        hi | tee $AZ_BATCHAI_OUTPUT_OUTPUT/result.txt"},"stdOutErrPathPrefix":"$AZ_BATCHAI_MOUNT_ROOT/azfiles","outputDirectories":[{"id":"OUTPUT","pathPrefix":"$AZ_BATCHAI_MOUNT_ROOT/azfiles","pathSuffix":"output"}],"constraints":{"maxWallClockTime":"P150D"},"creationTime":"2019-12-27T14:06:30.406Z","provisioningState":"succeeded","provisioningStateTransitionTime":"2019-12-27T14:06:30.686Z","executionState":"queued","executionStateTransitionTime":"2019-12-27T14:06:30.406Z","maxJobDurationSeconds":2592000}}'
    headers:
      cache-control:
      - no-cache
      content-length:
      - '1485'
      content-type:
      - application/json; charset=utf-8
      date:
      - Fri, 27 Dec 2019 14:08:49 GMT
      etag:
      - W/"0x8D78AD5F8DC4BED"
      expires:
      - '-1'
      last-modified:
      - Fri, 27 Dec 2019 14:06:30 GMT
      pragma:
      - no-cache
      request-id:
      - b0416b02-aefd-4d14-b8b1-cca9f819ea8e
      strict-transport-security:
      - max-age=31536000; includeSubDomains
      transfer-encoding:
      - chunked
      vary:
      - Accept-Encoding,Accept-Encoding
      x-content-type-options:
      - nosniff
    status:
      code: 200
      message: OK
- request:
    body: null
    headers:
      Accept:
      - application/json
      Accept-Encoding:
      - gzip, deflate
      CommandName:
      - batchai job wait
      Connection:
      - keep-alive
      Content-Type:
      - application/json; charset=utf-8
      ParameterSetName:
      - -g -w -e -n
      User-Agent:
      - python/3.7.4 (Windows-10-10.0.18362-SP0) msrest/0.6.10 msrest_azure/0.6.2
        azure-mgmt-batchai/2.0.0 Azure-SDK-For-Python AZURECLI/2.0.78
      accept-language:
      - en-US
    method: GET
    uri: https://management.azure.com/subscriptions/00000000-0000-0000-0000-000000000000/resourceGroups/clitest.rg000001/providers/Microsoft.BatchAI/workspaces/workspace/experiments/experiment/jobs/job?api-version=2018-05-01
  response:
    body:
      string: '{"id":"/subscriptions/00000000-0000-0000-0000-000000000000/resourceGroups/clitest.rg000001/providers/Microsoft.BatchAI/workspaces/workspace/experiments/experiment/jobs/job","name":"job","type":"Microsoft.BatchAI/workspaces/experiments/jobs","properties":{"experimentName":"experiment","schedulingPriority":"normal","cluster":{"id":"/subscriptions/00000000-0000-0000-0000-000000000000/resourceGroups/clitest.rg000001/providers/Microsoft.BatchAI/workspaces/workspace/clusters/cluster"},"jobOutputDirectoryPathSegment":"0b1f6471-1bf0-4dda-aec3-cb9272f09590/clitest.rg000001/workspaces/workspace/experiments/experiment/jobs/job/024335e6-bdc0-4b41-ba62-31e85927a1df","nodeCount":1,"containerSettings":{"imageSourceRegistry":{"image":"ubuntu"}},"toolType":"custom","customToolkitSettings":{"commandLine":"echo
        hi | tee $AZ_BATCHAI_OUTPUT_OUTPUT/result.txt"},"stdOutErrPathPrefix":"$AZ_BATCHAI_MOUNT_ROOT/azfiles","outputDirectories":[{"id":"OUTPUT","pathPrefix":"$AZ_BATCHAI_MOUNT_ROOT/azfiles","pathSuffix":"output"}],"constraints":{"maxWallClockTime":"P150D"},"creationTime":"2019-12-27T14:06:30.406Z","provisioningState":"succeeded","provisioningStateTransitionTime":"2019-12-27T14:06:30.686Z","executionState":"running","executionStateTransitionTime":"2019-12-27T14:08:55.907Z","executionInfo":{"startTime":"2019-12-27T14:08:58Z","exitCode":0},"maxJobDurationSeconds":2592000}}'
    headers:
      cache-control:
      - no-cache
      content-length:
      - '1552'
      content-type:
      - application/json; charset=utf-8
      date:
      - Fri, 27 Dec 2019 14:09:05 GMT
      etag:
      - W/"0x8D78AD5F8DC4BED"
      expires:
      - '-1'
      last-modified:
      - Fri, 27 Dec 2019 14:06:30 GMT
      pragma:
      - no-cache
      request-id:
      - 9f962642-8b31-4d4f-8c15-931db207aae9
      strict-transport-security:
      - max-age=31536000; includeSubDomains
      transfer-encoding:
      - chunked
      vary:
      - Accept-Encoding,Accept-Encoding
      x-content-type-options:
      - nosniff
    status:
      code: 200
      message: OK
- request:
    body: null
    headers:
      Accept:
      - application/json
      Accept-Encoding:
      - gzip, deflate
      CommandName:
      - batchai job wait
      Connection:
      - keep-alive
      Content-Type:
      - application/json; charset=utf-8
      ParameterSetName:
      - -g -w -e -n
      User-Agent:
      - python/3.7.4 (Windows-10-10.0.18362-SP0) msrest/0.6.10 msrest_azure/0.6.2
        azure-mgmt-batchai/2.0.0 Azure-SDK-For-Python AZURECLI/2.0.78
      accept-language:
      - en-US
    method: GET
    uri: https://management.azure.com/subscriptions/00000000-0000-0000-0000-000000000000/resourceGroups/clitest.rg000001/providers/Microsoft.BatchAI/workspaces/workspace/experiments/experiment/jobs/job?api-version=2018-05-01
  response:
    body:
      string: '{"id":"/subscriptions/00000000-0000-0000-0000-000000000000/resourceGroups/clitest.rg000001/providers/Microsoft.BatchAI/workspaces/workspace/experiments/experiment/jobs/job","name":"job","type":"Microsoft.BatchAI/workspaces/experiments/jobs","properties":{"experimentName":"experiment","schedulingPriority":"normal","cluster":{"id":"/subscriptions/00000000-0000-0000-0000-000000000000/resourceGroups/clitest.rg000001/providers/Microsoft.BatchAI/workspaces/workspace/clusters/cluster"},"jobOutputDirectoryPathSegment":"0b1f6471-1bf0-4dda-aec3-cb9272f09590/clitest.rg000001/workspaces/workspace/experiments/experiment/jobs/job/024335e6-bdc0-4b41-ba62-31e85927a1df","nodeCount":1,"containerSettings":{"imageSourceRegistry":{"image":"ubuntu"}},"toolType":"custom","customToolkitSettings":{"commandLine":"echo
        hi | tee $AZ_BATCHAI_OUTPUT_OUTPUT/result.txt"},"stdOutErrPathPrefix":"$AZ_BATCHAI_MOUNT_ROOT/azfiles","outputDirectories":[{"id":"OUTPUT","pathPrefix":"$AZ_BATCHAI_MOUNT_ROOT/azfiles","pathSuffix":"output"}],"constraints":{"maxWallClockTime":"P150D"},"creationTime":"2019-12-27T14:06:30.406Z","provisioningState":"succeeded","provisioningStateTransitionTime":"2019-12-27T14:06:30.686Z","executionState":"running","executionStateTransitionTime":"2019-12-27T14:08:55.907Z","executionInfo":{"startTime":"2019-12-27T14:08:58Z","exitCode":0},"maxJobDurationSeconds":2592000}}'
    headers:
      cache-control:
      - no-cache
      content-length:
      - '1552'
      content-type:
      - application/json; charset=utf-8
      date:
      - Fri, 27 Dec 2019 14:09:21 GMT
      etag:
      - W/"0x8D78AD5F8DC4BED"
      expires:
      - '-1'
      last-modified:
      - Fri, 27 Dec 2019 14:06:30 GMT
      pragma:
      - no-cache
      request-id:
      - ffaeeaad-bf3c-4641-b31b-5ee6145c1ea1
      strict-transport-security:
      - max-age=31536000; includeSubDomains
      transfer-encoding:
      - chunked
      vary:
      - Accept-Encoding,Accept-Encoding
      x-content-type-options:
      - nosniff
    status:
      code: 200
      message: OK
- request:
    body: null
    headers:
      Accept:
      - application/json
      Accept-Encoding:
      - gzip, deflate
      CommandName:
      - batchai job wait
      Connection:
      - keep-alive
      Content-Type:
      - application/json; charset=utf-8
      ParameterSetName:
      - -g -w -e -n
      User-Agent:
      - python/3.7.4 (Windows-10-10.0.18362-SP0) msrest/0.6.10 msrest_azure/0.6.2
        azure-mgmt-batchai/2.0.0 Azure-SDK-For-Python AZURECLI/2.0.78
      accept-language:
      - en-US
    method: GET
    uri: https://management.azure.com/subscriptions/00000000-0000-0000-0000-000000000000/resourceGroups/clitest.rg000001/providers/Microsoft.BatchAI/workspaces/workspace/experiments/experiment/jobs/job?api-version=2018-05-01
  response:
    body:
      string: '{"id":"/subscriptions/00000000-0000-0000-0000-000000000000/resourceGroups/clitest.rg000001/providers/Microsoft.BatchAI/workspaces/workspace/experiments/experiment/jobs/job","name":"job","type":"Microsoft.BatchAI/workspaces/experiments/jobs","properties":{"experimentName":"experiment","schedulingPriority":"normal","cluster":{"id":"/subscriptions/00000000-0000-0000-0000-000000000000/resourceGroups/clitest.rg000001/providers/Microsoft.BatchAI/workspaces/workspace/clusters/cluster"},"jobOutputDirectoryPathSegment":"0b1f6471-1bf0-4dda-aec3-cb9272f09590/clitest.rg000001/workspaces/workspace/experiments/experiment/jobs/job/024335e6-bdc0-4b41-ba62-31e85927a1df","nodeCount":1,"containerSettings":{"imageSourceRegistry":{"image":"ubuntu"}},"toolType":"custom","customToolkitSettings":{"commandLine":"echo
        hi | tee $AZ_BATCHAI_OUTPUT_OUTPUT/result.txt"},"stdOutErrPathPrefix":"$AZ_BATCHAI_MOUNT_ROOT/azfiles","outputDirectories":[{"id":"OUTPUT","pathPrefix":"$AZ_BATCHAI_MOUNT_ROOT/azfiles","pathSuffix":"output"}],"constraints":{"maxWallClockTime":"P150D"},"creationTime":"2019-12-27T14:06:30.406Z","provisioningState":"succeeded","provisioningStateTransitionTime":"2019-12-27T14:06:30.686Z","executionState":"succeeded","executionStateTransitionTime":"2019-12-27T14:09:24Z","executionInfo":{"startTime":"2019-12-27T14:08:58Z","endTime":"2019-12-27T14:09:24Z","exitCode":0},"maxJobDurationSeconds":2592000}}'
    headers:
      cache-control:
      - no-cache
      content-length:
      - '1583'
      content-type:
      - application/json; charset=utf-8
      date:
      - Fri, 27 Dec 2019 14:09:37 GMT
      etag:
      - W/"0x8D78AD5F8DC4BED"
      expires:
      - '-1'
      last-modified:
      - Fri, 27 Dec 2019 14:06:30 GMT
      pragma:
      - no-cache
      request-id:
      - 359bad2b-aeff-4490-b3d7-4cdb3af132d4
      strict-transport-security:
      - max-age=31536000; includeSubDomains
      transfer-encoding:
      - chunked
      vary:
      - Accept-Encoding,Accept-Encoding
      x-content-type-options:
      - nosniff
    status:
      code: 200
      message: OK
- request:
    body: null
    headers:
      Accept:
      - application/json
      Accept-Encoding:
      - gzip, deflate
      CommandName:
      - batchai job show
      Connection:
      - keep-alive
      Content-Type:
      - application/json; charset=utf-8
      ParameterSetName:
      - -g -w -e -n
      User-Agent:
      - python/3.7.4 (Windows-10-10.0.18362-SP0) msrest/0.6.10 msrest_azure/0.6.2
        azure-mgmt-batchai/2.0.0 Azure-SDK-For-Python AZURECLI/2.0.78
      accept-language:
      - en-US
    method: GET
    uri: https://management.azure.com/subscriptions/00000000-0000-0000-0000-000000000000/resourceGroups/clitest.rg000001/providers/Microsoft.BatchAI/workspaces/workspace/experiments/experiment/jobs/job?api-version=2018-05-01
  response:
    body:
      string: '{"id":"/subscriptions/00000000-0000-0000-0000-000000000000/resourceGroups/clitest.rg000001/providers/Microsoft.BatchAI/workspaces/workspace/experiments/experiment/jobs/job","name":"job","type":"Microsoft.BatchAI/workspaces/experiments/jobs","properties":{"experimentName":"experiment","schedulingPriority":"normal","cluster":{"id":"/subscriptions/00000000-0000-0000-0000-000000000000/resourceGroups/clitest.rg000001/providers/Microsoft.BatchAI/workspaces/workspace/clusters/cluster"},"jobOutputDirectoryPathSegment":"0b1f6471-1bf0-4dda-aec3-cb9272f09590/clitest.rg000001/workspaces/workspace/experiments/experiment/jobs/job/024335e6-bdc0-4b41-ba62-31e85927a1df","nodeCount":1,"containerSettings":{"imageSourceRegistry":{"image":"ubuntu"}},"toolType":"custom","customToolkitSettings":{"commandLine":"echo
        hi | tee $AZ_BATCHAI_OUTPUT_OUTPUT/result.txt"},"stdOutErrPathPrefix":"$AZ_BATCHAI_MOUNT_ROOT/azfiles","outputDirectories":[{"id":"OUTPUT","pathPrefix":"$AZ_BATCHAI_MOUNT_ROOT/azfiles","pathSuffix":"output"}],"constraints":{"maxWallClockTime":"P150D"},"creationTime":"2019-12-27T14:06:30.406Z","provisioningState":"succeeded","provisioningStateTransitionTime":"2019-12-27T14:06:30.686Z","executionState":"succeeded","executionStateTransitionTime":"2019-12-27T14:09:24Z","executionInfo":{"startTime":"2019-12-27T14:08:58Z","endTime":"2019-12-27T14:09:24Z","exitCode":0},"maxJobDurationSeconds":2592000}}'
    headers:
      cache-control:
      - no-cache
      content-length:
      - '1583'
      content-type:
      - application/json; charset=utf-8
      date:
      - Fri, 27 Dec 2019 14:09:38 GMT
      etag:
      - W/"0x8D78AD5F8DC4BED"
      expires:
      - '-1'
      last-modified:
      - Fri, 27 Dec 2019 14:06:30 GMT
      pragma:
      - no-cache
      request-id:
      - 74522206-670f-42e8-8c33-eeeac43e61bd
      strict-transport-security:
      - max-age=31536000; includeSubDomains
      transfer-encoding:
      - chunked
      vary:
      - Accept-Encoding,Accept-Encoding
      x-content-type-options:
      - nosniff
    status:
      code: 200
      message: OK
- request:
    body: null
    headers:
      Accept:
      - application/json
      Accept-Encoding:
      - gzip, deflate
      CommandName:
      - batchai job file list
      Connection:
      - keep-alive
      Content-Length:
      - '0'
      Content-Type:
      - application/json; charset=utf-8
      ParameterSetName:
      - -g -w -e -j -d
      User-Agent:
      - python/3.7.4 (Windows-10-10.0.18362-SP0) msrest/0.6.10 msrest_azure/0.6.2
        azure-mgmt-batchai/2.0.0 Azure-SDK-For-Python AZURECLI/2.0.78
      accept-language:
      - en-US
    method: POST
    uri: https://management.azure.com/subscriptions/00000000-0000-0000-0000-000000000000/resourceGroups/clitest.rg000001/providers/Microsoft.BatchAI/workspaces/workspace/experiments/experiment/jobs/job/listOutputFiles?api-version=2018-05-01&outputdirectoryid=stdouterr&directory=.&linkexpiryinminutes=60&maxresults=1000
  response:
    body:
      string: '{"value":[{"name":"diagnosis-tvmps_9d38072eca410cb6266d0babd3097c6c6fd74c346cf5caf92f668efbc098250f_d.zip","fileType":"file","downloadUrl":"https://clitest000002.file.core.windows.net/share/0b1f6471-1bf0-4dda-aec3-cb9272f09590/clitest.rg000001/workspaces/workspace/experiments/experiment/jobs/job/024335e6-bdc0-4b41-ba62-31e85927a1df/stdouterr/diagnosis-tvmps_9d38072eca410cb6266d0babd3097c6c6fd74c346cf5caf92f668efbc098250f_d.zip?sv=2018-03-28&sr=f&sig=QZi26vn%2BdxxOvvD5IPwy%2B%2FE87n5%2Fc%2B7PDhdbES8WBvA%3D&se=2019-12-27T15%3A09%3A41Z&sp=rl","properties":{"lastModified":"2019-12-27T14:09:24Z","contentLength":128986}},{"name":"execution.log","fileType":"file","downloadUrl":"https://clitest000002.file.core.windows.net/share/0b1f6471-1bf0-4dda-aec3-cb9272f09590/clitest.rg000001/workspaces/workspace/experiments/experiment/jobs/job/024335e6-bdc0-4b41-ba62-31e85927a1df/stdouterr/execution.log?sv=2018-03-28&sr=f&sig=j4fbNjPnm%2BfLOW76GJuv9ICvzQB%2FhEyF0bJyJRaukvM%3D&se=2019-12-27T15%3A09%3A41Z&sp=rl","properties":{"lastModified":"2019-12-27T14:09:24Z","contentLength":12376}},{"name":"process_info.log","fileType":"file","downloadUrl":"https://clitest000002.file.core.windows.net/share/0b1f6471-1bf0-4dda-aec3-cb9272f09590/clitest.rg000001/workspaces/workspace/experiments/experiment/jobs/job/024335e6-bdc0-4b41-ba62-31e85927a1df/stdouterr/process_info.log?sv=2018-03-28&sr=f&sig=1oRW%2Bj7ElhgOIZBndMKSSjy1BbJGZCZCbORFH0vvwHk%3D&se=2019-12-27T15%3A09%3A41Z&sp=rl","properties":{"lastModified":"2019-12-27T14:09:17Z","contentLength":177}},{"name":"process_status.log","fileType":"file","downloadUrl":"https://clitest000002.file.core.windows.net/share/0b1f6471-1bf0-4dda-aec3-cb9272f09590/clitest.rg000001/workspaces/workspace/experiments/experiment/jobs/job/024335e6-bdc0-4b41-ba62-31e85927a1df/stdouterr/process_status.log?sv=2018-03-28&sr=f&sig=Qh5W0Nz63tp6Cz%2Bfjc9Avwv7wzHXltLQLDfvhTqwNdI%3D&se=2019-12-27T15%3A09%3A41Z&sp=rl","properties":{"lastModified":"2019-12-27T14:09:17Z","contentLength":270}},{"name":"stderr.txt","fileType":"file","downloadUrl":"https://clitest000002.file.core.windows.net/share/0b1f6471-1bf0-4dda-aec3-cb9272f09590/clitest.rg000001/workspaces/workspace/experiments/experiment/jobs/job/024335e6-bdc0-4b41-ba62-31e85927a1df/stdouterr/stderr.txt?sv=2018-03-28&sr=f&sig=uT4kqPieWXW%2B7pgX%2Fzd9DxfP%2BPnSQFTT0lw0eL3Geug%3D&se=2019-12-27T15%3A09%3A41Z&sp=rl","properties":{"lastModified":"2019-12-27T14:09:16Z","contentLength":0}},{"name":"stdout.txt","fileType":"file","downloadUrl":"https://clitest000002.file.core.windows.net/share/0b1f6471-1bf0-4dda-aec3-cb9272f09590/clitest.rg000001/workspaces/workspace/experiments/experiment/jobs/job/024335e6-bdc0-4b41-ba62-31e85927a1df/stdouterr/stdout.txt?sv=2018-03-28&sr=f&sig=lyjHMHmPN3FCu0zopaOdpX4uHJNRoqQ1v4UyFLHwF5M%3D&se=2019-12-27T15%3A09%3A41Z&sp=rl","properties":{"lastModified":"2019-12-27T14:09:17Z","contentLength":3}}]}'
    headers:
      cache-control:
      - no-cache
      content-length:
      - '3330'
      content-type:
      - application/json; charset=utf-8
      date:
      - Fri, 27 Dec 2019 14:09:41 GMT
      expires:
      - '-1'
      pragma:
      - no-cache
      request-id:
      - 0d8dba82-5dab-4816-b7d0-8ce8391ea2db
      strict-transport-security:
      - max-age=31536000; includeSubDomains
      transfer-encoding:
      - chunked
      vary:
      - Accept-Encoding,Accept-Encoding
      x-content-type-options:
      - nosniff
    status:
      code: 200
      message: OK
version: 1
