interactions:
- request:
    body: null
    headers:
      Accept:
      - application/json
      Accept-Encoding:
      - gzip, deflate
      CommandName:
      - aks create
      Connection:
      - keep-alive
      ParameterSetName:
      - --resource-group --name --location --dns-name-prefix --node-count --ssh-key-value
        --service-principal --client-secret --load-balancer-sku --vm-set-type --api-server-authorized-ip-ranges
        --no-wait
      User-Agent:
      - AZURECLI/2.27.0 azsdk-python-azure-mgmt-resource/18.0.0 Python/3.8.11 (Linux-5.4.0-1055-azure-x86_64-with-glibc2.27)
    method: GET
    uri: https://management.azure.com/subscriptions/00000000-0000-0000-0000-000000000000/resourcegroups/clitest000001?api-version=2021-04-01
  response:
    body:
      string: '{"id":"/subscriptions/00000000-0000-0000-0000-000000000000/resourceGroups/clitest000001","name":"clitest000001","type":"Microsoft.Resources/resourceGroups","location":"westus2","tags":{"product":"azurecli","cause":"automation","date":"2021-08-17T05:08:45Z"},"properties":{"provisioningState":"Succeeded"}}'
    headers:
      cache-control:
      - no-cache
      content-length:
      - '313'
      content-type:
      - application/json; charset=utf-8
      date:
      - Tue, 17 Aug 2021 05:08:46 GMT
      expires:
      - '-1'
      pragma:
      - no-cache
      strict-transport-security:
      - max-age=31536000; includeSubDomains
      vary:
      - Accept-Encoding
      x-content-type-options:
      - nosniff
    status:
      code: 200
      message: OK
- request:
    body: '{"location": "westus2", "properties": {"kubernetesVersion": "", "dnsPrefix":
      "cliaksdns000002", "agentPoolProfiles": [{"count": 1, "vmSize": "Standard_DS2_v2",
      "osType": "Linux", "type": "VirtualMachineScaleSets", "mode": "System", "enableNodePublicIP":
      false, "scaleSetPriority": "Regular", "scaleSetEvictionPolicy": "Delete", "spotMaxPrice":
      -1.0, "enableEncryptionAtHost": false, "enableUltraSSD": false, "name": "nodepool1"}],
      "linuxProfile": {"adminUsername": "azureuser", "ssh": {"publicKeys": [{"keyData":
      "ssh-rsa AAAAB3NzaC1yc2EAAAADAQABAAABAQCdSf3GlgnRl9XJiQavZ1p3M3+DN3eFnnpk9B1UH3JQZW/5sePzrG3ucDRcIDPTBItawvuyHqv1RK4AhAyT9TI4aG8l5amgnCzktgNhqibqJhQCdxkoIJdxcUwCgV+McodZ5IgVjKj9E4XXG68XAYCwo8cUPbyq25BkhWBK4Qmn7DT1SnB4eZdmA9tIO46FbKXvV1p8U9CixwSSKTmnTfq+DMRBX016k9UFWewREFR6+vu9bosp4MDEWgx3beSJoUty+LpOfCSzA9i5z0R5/LF3dvF0fiKWfCu+oztDmT39Zvdh0GPqfJTnPylHlkSJMXP6MItFrOKWZukhhFjCIZDz
      azcli_aks_live_test@example.com\n"}]}}, "servicePrincipalProfile": {"clientId":"00000000-0000-0000-0000-000000000001",
      "secret":"fake-secret"}, "addonProfiles": {}, "enableRBAC": true, "networkProfile":
      {"networkPlugin": "kubenet", "podCidr": "10.244.0.0/16", "serviceCidr": "10.0.0.0/16",
      "dnsServiceIP": "10.0.0.10", "dockerBridgeCidr": "172.17.0.1/16", "outboundType":
      "loadBalancer", "loadBalancerSku": "standard"}, "apiServerAccessProfile": {"authorizedIPRanges":
      ["1.2.3.4/32"]}}}'
    headers:
      Accept:
      - application/json
      Accept-Encoding:
      - gzip, deflate
      CommandName:
      - aks create
      Connection:
      - keep-alive
      Content-Length:
      - '1407'
      Content-Type:
      - application/json
      ParameterSetName:
      - --resource-group --name --location --dns-name-prefix --node-count --ssh-key-value
        --service-principal --client-secret --load-balancer-sku --vm-set-type --api-server-authorized-ip-ranges
        --no-wait
      User-Agent:
      - AZURECLI/2.27.0 azsdk-python-azure-mgmt-containerservice/16.1.0 Python/3.8.11
        (Linux-5.4.0-1055-azure-x86_64-with-glibc2.27)
    method: PUT
    uri: https://management.azure.com/subscriptions/00000000-0000-0000-0000-000000000000/resourceGroups/clitest000001/providers/Microsoft.ContainerService/managedClusters/cliakstest000001?api-version=2021-07-01
  response:
    body:
      string: "{\n  \"id\": \"/subscriptions/00000000-0000-0000-0000-000000000000/resourcegroups/clitest000001/providers/Microsoft.ContainerService/managedClusters/cliakstest000001\",\n
        \ \"location\": \"westus2\",\n  \"name\": \"cliakstest000001\",\n  \"type\":
        \"Microsoft.ContainerService/ManagedClusters\",\n  \"properties\": {\n   \"provisioningState\":
        \"Creating\",\n   \"powerState\": {\n    \"code\": \"Running\"\n   },\n   \"kubernetesVersion\":
        \"1.20.7\",\n   \"dnsPrefix\": \"cliaksdns000002\",\n   \"fqdn\": \"cliaksdns000002-0c9183b4.hcp.westus2.azmk8s.io\",\n
        \  \"azurePortalFQDN\": \"cliaksdns000002-0c9183b4.portal.hcp.westus2.azmk8s.io\",\n
        \  \"agentPoolProfiles\": [\n    {\n     \"name\": \"nodepool1\",\n     \"count\":
        1,\n     \"vmSize\": \"Standard_DS2_v2\",\n     \"osDiskSizeGB\": 128,\n     \"osDiskType\":
        \"Managed\",\n     \"kubeletDiskType\": \"OS\",\n     \"maxPods\": 110,\n
        \    \"type\": \"VirtualMachineScaleSets\",\n     \"provisioningState\": \"Creating\",\n
        \    \"powerState\": {\n      \"code\": \"Running\"\n     },\n     \"orchestratorVersion\":
        \"1.20.7\",\n     \"enableNodePublicIP\": false,\n     \"nodeLabels\": {},\n
        \    \"mode\": \"System\",\n     \"enableEncryptionAtHost\": false,\n     \"enableUltraSSD\":
        false,\n     \"osType\": \"Linux\",\n     \"osSKU\": \"Ubuntu\",\n     \"nodeImageVersion\":
        \"AKSUbuntu-1804gen2containerd-2021.07.25\",\n     \"enableFIPS\": false\n
        \   }\n   ],\n   \"linuxProfile\": {\n    \"adminUsername\": \"azureuser\",\n
        \   \"ssh\": {\n     \"publicKeys\": [\n      {\n       \"keyData\": \"ssh-rsa
        AAAAB3NzaC1yc2EAAAADAQABAAABAQCdSf3GlgnRl9XJiQavZ1p3M3+DN3eFnnpk9B1UH3JQZW/5sePzrG3ucDRcIDPTBItawvuyHqv1RK4AhAyT9TI4aG8l5amgnCzktgNhqibqJhQCdxkoIJdxcUwCgV+McodZ5IgVjKj9E4XXG68XAYCwo8cUPbyq25BkhWBK4Qmn7DT1SnB4eZdmA9tIO46FbKXvV1p8U9CixwSSKTmnTfq+DMRBX016k9UFWewREFR6+vu9bosp4MDEWgx3beSJoUty+LpOfCSzA9i5z0R5/LF3dvF0fiKWfCu+oztDmT39Zvdh0GPqfJTnPylHlkSJMXP6MItFrOKWZukhhFjCIZDz
        azcli_aks_live_test@example.com\\n\"\n      }\n     ]\n    }\n   },\n   \"servicePrincipalProfile\":
        {\n    \"clientId\":\"00000000-0000-0000-0000-000000000001\"\n   },\n   \"nodeResourceGroup\":
        \"MC_clitest000001_cliakstest000001_westus2\",\n   \"enableRBAC\": true,\n
        \  \"networkProfile\": {\n    \"networkPlugin\": \"kubenet\",\n    \"loadBalancerSku\":
        \"standard\",\n    \"loadBalancerProfile\": {\n     \"managedOutboundIPs\":
        {\n      \"count\": 1\n     }\n    },\n    \"podCidr\": \"10.244.0.0/16\",\n
        \   \"serviceCidr\": \"10.0.0.0/16\",\n    \"dnsServiceIP\": \"10.0.0.10\",\n
        \   \"dockerBridgeCidr\": \"172.17.0.1/16\",\n    \"outboundType\": \"loadBalancer\"\n
        \  },\n   \"maxAgentPools\": 100,\n   \"apiServerAccessProfile\": {\n    \"authorizedIPRanges\":
        [\n     \"1.2.3.4/32\"\n    ]\n   }\n  },\n  \"sku\": {\n   \"name\": \"Basic\",\n
        \  \"tier\": \"Free\"\n  }\n }"
    headers:
      azure-asyncoperation:
      - https://management.azure.com/subscriptions/00000000-0000-0000-0000-000000000000/providers/Microsoft.ContainerService/locations/westus2/operations/eb5734ad-f7db-4f86-a708-b3a0c1fccf84?api-version=2016-03-30
      cache-control:
      - no-cache
      content-length:
      - '2559'
      content-type:
      - application/json
      date:
      - Tue, 17 Aug 2021 05:08:49 GMT
      expires:
      - '-1'
      pragma:
      - no-cache
      server:
      - nginx
      strict-transport-security:
      - max-age=31536000; includeSubDomains
      x-content-type-options:
      - nosniff
      x-ms-ratelimit-remaining-subscription-writes:
      - '1189'
    status:
      code: 201
      message: Created
- request:
    body: null
    headers:
      Accept:
      - application/json
      Accept-Encoding:
      - gzip, deflate
      CommandName:
      - aks wait
      Connection:
      - keep-alive
      ParameterSetName:
      - -g -n --created
      User-Agent:
      - AZURECLI/2.27.0 azsdk-python-azure-mgmt-containerservice/16.1.0 Python/3.8.11
        (Linux-5.4.0-1055-azure-x86_64-with-glibc2.27)
    method: GET
    uri: https://management.azure.com/subscriptions/00000000-0000-0000-0000-000000000000/resourceGroups/clitest000001/providers/Microsoft.ContainerService/managedClusters/cliakstest000001?api-version=2021-07-01
  response:
    body:
      string: "{\n  \"id\": \"/subscriptions/00000000-0000-0000-0000-000000000000/resourcegroups/clitest000001/providers/Microsoft.ContainerService/managedClusters/cliakstest000001\",\n
        \ \"location\": \"westus2\",\n  \"name\": \"cliakstest000001\",\n  \"type\":
        \"Microsoft.ContainerService/ManagedClusters\",\n  \"properties\": {\n   \"provisioningState\":
        \"Creating\",\n   \"powerState\": {\n    \"code\": \"Running\"\n   },\n   \"kubernetesVersion\":
        \"1.20.7\",\n   \"dnsPrefix\": \"cliaksdns000002\",\n   \"fqdn\": \"cliaksdns000002-0c9183b4.hcp.westus2.azmk8s.io\",\n
        \  \"azurePortalFQDN\": \"cliaksdns000002-0c9183b4.portal.hcp.westus2.azmk8s.io\",\n
        \  \"agentPoolProfiles\": [\n    {\n     \"name\": \"nodepool1\",\n     \"count\":
        1,\n     \"vmSize\": \"Standard_DS2_v2\",\n     \"osDiskSizeGB\": 128,\n     \"osDiskType\":
        \"Managed\",\n     \"kubeletDiskType\": \"OS\",\n     \"maxPods\": 110,\n
        \    \"type\": \"VirtualMachineScaleSets\",\n     \"provisioningState\": \"Creating\",\n
        \    \"powerState\": {\n      \"code\": \"Running\"\n     },\n     \"orchestratorVersion\":
        \"1.20.7\",\n     \"enableNodePublicIP\": false,\n     \"nodeLabels\": {},\n
        \    \"mode\": \"System\",\n     \"enableEncryptionAtHost\": false,\n     \"enableUltraSSD\":
        false,\n     \"osType\": \"Linux\",\n     \"osSKU\": \"Ubuntu\",\n     \"nodeImageVersion\":
        \"AKSUbuntu-1804gen2containerd-2021.07.25\",\n     \"enableFIPS\": false\n
        \   }\n   ],\n   \"linuxProfile\": {\n    \"adminUsername\": \"azureuser\",\n
        \   \"ssh\": {\n     \"publicKeys\": [\n      {\n       \"keyData\": \"ssh-rsa
        AAAAB3NzaC1yc2EAAAADAQABAAABAQCdSf3GlgnRl9XJiQavZ1p3M3+DN3eFnnpk9B1UH3JQZW/5sePzrG3ucDRcIDPTBItawvuyHqv1RK4AhAyT9TI4aG8l5amgnCzktgNhqibqJhQCdxkoIJdxcUwCgV+McodZ5IgVjKj9E4XXG68XAYCwo8cUPbyq25BkhWBK4Qmn7DT1SnB4eZdmA9tIO46FbKXvV1p8U9CixwSSKTmnTfq+DMRBX016k9UFWewREFR6+vu9bosp4MDEWgx3beSJoUty+LpOfCSzA9i5z0R5/LF3dvF0fiKWfCu+oztDmT39Zvdh0GPqfJTnPylHlkSJMXP6MItFrOKWZukhhFjCIZDz
        azcli_aks_live_test@example.com\\n\"\n      }\n     ]\n    }\n   },\n   \"servicePrincipalProfile\":
        {\n    \"clientId\":\"00000000-0000-0000-0000-000000000001\"\n   },\n   \"nodeResourceGroup\":
        \"MC_clitest000001_cliakstest000001_westus2\",\n   \"enableRBAC\": true,\n
        \  \"networkProfile\": {\n    \"networkPlugin\": \"kubenet\",\n    \"loadBalancerSku\":
        \"standard\",\n    \"loadBalancerProfile\": {\n     \"managedOutboundIPs\":
        {\n      \"count\": 1\n     }\n    },\n    \"podCidr\": \"10.244.0.0/16\",\n
        \   \"serviceCidr\": \"10.0.0.0/16\",\n    \"dnsServiceIP\": \"10.0.0.10\",\n
        \   \"dockerBridgeCidr\": \"172.17.0.1/16\",\n    \"outboundType\": \"loadBalancer\"\n
        \  },\n   \"maxAgentPools\": 100,\n   \"apiServerAccessProfile\": {\n    \"authorizedIPRanges\":
        [\n     \"1.2.3.4/32\"\n    ]\n   }\n  },\n  \"sku\": {\n   \"name\": \"Basic\",\n
        \  \"tier\": \"Free\"\n  }\n }"
    headers:
      cache-control:
      - no-cache
      content-length:
      - '2559'
      content-type:
      - application/json
      date:
      - Tue, 17 Aug 2021 05:08:50 GMT
      expires:
      - '-1'
      pragma:
      - no-cache
      server:
      - nginx
      strict-transport-security:
      - max-age=31536000; includeSubDomains
      transfer-encoding:
      - chunked
      vary:
      - Accept-Encoding
      x-content-type-options:
      - nosniff
    status:
      code: 200
      message: OK
- request:
    body: null
    headers:
      Accept:
      - application/json
      Accept-Encoding:
      - gzip, deflate
      CommandName:
      - aks wait
      Connection:
      - keep-alive
      ParameterSetName:
      - -g -n --created
      User-Agent:
      - AZURECLI/2.27.0 azsdk-python-azure-mgmt-containerservice/16.1.0 Python/3.8.11
        (Linux-5.4.0-1055-azure-x86_64-with-glibc2.27)
    method: GET
    uri: https://management.azure.com/subscriptions/00000000-0000-0000-0000-000000000000/resourceGroups/clitest000001/providers/Microsoft.ContainerService/managedClusters/cliakstest000001?api-version=2021-07-01
  response:
    body:
      string: "{\n  \"id\": \"/subscriptions/00000000-0000-0000-0000-000000000000/resourcegroups/clitest000001/providers/Microsoft.ContainerService/managedClusters/cliakstest000001\",\n
        \ \"location\": \"westus2\",\n  \"name\": \"cliakstest000001\",\n  \"type\":
        \"Microsoft.ContainerService/ManagedClusters\",\n  \"properties\": {\n   \"provisioningState\":
        \"Creating\",\n   \"powerState\": {\n    \"code\": \"Running\"\n   },\n   \"kubernetesVersion\":
        \"1.20.7\",\n   \"dnsPrefix\": \"cliaksdns000002\",\n   \"fqdn\": \"cliaksdns000002-0c9183b4.hcp.westus2.azmk8s.io\",\n
        \  \"azurePortalFQDN\": \"cliaksdns000002-0c9183b4.portal.hcp.westus2.azmk8s.io\",\n
        \  \"agentPoolProfiles\": [\n    {\n     \"name\": \"nodepool1\",\n     \"count\":
        1,\n     \"vmSize\": \"Standard_DS2_v2\",\n     \"osDiskSizeGB\": 128,\n     \"osDiskType\":
        \"Managed\",\n     \"kubeletDiskType\": \"OS\",\n     \"maxPods\": 110,\n
        \    \"type\": \"VirtualMachineScaleSets\",\n     \"provisioningState\": \"Creating\",\n
        \    \"powerState\": {\n      \"code\": \"Running\"\n     },\n     \"orchestratorVersion\":
        \"1.20.7\",\n     \"enableNodePublicIP\": false,\n     \"nodeLabels\": {},\n
        \    \"mode\": \"System\",\n     \"enableEncryptionAtHost\": false,\n     \"enableUltraSSD\":
        false,\n     \"osType\": \"Linux\",\n     \"osSKU\": \"Ubuntu\",\n     \"nodeImageVersion\":
        \"AKSUbuntu-1804gen2containerd-2021.07.25\",\n     \"enableFIPS\": false\n
        \   }\n   ],\n   \"linuxProfile\": {\n    \"adminUsername\": \"azureuser\",\n
        \   \"ssh\": {\n     \"publicKeys\": [\n      {\n       \"keyData\": \"ssh-rsa
        AAAAB3NzaC1yc2EAAAADAQABAAABAQCdSf3GlgnRl9XJiQavZ1p3M3+DN3eFnnpk9B1UH3JQZW/5sePzrG3ucDRcIDPTBItawvuyHqv1RK4AhAyT9TI4aG8l5amgnCzktgNhqibqJhQCdxkoIJdxcUwCgV+McodZ5IgVjKj9E4XXG68XAYCwo8cUPbyq25BkhWBK4Qmn7DT1SnB4eZdmA9tIO46FbKXvV1p8U9CixwSSKTmnTfq+DMRBX016k9UFWewREFR6+vu9bosp4MDEWgx3beSJoUty+LpOfCSzA9i5z0R5/LF3dvF0fiKWfCu+oztDmT39Zvdh0GPqfJTnPylHlkSJMXP6MItFrOKWZukhhFjCIZDz
        azcli_aks_live_test@example.com\\n\"\n      }\n     ]\n    }\n   },\n   \"servicePrincipalProfile\":
        {\n    \"clientId\":\"00000000-0000-0000-0000-000000000001\"\n   },\n   \"nodeResourceGroup\":
        \"MC_clitest000001_cliakstest000001_westus2\",\n   \"enableRBAC\": true,\n
        \  \"networkProfile\": {\n    \"networkPlugin\": \"kubenet\",\n    \"loadBalancerSku\":
        \"standard\",\n    \"loadBalancerProfile\": {\n     \"managedOutboundIPs\":
        {\n      \"count\": 1\n     },\n     \"effectiveOutboundIPs\": [\n      {\n
        \      \"id\": \"/subscriptions/00000000-0000-0000-0000-000000000000/resourceGroups/MC_clitest000001_cliakstest000001_westus2/providers/Microsoft.Network/publicIPAddresses/def6bad5-9966-4275-ad61-892c2aec94ef\"\n
        \     }\n     ]\n    },\n    \"podCidr\": \"10.244.0.0/16\",\n    \"serviceCidr\":
        \"10.0.0.0/16\",\n    \"dnsServiceIP\": \"10.0.0.10\",\n    \"dockerBridgeCidr\":
        \"172.17.0.1/16\",\n    \"outboundType\": \"loadBalancer\"\n   },\n   \"maxAgentPools\":
        100,\n   \"apiServerAccessProfile\": {\n    \"authorizedIPRanges\": [\n     \"1.2.3.4/32\"\n
        \   ]\n   }\n  },\n  \"sku\": {\n   \"name\": \"Basic\",\n   \"tier\": \"Free\"\n
        \ }\n }"
    headers:
      cache-control:
      - no-cache
      content-length:
      - '2825'
      content-type:
      - application/json
      date:
      - Tue, 17 Aug 2021 05:09:20 GMT
      expires:
      - '-1'
      pragma:
      - no-cache
      server:
      - nginx
      strict-transport-security:
      - max-age=31536000; includeSubDomains
      transfer-encoding:
      - chunked
      vary:
      - Accept-Encoding
      x-content-type-options:
      - nosniff
    status:
      code: 200
      message: OK
- request:
    body: null
    headers:
      Accept:
      - application/json
      Accept-Encoding:
      - gzip, deflate
      CommandName:
      - aks wait
      Connection:
      - keep-alive
      ParameterSetName:
      - -g -n --created
      User-Agent:
      - AZURECLI/2.27.0 azsdk-python-azure-mgmt-containerservice/16.1.0 Python/3.8.11
        (Linux-5.4.0-1055-azure-x86_64-with-glibc2.27)
    method: GET
    uri: https://management.azure.com/subscriptions/00000000-0000-0000-0000-000000000000/resourceGroups/clitest000001/providers/Microsoft.ContainerService/managedClusters/cliakstest000001?api-version=2021-07-01
  response:
    body:
      string: "{\n  \"id\": \"/subscriptions/00000000-0000-0000-0000-000000000000/resourcegroups/clitest000001/providers/Microsoft.ContainerService/managedClusters/cliakstest000001\",\n
        \ \"location\": \"westus2\",\n  \"name\": \"cliakstest000001\",\n  \"type\":
        \"Microsoft.ContainerService/ManagedClusters\",\n  \"properties\": {\n   \"provisioningState\":
        \"Creating\",\n   \"powerState\": {\n    \"code\": \"Running\"\n   },\n   \"kubernetesVersion\":
        \"1.20.7\",\n   \"dnsPrefix\": \"cliaksdns000002\",\n   \"fqdn\": \"cliaksdns000002-0c9183b4.hcp.westus2.azmk8s.io\",\n
        \  \"azurePortalFQDN\": \"cliaksdns000002-0c9183b4.portal.hcp.westus2.azmk8s.io\",\n
        \  \"agentPoolProfiles\": [\n    {\n     \"name\": \"nodepool1\",\n     \"count\":
        1,\n     \"vmSize\": \"Standard_DS2_v2\",\n     \"osDiskSizeGB\": 128,\n     \"osDiskType\":
        \"Managed\",\n     \"kubeletDiskType\": \"OS\",\n     \"maxPods\": 110,\n
        \    \"type\": \"VirtualMachineScaleSets\",\n     \"provisioningState\": \"Creating\",\n
        \    \"powerState\": {\n      \"code\": \"Running\"\n     },\n     \"orchestratorVersion\":
        \"1.20.7\",\n     \"enableNodePublicIP\": false,\n     \"nodeLabels\": {},\n
        \    \"mode\": \"System\",\n     \"enableEncryptionAtHost\": false,\n     \"enableUltraSSD\":
        false,\n     \"osType\": \"Linux\",\n     \"osSKU\": \"Ubuntu\",\n     \"nodeImageVersion\":
        \"AKSUbuntu-1804gen2containerd-2021.07.25\",\n     \"enableFIPS\": false\n
        \   }\n   ],\n   \"linuxProfile\": {\n    \"adminUsername\": \"azureuser\",\n
        \   \"ssh\": {\n     \"publicKeys\": [\n      {\n       \"keyData\": \"ssh-rsa
        AAAAB3NzaC1yc2EAAAADAQABAAABAQCdSf3GlgnRl9XJiQavZ1p3M3+DN3eFnnpk9B1UH3JQZW/5sePzrG3ucDRcIDPTBItawvuyHqv1RK4AhAyT9TI4aG8l5amgnCzktgNhqibqJhQCdxkoIJdxcUwCgV+McodZ5IgVjKj9E4XXG68XAYCwo8cUPbyq25BkhWBK4Qmn7DT1SnB4eZdmA9tIO46FbKXvV1p8U9CixwSSKTmnTfq+DMRBX016k9UFWewREFR6+vu9bosp4MDEWgx3beSJoUty+LpOfCSzA9i5z0R5/LF3dvF0fiKWfCu+oztDmT39Zvdh0GPqfJTnPylHlkSJMXP6MItFrOKWZukhhFjCIZDz
        azcli_aks_live_test@example.com\\n\"\n      }\n     ]\n    }\n   },\n   \"servicePrincipalProfile\":
        {\n    \"clientId\":\"00000000-0000-0000-0000-000000000001\"\n   },\n   \"nodeResourceGroup\":
        \"MC_clitest000001_cliakstest000001_westus2\",\n   \"enableRBAC\": true,\n
        \  \"networkProfile\": {\n    \"networkPlugin\": \"kubenet\",\n    \"loadBalancerSku\":
        \"standard\",\n    \"loadBalancerProfile\": {\n     \"managedOutboundIPs\":
        {\n      \"count\": 1\n     },\n     \"effectiveOutboundIPs\": [\n      {\n
        \      \"id\": \"/subscriptions/00000000-0000-0000-0000-000000000000/resourceGroups/MC_clitest000001_cliakstest000001_westus2/providers/Microsoft.Network/publicIPAddresses/def6bad5-9966-4275-ad61-892c2aec94ef\"\n
        \     }\n     ]\n    },\n    \"podCidr\": \"10.244.0.0/16\",\n    \"serviceCidr\":
        \"10.0.0.0/16\",\n    \"dnsServiceIP\": \"10.0.0.10\",\n    \"dockerBridgeCidr\":
        \"172.17.0.1/16\",\n    \"outboundType\": \"loadBalancer\"\n   },\n   \"maxAgentPools\":
        100,\n   \"apiServerAccessProfile\": {\n    \"authorizedIPRanges\": [\n     \"1.2.3.4/32\"\n
        \   ]\n   }\n  },\n  \"sku\": {\n   \"name\": \"Basic\",\n   \"tier\": \"Free\"\n
        \ }\n }"
    headers:
      cache-control:
      - no-cache
      content-length:
      - '2825'
      content-type:
      - application/json
      date:
      - Tue, 17 Aug 2021 05:09:51 GMT
      expires:
      - '-1'
      pragma:
      - no-cache
      server:
      - nginx
      strict-transport-security:
      - max-age=31536000; includeSubDomains
      transfer-encoding:
      - chunked
      vary:
      - Accept-Encoding
      x-content-type-options:
      - nosniff
    status:
      code: 200
      message: OK
- request:
    body: null
    headers:
      Accept:
      - application/json
      Accept-Encoding:
      - gzip, deflate
      CommandName:
      - aks wait
      Connection:
      - keep-alive
      ParameterSetName:
      - -g -n --created
      User-Agent:
      - AZURECLI/2.27.0 azsdk-python-azure-mgmt-containerservice/16.1.0 Python/3.8.11
        (Linux-5.4.0-1055-azure-x86_64-with-glibc2.27)
    method: GET
    uri: https://management.azure.com/subscriptions/00000000-0000-0000-0000-000000000000/resourceGroups/clitest000001/providers/Microsoft.ContainerService/managedClusters/cliakstest000001?api-version=2021-07-01
  response:
    body:
      string: "{\n  \"id\": \"/subscriptions/00000000-0000-0000-0000-000000000000/resourcegroups/clitest000001/providers/Microsoft.ContainerService/managedClusters/cliakstest000001\",\n
        \ \"location\": \"westus2\",\n  \"name\": \"cliakstest000001\",\n  \"type\":
        \"Microsoft.ContainerService/ManagedClusters\",\n  \"properties\": {\n   \"provisioningState\":
        \"Creating\",\n   \"powerState\": {\n    \"code\": \"Running\"\n   },\n   \"kubernetesVersion\":
        \"1.20.7\",\n   \"dnsPrefix\": \"cliaksdns000002\",\n   \"fqdn\": \"cliaksdns000002-0c9183b4.hcp.westus2.azmk8s.io\",\n
        \  \"azurePortalFQDN\": \"cliaksdns000002-0c9183b4.portal.hcp.westus2.azmk8s.io\",\n
        \  \"agentPoolProfiles\": [\n    {\n     \"name\": \"nodepool1\",\n     \"count\":
        1,\n     \"vmSize\": \"Standard_DS2_v2\",\n     \"osDiskSizeGB\": 128,\n     \"osDiskType\":
        \"Managed\",\n     \"kubeletDiskType\": \"OS\",\n     \"maxPods\": 110,\n
        \    \"type\": \"VirtualMachineScaleSets\",\n     \"provisioningState\": \"Creating\",\n
        \    \"powerState\": {\n      \"code\": \"Running\"\n     },\n     \"orchestratorVersion\":
        \"1.20.7\",\n     \"enableNodePublicIP\": false,\n     \"nodeLabels\": {},\n
        \    \"mode\": \"System\",\n     \"enableEncryptionAtHost\": false,\n     \"enableUltraSSD\":
        false,\n     \"osType\": \"Linux\",\n     \"osSKU\": \"Ubuntu\",\n     \"nodeImageVersion\":
        \"AKSUbuntu-1804gen2containerd-2021.07.25\",\n     \"enableFIPS\": false\n
        \   }\n   ],\n   \"linuxProfile\": {\n    \"adminUsername\": \"azureuser\",\n
        \   \"ssh\": {\n     \"publicKeys\": [\n      {\n       \"keyData\": \"ssh-rsa
        AAAAB3NzaC1yc2EAAAADAQABAAABAQCdSf3GlgnRl9XJiQavZ1p3M3+DN3eFnnpk9B1UH3JQZW/5sePzrG3ucDRcIDPTBItawvuyHqv1RK4AhAyT9TI4aG8l5amgnCzktgNhqibqJhQCdxkoIJdxcUwCgV+McodZ5IgVjKj9E4XXG68XAYCwo8cUPbyq25BkhWBK4Qmn7DT1SnB4eZdmA9tIO46FbKXvV1p8U9CixwSSKTmnTfq+DMRBX016k9UFWewREFR6+vu9bosp4MDEWgx3beSJoUty+LpOfCSzA9i5z0R5/LF3dvF0fiKWfCu+oztDmT39Zvdh0GPqfJTnPylHlkSJMXP6MItFrOKWZukhhFjCIZDz
        azcli_aks_live_test@example.com\\n\"\n      }\n     ]\n    }\n   },\n   \"servicePrincipalProfile\":
        {\n    \"clientId\":\"00000000-0000-0000-0000-000000000001\"\n   },\n   \"nodeResourceGroup\":
        \"MC_clitest000001_cliakstest000001_westus2\",\n   \"enableRBAC\": true,\n
        \  \"networkProfile\": {\n    \"networkPlugin\": \"kubenet\",\n    \"loadBalancerSku\":
        \"standard\",\n    \"loadBalancerProfile\": {\n     \"managedOutboundIPs\":
        {\n      \"count\": 1\n     },\n     \"effectiveOutboundIPs\": [\n      {\n
        \      \"id\": \"/subscriptions/00000000-0000-0000-0000-000000000000/resourceGroups/MC_clitest000001_cliakstest000001_westus2/providers/Microsoft.Network/publicIPAddresses/def6bad5-9966-4275-ad61-892c2aec94ef\"\n
        \     }\n     ]\n    },\n    \"podCidr\": \"10.244.0.0/16\",\n    \"serviceCidr\":
        \"10.0.0.0/16\",\n    \"dnsServiceIP\": \"10.0.0.10\",\n    \"dockerBridgeCidr\":
        \"172.17.0.1/16\",\n    \"outboundType\": \"loadBalancer\"\n   },\n   \"maxAgentPools\":
        100,\n   \"apiServerAccessProfile\": {\n    \"authorizedIPRanges\": [\n     \"1.2.3.4/32\"\n
        \   ]\n   }\n  },\n  \"sku\": {\n   \"name\": \"Basic\",\n   \"tier\": \"Free\"\n
        \ }\n }"
    headers:
      cache-control:
      - no-cache
      content-length:
      - '2825'
      content-type:
      - application/json
      date:
      - Tue, 17 Aug 2021 05:10:21 GMT
      expires:
      - '-1'
      pragma:
      - no-cache
      server:
      - nginx
      strict-transport-security:
      - max-age=31536000; includeSubDomains
      transfer-encoding:
      - chunked
      vary:
      - Accept-Encoding
      x-content-type-options:
      - nosniff
    status:
      code: 200
      message: OK
- request:
    body: null
    headers:
      Accept:
      - application/json
      Accept-Encoding:
      - gzip, deflate
      CommandName:
      - aks wait
      Connection:
      - keep-alive
      ParameterSetName:
      - -g -n --created
      User-Agent:
      - AZURECLI/2.27.0 azsdk-python-azure-mgmt-containerservice/16.1.0 Python/3.8.11
        (Linux-5.4.0-1055-azure-x86_64-with-glibc2.27)
    method: GET
    uri: https://management.azure.com/subscriptions/00000000-0000-0000-0000-000000000000/resourceGroups/clitest000001/providers/Microsoft.ContainerService/managedClusters/cliakstest000001?api-version=2021-07-01
  response:
    body:
      string: "{\n  \"id\": \"/subscriptions/00000000-0000-0000-0000-000000000000/resourcegroups/clitest000001/providers/Microsoft.ContainerService/managedClusters/cliakstest000001\",\n
        \ \"location\": \"westus2\",\n  \"name\": \"cliakstest000001\",\n  \"type\":
        \"Microsoft.ContainerService/ManagedClusters\",\n  \"properties\": {\n   \"provisioningState\":
        \"Creating\",\n   \"powerState\": {\n    \"code\": \"Running\"\n   },\n   \"kubernetesVersion\":
        \"1.20.7\",\n   \"dnsPrefix\": \"cliaksdns000002\",\n   \"fqdn\": \"cliaksdns000002-0c9183b4.hcp.westus2.azmk8s.io\",\n
        \  \"azurePortalFQDN\": \"cliaksdns000002-0c9183b4.portal.hcp.westus2.azmk8s.io\",\n
        \  \"agentPoolProfiles\": [\n    {\n     \"name\": \"nodepool1\",\n     \"count\":
        1,\n     \"vmSize\": \"Standard_DS2_v2\",\n     \"osDiskSizeGB\": 128,\n     \"osDiskType\":
        \"Managed\",\n     \"kubeletDiskType\": \"OS\",\n     \"maxPods\": 110,\n
        \    \"type\": \"VirtualMachineScaleSets\",\n     \"provisioningState\": \"Creating\",\n
        \    \"powerState\": {\n      \"code\": \"Running\"\n     },\n     \"orchestratorVersion\":
        \"1.20.7\",\n     \"enableNodePublicIP\": false,\n     \"nodeLabels\": {},\n
        \    \"mode\": \"System\",\n     \"enableEncryptionAtHost\": false,\n     \"enableUltraSSD\":
        false,\n     \"osType\": \"Linux\",\n     \"osSKU\": \"Ubuntu\",\n     \"nodeImageVersion\":
        \"AKSUbuntu-1804gen2containerd-2021.07.25\",\n     \"enableFIPS\": false\n
        \   }\n   ],\n   \"linuxProfile\": {\n    \"adminUsername\": \"azureuser\",\n
        \   \"ssh\": {\n     \"publicKeys\": [\n      {\n       \"keyData\": \"ssh-rsa
        AAAAB3NzaC1yc2EAAAADAQABAAABAQCdSf3GlgnRl9XJiQavZ1p3M3+DN3eFnnpk9B1UH3JQZW/5sePzrG3ucDRcIDPTBItawvuyHqv1RK4AhAyT9TI4aG8l5amgnCzktgNhqibqJhQCdxkoIJdxcUwCgV+McodZ5IgVjKj9E4XXG68XAYCwo8cUPbyq25BkhWBK4Qmn7DT1SnB4eZdmA9tIO46FbKXvV1p8U9CixwSSKTmnTfq+DMRBX016k9UFWewREFR6+vu9bosp4MDEWgx3beSJoUty+LpOfCSzA9i5z0R5/LF3dvF0fiKWfCu+oztDmT39Zvdh0GPqfJTnPylHlkSJMXP6MItFrOKWZukhhFjCIZDz
        azcli_aks_live_test@example.com\\n\"\n      }\n     ]\n    }\n   },\n   \"servicePrincipalProfile\":
        {\n    \"clientId\":\"00000000-0000-0000-0000-000000000001\"\n   },\n   \"nodeResourceGroup\":
        \"MC_clitest000001_cliakstest000001_westus2\",\n   \"enableRBAC\": true,\n
        \  \"networkProfile\": {\n    \"networkPlugin\": \"kubenet\",\n    \"loadBalancerSku\":
        \"standard\",\n    \"loadBalancerProfile\": {\n     \"managedOutboundIPs\":
        {\n      \"count\": 1\n     },\n     \"effectiveOutboundIPs\": [\n      {\n
        \      \"id\": \"/subscriptions/00000000-0000-0000-0000-000000000000/resourceGroups/MC_clitest000001_cliakstest000001_westus2/providers/Microsoft.Network/publicIPAddresses/def6bad5-9966-4275-ad61-892c2aec94ef\"\n
        \     }\n     ]\n    },\n    \"podCidr\": \"10.244.0.0/16\",\n    \"serviceCidr\":
        \"10.0.0.0/16\",\n    \"dnsServiceIP\": \"10.0.0.10\",\n    \"dockerBridgeCidr\":
        \"172.17.0.1/16\",\n    \"outboundType\": \"loadBalancer\"\n   },\n   \"maxAgentPools\":
        100,\n   \"apiServerAccessProfile\": {\n    \"authorizedIPRanges\": [\n     \"1.2.3.4/32\"\n
        \   ]\n   }\n  },\n  \"sku\": {\n   \"name\": \"Basic\",\n   \"tier\": \"Free\"\n
        \ }\n }"
    headers:
      cache-control:
      - no-cache
      content-length:
      - '2825'
      content-type:
      - application/json
      date:
      - Tue, 17 Aug 2021 05:10:51 GMT
      expires:
      - '-1'
      pragma:
      - no-cache
      server:
      - nginx
      strict-transport-security:
      - max-age=31536000; includeSubDomains
      transfer-encoding:
      - chunked
      vary:
      - Accept-Encoding
      x-content-type-options:
      - nosniff
    status:
      code: 200
      message: OK
- request:
    body: null
    headers:
      Accept:
      - application/json
      Accept-Encoding:
      - gzip, deflate
      CommandName:
      - aks wait
      Connection:
      - keep-alive
      ParameterSetName:
      - -g -n --created
      User-Agent:
      - AZURECLI/2.27.0 azsdk-python-azure-mgmt-containerservice/16.1.0 Python/3.8.11
        (Linux-5.4.0-1055-azure-x86_64-with-glibc2.27)
    method: GET
    uri: https://management.azure.com/subscriptions/00000000-0000-0000-0000-000000000000/resourceGroups/clitest000001/providers/Microsoft.ContainerService/managedClusters/cliakstest000001?api-version=2021-07-01
  response:
    body:
      string: "{\n  \"id\": \"/subscriptions/00000000-0000-0000-0000-000000000000/resourcegroups/clitest000001/providers/Microsoft.ContainerService/managedClusters/cliakstest000001\",\n
        \ \"location\": \"westus2\",\n  \"name\": \"cliakstest000001\",\n  \"type\":
        \"Microsoft.ContainerService/ManagedClusters\",\n  \"properties\": {\n   \"provisioningState\":
        \"Creating\",\n   \"powerState\": {\n    \"code\": \"Running\"\n   },\n   \"kubernetesVersion\":
        \"1.20.7\",\n   \"dnsPrefix\": \"cliaksdns000002\",\n   \"fqdn\": \"cliaksdns000002-0c9183b4.hcp.westus2.azmk8s.io\",\n
        \  \"azurePortalFQDN\": \"cliaksdns000002-0c9183b4.portal.hcp.westus2.azmk8s.io\",\n
        \  \"agentPoolProfiles\": [\n    {\n     \"name\": \"nodepool1\",\n     \"count\":
        1,\n     \"vmSize\": \"Standard_DS2_v2\",\n     \"osDiskSizeGB\": 128,\n     \"osDiskType\":
        \"Managed\",\n     \"kubeletDiskType\": \"OS\",\n     \"maxPods\": 110,\n
        \    \"type\": \"VirtualMachineScaleSets\",\n     \"provisioningState\": \"Creating\",\n
        \    \"powerState\": {\n      \"code\": \"Running\"\n     },\n     \"orchestratorVersion\":
        \"1.20.7\",\n     \"enableNodePublicIP\": false,\n     \"nodeLabels\": {},\n
        \    \"mode\": \"System\",\n     \"enableEncryptionAtHost\": false,\n     \"enableUltraSSD\":
        false,\n     \"osType\": \"Linux\",\n     \"osSKU\": \"Ubuntu\",\n     \"nodeImageVersion\":
        \"AKSUbuntu-1804gen2containerd-2021.07.25\",\n     \"enableFIPS\": false\n
        \   }\n   ],\n   \"linuxProfile\": {\n    \"adminUsername\": \"azureuser\",\n
        \   \"ssh\": {\n     \"publicKeys\": [\n      {\n       \"keyData\": \"ssh-rsa
        AAAAB3NzaC1yc2EAAAADAQABAAABAQCdSf3GlgnRl9XJiQavZ1p3M3+DN3eFnnpk9B1UH3JQZW/5sePzrG3ucDRcIDPTBItawvuyHqv1RK4AhAyT9TI4aG8l5amgnCzktgNhqibqJhQCdxkoIJdxcUwCgV+McodZ5IgVjKj9E4XXG68XAYCwo8cUPbyq25BkhWBK4Qmn7DT1SnB4eZdmA9tIO46FbKXvV1p8U9CixwSSKTmnTfq+DMRBX016k9UFWewREFR6+vu9bosp4MDEWgx3beSJoUty+LpOfCSzA9i5z0R5/LF3dvF0fiKWfCu+oztDmT39Zvdh0GPqfJTnPylHlkSJMXP6MItFrOKWZukhhFjCIZDz
        azcli_aks_live_test@example.com\\n\"\n      }\n     ]\n    }\n   },\n   \"servicePrincipalProfile\":
        {\n    \"clientId\":\"00000000-0000-0000-0000-000000000001\"\n   },\n   \"nodeResourceGroup\":
        \"MC_clitest000001_cliakstest000001_westus2\",\n   \"enableRBAC\": true,\n
        \  \"networkProfile\": {\n    \"networkPlugin\": \"kubenet\",\n    \"loadBalancerSku\":
        \"standard\",\n    \"loadBalancerProfile\": {\n     \"managedOutboundIPs\":
        {\n      \"count\": 1\n     },\n     \"effectiveOutboundIPs\": [\n      {\n
        \      \"id\": \"/subscriptions/00000000-0000-0000-0000-000000000000/resourceGroups/MC_clitest000001_cliakstest000001_westus2/providers/Microsoft.Network/publicIPAddresses/def6bad5-9966-4275-ad61-892c2aec94ef\"\n
        \     }\n     ]\n    },\n    \"podCidr\": \"10.244.0.0/16\",\n    \"serviceCidr\":
        \"10.0.0.0/16\",\n    \"dnsServiceIP\": \"10.0.0.10\",\n    \"dockerBridgeCidr\":
        \"172.17.0.1/16\",\n    \"outboundType\": \"loadBalancer\"\n   },\n   \"maxAgentPools\":
        100,\n   \"apiServerAccessProfile\": {\n    \"authorizedIPRanges\": [\n     \"1.2.3.4/32\"\n
        \   ]\n   }\n  },\n  \"sku\": {\n   \"name\": \"Basic\",\n   \"tier\": \"Free\"\n
        \ }\n }"
    headers:
      cache-control:
      - no-cache
      content-length:
      - '2825'
      content-type:
      - application/json
      date:
      - Tue, 17 Aug 2021 05:11:22 GMT
      expires:
      - '-1'
      pragma:
      - no-cache
      server:
      - nginx
      strict-transport-security:
      - max-age=31536000; includeSubDomains
      transfer-encoding:
      - chunked
      vary:
      - Accept-Encoding
      x-content-type-options:
      - nosniff
    status:
      code: 200
      message: OK
- request:
    body: null
    headers:
      Accept:
      - application/json
      Accept-Encoding:
      - gzip, deflate
      CommandName:
      - aks wait
      Connection:
      - keep-alive
      ParameterSetName:
      - -g -n --created
      User-Agent:
      - AZURECLI/2.27.0 azsdk-python-azure-mgmt-containerservice/16.1.0 Python/3.8.11
        (Linux-5.4.0-1055-azure-x86_64-with-glibc2.27)
    method: GET
    uri: https://management.azure.com/subscriptions/00000000-0000-0000-0000-000000000000/resourceGroups/clitest000001/providers/Microsoft.ContainerService/managedClusters/cliakstest000001?api-version=2021-07-01
  response:
    body:
      string: "{\n  \"id\": \"/subscriptions/00000000-0000-0000-0000-000000000000/resourcegroups/clitest000001/providers/Microsoft.ContainerService/managedClusters/cliakstest000001\",\n
        \ \"location\": \"westus2\",\n  \"name\": \"cliakstest000001\",\n  \"type\":
        \"Microsoft.ContainerService/ManagedClusters\",\n  \"properties\": {\n   \"provisioningState\":
        \"Succeeded\",\n   \"powerState\": {\n    \"code\": \"Running\"\n   },\n   \"kubernetesVersion\":
        \"1.20.7\",\n   \"dnsPrefix\": \"cliaksdns000002\",\n   \"fqdn\": \"cliaksdns000002-0c9183b4.hcp.westus2.azmk8s.io\",\n
        \  \"azurePortalFQDN\": \"cliaksdns000002-0c9183b4.portal.hcp.westus2.azmk8s.io\",\n
        \  \"agentPoolProfiles\": [\n    {\n     \"name\": \"nodepool1\",\n     \"count\":
        1,\n     \"vmSize\": \"Standard_DS2_v2\",\n     \"osDiskSizeGB\": 128,\n     \"osDiskType\":
        \"Managed\",\n     \"kubeletDiskType\": \"OS\",\n     \"maxPods\": 110,\n
        \    \"type\": \"VirtualMachineScaleSets\",\n     \"provisioningState\": \"Succeeded\",\n
        \    \"powerState\": {\n      \"code\": \"Running\"\n     },\n     \"orchestratorVersion\":
        \"1.20.7\",\n     \"enableNodePublicIP\": false,\n     \"nodeLabels\": {},\n
        \    \"mode\": \"System\",\n     \"enableEncryptionAtHost\": false,\n     \"enableUltraSSD\":
        false,\n     \"osType\": \"Linux\",\n     \"osSKU\": \"Ubuntu\",\n     \"nodeImageVersion\":
        \"AKSUbuntu-1804gen2containerd-2021.07.25\",\n     \"enableFIPS\": false\n
        \   }\n   ],\n   \"linuxProfile\": {\n    \"adminUsername\": \"azureuser\",\n
        \   \"ssh\": {\n     \"publicKeys\": [\n      {\n       \"keyData\": \"ssh-rsa
        AAAAB3NzaC1yc2EAAAADAQABAAABAQCdSf3GlgnRl9XJiQavZ1p3M3+DN3eFnnpk9B1UH3JQZW/5sePzrG3ucDRcIDPTBItawvuyHqv1RK4AhAyT9TI4aG8l5amgnCzktgNhqibqJhQCdxkoIJdxcUwCgV+McodZ5IgVjKj9E4XXG68XAYCwo8cUPbyq25BkhWBK4Qmn7DT1SnB4eZdmA9tIO46FbKXvV1p8U9CixwSSKTmnTfq+DMRBX016k9UFWewREFR6+vu9bosp4MDEWgx3beSJoUty+LpOfCSzA9i5z0R5/LF3dvF0fiKWfCu+oztDmT39Zvdh0GPqfJTnPylHlkSJMXP6MItFrOKWZukhhFjCIZDz
        azcli_aks_live_test@example.com\\n\"\n      }\n     ]\n    }\n   },\n   \"servicePrincipalProfile\":
        {\n    \"clientId\":\"00000000-0000-0000-0000-000000000001\"\n   },\n   \"nodeResourceGroup\":
        \"MC_clitest000001_cliakstest000001_westus2\",\n   \"enableRBAC\": true,\n
        \  \"networkProfile\": {\n    \"networkPlugin\": \"kubenet\",\n    \"loadBalancerSku\":
        \"Standard\",\n    \"loadBalancerProfile\": {\n     \"managedOutboundIPs\":
        {\n      \"count\": 1\n     },\n     \"effectiveOutboundIPs\": [\n      {\n
        \      \"id\": \"/subscriptions/00000000-0000-0000-0000-000000000000/resourceGroups/MC_clitest000001_cliakstest000001_westus2/providers/Microsoft.Network/publicIPAddresses/def6bad5-9966-4275-ad61-892c2aec94ef\"\n
        \     }\n     ]\n    },\n    \"podCidr\": \"10.244.0.0/16\",\n    \"serviceCidr\":
        \"10.0.0.0/16\",\n    \"dnsServiceIP\": \"10.0.0.10\",\n    \"dockerBridgeCidr\":
        \"172.17.0.1/16\",\n    \"outboundType\": \"loadBalancer\"\n   },\n   \"maxAgentPools\":
        100,\n   \"apiServerAccessProfile\": {\n    \"authorizedIPRanges\": [\n     \"1.2.3.4/32\"\n
        \   ]\n   }\n  },\n  \"sku\": {\n   \"name\": \"Basic\",\n   \"tier\": \"Free\"\n
        \ }\n }"
    headers:
      cache-control:
      - no-cache
      content-length:
      - '2827'
      content-type:
      - application/json
      date:
      - Tue, 17 Aug 2021 05:11:53 GMT
      expires:
      - '-1'
      pragma:
      - no-cache
      server:
      - nginx
      strict-transport-security:
      - max-age=31536000; includeSubDomains
      transfer-encoding:
      - chunked
      vary:
      - Accept-Encoding
      x-content-type-options:
      - nosniff
    status:
      code: 200
      message: OK
- request:
    body: null
    headers:
      Accept:
      - application/json
      Accept-Encoding:
      - gzip, deflate
      CommandName:
      - aks list
      Connection:
      - keep-alive
      ParameterSetName:
      - -g
      User-Agent:
      - AZURECLI/2.27.0 azsdk-python-azure-mgmt-containerservice/16.1.0 Python/3.8.11
        (Linux-5.4.0-1055-azure-x86_64-with-glibc2.27)
    method: GET
    uri: https://management.azure.com/subscriptions/00000000-0000-0000-0000-000000000000/resourceGroups/clitest000001/providers/Microsoft.ContainerService/managedClusters?api-version=2021-07-01
  response:
    body:
      string: "{\n  \"value\": [\n   {\n    \"id\": \"/subscriptions/00000000-0000-0000-0000-000000000000/resourcegroups/clitest000001/providers/Microsoft.ContainerService/managedClusters/cliakstest000001\",\n
        \   \"location\": \"westus2\",\n    \"name\": \"cliakstest000001\",\n    \"type\":
        \"Microsoft.ContainerService/ManagedClusters\",\n    \"properties\": {\n     \"provisioningState\":
        \"Succeeded\",\n     \"powerState\": {\n      \"code\": \"Running\"\n     },\n
        \    \"kubernetesVersion\": \"1.20.7\",\n     \"dnsPrefix\": \"cliaksdns000002\",\n
        \    \"fqdn\": \"cliaksdns000002-0c9183b4.hcp.westus2.azmk8s.io\",\n     \"azurePortalFQDN\":
        \"cliaksdns000002-0c9183b4.portal.hcp.westus2.azmk8s.io\",\n     \"agentPoolProfiles\":
        [\n      {\n       \"name\": \"nodepool1\",\n       \"count\": 1,\n       \"vmSize\":
        \"Standard_DS2_v2\",\n       \"osDiskSizeGB\": 128,\n       \"osDiskType\":
        \"Managed\",\n       \"kubeletDiskType\": \"OS\",\n       \"maxPods\": 110,\n
        \      \"type\": \"VirtualMachineScaleSets\",\n       \"provisioningState\":
        \"Succeeded\",\n       \"powerState\": {\n        \"code\": \"Running\"\n
        \      },\n       \"orchestratorVersion\": \"1.20.7\",\n       \"enableNodePublicIP\":
        false,\n       \"nodeLabels\": {},\n       \"mode\": \"System\",\n       \"enableEncryptionAtHost\":
        false,\n       \"enableUltraSSD\": false,\n       \"osType\": \"Linux\",\n
        \      \"osSKU\": \"Ubuntu\",\n       \"nodeImageVersion\": \"AKSUbuntu-1804gen2containerd-2021.07.25\",\n
        \      \"enableFIPS\": false\n      }\n     ],\n     \"linuxProfile\": {\n
        \     \"adminUsername\": \"azureuser\",\n      \"ssh\": {\n       \"publicKeys\":
        [\n        {\n         \"keyData\": \"ssh-rsa AAAAB3NzaC1yc2EAAAADAQABAAABAQCdSf3GlgnRl9XJiQavZ1p3M3+DN3eFnnpk9B1UH3JQZW/5sePzrG3ucDRcIDPTBItawvuyHqv1RK4AhAyT9TI4aG8l5amgnCzktgNhqibqJhQCdxkoIJdxcUwCgV+McodZ5IgVjKj9E4XXG68XAYCwo8cUPbyq25BkhWBK4Qmn7DT1SnB4eZdmA9tIO46FbKXvV1p8U9CixwSSKTmnTfq+DMRBX016k9UFWewREFR6+vu9bosp4MDEWgx3beSJoUty+LpOfCSzA9i5z0R5/LF3dvF0fiKWfCu+oztDmT39Zvdh0GPqfJTnPylHlkSJMXP6MItFrOKWZukhhFjCIZDz
        azcli_aks_live_test@example.com\\n\"\n        }\n       ]\n      }\n     },\n
        \    \"servicePrincipalProfile\": {\n      \"clientId\":\"00000000-0000-0000-0000-000000000001\"\n
        \    },\n     \"nodeResourceGroup\": \"MC_clitest000001_cliakstest000001_westus2\",\n
        \    \"enableRBAC\": true,\n     \"networkProfile\": {\n      \"networkPlugin\":
        \"kubenet\",\n      \"loadBalancerSku\": \"Standard\",\n      \"loadBalancerProfile\":
        {\n       \"managedOutboundIPs\": {\n        \"count\": 1\n       },\n       \"effectiveOutboundIPs\":
        [\n        {\n         \"id\": \"/subscriptions/00000000-0000-0000-0000-000000000000/resourceGroups/MC_clitest000001_cliakstest000001_westus2/providers/Microsoft.Network/publicIPAddresses/def6bad5-9966-4275-ad61-892c2aec94ef\"\n
        \       }\n       ]\n      },\n      \"podCidr\": \"10.244.0.0/16\",\n      \"serviceCidr\":
        \"10.0.0.0/16\",\n      \"dnsServiceIP\": \"10.0.0.10\",\n      \"dockerBridgeCidr\":
        \"172.17.0.1/16\",\n      \"outboundType\": \"loadBalancer\"\n     },\n     \"maxAgentPools\":
        100,\n     \"apiServerAccessProfile\": {\n      \"authorizedIPRanges\": [\n
        \      \"1.2.3.4/32\"\n      ]\n     }\n    },\n    \"sku\": {\n     \"name\":
        \"Basic\",\n     \"tier\": \"Free\"\n    }\n   }\n  ]\n }"
    headers:
      cache-control:
      - no-cache
      content-length:
      - '3022'
      content-type:
      - application/json
      date:
      - Tue, 17 Aug 2021 05:11:53 GMT
      expires:
      - '-1'
      pragma:
      - no-cache
      server:
      - nginx
      strict-transport-security:
      - max-age=31536000; includeSubDomains
      transfer-encoding:
      - chunked
      vary:
      - Accept-Encoding
      x-content-type-options:
      - nosniff
    status:
      code: 200
      message: OK
- request:
    body: null
    headers:
      Accept:
      - application/json
      Accept-Encoding:
      - gzip, deflate
      CommandName:
      - aks list
      Connection:
      - keep-alive
      ParameterSetName:
      - -g -o
      User-Agent:
      - AZURECLI/2.27.0 azsdk-python-azure-mgmt-containerservice/16.1.0 Python/3.8.11
        (Linux-5.4.0-1055-azure-x86_64-with-glibc2.27)
    method: GET
    uri: https://management.azure.com/subscriptions/00000000-0000-0000-0000-000000000000/resourceGroups/clitest000001/providers/Microsoft.ContainerService/managedClusters?api-version=2021-07-01
  response:
    body:
      string: "{\n  \"value\": [\n   {\n    \"id\": \"/subscriptions/00000000-0000-0000-0000-000000000000/resourcegroups/clitest000001/providers/Microsoft.ContainerService/managedClusters/cliakstest000001\",\n
        \   \"location\": \"westus2\",\n    \"name\": \"cliakstest000001\",\n    \"type\":
        \"Microsoft.ContainerService/ManagedClusters\",\n    \"properties\": {\n     \"provisioningState\":
        \"Succeeded\",\n     \"powerState\": {\n      \"code\": \"Running\"\n     },\n
        \    \"kubernetesVersion\": \"1.20.7\",\n     \"dnsPrefix\": \"cliaksdns000002\",\n
        \    \"fqdn\": \"cliaksdns000002-0c9183b4.hcp.westus2.azmk8s.io\",\n     \"azurePortalFQDN\":
        \"cliaksdns000002-0c9183b4.portal.hcp.westus2.azmk8s.io\",\n     \"agentPoolProfiles\":
        [\n      {\n       \"name\": \"nodepool1\",\n       \"count\": 1,\n       \"vmSize\":
        \"Standard_DS2_v2\",\n       \"osDiskSizeGB\": 128,\n       \"osDiskType\":
        \"Managed\",\n       \"kubeletDiskType\": \"OS\",\n       \"maxPods\": 110,\n
        \      \"type\": \"VirtualMachineScaleSets\",\n       \"provisioningState\":
        \"Succeeded\",\n       \"powerState\": {\n        \"code\": \"Running\"\n
        \      },\n       \"orchestratorVersion\": \"1.20.7\",\n       \"enableNodePublicIP\":
        false,\n       \"nodeLabels\": {},\n       \"mode\": \"System\",\n       \"enableEncryptionAtHost\":
        false,\n       \"enableUltraSSD\": false,\n       \"osType\": \"Linux\",\n
        \      \"osSKU\": \"Ubuntu\",\n       \"nodeImageVersion\": \"AKSUbuntu-1804gen2containerd-2021.07.25\",\n
        \      \"enableFIPS\": false\n      }\n     ],\n     \"linuxProfile\": {\n
        \     \"adminUsername\": \"azureuser\",\n      \"ssh\": {\n       \"publicKeys\":
        [\n        {\n         \"keyData\": \"ssh-rsa AAAAB3NzaC1yc2EAAAADAQABAAABAQCdSf3GlgnRl9XJiQavZ1p3M3+DN3eFnnpk9B1UH3JQZW/5sePzrG3ucDRcIDPTBItawvuyHqv1RK4AhAyT9TI4aG8l5amgnCzktgNhqibqJhQCdxkoIJdxcUwCgV+McodZ5IgVjKj9E4XXG68XAYCwo8cUPbyq25BkhWBK4Qmn7DT1SnB4eZdmA9tIO46FbKXvV1p8U9CixwSSKTmnTfq+DMRBX016k9UFWewREFR6+vu9bosp4MDEWgx3beSJoUty+LpOfCSzA9i5z0R5/LF3dvF0fiKWfCu+oztDmT39Zvdh0GPqfJTnPylHlkSJMXP6MItFrOKWZukhhFjCIZDz
        azcli_aks_live_test@example.com\\n\"\n        }\n       ]\n      }\n     },\n
        \    \"servicePrincipalProfile\": {\n      \"clientId\":\"00000000-0000-0000-0000-000000000001\"\n
        \    },\n     \"nodeResourceGroup\": \"MC_clitest000001_cliakstest000001_westus2\",\n
        \    \"enableRBAC\": true,\n     \"networkProfile\": {\n      \"networkPlugin\":
        \"kubenet\",\n      \"loadBalancerSku\": \"Standard\",\n      \"loadBalancerProfile\":
        {\n       \"managedOutboundIPs\": {\n        \"count\": 1\n       },\n       \"effectiveOutboundIPs\":
        [\n        {\n         \"id\": \"/subscriptions/00000000-0000-0000-0000-000000000000/resourceGroups/MC_clitest000001_cliakstest000001_westus2/providers/Microsoft.Network/publicIPAddresses/def6bad5-9966-4275-ad61-892c2aec94ef\"\n
        \       }\n       ]\n      },\n      \"podCidr\": \"10.244.0.0/16\",\n      \"serviceCidr\":
        \"10.0.0.0/16\",\n      \"dnsServiceIP\": \"10.0.0.10\",\n      \"dockerBridgeCidr\":
        \"172.17.0.1/16\",\n      \"outboundType\": \"loadBalancer\"\n     },\n     \"maxAgentPools\":
        100,\n     \"apiServerAccessProfile\": {\n      \"authorizedIPRanges\": [\n
        \      \"1.2.3.4/32\"\n      ]\n     }\n    },\n    \"sku\": {\n     \"name\":
        \"Basic\",\n     \"tier\": \"Free\"\n    }\n   }\n  ]\n }"
    headers:
      cache-control:
      - no-cache
      content-length:
      - '3022'
      content-type:
      - application/json
      date:
      - Tue, 17 Aug 2021 05:11:54 GMT
      expires:
      - '-1'
      pragma:
      - no-cache
      server:
      - nginx
      strict-transport-security:
      - max-age=31536000; includeSubDomains
      transfer-encoding:
      - chunked
      vary:
      - Accept-Encoding
      x-content-type-options:
      - nosniff
    status:
      code: 200
      message: OK
- request:
    body: null
    headers:
      Accept:
      - application/json
      Accept-Encoding:
      - gzip, deflate
      CommandName:
      - aks show
      Connection:
      - keep-alive
      ParameterSetName:
      - -g -n
      User-Agent:
      - AZURECLI/2.27.0 azsdk-python-azure-mgmt-containerservice/16.1.0 Python/3.8.11
        (Linux-5.4.0-1055-azure-x86_64-with-glibc2.27)
    method: GET
    uri: https://management.azure.com/subscriptions/00000000-0000-0000-0000-000000000000/resourceGroups/clitest000001/providers/Microsoft.ContainerService/managedClusters/cliakstest000001?api-version=2021-07-01
  response:
    body:
      string: "{\n  \"id\": \"/subscriptions/00000000-0000-0000-0000-000000000000/resourcegroups/clitest000001/providers/Microsoft.ContainerService/managedClusters/cliakstest000001\",\n
        \ \"location\": \"westus2\",\n  \"name\": \"cliakstest000001\",\n  \"type\":
        \"Microsoft.ContainerService/ManagedClusters\",\n  \"properties\": {\n   \"provisioningState\":
        \"Succeeded\",\n   \"powerState\": {\n    \"code\": \"Running\"\n   },\n   \"kubernetesVersion\":
        \"1.20.7\",\n   \"dnsPrefix\": \"cliaksdns000002\",\n   \"fqdn\": \"cliaksdns000002-0c9183b4.hcp.westus2.azmk8s.io\",\n
        \  \"azurePortalFQDN\": \"cliaksdns000002-0c9183b4.portal.hcp.westus2.azmk8s.io\",\n
        \  \"agentPoolProfiles\": [\n    {\n     \"name\": \"nodepool1\",\n     \"count\":
        1,\n     \"vmSize\": \"Standard_DS2_v2\",\n     \"osDiskSizeGB\": 128,\n     \"osDiskType\":
        \"Managed\",\n     \"kubeletDiskType\": \"OS\",\n     \"maxPods\": 110,\n
        \    \"type\": \"VirtualMachineScaleSets\",\n     \"provisioningState\": \"Succeeded\",\n
        \    \"powerState\": {\n      \"code\": \"Running\"\n     },\n     \"orchestratorVersion\":
        \"1.20.7\",\n     \"enableNodePublicIP\": false,\n     \"nodeLabels\": {},\n
        \    \"mode\": \"System\",\n     \"enableEncryptionAtHost\": false,\n     \"enableUltraSSD\":
        false,\n     \"osType\": \"Linux\",\n     \"osSKU\": \"Ubuntu\",\n     \"nodeImageVersion\":
        \"AKSUbuntu-1804gen2containerd-2021.07.25\",\n     \"enableFIPS\": false\n
        \   }\n   ],\n   \"linuxProfile\": {\n    \"adminUsername\": \"azureuser\",\n
        \   \"ssh\": {\n     \"publicKeys\": [\n      {\n       \"keyData\": \"ssh-rsa
        AAAAB3NzaC1yc2EAAAADAQABAAABAQCdSf3GlgnRl9XJiQavZ1p3M3+DN3eFnnpk9B1UH3JQZW/5sePzrG3ucDRcIDPTBItawvuyHqv1RK4AhAyT9TI4aG8l5amgnCzktgNhqibqJhQCdxkoIJdxcUwCgV+McodZ5IgVjKj9E4XXG68XAYCwo8cUPbyq25BkhWBK4Qmn7DT1SnB4eZdmA9tIO46FbKXvV1p8U9CixwSSKTmnTfq+DMRBX016k9UFWewREFR6+vu9bosp4MDEWgx3beSJoUty+LpOfCSzA9i5z0R5/LF3dvF0fiKWfCu+oztDmT39Zvdh0GPqfJTnPylHlkSJMXP6MItFrOKWZukhhFjCIZDz
        azcli_aks_live_test@example.com\\n\"\n      }\n     ]\n    }\n   },\n   \"servicePrincipalProfile\":
        {\n    \"clientId\":\"00000000-0000-0000-0000-000000000001\"\n   },\n   \"nodeResourceGroup\":
        \"MC_clitest000001_cliakstest000001_westus2\",\n   \"enableRBAC\": true,\n
        \  \"networkProfile\": {\n    \"networkPlugin\": \"kubenet\",\n    \"loadBalancerSku\":
        \"Standard\",\n    \"loadBalancerProfile\": {\n     \"managedOutboundIPs\":
        {\n      \"count\": 1\n     },\n     \"effectiveOutboundIPs\": [\n      {\n
        \      \"id\": \"/subscriptions/00000000-0000-0000-0000-000000000000/resourceGroups/MC_clitest000001_cliakstest000001_westus2/providers/Microsoft.Network/publicIPAddresses/def6bad5-9966-4275-ad61-892c2aec94ef\"\n
        \     }\n     ]\n    },\n    \"podCidr\": \"10.244.0.0/16\",\n    \"serviceCidr\":
        \"10.0.0.0/16\",\n    \"dnsServiceIP\": \"10.0.0.10\",\n    \"dockerBridgeCidr\":
        \"172.17.0.1/16\",\n    \"outboundType\": \"loadBalancer\"\n   },\n   \"maxAgentPools\":
        100,\n   \"apiServerAccessProfile\": {\n    \"authorizedIPRanges\": [\n     \"1.2.3.4/32\"\n
        \   ]\n   }\n  },\n  \"sku\": {\n   \"name\": \"Basic\",\n   \"tier\": \"Free\"\n
        \ }\n }"
    headers:
      cache-control:
      - no-cache
      content-length:
      - '2827'
      content-type:
      - application/json
      date:
      - Tue, 17 Aug 2021 05:11:54 GMT
      expires:
      - '-1'
      pragma:
      - no-cache
      server:
      - nginx
      strict-transport-security:
      - max-age=31536000; includeSubDomains
      transfer-encoding:
      - chunked
      vary:
      - Accept-Encoding
      x-content-type-options:
      - nosniff
    status:
      code: 200
      message: OK
- request:
    body: null
    headers:
      Accept:
      - application/json
      Accept-Encoding:
      - gzip, deflate
      CommandName:
      - aks get-credentials
      Connection:
      - keep-alive
      Content-Length:
      - '0'
      ParameterSetName:
      - -g -n --file
      User-Agent:
      - AZURECLI/2.27.0 azsdk-python-azure-mgmt-containerservice/16.1.0 Python/3.8.11
        (Linux-5.4.0-1055-azure-x86_64-with-glibc2.27)
    method: POST
    uri: https://management.azure.com/subscriptions/00000000-0000-0000-0000-000000000000/resourceGroups/clitest000001/providers/Microsoft.ContainerService/managedClusters/cliakstest000001/listClusterUserCredential?api-version=2021-07-01
  response:
    body:
      string: "{\n  \"kubeconfigs\": [\n   {\n    \"name\": \"clusterUser\",\n    \"value\":
        \"YXBpVmVyc2lvbjogdjEKY2x1c3RlcnM6Ci0gY2x1c3RlcjoKICAgIGNlcnRpZmljYXRlLWF1dGhvcml0eS1kYXRhOiBMUzB0TFMxQ1JVZEpUaUJEUlZKVVNVWkpRMEZVUlMwdExTMHRDazFKU1VVMlJFTkRRWFJEWjBGM1NVSkJaMGxSUTJWaVVqWkxZM2swWkhaNmQyZHlhalJUYURGeVJFRk9RbWRyY1docmFVYzVkekJDUVZGelJrRkVRVTRLVFZGemQwTlJXVVJXVVZGRVJYZEthbGxVUVdkR2R6QjVUVlJCTkUxVVkzZE9SRlUwVGxSa1lVZEJPSGxOUkZWNFRVUm5lRTU2UVRGTlJHY3hUakZ2ZHdwRVZFVk1UVUZyUjBFeFZVVkJlRTFEV1RKRmQyZG5TV2xOUVRCSFExTnhSMU5KWWpORVVVVkNRVkZWUVVFMFNVTkVkMEYzWjJkSlMwRnZTVU5CVVVOMkNqaERSbkZ4UkZsdGVXVllVRmRqWjJGeVNIcE5jMlZCVXpZMk5VaHBObnBTTjI5dWFEaDNiM1JFT0ZaQ1JVaG9SSEJ5VEVkaWRYQm9jemM0YlVsVE5tOEtRM042VGxCQ0t5OURjMjFhV1RRM05YTmxVVFJTVFZsc05HOVZkWGt2VkRnNVlqUXplREJtYURCNE1qVTNiMDV6UmlzM1EwaDRZM01yWW0xNE9GbHlLd3BaWld0eWMyTlNSWEJqYjFCSlZrWnlVMjFCTUhOWFJuVkhMMlZIZWpaaVIwOUVRa1JaVEVwV2IwTkdSR2RSY0hnd1NGQjZVa1JEYURKTGNEUkZVMUk0Q2tOUGVESjRRV2hIZWtGelVESTFSRXhNU0VSQ1VWbGtTVm95Wm1sMFVVbEpZVTVpSzB4cmEyeHdOMlJLVVVGTlJYbFRVa1pUZUZVNVZVb3JPRFZQWm1ZS01FWkxLell5TjJaUGVqWmlRa041TkZOeU1tZHRjR3h2THpacmNUbDFjRFV6VDNsTU1Hb3hWWGxTV21oVWRETjVSbGx2ZVhOS1RWaElUMEZpTDNsQmRncE1iR0pRT0VwNlFXMXdaM1ZGYm1wVFoxTndOWEZ6Y0VFM05IazFZM2xWZDBweU5uSk9VbTlXTTNGSU4zRlBPSFZLVWt4TVJWcHZOMmgwTm5wSVVESnBDbFpCU1hsR2REaE5ORmRLUjBGR2NVNXVVSFZ0Ynpoa05EWjZlRlI0YjFoUVdrdFdPRXd5WXpaS1QwVXZaREJ3WW5aeGNWQkRWMlJYTkZBeGVDdHZjSFlLWkdjeU1tOW1abE5VYTA5amNYaGxUR0ZRV1RkSlZuTkNUVGhsSzJScmJVdFdiaXRVWVdOUE1uaGpTMnRWUkRCSFoxUnJOVVZhWlVaWE5YQlplSGhaVWdwcVEzTlJhWGsxZG5KTGNtRTBOVU5zTnpKcmRrZ3lhVko2V0VSSWIycFFiVVFyUW5VcmR6bFFaMnBTZVhsNWNVeEJNR1ZhY2tobldscEtUSGRXTmpGbUNrdDFUSGxFWm14bGJFRnhkWFZWY0RGMU1EQnFMMEpaYW1GYVIyUk1kbFZaYlVod0szUXZRMFpoUlZsSWIwWnJZa1JtUlZsMFpUWnFSbnAxYzBsRFZXMEtPREkwY21GMGNFSlBTMDlPTlVGNVQwaFVOSEJuVG1Sb1Qza3JiRXRwTm1kbmRIaHJNMWRXV2s5UlNVUkJVVUZDYnpCSmQxRkVRVTlDWjA1V1NGRTRRZ3BCWmpoRlFrRk5RMEZ4VVhkRWQxbEVWbEl3VkVGUlNDOUNRVlYzUVhkRlFpOTZRV1JDWjA1V1NGRTBSVVpuVVZVdmRYbzVORGRQT1cxT1RXWndPRW8wQ21aWmVHVkpkVlp5TUhFMGQwUlJXVXBMYjFwSmFIWmpUa0ZSUlV4Q1VVRkVaMmRKUWtGTFpUbDBSV1pHY0RoNlZXdENhMFY2VUUxWWFuUnNkV3RGUlhnS1dYSTNSSE5CYlcxSmJ6bGxkWFUxZEc1aFpEUXZZbEpZZG10UWJYWk9RWEJJSzBWd2JFTkpNazAzYW1adGVVMTFiakZ5ZVhaR00wcHhOM1F3V0dkMlVncEdUV0YzZVhjMVNGbDFUa2hqTjNjdmNXMXRTMUJ2TlUwNVRHazJkbVJVY1RaTk1FdzBibWs0ZFVFMk1WRjNVRTV0VTIxRVozUndTRkJaTnpOSFZrZENDbnBNZFZsbGNEQnlUVE14YzBKVVRTOXNXbU5LVWpGMlFuRkZlR3gzTW5Fck5HWm1TamhFTUc0emRUSjFXakJEUVd4SFVuSmxkakYzU2t4aVowMVBVM2dLU0hSQ1oycG1Oemd5VDJKWFlreEhVRE5PWlVGeWRsTkhZelpJWVdoNk1GaHBZblJ6T0RSTlN6TndiR2xJTDJsS1ZFRk1OV042WlZFelZtUkpNak5qVlFwU1ZHOU9ORkl6VkdSelkzbE1jVVZNYjNneGRYQm1ORVUzVFVWVk5rSmtNVFpsY0VSTGNsRm9Sbk5MT1ZOWmQyeHJjMDVoVkU0NWNraHlaa2hpV2pSckNpdG1jbUZWUWxaeldVVnpUbEZrU25sSk1uUnJVSGh2ZHpORVFYUmtjMHRaYlVoT1UwOU5WbXd4TVRWWVZuTmpaSGM1Ym1WdGRIQlhjRGRUVjJKaVRXZ0tOM1ZJTVVWeVJVOVJLMDFqUW5wb2IzazFRakkzUlV4eVlUQlROVWx5UkRKM2F6VnZhMWhvVTJsQlJXVm5kRFkzUXpoTGFreEVRbkJDY1RSdk5TdHhTZ3BsV21aU1kycFVhVXRIVVRkMkwyRk1iVnBaSzFSUldGRm9aVVpLWXpGQ1FUWlhWbk5FUVZaU1EwTk1aVlJKVTAxaVZteFhjMnhDVTJKd2MwdE9kVFl2Q21veFJEaGthVkZYTmpsYVJEVnBXVXBwY2xSWk5ucFVOM1p2ZDNSamVUbE9XVmxTTDJwRmEwRlVOeTlRVlZCd2FYUm9iSEJ2TVdOc2RXNTFaWEZLTjI0S2NrVnFXamRFWlhKSFpVMHJiak5OVTNCc2FqRktSazV2Y0VSR2RrWXlZVzFPZUVsT1VHSjNkV2hXTkVOSVpYVnpjREJNYURkV2VVcFlhMFpNVXpOV2NRcHBOSHBWT0dJcmRFOTNWbWRxTDBoUkNpMHRMUzB0UlU1RUlFTkZVbFJKUmtsRFFWUkZMUzB0TFMwSwogICAgc2VydmVyOiBodHRwczovL2NsaWFrc2Ruc3E1d3JvNmUtMGM5MTgzYjQuaGNwLndlc3R1czIuYXptazhzLmlvOjQ0MwogIG5hbWU6IGNsaWFrc3Rlc3Rya3g1Z3QKY29udGV4dHM6Ci0gY29udGV4dDoKICAgIGNsdXN0ZXI6IGNsaWFrc3Rlc3Rya3g1Z3QKICAgIHVzZXI6IGNsdXN0ZXJVc2VyX2NsaXRlc3RsczNhaHdsNmR1X2NsaWFrc3Rlc3Rya3g1Z3QKICBuYW1lOiBjbGlha3N0ZXN0cmt4NWd0CmN1cnJlbnQtY29udGV4dDogY2xpYWtzdGVzdHJreDVndApraW5kOiBDb25maWcKcHJlZmVyZW5jZXM6IHt9CnVzZXJzOgotIG5hbWU6IGNsdXN0ZXJVc2VyX2NsaXRlc3RsczNhaHdsNmR1X2NsaWFrc3Rlc3Rya3g1Z3QKICB1c2VyOgogICAgY2xpZW50LWNlcnRpZmljYXRlLWRhdGE6IExTMHRMUzFDUlVkSlRpQkRSVkpVU1VaSlEwRlVSUzB0TFMwdENrMUpTVVpJYWtORFFYZGhaMEYzU1VKQlowbFNRVXg1Um1Zd2RrNXJjblJqZW5FNFptdElWVzR4YjAxM1JGRlpTa3R2V2tsb2RtTk9RVkZGVEVKUlFYY0tSRlJGVEUxQmEwZEJNVlZGUVhoTlExa3lSWGRJYUdOT1RXcEZkMDlFUlROTlJGRXhUMFJWTTFkb1kwNU5hazEzVDBSRk0wMUVWWGRQUkZVelYycEJkd3BOVW1OM1JsRlpSRlpSVVV0RmR6VjZaVmhPTUZwWE1EWmlWMFo2WkVkV2VXTjZSVlpOUWsxSFFURlZSVUY0VFUxaVYwWjZaRWRXZVZreWVIQmFWelV3Q2sxSlNVTkpha0ZPUW1kcmNXaHJhVWM1ZHpCQ1FWRkZSa0ZCVDBOQlp6aEJUVWxKUTBOblMwTkJaMFZCY3k5SVVYRllRWHBGT0RSVllqaElNVzFKYm5VS05HUkxaVzFMWkV4RFVVUlljRWhOTXpaMGRIRnRRMGhWVWtaTE1sTXplV1ZsY0Vod05qRTNhbHAzVjNkb1lYaDBRWHBzWVdOelpHVldhR2hDYlcwMVNncHdVVFZrUTNKQ1VWcE5aWHA1UWsxRldUZG5TMVJaVnpOaWNDdGFLek12UmtsNmVHbFZlRzkyTUVGalRYWk1lRlkxYkdWM2N5OU1VM0JLYlhscVVEaDFDaTlGZFdrM04yaDVWbXN5WjBsRmNISnNSemczY20xU1pYbHRSMkpUTjNaWksxbFBabEZwVldSaFptOW5SbVJUTkRCcU5VSTRkRGN3VTBoTlpWUXlVMElLVWxNM2FrbHBiaXM0UTFKcE9FcHBWR053WW1ZdmNXTnJRa0pPVlV0QlJrRmlTbE53TkZCM2QybGphbEkyY0RSSVMyOUhibEZSZFRCV05XODJXRmRpZGdvMGNXc3lNM1ZRVkhsdlJFWjVPVEpJWVZNNFoyUlNWRTluWnpKd2FYbHZTRzg0YVVOMVkwRklaV05PWjJ3M1NtNDVOakZZTUV4SU5qQmlWREZXYTJSMkNqQXJMM0JFYTJWWmFHVndNMEV4ZWxaMFZYRXlha3RYY2xWUmFtWkdjakprWnlzd1JFWlRhRXRrZDJwUGJYYzBURVJKVmpCek1tNXFRMjlTS3k5TVJFUUtkMmgwUW1aSVpVcHNaRWxwVkZoalVVUjNNRE52VERaa2NEWlVTMlo2ZWpRclNsRnZablJVYWpSbVEwOHpURkF4UWpodU5tZHFibFpJVVhkcUswMHlRZ3BhU1ZOWE1DOXpiR3hZTlc0MmVtYzFkbTVYT0dneFN6QnplRzB2YmxOVloyWlRTMjVwZUdOclF6VnNjRGhOV2xSd1RreHJha05pZDNsdlJVaFlWVGhpQ25wWk9FVnRlRGt5YUN0aGVtY3lkMUZyWjBvMU1UUndUbE40WTA1MVUwbHBZbFZtVGpZeFlTOTVRamxrYkVwak1UWnJWbVkxWkZkNFUxTkRjREZ3WldNS1JIWXlWRUowU1hORGNrVm9ObUpzY0hSU2REWkRTMjVyTW5GRFFqUllSMmxwYkRkSGRGRm5WbVpwUVhsc2JWSm1WREZoVjJWTFpVTlVla05GUkhSR053cHpPRWR3Y1ZZNWRHY3hNRXMzT0djME5tODJjblJ5VFVOQmQwVkJRV0ZPVjAxR1VYZEVaMWxFVmxJd1VFRlJTQzlDUVZGRVFXZFhaMDFDVFVkQk1WVmtDa3BSVVUxTlFXOUhRME56UjBGUlZVWkNkMDFEVFVGM1IwRXhWV1JGZDBWQ0wzZFJRMDFCUVhkSWQxbEVWbEl3YWtKQ1ozZEdiMEZWTDNWNk9UUTNUemtLYlU1TlpuQTRTalJtV1hobFNYVldjakJ4TkhkRVVWbEtTMjlhU1doMlkwNUJVVVZNUWxGQlJHZG5TVUpCU0RkS1N6QXZMMmxxUkZCcVVESlBhRlV2YlFwb2R6UlFSMUJFYUdocFUxRXJNVFFyUlRSSVdHUTBNbGhWUWtGNFJsZHZlRkZHTnpOb2VHcGFVSFpSVVhneVJrOVZhRWxKWVZkSWFHUmxZWGg0TkRCeUNqbGFWR1oyV2xKWWNuQnZNVFF5ZG5wb01XVlBVbEJaVTA5bGNtZEVVa1ZpY2preVFuRlhTV2xRWWpObVJucENaRzR3UzFjM1VWbzVOVmhpVUhwaFkwMEtjVmR6ZWtaQ2VsbzVaR2RNVW1jNFVtNUhOVUo2TlRaNGNWTkRSeko0TkZCa2VVWTFXVXhGVm5wR1JXcGhSMWhDTkRGclYxQndPR05qUlU1Qk9URkJRd3BMU1hOdVozbDRRakJWYzI0MFMyZDNLMWhtTkRSdGFVMHpXRTlxY25CbGRWcFpRVEJTZGtKalptRkpiVk0xTjBkMEt6ZzFOR1ZtZVdGdmRVcHhNeTlpQ210SVoxb3JRaTlDVXpaQ2NVUTBXVU5IY2pOWEswb3dkVWxrYWtkNFJtMWtMMmhPVDFFeVdtNDVaREJ2YlhOb0wydE5LMGhNWlRKS2VFdEhNa3hhU2pBS1VuSnRPRTV2WVRZeWFUbFJjVXBEUVdOaWFFbExiaXNyYmxkdE5UaFJaQ3RVTkhCSU1UWjNURlp6YUM5cE9FSnJkbmRxY0d4S1lraEtRbWxPZWtackt3cE1WV1ZPYVhGT1JFMUJkR05sYlVWUWFXbzVlR2hMYmtkdlVIZzJUSFkxVm1vMmNUUjRlVWgxYjBoeFl6WnVlRWQyYUc1bE9EQlBaMmxEZG1wSlZIQnlDamczZDJOVE5WQmxTbFJtWlZaRk9HSjNVRkpUT1RSdFREbHRhMmhRYkhZd09IZHdMelpRY1ZGeGJsZzJRelJoTkhKM2RteHdTVzlSU3pkQlZUUkpiVU1LYUV0MGNscERTbG92Vm1sbFkwNUdZbmh3VEdGTGRqaHBSakZyVGxKSU9UQmFZbTVrTUcxemRXNXNUVFZXWTJWWlluSklXRzFqUWpOU2JHMTNMMlo0WWdvMVpYWXlkREZDZDNKaFowSm1jRVZWVjNSdWFGVkZNM2xpTlhwMmN6QnFUWEZrV2xKS2RXVTVkWEF5VFhwNk4zbEZPVWhRT1ZwMVMwOVlhMUJPYUROR0NrUXJUMkYyVjNSVWNVUlVjbTVXUzFoUVlWQjRWVmh1Y3dvdExTMHRMVVZPUkNCRFJWSlVTVVpKUTBGVVJTMHRMUzB0Q2c9PQogICAgY2xpZW50LWtleS1kYXRhOiBMUzB0TFMxQ1JVZEpUaUJTVTBFZ1VGSkpWa0ZVUlNCTFJWa3RMUzB0TFFwTlNVbEtTMEZKUWtGQlMwTkJaMFZCY3k5SVVYRllRWHBGT0RSVllqaElNVzFKYm5VMFpFdGxiVXRrVEVOUlJGaHdTRTB6Tm5SMGNXMURTRlZTUmtzeUNsTXplV1ZsY0Vod05qRTNhbHAzVjNkb1lYaDBRWHBzWVdOelpHVldhR2hDYlcwMVNuQlJOV1JEY2tKUldrMWxlbmxDVFVWWk4yZExWRmxYTTJKd0sxb0tLek12UmtsNmVHbFZlRzkyTUVGalRYWk1lRlkxYkdWM2N5OU1VM0JLYlhscVVEaDFMMFYxYVRjM2FIbFdhekpuU1VWd2NteEhPRGR5YlZKbGVXMUhZZ3BUTjNaWksxbFBabEZwVldSaFptOW5SbVJUTkRCcU5VSTRkRGN3VTBoTlpWUXlVMEpTVXpkcVNXbHVLemhEVW1rNFNtbFVZM0JpWmk5eFkydENRazVWQ2t0QlJrRmlTbE53TkZCM2QybGphbEkyY0RSSVMyOUhibEZSZFRCV05XODJXRmRpZGpSeGF6SXpkVkJVZVc5RVJuazVNa2hoVXpoblpGSlVUMmRuTW5BS2FYbHZTRzg0YVVOMVkwRklaV05PWjJ3M1NtNDVOakZZTUV4SU5qQmlWREZXYTJSMk1Dc3ZjRVJyWlZsb1pYQXpRVEY2Vm5SVmNUSnFTMWR5VlZGcVpncEdjakprWnlzd1JFWlRhRXRrZDJwUGJYYzBURVJKVmpCek1tNXFRMjlTS3k5TVJFUjNhSFJDWmtobFNteGtTV2xVV0dOUlJIY3dNMjlNTm1Sd05sUkxDbVo2ZWpRclNsRnZablJVYWpSbVEwOHpURkF4UWpodU5tZHFibFpJVVhkcUswMHlRbHBKVTFjd0wzTnNiRmcxYmpaNlp6VjJibGM0YURGTE1ITjRiUzhLYmxOVloyWlRTMjVwZUdOclF6VnNjRGhOV2xSd1RreHJha05pZDNsdlJVaFlWVGhpZWxrNFJXMTRPVEpvSzJGNlp6SjNVV3RuU2pVeE5IQk9VM2hqVGdwMVUwbHBZbFZtVGpZeFlTOTVRamxrYkVwak1UWnJWbVkxWkZkNFUxTkRjREZ3WldORWRqSlVRblJKYzBOeVJXZzJZbXh3ZEZKME5rTkxibXN5Y1VOQ0NqUllSMmxwYkRkSGRGRm5WbVpwUVhsc2JWSm1WREZoVjJWTFpVTlVla05GUkhSR04zTTRSM0J4VmpsMFp6RXdTemM0WnpRMmJ6WnlkSEpOUTBGM1JVRUtRVkZMUTBGblJVRnpNR05EZVhrd056RnJiVVpXZFhJMVZUSmFjRVkxWjA0MWNUQlhUblozWkROSWRtMW9RbXBxUmtoeWRucHljRkpaVG1ab01VOUJNd3BJUVdSSWNrMWhaMWhwTW5neGJuQXpkMDA0WkVRNE0wOHpjSFIxZVVGSFRtUlROMEZwWjJackswUnljVXh4WlZoeVJFUkRNVzVaZDNCaU9XZHRORUl6Q25aaEwycFlka1ZJU1dGeVMwMXNiUzlrVTJ4Q09FUm5jRU5uZW1KMFVWWjFZV3RPY25SemVGUTRjR1o1YjNOd1NIWmlTRWRPZDBGVlFuUnZObXBETURBS2NVZFFkRGhFTkVKYVdEWjNVRTVrUjFGVlJXTlNSM0JrUlcxQ2FEUndiV0ZPWkd3NVdUWm1PRFI0VWtGSmRsSnhZVzR6TDJoblpub3liaXRWZG1oc1NBcFFlRFZFUW1GUFRXTkxTRTVLWlRWVGQzQXhNSEZoY2tFMU0yMDVSMmxtV1hkVGVHWlFLM2RaU2sxeGNrNUpTamxhWldrMk4yaDJTMmhTYmpCNmNISm5DbXN3ZG1Od2RGZG1SVTFRZDJwWVUyOW1kMWw2YWtkamNqTjZRVUpIYjNOTFpIcHRURmsyYldwck4xZFhlVTFKV0dnM04xUkhVamxKY1daUVFWcExRM1lLZEdnMmJreGlNVmh1YUZBelUxZERUbWR2VTFKNVFXTTJRbEJDVG5kWGJGWnhLMHBaYmtjM1VIVnNVa1l2WWt0YWRGSmFURkJ1ZEV3M1NHZ3hja1poT0FwYVpUUkViMnBOZGxwTVYwSjVlWEZMTUM5VmVFZENibFJ4UlVaSVVteGxSVlF2U1RNM05tRjBaVmRUYlZRcmFrMUdURk5hYWpaUmNsWXlUbTkxYVVFeUNrbExWMFZzV25kTGEwTmpWMjlhY1RGVlFrdzFielE1YVU1V1ZGVm1kbkJPWjJaTWVFWlZVWFI0WVVNM01tRjVaVFZKVVc0MlpEWlZhVEJXZHpoUFFXNEtjbXh6UTBoWVIwbEJSblZqWmtSUFNqSkViQ3RTU2xsa01XMVllblpZVFhCdlJXeEdXVk5RYW10aVJsSTNaR0ZNV0d4S1JFSm5lVkJ6TW1GMVIwOUJNUW94YmtSR1FVYzBZMWxKY2xJeFZIVlNSMU14UjJnMmFEUllaRmQzUW1aS1lYWmpRWEpvZW1oUllpdDNjbk5HWmxBd1UwVkRaMmRGUWtGUGNuRkNXbEZLQ25nMWVUQjZkREkzUmpONllrTlZkM1JpZGtSa1dqZzBkMFZuUlVsck5UWTNOV2hHSzJWUWFURlNiREpUWmtod1FWY3JOVEZDZEUxTEwwUlZNRXN5ZVZVS2RYcGpNR04yVUZkR05rOTNiaXR1UjFWV1ExVnVWM2xUWWt4UmJrOTBPRk01VTJsSVVHdzVka1pRYlVGSGJETlFOVkJTZVRGUGVIQldSVEUzWkcxNk9RcFlOM2hvUm1OalNuVnZNM0pHUkVFcmNHeDJTSGN5VFhGcVdqUjBTbTVaZVdoa2EzTkRTa3N4WVVZNE5XUTJTMUp0UWxwWFRVeDJjakJSV0RkYWJqTllDbGROUkZSek15c3dRalJ6YmpKa1JWaHlUVzU0UVdwa1pIQlNhMHN4YzAxSWJsbE9UMW8zTnpCWWRYSnhOREo1ZGxwVWNIUmlOV0ZLWWk5SU56Sk1PRGdLY1VzMVVIRXZaVk13VWpKUVRYWnNTV1V3Y20xT2RGZHBSamN4VjJwSlRITnBMMjVZUTBsSVJUQndUMUpsYWxaSU1HOHZUMDkyTkd4bE5qUkdOMjQwUlFwVVUxVjBMeXQzVUd4T0wwWnFRM05EWjJkRlFrRk5VVmx5UzNsT1oyVXliMGh1TUdsUmNUZFlOa0p3YUZsVVVFbEtNVVJRU2l0cWRsTnBSRkZSUzNKcENtaDNNSGwwTm5oaGFsb3JRVzlqZW5nd1QwSjFjRUp6UlZSVk1XNUxLMUphUjAxQlVFcDJabXRNVkdwT1owVkdUbTF1YVZSWldGWXZNbEJSTHpSWVUwSUtSVlExUVZwSFQwSmFabWN5TUdFdk0xWkRXRXBsUlhreFNWaE1UMlZST0VsblVFMTRUa2hwWlZZeFJqaFFSbXM1Y0drMU1GbFpUazVDZFV0MVlucFNUZ3BqY2t4cWR6TjJOa0pHY2s5TlRUUnNZVGN2WlZwYWJVOVdhbkoyUmtoa2FqRlBjVlJZSzFOaGRURnNjVzl0VWpoYVdWQldVVE5KZDFFd1kzUldkWGhPQ214bVVVRTNibGxtU0ZoTk4wUTVNWEJ2TUVFNFRWQkRZV3c1YjBnM1RYcEJZVEZSU0dSelFYUlJOVGR0VTA5VVVGTllTRVpDZFdSTVpYcExNV29yUWxrS2EwZG1TMEUyVFdWblpFbE1WM2xSVGpsMFdtaFFUblpKVUZWdVIyeDRiV0Z5VUhoWFNUUllOMVUxYTBOblowVkJXRzQxU1ZKRFdYazNlWGRxTUdwc1Fnb3hNakZqVEdoS1VXWXZOM1pzU21KMGFIaEViVWxKU0VGd0sxUlNNRWRzUzNCeVZWZzRVekJYVkdKTmVGUlpPSEp4UmsxV04wcFdabEZZVDA1clpIWmhDbTl1VDFoMk4yVlJWMlpQVGpVelFqSXpXR2w1VXpZd1lXaElWSGxrTDNvNE1rOW1XWE13WlNzNWVqSkNka280V2pGQ2EwaHhRWFUzYVU1RlkzRXpWMVVLV0hsWWFXUjNNbU5oVjNKUVp6UktTV1ZSYmpoWlMzTjFRVUVyWjFkNlRYaHBjWGhhU0ZWSGJtaGpVMmd3WkZkdWRrNXdSbVptVlhwMFJYcDZPVlJvTndwdFJsRjBXRGxvUVVoMlRXUlRlSGRYU0hnMmJrTk5hREZoWVRSUFQxWmxaa2h4ZG1oVk5GTjVSMWhEVURWSFVHZGlaSGMyWTJGS05ubzNUVzl1TW5Wc0NsSnNhV3g2YmxORVl6ZDBjVGN3UWtkblJtcHBTMGd2ZVZKcmRHcEdjVUZRWmtkRFYxbG1lRVZFUzJsUFVHeEVhR3RVZVRsc1JqaDVhMUJSVWpjcmFrMEtiamMyWkVKUlMwTkJVVUZhTWxkTVVuTkRiV3BoVm1wNmFEbFBaMlJ4WlVzMmNrWkZaMU55Ykd4U2EyVjBTVkpwUWxCSGVGWlJSVmRrVlhkUE9WUlVZd3BDVEc1UVlWVlVkV2ROWTNwS1NVMUpTa0ZTSzB0c2VDOHpURGt6VWl0WVMwdG9VM2hDZDJwSmQybDZSSEl5UjNFclRYcEJZbU00V0VaTFptNUZaMU5sQ2tSeFVHWm1WWFpxVnpCYU0xaG9NRlp3UkVGRVJXdDZiRkZsVVRONmFTdFhaSHByUWxSdldXTmpOSHA2U1ZCRk5tRnRTVkZWTDBVNWMxcGFkMUJyYm1FS2NXNXNNbWQ1Y0V3NVdWbFNSWFJyT1VaWmVuVklRVkJUUmtSRk9EQnJWRWREWVRrd1lsa3hORXh0UjJkeFRXOUdiRTh4ZWxsMGNsVmxiR0l3ZWxNNE1RcHdSMEkwUVVabVluWk9Ualp6TDFreVkwaHlMMnh3U0ZCV2RHbEthSEV6TWxGVllqQnRibkZGS3poTWIwNUhVQ3RGUkRkNVFrNXhjMUU0TTNNM04xZFFDazlhTXk5Q04xRXhSMFZhVFdSdU0xWjJjemR0VDJsU05XTjFWbXcwVUZwd1FXOUpRa0ZGY0hwTlV6ZE1kV2hCWjNCUFJ6QmhOazVEVFVjcmNuWkxSR0VLUkcxVmNURlJXbkJUT1dVd09VcFRlRW8wV2pGb1pXaFZWbTVUWTFWQ1JEbHRPVXMxZUZGbU1WZEtVamRtVm5CeFVUTjNVVWRCVTFOWk0xQkRPVUV6YkFwNVZrcDNZWFppY21NM1JrZGFObXBLTWtSNk4wdDVhV1ZYY0hCNlptSlRZVkpJUWtsQlJFOXdhbVpQWkhaakx6bEVPV1EwUlVWUGVHeFBhMFJ2U0VrckNtbExjM3BUVHk5M01HUnVXVTVaY2xWVmRFVmlSMjA0ZUd4bmJsQXdkR0pXUnpsQllWQlBOSGQ1TkdsNFZtaFVWMjUwVGxwaWQwWkVUbk13UVVoM1FqSUtUV2h3UlUxaU9WQk9kbFJvY0daeVZWWnVMMWRSZVRKbGJ6VjNkRnBVUWxsVlZtTlphRXRtVWxKMkwwOUlTVlkyWTBjNFdGQnVUelJVU1dwcFl6Y3llZ3BXVGxncldXbzFiMUpQVTFscFptcHBNbFU0ZUdocGN6ZzFLMjA1UlVOQ1pGbEtjRXBhUlhkR1UwbENkV3A0Y1VWM09Wb3hieXRaYzFkcVRUMEtMUzB0TFMxRlRrUWdVbE5CSUZCU1NWWkJWRVVnUzBWWkxTMHRMUzBLCiAgICB0b2tlbjogZmJkOTU4Yzc1NjI1MmNmMWVjMGRhMjRmODg2YjNmNGM3OWViZTJjNDBmZTRkOGVkMmVjMjYzYWM2M2NmMWI2NWVlNWMzYjRiZDM5Y2RjMGM2MjYzYTc1OGQwZDZlNjBkZDMxYjMzNzIxZDFlZTg5ZjIwZGJmNTU0MDhlYzYwMjAK\"\n
        \  }\n  ]\n }"
    headers:
      cache-control:
      - no-cache
      content-length:
      - '13072'
      content-type:
      - application/json
      date:
      - Tue, 17 Aug 2021 05:11:55 GMT
      expires:
      - '-1'
      pragma:
      - no-cache
      server:
      - nginx
      strict-transport-security:
      - max-age=31536000; includeSubDomains
      transfer-encoding:
      - chunked
      vary:
      - Accept-Encoding
      x-content-type-options:
      - nosniff
      x-ms-ratelimit-remaining-subscription-writes:
      - '1199'
    status:
      code: 200
      message: OK
- request:
    body: null
    headers:
      Accept:
      - application/json
      Accept-Encoding:
      - gzip, deflate
      CommandName:
      - aks update
      Connection:
      - keep-alive
      ParameterSetName:
      - -g -n --api-server-authorized-ip-ranges
      User-Agent:
      - AZURECLI/2.27.0 azsdk-python-azure-mgmt-containerservice/16.1.0 Python/3.8.11
        (Linux-5.4.0-1055-azure-x86_64-with-glibc2.27)
    method: GET
    uri: https://management.azure.com/subscriptions/00000000-0000-0000-0000-000000000000/resourceGroups/clitest000001/providers/Microsoft.ContainerService/managedClusters/cliakstest000001?api-version=2021-07-01
  response:
    body:
      string: "{\n  \"id\": \"/subscriptions/00000000-0000-0000-0000-000000000000/resourcegroups/clitest000001/providers/Microsoft.ContainerService/managedClusters/cliakstest000001\",\n
        \ \"location\": \"westus2\",\n  \"name\": \"cliakstest000001\",\n  \"type\":
        \"Microsoft.ContainerService/ManagedClusters\",\n  \"properties\": {\n   \"provisioningState\":
        \"Succeeded\",\n   \"powerState\": {\n    \"code\": \"Running\"\n   },\n   \"kubernetesVersion\":
        \"1.20.7\",\n   \"dnsPrefix\": \"cliaksdns000002\",\n   \"fqdn\": \"cliaksdns000002-0c9183b4.hcp.westus2.azmk8s.io\",\n
        \  \"azurePortalFQDN\": \"cliaksdns000002-0c9183b4.portal.hcp.westus2.azmk8s.io\",\n
        \  \"agentPoolProfiles\": [\n    {\n     \"name\": \"nodepool1\",\n     \"count\":
        1,\n     \"vmSize\": \"Standard_DS2_v2\",\n     \"osDiskSizeGB\": 128,\n     \"osDiskType\":
        \"Managed\",\n     \"kubeletDiskType\": \"OS\",\n     \"maxPods\": 110,\n
        \    \"type\": \"VirtualMachineScaleSets\",\n     \"provisioningState\": \"Succeeded\",\n
        \    \"powerState\": {\n      \"code\": \"Running\"\n     },\n     \"orchestratorVersion\":
        \"1.20.7\",\n     \"enableNodePublicIP\": false,\n     \"nodeLabels\": {},\n
        \    \"mode\": \"System\",\n     \"enableEncryptionAtHost\": false,\n     \"enableUltraSSD\":
        false,\n     \"osType\": \"Linux\",\n     \"osSKU\": \"Ubuntu\",\n     \"nodeImageVersion\":
        \"AKSUbuntu-1804gen2containerd-2021.07.25\",\n     \"enableFIPS\": false\n
        \   }\n   ],\n   \"linuxProfile\": {\n    \"adminUsername\": \"azureuser\",\n
        \   \"ssh\": {\n     \"publicKeys\": [\n      {\n       \"keyData\": \"ssh-rsa
        AAAAB3NzaC1yc2EAAAADAQABAAABAQCdSf3GlgnRl9XJiQavZ1p3M3+DN3eFnnpk9B1UH3JQZW/5sePzrG3ucDRcIDPTBItawvuyHqv1RK4AhAyT9TI4aG8l5amgnCzktgNhqibqJhQCdxkoIJdxcUwCgV+McodZ5IgVjKj9E4XXG68XAYCwo8cUPbyq25BkhWBK4Qmn7DT1SnB4eZdmA9tIO46FbKXvV1p8U9CixwSSKTmnTfq+DMRBX016k9UFWewREFR6+vu9bosp4MDEWgx3beSJoUty+LpOfCSzA9i5z0R5/LF3dvF0fiKWfCu+oztDmT39Zvdh0GPqfJTnPylHlkSJMXP6MItFrOKWZukhhFjCIZDz
        azcli_aks_live_test@example.com\\n\"\n      }\n     ]\n    }\n   },\n   \"servicePrincipalProfile\":
        {\n    \"clientId\":\"00000000-0000-0000-0000-000000000001\"\n   },\n   \"nodeResourceGroup\":
        \"MC_clitest000001_cliakstest000001_westus2\",\n   \"enableRBAC\": true,\n
        \  \"networkProfile\": {\n    \"networkPlugin\": \"kubenet\",\n    \"loadBalancerSku\":
        \"Standard\",\n    \"loadBalancerProfile\": {\n     \"managedOutboundIPs\":
        {\n      \"count\": 1\n     },\n     \"effectiveOutboundIPs\": [\n      {\n
        \      \"id\": \"/subscriptions/00000000-0000-0000-0000-000000000000/resourceGroups/MC_clitest000001_cliakstest000001_westus2/providers/Microsoft.Network/publicIPAddresses/def6bad5-9966-4275-ad61-892c2aec94ef\"\n
        \     }\n     ]\n    },\n    \"podCidr\": \"10.244.0.0/16\",\n    \"serviceCidr\":
        \"10.0.0.0/16\",\n    \"dnsServiceIP\": \"10.0.0.10\",\n    \"dockerBridgeCidr\":
        \"172.17.0.1/16\",\n    \"outboundType\": \"loadBalancer\"\n   },\n   \"maxAgentPools\":
        100,\n   \"apiServerAccessProfile\": {\n    \"authorizedIPRanges\": [\n     \"1.2.3.4/32\"\n
        \   ]\n   }\n  },\n  \"sku\": {\n   \"name\": \"Basic\",\n   \"tier\": \"Free\"\n
        \ }\n }"
    headers:
      cache-control:
      - no-cache
      content-length:
      - '2827'
      content-type:
      - application/json
      date:
      - Tue, 17 Aug 2021 05:11:56 GMT
      expires:
      - '-1'
      pragma:
      - no-cache
      server:
      - nginx
      strict-transport-security:
      - max-age=31536000; includeSubDomains
      transfer-encoding:
      - chunked
      vary:
      - Accept-Encoding
      x-content-type-options:
      - nosniff
    status:
      code: 200
      message: OK
- request:
    body: '{"location": "westus2", "sku": {"name": "Basic", "tier": "Free"}, "properties":
      {"kubernetesVersion": "1.20.7", "dnsPrefix": "cliaksdns000002", "agentPoolProfiles":
      [{"count": 1, "vmSize": "Standard_DS2_v2", "osDiskSizeGB": 128, "osDiskType":
      "Managed", "kubeletDiskType": "OS", "maxPods": 110, "osType": "Linux", "osSKU":
      "Ubuntu", "type": "VirtualMachineScaleSets", "mode": "System", "orchestratorVersion":
      "1.20.7", "enableNodePublicIP": false, "nodeLabels": {}, "enableEncryptionAtHost":
      false, "enableUltraSSD": false, "enableFIPS": false, "name": "nodepool1"}],
      "linuxProfile": {"adminUsername": "azureuser", "ssh": {"publicKeys": [{"keyData":
      "ssh-rsa AAAAB3NzaC1yc2EAAAADAQABAAABAQCdSf3GlgnRl9XJiQavZ1p3M3+DN3eFnnpk9B1UH3JQZW/5sePzrG3ucDRcIDPTBItawvuyHqv1RK4AhAyT9TI4aG8l5amgnCzktgNhqibqJhQCdxkoIJdxcUwCgV+McodZ5IgVjKj9E4XXG68XAYCwo8cUPbyq25BkhWBK4Qmn7DT1SnB4eZdmA9tIO46FbKXvV1p8U9CixwSSKTmnTfq+DMRBX016k9UFWewREFR6+vu9bosp4MDEWgx3beSJoUty+LpOfCSzA9i5z0R5/LF3dvF0fiKWfCu+oztDmT39Zvdh0GPqfJTnPylHlkSJMXP6MItFrOKWZukhhFjCIZDz
      azcli_aks_live_test@example.com\n"}]}}, "servicePrincipalProfile": {"clientId":"00000000-0000-0000-0000-000000000001"},
      "nodeResourceGroup": "MC_clitest000001_cliakstest000001_westus2", "enableRBAC":
      true, "networkProfile": {"networkPlugin": "kubenet", "podCidr": "10.244.0.0/16",
      "serviceCidr": "10.0.0.0/16", "dnsServiceIP": "10.0.0.10", "dockerBridgeCidr":
      "172.17.0.1/16", "outboundType": "loadBalancer", "loadBalancerSku": "Standard",
      "loadBalancerProfile": {"managedOutboundIPs": {"count": 1}, "effectiveOutboundIPs":
      [{"id": "/subscriptions/00000000-0000-0000-0000-000000000000/resourceGroups/MC_clitest000001_cliakstest000001_westus2/providers/Microsoft.Network/publicIPAddresses/def6bad5-9966-4275-ad61-892c2aec94ef"}]}},
      "apiServerAccessProfile": {"authorizedIPRanges": []}}}'
    headers:
      Accept:
      - application/json
      Accept-Encoding:
      - gzip, deflate
      CommandName:
      - aks update
      Connection:
      - keep-alive
      Content-Length:
      - '1827'
      Content-Type:
      - application/json
      ParameterSetName:
      - -g -n --api-server-authorized-ip-ranges
      User-Agent:
      - AZURECLI/2.27.0 azsdk-python-azure-mgmt-containerservice/16.1.0 Python/3.8.11
        (Linux-5.4.0-1055-azure-x86_64-with-glibc2.27)
    method: PUT
    uri: https://management.azure.com/subscriptions/00000000-0000-0000-0000-000000000000/resourceGroups/clitest000001/providers/Microsoft.ContainerService/managedClusters/cliakstest000001?api-version=2021-07-01
  response:
    body:
      string: "{\n  \"id\": \"/subscriptions/00000000-0000-0000-0000-000000000000/resourcegroups/clitest000001/providers/Microsoft.ContainerService/managedClusters/cliakstest000001\",\n
        \ \"location\": \"westus2\",\n  \"name\": \"cliakstest000001\",\n  \"type\":
        \"Microsoft.ContainerService/ManagedClusters\",\n  \"properties\": {\n   \"provisioningState\":
        \"Updating\",\n   \"powerState\": {\n    \"code\": \"Running\"\n   },\n   \"kubernetesVersion\":
        \"1.20.7\",\n   \"dnsPrefix\": \"cliaksdns000002\",\n   \"fqdn\": \"cliaksdns000002-0c9183b4.hcp.westus2.azmk8s.io\",\n
        \  \"azurePortalFQDN\": \"cliaksdns000002-0c9183b4.portal.hcp.westus2.azmk8s.io\",\n
        \  \"agentPoolProfiles\": [\n    {\n     \"name\": \"nodepool1\",\n     \"count\":
        1,\n     \"vmSize\": \"Standard_DS2_v2\",\n     \"osDiskSizeGB\": 128,\n     \"osDiskType\":
        \"Managed\",\n     \"kubeletDiskType\": \"OS\",\n     \"maxPods\": 110,\n
        \    \"type\": \"VirtualMachineScaleSets\",\n     \"provisioningState\": \"Updating\",\n
        \    \"powerState\": {\n      \"code\": \"Running\"\n     },\n     \"orchestratorVersion\":
        \"1.20.7\",\n     \"enableNodePublicIP\": false,\n     \"nodeLabels\": {},\n
        \    \"mode\": \"System\",\n     \"enableEncryptionAtHost\": false,\n     \"enableUltraSSD\":
        false,\n     \"osType\": \"Linux\",\n     \"osSKU\": \"Ubuntu\",\n     \"nodeImageVersion\":
        \"AKSUbuntu-1804gen2containerd-2021.07.25\",\n     \"enableFIPS\": false\n
        \   }\n   ],\n   \"linuxProfile\": {\n    \"adminUsername\": \"azureuser\",\n
        \   \"ssh\": {\n     \"publicKeys\": [\n      {\n       \"keyData\": \"ssh-rsa
        AAAAB3NzaC1yc2EAAAADAQABAAABAQCdSf3GlgnRl9XJiQavZ1p3M3+DN3eFnnpk9B1UH3JQZW/5sePzrG3ucDRcIDPTBItawvuyHqv1RK4AhAyT9TI4aG8l5amgnCzktgNhqibqJhQCdxkoIJdxcUwCgV+McodZ5IgVjKj9E4XXG68XAYCwo8cUPbyq25BkhWBK4Qmn7DT1SnB4eZdmA9tIO46FbKXvV1p8U9CixwSSKTmnTfq+DMRBX016k9UFWewREFR6+vu9bosp4MDEWgx3beSJoUty+LpOfCSzA9i5z0R5/LF3dvF0fiKWfCu+oztDmT39Zvdh0GPqfJTnPylHlkSJMXP6MItFrOKWZukhhFjCIZDz
        azcli_aks_live_test@example.com\\n\"\n      }\n     ]\n    }\n   },\n   \"servicePrincipalProfile\":
        {\n    \"clientId\":\"00000000-0000-0000-0000-000000000001\"\n   },\n   \"nodeResourceGroup\":
        \"MC_clitest000001_cliakstest000001_westus2\",\n   \"enableRBAC\": true,\n
        \  \"networkProfile\": {\n    \"networkPlugin\": \"kubenet\",\n    \"loadBalancerSku\":
        \"Standard\",\n    \"loadBalancerProfile\": {\n     \"managedOutboundIPs\":
        {\n      \"count\": 1\n     },\n     \"effectiveOutboundIPs\": [\n      {\n
        \      \"id\": \"/subscriptions/00000000-0000-0000-0000-000000000000/resourceGroups/MC_clitest000001_cliakstest000001_westus2/providers/Microsoft.Network/publicIPAddresses/def6bad5-9966-4275-ad61-892c2aec94ef\"\n
        \     }\n     ]\n    },\n    \"podCidr\": \"10.244.0.0/16\",\n    \"serviceCidr\":
        \"10.0.0.0/16\",\n    \"dnsServiceIP\": \"10.0.0.10\",\n    \"dockerBridgeCidr\":
        \"172.17.0.1/16\",\n    \"outboundType\": \"loadBalancer\"\n   },\n   \"maxAgentPools\":
        100\n  },\n  \"sku\": {\n   \"name\": \"Basic\",\n   \"tier\": \"Free\"\n
        \ }\n }"
    headers:
      azure-asyncoperation:
      - https://management.azure.com/subscriptions/00000000-0000-0000-0000-000000000000/providers/Microsoft.ContainerService/locations/westus2/operations/07e074e3-4d1c-426b-b5bf-e2cdda1d1b63?api-version=2016-03-30
      cache-control:
      - no-cache
      content-length:
      - '2736'
      content-type:
      - application/json
      date:
      - Tue, 17 Aug 2021 05:11:58 GMT
      expires:
      - '-1'
      pragma:
      - no-cache
      server:
      - nginx
      strict-transport-security:
      - max-age=31536000; includeSubDomains
      transfer-encoding:
      - chunked
      vary:
      - Accept-Encoding
      x-content-type-options:
      - nosniff
      x-ms-ratelimit-remaining-subscription-writes:
      - '1195'
    status:
      code: 200
      message: OK
- request:
    body: null
    headers:
      Accept:
      - '*/*'
      Accept-Encoding:
      - gzip, deflate
      CommandName:
      - aks update
      Connection:
      - keep-alive
      ParameterSetName:
      - -g -n --api-server-authorized-ip-ranges
      User-Agent:
      - AZURECLI/2.27.0 azsdk-python-azure-mgmt-containerservice/16.1.0 Python/3.8.11
        (Linux-5.4.0-1055-azure-x86_64-with-glibc2.27)
    method: GET
    uri: https://management.azure.com/subscriptions/00000000-0000-0000-0000-000000000000/providers/Microsoft.ContainerService/locations/westus2/operations/07e074e3-4d1c-426b-b5bf-e2cdda1d1b63?api-version=2016-03-30
  response:
    body:
      string: "{\n  \"name\": \"e374e007-1c4d-6b42-b5bf-e2cdda1d1b63\",\n  \"status\":
        \"InProgress\",\n  \"startTime\": \"2021-08-17T05:11:58.2866666Z\"\n }"
    headers:
      cache-control:
      - no-cache
      content-length:
      - '126'
      content-type:
      - application/json
      date:
      - Tue, 17 Aug 2021 05:12:28 GMT
      expires:
      - '-1'
      pragma:
      - no-cache
      server:
      - nginx
      strict-transport-security:
      - max-age=31536000; includeSubDomains
      transfer-encoding:
      - chunked
      vary:
      - Accept-Encoding
      x-content-type-options:
      - nosniff
    status:
      code: 200
      message: OK
- request:
    body: null
    headers:
      Accept:
      - '*/*'
      Accept-Encoding:
      - gzip, deflate
      CommandName:
      - aks update
      Connection:
      - keep-alive
      ParameterSetName:
      - -g -n --api-server-authorized-ip-ranges
      User-Agent:
      - AZURECLI/2.27.0 azsdk-python-azure-mgmt-containerservice/16.1.0 Python/3.8.11
        (Linux-5.4.0-1055-azure-x86_64-with-glibc2.27)
    method: GET
    uri: https://management.azure.com/subscriptions/00000000-0000-0000-0000-000000000000/providers/Microsoft.ContainerService/locations/westus2/operations/07e074e3-4d1c-426b-b5bf-e2cdda1d1b63?api-version=2016-03-30
  response:
    body:
      string: "{\n  \"name\": \"e374e007-1c4d-6b42-b5bf-e2cdda1d1b63\",\n  \"status\":
        \"InProgress\",\n  \"startTime\": \"2021-08-17T05:11:58.2866666Z\"\n }"
    headers:
      cache-control:
      - no-cache
      content-length:
      - '126'
      content-type:
      - application/json
      date:
      - Tue, 17 Aug 2021 05:12:59 GMT
      expires:
      - '-1'
      pragma:
      - no-cache
      server:
      - nginx
      strict-transport-security:
      - max-age=31536000; includeSubDomains
      transfer-encoding:
      - chunked
      vary:
      - Accept-Encoding
      x-content-type-options:
      - nosniff
    status:
      code: 200
      message: OK
- request:
    body: null
    headers:
      Accept:
      - '*/*'
      Accept-Encoding:
      - gzip, deflate
      CommandName:
      - aks update
      Connection:
      - keep-alive
      ParameterSetName:
      - -g -n --api-server-authorized-ip-ranges
      User-Agent:
      - AZURECLI/2.27.0 azsdk-python-azure-mgmt-containerservice/16.1.0 Python/3.8.11
        (Linux-5.4.0-1055-azure-x86_64-with-glibc2.27)
    method: GET
    uri: https://management.azure.com/subscriptions/00000000-0000-0000-0000-000000000000/providers/Microsoft.ContainerService/locations/westus2/operations/07e074e3-4d1c-426b-b5bf-e2cdda1d1b63?api-version=2016-03-30
  response:
    body:
      string: "{\n  \"name\": \"e374e007-1c4d-6b42-b5bf-e2cdda1d1b63\",\n  \"status\":
        \"Succeeded\",\n  \"startTime\": \"2021-08-17T05:11:58.2866666Z\",\n  \"endTime\":
        \"2021-08-17T05:12:59.672674Z\"\n }"
    headers:
      cache-control:
      - no-cache
      content-length:
      - '169'
      content-type:
      - application/json
      date:
      - Tue, 17 Aug 2021 05:13:28 GMT
      expires:
      - '-1'
      pragma:
      - no-cache
      server:
      - nginx
      strict-transport-security:
      - max-age=31536000; includeSubDomains
      transfer-encoding:
      - chunked
      vary:
      - Accept-Encoding
      x-content-type-options:
      - nosniff
    status:
      code: 200
      message: OK
- request:
    body: null
    headers:
      Accept:
      - '*/*'
      Accept-Encoding:
      - gzip, deflate
      CommandName:
      - aks update
      Connection:
      - keep-alive
      ParameterSetName:
      - -g -n --api-server-authorized-ip-ranges
      User-Agent:
      - AZURECLI/2.27.0 azsdk-python-azure-mgmt-containerservice/16.1.0 Python/3.8.11
        (Linux-5.4.0-1055-azure-x86_64-with-glibc2.27)
    method: GET
    uri: https://management.azure.com/subscriptions/00000000-0000-0000-0000-000000000000/resourceGroups/clitest000001/providers/Microsoft.ContainerService/managedClusters/cliakstest000001?api-version=2021-07-01
  response:
    body:
      string: "{\n  \"id\": \"/subscriptions/00000000-0000-0000-0000-000000000000/resourcegroups/clitest000001/providers/Microsoft.ContainerService/managedClusters/cliakstest000001\",\n
        \ \"location\": \"westus2\",\n  \"name\": \"cliakstest000001\",\n  \"type\":
        \"Microsoft.ContainerService/ManagedClusters\",\n  \"properties\": {\n   \"provisioningState\":
        \"Succeeded\",\n   \"powerState\": {\n    \"code\": \"Running\"\n   },\n   \"kubernetesVersion\":
        \"1.20.7\",\n   \"dnsPrefix\": \"cliaksdns000002\",\n   \"fqdn\": \"cliaksdns000002-0c9183b4.hcp.westus2.azmk8s.io\",\n
        \  \"azurePortalFQDN\": \"cliaksdns000002-0c9183b4.portal.hcp.westus2.azmk8s.io\",\n
        \  \"agentPoolProfiles\": [\n    {\n     \"name\": \"nodepool1\",\n     \"count\":
        1,\n     \"vmSize\": \"Standard_DS2_v2\",\n     \"osDiskSizeGB\": 128,\n     \"osDiskType\":
        \"Managed\",\n     \"kubeletDiskType\": \"OS\",\n     \"maxPods\": 110,\n
        \    \"type\": \"VirtualMachineScaleSets\",\n     \"provisioningState\": \"Succeeded\",\n
        \    \"powerState\": {\n      \"code\": \"Running\"\n     },\n     \"orchestratorVersion\":
        \"1.20.7\",\n     \"enableNodePublicIP\": false,\n     \"nodeLabels\": {},\n
        \    \"mode\": \"System\",\n     \"enableEncryptionAtHost\": false,\n     \"enableUltraSSD\":
        false,\n     \"osType\": \"Linux\",\n     \"osSKU\": \"Ubuntu\",\n     \"nodeImageVersion\":
        \"AKSUbuntu-1804gen2containerd-2021.07.25\",\n     \"enableFIPS\": false\n
        \   }\n   ],\n   \"linuxProfile\": {\n    \"adminUsername\": \"azureuser\",\n
        \   \"ssh\": {\n     \"publicKeys\": [\n      {\n       \"keyData\": \"ssh-rsa
        AAAAB3NzaC1yc2EAAAADAQABAAABAQCdSf3GlgnRl9XJiQavZ1p3M3+DN3eFnnpk9B1UH3JQZW/5sePzrG3ucDRcIDPTBItawvuyHqv1RK4AhAyT9TI4aG8l5amgnCzktgNhqibqJhQCdxkoIJdxcUwCgV+McodZ5IgVjKj9E4XXG68XAYCwo8cUPbyq25BkhWBK4Qmn7DT1SnB4eZdmA9tIO46FbKXvV1p8U9CixwSSKTmnTfq+DMRBX016k9UFWewREFR6+vu9bosp4MDEWgx3beSJoUty+LpOfCSzA9i5z0R5/LF3dvF0fiKWfCu+oztDmT39Zvdh0GPqfJTnPylHlkSJMXP6MItFrOKWZukhhFjCIZDz
        azcli_aks_live_test@example.com\\n\"\n      }\n     ]\n    }\n   },\n   \"servicePrincipalProfile\":
        {\n    \"clientId\":\"00000000-0000-0000-0000-000000000001\"\n   },\n   \"nodeResourceGroup\":
        \"MC_clitest000001_cliakstest000001_westus2\",\n   \"enableRBAC\": true,\n
        \  \"networkProfile\": {\n    \"networkPlugin\": \"kubenet\",\n    \"loadBalancerSku\":
        \"Standard\",\n    \"loadBalancerProfile\": {\n     \"managedOutboundIPs\":
        {\n      \"count\": 1\n     },\n     \"effectiveOutboundIPs\": [\n      {\n
        \      \"id\": \"/subscriptions/00000000-0000-0000-0000-000000000000/resourceGroups/MC_clitest000001_cliakstest000001_westus2/providers/Microsoft.Network/publicIPAddresses/def6bad5-9966-4275-ad61-892c2aec94ef\"\n
        \     }\n     ]\n    },\n    \"podCidr\": \"10.244.0.0/16\",\n    \"serviceCidr\":
        \"10.0.0.0/16\",\n    \"dnsServiceIP\": \"10.0.0.10\",\n    \"dockerBridgeCidr\":
        \"172.17.0.1/16\",\n    \"outboundType\": \"loadBalancer\"\n   },\n   \"maxAgentPools\":
        100\n  },\n  \"sku\": {\n   \"name\": \"Basic\",\n   \"tier\": \"Free\"\n
        \ }\n }"
    headers:
      cache-control:
      - no-cache
      content-length:
      - '2738'
      content-type:
      - application/json
      date:
      - Tue, 17 Aug 2021 05:13:29 GMT
      expires:
      - '-1'
      pragma:
      - no-cache
      server:
      - nginx
      strict-transport-security:
      - max-age=31536000; includeSubDomains
      transfer-encoding:
      - chunked
      vary:
      - Accept-Encoding
      x-content-type-options:
      - nosniff
    status:
      code: 200
      message: OK
- request:
    body: null
    headers:
      Accept:
      - application/json
      Accept-Encoding:
      - gzip, deflate
      CommandName:
      - aks scale
      Connection:
      - keep-alive
      ParameterSetName:
      - -g -n --node-count
      User-Agent:
      - AZURECLI/2.27.0 azsdk-python-azure-mgmt-containerservice/16.1.0 Python/3.8.11
        (Linux-5.4.0-1055-azure-x86_64-with-glibc2.27)
    method: GET
    uri: https://management.azure.com/subscriptions/00000000-0000-0000-0000-000000000000/resourceGroups/clitest000001/providers/Microsoft.ContainerService/managedClusters/cliakstest000001?api-version=2021-07-01
  response:
    body:
      string: "{\n  \"id\": \"/subscriptions/00000000-0000-0000-0000-000000000000/resourcegroups/clitest000001/providers/Microsoft.ContainerService/managedClusters/cliakstest000001\",\n
        \ \"location\": \"westus2\",\n  \"name\": \"cliakstest000001\",\n  \"type\":
        \"Microsoft.ContainerService/ManagedClusters\",\n  \"properties\": {\n   \"provisioningState\":
        \"Succeeded\",\n   \"powerState\": {\n    \"code\": \"Running\"\n   },\n   \"kubernetesVersion\":
        \"1.20.7\",\n   \"dnsPrefix\": \"cliaksdns000002\",\n   \"fqdn\": \"cliaksdns000002-0c9183b4.hcp.westus2.azmk8s.io\",\n
        \  \"azurePortalFQDN\": \"cliaksdns000002-0c9183b4.portal.hcp.westus2.azmk8s.io\",\n
        \  \"agentPoolProfiles\": [\n    {\n     \"name\": \"nodepool1\",\n     \"count\":
        1,\n     \"vmSize\": \"Standard_DS2_v2\",\n     \"osDiskSizeGB\": 128,\n     \"osDiskType\":
        \"Managed\",\n     \"kubeletDiskType\": \"OS\",\n     \"maxPods\": 110,\n
        \    \"type\": \"VirtualMachineScaleSets\",\n     \"provisioningState\": \"Succeeded\",\n
        \    \"powerState\": {\n      \"code\": \"Running\"\n     },\n     \"orchestratorVersion\":
        \"1.20.7\",\n     \"enableNodePublicIP\": false,\n     \"nodeLabels\": {},\n
        \    \"mode\": \"System\",\n     \"enableEncryptionAtHost\": false,\n     \"enableUltraSSD\":
        false,\n     \"osType\": \"Linux\",\n     \"osSKU\": \"Ubuntu\",\n     \"nodeImageVersion\":
        \"AKSUbuntu-1804gen2containerd-2021.07.25\",\n     \"enableFIPS\": false\n
        \   }\n   ],\n   \"linuxProfile\": {\n    \"adminUsername\": \"azureuser\",\n
        \   \"ssh\": {\n     \"publicKeys\": [\n      {\n       \"keyData\": \"ssh-rsa
        AAAAB3NzaC1yc2EAAAADAQABAAABAQCdSf3GlgnRl9XJiQavZ1p3M3+DN3eFnnpk9B1UH3JQZW/5sePzrG3ucDRcIDPTBItawvuyHqv1RK4AhAyT9TI4aG8l5amgnCzktgNhqibqJhQCdxkoIJdxcUwCgV+McodZ5IgVjKj9E4XXG68XAYCwo8cUPbyq25BkhWBK4Qmn7DT1SnB4eZdmA9tIO46FbKXvV1p8U9CixwSSKTmnTfq+DMRBX016k9UFWewREFR6+vu9bosp4MDEWgx3beSJoUty+LpOfCSzA9i5z0R5/LF3dvF0fiKWfCu+oztDmT39Zvdh0GPqfJTnPylHlkSJMXP6MItFrOKWZukhhFjCIZDz
        azcli_aks_live_test@example.com\\n\"\n      }\n     ]\n    }\n   },\n   \"servicePrincipalProfile\":
        {\n    \"clientId\":\"00000000-0000-0000-0000-000000000001\"\n   },\n   \"nodeResourceGroup\":
        \"MC_clitest000001_cliakstest000001_westus2\",\n   \"enableRBAC\": true,\n
        \  \"networkProfile\": {\n    \"networkPlugin\": \"kubenet\",\n    \"loadBalancerSku\":
        \"Standard\",\n    \"loadBalancerProfile\": {\n     \"managedOutboundIPs\":
        {\n      \"count\": 1\n     },\n     \"effectiveOutboundIPs\": [\n      {\n
        \      \"id\": \"/subscriptions/00000000-0000-0000-0000-000000000000/resourceGroups/MC_clitest000001_cliakstest000001_westus2/providers/Microsoft.Network/publicIPAddresses/def6bad5-9966-4275-ad61-892c2aec94ef\"\n
        \     }\n     ]\n    },\n    \"podCidr\": \"10.244.0.0/16\",\n    \"serviceCidr\":
        \"10.0.0.0/16\",\n    \"dnsServiceIP\": \"10.0.0.10\",\n    \"dockerBridgeCidr\":
        \"172.17.0.1/16\",\n    \"outboundType\": \"loadBalancer\"\n   },\n   \"maxAgentPools\":
        100\n  },\n  \"sku\": {\n   \"name\": \"Basic\",\n   \"tier\": \"Free\"\n
        \ }\n }"
    headers:
      cache-control:
      - no-cache
      content-length:
      - '2738'
      content-type:
      - application/json
      date:
      - Tue, 17 Aug 2021 05:13:30 GMT
      expires:
      - '-1'
      pragma:
      - no-cache
      server:
      - nginx
      strict-transport-security:
      - max-age=31536000; includeSubDomains
      transfer-encoding:
      - chunked
      vary:
      - Accept-Encoding
      x-content-type-options:
      - nosniff
    status:
      code: 200
      message: OK
- request:
    body: '{"location": "westus2", "sku": {"name": "Basic", "tier": "Free"}, "properties":
      {"kubernetesVersion": "1.20.7", "dnsPrefix": "cliaksdns000002", "agentPoolProfiles":
      [{"count": 3, "vmSize": "Standard_DS2_v2", "osDiskSizeGB": 128, "osDiskType":
      "Managed", "kubeletDiskType": "OS", "maxPods": 110, "osType": "Linux", "osSKU":
      "Ubuntu", "type": "VirtualMachineScaleSets", "mode": "System", "orchestratorVersion":
      "1.20.7", "enableNodePublicIP": false, "nodeLabels": {}, "enableEncryptionAtHost":
      false, "enableUltraSSD": false, "enableFIPS": false, "name": "nodepool1"}],
      "linuxProfile": {"adminUsername": "azureuser", "ssh": {"publicKeys": [{"keyData":
      "ssh-rsa AAAAB3NzaC1yc2EAAAADAQABAAABAQCdSf3GlgnRl9XJiQavZ1p3M3+DN3eFnnpk9B1UH3JQZW/5sePzrG3ucDRcIDPTBItawvuyHqv1RK4AhAyT9TI4aG8l5amgnCzktgNhqibqJhQCdxkoIJdxcUwCgV+McodZ5IgVjKj9E4XXG68XAYCwo8cUPbyq25BkhWBK4Qmn7DT1SnB4eZdmA9tIO46FbKXvV1p8U9CixwSSKTmnTfq+DMRBX016k9UFWewREFR6+vu9bosp4MDEWgx3beSJoUty+LpOfCSzA9i5z0R5/LF3dvF0fiKWfCu+oztDmT39Zvdh0GPqfJTnPylHlkSJMXP6MItFrOKWZukhhFjCIZDz
      azcli_aks_live_test@example.com\n"}]}}, "nodeResourceGroup": "MC_clitest000001_cliakstest000001_westus2",
      "enableRBAC": true, "networkProfile": {"networkPlugin": "kubenet", "podCidr":
      "10.244.0.0/16", "serviceCidr": "10.0.0.0/16", "dnsServiceIP": "10.0.0.10",
      "dockerBridgeCidr": "172.17.0.1/16", "outboundType": "loadBalancer", "loadBalancerSku":
      "Standard", "loadBalancerProfile": {"managedOutboundIPs": {"count": 1}, "effectiveOutboundIPs":
      [{"id": "/subscriptions/00000000-0000-0000-0000-000000000000/resourceGroups/MC_clitest000001_cliakstest000001_westus2/providers/Microsoft.Network/publicIPAddresses/def6bad5-9966-4275-ad61-892c2aec94ef"}]}}}}'
    headers:
      Accept:
      - application/json
      Accept-Encoding:
      - gzip, deflate
      CommandName:
      - aks scale
      Connection:
      - keep-alive
      Content-Length:
      - '1692'
      Content-Type:
      - application/json
      ParameterSetName:
      - -g -n --node-count
      User-Agent:
      - AZURECLI/2.27.0 azsdk-python-azure-mgmt-containerservice/16.1.0 Python/3.8.11
        (Linux-5.4.0-1055-azure-x86_64-with-glibc2.27)
    method: PUT
    uri: https://management.azure.com/subscriptions/00000000-0000-0000-0000-000000000000/resourceGroups/clitest000001/providers/Microsoft.ContainerService/managedClusters/cliakstest000001?api-version=2021-07-01
  response:
    body:
      string: "{\n  \"id\": \"/subscriptions/00000000-0000-0000-0000-000000000000/resourcegroups/clitest000001/providers/Microsoft.ContainerService/managedClusters/cliakstest000001\",\n
        \ \"location\": \"westus2\",\n  \"name\": \"cliakstest000001\",\n  \"type\":
        \"Microsoft.ContainerService/ManagedClusters\",\n  \"properties\": {\n   \"provisioningState\":
        \"Scaling\",\n   \"powerState\": {\n    \"code\": \"Running\"\n   },\n   \"kubernetesVersion\":
        \"1.20.7\",\n   \"dnsPrefix\": \"cliaksdns000002\",\n   \"fqdn\": \"cliaksdns000002-0c9183b4.hcp.westus2.azmk8s.io\",\n
        \  \"azurePortalFQDN\": \"cliaksdns000002-0c9183b4.portal.hcp.westus2.azmk8s.io\",\n
        \  \"agentPoolProfiles\": [\n    {\n     \"name\": \"nodepool1\",\n     \"count\":
        3,\n     \"vmSize\": \"Standard_DS2_v2\",\n     \"osDiskSizeGB\": 128,\n     \"osDiskType\":
        \"Managed\",\n     \"kubeletDiskType\": \"OS\",\n     \"maxPods\": 110,\n
        \    \"type\": \"VirtualMachineScaleSets\",\n     \"provisioningState\": \"Scaling\",\n
        \    \"powerState\": {\n      \"code\": \"Running\"\n     },\n     \"orchestratorVersion\":
        \"1.20.7\",\n     \"enableNodePublicIP\": false,\n     \"nodeLabels\": {},\n
        \    \"mode\": \"System\",\n     \"enableEncryptionAtHost\": false,\n     \"enableUltraSSD\":
        false,\n     \"osType\": \"Linux\",\n     \"osSKU\": \"Ubuntu\",\n     \"nodeImageVersion\":
        \"AKSUbuntu-1804gen2containerd-2021.07.25\",\n     \"enableFIPS\": false\n
        \   }\n   ],\n   \"linuxProfile\": {\n    \"adminUsername\": \"azureuser\",\n
        \   \"ssh\": {\n     \"publicKeys\": [\n      {\n       \"keyData\": \"ssh-rsa
        AAAAB3NzaC1yc2EAAAADAQABAAABAQCdSf3GlgnRl9XJiQavZ1p3M3+DN3eFnnpk9B1UH3JQZW/5sePzrG3ucDRcIDPTBItawvuyHqv1RK4AhAyT9TI4aG8l5amgnCzktgNhqibqJhQCdxkoIJdxcUwCgV+McodZ5IgVjKj9E4XXG68XAYCwo8cUPbyq25BkhWBK4Qmn7DT1SnB4eZdmA9tIO46FbKXvV1p8U9CixwSSKTmnTfq+DMRBX016k9UFWewREFR6+vu9bosp4MDEWgx3beSJoUty+LpOfCSzA9i5z0R5/LF3dvF0fiKWfCu+oztDmT39Zvdh0GPqfJTnPylHlkSJMXP6MItFrOKWZukhhFjCIZDz
        azcli_aks_live_test@example.com\\n\"\n      }\n     ]\n    }\n   },\n   \"servicePrincipalProfile\":
        {\n    \"clientId\":\"00000000-0000-0000-0000-000000000001\"\n   },\n   \"nodeResourceGroup\":
        \"MC_clitest000001_cliakstest000001_westus2\",\n   \"enableRBAC\": true,\n
        \  \"networkProfile\": {\n    \"networkPlugin\": \"kubenet\",\n    \"loadBalancerSku\":
        \"Standard\",\n    \"loadBalancerProfile\": {\n     \"managedOutboundIPs\":
        {\n      \"count\": 1\n     },\n     \"effectiveOutboundIPs\": [\n      {\n
        \      \"id\": \"/subscriptions/00000000-0000-0000-0000-000000000000/resourceGroups/MC_clitest000001_cliakstest000001_westus2/providers/Microsoft.Network/publicIPAddresses/def6bad5-9966-4275-ad61-892c2aec94ef\"\n
        \     }\n     ]\n    },\n    \"podCidr\": \"10.244.0.0/16\",\n    \"serviceCidr\":
        \"10.0.0.0/16\",\n    \"dnsServiceIP\": \"10.0.0.10\",\n    \"dockerBridgeCidr\":
        \"172.17.0.1/16\",\n    \"outboundType\": \"loadBalancer\"\n   },\n   \"maxAgentPools\":
        100\n  },\n  \"sku\": {\n   \"name\": \"Basic\",\n   \"tier\": \"Free\"\n
        \ }\n }"
    headers:
      azure-asyncoperation:
      - https://management.azure.com/subscriptions/00000000-0000-0000-0000-000000000000/providers/Microsoft.ContainerService/locations/westus2/operations/2636281f-83fc-44de-8402-16cf8e3fa327?api-version=2016-03-30
      cache-control:
      - no-cache
      content-length:
      - '2734'
      content-type:
      - application/json
      date:
      - Tue, 17 Aug 2021 05:13:33 GMT
      expires:
      - '-1'
      pragma:
      - no-cache
      server:
      - nginx
      strict-transport-security:
      - max-age=31536000; includeSubDomains
      transfer-encoding:
      - chunked
      vary:
      - Accept-Encoding
      x-content-type-options:
      - nosniff
      x-ms-ratelimit-remaining-subscription-writes:
      - '1193'
    status:
      code: 200
      message: OK
- request:
    body: null
    headers:
      Accept:
      - '*/*'
      Accept-Encoding:
      - gzip, deflate
      CommandName:
      - aks scale
      Connection:
      - keep-alive
      ParameterSetName:
      - -g -n --node-count
      User-Agent:
      - AZURECLI/2.27.0 azsdk-python-azure-mgmt-containerservice/16.1.0 Python/3.8.11
        (Linux-5.4.0-1055-azure-x86_64-with-glibc2.27)
    method: GET
    uri: https://management.azure.com/subscriptions/00000000-0000-0000-0000-000000000000/providers/Microsoft.ContainerService/locations/westus2/operations/2636281f-83fc-44de-8402-16cf8e3fa327?api-version=2016-03-30
  response:
    body:
      string: "{\n  \"name\": \"1f283626-fc83-de44-8402-16cf8e3fa327\",\n  \"status\":
        \"InProgress\",\n  \"startTime\": \"2021-08-17T05:13:33.9933333Z\"\n }"
    headers:
      cache-control:
      - no-cache
      content-length:
      - '126'
      content-type:
      - application/json
      date:
      - Tue, 17 Aug 2021 05:14:03 GMT
      expires:
      - '-1'
      pragma:
      - no-cache
      server:
      - nginx
      strict-transport-security:
      - max-age=31536000; includeSubDomains
      transfer-encoding:
      - chunked
      vary:
      - Accept-Encoding
      x-content-type-options:
      - nosniff
    status:
      code: 200
      message: OK
- request:
    body: null
    headers:
      Accept:
      - '*/*'
      Accept-Encoding:
      - gzip, deflate
      CommandName:
      - aks scale
      Connection:
      - keep-alive
      ParameterSetName:
      - -g -n --node-count
      User-Agent:
      - AZURECLI/2.27.0 azsdk-python-azure-mgmt-containerservice/16.1.0 Python/3.8.11
        (Linux-5.4.0-1055-azure-x86_64-with-glibc2.27)
    method: GET
    uri: https://management.azure.com/subscriptions/00000000-0000-0000-0000-000000000000/providers/Microsoft.ContainerService/locations/westus2/operations/2636281f-83fc-44de-8402-16cf8e3fa327?api-version=2016-03-30
  response:
    body:
      string: "{\n  \"name\": \"1f283626-fc83-de44-8402-16cf8e3fa327\",\n  \"status\":
        \"InProgress\",\n  \"startTime\": \"2021-08-17T05:13:33.9933333Z\"\n }"
    headers:
      cache-control:
      - no-cache
      content-length:
      - '126'
      content-type:
      - application/json
      date:
      - Tue, 17 Aug 2021 05:14:34 GMT
      expires:
      - '-1'
      pragma:
      - no-cache
      server:
      - nginx
      strict-transport-security:
      - max-age=31536000; includeSubDomains
      transfer-encoding:
      - chunked
      vary:
      - Accept-Encoding
      x-content-type-options:
      - nosniff
    status:
      code: 200
      message: OK
- request:
    body: null
    headers:
      Accept:
      - '*/*'
      Accept-Encoding:
      - gzip, deflate
      CommandName:
      - aks scale
      Connection:
      - keep-alive
      ParameterSetName:
      - -g -n --node-count
      User-Agent:
      - AZURECLI/2.27.0 azsdk-python-azure-mgmt-containerservice/16.1.0 Python/3.8.11
        (Linux-5.4.0-1055-azure-x86_64-with-glibc2.27)
    method: GET
    uri: https://management.azure.com/subscriptions/00000000-0000-0000-0000-000000000000/providers/Microsoft.ContainerService/locations/westus2/operations/2636281f-83fc-44de-8402-16cf8e3fa327?api-version=2016-03-30
  response:
    body:
      string: "{\n  \"name\": \"1f283626-fc83-de44-8402-16cf8e3fa327\",\n  \"status\":
        \"InProgress\",\n  \"startTime\": \"2021-08-17T05:13:33.9933333Z\"\n }"
    headers:
      cache-control:
      - no-cache
      content-length:
      - '126'
      content-type:
      - application/json
      date:
      - Tue, 17 Aug 2021 05:15:04 GMT
      expires:
      - '-1'
      pragma:
      - no-cache
      server:
      - nginx
      strict-transport-security:
      - max-age=31536000; includeSubDomains
      transfer-encoding:
      - chunked
      vary:
      - Accept-Encoding
      x-content-type-options:
      - nosniff
    status:
      code: 200
      message: OK
- request:
    body: null
    headers:
      Accept:
      - '*/*'
      Accept-Encoding:
      - gzip, deflate
      CommandName:
      - aks scale
      Connection:
      - keep-alive
      ParameterSetName:
      - -g -n --node-count
      User-Agent:
      - AZURECLI/2.27.0 azsdk-python-azure-mgmt-containerservice/16.1.0 Python/3.8.11
        (Linux-5.4.0-1055-azure-x86_64-with-glibc2.27)
    method: GET
    uri: https://management.azure.com/subscriptions/00000000-0000-0000-0000-000000000000/providers/Microsoft.ContainerService/locations/westus2/operations/2636281f-83fc-44de-8402-16cf8e3fa327?api-version=2016-03-30
  response:
    body:
      string: "{\n  \"name\": \"1f283626-fc83-de44-8402-16cf8e3fa327\",\n  \"status\":
        \"Succeeded\",\n  \"startTime\": \"2021-08-17T05:13:33.9933333Z\",\n  \"endTime\":
        \"2021-08-17T05:15:30.8203079Z\"\n }"
    headers:
      cache-control:
      - no-cache
      content-length:
      - '170'
      content-type:
      - application/json
      date:
      - Tue, 17 Aug 2021 05:15:34 GMT
      expires:
      - '-1'
      pragma:
      - no-cache
      server:
      - nginx
      strict-transport-security:
      - max-age=31536000; includeSubDomains
      transfer-encoding:
      - chunked
      vary:
      - Accept-Encoding
      x-content-type-options:
      - nosniff
    status:
      code: 200
      message: OK
- request:
    body: null
    headers:
      Accept:
      - '*/*'
      Accept-Encoding:
      - gzip, deflate
      CommandName:
      - aks scale
      Connection:
      - keep-alive
      ParameterSetName:
      - -g -n --node-count
      User-Agent:
      - AZURECLI/2.27.0 azsdk-python-azure-mgmt-containerservice/16.1.0 Python/3.8.11
        (Linux-5.4.0-1055-azure-x86_64-with-glibc2.27)
    method: GET
    uri: https://management.azure.com/subscriptions/00000000-0000-0000-0000-000000000000/resourceGroups/clitest000001/providers/Microsoft.ContainerService/managedClusters/cliakstest000001?api-version=2021-07-01
  response:
    body:
      string: "{\n  \"id\": \"/subscriptions/00000000-0000-0000-0000-000000000000/resourcegroups/clitest000001/providers/Microsoft.ContainerService/managedClusters/cliakstest000001\",\n
        \ \"location\": \"westus2\",\n  \"name\": \"cliakstest000001\",\n  \"type\":
        \"Microsoft.ContainerService/ManagedClusters\",\n  \"properties\": {\n   \"provisioningState\":
        \"Succeeded\",\n   \"powerState\": {\n    \"code\": \"Running\"\n   },\n   \"kubernetesVersion\":
        \"1.20.7\",\n   \"dnsPrefix\": \"cliaksdns000002\",\n   \"fqdn\": \"cliaksdns000002-0c9183b4.hcp.westus2.azmk8s.io\",\n
        \  \"azurePortalFQDN\": \"cliaksdns000002-0c9183b4.portal.hcp.westus2.azmk8s.io\",\n
        \  \"agentPoolProfiles\": [\n    {\n     \"name\": \"nodepool1\",\n     \"count\":
        3,\n     \"vmSize\": \"Standard_DS2_v2\",\n     \"osDiskSizeGB\": 128,\n     \"osDiskType\":
        \"Managed\",\n     \"kubeletDiskType\": \"OS\",\n     \"maxPods\": 110,\n
        \    \"type\": \"VirtualMachineScaleSets\",\n     \"provisioningState\": \"Succeeded\",\n
        \    \"powerState\": {\n      \"code\": \"Running\"\n     },\n     \"orchestratorVersion\":
        \"1.20.7\",\n     \"enableNodePublicIP\": false,\n     \"nodeLabels\": {},\n
        \    \"mode\": \"System\",\n     \"enableEncryptionAtHost\": false,\n     \"enableUltraSSD\":
        false,\n     \"osType\": \"Linux\",\n     \"osSKU\": \"Ubuntu\",\n     \"nodeImageVersion\":
        \"AKSUbuntu-1804gen2containerd-2021.07.25\",\n     \"enableFIPS\": false\n
        \   }\n   ],\n   \"linuxProfile\": {\n    \"adminUsername\": \"azureuser\",\n
        \   \"ssh\": {\n     \"publicKeys\": [\n      {\n       \"keyData\": \"ssh-rsa
        AAAAB3NzaC1yc2EAAAADAQABAAABAQCdSf3GlgnRl9XJiQavZ1p3M3+DN3eFnnpk9B1UH3JQZW/5sePzrG3ucDRcIDPTBItawvuyHqv1RK4AhAyT9TI4aG8l5amgnCzktgNhqibqJhQCdxkoIJdxcUwCgV+McodZ5IgVjKj9E4XXG68XAYCwo8cUPbyq25BkhWBK4Qmn7DT1SnB4eZdmA9tIO46FbKXvV1p8U9CixwSSKTmnTfq+DMRBX016k9UFWewREFR6+vu9bosp4MDEWgx3beSJoUty+LpOfCSzA9i5z0R5/LF3dvF0fiKWfCu+oztDmT39Zvdh0GPqfJTnPylHlkSJMXP6MItFrOKWZukhhFjCIZDz
        azcli_aks_live_test@example.com\\n\"\n      }\n     ]\n    }\n   },\n   \"servicePrincipalProfile\":
        {\n    \"clientId\":\"00000000-0000-0000-0000-000000000001\"\n   },\n   \"nodeResourceGroup\":
        \"MC_clitest000001_cliakstest000001_westus2\",\n   \"enableRBAC\": true,\n
        \  \"networkProfile\": {\n    \"networkPlugin\": \"kubenet\",\n    \"loadBalancerSku\":
        \"Standard\",\n    \"loadBalancerProfile\": {\n     \"managedOutboundIPs\":
        {\n      \"count\": 1\n     },\n     \"effectiveOutboundIPs\": [\n      {\n
        \      \"id\": \"/subscriptions/00000000-0000-0000-0000-000000000000/resourceGroups/MC_clitest000001_cliakstest000001_westus2/providers/Microsoft.Network/publicIPAddresses/def6bad5-9966-4275-ad61-892c2aec94ef\"\n
        \     }\n     ]\n    },\n    \"podCidr\": \"10.244.0.0/16\",\n    \"serviceCidr\":
        \"10.0.0.0/16\",\n    \"dnsServiceIP\": \"10.0.0.10\",\n    \"dockerBridgeCidr\":
        \"172.17.0.1/16\",\n    \"outboundType\": \"loadBalancer\"\n   },\n   \"maxAgentPools\":
        100\n  },\n  \"sku\": {\n   \"name\": \"Basic\",\n   \"tier\": \"Free\"\n
        \ }\n }"
    headers:
      cache-control:
      - no-cache
      content-length:
      - '2738'
      content-type:
      - application/json
      date:
      - Tue, 17 Aug 2021 05:15:34 GMT
      expires:
      - '-1'
      pragma:
      - no-cache
      server:
      - nginx
      strict-transport-security:
      - max-age=31536000; includeSubDomains
      transfer-encoding:
      - chunked
      vary:
      - Accept-Encoding
      x-content-type-options:
      - nosniff
    status:
      code: 200
      message: OK
- request:
    body: null
    headers:
      Accept:
      - application/json
      Accept-Encoding:
      - gzip, deflate
      CommandName:
      - aks show
      Connection:
      - keep-alive
      ParameterSetName:
      - -g -n
      User-Agent:
      - AZURECLI/2.27.0 azsdk-python-azure-mgmt-containerservice/16.1.0 Python/3.8.11
        (Linux-5.4.0-1055-azure-x86_64-with-glibc2.27)
    method: GET
    uri: https://management.azure.com/subscriptions/00000000-0000-0000-0000-000000000000/resourceGroups/clitest000001/providers/Microsoft.ContainerService/managedClusters/cliakstest000001?api-version=2021-07-01
  response:
    body:
      string: "{\n  \"id\": \"/subscriptions/00000000-0000-0000-0000-000000000000/resourcegroups/clitest000001/providers/Microsoft.ContainerService/managedClusters/cliakstest000001\",\n
        \ \"location\": \"westus2\",\n  \"name\": \"cliakstest000001\",\n  \"type\":
        \"Microsoft.ContainerService/ManagedClusters\",\n  \"properties\": {\n   \"provisioningState\":
        \"Succeeded\",\n   \"powerState\": {\n    \"code\": \"Running\"\n   },\n   \"kubernetesVersion\":
        \"1.20.7\",\n   \"dnsPrefix\": \"cliaksdns000002\",\n   \"fqdn\": \"cliaksdns000002-0c9183b4.hcp.westus2.azmk8s.io\",\n
        \  \"azurePortalFQDN\": \"cliaksdns000002-0c9183b4.portal.hcp.westus2.azmk8s.io\",\n
        \  \"agentPoolProfiles\": [\n    {\n     \"name\": \"nodepool1\",\n     \"count\":
        3,\n     \"vmSize\": \"Standard_DS2_v2\",\n     \"osDiskSizeGB\": 128,\n     \"osDiskType\":
        \"Managed\",\n     \"kubeletDiskType\": \"OS\",\n     \"maxPods\": 110,\n
        \    \"type\": \"VirtualMachineScaleSets\",\n     \"provisioningState\": \"Succeeded\",\n
        \    \"powerState\": {\n      \"code\": \"Running\"\n     },\n     \"orchestratorVersion\":
        \"1.20.7\",\n     \"enableNodePublicIP\": false,\n     \"nodeLabels\": {},\n
        \    \"mode\": \"System\",\n     \"enableEncryptionAtHost\": false,\n     \"enableUltraSSD\":
        false,\n     \"osType\": \"Linux\",\n     \"osSKU\": \"Ubuntu\",\n     \"nodeImageVersion\":
        \"AKSUbuntu-1804gen2containerd-2021.07.25\",\n     \"enableFIPS\": false\n
        \   }\n   ],\n   \"linuxProfile\": {\n    \"adminUsername\": \"azureuser\",\n
        \   \"ssh\": {\n     \"publicKeys\": [\n      {\n       \"keyData\": \"ssh-rsa
        AAAAB3NzaC1yc2EAAAADAQABAAABAQCdSf3GlgnRl9XJiQavZ1p3M3+DN3eFnnpk9B1UH3JQZW/5sePzrG3ucDRcIDPTBItawvuyHqv1RK4AhAyT9TI4aG8l5amgnCzktgNhqibqJhQCdxkoIJdxcUwCgV+McodZ5IgVjKj9E4XXG68XAYCwo8cUPbyq25BkhWBK4Qmn7DT1SnB4eZdmA9tIO46FbKXvV1p8U9CixwSSKTmnTfq+DMRBX016k9UFWewREFR6+vu9bosp4MDEWgx3beSJoUty+LpOfCSzA9i5z0R5/LF3dvF0fiKWfCu+oztDmT39Zvdh0GPqfJTnPylHlkSJMXP6MItFrOKWZukhhFjCIZDz
        azcli_aks_live_test@example.com\\n\"\n      }\n     ]\n    }\n   },\n   \"servicePrincipalProfile\":
        {\n    \"clientId\":\"00000000-0000-0000-0000-000000000001\"\n   },\n   \"nodeResourceGroup\":
        \"MC_clitest000001_cliakstest000001_westus2\",\n   \"enableRBAC\": true,\n
        \  \"networkProfile\": {\n    \"networkPlugin\": \"kubenet\",\n    \"loadBalancerSku\":
        \"Standard\",\n    \"loadBalancerProfile\": {\n     \"managedOutboundIPs\":
        {\n      \"count\": 1\n     },\n     \"effectiveOutboundIPs\": [\n      {\n
        \      \"id\": \"/subscriptions/00000000-0000-0000-0000-000000000000/resourceGroups/MC_clitest000001_cliakstest000001_westus2/providers/Microsoft.Network/publicIPAddresses/def6bad5-9966-4275-ad61-892c2aec94ef\"\n
        \     }\n     ]\n    },\n    \"podCidr\": \"10.244.0.0/16\",\n    \"serviceCidr\":
        \"10.0.0.0/16\",\n    \"dnsServiceIP\": \"10.0.0.10\",\n    \"dockerBridgeCidr\":
        \"172.17.0.1/16\",\n    \"outboundType\": \"loadBalancer\"\n   },\n   \"maxAgentPools\":
        100\n  },\n  \"sku\": {\n   \"name\": \"Basic\",\n   \"tier\": \"Free\"\n
        \ }\n }"
    headers:
      cache-control:
      - no-cache
      content-length:
      - '2738'
      content-type:
      - application/json
      date:
      - Tue, 17 Aug 2021 05:15:36 GMT
      expires:
      - '-1'
      pragma:
      - no-cache
      server:
      - nginx
      strict-transport-security:
      - max-age=31536000; includeSubDomains
      transfer-encoding:
      - chunked
      vary:
      - Accept-Encoding
      x-content-type-options:
      - nosniff
    status:
      code: 200
      message: OK
- request:
    body: null
    headers:
      Accept:
      - application/json
      Accept-Encoding:
      - gzip, deflate
      CommandName:
      - aks delete
      Connection:
      - keep-alive
      Content-Length:
      - '0'
      ParameterSetName:
      - -g -n --yes --no-wait
      User-Agent:
      - AZURECLI/2.27.0 azsdk-python-azure-mgmt-containerservice/16.1.0 Python/3.8.11
        (Linux-5.4.0-1055-azure-x86_64-with-glibc2.27)
    method: DELETE
    uri: https://management.azure.com/subscriptions/00000000-0000-0000-0000-000000000000/resourceGroups/clitest000001/providers/Microsoft.ContainerService/managedClusters/cliakstest000001?api-version=2021-07-01
  response:
    body:
      string: ''
    headers:
      azure-asyncoperation:
      - https://management.azure.com/subscriptions/00000000-0000-0000-0000-000000000000/providers/Microsoft.ContainerService/locations/westus2/operations/d2a977be-9b76-4f89-8767-d1493d4280ca?api-version=2016-03-30
      cache-control:
      - no-cache
      content-length:
      - '0'
      date:
      - Tue, 17 Aug 2021 05:15:37 GMT
      expires:
      - '-1'
      location:
      - https://management.azure.com/subscriptions/00000000-0000-0000-0000-000000000000/providers/Microsoft.ContainerService/locations/westus2/operationresults/d2a977be-9b76-4f89-8767-d1493d4280ca?api-version=2016-03-30
      pragma:
      - no-cache
      server:
      - nginx
      strict-transport-security:
      - max-age=31536000; includeSubDomains
      x-content-type-options:
      - nosniff
      x-ms-ratelimit-remaining-subscription-deletes:
      - '14998'
    status:
      code: 202
      message: Accepted
version: 1
