interactions:
- request:
    body: '{"location": "westus2", "sku": {"name": "Standard"}, "properties": {"publicIPAllocationMethod":
      "Static", "publicIPAddressVersion": "IPv4", "idleTimeoutInMinutes": 4}}'
    headers:
      Accept:
      - application/json
      Accept-Encoding:
      - gzip, deflate
      CommandName:
      - network public-ip create
      Connection:
      - keep-alive
      Content-Length:
      - '167'
      Content-Type:
      - application/json
      ParameterSetName:
      - -g -n --location --sku
      User-Agent:
      - AZURECLI/2.32.0 azsdk-python-azure-mgmt-network/19.3.0 Python/3.8.10 (Linux-5.11.0-1027-azure-x86_64-with-glibc2.29)
    method: PUT
    uri: https://management.azure.com/subscriptions/00000000-0000-0000-0000-000000000000/resourceGroups/clitest000001/providers/Microsoft.Network/publicIPAddresses/cliaksslbip1000002?api-version=2021-05-01
  response:
    body:
      string: "{\r\n  \"name\": \"cliaksslbip1000002\",\r\n  \"id\": \"/subscriptions/00000000-0000-0000-0000-000000000000/resourceGroups/clitest000001/providers/Microsoft.Network/publicIPAddresses/cliaksslbip1000002\",\r\n
        \ \"etag\": \"W/\\\"ad09ee96-5b2c-4350-bd94-8c128c3eb634\\\"\",\r\n  \"location\":
        \"westus2\",\r\n  \"properties\": {\r\n    \"provisioningState\": \"Updating\",\r\n
        \   \"resourceGuid\": \"2e58a03b-0ce6-46b1-ba08-3987aa238a33\",\r\n    \"publicIPAddressVersion\":
        \"IPv4\",\r\n    \"publicIPAllocationMethod\": \"Static\",\r\n    \"idleTimeoutInMinutes\":
        4,\r\n    \"ipTags\": []\r\n  },\r\n  \"type\": \"Microsoft.Network/publicIPAddresses\",\r\n
        \ \"sku\": {\r\n    \"name\": \"Standard\",\r\n    \"tier\": \"Regional\"\r\n
        \ }\r\n}"
    headers:
      azure-asyncnotification:
      - Enabled
      azure-asyncoperation:
      - https://management.azure.com/subscriptions/00000000-0000-0000-0000-000000000000/providers/Microsoft.Network/locations/westus2/operations/c97e607b-cef4-4a4b-a53a-51b9a12f6571?api-version=2021-05-01
      cache-control:
      - no-cache
      content-length:
      - '650'
      content-type:
      - application/json; charset=utf-8
      date:
      - Tue, 25 Jan 2022 04:00:13 GMT
      expires:
      - '-1'
      pragma:
      - no-cache
      server:
      - Microsoft-HTTPAPI/2.0
      - Microsoft-HTTPAPI/2.0
      strict-transport-security:
      - max-age=31536000; includeSubDomains
      x-content-type-options:
      - nosniff
      x-ms-arm-service-request-id:
      - 20228f4a-3134-40d7-8a7a-1b0c6fab5bf9
      x-ms-ratelimit-remaining-subscription-writes:
      - '1196'
    status:
      code: 201
      message: Created
- request:
    body: null
    headers:
      Accept:
      - '*/*'
      Accept-Encoding:
      - gzip, deflate
      CommandName:
      - network public-ip create
      Connection:
      - keep-alive
      ParameterSetName:
      - -g -n --location --sku
      User-Agent:
      - AZURECLI/2.32.0 azsdk-python-azure-mgmt-network/19.3.0 Python/3.8.10 (Linux-5.11.0-1027-azure-x86_64-with-glibc2.29)
    method: GET
    uri: https://management.azure.com/subscriptions/00000000-0000-0000-0000-000000000000/providers/Microsoft.Network/locations/westus2/operations/c97e607b-cef4-4a4b-a53a-51b9a12f6571?api-version=2021-05-01
  response:
    body:
      string: "{\r\n  \"status\": \"Succeeded\"\r\n}"
    headers:
      cache-control:
      - no-cache
      content-length:
      - '29'
      content-type:
      - application/json; charset=utf-8
      date:
      - Tue, 25 Jan 2022 04:00:14 GMT
      expires:
      - '-1'
      pragma:
      - no-cache
      server:
      - Microsoft-HTTPAPI/2.0
      - Microsoft-HTTPAPI/2.0
      strict-transport-security:
      - max-age=31536000; includeSubDomains
      transfer-encoding:
      - chunked
      vary:
      - Accept-Encoding
      x-content-type-options:
      - nosniff
      x-ms-arm-service-request-id:
      - 2469e6c6-61ec-46d7-8b8a-0012cd9b65f7
    status:
      code: 200
      message: OK
- request:
    body: null
    headers:
      Accept:
      - '*/*'
      Accept-Encoding:
      - gzip, deflate
      CommandName:
      - network public-ip create
      Connection:
      - keep-alive
      ParameterSetName:
      - -g -n --location --sku
      User-Agent:
      - AZURECLI/2.32.0 azsdk-python-azure-mgmt-network/19.3.0 Python/3.8.10 (Linux-5.11.0-1027-azure-x86_64-with-glibc2.29)
    method: GET
    uri: https://management.azure.com/subscriptions/00000000-0000-0000-0000-000000000000/resourceGroups/clitest000001/providers/Microsoft.Network/publicIPAddresses/cliaksslbip1000002?api-version=2021-05-01
  response:
    body:
      string: "{\r\n  \"name\": \"cliaksslbip1000002\",\r\n  \"id\": \"/subscriptions/00000000-0000-0000-0000-000000000000/resourceGroups/clitest000001/providers/Microsoft.Network/publicIPAddresses/cliaksslbip1000002\",\r\n
        \ \"etag\": \"W/\\\"8afba6ea-0c5d-4b60-b6fc-9800188de1a9\\\"\",\r\n  \"location\":
        \"westus2\",\r\n  \"properties\": {\r\n    \"provisioningState\": \"Succeeded\",\r\n
        \   \"resourceGuid\": \"2e58a03b-0ce6-46b1-ba08-3987aa238a33\",\r\n    \"ipAddress\":
        \"52.250.11.124\",\r\n    \"publicIPAddressVersion\": \"IPv4\",\r\n    \"publicIPAllocationMethod\":
        \"Static\",\r\n    \"idleTimeoutInMinutes\": 4,\r\n    \"ipTags\": []\r\n
        \ },\r\n  \"type\": \"Microsoft.Network/publicIPAddresses\",\r\n  \"sku\":
        {\r\n    \"name\": \"Standard\",\r\n    \"tier\": \"Regional\"\r\n  }\r\n}"
    headers:
      cache-control:
      - no-cache
      content-length:
      - '686'
      content-type:
      - application/json; charset=utf-8
      date:
      - Tue, 25 Jan 2022 04:00:14 GMT
      etag:
      - W/"8afba6ea-0c5d-4b60-b6fc-9800188de1a9"
      expires:
      - '-1'
      pragma:
      - no-cache
      server:
      - Microsoft-HTTPAPI/2.0
      - Microsoft-HTTPAPI/2.0
      strict-transport-security:
      - max-age=31536000; includeSubDomains
      transfer-encoding:
      - chunked
      vary:
      - Accept-Encoding
      x-content-type-options:
      - nosniff
      x-ms-arm-service-request-id:
      - b9491f44-a24e-4024-8b4d-4b4155dd9ca7
    status:
      code: 200
      message: OK
- request:
    body: '{"location": "westus2", "sku": {"name": "Standard"}, "properties": {"publicIPAllocationMethod":
      "Static", "publicIPAddressVersion": "IPv4", "idleTimeoutInMinutes": 4}}'
    headers:
      Accept:
      - application/json
      Accept-Encoding:
      - gzip, deflate
      CommandName:
      - network public-ip create
      Connection:
      - keep-alive
      Content-Length:
      - '167'
      Content-Type:
      - application/json
      ParameterSetName:
      - -g -n --location --sku
      User-Agent:
      - AZURECLI/2.32.0 azsdk-python-azure-mgmt-network/19.3.0 Python/3.8.10 (Linux-5.11.0-1027-azure-x86_64-with-glibc2.29)
    method: PUT
    uri: https://management.azure.com/subscriptions/00000000-0000-0000-0000-000000000000/resourceGroups/clitest000001/providers/Microsoft.Network/publicIPAddresses/cliaksslbip2000003?api-version=2021-05-01
  response:
    body:
      string: "{\r\n  \"name\": \"cliaksslbip2000003\",\r\n  \"id\": \"/subscriptions/00000000-0000-0000-0000-000000000000/resourceGroups/clitest000001/providers/Microsoft.Network/publicIPAddresses/cliaksslbip2000003\",\r\n
        \ \"etag\": \"W/\\\"5796ffba-8016-49a4-ac53-84b46d41ff15\\\"\",\r\n  \"location\":
        \"westus2\",\r\n  \"properties\": {\r\n    \"provisioningState\": \"Updating\",\r\n
        \   \"resourceGuid\": \"57cd1b6e-758e-4747-8250-81d09a3994cd\",\r\n    \"publicIPAddressVersion\":
        \"IPv4\",\r\n    \"publicIPAllocationMethod\": \"Static\",\r\n    \"idleTimeoutInMinutes\":
        4,\r\n    \"ipTags\": []\r\n  },\r\n  \"type\": \"Microsoft.Network/publicIPAddresses\",\r\n
        \ \"sku\": {\r\n    \"name\": \"Standard\",\r\n    \"tier\": \"Regional\"\r\n
        \ }\r\n}"
    headers:
      azure-asyncnotification:
      - Enabled
      azure-asyncoperation:
      - https://management.azure.com/subscriptions/00000000-0000-0000-0000-000000000000/providers/Microsoft.Network/locations/westus2/operations/4dd207de-8d8a-4e2c-97ca-fda199c7c36a?api-version=2021-05-01
      cache-control:
      - no-cache
      content-length:
      - '650'
      content-type:
      - application/json; charset=utf-8
      date:
      - Tue, 25 Jan 2022 04:00:14 GMT
      expires:
      - '-1'
      pragma:
      - no-cache
      server:
      - Microsoft-HTTPAPI/2.0
      - Microsoft-HTTPAPI/2.0
      strict-transport-security:
      - max-age=31536000; includeSubDomains
      x-content-type-options:
      - nosniff
      x-ms-arm-service-request-id:
      - ac583f5d-bbad-4df9-81b5-c4a4fd05863b
      x-ms-ratelimit-remaining-subscription-writes:
      - '1197'
    status:
      code: 201
      message: Created
- request:
    body: null
    headers:
      Accept:
      - '*/*'
      Accept-Encoding:
      - gzip, deflate
      CommandName:
      - network public-ip create
      Connection:
      - keep-alive
      ParameterSetName:
      - -g -n --location --sku
      User-Agent:
      - AZURECLI/2.32.0 azsdk-python-azure-mgmt-network/19.3.0 Python/3.8.10 (Linux-5.11.0-1027-azure-x86_64-with-glibc2.29)
    method: GET
    uri: https://management.azure.com/subscriptions/00000000-0000-0000-0000-000000000000/providers/Microsoft.Network/locations/westus2/operations/4dd207de-8d8a-4e2c-97ca-fda199c7c36a?api-version=2021-05-01
  response:
    body:
      string: "{\r\n  \"status\": \"Succeeded\"\r\n}"
    headers:
      cache-control:
      - no-cache
      content-length:
      - '29'
      content-type:
      - application/json; charset=utf-8
      date:
      - Tue, 25 Jan 2022 04:00:15 GMT
      expires:
      - '-1'
      pragma:
      - no-cache
      server:
      - Microsoft-HTTPAPI/2.0
      - Microsoft-HTTPAPI/2.0
      strict-transport-security:
      - max-age=31536000; includeSubDomains
      transfer-encoding:
      - chunked
      vary:
      - Accept-Encoding
      x-content-type-options:
      - nosniff
      x-ms-arm-service-request-id:
      - 7921f60d-10e8-480f-9b9e-d9812dbbbf5b
    status:
      code: 200
      message: OK
- request:
    body: null
    headers:
      Accept:
      - '*/*'
      Accept-Encoding:
      - gzip, deflate
      CommandName:
      - network public-ip create
      Connection:
      - keep-alive
      ParameterSetName:
      - -g -n --location --sku
      User-Agent:
      - AZURECLI/2.32.0 azsdk-python-azure-mgmt-network/19.3.0 Python/3.8.10 (Linux-5.11.0-1027-azure-x86_64-with-glibc2.29)
    method: GET
    uri: https://management.azure.com/subscriptions/00000000-0000-0000-0000-000000000000/resourceGroups/clitest000001/providers/Microsoft.Network/publicIPAddresses/cliaksslbip2000003?api-version=2021-05-01
  response:
    body:
      string: "{\r\n  \"name\": \"cliaksslbip2000003\",\r\n  \"id\": \"/subscriptions/00000000-0000-0000-0000-000000000000/resourceGroups/clitest000001/providers/Microsoft.Network/publicIPAddresses/cliaksslbip2000003\",\r\n
        \ \"etag\": \"W/\\\"76a54ebb-32bf-4a6b-a9e0-02dffa84a688\\\"\",\r\n  \"location\":
        \"westus2\",\r\n  \"properties\": {\r\n    \"provisioningState\": \"Succeeded\",\r\n
        \   \"resourceGuid\": \"57cd1b6e-758e-4747-8250-81d09a3994cd\",\r\n    \"ipAddress\":
        \"20.112.7.208\",\r\n    \"publicIPAddressVersion\": \"IPv4\",\r\n    \"publicIPAllocationMethod\":
        \"Static\",\r\n    \"idleTimeoutInMinutes\": 4,\r\n    \"ipTags\": []\r\n
        \ },\r\n  \"type\": \"Microsoft.Network/publicIPAddresses\",\r\n  \"sku\":
        {\r\n    \"name\": \"Standard\",\r\n    \"tier\": \"Regional\"\r\n  }\r\n}"
    headers:
      cache-control:
      - no-cache
      content-length:
      - '685'
      content-type:
      - application/json; charset=utf-8
      date:
      - Tue, 25 Jan 2022 04:00:15 GMT
      etag:
      - W/"76a54ebb-32bf-4a6b-a9e0-02dffa84a688"
      expires:
      - '-1'
      pragma:
      - no-cache
      server:
      - Microsoft-HTTPAPI/2.0
      - Microsoft-HTTPAPI/2.0
      strict-transport-security:
      - max-age=31536000; includeSubDomains
      transfer-encoding:
      - chunked
      vary:
      - Accept-Encoding
      x-content-type-options:
      - nosniff
      x-ms-arm-service-request-id:
      - 6d1679a3-f33c-4c9f-9c51-a788d9fa7644
    status:
      code: 200
      message: OK
- request:
    body: '{"location": "westus2", "identity": {"type": "SystemAssigned"}, "properties":
      {"kubernetesVersion": "", "dnsPrefix": "cliaksdns000004", "agentPoolProfiles":
      [{"count": 1, "vmSize": "Standard_DS2_v2", "osType": "Linux", "enableAutoScaling":
      false, "type": "VirtualMachineScaleSets", "mode": "System", "enableNodePublicIP":
      false, "scaleSetPriority": "Regular", "scaleSetEvictionPolicy": "Delete", "spotMaxPrice":
      -1.0, "enableEncryptionAtHost": false, "enableUltraSSD": false, "enableFIPS":
      false, "name": "nodepool1"}], "linuxProfile": {"adminUsername": "azureuser",
      "ssh": {"publicKeys": [{"keyData": "ssh-rsa AAAAB3NzaC1yc2EAAAADAQABAAABAQDJZKKi/Smi4GoBIAJ6trVE0X9tR6eaDItEwb/EuPrtXyJMl9TVWH5TfAjUV29pwFh1w29P0ttywlD21je8juMc+7yfal3aPfTSoLIA7wKbZAfSDovuSVBnuaoK+HeKAb2EfpQae/Dd4Pmj38pyQlPFCG8bxM3hJ5Y5BiwDYMnjC6pYyY1ceBYQ3FnITumUFd3FXxB5ozj/ooNvOmKDRcPr3xDRf5gE2Xc/Pr3lsk7/N2NNfFFsICY3a9KnMD4H1wgYOCX8XuIGK5ANwGUQu2wEODapsnivns8BhvXtePnzUEpzOtk2LF11gHZWrykBzm4lvphQghWugtbTqyY5SBur
      azcli_aks_live_test@example.com\n"}]}}, "addonProfiles": {}, "enableRBAC": true,
      "networkProfile": {"networkPlugin": "kubenet", "podCidr": "10.244.0.0/16", "serviceCidr":
      "10.0.0.0/16", "dnsServiceIP": "10.0.0.10", "dockerBridgeCidr": "172.17.0.1/16",
      "outboundType": "loadBalancer", "loadBalancerSku": "standard", "loadBalancerProfile":
      {"outboundIPs": {"publicIPs": [{"id": "/subscriptions/00000000-0000-0000-0000-000000000000/resourceGroups/clitest000001/providers/Microsoft.Network/publicIPAddresses/cliaksslbip1000002"}]},
      "allocatedOutboundPorts": 0, "idleTimeoutInMinutes": 30}}, "disableLocalAccounts":
      false}}'
    headers:
      Accept:
      - application/json
      Accept-Encoding:
      - gzip, deflate
      CommandName:
      - aks create
      Connection:
      - keep-alive
      Content-Length:
      - '1602'
      Content-Type:
      - application/json
      ParameterSetName:
      - --resource-group --name --location --dns-name-prefix --node-count --ssh-key-value
        --load-balancer-sku --vm-set-type --load-balancer-outbound-ips
      User-Agent:
      - AZURECLI/2.32.0 azsdk-python-azure-mgmt-containerservice/16.4.0 Python/3.8.10
        (Linux-5.11.0-1027-azure-x86_64-with-glibc2.29)
    method: PUT
    uri: https://management.azure.com/subscriptions/00000000-0000-0000-0000-000000000000/resourceGroups/clitest000001/providers/Microsoft.ContainerService/managedClusters/cliakstest000001?api-version=2021-10-01
  response:
    body:
      string: "{\n  \"id\": \"/subscriptions/00000000-0000-0000-0000-000000000000/resourcegroups/clitest000001/providers/Microsoft.ContainerService/managedClusters/cliakstest000001\",\n
        \ \"location\": \"westus2\",\n  \"name\": \"cliakstest000001\",\n  \"type\":
        \"Microsoft.ContainerService/ManagedClusters\",\n  \"properties\": {\n   \"provisioningState\":
        \"Creating\",\n   \"powerState\": {\n    \"code\": \"Running\"\n   },\n   \"kubernetesVersion\":
        \"1.21.7\",\n   \"dnsPrefix\": \"cliaksdns000004\",\n   \"fqdn\": \"cliaksdns000004-bfc49095.hcp.westus2.azmk8s.io\",\n
        \  \"azurePortalFQDN\": \"cliaksdns000004-bfc49095.portal.hcp.westus2.azmk8s.io\",\n
        \  \"agentPoolProfiles\": [\n    {\n     \"name\": \"nodepool1\",\n     \"count\":
        1,\n     \"vmSize\": \"Standard_DS2_v2\",\n     \"osDiskSizeGB\": 128,\n     \"osDiskType\":
        \"Managed\",\n     \"kubeletDiskType\": \"OS\",\n     \"maxPods\": 110,\n
        \    \"type\": \"VirtualMachineScaleSets\",\n     \"enableAutoScaling\": false,\n
        \    \"provisioningState\": \"Creating\",\n     \"powerState\": {\n      \"code\":
        \"Running\"\n     },\n     \"orchestratorVersion\": \"1.21.7\",\n     \"enableNodePublicIP\":
        false,\n     \"mode\": \"System\",\n     \"enableEncryptionAtHost\": false,\n
        \    \"enableUltraSSD\": false,\n     \"osType\": \"Linux\",\n     \"osSKU\":
        \"Ubuntu\",\n     \"nodeImageVersion\": \"AKSUbuntu-1804gen2containerd-2022.01.07\",\n
        \    \"enableFIPS\": false\n    }\n   ],\n   \"linuxProfile\": {\n    \"adminUsername\":
        \"azureuser\",\n    \"ssh\": {\n     \"publicKeys\": [\n      {\n       \"keyData\":
        \"ssh-rsa AAAAB3NzaC1yc2EAAAADAQABAAABAQDJZKKi/Smi4GoBIAJ6trVE0X9tR6eaDItEwb/EuPrtXyJMl9TVWH5TfAjUV29pwFh1w29P0ttywlD21je8juMc+7yfal3aPfTSoLIA7wKbZAfSDovuSVBnuaoK+HeKAb2EfpQae/Dd4Pmj38pyQlPFCG8bxM3hJ5Y5BiwDYMnjC6pYyY1ceBYQ3FnITumUFd3FXxB5ozj/ooNvOmKDRcPr3xDRf5gE2Xc/Pr3lsk7/N2NNfFFsICY3a9KnMD4H1wgYOCX8XuIGK5ANwGUQu2wEODapsnivns8BhvXtePnzUEpzOtk2LF11gHZWrykBzm4lvphQghWugtbTqyY5SBur
        azcli_aks_live_test@example.com\\n\"\n      }\n     ]\n    }\n   },\n   \"servicePrincipalProfile\":
        {\n    \"clientId\":\"00000000-0000-0000-0000-000000000001\"\n   },\n   \"nodeResourceGroup\":
        \"MC_clitest000001_cliakstest000001_westus2\",\n   \"enableRBAC\": true,\n
        \  \"networkProfile\": {\n    \"networkPlugin\": \"kubenet\",\n    \"loadBalancerSku\":
        \"standard\",\n    \"loadBalancerProfile\": {\n     \"outboundIPs\": {\n      \"publicIPs\":
        [\n       {\n        \"id\": \"/subscriptions/00000000-0000-0000-0000-000000000000/resourceGroups/clitest000001/providers/Microsoft.Network/publicIPAddresses/cliaksslbip1000002\"\n
        \      }\n      ]\n     },\n     \"allocatedOutboundPorts\": 0,\n     \"idleTimeoutInMinutes\":
        30\n    },\n    \"podCidr\": \"10.244.0.0/16\",\n    \"serviceCidr\": \"10.0.0.0/16\",\n
        \   \"dnsServiceIP\": \"10.0.0.10\",\n    \"dockerBridgeCidr\": \"172.17.0.1/16\",\n
        \   \"outboundType\": \"loadBalancer\",\n    \"podCidrs\": [\n     \"10.244.0.0/16\"\n
        \   ],\n    \"serviceCidrs\": [\n     \"10.0.0.0/16\"\n    ],\n    \"ipFamilies\":
        [\n     \"IPv4\"\n    ]\n   },\n   \"maxAgentPools\": 100,\n   \"disableLocalAccounts\":
        false\n  },\n  \"identity\": {\n   \"type\": \"SystemAssigned\",\n   \"principalId\":\"00000000-0000-0000-0000-000000000001\",\n
        \  \"tenantId\": \"72f988bf-86f1-41af-91ab-2d7cd011db47\"\n  },\n  \"sku\":
        {\n   \"name\": \"Basic\",\n   \"tier\": \"Free\"\n  }\n }"
    headers:
      azure-asyncoperation:
      - https://management.azure.com/subscriptions/00000000-0000-0000-0000-000000000000/providers/Microsoft.ContainerService/locations/westus2/operations/861e2128-1cc5-4c1c-b9b1-2505feae50ac?api-version=2016-03-30
      cache-control:
      - no-cache
      content-length:
      - '3048'
      content-type:
      - application/json
      date:
      - Tue, 25 Jan 2022 04:00:20 GMT
      expires:
      - '-1'
      pragma:
      - no-cache
      server:
      - nginx
      strict-transport-security:
      - max-age=31536000; includeSubDomains
      x-content-type-options:
      - nosniff
      x-ms-ratelimit-remaining-subscription-writes:
      - '1194'
    status:
      code: 201
      message: Created
- request:
    body: null
    headers:
      Accept:
      - '*/*'
      Accept-Encoding:
      - gzip, deflate
      CommandName:
      - aks create
      Connection:
      - keep-alive
      ParameterSetName:
      - --resource-group --name --location --dns-name-prefix --node-count --ssh-key-value
        --load-balancer-sku --vm-set-type --load-balancer-outbound-ips
      User-Agent:
      - AZURECLI/2.32.0 azsdk-python-azure-mgmt-containerservice/16.4.0 Python/3.8.10
        (Linux-5.11.0-1027-azure-x86_64-with-glibc2.29)
    method: GET
    uri: https://management.azure.com/subscriptions/00000000-0000-0000-0000-000000000000/providers/Microsoft.ContainerService/locations/westus2/operations/861e2128-1cc5-4c1c-b9b1-2505feae50ac?api-version=2016-03-30
  response:
    body:
      string: "{\n  \"name\": \"28211e86-c51c-1c4c-b9b1-2505feae50ac\",\n  \"status\":
        \"InProgress\",\n  \"startTime\": \"2022-01-25T04:00:20.05Z\"\n }"
    headers:
      cache-control:
      - no-cache
      content-length:
      - '121'
      content-type:
      - application/json
      date:
      - Tue, 25 Jan 2022 04:00:50 GMT
      expires:
      - '-1'
      pragma:
      - no-cache
      server:
      - nginx
      strict-transport-security:
      - max-age=31536000; includeSubDomains
      transfer-encoding:
      - chunked
      vary:
      - Accept-Encoding
      x-content-type-options:
      - nosniff
    status:
      code: 200
      message: OK
- request:
    body: null
    headers:
      Accept:
      - '*/*'
      Accept-Encoding:
      - gzip, deflate
      CommandName:
      - aks create
      Connection:
      - keep-alive
      ParameterSetName:
      - --resource-group --name --location --dns-name-prefix --node-count --ssh-key-value
        --load-balancer-sku --vm-set-type --load-balancer-outbound-ips
      User-Agent:
      - AZURECLI/2.32.0 azsdk-python-azure-mgmt-containerservice/16.4.0 Python/3.8.10
        (Linux-5.11.0-1027-azure-x86_64-with-glibc2.29)
    method: GET
    uri: https://management.azure.com/subscriptions/00000000-0000-0000-0000-000000000000/providers/Microsoft.ContainerService/locations/westus2/operations/861e2128-1cc5-4c1c-b9b1-2505feae50ac?api-version=2016-03-30
  response:
    body:
      string: "{\n  \"name\": \"28211e86-c51c-1c4c-b9b1-2505feae50ac\",\n  \"status\":
        \"InProgress\",\n  \"startTime\": \"2022-01-25T04:00:20.05Z\"\n }"
    headers:
      cache-control:
      - no-cache
      content-length:
      - '121'
      content-type:
      - application/json
      date:
      - Tue, 25 Jan 2022 04:01:20 GMT
      expires:
      - '-1'
      pragma:
      - no-cache
      server:
      - nginx
      strict-transport-security:
      - max-age=31536000; includeSubDomains
      transfer-encoding:
      - chunked
      vary:
      - Accept-Encoding
      x-content-type-options:
      - nosniff
    status:
      code: 200
      message: OK
- request:
    body: null
    headers:
      Accept:
      - '*/*'
      Accept-Encoding:
      - gzip, deflate
      CommandName:
      - aks create
      Connection:
      - keep-alive
      ParameterSetName:
      - --resource-group --name --location --dns-name-prefix --node-count --ssh-key-value
        --load-balancer-sku --vm-set-type --load-balancer-outbound-ips
      User-Agent:
      - AZURECLI/2.32.0 azsdk-python-azure-mgmt-containerservice/16.4.0 Python/3.8.10
        (Linux-5.11.0-1027-azure-x86_64-with-glibc2.29)
    method: GET
    uri: https://management.azure.com/subscriptions/00000000-0000-0000-0000-000000000000/providers/Microsoft.ContainerService/locations/westus2/operations/861e2128-1cc5-4c1c-b9b1-2505feae50ac?api-version=2016-03-30
  response:
    body:
      string: "{\n  \"name\": \"28211e86-c51c-1c4c-b9b1-2505feae50ac\",\n  \"status\":
        \"InProgress\",\n  \"startTime\": \"2022-01-25T04:00:20.05Z\"\n }"
    headers:
      cache-control:
      - no-cache
      content-length:
      - '121'
      content-type:
      - application/json
      date:
      - Tue, 25 Jan 2022 04:01:49 GMT
      expires:
      - '-1'
      pragma:
      - no-cache
      server:
      - nginx
      strict-transport-security:
      - max-age=31536000; includeSubDomains
      transfer-encoding:
      - chunked
      vary:
      - Accept-Encoding
      x-content-type-options:
      - nosniff
    status:
      code: 200
      message: OK
- request:
    body: null
    headers:
      Accept:
      - '*/*'
      Accept-Encoding:
      - gzip, deflate
      CommandName:
      - aks create
      Connection:
      - keep-alive
      ParameterSetName:
      - --resource-group --name --location --dns-name-prefix --node-count --ssh-key-value
        --load-balancer-sku --vm-set-type --load-balancer-outbound-ips
      User-Agent:
      - AZURECLI/2.32.0 azsdk-python-azure-mgmt-containerservice/16.4.0 Python/3.8.10
        (Linux-5.11.0-1027-azure-x86_64-with-glibc2.29)
    method: GET
    uri: https://management.azure.com/subscriptions/00000000-0000-0000-0000-000000000000/providers/Microsoft.ContainerService/locations/westus2/operations/861e2128-1cc5-4c1c-b9b1-2505feae50ac?api-version=2016-03-30
  response:
    body:
      string: "{\n  \"name\": \"28211e86-c51c-1c4c-b9b1-2505feae50ac\",\n  \"status\":
        \"InProgress\",\n  \"startTime\": \"2022-01-25T04:00:20.05Z\"\n }"
    headers:
      cache-control:
      - no-cache
      content-length:
      - '121'
      content-type:
      - application/json
      date:
      - Tue, 25 Jan 2022 04:02:20 GMT
      expires:
      - '-1'
      pragma:
      - no-cache
      server:
      - nginx
      strict-transport-security:
      - max-age=31536000; includeSubDomains
      transfer-encoding:
      - chunked
      vary:
      - Accept-Encoding
      x-content-type-options:
      - nosniff
    status:
      code: 200
      message: OK
- request:
    body: null
    headers:
      Accept:
      - '*/*'
      Accept-Encoding:
      - gzip, deflate
      CommandName:
      - aks create
      Connection:
      - keep-alive
      ParameterSetName:
      - --resource-group --name --location --dns-name-prefix --node-count --ssh-key-value
        --load-balancer-sku --vm-set-type --load-balancer-outbound-ips
      User-Agent:
      - AZURECLI/2.32.0 azsdk-python-azure-mgmt-containerservice/16.4.0 Python/3.8.10
        (Linux-5.11.0-1027-azure-x86_64-with-glibc2.29)
    method: GET
    uri: https://management.azure.com/subscriptions/00000000-0000-0000-0000-000000000000/providers/Microsoft.ContainerService/locations/westus2/operations/861e2128-1cc5-4c1c-b9b1-2505feae50ac?api-version=2016-03-30
  response:
    body:
      string: "{\n  \"name\": \"28211e86-c51c-1c4c-b9b1-2505feae50ac\",\n  \"status\":
        \"InProgress\",\n  \"startTime\": \"2022-01-25T04:00:20.05Z\"\n }"
    headers:
      cache-control:
      - no-cache
      content-length:
      - '121'
      content-type:
      - application/json
      date:
      - Tue, 25 Jan 2022 04:02:50 GMT
      expires:
      - '-1'
      pragma:
      - no-cache
      server:
      - nginx
      strict-transport-security:
      - max-age=31536000; includeSubDomains
      transfer-encoding:
      - chunked
      vary:
      - Accept-Encoding
      x-content-type-options:
      - nosniff
    status:
      code: 200
      message: OK
- request:
    body: null
    headers:
      Accept:
      - '*/*'
      Accept-Encoding:
      - gzip, deflate
      CommandName:
      - aks create
      Connection:
      - keep-alive
      ParameterSetName:
      - --resource-group --name --location --dns-name-prefix --node-count --ssh-key-value
        --load-balancer-sku --vm-set-type --load-balancer-outbound-ips
      User-Agent:
      - AZURECLI/2.32.0 azsdk-python-azure-mgmt-containerservice/16.4.0 Python/3.8.10
        (Linux-5.11.0-1027-azure-x86_64-with-glibc2.29)
    method: GET
    uri: https://management.azure.com/subscriptions/00000000-0000-0000-0000-000000000000/providers/Microsoft.ContainerService/locations/westus2/operations/861e2128-1cc5-4c1c-b9b1-2505feae50ac?api-version=2016-03-30
  response:
    body:
      string: "{\n  \"name\": \"28211e86-c51c-1c4c-b9b1-2505feae50ac\",\n  \"status\":
        \"InProgress\",\n  \"startTime\": \"2022-01-25T04:00:20.05Z\"\n }"
    headers:
      cache-control:
      - no-cache
      content-length:
      - '121'
      content-type:
      - application/json
      date:
      - Tue, 25 Jan 2022 04:03:20 GMT
      expires:
      - '-1'
      pragma:
      - no-cache
      server:
      - nginx
      strict-transport-security:
      - max-age=31536000; includeSubDomains
      transfer-encoding:
      - chunked
      vary:
      - Accept-Encoding
      x-content-type-options:
      - nosniff
    status:
      code: 200
      message: OK
- request:
    body: null
    headers:
      Accept:
      - '*/*'
      Accept-Encoding:
      - gzip, deflate
      CommandName:
      - aks create
      Connection:
      - keep-alive
      ParameterSetName:
      - --resource-group --name --location --dns-name-prefix --node-count --ssh-key-value
        --load-balancer-sku --vm-set-type --load-balancer-outbound-ips
      User-Agent:
      - AZURECLI/2.32.0 azsdk-python-azure-mgmt-containerservice/16.4.0 Python/3.8.10
        (Linux-5.11.0-1027-azure-x86_64-with-glibc2.29)
    method: GET
    uri: https://management.azure.com/subscriptions/00000000-0000-0000-0000-000000000000/providers/Microsoft.ContainerService/locations/westus2/operations/861e2128-1cc5-4c1c-b9b1-2505feae50ac?api-version=2016-03-30
  response:
    body:
      string: "{\n  \"name\": \"28211e86-c51c-1c4c-b9b1-2505feae50ac\",\n  \"status\":
        \"Succeeded\",\n  \"startTime\": \"2022-01-25T04:00:20.05Z\",\n  \"endTime\":
        \"2022-01-25T04:03:44.6190375Z\"\n }"
    headers:
      cache-control:
      - no-cache
      content-length:
      - '165'
      content-type:
      - application/json
      date:
      - Tue, 25 Jan 2022 04:03:50 GMT
      expires:
      - '-1'
      pragma:
      - no-cache
      server:
      - nginx
      strict-transport-security:
      - max-age=31536000; includeSubDomains
      transfer-encoding:
      - chunked
      vary:
      - Accept-Encoding
      x-content-type-options:
      - nosniff
    status:
      code: 200
      message: OK
- request:
    body: null
    headers:
      Accept:
      - '*/*'
      Accept-Encoding:
      - gzip, deflate
      CommandName:
      - aks create
      Connection:
      - keep-alive
      ParameterSetName:
      - --resource-group --name --location --dns-name-prefix --node-count --ssh-key-value
        --load-balancer-sku --vm-set-type --load-balancer-outbound-ips
      User-Agent:
      - AZURECLI/2.32.0 azsdk-python-azure-mgmt-containerservice/16.4.0 Python/3.8.10
        (Linux-5.11.0-1027-azure-x86_64-with-glibc2.29)
    method: GET
    uri: https://management.azure.com/subscriptions/00000000-0000-0000-0000-000000000000/resourceGroups/clitest000001/providers/Microsoft.ContainerService/managedClusters/cliakstest000001?api-version=2021-10-01
  response:
    body:
      string: "{\n  \"id\": \"/subscriptions/00000000-0000-0000-0000-000000000000/resourcegroups/clitest000001/providers/Microsoft.ContainerService/managedClusters/cliakstest000001\",\n
        \ \"location\": \"westus2\",\n  \"name\": \"cliakstest000001\",\n  \"type\":
        \"Microsoft.ContainerService/ManagedClusters\",\n  \"properties\": {\n   \"provisioningState\":
        \"Succeeded\",\n   \"powerState\": {\n    \"code\": \"Running\"\n   },\n   \"kubernetesVersion\":
        \"1.21.7\",\n   \"dnsPrefix\": \"cliaksdns000004\",\n   \"fqdn\": \"cliaksdns000004-bfc49095.hcp.westus2.azmk8s.io\",\n
        \  \"azurePortalFQDN\": \"cliaksdns000004-bfc49095.portal.hcp.westus2.azmk8s.io\",\n
        \  \"agentPoolProfiles\": [\n    {\n     \"name\": \"nodepool1\",\n     \"count\":
        1,\n     \"vmSize\": \"Standard_DS2_v2\",\n     \"osDiskSizeGB\": 128,\n     \"osDiskType\":
        \"Managed\",\n     \"kubeletDiskType\": \"OS\",\n     \"maxPods\": 110,\n
        \    \"type\": \"VirtualMachineScaleSets\",\n     \"enableAutoScaling\": false,\n
        \    \"provisioningState\": \"Succeeded\",\n     \"powerState\": {\n      \"code\":
        \"Running\"\n     },\n     \"orchestratorVersion\": \"1.21.7\",\n     \"enableNodePublicIP\":
        false,\n     \"mode\": \"System\",\n     \"enableEncryptionAtHost\": false,\n
        \    \"enableUltraSSD\": false,\n     \"osType\": \"Linux\",\n     \"osSKU\":
        \"Ubuntu\",\n     \"nodeImageVersion\": \"AKSUbuntu-1804gen2containerd-2022.01.07\",\n
        \    \"enableFIPS\": false\n    }\n   ],\n   \"linuxProfile\": {\n    \"adminUsername\":
        \"azureuser\",\n    \"ssh\": {\n     \"publicKeys\": [\n      {\n       \"keyData\":
        \"ssh-rsa AAAAB3NzaC1yc2EAAAADAQABAAABAQDJZKKi/Smi4GoBIAJ6trVE0X9tR6eaDItEwb/EuPrtXyJMl9TVWH5TfAjUV29pwFh1w29P0ttywlD21je8juMc+7yfal3aPfTSoLIA7wKbZAfSDovuSVBnuaoK+HeKAb2EfpQae/Dd4Pmj38pyQlPFCG8bxM3hJ5Y5BiwDYMnjC6pYyY1ceBYQ3FnITumUFd3FXxB5ozj/ooNvOmKDRcPr3xDRf5gE2Xc/Pr3lsk7/N2NNfFFsICY3a9KnMD4H1wgYOCX8XuIGK5ANwGUQu2wEODapsnivns8BhvXtePnzUEpzOtk2LF11gHZWrykBzm4lvphQghWugtbTqyY5SBur
        azcli_aks_live_test@example.com\\n\"\n      }\n     ]\n    }\n   },\n   \"servicePrincipalProfile\":
        {\n    \"clientId\":\"00000000-0000-0000-0000-000000000001\"\n   },\n   \"nodeResourceGroup\":
        \"MC_clitest000001_cliakstest000001_westus2\",\n   \"enableRBAC\": true,\n
        \  \"networkProfile\": {\n    \"networkPlugin\": \"kubenet\",\n    \"loadBalancerSku\":
        \"Standard\",\n    \"loadBalancerProfile\": {\n     \"outboundIPs\": {\n      \"publicIPs\":
        [\n       {\n        \"id\": \"/subscriptions/00000000-0000-0000-0000-000000000000/resourceGroups/clitest000001/providers/Microsoft.Network/publicIPAddresses/cliaksslbip1000002\"\n
        \      }\n      ]\n     },\n     \"effectiveOutboundIPs\": [\n      {\n       \"id\":
        \"/subscriptions/00000000-0000-0000-0000-000000000000/resourceGroups/clitest000001/providers/Microsoft.Network/publicIPAddresses/cliaksslbip1000002\"\n
        \     }\n     ],\n     \"allocatedOutboundPorts\": 0,\n     \"idleTimeoutInMinutes\":
        30\n    },\n    \"podCidr\": \"10.244.0.0/16\",\n    \"serviceCidr\": \"10.0.0.0/16\",\n
        \   \"dnsServiceIP\": \"10.0.0.10\",\n    \"dockerBridgeCidr\": \"172.17.0.1/16\",\n
        \   \"outboundType\": \"loadBalancer\",\n    \"podCidrs\": [\n     \"10.244.0.0/16\"\n
        \   ],\n    \"serviceCidrs\": [\n     \"10.0.0.0/16\"\n    ],\n    \"ipFamilies\":
        [\n     \"IPv4\"\n    ]\n   },\n   \"maxAgentPools\": 100,\n   \"identityProfile\":
        {\n    \"kubeletidentity\": {\n     \"resourceId\": \"/subscriptions/00000000-0000-0000-0000-000000000000/resourcegroups/MC_clitest000001_cliakstest000001_westus2/providers/Microsoft.ManagedIdentity/userAssignedIdentities/cliakstest000001-agentpool\",\n
        \    \"clientId\":\"00000000-0000-0000-0000-000000000001\",\n     \"objectId\":\"00000000-0000-0000-0000-000000000001\"\n
        \   }\n   },\n   \"disableLocalAccounts\": false\n  },\n  \"identity\": {\n
        \  \"type\": \"SystemAssigned\",\n   \"principalId\":\"00000000-0000-0000-0000-000000000001\",\n
        \  \"tenantId\": \"72f988bf-86f1-41af-91ab-2d7cd011db47\"\n  },\n  \"sku\":
        {\n   \"name\": \"Basic\",\n   \"tier\": \"Free\"\n  }\n }"
    headers:
      cache-control:
      - no-cache
      content-length:
      - '3655'
      content-type:
      - application/json
      date:
      - Tue, 25 Jan 2022 04:03:50 GMT
      expires:
      - '-1'
      pragma:
      - no-cache
      server:
      - nginx
      strict-transport-security:
      - max-age=31536000; includeSubDomains
      transfer-encoding:
      - chunked
      vary:
      - Accept-Encoding
      x-content-type-options:
      - nosniff
    status:
      code: 200
      message: OK
- request:
    body: null
    headers:
      Accept:
      - application/json
      Accept-Encoding:
      - gzip, deflate
      CommandName:
      - aks list
      Connection:
      - keep-alive
      ParameterSetName:
      - -g
      User-Agent:
      - AZURECLI/2.32.0 azsdk-python-azure-mgmt-containerservice/16.4.0 Python/3.8.10
        (Linux-5.11.0-1027-azure-x86_64-with-glibc2.29)
    method: GET
    uri: https://management.azure.com/subscriptions/00000000-0000-0000-0000-000000000000/resourceGroups/clitest000001/providers/Microsoft.ContainerService/managedClusters?api-version=2021-10-01
  response:
    body:
      string: "{\n  \"value\": [\n   {\n    \"id\": \"/subscriptions/00000000-0000-0000-0000-000000000000/resourcegroups/clitest000001/providers/Microsoft.ContainerService/managedClusters/cliakstest000001\",\n
        \   \"location\": \"westus2\",\n    \"name\": \"cliakstest000001\",\n    \"type\":
        \"Microsoft.ContainerService/ManagedClusters\",\n    \"properties\": {\n     \"provisioningState\":
        \"Succeeded\",\n     \"powerState\": {\n      \"code\": \"Running\"\n     },\n
        \    \"kubernetesVersion\": \"1.21.7\",\n     \"dnsPrefix\": \"cliaksdns000004\",\n
        \    \"fqdn\": \"cliaksdns000004-bfc49095.hcp.westus2.azmk8s.io\",\n     \"azurePortalFQDN\":
        \"cliaksdns000004-bfc49095.portal.hcp.westus2.azmk8s.io\",\n     \"agentPoolProfiles\":
        [\n      {\n       \"name\": \"nodepool1\",\n       \"count\": 1,\n       \"vmSize\":
        \"Standard_DS2_v2\",\n       \"osDiskSizeGB\": 128,\n       \"osDiskType\":
        \"Managed\",\n       \"kubeletDiskType\": \"OS\",\n       \"maxPods\": 110,\n
        \      \"type\": \"VirtualMachineScaleSets\",\n       \"enableAutoScaling\":
        false,\n       \"provisioningState\": \"Succeeded\",\n       \"powerState\":
        {\n        \"code\": \"Running\"\n       },\n       \"orchestratorVersion\":
        \"1.21.7\",\n       \"enableNodePublicIP\": false,\n       \"mode\": \"System\",\n
        \      \"enableEncryptionAtHost\": false,\n       \"enableUltraSSD\": false,\n
        \      \"osType\": \"Linux\",\n       \"osSKU\": \"Ubuntu\",\n       \"nodeImageVersion\":
        \"AKSUbuntu-1804gen2containerd-2022.01.07\",\n       \"enableFIPS\": false\n
        \     }\n     ],\n     \"linuxProfile\": {\n      \"adminUsername\": \"azureuser\",\n
        \     \"ssh\": {\n       \"publicKeys\": [\n        {\n         \"keyData\":
        \"ssh-rsa AAAAB3NzaC1yc2EAAAADAQABAAABAQDJZKKi/Smi4GoBIAJ6trVE0X9tR6eaDItEwb/EuPrtXyJMl9TVWH5TfAjUV29pwFh1w29P0ttywlD21je8juMc+7yfal3aPfTSoLIA7wKbZAfSDovuSVBnuaoK+HeKAb2EfpQae/Dd4Pmj38pyQlPFCG8bxM3hJ5Y5BiwDYMnjC6pYyY1ceBYQ3FnITumUFd3FXxB5ozj/ooNvOmKDRcPr3xDRf5gE2Xc/Pr3lsk7/N2NNfFFsICY3a9KnMD4H1wgYOCX8XuIGK5ANwGUQu2wEODapsnivns8BhvXtePnzUEpzOtk2LF11gHZWrykBzm4lvphQghWugtbTqyY5SBur
        azcli_aks_live_test@example.com\\n\"\n        }\n       ]\n      }\n     },\n
        \    \"servicePrincipalProfile\": {\n      \"clientId\":\"00000000-0000-0000-0000-000000000001\"\n
        \    },\n     \"nodeResourceGroup\": \"MC_clitest000001_cliakstest000001_westus2\",\n
        \    \"enableRBAC\": true,\n     \"networkProfile\": {\n      \"networkPlugin\":
        \"kubenet\",\n      \"loadBalancerSku\": \"Standard\",\n      \"loadBalancerProfile\":
        {\n       \"outboundIPs\": {\n        \"publicIPs\": [\n         {\n          \"id\":
        \"/subscriptions/00000000-0000-0000-0000-000000000000/resourceGroups/clitest000001/providers/Microsoft.Network/publicIPAddresses/cliaksslbip1000002\"\n
        \        }\n        ]\n       },\n       \"effectiveOutboundIPs\": [\n        {\n
        \        \"id\": \"/subscriptions/00000000-0000-0000-0000-000000000000/resourceGroups/clitest000001/providers/Microsoft.Network/publicIPAddresses/cliaksslbip1000002\"\n
        \       }\n       ],\n       \"allocatedOutboundPorts\": 0,\n       \"idleTimeoutInMinutes\":
        30\n      },\n      \"podCidr\": \"10.244.0.0/16\",\n      \"serviceCidr\":
        \"10.0.0.0/16\",\n      \"dnsServiceIP\": \"10.0.0.10\",\n      \"dockerBridgeCidr\":
        \"172.17.0.1/16\",\n      \"outboundType\": \"loadBalancer\",\n      \"podCidrs\":
        [\n       \"10.244.0.0/16\"\n      ],\n      \"serviceCidrs\": [\n       \"10.0.0.0/16\"\n
        \     ],\n      \"ipFamilies\": [\n       \"IPv4\"\n      ]\n     },\n     \"maxAgentPools\":
        100,\n     \"identityProfile\": {\n      \"kubeletidentity\": {\n       \"resourceId\":
        \"/subscriptions/00000000-0000-0000-0000-000000000000/resourcegroups/MC_clitest000001_cliakstest000001_westus2/providers/Microsoft.ManagedIdentity/userAssignedIdentities/cliakstest000001-agentpool\",\n
        \      \"clientId\":\"00000000-0000-0000-0000-000000000001\",\n       \"objectId\":\"00000000-0000-0000-0000-000000000001\"\n
        \     }\n     },\n     \"disableLocalAccounts\": false\n    },\n    \"identity\":
        {\n     \"type\": \"SystemAssigned\",\n     \"principalId\":\"00000000-0000-0000-0000-000000000001\",\n
        \    \"tenantId\": \"72f988bf-86f1-41af-91ab-2d7cd011db47\"\n    },\n    \"sku\":
        {\n     \"name\": \"Basic\",\n     \"tier\": \"Free\"\n    }\n   }\n  ]\n
        }"
    headers:
      cache-control:
      - no-cache
      content-length:
      - '3896'
      content-type:
      - application/json
      date:
      - Tue, 25 Jan 2022 04:03:51 GMT
      expires:
      - '-1'
      pragma:
      - no-cache
      server:
      - nginx
      strict-transport-security:
      - max-age=31536000; includeSubDomains
      transfer-encoding:
      - chunked
      vary:
      - Accept-Encoding
      x-content-type-options:
      - nosniff
    status:
      code: 200
      message: OK
- request:
    body: null
    headers:
      Accept:
      - application/json
      Accept-Encoding:
      - gzip, deflate
      CommandName:
      - aks list
      Connection:
      - keep-alive
      ParameterSetName:
      - -g -o
      User-Agent:
      - AZURECLI/2.32.0 azsdk-python-azure-mgmt-containerservice/16.4.0 Python/3.8.10
        (Linux-5.11.0-1027-azure-x86_64-with-glibc2.29)
    method: GET
    uri: https://management.azure.com/subscriptions/00000000-0000-0000-0000-000000000000/resourceGroups/clitest000001/providers/Microsoft.ContainerService/managedClusters?api-version=2021-10-01
  response:
    body:
      string: "{\n  \"value\": [\n   {\n    \"id\": \"/subscriptions/00000000-0000-0000-0000-000000000000/resourcegroups/clitest000001/providers/Microsoft.ContainerService/managedClusters/cliakstest000001\",\n
        \   \"location\": \"westus2\",\n    \"name\": \"cliakstest000001\",\n    \"type\":
        \"Microsoft.ContainerService/ManagedClusters\",\n    \"properties\": {\n     \"provisioningState\":
        \"Succeeded\",\n     \"powerState\": {\n      \"code\": \"Running\"\n     },\n
        \    \"kubernetesVersion\": \"1.21.7\",\n     \"dnsPrefix\": \"cliaksdns000004\",\n
        \    \"fqdn\": \"cliaksdns000004-bfc49095.hcp.westus2.azmk8s.io\",\n     \"azurePortalFQDN\":
        \"cliaksdns000004-bfc49095.portal.hcp.westus2.azmk8s.io\",\n     \"agentPoolProfiles\":
        [\n      {\n       \"name\": \"nodepool1\",\n       \"count\": 1,\n       \"vmSize\":
        \"Standard_DS2_v2\",\n       \"osDiskSizeGB\": 128,\n       \"osDiskType\":
        \"Managed\",\n       \"kubeletDiskType\": \"OS\",\n       \"maxPods\": 110,\n
        \      \"type\": \"VirtualMachineScaleSets\",\n       \"enableAutoScaling\":
        false,\n       \"provisioningState\": \"Succeeded\",\n       \"powerState\":
        {\n        \"code\": \"Running\"\n       },\n       \"orchestratorVersion\":
        \"1.21.7\",\n       \"enableNodePublicIP\": false,\n       \"mode\": \"System\",\n
        \      \"enableEncryptionAtHost\": false,\n       \"enableUltraSSD\": false,\n
        \      \"osType\": \"Linux\",\n       \"osSKU\": \"Ubuntu\",\n       \"nodeImageVersion\":
        \"AKSUbuntu-1804gen2containerd-2022.01.07\",\n       \"enableFIPS\": false\n
        \     }\n     ],\n     \"linuxProfile\": {\n      \"adminUsername\": \"azureuser\",\n
        \     \"ssh\": {\n       \"publicKeys\": [\n        {\n         \"keyData\":
        \"ssh-rsa AAAAB3NzaC1yc2EAAAADAQABAAABAQDJZKKi/Smi4GoBIAJ6trVE0X9tR6eaDItEwb/EuPrtXyJMl9TVWH5TfAjUV29pwFh1w29P0ttywlD21je8juMc+7yfal3aPfTSoLIA7wKbZAfSDovuSVBnuaoK+HeKAb2EfpQae/Dd4Pmj38pyQlPFCG8bxM3hJ5Y5BiwDYMnjC6pYyY1ceBYQ3FnITumUFd3FXxB5ozj/ooNvOmKDRcPr3xDRf5gE2Xc/Pr3lsk7/N2NNfFFsICY3a9KnMD4H1wgYOCX8XuIGK5ANwGUQu2wEODapsnivns8BhvXtePnzUEpzOtk2LF11gHZWrykBzm4lvphQghWugtbTqyY5SBur
        azcli_aks_live_test@example.com\\n\"\n        }\n       ]\n      }\n     },\n
        \    \"servicePrincipalProfile\": {\n      \"clientId\":\"00000000-0000-0000-0000-000000000001\"\n
        \    },\n     \"nodeResourceGroup\": \"MC_clitest000001_cliakstest000001_westus2\",\n
        \    \"enableRBAC\": true,\n     \"networkProfile\": {\n      \"networkPlugin\":
        \"kubenet\",\n      \"loadBalancerSku\": \"Standard\",\n      \"loadBalancerProfile\":
        {\n       \"outboundIPs\": {\n        \"publicIPs\": [\n         {\n          \"id\":
        \"/subscriptions/00000000-0000-0000-0000-000000000000/resourceGroups/clitest000001/providers/Microsoft.Network/publicIPAddresses/cliaksslbip1000002\"\n
        \        }\n        ]\n       },\n       \"effectiveOutboundIPs\": [\n        {\n
        \        \"id\": \"/subscriptions/00000000-0000-0000-0000-000000000000/resourceGroups/clitest000001/providers/Microsoft.Network/publicIPAddresses/cliaksslbip1000002\"\n
        \       }\n       ],\n       \"allocatedOutboundPorts\": 0,\n       \"idleTimeoutInMinutes\":
        30\n      },\n      \"podCidr\": \"10.244.0.0/16\",\n      \"serviceCidr\":
        \"10.0.0.0/16\",\n      \"dnsServiceIP\": \"10.0.0.10\",\n      \"dockerBridgeCidr\":
        \"172.17.0.1/16\",\n      \"outboundType\": \"loadBalancer\",\n      \"podCidrs\":
        [\n       \"10.244.0.0/16\"\n      ],\n      \"serviceCidrs\": [\n       \"10.0.0.0/16\"\n
        \     ],\n      \"ipFamilies\": [\n       \"IPv4\"\n      ]\n     },\n     \"maxAgentPools\":
        100,\n     \"identityProfile\": {\n      \"kubeletidentity\": {\n       \"resourceId\":
        \"/subscriptions/00000000-0000-0000-0000-000000000000/resourcegroups/MC_clitest000001_cliakstest000001_westus2/providers/Microsoft.ManagedIdentity/userAssignedIdentities/cliakstest000001-agentpool\",\n
        \      \"clientId\":\"00000000-0000-0000-0000-000000000001\",\n       \"objectId\":\"00000000-0000-0000-0000-000000000001\"\n
        \     }\n     },\n     \"disableLocalAccounts\": false\n    },\n    \"identity\":
        {\n     \"type\": \"SystemAssigned\",\n     \"principalId\":\"00000000-0000-0000-0000-000000000001\",\n
        \    \"tenantId\": \"72f988bf-86f1-41af-91ab-2d7cd011db47\"\n    },\n    \"sku\":
        {\n     \"name\": \"Basic\",\n     \"tier\": \"Free\"\n    }\n   }\n  ]\n
        }"
    headers:
      cache-control:
      - no-cache
      content-length:
      - '3896'
      content-type:
      - application/json
      date:
      - Tue, 25 Jan 2022 04:03:51 GMT
      expires:
      - '-1'
      pragma:
      - no-cache
      server:
      - nginx
      strict-transport-security:
      - max-age=31536000; includeSubDomains
      transfer-encoding:
      - chunked
      vary:
      - Accept-Encoding
      x-content-type-options:
      - nosniff
    status:
      code: 200
      message: OK
- request:
    body: null
    headers:
      Accept:
      - application/json
      Accept-Encoding:
      - gzip, deflate
      CommandName:
      - aks show
      Connection:
      - keep-alive
      ParameterSetName:
      - -g -n
      User-Agent:
      - AZURECLI/2.32.0 azsdk-python-azure-mgmt-containerservice/16.4.0 Python/3.8.10
        (Linux-5.11.0-1027-azure-x86_64-with-glibc2.29)
    method: GET
    uri: https://management.azure.com/subscriptions/00000000-0000-0000-0000-000000000000/resourceGroups/clitest000001/providers/Microsoft.ContainerService/managedClusters/cliakstest000001?api-version=2021-10-01
  response:
    body:
      string: "{\n  \"id\": \"/subscriptions/00000000-0000-0000-0000-000000000000/resourcegroups/clitest000001/providers/Microsoft.ContainerService/managedClusters/cliakstest000001\",\n
        \ \"location\": \"westus2\",\n  \"name\": \"cliakstest000001\",\n  \"type\":
        \"Microsoft.ContainerService/ManagedClusters\",\n  \"properties\": {\n   \"provisioningState\":
        \"Succeeded\",\n   \"powerState\": {\n    \"code\": \"Running\"\n   },\n   \"kubernetesVersion\":
        \"1.21.7\",\n   \"dnsPrefix\": \"cliaksdns000004\",\n   \"fqdn\": \"cliaksdns000004-bfc49095.hcp.westus2.azmk8s.io\",\n
        \  \"azurePortalFQDN\": \"cliaksdns000004-bfc49095.portal.hcp.westus2.azmk8s.io\",\n
        \  \"agentPoolProfiles\": [\n    {\n     \"name\": \"nodepool1\",\n     \"count\":
        1,\n     \"vmSize\": \"Standard_DS2_v2\",\n     \"osDiskSizeGB\": 128,\n     \"osDiskType\":
        \"Managed\",\n     \"kubeletDiskType\": \"OS\",\n     \"maxPods\": 110,\n
        \    \"type\": \"VirtualMachineScaleSets\",\n     \"enableAutoScaling\": false,\n
        \    \"provisioningState\": \"Succeeded\",\n     \"powerState\": {\n      \"code\":
        \"Running\"\n     },\n     \"orchestratorVersion\": \"1.21.7\",\n     \"enableNodePublicIP\":
        false,\n     \"mode\": \"System\",\n     \"enableEncryptionAtHost\": false,\n
        \    \"enableUltraSSD\": false,\n     \"osType\": \"Linux\",\n     \"osSKU\":
        \"Ubuntu\",\n     \"nodeImageVersion\": \"AKSUbuntu-1804gen2containerd-2022.01.07\",\n
        \    \"enableFIPS\": false\n    }\n   ],\n   \"linuxProfile\": {\n    \"adminUsername\":
        \"azureuser\",\n    \"ssh\": {\n     \"publicKeys\": [\n      {\n       \"keyData\":
        \"ssh-rsa AAAAB3NzaC1yc2EAAAADAQABAAABAQDJZKKi/Smi4GoBIAJ6trVE0X9tR6eaDItEwb/EuPrtXyJMl9TVWH5TfAjUV29pwFh1w29P0ttywlD21je8juMc+7yfal3aPfTSoLIA7wKbZAfSDovuSVBnuaoK+HeKAb2EfpQae/Dd4Pmj38pyQlPFCG8bxM3hJ5Y5BiwDYMnjC6pYyY1ceBYQ3FnITumUFd3FXxB5ozj/ooNvOmKDRcPr3xDRf5gE2Xc/Pr3lsk7/N2NNfFFsICY3a9KnMD4H1wgYOCX8XuIGK5ANwGUQu2wEODapsnivns8BhvXtePnzUEpzOtk2LF11gHZWrykBzm4lvphQghWugtbTqyY5SBur
        azcli_aks_live_test@example.com\\n\"\n      }\n     ]\n    }\n   },\n   \"servicePrincipalProfile\":
        {\n    \"clientId\":\"00000000-0000-0000-0000-000000000001\"\n   },\n   \"nodeResourceGroup\":
        \"MC_clitest000001_cliakstest000001_westus2\",\n   \"enableRBAC\": true,\n
        \  \"networkProfile\": {\n    \"networkPlugin\": \"kubenet\",\n    \"loadBalancerSku\":
        \"Standard\",\n    \"loadBalancerProfile\": {\n     \"outboundIPs\": {\n      \"publicIPs\":
        [\n       {\n        \"id\": \"/subscriptions/00000000-0000-0000-0000-000000000000/resourceGroups/clitest000001/providers/Microsoft.Network/publicIPAddresses/cliaksslbip1000002\"\n
        \      }\n      ]\n     },\n     \"effectiveOutboundIPs\": [\n      {\n       \"id\":
        \"/subscriptions/00000000-0000-0000-0000-000000000000/resourceGroups/clitest000001/providers/Microsoft.Network/publicIPAddresses/cliaksslbip1000002\"\n
        \     }\n     ],\n     \"allocatedOutboundPorts\": 0,\n     \"idleTimeoutInMinutes\":
        30\n    },\n    \"podCidr\": \"10.244.0.0/16\",\n    \"serviceCidr\": \"10.0.0.0/16\",\n
        \   \"dnsServiceIP\": \"10.0.0.10\",\n    \"dockerBridgeCidr\": \"172.17.0.1/16\",\n
        \   \"outboundType\": \"loadBalancer\",\n    \"podCidrs\": [\n     \"10.244.0.0/16\"\n
        \   ],\n    \"serviceCidrs\": [\n     \"10.0.0.0/16\"\n    ],\n    \"ipFamilies\":
        [\n     \"IPv4\"\n    ]\n   },\n   \"maxAgentPools\": 100,\n   \"identityProfile\":
        {\n    \"kubeletidentity\": {\n     \"resourceId\": \"/subscriptions/00000000-0000-0000-0000-000000000000/resourcegroups/MC_clitest000001_cliakstest000001_westus2/providers/Microsoft.ManagedIdentity/userAssignedIdentities/cliakstest000001-agentpool\",\n
        \    \"clientId\":\"00000000-0000-0000-0000-000000000001\",\n     \"objectId\":\"00000000-0000-0000-0000-000000000001\"\n
        \   }\n   },\n   \"disableLocalAccounts\": false\n  },\n  \"identity\": {\n
        \  \"type\": \"SystemAssigned\",\n   \"principalId\":\"00000000-0000-0000-0000-000000000001\",\n
        \  \"tenantId\": \"72f988bf-86f1-41af-91ab-2d7cd011db47\"\n  },\n  \"sku\":
        {\n   \"name\": \"Basic\",\n   \"tier\": \"Free\"\n  }\n }"
    headers:
      cache-control:
      - no-cache
      content-length:
      - '3655'
      content-type:
      - application/json
      date:
      - Tue, 25 Jan 2022 04:03:52 GMT
      expires:
      - '-1'
      pragma:
      - no-cache
      server:
      - nginx
      strict-transport-security:
      - max-age=31536000; includeSubDomains
      transfer-encoding:
      - chunked
      vary:
      - Accept-Encoding
      x-content-type-options:
      - nosniff
    status:
      code: 200
      message: OK
- request:
    body: null
    headers:
      Accept:
      - application/json
      Accept-Encoding:
      - gzip, deflate
      CommandName:
      - aks get-credentials
      Connection:
      - keep-alive
      Content-Length:
      - '0'
      ParameterSetName:
      - -g -n --file
      User-Agent:
      - AZURECLI/2.32.0 azsdk-python-azure-mgmt-containerservice/16.4.0 Python/3.8.10
        (Linux-5.11.0-1027-azure-x86_64-with-glibc2.29)
    method: POST
    uri: https://management.azure.com/subscriptions/00000000-0000-0000-0000-000000000000/resourceGroups/clitest000001/providers/Microsoft.ContainerService/managedClusters/cliakstest000001/listClusterUserCredential?api-version=2021-10-01
  response:
    body:
      string: "{\n  \"kubeconfigs\": [\n   {\n    \"name\": \"clusterUser\",\n    \"value\":
        \"YXBpVmVyc2lvbjogdjEKY2x1c3RlcnM6Ci0gY2x1c3RlcjoKICAgIGNlcnRpZmljYXRlLWF1dGhvcml0eS1kYXRhOiBMUzB0TFMxQ1JVZEpUaUJEUlZKVVNVWkpRMEZVUlMwdExTMHRDazFKU1VVMlZFTkRRWFJIWjBGM1NVSkJaMGxTUVU4elNEZGpXRTRyV1RrNU56RXdlbFJWV0VaS05EUjNSRkZaU2t0dldrbG9kbU5PUVZGRlRFSlJRWGNLUkZSRlRFMUJhMGRCTVZWRlFYaE5RMWt5UlhkSlFtTk9UV3BKZDAxVVNURk5SRTB4VFZSSmVGZG9aMUJOYWtFeFRXcEJlRTFxVlhkT1JFRjRUV3BHWVFwTlFUQjRRM3BCU2tKblRsWkNRVTFVUVcxT2FFMUpTVU5KYWtGT1FtZHJjV2hyYVVjNWR6QkNRVkZGUmtGQlQwTkJaemhCVFVsSlEwTm5TME5CWjBWQkNuZDRZemxRT0ZSMFoyNVljVEIzTUdKR2RsSlhRa2wyVDNKdUx6ZFRORTg1YTFGSmVWWjFXV1J0UXpaM1psWnZRblJwWjJKNGIydFJOeXRuWjFsNmNYY0tRalpFVURWT2J6TTRibEZxYjJkaWJtUktVelZwY1dkalQxWnhhbGhvVFU0NFJqaHFhRXBwUTBaNVpVWnhjM1ZtVFVnek1VNXhPV3RWY1U4clNrZDJaUW8zZVdZNFUwSTBkbkppVGs5eWVEUmxZMDFPU1daSFMwOXhiV2xhVTFkRlYwTkNOVU5YYWt4Ukt6UTVZMHBUUm1GQk5qbEhjMUZQVjNSRGEyeDJLM2RCQ201aFpsZFVNMlZYYUVoSlYxaFdjaXRFYW1OYWF6WnJkSGxoTWsxSFl6VnRTM0pWVjFKS2VWQk9TM2RYTDJ4blprRTBaV2gwVTA5WVpVTXdPSEphUXpVS1duUnBjbkZTUVU4MVozVldaMjU2Y2xZeVppOHJOMWxQU1RoSE4wOUNaMmxzYzFSTk4zZFdla1UwUm0xM1RUbHJRbGwyTUcxelEwMTRaMmxYV2k5d1RncGxaekJKVW1jeGEwZEhLMWxoVFZwNWIwY3hPR0oxY0RkeVdIWmFRbkJQYzFsWVFtODRka1Y1Uld4NVptcDVTSE5CU1VrM1VVeFdkRmN6WVVOaVMxQXhDalYxV0dscFFUZGxlbkJOYnpCbVdEUTVMM1p5Vmtkd1FVNTBVa3RaYW1rM01GSXpibVpKYVhKdk5rMWtjR2M0Um5FNWRHVjFhWEZ6T0ZkR2NWbHZURm9LZUhKeGJYTmljV0ZKTmpsSlNFRnVibXhKSzFkYWEyeGpNSEJRVlRCcE5HVnpVV280ZEVsWGFrTlVSbmxZVm04NVkzcE5VVkZCUjFKMlZqVXdTREkzUndwUFdHeGhhRmxUT1ZCWVdEVkZaMFUyU3lzdlNUUkRhRFJOVkhWVE1sQlNLMjlLTVhCWk5HUmtkRGd4ZUV4a2VrOXllV0k0ZGtOalF6QmxSV0l4Y25aS0NtaGFOVlYwWmpSNWRsTk9aMFJoY1VNdkwzaHVVbXhuZDBoWVdGRkdNMU5GTlRkYU1uVlpNSEIyT1hseFFsZExTVUozYkZJdmJXUm5PWGRVTWxOUFlsY0tWRmQzZVZoT1VYZFZhV00zV1haWVozSjFXa0ZPVTBkS2VtUk5kMHBoVm1scVpWbDVTbEI1VGxsblRVTkJkMFZCUVdGT1EwMUZRWGRFWjFsRVZsSXdVQXBCVVVndlFrRlJSRUZuUzJ0TlFUaEhRVEZWWkVWM1JVSXZkMUZHVFVGTlFrRm1PSGRJVVZsRVZsSXdUMEpDV1VWR1FsVlFaREJVWVVjd1ptMDFZV0Z0Q2xaRWFISjFjRXBCZG5NdmRVMUJNRWREVTNGSFUwbGlNMFJSUlVKRGQxVkJRVFJKUTBGUlFsTTJSblJpTmxwSFJGVkhRM2hNZWt4ak1FRkZjbXhXYXprS2IyNHZXRk5aUjBoSlZUWjRhRUZqWlhKd2VGcGxRbVpHYW05dWFGVnVXbkpuUTNRdk5HMHZkV3RrWkVSNlJrOTNOa1prVlhsV05FcFBTVUl5WlhadldRcGhjbUZaYWtRMGVrWlBiRWRxSzFKSWFGZGhXbWRJT0V4V1JUZHVValI1VUhkTU9ISnZWV0ZrZVdWQlR5dG1Na2hRY25FclRUaEtNSGx2YWs5SWRqUm1Dak5TVFVSd1ltOURUMmhaVkZGalprcG5VbTlpY1ZadVZXVjBVMDlMVEdKYWNYSmpXV0o2UTBwcWRHZG5LM05vTVZoaGVrb3dNMUZRZVdzdldXTnFUR29LYW10VlFtUkpTRkZpWTNJNWNVWmlaR3BPZWpkWWVITnFNR05QVG1nNEx6bFZhMnMyTUUxQ2RFcGxjemR2YUVkcVZUQkJjVlJyZVVoeE4xSklhVlZEVGdwR2QwOWpTSEZYYkV3eFdVUlNRMFl4YnpBclYybFNhbTQyZEhsR2JuQTJWbHBCVURoSk5FWktVbEYyUmswd1JrUlhLMGhoVFhwR1RVWmxLMHRQUVRCakNuZGxjblEwYmtOd1F5OTVWMk55UmtrMWFrOHhMMUpET1ZNdk1FdzVZV1ZOUVZFMk9HWnhNRTFQT1ZaRldsUkdXbGx5VERSbldXdGFRMU5vSzI5Sk5uVUthRk5ZVjJWc2JFRm9OMjlhVVVacldEUTVaMVY2VEhsQ1kyRlJNSFZoYkRSeWQwSmtRMjgyUkhWM1JuVnRlRE42VERsSU1rbExTbkZvYkZodGFuUlZRd28wTVd4cE9YSnNTR1pSU1ZGMlRpOW9UbVVyYVN0SFRFWkRaMVp5TjNWblVWaDFXRWhQYlZjM1pHMW5UMFYzWVVrNE9GSk1SazV6WmtSeFlYQTBkRmxwQ2k5bmVsWlRXazE1TkUxcmVFcGtkak5EV1dFMFVtdHhaV05YVDJWRU9VNVpTMHRLVjJ0d01VUkVkMmxFUm5kTFZYbDFNbWt4Y2tSWlVtVllPRmhKY1RRS1dFbGhTa0phY2poUmRrODBlamRFWWtaNWNFVnRNMnAwYUZvek5rcFhaSEJTV21sNGNEa3hWVkJGUXpsNFdTOXVSbTltVWk5dVkxQkZNRU50TUUwMmRBb3lSbVJZVjNsRFMwRnhNbUpQVDJOdlJGRTlQUW90TFMwdExVVk9SQ0JEUlZKVVNVWkpRMEZVUlMwdExTMHRDZz09CiAgICBzZXJ2ZXI6IGh0dHBzOi8vY2xpYWtzZG5zYmJjbGpiaC1iZmM0OTA5NS5oY3Aud2VzdHVzMi5hem1rOHMuaW86NDQzCiAgbmFtZTogY2xpYWtzdGVzdGtjbzQ0NApjb250ZXh0czoKLSBjb250ZXh0OgogICAgY2x1c3RlcjogY2xpYWtzdGVzdGtjbzQ0NAogICAgdXNlcjogY2x1c3RlclVzZXJfY2xpdGVzdGU2c3l5aXRvaTVfY2xpYWtzdGVzdGtjbzQ0NAogIG5hbWU6IGNsaWFrc3Rlc3RrY280NDQKY3VycmVudC1jb250ZXh0OiBjbGlha3N0ZXN0a2NvNDQ0CmtpbmQ6IENvbmZpZwpwcmVmZXJlbmNlczoge30KdXNlcnM6Ci0gbmFtZTogY2x1c3RlclVzZXJfY2xpdGVzdGU2c3l5aXRvaTVfY2xpYWtzdGVzdGtjbzQ0NAogIHVzZXI6CiAgICBjbGllbnQtY2VydGlmaWNhdGUtZGF0YTogTFMwdExTMUNSVWRKVGlCRFJWSlVTVVpKUTBGVVJTMHRMUzB0Q2sxSlNVWklWRU5EUVhkWFowRjNTVUpCWjBsUlVrRnRRa3hRVVRaM1VrVkNPVU0wTTA5bGIwRnFha0ZPUW1kcmNXaHJhVWM1ZHpCQ1FWRnpSa0ZFUVU0S1RWRnpkME5SV1VSV1VWRkVSWGRLYWxsVVFXVkdkekI1VFdwQmVFMXFWWGROZWxWNFRXcEdZVVozTUhsT1JFRjRUV3BWZDA1RVFYaE5ha1poVFVSQmVBcEdla0ZXUW1kT1ZrSkJiMVJFYms0MVl6TlNiR0pVY0hSWldFNHdXbGhLZWsxU1ZYZEZkMWxFVmxGUlJFVjNlSFJaV0U0d1dsaEthbUpIYkd4aWJsRjNDbWRuU1dsTlFUQkhRMU54UjFOSllqTkVVVVZDUVZGVlFVRTBTVU5FZDBGM1oyZEpTMEZ2U1VOQlVVUkZTM2ROU0ZNM1MydGtNMVZ1Ymk4d1VXUkVPR2tLT0dGak1YbGllV3R6ZERSM1IyOVFSakJEZDBoQ2J6VnliMVJJWWpWRFNrWkRha1pwTUhweVYzZHhWbm8wZGtSTGVuZGxWRVJSV2pkelFVSnpSemgzV0FwbU9WWm9WR1YzVVV4R1IwUkNkVWxyTkRCd1MyOW1Xa0l3Wkc1ak1WZG1kRkpMTWpjMVkyd3diaXRHZVU1cFlVeHFkR3N2TkRsaVZYWklOSHA2UTNoU0NsRkRkbmw2VTBkME5Hd3dRbE5wTnpnMGVrRkhTVEl6ZEhSM1pXUnNUMjlVTjI5QlVFSkxSbXBrTUZsQmNYcDZXVlpFYVM5RFRXdEZOM2xaYjNCVlYyOEtSM1IyWVhkck1IRkxRMWRoZFM5cFR6TmtVR1Z4VWtGU1NFUnBVV0ZGUm5SaGIwMXVMM1lyT1ROTGFsVTNXbHB4TTNOVllTOHdSV0kyTWxneWNteHdlQW94WjFCNWRXWTJTVGt5UzI5MVYzcEJiMmgwTXpkclNtTXJNR2xtWjNkbWQyaDNNeTlYYkZaeWNFMTBTakJLTjFjMGRXeFVhM2RRTm1NcmJsbHRaamRUQ2pJeFRDdFBiRUZGZHpKUVltUlNka3BzYWpSdVVGSlBXbEJhWkRsV2VHMXdNbWRFZFVWM1RHRXlkWGhJUzJwSFUzSkZkVE1yU0hsblNFZEZXbWRMV2pFS01rMHZOREJLWjNJdlMwOVlWMjUyUVRaSVlYUm5ha05xVERsbUszbG9NVmRMYjB0amVVTnhNR2gyWXpVM09FOTNkazlFZVhKSVUwdFlOV1ZuVGxaNVR3b3ZVa3MxYTFacU1IbFFjVVZGTVhoT1RsWTNZVW92UVRORVRtVkpRMUl3VVdKRVFVRXJOMFZ5U1hGcWVFa3dRbmxpVkRVd1JUUmxOMkl3TUU1NVYybEVDbEU0YTBwMGNYTXpOV2Q1VWxKV0szbDBjelpSTkVGWlVVZDJWSEUyY21RMWEzZHFZVlp6T1hoNFExRnZTMGhMUzJ0TWIyWkpORzFrVjFkdlVEbE9TbEVLV1dSV09YUllZM0pYVDJGV2EzZHJTV0p1ZFRKdmEydEplVVJ0VTNBMFdrd3pRa0pTZDNRNGVEVnlVbGRJZEhnemNHVTVjbVJJT0hCeE1WSjJVa1l3UWdwbVRIUnBOamxSYzBzdlVHcHBkVEYwTjNkRFRYcFJTVVJCVVVGQ2J6RlpkMVpFUVU5Q1owNVdTRkU0UWtGbU9FVkNRVTFEUW1GQmQwVjNXVVJXVWpCc0NrSkJkM2REWjFsSlMzZFpRa0pSVlVoQmQwbDNSRUZaUkZaU01GUkJVVWd2UWtGSmQwRkVRV1pDWjA1V1NGTk5SVWRFUVZkblFsRldSRE5rUlRKb2RFZ0tOWFZYYlhCc1VUUmhOM0ZUVVV3M1VEZHFRVTVDWjJ0eGFHdHBSemwzTUVKQlVYTkdRVUZQUTBGblJVRk5NbFpOYm1GNGFHMW1jRGgwU1ZkSldrRjVOUXBIYXpCWmVESTBaMU5ZYVRCMWNIWjFZVzl0WmxCMlptVmtTMDAyTmxKcmRIQjNNV1pNUkVkc2JYRnNVRlJKYURGeGEzaHVjMUUzTkdwT2FHcG5XVlpEQ214NkwzRlJUR2hYZUZGc1JrMTROWGh4Ukc1cFdtMVZaM28xYUZod2RTOVRNblZpWkRkMmMwOUtXR2dyT1Vwa05GQnFhME5CUjNFemJtaGpNRXB4Y1VNS0sxQXZaVFUwYlVvd0szZFRhbE5HTDNZeFVGbHBXbVZMTVZGSlZIZDNUMlpyYW5FNWJVdzNXVkV5ZVZsTmJVTXhTV2RXUkhRMFR6SjNWek5oTWt0RVNBcFBhR2R0VkZsbk5WcGlVWFJoV0c5cmRUQnBaaXRyVGs5YWQxZzJXRGxTYlV4eE1IcEtka0l2WTNWWVVtTjRkSFV2YTBSc1FWZE5lak5DWldWWk5rSnpDaTg0UmxoNVEwVTVjblFyVW1aQmJXdFJZVE12VmtkUFMxVkNkbm81TUhWTWJrOU1UVFpzYWpobGVsbHNMMWt4Y0RoVkwxRnZUek51VEZSVFJsSlJkbklLTjB3MlpqTm1TVzFMZDJ4QmNtcFZSWHBGZVhwV1lrMDNXbmxhU2l0UlNIcGhTVTVEY2pZMFlrY3dVVVJrWjJScFVtZExTbGhoWmxob1V6Uk9UMlphVGdvNVRETXZUVkZHVmswdk1HaHdWbE0xYlVzMWRuaHVhMjlyWWl0cVpqSnZPV281VkV3NFFUWm1URVpqVFdSb1puRjVPVEJ2T0ZGUlZtZ3ZiM1pwYWs5aENtWnNTblpFYUhGeVVsSXlNM0JaYkdVeWFGTlVlWGx6YTJZeFFteDFWREY1YWpaYVVUWldURGhaWkRGdlFrSnJkMVZCU0U1cU1rd3pkVVpQTlRSdmJEQUtaVlZ5ZVM5MmVVSlVNREo0VEZsd04yZFBaVUpvWTJaMlRGTjVLM1UyVFdWWWEySmlXQzlOVDFGQmNESktjRWRFUWxod1ZVMDBZVXBSY0c5TmRrWmxhd3BDZVdsaGJFTkdMM0EwYm5OeFUyWnVTVzlyVkZWaWJtc3hhbGxvZEVaNFIyMU5kVXRwV0hoaFJYTjJaMGRQSzJvMWVtWnFhemgzVGtGWVVWcFRWRWRVQ2tkRVlsTlJXbXhVYldoV1ptTnhZMlpYUTBKMWVrbHJQUW90TFMwdExVVk9SQ0JEUlZKVVNVWkpRMEZVUlMwdExTMHRDZz09CiAgICBjbGllbnQta2V5LWRhdGE6IExTMHRMUzFDUlVkSlRpQlNVMEVnVUZKSlZrRlVSU0JMUlZrdExTMHRMUXBOU1VsS1MwRkpRa0ZCUzBOQlowVkJlRU56UkVJd2RYbHdTR1F4U2pVdk9VVklVUzlKZGtkdVRtTnRPSEJNVEdWTlFuRkVlR1JCYzBKM1lVOWhOa1Y0Q2pJclVXbFNVVzk0V1hSTk5qRnpTMnhqSzB4M2VYTTRTR3QzTUVkbE4wRkJZa0oyVFVZekwxWlpWVE56UlVONFVtZDNZbWxLVDA1TFUzRklNbEZrU0ZvS00wNVdiamRWVTNSMUsxaEtaRW92YUdOcVdXMXBORGRhVUN0UVZ6Rk1lQ3ROT0hkelZWVkJjamh6TUdoeVpVcGtRVlZ2ZFM5UFRYZENhVTUwTjJKalNBcHVXbFJ4UlNzMlFVUjNVMmhaTTJSSFFVdHpPREpHVVRSMmQycEtRazg0YlV0TFZrWnhRbkppTW5OS1RrdHBaMnh0Y25ZMGFuUXpWRE54YTFGRlVuYzBDbXRIYUVKaVYzRkVTaTgzTDNaa2VXOHhUekpYWVhRM1JrZDJPVUpISzNSc09YRTFZV05rV1VRNGNtNHJhVkJrYVhGTWJITjNTMGxpWkNzMVExaFFkRWtLYmpSTlNEaEpZMDR2TVhCV1lUWlVURk5rUTJVeGRVeHdWVFZOUkN0dVVIQXlTbTRyTUhSMFV5OXFjRkZDVFU1cU1qTlZZbmxhV1N0S2VqQlViVlF5V0FwbVZtTmFjV1J2UVRkb1RVTXlkSEp6VW5sdmVHdHhlRXgwTDJnNGIwSjRhRWRaUTIxa1pHcFFLMDVEV1VzdmVXcHNNWEEzZDA5b01uSlpTWGR2ZVM5WUNpOXpiMlJXYVhGRGJrMW5jWFJKWWpOUFpTOUVjMHg2WnpoeGVEQnBiQ3RZYjBSV1kycDJNRk4xV2taWk9VMXFObWhDVG1OVVZGWmxNbWxtZDA1M2VsZ0thVUZyWkVWSGQzZEJVSFY0UzNsTGJ6aFRUa0ZqYlRBclpFSlBTSFV5T1U1RVkyeHZaekJRU2tOaVlYSk9LMWxOYTFWV1puTnlZazlyVDBGSFJVSnlNQW8yZFhFelpWcE5TVEpzWWxCalkxRnJTME5vZVdsd1F6WkllVTlLYmxac2NVUXZWRk5WUjBoV1ptSldNMHN4YW0xc1drMUtRMGMxTjNSeFNrcERUV2MxQ210eFpVZFRPWGRSVldOTVprMWxZVEJXYURkalpEWllkbUV6VWk5TFlYUlZZakJTWkVGWWVUZFpkWFpWVEVOMmVqUTBjblJpWlRoQmFrMHdRMEYzUlVFS1FWRkxRMEZuUVRKcFZ6WjVTRWt4ZUhjdlVrTkxLM2xFU1c4MVlTOUxkbkl2UlZsQ01DdHBTbTU0VmpkaVZVTlJVVE5hWXpOa1pYRjBiVmxCYnpkRVVBcE9UVXB4Tm01d2RFZFhObmROTlZvM1pqSmxTMEUwYUdGb1pTOWljVXRLSzBKMFpsZE9lbmREU0ZkMlNuSmFZamswVFVaQ01EQkhjV0l6YjFKTlRVeE5DazVxYjI1MmFuUkVUVmRNVGpoamVtTlJhemszYmxaMlNYTnlOblpoUWxCUU1FMHZTVTByU2k5a1ZYaFRObWxhZW5wdE0wWmFUbXQwUzJwV1dtcFVhakFLT0N0cFlXRndTaTl3VW5Wd1YwOUVaREl5Wkc1bk9GVnpSRFpoY0RoaE1teDRPV05GU0ZZd00wRTBUVFl4VG10UFZXaHZlRm8xVFdsTmNHNWtMMWh4ZUFwS0syVmFkRlJ6U3pFelN6SkRNMFJ2TjBsWlFtRlNVbFF6UnpCM2MweHpkMUpDTVV4dWRIUkROVk52YVRnck5raEVVM0JQUWpFMVRsZHVVbVZ1YlRFMUNucElaSEpGWTIxcGJpdHNTUzlLVXpWek1tMXlkVFJaVEhabFVtdzFVa05NUWtGRlNVRm9WbGN4Y1Zjd1lXRTBNRFZaYUVadFRWRTNOMDVQWlhoUVVVNEtaRlo1T0VKT00weGpTeTlxVlV4U05WSXliMXBzV1haTE5EZ3Zha1ppYm1KMGQyNVhjalZXU2poYUszSnRlVVZqVEdNclVYTlNUM3BXTlc1UGFqbElid3B0T0VGbGFTOVViWFpPV1ZsUVNVZFlTV3BNVlRaclZrRmhjMmhPWlZWek5uVjNPV05tT0RoemNuVmljelpHVW1ab1JXWm5Ra3R3UmpZeGRubGpibXBGQ2xGdlppOVBOMFJJTjA5NE1pdDBkVzlNZUhSaFlWb3hUVU5qVGpCck5ra3lRMnRNVm5aUFFTdExlWGxGS3pSQmFUQmFTa2hZWWpCQmNVSnpNREZUVms4S00wSTJWRlpxTW14V1lVODBWMjkyVEdkM0syOVFNR3h3VmtZNGIwMDFOVkpFVWk5VWNpOVhNVFpYWmtkVWEwcHJjRVJKZGtveFR6bEhRV1J3WjI0ek5ncGhSM0pUVlcwM1dreDZiakpTUzFndlJTdG1aVVJFYzI5WWRtSmFTWEJETDAxU1kzazBRMlJsZVdSdmVHY3ljbXRWVVV0RFFWRkZRWGhYY1dsdmRuUlVDbkV4ZVRNdkwxQXhMMGRJZWpkWlZGazRiRTExTjBwblpVdHZWRTEyTkc1aVMyMUNTbFpMY1ZKRFdWWjBTMVJPVkdvNVdWUlJkMHhEVEhBeWNtTjRVR1lLUVc0M2RFNUNlRnBSVms5MFNHSjNZeXMwVUhsc2MxUlBVVTlWTlZOaVdrOTZiSGxIY0ROcFVFNUtPQ3RySzBWdldXbzJlRmRaYlVGYVNFeDROSEl3WVFvdmNHZGxia1JsYUc5SWVXbE1NM05uVURKb2VFNVpOQ3Q1YUN0UGN6WmFWRmRLYkhGTldVVXJSbk5EWlRJd1RFUk9hR1JsUXpBMlRHUkJNak5yTVhwS0Nua3pXVEpzVm5ob01HVnhaMGxFTlU5TGRtOHZia1pxTVdFMFIxcEhUbVpxVVV0d1VHcEVaV2sxVEZweVVsUjFOalY2TjNOTmNVVklaVk51Y3pseVJrZ0tRakJvWWxsaVVERTNRVUl3UW1ZeFkxTmxObVpsWWtFM2JUTjNSR0V6VFcxMFJtWnZVbXR3ZFZaR2MwWnRhbVZzUjNWcldYSTJiV2xCVUdsUkx6QnBVd3B1VUhkdWFTdE1NbFJMY1hrMmQwdERRVkZGUVM5dFIwaE5hbXRMVkVsQ2IzbzJTVlZRWlRkb1NtRjFNVWRIUkZrMFpqbDRiVmxpUjFWTVFXUkVORGhWQ2tScFNGaDNZekJSYkdkYU1TdFpORFI0V25ZeVNWRjZiMWMxVjBoNlVGVkxVbFZNVjFKdVYxTmhOV2wxTkhKbGQwZEhhWFo1ZDJwSk1pdHBTVEpMVjNRS2JFOUxWV2x2YTBoWksyODJUSFZOV1dveVJYZE1jbkpSUmtsbFpucFZSbGgxVWt4aVdGSXdRMFZGZFhBdlQxSXhZM0JXVVVoQ1lqY3dWV2w1VkhCWGRncDRNMjhySzBSUmNWbG9ZMWRaS3pGcVRsZDZhbkJrU25veWFuUkVOVzVZVkhCSVVYRXlSbVF4YURodGJuWjZPSHB6Vm1aRFVVc3dMMVEyWVVaYVluTXpDa05wVmpKNVZtMU5ORlp1VUVsS2FXTjVkVmRuTDNCM1duUTFPU3R0UzA1RFYzSnhLelpMVjFsblkycHRjRU5JWTFGSWVqSk9SR3BoVkhCVVFXSnFUV2NLVVdoTVZXdEpWM1JSYWxsMVNEaFpTMHhETUUxbmJYZDNTbWcxYlZob2FUbFpiRmxETDJjd2FFcDNTME5CVVVWQmJuVlNkeXRzVkcxNGRXNWtabkpxVVFwd09ETXZSWEJFTWxCRVVWQmtTVmxMTkZwWU5WcGpRMFJGWkhoc2NWTjFVR2xQV2toTlpqUktjRFU1V2paWWJIazJVMjl0VFVnd2VEVlZVbUpxY2tkNUNtUlJNM2RNUW5GWlExTm1kVkJOVFhsaWNrVlJTblpCUWtKaU9HRTRabVp4Tm5sUGQzSnFNWFY2TkZFclNXZzJNWEJEVDFBMVJISnZWM3B1T0dsVFpVNEtaM2x3VGt3MFNXVk9iWEpPYXpWc2JHMUVSa2RJWm05ck5IYzJNMnhvYVRjM1NIZHJXRGN5WjJWUmVtUjFTMUZFVVdWck5HTXZZMlY0UVM5c1duUnVkd3BOV2tKNVUxRkdZekJQUzFORFJHcG9ZbmxJYTBrd1lTOTBaa0psUkdwR1NtWnRVVVZsY21wVlpXZE1MMEZPUkhsMmRXRnlkblpLTkdoTVowMU9Ubk4yQ21WRUx6RkphekJHTVhOMWEzUTRSRTFsVW5saVpFRlJLMmh5UTNGV2MycGFaa1JQTW10eFZuVXdabGxETVVndmJqQklaeTh5TDJsQ1lVeEVZVGcxUVRrS1VsQXJkU3RSUzBOQlVVSlVaMXA1Y1VwblRqRm1ZVzV4YWpKQ2NIWkhUalI0Um1SamRURTBNMUZ0TXl0WmFtNTZMM1o0Y2xGVFRIRlRURE5XVW5kWmN3b3lZelJqYzBVeEszZFhXVnBFTWpKMmMzWlRlbTFpVmxoaE1IVkJUV1JTZUUxa2QyNVlVRzFZTm1KWVluaDJValZFUjNKM1FTdE9jSFp5TDFsbmIyUkZDbWt6TW5sTGNXSkVWM0p3UVdaT09GWXZhbVU1V0RkbU1tSXpVa2h4ZFVGcmFsWkpkVlJMYTNCb2F6WlpRMmQwT0dSdmNtbE9WVEZTUWtwYWNsVkhVMmdLWTNOaVRUUjJOM2RoVDBOTFlsQXpVRXBEYkRCSVJGaDNRa3B4VlVSd1NITnJOSGhZZDJReWMxZEJlbE4zYjNwSlJIWm5NMjU1TDBGVGRrRnNlRkp1TUFwWFJrVm5aVVJxZDJWc1ZsSm1PV3RLWVVob1kycDVkVmhOVkhFcmEwc3plRE5SZFhBd1pIWkdOVGN2UkVGUE4xcFpVV1ZUY0ZsSWRtSjBUVTAxYmxWekNrTlVSVE5EVVVsS05HNW1OakJLTURGNGEwVkJibk53T0RNMVRqTTFjMDQ1UVc5SlFrRkJNbEZOWTFobVkxQnpValpsZGs5UGIydE1XbVJDTjFaVlpuY0tjMXBrUW5rMWRVZHpXR1V4TUcxUlNUaG9UVE0yTTFSaVdrNVdTMGhWT0ZBMmRuWlJVSEpDYTFGRlFrTjJOV3R4YkVNdk0yNVlhRVpGV25OblNtaHVXUXBSYTBSTFVUTkhMM1IyV1RONlFVUkhNMVJPTUZwSGN6UlRkVXBaUm5OQ05pOUlRbTV4TVVsTGNFSXpWRUZaVVdWYWMyaElVak5PTDFGRWFreE1WMnBWQ2xwWVYxUXJhVFJGZW5Kb1oza3hNMlkwYkUxdVVsUlhSV05pYUd0Q1dUaFVkelJuUW5KSFFWSTJNM3BIU1d0MGRYWldTMHBQU1V4NmJtNVBSM0YxZHk4S2NtRk1SR1ZJV1dOMldYRndWbkpTZUVNd016QTVTVkI1UmxvMFRFUlJObnBvTnl0eldVWmFObTFsUkVKbmIycEtWbVlyYlV4Q00zTlVUblEwVG1sWlZncExUM3BCUnpOR2FTdHFjVTVIZGpsSVJXMTBTbU5sY1dkSWJtOVBaa1JCVlVkTVZFNVFhMk5MTTFaUWQxZHZOMEpqTVZsbWVUQlBkV2d5T0QwS0xTMHRMUzFGVGtRZ1VsTkJJRkJTU1ZaQlZFVWdTMFZaTFMwdExTMEsKICAgIHRva2VuOiAyOGE1MTA4NDIzYzMwMDE1YzA4OTg2ZmRlMDNjN2NkNmY3Yjg4ZGZhNzBiMmVkZjMzOGUyMDVmNWQ0NDEzZTZjYjk0YjA4MzhhNjdkNzkyYzNkNjUwYWI2N2ZmM2QyYmE0NDNiZTAwYmI1YjQ0MjQ3YmUwYzVmMGJiNGI4ZmIzMAo=\"\n
        \  }\n  ]\n }"
    headers:
      cache-control:
      - no-cache
      content-length:
      - '13084'
      content-type:
      - application/json
      date:
      - Tue, 25 Jan 2022 04:03:52 GMT
      expires:
      - '-1'
      pragma:
      - no-cache
      server:
      - nginx
      strict-transport-security:
      - max-age=31536000; includeSubDomains
      transfer-encoding:
      - chunked
      vary:
      - Accept-Encoding
      x-content-type-options:
      - nosniff
      x-ms-ratelimit-remaining-subscription-writes:
      - '1198'
    status:
      code: 200
      message: OK
- request:
    body: null
    headers:
      Accept:
      - application/json
      Accept-Encoding:
      - gzip, deflate
      CommandName:
      - aks update
      Connection:
      - keep-alive
      ParameterSetName:
      - -g -n --load-balancer-outbound-ips
      User-Agent:
      - AZURECLI/2.32.0 azsdk-python-azure-mgmt-containerservice/16.4.0 Python/3.8.10
        (Linux-5.11.0-1027-azure-x86_64-with-glibc2.29)
    method: GET
    uri: https://management.azure.com/subscriptions/00000000-0000-0000-0000-000000000000/resourceGroups/clitest000001/providers/Microsoft.ContainerService/managedClusters/cliakstest000001?api-version=2021-10-01
  response:
    body:
      string: "{\n  \"id\": \"/subscriptions/00000000-0000-0000-0000-000000000000/resourcegroups/clitest000001/providers/Microsoft.ContainerService/managedClusters/cliakstest000001\",\n
        \ \"location\": \"westus2\",\n  \"name\": \"cliakstest000001\",\n  \"type\":
        \"Microsoft.ContainerService/ManagedClusters\",\n  \"properties\": {\n   \"provisioningState\":
        \"Succeeded\",\n   \"powerState\": {\n    \"code\": \"Running\"\n   },\n   \"kubernetesVersion\":
        \"1.21.7\",\n   \"dnsPrefix\": \"cliaksdns000004\",\n   \"fqdn\": \"cliaksdns000004-bfc49095.hcp.westus2.azmk8s.io\",\n
        \  \"azurePortalFQDN\": \"cliaksdns000004-bfc49095.portal.hcp.westus2.azmk8s.io\",\n
        \  \"agentPoolProfiles\": [\n    {\n     \"name\": \"nodepool1\",\n     \"count\":
        1,\n     \"vmSize\": \"Standard_DS2_v2\",\n     \"osDiskSizeGB\": 128,\n     \"osDiskType\":
        \"Managed\",\n     \"kubeletDiskType\": \"OS\",\n     \"maxPods\": 110,\n
        \    \"type\": \"VirtualMachineScaleSets\",\n     \"enableAutoScaling\": false,\n
        \    \"provisioningState\": \"Succeeded\",\n     \"powerState\": {\n      \"code\":
        \"Running\"\n     },\n     \"orchestratorVersion\": \"1.21.7\",\n     \"enableNodePublicIP\":
        false,\n     \"mode\": \"System\",\n     \"enableEncryptionAtHost\": false,\n
        \    \"enableUltraSSD\": false,\n     \"osType\": \"Linux\",\n     \"osSKU\":
        \"Ubuntu\",\n     \"nodeImageVersion\": \"AKSUbuntu-1804gen2containerd-2022.01.07\",\n
        \    \"enableFIPS\": false\n    }\n   ],\n   \"linuxProfile\": {\n    \"adminUsername\":
        \"azureuser\",\n    \"ssh\": {\n     \"publicKeys\": [\n      {\n       \"keyData\":
        \"ssh-rsa AAAAB3NzaC1yc2EAAAADAQABAAABAQDJZKKi/Smi4GoBIAJ6trVE0X9tR6eaDItEwb/EuPrtXyJMl9TVWH5TfAjUV29pwFh1w29P0ttywlD21je8juMc+7yfal3aPfTSoLIA7wKbZAfSDovuSVBnuaoK+HeKAb2EfpQae/Dd4Pmj38pyQlPFCG8bxM3hJ5Y5BiwDYMnjC6pYyY1ceBYQ3FnITumUFd3FXxB5ozj/ooNvOmKDRcPr3xDRf5gE2Xc/Pr3lsk7/N2NNfFFsICY3a9KnMD4H1wgYOCX8XuIGK5ANwGUQu2wEODapsnivns8BhvXtePnzUEpzOtk2LF11gHZWrykBzm4lvphQghWugtbTqyY5SBur
        azcli_aks_live_test@example.com\\n\"\n      }\n     ]\n    }\n   },\n   \"servicePrincipalProfile\":
        {\n    \"clientId\":\"00000000-0000-0000-0000-000000000001\"\n   },\n   \"nodeResourceGroup\":
        \"MC_clitest000001_cliakstest000001_westus2\",\n   \"enableRBAC\": true,\n
        \  \"networkProfile\": {\n    \"networkPlugin\": \"kubenet\",\n    \"loadBalancerSku\":
        \"Standard\",\n    \"loadBalancerProfile\": {\n     \"outboundIPs\": {\n      \"publicIPs\":
        [\n       {\n        \"id\": \"/subscriptions/00000000-0000-0000-0000-000000000000/resourceGroups/clitest000001/providers/Microsoft.Network/publicIPAddresses/cliaksslbip1000002\"\n
        \      }\n      ]\n     },\n     \"effectiveOutboundIPs\": [\n      {\n       \"id\":
        \"/subscriptions/00000000-0000-0000-0000-000000000000/resourceGroups/clitest000001/providers/Microsoft.Network/publicIPAddresses/cliaksslbip1000002\"\n
        \     }\n     ],\n     \"allocatedOutboundPorts\": 0,\n     \"idleTimeoutInMinutes\":
        30\n    },\n    \"podCidr\": \"10.244.0.0/16\",\n    \"serviceCidr\": \"10.0.0.0/16\",\n
        \   \"dnsServiceIP\": \"10.0.0.10\",\n    \"dockerBridgeCidr\": \"172.17.0.1/16\",\n
        \   \"outboundType\": \"loadBalancer\",\n    \"podCidrs\": [\n     \"10.244.0.0/16\"\n
        \   ],\n    \"serviceCidrs\": [\n     \"10.0.0.0/16\"\n    ],\n    \"ipFamilies\":
        [\n     \"IPv4\"\n    ]\n   },\n   \"maxAgentPools\": 100,\n   \"identityProfile\":
        {\n    \"kubeletidentity\": {\n     \"resourceId\": \"/subscriptions/00000000-0000-0000-0000-000000000000/resourcegroups/MC_clitest000001_cliakstest000001_westus2/providers/Microsoft.ManagedIdentity/userAssignedIdentities/cliakstest000001-agentpool\",\n
        \    \"clientId\":\"00000000-0000-0000-0000-000000000001\",\n     \"objectId\":\"00000000-0000-0000-0000-000000000001\"\n
        \   }\n   },\n   \"disableLocalAccounts\": false\n  },\n  \"identity\": {\n
        \  \"type\": \"SystemAssigned\",\n   \"principalId\":\"00000000-0000-0000-0000-000000000001\",\n
        \  \"tenantId\": \"72f988bf-86f1-41af-91ab-2d7cd011db47\"\n  },\n  \"sku\":
        {\n   \"name\": \"Basic\",\n   \"tier\": \"Free\"\n  }\n }"
    headers:
      cache-control:
      - no-cache
      content-length:
      - '3655'
      content-type:
      - application/json
      date:
      - Tue, 25 Jan 2022 04:03:52 GMT
      expires:
      - '-1'
      pragma:
      - no-cache
      server:
      - nginx
      strict-transport-security:
      - max-age=31536000; includeSubDomains
      transfer-encoding:
      - chunked
      vary:
      - Accept-Encoding
      x-content-type-options:
      - nosniff
    status:
      code: 200
      message: OK
- request:
    body: '{"location": "westus2", "sku": {"name": "Basic", "tier": "Free"}, "identity":
      {"type": "SystemAssigned"}, "properties": {"kubernetesVersion": "1.21.7", "dnsPrefix":
      "cliaksdns000004", "agentPoolProfiles": [{"count": 1, "vmSize": "Standard_DS2_v2",
      "osDiskSizeGB": 128, "osDiskType": "Managed", "kubeletDiskType": "OS", "maxPods":
      110, "osType": "Linux", "osSKU": "Ubuntu", "enableAutoScaling": false, "type":
      "VirtualMachineScaleSets", "mode": "System", "orchestratorVersion": "1.21.7",
      "powerState": {"code": "Running"}, "enableNodePublicIP": false, "enableEncryptionAtHost":
      false, "enableUltraSSD": false, "enableFIPS": false, "name": "nodepool1"}],
      "linuxProfile": {"adminUsername": "azureuser", "ssh": {"publicKeys": [{"keyData":
      "ssh-rsa AAAAB3NzaC1yc2EAAAADAQABAAABAQDJZKKi/Smi4GoBIAJ6trVE0X9tR6eaDItEwb/EuPrtXyJMl9TVWH5TfAjUV29pwFh1w29P0ttywlD21je8juMc+7yfal3aPfTSoLIA7wKbZAfSDovuSVBnuaoK+HeKAb2EfpQae/Dd4Pmj38pyQlPFCG8bxM3hJ5Y5BiwDYMnjC6pYyY1ceBYQ3FnITumUFd3FXxB5ozj/ooNvOmKDRcPr3xDRf5gE2Xc/Pr3lsk7/N2NNfFFsICY3a9KnMD4H1wgYOCX8XuIGK5ANwGUQu2wEODapsnivns8BhvXtePnzUEpzOtk2LF11gHZWrykBzm4lvphQghWugtbTqyY5SBur
      azcli_aks_live_test@example.com\n"}]}}, "servicePrincipalProfile": {"clientId":"00000000-0000-0000-0000-000000000001"},
      "nodeResourceGroup": "MC_clitest000001_cliakstest000001_westus2", "enableRBAC":
      true, "networkProfile": {"networkPlugin": "kubenet", "podCidr": "10.244.0.0/16",
      "serviceCidr": "10.0.0.0/16", "dnsServiceIP": "10.0.0.10", "dockerBridgeCidr":
      "172.17.0.1/16", "outboundType": "loadBalancer", "loadBalancerSku": "Standard",
      "loadBalancerProfile": {"outboundIPs": {"publicIPs": [{"id": "/subscriptions/00000000-0000-0000-0000-000000000000/resourceGroups/clitest000001/providers/Microsoft.Network/publicIPAddresses/cliaksslbip1000002"},
      {"id": "/subscriptions/00000000-0000-0000-0000-000000000000/resourceGroups/clitest000001/providers/Microsoft.Network/publicIPAddresses/cliaksslbip2000003"}]},
      "effectiveOutboundIPs": [{"id": "/subscriptions/00000000-0000-0000-0000-000000000000/resourceGroups/clitest000001/providers/Microsoft.Network/publicIPAddresses/cliaksslbip1000002"}],
      "allocatedOutboundPorts": 0, "idleTimeoutInMinutes": 30}, "podCidrs": ["10.244.0.0/16"],
      "serviceCidrs": ["10.0.0.0/16"], "ipFamilies": ["IPv4"]}, "identityProfile":
      {"kubeletidentity": {"resourceId": "/subscriptions/00000000-0000-0000-0000-000000000000/resourcegroups/MC_clitest000001_cliakstest000001_westus2/providers/Microsoft.ManagedIdentity/userAssignedIdentities/cliakstest000001-agentpool",
      "clientId":"00000000-0000-0000-0000-000000000001", "objectId":"00000000-0000-0000-0000-000000000001"}},
      "disableLocalAccounts": false}}'
    headers:
      Accept:
      - application/json
      Accept-Encoding:
      - gzip, deflate
      CommandName:
      - aks update
      Connection:
      - keep-alive
      Content-Length:
      - '2644'
      Content-Type:
      - application/json
      ParameterSetName:
      - -g -n --load-balancer-outbound-ips
      User-Agent:
      - AZURECLI/2.32.0 azsdk-python-azure-mgmt-containerservice/16.4.0 Python/3.8.10
        (Linux-5.11.0-1027-azure-x86_64-with-glibc2.29)
    method: PUT
    uri: https://management.azure.com/subscriptions/00000000-0000-0000-0000-000000000000/resourceGroups/clitest000001/providers/Microsoft.ContainerService/managedClusters/cliakstest000001?api-version=2021-10-01
  response:
    body:
      string: "{\n  \"id\": \"/subscriptions/00000000-0000-0000-0000-000000000000/resourcegroups/clitest000001/providers/Microsoft.ContainerService/managedClusters/cliakstest000001\",\n
        \ \"location\": \"westus2\",\n  \"name\": \"cliakstest000001\",\n  \"type\":
        \"Microsoft.ContainerService/ManagedClusters\",\n  \"properties\": {\n   \"provisioningState\":
        \"Updating\",\n   \"powerState\": {\n    \"code\": \"Running\"\n   },\n   \"kubernetesVersion\":
        \"1.21.7\",\n   \"dnsPrefix\": \"cliaksdns000004\",\n   \"fqdn\": \"cliaksdns000004-bfc49095.hcp.westus2.azmk8s.io\",\n
        \  \"azurePortalFQDN\": \"cliaksdns000004-bfc49095.portal.hcp.westus2.azmk8s.io\",\n
        \  \"agentPoolProfiles\": [\n    {\n     \"name\": \"nodepool1\",\n     \"count\":
        1,\n     \"vmSize\": \"Standard_DS2_v2\",\n     \"osDiskSizeGB\": 128,\n     \"osDiskType\":
        \"Managed\",\n     \"kubeletDiskType\": \"OS\",\n     \"maxPods\": 110,\n
        \    \"type\": \"VirtualMachineScaleSets\",\n     \"enableAutoScaling\": false,\n
        \    \"provisioningState\": \"Updating\",\n     \"powerState\": {\n      \"code\":
        \"Running\"\n     },\n     \"orchestratorVersion\": \"1.21.7\",\n     \"enableNodePublicIP\":
        false,\n     \"mode\": \"System\",\n     \"enableEncryptionAtHost\": false,\n
        \    \"enableUltraSSD\": false,\n     \"osType\": \"Linux\",\n     \"osSKU\":
        \"Ubuntu\",\n     \"nodeImageVersion\": \"AKSUbuntu-1804gen2containerd-2022.01.07\",\n
        \    \"enableFIPS\": false\n    }\n   ],\n   \"linuxProfile\": {\n    \"adminUsername\":
        \"azureuser\",\n    \"ssh\": {\n     \"publicKeys\": [\n      {\n       \"keyData\":
        \"ssh-rsa AAAAB3NzaC1yc2EAAAADAQABAAABAQDJZKKi/Smi4GoBIAJ6trVE0X9tR6eaDItEwb/EuPrtXyJMl9TVWH5TfAjUV29pwFh1w29P0ttywlD21je8juMc+7yfal3aPfTSoLIA7wKbZAfSDovuSVBnuaoK+HeKAb2EfpQae/Dd4Pmj38pyQlPFCG8bxM3hJ5Y5BiwDYMnjC6pYyY1ceBYQ3FnITumUFd3FXxB5ozj/ooNvOmKDRcPr3xDRf5gE2Xc/Pr3lsk7/N2NNfFFsICY3a9KnMD4H1wgYOCX8XuIGK5ANwGUQu2wEODapsnivns8BhvXtePnzUEpzOtk2LF11gHZWrykBzm4lvphQghWugtbTqyY5SBur
        azcli_aks_live_test@example.com\\n\"\n      }\n     ]\n    }\n   },\n   \"servicePrincipalProfile\":
        {\n    \"clientId\":\"00000000-0000-0000-0000-000000000001\"\n   },\n   \"nodeResourceGroup\":
        \"MC_clitest000001_cliakstest000001_westus2\",\n   \"enableRBAC\": true,\n
        \  \"networkProfile\": {\n    \"networkPlugin\": \"kubenet\",\n    \"loadBalancerSku\":
        \"Standard\",\n    \"loadBalancerProfile\": {\n     \"outboundIPs\": {\n      \"publicIPs\":
        [\n       {\n        \"id\": \"/subscriptions/00000000-0000-0000-0000-000000000000/resourceGroups/clitest000001/providers/Microsoft.Network/publicIPAddresses/cliaksslbip1000002\"\n
        \      },\n       {\n        \"id\": \"/subscriptions/00000000-0000-0000-0000-000000000000/resourceGroups/clitest000001/providers/Microsoft.Network/publicIPAddresses/cliaksslbip2000003\"\n
        \      }\n      ]\n     },\n     \"effectiveOutboundIPs\": [\n      {\n       \"id\":
        \"/subscriptions/00000000-0000-0000-0000-000000000000/resourceGroups/clitest000001/providers/Microsoft.Network/publicIPAddresses/cliaksslbip1000002\"\n
        \     }\n     ],\n     \"allocatedOutboundPorts\": 0,\n     \"idleTimeoutInMinutes\":
        30\n    },\n    \"podCidr\": \"10.244.0.0/16\",\n    \"serviceCidr\": \"10.0.0.0/16\",\n
        \   \"dnsServiceIP\": \"10.0.0.10\",\n    \"dockerBridgeCidr\": \"172.17.0.1/16\",\n
        \   \"outboundType\": \"loadBalancer\",\n    \"podCidrs\": [\n     \"10.244.0.0/16\"\n
        \   ],\n    \"serviceCidrs\": [\n     \"10.0.0.0/16\"\n    ],\n    \"ipFamilies\":
        [\n     \"IPv4\"\n    ]\n   },\n   \"maxAgentPools\": 100,\n   \"identityProfile\":
        {\n    \"kubeletidentity\": {\n     \"resourceId\": \"/subscriptions/00000000-0000-0000-0000-000000000000/resourcegroups/MC_clitest000001_cliakstest000001_westus2/providers/Microsoft.ManagedIdentity/userAssignedIdentities/cliakstest000001-agentpool\",\n
        \    \"clientId\":\"00000000-0000-0000-0000-000000000001\",\n     \"objectId\":\"00000000-0000-0000-0000-000000000001\"\n
        \   }\n   },\n   \"disableLocalAccounts\": false\n  },\n  \"identity\": {\n
        \  \"type\": \"SystemAssigned\",\n   \"principalId\":\"00000000-0000-0000-0000-000000000001\",\n
        \  \"tenantId\": \"72f988bf-86f1-41af-91ab-2d7cd011db47\"\n  },\n  \"sku\":
        {\n   \"name\": \"Basic\",\n   \"tier\": \"Free\"\n  }\n }"
    headers:
      azure-asyncoperation:
      - https://management.azure.com/subscriptions/00000000-0000-0000-0000-000000000000/providers/Microsoft.ContainerService/locations/westus2/operations/aba479a9-2ea5-44eb-9aca-6f4f06b76309?api-version=2016-03-30
      cache-control:
      - no-cache
      content-length:
      - '3834'
      content-type:
      - application/json
      date:
      - Tue, 25 Jan 2022 04:03:55 GMT
      expires:
      - '-1'
      pragma:
      - no-cache
      server:
      - nginx
      strict-transport-security:
      - max-age=31536000; includeSubDomains
      transfer-encoding:
      - chunked
      vary:
      - Accept-Encoding
      x-content-type-options:
      - nosniff
      x-ms-ratelimit-remaining-subscription-writes:
      - '1194'
    status:
      code: 200
      message: OK
- request:
    body: null
    headers:
      Accept:
      - '*/*'
      Accept-Encoding:
      - gzip, deflate
      CommandName:
      - aks update
      Connection:
      - keep-alive
      ParameterSetName:
      - -g -n --load-balancer-outbound-ips
      User-Agent:
      - AZURECLI/2.32.0 azsdk-python-azure-mgmt-containerservice/16.4.0 Python/3.8.10
        (Linux-5.11.0-1027-azure-x86_64-with-glibc2.29)
    method: GET
    uri: https://management.azure.com/subscriptions/00000000-0000-0000-0000-000000000000/providers/Microsoft.ContainerService/locations/westus2/operations/aba479a9-2ea5-44eb-9aca-6f4f06b76309?api-version=2016-03-30
  response:
    body:
      string: "{\n  \"name\": \"a979a4ab-a52e-eb44-9aca-6f4f06b76309\",\n  \"status\":
        \"InProgress\",\n  \"startTime\": \"2022-01-25T04:03:55.4766666Z\"\n }"
    headers:
      cache-control:
      - no-cache
      content-length:
      - '126'
      content-type:
      - application/json
      date:
      - Tue, 25 Jan 2022 04:04:25 GMT
      expires:
      - '-1'
      pragma:
      - no-cache
      server:
      - nginx
      strict-transport-security:
      - max-age=31536000; includeSubDomains
      transfer-encoding:
      - chunked
      vary:
      - Accept-Encoding
      x-content-type-options:
      - nosniff
    status:
      code: 200
      message: OK
- request:
    body: null
    headers:
      Accept:
      - '*/*'
      Accept-Encoding:
      - gzip, deflate
      CommandName:
      - aks update
      Connection:
      - keep-alive
      ParameterSetName:
      - -g -n --load-balancer-outbound-ips
      User-Agent:
      - AZURECLI/2.32.0 azsdk-python-azure-mgmt-containerservice/16.4.0 Python/3.8.10
        (Linux-5.11.0-1027-azure-x86_64-with-glibc2.29)
    method: GET
    uri: https://management.azure.com/subscriptions/00000000-0000-0000-0000-000000000000/providers/Microsoft.ContainerService/locations/westus2/operations/aba479a9-2ea5-44eb-9aca-6f4f06b76309?api-version=2016-03-30
  response:
    body:
      string: "{\n  \"name\": \"a979a4ab-a52e-eb44-9aca-6f4f06b76309\",\n  \"status\":
        \"Succeeded\",\n  \"startTime\": \"2022-01-25T04:03:55.4766666Z\",\n  \"endTime\":
        \"2022-01-25T04:04:50.0430373Z\"\n }"
    headers:
      cache-control:
      - no-cache
      content-length:
      - '170'
      content-type:
      - application/json
      date:
      - Tue, 25 Jan 2022 04:04:55 GMT
      expires:
      - '-1'
      pragma:
      - no-cache
      server:
      - nginx
      strict-transport-security:
      - max-age=31536000; includeSubDomains
      transfer-encoding:
      - chunked
      vary:
      - Accept-Encoding
      x-content-type-options:
      - nosniff
    status:
      code: 200
      message: OK
- request:
    body: null
    headers:
      Accept:
      - '*/*'
      Accept-Encoding:
      - gzip, deflate
      CommandName:
      - aks update
      Connection:
      - keep-alive
      ParameterSetName:
      - -g -n --load-balancer-outbound-ips
      User-Agent:
      - AZURECLI/2.32.0 azsdk-python-azure-mgmt-containerservice/16.4.0 Python/3.8.10
        (Linux-5.11.0-1027-azure-x86_64-with-glibc2.29)
    method: GET
    uri: https://management.azure.com/subscriptions/00000000-0000-0000-0000-000000000000/resourceGroups/clitest000001/providers/Microsoft.ContainerService/managedClusters/cliakstest000001?api-version=2021-10-01
  response:
    body:
      string: "{\n  \"id\": \"/subscriptions/00000000-0000-0000-0000-000000000000/resourcegroups/clitest000001/providers/Microsoft.ContainerService/managedClusters/cliakstest000001\",\n
        \ \"location\": \"westus2\",\n  \"name\": \"cliakstest000001\",\n  \"type\":
        \"Microsoft.ContainerService/ManagedClusters\",\n  \"properties\": {\n   \"provisioningState\":
        \"Succeeded\",\n   \"powerState\": {\n    \"code\": \"Running\"\n   },\n   \"kubernetesVersion\":
        \"1.21.7\",\n   \"dnsPrefix\": \"cliaksdns000004\",\n   \"fqdn\": \"cliaksdns000004-bfc49095.hcp.westus2.azmk8s.io\",\n
        \  \"azurePortalFQDN\": \"cliaksdns000004-bfc49095.portal.hcp.westus2.azmk8s.io\",\n
        \  \"agentPoolProfiles\": [\n    {\n     \"name\": \"nodepool1\",\n     \"count\":
        1,\n     \"vmSize\": \"Standard_DS2_v2\",\n     \"osDiskSizeGB\": 128,\n     \"osDiskType\":
        \"Managed\",\n     \"kubeletDiskType\": \"OS\",\n     \"maxPods\": 110,\n
        \    \"type\": \"VirtualMachineScaleSets\",\n     \"enableAutoScaling\": false,\n
        \    \"provisioningState\": \"Succeeded\",\n     \"powerState\": {\n      \"code\":
        \"Running\"\n     },\n     \"orchestratorVersion\": \"1.21.7\",\n     \"enableNodePublicIP\":
        false,\n     \"mode\": \"System\",\n     \"enableEncryptionAtHost\": false,\n
        \    \"enableUltraSSD\": false,\n     \"osType\": \"Linux\",\n     \"osSKU\":
        \"Ubuntu\",\n     \"nodeImageVersion\": \"AKSUbuntu-1804gen2containerd-2022.01.07\",\n
        \    \"enableFIPS\": false\n    }\n   ],\n   \"linuxProfile\": {\n    \"adminUsername\":
        \"azureuser\",\n    \"ssh\": {\n     \"publicKeys\": [\n      {\n       \"keyData\":
        \"ssh-rsa AAAAB3NzaC1yc2EAAAADAQABAAABAQDJZKKi/Smi4GoBIAJ6trVE0X9tR6eaDItEwb/EuPrtXyJMl9TVWH5TfAjUV29pwFh1w29P0ttywlD21je8juMc+7yfal3aPfTSoLIA7wKbZAfSDovuSVBnuaoK+HeKAb2EfpQae/Dd4Pmj38pyQlPFCG8bxM3hJ5Y5BiwDYMnjC6pYyY1ceBYQ3FnITumUFd3FXxB5ozj/ooNvOmKDRcPr3xDRf5gE2Xc/Pr3lsk7/N2NNfFFsICY3a9KnMD4H1wgYOCX8XuIGK5ANwGUQu2wEODapsnivns8BhvXtePnzUEpzOtk2LF11gHZWrykBzm4lvphQghWugtbTqyY5SBur
        azcli_aks_live_test@example.com\\n\"\n      }\n     ]\n    }\n   },\n   \"servicePrincipalProfile\":
        {\n    \"clientId\":\"00000000-0000-0000-0000-000000000001\"\n   },\n   \"nodeResourceGroup\":
        \"MC_clitest000001_cliakstest000001_westus2\",\n   \"enableRBAC\": true,\n
        \  \"networkProfile\": {\n    \"networkPlugin\": \"kubenet\",\n    \"loadBalancerSku\":
        \"Standard\",\n    \"loadBalancerProfile\": {\n     \"outboundIPs\": {\n      \"publicIPs\":
        [\n       {\n        \"id\": \"/subscriptions/00000000-0000-0000-0000-000000000000/resourceGroups/clitest000001/providers/Microsoft.Network/publicIPAddresses/cliaksslbip1000002\"\n
        \      },\n       {\n        \"id\": \"/subscriptions/00000000-0000-0000-0000-000000000000/resourceGroups/clitest000001/providers/Microsoft.Network/publicIPAddresses/cliaksslbip2000003\"\n
        \      }\n      ]\n     },\n     \"effectiveOutboundIPs\": [\n      {\n       \"id\":
        \"/subscriptions/00000000-0000-0000-0000-000000000000/resourceGroups/clitest000001/providers/Microsoft.Network/publicIPAddresses/cliaksslbip1000002\"\n
        \     },\n      {\n       \"id\": \"/subscriptions/00000000-0000-0000-0000-000000000000/resourceGroups/clitest000001/providers/Microsoft.Network/publicIPAddresses/cliaksslbip2000003\"\n
        \     }\n     ],\n     \"allocatedOutboundPorts\": 0,\n     \"idleTimeoutInMinutes\":
        30\n    },\n    \"podCidr\": \"10.244.0.0/16\",\n    \"serviceCidr\": \"10.0.0.0/16\",\n
        \   \"dnsServiceIP\": \"10.0.0.10\",\n    \"dockerBridgeCidr\": \"172.17.0.1/16\",\n
        \   \"outboundType\": \"loadBalancer\",\n    \"podCidrs\": [\n     \"10.244.0.0/16\"\n
        \   ],\n    \"serviceCidrs\": [\n     \"10.0.0.0/16\"\n    ],\n    \"ipFamilies\":
        [\n     \"IPv4\"\n    ]\n   },\n   \"maxAgentPools\": 100,\n   \"identityProfile\":
        {\n    \"kubeletidentity\": {\n     \"resourceId\": \"/subscriptions/00000000-0000-0000-0000-000000000000/resourcegroups/MC_clitest000001_cliakstest000001_westus2/providers/Microsoft.ManagedIdentity/userAssignedIdentities/cliakstest000001-agentpool\",\n
        \    \"clientId\":\"00000000-0000-0000-0000-000000000001\",\n     \"objectId\":\"00000000-0000-0000-0000-000000000001\"\n
        \   }\n   },\n   \"disableLocalAccounts\": false\n  },\n  \"identity\": {\n
        \  \"type\": \"SystemAssigned\",\n   \"principalId\":\"00000000-0000-0000-0000-000000000001\",\n
        \  \"tenantId\": \"72f988bf-86f1-41af-91ab-2d7cd011db47\"\n  },\n  \"sku\":
        {\n   \"name\": \"Basic\",\n   \"tier\": \"Free\"\n  }\n }"
    headers:
      cache-control:
      - no-cache
      content-length:
      - '4014'
      content-type:
      - application/json
      date:
      - Tue, 25 Jan 2022 04:04:55 GMT
      expires:
      - '-1'
      pragma:
      - no-cache
      server:
      - nginx
      strict-transport-security:
      - max-age=31536000; includeSubDomains
      transfer-encoding:
      - chunked
      vary:
      - Accept-Encoding
      x-content-type-options:
      - nosniff
    status:
      code: 200
      message: OK
- request:
    body: null
    headers:
      Accept:
      - application/json
      Accept-Encoding:
      - gzip, deflate
      CommandName:
      - aks show
      Connection:
      - keep-alive
      ParameterSetName:
      - -g -n
      User-Agent:
      - AZURECLI/2.32.0 azsdk-python-azure-mgmt-containerservice/16.4.0 Python/3.8.10
        (Linux-5.11.0-1027-azure-x86_64-with-glibc2.29)
    method: GET
    uri: https://management.azure.com/subscriptions/00000000-0000-0000-0000-000000000000/resourceGroups/clitest000001/providers/Microsoft.ContainerService/managedClusters/cliakstest000001?api-version=2021-10-01
  response:
    body:
      string: "{\n  \"id\": \"/subscriptions/00000000-0000-0000-0000-000000000000/resourcegroups/clitest000001/providers/Microsoft.ContainerService/managedClusters/cliakstest000001\",\n
        \ \"location\": \"westus2\",\n  \"name\": \"cliakstest000001\",\n  \"type\":
        \"Microsoft.ContainerService/ManagedClusters\",\n  \"properties\": {\n   \"provisioningState\":
        \"Succeeded\",\n   \"powerState\": {\n    \"code\": \"Running\"\n   },\n   \"kubernetesVersion\":
        \"1.21.7\",\n   \"dnsPrefix\": \"cliaksdns000004\",\n   \"fqdn\": \"cliaksdns000004-bfc49095.hcp.westus2.azmk8s.io\",\n
        \  \"azurePortalFQDN\": \"cliaksdns000004-bfc49095.portal.hcp.westus2.azmk8s.io\",\n
        \  \"agentPoolProfiles\": [\n    {\n     \"name\": \"nodepool1\",\n     \"count\":
        1,\n     \"vmSize\": \"Standard_DS2_v2\",\n     \"osDiskSizeGB\": 128,\n     \"osDiskType\":
        \"Managed\",\n     \"kubeletDiskType\": \"OS\",\n     \"maxPods\": 110,\n
        \    \"type\": \"VirtualMachineScaleSets\",\n     \"enableAutoScaling\": false,\n
        \    \"provisioningState\": \"Succeeded\",\n     \"powerState\": {\n      \"code\":
        \"Running\"\n     },\n     \"orchestratorVersion\": \"1.21.7\",\n     \"enableNodePublicIP\":
        false,\n     \"mode\": \"System\",\n     \"enableEncryptionAtHost\": false,\n
        \    \"enableUltraSSD\": false,\n     \"osType\": \"Linux\",\n     \"osSKU\":
        \"Ubuntu\",\n     \"nodeImageVersion\": \"AKSUbuntu-1804gen2containerd-2022.01.07\",\n
        \    \"enableFIPS\": false\n    }\n   ],\n   \"linuxProfile\": {\n    \"adminUsername\":
        \"azureuser\",\n    \"ssh\": {\n     \"publicKeys\": [\n      {\n       \"keyData\":
        \"ssh-rsa AAAAB3NzaC1yc2EAAAADAQABAAABAQDJZKKi/Smi4GoBIAJ6trVE0X9tR6eaDItEwb/EuPrtXyJMl9TVWH5TfAjUV29pwFh1w29P0ttywlD21je8juMc+7yfal3aPfTSoLIA7wKbZAfSDovuSVBnuaoK+HeKAb2EfpQae/Dd4Pmj38pyQlPFCG8bxM3hJ5Y5BiwDYMnjC6pYyY1ceBYQ3FnITumUFd3FXxB5ozj/ooNvOmKDRcPr3xDRf5gE2Xc/Pr3lsk7/N2NNfFFsICY3a9KnMD4H1wgYOCX8XuIGK5ANwGUQu2wEODapsnivns8BhvXtePnzUEpzOtk2LF11gHZWrykBzm4lvphQghWugtbTqyY5SBur
        azcli_aks_live_test@example.com\\n\"\n      }\n     ]\n    }\n   },\n   \"servicePrincipalProfile\":
        {\n    \"clientId\":\"00000000-0000-0000-0000-000000000001\"\n   },\n   \"nodeResourceGroup\":
        \"MC_clitest000001_cliakstest000001_westus2\",\n   \"enableRBAC\": true,\n
        \  \"networkProfile\": {\n    \"networkPlugin\": \"kubenet\",\n    \"loadBalancerSku\":
        \"Standard\",\n    \"loadBalancerProfile\": {\n     \"outboundIPs\": {\n      \"publicIPs\":
        [\n       {\n        \"id\": \"/subscriptions/00000000-0000-0000-0000-000000000000/resourceGroups/clitest000001/providers/Microsoft.Network/publicIPAddresses/cliaksslbip1000002\"\n
        \      },\n       {\n        \"id\": \"/subscriptions/00000000-0000-0000-0000-000000000000/resourceGroups/clitest000001/providers/Microsoft.Network/publicIPAddresses/cliaksslbip2000003\"\n
        \      }\n      ]\n     },\n     \"effectiveOutboundIPs\": [\n      {\n       \"id\":
        \"/subscriptions/00000000-0000-0000-0000-000000000000/resourceGroups/clitest000001/providers/Microsoft.Network/publicIPAddresses/cliaksslbip1000002\"\n
        \     },\n      {\n       \"id\": \"/subscriptions/00000000-0000-0000-0000-000000000000/resourceGroups/clitest000001/providers/Microsoft.Network/publicIPAddresses/cliaksslbip2000003\"\n
        \     }\n     ],\n     \"allocatedOutboundPorts\": 0,\n     \"idleTimeoutInMinutes\":
        30\n    },\n    \"podCidr\": \"10.244.0.0/16\",\n    \"serviceCidr\": \"10.0.0.0/16\",\n
        \   \"dnsServiceIP\": \"10.0.0.10\",\n    \"dockerBridgeCidr\": \"172.17.0.1/16\",\n
        \   \"outboundType\": \"loadBalancer\",\n    \"podCidrs\": [\n     \"10.244.0.0/16\"\n
        \   ],\n    \"serviceCidrs\": [\n     \"10.0.0.0/16\"\n    ],\n    \"ipFamilies\":
        [\n     \"IPv4\"\n    ]\n   },\n   \"maxAgentPools\": 100,\n   \"identityProfile\":
        {\n    \"kubeletidentity\": {\n     \"resourceId\": \"/subscriptions/00000000-0000-0000-0000-000000000000/resourcegroups/MC_clitest000001_cliakstest000001_westus2/providers/Microsoft.ManagedIdentity/userAssignedIdentities/cliakstest000001-agentpool\",\n
        \    \"clientId\":\"00000000-0000-0000-0000-000000000001\",\n     \"objectId\":\"00000000-0000-0000-0000-000000000001\"\n
        \   }\n   },\n   \"disableLocalAccounts\": false\n  },\n  \"identity\": {\n
        \  \"type\": \"SystemAssigned\",\n   \"principalId\":\"00000000-0000-0000-0000-000000000001\",\n
        \  \"tenantId\": \"72f988bf-86f1-41af-91ab-2d7cd011db47\"\n  },\n  \"sku\":
        {\n   \"name\": \"Basic\",\n   \"tier\": \"Free\"\n  }\n }"
    headers:
      cache-control:
      - no-cache
      content-length:
      - '4014'
      content-type:
      - application/json
      date:
      - Tue, 25 Jan 2022 04:04:55 GMT
      expires:
      - '-1'
      pragma:
      - no-cache
      server:
      - nginx
      strict-transport-security:
      - max-age=31536000; includeSubDomains
      transfer-encoding:
      - chunked
      vary:
      - Accept-Encoding
      x-content-type-options:
      - nosniff
    status:
      code: 200
      message: OK
- request:
    body: null
    headers:
      Accept:
      - application/json
      Accept-Encoding:
      - gzip, deflate
      CommandName:
      - aks delete
      Connection:
      - keep-alive
      Content-Length:
      - '0'
      ParameterSetName:
      - -g -n --yes --no-wait
      User-Agent:
      - AZURECLI/2.32.0 azsdk-python-azure-mgmt-containerservice/16.4.0 Python/3.8.10
        (Linux-5.11.0-1027-azure-x86_64-with-glibc2.29)
    method: DELETE
    uri: https://management.azure.com/subscriptions/00000000-0000-0000-0000-000000000000/resourceGroups/clitest000001/providers/Microsoft.ContainerService/managedClusters/cliakstest000001?api-version=2021-10-01
  response:
    body:
      string: ''
    headers:
      azure-asyncoperation:
      - https://management.azure.com/subscriptions/00000000-0000-0000-0000-000000000000/providers/Microsoft.ContainerService/locations/westus2/operations/c3eb7aa6-1d8f-4f05-a68d-ba007e05cdab?api-version=2016-03-30
      cache-control:
      - no-cache
      content-length:
      - '0'
      date:
      - Tue, 25 Jan 2022 04:04:56 GMT
      expires:
      - '-1'
      location:
      - https://management.azure.com/subscriptions/00000000-0000-0000-0000-000000000000/providers/Microsoft.ContainerService/locations/westus2/operationresults/c3eb7aa6-1d8f-4f05-a68d-ba007e05cdab?api-version=2016-03-30
      pragma:
      - no-cache
      server:
      - nginx
      strict-transport-security:
      - max-age=31536000; includeSubDomains
      x-content-type-options:
      - nosniff
      x-ms-ratelimit-remaining-subscription-deletes:
      - '14994'
    status:
      code: 202
      message: Accepted
version: 1
