interactions:
- request:
    body: '{"location": "westus2", "properties": {"kubernetesVersion": "", "dnsPrefix":
      "cliaksdns000002", "agentPoolProfiles": [{"count": 1, "vmSize": "Standard_DS2_v2",
      "workloadRuntime": "OCIContainer", "osType": "Linux", "enableAutoScaling": false,
      "type": "VirtualMachineScaleSets", "mode": "System", "enableNodePublicIP": false,
      "scaleSetPriority": "Regular", "scaleSetEvictionPolicy": "Delete", "spotMaxPrice":
      -1.0, "enableEncryptionAtHost": false, "enableUltraSSD": false, "enableFIPS":
      false, "name": "nodepool1"}], "linuxProfile": {"adminUsername": "azureuser",
      "ssh": {"publicKeys": [{"keyData": "ssh-rsa AAAAB3NzaC1yc2EAAAADAQABAAACAQCbIg1guRHbI0lV11wWDt1r2cUdcNd27CJsg+SfgC7miZeubtwUhbsPdhMQsfDyhOWHq1+ZL0M+nJZV63d/1dhmhtgyOqejUwrPlzKhydsbrsdUor+JmNJDdW01v7BXHyuymT8G4s09jCasNOwiufbP/qp72ruu0bIA1nySsvlf9pCQAuFkAnVnf/rFhUlOkhtRpwcq8SUNY2zRHR/EKb/4NWY1JzR4sa3q2fWIJdrrX0DvLoa5g9bIEd4Df79ba7v+yiUBOS0zT2ll+z4g9izHK3EO5d8hL4jYxcjKs+wcslSYRWrascfscLgMlMGh0CdKeNTDjHpGPncaf3Z+FwwwjWeuiNBxv7bJo13/8B/098KlVDl4GZqsoBCEjPyJfV6hO0y/LkRGkk7oHWKgeWAfKtfLItRp00eZ4fcJNK9kCaSMmEugoZWcI7NGbZXzqFWqbpRI7NcDP9+WIQ+i9U5vqWsqd/zng4kbuAJ6UuKqIzB0upYrLShfQE3SAck8oaLhJqqq56VfDuASNpJKidV+zq27HfSBmbXnkR/5AK337dc3MXKJypoK/QPMLKUAP5XLPbs+NddJQV7EZXd29DLgp+fRIg3edpKdO7ZErWhv7d+3Kws+e1Y+ypmR2WIVSwVyBEUfgv2C8Ts9gnTF4pNcEY/S2aBicz5Ew2+jdyGNQQ==
      test@example.com\n"}]}}, "windowsProfile": {"adminUsername": "azureuser1", "adminPassword":
      "replacePassword1234$", "licenseType": "Windows_Server"}, "servicePrincipalProfile":
      {"clientId":"00000000-0000-0000-0000-000000000001", "secret":"fake-secret"},
      "addonProfiles": {}, "enableRBAC": true, "enablePodSecurityPolicy": false, "networkProfile":
      {"networkPlugin": "azure", "outboundType": "loadBalancer", "loadBalancerSku":
      "standard"}, "disableLocalAccounts": false, "storageProfile": {}}}'
    headers:
      Accept:
      - application/json
      Accept-Encoding:
      - gzip, deflate
      CommandName:
      - aks create
      Connection:
      - keep-alive
      Content-Length:
      - '1814'
      Content-Type:
      - application/json
      ParameterSetName:
      - --resource-group --name --location --dns-name-prefix --node-count --ssh-key-value
        --service-principal --client-secret --windows-admin-username --windows-admin-password
        --load-balancer-sku --vm-set-type --network-plugin --enable-ahub
      User-Agent:
      - AZURECLI/2.37.0 azsdk-python-azure-mgmt-containerservice/19.0.0b Python/3.9.5
        (Windows-10-10.0.19044-SP0)
    method: PUT
    uri: https://management.azure.com/subscriptions/00000000-0000-0000-0000-000000000000/resourceGroups/clitest000001/providers/Microsoft.ContainerService/managedClusters/cliakstest000001?api-version=2022-04-02-preview
  response:
    body:
      string: "{\n  \"id\": \"/subscriptions/00000000-0000-0000-0000-000000000000/resourcegroups/clitest000001/providers/Microsoft.ContainerService/managedClusters/cliakstest000001\",\n
        \ \"location\": \"westus2\",\n  \"name\": \"cliakstest000001\",\n  \"type\":
        \"Microsoft.ContainerService/ManagedClusters\",\n  \"properties\": {\n   \"provisioningState\":
        \"Creating\",\n   \"powerState\": {\n    \"code\": \"Running\"\n   },\n   \"kubernetesVersion\":
        \"1.22.6\",\n   \"currentKubernetesVersion\": \"1.22.6\",\n   \"dnsPrefix\":
        \"cliaksdns000002\",\n   \"fqdn\": \"cliaksdns000002-e2373cb2.hcp.westus2.azmk8s.io\",\n
        \  \"azurePortalFQDN\": \"cliaksdns000002-e2373cb2.portal.hcp.westus2.azmk8s.io\",\n
        \  \"agentPoolProfiles\": [\n    {\n     \"name\": \"nodepool1\",\n     \"count\":
        1,\n     \"vmSize\": \"Standard_DS2_v2\",\n     \"osDiskSizeGB\": 128,\n     \"osDiskType\":
        \"Managed\",\n     \"kubeletDiskType\": \"OS\",\n     \"workloadRuntime\":
        \"OCIContainer\",\n     \"maxPods\": 30,\n     \"type\": \"VirtualMachineScaleSets\",\n
        \    \"enableAutoScaling\": false,\n     \"provisioningState\": \"Creating\",\n
        \    \"powerState\": {\n      \"code\": \"Running\"\n     },\n     \"orchestratorVersion\":
        \"1.22.6\",\n     \"enableNodePublicIP\": false,\n     \"mode\": \"System\",\n
        \    \"enableEncryptionAtHost\": false,\n     \"enableUltraSSD\": false,\n
        \    \"osType\": \"Linux\",\n     \"osSKU\": \"Ubuntu\",\n     \"nodeImageVersion\":
        \"AKSUbuntu-1804gen2containerd-2022.05.10\",\n     \"enableFIPS\": false\n
        \   }\n   ],\n   \"linuxProfile\": {\n    \"adminUsername\": \"azureuser\",\n
        \   \"ssh\": {\n     \"publicKeys\": [\n      {\n       \"keyData\": \"ssh-rsa
        AAAAB3NzaC1yc2EAAAADAQABAAACAQCbIg1guRHbI0lV11wWDt1r2cUdcNd27CJsg+SfgC7miZeubtwUhbsPdhMQsfDyhOWHq1+ZL0M+nJZV63d/1dhmhtgyOqejUwrPlzKhydsbrsdUor+JmNJDdW01v7BXHyuymT8G4s09jCasNOwiufbP/qp72ruu0bIA1nySsvlf9pCQAuFkAnVnf/rFhUlOkhtRpwcq8SUNY2zRHR/EKb/4NWY1JzR4sa3q2fWIJdrrX0DvLoa5g9bIEd4Df79ba7v+yiUBOS0zT2ll+z4g9izHK3EO5d8hL4jYxcjKs+wcslSYRWrascfscLgMlMGh0CdKeNTDjHpGPncaf3Z+FwwwjWeuiNBxv7bJo13/8B/098KlVDl4GZqsoBCEjPyJfV6hO0y/LkRGkk7oHWKgeWAfKtfLItRp00eZ4fcJNK9kCaSMmEugoZWcI7NGbZXzqFWqbpRI7NcDP9+WIQ+i9U5vqWsqd/zng4kbuAJ6UuKqIzB0upYrLShfQE3SAck8oaLhJqqq56VfDuASNpJKidV+zq27HfSBmbXnkR/5AK337dc3MXKJypoK/QPMLKUAP5XLPbs+NddJQV7EZXd29DLgp+fRIg3edpKdO7ZErWhv7d+3Kws+e1Y+ypmR2WIVSwVyBEUfgv2C8Ts9gnTF4pNcEY/S2aBicz5Ew2+jdyGNQQ==
        test@example.com\\n\"\n      }\n     ]\n    }\n   },\n   \"windowsProfile\":
        {\n    \"adminUsername\": \"azureuser1\",\n    \"licenseType\": \"Windows_Server\",\n
        \   \"enableCSIProxy\": true\n   },\n   \"servicePrincipalProfile\": {\n    \"clientId\":\"00000000-0000-0000-0000-000000000001\"\n
        \  },\n   \"nodeResourceGroup\": \"MC_clitest000001_cliakstest000001_westus2\",\n
        \  \"enableRBAC\": true,\n   \"enablePodSecurityPolicy\": false,\n   \"networkProfile\":
        {\n    \"networkPlugin\": \"azure\",\n    \"loadBalancerSku\": \"standard\",\n
        \   \"loadBalancerProfile\": {\n     \"managedOutboundIPs\": {\n      \"count\":
        1\n     }\n    },\n    \"serviceCidr\": \"10.0.0.0/16\",\n    \"dnsServiceIP\":
        \"10.0.0.10\",\n    \"dockerBridgeCidr\": \"172.17.0.1/16\",\n    \"outboundType\":
        \"loadBalancer\",\n    \"serviceCidrs\": [\n     \"10.0.0.0/16\"\n    ],\n
        \   \"ipFamilies\": [\n     \"IPv4\"\n    ]\n   },\n   \"maxAgentPools\":
        100,\n   \"disableLocalAccounts\": false,\n   \"securityProfile\": {},\n   \"storageProfile\":
        {\n    \"diskCSIDriver\": {\n     \"enabled\": true\n    },\n    \"fileCSIDriver\":
        {\n     \"enabled\": true\n    },\n    \"snapshotController\": {\n     \"enabled\":
        true\n    }\n   },\n   \"oidcIssuerProfile\": {\n    \"enabled\": false\n
        \  }\n  },\n  \"sku\": {\n   \"name\": \"Basic\",\n   \"tier\": \"Free\"\n
        \ }\n }"
    headers:
      azure-asyncoperation:
      - https://management.azure.com/subscriptions/00000000-0000-0000-0000-000000000000/providers/Microsoft.ContainerService/locations/westus2/operations/da0ce958-56ae-4cbc-a7fb-7d47f1fba71a?api-version=2016-03-30
      cache-control:
      - no-cache
      content-length:
      - '3394'
      content-type:
      - application/json
      date:
      - Fri, 27 May 2022 07:07:46 GMT
      expires:
      - '-1'
      pragma:
      - no-cache
      server:
      - nginx
      strict-transport-security:
      - max-age=31536000; includeSubDomains
      x-content-type-options:
      - nosniff
      x-ms-ratelimit-remaining-subscription-writes:
      - '1195'
    status:
      code: 201
      message: Created
- request:
    body: null
    headers:
      Accept:
      - '*/*'
      Accept-Encoding:
      - gzip, deflate
      CommandName:
      - aks create
      Connection:
      - keep-alive
      ParameterSetName:
      - --resource-group --name --location --dns-name-prefix --node-count --ssh-key-value
        --service-principal --client-secret --windows-admin-username --windows-admin-password
        --load-balancer-sku --vm-set-type --network-plugin --enable-ahub
      User-Agent:
      - AZURECLI/2.37.0 azsdk-python-azure-mgmt-containerservice/19.0.0b Python/3.9.5
        (Windows-10-10.0.19044-SP0)
    method: GET
    uri: https://management.azure.com/subscriptions/00000000-0000-0000-0000-000000000000/providers/Microsoft.ContainerService/locations/westus2/operations/da0ce958-56ae-4cbc-a7fb-7d47f1fba71a?api-version=2016-03-30
  response:
    body:
      string: "{\n  \"name\": \"58e90cda-ae56-bc4c-a7fb-7d47f1fba71a\",\n  \"status\":
        \"InProgress\",\n  \"startTime\": \"2022-05-27T07:07:46.4733333Z\"\n }"
    headers:
      cache-control:
      - no-cache
      content-length:
      - '126'
      content-type:
      - application/json
      date:
      - Fri, 27 May 2022 07:08:18 GMT
      expires:
      - '-1'
      pragma:
      - no-cache
      server:
      - nginx
      strict-transport-security:
      - max-age=31536000; includeSubDomains
      transfer-encoding:
      - chunked
      vary:
      - Accept-Encoding
      x-content-type-options:
      - nosniff
    status:
      code: 200
      message: OK
- request:
    body: null
    headers:
      Accept:
      - '*/*'
      Accept-Encoding:
      - gzip, deflate
      CommandName:
      - aks create
      Connection:
      - keep-alive
      ParameterSetName:
      - --resource-group --name --location --dns-name-prefix --node-count --ssh-key-value
        --service-principal --client-secret --windows-admin-username --windows-admin-password
        --load-balancer-sku --vm-set-type --network-plugin --enable-ahub
      User-Agent:
      - AZURECLI/2.37.0 azsdk-python-azure-mgmt-containerservice/19.0.0b Python/3.9.5
        (Windows-10-10.0.19044-SP0)
    method: GET
    uri: https://management.azure.com/subscriptions/00000000-0000-0000-0000-000000000000/providers/Microsoft.ContainerService/locations/westus2/operations/da0ce958-56ae-4cbc-a7fb-7d47f1fba71a?api-version=2016-03-30
  response:
    body:
      string: "{\n  \"name\": \"58e90cda-ae56-bc4c-a7fb-7d47f1fba71a\",\n  \"status\":
        \"InProgress\",\n  \"startTime\": \"2022-05-27T07:07:46.4733333Z\"\n }"
    headers:
      cache-control:
      - no-cache
      content-length:
      - '126'
      content-type:
      - application/json
      date:
      - Fri, 27 May 2022 07:08:48 GMT
      expires:
      - '-1'
      pragma:
      - no-cache
      server:
      - nginx
      strict-transport-security:
      - max-age=31536000; includeSubDomains
      transfer-encoding:
      - chunked
      vary:
      - Accept-Encoding
      x-content-type-options:
      - nosniff
    status:
      code: 200
      message: OK
- request:
    body: null
    headers:
      Accept:
      - '*/*'
      Accept-Encoding:
      - gzip, deflate
      CommandName:
      - aks create
      Connection:
      - keep-alive
      ParameterSetName:
      - --resource-group --name --location --dns-name-prefix --node-count --ssh-key-value
        --service-principal --client-secret --windows-admin-username --windows-admin-password
        --load-balancer-sku --vm-set-type --network-plugin --enable-ahub
      User-Agent:
      - AZURECLI/2.37.0 azsdk-python-azure-mgmt-containerservice/19.0.0b Python/3.9.5
        (Windows-10-10.0.19044-SP0)
    method: GET
    uri: https://management.azure.com/subscriptions/00000000-0000-0000-0000-000000000000/providers/Microsoft.ContainerService/locations/westus2/operations/da0ce958-56ae-4cbc-a7fb-7d47f1fba71a?api-version=2016-03-30
  response:
    body:
      string: "{\n  \"name\": \"58e90cda-ae56-bc4c-a7fb-7d47f1fba71a\",\n  \"status\":
        \"InProgress\",\n  \"startTime\": \"2022-05-27T07:07:46.4733333Z\"\n }"
    headers:
      cache-control:
      - no-cache
      content-length:
      - '126'
      content-type:
      - application/json
      date:
      - Fri, 27 May 2022 07:09:18 GMT
      expires:
      - '-1'
      pragma:
      - no-cache
      server:
      - nginx
      strict-transport-security:
      - max-age=31536000; includeSubDomains
      transfer-encoding:
      - chunked
      vary:
      - Accept-Encoding
      x-content-type-options:
      - nosniff
    status:
      code: 200
      message: OK
- request:
    body: null
    headers:
      Accept:
      - '*/*'
      Accept-Encoding:
      - gzip, deflate
      CommandName:
      - aks create
      Connection:
      - keep-alive
      ParameterSetName:
      - --resource-group --name --location --dns-name-prefix --node-count --ssh-key-value
        --service-principal --client-secret --windows-admin-username --windows-admin-password
        --load-balancer-sku --vm-set-type --network-plugin --enable-ahub
      User-Agent:
      - AZURECLI/2.37.0 azsdk-python-azure-mgmt-containerservice/19.0.0b Python/3.9.5
        (Windows-10-10.0.19044-SP0)
    method: GET
    uri: https://management.azure.com/subscriptions/00000000-0000-0000-0000-000000000000/providers/Microsoft.ContainerService/locations/westus2/operations/da0ce958-56ae-4cbc-a7fb-7d47f1fba71a?api-version=2016-03-30
  response:
    body:
      string: "{\n  \"name\": \"58e90cda-ae56-bc4c-a7fb-7d47f1fba71a\",\n  \"status\":
        \"InProgress\",\n  \"startTime\": \"2022-05-27T07:07:46.4733333Z\"\n }"
    headers:
      cache-control:
      - no-cache
      content-length:
      - '126'
      content-type:
      - application/json
      date:
      - Fri, 27 May 2022 07:09:48 GMT
      expires:
      - '-1'
      pragma:
      - no-cache
      server:
      - nginx
      strict-transport-security:
      - max-age=31536000; includeSubDomains
      transfer-encoding:
      - chunked
      vary:
      - Accept-Encoding
      x-content-type-options:
      - nosniff
    status:
      code: 200
      message: OK
- request:
    body: null
    headers:
      Accept:
      - '*/*'
      Accept-Encoding:
      - gzip, deflate
      CommandName:
      - aks create
      Connection:
      - keep-alive
      ParameterSetName:
      - --resource-group --name --location --dns-name-prefix --node-count --ssh-key-value
        --service-principal --client-secret --windows-admin-username --windows-admin-password
        --load-balancer-sku --vm-set-type --network-plugin --enable-ahub
      User-Agent:
      - AZURECLI/2.37.0 azsdk-python-azure-mgmt-containerservice/19.0.0b Python/3.9.5
        (Windows-10-10.0.19044-SP0)
    method: GET
    uri: https://management.azure.com/subscriptions/00000000-0000-0000-0000-000000000000/providers/Microsoft.ContainerService/locations/westus2/operations/da0ce958-56ae-4cbc-a7fb-7d47f1fba71a?api-version=2016-03-30
  response:
    body:
      string: "{\n  \"name\": \"58e90cda-ae56-bc4c-a7fb-7d47f1fba71a\",\n  \"status\":
        \"InProgress\",\n  \"startTime\": \"2022-05-27T07:07:46.4733333Z\"\n }"
    headers:
      cache-control:
      - no-cache
      content-length:
      - '126'
      content-type:
      - application/json
      date:
      - Fri, 27 May 2022 07:10:18 GMT
      expires:
      - '-1'
      pragma:
      - no-cache
      server:
      - nginx
      strict-transport-security:
      - max-age=31536000; includeSubDomains
      transfer-encoding:
      - chunked
      vary:
      - Accept-Encoding
      x-content-type-options:
      - nosniff
    status:
      code: 200
      message: OK
- request:
    body: null
    headers:
      Accept:
      - '*/*'
      Accept-Encoding:
      - gzip, deflate
      CommandName:
      - aks create
      Connection:
      - keep-alive
      ParameterSetName:
      - --resource-group --name --location --dns-name-prefix --node-count --ssh-key-value
        --service-principal --client-secret --windows-admin-username --windows-admin-password
        --load-balancer-sku --vm-set-type --network-plugin --enable-ahub
      User-Agent:
      - AZURECLI/2.37.0 azsdk-python-azure-mgmt-containerservice/19.0.0b Python/3.9.5
        (Windows-10-10.0.19044-SP0)
    method: GET
    uri: https://management.azure.com/subscriptions/00000000-0000-0000-0000-000000000000/providers/Microsoft.ContainerService/locations/westus2/operations/da0ce958-56ae-4cbc-a7fb-7d47f1fba71a?api-version=2016-03-30
  response:
    body:
      string: "{\n  \"name\": \"58e90cda-ae56-bc4c-a7fb-7d47f1fba71a\",\n  \"status\":
        \"InProgress\",\n  \"startTime\": \"2022-05-27T07:07:46.4733333Z\"\n }"
    headers:
      cache-control:
      - no-cache
      content-length:
      - '126'
      content-type:
      - application/json
      date:
      - Fri, 27 May 2022 07:10:49 GMT
      expires:
      - '-1'
      pragma:
      - no-cache
      server:
      - nginx
      strict-transport-security:
      - max-age=31536000; includeSubDomains
      transfer-encoding:
      - chunked
      vary:
      - Accept-Encoding
      x-content-type-options:
      - nosniff
    status:
      code: 200
      message: OK
- request:
    body: null
    headers:
      Accept:
      - '*/*'
      Accept-Encoding:
      - gzip, deflate
      CommandName:
      - aks create
      Connection:
      - keep-alive
      ParameterSetName:
      - --resource-group --name --location --dns-name-prefix --node-count --ssh-key-value
        --service-principal --client-secret --windows-admin-username --windows-admin-password
        --load-balancer-sku --vm-set-type --network-plugin --enable-ahub
      User-Agent:
      - AZURECLI/2.37.0 azsdk-python-azure-mgmt-containerservice/19.0.0b Python/3.9.5
        (Windows-10-10.0.19044-SP0)
    method: GET
    uri: https://management.azure.com/subscriptions/00000000-0000-0000-0000-000000000000/providers/Microsoft.ContainerService/locations/westus2/operations/da0ce958-56ae-4cbc-a7fb-7d47f1fba71a?api-version=2016-03-30
  response:
    body:
      string: "{\n  \"name\": \"58e90cda-ae56-bc4c-a7fb-7d47f1fba71a\",\n  \"status\":
        \"Succeeded\",\n  \"startTime\": \"2022-05-27T07:07:46.4733333Z\",\n  \"endTime\":
        \"2022-05-27T07:11:04.0172523Z\"\n }"
    headers:
      cache-control:
      - no-cache
      content-length:
      - '170'
      content-type:
      - application/json
      date:
      - Fri, 27 May 2022 07:11:19 GMT
      expires:
      - '-1'
      pragma:
      - no-cache
      server:
      - nginx
      strict-transport-security:
      - max-age=31536000; includeSubDomains
      transfer-encoding:
      - chunked
      vary:
      - Accept-Encoding
      x-content-type-options:
      - nosniff
    status:
      code: 200
      message: OK
- request:
    body: null
    headers:
      Accept:
      - '*/*'
      Accept-Encoding:
      - gzip, deflate
      CommandName:
      - aks create
      Connection:
      - keep-alive
      ParameterSetName:
      - --resource-group --name --location --dns-name-prefix --node-count --ssh-key-value
        --service-principal --client-secret --windows-admin-username --windows-admin-password
        --load-balancer-sku --vm-set-type --network-plugin --enable-ahub
      User-Agent:
      - AZURECLI/2.37.0 azsdk-python-azure-mgmt-containerservice/19.0.0b Python/3.9.5
        (Windows-10-10.0.19044-SP0)
    method: GET
    uri: https://management.azure.com/subscriptions/00000000-0000-0000-0000-000000000000/resourceGroups/clitest000001/providers/Microsoft.ContainerService/managedClusters/cliakstest000001?api-version=2022-04-02-preview
  response:
    body:
      string: "{\n  \"id\": \"/subscriptions/00000000-0000-0000-0000-000000000000/resourcegroups/clitest000001/providers/Microsoft.ContainerService/managedClusters/cliakstest000001\",\n
        \ \"location\": \"westus2\",\n  \"name\": \"cliakstest000001\",\n  \"type\":
        \"Microsoft.ContainerService/ManagedClusters\",\n  \"properties\": {\n   \"provisioningState\":
        \"Succeeded\",\n   \"powerState\": {\n    \"code\": \"Running\"\n   },\n   \"kubernetesVersion\":
        \"1.22.6\",\n   \"currentKubernetesVersion\": \"1.22.6\",\n   \"dnsPrefix\":
        \"cliaksdns000002\",\n   \"fqdn\": \"cliaksdns000002-e2373cb2.hcp.westus2.azmk8s.io\",\n
        \  \"azurePortalFQDN\": \"cliaksdns000002-e2373cb2.portal.hcp.westus2.azmk8s.io\",\n
        \  \"agentPoolProfiles\": [\n    {\n     \"name\": \"nodepool1\",\n     \"count\":
        1,\n     \"vmSize\": \"Standard_DS2_v2\",\n     \"osDiskSizeGB\": 128,\n     \"osDiskType\":
        \"Managed\",\n     \"kubeletDiskType\": \"OS\",\n     \"workloadRuntime\":
        \"OCIContainer\",\n     \"maxPods\": 30,\n     \"type\": \"VirtualMachineScaleSets\",\n
        \    \"enableAutoScaling\": false,\n     \"provisioningState\": \"Succeeded\",\n
        \    \"powerState\": {\n      \"code\": \"Running\"\n     },\n     \"orchestratorVersion\":
        \"1.22.6\",\n     \"enableNodePublicIP\": false,\n     \"mode\": \"System\",\n
        \    \"enableEncryptionAtHost\": false,\n     \"enableUltraSSD\": false,\n
        \    \"osType\": \"Linux\",\n     \"osSKU\": \"Ubuntu\",\n     \"nodeImageVersion\":
        \"AKSUbuntu-1804gen2containerd-2022.05.10\",\n     \"enableFIPS\": false\n
        \   }\n   ],\n   \"linuxProfile\": {\n    \"adminUsername\": \"azureuser\",\n
        \   \"ssh\": {\n     \"publicKeys\": [\n      {\n       \"keyData\": \"ssh-rsa
        AAAAB3NzaC1yc2EAAAADAQABAAACAQCbIg1guRHbI0lV11wWDt1r2cUdcNd27CJsg+SfgC7miZeubtwUhbsPdhMQsfDyhOWHq1+ZL0M+nJZV63d/1dhmhtgyOqejUwrPlzKhydsbrsdUor+JmNJDdW01v7BXHyuymT8G4s09jCasNOwiufbP/qp72ruu0bIA1nySsvlf9pCQAuFkAnVnf/rFhUlOkhtRpwcq8SUNY2zRHR/EKb/4NWY1JzR4sa3q2fWIJdrrX0DvLoa5g9bIEd4Df79ba7v+yiUBOS0zT2ll+z4g9izHK3EO5d8hL4jYxcjKs+wcslSYRWrascfscLgMlMGh0CdKeNTDjHpGPncaf3Z+FwwwjWeuiNBxv7bJo13/8B/098KlVDl4GZqsoBCEjPyJfV6hO0y/LkRGkk7oHWKgeWAfKtfLItRp00eZ4fcJNK9kCaSMmEugoZWcI7NGbZXzqFWqbpRI7NcDP9+WIQ+i9U5vqWsqd/zng4kbuAJ6UuKqIzB0upYrLShfQE3SAck8oaLhJqqq56VfDuASNpJKidV+zq27HfSBmbXnkR/5AK337dc3MXKJypoK/QPMLKUAP5XLPbs+NddJQV7EZXd29DLgp+fRIg3edpKdO7ZErWhv7d+3Kws+e1Y+ypmR2WIVSwVyBEUfgv2C8Ts9gnTF4pNcEY/S2aBicz5Ew2+jdyGNQQ==
        test@example.com\\n\"\n      }\n     ]\n    }\n   },\n   \"windowsProfile\":
        {\n    \"adminUsername\": \"azureuser1\",\n    \"licenseType\": \"Windows_Server\",\n
        \   \"enableCSIProxy\": true\n   },\n   \"servicePrincipalProfile\": {\n    \"clientId\":\"00000000-0000-0000-0000-000000000001\"\n
        \  },\n   \"nodeResourceGroup\": \"MC_clitest000001_cliakstest000001_westus2\",\n
        \  \"enableRBAC\": true,\n   \"enablePodSecurityPolicy\": false,\n   \"networkProfile\":
        {\n    \"networkPlugin\": \"azure\",\n    \"loadBalancerSku\": \"Standard\",\n
        \   \"loadBalancerProfile\": {\n     \"managedOutboundIPs\": {\n      \"count\":
        1\n     },\n     \"effectiveOutboundIPs\": [\n      {\n       \"id\": \"/subscriptions/00000000-0000-0000-0000-000000000000/resourceGroups/MC_clitest000001_cliakstest000001_westus2/providers/Microsoft.Network/publicIPAddresses/25b8d5ad-1545-4e0f-9581-6c8e187e6596\"\n
        \     }\n     ]\n    },\n    \"serviceCidr\": \"10.0.0.0/16\",\n    \"dnsServiceIP\":
        \"10.0.0.10\",\n    \"dockerBridgeCidr\": \"172.17.0.1/16\",\n    \"outboundType\":
        \"loadBalancer\",\n    \"serviceCidrs\": [\n     \"10.0.0.0/16\"\n    ],\n
        \   \"ipFamilies\": [\n     \"IPv4\"\n    ]\n   },\n   \"maxAgentPools\":
        100,\n   \"disableLocalAccounts\": false,\n   \"securityProfile\": {},\n   \"storageProfile\":
        {\n    \"diskCSIDriver\": {\n     \"enabled\": true\n    },\n    \"fileCSIDriver\":
        {\n     \"enabled\": true\n    },\n    \"snapshotController\": {\n     \"enabled\":
        true\n    }\n   },\n   \"oidcIssuerProfile\": {\n    \"enabled\": false\n
        \  }\n  },\n  \"sku\": {\n   \"name\": \"Basic\",\n   \"tier\": \"Free\"\n
        \ }\n }"
    headers:
      cache-control:
      - no-cache
      content-length:
      - '3658'
      content-type:
      - application/json
      date:
      - Fri, 27 May 2022 07:11:20 GMT
      expires:
      - '-1'
      pragma:
      - no-cache
      server:
      - nginx
      strict-transport-security:
      - max-age=31536000; includeSubDomains
      transfer-encoding:
      - chunked
      vary:
      - Accept-Encoding
      x-content-type-options:
      - nosniff
    status:
      code: 200
      message: OK
- request:
    body: null
    headers:
      Accept:
      - application/json
      Accept-Encoding:
      - gzip, deflate
      CommandName:
      - aks nodepool add
      Connection:
      - keep-alive
      ParameterSetName:
      - --resource-group --cluster-name --name --os-type --node-count
      User-Agent:
      - AZURECLI/2.37.0 azsdk-python-azure-mgmt-containerservice/19.0.0b Python/3.9.5
        (Windows-10-10.0.19044-SP0)
    method: GET
    uri: https://management.azure.com/subscriptions/00000000-0000-0000-0000-000000000000/resourceGroups/clitest000001/providers/Microsoft.ContainerService/managedClusters/cliakstest000001/agentPools?api-version=2022-04-02-preview
  response:
    body:
      string: "{\n  \"value\": [\n   {\n    \"id\": \"/subscriptions/00000000-0000-0000-0000-000000000000/resourcegroups/clitest000001/providers/Microsoft.ContainerService/managedClusters/cliakstest000001/agentPools/nodepool1\",\n
        \   \"name\": \"nodepool1\",\n    \"type\": \"Microsoft.ContainerService/managedClusters/agentPools\",\n
        \   \"properties\": {\n     \"count\": 1,\n     \"vmSize\": \"Standard_DS2_v2\",\n
        \    \"osDiskSizeGB\": 128,\n     \"osDiskType\": \"Managed\",\n     \"kubeletDiskType\":
        \"OS\",\n     \"workloadRuntime\": \"OCIContainer\",\n     \"maxPods\": 30,\n
        \    \"type\": \"VirtualMachineScaleSets\",\n     \"enableAutoScaling\": false,\n
        \    \"provisioningState\": \"Succeeded\",\n     \"powerState\": {\n      \"code\":
        \"Running\"\n     },\n     \"orchestratorVersion\": \"1.22.6\",\n     \"enableNodePublicIP\":
        false,\n     \"mode\": \"System\",\n     \"enableEncryptionAtHost\": false,\n
        \    \"enableUltraSSD\": false,\n     \"osType\": \"Linux\",\n     \"osSKU\":
        \"Ubuntu\",\n     \"nodeImageVersion\": \"AKSUbuntu-1804gen2containerd-2022.05.10\",\n
        \    \"enableFIPS\": false\n    }\n   }\n  ]\n }"
    headers:
      cache-control:
      - no-cache
      content-length:
      - '1002'
      content-type:
      - application/json
      date:
      - Fri, 27 May 2022 07:11:23 GMT
      expires:
      - '-1'
      pragma:
      - no-cache
      server:
      - nginx
      strict-transport-security:
      - max-age=31536000; includeSubDomains
      transfer-encoding:
      - chunked
      vary:
      - Accept-Encoding
      x-content-type-options:
      - nosniff
    status:
      code: 200
      message: OK
- request:
    body: '{"properties": {"count": 1, "vmSize": "Standard_D2s_v3", "workloadRuntime":
      "OCIContainer", "osType": "Windows", "scaleDownMode": "Delete", "mode": "User",
      "upgradeSettings": {}, "enableNodePublicIP": false, "scaleSetPriority": "Regular",
      "scaleSetEvictionPolicy": "Delete", "spotMaxPrice": -1.0, "nodeTaints": [],
      "enableEncryptionAtHost": false, "enableUltraSSD": false, "enableFIPS": false}}'
    headers:
      Accept:
      - application/json
      Accept-Encoding:
      - gzip, deflate
      CommandName:
      - aks nodepool add
      Connection:
      - keep-alive
      Content-Length:
      - '394'
      Content-Type:
      - application/json
      ParameterSetName:
      - --resource-group --cluster-name --name --os-type --node-count
      User-Agent:
      - AZURECLI/2.37.0 azsdk-python-azure-mgmt-containerservice/19.0.0b Python/3.9.5
        (Windows-10-10.0.19044-SP0)
    method: PUT
    uri: https://management.azure.com/subscriptions/00000000-0000-0000-0000-000000000000/resourceGroups/clitest000001/providers/Microsoft.ContainerService/managedClusters/cliakstest000001/agentPools/npwin?api-version=2022-04-02-preview
  response:
    body:
      string: "{\n  \"id\": \"/subscriptions/00000000-0000-0000-0000-000000000000/resourcegroups/clitest000001/providers/Microsoft.ContainerService/managedClusters/cliakstest000001/agentPools/npwin\",\n
        \ \"name\": \"npwin\",\n  \"type\": \"Microsoft.ContainerService/managedClusters/agentPools\",\n
        \ \"properties\": {\n   \"count\": 1,\n   \"vmSize\": \"Standard_D2s_v3\",\n
        \  \"osDiskSizeGB\": 128,\n   \"osDiskType\": \"Managed\",\n   \"kubeletDiskType\":
        \"OS\",\n   \"workloadRuntime\": \"OCIContainer\",\n   \"maxPods\": 30,\n
        \  \"type\": \"VirtualMachineScaleSets\",\n   \"scaleDownMode\": \"Delete\",\n
        \  \"provisioningState\": \"Creating\",\n   \"powerState\": {\n    \"code\":
        \"Running\"\n   },\n   \"orchestratorVersion\": \"1.22.6\",\n   \"enableNodePublicIP\":
        false,\n   \"mode\": \"User\",\n   \"enableEncryptionAtHost\": false,\n   \"enableUltraSSD\":
        false,\n   \"osType\": \"Windows\",\n   \"nodeImageVersion\": \"AKSWindows-2019-17763.2803.220428\",\n
        \  \"upgradeSettings\": {},\n   \"enableFIPS\": false\n  }\n }"
    headers:
      azure-asyncoperation:
      - https://management.azure.com/subscriptions/00000000-0000-0000-0000-000000000000/providers/Microsoft.ContainerService/locations/westus2/operations/bb5a5f71-9f68-4eb2-91ca-9dbb06332ff5?api-version=2016-03-30
      cache-control:
      - no-cache
      content-length:
      - '909'
      content-type:
      - application/json
      date:
      - Fri, 27 May 2022 07:11:25 GMT
      expires:
      - '-1'
      pragma:
      - no-cache
      server:
      - nginx
      strict-transport-security:
      - max-age=31536000; includeSubDomains
      x-content-type-options:
      - nosniff
      x-ms-ratelimit-remaining-subscription-writes:
      - '1196'
    status:
      code: 201
      message: Created
- request:
    body: null
    headers:
      Accept:
      - '*/*'
      Accept-Encoding:
      - gzip, deflate
      CommandName:
      - aks nodepool add
      Connection:
      - keep-alive
      ParameterSetName:
      - --resource-group --cluster-name --name --os-type --node-count
      User-Agent:
      - AZURECLI/2.37.0 azsdk-python-azure-mgmt-containerservice/19.0.0b Python/3.9.5
        (Windows-10-10.0.19044-SP0)
    method: GET
    uri: https://management.azure.com/subscriptions/00000000-0000-0000-0000-000000000000/providers/Microsoft.ContainerService/locations/westus2/operations/bb5a5f71-9f68-4eb2-91ca-9dbb06332ff5?api-version=2016-03-30
  response:
    body:
      string: "{\n  \"name\": \"715f5abb-689f-b24e-91ca-9dbb06332ff5\",\n  \"status\":
        \"InProgress\",\n  \"startTime\": \"2022-05-27T07:11:25.54Z\"\n }"
    headers:
      cache-control:
      - no-cache
      content-length:
      - '121'
      content-type:
      - application/json
      date:
      - Fri, 27 May 2022 07:11:55 GMT
      expires:
      - '-1'
      pragma:
      - no-cache
      server:
      - nginx
      strict-transport-security:
      - max-age=31536000; includeSubDomains
      transfer-encoding:
      - chunked
      vary:
      - Accept-Encoding
      x-content-type-options:
      - nosniff
    status:
      code: 200
      message: OK
- request:
    body: null
    headers:
      Accept:
      - '*/*'
      Accept-Encoding:
      - gzip, deflate
      CommandName:
      - aks nodepool add
      Connection:
      - keep-alive
      ParameterSetName:
      - --resource-group --cluster-name --name --os-type --node-count
      User-Agent:
      - AZURECLI/2.37.0 azsdk-python-azure-mgmt-containerservice/19.0.0b Python/3.9.5
        (Windows-10-10.0.19044-SP0)
    method: GET
    uri: https://management.azure.com/subscriptions/00000000-0000-0000-0000-000000000000/providers/Microsoft.ContainerService/locations/westus2/operations/bb5a5f71-9f68-4eb2-91ca-9dbb06332ff5?api-version=2016-03-30
  response:
    body:
      string: "{\n  \"name\": \"715f5abb-689f-b24e-91ca-9dbb06332ff5\",\n  \"status\":
        \"InProgress\",\n  \"startTime\": \"2022-05-27T07:11:25.54Z\"\n }"
    headers:
      cache-control:
      - no-cache
      content-length:
      - '121'
      content-type:
      - application/json
      date:
      - Fri, 27 May 2022 07:12:26 GMT
      expires:
      - '-1'
      pragma:
      - no-cache
      server:
      - nginx
      strict-transport-security:
      - max-age=31536000; includeSubDomains
      transfer-encoding:
      - chunked
      vary:
      - Accept-Encoding
      x-content-type-options:
      - nosniff
    status:
      code: 200
      message: OK
- request:
    body: null
    headers:
      Accept:
      - '*/*'
      Accept-Encoding:
      - gzip, deflate
      CommandName:
      - aks nodepool add
      Connection:
      - keep-alive
      ParameterSetName:
      - --resource-group --cluster-name --name --os-type --node-count
      User-Agent:
      - AZURECLI/2.37.0 azsdk-python-azure-mgmt-containerservice/19.0.0b Python/3.9.5
        (Windows-10-10.0.19044-SP0)
    method: GET
    uri: https://management.azure.com/subscriptions/00000000-0000-0000-0000-000000000000/providers/Microsoft.ContainerService/locations/westus2/operations/bb5a5f71-9f68-4eb2-91ca-9dbb06332ff5?api-version=2016-03-30
  response:
    body:
      string: "{\n  \"name\": \"715f5abb-689f-b24e-91ca-9dbb06332ff5\",\n  \"status\":
        \"InProgress\",\n  \"startTime\": \"2022-05-27T07:11:25.54Z\"\n }"
    headers:
      cache-control:
      - no-cache
      content-length:
      - '121'
      content-type:
      - application/json
      date:
      - Fri, 27 May 2022 07:12:55 GMT
      expires:
      - '-1'
      pragma:
      - no-cache
      server:
      - nginx
      strict-transport-security:
      - max-age=31536000; includeSubDomains
      transfer-encoding:
      - chunked
      vary:
      - Accept-Encoding
      x-content-type-options:
      - nosniff
    status:
      code: 200
      message: OK
- request:
    body: null
    headers:
      Accept:
      - '*/*'
      Accept-Encoding:
      - gzip, deflate
      CommandName:
      - aks nodepool add
      Connection:
      - keep-alive
      ParameterSetName:
      - --resource-group --cluster-name --name --os-type --node-count
      User-Agent:
      - AZURECLI/2.37.0 azsdk-python-azure-mgmt-containerservice/19.0.0b Python/3.9.5
        (Windows-10-10.0.19044-SP0)
    method: GET
    uri: https://management.azure.com/subscriptions/00000000-0000-0000-0000-000000000000/providers/Microsoft.ContainerService/locations/westus2/operations/bb5a5f71-9f68-4eb2-91ca-9dbb06332ff5?api-version=2016-03-30
  response:
    body:
      string: "{\n  \"name\": \"715f5abb-689f-b24e-91ca-9dbb06332ff5\",\n  \"status\":
        \"InProgress\",\n  \"startTime\": \"2022-05-27T07:11:25.54Z\"\n }"
    headers:
      cache-control:
      - no-cache
      content-length:
      - '121'
      content-type:
      - application/json
      date:
      - Fri, 27 May 2022 07:13:26 GMT
      expires:
      - '-1'
      pragma:
      - no-cache
      server:
      - nginx
      strict-transport-security:
      - max-age=31536000; includeSubDomains
      transfer-encoding:
      - chunked
      vary:
      - Accept-Encoding
      x-content-type-options:
      - nosniff
    status:
      code: 200
      message: OK
- request:
    body: null
    headers:
      Accept:
      - '*/*'
      Accept-Encoding:
      - gzip, deflate
      CommandName:
      - aks nodepool add
      Connection:
      - keep-alive
      ParameterSetName:
      - --resource-group --cluster-name --name --os-type --node-count
      User-Agent:
      - AZURECLI/2.37.0 azsdk-python-azure-mgmt-containerservice/19.0.0b Python/3.9.5
        (Windows-10-10.0.19044-SP0)
    method: GET
    uri: https://management.azure.com/subscriptions/00000000-0000-0000-0000-000000000000/providers/Microsoft.ContainerService/locations/westus2/operations/bb5a5f71-9f68-4eb2-91ca-9dbb06332ff5?api-version=2016-03-30
  response:
    body:
      string: "{\n  \"name\": \"715f5abb-689f-b24e-91ca-9dbb06332ff5\",\n  \"status\":
        \"InProgress\",\n  \"startTime\": \"2022-05-27T07:11:25.54Z\"\n }"
    headers:
      cache-control:
      - no-cache
      content-length:
      - '121'
      content-type:
      - application/json
      date:
      - Fri, 27 May 2022 07:13:56 GMT
      expires:
      - '-1'
      pragma:
      - no-cache
      server:
      - nginx
      strict-transport-security:
      - max-age=31536000; includeSubDomains
      transfer-encoding:
      - chunked
      vary:
      - Accept-Encoding
      x-content-type-options:
      - nosniff
    status:
      code: 200
      message: OK
- request:
    body: null
    headers:
      Accept:
      - '*/*'
      Accept-Encoding:
      - gzip, deflate
      CommandName:
      - aks nodepool add
      Connection:
      - keep-alive
      ParameterSetName:
      - --resource-group --cluster-name --name --os-type --node-count
      User-Agent:
      - AZURECLI/2.37.0 azsdk-python-azure-mgmt-containerservice/19.0.0b Python/3.9.5
        (Windows-10-10.0.19044-SP0)
    method: GET
    uri: https://management.azure.com/subscriptions/00000000-0000-0000-0000-000000000000/providers/Microsoft.ContainerService/locations/westus2/operations/bb5a5f71-9f68-4eb2-91ca-9dbb06332ff5?api-version=2016-03-30
  response:
    body:
      string: "{\n  \"name\": \"715f5abb-689f-b24e-91ca-9dbb06332ff5\",\n  \"status\":
        \"InProgress\",\n  \"startTime\": \"2022-05-27T07:11:25.54Z\"\n }"
    headers:
      cache-control:
      - no-cache
      content-length:
      - '121'
      content-type:
      - application/json
      date:
      - Fri, 27 May 2022 07:14:27 GMT
      expires:
      - '-1'
      pragma:
      - no-cache
      server:
      - nginx
      strict-transport-security:
      - max-age=31536000; includeSubDomains
      transfer-encoding:
      - chunked
      vary:
      - Accept-Encoding
      x-content-type-options:
      - nosniff
    status:
      code: 200
      message: OK
- request:
    body: null
    headers:
      Accept:
      - '*/*'
      Accept-Encoding:
      - gzip, deflate
      CommandName:
      - aks nodepool add
      Connection:
      - keep-alive
      ParameterSetName:
      - --resource-group --cluster-name --name --os-type --node-count
      User-Agent:
      - AZURECLI/2.37.0 azsdk-python-azure-mgmt-containerservice/19.0.0b Python/3.9.5
        (Windows-10-10.0.19044-SP0)
    method: GET
    uri: https://management.azure.com/subscriptions/00000000-0000-0000-0000-000000000000/providers/Microsoft.ContainerService/locations/westus2/operations/bb5a5f71-9f68-4eb2-91ca-9dbb06332ff5?api-version=2016-03-30
  response:
    body:
      string: "{\n  \"name\": \"715f5abb-689f-b24e-91ca-9dbb06332ff5\",\n  \"status\":
        \"InProgress\",\n  \"startTime\": \"2022-05-27T07:11:25.54Z\"\n }"
    headers:
      cache-control:
      - no-cache
      content-length:
      - '121'
      content-type:
      - application/json
      date:
      - Fri, 27 May 2022 07:14:57 GMT
      expires:
      - '-1'
      pragma:
      - no-cache
      server:
      - nginx
      strict-transport-security:
      - max-age=31536000; includeSubDomains
      transfer-encoding:
      - chunked
      vary:
      - Accept-Encoding
      x-content-type-options:
      - nosniff
    status:
      code: 200
      message: OK
- request:
    body: null
    headers:
      Accept:
      - '*/*'
      Accept-Encoding:
      - gzip, deflate
      CommandName:
      - aks nodepool add
      Connection:
      - keep-alive
      ParameterSetName:
      - --resource-group --cluster-name --name --os-type --node-count
      User-Agent:
      - AZURECLI/2.37.0 azsdk-python-azure-mgmt-containerservice/19.0.0b Python/3.9.5
        (Windows-10-10.0.19044-SP0)
    method: GET
    uri: https://management.azure.com/subscriptions/00000000-0000-0000-0000-000000000000/providers/Microsoft.ContainerService/locations/westus2/operations/bb5a5f71-9f68-4eb2-91ca-9dbb06332ff5?api-version=2016-03-30
  response:
    body:
      string: "{\n  \"name\": \"715f5abb-689f-b24e-91ca-9dbb06332ff5\",\n  \"status\":
        \"InProgress\",\n  \"startTime\": \"2022-05-27T07:11:25.54Z\"\n }"
    headers:
      cache-control:
      - no-cache
      content-length:
      - '121'
      content-type:
      - application/json
      date:
      - Fri, 27 May 2022 07:15:28 GMT
      expires:
      - '-1'
      pragma:
      - no-cache
      server:
      - nginx
      strict-transport-security:
      - max-age=31536000; includeSubDomains
      transfer-encoding:
      - chunked
      vary:
      - Accept-Encoding
      x-content-type-options:
      - nosniff
    status:
      code: 200
      message: OK
- request:
    body: null
    headers:
      Accept:
      - '*/*'
      Accept-Encoding:
      - gzip, deflate
      CommandName:
      - aks nodepool add
      Connection:
      - keep-alive
      ParameterSetName:
      - --resource-group --cluster-name --name --os-type --node-count
      User-Agent:
      - AZURECLI/2.37.0 azsdk-python-azure-mgmt-containerservice/19.0.0b Python/3.9.5
        (Windows-10-10.0.19044-SP0)
    method: GET
    uri: https://management.azure.com/subscriptions/00000000-0000-0000-0000-000000000000/providers/Microsoft.ContainerService/locations/westus2/operations/bb5a5f71-9f68-4eb2-91ca-9dbb06332ff5?api-version=2016-03-30
  response:
    body:
      string: "{\n  \"name\": \"715f5abb-689f-b24e-91ca-9dbb06332ff5\",\n  \"status\":
        \"InProgress\",\n  \"startTime\": \"2022-05-27T07:11:25.54Z\"\n }"
    headers:
      cache-control:
      - no-cache
      content-length:
      - '121'
      content-type:
      - application/json
      date:
      - Fri, 27 May 2022 07:15:58 GMT
      expires:
      - '-1'
      pragma:
      - no-cache
      server:
      - nginx
      strict-transport-security:
      - max-age=31536000; includeSubDomains
      transfer-encoding:
      - chunked
      vary:
      - Accept-Encoding
      x-content-type-options:
      - nosniff
    status:
      code: 200
      message: OK
- request:
    body: null
    headers:
      Accept:
      - '*/*'
      Accept-Encoding:
      - gzip, deflate
      CommandName:
      - aks nodepool add
      Connection:
      - keep-alive
      ParameterSetName:
      - --resource-group --cluster-name --name --os-type --node-count
      User-Agent:
      - AZURECLI/2.37.0 azsdk-python-azure-mgmt-containerservice/19.0.0b Python/3.9.5
        (Windows-10-10.0.19044-SP0)
    method: GET
    uri: https://management.azure.com/subscriptions/00000000-0000-0000-0000-000000000000/providers/Microsoft.ContainerService/locations/westus2/operations/bb5a5f71-9f68-4eb2-91ca-9dbb06332ff5?api-version=2016-03-30
  response:
    body:
      string: "{\n  \"name\": \"715f5abb-689f-b24e-91ca-9dbb06332ff5\",\n  \"status\":
        \"InProgress\",\n  \"startTime\": \"2022-05-27T07:11:25.54Z\"\n }"
    headers:
      cache-control:
      - no-cache
      content-length:
      - '121'
      content-type:
      - application/json
      date:
      - Fri, 27 May 2022 07:16:28 GMT
      expires:
      - '-1'
      pragma:
      - no-cache
      server:
      - nginx
      strict-transport-security:
      - max-age=31536000; includeSubDomains
      transfer-encoding:
      - chunked
      vary:
      - Accept-Encoding
      x-content-type-options:
      - nosniff
    status:
      code: 200
      message: OK
- request:
    body: null
    headers:
      Accept:
      - '*/*'
      Accept-Encoding:
      - gzip, deflate
      CommandName:
      - aks nodepool add
      Connection:
      - keep-alive
      ParameterSetName:
      - --resource-group --cluster-name --name --os-type --node-count
      User-Agent:
      - AZURECLI/2.37.0 azsdk-python-azure-mgmt-containerservice/19.0.0b Python/3.9.5
        (Windows-10-10.0.19044-SP0)
    method: GET
    uri: https://management.azure.com/subscriptions/00000000-0000-0000-0000-000000000000/providers/Microsoft.ContainerService/locations/westus2/operations/bb5a5f71-9f68-4eb2-91ca-9dbb06332ff5?api-version=2016-03-30
  response:
    body:
      string: "{\n  \"name\": \"715f5abb-689f-b24e-91ca-9dbb06332ff5\",\n  \"status\":
        \"InProgress\",\n  \"startTime\": \"2022-05-27T07:11:25.54Z\"\n }"
    headers:
      cache-control:
      - no-cache
      content-length:
      - '121'
      content-type:
      - application/json
      date:
      - Fri, 27 May 2022 07:16:58 GMT
      expires:
      - '-1'
      pragma:
      - no-cache
      server:
      - nginx
      strict-transport-security:
      - max-age=31536000; includeSubDomains
      transfer-encoding:
      - chunked
      vary:
      - Accept-Encoding
      x-content-type-options:
      - nosniff
    status:
      code: 200
      message: OK
- request:
    body: null
    headers:
      Accept:
      - '*/*'
      Accept-Encoding:
      - gzip, deflate
      CommandName:
      - aks nodepool add
      Connection:
      - keep-alive
      ParameterSetName:
      - --resource-group --cluster-name --name --os-type --node-count
      User-Agent:
      - AZURECLI/2.37.0 azsdk-python-azure-mgmt-containerservice/19.0.0b Python/3.9.5
        (Windows-10-10.0.19044-SP0)
    method: GET
    uri: https://management.azure.com/subscriptions/00000000-0000-0000-0000-000000000000/providers/Microsoft.ContainerService/locations/westus2/operations/bb5a5f71-9f68-4eb2-91ca-9dbb06332ff5?api-version=2016-03-30
  response:
    body:
      string: "{\n  \"name\": \"715f5abb-689f-b24e-91ca-9dbb06332ff5\",\n  \"status\":
        \"InProgress\",\n  \"startTime\": \"2022-05-27T07:11:25.54Z\"\n }"
    headers:
      cache-control:
      - no-cache
      content-length:
      - '121'
      content-type:
      - application/json
      date:
      - Fri, 27 May 2022 07:17:30 GMT
      expires:
      - '-1'
      pragma:
      - no-cache
      server:
      - nginx
      strict-transport-security:
      - max-age=31536000; includeSubDomains
      transfer-encoding:
      - chunked
      vary:
      - Accept-Encoding
      x-content-type-options:
      - nosniff
    status:
      code: 200
      message: OK
- request:
    body: null
    headers:
      Accept:
      - '*/*'
      Accept-Encoding:
      - gzip, deflate
      CommandName:
      - aks nodepool add
      Connection:
      - keep-alive
      ParameterSetName:
      - --resource-group --cluster-name --name --os-type --node-count
      User-Agent:
      - AZURECLI/2.37.0 azsdk-python-azure-mgmt-containerservice/19.0.0b Python/3.9.5
        (Windows-10-10.0.19044-SP0)
    method: GET
    uri: https://management.azure.com/subscriptions/00000000-0000-0000-0000-000000000000/providers/Microsoft.ContainerService/locations/westus2/operations/bb5a5f71-9f68-4eb2-91ca-9dbb06332ff5?api-version=2016-03-30
  response:
    body:
      string: "{\n  \"name\": \"715f5abb-689f-b24e-91ca-9dbb06332ff5\",\n  \"status\":
        \"Succeeded\",\n  \"startTime\": \"2022-05-27T07:11:25.54Z\",\n  \"endTime\":
        \"2022-05-27T07:17:48.8249399Z\"\n }"
    headers:
      cache-control:
      - no-cache
      content-length:
      - '165'
      content-type:
      - application/json
      date:
      - Fri, 27 May 2022 07:18:00 GMT
      expires:
      - '-1'
      pragma:
      - no-cache
      server:
      - nginx
      strict-transport-security:
      - max-age=31536000; includeSubDomains
      transfer-encoding:
      - chunked
      vary:
      - Accept-Encoding
      x-content-type-options:
      - nosniff
    status:
      code: 200
      message: OK
- request:
    body: null
    headers:
      Accept:
      - '*/*'
      Accept-Encoding:
      - gzip, deflate
      CommandName:
      - aks nodepool add
      Connection:
      - keep-alive
      ParameterSetName:
      - --resource-group --cluster-name --name --os-type --node-count
      User-Agent:
      - AZURECLI/2.37.0 azsdk-python-azure-mgmt-containerservice/19.0.0b Python/3.9.5
        (Windows-10-10.0.19044-SP0)
    method: GET
    uri: https://management.azure.com/subscriptions/00000000-0000-0000-0000-000000000000/resourceGroups/clitest000001/providers/Microsoft.ContainerService/managedClusters/cliakstest000001/agentPools/npwin?api-version=2022-04-02-preview
  response:
    body:
      string: "{\n  \"id\": \"/subscriptions/00000000-0000-0000-0000-000000000000/resourcegroups/clitest000001/providers/Microsoft.ContainerService/managedClusters/cliakstest000001/agentPools/npwin\",\n
        \ \"name\": \"npwin\",\n  \"type\": \"Microsoft.ContainerService/managedClusters/agentPools\",\n
        \ \"properties\": {\n   \"count\": 1,\n   \"vmSize\": \"Standard_D2s_v3\",\n
        \  \"osDiskSizeGB\": 128,\n   \"osDiskType\": \"Managed\",\n   \"kubeletDiskType\":
        \"OS\",\n   \"workloadRuntime\": \"OCIContainer\",\n   \"maxPods\": 30,\n
        \  \"type\": \"VirtualMachineScaleSets\",\n   \"scaleDownMode\": \"Delete\",\n
        \  \"provisioningState\": \"Succeeded\",\n   \"powerState\": {\n    \"code\":
        \"Running\"\n   },\n   \"orchestratorVersion\": \"1.22.6\",\n   \"enableNodePublicIP\":
        false,\n   \"mode\": \"User\",\n   \"enableEncryptionAtHost\": false,\n   \"enableUltraSSD\":
        false,\n   \"osType\": \"Windows\",\n   \"nodeImageVersion\": \"AKSWindows-2019-17763.2803.220428\",\n
        \  \"upgradeSettings\": {},\n   \"enableFIPS\": false\n  }\n }"
    headers:
      cache-control:
      - no-cache
      content-length:
      - '910'
      content-type:
      - application/json
      date:
      - Fri, 27 May 2022 07:18:00 GMT
      expires:
      - '-1'
      pragma:
      - no-cache
      server:
      - nginx
      strict-transport-security:
      - max-age=31536000; includeSubDomains
      transfer-encoding:
      - chunked
      vary:
      - Accept-Encoding
      x-content-type-options:
      - nosniff
    status:
      code: 200
      message: OK
- request:
    body: null
    headers:
      Accept:
      - application/json
      Accept-Encoding:
      - gzip, deflate
      CommandName:
      - aks update
      Connection:
      - keep-alive
      ParameterSetName:
      - --resource-group --name --disable-ahub
      User-Agent:
      - AZURECLI/2.37.0 azsdk-python-azure-mgmt-containerservice/19.0.0b Python/3.9.5
        (Windows-10-10.0.19044-SP0)
    method: GET
    uri: https://management.azure.com/subscriptions/00000000-0000-0000-0000-000000000000/resourceGroups/clitest000001/providers/Microsoft.ContainerService/managedClusters/cliakstest000001?api-version=2022-04-02-preview
  response:
    body:
      string: "{\n  \"id\": \"/subscriptions/00000000-0000-0000-0000-000000000000/resourcegroups/clitest000001/providers/Microsoft.ContainerService/managedClusters/cliakstest000001\",\n
        \ \"location\": \"westus2\",\n  \"name\": \"cliakstest000001\",\n  \"type\":
        \"Microsoft.ContainerService/ManagedClusters\",\n  \"properties\": {\n   \"provisioningState\":
        \"Succeeded\",\n   \"powerState\": {\n    \"code\": \"Running\"\n   },\n   \"kubernetesVersion\":
        \"1.22.6\",\n   \"currentKubernetesVersion\": \"1.22.6\",\n   \"dnsPrefix\":
        \"cliaksdns000002\",\n   \"fqdn\": \"cliaksdns000002-e2373cb2.hcp.westus2.azmk8s.io\",\n
        \  \"azurePortalFQDN\": \"cliaksdns000002-e2373cb2.portal.hcp.westus2.azmk8s.io\",\n
        \  \"agentPoolProfiles\": [\n    {\n     \"name\": \"nodepool1\",\n     \"count\":
        1,\n     \"vmSize\": \"Standard_DS2_v2\",\n     \"osDiskSizeGB\": 128,\n     \"osDiskType\":
        \"Managed\",\n     \"kubeletDiskType\": \"OS\",\n     \"workloadRuntime\":
        \"OCIContainer\",\n     \"maxPods\": 30,\n     \"type\": \"VirtualMachineScaleSets\",\n
        \    \"enableAutoScaling\": false,\n     \"provisioningState\": \"Succeeded\",\n
        \    \"powerState\": {\n      \"code\": \"Running\"\n     },\n     \"orchestratorVersion\":
        \"1.22.6\",\n     \"enableNodePublicIP\": false,\n     \"mode\": \"System\",\n
        \    \"enableEncryptionAtHost\": false,\n     \"enableUltraSSD\": false,\n
        \    \"osType\": \"Linux\",\n     \"osSKU\": \"Ubuntu\",\n     \"nodeImageVersion\":
        \"AKSUbuntu-1804gen2containerd-2022.05.10\",\n     \"enableFIPS\": false\n
        \   },\n    {\n     \"name\": \"npwin\",\n     \"count\": 1,\n     \"vmSize\":
        \"Standard_D2s_v3\",\n     \"osDiskSizeGB\": 128,\n     \"osDiskType\": \"Managed\",\n
        \    \"kubeletDiskType\": \"OS\",\n     \"workloadRuntime\": \"OCIContainer\",\n
        \    \"maxPods\": 30,\n     \"type\": \"VirtualMachineScaleSets\",\n     \"scaleDownMode\":
        \"Delete\",\n     \"provisioningState\": \"Succeeded\",\n     \"powerState\":
        {\n      \"code\": \"Running\"\n     },\n     \"orchestratorVersion\": \"1.22.6\",\n
        \    \"enableNodePublicIP\": false,\n     \"mode\": \"User\",\n     \"enableEncryptionAtHost\":
        false,\n     \"enableUltraSSD\": false,\n     \"osType\": \"Windows\",\n     \"nodeImageVersion\":
        \"AKSWindows-2019-17763.2803.220428\",\n     \"upgradeSettings\": {},\n     \"enableFIPS\":
        false\n    }\n   ],\n   \"linuxProfile\": {\n    \"adminUsername\": \"azureuser\",\n
        \   \"ssh\": {\n     \"publicKeys\": [\n      {\n       \"keyData\": \"ssh-rsa
        AAAAB3NzaC1yc2EAAAADAQABAAACAQCbIg1guRHbI0lV11wWDt1r2cUdcNd27CJsg+SfgC7miZeubtwUhbsPdhMQsfDyhOWHq1+ZL0M+nJZV63d/1dhmhtgyOqejUwrPlzKhydsbrsdUor+JmNJDdW01v7BXHyuymT8G4s09jCasNOwiufbP/qp72ruu0bIA1nySsvlf9pCQAuFkAnVnf/rFhUlOkhtRpwcq8SUNY2zRHR/EKb/4NWY1JzR4sa3q2fWIJdrrX0DvLoa5g9bIEd4Df79ba7v+yiUBOS0zT2ll+z4g9izHK3EO5d8hL4jYxcjKs+wcslSYRWrascfscLgMlMGh0CdKeNTDjHpGPncaf3Z+FwwwjWeuiNBxv7bJo13/8B/098KlVDl4GZqsoBCEjPyJfV6hO0y/LkRGkk7oHWKgeWAfKtfLItRp00eZ4fcJNK9kCaSMmEugoZWcI7NGbZXzqFWqbpRI7NcDP9+WIQ+i9U5vqWsqd/zng4kbuAJ6UuKqIzB0upYrLShfQE3SAck8oaLhJqqq56VfDuASNpJKidV+zq27HfSBmbXnkR/5AK337dc3MXKJypoK/QPMLKUAP5XLPbs+NddJQV7EZXd29DLgp+fRIg3edpKdO7ZErWhv7d+3Kws+e1Y+ypmR2WIVSwVyBEUfgv2C8Ts9gnTF4pNcEY/S2aBicz5Ew2+jdyGNQQ==
        test@example.com\\n\"\n      }\n     ]\n    }\n   },\n   \"windowsProfile\":
        {\n    \"adminUsername\": \"azureuser1\",\n    \"licenseType\": \"Windows_Server\",\n
        \   \"enableCSIProxy\": true\n   },\n   \"servicePrincipalProfile\": {\n    \"clientId\":\"00000000-0000-0000-0000-000000000001\"\n
        \  },\n   \"nodeResourceGroup\": \"MC_clitest000001_cliakstest000001_westus2\",\n
        \  \"enableRBAC\": true,\n   \"enablePodSecurityPolicy\": false,\n   \"networkProfile\":
        {\n    \"networkPlugin\": \"azure\",\n    \"loadBalancerSku\": \"Standard\",\n
        \   \"loadBalancerProfile\": {\n     \"managedOutboundIPs\": {\n      \"count\":
        1\n     },\n     \"effectiveOutboundIPs\": [\n      {\n       \"id\": \"/subscriptions/00000000-0000-0000-0000-000000000000/resourceGroups/MC_clitest000001_cliakstest000001_westus2/providers/Microsoft.Network/publicIPAddresses/25b8d5ad-1545-4e0f-9581-6c8e187e6596\"\n
        \     }\n     ]\n    },\n    \"serviceCidr\": \"10.0.0.0/16\",\n    \"dnsServiceIP\":
        \"10.0.0.10\",\n    \"dockerBridgeCidr\": \"172.17.0.1/16\",\n    \"outboundType\":
        \"loadBalancer\",\n    \"serviceCidrs\": [\n     \"10.0.0.0/16\"\n    ],\n
        \   \"ipFamilies\": [\n     \"IPv4\"\n    ]\n   },\n   \"maxAgentPools\":
        100,\n   \"disableLocalAccounts\": false,\n   \"securityProfile\": {},\n   \"storageProfile\":
        {\n    \"diskCSIDriver\": {\n     \"enabled\": true\n    },\n    \"fileCSIDriver\":
        {\n     \"enabled\": true\n    },\n    \"snapshotController\": {\n     \"enabled\":
        true\n    }\n   },\n   \"oidcIssuerProfile\": {\n    \"enabled\": false\n
        \  }\n  },\n  \"sku\": {\n   \"name\": \"Basic\",\n   \"tier\": \"Free\"\n
        \ }\n }"
    headers:
      cache-control:
      - no-cache
      content-length:
      - '4356'
      content-type:
      - application/json
      date:
      - Fri, 27 May 2022 07:18:03 GMT
      expires:
      - '-1'
      pragma:
      - no-cache
      server:
      - nginx
      strict-transport-security:
      - max-age=31536000; includeSubDomains
      transfer-encoding:
      - chunked
      vary:
      - Accept-Encoding
      x-content-type-options:
      - nosniff
    status:
      code: 200
      message: OK
- request:
    body: '{"location": "westus2", "sku": {"name": "Basic", "tier": "Free"}, "properties":
      {"kubernetesVersion": "1.22.6", "dnsPrefix": "cliaksdns000002", "agentPoolProfiles":
      [{"count": 1, "vmSize": "Standard_DS2_v2", "osDiskSizeGB": 128, "osDiskType":
      "Managed", "kubeletDiskType": "OS", "workloadRuntime": "OCIContainer", "maxPods":
      30, "osType": "Linux", "osSKU": "Ubuntu", "enableAutoScaling": false, "type":
      "VirtualMachineScaleSets", "mode": "System", "orchestratorVersion": "1.22.6",
      "powerState": {"code": "Running"}, "enableNodePublicIP": false, "enableEncryptionAtHost":
      false, "enableUltraSSD": false, "enableFIPS": false, "name": "nodepool1"}, {"count":
      1, "vmSize": "Standard_D2s_v3", "osDiskSizeGB": 128, "osDiskType": "Managed",
      "kubeletDiskType": "OS", "workloadRuntime": "OCIContainer", "maxPods": 30, "osType":
      "Windows", "scaleDownMode": "Delete", "type": "VirtualMachineScaleSets", "mode":
      "User", "orchestratorVersion": "1.22.6", "upgradeSettings": {}, "powerState":
      {"code": "Running"}, "enableNodePublicIP": false, "enableEncryptionAtHost":
      false, "enableUltraSSD": false, "enableFIPS": false, "name": "npwin"}], "linuxProfile":
      {"adminUsername": "azureuser", "ssh": {"publicKeys": [{"keyData": "ssh-rsa AAAAB3NzaC1yc2EAAAADAQABAAACAQCbIg1guRHbI0lV11wWDt1r2cUdcNd27CJsg+SfgC7miZeubtwUhbsPdhMQsfDyhOWHq1+ZL0M+nJZV63d/1dhmhtgyOqejUwrPlzKhydsbrsdUor+JmNJDdW01v7BXHyuymT8G4s09jCasNOwiufbP/qp72ruu0bIA1nySsvlf9pCQAuFkAnVnf/rFhUlOkhtRpwcq8SUNY2zRHR/EKb/4NWY1JzR4sa3q2fWIJdrrX0DvLoa5g9bIEd4Df79ba7v+yiUBOS0zT2ll+z4g9izHK3EO5d8hL4jYxcjKs+wcslSYRWrascfscLgMlMGh0CdKeNTDjHpGPncaf3Z+FwwwjWeuiNBxv7bJo13/8B/098KlVDl4GZqsoBCEjPyJfV6hO0y/LkRGkk7oHWKgeWAfKtfLItRp00eZ4fcJNK9kCaSMmEugoZWcI7NGbZXzqFWqbpRI7NcDP9+WIQ+i9U5vqWsqd/zng4kbuAJ6UuKqIzB0upYrLShfQE3SAck8oaLhJqqq56VfDuASNpJKidV+zq27HfSBmbXnkR/5AK337dc3MXKJypoK/QPMLKUAP5XLPbs+NddJQV7EZXd29DLgp+fRIg3edpKdO7ZErWhv7d+3Kws+e1Y+ypmR2WIVSwVyBEUfgv2C8Ts9gnTF4pNcEY/S2aBicz5Ew2+jdyGNQQ==
      test@example.com\n"}]}}, "windowsProfile": {"adminUsername": "azureuser1", "licenseType":
      "None", "enableCSIProxy": true}, "servicePrincipalProfile": {"clientId":"00000000-0000-0000-0000-000000000001"},
      "nodeResourceGroup": "MC_clitest000001_cliakstest000001_westus2", "enableRBAC":
      true, "enablePodSecurityPolicy": false, "networkProfile": {"networkPlugin":
      "azure", "serviceCidr": "10.0.0.0/16", "dnsServiceIP": "10.0.0.10", "dockerBridgeCidr":
      "172.17.0.1/16", "outboundType": "loadBalancer", "loadBalancerSku": "Standard",
      "loadBalancerProfile": {"managedOutboundIPs": {"count": 1, "countIPv6": 0},
      "effectiveOutboundIPs": [{"id": "/subscriptions/00000000-0000-0000-0000-000000000000/resourceGroups/MC_clitest000001_cliakstest000001_westus2/providers/Microsoft.Network/publicIPAddresses/25b8d5ad-1545-4e0f-9581-6c8e187e6596"}]},
      "serviceCidrs": ["10.0.0.0/16"], "ipFamilies": ["IPv4"]}, "disableLocalAccounts":
      false, "securityProfile": {}, "storageProfile": {}}}'
    headers:
      Accept:
      - application/json
      Accept-Encoding:
      - gzip, deflate
      CommandName:
      - aks update
      Connection:
      - keep-alive
      Content-Length:
      - '2901'
      Content-Type:
      - application/json
      ParameterSetName:
      - --resource-group --name --disable-ahub
      User-Agent:
      - AZURECLI/2.37.0 azsdk-python-azure-mgmt-containerservice/19.0.0b Python/3.9.5
        (Windows-10-10.0.19044-SP0)
    method: PUT
    uri: https://management.azure.com/subscriptions/00000000-0000-0000-0000-000000000000/resourceGroups/clitest000001/providers/Microsoft.ContainerService/managedClusters/cliakstest000001?api-version=2022-04-02-preview
  response:
    body:
      string: "{\n  \"id\": \"/subscriptions/00000000-0000-0000-0000-000000000000/resourcegroups/clitest000001/providers/Microsoft.ContainerService/managedClusters/cliakstest000001\",\n
        \ \"location\": \"westus2\",\n  \"name\": \"cliakstest000001\",\n  \"type\":
        \"Microsoft.ContainerService/ManagedClusters\",\n  \"properties\": {\n   \"provisioningState\":
        \"Updating\",\n   \"powerState\": {\n    \"code\": \"Running\"\n   },\n   \"kubernetesVersion\":
        \"1.22.6\",\n   \"currentKubernetesVersion\": \"1.22.6\",\n   \"dnsPrefix\":
        \"cliaksdns000002\",\n   \"fqdn\": \"cliaksdns000002-e2373cb2.hcp.westus2.azmk8s.io\",\n
        \  \"azurePortalFQDN\": \"cliaksdns000002-e2373cb2.portal.hcp.westus2.azmk8s.io\",\n
        \  \"agentPoolProfiles\": [\n    {\n     \"name\": \"nodepool1\",\n     \"count\":
        1,\n     \"vmSize\": \"Standard_DS2_v2\",\n     \"osDiskSizeGB\": 128,\n     \"osDiskType\":
        \"Managed\",\n     \"kubeletDiskType\": \"OS\",\n     \"workloadRuntime\":
        \"OCIContainer\",\n     \"maxPods\": 30,\n     \"type\": \"VirtualMachineScaleSets\",\n
        \    \"enableAutoScaling\": false,\n     \"provisioningState\": \"Updating\",\n
        \    \"powerState\": {\n      \"code\": \"Running\"\n     },\n     \"orchestratorVersion\":
        \"1.22.6\",\n     \"enableNodePublicIP\": false,\n     \"mode\": \"System\",\n
        \    \"enableEncryptionAtHost\": false,\n     \"enableUltraSSD\": false,\n
        \    \"osType\": \"Linux\",\n     \"osSKU\": \"Ubuntu\",\n     \"nodeImageVersion\":
        \"AKSUbuntu-1804gen2containerd-2022.05.10\",\n     \"enableFIPS\": false\n
        \   },\n    {\n     \"name\": \"npwin\",\n     \"count\": 1,\n     \"vmSize\":
        \"Standard_D2s_v3\",\n     \"osDiskSizeGB\": 128,\n     \"osDiskType\": \"Managed\",\n
        \    \"kubeletDiskType\": \"OS\",\n     \"workloadRuntime\": \"OCIContainer\",\n
        \    \"maxPods\": 30,\n     \"type\": \"VirtualMachineScaleSets\",\n     \"scaleDownMode\":
        \"Delete\",\n     \"provisioningState\": \"Updating\",\n     \"powerState\":
        {\n      \"code\": \"Running\"\n     },\n     \"orchestratorVersion\": \"1.22.6\",\n
        \    \"enableNodePublicIP\": false,\n     \"mode\": \"User\",\n     \"enableEncryptionAtHost\":
        false,\n     \"enableUltraSSD\": false,\n     \"osType\": \"Windows\",\n     \"nodeImageVersion\":
        \"AKSWindows-2019-17763.2803.220428\",\n     \"upgradeSettings\": {},\n     \"enableFIPS\":
        false\n    }\n   ],\n   \"linuxProfile\": {\n    \"adminUsername\": \"azureuser\",\n
        \   \"ssh\": {\n     \"publicKeys\": [\n      {\n       \"keyData\": \"ssh-rsa
        AAAAB3NzaC1yc2EAAAADAQABAAACAQCbIg1guRHbI0lV11wWDt1r2cUdcNd27CJsg+SfgC7miZeubtwUhbsPdhMQsfDyhOWHq1+ZL0M+nJZV63d/1dhmhtgyOqejUwrPlzKhydsbrsdUor+JmNJDdW01v7BXHyuymT8G4s09jCasNOwiufbP/qp72ruu0bIA1nySsvlf9pCQAuFkAnVnf/rFhUlOkhtRpwcq8SUNY2zRHR/EKb/4NWY1JzR4sa3q2fWIJdrrX0DvLoa5g9bIEd4Df79ba7v+yiUBOS0zT2ll+z4g9izHK3EO5d8hL4jYxcjKs+wcslSYRWrascfscLgMlMGh0CdKeNTDjHpGPncaf3Z+FwwwjWeuiNBxv7bJo13/8B/098KlVDl4GZqsoBCEjPyJfV6hO0y/LkRGkk7oHWKgeWAfKtfLItRp00eZ4fcJNK9kCaSMmEugoZWcI7NGbZXzqFWqbpRI7NcDP9+WIQ+i9U5vqWsqd/zng4kbuAJ6UuKqIzB0upYrLShfQE3SAck8oaLhJqqq56VfDuASNpJKidV+zq27HfSBmbXnkR/5AK337dc3MXKJypoK/QPMLKUAP5XLPbs+NddJQV7EZXd29DLgp+fRIg3edpKdO7ZErWhv7d+3Kws+e1Y+ypmR2WIVSwVyBEUfgv2C8Ts9gnTF4pNcEY/S2aBicz5Ew2+jdyGNQQ==
        test@example.com\\n\"\n      }\n     ]\n    }\n   },\n   \"windowsProfile\":
        {\n    \"adminUsername\": \"azureuser1\",\n    \"licenseType\": \"None\",\n
        \   \"enableCSIProxy\": true\n   },\n   \"servicePrincipalProfile\": {\n    \"clientId\":\"00000000-0000-0000-0000-000000000001\"\n
        \  },\n   \"nodeResourceGroup\": \"MC_clitest000001_cliakstest000001_westus2\",\n
        \  \"enableRBAC\": true,\n   \"enablePodSecurityPolicy\": false,\n   \"networkProfile\":
        {\n    \"networkPlugin\": \"azure\",\n    \"loadBalancerSku\": \"Standard\",\n
        \   \"loadBalancerProfile\": {\n     \"managedOutboundIPs\": {\n      \"count\":
        1\n     },\n     \"effectiveOutboundIPs\": [\n      {\n       \"id\": \"/subscriptions/00000000-0000-0000-0000-000000000000/resourceGroups/MC_clitest000001_cliakstest000001_westus2/providers/Microsoft.Network/publicIPAddresses/25b8d5ad-1545-4e0f-9581-6c8e187e6596\"\n
        \     }\n     ]\n    },\n    \"serviceCidr\": \"10.0.0.0/16\",\n    \"dnsServiceIP\":
        \"10.0.0.10\",\n    \"dockerBridgeCidr\": \"172.17.0.1/16\",\n    \"outboundType\":
        \"loadBalancer\",\n    \"serviceCidrs\": [\n     \"10.0.0.0/16\"\n    ],\n
        \   \"ipFamilies\": [\n     \"IPv4\"\n    ]\n   },\n   \"maxAgentPools\":
        100,\n   \"disableLocalAccounts\": false,\n   \"securityProfile\": {},\n   \"storageProfile\":
        {\n    \"diskCSIDriver\": {\n     \"enabled\": true\n    },\n    \"fileCSIDriver\":
        {\n     \"enabled\": true\n    },\n    \"snapshotController\": {\n     \"enabled\":
        true\n    }\n   },\n   \"oidcIssuerProfile\": {\n    \"enabled\": false\n
        \  }\n  },\n  \"sku\": {\n   \"name\": \"Basic\",\n   \"tier\": \"Free\"\n
        \ }\n }"
    headers:
      azure-asyncoperation:
      - https://management.azure.com/subscriptions/00000000-0000-0000-0000-000000000000/providers/Microsoft.ContainerService/locations/westus2/operations/02154a12-b5cd-4b4c-9085-42fadd844d6e?api-version=2016-03-30
      cache-control:
      - no-cache
      content-length:
      - '4343'
      content-type:
      - application/json
      date:
      - Fri, 27 May 2022 07:18:08 GMT
      expires:
      - '-1'
      pragma:
      - no-cache
      server:
      - nginx
      strict-transport-security:
      - max-age=31536000; includeSubDomains
      transfer-encoding:
      - chunked
      vary:
      - Accept-Encoding
      x-content-type-options:
      - nosniff
      x-ms-ratelimit-remaining-subscription-writes:
      - '1197'
    status:
      code: 200
      message: OK
- request:
    body: null
    headers:
      Accept:
      - '*/*'
      Accept-Encoding:
      - gzip, deflate
      CommandName:
      - aks update
      Connection:
      - keep-alive
      ParameterSetName:
      - --resource-group --name --disable-ahub
      User-Agent:
      - AZURECLI/2.37.0 azsdk-python-azure-mgmt-containerservice/19.0.0b Python/3.9.5
        (Windows-10-10.0.19044-SP0)
    method: GET
    uri: https://management.azure.com/subscriptions/00000000-0000-0000-0000-000000000000/providers/Microsoft.ContainerService/locations/westus2/operations/02154a12-b5cd-4b4c-9085-42fadd844d6e?api-version=2016-03-30
  response:
    body:
      string: "{\n  \"name\": \"124a1502-cdb5-4c4b-9085-42fadd844d6e\",\n  \"status\":
        \"InProgress\",\n  \"startTime\": \"2022-05-27T07:18:06.5633333Z\"\n }"
    headers:
      cache-control:
      - no-cache
      content-length:
      - '126'
      content-type:
      - application/json
      date:
      - Fri, 27 May 2022 07:18:38 GMT
      expires:
      - '-1'
      pragma:
      - no-cache
      server:
      - nginx
      strict-transport-security:
      - max-age=31536000; includeSubDomains
      transfer-encoding:
      - chunked
      vary:
      - Accept-Encoding
      x-content-type-options:
      - nosniff
    status:
      code: 200
      message: OK
- request:
    body: null
    headers:
      Accept:
      - '*/*'
      Accept-Encoding:
      - gzip, deflate
      CommandName:
      - aks update
      Connection:
      - keep-alive
      ParameterSetName:
      - --resource-group --name --disable-ahub
      User-Agent:
      - AZURECLI/2.37.0 azsdk-python-azure-mgmt-containerservice/19.0.0b Python/3.9.5
        (Windows-10-10.0.19044-SP0)
    method: GET
    uri: https://management.azure.com/subscriptions/00000000-0000-0000-0000-000000000000/providers/Microsoft.ContainerService/locations/westus2/operations/02154a12-b5cd-4b4c-9085-42fadd844d6e?api-version=2016-03-30
  response:
    body:
      string: "{\n  \"name\": \"124a1502-cdb5-4c4b-9085-42fadd844d6e\",\n  \"status\":
        \"InProgress\",\n  \"startTime\": \"2022-05-27T07:18:06.5633333Z\"\n }"
    headers:
      cache-control:
      - no-cache
      content-length:
      - '126'
      content-type:
      - application/json
      date:
      - Fri, 27 May 2022 07:19:08 GMT
      expires:
      - '-1'
      pragma:
      - no-cache
      server:
      - nginx
      strict-transport-security:
      - max-age=31536000; includeSubDomains
      transfer-encoding:
      - chunked
      vary:
      - Accept-Encoding
      x-content-type-options:
      - nosniff
    status:
      code: 200
      message: OK
- request:
    body: null
    headers:
      Accept:
      - '*/*'
      Accept-Encoding:
      - gzip, deflate
      CommandName:
      - aks update
      Connection:
      - keep-alive
      ParameterSetName:
      - --resource-group --name --disable-ahub
      User-Agent:
      - AZURECLI/2.37.0 azsdk-python-azure-mgmt-containerservice/19.0.0b Python/3.9.5
        (Windows-10-10.0.19044-SP0)
    method: GET
    uri: https://management.azure.com/subscriptions/00000000-0000-0000-0000-000000000000/providers/Microsoft.ContainerService/locations/westus2/operations/02154a12-b5cd-4b4c-9085-42fadd844d6e?api-version=2016-03-30
  response:
    body:
      string: "{\n  \"name\": \"124a1502-cdb5-4c4b-9085-42fadd844d6e\",\n  \"status\":
        \"InProgress\",\n  \"startTime\": \"2022-05-27T07:18:06.5633333Z\"\n }"
    headers:
      cache-control:
      - no-cache
      content-length:
      - '126'
      content-type:
      - application/json
      date:
      - Fri, 27 May 2022 07:19:39 GMT
      expires:
      - '-1'
      pragma:
      - no-cache
      server:
      - nginx
      strict-transport-security:
      - max-age=31536000; includeSubDomains
      transfer-encoding:
      - chunked
      vary:
      - Accept-Encoding
      x-content-type-options:
      - nosniff
    status:
      code: 200
      message: OK
- request:
    body: null
    headers:
      Accept:
      - '*/*'
      Accept-Encoding:
      - gzip, deflate
      CommandName:
      - aks update
      Connection:
      - keep-alive
      ParameterSetName:
      - --resource-group --name --disable-ahub
      User-Agent:
      - AZURECLI/2.37.0 azsdk-python-azure-mgmt-containerservice/19.0.0b Python/3.9.5
        (Windows-10-10.0.19044-SP0)
    method: GET
    uri: https://management.azure.com/subscriptions/00000000-0000-0000-0000-000000000000/providers/Microsoft.ContainerService/locations/westus2/operations/02154a12-b5cd-4b4c-9085-42fadd844d6e?api-version=2016-03-30
  response:
    body:
      string: "{\n  \"name\": \"124a1502-cdb5-4c4b-9085-42fadd844d6e\",\n  \"status\":
        \"InProgress\",\n  \"startTime\": \"2022-05-27T07:18:06.5633333Z\"\n }"
    headers:
      cache-control:
      - no-cache
      content-length:
      - '126'
      content-type:
      - application/json
      date:
      - Fri, 27 May 2022 07:20:10 GMT
      expires:
      - '-1'
      pragma:
      - no-cache
      server:
      - nginx
      strict-transport-security:
      - max-age=31536000; includeSubDomains
      transfer-encoding:
      - chunked
      vary:
      - Accept-Encoding
      x-content-type-options:
      - nosniff
    status:
      code: 200
      message: OK
- request:
    body: null
    headers:
      Accept:
      - '*/*'
      Accept-Encoding:
      - gzip, deflate
      CommandName:
      - aks update
      Connection:
      - keep-alive
      ParameterSetName:
      - --resource-group --name --disable-ahub
      User-Agent:
      - AZURECLI/2.37.0 azsdk-python-azure-mgmt-containerservice/19.0.0b Python/3.9.5
        (Windows-10-10.0.19044-SP0)
    method: GET
    uri: https://management.azure.com/subscriptions/00000000-0000-0000-0000-000000000000/providers/Microsoft.ContainerService/locations/westus2/operations/02154a12-b5cd-4b4c-9085-42fadd844d6e?api-version=2016-03-30
  response:
    body:
      string: "{\n  \"name\": \"124a1502-cdb5-4c4b-9085-42fadd844d6e\",\n  \"status\":
        \"InProgress\",\n  \"startTime\": \"2022-05-27T07:18:06.5633333Z\"\n }"
    headers:
      cache-control:
      - no-cache
      content-length:
      - '126'
      content-type:
      - application/json
      date:
      - Fri, 27 May 2022 07:20:40 GMT
      expires:
      - '-1'
      pragma:
      - no-cache
      server:
      - nginx
      strict-transport-security:
      - max-age=31536000; includeSubDomains
      transfer-encoding:
      - chunked
      vary:
      - Accept-Encoding
      x-content-type-options:
      - nosniff
    status:
      code: 200
      message: OK
- request:
    body: null
    headers:
      Accept:
      - '*/*'
      Accept-Encoding:
      - gzip, deflate
      CommandName:
      - aks update
      Connection:
      - keep-alive
      ParameterSetName:
      - --resource-group --name --disable-ahub
      User-Agent:
      - AZURECLI/2.37.0 azsdk-python-azure-mgmt-containerservice/19.0.0b Python/3.9.5
        (Windows-10-10.0.19044-SP0)
    method: GET
    uri: https://management.azure.com/subscriptions/00000000-0000-0000-0000-000000000000/providers/Microsoft.ContainerService/locations/westus2/operations/02154a12-b5cd-4b4c-9085-42fadd844d6e?api-version=2016-03-30
  response:
    body:
      string: "{\n  \"name\": \"124a1502-cdb5-4c4b-9085-42fadd844d6e\",\n  \"status\":
        \"InProgress\",\n  \"startTime\": \"2022-05-27T07:18:06.5633333Z\"\n }"
    headers:
      cache-control:
      - no-cache
      content-length:
      - '126'
      content-type:
      - application/json
      date:
      - Fri, 27 May 2022 07:21:12 GMT
      expires:
      - '-1'
      pragma:
      - no-cache
      server:
      - nginx
      strict-transport-security:
      - max-age=31536000; includeSubDomains
      transfer-encoding:
      - chunked
      vary:
      - Accept-Encoding
      x-content-type-options:
      - nosniff
    status:
      code: 200
      message: OK
- request:
    body: null
    headers:
      Accept:
      - '*/*'
      Accept-Encoding:
      - gzip, deflate
      CommandName:
      - aks update
      Connection:
      - keep-alive
      ParameterSetName:
      - --resource-group --name --disable-ahub
      User-Agent:
      - AZURECLI/2.37.0 azsdk-python-azure-mgmt-containerservice/19.0.0b Python/3.9.5
        (Windows-10-10.0.19044-SP0)
    method: GET
    uri: https://management.azure.com/subscriptions/00000000-0000-0000-0000-000000000000/providers/Microsoft.ContainerService/locations/westus2/operations/02154a12-b5cd-4b4c-9085-42fadd844d6e?api-version=2016-03-30
  response:
    body:
      string: "{\n  \"name\": \"124a1502-cdb5-4c4b-9085-42fadd844d6e\",\n  \"status\":
        \"InProgress\",\n  \"startTime\": \"2022-05-27T07:18:06.5633333Z\"\n }"
    headers:
      cache-control:
      - no-cache
      content-length:
      - '126'
      content-type:
      - application/json
      date:
      - Fri, 27 May 2022 07:21:42 GMT
      expires:
      - '-1'
      pragma:
      - no-cache
      server:
      - nginx
      strict-transport-security:
      - max-age=31536000; includeSubDomains
      transfer-encoding:
      - chunked
      vary:
      - Accept-Encoding
      x-content-type-options:
      - nosniff
    status:
      code: 200
      message: OK
- request:
    body: null
    headers:
      Accept:
      - '*/*'
      Accept-Encoding:
      - gzip, deflate
      CommandName:
      - aks update
      Connection:
      - keep-alive
      ParameterSetName:
      - --resource-group --name --disable-ahub
      User-Agent:
      - AZURECLI/2.37.0 azsdk-python-azure-mgmt-containerservice/19.0.0b Python/3.9.5
        (Windows-10-10.0.19044-SP0)
    method: GET
    uri: https://management.azure.com/subscriptions/00000000-0000-0000-0000-000000000000/providers/Microsoft.ContainerService/locations/westus2/operations/02154a12-b5cd-4b4c-9085-42fadd844d6e?api-version=2016-03-30
  response:
    body:
      string: "{\n  \"name\": \"124a1502-cdb5-4c4b-9085-42fadd844d6e\",\n  \"status\":
        \"InProgress\",\n  \"startTime\": \"2022-05-27T07:18:06.5633333Z\"\n }"
    headers:
      cache-control:
      - no-cache
      content-length:
      - '126'
      content-type:
      - application/json
      date:
      - Fri, 27 May 2022 07:22:12 GMT
      expires:
      - '-1'
      pragma:
      - no-cache
      server:
      - nginx
      strict-transport-security:
      - max-age=31536000; includeSubDomains
      transfer-encoding:
      - chunked
      vary:
      - Accept-Encoding
      x-content-type-options:
      - nosniff
    status:
      code: 200
      message: OK
- request:
    body: null
    headers:
      Accept:
      - '*/*'
      Accept-Encoding:
      - gzip, deflate
      CommandName:
      - aks update
      Connection:
      - keep-alive
      ParameterSetName:
      - --resource-group --name --disable-ahub
      User-Agent:
      - AZURECLI/2.37.0 azsdk-python-azure-mgmt-containerservice/19.0.0b Python/3.9.5
        (Windows-10-10.0.19044-SP0)
    method: GET
    uri: https://management.azure.com/subscriptions/00000000-0000-0000-0000-000000000000/providers/Microsoft.ContainerService/locations/westus2/operations/02154a12-b5cd-4b4c-9085-42fadd844d6e?api-version=2016-03-30
  response:
    body:
      string: "{\n  \"name\": \"124a1502-cdb5-4c4b-9085-42fadd844d6e\",\n  \"status\":
        \"InProgress\",\n  \"startTime\": \"2022-05-27T07:18:06.5633333Z\"\n }"
    headers:
      cache-control:
      - no-cache
      content-length:
      - '126'
      content-type:
      - application/json
      date:
      - Fri, 27 May 2022 07:22:42 GMT
      expires:
      - '-1'
      pragma:
      - no-cache
      server:
      - nginx
      strict-transport-security:
      - max-age=31536000; includeSubDomains
      transfer-encoding:
      - chunked
      vary:
      - Accept-Encoding
      x-content-type-options:
      - nosniff
    status:
      code: 200
      message: OK
- request:
    body: null
    headers:
      Accept:
      - '*/*'
      Accept-Encoding:
      - gzip, deflate
      CommandName:
      - aks update
      Connection:
      - keep-alive
      ParameterSetName:
      - --resource-group --name --disable-ahub
      User-Agent:
      - AZURECLI/2.37.0 azsdk-python-azure-mgmt-containerservice/19.0.0b Python/3.9.5
        (Windows-10-10.0.19044-SP0)
    method: GET
    uri: https://management.azure.com/subscriptions/00000000-0000-0000-0000-000000000000/providers/Microsoft.ContainerService/locations/westus2/operations/02154a12-b5cd-4b4c-9085-42fadd844d6e?api-version=2016-03-30
  response:
    body:
      string: "{\n  \"name\": \"124a1502-cdb5-4c4b-9085-42fadd844d6e\",\n  \"status\":
        \"InProgress\",\n  \"startTime\": \"2022-05-27T07:18:06.5633333Z\"\n }"
    headers:
      cache-control:
      - no-cache
      content-length:
      - '126'
      content-type:
      - application/json
      date:
      - Fri, 27 May 2022 07:23:13 GMT
      expires:
      - '-1'
      pragma:
      - no-cache
      server:
      - nginx
      strict-transport-security:
      - max-age=31536000; includeSubDomains
      transfer-encoding:
      - chunked
      vary:
      - Accept-Encoding
      x-content-type-options:
      - nosniff
    status:
      code: 200
      message: OK
- request:
    body: null
    headers:
      Accept:
      - '*/*'
      Accept-Encoding:
      - gzip, deflate
      CommandName:
      - aks update
      Connection:
      - keep-alive
      ParameterSetName:
      - --resource-group --name --disable-ahub
      User-Agent:
      - AZURECLI/2.37.0 azsdk-python-azure-mgmt-containerservice/19.0.0b Python/3.9.5
        (Windows-10-10.0.19044-SP0)
    method: GET
    uri: https://management.azure.com/subscriptions/00000000-0000-0000-0000-000000000000/providers/Microsoft.ContainerService/locations/westus2/operations/02154a12-b5cd-4b4c-9085-42fadd844d6e?api-version=2016-03-30
  response:
    body:
      string: "{\n  \"name\": \"124a1502-cdb5-4c4b-9085-42fadd844d6e\",\n  \"status\":
        \"InProgress\",\n  \"startTime\": \"2022-05-27T07:18:06.5633333Z\"\n }"
    headers:
      cache-control:
      - no-cache
      content-length:
      - '126'
      content-type:
      - application/json
      date:
      - Fri, 27 May 2022 07:23:43 GMT
      expires:
      - '-1'
      pragma:
      - no-cache
      server:
      - nginx
      strict-transport-security:
      - max-age=31536000; includeSubDomains
      transfer-encoding:
      - chunked
      vary:
      - Accept-Encoding
      x-content-type-options:
      - nosniff
    status:
      code: 200
      message: OK
- request:
    body: null
    headers:
      Accept:
      - '*/*'
      Accept-Encoding:
      - gzip, deflate
      CommandName:
      - aks update
      Connection:
      - keep-alive
      ParameterSetName:
      - --resource-group --name --disable-ahub
      User-Agent:
      - AZURECLI/2.37.0 azsdk-python-azure-mgmt-containerservice/19.0.0b Python/3.9.5
        (Windows-10-10.0.19044-SP0)
    method: GET
    uri: https://management.azure.com/subscriptions/00000000-0000-0000-0000-000000000000/providers/Microsoft.ContainerService/locations/westus2/operations/02154a12-b5cd-4b4c-9085-42fadd844d6e?api-version=2016-03-30
  response:
    body:
      string: "{\n  \"name\": \"124a1502-cdb5-4c4b-9085-42fadd844d6e\",\n  \"status\":
        \"InProgress\",\n  \"startTime\": \"2022-05-27T07:18:06.5633333Z\"\n }"
    headers:
      cache-control:
      - no-cache
      content-length:
      - '126'
      content-type:
      - application/json
      date:
      - Fri, 27 May 2022 07:24:13 GMT
      expires:
      - '-1'
      pragma:
      - no-cache
      server:
      - nginx
      strict-transport-security:
      - max-age=31536000; includeSubDomains
      transfer-encoding:
      - chunked
      vary:
      - Accept-Encoding
      x-content-type-options:
      - nosniff
    status:
      code: 200
      message: OK
- request:
    body: null
    headers:
      Accept:
      - '*/*'
      Accept-Encoding:
      - gzip, deflate
      CommandName:
      - aks update
      Connection:
      - keep-alive
      ParameterSetName:
      - --resource-group --name --disable-ahub
      User-Agent:
      - AZURECLI/2.37.0 azsdk-python-azure-mgmt-containerservice/19.0.0b Python/3.9.5
        (Windows-10-10.0.19044-SP0)
    method: GET
    uri: https://management.azure.com/subscriptions/00000000-0000-0000-0000-000000000000/providers/Microsoft.ContainerService/locations/westus2/operations/02154a12-b5cd-4b4c-9085-42fadd844d6e?api-version=2016-03-30
  response:
    body:
      string: "{\n  \"name\": \"124a1502-cdb5-4c4b-9085-42fadd844d6e\",\n  \"status\":
        \"InProgress\",\n  \"startTime\": \"2022-05-27T07:18:06.5633333Z\"\n }"
    headers:
      cache-control:
      - no-cache
      content-length:
      - '126'
      content-type:
      - application/json
      date:
      - Fri, 27 May 2022 07:24:44 GMT
      expires:
      - '-1'
      pragma:
      - no-cache
      server:
      - nginx
      strict-transport-security:
      - max-age=31536000; includeSubDomains
      transfer-encoding:
      - chunked
      vary:
      - Accept-Encoding
      x-content-type-options:
      - nosniff
    status:
      code: 200
      message: OK
- request:
    body: null
    headers:
      Accept:
      - '*/*'
      Accept-Encoding:
      - gzip, deflate
      CommandName:
      - aks update
      Connection:
      - keep-alive
      ParameterSetName:
      - --resource-group --name --disable-ahub
      User-Agent:
      - AZURECLI/2.37.0 azsdk-python-azure-mgmt-containerservice/19.0.0b Python/3.9.5
        (Windows-10-10.0.19044-SP0)
    method: GET
    uri: https://management.azure.com/subscriptions/00000000-0000-0000-0000-000000000000/providers/Microsoft.ContainerService/locations/westus2/operations/02154a12-b5cd-4b4c-9085-42fadd844d6e?api-version=2016-03-30
  response:
    body:
      string: "{\n  \"name\": \"124a1502-cdb5-4c4b-9085-42fadd844d6e\",\n  \"status\":
        \"InProgress\",\n  \"startTime\": \"2022-05-27T07:18:06.5633333Z\"\n }"
    headers:
      cache-control:
      - no-cache
      content-length:
      - '126'
      content-type:
      - application/json
      date:
      - Fri, 27 May 2022 07:25:14 GMT
      expires:
      - '-1'
      pragma:
      - no-cache
      server:
      - nginx
      strict-transport-security:
      - max-age=31536000; includeSubDomains
      transfer-encoding:
      - chunked
      vary:
      - Accept-Encoding
      x-content-type-options:
      - nosniff
    status:
      code: 200
      message: OK
- request:
    body: null
    headers:
      Accept:
      - '*/*'
      Accept-Encoding:
      - gzip, deflate
      CommandName:
      - aks update
      Connection:
      - keep-alive
      ParameterSetName:
      - --resource-group --name --disable-ahub
      User-Agent:
      - AZURECLI/2.37.0 azsdk-python-azure-mgmt-containerservice/19.0.0b Python/3.9.5
        (Windows-10-10.0.19044-SP0)
    method: GET
    uri: https://management.azure.com/subscriptions/00000000-0000-0000-0000-000000000000/providers/Microsoft.ContainerService/locations/westus2/operations/02154a12-b5cd-4b4c-9085-42fadd844d6e?api-version=2016-03-30
  response:
    body:
      string: "{\n  \"name\": \"124a1502-cdb5-4c4b-9085-42fadd844d6e\",\n  \"status\":
        \"InProgress\",\n  \"startTime\": \"2022-05-27T07:18:06.5633333Z\"\n }"
    headers:
      cache-control:
      - no-cache
      content-length:
      - '126'
      content-type:
      - application/json
      date:
      - Fri, 27 May 2022 07:25:44 GMT
      expires:
      - '-1'
      pragma:
      - no-cache
      server:
      - nginx
      strict-transport-security:
      - max-age=31536000; includeSubDomains
      transfer-encoding:
      - chunked
      vary:
      - Accept-Encoding
      x-content-type-options:
      - nosniff
    status:
      code: 200
      message: OK
- request:
    body: null
    headers:
      Accept:
      - '*/*'
      Accept-Encoding:
      - gzip, deflate
      CommandName:
      - aks update
      Connection:
      - keep-alive
      ParameterSetName:
      - --resource-group --name --disable-ahub
      User-Agent:
      - AZURECLI/2.37.0 azsdk-python-azure-mgmt-containerservice/19.0.0b Python/3.9.5
        (Windows-10-10.0.19044-SP0)
    method: GET
    uri: https://management.azure.com/subscriptions/00000000-0000-0000-0000-000000000000/providers/Microsoft.ContainerService/locations/westus2/operations/02154a12-b5cd-4b4c-9085-42fadd844d6e?api-version=2016-03-30
  response:
    body:
      string: "{\n  \"name\": \"124a1502-cdb5-4c4b-9085-42fadd844d6e\",\n  \"status\":
        \"InProgress\",\n  \"startTime\": \"2022-05-27T07:18:06.5633333Z\"\n }"
    headers:
      cache-control:
      - no-cache
      content-length:
      - '126'
      content-type:
      - application/json
      date:
      - Fri, 27 May 2022 07:26:15 GMT
      expires:
      - '-1'
      pragma:
      - no-cache
      server:
      - nginx
      strict-transport-security:
      - max-age=31536000; includeSubDomains
      transfer-encoding:
      - chunked
      vary:
      - Accept-Encoding
      x-content-type-options:
      - nosniff
    status:
      code: 200
      message: OK
- request:
    body: null
    headers:
      Accept:
      - '*/*'
      Accept-Encoding:
      - gzip, deflate
      CommandName:
      - aks update
      Connection:
      - keep-alive
      ParameterSetName:
      - --resource-group --name --disable-ahub
      User-Agent:
      - AZURECLI/2.37.0 azsdk-python-azure-mgmt-containerservice/19.0.0b Python/3.9.5
        (Windows-10-10.0.19044-SP0)
    method: GET
    uri: https://management.azure.com/subscriptions/00000000-0000-0000-0000-000000000000/providers/Microsoft.ContainerService/locations/westus2/operations/02154a12-b5cd-4b4c-9085-42fadd844d6e?api-version=2016-03-30
  response:
    body:
      string: "{\n  \"name\": \"124a1502-cdb5-4c4b-9085-42fadd844d6e\",\n  \"status\":
        \"InProgress\",\n  \"startTime\": \"2022-05-27T07:18:06.5633333Z\"\n }"
    headers:
      cache-control:
      - no-cache
      content-length:
      - '126'
      content-type:
      - application/json
      date:
      - Fri, 27 May 2022 07:26:45 GMT
      expires:
      - '-1'
      pragma:
      - no-cache
      server:
      - nginx
      strict-transport-security:
      - max-age=31536000; includeSubDomains
      transfer-encoding:
      - chunked
      vary:
      - Accept-Encoding
      x-content-type-options:
      - nosniff
    status:
      code: 200
      message: OK
- request:
    body: null
    headers:
      Accept:
      - '*/*'
      Accept-Encoding:
      - gzip, deflate
      CommandName:
      - aks update
      Connection:
      - keep-alive
      ParameterSetName:
      - --resource-group --name --disable-ahub
      User-Agent:
      - AZURECLI/2.37.0 azsdk-python-azure-mgmt-containerservice/19.0.0b Python/3.9.5
        (Windows-10-10.0.19044-SP0)
    method: GET
    uri: https://management.azure.com/subscriptions/00000000-0000-0000-0000-000000000000/providers/Microsoft.ContainerService/locations/westus2/operations/02154a12-b5cd-4b4c-9085-42fadd844d6e?api-version=2016-03-30
  response:
    body:
      string: "{\n  \"name\": \"124a1502-cdb5-4c4b-9085-42fadd844d6e\",\n  \"status\":
        \"InProgress\",\n  \"startTime\": \"2022-05-27T07:18:06.5633333Z\"\n }"
    headers:
      cache-control:
      - no-cache
      content-length:
      - '126'
      content-type:
      - application/json
      date:
      - Fri, 27 May 2022 07:27:16 GMT
      expires:
      - '-1'
      pragma:
      - no-cache
      server:
      - nginx
      strict-transport-security:
      - max-age=31536000; includeSubDomains
      transfer-encoding:
      - chunked
      vary:
      - Accept-Encoding
      x-content-type-options:
      - nosniff
    status:
      code: 200
      message: OK
- request:
    body: null
    headers:
      Accept:
      - '*/*'
      Accept-Encoding:
      - gzip, deflate
      CommandName:
      - aks update
      Connection:
      - keep-alive
      ParameterSetName:
      - --resource-group --name --disable-ahub
      User-Agent:
      - AZURECLI/2.37.0 azsdk-python-azure-mgmt-containerservice/19.0.0b Python/3.9.5
        (Windows-10-10.0.19044-SP0)
    method: GET
    uri: https://management.azure.com/subscriptions/00000000-0000-0000-0000-000000000000/providers/Microsoft.ContainerService/locations/westus2/operations/02154a12-b5cd-4b4c-9085-42fadd844d6e?api-version=2016-03-30
  response:
    body:
      string: "{\n  \"name\": \"124a1502-cdb5-4c4b-9085-42fadd844d6e\",\n  \"status\":
        \"InProgress\",\n  \"startTime\": \"2022-05-27T07:18:06.5633333Z\"\n }"
    headers:
      cache-control:
      - no-cache
      content-length:
      - '126'
      content-type:
      - application/json
      date:
      - Fri, 27 May 2022 07:27:46 GMT
      expires:
      - '-1'
      pragma:
      - no-cache
      server:
      - nginx
      strict-transport-security:
      - max-age=31536000; includeSubDomains
      transfer-encoding:
      - chunked
      vary:
      - Accept-Encoding
      x-content-type-options:
      - nosniff
    status:
      code: 200
      message: OK
- request:
    body: null
    headers:
      Accept:
      - '*/*'
      Accept-Encoding:
      - gzip, deflate
      CommandName:
      - aks update
      Connection:
      - keep-alive
      ParameterSetName:
      - --resource-group --name --disable-ahub
      User-Agent:
      - AZURECLI/2.37.0 azsdk-python-azure-mgmt-containerservice/19.0.0b Python/3.9.5
        (Windows-10-10.0.19044-SP0)
    method: GET
    uri: https://management.azure.com/subscriptions/00000000-0000-0000-0000-000000000000/providers/Microsoft.ContainerService/locations/westus2/operations/02154a12-b5cd-4b4c-9085-42fadd844d6e?api-version=2016-03-30
  response:
    body:
      string: "{\n  \"name\": \"124a1502-cdb5-4c4b-9085-42fadd844d6e\",\n  \"status\":
        \"InProgress\",\n  \"startTime\": \"2022-05-27T07:18:06.5633333Z\"\n }"
    headers:
      cache-control:
      - no-cache
      content-length:
      - '126'
      content-type:
      - application/json
      date:
      - Fri, 27 May 2022 07:28:17 GMT
      expires:
      - '-1'
      pragma:
      - no-cache
      server:
      - nginx
      strict-transport-security:
      - max-age=31536000; includeSubDomains
      transfer-encoding:
      - chunked
      vary:
      - Accept-Encoding
      x-content-type-options:
      - nosniff
    status:
      code: 200
      message: OK
- request:
    body: null
    headers:
      Accept:
      - '*/*'
      Accept-Encoding:
      - gzip, deflate
      CommandName:
      - aks update
      Connection:
      - keep-alive
      ParameterSetName:
      - --resource-group --name --disable-ahub
      User-Agent:
      - AZURECLI/2.37.0 azsdk-python-azure-mgmt-containerservice/19.0.0b Python/3.9.5
        (Windows-10-10.0.19044-SP0)
    method: GET
    uri: https://management.azure.com/subscriptions/00000000-0000-0000-0000-000000000000/providers/Microsoft.ContainerService/locations/westus2/operations/02154a12-b5cd-4b4c-9085-42fadd844d6e?api-version=2016-03-30
  response:
    body:
      string: "{\n  \"name\": \"124a1502-cdb5-4c4b-9085-42fadd844d6e\",\n  \"status\":
        \"InProgress\",\n  \"startTime\": \"2022-05-27T07:18:06.5633333Z\"\n }"
    headers:
      cache-control:
      - no-cache
      content-length:
      - '126'
      content-type:
      - application/json
      date:
      - Fri, 27 May 2022 07:28:47 GMT
      expires:
      - '-1'
      pragma:
      - no-cache
      server:
      - nginx
      strict-transport-security:
      - max-age=31536000; includeSubDomains
      transfer-encoding:
      - chunked
      vary:
      - Accept-Encoding
      x-content-type-options:
      - nosniff
    status:
      code: 200
      message: OK
- request:
    body: null
    headers:
      Accept:
      - '*/*'
      Accept-Encoding:
      - gzip, deflate
      CommandName:
      - aks update
      Connection:
      - keep-alive
      ParameterSetName:
      - --resource-group --name --disable-ahub
      User-Agent:
      - AZURECLI/2.37.0 azsdk-python-azure-mgmt-containerservice/19.0.0b Python/3.9.5
        (Windows-10-10.0.19044-SP0)
    method: GET
    uri: https://management.azure.com/subscriptions/00000000-0000-0000-0000-000000000000/providers/Microsoft.ContainerService/locations/westus2/operations/02154a12-b5cd-4b4c-9085-42fadd844d6e?api-version=2016-03-30
  response:
    body:
      string: "{\n  \"name\": \"124a1502-cdb5-4c4b-9085-42fadd844d6e\",\n  \"status\":
        \"InProgress\",\n  \"startTime\": \"2022-05-27T07:18:06.5633333Z\"\n }"
    headers:
      cache-control:
      - no-cache
      content-length:
      - '126'
      content-type:
      - application/json
      date:
      - Fri, 27 May 2022 07:29:17 GMT
      expires:
      - '-1'
      pragma:
      - no-cache
      server:
      - nginx
      strict-transport-security:
      - max-age=31536000; includeSubDomains
      transfer-encoding:
      - chunked
      vary:
      - Accept-Encoding
      x-content-type-options:
      - nosniff
    status:
      code: 200
      message: OK
- request:
    body: null
    headers:
      Accept:
      - '*/*'
      Accept-Encoding:
      - gzip, deflate
      CommandName:
      - aks update
      Connection:
      - keep-alive
      ParameterSetName:
      - --resource-group --name --disable-ahub
      User-Agent:
      - AZURECLI/2.37.0 azsdk-python-azure-mgmt-containerservice/19.0.0b Python/3.9.5
        (Windows-10-10.0.19044-SP0)
    method: GET
    uri: https://management.azure.com/subscriptions/00000000-0000-0000-0000-000000000000/providers/Microsoft.ContainerService/locations/westus2/operations/02154a12-b5cd-4b4c-9085-42fadd844d6e?api-version=2016-03-30
  response:
    body:
      string: "{\n  \"name\": \"124a1502-cdb5-4c4b-9085-42fadd844d6e\",\n  \"status\":
        \"InProgress\",\n  \"startTime\": \"2022-05-27T07:18:06.5633333Z\"\n }"
    headers:
      cache-control:
      - no-cache
      content-length:
      - '126'
      content-type:
      - application/json
      date:
      - Fri, 27 May 2022 07:29:48 GMT
      expires:
      - '-1'
      pragma:
      - no-cache
      server:
      - nginx
      strict-transport-security:
      - max-age=31536000; includeSubDomains
      transfer-encoding:
      - chunked
      vary:
      - Accept-Encoding
      x-content-type-options:
      - nosniff
    status:
      code: 200
      message: OK
- request:
    body: null
    headers:
      Accept:
      - '*/*'
      Accept-Encoding:
      - gzip, deflate
      CommandName:
      - aks update
      Connection:
      - keep-alive
      ParameterSetName:
      - --resource-group --name --disable-ahub
      User-Agent:
      - AZURECLI/2.37.0 azsdk-python-azure-mgmt-containerservice/19.0.0b Python/3.9.5
        (Windows-10-10.0.19044-SP0)
    method: GET
    uri: https://management.azure.com/subscriptions/00000000-0000-0000-0000-000000000000/providers/Microsoft.ContainerService/locations/westus2/operations/02154a12-b5cd-4b4c-9085-42fadd844d6e?api-version=2016-03-30
  response:
    body:
      string: "{\n  \"name\": \"124a1502-cdb5-4c4b-9085-42fadd844d6e\",\n  \"status\":
        \"InProgress\",\n  \"startTime\": \"2022-05-27T07:18:06.5633333Z\"\n }"
    headers:
      cache-control:
      - no-cache
      content-length:
      - '126'
      content-type:
      - application/json
      date:
      - Fri, 27 May 2022 07:30:19 GMT
      expires:
      - '-1'
      pragma:
      - no-cache
      server:
      - nginx
      strict-transport-security:
      - max-age=31536000; includeSubDomains
      transfer-encoding:
      - chunked
      vary:
      - Accept-Encoding
      x-content-type-options:
      - nosniff
    status:
      code: 200
      message: OK
- request:
    body: null
    headers:
      Accept:
      - '*/*'
      Accept-Encoding:
      - gzip, deflate
      CommandName:
      - aks update
      Connection:
      - keep-alive
      ParameterSetName:
      - --resource-group --name --disable-ahub
      User-Agent:
      - AZURECLI/2.37.0 azsdk-python-azure-mgmt-containerservice/19.0.0b Python/3.9.5
        (Windows-10-10.0.19044-SP0)
    method: GET
    uri: https://management.azure.com/subscriptions/00000000-0000-0000-0000-000000000000/providers/Microsoft.ContainerService/locations/westus2/operations/02154a12-b5cd-4b4c-9085-42fadd844d6e?api-version=2016-03-30
  response:
    body:
      string: "{\n  \"name\": \"124a1502-cdb5-4c4b-9085-42fadd844d6e\",\n  \"status\":
        \"InProgress\",\n  \"startTime\": \"2022-05-27T07:18:06.5633333Z\"\n }"
    headers:
      cache-control:
      - no-cache
      content-length:
      - '126'
      content-type:
      - application/json
      date:
      - Fri, 27 May 2022 07:30:49 GMT
      expires:
      - '-1'
      pragma:
      - no-cache
      server:
      - nginx
      strict-transport-security:
      - max-age=31536000; includeSubDomains
      transfer-encoding:
      - chunked
      vary:
      - Accept-Encoding
      x-content-type-options:
      - nosniff
    status:
      code: 200
      message: OK
- request:
    body: null
    headers:
      Accept:
      - '*/*'
      Accept-Encoding:
      - gzip, deflate
      CommandName:
      - aks update
      Connection:
      - keep-alive
      ParameterSetName:
      - --resource-group --name --disable-ahub
      User-Agent:
      - AZURECLI/2.37.0 azsdk-python-azure-mgmt-containerservice/19.0.0b Python/3.9.5
        (Windows-10-10.0.19044-SP0)
    method: GET
    uri: https://management.azure.com/subscriptions/00000000-0000-0000-0000-000000000000/providers/Microsoft.ContainerService/locations/westus2/operations/02154a12-b5cd-4b4c-9085-42fadd844d6e?api-version=2016-03-30
  response:
    body:
      string: "{\n  \"name\": \"124a1502-cdb5-4c4b-9085-42fadd844d6e\",\n  \"status\":
        \"InProgress\",\n  \"startTime\": \"2022-05-27T07:18:06.5633333Z\"\n }"
    headers:
      cache-control:
      - no-cache
      content-length:
      - '126'
      content-type:
      - application/json
      date:
      - Fri, 27 May 2022 07:31:19 GMT
      expires:
      - '-1'
      pragma:
      - no-cache
      server:
      - nginx
      strict-transport-security:
      - max-age=31536000; includeSubDomains
      transfer-encoding:
      - chunked
      vary:
      - Accept-Encoding
      x-content-type-options:
      - nosniff
    status:
      code: 200
      message: OK
- request:
    body: null
    headers:
      Accept:
      - '*/*'
      Accept-Encoding:
      - gzip, deflate
      CommandName:
      - aks update
      Connection:
      - keep-alive
      ParameterSetName:
      - --resource-group --name --disable-ahub
      User-Agent:
      - AZURECLI/2.37.0 azsdk-python-azure-mgmt-containerservice/19.0.0b Python/3.9.5
        (Windows-10-10.0.19044-SP0)
    method: GET
    uri: https://management.azure.com/subscriptions/00000000-0000-0000-0000-000000000000/providers/Microsoft.ContainerService/locations/westus2/operations/02154a12-b5cd-4b4c-9085-42fadd844d6e?api-version=2016-03-30
  response:
    body:
      string: "{\n  \"name\": \"124a1502-cdb5-4c4b-9085-42fadd844d6e\",\n  \"status\":
        \"InProgress\",\n  \"startTime\": \"2022-05-27T07:18:06.5633333Z\"\n }"
    headers:
      cache-control:
      - no-cache
      content-length:
      - '126'
      content-type:
      - application/json
      date:
      - Fri, 27 May 2022 07:31:50 GMT
      expires:
      - '-1'
      pragma:
      - no-cache
      server:
      - nginx
      strict-transport-security:
      - max-age=31536000; includeSubDomains
      transfer-encoding:
      - chunked
      vary:
      - Accept-Encoding
      x-content-type-options:
      - nosniff
    status:
      code: 200
      message: OK
- request:
    body: null
    headers:
      Accept:
      - '*/*'
      Accept-Encoding:
      - gzip, deflate
      CommandName:
      - aks update
      Connection:
      - keep-alive
      ParameterSetName:
      - --resource-group --name --disable-ahub
      User-Agent:
      - AZURECLI/2.37.0 azsdk-python-azure-mgmt-containerservice/19.0.0b Python/3.9.5
        (Windows-10-10.0.19044-SP0)
    method: GET
    uri: https://management.azure.com/subscriptions/00000000-0000-0000-0000-000000000000/providers/Microsoft.ContainerService/locations/westus2/operations/02154a12-b5cd-4b4c-9085-42fadd844d6e?api-version=2016-03-30
  response:
    body:
      string: "{\n  \"name\": \"124a1502-cdb5-4c4b-9085-42fadd844d6e\",\n  \"status\":
        \"Succeeded\",\n  \"startTime\": \"2022-05-27T07:18:06.5633333Z\",\n  \"endTime\":
        \"2022-05-27T07:31:50.505151Z\"\n }"
    headers:
      cache-control:
      - no-cache
      content-length:
      - '169'
      content-type:
      - application/json
      date:
      - Fri, 27 May 2022 07:32:20 GMT
      expires:
      - '-1'
      pragma:
      - no-cache
      server:
      - nginx
      strict-transport-security:
      - max-age=31536000; includeSubDomains
      transfer-encoding:
      - chunked
      vary:
      - Accept-Encoding
      x-content-type-options:
      - nosniff
    status:
      code: 200
      message: OK
- request:
    body: null
    headers:
      Accept:
      - '*/*'
      Accept-Encoding:
      - gzip, deflate
      CommandName:
      - aks update
      Connection:
      - keep-alive
      ParameterSetName:
      - --resource-group --name --disable-ahub
      User-Agent:
      - AZURECLI/2.37.0 azsdk-python-azure-mgmt-containerservice/19.0.0b Python/3.9.5
        (Windows-10-10.0.19044-SP0)
    method: GET
    uri: https://management.azure.com/subscriptions/00000000-0000-0000-0000-000000000000/resourceGroups/clitest000001/providers/Microsoft.ContainerService/managedClusters/cliakstest000001?api-version=2022-04-02-preview
  response:
    body:
      string: "{\n  \"id\": \"/subscriptions/00000000-0000-0000-0000-000000000000/resourcegroups/clitest000001/providers/Microsoft.ContainerService/managedClusters/cliakstest000001\",\n
        \ \"location\": \"westus2\",\n  \"name\": \"cliakstest000001\",\n  \"type\":
        \"Microsoft.ContainerService/ManagedClusters\",\n  \"properties\": {\n   \"provisioningState\":
        \"Succeeded\",\n   \"powerState\": {\n    \"code\": \"Running\"\n   },\n   \"kubernetesVersion\":
        \"1.22.6\",\n   \"currentKubernetesVersion\": \"1.22.6\",\n   \"dnsPrefix\":
        \"cliaksdns000002\",\n   \"fqdn\": \"cliaksdns000002-e2373cb2.hcp.westus2.azmk8s.io\",\n
        \  \"azurePortalFQDN\": \"cliaksdns000002-e2373cb2.portal.hcp.westus2.azmk8s.io\",\n
        \  \"agentPoolProfiles\": [\n    {\n     \"name\": \"nodepool1\",\n     \"count\":
        1,\n     \"vmSize\": \"Standard_DS2_v2\",\n     \"osDiskSizeGB\": 128,\n     \"osDiskType\":
        \"Managed\",\n     \"kubeletDiskType\": \"OS\",\n     \"workloadRuntime\":
        \"OCIContainer\",\n     \"maxPods\": 30,\n     \"type\": \"VirtualMachineScaleSets\",\n
        \    \"enableAutoScaling\": false,\n     \"provisioningState\": \"Succeeded\",\n
        \    \"powerState\": {\n      \"code\": \"Running\"\n     },\n     \"orchestratorVersion\":
        \"1.22.6\",\n     \"enableNodePublicIP\": false,\n     \"mode\": \"System\",\n
        \    \"enableEncryptionAtHost\": false,\n     \"enableUltraSSD\": false,\n
        \    \"osType\": \"Linux\",\n     \"osSKU\": \"Ubuntu\",\n     \"nodeImageVersion\":
        \"AKSUbuntu-1804gen2containerd-2022.05.10\",\n     \"enableFIPS\": false\n
        \   },\n    {\n     \"name\": \"npwin\",\n     \"count\": 1,\n     \"vmSize\":
        \"Standard_D2s_v3\",\n     \"osDiskSizeGB\": 128,\n     \"osDiskType\": \"Managed\",\n
        \    \"kubeletDiskType\": \"OS\",\n     \"workloadRuntime\": \"OCIContainer\",\n
        \    \"maxPods\": 30,\n     \"type\": \"VirtualMachineScaleSets\",\n     \"scaleDownMode\":
        \"Delete\",\n     \"provisioningState\": \"Succeeded\",\n     \"powerState\":
        {\n      \"code\": \"Running\"\n     },\n     \"orchestratorVersion\": \"1.22.6\",\n
        \    \"enableNodePublicIP\": false,\n     \"mode\": \"User\",\n     \"enableEncryptionAtHost\":
        false,\n     \"enableUltraSSD\": false,\n     \"osType\": \"Windows\",\n     \"nodeImageVersion\":
        \"AKSWindows-2019-17763.2803.220428\",\n     \"upgradeSettings\": {},\n     \"enableFIPS\":
        false\n    }\n   ],\n   \"linuxProfile\": {\n    \"adminUsername\": \"azureuser\",\n
        \   \"ssh\": {\n     \"publicKeys\": [\n      {\n       \"keyData\": \"ssh-rsa
        AAAAB3NzaC1yc2EAAAADAQABAAACAQCbIg1guRHbI0lV11wWDt1r2cUdcNd27CJsg+SfgC7miZeubtwUhbsPdhMQsfDyhOWHq1+ZL0M+nJZV63d/1dhmhtgyOqejUwrPlzKhydsbrsdUor+JmNJDdW01v7BXHyuymT8G4s09jCasNOwiufbP/qp72ruu0bIA1nySsvlf9pCQAuFkAnVnf/rFhUlOkhtRpwcq8SUNY2zRHR/EKb/4NWY1JzR4sa3q2fWIJdrrX0DvLoa5g9bIEd4Df79ba7v+yiUBOS0zT2ll+z4g9izHK3EO5d8hL4jYxcjKs+wcslSYRWrascfscLgMlMGh0CdKeNTDjHpGPncaf3Z+FwwwjWeuiNBxv7bJo13/8B/098KlVDl4GZqsoBCEjPyJfV6hO0y/LkRGkk7oHWKgeWAfKtfLItRp00eZ4fcJNK9kCaSMmEugoZWcI7NGbZXzqFWqbpRI7NcDP9+WIQ+i9U5vqWsqd/zng4kbuAJ6UuKqIzB0upYrLShfQE3SAck8oaLhJqqq56VfDuASNpJKidV+zq27HfSBmbXnkR/5AK337dc3MXKJypoK/QPMLKUAP5XLPbs+NddJQV7EZXd29DLgp+fRIg3edpKdO7ZErWhv7d+3Kws+e1Y+ypmR2WIVSwVyBEUfgv2C8Ts9gnTF4pNcEY/S2aBicz5Ew2+jdyGNQQ==
        test@example.com\\n\"\n      }\n     ]\n    }\n   },\n   \"windowsProfile\":
        {\n    \"adminUsername\": \"azureuser1\",\n    \"licenseType\": \"None\",\n
        \   \"enableCSIProxy\": true\n   },\n   \"servicePrincipalProfile\": {\n    \"clientId\":\"00000000-0000-0000-0000-000000000001\"\n
        \  },\n   \"nodeResourceGroup\": \"MC_clitest000001_cliakstest000001_westus2\",\n
        \  \"enableRBAC\": true,\n   \"enablePodSecurityPolicy\": false,\n   \"networkProfile\":
        {\n    \"networkPlugin\": \"azure\",\n    \"loadBalancerSku\": \"Standard\",\n
        \   \"loadBalancerProfile\": {\n     \"managedOutboundIPs\": {\n      \"count\":
        1\n     },\n     \"effectiveOutboundIPs\": [\n      {\n       \"id\": \"/subscriptions/00000000-0000-0000-0000-000000000000/resourceGroups/MC_clitest000001_cliakstest000001_westus2/providers/Microsoft.Network/publicIPAddresses/25b8d5ad-1545-4e0f-9581-6c8e187e6596\"\n
        \     }\n     ]\n    },\n    \"serviceCidr\": \"10.0.0.0/16\",\n    \"dnsServiceIP\":
        \"10.0.0.10\",\n    \"dockerBridgeCidr\": \"172.17.0.1/16\",\n    \"outboundType\":
        \"loadBalancer\",\n    \"serviceCidrs\": [\n     \"10.0.0.0/16\"\n    ],\n
        \   \"ipFamilies\": [\n     \"IPv4\"\n    ]\n   },\n   \"maxAgentPools\":
        100,\n   \"disableLocalAccounts\": false,\n   \"securityProfile\": {},\n   \"storageProfile\":
        {\n    \"diskCSIDriver\": {\n     \"enabled\": true\n    },\n    \"fileCSIDriver\":
        {\n     \"enabled\": true\n    },\n    \"snapshotController\": {\n     \"enabled\":
        true\n    }\n   },\n   \"oidcIssuerProfile\": {\n    \"enabled\": false\n
        \  }\n  },\n  \"sku\": {\n   \"name\": \"Basic\",\n   \"tier\": \"Free\"\n
        \ }\n }"
    headers:
      cache-control:
      - no-cache
      content-length:
      - '4346'
      content-type:
      - application/json
      date:
      - Fri, 27 May 2022 07:32:21 GMT
      expires:
      - '-1'
      pragma:
      - no-cache
      server:
      - nginx
      strict-transport-security:
      - max-age=31536000; includeSubDomains
      transfer-encoding:
      - chunked
      vary:
      - Accept-Encoding
      x-content-type-options:
      - nosniff
    status:
      code: 200
      message: OK
- request:
    body: null
    headers:
      Accept:
      - application/json
      Accept-Encoding:
      - gzip, deflate
      CommandName:
      - aks nodepool delete
      Connection:
      - keep-alive
      ParameterSetName:
      - --resource-group --cluster-name --name --no-wait
      User-Agent:
      - AZURECLI/2.37.0 azsdk-python-azure-mgmt-containerservice/19.0.0b Python/3.9.5
        (Windows-10-10.0.19044-SP0)
    method: GET
    uri: https://management.azure.com/subscriptions/00000000-0000-0000-0000-000000000000/resourceGroups/clitest000001/providers/Microsoft.ContainerService/managedClusters/cliakstest000001/agentPools?api-version=2022-04-02-preview
  response:
    body:
      string: "{\n  \"value\": [\n   {\n    \"id\": \"/subscriptions/00000000-0000-0000-0000-000000000000/resourcegroups/clitest000001/providers/Microsoft.ContainerService/managedClusters/cliakstest000001/agentPools/nodepool1\",\n
        \   \"name\": \"nodepool1\",\n    \"type\": \"Microsoft.ContainerService/managedClusters/agentPools\",\n
        \   \"properties\": {\n     \"count\": 1,\n     \"vmSize\": \"Standard_DS2_v2\",\n
        \    \"osDiskSizeGB\": 128,\n     \"osDiskType\": \"Managed\",\n     \"kubeletDiskType\":
        \"OS\",\n     \"workloadRuntime\": \"OCIContainer\",\n     \"maxPods\": 30,\n
        \    \"type\": \"VirtualMachineScaleSets\",\n     \"enableAutoScaling\": false,\n
        \    \"provisioningState\": \"Succeeded\",\n     \"powerState\": {\n      \"code\":
        \"Running\"\n     },\n     \"orchestratorVersion\": \"1.22.6\",\n     \"enableNodePublicIP\":
        false,\n     \"mode\": \"System\",\n     \"enableEncryptionAtHost\": false,\n
        \    \"enableUltraSSD\": false,\n     \"osType\": \"Linux\",\n     \"osSKU\":
        \"Ubuntu\",\n     \"nodeImageVersion\": \"AKSUbuntu-1804gen2containerd-2022.05.10\",\n
        \    \"enableFIPS\": false\n    }\n   },\n   {\n    \"id\": \"/subscriptions/00000000-0000-0000-0000-000000000000/resourcegroups/clitest000001/providers/Microsoft.ContainerService/managedClusters/cliakstest000001/agentPools/npwin\",\n
        \   \"name\": \"npwin\",\n    \"type\": \"Microsoft.ContainerService/managedClusters/agentPools\",\n
        \   \"properties\": {\n     \"count\": 1,\n     \"vmSize\": \"Standard_D2s_v3\",\n
        \    \"osDiskSizeGB\": 128,\n     \"osDiskType\": \"Managed\",\n     \"kubeletDiskType\":
        \"OS\",\n     \"workloadRuntime\": \"OCIContainer\",\n     \"maxPods\": 30,\n
        \    \"type\": \"VirtualMachineScaleSets\",\n     \"scaleDownMode\": \"Delete\",\n
        \    \"provisioningState\": \"Succeeded\",\n     \"powerState\": {\n      \"code\":
        \"Running\"\n     },\n     \"orchestratorVersion\": \"1.22.6\",\n     \"enableNodePublicIP\":
        false,\n     \"mode\": \"User\",\n     \"enableEncryptionAtHost\": false,\n
        \    \"enableUltraSSD\": false,\n     \"osType\": \"Windows\",\n     \"nodeImageVersion\":
        \"AKSWindows-2019-17763.2803.220428\",\n     \"upgradeSettings\": {},\n     \"enableFIPS\":
        false\n    }\n   }\n  ]\n }"
    headers:
      cache-control:
      - no-cache
      content-length:
      - '1973'
      content-type:
      - application/json
      date:
      - Fri, 27 May 2022 07:32:23 GMT
      expires:
      - '-1'
      pragma:
      - no-cache
      server:
      - nginx
      strict-transport-security:
      - max-age=31536000; includeSubDomains
      transfer-encoding:
      - chunked
      vary:
      - Accept-Encoding
      x-content-type-options:
      - nosniff
    status:
      code: 200
      message: OK
- request:
    body: null
    headers:
      Accept:
      - application/json
      Accept-Encoding:
      - gzip, deflate
      CommandName:
      - aks nodepool delete
      Connection:
      - keep-alive
      Content-Length:
      - '0'
      ParameterSetName:
      - --resource-group --cluster-name --name --no-wait
      User-Agent:
      - AZURECLI/2.37.0 azsdk-python-azure-mgmt-containerservice/19.0.0b Python/3.9.5
        (Windows-10-10.0.19044-SP0)
    method: DELETE
    uri: https://management.azure.com/subscriptions/00000000-0000-0000-0000-000000000000/resourceGroups/clitest000001/providers/Microsoft.ContainerService/managedClusters/cliakstest000001/agentPools/npwin?api-version=2022-04-02-preview
  response:
    body:
      string: ''
    headers:
      azure-asyncoperation:
      - https://management.azure.com/subscriptions/00000000-0000-0000-0000-000000000000/providers/Microsoft.ContainerService/locations/westus2/operations/c2f6f65f-78c5-480f-b329-2b1ac0c7b098?api-version=2016-03-30
      cache-control:
      - no-cache
      content-length:
      - '0'
      date:
      - Fri, 27 May 2022 07:32:24 GMT
      expires:
      - '-1'
      location:
      - https://management.azure.com/subscriptions/00000000-0000-0000-0000-000000000000/providers/Microsoft.ContainerService/locations/westus2/operationresults/c2f6f65f-78c5-480f-b329-2b1ac0c7b098?api-version=2016-03-30
      pragma:
      - no-cache
      server:
      - nginx
      strict-transport-security:
      - max-age=31536000; includeSubDomains
      x-content-type-options:
      - nosniff
      x-ms-ratelimit-remaining-subscription-deletes:
      - '14998'
    status:
      code: 202
      message: Accepted
- request:
    body: null
    headers:
      Accept:
      - application/json
      Accept-Encoding:
      - gzip, deflate
      CommandName:
      - aks delete
      Connection:
      - keep-alive
      Content-Length:
      - '0'
      ParameterSetName:
      - -g -n --yes --no-wait
      User-Agent:
      - AZURECLI/2.37.0 azsdk-python-azure-mgmt-containerservice/19.0.0b Python/3.9.5
        (Windows-10-10.0.19044-SP0)
    method: DELETE
    uri: https://management.azure.com/subscriptions/00000000-0000-0000-0000-000000000000/resourceGroups/clitest000001/providers/Microsoft.ContainerService/managedClusters/cliakstest000001?api-version=2022-04-02-preview
  response:
    body:
      string: ''
    headers:
      azure-asyncoperation:
      - https://management.azure.com/subscriptions/00000000-0000-0000-0000-000000000000/providers/Microsoft.ContainerService/locations/westus2/operations/54bbc93a-e250-4c48-a2be-a6bbe98d4082?api-version=2016-03-30
      cache-control:
      - no-cache
      content-length:
      - '0'
      date:
      - Fri, 27 May 2022 07:32:27 GMT
      expires:
      - '-1'
      location:
      - https://management.azure.com/subscriptions/00000000-0000-0000-0000-000000000000/providers/Microsoft.ContainerService/locations/westus2/operationresults/54bbc93a-e250-4c48-a2be-a6bbe98d4082?api-version=2016-03-30
      pragma:
      - no-cache
      server:
      - nginx
      strict-transport-security:
      - max-age=31536000; includeSubDomains
      x-content-type-options:
      - nosniff
      x-ms-ratelimit-remaining-subscription-deletes:
      - '14998'
    status:
      code: 202
      message: Accepted
version: 1
