interactions:
- request:
    body: null
    headers:
      Accept:
      - application/json
      Accept-Encoding:
      - gzip, deflate
      CommandName:
      - aks create
      Connection:
      - keep-alive
      ParameterSetName:
      - --resource-group --name --location --enable-managed-identity --ssh-key-value
      User-Agent:
      - AZURECLI/2.49.0 azsdk-python-azure-mgmt-containerservice/24.0.0 Python/3.8.10
        (Linux-5.15.0-1039-azure-x86_64-with-glibc2.29)
    method: GET
    uri: https://management.azure.com/subscriptions/00000000-0000-0000-0000-000000000000/resourceGroups/clitest000001/providers/Microsoft.ContainerService/managedClusters/cliakstest000001?api-version=2023-10-01
  response:
    body:
      string: '{"error":{"code":"ResourceNotFound","message":"The Resource ''Microsoft.ContainerService/managedClusters/cliakstest000001''
        under resource group ''clitest000001'' was not found. For more details please
        go to https://aka.ms/ARMResourceNotFoundFix"}}'
    headers:
      cache-control:
      - no-cache
      content-length:
      - '244'
      content-type:
      - application/json; charset=utf-8
      date:
      - Thu, 29 Jun 2023 11:56:41 GMT
      expires:
      - '-1'
      pragma:
      - no-cache
      strict-transport-security:
      - max-age=31536000; includeSubDomains
      x-content-type-options:
      - nosniff
      x-ms-failure-cause:
      - gateway
    status:
      code: 404
      message: Not Found
- request:
    body: '{"location": "westus2", "identity": {"type": "SystemAssigned"}, "properties":
      {"kubernetesVersion": "", "dnsPrefix": "cliakstest-clitestb6yynh5jj-79a739",
      "agentPoolProfiles": [{"count": 3, "vmSize": "Standard_DS2_v2", "osDiskSizeGB":
      0, "osType": "Linux", "enableAutoScaling": false, "type": "VirtualMachineScaleSets",
      "mode": "System", "orchestratorVersion": "", "upgradeSettings": {}, "enableNodePublicIP":
      false, "scaleSetPriority": "Regular", "scaleSetEvictionPolicy": "Delete", "spotMaxPrice":
      -1.0, "nodeTaints": [], "enableEncryptionAtHost": false, "enableUltraSSD": false,
      "enableFIPS": false, "name": "nodepool1"}], "linuxProfile": {"adminUsername":
      "azureuser", "ssh": {"publicKeys": [{"keyData": "ssh-rsa AAAAB3NzaC1yc2EAAAADAQABAAABAQCw4P22/hE86EX0l2HMO+M6Gw+CW6O4Yl84NLjVqF7NtK8xwQKcZwGeIwNBv/HxJ0uMJlOCG1ZMPPvSZHDp07QvAjYKKryIkIGilxLUh4fNOEQiZqAXB2badERUdwLRB4f6kHc0vb35GHw3tlyjjDjvQTO7UgZQxnbipxyrJAYfMHxfXjST1tvmln3v87WvBGsY2hr1Iqx/gMO3AIqaNoJntl1sIeAcg8xXdYW3PP6N1gYToFsDxsQZU2rfefIRDniuP4fYy2J4shtEAkyzv1BlOBJGHBqCzyrhXVqFElLSFV99QhLUi43zXL4Ge1QKJBztH/q48ohMBt3WenkP2KsT
      azcli_aks_live_test@example.com\n"}]}}, "addonProfiles": {}, "enableRBAC": true,
      "networkProfile": {"networkPlugin": "kubenet", "podCidr": "10.244.0.0/16", "serviceCidr":
      "10.0.0.0/16", "dnsServiceIP": "10.0.0.10", "outboundType": "loadBalancer",
      "loadBalancerSku": "standard"}, "disableLocalAccounts": false, "storageProfile":
      {}}}'
    headers:
      Accept:
      - application/json
      Accept-Encoding:
      - gzip, deflate
      CommandName:
      - aks create
      Connection:
      - keep-alive
      Content-Length:
      - '1422'
      Content-Type:
      - application/json
      ParameterSetName:
      - --resource-group --name --location --enable-managed-identity --ssh-key-value
      User-Agent:
      - AZURECLI/2.49.0 azsdk-python-azure-mgmt-containerservice/24.0.0 Python/3.8.10
        (Linux-5.15.0-1039-azure-x86_64-with-glibc2.29)
    method: PUT
    uri: https://management.azure.com/subscriptions/00000000-0000-0000-0000-000000000000/resourceGroups/clitest000001/providers/Microsoft.ContainerService/managedClusters/cliakstest000001?api-version=2023-10-01
  response:
    body:
      string: "{\n  \"id\": \"/subscriptions/00000000-0000-0000-0000-000000000000/resourcegroups/clitest000001/providers/Microsoft.ContainerService/managedClusters/cliakstest000001\",\n
        \ \"location\": \"westus2\",\n  \"name\": \"cliakstest000001\",\n  \"type\":
        \"Microsoft.ContainerService/ManagedClusters\",\n  \"properties\": {\n   \"provisioningState\":
        \"Creating\",\n   \"powerState\": {\n    \"code\": \"Running\"\n   },\n   \"kubernetesVersion\":
        \"1.25.6\",\n   \"currentKubernetesVersion\": \"1.25.6\",\n   \"dnsPrefix\":
        \"cliakstest-clitestb6yynh5jj-79a739\",\n   \"fqdn\": \"cliakstest-clitestb6yynh5jj-79a739-z6gh9o2v.hcp.westus2.azmk8s.io\",\n
        \  \"azurePortalFQDN\": \"cliakstest-clitestb6yynh5jj-79a739-z6gh9o2v.portal.hcp.westus2.azmk8s.io\",\n
        \  \"agentPoolProfiles\": [\n    {\n     \"name\": \"nodepool1\",\n     \"count\":
        3,\n     \"vmSize\": \"Standard_DS2_v2\",\n     \"osDiskSizeGB\": 128,\n     \"osDiskType\":
        \"Managed\",\n     \"kubeletDiskType\": \"OS\",\n     \"maxPods\": 110,\n
        \    \"type\": \"VirtualMachineScaleSets\",\n     \"enableAutoScaling\": false,\n
        \    \"provisioningState\": \"Creating\",\n     \"powerState\": {\n      \"code\":
        \"Running\"\n     },\n     \"orchestratorVersion\": \"1.25.6\",\n     \"currentOrchestratorVersion\":
        \"1.25.6\",\n     \"enableNodePublicIP\": false,\n     \"mode\": \"System\",\n
        \    \"enableEncryptionAtHost\": false,\n     \"enableUltraSSD\": false,\n
        \    \"osType\": \"Linux\",\n     \"osSKU\": \"Ubuntu\",\n     \"nodeImageVersion\":
        \"AKSUbuntu-2204gen2containerd-202306.19.0\",\n     \"upgradeSettings\": {},\n
        \    \"enableFIPS\": false\n    }\n   ],\n   \"linuxProfile\": {\n    \"adminUsername\":
        \"azureuser\",\n    \"ssh\": {\n     \"publicKeys\": [\n      {\n       \"keyData\":
        \"ssh-rsa AAAAB3NzaC1yc2EAAAADAQABAAABAQCw4P22/hE86EX0l2HMO+M6Gw+CW6O4Yl84NLjVqF7NtK8xwQKcZwGeIwNBv/HxJ0uMJlOCG1ZMPPvSZHDp07QvAjYKKryIkIGilxLUh4fNOEQiZqAXB2badERUdwLRB4f6kHc0vb35GHw3tlyjjDjvQTO7UgZQxnbipxyrJAYfMHxfXjST1tvmln3v87WvBGsY2hr1Iqx/gMO3AIqaNoJntl1sIeAcg8xXdYW3PP6N1gYToFsDxsQZU2rfefIRDniuP4fYy2J4shtEAkyzv1BlOBJGHBqCzyrhXVqFElLSFV99QhLUi43zXL4Ge1QKJBztH/q48ohMBt3WenkP2KsT
        azcli_aks_live_test@example.com\\n\"\n      }\n     ]\n    }\n   },\n   \"servicePrincipalProfile\":
        {\n    \"clientId\":\"00000000-0000-0000-0000-000000000001\"\n   },\n   \"nodeResourceGroup\":
        \"MC_clitest000001_cliakstest000001_westus2\",\n   \"enableRBAC\": true,\n
        \  \"supportPlan\": \"KubernetesOfficial\",\n   \"networkProfile\": {\n    \"networkPlugin\":
        \"kubenet\",\n    \"loadBalancerSku\": \"standard\",\n    \"loadBalancerProfile\":
        {\n     \"managedOutboundIPs\": {\n      \"count\": 1\n     }\n    },\n    \"podCidr\":
        \"10.244.0.0/16\",\n    \"serviceCidr\": \"10.0.0.0/16\",\n    \"dnsServiceIP\":
        \"10.0.0.10\",\n    \"outboundType\": \"loadBalancer\",\n    \"podCidrs\":
        [\n     \"10.244.0.0/16\"\n    ],\n    \"serviceCidrs\": [\n     \"10.0.0.0/16\"\n
        \   ],\n    \"ipFamilies\": [\n     \"IPv4\"\n    ]\n   },\n   \"maxAgentPools\":
        100,\n   \"disableLocalAccounts\": false,\n   \"securityProfile\": {},\n   \"storageProfile\":
        {\n    \"diskCSIDriver\": {\n     \"enabled\": true\n    },\n    \"fileCSIDriver\":
        {\n     \"enabled\": true\n    },\n    \"snapshotController\": {\n     \"enabled\":
        true\n    }\n   },\n   \"oidcIssuerProfile\": {\n    \"enabled\": false\n
        \  },\n   \"workloadAutoScalerProfile\": {}\n  },\n  \"identity\": {\n   \"type\":
        \"SystemAssigned\",\n   \"principalId\":\"00000000-0000-0000-0000-000000000001\",\n
        \  \"tenantId\": \"72f988bf-86f1-41af-91ab-2d7cd011db47\"\n  },\n  \"sku\":
        {\n   \"name\": \"Base\",\n   \"tier\": \"Free\"\n  }\n }"
    headers:
      azure-asyncoperation:
      - https://management.azure.com/subscriptions/00000000-0000-0000-0000-000000000000/providers/Microsoft.ContainerService/locations/westus2/operations/e99c94bf-fce4-4e10-883b-bf5f4b17147f?api-version=2016-03-30
      cache-control:
      - no-cache
      content-length:
      - '3267'
      content-type:
      - application/json
      date:
      - Thu, 29 Jun 2023 11:56:46 GMT
      expires:
      - '-1'
      pragma:
      - no-cache
      server:
      - nginx
      strict-transport-security:
      - max-age=31536000; includeSubDomains
      x-content-type-options:
      - nosniff
      x-ms-ratelimit-remaining-subscription-writes:
      - '1198'
    status:
      code: 201
      message: Created
- request:
    body: null
    headers:
      Accept:
      - '*/*'
      Accept-Encoding:
      - gzip, deflate
      CommandName:
      - aks create
      Connection:
      - keep-alive
      ParameterSetName:
      - --resource-group --name --location --enable-managed-identity --ssh-key-value
      User-Agent:
      - AZURECLI/2.49.0 azsdk-python-azure-mgmt-containerservice/24.0.0 Python/3.8.10
        (Linux-5.15.0-1039-azure-x86_64-with-glibc2.29)
    method: GET
    uri: https://management.azure.com/subscriptions/00000000-0000-0000-0000-000000000000/providers/Microsoft.ContainerService/locations/westus2/operations/e99c94bf-fce4-4e10-883b-bf5f4b17147f?api-version=2016-03-30
  response:
    body:
      string: "{\n  \"name\": \"bf949ce9-e4fc-104e-883b-bf5f4b17147f\",\n  \"status\":
        \"InProgress\",\n  \"startTime\": \"2023-06-29T11:56:46.3666771Z\"\n }"
    headers:
      cache-control:
      - no-cache
      content-length:
      - '126'
      content-type:
      - application/json
      date:
      - Thu, 29 Jun 2023 11:56:46 GMT
      expires:
      - '-1'
      pragma:
      - no-cache
      server:
      - nginx
      strict-transport-security:
      - max-age=31536000; includeSubDomains
      transfer-encoding:
      - chunked
      vary:
      - Accept-Encoding
      x-content-type-options:
      - nosniff
    status:
      code: 200
      message: OK
- request:
    body: null
    headers:
      Accept:
      - '*/*'
      Accept-Encoding:
      - gzip, deflate
      CommandName:
      - aks create
      Connection:
      - keep-alive
      ParameterSetName:
      - --resource-group --name --location --enable-managed-identity --ssh-key-value
      User-Agent:
      - AZURECLI/2.49.0 azsdk-python-azure-mgmt-containerservice/24.0.0 Python/3.8.10
        (Linux-5.15.0-1039-azure-x86_64-with-glibc2.29)
    method: GET
    uri: https://management.azure.com/subscriptions/00000000-0000-0000-0000-000000000000/providers/Microsoft.ContainerService/locations/westus2/operations/e99c94bf-fce4-4e10-883b-bf5f4b17147f?api-version=2016-03-30
  response:
    body:
      string: "{\n  \"name\": \"bf949ce9-e4fc-104e-883b-bf5f4b17147f\",\n  \"status\":
        \"InProgress\",\n  \"startTime\": \"2023-06-29T11:56:46.3666771Z\"\n }"
    headers:
      cache-control:
      - no-cache
      content-length:
      - '126'
      content-type:
      - application/json
      date:
      - Thu, 29 Jun 2023 11:57:16 GMT
      expires:
      - '-1'
      pragma:
      - no-cache
      server:
      - nginx
      strict-transport-security:
      - max-age=31536000; includeSubDomains
      transfer-encoding:
      - chunked
      vary:
      - Accept-Encoding
      x-content-type-options:
      - nosniff
    status:
      code: 200
      message: OK
- request:
    body: null
    headers:
      Accept:
      - '*/*'
      Accept-Encoding:
      - gzip, deflate
      CommandName:
      - aks create
      Connection:
      - keep-alive
      ParameterSetName:
      - --resource-group --name --location --enable-managed-identity --ssh-key-value
      User-Agent:
      - AZURECLI/2.49.0 azsdk-python-azure-mgmt-containerservice/24.0.0 Python/3.8.10
        (Linux-5.15.0-1039-azure-x86_64-with-glibc2.29)
    method: GET
    uri: https://management.azure.com/subscriptions/00000000-0000-0000-0000-000000000000/providers/Microsoft.ContainerService/locations/westus2/operations/e99c94bf-fce4-4e10-883b-bf5f4b17147f?api-version=2016-03-30
  response:
    body:
      string: "{\n  \"name\": \"bf949ce9-e4fc-104e-883b-bf5f4b17147f\",\n  \"status\":
        \"InProgress\",\n  \"startTime\": \"2023-06-29T11:56:46.3666771Z\"\n }"
    headers:
      cache-control:
      - no-cache
      content-length:
      - '126'
      content-type:
      - application/json
      date:
      - Thu, 29 Jun 2023 11:57:47 GMT
      expires:
      - '-1'
      pragma:
      - no-cache
      server:
      - nginx
      strict-transport-security:
      - max-age=31536000; includeSubDomains
      transfer-encoding:
      - chunked
      vary:
      - Accept-Encoding
      x-content-type-options:
      - nosniff
    status:
      code: 200
      message: OK
- request:
    body: null
    headers:
      Accept:
      - '*/*'
      Accept-Encoding:
      - gzip, deflate
      CommandName:
      - aks create
      Connection:
      - keep-alive
      ParameterSetName:
      - --resource-group --name --location --enable-managed-identity --ssh-key-value
      User-Agent:
      - AZURECLI/2.49.0 azsdk-python-azure-mgmt-containerservice/24.0.0 Python/3.8.10
        (Linux-5.15.0-1039-azure-x86_64-with-glibc2.29)
    method: GET
    uri: https://management.azure.com/subscriptions/00000000-0000-0000-0000-000000000000/providers/Microsoft.ContainerService/locations/westus2/operations/e99c94bf-fce4-4e10-883b-bf5f4b17147f?api-version=2016-03-30
  response:
    body:
      string: "{\n  \"name\": \"bf949ce9-e4fc-104e-883b-bf5f4b17147f\",\n  \"status\":
        \"InProgress\",\n  \"startTime\": \"2023-06-29T11:56:46.3666771Z\"\n }"
    headers:
      cache-control:
      - no-cache
      content-length:
      - '126'
      content-type:
      - application/json
      date:
      - Thu, 29 Jun 2023 11:58:17 GMT
      expires:
      - '-1'
      pragma:
      - no-cache
      server:
      - nginx
      strict-transport-security:
      - max-age=31536000; includeSubDomains
      transfer-encoding:
      - chunked
      vary:
      - Accept-Encoding
      x-content-type-options:
      - nosniff
    status:
      code: 200
      message: OK
- request:
    body: null
    headers:
      Accept:
      - '*/*'
      Accept-Encoding:
      - gzip, deflate
      CommandName:
      - aks create
      Connection:
      - keep-alive
      ParameterSetName:
      - --resource-group --name --location --enable-managed-identity --ssh-key-value
      User-Agent:
      - AZURECLI/2.49.0 azsdk-python-azure-mgmt-containerservice/24.0.0 Python/3.8.10
        (Linux-5.15.0-1039-azure-x86_64-with-glibc2.29)
    method: GET
    uri: https://management.azure.com/subscriptions/00000000-0000-0000-0000-000000000000/providers/Microsoft.ContainerService/locations/westus2/operations/e99c94bf-fce4-4e10-883b-bf5f4b17147f?api-version=2016-03-30
  response:
    body:
      string: "{\n  \"name\": \"bf949ce9-e4fc-104e-883b-bf5f4b17147f\",\n  \"status\":
        \"InProgress\",\n  \"startTime\": \"2023-06-29T11:56:46.3666771Z\"\n }"
    headers:
      cache-control:
      - no-cache
      content-length:
      - '126'
      content-type:
      - application/json
      date:
      - Thu, 29 Jun 2023 11:58:47 GMT
      expires:
      - '-1'
      pragma:
      - no-cache
      server:
      - nginx
      strict-transport-security:
      - max-age=31536000; includeSubDomains
      transfer-encoding:
      - chunked
      vary:
      - Accept-Encoding
      x-content-type-options:
      - nosniff
    status:
      code: 200
      message: OK
- request:
    body: null
    headers:
      Accept:
      - '*/*'
      Accept-Encoding:
      - gzip, deflate
      CommandName:
      - aks create
      Connection:
      - keep-alive
      ParameterSetName:
      - --resource-group --name --location --enable-managed-identity --ssh-key-value
      User-Agent:
      - AZURECLI/2.49.0 azsdk-python-azure-mgmt-containerservice/24.0.0 Python/3.8.10
        (Linux-5.15.0-1039-azure-x86_64-with-glibc2.29)
    method: GET
    uri: https://management.azure.com/subscriptions/00000000-0000-0000-0000-000000000000/providers/Microsoft.ContainerService/locations/westus2/operations/e99c94bf-fce4-4e10-883b-bf5f4b17147f?api-version=2016-03-30
  response:
    body:
      string: "{\n  \"name\": \"bf949ce9-e4fc-104e-883b-bf5f4b17147f\",\n  \"status\":
        \"InProgress\",\n  \"startTime\": \"2023-06-29T11:56:46.3666771Z\"\n }"
    headers:
      cache-control:
      - no-cache
      content-length:
      - '126'
      content-type:
      - application/json
      date:
      - Thu, 29 Jun 2023 11:59:17 GMT
      expires:
      - '-1'
      pragma:
      - no-cache
      server:
      - nginx
      strict-transport-security:
      - max-age=31536000; includeSubDomains
      transfer-encoding:
      - chunked
      vary:
      - Accept-Encoding
      x-content-type-options:
      - nosniff
    status:
      code: 200
      message: OK
- request:
    body: null
    headers:
      Accept:
      - '*/*'
      Accept-Encoding:
      - gzip, deflate
      CommandName:
      - aks create
      Connection:
      - keep-alive
      ParameterSetName:
      - --resource-group --name --location --enable-managed-identity --ssh-key-value
      User-Agent:
      - AZURECLI/2.49.0 azsdk-python-azure-mgmt-containerservice/24.0.0 Python/3.8.10
        (Linux-5.15.0-1039-azure-x86_64-with-glibc2.29)
    method: GET
    uri: https://management.azure.com/subscriptions/00000000-0000-0000-0000-000000000000/providers/Microsoft.ContainerService/locations/westus2/operations/e99c94bf-fce4-4e10-883b-bf5f4b17147f?api-version=2016-03-30
  response:
    body:
      string: "{\n  \"name\": \"bf949ce9-e4fc-104e-883b-bf5f4b17147f\",\n  \"status\":
        \"InProgress\",\n  \"startTime\": \"2023-06-29T11:56:46.3666771Z\"\n }"
    headers:
      cache-control:
      - no-cache
      content-length:
      - '126'
      content-type:
      - application/json
      date:
      - Thu, 29 Jun 2023 11:59:46 GMT
      expires:
      - '-1'
      pragma:
      - no-cache
      server:
      - nginx
      strict-transport-security:
      - max-age=31536000; includeSubDomains
      transfer-encoding:
      - chunked
      vary:
      - Accept-Encoding
      x-content-type-options:
      - nosniff
    status:
      code: 200
      message: OK
- request:
    body: null
    headers:
      Accept:
      - '*/*'
      Accept-Encoding:
      - gzip, deflate
      CommandName:
      - aks create
      Connection:
      - keep-alive
      ParameterSetName:
      - --resource-group --name --location --enable-managed-identity --ssh-key-value
      User-Agent:
      - AZURECLI/2.49.0 azsdk-python-azure-mgmt-containerservice/24.0.0 Python/3.8.10
        (Linux-5.15.0-1039-azure-x86_64-with-glibc2.29)
    method: GET
    uri: https://management.azure.com/subscriptions/00000000-0000-0000-0000-000000000000/providers/Microsoft.ContainerService/locations/westus2/operations/e99c94bf-fce4-4e10-883b-bf5f4b17147f?api-version=2016-03-30
  response:
    body:
      string: "{\n  \"name\": \"bf949ce9-e4fc-104e-883b-bf5f4b17147f\",\n  \"status\":
        \"InProgress\",\n  \"startTime\": \"2023-06-29T11:56:46.3666771Z\"\n }"
    headers:
      cache-control:
      - no-cache
      content-length:
      - '126'
      content-type:
      - application/json
      date:
      - Thu, 29 Jun 2023 12:00:17 GMT
      expires:
      - '-1'
      pragma:
      - no-cache
      server:
      - nginx
      strict-transport-security:
      - max-age=31536000; includeSubDomains
      transfer-encoding:
      - chunked
      vary:
      - Accept-Encoding
      x-content-type-options:
      - nosniff
    status:
      code: 200
      message: OK
- request:
    body: null
    headers:
      Accept:
      - '*/*'
      Accept-Encoding:
      - gzip, deflate
      CommandName:
      - aks create
      Connection:
      - keep-alive
      ParameterSetName:
      - --resource-group --name --location --enable-managed-identity --ssh-key-value
      User-Agent:
      - AZURECLI/2.49.0 azsdk-python-azure-mgmt-containerservice/24.0.0 Python/3.8.10
        (Linux-5.15.0-1039-azure-x86_64-with-glibc2.29)
    method: GET
    uri: https://management.azure.com/subscriptions/00000000-0000-0000-0000-000000000000/providers/Microsoft.ContainerService/locations/westus2/operations/e99c94bf-fce4-4e10-883b-bf5f4b17147f?api-version=2016-03-30
  response:
    body:
      string: "{\n  \"name\": \"bf949ce9-e4fc-104e-883b-bf5f4b17147f\",\n  \"status\":
        \"InProgress\",\n  \"startTime\": \"2023-06-29T11:56:46.3666771Z\"\n }"
    headers:
      cache-control:
      - no-cache
      content-length:
      - '126'
      content-type:
      - application/json
      date:
      - Thu, 29 Jun 2023 12:00:47 GMT
      expires:
      - '-1'
      pragma:
      - no-cache
      server:
      - nginx
      strict-transport-security:
      - max-age=31536000; includeSubDomains
      transfer-encoding:
      - chunked
      vary:
      - Accept-Encoding
      x-content-type-options:
      - nosniff
    status:
      code: 200
      message: OK
- request:
    body: null
    headers:
      Accept:
      - '*/*'
      Accept-Encoding:
      - gzip, deflate
      CommandName:
      - aks create
      Connection:
      - keep-alive
      ParameterSetName:
      - --resource-group --name --location --enable-managed-identity --ssh-key-value
      User-Agent:
      - AZURECLI/2.49.0 azsdk-python-azure-mgmt-containerservice/24.0.0 Python/3.8.10
        (Linux-5.15.0-1039-azure-x86_64-with-glibc2.29)
    method: GET
    uri: https://management.azure.com/subscriptions/00000000-0000-0000-0000-000000000000/providers/Microsoft.ContainerService/locations/westus2/operations/e99c94bf-fce4-4e10-883b-bf5f4b17147f?api-version=2016-03-30
  response:
    body:
      string: "{\n  \"name\": \"bf949ce9-e4fc-104e-883b-bf5f4b17147f\",\n  \"status\":
        \"InProgress\",\n  \"startTime\": \"2023-06-29T11:56:46.3666771Z\"\n }"
    headers:
      cache-control:
      - no-cache
      content-length:
      - '126'
      content-type:
      - application/json
      date:
      - Thu, 29 Jun 2023 12:01:17 GMT
      expires:
      - '-1'
      pragma:
      - no-cache
      server:
      - nginx
      strict-transport-security:
      - max-age=31536000; includeSubDomains
      transfer-encoding:
      - chunked
      vary:
      - Accept-Encoding
      x-content-type-options:
      - nosniff
    status:
      code: 200
      message: OK
- request:
    body: null
    headers:
      Accept:
      - '*/*'
      Accept-Encoding:
      - gzip, deflate
      CommandName:
      - aks create
      Connection:
      - keep-alive
      ParameterSetName:
      - --resource-group --name --location --enable-managed-identity --ssh-key-value
      User-Agent:
      - AZURECLI/2.49.0 azsdk-python-azure-mgmt-containerservice/24.0.0 Python/3.8.10
        (Linux-5.15.0-1039-azure-x86_64-with-glibc2.29)
    method: GET
    uri: https://management.azure.com/subscriptions/00000000-0000-0000-0000-000000000000/providers/Microsoft.ContainerService/locations/westus2/operations/e99c94bf-fce4-4e10-883b-bf5f4b17147f?api-version=2016-03-30
  response:
    body:
      string: "{\n  \"name\": \"bf949ce9-e4fc-104e-883b-bf5f4b17147f\",\n  \"status\":
        \"InProgress\",\n  \"startTime\": \"2023-06-29T11:56:46.3666771Z\"\n }"
    headers:
      cache-control:
      - no-cache
      content-length:
      - '126'
      content-type:
      - application/json
      date:
      - Thu, 29 Jun 2023 12:01:47 GMT
      expires:
      - '-1'
      pragma:
      - no-cache
      server:
      - nginx
      strict-transport-security:
      - max-age=31536000; includeSubDomains
      transfer-encoding:
      - chunked
      vary:
      - Accept-Encoding
      x-content-type-options:
      - nosniff
    status:
      code: 200
      message: OK
- request:
    body: null
    headers:
      Accept:
      - '*/*'
      Accept-Encoding:
      - gzip, deflate
      CommandName:
      - aks create
      Connection:
      - keep-alive
      ParameterSetName:
      - --resource-group --name --location --enable-managed-identity --ssh-key-value
      User-Agent:
      - AZURECLI/2.49.0 azsdk-python-azure-mgmt-containerservice/24.0.0 Python/3.8.10
        (Linux-5.15.0-1039-azure-x86_64-with-glibc2.29)
    method: GET
    uri: https://management.azure.com/subscriptions/00000000-0000-0000-0000-000000000000/providers/Microsoft.ContainerService/locations/westus2/operations/e99c94bf-fce4-4e10-883b-bf5f4b17147f?api-version=2016-03-30
  response:
    body:
      string: "{\n  \"name\": \"bf949ce9-e4fc-104e-883b-bf5f4b17147f\",\n  \"status\":
        \"InProgress\",\n  \"startTime\": \"2023-06-29T11:56:46.3666771Z\"\n }"
    headers:
      cache-control:
      - no-cache
      content-length:
      - '126'
      content-type:
      - application/json
      date:
      - Thu, 29 Jun 2023 12:02:18 GMT
      expires:
      - '-1'
      pragma:
      - no-cache
      server:
      - nginx
      strict-transport-security:
      - max-age=31536000; includeSubDomains
      transfer-encoding:
      - chunked
      vary:
      - Accept-Encoding
      x-content-type-options:
      - nosniff
    status:
      code: 200
      message: OK
- request:
    body: null
    headers:
      Accept:
      - '*/*'
      Accept-Encoding:
      - gzip, deflate
      CommandName:
      - aks create
      Connection:
      - keep-alive
      ParameterSetName:
      - --resource-group --name --location --enable-managed-identity --ssh-key-value
      User-Agent:
      - AZURECLI/2.49.0 azsdk-python-azure-mgmt-containerservice/24.0.0 Python/3.8.10
        (Linux-5.15.0-1039-azure-x86_64-with-glibc2.29)
    method: GET
    uri: https://management.azure.com/subscriptions/00000000-0000-0000-0000-000000000000/providers/Microsoft.ContainerService/locations/westus2/operations/e99c94bf-fce4-4e10-883b-bf5f4b17147f?api-version=2016-03-30
  response:
    body:
      string: "{\n  \"name\": \"bf949ce9-e4fc-104e-883b-bf5f4b17147f\",\n  \"status\":
        \"InProgress\",\n  \"startTime\": \"2023-06-29T11:56:46.3666771Z\"\n }"
    headers:
      cache-control:
      - no-cache
      content-length:
      - '126'
      content-type:
      - application/json
      date:
      - Thu, 29 Jun 2023 12:02:48 GMT
      expires:
      - '-1'
      pragma:
      - no-cache
      server:
      - nginx
      strict-transport-security:
      - max-age=31536000; includeSubDomains
      transfer-encoding:
      - chunked
      vary:
      - Accept-Encoding
      x-content-type-options:
      - nosniff
    status:
      code: 200
      message: OK
- request:
    body: null
    headers:
      Accept:
      - '*/*'
      Accept-Encoding:
      - gzip, deflate
      CommandName:
      - aks create
      Connection:
      - keep-alive
      ParameterSetName:
      - --resource-group --name --location --enable-managed-identity --ssh-key-value
      User-Agent:
      - AZURECLI/2.49.0 azsdk-python-azure-mgmt-containerservice/24.0.0 Python/3.8.10
        (Linux-5.15.0-1039-azure-x86_64-with-glibc2.29)
    method: GET
    uri: https://management.azure.com/subscriptions/00000000-0000-0000-0000-000000000000/providers/Microsoft.ContainerService/locations/westus2/operations/e99c94bf-fce4-4e10-883b-bf5f4b17147f?api-version=2016-03-30
  response:
    body:
      string: "{\n  \"name\": \"bf949ce9-e4fc-104e-883b-bf5f4b17147f\",\n  \"status\":
        \"Succeeded\",\n  \"startTime\": \"2023-06-29T11:56:46.3666771Z\",\n  \"endTime\":
        \"2023-06-29T12:03:07.5880044Z\"\n }"
    headers:
      cache-control:
      - no-cache
      content-length:
      - '170'
      content-type:
      - application/json
      date:
      - Thu, 29 Jun 2023 12:03:18 GMT
      expires:
      - '-1'
      pragma:
      - no-cache
      server:
      - nginx
      strict-transport-security:
      - max-age=31536000; includeSubDomains
      transfer-encoding:
      - chunked
      vary:
      - Accept-Encoding
      x-content-type-options:
      - nosniff
    status:
      code: 200
      message: OK
- request:
    body: null
    headers:
      Accept:
      - '*/*'
      Accept-Encoding:
      - gzip, deflate
      CommandName:
      - aks create
      Connection:
      - keep-alive
      ParameterSetName:
      - --resource-group --name --location --enable-managed-identity --ssh-key-value
      User-Agent:
      - AZURECLI/2.49.0 azsdk-python-azure-mgmt-containerservice/24.0.0 Python/3.8.10
        (Linux-5.15.0-1039-azure-x86_64-with-glibc2.29)
    method: GET
    uri: https://management.azure.com/subscriptions/00000000-0000-0000-0000-000000000000/resourceGroups/clitest000001/providers/Microsoft.ContainerService/managedClusters/cliakstest000001?api-version=2023-10-01
  response:
    body:
      string: "{\n  \"id\": \"/subscriptions/00000000-0000-0000-0000-000000000000/resourcegroups/clitest000001/providers/Microsoft.ContainerService/managedClusters/cliakstest000001\",\n
        \ \"location\": \"westus2\",\n  \"name\": \"cliakstest000001\",\n  \"type\":
        \"Microsoft.ContainerService/ManagedClusters\",\n  \"properties\": {\n   \"provisioningState\":
        \"Succeeded\",\n   \"powerState\": {\n    \"code\": \"Running\"\n   },\n   \"kubernetesVersion\":
        \"1.25.6\",\n   \"currentKubernetesVersion\": \"1.25.6\",\n   \"dnsPrefix\":
        \"cliakstest-clitestb6yynh5jj-79a739\",\n   \"fqdn\": \"cliakstest-clitestb6yynh5jj-79a739-z6gh9o2v.hcp.westus2.azmk8s.io\",\n
        \  \"azurePortalFQDN\": \"cliakstest-clitestb6yynh5jj-79a739-z6gh9o2v.portal.hcp.westus2.azmk8s.io\",\n
        \  \"agentPoolProfiles\": [\n    {\n     \"name\": \"nodepool1\",\n     \"count\":
        3,\n     \"vmSize\": \"Standard_DS2_v2\",\n     \"osDiskSizeGB\": 128,\n     \"osDiskType\":
        \"Managed\",\n     \"kubeletDiskType\": \"OS\",\n     \"maxPods\": 110,\n
        \    \"type\": \"VirtualMachineScaleSets\",\n     \"enableAutoScaling\": false,\n
        \    \"provisioningState\": \"Succeeded\",\n     \"powerState\": {\n      \"code\":
        \"Running\"\n     },\n     \"orchestratorVersion\": \"1.25.6\",\n     \"currentOrchestratorVersion\":
        \"1.25.6\",\n     \"enableNodePublicIP\": false,\n     \"mode\": \"System\",\n
        \    \"enableEncryptionAtHost\": false,\n     \"enableUltraSSD\": false,\n
        \    \"osType\": \"Linux\",\n     \"osSKU\": \"Ubuntu\",\n     \"nodeImageVersion\":
        \"AKSUbuntu-2204gen2containerd-202306.19.0\",\n     \"upgradeSettings\": {},\n
        \    \"enableFIPS\": false\n    }\n   ],\n   \"linuxProfile\": {\n    \"adminUsername\":
        \"azureuser\",\n    \"ssh\": {\n     \"publicKeys\": [\n      {\n       \"keyData\":
        \"ssh-rsa AAAAB3NzaC1yc2EAAAADAQABAAABAQCw4P22/hE86EX0l2HMO+M6Gw+CW6O4Yl84NLjVqF7NtK8xwQKcZwGeIwNBv/HxJ0uMJlOCG1ZMPPvSZHDp07QvAjYKKryIkIGilxLUh4fNOEQiZqAXB2badERUdwLRB4f6kHc0vb35GHw3tlyjjDjvQTO7UgZQxnbipxyrJAYfMHxfXjST1tvmln3v87WvBGsY2hr1Iqx/gMO3AIqaNoJntl1sIeAcg8xXdYW3PP6N1gYToFsDxsQZU2rfefIRDniuP4fYy2J4shtEAkyzv1BlOBJGHBqCzyrhXVqFElLSFV99QhLUi43zXL4Ge1QKJBztH/q48ohMBt3WenkP2KsT
        azcli_aks_live_test@example.com\\n\"\n      }\n     ]\n    }\n   },\n   \"servicePrincipalProfile\":
        {\n    \"clientId\":\"00000000-0000-0000-0000-000000000001\"\n   },\n   \"nodeResourceGroup\":
        \"MC_clitest000001_cliakstest000001_westus2\",\n   \"enableRBAC\": true,\n
        \  \"supportPlan\": \"KubernetesOfficial\",\n   \"networkProfile\": {\n    \"networkPlugin\":
        \"kubenet\",\n    \"loadBalancerSku\": \"Standard\",\n    \"loadBalancerProfile\":
        {\n     \"managedOutboundIPs\": {\n      \"count\": 1\n     },\n     \"effectiveOutboundIPs\":
        [\n      {\n       \"id\": \"/subscriptions/00000000-0000-0000-0000-000000000000/resourceGroups/MC_clitest000001_cliakstest000001_westus2/providers/Microsoft.Network/publicIPAddresses/220aa2e4-ba64-493c-8264-64354686749c\"\n
        \     }\n     ]\n    },\n    \"podCidr\": \"10.244.0.0/16\",\n    \"serviceCidr\":
        \"10.0.0.0/16\",\n    \"dnsServiceIP\": \"10.0.0.10\",\n    \"outboundType\":
        \"loadBalancer\",\n    \"podCidrs\": [\n     \"10.244.0.0/16\"\n    ],\n    \"serviceCidrs\":
        [\n     \"10.0.0.0/16\"\n    ],\n    \"ipFamilies\": [\n     \"IPv4\"\n    ]\n
        \  },\n   \"maxAgentPools\": 100,\n   \"identityProfile\": {\n    \"kubeletidentity\":
        {\n     \"resourceId\": \"/subscriptions/00000000-0000-0000-0000-000000000000/resourcegroups/MC_clitest000001_cliakstest000001_westus2/providers/Microsoft.ManagedIdentity/userAssignedIdentities/cliakstest000001-agentpool\",\n
        \    \"clientId\":\"00000000-0000-0000-0000-000000000001\",\n     \"objectId\":\"00000000-0000-0000-0000-000000000001\"\n
        \   }\n   },\n   \"disableLocalAccounts\": false,\n   \"securityProfile\":
        {},\n   \"storageProfile\": {\n    \"diskCSIDriver\": {\n     \"enabled\":
        true\n    },\n    \"fileCSIDriver\": {\n     \"enabled\": true\n    },\n    \"snapshotController\":
        {\n     \"enabled\": true\n    }\n   },\n   \"oidcIssuerProfile\": {\n    \"enabled\":
        false\n   },\n   \"workloadAutoScalerProfile\": {}\n  },\n  \"identity\":
        {\n   \"type\": \"SystemAssigned\",\n   \"principalId\":\"00000000-0000-0000-0000-000000000001\",\n
        \  \"tenantId\": \"72f988bf-86f1-41af-91ab-2d7cd011db47\"\n  },\n  \"sku\":
        {\n   \"name\": \"Base\",\n   \"tier\": \"Free\"\n  }\n }"
    headers:
      cache-control:
      - no-cache
      content-length:
      - '3920'
      content-type:
      - application/json
      date:
      - Thu, 29 Jun 2023 12:03:19 GMT
      expires:
      - '-1'
      pragma:
      - no-cache
      server:
      - nginx
      strict-transport-security:
      - max-age=31536000; includeSubDomains
      transfer-encoding:
      - chunked
      vary:
      - Accept-Encoding
      x-content-type-options:
      - nosniff
    status:
      code: 200
      message: OK
- request:
    body: null
    headers:
      Accept:
      - application/json
      Accept-Encoding:
      - gzip, deflate
      CommandName:
      - aks update
      Connection:
      - keep-alive
      ParameterSetName:
      - --resource-group --name --aks-custom-headers --enable-oidc-issuer
      User-Agent:
      - AZURECLI/2.49.0 azsdk-python-azure-mgmt-containerservice/24.0.0 Python/3.8.10
        (Linux-5.15.0-1039-azure-x86_64-with-glibc2.29)
    method: GET
    uri: https://management.azure.com/subscriptions/00000000-0000-0000-0000-000000000000/resourceGroups/clitest000001/providers/Microsoft.ContainerService/managedClusters/cliakstest000001?api-version=2023-10-01
  response:
    body:
      string: "{\n  \"id\": \"/subscriptions/00000000-0000-0000-0000-000000000000/resourcegroups/clitest000001/providers/Microsoft.ContainerService/managedClusters/cliakstest000001\",\n
        \ \"location\": \"westus2\",\n  \"name\": \"cliakstest000001\",\n  \"type\":
        \"Microsoft.ContainerService/ManagedClusters\",\n  \"properties\": {\n   \"provisioningState\":
        \"Succeeded\",\n   \"powerState\": {\n    \"code\": \"Running\"\n   },\n   \"kubernetesVersion\":
        \"1.25.6\",\n   \"currentKubernetesVersion\": \"1.25.6\",\n   \"dnsPrefix\":
        \"cliakstest-clitestb6yynh5jj-79a739\",\n   \"fqdn\": \"cliakstest-clitestb6yynh5jj-79a739-z6gh9o2v.hcp.westus2.azmk8s.io\",\n
        \  \"azurePortalFQDN\": \"cliakstest-clitestb6yynh5jj-79a739-z6gh9o2v.portal.hcp.westus2.azmk8s.io\",\n
        \  \"agentPoolProfiles\": [\n    {\n     \"name\": \"nodepool1\",\n     \"count\":
        3,\n     \"vmSize\": \"Standard_DS2_v2\",\n     \"osDiskSizeGB\": 128,\n     \"osDiskType\":
        \"Managed\",\n     \"kubeletDiskType\": \"OS\",\n     \"maxPods\": 110,\n
        \    \"type\": \"VirtualMachineScaleSets\",\n     \"enableAutoScaling\": false,\n
        \    \"provisioningState\": \"Succeeded\",\n     \"powerState\": {\n      \"code\":
        \"Running\"\n     },\n     \"orchestratorVersion\": \"1.25.6\",\n     \"currentOrchestratorVersion\":
        \"1.25.6\",\n     \"enableNodePublicIP\": false,\n     \"mode\": \"System\",\n
        \    \"enableEncryptionAtHost\": false,\n     \"enableUltraSSD\": false,\n
        \    \"osType\": \"Linux\",\n     \"osSKU\": \"Ubuntu\",\n     \"nodeImageVersion\":
        \"AKSUbuntu-2204gen2containerd-202306.19.0\",\n     \"upgradeSettings\": {},\n
        \    \"enableFIPS\": false\n    }\n   ],\n   \"linuxProfile\": {\n    \"adminUsername\":
        \"azureuser\",\n    \"ssh\": {\n     \"publicKeys\": [\n      {\n       \"keyData\":
        \"ssh-rsa AAAAB3NzaC1yc2EAAAADAQABAAABAQCw4P22/hE86EX0l2HMO+M6Gw+CW6O4Yl84NLjVqF7NtK8xwQKcZwGeIwNBv/HxJ0uMJlOCG1ZMPPvSZHDp07QvAjYKKryIkIGilxLUh4fNOEQiZqAXB2badERUdwLRB4f6kHc0vb35GHw3tlyjjDjvQTO7UgZQxnbipxyrJAYfMHxfXjST1tvmln3v87WvBGsY2hr1Iqx/gMO3AIqaNoJntl1sIeAcg8xXdYW3PP6N1gYToFsDxsQZU2rfefIRDniuP4fYy2J4shtEAkyzv1BlOBJGHBqCzyrhXVqFElLSFV99QhLUi43zXL4Ge1QKJBztH/q48ohMBt3WenkP2KsT
        azcli_aks_live_test@example.com\\n\"\n      }\n     ]\n    }\n   },\n   \"servicePrincipalProfile\":
        {\n    \"clientId\":\"00000000-0000-0000-0000-000000000001\"\n   },\n   \"nodeResourceGroup\":
        \"MC_clitest000001_cliakstest000001_westus2\",\n   \"enableRBAC\": true,\n
        \  \"supportPlan\": \"KubernetesOfficial\",\n   \"networkProfile\": {\n    \"networkPlugin\":
        \"kubenet\",\n    \"loadBalancerSku\": \"Standard\",\n    \"loadBalancerProfile\":
        {\n     \"managedOutboundIPs\": {\n      \"count\": 1\n     },\n     \"effectiveOutboundIPs\":
        [\n      {\n       \"id\": \"/subscriptions/00000000-0000-0000-0000-000000000000/resourceGroups/MC_clitest000001_cliakstest000001_westus2/providers/Microsoft.Network/publicIPAddresses/220aa2e4-ba64-493c-8264-64354686749c\"\n
        \     }\n     ]\n    },\n    \"podCidr\": \"10.244.0.0/16\",\n    \"serviceCidr\":
        \"10.0.0.0/16\",\n    \"dnsServiceIP\": \"10.0.0.10\",\n    \"outboundType\":
        \"loadBalancer\",\n    \"podCidrs\": [\n     \"10.244.0.0/16\"\n    ],\n    \"serviceCidrs\":
        [\n     \"10.0.0.0/16\"\n    ],\n    \"ipFamilies\": [\n     \"IPv4\"\n    ]\n
        \  },\n   \"maxAgentPools\": 100,\n   \"identityProfile\": {\n    \"kubeletidentity\":
        {\n     \"resourceId\": \"/subscriptions/00000000-0000-0000-0000-000000000000/resourcegroups/MC_clitest000001_cliakstest000001_westus2/providers/Microsoft.ManagedIdentity/userAssignedIdentities/cliakstest000001-agentpool\",\n
        \    \"clientId\":\"00000000-0000-0000-0000-000000000001\",\n     \"objectId\":\"00000000-0000-0000-0000-000000000001\"\n
        \   }\n   },\n   \"disableLocalAccounts\": false,\n   \"securityProfile\":
        {},\n   \"storageProfile\": {\n    \"diskCSIDriver\": {\n     \"enabled\":
        true\n    },\n    \"fileCSIDriver\": {\n     \"enabled\": true\n    },\n    \"snapshotController\":
        {\n     \"enabled\": true\n    }\n   },\n   \"oidcIssuerProfile\": {\n    \"enabled\":
        false\n   },\n   \"workloadAutoScalerProfile\": {}\n  },\n  \"identity\":
        {\n   \"type\": \"SystemAssigned\",\n   \"principalId\":\"00000000-0000-0000-0000-000000000001\",\n
        \  \"tenantId\": \"72f988bf-86f1-41af-91ab-2d7cd011db47\"\n  },\n  \"sku\":
        {\n   \"name\": \"Base\",\n   \"tier\": \"Free\"\n  }\n }"
    headers:
      cache-control:
      - no-cache
      content-length:
      - '3920'
      content-type:
      - application/json
      date:
      - Thu, 29 Jun 2023 12:03:20 GMT
      expires:
      - '-1'
      pragma:
      - no-cache
      server:
      - nginx
      strict-transport-security:
      - max-age=31536000; includeSubDomains
      transfer-encoding:
      - chunked
      vary:
      - Accept-Encoding
      x-content-type-options:
      - nosniff
    status:
      code: 200
      message: OK
- request:
    body: '{"location": "westus2", "sku": {"name": "Base", "tier": "Free"}, "identity":
      {"type": "SystemAssigned"}, "properties": {"kubernetesVersion": "1.25.6", "dnsPrefix":
      "cliakstest-clitestb6yynh5jj-79a739", "agentPoolProfiles": [{"count": 3, "vmSize":
      "Standard_DS2_v2", "osDiskSizeGB": 128, "osDiskType": "Managed", "kubeletDiskType":
      "OS", "maxPods": 110, "osType": "Linux", "osSKU": "Ubuntu", "enableAutoScaling":
      false, "type": "VirtualMachineScaleSets", "mode": "System", "orchestratorVersion":
      "1.25.6", "upgradeSettings": {}, "powerState": {"code": "Running"}, "enableNodePublicIP":
      false, "enableEncryptionAtHost": false, "enableUltraSSD": false, "enableFIPS":
      false, "name": "nodepool1"}], "linuxProfile": {"adminUsername": "azureuser",
      "ssh": {"publicKeys": [{"keyData": "ssh-rsa AAAAB3NzaC1yc2EAAAADAQABAAABAQCw4P22/hE86EX0l2HMO+M6Gw+CW6O4Yl84NLjVqF7NtK8xwQKcZwGeIwNBv/HxJ0uMJlOCG1ZMPPvSZHDp07QvAjYKKryIkIGilxLUh4fNOEQiZqAXB2badERUdwLRB4f6kHc0vb35GHw3tlyjjDjvQTO7UgZQxnbipxyrJAYfMHxfXjST1tvmln3v87WvBGsY2hr1Iqx/gMO3AIqaNoJntl1sIeAcg8xXdYW3PP6N1gYToFsDxsQZU2rfefIRDniuP4fYy2J4shtEAkyzv1BlOBJGHBqCzyrhXVqFElLSFV99QhLUi43zXL4Ge1QKJBztH/q48ohMBt3WenkP2KsT
      azcli_aks_live_test@example.com\n"}]}}, "servicePrincipalProfile": {"clientId":"00000000-0000-0000-0000-000000000001"},
      "oidcIssuerProfile": {"enabled": true}, "nodeResourceGroup": "MC_clitest000001_cliakstest000001_westus2",
      "enableRBAC": true, "networkProfile": {"networkPlugin": "kubenet", "podCidr":
      "10.244.0.0/16", "serviceCidr": "10.0.0.0/16", "dnsServiceIP": "10.0.0.10",
      "outboundType": "loadBalancer", "loadBalancerSku": "Standard", "loadBalancerProfile":
      {"managedOutboundIPs": {"count": 1}, "effectiveOutboundIPs": [{"id": "/subscriptions/00000000-0000-0000-0000-000000000000/resourceGroups/MC_clitest000001_cliakstest000001_westus2/providers/Microsoft.Network/publicIPAddresses/220aa2e4-ba64-493c-8264-64354686749c"}]},
      "podCidrs": ["10.244.0.0/16"], "serviceCidrs": ["10.0.0.0/16"], "ipFamilies":
      ["IPv4"]}, "identityProfile": {"kubeletidentity": {"resourceId": "/subscriptions/00000000-0000-0000-0000-000000000000/resourcegroups/MC_clitest000001_cliakstest000001_westus2/providers/Microsoft.ManagedIdentity/userAssignedIdentities/cliakstest000001-agentpool",
      "clientId":"00000000-0000-0000-0000-000000000001", "objectId":"00000000-0000-0000-0000-000000000001"}},
      "disableLocalAccounts": false, "securityProfile": {}, "storageProfile": {},
      "workloadAutoScalerProfile": {}}}'
    headers:
      AKSHTTPCustomFeatures:
      - Microsoft.ContainerService/EnableOIDCIssuerPreview
      Accept:
      - application/json
      Accept-Encoding:
      - gzip, deflate
      CommandName:
      - aks update
      Connection:
      - keep-alive
      Content-Length:
      - '2445'
      Content-Type:
      - application/json
      ParameterSetName:
      - --resource-group --name --aks-custom-headers --enable-oidc-issuer
      User-Agent:
      - AZURECLI/2.49.0 azsdk-python-azure-mgmt-containerservice/24.0.0 Python/3.8.10
        (Linux-5.15.0-1039-azure-x86_64-with-glibc2.29)
    method: PUT
    uri: https://management.azure.com/subscriptions/00000000-0000-0000-0000-000000000000/resourceGroups/clitest000001/providers/Microsoft.ContainerService/managedClusters/cliakstest000001?api-version=2023-10-01
  response:
    body:
      string: "{\n  \"id\": \"/subscriptions/00000000-0000-0000-0000-000000000000/resourcegroups/clitest000001/providers/Microsoft.ContainerService/managedClusters/cliakstest000001\",\n
        \ \"location\": \"westus2\",\n  \"name\": \"cliakstest000001\",\n  \"type\":
        \"Microsoft.ContainerService/ManagedClusters\",\n  \"properties\": {\n   \"provisioningState\":
        \"Updating\",\n   \"powerState\": {\n    \"code\": \"Running\"\n   },\n   \"kubernetesVersion\":
        \"1.25.6\",\n   \"currentKubernetesVersion\": \"1.25.6\",\n   \"dnsPrefix\":
        \"cliakstest-clitestb6yynh5jj-79a739\",\n   \"fqdn\": \"cliakstest-clitestb6yynh5jj-79a739-z6gh9o2v.hcp.westus2.azmk8s.io\",\n
        \  \"azurePortalFQDN\": \"cliakstest-clitestb6yynh5jj-79a739-z6gh9o2v.portal.hcp.westus2.azmk8s.io\",\n
        \  \"agentPoolProfiles\": [\n    {\n     \"name\": \"nodepool1\",\n     \"count\":
        3,\n     \"vmSize\": \"Standard_DS2_v2\",\n     \"osDiskSizeGB\": 128,\n     \"osDiskType\":
        \"Managed\",\n     \"kubeletDiskType\": \"OS\",\n     \"maxPods\": 110,\n
        \    \"type\": \"VirtualMachineScaleSets\",\n     \"enableAutoScaling\": false,\n
        \    \"provisioningState\": \"Updating\",\n     \"powerState\": {\n      \"code\":
        \"Running\"\n     },\n     \"orchestratorVersion\": \"1.25.6\",\n     \"currentOrchestratorVersion\":
        \"1.25.6\",\n     \"enableNodePublicIP\": false,\n     \"mode\": \"System\",\n
        \    \"enableEncryptionAtHost\": false,\n     \"enableUltraSSD\": false,\n
        \    \"osType\": \"Linux\",\n     \"osSKU\": \"Ubuntu\",\n     \"nodeImageVersion\":
        \"AKSUbuntu-2204gen2containerd-202306.19.0\",\n     \"upgradeSettings\": {},\n
        \    \"enableFIPS\": false\n    }\n   ],\n   \"linuxProfile\": {\n    \"adminUsername\":
        \"azureuser\",\n    \"ssh\": {\n     \"publicKeys\": [\n      {\n       \"keyData\":
        \"ssh-rsa AAAAB3NzaC1yc2EAAAADAQABAAABAQCw4P22/hE86EX0l2HMO+M6Gw+CW6O4Yl84NLjVqF7NtK8xwQKcZwGeIwNBv/HxJ0uMJlOCG1ZMPPvSZHDp07QvAjYKKryIkIGilxLUh4fNOEQiZqAXB2badERUdwLRB4f6kHc0vb35GHw3tlyjjDjvQTO7UgZQxnbipxyrJAYfMHxfXjST1tvmln3v87WvBGsY2hr1Iqx/gMO3AIqaNoJntl1sIeAcg8xXdYW3PP6N1gYToFsDxsQZU2rfefIRDniuP4fYy2J4shtEAkyzv1BlOBJGHBqCzyrhXVqFElLSFV99QhLUi43zXL4Ge1QKJBztH/q48ohMBt3WenkP2KsT
        azcli_aks_live_test@example.com\\n\"\n      }\n     ]\n    }\n   },\n   \"servicePrincipalProfile\":
        {\n    \"clientId\":\"00000000-0000-0000-0000-000000000001\"\n   },\n   \"nodeResourceGroup\":
        \"MC_clitest000001_cliakstest000001_westus2\",\n   \"enableRBAC\": true,\n
        \  \"supportPlan\": \"KubernetesOfficial\",\n   \"networkProfile\": {\n    \"networkPlugin\":
        \"kubenet\",\n    \"loadBalancerSku\": \"Standard\",\n    \"loadBalancerProfile\":
        {\n     \"managedOutboundIPs\": {\n      \"count\": 1\n     },\n     \"effectiveOutboundIPs\":
        [\n      {\n       \"id\": \"/subscriptions/00000000-0000-0000-0000-000000000000/resourceGroups/MC_clitest000001_cliakstest000001_westus2/providers/Microsoft.Network/publicIPAddresses/220aa2e4-ba64-493c-8264-64354686749c\"\n
        \     }\n     ]\n    },\n    \"podCidr\": \"10.244.0.0/16\",\n    \"serviceCidr\":
        \"10.0.0.0/16\",\n    \"dnsServiceIP\": \"10.0.0.10\",\n    \"outboundType\":
        \"loadBalancer\",\n    \"podCidrs\": [\n     \"10.244.0.0/16\"\n    ],\n    \"serviceCidrs\":
        [\n     \"10.0.0.0/16\"\n    ],\n    \"ipFamilies\": [\n     \"IPv4\"\n    ]\n
        \  },\n   \"maxAgentPools\": 100,\n   \"identityProfile\": {\n    \"kubeletidentity\":
        {\n     \"resourceId\": \"/subscriptions/00000000-0000-0000-0000-000000000000/resourcegroups/MC_clitest000001_cliakstest000001_westus2/providers/Microsoft.ManagedIdentity/userAssignedIdentities/cliakstest000001-agentpool\",\n
        \    \"clientId\":\"00000000-0000-0000-0000-000000000001\",\n     \"objectId\":\"00000000-0000-0000-0000-000000000001\"\n
        \   }\n   },\n   \"disableLocalAccounts\": false,\n   \"securityProfile\":
        {},\n   \"storageProfile\": {\n    \"diskCSIDriver\": {\n     \"enabled\":
        true\n    },\n    \"fileCSIDriver\": {\n     \"enabled\": true\n    },\n    \"snapshotController\":
        {\n     \"enabled\": true\n    }\n   },\n   \"oidcIssuerProfile\": {\n    \"enabled\":
        true,\n    \"issuerURL\": \"https://westus2.oic.prod-aks.azure.com/72f988bf-86f1-41af-91ab-2d7cd011db47/5d8468d2-adcb-4356-a23d-711adf78b941/\"\n
        \  },\n   \"workloadAutoScalerProfile\": {}\n  },\n  \"identity\": {\n   \"type\":
        \"SystemAssigned\",\n   \"principalId\":\"00000000-0000-0000-0000-000000000001\",\n
        \  \"tenantId\": \"72f988bf-86f1-41af-91ab-2d7cd011db47\"\n  },\n  \"sku\":
        {\n   \"name\": \"Base\",\n   \"tier\": \"Free\"\n  }\n }"
    headers:
      azure-asyncoperation:
      - https://management.azure.com/subscriptions/00000000-0000-0000-0000-000000000000/providers/Microsoft.ContainerService/locations/westus2/operations/93faa633-78e3-452b-8c15-7516e37482d6?api-version=2016-03-30
      cache-control:
      - no-cache
      content-length:
      - '4051'
      content-type:
      - application/json
      date:
      - Thu, 29 Jun 2023 12:03:24 GMT
      expires:
      - '-1'
      pragma:
      - no-cache
      server:
      - nginx
      strict-transport-security:
      - max-age=31536000; includeSubDomains
      transfer-encoding:
      - chunked
      vary:
      - Accept-Encoding
      x-content-type-options:
      - nosniff
      x-ms-ratelimit-remaining-subscription-writes:
      - '1198'
    status:
      code: 200
      message: OK
- request:
    body: null
    headers:
      Accept:
      - '*/*'
      Accept-Encoding:
      - gzip, deflate
      CommandName:
      - aks update
      Connection:
      - keep-alive
      ParameterSetName:
      - --resource-group --name --aks-custom-headers --enable-oidc-issuer
      User-Agent:
      - AZURECLI/2.49.0 azsdk-python-azure-mgmt-containerservice/24.0.0 Python/3.8.10
        (Linux-5.15.0-1039-azure-x86_64-with-glibc2.29)
    method: GET
    uri: https://management.azure.com/subscriptions/00000000-0000-0000-0000-000000000000/providers/Microsoft.ContainerService/locations/westus2/operations/93faa633-78e3-452b-8c15-7516e37482d6?api-version=2016-03-30
  response:
    body:
      string: "{\n  \"name\": \"33a6fa93-e378-2b45-8c15-7516e37482d6\",\n  \"status\":
        \"InProgress\",\n  \"startTime\": \"2023-06-29T12:03:24.3519981Z\"\n }"
    headers:
      cache-control:
      - no-cache
      content-length:
      - '126'
      content-type:
      - application/json
      date:
      - Thu, 29 Jun 2023 12:03:24 GMT
      expires:
      - '-1'
      pragma:
      - no-cache
      server:
      - nginx
      strict-transport-security:
      - max-age=31536000; includeSubDomains
      transfer-encoding:
      - chunked
      vary:
      - Accept-Encoding
      x-content-type-options:
      - nosniff
    status:
      code: 200
      message: OK
- request:
    body: null
    headers:
      Accept:
      - '*/*'
      Accept-Encoding:
      - gzip, deflate
      CommandName:
      - aks update
      Connection:
      - keep-alive
      ParameterSetName:
      - --resource-group --name --aks-custom-headers --enable-oidc-issuer
      User-Agent:
      - AZURECLI/2.49.0 azsdk-python-azure-mgmt-containerservice/24.0.0 Python/3.8.10
        (Linux-5.15.0-1039-azure-x86_64-with-glibc2.29)
    method: GET
    uri: https://management.azure.com/subscriptions/00000000-0000-0000-0000-000000000000/providers/Microsoft.ContainerService/locations/westus2/operations/93faa633-78e3-452b-8c15-7516e37482d6?api-version=2016-03-30
  response:
    body:
      string: "{\n  \"name\": \"33a6fa93-e378-2b45-8c15-7516e37482d6\",\n  \"status\":
        \"InProgress\",\n  \"startTime\": \"2023-06-29T12:03:24.3519981Z\"\n }"
    headers:
      cache-control:
      - no-cache
      content-length:
      - '126'
      content-type:
      - application/json
      date:
      - Thu, 29 Jun 2023 12:03:54 GMT
      expires:
      - '-1'
      pragma:
      - no-cache
      server:
      - nginx
      strict-transport-security:
      - max-age=31536000; includeSubDomains
      transfer-encoding:
      - chunked
      vary:
      - Accept-Encoding
      x-content-type-options:
      - nosniff
    status:
      code: 200
      message: OK
- request:
    body: null
    headers:
      Accept:
      - '*/*'
      Accept-Encoding:
      - gzip, deflate
      CommandName:
      - aks update
      Connection:
      - keep-alive
      ParameterSetName:
      - --resource-group --name --aks-custom-headers --enable-oidc-issuer
      User-Agent:
      - AZURECLI/2.49.0 azsdk-python-azure-mgmt-containerservice/24.0.0 Python/3.8.10
        (Linux-5.15.0-1039-azure-x86_64-with-glibc2.29)
    method: GET
    uri: https://management.azure.com/subscriptions/00000000-0000-0000-0000-000000000000/providers/Microsoft.ContainerService/locations/westus2/operations/93faa633-78e3-452b-8c15-7516e37482d6?api-version=2016-03-30
  response:
    body:
      string: "{\n  \"name\": \"33a6fa93-e378-2b45-8c15-7516e37482d6\",\n  \"status\":
        \"InProgress\",\n  \"startTime\": \"2023-06-29T12:03:24.3519981Z\"\n }"
    headers:
      cache-control:
      - no-cache
      content-length:
      - '126'
      content-type:
      - application/json
      date:
      - Thu, 29 Jun 2023 12:04:24 GMT
      expires:
      - '-1'
      pragma:
      - no-cache
      server:
      - nginx
      strict-transport-security:
      - max-age=31536000; includeSubDomains
      transfer-encoding:
      - chunked
      vary:
      - Accept-Encoding
      x-content-type-options:
      - nosniff
    status:
      code: 200
      message: OK
- request:
    body: null
    headers:
      Accept:
      - '*/*'
      Accept-Encoding:
      - gzip, deflate
      CommandName:
      - aks update
      Connection:
      - keep-alive
      ParameterSetName:
      - --resource-group --name --aks-custom-headers --enable-oidc-issuer
      User-Agent:
      - AZURECLI/2.49.0 azsdk-python-azure-mgmt-containerservice/24.0.0 Python/3.8.10
        (Linux-5.15.0-1039-azure-x86_64-with-glibc2.29)
    method: GET
    uri: https://management.azure.com/subscriptions/00000000-0000-0000-0000-000000000000/providers/Microsoft.ContainerService/locations/westus2/operations/93faa633-78e3-452b-8c15-7516e37482d6?api-version=2016-03-30
  response:
    body:
      string: "{\n  \"name\": \"33a6fa93-e378-2b45-8c15-7516e37482d6\",\n  \"status\":
        \"InProgress\",\n  \"startTime\": \"2023-06-29T12:03:24.3519981Z\"\n }"
    headers:
      cache-control:
      - no-cache
      content-length:
      - '126'
      content-type:
      - application/json
      date:
      - Thu, 29 Jun 2023 12:04:54 GMT
      expires:
      - '-1'
      pragma:
      - no-cache
      server:
      - nginx
      strict-transport-security:
      - max-age=31536000; includeSubDomains
      transfer-encoding:
      - chunked
      vary:
      - Accept-Encoding
      x-content-type-options:
      - nosniff
    status:
      code: 200
      message: OK
- request:
    body: null
    headers:
      Accept:
      - '*/*'
      Accept-Encoding:
      - gzip, deflate
      CommandName:
      - aks update
      Connection:
      - keep-alive
      ParameterSetName:
      - --resource-group --name --aks-custom-headers --enable-oidc-issuer
      User-Agent:
      - AZURECLI/2.49.0 azsdk-python-azure-mgmt-containerservice/24.0.0 Python/3.8.10
        (Linux-5.15.0-1039-azure-x86_64-with-glibc2.29)
    method: GET
    uri: https://management.azure.com/subscriptions/00000000-0000-0000-0000-000000000000/providers/Microsoft.ContainerService/locations/westus2/operations/93faa633-78e3-452b-8c15-7516e37482d6?api-version=2016-03-30
  response:
    body:
      string: "{\n  \"name\": \"33a6fa93-e378-2b45-8c15-7516e37482d6\",\n  \"status\":
        \"InProgress\",\n  \"startTime\": \"2023-06-29T12:03:24.3519981Z\"\n }"
    headers:
      cache-control:
      - no-cache
      content-length:
      - '126'
      content-type:
      - application/json
      date:
      - Thu, 29 Jun 2023 12:05:25 GMT
      expires:
      - '-1'
      pragma:
      - no-cache
      server:
      - nginx
      strict-transport-security:
      - max-age=31536000; includeSubDomains
      transfer-encoding:
      - chunked
      vary:
      - Accept-Encoding
      x-content-type-options:
      - nosniff
    status:
      code: 200
      message: OK
- request:
    body: null
    headers:
      Accept:
      - '*/*'
      Accept-Encoding:
      - gzip, deflate
      CommandName:
      - aks update
      Connection:
      - keep-alive
      ParameterSetName:
      - --resource-group --name --aks-custom-headers --enable-oidc-issuer
      User-Agent:
      - AZURECLI/2.49.0 azsdk-python-azure-mgmt-containerservice/24.0.0 Python/3.8.10
        (Linux-5.15.0-1039-azure-x86_64-with-glibc2.29)
    method: GET
    uri: https://management.azure.com/subscriptions/00000000-0000-0000-0000-000000000000/providers/Microsoft.ContainerService/locations/westus2/operations/93faa633-78e3-452b-8c15-7516e37482d6?api-version=2016-03-30
  response:
    body:
      string: "{\n  \"name\": \"33a6fa93-e378-2b45-8c15-7516e37482d6\",\n  \"status\":
        \"Succeeded\",\n  \"startTime\": \"2023-06-29T12:03:24.3519981Z\",\n  \"endTime\":
        \"2023-06-29T12:05:33.5575822Z\"\n }"
    headers:
      cache-control:
      - no-cache
      content-length:
      - '170'
      content-type:
      - application/json
      date:
      - Thu, 29 Jun 2023 12:05:55 GMT
      expires:
      - '-1'
      pragma:
      - no-cache
      server:
      - nginx
      strict-transport-security:
      - max-age=31536000; includeSubDomains
      transfer-encoding:
      - chunked
      vary:
      - Accept-Encoding
      x-content-type-options:
      - nosniff
    status:
      code: 200
      message: OK
- request:
    body: null
    headers:
      Accept:
      - '*/*'
      Accept-Encoding:
      - gzip, deflate
      CommandName:
      - aks update
      Connection:
      - keep-alive
      ParameterSetName:
      - --resource-group --name --aks-custom-headers --enable-oidc-issuer
      User-Agent:
      - AZURECLI/2.49.0 azsdk-python-azure-mgmt-containerservice/24.0.0 Python/3.8.10
        (Linux-5.15.0-1039-azure-x86_64-with-glibc2.29)
    method: GET
    uri: https://management.azure.com/subscriptions/00000000-0000-0000-0000-000000000000/resourceGroups/clitest000001/providers/Microsoft.ContainerService/managedClusters/cliakstest000001?api-version=2023-10-01
  response:
    body:
      string: "{\n  \"id\": \"/subscriptions/00000000-0000-0000-0000-000000000000/resourcegroups/clitest000001/providers/Microsoft.ContainerService/managedClusters/cliakstest000001\",\n
        \ \"location\": \"westus2\",\n  \"name\": \"cliakstest000001\",\n  \"type\":
        \"Microsoft.ContainerService/ManagedClusters\",\n  \"properties\": {\n   \"provisioningState\":
        \"Succeeded\",\n   \"powerState\": {\n    \"code\": \"Running\"\n   },\n   \"kubernetesVersion\":
        \"1.25.6\",\n   \"currentKubernetesVersion\": \"1.25.6\",\n   \"dnsPrefix\":
        \"cliakstest-clitestb6yynh5jj-79a739\",\n   \"fqdn\": \"cliakstest-clitestb6yynh5jj-79a739-z6gh9o2v.hcp.westus2.azmk8s.io\",\n
        \  \"azurePortalFQDN\": \"cliakstest-clitestb6yynh5jj-79a739-z6gh9o2v.portal.hcp.westus2.azmk8s.io\",\n
        \  \"agentPoolProfiles\": [\n    {\n     \"name\": \"nodepool1\",\n     \"count\":
        3,\n     \"vmSize\": \"Standard_DS2_v2\",\n     \"osDiskSizeGB\": 128,\n     \"osDiskType\":
        \"Managed\",\n     \"kubeletDiskType\": \"OS\",\n     \"maxPods\": 110,\n
        \    \"type\": \"VirtualMachineScaleSets\",\n     \"enableAutoScaling\": false,\n
        \    \"provisioningState\": \"Succeeded\",\n     \"powerState\": {\n      \"code\":
        \"Running\"\n     },\n     \"orchestratorVersion\": \"1.25.6\",\n     \"currentOrchestratorVersion\":
        \"1.25.6\",\n     \"enableNodePublicIP\": false,\n     \"mode\": \"System\",\n
        \    \"enableEncryptionAtHost\": false,\n     \"enableUltraSSD\": false,\n
        \    \"osType\": \"Linux\",\n     \"osSKU\": \"Ubuntu\",\n     \"nodeImageVersion\":
        \"AKSUbuntu-2204gen2containerd-202306.19.0\",\n     \"upgradeSettings\": {},\n
        \    \"enableFIPS\": false\n    }\n   ],\n   \"linuxProfile\": {\n    \"adminUsername\":
        \"azureuser\",\n    \"ssh\": {\n     \"publicKeys\": [\n      {\n       \"keyData\":
        \"ssh-rsa AAAAB3NzaC1yc2EAAAADAQABAAABAQCw4P22/hE86EX0l2HMO+M6Gw+CW6O4Yl84NLjVqF7NtK8xwQKcZwGeIwNBv/HxJ0uMJlOCG1ZMPPvSZHDp07QvAjYKKryIkIGilxLUh4fNOEQiZqAXB2badERUdwLRB4f6kHc0vb35GHw3tlyjjDjvQTO7UgZQxnbipxyrJAYfMHxfXjST1tvmln3v87WvBGsY2hr1Iqx/gMO3AIqaNoJntl1sIeAcg8xXdYW3PP6N1gYToFsDxsQZU2rfefIRDniuP4fYy2J4shtEAkyzv1BlOBJGHBqCzyrhXVqFElLSFV99QhLUi43zXL4Ge1QKJBztH/q48ohMBt3WenkP2KsT
        azcli_aks_live_test@example.com\\n\"\n      }\n     ]\n    }\n   },\n   \"servicePrincipalProfile\":
        {\n    \"clientId\":\"00000000-0000-0000-0000-000000000001\"\n   },\n   \"nodeResourceGroup\":
        \"MC_clitest000001_cliakstest000001_westus2\",\n   \"enableRBAC\": true,\n
        \  \"supportPlan\": \"KubernetesOfficial\",\n   \"networkProfile\": {\n    \"networkPlugin\":
        \"kubenet\",\n    \"loadBalancerSku\": \"Standard\",\n    \"loadBalancerProfile\":
        {\n     \"managedOutboundIPs\": {\n      \"count\": 1\n     },\n     \"effectiveOutboundIPs\":
        [\n      {\n       \"id\": \"/subscriptions/00000000-0000-0000-0000-000000000000/resourceGroups/MC_clitest000001_cliakstest000001_westus2/providers/Microsoft.Network/publicIPAddresses/220aa2e4-ba64-493c-8264-64354686749c\"\n
        \     }\n     ]\n    },\n    \"podCidr\": \"10.244.0.0/16\",\n    \"serviceCidr\":
        \"10.0.0.0/16\",\n    \"dnsServiceIP\": \"10.0.0.10\",\n    \"outboundType\":
        \"loadBalancer\",\n    \"podCidrs\": [\n     \"10.244.0.0/16\"\n    ],\n    \"serviceCidrs\":
        [\n     \"10.0.0.0/16\"\n    ],\n    \"ipFamilies\": [\n     \"IPv4\"\n    ]\n
        \  },\n   \"maxAgentPools\": 100,\n   \"identityProfile\": {\n    \"kubeletidentity\":
        {\n     \"resourceId\": \"/subscriptions/00000000-0000-0000-0000-000000000000/resourcegroups/MC_clitest000001_cliakstest000001_westus2/providers/Microsoft.ManagedIdentity/userAssignedIdentities/cliakstest000001-agentpool\",\n
        \    \"clientId\":\"00000000-0000-0000-0000-000000000001\",\n     \"objectId\":\"00000000-0000-0000-0000-000000000001\"\n
        \   }\n   },\n   \"disableLocalAccounts\": false,\n   \"securityProfile\":
        {},\n   \"storageProfile\": {\n    \"diskCSIDriver\": {\n     \"enabled\":
        true\n    },\n    \"fileCSIDriver\": {\n     \"enabled\": true\n    },\n    \"snapshotController\":
        {\n     \"enabled\": true\n    }\n   },\n   \"oidcIssuerProfile\": {\n    \"enabled\":
        true,\n    \"issuerURL\": \"https://westus2.oic.prod-aks.azure.com/72f988bf-86f1-41af-91ab-2d7cd011db47/5d8468d2-adcb-4356-a23d-711adf78b941/\"\n
        \  },\n   \"workloadAutoScalerProfile\": {}\n  },\n  \"identity\": {\n   \"type\":
        \"SystemAssigned\",\n   \"principalId\":\"00000000-0000-0000-0000-000000000001\",\n
        \  \"tenantId\": \"72f988bf-86f1-41af-91ab-2d7cd011db47\"\n  },\n  \"sku\":
        {\n   \"name\": \"Base\",\n   \"tier\": \"Free\"\n  }\n }"
    headers:
      cache-control:
      - no-cache
      content-length:
      - '4053'
      content-type:
      - application/json
      date:
      - Thu, 29 Jun 2023 12:05:56 GMT
      expires:
      - '-1'
      pragma:
      - no-cache
      server:
      - nginx
      strict-transport-security:
      - max-age=31536000; includeSubDomains
      transfer-encoding:
      - chunked
      vary:
      - Accept-Encoding
      x-content-type-options:
      - nosniff
    status:
      code: 200
      message: OK
version: 1
