interactions:
- request:
    body: null
    headers:
      Accept:
      - application/json
      Accept-Encoding:
      - gzip, deflate
      CommandName:
      - aks create
      Connection:
      - keep-alive
      ParameterSetName:
      - --resource-group --name --location --node-count --ssh-key-value --tags --nodepool-labels
        --nodepool-tags
      User-Agent:
      - AZURECLI/2.46.0 azsdk-python-azure-mgmt-containerservice/21.2.0 Python/3.8.10
        (Linux-5.15.0-1033-azure-x86_64-with-glibc2.29)
    method: GET
    uri: https://management.azure.com/subscriptions/00000000-0000-0000-0000-000000000000/resourceGroups/clitest000001/providers/Microsoft.ContainerService/managedClusters/cliakstest000002?api-version=2023-03-01
  response:
    body:
      string: '{"error":{"code":"ResourceNotFound","message":"The Resource ''Microsoft.ContainerService/managedClusters/cliakstest000002''
        under resource group ''clitest000001'' was not found. For more details please
        go to https://aka.ms/ARMResourceNotFoundFix"}}'
    headers:
      cache-control:
      - no-cache
      content-length:
      - '244'
      content-type:
      - application/json; charset=utf-8
      date:
      - Wed, 15 Mar 2023 10:01:04 GMT
      expires:
      - '-1'
      pragma:
      - no-cache
      strict-transport-security:
      - max-age=31536000; includeSubDomains
      x-content-type-options:
      - nosniff
      x-ms-failure-cause:
      - gateway
    status:
      code: 404
      message: Not Found
- request:
    body: '{"tags": {"key1": "value1"}, "location": "westus2", "identity": {"type":
      "SystemAssigned"}, "properties": {"kubernetesVersion": "", "dnsPrefix": "cliakstest-clitestby5lceusw-79a739",
      "agentPoolProfiles": [{"count": 1, "vmSize": "Standard_DS2_v2", "osDiskSizeGB":
      0, "osType": "Linux", "enableAutoScaling": false, "type": "VirtualMachineScaleSets",
      "mode": "System", "orchestratorVersion": "", "upgradeSettings": {}, "enableNodePublicIP":
      false, "scaleSetPriority": "Regular", "scaleSetEvictionPolicy": "Delete", "spotMaxPrice":
      -1.0, "tags": {"tag1": "tv1", "tag2": "tv2"}, "nodeLabels": {"label1": "value1",
      "label2": "value2"}, "nodeTaints": [], "enableEncryptionAtHost": false, "enableUltraSSD":
      false, "enableFIPS": false, "name": "nodepool1"}], "linuxProfile": {"adminUsername":
      "azureuser", "ssh": {"publicKeys": [{"keyData": "ssh-rsa AAAAB3NzaC1yc2EAAAADAQABAAABAQC+Tw5fQ1llhTaOQkrl1FxV1VswmtYGwgleHCPi7kNYtIZ2kdobxPHgVkhlxcSy2u6aAvjV7idMzxJ0nSl0MrLqF1GVtyO+SMx+iDXJomtEN6hscMcn8S6DJCm4XyPZyur50Qn6K4KGrmSQ4ZK0VXShfteE6THR2+DoYBsWbD86+XOLOrPr8H5DOQxEYYq0K2usPpntyItOJ2RtolEo9Y9nzxSsioEvb31B4vFX0LfssWX/yFJorU1OLMSxgIXOZ0xzEPOV//GzqeOjBx5s5OIueUYevzSLR3qskiQkE/6JT0YSkVKLfF5z4N8ptZ+7vqZteZTaAZld9zYnsBx7cKob
      azcli_aks_live_test@example.com\n"}]}}, "addonProfiles": {}, "enableRBAC": true,
      "networkProfile": {"networkPlugin": "kubenet", "podCidr": "10.244.0.0/16", "serviceCidr":
      "10.0.0.0/16", "dnsServiceIP": "10.0.0.10", "dockerBridgeCidr": "172.17.0.1/16",
      "outboundType": "loadBalancer", "loadBalancerSku": "standard"}, "disableLocalAccounts":
      false, "storageProfile": {}}}'
    headers:
      Accept:
      - application/json
      Accept-Encoding:
      - gzip, deflate
      CommandName:
      - aks create
      Connection:
      - keep-alive
      Content-Length:
      - '1583'
      Content-Type:
      - application/json
      ParameterSetName:
      - --resource-group --name --location --node-count --ssh-key-value --tags --nodepool-labels
        --nodepool-tags
      User-Agent:
      - AZURECLI/2.46.0 azsdk-python-azure-mgmt-containerservice/21.2.0 Python/3.8.10
        (Linux-5.15.0-1033-azure-x86_64-with-glibc2.29)
    method: PUT
    uri: https://management.azure.com/subscriptions/00000000-0000-0000-0000-000000000000/resourceGroups/clitest000001/providers/Microsoft.ContainerService/managedClusters/cliakstest000002?api-version=2023-03-01
  response:
    body:
      string: "{\n  \"id\": \"/subscriptions/00000000-0000-0000-0000-000000000000/resourcegroups/clitest000001/providers/Microsoft.ContainerService/managedClusters/cliakstest000002\",\n
        \ \"location\": \"westus2\",\n  \"name\": \"cliakstest000002\",\n  \"tags\":
        {\n   \"key1\": \"value1\"\n  },\n  \"type\": \"Microsoft.ContainerService/ManagedClusters\",\n
        \ \"properties\": {\n   \"provisioningState\": \"Creating\",\n   \"powerState\":
        {\n    \"code\": \"Running\"\n   },\n   \"kubernetesVersion\": \"1.24.9\",\n
        \  \"currentKubernetesVersion\": \"1.24.9\",\n   \"dnsPrefix\": \"cliakstest-clitestby5lceusw-79a739\",\n
        \  \"fqdn\": \"cliakstest-clitestby5lceusw-79a739-082tmgg3.hcp.westus2.azmk8s.io\",\n
        \  \"azurePortalFQDN\": \"cliakstest-clitestby5lceusw-79a739-082tmgg3.portal.hcp.westus2.azmk8s.io\",\n
        \  \"agentPoolProfiles\": [\n    {\n     \"name\": \"nodepool1\",\n     \"count\":
        1,\n     \"vmSize\": \"Standard_DS2_v2\",\n     \"osDiskSizeGB\": 128,\n     \"osDiskType\":
        \"Managed\",\n     \"kubeletDiskType\": \"OS\",\n     \"maxPods\": 110,\n
        \    \"type\": \"VirtualMachineScaleSets\",\n     \"enableAutoScaling\": false,\n
        \    \"provisioningState\": \"Creating\",\n     \"powerState\": {\n      \"code\":
        \"Running\"\n     },\n     \"orchestratorVersion\": \"1.24.9\",\n     \"currentOrchestratorVersion\":
        \"1.24.9\",\n     \"enableNodePublicIP\": false,\n     \"tags\": {\n      \"tag1\":
        \"tv1\",\n      \"tag2\": \"tv2\"\n     },\n     \"nodeLabels\": {\n      \"label1\":
        \"value1\",\n      \"label2\": \"value2\"\n     },\n     \"mode\": \"System\",\n
        \    \"enableEncryptionAtHost\": false,\n     \"enableUltraSSD\": false,\n
        \    \"osType\": \"Linux\",\n     \"osSKU\": \"Ubuntu\",\n     \"nodeImageVersion\":
        \"AKSUbuntu-1804gen2containerd-2023.02.15\",\n     \"upgradeSettings\": {},\n
        \    \"enableFIPS\": false\n    }\n   ],\n   \"linuxProfile\": {\n    \"adminUsername\":
        \"azureuser\",\n    \"ssh\": {\n     \"publicKeys\": [\n      {\n       \"keyData\":
        \"ssh-rsa AAAAB3NzaC1yc2EAAAADAQABAAABAQC+Tw5fQ1llhTaOQkrl1FxV1VswmtYGwgleHCPi7kNYtIZ2kdobxPHgVkhlxcSy2u6aAvjV7idMzxJ0nSl0MrLqF1GVtyO+SMx+iDXJomtEN6hscMcn8S6DJCm4XyPZyur50Qn6K4KGrmSQ4ZK0VXShfteE6THR2+DoYBsWbD86+XOLOrPr8H5DOQxEYYq0K2usPpntyItOJ2RtolEo9Y9nzxSsioEvb31B4vFX0LfssWX/yFJorU1OLMSxgIXOZ0xzEPOV//GzqeOjBx5s5OIueUYevzSLR3qskiQkE/6JT0YSkVKLfF5z4N8ptZ+7vqZteZTaAZld9zYnsBx7cKob
        azcli_aks_live_test@example.com\\n\"\n      }\n     ]\n    }\n   },\n   \"servicePrincipalProfile\":
        {\n    \"clientId\":\"00000000-0000-0000-0000-000000000001\"\n   },\n   \"nodeResourceGroup\":
        \"MC_clitest000001_cliakstest000002_westus2\",\n   \"enableRBAC\": true,\n
        \  \"networkProfile\": {\n    \"networkPlugin\": \"kubenet\",\n    \"loadBalancerSku\":
        \"standard\",\n    \"loadBalancerProfile\": {\n     \"managedOutboundIPs\":
        {\n      \"count\": 1\n     }\n    },\n    \"podCidr\": \"10.244.0.0/16\",\n
        \   \"serviceCidr\": \"10.0.0.0/16\",\n    \"dnsServiceIP\": \"10.0.0.10\",\n
        \   \"dockerBridgeCidr\": \"172.17.0.1/16\",\n    \"outboundType\": \"loadBalancer\",\n
        \   \"podCidrs\": [\n     \"10.244.0.0/16\"\n    ],\n    \"serviceCidrs\":
        [\n     \"10.0.0.0/16\"\n    ],\n    \"ipFamilies\": [\n     \"IPv4\"\n    ]\n
        \  },\n   \"maxAgentPools\": 100,\n   \"disableLocalAccounts\": false,\n   \"securityProfile\":
        {},\n   \"storageProfile\": {\n    \"diskCSIDriver\": {\n     \"enabled\":
        true\n    },\n    \"fileCSIDriver\": {\n     \"enabled\": true\n    },\n    \"snapshotController\":
        {\n     \"enabled\": true\n    }\n   },\n   \"oidcIssuerProfile\": {\n    \"enabled\":
        false\n   },\n   \"workloadAutoScalerProfile\": {}\n  },\n  \"identity\":
        {\n   \"type\": \"SystemAssigned\",\n   \"principalId\":\"00000000-0000-0000-0000-000000000001\",\n
        \  \"tenantId\": \"72f988bf-86f1-41af-91ab-2d7cd011db47\"\n  },\n  \"sku\":
        {\n   \"name\": \"Basic\",\n   \"tier\": \"Free\"\n  }\n }"
    headers:
      azure-asyncoperation:
      - https://management.azure.com/subscriptions/00000000-0000-0000-0000-000000000000/providers/Microsoft.ContainerService/locations/westus2/operations/4ed54f47-2e38-458e-891e-1ecd5ffcc0aa?api-version=2016-03-30
      cache-control:
      - no-cache
      content-length:
      - '3449'
      content-type:
      - application/json
      date:
      - Wed, 15 Mar 2023 10:01:07 GMT
      expires:
      - '-1'
      pragma:
      - no-cache
      server:
      - nginx
      strict-transport-security:
      - max-age=31536000; includeSubDomains
      x-content-type-options:
      - nosniff
      x-ms-ratelimit-remaining-subscription-writes:
      - '1199'
    status:
      code: 201
      message: Created
- request:
    body: null
    headers:
      Accept:
      - '*/*'
      Accept-Encoding:
      - gzip, deflate
      CommandName:
      - aks create
      Connection:
      - keep-alive
      ParameterSetName:
      - --resource-group --name --location --node-count --ssh-key-value --tags --nodepool-labels
        --nodepool-tags
      User-Agent:
      - AZURECLI/2.46.0 azsdk-python-azure-mgmt-containerservice/21.2.0 Python/3.8.10
        (Linux-5.15.0-1033-azure-x86_64-with-glibc2.29)
    method: GET
    uri: https://management.azure.com/subscriptions/00000000-0000-0000-0000-000000000000/providers/Microsoft.ContainerService/locations/westus2/operations/4ed54f47-2e38-458e-891e-1ecd5ffcc0aa?api-version=2016-03-30
  response:
    body:
      string: "{\n  \"name\": \"474fd54e-382e-8e45-891e-1ecd5ffcc0aa\",\n  \"status\":
        \"InProgress\",\n  \"startTime\": \"2023-03-15T10:01:08.0856254Z\"\n }"
    headers:
      cache-control:
      - no-cache
      content-length:
      - '126'
      content-type:
      - application/json
      date:
      - Wed, 15 Mar 2023 10:01:37 GMT
      expires:
      - '-1'
      pragma:
      - no-cache
      server:
      - nginx
      strict-transport-security:
      - max-age=31536000; includeSubDomains
      transfer-encoding:
      - chunked
      vary:
      - Accept-Encoding
      x-content-type-options:
      - nosniff
    status:
      code: 200
      message: OK
- request:
    body: null
    headers:
      Accept:
      - '*/*'
      Accept-Encoding:
      - gzip, deflate
      CommandName:
      - aks create
      Connection:
      - keep-alive
      ParameterSetName:
      - --resource-group --name --location --node-count --ssh-key-value --tags --nodepool-labels
        --nodepool-tags
      User-Agent:
      - AZURECLI/2.46.0 azsdk-python-azure-mgmt-containerservice/21.2.0 Python/3.8.10
        (Linux-5.15.0-1033-azure-x86_64-with-glibc2.29)
    method: GET
    uri: https://management.azure.com/subscriptions/00000000-0000-0000-0000-000000000000/providers/Microsoft.ContainerService/locations/westus2/operations/4ed54f47-2e38-458e-891e-1ecd5ffcc0aa?api-version=2016-03-30
  response:
    body:
      string: "{\n  \"name\": \"474fd54e-382e-8e45-891e-1ecd5ffcc0aa\",\n  \"status\":
        \"InProgress\",\n  \"startTime\": \"2023-03-15T10:01:08.0856254Z\"\n }"
    headers:
      cache-control:
      - no-cache
      content-length:
      - '126'
      content-type:
      - application/json
      date:
      - Wed, 15 Mar 2023 10:02:07 GMT
      expires:
      - '-1'
      pragma:
      - no-cache
      server:
      - nginx
      strict-transport-security:
      - max-age=31536000; includeSubDomains
      transfer-encoding:
      - chunked
      vary:
      - Accept-Encoding
      x-content-type-options:
      - nosniff
    status:
      code: 200
      message: OK
- request:
    body: null
    headers:
      Accept:
      - '*/*'
      Accept-Encoding:
      - gzip, deflate
      CommandName:
      - aks create
      Connection:
      - keep-alive
      ParameterSetName:
      - --resource-group --name --location --node-count --ssh-key-value --tags --nodepool-labels
        --nodepool-tags
      User-Agent:
      - AZURECLI/2.46.0 azsdk-python-azure-mgmt-containerservice/21.2.0 Python/3.8.10
        (Linux-5.15.0-1033-azure-x86_64-with-glibc2.29)
    method: GET
    uri: https://management.azure.com/subscriptions/00000000-0000-0000-0000-000000000000/providers/Microsoft.ContainerService/locations/westus2/operations/4ed54f47-2e38-458e-891e-1ecd5ffcc0aa?api-version=2016-03-30
  response:
    body:
      string: "{\n  \"name\": \"474fd54e-382e-8e45-891e-1ecd5ffcc0aa\",\n  \"status\":
        \"InProgress\",\n  \"startTime\": \"2023-03-15T10:01:08.0856254Z\"\n }"
    headers:
      cache-control:
      - no-cache
      content-length:
      - '126'
      content-type:
      - application/json
      date:
      - Wed, 15 Mar 2023 10:02:38 GMT
      expires:
      - '-1'
      pragma:
      - no-cache
      server:
      - nginx
      strict-transport-security:
      - max-age=31536000; includeSubDomains
      transfer-encoding:
      - chunked
      vary:
      - Accept-Encoding
      x-content-type-options:
      - nosniff
    status:
      code: 200
      message: OK
- request:
    body: null
    headers:
      Accept:
      - '*/*'
      Accept-Encoding:
      - gzip, deflate
      CommandName:
      - aks create
      Connection:
      - keep-alive
      ParameterSetName:
      - --resource-group --name --location --node-count --ssh-key-value --tags --nodepool-labels
        --nodepool-tags
      User-Agent:
      - AZURECLI/2.46.0 azsdk-python-azure-mgmt-containerservice/21.2.0 Python/3.8.10
        (Linux-5.15.0-1033-azure-x86_64-with-glibc2.29)
    method: GET
    uri: https://management.azure.com/subscriptions/00000000-0000-0000-0000-000000000000/providers/Microsoft.ContainerService/locations/westus2/operations/4ed54f47-2e38-458e-891e-1ecd5ffcc0aa?api-version=2016-03-30
  response:
    body:
      string: "{\n  \"name\": \"474fd54e-382e-8e45-891e-1ecd5ffcc0aa\",\n  \"status\":
        \"InProgress\",\n  \"startTime\": \"2023-03-15T10:01:08.0856254Z\"\n }"
    headers:
      cache-control:
      - no-cache
      content-length:
      - '126'
      content-type:
      - application/json
      date:
      - Wed, 15 Mar 2023 10:03:08 GMT
      expires:
      - '-1'
      pragma:
      - no-cache
      server:
      - nginx
      strict-transport-security:
      - max-age=31536000; includeSubDomains
      transfer-encoding:
      - chunked
      vary:
      - Accept-Encoding
      x-content-type-options:
      - nosniff
    status:
      code: 200
      message: OK
- request:
    body: null
    headers:
      Accept:
      - '*/*'
      Accept-Encoding:
      - gzip, deflate
      CommandName:
      - aks create
      Connection:
      - keep-alive
      ParameterSetName:
      - --resource-group --name --location --node-count --ssh-key-value --tags --nodepool-labels
        --nodepool-tags
      User-Agent:
      - AZURECLI/2.46.0 azsdk-python-azure-mgmt-containerservice/21.2.0 Python/3.8.10
        (Linux-5.15.0-1033-azure-x86_64-with-glibc2.29)
    method: GET
    uri: https://management.azure.com/subscriptions/00000000-0000-0000-0000-000000000000/providers/Microsoft.ContainerService/locations/westus2/operations/4ed54f47-2e38-458e-891e-1ecd5ffcc0aa?api-version=2016-03-30
  response:
    body:
      string: "{\n  \"name\": \"474fd54e-382e-8e45-891e-1ecd5ffcc0aa\",\n  \"status\":
        \"InProgress\",\n  \"startTime\": \"2023-03-15T10:01:08.0856254Z\"\n }"
    headers:
      cache-control:
      - no-cache
      content-length:
      - '126'
      content-type:
      - application/json
      date:
      - Wed, 15 Mar 2023 10:03:38 GMT
      expires:
      - '-1'
      pragma:
      - no-cache
      server:
      - nginx
      strict-transport-security:
      - max-age=31536000; includeSubDomains
      transfer-encoding:
      - chunked
      vary:
      - Accept-Encoding
      x-content-type-options:
      - nosniff
    status:
      code: 200
      message: OK
- request:
    body: null
    headers:
      Accept:
      - '*/*'
      Accept-Encoding:
      - gzip, deflate
      CommandName:
      - aks create
      Connection:
      - keep-alive
      ParameterSetName:
      - --resource-group --name --location --node-count --ssh-key-value --tags --nodepool-labels
        --nodepool-tags
      User-Agent:
      - AZURECLI/2.46.0 azsdk-python-azure-mgmt-containerservice/21.2.0 Python/3.8.10
        (Linux-5.15.0-1033-azure-x86_64-with-glibc2.29)
    method: GET
    uri: https://management.azure.com/subscriptions/00000000-0000-0000-0000-000000000000/providers/Microsoft.ContainerService/locations/westus2/operations/4ed54f47-2e38-458e-891e-1ecd5ffcc0aa?api-version=2016-03-30
  response:
    body:
      string: "{\n  \"name\": \"474fd54e-382e-8e45-891e-1ecd5ffcc0aa\",\n  \"status\":
        \"InProgress\",\n  \"startTime\": \"2023-03-15T10:01:08.0856254Z\"\n }"
    headers:
      cache-control:
      - no-cache
      content-length:
      - '126'
      content-type:
      - application/json
      date:
      - Wed, 15 Mar 2023 10:04:08 GMT
      expires:
      - '-1'
      pragma:
      - no-cache
      server:
      - nginx
      strict-transport-security:
      - max-age=31536000; includeSubDomains
      transfer-encoding:
      - chunked
      vary:
      - Accept-Encoding
      x-content-type-options:
      - nosniff
    status:
      code: 200
      message: OK
- request:
    body: null
    headers:
      Accept:
      - '*/*'
      Accept-Encoding:
      - gzip, deflate
      CommandName:
      - aks create
      Connection:
      - keep-alive
      ParameterSetName:
      - --resource-group --name --location --node-count --ssh-key-value --tags --nodepool-labels
        --nodepool-tags
      User-Agent:
      - AZURECLI/2.46.0 azsdk-python-azure-mgmt-containerservice/21.2.0 Python/3.8.10
        (Linux-5.15.0-1033-azure-x86_64-with-glibc2.29)
    method: GET
    uri: https://management.azure.com/subscriptions/00000000-0000-0000-0000-000000000000/providers/Microsoft.ContainerService/locations/westus2/operations/4ed54f47-2e38-458e-891e-1ecd5ffcc0aa?api-version=2016-03-30
  response:
    body:
      string: "{\n  \"name\": \"474fd54e-382e-8e45-891e-1ecd5ffcc0aa\",\n  \"status\":
        \"Succeeded\",\n  \"startTime\": \"2023-03-15T10:01:08.0856254Z\",\n  \"endTime\":
        \"2023-03-15T10:04:36.3764528Z\"\n }"
    headers:
      cache-control:
      - no-cache
      content-length:
      - '170'
      content-type:
      - application/json
      date:
      - Wed, 15 Mar 2023 10:04:38 GMT
      expires:
      - '-1'
      pragma:
      - no-cache
      server:
      - nginx
      strict-transport-security:
      - max-age=31536000; includeSubDomains
      transfer-encoding:
      - chunked
      vary:
      - Accept-Encoding
      x-content-type-options:
      - nosniff
    status:
      code: 200
      message: OK
- request:
    body: null
    headers:
      Accept:
      - '*/*'
      Accept-Encoding:
      - gzip, deflate
      CommandName:
      - aks create
      Connection:
      - keep-alive
      ParameterSetName:
      - --resource-group --name --location --node-count --ssh-key-value --tags --nodepool-labels
        --nodepool-tags
      User-Agent:
      - AZURECLI/2.46.0 azsdk-python-azure-mgmt-containerservice/21.2.0 Python/3.8.10
        (Linux-5.15.0-1033-azure-x86_64-with-glibc2.29)
    method: GET
    uri: https://management.azure.com/subscriptions/00000000-0000-0000-0000-000000000000/resourceGroups/clitest000001/providers/Microsoft.ContainerService/managedClusters/cliakstest000002?api-version=2023-03-01
  response:
    body:
      string: "{\n  \"id\": \"/subscriptions/00000000-0000-0000-0000-000000000000/resourcegroups/clitest000001/providers/Microsoft.ContainerService/managedClusters/cliakstest000002\",\n
        \ \"location\": \"westus2\",\n  \"name\": \"cliakstest000002\",\n  \"tags\":
        {\n   \"key1\": \"value1\"\n  },\n  \"type\": \"Microsoft.ContainerService/ManagedClusters\",\n
        \ \"properties\": {\n   \"provisioningState\": \"Succeeded\",\n   \"powerState\":
        {\n    \"code\": \"Running\"\n   },\n   \"kubernetesVersion\": \"1.24.9\",\n
        \  \"currentKubernetesVersion\": \"1.24.9\",\n   \"dnsPrefix\": \"cliakstest-clitestby5lceusw-79a739\",\n
        \  \"fqdn\": \"cliakstest-clitestby5lceusw-79a739-082tmgg3.hcp.westus2.azmk8s.io\",\n
        \  \"azurePortalFQDN\": \"cliakstest-clitestby5lceusw-79a739-082tmgg3.portal.hcp.westus2.azmk8s.io\",\n
        \  \"agentPoolProfiles\": [\n    {\n     \"name\": \"nodepool1\",\n     \"count\":
        1,\n     \"vmSize\": \"Standard_DS2_v2\",\n     \"osDiskSizeGB\": 128,\n     \"osDiskType\":
        \"Managed\",\n     \"kubeletDiskType\": \"OS\",\n     \"maxPods\": 110,\n
        \    \"type\": \"VirtualMachineScaleSets\",\n     \"enableAutoScaling\": false,\n
        \    \"provisioningState\": \"Succeeded\",\n     \"powerState\": {\n      \"code\":
        \"Running\"\n     },\n     \"orchestratorVersion\": \"1.24.9\",\n     \"currentOrchestratorVersion\":
        \"1.24.9\",\n     \"enableNodePublicIP\": false,\n     \"tags\": {\n      \"tag1\":
        \"tv1\",\n      \"tag2\": \"tv2\"\n     },\n     \"nodeLabels\": {\n      \"label1\":
        \"value1\",\n      \"label2\": \"value2\"\n     },\n     \"mode\": \"System\",\n
        \    \"enableEncryptionAtHost\": false,\n     \"enableUltraSSD\": false,\n
        \    \"osType\": \"Linux\",\n     \"osSKU\": \"Ubuntu\",\n     \"nodeImageVersion\":
        \"AKSUbuntu-1804gen2containerd-2023.02.15\",\n     \"upgradeSettings\": {},\n
        \    \"enableFIPS\": false\n    }\n   ],\n   \"linuxProfile\": {\n    \"adminUsername\":
        \"azureuser\",\n    \"ssh\": {\n     \"publicKeys\": [\n      {\n       \"keyData\":
        \"ssh-rsa AAAAB3NzaC1yc2EAAAADAQABAAABAQC+Tw5fQ1llhTaOQkrl1FxV1VswmtYGwgleHCPi7kNYtIZ2kdobxPHgVkhlxcSy2u6aAvjV7idMzxJ0nSl0MrLqF1GVtyO+SMx+iDXJomtEN6hscMcn8S6DJCm4XyPZyur50Qn6K4KGrmSQ4ZK0VXShfteE6THR2+DoYBsWbD86+XOLOrPr8H5DOQxEYYq0K2usPpntyItOJ2RtolEo9Y9nzxSsioEvb31B4vFX0LfssWX/yFJorU1OLMSxgIXOZ0xzEPOV//GzqeOjBx5s5OIueUYevzSLR3qskiQkE/6JT0YSkVKLfF5z4N8ptZ+7vqZteZTaAZld9zYnsBx7cKob
        azcli_aks_live_test@example.com\\n\"\n      }\n     ]\n    }\n   },\n   \"servicePrincipalProfile\":
        {\n    \"clientId\":\"00000000-0000-0000-0000-000000000001\"\n   },\n   \"nodeResourceGroup\":
        \"MC_clitest000001_cliakstest000002_westus2\",\n   \"enableRBAC\": true,\n
        \  \"networkProfile\": {\n    \"networkPlugin\": \"kubenet\",\n    \"loadBalancerSku\":
        \"Standard\",\n    \"loadBalancerProfile\": {\n     \"managedOutboundIPs\":
        {\n      \"count\": 1\n     },\n     \"effectiveOutboundIPs\": [\n      {\n
        \      \"id\": \"/subscriptions/00000000-0000-0000-0000-000000000000/resourceGroups/MC_clitest000001_cliakstest000002_westus2/providers/Microsoft.Network/publicIPAddresses/d95940c8-33a9-4be1-8357-b76bfe43cf66\"\n
        \     }\n     ]\n    },\n    \"podCidr\": \"10.244.0.0/16\",\n    \"serviceCidr\":
        \"10.0.0.0/16\",\n    \"dnsServiceIP\": \"10.0.0.10\",\n    \"dockerBridgeCidr\":
        \"172.17.0.1/16\",\n    \"outboundType\": \"loadBalancer\",\n    \"podCidrs\":
        [\n     \"10.244.0.0/16\"\n    ],\n    \"serviceCidrs\": [\n     \"10.0.0.0/16\"\n
        \   ],\n    \"ipFamilies\": [\n     \"IPv4\"\n    ]\n   },\n   \"maxAgentPools\":
        100,\n   \"identityProfile\": {\n    \"kubeletidentity\": {\n     \"resourceId\":
        \"/subscriptions/00000000-0000-0000-0000-000000000000/resourcegroups/MC_clitest000001_cliakstest000002_westus2/providers/Microsoft.ManagedIdentity/userAssignedIdentities/cliakstest000002-agentpool\",\n
        \    \"clientId\":\"00000000-0000-0000-0000-000000000001\",\n     \"objectId\":\"00000000-0000-0000-0000-000000000001\"\n
        \   }\n   },\n   \"disableLocalAccounts\": false,\n   \"securityProfile\":
        {},\n   \"storageProfile\": {\n    \"diskCSIDriver\": {\n     \"enabled\":
        true\n    },\n    \"fileCSIDriver\": {\n     \"enabled\": true\n    },\n    \"snapshotController\":
        {\n     \"enabled\": true\n    }\n   },\n   \"oidcIssuerProfile\": {\n    \"enabled\":
        false\n   },\n   \"workloadAutoScalerProfile\": {}\n  },\n  \"identity\":
        {\n   \"type\": \"SystemAssigned\",\n   \"principalId\":\"00000000-0000-0000-0000-000000000001\",\n
        \  \"tenantId\": \"72f988bf-86f1-41af-91ab-2d7cd011db47\"\n  },\n  \"sku\":
        {\n   \"name\": \"Basic\",\n   \"tier\": \"Free\"\n  }\n }"
    headers:
      cache-control:
      - no-cache
      content-length:
      - '4102'
      content-type:
      - application/json
      date:
      - Wed, 15 Mar 2023 10:04:38 GMT
      expires:
      - '-1'
      pragma:
      - no-cache
      server:
      - nginx
      strict-transport-security:
      - max-age=31536000; includeSubDomains
      transfer-encoding:
      - chunked
      vary:
      - Accept-Encoding
      x-content-type-options:
      - nosniff
    status:
      code: 200
      message: OK
- request:
    body: null
    headers:
      Accept:
      - application/json
      Accept-Encoding:
      - gzip, deflate
      CommandName:
      - aks show
      Connection:
      - keep-alive
      ParameterSetName:
      - -g -n
      User-Agent:
      - AZURECLI/2.46.0 azsdk-python-azure-mgmt-containerservice/21.2.0 Python/3.8.10
        (Linux-5.15.0-1033-azure-x86_64-with-glibc2.29)
    method: GET
    uri: https://management.azure.com/subscriptions/00000000-0000-0000-0000-000000000000/resourceGroups/clitest000001/providers/Microsoft.ContainerService/managedClusters/cliakstest000002?api-version=2023-03-01
  response:
    body:
      string: "{\n  \"id\": \"/subscriptions/00000000-0000-0000-0000-000000000000/resourcegroups/clitest000001/providers/Microsoft.ContainerService/managedClusters/cliakstest000002\",\n
        \ \"location\": \"westus2\",\n  \"name\": \"cliakstest000002\",\n  \"tags\":
        {\n   \"key1\": \"value1\"\n  },\n  \"type\": \"Microsoft.ContainerService/ManagedClusters\",\n
        \ \"properties\": {\n   \"provisioningState\": \"Succeeded\",\n   \"powerState\":
        {\n    \"code\": \"Running\"\n   },\n   \"kubernetesVersion\": \"1.24.9\",\n
        \  \"currentKubernetesVersion\": \"1.24.9\",\n   \"dnsPrefix\": \"cliakstest-clitestby5lceusw-79a739\",\n
        \  \"fqdn\": \"cliakstest-clitestby5lceusw-79a739-082tmgg3.hcp.westus2.azmk8s.io\",\n
        \  \"azurePortalFQDN\": \"cliakstest-clitestby5lceusw-79a739-082tmgg3.portal.hcp.westus2.azmk8s.io\",\n
        \  \"agentPoolProfiles\": [\n    {\n     \"name\": \"nodepool1\",\n     \"count\":
        1,\n     \"vmSize\": \"Standard_DS2_v2\",\n     \"osDiskSizeGB\": 128,\n     \"osDiskType\":
        \"Managed\",\n     \"kubeletDiskType\": \"OS\",\n     \"maxPods\": 110,\n
        \    \"type\": \"VirtualMachineScaleSets\",\n     \"enableAutoScaling\": false,\n
        \    \"provisioningState\": \"Succeeded\",\n     \"powerState\": {\n      \"code\":
        \"Running\"\n     },\n     \"orchestratorVersion\": \"1.24.9\",\n     \"currentOrchestratorVersion\":
        \"1.24.9\",\n     \"enableNodePublicIP\": false,\n     \"tags\": {\n      \"tag1\":
        \"tv1\",\n      \"tag2\": \"tv2\"\n     },\n     \"nodeLabels\": {\n      \"label1\":
        \"value1\",\n      \"label2\": \"value2\"\n     },\n     \"mode\": \"System\",\n
        \    \"enableEncryptionAtHost\": false,\n     \"enableUltraSSD\": false,\n
        \    \"osType\": \"Linux\",\n     \"osSKU\": \"Ubuntu\",\n     \"nodeImageVersion\":
        \"AKSUbuntu-1804gen2containerd-2023.02.15\",\n     \"upgradeSettings\": {},\n
        \    \"enableFIPS\": false\n    }\n   ],\n   \"linuxProfile\": {\n    \"adminUsername\":
        \"azureuser\",\n    \"ssh\": {\n     \"publicKeys\": [\n      {\n       \"keyData\":
        \"ssh-rsa AAAAB3NzaC1yc2EAAAADAQABAAABAQC+Tw5fQ1llhTaOQkrl1FxV1VswmtYGwgleHCPi7kNYtIZ2kdobxPHgVkhlxcSy2u6aAvjV7idMzxJ0nSl0MrLqF1GVtyO+SMx+iDXJomtEN6hscMcn8S6DJCm4XyPZyur50Qn6K4KGrmSQ4ZK0VXShfteE6THR2+DoYBsWbD86+XOLOrPr8H5DOQxEYYq0K2usPpntyItOJ2RtolEo9Y9nzxSsioEvb31B4vFX0LfssWX/yFJorU1OLMSxgIXOZ0xzEPOV//GzqeOjBx5s5OIueUYevzSLR3qskiQkE/6JT0YSkVKLfF5z4N8ptZ+7vqZteZTaAZld9zYnsBx7cKob
        azcli_aks_live_test@example.com\\n\"\n      }\n     ]\n    }\n   },\n   \"servicePrincipalProfile\":
        {\n    \"clientId\":\"00000000-0000-0000-0000-000000000001\"\n   },\n   \"nodeResourceGroup\":
        \"MC_clitest000001_cliakstest000002_westus2\",\n   \"enableRBAC\": true,\n
        \  \"networkProfile\": {\n    \"networkPlugin\": \"kubenet\",\n    \"loadBalancerSku\":
        \"Standard\",\n    \"loadBalancerProfile\": {\n     \"managedOutboundIPs\":
        {\n      \"count\": 1\n     },\n     \"effectiveOutboundIPs\": [\n      {\n
        \      \"id\": \"/subscriptions/00000000-0000-0000-0000-000000000000/resourceGroups/MC_clitest000001_cliakstest000002_westus2/providers/Microsoft.Network/publicIPAddresses/d95940c8-33a9-4be1-8357-b76bfe43cf66\"\n
        \     }\n     ]\n    },\n    \"podCidr\": \"10.244.0.0/16\",\n    \"serviceCidr\":
        \"10.0.0.0/16\",\n    \"dnsServiceIP\": \"10.0.0.10\",\n    \"dockerBridgeCidr\":
        \"172.17.0.1/16\",\n    \"outboundType\": \"loadBalancer\",\n    \"podCidrs\":
        [\n     \"10.244.0.0/16\"\n    ],\n    \"serviceCidrs\": [\n     \"10.0.0.0/16\"\n
        \   ],\n    \"ipFamilies\": [\n     \"IPv4\"\n    ]\n   },\n   \"maxAgentPools\":
        100,\n   \"identityProfile\": {\n    \"kubeletidentity\": {\n     \"resourceId\":
        \"/subscriptions/00000000-0000-0000-0000-000000000000/resourcegroups/MC_clitest000001_cliakstest000002_westus2/providers/Microsoft.ManagedIdentity/userAssignedIdentities/cliakstest000002-agentpool\",\n
        \    \"clientId\":\"00000000-0000-0000-0000-000000000001\",\n     \"objectId\":\"00000000-0000-0000-0000-000000000001\"\n
        \   }\n   },\n   \"disableLocalAccounts\": false,\n   \"securityProfile\":
        {},\n   \"storageProfile\": {\n    \"diskCSIDriver\": {\n     \"enabled\":
        true\n    },\n    \"fileCSIDriver\": {\n     \"enabled\": true\n    },\n    \"snapshotController\":
        {\n     \"enabled\": true\n    }\n   },\n   \"oidcIssuerProfile\": {\n    \"enabled\":
        false\n   },\n   \"workloadAutoScalerProfile\": {}\n  },\n  \"identity\":
        {\n   \"type\": \"SystemAssigned\",\n   \"principalId\":\"00000000-0000-0000-0000-000000000001\",\n
        \  \"tenantId\": \"72f988bf-86f1-41af-91ab-2d7cd011db47\"\n  },\n  \"sku\":
        {\n   \"name\": \"Basic\",\n   \"tier\": \"Free\"\n  }\n }"
    headers:
      cache-control:
      - no-cache
      content-length:
      - '4102'
      content-type:
      - application/json
      date:
      - Wed, 15 Mar 2023 10:04:39 GMT
      expires:
      - '-1'
      pragma:
      - no-cache
      server:
      - nginx
      strict-transport-security:
      - max-age=31536000; includeSubDomains
      transfer-encoding:
      - chunked
      vary:
      - Accept-Encoding
      x-content-type-options:
      - nosniff
    status:
      code: 200
      message: OK
- request:
    body: null
    headers:
      Accept:
      - application/json
      Accept-Encoding:
      - gzip, deflate
      CommandName:
      - aks list
      Connection:
      - keep-alive
      ParameterSetName:
      - -g
      User-Agent:
      - AZURECLI/2.46.0 azsdk-python-azure-mgmt-containerservice/21.2.0 Python/3.8.10
        (Linux-5.15.0-1033-azure-x86_64-with-glibc2.29)
    method: GET
    uri: https://management.azure.com/subscriptions/00000000-0000-0000-0000-000000000000/resourceGroups/clitest000001/providers/Microsoft.ContainerService/managedClusters?api-version=2023-03-01
  response:
    body:
      string: "{\n  \"value\": [\n   {\n    \"id\": \"/subscriptions/00000000-0000-0000-0000-000000000000/resourcegroups/clitest000001/providers/Microsoft.ContainerService/managedClusters/cliakstest000002\",\n
        \   \"location\": \"westus2\",\n    \"name\": \"cliakstest000002\",\n    \"tags\":
        {\n     \"key1\": \"value1\"\n    },\n    \"type\": \"Microsoft.ContainerService/ManagedClusters\",\n
        \   \"properties\": {\n     \"provisioningState\": \"Succeeded\",\n     \"powerState\":
        {\n      \"code\": \"Running\"\n     },\n     \"kubernetesVersion\": \"1.24.9\",\n
        \    \"currentKubernetesVersion\": \"1.24.9\",\n     \"dnsPrefix\": \"cliakstest-clitestby5lceusw-79a739\",\n
        \    \"fqdn\": \"cliakstest-clitestby5lceusw-79a739-082tmgg3.hcp.westus2.azmk8s.io\",\n
        \    \"azurePortalFQDN\": \"cliakstest-clitestby5lceusw-79a739-082tmgg3.portal.hcp.westus2.azmk8s.io\",\n
        \    \"agentPoolProfiles\": [\n      {\n       \"name\": \"nodepool1\",\n
        \      \"count\": 1,\n       \"vmSize\": \"Standard_DS2_v2\",\n       \"osDiskSizeGB\":
        128,\n       \"osDiskType\": \"Managed\",\n       \"kubeletDiskType\": \"OS\",\n
        \      \"maxPods\": 110,\n       \"type\": \"VirtualMachineScaleSets\",\n
        \      \"enableAutoScaling\": false,\n       \"provisioningState\": \"Succeeded\",\n
        \      \"powerState\": {\n        \"code\": \"Running\"\n       },\n       \"orchestratorVersion\":
        \"1.24.9\",\n       \"currentOrchestratorVersion\": \"1.24.9\",\n       \"enableNodePublicIP\":
        false,\n       \"tags\": {\n        \"tag1\": \"tv1\",\n        \"tag2\":
        \"tv2\"\n       },\n       \"nodeLabels\": {\n        \"label1\": \"value1\",\n
        \       \"label2\": \"value2\"\n       },\n       \"mode\": \"System\",\n
        \      \"enableEncryptionAtHost\": false,\n       \"enableUltraSSD\": false,\n
        \      \"osType\": \"Linux\",\n       \"osSKU\": \"Ubuntu\",\n       \"nodeImageVersion\":
        \"AKSUbuntu-1804gen2containerd-2023.02.15\",\n       \"upgradeSettings\":
        {},\n       \"enableFIPS\": false\n      }\n     ],\n     \"linuxProfile\":
        {\n      \"adminUsername\": \"azureuser\",\n      \"ssh\": {\n       \"publicKeys\":
        [\n        {\n         \"keyData\": \"ssh-rsa AAAAB3NzaC1yc2EAAAADAQABAAABAQC+Tw5fQ1llhTaOQkrl1FxV1VswmtYGwgleHCPi7kNYtIZ2kdobxPHgVkhlxcSy2u6aAvjV7idMzxJ0nSl0MrLqF1GVtyO+SMx+iDXJomtEN6hscMcn8S6DJCm4XyPZyur50Qn6K4KGrmSQ4ZK0VXShfteE6THR2+DoYBsWbD86+XOLOrPr8H5DOQxEYYq0K2usPpntyItOJ2RtolEo9Y9nzxSsioEvb31B4vFX0LfssWX/yFJorU1OLMSxgIXOZ0xzEPOV//GzqeOjBx5s5OIueUYevzSLR3qskiQkE/6JT0YSkVKLfF5z4N8ptZ+7vqZteZTaAZld9zYnsBx7cKob
        azcli_aks_live_test@example.com\\n\"\n        }\n       ]\n      }\n     },\n
        \    \"servicePrincipalProfile\": {\n      \"clientId\":\"00000000-0000-0000-0000-000000000001\"\n
        \    },\n     \"nodeResourceGroup\": \"MC_clitest000001_cliakstest000002_westus2\",\n
        \    \"enableRBAC\": true,\n     \"networkProfile\": {\n      \"networkPlugin\":
        \"kubenet\",\n      \"loadBalancerSku\": \"Standard\",\n      \"loadBalancerProfile\":
        {\n       \"managedOutboundIPs\": {\n        \"count\": 1\n       },\n       \"effectiveOutboundIPs\":
        [\n        {\n         \"id\": \"/subscriptions/00000000-0000-0000-0000-000000000000/resourceGroups/MC_clitest000001_cliakstest000002_westus2/providers/Microsoft.Network/publicIPAddresses/d95940c8-33a9-4be1-8357-b76bfe43cf66\"\n
        \       }\n       ]\n      },\n      \"podCidr\": \"10.244.0.0/16\",\n      \"serviceCidr\":
        \"10.0.0.0/16\",\n      \"dnsServiceIP\": \"10.0.0.10\",\n      \"dockerBridgeCidr\":
        \"172.17.0.1/16\",\n      \"outboundType\": \"loadBalancer\",\n      \"podCidrs\":
        [\n       \"10.244.0.0/16\"\n      ],\n      \"serviceCidrs\": [\n       \"10.0.0.0/16\"\n
        \     ],\n      \"ipFamilies\": [\n       \"IPv4\"\n      ]\n     },\n     \"maxAgentPools\":
        100,\n     \"identityProfile\": {\n      \"kubeletidentity\": {\n       \"resourceId\":
        \"/subscriptions/00000000-0000-0000-0000-000000000000/resourcegroups/MC_clitest000001_cliakstest000002_westus2/providers/Microsoft.ManagedIdentity/userAssignedIdentities/cliakstest000002-agentpool\",\n
        \      \"clientId\":\"00000000-0000-0000-0000-000000000001\",\n       \"objectId\":\"00000000-0000-0000-0000-000000000001\"\n
        \     }\n     },\n     \"disableLocalAccounts\": false,\n     \"securityProfile\":
        {},\n     \"storageProfile\": {\n      \"diskCSIDriver\": {\n       \"enabled\":
        true\n      },\n      \"fileCSIDriver\": {\n       \"enabled\": true\n      },\n
        \     \"snapshotController\": {\n       \"enabled\": true\n      }\n     },\n
        \    \"oidcIssuerProfile\": {\n      \"enabled\": false\n     },\n     \"workloadAutoScalerProfile\":
        {}\n    },\n    \"identity\": {\n     \"type\": \"SystemAssigned\",\n     \"principalId\":\"00000000-0000-0000-0000-000000000001\",\n
        \    \"tenantId\": \"72f988bf-86f1-41af-91ab-2d7cd011db47\"\n    },\n    \"sku\":
        {\n     \"name\": \"Basic\",\n     \"tier\": \"Free\"\n    }\n   }\n  ]\n
        }"
    headers:
      cache-control:
      - no-cache
      content-length:
      - '4391'
      content-type:
      - application/json
      date:
      - Wed, 15 Mar 2023 10:04:40 GMT
      expires:
      - '-1'
      pragma:
      - no-cache
      server:
      - nginx
      strict-transport-security:
      - max-age=31536000; includeSubDomains
      transfer-encoding:
      - chunked
      vary:
      - Accept-Encoding
      x-content-type-options:
      - nosniff
    status:
      code: 200
      message: OK
- request:
    body: null
    headers:
      Accept:
      - application/json
      Accept-Encoding:
      - gzip, deflate
      CommandName:
      - aks list
      Connection:
      - keep-alive
      ParameterSetName:
      - -g -o
      User-Agent:
      - AZURECLI/2.46.0 azsdk-python-azure-mgmt-containerservice/21.2.0 Python/3.8.10
        (Linux-5.15.0-1033-azure-x86_64-with-glibc2.29)
    method: GET
    uri: https://management.azure.com/subscriptions/00000000-0000-0000-0000-000000000000/resourceGroups/clitest000001/providers/Microsoft.ContainerService/managedClusters?api-version=2023-03-01
  response:
    body:
      string: "{\n  \"value\": [\n   {\n    \"id\": \"/subscriptions/00000000-0000-0000-0000-000000000000/resourcegroups/clitest000001/providers/Microsoft.ContainerService/managedClusters/cliakstest000002\",\n
        \   \"location\": \"westus2\",\n    \"name\": \"cliakstest000002\",\n    \"tags\":
        {\n     \"key1\": \"value1\"\n    },\n    \"type\": \"Microsoft.ContainerService/ManagedClusters\",\n
        \   \"properties\": {\n     \"provisioningState\": \"Succeeded\",\n     \"powerState\":
        {\n      \"code\": \"Running\"\n     },\n     \"kubernetesVersion\": \"1.24.9\",\n
        \    \"currentKubernetesVersion\": \"1.24.9\",\n     \"dnsPrefix\": \"cliakstest-clitestby5lceusw-79a739\",\n
        \    \"fqdn\": \"cliakstest-clitestby5lceusw-79a739-082tmgg3.hcp.westus2.azmk8s.io\",\n
        \    \"azurePortalFQDN\": \"cliakstest-clitestby5lceusw-79a739-082tmgg3.portal.hcp.westus2.azmk8s.io\",\n
        \    \"agentPoolProfiles\": [\n      {\n       \"name\": \"nodepool1\",\n
        \      \"count\": 1,\n       \"vmSize\": \"Standard_DS2_v2\",\n       \"osDiskSizeGB\":
        128,\n       \"osDiskType\": \"Managed\",\n       \"kubeletDiskType\": \"OS\",\n
        \      \"maxPods\": 110,\n       \"type\": \"VirtualMachineScaleSets\",\n
        \      \"enableAutoScaling\": false,\n       \"provisioningState\": \"Succeeded\",\n
        \      \"powerState\": {\n        \"code\": \"Running\"\n       },\n       \"orchestratorVersion\":
        \"1.24.9\",\n       \"currentOrchestratorVersion\": \"1.24.9\",\n       \"enableNodePublicIP\":
        false,\n       \"tags\": {\n        \"tag1\": \"tv1\",\n        \"tag2\":
        \"tv2\"\n       },\n       \"nodeLabels\": {\n        \"label1\": \"value1\",\n
        \       \"label2\": \"value2\"\n       },\n       \"mode\": \"System\",\n
        \      \"enableEncryptionAtHost\": false,\n       \"enableUltraSSD\": false,\n
        \      \"osType\": \"Linux\",\n       \"osSKU\": \"Ubuntu\",\n       \"nodeImageVersion\":
        \"AKSUbuntu-1804gen2containerd-2023.02.15\",\n       \"upgradeSettings\":
        {},\n       \"enableFIPS\": false\n      }\n     ],\n     \"linuxProfile\":
        {\n      \"adminUsername\": \"azureuser\",\n      \"ssh\": {\n       \"publicKeys\":
        [\n        {\n         \"keyData\": \"ssh-rsa AAAAB3NzaC1yc2EAAAADAQABAAABAQC+Tw5fQ1llhTaOQkrl1FxV1VswmtYGwgleHCPi7kNYtIZ2kdobxPHgVkhlxcSy2u6aAvjV7idMzxJ0nSl0MrLqF1GVtyO+SMx+iDXJomtEN6hscMcn8S6DJCm4XyPZyur50Qn6K4KGrmSQ4ZK0VXShfteE6THR2+DoYBsWbD86+XOLOrPr8H5DOQxEYYq0K2usPpntyItOJ2RtolEo9Y9nzxSsioEvb31B4vFX0LfssWX/yFJorU1OLMSxgIXOZ0xzEPOV//GzqeOjBx5s5OIueUYevzSLR3qskiQkE/6JT0YSkVKLfF5z4N8ptZ+7vqZteZTaAZld9zYnsBx7cKob
        azcli_aks_live_test@example.com\\n\"\n        }\n       ]\n      }\n     },\n
        \    \"servicePrincipalProfile\": {\n      \"clientId\":\"00000000-0000-0000-0000-000000000001\"\n
        \    },\n     \"nodeResourceGroup\": \"MC_clitest000001_cliakstest000002_westus2\",\n
        \    \"enableRBAC\": true,\n     \"networkProfile\": {\n      \"networkPlugin\":
        \"kubenet\",\n      \"loadBalancerSku\": \"Standard\",\n      \"loadBalancerProfile\":
        {\n       \"managedOutboundIPs\": {\n        \"count\": 1\n       },\n       \"effectiveOutboundIPs\":
        [\n        {\n         \"id\": \"/subscriptions/00000000-0000-0000-0000-000000000000/resourceGroups/MC_clitest000001_cliakstest000002_westus2/providers/Microsoft.Network/publicIPAddresses/d95940c8-33a9-4be1-8357-b76bfe43cf66\"\n
        \       }\n       ]\n      },\n      \"podCidr\": \"10.244.0.0/16\",\n      \"serviceCidr\":
        \"10.0.0.0/16\",\n      \"dnsServiceIP\": \"10.0.0.10\",\n      \"dockerBridgeCidr\":
        \"172.17.0.1/16\",\n      \"outboundType\": \"loadBalancer\",\n      \"podCidrs\":
        [\n       \"10.244.0.0/16\"\n      ],\n      \"serviceCidrs\": [\n       \"10.0.0.0/16\"\n
        \     ],\n      \"ipFamilies\": [\n       \"IPv4\"\n      ]\n     },\n     \"maxAgentPools\":
        100,\n     \"identityProfile\": {\n      \"kubeletidentity\": {\n       \"resourceId\":
        \"/subscriptions/00000000-0000-0000-0000-000000000000/resourcegroups/MC_clitest000001_cliakstest000002_westus2/providers/Microsoft.ManagedIdentity/userAssignedIdentities/cliakstest000002-agentpool\",\n
        \      \"clientId\":\"00000000-0000-0000-0000-000000000001\",\n       \"objectId\":\"00000000-0000-0000-0000-000000000001\"\n
        \     }\n     },\n     \"disableLocalAccounts\": false,\n     \"securityProfile\":
        {},\n     \"storageProfile\": {\n      \"diskCSIDriver\": {\n       \"enabled\":
        true\n      },\n      \"fileCSIDriver\": {\n       \"enabled\": true\n      },\n
        \     \"snapshotController\": {\n       \"enabled\": true\n      }\n     },\n
        \    \"oidcIssuerProfile\": {\n      \"enabled\": false\n     },\n     \"workloadAutoScalerProfile\":
        {}\n    },\n    \"identity\": {\n     \"type\": \"SystemAssigned\",\n     \"principalId\":\"00000000-0000-0000-0000-000000000001\",\n
        \    \"tenantId\": \"72f988bf-86f1-41af-91ab-2d7cd011db47\"\n    },\n    \"sku\":
        {\n     \"name\": \"Basic\",\n     \"tier\": \"Free\"\n    }\n   }\n  ]\n
        }"
    headers:
      cache-control:
      - no-cache
      content-length:
      - '4391'
      content-type:
      - application/json
      date:
      - Wed, 15 Mar 2023 10:04:41 GMT
      expires:
      - '-1'
      pragma:
      - no-cache
      server:
      - nginx
      strict-transport-security:
      - max-age=31536000; includeSubDomains
      transfer-encoding:
      - chunked
      vary:
      - Accept-Encoding
      x-content-type-options:
      - nosniff
    status:
      code: 200
      message: OK
- request:
    body: null
    headers:
      Accept:
      - application/json
      Accept-Encoding:
      - gzip, deflate
      CommandName:
      - aks get-credentials
      Connection:
      - keep-alive
      Content-Length:
      - '0'
      ParameterSetName:
      - -g -n --file
      User-Agent:
      - AZURECLI/2.46.0 azsdk-python-azure-mgmt-containerservice/21.2.0 Python/3.8.10
        (Linux-5.15.0-1033-azure-x86_64-with-glibc2.29)
    method: POST
    uri: https://management.azure.com/subscriptions/00000000-0000-0000-0000-000000000000/resourceGroups/clitest000001/providers/Microsoft.ContainerService/managedClusters/cliakstest000002/listClusterUserCredential?api-version=2023-03-01
  response:
    body:
      string: "{\n  \"kubeconfigs\": [\n   {\n    \"name\": \"clusterUser\",\n    \"value\":
        \"YXBpVmVyc2lvbjogdjEKY2x1c3RlcnM6Ci0gY2x1c3RlcjoKICAgIGNlcnRpZmljYXRlLWF1dGhvcml0eS1kYXRhOiBMUzB0TFMxQ1JVZEpUaUJEUlZKVVNVWkpRMEZVUlMwdExTMHRDazFKU1VVMlZFTkRRWFJIWjBGM1NVSkJaMGxTUVV4bldVNTZWRWhYYUcxNFNuVnpObUU1YkVVclNHOTNSRkZaU2t0dldrbG9kbU5PUVZGRlRFSlJRWGNLUkZSRlRFMUJhMGRCTVZWRlFYaE5RMWt5UlhkSlFtTk9UV3BOZDAxNlJURk5SR3N4VFZSUk5WZG9aMUJOYWtFeFRYcEJlazFVVlhoTlJFRjRUa1JzWVFwTlFUQjRRM3BCU2tKblRsWkNRVTFVUVcxT2FFMUpTVU5KYWtGT1FtZHJjV2hyYVVjNWR6QkNRVkZGUmtGQlQwTkJaemhCVFVsSlEwTm5TME5CWjBWQkNuWTRTa2x3TWtZeWJreEJSMmszUVhGRFNEZG5WbWc1WmpWaFZGSjBRbXByVVVrd2JWbHNPVTluYUdaSk4zRnFWVkozZFVNM04ySk5iREZNY0N0NWIxY0tSRlUzYlc4d1FtaHRTa295WW1vd016SkpNMFJYVkVWbGJWZFJWREJUUkVGM1ZtWm9PVkUzSzJNd1ZsQmFaMnc1TXpKRFFVMTNSVVZZVlZocVRERllhd28wT0dreFJWZFVaR2MxWjBKek1tcHBXV3RRV1ZGblkxcDZhMUpPUTJ0MWFEWnVkRkptUTFSaFRteHZTa0pEVVU5RE0zRkRRWGhoUVZONFRUbG9NekJGQ25BdmFXVldabkZwTjNCaU5rTm5NRmd2VTBKd01WWkVXbmxFTUhkeGJuaHZSbkV5ZFVOSFVGRTJaakYyVVZWdFVWbFhkR3haYnl0alNYQlVWVGN6Y2xVS2VEUnBNazk2VFdobmVYcFNlamhuUVZOM1pIQlljVkp0WVZOYWJ5c3hhV3h4YkhCaFJYcHpWa2REUVU1TlpreG5lSHB4YVZVeE9XWm1kQ3Q0ZEd4MmFRcEVXR3RMVlVoaE5UTjNSU3RsVDJaMFNYWk1WMFpaU0VSTlJXSmFjbEJ2U25JelVFVjJjMFZVYWxJMWNESlhTbU5PTUd0V09XcENPWEpZUlc0eVVsbEtDaXRMYkc1RFVXVk9TMWN3VW5oT1lsaDZWWGR0VXpOcmJYbHZNbXBtWkdweWN6bHJSbG96ZW5ob1lUVnJTUzlUYlhGaGVVZDJhMlpETmxOVmFrd3pXRXNLVms1WFVWbFVaems0UlhOYWNtSnNXRmQyVHpKV1VuTmpSMlpvUW5SWFlYUkdaSE5UVFVwUFZIaHdablpaUVZkRkszSm5RMjEwYjBWVE1GWkpURGRNYkFwR016aFJUalJLVUd0dGFubENUUzlRYkhOb0swUnBZVXRvWjB0M1VXRTRXRFpzUVhkdksyNXZWRWN4TTB3MVpWRjZiVFZLTDNoTlVqZFRVSEZwY2s5a0NrUXdZbXhLZWpaak0zWllaM00xWkVaNVNFdHZUVWRNUXprNGFVRnFUMVYxVWl0M09HZG5aRU5ZVDBSaWFXTXJVMVU1UjFOMWJtTkxjSGhuZWlzMmRFb0thQzlHU21oM2R6ZDNOVWxYUVhwTFpuaEpMM1pKVGt4bVZHTnFhV2t4YmxBdlUxSnVlWEZEUTJaYWEwTkJkMFZCUVdGT1EwMUZRWGRFWjFsRVZsSXdVQXBCVVVndlFrRlJSRUZuUzJ0TlFUaEhRVEZWWkVWM1JVSXZkMUZHVFVGTlFrRm1PSGRJVVZsRVZsSXdUMEpDV1VWR1R6TnNXbkpFVG1oMVFXWmxLMEZSQ2xGdUwwcGlhMDFuWlVsaFIwMUJNRWREVTNGSFUwbGlNMFJSUlVKRGQxVkJRVFJKUTBGUlEwNXJObWR5TjJGMVpUQlVPWEZVYjFoR1kzRnRTbU42ZDNjS2FqUmlZMnhRTWtKeVFYaGpabVJsY25oSFUxRk1hbGx2VDBSNlZqWlVkRWxGUTFWc1RFbHhWVEF3YW5wMU9XY3lha3h1TkdSVU5HUmtPWGRSV1V4SmNRcFFZbFJ4TWxCSllUaFBlRmxwU1VneFV6UllSalZoZWswemRVNXZXR2hGVEVkbVkyWmtRVE4zTDJaUVVYbHlNMmQxZVc1S1VITm5TbFpSVjBScldXWmpDbVZzZGxseVNWVkVibUp1UVVkRGJteFphRGRMS3poSFNpOHJUbEpEUm1selVGRlZUM0JTUkZoTFltWjJLemt5U1hWRGRHRnVWSEUwYjBscU1XNDJWMndLTW1sUWVWY3lkMnRvY2t4dFVTOHhaVzQ0T0ZjeFoxSkhibUoyVTJSeE5tOWxOMk41TWswd2FsaGFVazVHTTNNNWVsUldiMGhHZGxad09VOVliSE5PV0FwbWQwVkxkM2h4TDJSU1NVcG5Xa3QwT1ZaU01FZFpiVWx6Wm1wVWEyeFlkV0ZpVmlzNVUybFpibFJXWWpSUWFrUkNlVTF3ZUc0eFpGZExNMWhIUlM5ekNuTnVUV2xDY1ZSWVNUaDFaMlZhZUhOUU1rMVhPRnBKUVV4TFMzZDFlRUZ1S3psamMwc3JRbU56TW1oRmVtMDFObEU1TmpnMFNtWmpNVloxVEVaNll6VUtVWE0yUmpKUlZsaFJZbkpYYUc4eVdrWmpURmR2V0doMU16UjNhRGRDYm5sclNFRmxkamd5VVV0eGExaExkWGxFUTJWS2IzaHlWSFUwWm1SUE1sTkphd3B1TVVVeFYwaFlWVGgyZWxwdU5XdFJiM2xJTVUxeGFteHJVMGd6Vm5sTmMxZ3lNMkZxVVZsQmVXVlVVVTE2V1dsbGVuWXZlalYwTjNkcWRTOHJjV2syQ25CRFRtUjFNa1YxWlhobFF6ZGxXalpJYUhsdWRHSnRVMnhPYzFOSFpVOVpTVzVQZEZKSFRDdEVRWElyUkdka1R6ZGpaRE5FWWxFd2NpOHpZekZQUzNRS2QyMUlOazltY25oaVFXOVVlR3RPU1UxSlZFUk1XakI0VmtVd01FSktUVmR5TW5Kd1JUQk1RMGRSVlhKNlIzRjBjWGxGUmtsWWNXNXViSGcwTlV0d2NBb3dValJXTDNobGJUaElUM2s1Tm5abmQzYzlQUW90TFMwdExVVk9SQ0JEUlZKVVNVWkpRMEZVUlMwdExTMHRDZz09CiAgICBzZXJ2ZXI6IGh0dHBzOi8vY2xpYWtzdGVzdC1jbGl0ZXN0Ynk1bGNldXN3LTc5YTczOS0wODJ0bWdnMy5oY3Aud2VzdHVzMi5hem1rOHMuaW86NDQzCiAgbmFtZTogY2xpYWtzdGVzdGNsY2ltbQpjb250ZXh0czoKLSBjb250ZXh0OgogICAgY2x1c3RlcjogY2xpYWtzdGVzdGNsY2ltbQogICAgdXNlcjogY2x1c3RlclVzZXJfY2xpdGVzdGJ5NWxjZXVzd29fY2xpYWtzdGVzdGNsY2ltbQogIG5hbWU6IGNsaWFrc3Rlc3RjbGNpbW0KY3VycmVudC1jb250ZXh0OiBjbGlha3N0ZXN0Y2xjaW1tCmtpbmQ6IENvbmZpZwpwcmVmZXJlbmNlczoge30KdXNlcnM6Ci0gbmFtZTogY2x1c3RlclVzZXJfY2xpdGVzdGJ5NWxjZXVzd29fY2xpYWtzdGVzdGNsY2ltbQogIHVzZXI6CiAgICBjbGllbnQtY2VydGlmaWNhdGUtZGF0YTogTFMwdExTMUNSVWRKVGlCRFJWSlVTVVpKUTBGVVJTMHRMUzB0Q2sxSlNVWklWRU5EUVhkWFowRjNTVUpCWjBsUldYWXJReTlZVjJkRFRUZzVkVFYzVGtOSmNVbElWRUZPUW1kcmNXaHJhVWM1ZHpCQ1FWRnpSa0ZFUVU0S1RWRnpkME5SV1VSV1VWRkVSWGRLYWxsVVFXVkdkekI1VFhwQmVrMVVWWGRQVkZWNFRrUnNZVVozTUhsT1ZFRjZUVlJWZUUxRVFYaE9SR3hoVFVSQmVBcEdla0ZXUW1kT1ZrSkJiMVJFYms0MVl6TlNiR0pVY0hSWldFNHdXbGhLZWsxU1ZYZEZkMWxFVmxGUlJFVjNlSFJaV0U0d1dsaEthbUpIYkd4aWJsRjNDbWRuU1dsTlFUQkhRMU54UjFOSllqTkVVVVZDUVZGVlFVRTBTVU5FZDBGM1oyZEpTMEZ2U1VOQlVVUktUVGhGUjJ0amRFTXhlREkyVWxSeVFqQkhTRFlLY1RFNVdsRndhV05NVWxaUldscENWMlYwUTFSM1pGWTVRVVJxTTBGSlpXSm1ZME5WWnl0aGFrZEhTMkY0VlVNeVlubDNkbFJ2Ykc1eFJVVlVlbW96WVFwVFJHZFlkbGxZYWtoMVdVdHJUV2h0Wld4dFdqRXdiRzFNUmtacGMweEVjM0ZYUm5WRlFUaG5lbmxTTVZGSFJFeEdWRlZ6T0VocWFTOTFVQ3R1ZFVsTENtOTJVWFZzVGtGWGMzcEtPRlZaTmtZNVpuRnRhVmxXVmxGSFJEaFRjMmh1ZWt4Qk9VeHhWM2xYVmtkV1pFaElXV3d6UVRKMlJYVXJiWFpwVFRsT1ZFd0tiREJGTlRObWVtWm1SVFpDTTFkRGNVc3ZOMFk0UVZWclVGaG1SRFl3THpKaU1HZE5NU3RFVmxOcmMxcHFaRkp0U2pGVVNFRm1PRmRaV205dVNXUlJVUXBGV2t0dUwyNVVjbEIxVlhGcGVsUXlNekZsVG10Q1FtSm9UM0pYY0VWTE5VWnhTV3RZYTNkd1ZGRlhRMGhhUkRScWRFVkZhVGczWVhGR1JIUjFLMkpGQ2k4MFYxSmpWM0kyV2xKcGJrVkdZazVQVUVwWmVUSXlObGxNUldwR1dXRjRSVlI2Y0dGRVoxWlFiMlF6TWpobWRHNUxPR0Z5YkRNeGNYaE5lSHB1YVRVS1NqUkZTM2xpYjJweFRrOUNibGxPZWpJNVJVWnhObEJWV2xoSE5ERjJhbk5TTW5wd05IWXlTaTl1V2s5T2VEVnBhVFJ4YkVSbWVHcElVMWxEY0dReFpncHNWMDU1T1c5UlZXWXhlbVJSVjJrd1JraDBjSGRXVUhadVFYb3ZNelJuTlhWdkswb3ZZMkZyVUhWUmRqRTFjSE4wUkRSSU5rWTJRbk5sY0hZNFowZEtDakY1UlZkNFdrNVFOa2g1UW5KS1YzSmxiVmhIU2pkRmEzcEpja2t6TlhCS2VGbzRRV05VV21GemQzQTRZMFJEVmxsdFRWQkRURXBVZDNadmQxaFZiVThLTUVKc1JVbHJlRFJ6V1Rob1NTdHpjblkxZDB4VldITTFSR2RIY2xCTU1reDFaVTlFVEhOM2EyaDVkVEoxVUN0VmVWVktTRVl6VkdselQwMHdhalJDU1FweGVsaDJiWHAwUzJ4VVRTOXVXSFZDYUhKTmFqZDNTVVJCVVVGQ2J6RlpkMVpFUVU5Q1owNVdTRkU0UWtGbU9FVkNRVTFEUW1GQmQwVjNXVVJXVWpCc0NrSkJkM2REWjFsSlMzZFpRa0pSVlVoQmQwbDNSRUZaUkZaU01GUkJVVWd2UWtGSmQwRkVRV1pDWjA1V1NGTk5SVWRFUVZkblFsUjBOVmRoZDNwWlltY0tTRE4yWjBWRlNpOTVWelZFU1VocFIyaHFRVTVDWjJ0eGFHdHBSemwzTUVKQlVYTkdRVUZQUTBGblJVRllZMlJCTWtKbFpWcG1LemhsU1doeFFWWTVOQXBYYld4blNuTmpSV3hZTlRnckwwRTJNV2xGUm5Sc1pGaDVlRlZWZEV0S1duUlhUV1pOVm5wU1JWUlpkM1ZOTm5sdlNISktkelJITlhKdFpXeHZibXh0Q2pkWVVFbGtUamhhTkVoc2VscHFVRXhVU1RVd1FVNUhhamhUVTAxT1RqWm1RM2xDWlRGVlZGSnhMM0JvVXprMlkzQXpRVUZNVkRSRk5ITm5RM0JFU1djS04yaFpkM1p3YlZSSWVFcG5abVJrVG5GWE1pdFlSRUZUVkdZdmFHWnhiVEZhZGpWb2JXaG1XR3BtY2tsQmNtTmtNak5LTVZsNFFrcEtlSFJCZDA5YWJBcEpiVTQ0ZEhaSFRWWlVaalZCVEhocU5XaEtWbVJYYVVwRVdFcG5aRmRDVUhCM2EwVkZOR2hXVUhSMWNuaGlSVXRXT0hKaGRVMW1VbmxSVG05eFNFNXFDbVp6ZDFGc01FUXhOeXN5WWtoeU1IaHVNbk14TURSalNDOVVVbU5DTldGT1JYVmpNblZzSzJKMWJVVkhkbGxMY0cxeU4yZDJUbXhIVDBOdE9GbEpVWGdLY2xwM2JYTm1lVEJ3VERCTGFXMTRNWFV4T1hKUGJuRlJhbTFVY0ZOQ00wNTZaMk01T1hSeWVtWjBWVlF6WlRsdlNTOTBjRWhJV0VWeWNYb3hZek5IVmdwUVdXUnNlVmc0UVdFeVQxRjJOakZMVVVablVYRmlPQzh5TkdNeUswRkRVMHRPZDBSVmNuUkxlVlJFTjBOc2FXTTVPV0o0WmpkVldEbGpaRlpYVVc5bkNrMUdlblYwV1RSVVZHVmxSbFV3YlRobFNGaG1Wa2RyTldnMldUTmxXSE5UZVd0NlZYaHZMMGxCTW5BMlpYbGxlaTlNWlVWVWJuUlFUMVJsTDB4RWJVSUtURTFRWWtoUlNVNXNORXBKTVdWV2NTOTVNa3hIUldWTmEweElkRWRWVERJNWVXeDFOVXRKYzJjM0sxUlJNVkkxUlROTWJXbHNNMWh0U3pReFVrcEJlZ3BzZGtWTWNtWmhVM292Y1hCUFVXMVJUVzUzYldoaldHeHZaRlpxTURSV1puSkVXVU5CT0RaVFZIRjNOMmQxVEhaakx6YzNUbGhqZVZkQ1JFOXVSbm8xQ21zMVNqTlZWVzFDU0ZOVlNFNU1SRFpMY25KRFdIWlZQUW90TFMwdExVVk9SQ0JEUlZKVVNVWkpRMEZVUlMwdExTMHRDZz09CiAgICBjbGllbnQta2V5LWRhdGE6IExTMHRMUzFDUlVkSlRpQlNVMEVnVUZKSlZrRlVSU0JMUlZrdExTMHRMUXBOU1VsS1MxRkpRa0ZCUzBOQlowVkJlVlJRUWtKd1NFeFJkR05rZFd0Vk5uZGtRbWdyY1hSbVYxVkxXVzVETUZaVlIxZFJWbTV5VVdzNFNGWm1VVUUwQ2psM1EwaHRNek5CYkVsUWJXOTRhR2x0YzFaQmRHMDRjMHd3TmtwYU5taENSVGcwT1RKclp6UkdOekpHTkhnM2JVTndSRWxhYm5CYWJXUmtTbHBwZUZJS1dYSkRkemRMYkdoaWFFRlFTVTA0YTJSVlFtZDVlRlV4VEZCQ05EUjJOMm92Y0RkcFEzRk1NRXh3VkZGR2NrMTVaa1pIVDJobVdEWndiMjFHVmxWQ1p3b3ZSWEpKV2poNWQxQlRObXh6Ykd4U2JGaFNlREpLWkhkT2NuaE1kbkJ5TkdwUVZGVjVOV1JDVDJRek9ETXplRTluWkRGbmNXbDJLM2htUVVaS1JERXpDbmNyZEZBNWJUbEpSRTVtWnpGVmNFeEhXVE5WV21sa1ZYaDNTQzlHYlVkaFNubElWVVZDUjFOd0x6VXdObm8zYkV0dmN6QTVkRGxZYWxwQlVWYzBWSEVLTVhGU1EzVlNZV2xLUmpWTlMxVXdSbWRvTWxFclNUZFNRa2wyVHpKeGFGRTNZblp0ZUZBclJtdFlSbkVyYlZWWmNIaENWM3BVYW5sWFRYUjBkVzFEZUFwSmVGZEhjMUpGT0RaWFp6UkdWRFpJWkRsMlNEZGFlWFpIY1RWa09XRnpWRTFqTlRSMVUyVkNRM050TmtrMmFsUm5XakpFWXpsMlVrSmhkV294UjFaNENuVk9ZalEzUldSek5tVk1PV2xtTlRKVWFtTmxXVzkxUzNCUk16aFplREJ0UVhGWVpGZzFWbXBqZG1GRlJrZzVZek5WUm05MFFsSTNZV05HVkRjMWQwMEtMemtyU1U5aWNWQnBaak5IY0VRM2EwdzVaV0ZpVEZFclFpdG9aV2RpU0hGaUwwbENhV1JqYUVaelYxUlVLMmc0WjJGNVZuRXpjR3g0YVdWNFNrMTVTd3A1VGl0aFUyTlhaa0ZJUlRKWGNrMUxaa2hCZDJ4WFNtcEVkMmw1VlRoTU5rMUdNVXBxZEVGYVVrTktUV1ZNUjFCSlUxQnlTemNyWTBNeFJqZFBVVFJDQ25GNmVUbHBOMjVxWjNrM1RVcEpZM0owY21vdmJFMXNRMUo0WkRBMGNrUnFUa2tyUVZOTGN6RTNOWE0zVTNCVmVsQTFNVGRuV1dGNlNTczRRMEYzUlVFS1FWRkxRMEZuUlVGb1duTlFXRFI0Y1RORGVUWjFaRzFGTldaVE5WTXhjVWhUTVN0VmRGbHBaV05oSzNaNFF6RjZNbVJ3UzB0UFNpODRWVEY0ZGpCbmJncElUR1pzTjBsSGFEUk5TMEpqVjA5eWFFcEtlbGhrYWpGMFprRnlWa2x5UjJKTlZsZGFabGszY21WS2MyOU9aelJNV21OMlZESkROR1p1T1RCVVVVNUNDa0p1VVRGb05GUnNOR1JLY0U1Q1NWZExTWGhoZVdWdFYyWndjMFUwVTJ4TFYzSkNTVFptYmlzeVZucFRPWEJRWWpaTlJFUlJSbEZ4TUhZelducEZkVFFLT0VSbVRXOW1lamN4ZGtodVRUTjFSV05YVW1sTEsxUXJhbUZPTm5SMVRIVXhhakZhTUZKSVlteENUSE5SVEZKTlZIbGFUMVUzTVZwcVZXcDROVmRSU3dwQ1ZGWktVVWhzUVVjeWVqWkZVV1Z1U0ZOMGRrNHlOa05xWkM5Q01GSllTMUJFU1Zaak5qRnNVV1paUlhGeVlYVnFablZRVlZOaFdGSjNZakp2Tml0eENqVmtiVlZYTkhsbmVuTkdVbHBwZURSRlluWkNSbUZRVm1OaWFHNTVWbGQwTUN0UVMxcG5ZV3BPVDFOT1FWZE9PWFp6WlVGRloxVk1aekZXYUZreVVWQUtVamg1VERVMVltTXpOVTVXUkZCRFprTlpVelpEVmtFdmQzcExVWEkyVm5OaVFYQldOM016Y2tsSE1uUllSa3h3VGxGdmQxaGpZV2dyZWxjMGNYUnlSQXB5TkVGdlYzSlhjVFF4UVRJNVExSmxVR2hxZVhKcE1EUk5NVVZZZHpOTFRXbGxTVmx4YkRZMlQxcGtPVVk1VkV3dmF6RXJTMWh4VlZOc1QzUk1lSGgyQ2tWMmJuWkdVbXRyVkRVMGRGRktZVEJCY21zeFFTOVlXa0ZYZEdjd1lYTkxSMEZrV2s5bFJsRjZiVGswYUdnMGVIZDBPRFJvWm1kMFIweDViWGxqWjBVS1EyeHFkRXhaUWxkQ2JrOXdLMGhDWjBWSlVVSTRkRTk0TUZkT1JWVjNlRXBSV25wU1kzUlRSMmMzVWtwNFZGRlBibkUwYlRadlVFaFJRMU5RYUc1d09BbzRjVlZTYVRCS1drRldUMVpDTldacWREa3hOa3MxV0hvdmVDOXVVV3d2VVZrNE9HVkpkR2wyUkhwSGNESjFRemM0Y2tWRFoyZEZRa0ZPSzNBck5FZDRDa05YY0dKRU1qUk5Va1VyZUV4M1RHWXJhQ3RIVEVNd1NGQnVObmxhY0ZNeE9GVklOV2RqZVdGYU1FUnZNalV2VjJjelprRkVVak40VGxkbldEUldUemtLUW5OckswWmhRVzB3TmpGRVRIZDJlSGR0Wm1VemJHTlBURmQ1U3psVVRWSktlVGgxTjBScFVDdHVUbU4xY1dSNUsxVnFaSEZ6YlUxRGRXWnRlVlEzYndwWWJtVlNWMFpyTDBzM2JGaEZkbGxOT0VOYVJXTkZOMDVGWVRGb00yZzFWRzlVTlhoVGRHVnFNR0l6Y0ZKeVdWSlZaRkZRUmtGblRFdDVWMHRrY0dKbENqaEVUVFJFTm5aUlNWbFpWMDF0WVRodWRFZDRZakl4SzJKWFlrOHhNbVJ6VEdack0zZDBVekZ5WkdjeFoyRnlkQzlGYWtFM1MyRjNkbGhGVldFdk9HSUtjV2RNT0VkRFFWcFJVbVI2UTAxdk1HaGtObTlpZHpZdmREbFNjVXBtWjNWeFVqSlVjWFJPU21SNVYyOUtZbklyZFdOVldFaENhV3d3VTJaYVZVc3dhQW94Vnl0dlVqRkVNblEwWmxsRFRHdERaMmRGUWtGUFdrdGpRbGMxZFhkeWRrTkNSUzlUZWtoMWEwMTJUbEJzWWxKalZYUkRkRTVIUVRGak5EZDRORXBwQ2xsYVJVSnlUbVkyVG1nemEwVk5NWFJwVWtWQmRXeHhjMDk2YnpWRFdFSkRSRUp6TVRrd2RFVTNUblF6Umt4V1VFSTBUMnRNVVVsSmFIQlljR05KZFZBS016TkJWWE5wUzNJMVIzRTNaRE13YzB0RVVuaFhhRTU1ZG1oamJDOVBjME5MSzJGUldtUm5XSGxSVW5kNlNYZ3lUaXRIVms1NlZDczRZMGMzUWl0VlNRcDBTWGd2UzBOd2RIZHFWRGw1VERsWGRIQmpXVXRLZUcxeE9XaEdhbGRVYjJ4bWNVc3hXVmNyYVRCV2VrMDFNWHA2YmtGeFNHY3JkVEZZYWtsb0t6VkxDblJvTVhVdlIxZHFhWHBhSzBwQ01GbElNRVJNZDJsT1NIcExUVU41VDNKUmJrcDFVekpRYzJwMldqbFBLMjlOVGxJcldWQXJXbVJsY1dGbU4wOXlaWFVLYzJselZGZHBhVms0UVdWTlRXWXlPRkVyZVRNNGJDOVdVRTVIYlRkUU9XUjBabFV3V1RsQmR6ZGxZME5uWjBWQlEwWnlRa2RyWTFOdmRscHFlbE5wU1FwS1RFaHdialpJWlVwbE9VNUdlVVlyU2tJeGJERTBaekJUZEV0WVJuQXhkRE5sTjFWNFZrOTBPVmh6YmtGclpGRlNNazFqT1RWUVNDOVNlR3RyYldKbkNqUlZabmhMWmtWT05HWk9hRTl5T0Rnd2VVVmtjRFZ4YzJKQllrVnlRbWN3YzNKd2VpOXRNRGxCYjNaR1NsZEpiSGhwVUVsM1MwUk9XbTl1TTFWME5Gb0tUa0ZOWTI5cVVUVm9SRkp4VUZsa1RHTmlOa2RJV0hacFQyZE1hRmROZVRGMVVFcE9kMlE1UkhaNloxRTVNM1o2VlV0UGNtRnNaRXBuWVVKSFpGcFRRUXB5UWtkSlRVYzBOMUZJYm5kUU5XSktXREV5Tm1wb1NuTmFWRXhCUWtaSlJTOUdOa1JUVnpnMlZGUXhibTFhU21kblUycFRTQ3RXV1hCSFVHMVJjM2wxQ25OalIwdFJiMDVVZGsweGRESkpPSGQyY1RVMFdFcDZhR3hGYXk5NVJWTnRVSEpJV2s1MlRITXpXQzlRWms1M01IYzVhRXRQZVRGWlZ6Wk9aR2h3YVhjS2IyeEtabWRSUzBOQlVVRXZSRE00YkRBNVozVktSWEJZVUhKbEsydHZPQzh6TlVsRlowSklRVUpEU1hwb1JUUkllbFZNVTNBeFNVVlFVM040WTFOcVJRcG5jVVV2VURWR1lrRktTVWhLYTJGS2NWQnBNbkp5T1ZZM1F6aDBaekZDUVhkS2EwSkdVVlF2ZGxWTk9UTlZkazVZVlVWbFZtMVdaVGhoZG1RMWNXZEVDblZvV0RoU2N6QjZibmcyUmxkT1VrbDZibEV4Wm10RE4xRkRkRVJSZWtGbFkxTjZlVUZoVmtoMGJUWktjVzgxVlN0SWQzVTRXRlpRVXpkeFdqZzNhRTBLWm01dmMwOTJhVUUwTTB0eVkxVnVOVlJSU25NNFYzVjNWV0puY1dsWlZHeHVZV2Q1YnpOWFUweFdXbE5CVWxGbWIxQnViaTlNYkd3d1prSXpaa3BOZHdwa2RGazBlVlpSTVd0Q1dUTlNkaTgwVnpGcVpGSkJZU3RoZWxoVVpqTlFOMWhqYzI1bE9HMUhZa1JXZVdnNE9UVlhhMmN6TmtSVFRuRjRlbnBLVURSR0NtTjRVakZaVFhCUk1XZFpaWGtyZERsc1dFbHpZekpNVTBwSGFEUnhRVEZrUVc5SlFrRlJRMW94YlZRdldEbFVTakkwVkV4TlNESXZVemx3VlVSUmRsWUtWMG92VjFCc1dFc3djMFJIWkVFdk4xZ3labU5oUVZOMllrTklSbTAxV1dWSFJFWm9URTlEU2xoWFYzSk5iRTVNTWxsRFYyUjZhWHBKYkZWcmRYaExOQXBzVkZaak1ESjBUVkZ3TlhodlNrRlVNSFF4ZERjMGJsTk1UblJzVFVaWmVGWXhja05IY1ZsbVJtMWlVVzFNYkRacU5FZHFPWGhPV1ZkaVF6RnVTMjF1Q2tGWWRqQXJRVEIzYTNOWk5uRkNXRTFUTm1aelNUUlpjRW93ZUM5b2RtOXBNMlJxWjBwa2JtRnNSVlJWSzNGWWFFTXhkekUyTVdGMVZreERiV2RCSzFnS2JYTlFRbmg1TVRFd1l6UlJTbVJOUVROR1JXMVllbmxLV1RacVpuaEZjRW8xVTJObk5FVkhlVGxCTkRCUlR6UkxjRmhoWTBOQ1NXaEdNemxKVEhscFV3cDBjSFF4V0V0T1RVbENaSEJsY0RsTVRsSklTRzVJZDAxaFVGcHBibkF6ZDNNdlkyZEZVRTlxVWpOVlVuQjVNMlJsVEU1c1UwRlNNVWRFY2s4S0xTMHRMUzFGVGtRZ1VsTkJJRkJTU1ZaQlZFVWdTMFZaTFMwdExTMEsKICAgIHRva2VuOiB3OHcydnBuaWZtOGt4Z2tlMmFmcjQyeDV5d3U3ZzAxYnB3b3BzYmNiNTVscXR1MG5jbDM1emNuN3o3MjN1OTc2aHFlZXpocW45bDRsZTR3MnMxb2U5NmQyZzJlNHV4dmxrdGtmOGdyZ254ZzUxYmZnd3kwb3JneHNuZjI1djFkMAo=\"\n
        \  }\n  ]\n }"
    headers:
      cache-control:
      - no-cache
      content-length:
      - '13108'
      content-type:
      - application/json
      date:
      - Wed, 15 Mar 2023 10:04:41 GMT
      expires:
      - '-1'
      pragma:
      - no-cache
      server:
      - nginx
      strict-transport-security:
      - max-age=31536000; includeSubDomains
      transfer-encoding:
      - chunked
      vary:
      - Accept-Encoding
      x-content-type-options:
      - nosniff
      x-ms-ratelimit-remaining-subscription-writes:
      - '1199'
    status:
      code: 200
      message: OK
- request:
    body: null
    headers:
      Accept:
      - application/json
      Accept-Encoding:
      - gzip, deflate
      CommandName:
      - aks get-credentials
      Connection:
      - keep-alive
      Content-Length:
      - '0'
      ParameterSetName:
      - -g -n -f
      User-Agent:
      - AZURECLI/2.46.0 azsdk-python-azure-mgmt-containerservice/21.2.0 Python/3.8.10
        (Linux-5.15.0-1033-azure-x86_64-with-glibc2.29)
    method: POST
    uri: https://management.azure.com/subscriptions/00000000-0000-0000-0000-000000000000/resourceGroups/clitest000001/providers/Microsoft.ContainerService/managedClusters/cliakstest000002/listClusterUserCredential?api-version=2023-03-01
  response:
    body:
      string: "{\n  \"kubeconfigs\": [\n   {\n    \"name\": \"clusterUser\",\n    \"value\":
        \"YXBpVmVyc2lvbjogdjEKY2x1c3RlcnM6Ci0gY2x1c3RlcjoKICAgIGNlcnRpZmljYXRlLWF1dGhvcml0eS1kYXRhOiBMUzB0TFMxQ1JVZEpUaUJEUlZKVVNVWkpRMEZVUlMwdExTMHRDazFKU1VVMlZFTkRRWFJIWjBGM1NVSkJaMGxTUVV4bldVNTZWRWhYYUcxNFNuVnpObUU1YkVVclNHOTNSRkZaU2t0dldrbG9kbU5PUVZGRlRFSlJRWGNLUkZSRlRFMUJhMGRCTVZWRlFYaE5RMWt5UlhkSlFtTk9UV3BOZDAxNlJURk5SR3N4VFZSUk5WZG9aMUJOYWtFeFRYcEJlazFVVlhoTlJFRjRUa1JzWVFwTlFUQjRRM3BCU2tKblRsWkNRVTFVUVcxT2FFMUpTVU5KYWtGT1FtZHJjV2hyYVVjNWR6QkNRVkZGUmtGQlQwTkJaemhCVFVsSlEwTm5TME5CWjBWQkNuWTRTa2x3TWtZeWJreEJSMmszUVhGRFNEZG5WbWc1WmpWaFZGSjBRbXByVVVrd2JWbHNPVTluYUdaSk4zRnFWVkozZFVNM04ySk5iREZNY0N0NWIxY0tSRlUzYlc4d1FtaHRTa295WW1vd016SkpNMFJYVkVWbGJWZFJWREJUUkVGM1ZtWm9PVkUzSzJNd1ZsQmFaMnc1TXpKRFFVMTNSVVZZVlZocVRERllhd28wT0dreFJWZFVaR2MxWjBKek1tcHBXV3RRV1ZGblkxcDZhMUpPUTJ0MWFEWnVkRkptUTFSaFRteHZTa0pEVVU5RE0zRkRRWGhoUVZONFRUbG9NekJGQ25BdmFXVldabkZwTjNCaU5rTm5NRmd2VTBKd01WWkVXbmxFTUhkeGJuaHZSbkV5ZFVOSFVGRTJaakYyVVZWdFVWbFhkR3haYnl0alNYQlVWVGN6Y2xVS2VEUnBNazk2VFdobmVYcFNlamhuUVZOM1pIQlljVkp0WVZOYWJ5c3hhV3h4YkhCaFJYcHpWa2REUVU1TlpreG5lSHB4YVZVeE9XWm1kQ3Q0ZEd4MmFRcEVXR3RMVlVoaE5UTjNSU3RsVDJaMFNYWk1WMFpaU0VSTlJXSmFjbEJ2U25JelVFVjJjMFZVYWxJMWNESlhTbU5PTUd0V09XcENPWEpZUlc0eVVsbEtDaXRMYkc1RFVXVk9TMWN3VW5oT1lsaDZWWGR0VXpOcmJYbHZNbXBtWkdweWN6bHJSbG96ZW5ob1lUVnJTUzlUYlhGaGVVZDJhMlpETmxOVmFrd3pXRXNLVms1WFVWbFVaems0UlhOYWNtSnNXRmQyVHpKV1VuTmpSMlpvUW5SWFlYUkdaSE5UVFVwUFZIaHdablpaUVZkRkszSm5RMjEwYjBWVE1GWkpURGRNYkFwR016aFJUalJLVUd0dGFubENUUzlRYkhOb0swUnBZVXRvWjB0M1VXRTRXRFpzUVhkdksyNXZWRWN4TTB3MVpWRjZiVFZLTDNoTlVqZFRVSEZwY2s5a0NrUXdZbXhLZWpaak0zWllaM00xWkVaNVNFdHZUVWRNUXprNGFVRnFUMVYxVWl0M09HZG5aRU5ZVDBSaWFXTXJVMVU1UjFOMWJtTkxjSGhuZWlzMmRFb0thQzlHU21oM2R6ZDNOVWxYUVhwTFpuaEpMM1pKVGt4bVZHTnFhV2t4YmxBdlUxSnVlWEZEUTJaYWEwTkJkMFZCUVdGT1EwMUZRWGRFWjFsRVZsSXdVQXBCVVVndlFrRlJSRUZuUzJ0TlFUaEhRVEZWWkVWM1JVSXZkMUZHVFVGTlFrRm1PSGRJVVZsRVZsSXdUMEpDV1VWR1R6TnNXbkpFVG1oMVFXWmxLMEZSQ2xGdUwwcGlhMDFuWlVsaFIwMUJNRWREVTNGSFUwbGlNMFJSUlVKRGQxVkJRVFJKUTBGUlEwNXJObWR5TjJGMVpUQlVPWEZVYjFoR1kzRnRTbU42ZDNjS2FqUmlZMnhRTWtKeVFYaGpabVJsY25oSFUxRk1hbGx2VDBSNlZqWlVkRWxGUTFWc1RFbHhWVEF3YW5wMU9XY3lha3h1TkdSVU5HUmtPWGRSV1V4SmNRcFFZbFJ4TWxCSllUaFBlRmxwU1VneFV6UllSalZoZWswemRVNXZXR2hGVEVkbVkyWmtRVE4zTDJaUVVYbHlNMmQxZVc1S1VITm5TbFpSVjBScldXWmpDbVZzZGxseVNWVkVibUp1UVVkRGJteFphRGRMS3poSFNpOHJUbEpEUm1selVGRlZUM0JTUkZoTFltWjJLemt5U1hWRGRHRnVWSEUwYjBscU1XNDJWMndLTW1sUWVWY3lkMnRvY2t4dFVTOHhaVzQ0T0ZjeFoxSkhibUoyVTJSeE5tOWxOMk41TWswd2FsaGFVazVHTTNNNWVsUldiMGhHZGxad09VOVliSE5PV0FwbWQwVkxkM2h4TDJSU1NVcG5Xa3QwT1ZaU01FZFpiVWx6Wm1wVWEyeFlkV0ZpVmlzNVUybFpibFJXWWpSUWFrUkNlVTF3ZUc0eFpGZExNMWhIUlM5ekNuTnVUV2xDY1ZSWVNUaDFaMlZhZUhOUU1rMVhPRnBKUVV4TFMzZDFlRUZ1S3psamMwc3JRbU56TW1oRmVtMDFObEU1TmpnMFNtWmpNVloxVEVaNll6VUtVWE0yUmpKUlZsaFJZbkpYYUc4eVdrWmpURmR2V0doMU16UjNhRGRDYm5sclNFRmxkamd5VVV0eGExaExkWGxFUTJWS2IzaHlWSFUwWm1SUE1sTkphd3B1TVVVeFYwaFlWVGgyZWxwdU5XdFJiM2xJTVUxeGFteHJVMGd6Vm5sTmMxZ3lNMkZxVVZsQmVXVlVVVTE2V1dsbGVuWXZlalYwTjNkcWRTOHJjV2syQ25CRFRtUjFNa1YxWlhobFF6ZGxXalpJYUhsdWRHSnRVMnhPYzFOSFpVOVpTVzVQZEZKSFRDdEVRWElyUkdka1R6ZGpaRE5FWWxFd2NpOHpZekZQUzNRS2QyMUlOazltY25oaVFXOVVlR3RPU1UxSlZFUk1XakI0VmtVd01FSktUVmR5TW5Kd1JUQk1RMGRSVlhKNlIzRjBjWGxGUmtsWWNXNXViSGcwTlV0d2NBb3dValJXTDNobGJUaElUM2s1Tm5abmQzYzlQUW90TFMwdExVVk9SQ0JEUlZKVVNVWkpRMEZVUlMwdExTMHRDZz09CiAgICBzZXJ2ZXI6IGh0dHBzOi8vY2xpYWtzdGVzdC1jbGl0ZXN0Ynk1bGNldXN3LTc5YTczOS0wODJ0bWdnMy5oY3Aud2VzdHVzMi5hem1rOHMuaW86NDQzCiAgbmFtZTogY2xpYWtzdGVzdGNsY2ltbQpjb250ZXh0czoKLSBjb250ZXh0OgogICAgY2x1c3RlcjogY2xpYWtzdGVzdGNsY2ltbQogICAgdXNlcjogY2x1c3RlclVzZXJfY2xpdGVzdGJ5NWxjZXVzd29fY2xpYWtzdGVzdGNsY2ltbQogIG5hbWU6IGNsaWFrc3Rlc3RjbGNpbW0KY3VycmVudC1jb250ZXh0OiBjbGlha3N0ZXN0Y2xjaW1tCmtpbmQ6IENvbmZpZwpwcmVmZXJlbmNlczoge30KdXNlcnM6Ci0gbmFtZTogY2x1c3RlclVzZXJfY2xpdGVzdGJ5NWxjZXVzd29fY2xpYWtzdGVzdGNsY2ltbQogIHVzZXI6CiAgICBjbGllbnQtY2VydGlmaWNhdGUtZGF0YTogTFMwdExTMUNSVWRKVGlCRFJWSlVTVVpKUTBGVVJTMHRMUzB0Q2sxSlNVWklWRU5EUVhkWFowRjNTVUpCWjBsUldYWXJReTlZVjJkRFRUZzVkVFYzVGtOSmNVbElWRUZPUW1kcmNXaHJhVWM1ZHpCQ1FWRnpSa0ZFUVU0S1RWRnpkME5SV1VSV1VWRkVSWGRLYWxsVVFXVkdkekI1VFhwQmVrMVVWWGRQVkZWNFRrUnNZVVozTUhsT1ZFRjZUVlJWZUUxRVFYaE9SR3hoVFVSQmVBcEdla0ZXUW1kT1ZrSkJiMVJFYms0MVl6TlNiR0pVY0hSWldFNHdXbGhLZWsxU1ZYZEZkMWxFVmxGUlJFVjNlSFJaV0U0d1dsaEthbUpIYkd4aWJsRjNDbWRuU1dsTlFUQkhRMU54UjFOSllqTkVVVVZDUVZGVlFVRTBTVU5FZDBGM1oyZEpTMEZ2U1VOQlVVUktUVGhGUjJ0amRFTXhlREkyVWxSeVFqQkhTRFlLY1RFNVdsRndhV05NVWxaUldscENWMlYwUTFSM1pGWTVRVVJxTTBGSlpXSm1ZME5WWnl0aGFrZEhTMkY0VlVNeVlubDNkbFJ2Ykc1eFJVVlVlbW96WVFwVFJHZFlkbGxZYWtoMVdVdHJUV2h0Wld4dFdqRXdiRzFNUmtacGMweEVjM0ZYUm5WRlFUaG5lbmxTTVZGSFJFeEdWRlZ6T0VocWFTOTFVQ3R1ZFVsTENtOTJVWFZzVGtGWGMzcEtPRlZaTmtZNVpuRnRhVmxXVmxGSFJEaFRjMmh1ZWt4Qk9VeHhWM2xYVmtkV1pFaElXV3d6UVRKMlJYVXJiWFpwVFRsT1ZFd0tiREJGTlRObWVtWm1SVFpDTTFkRGNVc3ZOMFk0UVZWclVGaG1SRFl3THpKaU1HZE5NU3RFVmxOcmMxcHFaRkp0U2pGVVNFRm1PRmRaV205dVNXUlJVUXBGV2t0dUwyNVVjbEIxVlhGcGVsUXlNekZsVG10Q1FtSm9UM0pYY0VWTE5VWnhTV3RZYTNkd1ZGRlhRMGhhUkRScWRFVkZhVGczWVhGR1JIUjFLMkpGQ2k4MFYxSmpWM0kyV2xKcGJrVkdZazVQVUVwWmVUSXlObGxNUldwR1dXRjRSVlI2Y0dGRVoxWlFiMlF6TWpobWRHNUxPR0Z5YkRNeGNYaE5lSHB1YVRVS1NqUkZTM2xpYjJweFRrOUNibGxPZWpJNVJVWnhObEJWV2xoSE5ERjJhbk5TTW5wd05IWXlTaTl1V2s5T2VEVnBhVFJ4YkVSbWVHcElVMWxEY0dReFpncHNWMDU1T1c5UlZXWXhlbVJSVjJrd1JraDBjSGRXVUhadVFYb3ZNelJuTlhWdkswb3ZZMkZyVUhWUmRqRTFjSE4wUkRSSU5rWTJRbk5sY0hZNFowZEtDakY1UlZkNFdrNVFOa2g1UW5KS1YzSmxiVmhIU2pkRmEzcEpja2t6TlhCS2VGbzRRV05VV21GemQzQTRZMFJEVmxsdFRWQkRURXBVZDNadmQxaFZiVThLTUVKc1JVbHJlRFJ6V1Rob1NTdHpjblkxZDB4VldITTFSR2RIY2xCTU1reDFaVTlFVEhOM2EyaDVkVEoxVUN0VmVWVktTRVl6VkdselQwMHdhalJDU1FweGVsaDJiWHAwUzJ4VVRTOXVXSFZDYUhKTmFqZDNTVVJCVVVGQ2J6RlpkMVpFUVU5Q1owNVdTRkU0UWtGbU9FVkNRVTFEUW1GQmQwVjNXVVJXVWpCc0NrSkJkM2REWjFsSlMzZFpRa0pSVlVoQmQwbDNSRUZaUkZaU01GUkJVVWd2UWtGSmQwRkVRV1pDWjA1V1NGTk5SVWRFUVZkblFsUjBOVmRoZDNwWlltY0tTRE4yWjBWRlNpOTVWelZFU1VocFIyaHFRVTVDWjJ0eGFHdHBSemwzTUVKQlVYTkdRVUZQUTBGblJVRllZMlJCTWtKbFpWcG1LemhsU1doeFFWWTVOQXBYYld4blNuTmpSV3hZTlRnckwwRTJNV2xGUm5Sc1pGaDVlRlZWZEV0S1duUlhUV1pOVm5wU1JWUlpkM1ZOTm5sdlNISktkelJITlhKdFpXeHZibXh0Q2pkWVVFbGtUamhhTkVoc2VscHFVRXhVU1RVd1FVNUhhamhUVTAxT1RqWm1RM2xDWlRGVlZGSnhMM0JvVXprMlkzQXpRVUZNVkRSRk5ITm5RM0JFU1djS04yaFpkM1p3YlZSSWVFcG5abVJrVG5GWE1pdFlSRUZUVkdZdmFHWnhiVEZhZGpWb2JXaG1XR3BtY2tsQmNtTmtNak5LTVZsNFFrcEtlSFJCZDA5YWJBcEpiVTQ0ZEhaSFRWWlVaalZCVEhocU5XaEtWbVJYYVVwRVdFcG5aRmRDVUhCM2EwVkZOR2hXVUhSMWNuaGlSVXRXT0hKaGRVMW1VbmxSVG05eFNFNXFDbVp6ZDFGc01FUXhOeXN5WWtoeU1IaHVNbk14TURSalNDOVVVbU5DTldGT1JYVmpNblZzSzJKMWJVVkhkbGxMY0cxeU4yZDJUbXhIVDBOdE9GbEpVWGdLY2xwM2JYTm1lVEJ3VERCTGFXMTRNWFV4T1hKUGJuRlJhbTFVY0ZOQ00wNTZaMk01T1hSeWVtWjBWVlF6WlRsdlNTOTBjRWhJV0VWeWNYb3hZek5IVmdwUVdXUnNlVmc0UVdFeVQxRjJOakZMVVVablVYRmlPQzh5TkdNeUswRkRVMHRPZDBSVmNuUkxlVlJFTjBOc2FXTTVPV0o0WmpkVldEbGpaRlpYVVc5bkNrMUdlblYwV1RSVVZHVmxSbFV3YlRobFNGaG1Wa2RyTldnMldUTmxXSE5UZVd0NlZYaHZMMGxCTW5BMlpYbGxlaTlNWlVWVWJuUlFUMVJsTDB4RWJVSUtURTFRWWtoUlNVNXNORXBKTVdWV2NTOTVNa3hIUldWTmEweElkRWRWVERJNWVXeDFOVXRKYzJjM0sxUlJNVkkxUlROTWJXbHNNMWh0U3pReFVrcEJlZ3BzZGtWTWNtWmhVM292Y1hCUFVXMVJUVzUzYldoaldHeHZaRlpxTURSV1puSkVXVU5CT0RaVFZIRjNOMmQxVEhaakx6YzNUbGhqZVZkQ1JFOXVSbm8xQ21zMVNqTlZWVzFDU0ZOVlNFNU1SRFpMY25KRFdIWlZQUW90TFMwdExVVk9SQ0JEUlZKVVNVWkpRMEZVUlMwdExTMHRDZz09CiAgICBjbGllbnQta2V5LWRhdGE6IExTMHRMUzFDUlVkSlRpQlNVMEVnVUZKSlZrRlVSU0JMUlZrdExTMHRMUXBOU1VsS1MxRkpRa0ZCUzBOQlowVkJlVlJRUWtKd1NFeFJkR05rZFd0Vk5uZGtRbWdyY1hSbVYxVkxXVzVETUZaVlIxZFJWbTV5VVdzNFNGWm1VVUUwQ2psM1EwaHRNek5CYkVsUWJXOTRhR2x0YzFaQmRHMDRjMHd3TmtwYU5taENSVGcwT1RKclp6UkdOekpHTkhnM2JVTndSRWxhYm5CYWJXUmtTbHBwZUZJS1dYSkRkemRMYkdoaWFFRlFTVTA0YTJSVlFtZDVlRlV4VEZCQ05EUjJOMm92Y0RkcFEzRk1NRXh3VkZGR2NrMTVaa1pIVDJobVdEWndiMjFHVmxWQ1p3b3ZSWEpKV2poNWQxQlRObXh6Ykd4U2JGaFNlREpLWkhkT2NuaE1kbkJ5TkdwUVZGVjVOV1JDVDJRek9ETXplRTluWkRGbmNXbDJLM2htUVVaS1JERXpDbmNyZEZBNWJUbEpSRTVtWnpGVmNFeEhXVE5WV21sa1ZYaDNTQzlHYlVkaFNubElWVVZDUjFOd0x6VXdObm8zYkV0dmN6QTVkRGxZYWxwQlVWYzBWSEVLTVhGU1EzVlNZV2xLUmpWTlMxVXdSbWRvTWxFclNUZFNRa2wyVHpKeGFGRTNZblp0ZUZBclJtdFlSbkVyYlZWWmNIaENWM3BVYW5sWFRYUjBkVzFEZUFwSmVGZEhjMUpGT0RaWFp6UkdWRFpJWkRsMlNEZGFlWFpIY1RWa09XRnpWRTFqTlRSMVUyVkNRM050TmtrMmFsUm5XakpFWXpsMlVrSmhkV294UjFaNENuVk9ZalEzUldSek5tVk1PV2xtTlRKVWFtTmxXVzkxUzNCUk16aFplREJ0UVhGWVpGZzFWbXBqZG1GRlJrZzVZek5WUm05MFFsSTNZV05HVkRjMWQwMEtMemtyU1U5aWNWQnBaak5IY0VRM2EwdzVaV0ZpVEZFclFpdG9aV2RpU0hGaUwwbENhV1JqYUVaelYxUlVLMmc0WjJGNVZuRXpjR3g0YVdWNFNrMTVTd3A1VGl0aFUyTlhaa0ZJUlRKWGNrMUxaa2hCZDJ4WFNtcEVkMmw1VlRoTU5rMUdNVXBxZEVGYVVrTktUV1ZNUjFCSlUxQnlTemNyWTBNeFJqZFBVVFJDQ25GNmVUbHBOMjVxWjNrM1RVcEpZM0owY21vdmJFMXNRMUo0WkRBMGNrUnFUa2tyUVZOTGN6RTNOWE0zVTNCVmVsQTFNVGRuV1dGNlNTczRRMEYzUlVFS1FWRkxRMEZuUlVGb1duTlFXRFI0Y1RORGVUWjFaRzFGTldaVE5WTXhjVWhUTVN0VmRGbHBaV05oSzNaNFF6RjZNbVJ3UzB0UFNpODRWVEY0ZGpCbmJncElUR1pzTjBsSGFEUk5TMEpqVjA5eWFFcEtlbGhrYWpGMFprRnlWa2x5UjJKTlZsZGFabGszY21WS2MyOU9aelJNV21OMlZESkROR1p1T1RCVVVVNUNDa0p1VVRGb05GUnNOR1JLY0U1Q1NWZExTWGhoZVdWdFYyWndjMFUwVTJ4TFYzSkNTVFptYmlzeVZucFRPWEJRWWpaTlJFUlJSbEZ4TUhZelducEZkVFFLT0VSbVRXOW1lamN4ZGtodVRUTjFSV05YVW1sTEsxUXJhbUZPTm5SMVRIVXhhakZhTUZKSVlteENUSE5SVEZKTlZIbGFUMVUzTVZwcVZXcDROVmRSU3dwQ1ZGWktVVWhzUVVjeWVqWkZVV1Z1U0ZOMGRrNHlOa05xWkM5Q01GSllTMUJFU1Zaak5qRnNVV1paUlhGeVlYVnFablZRVlZOaFdGSjNZakp2Tml0eENqVmtiVlZYTkhsbmVuTkdVbHBwZURSRlluWkNSbUZRVm1OaWFHNTVWbGQwTUN0UVMxcG5ZV3BPVDFOT1FWZE9PWFp6WlVGRloxVk1aekZXYUZreVVWQUtVamg1VERVMVltTXpOVTVXUkZCRFprTlpVelpEVmtFdmQzcExVWEkyVm5OaVFYQldOM016Y2tsSE1uUllSa3h3VGxGdmQxaGpZV2dyZWxjMGNYUnlSQXB5TkVGdlYzSlhjVFF4UVRJNVExSmxVR2hxZVhKcE1EUk5NVVZZZHpOTFRXbGxTVmx4YkRZMlQxcGtPVVk1VkV3dmF6RXJTMWh4VlZOc1QzUk1lSGgyQ2tWMmJuWkdVbXRyVkRVMGRGRktZVEJCY21zeFFTOVlXa0ZYZEdjd1lYTkxSMEZrV2s5bFJsRjZiVGswYUdnMGVIZDBPRFJvWm1kMFIweDViWGxqWjBVS1EyeHFkRXhaUWxkQ2JrOXdLMGhDWjBWSlVVSTRkRTk0TUZkT1JWVjNlRXBSV25wU1kzUlRSMmMzVWtwNFZGRlBibkUwYlRadlVFaFJRMU5RYUc1d09BbzRjVlZTYVRCS1drRldUMVpDTldacWREa3hOa3MxV0hvdmVDOXVVV3d2VVZrNE9HVkpkR2wyUkhwSGNESjFRemM0Y2tWRFoyZEZRa0ZPSzNBck5FZDRDa05YY0dKRU1qUk5Va1VyZUV4M1RHWXJhQ3RIVEVNd1NGQnVObmxhY0ZNeE9GVklOV2RqZVdGYU1FUnZNalV2VjJjelprRkVVak40VGxkbldEUldUemtLUW5OckswWmhRVzB3TmpGRVRIZDJlSGR0Wm1VemJHTlBURmQ1U3psVVRWSktlVGgxTjBScFVDdHVUbU4xY1dSNUsxVnFaSEZ6YlUxRGRXWnRlVlEzYndwWWJtVlNWMFpyTDBzM2JGaEZkbGxOT0VOYVJXTkZOMDVGWVRGb00yZzFWRzlVTlhoVGRHVnFNR0l6Y0ZKeVdWSlZaRkZRUmtGblRFdDVWMHRrY0dKbENqaEVUVFJFTm5aUlNWbFpWMDF0WVRodWRFZDRZakl4SzJKWFlrOHhNbVJ6VEdack0zZDBVekZ5WkdjeFoyRnlkQzlGYWtFM1MyRjNkbGhGVldFdk9HSUtjV2RNT0VkRFFWcFJVbVI2UTAxdk1HaGtObTlpZHpZdmREbFNjVXBtWjNWeFVqSlVjWFJPU21SNVYyOUtZbklyZFdOVldFaENhV3d3VTJaYVZVc3dhQW94Vnl0dlVqRkVNblEwWmxsRFRHdERaMmRGUWtGUFdrdGpRbGMxZFhkeWRrTkNSUzlUZWtoMWEwMTJUbEJzWWxKalZYUkRkRTVIUVRGak5EZDRORXBwQ2xsYVJVSnlUbVkyVG1nemEwVk5NWFJwVWtWQmRXeHhjMDk2YnpWRFdFSkRSRUp6TVRrd2RFVTNUblF6Umt4V1VFSTBUMnRNVVVsSmFIQlljR05KZFZBS016TkJWWE5wUzNJMVIzRTNaRE13YzB0RVVuaFhhRTU1ZG1oamJDOVBjME5MSzJGUldtUm5XSGxSVW5kNlNYZ3lUaXRIVms1NlZDczRZMGMzUWl0VlNRcDBTWGd2UzBOd2RIZHFWRGw1VERsWGRIQmpXVXRLZUcxeE9XaEdhbGRVYjJ4bWNVc3hXVmNyYVRCV2VrMDFNWHA2YmtGeFNHY3JkVEZZYWtsb0t6VkxDblJvTVhVdlIxZHFhWHBhSzBwQ01GbElNRVJNZDJsT1NIcExUVU41VDNKUmJrcDFVekpRYzJwMldqbFBLMjlOVGxJcldWQXJXbVJsY1dGbU4wOXlaWFVLYzJselZGZHBhVms0UVdWTlRXWXlPRkVyZVRNNGJDOVdVRTVIYlRkUU9XUjBabFV3V1RsQmR6ZGxZME5uWjBWQlEwWnlRa2RyWTFOdmRscHFlbE5wU1FwS1RFaHdialpJWlVwbE9VNUdlVVlyU2tJeGJERTBaekJUZEV0WVJuQXhkRE5sTjFWNFZrOTBPVmh6YmtGclpGRlNNazFqT1RWUVNDOVNlR3RyYldKbkNqUlZabmhMWmtWT05HWk9hRTl5T0Rnd2VVVmtjRFZ4YzJKQllrVnlRbWN3YzNKd2VpOXRNRGxCYjNaR1NsZEpiSGhwVUVsM1MwUk9XbTl1TTFWME5Gb0tUa0ZOWTI5cVVUVm9SRkp4VUZsa1RHTmlOa2RJV0hacFQyZE1hRmROZVRGMVVFcE9kMlE1UkhaNloxRTVNM1o2VlV0UGNtRnNaRXBuWVVKSFpGcFRRUXB5UWtkSlRVYzBOMUZJYm5kUU5XSktXREV5Tm1wb1NuTmFWRXhCUWtaSlJTOUdOa1JUVnpnMlZGUXhibTFhU21kblUycFRTQ3RXV1hCSFVHMVJjM2wxQ25OalIwdFJiMDVVZGsweGRESkpPSGQyY1RVMFdFcDZhR3hGYXk5NVJWTnRVSEpJV2s1MlRITXpXQzlRWms1M01IYzVhRXRQZVRGWlZ6Wk9aR2h3YVhjS2IyeEtabWRSUzBOQlVVRXZSRE00YkRBNVozVktSWEJZVUhKbEsydHZPQzh6TlVsRlowSklRVUpEU1hwb1JUUkllbFZNVTNBeFNVVlFVM040WTFOcVJRcG5jVVV2VURWR1lrRktTVWhLYTJGS2NWQnBNbkp5T1ZZM1F6aDBaekZDUVhkS2EwSkdVVlF2ZGxWTk9UTlZkazVZVlVWbFZtMVdaVGhoZG1RMWNXZEVDblZvV0RoU2N6QjZibmcyUmxkT1VrbDZibEV4Wm10RE4xRkRkRVJSZWtGbFkxTjZlVUZoVmtoMGJUWktjVzgxVlN0SWQzVTRXRlpRVXpkeFdqZzNhRTBLWm01dmMwOTJhVUUwTTB0eVkxVnVOVlJSU25NNFYzVjNWV0puY1dsWlZHeHVZV2Q1YnpOWFUweFdXbE5CVWxGbWIxQnViaTlNYkd3d1prSXpaa3BOZHdwa2RGazBlVlpSTVd0Q1dUTlNkaTgwVnpGcVpGSkJZU3RoZWxoVVpqTlFOMWhqYzI1bE9HMUhZa1JXZVdnNE9UVlhhMmN6TmtSVFRuRjRlbnBLVURSR0NtTjRVakZaVFhCUk1XZFpaWGtyZERsc1dFbHpZekpNVTBwSGFEUnhRVEZrUVc5SlFrRlJRMW94YlZRdldEbFVTakkwVkV4TlNESXZVemx3VlVSUmRsWUtWMG92VjFCc1dFc3djMFJIWkVFdk4xZ3labU5oUVZOMllrTklSbTAxV1dWSFJFWm9URTlEU2xoWFYzSk5iRTVNTWxsRFYyUjZhWHBKYkZWcmRYaExOQXBzVkZaak1ESjBUVkZ3TlhodlNrRlVNSFF4ZERjMGJsTk1UblJzVFVaWmVGWXhja05IY1ZsbVJtMWlVVzFNYkRacU5FZHFPWGhPV1ZkaVF6RnVTMjF1Q2tGWWRqQXJRVEIzYTNOWk5uRkNXRTFUTm1aelNUUlpjRW93ZUM5b2RtOXBNMlJxWjBwa2JtRnNSVlJWSzNGWWFFTXhkekUyTVdGMVZreERiV2RCSzFnS2JYTlFRbmg1TVRFd1l6UlJTbVJOUVROR1JXMVllbmxLV1RacVpuaEZjRW8xVTJObk5FVkhlVGxCTkRCUlR6UkxjRmhoWTBOQ1NXaEdNemxKVEhscFV3cDBjSFF4V0V0T1RVbENaSEJsY0RsTVRsSklTRzVJZDAxaFVGcHBibkF6ZDNNdlkyZEZVRTlxVWpOVlVuQjVNMlJsVEU1c1UwRlNNVWRFY2s4S0xTMHRMUzFGVGtRZ1VsTkJJRkJTU1ZaQlZFVWdTMFZaTFMwdExTMEsKICAgIHRva2VuOiB3OHcydnBuaWZtOGt4Z2tlMmFmcjQyeDV5d3U3ZzAxYnB3b3BzYmNiNTVscXR1MG5jbDM1emNuN3o3MjN1OTc2aHFlZXpocW45bDRsZTR3MnMxb2U5NmQyZzJlNHV4dmxrdGtmOGdyZ254ZzUxYmZnd3kwb3JneHNuZjI1djFkMAo=\"\n
        \  }\n  ]\n }"
    headers:
      cache-control:
      - no-cache
      content-length:
      - '13108'
      content-type:
      - application/json
      date:
      - Wed, 15 Mar 2023 10:04:41 GMT
      expires:
      - '-1'
      pragma:
      - no-cache
      server:
      - nginx
      strict-transport-security:
      - max-age=31536000; includeSubDomains
      transfer-encoding:
      - chunked
      vary:
      - Accept-Encoding
      x-content-type-options:
      - nosniff
      x-ms-ratelimit-remaining-subscription-writes:
      - '1199'
    status:
      code: 200
      message: OK
- request:
    body: null
    headers:
      Accept:
      - application/json
      Accept-Encoding:
      - gzip, deflate
      CommandName:
      - aks scale
      Connection:
      - keep-alive
      ParameterSetName:
      - -g -n --node-count
      User-Agent:
      - AZURECLI/2.46.0 azsdk-python-azure-mgmt-containerservice/21.2.0 Python/3.8.10
        (Linux-5.15.0-1033-azure-x86_64-with-glibc2.29)
    method: GET
    uri: https://management.azure.com/subscriptions/00000000-0000-0000-0000-000000000000/resourceGroups/clitest000001/providers/Microsoft.ContainerService/managedClusters/cliakstest000002?api-version=2023-03-01
  response:
    body:
      string: "{\n  \"id\": \"/subscriptions/00000000-0000-0000-0000-000000000000/resourcegroups/clitest000001/providers/Microsoft.ContainerService/managedClusters/cliakstest000002\",\n
        \ \"location\": \"westus2\",\n  \"name\": \"cliakstest000002\",\n  \"tags\":
        {\n   \"key1\": \"value1\"\n  },\n  \"type\": \"Microsoft.ContainerService/ManagedClusters\",\n
        \ \"properties\": {\n   \"provisioningState\": \"Succeeded\",\n   \"powerState\":
        {\n    \"code\": \"Running\"\n   },\n   \"kubernetesVersion\": \"1.24.9\",\n
        \  \"currentKubernetesVersion\": \"1.24.9\",\n   \"dnsPrefix\": \"cliakstest-clitestby5lceusw-79a739\",\n
        \  \"fqdn\": \"cliakstest-clitestby5lceusw-79a739-082tmgg3.hcp.westus2.azmk8s.io\",\n
        \  \"azurePortalFQDN\": \"cliakstest-clitestby5lceusw-79a739-082tmgg3.portal.hcp.westus2.azmk8s.io\",\n
        \  \"agentPoolProfiles\": [\n    {\n     \"name\": \"nodepool1\",\n     \"count\":
        1,\n     \"vmSize\": \"Standard_DS2_v2\",\n     \"osDiskSizeGB\": 128,\n     \"osDiskType\":
        \"Managed\",\n     \"kubeletDiskType\": \"OS\",\n     \"maxPods\": 110,\n
        \    \"type\": \"VirtualMachineScaleSets\",\n     \"enableAutoScaling\": false,\n
        \    \"provisioningState\": \"Succeeded\",\n     \"powerState\": {\n      \"code\":
        \"Running\"\n     },\n     \"orchestratorVersion\": \"1.24.9\",\n     \"currentOrchestratorVersion\":
        \"1.24.9\",\n     \"enableNodePublicIP\": false,\n     \"tags\": {\n      \"tag1\":
        \"tv1\",\n      \"tag2\": \"tv2\"\n     },\n     \"nodeLabels\": {\n      \"label1\":
        \"value1\",\n      \"label2\": \"value2\"\n     },\n     \"mode\": \"System\",\n
        \    \"enableEncryptionAtHost\": false,\n     \"enableUltraSSD\": false,\n
        \    \"osType\": \"Linux\",\n     \"osSKU\": \"Ubuntu\",\n     \"nodeImageVersion\":
        \"AKSUbuntu-1804gen2containerd-2023.02.15\",\n     \"upgradeSettings\": {},\n
        \    \"enableFIPS\": false\n    }\n   ],\n   \"linuxProfile\": {\n    \"adminUsername\":
        \"azureuser\",\n    \"ssh\": {\n     \"publicKeys\": [\n      {\n       \"keyData\":
        \"ssh-rsa AAAAB3NzaC1yc2EAAAADAQABAAABAQC+Tw5fQ1llhTaOQkrl1FxV1VswmtYGwgleHCPi7kNYtIZ2kdobxPHgVkhlxcSy2u6aAvjV7idMzxJ0nSl0MrLqF1GVtyO+SMx+iDXJomtEN6hscMcn8S6DJCm4XyPZyur50Qn6K4KGrmSQ4ZK0VXShfteE6THR2+DoYBsWbD86+XOLOrPr8H5DOQxEYYq0K2usPpntyItOJ2RtolEo9Y9nzxSsioEvb31B4vFX0LfssWX/yFJorU1OLMSxgIXOZ0xzEPOV//GzqeOjBx5s5OIueUYevzSLR3qskiQkE/6JT0YSkVKLfF5z4N8ptZ+7vqZteZTaAZld9zYnsBx7cKob
        azcli_aks_live_test@example.com\\n\"\n      }\n     ]\n    }\n   },\n   \"servicePrincipalProfile\":
        {\n    \"clientId\":\"00000000-0000-0000-0000-000000000001\"\n   },\n   \"nodeResourceGroup\":
        \"MC_clitest000001_cliakstest000002_westus2\",\n   \"enableRBAC\": true,\n
        \  \"networkProfile\": {\n    \"networkPlugin\": \"kubenet\",\n    \"loadBalancerSku\":
        \"Standard\",\n    \"loadBalancerProfile\": {\n     \"managedOutboundIPs\":
        {\n      \"count\": 1\n     },\n     \"effectiveOutboundIPs\": [\n      {\n
        \      \"id\": \"/subscriptions/00000000-0000-0000-0000-000000000000/resourceGroups/MC_clitest000001_cliakstest000002_westus2/providers/Microsoft.Network/publicIPAddresses/d95940c8-33a9-4be1-8357-b76bfe43cf66\"\n
        \     }\n     ]\n    },\n    \"podCidr\": \"10.244.0.0/16\",\n    \"serviceCidr\":
        \"10.0.0.0/16\",\n    \"dnsServiceIP\": \"10.0.0.10\",\n    \"dockerBridgeCidr\":
        \"172.17.0.1/16\",\n    \"outboundType\": \"loadBalancer\",\n    \"podCidrs\":
        [\n     \"10.244.0.0/16\"\n    ],\n    \"serviceCidrs\": [\n     \"10.0.0.0/16\"\n
        \   ],\n    \"ipFamilies\": [\n     \"IPv4\"\n    ]\n   },\n   \"maxAgentPools\":
        100,\n   \"identityProfile\": {\n    \"kubeletidentity\": {\n     \"resourceId\":
        \"/subscriptions/00000000-0000-0000-0000-000000000000/resourcegroups/MC_clitest000001_cliakstest000002_westus2/providers/Microsoft.ManagedIdentity/userAssignedIdentities/cliakstest000002-agentpool\",\n
        \    \"clientId\":\"00000000-0000-0000-0000-000000000001\",\n     \"objectId\":\"00000000-0000-0000-0000-000000000001\"\n
        \   }\n   },\n   \"disableLocalAccounts\": false,\n   \"securityProfile\":
        {},\n   \"storageProfile\": {\n    \"diskCSIDriver\": {\n     \"enabled\":
        true\n    },\n    \"fileCSIDriver\": {\n     \"enabled\": true\n    },\n    \"snapshotController\":
        {\n     \"enabled\": true\n    }\n   },\n   \"oidcIssuerProfile\": {\n    \"enabled\":
        false\n   },\n   \"workloadAutoScalerProfile\": {}\n  },\n  \"identity\":
        {\n   \"type\": \"SystemAssigned\",\n   \"principalId\":\"00000000-0000-0000-0000-000000000001\",\n
        \  \"tenantId\": \"72f988bf-86f1-41af-91ab-2d7cd011db47\"\n  },\n  \"sku\":
        {\n   \"name\": \"Basic\",\n   \"tier\": \"Free\"\n  }\n }"
    headers:
      cache-control:
      - no-cache
      content-length:
      - '4102'
      content-type:
      - application/json
      date:
      - Wed, 15 Mar 2023 10:04:42 GMT
      expires:
      - '-1'
      pragma:
      - no-cache
      server:
      - nginx
      strict-transport-security:
      - max-age=31536000; includeSubDomains
      transfer-encoding:
      - chunked
      vary:
      - Accept-Encoding
      x-content-type-options:
      - nosniff
    status:
      code: 200
      message: OK
- request:
    body: '{"tags": {"key1": "value1"}, "location": "westus2", "sku": {"name": "Basic",
      "tier": "Free"}, "identity": {"type": "SystemAssigned"}, "properties": {"kubernetesVersion":
      "1.24.9", "dnsPrefix": "cliakstest-clitestby5lceusw-79a739", "agentPoolProfiles":
      [{"count": 3, "vmSize": "Standard_DS2_v2", "osDiskSizeGB": 128, "osDiskType":
      "Managed", "kubeletDiskType": "OS", "maxPods": 110, "osType": "Linux", "osSKU":
      "Ubuntu", "enableAutoScaling": false, "type": "VirtualMachineScaleSets", "mode":
      "System", "orchestratorVersion": "1.24.9", "upgradeSettings": {}, "powerState":
      {"code": "Running"}, "enableNodePublicIP": false, "tags": {"tag1": "tv1", "tag2":
      "tv2"}, "nodeLabels": {"label1": "value1", "label2": "value2"}, "enableEncryptionAtHost":
      false, "enableUltraSSD": false, "enableFIPS": false, "name": "nodepool1"}],
      "linuxProfile": {"adminUsername": "azureuser", "ssh": {"publicKeys": [{"keyData":
      "ssh-rsa AAAAB3NzaC1yc2EAAAADAQABAAABAQC+Tw5fQ1llhTaOQkrl1FxV1VswmtYGwgleHCPi7kNYtIZ2kdobxPHgVkhlxcSy2u6aAvjV7idMzxJ0nSl0MrLqF1GVtyO+SMx+iDXJomtEN6hscMcn8S6DJCm4XyPZyur50Qn6K4KGrmSQ4ZK0VXShfteE6THR2+DoYBsWbD86+XOLOrPr8H5DOQxEYYq0K2usPpntyItOJ2RtolEo9Y9nzxSsioEvb31B4vFX0LfssWX/yFJorU1OLMSxgIXOZ0xzEPOV//GzqeOjBx5s5OIueUYevzSLR3qskiQkE/6JT0YSkVKLfF5z4N8ptZ+7vqZteZTaAZld9zYnsBx7cKob
      azcli_aks_live_test@example.com\n"}]}}, "oidcIssuerProfile": {"enabled": false},
      "nodeResourceGroup": "MC_clitest000001_cliakstest000002_westus2", "enableRBAC":
      true, "networkProfile": {"networkPlugin": "kubenet", "podCidr": "10.244.0.0/16",
      "serviceCidr": "10.0.0.0/16", "dnsServiceIP": "10.0.0.10", "dockerBridgeCidr":
      "172.17.0.1/16", "outboundType": "loadBalancer", "loadBalancerSku": "Standard",
      "loadBalancerProfile": {"managedOutboundIPs": {"count": 1}, "effectiveOutboundIPs":
      [{"id": "/subscriptions/00000000-0000-0000-0000-000000000000/resourceGroups/MC_clitest000001_cliakstest000002_westus2/providers/Microsoft.Network/publicIPAddresses/d95940c8-33a9-4be1-8357-b76bfe43cf66"}]},
      "podCidrs": ["10.244.0.0/16"], "serviceCidrs": ["10.0.0.0/16"], "ipFamilies":
      ["IPv4"]}, "identityProfile": {"kubeletidentity": {"resourceId": "/subscriptions/00000000-0000-0000-0000-000000000000/resourcegroups/MC_clitest000001_cliakstest000002_westus2/providers/Microsoft.ManagedIdentity/userAssignedIdentities/cliakstest000002-agentpool",
      "clientId":"00000000-0000-0000-0000-000000000001", "objectId":"00000000-0000-0000-0000-000000000001"}},
      "disableLocalAccounts": false, "securityProfile": {}, "storageProfile": {"diskCSIDriver":
      {"enabled": true}, "fileCSIDriver": {"enabled": true}, "snapshotController":
      {"enabled": true}}, "workloadAutoScalerProfile": {}}}'
    headers:
      Accept:
      - application/json
      Accept-Encoding:
      - gzip, deflate
      CommandName:
      - aks scale
      Connection:
      - keep-alive
      Content-Length:
      - '2639'
      Content-Type:
      - application/json
      ParameterSetName:
      - -g -n --node-count
      User-Agent:
      - AZURECLI/2.46.0 azsdk-python-azure-mgmt-containerservice/21.2.0 Python/3.8.10
        (Linux-5.15.0-1033-azure-x86_64-with-glibc2.29)
    method: PUT
    uri: https://management.azure.com/subscriptions/00000000-0000-0000-0000-000000000000/resourceGroups/clitest000001/providers/Microsoft.ContainerService/managedClusters/cliakstest000002?api-version=2023-03-01
  response:
    body:
      string: "{\n  \"id\": \"/subscriptions/00000000-0000-0000-0000-000000000000/resourcegroups/clitest000001/providers/Microsoft.ContainerService/managedClusters/cliakstest000002\",\n
        \ \"location\": \"westus2\",\n  \"name\": \"cliakstest000002\",\n  \"tags\":
        {\n   \"key1\": \"value1\"\n  },\n  \"type\": \"Microsoft.ContainerService/ManagedClusters\",\n
        \ \"properties\": {\n   \"provisioningState\": \"Updating\",\n   \"powerState\":
        {\n    \"code\": \"Running\"\n   },\n   \"kubernetesVersion\": \"1.24.9\",\n
        \  \"currentKubernetesVersion\": \"1.24.9\",\n   \"dnsPrefix\": \"cliakstest-clitestby5lceusw-79a739\",\n
        \  \"fqdn\": \"cliakstest-clitestby5lceusw-79a739-082tmgg3.hcp.westus2.azmk8s.io\",\n
        \  \"azurePortalFQDN\": \"cliakstest-clitestby5lceusw-79a739-082tmgg3.portal.hcp.westus2.azmk8s.io\",\n
        \  \"agentPoolProfiles\": [\n    {\n     \"name\": \"nodepool1\",\n     \"count\":
        3,\n     \"vmSize\": \"Standard_DS2_v2\",\n     \"osDiskSizeGB\": 128,\n     \"osDiskType\":
        \"Managed\",\n     \"kubeletDiskType\": \"OS\",\n     \"maxPods\": 110,\n
        \    \"type\": \"VirtualMachineScaleSets\",\n     \"enableAutoScaling\": false,\n
        \    \"provisioningState\": \"Updating\",\n     \"powerState\": {\n      \"code\":
        \"Running\"\n     },\n     \"orchestratorVersion\": \"1.24.9\",\n     \"currentOrchestratorVersion\":
        \"1.24.9\",\n     \"enableNodePublicIP\": false,\n     \"tags\": {\n      \"tag1\":
        \"tv1\",\n      \"tag2\": \"tv2\"\n     },\n     \"nodeLabels\": {\n      \"label1\":
        \"value1\",\n      \"label2\": \"value2\"\n     },\n     \"mode\": \"System\",\n
        \    \"enableEncryptionAtHost\": false,\n     \"enableUltraSSD\": false,\n
        \    \"osType\": \"Linux\",\n     \"osSKU\": \"Ubuntu\",\n     \"nodeImageVersion\":
        \"AKSUbuntu-1804gen2containerd-2023.02.15\",\n     \"upgradeSettings\": {},\n
        \    \"enableFIPS\": false\n    }\n   ],\n   \"linuxProfile\": {\n    \"adminUsername\":
        \"azureuser\",\n    \"ssh\": {\n     \"publicKeys\": [\n      {\n       \"keyData\":
        \"ssh-rsa AAAAB3NzaC1yc2EAAAADAQABAAABAQC+Tw5fQ1llhTaOQkrl1FxV1VswmtYGwgleHCPi7kNYtIZ2kdobxPHgVkhlxcSy2u6aAvjV7idMzxJ0nSl0MrLqF1GVtyO+SMx+iDXJomtEN6hscMcn8S6DJCm4XyPZyur50Qn6K4KGrmSQ4ZK0VXShfteE6THR2+DoYBsWbD86+XOLOrPr8H5DOQxEYYq0K2usPpntyItOJ2RtolEo9Y9nzxSsioEvb31B4vFX0LfssWX/yFJorU1OLMSxgIXOZ0xzEPOV//GzqeOjBx5s5OIueUYevzSLR3qskiQkE/6JT0YSkVKLfF5z4N8ptZ+7vqZteZTaAZld9zYnsBx7cKob
        azcli_aks_live_test@example.com\\n\"\n      }\n     ]\n    }\n   },\n   \"servicePrincipalProfile\":
        {\n    \"clientId\":\"00000000-0000-0000-0000-000000000001\"\n   },\n   \"nodeResourceGroup\":
        \"MC_clitest000001_cliakstest000002_westus2\",\n   \"enableRBAC\": true,\n
        \  \"networkProfile\": {\n    \"networkPlugin\": \"kubenet\",\n    \"loadBalancerSku\":
        \"Standard\",\n    \"loadBalancerProfile\": {\n     \"managedOutboundIPs\":
        {\n      \"count\": 1\n     },\n     \"effectiveOutboundIPs\": [\n      {\n
        \      \"id\": \"/subscriptions/00000000-0000-0000-0000-000000000000/resourceGroups/MC_clitest000001_cliakstest000002_westus2/providers/Microsoft.Network/publicIPAddresses/d95940c8-33a9-4be1-8357-b76bfe43cf66\"\n
        \     }\n     ]\n    },\n    \"podCidr\": \"10.244.0.0/16\",\n    \"serviceCidr\":
        \"10.0.0.0/16\",\n    \"dnsServiceIP\": \"10.0.0.10\",\n    \"dockerBridgeCidr\":
        \"172.17.0.1/16\",\n    \"outboundType\": \"loadBalancer\",\n    \"podCidrs\":
        [\n     \"10.244.0.0/16\"\n    ],\n    \"serviceCidrs\": [\n     \"10.0.0.0/16\"\n
        \   ],\n    \"ipFamilies\": [\n     \"IPv4\"\n    ]\n   },\n   \"maxAgentPools\":
        100,\n   \"identityProfile\": {\n    \"kubeletidentity\": {\n     \"resourceId\":
        \"/subscriptions/00000000-0000-0000-0000-000000000000/resourcegroups/MC_clitest000001_cliakstest000002_westus2/providers/Microsoft.ManagedIdentity/userAssignedIdentities/cliakstest000002-agentpool\",\n
        \    \"clientId\":\"00000000-0000-0000-0000-000000000001\",\n     \"objectId\":\"00000000-0000-0000-0000-000000000001\"\n
        \   }\n   },\n   \"disableLocalAccounts\": false,\n   \"securityProfile\":
        {},\n   \"storageProfile\": {\n    \"diskCSIDriver\": {\n     \"enabled\":
        true\n    },\n    \"fileCSIDriver\": {\n     \"enabled\": true\n    },\n    \"snapshotController\":
        {\n     \"enabled\": true\n    }\n   },\n   \"oidcIssuerProfile\": {\n    \"enabled\":
        false\n   },\n   \"workloadAutoScalerProfile\": {}\n  },\n  \"identity\":
        {\n   \"type\": \"SystemAssigned\",\n   \"principalId\":\"00000000-0000-0000-0000-000000000001\",\n
        \  \"tenantId\": \"72f988bf-86f1-41af-91ab-2d7cd011db47\"\n  },\n  \"sku\":
        {\n   \"name\": \"Basic\",\n   \"tier\": \"Free\"\n  }\n }"
    headers:
      azure-asyncoperation:
      - https://management.azure.com/subscriptions/00000000-0000-0000-0000-000000000000/providers/Microsoft.ContainerService/locations/westus2/operations/7982f048-bc0c-44ba-937f-34ae4da59aca?api-version=2016-03-30
      cache-control:
      - no-cache
      content-length:
      - '4100'
      content-type:
      - application/json
      date:
      - Wed, 15 Mar 2023 10:04:45 GMT
      expires:
      - '-1'
      pragma:
      - no-cache
      server:
      - nginx
      strict-transport-security:
      - max-age=31536000; includeSubDomains
      transfer-encoding:
      - chunked
      vary:
      - Accept-Encoding
      x-content-type-options:
      - nosniff
      x-ms-ratelimit-remaining-subscription-writes:
      - '1199'
    status:
      code: 200
      message: OK
- request:
    body: null
    headers:
      Accept:
      - '*/*'
      Accept-Encoding:
      - gzip, deflate
      CommandName:
      - aks scale
      Connection:
      - keep-alive
      ParameterSetName:
      - -g -n --node-count
      User-Agent:
      - AZURECLI/2.46.0 azsdk-python-azure-mgmt-containerservice/21.2.0 Python/3.8.10
        (Linux-5.15.0-1033-azure-x86_64-with-glibc2.29)
    method: GET
    uri: https://management.azure.com/subscriptions/00000000-0000-0000-0000-000000000000/providers/Microsoft.ContainerService/locations/westus2/operations/7982f048-bc0c-44ba-937f-34ae4da59aca?api-version=2016-03-30
  response:
    body:
      string: "{\n  \"name\": \"48f08279-0cbc-ba44-937f-34ae4da59aca\",\n  \"status\":
        \"InProgress\",\n  \"startTime\": \"2023-03-15T10:04:45.5708548Z\"\n }"
    headers:
      cache-control:
      - no-cache
      content-length:
      - '126'
      content-type:
      - application/json
      date:
      - Wed, 15 Mar 2023 10:05:15 GMT
      expires:
      - '-1'
      pragma:
      - no-cache
      server:
      - nginx
      strict-transport-security:
      - max-age=31536000; includeSubDomains
      transfer-encoding:
      - chunked
      vary:
      - Accept-Encoding
      x-content-type-options:
      - nosniff
    status:
      code: 200
      message: OK
- request:
    body: null
    headers:
      Accept:
      - '*/*'
      Accept-Encoding:
      - gzip, deflate
      CommandName:
      - aks scale
      Connection:
      - keep-alive
      ParameterSetName:
      - -g -n --node-count
      User-Agent:
      - AZURECLI/2.46.0 azsdk-python-azure-mgmt-containerservice/21.2.0 Python/3.8.10
        (Linux-5.15.0-1033-azure-x86_64-with-glibc2.29)
    method: GET
    uri: https://management.azure.com/subscriptions/00000000-0000-0000-0000-000000000000/providers/Microsoft.ContainerService/locations/westus2/operations/7982f048-bc0c-44ba-937f-34ae4da59aca?api-version=2016-03-30
  response:
    body:
      string: "{\n  \"name\": \"48f08279-0cbc-ba44-937f-34ae4da59aca\",\n  \"status\":
        \"InProgress\",\n  \"startTime\": \"2023-03-15T10:04:45.5708548Z\"\n }"
    headers:
      cache-control:
      - no-cache
      content-length:
      - '126'
      content-type:
      - application/json
      date:
      - Wed, 15 Mar 2023 10:05:46 GMT
      expires:
      - '-1'
      pragma:
      - no-cache
      server:
      - nginx
      strict-transport-security:
      - max-age=31536000; includeSubDomains
      transfer-encoding:
      - chunked
      vary:
      - Accept-Encoding
      x-content-type-options:
      - nosniff
    status:
      code: 200
      message: OK
- request:
    body: null
    headers:
      Accept:
      - '*/*'
      Accept-Encoding:
      - gzip, deflate
      CommandName:
      - aks scale
      Connection:
      - keep-alive
      ParameterSetName:
      - -g -n --node-count
      User-Agent:
      - AZURECLI/2.46.0 azsdk-python-azure-mgmt-containerservice/21.2.0 Python/3.8.10
        (Linux-5.15.0-1033-azure-x86_64-with-glibc2.29)
    method: GET
    uri: https://management.azure.com/subscriptions/00000000-0000-0000-0000-000000000000/providers/Microsoft.ContainerService/locations/westus2/operations/7982f048-bc0c-44ba-937f-34ae4da59aca?api-version=2016-03-30
  response:
    body:
      string: "{\n  \"name\": \"48f08279-0cbc-ba44-937f-34ae4da59aca\",\n  \"status\":
        \"InProgress\",\n  \"startTime\": \"2023-03-15T10:04:45.5708548Z\"\n }"
    headers:
      cache-control:
      - no-cache
      content-length:
      - '126'
      content-type:
      - application/json
      date:
      - Wed, 15 Mar 2023 10:06:16 GMT
      expires:
      - '-1'
      pragma:
      - no-cache
      server:
      - nginx
      strict-transport-security:
      - max-age=31536000; includeSubDomains
      transfer-encoding:
      - chunked
      vary:
      - Accept-Encoding
      x-content-type-options:
      - nosniff
    status:
      code: 200
      message: OK
- request:
    body: null
    headers:
      Accept:
      - '*/*'
      Accept-Encoding:
      - gzip, deflate
      CommandName:
      - aks scale
      Connection:
      - keep-alive
      ParameterSetName:
      - -g -n --node-count
      User-Agent:
      - AZURECLI/2.46.0 azsdk-python-azure-mgmt-containerservice/21.2.0 Python/3.8.10
        (Linux-5.15.0-1033-azure-x86_64-with-glibc2.29)
    method: GET
    uri: https://management.azure.com/subscriptions/00000000-0000-0000-0000-000000000000/providers/Microsoft.ContainerService/locations/westus2/operations/7982f048-bc0c-44ba-937f-34ae4da59aca?api-version=2016-03-30
  response:
    body:
      string: "{\n  \"name\": \"48f08279-0cbc-ba44-937f-34ae4da59aca\",\n  \"status\":
        \"InProgress\",\n  \"startTime\": \"2023-03-15T10:04:45.5708548Z\"\n }"
    headers:
      cache-control:
      - no-cache
      content-length:
      - '126'
      content-type:
      - application/json
      date:
      - Wed, 15 Mar 2023 10:06:45 GMT
      expires:
      - '-1'
      pragma:
      - no-cache
      server:
      - nginx
      strict-transport-security:
      - max-age=31536000; includeSubDomains
      transfer-encoding:
      - chunked
      vary:
      - Accept-Encoding
      x-content-type-options:
      - nosniff
    status:
      code: 200
      message: OK
- request:
    body: null
    headers:
      Accept:
      - '*/*'
      Accept-Encoding:
      - gzip, deflate
      CommandName:
      - aks scale
      Connection:
      - keep-alive
      ParameterSetName:
      - -g -n --node-count
      User-Agent:
      - AZURECLI/2.46.0 azsdk-python-azure-mgmt-containerservice/21.2.0 Python/3.8.10
        (Linux-5.15.0-1033-azure-x86_64-with-glibc2.29)
    method: GET
    uri: https://management.azure.com/subscriptions/00000000-0000-0000-0000-000000000000/providers/Microsoft.ContainerService/locations/westus2/operations/7982f048-bc0c-44ba-937f-34ae4da59aca?api-version=2016-03-30
  response:
    body:
      string: "{\n  \"name\": \"48f08279-0cbc-ba44-937f-34ae4da59aca\",\n  \"status\":
        \"InProgress\",\n  \"startTime\": \"2023-03-15T10:04:45.5708548Z\"\n }"
    headers:
      cache-control:
      - no-cache
      content-length:
      - '126'
      content-type:
      - application/json
      date:
      - Wed, 15 Mar 2023 10:07:15 GMT
      expires:
      - '-1'
      pragma:
      - no-cache
      server:
      - nginx
      strict-transport-security:
      - max-age=31536000; includeSubDomains
      transfer-encoding:
      - chunked
      vary:
      - Accept-Encoding
      x-content-type-options:
      - nosniff
    status:
      code: 200
      message: OK
- request:
    body: null
    headers:
      Accept:
      - '*/*'
      Accept-Encoding:
      - gzip, deflate
      CommandName:
      - aks scale
      Connection:
      - keep-alive
      ParameterSetName:
      - -g -n --node-count
      User-Agent:
      - AZURECLI/2.46.0 azsdk-python-azure-mgmt-containerservice/21.2.0 Python/3.8.10
        (Linux-5.15.0-1033-azure-x86_64-with-glibc2.29)
    method: GET
    uri: https://management.azure.com/subscriptions/00000000-0000-0000-0000-000000000000/providers/Microsoft.ContainerService/locations/westus2/operations/7982f048-bc0c-44ba-937f-34ae4da59aca?api-version=2016-03-30
  response:
    body:
      string: "{\n  \"name\": \"48f08279-0cbc-ba44-937f-34ae4da59aca\",\n  \"status\":
        \"Succeeded\",\n  \"startTime\": \"2023-03-15T10:04:45.5708548Z\",\n  \"endTime\":
        \"2023-03-15T10:07:31.8255601Z\"\n }"
    headers:
      cache-control:
      - no-cache
      content-length:
      - '170'
      content-type:
      - application/json
      date:
      - Wed, 15 Mar 2023 10:07:45 GMT
      expires:
      - '-1'
      pragma:
      - no-cache
      server:
      - nginx
      strict-transport-security:
      - max-age=31536000; includeSubDomains
      transfer-encoding:
      - chunked
      vary:
      - Accept-Encoding
      x-content-type-options:
      - nosniff
    status:
      code: 200
      message: OK
- request:
    body: null
    headers:
      Accept:
      - '*/*'
      Accept-Encoding:
      - gzip, deflate
      CommandName:
      - aks scale
      Connection:
      - keep-alive
      ParameterSetName:
      - -g -n --node-count
      User-Agent:
      - AZURECLI/2.46.0 azsdk-python-azure-mgmt-containerservice/21.2.0 Python/3.8.10
        (Linux-5.15.0-1033-azure-x86_64-with-glibc2.29)
    method: GET
    uri: https://management.azure.com/subscriptions/00000000-0000-0000-0000-000000000000/resourceGroups/clitest000001/providers/Microsoft.ContainerService/managedClusters/cliakstest000002?api-version=2023-03-01
  response:
    body:
      string: "{\n  \"id\": \"/subscriptions/00000000-0000-0000-0000-000000000000/resourcegroups/clitest000001/providers/Microsoft.ContainerService/managedClusters/cliakstest000002\",\n
        \ \"location\": \"westus2\",\n  \"name\": \"cliakstest000002\",\n  \"tags\":
        {\n   \"key1\": \"value1\"\n  },\n  \"type\": \"Microsoft.ContainerService/ManagedClusters\",\n
        \ \"properties\": {\n   \"provisioningState\": \"Succeeded\",\n   \"powerState\":
        {\n    \"code\": \"Running\"\n   },\n   \"kubernetesVersion\": \"1.24.9\",\n
        \  \"currentKubernetesVersion\": \"1.24.9\",\n   \"dnsPrefix\": \"cliakstest-clitestby5lceusw-79a739\",\n
        \  \"fqdn\": \"cliakstest-clitestby5lceusw-79a739-082tmgg3.hcp.westus2.azmk8s.io\",\n
        \  \"azurePortalFQDN\": \"cliakstest-clitestby5lceusw-79a739-082tmgg3.portal.hcp.westus2.azmk8s.io\",\n
        \  \"agentPoolProfiles\": [\n    {\n     \"name\": \"nodepool1\",\n     \"count\":
        3,\n     \"vmSize\": \"Standard_DS2_v2\",\n     \"osDiskSizeGB\": 128,\n     \"osDiskType\":
        \"Managed\",\n     \"kubeletDiskType\": \"OS\",\n     \"maxPods\": 110,\n
        \    \"type\": \"VirtualMachineScaleSets\",\n     \"enableAutoScaling\": false,\n
        \    \"provisioningState\": \"Succeeded\",\n     \"powerState\": {\n      \"code\":
        \"Running\"\n     },\n     \"orchestratorVersion\": \"1.24.9\",\n     \"currentOrchestratorVersion\":
        \"1.24.9\",\n     \"enableNodePublicIP\": false,\n     \"tags\": {\n      \"tag1\":
        \"tv1\",\n      \"tag2\": \"tv2\"\n     },\n     \"nodeLabels\": {\n      \"label1\":
        \"value1\",\n      \"label2\": \"value2\"\n     },\n     \"mode\": \"System\",\n
        \    \"enableEncryptionAtHost\": false,\n     \"enableUltraSSD\": false,\n
        \    \"osType\": \"Linux\",\n     \"osSKU\": \"Ubuntu\",\n     \"nodeImageVersion\":
        \"AKSUbuntu-1804gen2containerd-2023.02.15\",\n     \"upgradeSettings\": {},\n
        \    \"enableFIPS\": false\n    }\n   ],\n   \"linuxProfile\": {\n    \"adminUsername\":
        \"azureuser\",\n    \"ssh\": {\n     \"publicKeys\": [\n      {\n       \"keyData\":
        \"ssh-rsa AAAAB3NzaC1yc2EAAAADAQABAAABAQC+Tw5fQ1llhTaOQkrl1FxV1VswmtYGwgleHCPi7kNYtIZ2kdobxPHgVkhlxcSy2u6aAvjV7idMzxJ0nSl0MrLqF1GVtyO+SMx+iDXJomtEN6hscMcn8S6DJCm4XyPZyur50Qn6K4KGrmSQ4ZK0VXShfteE6THR2+DoYBsWbD86+XOLOrPr8H5DOQxEYYq0K2usPpntyItOJ2RtolEo9Y9nzxSsioEvb31B4vFX0LfssWX/yFJorU1OLMSxgIXOZ0xzEPOV//GzqeOjBx5s5OIueUYevzSLR3qskiQkE/6JT0YSkVKLfF5z4N8ptZ+7vqZteZTaAZld9zYnsBx7cKob
        azcli_aks_live_test@example.com\\n\"\n      }\n     ]\n    }\n   },\n   \"servicePrincipalProfile\":
        {\n    \"clientId\":\"00000000-0000-0000-0000-000000000001\"\n   },\n   \"nodeResourceGroup\":
        \"MC_clitest000001_cliakstest000002_westus2\",\n   \"enableRBAC\": true,\n
        \  \"networkProfile\": {\n    \"networkPlugin\": \"kubenet\",\n    \"loadBalancerSku\":
        \"Standard\",\n    \"loadBalancerProfile\": {\n     \"managedOutboundIPs\":
        {\n      \"count\": 1\n     },\n     \"effectiveOutboundIPs\": [\n      {\n
        \      \"id\": \"/subscriptions/00000000-0000-0000-0000-000000000000/resourceGroups/MC_clitest000001_cliakstest000002_westus2/providers/Microsoft.Network/publicIPAddresses/d95940c8-33a9-4be1-8357-b76bfe43cf66\"\n
        \     }\n     ]\n    },\n    \"podCidr\": \"10.244.0.0/16\",\n    \"serviceCidr\":
        \"10.0.0.0/16\",\n    \"dnsServiceIP\": \"10.0.0.10\",\n    \"dockerBridgeCidr\":
        \"172.17.0.1/16\",\n    \"outboundType\": \"loadBalancer\",\n    \"podCidrs\":
        [\n     \"10.244.0.0/16\"\n    ],\n    \"serviceCidrs\": [\n     \"10.0.0.0/16\"\n
        \   ],\n    \"ipFamilies\": [\n     \"IPv4\"\n    ]\n   },\n   \"maxAgentPools\":
        100,\n   \"identityProfile\": {\n    \"kubeletidentity\": {\n     \"resourceId\":
        \"/subscriptions/00000000-0000-0000-0000-000000000000/resourcegroups/MC_clitest000001_cliakstest000002_westus2/providers/Microsoft.ManagedIdentity/userAssignedIdentities/cliakstest000002-agentpool\",\n
        \    \"clientId\":\"00000000-0000-0000-0000-000000000001\",\n     \"objectId\":\"00000000-0000-0000-0000-000000000001\"\n
        \   }\n   },\n   \"disableLocalAccounts\": false,\n   \"securityProfile\":
        {},\n   \"storageProfile\": {\n    \"diskCSIDriver\": {\n     \"enabled\":
        true\n    },\n    \"fileCSIDriver\": {\n     \"enabled\": true\n    },\n    \"snapshotController\":
        {\n     \"enabled\": true\n    }\n   },\n   \"oidcIssuerProfile\": {\n    \"enabled\":
        false\n   },\n   \"workloadAutoScalerProfile\": {}\n  },\n  \"identity\":
        {\n   \"type\": \"SystemAssigned\",\n   \"principalId\":\"00000000-0000-0000-0000-000000000001\",\n
        \  \"tenantId\": \"72f988bf-86f1-41af-91ab-2d7cd011db47\"\n  },\n  \"sku\":
        {\n   \"name\": \"Basic\",\n   \"tier\": \"Free\"\n  }\n }"
    headers:
      cache-control:
      - no-cache
      content-length:
      - '4102'
      content-type:
      - application/json
      date:
      - Wed, 15 Mar 2023 10:07:46 GMT
      expires:
      - '-1'
      pragma:
      - no-cache
      server:
      - nginx
      strict-transport-security:
      - max-age=31536000; includeSubDomains
      transfer-encoding:
      - chunked
      vary:
      - Accept-Encoding
      x-content-type-options:
      - nosniff
    status:
      code: 200
      message: OK
- request:
    body: null
    headers:
      Accept:
      - application/json
      Accept-Encoding:
      - gzip, deflate
      CommandName:
      - aks show
      Connection:
      - keep-alive
      ParameterSetName:
      - -g -n
      User-Agent:
      - AZURECLI/2.46.0 azsdk-python-azure-mgmt-containerservice/21.2.0 Python/3.8.10
        (Linux-5.15.0-1033-azure-x86_64-with-glibc2.29)
    method: GET
    uri: https://management.azure.com/subscriptions/00000000-0000-0000-0000-000000000000/resourceGroups/clitest000001/providers/Microsoft.ContainerService/managedClusters/cliakstest000002?api-version=2023-03-01
  response:
    body:
      string: "{\n  \"id\": \"/subscriptions/00000000-0000-0000-0000-000000000000/resourcegroups/clitest000001/providers/Microsoft.ContainerService/managedClusters/cliakstest000002\",\n
        \ \"location\": \"westus2\",\n  \"name\": \"cliakstest000002\",\n  \"tags\":
        {\n   \"key1\": \"value1\"\n  },\n  \"type\": \"Microsoft.ContainerService/ManagedClusters\",\n
        \ \"properties\": {\n   \"provisioningState\": \"Succeeded\",\n   \"powerState\":
        {\n    \"code\": \"Running\"\n   },\n   \"kubernetesVersion\": \"1.24.9\",\n
        \  \"currentKubernetesVersion\": \"1.24.9\",\n   \"dnsPrefix\": \"cliakstest-clitestby5lceusw-79a739\",\n
        \  \"fqdn\": \"cliakstest-clitestby5lceusw-79a739-082tmgg3.hcp.westus2.azmk8s.io\",\n
        \  \"azurePortalFQDN\": \"cliakstest-clitestby5lceusw-79a739-082tmgg3.portal.hcp.westus2.azmk8s.io\",\n
        \  \"agentPoolProfiles\": [\n    {\n     \"name\": \"nodepool1\",\n     \"count\":
        3,\n     \"vmSize\": \"Standard_DS2_v2\",\n     \"osDiskSizeGB\": 128,\n     \"osDiskType\":
        \"Managed\",\n     \"kubeletDiskType\": \"OS\",\n     \"maxPods\": 110,\n
        \    \"type\": \"VirtualMachineScaleSets\",\n     \"enableAutoScaling\": false,\n
        \    \"provisioningState\": \"Succeeded\",\n     \"powerState\": {\n      \"code\":
        \"Running\"\n     },\n     \"orchestratorVersion\": \"1.24.9\",\n     \"currentOrchestratorVersion\":
        \"1.24.9\",\n     \"enableNodePublicIP\": false,\n     \"tags\": {\n      \"tag1\":
        \"tv1\",\n      \"tag2\": \"tv2\"\n     },\n     \"nodeLabels\": {\n      \"label1\":
        \"value1\",\n      \"label2\": \"value2\"\n     },\n     \"mode\": \"System\",\n
        \    \"enableEncryptionAtHost\": false,\n     \"enableUltraSSD\": false,\n
        \    \"osType\": \"Linux\",\n     \"osSKU\": \"Ubuntu\",\n     \"nodeImageVersion\":
        \"AKSUbuntu-1804gen2containerd-2023.02.15\",\n     \"upgradeSettings\": {},\n
        \    \"enableFIPS\": false\n    }\n   ],\n   \"linuxProfile\": {\n    \"adminUsername\":
        \"azureuser\",\n    \"ssh\": {\n     \"publicKeys\": [\n      {\n       \"keyData\":
        \"ssh-rsa AAAAB3NzaC1yc2EAAAADAQABAAABAQC+Tw5fQ1llhTaOQkrl1FxV1VswmtYGwgleHCPi7kNYtIZ2kdobxPHgVkhlxcSy2u6aAvjV7idMzxJ0nSl0MrLqF1GVtyO+SMx+iDXJomtEN6hscMcn8S6DJCm4XyPZyur50Qn6K4KGrmSQ4ZK0VXShfteE6THR2+DoYBsWbD86+XOLOrPr8H5DOQxEYYq0K2usPpntyItOJ2RtolEo9Y9nzxSsioEvb31B4vFX0LfssWX/yFJorU1OLMSxgIXOZ0xzEPOV//GzqeOjBx5s5OIueUYevzSLR3qskiQkE/6JT0YSkVKLfF5z4N8ptZ+7vqZteZTaAZld9zYnsBx7cKob
        azcli_aks_live_test@example.com\\n\"\n      }\n     ]\n    }\n   },\n   \"servicePrincipalProfile\":
        {\n    \"clientId\":\"00000000-0000-0000-0000-000000000001\"\n   },\n   \"nodeResourceGroup\":
        \"MC_clitest000001_cliakstest000002_westus2\",\n   \"enableRBAC\": true,\n
        \  \"networkProfile\": {\n    \"networkPlugin\": \"kubenet\",\n    \"loadBalancerSku\":
        \"Standard\",\n    \"loadBalancerProfile\": {\n     \"managedOutboundIPs\":
        {\n      \"count\": 1\n     },\n     \"effectiveOutboundIPs\": [\n      {\n
        \      \"id\": \"/subscriptions/00000000-0000-0000-0000-000000000000/resourceGroups/MC_clitest000001_cliakstest000002_westus2/providers/Microsoft.Network/publicIPAddresses/d95940c8-33a9-4be1-8357-b76bfe43cf66\"\n
        \     }\n     ]\n    },\n    \"podCidr\": \"10.244.0.0/16\",\n    \"serviceCidr\":
        \"10.0.0.0/16\",\n    \"dnsServiceIP\": \"10.0.0.10\",\n    \"dockerBridgeCidr\":
        \"172.17.0.1/16\",\n    \"outboundType\": \"loadBalancer\",\n    \"podCidrs\":
        [\n     \"10.244.0.0/16\"\n    ],\n    \"serviceCidrs\": [\n     \"10.0.0.0/16\"\n
        \   ],\n    \"ipFamilies\": [\n     \"IPv4\"\n    ]\n   },\n   \"maxAgentPools\":
        100,\n   \"identityProfile\": {\n    \"kubeletidentity\": {\n     \"resourceId\":
        \"/subscriptions/00000000-0000-0000-0000-000000000000/resourcegroups/MC_clitest000001_cliakstest000002_westus2/providers/Microsoft.ManagedIdentity/userAssignedIdentities/cliakstest000002-agentpool\",\n
        \    \"clientId\":\"00000000-0000-0000-0000-000000000001\",\n     \"objectId\":\"00000000-0000-0000-0000-000000000001\"\n
        \   }\n   },\n   \"disableLocalAccounts\": false,\n   \"securityProfile\":
        {},\n   \"storageProfile\": {\n    \"diskCSIDriver\": {\n     \"enabled\":
        true\n    },\n    \"fileCSIDriver\": {\n     \"enabled\": true\n    },\n    \"snapshotController\":
        {\n     \"enabled\": true\n    }\n   },\n   \"oidcIssuerProfile\": {\n    \"enabled\":
        false\n   },\n   \"workloadAutoScalerProfile\": {}\n  },\n  \"identity\":
        {\n   \"type\": \"SystemAssigned\",\n   \"principalId\":\"00000000-0000-0000-0000-000000000001\",\n
        \  \"tenantId\": \"72f988bf-86f1-41af-91ab-2d7cd011db47\"\n  },\n  \"sku\":
        {\n   \"name\": \"Basic\",\n   \"tier\": \"Free\"\n  }\n }"
    headers:
      cache-control:
      - no-cache
      content-length:
      - '4102'
      content-type:
      - application/json
      date:
      - Wed, 15 Mar 2023 10:07:47 GMT
      expires:
      - '-1'
      pragma:
      - no-cache
      server:
      - nginx
      strict-transport-security:
      - max-age=31536000; includeSubDomains
      transfer-encoding:
      - chunked
      vary:
      - Accept-Encoding
      x-content-type-options:
      - nosniff
    status:
      code: 200
      message: OK
- request:
    body: null
    headers:
      Accept:
      - application/json
      Accept-Encoding:
      - gzip, deflate
      CommandName:
      - aks delete
      Connection:
      - keep-alive
      Content-Length:
      - '0'
      ParameterSetName:
      - -g -n --yes --no-wait
      User-Agent:
      - AZURECLI/2.46.0 azsdk-python-azure-mgmt-containerservice/21.2.0 Python/3.8.10
        (Linux-5.15.0-1033-azure-x86_64-with-glibc2.29)
    method: DELETE
    uri: https://management.azure.com/subscriptions/00000000-0000-0000-0000-000000000000/resourceGroups/clitest000001/providers/Microsoft.ContainerService/managedClusters/cliakstest000002?api-version=2023-03-01
  response:
    body:
      string: ''
    headers:
      azure-asyncoperation:
      - https://management.azure.com/subscriptions/00000000-0000-0000-0000-000000000000/providers/Microsoft.ContainerService/locations/westus2/operations/0d1f4499-f63b-4dfb-97bd-bb95fad2e290?api-version=2016-03-30
      cache-control:
      - no-cache
      content-length:
      - '0'
      date:
      - Wed, 15 Mar 2023 10:07:47 GMT
      expires:
      - '-1'
      location:
      - https://management.azure.com/subscriptions/00000000-0000-0000-0000-000000000000/providers/Microsoft.ContainerService/locations/westus2/operationresults/0d1f4499-f63b-4dfb-97bd-bb95fad2e290?api-version=2016-03-30
      pragma:
      - no-cache
      server:
      - nginx
      strict-transport-security:
      - max-age=31536000; includeSubDomains
      x-content-type-options:
      - nosniff
      x-ms-ratelimit-remaining-subscription-deletes:
      - '14999'
    status:
      code: 202
      message: Accepted
version: 1
