interactions:
- request:
    body: null
    headers:
      Accept:
      - application/json
      Accept-Encoding:
      - gzip, deflate
      CommandName:
      - aks create
      Connection:
      - keep-alive
      ParameterSetName:
      - --resource-group --name --location --dns-name-prefix --node-count --ssh-key-value
        --zones
      User-Agent:
      - AZURECLI/2.49.0 azsdk-python-azure-mgmt-containerservice/24.0.0 Python/3.8.10
        (Linux-5.15.0-1039-azure-x86_64-with-glibc2.29)
    method: GET
    uri: https://management.azure.com/subscriptions/00000000-0000-0000-0000-000000000000/resourceGroups/clitest000001/providers/Microsoft.ContainerService/managedClusters/cliakstest000001?api-version=2024-08-01
  response:
    body:
      string: '{"error":{"code":"ResourceNotFound","message":"The Resource ''Microsoft.ContainerService/managedClusters/cliakstest000001''
        under resource group ''clitest000001'' was not found. For more details please
        go to https://aka.ms/ARMResourceNotFoundFix"}}'
    headers:
      cache-control:
      - no-cache
      content-length:
      - '244'
      content-type:
      - application/json; charset=utf-8
      date:
      - Thu, 29 Jun 2023 09:32:33 GMT
      expires:
      - '-1'
      pragma:
      - no-cache
      strict-transport-security:
      - max-age=31536000; includeSubDomains
      x-content-type-options:
      - nosniff
      x-ms-failure-cause:
      - gateway
    status:
      code: 404
      message: Not Found
- request:
    body: '{"location": "eastus", "identity": {"type": "SystemAssigned"}, "properties":
      {"kubernetesVersion": "", "dnsPrefix": "cliaksdns000002", "agentPoolProfiles":
      [{"count": 3, "vmSize": "Standard_DS2_v2", "osDiskSizeGB": 0, "osType": "Linux",
      "enableAutoScaling": false, "type": "VirtualMachineScaleSets", "mode": "System",
      "orchestratorVersion": "", "upgradeSettings": {}, "availabilityZones": ["1",
      "2", "3"], "enableNodePublicIP": false, "scaleSetPriority": "Regular", "scaleSetEvictionPolicy":
      "Delete", "spotMaxPrice": -1.0, "nodeTaints": [], "enableEncryptionAtHost":
      false, "enableUltraSSD": false, "enableFIPS": false, "name": "nodepool1"}],
      "linuxProfile": {"adminUsername": "azureuser", "ssh": {"publicKeys": [{"keyData":
      "ssh-rsa AAAAB3NzaC1yc2EAAAADAQABAAABAQCw4P22/hE86EX0l2HMO+M6Gw+CW6O4Yl84NLjVqF7NtK8xwQKcZwGeIwNBv/HxJ0uMJlOCG1ZMPPvSZHDp07QvAjYKKryIkIGilxLUh4fNOEQiZqAXB2badERUdwLRB4f6kHc0vb35GHw3tlyjjDjvQTO7UgZQxnbipxyrJAYfMHxfXjST1tvmln3v87WvBGsY2hr1Iqx/gMO3AIqaNoJntl1sIeAcg8xXdYW3PP6N1gYToFsDxsQZU2rfefIRDniuP4fYy2J4shtEAkyzv1BlOBJGHBqCzyrhXVqFElLSFV99QhLUi43zXL4Ge1QKJBztH/q48ohMBt3WenkP2KsT
      azcli_aks_live_test@example.com\n"}]}}, "addonProfiles": {}, "enableRBAC": true,
      "networkProfile": {"networkPlugin": "kubenet", "podCidr": "10.244.0.0/16", "serviceCidr":
      "10.0.0.0/16", "dnsServiceIP": "10.0.0.10", "outboundType": "loadBalancer",
      "loadBalancerSku": "standard"}, "disableLocalAccounts": false, "storageProfile":
      {}}}'
    headers:
      Accept:
      - application/json
      Accept-Encoding:
      - gzip, deflate
      CommandName:
      - aks create
      Connection:
      - keep-alive
      Content-Length:
      - '1440'
      Content-Type:
      - application/json
      ParameterSetName:
      - --resource-group --name --location --dns-name-prefix --node-count --ssh-key-value
        --zones
      User-Agent:
      - AZURECLI/2.49.0 azsdk-python-azure-mgmt-containerservice/24.0.0 Python/3.8.10
        (Linux-5.15.0-1039-azure-x86_64-with-glibc2.29)
    method: PUT
    uri: https://management.azure.com/subscriptions/00000000-0000-0000-0000-000000000000/resourceGroups/clitest000001/providers/Microsoft.ContainerService/managedClusters/cliakstest000001?api-version=2024-08-01
  response:
    body:
      string: "{\n  \"id\": \"/subscriptions/00000000-0000-0000-0000-000000000000/resourcegroups/clitest000001/providers/Microsoft.ContainerService/managedClusters/cliakstest000001\",\n
        \ \"location\": \"eastus\",\n  \"name\": \"cliakstest000001\",\n  \"type\":
        \"Microsoft.ContainerService/ManagedClusters\",\n  \"properties\": {\n   \"provisioningState\":
        \"Creating\",\n   \"powerState\": {\n    \"code\": \"Running\"\n   },\n   \"kubernetesVersion\":
        \"1.25.6\",\n   \"currentKubernetesVersion\": \"1.25.6\",\n   \"dnsPrefix\":
        \"cliaksdns000002\",\n   \"fqdn\": \"cliaksdns000002-cq73ll3y.hcp.eastus.azmk8s.io\",\n
        \  \"azurePortalFQDN\": \"cliaksdns000002-cq73ll3y.portal.hcp.eastus.azmk8s.io\",\n
        \  \"agentPoolProfiles\": [\n    {\n     \"name\": \"nodepool1\",\n     \"count\":
        3,\n     \"vmSize\": \"Standard_DS2_v2\",\n     \"osDiskSizeGB\": 128,\n     \"osDiskType\":
        \"Managed\",\n     \"kubeletDiskType\": \"OS\",\n     \"maxPods\": 110,\n
        \    \"type\": \"VirtualMachineScaleSets\",\n     \"availabilityZones\": [\n
        \     \"1\",\n      \"2\",\n      \"3\"\n     ],\n     \"enableAutoScaling\":
        false,\n     \"provisioningState\": \"Creating\",\n     \"powerState\": {\n
        \     \"code\": \"Running\"\n     },\n     \"orchestratorVersion\": \"1.25.6\",\n
        \    \"currentOrchestratorVersion\": \"1.25.6\",\n     \"enableNodePublicIP\":
        false,\n     \"mode\": \"System\",\n     \"enableEncryptionAtHost\": false,\n
        \    \"enableUltraSSD\": false,\n     \"osType\": \"Linux\",\n     \"osSKU\":
        \"Ubuntu\",\n     \"nodeImageVersion\": \"AKSUbuntu-2204gen2containerd-202306.19.0\",\n
        \    \"upgradeSettings\": {},\n     \"enableFIPS\": false\n    }\n   ],\n
        \  \"linuxProfile\": {\n    \"adminUsername\": \"azureuser\",\n    \"ssh\":
        {\n     \"publicKeys\": [\n      {\n       \"keyData\": \"ssh-rsa AAAAB3NzaC1yc2EAAAADAQABAAABAQCw4P22/hE86EX0l2HMO+M6Gw+CW6O4Yl84NLjVqF7NtK8xwQKcZwGeIwNBv/HxJ0uMJlOCG1ZMPPvSZHDp07QvAjYKKryIkIGilxLUh4fNOEQiZqAXB2badERUdwLRB4f6kHc0vb35GHw3tlyjjDjvQTO7UgZQxnbipxyrJAYfMHxfXjST1tvmln3v87WvBGsY2hr1Iqx/gMO3AIqaNoJntl1sIeAcg8xXdYW3PP6N1gYToFsDxsQZU2rfefIRDniuP4fYy2J4shtEAkyzv1BlOBJGHBqCzyrhXVqFElLSFV99QhLUi43zXL4Ge1QKJBztH/q48ohMBt3WenkP2KsT
        azcli_aks_live_test@example.com\\n\"\n      }\n     ]\n    }\n   },\n   \"servicePrincipalProfile\":
        {\n    \"clientId\":\"00000000-0000-0000-0000-000000000001\"\n   },\n   \"nodeResourceGroup\":
        \"MC_clitest000001_cliakstest000001_eastus\",\n   \"enableRBAC\": true,\n
        \  \"supportPlan\": \"KubernetesOfficial\",\n   \"networkProfile\": {\n    \"networkPlugin\":
        \"kubenet\",\n    \"loadBalancerSku\": \"standard\",\n    \"loadBalancerProfile\":
        {\n     \"managedOutboundIPs\": {\n      \"count\": 1\n     }\n    },\n    \"podCidr\":
        \"10.244.0.0/16\",\n    \"serviceCidr\": \"10.0.0.0/16\",\n    \"dnsServiceIP\":
        \"10.0.0.10\",\n    \"outboundType\": \"loadBalancer\",\n    \"podCidrs\":
        [\n     \"10.244.0.0/16\"\n    ],\n    \"serviceCidrs\": [\n     \"10.0.0.0/16\"\n
        \   ],\n    \"ipFamilies\": [\n     \"IPv4\"\n    ]\n   },\n   \"maxAgentPools\":
        100,\n   \"disableLocalAccounts\": false,\n   \"securityProfile\": {},\n   \"storageProfile\":
        {\n    \"diskCSIDriver\": {\n     \"enabled\": true\n    },\n    \"fileCSIDriver\":
        {\n     \"enabled\": true\n    },\n    \"snapshotController\": {\n     \"enabled\":
        true\n    }\n   },\n   \"oidcIssuerProfile\": {\n    \"enabled\": false\n
        \  },\n   \"workloadAutoScalerProfile\": {}\n  },\n  \"identity\": {\n   \"type\":
        \"SystemAssigned\",\n   \"principalId\":\"00000000-0000-0000-0000-000000000001\",\n
        \  \"tenantId\": \"72f988bf-86f1-41af-91ab-2d7cd011db47\"\n  },\n  \"sku\":
        {\n   \"name\": \"Base\",\n   \"tier\": \"Free\"\n  }\n }"
    headers:
      azure-asyncoperation:
      - https://management.azure.com/subscriptions/00000000-0000-0000-0000-000000000000/providers/Microsoft.ContainerService/locations/eastus/operations/273e8bc6-e445-4b73-946b-a4e2e7de9731?api-version=2017-08-31
      cache-control:
      - no-cache
      content-length:
      - '3274'
      content-type:
      - application/json
      date:
      - Thu, 29 Jun 2023 09:32:37 GMT
      expires:
      - '-1'
      pragma:
      - no-cache
      server:
      - nginx
      strict-transport-security:
      - max-age=31536000; includeSubDomains
      x-content-type-options:
      - nosniff
      x-ms-ratelimit-remaining-subscription-writes:
      - '1198'
    status:
      code: 201
      message: Created
- request:
    body: null
    headers:
      Accept:
      - '*/*'
      Accept-Encoding:
      - gzip, deflate
      CommandName:
      - aks create
      Connection:
      - keep-alive
      ParameterSetName:
      - --resource-group --name --location --dns-name-prefix --node-count --ssh-key-value
        --zones
      User-Agent:
      - AZURECLI/2.49.0 azsdk-python-azure-mgmt-containerservice/24.0.0 Python/3.8.10
        (Linux-5.15.0-1039-azure-x86_64-with-glibc2.29)
    method: GET
    uri: https://management.azure.com/subscriptions/00000000-0000-0000-0000-000000000000/providers/Microsoft.ContainerService/locations/eastus/operations/273e8bc6-e445-4b73-946b-a4e2e7de9731?api-version=2017-08-31
  response:
    body:
      string: "{\n  \"name\": \"c68b3e27-45e4-734b-946b-a4e2e7de9731\",\n  \"status\":
        \"InProgress\",\n  \"startTime\": \"2023-06-29T09:32:36.986814Z\"\n }"
    headers:
      cache-control:
      - no-cache
      content-length:
      - '125'
      content-type:
      - application/json
      date:
      - Thu, 29 Jun 2023 09:32:37 GMT
      expires:
      - '-1'
      pragma:
      - no-cache
      server:
      - nginx
      strict-transport-security:
      - max-age=31536000; includeSubDomains
      transfer-encoding:
      - chunked
      vary:
      - Accept-Encoding
      x-content-type-options:
      - nosniff
    status:
      code: 200
      message: OK
- request:
    body: null
    headers:
      Accept:
      - '*/*'
      Accept-Encoding:
      - gzip, deflate
      CommandName:
      - aks create
      Connection:
      - keep-alive
      ParameterSetName:
      - --resource-group --name --location --dns-name-prefix --node-count --ssh-key-value
        --zones
      User-Agent:
      - AZURECLI/2.49.0 azsdk-python-azure-mgmt-containerservice/24.0.0 Python/3.8.10
        (Linux-5.15.0-1039-azure-x86_64-with-glibc2.29)
    method: GET
    uri: https://management.azure.com/subscriptions/00000000-0000-0000-0000-000000000000/providers/Microsoft.ContainerService/locations/eastus/operations/273e8bc6-e445-4b73-946b-a4e2e7de9731?api-version=2017-08-31
  response:
    body:
      string: "{\n  \"name\": \"c68b3e27-45e4-734b-946b-a4e2e7de9731\",\n  \"status\":
        \"InProgress\",\n  \"startTime\": \"2023-06-29T09:32:36.986814Z\"\n }"
    headers:
      cache-control:
      - no-cache
      content-length:
      - '125'
      content-type:
      - application/json
      date:
      - Thu, 29 Jun 2023 09:33:07 GMT
      expires:
      - '-1'
      pragma:
      - no-cache
      server:
      - nginx
      strict-transport-security:
      - max-age=31536000; includeSubDomains
      transfer-encoding:
      - chunked
      vary:
      - Accept-Encoding
      x-content-type-options:
      - nosniff
    status:
      code: 200
      message: OK
- request:
    body: null
    headers:
      Accept:
      - '*/*'
      Accept-Encoding:
      - gzip, deflate
      CommandName:
      - aks create
      Connection:
      - keep-alive
      ParameterSetName:
      - --resource-group --name --location --dns-name-prefix --node-count --ssh-key-value
        --zones
      User-Agent:
      - AZURECLI/2.49.0 azsdk-python-azure-mgmt-containerservice/24.0.0 Python/3.8.10
        (Linux-5.15.0-1039-azure-x86_64-with-glibc2.29)
    method: GET
    uri: https://management.azure.com/subscriptions/00000000-0000-0000-0000-000000000000/providers/Microsoft.ContainerService/locations/eastus/operations/273e8bc6-e445-4b73-946b-a4e2e7de9731?api-version=2017-08-31
  response:
    body:
      string: "{\n  \"name\": \"c68b3e27-45e4-734b-946b-a4e2e7de9731\",\n  \"status\":
        \"InProgress\",\n  \"startTime\": \"2023-06-29T09:32:36.986814Z\"\n }"
    headers:
      cache-control:
      - no-cache
      content-length:
      - '125'
      content-type:
      - application/json
      date:
      - Thu, 29 Jun 2023 09:33:36 GMT
      expires:
      - '-1'
      pragma:
      - no-cache
      server:
      - nginx
      strict-transport-security:
      - max-age=31536000; includeSubDomains
      transfer-encoding:
      - chunked
      vary:
      - Accept-Encoding
      x-content-type-options:
      - nosniff
    status:
      code: 200
      message: OK
- request:
    body: null
    headers:
      Accept:
      - '*/*'
      Accept-Encoding:
      - gzip, deflate
      CommandName:
      - aks create
      Connection:
      - keep-alive
      ParameterSetName:
      - --resource-group --name --location --dns-name-prefix --node-count --ssh-key-value
        --zones
      User-Agent:
      - AZURECLI/2.49.0 azsdk-python-azure-mgmt-containerservice/24.0.0 Python/3.8.10
        (Linux-5.15.0-1039-azure-x86_64-with-glibc2.29)
    method: GET
    uri: https://management.azure.com/subscriptions/00000000-0000-0000-0000-000000000000/providers/Microsoft.ContainerService/locations/eastus/operations/273e8bc6-e445-4b73-946b-a4e2e7de9731?api-version=2017-08-31
  response:
    body:
      string: "{\n  \"name\": \"c68b3e27-45e4-734b-946b-a4e2e7de9731\",\n  \"status\":
        \"InProgress\",\n  \"startTime\": \"2023-06-29T09:32:36.986814Z\"\n }"
    headers:
      cache-control:
      - no-cache
      content-length:
      - '125'
      content-type:
      - application/json
      date:
      - Thu, 29 Jun 2023 09:34:06 GMT
      expires:
      - '-1'
      pragma:
      - no-cache
      server:
      - nginx
      strict-transport-security:
      - max-age=31536000; includeSubDomains
      transfer-encoding:
      - chunked
      vary:
      - Accept-Encoding
      x-content-type-options:
      - nosniff
    status:
      code: 200
      message: OK
- request:
    body: null
    headers:
      Accept:
      - '*/*'
      Accept-Encoding:
      - gzip, deflate
      CommandName:
      - aks create
      Connection:
      - keep-alive
      ParameterSetName:
      - --resource-group --name --location --dns-name-prefix --node-count --ssh-key-value
        --zones
      User-Agent:
      - AZURECLI/2.49.0 azsdk-python-azure-mgmt-containerservice/24.0.0 Python/3.8.10
        (Linux-5.15.0-1039-azure-x86_64-with-glibc2.29)
    method: GET
    uri: https://management.azure.com/subscriptions/00000000-0000-0000-0000-000000000000/providers/Microsoft.ContainerService/locations/eastus/operations/273e8bc6-e445-4b73-946b-a4e2e7de9731?api-version=2017-08-31
  response:
    body:
      string: "{\n  \"name\": \"c68b3e27-45e4-734b-946b-a4e2e7de9731\",\n  \"status\":
        \"InProgress\",\n  \"startTime\": \"2023-06-29T09:32:36.986814Z\"\n }"
    headers:
      cache-control:
      - no-cache
      content-length:
      - '125'
      content-type:
      - application/json
      date:
      - Thu, 29 Jun 2023 09:34:36 GMT
      expires:
      - '-1'
      pragma:
      - no-cache
      server:
      - nginx
      strict-transport-security:
      - max-age=31536000; includeSubDomains
      transfer-encoding:
      - chunked
      vary:
      - Accept-Encoding
      x-content-type-options:
      - nosniff
    status:
      code: 200
      message: OK
- request:
    body: null
    headers:
      Accept:
      - '*/*'
      Accept-Encoding:
      - gzip, deflate
      CommandName:
      - aks create
      Connection:
      - keep-alive
      ParameterSetName:
      - --resource-group --name --location --dns-name-prefix --node-count --ssh-key-value
        --zones
      User-Agent:
      - AZURECLI/2.49.0 azsdk-python-azure-mgmt-containerservice/24.0.0 Python/3.8.10
        (Linux-5.15.0-1039-azure-x86_64-with-glibc2.29)
    method: GET
    uri: https://management.azure.com/subscriptions/00000000-0000-0000-0000-000000000000/providers/Microsoft.ContainerService/locations/eastus/operations/273e8bc6-e445-4b73-946b-a4e2e7de9731?api-version=2017-08-31
  response:
    body:
      string: "{\n  \"name\": \"c68b3e27-45e4-734b-946b-a4e2e7de9731\",\n  \"status\":
        \"InProgress\",\n  \"startTime\": \"2023-06-29T09:32:36.986814Z\"\n }"
    headers:
      cache-control:
      - no-cache
      content-length:
      - '125'
      content-type:
      - application/json
      date:
      - Thu, 29 Jun 2023 09:35:07 GMT
      expires:
      - '-1'
      pragma:
      - no-cache
      server:
      - nginx
      strict-transport-security:
      - max-age=31536000; includeSubDomains
      transfer-encoding:
      - chunked
      vary:
      - Accept-Encoding
      x-content-type-options:
      - nosniff
    status:
      code: 200
      message: OK
- request:
    body: null
    headers:
      Accept:
      - '*/*'
      Accept-Encoding:
      - gzip, deflate
      CommandName:
      - aks create
      Connection:
      - keep-alive
      ParameterSetName:
      - --resource-group --name --location --dns-name-prefix --node-count --ssh-key-value
        --zones
      User-Agent:
      - AZURECLI/2.49.0 azsdk-python-azure-mgmt-containerservice/24.0.0 Python/3.8.10
        (Linux-5.15.0-1039-azure-x86_64-with-glibc2.29)
    method: GET
    uri: https://management.azure.com/subscriptions/00000000-0000-0000-0000-000000000000/providers/Microsoft.ContainerService/locations/eastus/operations/273e8bc6-e445-4b73-946b-a4e2e7de9731?api-version=2017-08-31
  response:
    body:
      string: "{\n  \"name\": \"c68b3e27-45e4-734b-946b-a4e2e7de9731\",\n  \"status\":
        \"InProgress\",\n  \"startTime\": \"2023-06-29T09:32:36.986814Z\"\n }"
    headers:
      cache-control:
      - no-cache
      content-length:
      - '125'
      content-type:
      - application/json
      date:
      - Thu, 29 Jun 2023 09:35:37 GMT
      expires:
      - '-1'
      pragma:
      - no-cache
      server:
      - nginx
      strict-transport-security:
      - max-age=31536000; includeSubDomains
      transfer-encoding:
      - chunked
      vary:
      - Accept-Encoding
      x-content-type-options:
      - nosniff
    status:
      code: 200
      message: OK
- request:
    body: null
    headers:
      Accept:
      - '*/*'
      Accept-Encoding:
      - gzip, deflate
      CommandName:
      - aks create
      Connection:
      - keep-alive
      ParameterSetName:
      - --resource-group --name --location --dns-name-prefix --node-count --ssh-key-value
        --zones
      User-Agent:
      - AZURECLI/2.49.0 azsdk-python-azure-mgmt-containerservice/24.0.0 Python/3.8.10
        (Linux-5.15.0-1039-azure-x86_64-with-glibc2.29)
    method: GET
    uri: https://management.azure.com/subscriptions/00000000-0000-0000-0000-000000000000/providers/Microsoft.ContainerService/locations/eastus/operations/273e8bc6-e445-4b73-946b-a4e2e7de9731?api-version=2017-08-31
  response:
    body:
      string: "{\n  \"name\": \"c68b3e27-45e4-734b-946b-a4e2e7de9731\",\n  \"status\":
        \"InProgress\",\n  \"startTime\": \"2023-06-29T09:32:36.986814Z\"\n }"
    headers:
      cache-control:
      - no-cache
      content-length:
      - '125'
      content-type:
      - application/json
      date:
      - Thu, 29 Jun 2023 09:36:07 GMT
      expires:
      - '-1'
      pragma:
      - no-cache
      server:
      - nginx
      strict-transport-security:
      - max-age=31536000; includeSubDomains
      transfer-encoding:
      - chunked
      vary:
      - Accept-Encoding
      x-content-type-options:
      - nosniff
    status:
      code: 200
      message: OK
- request:
    body: null
    headers:
      Accept:
      - '*/*'
      Accept-Encoding:
      - gzip, deflate
      CommandName:
      - aks create
      Connection:
      - keep-alive
      ParameterSetName:
      - --resource-group --name --location --dns-name-prefix --node-count --ssh-key-value
        --zones
      User-Agent:
      - AZURECLI/2.49.0 azsdk-python-azure-mgmt-containerservice/24.0.0 Python/3.8.10
        (Linux-5.15.0-1039-azure-x86_64-with-glibc2.29)
    method: GET
    uri: https://management.azure.com/subscriptions/00000000-0000-0000-0000-000000000000/providers/Microsoft.ContainerService/locations/eastus/operations/273e8bc6-e445-4b73-946b-a4e2e7de9731?api-version=2017-08-31
  response:
    body:
      string: "{\n  \"name\": \"c68b3e27-45e4-734b-946b-a4e2e7de9731\",\n  \"status\":
        \"InProgress\",\n  \"startTime\": \"2023-06-29T09:32:36.986814Z\"\n }"
    headers:
      cache-control:
      - no-cache
      content-length:
      - '125'
      content-type:
      - application/json
      date:
      - Thu, 29 Jun 2023 09:36:37 GMT
      expires:
      - '-1'
      pragma:
      - no-cache
      server:
      - nginx
      strict-transport-security:
      - max-age=31536000; includeSubDomains
      transfer-encoding:
      - chunked
      vary:
      - Accept-Encoding
      x-content-type-options:
      - nosniff
    status:
      code: 200
      message: OK
- request:
    body: null
    headers:
      Accept:
      - '*/*'
      Accept-Encoding:
      - gzip, deflate
      CommandName:
      - aks create
      Connection:
      - keep-alive
      ParameterSetName:
      - --resource-group --name --location --dns-name-prefix --node-count --ssh-key-value
        --zones
      User-Agent:
      - AZURECLI/2.49.0 azsdk-python-azure-mgmt-containerservice/24.0.0 Python/3.8.10
        (Linux-5.15.0-1039-azure-x86_64-with-glibc2.29)
    method: GET
    uri: https://management.azure.com/subscriptions/00000000-0000-0000-0000-000000000000/providers/Microsoft.ContainerService/locations/eastus/operations/273e8bc6-e445-4b73-946b-a4e2e7de9731?api-version=2017-08-31
  response:
    body:
      string: "{\n  \"name\": \"c68b3e27-45e4-734b-946b-a4e2e7de9731\",\n  \"status\":
        \"InProgress\",\n  \"startTime\": \"2023-06-29T09:32:36.986814Z\",\n  \"error\":
        {\n   \"code\": \"ReconcileControlPlaneCertificatesError\",\n   \"message\":
        \"key pool is empty\"\n  }\n }"
    headers:
      cache-control:
      - no-cache
      content-length:
      - '230'
      content-type:
      - application/json
      date:
      - Thu, 29 Jun 2023 09:37:07 GMT
      expires:
      - '-1'
      pragma:
      - no-cache
      server:
      - nginx
      strict-transport-security:
      - max-age=31536000; includeSubDomains
      transfer-encoding:
      - chunked
      vary:
      - Accept-Encoding
      x-content-type-options:
      - nosniff
    status:
      code: 200
      message: OK
- request:
    body: null
    headers:
      Accept:
      - '*/*'
      Accept-Encoding:
      - gzip, deflate
      CommandName:
      - aks create
      Connection:
      - keep-alive
      ParameterSetName:
      - --resource-group --name --location --dns-name-prefix --node-count --ssh-key-value
        --zones
      User-Agent:
      - AZURECLI/2.49.0 azsdk-python-azure-mgmt-containerservice/24.0.0 Python/3.8.10
        (Linux-5.15.0-1039-azure-x86_64-with-glibc2.29)
    method: GET
    uri: https://management.azure.com/subscriptions/00000000-0000-0000-0000-000000000000/providers/Microsoft.ContainerService/locations/eastus/operations/273e8bc6-e445-4b73-946b-a4e2e7de9731?api-version=2017-08-31
  response:
    body:
      string: "{\n  \"name\": \"c68b3e27-45e4-734b-946b-a4e2e7de9731\",\n  \"status\":
        \"InProgress\",\n  \"startTime\": \"2023-06-29T09:32:36.986814Z\",\n  \"error\":
        {\n   \"code\": \"ReconcileControlPlaneCertificatesError\",\n   \"message\":
        \"key pool is empty\"\n  }\n }"
    headers:
      cache-control:
      - no-cache
      content-length:
      - '230'
      content-type:
      - application/json
      date:
      - Thu, 29 Jun 2023 09:37:38 GMT
      expires:
      - '-1'
      pragma:
      - no-cache
      server:
      - nginx
      strict-transport-security:
      - max-age=31536000; includeSubDomains
      transfer-encoding:
      - chunked
      vary:
      - Accept-Encoding
      x-content-type-options:
      - nosniff
    status:
      code: 200
      message: OK
- request:
    body: null
    headers:
      Accept:
      - '*/*'
      Accept-Encoding:
      - gzip, deflate
      CommandName:
      - aks create
      Connection:
      - keep-alive
      ParameterSetName:
      - --resource-group --name --location --dns-name-prefix --node-count --ssh-key-value
        --zones
      User-Agent:
      - AZURECLI/2.49.0 azsdk-python-azure-mgmt-containerservice/24.0.0 Python/3.8.10
        (Linux-5.15.0-1039-azure-x86_64-with-glibc2.29)
    method: GET
    uri: https://management.azure.com/subscriptions/00000000-0000-0000-0000-000000000000/providers/Microsoft.ContainerService/locations/eastus/operations/273e8bc6-e445-4b73-946b-a4e2e7de9731?api-version=2017-08-31
  response:
    body:
      string: "{\n  \"name\": \"c68b3e27-45e4-734b-946b-a4e2e7de9731\",\n  \"status\":
        \"InProgress\",\n  \"startTime\": \"2023-06-29T09:32:36.986814Z\",\n  \"error\":
        {\n   \"code\": \"ReconcileControlPlaneCertificatesError\",\n   \"message\":
        \"key pool is empty\"\n  }\n }"
    headers:
      cache-control:
      - no-cache
      content-length:
      - '230'
      content-type:
      - application/json
      date:
      - Thu, 29 Jun 2023 09:38:08 GMT
      expires:
      - '-1'
      pragma:
      - no-cache
      server:
      - nginx
      strict-transport-security:
      - max-age=31536000; includeSubDomains
      transfer-encoding:
      - chunked
      vary:
      - Accept-Encoding
      x-content-type-options:
      - nosniff
    status:
      code: 200
      message: OK
- request:
    body: null
    headers:
      Accept:
      - '*/*'
      Accept-Encoding:
      - gzip, deflate
      CommandName:
      - aks create
      Connection:
      - keep-alive
      ParameterSetName:
      - --resource-group --name --location --dns-name-prefix --node-count --ssh-key-value
        --zones
      User-Agent:
      - AZURECLI/2.49.0 azsdk-python-azure-mgmt-containerservice/24.0.0 Python/3.8.10
        (Linux-5.15.0-1039-azure-x86_64-with-glibc2.29)
    method: GET
    uri: https://management.azure.com/subscriptions/00000000-0000-0000-0000-000000000000/providers/Microsoft.ContainerService/locations/eastus/operations/273e8bc6-e445-4b73-946b-a4e2e7de9731?api-version=2017-08-31
  response:
    body:
      string: "{\n  \"name\": \"c68b3e27-45e4-734b-946b-a4e2e7de9731\",\n  \"status\":
        \"InProgress\",\n  \"startTime\": \"2023-06-29T09:32:36.986814Z\",\n  \"error\":
        {\n   \"code\": \"ReconcileControlPlaneCertificatesError\",\n   \"message\":
        \"key pool is empty\"\n  }\n }"
    headers:
      cache-control:
      - no-cache
      content-length:
      - '230'
      content-type:
      - application/json
      date:
      - Thu, 29 Jun 2023 09:38:37 GMT
      expires:
      - '-1'
      pragma:
      - no-cache
      server:
      - nginx
      strict-transport-security:
      - max-age=31536000; includeSubDomains
      transfer-encoding:
      - chunked
      vary:
      - Accept-Encoding
      x-content-type-options:
      - nosniff
    status:
      code: 200
      message: OK
- request:
    body: null
    headers:
      Accept:
      - '*/*'
      Accept-Encoding:
      - gzip, deflate
      CommandName:
      - aks create
      Connection:
      - keep-alive
      ParameterSetName:
      - --resource-group --name --location --dns-name-prefix --node-count --ssh-key-value
        --zones
      User-Agent:
      - AZURECLI/2.49.0 azsdk-python-azure-mgmt-containerservice/24.0.0 Python/3.8.10
        (Linux-5.15.0-1039-azure-x86_64-with-glibc2.29)
    method: GET
    uri: https://management.azure.com/subscriptions/00000000-0000-0000-0000-000000000000/providers/Microsoft.ContainerService/locations/eastus/operations/273e8bc6-e445-4b73-946b-a4e2e7de9731?api-version=2017-08-31
  response:
    body:
      string: "{\n  \"name\": \"c68b3e27-45e4-734b-946b-a4e2e7de9731\",\n  \"status\":
        \"InProgress\",\n  \"startTime\": \"2023-06-29T09:32:36.986814Z\",\n  \"error\":
        {\n   \"code\": \"ReconcileControlPlaneCertificatesError\",\n   \"message\":
        \"key pool is empty\"\n  }\n }"
    headers:
      cache-control:
      - no-cache
      content-length:
      - '230'
      content-type:
      - application/json
      date:
      - Thu, 29 Jun 2023 09:39:07 GMT
      expires:
      - '-1'
      pragma:
      - no-cache
      server:
      - nginx
      strict-transport-security:
      - max-age=31536000; includeSubDomains
      transfer-encoding:
      - chunked
      vary:
      - Accept-Encoding
      x-content-type-options:
      - nosniff
    status:
      code: 200
      message: OK
- request:
    body: null
    headers:
      Accept:
      - '*/*'
      Accept-Encoding:
      - gzip, deflate
      CommandName:
      - aks create
      Connection:
      - keep-alive
      ParameterSetName:
      - --resource-group --name --location --dns-name-prefix --node-count --ssh-key-value
        --zones
      User-Agent:
      - AZURECLI/2.49.0 azsdk-python-azure-mgmt-containerservice/24.0.0 Python/3.8.10
        (Linux-5.15.0-1039-azure-x86_64-with-glibc2.29)
    method: GET
    uri: https://management.azure.com/subscriptions/00000000-0000-0000-0000-000000000000/providers/Microsoft.ContainerService/locations/eastus/operations/273e8bc6-e445-4b73-946b-a4e2e7de9731?api-version=2017-08-31
  response:
    body:
      string: "{\n  \"name\": \"c68b3e27-45e4-734b-946b-a4e2e7de9731\",\n  \"status\":
        \"InProgress\",\n  \"startTime\": \"2023-06-29T09:32:36.986814Z\",\n  \"error\":
        {\n   \"code\": \"ReconcileControlPlaneCertificatesError\",\n   \"message\":
        \"key pool is empty\"\n  }\n }"
    headers:
      cache-control:
      - no-cache
      content-length:
      - '230'
      content-type:
      - application/json
      date:
      - Thu, 29 Jun 2023 09:39:37 GMT
      expires:
      - '-1'
      pragma:
      - no-cache
      server:
      - nginx
      strict-transport-security:
      - max-age=31536000; includeSubDomains
      transfer-encoding:
      - chunked
      vary:
      - Accept-Encoding
      x-content-type-options:
      - nosniff
    status:
      code: 200
      message: OK
- request:
    body: null
    headers:
      Accept:
      - '*/*'
      Accept-Encoding:
      - gzip, deflate
      CommandName:
      - aks create
      Connection:
      - keep-alive
      ParameterSetName:
      - --resource-group --name --location --dns-name-prefix --node-count --ssh-key-value
        --zones
      User-Agent:
      - AZURECLI/2.49.0 azsdk-python-azure-mgmt-containerservice/24.0.0 Python/3.8.10
        (Linux-5.15.0-1039-azure-x86_64-with-glibc2.29)
    method: GET
    uri: https://management.azure.com/subscriptions/00000000-0000-0000-0000-000000000000/providers/Microsoft.ContainerService/locations/eastus/operations/273e8bc6-e445-4b73-946b-a4e2e7de9731?api-version=2017-08-31
  response:
    body:
      string: "{\n  \"name\": \"c68b3e27-45e4-734b-946b-a4e2e7de9731\",\n  \"status\":
        \"InProgress\",\n  \"startTime\": \"2023-06-29T09:32:36.986814Z\",\n  \"error\":
        {\n   \"code\": \"ReconcileControlPlaneCertificatesError\",\n   \"message\":
        \"key pool is empty\"\n  }\n }"
    headers:
      cache-control:
      - no-cache
      content-length:
      - '230'
      content-type:
      - application/json
      date:
      - Thu, 29 Jun 2023 09:40:08 GMT
      expires:
      - '-1'
      pragma:
      - no-cache
      server:
      - nginx
      strict-transport-security:
      - max-age=31536000; includeSubDomains
      transfer-encoding:
      - chunked
      vary:
      - Accept-Encoding
      x-content-type-options:
      - nosniff
    status:
      code: 200
      message: OK
- request:
    body: null
    headers:
      Accept:
      - '*/*'
      Accept-Encoding:
      - gzip, deflate
      CommandName:
      - aks create
      Connection:
      - keep-alive
      ParameterSetName:
      - --resource-group --name --location --dns-name-prefix --node-count --ssh-key-value
        --zones
      User-Agent:
      - AZURECLI/2.49.0 azsdk-python-azure-mgmt-containerservice/24.0.0 Python/3.8.10
        (Linux-5.15.0-1039-azure-x86_64-with-glibc2.29)
    method: GET
    uri: https://management.azure.com/subscriptions/00000000-0000-0000-0000-000000000000/providers/Microsoft.ContainerService/locations/eastus/operations/273e8bc6-e445-4b73-946b-a4e2e7de9731?api-version=2017-08-31
  response:
    body:
      string: "{\n  \"name\": \"c68b3e27-45e4-734b-946b-a4e2e7de9731\",\n  \"status\":
        \"InProgress\",\n  \"startTime\": \"2023-06-29T09:32:36.986814Z\",\n  \"error\":
        {\n   \"code\": \"ReconcileControlPlaneCertificatesError\",\n   \"message\":
        \"key pool is empty\"\n  }\n }"
    headers:
      cache-control:
      - no-cache
      content-length:
      - '230'
      content-type:
      - application/json
      date:
      - Thu, 29 Jun 2023 09:40:38 GMT
      expires:
      - '-1'
      pragma:
      - no-cache
      server:
      - nginx
      strict-transport-security:
      - max-age=31536000; includeSubDomains
      transfer-encoding:
      - chunked
      vary:
      - Accept-Encoding
      x-content-type-options:
      - nosniff
    status:
      code: 200
      message: OK
- request:
    body: null
    headers:
      Accept:
      - '*/*'
      Accept-Encoding:
      - gzip, deflate
      CommandName:
      - aks create
      Connection:
      - keep-alive
      ParameterSetName:
      - --resource-group --name --location --dns-name-prefix --node-count --ssh-key-value
        --zones
      User-Agent:
      - AZURECLI/2.49.0 azsdk-python-azure-mgmt-containerservice/24.0.0 Python/3.8.10
        (Linux-5.15.0-1039-azure-x86_64-with-glibc2.29)
    method: GET
    uri: https://management.azure.com/subscriptions/00000000-0000-0000-0000-000000000000/providers/Microsoft.ContainerService/locations/eastus/operations/273e8bc6-e445-4b73-946b-a4e2e7de9731?api-version=2017-08-31
  response:
    body:
      string: "{\n  \"name\": \"c68b3e27-45e4-734b-946b-a4e2e7de9731\",\n  \"status\":
        \"InProgress\",\n  \"startTime\": \"2023-06-29T09:32:36.986814Z\",\n  \"error\":
        {\n   \"code\": \"ReconcileControlPlaneCertificatesError\",\n   \"message\":
        \"key pool is empty\"\n  }\n }"
    headers:
      cache-control:
      - no-cache
      content-length:
      - '230'
      content-type:
      - application/json
      date:
      - Thu, 29 Jun 2023 09:41:08 GMT
      expires:
      - '-1'
      pragma:
      - no-cache
      server:
      - nginx
      strict-transport-security:
      - max-age=31536000; includeSubDomains
      transfer-encoding:
      - chunked
      vary:
      - Accept-Encoding
      x-content-type-options:
      - nosniff
    status:
      code: 200
      message: OK
- request:
    body: null
    headers:
      Accept:
      - '*/*'
      Accept-Encoding:
      - gzip, deflate
      CommandName:
      - aks create
      Connection:
      - keep-alive
      ParameterSetName:
      - --resource-group --name --location --dns-name-prefix --node-count --ssh-key-value
        --zones
      User-Agent:
      - AZURECLI/2.49.0 azsdk-python-azure-mgmt-containerservice/24.0.0 Python/3.8.10
        (Linux-5.15.0-1039-azure-x86_64-with-glibc2.29)
    method: GET
    uri: https://management.azure.com/subscriptions/00000000-0000-0000-0000-000000000000/providers/Microsoft.ContainerService/locations/eastus/operations/273e8bc6-e445-4b73-946b-a4e2e7de9731?api-version=2017-08-31
  response:
    body:
      string: "{\n  \"name\": \"c68b3e27-45e4-734b-946b-a4e2e7de9731\",\n  \"status\":
        \"InProgress\",\n  \"startTime\": \"2023-06-29T09:32:36.986814Z\",\n  \"error\":
        {\n   \"code\": \"ReconcileControlPlaneCertificatesError\",\n   \"message\":
        \"key pool is empty\"\n  }\n }"
    headers:
      cache-control:
      - no-cache
      content-length:
      - '230'
      content-type:
      - application/json
      date:
      - Thu, 29 Jun 2023 09:41:38 GMT
      expires:
      - '-1'
      pragma:
      - no-cache
      server:
      - nginx
      strict-transport-security:
      - max-age=31536000; includeSubDomains
      transfer-encoding:
      - chunked
      vary:
      - Accept-Encoding
      x-content-type-options:
      - nosniff
    status:
      code: 200
      message: OK
- request:
    body: null
    headers:
      Accept:
      - '*/*'
      Accept-Encoding:
      - gzip, deflate
      CommandName:
      - aks create
      Connection:
      - keep-alive
      ParameterSetName:
      - --resource-group --name --location --dns-name-prefix --node-count --ssh-key-value
        --zones
      User-Agent:
      - AZURECLI/2.49.0 azsdk-python-azure-mgmt-containerservice/24.0.0 Python/3.8.10
        (Linux-5.15.0-1039-azure-x86_64-with-glibc2.29)
    method: GET
    uri: https://management.azure.com/subscriptions/00000000-0000-0000-0000-000000000000/providers/Microsoft.ContainerService/locations/eastus/operations/273e8bc6-e445-4b73-946b-a4e2e7de9731?api-version=2017-08-31
  response:
    body:
      string: "{\n  \"name\": \"c68b3e27-45e4-734b-946b-a4e2e7de9731\",\n  \"status\":
        \"InProgress\",\n  \"startTime\": \"2023-06-29T09:32:36.986814Z\",\n  \"error\":
        {\n   \"code\": \"ReconcileControlPlaneCertificatesError\",\n   \"message\":
        \"key pool is empty\"\n  }\n }"
    headers:
      cache-control:
      - no-cache
      content-length:
      - '230'
      content-type:
      - application/json
      date:
      - Thu, 29 Jun 2023 09:42:08 GMT
      expires:
      - '-1'
      pragma:
      - no-cache
      server:
      - nginx
      strict-transport-security:
      - max-age=31536000; includeSubDomains
      transfer-encoding:
      - chunked
      vary:
      - Accept-Encoding
      x-content-type-options:
      - nosniff
    status:
      code: 200
      message: OK
- request:
    body: null
    headers:
      Accept:
      - '*/*'
      Accept-Encoding:
      - gzip, deflate
      CommandName:
      - aks create
      Connection:
      - keep-alive
      ParameterSetName:
      - --resource-group --name --location --dns-name-prefix --node-count --ssh-key-value
        --zones
      User-Agent:
      - AZURECLI/2.49.0 azsdk-python-azure-mgmt-containerservice/24.0.0 Python/3.8.10
        (Linux-5.15.0-1039-azure-x86_64-with-glibc2.29)
    method: GET
    uri: https://management.azure.com/subscriptions/00000000-0000-0000-0000-000000000000/providers/Microsoft.ContainerService/locations/eastus/operations/273e8bc6-e445-4b73-946b-a4e2e7de9731?api-version=2017-08-31
  response:
    body:
      string: "{\n  \"name\": \"c68b3e27-45e4-734b-946b-a4e2e7de9731\",\n  \"status\":
        \"InProgress\",\n  \"startTime\": \"2023-06-29T09:32:36.986814Z\",\n  \"error\":
        {\n   \"code\": \"ReconcileControlPlaneCertificatesError\",\n   \"message\":
        \"key pool is empty\"\n  }\n }"
    headers:
      cache-control:
      - no-cache
      content-length:
      - '230'
      content-type:
      - application/json
      date:
      - Thu, 29 Jun 2023 09:42:39 GMT
      expires:
      - '-1'
      pragma:
      - no-cache
      server:
      - nginx
      strict-transport-security:
      - max-age=31536000; includeSubDomains
      transfer-encoding:
      - chunked
      vary:
      - Accept-Encoding
      x-content-type-options:
      - nosniff
    status:
      code: 200
      message: OK
- request:
    body: null
    headers:
      Accept:
      - '*/*'
      Accept-Encoding:
      - gzip, deflate
      CommandName:
      - aks create
      Connection:
      - keep-alive
      ParameterSetName:
      - --resource-group --name --location --dns-name-prefix --node-count --ssh-key-value
        --zones
      User-Agent:
      - AZURECLI/2.49.0 azsdk-python-azure-mgmt-containerservice/24.0.0 Python/3.8.10
        (Linux-5.15.0-1039-azure-x86_64-with-glibc2.29)
    method: GET
    uri: https://management.azure.com/subscriptions/00000000-0000-0000-0000-000000000000/providers/Microsoft.ContainerService/locations/eastus/operations/273e8bc6-e445-4b73-946b-a4e2e7de9731?api-version=2017-08-31
  response:
    body:
      string: "{\n  \"name\": \"c68b3e27-45e4-734b-946b-a4e2e7de9731\",\n  \"status\":
        \"InProgress\",\n  \"startTime\": \"2023-06-29T09:32:36.986814Z\",\n  \"error\":
        {\n   \"code\": \"ReconcileControlPlaneCertificatesError\",\n   \"message\":
        \"key pool is empty\"\n  }\n }"
    headers:
      cache-control:
      - no-cache
      content-length:
      - '230'
      content-type:
      - application/json
      date:
      - Thu, 29 Jun 2023 09:43:09 GMT
      expires:
      - '-1'
      pragma:
      - no-cache
      server:
      - nginx
      strict-transport-security:
      - max-age=31536000; includeSubDomains
      transfer-encoding:
      - chunked
      vary:
      - Accept-Encoding
      x-content-type-options:
      - nosniff
    status:
      code: 200
      message: OK
- request:
    body: null
    headers:
      Accept:
      - '*/*'
      Accept-Encoding:
      - gzip, deflate
      CommandName:
      - aks create
      Connection:
      - keep-alive
      ParameterSetName:
      - --resource-group --name --location --dns-name-prefix --node-count --ssh-key-value
        --zones
      User-Agent:
      - AZURECLI/2.49.0 azsdk-python-azure-mgmt-containerservice/24.0.0 Python/3.8.10
        (Linux-5.15.0-1039-azure-x86_64-with-glibc2.29)
    method: GET
    uri: https://management.azure.com/subscriptions/00000000-0000-0000-0000-000000000000/providers/Microsoft.ContainerService/locations/eastus/operations/273e8bc6-e445-4b73-946b-a4e2e7de9731?api-version=2017-08-31
  response:
    body:
      string: "{\n  \"name\": \"c68b3e27-45e4-734b-946b-a4e2e7de9731\",\n  \"status\":
        \"InProgress\",\n  \"startTime\": \"2023-06-29T09:32:36.986814Z\",\n  \"error\":
        {\n   \"code\": \"ReconcileControlPlaneCertificatesError\",\n   \"message\":
        \"key pool is empty\"\n  }\n }"
    headers:
      cache-control:
      - no-cache
      content-length:
      - '230'
      content-type:
      - application/json
      date:
      - Thu, 29 Jun 2023 09:43:39 GMT
      expires:
      - '-1'
      pragma:
      - no-cache
      server:
      - nginx
      strict-transport-security:
      - max-age=31536000; includeSubDomains
      transfer-encoding:
      - chunked
      vary:
      - Accept-Encoding
      x-content-type-options:
      - nosniff
    status:
      code: 200
      message: OK
- request:
    body: null
    headers:
      Accept:
      - '*/*'
      Accept-Encoding:
      - gzip, deflate
      CommandName:
      - aks create
      Connection:
      - keep-alive
      ParameterSetName:
      - --resource-group --name --location --dns-name-prefix --node-count --ssh-key-value
        --zones
      User-Agent:
      - AZURECLI/2.49.0 azsdk-python-azure-mgmt-containerservice/24.0.0 Python/3.8.10
        (Linux-5.15.0-1039-azure-x86_64-with-glibc2.29)
    method: GET
    uri: https://management.azure.com/subscriptions/00000000-0000-0000-0000-000000000000/providers/Microsoft.ContainerService/locations/eastus/operations/273e8bc6-e445-4b73-946b-a4e2e7de9731?api-version=2017-08-31
  response:
    body:
      string: "{\n  \"name\": \"c68b3e27-45e4-734b-946b-a4e2e7de9731\",\n  \"status\":
        \"Succeeded\",\n  \"startTime\": \"2023-06-29T09:32:36.986814Z\",\n  \"endTime\":
        \"2023-06-29T09:43:58.511792Z\",\n  \"error\": {\n   \"code\": \"ReconcileControlPlaneCertificatesError\",\n
        \  \"message\": \"key pool is empty\"\n  }\n }"
    headers:
      cache-control:
      - no-cache
      content-length:
      - '273'
      content-type:
      - application/json
      date:
      - Thu, 29 Jun 2023 09:44:09 GMT
      expires:
      - '-1'
      pragma:
      - no-cache
      server:
      - nginx
      strict-transport-security:
      - max-age=31536000; includeSubDomains
      transfer-encoding:
      - chunked
      vary:
      - Accept-Encoding
      x-content-type-options:
      - nosniff
    status:
      code: 200
      message: OK
- request:
    body: null
    headers:
      Accept:
      - '*/*'
      Accept-Encoding:
      - gzip, deflate
      CommandName:
      - aks create
      Connection:
      - keep-alive
      ParameterSetName:
      - --resource-group --name --location --dns-name-prefix --node-count --ssh-key-value
        --zones
      User-Agent:
      - AZURECLI/2.49.0 azsdk-python-azure-mgmt-containerservice/24.0.0 Python/3.8.10
        (Linux-5.15.0-1039-azure-x86_64-with-glibc2.29)
    method: GET
    uri: https://management.azure.com/subscriptions/00000000-0000-0000-0000-000000000000/resourceGroups/clitest000001/providers/Microsoft.ContainerService/managedClusters/cliakstest000001?api-version=2024-08-01
  response:
    body:
      string: "{\n  \"id\": \"/subscriptions/00000000-0000-0000-0000-000000000000/resourcegroups/clitest000001/providers/Microsoft.ContainerService/managedClusters/cliakstest000001\",\n
        \ \"location\": \"eastus\",\n  \"name\": \"cliakstest000001\",\n  \"type\":
        \"Microsoft.ContainerService/ManagedClusters\",\n  \"properties\": {\n   \"provisioningState\":
        \"Succeeded\",\n   \"powerState\": {\n    \"code\": \"Running\"\n   },\n   \"kubernetesVersion\":
        \"1.25.6\",\n   \"currentKubernetesVersion\": \"1.25.6\",\n   \"dnsPrefix\":
        \"cliaksdns000002\",\n   \"fqdn\": \"cliaksdns000002-cq73ll3y.hcp.eastus.azmk8s.io\",\n
        \  \"azurePortalFQDN\": \"cliaksdns000002-cq73ll3y.portal.hcp.eastus.azmk8s.io\",\n
        \  \"agentPoolProfiles\": [\n    {\n     \"name\": \"nodepool1\",\n     \"count\":
        3,\n     \"vmSize\": \"Standard_DS2_v2\",\n     \"osDiskSizeGB\": 128,\n     \"osDiskType\":
        \"Managed\",\n     \"kubeletDiskType\": \"OS\",\n     \"maxPods\": 110,\n
        \    \"type\": \"VirtualMachineScaleSets\",\n     \"availabilityZones\": [\n
        \     \"1\",\n      \"2\",\n      \"3\"\n     ],\n     \"enableAutoScaling\":
        false,\n     \"provisioningState\": \"Succeeded\",\n     \"powerState\": {\n
        \     \"code\": \"Running\"\n     },\n     \"orchestratorVersion\": \"1.25.6\",\n
        \    \"currentOrchestratorVersion\": \"1.25.6\",\n     \"enableNodePublicIP\":
        false,\n     \"mode\": \"System\",\n     \"enableEncryptionAtHost\": false,\n
        \    \"enableUltraSSD\": false,\n     \"osType\": \"Linux\",\n     \"osSKU\":
        \"Ubuntu\",\n     \"nodeImageVersion\": \"AKSUbuntu-2204gen2containerd-202306.19.0\",\n
        \    \"upgradeSettings\": {},\n     \"enableFIPS\": false\n    }\n   ],\n
        \  \"linuxProfile\": {\n    \"adminUsername\": \"azureuser\",\n    \"ssh\":
        {\n     \"publicKeys\": [\n      {\n       \"keyData\": \"ssh-rsa AAAAB3NzaC1yc2EAAAADAQABAAABAQCw4P22/hE86EX0l2HMO+M6Gw+CW6O4Yl84NLjVqF7NtK8xwQKcZwGeIwNBv/HxJ0uMJlOCG1ZMPPvSZHDp07QvAjYKKryIkIGilxLUh4fNOEQiZqAXB2badERUdwLRB4f6kHc0vb35GHw3tlyjjDjvQTO7UgZQxnbipxyrJAYfMHxfXjST1tvmln3v87WvBGsY2hr1Iqx/gMO3AIqaNoJntl1sIeAcg8xXdYW3PP6N1gYToFsDxsQZU2rfefIRDniuP4fYy2J4shtEAkyzv1BlOBJGHBqCzyrhXVqFElLSFV99QhLUi43zXL4Ge1QKJBztH/q48ohMBt3WenkP2KsT
        azcli_aks_live_test@example.com\\n\"\n      }\n     ]\n    }\n   },\n   \"servicePrincipalProfile\":
        {\n    \"clientId\":\"00000000-0000-0000-0000-000000000001\"\n   },\n   \"nodeResourceGroup\":
        \"MC_clitest000001_cliakstest000001_eastus\",\n   \"enableRBAC\": true,\n
        \  \"supportPlan\": \"KubernetesOfficial\",\n   \"networkProfile\": {\n    \"networkPlugin\":
        \"kubenet\",\n    \"loadBalancerSku\": \"Standard\",\n    \"loadBalancerProfile\":
        {\n     \"managedOutboundIPs\": {\n      \"count\": 1\n     },\n     \"effectiveOutboundIPs\":
        [\n      {\n       \"id\": \"/subscriptions/00000000-0000-0000-0000-000000000000/resourceGroups/MC_clitest000001_cliakstest000001_eastus/providers/Microsoft.Network/publicIPAddresses/416fcaca-806d-431c-8a87-b3094f512019\"\n
        \     }\n     ]\n    },\n    \"podCidr\": \"10.244.0.0/16\",\n    \"serviceCidr\":
        \"10.0.0.0/16\",\n    \"dnsServiceIP\": \"10.0.0.10\",\n    \"outboundType\":
        \"loadBalancer\",\n    \"podCidrs\": [\n     \"10.244.0.0/16\"\n    ],\n    \"serviceCidrs\":
        [\n     \"10.0.0.0/16\"\n    ],\n    \"ipFamilies\": [\n     \"IPv4\"\n    ]\n
        \  },\n   \"maxAgentPools\": 100,\n   \"identityProfile\": {\n    \"kubeletidentity\":
        {\n     \"resourceId\": \"/subscriptions/00000000-0000-0000-0000-000000000000/resourcegroups/MC_clitest000001_cliakstest000001_eastus/providers/Microsoft.ManagedIdentity/userAssignedIdentities/cliakstest000001-agentpool\",\n
        \    \"clientId\":\"00000000-0000-0000-0000-000000000001\",\n     \"objectId\":\"00000000-0000-0000-0000-000000000001\"\n
        \   }\n   },\n   \"disableLocalAccounts\": false,\n   \"securityProfile\":
        {},\n   \"storageProfile\": {\n    \"diskCSIDriver\": {\n     \"enabled\":
        true\n    },\n    \"fileCSIDriver\": {\n     \"enabled\": true\n    },\n    \"snapshotController\":
        {\n     \"enabled\": true\n    }\n   },\n   \"oidcIssuerProfile\": {\n    \"enabled\":
        false\n   },\n   \"workloadAutoScalerProfile\": {}\n  },\n  \"identity\":
        {\n   \"type\": \"SystemAssigned\",\n   \"principalId\":\"00000000-0000-0000-0000-000000000001\",\n
        \  \"tenantId\": \"72f988bf-86f1-41af-91ab-2d7cd011db47\"\n  },\n  \"sku\":
        {\n   \"name\": \"Base\",\n   \"tier\": \"Free\"\n  }\n }"
    headers:
      cache-control:
      - no-cache
      content-length:
      - '3925'
      content-type:
      - application/json
      date:
      - Thu, 29 Jun 2023 09:44:09 GMT
      expires:
      - '-1'
      pragma:
      - no-cache
      server:
      - nginx
      strict-transport-security:
      - max-age=31536000; includeSubDomains
      transfer-encoding:
      - chunked
      vary:
      - Accept-Encoding
      x-content-type-options:
      - nosniff
    status:
      code: 200
      message: OK
- request:
    body: null
    headers:
      Accept:
      - application/json
      Accept-Encoding:
      - gzip, deflate
      CommandName:
      - aks show
      Connection:
      - keep-alive
      ParameterSetName:
      - -g -n
      User-Agent:
      - AZURECLI/2.49.0 azsdk-python-azure-mgmt-containerservice/24.0.0 Python/3.8.10
        (Linux-5.15.0-1039-azure-x86_64-with-glibc2.29)
    method: GET
    uri: https://management.azure.com/subscriptions/00000000-0000-0000-0000-000000000000/resourceGroups/clitest000001/providers/Microsoft.ContainerService/managedClusters/cliakstest000001?api-version=2024-08-01
  response:
    body:
      string: "{\n  \"id\": \"/subscriptions/00000000-0000-0000-0000-000000000000/resourcegroups/clitest000001/providers/Microsoft.ContainerService/managedClusters/cliakstest000001\",\n
        \ \"location\": \"eastus\",\n  \"name\": \"cliakstest000001\",\n  \"type\":
        \"Microsoft.ContainerService/ManagedClusters\",\n  \"properties\": {\n   \"provisioningState\":
        \"Succeeded\",\n   \"powerState\": {\n    \"code\": \"Running\"\n   },\n   \"kubernetesVersion\":
        \"1.25.6\",\n   \"currentKubernetesVersion\": \"1.25.6\",\n   \"dnsPrefix\":
        \"cliaksdns000002\",\n   \"fqdn\": \"cliaksdns000002-cq73ll3y.hcp.eastus.azmk8s.io\",\n
        \  \"azurePortalFQDN\": \"cliaksdns000002-cq73ll3y.portal.hcp.eastus.azmk8s.io\",\n
        \  \"agentPoolProfiles\": [\n    {\n     \"name\": \"nodepool1\",\n     \"count\":
        3,\n     \"vmSize\": \"Standard_DS2_v2\",\n     \"osDiskSizeGB\": 128,\n     \"osDiskType\":
        \"Managed\",\n     \"kubeletDiskType\": \"OS\",\n     \"maxPods\": 110,\n
        \    \"type\": \"VirtualMachineScaleSets\",\n     \"availabilityZones\": [\n
        \     \"1\",\n      \"2\",\n      \"3\"\n     ],\n     \"enableAutoScaling\":
        false,\n     \"provisioningState\": \"Succeeded\",\n     \"powerState\": {\n
        \     \"code\": \"Running\"\n     },\n     \"orchestratorVersion\": \"1.25.6\",\n
        \    \"currentOrchestratorVersion\": \"1.25.6\",\n     \"enableNodePublicIP\":
        false,\n     \"mode\": \"System\",\n     \"enableEncryptionAtHost\": false,\n
        \    \"enableUltraSSD\": false,\n     \"osType\": \"Linux\",\n     \"osSKU\":
        \"Ubuntu\",\n     \"nodeImageVersion\": \"AKSUbuntu-2204gen2containerd-202306.19.0\",\n
        \    \"upgradeSettings\": {},\n     \"enableFIPS\": false\n    }\n   ],\n
        \  \"linuxProfile\": {\n    \"adminUsername\": \"azureuser\",\n    \"ssh\":
        {\n     \"publicKeys\": [\n      {\n       \"keyData\": \"ssh-rsa AAAAB3NzaC1yc2EAAAADAQABAAABAQCw4P22/hE86EX0l2HMO+M6Gw+CW6O4Yl84NLjVqF7NtK8xwQKcZwGeIwNBv/HxJ0uMJlOCG1ZMPPvSZHDp07QvAjYKKryIkIGilxLUh4fNOEQiZqAXB2badERUdwLRB4f6kHc0vb35GHw3tlyjjDjvQTO7UgZQxnbipxyrJAYfMHxfXjST1tvmln3v87WvBGsY2hr1Iqx/gMO3AIqaNoJntl1sIeAcg8xXdYW3PP6N1gYToFsDxsQZU2rfefIRDniuP4fYy2J4shtEAkyzv1BlOBJGHBqCzyrhXVqFElLSFV99QhLUi43zXL4Ge1QKJBztH/q48ohMBt3WenkP2KsT
        azcli_aks_live_test@example.com\\n\"\n      }\n     ]\n    }\n   },\n   \"servicePrincipalProfile\":
        {\n    \"clientId\":\"00000000-0000-0000-0000-000000000001\"\n   },\n   \"nodeResourceGroup\":
        \"MC_clitest000001_cliakstest000001_eastus\",\n   \"enableRBAC\": true,\n
        \  \"supportPlan\": \"KubernetesOfficial\",\n   \"networkProfile\": {\n    \"networkPlugin\":
        \"kubenet\",\n    \"loadBalancerSku\": \"Standard\",\n    \"loadBalancerProfile\":
        {\n     \"managedOutboundIPs\": {\n      \"count\": 1\n     },\n     \"effectiveOutboundIPs\":
        [\n      {\n       \"id\": \"/subscriptions/00000000-0000-0000-0000-000000000000/resourceGroups/MC_clitest000001_cliakstest000001_eastus/providers/Microsoft.Network/publicIPAddresses/416fcaca-806d-431c-8a87-b3094f512019\"\n
        \     }\n     ]\n    },\n    \"podCidr\": \"10.244.0.0/16\",\n    \"serviceCidr\":
        \"10.0.0.0/16\",\n    \"dnsServiceIP\": \"10.0.0.10\",\n    \"outboundType\":
        \"loadBalancer\",\n    \"podCidrs\": [\n     \"10.244.0.0/16\"\n    ],\n    \"serviceCidrs\":
        [\n     \"10.0.0.0/16\"\n    ],\n    \"ipFamilies\": [\n     \"IPv4\"\n    ]\n
        \  },\n   \"maxAgentPools\": 100,\n   \"identityProfile\": {\n    \"kubeletidentity\":
        {\n     \"resourceId\": \"/subscriptions/00000000-0000-0000-0000-000000000000/resourcegroups/MC_clitest000001_cliakstest000001_eastus/providers/Microsoft.ManagedIdentity/userAssignedIdentities/cliakstest000001-agentpool\",\n
        \    \"clientId\":\"00000000-0000-0000-0000-000000000001\",\n     \"objectId\":\"00000000-0000-0000-0000-000000000001\"\n
        \   }\n   },\n   \"disableLocalAccounts\": false,\n   \"securityProfile\":
        {},\n   \"storageProfile\": {\n    \"diskCSIDriver\": {\n     \"enabled\":
        true\n    },\n    \"fileCSIDriver\": {\n     \"enabled\": true\n    },\n    \"snapshotController\":
        {\n     \"enabled\": true\n    }\n   },\n   \"oidcIssuerProfile\": {\n    \"enabled\":
        false\n   },\n   \"workloadAutoScalerProfile\": {}\n  },\n  \"identity\":
        {\n   \"type\": \"SystemAssigned\",\n   \"principalId\":\"00000000-0000-0000-0000-000000000001\",\n
        \  \"tenantId\": \"72f988bf-86f1-41af-91ab-2d7cd011db47\"\n  },\n  \"sku\":
        {\n   \"name\": \"Base\",\n   \"tier\": \"Free\"\n  }\n }"
    headers:
      cache-control:
      - no-cache
      content-length:
      - '3925'
      content-type:
      - application/json
      date:
      - Thu, 29 Jun 2023 09:44:10 GMT
      expires:
      - '-1'
      pragma:
      - no-cache
      server:
      - nginx
      strict-transport-security:
      - max-age=31536000; includeSubDomains
      transfer-encoding:
      - chunked
      vary:
      - Accept-Encoding
      x-content-type-options:
      - nosniff
    status:
      code: 200
      message: OK
- request:
    body: null
    headers:
      Accept:
      - application/json
      Accept-Encoding:
      - gzip, deflate
      CommandName:
      - aks get-credentials
      Connection:
      - keep-alive
      Content-Length:
      - '0'
      ParameterSetName:
      - -g -n --file
      User-Agent:
      - AZURECLI/2.49.0 azsdk-python-azure-mgmt-containerservice/24.0.0 Python/3.8.10
        (Linux-5.15.0-1039-azure-x86_64-with-glibc2.29)
    method: POST
    uri: https://management.azure.com/subscriptions/00000000-0000-0000-0000-000000000000/resourceGroups/clitest000001/providers/Microsoft.ContainerService/managedClusters/cliakstest000001/listClusterUserCredential?api-version=2024-08-01
  response:
    body:
      string: "{\n  \"kubeconfigs\": [\n   {\n    \"name\": \"clusterUser\",\n    \"value\":
        \"YXBpVmVyc2lvbjogdjEKY2x1c3RlcnM6Ci0gY2x1c3RlcjoKICAgIGNlcnRpZmljYXRlLWF1dGhvcml0eS1kYXRhOiBMUzB0TFMxQ1JVZEpUaUJEUlZKVVNVWkpRMEZVUlMwdExTMHRDazFKU1VVMlJFTkRRWFJEWjBGM1NVSkJaMGxSUVhwa2QzcFlaVXQzU3pCM1kyVmFPR2d3WVhGbVJFRk9RbWRyY1docmFVYzVkekJDUVZGelJrRkVRVTRLVFZGemQwTlJXVVJXVVZGRVJYZEthbGxVUVdkR2R6QjVUWHBCTWsxcWEzZFBWRWt6VFhwT1lVZEJPSGxOUkZWNlRVUlplVTlVUVRWTmVtTjZUVEZ2ZHdwRVZFVk1UVUZyUjBFeFZVVkJlRTFEV1RKRmQyZG5TV2xOUVRCSFExTnhSMU5KWWpORVVVVkNRVkZWUVVFMFNVTkVkMEYzWjJkSlMwRnZTVU5CVVVNckNtcEdZV1ZSVEZaQ1VUbEpTVE5HT1hZd1dsQjRRM3BZUjNOQmNDc3pTR0pEV1VSUVIxUlhjSEJyTUc5aFNEUm1SMHhTUWxRd1dXaHhXSEpoWlRWdFJVa0tOV2hwWVhGRlEyTlhhWFkyVEVwdVZXcFphQzk0Um1KTVN6TTFNVTVJYlhORVR5dHFaRU42T0VSV2IyZGphR2x4YTFoMmJpdEdiM1pKTTI1aVZGRnRhZ3B2ZUhFeGVsSjRLMk5sTmxWWVMwaFRiV1ZSZEdkUGQxaFBMMmRJT1hSMFl6TnVlR0o1YnpBck0zWklWbXBySzJOR1YyNWFNVGRsVkZRNFZGbDZhblZ4Q21KVVdTdGtNalpOZDJWMlYzUllTV2xHVERNdlRHcDJLMmxCY201S1dqZDBlWFF3YlRocVFYVjBkV1JWVlZWelJuRnpRMGR4Y2tKWFprOXdkRlVyTm1rS1JsZDROMUZFYWxab1RHRjVNakpWV1RCb2NHUm9NSFU0Um00M1VXcDFjRlZwV21wQlZtUm9SM28wYTFGbU4ydDBWRGgxWldNMlNrNTVOSFZpU0hWR1NBcEJOVWxuYUd0WWQzUkRSa3hsZGtGWFNVODVkVmxoVURoWVVsTjBZemN3VmtkaVl6RXphV3BWZG1sak4waEZjRUUyY0ZaaVZuUXlkR2RtTm5keVMycFdDazUwU1c0d2R6VjFTV2hWVmtWSGEwMUxRbEZzVFU5dlZHa3dOMndyTUZwclJHcGhlRFU1YVZSTFZHOVlVMkp4YmxsbWFFWk9UV1l2ZURGMmRuRjNXbGNLVEUxYVZrY3JRMWhIV0RCMlFXNTRWRGhNTlU1TmFDczRXRGgwV21KS1NtRk5PV05wVG5kdkwydzJiMnh0Vml0NFFXeFFiRlJHU2psSEx6WlBSRFpHWkFwcFpHcGFOR1poYzFRM2FFODRiVzQ1Tm5NMGJsUkdTR1o0T0hoaFlYbFZRMEpWUm5aaGJrNUtUMUJQVURKS1dXcDBjekpPYlhGTGFFVTVSMjE1WWl0RUNubGhVMU5WY1N0V1RqTTFTMU12UjA5RWJrMWlaekY2TlN0SmVHUk9RVmxYYkZSRU5IWTFSRUZxWms0eU9EZHBVVUpoYm1wb1FtcFhZMFJWVDBaamJsa0tOMG8yVFV0RFpYaENUMXBCT1d0R1VtNXlSV1ZKZEU1U2RDdGpjM05GWlhCaVFtWm1kbGRNZGpSUlNVUkJVVUZDYnpCSmQxRkVRVTlDWjA1V1NGRTRRZ3BCWmpoRlFrRk5RMEZ4VVhkRWQxbEVWbEl3VkVGUlNDOUNRVlYzUVhkRlFpOTZRV1JDWjA1V1NGRTBSVVpuVVZWdUwxZENNMmxCVGpWWmMzbEVSek16Q2s0MWRFbFVSSGMwZVZScmQwUlJXVXBMYjFwSmFIWmpUa0ZSUlV4Q1VVRkVaMmRKUWtGQlEyNXJaWFU1VFcxbWJtZGxVbmRuWTBKSmRUTkJNR0ZzTjFVS2RESk5MelJ5TnpsVGJsZDBSSGg0V0dsb1MxRXJiVW8xV21kT1pWRmtZVkl6UlVsamJuWXphVXBWZWpoV1JuWjVhVWM1ZWtSMGJFbHZaVzE0VFRSTlZ3cHhjU3MxVFM5TFZEZzROMWwwYlhwb01tZHRibmt6WWtOemRDdHRTMUZCTDI5TGFrVnZWazlDVVcxRlQwUjVjbEo1WnpOdWVYcHlhbkpGTnlzMWJEbFRDa2RXTlRSSFVUWTFXU3RwWjB0cGVWb3JWVnBZUVZsS1RIcG1lWHBzV0ZoaFkyVmthRE0yVjI5MlV6TXJVVlJvZVdwc01tRk5XblV6UkZwM2NXRkNXbUlLWjFKdFVraEVZWFF5TjJaTU4xZHRaSHBwU3pOb2VteHVZaTlrTDNSRWNuWkZjbWxaWWl0dk9XTmxTWE5NVlRCalRUVTVNMDQ1WkVVMWRETkVXa0p1ZFFwNmQzaGxVV28zYzFBMWJVMXZUMFpKVkU4M2NEUmFWbWN3WlcxTmRVbG9jMnRNV0RKcVNVOVllRVZVVjNkUmFtWXZXVVphVW1Sc2FXVjVURWhzYVhWSUNuUjFTMHhPY0V4R1ZFNVNMMHB6YkdWc09GRnRXRFJqYVM5SWJrZENibGhEWkRoWlRrNHJRbk5EYmxReldUSXlWVTlXYUdGbVpIUlRhVWxYVUVNdk5FOEtSV1JxVWt0clNVZFNlV2MwZFhSUlIxSTJUa1ZoTjI0MFZrRkRLMWxFV1NzM1RrMUJNSFJPTlc1UFR6VjRkbmQ0UlhCNlpYbDJSSE4xTjJOUkwzVkZNd3BCTWsxT1EyeHpNWEJFYlhCMk55OXhUVkJyTUVnNWFXSlFTSGRTZW5GRGJuVm1UVlEyZGpaT2RUVnBTRzV5VW1wMlVuQXpSMnBoUVV4M1JGWk5NMVJIQ25acWNsSklaMlJ0ZFVsVVpGbEpPRkZYUjBwdWQxbHJhbVJWVldnM1ozaG5NMDVIYkRaa1VHOWtPWEZYTjFSWldXbHZjbUZoZEN0YWFsY3ZLM0J1ZUdZS1ZuRklTRk5ZYkV4MlZEZEVUVEJpYkRreE1HSk5LMU5OZHpKNmNEUkxiMWhQWlUwME5VMVlUVkoyYWpJM1pIUXlhRFIwVGpZeWNVaE5ZMGxqTmxsU1F3cHFMM0ZUTXprcmFHaExjMXA0YXpOUUNpMHRMUzB0UlU1RUlFTkZVbFJKUmtsRFFWUkZMUzB0TFMwSwogICAgc2VydmVyOiBodHRwczovL2NsaWFrc2RuczZjbGY1amctY3E3M2xsM3kuaGNwLmVhc3R1cy5hem1rOHMuaW86NDQzCiAgbmFtZTogY2xpYWtzdGVzdGpvZWZ2Zgpjb250ZXh0czoKLSBjb250ZXh0OgogICAgY2x1c3RlcjogY2xpYWtzdGVzdGpvZWZ2ZgogICAgdXNlcjogY2x1c3RlclVzZXJfY2xpdGVzdHd6cTZoaGdrcmVfY2xpYWtzdGVzdGpvZWZ2ZgogIG5hbWU6IGNsaWFrc3Rlc3Rqb2VmdmYKY3VycmVudC1jb250ZXh0OiBjbGlha3N0ZXN0am9lZnZmCmtpbmQ6IENvbmZpZwpwcmVmZXJlbmNlczoge30KdXNlcnM6Ci0gbmFtZTogY2x1c3RlclVzZXJfY2xpdGVzdHd6cTZoaGdrcmVfY2xpYWtzdGVzdGpvZWZ2ZgogIHVzZXI6CiAgICBjbGllbnQtY2VydGlmaWNhdGUtZGF0YTogTFMwdExTMUNSVWRKVGlCRFJWSlVTVVpKUTBGVVJTMHRMUzB0Q2sxSlNVWklWRU5EUVhkWFowRjNTVUpCWjBsUlFpODRhakF4VUcxTFZucHdUVEJHY0hKVGVXUTJha0ZPUW1kcmNXaHJhVWM1ZHpCQ1FWRnpSa0ZFUVU0S1RWRnpkME5SV1VSV1VWRkVSWGRLYWxsVVFXVkdkekI1VFhwQk1rMXFhM2RQVkVrelRYcE9ZVVozTUhsT1ZFRXlUV3ByZDA5VVRUTk5lazVoVFVSQmVBcEdla0ZXUW1kT1ZrSkJiMVJFYms0MVl6TlNiR0pVY0hSWldFNHdXbGhLZWsxU1ZYZEZkMWxFVmxGUlJFVjNlSFJaV0U0d1dsaEthbUpIYkd4aWJsRjNDbWRuU1dsTlFUQkhRMU54UjFOSllqTkVVVVZDUVZGVlFVRTBTVU5FZDBGM1oyZEpTMEZ2U1VOQlVVUjBUWFZ2TjJ4aVNWWkRkMVJFUVZWR1QzSkdUMFlLTDI4elNUQXllRWRGVUd4M1VFdDRiVlpQU21kTFRrbHBkbGs1WTJRMllTOHpkaTkxTkdzeFJHNUllbVo1YUZselVYUk9XbTFzUnpOUU1VNUlhRFlyTmdwTU1WUmhaMlkyZG5SM1dIVmFUVXMwUTBSMlVFWlhSWHA1VjFoa1ZXVnlRMWhZZDJVeGFXRjZjbXhYWmxCS1dVbFRRWFkwYVdKSVlVRjVjRTV4V25sMUNsWjJXRWh4VkRocU9XTndOR2hoYTBWS2VWRndNV3hMVWswd05rOXJVemhLV1hVeE5HZzNVRkIwUlhGT1RGZzBNblZpVnpBMGNXMTNXV1JrYkdGaVRVSUtPRkpTUm1OVVltUnNhVGd5VVdRNU5GVjFhbE5IVEhwaE1HcEliR05MY0VWVmVpOTZjU3RtUzFOTFFVMHZXa1JZVDNsd1NrcFhaemxHUzBGUVdrOVRSUXB0Ykc1RlowbHhkMGN6U20xWE5IcGtVVGR3VlhGWGVIZFpNRFp2ZHpWa1pEWmhlVzkyY21oME5FVnlLMDVXY3pKSU15OHpSMkYyZVhkVFNraFFlVVZaQ2psalZsZFdMMDV1Y21WVlQwVXZZM0JRWWxaaE1VbzVVak00ZEdoT0wySndPRmhWTlZoeVdtdEhaazVhZUVsMFUzUk9lbUpuZEVKa2RWVXhSM2RUVGtvS05VRjNVelkzYmpSUlJrYzNNbUo1YVUxTVpHRldLMEpJTlhWaGEzVTBkRElyYUdzck5rUkpVRmgzUkd4TGRVUlhUa2x4TDJwTFJsbFpaM0Z3WVhSbmVBcEtlRTVOTDFGcVFucHhMMFpIUlhNMGIxRlJWSFZPVXl0UU5ubFNaVlJ2YjFKRGMzcFdiWFU1Vkhoelp6Rk1VVzUxYVVJelVYbzRSRGRzY2tSWWJFTjZDbHAwTVhOdU9XbHRLekZsZW1GSGJHWnZibUowUms1clZuWjVRMHhrYVN0UlduWk9NV3BwYjFCbWIwTlZVM05QYWtsc1VHTmlaRkZ1ZGxWWFdWQXdTbEVLV2pZNVoyRXZNM052U1VKS1MzSmhMMkpCWm1aRUx6a3pjMmhMUkhGbmJDdHZaRmxCZGxwaFlVMUxPWGt4THpKR1VUbGhTbWQwTkdNdlYxVnFLMFZpTUFwSE1qRXZaV1pRUm5SRVFWVnlaM1l5VjNSYWFEbDNTVVJCVVVGQ2J6RlpkMVpFUVU5Q1owNVdTRkU0UWtGbU9FVkNRVTFEUW1GQmQwVjNXVVJXVWpCc0NrSkJkM2REWjFsSlMzZFpRa0pSVlVoQmQwbDNSRUZaUkZaU01GUkJVVWd2UWtGSmQwRkVRV1pDWjA1V1NGTk5SVWRFUVZkblFsTm1PVmxJWlVsQk0yd0thWHBKVFdKbVl6TnRNR2hOVUVScVNrOVVRVTVDWjJ0eGFHdHBSemwzTUVKQlVYTkdRVUZQUTBGblJVRklkMVF6VTFwd1ZuWk5SRWhPYURWVlQybzVaQXB3Y1d4YVRIaEZWRU5pZWxGWGRWQmFUMVpzWTNkRGJWUndhakYzU214Mk0zcFhRMHRwU1ZWSE5uRmhRMjlHVmpoclVVUXJZa3hTY1RjMGQwWmhZWEJNQ2k5d1kxUk1jVTVPZW1kemJqRkRTekJqZG0xcmRWUnlka0pVTlhSNk9UWlRkamN5YTBOUVIwbFZTVWQ2YW5rd2EycGFTVVIzUVV4WWJUaGtORTEyVUM4S0swcDBOakpwVTBzd2JHZHJlREJWTURCaFRrWldkRE5hY1dVd1RERXlNMUJWYkVsRlkweFJjbW93UWsxNU9GWlVRVzVRU1daNFdrRTNVWEpRYVc5SE53cFZNWEZzU0RCTE9FbEJjMmgxUm5CWlEyOTVSWGcxY0RWNmN6bHdVbEJXVkVneFYwaFNaMDVLY3pkTmJrNTBSR2xNU0hreGRVWkJUR1JNZUhaeFZ6Y3ZDbXgyYWt0a05YUTBhMDl3VldSUFJXMHdaVTl0Ym1kSmVFRXhWVU5qVVdKS1duSjJiMmxTTTJJM1JsVnRiVnBCU1hCbFZVSm5ObXhuUVc1NEwzWnVjR1VLUmpsTFpraDZXRzFsVmtKTU5XNXlSMlJ6VG5OTE1tVXliR0ZUZFhCUFJVUkhURGh6TTBOWVdsTlRSVWxqUW1OSldWUk5ZVmhZTXpRMFVtbHpLM2xRZEFveU5IVkVLM1p3U1RKWVNuRmlSVUUzU1V3eFRtWTNXUzlIVnk5NFFVNWplRmRLV1VvNWRsSk5jbHBCU2xReFNHMHhhbkJrWmxSaVVUWjRWMjVhTlhGbUNsVnlVM1JWWlRZM2VtRmFPVWxOU0hSWFQwZGxjSGRvTlZsdlExRnBha0ZLWVZseVJUSkRTV3BLYTJGa1JtRjFMM1prYWtSb1FWRlhlSEJzWkZKVFExb0tNM00yV0hKM1NEUmtlVGR5TDNVelVFMUJjRXBTVFdrelpFSmxNRVJuY2tOaFJsbzBVM0Z4TDJzdlZubGpOMGQ1UVZndlV6WnpVRzV0VFVONlFrbHVkUXBEWjJkNkx6TnlhVEEzWjB0VGVGVk5OMDl4VURWQ2RTOTRkVXBVTjJaTVlVRXJTek5xUjBjd2JVTkxaamhTWVM5SVoxTnJkMmR5Tkd0T1lXUkJiRXRxQ205aE0yc3JWVXN6VjNsNU1VbFJjbkZTV2xZek1FOVZQUW90TFMwdExVVk9SQ0JEUlZKVVNVWkpRMEZVUlMwdExTMHRDZz09CiAgICBjbGllbnQta2V5LWRhdGE6IExTMHRMUzFDUlVkSlRpQlNVMEVnVUZKSlZrRlVSU0JMUlZrdExTMHRMUXBOU1VsS1MwRkpRa0ZCUzBOQlowVkJOMVJNY1U4MVYzbEdVWE5GZDNkR1FsUnhlRlJvWmpaT2VVNU9jMUpvUkRWalJIbHpXbXhVYVZsRGFsTkpjakpRQ2xoSVpXMTJPVGN2TjNWS1RsRTFlRGd6T0c5WFRFVk1WRmRhY0ZKMGVqbFVValJsZG5WcE9WVXliMGdyY2pkalJqZHRWRU4xUVdjM2VuaFdhRTA0Ykd3S00xWkljWGRzTVRoSWRGbHRjelkxVm01NmVWZERSV2RNSzBsdGVESm5UWEZVWVcxamNteGlNWGcyYXk5SkwxaExaVWxYY0VKRFkydExaRnBUYTFST1R3cHFjRVYyUTFkTWRHVkpaWHA2TjFKTGFsTXhLMDV5YlRGMFQwdHdjMGRJV0ZwWGJYcEJaa1ZWVWxoRk1qTmFXWFpPYTBobVpVWk1iekJvYVRneWRFbDRDalZZUTNGU1JrMHZPRFoyYm5scmFXZEVVREpSTVhwemNWTlRWbTlRVWxOblJESlVhMmhLY0ZwNFNVTkxjMEowZVZwc2RVMHpWVTgyVmt0c2MyTkhUazhLY1UxUFdGaGxiWE54VERZMFltVkNTeTlxVm1KT2FEa3ZPWGh0Y2poelJXbFNlamhvUjFCWVJsWnNabnBhTmpOc1JHaFFNMHRVTWpGWGRGTm1WV1F2VEFwWlZHWXlObVpHTVU5V05qSmFRbTU2VjJOVFRGVnlWR015TkV4UldHSnNUbEp6UldwVFpWRk5SWFYxTlN0RlFsSjFPVzA0YjJwRE0xZHNabWRTSzJKdENuQk1kVXhrZG05YVVIVm5lVVF4T0VFMVUzSm5NV3BUUzNZMGVXaFhSMGxMY1ZkeVdVMVRZMVJVVURCSmQyTTJkbmhTYUV4UFMwVkZSVGRxVlhacUszTUthMWhyTmt0RlVYSk5NVnB5ZGxVNFlrbE9VekJLTjI5blpEQk5MMEVyTldGM01UVlJjekppWkdKS0wxbHdkblJZY3pKb2NGZzJTakkzVWxSYVJtSTRad3BwTTFsMmEwZGllbVJaTkhGRU16WkJiRVZ5Ukc5NVNsUXpSek5WU2pjeFJtMUVPVU5WUjJWMldVZDJPVGRMUTBGVFUzRXlkakozU0ROM0x5OWtOMGxUQ21jMmIwcG1jVWhYUVV3eVYyMXFRM1pqZEdZNWFGVlFWMmxaVEdWSVVERnNTUzlvUnpsQ2RIUm1NMjU2ZUdKUmQwWkxORXc1YkhKWFdXWmpRMEYzUlVFS1FWRkxRMEZuUVhoNmFYZFRkMDVpTkhocGVVVjVZMGQwZUVVNWVGcHJZbVJOVlN0a01ISnBaR3RaTDJSdFRuUkVkRFkyVURkMEsyOVhaRTVuYmtoR0t3bzViazlyZVRkdlNYWTBWWGxZUVVoSE5HSnNaekJsU1hCMFpISXpURVJOVlVGd1J6UXdZVkpyVEhwSldIUkdjbWx0Tm0xcFZuaHhWbWQ2Y2xrdmQyOTBDall5WlVzclVVMTJaMWRuTjJGMU1XZHFXVVZVZEhaQ2RVTkVlRWNyZVd3eVpVSnZlVGhqZUVkNlJVZ3lRbXRZTkhCMlJVWllhRWRVY1M5aFJtTlJiRTRLT0hGcFZqVXhVakJIYlZwVVJsZEhURVJ6UkRCelZXRnhSelo1YW5KeWVFUTNTV0pLZEd4NFNtUXdSakpKVjNGVWJYWkJhM1pzWjA1NGFqbHhVVEZUT1FwV1NUVkRSV3RtVWtWdWExVlRSemhVYkhSQmVHRjVRa1YxZW0xcloydG9lRVV4UTB4eksyVnphVWhMYldwNU9GUXdaRTVqVFdVek1WUTRVamQ1Y2tsbUNtRktVMUJPWWxwd1pFVnBibkkyZFU0NVozbzVNWGRJWTJ4bGRtSjVNV3RsTHpSNGVXSXlSbFphWkZCbloxZFRkamszWkUxdlNYaFhWamRTUVdGU01ESUtOR0l4VkdWSVlVZzJNVkJTY1M4MWJXd3JibVJGVW5wM1VqTk5NVEZ5VkdGeVFVUlpNRGRKU1hveFN6SnRVRXBMWmtaamNYZHpOVXRVTkRocmIySm5TZ3BOV1VOSllXSTNZVUpwY3pKdFJqVktLelZqUmpKNGFHUjRPV1pvYUhoRGN5OVZUMFJ0Wm1kSmFFcEtlV0oyTjFkalpHeFFXbTlzUkdwck5HMU1ibmxzQ25aa1ZTdG1kV3RXU3pFd1kyeDJaRGRFV1RoalNqY3ZMMVI2VFdWeFdHTjJlRk5DTVZOTVkweHZXV2h1SzJoTFpqbGpNMVJDWlZFM2QxcG9TVGwwV2tjS2RDdHJXbGhZUVZCWVdFZFVRMVZ1VG5ac1NtWnVLMU14VjNCRmN6UjRURVpWVTA5SE1URm1RazQwTnpjM1MxQmlLMHhJV0ZsVk5saFBUekZYYlROMlpnbzNjMlZtUTJJdllrTjBPSHByVFdkcU9FWnNObEJuZWtSQloyNVJhekJ4VEV0WVMwbHNVbEUwWTJjNFlYUk1hREl5VVV0RFFWRkZRVGd4UWpWd0t5OWFDbXMwWlVobGRtSkpTR0ZFUWxBNGRVMTFkV05ZVkVaa2VFTlBZV0Z3UlZaS2VYWTJaRlpTYlhKM056TkhSbWhqVDNWbGEwWldTazB6UVdoNVQwVlNSbkVLZFVwME1XcGtSRU5GYldWbGNtaFhkMUpaVUU5b2JFUklNM1ZMVGpoNk56azVOVzUwWW1Fd0wyUkJhU3R0V0U0eVNHdDFTbTVzV0N0UVJ6UjZNSEpvWndweFRFbFpTMlZEYW5OSVZVZFFjMjA0VnpZMlJFVjRNMUpCYmtaRVVURlRlVTlqZG5sbVRtMTNTbXhaVEhsR1FqUlJTa2h3ZEU5b2FHUkhXbkZIWTBabkNsQm1aMVJWUldOb1pVVklhVm95YUZCQmEwOUtaVFV6YW1oS1RsbzJOVnAxTVRsalMwUk5WR3RxVmtJNVJFSmpVazl6VFRSUEx6QlJZbXd2YVZCbFFYTUtNV1pKVlVsTWREUTFXVXhUVlVsdWRXWmFjamRCVm5Wb2VWUlViR3RDVVV4VlVIRkZVMVJxVjFwcVIyMDNORUZwYjJwdmMxUjBMMEppZGtWNmRHSjBid3B1ZFZwNU9GSllWR05RWkZGRVVVdERRVkZGUVN0YVJGRXZaMHBrV1d4cFIycHlWbmRoV1ZoUlIyRkhXRTF0UlRkQ1RGVjFTVzk2ZVVsTVRrWlZjblZDQ2xaa1ZVUkxXRTV5YWxab01YcG1XbkZHVjNCNk1rUkdNVFo0WjFaTllVMWhhMjVzVjBsQ05EUjJXRmx0WVZWalVGVnhZVEYwYjI1emFsVkxRbU5yWlRnS2MxSnlaV3hyZVZKcFdHMXNiRUpqVVdRd1IwYzFTazlUY25WUWMzWlNUVFpUVm0xVlEyUnhkbVYxWXk5VFRYRlZVbkpoT1U5dGMyTm5hMmNyVEhkSlpnbzJkRlV3UW5aemEwOXdValZUUjFSTk9EZG5LMFZYVEhBNWFYWnlSMHc0ZGtnNVJEQnVablZvYm1RcmFTdEJhMlpoV2t3NFYzWlZaemQyZG1KVlRuTm1Da2RMTWxKM1F6QkNiRTlXUVRSb1dUWjJjMmR5TlZoTVZUa3hibUpYUm5RM09IVXliVWhpTHl0Q1ltOTFVazgxZG5KM1RYWnZiSEpEV2tGSWFEWllOVGNLTXpWb1dEUkphREkxUVVWNFQyUTBjMEU1TDFCalVtOUNibE5wZFUweVVUQjRaalJSTVZwMk1VVjNTME5CVVVWQmMzZHBlRXM0YUV0QlkzUkZMMnMzWlFwUGVXSlNZVGMyT0VrM04zUkljMmh6Y2xFM05rWlJka015TjBvd1ZrY3dZVkJYVEVSblptVm1XakUyTWtKSFFqWndibmRoWTFOaGRYSXpNemhvYzJodkNrNVRRek15ZDB0elprMXZZWGxwZUdkc1dHMUJNVGcyZGtVeVZGcEdjek5ZUm1WMGJGUkJXbmRyUzFGdFpFUktNR0V3VkhaeWQzSnhXRTVqUnk5eVIwUUtORTVEVEUxMVNrRlVabTVuUTNNemVYZEhhRlpDVWsxeFVGZHlOMVkzUkdGak5uSXlObTlQUkhGSlpERlFlQ3RMY21oeE5UQlpLeTgwU0d4TmVFNUtRd3BLTTI1aVVGSnRPRzlVTjA5NEx6UkxjbklyTlRrMlluVnJjbFo0WlV0dVkxQnlkRTQ1TDNBeFVFSmlkbkIyZUhvdllrNXBRbmRQVVVkcVJWSmlTRUpzQ2pablRsUXJPVEI1Wkc5Mk1sUkROUzl2YTNwbk5tZzFSbTlYVm10ME0yZDVSVzF3VVcxdlVtWmtOVEV3WjNWclZVeFRNR2RVYjFoRE1uTkdXa3hHY0ZNS1FtaHhSV1JSUzBOQlVVRkZVMHhWWkhSNVMzUlFiMGhKZWpGeFNIQlVSbTFVZW5wUFRUVmpWWGhLZEhaSmJWcENiek5KYzAxdFdFMHJSMUZsWjFGdE1ncHRiVGhxVVhacFpFNHpLMWhzV0c1R2RVWnpZM2xCVkRkM1RFNHllRFkwU0hGd1EwMVFRbXRMVUZONFpsaHplVGwyUVdWSE1EWTFjMmc1TmsxVEwwbDJDbTUyVURGeU9VOXlhVWRrZEZsM09HZHBNamhVTmpsSFZGVnpUbFY1TDJzMVRHVkZURTlrWTBSM056RktNVWMzWmpKaFpXWnVVRk0xVkd0SFpsbFJOVVlLU25sc1VqQmtSVzB5WlVoUE5FcHFUbXBuUm5sSmF6UkllVTFzTmsxTmFXTmphWFJXUVV0elYxZzVlVkJJZVdkaGEyZzBOSEpDY0VScVV6Z3dWV3hHTVFwdlpETlZVVGRrYzJOUWF6TTNhRzE2ZVZWdldHOVVTbTFuUTJaaE1rOUlaV0pWZWtGRFEzWkpiMFpDWjBKQ2FsVkxTMmRrU0haMU0xbGxSVmxVU2psc0NqSktUbXQySzJsWWFFYzRSMHhSUldOR2IyVjJRVU5vWW5kaWJTdFJVR2RpUVc5SlFrRkljREUyZUc5dVpUZEZjekYwY2tjMldWSnViRWxRUzI0eVNGWUtRekJyWlVKS1RrVkVaa0V2VmpWdFNqVnZObmhTYW5sQldFeE5TbEJPZW5kUmMwSnJOVVJCV1dsNFltOXpWbmxOZHpob01VOUlhR3hUYkZneU5uRnVSd3BpVjFGc1FtNVJNM1YyUmtoNFJHdEpLMjFHVkZOQ1NTOXFRbXh1YVVsSmRraFNaMnhTV0d0SGRtcEpWRkFyZHpRMWRWSm5hRmhyY0dGbWJtNUJjMGRGQ25wRk5GcG5LMnRVZURGUVRHZHFiRlJ1U1hOemRITkZkbXMzY0VNckx6UlJRV2hEZGt4YU9Hc3hXbmRsVFRabFpHOTBURGR6TlV4SE5XWk9hVWc0YldNS2JuUkJkWG9yV0RaRGFVdzBVekZYYnpkWVNXbEVlRnBqTjJkc1prODVRbXBXTTNaRldIWlJlbXBMWlhsR1dURk9VVEZIVld4SFdVUlRPSHAzTVVwc2JBcHBXbXBxWTJveVpTdFhRVGMxTm5od1RVSnBhMHhWY0VveFkxZHpVVTl6VVhKd1VqbHdLMVZ3UVhaMU5qTktNemhMUjBSMWNrVkVVa0YyUlQwS0xTMHRMUzFGVGtRZ1VsTkJJRkJTU1ZaQlZFVWdTMFZaTFMwdExTMEsKICAgIHRva2VuOiBoYm5teDQzenRzc3g5bnNpbHU1ZzkybDl0aWlwNjMwdmh2dWU2NHV6NjBmZ2FtNGd2aGpreGo4NnowajA4bHYxa3hlNm1vN3k3ZDh0cml2OXIzdHB6NjM1c2NqeWFzcnBqcHYzanNucXNqZDR2bXFiamtlNXQ4c29kdTllbWxudgo=\"\n
        \  }\n  ]\n }"
    headers:
      cache-control:
      - no-cache
      content-length:
      - '13072'
      content-type:
      - application/json
      date:
      - Thu, 29 Jun 2023 09:44:11 GMT
      expires:
      - '-1'
      pragma:
      - no-cache
      server:
      - nginx
      strict-transport-security:
      - max-age=31536000; includeSubDomains
      transfer-encoding:
      - chunked
      vary:
      - Accept-Encoding
      x-content-type-options:
      - nosniff
      x-ms-ratelimit-remaining-subscription-writes:
      - '1199'
    status:
      code: 200
      message: OK
- request:
    body: null
    headers:
      Accept:
      - application/json
      Accept-Encoding:
      - gzip, deflate
      CommandName:
      - aks nodepool add
      Connection:
      - keep-alive
      ParameterSetName:
      - --resource-group --cluster-name --name --node-count --zones
      User-Agent:
      - AZURECLI/2.49.0 azsdk-python-azure-mgmt-containerservice/24.0.0 Python/3.8.10
        (Linux-5.15.0-1039-azure-x86_64-with-glibc2.29)
    method: GET
    uri: https://management.azure.com/subscriptions/00000000-0000-0000-0000-000000000000/resourceGroups/clitest000001/providers/Microsoft.ContainerService/managedClusters/cliakstest000001/agentPools?api-version=2024-08-01
  response:
    body:
      string: "{\n  \"value\": [\n   {\n    \"id\": \"/subscriptions/00000000-0000-0000-0000-000000000000/resourcegroups/clitest000001/providers/Microsoft.ContainerService/managedClusters/cliakstest000001/agentPools/nodepool1\",\n
        \   \"name\": \"nodepool1\",\n    \"type\": \"Microsoft.ContainerService/managedClusters/agentPools\",\n
        \   \"properties\": {\n     \"count\": 3,\n     \"vmSize\": \"Standard_DS2_v2\",\n
        \    \"osDiskSizeGB\": 128,\n     \"osDiskType\": \"Managed\",\n     \"kubeletDiskType\":
        \"OS\",\n     \"maxPods\": 110,\n     \"type\": \"VirtualMachineScaleSets\",\n
        \    \"availabilityZones\": [\n      \"1\",\n      \"2\",\n      \"3\"\n     ],\n
        \    \"enableAutoScaling\": false,\n     \"provisioningState\": \"Succeeded\",\n
        \    \"powerState\": {\n      \"code\": \"Running\"\n     },\n     \"orchestratorVersion\":
        \"1.25.6\",\n     \"currentOrchestratorVersion\": \"1.25.6\",\n     \"enableNodePublicIP\":
        false,\n     \"mode\": \"System\",\n     \"enableEncryptionAtHost\": false,\n
        \    \"enableUltraSSD\": false,\n     \"osType\": \"Linux\",\n     \"osSKU\":
        \"Ubuntu\",\n     \"nodeImageVersion\": \"AKSUbuntu-2204gen2containerd-202306.19.0\",\n
        \    \"upgradeSettings\": {},\n     \"enableFIPS\": false\n    }\n   }\n  ]\n
        }"
    headers:
      cache-control:
      - no-cache
      content-length:
      - '1105'
      content-type:
      - application/json
      date:
      - Thu, 29 Jun 2023 09:44:11 GMT
      expires:
      - '-1'
      pragma:
      - no-cache
      server:
      - nginx
      strict-transport-security:
      - max-age=31536000; includeSubDomains
      transfer-encoding:
      - chunked
      vary:
      - Accept-Encoding
      x-content-type-options:
      - nosniff
    status:
      code: 200
      message: OK
- request:
    body: '{"properties": {"count": 3, "vmSize": "Standard_DS2_v2", "osDiskSizeGB":
      0, "osType": "Linux", "enableAutoScaling": false, "scaleDownMode": "Delete",
      "type": "VirtualMachineScaleSets", "mode": "User", "upgradeSettings": {}, "availabilityZones":
      ["1", "2", "3"], "enableNodePublicIP": false, "scaleSetPriority": "Regular",
      "scaleSetEvictionPolicy": "Delete", "spotMaxPrice": -1.0, "nodeTaints": [],
      "enableEncryptionAtHost": false, "enableUltraSSD": false, "enableFIPS": false}}'
    headers:
      Accept:
      - application/json
      Accept-Encoding:
      - gzip, deflate
      CommandName:
      - aks nodepool add
      Connection:
      - keep-alive
      Content-Length:
      - '477'
      Content-Type:
      - application/json
      ParameterSetName:
      - --resource-group --cluster-name --name --node-count --zones
      User-Agent:
      - AZURECLI/2.49.0 azsdk-python-azure-mgmt-containerservice/24.0.0 Python/3.8.10
        (Linux-5.15.0-1039-azure-x86_64-with-glibc2.29)
    method: PUT
    uri: https://management.azure.com/subscriptions/00000000-0000-0000-0000-000000000000/resourceGroups/clitest000001/providers/Microsoft.ContainerService/managedClusters/cliakstest000001/agentPools/nodepool2?api-version=2024-08-01
  response:
    body:
      string: "{\n  \"id\": \"/subscriptions/00000000-0000-0000-0000-000000000000/resourcegroups/clitest000001/providers/Microsoft.ContainerService/managedClusters/cliakstest000001/agentPools/nodepool2\",\n
        \ \"name\": \"nodepool2\",\n  \"type\": \"Microsoft.ContainerService/managedClusters/agentPools\",\n
        \ \"properties\": {\n   \"count\": 3,\n   \"vmSize\": \"Standard_DS2_v2\",\n
        \  \"osDiskSizeGB\": 128,\n   \"osDiskType\": \"Managed\",\n   \"kubeletDiskType\":
        \"OS\",\n   \"maxPods\": 110,\n   \"type\": \"VirtualMachineScaleSets\",\n
        \  \"availabilityZones\": [\n    \"1\",\n    \"2\",\n    \"3\"\n   ],\n   \"enableAutoScaling\":
        false,\n   \"scaleDownMode\": \"Delete\",\n   \"provisioningState\": \"Creating\",\n
        \  \"powerState\": {\n    \"code\": \"Running\"\n   },\n   \"orchestratorVersion\":
        \"1.25.6\",\n   \"currentOrchestratorVersion\": \"1.25.6\",\n   \"enableNodePublicIP\":
        false,\n   \"mode\": \"User\",\n   \"enableEncryptionAtHost\": false,\n   \"enableUltraSSD\":
        false,\n   \"osType\": \"Linux\",\n   \"osSKU\": \"Ubuntu\",\n   \"nodeImageVersion\":
        \"AKSUbuntu-2204gen2containerd-202306.19.0\",\n   \"upgradeSettings\": {},\n
        \  \"enableFIPS\": false\n  }\n }"
    headers:
      azure-asyncoperation:
      - https://management.azure.com/subscriptions/00000000-0000-0000-0000-000000000000/providers/Microsoft.ContainerService/locations/eastus/operations/36e58189-2121-41c3-b2ac-87cab1a5cc72?api-version=2017-08-31
      cache-control:
      - no-cache
      content-length:
      - '1039'
      content-type:
      - application/json
      date:
      - Thu, 29 Jun 2023 09:44:16 GMT
      expires:
      - '-1'
      pragma:
      - no-cache
      server:
      - nginx
      strict-transport-security:
      - max-age=31536000; includeSubDomains
      x-content-type-options:
      - nosniff
      x-ms-ratelimit-remaining-subscription-writes:
      - '1198'
    status:
      code: 201
      message: Created
- request:
    body: null
    headers:
      Accept:
      - '*/*'
      Accept-Encoding:
      - gzip, deflate
      CommandName:
      - aks nodepool add
      Connection:
      - keep-alive
      ParameterSetName:
      - --resource-group --cluster-name --name --node-count --zones
      User-Agent:
      - AZURECLI/2.49.0 azsdk-python-azure-mgmt-containerservice/24.0.0 Python/3.8.10
        (Linux-5.15.0-1039-azure-x86_64-with-glibc2.29)
    method: GET
    uri: https://management.azure.com/subscriptions/00000000-0000-0000-0000-000000000000/providers/Microsoft.ContainerService/locations/eastus/operations/36e58189-2121-41c3-b2ac-87cab1a5cc72?api-version=2017-08-31
  response:
    body:
      string: "{\n  \"name\": \"8981e536-2121-c341-b2ac-87cab1a5cc72\",\n  \"status\":
        \"InProgress\",\n  \"startTime\": \"2023-06-29T09:44:16.516443Z\"\n }"
    headers:
      cache-control:
      - no-cache
      content-length:
      - '125'
      content-type:
      - application/json
      date:
      - Thu, 29 Jun 2023 09:44:16 GMT
      expires:
      - '-1'
      pragma:
      - no-cache
      server:
      - nginx
      strict-transport-security:
      - max-age=31536000; includeSubDomains
      transfer-encoding:
      - chunked
      vary:
      - Accept-Encoding
      x-content-type-options:
      - nosniff
    status:
      code: 200
      message: OK
- request:
    body: null
    headers:
      Accept:
      - '*/*'
      Accept-Encoding:
      - gzip, deflate
      CommandName:
      - aks nodepool add
      Connection:
      - keep-alive
      ParameterSetName:
      - --resource-group --cluster-name --name --node-count --zones
      User-Agent:
      - AZURECLI/2.49.0 azsdk-python-azure-mgmt-containerservice/24.0.0 Python/3.8.10
        (Linux-5.15.0-1039-azure-x86_64-with-glibc2.29)
    method: GET
    uri: https://management.azure.com/subscriptions/00000000-0000-0000-0000-000000000000/providers/Microsoft.ContainerService/locations/eastus/operations/36e58189-2121-41c3-b2ac-87cab1a5cc72?api-version=2017-08-31
  response:
    body:
      string: "{\n  \"name\": \"8981e536-2121-c341-b2ac-87cab1a5cc72\",\n  \"status\":
        \"InProgress\",\n  \"startTime\": \"2023-06-29T09:44:16.516443Z\"\n }"
    headers:
      cache-control:
      - no-cache
      content-length:
      - '125'
      content-type:
      - application/json
      date:
      - Thu, 29 Jun 2023 09:44:46 GMT
      expires:
      - '-1'
      pragma:
      - no-cache
      server:
      - nginx
      strict-transport-security:
      - max-age=31536000; includeSubDomains
      transfer-encoding:
      - chunked
      vary:
      - Accept-Encoding
      x-content-type-options:
      - nosniff
    status:
      code: 200
      message: OK
- request:
    body: null
    headers:
      Accept:
      - '*/*'
      Accept-Encoding:
      - gzip, deflate
      CommandName:
      - aks nodepool add
      Connection:
      - keep-alive
      ParameterSetName:
      - --resource-group --cluster-name --name --node-count --zones
      User-Agent:
      - AZURECLI/2.49.0 azsdk-python-azure-mgmt-containerservice/24.0.0 Python/3.8.10
        (Linux-5.15.0-1039-azure-x86_64-with-glibc2.29)
    method: GET
    uri: https://management.azure.com/subscriptions/00000000-0000-0000-0000-000000000000/providers/Microsoft.ContainerService/locations/eastus/operations/36e58189-2121-41c3-b2ac-87cab1a5cc72?api-version=2017-08-31
  response:
    body:
      string: "{\n  \"name\": \"8981e536-2121-c341-b2ac-87cab1a5cc72\",\n  \"status\":
        \"InProgress\",\n  \"startTime\": \"2023-06-29T09:44:16.516443Z\"\n }"
    headers:
      cache-control:
      - no-cache
      content-length:
      - '125'
      content-type:
      - application/json
      date:
      - Thu, 29 Jun 2023 09:45:16 GMT
      expires:
      - '-1'
      pragma:
      - no-cache
      server:
      - nginx
      strict-transport-security:
      - max-age=31536000; includeSubDomains
      transfer-encoding:
      - chunked
      vary:
      - Accept-Encoding
      x-content-type-options:
      - nosniff
    status:
      code: 200
      message: OK
- request:
    body: null
    headers:
      Accept:
      - '*/*'
      Accept-Encoding:
      - gzip, deflate
      CommandName:
      - aks nodepool add
      Connection:
      - keep-alive
      ParameterSetName:
      - --resource-group --cluster-name --name --node-count --zones
      User-Agent:
      - AZURECLI/2.49.0 azsdk-python-azure-mgmt-containerservice/24.0.0 Python/3.8.10
        (Linux-5.15.0-1039-azure-x86_64-with-glibc2.29)
    method: GET
    uri: https://management.azure.com/subscriptions/00000000-0000-0000-0000-000000000000/providers/Microsoft.ContainerService/locations/eastus/operations/36e58189-2121-41c3-b2ac-87cab1a5cc72?api-version=2017-08-31
  response:
    body:
      string: "{\n  \"name\": \"8981e536-2121-c341-b2ac-87cab1a5cc72\",\n  \"status\":
        \"InProgress\",\n  \"startTime\": \"2023-06-29T09:44:16.516443Z\"\n }"
    headers:
      cache-control:
      - no-cache
      content-length:
      - '125'
      content-type:
      - application/json
      date:
      - Thu, 29 Jun 2023 09:45:45 GMT
      expires:
      - '-1'
      pragma:
      - no-cache
      server:
      - nginx
      strict-transport-security:
      - max-age=31536000; includeSubDomains
      transfer-encoding:
      - chunked
      vary:
      - Accept-Encoding
      x-content-type-options:
      - nosniff
    status:
      code: 200
      message: OK
- request:
    body: null
    headers:
      Accept:
      - '*/*'
      Accept-Encoding:
      - gzip, deflate
      CommandName:
      - aks nodepool add
      Connection:
      - keep-alive
      ParameterSetName:
      - --resource-group --cluster-name --name --node-count --zones
      User-Agent:
      - AZURECLI/2.49.0 azsdk-python-azure-mgmt-containerservice/24.0.0 Python/3.8.10
        (Linux-5.15.0-1039-azure-x86_64-with-glibc2.29)
    method: GET
    uri: https://management.azure.com/subscriptions/00000000-0000-0000-0000-000000000000/providers/Microsoft.ContainerService/locations/eastus/operations/36e58189-2121-41c3-b2ac-87cab1a5cc72?api-version=2017-08-31
  response:
    body:
      string: "{\n  \"name\": \"8981e536-2121-c341-b2ac-87cab1a5cc72\",\n  \"status\":
        \"InProgress\",\n  \"startTime\": \"2023-06-29T09:44:16.516443Z\"\n }"
    headers:
      cache-control:
      - no-cache
      content-length:
      - '125'
      content-type:
      - application/json
      date:
      - Thu, 29 Jun 2023 09:46:18 GMT
      expires:
      - '-1'
      pragma:
      - no-cache
      server:
      - nginx
      strict-transport-security:
      - max-age=31536000; includeSubDomains
      transfer-encoding:
      - chunked
      vary:
      - Accept-Encoding
      x-content-type-options:
      - nosniff
    status:
      code: 200
      message: OK
- request:
    body: null
    headers:
      Accept:
      - '*/*'
      Accept-Encoding:
      - gzip, deflate
      CommandName:
      - aks nodepool add
      Connection:
      - keep-alive
      ParameterSetName:
      - --resource-group --cluster-name --name --node-count --zones
      User-Agent:
      - AZURECLI/2.49.0 azsdk-python-azure-mgmt-containerservice/24.0.0 Python/3.8.10
        (Linux-5.15.0-1039-azure-x86_64-with-glibc2.29)
    method: GET
    uri: https://management.azure.com/subscriptions/00000000-0000-0000-0000-000000000000/providers/Microsoft.ContainerService/locations/eastus/operations/36e58189-2121-41c3-b2ac-87cab1a5cc72?api-version=2017-08-31
  response:
    body:
      string: "{\n  \"name\": \"8981e536-2121-c341-b2ac-87cab1a5cc72\",\n  \"status\":
        \"InProgress\",\n  \"startTime\": \"2023-06-29T09:44:16.516443Z\"\n }"
    headers:
      cache-control:
      - no-cache
      content-length:
      - '125'
      content-type:
      - application/json
      date:
      - Thu, 29 Jun 2023 09:46:48 GMT
      expires:
      - '-1'
      pragma:
      - no-cache
      server:
      - nginx
      strict-transport-security:
      - max-age=31536000; includeSubDomains
      transfer-encoding:
      - chunked
      vary:
      - Accept-Encoding
      x-content-type-options:
      - nosniff
    status:
      code: 200
      message: OK
- request:
    body: null
    headers:
      Accept:
      - '*/*'
      Accept-Encoding:
      - gzip, deflate
      CommandName:
      - aks nodepool add
      Connection:
      - keep-alive
      ParameterSetName:
      - --resource-group --cluster-name --name --node-count --zones
      User-Agent:
      - AZURECLI/2.49.0 azsdk-python-azure-mgmt-containerservice/24.0.0 Python/3.8.10
        (Linux-5.15.0-1039-azure-x86_64-with-glibc2.29)
    method: GET
    uri: https://management.azure.com/subscriptions/00000000-0000-0000-0000-000000000000/providers/Microsoft.ContainerService/locations/eastus/operations/36e58189-2121-41c3-b2ac-87cab1a5cc72?api-version=2017-08-31
  response:
    body:
      string: "{\n  \"name\": \"8981e536-2121-c341-b2ac-87cab1a5cc72\",\n  \"status\":
        \"InProgress\",\n  \"startTime\": \"2023-06-29T09:44:16.516443Z\"\n }"
    headers:
      cache-control:
      - no-cache
      content-length:
      - '125'
      content-type:
      - application/json
      date:
      - Thu, 29 Jun 2023 09:47:18 GMT
      expires:
      - '-1'
      pragma:
      - no-cache
      server:
      - nginx
      strict-transport-security:
      - max-age=31536000; includeSubDomains
      transfer-encoding:
      - chunked
      vary:
      - Accept-Encoding
      x-content-type-options:
      - nosniff
    status:
      code: 200
      message: OK
- request:
    body: null
    headers:
      Accept:
      - '*/*'
      Accept-Encoding:
      - gzip, deflate
      CommandName:
      - aks nodepool add
      Connection:
      - keep-alive
      ParameterSetName:
      - --resource-group --cluster-name --name --node-count --zones
      User-Agent:
      - AZURECLI/2.49.0 azsdk-python-azure-mgmt-containerservice/24.0.0 Python/3.8.10
        (Linux-5.15.0-1039-azure-x86_64-with-glibc2.29)
    method: GET
    uri: https://management.azure.com/subscriptions/00000000-0000-0000-0000-000000000000/providers/Microsoft.ContainerService/locations/eastus/operations/36e58189-2121-41c3-b2ac-87cab1a5cc72?api-version=2017-08-31
  response:
    body:
      string: "{\n  \"name\": \"8981e536-2121-c341-b2ac-87cab1a5cc72\",\n  \"status\":
        \"InProgress\",\n  \"startTime\": \"2023-06-29T09:44:16.516443Z\"\n }"
    headers:
      cache-control:
      - no-cache
      content-length:
      - '125'
      content-type:
      - application/json
      date:
      - Thu, 29 Jun 2023 09:47:48 GMT
      expires:
      - '-1'
      pragma:
      - no-cache
      server:
      - nginx
      strict-transport-security:
      - max-age=31536000; includeSubDomains
      transfer-encoding:
      - chunked
      vary:
      - Accept-Encoding
      x-content-type-options:
      - nosniff
    status:
      code: 200
      message: OK
- request:
    body: null
    headers:
      Accept:
      - '*/*'
      Accept-Encoding:
      - gzip, deflate
      CommandName:
      - aks nodepool add
      Connection:
      - keep-alive
      ParameterSetName:
      - --resource-group --cluster-name --name --node-count --zones
      User-Agent:
      - AZURECLI/2.49.0 azsdk-python-azure-mgmt-containerservice/24.0.0 Python/3.8.10
        (Linux-5.15.0-1039-azure-x86_64-with-glibc2.29)
    method: GET
    uri: https://management.azure.com/subscriptions/00000000-0000-0000-0000-000000000000/providers/Microsoft.ContainerService/locations/eastus/operations/36e58189-2121-41c3-b2ac-87cab1a5cc72?api-version=2017-08-31
  response:
    body:
      string: "{\n  \"name\": \"8981e536-2121-c341-b2ac-87cab1a5cc72\",\n  \"status\":
        \"InProgress\",\n  \"startTime\": \"2023-06-29T09:44:16.516443Z\"\n }"
    headers:
      cache-control:
      - no-cache
      content-length:
      - '125'
      content-type:
      - application/json
      date:
      - Thu, 29 Jun 2023 09:48:18 GMT
      expires:
      - '-1'
      pragma:
      - no-cache
      server:
      - nginx
      strict-transport-security:
      - max-age=31536000; includeSubDomains
      transfer-encoding:
      - chunked
      vary:
      - Accept-Encoding
      x-content-type-options:
      - nosniff
    status:
      code: 200
      message: OK
- request:
    body: null
    headers:
      Accept:
      - '*/*'
      Accept-Encoding:
      - gzip, deflate
      CommandName:
      - aks nodepool add
      Connection:
      - keep-alive
      ParameterSetName:
      - --resource-group --cluster-name --name --node-count --zones
      User-Agent:
      - AZURECLI/2.49.0 azsdk-python-azure-mgmt-containerservice/24.0.0 Python/3.8.10
        (Linux-5.15.0-1039-azure-x86_64-with-glibc2.29)
    method: GET
    uri: https://management.azure.com/subscriptions/00000000-0000-0000-0000-000000000000/providers/Microsoft.ContainerService/locations/eastus/operations/36e58189-2121-41c3-b2ac-87cab1a5cc72?api-version=2017-08-31
  response:
    body:
      string: "{\n  \"name\": \"8981e536-2121-c341-b2ac-87cab1a5cc72\",\n  \"status\":
        \"Succeeded\",\n  \"startTime\": \"2023-06-29T09:44:16.516443Z\",\n  \"endTime\":
        \"2023-06-29T09:48:47.0864013Z\"\n }"
    headers:
      cache-control:
      - no-cache
      content-length:
      - '169'
      content-type:
      - application/json
      date:
      - Thu, 29 Jun 2023 09:48:48 GMT
      expires:
      - '-1'
      pragma:
      - no-cache
      server:
      - nginx
      strict-transport-security:
      - max-age=31536000; includeSubDomains
      transfer-encoding:
      - chunked
      vary:
      - Accept-Encoding
      x-content-type-options:
      - nosniff
    status:
      code: 200
      message: OK
- request:
    body: null
    headers:
      Accept:
      - '*/*'
      Accept-Encoding:
      - gzip, deflate
      CommandName:
      - aks nodepool add
      Connection:
      - keep-alive
      ParameterSetName:
      - --resource-group --cluster-name --name --node-count --zones
      User-Agent:
      - AZURECLI/2.49.0 azsdk-python-azure-mgmt-containerservice/24.0.0 Python/3.8.10
        (Linux-5.15.0-1039-azure-x86_64-with-glibc2.29)
    method: GET
    uri: https://management.azure.com/subscriptions/00000000-0000-0000-0000-000000000000/resourceGroups/clitest000001/providers/Microsoft.ContainerService/managedClusters/cliakstest000001/agentPools/nodepool2?api-version=2024-08-01
  response:
    body:
      string: "{\n  \"id\": \"/subscriptions/00000000-0000-0000-0000-000000000000/resourcegroups/clitest000001/providers/Microsoft.ContainerService/managedClusters/cliakstest000001/agentPools/nodepool2\",\n
        \ \"name\": \"nodepool2\",\n  \"type\": \"Microsoft.ContainerService/managedClusters/agentPools\",\n
        \ \"properties\": {\n   \"count\": 3,\n   \"vmSize\": \"Standard_DS2_v2\",\n
        \  \"osDiskSizeGB\": 128,\n   \"osDiskType\": \"Managed\",\n   \"kubeletDiskType\":
        \"OS\",\n   \"maxPods\": 110,\n   \"type\": \"VirtualMachineScaleSets\",\n
        \  \"availabilityZones\": [\n    \"1\",\n    \"2\",\n    \"3\"\n   ],\n   \"enableAutoScaling\":
        false,\n   \"scaleDownMode\": \"Delete\",\n   \"provisioningState\": \"Succeeded\",\n
        \  \"powerState\": {\n    \"code\": \"Running\"\n   },\n   \"orchestratorVersion\":
        \"1.25.6\",\n   \"currentOrchestratorVersion\": \"1.25.6\",\n   \"enableNodePublicIP\":
        false,\n   \"mode\": \"User\",\n   \"enableEncryptionAtHost\": false,\n   \"enableUltraSSD\":
        false,\n   \"osType\": \"Linux\",\n   \"osSKU\": \"Ubuntu\",\n   \"nodeImageVersion\":
        \"AKSUbuntu-2204gen2containerd-202306.19.0\",\n   \"upgradeSettings\": {},\n
        \  \"enableFIPS\": false\n  }\n }"
    headers:
      cache-control:
      - no-cache
      content-length:
      - '1040'
      content-type:
      - application/json
      date:
      - Thu, 29 Jun 2023 09:48:49 GMT
      expires:
      - '-1'
      pragma:
      - no-cache
      server:
      - nginx
      strict-transport-security:
      - max-age=31536000; includeSubDomains
      transfer-encoding:
      - chunked
      vary:
      - Accept-Encoding
      x-content-type-options:
      - nosniff
    status:
      code: 200
      message: OK
- request:
    body: null
    headers:
      Accept:
      - application/json
      Accept-Encoding:
      - gzip, deflate
      CommandName:
      - aks delete
      Connection:
      - keep-alive
      Content-Length:
      - '0'
      ParameterSetName:
      - -g -n --yes --no-wait
      User-Agent:
      - AZURECLI/2.49.0 azsdk-python-azure-mgmt-containerservice/24.0.0 Python/3.8.10
        (Linux-5.15.0-1039-azure-x86_64-with-glibc2.29)
    method: DELETE
    uri: https://management.azure.com/subscriptions/00000000-0000-0000-0000-000000000000/resourceGroups/clitest000001/providers/Microsoft.ContainerService/managedClusters/cliakstest000001?api-version=2024-08-01
  response:
    body:
      string: ''
    headers:
      azure-asyncoperation:
      - https://management.azure.com/subscriptions/00000000-0000-0000-0000-000000000000/providers/Microsoft.ContainerService/locations/eastus/operations/f94bb4c6-ba65-4c6b-91c7-f7542debd647?api-version=2017-08-31
      cache-control:
      - no-cache
      content-length:
      - '0'
      date:
      - Thu, 29 Jun 2023 09:48:50 GMT
      expires:
      - '-1'
      location:
      - https://management.azure.com/subscriptions/00000000-0000-0000-0000-000000000000/providers/Microsoft.ContainerService/locations/eastus/operationresults/f94bb4c6-ba65-4c6b-91c7-f7542debd647?api-version=2017-08-31
      pragma:
      - no-cache
      server:
      - nginx
      strict-transport-security:
      - max-age=31536000; includeSubDomains
      x-content-type-options:
      - nosniff
      x-ms-ratelimit-remaining-subscription-deletes:
      - '14998'
    status:
      code: 202
      message: Accepted
version: 1
