interactions:
- request:
    body: null
    headers:
      Accept:
      - application/json
      Accept-Encoding:
      - gzip, deflate
      CommandName:
      - aks create
      Connection:
      - keep-alive
      ParameterSetName:
      - --resource-group --name --ssh-key-value --enable-aad --enable-azure-rbac
      User-Agent:
      - AZURECLI/2.36.0 azsdk-python-azure-mgmt-resource/21.1.0b1 Python/3.8.10 (Linux-5.13.0-1023-azure-x86_64-with-glibc2.29)
    method: GET
    uri: https://management.azure.com/subscriptions/00000000-0000-0000-0000-000000000000/resourcegroups/clitest000001?api-version=2021-04-01
  response:
    body:
      string: '{"id":"/subscriptions/00000000-0000-0000-0000-000000000000/resourceGroups/clitest000001","name":"clitest000001","type":"Microsoft.Resources/resourceGroups","location":"westus2","tags":{"product":"azurecli","cause":"automation","date":"2022-05-13T06:52:08Z"},"properties":{"provisioningState":"Succeeded"}}'
    headers:
      cache-control:
      - no-cache
      content-length:
      - '305'
      content-type:
      - application/json; charset=utf-8
      date:
      - Fri, 13 May 2022 06:52:08 GMT
      expires:
      - '-1'
      pragma:
      - no-cache
      strict-transport-security:
      - max-age=31536000; includeSubDomains
      vary:
      - Accept-Encoding
      x-content-type-options:
      - nosniff
    status:
      code: 200
      message: OK
- request:
    body: '{"location": "westus2", "identity": {"type": "SystemAssigned"}, "properties":
      {"kubernetesVersion": "", "dnsPrefix": "cliakstest-clitestoixqilqvf-79a739",
      "agentPoolProfiles": [{"count": 3, "vmSize": "Standard_DS2_v2", "osDiskSizeGB":
      0, "osType": "Linux", "enableAutoScaling": false, "type": "VirtualMachineScaleSets",
      "mode": "System", "orchestratorVersion": "", "upgradeSettings": {}, "enableNodePublicIP":
      false, "scaleSetPriority": "Regular", "scaleSetEvictionPolicy": "Delete", "spotMaxPrice":
      -1.0, "nodeTaints": [], "enableEncryptionAtHost": false, "enableUltraSSD": false,
      "enableFIPS": false, "name": "nodepool1"}], "linuxProfile": {"adminUsername":
      "azureuser", "ssh": {"publicKeys": [{"keyData": "ssh-rsa AAAAB3NzaC1yc2EAAAADAQABAAABAQDERxHFMvtfO/J7fRynxkHbIk5BUCHLqksWicg3tdvkWeAjqbxEyZi1Xw9QEXgwmXuFaUEUuMIPjPIWQjuhAlxJfesHNWKfdbIXVgayGOaENXTSkbthN3cCBKDTlQ3DFmahsYooXWCiIYWTNs+Da9K6/e2xXkVmxaVgjPCdxkfnGL/TbD5weHQP78ae9EWIqbOcwSjptiLQ4vXIP51fieoLdj960jj2YelYLmyi69CqkGXDpSEZ/3dOzISdPEUkk2T5uoPxnaer/+1X0VYURhnB8AOKTZyGn2o9TvQk3UkW3zKMYDhh6OES5dzx7g0Rp0V2dFYlJyAORZ3aVNdEpGFd
      azcli_aks_live_test@example.com\n"}]}}, "addonProfiles": {}, "enableRBAC": true,
      "networkProfile": {"networkPlugin": "kubenet", "podCidr": "10.244.0.0/16", "serviceCidr":
      "10.0.0.0/16", "dnsServiceIP": "10.0.0.10", "dockerBridgeCidr": "172.17.0.1/16",
      "outboundType": "loadBalancer", "loadBalancerSku": "standard"}, "aadProfile":
      {"managed": true, "enableAzureRBAC": true}, "disableLocalAccounts": false}}'
    headers:
      Accept:
      - application/json
      Accept-Encoding:
      - gzip, deflate
      CommandName:
      - aks create
      Connection:
      - keep-alive
      Content-Length:
      - '1495'
      Content-Type:
      - application/json
      ParameterSetName:
      - --resource-group --name --ssh-key-value --enable-aad --enable-azure-rbac
      User-Agent:
      - AZURECLI/2.36.0 azsdk-python-azure-mgmt-containerservice/19.1.0 Python/3.8.10
        (Linux-5.13.0-1023-azure-x86_64-with-glibc2.29)
    method: PUT
    uri: https://management.azure.com/subscriptions/00000000-0000-0000-0000-000000000000/resourceGroups/clitest000001/providers/Microsoft.ContainerService/managedClusters/cliakstest000002?api-version=2022-04-01
  response:
    body:
      string: "{\n  \"id\": \"/subscriptions/00000000-0000-0000-0000-000000000000/resourcegroups/clitest000001/providers/Microsoft.ContainerService/managedClusters/cliakstest000002\",\n
        \ \"location\": \"westus2\",\n  \"name\": \"cliakstest000002\",\n  \"type\":
        \"Microsoft.ContainerService/ManagedClusters\",\n  \"properties\": {\n   \"provisioningState\":
        \"Creating\",\n   \"powerState\": {\n    \"code\": \"Running\"\n   },\n   \"kubernetesVersion\":
        \"1.22.6\",\n   \"currentKubernetesVersion\": \"1.22.6\",\n   \"dnsPrefix\":
        \"cliakstest-clitestoixqilqvf-79a739\",\n   \"fqdn\": \"cliakstest-clitestoixqilqvf-79a739-ea639004.hcp.westus2.azmk8s.io\",\n
        \  \"azurePortalFQDN\": \"cliakstest-clitestoixqilqvf-79a739-ea639004.portal.hcp.westus2.azmk8s.io\",\n
        \  \"agentPoolProfiles\": [\n    {\n     \"name\": \"nodepool1\",\n     \"count\":
        3,\n     \"vmSize\": \"Standard_DS2_v2\",\n     \"osDiskSizeGB\": 128,\n     \"osDiskType\":
        \"Managed\",\n     \"kubeletDiskType\": \"OS\",\n     \"maxPods\": 110,\n
        \    \"type\": \"VirtualMachineScaleSets\",\n     \"enableAutoScaling\": false,\n
        \    \"provisioningState\": \"Creating\",\n     \"powerState\": {\n      \"code\":
        \"Running\"\n     },\n     \"orchestratorVersion\": \"1.22.6\",\n     \"currentOrchestratorVersion\":
        \"1.22.6\",\n     \"enableNodePublicIP\": false,\n     \"mode\": \"System\",\n
        \    \"enableEncryptionAtHost\": false,\n     \"enableUltraSSD\": false,\n
        \    \"osType\": \"Linux\",\n     \"osSKU\": \"Ubuntu\",\n     \"nodeImageVersion\":
        \"AKSUbuntu-1804gen2containerd-2022.04.27\",\n     \"upgradeSettings\": {},\n
        \    \"enableFIPS\": false\n    }\n   ],\n   \"linuxProfile\": {\n    \"adminUsername\":
        \"azureuser\",\n    \"ssh\": {\n     \"publicKeys\": [\n      {\n       \"keyData\":
        \"ssh-rsa AAAAB3NzaC1yc2EAAAADAQABAAABAQDERxHFMvtfO/J7fRynxkHbIk5BUCHLqksWicg3tdvkWeAjqbxEyZi1Xw9QEXgwmXuFaUEUuMIPjPIWQjuhAlxJfesHNWKfdbIXVgayGOaENXTSkbthN3cCBKDTlQ3DFmahsYooXWCiIYWTNs+Da9K6/e2xXkVmxaVgjPCdxkfnGL/TbD5weHQP78ae9EWIqbOcwSjptiLQ4vXIP51fieoLdj960jj2YelYLmyi69CqkGXDpSEZ/3dOzISdPEUkk2T5uoPxnaer/+1X0VYURhnB8AOKTZyGn2o9TvQk3UkW3zKMYDhh6OES5dzx7g0Rp0V2dFYlJyAORZ3aVNdEpGFd
        azcli_aks_live_test@example.com\\n\"\n      }\n     ]\n    }\n   },\n   \"servicePrincipalProfile\":
        {\n    \"clientId\":\"00000000-0000-0000-0000-000000000001\"\n   },\n   \"nodeResourceGroup\":
        \"MC_clitest000001_cliakstest000002_westus2\",\n   \"enableRBAC\": true,\n
        \  \"networkProfile\": {\n    \"networkPlugin\": \"kubenet\",\n    \"loadBalancerSku\":
        \"standard\",\n    \"loadBalancerProfile\": {\n     \"managedOutboundIPs\":
        {\n      \"count\": 1\n     }\n    },\n    \"podCidr\": \"10.244.0.0/16\",\n
        \   \"serviceCidr\": \"10.0.0.0/16\",\n    \"dnsServiceIP\": \"10.0.0.10\",\n
        \   \"dockerBridgeCidr\": \"172.17.0.1/16\",\n    \"outboundType\": \"loadBalancer\",\n
        \   \"podCidrs\": [\n     \"10.244.0.0/16\"\n    ],\n    \"serviceCidrs\":
        [\n     \"10.0.0.0/16\"\n    ],\n    \"ipFamilies\": [\n     \"IPv4\"\n    ]\n
        \  },\n   \"aadProfile\": {\n    \"managed\": true,\n    \"adminGroupObjectIDs\":
        null,\n    \"adminUsers\": null,\n    \"enableAzureRBAC\": true,\n    \"tenantID\":
        \"72f988bf-86f1-41af-91ab-2d7cd011db47\"\n   },\n   \"maxAgentPools\": 100,\n
        \  \"disableLocalAccounts\": false,\n   \"securityProfile\": {}\n  },\n  \"identity\":
        {\n   \"type\": \"SystemAssigned\",\n   \"principalId\":\"00000000-0000-0000-0000-000000000001\",\n
        \  \"tenantId\": \"72f988bf-86f1-41af-91ab-2d7cd011db47\"\n  },\n  \"sku\":
        {\n   \"name\": \"Basic\",\n   \"tier\": \"Free\"\n  }\n }"
    headers:
      azure-asyncoperation:
      - https://management.azure.com/subscriptions/00000000-0000-0000-0000-000000000000/providers/Microsoft.ContainerService/locations/westus2/operations/82d58a97-1eb9-4d77-818e-c657cf469c73?api-version=2016-03-30
      cache-control:
      - no-cache
      content-length:
      - '3180'
      content-type:
      - application/json
      date:
      - Fri, 13 May 2022 06:52:12 GMT
      expires:
      - '-1'
      pragma:
      - no-cache
      server:
      - nginx
      strict-transport-security:
      - max-age=31536000; includeSubDomains
      x-content-type-options:
      - nosniff
      x-ms-ratelimit-remaining-subscription-writes:
      - '1198'
    status:
      code: 201
      message: Created
- request:
    body: null
    headers:
      Accept:
      - '*/*'
      Accept-Encoding:
      - gzip, deflate
      CommandName:
      - aks create
      Connection:
      - keep-alive
      ParameterSetName:
      - --resource-group --name --ssh-key-value --enable-aad --enable-azure-rbac
      User-Agent:
      - AZURECLI/2.36.0 azsdk-python-azure-mgmt-containerservice/19.1.0 Python/3.8.10
        (Linux-5.13.0-1023-azure-x86_64-with-glibc2.29)
    method: GET
    uri: https://management.azure.com/subscriptions/00000000-0000-0000-0000-000000000000/providers/Microsoft.ContainerService/locations/westus2/operations/82d58a97-1eb9-4d77-818e-c657cf469c73?api-version=2016-03-30
  response:
    body:
      string: "{\n  \"name\": \"978ad582-b91e-774d-818e-c657cf469c73\",\n  \"status\":
        \"InProgress\",\n  \"startTime\": \"2022-05-13T06:52:12.8133333Z\"\n }"
    headers:
      cache-control:
      - no-cache
      content-length:
      - '126'
      content-type:
      - application/json
      date:
      - Fri, 13 May 2022 06:52:42 GMT
      expires:
      - '-1'
      pragma:
      - no-cache
      server:
      - nginx
      strict-transport-security:
      - max-age=31536000; includeSubDomains
      transfer-encoding:
      - chunked
      vary:
      - Accept-Encoding
      x-content-type-options:
      - nosniff
    status:
      code: 200
      message: OK
- request:
    body: null
    headers:
      Accept:
      - '*/*'
      Accept-Encoding:
      - gzip, deflate
      CommandName:
      - aks create
      Connection:
      - keep-alive
      ParameterSetName:
      - --resource-group --name --ssh-key-value --enable-aad --enable-azure-rbac
      User-Agent:
      - AZURECLI/2.36.0 azsdk-python-azure-mgmt-containerservice/19.1.0 Python/3.8.10
        (Linux-5.13.0-1023-azure-x86_64-with-glibc2.29)
    method: GET
    uri: https://management.azure.com/subscriptions/00000000-0000-0000-0000-000000000000/providers/Microsoft.ContainerService/locations/westus2/operations/82d58a97-1eb9-4d77-818e-c657cf469c73?api-version=2016-03-30
  response:
    body:
      string: "{\n  \"name\": \"978ad582-b91e-774d-818e-c657cf469c73\",\n  \"status\":
        \"InProgress\",\n  \"startTime\": \"2022-05-13T06:52:12.8133333Z\"\n }"
    headers:
      cache-control:
      - no-cache
      content-length:
      - '126'
      content-type:
      - application/json
      date:
      - Fri, 13 May 2022 06:53:12 GMT
      expires:
      - '-1'
      pragma:
      - no-cache
      server:
      - nginx
      strict-transport-security:
      - max-age=31536000; includeSubDomains
      transfer-encoding:
      - chunked
      vary:
      - Accept-Encoding
      x-content-type-options:
      - nosniff
    status:
      code: 200
      message: OK
- request:
    body: null
    headers:
      Accept:
      - '*/*'
      Accept-Encoding:
      - gzip, deflate
      CommandName:
      - aks create
      Connection:
      - keep-alive
      ParameterSetName:
      - --resource-group --name --ssh-key-value --enable-aad --enable-azure-rbac
      User-Agent:
      - AZURECLI/2.36.0 azsdk-python-azure-mgmt-containerservice/19.1.0 Python/3.8.10
        (Linux-5.13.0-1023-azure-x86_64-with-glibc2.29)
    method: GET
    uri: https://management.azure.com/subscriptions/00000000-0000-0000-0000-000000000000/providers/Microsoft.ContainerService/locations/westus2/operations/82d58a97-1eb9-4d77-818e-c657cf469c73?api-version=2016-03-30
  response:
    body:
      string: "{\n  \"name\": \"978ad582-b91e-774d-818e-c657cf469c73\",\n  \"status\":
        \"InProgress\",\n  \"startTime\": \"2022-05-13T06:52:12.8133333Z\"\n }"
    headers:
      cache-control:
      - no-cache
      content-length:
      - '126'
      content-type:
      - application/json
      date:
      - Fri, 13 May 2022 06:53:42 GMT
      expires:
      - '-1'
      pragma:
      - no-cache
      server:
      - nginx
      strict-transport-security:
      - max-age=31536000; includeSubDomains
      transfer-encoding:
      - chunked
      vary:
      - Accept-Encoding
      x-content-type-options:
      - nosniff
    status:
      code: 200
      message: OK
- request:
    body: null
    headers:
      Accept:
      - '*/*'
      Accept-Encoding:
      - gzip, deflate
      CommandName:
      - aks create
      Connection:
      - keep-alive
      ParameterSetName:
      - --resource-group --name --ssh-key-value --enable-aad --enable-azure-rbac
      User-Agent:
      - AZURECLI/2.36.0 azsdk-python-azure-mgmt-containerservice/19.1.0 Python/3.8.10
        (Linux-5.13.0-1023-azure-x86_64-with-glibc2.29)
    method: GET
    uri: https://management.azure.com/subscriptions/00000000-0000-0000-0000-000000000000/providers/Microsoft.ContainerService/locations/westus2/operations/82d58a97-1eb9-4d77-818e-c657cf469c73?api-version=2016-03-30
  response:
    body:
      string: "{\n  \"name\": \"978ad582-b91e-774d-818e-c657cf469c73\",\n  \"status\":
        \"InProgress\",\n  \"startTime\": \"2022-05-13T06:52:12.8133333Z\"\n }"
    headers:
      cache-control:
      - no-cache
      content-length:
      - '126'
      content-type:
      - application/json
      date:
      - Fri, 13 May 2022 06:54:12 GMT
      expires:
      - '-1'
      pragma:
      - no-cache
      server:
      - nginx
      strict-transport-security:
      - max-age=31536000; includeSubDomains
      transfer-encoding:
      - chunked
      vary:
      - Accept-Encoding
      x-content-type-options:
      - nosniff
    status:
      code: 200
      message: OK
- request:
    body: null
    headers:
      Accept:
      - '*/*'
      Accept-Encoding:
      - gzip, deflate
      CommandName:
      - aks create
      Connection:
      - keep-alive
      ParameterSetName:
      - --resource-group --name --ssh-key-value --enable-aad --enable-azure-rbac
      User-Agent:
      - AZURECLI/2.36.0 azsdk-python-azure-mgmt-containerservice/19.1.0 Python/3.8.10
        (Linux-5.13.0-1023-azure-x86_64-with-glibc2.29)
    method: GET
    uri: https://management.azure.com/subscriptions/00000000-0000-0000-0000-000000000000/providers/Microsoft.ContainerService/locations/westus2/operations/82d58a97-1eb9-4d77-818e-c657cf469c73?api-version=2016-03-30
  response:
    body:
      string: "{\n  \"name\": \"978ad582-b91e-774d-818e-c657cf469c73\",\n  \"status\":
        \"InProgress\",\n  \"startTime\": \"2022-05-13T06:52:12.8133333Z\"\n }"
    headers:
      cache-control:
      - no-cache
      content-length:
      - '126'
      content-type:
      - application/json
      date:
      - Fri, 13 May 2022 06:54:42 GMT
      expires:
      - '-1'
      pragma:
      - no-cache
      server:
      - nginx
      strict-transport-security:
      - max-age=31536000; includeSubDomains
      transfer-encoding:
      - chunked
      vary:
      - Accept-Encoding
      x-content-type-options:
      - nosniff
    status:
      code: 200
      message: OK
- request:
    body: null
    headers:
      Accept:
      - '*/*'
      Accept-Encoding:
      - gzip, deflate
      CommandName:
      - aks create
      Connection:
      - keep-alive
      ParameterSetName:
      - --resource-group --name --ssh-key-value --enable-aad --enable-azure-rbac
      User-Agent:
      - AZURECLI/2.36.0 azsdk-python-azure-mgmt-containerservice/19.1.0 Python/3.8.10
        (Linux-5.13.0-1023-azure-x86_64-with-glibc2.29)
    method: GET
    uri: https://management.azure.com/subscriptions/00000000-0000-0000-0000-000000000000/providers/Microsoft.ContainerService/locations/westus2/operations/82d58a97-1eb9-4d77-818e-c657cf469c73?api-version=2016-03-30
  response:
    body:
      string: "{\n  \"name\": \"978ad582-b91e-774d-818e-c657cf469c73\",\n  \"status\":
        \"InProgress\",\n  \"startTime\": \"2022-05-13T06:52:12.8133333Z\"\n }"
    headers:
      cache-control:
      - no-cache
      content-length:
      - '126'
      content-type:
      - application/json
      date:
      - Fri, 13 May 2022 06:55:13 GMT
      expires:
      - '-1'
      pragma:
      - no-cache
      server:
      - nginx
      strict-transport-security:
      - max-age=31536000; includeSubDomains
      transfer-encoding:
      - chunked
      vary:
      - Accept-Encoding
      x-content-type-options:
      - nosniff
    status:
      code: 200
      message: OK
- request:
    body: null
    headers:
      Accept:
      - '*/*'
      Accept-Encoding:
      - gzip, deflate
      CommandName:
      - aks create
      Connection:
      - keep-alive
      ParameterSetName:
      - --resource-group --name --ssh-key-value --enable-aad --enable-azure-rbac
      User-Agent:
      - AZURECLI/2.36.0 azsdk-python-azure-mgmt-containerservice/19.1.0 Python/3.8.10
        (Linux-5.13.0-1023-azure-x86_64-with-glibc2.29)
    method: GET
    uri: https://management.azure.com/subscriptions/00000000-0000-0000-0000-000000000000/providers/Microsoft.ContainerService/locations/westus2/operations/82d58a97-1eb9-4d77-818e-c657cf469c73?api-version=2016-03-30
  response:
    body:
      string: "{\n  \"name\": \"978ad582-b91e-774d-818e-c657cf469c73\",\n  \"status\":
        \"InProgress\",\n  \"startTime\": \"2022-05-13T06:52:12.8133333Z\"\n }"
    headers:
      cache-control:
      - no-cache
      content-length:
      - '126'
      content-type:
      - application/json
      date:
      - Fri, 13 May 2022 06:55:43 GMT
      expires:
      - '-1'
      pragma:
      - no-cache
      server:
      - nginx
      strict-transport-security:
      - max-age=31536000; includeSubDomains
      transfer-encoding:
      - chunked
      vary:
      - Accept-Encoding
      x-content-type-options:
      - nosniff
    status:
      code: 200
      message: OK
- request:
    body: null
    headers:
      Accept:
      - '*/*'
      Accept-Encoding:
      - gzip, deflate
      CommandName:
      - aks create
      Connection:
      - keep-alive
      ParameterSetName:
      - --resource-group --name --ssh-key-value --enable-aad --enable-azure-rbac
      User-Agent:
      - AZURECLI/2.36.0 azsdk-python-azure-mgmt-containerservice/19.1.0 Python/3.8.10
        (Linux-5.13.0-1023-azure-x86_64-with-glibc2.29)
    method: GET
    uri: https://management.azure.com/subscriptions/00000000-0000-0000-0000-000000000000/providers/Microsoft.ContainerService/locations/westus2/operations/82d58a97-1eb9-4d77-818e-c657cf469c73?api-version=2016-03-30
  response:
    body:
      string: "{\n  \"name\": \"978ad582-b91e-774d-818e-c657cf469c73\",\n  \"status\":
        \"InProgress\",\n  \"startTime\": \"2022-05-13T06:52:12.8133333Z\"\n }"
    headers:
      cache-control:
      - no-cache
      content-length:
      - '126'
      content-type:
      - application/json
      date:
      - Fri, 13 May 2022 06:56:13 GMT
      expires:
      - '-1'
      pragma:
      - no-cache
      server:
      - nginx
      strict-transport-security:
      - max-age=31536000; includeSubDomains
      transfer-encoding:
      - chunked
      vary:
      - Accept-Encoding
      x-content-type-options:
      - nosniff
    status:
      code: 200
      message: OK
- request:
    body: null
    headers:
      Accept:
      - '*/*'
      Accept-Encoding:
      - gzip, deflate
      CommandName:
      - aks create
      Connection:
      - keep-alive
      ParameterSetName:
      - --resource-group --name --ssh-key-value --enable-aad --enable-azure-rbac
      User-Agent:
      - AZURECLI/2.36.0 azsdk-python-azure-mgmt-containerservice/19.1.0 Python/3.8.10
        (Linux-5.13.0-1023-azure-x86_64-with-glibc2.29)
    method: GET
    uri: https://management.azure.com/subscriptions/00000000-0000-0000-0000-000000000000/providers/Microsoft.ContainerService/locations/westus2/operations/82d58a97-1eb9-4d77-818e-c657cf469c73?api-version=2016-03-30
  response:
    body:
      string: "{\n  \"name\": \"978ad582-b91e-774d-818e-c657cf469c73\",\n  \"status\":
        \"InProgress\",\n  \"startTime\": \"2022-05-13T06:52:12.8133333Z\"\n }"
    headers:
      cache-control:
      - no-cache
      content-length:
      - '126'
      content-type:
      - application/json
      date:
      - Fri, 13 May 2022 06:56:43 GMT
      expires:
      - '-1'
      pragma:
      - no-cache
      server:
      - nginx
      strict-transport-security:
      - max-age=31536000; includeSubDomains
      transfer-encoding:
      - chunked
      vary:
      - Accept-Encoding
      x-content-type-options:
      - nosniff
    status:
      code: 200
      message: OK
- request:
    body: null
    headers:
      Accept:
      - '*/*'
      Accept-Encoding:
      - gzip, deflate
      CommandName:
      - aks create
      Connection:
      - keep-alive
      ParameterSetName:
      - --resource-group --name --ssh-key-value --enable-aad --enable-azure-rbac
      User-Agent:
      - AZURECLI/2.36.0 azsdk-python-azure-mgmt-containerservice/19.1.0 Python/3.8.10
        (Linux-5.13.0-1023-azure-x86_64-with-glibc2.29)
    method: GET
    uri: https://management.azure.com/subscriptions/00000000-0000-0000-0000-000000000000/providers/Microsoft.ContainerService/locations/westus2/operations/82d58a97-1eb9-4d77-818e-c657cf469c73?api-version=2016-03-30
  response:
    body:
      string: "{\n  \"name\": \"978ad582-b91e-774d-818e-c657cf469c73\",\n  \"status\":
        \"InProgress\",\n  \"startTime\": \"2022-05-13T06:52:12.8133333Z\"\n }"
    headers:
      cache-control:
      - no-cache
      content-length:
      - '126'
      content-type:
      - application/json
      date:
      - Fri, 13 May 2022 06:57:13 GMT
      expires:
      - '-1'
      pragma:
      - no-cache
      server:
      - nginx
      strict-transport-security:
      - max-age=31536000; includeSubDomains
      transfer-encoding:
      - chunked
      vary:
      - Accept-Encoding
      x-content-type-options:
      - nosniff
    status:
      code: 200
      message: OK
- request:
    body: null
    headers:
      Accept:
      - '*/*'
      Accept-Encoding:
      - gzip, deflate
      CommandName:
      - aks create
      Connection:
      - keep-alive
      ParameterSetName:
      - --resource-group --name --ssh-key-value --enable-aad --enable-azure-rbac
      User-Agent:
      - AZURECLI/2.36.0 azsdk-python-azure-mgmt-containerservice/19.1.0 Python/3.8.10
        (Linux-5.13.0-1023-azure-x86_64-with-glibc2.29)
    method: GET
    uri: https://management.azure.com/subscriptions/00000000-0000-0000-0000-000000000000/providers/Microsoft.ContainerService/locations/westus2/operations/82d58a97-1eb9-4d77-818e-c657cf469c73?api-version=2016-03-30
  response:
    body:
      string: "{\n  \"name\": \"978ad582-b91e-774d-818e-c657cf469c73\",\n  \"status\":
        \"InProgress\",\n  \"startTime\": \"2022-05-13T06:52:12.8133333Z\"\n }"
    headers:
      cache-control:
      - no-cache
      content-length:
      - '126'
      content-type:
      - application/json
      date:
      - Fri, 13 May 2022 06:57:43 GMT
      expires:
      - '-1'
      pragma:
      - no-cache
      server:
      - nginx
      strict-transport-security:
      - max-age=31536000; includeSubDomains
      transfer-encoding:
      - chunked
      vary:
      - Accept-Encoding
      x-content-type-options:
      - nosniff
    status:
      code: 200
      message: OK
- request:
    body: null
    headers:
      Accept:
      - '*/*'
      Accept-Encoding:
      - gzip, deflate
      CommandName:
      - aks create
      Connection:
      - keep-alive
      ParameterSetName:
      - --resource-group --name --ssh-key-value --enable-aad --enable-azure-rbac
      User-Agent:
      - AZURECLI/2.36.0 azsdk-python-azure-mgmt-containerservice/19.1.0 Python/3.8.10
        (Linux-5.13.0-1023-azure-x86_64-with-glibc2.29)
    method: GET
    uri: https://management.azure.com/subscriptions/00000000-0000-0000-0000-000000000000/providers/Microsoft.ContainerService/locations/westus2/operations/82d58a97-1eb9-4d77-818e-c657cf469c73?api-version=2016-03-30
  response:
    body:
      string: "{\n  \"name\": \"978ad582-b91e-774d-818e-c657cf469c73\",\n  \"status\":
        \"InProgress\",\n  \"startTime\": \"2022-05-13T06:52:12.8133333Z\"\n }"
    headers:
      cache-control:
      - no-cache
      content-length:
      - '126'
      content-type:
      - application/json
      date:
      - Fri, 13 May 2022 06:58:13 GMT
      expires:
      - '-1'
      pragma:
      - no-cache
      server:
      - nginx
      strict-transport-security:
      - max-age=31536000; includeSubDomains
      transfer-encoding:
      - chunked
      vary:
      - Accept-Encoding
      x-content-type-options:
      - nosniff
    status:
      code: 200
      message: OK
- request:
    body: null
    headers:
      Accept:
      - '*/*'
      Accept-Encoding:
      - gzip, deflate
      CommandName:
      - aks create
      Connection:
      - keep-alive
      ParameterSetName:
      - --resource-group --name --ssh-key-value --enable-aad --enable-azure-rbac
      User-Agent:
      - AZURECLI/2.36.0 azsdk-python-azure-mgmt-containerservice/19.1.0 Python/3.8.10
        (Linux-5.13.0-1023-azure-x86_64-with-glibc2.29)
    method: GET
    uri: https://management.azure.com/subscriptions/00000000-0000-0000-0000-000000000000/providers/Microsoft.ContainerService/locations/westus2/operations/82d58a97-1eb9-4d77-818e-c657cf469c73?api-version=2016-03-30
  response:
    body:
      string: "{\n  \"name\": \"978ad582-b91e-774d-818e-c657cf469c73\",\n  \"status\":
        \"InProgress\",\n  \"startTime\": \"2022-05-13T06:52:12.8133333Z\"\n }"
    headers:
      cache-control:
      - no-cache
      content-length:
      - '126'
      content-type:
      - application/json
      date:
      - Fri, 13 May 2022 06:58:43 GMT
      expires:
      - '-1'
      pragma:
      - no-cache
      server:
      - nginx
      strict-transport-security:
      - max-age=31536000; includeSubDomains
      transfer-encoding:
      - chunked
      vary:
      - Accept-Encoding
      x-content-type-options:
      - nosniff
    status:
      code: 200
      message: OK
- request:
    body: null
    headers:
      Accept:
      - '*/*'
      Accept-Encoding:
      - gzip, deflate
      CommandName:
      - aks create
      Connection:
      - keep-alive
      ParameterSetName:
      - --resource-group --name --ssh-key-value --enable-aad --enable-azure-rbac
      User-Agent:
      - AZURECLI/2.36.0 azsdk-python-azure-mgmt-containerservice/19.1.0 Python/3.8.10
        (Linux-5.13.0-1023-azure-x86_64-with-glibc2.29)
    method: GET
    uri: https://management.azure.com/subscriptions/00000000-0000-0000-0000-000000000000/providers/Microsoft.ContainerService/locations/westus2/operations/82d58a97-1eb9-4d77-818e-c657cf469c73?api-version=2016-03-30
  response:
    body:
      string: "{\n  \"name\": \"978ad582-b91e-774d-818e-c657cf469c73\",\n  \"status\":
        \"InProgress\",\n  \"startTime\": \"2022-05-13T06:52:12.8133333Z\"\n }"
    headers:
      cache-control:
      - no-cache
      content-length:
      - '126'
      content-type:
      - application/json
      date:
      - Fri, 13 May 2022 06:59:13 GMT
      expires:
      - '-1'
      pragma:
      - no-cache
      server:
      - nginx
      strict-transport-security:
      - max-age=31536000; includeSubDomains
      transfer-encoding:
      - chunked
      vary:
      - Accept-Encoding
      x-content-type-options:
      - nosniff
    status:
      code: 200
      message: OK
- request:
    body: null
    headers:
      Accept:
      - '*/*'
      Accept-Encoding:
      - gzip, deflate
      CommandName:
      - aks create
      Connection:
      - keep-alive
      ParameterSetName:
      - --resource-group --name --ssh-key-value --enable-aad --enable-azure-rbac
      User-Agent:
      - AZURECLI/2.36.0 azsdk-python-azure-mgmt-containerservice/19.1.0 Python/3.8.10
        (Linux-5.13.0-1023-azure-x86_64-with-glibc2.29)
    method: GET
    uri: https://management.azure.com/subscriptions/00000000-0000-0000-0000-000000000000/providers/Microsoft.ContainerService/locations/westus2/operations/82d58a97-1eb9-4d77-818e-c657cf469c73?api-version=2016-03-30
  response:
    body:
      string: "{\n  \"name\": \"978ad582-b91e-774d-818e-c657cf469c73\",\n  \"status\":
        \"InProgress\",\n  \"startTime\": \"2022-05-13T06:52:12.8133333Z\"\n }"
    headers:
      cache-control:
      - no-cache
      content-length:
      - '126'
      content-type:
      - application/json
      date:
      - Fri, 13 May 2022 06:59:43 GMT
      expires:
      - '-1'
      pragma:
      - no-cache
      server:
      - nginx
      strict-transport-security:
      - max-age=31536000; includeSubDomains
      transfer-encoding:
      - chunked
      vary:
      - Accept-Encoding
      x-content-type-options:
      - nosniff
    status:
      code: 200
      message: OK
- request:
    body: null
    headers:
      Accept:
      - '*/*'
      Accept-Encoding:
      - gzip, deflate
      CommandName:
      - aks create
      Connection:
      - keep-alive
      ParameterSetName:
      - --resource-group --name --ssh-key-value --enable-aad --enable-azure-rbac
      User-Agent:
      - AZURECLI/2.36.0 azsdk-python-azure-mgmt-containerservice/19.1.0 Python/3.8.10
        (Linux-5.13.0-1023-azure-x86_64-with-glibc2.29)
    method: GET
    uri: https://management.azure.com/subscriptions/00000000-0000-0000-0000-000000000000/providers/Microsoft.ContainerService/locations/westus2/operations/82d58a97-1eb9-4d77-818e-c657cf469c73?api-version=2016-03-30
  response:
    body:
      string: "{\n  \"name\": \"978ad582-b91e-774d-818e-c657cf469c73\",\n  \"status\":
        \"InProgress\",\n  \"startTime\": \"2022-05-13T06:52:12.8133333Z\"\n }"
    headers:
      cache-control:
      - no-cache
      content-length:
      - '126'
      content-type:
      - application/json
      date:
      - Fri, 13 May 2022 07:00:13 GMT
      expires:
      - '-1'
      pragma:
      - no-cache
      server:
      - nginx
      strict-transport-security:
      - max-age=31536000; includeSubDomains
      transfer-encoding:
      - chunked
      vary:
      - Accept-Encoding
      x-content-type-options:
      - nosniff
    status:
      code: 200
      message: OK
- request:
    body: null
    headers:
      Accept:
      - '*/*'
      Accept-Encoding:
      - gzip, deflate
      CommandName:
      - aks create
      Connection:
      - keep-alive
      ParameterSetName:
      - --resource-group --name --ssh-key-value --enable-aad --enable-azure-rbac
      User-Agent:
      - AZURECLI/2.36.0 azsdk-python-azure-mgmt-containerservice/19.1.0 Python/3.8.10
        (Linux-5.13.0-1023-azure-x86_64-with-glibc2.29)
    method: GET
    uri: https://management.azure.com/subscriptions/00000000-0000-0000-0000-000000000000/providers/Microsoft.ContainerService/locations/westus2/operations/82d58a97-1eb9-4d77-818e-c657cf469c73?api-version=2016-03-30
  response:
    body:
      string: "{\n  \"name\": \"978ad582-b91e-774d-818e-c657cf469c73\",\n  \"status\":
        \"InProgress\",\n  \"startTime\": \"2022-05-13T06:52:12.8133333Z\"\n }"
    headers:
      cache-control:
      - no-cache
      content-length:
      - '126'
      content-type:
      - application/json
      date:
      - Fri, 13 May 2022 07:00:43 GMT
      expires:
      - '-1'
      pragma:
      - no-cache
      server:
      - nginx
      strict-transport-security:
      - max-age=31536000; includeSubDomains
      transfer-encoding:
      - chunked
      vary:
      - Accept-Encoding
      x-content-type-options:
      - nosniff
    status:
      code: 200
      message: OK
- request:
    body: null
    headers:
      Accept:
      - '*/*'
      Accept-Encoding:
      - gzip, deflate
      CommandName:
      - aks create
      Connection:
      - keep-alive
      ParameterSetName:
      - --resource-group --name --ssh-key-value --enable-aad --enable-azure-rbac
      User-Agent:
      - AZURECLI/2.36.0 azsdk-python-azure-mgmt-containerservice/19.1.0 Python/3.8.10
        (Linux-5.13.0-1023-azure-x86_64-with-glibc2.29)
    method: GET
    uri: https://management.azure.com/subscriptions/00000000-0000-0000-0000-000000000000/providers/Microsoft.ContainerService/locations/westus2/operations/82d58a97-1eb9-4d77-818e-c657cf469c73?api-version=2016-03-30
  response:
    body:
      string: "{\n  \"name\": \"978ad582-b91e-774d-818e-c657cf469c73\",\n  \"status\":
        \"InProgress\",\n  \"startTime\": \"2022-05-13T06:52:12.8133333Z\"\n }"
    headers:
      cache-control:
      - no-cache
      content-length:
      - '126'
      content-type:
      - application/json
      date:
      - Fri, 13 May 2022 07:01:13 GMT
      expires:
      - '-1'
      pragma:
      - no-cache
      server:
      - nginx
      strict-transport-security:
      - max-age=31536000; includeSubDomains
      transfer-encoding:
      - chunked
      vary:
      - Accept-Encoding
      x-content-type-options:
      - nosniff
    status:
      code: 200
      message: OK
- request:
    body: null
    headers:
      Accept:
      - '*/*'
      Accept-Encoding:
      - gzip, deflate
      CommandName:
      - aks create
      Connection:
      - keep-alive
      ParameterSetName:
      - --resource-group --name --ssh-key-value --enable-aad --enable-azure-rbac
      User-Agent:
      - AZURECLI/2.36.0 azsdk-python-azure-mgmt-containerservice/19.1.0 Python/3.8.10
        (Linux-5.13.0-1023-azure-x86_64-with-glibc2.29)
    method: GET
    uri: https://management.azure.com/subscriptions/00000000-0000-0000-0000-000000000000/providers/Microsoft.ContainerService/locations/westus2/operations/82d58a97-1eb9-4d77-818e-c657cf469c73?api-version=2016-03-30
  response:
    body:
      string: "{\n  \"name\": \"978ad582-b91e-774d-818e-c657cf469c73\",\n  \"status\":
        \"InProgress\",\n  \"startTime\": \"2022-05-13T06:52:12.8133333Z\"\n }"
    headers:
      cache-control:
      - no-cache
      content-length:
      - '126'
      content-type:
      - application/json
      date:
      - Fri, 13 May 2022 07:01:44 GMT
      expires:
      - '-1'
      pragma:
      - no-cache
      server:
      - nginx
      strict-transport-security:
      - max-age=31536000; includeSubDomains
      transfer-encoding:
      - chunked
      vary:
      - Accept-Encoding
      x-content-type-options:
      - nosniff
    status:
      code: 200
      message: OK
- request:
    body: null
    headers:
      Accept:
      - '*/*'
      Accept-Encoding:
      - gzip, deflate
      CommandName:
      - aks create
      Connection:
      - keep-alive
      ParameterSetName:
      - --resource-group --name --ssh-key-value --enable-aad --enable-azure-rbac
      User-Agent:
      - AZURECLI/2.36.0 azsdk-python-azure-mgmt-containerservice/19.1.0 Python/3.8.10
        (Linux-5.13.0-1023-azure-x86_64-with-glibc2.29)
    method: GET
    uri: https://management.azure.com/subscriptions/00000000-0000-0000-0000-000000000000/providers/Microsoft.ContainerService/locations/westus2/operations/82d58a97-1eb9-4d77-818e-c657cf469c73?api-version=2016-03-30
  response:
    body:
      string: "{\n  \"name\": \"978ad582-b91e-774d-818e-c657cf469c73\",\n  \"status\":
        \"InProgress\",\n  \"startTime\": \"2022-05-13T06:52:12.8133333Z\"\n }"
    headers:
      cache-control:
      - no-cache
      content-length:
      - '126'
      content-type:
      - application/json
      date:
      - Fri, 13 May 2022 07:02:14 GMT
      expires:
      - '-1'
      pragma:
      - no-cache
      server:
      - nginx
      strict-transport-security:
      - max-age=31536000; includeSubDomains
      transfer-encoding:
      - chunked
      vary:
      - Accept-Encoding
      x-content-type-options:
      - nosniff
    status:
      code: 200
      message: OK
- request:
    body: null
    headers:
      Accept:
      - '*/*'
      Accept-Encoding:
      - gzip, deflate
      CommandName:
      - aks create
      Connection:
      - keep-alive
      ParameterSetName:
      - --resource-group --name --ssh-key-value --enable-aad --enable-azure-rbac
      User-Agent:
      - AZURECLI/2.36.0 azsdk-python-azure-mgmt-containerservice/19.1.0 Python/3.8.10
        (Linux-5.13.0-1023-azure-x86_64-with-glibc2.29)
    method: GET
    uri: https://management.azure.com/subscriptions/00000000-0000-0000-0000-000000000000/providers/Microsoft.ContainerService/locations/westus2/operations/82d58a97-1eb9-4d77-818e-c657cf469c73?api-version=2016-03-30
  response:
    body:
      string: "{\n  \"name\": \"978ad582-b91e-774d-818e-c657cf469c73\",\n  \"status\":
        \"InProgress\",\n  \"startTime\": \"2022-05-13T06:52:12.8133333Z\"\n }"
    headers:
      cache-control:
      - no-cache
      content-length:
      - '126'
      content-type:
      - application/json
      date:
      - Fri, 13 May 2022 07:02:44 GMT
      expires:
      - '-1'
      pragma:
      - no-cache
      server:
      - nginx
      strict-transport-security:
      - max-age=31536000; includeSubDomains
      transfer-encoding:
      - chunked
      vary:
      - Accept-Encoding
      x-content-type-options:
      - nosniff
    status:
      code: 200
      message: OK
- request:
    body: null
    headers:
      Accept:
      - '*/*'
      Accept-Encoding:
      - gzip, deflate
      CommandName:
      - aks create
      Connection:
      - keep-alive
      ParameterSetName:
      - --resource-group --name --ssh-key-value --enable-aad --enable-azure-rbac
      User-Agent:
      - AZURECLI/2.36.0 azsdk-python-azure-mgmt-containerservice/19.1.0 Python/3.8.10
        (Linux-5.13.0-1023-azure-x86_64-with-glibc2.29)
    method: GET
    uri: https://management.azure.com/subscriptions/00000000-0000-0000-0000-000000000000/providers/Microsoft.ContainerService/locations/westus2/operations/82d58a97-1eb9-4d77-818e-c657cf469c73?api-version=2016-03-30
  response:
    body:
      string: "{\n  \"name\": \"978ad582-b91e-774d-818e-c657cf469c73\",\n  \"status\":
        \"InProgress\",\n  \"startTime\": \"2022-05-13T06:52:12.8133333Z\"\n }"
    headers:
      cache-control:
      - no-cache
      content-length:
      - '126'
      content-type:
      - application/json
      date:
      - Fri, 13 May 2022 07:03:13 GMT
      expires:
      - '-1'
      pragma:
      - no-cache
      server:
      - nginx
      strict-transport-security:
      - max-age=31536000; includeSubDomains
      transfer-encoding:
      - chunked
      vary:
      - Accept-Encoding
      x-content-type-options:
      - nosniff
    status:
      code: 200
      message: OK
- request:
    body: null
    headers:
      Accept:
      - '*/*'
      Accept-Encoding:
      - gzip, deflate
      CommandName:
      - aks create
      Connection:
      - keep-alive
      ParameterSetName:
      - --resource-group --name --ssh-key-value --enable-aad --enable-azure-rbac
      User-Agent:
      - AZURECLI/2.36.0 azsdk-python-azure-mgmt-containerservice/19.1.0 Python/3.8.10
        (Linux-5.13.0-1023-azure-x86_64-with-glibc2.29)
    method: GET
    uri: https://management.azure.com/subscriptions/00000000-0000-0000-0000-000000000000/providers/Microsoft.ContainerService/locations/westus2/operations/82d58a97-1eb9-4d77-818e-c657cf469c73?api-version=2016-03-30
  response:
    body:
      string: "{\n  \"name\": \"978ad582-b91e-774d-818e-c657cf469c73\",\n  \"status\":
        \"InProgress\",\n  \"startTime\": \"2022-05-13T06:52:12.8133333Z\"\n }"
    headers:
      cache-control:
      - no-cache
      content-length:
      - '126'
      content-type:
      - application/json
      date:
      - Fri, 13 May 2022 07:03:44 GMT
      expires:
      - '-1'
      pragma:
      - no-cache
      server:
      - nginx
      strict-transport-security:
      - max-age=31536000; includeSubDomains
      transfer-encoding:
      - chunked
      vary:
      - Accept-Encoding
      x-content-type-options:
      - nosniff
    status:
      code: 200
      message: OK
- request:
    body: null
    headers:
      Accept:
      - '*/*'
      Accept-Encoding:
      - gzip, deflate
      CommandName:
      - aks create
      Connection:
      - keep-alive
      ParameterSetName:
      - --resource-group --name --ssh-key-value --enable-aad --enable-azure-rbac
      User-Agent:
      - AZURECLI/2.36.0 azsdk-python-azure-mgmt-containerservice/19.1.0 Python/3.8.10
        (Linux-5.13.0-1023-azure-x86_64-with-glibc2.29)
    method: GET
    uri: https://management.azure.com/subscriptions/00000000-0000-0000-0000-000000000000/providers/Microsoft.ContainerService/locations/westus2/operations/82d58a97-1eb9-4d77-818e-c657cf469c73?api-version=2016-03-30
  response:
    body:
      string: "{\n  \"name\": \"978ad582-b91e-774d-818e-c657cf469c73\",\n  \"status\":
        \"InProgress\",\n  \"startTime\": \"2022-05-13T06:52:12.8133333Z\"\n }"
    headers:
      cache-control:
      - no-cache
      content-length:
      - '126'
      content-type:
      - application/json
      date:
      - Fri, 13 May 2022 07:04:14 GMT
      expires:
      - '-1'
      pragma:
      - no-cache
      server:
      - nginx
      strict-transport-security:
      - max-age=31536000; includeSubDomains
      transfer-encoding:
      - chunked
      vary:
      - Accept-Encoding
      x-content-type-options:
      - nosniff
    status:
      code: 200
      message: OK
- request:
    body: null
    headers:
      Accept:
      - '*/*'
      Accept-Encoding:
      - gzip, deflate
      CommandName:
      - aks create
      Connection:
      - keep-alive
      ParameterSetName:
      - --resource-group --name --ssh-key-value --enable-aad --enable-azure-rbac
      User-Agent:
      - AZURECLI/2.36.0 azsdk-python-azure-mgmt-containerservice/19.1.0 Python/3.8.10
        (Linux-5.13.0-1023-azure-x86_64-with-glibc2.29)
    method: GET
    uri: https://management.azure.com/subscriptions/00000000-0000-0000-0000-000000000000/providers/Microsoft.ContainerService/locations/westus2/operations/82d58a97-1eb9-4d77-818e-c657cf469c73?api-version=2016-03-30
  response:
    body:
      string: "{\n  \"name\": \"978ad582-b91e-774d-818e-c657cf469c73\",\n  \"status\":
        \"Succeeded\",\n  \"startTime\": \"2022-05-13T06:52:12.8133333Z\",\n  \"endTime\":
        \"2022-05-13T07:04:31.3214235Z\"\n }"
    headers:
      cache-control:
      - no-cache
      content-length:
      - '170'
      content-type:
      - application/json
      date:
      - Fri, 13 May 2022 07:04:44 GMT
      expires:
      - '-1'
      pragma:
      - no-cache
      server:
      - nginx
      strict-transport-security:
      - max-age=31536000; includeSubDomains
      transfer-encoding:
      - chunked
      vary:
      - Accept-Encoding
      x-content-type-options:
      - nosniff
    status:
      code: 200
      message: OK
- request:
    body: null
    headers:
      Accept:
      - '*/*'
      Accept-Encoding:
      - gzip, deflate
      CommandName:
      - aks create
      Connection:
      - keep-alive
      ParameterSetName:
      - --resource-group --name --ssh-key-value --enable-aad --enable-azure-rbac
      User-Agent:
      - AZURECLI/2.36.0 azsdk-python-azure-mgmt-containerservice/19.1.0 Python/3.8.10
        (Linux-5.13.0-1023-azure-x86_64-with-glibc2.29)
    method: GET
    uri: https://management.azure.com/subscriptions/00000000-0000-0000-0000-000000000000/resourceGroups/clitest000001/providers/Microsoft.ContainerService/managedClusters/cliakstest000002?api-version=2022-04-01
  response:
    body:
      string: "{\n  \"id\": \"/subscriptions/00000000-0000-0000-0000-000000000000/resourcegroups/clitest000001/providers/Microsoft.ContainerService/managedClusters/cliakstest000002\",\n
        \ \"location\": \"westus2\",\n  \"name\": \"cliakstest000002\",\n  \"type\":
        \"Microsoft.ContainerService/ManagedClusters\",\n  \"properties\": {\n   \"provisioningState\":
        \"Succeeded\",\n   \"powerState\": {\n    \"code\": \"Running\"\n   },\n   \"kubernetesVersion\":
        \"1.22.6\",\n   \"currentKubernetesVersion\": \"1.22.6\",\n   \"dnsPrefix\":
        \"cliakstest-clitestoixqilqvf-79a739\",\n   \"fqdn\": \"cliakstest-clitestoixqilqvf-79a739-ea639004.hcp.westus2.azmk8s.io\",\n
        \  \"azurePortalFQDN\": \"cliakstest-clitestoixqilqvf-79a739-ea639004.portal.hcp.westus2.azmk8s.io\",\n
        \  \"agentPoolProfiles\": [\n    {\n     \"name\": \"nodepool1\",\n     \"count\":
        3,\n     \"vmSize\": \"Standard_DS2_v2\",\n     \"osDiskSizeGB\": 128,\n     \"osDiskType\":
        \"Managed\",\n     \"kubeletDiskType\": \"OS\",\n     \"maxPods\": 110,\n
        \    \"type\": \"VirtualMachineScaleSets\",\n     \"enableAutoScaling\": false,\n
        \    \"provisioningState\": \"Succeeded\",\n     \"powerState\": {\n      \"code\":
        \"Running\"\n     },\n     \"orchestratorVersion\": \"1.22.6\",\n     \"currentOrchestratorVersion\":
        \"1.22.6\",\n     \"enableNodePublicIP\": false,\n     \"mode\": \"System\",\n
        \    \"enableEncryptionAtHost\": false,\n     \"enableUltraSSD\": false,\n
        \    \"osType\": \"Linux\",\n     \"osSKU\": \"Ubuntu\",\n     \"nodeImageVersion\":
        \"AKSUbuntu-1804gen2containerd-2022.04.27\",\n     \"upgradeSettings\": {},\n
        \    \"enableFIPS\": false\n    }\n   ],\n   \"linuxProfile\": {\n    \"adminUsername\":
        \"azureuser\",\n    \"ssh\": {\n     \"publicKeys\": [\n      {\n       \"keyData\":
        \"ssh-rsa AAAAB3NzaC1yc2EAAAADAQABAAABAQDERxHFMvtfO/J7fRynxkHbIk5BUCHLqksWicg3tdvkWeAjqbxEyZi1Xw9QEXgwmXuFaUEUuMIPjPIWQjuhAlxJfesHNWKfdbIXVgayGOaENXTSkbthN3cCBKDTlQ3DFmahsYooXWCiIYWTNs+Da9K6/e2xXkVmxaVgjPCdxkfnGL/TbD5weHQP78ae9EWIqbOcwSjptiLQ4vXIP51fieoLdj960jj2YelYLmyi69CqkGXDpSEZ/3dOzISdPEUkk2T5uoPxnaer/+1X0VYURhnB8AOKTZyGn2o9TvQk3UkW3zKMYDhh6OES5dzx7g0Rp0V2dFYlJyAORZ3aVNdEpGFd
        azcli_aks_live_test@example.com\\n\"\n      }\n     ]\n    }\n   },\n   \"servicePrincipalProfile\":
        {\n    \"clientId\":\"00000000-0000-0000-0000-000000000001\"\n   },\n   \"nodeResourceGroup\":
        \"MC_clitest000001_cliakstest000002_westus2\",\n   \"enableRBAC\": true,\n
        \  \"networkProfile\": {\n    \"networkPlugin\": \"kubenet\",\n    \"loadBalancerSku\":
        \"Standard\",\n    \"loadBalancerProfile\": {\n     \"managedOutboundIPs\":
        {\n      \"count\": 1\n     },\n     \"effectiveOutboundIPs\": [\n      {\n
        \      \"id\": \"/subscriptions/00000000-0000-0000-0000-000000000000/resourceGroups/MC_clitest000001_cliakstest000002_westus2/providers/Microsoft.Network/publicIPAddresses/90f605d7-a6fa-4934-8c66-1bfaf8cff2b2\"\n
        \     }\n     ]\n    },\n    \"podCidr\": \"10.244.0.0/16\",\n    \"serviceCidr\":
        \"10.0.0.0/16\",\n    \"dnsServiceIP\": \"10.0.0.10\",\n    \"dockerBridgeCidr\":
        \"172.17.0.1/16\",\n    \"outboundType\": \"loadBalancer\",\n    \"podCidrs\":
        [\n     \"10.244.0.0/16\"\n    ],\n    \"serviceCidrs\": [\n     \"10.0.0.0/16\"\n
        \   ],\n    \"ipFamilies\": [\n     \"IPv4\"\n    ]\n   },\n   \"aadProfile\":
        {\n    \"managed\": true,\n    \"adminGroupObjectIDs\": null,\n    \"adminUsers\":
        null,\n    \"enableAzureRBAC\": true,\n    \"tenantID\": \"72f988bf-86f1-41af-91ab-2d7cd011db47\"\n
        \  },\n   \"maxAgentPools\": 100,\n   \"identityProfile\": {\n    \"kubeletidentity\":
        {\n     \"resourceId\": \"/subscriptions/00000000-0000-0000-0000-000000000000/resourcegroups/MC_clitest000001_cliakstest000002_westus2/providers/Microsoft.ManagedIdentity/userAssignedIdentities/cliakstest000002-agentpool\",\n
        \    \"clientId\":\"00000000-0000-0000-0000-000000000001\",\n     \"objectId\":\"00000000-0000-0000-0000-000000000001\"\n
        \   }\n   },\n   \"disableLocalAccounts\": false,\n   \"securityProfile\":
        {}\n  },\n  \"identity\": {\n   \"type\": \"SystemAssigned\",\n   \"principalId\":\"00000000-0000-0000-0000-000000000001\",\n
        \  \"tenantId\": \"72f988bf-86f1-41af-91ab-2d7cd011db47\"\n  },\n  \"sku\":
        {\n   \"name\": \"Basic\",\n   \"tier\": \"Free\"\n  }\n }"
    headers:
      cache-control:
      - no-cache
      content-length:
      - '3833'
      content-type:
      - application/json
      date:
      - Fri, 13 May 2022 07:04:45 GMT
      expires:
      - '-1'
      pragma:
      - no-cache
      server:
      - nginx
      strict-transport-security:
      - max-age=31536000; includeSubDomains
      transfer-encoding:
      - chunked
      vary:
      - Accept-Encoding
      x-content-type-options:
      - nosniff
    status:
      code: 200
      message: OK
- request:
    body: null
    headers:
      Accept:
      - application/json
      Accept-Encoding:
      - gzip, deflate
      CommandName:
      - aks delete
      Connection:
      - keep-alive
      Content-Length:
      - '0'
      ParameterSetName:
      - -g -n --yes --no-wait
      User-Agent:
      - AZURECLI/2.36.0 azsdk-python-azure-mgmt-containerservice/19.1.0 Python/3.8.10
        (Linux-5.13.0-1023-azure-x86_64-with-glibc2.29)
    method: DELETE
    uri: https://management.azure.com/subscriptions/00000000-0000-0000-0000-000000000000/resourceGroups/clitest000001/providers/Microsoft.ContainerService/managedClusters/cliakstest000002?api-version=2022-04-01
  response:
    body:
      string: ''
    headers:
      azure-asyncoperation:
      - https://management.azure.com/subscriptions/00000000-0000-0000-0000-000000000000/providers/Microsoft.ContainerService/locations/westus2/operations/c4828fb3-e570-4890-abe9-c9286533fda9?api-version=2016-03-30
      cache-control:
      - no-cache
      content-length:
      - '0'
      date:
      - Fri, 13 May 2022 07:04:45 GMT
      expires:
      - '-1'
      location:
      - https://management.azure.com/subscriptions/00000000-0000-0000-0000-000000000000/providers/Microsoft.ContainerService/locations/westus2/operationresults/c4828fb3-e570-4890-abe9-c9286533fda9?api-version=2016-03-30
      pragma:
      - no-cache
      server:
      - nginx
      strict-transport-security:
      - max-age=31536000; includeSubDomains
      x-content-type-options:
      - nosniff
      x-ms-ratelimit-remaining-subscription-deletes:
      - '14997'
    status:
      code: 202
      message: Accepted
version: 1
