interactions:
- request:
    body: null
    headers:
      Accept:
      - application/json
      Accept-Encoding:
      - gzip, deflate
      CommandName:
      - aks create
      Connection:
      - keep-alive
      ParameterSetName:
      - --resource-group --name --ssh-key-value --enable-aad --enable-azure-rbac
      User-Agent:
      - AZURECLI/2.35.0 azsdk-python-azure-mgmt-resource/20.0.0 Python/3.8.10 (Linux-5.13.0-1021-azure-x86_64-with-glibc2.29)
    method: GET
    uri: https://management.azure.com/subscriptions/00000000-0000-0000-0000-000000000000/resourcegroups/clitest000001?api-version=2021-04-01
  response:
    body:
      string: '{"id":"/subscriptions/00000000-0000-0000-0000-000000000000/resourceGroups/clitest000001","name":"clitest000001","type":"Microsoft.Resources/resourceGroups","location":"westus2","tags":{"product":"azurecli","cause":"automation","date":"2022-04-18T02:39:08Z"},"properties":{"provisioningState":"Succeeded"}}'
    headers:
      cache-control:
      - no-cache
      content-length:
      - '305'
      content-type:
      - application/json; charset=utf-8
      date:
      - Mon, 18 Apr 2022 02:39:08 GMT
      expires:
      - '-1'
      pragma:
      - no-cache
      strict-transport-security:
      - max-age=31536000; includeSubDomains
      vary:
      - Accept-Encoding
      x-content-type-options:
      - nosniff
    status:
      code: 200
      message: OK
- request:
    body: '{"location": "westus2", "identity": {"type": "SystemAssigned"}, "properties":
      {"kubernetesVersion": "", "dnsPrefix": "cliakstest-clitestf2nfvvbs7-8ecadf",
      "agentPoolProfiles": [{"count": 3, "vmSize": "Standard_DS2_v2", "osType": "Linux",
      "enableAutoScaling": false, "type": "VirtualMachineScaleSets", "mode": "System",
      "enableNodePublicIP": false, "scaleSetPriority": "Regular", "scaleSetEvictionPolicy":
      "Delete", "spotMaxPrice": -1.0, "enableEncryptionAtHost": false, "enableUltraSSD":
      false, "enableFIPS": false, "name": "nodepool1"}], "linuxProfile": {"adminUsername":
      "azureuser", "ssh": {"publicKeys": [{"keyData": "ssh-rsa AAAAB3NzaC1yc2EAAAADAQABAAABAQC9Mn81dw0jaancv5sQo9kQAJKWQ9BtlyS0y4bBlVN3lxJXSiS5Dq189mgBY7JiURWHcwQ3VXCKRJZjHYIKj31PTAL2H+jU5a/4ty2z++omM2G4OCFu71jusuRYs4P9jLdfMatQ43Zp+wsYV1NmzNF9o/14ltu3piQAs44c81CW0GJGG1b0wKe1ujYx/TI+J8gfqHjo+HiLpHHjshCiWyK8GC64ueZguzG45fWZHRcmpYTWOPFH5Jl3ZuUeTkRo3012wINMAIpXzBX4wYaV2tPbsSbsivCdgPOq2zBkTJJ1PqQRCwAbd0XFAHpUzMCX70GdstCowb7YHliyp7FA6DZB
      azcli_aks_live_test@example.com\n"}]}}, "addonProfiles": {}, "enableRBAC": true,
      "networkProfile": {"networkPlugin": "kubenet", "podCidr": "10.244.0.0/16", "serviceCidr":
      "10.0.0.0/16", "dnsServiceIP": "10.0.0.10", "dockerBridgeCidr": "172.17.0.1/16",
      "outboundType": "loadBalancer", "loadBalancerSku": "standard"}, "aadProfile":
      {"managed": true, "enableAzureRBAC": true}, "disableLocalAccounts": false}}'
    headers:
      Accept:
      - application/json
      Accept-Encoding:
      - gzip, deflate
      CommandName:
      - aks create
      Connection:
      - keep-alive
      Content-Length:
      - '1408'
      Content-Type:
      - application/json
      ParameterSetName:
      - --resource-group --name --ssh-key-value --enable-aad --enable-azure-rbac
      User-Agent:
      - AZURECLI/2.35.0 azsdk-python-azure-mgmt-containerservice/19.0.0 Python/3.8.10
        (Linux-5.13.0-1021-azure-x86_64-with-glibc2.29)
    method: PUT
    uri: https://management.azure.com/subscriptions/00000000-0000-0000-0000-000000000000/resourceGroups/clitest000001/providers/Microsoft.ContainerService/managedClusters/cliakstest000002?api-version=2022-03-01
  response:
    body:
      string: "{\n  \"id\": \"/subscriptions/00000000-0000-0000-0000-000000000000/resourcegroups/clitest000001/providers/Microsoft.ContainerService/managedClusters/cliakstest000002\",\n
        \ \"location\": \"westus2\",\n  \"name\": \"cliakstest000002\",\n  \"type\":
        \"Microsoft.ContainerService/ManagedClusters\",\n  \"properties\": {\n   \"provisioningState\":
        \"Creating\",\n   \"powerState\": {\n    \"code\": \"Running\"\n   },\n   \"kubernetesVersion\":
        \"1.21.9\",\n   \"currentKubernetesVersion\": \"1.21.9\",\n   \"dnsPrefix\":
        \"cliakstest-clitestf2nfvvbs7-8ecadf\",\n   \"fqdn\": \"cliakstest-clitestf2nfvvbs7-8ecadf-42b3e0c6.hcp.westus2.azmk8s.io\",\n
        \  \"azurePortalFQDN\": \"cliakstest-clitestf2nfvvbs7-8ecadf-42b3e0c6.portal.hcp.westus2.azmk8s.io\",\n
        \  \"agentPoolProfiles\": [\n    {\n     \"name\": \"nodepool1\",\n     \"count\":
        3,\n     \"vmSize\": \"Standard_DS2_v2\",\n     \"osDiskSizeGB\": 128,\n     \"osDiskType\":
        \"Managed\",\n     \"kubeletDiskType\": \"OS\",\n     \"maxPods\": 110,\n
        \    \"type\": \"VirtualMachineScaleSets\",\n     \"enableAutoScaling\": false,\n
        \    \"provisioningState\": \"Creating\",\n     \"powerState\": {\n      \"code\":
        \"Running\"\n     },\n     \"orchestratorVersion\": \"1.21.9\",\n     \"enableNodePublicIP\":
        false,\n     \"mode\": \"System\",\n     \"enableEncryptionAtHost\": false,\n
        \    \"enableUltraSSD\": false,\n     \"osType\": \"Linux\",\n     \"osSKU\":
        \"Ubuntu\",\n     \"nodeImageVersion\": \"AKSUbuntu-1804gen2containerd-2022.03.29\",\n
        \    \"enableFIPS\": false\n    }\n   ],\n   \"linuxProfile\": {\n    \"adminUsername\":
        \"azureuser\",\n    \"ssh\": {\n     \"publicKeys\": [\n      {\n       \"keyData\":
        \"ssh-rsa AAAAB3NzaC1yc2EAAAADAQABAAABAQC9Mn81dw0jaancv5sQo9kQAJKWQ9BtlyS0y4bBlVN3lxJXSiS5Dq189mgBY7JiURWHcwQ3VXCKRJZjHYIKj31PTAL2H+jU5a/4ty2z++omM2G4OCFu71jusuRYs4P9jLdfMatQ43Zp+wsYV1NmzNF9o/14ltu3piQAs44c81CW0GJGG1b0wKe1ujYx/TI+J8gfqHjo+HiLpHHjshCiWyK8GC64ueZguzG45fWZHRcmpYTWOPFH5Jl3ZuUeTkRo3012wINMAIpXzBX4wYaV2tPbsSbsivCdgPOq2zBkTJJ1PqQRCwAbd0XFAHpUzMCX70GdstCowb7YHliyp7FA6DZB
        azcli_aks_live_test@example.com\\n\"\n      }\n     ]\n    }\n   },\n   \"servicePrincipalProfile\":
        {\n    \"clientId\":\"00000000-0000-0000-0000-000000000001\"\n   },\n   \"nodeResourceGroup\":
        \"MC_clitest000001_cliakstest000002_westus2\",\n   \"enableRBAC\": true,\n
        \  \"networkProfile\": {\n    \"networkPlugin\": \"kubenet\",\n    \"loadBalancerSku\":
        \"standard\",\n    \"loadBalancerProfile\": {\n     \"managedOutboundIPs\":
        {\n      \"count\": 1\n     }\n    },\n    \"podCidr\": \"10.244.0.0/16\",\n
        \   \"serviceCidr\": \"10.0.0.0/16\",\n    \"dnsServiceIP\": \"10.0.0.10\",\n
        \   \"dockerBridgeCidr\": \"172.17.0.1/16\",\n    \"outboundType\": \"loadBalancer\",\n
        \   \"podCidrs\": [\n     \"10.244.0.0/16\"\n    ],\n    \"serviceCidrs\":
        [\n     \"10.0.0.0/16\"\n    ],\n    \"ipFamilies\": [\n     \"IPv4\"\n    ]\n
        \  },\n   \"aadProfile\": {\n    \"managed\": true,\n    \"adminGroupObjectIDs\":
        null,\n    \"adminUsers\": null,\n    \"enableAzureRBAC\": true,\n    \"tenantID\":
        \"72f988bf-86f1-41af-91ab-2d7cd011db47\"\n   },\n   \"maxAgentPools\": 100,\n
        \  \"disableLocalAccounts\": false,\n   \"securityProfile\": {}\n  },\n  \"identity\":
        {\n   \"type\": \"SystemAssigned\",\n   \"principalId\":\"00000000-0000-0000-0000-000000000001\",\n
        \  \"tenantId\": \"72f988bf-86f1-41af-91ab-2d7cd011db47\"\n  },\n  \"sku\":
        {\n   \"name\": \"Basic\",\n   \"tier\": \"Free\"\n  }\n }"
    headers:
      azure-asyncoperation:
      - https://management.azure.com/subscriptions/00000000-0000-0000-0000-000000000000/providers/Microsoft.ContainerService/locations/westus2/operations/3bcf723a-2d84-4439-a721-5de08683a810?api-version=2016-03-30
      cache-control:
      - no-cache
      content-length:
      - '3107'
      content-type:
      - application/json
      date:
      - Mon, 18 Apr 2022 02:39:12 GMT
      expires:
      - '-1'
      pragma:
      - no-cache
      server:
      - nginx
      strict-transport-security:
      - max-age=31536000; includeSubDomains
      x-content-type-options:
      - nosniff
      x-ms-ratelimit-remaining-subscription-writes:
      - '1198'
    status:
      code: 201
      message: Created
- request:
    body: null
    headers:
      Accept:
      - '*/*'
      Accept-Encoding:
      - gzip, deflate
      CommandName:
      - aks create
      Connection:
      - keep-alive
      ParameterSetName:
      - --resource-group --name --ssh-key-value --enable-aad --enable-azure-rbac
      User-Agent:
      - AZURECLI/2.35.0 azsdk-python-azure-mgmt-containerservice/19.0.0 Python/3.8.10
        (Linux-5.13.0-1021-azure-x86_64-with-glibc2.29)
    method: GET
    uri: https://management.azure.com/subscriptions/00000000-0000-0000-0000-000000000000/providers/Microsoft.ContainerService/locations/westus2/operations/3bcf723a-2d84-4439-a721-5de08683a810?api-version=2016-03-30
  response:
    body:
      string: "{\n  \"name\": \"3a72cf3b-842d-3944-a721-5de08683a810\",\n  \"status\":
        \"InProgress\",\n  \"startTime\": \"2022-04-18T02:39:12.6633333Z\"\n }"
    headers:
      cache-control:
      - no-cache
      content-length:
      - '126'
      content-type:
      - application/json
      date:
      - Mon, 18 Apr 2022 02:39:42 GMT
      expires:
      - '-1'
      pragma:
      - no-cache
      server:
      - nginx
      strict-transport-security:
      - max-age=31536000; includeSubDomains
      transfer-encoding:
      - chunked
      vary:
      - Accept-Encoding
      x-content-type-options:
      - nosniff
    status:
      code: 200
      message: OK
- request:
    body: null
    headers:
      Accept:
      - '*/*'
      Accept-Encoding:
      - gzip, deflate
      CommandName:
      - aks create
      Connection:
      - keep-alive
      ParameterSetName:
      - --resource-group --name --ssh-key-value --enable-aad --enable-azure-rbac
      User-Agent:
      - AZURECLI/2.35.0 azsdk-python-azure-mgmt-containerservice/19.0.0 Python/3.8.10
        (Linux-5.13.0-1021-azure-x86_64-with-glibc2.29)
    method: GET
    uri: https://management.azure.com/subscriptions/00000000-0000-0000-0000-000000000000/providers/Microsoft.ContainerService/locations/westus2/operations/3bcf723a-2d84-4439-a721-5de08683a810?api-version=2016-03-30
  response:
    body:
      string: "{\n  \"name\": \"3a72cf3b-842d-3944-a721-5de08683a810\",\n  \"status\":
        \"InProgress\",\n  \"startTime\": \"2022-04-18T02:39:12.6633333Z\"\n }"
    headers:
      cache-control:
      - no-cache
      content-length:
      - '126'
      content-type:
      - application/json
      date:
      - Mon, 18 Apr 2022 02:40:12 GMT
      expires:
      - '-1'
      pragma:
      - no-cache
      server:
      - nginx
      strict-transport-security:
      - max-age=31536000; includeSubDomains
      transfer-encoding:
      - chunked
      vary:
      - Accept-Encoding
      x-content-type-options:
      - nosniff
    status:
      code: 200
      message: OK
- request:
    body: null
    headers:
      Accept:
      - '*/*'
      Accept-Encoding:
      - gzip, deflate
      CommandName:
      - aks create
      Connection:
      - keep-alive
      ParameterSetName:
      - --resource-group --name --ssh-key-value --enable-aad --enable-azure-rbac
      User-Agent:
      - AZURECLI/2.35.0 azsdk-python-azure-mgmt-containerservice/19.0.0 Python/3.8.10
        (Linux-5.13.0-1021-azure-x86_64-with-glibc2.29)
    method: GET
    uri: https://management.azure.com/subscriptions/00000000-0000-0000-0000-000000000000/providers/Microsoft.ContainerService/locations/westus2/operations/3bcf723a-2d84-4439-a721-5de08683a810?api-version=2016-03-30
  response:
    body:
      string: "{\n  \"name\": \"3a72cf3b-842d-3944-a721-5de08683a810\",\n  \"status\":
        \"InProgress\",\n  \"startTime\": \"2022-04-18T02:39:12.6633333Z\"\n }"
    headers:
      cache-control:
      - no-cache
      content-length:
      - '126'
      content-type:
      - application/json
      date:
      - Mon, 18 Apr 2022 02:40:42 GMT
      expires:
      - '-1'
      pragma:
      - no-cache
      server:
      - nginx
      strict-transport-security:
      - max-age=31536000; includeSubDomains
      transfer-encoding:
      - chunked
      vary:
      - Accept-Encoding
      x-content-type-options:
      - nosniff
    status:
      code: 200
      message: OK
- request:
    body: null
    headers:
      Accept:
      - '*/*'
      Accept-Encoding:
      - gzip, deflate
      CommandName:
      - aks create
      Connection:
      - keep-alive
      ParameterSetName:
      - --resource-group --name --ssh-key-value --enable-aad --enable-azure-rbac
      User-Agent:
      - AZURECLI/2.35.0 azsdk-python-azure-mgmt-containerservice/19.0.0 Python/3.8.10
        (Linux-5.13.0-1021-azure-x86_64-with-glibc2.29)
    method: GET
    uri: https://management.azure.com/subscriptions/00000000-0000-0000-0000-000000000000/providers/Microsoft.ContainerService/locations/westus2/operations/3bcf723a-2d84-4439-a721-5de08683a810?api-version=2016-03-30
  response:
    body:
      string: "{\n  \"name\": \"3a72cf3b-842d-3944-a721-5de08683a810\",\n  \"status\":
        \"InProgress\",\n  \"startTime\": \"2022-04-18T02:39:12.6633333Z\"\n }"
    headers:
      cache-control:
      - no-cache
      content-length:
      - '126'
      content-type:
      - application/json
      date:
      - Mon, 18 Apr 2022 02:41:12 GMT
      expires:
      - '-1'
      pragma:
      - no-cache
      server:
      - nginx
      strict-transport-security:
      - max-age=31536000; includeSubDomains
      transfer-encoding:
      - chunked
      vary:
      - Accept-Encoding
      x-content-type-options:
      - nosniff
    status:
      code: 200
      message: OK
- request:
    body: null
    headers:
      Accept:
      - '*/*'
      Accept-Encoding:
      - gzip, deflate
      CommandName:
      - aks create
      Connection:
      - keep-alive
      ParameterSetName:
      - --resource-group --name --ssh-key-value --enable-aad --enable-azure-rbac
      User-Agent:
      - AZURECLI/2.35.0 azsdk-python-azure-mgmt-containerservice/19.0.0 Python/3.8.10
        (Linux-5.13.0-1021-azure-x86_64-with-glibc2.29)
    method: GET
    uri: https://management.azure.com/subscriptions/00000000-0000-0000-0000-000000000000/providers/Microsoft.ContainerService/locations/westus2/operations/3bcf723a-2d84-4439-a721-5de08683a810?api-version=2016-03-30
  response:
    body:
      string: "{\n  \"name\": \"3a72cf3b-842d-3944-a721-5de08683a810\",\n  \"status\":
        \"InProgress\",\n  \"startTime\": \"2022-04-18T02:39:12.6633333Z\"\n }"
    headers:
      cache-control:
      - no-cache
      content-length:
      - '126'
      content-type:
      - application/json
      date:
      - Mon, 18 Apr 2022 02:41:42 GMT
      expires:
      - '-1'
      pragma:
      - no-cache
      server:
      - nginx
      strict-transport-security:
      - max-age=31536000; includeSubDomains
      transfer-encoding:
      - chunked
      vary:
      - Accept-Encoding
      x-content-type-options:
      - nosniff
    status:
      code: 200
      message: OK
- request:
    body: null
    headers:
      Accept:
      - '*/*'
      Accept-Encoding:
      - gzip, deflate
      CommandName:
      - aks create
      Connection:
      - keep-alive
      ParameterSetName:
      - --resource-group --name --ssh-key-value --enable-aad --enable-azure-rbac
      User-Agent:
      - AZURECLI/2.35.0 azsdk-python-azure-mgmt-containerservice/19.0.0 Python/3.8.10
        (Linux-5.13.0-1021-azure-x86_64-with-glibc2.29)
    method: GET
    uri: https://management.azure.com/subscriptions/00000000-0000-0000-0000-000000000000/providers/Microsoft.ContainerService/locations/westus2/operations/3bcf723a-2d84-4439-a721-5de08683a810?api-version=2016-03-30
  response:
    body:
      string: "{\n  \"name\": \"3a72cf3b-842d-3944-a721-5de08683a810\",\n  \"status\":
        \"InProgress\",\n  \"startTime\": \"2022-04-18T02:39:12.6633333Z\"\n }"
    headers:
      cache-control:
      - no-cache
      content-length:
      - '126'
      content-type:
      - application/json
      date:
      - Mon, 18 Apr 2022 02:42:12 GMT
      expires:
      - '-1'
      pragma:
      - no-cache
      server:
      - nginx
      strict-transport-security:
      - max-age=31536000; includeSubDomains
      transfer-encoding:
      - chunked
      vary:
      - Accept-Encoding
      x-content-type-options:
      - nosniff
    status:
      code: 200
      message: OK
- request:
    body: null
    headers:
      Accept:
      - '*/*'
      Accept-Encoding:
      - gzip, deflate
      CommandName:
      - aks create
      Connection:
      - keep-alive
      ParameterSetName:
      - --resource-group --name --ssh-key-value --enable-aad --enable-azure-rbac
      User-Agent:
      - AZURECLI/2.35.0 azsdk-python-azure-mgmt-containerservice/19.0.0 Python/3.8.10
        (Linux-5.13.0-1021-azure-x86_64-with-glibc2.29)
    method: GET
    uri: https://management.azure.com/subscriptions/00000000-0000-0000-0000-000000000000/providers/Microsoft.ContainerService/locations/westus2/operations/3bcf723a-2d84-4439-a721-5de08683a810?api-version=2016-03-30
  response:
    body:
      string: "{\n  \"name\": \"3a72cf3b-842d-3944-a721-5de08683a810\",\n  \"status\":
        \"Succeeded\",\n  \"startTime\": \"2022-04-18T02:39:12.6633333Z\",\n  \"endTime\":
        \"2022-04-18T02:42:27.6482557Z\"\n }"
    headers:
      cache-control:
      - no-cache
      content-length:
      - '170'
      content-type:
      - application/json
      date:
      - Mon, 18 Apr 2022 02:42:42 GMT
      expires:
      - '-1'
      pragma:
      - no-cache
      server:
      - nginx
      strict-transport-security:
      - max-age=31536000; includeSubDomains
      transfer-encoding:
      - chunked
      vary:
      - Accept-Encoding
      x-content-type-options:
      - nosniff
    status:
      code: 200
      message: OK
- request:
    body: null
    headers:
      Accept:
      - '*/*'
      Accept-Encoding:
      - gzip, deflate
      CommandName:
      - aks create
      Connection:
      - keep-alive
      ParameterSetName:
      - --resource-group --name --ssh-key-value --enable-aad --enable-azure-rbac
      User-Agent:
      - AZURECLI/2.35.0 azsdk-python-azure-mgmt-containerservice/19.0.0 Python/3.8.10
        (Linux-5.13.0-1021-azure-x86_64-with-glibc2.29)
    method: GET
    uri: https://management.azure.com/subscriptions/00000000-0000-0000-0000-000000000000/resourceGroups/clitest000001/providers/Microsoft.ContainerService/managedClusters/cliakstest000002?api-version=2022-03-01
  response:
    body:
      string: "{\n  \"id\": \"/subscriptions/00000000-0000-0000-0000-000000000000/resourcegroups/clitest000001/providers/Microsoft.ContainerService/managedClusters/cliakstest000002\",\n
        \ \"location\": \"westus2\",\n  \"name\": \"cliakstest000002\",\n  \"type\":
        \"Microsoft.ContainerService/ManagedClusters\",\n  \"properties\": {\n   \"provisioningState\":
        \"Succeeded\",\n   \"powerState\": {\n    \"code\": \"Running\"\n   },\n   \"kubernetesVersion\":
        \"1.21.9\",\n   \"currentKubernetesVersion\": \"1.21.9\",\n   \"dnsPrefix\":
        \"cliakstest-clitestf2nfvvbs7-8ecadf\",\n   \"fqdn\": \"cliakstest-clitestf2nfvvbs7-8ecadf-42b3e0c6.hcp.westus2.azmk8s.io\",\n
        \  \"azurePortalFQDN\": \"cliakstest-clitestf2nfvvbs7-8ecadf-42b3e0c6.portal.hcp.westus2.azmk8s.io\",\n
        \  \"agentPoolProfiles\": [\n    {\n     \"name\": \"nodepool1\",\n     \"count\":
        3,\n     \"vmSize\": \"Standard_DS2_v2\",\n     \"osDiskSizeGB\": 128,\n     \"osDiskType\":
        \"Managed\",\n     \"kubeletDiskType\": \"OS\",\n     \"maxPods\": 110,\n
        \    \"type\": \"VirtualMachineScaleSets\",\n     \"enableAutoScaling\": false,\n
        \    \"provisioningState\": \"Succeeded\",\n     \"powerState\": {\n      \"code\":
        \"Running\"\n     },\n     \"orchestratorVersion\": \"1.21.9\",\n     \"enableNodePublicIP\":
        false,\n     \"mode\": \"System\",\n     \"enableEncryptionAtHost\": false,\n
        \    \"enableUltraSSD\": false,\n     \"osType\": \"Linux\",\n     \"osSKU\":
        \"Ubuntu\",\n     \"nodeImageVersion\": \"AKSUbuntu-1804gen2containerd-2022.03.29\",\n
        \    \"enableFIPS\": false\n    }\n   ],\n   \"linuxProfile\": {\n    \"adminUsername\":
        \"azureuser\",\n    \"ssh\": {\n     \"publicKeys\": [\n      {\n       \"keyData\":
        \"ssh-rsa AAAAB3NzaC1yc2EAAAADAQABAAABAQC9Mn81dw0jaancv5sQo9kQAJKWQ9BtlyS0y4bBlVN3lxJXSiS5Dq189mgBY7JiURWHcwQ3VXCKRJZjHYIKj31PTAL2H+jU5a/4ty2z++omM2G4OCFu71jusuRYs4P9jLdfMatQ43Zp+wsYV1NmzNF9o/14ltu3piQAs44c81CW0GJGG1b0wKe1ujYx/TI+J8gfqHjo+HiLpHHjshCiWyK8GC64ueZguzG45fWZHRcmpYTWOPFH5Jl3ZuUeTkRo3012wINMAIpXzBX4wYaV2tPbsSbsivCdgPOq2zBkTJJ1PqQRCwAbd0XFAHpUzMCX70GdstCowb7YHliyp7FA6DZB
        azcli_aks_live_test@example.com\\n\"\n      }\n     ]\n    }\n   },\n   \"servicePrincipalProfile\":
        {\n    \"clientId\":\"00000000-0000-0000-0000-000000000001\"\n   },\n   \"nodeResourceGroup\":
        \"MC_clitest000001_cliakstest000002_westus2\",\n   \"enableRBAC\": true,\n
        \  \"networkProfile\": {\n    \"networkPlugin\": \"kubenet\",\n    \"loadBalancerSku\":
        \"Standard\",\n    \"loadBalancerProfile\": {\n     \"managedOutboundIPs\":
        {\n      \"count\": 1\n     },\n     \"effectiveOutboundIPs\": [\n      {\n
        \      \"id\": \"/subscriptions/00000000-0000-0000-0000-000000000000/resourceGroups/MC_clitest000001_cliakstest000002_westus2/providers/Microsoft.Network/publicIPAddresses/826d8e8b-cbbe-42e1-ae05-5229c9733623\"\n
        \     }\n     ]\n    },\n    \"podCidr\": \"10.244.0.0/16\",\n    \"serviceCidr\":
        \"10.0.0.0/16\",\n    \"dnsServiceIP\": \"10.0.0.10\",\n    \"dockerBridgeCidr\":
        \"172.17.0.1/16\",\n    \"outboundType\": \"loadBalancer\",\n    \"podCidrs\":
        [\n     \"10.244.0.0/16\"\n    ],\n    \"serviceCidrs\": [\n     \"10.0.0.0/16\"\n
        \   ],\n    \"ipFamilies\": [\n     \"IPv4\"\n    ]\n   },\n   \"aadProfile\":
        {\n    \"managed\": true,\n    \"adminGroupObjectIDs\": null,\n    \"adminUsers\":
        null,\n    \"enableAzureRBAC\": true,\n    \"tenantID\": \"72f988bf-86f1-41af-91ab-2d7cd011db47\"\n
        \  },\n   \"maxAgentPools\": 100,\n   \"identityProfile\": {\n    \"kubeletidentity\":
        {\n     \"resourceId\": \"/subscriptions/00000000-0000-0000-0000-000000000000/resourcegroups/MC_clitest000001_cliakstest000002_westus2/providers/Microsoft.ManagedIdentity/userAssignedIdentities/cliakstest000002-agentpool\",\n
        \    \"clientId\":\"00000000-0000-0000-0000-000000000001\",\n     \"objectId\":\"00000000-0000-0000-0000-000000000001\"\n
        \   }\n   },\n   \"disableLocalAccounts\": false,\n   \"securityProfile\":
        {}\n  },\n  \"identity\": {\n   \"type\": \"SystemAssigned\",\n   \"principalId\":\"00000000-0000-0000-0000-000000000001\",\n
        \  \"tenantId\": \"72f988bf-86f1-41af-91ab-2d7cd011db47\"\n  },\n  \"sku\":
        {\n   \"name\": \"Basic\",\n   \"tier\": \"Free\"\n  }\n }"
    headers:
      cache-control:
      - no-cache
      content-length:
      - '3760'
      content-type:
      - application/json
      date:
      - Mon, 18 Apr 2022 02:42:43 GMT
      expires:
      - '-1'
      pragma:
      - no-cache
      server:
      - nginx
      strict-transport-security:
      - max-age=31536000; includeSubDomains
      transfer-encoding:
      - chunked
      vary:
      - Accept-Encoding
      x-content-type-options:
      - nosniff
    status:
      code: 200
      message: OK
- request:
    body: null
    headers:
      Accept:
      - application/json
      Accept-Encoding:
      - gzip, deflate
      CommandName:
      - aks delete
      Connection:
      - keep-alive
      Content-Length:
      - '0'
      ParameterSetName:
      - -g -n --yes --no-wait
      User-Agent:
      - AZURECLI/2.35.0 azsdk-python-azure-mgmt-containerservice/19.0.0 Python/3.8.10
        (Linux-5.13.0-1021-azure-x86_64-with-glibc2.29)
    method: DELETE
    uri: https://management.azure.com/subscriptions/00000000-0000-0000-0000-000000000000/resourceGroups/clitest000001/providers/Microsoft.ContainerService/managedClusters/cliakstest000002?api-version=2022-03-01
  response:
    body:
      string: ''
    headers:
      azure-asyncoperation:
      - https://management.azure.com/subscriptions/00000000-0000-0000-0000-000000000000/providers/Microsoft.ContainerService/locations/westus2/operations/5b751abd-87f1-4584-81e2-1d922ca4ffd5?api-version=2016-03-30
      cache-control:
      - no-cache
      content-length:
      - '0'
      date:
      - Mon, 18 Apr 2022 02:42:43 GMT
      expires:
      - '-1'
      location:
      - https://management.azure.com/subscriptions/00000000-0000-0000-0000-000000000000/providers/Microsoft.ContainerService/locations/westus2/operationresults/5b751abd-87f1-4584-81e2-1d922ca4ffd5?api-version=2016-03-30
      pragma:
      - no-cache
      server:
      - nginx
      strict-transport-security:
      - max-age=31536000; includeSubDomains
      x-content-type-options:
      - nosniff
      x-ms-ratelimit-remaining-subscription-deletes:
      - '14999'
    status:
      code: 202
      message: Accepted
version: 1
