interactions:
- request:
    body: '{"location": "westus2", "identity": {"type": "SystemAssigned"}, "properties":
      {"kubernetesVersion": "", "dnsPrefix": "cliaksdns000003", "agentPoolProfiles":
      [{"count": 1, "vmSize": "Standard_DS2_v2", "osType": "Linux", "enableAutoScaling":
      false, "type": "VirtualMachineScaleSets", "mode": "System", "enableNodePublicIP":
      false, "scaleSetPriority": "Regular", "scaleSetEvictionPolicy": "Delete", "spotMaxPrice":
      -1.0, "enableEncryptionAtHost": false, "enableUltraSSD": false, "enableFIPS":
      false, "name": "nodepool1"}], "linuxProfile": {"adminUsername": "azureuser",
      "ssh": {"publicKeys": [{"keyData": "ssh-rsa AAAAB3NzaC1yc2EAAAADAQABAAABAQC1JKFPTxdqcS4oQd024c4kvfOGX5J00/ZlBK72gyCm3EXuRd88CRupI3ii3Xi1YYZyH6sIreBxv4dksukzv89E4vidnFBp5J//JnsLKdFxEuDk+ULk8ekAte/mBhEzFLRcriaLNmgpgUW4PYPiz6MnOKveBlUcszkpMCvNUpVWieRGO0k9td5hVF8zdtTWEMKAUtiWNo3wtAdPIAFQQejiBZoL7GZWRt2yXIpNvM2IoOAtpP5TksArYYW4XDtgRHLAHTJA3HNJj/2Sq8ConH1WI8dynHTXnsO/uoH9G7vPDQnW8BgSeU1+9hd8OzArvVZ/tIVbYN4MJjBFiVJzwZdr
      azcli_aks_live_test@example.com\n"}]}}, "addonProfiles": {}, "enableRBAC": true,
      "networkProfile": {"networkPlugin": "kubenet", "podCidr": "10.244.0.0/16", "serviceCidr":
      "10.0.0.0/16", "dnsServiceIP": "10.0.0.10", "dockerBridgeCidr": "172.17.0.1/16",
      "outboundType": "loadBalancer", "loadBalancerSku": "standard"}, "apiServerAccessProfile":
      {"authorizedIPRanges": [], "enablePrivateCluster": true}, "disableLocalAccounts":
      false}}'
    headers:
      Accept:
      - application/json
      Accept-Encoding:
      - gzip, deflate
      CommandName:
      - aks create
      Connection:
      - keep-alive
      Content-Length:
      - '1415'
      Content-Type:
      - application/json
      ParameterSetName:
      - --resource-group --name --location --dns-name-prefix --node-count --ssh-key-value
        --load-balancer-sku --enable-private-cluster
      User-Agent:
      - AZURECLI/2.35.0 azsdk-python-azure-mgmt-containerservice/18.0.0 Python/3.8.10
        (Linux-5.13.0-1021-azure-x86_64-with-glibc2.29)
    method: PUT
    uri: https://management.azure.com/subscriptions/00000000-0000-0000-0000-000000000000/resourceGroups/clitest000001/providers/Microsoft.ContainerService/managedClusters/cliakstest000002?api-version=2022-02-01
  response:
    body:
      string: "{\n  \"id\": \"/subscriptions/00000000-0000-0000-0000-000000000000/resourcegroups/clitest000001/providers/Microsoft.ContainerService/managedClusters/cliakstest000002\",\n
        \ \"location\": \"westus2\",\n  \"name\": \"cliakstest000002\",\n  \"type\":
        \"Microsoft.ContainerService/ManagedClusters\",\n  \"properties\": {\n   \"provisioningState\":
        \"Creating\",\n   \"powerState\": {\n    \"code\": \"Running\"\n   },\n   \"kubernetesVersion\":
        \"1.21.9\",\n   \"dnsPrefix\": \"cliaksdns000003\",\n   \"fqdn\": \"cliaksdns000003-a01e3d21.hcp.westus2.azmk8s.io\",\n
        \  \"azurePortalFQDN\": \"66a0973b00e9e50330fdd55becc48d1d-priv.portal.hcp.westus2.azmk8s.io\",\n
        \  \"privateFQDN\": \"cliaksdns000003-0ef7460c.8cf5abfa-8c1e-4630-8c96-c9b92a040922.privatelink.westus2.azmk8s.io\",\n
        \  \"agentPoolProfiles\": [\n    {\n     \"name\": \"nodepool1\",\n     \"count\":
        1,\n     \"vmSize\": \"Standard_DS2_v2\",\n     \"osDiskSizeGB\": 128,\n     \"osDiskType\":
        \"Managed\",\n     \"kubeletDiskType\": \"OS\",\n     \"maxPods\": 110,\n
        \    \"type\": \"VirtualMachineScaleSets\",\n     \"enableAutoScaling\": false,\n
        \    \"provisioningState\": \"Creating\",\n     \"powerState\": {\n      \"code\":
        \"Running\"\n     },\n     \"orchestratorVersion\": \"1.21.9\",\n     \"enableNodePublicIP\":
        false,\n     \"mode\": \"System\",\n     \"enableEncryptionAtHost\": false,\n
        \    \"enableUltraSSD\": false,\n     \"osType\": \"Linux\",\n     \"osSKU\":
        \"Ubuntu\",\n     \"nodeImageVersion\": \"AKSUbuntu-1804gen2containerd-2022.03.29\",\n
        \    \"enableFIPS\": false\n    }\n   ],\n   \"linuxProfile\": {\n    \"adminUsername\":
        \"azureuser\",\n    \"ssh\": {\n     \"publicKeys\": [\n      {\n       \"keyData\":
        \"ssh-rsa AAAAB3NzaC1yc2EAAAADAQABAAABAQC1JKFPTxdqcS4oQd024c4kvfOGX5J00/ZlBK72gyCm3EXuRd88CRupI3ii3Xi1YYZyH6sIreBxv4dksukzv89E4vidnFBp5J//JnsLKdFxEuDk+ULk8ekAte/mBhEzFLRcriaLNmgpgUW4PYPiz6MnOKveBlUcszkpMCvNUpVWieRGO0k9td5hVF8zdtTWEMKAUtiWNo3wtAdPIAFQQejiBZoL7GZWRt2yXIpNvM2IoOAtpP5TksArYYW4XDtgRHLAHTJA3HNJj/2Sq8ConH1WI8dynHTXnsO/uoH9G7vPDQnW8BgSeU1+9hd8OzArvVZ/tIVbYN4MJjBFiVJzwZdr
        azcli_aks_live_test@example.com\\n\"\n      }\n     ]\n    }\n   },\n   \"servicePrincipalProfile\":
        {\n    \"clientId\":\"00000000-0000-0000-0000-000000000001\"\n   },\n   \"nodeResourceGroup\":
        \"MC_clitest000001_cliakstest000002_westus2\",\n   \"enableRBAC\": true,\n
        \  \"networkProfile\": {\n    \"networkPlugin\": \"kubenet\",\n    \"loadBalancerSku\":
        \"standard\",\n    \"loadBalancerProfile\": {\n     \"managedOutboundIPs\":
        {\n      \"count\": 1\n     }\n    },\n    \"podCidr\": \"10.244.0.0/16\",\n
        \   \"serviceCidr\": \"10.0.0.0/16\",\n    \"dnsServiceIP\": \"10.0.0.10\",\n
        \   \"dockerBridgeCidr\": \"172.17.0.1/16\",\n    \"outboundType\": \"loadBalancer\",\n
        \   \"podCidrs\": [\n     \"10.244.0.0/16\"\n    ],\n    \"serviceCidrs\":
        [\n     \"10.0.0.0/16\"\n    ],\n    \"ipFamilies\": [\n     \"IPv4\"\n    ]\n
        \  },\n   \"maxAgentPools\": 100,\n   \"privateLinkResources\": [\n    {\n
        \    \"name\": \"management\",\n     \"type\": \"Microsoft.ContainerService/managedClusters/privateLinkResources\",\n
        \    \"groupId\": \"management\",\n     \"requiredMembers\": [\n      \"management\"\n
        \    ]\n    }\n   ],\n   \"apiServerAccessProfile\": {\n    \"enablePrivateCluster\":
        true,\n    \"privateDNSZone\": \"system\",\n    \"enablePrivateClusterPublicFQDN\":
        true,\n    \"privateClusterVersion\": \"v1\"\n   },\n   \"disableLocalAccounts\":
        false,\n   \"securityProfile\": {}\n  },\n  \"identity\": {\n   \"type\":
        \"SystemAssigned\",\n   \"principalId\":\"00000000-0000-0000-0000-000000000001\",\n
        \  \"tenantId\": \"72f988bf-86f1-41af-91ab-2d7cd011db47\"\n  },\n  \"sku\":
        {\n   \"name\": \"Basic\",\n   \"tier\": \"Free\"\n  }\n }"
    headers:
      azure-asyncoperation:
      - https://management.azure.com/subscriptions/00000000-0000-0000-0000-000000000000/providers/Microsoft.ContainerService/locations/westus2/operations/abdfeb95-c288-4904-9a9f-99392be24496?api-version=2016-03-30
      cache-control:
      - no-cache
      content-length:
      - '3365'
      content-type:
      - application/json
      date:
      - Tue, 12 Apr 2022 10:15:36 GMT
      expires:
      - '-1'
      pragma:
      - no-cache
      server:
      - nginx
      strict-transport-security:
      - max-age=31536000; includeSubDomains
      x-content-type-options:
      - nosniff
      x-ms-ratelimit-remaining-subscription-writes:
      - '1199'
    status:
      code: 201
      message: Created
- request:
    body: null
    headers:
      Accept:
      - '*/*'
      Accept-Encoding:
      - gzip, deflate
      CommandName:
      - aks create
      Connection:
      - keep-alive
      ParameterSetName:
      - --resource-group --name --location --dns-name-prefix --node-count --ssh-key-value
        --load-balancer-sku --enable-private-cluster
      User-Agent:
      - AZURECLI/2.35.0 azsdk-python-azure-mgmt-containerservice/18.0.0 Python/3.8.10
        (Linux-5.13.0-1021-azure-x86_64-with-glibc2.29)
    method: GET
    uri: https://management.azure.com/subscriptions/00000000-0000-0000-0000-000000000000/providers/Microsoft.ContainerService/locations/westus2/operations/abdfeb95-c288-4904-9a9f-99392be24496?api-version=2016-03-30
  response:
    body:
      string: "{\n  \"name\": \"95ebdfab-88c2-0449-9a9f-99392be24496\",\n  \"status\":
        \"InProgress\",\n  \"startTime\": \"2022-04-12T10:15:36.26Z\"\n }"
    headers:
      cache-control:
      - no-cache
      content-length:
      - '121'
      content-type:
      - application/json
      date:
      - Tue, 12 Apr 2022 10:16:05 GMT
      expires:
      - '-1'
      pragma:
      - no-cache
      server:
      - nginx
      strict-transport-security:
      - max-age=31536000; includeSubDomains
      transfer-encoding:
      - chunked
      vary:
      - Accept-Encoding
      x-content-type-options:
      - nosniff
    status:
      code: 200
      message: OK
- request:
    body: null
    headers:
      Accept:
      - '*/*'
      Accept-Encoding:
      - gzip, deflate
      CommandName:
      - aks create
      Connection:
      - keep-alive
      ParameterSetName:
      - --resource-group --name --location --dns-name-prefix --node-count --ssh-key-value
        --load-balancer-sku --enable-private-cluster
      User-Agent:
      - AZURECLI/2.35.0 azsdk-python-azure-mgmt-containerservice/18.0.0 Python/3.8.10
        (Linux-5.13.0-1021-azure-x86_64-with-glibc2.29)
    method: GET
    uri: https://management.azure.com/subscriptions/00000000-0000-0000-0000-000000000000/providers/Microsoft.ContainerService/locations/westus2/operations/abdfeb95-c288-4904-9a9f-99392be24496?api-version=2016-03-30
  response:
    body:
      string: "{\n  \"name\": \"95ebdfab-88c2-0449-9a9f-99392be24496\",\n  \"status\":
        \"InProgress\",\n  \"startTime\": \"2022-04-12T10:15:36.26Z\"\n }"
    headers:
      cache-control:
      - no-cache
      content-length:
      - '121'
      content-type:
      - application/json
      date:
      - Tue, 12 Apr 2022 10:16:36 GMT
      expires:
      - '-1'
      pragma:
      - no-cache
      server:
      - nginx
      strict-transport-security:
      - max-age=31536000; includeSubDomains
      transfer-encoding:
      - chunked
      vary:
      - Accept-Encoding
      x-content-type-options:
      - nosniff
    status:
      code: 200
      message: OK
- request:
    body: null
    headers:
      Accept:
      - '*/*'
      Accept-Encoding:
      - gzip, deflate
      CommandName:
      - aks create
      Connection:
      - keep-alive
      ParameterSetName:
      - --resource-group --name --location --dns-name-prefix --node-count --ssh-key-value
        --load-balancer-sku --enable-private-cluster
      User-Agent:
      - AZURECLI/2.35.0 azsdk-python-azure-mgmt-containerservice/18.0.0 Python/3.8.10
        (Linux-5.13.0-1021-azure-x86_64-with-glibc2.29)
    method: GET
    uri: https://management.azure.com/subscriptions/00000000-0000-0000-0000-000000000000/providers/Microsoft.ContainerService/locations/westus2/operations/abdfeb95-c288-4904-9a9f-99392be24496?api-version=2016-03-30
  response:
    body:
      string: "{\n  \"name\": \"95ebdfab-88c2-0449-9a9f-99392be24496\",\n  \"status\":
        \"InProgress\",\n  \"startTime\": \"2022-04-12T10:15:36.26Z\"\n }"
    headers:
      cache-control:
      - no-cache
      content-length:
      - '121'
      content-type:
      - application/json
      date:
      - Tue, 12 Apr 2022 10:17:06 GMT
      expires:
      - '-1'
      pragma:
      - no-cache
      server:
      - nginx
      strict-transport-security:
      - max-age=31536000; includeSubDomains
      transfer-encoding:
      - chunked
      vary:
      - Accept-Encoding
      x-content-type-options:
      - nosniff
    status:
      code: 200
      message: OK
- request:
    body: null
    headers:
      Accept:
      - '*/*'
      Accept-Encoding:
      - gzip, deflate
      CommandName:
      - aks create
      Connection:
      - keep-alive
      ParameterSetName:
      - --resource-group --name --location --dns-name-prefix --node-count --ssh-key-value
        --load-balancer-sku --enable-private-cluster
      User-Agent:
      - AZURECLI/2.35.0 azsdk-python-azure-mgmt-containerservice/18.0.0 Python/3.8.10
        (Linux-5.13.0-1021-azure-x86_64-with-glibc2.29)
    method: GET
    uri: https://management.azure.com/subscriptions/00000000-0000-0000-0000-000000000000/providers/Microsoft.ContainerService/locations/westus2/operations/abdfeb95-c288-4904-9a9f-99392be24496?api-version=2016-03-30
  response:
    body:
      string: "{\n  \"name\": \"95ebdfab-88c2-0449-9a9f-99392be24496\",\n  \"status\":
        \"InProgress\",\n  \"startTime\": \"2022-04-12T10:15:36.26Z\"\n }"
    headers:
      cache-control:
      - no-cache
      content-length:
      - '121'
      content-type:
      - application/json
      date:
      - Tue, 12 Apr 2022 10:17:36 GMT
      expires:
      - '-1'
      pragma:
      - no-cache
      server:
      - nginx
      strict-transport-security:
      - max-age=31536000; includeSubDomains
      transfer-encoding:
      - chunked
      vary:
      - Accept-Encoding
      x-content-type-options:
      - nosniff
    status:
      code: 200
      message: OK
- request:
    body: null
    headers:
      Accept:
      - '*/*'
      Accept-Encoding:
      - gzip, deflate
      CommandName:
      - aks create
      Connection:
      - keep-alive
      ParameterSetName:
      - --resource-group --name --location --dns-name-prefix --node-count --ssh-key-value
        --load-balancer-sku --enable-private-cluster
      User-Agent:
      - AZURECLI/2.35.0 azsdk-python-azure-mgmt-containerservice/18.0.0 Python/3.8.10
        (Linux-5.13.0-1021-azure-x86_64-with-glibc2.29)
    method: GET
    uri: https://management.azure.com/subscriptions/00000000-0000-0000-0000-000000000000/providers/Microsoft.ContainerService/locations/westus2/operations/abdfeb95-c288-4904-9a9f-99392be24496?api-version=2016-03-30
  response:
    body:
      string: "{\n  \"name\": \"95ebdfab-88c2-0449-9a9f-99392be24496\",\n  \"status\":
        \"InProgress\",\n  \"startTime\": \"2022-04-12T10:15:36.26Z\"\n }"
    headers:
      cache-control:
      - no-cache
      content-length:
      - '121'
      content-type:
      - application/json
      date:
      - Tue, 12 Apr 2022 10:18:06 GMT
      expires:
      - '-1'
      pragma:
      - no-cache
      server:
      - nginx
      strict-transport-security:
      - max-age=31536000; includeSubDomains
      transfer-encoding:
      - chunked
      vary:
      - Accept-Encoding
      x-content-type-options:
      - nosniff
    status:
      code: 200
      message: OK
- request:
    body: null
    headers:
      Accept:
      - '*/*'
      Accept-Encoding:
      - gzip, deflate
      CommandName:
      - aks create
      Connection:
      - keep-alive
      ParameterSetName:
      - --resource-group --name --location --dns-name-prefix --node-count --ssh-key-value
        --load-balancer-sku --enable-private-cluster
      User-Agent:
      - AZURECLI/2.35.0 azsdk-python-azure-mgmt-containerservice/18.0.0 Python/3.8.10
        (Linux-5.13.0-1021-azure-x86_64-with-glibc2.29)
    method: GET
    uri: https://management.azure.com/subscriptions/00000000-0000-0000-0000-000000000000/providers/Microsoft.ContainerService/locations/westus2/operations/abdfeb95-c288-4904-9a9f-99392be24496?api-version=2016-03-30
  response:
    body:
      string: "{\n  \"name\": \"95ebdfab-88c2-0449-9a9f-99392be24496\",\n  \"status\":
        \"InProgress\",\n  \"startTime\": \"2022-04-12T10:15:36.26Z\"\n }"
    headers:
      cache-control:
      - no-cache
      content-length:
      - '121'
      content-type:
      - application/json
      date:
      - Tue, 12 Apr 2022 10:18:36 GMT
      expires:
      - '-1'
      pragma:
      - no-cache
      server:
      - nginx
      strict-transport-security:
      - max-age=31536000; includeSubDomains
      transfer-encoding:
      - chunked
      vary:
      - Accept-Encoding
      x-content-type-options:
      - nosniff
    status:
      code: 200
      message: OK
- request:
    body: null
    headers:
      Accept:
      - '*/*'
      Accept-Encoding:
      - gzip, deflate
      CommandName:
      - aks create
      Connection:
      - keep-alive
      ParameterSetName:
      - --resource-group --name --location --dns-name-prefix --node-count --ssh-key-value
        --load-balancer-sku --enable-private-cluster
      User-Agent:
      - AZURECLI/2.35.0 azsdk-python-azure-mgmt-containerservice/18.0.0 Python/3.8.10
        (Linux-5.13.0-1021-azure-x86_64-with-glibc2.29)
    method: GET
    uri: https://management.azure.com/subscriptions/00000000-0000-0000-0000-000000000000/providers/Microsoft.ContainerService/locations/westus2/operations/abdfeb95-c288-4904-9a9f-99392be24496?api-version=2016-03-30
  response:
    body:
      string: "{\n  \"name\": \"95ebdfab-88c2-0449-9a9f-99392be24496\",\n  \"status\":
        \"InProgress\",\n  \"startTime\": \"2022-04-12T10:15:36.26Z\"\n }"
    headers:
      cache-control:
      - no-cache
      content-length:
      - '121'
      content-type:
      - application/json
      date:
      - Tue, 12 Apr 2022 10:19:06 GMT
      expires:
      - '-1'
      pragma:
      - no-cache
      server:
      - nginx
      strict-transport-security:
      - max-age=31536000; includeSubDomains
      transfer-encoding:
      - chunked
      vary:
      - Accept-Encoding
      x-content-type-options:
      - nosniff
    status:
      code: 200
      message: OK
- request:
    body: null
    headers:
      Accept:
      - '*/*'
      Accept-Encoding:
      - gzip, deflate
      CommandName:
      - aks create
      Connection:
      - keep-alive
      ParameterSetName:
      - --resource-group --name --location --dns-name-prefix --node-count --ssh-key-value
        --load-balancer-sku --enable-private-cluster
      User-Agent:
      - AZURECLI/2.35.0 azsdk-python-azure-mgmt-containerservice/18.0.0 Python/3.8.10
        (Linux-5.13.0-1021-azure-x86_64-with-glibc2.29)
    method: GET
    uri: https://management.azure.com/subscriptions/00000000-0000-0000-0000-000000000000/providers/Microsoft.ContainerService/locations/westus2/operations/abdfeb95-c288-4904-9a9f-99392be24496?api-version=2016-03-30
  response:
    body:
      string: "{\n  \"name\": \"95ebdfab-88c2-0449-9a9f-99392be24496\",\n  \"status\":
        \"InProgress\",\n  \"startTime\": \"2022-04-12T10:15:36.26Z\"\n }"
    headers:
      cache-control:
      - no-cache
      content-length:
      - '121'
      content-type:
      - application/json
      date:
      - Tue, 12 Apr 2022 10:19:36 GMT
      expires:
      - '-1'
      pragma:
      - no-cache
      server:
      - nginx
      strict-transport-security:
      - max-age=31536000; includeSubDomains
      transfer-encoding:
      - chunked
      vary:
      - Accept-Encoding
      x-content-type-options:
      - nosniff
    status:
      code: 200
      message: OK
- request:
    body: null
    headers:
      Accept:
      - '*/*'
      Accept-Encoding:
      - gzip, deflate
      CommandName:
      - aks create
      Connection:
      - keep-alive
      ParameterSetName:
      - --resource-group --name --location --dns-name-prefix --node-count --ssh-key-value
        --load-balancer-sku --enable-private-cluster
      User-Agent:
      - AZURECLI/2.35.0 azsdk-python-azure-mgmt-containerservice/18.0.0 Python/3.8.10
        (Linux-5.13.0-1021-azure-x86_64-with-glibc2.29)
    method: GET
    uri: https://management.azure.com/subscriptions/00000000-0000-0000-0000-000000000000/providers/Microsoft.ContainerService/locations/westus2/operations/abdfeb95-c288-4904-9a9f-99392be24496?api-version=2016-03-30
  response:
    body:
      string: "{\n  \"name\": \"95ebdfab-88c2-0449-9a9f-99392be24496\",\n  \"status\":
        \"InProgress\",\n  \"startTime\": \"2022-04-12T10:15:36.26Z\"\n }"
    headers:
      cache-control:
      - no-cache
      content-length:
      - '121'
      content-type:
      - application/json
      date:
      - Tue, 12 Apr 2022 10:20:07 GMT
      expires:
      - '-1'
      pragma:
      - no-cache
      server:
      - nginx
      strict-transport-security:
      - max-age=31536000; includeSubDomains
      transfer-encoding:
      - chunked
      vary:
      - Accept-Encoding
      x-content-type-options:
      - nosniff
    status:
      code: 200
      message: OK
- request:
    body: null
    headers:
      Accept:
      - '*/*'
      Accept-Encoding:
      - gzip, deflate
      CommandName:
      - aks create
      Connection:
      - keep-alive
      ParameterSetName:
      - --resource-group --name --location --dns-name-prefix --node-count --ssh-key-value
        --load-balancer-sku --enable-private-cluster
      User-Agent:
      - AZURECLI/2.35.0 azsdk-python-azure-mgmt-containerservice/18.0.0 Python/3.8.10
        (Linux-5.13.0-1021-azure-x86_64-with-glibc2.29)
    method: GET
    uri: https://management.azure.com/subscriptions/00000000-0000-0000-0000-000000000000/providers/Microsoft.ContainerService/locations/westus2/operations/abdfeb95-c288-4904-9a9f-99392be24496?api-version=2016-03-30
  response:
    body:
      string: "{\n  \"name\": \"95ebdfab-88c2-0449-9a9f-99392be24496\",\n  \"status\":
        \"InProgress\",\n  \"startTime\": \"2022-04-12T10:15:36.26Z\"\n }"
    headers:
      cache-control:
      - no-cache
      content-length:
      - '121'
      content-type:
      - application/json
      date:
      - Tue, 12 Apr 2022 10:20:36 GMT
      expires:
      - '-1'
      pragma:
      - no-cache
      server:
      - nginx
      strict-transport-security:
      - max-age=31536000; includeSubDomains
      transfer-encoding:
      - chunked
      vary:
      - Accept-Encoding
      x-content-type-options:
      - nosniff
    status:
      code: 200
      message: OK
- request:
    body: null
    headers:
      Accept:
      - '*/*'
      Accept-Encoding:
      - gzip, deflate
      CommandName:
      - aks create
      Connection:
      - keep-alive
      ParameterSetName:
      - --resource-group --name --location --dns-name-prefix --node-count --ssh-key-value
        --load-balancer-sku --enable-private-cluster
      User-Agent:
      - AZURECLI/2.35.0 azsdk-python-azure-mgmt-containerservice/18.0.0 Python/3.8.10
        (Linux-5.13.0-1021-azure-x86_64-with-glibc2.29)
    method: GET
    uri: https://management.azure.com/subscriptions/00000000-0000-0000-0000-000000000000/providers/Microsoft.ContainerService/locations/westus2/operations/abdfeb95-c288-4904-9a9f-99392be24496?api-version=2016-03-30
  response:
    body:
      string: "{\n  \"name\": \"95ebdfab-88c2-0449-9a9f-99392be24496\",\n  \"status\":
        \"InProgress\",\n  \"startTime\": \"2022-04-12T10:15:36.26Z\"\n }"
    headers:
      cache-control:
      - no-cache
      content-length:
      - '121'
      content-type:
      - application/json
      date:
      - Tue, 12 Apr 2022 10:21:06 GMT
      expires:
      - '-1'
      pragma:
      - no-cache
      server:
      - nginx
      strict-transport-security:
      - max-age=31536000; includeSubDomains
      transfer-encoding:
      - chunked
      vary:
      - Accept-Encoding
      x-content-type-options:
      - nosniff
    status:
      code: 200
      message: OK
- request:
    body: null
    headers:
      Accept:
      - '*/*'
      Accept-Encoding:
      - gzip, deflate
      CommandName:
      - aks create
      Connection:
      - keep-alive
      ParameterSetName:
      - --resource-group --name --location --dns-name-prefix --node-count --ssh-key-value
        --load-balancer-sku --enable-private-cluster
      User-Agent:
      - AZURECLI/2.35.0 azsdk-python-azure-mgmt-containerservice/18.0.0 Python/3.8.10
        (Linux-5.13.0-1021-azure-x86_64-with-glibc2.29)
    method: GET
    uri: https://management.azure.com/subscriptions/00000000-0000-0000-0000-000000000000/providers/Microsoft.ContainerService/locations/westus2/operations/abdfeb95-c288-4904-9a9f-99392be24496?api-version=2016-03-30
  response:
    body:
      string: "{\n  \"name\": \"95ebdfab-88c2-0449-9a9f-99392be24496\",\n  \"status\":
        \"InProgress\",\n  \"startTime\": \"2022-04-12T10:15:36.26Z\"\n }"
    headers:
      cache-control:
      - no-cache
      content-length:
      - '121'
      content-type:
      - application/json
      date:
      - Tue, 12 Apr 2022 10:21:37 GMT
      expires:
      - '-1'
      pragma:
      - no-cache
      server:
      - nginx
      strict-transport-security:
      - max-age=31536000; includeSubDomains
      transfer-encoding:
      - chunked
      vary:
      - Accept-Encoding
      x-content-type-options:
      - nosniff
    status:
      code: 200
      message: OK
- request:
    body: null
    headers:
      Accept:
      - '*/*'
      Accept-Encoding:
      - gzip, deflate
      CommandName:
      - aks create
      Connection:
      - keep-alive
      ParameterSetName:
      - --resource-group --name --location --dns-name-prefix --node-count --ssh-key-value
        --load-balancer-sku --enable-private-cluster
      User-Agent:
      - AZURECLI/2.35.0 azsdk-python-azure-mgmt-containerservice/18.0.0 Python/3.8.10
        (Linux-5.13.0-1021-azure-x86_64-with-glibc2.29)
    method: GET
    uri: https://management.azure.com/subscriptions/00000000-0000-0000-0000-000000000000/providers/Microsoft.ContainerService/locations/westus2/operations/abdfeb95-c288-4904-9a9f-99392be24496?api-version=2016-03-30
  response:
    body:
      string: "{\n  \"name\": \"95ebdfab-88c2-0449-9a9f-99392be24496\",\n  \"status\":
        \"InProgress\",\n  \"startTime\": \"2022-04-12T10:15:36.26Z\"\n }"
    headers:
      cache-control:
      - no-cache
      content-length:
      - '121'
      content-type:
      - application/json
      date:
      - Tue, 12 Apr 2022 10:22:07 GMT
      expires:
      - '-1'
      pragma:
      - no-cache
      server:
      - nginx
      strict-transport-security:
      - max-age=31536000; includeSubDomains
      transfer-encoding:
      - chunked
      vary:
      - Accept-Encoding
      x-content-type-options:
      - nosniff
    status:
      code: 200
      message: OK
- request:
    body: null
    headers:
      Accept:
      - '*/*'
      Accept-Encoding:
      - gzip, deflate
      CommandName:
      - aks create
      Connection:
      - keep-alive
      ParameterSetName:
      - --resource-group --name --location --dns-name-prefix --node-count --ssh-key-value
        --load-balancer-sku --enable-private-cluster
      User-Agent:
      - AZURECLI/2.35.0 azsdk-python-azure-mgmt-containerservice/18.0.0 Python/3.8.10
        (Linux-5.13.0-1021-azure-x86_64-with-glibc2.29)
    method: GET
    uri: https://management.azure.com/subscriptions/00000000-0000-0000-0000-000000000000/providers/Microsoft.ContainerService/locations/westus2/operations/abdfeb95-c288-4904-9a9f-99392be24496?api-version=2016-03-30
  response:
    body:
      string: "{\n  \"name\": \"95ebdfab-88c2-0449-9a9f-99392be24496\",\n  \"status\":
        \"InProgress\",\n  \"startTime\": \"2022-04-12T10:15:36.26Z\"\n }"
    headers:
      cache-control:
      - no-cache
      content-length:
      - '121'
      content-type:
      - application/json
      date:
      - Tue, 12 Apr 2022 10:22:36 GMT
      expires:
      - '-1'
      pragma:
      - no-cache
      server:
      - nginx
      strict-transport-security:
      - max-age=31536000; includeSubDomains
      transfer-encoding:
      - chunked
      vary:
      - Accept-Encoding
      x-content-type-options:
      - nosniff
    status:
      code: 200
      message: OK
- request:
    body: null
    headers:
      Accept:
      - '*/*'
      Accept-Encoding:
      - gzip, deflate
      CommandName:
      - aks create
      Connection:
      - keep-alive
      ParameterSetName:
      - --resource-group --name --location --dns-name-prefix --node-count --ssh-key-value
        --load-balancer-sku --enable-private-cluster
      User-Agent:
      - AZURECLI/2.35.0 azsdk-python-azure-mgmt-containerservice/18.0.0 Python/3.8.10
        (Linux-5.13.0-1021-azure-x86_64-with-glibc2.29)
    method: GET
    uri: https://management.azure.com/subscriptions/00000000-0000-0000-0000-000000000000/providers/Microsoft.ContainerService/locations/westus2/operations/abdfeb95-c288-4904-9a9f-99392be24496?api-version=2016-03-30
  response:
    body:
      string: "{\n  \"name\": \"95ebdfab-88c2-0449-9a9f-99392be24496\",\n  \"status\":
        \"InProgress\",\n  \"startTime\": \"2022-04-12T10:15:36.26Z\"\n }"
    headers:
      cache-control:
      - no-cache
      content-length:
      - '121'
      content-type:
      - application/json
      date:
      - Tue, 12 Apr 2022 10:23:07 GMT
      expires:
      - '-1'
      pragma:
      - no-cache
      server:
      - nginx
      strict-transport-security:
      - max-age=31536000; includeSubDomains
      transfer-encoding:
      - chunked
      vary:
      - Accept-Encoding
      x-content-type-options:
      - nosniff
    status:
      code: 200
      message: OK
- request:
    body: null
    headers:
      Accept:
      - '*/*'
      Accept-Encoding:
      - gzip, deflate
      CommandName:
      - aks create
      Connection:
      - keep-alive
      ParameterSetName:
      - --resource-group --name --location --dns-name-prefix --node-count --ssh-key-value
        --load-balancer-sku --enable-private-cluster
      User-Agent:
      - AZURECLI/2.35.0 azsdk-python-azure-mgmt-containerservice/18.0.0 Python/3.8.10
        (Linux-5.13.0-1021-azure-x86_64-with-glibc2.29)
    method: GET
    uri: https://management.azure.com/subscriptions/00000000-0000-0000-0000-000000000000/providers/Microsoft.ContainerService/locations/westus2/operations/abdfeb95-c288-4904-9a9f-99392be24496?api-version=2016-03-30
  response:
    body:
      string: "{\n  \"name\": \"95ebdfab-88c2-0449-9a9f-99392be24496\",\n  \"status\":
        \"Succeeded\",\n  \"startTime\": \"2022-04-12T10:15:36.26Z\",\n  \"endTime\":
        \"2022-04-12T10:23:19.8842352Z\"\n }"
    headers:
      cache-control:
      - no-cache
      content-length:
      - '165'
      content-type:
      - application/json
      date:
      - Tue, 12 Apr 2022 10:23:37 GMT
      expires:
      - '-1'
      pragma:
      - no-cache
      server:
      - nginx
      strict-transport-security:
      - max-age=31536000; includeSubDomains
      transfer-encoding:
      - chunked
      vary:
      - Accept-Encoding
      x-content-type-options:
      - nosniff
    status:
      code: 200
      message: OK
- request:
    body: null
    headers:
      Accept:
      - '*/*'
      Accept-Encoding:
      - gzip, deflate
      CommandName:
      - aks create
      Connection:
      - keep-alive
      ParameterSetName:
      - --resource-group --name --location --dns-name-prefix --node-count --ssh-key-value
        --load-balancer-sku --enable-private-cluster
      User-Agent:
      - AZURECLI/2.35.0 azsdk-python-azure-mgmt-containerservice/18.0.0 Python/3.8.10
        (Linux-5.13.0-1021-azure-x86_64-with-glibc2.29)
    method: GET
    uri: https://management.azure.com/subscriptions/00000000-0000-0000-0000-000000000000/resourceGroups/clitest000001/providers/Microsoft.ContainerService/managedClusters/cliakstest000002?api-version=2022-02-01
  response:
    body:
      string: "{\n  \"id\": \"/subscriptions/00000000-0000-0000-0000-000000000000/resourcegroups/clitest000001/providers/Microsoft.ContainerService/managedClusters/cliakstest000002\",\n
        \ \"location\": \"westus2\",\n  \"name\": \"cliakstest000002\",\n  \"type\":
        \"Microsoft.ContainerService/ManagedClusters\",\n  \"properties\": {\n   \"provisioningState\":
        \"Succeeded\",\n   \"powerState\": {\n    \"code\": \"Running\"\n   },\n   \"kubernetesVersion\":
        \"1.21.9\",\n   \"dnsPrefix\": \"cliaksdns000003\",\n   \"fqdn\": \"cliaksdns000003-a01e3d21.hcp.westus2.azmk8s.io\",\n
        \  \"azurePortalFQDN\": \"66a0973b00e9e50330fdd55becc48d1d-priv.portal.hcp.westus2.azmk8s.io\",\n
        \  \"privateFQDN\": \"cliaksdns000003-0ef7460c.8cf5abfa-8c1e-4630-8c96-c9b92a040922.privatelink.westus2.azmk8s.io\",\n
        \  \"agentPoolProfiles\": [\n    {\n     \"name\": \"nodepool1\",\n     \"count\":
        1,\n     \"vmSize\": \"Standard_DS2_v2\",\n     \"osDiskSizeGB\": 128,\n     \"osDiskType\":
        \"Managed\",\n     \"kubeletDiskType\": \"OS\",\n     \"maxPods\": 110,\n
        \    \"type\": \"VirtualMachineScaleSets\",\n     \"enableAutoScaling\": false,\n
        \    \"provisioningState\": \"Succeeded\",\n     \"powerState\": {\n      \"code\":
        \"Running\"\n     },\n     \"orchestratorVersion\": \"1.21.9\",\n     \"enableNodePublicIP\":
        false,\n     \"mode\": \"System\",\n     \"enableEncryptionAtHost\": false,\n
        \    \"enableUltraSSD\": false,\n     \"osType\": \"Linux\",\n     \"osSKU\":
        \"Ubuntu\",\n     \"nodeImageVersion\": \"AKSUbuntu-1804gen2containerd-2022.03.29\",\n
        \    \"enableFIPS\": false\n    }\n   ],\n   \"linuxProfile\": {\n    \"adminUsername\":
        \"azureuser\",\n    \"ssh\": {\n     \"publicKeys\": [\n      {\n       \"keyData\":
        \"ssh-rsa AAAAB3NzaC1yc2EAAAADAQABAAABAQC1JKFPTxdqcS4oQd024c4kvfOGX5J00/ZlBK72gyCm3EXuRd88CRupI3ii3Xi1YYZyH6sIreBxv4dksukzv89E4vidnFBp5J//JnsLKdFxEuDk+ULk8ekAte/mBhEzFLRcriaLNmgpgUW4PYPiz6MnOKveBlUcszkpMCvNUpVWieRGO0k9td5hVF8zdtTWEMKAUtiWNo3wtAdPIAFQQejiBZoL7GZWRt2yXIpNvM2IoOAtpP5TksArYYW4XDtgRHLAHTJA3HNJj/2Sq8ConH1WI8dynHTXnsO/uoH9G7vPDQnW8BgSeU1+9hd8OzArvVZ/tIVbYN4MJjBFiVJzwZdr
        azcli_aks_live_test@example.com\\n\"\n      }\n     ]\n    }\n   },\n   \"servicePrincipalProfile\":
        {\n    \"clientId\":\"00000000-0000-0000-0000-000000000001\"\n   },\n   \"nodeResourceGroup\":
        \"MC_clitest000001_cliakstest000002_westus2\",\n   \"enableRBAC\": true,\n
        \  \"networkProfile\": {\n    \"networkPlugin\": \"kubenet\",\n    \"loadBalancerSku\":
        \"Standard\",\n    \"loadBalancerProfile\": {\n     \"managedOutboundIPs\":
        {\n      \"count\": 1\n     },\n     \"effectiveOutboundIPs\": [\n      {\n
        \      \"id\": \"/subscriptions/00000000-0000-0000-0000-000000000000/resourceGroups/MC_clitest000001_cliakstest000002_westus2/providers/Microsoft.Network/publicIPAddresses/d8217749-18bd-4e27-879c-6156b620a589\"\n
        \     }\n     ]\n    },\n    \"podCidr\": \"10.244.0.0/16\",\n    \"serviceCidr\":
        \"10.0.0.0/16\",\n    \"dnsServiceIP\": \"10.0.0.10\",\n    \"dockerBridgeCidr\":
        \"172.17.0.1/16\",\n    \"outboundType\": \"loadBalancer\",\n    \"podCidrs\":
        [\n     \"10.244.0.0/16\"\n    ],\n    \"serviceCidrs\": [\n     \"10.0.0.0/16\"\n
        \   ],\n    \"ipFamilies\": [\n     \"IPv4\"\n    ]\n   },\n   \"maxAgentPools\":
        100,\n   \"privateLinkResources\": [\n    {\n     \"id\": \"/subscriptions/00000000-0000-0000-0000-000000000000/resourcegroups/clitest000001/providers/Microsoft.ContainerService/managedClusters/cliakstest000002/privateLinkResources/management\",\n
        \    \"name\": \"management\",\n     \"type\": \"Microsoft.ContainerService/managedClusters/privateLinkResources\",\n
        \    \"groupId\": \"management\",\n     \"requiredMembers\": [\n      \"management\"\n
        \    ]\n    }\n   ],\n   \"apiServerAccessProfile\": {\n    \"enablePrivateCluster\":
        true,\n    \"privateDNSZone\": \"system\",\n    \"enablePrivateClusterPublicFQDN\":
        true,\n    \"privateClusterVersion\": \"v1\"\n   },\n   \"identityProfile\":
        {\n    \"kubeletidentity\": {\n     \"resourceId\": \"/subscriptions/00000000-0000-0000-0000-000000000000/resourcegroups/MC_clitest000001_cliakstest000002_westus2/providers/Microsoft.ManagedIdentity/userAssignedIdentities/cliakstest000002-agentpool\",\n
        \    \"clientId\":\"00000000-0000-0000-0000-000000000001\",\n     \"objectId\":\"00000000-0000-0000-0000-000000000001\"\n
        \   }\n   },\n   \"disableLocalAccounts\": false,\n   \"securityProfile\":
        {}\n  },\n  \"identity\": {\n   \"type\": \"SystemAssigned\",\n   \"principalId\":\"00000000-0000-0000-0000-000000000001\",\n
        \  \"tenantId\": \"72f988bf-86f1-41af-91ab-2d7cd011db47\"\n  },\n  \"sku\":
        {\n   \"name\": \"Basic\",\n   \"tier\": \"Free\"\n  }\n }"
    headers:
      cache-control:
      - no-cache
      content-length:
      - '4215'
      content-type:
      - application/json
      date:
      - Tue, 12 Apr 2022 10:23:37 GMT
      expires:
      - '-1'
      pragma:
      - no-cache
      server:
      - nginx
      strict-transport-security:
      - max-age=31536000; includeSubDomains
      transfer-encoding:
      - chunked
      vary:
      - Accept-Encoding
      x-content-type-options:
      - nosniff
    status:
      code: 200
      message: OK
- request:
    body: null
    headers:
      Accept:
      - application/json
      Accept-Encoding:
      - gzip, deflate
      CommandName:
      - aks update
      Connection:
      - keep-alive
      ParameterSetName:
      - -g -n --api-server-authorized-ip-ranges
      User-Agent:
      - AZURECLI/2.35.0 azsdk-python-azure-mgmt-containerservice/18.0.0 Python/3.8.10
        (Linux-5.13.0-1021-azure-x86_64-with-glibc2.29)
    method: GET
    uri: https://management.azure.com/subscriptions/00000000-0000-0000-0000-000000000000/resourceGroups/clitest000001/providers/Microsoft.ContainerService/managedClusters/cliakstest000002?api-version=2022-02-01
  response:
    body:
      string: "{\n  \"id\": \"/subscriptions/00000000-0000-0000-0000-000000000000/resourcegroups/clitest000001/providers/Microsoft.ContainerService/managedClusters/cliakstest000002\",\n
        \ \"location\": \"westus2\",\n  \"name\": \"cliakstest000002\",\n  \"type\":
        \"Microsoft.ContainerService/ManagedClusters\",\n  \"properties\": {\n   \"provisioningState\":
        \"Succeeded\",\n   \"powerState\": {\n    \"code\": \"Running\"\n   },\n   \"kubernetesVersion\":
        \"1.21.9\",\n   \"dnsPrefix\": \"cliaksdns000003\",\n   \"fqdn\": \"cliaksdns000003-a01e3d21.hcp.westus2.azmk8s.io\",\n
        \  \"azurePortalFQDN\": \"66a0973b00e9e50330fdd55becc48d1d-priv.portal.hcp.westus2.azmk8s.io\",\n
        \  \"privateFQDN\": \"cliaksdns000003-0ef7460c.8cf5abfa-8c1e-4630-8c96-c9b92a040922.privatelink.westus2.azmk8s.io\",\n
        \  \"agentPoolProfiles\": [\n    {\n     \"name\": \"nodepool1\",\n     \"count\":
        1,\n     \"vmSize\": \"Standard_DS2_v2\",\n     \"osDiskSizeGB\": 128,\n     \"osDiskType\":
        \"Managed\",\n     \"kubeletDiskType\": \"OS\",\n     \"maxPods\": 110,\n
        \    \"type\": \"VirtualMachineScaleSets\",\n     \"enableAutoScaling\": false,\n
        \    \"provisioningState\": \"Succeeded\",\n     \"powerState\": {\n      \"code\":
        \"Running\"\n     },\n     \"orchestratorVersion\": \"1.21.9\",\n     \"enableNodePublicIP\":
        false,\n     \"mode\": \"System\",\n     \"enableEncryptionAtHost\": false,\n
        \    \"enableUltraSSD\": false,\n     \"osType\": \"Linux\",\n     \"osSKU\":
        \"Ubuntu\",\n     \"nodeImageVersion\": \"AKSUbuntu-1804gen2containerd-2022.03.29\",\n
        \    \"enableFIPS\": false\n    }\n   ],\n   \"linuxProfile\": {\n    \"adminUsername\":
        \"azureuser\",\n    \"ssh\": {\n     \"publicKeys\": [\n      {\n       \"keyData\":
        \"ssh-rsa AAAAB3NzaC1yc2EAAAADAQABAAABAQC1JKFPTxdqcS4oQd024c4kvfOGX5J00/ZlBK72gyCm3EXuRd88CRupI3ii3Xi1YYZyH6sIreBxv4dksukzv89E4vidnFBp5J//JnsLKdFxEuDk+ULk8ekAte/mBhEzFLRcriaLNmgpgUW4PYPiz6MnOKveBlUcszkpMCvNUpVWieRGO0k9td5hVF8zdtTWEMKAUtiWNo3wtAdPIAFQQejiBZoL7GZWRt2yXIpNvM2IoOAtpP5TksArYYW4XDtgRHLAHTJA3HNJj/2Sq8ConH1WI8dynHTXnsO/uoH9G7vPDQnW8BgSeU1+9hd8OzArvVZ/tIVbYN4MJjBFiVJzwZdr
        azcli_aks_live_test@example.com\\n\"\n      }\n     ]\n    }\n   },\n   \"servicePrincipalProfile\":
        {\n    \"clientId\":\"00000000-0000-0000-0000-000000000001\"\n   },\n   \"nodeResourceGroup\":
        \"MC_clitest000001_cliakstest000002_westus2\",\n   \"enableRBAC\": true,\n
        \  \"networkProfile\": {\n    \"networkPlugin\": \"kubenet\",\n    \"loadBalancerSku\":
        \"Standard\",\n    \"loadBalancerProfile\": {\n     \"managedOutboundIPs\":
        {\n      \"count\": 1\n     },\n     \"effectiveOutboundIPs\": [\n      {\n
        \      \"id\": \"/subscriptions/00000000-0000-0000-0000-000000000000/resourceGroups/MC_clitest000001_cliakstest000002_westus2/providers/Microsoft.Network/publicIPAddresses/d8217749-18bd-4e27-879c-6156b620a589\"\n
        \     }\n     ]\n    },\n    \"podCidr\": \"10.244.0.0/16\",\n    \"serviceCidr\":
        \"10.0.0.0/16\",\n    \"dnsServiceIP\": \"10.0.0.10\",\n    \"dockerBridgeCidr\":
        \"172.17.0.1/16\",\n    \"outboundType\": \"loadBalancer\",\n    \"podCidrs\":
        [\n     \"10.244.0.0/16\"\n    ],\n    \"serviceCidrs\": [\n     \"10.0.0.0/16\"\n
        \   ],\n    \"ipFamilies\": [\n     \"IPv4\"\n    ]\n   },\n   \"maxAgentPools\":
        100,\n   \"privateLinkResources\": [\n    {\n     \"id\": \"/subscriptions/00000000-0000-0000-0000-000000000000/resourcegroups/clitest000001/providers/Microsoft.ContainerService/managedClusters/cliakstest000002/privateLinkResources/management\",\n
        \    \"name\": \"management\",\n     \"type\": \"Microsoft.ContainerService/managedClusters/privateLinkResources\",\n
        \    \"groupId\": \"management\",\n     \"requiredMembers\": [\n      \"management\"\n
        \    ]\n    }\n   ],\n   \"apiServerAccessProfile\": {\n    \"enablePrivateCluster\":
        true,\n    \"privateDNSZone\": \"system\",\n    \"enablePrivateClusterPublicFQDN\":
        true,\n    \"privateClusterVersion\": \"v1\"\n   },\n   \"identityProfile\":
        {\n    \"kubeletidentity\": {\n     \"resourceId\": \"/subscriptions/00000000-0000-0000-0000-000000000000/resourcegroups/MC_clitest000001_cliakstest000002_westus2/providers/Microsoft.ManagedIdentity/userAssignedIdentities/cliakstest000002-agentpool\",\n
        \    \"clientId\":\"00000000-0000-0000-0000-000000000001\",\n     \"objectId\":\"00000000-0000-0000-0000-000000000001\"\n
        \   }\n   },\n   \"disableLocalAccounts\": false,\n   \"securityProfile\":
        {}\n  },\n  \"identity\": {\n   \"type\": \"SystemAssigned\",\n   \"principalId\":\"00000000-0000-0000-0000-000000000001\",\n
        \  \"tenantId\": \"72f988bf-86f1-41af-91ab-2d7cd011db47\"\n  },\n  \"sku\":
        {\n   \"name\": \"Basic\",\n   \"tier\": \"Free\"\n  }\n }"
    headers:
      cache-control:
      - no-cache
      content-length:
      - '4215'
      content-type:
      - application/json
      date:
      - Tue, 12 Apr 2022 10:23:38 GMT
      expires:
      - '-1'
      pragma:
      - no-cache
      server:
      - nginx
      strict-transport-security:
      - max-age=31536000; includeSubDomains
      transfer-encoding:
      - chunked
      vary:
      - Accept-Encoding
      x-content-type-options:
      - nosniff
    status:
      code: 200
      message: OK
- request:
    body: null
    headers:
      Accept:
      - application/json
      Accept-Encoding:
      - gzip, deflate
      CommandName:
      - aks scale
      Connection:
      - keep-alive
      ParameterSetName:
      - -g -n --node-count
      User-Agent:
      - AZURECLI/2.35.0 azsdk-python-azure-mgmt-containerservice/18.0.0 Python/3.8.10
        (Linux-5.13.0-1021-azure-x86_64-with-glibc2.29)
    method: GET
    uri: https://management.azure.com/subscriptions/00000000-0000-0000-0000-000000000000/resourceGroups/clitest000001/providers/Microsoft.ContainerService/managedClusters/cliakstest000002?api-version=2022-02-01
  response:
    body:
      string: "{\n  \"id\": \"/subscriptions/00000000-0000-0000-0000-000000000000/resourcegroups/clitest000001/providers/Microsoft.ContainerService/managedClusters/cliakstest000002\",\n
        \ \"location\": \"westus2\",\n  \"name\": \"cliakstest000002\",\n  \"type\":
        \"Microsoft.ContainerService/ManagedClusters\",\n  \"properties\": {\n   \"provisioningState\":
        \"Succeeded\",\n   \"powerState\": {\n    \"code\": \"Running\"\n   },\n   \"kubernetesVersion\":
        \"1.21.9\",\n   \"dnsPrefix\": \"cliaksdns000003\",\n   \"fqdn\": \"cliaksdns000003-a01e3d21.hcp.westus2.azmk8s.io\",\n
        \  \"azurePortalFQDN\": \"66a0973b00e9e50330fdd55becc48d1d-priv.portal.hcp.westus2.azmk8s.io\",\n
        \  \"privateFQDN\": \"cliaksdns000003-0ef7460c.8cf5abfa-8c1e-4630-8c96-c9b92a040922.privatelink.westus2.azmk8s.io\",\n
        \  \"agentPoolProfiles\": [\n    {\n     \"name\": \"nodepool1\",\n     \"count\":
        1,\n     \"vmSize\": \"Standard_DS2_v2\",\n     \"osDiskSizeGB\": 128,\n     \"osDiskType\":
        \"Managed\",\n     \"kubeletDiskType\": \"OS\",\n     \"maxPods\": 110,\n
        \    \"type\": \"VirtualMachineScaleSets\",\n     \"enableAutoScaling\": false,\n
        \    \"provisioningState\": \"Succeeded\",\n     \"powerState\": {\n      \"code\":
        \"Running\"\n     },\n     \"orchestratorVersion\": \"1.21.9\",\n     \"enableNodePublicIP\":
        false,\n     \"mode\": \"System\",\n     \"enableEncryptionAtHost\": false,\n
        \    \"enableUltraSSD\": false,\n     \"osType\": \"Linux\",\n     \"osSKU\":
        \"Ubuntu\",\n     \"nodeImageVersion\": \"AKSUbuntu-1804gen2containerd-2022.03.29\",\n
        \    \"enableFIPS\": false\n    }\n   ],\n   \"linuxProfile\": {\n    \"adminUsername\":
        \"azureuser\",\n    \"ssh\": {\n     \"publicKeys\": [\n      {\n       \"keyData\":
        \"ssh-rsa AAAAB3NzaC1yc2EAAAADAQABAAABAQC1JKFPTxdqcS4oQd024c4kvfOGX5J00/ZlBK72gyCm3EXuRd88CRupI3ii3Xi1YYZyH6sIreBxv4dksukzv89E4vidnFBp5J//JnsLKdFxEuDk+ULk8ekAte/mBhEzFLRcriaLNmgpgUW4PYPiz6MnOKveBlUcszkpMCvNUpVWieRGO0k9td5hVF8zdtTWEMKAUtiWNo3wtAdPIAFQQejiBZoL7GZWRt2yXIpNvM2IoOAtpP5TksArYYW4XDtgRHLAHTJA3HNJj/2Sq8ConH1WI8dynHTXnsO/uoH9G7vPDQnW8BgSeU1+9hd8OzArvVZ/tIVbYN4MJjBFiVJzwZdr
        azcli_aks_live_test@example.com\\n\"\n      }\n     ]\n    }\n   },\n   \"servicePrincipalProfile\":
        {\n    \"clientId\":\"00000000-0000-0000-0000-000000000001\"\n   },\n   \"nodeResourceGroup\":
        \"MC_clitest000001_cliakstest000002_westus2\",\n   \"enableRBAC\": true,\n
        \  \"networkProfile\": {\n    \"networkPlugin\": \"kubenet\",\n    \"loadBalancerSku\":
        \"Standard\",\n    \"loadBalancerProfile\": {\n     \"managedOutboundIPs\":
        {\n      \"count\": 1\n     },\n     \"effectiveOutboundIPs\": [\n      {\n
        \      \"id\": \"/subscriptions/00000000-0000-0000-0000-000000000000/resourceGroups/MC_clitest000001_cliakstest000002_westus2/providers/Microsoft.Network/publicIPAddresses/d8217749-18bd-4e27-879c-6156b620a589\"\n
        \     }\n     ]\n    },\n    \"podCidr\": \"10.244.0.0/16\",\n    \"serviceCidr\":
        \"10.0.0.0/16\",\n    \"dnsServiceIP\": \"10.0.0.10\",\n    \"dockerBridgeCidr\":
        \"172.17.0.1/16\",\n    \"outboundType\": \"loadBalancer\",\n    \"podCidrs\":
        [\n     \"10.244.0.0/16\"\n    ],\n    \"serviceCidrs\": [\n     \"10.0.0.0/16\"\n
        \   ],\n    \"ipFamilies\": [\n     \"IPv4\"\n    ]\n   },\n   \"maxAgentPools\":
        100,\n   \"privateLinkResources\": [\n    {\n     \"id\": \"/subscriptions/00000000-0000-0000-0000-000000000000/resourcegroups/clitest000001/providers/Microsoft.ContainerService/managedClusters/cliakstest000002/privateLinkResources/management\",\n
        \    \"name\": \"management\",\n     \"type\": \"Microsoft.ContainerService/managedClusters/privateLinkResources\",\n
        \    \"groupId\": \"management\",\n     \"requiredMembers\": [\n      \"management\"\n
        \    ]\n    }\n   ],\n   \"apiServerAccessProfile\": {\n    \"enablePrivateCluster\":
        true,\n    \"privateDNSZone\": \"system\",\n    \"enablePrivateClusterPublicFQDN\":
        true,\n    \"privateClusterVersion\": \"v1\"\n   },\n   \"identityProfile\":
        {\n    \"kubeletidentity\": {\n     \"resourceId\": \"/subscriptions/00000000-0000-0000-0000-000000000000/resourcegroups/MC_clitest000001_cliakstest000002_westus2/providers/Microsoft.ManagedIdentity/userAssignedIdentities/cliakstest000002-agentpool\",\n
        \    \"clientId\":\"00000000-0000-0000-0000-000000000001\",\n     \"objectId\":\"00000000-0000-0000-0000-000000000001\"\n
        \   }\n   },\n   \"disableLocalAccounts\": false,\n   \"securityProfile\":
        {}\n  },\n  \"identity\": {\n   \"type\": \"SystemAssigned\",\n   \"principalId\":\"00000000-0000-0000-0000-000000000001\",\n
        \  \"tenantId\": \"72f988bf-86f1-41af-91ab-2d7cd011db47\"\n  },\n  \"sku\":
        {\n   \"name\": \"Basic\",\n   \"tier\": \"Free\"\n  }\n }"
    headers:
      cache-control:
      - no-cache
      content-length:
      - '4215'
      content-type:
      - application/json
      date:
      - Tue, 12 Apr 2022 10:23:39 GMT
      expires:
      - '-1'
      pragma:
      - no-cache
      server:
      - nginx
      strict-transport-security:
      - max-age=31536000; includeSubDomains
      transfer-encoding:
      - chunked
      vary:
      - Accept-Encoding
      x-content-type-options:
      - nosniff
    status:
      code: 200
      message: OK
- request:
    body: '{"location": "westus2", "sku": {"name": "Basic", "tier": "Free"}, "identity":
      {"type": "SystemAssigned"}, "properties": {"kubernetesVersion": "1.21.9", "dnsPrefix":
      "cliaksdns000003", "agentPoolProfiles": [{"count": 3, "vmSize": "Standard_DS2_v2",
      "osDiskSizeGB": 128, "osDiskType": "Managed", "kubeletDiskType": "OS", "maxPods":
      110, "osType": "Linux", "osSKU": "Ubuntu", "enableAutoScaling": false, "type":
      "VirtualMachineScaleSets", "mode": "System", "orchestratorVersion": "1.21.9",
      "powerState": {"code": "Running"}, "enableNodePublicIP": false, "enableEncryptionAtHost":
      false, "enableUltraSSD": false, "enableFIPS": false, "name": "nodepool1"}],
      "linuxProfile": {"adminUsername": "azureuser", "ssh": {"publicKeys": [{"keyData":
      "ssh-rsa AAAAB3NzaC1yc2EAAAADAQABAAABAQC1JKFPTxdqcS4oQd024c4kvfOGX5J00/ZlBK72gyCm3EXuRd88CRupI3ii3Xi1YYZyH6sIreBxv4dksukzv89E4vidnFBp5J//JnsLKdFxEuDk+ULk8ekAte/mBhEzFLRcriaLNmgpgUW4PYPiz6MnOKveBlUcszkpMCvNUpVWieRGO0k9td5hVF8zdtTWEMKAUtiWNo3wtAdPIAFQQejiBZoL7GZWRt2yXIpNvM2IoOAtpP5TksArYYW4XDtgRHLAHTJA3HNJj/2Sq8ConH1WI8dynHTXnsO/uoH9G7vPDQnW8BgSeU1+9hd8OzArvVZ/tIVbYN4MJjBFiVJzwZdr
      azcli_aks_live_test@example.com\n"}]}}, "nodeResourceGroup": "MC_clitest000001_cliakstest000002_westus2",
      "enableRBAC": true, "networkProfile": {"networkPlugin": "kubenet", "podCidr":
      "10.244.0.0/16", "serviceCidr": "10.0.0.0/16", "dnsServiceIP": "10.0.0.10",
      "dockerBridgeCidr": "172.17.0.1/16", "outboundType": "loadBalancer", "loadBalancerSku":
      "Standard", "loadBalancerProfile": {"managedOutboundIPs": {"count": 1}, "effectiveOutboundIPs":
      [{"id": "/subscriptions/00000000-0000-0000-0000-000000000000/resourceGroups/MC_clitest000001_cliakstest000002_westus2/providers/Microsoft.Network/publicIPAddresses/d8217749-18bd-4e27-879c-6156b620a589"}]},
      "podCidrs": ["10.244.0.0/16"], "serviceCidrs": ["10.0.0.0/16"], "ipFamilies":
      ["IPv4"]}, "apiServerAccessProfile": {"enablePrivateCluster": true, "privateDNSZone":
      "system", "enablePrivateClusterPublicFQDN": true}, "identityProfile": {"kubeletidentity":
      {"resourceId": "/subscriptions/00000000-0000-0000-0000-000000000000/resourcegroups/MC_clitest000001_cliakstest000002_westus2/providers/Microsoft.ManagedIdentity/userAssignedIdentities/cliakstest000002-agentpool",
      "clientId":"00000000-0000-0000-0000-000000000001", "objectId":"00000000-0000-0000-0000-000000000001"}},
      "privateLinkResources": [{"id": "/subscriptions/00000000-0000-0000-0000-000000000000/resourcegroups/clitest000001/providers/Microsoft.ContainerService/managedClusters/cliakstest000002/privateLinkResources/management",
      "name": "management", "type": "Microsoft.ContainerService/managedClusters/privateLinkResources",
      "groupId": "management", "requiredMembers": ["management"]}], "disableLocalAccounts":
      false, "securityProfile": {}}}'
    headers:
      Accept:
      - application/json
      Accept-Encoding:
      - gzip, deflate
      CommandName:
      - aks scale
      Connection:
      - keep-alive
      Content-Length:
      - '2769'
      Content-Type:
      - application/json
      ParameterSetName:
      - -g -n --node-count
      User-Agent:
      - AZURECLI/2.35.0 azsdk-python-azure-mgmt-containerservice/18.0.0 Python/3.8.10
        (Linux-5.13.0-1021-azure-x86_64-with-glibc2.29)
    method: PUT
    uri: https://management.azure.com/subscriptions/00000000-0000-0000-0000-000000000000/resourceGroups/clitest000001/providers/Microsoft.ContainerService/managedClusters/cliakstest000002?api-version=2022-02-01
  response:
    body:
      string: "{\n  \"id\": \"/subscriptions/00000000-0000-0000-0000-000000000000/resourcegroups/clitest000001/providers/Microsoft.ContainerService/managedClusters/cliakstest000002\",\n
        \ \"location\": \"westus2\",\n  \"name\": \"cliakstest000002\",\n  \"type\":
        \"Microsoft.ContainerService/ManagedClusters\",\n  \"properties\": {\n   \"provisioningState\":
        \"Updating\",\n   \"powerState\": {\n    \"code\": \"Running\"\n   },\n   \"kubernetesVersion\":
        \"1.21.9\",\n   \"dnsPrefix\": \"cliaksdns000003\",\n   \"fqdn\": \"cliaksdns000003-a01e3d21.hcp.westus2.azmk8s.io\",\n
        \  \"azurePortalFQDN\": \"66a0973b00e9e50330fdd55becc48d1d-priv.portal.hcp.westus2.azmk8s.io\",\n
        \  \"privateFQDN\": \"cliaksdns000003-0ef7460c.8cf5abfa-8c1e-4630-8c96-c9b92a040922.privatelink.westus2.azmk8s.io\",\n
        \  \"agentPoolProfiles\": [\n    {\n     \"name\": \"nodepool1\",\n     \"count\":
        3,\n     \"vmSize\": \"Standard_DS2_v2\",\n     \"osDiskSizeGB\": 128,\n     \"osDiskType\":
        \"Managed\",\n     \"kubeletDiskType\": \"OS\",\n     \"maxPods\": 110,\n
        \    \"type\": \"VirtualMachineScaleSets\",\n     \"enableAutoScaling\": false,\n
        \    \"provisioningState\": \"Updating\",\n     \"powerState\": {\n      \"code\":
        \"Running\"\n     },\n     \"orchestratorVersion\": \"1.21.9\",\n     \"enableNodePublicIP\":
        false,\n     \"mode\": \"System\",\n     \"enableEncryptionAtHost\": false,\n
        \    \"enableUltraSSD\": false,\n     \"osType\": \"Linux\",\n     \"osSKU\":
        \"Ubuntu\",\n     \"nodeImageVersion\": \"AKSUbuntu-1804gen2containerd-2022.03.29\",\n
        \    \"enableFIPS\": false\n    }\n   ],\n   \"linuxProfile\": {\n    \"adminUsername\":
        \"azureuser\",\n    \"ssh\": {\n     \"publicKeys\": [\n      {\n       \"keyData\":
        \"ssh-rsa AAAAB3NzaC1yc2EAAAADAQABAAABAQC1JKFPTxdqcS4oQd024c4kvfOGX5J00/ZlBK72gyCm3EXuRd88CRupI3ii3Xi1YYZyH6sIreBxv4dksukzv89E4vidnFBp5J//JnsLKdFxEuDk+ULk8ekAte/mBhEzFLRcriaLNmgpgUW4PYPiz6MnOKveBlUcszkpMCvNUpVWieRGO0k9td5hVF8zdtTWEMKAUtiWNo3wtAdPIAFQQejiBZoL7GZWRt2yXIpNvM2IoOAtpP5TksArYYW4XDtgRHLAHTJA3HNJj/2Sq8ConH1WI8dynHTXnsO/uoH9G7vPDQnW8BgSeU1+9hd8OzArvVZ/tIVbYN4MJjBFiVJzwZdr
        azcli_aks_live_test@example.com\\n\"\n      }\n     ]\n    }\n   },\n   \"servicePrincipalProfile\":
        {\n    \"clientId\":\"00000000-0000-0000-0000-000000000001\"\n   },\n   \"nodeResourceGroup\":
        \"MC_clitest000001_cliakstest000002_westus2\",\n   \"enableRBAC\": true,\n
        \  \"networkProfile\": {\n    \"networkPlugin\": \"kubenet\",\n    \"loadBalancerSku\":
        \"Standard\",\n    \"loadBalancerProfile\": {\n     \"managedOutboundIPs\":
        {\n      \"count\": 1\n     },\n     \"effectiveOutboundIPs\": [\n      {\n
        \      \"id\": \"/subscriptions/00000000-0000-0000-0000-000000000000/resourceGroups/MC_clitest000001_cliakstest000002_westus2/providers/Microsoft.Network/publicIPAddresses/d8217749-18bd-4e27-879c-6156b620a589\"\n
        \     }\n     ]\n    },\n    \"podCidr\": \"10.244.0.0/16\",\n    \"serviceCidr\":
        \"10.0.0.0/16\",\n    \"dnsServiceIP\": \"10.0.0.10\",\n    \"dockerBridgeCidr\":
        \"172.17.0.1/16\",\n    \"outboundType\": \"loadBalancer\",\n    \"podCidrs\":
        [\n     \"10.244.0.0/16\"\n    ],\n    \"serviceCidrs\": [\n     \"10.0.0.0/16\"\n
        \   ],\n    \"ipFamilies\": [\n     \"IPv4\"\n    ]\n   },\n   \"maxAgentPools\":
        100,\n   \"privateLinkResources\": [\n    {\n     \"name\": \"management\",\n
        \    \"type\": \"Microsoft.ContainerService/managedClusters/privateLinkResources\",\n
        \    \"groupId\": \"management\",\n     \"requiredMembers\": [\n      \"management\"\n
        \    ],\n     \"privateLinkServiceID\": \"/subscriptions/00000000-0000-0000-0000-000000000000/resourceGroups/hcp-underlay-westus2-cx-82/providers/Microsoft.Network/privateLinkServices/a9d54e5420dbe4a0db6ec801050f0dcc\"\n
        \   }\n   ],\n   \"apiServerAccessProfile\": {\n    \"enablePrivateCluster\":
        true,\n    \"privateDNSZone\": \"system\",\n    \"enablePrivateClusterPublicFQDN\":
        true,\n    \"privateClusterVersion\": \"v1\"\n   },\n   \"identityProfile\":
        {\n    \"kubeletidentity\": {\n     \"resourceId\": \"/subscriptions/00000000-0000-0000-0000-000000000000/resourcegroups/MC_clitest000001_cliakstest000002_westus2/providers/Microsoft.ManagedIdentity/userAssignedIdentities/cliakstest000002-agentpool\",\n
        \    \"clientId\":\"00000000-0000-0000-0000-000000000001\",\n     \"objectId\":\"00000000-0000-0000-0000-000000000001\"\n
        \   }\n   },\n   \"disableLocalAccounts\": false,\n   \"securityProfile\":
        {}\n  },\n  \"identity\": {\n   \"type\": \"SystemAssigned\",\n   \"principalId\":\"00000000-0000-0000-0000-000000000001\",\n
        \  \"tenantId\": \"72f988bf-86f1-41af-91ab-2d7cd011db47\"\n  },\n  \"sku\":
        {\n   \"name\": \"Basic\",\n   \"tier\": \"Free\"\n  }\n }"
    headers:
      azure-asyncoperation:
      - https://management.azure.com/subscriptions/00000000-0000-0000-0000-000000000000/providers/Microsoft.ContainerService/locations/westus2/operations/daf5baf0-3261-4d05-a29b-5a71a621f84e?api-version=2016-03-30
      cache-control:
      - no-cache
      content-length:
      - '4223'
      content-type:
      - application/json
      date:
      - Tue, 12 Apr 2022 10:23:42 GMT
      expires:
      - '-1'
      pragma:
      - no-cache
      server:
      - nginx
      strict-transport-security:
      - max-age=31536000; includeSubDomains
      transfer-encoding:
      - chunked
      vary:
      - Accept-Encoding
      x-content-type-options:
      - nosniff
      x-ms-ratelimit-remaining-subscription-writes:
      - '1198'
    status:
      code: 200
      message: OK
- request:
    body: null
    headers:
      Accept:
      - '*/*'
      Accept-Encoding:
      - gzip, deflate
      CommandName:
      - aks scale
      Connection:
      - keep-alive
      ParameterSetName:
      - -g -n --node-count
      User-Agent:
      - AZURECLI/2.35.0 azsdk-python-azure-mgmt-containerservice/18.0.0 Python/3.8.10
        (Linux-5.13.0-1021-azure-x86_64-with-glibc2.29)
    method: GET
    uri: https://management.azure.com/subscriptions/00000000-0000-0000-0000-000000000000/providers/Microsoft.ContainerService/locations/westus2/operations/daf5baf0-3261-4d05-a29b-5a71a621f84e?api-version=2016-03-30
  response:
    body:
      string: "{\n  \"name\": \"f0baf5da-6132-054d-a29b-5a71a621f84e\",\n  \"status\":
        \"InProgress\",\n  \"startTime\": \"2022-04-12T10:23:42.5766666Z\"\n }"
    headers:
      cache-control:
      - no-cache
      content-length:
      - '126'
      content-type:
      - application/json
      date:
      - Tue, 12 Apr 2022 10:24:12 GMT
      expires:
      - '-1'
      pragma:
      - no-cache
      server:
      - nginx
      strict-transport-security:
      - max-age=31536000; includeSubDomains
      transfer-encoding:
      - chunked
      vary:
      - Accept-Encoding
      x-content-type-options:
      - nosniff
    status:
      code: 200
      message: OK
- request:
    body: null
    headers:
      Accept:
      - '*/*'
      Accept-Encoding:
      - gzip, deflate
      CommandName:
      - aks scale
      Connection:
      - keep-alive
      ParameterSetName:
      - -g -n --node-count
      User-Agent:
      - AZURECLI/2.35.0 azsdk-python-azure-mgmt-containerservice/18.0.0 Python/3.8.10
        (Linux-5.13.0-1021-azure-x86_64-with-glibc2.29)
    method: GET
    uri: https://management.azure.com/subscriptions/00000000-0000-0000-0000-000000000000/providers/Microsoft.ContainerService/locations/westus2/operations/daf5baf0-3261-4d05-a29b-5a71a621f84e?api-version=2016-03-30
  response:
    body:
      string: "{\n  \"name\": \"f0baf5da-6132-054d-a29b-5a71a621f84e\",\n  \"status\":
        \"InProgress\",\n  \"startTime\": \"2022-04-12T10:23:42.5766666Z\"\n }"
    headers:
      cache-control:
      - no-cache
      content-length:
      - '126'
      content-type:
      - application/json
      date:
      - Tue, 12 Apr 2022 10:24:42 GMT
      expires:
      - '-1'
      pragma:
      - no-cache
      server:
      - nginx
      strict-transport-security:
      - max-age=31536000; includeSubDomains
      transfer-encoding:
      - chunked
      vary:
      - Accept-Encoding
      x-content-type-options:
      - nosniff
    status:
      code: 200
      message: OK
- request:
    body: null
    headers:
      Accept:
      - '*/*'
      Accept-Encoding:
      - gzip, deflate
      CommandName:
      - aks scale
      Connection:
      - keep-alive
      ParameterSetName:
      - -g -n --node-count
      User-Agent:
      - AZURECLI/2.35.0 azsdk-python-azure-mgmt-containerservice/18.0.0 Python/3.8.10
        (Linux-5.13.0-1021-azure-x86_64-with-glibc2.29)
    method: GET
    uri: https://management.azure.com/subscriptions/00000000-0000-0000-0000-000000000000/providers/Microsoft.ContainerService/locations/westus2/operations/daf5baf0-3261-4d05-a29b-5a71a621f84e?api-version=2016-03-30
  response:
    body:
      string: "{\n  \"name\": \"f0baf5da-6132-054d-a29b-5a71a621f84e\",\n  \"status\":
        \"InProgress\",\n  \"startTime\": \"2022-04-12T10:23:42.5766666Z\"\n }"
    headers:
      cache-control:
      - no-cache
      content-length:
      - '126'
      content-type:
      - application/json
      date:
      - Tue, 12 Apr 2022 10:25:12 GMT
      expires:
      - '-1'
      pragma:
      - no-cache
      server:
      - nginx
      strict-transport-security:
      - max-age=31536000; includeSubDomains
      transfer-encoding:
      - chunked
      vary:
      - Accept-Encoding
      x-content-type-options:
      - nosniff
    status:
      code: 200
      message: OK
- request:
    body: null
    headers:
      Accept:
      - '*/*'
      Accept-Encoding:
      - gzip, deflate
      CommandName:
      - aks scale
      Connection:
      - keep-alive
      ParameterSetName:
      - -g -n --node-count
      User-Agent:
      - AZURECLI/2.35.0 azsdk-python-azure-mgmt-containerservice/18.0.0 Python/3.8.10
        (Linux-5.13.0-1021-azure-x86_64-with-glibc2.29)
    method: GET
    uri: https://management.azure.com/subscriptions/00000000-0000-0000-0000-000000000000/providers/Microsoft.ContainerService/locations/westus2/operations/daf5baf0-3261-4d05-a29b-5a71a621f84e?api-version=2016-03-30
  response:
    body:
      string: "{\n  \"name\": \"f0baf5da-6132-054d-a29b-5a71a621f84e\",\n  \"status\":
        \"InProgress\",\n  \"startTime\": \"2022-04-12T10:23:42.5766666Z\"\n }"
    headers:
      cache-control:
      - no-cache
      content-length:
      - '126'
      content-type:
      - application/json
      date:
      - Tue, 12 Apr 2022 10:25:43 GMT
      expires:
      - '-1'
      pragma:
      - no-cache
      server:
      - nginx
      strict-transport-security:
      - max-age=31536000; includeSubDomains
      transfer-encoding:
      - chunked
      vary:
      - Accept-Encoding
      x-content-type-options:
      - nosniff
    status:
      code: 200
      message: OK
- request:
    body: null
    headers:
      Accept:
      - '*/*'
      Accept-Encoding:
      - gzip, deflate
      CommandName:
      - aks scale
      Connection:
      - keep-alive
      ParameterSetName:
      - -g -n --node-count
      User-Agent:
      - AZURECLI/2.35.0 azsdk-python-azure-mgmt-containerservice/18.0.0 Python/3.8.10
        (Linux-5.13.0-1021-azure-x86_64-with-glibc2.29)
    method: GET
    uri: https://management.azure.com/subscriptions/00000000-0000-0000-0000-000000000000/providers/Microsoft.ContainerService/locations/westus2/operations/daf5baf0-3261-4d05-a29b-5a71a621f84e?api-version=2016-03-30
  response:
    body:
      string: "{\n  \"name\": \"f0baf5da-6132-054d-a29b-5a71a621f84e\",\n  \"status\":
        \"InProgress\",\n  \"startTime\": \"2022-04-12T10:23:42.5766666Z\"\n }"
    headers:
      cache-control:
      - no-cache
      content-length:
      - '126'
      content-type:
      - application/json
      date:
      - Tue, 12 Apr 2022 10:26:13 GMT
      expires:
      - '-1'
      pragma:
      - no-cache
      server:
      - nginx
      strict-transport-security:
      - max-age=31536000; includeSubDomains
      transfer-encoding:
      - chunked
      vary:
      - Accept-Encoding
      x-content-type-options:
      - nosniff
    status:
      code: 200
      message: OK
- request:
    body: null
    headers:
      Accept:
      - '*/*'
      Accept-Encoding:
      - gzip, deflate
      CommandName:
      - aks scale
      Connection:
      - keep-alive
      ParameterSetName:
      - -g -n --node-count
      User-Agent:
      - AZURECLI/2.35.0 azsdk-python-azure-mgmt-containerservice/18.0.0 Python/3.8.10
        (Linux-5.13.0-1021-azure-x86_64-with-glibc2.29)
    method: GET
    uri: https://management.azure.com/subscriptions/00000000-0000-0000-0000-000000000000/providers/Microsoft.ContainerService/locations/westus2/operations/daf5baf0-3261-4d05-a29b-5a71a621f84e?api-version=2016-03-30
  response:
    body:
      string: "{\n  \"name\": \"f0baf5da-6132-054d-a29b-5a71a621f84e\",\n  \"status\":
        \"InProgress\",\n  \"startTime\": \"2022-04-12T10:23:42.5766666Z\"\n }"
    headers:
      cache-control:
      - no-cache
      content-length:
      - '126'
      content-type:
      - application/json
      date:
      - Tue, 12 Apr 2022 10:26:42 GMT
      expires:
      - '-1'
      pragma:
      - no-cache
      server:
      - nginx
      strict-transport-security:
      - max-age=31536000; includeSubDomains
      transfer-encoding:
      - chunked
      vary:
      - Accept-Encoding
      x-content-type-options:
      - nosniff
    status:
      code: 200
      message: OK
- request:
    body: null
    headers:
      Accept:
      - '*/*'
      Accept-Encoding:
      - gzip, deflate
      CommandName:
      - aks scale
      Connection:
      - keep-alive
      ParameterSetName:
      - -g -n --node-count
      User-Agent:
      - AZURECLI/2.35.0 azsdk-python-azure-mgmt-containerservice/18.0.0 Python/3.8.10
        (Linux-5.13.0-1021-azure-x86_64-with-glibc2.29)
    method: GET
    uri: https://management.azure.com/subscriptions/00000000-0000-0000-0000-000000000000/providers/Microsoft.ContainerService/locations/westus2/operations/daf5baf0-3261-4d05-a29b-5a71a621f84e?api-version=2016-03-30
  response:
    body:
      string: "{\n  \"name\": \"f0baf5da-6132-054d-a29b-5a71a621f84e\",\n  \"status\":
        \"InProgress\",\n  \"startTime\": \"2022-04-12T10:23:42.5766666Z\"\n }"
    headers:
      cache-control:
      - no-cache
      content-length:
      - '126'
      content-type:
      - application/json
      date:
      - Tue, 12 Apr 2022 10:27:12 GMT
      expires:
      - '-1'
      pragma:
      - no-cache
      server:
      - nginx
      strict-transport-security:
      - max-age=31536000; includeSubDomains
      transfer-encoding:
      - chunked
      vary:
      - Accept-Encoding
      x-content-type-options:
      - nosniff
    status:
      code: 200
      message: OK
- request:
    body: null
    headers:
      Accept:
      - '*/*'
      Accept-Encoding:
      - gzip, deflate
      CommandName:
      - aks scale
      Connection:
      - keep-alive
      ParameterSetName:
      - -g -n --node-count
      User-Agent:
      - AZURECLI/2.35.0 azsdk-python-azure-mgmt-containerservice/18.0.0 Python/3.8.10
        (Linux-5.13.0-1021-azure-x86_64-with-glibc2.29)
    method: GET
    uri: https://management.azure.com/subscriptions/00000000-0000-0000-0000-000000000000/providers/Microsoft.ContainerService/locations/westus2/operations/daf5baf0-3261-4d05-a29b-5a71a621f84e?api-version=2016-03-30
  response:
    body:
      string: "{\n  \"name\": \"f0baf5da-6132-054d-a29b-5a71a621f84e\",\n  \"status\":
        \"InProgress\",\n  \"startTime\": \"2022-04-12T10:23:42.5766666Z\"\n }"
    headers:
      cache-control:
      - no-cache
      content-length:
      - '126'
      content-type:
      - application/json
      date:
      - Tue, 12 Apr 2022 10:27:42 GMT
      expires:
      - '-1'
      pragma:
      - no-cache
      server:
      - nginx
      strict-transport-security:
      - max-age=31536000; includeSubDomains
      transfer-encoding:
      - chunked
      vary:
      - Accept-Encoding
      x-content-type-options:
      - nosniff
    status:
      code: 200
      message: OK
- request:
    body: null
    headers:
      Accept:
      - '*/*'
      Accept-Encoding:
      - gzip, deflate
      CommandName:
      - aks scale
      Connection:
      - keep-alive
      ParameterSetName:
      - -g -n --node-count
      User-Agent:
      - AZURECLI/2.35.0 azsdk-python-azure-mgmt-containerservice/18.0.0 Python/3.8.10
        (Linux-5.13.0-1021-azure-x86_64-with-glibc2.29)
    method: GET
    uri: https://management.azure.com/subscriptions/00000000-0000-0000-0000-000000000000/providers/Microsoft.ContainerService/locations/westus2/operations/daf5baf0-3261-4d05-a29b-5a71a621f84e?api-version=2016-03-30
  response:
    body:
      string: "{\n  \"name\": \"f0baf5da-6132-054d-a29b-5a71a621f84e\",\n  \"status\":
        \"InProgress\",\n  \"startTime\": \"2022-04-12T10:23:42.5766666Z\"\n }"
    headers:
      cache-control:
      - no-cache
      content-length:
      - '126'
      content-type:
      - application/json
      date:
      - Tue, 12 Apr 2022 10:28:12 GMT
      expires:
      - '-1'
      pragma:
      - no-cache
      server:
      - nginx
      strict-transport-security:
      - max-age=31536000; includeSubDomains
      transfer-encoding:
      - chunked
      vary:
      - Accept-Encoding
      x-content-type-options:
      - nosniff
    status:
      code: 200
      message: OK
- request:
    body: null
    headers:
      Accept:
      - '*/*'
      Accept-Encoding:
      - gzip, deflate
      CommandName:
      - aks scale
      Connection:
      - keep-alive
      ParameterSetName:
      - -g -n --node-count
      User-Agent:
      - AZURECLI/2.35.0 azsdk-python-azure-mgmt-containerservice/18.0.0 Python/3.8.10
        (Linux-5.13.0-1021-azure-x86_64-with-glibc2.29)
    method: GET
    uri: https://management.azure.com/subscriptions/00000000-0000-0000-0000-000000000000/providers/Microsoft.ContainerService/locations/westus2/operations/daf5baf0-3261-4d05-a29b-5a71a621f84e?api-version=2016-03-30
  response:
    body:
      string: "{\n  \"name\": \"f0baf5da-6132-054d-a29b-5a71a621f84e\",\n  \"status\":
        \"InProgress\",\n  \"startTime\": \"2022-04-12T10:23:42.5766666Z\"\n }"
    headers:
      cache-control:
      - no-cache
      content-length:
      - '126'
      content-type:
      - application/json
      date:
      - Tue, 12 Apr 2022 10:28:42 GMT
      expires:
      - '-1'
      pragma:
      - no-cache
      server:
      - nginx
      strict-transport-security:
      - max-age=31536000; includeSubDomains
      transfer-encoding:
      - chunked
      vary:
      - Accept-Encoding
      x-content-type-options:
      - nosniff
    status:
      code: 200
      message: OK
- request:
    body: null
    headers:
      Accept:
      - '*/*'
      Accept-Encoding:
      - gzip, deflate
      CommandName:
      - aks scale
      Connection:
      - keep-alive
      ParameterSetName:
      - -g -n --node-count
      User-Agent:
      - AZURECLI/2.35.0 azsdk-python-azure-mgmt-containerservice/18.0.0 Python/3.8.10
        (Linux-5.13.0-1021-azure-x86_64-with-glibc2.29)
    method: GET
    uri: https://management.azure.com/subscriptions/00000000-0000-0000-0000-000000000000/providers/Microsoft.ContainerService/locations/westus2/operations/daf5baf0-3261-4d05-a29b-5a71a621f84e?api-version=2016-03-30
  response:
    body:
      string: "{\n  \"name\": \"f0baf5da-6132-054d-a29b-5a71a621f84e\",\n  \"status\":
        \"Succeeded\",\n  \"startTime\": \"2022-04-12T10:23:42.5766666Z\",\n  \"endTime\":
        \"2022-04-12T10:28:59.3406026Z\"\n }"
    headers:
      cache-control:
      - no-cache
      content-length:
      - '170'
      content-type:
      - application/json
      date:
      - Tue, 12 Apr 2022 10:29:13 GMT
      expires:
      - '-1'
      pragma:
      - no-cache
      server:
      - nginx
      strict-transport-security:
      - max-age=31536000; includeSubDomains
      transfer-encoding:
      - chunked
      vary:
      - Accept-Encoding
      x-content-type-options:
      - nosniff
    status:
      code: 200
      message: OK
- request:
    body: null
    headers:
      Accept:
      - '*/*'
      Accept-Encoding:
      - gzip, deflate
      CommandName:
      - aks scale
      Connection:
      - keep-alive
      ParameterSetName:
      - -g -n --node-count
      User-Agent:
      - AZURECLI/2.35.0 azsdk-python-azure-mgmt-containerservice/18.0.0 Python/3.8.10
        (Linux-5.13.0-1021-azure-x86_64-with-glibc2.29)
    method: GET
    uri: https://management.azure.com/subscriptions/00000000-0000-0000-0000-000000000000/resourceGroups/clitest000001/providers/Microsoft.ContainerService/managedClusters/cliakstest000002?api-version=2022-02-01
  response:
    body:
      string: "{\n  \"id\": \"/subscriptions/00000000-0000-0000-0000-000000000000/resourcegroups/clitest000001/providers/Microsoft.ContainerService/managedClusters/cliakstest000002\",\n
        \ \"location\": \"westus2\",\n  \"name\": \"cliakstest000002\",\n  \"type\":
        \"Microsoft.ContainerService/ManagedClusters\",\n  \"properties\": {\n   \"provisioningState\":
        \"Succeeded\",\n   \"powerState\": {\n    \"code\": \"Running\"\n   },\n   \"kubernetesVersion\":
        \"1.21.9\",\n   \"dnsPrefix\": \"cliaksdns000003\",\n   \"fqdn\": \"cliaksdns000003-a01e3d21.hcp.westus2.azmk8s.io\",\n
        \  \"azurePortalFQDN\": \"66a0973b00e9e50330fdd55becc48d1d-priv.portal.hcp.westus2.azmk8s.io\",\n
        \  \"privateFQDN\": \"cliaksdns000003-0ef7460c.8cf5abfa-8c1e-4630-8c96-c9b92a040922.privatelink.westus2.azmk8s.io\",\n
        \  \"agentPoolProfiles\": [\n    {\n     \"name\": \"nodepool1\",\n     \"count\":
        3,\n     \"vmSize\": \"Standard_DS2_v2\",\n     \"osDiskSizeGB\": 128,\n     \"osDiskType\":
        \"Managed\",\n     \"kubeletDiskType\": \"OS\",\n     \"maxPods\": 110,\n
        \    \"type\": \"VirtualMachineScaleSets\",\n     \"enableAutoScaling\": false,\n
        \    \"provisioningState\": \"Succeeded\",\n     \"powerState\": {\n      \"code\":
        \"Running\"\n     },\n     \"orchestratorVersion\": \"1.21.9\",\n     \"enableNodePublicIP\":
        false,\n     \"mode\": \"System\",\n     \"enableEncryptionAtHost\": false,\n
        \    \"enableUltraSSD\": false,\n     \"osType\": \"Linux\",\n     \"osSKU\":
        \"Ubuntu\",\n     \"nodeImageVersion\": \"AKSUbuntu-1804gen2containerd-2022.03.29\",\n
        \    \"enableFIPS\": false\n    }\n   ],\n   \"linuxProfile\": {\n    \"adminUsername\":
        \"azureuser\",\n    \"ssh\": {\n     \"publicKeys\": [\n      {\n       \"keyData\":
        \"ssh-rsa AAAAB3NzaC1yc2EAAAADAQABAAABAQC1JKFPTxdqcS4oQd024c4kvfOGX5J00/ZlBK72gyCm3EXuRd88CRupI3ii3Xi1YYZyH6sIreBxv4dksukzv89E4vidnFBp5J//JnsLKdFxEuDk+ULk8ekAte/mBhEzFLRcriaLNmgpgUW4PYPiz6MnOKveBlUcszkpMCvNUpVWieRGO0k9td5hVF8zdtTWEMKAUtiWNo3wtAdPIAFQQejiBZoL7GZWRt2yXIpNvM2IoOAtpP5TksArYYW4XDtgRHLAHTJA3HNJj/2Sq8ConH1WI8dynHTXnsO/uoH9G7vPDQnW8BgSeU1+9hd8OzArvVZ/tIVbYN4MJjBFiVJzwZdr
        azcli_aks_live_test@example.com\\n\"\n      }\n     ]\n    }\n   },\n   \"servicePrincipalProfile\":
        {\n    \"clientId\":\"00000000-0000-0000-0000-000000000001\"\n   },\n   \"nodeResourceGroup\":
        \"MC_clitest000001_cliakstest000002_westus2\",\n   \"enableRBAC\": true,\n
        \  \"networkProfile\": {\n    \"networkPlugin\": \"kubenet\",\n    \"loadBalancerSku\":
        \"Standard\",\n    \"loadBalancerProfile\": {\n     \"managedOutboundIPs\":
        {\n      \"count\": 1\n     },\n     \"effectiveOutboundIPs\": [\n      {\n
        \      \"id\": \"/subscriptions/00000000-0000-0000-0000-000000000000/resourceGroups/MC_clitest000001_cliakstest000002_westus2/providers/Microsoft.Network/publicIPAddresses/d8217749-18bd-4e27-879c-6156b620a589\"\n
        \     }\n     ]\n    },\n    \"podCidr\": \"10.244.0.0/16\",\n    \"serviceCidr\":
        \"10.0.0.0/16\",\n    \"dnsServiceIP\": \"10.0.0.10\",\n    \"dockerBridgeCidr\":
        \"172.17.0.1/16\",\n    \"outboundType\": \"loadBalancer\",\n    \"podCidrs\":
        [\n     \"10.244.0.0/16\"\n    ],\n    \"serviceCidrs\": [\n     \"10.0.0.0/16\"\n
        \   ],\n    \"ipFamilies\": [\n     \"IPv4\"\n    ]\n   },\n   \"maxAgentPools\":
        100,\n   \"privateLinkResources\": [\n    {\n     \"id\": \"/subscriptions/00000000-0000-0000-0000-000000000000/resourcegroups/clitest000001/providers/Microsoft.ContainerService/managedClusters/cliakstest000002/privateLinkResources/management\",\n
        \    \"name\": \"management\",\n     \"type\": \"Microsoft.ContainerService/managedClusters/privateLinkResources\",\n
        \    \"groupId\": \"management\",\n     \"requiredMembers\": [\n      \"management\"\n
        \    ]\n    }\n   ],\n   \"apiServerAccessProfile\": {\n    \"enablePrivateCluster\":
        true,\n    \"privateDNSZone\": \"system\",\n    \"enablePrivateClusterPublicFQDN\":
        true,\n    \"privateClusterVersion\": \"v1\"\n   },\n   \"identityProfile\":
        {\n    \"kubeletidentity\": {\n     \"resourceId\": \"/subscriptions/00000000-0000-0000-0000-000000000000/resourcegroups/MC_clitest000001_cliakstest000002_westus2/providers/Microsoft.ManagedIdentity/userAssignedIdentities/cliakstest000002-agentpool\",\n
        \    \"clientId\":\"00000000-0000-0000-0000-000000000001\",\n     \"objectId\":\"00000000-0000-0000-0000-000000000001\"\n
        \   }\n   },\n   \"disableLocalAccounts\": false,\n   \"securityProfile\":
        {}\n  },\n  \"identity\": {\n   \"type\": \"SystemAssigned\",\n   \"principalId\":\"00000000-0000-0000-0000-000000000001\",\n
        \  \"tenantId\": \"72f988bf-86f1-41af-91ab-2d7cd011db47\"\n  },\n  \"sku\":
        {\n   \"name\": \"Basic\",\n   \"tier\": \"Free\"\n  }\n }"
    headers:
      cache-control:
      - no-cache
      content-length:
      - '4215'
      content-type:
      - application/json
      date:
      - Tue, 12 Apr 2022 10:29:14 GMT
      expires:
      - '-1'
      pragma:
      - no-cache
      server:
      - nginx
      strict-transport-security:
      - max-age=31536000; includeSubDomains
      transfer-encoding:
      - chunked
      vary:
      - Accept-Encoding
      x-content-type-options:
      - nosniff
    status:
      code: 200
      message: OK
- request:
    body: null
    headers:
      Accept:
      - application/json
      Accept-Encoding:
      - gzip, deflate
      CommandName:
      - aks show
      Connection:
      - keep-alive
      ParameterSetName:
      - -g -n
      User-Agent:
      - AZURECLI/2.35.0 azsdk-python-azure-mgmt-containerservice/18.0.0 Python/3.8.10
        (Linux-5.13.0-1021-azure-x86_64-with-glibc2.29)
    method: GET
    uri: https://management.azure.com/subscriptions/00000000-0000-0000-0000-000000000000/resourceGroups/clitest000001/providers/Microsoft.ContainerService/managedClusters/cliakstest000002?api-version=2022-02-01
  response:
    body:
      string: "{\n  \"id\": \"/subscriptions/00000000-0000-0000-0000-000000000000/resourcegroups/clitest000001/providers/Microsoft.ContainerService/managedClusters/cliakstest000002\",\n
        \ \"location\": \"westus2\",\n  \"name\": \"cliakstest000002\",\n  \"type\":
        \"Microsoft.ContainerService/ManagedClusters\",\n  \"properties\": {\n   \"provisioningState\":
        \"Succeeded\",\n   \"powerState\": {\n    \"code\": \"Running\"\n   },\n   \"kubernetesVersion\":
        \"1.21.9\",\n   \"dnsPrefix\": \"cliaksdns000003\",\n   \"fqdn\": \"cliaksdns000003-a01e3d21.hcp.westus2.azmk8s.io\",\n
        \  \"azurePortalFQDN\": \"66a0973b00e9e50330fdd55becc48d1d-priv.portal.hcp.westus2.azmk8s.io\",\n
        \  \"privateFQDN\": \"cliaksdns000003-0ef7460c.8cf5abfa-8c1e-4630-8c96-c9b92a040922.privatelink.westus2.azmk8s.io\",\n
        \  \"agentPoolProfiles\": [\n    {\n     \"name\": \"nodepool1\",\n     \"count\":
        3,\n     \"vmSize\": \"Standard_DS2_v2\",\n     \"osDiskSizeGB\": 128,\n     \"osDiskType\":
        \"Managed\",\n     \"kubeletDiskType\": \"OS\",\n     \"maxPods\": 110,\n
        \    \"type\": \"VirtualMachineScaleSets\",\n     \"enableAutoScaling\": false,\n
        \    \"provisioningState\": \"Succeeded\",\n     \"powerState\": {\n      \"code\":
        \"Running\"\n     },\n     \"orchestratorVersion\": \"1.21.9\",\n     \"enableNodePublicIP\":
        false,\n     \"mode\": \"System\",\n     \"enableEncryptionAtHost\": false,\n
        \    \"enableUltraSSD\": false,\n     \"osType\": \"Linux\",\n     \"osSKU\":
        \"Ubuntu\",\n     \"nodeImageVersion\": \"AKSUbuntu-1804gen2containerd-2022.03.29\",\n
        \    \"enableFIPS\": false\n    }\n   ],\n   \"linuxProfile\": {\n    \"adminUsername\":
        \"azureuser\",\n    \"ssh\": {\n     \"publicKeys\": [\n      {\n       \"keyData\":
        \"ssh-rsa AAAAB3NzaC1yc2EAAAADAQABAAABAQC1JKFPTxdqcS4oQd024c4kvfOGX5J00/ZlBK72gyCm3EXuRd88CRupI3ii3Xi1YYZyH6sIreBxv4dksukzv89E4vidnFBp5J//JnsLKdFxEuDk+ULk8ekAte/mBhEzFLRcriaLNmgpgUW4PYPiz6MnOKveBlUcszkpMCvNUpVWieRGO0k9td5hVF8zdtTWEMKAUtiWNo3wtAdPIAFQQejiBZoL7GZWRt2yXIpNvM2IoOAtpP5TksArYYW4XDtgRHLAHTJA3HNJj/2Sq8ConH1WI8dynHTXnsO/uoH9G7vPDQnW8BgSeU1+9hd8OzArvVZ/tIVbYN4MJjBFiVJzwZdr
        azcli_aks_live_test@example.com\\n\"\n      }\n     ]\n    }\n   },\n   \"servicePrincipalProfile\":
        {\n    \"clientId\":\"00000000-0000-0000-0000-000000000001\"\n   },\n   \"nodeResourceGroup\":
        \"MC_clitest000001_cliakstest000002_westus2\",\n   \"enableRBAC\": true,\n
        \  \"networkProfile\": {\n    \"networkPlugin\": \"kubenet\",\n    \"loadBalancerSku\":
        \"Standard\",\n    \"loadBalancerProfile\": {\n     \"managedOutboundIPs\":
        {\n      \"count\": 1\n     },\n     \"effectiveOutboundIPs\": [\n      {\n
        \      \"id\": \"/subscriptions/00000000-0000-0000-0000-000000000000/resourceGroups/MC_clitest000001_cliakstest000002_westus2/providers/Microsoft.Network/publicIPAddresses/d8217749-18bd-4e27-879c-6156b620a589\"\n
        \     }\n     ]\n    },\n    \"podCidr\": \"10.244.0.0/16\",\n    \"serviceCidr\":
        \"10.0.0.0/16\",\n    \"dnsServiceIP\": \"10.0.0.10\",\n    \"dockerBridgeCidr\":
        \"172.17.0.1/16\",\n    \"outboundType\": \"loadBalancer\",\n    \"podCidrs\":
        [\n     \"10.244.0.0/16\"\n    ],\n    \"serviceCidrs\": [\n     \"10.0.0.0/16\"\n
        \   ],\n    \"ipFamilies\": [\n     \"IPv4\"\n    ]\n   },\n   \"maxAgentPools\":
        100,\n   \"privateLinkResources\": [\n    {\n     \"id\": \"/subscriptions/00000000-0000-0000-0000-000000000000/resourcegroups/clitest000001/providers/Microsoft.ContainerService/managedClusters/cliakstest000002/privateLinkResources/management\",\n
        \    \"name\": \"management\",\n     \"type\": \"Microsoft.ContainerService/managedClusters/privateLinkResources\",\n
        \    \"groupId\": \"management\",\n     \"requiredMembers\": [\n      \"management\"\n
        \    ]\n    }\n   ],\n   \"apiServerAccessProfile\": {\n    \"enablePrivateCluster\":
        true,\n    \"privateDNSZone\": \"system\",\n    \"enablePrivateClusterPublicFQDN\":
        true,\n    \"privateClusterVersion\": \"v1\"\n   },\n   \"identityProfile\":
        {\n    \"kubeletidentity\": {\n     \"resourceId\": \"/subscriptions/00000000-0000-0000-0000-000000000000/resourcegroups/MC_clitest000001_cliakstest000002_westus2/providers/Microsoft.ManagedIdentity/userAssignedIdentities/cliakstest000002-agentpool\",\n
        \    \"clientId\":\"00000000-0000-0000-0000-000000000001\",\n     \"objectId\":\"00000000-0000-0000-0000-000000000001\"\n
        \   }\n   },\n   \"disableLocalAccounts\": false,\n   \"securityProfile\":
        {}\n  },\n  \"identity\": {\n   \"type\": \"SystemAssigned\",\n   \"principalId\":\"00000000-0000-0000-0000-000000000001\",\n
        \  \"tenantId\": \"72f988bf-86f1-41af-91ab-2d7cd011db47\"\n  },\n  \"sku\":
        {\n   \"name\": \"Basic\",\n   \"tier\": \"Free\"\n  }\n }"
    headers:
      cache-control:
      - no-cache
      content-length:
      - '4215'
      content-type:
      - application/json
      date:
      - Tue, 12 Apr 2022 10:29:14 GMT
      expires:
      - '-1'
      pragma:
      - no-cache
      server:
      - nginx
      strict-transport-security:
      - max-age=31536000; includeSubDomains
      transfer-encoding:
      - chunked
      vary:
      - Accept-Encoding
      x-content-type-options:
      - nosniff
    status:
      code: 200
      message: OK
- request:
    body: null
    headers:
      Accept:
      - application/json
      Accept-Encoding:
      - gzip, deflate
      CommandName:
      - aks delete
      Connection:
      - keep-alive
      Content-Length:
      - '0'
      ParameterSetName:
      - -g -n --yes --no-wait
      User-Agent:
      - AZURECLI/2.35.0 azsdk-python-azure-mgmt-containerservice/18.0.0 Python/3.8.10
        (Linux-5.13.0-1021-azure-x86_64-with-glibc2.29)
    method: DELETE
    uri: https://management.azure.com/subscriptions/00000000-0000-0000-0000-000000000000/resourceGroups/clitest000001/providers/Microsoft.ContainerService/managedClusters/cliakstest000002?api-version=2022-02-01
  response:
    body:
      string: ''
    headers:
      azure-asyncoperation:
      - https://management.azure.com/subscriptions/00000000-0000-0000-0000-000000000000/providers/Microsoft.ContainerService/locations/westus2/operations/7ed95064-61a1-4565-91fc-2fbe44ebdee6?api-version=2016-03-30
      cache-control:
      - no-cache
      content-length:
      - '0'
      date:
      - Tue, 12 Apr 2022 10:29:14 GMT
      expires:
      - '-1'
      location:
      - https://management.azure.com/subscriptions/00000000-0000-0000-0000-000000000000/providers/Microsoft.ContainerService/locations/westus2/operationresults/7ed95064-61a1-4565-91fc-2fbe44ebdee6?api-version=2016-03-30
      pragma:
      - no-cache
      server:
      - nginx
      strict-transport-security:
      - max-age=31536000; includeSubDomains
      x-content-type-options:
      - nosniff
      x-ms-ratelimit-remaining-subscription-deletes:
      - '14998'
    status:
      code: 202
      message: Accepted
version: 1
