interactions:
- request:
    body: '{"location": "westus2", "identity": {"type": "SystemAssigned"}, "properties":
      {"kubernetesVersion": "", "dnsPrefix": "cliakstest-clitest45l2ugxfq-79a739",
      "agentPoolProfiles": [{"count": 3, "vmSize": "Standard_DS2_v2", "osDiskSizeGB":
      0, "osType": "Linux", "enableAutoScaling": false, "type": "VirtualMachineScaleSets",
      "mode": "System", "orchestratorVersion": "", "upgradeSettings": {}, "enableNodePublicIP":
      false, "scaleSetPriority": "Regular", "scaleSetEvictionPolicy": "Delete", "spotMaxPrice":
      -1.0, "nodeTaints": [], "enableEncryptionAtHost": false, "enableUltraSSD": false,
      "enableFIPS": false, "name": "nodepool1"}], "linuxProfile": {"adminUsername":
      "azureuser", "ssh": {"publicKeys": [{"keyData": "ssh-rsa AAAAB3NzaC1yc2EAAAADAQABAAABAQDYlNq1pvV7V8bS6zqN6KJx/D0ffQp13a3sV0bXyMkjSwLbn9wVorqgr4Gc1YrxmtoOII9fTIg8ZrH98X/AYW2Ybe8clc4SztLMoJSgitFAgOVplVubn1LuOr+GWLo9KP6EOC7FM3pk/cnobDebxmH2/Jb77BizXkNhLniLgd6Qdv3AOUHnfts2oJ106pttVAyrD5OKlkrqNNAfBjTlBrfiZEH1njaF/wN6x67BaZOgp325RPn+sSdUNkZyHJD2kKDFUgiTD3kyHNf6gN6IIT+f871MPlQuA40cbyZf7Pm8XVEYjEv4+TlCaEGaVCXOc+ZjxknrogTthy7xLG11sJJ1
      azcli_aks_live_test@example.com\n"}]}}, "addonProfiles": {}, "nodeResourceGroup":
      "cliaksnrg000003", "enableRBAC": true, "networkProfile": {"networkPlugin": "kubenet",
      "podCidr": "10.244.0.0/16", "serviceCidr": "10.0.0.0/16", "dnsServiceIP": "10.0.0.10",
      "dockerBridgeCidr": "172.17.0.1/16", "outboundType": "loadBalancer", "loadBalancerSku":
      "standard"}, "disableLocalAccounts": false, "storageProfile": {}}}'
    headers:
      Accept:
      - application/json
      Accept-Encoding:
      - gzip, deflate
      CommandName:
      - aks create
      Connection:
      - keep-alive
      Content-Length:
      - '1499'
      Content-Type:
      - application/json
      ParameterSetName:
      - --resource-group --name --location --ssh-key-value --node-resource-group
      User-Agent:
      - AZURECLI/2.41.0 azsdk-python-azure-mgmt-containerservice/20.6.0 Python/3.8.10
        (Linux-5.15.0-1022-azure-x86_64-with-glibc2.29)
    method: PUT
    uri: https://management.azure.com/subscriptions/00000000-0000-0000-0000-000000000000/resourceGroups/clitest000001/providers/Microsoft.ContainerService/managedClusters/cliakstest000002?api-version=2023-01-01
  response:
    body:
      string: "{\n  \"id\": \"/subscriptions/00000000-0000-0000-0000-000000000000/resourcegroups/clitest000001/providers/Microsoft.ContainerService/managedClusters/cliakstest000002\",\n
        \ \"location\": \"westus2\",\n  \"name\": \"cliakstest000002\",\n  \"type\":
        \"Microsoft.ContainerService/ManagedClusters\",\n  \"properties\": {\n   \"provisioningState\":
        \"Creating\",\n   \"powerState\": {\n    \"code\": \"Running\"\n   },\n   \"kubernetesVersion\":
        \"1.23.12\",\n   \"currentKubernetesVersion\": \"1.23.12\",\n   \"dnsPrefix\":
        \"cliakstest-clitest45l2ugxfq-79a739\",\n   \"fqdn\": \"cliakstest-clitest45l2ugxfq-79a739-2c83c7b5.hcp.westus2.azmk8s.io\",\n
        \  \"azurePortalFQDN\": \"cliakstest-clitest45l2ugxfq-79a739-2c83c7b5.portal.hcp.westus2.azmk8s.io\",\n
        \  \"agentPoolProfiles\": [\n    {\n     \"name\": \"nodepool1\",\n     \"count\":
        3,\n     \"vmSize\": \"Standard_DS2_v2\",\n     \"osDiskSizeGB\": 128,\n     \"osDiskType\":
        \"Managed\",\n     \"kubeletDiskType\": \"OS\",\n     \"maxPods\": 110,\n
        \    \"type\": \"VirtualMachineScaleSets\",\n     \"enableAutoScaling\": false,\n
        \    \"provisioningState\": \"Creating\",\n     \"powerState\": {\n      \"code\":
        \"Running\"\n     },\n     \"orchestratorVersion\": \"1.23.12\",\n     \"currentOrchestratorVersion\":
        \"1.23.12\",\n     \"enableNodePublicIP\": false,\n     \"mode\": \"System\",\n
        \    \"enableEncryptionAtHost\": false,\n     \"enableUltraSSD\": false,\n
        \    \"osType\": \"Linux\",\n     \"osSKU\": \"Ubuntu\",\n     \"nodeImageVersion\":
        \"AKSUbuntu-1804gen2containerd-2022.10.03\",\n     \"upgradeSettings\": {},\n
        \    \"enableFIPS\": false\n    }\n   ],\n   \"linuxProfile\": {\n    \"adminUsername\":
        \"azureuser\",\n    \"ssh\": {\n     \"publicKeys\": [\n      {\n       \"keyData\":
        \"ssh-rsa AAAAB3NzaC1yc2EAAAADAQABAAABAQDYlNq1pvV7V8bS6zqN6KJx/D0ffQp13a3sV0bXyMkjSwLbn9wVorqgr4Gc1YrxmtoOII9fTIg8ZrH98X/AYW2Ybe8clc4SztLMoJSgitFAgOVplVubn1LuOr+GWLo9KP6EOC7FM3pk/cnobDebxmH2/Jb77BizXkNhLniLgd6Qdv3AOUHnfts2oJ106pttVAyrD5OKlkrqNNAfBjTlBrfiZEH1njaF/wN6x67BaZOgp325RPn+sSdUNkZyHJD2kKDFUgiTD3kyHNf6gN6IIT+f871MPlQuA40cbyZf7Pm8XVEYjEv4+TlCaEGaVCXOc+ZjxknrogTthy7xLG11sJJ1
        azcli_aks_live_test@example.com\\n\"\n      }\n     ]\n    }\n   },\n   \"servicePrincipalProfile\":
        {\n    \"clientId\":\"00000000-0000-0000-0000-000000000001\"\n   },\n   \"nodeResourceGroup\":
        \"cliaksnrg000003\",\n   \"enableRBAC\": true,\n   \"networkProfile\": {\n
        \   \"networkPlugin\": \"kubenet\",\n    \"loadBalancerSku\": \"standard\",\n
        \   \"loadBalancerProfile\": {\n     \"managedOutboundIPs\": {\n      \"count\":
        1\n     }\n    },\n    \"podCidr\": \"10.244.0.0/16\",\n    \"serviceCidr\":
        \"10.0.0.0/16\",\n    \"dnsServiceIP\": \"10.0.0.10\",\n    \"dockerBridgeCidr\":
        \"172.17.0.1/16\",\n    \"outboundType\": \"loadBalancer\",\n    \"podCidrs\":
        [\n     \"10.244.0.0/16\"\n    ],\n    \"serviceCidrs\": [\n     \"10.0.0.0/16\"\n
        \   ],\n    \"ipFamilies\": [\n     \"IPv4\"\n    ]\n   },\n   \"maxAgentPools\":
        100,\n   \"disableLocalAccounts\": false,\n   \"securityProfile\": {},\n   \"storageProfile\":
        {\n    \"diskCSIDriver\": {\n     \"enabled\": true\n    },\n    \"fileCSIDriver\":
        {\n     \"enabled\": true\n    },\n    \"snapshotController\": {\n     \"enabled\":
        true\n    }\n   },\n   \"oidcIssuerProfile\": {\n    \"enabled\": false\n
        \  }\n  },\n  \"identity\": {\n   \"type\": \"SystemAssigned\",\n   \"principalId\":\"00000000-0000-0000-0000-000000000001\",\n
        \  \"tenantId\": \"72f988bf-86f1-41af-91ab-2d7cd011db47\"\n  },\n  \"sku\":
        {\n   \"name\": \"Basic\",\n   \"tier\": \"Free\"\n  }\n }"
    headers:
      azure-asyncoperation:
      - https://management.azure.com/subscriptions/00000000-0000-0000-0000-000000000000/providers/Microsoft.ContainerService/locations/westus2/operations/a17268d5-40c7-4364-9e9c-11bfaa25f8b0?api-version=2016-03-30
      cache-control:
      - no-cache
      content-length:
      - '3210'
      content-type:
      - application/json
      date:
      - Tue, 25 Oct 2022 11:10:04 GMT
      expires:
      - '-1'
      pragma:
      - no-cache
      server:
      - nginx
      strict-transport-security:
      - max-age=31536000; includeSubDomains
      x-content-type-options:
      - nosniff
      x-ms-ratelimit-remaining-subscription-writes:
      - '1196'
    status:
      code: 201
      message: Created
- request:
    body: null
    headers:
      Accept:
      - '*/*'
      Accept-Encoding:
      - gzip, deflate
      CommandName:
      - aks create
      Connection:
      - keep-alive
      ParameterSetName:
      - --resource-group --name --location --ssh-key-value --node-resource-group
      User-Agent:
      - AZURECLI/2.41.0 azsdk-python-azure-mgmt-containerservice/20.6.0 Python/3.8.10
        (Linux-5.15.0-1022-azure-x86_64-with-glibc2.29)
    method: GET
    uri: https://management.azure.com/subscriptions/00000000-0000-0000-0000-000000000000/providers/Microsoft.ContainerService/locations/westus2/operations/a17268d5-40c7-4364-9e9c-11bfaa25f8b0?api-version=2016-03-30
  response:
    body:
      string: "{\n  \"name\": \"d56872a1-c740-6443-9e9c-11bfaa25f8b0\",\n  \"status\":
        \"InProgress\",\n  \"startTime\": \"2022-10-25T11:10:04.1921772Z\"\n }"
    headers:
      cache-control:
      - no-cache
      content-length:
      - '126'
      content-type:
      - application/json
      date:
      - Tue, 25 Oct 2022 11:10:33 GMT
      expires:
      - '-1'
      pragma:
      - no-cache
      server:
      - nginx
      strict-transport-security:
      - max-age=31536000; includeSubDomains
      transfer-encoding:
      - chunked
      vary:
      - Accept-Encoding
      x-content-type-options:
      - nosniff
    status:
      code: 200
      message: OK
- request:
    body: null
    headers:
      Accept:
      - '*/*'
      Accept-Encoding:
      - gzip, deflate
      CommandName:
      - aks create
      Connection:
      - keep-alive
      ParameterSetName:
      - --resource-group --name --location --ssh-key-value --node-resource-group
      User-Agent:
      - AZURECLI/2.41.0 azsdk-python-azure-mgmt-containerservice/20.6.0 Python/3.8.10
        (Linux-5.15.0-1022-azure-x86_64-with-glibc2.29)
    method: GET
    uri: https://management.azure.com/subscriptions/00000000-0000-0000-0000-000000000000/providers/Microsoft.ContainerService/locations/westus2/operations/a17268d5-40c7-4364-9e9c-11bfaa25f8b0?api-version=2016-03-30
  response:
    body:
      string: "{\n  \"name\": \"d56872a1-c740-6443-9e9c-11bfaa25f8b0\",\n  \"status\":
        \"InProgress\",\n  \"startTime\": \"2022-10-25T11:10:04.1921772Z\"\n }"
    headers:
      cache-control:
      - no-cache
      content-length:
      - '126'
      content-type:
      - application/json
      date:
      - Tue, 25 Oct 2022 11:11:04 GMT
      expires:
      - '-1'
      pragma:
      - no-cache
      server:
      - nginx
      strict-transport-security:
      - max-age=31536000; includeSubDomains
      transfer-encoding:
      - chunked
      vary:
      - Accept-Encoding
      x-content-type-options:
      - nosniff
    status:
      code: 200
      message: OK
- request:
    body: null
    headers:
      Accept:
      - '*/*'
      Accept-Encoding:
      - gzip, deflate
      CommandName:
      - aks create
      Connection:
      - keep-alive
      ParameterSetName:
      - --resource-group --name --location --ssh-key-value --node-resource-group
      User-Agent:
      - AZURECLI/2.41.0 azsdk-python-azure-mgmt-containerservice/20.6.0 Python/3.8.10
        (Linux-5.15.0-1022-azure-x86_64-with-glibc2.29)
    method: GET
    uri: https://management.azure.com/subscriptions/00000000-0000-0000-0000-000000000000/providers/Microsoft.ContainerService/locations/westus2/operations/a17268d5-40c7-4364-9e9c-11bfaa25f8b0?api-version=2016-03-30
  response:
    body:
      string: "{\n  \"name\": \"d56872a1-c740-6443-9e9c-11bfaa25f8b0\",\n  \"status\":
        \"InProgress\",\n  \"startTime\": \"2022-10-25T11:10:04.1921772Z\"\n }"
    headers:
      cache-control:
      - no-cache
      content-length:
      - '126'
      content-type:
      - application/json
      date:
      - Tue, 25 Oct 2022 11:11:34 GMT
      expires:
      - '-1'
      pragma:
      - no-cache
      server:
      - nginx
      strict-transport-security:
      - max-age=31536000; includeSubDomains
      transfer-encoding:
      - chunked
      vary:
      - Accept-Encoding
      x-content-type-options:
      - nosniff
    status:
      code: 200
      message: OK
- request:
    body: null
    headers:
      Accept:
      - '*/*'
      Accept-Encoding:
      - gzip, deflate
      CommandName:
      - aks create
      Connection:
      - keep-alive
      ParameterSetName:
      - --resource-group --name --location --ssh-key-value --node-resource-group
      User-Agent:
      - AZURECLI/2.41.0 azsdk-python-azure-mgmt-containerservice/20.6.0 Python/3.8.10
        (Linux-5.15.0-1022-azure-x86_64-with-glibc2.29)
    method: GET
    uri: https://management.azure.com/subscriptions/00000000-0000-0000-0000-000000000000/providers/Microsoft.ContainerService/locations/westus2/operations/a17268d5-40c7-4364-9e9c-11bfaa25f8b0?api-version=2016-03-30
  response:
    body:
      string: "{\n  \"name\": \"d56872a1-c740-6443-9e9c-11bfaa25f8b0\",\n  \"status\":
        \"InProgress\",\n  \"startTime\": \"2022-10-25T11:10:04.1921772Z\"\n }"
    headers:
      cache-control:
      - no-cache
      content-length:
      - '126'
      content-type:
      - application/json
      date:
      - Tue, 25 Oct 2022 11:12:04 GMT
      expires:
      - '-1'
      pragma:
      - no-cache
      server:
      - nginx
      strict-transport-security:
      - max-age=31536000; includeSubDomains
      transfer-encoding:
      - chunked
      vary:
      - Accept-Encoding
      x-content-type-options:
      - nosniff
    status:
      code: 200
      message: OK
- request:
    body: null
    headers:
      Accept:
      - '*/*'
      Accept-Encoding:
      - gzip, deflate
      CommandName:
      - aks create
      Connection:
      - keep-alive
      ParameterSetName:
      - --resource-group --name --location --ssh-key-value --node-resource-group
      User-Agent:
      - AZURECLI/2.41.0 azsdk-python-azure-mgmt-containerservice/20.6.0 Python/3.8.10
        (Linux-5.15.0-1022-azure-x86_64-with-glibc2.29)
    method: GET
    uri: https://management.azure.com/subscriptions/00000000-0000-0000-0000-000000000000/providers/Microsoft.ContainerService/locations/westus2/operations/a17268d5-40c7-4364-9e9c-11bfaa25f8b0?api-version=2016-03-30
  response:
    body:
      string: "{\n  \"name\": \"d56872a1-c740-6443-9e9c-11bfaa25f8b0\",\n  \"status\":
        \"InProgress\",\n  \"startTime\": \"2022-10-25T11:10:04.1921772Z\"\n }"
    headers:
      cache-control:
      - no-cache
      content-length:
      - '126'
      content-type:
      - application/json
      date:
      - Tue, 25 Oct 2022 11:12:34 GMT
      expires:
      - '-1'
      pragma:
      - no-cache
      server:
      - nginx
      strict-transport-security:
      - max-age=31536000; includeSubDomains
      transfer-encoding:
      - chunked
      vary:
      - Accept-Encoding
      x-content-type-options:
      - nosniff
    status:
      code: 200
      message: OK
- request:
    body: null
    headers:
      Accept:
      - '*/*'
      Accept-Encoding:
      - gzip, deflate
      CommandName:
      - aks create
      Connection:
      - keep-alive
      ParameterSetName:
      - --resource-group --name --location --ssh-key-value --node-resource-group
      User-Agent:
      - AZURECLI/2.41.0 azsdk-python-azure-mgmt-containerservice/20.6.0 Python/3.8.10
        (Linux-5.15.0-1022-azure-x86_64-with-glibc2.29)
    method: GET
    uri: https://management.azure.com/subscriptions/00000000-0000-0000-0000-000000000000/providers/Microsoft.ContainerService/locations/westus2/operations/a17268d5-40c7-4364-9e9c-11bfaa25f8b0?api-version=2016-03-30
  response:
    body:
      string: "{\n  \"name\": \"d56872a1-c740-6443-9e9c-11bfaa25f8b0\",\n  \"status\":
        \"InProgress\",\n  \"startTime\": \"2022-10-25T11:10:04.1921772Z\"\n }"
    headers:
      cache-control:
      - no-cache
      content-length:
      - '126'
      content-type:
      - application/json
      date:
      - Tue, 25 Oct 2022 11:13:04 GMT
      expires:
      - '-1'
      pragma:
      - no-cache
      server:
      - nginx
      strict-transport-security:
      - max-age=31536000; includeSubDomains
      transfer-encoding:
      - chunked
      vary:
      - Accept-Encoding
      x-content-type-options:
      - nosniff
    status:
      code: 200
      message: OK
- request:
    body: null
    headers:
      Accept:
      - '*/*'
      Accept-Encoding:
      - gzip, deflate
      CommandName:
      - aks create
      Connection:
      - keep-alive
      ParameterSetName:
      - --resource-group --name --location --ssh-key-value --node-resource-group
      User-Agent:
      - AZURECLI/2.41.0 azsdk-python-azure-mgmt-containerservice/20.6.0 Python/3.8.10
        (Linux-5.15.0-1022-azure-x86_64-with-glibc2.29)
    method: GET
    uri: https://management.azure.com/subscriptions/00000000-0000-0000-0000-000000000000/providers/Microsoft.ContainerService/locations/westus2/operations/a17268d5-40c7-4364-9e9c-11bfaa25f8b0?api-version=2016-03-30
  response:
    body:
      string: "{\n  \"name\": \"d56872a1-c740-6443-9e9c-11bfaa25f8b0\",\n  \"status\":
        \"InProgress\",\n  \"startTime\": \"2022-10-25T11:10:04.1921772Z\"\n }"
    headers:
      cache-control:
      - no-cache
      content-length:
      - '126'
      content-type:
      - application/json
      date:
      - Tue, 25 Oct 2022 11:13:33 GMT
      expires:
      - '-1'
      pragma:
      - no-cache
      server:
      - nginx
      strict-transport-security:
      - max-age=31536000; includeSubDomains
      transfer-encoding:
      - chunked
      vary:
      - Accept-Encoding
      x-content-type-options:
      - nosniff
    status:
      code: 200
      message: OK
- request:
    body: null
    headers:
      Accept:
      - '*/*'
      Accept-Encoding:
      - gzip, deflate
      CommandName:
      - aks create
      Connection:
      - keep-alive
      ParameterSetName:
      - --resource-group --name --location --ssh-key-value --node-resource-group
      User-Agent:
      - AZURECLI/2.41.0 azsdk-python-azure-mgmt-containerservice/20.6.0 Python/3.8.10
        (Linux-5.15.0-1022-azure-x86_64-with-glibc2.29)
    method: GET
    uri: https://management.azure.com/subscriptions/00000000-0000-0000-0000-000000000000/providers/Microsoft.ContainerService/locations/westus2/operations/a17268d5-40c7-4364-9e9c-11bfaa25f8b0?api-version=2016-03-30
  response:
    body:
      string: "{\n  \"name\": \"d56872a1-c740-6443-9e9c-11bfaa25f8b0\",\n  \"status\":
        \"InProgress\",\n  \"startTime\": \"2022-10-25T11:10:04.1921772Z\"\n }"
    headers:
      cache-control:
      - no-cache
      content-length:
      - '126'
      content-type:
      - application/json
      date:
      - Tue, 25 Oct 2022 11:14:04 GMT
      expires:
      - '-1'
      pragma:
      - no-cache
      server:
      - nginx
      strict-transport-security:
      - max-age=31536000; includeSubDomains
      transfer-encoding:
      - chunked
      vary:
      - Accept-Encoding
      x-content-type-options:
      - nosniff
    status:
      code: 200
      message: OK
- request:
    body: null
    headers:
      Accept:
      - '*/*'
      Accept-Encoding:
      - gzip, deflate
      CommandName:
      - aks create
      Connection:
      - keep-alive
      ParameterSetName:
      - --resource-group --name --location --ssh-key-value --node-resource-group
      User-Agent:
      - AZURECLI/2.41.0 azsdk-python-azure-mgmt-containerservice/20.6.0 Python/3.8.10
        (Linux-5.15.0-1022-azure-x86_64-with-glibc2.29)
    method: GET
    uri: https://management.azure.com/subscriptions/00000000-0000-0000-0000-000000000000/providers/Microsoft.ContainerService/locations/westus2/operations/a17268d5-40c7-4364-9e9c-11bfaa25f8b0?api-version=2016-03-30
  response:
    body:
      string: "{\n  \"name\": \"d56872a1-c740-6443-9e9c-11bfaa25f8b0\",\n  \"status\":
        \"InProgress\",\n  \"startTime\": \"2022-10-25T11:10:04.1921772Z\"\n }"
    headers:
      cache-control:
      - no-cache
      content-length:
      - '126'
      content-type:
      - application/json
      date:
      - Tue, 25 Oct 2022 11:14:34 GMT
      expires:
      - '-1'
      pragma:
      - no-cache
      server:
      - nginx
      strict-transport-security:
      - max-age=31536000; includeSubDomains
      transfer-encoding:
      - chunked
      vary:
      - Accept-Encoding
      x-content-type-options:
      - nosniff
    status:
      code: 200
      message: OK
- request:
    body: null
    headers:
      Accept:
      - '*/*'
      Accept-Encoding:
      - gzip, deflate
      CommandName:
      - aks create
      Connection:
      - keep-alive
      ParameterSetName:
      - --resource-group --name --location --ssh-key-value --node-resource-group
      User-Agent:
      - AZURECLI/2.41.0 azsdk-python-azure-mgmt-containerservice/20.6.0 Python/3.8.10
        (Linux-5.15.0-1022-azure-x86_64-with-glibc2.29)
    method: GET
    uri: https://management.azure.com/subscriptions/00000000-0000-0000-0000-000000000000/providers/Microsoft.ContainerService/locations/westus2/operations/a17268d5-40c7-4364-9e9c-11bfaa25f8b0?api-version=2016-03-30
  response:
    body:
      string: "{\n  \"name\": \"d56872a1-c740-6443-9e9c-11bfaa25f8b0\",\n  \"status\":
        \"Succeeded\",\n  \"startTime\": \"2022-10-25T11:10:04.1921772Z\",\n  \"endTime\":
        \"2022-10-25T11:15:01.9422063Z\"\n }"
    headers:
      cache-control:
      - no-cache
      content-length:
      - '170'
      content-type:
      - application/json
      date:
      - Tue, 25 Oct 2022 11:15:05 GMT
      expires:
      - '-1'
      pragma:
      - no-cache
      server:
      - nginx
      strict-transport-security:
      - max-age=31536000; includeSubDomains
      transfer-encoding:
      - chunked
      vary:
      - Accept-Encoding
      x-content-type-options:
      - nosniff
    status:
      code: 200
      message: OK
- request:
    body: null
    headers:
      Accept:
      - '*/*'
      Accept-Encoding:
      - gzip, deflate
      CommandName:
      - aks create
      Connection:
      - keep-alive
      ParameterSetName:
      - --resource-group --name --location --ssh-key-value --node-resource-group
      User-Agent:
      - AZURECLI/2.41.0 azsdk-python-azure-mgmt-containerservice/20.6.0 Python/3.8.10
        (Linux-5.15.0-1022-azure-x86_64-with-glibc2.29)
    method: GET
    uri: https://management.azure.com/subscriptions/00000000-0000-0000-0000-000000000000/resourceGroups/clitest000001/providers/Microsoft.ContainerService/managedClusters/cliakstest000002?api-version=2023-01-01
  response:
    body:
      string: "{\n  \"id\": \"/subscriptions/00000000-0000-0000-0000-000000000000/resourcegroups/clitest000001/providers/Microsoft.ContainerService/managedClusters/cliakstest000002\",\n
        \ \"location\": \"westus2\",\n  \"name\": \"cliakstest000002\",\n  \"type\":
        \"Microsoft.ContainerService/ManagedClusters\",\n  \"properties\": {\n   \"provisioningState\":
        \"Succeeded\",\n   \"powerState\": {\n    \"code\": \"Running\"\n   },\n   \"kubernetesVersion\":
        \"1.23.12\",\n   \"currentKubernetesVersion\": \"1.23.12\",\n   \"dnsPrefix\":
        \"cliakstest-clitest45l2ugxfq-79a739\",\n   \"fqdn\": \"cliakstest-clitest45l2ugxfq-79a739-2c83c7b5.hcp.westus2.azmk8s.io\",\n
        \  \"azurePortalFQDN\": \"cliakstest-clitest45l2ugxfq-79a739-2c83c7b5.portal.hcp.westus2.azmk8s.io\",\n
        \  \"agentPoolProfiles\": [\n    {\n     \"name\": \"nodepool1\",\n     \"count\":
        3,\n     \"vmSize\": \"Standard_DS2_v2\",\n     \"osDiskSizeGB\": 128,\n     \"osDiskType\":
        \"Managed\",\n     \"kubeletDiskType\": \"OS\",\n     \"maxPods\": 110,\n
        \    \"type\": \"VirtualMachineScaleSets\",\n     \"enableAutoScaling\": false,\n
        \    \"provisioningState\": \"Succeeded\",\n     \"powerState\": {\n      \"code\":
        \"Running\"\n     },\n     \"orchestratorVersion\": \"1.23.12\",\n     \"currentOrchestratorVersion\":
        \"1.23.12\",\n     \"enableNodePublicIP\": false,\n     \"mode\": \"System\",\n
        \    \"enableEncryptionAtHost\": false,\n     \"enableUltraSSD\": false,\n
        \    \"osType\": \"Linux\",\n     \"osSKU\": \"Ubuntu\",\n     \"nodeImageVersion\":
        \"AKSUbuntu-1804gen2containerd-2022.10.03\",\n     \"upgradeSettings\": {},\n
        \    \"enableFIPS\": false\n    }\n   ],\n   \"linuxProfile\": {\n    \"adminUsername\":
        \"azureuser\",\n    \"ssh\": {\n     \"publicKeys\": [\n      {\n       \"keyData\":
        \"ssh-rsa AAAAB3NzaC1yc2EAAAADAQABAAABAQDYlNq1pvV7V8bS6zqN6KJx/D0ffQp13a3sV0bXyMkjSwLbn9wVorqgr4Gc1YrxmtoOII9fTIg8ZrH98X/AYW2Ybe8clc4SztLMoJSgitFAgOVplVubn1LuOr+GWLo9KP6EOC7FM3pk/cnobDebxmH2/Jb77BizXkNhLniLgd6Qdv3AOUHnfts2oJ106pttVAyrD5OKlkrqNNAfBjTlBrfiZEH1njaF/wN6x67BaZOgp325RPn+sSdUNkZyHJD2kKDFUgiTD3kyHNf6gN6IIT+f871MPlQuA40cbyZf7Pm8XVEYjEv4+TlCaEGaVCXOc+ZjxknrogTthy7xLG11sJJ1
        azcli_aks_live_test@example.com\\n\"\n      }\n     ]\n    }\n   },\n   \"servicePrincipalProfile\":
        {\n    \"clientId\":\"00000000-0000-0000-0000-000000000001\"\n   },\n   \"nodeResourceGroup\":
        \"cliaksnrg000003\",\n   \"enableRBAC\": true,\n   \"networkProfile\": {\n
        \   \"networkPlugin\": \"kubenet\",\n    \"loadBalancerSku\": \"Standard\",\n
        \   \"loadBalancerProfile\": {\n     \"managedOutboundIPs\": {\n      \"count\":
        1\n     },\n     \"effectiveOutboundIPs\": [\n      {\n       \"id\": \"/subscriptions/00000000-0000-0000-0000-000000000000/resourceGroups/cliaksnrg000003/providers/Microsoft.Network/publicIPAddresses/07da0d29-9e14-444c-9aa0-bd2f07b54cf8\"\n
        \     }\n     ]\n    },\n    \"podCidr\": \"10.244.0.0/16\",\n    \"serviceCidr\":
        \"10.0.0.0/16\",\n    \"dnsServiceIP\": \"10.0.0.10\",\n    \"dockerBridgeCidr\":
        \"172.17.0.1/16\",\n    \"outboundType\": \"loadBalancer\",\n    \"podCidrs\":
        [\n     \"10.244.0.0/16\"\n    ],\n    \"serviceCidrs\": [\n     \"10.0.0.0/16\"\n
        \   ],\n    \"ipFamilies\": [\n     \"IPv4\"\n    ]\n   },\n   \"maxAgentPools\":
        100,\n   \"identityProfile\": {\n    \"kubeletidentity\": {\n     \"resourceId\":
        \"/subscriptions/00000000-0000-0000-0000-000000000000/resourcegroups/cliaksnrg000003/providers/Microsoft.ManagedIdentity/userAssignedIdentities/cliakstest000002-agentpool\",\n
        \    \"clientId\":\"00000000-0000-0000-0000-000000000001\",\n     \"objectId\":\"00000000-0000-0000-0000-000000000001\"\n
        \   }\n   },\n   \"disableLocalAccounts\": false,\n   \"securityProfile\":
        {},\n   \"storageProfile\": {\n    \"diskCSIDriver\": {\n     \"enabled\":
        true\n    },\n    \"fileCSIDriver\": {\n     \"enabled\": true\n    },\n    \"snapshotController\":
        {\n     \"enabled\": true\n    }\n   },\n   \"oidcIssuerProfile\": {\n    \"enabled\":
        false\n   }\n  },\n  \"identity\": {\n   \"type\": \"SystemAssigned\",\n   \"principalId\":\"00000000-0000-0000-0000-000000000001\",\n
        \  \"tenantId\": \"72f988bf-86f1-41af-91ab-2d7cd011db47\"\n  },\n  \"sku\":
        {\n   \"name\": \"Basic\",\n   \"tier\": \"Free\"\n  }\n }"
    headers:
      cache-control:
      - no-cache
      content-length:
      - '3811'
      content-type:
      - application/json
      date:
      - Tue, 25 Oct 2022 11:15:05 GMT
      expires:
      - '-1'
      pragma:
      - no-cache
      server:
      - nginx
      strict-transport-security:
      - max-age=31536000; includeSubDomains
      transfer-encoding:
      - chunked
      vary:
      - Accept-Encoding
      x-content-type-options:
      - nosniff
    status:
      code: 200
      message: OK
- request:
    body: null
    headers:
      Accept:
      - application/json
      Accept-Encoding:
      - gzip, deflate
      CommandName:
      - aks delete
      Connection:
      - keep-alive
      Content-Length:
      - '0'
      ParameterSetName:
      - -g -n --yes --no-wait
      User-Agent:
      - AZURECLI/2.41.0 azsdk-python-azure-mgmt-containerservice/20.6.0 Python/3.8.10
        (Linux-5.15.0-1022-azure-x86_64-with-glibc2.29)
    method: DELETE
    uri: https://management.azure.com/subscriptions/00000000-0000-0000-0000-000000000000/resourceGroups/clitest000001/providers/Microsoft.ContainerService/managedClusters/cliakstest000002?api-version=2023-01-01
  response:
    body:
      string: ''
    headers:
      azure-asyncoperation:
      - https://management.azure.com/subscriptions/00000000-0000-0000-0000-000000000000/providers/Microsoft.ContainerService/locations/westus2/operations/00a42678-5be4-4968-bac9-54fa3fe38139?api-version=2016-03-30
      cache-control:
      - no-cache
      content-length:
      - '0'
      date:
      - Tue, 25 Oct 2022 11:15:05 GMT
      expires:
      - '-1'
      location:
      - https://management.azure.com/subscriptions/00000000-0000-0000-0000-000000000000/providers/Microsoft.ContainerService/locations/westus2/operationresults/00a42678-5be4-4968-bac9-54fa3fe38139?api-version=2016-03-30
      pragma:
      - no-cache
      server:
      - nginx
      strict-transport-security:
      - max-age=31536000; includeSubDomains
      x-content-type-options:
      - nosniff
      x-ms-ratelimit-remaining-subscription-deletes:
      - '14995'
    status:
      code: 202
      message: Accepted
version: 1
