interactions:
- request:
    body: '{"location": "westus2", "properties": {"idleTimeoutInMinutes": 4, "publicIPAllocationMethod":
      "Static"}, "sku": {"name": "Standard"}}'
    headers:
      Accept:
      - application/json
      Accept-Encoding:
      - gzip, deflate
      CommandName:
      - network public-ip create
      Connection:
      - keep-alive
      Content-Length:
      - '133'
      Content-Type:
      - application/json
      ParameterSetName:
      - -g -n --location --sku
      User-Agent:
      - AZURECLI/2.49.0 (AAZ) azsdk-python-core/1.26.0 Python/3.8.16 (macOS-13.4-arm64-arm-64bit)
    method: PUT
    uri: https://management.azure.com/subscriptions/00000000-0000-0000-0000-000000000000/resourceGroups/clitest000001/providers/Microsoft.Network/publicIPAddresses/cliaksslbip1000002?api-version=2022-05-01
  response:
    body:
      string: "{\r\n  \"name\": \"cliaksslbip1000002\",\r\n  \"id\": \"/subscriptions/00000000-0000-0000-0000-000000000000/resourceGroups/clitest000001/providers/Microsoft.Network/publicIPAddresses/cliaksslbip1000002\"\
        ,\r\n  \"etag\": \"W/\\\"af4a23af-ae84-444e-a4ed-0840e370ca76\\\"\",\r\n \
        \ \"location\": \"westus2\",\r\n  \"properties\": {\r\n    \"provisioningState\"\
        : \"Updating\",\r\n    \"resourceGuid\": \"bbeb3a14-e388-40ba-af5c-5123a19cd87a\"\
        ,\r\n    \"publicIPAddressVersion\": \"IPv4\",\r\n    \"publicIPAllocationMethod\"\
        : \"Static\",\r\n    \"idleTimeoutInMinutes\": 4,\r\n    \"ipTags\": [],\r\
        \n    \"ddosSettings\": {\r\n      \"protectionMode\": \"VirtualNetworkInherited\"\
        \r\n    }\r\n  },\r\n  \"type\": \"Microsoft.Network/publicIPAddresses\",\r\
        \n  \"sku\": {\r\n    \"name\": \"Standard\",\r\n    \"tier\": \"Regional\"\
        \r\n  }\r\n}"
    headers:
      azure-asyncnotification:
      - Enabled
      azure-asyncoperation:
      - https://management.azure.com/subscriptions/00000000-0000-0000-0000-000000000000/providers/Microsoft.Network/locations/westus2/operations/3bee0820-62ef-4375-8ab8-2a9f219e4ebc?api-version=2022-05-01
      cache-control:
      - no-cache
      content-length:
      - '732'
      content-type:
      - application/json; charset=utf-8
      date:
      - Thu, 15 Jun 2023 12:29:19 GMT
      expires:
      - '-1'
      pragma:
      - no-cache
      server:
      - Microsoft-HTTPAPI/2.0
      - Microsoft-HTTPAPI/2.0
      strict-transport-security:
      - max-age=31536000; includeSubDomains
      x-content-type-options:
      - nosniff
      x-ms-arm-service-request-id:
      - a45a757b-73c5-42e6-ab53-71a18d17f90e
      x-ms-ratelimit-remaining-subscription-writes:
      - '1199'
    status:
      code: 201
      message: Created
- request:
    body: null
    headers:
      Accept:
      - '*/*'
      Accept-Encoding:
      - gzip, deflate
      CommandName:
      - network public-ip create
      Connection:
      - keep-alive
      ParameterSetName:
      - -g -n --location --sku
      User-Agent:
      - AZURECLI/2.49.0 (AAZ) azsdk-python-core/1.26.0 Python/3.8.16 (macOS-13.4-arm64-arm-64bit)
    method: GET
    uri: https://management.azure.com/subscriptions/00000000-0000-0000-0000-000000000000/providers/Microsoft.Network/locations/westus2/operations/3bee0820-62ef-4375-8ab8-2a9f219e4ebc?api-version=2022-05-01
  response:
    body:
      string: "{\r\n  \"status\": \"Succeeded\"\r\n}"
    headers:
      cache-control:
      - no-cache
      content-length:
      - '29'
      content-type:
      - application/json; charset=utf-8
      date:
      - Thu, 15 Jun 2023 12:29:19 GMT
      expires:
      - '-1'
      pragma:
      - no-cache
      server:
      - Microsoft-HTTPAPI/2.0
      - Microsoft-HTTPAPI/2.0
      strict-transport-security:
      - max-age=31536000; includeSubDomains
      transfer-encoding:
      - chunked
      vary:
      - Accept-Encoding
      x-content-type-options:
      - nosniff
      x-ms-arm-service-request-id:
      - e0184ec0-81d1-4815-a30b-e6c549b7cf8b
    status:
      code: 200
      message: OK
- request:
    body: null
    headers:
      Accept:
      - '*/*'
      Accept-Encoding:
      - gzip, deflate
      CommandName:
      - network public-ip create
      Connection:
      - keep-alive
      ParameterSetName:
      - -g -n --location --sku
      User-Agent:
      - AZURECLI/2.49.0 (AAZ) azsdk-python-core/1.26.0 Python/3.8.16 (macOS-13.4-arm64-arm-64bit)
    method: GET
    uri: https://management.azure.com/subscriptions/00000000-0000-0000-0000-000000000000/resourceGroups/clitest000001/providers/Microsoft.Network/publicIPAddresses/cliaksslbip1000002?api-version=2022-05-01
  response:
    body:
      string: "{\r\n  \"name\": \"cliaksslbip1000002\",\r\n  \"id\": \"/subscriptions/00000000-0000-0000-0000-000000000000/resourceGroups/clitest000001/providers/Microsoft.Network/publicIPAddresses/cliaksslbip1000002\"\
        ,\r\n  \"etag\": \"W/\\\"f4dae6fe-3366-4515-9c88-1fc1e61bd9d7\\\"\",\r\n \
        \ \"location\": \"westus2\",\r\n  \"properties\": {\r\n    \"provisioningState\"\
        : \"Succeeded\",\r\n    \"resourceGuid\": \"bbeb3a14-e388-40ba-af5c-5123a19cd87a\"\
        ,\r\n    \"ipAddress\": \"20.109.170.83\",\r\n    \"publicIPAddressVersion\"\
        : \"IPv4\",\r\n    \"publicIPAllocationMethod\": \"Static\",\r\n    \"idleTimeoutInMinutes\"\
        : 4,\r\n    \"ipTags\": [],\r\n    \"ddosSettings\": {\r\n      \"protectionMode\"\
        : \"VirtualNetworkInherited\"\r\n    }\r\n  },\r\n  \"type\": \"Microsoft.Network/publicIPAddresses\"\
        ,\r\n  \"sku\": {\r\n    \"name\": \"Standard\",\r\n    \"tier\": \"Regional\"\
        \r\n  }\r\n}"
    headers:
      cache-control:
      - no-cache
      content-length:
      - '768'
      content-type:
      - application/json; charset=utf-8
      date:
      - Thu, 15 Jun 2023 12:29:20 GMT
      etag:
      - W/"f4dae6fe-3366-4515-9c88-1fc1e61bd9d7"
      expires:
      - '-1'
      pragma:
      - no-cache
      server:
      - Microsoft-HTTPAPI/2.0
      - Microsoft-HTTPAPI/2.0
      strict-transport-security:
      - max-age=31536000; includeSubDomains
      transfer-encoding:
      - chunked
      vary:
      - Accept-Encoding
      x-content-type-options:
      - nosniff
      x-ms-arm-service-request-id:
      - 22702f89-84f1-40a9-a15f-5a49d6f44a41
    status:
      code: 200
      message: OK
- request:
    body: '{"location": "westus2", "properties": {"idleTimeoutInMinutes": 4, "publicIPAllocationMethod":
      "Static"}, "sku": {"name": "Standard"}}'
    headers:
      Accept:
      - application/json
      Accept-Encoding:
      - gzip, deflate
      CommandName:
      - network public-ip create
      Connection:
      - keep-alive
      Content-Length:
      - '133'
      Content-Type:
      - application/json
      ParameterSetName:
      - -g -n --location --sku
      User-Agent:
      - AZURECLI/2.49.0 (AAZ) azsdk-python-core/1.26.0 Python/3.8.16 (macOS-13.4-arm64-arm-64bit)
    method: PUT
    uri: https://management.azure.com/subscriptions/00000000-0000-0000-0000-000000000000/resourceGroups/clitest000001/providers/Microsoft.Network/publicIPAddresses/cliaksslbip2000003?api-version=2022-05-01
  response:
    body:
      string: "{\r\n  \"name\": \"cliaksslbip2000003\",\r\n  \"id\": \"/subscriptions/00000000-0000-0000-0000-000000000000/resourceGroups/clitest000001/providers/Microsoft.Network/publicIPAddresses/cliaksslbip2000003\"\
        ,\r\n  \"etag\": \"W/\\\"794125b8-9903-4c5f-9e47-59d861732021\\\"\",\r\n \
        \ \"location\": \"westus2\",\r\n  \"properties\": {\r\n    \"provisioningState\"\
        : \"Updating\",\r\n    \"resourceGuid\": \"26167e99-f88a-4fe1-9048-2582d3078296\"\
        ,\r\n    \"publicIPAddressVersion\": \"IPv4\",\r\n    \"publicIPAllocationMethod\"\
        : \"Static\",\r\n    \"idleTimeoutInMinutes\": 4,\r\n    \"ipTags\": [],\r\
        \n    \"ddosSettings\": {\r\n      \"protectionMode\": \"VirtualNetworkInherited\"\
        \r\n    }\r\n  },\r\n  \"type\": \"Microsoft.Network/publicIPAddresses\",\r\
        \n  \"sku\": {\r\n    \"name\": \"Standard\",\r\n    \"tier\": \"Regional\"\
        \r\n  }\r\n}"
    headers:
      azure-asyncnotification:
      - Enabled
      azure-asyncoperation:
      - https://management.azure.com/subscriptions/00000000-0000-0000-0000-000000000000/providers/Microsoft.Network/locations/westus2/operations/cdc3ac84-de69-43b5-9aad-8c6daa09dbbb?api-version=2022-05-01
      cache-control:
      - no-cache
      content-length:
      - '732'
      content-type:
      - application/json; charset=utf-8
      date:
      - Thu, 15 Jun 2023 12:29:22 GMT
      expires:
      - '-1'
      pragma:
      - no-cache
      server:
      - Microsoft-HTTPAPI/2.0
      - Microsoft-HTTPAPI/2.0
      strict-transport-security:
      - max-age=31536000; includeSubDomains
      x-content-type-options:
      - nosniff
      x-ms-arm-service-request-id:
      - 52eb34ce-2866-4a20-9eb1-530c1e0cf29b
      x-ms-ratelimit-remaining-subscription-writes:
      - '1199'
    status:
      code: 201
      message: Created
- request:
    body: null
    headers:
      Accept:
      - '*/*'
      Accept-Encoding:
      - gzip, deflate
      CommandName:
      - network public-ip create
      Connection:
      - keep-alive
      ParameterSetName:
      - -g -n --location --sku
      User-Agent:
      - AZURECLI/2.49.0 (AAZ) azsdk-python-core/1.26.0 Python/3.8.16 (macOS-13.4-arm64-arm-64bit)
    method: GET
    uri: https://management.azure.com/subscriptions/00000000-0000-0000-0000-000000000000/providers/Microsoft.Network/locations/westus2/operations/cdc3ac84-de69-43b5-9aad-8c6daa09dbbb?api-version=2022-05-01
  response:
    body:
      string: "{\r\n  \"status\": \"Succeeded\"\r\n}"
    headers:
      cache-control:
      - no-cache
      content-length:
      - '29'
      content-type:
      - application/json; charset=utf-8
      date:
      - Thu, 15 Jun 2023 12:29:22 GMT
      expires:
      - '-1'
      pragma:
      - no-cache
      server:
      - Microsoft-HTTPAPI/2.0
      - Microsoft-HTTPAPI/2.0
      strict-transport-security:
      - max-age=31536000; includeSubDomains
      transfer-encoding:
      - chunked
      vary:
      - Accept-Encoding
      x-content-type-options:
      - nosniff
      x-ms-arm-service-request-id:
      - 0e862abd-39b7-4b00-bf80-c4594b38887b
    status:
      code: 200
      message: OK
- request:
    body: null
    headers:
      Accept:
      - '*/*'
      Accept-Encoding:
      - gzip, deflate
      CommandName:
      - network public-ip create
      Connection:
      - keep-alive
      ParameterSetName:
      - -g -n --location --sku
      User-Agent:
      - AZURECLI/2.49.0 (AAZ) azsdk-python-core/1.26.0 Python/3.8.16 (macOS-13.4-arm64-arm-64bit)
    method: GET
    uri: https://management.azure.com/subscriptions/00000000-0000-0000-0000-000000000000/resourceGroups/clitest000001/providers/Microsoft.Network/publicIPAddresses/cliaksslbip2000003?api-version=2022-05-01
  response:
    body:
      string: "{\r\n  \"name\": \"cliaksslbip2000003\",\r\n  \"id\": \"/subscriptions/00000000-0000-0000-0000-000000000000/resourceGroups/clitest000001/providers/Microsoft.Network/publicIPAddresses/cliaksslbip2000003\"\
        ,\r\n  \"etag\": \"W/\\\"ab076aaa-bdda-4b82-b134-28a9b3e27a9c\\\"\",\r\n \
        \ \"location\": \"westus2\",\r\n  \"properties\": {\r\n    \"provisioningState\"\
        : \"Succeeded\",\r\n    \"resourceGuid\": \"26167e99-f88a-4fe1-9048-2582d3078296\"\
        ,\r\n    \"ipAddress\": \"20.83.121.81\",\r\n    \"publicIPAddressVersion\"\
        : \"IPv4\",\r\n    \"publicIPAllocationMethod\": \"Static\",\r\n    \"idleTimeoutInMinutes\"\
        : 4,\r\n    \"ipTags\": [],\r\n    \"ddosSettings\": {\r\n      \"protectionMode\"\
        : \"VirtualNetworkInherited\"\r\n    }\r\n  },\r\n  \"type\": \"Microsoft.Network/publicIPAddresses\"\
        ,\r\n  \"sku\": {\r\n    \"name\": \"Standard\",\r\n    \"tier\": \"Regional\"\
        \r\n  }\r\n}"
    headers:
      cache-control:
      - no-cache
      content-length:
      - '767'
      content-type:
      - application/json; charset=utf-8
      date:
      - Thu, 15 Jun 2023 12:29:23 GMT
      etag:
      - W/"ab076aaa-bdda-4b82-b134-28a9b3e27a9c"
      expires:
      - '-1'
      pragma:
      - no-cache
      server:
      - Microsoft-HTTPAPI/2.0
      - Microsoft-HTTPAPI/2.0
      strict-transport-security:
      - max-age=31536000; includeSubDomains
      transfer-encoding:
      - chunked
      vary:
      - Accept-Encoding
      x-content-type-options:
      - nosniff
      x-ms-arm-service-request-id:
      - e155cc56-bf35-4309-9d5b-25e307a1381f
    status:
      code: 200
      message: OK
- request:
    body: null
    headers:
      Accept:
      - application/json
      Accept-Encoding:
      - gzip, deflate
      CommandName:
      - aks create
      Connection:
      - keep-alive
      ParameterSetName:
      - --resource-group --name --location --dns-name-prefix --node-count --ssh-key-value
        --service-principal --client-secret --load-balancer-sku --vm-set-type --load-balancer-outbound-ips
      User-Agent:
      - AZURECLI/2.49.0 azsdk-python-azure-mgmt-containerservice/23.0.0 Python/3.8.16
        (macOS-13.4-arm64-arm-64bit)
    method: GET
    uri: https://management.azure.com/subscriptions/00000000-0000-0000-0000-000000000000/resourceGroups/clitest000001/providers/Microsoft.ContainerService/managedClusters/cliakstest000001?api-version=2023-05-01
  response:
    body:
      string: '{"error":{"code":"ResourceNotFound","message":"The Resource ''Microsoft.ContainerService/managedClusters/cliakstest000001''
        under resource group ''clitest000001'' was not found. For more details please
        go to https://aka.ms/ARMResourceNotFoundFix"}}'
    headers:
      cache-control:
      - no-cache
      content-length:
      - '244'
      content-type:
      - application/json; charset=utf-8
      date:
      - Thu, 15 Jun 2023 12:29:23 GMT
      expires:
      - '-1'
      pragma:
      - no-cache
      strict-transport-security:
      - max-age=31536000; includeSubDomains
      x-content-type-options:
      - nosniff
      x-ms-failure-cause:
      - gateway
    status:
      code: 404
      message: Not Found
- request:
    body: '{"location": "westus2", "properties": {"kubernetesVersion": "", "dnsPrefix":
      "cliaksdns000004", "agentPoolProfiles": [{"count": 1, "vmSize": "Standard_DS2_v2",
      "osDiskSizeGB": 0, "osType": "Linux", "enableAutoScaling": false, "type": "VirtualMachineScaleSets",
      "mode": "System", "orchestratorVersion": "", "upgradeSettings": {}, "enableNodePublicIP":
      false, "scaleSetPriority": "Regular", "scaleSetEvictionPolicy": "Delete", "spotMaxPrice":
      -1.0, "nodeTaints": [], "enableEncryptionAtHost": false, "enableUltraSSD": false,
      "enableFIPS": false, "name": "nodepool1"}], "linuxProfile": {"adminUsername":
      "azureuser", "ssh": {"publicKeys": [{"keyData": "ssh-rsa AAAAB3NzaC1yc2EAAAADAQABAAACAQCbIg1guRHbI0lV11wWDt1r2cUdcNd27CJsg+SfgC7miZeubtwUhbsPdhMQsfDyhOWHq1+ZL0M+nJZV63d/1dhmhtgyOqejUwrPlzKhydsbrsdUor+JmNJDdW01v7BXHyuymT8G4s09jCasNOwiufbP/qp72ruu0bIA1nySsvlf9pCQAuFkAnVnf/rFhUlOkhtRpwcq8SUNY2zRHR/EKb/4NWY1JzR4sa3q2fWIJdrrX0DvLoa5g9bIEd4Df79ba7v+yiUBOS0zT2ll+z4g9izHK3EO5d8hL4jYxcjKs+wcslSYRWrascfscLgMlMGh0CdKeNTDjHpGPncaf3Z+FwwwjWeuiNBxv7bJo13/8B/098KlVDl4GZqsoBCEjPyJfV6hO0y/LkRGkk7oHWKgeWAfKtfLItRp00eZ4fcJNK9kCaSMmEugoZWcI7NGbZXzqFWqbpRI7NcDP9+WIQ+i9U5vqWsqd/zng4kbuAJ6UuKqIzB0upYrLShfQE3SAck8oaLhJqqq56VfDuASNpJKidV+zq27HfSBmbXnkR/5AK337dc3MXKJypoK/QPMLKUAP5XLPbs+NddJQV7EZXd29DLgp+fRIg3edpKdO7ZErWhv7d+3Kws+e1Y+ypmR2WIVSwVyBEUfgv2C8Ts9gnTF4pNcEY/S2aBicz5Ew2+jdyGNQQ==
      test@example.com\n"}]}}, "servicePrincipalProfile": {"clientId":"00000000-0000-0000-0000-000000000001",
      "secret":"fake-secret"}, "addonProfiles": {}, "enableRBAC": true, "networkProfile":
      {"networkPlugin": "kubenet", "podCidr": "10.244.0.0/16", "serviceCidr": "10.0.0.0/16",
      "dnsServiceIP": "10.0.0.10", "outboundType": "loadBalancer", "loadBalancerSku":
      "standard", "loadBalancerProfile": {"outboundIPs": {"publicIPs": [{"id": "/subscriptions/00000000-0000-0000-0000-000000000000/resourceGroups/clitest000001/providers/Microsoft.Network/publicIPAddresses/cliaksslbip1000002"}]},
      "allocatedOutboundPorts": 0, "idleTimeoutInMinutes": 30}}, "disableLocalAccounts":
      false, "storageProfile": {}}}'
    headers:
      Accept:
      - application/json
      Accept-Encoding:
      - gzip, deflate
      CommandName:
      - aks create
      Connection:
      - keep-alive
      Content-Length:
      - '2067'
      Content-Type:
      - application/json
      ParameterSetName:
      - --resource-group --name --location --dns-name-prefix --node-count --ssh-key-value
        --service-principal --client-secret --load-balancer-sku --vm-set-type --load-balancer-outbound-ips
      User-Agent:
      - AZURECLI/2.49.0 azsdk-python-azure-mgmt-containerservice/23.0.0 Python/3.8.16
        (macOS-13.4-arm64-arm-64bit)
    method: PUT
    uri: https://management.azure.com/subscriptions/00000000-0000-0000-0000-000000000000/resourceGroups/clitest000001/providers/Microsoft.ContainerService/managedClusters/cliakstest000001?api-version=2023-05-01
  response:
    body:
      string: "{\n  \"id\": \"/subscriptions/00000000-0000-0000-0000-000000000000/resourcegroups/clitest000001/providers/Microsoft.ContainerService/managedClusters/cliakstest000001\"\
        ,\n  \"location\": \"westus2\",\n  \"name\": \"cliakstest000001\",\n  \"type\"\
        : \"Microsoft.ContainerService/ManagedClusters\",\n  \"properties\": {\n \
        \  \"provisioningState\": \"Creating\",\n   \"powerState\": {\n    \"code\"\
        : \"Running\"\n   },\n   \"kubernetesVersion\": \"1.25.6\",\n   \"currentKubernetesVersion\"\
        : \"1.25.6\",\n   \"dnsPrefix\": \"cliaksdns000004\",\n   \"fqdn\": \"cliaksdns000004-549vpxgp.hcp.westus2.azmk8s.io\"\
        ,\n   \"azurePortalFQDN\": \"cliaksdns000004-549vpxgp.portal.hcp.westus2.azmk8s.io\"\
        ,\n   \"agentPoolProfiles\": [\n    {\n     \"name\": \"nodepool1\",\n   \
        \  \"count\": 1,\n     \"vmSize\": \"Standard_DS2_v2\",\n     \"osDiskSizeGB\"\
        : 128,\n     \"osDiskType\": \"Managed\",\n     \"kubeletDiskType\": \"OS\"\
        ,\n     \"maxPods\": 110,\n     \"type\": \"VirtualMachineScaleSets\",\n \
        \    \"enableAutoScaling\": false,\n     \"provisioningState\": \"Creating\"\
        ,\n     \"powerState\": {\n      \"code\": \"Running\"\n     },\n     \"orchestratorVersion\"\
        : \"1.25.6\",\n     \"currentOrchestratorVersion\": \"1.25.6\",\n     \"enableNodePublicIP\"\
        : false,\n     \"mode\": \"System\",\n     \"enableEncryptionAtHost\": false,\n\
        \     \"enableUltraSSD\": false,\n     \"osType\": \"Linux\",\n     \"osSKU\"\
        : \"Ubuntu\",\n     \"nodeImageVersion\": \"AKSUbuntu-2204gen2containerd-202306.01.0\"\
        ,\n     \"upgradeSettings\": {},\n     \"enableFIPS\": false\n    }\n   ],\n\
        \   \"linuxProfile\": {\n    \"adminUsername\": \"azureuser\",\n    \"ssh\"\
        : {\n     \"publicKeys\": [\n      {\n       \"keyData\": \"ssh-rsa AAAAB3NzaC1yc2EAAAADAQABAAACAQCbIg1guRHbI0lV11wWDt1r2cUdcNd27CJsg+SfgC7miZeubtwUhbsPdhMQsfDyhOWHq1+ZL0M+nJZV63d/1dhmhtgyOqejUwrPlzKhydsbrsdUor+JmNJDdW01v7BXHyuymT8G4s09jCasNOwiufbP/qp72ruu0bIA1nySsvlf9pCQAuFkAnVnf/rFhUlOkhtRpwcq8SUNY2zRHR/EKb/4NWY1JzR4sa3q2fWIJdrrX0DvLoa5g9bIEd4Df79ba7v+yiUBOS0zT2ll+z4g9izHK3EO5d8hL4jYxcjKs+wcslSYRWrascfscLgMlMGh0CdKeNTDjHpGPncaf3Z+FwwwjWeuiNBxv7bJo13/8B/098KlVDl4GZqsoBCEjPyJfV6hO0y/LkRGkk7oHWKgeWAfKtfLItRp00eZ4fcJNK9kCaSMmEugoZWcI7NGbZXzqFWqbpRI7NcDP9+WIQ+i9U5vqWsqd/zng4kbuAJ6UuKqIzB0upYrLShfQE3SAck8oaLhJqqq56VfDuASNpJKidV+zq27HfSBmbXnkR/5AK337dc3MXKJypoK/QPMLKUAP5XLPbs+NddJQV7EZXd29DLgp+fRIg3edpKdO7ZErWhv7d+3Kws+e1Y+ypmR2WIVSwVyBEUfgv2C8Ts9gnTF4pNcEY/S2aBicz5Ew2+jdyGNQQ==\
        \ test@example.com\\n\"\n      }\n     ]\n    }\n   },\n   \"servicePrincipalProfile\"\
        : {\n    \"clientId\":\"00000000-0000-0000-0000-000000000001\"\n   },\n  \
        \ \"nodeResourceGroup\": \"MC_clitest000001_cliakstest000001_westus2\",\n\
        \   \"enableRBAC\": true,\n   \"supportPlan\": \"KubernetesOfficial\",\n \
        \  \"networkProfile\": {\n    \"networkPlugin\": \"kubenet\",\n    \"loadBalancerSku\"\
        : \"standard\",\n    \"loadBalancerProfile\": {\n     \"outboundIPs\": {\n\
        \      \"publicIPs\": [\n       {\n        \"id\": \"/subscriptions/00000000-0000-0000-0000-000000000000/resourceGroups/clitest000001/providers/Microsoft.Network/publicIPAddresses/cliaksslbip1000002\"\
        \n       }\n      ]\n     },\n     \"allocatedOutboundPorts\": 0,\n     \"\
        idleTimeoutInMinutes\": 30\n    },\n    \"podCidr\": \"10.244.0.0/16\",\n\
        \    \"serviceCidr\": \"10.0.0.0/16\",\n    \"dnsServiceIP\": \"10.0.0.10\"\
        ,\n    \"outboundType\": \"loadBalancer\",\n    \"podCidrs\": [\n     \"10.244.0.0/16\"\
        \n    ],\n    \"serviceCidrs\": [\n     \"10.0.0.0/16\"\n    ],\n    \"ipFamilies\"\
        : [\n     \"IPv4\"\n    ]\n   },\n   \"maxAgentPools\": 100,\n   \"disableLocalAccounts\"\
        : false,\n   \"securityProfile\": {},\n   \"storageProfile\": {\n    \"diskCSIDriver\"\
        : {\n     \"enabled\": true\n    },\n    \"fileCSIDriver\": {\n     \"enabled\"\
        : true\n    },\n    \"snapshotController\": {\n     \"enabled\": true\n  \
        \  }\n   },\n   \"oidcIssuerProfile\": {\n    \"enabled\": false\n   },\n\
        \   \"workloadAutoScalerProfile\": {}\n  },\n  \"sku\": {\n   \"name\": \"\
        Base\",\n   \"tier\": \"Free\"\n  }\n }"
    headers:
      azure-asyncoperation:
      - https://management.azure.com/subscriptions/00000000-0000-0000-0000-000000000000/providers/Microsoft.ContainerService/locations/westus2/operations/1ddb9d92-0e36-4a30-886a-42eb32f6a4ef?api-version=2016-03-30
      cache-control:
      - no-cache
      content-length:
      - '3630'
      content-type:
      - application/json
      date:
      - Thu, 15 Jun 2023 12:29:31 GMT
      expires:
      - '-1'
      pragma:
      - no-cache
      server:
      - nginx
      strict-transport-security:
      - max-age=31536000; includeSubDomains
      x-content-type-options:
      - nosniff
      x-ms-ratelimit-remaining-subscription-writes:
      - '1199'
    status:
      code: 201
      message: Created
- request:
    body: null
    headers:
      Accept:
      - '*/*'
      Accept-Encoding:
      - gzip, deflate
      CommandName:
      - aks create
      Connection:
      - keep-alive
      ParameterSetName:
      - --resource-group --name --location --dns-name-prefix --node-count --ssh-key-value
        --service-principal --client-secret --load-balancer-sku --vm-set-type --load-balancer-outbound-ips
      User-Agent:
      - AZURECLI/2.49.0 azsdk-python-azure-mgmt-containerservice/23.0.0 Python/3.8.16
        (macOS-13.4-arm64-arm-64bit)
    method: GET
    uri: https://management.azure.com/subscriptions/00000000-0000-0000-0000-000000000000/providers/Microsoft.ContainerService/locations/westus2/operations/1ddb9d92-0e36-4a30-886a-42eb32f6a4ef?api-version=2016-03-30
  response:
    body:
      string: "{\n  \"name\": \"929ddb1d-360e-304a-886a-42eb32f6a4ef\",\n  \"status\"\
        : \"InProgress\",\n  \"startTime\": \"2023-06-15T12:29:31.2583483Z\"\n }"
    headers:
      cache-control:
      - no-cache
      content-length:
      - '126'
      content-type:
      - application/json
      date:
      - Thu, 15 Jun 2023 12:29:31 GMT
      expires:
      - '-1'
      pragma:
      - no-cache
      server:
      - nginx
      strict-transport-security:
      - max-age=31536000; includeSubDomains
      transfer-encoding:
      - chunked
      vary:
      - Accept-Encoding
      x-content-type-options:
      - nosniff
    status:
      code: 200
      message: OK
- request:
    body: null
    headers:
      Accept:
      - '*/*'
      Accept-Encoding:
      - gzip, deflate
      CommandName:
      - aks create
      Connection:
      - keep-alive
      ParameterSetName:
      - --resource-group --name --location --dns-name-prefix --node-count --ssh-key-value
        --service-principal --client-secret --load-balancer-sku --vm-set-type --load-balancer-outbound-ips
      User-Agent:
      - AZURECLI/2.49.0 azsdk-python-azure-mgmt-containerservice/23.0.0 Python/3.8.16
        (macOS-13.4-arm64-arm-64bit)
    method: GET
    uri: https://management.azure.com/subscriptions/00000000-0000-0000-0000-000000000000/providers/Microsoft.ContainerService/locations/westus2/operations/1ddb9d92-0e36-4a30-886a-42eb32f6a4ef?api-version=2016-03-30
  response:
    body:
      string: "{\n  \"name\": \"929ddb1d-360e-304a-886a-42eb32f6a4ef\",\n  \"status\"\
        : \"InProgress\",\n  \"startTime\": \"2023-06-15T12:29:31.2583483Z\"\n }"
    headers:
      cache-control:
      - no-cache
      content-length:
      - '126'
      content-type:
      - application/json
      date:
      - Thu, 15 Jun 2023 12:30:01 GMT
      expires:
      - '-1'
      pragma:
      - no-cache
      server:
      - nginx
      strict-transport-security:
      - max-age=31536000; includeSubDomains
      transfer-encoding:
      - chunked
      vary:
      - Accept-Encoding
      x-content-type-options:
      - nosniff
    status:
      code: 200
      message: OK
- request:
    body: null
    headers:
      Accept:
      - '*/*'
      Accept-Encoding:
      - gzip, deflate
      CommandName:
      - aks create
      Connection:
      - keep-alive
      ParameterSetName:
      - --resource-group --name --location --dns-name-prefix --node-count --ssh-key-value
        --service-principal --client-secret --load-balancer-sku --vm-set-type --load-balancer-outbound-ips
      User-Agent:
      - AZURECLI/2.49.0 azsdk-python-azure-mgmt-containerservice/23.0.0 Python/3.8.16
        (macOS-13.4-arm64-arm-64bit)
    method: GET
    uri: https://management.azure.com/subscriptions/00000000-0000-0000-0000-000000000000/providers/Microsoft.ContainerService/locations/westus2/operations/1ddb9d92-0e36-4a30-886a-42eb32f6a4ef?api-version=2016-03-30
  response:
    body:
      string: "{\n  \"name\": \"929ddb1d-360e-304a-886a-42eb32f6a4ef\",\n  \"status\"\
        : \"InProgress\",\n  \"startTime\": \"2023-06-15T12:29:31.2583483Z\"\n }"
    headers:
      cache-control:
      - no-cache
      content-length:
      - '126'
      content-type:
      - application/json
      date:
      - Thu, 15 Jun 2023 12:30:32 GMT
      expires:
      - '-1'
      pragma:
      - no-cache
      server:
      - nginx
      strict-transport-security:
      - max-age=31536000; includeSubDomains
      transfer-encoding:
      - chunked
      vary:
      - Accept-Encoding
      x-content-type-options:
      - nosniff
    status:
      code: 200
      message: OK
- request:
    body: null
    headers:
      Accept:
      - '*/*'
      Accept-Encoding:
      - gzip, deflate
      CommandName:
      - aks create
      Connection:
      - keep-alive
      ParameterSetName:
      - --resource-group --name --location --dns-name-prefix --node-count --ssh-key-value
        --service-principal --client-secret --load-balancer-sku --vm-set-type --load-balancer-outbound-ips
      User-Agent:
      - AZURECLI/2.49.0 azsdk-python-azure-mgmt-containerservice/23.0.0 Python/3.8.16
        (macOS-13.4-arm64-arm-64bit)
    method: GET
    uri: https://management.azure.com/subscriptions/00000000-0000-0000-0000-000000000000/providers/Microsoft.ContainerService/locations/westus2/operations/1ddb9d92-0e36-4a30-886a-42eb32f6a4ef?api-version=2016-03-30
  response:
    body:
      string: "{\n  \"name\": \"929ddb1d-360e-304a-886a-42eb32f6a4ef\",\n  \"status\"\
        : \"InProgress\",\n  \"startTime\": \"2023-06-15T12:29:31.2583483Z\"\n }"
    headers:
      cache-control:
      - no-cache
      content-length:
      - '126'
      content-type:
      - application/json
      date:
      - Thu, 15 Jun 2023 12:31:02 GMT
      expires:
      - '-1'
      pragma:
      - no-cache
      server:
      - nginx
      strict-transport-security:
      - max-age=31536000; includeSubDomains
      transfer-encoding:
      - chunked
      vary:
      - Accept-Encoding
      x-content-type-options:
      - nosniff
    status:
      code: 200
      message: OK
- request:
    body: null
    headers:
      Accept:
      - '*/*'
      Accept-Encoding:
      - gzip, deflate
      CommandName:
      - aks create
      Connection:
      - keep-alive
      ParameterSetName:
      - --resource-group --name --location --dns-name-prefix --node-count --ssh-key-value
        --service-principal --client-secret --load-balancer-sku --vm-set-type --load-balancer-outbound-ips
      User-Agent:
      - AZURECLI/2.49.0 azsdk-python-azure-mgmt-containerservice/23.0.0 Python/3.8.16
        (macOS-13.4-arm64-arm-64bit)
    method: GET
    uri: https://management.azure.com/subscriptions/00000000-0000-0000-0000-000000000000/providers/Microsoft.ContainerService/locations/westus2/operations/1ddb9d92-0e36-4a30-886a-42eb32f6a4ef?api-version=2016-03-30
  response:
    body:
      string: "{\n  \"name\": \"929ddb1d-360e-304a-886a-42eb32f6a4ef\",\n  \"status\"\
        : \"InProgress\",\n  \"startTime\": \"2023-06-15T12:29:31.2583483Z\"\n }"
    headers:
      cache-control:
      - no-cache
      content-length:
      - '126'
      content-type:
      - application/json
      date:
      - Thu, 15 Jun 2023 12:31:32 GMT
      expires:
      - '-1'
      pragma:
      - no-cache
      server:
      - nginx
      strict-transport-security:
      - max-age=31536000; includeSubDomains
      transfer-encoding:
      - chunked
      vary:
      - Accept-Encoding
      x-content-type-options:
      - nosniff
    status:
      code: 200
      message: OK
- request:
    body: null
    headers:
      Accept:
      - '*/*'
      Accept-Encoding:
      - gzip, deflate
      CommandName:
      - aks create
      Connection:
      - keep-alive
      ParameterSetName:
      - --resource-group --name --location --dns-name-prefix --node-count --ssh-key-value
        --service-principal --client-secret --load-balancer-sku --vm-set-type --load-balancer-outbound-ips
      User-Agent:
      - AZURECLI/2.49.0 azsdk-python-azure-mgmt-containerservice/23.0.0 Python/3.8.16
        (macOS-13.4-arm64-arm-64bit)
    method: GET
    uri: https://management.azure.com/subscriptions/00000000-0000-0000-0000-000000000000/providers/Microsoft.ContainerService/locations/westus2/operations/1ddb9d92-0e36-4a30-886a-42eb32f6a4ef?api-version=2016-03-30
  response:
    body:
      string: "{\n  \"name\": \"929ddb1d-360e-304a-886a-42eb32f6a4ef\",\n  \"status\"\
        : \"InProgress\",\n  \"startTime\": \"2023-06-15T12:29:31.2583483Z\"\n }"
    headers:
      cache-control:
      - no-cache
      content-length:
      - '126'
      content-type:
      - application/json
      date:
      - Thu, 15 Jun 2023 12:32:01 GMT
      expires:
      - '-1'
      pragma:
      - no-cache
      server:
      - nginx
      strict-transport-security:
      - max-age=31536000; includeSubDomains
      transfer-encoding:
      - chunked
      vary:
      - Accept-Encoding
      x-content-type-options:
      - nosniff
    status:
      code: 200
      message: OK
- request:
    body: null
    headers:
      Accept:
      - '*/*'
      Accept-Encoding:
      - gzip, deflate
      CommandName:
      - aks create
      Connection:
      - keep-alive
      ParameterSetName:
      - --resource-group --name --location --dns-name-prefix --node-count --ssh-key-value
        --service-principal --client-secret --load-balancer-sku --vm-set-type --load-balancer-outbound-ips
      User-Agent:
      - AZURECLI/2.49.0 azsdk-python-azure-mgmt-containerservice/23.0.0 Python/3.8.16
        (macOS-13.4-arm64-arm-64bit)
    method: GET
    uri: https://management.azure.com/subscriptions/00000000-0000-0000-0000-000000000000/providers/Microsoft.ContainerService/locations/westus2/operations/1ddb9d92-0e36-4a30-886a-42eb32f6a4ef?api-version=2016-03-30
  response:
    body:
      string: "{\n  \"name\": \"929ddb1d-360e-304a-886a-42eb32f6a4ef\",\n  \"status\"\
        : \"InProgress\",\n  \"startTime\": \"2023-06-15T12:29:31.2583483Z\"\n }"
    headers:
      cache-control:
      - no-cache
      content-length:
      - '126'
      content-type:
      - application/json
      date:
      - Thu, 15 Jun 2023 12:32:32 GMT
      expires:
      - '-1'
      pragma:
      - no-cache
      server:
      - nginx
      strict-transport-security:
      - max-age=31536000; includeSubDomains
      transfer-encoding:
      - chunked
      vary:
      - Accept-Encoding
      x-content-type-options:
      - nosniff
    status:
      code: 200
      message: OK
- request:
    body: null
    headers:
      Accept:
      - '*/*'
      Accept-Encoding:
      - gzip, deflate
      CommandName:
      - aks create
      Connection:
      - keep-alive
      ParameterSetName:
      - --resource-group --name --location --dns-name-prefix --node-count --ssh-key-value
        --service-principal --client-secret --load-balancer-sku --vm-set-type --load-balancer-outbound-ips
      User-Agent:
      - AZURECLI/2.49.0 azsdk-python-azure-mgmt-containerservice/23.0.0 Python/3.8.16
        (macOS-13.4-arm64-arm-64bit)
    method: GET
    uri: https://management.azure.com/subscriptions/00000000-0000-0000-0000-000000000000/providers/Microsoft.ContainerService/locations/westus2/operations/1ddb9d92-0e36-4a30-886a-42eb32f6a4ef?api-version=2016-03-30
  response:
    body:
      string: "{\n  \"name\": \"929ddb1d-360e-304a-886a-42eb32f6a4ef\",\n  \"status\"\
        : \"Succeeded\",\n  \"startTime\": \"2023-06-15T12:29:31.2583483Z\",\n  \"\
        endTime\": \"2023-06-15T12:32:36.241386Z\"\n }"
    headers:
      cache-control:
      - no-cache
      content-length:
      - '169'
      content-type:
      - application/json
      date:
      - Thu, 15 Jun 2023 12:33:03 GMT
      expires:
      - '-1'
      pragma:
      - no-cache
      server:
      - nginx
      strict-transport-security:
      - max-age=31536000; includeSubDomains
      transfer-encoding:
      - chunked
      vary:
      - Accept-Encoding
      x-content-type-options:
      - nosniff
    status:
      code: 200
      message: OK
- request:
    body: null
    headers:
      Accept:
      - '*/*'
      Accept-Encoding:
      - gzip, deflate
      CommandName:
      - aks create
      Connection:
      - keep-alive
      ParameterSetName:
      - --resource-group --name --location --dns-name-prefix --node-count --ssh-key-value
        --service-principal --client-secret --load-balancer-sku --vm-set-type --load-balancer-outbound-ips
      User-Agent:
      - AZURECLI/2.49.0 azsdk-python-azure-mgmt-containerservice/23.0.0 Python/3.8.16
        (macOS-13.4-arm64-arm-64bit)
    method: GET
    uri: https://management.azure.com/subscriptions/00000000-0000-0000-0000-000000000000/resourceGroups/clitest000001/providers/Microsoft.ContainerService/managedClusters/cliakstest000001?api-version=2023-05-01
  response:
    body:
      string: "{\n  \"id\": \"/subscriptions/00000000-0000-0000-0000-000000000000/resourcegroups/clitest000001/providers/Microsoft.ContainerService/managedClusters/cliakstest000001\"\
        ,\n  \"location\": \"westus2\",\n  \"name\": \"cliakstest000001\",\n  \"type\"\
        : \"Microsoft.ContainerService/ManagedClusters\",\n  \"properties\": {\n \
        \  \"provisioningState\": \"Succeeded\",\n   \"powerState\": {\n    \"code\"\
        : \"Running\"\n   },\n   \"kubernetesVersion\": \"1.25.6\",\n   \"currentKubernetesVersion\"\
        : \"1.25.6\",\n   \"dnsPrefix\": \"cliaksdns000004\",\n   \"fqdn\": \"cliaksdns000004-549vpxgp.hcp.westus2.azmk8s.io\"\
        ,\n   \"azurePortalFQDN\": \"cliaksdns000004-549vpxgp.portal.hcp.westus2.azmk8s.io\"\
        ,\n   \"agentPoolProfiles\": [\n    {\n     \"name\": \"nodepool1\",\n   \
        \  \"count\": 1,\n     \"vmSize\": \"Standard_DS2_v2\",\n     \"osDiskSizeGB\"\
        : 128,\n     \"osDiskType\": \"Managed\",\n     \"kubeletDiskType\": \"OS\"\
        ,\n     \"maxPods\": 110,\n     \"type\": \"VirtualMachineScaleSets\",\n \
        \    \"enableAutoScaling\": false,\n     \"provisioningState\": \"Succeeded\"\
        ,\n     \"powerState\": {\n      \"code\": \"Running\"\n     },\n     \"orchestratorVersion\"\
        : \"1.25.6\",\n     \"currentOrchestratorVersion\": \"1.25.6\",\n     \"enableNodePublicIP\"\
        : false,\n     \"mode\": \"System\",\n     \"enableEncryptionAtHost\": false,\n\
        \     \"enableUltraSSD\": false,\n     \"osType\": \"Linux\",\n     \"osSKU\"\
        : \"Ubuntu\",\n     \"nodeImageVersion\": \"AKSUbuntu-2204gen2containerd-202306.01.0\"\
        ,\n     \"upgradeSettings\": {},\n     \"enableFIPS\": false\n    }\n   ],\n\
        \   \"linuxProfile\": {\n    \"adminUsername\": \"azureuser\",\n    \"ssh\"\
        : {\n     \"publicKeys\": [\n      {\n       \"keyData\": \"ssh-rsa AAAAB3NzaC1yc2EAAAADAQABAAACAQCbIg1guRHbI0lV11wWDt1r2cUdcNd27CJsg+SfgC7miZeubtwUhbsPdhMQsfDyhOWHq1+ZL0M+nJZV63d/1dhmhtgyOqejUwrPlzKhydsbrsdUor+JmNJDdW01v7BXHyuymT8G4s09jCasNOwiufbP/qp72ruu0bIA1nySsvlf9pCQAuFkAnVnf/rFhUlOkhtRpwcq8SUNY2zRHR/EKb/4NWY1JzR4sa3q2fWIJdrrX0DvLoa5g9bIEd4Df79ba7v+yiUBOS0zT2ll+z4g9izHK3EO5d8hL4jYxcjKs+wcslSYRWrascfscLgMlMGh0CdKeNTDjHpGPncaf3Z+FwwwjWeuiNBxv7bJo13/8B/098KlVDl4GZqsoBCEjPyJfV6hO0y/LkRGkk7oHWKgeWAfKtfLItRp00eZ4fcJNK9kCaSMmEugoZWcI7NGbZXzqFWqbpRI7NcDP9+WIQ+i9U5vqWsqd/zng4kbuAJ6UuKqIzB0upYrLShfQE3SAck8oaLhJqqq56VfDuASNpJKidV+zq27HfSBmbXnkR/5AK337dc3MXKJypoK/QPMLKUAP5XLPbs+NddJQV7EZXd29DLgp+fRIg3edpKdO7ZErWhv7d+3Kws+e1Y+ypmR2WIVSwVyBEUfgv2C8Ts9gnTF4pNcEY/S2aBicz5Ew2+jdyGNQQ==\
        \ test@example.com\\n\"\n      }\n     ]\n    }\n   },\n   \"servicePrincipalProfile\"\
        : {\n    \"clientId\":\"00000000-0000-0000-0000-000000000001\"\n   },\n  \
        \ \"nodeResourceGroup\": \"MC_clitest000001_cliakstest000001_westus2\",\n\
        \   \"enableRBAC\": true,\n   \"supportPlan\": \"KubernetesOfficial\",\n \
        \  \"networkProfile\": {\n    \"networkPlugin\": \"kubenet\",\n    \"loadBalancerSku\"\
        : \"Standard\",\n    \"loadBalancerProfile\": {\n     \"outboundIPs\": {\n\
        \      \"publicIPs\": [\n       {\n        \"id\": \"/subscriptions/00000000-0000-0000-0000-000000000000/resourceGroups/clitest000001/providers/Microsoft.Network/publicIPAddresses/cliaksslbip1000002\"\
        \n       }\n      ]\n     },\n     \"effectiveOutboundIPs\": [\n      {\n\
        \       \"id\": \"/subscriptions/00000000-0000-0000-0000-000000000000/resourceGroups/clitest000001/providers/Microsoft.Network/publicIPAddresses/cliaksslbip1000002\"\
        \n      }\n     ],\n     \"allocatedOutboundPorts\": 0,\n     \"idleTimeoutInMinutes\"\
        : 30\n    },\n    \"podCidr\": \"10.244.0.0/16\",\n    \"serviceCidr\": \"\
        10.0.0.0/16\",\n    \"dnsServiceIP\": \"10.0.0.10\",\n    \"outboundType\"\
        : \"loadBalancer\",\n    \"podCidrs\": [\n     \"10.244.0.0/16\"\n    ],\n\
        \    \"serviceCidrs\": [\n     \"10.0.0.0/16\"\n    ],\n    \"ipFamilies\"\
        : [\n     \"IPv4\"\n    ]\n   },\n   \"maxAgentPools\": 100,\n   \"disableLocalAccounts\"\
        : false,\n   \"securityProfile\": {},\n   \"storageProfile\": {\n    \"diskCSIDriver\"\
        : {\n     \"enabled\": true\n    },\n    \"fileCSIDriver\": {\n     \"enabled\"\
        : true\n    },\n    \"snapshotController\": {\n     \"enabled\": true\n  \
        \  }\n   },\n   \"oidcIssuerProfile\": {\n    \"enabled\": false\n   },\n\
        \   \"workloadAutoScalerProfile\": {}\n  },\n  \"sku\": {\n   \"name\": \"\
        Base\",\n   \"tier\": \"Free\"\n  }\n }"
    headers:
      cache-control:
      - no-cache
      content-length:
      - '3848'
      content-type:
      - application/json
      date:
      - Thu, 15 Jun 2023 12:33:03 GMT
      expires:
      - '-1'
      pragma:
      - no-cache
      server:
      - nginx
      strict-transport-security:
      - max-age=31536000; includeSubDomains
      transfer-encoding:
      - chunked
      vary:
      - Accept-Encoding
      x-content-type-options:
      - nosniff
    status:
      code: 200
      message: OK
- request:
    body: null
    headers:
      Accept:
      - application/json
      Accept-Encoding:
      - gzip, deflate
      CommandName:
      - aks list
      Connection:
      - keep-alive
      ParameterSetName:
      - -g
      User-Agent:
      - AZURECLI/2.49.0 azsdk-python-azure-mgmt-containerservice/23.0.0 Python/3.8.16
        (macOS-13.4-arm64-arm-64bit)
    method: GET
    uri: https://management.azure.com/subscriptions/00000000-0000-0000-0000-000000000000/resourceGroups/clitest000001/providers/Microsoft.ContainerService/managedClusters?api-version=2023-05-01
  response:
    body:
      string: "{\n  \"value\": [\n   {\n    \"id\": \"/subscriptions/00000000-0000-0000-0000-000000000000/resourcegroups/clitest000001/providers/Microsoft.ContainerService/managedClusters/cliakstest000001\"\
        ,\n    \"location\": \"westus2\",\n    \"name\": \"cliakstest000001\",\n \
        \   \"type\": \"Microsoft.ContainerService/ManagedClusters\",\n    \"properties\"\
        : {\n     \"provisioningState\": \"Succeeded\",\n     \"powerState\": {\n\
        \      \"code\": \"Running\"\n     },\n     \"kubernetesVersion\": \"1.25.6\"\
        ,\n     \"currentKubernetesVersion\": \"1.25.6\",\n     \"dnsPrefix\": \"\
        cliaksdns000004\",\n     \"fqdn\": \"cliaksdns000004-549vpxgp.hcp.westus2.azmk8s.io\"\
        ,\n     \"azurePortalFQDN\": \"cliaksdns000004-549vpxgp.portal.hcp.westus2.azmk8s.io\"\
        ,\n     \"agentPoolProfiles\": [\n      {\n       \"name\": \"nodepool1\"\
        ,\n       \"count\": 1,\n       \"vmSize\": \"Standard_DS2_v2\",\n       \"\
        osDiskSizeGB\": 128,\n       \"osDiskType\": \"Managed\",\n       \"kubeletDiskType\"\
        : \"OS\",\n       \"maxPods\": 110,\n       \"type\": \"VirtualMachineScaleSets\"\
        ,\n       \"enableAutoScaling\": false,\n       \"provisioningState\": \"\
        Succeeded\",\n       \"powerState\": {\n        \"code\": \"Running\"\n  \
        \     },\n       \"orchestratorVersion\": \"1.25.6\",\n       \"currentOrchestratorVersion\"\
        : \"1.25.6\",\n       \"enableNodePublicIP\": false,\n       \"mode\": \"\
        System\",\n       \"enableEncryptionAtHost\": false,\n       \"enableUltraSSD\"\
        : false,\n       \"osType\": \"Linux\",\n       \"osSKU\": \"Ubuntu\",\n \
        \      \"nodeImageVersion\": \"AKSUbuntu-2204gen2containerd-202306.01.0\"\
        ,\n       \"upgradeSettings\": {},\n       \"enableFIPS\": false\n      }\n\
        \     ],\n     \"linuxProfile\": {\n      \"adminUsername\": \"azureuser\"\
        ,\n      \"ssh\": {\n       \"publicKeys\": [\n        {\n         \"keyData\"\
        : \"ssh-rsa AAAAB3NzaC1yc2EAAAADAQABAAACAQCbIg1guRHbI0lV11wWDt1r2cUdcNd27CJsg+SfgC7miZeubtwUhbsPdhMQsfDyhOWHq1+ZL0M+nJZV63d/1dhmhtgyOqejUwrPlzKhydsbrsdUor+JmNJDdW01v7BXHyuymT8G4s09jCasNOwiufbP/qp72ruu0bIA1nySsvlf9pCQAuFkAnVnf/rFhUlOkhtRpwcq8SUNY2zRHR/EKb/4NWY1JzR4sa3q2fWIJdrrX0DvLoa5g9bIEd4Df79ba7v+yiUBOS0zT2ll+z4g9izHK3EO5d8hL4jYxcjKs+wcslSYRWrascfscLgMlMGh0CdKeNTDjHpGPncaf3Z+FwwwjWeuiNBxv7bJo13/8B/098KlVDl4GZqsoBCEjPyJfV6hO0y/LkRGkk7oHWKgeWAfKtfLItRp00eZ4fcJNK9kCaSMmEugoZWcI7NGbZXzqFWqbpRI7NcDP9+WIQ+i9U5vqWsqd/zng4kbuAJ6UuKqIzB0upYrLShfQE3SAck8oaLhJqqq56VfDuASNpJKidV+zq27HfSBmbXnkR/5AK337dc3MXKJypoK/QPMLKUAP5XLPbs+NddJQV7EZXd29DLgp+fRIg3edpKdO7ZErWhv7d+3Kws+e1Y+ypmR2WIVSwVyBEUfgv2C8Ts9gnTF4pNcEY/S2aBicz5Ew2+jdyGNQQ==\
        \ test@example.com\\n\"\n        }\n       ]\n      }\n     },\n     \"servicePrincipalProfile\"\
        : {\n      \"clientId\":\"00000000-0000-0000-0000-000000000001\"\n     },\n\
        \     \"nodeResourceGroup\": \"MC_clitest000001_cliakstest000001_westus2\"\
        ,\n     \"enableRBAC\": true,\n     \"supportPlan\": \"KubernetesOfficial\"\
        ,\n     \"networkProfile\": {\n      \"networkPlugin\": \"kubenet\",\n   \
        \   \"loadBalancerSku\": \"Standard\",\n      \"loadBalancerProfile\": {\n\
        \       \"outboundIPs\": {\n        \"publicIPs\": [\n         {\n       \
        \   \"id\": \"/subscriptions/00000000-0000-0000-0000-000000000000/resourceGroups/clitest000001/providers/Microsoft.Network/publicIPAddresses/cliaksslbip1000002\"\
        \n         }\n        ]\n       },\n       \"effectiveOutboundIPs\": [\n \
        \       {\n         \"id\": \"/subscriptions/00000000-0000-0000-0000-000000000000/resourceGroups/clitest000001/providers/Microsoft.Network/publicIPAddresses/cliaksslbip1000002\"\
        \n        }\n       ],\n       \"allocatedOutboundPorts\": 0,\n       \"idleTimeoutInMinutes\"\
        : 30\n      },\n      \"podCidr\": \"10.244.0.0/16\",\n      \"serviceCidr\"\
        : \"10.0.0.0/16\",\n      \"dnsServiceIP\": \"10.0.0.10\",\n      \"outboundType\"\
        : \"loadBalancer\",\n      \"podCidrs\": [\n       \"10.244.0.0/16\"\n   \
        \   ],\n      \"serviceCidrs\": [\n       \"10.0.0.0/16\"\n      ],\n    \
        \  \"ipFamilies\": [\n       \"IPv4\"\n      ]\n     },\n     \"maxAgentPools\"\
        : 100,\n     \"disableLocalAccounts\": false,\n     \"securityProfile\": {},\n\
        \     \"storageProfile\": {\n      \"diskCSIDriver\": {\n       \"enabled\"\
        : true\n      },\n      \"fileCSIDriver\": {\n       \"enabled\": true\n \
        \     },\n      \"snapshotController\": {\n       \"enabled\": true\n    \
        \  }\n     },\n     \"oidcIssuerProfile\": {\n      \"enabled\": false\n \
        \    },\n     \"workloadAutoScalerProfile\": {}\n    },\n    \"sku\": {\n\
        \     \"name\": \"Base\",\n     \"tier\": \"Free\"\n    }\n   }\n  ]\n }"
    headers:
      cache-control:
      - no-cache
      content-length:
      - '4103'
      content-type:
      - application/json
      date:
      - Thu, 15 Jun 2023 12:33:04 GMT
      expires:
      - '-1'
      pragma:
      - no-cache
      server:
      - nginx
      strict-transport-security:
      - max-age=31536000; includeSubDomains
      transfer-encoding:
      - chunked
      vary:
      - Accept-Encoding
      x-content-type-options:
      - nosniff
    status:
      code: 200
      message: OK
- request:
    body: null
    headers:
      Accept:
      - application/json
      Accept-Encoding:
      - gzip, deflate
      CommandName:
      - aks list
      Connection:
      - keep-alive
      ParameterSetName:
      - -g -o
      User-Agent:
      - AZURECLI/2.49.0 azsdk-python-azure-mgmt-containerservice/23.0.0 Python/3.8.16
        (macOS-13.4-arm64-arm-64bit)
    method: GET
    uri: https://management.azure.com/subscriptions/00000000-0000-0000-0000-000000000000/resourceGroups/clitest000001/providers/Microsoft.ContainerService/managedClusters?api-version=2023-05-01
  response:
    body:
      string: "{\n  \"value\": [\n   {\n    \"id\": \"/subscriptions/00000000-0000-0000-0000-000000000000/resourcegroups/clitest000001/providers/Microsoft.ContainerService/managedClusters/cliakstest000001\"\
        ,\n    \"location\": \"westus2\",\n    \"name\": \"cliakstest000001\",\n \
        \   \"type\": \"Microsoft.ContainerService/ManagedClusters\",\n    \"properties\"\
        : {\n     \"provisioningState\": \"Succeeded\",\n     \"powerState\": {\n\
        \      \"code\": \"Running\"\n     },\n     \"kubernetesVersion\": \"1.25.6\"\
        ,\n     \"currentKubernetesVersion\": \"1.25.6\",\n     \"dnsPrefix\": \"\
        cliaksdns000004\",\n     \"fqdn\": \"cliaksdns000004-549vpxgp.hcp.westus2.azmk8s.io\"\
        ,\n     \"azurePortalFQDN\": \"cliaksdns000004-549vpxgp.portal.hcp.westus2.azmk8s.io\"\
        ,\n     \"agentPoolProfiles\": [\n      {\n       \"name\": \"nodepool1\"\
        ,\n       \"count\": 1,\n       \"vmSize\": \"Standard_DS2_v2\",\n       \"\
        osDiskSizeGB\": 128,\n       \"osDiskType\": \"Managed\",\n       \"kubeletDiskType\"\
        : \"OS\",\n       \"maxPods\": 110,\n       \"type\": \"VirtualMachineScaleSets\"\
        ,\n       \"enableAutoScaling\": false,\n       \"provisioningState\": \"\
        Succeeded\",\n       \"powerState\": {\n        \"code\": \"Running\"\n  \
        \     },\n       \"orchestratorVersion\": \"1.25.6\",\n       \"currentOrchestratorVersion\"\
        : \"1.25.6\",\n       \"enableNodePublicIP\": false,\n       \"mode\": \"\
        System\",\n       \"enableEncryptionAtHost\": false,\n       \"enableUltraSSD\"\
        : false,\n       \"osType\": \"Linux\",\n       \"osSKU\": \"Ubuntu\",\n \
        \      \"nodeImageVersion\": \"AKSUbuntu-2204gen2containerd-202306.01.0\"\
        ,\n       \"upgradeSettings\": {},\n       \"enableFIPS\": false\n      }\n\
        \     ],\n     \"linuxProfile\": {\n      \"adminUsername\": \"azureuser\"\
        ,\n      \"ssh\": {\n       \"publicKeys\": [\n        {\n         \"keyData\"\
        : \"ssh-rsa AAAAB3NzaC1yc2EAAAADAQABAAACAQCbIg1guRHbI0lV11wWDt1r2cUdcNd27CJsg+SfgC7miZeubtwUhbsPdhMQsfDyhOWHq1+ZL0M+nJZV63d/1dhmhtgyOqejUwrPlzKhydsbrsdUor+JmNJDdW01v7BXHyuymT8G4s09jCasNOwiufbP/qp72ruu0bIA1nySsvlf9pCQAuFkAnVnf/rFhUlOkhtRpwcq8SUNY2zRHR/EKb/4NWY1JzR4sa3q2fWIJdrrX0DvLoa5g9bIEd4Df79ba7v+yiUBOS0zT2ll+z4g9izHK3EO5d8hL4jYxcjKs+wcslSYRWrascfscLgMlMGh0CdKeNTDjHpGPncaf3Z+FwwwjWeuiNBxv7bJo13/8B/098KlVDl4GZqsoBCEjPyJfV6hO0y/LkRGkk7oHWKgeWAfKtfLItRp00eZ4fcJNK9kCaSMmEugoZWcI7NGbZXzqFWqbpRI7NcDP9+WIQ+i9U5vqWsqd/zng4kbuAJ6UuKqIzB0upYrLShfQE3SAck8oaLhJqqq56VfDuASNpJKidV+zq27HfSBmbXnkR/5AK337dc3MXKJypoK/QPMLKUAP5XLPbs+NddJQV7EZXd29DLgp+fRIg3edpKdO7ZErWhv7d+3Kws+e1Y+ypmR2WIVSwVyBEUfgv2C8Ts9gnTF4pNcEY/S2aBicz5Ew2+jdyGNQQ==\
        \ test@example.com\\n\"\n        }\n       ]\n      }\n     },\n     \"servicePrincipalProfile\"\
        : {\n      \"clientId\":\"00000000-0000-0000-0000-000000000001\"\n     },\n\
        \     \"nodeResourceGroup\": \"MC_clitest000001_cliakstest000001_westus2\"\
        ,\n     \"enableRBAC\": true,\n     \"supportPlan\": \"KubernetesOfficial\"\
        ,\n     \"networkProfile\": {\n      \"networkPlugin\": \"kubenet\",\n   \
        \   \"loadBalancerSku\": \"Standard\",\n      \"loadBalancerProfile\": {\n\
        \       \"outboundIPs\": {\n        \"publicIPs\": [\n         {\n       \
        \   \"id\": \"/subscriptions/00000000-0000-0000-0000-000000000000/resourceGroups/clitest000001/providers/Microsoft.Network/publicIPAddresses/cliaksslbip1000002\"\
        \n         }\n        ]\n       },\n       \"effectiveOutboundIPs\": [\n \
        \       {\n         \"id\": \"/subscriptions/00000000-0000-0000-0000-000000000000/resourceGroups/clitest000001/providers/Microsoft.Network/publicIPAddresses/cliaksslbip1000002\"\
        \n        }\n       ],\n       \"allocatedOutboundPorts\": 0,\n       \"idleTimeoutInMinutes\"\
        : 30\n      },\n      \"podCidr\": \"10.244.0.0/16\",\n      \"serviceCidr\"\
        : \"10.0.0.0/16\",\n      \"dnsServiceIP\": \"10.0.0.10\",\n      \"outboundType\"\
        : \"loadBalancer\",\n      \"podCidrs\": [\n       \"10.244.0.0/16\"\n   \
        \   ],\n      \"serviceCidrs\": [\n       \"10.0.0.0/16\"\n      ],\n    \
        \  \"ipFamilies\": [\n       \"IPv4\"\n      ]\n     },\n     \"maxAgentPools\"\
        : 100,\n     \"disableLocalAccounts\": false,\n     \"securityProfile\": {},\n\
        \     \"storageProfile\": {\n      \"diskCSIDriver\": {\n       \"enabled\"\
        : true\n      },\n      \"fileCSIDriver\": {\n       \"enabled\": true\n \
        \     },\n      \"snapshotController\": {\n       \"enabled\": true\n    \
        \  }\n     },\n     \"oidcIssuerProfile\": {\n      \"enabled\": false\n \
        \    },\n     \"workloadAutoScalerProfile\": {}\n    },\n    \"sku\": {\n\
        \     \"name\": \"Base\",\n     \"tier\": \"Free\"\n    }\n   }\n  ]\n }"
    headers:
      cache-control:
      - no-cache
      content-length:
      - '4103'
      content-type:
      - application/json
      date:
      - Thu, 15 Jun 2023 12:33:06 GMT
      expires:
      - '-1'
      pragma:
      - no-cache
      server:
      - nginx
      strict-transport-security:
      - max-age=31536000; includeSubDomains
      transfer-encoding:
      - chunked
      vary:
      - Accept-Encoding
      x-content-type-options:
      - nosniff
    status:
      code: 200
      message: OK
- request:
    body: null
    headers:
      Accept:
      - application/json
      Accept-Encoding:
      - gzip, deflate
      CommandName:
      - aks show
      Connection:
      - keep-alive
      ParameterSetName:
      - -g -n
      User-Agent:
      - AZURECLI/2.49.0 azsdk-python-azure-mgmt-containerservice/23.0.0 Python/3.8.16
        (macOS-13.4-arm64-arm-64bit)
    method: GET
    uri: https://management.azure.com/subscriptions/00000000-0000-0000-0000-000000000000/resourceGroups/clitest000001/providers/Microsoft.ContainerService/managedClusters/cliakstest000001?api-version=2023-05-01
  response:
    body:
      string: "{\n  \"id\": \"/subscriptions/00000000-0000-0000-0000-000000000000/resourcegroups/clitest000001/providers/Microsoft.ContainerService/managedClusters/cliakstest000001\"\
        ,\n  \"location\": \"westus2\",\n  \"name\": \"cliakstest000001\",\n  \"type\"\
        : \"Microsoft.ContainerService/ManagedClusters\",\n  \"properties\": {\n \
        \  \"provisioningState\": \"Succeeded\",\n   \"powerState\": {\n    \"code\"\
        : \"Running\"\n   },\n   \"kubernetesVersion\": \"1.25.6\",\n   \"currentKubernetesVersion\"\
        : \"1.25.6\",\n   \"dnsPrefix\": \"cliaksdns000004\",\n   \"fqdn\": \"cliaksdns000004-549vpxgp.hcp.westus2.azmk8s.io\"\
        ,\n   \"azurePortalFQDN\": \"cliaksdns000004-549vpxgp.portal.hcp.westus2.azmk8s.io\"\
        ,\n   \"agentPoolProfiles\": [\n    {\n     \"name\": \"nodepool1\",\n   \
        \  \"count\": 1,\n     \"vmSize\": \"Standard_DS2_v2\",\n     \"osDiskSizeGB\"\
        : 128,\n     \"osDiskType\": \"Managed\",\n     \"kubeletDiskType\": \"OS\"\
        ,\n     \"maxPods\": 110,\n     \"type\": \"VirtualMachineScaleSets\",\n \
        \    \"enableAutoScaling\": false,\n     \"provisioningState\": \"Succeeded\"\
        ,\n     \"powerState\": {\n      \"code\": \"Running\"\n     },\n     \"orchestratorVersion\"\
        : \"1.25.6\",\n     \"currentOrchestratorVersion\": \"1.25.6\",\n     \"enableNodePublicIP\"\
        : false,\n     \"mode\": \"System\",\n     \"enableEncryptionAtHost\": false,\n\
        \     \"enableUltraSSD\": false,\n     \"osType\": \"Linux\",\n     \"osSKU\"\
        : \"Ubuntu\",\n     \"nodeImageVersion\": \"AKSUbuntu-2204gen2containerd-202306.01.0\"\
        ,\n     \"upgradeSettings\": {},\n     \"enableFIPS\": false\n    }\n   ],\n\
        \   \"linuxProfile\": {\n    \"adminUsername\": \"azureuser\",\n    \"ssh\"\
        : {\n     \"publicKeys\": [\n      {\n       \"keyData\": \"ssh-rsa AAAAB3NzaC1yc2EAAAADAQABAAACAQCbIg1guRHbI0lV11wWDt1r2cUdcNd27CJsg+SfgC7miZeubtwUhbsPdhMQsfDyhOWHq1+ZL0M+nJZV63d/1dhmhtgyOqejUwrPlzKhydsbrsdUor+JmNJDdW01v7BXHyuymT8G4s09jCasNOwiufbP/qp72ruu0bIA1nySsvlf9pCQAuFkAnVnf/rFhUlOkhtRpwcq8SUNY2zRHR/EKb/4NWY1JzR4sa3q2fWIJdrrX0DvLoa5g9bIEd4Df79ba7v+yiUBOS0zT2ll+z4g9izHK3EO5d8hL4jYxcjKs+wcslSYRWrascfscLgMlMGh0CdKeNTDjHpGPncaf3Z+FwwwjWeuiNBxv7bJo13/8B/098KlVDl4GZqsoBCEjPyJfV6hO0y/LkRGkk7oHWKgeWAfKtfLItRp00eZ4fcJNK9kCaSMmEugoZWcI7NGbZXzqFWqbpRI7NcDP9+WIQ+i9U5vqWsqd/zng4kbuAJ6UuKqIzB0upYrLShfQE3SAck8oaLhJqqq56VfDuASNpJKidV+zq27HfSBmbXnkR/5AK337dc3MXKJypoK/QPMLKUAP5XLPbs+NddJQV7EZXd29DLgp+fRIg3edpKdO7ZErWhv7d+3Kws+e1Y+ypmR2WIVSwVyBEUfgv2C8Ts9gnTF4pNcEY/S2aBicz5Ew2+jdyGNQQ==\
        \ test@example.com\\n\"\n      }\n     ]\n    }\n   },\n   \"servicePrincipalProfile\"\
        : {\n    \"clientId\":\"00000000-0000-0000-0000-000000000001\"\n   },\n  \
        \ \"nodeResourceGroup\": \"MC_clitest000001_cliakstest000001_westus2\",\n\
        \   \"enableRBAC\": true,\n   \"supportPlan\": \"KubernetesOfficial\",\n \
        \  \"networkProfile\": {\n    \"networkPlugin\": \"kubenet\",\n    \"loadBalancerSku\"\
        : \"Standard\",\n    \"loadBalancerProfile\": {\n     \"outboundIPs\": {\n\
        \      \"publicIPs\": [\n       {\n        \"id\": \"/subscriptions/00000000-0000-0000-0000-000000000000/resourceGroups/clitest000001/providers/Microsoft.Network/publicIPAddresses/cliaksslbip1000002\"\
        \n       }\n      ]\n     },\n     \"effectiveOutboundIPs\": [\n      {\n\
        \       \"id\": \"/subscriptions/00000000-0000-0000-0000-000000000000/resourceGroups/clitest000001/providers/Microsoft.Network/publicIPAddresses/cliaksslbip1000002\"\
        \n      }\n     ],\n     \"allocatedOutboundPorts\": 0,\n     \"idleTimeoutInMinutes\"\
        : 30\n    },\n    \"podCidr\": \"10.244.0.0/16\",\n    \"serviceCidr\": \"\
        10.0.0.0/16\",\n    \"dnsServiceIP\": \"10.0.0.10\",\n    \"outboundType\"\
        : \"loadBalancer\",\n    \"podCidrs\": [\n     \"10.244.0.0/16\"\n    ],\n\
        \    \"serviceCidrs\": [\n     \"10.0.0.0/16\"\n    ],\n    \"ipFamilies\"\
        : [\n     \"IPv4\"\n    ]\n   },\n   \"maxAgentPools\": 100,\n   \"disableLocalAccounts\"\
        : false,\n   \"securityProfile\": {},\n   \"storageProfile\": {\n    \"diskCSIDriver\"\
        : {\n     \"enabled\": true\n    },\n    \"fileCSIDriver\": {\n     \"enabled\"\
        : true\n    },\n    \"snapshotController\": {\n     \"enabled\": true\n  \
        \  }\n   },\n   \"oidcIssuerProfile\": {\n    \"enabled\": false\n   },\n\
        \   \"workloadAutoScalerProfile\": {}\n  },\n  \"sku\": {\n   \"name\": \"\
        Base\",\n   \"tier\": \"Free\"\n  }\n }"
    headers:
      cache-control:
      - no-cache
      content-length:
      - '3848'
      content-type:
      - application/json
      date:
      - Thu, 15 Jun 2023 12:33:07 GMT
      expires:
      - '-1'
      pragma:
      - no-cache
      server:
      - nginx
      strict-transport-security:
      - max-age=31536000; includeSubDomains
      transfer-encoding:
      - chunked
      vary:
      - Accept-Encoding
      x-content-type-options:
      - nosniff
    status:
      code: 200
      message: OK
- request:
    body: null
    headers:
      Accept:
      - application/json
      Accept-Encoding:
      - gzip, deflate
      CommandName:
      - aks get-credentials
      Connection:
      - keep-alive
      Content-Length:
      - '0'
      ParameterSetName:
      - -g -n --file
      User-Agent:
      - AZURECLI/2.49.0 azsdk-python-azure-mgmt-containerservice/23.0.0 Python/3.8.16
        (macOS-13.4-arm64-arm-64bit)
    method: POST
    uri: https://management.azure.com/subscriptions/00000000-0000-0000-0000-000000000000/resourceGroups/clitest000001/providers/Microsoft.ContainerService/managedClusters/cliakstest000001/listClusterUserCredential?api-version=2023-05-01
  response:
    body:
      string: "{\n  \"kubeconfigs\": [\n   {\n    \"name\": \"clusterUser\",\n   \
        \ \"value\": \"YXBpVmVyc2lvbjogdjEKY2x1c3RlcnM6Ci0gY2x1c3RlcjoKICAgIGNlcnRpZmljYXRlLWF1dGhvcml0eS1kYXRhOiBMUzB0TFMxQ1JVZEpUaUJEUlZKVVNVWkpRMEZVUlMwdExTMHRDazFKU1VVMlJFTkRRWFJEWjBGM1NVSkJaMGxSVDFCWVZVWk1RVGRET1ZOdVpqRkplazE0YUVGaGFrRk9RbWRyY1docmFVYzVkekJDUVZGelJrRkVRVTRLVFZGemQwTlJXVVJXVVZGRVJYZEthbGxVUVdkR2R6QjVUWHBCTWsxVVZYaE5ha1UxVGxSV1lVZEJPSGxOUkZWNlRVUlplRTVVUlhsTmFtc3hUbFp2ZHdwRVZFVk1UVUZyUjBFeFZVVkJlRTFEV1RKRmQyZG5TV2xOUVRCSFExTnhSMU5KWWpORVVVVkNRVkZWUVVFMFNVTkVkMEYzWjJkSlMwRnZTVU5CVVVST0NqVjZiRGRtZUc0M1lVUXJXWFYxT1hGMllYWjBibk4wVUVoVE4zVkZjM1pSYkRkSGJXRk9abmNyVkZkdWFEZHBURmREUzJGSkszTjZOMlpIT0ZGTGN6a0tUM1ZOZGxkdU5YY3hVWHBUTldKdFlWaGlSbVJ5VVc4M04xVkpNR2t6ZHpoYU1HTkRTbEJFTmk5bFdIcDRRMUpRZFVjeU5reDJkbVJ6YURCamVIZFlVQXB3UmtSck9FWlRWaXRZU2pkMWVXZzRjamRMVFRSdlpHcE5Vak4yTDI5dFNEaHBhMnRJU2twTmFsUk1ZMUZuZFRaSVdURjZZVFJvUVdwRlZVeDBRa2xJQ2xkTloyMXZXRFJNTlRKRE1sQXhOWGczWTBrdmJGcGhXWFZMY0U1aWRFMUdiM1pqTld0SlpIQmtURXRWVjFCU04xRkNNVFpSVVUwdmFYWnZORUpIYVhFS2QwcG5aMDlOTW5kbFpVTnhiV2czVEZOSmFVSkpSMVpTVmxKUlpHWmxTVmN3V0dsV0sxTlJUMHMzSzB0S2RUZGtibU5tV2k5c0t6SllTbWRTUzB0VGN3bzBZak4yTUVseVFWaHBRWFpHWWs1WFdYbFZNRFprTWtWb1dVNXVWbVpYT1VvNWFUVTBVRGRyUkcxd2QyOWhXbmRWTVVoVVMwTjVSR2xtVkVwelRrcE1DbWxITkZkVVlYUlhOMUpqVWtrNGN6WmlOMUppVEZCbVUwSlVNRTVrVmtSVFdXNXNhWEJGZDNWNWQwaFFTM0JRVDBVNGVXdHNVVEUwTkZKRmJVUjFaRVFLUzFCcmIxVmFSVGs1VWs4d2VWb3pZVlJRUTBRcldXMTRVR0pUTHpGTVR6Y3lTM0I0WTJscFdHRTVjVmRDZFVoWWEyZDVLMmRET0ZkblltVnVkak5xUWdwSFZqRktXRk42UWpOcEwzcHZVMUJ6Ym5wMWJTdHdWRVVyVkU1NVlTOVBNa2hOTTJ4aFNVczFWRzkyZDFjMmFrWnBiak5KVnpodlQxVm5hR0ZJVlhWSUNrdGhlVmhVU0U5clRuSnJRa2x2TW1jek9XVk5XRk5ZU1hORmRuVjJhMDVhU3k5NmFUWnBNWHBZWVd4RVZrTmpUblJQT0ZCb1JWSTNieko1UjBGS2JUQUtUazU0WTI4MlFtaElUMHRpV1ZwM2VHY3lhMHM1VDBSV2NHRTRXVFZCWTFwRmQxcFdWRGhNUmxkM1NVUkJVVUZDYnpCSmQxRkVRVTlDWjA1V1NGRTRRZ3BCWmpoRlFrRk5RMEZ4VVhkRWQxbEVWbEl3VkVGUlNDOUNRVlYzUVhkRlFpOTZRV1JDWjA1V1NGRTBSVVpuVVZWVFoyMUpWV3NySzFoNGRuQTFRbTFGQ2xseWQzSXljbTFaYlZKcmQwUlJXVXBMYjFwSmFIWmpUa0ZSUlV4Q1VVRkVaMmRKUWtGRWNIWjNPVzk1U21kd2VGWkZRWHA2VEhGalFsQjViMW93ZVdrS2QzUXplbnBrY2t4WWJYcHpSbkZpVEVoVmFWUXlZM0pUZURSaFNqbHhiRlIzUkRBNVVWQk1lVTl4UzAxbmRpOTJTME5ZUjJOTGIydHdhRzVvVDNwT1dRcFZUVXAwZERKNmRWUjFlakY0YXpjNGJYUlRaWEp6TVhwaU5tdE1LM0I0VnpZNE9YWjRUVmcxWjJJNE4zRXJNR3RVU21GaE4zbHhWbkpwYjNCaFRYb3hDalJuZUZsNVduVkZhMlZ0ZWtoWU5qTmtOR0ZtUXpSMFJYSXhVeTh6TldGaWVrcG9Wa2RWTUVrM2VrSnhiekpRVXpkV1RqSkVSM2x0U2pKbVZuVk1ZME1LUVRoQmR6UmFhRlU0UzNWVWFERTNhbUZNTmk5VVowNXlkVnBRTTBob2QySjBRbVJUWTNneU0wOVFWa0ZpWVZSSFNWbFZTa1pQVnpCaGEyTmFPV0ZpU1FwMlZWVllXbnA2T0ZsQ2FGQlhUMEp3TlZsU2JtdHZhREF4VG0xUE9GUnJkalZxWTNoWUwyNUJWVlUyWTJsaWIzaHJWa0ozYm5kdWNHOXhaMVI0UjA1ckNqYzVjRkoxSzNSUWNIbE1TM0JQTHprelVXbGpUVGhUYW5WNGNGSjZLMFp0YTBaQlp5OUxPRmg0ZFV0RGRDOWpjbnBEUlVWTUx5OW5Ra1JqYVcxWVJtRUtjVUZQTmxoaFRYZHBRbXhTYXpadmNXY3dTbHBaYVZObkswa3dNM0ZVWm5OblVsaHJWalZVWmtoR1ZrVm5SV3BtWWpWclJERnVXWFJGU0VWNEx6aDZkZ296V1V4Vk9EWjFXWE5GUW04MVRtUnViME5HUW1Od1RHTkxNU3RNZVUxR2NWWlJRMDl4V2pOVWVDOUJiMjFZZUdkWlYwSkdhRFZVYWtwM2JWazRXR2hMQ2pJMGFEWlRWMko1YkVKMVJVWnplV2R3V2pod1NFSjZka055Ums1NlIwNTZhRUpGUVRKbVYzVXlWVGxNV0dVMFJFSkRVbXhaVUdRMlZsVkdUMHBRVTNVS05GRmxUblpCWjFadlYwcDFMMlZIVFhNMU1qZEtOMDlxUm1SSFQyaG5UMmQ0VFZSVFpIWm5RVWhzV0cxMFdDdEVVa2xST0U5M2FXZHVWMlJqVW13MFRBb3piVEkwY1ZaUVpIUkZWRmRSY2tsVUNpMHRMUzB0UlU1RUlFTkZVbFJKUmtsRFFWUkZMUzB0TFMwSwogICAgc2VydmVyOiBodHRwczovL2NsaWFrc2Ruc2w0dGllemUtNTQ5dnB4Z3AuaGNwLndlc3R1czIuYXptazhzLmlvOjQ0MwogIG5hbWU6IGNsaWFrc3Rlc3QzNTdlaWEKY29udGV4dHM6Ci0gY29udGV4dDoKICAgIGNsdXN0ZXI6IGNsaWFrc3Rlc3QzNTdlaWEKICAgIHVzZXI6IGNsdXN0ZXJVc2VyX2NsaXRlc3RjZDd5bDRremVnX2NsaWFrc3Rlc3QzNTdlaWEKICBuYW1lOiBjbGlha3N0ZXN0MzU3ZWlhCmN1cnJlbnQtY29udGV4dDogY2xpYWtzdGVzdDM1N2VpYQpraW5kOiBDb25maWcKcHJlZmVyZW5jZXM6IHt9CnVzZXJzOgotIG5hbWU6IGNsdXN0ZXJVc2VyX2NsaXRlc3RjZDd5bDRremVnX2NsaWFrc3Rlc3QzNTdlaWEKICB1c2VyOgogICAgY2xpZW50LWNlcnRpZmljYXRlLWRhdGE6IExTMHRMUzFDUlVkSlRpQkRSVkpVU1VaSlEwRlVSUzB0TFMwdENrMUpTVVpJYWtORFFYZGhaMEYzU1VKQlowbFNRVXB4WTI1VFZsWTFNMnhTYlVsVVNVdHJjRkU0ZVUxM1JGRlpTa3R2V2tsb2RtTk9RVkZGVEVKUlFYY0tSRlJGVEUxQmEwZEJNVlZGUVhoTlExa3lSWGRJYUdOT1RXcE5kMDVxUlRGTlZFbDRUMVJWTVZkb1kwNU5hbFYzVG1wRk1VMVVTWGxQVkZVeFYycEJkd3BOVW1OM1JsRlpSRlpSVVV0RmR6VjZaVmhPTUZwWE1EWmlWMFo2WkVkV2VXTjZSVlpOUWsxSFFURlZSVUY0VFUxaVYwWjZaRWRXZVZreWVIQmFWelV3Q2sxSlNVTkpha0ZPUW1kcmNXaHJhVWM1ZHpCQ1FWRkZSa0ZCVDBOQlp6aEJUVWxKUTBOblMwTkJaMFZCZDIxNFNTc3pTVmxpVVVsdk5uQkxOVzF1VUZjS2RubDFSa1ZSVTJSUFUzaENVRlJ4U21WeVUxWkRkMjVsTWpNeFV5OU1XRWRRTWk5YWIwdG5NVXhtWlM5MmVHaEtiakk1Ym01SFYycEpOMlo1UkdrMWVBcGtTamhZVkZReGIxSmFOMnBWTUVsQlEzaFpha3BzTm5GdWJtdzJaRWx2TW01UFpIRnJjV3QyZFZjM2MxSTFTbEJ4V2tSV1ZYbEZiV1phZHpKS01YbGtDbWRwUzNWaFMwRTJhR2h6WW14UFlWUnZlVzFvWWxsdFNGUjNMMHRtUTNSSk9DOWFkMWczTlhaSkswOVNWVXRRYUVKV1kxSXhNMEpWTmtwcVMzaHBNU3NLY0dFNFNrRk9XQ3RYVW1aaVJVMUJXRkZaVldsTVMxaFFZMVJ4ZVU1dlZqTkRZMUZIUkVzeFZVRmlWRUpTY25vNVdTOUlXRlJ2YkZOSFJEUmtMMnBKZGdwUE5VOUVNVWRQU0RkTFkybDNNWHBTWjBaNGFtSnNkMHRNUVV4UGNFUkNSemhoVlRORGQzTlliWEoyZWpKMGVEVlVUVlJhTDFWR1VsbEplbFV2UzBSM0NsbFJSVWRSUVZKTlNVWXdUbEZ3UjJJdk4wOURNVFJHVVROQ2FHOWtka2RSTUhvcllsWlNaRVZtTnpKclUwRkhNRGxMTlVOemNUZEZTVzUzYUUxck9WZ0tXV2xYYTBOUFRWSTJiazl6UzNWSE9GUm1iWEF2WTBOQ09FZENSM1V2UWpKMmRGUlNVV2R1U3pSeFFrUk1RbXg2S3pBeE9HZE9PRWhZTldkNVpsSklkd3BST0hWNFdVcDFVMjF4YW05WFpuRjNaelZHZFVGTGIzWjVMekZ6Uld0ME4yODJkamRSWlRFd2RtbFJPR1l2WW1VemN6ZG5aMWg1YlhGWVVFcDRTekJCQ2sxMWRteDRZbVp5UWpaRFdHODNPWE5SZVVobloxWkhVbEV5VDA5eE0ybFhORXdyZVZZMkwydElNek5xY1VwTFpGcFVSVEprWlhKWFFVMURSMDB4Y2xZS1dscFpjbTh2TUROV00yWjRaVU0xVGtoWGJYSklhVEE0UjNGUlNEQkpXRkpLWW1FNGJGUllLMVZEYzI5UE5ISnZSbGc1TDJGUmRGWnpjbVpYYTFsTGRBcE1XR0Z1UzBkSmNqaHVjekJIYzFCVmJXcEhLMVZuYzBOQmQwVkJRV0ZPVjAxR1VYZEVaMWxFVmxJd1VFRlJTQzlDUVZGRVFXZFhaMDFDVFVkQk1WVmtDa3BSVVUxTlFXOUhRME56UjBGUlZVWkNkMDFEVFVGM1IwRXhWV1JGZDBWQ0wzZFJRMDFCUVhkSWQxbEVWbEl3YWtKQ1ozZEdiMEZWVTJkdFNWVnJLeXNLV0hoMmNEVkNiVVZaY25keU1uSnRXVzFTYTNkRVVWbEtTMjlhU1doMlkwNUJVVVZNUWxGQlJHZG5TVUpCUzJwWk5tVmFjM0pUTjJGUVZFdFplRzFpUkFwcE1VcHJhMnhEVlhBMlZpdGtlRkpxV0hwbllrRm5OM0ZZVW5FNFQwOVhjVk5rTUhCM1FuVk9OWE5QZDFVdk1uQTFkV0ptUTJaVmJISTFZakJNWlVjMUNpOU9aM2R1WTBKYVlVeEdRak4yVjFSRFIwZFJUM0ZqWWtRclNYcFdlVWs0UzJOTk1UaFdUamxOYlN0dU5IcEdLMmsyTlUxd1pHa3dUVGxLYkVKUGVGQUtlR2RyT0dOU1prWnlXRVV4T0U4MFJHZFlLMmxoU1hCWFNUQXJhSGcyYkdzdk9Fd3hiRXB4UW01Q1QxUldPVmc1VG5ac1pWbzBlR2hHVldoSldHbDFUUXAyVUZjM1QzTndOVk4xVWxGaVptRXlOa1V5Vm5FMVdXNHZaek5GUW00d1IzWkVVMmRvY0dzMmNuWlhhV2x3U1d0eU9UUkRjWEV5YkVOWlRIQm5aRFJEQ2pKV1UwRjVOblZ2TkV4TmJFOUVSMFJUT1Rrd1dXZGxka3RTWWxKWGRqVk5jVFpGTVhKVVEwUm9VSEZwYmtoMk0xWm5LMUV6YTBGTFIycFRRamw0UVZRS09GUm1kMnA0TjFSSloxaHFkRzFYVlV0RVYxTlpaemhKVkZCd2EwSndaV1YwTW1GSlR6UjRPVVJCY1hkalIwZzNiSFpRVjNsRWFHWjJZVUpSZDJ0dVpncGFNRmxXZVVkRU0yMU9TVzlJYUVsWmVXZFJUalE1YTFaR00zQjROR05NVDNkUWRHOWtUekp3V1VaQ00wdHNOREJDZG5nNVFrOVZielUyV25Ga1dIQjZDa1lyU0RnMFRIUlBPRlkyTUdkME9YTkhWWGxvVEZoV1ZtVlJabWhVTVRBMmNqZDFlSFV5UkU5Qk1URXpTRVZyWW5ZclRGVjFVeXQzU0hkeFNrRklablFLWTBvd1NFMTZSMkl6Y2xCbVdDdE5lamRvTm5WV1ZHUlZWVEk1YjFKa1ExSlZjMUY1TVVSM2VVTmxXbmhtZUUxNllrUm1LMHhFZVZKSU1HRjFRa3hVWVFwbGIxcHlUalpXYXpNNVR5OUxSMDl5U1c1SWRVWlZVa0owUlc1YWNqTk9XamdyTTB4Q00waE9OVkJOYm1scFRFeFliVXBVVWs1dWRFWXpSREJtVkRadkNrMWlOa2RFUkN0Q1FWVlZUMUpOY0RodWRITjFjVEZSYVFvdExTMHRMVVZPUkNCRFJWSlVTVVpKUTBGVVJTMHRMUzB0Q2c9PQogICAgY2xpZW50LWtleS1kYXRhOiBMUzB0TFMxQ1JVZEpUaUJTVTBFZ1VGSkpWa0ZVUlNCTFJWa3RMUzB0TFFwTlNVbEtTMmRKUWtGQlMwTkJaMFZCZDIxNFNTc3pTVmxpVVVsdk5uQkxOVzF1VUZkMmVYVkdSVkZUWkU5VGVFSlFWSEZLWlhKVFZrTjNibVV5TXpGVENpOU1XRWRRTWk5YWIwdG5NVXhtWlM5MmVHaEtiakk1Ym01SFYycEpOMlo1UkdrMWVHUktPRmhVVkRGdlVsbzNhbFV3U1VGRGVGbHFTbXcyY1c1dWJEWUtaRWx2TW01UFpIRnJjV3QyZFZjM2MxSTFTbEJ4V2tSV1ZYbEZiV1phZHpKS01YbGtaMmxMZFdGTFFUWm9hSE5pYkU5aFZHOTViV2hpV1cxSVZIY3ZTd3BtUTNSSk9DOWFkMWczTlhaSkswOVNWVXRRYUVKV1kxSXhNMEpWTmtwcVMzaHBNU3R3WVRoS1FVNVlLMWRTWm1KRlRVRllVVmxWYVV4TFdGQmpWSEY1Q2s1dlZqTkRZMUZIUkVzeFZVRmlWRUpTY25vNVdTOUlXRlJ2YkZOSFJEUmtMMnBKZGs4MVQwUXhSMDlJTjB0amFYY3hlbEpuUm5ocVlteDNTMHhCVEU4S2NFUkNSemhoVlRORGQzTlliWEoyZWpKMGVEVlVUVlJhTDFWR1VsbEplbFV2UzBSM1dWRkZSMUZCVWsxSlJqQk9VWEJIWWk4M1QwTXhORVpSTTBKb2J3cGtka2RSTUhvcllsWlNaRVZtTnpKclUwRkhNRGxMTlVOemNUZEZTVzUzYUUxck9WaFphVmRyUTA5TlVqWnVUM05MZFVjNFZHWnRjQzlqUTBJNFIwSkhDblV2UWpKMmRGUlNVV2R1U3pSeFFrUk1RbXg2S3pBeE9HZE9PRWhZTldkNVpsSklkMUU0ZFhoWlNuVlRiWEZxYjFkbWNYZG5OVVoxUVV0dmRua3ZNWE1LUld0ME4yODJkamRSWlRFd2RtbFJPR1l2WW1VemN6ZG5aMWg1YlhGWVVFcDRTekJCVFhWMmJIaGlabkpDTmtOWWJ6YzVjMUY1U0dkblZrZFNVVEpQVHdweE0ybFhORXdyZVZZMkwydElNek5xY1VwTFpGcFVSVEprWlhKWFFVMURSMDB4Y2xaYVdsbHlieTh3TTFZelpuaGxRelZPU0ZkdGNraHBNRGhIY1ZGSUNqQkpXRkpLWW1FNGJGUllLMVZEYzI5UE5ISnZSbGc1TDJGUmRGWnpjbVpYYTFsTGRFeFlZVzVMUjBseU9HNXpNRWR6VUZWdGFrY3JWV2R6UTBGM1JVRUtRVkZMUTBGblFVSmxURUpWZEhSb1dXVjBkVEJoYzJaak1ESlBZM0p6WldwRFZsaHVVMDQxTVdsRGRtbE5aSFYxTm1KUk1rWlJlVGQyVDFKNlRtNVdMd3BOWTJFeFVXeHlRa296TTI1S2QwTjRkbXhOZEhkbllXazVUbU5ISzNVeFEwOUhWRUp2YVVreVZIaHRVU3NyYm05TlJ6ZzJTVGxGTldOS1NscFFZV05uQ2pGUllqTmpSVGsxWlhwSUwwcHZiREo0Tld4NUsyVjFka0ZLVW5kc04wdGhUMEozTlZJMWN6a3hWVVJ2ZVhwbVpHcEdlbkI2UlZSTlF6aG1VbXRPZG04S00xcG5XblpYT0hOSVVrWnRObEJJU200MlFVVTBjVTF0VUU1SWIycDRjVk5XZDNoR2QwWm9ORVl2ZDFaRmRIcG1WMkZJYjFOWWJIWXdSRXhIWTBOV1lncHJlbEV2YW5jMmJtRnRZa0ZwZFZGSFVrTlFTelo1TVhVM2VFcE5ZMU5HWlZOcFMwNU9MMkZpV1N0b2VVRkZSVUZhVGtoMU5ERmhUa0kxUTBJME5qUXlDamw1TmtkcVZWZGlUVzB2Tkd4TlZGSnNaSG96ZW1oclQydEhiRUpVTURWMmFXWkpNMkpIVEV4eGEzaE5kVVp4YkV0eGNXNVNRekJKWXpJd1FsWlNhV2tLVVhsaGN5dHplbWQ1T1U0M2MzUmFWaTlqWlhkdmFEVmthblJHWm5sUmFqbGxSWGxVWWxWM05IbG9VMmN3TVVaQk5rRnlORWszVTJOSWJ6TkhNazkyUXdwWFREWm5iSE5MZGtWWmFGcE1jQ3RvUTFOSk16QnFZalJVT1RKaGRWbFBkVGhzYjJ4M1JtNXRVMWR5V0c1U1dFRlVNVE5zYjBGM2RtcHBiRU5yV1ZSQkNuUkZlbkZpU2pGNmNHRk1aV3BGV2xSUE5IQlllRWt4ZUZKUFYwMVZUek5ITUd4UlRpOHlNWFJyYlRKYVlpODRUa041WlRGdWJDc3llSFpSYXpaNVZsWUtZMEkxYjFkVWNuWXJjamRWTjFOVVlXTnVabFJYWW5OcE5HMUVUbFpwV1c5T1EwdHBPVEZGY2tOaVRqVnBjbWRJYkZkV1pVVlhRVXQ1TVVKTlNHeE5XZ294U1RCblNHZFZNMGxKV21wUVRteFJlRUkxZGpsdFNVRlhRVWhUTm1sVloxSnVjRFF4WjI5a2RsRnpVMmRUYTNKblVVdERRVkZGUVRCWFVVSXJOWGRsQ2s0eVpsRlpLM1ozTkZGMmFWVm9XR3hzU1V4SlJISjBkMkV5UWpWcU9VRXdkRWRwYURCTmFHbFVMMnBhU1M5c1MzZFhjSFE1T0dkVmNsYzVjazV1TmpZS1pFWjFVVk40U210VWNubGFkbkJMWkRGaGRGTlBTbmh2VUVoM1JrWlZXbTlwYlU5S0syVnhhalJSWkhOa1RrZGthRXN4WVU4MlJYcGxOelJXVDNGV1NBb3pSR3BIV25aRk5XOXFOWFphWlcwMk5rYzFjM042TlVGVE5IRlhUR0ZWVkhaS1ZUWmxWVVJNYjJrMFYxTjFSM1JNTjBOVVozcEVTSEpOUkhCM1ZrTXlDbmQwVkVsb05HcHZLemxUY21zMVRteGhhbHBHUjJJNFdUaG1VMmRuYm5BeVJDdHdUVlkwYmtsM2NIQkRSRkYwVDFGaU5UZGFTbXQwYjFweFNVOHZRbFlLZDJabE1XOWFaeTl3TW5reVpqZEZVVzFJUms4NVVYaFBTblk0UjFWdFVITkVaWEpVYTBsalRsTldMMDExWkVocWJYbFZVR0UzZVZSTVYxRk1SVEp2VndwM1ptRktWbmxRVWs5eldsbFdkMHREUVZGRlFUZGlUbUYyV0ZZcmRsVmFlbkppVTNoc1RuUldhV2xzZVM5WmVWWTBRVkkyYUUxT2VWZFplaTg0TmtWRkNuazFOV1JxYzJ4elJVSTBLMEpaTW10M00yTXZNWE5ZYmxaTk9IcExUV3hXVWxkd05rNXFNMHRyU0U1aVpUaFVURXh3TWl0bWFtRnNMMFZZWVZwelVGb0tkMDQyYlZvcmFtVlhRVTh6YURoSVJXVkhjV2hUU1U5VGJHZHZjMWRWUkV4eEwwSlBSMlJaVTNkU1NIaElSa0oxZEV4cWFEaFZOVGw1VlhkNE16TlhWd3BsYTBWVWJtTjBlV1pXWm5OVlpYcHNiMmx0YUhSak5VaFJOVWhxZEhSVWNucDNZVVZ5WnpGak0wcEpZelZvVDNSUlJ6WlBXRkpvUVhkQ1N6SkJUM2hhQ2xSRVZGRkVjbXhTU0hFM2NtWTBLMjkxYjJGM1VGSlpWMk5XZDJSdGVFWlNiR0owZWxab1VIUkpjbkpOZDJveWF5OXhaemRZY0doU1NXaFFZVTgwVlZNS1lqQmFVVE5TUWxSVlpUQlBjMFpOZVcxbVRUVlNVbmt3VDB4SGVVc3hVbXRqUjJGNVNXNHpWR0pSUzBOQlVVVkJja3BEY1VoaE1teE1WelZQVkZCek1nbzRjRVo2ZGsxcE1VRjZZbWhJTVhOVmNFUnVTRVpYUnpJdlprODFXVVJMTURZd2JXWXdjMnA0T1dkTU4ycENhVWREWjFadlN6SnZNM2xuZEc5SFMyRlpDbkZzWXl0elpFNTBXbkJ0YURCdGRqaGlPVk5hTnpsWGREbEdaR2xpSzJkVWJGUkphMFJSV25aMFpHVlZTazAyVDJWdE0wZFhlVmMxTW0xSGEwTldWRWNLWkdSTVZYaG1NMmhtZDNJMldrdEtjVXBLWldKbGVGTjJPV3g0V2pZelNXVkpTazkzTlZwbGJIWnJZbU15TWt4S1VFeE9hMDF0UTA1eWJsaHJjV1ZoU1Fwa1NISndlVVkzVTFaeU1WSktORE5hVW1oaFoySmpaakZKZEhGeFptWTFZM2xTZVU5VlQyVXZXQ3RzV0VWcGJ6TmtRbUpEVEdaMU9VRllWbVpoUlZSekNrOU9VV05rTlVnMmNHeG1SR2hoY2xablkyWjBZM1IwVFhkSkswZFBibVJETWxCVGREWlljREJDVUd3dlFYZENVRzU2Ym5rNGRGbGpNbFVyVVVWd1R5OEtURXAzYjFWM1MwTkJVVVZCYTJ4a1JtMXFZbTlJUjJSMlpVcFplV0pyTjB0NmVFUk9kSE5SUXpCaVVuZExZVk5oYkdZNU1EVlBNVkpKYm5OU1dtOU5hZ3BuU21wa00yeFdhVUoxVlRNM1IxcFVSV0ZsZFNzMFJsbGxha0ZtY0ZveFRsSk1iVUZ5VTFwMldWQm1SU3MzWkhoWlYzTjNSblY1YXpreFZXTmFaMU00Q2xCeWRYSkdiVEUxU2tKdGFIbG9PRmM1UlVNelNsRjJOMWRLVUU1M1lVcEhWVms1VjFCbVVsYzRMMU5RVW1oNmJ6TkVSMGt3ZFZveVEycGFaV1ZXZEhvS01WTTVORlZ6Wm1saFNDOTRRM2hzUVZSd01WYzRTVEJPTUVwMFYzWkZSMFl4YkZsMVlrbG1XWFJxTldGaU16UnhMM2hYUmpjdlQxTXhjRkE1VFRsT2Nnb3laRkZtVFVveWJGbzFSR05zTHpoMFQyZFdXVkpOZGxsNWNrcHdVVFpzYnpaWFZGRkJlRmx2Y1c4cmQxaFpRM2hGY1ZobFUxbzJXSGgxU1c1cWNrbHhDbGRrYmpCdVUwaGliVmRTWnpobFprZElUa1p3ZFRkMGRGTnlXWFpJV1ZWU01GRkxRMEZSUlVGMVVUTktRbHBWVEc1Sll6UjFTazFXZDNGaE9WTnliRm9LT0doSlZrWjNkMlZXZG1sVWJVVnFUV2h1Y3pBclpFWm5UMGRuUzBSM1EwVk5jbEZrVlZGQ2NYaDJVbVpXWlVaRlJqSkxSRWhEWnpsWFNrNDJiVVJWWndwVlZqZG1OMnByUTJjMGVYRllSVnBVYkhoWWQweHpkalZHVldWTGRHdHNLell5ZGpOcllUaG1jVEZ5UlU1NmVXNHhSMGxqYlZWVVlWSlBTa2hHYWtFMUNtNUdhbmxDTW5KTlpuTXdSRk5pVUhFMWRXcFBaMmRQV0doR2IzRmFXRGMxYWtSTWRFcElSWFVyVjFkR2FESlNOVFJ4Y21aeFpGZFBlR04yYVd0d01rTUtUbThyUjJKcllWRm9jRWhhVnpOeWR5OXVkbFZIU2xCaWMwUTJhQzlxZWt0WVRFRXhXa0ZGTW1GWVNHbEpSM05EVEUxVFJWbFFNazAwUzIxdlZFVmljZ3A2TmpKU1pGQXhZbVZUWVVwQmNHZGxiMEZGT0VKR1MyRTBOMWN6YVZKcVlXMUxUbEpCWm5WMloxb3pZV1JGUlRsTFNsVTRjazVYTkRKa2VHTnNVVDA5Q2kwdExTMHRSVTVFSUZKVFFTQlFVa2xXUVZSRklFdEZXUzB0TFMwdENnPT0KICAgIHRva2VuOiBmOWs4c3UxbnFxZjdwN3ZranE1bmJ1ejZxMXRudXZzYXhjcTR2ajE2eWMwb3hxdmVoaWd1eXY0Y2I4NjJ1dXpzNTg4aXMzdzRmbjBnano2M21td3M5M2w5eGlia251ZnUxMnJhZHR0a3Fqc3BpYTRmYThmdW91czl6NWxtemFoZwo=\"\
        \n   }\n  ]\n }"
    headers:
      cache-control:
      - no-cache
      content-length:
      - '13084'
      content-type:
      - application/json
      date:
      - Thu, 15 Jun 2023 12:33:08 GMT
      expires:
      - '-1'
      pragma:
      - no-cache
      server:
      - nginx
      strict-transport-security:
      - max-age=31536000; includeSubDomains
      transfer-encoding:
      - chunked
      vary:
      - Accept-Encoding
      x-content-type-options:
      - nosniff
      x-ms-ratelimit-remaining-subscription-writes:
      - '1199'
    status:
      code: 200
      message: OK
- request:
    body: null
    headers:
      Accept:
      - application/json
      Accept-Encoding:
      - gzip, deflate
      CommandName:
      - aks update
      Connection:
      - keep-alive
      ParameterSetName:
      - -g -n --load-balancer-outbound-ips
      User-Agent:
      - AZURECLI/2.49.0 azsdk-python-azure-mgmt-containerservice/23.0.0 Python/3.8.16
        (macOS-13.4-arm64-arm-64bit)
    method: GET
    uri: https://management.azure.com/subscriptions/00000000-0000-0000-0000-000000000000/resourceGroups/clitest000001/providers/Microsoft.ContainerService/managedClusters/cliakstest000001?api-version=2023-05-01
  response:
    body:
      string: "{\n  \"id\": \"/subscriptions/00000000-0000-0000-0000-000000000000/resourcegroups/clitest000001/providers/Microsoft.ContainerService/managedClusters/cliakstest000001\"\
        ,\n  \"location\": \"westus2\",\n  \"name\": \"cliakstest000001\",\n  \"type\"\
        : \"Microsoft.ContainerService/ManagedClusters\",\n  \"properties\": {\n \
        \  \"provisioningState\": \"Succeeded\",\n   \"powerState\": {\n    \"code\"\
        : \"Running\"\n   },\n   \"kubernetesVersion\": \"1.25.6\",\n   \"currentKubernetesVersion\"\
        : \"1.25.6\",\n   \"dnsPrefix\": \"cliaksdns000004\",\n   \"fqdn\": \"cliaksdns000004-549vpxgp.hcp.westus2.azmk8s.io\"\
        ,\n   \"azurePortalFQDN\": \"cliaksdns000004-549vpxgp.portal.hcp.westus2.azmk8s.io\"\
        ,\n   \"agentPoolProfiles\": [\n    {\n     \"name\": \"nodepool1\",\n   \
        \  \"count\": 1,\n     \"vmSize\": \"Standard_DS2_v2\",\n     \"osDiskSizeGB\"\
        : 128,\n     \"osDiskType\": \"Managed\",\n     \"kubeletDiskType\": \"OS\"\
        ,\n     \"maxPods\": 110,\n     \"type\": \"VirtualMachineScaleSets\",\n \
        \    \"enableAutoScaling\": false,\n     \"provisioningState\": \"Succeeded\"\
        ,\n     \"powerState\": {\n      \"code\": \"Running\"\n     },\n     \"orchestratorVersion\"\
        : \"1.25.6\",\n     \"currentOrchestratorVersion\": \"1.25.6\",\n     \"enableNodePublicIP\"\
        : false,\n     \"mode\": \"System\",\n     \"enableEncryptionAtHost\": false,\n\
        \     \"enableUltraSSD\": false,\n     \"osType\": \"Linux\",\n     \"osSKU\"\
        : \"Ubuntu\",\n     \"nodeImageVersion\": \"AKSUbuntu-2204gen2containerd-202306.01.0\"\
        ,\n     \"upgradeSettings\": {},\n     \"enableFIPS\": false\n    }\n   ],\n\
        \   \"linuxProfile\": {\n    \"adminUsername\": \"azureuser\",\n    \"ssh\"\
        : {\n     \"publicKeys\": [\n      {\n       \"keyData\": \"ssh-rsa AAAAB3NzaC1yc2EAAAADAQABAAACAQCbIg1guRHbI0lV11wWDt1r2cUdcNd27CJsg+SfgC7miZeubtwUhbsPdhMQsfDyhOWHq1+ZL0M+nJZV63d/1dhmhtgyOqejUwrPlzKhydsbrsdUor+JmNJDdW01v7BXHyuymT8G4s09jCasNOwiufbP/qp72ruu0bIA1nySsvlf9pCQAuFkAnVnf/rFhUlOkhtRpwcq8SUNY2zRHR/EKb/4NWY1JzR4sa3q2fWIJdrrX0DvLoa5g9bIEd4Df79ba7v+yiUBOS0zT2ll+z4g9izHK3EO5d8hL4jYxcjKs+wcslSYRWrascfscLgMlMGh0CdKeNTDjHpGPncaf3Z+FwwwjWeuiNBxv7bJo13/8B/098KlVDl4GZqsoBCEjPyJfV6hO0y/LkRGkk7oHWKgeWAfKtfLItRp00eZ4fcJNK9kCaSMmEugoZWcI7NGbZXzqFWqbpRI7NcDP9+WIQ+i9U5vqWsqd/zng4kbuAJ6UuKqIzB0upYrLShfQE3SAck8oaLhJqqq56VfDuASNpJKidV+zq27HfSBmbXnkR/5AK337dc3MXKJypoK/QPMLKUAP5XLPbs+NddJQV7EZXd29DLgp+fRIg3edpKdO7ZErWhv7d+3Kws+e1Y+ypmR2WIVSwVyBEUfgv2C8Ts9gnTF4pNcEY/S2aBicz5Ew2+jdyGNQQ==\
        \ test@example.com\\n\"\n      }\n     ]\n    }\n   },\n   \"servicePrincipalProfile\"\
        : {\n    \"clientId\":\"00000000-0000-0000-0000-000000000001\"\n   },\n  \
        \ \"nodeResourceGroup\": \"MC_clitest000001_cliakstest000001_westus2\",\n\
        \   \"enableRBAC\": true,\n   \"supportPlan\": \"KubernetesOfficial\",\n \
        \  \"networkProfile\": {\n    \"networkPlugin\": \"kubenet\",\n    \"loadBalancerSku\"\
        : \"Standard\",\n    \"loadBalancerProfile\": {\n     \"outboundIPs\": {\n\
        \      \"publicIPs\": [\n       {\n        \"id\": \"/subscriptions/00000000-0000-0000-0000-000000000000/resourceGroups/clitest000001/providers/Microsoft.Network/publicIPAddresses/cliaksslbip1000002\"\
        \n       }\n      ]\n     },\n     \"effectiveOutboundIPs\": [\n      {\n\
        \       \"id\": \"/subscriptions/00000000-0000-0000-0000-000000000000/resourceGroups/clitest000001/providers/Microsoft.Network/publicIPAddresses/cliaksslbip1000002\"\
        \n      }\n     ],\n     \"allocatedOutboundPorts\": 0,\n     \"idleTimeoutInMinutes\"\
        : 30\n    },\n    \"podCidr\": \"10.244.0.0/16\",\n    \"serviceCidr\": \"\
        10.0.0.0/16\",\n    \"dnsServiceIP\": \"10.0.0.10\",\n    \"outboundType\"\
        : \"loadBalancer\",\n    \"podCidrs\": [\n     \"10.244.0.0/16\"\n    ],\n\
        \    \"serviceCidrs\": [\n     \"10.0.0.0/16\"\n    ],\n    \"ipFamilies\"\
        : [\n     \"IPv4\"\n    ]\n   },\n   \"maxAgentPools\": 100,\n   \"disableLocalAccounts\"\
        : false,\n   \"securityProfile\": {},\n   \"storageProfile\": {\n    \"diskCSIDriver\"\
        : {\n     \"enabled\": true\n    },\n    \"fileCSIDriver\": {\n     \"enabled\"\
        : true\n    },\n    \"snapshotController\": {\n     \"enabled\": true\n  \
        \  }\n   },\n   \"oidcIssuerProfile\": {\n    \"enabled\": false\n   },\n\
        \   \"workloadAutoScalerProfile\": {}\n  },\n  \"sku\": {\n   \"name\": \"\
        Base\",\n   \"tier\": \"Free\"\n  }\n }"
    headers:
      cache-control:
      - no-cache
      content-length:
      - '3848'
      content-type:
      - application/json
      date:
      - Thu, 15 Jun 2023 12:33:10 GMT
      expires:
      - '-1'
      pragma:
      - no-cache
      server:
      - nginx
      strict-transport-security:
      - max-age=31536000; includeSubDomains
      transfer-encoding:
      - chunked
      vary:
      - Accept-Encoding
      x-content-type-options:
      - nosniff
    status:
      code: 200
      message: OK
- request:
    body: '{"location": "westus2", "sku": {"name": "Base", "tier": "Free"}, "properties":
      {"kubernetesVersion": "1.25.6", "dnsPrefix": "cliaksdns000004", "agentPoolProfiles":
      [{"count": 1, "vmSize": "Standard_DS2_v2", "osDiskSizeGB": 128, "osDiskType":
      "Managed", "kubeletDiskType": "OS", "maxPods": 110, "osType": "Linux", "osSKU":
      "Ubuntu", "enableAutoScaling": false, "type": "VirtualMachineScaleSets", "mode":
      "System", "orchestratorVersion": "1.25.6", "upgradeSettings": {}, "powerState":
      {"code": "Running"}, "enableNodePublicIP": false, "enableEncryptionAtHost":
      false, "enableUltraSSD": false, "enableFIPS": false, "name": "nodepool1"}],
      "linuxProfile": {"adminUsername": "azureuser", "ssh": {"publicKeys": [{"keyData":
      "ssh-rsa AAAAB3NzaC1yc2EAAAADAQABAAACAQCbIg1guRHbI0lV11wWDt1r2cUdcNd27CJsg+SfgC7miZeubtwUhbsPdhMQsfDyhOWHq1+ZL0M+nJZV63d/1dhmhtgyOqejUwrPlzKhydsbrsdUor+JmNJDdW01v7BXHyuymT8G4s09jCasNOwiufbP/qp72ruu0bIA1nySsvlf9pCQAuFkAnVnf/rFhUlOkhtRpwcq8SUNY2zRHR/EKb/4NWY1JzR4sa3q2fWIJdrrX0DvLoa5g9bIEd4Df79ba7v+yiUBOS0zT2ll+z4g9izHK3EO5d8hL4jYxcjKs+wcslSYRWrascfscLgMlMGh0CdKeNTDjHpGPncaf3Z+FwwwjWeuiNBxv7bJo13/8B/098KlVDl4GZqsoBCEjPyJfV6hO0y/LkRGkk7oHWKgeWAfKtfLItRp00eZ4fcJNK9kCaSMmEugoZWcI7NGbZXzqFWqbpRI7NcDP9+WIQ+i9U5vqWsqd/zng4kbuAJ6UuKqIzB0upYrLShfQE3SAck8oaLhJqqq56VfDuASNpJKidV+zq27HfSBmbXnkR/5AK337dc3MXKJypoK/QPMLKUAP5XLPbs+NddJQV7EZXd29DLgp+fRIg3edpKdO7ZErWhv7d+3Kws+e1Y+ypmR2WIVSwVyBEUfgv2C8Ts9gnTF4pNcEY/S2aBicz5Ew2+jdyGNQQ==
      test@example.com\n"}]}}, "servicePrincipalProfile": {"clientId":"00000000-0000-0000-0000-000000000001"},
      "oidcIssuerProfile": {"enabled": false}, "nodeResourceGroup": "MC_clitest000001_cliakstest000001_westus2",
      "enableRBAC": true, "supportPlan": "KubernetesOfficial", "networkProfile": {"networkPlugin":
      "kubenet", "podCidr": "10.244.0.0/16", "serviceCidr": "10.0.0.0/16", "dnsServiceIP":
      "10.0.0.10", "outboundType": "loadBalancer", "loadBalancerSku": "Standard",
      "loadBalancerProfile": {"outboundIPs": {"publicIPs": [{"id": "/subscriptions/00000000-0000-0000-0000-000000000000/resourceGroups/clitest000001/providers/Microsoft.Network/publicIPAddresses/cliaksslbip1000002"},
      {"id": "/subscriptions/00000000-0000-0000-0000-000000000000/resourceGroups/clitest000001/providers/Microsoft.Network/publicIPAddresses/cliaksslbip2000003"}]},
      "effectiveOutboundIPs": [{"id": "/subscriptions/00000000-0000-0000-0000-000000000000/resourceGroups/clitest000001/providers/Microsoft.Network/publicIPAddresses/cliaksslbip1000002"}],
      "allocatedOutboundPorts": 0, "idleTimeoutInMinutes": 30}, "podCidrs": ["10.244.0.0/16"],
      "serviceCidrs": ["10.0.0.0/16"], "ipFamilies": ["IPv4"]}, "disableLocalAccounts":
      false, "securityProfile": {}, "storageProfile": {}, "workloadAutoScalerProfile":
      {}}}'
    headers:
      Accept:
      - application/json
      Accept-Encoding:
      - gzip, deflate
      CommandName:
      - aks update
      Connection:
      - keep-alive
      Content-Length:
      - '2718'
      Content-Type:
      - application/json
      ParameterSetName:
      - -g -n --load-balancer-outbound-ips
      User-Agent:
      - AZURECLI/2.49.0 azsdk-python-azure-mgmt-containerservice/23.0.0 Python/3.8.16
        (macOS-13.4-arm64-arm-64bit)
    method: PUT
    uri: https://management.azure.com/subscriptions/00000000-0000-0000-0000-000000000000/resourceGroups/clitest000001/providers/Microsoft.ContainerService/managedClusters/cliakstest000001?api-version=2023-05-01
  response:
    body:
      string: "{\n  \"id\": \"/subscriptions/00000000-0000-0000-0000-000000000000/resourcegroups/clitest000001/providers/Microsoft.ContainerService/managedClusters/cliakstest000001\"\
        ,\n  \"location\": \"westus2\",\n  \"name\": \"cliakstest000001\",\n  \"type\"\
        : \"Microsoft.ContainerService/ManagedClusters\",\n  \"properties\": {\n \
        \  \"provisioningState\": \"Updating\",\n   \"powerState\": {\n    \"code\"\
        : \"Running\"\n   },\n   \"kubernetesVersion\": \"1.25.6\",\n   \"currentKubernetesVersion\"\
        : \"1.25.6\",\n   \"dnsPrefix\": \"cliaksdns000004\",\n   \"fqdn\": \"cliaksdns000004-549vpxgp.hcp.westus2.azmk8s.io\"\
        ,\n   \"azurePortalFQDN\": \"cliaksdns000004-549vpxgp.portal.hcp.westus2.azmk8s.io\"\
        ,\n   \"agentPoolProfiles\": [\n    {\n     \"name\": \"nodepool1\",\n   \
        \  \"count\": 1,\n     \"vmSize\": \"Standard_DS2_v2\",\n     \"osDiskSizeGB\"\
        : 128,\n     \"osDiskType\": \"Managed\",\n     \"kubeletDiskType\": \"OS\"\
        ,\n     \"maxPods\": 110,\n     \"type\": \"VirtualMachineScaleSets\",\n \
        \    \"enableAutoScaling\": false,\n     \"provisioningState\": \"Updating\"\
        ,\n     \"powerState\": {\n      \"code\": \"Running\"\n     },\n     \"orchestratorVersion\"\
        : \"1.25.6\",\n     \"currentOrchestratorVersion\": \"1.25.6\",\n     \"enableNodePublicIP\"\
        : false,\n     \"mode\": \"System\",\n     \"enableEncryptionAtHost\": false,\n\
        \     \"enableUltraSSD\": false,\n     \"osType\": \"Linux\",\n     \"osSKU\"\
        : \"Ubuntu\",\n     \"nodeImageVersion\": \"AKSUbuntu-2204gen2containerd-202306.01.0\"\
        ,\n     \"upgradeSettings\": {},\n     \"enableFIPS\": false\n    }\n   ],\n\
        \   \"linuxProfile\": {\n    \"adminUsername\": \"azureuser\",\n    \"ssh\"\
        : {\n     \"publicKeys\": [\n      {\n       \"keyData\": \"ssh-rsa AAAAB3NzaC1yc2EAAAADAQABAAACAQCbIg1guRHbI0lV11wWDt1r2cUdcNd27CJsg+SfgC7miZeubtwUhbsPdhMQsfDyhOWHq1+ZL0M+nJZV63d/1dhmhtgyOqejUwrPlzKhydsbrsdUor+JmNJDdW01v7BXHyuymT8G4s09jCasNOwiufbP/qp72ruu0bIA1nySsvlf9pCQAuFkAnVnf/rFhUlOkhtRpwcq8SUNY2zRHR/EKb/4NWY1JzR4sa3q2fWIJdrrX0DvLoa5g9bIEd4Df79ba7v+yiUBOS0zT2ll+z4g9izHK3EO5d8hL4jYxcjKs+wcslSYRWrascfscLgMlMGh0CdKeNTDjHpGPncaf3Z+FwwwjWeuiNBxv7bJo13/8B/098KlVDl4GZqsoBCEjPyJfV6hO0y/LkRGkk7oHWKgeWAfKtfLItRp00eZ4fcJNK9kCaSMmEugoZWcI7NGbZXzqFWqbpRI7NcDP9+WIQ+i9U5vqWsqd/zng4kbuAJ6UuKqIzB0upYrLShfQE3SAck8oaLhJqqq56VfDuASNpJKidV+zq27HfSBmbXnkR/5AK337dc3MXKJypoK/QPMLKUAP5XLPbs+NddJQV7EZXd29DLgp+fRIg3edpKdO7ZErWhv7d+3Kws+e1Y+ypmR2WIVSwVyBEUfgv2C8Ts9gnTF4pNcEY/S2aBicz5Ew2+jdyGNQQ==\
        \ test@example.com\\n\"\n      }\n     ]\n    }\n   },\n   \"servicePrincipalProfile\"\
        : {\n    \"clientId\":\"00000000-0000-0000-0000-000000000001\"\n   },\n  \
        \ \"nodeResourceGroup\": \"MC_clitest000001_cliakstest000001_westus2\",\n\
        \   \"enableRBAC\": true,\n   \"supportPlan\": \"KubernetesOfficial\",\n \
        \  \"networkProfile\": {\n    \"networkPlugin\": \"kubenet\",\n    \"loadBalancerSku\"\
        : \"Standard\",\n    \"loadBalancerProfile\": {\n     \"outboundIPs\": {\n\
        \      \"publicIPs\": [\n       {\n        \"id\": \"/subscriptions/00000000-0000-0000-0000-000000000000/resourceGroups/clitest000001/providers/Microsoft.Network/publicIPAddresses/cliaksslbip1000002\"\
        \n       },\n       {\n        \"id\": \"/subscriptions/00000000-0000-0000-0000-000000000000/resourceGroups/clitest000001/providers/Microsoft.Network/publicIPAddresses/cliaksslbip2000003\"\
        \n       }\n      ]\n     },\n     \"effectiveOutboundIPs\": [\n      {\n\
        \       \"id\": \"/subscriptions/00000000-0000-0000-0000-000000000000/resourceGroups/clitest000001/providers/Microsoft.Network/publicIPAddresses/cliaksslbip1000002\"\
        \n      }\n     ],\n     \"allocatedOutboundPorts\": 0,\n     \"idleTimeoutInMinutes\"\
        : 30\n    },\n    \"podCidr\": \"10.244.0.0/16\",\n    \"serviceCidr\": \"\
        10.0.0.0/16\",\n    \"dnsServiceIP\": \"10.0.0.10\",\n    \"outboundType\"\
        : \"loadBalancer\",\n    \"podCidrs\": [\n     \"10.244.0.0/16\"\n    ],\n\
        \    \"serviceCidrs\": [\n     \"10.0.0.0/16\"\n    ],\n    \"ipFamilies\"\
        : [\n     \"IPv4\"\n    ]\n   },\n   \"maxAgentPools\": 100,\n   \"disableLocalAccounts\"\
        : false,\n   \"securityProfile\": {},\n   \"storageProfile\": {\n    \"diskCSIDriver\"\
        : {\n     \"enabled\": true\n    },\n    \"fileCSIDriver\": {\n     \"enabled\"\
        : true\n    },\n    \"snapshotController\": {\n     \"enabled\": true\n  \
        \  }\n   },\n   \"oidcIssuerProfile\": {\n    \"enabled\": false\n   },\n\
        \   \"workloadAutoScalerProfile\": {}\n  },\n  \"sku\": {\n   \"name\": \"\
        Base\",\n   \"tier\": \"Free\"\n  }\n }"
    headers:
      azure-asyncoperation:
      - https://management.azure.com/subscriptions/00000000-0000-0000-0000-000000000000/providers/Microsoft.ContainerService/locations/westus2/operations/a66acad1-ec86-413c-9949-19439e1c4592?api-version=2016-03-30
      cache-control:
      - no-cache
      content-length:
      - '4027'
      content-type:
      - application/json
      date:
      - Thu, 15 Jun 2023 12:33:17 GMT
      expires:
      - '-1'
      pragma:
      - no-cache
      server:
      - nginx
      strict-transport-security:
      - max-age=31536000; includeSubDomains
      transfer-encoding:
      - chunked
      vary:
      - Accept-Encoding
      x-content-type-options:
      - nosniff
      x-ms-ratelimit-remaining-subscription-writes:
      - '1199'
    status:
      code: 200
      message: OK
- request:
    body: null
    headers:
      Accept:
      - '*/*'
      Accept-Encoding:
      - gzip, deflate
      CommandName:
      - aks update
      Connection:
      - keep-alive
      ParameterSetName:
      - -g -n --load-balancer-outbound-ips
      User-Agent:
      - AZURECLI/2.49.0 azsdk-python-azure-mgmt-containerservice/23.0.0 Python/3.8.16
        (macOS-13.4-arm64-arm-64bit)
    method: GET
    uri: https://management.azure.com/subscriptions/00000000-0000-0000-0000-000000000000/providers/Microsoft.ContainerService/locations/westus2/operations/a66acad1-ec86-413c-9949-19439e1c4592?api-version=2016-03-30
  response:
    body:
      string: "{\n  \"name\": \"d1ca6aa6-86ec-3c41-9949-19439e1c4592\",\n  \"status\"\
        : \"InProgress\",\n  \"startTime\": \"2023-06-15T12:33:16.1026588Z\"\n }"
    headers:
      cache-control:
      - no-cache
      content-length:
      - '126'
      content-type:
      - application/json
      date:
      - Thu, 15 Jun 2023 12:33:17 GMT
      expires:
      - '-1'
      pragma:
      - no-cache
      server:
      - nginx
      strict-transport-security:
      - max-age=31536000; includeSubDomains
      transfer-encoding:
      - chunked
      vary:
      - Accept-Encoding
      x-content-type-options:
      - nosniff
    status:
      code: 200
      message: OK
- request:
    body: null
    headers:
      Accept:
      - '*/*'
      Accept-Encoding:
      - gzip, deflate
      CommandName:
      - aks update
      Connection:
      - keep-alive
      ParameterSetName:
      - -g -n --load-balancer-outbound-ips
      User-Agent:
      - AZURECLI/2.49.0 azsdk-python-azure-mgmt-containerservice/23.0.0 Python/3.8.16
        (macOS-13.4-arm64-arm-64bit)
    method: GET
    uri: https://management.azure.com/subscriptions/00000000-0000-0000-0000-000000000000/providers/Microsoft.ContainerService/locations/westus2/operations/a66acad1-ec86-413c-9949-19439e1c4592?api-version=2016-03-30
  response:
    body:
      string: "{\n  \"name\": \"d1ca6aa6-86ec-3c41-9949-19439e1c4592\",\n  \"status\"\
        : \"InProgress\",\n  \"startTime\": \"2023-06-15T12:33:16.1026588Z\"\n }"
    headers:
      cache-control:
      - no-cache
      content-length:
      - '126'
      content-type:
      - application/json
      date:
      - Thu, 15 Jun 2023 12:33:47 GMT
      expires:
      - '-1'
      pragma:
      - no-cache
      server:
      - nginx
      strict-transport-security:
      - max-age=31536000; includeSubDomains
      transfer-encoding:
      - chunked
      vary:
      - Accept-Encoding
      x-content-type-options:
      - nosniff
    status:
      code: 200
      message: OK
- request:
    body: null
    headers:
      Accept:
      - '*/*'
      Accept-Encoding:
      - gzip, deflate
      CommandName:
      - aks update
      Connection:
      - keep-alive
      ParameterSetName:
      - -g -n --load-balancer-outbound-ips
      User-Agent:
      - AZURECLI/2.49.0 azsdk-python-azure-mgmt-containerservice/23.0.0 Python/3.8.16
        (macOS-13.4-arm64-arm-64bit)
    method: GET
    uri: https://management.azure.com/subscriptions/00000000-0000-0000-0000-000000000000/providers/Microsoft.ContainerService/locations/westus2/operations/a66acad1-ec86-413c-9949-19439e1c4592?api-version=2016-03-30
  response:
    body:
      string: "{\n  \"name\": \"d1ca6aa6-86ec-3c41-9949-19439e1c4592\",\n  \"status\"\
        : \"InProgress\",\n  \"startTime\": \"2023-06-15T12:33:16.1026588Z\"\n }"
    headers:
      cache-control:
      - no-cache
      content-length:
      - '126'
      content-type:
      - application/json
      date:
      - Thu, 15 Jun 2023 12:34:17 GMT
      expires:
      - '-1'
      pragma:
      - no-cache
      server:
      - nginx
      strict-transport-security:
      - max-age=31536000; includeSubDomains
      transfer-encoding:
      - chunked
      vary:
      - Accept-Encoding
      x-content-type-options:
      - nosniff
    status:
      code: 200
      message: OK
- request:
    body: null
    headers:
      Accept:
      - '*/*'
      Accept-Encoding:
      - gzip, deflate
      CommandName:
      - aks update
      Connection:
      - keep-alive
      ParameterSetName:
      - -g -n --load-balancer-outbound-ips
      User-Agent:
      - AZURECLI/2.49.0 azsdk-python-azure-mgmt-containerservice/23.0.0 Python/3.8.16
        (macOS-13.4-arm64-arm-64bit)
    method: GET
    uri: https://management.azure.com/subscriptions/00000000-0000-0000-0000-000000000000/providers/Microsoft.ContainerService/locations/westus2/operations/a66acad1-ec86-413c-9949-19439e1c4592?api-version=2016-03-30
  response:
    body:
      string: "{\n  \"name\": \"d1ca6aa6-86ec-3c41-9949-19439e1c4592\",\n  \"status\"\
        : \"Succeeded\",\n  \"startTime\": \"2023-06-15T12:33:16.1026588Z\",\n  \"\
        endTime\": \"2023-06-15T12:34:47.9445393Z\"\n }"
    headers:
      cache-control:
      - no-cache
      content-length:
      - '170'
      content-type:
      - application/json
      date:
      - Thu, 15 Jun 2023 12:34:48 GMT
      expires:
      - '-1'
      pragma:
      - no-cache
      server:
      - nginx
      strict-transport-security:
      - max-age=31536000; includeSubDomains
      transfer-encoding:
      - chunked
      vary:
      - Accept-Encoding
      x-content-type-options:
      - nosniff
    status:
      code: 200
      message: OK
- request:
    body: null
    headers:
      Accept:
      - '*/*'
      Accept-Encoding:
      - gzip, deflate
      CommandName:
      - aks update
      Connection:
      - keep-alive
      ParameterSetName:
      - -g -n --load-balancer-outbound-ips
      User-Agent:
      - AZURECLI/2.49.0 azsdk-python-azure-mgmt-containerservice/23.0.0 Python/3.8.16
        (macOS-13.4-arm64-arm-64bit)
    method: GET
    uri: https://management.azure.com/subscriptions/00000000-0000-0000-0000-000000000000/resourceGroups/clitest000001/providers/Microsoft.ContainerService/managedClusters/cliakstest000001?api-version=2023-05-01
  response:
    body:
      string: "{\n  \"id\": \"/subscriptions/00000000-0000-0000-0000-000000000000/resourcegroups/clitest000001/providers/Microsoft.ContainerService/managedClusters/cliakstest000001\"\
        ,\n  \"location\": \"westus2\",\n  \"name\": \"cliakstest000001\",\n  \"type\"\
        : \"Microsoft.ContainerService/ManagedClusters\",\n  \"properties\": {\n \
        \  \"provisioningState\": \"Succeeded\",\n   \"powerState\": {\n    \"code\"\
        : \"Running\"\n   },\n   \"kubernetesVersion\": \"1.25.6\",\n   \"currentKubernetesVersion\"\
        : \"1.25.6\",\n   \"dnsPrefix\": \"cliaksdns000004\",\n   \"fqdn\": \"cliaksdns000004-549vpxgp.hcp.westus2.azmk8s.io\"\
        ,\n   \"azurePortalFQDN\": \"cliaksdns000004-549vpxgp.portal.hcp.westus2.azmk8s.io\"\
        ,\n   \"agentPoolProfiles\": [\n    {\n     \"name\": \"nodepool1\",\n   \
        \  \"count\": 1,\n     \"vmSize\": \"Standard_DS2_v2\",\n     \"osDiskSizeGB\"\
        : 128,\n     \"osDiskType\": \"Managed\",\n     \"kubeletDiskType\": \"OS\"\
        ,\n     \"maxPods\": 110,\n     \"type\": \"VirtualMachineScaleSets\",\n \
        \    \"enableAutoScaling\": false,\n     \"provisioningState\": \"Succeeded\"\
        ,\n     \"powerState\": {\n      \"code\": \"Running\"\n     },\n     \"orchestratorVersion\"\
        : \"1.25.6\",\n     \"currentOrchestratorVersion\": \"1.25.6\",\n     \"enableNodePublicIP\"\
        : false,\n     \"mode\": \"System\",\n     \"enableEncryptionAtHost\": false,\n\
        \     \"enableUltraSSD\": false,\n     \"osType\": \"Linux\",\n     \"osSKU\"\
        : \"Ubuntu\",\n     \"nodeImageVersion\": \"AKSUbuntu-2204gen2containerd-202306.01.0\"\
        ,\n     \"upgradeSettings\": {},\n     \"enableFIPS\": false\n    }\n   ],\n\
        \   \"linuxProfile\": {\n    \"adminUsername\": \"azureuser\",\n    \"ssh\"\
        : {\n     \"publicKeys\": [\n      {\n       \"keyData\": \"ssh-rsa AAAAB3NzaC1yc2EAAAADAQABAAACAQCbIg1guRHbI0lV11wWDt1r2cUdcNd27CJsg+SfgC7miZeubtwUhbsPdhMQsfDyhOWHq1+ZL0M+nJZV63d/1dhmhtgyOqejUwrPlzKhydsbrsdUor+JmNJDdW01v7BXHyuymT8G4s09jCasNOwiufbP/qp72ruu0bIA1nySsvlf9pCQAuFkAnVnf/rFhUlOkhtRpwcq8SUNY2zRHR/EKb/4NWY1JzR4sa3q2fWIJdrrX0DvLoa5g9bIEd4Df79ba7v+yiUBOS0zT2ll+z4g9izHK3EO5d8hL4jYxcjKs+wcslSYRWrascfscLgMlMGh0CdKeNTDjHpGPncaf3Z+FwwwjWeuiNBxv7bJo13/8B/098KlVDl4GZqsoBCEjPyJfV6hO0y/LkRGkk7oHWKgeWAfKtfLItRp00eZ4fcJNK9kCaSMmEugoZWcI7NGbZXzqFWqbpRI7NcDP9+WIQ+i9U5vqWsqd/zng4kbuAJ6UuKqIzB0upYrLShfQE3SAck8oaLhJqqq56VfDuASNpJKidV+zq27HfSBmbXnkR/5AK337dc3MXKJypoK/QPMLKUAP5XLPbs+NddJQV7EZXd29DLgp+fRIg3edpKdO7ZErWhv7d+3Kws+e1Y+ypmR2WIVSwVyBEUfgv2C8Ts9gnTF4pNcEY/S2aBicz5Ew2+jdyGNQQ==\
        \ test@example.com\\n\"\n      }\n     ]\n    }\n   },\n   \"servicePrincipalProfile\"\
        : {\n    \"clientId\":\"00000000-0000-0000-0000-000000000001\"\n   },\n  \
        \ \"nodeResourceGroup\": \"MC_clitest000001_cliakstest000001_westus2\",\n\
        \   \"enableRBAC\": true,\n   \"supportPlan\": \"KubernetesOfficial\",\n \
        \  \"networkProfile\": {\n    \"networkPlugin\": \"kubenet\",\n    \"loadBalancerSku\"\
        : \"Standard\",\n    \"loadBalancerProfile\": {\n     \"outboundIPs\": {\n\
        \      \"publicIPs\": [\n       {\n        \"id\": \"/subscriptions/00000000-0000-0000-0000-000000000000/resourceGroups/clitest000001/providers/Microsoft.Network/publicIPAddresses/cliaksslbip1000002\"\
        \n       },\n       {\n        \"id\": \"/subscriptions/00000000-0000-0000-0000-000000000000/resourceGroups/clitest000001/providers/Microsoft.Network/publicIPAddresses/cliaksslbip2000003\"\
        \n       }\n      ]\n     },\n     \"effectiveOutboundIPs\": [\n      {\n\
        \       \"id\": \"/subscriptions/00000000-0000-0000-0000-000000000000/resourceGroups/clitest000001/providers/Microsoft.Network/publicIPAddresses/cliaksslbip1000002\"\
        \n      },\n      {\n       \"id\": \"/subscriptions/00000000-0000-0000-0000-000000000000/resourceGroups/clitest000001/providers/Microsoft.Network/publicIPAddresses/cliaksslbip2000003\"\
        \n      }\n     ],\n     \"allocatedOutboundPorts\": 0,\n     \"idleTimeoutInMinutes\"\
        : 30\n    },\n    \"podCidr\": \"10.244.0.0/16\",\n    \"serviceCidr\": \"\
        10.0.0.0/16\",\n    \"dnsServiceIP\": \"10.0.0.10\",\n    \"outboundType\"\
        : \"loadBalancer\",\n    \"podCidrs\": [\n     \"10.244.0.0/16\"\n    ],\n\
        \    \"serviceCidrs\": [\n     \"10.0.0.0/16\"\n    ],\n    \"ipFamilies\"\
        : [\n     \"IPv4\"\n    ]\n   },\n   \"maxAgentPools\": 100,\n   \"disableLocalAccounts\"\
        : false,\n   \"securityProfile\": {},\n   \"storageProfile\": {\n    \"diskCSIDriver\"\
        : {\n     \"enabled\": true\n    },\n    \"fileCSIDriver\": {\n     \"enabled\"\
        : true\n    },\n    \"snapshotController\": {\n     \"enabled\": true\n  \
        \  }\n   },\n   \"oidcIssuerProfile\": {\n    \"enabled\": false\n   },\n\
        \   \"workloadAutoScalerProfile\": {}\n  },\n  \"sku\": {\n   \"name\": \"\
        Base\",\n   \"tier\": \"Free\"\n  }\n }"
    headers:
      cache-control:
      - no-cache
      content-length:
      - '4207'
      content-type:
      - application/json
      date:
      - Thu, 15 Jun 2023 12:34:49 GMT
      expires:
      - '-1'
      pragma:
      - no-cache
      server:
      - nginx
      strict-transport-security:
      - max-age=31536000; includeSubDomains
      transfer-encoding:
      - chunked
      vary:
      - Accept-Encoding
      x-content-type-options:
      - nosniff
    status:
      code: 200
      message: OK
- request:
    body: null
    headers:
      Accept:
      - application/json
      Accept-Encoding:
      - gzip, deflate
      CommandName:
      - aks show
      Connection:
      - keep-alive
      ParameterSetName:
      - -g -n
      User-Agent:
      - AZURECLI/2.49.0 azsdk-python-azure-mgmt-containerservice/23.0.0 Python/3.8.16
        (macOS-13.4-arm64-arm-64bit)
    method: GET
    uri: https://management.azure.com/subscriptions/00000000-0000-0000-0000-000000000000/resourceGroups/clitest000001/providers/Microsoft.ContainerService/managedClusters/cliakstest000001?api-version=2023-05-01
  response:
    body:
      string: "{\n  \"id\": \"/subscriptions/00000000-0000-0000-0000-000000000000/resourcegroups/clitest000001/providers/Microsoft.ContainerService/managedClusters/cliakstest000001\"\
        ,\n  \"location\": \"westus2\",\n  \"name\": \"cliakstest000001\",\n  \"type\"\
        : \"Microsoft.ContainerService/ManagedClusters\",\n  \"properties\": {\n \
        \  \"provisioningState\": \"Succeeded\",\n   \"powerState\": {\n    \"code\"\
        : \"Running\"\n   },\n   \"kubernetesVersion\": \"1.25.6\",\n   \"currentKubernetesVersion\"\
        : \"1.25.6\",\n   \"dnsPrefix\": \"cliaksdns000004\",\n   \"fqdn\": \"cliaksdns000004-549vpxgp.hcp.westus2.azmk8s.io\"\
        ,\n   \"azurePortalFQDN\": \"cliaksdns000004-549vpxgp.portal.hcp.westus2.azmk8s.io\"\
        ,\n   \"agentPoolProfiles\": [\n    {\n     \"name\": \"nodepool1\",\n   \
        \  \"count\": 1,\n     \"vmSize\": \"Standard_DS2_v2\",\n     \"osDiskSizeGB\"\
        : 128,\n     \"osDiskType\": \"Managed\",\n     \"kubeletDiskType\": \"OS\"\
        ,\n     \"maxPods\": 110,\n     \"type\": \"VirtualMachineScaleSets\",\n \
        \    \"enableAutoScaling\": false,\n     \"provisioningState\": \"Succeeded\"\
        ,\n     \"powerState\": {\n      \"code\": \"Running\"\n     },\n     \"orchestratorVersion\"\
        : \"1.25.6\",\n     \"currentOrchestratorVersion\": \"1.25.6\",\n     \"enableNodePublicIP\"\
        : false,\n     \"mode\": \"System\",\n     \"enableEncryptionAtHost\": false,\n\
        \     \"enableUltraSSD\": false,\n     \"osType\": \"Linux\",\n     \"osSKU\"\
        : \"Ubuntu\",\n     \"nodeImageVersion\": \"AKSUbuntu-2204gen2containerd-202306.01.0\"\
        ,\n     \"upgradeSettings\": {},\n     \"enableFIPS\": false\n    }\n   ],\n\
        \   \"linuxProfile\": {\n    \"adminUsername\": \"azureuser\",\n    \"ssh\"\
        : {\n     \"publicKeys\": [\n      {\n       \"keyData\": \"ssh-rsa AAAAB3NzaC1yc2EAAAADAQABAAACAQCbIg1guRHbI0lV11wWDt1r2cUdcNd27CJsg+SfgC7miZeubtwUhbsPdhMQsfDyhOWHq1+ZL0M+nJZV63d/1dhmhtgyOqejUwrPlzKhydsbrsdUor+JmNJDdW01v7BXHyuymT8G4s09jCasNOwiufbP/qp72ruu0bIA1nySsvlf9pCQAuFkAnVnf/rFhUlOkhtRpwcq8SUNY2zRHR/EKb/4NWY1JzR4sa3q2fWIJdrrX0DvLoa5g9bIEd4Df79ba7v+yiUBOS0zT2ll+z4g9izHK3EO5d8hL4jYxcjKs+wcslSYRWrascfscLgMlMGh0CdKeNTDjHpGPncaf3Z+FwwwjWeuiNBxv7bJo13/8B/098KlVDl4GZqsoBCEjPyJfV6hO0y/LkRGkk7oHWKgeWAfKtfLItRp00eZ4fcJNK9kCaSMmEugoZWcI7NGbZXzqFWqbpRI7NcDP9+WIQ+i9U5vqWsqd/zng4kbuAJ6UuKqIzB0upYrLShfQE3SAck8oaLhJqqq56VfDuASNpJKidV+zq27HfSBmbXnkR/5AK337dc3MXKJypoK/QPMLKUAP5XLPbs+NddJQV7EZXd29DLgp+fRIg3edpKdO7ZErWhv7d+3Kws+e1Y+ypmR2WIVSwVyBEUfgv2C8Ts9gnTF4pNcEY/S2aBicz5Ew2+jdyGNQQ==\
        \ test@example.com\\n\"\n      }\n     ]\n    }\n   },\n   \"servicePrincipalProfile\"\
        : {\n    \"clientId\":\"00000000-0000-0000-0000-000000000001\"\n   },\n  \
        \ \"nodeResourceGroup\": \"MC_clitest000001_cliakstest000001_westus2\",\n\
        \   \"enableRBAC\": true,\n   \"supportPlan\": \"KubernetesOfficial\",\n \
        \  \"networkProfile\": {\n    \"networkPlugin\": \"kubenet\",\n    \"loadBalancerSku\"\
        : \"Standard\",\n    \"loadBalancerProfile\": {\n     \"outboundIPs\": {\n\
        \      \"publicIPs\": [\n       {\n        \"id\": \"/subscriptions/00000000-0000-0000-0000-000000000000/resourceGroups/clitest000001/providers/Microsoft.Network/publicIPAddresses/cliaksslbip1000002\"\
        \n       },\n       {\n        \"id\": \"/subscriptions/00000000-0000-0000-0000-000000000000/resourceGroups/clitest000001/providers/Microsoft.Network/publicIPAddresses/cliaksslbip2000003\"\
        \n       }\n      ]\n     },\n     \"effectiveOutboundIPs\": [\n      {\n\
        \       \"id\": \"/subscriptions/00000000-0000-0000-0000-000000000000/resourceGroups/clitest000001/providers/Microsoft.Network/publicIPAddresses/cliaksslbip1000002\"\
        \n      },\n      {\n       \"id\": \"/subscriptions/00000000-0000-0000-0000-000000000000/resourceGroups/clitest000001/providers/Microsoft.Network/publicIPAddresses/cliaksslbip2000003\"\
        \n      }\n     ],\n     \"allocatedOutboundPorts\": 0,\n     \"idleTimeoutInMinutes\"\
        : 30\n    },\n    \"podCidr\": \"10.244.0.0/16\",\n    \"serviceCidr\": \"\
        10.0.0.0/16\",\n    \"dnsServiceIP\": \"10.0.0.10\",\n    \"outboundType\"\
        : \"loadBalancer\",\n    \"podCidrs\": [\n     \"10.244.0.0/16\"\n    ],\n\
        \    \"serviceCidrs\": [\n     \"10.0.0.0/16\"\n    ],\n    \"ipFamilies\"\
        : [\n     \"IPv4\"\n    ]\n   },\n   \"maxAgentPools\": 100,\n   \"disableLocalAccounts\"\
        : false,\n   \"securityProfile\": {},\n   \"storageProfile\": {\n    \"diskCSIDriver\"\
        : {\n     \"enabled\": true\n    },\n    \"fileCSIDriver\": {\n     \"enabled\"\
        : true\n    },\n    \"snapshotController\": {\n     \"enabled\": true\n  \
        \  }\n   },\n   \"oidcIssuerProfile\": {\n    \"enabled\": false\n   },\n\
        \   \"workloadAutoScalerProfile\": {}\n  },\n  \"sku\": {\n   \"name\": \"\
        Base\",\n   \"tier\": \"Free\"\n  }\n }"
    headers:
      cache-control:
      - no-cache
      content-length:
      - '4207'
      content-type:
      - application/json
      date:
      - Thu, 15 Jun 2023 12:34:51 GMT
      expires:
      - '-1'
      pragma:
      - no-cache
      server:
      - nginx
      strict-transport-security:
      - max-age=31536000; includeSubDomains
      transfer-encoding:
      - chunked
      vary:
      - Accept-Encoding
      x-content-type-options:
      - nosniff
    status:
      code: 200
      message: OK
- request:
    body: null
    headers:
      Accept:
      - application/json
      Accept-Encoding:
      - gzip, deflate
      CommandName:
      - aks delete
      Connection:
      - keep-alive
      Content-Length:
      - '0'
      ParameterSetName:
      - -g -n --yes --no-wait
      User-Agent:
      - AZURECLI/2.49.0 azsdk-python-azure-mgmt-containerservice/23.0.0 Python/3.8.16
        (macOS-13.4-arm64-arm-64bit)
    method: DELETE
    uri: https://management.azure.com/subscriptions/00000000-0000-0000-0000-000000000000/resourceGroups/clitest000001/providers/Microsoft.ContainerService/managedClusters/cliakstest000001?api-version=2023-05-01
  response:
    body:
      string: ''
    headers:
      azure-asyncoperation:
      - https://management.azure.com/subscriptions/00000000-0000-0000-0000-000000000000/providers/Microsoft.ContainerService/locations/westus2/operations/b0d628f6-5c0d-4cda-8e15-c14233620b6a?api-version=2016-03-30
      cache-control:
      - no-cache
      content-length:
      - '0'
      date:
      - Thu, 15 Jun 2023 12:34:53 GMT
      expires:
      - '-1'
      location:
      - https://management.azure.com/subscriptions/00000000-0000-0000-0000-000000000000/providers/Microsoft.ContainerService/locations/westus2/operationresults/b0d628f6-5c0d-4cda-8e15-c14233620b6a?api-version=2016-03-30
      pragma:
      - no-cache
      server:
      - nginx
      strict-transport-security:
      - max-age=31536000; includeSubDomains
      x-content-type-options:
      - nosniff
      x-ms-ratelimit-remaining-subscription-deletes:
      - '14999'
    status:
      code: 202
      message: Accepted
version: 1
