interactions:
- request:
    body: null
    headers:
      Accept:
      - application/json
      Accept-Encoding:
      - gzip, deflate
      CommandName:
      - aks create
      Connection:
      - keep-alive
      ParameterSetName:
      - --resource-group --name --tags --ssh-key-value --enable-cluster-autoscaler
        -c --min-count --max-count --cluster-autoscaler-profile
      User-Agent:
      - AZURECLI/2.39.0 azsdk-python-azure-mgmt-resource/21.1.0b1 Python/3.8.10 (Linux-5.15.0-1017-azure-x86_64-with-glibc2.29)
    method: GET
    uri: https://management.azure.com/subscriptions/00000000-0000-0000-0000-000000000000/resourcegroups/clitest000001?api-version=2021-04-01
  response:
    body:
      string: '{"id":"/subscriptions/00000000-0000-0000-0000-000000000000/resourceGroups/clitest000001","name":"clitest000001","type":"Microsoft.Resources/resourceGroups","location":"westus2","tags":{"product":"azurecli","cause":"automation","date":"2022-08-30T03:31:19Z"},"properties":{"provisioningState":"Succeeded"}}'
    headers:
      cache-control:
      - no-cache
      content-length:
      - '305'
      content-type:
      - application/json; charset=utf-8
      date:
      - Tue, 30 Aug 2022 03:31:19 GMT
      expires:
      - '-1'
      pragma:
      - no-cache
      strict-transport-security:
      - max-age=31536000; includeSubDomains
      vary:
      - Accept-Encoding
      x-content-type-options:
      - nosniff
    status:
      code: 200
      message: OK
- request:
    body: '{"tags": {"tag1": "v1", "tag2": "v2"}, "location": "westus2", "identity":
      {"type": "SystemAssigned"}, "properties": {"kubernetesVersion": "", "dnsPrefix":
      "cliakstest-clitestwcg7cqxcr-8ecadf", "agentPoolProfiles": [{"count": 1, "vmSize":
      "Standard_DS2_v2", "osDiskSizeGB": 0, "osType": "Linux", "maxCount": 5, "minCount":
      1, "enableAutoScaling": true, "type": "VirtualMachineScaleSets", "mode": "System",
      "orchestratorVersion": "", "upgradeSettings": {}, "enableNodePublicIP": false,
      "scaleSetPriority": "Regular", "scaleSetEvictionPolicy": "Delete", "spotMaxPrice":
      -1.0, "nodeTaints": [], "enableEncryptionAtHost": false, "enableUltraSSD": false,
      "enableFIPS": false, "name": "nodepool1"}], "linuxProfile": {"adminUsername":
      "azureuser", "ssh": {"publicKeys": [{"keyData": "ssh-rsa AAAAB3NzaC1yc2EAAAADAQABAAABAQDaNPXUd0mbTXJ4I+KFW5KzIPimUfbKGXZfsy0eKGvO3C6X4gBRTshaUPnNLjvLd/K2G0r/aO73Tt9f0glUt39cwNchM8fnT+yYM0Sy3zax6VvqNuergfqa8dawP9fMC2nEo03ZleI7tOI/sFrHVuhzUSViWtXlI/O8MzXfGEDq2fQJ0y2LZC8tGquoqiJRuuo59/+wZazpkPPyU0hqwdncKx7A5fT0f1C9weC8YqkNVlQH48xB5ARpr0NLcWuWFh42ddBb9l30zEVz68KWn/FjP4Za0OjUmy+XH8bY7ittFi74aY23A8Q2WbmjFppC3stm6DbJ71TZfXvWFBIE2inB
      azcli_aks_live_test@example.com\n"}]}}, "addonProfiles": {}, "enableRBAC": true,
      "networkProfile": {"networkPlugin": "kubenet", "podCidr": "10.244.0.0/16", "serviceCidr":
      "10.0.0.0/16", "dnsServiceIP": "10.0.0.10", "dockerBridgeCidr": "172.17.0.1/16",
      "outboundType": "loadBalancer", "loadBalancerSku": "standard"}, "autoScalerProfile":
      {"expander": "least-waste", "scan-interval": "30s"}, "disableLocalAccounts":
      false}}'
    headers:
      Accept:
      - application/json
      Accept-Encoding:
      - gzip, deflate
      CommandName:
      - aks create
      Connection:
      - keep-alive
      Content-Length:
      - '1578'
      Content-Type:
      - application/json
      ParameterSetName:
      - --resource-group --name --tags --ssh-key-value --enable-cluster-autoscaler
        -c --min-count --max-count --cluster-autoscaler-profile
      User-Agent:
      - AZURECLI/2.39.0 azsdk-python-azure-mgmt-containerservice/20.3.0 Python/3.8.10
        (Linux-5.15.0-1017-azure-x86_64-with-glibc2.29)
    method: PUT
    uri: https://management.azure.com/subscriptions/00000000-0000-0000-0000-000000000000/resourceGroups/clitest000001/providers/Microsoft.ContainerService/managedClusters/cliakstest000002?api-version=2022-07-01
  response:
    body:
      string: "{\n  \"id\": \"/subscriptions/00000000-0000-0000-0000-000000000000/resourcegroups/clitest000001/providers/Microsoft.ContainerService/managedClusters/cliakstest000002\",\n
        \ \"location\": \"westus2\",\n  \"name\": \"cliakstest000002\",\n  \"tags\":
        {\n   \"tag1\": \"v1\",\n   \"tag2\": \"v2\"\n  },\n  \"type\": \"Microsoft.ContainerService/ManagedClusters\",\n
        \ \"properties\": {\n   \"provisioningState\": \"Creating\",\n   \"powerState\":
        {\n    \"code\": \"Running\"\n   },\n   \"kubernetesVersion\": \"1.23.8\",\n
        \  \"currentKubernetesVersion\": \"1.23.8\",\n   \"dnsPrefix\": \"cliakstest-clitestwcg7cqxcr-8ecadf\",\n
        \  \"fqdn\": \"cliakstest-clitestwcg7cqxcr-8ecadf-4af891c1.hcp.westus2.azmk8s.io\",\n
        \  \"azurePortalFQDN\": \"cliakstest-clitestwcg7cqxcr-8ecadf-4af891c1.portal.hcp.westus2.azmk8s.io\",\n
        \  \"agentPoolProfiles\": [\n    {\n     \"name\": \"nodepool1\",\n     \"count\":
        1,\n     \"vmSize\": \"Standard_DS2_v2\",\n     \"osDiskSizeGB\": 128,\n     \"osDiskType\":
        \"Managed\",\n     \"kubeletDiskType\": \"OS\",\n     \"maxPods\": 110,\n
        \    \"type\": \"VirtualMachineScaleSets\",\n     \"maxCount\": 5,\n     \"minCount\":
        1,\n     \"enableAutoScaling\": true,\n     \"provisioningState\": \"Creating\",\n
        \    \"powerState\": {\n      \"code\": \"Running\"\n     },\n     \"orchestratorVersion\":
        \"1.23.8\",\n     \"currentOrchestratorVersion\": \"1.23.8\",\n     \"enableNodePublicIP\":
        false,\n     \"mode\": \"System\",\n     \"enableEncryptionAtHost\": false,\n
        \    \"enableUltraSSD\": false,\n     \"osType\": \"Linux\",\n     \"osSKU\":
        \"Ubuntu\",\n     \"nodeImageVersion\": \"AKSUbuntu-1804gen2containerd-2022.08.10\",\n
        \    \"upgradeSettings\": {},\n     \"enableFIPS\": false\n    }\n   ],\n
        \  \"linuxProfile\": {\n    \"adminUsername\": \"azureuser\",\n    \"ssh\":
        {\n     \"publicKeys\": [\n      {\n       \"keyData\": \"ssh-rsa AAAAB3NzaC1yc2EAAAADAQABAAABAQDaNPXUd0mbTXJ4I+KFW5KzIPimUfbKGXZfsy0eKGvO3C6X4gBRTshaUPnNLjvLd/K2G0r/aO73Tt9f0glUt39cwNchM8fnT+yYM0Sy3zax6VvqNuergfqa8dawP9fMC2nEo03ZleI7tOI/sFrHVuhzUSViWtXlI/O8MzXfGEDq2fQJ0y2LZC8tGquoqiJRuuo59/+wZazpkPPyU0hqwdncKx7A5fT0f1C9weC8YqkNVlQH48xB5ARpr0NLcWuWFh42ddBb9l30zEVz68KWn/FjP4Za0OjUmy+XH8bY7ittFi74aY23A8Q2WbmjFppC3stm6DbJ71TZfXvWFBIE2inB
        azcli_aks_live_test@example.com\\n\"\n      }\n     ]\n    }\n   },\n   \"servicePrincipalProfile\":
        {\n    \"clientId\":\"00000000-0000-0000-0000-000000000001\"\n   },\n   \"nodeResourceGroup\":
        \"MC_clitest000001_cliakstest000002_westus2\",\n   \"enableRBAC\": true,\n
        \  \"networkProfile\": {\n    \"networkPlugin\": \"kubenet\",\n    \"loadBalancerSku\":
        \"standard\",\n    \"loadBalancerProfile\": {\n     \"managedOutboundIPs\":
        {\n      \"count\": 1\n     }\n    },\n    \"podCidr\": \"10.244.0.0/16\",\n
        \   \"serviceCidr\": \"10.0.0.0/16\",\n    \"dnsServiceIP\": \"10.0.0.10\",\n
        \   \"dockerBridgeCidr\": \"172.17.0.1/16\",\n    \"outboundType\": \"loadBalancer\",\n
        \   \"podCidrs\": [\n     \"10.244.0.0/16\"\n    ],\n    \"serviceCidrs\":
        [\n     \"10.0.0.0/16\"\n    ],\n    \"ipFamilies\": [\n     \"IPv4\"\n    ]\n
        \  },\n   \"maxAgentPools\": 100,\n   \"autoScalerProfile\": {\n    \"balance-similar-node-groups\":
        \"false\",\n    \"expander\": \"least-waste\",\n    \"max-empty-bulk-delete\":
        \"10\",\n    \"max-graceful-termination-sec\": \"600\",\n    \"max-node-provision-time\":
        \"15m\",\n    \"max-total-unready-percentage\": \"45\",\n    \"new-pod-scale-up-delay\":
        \"0s\",\n    \"ok-total-unready-count\": \"3\",\n    \"scale-down-delay-after-add\":
        \"10m\",\n    \"scale-down-delay-after-delete\": \"10s\",\n    \"scale-down-delay-after-failure\":
        \"3m\",\n    \"scale-down-unneeded-time\": \"10m\",\n    \"scale-down-unready-time\":
        \"20m\",\n    \"scale-down-utilization-threshold\": \"0.5\",\n    \"scan-interval\":
        \"30s\",\n    \"skip-nodes-with-local-storage\": \"false\",\n    \"skip-nodes-with-system-pods\":
        \"true\"\n   },\n   \"disableLocalAccounts\": false,\n   \"securityProfile\":
        {},\n   \"storageProfile\": {\n    \"diskCSIDriver\": {\n     \"enabled\":
        true\n    },\n    \"fileCSIDriver\": {\n     \"enabled\": true\n    },\n    \"snapshotController\":
        {\n     \"enabled\": true\n    }\n   }\n  },\n  \"identity\": {\n   \"type\":
        \"SystemAssigned\",\n   \"principalId\":\"00000000-0000-0000-0000-000000000001\",\n
        \  \"tenantId\": \"72f988bf-86f1-41af-91ab-2d7cd011db47\"\n  },\n  \"sku\":
        {\n   \"name\": \"Basic\",\n   \"tier\": \"Free\"\n  }\n }"
    headers:
      azure-asyncoperation:
      - https://management.azure.com/subscriptions/00000000-0000-0000-0000-000000000000/providers/Microsoft.ContainerService/locations/westus2/operations/9b149274-3553-491c-a9a4-f92bffc7a473?api-version=2016-03-30
      cache-control:
      - no-cache
      content-length:
      - '3973'
      content-type:
      - application/json
      date:
      - Tue, 30 Aug 2022 03:31:23 GMT
      expires:
      - '-1'
      pragma:
      - no-cache
      server:
      - nginx
      strict-transport-security:
      - max-age=31536000; includeSubDomains
      x-content-type-options:
      - nosniff
      x-ms-ratelimit-remaining-subscription-writes:
      - '1199'
    status:
      code: 201
      message: Created
- request:
    body: null
    headers:
      Accept:
      - '*/*'
      Accept-Encoding:
      - gzip, deflate
      CommandName:
      - aks create
      Connection:
      - keep-alive
      ParameterSetName:
      - --resource-group --name --tags --ssh-key-value --enable-cluster-autoscaler
        -c --min-count --max-count --cluster-autoscaler-profile
      User-Agent:
      - AZURECLI/2.39.0 azsdk-python-azure-mgmt-containerservice/20.3.0 Python/3.8.10
        (Linux-5.15.0-1017-azure-x86_64-with-glibc2.29)
    method: GET
    uri: https://management.azure.com/subscriptions/00000000-0000-0000-0000-000000000000/providers/Microsoft.ContainerService/locations/westus2/operations/9b149274-3553-491c-a9a4-f92bffc7a473?api-version=2016-03-30
  response:
    body:
      string: "{\n  \"name\": \"7492149b-5335-1c49-a9a4-f92bffc7a473\",\n  \"status\":
        \"InProgress\",\n  \"startTime\": \"2022-08-30T03:31:23.9442711Z\"\n }"
    headers:
      cache-control:
      - no-cache
      content-length:
      - '126'
      content-type:
      - application/json
      date:
      - Tue, 30 Aug 2022 03:31:53 GMT
      expires:
      - '-1'
      pragma:
      - no-cache
      server:
      - nginx
      strict-transport-security:
      - max-age=31536000; includeSubDomains
      transfer-encoding:
      - chunked
      vary:
      - Accept-Encoding
      x-content-type-options:
      - nosniff
    status:
      code: 200
      message: OK
- request:
    body: null
    headers:
      Accept:
      - '*/*'
      Accept-Encoding:
      - gzip, deflate
      CommandName:
      - aks create
      Connection:
      - keep-alive
      ParameterSetName:
      - --resource-group --name --tags --ssh-key-value --enable-cluster-autoscaler
        -c --min-count --max-count --cluster-autoscaler-profile
      User-Agent:
      - AZURECLI/2.39.0 azsdk-python-azure-mgmt-containerservice/20.3.0 Python/3.8.10
        (Linux-5.15.0-1017-azure-x86_64-with-glibc2.29)
    method: GET
    uri: https://management.azure.com/subscriptions/00000000-0000-0000-0000-000000000000/providers/Microsoft.ContainerService/locations/westus2/operations/9b149274-3553-491c-a9a4-f92bffc7a473?api-version=2016-03-30
  response:
    body:
      string: "{\n  \"name\": \"7492149b-5335-1c49-a9a4-f92bffc7a473\",\n  \"status\":
        \"InProgress\",\n  \"startTime\": \"2022-08-30T03:31:23.9442711Z\"\n }"
    headers:
      cache-control:
      - no-cache
      content-length:
      - '126'
      content-type:
      - application/json
      date:
      - Tue, 30 Aug 2022 03:32:24 GMT
      expires:
      - '-1'
      pragma:
      - no-cache
      server:
      - nginx
      strict-transport-security:
      - max-age=31536000; includeSubDomains
      transfer-encoding:
      - chunked
      vary:
      - Accept-Encoding
      x-content-type-options:
      - nosniff
    status:
      code: 200
      message: OK
- request:
    body: null
    headers:
      Accept:
      - '*/*'
      Accept-Encoding:
      - gzip, deflate
      CommandName:
      - aks create
      Connection:
      - keep-alive
      ParameterSetName:
      - --resource-group --name --tags --ssh-key-value --enable-cluster-autoscaler
        -c --min-count --max-count --cluster-autoscaler-profile
      User-Agent:
      - AZURECLI/2.39.0 azsdk-python-azure-mgmt-containerservice/20.3.0 Python/3.8.10
        (Linux-5.15.0-1017-azure-x86_64-with-glibc2.29)
    method: GET
    uri: https://management.azure.com/subscriptions/00000000-0000-0000-0000-000000000000/providers/Microsoft.ContainerService/locations/westus2/operations/9b149274-3553-491c-a9a4-f92bffc7a473?api-version=2016-03-30
  response:
    body:
      string: "{\n  \"name\": \"7492149b-5335-1c49-a9a4-f92bffc7a473\",\n  \"status\":
        \"InProgress\",\n  \"startTime\": \"2022-08-30T03:31:23.9442711Z\"\n }"
    headers:
      cache-control:
      - no-cache
      content-length:
      - '126'
      content-type:
      - application/json
      date:
      - Tue, 30 Aug 2022 03:32:54 GMT
      expires:
      - '-1'
      pragma:
      - no-cache
      server:
      - nginx
      strict-transport-security:
      - max-age=31536000; includeSubDomains
      transfer-encoding:
      - chunked
      vary:
      - Accept-Encoding
      x-content-type-options:
      - nosniff
    status:
      code: 200
      message: OK
- request:
    body: null
    headers:
      Accept:
      - '*/*'
      Accept-Encoding:
      - gzip, deflate
      CommandName:
      - aks create
      Connection:
      - keep-alive
      ParameterSetName:
      - --resource-group --name --tags --ssh-key-value --enable-cluster-autoscaler
        -c --min-count --max-count --cluster-autoscaler-profile
      User-Agent:
      - AZURECLI/2.39.0 azsdk-python-azure-mgmt-containerservice/20.3.0 Python/3.8.10
        (Linux-5.15.0-1017-azure-x86_64-with-glibc2.29)
    method: GET
    uri: https://management.azure.com/subscriptions/00000000-0000-0000-0000-000000000000/providers/Microsoft.ContainerService/locations/westus2/operations/9b149274-3553-491c-a9a4-f92bffc7a473?api-version=2016-03-30
  response:
    body:
      string: "{\n  \"name\": \"7492149b-5335-1c49-a9a4-f92bffc7a473\",\n  \"status\":
        \"InProgress\",\n  \"startTime\": \"2022-08-30T03:31:23.9442711Z\"\n }"
    headers:
      cache-control:
      - no-cache
      content-length:
      - '126'
      content-type:
      - application/json
      date:
      - Tue, 30 Aug 2022 03:33:24 GMT
      expires:
      - '-1'
      pragma:
      - no-cache
      server:
      - nginx
      strict-transport-security:
      - max-age=31536000; includeSubDomains
      transfer-encoding:
      - chunked
      vary:
      - Accept-Encoding
      x-content-type-options:
      - nosniff
    status:
      code: 200
      message: OK
- request:
    body: null
    headers:
      Accept:
      - '*/*'
      Accept-Encoding:
      - gzip, deflate
      CommandName:
      - aks create
      Connection:
      - keep-alive
      ParameterSetName:
      - --resource-group --name --tags --ssh-key-value --enable-cluster-autoscaler
        -c --min-count --max-count --cluster-autoscaler-profile
      User-Agent:
      - AZURECLI/2.39.0 azsdk-python-azure-mgmt-containerservice/20.3.0 Python/3.8.10
        (Linux-5.15.0-1017-azure-x86_64-with-glibc2.29)
    method: GET
    uri: https://management.azure.com/subscriptions/00000000-0000-0000-0000-000000000000/providers/Microsoft.ContainerService/locations/westus2/operations/9b149274-3553-491c-a9a4-f92bffc7a473?api-version=2016-03-30
  response:
    body:
      string: "{\n  \"name\": \"7492149b-5335-1c49-a9a4-f92bffc7a473\",\n  \"status\":
        \"InProgress\",\n  \"startTime\": \"2022-08-30T03:31:23.9442711Z\"\n }"
    headers:
      cache-control:
      - no-cache
      content-length:
      - '126'
      content-type:
      - application/json
      date:
      - Tue, 30 Aug 2022 03:33:54 GMT
      expires:
      - '-1'
      pragma:
      - no-cache
      server:
      - nginx
      strict-transport-security:
      - max-age=31536000; includeSubDomains
      transfer-encoding:
      - chunked
      vary:
      - Accept-Encoding
      x-content-type-options:
      - nosniff
    status:
      code: 200
      message: OK
- request:
    body: null
    headers:
      Accept:
      - '*/*'
      Accept-Encoding:
      - gzip, deflate
      CommandName:
      - aks create
      Connection:
      - keep-alive
      ParameterSetName:
      - --resource-group --name --tags --ssh-key-value --enable-cluster-autoscaler
        -c --min-count --max-count --cluster-autoscaler-profile
      User-Agent:
      - AZURECLI/2.39.0 azsdk-python-azure-mgmt-containerservice/20.3.0 Python/3.8.10
        (Linux-5.15.0-1017-azure-x86_64-with-glibc2.29)
    method: GET
    uri: https://management.azure.com/subscriptions/00000000-0000-0000-0000-000000000000/providers/Microsoft.ContainerService/locations/westus2/operations/9b149274-3553-491c-a9a4-f92bffc7a473?api-version=2016-03-30
  response:
    body:
      string: "{\n  \"name\": \"7492149b-5335-1c49-a9a4-f92bffc7a473\",\n  \"status\":
        \"InProgress\",\n  \"startTime\": \"2022-08-30T03:31:23.9442711Z\"\n }"
    headers:
      cache-control:
      - no-cache
      content-length:
      - '126'
      content-type:
      - application/json
      date:
      - Tue, 30 Aug 2022 03:34:24 GMT
      expires:
      - '-1'
      pragma:
      - no-cache
      server:
      - nginx
      strict-transport-security:
      - max-age=31536000; includeSubDomains
      transfer-encoding:
      - chunked
      vary:
      - Accept-Encoding
      x-content-type-options:
      - nosniff
    status:
      code: 200
      message: OK
- request:
    body: null
    headers:
      Accept:
      - '*/*'
      Accept-Encoding:
      - gzip, deflate
      CommandName:
      - aks create
      Connection:
      - keep-alive
      ParameterSetName:
      - --resource-group --name --tags --ssh-key-value --enable-cluster-autoscaler
        -c --min-count --max-count --cluster-autoscaler-profile
      User-Agent:
      - AZURECLI/2.39.0 azsdk-python-azure-mgmt-containerservice/20.3.0 Python/3.8.10
        (Linux-5.15.0-1017-azure-x86_64-with-glibc2.29)
    method: GET
    uri: https://management.azure.com/subscriptions/00000000-0000-0000-0000-000000000000/providers/Microsoft.ContainerService/locations/westus2/operations/9b149274-3553-491c-a9a4-f92bffc7a473?api-version=2016-03-30
  response:
    body:
      string: "{\n  \"name\": \"7492149b-5335-1c49-a9a4-f92bffc7a473\",\n  \"status\":
        \"InProgress\",\n  \"startTime\": \"2022-08-30T03:31:23.9442711Z\"\n }"
    headers:
      cache-control:
      - no-cache
      content-length:
      - '126'
      content-type:
      - application/json
      date:
      - Tue, 30 Aug 2022 03:34:53 GMT
      expires:
      - '-1'
      pragma:
      - no-cache
      server:
      - nginx
      strict-transport-security:
      - max-age=31536000; includeSubDomains
      transfer-encoding:
      - chunked
      vary:
      - Accept-Encoding
      x-content-type-options:
      - nosniff
    status:
      code: 200
      message: OK
- request:
    body: null
    headers:
      Accept:
      - '*/*'
      Accept-Encoding:
      - gzip, deflate
      CommandName:
      - aks create
      Connection:
      - keep-alive
      ParameterSetName:
      - --resource-group --name --tags --ssh-key-value --enable-cluster-autoscaler
        -c --min-count --max-count --cluster-autoscaler-profile
      User-Agent:
      - AZURECLI/2.39.0 azsdk-python-azure-mgmt-containerservice/20.3.0 Python/3.8.10
        (Linux-5.15.0-1017-azure-x86_64-with-glibc2.29)
    method: GET
    uri: https://management.azure.com/subscriptions/00000000-0000-0000-0000-000000000000/providers/Microsoft.ContainerService/locations/westus2/operations/9b149274-3553-491c-a9a4-f92bffc7a473?api-version=2016-03-30
  response:
    body:
      string: "{\n  \"name\": \"7492149b-5335-1c49-a9a4-f92bffc7a473\",\n  \"status\":
        \"InProgress\",\n  \"startTime\": \"2022-08-30T03:31:23.9442711Z\"\n }"
    headers:
      cache-control:
      - no-cache
      content-length:
      - '126'
      content-type:
      - application/json
      date:
      - Tue, 30 Aug 2022 03:35:23 GMT
      expires:
      - '-1'
      pragma:
      - no-cache
      server:
      - nginx
      strict-transport-security:
      - max-age=31536000; includeSubDomains
      transfer-encoding:
      - chunked
      vary:
      - Accept-Encoding
      x-content-type-options:
      - nosniff
    status:
      code: 200
      message: OK
- request:
    body: null
    headers:
      Accept:
      - '*/*'
      Accept-Encoding:
      - gzip, deflate
      CommandName:
      - aks create
      Connection:
      - keep-alive
      ParameterSetName:
      - --resource-group --name --tags --ssh-key-value --enable-cluster-autoscaler
        -c --min-count --max-count --cluster-autoscaler-profile
      User-Agent:
      - AZURECLI/2.39.0 azsdk-python-azure-mgmt-containerservice/20.3.0 Python/3.8.10
        (Linux-5.15.0-1017-azure-x86_64-with-glibc2.29)
    method: GET
    uri: https://management.azure.com/subscriptions/00000000-0000-0000-0000-000000000000/providers/Microsoft.ContainerService/locations/westus2/operations/9b149274-3553-491c-a9a4-f92bffc7a473?api-version=2016-03-30
  response:
    body:
      string: "{\n  \"name\": \"7492149b-5335-1c49-a9a4-f92bffc7a473\",\n  \"status\":
        \"Succeeded\",\n  \"startTime\": \"2022-08-30T03:31:23.9442711Z\",\n  \"endTime\":
        \"2022-08-30T03:35:34.140661Z\"\n }"
    headers:
      cache-control:
      - no-cache
      content-length:
      - '169'
      content-type:
      - application/json
      date:
      - Tue, 30 Aug 2022 03:35:54 GMT
      expires:
      - '-1'
      pragma:
      - no-cache
      server:
      - nginx
      strict-transport-security:
      - max-age=31536000; includeSubDomains
      transfer-encoding:
      - chunked
      vary:
      - Accept-Encoding
      x-content-type-options:
      - nosniff
    status:
      code: 200
      message: OK
- request:
    body: null
    headers:
      Accept:
      - '*/*'
      Accept-Encoding:
      - gzip, deflate
      CommandName:
      - aks create
      Connection:
      - keep-alive
      ParameterSetName:
      - --resource-group --name --tags --ssh-key-value --enable-cluster-autoscaler
        -c --min-count --max-count --cluster-autoscaler-profile
      User-Agent:
      - AZURECLI/2.39.0 azsdk-python-azure-mgmt-containerservice/20.3.0 Python/3.8.10
        (Linux-5.15.0-1017-azure-x86_64-with-glibc2.29)
    method: GET
    uri: https://management.azure.com/subscriptions/00000000-0000-0000-0000-000000000000/resourceGroups/clitest000001/providers/Microsoft.ContainerService/managedClusters/cliakstest000002?api-version=2022-07-01
  response:
    body:
      string: "{\n  \"id\": \"/subscriptions/00000000-0000-0000-0000-000000000000/resourcegroups/clitest000001/providers/Microsoft.ContainerService/managedClusters/cliakstest000002\",\n
        \ \"location\": \"westus2\",\n  \"name\": \"cliakstest000002\",\n  \"tags\":
        {\n   \"tag1\": \"v1\",\n   \"tag2\": \"v2\"\n  },\n  \"type\": \"Microsoft.ContainerService/ManagedClusters\",\n
        \ \"properties\": {\n   \"provisioningState\": \"Succeeded\",\n   \"powerState\":
        {\n    \"code\": \"Running\"\n   },\n   \"kubernetesVersion\": \"1.23.8\",\n
        \  \"currentKubernetesVersion\": \"1.23.8\",\n   \"dnsPrefix\": \"cliakstest-clitestwcg7cqxcr-8ecadf\",\n
        \  \"fqdn\": \"cliakstest-clitestwcg7cqxcr-8ecadf-4af891c1.hcp.westus2.azmk8s.io\",\n
        \  \"azurePortalFQDN\": \"cliakstest-clitestwcg7cqxcr-8ecadf-4af891c1.portal.hcp.westus2.azmk8s.io\",\n
        \  \"agentPoolProfiles\": [\n    {\n     \"name\": \"nodepool1\",\n     \"count\":
        1,\n     \"vmSize\": \"Standard_DS2_v2\",\n     \"osDiskSizeGB\": 128,\n     \"osDiskType\":
        \"Managed\",\n     \"kubeletDiskType\": \"OS\",\n     \"maxPods\": 110,\n
        \    \"type\": \"VirtualMachineScaleSets\",\n     \"maxCount\": 5,\n     \"minCount\":
        1,\n     \"enableAutoScaling\": true,\n     \"provisioningState\": \"Succeeded\",\n
        \    \"powerState\": {\n      \"code\": \"Running\"\n     },\n     \"orchestratorVersion\":
        \"1.23.8\",\n     \"currentOrchestratorVersion\": \"1.23.8\",\n     \"enableNodePublicIP\":
        false,\n     \"mode\": \"System\",\n     \"enableEncryptionAtHost\": false,\n
        \    \"enableUltraSSD\": false,\n     \"osType\": \"Linux\",\n     \"osSKU\":
        \"Ubuntu\",\n     \"nodeImageVersion\": \"AKSUbuntu-1804gen2containerd-2022.08.10\",\n
        \    \"upgradeSettings\": {},\n     \"enableFIPS\": false\n    }\n   ],\n
        \  \"linuxProfile\": {\n    \"adminUsername\": \"azureuser\",\n    \"ssh\":
        {\n     \"publicKeys\": [\n      {\n       \"keyData\": \"ssh-rsa AAAAB3NzaC1yc2EAAAADAQABAAABAQDaNPXUd0mbTXJ4I+KFW5KzIPimUfbKGXZfsy0eKGvO3C6X4gBRTshaUPnNLjvLd/K2G0r/aO73Tt9f0glUt39cwNchM8fnT+yYM0Sy3zax6VvqNuergfqa8dawP9fMC2nEo03ZleI7tOI/sFrHVuhzUSViWtXlI/O8MzXfGEDq2fQJ0y2LZC8tGquoqiJRuuo59/+wZazpkPPyU0hqwdncKx7A5fT0f1C9weC8YqkNVlQH48xB5ARpr0NLcWuWFh42ddBb9l30zEVz68KWn/FjP4Za0OjUmy+XH8bY7ittFi74aY23A8Q2WbmjFppC3stm6DbJ71TZfXvWFBIE2inB
        azcli_aks_live_test@example.com\\n\"\n      }\n     ]\n    }\n   },\n   \"servicePrincipalProfile\":
        {\n    \"clientId\":\"00000000-0000-0000-0000-000000000001\"\n   },\n   \"nodeResourceGroup\":
        \"MC_clitest000001_cliakstest000002_westus2\",\n   \"enableRBAC\": true,\n
        \  \"networkProfile\": {\n    \"networkPlugin\": \"kubenet\",\n    \"loadBalancerSku\":
        \"Standard\",\n    \"loadBalancerProfile\": {\n     \"managedOutboundIPs\":
        {\n      \"count\": 1\n     },\n     \"effectiveOutboundIPs\": [\n      {\n
        \      \"id\": \"/subscriptions/00000000-0000-0000-0000-000000000000/resourceGroups/MC_clitest000001_cliakstest000002_westus2/providers/Microsoft.Network/publicIPAddresses/52d20df4-41c0-4e54-8ae2-502cf9ec933f\"\n
        \     }\n     ]\n    },\n    \"podCidr\": \"10.244.0.0/16\",\n    \"serviceCidr\":
        \"10.0.0.0/16\",\n    \"dnsServiceIP\": \"10.0.0.10\",\n    \"dockerBridgeCidr\":
        \"172.17.0.1/16\",\n    \"outboundType\": \"loadBalancer\",\n    \"podCidrs\":
        [\n     \"10.244.0.0/16\"\n    ],\n    \"serviceCidrs\": [\n     \"10.0.0.0/16\"\n
        \   ],\n    \"ipFamilies\": [\n     \"IPv4\"\n    ]\n   },\n   \"maxAgentPools\":
        100,\n   \"identityProfile\": {\n    \"kubeletidentity\": {\n     \"resourceId\":
        \"/subscriptions/00000000-0000-0000-0000-000000000000/resourcegroups/MC_clitest000001_cliakstest000002_westus2/providers/Microsoft.ManagedIdentity/userAssignedIdentities/cliakstest000002-agentpool\",\n
        \    \"clientId\":\"00000000-0000-0000-0000-000000000001\",\n     \"objectId\":\"00000000-0000-0000-0000-000000000001\"\n
        \   }\n   },\n   \"autoScalerProfile\": {\n    \"balance-similar-node-groups\":
        \"false\",\n    \"expander\": \"least-waste\",\n    \"max-empty-bulk-delete\":
        \"10\",\n    \"max-graceful-termination-sec\": \"600\",\n    \"max-node-provision-time\":
        \"15m\",\n    \"max-total-unready-percentage\": \"45\",\n    \"new-pod-scale-up-delay\":
        \"0s\",\n    \"ok-total-unready-count\": \"3\",\n    \"scale-down-delay-after-add\":
        \"10m\",\n    \"scale-down-delay-after-delete\": \"10s\",\n    \"scale-down-delay-after-failure\":
        \"3m\",\n    \"scale-down-unneeded-time\": \"10m\",\n    \"scale-down-unready-time\":
        \"20m\",\n    \"scale-down-utilization-threshold\": \"0.5\",\n    \"scan-interval\":
        \"30s\",\n    \"skip-nodes-with-local-storage\": \"false\",\n    \"skip-nodes-with-system-pods\":
        \"true\"\n   },\n   \"disableLocalAccounts\": false,\n   \"securityProfile\":
        {},\n   \"storageProfile\": {\n    \"diskCSIDriver\": {\n     \"enabled\":
        true\n    },\n    \"fileCSIDriver\": {\n     \"enabled\": true\n    },\n    \"snapshotController\":
        {\n     \"enabled\": true\n    }\n   }\n  },\n  \"identity\": {\n   \"type\":
        \"SystemAssigned\",\n   \"principalId\":\"00000000-0000-0000-0000-000000000001\",\n
        \  \"tenantId\": \"72f988bf-86f1-41af-91ab-2d7cd011db47\"\n  },\n  \"sku\":
        {\n   \"name\": \"Basic\",\n   \"tier\": \"Free\"\n  }\n }"
    headers:
      cache-control:
      - no-cache
      content-length:
      - '4626'
      content-type:
      - application/json
      date:
      - Tue, 30 Aug 2022 03:35:55 GMT
      expires:
      - '-1'
      pragma:
      - no-cache
      server:
      - nginx
      strict-transport-security:
      - max-age=31536000; includeSubDomains
      transfer-encoding:
      - chunked
      vary:
      - Accept-Encoding
      x-content-type-options:
      - nosniff
    status:
      code: 200
      message: OK
- request:
    body: null
    headers:
      Accept:
      - application/json
      Accept-Encoding:
      - gzip, deflate
      CommandName:
      - aks update
      Connection:
      - keep-alive
      ParameterSetName:
      - --resource-group --name --tags --disable-cluster-autoscaler
      User-Agent:
      - AZURECLI/2.39.0 azsdk-python-azure-mgmt-containerservice/20.3.0 Python/3.8.10
        (Linux-5.15.0-1017-azure-x86_64-with-glibc2.29)
    method: GET
    uri: https://management.azure.com/subscriptions/00000000-0000-0000-0000-000000000000/resourceGroups/clitest000001/providers/Microsoft.ContainerService/managedClusters/cliakstest000002?api-version=2022-07-01
  response:
    body:
      string: "{\n  \"id\": \"/subscriptions/00000000-0000-0000-0000-000000000000/resourcegroups/clitest000001/providers/Microsoft.ContainerService/managedClusters/cliakstest000002\",\n
        \ \"location\": \"westus2\",\n  \"name\": \"cliakstest000002\",\n  \"tags\":
        {\n   \"tag1\": \"v1\",\n   \"tag2\": \"v2\"\n  },\n  \"type\": \"Microsoft.ContainerService/ManagedClusters\",\n
        \ \"properties\": {\n   \"provisioningState\": \"Succeeded\",\n   \"powerState\":
        {\n    \"code\": \"Running\"\n   },\n   \"kubernetesVersion\": \"1.23.8\",\n
        \  \"currentKubernetesVersion\": \"1.23.8\",\n   \"dnsPrefix\": \"cliakstest-clitestwcg7cqxcr-8ecadf\",\n
        \  \"fqdn\": \"cliakstest-clitestwcg7cqxcr-8ecadf-4af891c1.hcp.westus2.azmk8s.io\",\n
        \  \"azurePortalFQDN\": \"cliakstest-clitestwcg7cqxcr-8ecadf-4af891c1.portal.hcp.westus2.azmk8s.io\",\n
        \  \"agentPoolProfiles\": [\n    {\n     \"name\": \"nodepool1\",\n     \"count\":
        1,\n     \"vmSize\": \"Standard_DS2_v2\",\n     \"osDiskSizeGB\": 128,\n     \"osDiskType\":
        \"Managed\",\n     \"kubeletDiskType\": \"OS\",\n     \"maxPods\": 110,\n
        \    \"type\": \"VirtualMachineScaleSets\",\n     \"maxCount\": 5,\n     \"minCount\":
        1,\n     \"enableAutoScaling\": true,\n     \"provisioningState\": \"Succeeded\",\n
        \    \"powerState\": {\n      \"code\": \"Running\"\n     },\n     \"orchestratorVersion\":
        \"1.23.8\",\n     \"currentOrchestratorVersion\": \"1.23.8\",\n     \"enableNodePublicIP\":
        false,\n     \"mode\": \"System\",\n     \"enableEncryptionAtHost\": false,\n
        \    \"enableUltraSSD\": false,\n     \"osType\": \"Linux\",\n     \"osSKU\":
        \"Ubuntu\",\n     \"nodeImageVersion\": \"AKSUbuntu-1804gen2containerd-2022.08.10\",\n
        \    \"upgradeSettings\": {},\n     \"enableFIPS\": false\n    }\n   ],\n
        \  \"linuxProfile\": {\n    \"adminUsername\": \"azureuser\",\n    \"ssh\":
        {\n     \"publicKeys\": [\n      {\n       \"keyData\": \"ssh-rsa AAAAB3NzaC1yc2EAAAADAQABAAABAQDaNPXUd0mbTXJ4I+KFW5KzIPimUfbKGXZfsy0eKGvO3C6X4gBRTshaUPnNLjvLd/K2G0r/aO73Tt9f0glUt39cwNchM8fnT+yYM0Sy3zax6VvqNuergfqa8dawP9fMC2nEo03ZleI7tOI/sFrHVuhzUSViWtXlI/O8MzXfGEDq2fQJ0y2LZC8tGquoqiJRuuo59/+wZazpkPPyU0hqwdncKx7A5fT0f1C9weC8YqkNVlQH48xB5ARpr0NLcWuWFh42ddBb9l30zEVz68KWn/FjP4Za0OjUmy+XH8bY7ittFi74aY23A8Q2WbmjFppC3stm6DbJ71TZfXvWFBIE2inB
        azcli_aks_live_test@example.com\\n\"\n      }\n     ]\n    }\n   },\n   \"servicePrincipalProfile\":
        {\n    \"clientId\":\"00000000-0000-0000-0000-000000000001\"\n   },\n   \"nodeResourceGroup\":
        \"MC_clitest000001_cliakstest000002_westus2\",\n   \"enableRBAC\": true,\n
        \  \"networkProfile\": {\n    \"networkPlugin\": \"kubenet\",\n    \"loadBalancerSku\":
        \"Standard\",\n    \"loadBalancerProfile\": {\n     \"managedOutboundIPs\":
        {\n      \"count\": 1\n     },\n     \"effectiveOutboundIPs\": [\n      {\n
        \      \"id\": \"/subscriptions/00000000-0000-0000-0000-000000000000/resourceGroups/MC_clitest000001_cliakstest000002_westus2/providers/Microsoft.Network/publicIPAddresses/52d20df4-41c0-4e54-8ae2-502cf9ec933f\"\n
        \     }\n     ]\n    },\n    \"podCidr\": \"10.244.0.0/16\",\n    \"serviceCidr\":
        \"10.0.0.0/16\",\n    \"dnsServiceIP\": \"10.0.0.10\",\n    \"dockerBridgeCidr\":
        \"172.17.0.1/16\",\n    \"outboundType\": \"loadBalancer\",\n    \"podCidrs\":
        [\n     \"10.244.0.0/16\"\n    ],\n    \"serviceCidrs\": [\n     \"10.0.0.0/16\"\n
        \   ],\n    \"ipFamilies\": [\n     \"IPv4\"\n    ]\n   },\n   \"maxAgentPools\":
        100,\n   \"identityProfile\": {\n    \"kubeletidentity\": {\n     \"resourceId\":
        \"/subscriptions/00000000-0000-0000-0000-000000000000/resourcegroups/MC_clitest000001_cliakstest000002_westus2/providers/Microsoft.ManagedIdentity/userAssignedIdentities/cliakstest000002-agentpool\",\n
        \    \"clientId\":\"00000000-0000-0000-0000-000000000001\",\n     \"objectId\":\"00000000-0000-0000-0000-000000000001\"\n
        \   }\n   },\n   \"autoScalerProfile\": {\n    \"balance-similar-node-groups\":
        \"false\",\n    \"expander\": \"least-waste\",\n    \"max-empty-bulk-delete\":
        \"10\",\n    \"max-graceful-termination-sec\": \"600\",\n    \"max-node-provision-time\":
        \"15m\",\n    \"max-total-unready-percentage\": \"45\",\n    \"new-pod-scale-up-delay\":
        \"0s\",\n    \"ok-total-unready-count\": \"3\",\n    \"scale-down-delay-after-add\":
        \"10m\",\n    \"scale-down-delay-after-delete\": \"10s\",\n    \"scale-down-delay-after-failure\":
        \"3m\",\n    \"scale-down-unneeded-time\": \"10m\",\n    \"scale-down-unready-time\":
        \"20m\",\n    \"scale-down-utilization-threshold\": \"0.5\",\n    \"scan-interval\":
        \"30s\",\n    \"skip-nodes-with-local-storage\": \"false\",\n    \"skip-nodes-with-system-pods\":
        \"true\"\n   },\n   \"disableLocalAccounts\": false,\n   \"securityProfile\":
        {},\n   \"storageProfile\": {\n    \"diskCSIDriver\": {\n     \"enabled\":
        true\n    },\n    \"fileCSIDriver\": {\n     \"enabled\": true\n    },\n    \"snapshotController\":
        {\n     \"enabled\": true\n    }\n   }\n  },\n  \"identity\": {\n   \"type\":
        \"SystemAssigned\",\n   \"principalId\":\"00000000-0000-0000-0000-000000000001\",\n
        \  \"tenantId\": \"72f988bf-86f1-41af-91ab-2d7cd011db47\"\n  },\n  \"sku\":
        {\n   \"name\": \"Basic\",\n   \"tier\": \"Free\"\n  }\n }"
    headers:
      cache-control:
      - no-cache
      content-length:
      - '4626'
      content-type:
      - application/json
      date:
      - Tue, 30 Aug 2022 03:35:56 GMT
      expires:
      - '-1'
      pragma:
      - no-cache
      server:
      - nginx
      strict-transport-security:
      - max-age=31536000; includeSubDomains
      transfer-encoding:
      - chunked
      vary:
      - Accept-Encoding
      x-content-type-options:
      - nosniff
    status:
      code: 200
      message: OK
- request:
    body: '{"tags": {"tag3": "v3"}, "location": "westus2", "sku": {"name": "Basic",
      "tier": "Free"}, "identity": {"type": "SystemAssigned"}, "properties": {"kubernetesVersion":
      "1.23.8", "dnsPrefix": "cliakstest-clitestwcg7cqxcr-8ecadf", "agentPoolProfiles":
      [{"count": 1, "vmSize": "Standard_DS2_v2", "osDiskSizeGB": 128, "osDiskType":
      "Managed", "kubeletDiskType": "OS", "maxPods": 110, "osType": "Linux", "osSKU":
      "Ubuntu", "enableAutoScaling": false, "type": "VirtualMachineScaleSets", "mode":
      "System", "orchestratorVersion": "1.23.8", "upgradeSettings": {}, "powerState":
      {"code": "Running"}, "enableNodePublicIP": false, "enableEncryptionAtHost":
      false, "enableUltraSSD": false, "enableFIPS": false, "name": "nodepool1"}],
      "linuxProfile": {"adminUsername": "azureuser", "ssh": {"publicKeys": [{"keyData":
      "ssh-rsa AAAAB3NzaC1yc2EAAAADAQABAAABAQDaNPXUd0mbTXJ4I+KFW5KzIPimUfbKGXZfsy0eKGvO3C6X4gBRTshaUPnNLjvLd/K2G0r/aO73Tt9f0glUt39cwNchM8fnT+yYM0Sy3zax6VvqNuergfqa8dawP9fMC2nEo03ZleI7tOI/sFrHVuhzUSViWtXlI/O8MzXfGEDq2fQJ0y2LZC8tGquoqiJRuuo59/+wZazpkPPyU0hqwdncKx7A5fT0f1C9weC8YqkNVlQH48xB5ARpr0NLcWuWFh42ddBb9l30zEVz68KWn/FjP4Za0OjUmy+XH8bY7ittFi74aY23A8Q2WbmjFppC3stm6DbJ71TZfXvWFBIE2inB
      azcli_aks_live_test@example.com\n"}]}}, "servicePrincipalProfile": {"clientId":"00000000-0000-0000-0000-000000000001"},
      "nodeResourceGroup": "MC_clitest000001_cliakstest000002_westus2", "enableRBAC":
      true, "networkProfile": {"networkPlugin": "kubenet", "podCidr": "10.244.0.0/16",
      "serviceCidr": "10.0.0.0/16", "dnsServiceIP": "10.0.0.10", "dockerBridgeCidr":
      "172.17.0.1/16", "outboundType": "loadBalancer", "loadBalancerSku": "Standard",
      "loadBalancerProfile": {"managedOutboundIPs": {"count": 1}, "effectiveOutboundIPs":
      [{"id": "/subscriptions/00000000-0000-0000-0000-000000000000/resourceGroups/MC_clitest000001_cliakstest000002_westus2/providers/Microsoft.Network/publicIPAddresses/52d20df4-41c0-4e54-8ae2-502cf9ec933f"}]},
      "podCidrs": ["10.244.0.0/16"], "serviceCidrs": ["10.0.0.0/16"], "ipFamilies":
      ["IPv4"]}, "autoScalerProfile": {"balance-similar-node-groups": "false", "expander":
      "least-waste", "max-empty-bulk-delete": "10", "max-graceful-termination-sec":
      "600", "max-node-provision-time": "15m", "max-total-unready-percentage": "45",
      "new-pod-scale-up-delay": "0s", "ok-total-unready-count": "3", "scan-interval":
      "30s", "scale-down-delay-after-add": "10m", "scale-down-delay-after-delete":
      "10s", "scale-down-delay-after-failure": "3m", "scale-down-unneeded-time": "10m",
      "scale-down-unready-time": "20m", "scale-down-utilization-threshold": "0.5",
      "skip-nodes-with-local-storage": "false", "skip-nodes-with-system-pods": "true"},
      "identityProfile": {"kubeletidentity": {"resourceId": "/subscriptions/00000000-0000-0000-0000-000000000000/resourcegroups/MC_clitest000001_cliakstest000002_westus2/providers/Microsoft.ManagedIdentity/userAssignedIdentities/cliakstest000002-agentpool",
      "clientId":"00000000-0000-0000-0000-000000000001", "objectId":"00000000-0000-0000-0000-000000000001"}},
      "disableLocalAccounts": false, "securityProfile": {}, "storageProfile": {"diskCSIDriver":
      {"enabled": true}, "fileCSIDriver": {"enabled": true}, "snapshotController":
      {"enabled": true}}}}'
    headers:
      Accept:
      - application/json
      Accept-Encoding:
      - gzip, deflate
      CommandName:
      - aks update
      Connection:
      - keep-alive
      Content-Length:
      - '3174'
      Content-Type:
      - application/json
      ParameterSetName:
      - --resource-group --name --tags --disable-cluster-autoscaler
      User-Agent:
      - AZURECLI/2.39.0 azsdk-python-azure-mgmt-containerservice/20.3.0 Python/3.8.10
        (Linux-5.15.0-1017-azure-x86_64-with-glibc2.29)
    method: PUT
    uri: https://management.azure.com/subscriptions/00000000-0000-0000-0000-000000000000/resourceGroups/clitest000001/providers/Microsoft.ContainerService/managedClusters/cliakstest000002?api-version=2022-07-01
  response:
    body:
      string: "{\n  \"id\": \"/subscriptions/00000000-0000-0000-0000-000000000000/resourcegroups/clitest000001/providers/Microsoft.ContainerService/managedClusters/cliakstest000002\",\n
        \ \"location\": \"westus2\",\n  \"name\": \"cliakstest000002\",\n  \"tags\":
        {\n   \"tag3\": \"v3\"\n  },\n  \"type\": \"Microsoft.ContainerService/ManagedClusters\",\n
        \ \"properties\": {\n   \"provisioningState\": \"Updating\",\n   \"powerState\":
        {\n    \"code\": \"Running\"\n   },\n   \"kubernetesVersion\": \"1.23.8\",\n
        \  \"currentKubernetesVersion\": \"1.23.8\",\n   \"dnsPrefix\": \"cliakstest-clitestwcg7cqxcr-8ecadf\",\n
        \  \"fqdn\": \"cliakstest-clitestwcg7cqxcr-8ecadf-4af891c1.hcp.westus2.azmk8s.io\",\n
        \  \"azurePortalFQDN\": \"cliakstest-clitestwcg7cqxcr-8ecadf-4af891c1.portal.hcp.westus2.azmk8s.io\",\n
        \  \"agentPoolProfiles\": [\n    {\n     \"name\": \"nodepool1\",\n     \"count\":
        1,\n     \"vmSize\": \"Standard_DS2_v2\",\n     \"osDiskSizeGB\": 128,\n     \"osDiskType\":
        \"Managed\",\n     \"kubeletDiskType\": \"OS\",\n     \"maxPods\": 110,\n
        \    \"type\": \"VirtualMachineScaleSets\",\n     \"enableAutoScaling\": false,\n
        \    \"provisioningState\": \"Updating\",\n     \"powerState\": {\n      \"code\":
        \"Running\"\n     },\n     \"orchestratorVersion\": \"1.23.8\",\n     \"currentOrchestratorVersion\":
        \"1.23.8\",\n     \"enableNodePublicIP\": false,\n     \"mode\": \"System\",\n
        \    \"enableEncryptionAtHost\": false,\n     \"enableUltraSSD\": false,\n
        \    \"osType\": \"Linux\",\n     \"osSKU\": \"Ubuntu\",\n     \"nodeImageVersion\":
        \"AKSUbuntu-1804gen2containerd-2022.08.10\",\n     \"upgradeSettings\": {},\n
        \    \"enableFIPS\": false\n    }\n   ],\n   \"linuxProfile\": {\n    \"adminUsername\":
        \"azureuser\",\n    \"ssh\": {\n     \"publicKeys\": [\n      {\n       \"keyData\":
        \"ssh-rsa AAAAB3NzaC1yc2EAAAADAQABAAABAQDaNPXUd0mbTXJ4I+KFW5KzIPimUfbKGXZfsy0eKGvO3C6X4gBRTshaUPnNLjvLd/K2G0r/aO73Tt9f0glUt39cwNchM8fnT+yYM0Sy3zax6VvqNuergfqa8dawP9fMC2nEo03ZleI7tOI/sFrHVuhzUSViWtXlI/O8MzXfGEDq2fQJ0y2LZC8tGquoqiJRuuo59/+wZazpkPPyU0hqwdncKx7A5fT0f1C9weC8YqkNVlQH48xB5ARpr0NLcWuWFh42ddBb9l30zEVz68KWn/FjP4Za0OjUmy+XH8bY7ittFi74aY23A8Q2WbmjFppC3stm6DbJ71TZfXvWFBIE2inB
        azcli_aks_live_test@example.com\\n\"\n      }\n     ]\n    }\n   },\n   \"servicePrincipalProfile\":
        {\n    \"clientId\":\"00000000-0000-0000-0000-000000000001\"\n   },\n   \"nodeResourceGroup\":
        \"MC_clitest000001_cliakstest000002_westus2\",\n   \"enableRBAC\": true,\n
        \  \"networkProfile\": {\n    \"networkPlugin\": \"kubenet\",\n    \"loadBalancerSku\":
        \"Standard\",\n    \"loadBalancerProfile\": {\n     \"managedOutboundIPs\":
        {\n      \"count\": 1\n     },\n     \"effectiveOutboundIPs\": [\n      {\n
        \      \"id\": \"/subscriptions/00000000-0000-0000-0000-000000000000/resourceGroups/MC_clitest000001_cliakstest000002_westus2/providers/Microsoft.Network/publicIPAddresses/52d20df4-41c0-4e54-8ae2-502cf9ec933f\"\n
        \     }\n     ]\n    },\n    \"podCidr\": \"10.244.0.0/16\",\n    \"serviceCidr\":
        \"10.0.0.0/16\",\n    \"dnsServiceIP\": \"10.0.0.10\",\n    \"dockerBridgeCidr\":
        \"172.17.0.1/16\",\n    \"outboundType\": \"loadBalancer\",\n    \"podCidrs\":
        [\n     \"10.244.0.0/16\"\n    ],\n    \"serviceCidrs\": [\n     \"10.0.0.0/16\"\n
        \   ],\n    \"ipFamilies\": [\n     \"IPv4\"\n    ]\n   },\n   \"maxAgentPools\":
        100,\n   \"identityProfile\": {\n    \"kubeletidentity\": {\n     \"resourceId\":
        \"/subscriptions/00000000-0000-0000-0000-000000000000/resourcegroups/MC_clitest000001_cliakstest000002_westus2/providers/Microsoft.ManagedIdentity/userAssignedIdentities/cliakstest000002-agentpool\",\n
        \    \"clientId\":\"00000000-0000-0000-0000-000000000001\",\n     \"objectId\":\"00000000-0000-0000-0000-000000000001\"\n
        \   }\n   },\n   \"autoScalerProfile\": {\n    \"balance-similar-node-groups\":
        \"false\",\n    \"expander\": \"least-waste\",\n    \"max-empty-bulk-delete\":
        \"10\",\n    \"max-graceful-termination-sec\": \"600\",\n    \"max-node-provision-time\":
        \"15m\",\n    \"max-total-unready-percentage\": \"45\",\n    \"new-pod-scale-up-delay\":
        \"0s\",\n    \"ok-total-unready-count\": \"3\",\n    \"scale-down-delay-after-add\":
        \"10m\",\n    \"scale-down-delay-after-delete\": \"10s\",\n    \"scale-down-delay-after-failure\":
        \"3m\",\n    \"scale-down-unneeded-time\": \"10m\",\n    \"scale-down-unready-time\":
        \"20m\",\n    \"scale-down-utilization-threshold\": \"0.5\",\n    \"scan-interval\":
        \"30s\",\n    \"skip-nodes-with-local-storage\": \"false\",\n    \"skip-nodes-with-system-pods\":
        \"true\"\n   },\n   \"disableLocalAccounts\": false,\n   \"securityProfile\":
        {},\n   \"storageProfile\": {\n    \"diskCSIDriver\": {\n     \"enabled\":
        true\n    },\n    \"fileCSIDriver\": {\n     \"enabled\": true\n    },\n    \"snapshotController\":
        {\n     \"enabled\": true\n    }\n   }\n  },\n  \"identity\": {\n   \"type\":
        \"SystemAssigned\",\n   \"principalId\":\"00000000-0000-0000-0000-000000000001\",\n
        \  \"tenantId\": \"72f988bf-86f1-41af-91ab-2d7cd011db47\"\n  },\n  \"sku\":
        {\n   \"name\": \"Basic\",\n   \"tier\": \"Free\"\n  }\n }"
    headers:
      azure-asyncoperation:
      - https://management.azure.com/subscriptions/00000000-0000-0000-0000-000000000000/providers/Microsoft.ContainerService/locations/westus2/operations/96b78a2e-2ca0-47fe-a405-79308bf90a14?api-version=2016-03-30
      cache-control:
      - no-cache
      content-length:
      - '4568'
      content-type:
      - application/json
      date:
      - Tue, 30 Aug 2022 03:35:58 GMT
      expires:
      - '-1'
      pragma:
      - no-cache
      server:
      - nginx
      strict-transport-security:
      - max-age=31536000; includeSubDomains
      transfer-encoding:
      - chunked
      vary:
      - Accept-Encoding
      x-content-type-options:
      - nosniff
      x-ms-ratelimit-remaining-subscription-writes:
      - '1198'
    status:
      code: 200
      message: OK
- request:
    body: null
    headers:
      Accept:
      - '*/*'
      Accept-Encoding:
      - gzip, deflate
      CommandName:
      - aks update
      Connection:
      - keep-alive
      ParameterSetName:
      - --resource-group --name --tags --disable-cluster-autoscaler
      User-Agent:
      - AZURECLI/2.39.0 azsdk-python-azure-mgmt-containerservice/20.3.0 Python/3.8.10
        (Linux-5.15.0-1017-azure-x86_64-with-glibc2.29)
    method: GET
    uri: https://management.azure.com/subscriptions/00000000-0000-0000-0000-000000000000/providers/Microsoft.ContainerService/locations/westus2/operations/96b78a2e-2ca0-47fe-a405-79308bf90a14?api-version=2016-03-30
  response:
    body:
      string: "{\n  \"name\": \"2e8ab796-a02c-fe47-a405-79308bf90a14\",\n  \"status\":
        \"InProgress\",\n  \"startTime\": \"2022-08-30T03:35:58.6338522Z\"\n }"
    headers:
      cache-control:
      - no-cache
      content-length:
      - '126'
      content-type:
      - application/json
      date:
      - Tue, 30 Aug 2022 03:36:28 GMT
      expires:
      - '-1'
      pragma:
      - no-cache
      server:
      - nginx
      strict-transport-security:
      - max-age=31536000; includeSubDomains
      transfer-encoding:
      - chunked
      vary:
      - Accept-Encoding
      x-content-type-options:
      - nosniff
    status:
      code: 200
      message: OK
- request:
    body: null
    headers:
      Accept:
      - '*/*'
      Accept-Encoding:
      - gzip, deflate
      CommandName:
      - aks update
      Connection:
      - keep-alive
      ParameterSetName:
      - --resource-group --name --tags --disable-cluster-autoscaler
      User-Agent:
      - AZURECLI/2.39.0 azsdk-python-azure-mgmt-containerservice/20.3.0 Python/3.8.10
        (Linux-5.15.0-1017-azure-x86_64-with-glibc2.29)
    method: GET
    uri: https://management.azure.com/subscriptions/00000000-0000-0000-0000-000000000000/providers/Microsoft.ContainerService/locations/westus2/operations/96b78a2e-2ca0-47fe-a405-79308bf90a14?api-version=2016-03-30
  response:
    body:
      string: "{\n  \"name\": \"2e8ab796-a02c-fe47-a405-79308bf90a14\",\n  \"status\":
        \"InProgress\",\n  \"startTime\": \"2022-08-30T03:35:58.6338522Z\"\n }"
    headers:
      cache-control:
      - no-cache
      content-length:
      - '126'
      content-type:
      - application/json
      date:
      - Tue, 30 Aug 2022 03:36:58 GMT
      expires:
      - '-1'
      pragma:
      - no-cache
      server:
      - nginx
      strict-transport-security:
      - max-age=31536000; includeSubDomains
      transfer-encoding:
      - chunked
      vary:
      - Accept-Encoding
      x-content-type-options:
      - nosniff
    status:
      code: 200
      message: OK
- request:
    body: null
    headers:
      Accept:
      - '*/*'
      Accept-Encoding:
      - gzip, deflate
      CommandName:
      - aks update
      Connection:
      - keep-alive
      ParameterSetName:
      - --resource-group --name --tags --disable-cluster-autoscaler
      User-Agent:
      - AZURECLI/2.39.0 azsdk-python-azure-mgmt-containerservice/20.3.0 Python/3.8.10
        (Linux-5.15.0-1017-azure-x86_64-with-glibc2.29)
    method: GET
    uri: https://management.azure.com/subscriptions/00000000-0000-0000-0000-000000000000/providers/Microsoft.ContainerService/locations/westus2/operations/96b78a2e-2ca0-47fe-a405-79308bf90a14?api-version=2016-03-30
  response:
    body:
      string: "{\n  \"name\": \"2e8ab796-a02c-fe47-a405-79308bf90a14\",\n  \"status\":
        \"InProgress\",\n  \"startTime\": \"2022-08-30T03:35:58.6338522Z\"\n }"
    headers:
      cache-control:
      - no-cache
      content-length:
      - '126'
      content-type:
      - application/json
      date:
      - Tue, 30 Aug 2022 03:37:28 GMT
      expires:
      - '-1'
      pragma:
      - no-cache
      server:
      - nginx
      strict-transport-security:
      - max-age=31536000; includeSubDomains
      transfer-encoding:
      - chunked
      vary:
      - Accept-Encoding
      x-content-type-options:
      - nosniff
    status:
      code: 200
      message: OK
- request:
    body: null
    headers:
      Accept:
      - '*/*'
      Accept-Encoding:
      - gzip, deflate
      CommandName:
      - aks update
      Connection:
      - keep-alive
      ParameterSetName:
      - --resource-group --name --tags --disable-cluster-autoscaler
      User-Agent:
      - AZURECLI/2.39.0 azsdk-python-azure-mgmt-containerservice/20.3.0 Python/3.8.10
        (Linux-5.15.0-1017-azure-x86_64-with-glibc2.29)
    method: GET
    uri: https://management.azure.com/subscriptions/00000000-0000-0000-0000-000000000000/providers/Microsoft.ContainerService/locations/westus2/operations/96b78a2e-2ca0-47fe-a405-79308bf90a14?api-version=2016-03-30
  response:
    body:
      string: "{\n  \"name\": \"2e8ab796-a02c-fe47-a405-79308bf90a14\",\n  \"status\":
        \"Succeeded\",\n  \"startTime\": \"2022-08-30T03:35:58.6338522Z\",\n  \"endTime\":
        \"2022-08-30T03:37:52.5175436Z\"\n }"
    headers:
      cache-control:
      - no-cache
      content-length:
      - '170'
      content-type:
      - application/json
      date:
      - Tue, 30 Aug 2022 03:37:58 GMT
      expires:
      - '-1'
      pragma:
      - no-cache
      server:
      - nginx
      strict-transport-security:
      - max-age=31536000; includeSubDomains
      transfer-encoding:
      - chunked
      vary:
      - Accept-Encoding
      x-content-type-options:
      - nosniff
    status:
      code: 200
      message: OK
- request:
    body: null
    headers:
      Accept:
      - '*/*'
      Accept-Encoding:
      - gzip, deflate
      CommandName:
      - aks update
      Connection:
      - keep-alive
      ParameterSetName:
      - --resource-group --name --tags --disable-cluster-autoscaler
      User-Agent:
      - AZURECLI/2.39.0 azsdk-python-azure-mgmt-containerservice/20.3.0 Python/3.8.10
        (Linux-5.15.0-1017-azure-x86_64-with-glibc2.29)
    method: GET
    uri: https://management.azure.com/subscriptions/00000000-0000-0000-0000-000000000000/resourceGroups/clitest000001/providers/Microsoft.ContainerService/managedClusters/cliakstest000002?api-version=2022-07-01
  response:
    body:
      string: "{\n  \"id\": \"/subscriptions/00000000-0000-0000-0000-000000000000/resourcegroups/clitest000001/providers/Microsoft.ContainerService/managedClusters/cliakstest000002\",\n
        \ \"location\": \"westus2\",\n  \"name\": \"cliakstest000002\",\n  \"tags\":
        {\n   \"tag3\": \"v3\"\n  },\n  \"type\": \"Microsoft.ContainerService/ManagedClusters\",\n
        \ \"properties\": {\n   \"provisioningState\": \"Succeeded\",\n   \"powerState\":
        {\n    \"code\": \"Running\"\n   },\n   \"kubernetesVersion\": \"1.23.8\",\n
        \  \"currentKubernetesVersion\": \"1.23.8\",\n   \"dnsPrefix\": \"cliakstest-clitestwcg7cqxcr-8ecadf\",\n
        \  \"fqdn\": \"cliakstest-clitestwcg7cqxcr-8ecadf-4af891c1.hcp.westus2.azmk8s.io\",\n
        \  \"azurePortalFQDN\": \"cliakstest-clitestwcg7cqxcr-8ecadf-4af891c1.portal.hcp.westus2.azmk8s.io\",\n
        \  \"agentPoolProfiles\": [\n    {\n     \"name\": \"nodepool1\",\n     \"count\":
        1,\n     \"vmSize\": \"Standard_DS2_v2\",\n     \"osDiskSizeGB\": 128,\n     \"osDiskType\":
        \"Managed\",\n     \"kubeletDiskType\": \"OS\",\n     \"maxPods\": 110,\n
        \    \"type\": \"VirtualMachineScaleSets\",\n     \"enableAutoScaling\": false,\n
        \    \"provisioningState\": \"Succeeded\",\n     \"powerState\": {\n      \"code\":
        \"Running\"\n     },\n     \"orchestratorVersion\": \"1.23.8\",\n     \"currentOrchestratorVersion\":
        \"1.23.8\",\n     \"enableNodePublicIP\": false,\n     \"mode\": \"System\",\n
        \    \"enableEncryptionAtHost\": false,\n     \"enableUltraSSD\": false,\n
        \    \"osType\": \"Linux\",\n     \"osSKU\": \"Ubuntu\",\n     \"nodeImageVersion\":
        \"AKSUbuntu-1804gen2containerd-2022.08.10\",\n     \"upgradeSettings\": {},\n
        \    \"enableFIPS\": false\n    }\n   ],\n   \"linuxProfile\": {\n    \"adminUsername\":
        \"azureuser\",\n    \"ssh\": {\n     \"publicKeys\": [\n      {\n       \"keyData\":
        \"ssh-rsa AAAAB3NzaC1yc2EAAAADAQABAAABAQDaNPXUd0mbTXJ4I+KFW5KzIPimUfbKGXZfsy0eKGvO3C6X4gBRTshaUPnNLjvLd/K2G0r/aO73Tt9f0glUt39cwNchM8fnT+yYM0Sy3zax6VvqNuergfqa8dawP9fMC2nEo03ZleI7tOI/sFrHVuhzUSViWtXlI/O8MzXfGEDq2fQJ0y2LZC8tGquoqiJRuuo59/+wZazpkPPyU0hqwdncKx7A5fT0f1C9weC8YqkNVlQH48xB5ARpr0NLcWuWFh42ddBb9l30zEVz68KWn/FjP4Za0OjUmy+XH8bY7ittFi74aY23A8Q2WbmjFppC3stm6DbJ71TZfXvWFBIE2inB
        azcli_aks_live_test@example.com\\n\"\n      }\n     ]\n    }\n   },\n   \"servicePrincipalProfile\":
        {\n    \"clientId\":\"00000000-0000-0000-0000-000000000001\"\n   },\n   \"nodeResourceGroup\":
        \"MC_clitest000001_cliakstest000002_westus2\",\n   \"enableRBAC\": true,\n
        \  \"networkProfile\": {\n    \"networkPlugin\": \"kubenet\",\n    \"loadBalancerSku\":
        \"Standard\",\n    \"loadBalancerProfile\": {\n     \"managedOutboundIPs\":
        {\n      \"count\": 1\n     },\n     \"effectiveOutboundIPs\": [\n      {\n
        \      \"id\": \"/subscriptions/00000000-0000-0000-0000-000000000000/resourceGroups/MC_clitest000001_cliakstest000002_westus2/providers/Microsoft.Network/publicIPAddresses/52d20df4-41c0-4e54-8ae2-502cf9ec933f\"\n
        \     }\n     ]\n    },\n    \"podCidr\": \"10.244.0.0/16\",\n    \"serviceCidr\":
        \"10.0.0.0/16\",\n    \"dnsServiceIP\": \"10.0.0.10\",\n    \"dockerBridgeCidr\":
        \"172.17.0.1/16\",\n    \"outboundType\": \"loadBalancer\",\n    \"podCidrs\":
        [\n     \"10.244.0.0/16\"\n    ],\n    \"serviceCidrs\": [\n     \"10.0.0.0/16\"\n
        \   ],\n    \"ipFamilies\": [\n     \"IPv4\"\n    ]\n   },\n   \"maxAgentPools\":
        100,\n   \"identityProfile\": {\n    \"kubeletidentity\": {\n     \"resourceId\":
        \"/subscriptions/00000000-0000-0000-0000-000000000000/resourcegroups/MC_clitest000001_cliakstest000002_westus2/providers/Microsoft.ManagedIdentity/userAssignedIdentities/cliakstest000002-agentpool\",\n
        \    \"clientId\":\"00000000-0000-0000-0000-000000000001\",\n     \"objectId\":\"00000000-0000-0000-0000-000000000001\"\n
        \   }\n   },\n   \"autoScalerProfile\": {\n    \"balance-similar-node-groups\":
        \"false\",\n    \"expander\": \"least-waste\",\n    \"max-empty-bulk-delete\":
        \"10\",\n    \"max-graceful-termination-sec\": \"600\",\n    \"max-node-provision-time\":
        \"15m\",\n    \"max-total-unready-percentage\": \"45\",\n    \"new-pod-scale-up-delay\":
        \"0s\",\n    \"ok-total-unready-count\": \"3\",\n    \"scale-down-delay-after-add\":
        \"10m\",\n    \"scale-down-delay-after-delete\": \"10s\",\n    \"scale-down-delay-after-failure\":
        \"3m\",\n    \"scale-down-unneeded-time\": \"10m\",\n    \"scale-down-unready-time\":
        \"20m\",\n    \"scale-down-utilization-threshold\": \"0.5\",\n    \"scan-interval\":
        \"30s\",\n    \"skip-nodes-with-local-storage\": \"false\",\n    \"skip-nodes-with-system-pods\":
        \"true\"\n   },\n   \"disableLocalAccounts\": false,\n   \"securityProfile\":
        {},\n   \"storageProfile\": {\n    \"diskCSIDriver\": {\n     \"enabled\":
        true\n    },\n    \"fileCSIDriver\": {\n     \"enabled\": true\n    },\n    \"snapshotController\":
        {\n     \"enabled\": true\n    }\n   }\n  },\n  \"identity\": {\n   \"type\":
        \"SystemAssigned\",\n   \"principalId\":\"00000000-0000-0000-0000-000000000001\",\n
        \  \"tenantId\": \"72f988bf-86f1-41af-91ab-2d7cd011db47\"\n  },\n  \"sku\":
        {\n   \"name\": \"Basic\",\n   \"tier\": \"Free\"\n  }\n }"
    headers:
      cache-control:
      - no-cache
      content-length:
      - '4570'
      content-type:
      - application/json
      date:
      - Tue, 30 Aug 2022 03:37:58 GMT
      expires:
      - '-1'
      pragma:
      - no-cache
      server:
      - nginx
      strict-transport-security:
      - max-age=31536000; includeSubDomains
      transfer-encoding:
      - chunked
      vary:
      - Accept-Encoding
      x-content-type-options:
      - nosniff
    status:
      code: 200
      message: OK
- request:
    body: null
    headers:
      Accept:
      - application/json
      Accept-Encoding:
      - gzip, deflate
      CommandName:
      - aks update
      Connection:
      - keep-alive
      ParameterSetName:
      - --resource-group --name --tags --enable-cluster-autoscaler --min-count --max-count
      User-Agent:
      - AZURECLI/2.39.0 azsdk-python-azure-mgmt-containerservice/20.3.0 Python/3.8.10
        (Linux-5.15.0-1017-azure-x86_64-with-glibc2.29)
    method: GET
    uri: https://management.azure.com/subscriptions/00000000-0000-0000-0000-000000000000/resourceGroups/clitest000001/providers/Microsoft.ContainerService/managedClusters/cliakstest000002?api-version=2022-07-01
  response:
    body:
      string: "{\n  \"id\": \"/subscriptions/00000000-0000-0000-0000-000000000000/resourcegroups/clitest000001/providers/Microsoft.ContainerService/managedClusters/cliakstest000002\",\n
        \ \"location\": \"westus2\",\n  \"name\": \"cliakstest000002\",\n  \"tags\":
        {\n   \"tag3\": \"v3\"\n  },\n  \"type\": \"Microsoft.ContainerService/ManagedClusters\",\n
        \ \"properties\": {\n   \"provisioningState\": \"Succeeded\",\n   \"powerState\":
        {\n    \"code\": \"Running\"\n   },\n   \"kubernetesVersion\": \"1.23.8\",\n
        \  \"currentKubernetesVersion\": \"1.23.8\",\n   \"dnsPrefix\": \"cliakstest-clitestwcg7cqxcr-8ecadf\",\n
        \  \"fqdn\": \"cliakstest-clitestwcg7cqxcr-8ecadf-4af891c1.hcp.westus2.azmk8s.io\",\n
        \  \"azurePortalFQDN\": \"cliakstest-clitestwcg7cqxcr-8ecadf-4af891c1.portal.hcp.westus2.azmk8s.io\",\n
        \  \"agentPoolProfiles\": [\n    {\n     \"name\": \"nodepool1\",\n     \"count\":
        1,\n     \"vmSize\": \"Standard_DS2_v2\",\n     \"osDiskSizeGB\": 128,\n     \"osDiskType\":
        \"Managed\",\n     \"kubeletDiskType\": \"OS\",\n     \"maxPods\": 110,\n
        \    \"type\": \"VirtualMachineScaleSets\",\n     \"enableAutoScaling\": false,\n
        \    \"provisioningState\": \"Succeeded\",\n     \"powerState\": {\n      \"code\":
        \"Running\"\n     },\n     \"orchestratorVersion\": \"1.23.8\",\n     \"currentOrchestratorVersion\":
        \"1.23.8\",\n     \"enableNodePublicIP\": false,\n     \"mode\": \"System\",\n
        \    \"enableEncryptionAtHost\": false,\n     \"enableUltraSSD\": false,\n
        \    \"osType\": \"Linux\",\n     \"osSKU\": \"Ubuntu\",\n     \"nodeImageVersion\":
        \"AKSUbuntu-1804gen2containerd-2022.08.10\",\n     \"upgradeSettings\": {},\n
        \    \"enableFIPS\": false\n    }\n   ],\n   \"linuxProfile\": {\n    \"adminUsername\":
        \"azureuser\",\n    \"ssh\": {\n     \"publicKeys\": [\n      {\n       \"keyData\":
        \"ssh-rsa AAAAB3NzaC1yc2EAAAADAQABAAABAQDaNPXUd0mbTXJ4I+KFW5KzIPimUfbKGXZfsy0eKGvO3C6X4gBRTshaUPnNLjvLd/K2G0r/aO73Tt9f0glUt39cwNchM8fnT+yYM0Sy3zax6VvqNuergfqa8dawP9fMC2nEo03ZleI7tOI/sFrHVuhzUSViWtXlI/O8MzXfGEDq2fQJ0y2LZC8tGquoqiJRuuo59/+wZazpkPPyU0hqwdncKx7A5fT0f1C9weC8YqkNVlQH48xB5ARpr0NLcWuWFh42ddBb9l30zEVz68KWn/FjP4Za0OjUmy+XH8bY7ittFi74aY23A8Q2WbmjFppC3stm6DbJ71TZfXvWFBIE2inB
        azcli_aks_live_test@example.com\\n\"\n      }\n     ]\n    }\n   },\n   \"servicePrincipalProfile\":
        {\n    \"clientId\":\"00000000-0000-0000-0000-000000000001\"\n   },\n   \"nodeResourceGroup\":
        \"MC_clitest000001_cliakstest000002_westus2\",\n   \"enableRBAC\": true,\n
        \  \"networkProfile\": {\n    \"networkPlugin\": \"kubenet\",\n    \"loadBalancerSku\":
        \"Standard\",\n    \"loadBalancerProfile\": {\n     \"managedOutboundIPs\":
        {\n      \"count\": 1\n     },\n     \"effectiveOutboundIPs\": [\n      {\n
        \      \"id\": \"/subscriptions/00000000-0000-0000-0000-000000000000/resourceGroups/MC_clitest000001_cliakstest000002_westus2/providers/Microsoft.Network/publicIPAddresses/52d20df4-41c0-4e54-8ae2-502cf9ec933f\"\n
        \     }\n     ]\n    },\n    \"podCidr\": \"10.244.0.0/16\",\n    \"serviceCidr\":
        \"10.0.0.0/16\",\n    \"dnsServiceIP\": \"10.0.0.10\",\n    \"dockerBridgeCidr\":
        \"172.17.0.1/16\",\n    \"outboundType\": \"loadBalancer\",\n    \"podCidrs\":
        [\n     \"10.244.0.0/16\"\n    ],\n    \"serviceCidrs\": [\n     \"10.0.0.0/16\"\n
        \   ],\n    \"ipFamilies\": [\n     \"IPv4\"\n    ]\n   },\n   \"maxAgentPools\":
        100,\n   \"identityProfile\": {\n    \"kubeletidentity\": {\n     \"resourceId\":
        \"/subscriptions/00000000-0000-0000-0000-000000000000/resourcegroups/MC_clitest000001_cliakstest000002_westus2/providers/Microsoft.ManagedIdentity/userAssignedIdentities/cliakstest000002-agentpool\",\n
        \    \"clientId\":\"00000000-0000-0000-0000-000000000001\",\n     \"objectId\":\"00000000-0000-0000-0000-000000000001\"\n
        \   }\n   },\n   \"autoScalerProfile\": {\n    \"balance-similar-node-groups\":
        \"false\",\n    \"expander\": \"least-waste\",\n    \"max-empty-bulk-delete\":
        \"10\",\n    \"max-graceful-termination-sec\": \"600\",\n    \"max-node-provision-time\":
        \"15m\",\n    \"max-total-unready-percentage\": \"45\",\n    \"new-pod-scale-up-delay\":
        \"0s\",\n    \"ok-total-unready-count\": \"3\",\n    \"scale-down-delay-after-add\":
        \"10m\",\n    \"scale-down-delay-after-delete\": \"10s\",\n    \"scale-down-delay-after-failure\":
        \"3m\",\n    \"scale-down-unneeded-time\": \"10m\",\n    \"scale-down-unready-time\":
        \"20m\",\n    \"scale-down-utilization-threshold\": \"0.5\",\n    \"scan-interval\":
        \"30s\",\n    \"skip-nodes-with-local-storage\": \"false\",\n    \"skip-nodes-with-system-pods\":
        \"true\"\n   },\n   \"disableLocalAccounts\": false,\n   \"securityProfile\":
        {},\n   \"storageProfile\": {\n    \"diskCSIDriver\": {\n     \"enabled\":
        true\n    },\n    \"fileCSIDriver\": {\n     \"enabled\": true\n    },\n    \"snapshotController\":
        {\n     \"enabled\": true\n    }\n   }\n  },\n  \"identity\": {\n   \"type\":
        \"SystemAssigned\",\n   \"principalId\":\"00000000-0000-0000-0000-000000000001\",\n
        \  \"tenantId\": \"72f988bf-86f1-41af-91ab-2d7cd011db47\"\n  },\n  \"sku\":
        {\n   \"name\": \"Basic\",\n   \"tier\": \"Free\"\n  }\n }"
    headers:
      cache-control:
      - no-cache
      content-length:
      - '4570'
      content-type:
      - application/json
      date:
      - Tue, 30 Aug 2022 03:37:59 GMT
      expires:
      - '-1'
      pragma:
      - no-cache
      server:
      - nginx
      strict-transport-security:
      - max-age=31536000; includeSubDomains
      transfer-encoding:
      - chunked
      vary:
      - Accept-Encoding
      x-content-type-options:
      - nosniff
    status:
      code: 200
      message: OK
- request:
    body: '{"tags": {}, "location": "westus2", "sku": {"name": "Basic", "tier": "Free"},
      "identity": {"type": "SystemAssigned"}, "properties": {"kubernetesVersion":
      "1.23.8", "dnsPrefix": "cliakstest-clitestwcg7cqxcr-8ecadf", "agentPoolProfiles":
      [{"count": 1, "vmSize": "Standard_DS2_v2", "osDiskSizeGB": 128, "osDiskType":
      "Managed", "kubeletDiskType": "OS", "maxPods": 110, "osType": "Linux", "osSKU":
      "Ubuntu", "maxCount": 5, "minCount": 2, "enableAutoScaling": true, "type": "VirtualMachineScaleSets",
      "mode": "System", "orchestratorVersion": "1.23.8", "upgradeSettings": {}, "powerState":
      {"code": "Running"}, "enableNodePublicIP": false, "enableEncryptionAtHost":
      false, "enableUltraSSD": false, "enableFIPS": false, "name": "nodepool1"}],
      "linuxProfile": {"adminUsername": "azureuser", "ssh": {"publicKeys": [{"keyData":
      "ssh-rsa AAAAB3NzaC1yc2EAAAADAQABAAABAQDaNPXUd0mbTXJ4I+KFW5KzIPimUfbKGXZfsy0eKGvO3C6X4gBRTshaUPnNLjvLd/K2G0r/aO73Tt9f0glUt39cwNchM8fnT+yYM0Sy3zax6VvqNuergfqa8dawP9fMC2nEo03ZleI7tOI/sFrHVuhzUSViWtXlI/O8MzXfGEDq2fQJ0y2LZC8tGquoqiJRuuo59/+wZazpkPPyU0hqwdncKx7A5fT0f1C9weC8YqkNVlQH48xB5ARpr0NLcWuWFh42ddBb9l30zEVz68KWn/FjP4Za0OjUmy+XH8bY7ittFi74aY23A8Q2WbmjFppC3stm6DbJ71TZfXvWFBIE2inB
      azcli_aks_live_test@example.com\n"}]}}, "servicePrincipalProfile": {"clientId":"00000000-0000-0000-0000-000000000001"},
      "nodeResourceGroup": "MC_clitest000001_cliakstest000002_westus2", "enableRBAC":
      true, "networkProfile": {"networkPlugin": "kubenet", "podCidr": "10.244.0.0/16",
      "serviceCidr": "10.0.0.0/16", "dnsServiceIP": "10.0.0.10", "dockerBridgeCidr":
      "172.17.0.1/16", "outboundType": "loadBalancer", "loadBalancerSku": "Standard",
      "loadBalancerProfile": {"managedOutboundIPs": {"count": 1}, "effectiveOutboundIPs":
      [{"id": "/subscriptions/00000000-0000-0000-0000-000000000000/resourceGroups/MC_clitest000001_cliakstest000002_westus2/providers/Microsoft.Network/publicIPAddresses/52d20df4-41c0-4e54-8ae2-502cf9ec933f"}]},
      "podCidrs": ["10.244.0.0/16"], "serviceCidrs": ["10.0.0.0/16"], "ipFamilies":
      ["IPv4"]}, "autoScalerProfile": {"balance-similar-node-groups": "false", "expander":
      "least-waste", "max-empty-bulk-delete": "10", "max-graceful-termination-sec":
      "600", "max-node-provision-time": "15m", "max-total-unready-percentage": "45",
      "new-pod-scale-up-delay": "0s", "ok-total-unready-count": "3", "scan-interval":
      "30s", "scale-down-delay-after-add": "10m", "scale-down-delay-after-delete":
      "10s", "scale-down-delay-after-failure": "3m", "scale-down-unneeded-time": "10m",
      "scale-down-unready-time": "20m", "scale-down-utilization-threshold": "0.5",
      "skip-nodes-with-local-storage": "false", "skip-nodes-with-system-pods": "true"},
      "identityProfile": {"kubeletidentity": {"resourceId": "/subscriptions/00000000-0000-0000-0000-000000000000/resourcegroups/MC_clitest000001_cliakstest000002_westus2/providers/Microsoft.ManagedIdentity/userAssignedIdentities/cliakstest000002-agentpool",
      "clientId":"00000000-0000-0000-0000-000000000001", "objectId":"00000000-0000-0000-0000-000000000001"}},
      "disableLocalAccounts": false, "securityProfile": {}, "storageProfile": {"diskCSIDriver":
      {"enabled": true}, "fileCSIDriver": {"enabled": true}, "snapshotController":
      {"enabled": true}}}}'
    headers:
      Accept:
      - application/json
      Accept-Encoding:
      - gzip, deflate
      CommandName:
      - aks update
      Connection:
      - keep-alive
      Content-Length:
      - '3191'
      Content-Type:
      - application/json
      ParameterSetName:
      - --resource-group --name --tags --enable-cluster-autoscaler --min-count --max-count
      User-Agent:
      - AZURECLI/2.39.0 azsdk-python-azure-mgmt-containerservice/20.3.0 Python/3.8.10
        (Linux-5.15.0-1017-azure-x86_64-with-glibc2.29)
    method: PUT
    uri: https://management.azure.com/subscriptions/00000000-0000-0000-0000-000000000000/resourceGroups/clitest000001/providers/Microsoft.ContainerService/managedClusters/cliakstest000002?api-version=2022-07-01
  response:
    body:
      string: "{\n  \"id\": \"/subscriptions/00000000-0000-0000-0000-000000000000/resourcegroups/clitest000001/providers/Microsoft.ContainerService/managedClusters/cliakstest000002\",\n
        \ \"location\": \"westus2\",\n  \"name\": \"cliakstest000002\",\n  \"type\":
        \"Microsoft.ContainerService/ManagedClusters\",\n  \"properties\": {\n   \"provisioningState\":
        \"Updating\",\n   \"powerState\": {\n    \"code\": \"Running\"\n   },\n   \"kubernetesVersion\":
        \"1.23.8\",\n   \"currentKubernetesVersion\": \"1.23.8\",\n   \"dnsPrefix\":
        \"cliakstest-clitestwcg7cqxcr-8ecadf\",\n   \"fqdn\": \"cliakstest-clitestwcg7cqxcr-8ecadf-4af891c1.hcp.westus2.azmk8s.io\",\n
        \  \"azurePortalFQDN\": \"cliakstest-clitestwcg7cqxcr-8ecadf-4af891c1.portal.hcp.westus2.azmk8s.io\",\n
        \  \"agentPoolProfiles\": [\n    {\n     \"name\": \"nodepool1\",\n     \"count\":
        1,\n     \"vmSize\": \"Standard_DS2_v2\",\n     \"osDiskSizeGB\": 128,\n     \"osDiskType\":
        \"Managed\",\n     \"kubeletDiskType\": \"OS\",\n     \"maxPods\": 110,\n
        \    \"type\": \"VirtualMachineScaleSets\",\n     \"maxCount\": 5,\n     \"minCount\":
        2,\n     \"enableAutoScaling\": true,\n     \"provisioningState\": \"Updating\",\n
        \    \"powerState\": {\n      \"code\": \"Running\"\n     },\n     \"orchestratorVersion\":
        \"1.23.8\",\n     \"currentOrchestratorVersion\": \"1.23.8\",\n     \"enableNodePublicIP\":
        false,\n     \"mode\": \"System\",\n     \"enableEncryptionAtHost\": false,\n
        \    \"enableUltraSSD\": false,\n     \"osType\": \"Linux\",\n     \"osSKU\":
        \"Ubuntu\",\n     \"nodeImageVersion\": \"AKSUbuntu-1804gen2containerd-2022.08.10\",\n
        \    \"upgradeSettings\": {},\n     \"enableFIPS\": false\n    }\n   ],\n
        \  \"linuxProfile\": {\n    \"adminUsername\": \"azureuser\",\n    \"ssh\":
        {\n     \"publicKeys\": [\n      {\n       \"keyData\": \"ssh-rsa AAAAB3NzaC1yc2EAAAADAQABAAABAQDaNPXUd0mbTXJ4I+KFW5KzIPimUfbKGXZfsy0eKGvO3C6X4gBRTshaUPnNLjvLd/K2G0r/aO73Tt9f0glUt39cwNchM8fnT+yYM0Sy3zax6VvqNuergfqa8dawP9fMC2nEo03ZleI7tOI/sFrHVuhzUSViWtXlI/O8MzXfGEDq2fQJ0y2LZC8tGquoqiJRuuo59/+wZazpkPPyU0hqwdncKx7A5fT0f1C9weC8YqkNVlQH48xB5ARpr0NLcWuWFh42ddBb9l30zEVz68KWn/FjP4Za0OjUmy+XH8bY7ittFi74aY23A8Q2WbmjFppC3stm6DbJ71TZfXvWFBIE2inB
        azcli_aks_live_test@example.com\\n\"\n      }\n     ]\n    }\n   },\n   \"servicePrincipalProfile\":
        {\n    \"clientId\":\"00000000-0000-0000-0000-000000000001\"\n   },\n   \"nodeResourceGroup\":
        \"MC_clitest000001_cliakstest000002_westus2\",\n   \"enableRBAC\": true,\n
        \  \"networkProfile\": {\n    \"networkPlugin\": \"kubenet\",\n    \"loadBalancerSku\":
        \"Standard\",\n    \"loadBalancerProfile\": {\n     \"managedOutboundIPs\":
        {\n      \"count\": 1\n     },\n     \"effectiveOutboundIPs\": [\n      {\n
        \      \"id\": \"/subscriptions/00000000-0000-0000-0000-000000000000/resourceGroups/MC_clitest000001_cliakstest000002_westus2/providers/Microsoft.Network/publicIPAddresses/52d20df4-41c0-4e54-8ae2-502cf9ec933f\"\n
        \     }\n     ]\n    },\n    \"podCidr\": \"10.244.0.0/16\",\n    \"serviceCidr\":
        \"10.0.0.0/16\",\n    \"dnsServiceIP\": \"10.0.0.10\",\n    \"dockerBridgeCidr\":
        \"172.17.0.1/16\",\n    \"outboundType\": \"loadBalancer\",\n    \"podCidrs\":
        [\n     \"10.244.0.0/16\"\n    ],\n    \"serviceCidrs\": [\n     \"10.0.0.0/16\"\n
        \   ],\n    \"ipFamilies\": [\n     \"IPv4\"\n    ]\n   },\n   \"maxAgentPools\":
        100,\n   \"identityProfile\": {\n    \"kubeletidentity\": {\n     \"resourceId\":
        \"/subscriptions/00000000-0000-0000-0000-000000000000/resourcegroups/MC_clitest000001_cliakstest000002_westus2/providers/Microsoft.ManagedIdentity/userAssignedIdentities/cliakstest000002-agentpool\",\n
        \    \"clientId\":\"00000000-0000-0000-0000-000000000001\",\n     \"objectId\":\"00000000-0000-0000-0000-000000000001\"\n
        \   }\n   },\n   \"autoScalerProfile\": {\n    \"balance-similar-node-groups\":
        \"false\",\n    \"expander\": \"least-waste\",\n    \"max-empty-bulk-delete\":
        \"10\",\n    \"max-graceful-termination-sec\": \"600\",\n    \"max-node-provision-time\":
        \"15m\",\n    \"max-total-unready-percentage\": \"45\",\n    \"new-pod-scale-up-delay\":
        \"0s\",\n    \"ok-total-unready-count\": \"3\",\n    \"scale-down-delay-after-add\":
        \"10m\",\n    \"scale-down-delay-after-delete\": \"10s\",\n    \"scale-down-delay-after-failure\":
        \"3m\",\n    \"scale-down-unneeded-time\": \"10m\",\n    \"scale-down-unready-time\":
        \"20m\",\n    \"scale-down-utilization-threshold\": \"0.5\",\n    \"scan-interval\":
        \"30s\",\n    \"skip-nodes-with-local-storage\": \"false\",\n    \"skip-nodes-with-system-pods\":
        \"true\"\n   },\n   \"disableLocalAccounts\": false,\n   \"securityProfile\":
        {},\n   \"storageProfile\": {\n    \"diskCSIDriver\": {\n     \"enabled\":
        true\n    },\n    \"fileCSIDriver\": {\n     \"enabled\": true\n    },\n    \"snapshotController\":
        {\n     \"enabled\": true\n    }\n   }\n  },\n  \"identity\": {\n   \"type\":
        \"SystemAssigned\",\n   \"principalId\":\"00000000-0000-0000-0000-000000000001\",\n
        \  \"tenantId\": \"72f988bf-86f1-41af-91ab-2d7cd011db47\"\n  },\n  \"sku\":
        {\n   \"name\": \"Basic\",\n   \"tier\": \"Free\"\n  }\n }"
    headers:
      azure-asyncoperation:
      - https://management.azure.com/subscriptions/00000000-0000-0000-0000-000000000000/providers/Microsoft.ContainerService/locations/westus2/operations/0d3f18d6-777c-4e77-af18-0941b4357bc9?api-version=2016-03-30
      cache-control:
      - no-cache
      content-length:
      - '4574'
      content-type:
      - application/json
      date:
      - Tue, 30 Aug 2022 03:38:02 GMT
      expires:
      - '-1'
      pragma:
      - no-cache
      server:
      - nginx
      strict-transport-security:
      - max-age=31536000; includeSubDomains
      transfer-encoding:
      - chunked
      vary:
      - Accept-Encoding
      x-content-type-options:
      - nosniff
      x-ms-ratelimit-remaining-subscription-writes:
      - '1198'
    status:
      code: 200
      message: OK
- request:
    body: null
    headers:
      Accept:
      - '*/*'
      Accept-Encoding:
      - gzip, deflate
      CommandName:
      - aks update
      Connection:
      - keep-alive
      ParameterSetName:
      - --resource-group --name --tags --enable-cluster-autoscaler --min-count --max-count
      User-Agent:
      - AZURECLI/2.39.0 azsdk-python-azure-mgmt-containerservice/20.3.0 Python/3.8.10
        (Linux-5.15.0-1017-azure-x86_64-with-glibc2.29)
    method: GET
    uri: https://management.azure.com/subscriptions/00000000-0000-0000-0000-000000000000/providers/Microsoft.ContainerService/locations/westus2/operations/0d3f18d6-777c-4e77-af18-0941b4357bc9?api-version=2016-03-30
  response:
    body:
      string: "{\n  \"name\": \"d6183f0d-7c77-774e-af18-0941b4357bc9\",\n  \"status\":
        \"InProgress\",\n  \"startTime\": \"2022-08-30T03:38:02.5168427Z\"\n }"
    headers:
      cache-control:
      - no-cache
      content-length:
      - '126'
      content-type:
      - application/json
      date:
      - Tue, 30 Aug 2022 03:38:32 GMT
      expires:
      - '-1'
      pragma:
      - no-cache
      server:
      - nginx
      strict-transport-security:
      - max-age=31536000; includeSubDomains
      transfer-encoding:
      - chunked
      vary:
      - Accept-Encoding
      x-content-type-options:
      - nosniff
    status:
      code: 200
      message: OK
- request:
    body: null
    headers:
      Accept:
      - '*/*'
      Accept-Encoding:
      - gzip, deflate
      CommandName:
      - aks update
      Connection:
      - keep-alive
      ParameterSetName:
      - --resource-group --name --tags --enable-cluster-autoscaler --min-count --max-count
      User-Agent:
      - AZURECLI/2.39.0 azsdk-python-azure-mgmt-containerservice/20.3.0 Python/3.8.10
        (Linux-5.15.0-1017-azure-x86_64-with-glibc2.29)
    method: GET
    uri: https://management.azure.com/subscriptions/00000000-0000-0000-0000-000000000000/providers/Microsoft.ContainerService/locations/westus2/operations/0d3f18d6-777c-4e77-af18-0941b4357bc9?api-version=2016-03-30
  response:
    body:
      string: "{\n  \"name\": \"d6183f0d-7c77-774e-af18-0941b4357bc9\",\n  \"status\":
        \"InProgress\",\n  \"startTime\": \"2022-08-30T03:38:02.5168427Z\"\n }"
    headers:
      cache-control:
      - no-cache
      content-length:
      - '126'
      content-type:
      - application/json
      date:
      - Tue, 30 Aug 2022 03:39:02 GMT
      expires:
      - '-1'
      pragma:
      - no-cache
      server:
      - nginx
      strict-transport-security:
      - max-age=31536000; includeSubDomains
      transfer-encoding:
      - chunked
      vary:
      - Accept-Encoding
      x-content-type-options:
      - nosniff
    status:
      code: 200
      message: OK
- request:
    body: null
    headers:
      Accept:
      - '*/*'
      Accept-Encoding:
      - gzip, deflate
      CommandName:
      - aks update
      Connection:
      - keep-alive
      ParameterSetName:
      - --resource-group --name --tags --enable-cluster-autoscaler --min-count --max-count
      User-Agent:
      - AZURECLI/2.39.0 azsdk-python-azure-mgmt-containerservice/20.3.0 Python/3.8.10
        (Linux-5.15.0-1017-azure-x86_64-with-glibc2.29)
    method: GET
    uri: https://management.azure.com/subscriptions/00000000-0000-0000-0000-000000000000/providers/Microsoft.ContainerService/locations/westus2/operations/0d3f18d6-777c-4e77-af18-0941b4357bc9?api-version=2016-03-30
  response:
    body:
      string: "{\n  \"name\": \"d6183f0d-7c77-774e-af18-0941b4357bc9\",\n  \"status\":
        \"InProgress\",\n  \"startTime\": \"2022-08-30T03:38:02.5168427Z\"\n }"
    headers:
      cache-control:
      - no-cache
      content-length:
      - '126'
      content-type:
      - application/json
      date:
      - Tue, 30 Aug 2022 03:39:31 GMT
      expires:
      - '-1'
      pragma:
      - no-cache
      server:
      - nginx
      strict-transport-security:
      - max-age=31536000; includeSubDomains
      transfer-encoding:
      - chunked
      vary:
      - Accept-Encoding
      x-content-type-options:
      - nosniff
    status:
      code: 200
      message: OK
- request:
    body: null
    headers:
      Accept:
      - '*/*'
      Accept-Encoding:
      - gzip, deflate
      CommandName:
      - aks update
      Connection:
      - keep-alive
      ParameterSetName:
      - --resource-group --name --tags --enable-cluster-autoscaler --min-count --max-count
      User-Agent:
      - AZURECLI/2.39.0 azsdk-python-azure-mgmt-containerservice/20.3.0 Python/3.8.10
        (Linux-5.15.0-1017-azure-x86_64-with-glibc2.29)
    method: GET
    uri: https://management.azure.com/subscriptions/00000000-0000-0000-0000-000000000000/providers/Microsoft.ContainerService/locations/westus2/operations/0d3f18d6-777c-4e77-af18-0941b4357bc9?api-version=2016-03-30
  response:
    body:
      string: "{\n  \"name\": \"d6183f0d-7c77-774e-af18-0941b4357bc9\",\n  \"status\":
        \"Succeeded\",\n  \"startTime\": \"2022-08-30T03:38:02.5168427Z\",\n  \"endTime\":
        \"2022-08-30T03:39:33.1245527Z\"\n }"
    headers:
      cache-control:
      - no-cache
      content-length:
      - '170'
      content-type:
      - application/json
      date:
      - Tue, 30 Aug 2022 03:40:02 GMT
      expires:
      - '-1'
      pragma:
      - no-cache
      server:
      - nginx
      strict-transport-security:
      - max-age=31536000; includeSubDomains
      transfer-encoding:
      - chunked
      vary:
      - Accept-Encoding
      x-content-type-options:
      - nosniff
    status:
      code: 200
      message: OK
- request:
    body: null
    headers:
      Accept:
      - '*/*'
      Accept-Encoding:
      - gzip, deflate
      CommandName:
      - aks update
      Connection:
      - keep-alive
      ParameterSetName:
      - --resource-group --name --tags --enable-cluster-autoscaler --min-count --max-count
      User-Agent:
      - AZURECLI/2.39.0 azsdk-python-azure-mgmt-containerservice/20.3.0 Python/3.8.10
        (Linux-5.15.0-1017-azure-x86_64-with-glibc2.29)
    method: GET
    uri: https://management.azure.com/subscriptions/00000000-0000-0000-0000-000000000000/resourceGroups/clitest000001/providers/Microsoft.ContainerService/managedClusters/cliakstest000002?api-version=2022-07-01
  response:
    body:
      string: "{\n  \"id\": \"/subscriptions/00000000-0000-0000-0000-000000000000/resourcegroups/clitest000001/providers/Microsoft.ContainerService/managedClusters/cliakstest000002\",\n
        \ \"location\": \"westus2\",\n  \"name\": \"cliakstest000002\",\n  \"type\":
        \"Microsoft.ContainerService/ManagedClusters\",\n  \"properties\": {\n   \"provisioningState\":
        \"Succeeded\",\n   \"powerState\": {\n    \"code\": \"Running\"\n   },\n   \"kubernetesVersion\":
        \"1.23.8\",\n   \"currentKubernetesVersion\": \"1.23.8\",\n   \"dnsPrefix\":
        \"cliakstest-clitestwcg7cqxcr-8ecadf\",\n   \"fqdn\": \"cliakstest-clitestwcg7cqxcr-8ecadf-4af891c1.hcp.westus2.azmk8s.io\",\n
        \  \"azurePortalFQDN\": \"cliakstest-clitestwcg7cqxcr-8ecadf-4af891c1.portal.hcp.westus2.azmk8s.io\",\n
        \  \"agentPoolProfiles\": [\n    {\n     \"name\": \"nodepool1\",\n     \"count\":
        2,\n     \"vmSize\": \"Standard_DS2_v2\",\n     \"osDiskSizeGB\": 128,\n     \"osDiskType\":
        \"Managed\",\n     \"kubeletDiskType\": \"OS\",\n     \"maxPods\": 110,\n
        \    \"type\": \"VirtualMachineScaleSets\",\n     \"maxCount\": 5,\n     \"minCount\":
        2,\n     \"enableAutoScaling\": true,\n     \"provisioningState\": \"Succeeded\",\n
        \    \"powerState\": {\n      \"code\": \"Running\"\n     },\n     \"orchestratorVersion\":
        \"1.23.8\",\n     \"currentOrchestratorVersion\": \"1.23.8\",\n     \"enableNodePublicIP\":
        false,\n     \"mode\": \"System\",\n     \"enableEncryptionAtHost\": false,\n
        \    \"enableUltraSSD\": false,\n     \"osType\": \"Linux\",\n     \"osSKU\":
        \"Ubuntu\",\n     \"nodeImageVersion\": \"AKSUbuntu-1804gen2containerd-2022.08.10\",\n
        \    \"upgradeSettings\": {},\n     \"enableFIPS\": false\n    }\n   ],\n
        \  \"linuxProfile\": {\n    \"adminUsername\": \"azureuser\",\n    \"ssh\":
        {\n     \"publicKeys\": [\n      {\n       \"keyData\": \"ssh-rsa AAAAB3NzaC1yc2EAAAADAQABAAABAQDaNPXUd0mbTXJ4I+KFW5KzIPimUfbKGXZfsy0eKGvO3C6X4gBRTshaUPnNLjvLd/K2G0r/aO73Tt9f0glUt39cwNchM8fnT+yYM0Sy3zax6VvqNuergfqa8dawP9fMC2nEo03ZleI7tOI/sFrHVuhzUSViWtXlI/O8MzXfGEDq2fQJ0y2LZC8tGquoqiJRuuo59/+wZazpkPPyU0hqwdncKx7A5fT0f1C9weC8YqkNVlQH48xB5ARpr0NLcWuWFh42ddBb9l30zEVz68KWn/FjP4Za0OjUmy+XH8bY7ittFi74aY23A8Q2WbmjFppC3stm6DbJ71TZfXvWFBIE2inB
        azcli_aks_live_test@example.com\\n\"\n      }\n     ]\n    }\n   },\n   \"servicePrincipalProfile\":
        {\n    \"clientId\":\"00000000-0000-0000-0000-000000000001\"\n   },\n   \"nodeResourceGroup\":
        \"MC_clitest000001_cliakstest000002_westus2\",\n   \"enableRBAC\": true,\n
        \  \"networkProfile\": {\n    \"networkPlugin\": \"kubenet\",\n    \"loadBalancerSku\":
        \"Standard\",\n    \"loadBalancerProfile\": {\n     \"managedOutboundIPs\":
        {\n      \"count\": 1\n     },\n     \"effectiveOutboundIPs\": [\n      {\n
        \      \"id\": \"/subscriptions/00000000-0000-0000-0000-000000000000/resourceGroups/MC_clitest000001_cliakstest000002_westus2/providers/Microsoft.Network/publicIPAddresses/52d20df4-41c0-4e54-8ae2-502cf9ec933f\"\n
        \     }\n     ]\n    },\n    \"podCidr\": \"10.244.0.0/16\",\n    \"serviceCidr\":
        \"10.0.0.0/16\",\n    \"dnsServiceIP\": \"10.0.0.10\",\n    \"dockerBridgeCidr\":
        \"172.17.0.1/16\",\n    \"outboundType\": \"loadBalancer\",\n    \"podCidrs\":
        [\n     \"10.244.0.0/16\"\n    ],\n    \"serviceCidrs\": [\n     \"10.0.0.0/16\"\n
        \   ],\n    \"ipFamilies\": [\n     \"IPv4\"\n    ]\n   },\n   \"maxAgentPools\":
        100,\n   \"identityProfile\": {\n    \"kubeletidentity\": {\n     \"resourceId\":
        \"/subscriptions/00000000-0000-0000-0000-000000000000/resourcegroups/MC_clitest000001_cliakstest000002_westus2/providers/Microsoft.ManagedIdentity/userAssignedIdentities/cliakstest000002-agentpool\",\n
        \    \"clientId\":\"00000000-0000-0000-0000-000000000001\",\n     \"objectId\":\"00000000-0000-0000-0000-000000000001\"\n
        \   }\n   },\n   \"autoScalerProfile\": {\n    \"balance-similar-node-groups\":
        \"false\",\n    \"expander\": \"least-waste\",\n    \"max-empty-bulk-delete\":
        \"10\",\n    \"max-graceful-termination-sec\": \"600\",\n    \"max-node-provision-time\":
        \"15m\",\n    \"max-total-unready-percentage\": \"45\",\n    \"new-pod-scale-up-delay\":
        \"0s\",\n    \"ok-total-unready-count\": \"3\",\n    \"scale-down-delay-after-add\":
        \"10m\",\n    \"scale-down-delay-after-delete\": \"10s\",\n    \"scale-down-delay-after-failure\":
        \"3m\",\n    \"scale-down-unneeded-time\": \"10m\",\n    \"scale-down-unready-time\":
        \"20m\",\n    \"scale-down-utilization-threshold\": \"0.5\",\n    \"scan-interval\":
        \"30s\",\n    \"skip-nodes-with-local-storage\": \"false\",\n    \"skip-nodes-with-system-pods\":
        \"true\"\n   },\n   \"disableLocalAccounts\": false,\n   \"securityProfile\":
        {},\n   \"storageProfile\": {\n    \"diskCSIDriver\": {\n     \"enabled\":
        true\n    },\n    \"fileCSIDriver\": {\n     \"enabled\": true\n    },\n    \"snapshotController\":
        {\n     \"enabled\": true\n    }\n   }\n  },\n  \"identity\": {\n   \"type\":
        \"SystemAssigned\",\n   \"principalId\":\"00000000-0000-0000-0000-000000000001\",\n
        \  \"tenantId\": \"72f988bf-86f1-41af-91ab-2d7cd011db47\"\n  },\n  \"sku\":
        {\n   \"name\": \"Basic\",\n   \"tier\": \"Free\"\n  }\n }"
    headers:
      cache-control:
      - no-cache
      content-length:
      - '4576'
      content-type:
      - application/json
      date:
      - Tue, 30 Aug 2022 03:40:03 GMT
      expires:
      - '-1'
      pragma:
      - no-cache
      server:
      - nginx
      strict-transport-security:
      - max-age=31536000; includeSubDomains
      transfer-encoding:
      - chunked
      vary:
      - Accept-Encoding
      x-content-type-options:
      - nosniff
    status:
      code: 200
      message: OK
- request:
    body: null
    headers:
      Accept:
      - application/json
      Accept-Encoding:
      - gzip, deflate
      CommandName:
      - aks update
      Connection:
      - keep-alive
      ParameterSetName:
      - --resource-group --name --cluster-autoscaler-profile
      User-Agent:
      - AZURECLI/2.39.0 azsdk-python-azure-mgmt-containerservice/20.3.0 Python/3.8.10
        (Linux-5.15.0-1017-azure-x86_64-with-glibc2.29)
    method: GET
    uri: https://management.azure.com/subscriptions/00000000-0000-0000-0000-000000000000/resourceGroups/clitest000001/providers/Microsoft.ContainerService/managedClusters/cliakstest000002?api-version=2022-07-01
  response:
    body:
      string: "{\n  \"id\": \"/subscriptions/00000000-0000-0000-0000-000000000000/resourcegroups/clitest000001/providers/Microsoft.ContainerService/managedClusters/cliakstest000002\",\n
        \ \"location\": \"westus2\",\n  \"name\": \"cliakstest000002\",\n  \"type\":
        \"Microsoft.ContainerService/ManagedClusters\",\n  \"properties\": {\n   \"provisioningState\":
        \"Succeeded\",\n   \"powerState\": {\n    \"code\": \"Running\"\n   },\n   \"kubernetesVersion\":
        \"1.23.8\",\n   \"currentKubernetesVersion\": \"1.23.8\",\n   \"dnsPrefix\":
        \"cliakstest-clitestwcg7cqxcr-8ecadf\",\n   \"fqdn\": \"cliakstest-clitestwcg7cqxcr-8ecadf-4af891c1.hcp.westus2.azmk8s.io\",\n
        \  \"azurePortalFQDN\": \"cliakstest-clitestwcg7cqxcr-8ecadf-4af891c1.portal.hcp.westus2.azmk8s.io\",\n
        \  \"agentPoolProfiles\": [\n    {\n     \"name\": \"nodepool1\",\n     \"count\":
        2,\n     \"vmSize\": \"Standard_DS2_v2\",\n     \"osDiskSizeGB\": 128,\n     \"osDiskType\":
        \"Managed\",\n     \"kubeletDiskType\": \"OS\",\n     \"maxPods\": 110,\n
        \    \"type\": \"VirtualMachineScaleSets\",\n     \"maxCount\": 5,\n     \"minCount\":
        2,\n     \"enableAutoScaling\": true,\n     \"provisioningState\": \"Succeeded\",\n
        \    \"powerState\": {\n      \"code\": \"Running\"\n     },\n     \"orchestratorVersion\":
        \"1.23.8\",\n     \"currentOrchestratorVersion\": \"1.23.8\",\n     \"enableNodePublicIP\":
        false,\n     \"mode\": \"System\",\n     \"enableEncryptionAtHost\": false,\n
        \    \"enableUltraSSD\": false,\n     \"osType\": \"Linux\",\n     \"osSKU\":
        \"Ubuntu\",\n     \"nodeImageVersion\": \"AKSUbuntu-1804gen2containerd-2022.08.10\",\n
        \    \"upgradeSettings\": {},\n     \"enableFIPS\": false\n    }\n   ],\n
        \  \"linuxProfile\": {\n    \"adminUsername\": \"azureuser\",\n    \"ssh\":
        {\n     \"publicKeys\": [\n      {\n       \"keyData\": \"ssh-rsa AAAAB3NzaC1yc2EAAAADAQABAAABAQDaNPXUd0mbTXJ4I+KFW5KzIPimUfbKGXZfsy0eKGvO3C6X4gBRTshaUPnNLjvLd/K2G0r/aO73Tt9f0glUt39cwNchM8fnT+yYM0Sy3zax6VvqNuergfqa8dawP9fMC2nEo03ZleI7tOI/sFrHVuhzUSViWtXlI/O8MzXfGEDq2fQJ0y2LZC8tGquoqiJRuuo59/+wZazpkPPyU0hqwdncKx7A5fT0f1C9weC8YqkNVlQH48xB5ARpr0NLcWuWFh42ddBb9l30zEVz68KWn/FjP4Za0OjUmy+XH8bY7ittFi74aY23A8Q2WbmjFppC3stm6DbJ71TZfXvWFBIE2inB
        azcli_aks_live_test@example.com\\n\"\n      }\n     ]\n    }\n   },\n   \"servicePrincipalProfile\":
        {\n    \"clientId\":\"00000000-0000-0000-0000-000000000001\"\n   },\n   \"nodeResourceGroup\":
        \"MC_clitest000001_cliakstest000002_westus2\",\n   \"enableRBAC\": true,\n
        \  \"networkProfile\": {\n    \"networkPlugin\": \"kubenet\",\n    \"loadBalancerSku\":
        \"Standard\",\n    \"loadBalancerProfile\": {\n     \"managedOutboundIPs\":
        {\n      \"count\": 1\n     },\n     \"effectiveOutboundIPs\": [\n      {\n
        \      \"id\": \"/subscriptions/00000000-0000-0000-0000-000000000000/resourceGroups/MC_clitest000001_cliakstest000002_westus2/providers/Microsoft.Network/publicIPAddresses/52d20df4-41c0-4e54-8ae2-502cf9ec933f\"\n
        \     }\n     ]\n    },\n    \"podCidr\": \"10.244.0.0/16\",\n    \"serviceCidr\":
        \"10.0.0.0/16\",\n    \"dnsServiceIP\": \"10.0.0.10\",\n    \"dockerBridgeCidr\":
        \"172.17.0.1/16\",\n    \"outboundType\": \"loadBalancer\",\n    \"podCidrs\":
        [\n     \"10.244.0.0/16\"\n    ],\n    \"serviceCidrs\": [\n     \"10.0.0.0/16\"\n
        \   ],\n    \"ipFamilies\": [\n     \"IPv4\"\n    ]\n   },\n   \"maxAgentPools\":
        100,\n   \"identityProfile\": {\n    \"kubeletidentity\": {\n     \"resourceId\":
        \"/subscriptions/00000000-0000-0000-0000-000000000000/resourcegroups/MC_clitest000001_cliakstest000002_westus2/providers/Microsoft.ManagedIdentity/userAssignedIdentities/cliakstest000002-agentpool\",\n
        \    \"clientId\":\"00000000-0000-0000-0000-000000000001\",\n     \"objectId\":\"00000000-0000-0000-0000-000000000001\"\n
        \   }\n   },\n   \"autoScalerProfile\": {\n    \"balance-similar-node-groups\":
        \"false\",\n    \"expander\": \"least-waste\",\n    \"max-empty-bulk-delete\":
        \"10\",\n    \"max-graceful-termination-sec\": \"600\",\n    \"max-node-provision-time\":
        \"15m\",\n    \"max-total-unready-percentage\": \"45\",\n    \"new-pod-scale-up-delay\":
        \"0s\",\n    \"ok-total-unready-count\": \"3\",\n    \"scale-down-delay-after-add\":
        \"10m\",\n    \"scale-down-delay-after-delete\": \"10s\",\n    \"scale-down-delay-after-failure\":
        \"3m\",\n    \"scale-down-unneeded-time\": \"10m\",\n    \"scale-down-unready-time\":
        \"20m\",\n    \"scale-down-utilization-threshold\": \"0.5\",\n    \"scan-interval\":
        \"30s\",\n    \"skip-nodes-with-local-storage\": \"false\",\n    \"skip-nodes-with-system-pods\":
        \"true\"\n   },\n   \"disableLocalAccounts\": false,\n   \"securityProfile\":
        {},\n   \"storageProfile\": {\n    \"diskCSIDriver\": {\n     \"enabled\":
        true\n    },\n    \"fileCSIDriver\": {\n     \"enabled\": true\n    },\n    \"snapshotController\":
        {\n     \"enabled\": true\n    }\n   }\n  },\n  \"identity\": {\n   \"type\":
        \"SystemAssigned\",\n   \"principalId\":\"00000000-0000-0000-0000-000000000001\",\n
        \  \"tenantId\": \"72f988bf-86f1-41af-91ab-2d7cd011db47\"\n  },\n  \"sku\":
        {\n   \"name\": \"Basic\",\n   \"tier\": \"Free\"\n  }\n }"
    headers:
      cache-control:
      - no-cache
      content-length:
      - '4576'
      content-type:
      - application/json
      date:
      - Tue, 30 Aug 2022 03:40:03 GMT
      expires:
      - '-1'
      pragma:
      - no-cache
      server:
      - nginx
      strict-transport-security:
      - max-age=31536000; includeSubDomains
      transfer-encoding:
      - chunked
      vary:
      - Accept-Encoding
      x-content-type-options:
      - nosniff
    status:
      code: 200
      message: OK
- request:
    body: '{"location": "westus2", "sku": {"name": "Basic", "tier": "Free"}, "identity":
      {"type": "SystemAssigned"}, "properties": {"kubernetesVersion": "1.23.8", "dnsPrefix":
      "cliakstest-clitestwcg7cqxcr-8ecadf", "agentPoolProfiles": [{"count": 2, "vmSize":
      "Standard_DS2_v2", "osDiskSizeGB": 128, "osDiskType": "Managed", "kubeletDiskType":
      "OS", "maxPods": 110, "osType": "Linux", "osSKU": "Ubuntu", "maxCount": 5, "minCount":
      2, "enableAutoScaling": true, "type": "VirtualMachineScaleSets", "mode": "System",
      "orchestratorVersion": "1.23.8", "upgradeSettings": {}, "powerState": {"code":
      "Running"}, "enableNodePublicIP": false, "enableEncryptionAtHost": false, "enableUltraSSD":
      false, "enableFIPS": false, "name": "nodepool1"}], "linuxProfile": {"adminUsername":
      "azureuser", "ssh": {"publicKeys": [{"keyData": "ssh-rsa AAAAB3NzaC1yc2EAAAADAQABAAABAQDaNPXUd0mbTXJ4I+KFW5KzIPimUfbKGXZfsy0eKGvO3C6X4gBRTshaUPnNLjvLd/K2G0r/aO73Tt9f0glUt39cwNchM8fnT+yYM0Sy3zax6VvqNuergfqa8dawP9fMC2nEo03ZleI7tOI/sFrHVuhzUSViWtXlI/O8MzXfGEDq2fQJ0y2LZC8tGquoqiJRuuo59/+wZazpkPPyU0hqwdncKx7A5fT0f1C9weC8YqkNVlQH48xB5ARpr0NLcWuWFh42ddBb9l30zEVz68KWn/FjP4Za0OjUmy+XH8bY7ittFi74aY23A8Q2WbmjFppC3stm6DbJ71TZfXvWFBIE2inB
      azcli_aks_live_test@example.com\n"}]}}, "servicePrincipalProfile": {"clientId":"00000000-0000-0000-0000-000000000001"},
      "nodeResourceGroup": "MC_clitest000001_cliakstest000002_westus2", "enableRBAC":
      true, "networkProfile": {"networkPlugin": "kubenet", "podCidr": "10.244.0.0/16",
      "serviceCidr": "10.0.0.0/16", "dnsServiceIP": "10.0.0.10", "dockerBridgeCidr":
      "172.17.0.1/16", "outboundType": "loadBalancer", "loadBalancerSku": "Standard",
      "loadBalancerProfile": {"managedOutboundIPs": {"count": 1}, "effectiveOutboundIPs":
      [{"id": "/subscriptions/00000000-0000-0000-0000-000000000000/resourceGroups/MC_clitest000001_cliakstest000002_westus2/providers/Microsoft.Network/publicIPAddresses/52d20df4-41c0-4e54-8ae2-502cf9ec933f"}]},
      "podCidrs": ["10.244.0.0/16"], "serviceCidrs": ["10.0.0.0/16"], "ipFamilies":
      ["IPv4"]}, "autoScalerProfile": {}, "identityProfile": {"kubeletidentity": {"resourceId":
      "/subscriptions/00000000-0000-0000-0000-000000000000/resourcegroups/MC_clitest000001_cliakstest000002_westus2/providers/Microsoft.ManagedIdentity/userAssignedIdentities/cliakstest000002-agentpool",
      "clientId":"00000000-0000-0000-0000-000000000001", "objectId":"00000000-0000-0000-0000-000000000001"}},
      "disableLocalAccounts": false, "securityProfile": {}, "storageProfile": {"diskCSIDriver":
      {"enabled": true}, "fileCSIDriver": {"enabled": true}, "snapshotController":
      {"enabled": true}}}}'
    headers:
      Accept:
      - application/json
      Accept-Encoding:
      - gzip, deflate
      CommandName:
      - aks update
      Connection:
      - keep-alive
      Content-Length:
      - '2575'
      Content-Type:
      - application/json
      ParameterSetName:
      - --resource-group --name --cluster-autoscaler-profile
      User-Agent:
      - AZURECLI/2.39.0 azsdk-python-azure-mgmt-containerservice/20.3.0 Python/3.8.10
        (Linux-5.15.0-1017-azure-x86_64-with-glibc2.29)
    method: PUT
    uri: https://management.azure.com/subscriptions/00000000-0000-0000-0000-000000000000/resourceGroups/clitest000001/providers/Microsoft.ContainerService/managedClusters/cliakstest000002?api-version=2022-07-01
  response:
    body:
      string: "{\n  \"id\": \"/subscriptions/00000000-0000-0000-0000-000000000000/resourcegroups/clitest000001/providers/Microsoft.ContainerService/managedClusters/cliakstest000002\",\n
        \ \"location\": \"westus2\",\n  \"name\": \"cliakstest000002\",\n  \"type\":
        \"Microsoft.ContainerService/ManagedClusters\",\n  \"properties\": {\n   \"provisioningState\":
        \"Updating\",\n   \"powerState\": {\n    \"code\": \"Running\"\n   },\n   \"kubernetesVersion\":
        \"1.23.8\",\n   \"currentKubernetesVersion\": \"1.23.8\",\n   \"dnsPrefix\":
        \"cliakstest-clitestwcg7cqxcr-8ecadf\",\n   \"fqdn\": \"cliakstest-clitestwcg7cqxcr-8ecadf-4af891c1.hcp.westus2.azmk8s.io\",\n
        \  \"azurePortalFQDN\": \"cliakstest-clitestwcg7cqxcr-8ecadf-4af891c1.portal.hcp.westus2.azmk8s.io\",\n
        \  \"agentPoolProfiles\": [\n    {\n     \"name\": \"nodepool1\",\n     \"count\":
        2,\n     \"vmSize\": \"Standard_DS2_v2\",\n     \"osDiskSizeGB\": 128,\n     \"osDiskType\":
        \"Managed\",\n     \"kubeletDiskType\": \"OS\",\n     \"maxPods\": 110,\n
        \    \"type\": \"VirtualMachineScaleSets\",\n     \"maxCount\": 5,\n     \"minCount\":
        2,\n     \"enableAutoScaling\": true,\n     \"provisioningState\": \"Updating\",\n
        \    \"powerState\": {\n      \"code\": \"Running\"\n     },\n     \"orchestratorVersion\":
        \"1.23.8\",\n     \"currentOrchestratorVersion\": \"1.23.8\",\n     \"enableNodePublicIP\":
        false,\n     \"mode\": \"System\",\n     \"enableEncryptionAtHost\": false,\n
        \    \"enableUltraSSD\": false,\n     \"osType\": \"Linux\",\n     \"osSKU\":
        \"Ubuntu\",\n     \"nodeImageVersion\": \"AKSUbuntu-1804gen2containerd-2022.08.10\",\n
        \    \"upgradeSettings\": {},\n     \"enableFIPS\": false\n    }\n   ],\n
        \  \"linuxProfile\": {\n    \"adminUsername\": \"azureuser\",\n    \"ssh\":
        {\n     \"publicKeys\": [\n      {\n       \"keyData\": \"ssh-rsa AAAAB3NzaC1yc2EAAAADAQABAAABAQDaNPXUd0mbTXJ4I+KFW5KzIPimUfbKGXZfsy0eKGvO3C6X4gBRTshaUPnNLjvLd/K2G0r/aO73Tt9f0glUt39cwNchM8fnT+yYM0Sy3zax6VvqNuergfqa8dawP9fMC2nEo03ZleI7tOI/sFrHVuhzUSViWtXlI/O8MzXfGEDq2fQJ0y2LZC8tGquoqiJRuuo59/+wZazpkPPyU0hqwdncKx7A5fT0f1C9weC8YqkNVlQH48xB5ARpr0NLcWuWFh42ddBb9l30zEVz68KWn/FjP4Za0OjUmy+XH8bY7ittFi74aY23A8Q2WbmjFppC3stm6DbJ71TZfXvWFBIE2inB
        azcli_aks_live_test@example.com\\n\"\n      }\n     ]\n    }\n   },\n   \"servicePrincipalProfile\":
        {\n    \"clientId\":\"00000000-0000-0000-0000-000000000001\"\n   },\n   \"nodeResourceGroup\":
        \"MC_clitest000001_cliakstest000002_westus2\",\n   \"enableRBAC\": true,\n
        \  \"networkProfile\": {\n    \"networkPlugin\": \"kubenet\",\n    \"loadBalancerSku\":
        \"Standard\",\n    \"loadBalancerProfile\": {\n     \"managedOutboundIPs\":
        {\n      \"count\": 1\n     },\n     \"effectiveOutboundIPs\": [\n      {\n
        \      \"id\": \"/subscriptions/00000000-0000-0000-0000-000000000000/resourceGroups/MC_clitest000001_cliakstest000002_westus2/providers/Microsoft.Network/publicIPAddresses/52d20df4-41c0-4e54-8ae2-502cf9ec933f\"\n
        \     }\n     ]\n    },\n    \"podCidr\": \"10.244.0.0/16\",\n    \"serviceCidr\":
        \"10.0.0.0/16\",\n    \"dnsServiceIP\": \"10.0.0.10\",\n    \"dockerBridgeCidr\":
        \"172.17.0.1/16\",\n    \"outboundType\": \"loadBalancer\",\n    \"podCidrs\":
        [\n     \"10.244.0.0/16\"\n    ],\n    \"serviceCidrs\": [\n     \"10.0.0.0/16\"\n
        \   ],\n    \"ipFamilies\": [\n     \"IPv4\"\n    ]\n   },\n   \"maxAgentPools\":
        100,\n   \"identityProfile\": {\n    \"kubeletidentity\": {\n     \"resourceId\":
        \"/subscriptions/00000000-0000-0000-0000-000000000000/resourcegroups/MC_clitest000001_cliakstest000002_westus2/providers/Microsoft.ManagedIdentity/userAssignedIdentities/cliakstest000002-agentpool\",\n
        \    \"clientId\":\"00000000-0000-0000-0000-000000000001\",\n     \"objectId\":\"00000000-0000-0000-0000-000000000001\"\n
        \   }\n   },\n   \"disableLocalAccounts\": false,\n   \"securityProfile\":
        {},\n   \"storageProfile\": {\n    \"diskCSIDriver\": {\n     \"enabled\":
        true\n    },\n    \"fileCSIDriver\": {\n     \"enabled\": true\n    },\n    \"snapshotController\":
        {\n     \"enabled\": true\n    }\n   }\n  },\n  \"identity\": {\n   \"type\":
        \"SystemAssigned\",\n   \"principalId\":\"00000000-0000-0000-0000-000000000001\",\n
        \  \"tenantId\": \"72f988bf-86f1-41af-91ab-2d7cd011db47\"\n  },\n  \"sku\":
        {\n   \"name\": \"Basic\",\n   \"tier\": \"Free\"\n  }\n }"
    headers:
      azure-asyncoperation:
      - https://management.azure.com/subscriptions/00000000-0000-0000-0000-000000000000/providers/Microsoft.ContainerService/locations/westus2/operations/2b48cfe6-da30-41d6-b826-0477182db118?api-version=2016-03-30
      cache-control:
      - no-cache
      content-length:
      - '3869'
      content-type:
      - application/json
      date:
      - Tue, 30 Aug 2022 03:40:06 GMT
      expires:
      - '-1'
      pragma:
      - no-cache
      server:
      - nginx
      strict-transport-security:
      - max-age=31536000; includeSubDomains
      transfer-encoding:
      - chunked
      vary:
      - Accept-Encoding
      x-content-type-options:
      - nosniff
      x-ms-ratelimit-remaining-subscription-writes:
      - '1197'
    status:
      code: 200
      message: OK
- request:
    body: null
    headers:
      Accept:
      - '*/*'
      Accept-Encoding:
      - gzip, deflate
      CommandName:
      - aks update
      Connection:
      - keep-alive
      ParameterSetName:
      - --resource-group --name --cluster-autoscaler-profile
      User-Agent:
      - AZURECLI/2.39.0 azsdk-python-azure-mgmt-containerservice/20.3.0 Python/3.8.10
        (Linux-5.15.0-1017-azure-x86_64-with-glibc2.29)
    method: GET
    uri: https://management.azure.com/subscriptions/00000000-0000-0000-0000-000000000000/providers/Microsoft.ContainerService/locations/westus2/operations/2b48cfe6-da30-41d6-b826-0477182db118?api-version=2016-03-30
  response:
    body:
      string: "{\n  \"name\": \"e6cf482b-30da-d641-b826-0477182db118\",\n  \"status\":
        \"InProgress\",\n  \"startTime\": \"2022-08-30T03:40:06.1966853Z\"\n }"
    headers:
      cache-control:
      - no-cache
      content-length:
      - '126'
      content-type:
      - application/json
      date:
      - Tue, 30 Aug 2022 03:40:36 GMT
      expires:
      - '-1'
      pragma:
      - no-cache
      server:
      - nginx
      strict-transport-security:
      - max-age=31536000; includeSubDomains
      transfer-encoding:
      - chunked
      vary:
      - Accept-Encoding
      x-content-type-options:
      - nosniff
    status:
      code: 200
      message: OK
- request:
    body: null
    headers:
      Accept:
      - '*/*'
      Accept-Encoding:
      - gzip, deflate
      CommandName:
      - aks update
      Connection:
      - keep-alive
      ParameterSetName:
      - --resource-group --name --cluster-autoscaler-profile
      User-Agent:
      - AZURECLI/2.39.0 azsdk-python-azure-mgmt-containerservice/20.3.0 Python/3.8.10
        (Linux-5.15.0-1017-azure-x86_64-with-glibc2.29)
    method: GET
    uri: https://management.azure.com/subscriptions/00000000-0000-0000-0000-000000000000/providers/Microsoft.ContainerService/locations/westus2/operations/2b48cfe6-da30-41d6-b826-0477182db118?api-version=2016-03-30
  response:
    body:
      string: "{\n  \"name\": \"e6cf482b-30da-d641-b826-0477182db118\",\n  \"status\":
        \"InProgress\",\n  \"startTime\": \"2022-08-30T03:40:06.1966853Z\"\n }"
    headers:
      cache-control:
      - no-cache
      content-length:
      - '126'
      content-type:
      - application/json
      date:
      - Tue, 30 Aug 2022 03:41:06 GMT
      expires:
      - '-1'
      pragma:
      - no-cache
      server:
      - nginx
      strict-transport-security:
      - max-age=31536000; includeSubDomains
      transfer-encoding:
      - chunked
      vary:
      - Accept-Encoding
      x-content-type-options:
      - nosniff
    status:
      code: 200
      message: OK
- request:
    body: null
    headers:
      Accept:
      - '*/*'
      Accept-Encoding:
      - gzip, deflate
      CommandName:
      - aks update
      Connection:
      - keep-alive
      ParameterSetName:
      - --resource-group --name --cluster-autoscaler-profile
      User-Agent:
      - AZURECLI/2.39.0 azsdk-python-azure-mgmt-containerservice/20.3.0 Python/3.8.10
        (Linux-5.15.0-1017-azure-x86_64-with-glibc2.29)
    method: GET
    uri: https://management.azure.com/subscriptions/00000000-0000-0000-0000-000000000000/providers/Microsoft.ContainerService/locations/westus2/operations/2b48cfe6-da30-41d6-b826-0477182db118?api-version=2016-03-30
  response:
    body:
      string: "{\n  \"name\": \"e6cf482b-30da-d641-b826-0477182db118\",\n  \"status\":
        \"InProgress\",\n  \"startTime\": \"2022-08-30T03:40:06.1966853Z\"\n }"
    headers:
      cache-control:
      - no-cache
      content-length:
      - '126'
      content-type:
      - application/json
      date:
      - Tue, 30 Aug 2022 03:41:36 GMT
      expires:
      - '-1'
      pragma:
      - no-cache
      server:
      - nginx
      strict-transport-security:
      - max-age=31536000; includeSubDomains
      transfer-encoding:
      - chunked
      vary:
      - Accept-Encoding
      x-content-type-options:
      - nosniff
    status:
      code: 200
      message: OK
- request:
    body: null
    headers:
      Accept:
      - '*/*'
      Accept-Encoding:
      - gzip, deflate
      CommandName:
      - aks update
      Connection:
      - keep-alive
      ParameterSetName:
      - --resource-group --name --cluster-autoscaler-profile
      User-Agent:
      - AZURECLI/2.39.0 azsdk-python-azure-mgmt-containerservice/20.3.0 Python/3.8.10
        (Linux-5.15.0-1017-azure-x86_64-with-glibc2.29)
    method: GET
    uri: https://management.azure.com/subscriptions/00000000-0000-0000-0000-000000000000/providers/Microsoft.ContainerService/locations/westus2/operations/2b48cfe6-da30-41d6-b826-0477182db118?api-version=2016-03-30
  response:
    body:
      string: "{\n  \"name\": \"e6cf482b-30da-d641-b826-0477182db118\",\n  \"status\":
        \"Succeeded\",\n  \"startTime\": \"2022-08-30T03:40:06.1966853Z\",\n  \"endTime\":
        \"2022-08-30T03:42:06.0792158Z\"\n }"
    headers:
      cache-control:
      - no-cache
      content-length:
      - '170'
      content-type:
      - application/json
      date:
      - Tue, 30 Aug 2022 03:42:05 GMT
      expires:
      - '-1'
      pragma:
      - no-cache
      server:
      - nginx
      strict-transport-security:
      - max-age=31536000; includeSubDomains
      transfer-encoding:
      - chunked
      vary:
      - Accept-Encoding
      x-content-type-options:
      - nosniff
    status:
      code: 200
      message: OK
- request:
    body: null
    headers:
      Accept:
      - '*/*'
      Accept-Encoding:
      - gzip, deflate
      CommandName:
      - aks update
      Connection:
      - keep-alive
      ParameterSetName:
      - --resource-group --name --cluster-autoscaler-profile
      User-Agent:
      - AZURECLI/2.39.0 azsdk-python-azure-mgmt-containerservice/20.3.0 Python/3.8.10
        (Linux-5.15.0-1017-azure-x86_64-with-glibc2.29)
    method: GET
    uri: https://management.azure.com/subscriptions/00000000-0000-0000-0000-000000000000/resourceGroups/clitest000001/providers/Microsoft.ContainerService/managedClusters/cliakstest000002?api-version=2022-07-01
  response:
    body:
      string: "{\n  \"id\": \"/subscriptions/00000000-0000-0000-0000-000000000000/resourcegroups/clitest000001/providers/Microsoft.ContainerService/managedClusters/cliakstest000002\",\n
        \ \"location\": \"westus2\",\n  \"name\": \"cliakstest000002\",\n  \"type\":
        \"Microsoft.ContainerService/ManagedClusters\",\n  \"properties\": {\n   \"provisioningState\":
        \"Succeeded\",\n   \"powerState\": {\n    \"code\": \"Running\"\n   },\n   \"kubernetesVersion\":
        \"1.23.8\",\n   \"currentKubernetesVersion\": \"1.23.8\",\n   \"dnsPrefix\":
        \"cliakstest-clitestwcg7cqxcr-8ecadf\",\n   \"fqdn\": \"cliakstest-clitestwcg7cqxcr-8ecadf-4af891c1.hcp.westus2.azmk8s.io\",\n
        \  \"azurePortalFQDN\": \"cliakstest-clitestwcg7cqxcr-8ecadf-4af891c1.portal.hcp.westus2.azmk8s.io\",\n
        \  \"agentPoolProfiles\": [\n    {\n     \"name\": \"nodepool1\",\n     \"count\":
        2,\n     \"vmSize\": \"Standard_DS2_v2\",\n     \"osDiskSizeGB\": 128,\n     \"osDiskType\":
        \"Managed\",\n     \"kubeletDiskType\": \"OS\",\n     \"maxPods\": 110,\n
        \    \"type\": \"VirtualMachineScaleSets\",\n     \"maxCount\": 5,\n     \"minCount\":
        2,\n     \"enableAutoScaling\": true,\n     \"provisioningState\": \"Succeeded\",\n
        \    \"powerState\": {\n      \"code\": \"Running\"\n     },\n     \"orchestratorVersion\":
        \"1.23.8\",\n     \"currentOrchestratorVersion\": \"1.23.8\",\n     \"enableNodePublicIP\":
        false,\n     \"mode\": \"System\",\n     \"enableEncryptionAtHost\": false,\n
        \    \"enableUltraSSD\": false,\n     \"osType\": \"Linux\",\n     \"osSKU\":
        \"Ubuntu\",\n     \"nodeImageVersion\": \"AKSUbuntu-1804gen2containerd-2022.08.10\",\n
        \    \"upgradeSettings\": {},\n     \"enableFIPS\": false\n    }\n   ],\n
        \  \"linuxProfile\": {\n    \"adminUsername\": \"azureuser\",\n    \"ssh\":
        {\n     \"publicKeys\": [\n      {\n       \"keyData\": \"ssh-rsa AAAAB3NzaC1yc2EAAAADAQABAAABAQDaNPXUd0mbTXJ4I+KFW5KzIPimUfbKGXZfsy0eKGvO3C6X4gBRTshaUPnNLjvLd/K2G0r/aO73Tt9f0glUt39cwNchM8fnT+yYM0Sy3zax6VvqNuergfqa8dawP9fMC2nEo03ZleI7tOI/sFrHVuhzUSViWtXlI/O8MzXfGEDq2fQJ0y2LZC8tGquoqiJRuuo59/+wZazpkPPyU0hqwdncKx7A5fT0f1C9weC8YqkNVlQH48xB5ARpr0NLcWuWFh42ddBb9l30zEVz68KWn/FjP4Za0OjUmy+XH8bY7ittFi74aY23A8Q2WbmjFppC3stm6DbJ71TZfXvWFBIE2inB
        azcli_aks_live_test@example.com\\n\"\n      }\n     ]\n    }\n   },\n   \"servicePrincipalProfile\":
        {\n    \"clientId\":\"00000000-0000-0000-0000-000000000001\"\n   },\n   \"nodeResourceGroup\":
        \"MC_clitest000001_cliakstest000002_westus2\",\n   \"enableRBAC\": true,\n
        \  \"networkProfile\": {\n    \"networkPlugin\": \"kubenet\",\n    \"loadBalancerSku\":
        \"Standard\",\n    \"loadBalancerProfile\": {\n     \"managedOutboundIPs\":
        {\n      \"count\": 1\n     },\n     \"effectiveOutboundIPs\": [\n      {\n
        \      \"id\": \"/subscriptions/00000000-0000-0000-0000-000000000000/resourceGroups/MC_clitest000001_cliakstest000002_westus2/providers/Microsoft.Network/publicIPAddresses/52d20df4-41c0-4e54-8ae2-502cf9ec933f\"\n
        \     }\n     ]\n    },\n    \"podCidr\": \"10.244.0.0/16\",\n    \"serviceCidr\":
        \"10.0.0.0/16\",\n    \"dnsServiceIP\": \"10.0.0.10\",\n    \"dockerBridgeCidr\":
        \"172.17.0.1/16\",\n    \"outboundType\": \"loadBalancer\",\n    \"podCidrs\":
        [\n     \"10.244.0.0/16\"\n    ],\n    \"serviceCidrs\": [\n     \"10.0.0.0/16\"\n
        \   ],\n    \"ipFamilies\": [\n     \"IPv4\"\n    ]\n   },\n   \"maxAgentPools\":
        100,\n   \"identityProfile\": {\n    \"kubeletidentity\": {\n     \"resourceId\":
        \"/subscriptions/00000000-0000-0000-0000-000000000000/resourcegroups/MC_clitest000001_cliakstest000002_westus2/providers/Microsoft.ManagedIdentity/userAssignedIdentities/cliakstest000002-agentpool\",\n
        \    \"clientId\":\"00000000-0000-0000-0000-000000000001\",\n     \"objectId\":\"00000000-0000-0000-0000-000000000001\"\n
        \   }\n   },\n   \"autoScalerProfile\": {\n    \"balance-similar-node-groups\":
        \"false\",\n    \"expander\": \"random\",\n    \"max-empty-bulk-delete\":
        \"10\",\n    \"max-graceful-termination-sec\": \"600\",\n    \"max-node-provision-time\":
        \"15m\",\n    \"max-total-unready-percentage\": \"45\",\n    \"new-pod-scale-up-delay\":
        \"0s\",\n    \"ok-total-unready-count\": \"3\",\n    \"scale-down-delay-after-add\":
        \"10m\",\n    \"scale-down-delay-after-delete\": \"10s\",\n    \"scale-down-delay-after-failure\":
        \"3m\",\n    \"scale-down-unneeded-time\": \"10m\",\n    \"scale-down-unready-time\":
        \"20m\",\n    \"scale-down-utilization-threshold\": \"0.5\",\n    \"scan-interval\":
        \"10s\",\n    \"skip-nodes-with-local-storage\": \"false\",\n    \"skip-nodes-with-system-pods\":
        \"true\"\n   },\n   \"disableLocalAccounts\": false,\n   \"securityProfile\":
        {},\n   \"storageProfile\": {\n    \"diskCSIDriver\": {\n     \"enabled\":
        true\n    },\n    \"fileCSIDriver\": {\n     \"enabled\": true\n    },\n    \"snapshotController\":
        {\n     \"enabled\": true\n    }\n   }\n  },\n  \"identity\": {\n   \"type\":
        \"SystemAssigned\",\n   \"principalId\":\"00000000-0000-0000-0000-000000000001\",\n
        \  \"tenantId\": \"72f988bf-86f1-41af-91ab-2d7cd011db47\"\n  },\n  \"sku\":
        {\n   \"name\": \"Basic\",\n   \"tier\": \"Free\"\n  }\n }"
    headers:
      cache-control:
      - no-cache
      content-length:
      - '4571'
      content-type:
      - application/json
      date:
      - Tue, 30 Aug 2022 03:42:06 GMT
      expires:
      - '-1'
      pragma:
      - no-cache
      server:
      - nginx
      strict-transport-security:
      - max-age=31536000; includeSubDomains
      transfer-encoding:
      - chunked
      vary:
      - Accept-Encoding
      x-content-type-options:
      - nosniff
    status:
      code: 200
      message: OK
- request:
    body: null
    headers:
      Accept:
      - application/json
      Accept-Encoding:
      - gzip, deflate
      CommandName:
      - aks update
      Connection:
      - keep-alive
      ParameterSetName:
      - --resource-group --name --update-cluster-autoscaler --min-count --max-count
      User-Agent:
      - AZURECLI/2.39.0 azsdk-python-azure-mgmt-containerservice/20.3.0 Python/3.8.10
        (Linux-5.15.0-1017-azure-x86_64-with-glibc2.29)
    method: GET
    uri: https://management.azure.com/subscriptions/00000000-0000-0000-0000-000000000000/resourceGroups/clitest000001/providers/Microsoft.ContainerService/managedClusters/cliakstest000002?api-version=2022-07-01
  response:
    body:
      string: "{\n  \"id\": \"/subscriptions/00000000-0000-0000-0000-000000000000/resourcegroups/clitest000001/providers/Microsoft.ContainerService/managedClusters/cliakstest000002\",\n
        \ \"location\": \"westus2\",\n  \"name\": \"cliakstest000002\",\n  \"type\":
        \"Microsoft.ContainerService/ManagedClusters\",\n  \"properties\": {\n   \"provisioningState\":
        \"Succeeded\",\n   \"powerState\": {\n    \"code\": \"Running\"\n   },\n   \"kubernetesVersion\":
        \"1.23.8\",\n   \"currentKubernetesVersion\": \"1.23.8\",\n   \"dnsPrefix\":
        \"cliakstest-clitestwcg7cqxcr-8ecadf\",\n   \"fqdn\": \"cliakstest-clitestwcg7cqxcr-8ecadf-4af891c1.hcp.westus2.azmk8s.io\",\n
        \  \"azurePortalFQDN\": \"cliakstest-clitestwcg7cqxcr-8ecadf-4af891c1.portal.hcp.westus2.azmk8s.io\",\n
        \  \"agentPoolProfiles\": [\n    {\n     \"name\": \"nodepool1\",\n     \"count\":
        2,\n     \"vmSize\": \"Standard_DS2_v2\",\n     \"osDiskSizeGB\": 128,\n     \"osDiskType\":
        \"Managed\",\n     \"kubeletDiskType\": \"OS\",\n     \"maxPods\": 110,\n
        \    \"type\": \"VirtualMachineScaleSets\",\n     \"maxCount\": 5,\n     \"minCount\":
        2,\n     \"enableAutoScaling\": true,\n     \"provisioningState\": \"Succeeded\",\n
        \    \"powerState\": {\n      \"code\": \"Running\"\n     },\n     \"orchestratorVersion\":
        \"1.23.8\",\n     \"currentOrchestratorVersion\": \"1.23.8\",\n     \"enableNodePublicIP\":
        false,\n     \"mode\": \"System\",\n     \"enableEncryptionAtHost\": false,\n
        \    \"enableUltraSSD\": false,\n     \"osType\": \"Linux\",\n     \"osSKU\":
        \"Ubuntu\",\n     \"nodeImageVersion\": \"AKSUbuntu-1804gen2containerd-2022.08.10\",\n
        \    \"upgradeSettings\": {},\n     \"enableFIPS\": false\n    }\n   ],\n
        \  \"linuxProfile\": {\n    \"adminUsername\": \"azureuser\",\n    \"ssh\":
        {\n     \"publicKeys\": [\n      {\n       \"keyData\": \"ssh-rsa AAAAB3NzaC1yc2EAAAADAQABAAABAQDaNPXUd0mbTXJ4I+KFW5KzIPimUfbKGXZfsy0eKGvO3C6X4gBRTshaUPnNLjvLd/K2G0r/aO73Tt9f0glUt39cwNchM8fnT+yYM0Sy3zax6VvqNuergfqa8dawP9fMC2nEo03ZleI7tOI/sFrHVuhzUSViWtXlI/O8MzXfGEDq2fQJ0y2LZC8tGquoqiJRuuo59/+wZazpkPPyU0hqwdncKx7A5fT0f1C9weC8YqkNVlQH48xB5ARpr0NLcWuWFh42ddBb9l30zEVz68KWn/FjP4Za0OjUmy+XH8bY7ittFi74aY23A8Q2WbmjFppC3stm6DbJ71TZfXvWFBIE2inB
        azcli_aks_live_test@example.com\\n\"\n      }\n     ]\n    }\n   },\n   \"servicePrincipalProfile\":
        {\n    \"clientId\":\"00000000-0000-0000-0000-000000000001\"\n   },\n   \"nodeResourceGroup\":
        \"MC_clitest000001_cliakstest000002_westus2\",\n   \"enableRBAC\": true,\n
        \  \"networkProfile\": {\n    \"networkPlugin\": \"kubenet\",\n    \"loadBalancerSku\":
        \"Standard\",\n    \"loadBalancerProfile\": {\n     \"managedOutboundIPs\":
        {\n      \"count\": 1\n     },\n     \"effectiveOutboundIPs\": [\n      {\n
        \      \"id\": \"/subscriptions/00000000-0000-0000-0000-000000000000/resourceGroups/MC_clitest000001_cliakstest000002_westus2/providers/Microsoft.Network/publicIPAddresses/52d20df4-41c0-4e54-8ae2-502cf9ec933f\"\n
        \     }\n     ]\n    },\n    \"podCidr\": \"10.244.0.0/16\",\n    \"serviceCidr\":
        \"10.0.0.0/16\",\n    \"dnsServiceIP\": \"10.0.0.10\",\n    \"dockerBridgeCidr\":
        \"172.17.0.1/16\",\n    \"outboundType\": \"loadBalancer\",\n    \"podCidrs\":
        [\n     \"10.244.0.0/16\"\n    ],\n    \"serviceCidrs\": [\n     \"10.0.0.0/16\"\n
        \   ],\n    \"ipFamilies\": [\n     \"IPv4\"\n    ]\n   },\n   \"maxAgentPools\":
        100,\n   \"identityProfile\": {\n    \"kubeletidentity\": {\n     \"resourceId\":
        \"/subscriptions/00000000-0000-0000-0000-000000000000/resourcegroups/MC_clitest000001_cliakstest000002_westus2/providers/Microsoft.ManagedIdentity/userAssignedIdentities/cliakstest000002-agentpool\",\n
        \    \"clientId\":\"00000000-0000-0000-0000-000000000001\",\n     \"objectId\":\"00000000-0000-0000-0000-000000000001\"\n
        \   }\n   },\n   \"autoScalerProfile\": {\n    \"balance-similar-node-groups\":
        \"false\",\n    \"expander\": \"random\",\n    \"max-empty-bulk-delete\":
        \"10\",\n    \"max-graceful-termination-sec\": \"600\",\n    \"max-node-provision-time\":
        \"15m\",\n    \"max-total-unready-percentage\": \"45\",\n    \"new-pod-scale-up-delay\":
        \"0s\",\n    \"ok-total-unready-count\": \"3\",\n    \"scale-down-delay-after-add\":
        \"10m\",\n    \"scale-down-delay-after-delete\": \"10s\",\n    \"scale-down-delay-after-failure\":
        \"3m\",\n    \"scale-down-unneeded-time\": \"10m\",\n    \"scale-down-unready-time\":
        \"20m\",\n    \"scale-down-utilization-threshold\": \"0.5\",\n    \"scan-interval\":
        \"10s\",\n    \"skip-nodes-with-local-storage\": \"false\",\n    \"skip-nodes-with-system-pods\":
        \"true\"\n   },\n   \"disableLocalAccounts\": false,\n   \"securityProfile\":
        {},\n   \"storageProfile\": {\n    \"diskCSIDriver\": {\n     \"enabled\":
        true\n    },\n    \"fileCSIDriver\": {\n     \"enabled\": true\n    },\n    \"snapshotController\":
        {\n     \"enabled\": true\n    }\n   }\n  },\n  \"identity\": {\n   \"type\":
        \"SystemAssigned\",\n   \"principalId\":\"00000000-0000-0000-0000-000000000001\",\n
        \  \"tenantId\": \"72f988bf-86f1-41af-91ab-2d7cd011db47\"\n  },\n  \"sku\":
        {\n   \"name\": \"Basic\",\n   \"tier\": \"Free\"\n  }\n }"
    headers:
      cache-control:
      - no-cache
      content-length:
      - '4571'
      content-type:
      - application/json
      date:
      - Tue, 30 Aug 2022 03:42:07 GMT
      expires:
      - '-1'
      pragma:
      - no-cache
      server:
      - nginx
      strict-transport-security:
      - max-age=31536000; includeSubDomains
      transfer-encoding:
      - chunked
      vary:
      - Accept-Encoding
      x-content-type-options:
      - nosniff
    status:
      code: 200
      message: OK
- request:
    body: '{"location": "westus2", "sku": {"name": "Basic", "tier": "Free"}, "identity":
      {"type": "SystemAssigned"}, "properties": {"kubernetesVersion": "1.23.8", "dnsPrefix":
      "cliakstest-clitestwcg7cqxcr-8ecadf", "agentPoolProfiles": [{"count": 2, "vmSize":
      "Standard_DS2_v2", "osDiskSizeGB": 128, "osDiskType": "Managed", "kubeletDiskType":
      "OS", "maxPods": 110, "osType": "Linux", "osSKU": "Ubuntu", "maxCount": 101,
      "minCount": 3, "enableAutoScaling": true, "type": "VirtualMachineScaleSets",
      "mode": "System", "orchestratorVersion": "1.23.8", "upgradeSettings": {}, "powerState":
      {"code": "Running"}, "enableNodePublicIP": false, "enableEncryptionAtHost":
      false, "enableUltraSSD": false, "enableFIPS": false, "name": "nodepool1"}],
      "linuxProfile": {"adminUsername": "azureuser", "ssh": {"publicKeys": [{"keyData":
      "ssh-rsa AAAAB3NzaC1yc2EAAAADAQABAAABAQDaNPXUd0mbTXJ4I+KFW5KzIPimUfbKGXZfsy0eKGvO3C6X4gBRTshaUPnNLjvLd/K2G0r/aO73Tt9f0glUt39cwNchM8fnT+yYM0Sy3zax6VvqNuergfqa8dawP9fMC2nEo03ZleI7tOI/sFrHVuhzUSViWtXlI/O8MzXfGEDq2fQJ0y2LZC8tGquoqiJRuuo59/+wZazpkPPyU0hqwdncKx7A5fT0f1C9weC8YqkNVlQH48xB5ARpr0NLcWuWFh42ddBb9l30zEVz68KWn/FjP4Za0OjUmy+XH8bY7ittFi74aY23A8Q2WbmjFppC3stm6DbJ71TZfXvWFBIE2inB
      azcli_aks_live_test@example.com\n"}]}}, "servicePrincipalProfile": {"clientId":"00000000-0000-0000-0000-000000000001"},
      "nodeResourceGroup": "MC_clitest000001_cliakstest000002_westus2", "enableRBAC":
      true, "networkProfile": {"networkPlugin": "kubenet", "podCidr": "10.244.0.0/16",
      "serviceCidr": "10.0.0.0/16", "dnsServiceIP": "10.0.0.10", "dockerBridgeCidr":
      "172.17.0.1/16", "outboundType": "loadBalancer", "loadBalancerSku": "Standard",
      "loadBalancerProfile": {"managedOutboundIPs": {"count": 1}, "effectiveOutboundIPs":
      [{"id": "/subscriptions/00000000-0000-0000-0000-000000000000/resourceGroups/MC_clitest000001_cliakstest000002_westus2/providers/Microsoft.Network/publicIPAddresses/52d20df4-41c0-4e54-8ae2-502cf9ec933f"}]},
      "podCidrs": ["10.244.0.0/16"], "serviceCidrs": ["10.0.0.0/16"], "ipFamilies":
      ["IPv4"]}, "autoScalerProfile": {"balance-similar-node-groups": "false", "expander":
      "random", "max-empty-bulk-delete": "10", "max-graceful-termination-sec": "600",
      "max-node-provision-time": "15m", "max-total-unready-percentage": "45", "new-pod-scale-up-delay":
      "0s", "ok-total-unready-count": "3", "scan-interval": "10s", "scale-down-delay-after-add":
      "10m", "scale-down-delay-after-delete": "10s", "scale-down-delay-after-failure":
      "3m", "scale-down-unneeded-time": "10m", "scale-down-unready-time": "20m", "scale-down-utilization-threshold":
      "0.5", "skip-nodes-with-local-storage": "false", "skip-nodes-with-system-pods":
      "true"}, "identityProfile": {"kubeletidentity": {"resourceId": "/subscriptions/00000000-0000-0000-0000-000000000000/resourcegroups/MC_clitest000001_cliakstest000002_westus2/providers/Microsoft.ManagedIdentity/userAssignedIdentities/cliakstest000002-agentpool",
      "clientId":"00000000-0000-0000-0000-000000000001", "objectId":"00000000-0000-0000-0000-000000000001"}},
      "disableLocalAccounts": false, "securityProfile": {}, "storageProfile": {"diskCSIDriver":
      {"enabled": true}, "fileCSIDriver": {"enabled": true}, "snapshotController":
      {"enabled": true}}}}'
    headers:
      Accept:
      - application/json
      Accept-Encoding:
      - gzip, deflate
      CommandName:
      - aks update
      Connection:
      - keep-alive
      Content-Length:
      - '3176'
      Content-Type:
      - application/json
      ParameterSetName:
      - --resource-group --name --update-cluster-autoscaler --min-count --max-count
      User-Agent:
      - AZURECLI/2.39.0 azsdk-python-azure-mgmt-containerservice/20.3.0 Python/3.8.10
        (Linux-5.15.0-1017-azure-x86_64-with-glibc2.29)
    method: PUT
    uri: https://management.azure.com/subscriptions/00000000-0000-0000-0000-000000000000/resourceGroups/clitest000001/providers/Microsoft.ContainerService/managedClusters/cliakstest000002?api-version=2022-07-01
  response:
    body:
      string: "{\n  \"id\": \"/subscriptions/00000000-0000-0000-0000-000000000000/resourcegroups/clitest000001/providers/Microsoft.ContainerService/managedClusters/cliakstest000002\",\n
        \ \"location\": \"westus2\",\n  \"name\": \"cliakstest000002\",\n  \"type\":
        \"Microsoft.ContainerService/ManagedClusters\",\n  \"properties\": {\n   \"provisioningState\":
        \"Updating\",\n   \"powerState\": {\n    \"code\": \"Running\"\n   },\n   \"kubernetesVersion\":
        \"1.23.8\",\n   \"currentKubernetesVersion\": \"1.23.8\",\n   \"dnsPrefix\":
        \"cliakstest-clitestwcg7cqxcr-8ecadf\",\n   \"fqdn\": \"cliakstest-clitestwcg7cqxcr-8ecadf-4af891c1.hcp.westus2.azmk8s.io\",\n
        \  \"azurePortalFQDN\": \"cliakstest-clitestwcg7cqxcr-8ecadf-4af891c1.portal.hcp.westus2.azmk8s.io\",\n
        \  \"agentPoolProfiles\": [\n    {\n     \"name\": \"nodepool1\",\n     \"count\":
        2,\n     \"vmSize\": \"Standard_DS2_v2\",\n     \"osDiskSizeGB\": 128,\n     \"osDiskType\":
        \"Managed\",\n     \"kubeletDiskType\": \"OS\",\n     \"maxPods\": 110,\n
        \    \"type\": \"VirtualMachineScaleSets\",\n     \"maxCount\": 101,\n     \"minCount\":
        3,\n     \"enableAutoScaling\": true,\n     \"provisioningState\": \"Updating\",\n
        \    \"powerState\": {\n      \"code\": \"Running\"\n     },\n     \"orchestratorVersion\":
        \"1.23.8\",\n     \"currentOrchestratorVersion\": \"1.23.8\",\n     \"enableNodePublicIP\":
        false,\n     \"mode\": \"System\",\n     \"enableEncryptionAtHost\": false,\n
        \    \"enableUltraSSD\": false,\n     \"osType\": \"Linux\",\n     \"osSKU\":
        \"Ubuntu\",\n     \"nodeImageVersion\": \"AKSUbuntu-1804gen2containerd-2022.08.10\",\n
        \    \"upgradeSettings\": {},\n     \"enableFIPS\": false\n    }\n   ],\n
        \  \"linuxProfile\": {\n    \"adminUsername\": \"azureuser\",\n    \"ssh\":
        {\n     \"publicKeys\": [\n      {\n       \"keyData\": \"ssh-rsa AAAAB3NzaC1yc2EAAAADAQABAAABAQDaNPXUd0mbTXJ4I+KFW5KzIPimUfbKGXZfsy0eKGvO3C6X4gBRTshaUPnNLjvLd/K2G0r/aO73Tt9f0glUt39cwNchM8fnT+yYM0Sy3zax6VvqNuergfqa8dawP9fMC2nEo03ZleI7tOI/sFrHVuhzUSViWtXlI/O8MzXfGEDq2fQJ0y2LZC8tGquoqiJRuuo59/+wZazpkPPyU0hqwdncKx7A5fT0f1C9weC8YqkNVlQH48xB5ARpr0NLcWuWFh42ddBb9l30zEVz68KWn/FjP4Za0OjUmy+XH8bY7ittFi74aY23A8Q2WbmjFppC3stm6DbJ71TZfXvWFBIE2inB
        azcli_aks_live_test@example.com\\n\"\n      }\n     ]\n    }\n   },\n   \"servicePrincipalProfile\":
        {\n    \"clientId\":\"00000000-0000-0000-0000-000000000001\"\n   },\n   \"nodeResourceGroup\":
        \"MC_clitest000001_cliakstest000002_westus2\",\n   \"enableRBAC\": true,\n
        \  \"networkProfile\": {\n    \"networkPlugin\": \"kubenet\",\n    \"loadBalancerSku\":
        \"Standard\",\n    \"loadBalancerProfile\": {\n     \"managedOutboundIPs\":
        {\n      \"count\": 1\n     },\n     \"effectiveOutboundIPs\": [\n      {\n
        \      \"id\": \"/subscriptions/00000000-0000-0000-0000-000000000000/resourceGroups/MC_clitest000001_cliakstest000002_westus2/providers/Microsoft.Network/publicIPAddresses/52d20df4-41c0-4e54-8ae2-502cf9ec933f\"\n
        \     }\n     ]\n    },\n    \"podCidr\": \"10.244.0.0/16\",\n    \"serviceCidr\":
        \"10.0.0.0/16\",\n    \"dnsServiceIP\": \"10.0.0.10\",\n    \"dockerBridgeCidr\":
        \"172.17.0.1/16\",\n    \"outboundType\": \"loadBalancer\",\n    \"podCidrs\":
        [\n     \"10.244.0.0/16\"\n    ],\n    \"serviceCidrs\": [\n     \"10.0.0.0/16\"\n
        \   ],\n    \"ipFamilies\": [\n     \"IPv4\"\n    ]\n   },\n   \"maxAgentPools\":
        100,\n   \"identityProfile\": {\n    \"kubeletidentity\": {\n     \"resourceId\":
        \"/subscriptions/00000000-0000-0000-0000-000000000000/resourcegroups/MC_clitest000001_cliakstest000002_westus2/providers/Microsoft.ManagedIdentity/userAssignedIdentities/cliakstest000002-agentpool\",\n
        \    \"clientId\":\"00000000-0000-0000-0000-000000000001\",\n     \"objectId\":\"00000000-0000-0000-0000-000000000001\"\n
        \   }\n   },\n   \"autoScalerProfile\": {\n    \"balance-similar-node-groups\":
        \"false\",\n    \"expander\": \"random\",\n    \"max-empty-bulk-delete\":
        \"10\",\n    \"max-graceful-termination-sec\": \"600\",\n    \"max-node-provision-time\":
        \"15m\",\n    \"max-total-unready-percentage\": \"45\",\n    \"new-pod-scale-up-delay\":
        \"0s\",\n    \"ok-total-unready-count\": \"3\",\n    \"scale-down-delay-after-add\":
        \"10m\",\n    \"scale-down-delay-after-delete\": \"10s\",\n    \"scale-down-delay-after-failure\":
        \"3m\",\n    \"scale-down-unneeded-time\": \"10m\",\n    \"scale-down-unready-time\":
        \"20m\",\n    \"scale-down-utilization-threshold\": \"0.5\",\n    \"scan-interval\":
        \"10s\",\n    \"skip-nodes-with-local-storage\": \"false\",\n    \"skip-nodes-with-system-pods\":
        \"true\"\n   },\n   \"disableLocalAccounts\": false,\n   \"securityProfile\":
        {},\n   \"storageProfile\": {\n    \"diskCSIDriver\": {\n     \"enabled\":
        true\n    },\n    \"fileCSIDriver\": {\n     \"enabled\": true\n    },\n    \"snapshotController\":
        {\n     \"enabled\": true\n    }\n   }\n  },\n  \"identity\": {\n   \"type\":
        \"SystemAssigned\",\n   \"principalId\":\"00000000-0000-0000-0000-000000000001\",\n
        \  \"tenantId\": \"72f988bf-86f1-41af-91ab-2d7cd011db47\"\n  },\n  \"sku\":
        {\n   \"name\": \"Basic\",\n   \"tier\": \"Free\"\n  }\n }"
    headers:
      azure-asyncoperation:
      - https://management.azure.com/subscriptions/00000000-0000-0000-0000-000000000000/providers/Microsoft.ContainerService/locations/westus2/operations/a529447f-fc9d-4c96-993d-a57ace589a8d?api-version=2016-03-30
      cache-control:
      - no-cache
      content-length:
      - '4571'
      content-type:
      - application/json
      date:
      - Tue, 30 Aug 2022 03:42:09 GMT
      expires:
      - '-1'
      pragma:
      - no-cache
      server:
      - nginx
      strict-transport-security:
      - max-age=31536000; includeSubDomains
      transfer-encoding:
      - chunked
      vary:
      - Accept-Encoding
      x-content-type-options:
      - nosniff
      x-ms-ratelimit-remaining-subscription-writes:
      - '1198'
    status:
      code: 200
      message: OK
- request:
    body: null
    headers:
      Accept:
      - '*/*'
      Accept-Encoding:
      - gzip, deflate
      CommandName:
      - aks update
      Connection:
      - keep-alive
      ParameterSetName:
      - --resource-group --name --update-cluster-autoscaler --min-count --max-count
      User-Agent:
      - AZURECLI/2.39.0 azsdk-python-azure-mgmt-containerservice/20.3.0 Python/3.8.10
        (Linux-5.15.0-1017-azure-x86_64-with-glibc2.29)
    method: GET
    uri: https://management.azure.com/subscriptions/00000000-0000-0000-0000-000000000000/providers/Microsoft.ContainerService/locations/westus2/operations/a529447f-fc9d-4c96-993d-a57ace589a8d?api-version=2016-03-30
  response:
    body:
      string: "{\n  \"name\": \"7f4429a5-9dfc-964c-993d-a57ace589a8d\",\n  \"status\":
        \"InProgress\",\n  \"startTime\": \"2022-08-30T03:42:09.9391068Z\"\n }"
    headers:
      cache-control:
      - no-cache
      content-length:
      - '126'
      content-type:
      - application/json
      date:
      - Tue, 30 Aug 2022 03:42:39 GMT
      expires:
      - '-1'
      pragma:
      - no-cache
      server:
      - nginx
      strict-transport-security:
      - max-age=31536000; includeSubDomains
      transfer-encoding:
      - chunked
      vary:
      - Accept-Encoding
      x-content-type-options:
      - nosniff
    status:
      code: 200
      message: OK
- request:
    body: null
    headers:
      Accept:
      - '*/*'
      Accept-Encoding:
      - gzip, deflate
      CommandName:
      - aks update
      Connection:
      - keep-alive
      ParameterSetName:
      - --resource-group --name --update-cluster-autoscaler --min-count --max-count
      User-Agent:
      - AZURECLI/2.39.0 azsdk-python-azure-mgmt-containerservice/20.3.0 Python/3.8.10
        (Linux-5.15.0-1017-azure-x86_64-with-glibc2.29)
    method: GET
    uri: https://management.azure.com/subscriptions/00000000-0000-0000-0000-000000000000/providers/Microsoft.ContainerService/locations/westus2/operations/a529447f-fc9d-4c96-993d-a57ace589a8d?api-version=2016-03-30
  response:
    body:
      string: "{\n  \"name\": \"7f4429a5-9dfc-964c-993d-a57ace589a8d\",\n  \"status\":
        \"InProgress\",\n  \"startTime\": \"2022-08-30T03:42:09.9391068Z\"\n }"
    headers:
      cache-control:
      - no-cache
      content-length:
      - '126'
      content-type:
      - application/json
      date:
      - Tue, 30 Aug 2022 03:43:09 GMT
      expires:
      - '-1'
      pragma:
      - no-cache
      server:
      - nginx
      strict-transport-security:
      - max-age=31536000; includeSubDomains
      transfer-encoding:
      - chunked
      vary:
      - Accept-Encoding
      x-content-type-options:
      - nosniff
    status:
      code: 200
      message: OK
- request:
    body: null
    headers:
      Accept:
      - '*/*'
      Accept-Encoding:
      - gzip, deflate
      CommandName:
      - aks update
      Connection:
      - keep-alive
      ParameterSetName:
      - --resource-group --name --update-cluster-autoscaler --min-count --max-count
      User-Agent:
      - AZURECLI/2.39.0 azsdk-python-azure-mgmt-containerservice/20.3.0 Python/3.8.10
        (Linux-5.15.0-1017-azure-x86_64-with-glibc2.29)
    method: GET
    uri: https://management.azure.com/subscriptions/00000000-0000-0000-0000-000000000000/providers/Microsoft.ContainerService/locations/westus2/operations/a529447f-fc9d-4c96-993d-a57ace589a8d?api-version=2016-03-30
  response:
    body:
      string: "{\n  \"name\": \"7f4429a5-9dfc-964c-993d-a57ace589a8d\",\n  \"status\":
        \"InProgress\",\n  \"startTime\": \"2022-08-30T03:42:09.9391068Z\"\n }"
    headers:
      cache-control:
      - no-cache
      content-length:
      - '126'
      content-type:
      - application/json
      date:
      - Tue, 30 Aug 2022 03:43:39 GMT
      expires:
      - '-1'
      pragma:
      - no-cache
      server:
      - nginx
      strict-transport-security:
      - max-age=31536000; includeSubDomains
      transfer-encoding:
      - chunked
      vary:
      - Accept-Encoding
      x-content-type-options:
      - nosniff
    status:
      code: 200
      message: OK
- request:
    body: null
    headers:
      Accept:
      - '*/*'
      Accept-Encoding:
      - gzip, deflate
      CommandName:
      - aks update
      Connection:
      - keep-alive
      ParameterSetName:
      - --resource-group --name --update-cluster-autoscaler --min-count --max-count
      User-Agent:
      - AZURECLI/2.39.0 azsdk-python-azure-mgmt-containerservice/20.3.0 Python/3.8.10
        (Linux-5.15.0-1017-azure-x86_64-with-glibc2.29)
    method: GET
    uri: https://management.azure.com/subscriptions/00000000-0000-0000-0000-000000000000/providers/Microsoft.ContainerService/locations/westus2/operations/a529447f-fc9d-4c96-993d-a57ace589a8d?api-version=2016-03-30
  response:
    body:
      string: "{\n  \"name\": \"7f4429a5-9dfc-964c-993d-a57ace589a8d\",\n  \"status\":
        \"Succeeded\",\n  \"startTime\": \"2022-08-30T03:42:09.9391068Z\",\n  \"endTime\":
        \"2022-08-30T03:44:09.7785072Z\"\n }"
    headers:
      cache-control:
      - no-cache
      content-length:
      - '170'
      content-type:
      - application/json
      date:
      - Tue, 30 Aug 2022 03:44:09 GMT
      expires:
      - '-1'
      pragma:
      - no-cache
      server:
      - nginx
      strict-transport-security:
      - max-age=31536000; includeSubDomains
      transfer-encoding:
      - chunked
      vary:
      - Accept-Encoding
      x-content-type-options:
      - nosniff
    status:
      code: 200
      message: OK
- request:
    body: null
    headers:
      Accept:
      - '*/*'
      Accept-Encoding:
      - gzip, deflate
      CommandName:
      - aks update
      Connection:
      - keep-alive
      ParameterSetName:
      - --resource-group --name --update-cluster-autoscaler --min-count --max-count
      User-Agent:
      - AZURECLI/2.39.0 azsdk-python-azure-mgmt-containerservice/20.3.0 Python/3.8.10
        (Linux-5.15.0-1017-azure-x86_64-with-glibc2.29)
    method: GET
    uri: https://management.azure.com/subscriptions/00000000-0000-0000-0000-000000000000/resourceGroups/clitest000001/providers/Microsoft.ContainerService/managedClusters/cliakstest000002?api-version=2022-07-01
  response:
    body:
      string: "{\n  \"id\": \"/subscriptions/00000000-0000-0000-0000-000000000000/resourcegroups/clitest000001/providers/Microsoft.ContainerService/managedClusters/cliakstest000002\",\n
        \ \"location\": \"westus2\",\n  \"name\": \"cliakstest000002\",\n  \"type\":
        \"Microsoft.ContainerService/ManagedClusters\",\n  \"properties\": {\n   \"provisioningState\":
        \"Succeeded\",\n   \"powerState\": {\n    \"code\": \"Running\"\n   },\n   \"kubernetesVersion\":
        \"1.23.8\",\n   \"currentKubernetesVersion\": \"1.23.8\",\n   \"dnsPrefix\":
        \"cliakstest-clitestwcg7cqxcr-8ecadf\",\n   \"fqdn\": \"cliakstest-clitestwcg7cqxcr-8ecadf-4af891c1.hcp.westus2.azmk8s.io\",\n
        \  \"azurePortalFQDN\": \"cliakstest-clitestwcg7cqxcr-8ecadf-4af891c1.portal.hcp.westus2.azmk8s.io\",\n
        \  \"agentPoolProfiles\": [\n    {\n     \"name\": \"nodepool1\",\n     \"count\":
        2,\n     \"vmSize\": \"Standard_DS2_v2\",\n     \"osDiskSizeGB\": 128,\n     \"osDiskType\":
        \"Managed\",\n     \"kubeletDiskType\": \"OS\",\n     \"maxPods\": 110,\n
        \    \"type\": \"VirtualMachineScaleSets\",\n     \"maxCount\": 101,\n     \"minCount\":
        3,\n     \"enableAutoScaling\": true,\n     \"provisioningState\": \"Succeeded\",\n
        \    \"powerState\": {\n      \"code\": \"Running\"\n     },\n     \"orchestratorVersion\":
        \"1.23.8\",\n     \"currentOrchestratorVersion\": \"1.23.8\",\n     \"enableNodePublicIP\":
        false,\n     \"mode\": \"System\",\n     \"enableEncryptionAtHost\": false,\n
        \    \"enableUltraSSD\": false,\n     \"osType\": \"Linux\",\n     \"osSKU\":
        \"Ubuntu\",\n     \"nodeImageVersion\": \"AKSUbuntu-1804gen2containerd-2022.08.10\",\n
        \    \"upgradeSettings\": {},\n     \"enableFIPS\": false\n    }\n   ],\n
        \  \"linuxProfile\": {\n    \"adminUsername\": \"azureuser\",\n    \"ssh\":
        {\n     \"publicKeys\": [\n      {\n       \"keyData\": \"ssh-rsa AAAAB3NzaC1yc2EAAAADAQABAAABAQDaNPXUd0mbTXJ4I+KFW5KzIPimUfbKGXZfsy0eKGvO3C6X4gBRTshaUPnNLjvLd/K2G0r/aO73Tt9f0glUt39cwNchM8fnT+yYM0Sy3zax6VvqNuergfqa8dawP9fMC2nEo03ZleI7tOI/sFrHVuhzUSViWtXlI/O8MzXfGEDq2fQJ0y2LZC8tGquoqiJRuuo59/+wZazpkPPyU0hqwdncKx7A5fT0f1C9weC8YqkNVlQH48xB5ARpr0NLcWuWFh42ddBb9l30zEVz68KWn/FjP4Za0OjUmy+XH8bY7ittFi74aY23A8Q2WbmjFppC3stm6DbJ71TZfXvWFBIE2inB
        azcli_aks_live_test@example.com\\n\"\n      }\n     ]\n    }\n   },\n   \"servicePrincipalProfile\":
        {\n    \"clientId\":\"00000000-0000-0000-0000-000000000001\"\n   },\n   \"nodeResourceGroup\":
        \"MC_clitest000001_cliakstest000002_westus2\",\n   \"enableRBAC\": true,\n
        \  \"networkProfile\": {\n    \"networkPlugin\": \"kubenet\",\n    \"loadBalancerSku\":
        \"Standard\",\n    \"loadBalancerProfile\": {\n     \"managedOutboundIPs\":
        {\n      \"count\": 1\n     },\n     \"effectiveOutboundIPs\": [\n      {\n
        \      \"id\": \"/subscriptions/00000000-0000-0000-0000-000000000000/resourceGroups/MC_clitest000001_cliakstest000002_westus2/providers/Microsoft.Network/publicIPAddresses/52d20df4-41c0-4e54-8ae2-502cf9ec933f\"\n
        \     }\n     ]\n    },\n    \"podCidr\": \"10.244.0.0/16\",\n    \"serviceCidr\":
        \"10.0.0.0/16\",\n    \"dnsServiceIP\": \"10.0.0.10\",\n    \"dockerBridgeCidr\":
        \"172.17.0.1/16\",\n    \"outboundType\": \"loadBalancer\",\n    \"podCidrs\":
        [\n     \"10.244.0.0/16\"\n    ],\n    \"serviceCidrs\": [\n     \"10.0.0.0/16\"\n
        \   ],\n    \"ipFamilies\": [\n     \"IPv4\"\n    ]\n   },\n   \"maxAgentPools\":
        100,\n   \"identityProfile\": {\n    \"kubeletidentity\": {\n     \"resourceId\":
        \"/subscriptions/00000000-0000-0000-0000-000000000000/resourcegroups/MC_clitest000001_cliakstest000002_westus2/providers/Microsoft.ManagedIdentity/userAssignedIdentities/cliakstest000002-agentpool\",\n
        \    \"clientId\":\"00000000-0000-0000-0000-000000000001\",\n     \"objectId\":\"00000000-0000-0000-0000-000000000001\"\n
        \   }\n   },\n   \"autoScalerProfile\": {\n    \"balance-similar-node-groups\":
        \"false\",\n    \"expander\": \"random\",\n    \"max-empty-bulk-delete\":
        \"10\",\n    \"max-graceful-termination-sec\": \"600\",\n    \"max-node-provision-time\":
        \"15m\",\n    \"max-total-unready-percentage\": \"45\",\n    \"new-pod-scale-up-delay\":
        \"0s\",\n    \"ok-total-unready-count\": \"3\",\n    \"scale-down-delay-after-add\":
        \"10m\",\n    \"scale-down-delay-after-delete\": \"10s\",\n    \"scale-down-delay-after-failure\":
        \"3m\",\n    \"scale-down-unneeded-time\": \"10m\",\n    \"scale-down-unready-time\":
        \"20m\",\n    \"scale-down-utilization-threshold\": \"0.5\",\n    \"scan-interval\":
        \"10s\",\n    \"skip-nodes-with-local-storage\": \"false\",\n    \"skip-nodes-with-system-pods\":
        \"true\"\n   },\n   \"disableLocalAccounts\": false,\n   \"securityProfile\":
        {},\n   \"storageProfile\": {\n    \"diskCSIDriver\": {\n     \"enabled\":
        true\n    },\n    \"fileCSIDriver\": {\n     \"enabled\": true\n    },\n    \"snapshotController\":
        {\n     \"enabled\": true\n    }\n   }\n  },\n  \"identity\": {\n   \"type\":
        \"SystemAssigned\",\n   \"principalId\":\"00000000-0000-0000-0000-000000000001\",\n
        \  \"tenantId\": \"72f988bf-86f1-41af-91ab-2d7cd011db47\"\n  },\n  \"sku\":
        {\n   \"name\": \"Basic\",\n   \"tier\": \"Free\"\n  }\n }"
    headers:
      cache-control:
      - no-cache
      content-length:
      - '4573'
      content-type:
      - application/json
      date:
      - Tue, 30 Aug 2022 03:44:09 GMT
      expires:
      - '-1'
      pragma:
      - no-cache
      server:
      - nginx
      strict-transport-security:
      - max-age=31536000; includeSubDomains
      transfer-encoding:
      - chunked
      vary:
      - Accept-Encoding
      x-content-type-options:
      - nosniff
    status:
      code: 200
      message: OK
- request:
    body: null
    headers:
      Accept:
      - application/json
      Accept-Encoding:
      - gzip, deflate
      CommandName:
      - aks delete
      Connection:
      - keep-alive
      Content-Length:
      - '0'
      ParameterSetName:
      - -g -n --yes --no-wait
      User-Agent:
      - AZURECLI/2.39.0 azsdk-python-azure-mgmt-containerservice/20.3.0 Python/3.8.10
        (Linux-5.15.0-1017-azure-x86_64-with-glibc2.29)
    method: DELETE
    uri: https://management.azure.com/subscriptions/00000000-0000-0000-0000-000000000000/resourceGroups/clitest000001/providers/Microsoft.ContainerService/managedClusters/cliakstest000002?api-version=2022-07-01
  response:
    body:
      string: ''
    headers:
      azure-asyncoperation:
      - https://management.azure.com/subscriptions/00000000-0000-0000-0000-000000000000/providers/Microsoft.ContainerService/locations/westus2/operations/211d90ed-6cbb-4c6b-a25a-84933b3e6148?api-version=2016-03-30
      cache-control:
      - no-cache
      content-length:
      - '0'
      date:
      - Tue, 30 Aug 2022 03:44:10 GMT
      expires:
      - '-1'
      location:
      - https://management.azure.com/subscriptions/00000000-0000-0000-0000-000000000000/providers/Microsoft.ContainerService/locations/westus2/operationresults/211d90ed-6cbb-4c6b-a25a-84933b3e6148?api-version=2016-03-30
      pragma:
      - no-cache
      server:
      - nginx
      strict-transport-security:
      - max-age=31536000; includeSubDomains
      x-content-type-options:
      - nosniff
      x-ms-ratelimit-remaining-subscription-deletes:
      - '14999'
    status:
      code: 202
      message: Accepted
version: 1
