interactions:
- request:
    body: '{"tags": {"key1": "value1"}, "location": "westus2", "properties": {"kubernetesVersion":
      "", "dnsPrefix": "cliaksdns000002", "agentPoolProfiles": [{"count": 1, "vmSize":
      "Standard_DS2_v2", "osDiskSizeGB": 0, "maxPods": 100, "osType": "Linux", "enableAutoScaling":
      false, "type": "VirtualMachineScaleSets", "mode": "System", "orchestratorVersion":
      "", "upgradeSettings": {}, "enableNodePublicIP": false, "scaleSetPriority":
      "Regular", "scaleSetEvictionPolicy": "Delete", "spotMaxPrice": -1.0, "tags":
      {"tag1": "tv1", "tag2": "tv2"}, "nodeLabels": {"label1": "value1", "label2":
      "value2"}, "nodeTaints": [], "enableEncryptionAtHost": false, "enableUltraSSD":
      false, "enableFIPS": false, "name": "nodepool1"}], "linuxProfile": {"adminUsername":
      "adminuser", "ssh": {"publicKeys": [{"keyData": "ssh-rsa AAAAB3NzaC1yc2EAAAADAQABAAABAQDaNPXUd0mbTXJ4I+KFW5KzIPimUfbKGXZfsy0eKGvO3C6X4gBRTshaUPnNLjvLd/K2G0r/aO73Tt9f0glUt39cwNchM8fnT+yYM0Sy3zax6VvqNuergfqa8dawP9fMC2nEo03ZleI7tOI/sFrHVuhzUSViWtXlI/O8MzXfGEDq2fQJ0y2LZC8tGquoqiJRuuo59/+wZazpkPPyU0hqwdncKx7A5fT0f1C9weC8YqkNVlQH48xB5ARpr0NLcWuWFh42ddBb9l30zEVz68KWn/FjP4Za0OjUmy+XH8bY7ittFi74aY23A8Q2WbmjFppC3stm6DbJ71TZfXvWFBIE2inB
      azcli_aks_live_test@example.com\n"}]}}, "servicePrincipalProfile": {"clientId":"00000000-0000-0000-0000-000000000001",
      "secret":"fake-secret"}, "addonProfiles": {}, "enableRBAC": true, "networkProfile":
      {"networkPlugin": "kubenet", "podCidr": "10.244.0.0/16", "serviceCidr": "10.0.0.0/16",
      "dnsServiceIP": "10.0.0.10", "dockerBridgeCidr": "172.17.0.1/16", "outboundType":
      "loadBalancer", "loadBalancerSku": "standard"}, "disableLocalAccounts": false}}'
    headers:
      Accept:
      - application/json
      Accept-Encoding:
      - gzip, deflate
      CommandName:
      - aks create
      Connection:
      - keep-alive
      Content-Length:
      - '1622'
      Content-Type:
      - application/json
      ParameterSetName:
      - --resource-group --name --location --dns-name-prefix --node-count --ssh-key-value
        --service-principal --client-secret --tags --nodepool-labels --nodepool-tags
        --max-pods --admin-username
      User-Agent:
      - AZURECLI/2.39.0 azsdk-python-azure-mgmt-containerservice/20.3.0 Python/3.8.10
        (Linux-5.15.0-1017-azure-x86_64-with-glibc2.29)
    method: PUT
    uri: https://management.azure.com/subscriptions/00000000-0000-0000-0000-000000000000/resourceGroups/clitest000001/providers/Microsoft.ContainerService/managedClusters/cliakstest000001?api-version=2022-07-01
  response:
    body:
      string: "{\n  \"id\": \"/subscriptions/00000000-0000-0000-0000-000000000000/resourcegroups/clitest000001/providers/Microsoft.ContainerService/managedClusters/cliakstest000001\",\n
        \ \"location\": \"westus2\",\n  \"name\": \"cliakstest000001\",\n  \"tags\":
        {\n   \"key1\": \"value1\"\n  },\n  \"type\": \"Microsoft.ContainerService/ManagedClusters\",\n
        \ \"properties\": {\n   \"provisioningState\": \"Creating\",\n   \"powerState\":
        {\n    \"code\": \"Running\"\n   },\n   \"kubernetesVersion\": \"1.23.8\",\n
        \  \"currentKubernetesVersion\": \"1.23.8\",\n   \"dnsPrefix\": \"cliaksdns000002\",\n
        \  \"fqdn\": \"cliaksdns000002-a87caee4.hcp.westus2.azmk8s.io\",\n   \"azurePortalFQDN\":
        \"cliaksdns000002-a87caee4.portal.hcp.westus2.azmk8s.io\",\n   \"agentPoolProfiles\":
        [\n    {\n     \"name\": \"nodepool1\",\n     \"count\": 1,\n     \"vmSize\":
        \"Standard_DS2_v2\",\n     \"osDiskSizeGB\": 128,\n     \"osDiskType\": \"Managed\",\n
        \    \"kubeletDiskType\": \"OS\",\n     \"maxPods\": 100,\n     \"type\":
        \"VirtualMachineScaleSets\",\n     \"enableAutoScaling\": false,\n     \"provisioningState\":
        \"Creating\",\n     \"powerState\": {\n      \"code\": \"Running\"\n     },\n
        \    \"orchestratorVersion\": \"1.23.8\",\n     \"currentOrchestratorVersion\":
        \"1.23.8\",\n     \"enableNodePublicIP\": false,\n     \"tags\": {\n      \"tag1\":
        \"tv1\",\n      \"tag2\": \"tv2\"\n     },\n     \"nodeLabels\": {\n      \"label1\":
        \"value1\",\n      \"label2\": \"value2\"\n     },\n     \"mode\": \"System\",\n
        \    \"enableEncryptionAtHost\": false,\n     \"enableUltraSSD\": false,\n
        \    \"osType\": \"Linux\",\n     \"osSKU\": \"Ubuntu\",\n     \"nodeImageVersion\":
        \"AKSUbuntu-1804gen2containerd-2022.08.10\",\n     \"upgradeSettings\": {},\n
        \    \"enableFIPS\": false\n    }\n   ],\n   \"linuxProfile\": {\n    \"adminUsername\":
        \"adminuser\",\n    \"ssh\": {\n     \"publicKeys\": [\n      {\n       \"keyData\":
        \"ssh-rsa AAAAB3NzaC1yc2EAAAADAQABAAABAQDaNPXUd0mbTXJ4I+KFW5KzIPimUfbKGXZfsy0eKGvO3C6X4gBRTshaUPnNLjvLd/K2G0r/aO73Tt9f0glUt39cwNchM8fnT+yYM0Sy3zax6VvqNuergfqa8dawP9fMC2nEo03ZleI7tOI/sFrHVuhzUSViWtXlI/O8MzXfGEDq2fQJ0y2LZC8tGquoqiJRuuo59/+wZazpkPPyU0hqwdncKx7A5fT0f1C9weC8YqkNVlQH48xB5ARpr0NLcWuWFh42ddBb9l30zEVz68KWn/FjP4Za0OjUmy+XH8bY7ittFi74aY23A8Q2WbmjFppC3stm6DbJ71TZfXvWFBIE2inB
        azcli_aks_live_test@example.com\\n\"\n      }\n     ]\n    }\n   },\n   \"servicePrincipalProfile\":
        {\n    \"clientId\":\"00000000-0000-0000-0000-000000000001\"\n   },\n   \"nodeResourceGroup\":
        \"MC_clitest000001_cliakstest000001_westus2\",\n   \"enableRBAC\": true,\n
        \  \"networkProfile\": {\n    \"networkPlugin\": \"kubenet\",\n    \"loadBalancerSku\":
        \"standard\",\n    \"loadBalancerProfile\": {\n     \"managedOutboundIPs\":
        {\n      \"count\": 1\n     }\n    },\n    \"podCidr\": \"10.244.0.0/16\",\n
        \   \"serviceCidr\": \"10.0.0.0/16\",\n    \"dnsServiceIP\": \"10.0.0.10\",\n
        \   \"dockerBridgeCidr\": \"172.17.0.1/16\",\n    \"outboundType\": \"loadBalancer\",\n
        \   \"podCidrs\": [\n     \"10.244.0.0/16\"\n    ],\n    \"serviceCidrs\":
        [\n     \"10.0.0.0/16\"\n    ],\n    \"ipFamilies\": [\n     \"IPv4\"\n    ]\n
        \  },\n   \"maxAgentPools\": 100,\n   \"disableLocalAccounts\": false,\n   \"securityProfile\":
        {},\n   \"storageProfile\": {\n    \"diskCSIDriver\": {\n     \"enabled\":
        true\n    },\n    \"fileCSIDriver\": {\n     \"enabled\": true\n    },\n    \"snapshotController\":
        {\n     \"enabled\": true\n    }\n   }\n  },\n  \"sku\": {\n   \"name\": \"Basic\",\n
        \  \"tier\": \"Free\"\n  }\n }"
    headers:
      azure-asyncoperation:
      - https://management.azure.com/subscriptions/00000000-0000-0000-0000-000000000000/providers/Microsoft.ContainerService/locations/westus2/operations/3be8b9ee-eab6-4ad6-a1b1-2013ce64438a?api-version=2016-03-30
      cache-control:
      - no-cache
      content-length:
      - '3142'
      content-type:
      - application/json
      date:
      - Tue, 30 Aug 2022 03:38:58 GMT
      expires:
      - '-1'
      pragma:
      - no-cache
      server:
      - nginx
      strict-transport-security:
      - max-age=31536000; includeSubDomains
      x-content-type-options:
      - nosniff
      x-ms-ratelimit-remaining-subscription-writes:
      - '1199'
    status:
      code: 201
      message: Created
- request:
    body: null
    headers:
      Accept:
      - '*/*'
      Accept-Encoding:
      - gzip, deflate
      CommandName:
      - aks create
      Connection:
      - keep-alive
      ParameterSetName:
      - --resource-group --name --location --dns-name-prefix --node-count --ssh-key-value
        --service-principal --client-secret --tags --nodepool-labels --nodepool-tags
        --max-pods --admin-username
      User-Agent:
      - AZURECLI/2.39.0 azsdk-python-azure-mgmt-containerservice/20.3.0 Python/3.8.10
        (Linux-5.15.0-1017-azure-x86_64-with-glibc2.29)
    method: GET
    uri: https://management.azure.com/subscriptions/00000000-0000-0000-0000-000000000000/providers/Microsoft.ContainerService/locations/westus2/operations/3be8b9ee-eab6-4ad6-a1b1-2013ce64438a?api-version=2016-03-30
  response:
    body:
      string: "{\n  \"name\": \"eeb9e83b-b6ea-d64a-a1b1-2013ce64438a\",\n  \"status\":
        \"InProgress\",\n  \"startTime\": \"2022-08-30T03:38:58.7705081Z\"\n }"
    headers:
      cache-control:
      - no-cache
      content-length:
      - '126'
      content-type:
      - application/json
      date:
      - Tue, 30 Aug 2022 03:39:28 GMT
      expires:
      - '-1'
      pragma:
      - no-cache
      server:
      - nginx
      strict-transport-security:
      - max-age=31536000; includeSubDomains
      transfer-encoding:
      - chunked
      vary:
      - Accept-Encoding
      x-content-type-options:
      - nosniff
    status:
      code: 200
      message: OK
- request:
    body: null
    headers:
      Accept:
      - '*/*'
      Accept-Encoding:
      - gzip, deflate
      CommandName:
      - aks create
      Connection:
      - keep-alive
      ParameterSetName:
      - --resource-group --name --location --dns-name-prefix --node-count --ssh-key-value
        --service-principal --client-secret --tags --nodepool-labels --nodepool-tags
        --max-pods --admin-username
      User-Agent:
      - AZURECLI/2.39.0 azsdk-python-azure-mgmt-containerservice/20.3.0 Python/3.8.10
        (Linux-5.15.0-1017-azure-x86_64-with-glibc2.29)
    method: GET
    uri: https://management.azure.com/subscriptions/00000000-0000-0000-0000-000000000000/providers/Microsoft.ContainerService/locations/westus2/operations/3be8b9ee-eab6-4ad6-a1b1-2013ce64438a?api-version=2016-03-30
  response:
    body:
      string: "{\n  \"name\": \"eeb9e83b-b6ea-d64a-a1b1-2013ce64438a\",\n  \"status\":
        \"InProgress\",\n  \"startTime\": \"2022-08-30T03:38:58.7705081Z\"\n }"
    headers:
      cache-control:
      - no-cache
      content-length:
      - '126'
      content-type:
      - application/json
      date:
      - Tue, 30 Aug 2022 03:39:58 GMT
      expires:
      - '-1'
      pragma:
      - no-cache
      server:
      - nginx
      strict-transport-security:
      - max-age=31536000; includeSubDomains
      transfer-encoding:
      - chunked
      vary:
      - Accept-Encoding
      x-content-type-options:
      - nosniff
    status:
      code: 200
      message: OK
- request:
    body: null
    headers:
      Accept:
      - '*/*'
      Accept-Encoding:
      - gzip, deflate
      CommandName:
      - aks create
      Connection:
      - keep-alive
      ParameterSetName:
      - --resource-group --name --location --dns-name-prefix --node-count --ssh-key-value
        --service-principal --client-secret --tags --nodepool-labels --nodepool-tags
        --max-pods --admin-username
      User-Agent:
      - AZURECLI/2.39.0 azsdk-python-azure-mgmt-containerservice/20.3.0 Python/3.8.10
        (Linux-5.15.0-1017-azure-x86_64-with-glibc2.29)
    method: GET
    uri: https://management.azure.com/subscriptions/00000000-0000-0000-0000-000000000000/providers/Microsoft.ContainerService/locations/westus2/operations/3be8b9ee-eab6-4ad6-a1b1-2013ce64438a?api-version=2016-03-30
  response:
    body:
      string: "{\n  \"name\": \"eeb9e83b-b6ea-d64a-a1b1-2013ce64438a\",\n  \"status\":
        \"InProgress\",\n  \"startTime\": \"2022-08-30T03:38:58.7705081Z\"\n }"
    headers:
      cache-control:
      - no-cache
      content-length:
      - '126'
      content-type:
      - application/json
      date:
      - Tue, 30 Aug 2022 03:40:28 GMT
      expires:
      - '-1'
      pragma:
      - no-cache
      server:
      - nginx
      strict-transport-security:
      - max-age=31536000; includeSubDomains
      transfer-encoding:
      - chunked
      vary:
      - Accept-Encoding
      x-content-type-options:
      - nosniff
    status:
      code: 200
      message: OK
- request:
    body: null
    headers:
      Accept:
      - '*/*'
      Accept-Encoding:
      - gzip, deflate
      CommandName:
      - aks create
      Connection:
      - keep-alive
      ParameterSetName:
      - --resource-group --name --location --dns-name-prefix --node-count --ssh-key-value
        --service-principal --client-secret --tags --nodepool-labels --nodepool-tags
        --max-pods --admin-username
      User-Agent:
      - AZURECLI/2.39.0 azsdk-python-azure-mgmt-containerservice/20.3.0 Python/3.8.10
        (Linux-5.15.0-1017-azure-x86_64-with-glibc2.29)
    method: GET
    uri: https://management.azure.com/subscriptions/00000000-0000-0000-0000-000000000000/providers/Microsoft.ContainerService/locations/westus2/operations/3be8b9ee-eab6-4ad6-a1b1-2013ce64438a?api-version=2016-03-30
  response:
    body:
      string: "{\n  \"name\": \"eeb9e83b-b6ea-d64a-a1b1-2013ce64438a\",\n  \"status\":
        \"InProgress\",\n  \"startTime\": \"2022-08-30T03:38:58.7705081Z\"\n }"
    headers:
      cache-control:
      - no-cache
      content-length:
      - '126'
      content-type:
      - application/json
      date:
      - Tue, 30 Aug 2022 03:40:58 GMT
      expires:
      - '-1'
      pragma:
      - no-cache
      server:
      - nginx
      strict-transport-security:
      - max-age=31536000; includeSubDomains
      transfer-encoding:
      - chunked
      vary:
      - Accept-Encoding
      x-content-type-options:
      - nosniff
    status:
      code: 200
      message: OK
- request:
    body: null
    headers:
      Accept:
      - '*/*'
      Accept-Encoding:
      - gzip, deflate
      CommandName:
      - aks create
      Connection:
      - keep-alive
      ParameterSetName:
      - --resource-group --name --location --dns-name-prefix --node-count --ssh-key-value
        --service-principal --client-secret --tags --nodepool-labels --nodepool-tags
        --max-pods --admin-username
      User-Agent:
      - AZURECLI/2.39.0 azsdk-python-azure-mgmt-containerservice/20.3.0 Python/3.8.10
        (Linux-5.15.0-1017-azure-x86_64-with-glibc2.29)
    method: GET
    uri: https://management.azure.com/subscriptions/00000000-0000-0000-0000-000000000000/providers/Microsoft.ContainerService/locations/westus2/operations/3be8b9ee-eab6-4ad6-a1b1-2013ce64438a?api-version=2016-03-30
  response:
    body:
      string: "{\n  \"name\": \"eeb9e83b-b6ea-d64a-a1b1-2013ce64438a\",\n  \"status\":
        \"InProgress\",\n  \"startTime\": \"2022-08-30T03:38:58.7705081Z\"\n }"
    headers:
      cache-control:
      - no-cache
      content-length:
      - '126'
      content-type:
      - application/json
      date:
      - Tue, 30 Aug 2022 03:41:28 GMT
      expires:
      - '-1'
      pragma:
      - no-cache
      server:
      - nginx
      strict-transport-security:
      - max-age=31536000; includeSubDomains
      transfer-encoding:
      - chunked
      vary:
      - Accept-Encoding
      x-content-type-options:
      - nosniff
    status:
      code: 200
      message: OK
- request:
    body: null
    headers:
      Accept:
      - '*/*'
      Accept-Encoding:
      - gzip, deflate
      CommandName:
      - aks create
      Connection:
      - keep-alive
      ParameterSetName:
      - --resource-group --name --location --dns-name-prefix --node-count --ssh-key-value
        --service-principal --client-secret --tags --nodepool-labels --nodepool-tags
        --max-pods --admin-username
      User-Agent:
      - AZURECLI/2.39.0 azsdk-python-azure-mgmt-containerservice/20.3.0 Python/3.8.10
        (Linux-5.15.0-1017-azure-x86_64-with-glibc2.29)
    method: GET
    uri: https://management.azure.com/subscriptions/00000000-0000-0000-0000-000000000000/providers/Microsoft.ContainerService/locations/westus2/operations/3be8b9ee-eab6-4ad6-a1b1-2013ce64438a?api-version=2016-03-30
  response:
    body:
      string: "{\n  \"name\": \"eeb9e83b-b6ea-d64a-a1b1-2013ce64438a\",\n  \"status\":
        \"InProgress\",\n  \"startTime\": \"2022-08-30T03:38:58.7705081Z\"\n }"
    headers:
      cache-control:
      - no-cache
      content-length:
      - '126'
      content-type:
      - application/json
      date:
      - Tue, 30 Aug 2022 03:41:59 GMT
      expires:
      - '-1'
      pragma:
      - no-cache
      server:
      - nginx
      strict-transport-security:
      - max-age=31536000; includeSubDomains
      transfer-encoding:
      - chunked
      vary:
      - Accept-Encoding
      x-content-type-options:
      - nosniff
    status:
      code: 200
      message: OK
- request:
    body: null
    headers:
      Accept:
      - '*/*'
      Accept-Encoding:
      - gzip, deflate
      CommandName:
      - aks create
      Connection:
      - keep-alive
      ParameterSetName:
      - --resource-group --name --location --dns-name-prefix --node-count --ssh-key-value
        --service-principal --client-secret --tags --nodepool-labels --nodepool-tags
        --max-pods --admin-username
      User-Agent:
      - AZURECLI/2.39.0 azsdk-python-azure-mgmt-containerservice/20.3.0 Python/3.8.10
        (Linux-5.15.0-1017-azure-x86_64-with-glibc2.29)
    method: GET
    uri: https://management.azure.com/subscriptions/00000000-0000-0000-0000-000000000000/providers/Microsoft.ContainerService/locations/westus2/operations/3be8b9ee-eab6-4ad6-a1b1-2013ce64438a?api-version=2016-03-30
  response:
    body:
      string: "{\n  \"name\": \"eeb9e83b-b6ea-d64a-a1b1-2013ce64438a\",\n  \"status\":
        \"Succeeded\",\n  \"startTime\": \"2022-08-30T03:38:58.7705081Z\",\n  \"endTime\":
        \"2022-08-30T03:42:16.2244475Z\"\n }"
    headers:
      cache-control:
      - no-cache
      content-length:
      - '170'
      content-type:
      - application/json
      date:
      - Tue, 30 Aug 2022 03:42:29 GMT
      expires:
      - '-1'
      pragma:
      - no-cache
      server:
      - nginx
      strict-transport-security:
      - max-age=31536000; includeSubDomains
      transfer-encoding:
      - chunked
      vary:
      - Accept-Encoding
      x-content-type-options:
      - nosniff
    status:
      code: 200
      message: OK
- request:
    body: null
    headers:
      Accept:
      - '*/*'
      Accept-Encoding:
      - gzip, deflate
      CommandName:
      - aks create
      Connection:
      - keep-alive
      ParameterSetName:
      - --resource-group --name --location --dns-name-prefix --node-count --ssh-key-value
        --service-principal --client-secret --tags --nodepool-labels --nodepool-tags
        --max-pods --admin-username
      User-Agent:
      - AZURECLI/2.39.0 azsdk-python-azure-mgmt-containerservice/20.3.0 Python/3.8.10
        (Linux-5.15.0-1017-azure-x86_64-with-glibc2.29)
    method: GET
    uri: https://management.azure.com/subscriptions/00000000-0000-0000-0000-000000000000/resourceGroups/clitest000001/providers/Microsoft.ContainerService/managedClusters/cliakstest000001?api-version=2022-07-01
  response:
    body:
      string: "{\n  \"id\": \"/subscriptions/00000000-0000-0000-0000-000000000000/resourcegroups/clitest000001/providers/Microsoft.ContainerService/managedClusters/cliakstest000001\",\n
        \ \"location\": \"westus2\",\n  \"name\": \"cliakstest000001\",\n  \"tags\":
        {\n   \"key1\": \"value1\"\n  },\n  \"type\": \"Microsoft.ContainerService/ManagedClusters\",\n
        \ \"properties\": {\n   \"provisioningState\": \"Succeeded\",\n   \"powerState\":
        {\n    \"code\": \"Running\"\n   },\n   \"kubernetesVersion\": \"1.23.8\",\n
        \  \"currentKubernetesVersion\": \"1.23.8\",\n   \"dnsPrefix\": \"cliaksdns000002\",\n
        \  \"fqdn\": \"cliaksdns000002-a87caee4.hcp.westus2.azmk8s.io\",\n   \"azurePortalFQDN\":
        \"cliaksdns000002-a87caee4.portal.hcp.westus2.azmk8s.io\",\n   \"agentPoolProfiles\":
        [\n    {\n     \"name\": \"nodepool1\",\n     \"count\": 1,\n     \"vmSize\":
        \"Standard_DS2_v2\",\n     \"osDiskSizeGB\": 128,\n     \"osDiskType\": \"Managed\",\n
        \    \"kubeletDiskType\": \"OS\",\n     \"maxPods\": 100,\n     \"type\":
        \"VirtualMachineScaleSets\",\n     \"enableAutoScaling\": false,\n     \"provisioningState\":
        \"Succeeded\",\n     \"powerState\": {\n      \"code\": \"Running\"\n     },\n
        \    \"orchestratorVersion\": \"1.23.8\",\n     \"currentOrchestratorVersion\":
        \"1.23.8\",\n     \"enableNodePublicIP\": false,\n     \"tags\": {\n      \"tag1\":
        \"tv1\",\n      \"tag2\": \"tv2\"\n     },\n     \"nodeLabels\": {\n      \"label1\":
        \"value1\",\n      \"label2\": \"value2\"\n     },\n     \"mode\": \"System\",\n
        \    \"enableEncryptionAtHost\": false,\n     \"enableUltraSSD\": false,\n
        \    \"osType\": \"Linux\",\n     \"osSKU\": \"Ubuntu\",\n     \"nodeImageVersion\":
        \"AKSUbuntu-1804gen2containerd-2022.08.10\",\n     \"upgradeSettings\": {},\n
        \    \"enableFIPS\": false\n    }\n   ],\n   \"linuxProfile\": {\n    \"adminUsername\":
        \"adminuser\",\n    \"ssh\": {\n     \"publicKeys\": [\n      {\n       \"keyData\":
        \"ssh-rsa AAAAB3NzaC1yc2EAAAADAQABAAABAQDaNPXUd0mbTXJ4I+KFW5KzIPimUfbKGXZfsy0eKGvO3C6X4gBRTshaUPnNLjvLd/K2G0r/aO73Tt9f0glUt39cwNchM8fnT+yYM0Sy3zax6VvqNuergfqa8dawP9fMC2nEo03ZleI7tOI/sFrHVuhzUSViWtXlI/O8MzXfGEDq2fQJ0y2LZC8tGquoqiJRuuo59/+wZazpkPPyU0hqwdncKx7A5fT0f1C9weC8YqkNVlQH48xB5ARpr0NLcWuWFh42ddBb9l30zEVz68KWn/FjP4Za0OjUmy+XH8bY7ittFi74aY23A8Q2WbmjFppC3stm6DbJ71TZfXvWFBIE2inB
        azcli_aks_live_test@example.com\\n\"\n      }\n     ]\n    }\n   },\n   \"servicePrincipalProfile\":
        {\n    \"clientId\":\"00000000-0000-0000-0000-000000000001\"\n   },\n   \"nodeResourceGroup\":
        \"MC_clitest000001_cliakstest000001_westus2\",\n   \"enableRBAC\": true,\n
        \  \"networkProfile\": {\n    \"networkPlugin\": \"kubenet\",\n    \"loadBalancerSku\":
        \"Standard\",\n    \"loadBalancerProfile\": {\n     \"managedOutboundIPs\":
        {\n      \"count\": 1\n     },\n     \"effectiveOutboundIPs\": [\n      {\n
        \      \"id\": \"/subscriptions/00000000-0000-0000-0000-000000000000/resourceGroups/MC_clitest000001_cliakstest000001_westus2/providers/Microsoft.Network/publicIPAddresses/a0a3133a-769d-46aa-9338-c52fc0243904\"\n
        \     }\n     ]\n    },\n    \"podCidr\": \"10.244.0.0/16\",\n    \"serviceCidr\":
        \"10.0.0.0/16\",\n    \"dnsServiceIP\": \"10.0.0.10\",\n    \"dockerBridgeCidr\":
        \"172.17.0.1/16\",\n    \"outboundType\": \"loadBalancer\",\n    \"podCidrs\":
        [\n     \"10.244.0.0/16\"\n    ],\n    \"serviceCidrs\": [\n     \"10.0.0.0/16\"\n
        \   ],\n    \"ipFamilies\": [\n     \"IPv4\"\n    ]\n   },\n   \"maxAgentPools\":
        100,\n   \"disableLocalAccounts\": false,\n   \"securityProfile\": {},\n   \"storageProfile\":
        {\n    \"diskCSIDriver\": {\n     \"enabled\": true\n    },\n    \"fileCSIDriver\":
        {\n     \"enabled\": true\n    },\n    \"snapshotController\": {\n     \"enabled\":
        true\n    }\n   }\n  },\n  \"sku\": {\n   \"name\": \"Basic\",\n   \"tier\":
        \"Free\"\n  }\n }"
    headers:
      cache-control:
      - no-cache
      content-length:
      - '3406'
      content-type:
      - application/json
      date:
      - Tue, 30 Aug 2022 03:42:29 GMT
      expires:
      - '-1'
      pragma:
      - no-cache
      server:
      - nginx
      strict-transport-security:
      - max-age=31536000; includeSubDomains
      transfer-encoding:
      - chunked
      vary:
      - Accept-Encoding
      x-content-type-options:
      - nosniff
    status:
      code: 200
      message: OK
- request:
    body: null
    headers:
      Accept:
      - application/json
      Accept-Encoding:
      - gzip, deflate
      CommandName:
      - aks list
      Connection:
      - keep-alive
      ParameterSetName:
      - -g
      User-Agent:
      - AZURECLI/2.39.0 azsdk-python-azure-mgmt-containerservice/20.3.0 Python/3.8.10
        (Linux-5.15.0-1017-azure-x86_64-with-glibc2.29)
    method: GET
    uri: https://management.azure.com/subscriptions/00000000-0000-0000-0000-000000000000/resourceGroups/clitest000001/providers/Microsoft.ContainerService/managedClusters?api-version=2022-07-01
  response:
    body:
      string: "{\n  \"value\": [\n   {\n    \"id\": \"/subscriptions/00000000-0000-0000-0000-000000000000/resourcegroups/clitest000001/providers/Microsoft.ContainerService/managedClusters/cliakstest000001\",\n
        \   \"location\": \"westus2\",\n    \"name\": \"cliakstest000001\",\n    \"tags\":
        {\n     \"key1\": \"value1\"\n    },\n    \"type\": \"Microsoft.ContainerService/ManagedClusters\",\n
        \   \"properties\": {\n     \"provisioningState\": \"Succeeded\",\n     \"powerState\":
        {\n      \"code\": \"Running\"\n     },\n     \"kubernetesVersion\": \"1.23.8\",\n
        \    \"currentKubernetesVersion\": \"1.23.8\",\n     \"dnsPrefix\": \"cliaksdns000002\",\n
        \    \"fqdn\": \"cliaksdns000002-a87caee4.hcp.westus2.azmk8s.io\",\n     \"azurePortalFQDN\":
        \"cliaksdns000002-a87caee4.portal.hcp.westus2.azmk8s.io\",\n     \"agentPoolProfiles\":
        [\n      {\n       \"name\": \"nodepool1\",\n       \"count\": 1,\n       \"vmSize\":
        \"Standard_DS2_v2\",\n       \"osDiskSizeGB\": 128,\n       \"osDiskType\":
        \"Managed\",\n       \"kubeletDiskType\": \"OS\",\n       \"maxPods\": 100,\n
        \      \"type\": \"VirtualMachineScaleSets\",\n       \"enableAutoScaling\":
        false,\n       \"provisioningState\": \"Succeeded\",\n       \"powerState\":
        {\n        \"code\": \"Running\"\n       },\n       \"orchestratorVersion\":
        \"1.23.8\",\n       \"currentOrchestratorVersion\": \"1.23.8\",\n       \"enableNodePublicIP\":
        false,\n       \"tags\": {\n        \"tag1\": \"tv1\",\n        \"tag2\":
        \"tv2\"\n       },\n       \"nodeLabels\": {\n        \"label1\": \"value1\",\n
        \       \"label2\": \"value2\"\n       },\n       \"mode\": \"System\",\n
        \      \"enableEncryptionAtHost\": false,\n       \"enableUltraSSD\": false,\n
        \      \"osType\": \"Linux\",\n       \"osSKU\": \"Ubuntu\",\n       \"nodeImageVersion\":
        \"AKSUbuntu-1804gen2containerd-2022.08.10\",\n       \"upgradeSettings\":
        {},\n       \"enableFIPS\": false\n      }\n     ],\n     \"linuxProfile\":
        {\n      \"adminUsername\": \"adminuser\",\n      \"ssh\": {\n       \"publicKeys\":
        [\n        {\n         \"keyData\": \"ssh-rsa AAAAB3NzaC1yc2EAAAADAQABAAABAQDaNPXUd0mbTXJ4I+KFW5KzIPimUfbKGXZfsy0eKGvO3C6X4gBRTshaUPnNLjvLd/K2G0r/aO73Tt9f0glUt39cwNchM8fnT+yYM0Sy3zax6VvqNuergfqa8dawP9fMC2nEo03ZleI7tOI/sFrHVuhzUSViWtXlI/O8MzXfGEDq2fQJ0y2LZC8tGquoqiJRuuo59/+wZazpkPPyU0hqwdncKx7A5fT0f1C9weC8YqkNVlQH48xB5ARpr0NLcWuWFh42ddBb9l30zEVz68KWn/FjP4Za0OjUmy+XH8bY7ittFi74aY23A8Q2WbmjFppC3stm6DbJ71TZfXvWFBIE2inB
        azcli_aks_live_test@example.com\\n\"\n        }\n       ]\n      }\n     },\n
        \    \"servicePrincipalProfile\": {\n      \"clientId\":\"00000000-0000-0000-0000-000000000001\"\n
        \    },\n     \"nodeResourceGroup\": \"MC_clitest000001_cliakstest000001_westus2\",\n
        \    \"enableRBAC\": true,\n     \"networkProfile\": {\n      \"networkPlugin\":
        \"kubenet\",\n      \"loadBalancerSku\": \"Standard\",\n      \"loadBalancerProfile\":
        {\n       \"managedOutboundIPs\": {\n        \"count\": 1\n       },\n       \"effectiveOutboundIPs\":
        [\n        {\n         \"id\": \"/subscriptions/00000000-0000-0000-0000-000000000000/resourceGroups/MC_clitest000001_cliakstest000001_westus2/providers/Microsoft.Network/publicIPAddresses/a0a3133a-769d-46aa-9338-c52fc0243904\"\n
        \       }\n       ]\n      },\n      \"podCidr\": \"10.244.0.0/16\",\n      \"serviceCidr\":
        \"10.0.0.0/16\",\n      \"dnsServiceIP\": \"10.0.0.10\",\n      \"dockerBridgeCidr\":
        \"172.17.0.1/16\",\n      \"outboundType\": \"loadBalancer\",\n      \"podCidrs\":
        [\n       \"10.244.0.0/16\"\n      ],\n      \"serviceCidrs\": [\n       \"10.0.0.0/16\"\n
        \     ],\n      \"ipFamilies\": [\n       \"IPv4\"\n      ]\n     },\n     \"maxAgentPools\":
        100,\n     \"disableLocalAccounts\": false,\n     \"securityProfile\": {},\n
        \    \"storageProfile\": {\n      \"diskCSIDriver\": {\n       \"enabled\":
        true\n      },\n      \"fileCSIDriver\": {\n       \"enabled\": true\n      },\n
        \     \"snapshotController\": {\n       \"enabled\": true\n      }\n     }\n
        \   },\n    \"sku\": {\n     \"name\": \"Basic\",\n     \"tier\": \"Free\"\n
        \   }\n   }\n  ]\n }"
    headers:
      cache-control:
      - no-cache
      content-length:
      - '3663'
      content-type:
      - application/json
      date:
      - Tue, 30 Aug 2022 03:42:30 GMT
      expires:
      - '-1'
      pragma:
      - no-cache
      server:
      - nginx
      strict-transport-security:
      - max-age=31536000; includeSubDomains
      transfer-encoding:
      - chunked
      vary:
      - Accept-Encoding
      x-content-type-options:
      - nosniff
    status:
      code: 200
      message: OK
- request:
    body: null
    headers:
      Accept:
      - application/json
      Accept-Encoding:
      - gzip, deflate
      CommandName:
      - aks list
      Connection:
      - keep-alive
      ParameterSetName:
      - -g -o
      User-Agent:
      - AZURECLI/2.39.0 azsdk-python-azure-mgmt-containerservice/20.3.0 Python/3.8.10
        (Linux-5.15.0-1017-azure-x86_64-with-glibc2.29)
    method: GET
    uri: https://management.azure.com/subscriptions/00000000-0000-0000-0000-000000000000/resourceGroups/clitest000001/providers/Microsoft.ContainerService/managedClusters?api-version=2022-07-01
  response:
    body:
      string: "{\n  \"value\": [\n   {\n    \"id\": \"/subscriptions/00000000-0000-0000-0000-000000000000/resourcegroups/clitest000001/providers/Microsoft.ContainerService/managedClusters/cliakstest000001\",\n
        \   \"location\": \"westus2\",\n    \"name\": \"cliakstest000001\",\n    \"tags\":
        {\n     \"key1\": \"value1\"\n    },\n    \"type\": \"Microsoft.ContainerService/ManagedClusters\",\n
        \   \"properties\": {\n     \"provisioningState\": \"Succeeded\",\n     \"powerState\":
        {\n      \"code\": \"Running\"\n     },\n     \"kubernetesVersion\": \"1.23.8\",\n
        \    \"currentKubernetesVersion\": \"1.23.8\",\n     \"dnsPrefix\": \"cliaksdns000002\",\n
        \    \"fqdn\": \"cliaksdns000002-a87caee4.hcp.westus2.azmk8s.io\",\n     \"azurePortalFQDN\":
        \"cliaksdns000002-a87caee4.portal.hcp.westus2.azmk8s.io\",\n     \"agentPoolProfiles\":
        [\n      {\n       \"name\": \"nodepool1\",\n       \"count\": 1,\n       \"vmSize\":
        \"Standard_DS2_v2\",\n       \"osDiskSizeGB\": 128,\n       \"osDiskType\":
        \"Managed\",\n       \"kubeletDiskType\": \"OS\",\n       \"maxPods\": 100,\n
        \      \"type\": \"VirtualMachineScaleSets\",\n       \"enableAutoScaling\":
        false,\n       \"provisioningState\": \"Succeeded\",\n       \"powerState\":
        {\n        \"code\": \"Running\"\n       },\n       \"orchestratorVersion\":
        \"1.23.8\",\n       \"currentOrchestratorVersion\": \"1.23.8\",\n       \"enableNodePublicIP\":
        false,\n       \"tags\": {\n        \"tag1\": \"tv1\",\n        \"tag2\":
        \"tv2\"\n       },\n       \"nodeLabels\": {\n        \"label1\": \"value1\",\n
        \       \"label2\": \"value2\"\n       },\n       \"mode\": \"System\",\n
        \      \"enableEncryptionAtHost\": false,\n       \"enableUltraSSD\": false,\n
        \      \"osType\": \"Linux\",\n       \"osSKU\": \"Ubuntu\",\n       \"nodeImageVersion\":
        \"AKSUbuntu-1804gen2containerd-2022.08.10\",\n       \"upgradeSettings\":
        {},\n       \"enableFIPS\": false\n      }\n     ],\n     \"linuxProfile\":
        {\n      \"adminUsername\": \"adminuser\",\n      \"ssh\": {\n       \"publicKeys\":
        [\n        {\n         \"keyData\": \"ssh-rsa AAAAB3NzaC1yc2EAAAADAQABAAABAQDaNPXUd0mbTXJ4I+KFW5KzIPimUfbKGXZfsy0eKGvO3C6X4gBRTshaUPnNLjvLd/K2G0r/aO73Tt9f0glUt39cwNchM8fnT+yYM0Sy3zax6VvqNuergfqa8dawP9fMC2nEo03ZleI7tOI/sFrHVuhzUSViWtXlI/O8MzXfGEDq2fQJ0y2LZC8tGquoqiJRuuo59/+wZazpkPPyU0hqwdncKx7A5fT0f1C9weC8YqkNVlQH48xB5ARpr0NLcWuWFh42ddBb9l30zEVz68KWn/FjP4Za0OjUmy+XH8bY7ittFi74aY23A8Q2WbmjFppC3stm6DbJ71TZfXvWFBIE2inB
        azcli_aks_live_test@example.com\\n\"\n        }\n       ]\n      }\n     },\n
        \    \"servicePrincipalProfile\": {\n      \"clientId\":\"00000000-0000-0000-0000-000000000001\"\n
        \    },\n     \"nodeResourceGroup\": \"MC_clitest000001_cliakstest000001_westus2\",\n
        \    \"enableRBAC\": true,\n     \"networkProfile\": {\n      \"networkPlugin\":
        \"kubenet\",\n      \"loadBalancerSku\": \"Standard\",\n      \"loadBalancerProfile\":
        {\n       \"managedOutboundIPs\": {\n        \"count\": 1\n       },\n       \"effectiveOutboundIPs\":
        [\n        {\n         \"id\": \"/subscriptions/00000000-0000-0000-0000-000000000000/resourceGroups/MC_clitest000001_cliakstest000001_westus2/providers/Microsoft.Network/publicIPAddresses/a0a3133a-769d-46aa-9338-c52fc0243904\"\n
        \       }\n       ]\n      },\n      \"podCidr\": \"10.244.0.0/16\",\n      \"serviceCidr\":
        \"10.0.0.0/16\",\n      \"dnsServiceIP\": \"10.0.0.10\",\n      \"dockerBridgeCidr\":
        \"172.17.0.1/16\",\n      \"outboundType\": \"loadBalancer\",\n      \"podCidrs\":
        [\n       \"10.244.0.0/16\"\n      ],\n      \"serviceCidrs\": [\n       \"10.0.0.0/16\"\n
        \     ],\n      \"ipFamilies\": [\n       \"IPv4\"\n      ]\n     },\n     \"maxAgentPools\":
        100,\n     \"disableLocalAccounts\": false,\n     \"securityProfile\": {},\n
        \    \"storageProfile\": {\n      \"diskCSIDriver\": {\n       \"enabled\":
        true\n      },\n      \"fileCSIDriver\": {\n       \"enabled\": true\n      },\n
        \     \"snapshotController\": {\n       \"enabled\": true\n      }\n     }\n
        \   },\n    \"sku\": {\n     \"name\": \"Basic\",\n     \"tier\": \"Free\"\n
        \   }\n   }\n  ]\n }"
    headers:
      cache-control:
      - no-cache
      content-length:
      - '3663'
      content-type:
      - application/json
      date:
      - Tue, 30 Aug 2022 03:42:30 GMT
      expires:
      - '-1'
      pragma:
      - no-cache
      server:
      - nginx
      strict-transport-security:
      - max-age=31536000; includeSubDomains
      transfer-encoding:
      - chunked
      vary:
      - Accept-Encoding
      x-content-type-options:
      - nosniff
    status:
      code: 200
      message: OK
- request:
    body: null
    headers:
      Accept:
      - application/json
      Accept-Encoding:
      - gzip, deflate
      CommandName:
      - aks show
      Connection:
      - keep-alive
      ParameterSetName:
      - -g -n
      User-Agent:
      - AZURECLI/2.39.0 azsdk-python-azure-mgmt-containerservice/20.3.0 Python/3.8.10
        (Linux-5.15.0-1017-azure-x86_64-with-glibc2.29)
    method: GET
    uri: https://management.azure.com/subscriptions/00000000-0000-0000-0000-000000000000/resourceGroups/clitest000001/providers/Microsoft.ContainerService/managedClusters/cliakstest000001?api-version=2022-07-01
  response:
    body:
      string: "{\n  \"id\": \"/subscriptions/00000000-0000-0000-0000-000000000000/resourcegroups/clitest000001/providers/Microsoft.ContainerService/managedClusters/cliakstest000001\",\n
        \ \"location\": \"westus2\",\n  \"name\": \"cliakstest000001\",\n  \"tags\":
        {\n   \"key1\": \"value1\"\n  },\n  \"type\": \"Microsoft.ContainerService/ManagedClusters\",\n
        \ \"properties\": {\n   \"provisioningState\": \"Succeeded\",\n   \"powerState\":
        {\n    \"code\": \"Running\"\n   },\n   \"kubernetesVersion\": \"1.23.8\",\n
        \  \"currentKubernetesVersion\": \"1.23.8\",\n   \"dnsPrefix\": \"cliaksdns000002\",\n
        \  \"fqdn\": \"cliaksdns000002-a87caee4.hcp.westus2.azmk8s.io\",\n   \"azurePortalFQDN\":
        \"cliaksdns000002-a87caee4.portal.hcp.westus2.azmk8s.io\",\n   \"agentPoolProfiles\":
        [\n    {\n     \"name\": \"nodepool1\",\n     \"count\": 1,\n     \"vmSize\":
        \"Standard_DS2_v2\",\n     \"osDiskSizeGB\": 128,\n     \"osDiskType\": \"Managed\",\n
        \    \"kubeletDiskType\": \"OS\",\n     \"maxPods\": 100,\n     \"type\":
        \"VirtualMachineScaleSets\",\n     \"enableAutoScaling\": false,\n     \"provisioningState\":
        \"Succeeded\",\n     \"powerState\": {\n      \"code\": \"Running\"\n     },\n
        \    \"orchestratorVersion\": \"1.23.8\",\n     \"currentOrchestratorVersion\":
        \"1.23.8\",\n     \"enableNodePublicIP\": false,\n     \"tags\": {\n      \"tag1\":
        \"tv1\",\n      \"tag2\": \"tv2\"\n     },\n     \"nodeLabels\": {\n      \"label1\":
        \"value1\",\n      \"label2\": \"value2\"\n     },\n     \"mode\": \"System\",\n
        \    \"enableEncryptionAtHost\": false,\n     \"enableUltraSSD\": false,\n
        \    \"osType\": \"Linux\",\n     \"osSKU\": \"Ubuntu\",\n     \"nodeImageVersion\":
        \"AKSUbuntu-1804gen2containerd-2022.08.10\",\n     \"upgradeSettings\": {},\n
        \    \"enableFIPS\": false\n    }\n   ],\n   \"linuxProfile\": {\n    \"adminUsername\":
        \"adminuser\",\n    \"ssh\": {\n     \"publicKeys\": [\n      {\n       \"keyData\":
        \"ssh-rsa AAAAB3NzaC1yc2EAAAADAQABAAABAQDaNPXUd0mbTXJ4I+KFW5KzIPimUfbKGXZfsy0eKGvO3C6X4gBRTshaUPnNLjvLd/K2G0r/aO73Tt9f0glUt39cwNchM8fnT+yYM0Sy3zax6VvqNuergfqa8dawP9fMC2nEo03ZleI7tOI/sFrHVuhzUSViWtXlI/O8MzXfGEDq2fQJ0y2LZC8tGquoqiJRuuo59/+wZazpkPPyU0hqwdncKx7A5fT0f1C9weC8YqkNVlQH48xB5ARpr0NLcWuWFh42ddBb9l30zEVz68KWn/FjP4Za0OjUmy+XH8bY7ittFi74aY23A8Q2WbmjFppC3stm6DbJ71TZfXvWFBIE2inB
        azcli_aks_live_test@example.com\\n\"\n      }\n     ]\n    }\n   },\n   \"servicePrincipalProfile\":
        {\n    \"clientId\":\"00000000-0000-0000-0000-000000000001\"\n   },\n   \"nodeResourceGroup\":
        \"MC_clitest000001_cliakstest000001_westus2\",\n   \"enableRBAC\": true,\n
        \  \"networkProfile\": {\n    \"networkPlugin\": \"kubenet\",\n    \"loadBalancerSku\":
        \"Standard\",\n    \"loadBalancerProfile\": {\n     \"managedOutboundIPs\":
        {\n      \"count\": 1\n     },\n     \"effectiveOutboundIPs\": [\n      {\n
        \      \"id\": \"/subscriptions/00000000-0000-0000-0000-000000000000/resourceGroups/MC_clitest000001_cliakstest000001_westus2/providers/Microsoft.Network/publicIPAddresses/a0a3133a-769d-46aa-9338-c52fc0243904\"\n
        \     }\n     ]\n    },\n    \"podCidr\": \"10.244.0.0/16\",\n    \"serviceCidr\":
        \"10.0.0.0/16\",\n    \"dnsServiceIP\": \"10.0.0.10\",\n    \"dockerBridgeCidr\":
        \"172.17.0.1/16\",\n    \"outboundType\": \"loadBalancer\",\n    \"podCidrs\":
        [\n     \"10.244.0.0/16\"\n    ],\n    \"serviceCidrs\": [\n     \"10.0.0.0/16\"\n
        \   ],\n    \"ipFamilies\": [\n     \"IPv4\"\n    ]\n   },\n   \"maxAgentPools\":
        100,\n   \"disableLocalAccounts\": false,\n   \"securityProfile\": {},\n   \"storageProfile\":
        {\n    \"diskCSIDriver\": {\n     \"enabled\": true\n    },\n    \"fileCSIDriver\":
        {\n     \"enabled\": true\n    },\n    \"snapshotController\": {\n     \"enabled\":
        true\n    }\n   }\n  },\n  \"sku\": {\n   \"name\": \"Basic\",\n   \"tier\":
        \"Free\"\n  }\n }"
    headers:
      cache-control:
      - no-cache
      content-length:
      - '3406'
      content-type:
      - application/json
      date:
      - Tue, 30 Aug 2022 03:42:30 GMT
      expires:
      - '-1'
      pragma:
      - no-cache
      server:
      - nginx
      strict-transport-security:
      - max-age=31536000; includeSubDomains
      transfer-encoding:
      - chunked
      vary:
      - Accept-Encoding
      x-content-type-options:
      - nosniff
    status:
      code: 200
      message: OK
- request:
    body: null
    headers:
      Accept:
      - application/json
      Accept-Encoding:
      - gzip, deflate
      CommandName:
      - aks get-credentials
      Connection:
      - keep-alive
      Content-Length:
      - '0'
      ParameterSetName:
      - -g -n --file
      User-Agent:
      - AZURECLI/2.39.0 azsdk-python-azure-mgmt-containerservice/20.3.0 Python/3.8.10
        (Linux-5.15.0-1017-azure-x86_64-with-glibc2.29)
    method: POST
    uri: https://management.azure.com/subscriptions/00000000-0000-0000-0000-000000000000/resourceGroups/clitest000001/providers/Microsoft.ContainerService/managedClusters/cliakstest000001/listClusterUserCredential?api-version=2022-07-01
  response:
    body:
      string: "{\n  \"kubeconfigs\": [\n   {\n    \"name\": \"clusterUser\",\n    \"value\":
        \"YXBpVmVyc2lvbjogdjEKY2x1c3RlcnM6Ci0gY2x1c3RlcjoKICAgIGNlcnRpZmljYXRlLWF1dGhvcml0eS1kYXRhOiBMUzB0TFMxQ1JVZEpUaUJEUlZKVVNVWkpRMEZVUlMwdExTMHRDazFKU1VVMlJFTkRRWFJEWjBGM1NVSkJaMGxSUmtsT2IzTTJPRGRGWlM5WE5VOXJSMHBxVWpCU1JFRk9RbWRyY1docmFVYzVkekJDUVZGelJrRkVRVTRLVFZGemQwTlJXVVJXVVZGRVJYZEthbGxVUVdkR2R6QjVUV3BCTkUxNlFYZE5la2sxVFdwR1lVZEJPSGxOUkZWNVRVUm5lazFFUVhwTmVtdDVUVlp2ZHdwRVZFVk1UVUZyUjBFeFZVVkJlRTFEV1RKRmQyZG5TV2xOUVRCSFExTnhSMU5KWWpORVVVVkNRVkZWUVVFMFNVTkVkMEYzWjJkSlMwRnZTVU5CVVVOdkNsbHNRMmhsWlhGbmVtRlNMMmt2Tmk5WVJFOHdkWGhWZFc1TlIwdFRRV0ZpZVdWcFYwNW9lbk56YkRoMFJVTkJNSFE1TWxvdk1UbFRlalpEZWtSdVVUZ0tZbmh0U2tsSlIxaHplVTlYZVZoUWF6aHNaR3QySzJwWk1VVnRWR3hPYlhwVVpFOWFTbE00Ymt0U1pXWlpVWFV6UWtsM01YVkdkRlZvZVVGQlNIUTRlQW8zWWpCc05HZHFUR05uYUZrMloyb3ZWMnRwU3pSR2IwbHhiMWRFUW1Sak1FWldlVkJ2ZGpsVWR6aHZTVVpOTTBsamNIVjVjbVZuWjBaMlNHTmpjbTkwQ21OcGRtTnJjRmhrZERsaVpWbDNNVGt5YkVoTFUxUmFhV1o1YXk5dk5EbFZOemxNTUhwVlVFTmlRVUl3ZFVoTVNsWlpZMEoyU2pkRVF6aFNUbXhqTW5nS2RteEhjbkJ1VUd0NU5GcDBXRlJ0UW1KamN6VnlaRWhUWWxOQ2RUSlBPRVZEVjB3clJtaENSMnRPZUZscU5HSjBMekJpUlZGbGNraHZaRkF5VUdWNlRRcEtPV1ZIYUhVM05WVnZkRlowVkUxMVVFd3ZkSGt6ZW1aMU56QkNWRzgxUnpoeGJsTTNVM2RrTTBsaFl6QndSV1kyYldwUVMxQlFPVWxFUzFZMFZVUkRDbWhuYnpSVFZrc3diRWczTnpCWmNrbDRVV1l3YkdOR1RUSk1aVEpwWjJwYWJESnFNVXRaZDBVMlRFdFNOVUZOYjJWRVdFZzNWek14T0RsQ05WRkZMM0lLTkRFMVNVd3ZNR05yZUZWSlJFTjRXazQxTUZGelEwMDVkelJwT0RsM1ZteFZWbFJDZVhwV2F6QnVNVXBNV1hSYU5XeFpXUzk2ZFRsVmRDOWhSV1o1VFFwNlowVldZWGxNTTJOQ1lqQkNWR0l3U2pGbWFHNTJLMWxCYWxWdmVGUTNPV1p5U1VjeFpEbDNWVTFQWVRoUFdIRXljM0Y2ZFhObVJWQmtNWGw2U0V4R0NqaFpjRUZzVFZObE1FNU1hbXN3V0M5TWVXeG5hM0pSUzNORFIzbzJTR05RYms1SmQyUnZWaTh4ZUd0RWEyRTBla0UyTjJWWVdWQkVWMnN2UjFaVVZXY0tORlZzYWxaWk1IVlZTMmx2T0ZSc1kybDRSelpxUWtkQ1QxWlVZblFyTmtjeVVWbzFZVkUxU0d0UlNVUkJVVUZDYnpCSmQxRkVRVTlDWjA1V1NGRTRRZ3BCWmpoRlFrRk5RMEZ4VVhkRWQxbEVWbEl3VkVGUlNDOUNRVlYzUVhkRlFpOTZRV1JDWjA1V1NGRTBSVVpuVVZWa1UyeFlMMWxSY2xJd2FUVlBjMUpDQ210eWJuQmtVREZSVVU5emQwUlJXVXBMYjFwSmFIWmpUa0ZSUlV4Q1VVRkVaMmRKUWtGSGJIQmlia0ZZTDBvNFIzUnBXRGhvVTNkSmRESmthMUoxTXk4S1RrTXdSek0wUldKa01VczNXamhJWTJVck5scHpXVFZ3YlZOT1FVUlNPVGRxTUVGQ1FXcFZORmh5Y0RoSVZHZEhRbll3YVU1UVkyUTRPV3hKWkdGUE5nb3hkbmhWVmpWNFJqbHFVV2N2Wnk4NGEyTldORUpYV1hWWVQxQm1SRmh3YjA4clkyOTNjV0UxTTBWa1JUTjNRbkpYV0RSTU9EaHdRM1pUYWxsSVZWbzRDbVUyUjI5d2JIcFVaak12VVV4cFUwZHBORWRSUzJWRk9IQlZZV2RMVkZOeWVHZFVUMnM0WlM5dlVISlZTWHBCU1d4SllXUkpLMFIxUWtVMVprZFlUR29LVUdFeU9YUTFTR05DV21kak1raGpXa0YxTVVFdmEySlJiMmRCTVZZMGRTdE9TbmhMUVV4aGIwbE9lR3MzTDJwdVJGaHVNazVaUlZCME1XdDZla0p3T0FwNWVsWm1TaXRGZW05UFNVZFdWMmhxTDBGdWQyNWxXbU5oZURWdk1FNHhaVzkxYzNGR00yZG5NbnBDYnpFMmFsQnRNblZJV0doT2JXWTVSV1pCWVRGUENteFpPRGRvTVZReWVtUndUM001WjAxa1lXRm1XVlJPT0dVME5uQlJjRnBzV0ZFd2MyRklZa2h3YnpkMGRIWldhaXRUTVVKNFNUUlFjSE1yT1RkcmFHRUtjbmg2UTFwVlYyRlhRVTlLTlVWVlpuWnhVV3d2Y0VGc2MxRjRZMEZXVkZJdllWbDBjMVl2Ym5sR1JteFVla3d6VWpKeGJHcHVOVGRpVDJnMk5WRk9XQXBTWlRVNGFqWXZTV1ZuYjBoNk1VSlpNVlpRUjBSUk9YaEtkbkJYVWpCaFUybGxTMWhXYkZOeWN6Wm9OaTlxTDFsc2NrSTRkSG95Y25sV2FUaHJXSFYwQ21KNmRtcEdNekJ1VUdWSUt6ZzRSM2xxYjNwQmRYRkJlRFEyYkd0aWEyVXhibVZGY1c1aGNWZDFWWEJCUmxaeFlVTkJUSFI1VVRZMWVrdDVRV3RuTHpJS2JYSm9NbEJTZWtoa1NraE5TVVp3ZVhJeGFXMHhNMHRGU0VsVU5EWjVOVmxMYTBobWNscEJVbGxpVkdwR2VWcG1NRVpzZWxwR1MybENNblprWTNCTmJBcFdkMUJ5ZERKTE1WcHpjU3RrT0UxRENpMHRMUzB0UlU1RUlFTkZVbFJKUmtsRFFWUkZMUzB0TFMwSwogICAgc2VydmVyOiBodHRwczovL2NsaWFrc2Ruc2VwMzZzeW0tYTg3Y2FlZTQuaGNwLndlc3R1czIuYXptazhzLmlvOjQ0MwogIG5hbWU6IGNsaWFrc3Rlc3R0NDV6ZTcKY29udGV4dHM6Ci0gY29udGV4dDoKICAgIGNsdXN0ZXI6IGNsaWFrc3Rlc3R0NDV6ZTcKICAgIHVzZXI6IGNsdXN0ZXJVc2VyX2NsaXRlc3RtMmRjbGx1eHVyX2NsaWFrc3Rlc3R0NDV6ZTcKICBuYW1lOiBjbGlha3N0ZXN0dDQ1emU3CmN1cnJlbnQtY29udGV4dDogY2xpYWtzdGVzdHQ0NXplNwpraW5kOiBDb25maWcKcHJlZmVyZW5jZXM6IHt9CnVzZXJzOgotIG5hbWU6IGNsdXN0ZXJVc2VyX2NsaXRlc3RtMmRjbGx1eHVyX2NsaWFrc3Rlc3R0NDV6ZTcKICB1c2VyOgogICAgY2xpZW50LWNlcnRpZmljYXRlLWRhdGE6IExTMHRMUzFDUlVkSlRpQkRSVkpVU1VaSlEwRlVSUzB0TFMwdENrMUpTVVpJYWtORFFYZGhaMEYzU1VKQlowbFNRVTQ1V0U1MFJTdDJLMlJYZGxjeFdGa3ZiMlZxU2tGM1JGRlpTa3R2V2tsb2RtTk9RVkZGVEVKUlFYY0tSRlJGVEUxQmEwZEJNVlZGUVhoTlExa3lSWGRJYUdOT1RXcEpkMDlFVFhkTlJFMTVUMVJKZUZkb1kwNU5hbEYzVDBSTmQwMUVUWHBQVkVsNFYycEJkd3BOVW1OM1JsRlpSRlpSVVV0RmR6VjZaVmhPTUZwWE1EWmlWMFo2WkVkV2VXTjZSVlpOUWsxSFFURlZSVUY0VFUxaVYwWjZaRWRXZVZreWVIQmFWelV3Q2sxSlNVTkpha0ZPUW1kcmNXaHJhVWM1ZHpCQ1FWRkZSa0ZCVDBOQlp6aEJUVWxKUTBOblMwTkJaMFZCZUV4UlNVNXBhMk5TWlZOT2MwaGhOWE55UjFjS1VFOHdlWE5NUVdaM1R6Vm9SemxMVTBScVVUQnVNRVp6VERGamJYTlJMMEZxYW5GeE5qbENRV0p2VlVoMVVtSTNkR3h5UlVJdlMyUllSRmwzWTFWcWR3cDViWFZQYVZWQ1VGRklRbVF6TjAxc1QzTmtja2QxUjBkelUwZ3hNVXBZVkdwcVJEZDJORGxuU25OV2FtbHBhVTU0WlVSek1VWTJWR1ZTVUhoTmEycGhDa2hzU0RCdFMwMUZPRWwzUW5sRFlraGxlSE5JUzBKa1lpdFljRkp0VW5sMVYzVndXV0Z1Um5OcllVeHRjVVE1YlVGWmRGVXhiM0ZyV0VOT2FVTnNkRk1LVDNCYWRqUjRPSEI2U1dGT09XdDJhWFF4T1hZclMwUlhiVmRJYW5KWlNuaHVaRXhXWVZCNldHWk5lbEpUVFVvNGJFVk1aa1pTVDB4WU5GRlZURk5VVlFwWE1qZE5iVzl1VDFodk1GVnBieTgyWjFJMk1HazFjVkpyYVZkWWFEUkJNMlExYmxGRlFqUmpiREptUWtWVFRGSnJSMEk1SzB4dE1YbGpUbXBxWm5OakNqVnlkRWxhVWtScUszSmtVRVZuUlV0cFVHcDNUblp0UjNrMVlqTk1iR1pJVGxGNk5rRnBaMjR6Unk4MVNsSlhlV2xCZGtNeGR6WlhWMjEzVldOS1NqVUtkV281UkdsdU9UVk9RU3RpTlZCU1VtbHVabTF2VlVGVGVuaFZaMmhTTW14NllsUjFXV3BsYm5sRmNsTllaaTh3Ym5kTmVreFdaRkpFZWxWalIzVnZOZ3BNZDFCUU1WZFlibE5zUVhKc2RDdGtOMEpOWTFweVF6Qk9WV2hUU2xSRlZUTlJRbWd2ZWtsYWIwaHFXR0ptSzJwUGJWUkxPR3BUTW1OUFZVWTJablIzQ21OR05EY3phVkl4UVdaUlpHdG1hRE5vUjA1NldHRktjVE13YTBsVmNIcG5iR2R1WVVsTVZtcEJkekEzY3pOYVdsRXhNVFZ3Ym1WWk9VMTFZMUpXZDFBS1NsTnFlbVZoY0ZZM1ZrSnpRVTV4YUZFM2NVRTVPV3BFT1ZwdVVtOVFWVUZtZFZFellYbFVOR2xMTlhKTldFaG5OMUl5Wm01NFpUaEJURGswUm1KVmJncDRSRmczZG5SNGRUTlhXVkZqYW5vMGNGSmFkMFoyVlVOQmQwVkJRV0ZPVjAxR1VYZEVaMWxFVmxJd1VFRlJTQzlDUVZGRVFXZFhaMDFDVFVkQk1WVmtDa3BSVVUxTlFXOUhRME56UjBGUlZVWkNkMDFEVFVGM1IwRXhWV1JGZDBWQ0wzZFJRMDFCUVhkSWQxbEVWbEl3YWtKQ1ozZEdiMEZWWkZOc1dDOVpVWElLVWpCcE5VOXpVa0pyY201d1pGQXhVVkZQYzNkRVVWbEtTMjlhU1doMlkwNUJVVVZNUWxGQlJHZG5TVUpCUkhZMlNHZG5jbXRMU0dwUGVFdElZWFoyTmdwamNXeDBhREZFYjBnMk1GTTNOVE4zYnpFMVpHRXdjelpEZFhJNE1VcFVZV3gzVHpSaVVVVlJhekprUlV0bVZrSmhiemRMYjI5WE1GRnRPSFJYZW1FMkNsRktaSGszYW1OWVpXVm9SRGxCWkhwalZrMU5aRXRtWTNGcU9Ya3ZZbTV4VFRaeE5YZE1VVzF4ZEVkd2JtNXNiaXRLUWtsdlVsZFNWazV4VFhaSlkwOEtRV1ZZV0dGQlRVNHJWbWhWV2xWVGFtZEdja0ZLTWpOVWNHSnhjblIyVEV4TE1YbHpkR2RGTDNSMVJIQklPR3RSVlVsaVUySk5WR0ZITkVsM1lWWnVhZ3BxYVZad2JXMXpaVEI0SzNkRWJUaGthbnA0U1hWQlF6bGhXa2ROVG1wWU5qZEVUVlZtZVVOaU0zbGhRVTl3U3pOb2JVUk5aMGR1TWt0cFpsWkZhRVJQQ2pWSFVGVjNWbU5OUVdkMFMyTXZUMWRSZVRNdmEwUTJhbFp0VDNoQ1YwZE9kVVpyWlRad0t6Sm1OakJtUVV4elMwZFlaVzlxU1hGSFN6UllVbWhHWWxVS1pUVmtibEkzY1cxSU1YZDNkRVZTTHpWcE4wbDRlRzFpZERGMWVtTTVjMU5tUmtGdWIzVjZSblZDUnk4eFdVTkNTekptVTNZNFl5dEhUa3RZVDJOWU13bzJlR1JDVTJkcWNrZzNTME01ZEhSc2RFSlpRV1ZSVWxwaU1YTmFiM0ZSV2pJclEwTk1SVE55T0RoR05FcFZXa293ZFZsUWRUTnFlWHBCT1dsRWJsazFDbWhvYVc5clRFRkhOM0k1Tld0TVVHRjJSRkZqV0hGeGRUVldkbmN4VXpJeGNHdGFLMDFQVUV0cFJESlBOSFZSU0RBeVZrcDFOekJHSzNjME1ubFlSMDBLVm5wb1MwWlZWSE40T1hGT0swOHlZMDVFU1d0eVJVSnhRbGxOWVhvNWIxRk5XSFJ4YURrM1JHOW5RV2h3ZUZSUFJtWXZRMjExTTFVemFFRk9WVlJEZEFwWFdWb3hUMGcyYm5Gdk5GbENTWEl3ZDFRMlREZEdSM2RVUTBFdk9WaDBZMWhRWkVWalNsZzJWMVl4YmtGTlVFMW9lWEpFTVZsM1EzRXpRU3N5UWxWRENubFplbFJvWjJ4MVlVMVRiSEJ3WjNGQ1RDOTVTazh3VXdvdExTMHRMVVZPUkNCRFJWSlVTVVpKUTBGVVJTMHRMUzB0Q2c9PQogICAgY2xpZW50LWtleS1kYXRhOiBMUzB0TFMxQ1JVZEpUaUJTVTBFZ1VGSkpWa0ZVUlNCTFJWa3RMUzB0TFFwTlNVbEtTMUZKUWtGQlMwTkJaMFZCZUV4UlNVNXBhMk5TWlZOT2MwaGhOWE55UjFkUVR6QjVjMHhCWm5kUE5XaEhPVXRUUkdwUk1HNHdSbk5NTVdOdENuTlJMMEZxYW5GeE5qbENRV0p2VlVoMVVtSTNkR3h5UlVJdlMyUllSRmwzWTFWcWQzbHRkVTlwVlVKUVVVaENaRE0zVFd4UGMyUnlSM1ZIUjNOVFNERUtNVXBZVkdwcVJEZDJORGxuU25OV2FtbHBhVTU0WlVSek1VWTJWR1ZTVUhoTmEycGhTR3hJTUcxTFRVVTRTWGRDZVVOaVNHVjRjMGhMUW1SaUsxaHdVZ3B0VW5sMVYzVndXV0Z1Um5OcllVeHRjVVE1YlVGWmRGVXhiM0ZyV0VOT2FVTnNkRk5QY0ZwMk5IZzRjSHBKWVU0NWEzWnBkREU1ZGl0TFJGZHRWMGhxQ25KWlNuaHVaRXhXWVZCNldHWk5lbEpUVFVvNGJFVk1aa1pTVDB4WU5GRlZURk5VVlZjeU4wMXRiMjVQV0c4d1ZXbHZMelpuVWpZd2FUVnhVbXRwVjFnS2FEUkJNMlExYmxGRlFqUmpiREptUWtWVFRGSnJSMEk1SzB4dE1YbGpUbXBxWm5Oak5YSjBTVnBTUkdvcmNtUlFSV2RGUzJsUWFuZE9kbTFIZVRWaU13cE1iR1pJVGxGNk5rRnBaMjR6Unk4MVNsSlhlV2xCZGtNeGR6WlhWMjEzVldOS1NqVjFhamxFYVc0NU5VNUJLMkkxVUZKU2FXNW1iVzlWUVZONmVGVm5DbWhTTW14NllsUjFXV3BsYm5sRmNsTllaaTh3Ym5kTmVreFdaRkpFZWxWalIzVnZOa3gzVUZBeFYxaHVVMnhCY214MEsyUTNRazFqV25KRE1FNVZhRk1LU2xSRlZUTlJRbWd2ZWtsYWIwaHFXR0ptSzJwUGJWUkxPR3BUTW1OUFZVWTJablIzWTBZME56TnBVakZCWmxGa2EyWm9NMmhIVG5wWVlVcHhNekJyU1FwVmNIcG5iR2R1WVVsTVZtcEJkekEzY3pOYVdsRXhNVFZ3Ym1WWk9VMTFZMUpXZDFCS1UycDZaV0Z3VmpkV1FuTkJUbkZvVVRkeFFUazVha1E1V201U0NtOVFWVUZtZFZFellYbFVOR2xMTlhKTldFaG5OMUl5Wm01NFpUaEJURGswUm1KVmJuaEVXRGQyZEhoMU0xZFpVV05xZWpSd1VscDNSblpWUTBGM1JVRUtRVkZMUTBGblJVRjJURXhSY0dSU2RWVlJXbVZtYjJsSGQwVjJiMmx0TkhGRlMwbEZPVVJ2TmxscmVIY3pUSFJ6VGpsTE1VTXZNRnBIZDJFelprUnVMd3AxWkZNdk1uTlpNMnRJU0dnMmVDOU1jWEYzZFVaVldFOHhkalZaVFVoa1dqazBWVUZCYUhSS2EzTXplWGw0TlM5UGRuaGlSVUpaTmtaRlVHVXZVM013Q21SeFNDdGFXRTAyWlVaR1RFbERZMVZUZFRadWJuRkdielIzY0UxYVNWaFBiRnBpWkhGRU1VaG5Sa1JxVlUwcmRUTXJSRFF4U3pGd1JtVTRWSFpDWmxBS01XUXdWbVlyYVRoVFZ6YzBWbXRpY0dwb04xZGhZVloyTm1WMVRsTk1UVVZvZFdSblZ6bHdRVEpoVVZkNlJEYzNNVnBJUjBSTlMwSm1abEZFVG5CdlNncE1TSGhTTlVkRkx6ZEJURmhNUVhWNWIyazVjbkJ4WlRSRE1EWnVaMVZqWW1STGVqWnJiVE5aTlUxM1YxUnJUemhuTm1jeVQyWk9hVWRDVlVOSlVGRnVDbE41TnpNd2NUaDJORlphTjI0emRGSnVXV1poVVhOSU1FRlZTME5vTkROTmJTOVBOVGx6TUZkNk0yRnRkV3hCZFdaSFNqVTRLME5qZUdST2JXeHZObW9LYjI5WU1XWkxZM2hPU1RSd1NHTnJjMmhKWTFsMGNIRkdNblkwYzFkT2RFdFBNVWN4YWsxb2JWQmhkalpzZDBoaVZHdzNjbFpNTlRKMGRWY3ZhRkZRY0FveWJtWjJhR0lyVkdOTGFrWjJZVU5VUmtscFdGSjRVVFZTUVdKMEsyUlBOMnR5UTBZMFFVWjFRU3N5Y0VoU2JFTlRhbGRyVTFwNVEzVjFSRFZPWVZGRkNsWk1hWFo0VjBveE5FRXhlREJrZDNCTk4wTmtRVE5CTkZKa2FqRXhZbXQwWVZOQmNXSnNVekZVT0dsdk56ZzNNMnRHVTJnek5tMWpaME0zZWsxUE1Yb0tZbVJUU0ZScFUyTkVZbkIxYkdKWFkyRnNWbGhwU1hWMVIxSnFlamx2TVd0cGEwaDZUMjlsYjBsS2RHTlVaSEJqVFhNNWJGWnFlVWRWTmpkV1NrbFpjUXBXWVhKeWVHZ3pXRGRsWVVFemNIcEdjV3B1WkdwTFowUmtTbHBvU3pGblVrWjFWMVU1Unk5bVFtcHpWbkpMVEZoaE1HdERaMmRGUWtGTk5HWkJLMFI0Q21SSFNGQnhRamhhV2k4clJYQktjbVZZWkZGUFJYVnFTbGRtUjNkcFFraHZXVE14Y2xGcVVGTlZMMjh6TkN0TFJXUkdhM3AzWlhwc2VVWTBURlpZTjBvS1JWTkZSRTFFYTFGS2FuSTJORTlTUjNsbWVsQm5jblpyVmpZMVRrMXVUMGRVTUhGaWJWUXlPSEZpTnpKMVMxRjVTa1ExYjBGeE5XRm1jRmg1YzA1UllncHhlbXhGVjNWUWJGSlFkemsyWnpObGNWaEtNWFV5WldKS2VYVlpValYyYTBGelRHeFpUbU5MY0hSek9WQm1WRzEyVmpkcFFtdHFOVEpLTTA5UGNGTnhDa1pQU25SYUwxSlBOMVZ6ZGs5dmRpczRUMVl4TjJGVmQyNU5ZMFJFUjFwNFRHNHhUbEZTZVUwdlJGWTNUamhQU0RCNmVETmxXRzlWVFZsVmNtMHdiRmNLVHpCbGFsbFBRVEUyUTFNM1ZXbzVjRWt6ZVhnNGMxbGxUMk0zT1VWWmNVOUlaRlo0ZERSRmJ5dFNiRFZhWm5aSGRtRmphV28xWlZSSFkxbHJMemRYVFFwUlpHbHZZVlk0VUcxNlRsQXdSM05EWjJkRlFrRlFVazVzYjB4MU1EQm1SVEZFYm5wbFIxUnZTbEl6ZFVGblNYcHJibkZRT0VocFRXaFNNa0pDZDJWSENtRXhMM3BtVUZKS0wzZHZTMUpQZEdWNWJUZHlXVE0zU0N0YWIyeFpORTE0UzIxS1IyWkZNRkp0YkVaeFRYSlhUUzg0U0RJclNWRm9VMWN5VjA1UU4yNEtPV00zVDNGRlNIZzBkMXBwVG1obFdWTkdhVFpMZFhaTVRIZ3JZalppYWxSbVVEQkVSRkk0VVdOWGIwcHJSWFZDVDB4cVQwRjVVM2cxZEZVelVuWkJUZ280VW10TmVuRjBaelZqWmxKWlVFUm9lVEE1UW5oUVdUZzBXREJvUVZBMFNIcHFjRXh3T0hoUWVFOHliRVY2Um1SWWRuWnpkV2hKYUdSaFFqTnlZM2hVQ2sxVE5tdHBlbWxvYTJGNEsxcGFTVEpIVlhOWFprOVlWM1JWVW1WRFp6WlRVRlpsT0ZCeWVYVXdTMmR4TnpsRFVqUlZSMkZaZVV4c01tTnZXbW80V0cwS2VtSjZNa3gyYURKUE1VOUZSV05qZFZKemNFWlZSbHBOVmt4bVRqbElVbkZWU1VobGJsbzRaMFJvT0VOblowVkNRVXN5WkhwclUxRXpVR3AxVlhGM2RncFhSSGRRTTBJMVpXOTVXRlV6VUZOaVpGWnNkekp2ZUVzNVJrcFhTVU5PUzFSR1dEZzRZMU5CTUZGbE5UUjFWRW92SzFoSVNXcEtlVFZwZVhGYVRtOU1DakJyWm01MlluQkxUR2xVTWtoVFduRm9ZbWhhWVdRclNrTkJlazR4TVhZM1NpOWxhMFpaTm05a1dVeHFWbE0zVEVwemFtazNWRTFqVVhwTmRtTnRaRE1LV0VrMGFrVktlWGxMYjFGM2VYSlFVVXRyVVRoT2ExVkhNelZUVDFwUE1UbEhWMHRrZVZOM1dteDJWSFUyVjBKaGIzRjZOVmx5Y1V0TlMwVjNhV3hzY3dwcFl5OUZZbXR2ZUdGWVR6bDVNMmhUTlVKME1Wa3JTamt2ZVhsdUx5dHZkV3AwYmpGbFpHdEhPVlpTTDFKcFJXZEdWRFJaY0hWdk1EWnBXRVJhWm5jeENrczVObFZ6WjJsaVdreHlTbTlNV210RE1HeG5VRWxCTm1sTlMyRXdTR3BKY2tac1lYVm9OVVJJYzJoRVFXcFJiMUZhVGpJMGNsSnRLMkZsYlRReWNXY0tNa3BrTVRaU1ZVTm5aMFZCU2pNcmVqWm5PVGRGV1hRNVZreEdUWE5sVUcxMlIxRlROWGhCTTJseFJtcEhPWEE0VjNwNlZsTm9OSFJzYVVocUwyZDBTUXAwVUV4alIyTkpSbk5PUmxkRlRsWTRVV0pRZURGMlFrbEVaMDltWWxWYUwxVk9TaXQ1UjA4emNHdERjMEphUkhOTmF5dHhNbVIyWmtoclZFUmFORmxaQ2xWd2RtMWhkMGwzUlVWb2NGVkNOVlo2UTB0R1RUSkVaVkZJYjFJd1VXWjZhbXhXYkdkM0szUm5RazkxTlcxMmRFTnRVVnByUVRWNFFVd3ZWbGRzWjJNS1ZIRmFTSEZwY1ZodFNWUnNkRE52TkdGMVlTOUtiRTVWZDBwQmFUTlRSelJyVlU5NlUzSlFlQ3MwUmxkNFJDdHpjVkJyZDI1SGVVYzRlV1ZtWVhSVFZRcHVVRTFEYzFKVlYwZGtTRlU1T0ZGNlNXODJhSGxoUmxSVllrRmFOVW92VUVaTFJqaHFTbWhLWkhwWWFTdFhNVFJRVUdwT1EyYzBOMFJYV1hkVFprOTZDblU1YTB0c2N6Sm5ia2QxUVdoaVRuQnllRFJhWmtGclJWbDZjaXNyVVRsU2RWRkxRMEZSUW5NM1JWSlFhamgwZWtRcmNsSTBiVTExTWxKWGFXZFlORU1LTWxSVVdEZ3piVmt4UjNkd1JXSXJNVXBWYUhGSmVscElLMnhRU1V4alRUSTFORVZNWTNCbU9GTXpUa3REYjNoTlZWaHZTelpQVlZaR2NEaDRSV1pYTHdwclJFOVNTbGRpWjFaM2NVa3piRWMwUTBzM2JDdEpWa2hSVEdaVFpWaHpja3BWUTJSck9FYzFkRGMxVjJSbFMxcHJTVzVQVFdWQ1VHNXRlRXBKZEVoU0NsRlJTMmRpZGs1TlJVUm9kVUpqVVhkd05rVTVNWFZCWkRONmJVNXViR3BpUm1vdldqTmllV0l6VDNBM2NEZDZkRlp6ZFdSbFJUWXhjRUUyWWxSU1EyY0tTRzFyYkRZNFdFMW9jbU5YTDFVek1XRmtaMlZ4WVcxU1Uzb3JiV2g0UmtWQmNFdHFNR2cyU0dwbGJXcFhiR1pXYVZsdVQwOHZSMFZFUjNCdlRubENSQXBKSzJoeFVWcHFaMk4xYlRkM1lYaEJVR2hJYmxKQ2NHRnJVRzlXTDJSSGNqSmFVMUZDYVdGTGJIZHlSMEl2U1hSYWQxZDNhRU52ZEVrNWNuUUtMUzB0TFMxRlRrUWdVbE5CSUZCU1NWWkJWRVVnUzBWWkxTMHRMUzBLCiAgICB0b2tlbjogMTBjYzU1YzRmMDYxNGRmZWFiMTA0ZmQ4YTBlYTkyZTc1Y2YwZjkzZmUwZmRlODEzZDk0OWIzODg1NjU2NjhiZThiOThhODEzMzRlMmY0NDY3OTE4MDJiOTU3NjZiMTFkOGI0MmNhZGE0Yzk3YmVlOGU0N2IyOGY5YTg4NjFjYzEK\"\n
        \  }\n  ]\n }"
    headers:
      cache-control:
      - no-cache
      content-length:
      - '13072'
      content-type:
      - application/json
      date:
      - Tue, 30 Aug 2022 03:42:31 GMT
      expires:
      - '-1'
      pragma:
      - no-cache
      server:
      - nginx
      strict-transport-security:
      - max-age=31536000; includeSubDomains
      transfer-encoding:
      - chunked
      vary:
      - Accept-Encoding
      x-content-type-options:
      - nosniff
      x-ms-ratelimit-remaining-subscription-writes:
      - '1199'
    status:
      code: 200
      message: OK
- request:
    body: null
    headers:
      Accept:
      - application/json
      Accept-Encoding:
      - gzip, deflate
      CommandName:
      - aks get-credentials
      Connection:
      - keep-alive
      Content-Length:
      - '0'
      ParameterSetName:
      - -g -n -f
      User-Agent:
      - AZURECLI/2.39.0 azsdk-python-azure-mgmt-containerservice/20.3.0 Python/3.8.10
        (Linux-5.15.0-1017-azure-x86_64-with-glibc2.29)
    method: POST
    uri: https://management.azure.com/subscriptions/00000000-0000-0000-0000-000000000000/resourceGroups/clitest000001/providers/Microsoft.ContainerService/managedClusters/cliakstest000001/listClusterUserCredential?api-version=2022-07-01
  response:
    body:
      string: "{\n  \"kubeconfigs\": [\n   {\n    \"name\": \"clusterUser\",\n    \"value\":
        \"YXBpVmVyc2lvbjogdjEKY2x1c3RlcnM6Ci0gY2x1c3RlcjoKICAgIGNlcnRpZmljYXRlLWF1dGhvcml0eS1kYXRhOiBMUzB0TFMxQ1JVZEpUaUJEUlZKVVNVWkpRMEZVUlMwdExTMHRDazFKU1VVMlJFTkRRWFJEWjBGM1NVSkJaMGxSUmtsT2IzTTJPRGRGWlM5WE5VOXJSMHBxVWpCU1JFRk9RbWRyY1docmFVYzVkekJDUVZGelJrRkVRVTRLVFZGemQwTlJXVVJXVVZGRVJYZEthbGxVUVdkR2R6QjVUV3BCTkUxNlFYZE5la2sxVFdwR1lVZEJPSGxOUkZWNVRVUm5lazFFUVhwTmVtdDVUVlp2ZHdwRVZFVk1UVUZyUjBFeFZVVkJlRTFEV1RKRmQyZG5TV2xOUVRCSFExTnhSMU5KWWpORVVVVkNRVkZWUVVFMFNVTkVkMEYzWjJkSlMwRnZTVU5CVVVOdkNsbHNRMmhsWlhGbmVtRlNMMmt2Tmk5WVJFOHdkWGhWZFc1TlIwdFRRV0ZpZVdWcFYwNW9lbk56YkRoMFJVTkJNSFE1TWxvdk1UbFRlalpEZWtSdVVUZ0tZbmh0U2tsSlIxaHplVTlYZVZoUWF6aHNaR3QySzJwWk1VVnRWR3hPYlhwVVpFOWFTbE00Ymt0U1pXWlpVWFV6UWtsM01YVkdkRlZvZVVGQlNIUTRlQW8zWWpCc05HZHFUR05uYUZrMloyb3ZWMnRwU3pSR2IwbHhiMWRFUW1Sak1FWldlVkJ2ZGpsVWR6aHZTVVpOTTBsamNIVjVjbVZuWjBaMlNHTmpjbTkwQ21OcGRtTnJjRmhrZERsaVpWbDNNVGt5YkVoTFUxUmFhV1o1YXk5dk5EbFZOemxNTUhwVlVFTmlRVUl3ZFVoTVNsWlpZMEoyU2pkRVF6aFNUbXhqTW5nS2RteEhjbkJ1VUd0NU5GcDBXRlJ0UW1KamN6VnlaRWhUWWxOQ2RUSlBPRVZEVjB3clJtaENSMnRPZUZscU5HSjBMekJpUlZGbGNraHZaRkF5VUdWNlRRcEtPV1ZIYUhVM05WVnZkRlowVkUxMVVFd3ZkSGt6ZW1aMU56QkNWRzgxUnpoeGJsTTNVM2RrTTBsaFl6QndSV1kyYldwUVMxQlFPVWxFUzFZMFZVUkRDbWhuYnpSVFZrc3diRWczTnpCWmNrbDRVV1l3YkdOR1RUSk1aVEpwWjJwYWJESnFNVXRaZDBVMlRFdFNOVUZOYjJWRVdFZzNWek14T0RsQ05WRkZMM0lLTkRFMVNVd3ZNR05yZUZWSlJFTjRXazQxTUZGelEwMDVkelJwT0RsM1ZteFZWbFJDZVhwV2F6QnVNVXBNV1hSYU5XeFpXUzk2ZFRsVmRDOWhSV1o1VFFwNlowVldZWGxNTTJOQ1lqQkNWR0l3U2pGbWFHNTJLMWxCYWxWdmVGUTNPV1p5U1VjeFpEbDNWVTFQWVRoUFdIRXljM0Y2ZFhObVJWQmtNWGw2U0V4R0NqaFpjRUZzVFZObE1FNU1hbXN3V0M5TWVXeG5hM0pSUzNORFIzbzJTR05RYms1SmQyUnZWaTh4ZUd0RWEyRTBla0UyTjJWWVdWQkVWMnN2UjFaVVZXY0tORlZzYWxaWk1IVlZTMmx2T0ZSc1kybDRSelpxUWtkQ1QxWlVZblFyTmtjeVVWbzFZVkUxU0d0UlNVUkJVVUZDYnpCSmQxRkVRVTlDWjA1V1NGRTRRZ3BCWmpoRlFrRk5RMEZ4VVhkRWQxbEVWbEl3VkVGUlNDOUNRVlYzUVhkRlFpOTZRV1JDWjA1V1NGRTBSVVpuVVZWa1UyeFlMMWxSY2xJd2FUVlBjMUpDQ210eWJuQmtVREZSVVU5emQwUlJXVXBMYjFwSmFIWmpUa0ZSUlV4Q1VVRkVaMmRKUWtGSGJIQmlia0ZZTDBvNFIzUnBXRGhvVTNkSmRESmthMUoxTXk4S1RrTXdSek0wUldKa01VczNXamhJWTJVck5scHpXVFZ3YlZOT1FVUlNPVGRxTUVGQ1FXcFZORmh5Y0RoSVZHZEhRbll3YVU1UVkyUTRPV3hKWkdGUE5nb3hkbmhWVmpWNFJqbHFVV2N2Wnk4NGEyTldORUpYV1hWWVQxQm1SRmh3YjA4clkyOTNjV0UxTTBWa1JUTjNRbkpYV0RSTU9EaHdRM1pUYWxsSVZWbzRDbVUyUjI5d2JIcFVaak12VVV4cFUwZHBORWRSUzJWRk9IQlZZV2RMVkZOeWVHZFVUMnM0WlM5dlVISlZTWHBCU1d4SllXUkpLMFIxUWtVMVprZFlUR29LVUdFeU9YUTFTR05DV21kak1raGpXa0YxTVVFdmEySlJiMmRCTVZZMGRTdE9TbmhMUVV4aGIwbE9lR3MzTDJwdVJGaHVNazVaUlZCME1XdDZla0p3T0FwNWVsWm1TaXRGZW05UFNVZFdWMmhxTDBGdWQyNWxXbU5oZURWdk1FNHhaVzkxYzNGR00yZG5NbnBDYnpFMmFsQnRNblZJV0doT2JXWTVSV1pCWVRGUENteFpPRGRvTVZReWVtUndUM001WjAxa1lXRm1XVlJPT0dVME5uQlJjRnBzV0ZFd2MyRklZa2h3YnpkMGRIWldhaXRUTVVKNFNUUlFjSE1yT1RkcmFHRUtjbmg2UTFwVlYyRlhRVTlLTlVWVlpuWnhVV3d2Y0VGc2MxRjRZMEZXVkZJdllWbDBjMVl2Ym5sR1JteFVla3d6VWpKeGJHcHVOVGRpVDJnMk5WRk9XQXBTWlRVNGFqWXZTV1ZuYjBoNk1VSlpNVlpRUjBSUk9YaEtkbkJYVWpCaFUybGxTMWhXYkZOeWN6Wm9OaTlxTDFsc2NrSTRkSG95Y25sV2FUaHJXSFYwQ21KNmRtcEdNekJ1VUdWSUt6ZzRSM2xxYjNwQmRYRkJlRFEyYkd0aWEyVXhibVZGY1c1aGNWZDFWWEJCUmxaeFlVTkJUSFI1VVRZMWVrdDVRV3RuTHpJS2JYSm9NbEJTZWtoa1NraE5TVVp3ZVhJeGFXMHhNMHRGU0VsVU5EWjVOVmxMYTBobWNscEJVbGxpVkdwR2VWcG1NRVpzZWxwR1MybENNblprWTNCTmJBcFdkMUJ5ZERKTE1WcHpjU3RrT0UxRENpMHRMUzB0UlU1RUlFTkZVbFJKUmtsRFFWUkZMUzB0TFMwSwogICAgc2VydmVyOiBodHRwczovL2NsaWFrc2Ruc2VwMzZzeW0tYTg3Y2FlZTQuaGNwLndlc3R1czIuYXptazhzLmlvOjQ0MwogIG5hbWU6IGNsaWFrc3Rlc3R0NDV6ZTcKY29udGV4dHM6Ci0gY29udGV4dDoKICAgIGNsdXN0ZXI6IGNsaWFrc3Rlc3R0NDV6ZTcKICAgIHVzZXI6IGNsdXN0ZXJVc2VyX2NsaXRlc3RtMmRjbGx1eHVyX2NsaWFrc3Rlc3R0NDV6ZTcKICBuYW1lOiBjbGlha3N0ZXN0dDQ1emU3CmN1cnJlbnQtY29udGV4dDogY2xpYWtzdGVzdHQ0NXplNwpraW5kOiBDb25maWcKcHJlZmVyZW5jZXM6IHt9CnVzZXJzOgotIG5hbWU6IGNsdXN0ZXJVc2VyX2NsaXRlc3RtMmRjbGx1eHVyX2NsaWFrc3Rlc3R0NDV6ZTcKICB1c2VyOgogICAgY2xpZW50LWNlcnRpZmljYXRlLWRhdGE6IExTMHRMUzFDUlVkSlRpQkRSVkpVU1VaSlEwRlVSUzB0TFMwdENrMUpTVVpJYWtORFFYZGhaMEYzU1VKQlowbFNRVTQ1V0U1MFJTdDJLMlJYZGxjeFdGa3ZiMlZxU2tGM1JGRlpTa3R2V2tsb2RtTk9RVkZGVEVKUlFYY0tSRlJGVEUxQmEwZEJNVlZGUVhoTlExa3lSWGRJYUdOT1RXcEpkMDlFVFhkTlJFMTVUMVJKZUZkb1kwNU5hbEYzVDBSTmQwMUVUWHBQVkVsNFYycEJkd3BOVW1OM1JsRlpSRlpSVVV0RmR6VjZaVmhPTUZwWE1EWmlWMFo2WkVkV2VXTjZSVlpOUWsxSFFURlZSVUY0VFUxaVYwWjZaRWRXZVZreWVIQmFWelV3Q2sxSlNVTkpha0ZPUW1kcmNXaHJhVWM1ZHpCQ1FWRkZSa0ZCVDBOQlp6aEJUVWxKUTBOblMwTkJaMFZCZUV4UlNVNXBhMk5TWlZOT2MwaGhOWE55UjFjS1VFOHdlWE5NUVdaM1R6Vm9SemxMVTBScVVUQnVNRVp6VERGamJYTlJMMEZxYW5GeE5qbENRV0p2VlVoMVVtSTNkR3h5UlVJdlMyUllSRmwzWTFWcWR3cDViWFZQYVZWQ1VGRklRbVF6TjAxc1QzTmtja2QxUjBkelUwZ3hNVXBZVkdwcVJEZDJORGxuU25OV2FtbHBhVTU0WlVSek1VWTJWR1ZTVUhoTmEycGhDa2hzU0RCdFMwMUZPRWwzUW5sRFlraGxlSE5JUzBKa1lpdFljRkp0VW5sMVYzVndXV0Z1Um5OcllVeHRjVVE1YlVGWmRGVXhiM0ZyV0VOT2FVTnNkRk1LVDNCYWRqUjRPSEI2U1dGT09XdDJhWFF4T1hZclMwUlhiVmRJYW5KWlNuaHVaRXhXWVZCNldHWk5lbEpUVFVvNGJFVk1aa1pTVDB4WU5GRlZURk5VVlFwWE1qZE5iVzl1VDFodk1GVnBieTgyWjFJMk1HazFjVkpyYVZkWWFEUkJNMlExYmxGRlFqUmpiREptUWtWVFRGSnJSMEk1SzB4dE1YbGpUbXBxWm5OakNqVnlkRWxhVWtScUszSmtVRVZuUlV0cFVHcDNUblp0UjNrMVlqTk1iR1pJVGxGNk5rRnBaMjR6Unk4MVNsSlhlV2xCZGtNeGR6WlhWMjEzVldOS1NqVUtkV281UkdsdU9UVk9RU3RpTlZCU1VtbHVabTF2VlVGVGVuaFZaMmhTTW14NllsUjFXV3BsYm5sRmNsTllaaTh3Ym5kTmVreFdaRkpFZWxWalIzVnZOZ3BNZDFCUU1WZFlibE5zUVhKc2RDdGtOMEpOWTFweVF6Qk9WV2hUU2xSRlZUTlJRbWd2ZWtsYWIwaHFXR0ptSzJwUGJWUkxPR3BUTW1OUFZVWTJablIzQ21OR05EY3phVkl4UVdaUlpHdG1hRE5vUjA1NldHRktjVE13YTBsVmNIcG5iR2R1WVVsTVZtcEJkekEzY3pOYVdsRXhNVFZ3Ym1WWk9VMTFZMUpXZDFBS1NsTnFlbVZoY0ZZM1ZrSnpRVTV4YUZFM2NVRTVPV3BFT1ZwdVVtOVFWVUZtZFZFellYbFVOR2xMTlhKTldFaG5OMUl5Wm01NFpUaEJURGswUm1KVmJncDRSRmczZG5SNGRUTlhXVkZqYW5vMGNGSmFkMFoyVlVOQmQwVkJRV0ZPVjAxR1VYZEVaMWxFVmxJd1VFRlJTQzlDUVZGRVFXZFhaMDFDVFVkQk1WVmtDa3BSVVUxTlFXOUhRME56UjBGUlZVWkNkMDFEVFVGM1IwRXhWV1JGZDBWQ0wzZFJRMDFCUVhkSWQxbEVWbEl3YWtKQ1ozZEdiMEZWWkZOc1dDOVpVWElLVWpCcE5VOXpVa0pyY201d1pGQXhVVkZQYzNkRVVWbEtTMjlhU1doMlkwNUJVVVZNUWxGQlJHZG5TVUpCUkhZMlNHZG5jbXRMU0dwUGVFdElZWFoyTmdwamNXeDBhREZFYjBnMk1GTTNOVE4zYnpFMVpHRXdjelpEZFhJNE1VcFVZV3gzVHpSaVVVVlJhekprUlV0bVZrSmhiemRMYjI5WE1GRnRPSFJYZW1FMkNsRktaSGszYW1OWVpXVm9SRGxCWkhwalZrMU5aRXRtWTNGcU9Ya3ZZbTV4VFRaeE5YZE1VVzF4ZEVkd2JtNXNiaXRLUWtsdlVsZFNWazV4VFhaSlkwOEtRV1ZZV0dGQlRVNHJWbWhWV2xWVGFtZEdja0ZLTWpOVWNHSnhjblIyVEV4TE1YbHpkR2RGTDNSMVJIQklPR3RSVlVsaVUySk5WR0ZITkVsM1lWWnVhZ3BxYVZad2JXMXpaVEI0SzNkRWJUaGthbnA0U1hWQlF6bGhXa2ROVG1wWU5qZEVUVlZtZVVOaU0zbGhRVTl3U3pOb2JVUk5aMGR1TWt0cFpsWkZhRVJQQ2pWSFVGVjNWbU5OUVdkMFMyTXZUMWRSZVRNdmEwUTJhbFp0VDNoQ1YwZE9kVVpyWlRad0t6Sm1OakJtUVV4elMwZFlaVzlxU1hGSFN6UllVbWhHWWxVS1pUVmtibEkzY1cxSU1YZDNkRVZTTHpWcE4wbDRlRzFpZERGMWVtTTVjMU5tUmtGdWIzVjZSblZDUnk4eFdVTkNTekptVTNZNFl5dEhUa3RZVDJOWU13bzJlR1JDVTJkcWNrZzNTME01ZEhSc2RFSlpRV1ZSVWxwaU1YTmFiM0ZSV2pJclEwTk1SVE55T0RoR05FcFZXa293ZFZsUWRUTnFlWHBCT1dsRWJsazFDbWhvYVc5clRFRkhOM0k1Tld0TVVHRjJSRkZqV0hGeGRUVldkbmN4VXpJeGNHdGFLMDFQVUV0cFJESlBOSFZSU0RBeVZrcDFOekJHSzNjME1ubFlSMDBLVm5wb1MwWlZWSE40T1hGT0swOHlZMDVFU1d0eVJVSnhRbGxOWVhvNWIxRk5XSFJ4YURrM1JHOW5RV2h3ZUZSUFJtWXZRMjExTTFVemFFRk9WVlJEZEFwWFdWb3hUMGcyYm5Gdk5GbENTWEl3ZDFRMlREZEdSM2RVUTBFdk9WaDBZMWhRWkVWalNsZzJWMVl4YmtGTlVFMW9lWEpFTVZsM1EzRXpRU3N5UWxWRENubFplbFJvWjJ4MVlVMVRiSEJ3WjNGQ1RDOTVTazh3VXdvdExTMHRMVVZPUkNCRFJWSlVTVVpKUTBGVVJTMHRMUzB0Q2c9PQogICAgY2xpZW50LWtleS1kYXRhOiBMUzB0TFMxQ1JVZEpUaUJTVTBFZ1VGSkpWa0ZVUlNCTFJWa3RMUzB0TFFwTlNVbEtTMUZKUWtGQlMwTkJaMFZCZUV4UlNVNXBhMk5TWlZOT2MwaGhOWE55UjFkUVR6QjVjMHhCWm5kUE5XaEhPVXRUUkdwUk1HNHdSbk5NTVdOdENuTlJMMEZxYW5GeE5qbENRV0p2VlVoMVVtSTNkR3h5UlVJdlMyUllSRmwzWTFWcWQzbHRkVTlwVlVKUVVVaENaRE0zVFd4UGMyUnlSM1ZIUjNOVFNERUtNVXBZVkdwcVJEZDJORGxuU25OV2FtbHBhVTU0WlVSek1VWTJWR1ZTVUhoTmEycGhTR3hJTUcxTFRVVTRTWGRDZVVOaVNHVjRjMGhMUW1SaUsxaHdVZ3B0VW5sMVYzVndXV0Z1Um5OcllVeHRjVVE1YlVGWmRGVXhiM0ZyV0VOT2FVTnNkRk5QY0ZwMk5IZzRjSHBKWVU0NWEzWnBkREU1ZGl0TFJGZHRWMGhxQ25KWlNuaHVaRXhXWVZCNldHWk5lbEpUVFVvNGJFVk1aa1pTVDB4WU5GRlZURk5VVlZjeU4wMXRiMjVQV0c4d1ZXbHZMelpuVWpZd2FUVnhVbXRwVjFnS2FEUkJNMlExYmxGRlFqUmpiREptUWtWVFRGSnJSMEk1SzB4dE1YbGpUbXBxWm5Oak5YSjBTVnBTUkdvcmNtUlFSV2RGUzJsUWFuZE9kbTFIZVRWaU13cE1iR1pJVGxGNk5rRnBaMjR6Unk4MVNsSlhlV2xCZGtNeGR6WlhWMjEzVldOS1NqVjFhamxFYVc0NU5VNUJLMkkxVUZKU2FXNW1iVzlWUVZONmVGVm5DbWhTTW14NllsUjFXV3BsYm5sRmNsTllaaTh3Ym5kTmVreFdaRkpFZWxWalIzVnZOa3gzVUZBeFYxaHVVMnhCY214MEsyUTNRazFqV25KRE1FNVZhRk1LU2xSRlZUTlJRbWd2ZWtsYWIwaHFXR0ptSzJwUGJWUkxPR3BUTW1OUFZVWTJablIzWTBZME56TnBVakZCWmxGa2EyWm9NMmhIVG5wWVlVcHhNekJyU1FwVmNIcG5iR2R1WVVsTVZtcEJkekEzY3pOYVdsRXhNVFZ3Ym1WWk9VMTFZMUpXZDFCS1UycDZaV0Z3VmpkV1FuTkJUbkZvVVRkeFFUazVha1E1V201U0NtOVFWVUZtZFZFellYbFVOR2xMTlhKTldFaG5OMUl5Wm01NFpUaEJURGswUm1KVmJuaEVXRGQyZEhoMU0xZFpVV05xZWpSd1VscDNSblpWUTBGM1JVRUtRVkZMUTBGblJVRjJURXhSY0dSU2RWVlJXbVZtYjJsSGQwVjJiMmx0TkhGRlMwbEZPVVJ2TmxscmVIY3pUSFJ6VGpsTE1VTXZNRnBIZDJFelprUnVMd3AxWkZNdk1uTlpNMnRJU0dnMmVDOU1jWEYzZFVaVldFOHhkalZaVFVoa1dqazBWVUZCYUhSS2EzTXplWGw0TlM5UGRuaGlSVUpaTmtaRlVHVXZVM013Q21SeFNDdGFXRTAyWlVaR1RFbERZMVZUZFRadWJuRkdielIzY0UxYVNWaFBiRnBpWkhGRU1VaG5Sa1JxVlUwcmRUTXJSRFF4U3pGd1JtVTRWSFpDWmxBS01XUXdWbVlyYVRoVFZ6YzBWbXRpY0dwb04xZGhZVloyTm1WMVRsTk1UVVZvZFdSblZ6bHdRVEpoVVZkNlJEYzNNVnBJUjBSTlMwSm1abEZFVG5CdlNncE1TSGhTTlVkRkx6ZEJURmhNUVhWNWIyazVjbkJ4WlRSRE1EWnVaMVZqWW1STGVqWnJiVE5aTlUxM1YxUnJUemhuTm1jeVQyWk9hVWRDVlVOSlVGRnVDbE41TnpNd2NUaDJORlphTjI0emRGSnVXV1poVVhOSU1FRlZTME5vTkROTmJTOVBOVGx6TUZkNk0yRnRkV3hCZFdaSFNqVTRLME5qZUdST2JXeHZObW9LYjI5WU1XWkxZM2hPU1RSd1NHTnJjMmhKWTFsMGNIRkdNblkwYzFkT2RFdFBNVWN4YWsxb2JWQmhkalpzZDBoaVZHdzNjbFpNTlRKMGRWY3ZhRkZRY0FveWJtWjJhR0lyVkdOTGFrWjJZVU5VUmtscFdGSjRVVFZTUVdKMEsyUlBOMnR5UTBZMFFVWjFRU3N5Y0VoU2JFTlRhbGRyVTFwNVEzVjFSRFZPWVZGRkNsWk1hWFo0VjBveE5FRXhlREJrZDNCTk4wTmtRVE5CTkZKa2FqRXhZbXQwWVZOQmNXSnNVekZVT0dsdk56ZzNNMnRHVTJnek5tMWpaME0zZWsxUE1Yb0tZbVJUU0ZScFUyTkVZbkIxYkdKWFkyRnNWbGhwU1hWMVIxSnFlamx2TVd0cGEwaDZUMjlsYjBsS2RHTlVaSEJqVFhNNWJGWnFlVWRWTmpkV1NrbFpjUXBXWVhKeWVHZ3pXRGRsWVVFemNIcEdjV3B1WkdwTFowUmtTbHBvU3pGblVrWjFWMVU1Unk5bVFtcHpWbkpMVEZoaE1HdERaMmRGUWtGTk5HWkJLMFI0Q21SSFNGQnhRamhhV2k4clJYQktjbVZZWkZGUFJYVnFTbGRtUjNkcFFraHZXVE14Y2xGcVVGTlZMMjh6TkN0TFJXUkdhM3AzWlhwc2VVWTBURlpZTjBvS1JWTkZSRTFFYTFGS2FuSTJORTlTUjNsbWVsQm5jblpyVmpZMVRrMXVUMGRVTUhGaWJWUXlPSEZpTnpKMVMxRjVTa1ExYjBGeE5XRm1jRmg1YzA1UllncHhlbXhGVjNWUWJGSlFkemsyWnpObGNWaEtNWFV5WldKS2VYVlpValYyYTBGelRHeFpUbU5MY0hSek9WQm1WRzEyVmpkcFFtdHFOVEpLTTA5UGNGTnhDa1pQU25SYUwxSlBOMVZ6ZGs5dmRpczRUMVl4TjJGVmQyNU5ZMFJFUjFwNFRHNHhUbEZTZVUwdlJGWTNUamhQU0RCNmVETmxXRzlWVFZsVmNtMHdiRmNLVHpCbGFsbFBRVEUyUTFNM1ZXbzVjRWt6ZVhnNGMxbGxUMk0zT1VWWmNVOUlaRlo0ZERSRmJ5dFNiRFZhWm5aSGRtRmphV28xWlZSSFkxbHJMemRYVFFwUlpHbHZZVlk0VUcxNlRsQXdSM05EWjJkRlFrRlFVazVzYjB4MU1EQm1SVEZFYm5wbFIxUnZTbEl6ZFVGblNYcHJibkZRT0VocFRXaFNNa0pDZDJWSENtRXhMM3BtVUZKS0wzZHZTMUpQZEdWNWJUZHlXVE0zU0N0YWIyeFpORTE0UzIxS1IyWkZNRkp0YkVaeFRYSlhUUzg0U0RJclNWRm9VMWN5VjA1UU4yNEtPV00zVDNGRlNIZzBkMXBwVG1obFdWTkdhVFpMZFhaTVRIZ3JZalppYWxSbVVEQkVSRkk0VVdOWGIwcHJSWFZDVDB4cVQwRjVVM2cxZEZVelVuWkJUZ280VW10TmVuRjBaelZqWmxKWlVFUm9lVEE1UW5oUVdUZzBXREJvUVZBMFNIcHFjRXh3T0hoUWVFOHliRVY2Um1SWWRuWnpkV2hKYUdSaFFqTnlZM2hVQ2sxVE5tdHBlbWxvYTJGNEsxcGFTVEpIVlhOWFprOVlWM1JWVW1WRFp6WlRVRlpsT0ZCeWVYVXdTMmR4TnpsRFVqUlZSMkZaZVV4c01tTnZXbW80V0cwS2VtSjZNa3gyYURKUE1VOUZSV05qZFZKemNFWlZSbHBOVmt4bVRqbElVbkZWU1VobGJsbzRaMFJvT0VOblowVkNRVXN5WkhwclUxRXpVR3AxVlhGM2RncFhSSGRRTTBJMVpXOTVXRlV6VUZOaVpGWnNkekp2ZUVzNVJrcFhTVU5PUzFSR1dEZzRZMU5CTUZGbE5UUjFWRW92SzFoSVNXcEtlVFZwZVhGYVRtOU1DakJyWm01MlluQkxUR2xVTWtoVFduRm9ZbWhhWVdRclNrTkJlazR4TVhZM1NpOWxhMFpaTm05a1dVeHFWbE0zVEVwemFtazNWRTFqVVhwTmRtTnRaRE1LV0VrMGFrVktlWGxMYjFGM2VYSlFVVXRyVVRoT2ExVkhNelZUVDFwUE1UbEhWMHRrZVZOM1dteDJWSFUyVjBKaGIzRjZOVmx5Y1V0TlMwVjNhV3hzY3dwcFl5OUZZbXR2ZUdGWVR6bDVNMmhUTlVKME1Wa3JTamt2ZVhsdUx5dHZkV3AwYmpGbFpHdEhPVlpTTDFKcFJXZEdWRFJaY0hWdk1EWnBXRVJhWm5jeENrczVObFZ6WjJsaVdreHlTbTlNV210RE1HeG5VRWxCTm1sTlMyRXdTR3BKY2tac1lYVm9OVVJJYzJoRVFXcFJiMUZhVGpJMGNsSnRLMkZsYlRReWNXY0tNa3BrTVRaU1ZVTm5aMFZCU2pNcmVqWm5PVGRGV1hRNVZreEdUWE5sVUcxMlIxRlROWGhCTTJseFJtcEhPWEE0VjNwNlZsTm9OSFJzYVVocUwyZDBTUXAwVUV4alIyTkpSbk5PUmxkRlRsWTRVV0pRZURGMlFrbEVaMDltWWxWYUwxVk9TaXQ1UjA4emNHdERjMEphUkhOTmF5dHhNbVIyWmtoclZFUmFORmxaQ2xWd2RtMWhkMGwzUlVWb2NGVkNOVlo2UTB0R1RUSkVaVkZJYjFJd1VXWjZhbXhXYkdkM0szUm5RazkxTlcxMmRFTnRVVnByUVRWNFFVd3ZWbGRzWjJNS1ZIRmFTSEZwY1ZodFNWUnNkRE52TkdGMVlTOUtiRTVWZDBwQmFUTlRSelJyVlU5NlUzSlFlQ3MwUmxkNFJDdHpjVkJyZDI1SGVVYzRlV1ZtWVhSVFZRcHVVRTFEYzFKVlYwZGtTRlU1T0ZGNlNXODJhSGxoUmxSVllrRmFOVW92VUVaTFJqaHFTbWhLWkhwWWFTdFhNVFJRVUdwT1EyYzBOMFJYV1hkVFprOTZDblU1YTB0c2N6Sm5ia2QxUVdoaVRuQnllRFJhWmtGclJWbDZjaXNyVVRsU2RWRkxRMEZSUW5NM1JWSlFhamgwZWtRcmNsSTBiVTExTWxKWGFXZFlORU1LTWxSVVdEZ3piVmt4UjNkd1JXSXJNVXBWYUhGSmVscElLMnhRU1V4alRUSTFORVZNWTNCbU9GTXpUa3REYjNoTlZWaHZTelpQVlZaR2NEaDRSV1pYTHdwclJFOVNTbGRpWjFaM2NVa3piRWMwUTBzM2JDdEpWa2hSVEdaVFpWaHpja3BWUTJSck9FYzFkRGMxVjJSbFMxcHJTVzVQVFdWQ1VHNXRlRXBKZEVoU0NsRlJTMmRpZGs1TlJVUm9kVUpqVVhkd05rVTVNWFZCWkRONmJVNXViR3BpUm1vdldqTmllV0l6VDNBM2NEZDZkRlp6ZFdSbFJUWXhjRUUyWWxSU1EyY0tTRzFyYkRZNFdFMW9jbU5YTDFVek1XRmtaMlZ4WVcxU1Uzb3JiV2g0UmtWQmNFdHFNR2cyU0dwbGJXcFhiR1pXYVZsdVQwOHZSMFZFUjNCdlRubENSQXBKSzJoeFVWcHFaMk4xYlRkM1lYaEJVR2hJYmxKQ2NHRnJVRzlXTDJSSGNqSmFVMUZDYVdGTGJIZHlSMEl2U1hSYWQxZDNhRU52ZEVrNWNuUUtMUzB0TFMxRlRrUWdVbE5CSUZCU1NWWkJWRVVnUzBWWkxTMHRMUzBLCiAgICB0b2tlbjogMTBjYzU1YzRmMDYxNGRmZWFiMTA0ZmQ4YTBlYTkyZTc1Y2YwZjkzZmUwZmRlODEzZDk0OWIzODg1NjU2NjhiZThiOThhODEzMzRlMmY0NDY3OTE4MDJiOTU3NjZiMTFkOGI0MmNhZGE0Yzk3YmVlOGU0N2IyOGY5YTg4NjFjYzEK\"\n
        \  }\n  ]\n }"
    headers:
      cache-control:
      - no-cache
      content-length:
      - '13072'
      content-type:
      - application/json
      date:
      - Tue, 30 Aug 2022 03:42:31 GMT
      expires:
      - '-1'
      pragma:
      - no-cache
      server:
      - nginx
      strict-transport-security:
      - max-age=31536000; includeSubDomains
      transfer-encoding:
      - chunked
      vary:
      - Accept-Encoding
      x-content-type-options:
      - nosniff
      x-ms-ratelimit-remaining-subscription-writes:
      - '1199'
    status:
      code: 200
      message: OK
- request:
    body: null
    headers:
      Accept:
      - application/json
      Accept-Encoding:
      - gzip, deflate
      CommandName:
      - aks scale
      Connection:
      - keep-alive
      ParameterSetName:
      - -g -n --node-count
      User-Agent:
      - AZURECLI/2.39.0 azsdk-python-azure-mgmt-containerservice/20.3.0 Python/3.8.10
        (Linux-5.15.0-1017-azure-x86_64-with-glibc2.29)
    method: GET
    uri: https://management.azure.com/subscriptions/00000000-0000-0000-0000-000000000000/resourceGroups/clitest000001/providers/Microsoft.ContainerService/managedClusters/cliakstest000001?api-version=2022-07-01
  response:
    body:
      string: "{\n  \"id\": \"/subscriptions/00000000-0000-0000-0000-000000000000/resourcegroups/clitest000001/providers/Microsoft.ContainerService/managedClusters/cliakstest000001\",\n
        \ \"location\": \"westus2\",\n  \"name\": \"cliakstest000001\",\n  \"tags\":
        {\n   \"key1\": \"value1\"\n  },\n  \"type\": \"Microsoft.ContainerService/ManagedClusters\",\n
        \ \"properties\": {\n   \"provisioningState\": \"Succeeded\",\n   \"powerState\":
        {\n    \"code\": \"Running\"\n   },\n   \"kubernetesVersion\": \"1.23.8\",\n
        \  \"currentKubernetesVersion\": \"1.23.8\",\n   \"dnsPrefix\": \"cliaksdns000002\",\n
        \  \"fqdn\": \"cliaksdns000002-a87caee4.hcp.westus2.azmk8s.io\",\n   \"azurePortalFQDN\":
        \"cliaksdns000002-a87caee4.portal.hcp.westus2.azmk8s.io\",\n   \"agentPoolProfiles\":
        [\n    {\n     \"name\": \"nodepool1\",\n     \"count\": 1,\n     \"vmSize\":
        \"Standard_DS2_v2\",\n     \"osDiskSizeGB\": 128,\n     \"osDiskType\": \"Managed\",\n
        \    \"kubeletDiskType\": \"OS\",\n     \"maxPods\": 100,\n     \"type\":
        \"VirtualMachineScaleSets\",\n     \"enableAutoScaling\": false,\n     \"provisioningState\":
        \"Succeeded\",\n     \"powerState\": {\n      \"code\": \"Running\"\n     },\n
        \    \"orchestratorVersion\": \"1.23.8\",\n     \"currentOrchestratorVersion\":
        \"1.23.8\",\n     \"enableNodePublicIP\": false,\n     \"tags\": {\n      \"tag1\":
        \"tv1\",\n      \"tag2\": \"tv2\"\n     },\n     \"nodeLabels\": {\n      \"label1\":
        \"value1\",\n      \"label2\": \"value2\"\n     },\n     \"mode\": \"System\",\n
        \    \"enableEncryptionAtHost\": false,\n     \"enableUltraSSD\": false,\n
        \    \"osType\": \"Linux\",\n     \"osSKU\": \"Ubuntu\",\n     \"nodeImageVersion\":
        \"AKSUbuntu-1804gen2containerd-2022.08.10\",\n     \"upgradeSettings\": {},\n
        \    \"enableFIPS\": false\n    }\n   ],\n   \"linuxProfile\": {\n    \"adminUsername\":
        \"adminuser\",\n    \"ssh\": {\n     \"publicKeys\": [\n      {\n       \"keyData\":
        \"ssh-rsa AAAAB3NzaC1yc2EAAAADAQABAAABAQDaNPXUd0mbTXJ4I+KFW5KzIPimUfbKGXZfsy0eKGvO3C6X4gBRTshaUPnNLjvLd/K2G0r/aO73Tt9f0glUt39cwNchM8fnT+yYM0Sy3zax6VvqNuergfqa8dawP9fMC2nEo03ZleI7tOI/sFrHVuhzUSViWtXlI/O8MzXfGEDq2fQJ0y2LZC8tGquoqiJRuuo59/+wZazpkPPyU0hqwdncKx7A5fT0f1C9weC8YqkNVlQH48xB5ARpr0NLcWuWFh42ddBb9l30zEVz68KWn/FjP4Za0OjUmy+XH8bY7ittFi74aY23A8Q2WbmjFppC3stm6DbJ71TZfXvWFBIE2inB
        azcli_aks_live_test@example.com\\n\"\n      }\n     ]\n    }\n   },\n   \"servicePrincipalProfile\":
        {\n    \"clientId\":\"00000000-0000-0000-0000-000000000001\"\n   },\n   \"nodeResourceGroup\":
        \"MC_clitest000001_cliakstest000001_westus2\",\n   \"enableRBAC\": true,\n
        \  \"networkProfile\": {\n    \"networkPlugin\": \"kubenet\",\n    \"loadBalancerSku\":
        \"Standard\",\n    \"loadBalancerProfile\": {\n     \"managedOutboundIPs\":
        {\n      \"count\": 1\n     },\n     \"effectiveOutboundIPs\": [\n      {\n
        \      \"id\": \"/subscriptions/00000000-0000-0000-0000-000000000000/resourceGroups/MC_clitest000001_cliakstest000001_westus2/providers/Microsoft.Network/publicIPAddresses/a0a3133a-769d-46aa-9338-c52fc0243904\"\n
        \     }\n     ]\n    },\n    \"podCidr\": \"10.244.0.0/16\",\n    \"serviceCidr\":
        \"10.0.0.0/16\",\n    \"dnsServiceIP\": \"10.0.0.10\",\n    \"dockerBridgeCidr\":
        \"172.17.0.1/16\",\n    \"outboundType\": \"loadBalancer\",\n    \"podCidrs\":
        [\n     \"10.244.0.0/16\"\n    ],\n    \"serviceCidrs\": [\n     \"10.0.0.0/16\"\n
        \   ],\n    \"ipFamilies\": [\n     \"IPv4\"\n    ]\n   },\n   \"maxAgentPools\":
        100,\n   \"disableLocalAccounts\": false,\n   \"securityProfile\": {},\n   \"storageProfile\":
        {\n    \"diskCSIDriver\": {\n     \"enabled\": true\n    },\n    \"fileCSIDriver\":
        {\n     \"enabled\": true\n    },\n    \"snapshotController\": {\n     \"enabled\":
        true\n    }\n   }\n  },\n  \"sku\": {\n   \"name\": \"Basic\",\n   \"tier\":
        \"Free\"\n  }\n }"
    headers:
      cache-control:
      - no-cache
      content-length:
      - '3406'
      content-type:
      - application/json
      date:
      - Tue, 30 Aug 2022 03:42:31 GMT
      expires:
      - '-1'
      pragma:
      - no-cache
      server:
      - nginx
      strict-transport-security:
      - max-age=31536000; includeSubDomains
      transfer-encoding:
      - chunked
      vary:
      - Accept-Encoding
      x-content-type-options:
      - nosniff
    status:
      code: 200
      message: OK
- request:
    body: '{"tags": {"key1": "value1"}, "location": "westus2", "sku": {"name": "Basic",
      "tier": "Free"}, "properties": {"kubernetesVersion": "1.23.8", "dnsPrefix":
      "cliaksdns000002", "agentPoolProfiles": [{"count": 3, "vmSize": "Standard_DS2_v2",
      "osDiskSizeGB": 128, "osDiskType": "Managed", "kubeletDiskType": "OS", "maxPods":
      100, "osType": "Linux", "osSKU": "Ubuntu", "enableAutoScaling": false, "type":
      "VirtualMachineScaleSets", "mode": "System", "orchestratorVersion": "1.23.8",
      "upgradeSettings": {}, "powerState": {"code": "Running"}, "enableNodePublicIP":
      false, "tags": {"tag1": "tv1", "tag2": "tv2"}, "nodeLabels": {"label1": "value1",
      "label2": "value2"}, "enableEncryptionAtHost": false, "enableUltraSSD": false,
      "enableFIPS": false, "name": "nodepool1"}], "linuxProfile": {"adminUsername":
      "adminuser", "ssh": {"publicKeys": [{"keyData": "ssh-rsa AAAAB3NzaC1yc2EAAAADAQABAAABAQDaNPXUd0mbTXJ4I+KFW5KzIPimUfbKGXZfsy0eKGvO3C6X4gBRTshaUPnNLjvLd/K2G0r/aO73Tt9f0glUt39cwNchM8fnT+yYM0Sy3zax6VvqNuergfqa8dawP9fMC2nEo03ZleI7tOI/sFrHVuhzUSViWtXlI/O8MzXfGEDq2fQJ0y2LZC8tGquoqiJRuuo59/+wZazpkPPyU0hqwdncKx7A5fT0f1C9weC8YqkNVlQH48xB5ARpr0NLcWuWFh42ddBb9l30zEVz68KWn/FjP4Za0OjUmy+XH8bY7ittFi74aY23A8Q2WbmjFppC3stm6DbJ71TZfXvWFBIE2inB
      azcli_aks_live_test@example.com\n"}]}}, "nodeResourceGroup": "MC_clitest000001_cliakstest000001_westus2",
      "enableRBAC": true, "networkProfile": {"networkPlugin": "kubenet", "podCidr":
      "10.244.0.0/16", "serviceCidr": "10.0.0.0/16", "dnsServiceIP": "10.0.0.10",
      "dockerBridgeCidr": "172.17.0.1/16", "outboundType": "loadBalancer", "loadBalancerSku":
      "Standard", "loadBalancerProfile": {"managedOutboundIPs": {"count": 1}, "effectiveOutboundIPs":
      [{"id": "/subscriptions/00000000-0000-0000-0000-000000000000/resourceGroups/MC_clitest000001_cliakstest000001_westus2/providers/Microsoft.Network/publicIPAddresses/a0a3133a-769d-46aa-9338-c52fc0243904"}]},
      "podCidrs": ["10.244.0.0/16"], "serviceCidrs": ["10.0.0.0/16"], "ipFamilies":
      ["IPv4"]}, "disableLocalAccounts": false, "securityProfile": {}, "storageProfile":
      {"diskCSIDriver": {"enabled": true}, "fileCSIDriver": {"enabled": true}, "snapshotController":
      {"enabled": true}}}}'
    headers:
      Accept:
      - application/json
      Accept-Encoding:
      - gzip, deflate
      CommandName:
      - aks scale
      Connection:
      - keep-alive
      Content-Length:
      - '2150'
      Content-Type:
      - application/json
      ParameterSetName:
      - -g -n --node-count
      User-Agent:
      - AZURECLI/2.39.0 azsdk-python-azure-mgmt-containerservice/20.3.0 Python/3.8.10
        (Linux-5.15.0-1017-azure-x86_64-with-glibc2.29)
    method: PUT
    uri: https://management.azure.com/subscriptions/00000000-0000-0000-0000-000000000000/resourceGroups/clitest000001/providers/Microsoft.ContainerService/managedClusters/cliakstest000001?api-version=2022-07-01
  response:
    body:
      string: "{\n  \"id\": \"/subscriptions/00000000-0000-0000-0000-000000000000/resourcegroups/clitest000001/providers/Microsoft.ContainerService/managedClusters/cliakstest000001\",\n
        \ \"location\": \"westus2\",\n  \"name\": \"cliakstest000001\",\n  \"tags\":
        {\n   \"key1\": \"value1\"\n  },\n  \"type\": \"Microsoft.ContainerService/ManagedClusters\",\n
        \ \"properties\": {\n   \"provisioningState\": \"Updating\",\n   \"powerState\":
        {\n    \"code\": \"Running\"\n   },\n   \"kubernetesVersion\": \"1.23.8\",\n
        \  \"currentKubernetesVersion\": \"1.23.8\",\n   \"dnsPrefix\": \"cliaksdns000002\",\n
        \  \"fqdn\": \"cliaksdns000002-a87caee4.hcp.westus2.azmk8s.io\",\n   \"azurePortalFQDN\":
        \"cliaksdns000002-a87caee4.portal.hcp.westus2.azmk8s.io\",\n   \"agentPoolProfiles\":
        [\n    {\n     \"name\": \"nodepool1\",\n     \"count\": 3,\n     \"vmSize\":
        \"Standard_DS2_v2\",\n     \"osDiskSizeGB\": 128,\n     \"osDiskType\": \"Managed\",\n
        \    \"kubeletDiskType\": \"OS\",\n     \"maxPods\": 100,\n     \"type\":
        \"VirtualMachineScaleSets\",\n     \"enableAutoScaling\": false,\n     \"provisioningState\":
        \"Updating\",\n     \"powerState\": {\n      \"code\": \"Running\"\n     },\n
        \    \"orchestratorVersion\": \"1.23.8\",\n     \"currentOrchestratorVersion\":
        \"1.23.8\",\n     \"enableNodePublicIP\": false,\n     \"tags\": {\n      \"tag1\":
        \"tv1\",\n      \"tag2\": \"tv2\"\n     },\n     \"nodeLabels\": {\n      \"label1\":
        \"value1\",\n      \"label2\": \"value2\"\n     },\n     \"mode\": \"System\",\n
        \    \"enableEncryptionAtHost\": false,\n     \"enableUltraSSD\": false,\n
        \    \"osType\": \"Linux\",\n     \"osSKU\": \"Ubuntu\",\n     \"nodeImageVersion\":
        \"AKSUbuntu-1804gen2containerd-2022.08.10\",\n     \"upgradeSettings\": {},\n
        \    \"enableFIPS\": false\n    }\n   ],\n   \"linuxProfile\": {\n    \"adminUsername\":
        \"adminuser\",\n    \"ssh\": {\n     \"publicKeys\": [\n      {\n       \"keyData\":
        \"ssh-rsa AAAAB3NzaC1yc2EAAAADAQABAAABAQDaNPXUd0mbTXJ4I+KFW5KzIPimUfbKGXZfsy0eKGvO3C6X4gBRTshaUPnNLjvLd/K2G0r/aO73Tt9f0glUt39cwNchM8fnT+yYM0Sy3zax6VvqNuergfqa8dawP9fMC2nEo03ZleI7tOI/sFrHVuhzUSViWtXlI/O8MzXfGEDq2fQJ0y2LZC8tGquoqiJRuuo59/+wZazpkPPyU0hqwdncKx7A5fT0f1C9weC8YqkNVlQH48xB5ARpr0NLcWuWFh42ddBb9l30zEVz68KWn/FjP4Za0OjUmy+XH8bY7ittFi74aY23A8Q2WbmjFppC3stm6DbJ71TZfXvWFBIE2inB
        azcli_aks_live_test@example.com\\n\"\n      }\n     ]\n    }\n   },\n   \"servicePrincipalProfile\":
        {\n    \"clientId\":\"00000000-0000-0000-0000-000000000001\"\n   },\n   \"nodeResourceGroup\":
        \"MC_clitest000001_cliakstest000001_westus2\",\n   \"enableRBAC\": true,\n
        \  \"networkProfile\": {\n    \"networkPlugin\": \"kubenet\",\n    \"loadBalancerSku\":
        \"Standard\",\n    \"loadBalancerProfile\": {\n     \"managedOutboundIPs\":
        {\n      \"count\": 1\n     },\n     \"effectiveOutboundIPs\": [\n      {\n
        \      \"id\": \"/subscriptions/00000000-0000-0000-0000-000000000000/resourceGroups/MC_clitest000001_cliakstest000001_westus2/providers/Microsoft.Network/publicIPAddresses/a0a3133a-769d-46aa-9338-c52fc0243904\"\n
        \     }\n     ]\n    },\n    \"podCidr\": \"10.244.0.0/16\",\n    \"serviceCidr\":
        \"10.0.0.0/16\",\n    \"dnsServiceIP\": \"10.0.0.10\",\n    \"dockerBridgeCidr\":
        \"172.17.0.1/16\",\n    \"outboundType\": \"loadBalancer\",\n    \"podCidrs\":
        [\n     \"10.244.0.0/16\"\n    ],\n    \"serviceCidrs\": [\n     \"10.0.0.0/16\"\n
        \   ],\n    \"ipFamilies\": [\n     \"IPv4\"\n    ]\n   },\n   \"maxAgentPools\":
        100,\n   \"disableLocalAccounts\": false,\n   \"securityProfile\": {},\n   \"storageProfile\":
        {\n    \"diskCSIDriver\": {\n     \"enabled\": true\n    },\n    \"fileCSIDriver\":
        {\n     \"enabled\": true\n    },\n    \"snapshotController\": {\n     \"enabled\":
        true\n    }\n   }\n  },\n  \"sku\": {\n   \"name\": \"Basic\",\n   \"tier\":
        \"Free\"\n  }\n }"
    headers:
      azure-asyncoperation:
      - https://management.azure.com/subscriptions/00000000-0000-0000-0000-000000000000/providers/Microsoft.ContainerService/locations/westus2/operations/99e65b81-75b0-4c14-b0f1-da9d21baf7b7?api-version=2016-03-30
      cache-control:
      - no-cache
      content-length:
      - '3404'
      content-type:
      - application/json
      date:
      - Tue, 30 Aug 2022 03:42:37 GMT
      expires:
      - '-1'
      pragma:
      - no-cache
      server:
      - nginx
      strict-transport-security:
      - max-age=31536000; includeSubDomains
      transfer-encoding:
      - chunked
      vary:
      - Accept-Encoding
      x-content-type-options:
      - nosniff
      x-ms-ratelimit-remaining-subscription-writes:
      - '1199'
    status:
      code: 200
      message: OK
- request:
    body: null
    headers:
      Accept:
      - '*/*'
      Accept-Encoding:
      - gzip, deflate
      CommandName:
      - aks scale
      Connection:
      - keep-alive
      ParameterSetName:
      - -g -n --node-count
      User-Agent:
      - AZURECLI/2.39.0 azsdk-python-azure-mgmt-containerservice/20.3.0 Python/3.8.10
        (Linux-5.15.0-1017-azure-x86_64-with-glibc2.29)
    method: GET
    uri: https://management.azure.com/subscriptions/00000000-0000-0000-0000-000000000000/providers/Microsoft.ContainerService/locations/westus2/operations/99e65b81-75b0-4c14-b0f1-da9d21baf7b7?api-version=2016-03-30
  response:
    body:
      string: "{\n  \"name\": \"815be699-b075-144c-b0f1-da9d21baf7b7\",\n  \"status\":
        \"InProgress\",\n  \"startTime\": \"2022-08-30T03:42:36.6126766Z\"\n }"
    headers:
      cache-control:
      - no-cache
      content-length:
      - '126'
      content-type:
      - application/json
      date:
      - Tue, 30 Aug 2022 03:43:08 GMT
      expires:
      - '-1'
      pragma:
      - no-cache
      server:
      - nginx
      strict-transport-security:
      - max-age=31536000; includeSubDomains
      transfer-encoding:
      - chunked
      vary:
      - Accept-Encoding
      x-content-type-options:
      - nosniff
    status:
      code: 200
      message: OK
- request:
    body: null
    headers:
      Accept:
      - '*/*'
      Accept-Encoding:
      - gzip, deflate
      CommandName:
      - aks scale
      Connection:
      - keep-alive
      ParameterSetName:
      - -g -n --node-count
      User-Agent:
      - AZURECLI/2.39.0 azsdk-python-azure-mgmt-containerservice/20.3.0 Python/3.8.10
        (Linux-5.15.0-1017-azure-x86_64-with-glibc2.29)
    method: GET
    uri: https://management.azure.com/subscriptions/00000000-0000-0000-0000-000000000000/providers/Microsoft.ContainerService/locations/westus2/operations/99e65b81-75b0-4c14-b0f1-da9d21baf7b7?api-version=2016-03-30
  response:
    body:
      string: "{\n  \"name\": \"815be699-b075-144c-b0f1-da9d21baf7b7\",\n  \"status\":
        \"InProgress\",\n  \"startTime\": \"2022-08-30T03:42:36.6126766Z\"\n }"
    headers:
      cache-control:
      - no-cache
      content-length:
      - '126'
      content-type:
      - application/json
      date:
      - Tue, 30 Aug 2022 03:43:37 GMT
      expires:
      - '-1'
      pragma:
      - no-cache
      server:
      - nginx
      strict-transport-security:
      - max-age=31536000; includeSubDomains
      transfer-encoding:
      - chunked
      vary:
      - Accept-Encoding
      x-content-type-options:
      - nosniff
    status:
      code: 200
      message: OK
- request:
    body: null
    headers:
      Accept:
      - '*/*'
      Accept-Encoding:
      - gzip, deflate
      CommandName:
      - aks scale
      Connection:
      - keep-alive
      ParameterSetName:
      - -g -n --node-count
      User-Agent:
      - AZURECLI/2.39.0 azsdk-python-azure-mgmt-containerservice/20.3.0 Python/3.8.10
        (Linux-5.15.0-1017-azure-x86_64-with-glibc2.29)
    method: GET
    uri: https://management.azure.com/subscriptions/00000000-0000-0000-0000-000000000000/providers/Microsoft.ContainerService/locations/westus2/operations/99e65b81-75b0-4c14-b0f1-da9d21baf7b7?api-version=2016-03-30
  response:
    body:
      string: "{\n  \"name\": \"815be699-b075-144c-b0f1-da9d21baf7b7\",\n  \"status\":
        \"InProgress\",\n  \"startTime\": \"2022-08-30T03:42:36.6126766Z\"\n }"
    headers:
      cache-control:
      - no-cache
      content-length:
      - '126'
      content-type:
      - application/json
      date:
      - Tue, 30 Aug 2022 03:44:08 GMT
      expires:
      - '-1'
      pragma:
      - no-cache
      server:
      - nginx
      strict-transport-security:
      - max-age=31536000; includeSubDomains
      transfer-encoding:
      - chunked
      vary:
      - Accept-Encoding
      x-content-type-options:
      - nosniff
    status:
      code: 200
      message: OK
- request:
    body: null
    headers:
      Accept:
      - '*/*'
      Accept-Encoding:
      - gzip, deflate
      CommandName:
      - aks scale
      Connection:
      - keep-alive
      ParameterSetName:
      - -g -n --node-count
      User-Agent:
      - AZURECLI/2.39.0 azsdk-python-azure-mgmt-containerservice/20.3.0 Python/3.8.10
        (Linux-5.15.0-1017-azure-x86_64-with-glibc2.29)
    method: GET
    uri: https://management.azure.com/subscriptions/00000000-0000-0000-0000-000000000000/providers/Microsoft.ContainerService/locations/westus2/operations/99e65b81-75b0-4c14-b0f1-da9d21baf7b7?api-version=2016-03-30
  response:
    body:
      string: "{\n  \"name\": \"815be699-b075-144c-b0f1-da9d21baf7b7\",\n  \"status\":
        \"InProgress\",\n  \"startTime\": \"2022-08-30T03:42:36.6126766Z\"\n }"
    headers:
      cache-control:
      - no-cache
      content-length:
      - '126'
      content-type:
      - application/json
      date:
      - Tue, 30 Aug 2022 03:44:38 GMT
      expires:
      - '-1'
      pragma:
      - no-cache
      server:
      - nginx
      strict-transport-security:
      - max-age=31536000; includeSubDomains
      transfer-encoding:
      - chunked
      vary:
      - Accept-Encoding
      x-content-type-options:
      - nosniff
    status:
      code: 200
      message: OK
- request:
    body: null
    headers:
      Accept:
      - '*/*'
      Accept-Encoding:
      - gzip, deflate
      CommandName:
      - aks scale
      Connection:
      - keep-alive
      ParameterSetName:
      - -g -n --node-count
      User-Agent:
      - AZURECLI/2.39.0 azsdk-python-azure-mgmt-containerservice/20.3.0 Python/3.8.10
        (Linux-5.15.0-1017-azure-x86_64-with-glibc2.29)
    method: GET
    uri: https://management.azure.com/subscriptions/00000000-0000-0000-0000-000000000000/providers/Microsoft.ContainerService/locations/westus2/operations/99e65b81-75b0-4c14-b0f1-da9d21baf7b7?api-version=2016-03-30
  response:
    body:
      string: "{\n  \"name\": \"815be699-b075-144c-b0f1-da9d21baf7b7\",\n  \"status\":
        \"InProgress\",\n  \"startTime\": \"2022-08-30T03:42:36.6126766Z\"\n }"
    headers:
      cache-control:
      - no-cache
      content-length:
      - '126'
      content-type:
      - application/json
      date:
      - Tue, 30 Aug 2022 03:45:08 GMT
      expires:
      - '-1'
      pragma:
      - no-cache
      server:
      - nginx
      strict-transport-security:
      - max-age=31536000; includeSubDomains
      transfer-encoding:
      - chunked
      vary:
      - Accept-Encoding
      x-content-type-options:
      - nosniff
    status:
      code: 200
      message: OK
- request:
    body: null
    headers:
      Accept:
      - '*/*'
      Accept-Encoding:
      - gzip, deflate
      CommandName:
      - aks scale
      Connection:
      - keep-alive
      ParameterSetName:
      - -g -n --node-count
      User-Agent:
      - AZURECLI/2.39.0 azsdk-python-azure-mgmt-containerservice/20.3.0 Python/3.8.10
        (Linux-5.15.0-1017-azure-x86_64-with-glibc2.29)
    method: GET
    uri: https://management.azure.com/subscriptions/00000000-0000-0000-0000-000000000000/providers/Microsoft.ContainerService/locations/westus2/operations/99e65b81-75b0-4c14-b0f1-da9d21baf7b7?api-version=2016-03-30
  response:
    body:
      string: "{\n  \"name\": \"815be699-b075-144c-b0f1-da9d21baf7b7\",\n  \"status\":
        \"Succeeded\",\n  \"startTime\": \"2022-08-30T03:42:36.6126766Z\",\n  \"endTime\":
        \"2022-08-30T03:45:20.6626241Z\"\n }"
    headers:
      cache-control:
      - no-cache
      content-length:
      - '170'
      content-type:
      - application/json
      date:
      - Tue, 30 Aug 2022 03:45:38 GMT
      expires:
      - '-1'
      pragma:
      - no-cache
      server:
      - nginx
      strict-transport-security:
      - max-age=31536000; includeSubDomains
      transfer-encoding:
      - chunked
      vary:
      - Accept-Encoding
      x-content-type-options:
      - nosniff
    status:
      code: 200
      message: OK
- request:
    body: null
    headers:
      Accept:
      - '*/*'
      Accept-Encoding:
      - gzip, deflate
      CommandName:
      - aks scale
      Connection:
      - keep-alive
      ParameterSetName:
      - -g -n --node-count
      User-Agent:
      - AZURECLI/2.39.0 azsdk-python-azure-mgmt-containerservice/20.3.0 Python/3.8.10
        (Linux-5.15.0-1017-azure-x86_64-with-glibc2.29)
    method: GET
    uri: https://management.azure.com/subscriptions/00000000-0000-0000-0000-000000000000/resourceGroups/clitest000001/providers/Microsoft.ContainerService/managedClusters/cliakstest000001?api-version=2022-07-01
  response:
    body:
      string: "{\n  \"id\": \"/subscriptions/00000000-0000-0000-0000-000000000000/resourcegroups/clitest000001/providers/Microsoft.ContainerService/managedClusters/cliakstest000001\",\n
        \ \"location\": \"westus2\",\n  \"name\": \"cliakstest000001\",\n  \"tags\":
        {\n   \"key1\": \"value1\"\n  },\n  \"type\": \"Microsoft.ContainerService/ManagedClusters\",\n
        \ \"properties\": {\n   \"provisioningState\": \"Succeeded\",\n   \"powerState\":
        {\n    \"code\": \"Running\"\n   },\n   \"kubernetesVersion\": \"1.23.8\",\n
        \  \"currentKubernetesVersion\": \"1.23.8\",\n   \"dnsPrefix\": \"cliaksdns000002\",\n
        \  \"fqdn\": \"cliaksdns000002-a87caee4.hcp.westus2.azmk8s.io\",\n   \"azurePortalFQDN\":
        \"cliaksdns000002-a87caee4.portal.hcp.westus2.azmk8s.io\",\n   \"agentPoolProfiles\":
        [\n    {\n     \"name\": \"nodepool1\",\n     \"count\": 3,\n     \"vmSize\":
        \"Standard_DS2_v2\",\n     \"osDiskSizeGB\": 128,\n     \"osDiskType\": \"Managed\",\n
        \    \"kubeletDiskType\": \"OS\",\n     \"maxPods\": 100,\n     \"type\":
        \"VirtualMachineScaleSets\",\n     \"enableAutoScaling\": false,\n     \"provisioningState\":
        \"Succeeded\",\n     \"powerState\": {\n      \"code\": \"Running\"\n     },\n
        \    \"orchestratorVersion\": \"1.23.8\",\n     \"currentOrchestratorVersion\":
        \"1.23.8\",\n     \"enableNodePublicIP\": false,\n     \"tags\": {\n      \"tag1\":
        \"tv1\",\n      \"tag2\": \"tv2\"\n     },\n     \"nodeLabels\": {\n      \"label1\":
        \"value1\",\n      \"label2\": \"value2\"\n     },\n     \"mode\": \"System\",\n
        \    \"enableEncryptionAtHost\": false,\n     \"enableUltraSSD\": false,\n
        \    \"osType\": \"Linux\",\n     \"osSKU\": \"Ubuntu\",\n     \"nodeImageVersion\":
        \"AKSUbuntu-1804gen2containerd-2022.08.10\",\n     \"upgradeSettings\": {},\n
        \    \"enableFIPS\": false\n    }\n   ],\n   \"linuxProfile\": {\n    \"adminUsername\":
        \"adminuser\",\n    \"ssh\": {\n     \"publicKeys\": [\n      {\n       \"keyData\":
        \"ssh-rsa AAAAB3NzaC1yc2EAAAADAQABAAABAQDaNPXUd0mbTXJ4I+KFW5KzIPimUfbKGXZfsy0eKGvO3C6X4gBRTshaUPnNLjvLd/K2G0r/aO73Tt9f0glUt39cwNchM8fnT+yYM0Sy3zax6VvqNuergfqa8dawP9fMC2nEo03ZleI7tOI/sFrHVuhzUSViWtXlI/O8MzXfGEDq2fQJ0y2LZC8tGquoqiJRuuo59/+wZazpkPPyU0hqwdncKx7A5fT0f1C9weC8YqkNVlQH48xB5ARpr0NLcWuWFh42ddBb9l30zEVz68KWn/FjP4Za0OjUmy+XH8bY7ittFi74aY23A8Q2WbmjFppC3stm6DbJ71TZfXvWFBIE2inB
        azcli_aks_live_test@example.com\\n\"\n      }\n     ]\n    }\n   },\n   \"servicePrincipalProfile\":
        {\n    \"clientId\":\"00000000-0000-0000-0000-000000000001\"\n   },\n   \"nodeResourceGroup\":
        \"MC_clitest000001_cliakstest000001_westus2\",\n   \"enableRBAC\": true,\n
        \  \"networkProfile\": {\n    \"networkPlugin\": \"kubenet\",\n    \"loadBalancerSku\":
        \"Standard\",\n    \"loadBalancerProfile\": {\n     \"managedOutboundIPs\":
        {\n      \"count\": 1\n     },\n     \"effectiveOutboundIPs\": [\n      {\n
        \      \"id\": \"/subscriptions/00000000-0000-0000-0000-000000000000/resourceGroups/MC_clitest000001_cliakstest000001_westus2/providers/Microsoft.Network/publicIPAddresses/a0a3133a-769d-46aa-9338-c52fc0243904\"\n
        \     }\n     ]\n    },\n    \"podCidr\": \"10.244.0.0/16\",\n    \"serviceCidr\":
        \"10.0.0.0/16\",\n    \"dnsServiceIP\": \"10.0.0.10\",\n    \"dockerBridgeCidr\":
        \"172.17.0.1/16\",\n    \"outboundType\": \"loadBalancer\",\n    \"podCidrs\":
        [\n     \"10.244.0.0/16\"\n    ],\n    \"serviceCidrs\": [\n     \"10.0.0.0/16\"\n
        \   ],\n    \"ipFamilies\": [\n     \"IPv4\"\n    ]\n   },\n   \"maxAgentPools\":
        100,\n   \"disableLocalAccounts\": false,\n   \"securityProfile\": {},\n   \"storageProfile\":
        {\n    \"diskCSIDriver\": {\n     \"enabled\": true\n    },\n    \"fileCSIDriver\":
        {\n     \"enabled\": true\n    },\n    \"snapshotController\": {\n     \"enabled\":
        true\n    }\n   }\n  },\n  \"sku\": {\n   \"name\": \"Basic\",\n   \"tier\":
        \"Free\"\n  }\n }"
    headers:
      cache-control:
      - no-cache
      content-length:
      - '3406'
      content-type:
      - application/json
      date:
      - Tue, 30 Aug 2022 03:45:38 GMT
      expires:
      - '-1'
      pragma:
      - no-cache
      server:
      - nginx
      strict-transport-security:
      - max-age=31536000; includeSubDomains
      transfer-encoding:
      - chunked
      vary:
      - Accept-Encoding
      x-content-type-options:
      - nosniff
    status:
      code: 200
      message: OK
- request:
    body: null
    headers:
      Accept:
      - application/json
      Accept-Encoding:
      - gzip, deflate
      CommandName:
      - aks show
      Connection:
      - keep-alive
      ParameterSetName:
      - -g -n
      User-Agent:
      - AZURECLI/2.39.0 azsdk-python-azure-mgmt-containerservice/20.3.0 Python/3.8.10
        (Linux-5.15.0-1017-azure-x86_64-with-glibc2.29)
    method: GET
    uri: https://management.azure.com/subscriptions/00000000-0000-0000-0000-000000000000/resourceGroups/clitest000001/providers/Microsoft.ContainerService/managedClusters/cliakstest000001?api-version=2022-07-01
  response:
    body:
      string: "{\n  \"id\": \"/subscriptions/00000000-0000-0000-0000-000000000000/resourcegroups/clitest000001/providers/Microsoft.ContainerService/managedClusters/cliakstest000001\",\n
        \ \"location\": \"westus2\",\n  \"name\": \"cliakstest000001\",\n  \"tags\":
        {\n   \"key1\": \"value1\"\n  },\n  \"type\": \"Microsoft.ContainerService/ManagedClusters\",\n
        \ \"properties\": {\n   \"provisioningState\": \"Succeeded\",\n   \"powerState\":
        {\n    \"code\": \"Running\"\n   },\n   \"kubernetesVersion\": \"1.23.8\",\n
        \  \"currentKubernetesVersion\": \"1.23.8\",\n   \"dnsPrefix\": \"cliaksdns000002\",\n
        \  \"fqdn\": \"cliaksdns000002-a87caee4.hcp.westus2.azmk8s.io\",\n   \"azurePortalFQDN\":
        \"cliaksdns000002-a87caee4.portal.hcp.westus2.azmk8s.io\",\n   \"agentPoolProfiles\":
        [\n    {\n     \"name\": \"nodepool1\",\n     \"count\": 3,\n     \"vmSize\":
        \"Standard_DS2_v2\",\n     \"osDiskSizeGB\": 128,\n     \"osDiskType\": \"Managed\",\n
        \    \"kubeletDiskType\": \"OS\",\n     \"maxPods\": 100,\n     \"type\":
        \"VirtualMachineScaleSets\",\n     \"enableAutoScaling\": false,\n     \"provisioningState\":
        \"Succeeded\",\n     \"powerState\": {\n      \"code\": \"Running\"\n     },\n
        \    \"orchestratorVersion\": \"1.23.8\",\n     \"currentOrchestratorVersion\":
        \"1.23.8\",\n     \"enableNodePublicIP\": false,\n     \"tags\": {\n      \"tag1\":
        \"tv1\",\n      \"tag2\": \"tv2\"\n     },\n     \"nodeLabels\": {\n      \"label1\":
        \"value1\",\n      \"label2\": \"value2\"\n     },\n     \"mode\": \"System\",\n
        \    \"enableEncryptionAtHost\": false,\n     \"enableUltraSSD\": false,\n
        \    \"osType\": \"Linux\",\n     \"osSKU\": \"Ubuntu\",\n     \"nodeImageVersion\":
        \"AKSUbuntu-1804gen2containerd-2022.08.10\",\n     \"upgradeSettings\": {},\n
        \    \"enableFIPS\": false\n    }\n   ],\n   \"linuxProfile\": {\n    \"adminUsername\":
        \"adminuser\",\n    \"ssh\": {\n     \"publicKeys\": [\n      {\n       \"keyData\":
        \"ssh-rsa AAAAB3NzaC1yc2EAAAADAQABAAABAQDaNPXUd0mbTXJ4I+KFW5KzIPimUfbKGXZfsy0eKGvO3C6X4gBRTshaUPnNLjvLd/K2G0r/aO73Tt9f0glUt39cwNchM8fnT+yYM0Sy3zax6VvqNuergfqa8dawP9fMC2nEo03ZleI7tOI/sFrHVuhzUSViWtXlI/O8MzXfGEDq2fQJ0y2LZC8tGquoqiJRuuo59/+wZazpkPPyU0hqwdncKx7A5fT0f1C9weC8YqkNVlQH48xB5ARpr0NLcWuWFh42ddBb9l30zEVz68KWn/FjP4Za0OjUmy+XH8bY7ittFi74aY23A8Q2WbmjFppC3stm6DbJ71TZfXvWFBIE2inB
        azcli_aks_live_test@example.com\\n\"\n      }\n     ]\n    }\n   },\n   \"servicePrincipalProfile\":
        {\n    \"clientId\":\"00000000-0000-0000-0000-000000000001\"\n   },\n   \"nodeResourceGroup\":
        \"MC_clitest000001_cliakstest000001_westus2\",\n   \"enableRBAC\": true,\n
        \  \"networkProfile\": {\n    \"networkPlugin\": \"kubenet\",\n    \"loadBalancerSku\":
        \"Standard\",\n    \"loadBalancerProfile\": {\n     \"managedOutboundIPs\":
        {\n      \"count\": 1\n     },\n     \"effectiveOutboundIPs\": [\n      {\n
        \      \"id\": \"/subscriptions/00000000-0000-0000-0000-000000000000/resourceGroups/MC_clitest000001_cliakstest000001_westus2/providers/Microsoft.Network/publicIPAddresses/a0a3133a-769d-46aa-9338-c52fc0243904\"\n
        \     }\n     ]\n    },\n    \"podCidr\": \"10.244.0.0/16\",\n    \"serviceCidr\":
        \"10.0.0.0/16\",\n    \"dnsServiceIP\": \"10.0.0.10\",\n    \"dockerBridgeCidr\":
        \"172.17.0.1/16\",\n    \"outboundType\": \"loadBalancer\",\n    \"podCidrs\":
        [\n     \"10.244.0.0/16\"\n    ],\n    \"serviceCidrs\": [\n     \"10.0.0.0/16\"\n
        \   ],\n    \"ipFamilies\": [\n     \"IPv4\"\n    ]\n   },\n   \"maxAgentPools\":
        100,\n   \"disableLocalAccounts\": false,\n   \"securityProfile\": {},\n   \"storageProfile\":
        {\n    \"diskCSIDriver\": {\n     \"enabled\": true\n    },\n    \"fileCSIDriver\":
        {\n     \"enabled\": true\n    },\n    \"snapshotController\": {\n     \"enabled\":
        true\n    }\n   }\n  },\n  \"sku\": {\n   \"name\": \"Basic\",\n   \"tier\":
        \"Free\"\n  }\n }"
    headers:
      cache-control:
      - no-cache
      content-length:
      - '3406'
      content-type:
      - application/json
      date:
      - Tue, 30 Aug 2022 03:45:39 GMT
      expires:
      - '-1'
      pragma:
      - no-cache
      server:
      - nginx
      strict-transport-security:
      - max-age=31536000; includeSubDomains
      transfer-encoding:
      - chunked
      vary:
      - Accept-Encoding
      x-content-type-options:
      - nosniff
    status:
      code: 200
      message: OK
- request:
    body: null
    headers:
      Accept:
      - application/json
      Accept-Encoding:
      - gzip, deflate
      CommandName:
      - aks delete
      Connection:
      - keep-alive
      Content-Length:
      - '0'
      ParameterSetName:
      - -g -n --yes --no-wait
      User-Agent:
      - AZURECLI/2.39.0 azsdk-python-azure-mgmt-containerservice/20.3.0 Python/3.8.10
        (Linux-5.15.0-1017-azure-x86_64-with-glibc2.29)
    method: DELETE
    uri: https://management.azure.com/subscriptions/00000000-0000-0000-0000-000000000000/resourceGroups/clitest000001/providers/Microsoft.ContainerService/managedClusters/cliakstest000001?api-version=2022-07-01
  response:
    body:
      string: ''
    headers:
      azure-asyncoperation:
      - https://management.azure.com/subscriptions/00000000-0000-0000-0000-000000000000/providers/Microsoft.ContainerService/locations/westus2/operations/f428a3df-6deb-4aca-8028-dfe21d2ac850?api-version=2016-03-30
      cache-control:
      - no-cache
      content-length:
      - '0'
      date:
      - Tue, 30 Aug 2022 03:45:39 GMT
      expires:
      - '-1'
      location:
      - https://management.azure.com/subscriptions/00000000-0000-0000-0000-000000000000/providers/Microsoft.ContainerService/locations/westus2/operationresults/f428a3df-6deb-4aca-8028-dfe21d2ac850?api-version=2016-03-30
      pragma:
      - no-cache
      server:
      - nginx
      strict-transport-security:
      - max-age=31536000; includeSubDomains
      x-content-type-options:
      - nosniff
      x-ms-ratelimit-remaining-subscription-deletes:
      - '14999'
    status:
      code: 202
      message: Accepted
version: 1
