interactions:
- request:
    body: '{"location": "westus2", "sku": {"name": "Standard"}, "properties": {"publicIPAllocationMethod":
      "Static", "publicIPAddressVersion": "IPv4", "idleTimeoutInMinutes": 4}}'
    headers:
      Accept:
      - application/json
      Accept-Encoding:
      - gzip, deflate
      CommandName:
      - network public-ip create
      Connection:
      - keep-alive
      Content-Length:
      - '167'
      Content-Type:
      - application/json; charset=utf-8
      ParameterSetName:
      - -g -n --location --sku
      User-Agent:
      - python/3.7.4 (Darwin-19.4.0-x86_64-i386-64bit) msrest/0.6.18 msrest_azure/0.6.3
        azure-mgmt-network/12.0.0 Azure-SDK-For-Python AZURECLI/2.11.1
      accept-language:
      - en-US
    method: PUT
    uri: https://management.azure.com/subscriptions/00000000-0000-0000-0000-000000000000/resourceGroups/clitest000001/providers/Microsoft.Network/publicIPAddresses/cliaksslbip1000002?api-version=2020-07-01
  response:
    body:
      string: "{\r\n  \"name\": \"cliaksslbip1000002\",\r\n  \"id\": \"/subscriptions/00000000-0000-0000-0000-000000000000/resourceGroups/clitest000001/providers/Microsoft.Network/publicIPAddresses/cliaksslbip1000002\"\
        ,\r\n  \"etag\": \"W/\\\"18370624-e984-4848-9bbd-1b6a8b9948ea\\\"\",\r\n \
        \ \"location\": \"westus2\",\r\n  \"properties\": {\r\n    \"provisioningState\"\
        : \"Updating\",\r\n    \"resourceGuid\": \"154a3c80-dbfc-4308-94c1-4918402744b7\"\
        ,\r\n    \"publicIPAddressVersion\": \"IPv4\",\r\n    \"publicIPAllocationMethod\"\
        : \"Static\",\r\n    \"idleTimeoutInMinutes\": 4,\r\n    \"ipTags\": []\r\n\
        \  },\r\n  \"type\": \"Microsoft.Network/publicIPAddresses\",\r\n  \"sku\"\
        : {\r\n    \"name\": \"Standard\"\r\n  }\r\n}"
    headers:
      azure-asyncnotification:
      - Enabled
      azure-asyncoperation:
      - https://management.azure.com/subscriptions/00000000-0000-0000-0000-000000000000/providers/Microsoft.Network/locations/westus2/operations/6dc551f7-a712-4af3-9bdf-63f506e6869d?api-version=2020-06-01
      cache-control:
      - no-cache
      content-length:
      - '625'
      content-type:
      - application/json; charset=utf-8
      date:
      - Sat, 12 Sep 2020 23:20:05 GMT
      expires:
      - '-1'
      pragma:
      - no-cache
      server:
      - Microsoft-HTTPAPI/2.0
      - Microsoft-HTTPAPI/2.0
      strict-transport-security:
      - max-age=31536000; includeSubDomains
      x-content-type-options:
      - nosniff
      x-ms-arm-service-request-id:
      - 8302e87a-3773-4dfe-a48c-b5ed64bdee2f
      x-ms-ratelimit-remaining-subscription-writes:
      - '1198'
    status:
      code: 201
      message: Created
- request:
    body: null
    headers:
      Accept:
      - application/json
      Accept-Encoding:
      - gzip, deflate
      CommandName:
      - network public-ip create
      Connection:
      - keep-alive
      ParameterSetName:
      - -g -n --location --sku
      User-Agent:
      - python/3.7.4 (Darwin-19.4.0-x86_64-i386-64bit) msrest/0.6.18 msrest_azure/0.6.3
        azure-mgmt-network/12.0.0 Azure-SDK-For-Python AZURECLI/2.11.1
    method: GET
    uri: https://management.azure.com/subscriptions/00000000-0000-0000-0000-000000000000/providers/Microsoft.Network/locations/westus2/operations/6dc551f7-a712-4af3-9bdf-63f506e6869d?api-version=2020-06-01
  response:
    body:
      string: "{\r\n  \"status\": \"Succeeded\"\r\n}"
    headers:
      cache-control:
      - no-cache
      content-length:
      - '29'
      content-type:
      - application/json; charset=utf-8
      date:
      - Sat, 12 Sep 2020 23:20:07 GMT
      expires:
      - '-1'
      pragma:
      - no-cache
      server:
      - Microsoft-HTTPAPI/2.0
      - Microsoft-HTTPAPI/2.0
      strict-transport-security:
      - max-age=31536000; includeSubDomains
      transfer-encoding:
      - chunked
      vary:
      - Accept-Encoding
      x-content-type-options:
      - nosniff
      x-ms-arm-service-request-id:
      - 215784e1-3014-45c5-92c2-204171c34402
    status:
      code: 200
      message: OK
- request:
    body: null
    headers:
      Accept:
      - application/json
      Accept-Encoding:
      - gzip, deflate
      CommandName:
      - network public-ip create
      Connection:
      - keep-alive
      ParameterSetName:
      - -g -n --location --sku
      User-Agent:
      - python/3.7.4 (Darwin-19.4.0-x86_64-i386-64bit) msrest/0.6.18 msrest_azure/0.6.3
        azure-mgmt-network/12.0.0 Azure-SDK-For-Python AZURECLI/2.11.1
    method: GET
    uri: https://management.azure.com/subscriptions/00000000-0000-0000-0000-000000000000/resourceGroups/clitest000001/providers/Microsoft.Network/publicIPAddresses/cliaksslbip1000002?api-version=2020-07-01
  response:
    body:
      string: "{\r\n  \"name\": \"cliaksslbip1000002\",\r\n  \"id\": \"/subscriptions/00000000-0000-0000-0000-000000000000/resourceGroups/clitest000001/providers/Microsoft.Network/publicIPAddresses/cliaksslbip1000002\"\
        ,\r\n  \"etag\": \"W/\\\"388b0187-b480-409a-9bab-da5d1540748e\\\"\",\r\n \
        \ \"location\": \"westus2\",\r\n  \"properties\": {\r\n    \"provisioningState\"\
        : \"Succeeded\",\r\n    \"resourceGuid\": \"154a3c80-dbfc-4308-94c1-4918402744b7\"\
        ,\r\n    \"ipAddress\": \"20.51.67.177\",\r\n    \"publicIPAddressVersion\"\
        : \"IPv4\",\r\n    \"publicIPAllocationMethod\": \"Static\",\r\n    \"idleTimeoutInMinutes\"\
        : 4,\r\n    \"ipTags\": []\r\n  },\r\n  \"type\": \"Microsoft.Network/publicIPAddresses\"\
        ,\r\n  \"sku\": {\r\n    \"name\": \"Standard\"\r\n  }\r\n}"
    headers:
      cache-control:
      - no-cache
      content-length:
      - '660'
      content-type:
      - application/json; charset=utf-8
      date:
      - Sat, 12 Sep 2020 23:20:07 GMT
      etag:
      - W/"388b0187-b480-409a-9bab-da5d1540748e"
      expires:
      - '-1'
      pragma:
      - no-cache
      server:
      - Microsoft-HTTPAPI/2.0
      - Microsoft-HTTPAPI/2.0
      strict-transport-security:
      - max-age=31536000; includeSubDomains
      transfer-encoding:
      - chunked
      vary:
      - Accept-Encoding
      x-content-type-options:
      - nosniff
      x-ms-arm-service-request-id:
      - 684456a8-0afc-4d86-bfa4-67ddd6f54b64
    status:
      code: 200
      message: OK
- request:
    body: '{"location": "westus2", "sku": {"name": "Standard"}, "properties": {"publicIPAllocationMethod":
      "Static", "publicIPAddressVersion": "IPv4", "idleTimeoutInMinutes": 4}}'
    headers:
      Accept:
      - application/json
      Accept-Encoding:
      - gzip, deflate
      CommandName:
      - network public-ip create
      Connection:
      - keep-alive
      Content-Length:
      - '167'
      Content-Type:
      - application/json; charset=utf-8
      ParameterSetName:
      - -g -n --location --sku
      User-Agent:
      - python/3.7.4 (Darwin-19.4.0-x86_64-i386-64bit) msrest/0.6.18 msrest_azure/0.6.3
        azure-mgmt-network/12.0.0 Azure-SDK-For-Python AZURECLI/2.11.1
      accept-language:
      - en-US
    method: PUT
    uri: https://management.azure.com/subscriptions/00000000-0000-0000-0000-000000000000/resourceGroups/clitest000001/providers/Microsoft.Network/publicIPAddresses/cliaksslbip2000003?api-version=2020-07-01
  response:
    body:
      string: "{\r\n  \"name\": \"cliaksslbip2000003\",\r\n  \"id\": \"/subscriptions/00000000-0000-0000-0000-000000000000/resourceGroups/clitest000001/providers/Microsoft.Network/publicIPAddresses/cliaksslbip2000003\"\
        ,\r\n  \"etag\": \"W/\\\"e390578c-7ae9-4a5c-bb88-ebd5330384e4\\\"\",\r\n \
        \ \"location\": \"westus2\",\r\n  \"properties\": {\r\n    \"provisioningState\"\
        : \"Updating\",\r\n    \"resourceGuid\": \"61eb6037-5c76-4bc3-8929-57a495ed01e6\"\
        ,\r\n    \"publicIPAddressVersion\": \"IPv4\",\r\n    \"publicIPAllocationMethod\"\
        : \"Static\",\r\n    \"idleTimeoutInMinutes\": 4,\r\n    \"ipTags\": []\r\n\
        \  },\r\n  \"type\": \"Microsoft.Network/publicIPAddresses\",\r\n  \"sku\"\
        : {\r\n    \"name\": \"Standard\"\r\n  }\r\n}"
    headers:
      azure-asyncnotification:
      - Enabled
      azure-asyncoperation:
      - https://management.azure.com/subscriptions/00000000-0000-0000-0000-000000000000/providers/Microsoft.Network/locations/westus2/operations/bab83880-dcee-45d8-84dd-189520391788?api-version=2020-06-01
      cache-control:
      - no-cache
      content-length:
      - '625'
      content-type:
      - application/json; charset=utf-8
      date:
      - Sat, 12 Sep 2020 23:20:08 GMT
      expires:
      - '-1'
      pragma:
      - no-cache
      server:
      - Microsoft-HTTPAPI/2.0
      - Microsoft-HTTPAPI/2.0
      strict-transport-security:
      - max-age=31536000; includeSubDomains
      x-content-type-options:
      - nosniff
      x-ms-arm-service-request-id:
      - 8ddb64ea-b40f-483b-9ece-bdef803a8f2d
      x-ms-ratelimit-remaining-subscription-writes:
      - '1197'
    status:
      code: 201
      message: Created
- request:
    body: null
    headers:
      Accept:
      - application/json
      Accept-Encoding:
      - gzip, deflate
      CommandName:
      - network public-ip create
      Connection:
      - keep-alive
      ParameterSetName:
      - -g -n --location --sku
      User-Agent:
      - python/3.7.4 (Darwin-19.4.0-x86_64-i386-64bit) msrest/0.6.18 msrest_azure/0.6.3
        azure-mgmt-network/12.0.0 Azure-SDK-For-Python AZURECLI/2.11.1
    method: GET
    uri: https://management.azure.com/subscriptions/00000000-0000-0000-0000-000000000000/providers/Microsoft.Network/locations/westus2/operations/bab83880-dcee-45d8-84dd-189520391788?api-version=2020-06-01
  response:
    body:
      string: "{\r\n  \"status\": \"Succeeded\"\r\n}"
    headers:
      cache-control:
      - no-cache
      content-length:
      - '29'
      content-type:
      - application/json; charset=utf-8
      date:
      - Sat, 12 Sep 2020 23:20:10 GMT
      expires:
      - '-1'
      pragma:
      - no-cache
      server:
      - Microsoft-HTTPAPI/2.0
      - Microsoft-HTTPAPI/2.0
      strict-transport-security:
      - max-age=31536000; includeSubDomains
      transfer-encoding:
      - chunked
      vary:
      - Accept-Encoding
      x-content-type-options:
      - nosniff
      x-ms-arm-service-request-id:
      - 5988732d-935f-4118-963d-e9af45f6f26d
    status:
      code: 200
      message: OK
- request:
    body: null
    headers:
      Accept:
      - application/json
      Accept-Encoding:
      - gzip, deflate
      CommandName:
      - network public-ip create
      Connection:
      - keep-alive
      ParameterSetName:
      - -g -n --location --sku
      User-Agent:
      - python/3.7.4 (Darwin-19.4.0-x86_64-i386-64bit) msrest/0.6.18 msrest_azure/0.6.3
        azure-mgmt-network/12.0.0 Azure-SDK-For-Python AZURECLI/2.11.1
    method: GET
    uri: https://management.azure.com/subscriptions/00000000-0000-0000-0000-000000000000/resourceGroups/clitest000001/providers/Microsoft.Network/publicIPAddresses/cliaksslbip2000003?api-version=2020-07-01
  response:
    body:
      string: "{\r\n  \"name\": \"cliaksslbip2000003\",\r\n  \"id\": \"/subscriptions/00000000-0000-0000-0000-000000000000/resourceGroups/clitest000001/providers/Microsoft.Network/publicIPAddresses/cliaksslbip2000003\"\
        ,\r\n  \"etag\": \"W/\\\"617cfd34-94a5-4404-a1b8-7b4854fcf250\\\"\",\r\n \
        \ \"location\": \"westus2\",\r\n  \"properties\": {\r\n    \"provisioningState\"\
        : \"Succeeded\",\r\n    \"resourceGuid\": \"61eb6037-5c76-4bc3-8929-57a495ed01e6\"\
        ,\r\n    \"ipAddress\": \"20.51.67.196\",\r\n    \"publicIPAddressVersion\"\
        : \"IPv4\",\r\n    \"publicIPAllocationMethod\": \"Static\",\r\n    \"idleTimeoutInMinutes\"\
        : 4,\r\n    \"ipTags\": []\r\n  },\r\n  \"type\": \"Microsoft.Network/publicIPAddresses\"\
        ,\r\n  \"sku\": {\r\n    \"name\": \"Standard\"\r\n  }\r\n}"
    headers:
      cache-control:
      - no-cache
      content-length:
      - '660'
      content-type:
      - application/json; charset=utf-8
      date:
      - Sat, 12 Sep 2020 23:20:10 GMT
      etag:
      - W/"617cfd34-94a5-4404-a1b8-7b4854fcf250"
      expires:
      - '-1'
      pragma:
      - no-cache
      server:
      - Microsoft-HTTPAPI/2.0
      - Microsoft-HTTPAPI/2.0
      strict-transport-security:
      - max-age=31536000; includeSubDomains
      transfer-encoding:
      - chunked
      vary:
      - Accept-Encoding
      x-content-type-options:
      - nosniff
      x-ms-arm-service-request-id:
      - a81dcc4c-1df9-431a-b4d0-d62ca7b91300
    status:
      code: 200
      message: OK
- request:
    body: null
    headers:
      Accept:
      - application/json
      Accept-Encoding:
      - gzip, deflate
      CommandName:
      - aks create
      Connection:
      - keep-alive
      ParameterSetName:
      - --resource-group --name --location --dns-name-prefix --node-count --ssh-key-value
        --service-principal --client-secret --load-balancer-sku --vm-set-type --load-balancer-outbound-ips
      User-Agent:
      - python/3.7.4 (Darwin-19.4.0-x86_64-i386-64bit) msrest/0.6.18 msrest_azure/0.6.3
        azure-mgmt-resource/10.2.0 Azure-SDK-For-Python AZURECLI/2.11.1
      accept-language:
      - en-US
    method: GET
    uri: https://management.azure.com/subscriptions/00000000-0000-0000-0000-000000000000/resourcegroups/clitest000001?api-version=2020-06-01
  response:
    body:
      string: '{"id":"/subscriptions/00000000-0000-0000-0000-000000000000/resourceGroups/clitest000001","name":"clitest000001","type":"Microsoft.Resources/resourceGroups","location":"westus2","tags":{"product":"azurecli","cause":"automation","date":"2020-09-12T23:20:01Z"},"properties":{"provisioningState":"Succeeded"}}'
    headers:
      cache-control:
      - no-cache
      content-length:
      - '313'
      content-type:
      - application/json; charset=utf-8
      date:
      - Sat, 12 Sep 2020 23:20:10 GMT
      expires:
      - '-1'
      pragma:
      - no-cache
      strict-transport-security:
      - max-age=31536000; includeSubDomains
      vary:
      - Accept-Encoding
      x-content-type-options:
      - nosniff
    status:
      code: 200
      message: OK
- request:
    body: '{"location": "westus2", "properties": {"kubernetesVersion": "", "dnsPrefix":
      "cliaksdns000004", "agentPoolProfiles": [{"count": 1, "vmSize": "Standard_DS2_v2",
      "osType": "Linux", "type": "VirtualMachineScaleSets", "mode": "System", "enableNodePublicIP":
      false, "scaleSetPriority": "Regular", "scaleSetEvictionPolicy": "Delete", "name":
      "nodepool1"}], "linuxProfile": {"adminUsername": "azureuser", "ssh": {"publicKeys":
      [{"keyData": "ssh-rsa AAAAB3NzaC1yc2EAAAADAQABAAACAQCbIg1guRHbI0lV11wWDt1r2cUdcNd27CJsg+SfgC7miZeubtwUhbsPdhMQsfDyhOWHq1+ZL0M+nJZV63d/1dhmhtgyOqejUwrPlzKhydsbrsdUor+JmNJDdW01v7BXHyuymT8G4s09jCasNOwiufbP/qp72ruu0bIA1nySsvlf9pCQAuFkAnVnf/rFhUlOkhtRpwcq8SUNY2zRHR/EKb/4NWY1JzR4sa3q2fWIJdrrX0DvLoa5g9bIEd4Df79ba7v+yiUBOS0zT2ll+z4g9izHK3EO5d8hL4jYxcjKs+wcslSYRWrascfscLgMlMGh0CdKeNTDjHpGPncaf3Z+FwwwjWeuiNBxv7bJo13/8B/098KlVDl4GZqsoBCEjPyJfV6hO0y/LkRGkk7oHWKgeWAfKtfLItRp00eZ4fcJNK9kCaSMmEugoZWcI7NGbZXzqFWqbpRI7NcDP9+WIQ+i9U5vqWsqd/zng4kbuAJ6UuKqIzB0upYrLShfQE3SAck8oaLhJqqq56VfDuASNpJKidV+zq27HfSBmbXnkR/5AK337dc3MXKJypoK/QPMLKUAP5XLPbs+NddJQV7EZXd29DLgp+fRIg3edpKdO7ZErWhv7d+3Kws+e1Y+ypmR2WIVSwVyBEUfgv2C8Ts9gnTF4pNcEY/S2aBicz5Ew2+jdyGNQQ==
      test@example.com\n"}]}}, "servicePrincipalProfile": {"clientId": "d1173eb8-7ef3-4844-bc8b-92b7aec4f18f",
      "secret": "4b543e21-083c-42f0-b984-ce90fac62990"}, "addonProfiles": {}, "enableRBAC":
      true, "networkProfile": {"networkPlugin": "kubenet", "podCidr": "10.244.0.0/16",
      "serviceCidr": "10.0.0.0/16", "dnsServiceIP": "10.0.0.10", "dockerBridgeCidr":
      "172.17.0.1/16", "outboundType": "loadBalancer", "loadBalancerSku": "standard",
      "loadBalancerProfile": {"outboundIPs": {"publicIPs": [{"id": "/subscriptions/00000000-0000-0000-0000-000000000000/resourceGroups/clitest000001/providers/Microsoft.Network/publicIPAddresses/cliaksslbip1000002"}]},
      "allocatedOutboundPorts": 0, "idleTimeoutInMinutes": 30}}}}'
    headers:
      Accept:
      - application/json
      Accept-Encoding:
      - gzip, deflate
      CommandName:
      - aks create
      Connection:
      - keep-alive
      Content-Length:
      - '1865'
      Content-Type:
      - application/json; charset=utf-8
      ParameterSetName:
      - --resource-group --name --location --dns-name-prefix --node-count --ssh-key-value
        --service-principal --client-secret --load-balancer-sku --vm-set-type --load-balancer-outbound-ips
      User-Agent:
      - python/3.7.4 (Darwin-19.4.0-x86_64-i386-64bit) msrest/0.6.18 msrest_azure/0.6.3
        azure-mgmt-containerservice/9.4.0 Azure-SDK-For-Python AZURECLI/2.11.1
      accept-language:
      - en-US
    method: PUT
    uri: https://management.azure.com/subscriptions/00000000-0000-0000-0000-000000000000/resourceGroups/clitest000001/providers/Microsoft.ContainerService/managedClusters/cliakstest000001?api-version=2020-09-01
  response:
    body:
      string: "{\n  \"id\": \"/subscriptions/00000000-0000-0000-0000-000000000000/resourcegroups/clitest000001/providers/Microsoft.ContainerService/managedClusters/cliakstest000001\"\
        ,\n  \"location\": \"westus2\",\n  \"name\": \"cliakstest000001\",\n  \"type\"\
        : \"Microsoft.ContainerService/ManagedClusters\",\n  \"properties\": {\n \
        \  \"provisioningState\": \"Creating\",\n   \"kubernetesVersion\": \"1.16.13\"\
        ,\n   \"dnsPrefix\": \"cliaksdns000004\",\n   \"fqdn\": \"cliaksdns000004-bd1ec6bc.hcp.westus2.azmk8s.io\"\
        ,\n   \"agentPoolProfiles\": [\n    {\n     \"name\": \"nodepool1\",\n   \
        \  \"count\": 1,\n     \"vmSize\": \"Standard_DS2_v2\",\n     \"osDiskSizeGB\"\
        : 128,\n     \"osDiskType\": \"Managed\",\n     \"maxPods\": 110,\n     \"\
        type\": \"VirtualMachineScaleSets\",\n     \"provisioningState\": \"Creating\"\
        ,\n     \"orchestratorVersion\": \"1.16.13\",\n     \"enableNodePublicIP\"\
        : false,\n     \"nodeLabels\": {},\n     \"mode\": \"System\",\n     \"osType\"\
        : \"Linux\",\n     \"nodeImageVersion\": \"AKSUbuntu-1604-2020.08.19\"\n \
        \   }\n   ],\n   \"linuxProfile\": {\n    \"adminUsername\": \"azureuser\"\
        ,\n    \"ssh\": {\n     \"publicKeys\": [\n      {\n       \"keyData\": \"\
        ssh-rsa AAAAB3NzaC1yc2EAAAADAQABAAACAQCbIg1guRHbI0lV11wWDt1r2cUdcNd27CJsg+SfgC7miZeubtwUhbsPdhMQsfDyhOWHq1+ZL0M+nJZV63d/1dhmhtgyOqejUwrPlzKhydsbrsdUor+JmNJDdW01v7BXHyuymT8G4s09jCasNOwiufbP/qp72ruu0bIA1nySsvlf9pCQAuFkAnVnf/rFhUlOkhtRpwcq8SUNY2zRHR/EKb/4NWY1JzR4sa3q2fWIJdrrX0DvLoa5g9bIEd4Df79ba7v+yiUBOS0zT2ll+z4g9izHK3EO5d8hL4jYxcjKs+wcslSYRWrascfscLgMlMGh0CdKeNTDjHpGPncaf3Z+FwwwjWeuiNBxv7bJo13/8B/098KlVDl4GZqsoBCEjPyJfV6hO0y/LkRGkk7oHWKgeWAfKtfLItRp00eZ4fcJNK9kCaSMmEugoZWcI7NGbZXzqFWqbpRI7NcDP9+WIQ+i9U5vqWsqd/zng4kbuAJ6UuKqIzB0upYrLShfQE3SAck8oaLhJqqq56VfDuASNpJKidV+zq27HfSBmbXnkR/5AK337dc3MXKJypoK/QPMLKUAP5XLPbs+NddJQV7EZXd29DLgp+fRIg3edpKdO7ZErWhv7d+3Kws+e1Y+ypmR2WIVSwVyBEUfgv2C8Ts9gnTF4pNcEY/S2aBicz5Ew2+jdyGNQQ==\
        \ test@example.com\\n\"\n      }\n     ]\n    }\n   },\n   \"servicePrincipalProfile\"\
        : {\n    \"clientId\": \"d1173eb8-7ef3-4844-bc8b-92b7aec4f18f\"\n   },\n \
        \  \"addonProfiles\": {\n    \"kubedashboard\": {\n     \"enabled\": true,\n\
        \     \"config\": null\n    }\n   },\n   \"nodeResourceGroup\": \"MC_clitest000001_cliakstest000001_westus2\"\
        ,\n   \"enableRBAC\": true,\n   \"networkProfile\": {\n    \"networkPlugin\"\
        : \"kubenet\",\n    \"loadBalancerSku\": \"standard\",\n    \"loadBalancerProfile\"\
        : {\n     \"outboundIPs\": {\n      \"publicIPs\": [\n       {\n        \"\
        id\": \"/subscriptions/00000000-0000-0000-0000-000000000000/resourceGroups/clitest000001/providers/Microsoft.Network/publicIPAddresses/cliaksslbip1000002\"\
        \n       }\n      ]\n     },\n     \"allocatedOutboundPorts\": 0,\n     \"\
        idleTimeoutInMinutes\": 30\n    },\n    \"podCidr\": \"10.244.0.0/16\",\n\
        \    \"serviceCidr\": \"10.0.0.0/16\",\n    \"dnsServiceIP\": \"10.0.0.10\"\
        ,\n    \"dockerBridgeCidr\": \"172.17.0.1/16\",\n    \"outboundType\": \"\
        loadBalancer\"\n   },\n   \"maxAgentPools\": 10\n  },\n  \"sku\": {\n   \"\
        name\": \"Basic\",\n   \"tier\": \"Free\"\n  }\n }"
    headers:
      azure-asyncoperation:
      - https://management.azure.com/subscriptions/00000000-0000-0000-0000-000000000000/providers/Microsoft.ContainerService/locations/westus2/operations/e27e8077-5553-4c44-b79c-84d7e6d6f83c?api-version=2016-03-30
      cache-control:
      - no-cache
      content-length:
      - '2811'
      content-type:
      - application/json
      date:
      - Sat, 12 Sep 2020 23:20:17 GMT
      expires:
      - '-1'
      pragma:
      - no-cache
      server:
      - nginx
      strict-transport-security:
      - max-age=31536000; includeSubDomains
      x-content-type-options:
      - nosniff
      x-ms-ratelimit-remaining-subscription-writes:
      - '1199'
    status:
      code: 201
      message: Created
- request:
    body: null
    headers:
      Accept:
      - application/json
      Accept-Encoding:
      - gzip, deflate
      CommandName:
      - aks create
      Connection:
      - keep-alive
      ParameterSetName:
      - --resource-group --name --location --dns-name-prefix --node-count --ssh-key-value
        --service-principal --client-secret --load-balancer-sku --vm-set-type --load-balancer-outbound-ips
      User-Agent:
      - python/3.7.4 (Darwin-19.4.0-x86_64-i386-64bit) msrest/0.6.18 msrest_azure/0.6.3
        azure-mgmt-containerservice/9.4.0 Azure-SDK-For-Python AZURECLI/2.11.1
    method: GET
    uri: https://management.azure.com/subscriptions/00000000-0000-0000-0000-000000000000/providers/Microsoft.ContainerService/locations/westus2/operations/e27e8077-5553-4c44-b79c-84d7e6d6f83c?api-version=2016-03-30
  response:
    body:
      string: "{\n  \"name\": \"77807ee2-5355-444c-b79c-84d7e6d6f83c\",\n  \"status\"\
        : \"InProgress\",\n  \"startTime\": \"2020-09-12T23:20:17.1149167Z\"\n }"
    headers:
      cache-control:
      - no-cache
      content-length:
      - '126'
      content-type:
      - application/json
      date:
      - Sat, 12 Sep 2020 23:20:47 GMT
      expires:
      - '-1'
      pragma:
      - no-cache
      server:
      - nginx
      strict-transport-security:
      - max-age=31536000; includeSubDomains
      transfer-encoding:
      - chunked
      vary:
      - Accept-Encoding
      x-content-type-options:
      - nosniff
    status:
      code: 200
      message: OK
- request:
    body: null
    headers:
      Accept:
      - application/json
      Accept-Encoding:
      - gzip, deflate
      CommandName:
      - aks create
      Connection:
      - keep-alive
      ParameterSetName:
      - --resource-group --name --location --dns-name-prefix --node-count --ssh-key-value
        --service-principal --client-secret --load-balancer-sku --vm-set-type --load-balancer-outbound-ips
      User-Agent:
      - python/3.7.4 (Darwin-19.4.0-x86_64-i386-64bit) msrest/0.6.18 msrest_azure/0.6.3
        azure-mgmt-containerservice/9.4.0 Azure-SDK-For-Python AZURECLI/2.11.1
    method: GET
    uri: https://management.azure.com/subscriptions/00000000-0000-0000-0000-000000000000/providers/Microsoft.ContainerService/locations/westus2/operations/e27e8077-5553-4c44-b79c-84d7e6d6f83c?api-version=2016-03-30
  response:
    body:
      string: "{\n  \"name\": \"77807ee2-5355-444c-b79c-84d7e6d6f83c\",\n  \"status\"\
        : \"InProgress\",\n  \"startTime\": \"2020-09-12T23:20:17.1149167Z\"\n }"
    headers:
      cache-control:
      - no-cache
      content-length:
      - '126'
      content-type:
      - application/json
      date:
      - Sat, 12 Sep 2020 23:21:17 GMT
      expires:
      - '-1'
      pragma:
      - no-cache
      server:
      - nginx
      strict-transport-security:
      - max-age=31536000; includeSubDomains
      transfer-encoding:
      - chunked
      vary:
      - Accept-Encoding
      x-content-type-options:
      - nosniff
    status:
      code: 200
      message: OK
- request:
    body: null
    headers:
      Accept:
      - application/json
      Accept-Encoding:
      - gzip, deflate
      CommandName:
      - aks create
      Connection:
      - keep-alive
      ParameterSetName:
      - --resource-group --name --location --dns-name-prefix --node-count --ssh-key-value
        --service-principal --client-secret --load-balancer-sku --vm-set-type --load-balancer-outbound-ips
      User-Agent:
      - python/3.7.4 (Darwin-19.4.0-x86_64-i386-64bit) msrest/0.6.18 msrest_azure/0.6.3
        azure-mgmt-containerservice/9.4.0 Azure-SDK-For-Python AZURECLI/2.11.1
    method: GET
    uri: https://management.azure.com/subscriptions/00000000-0000-0000-0000-000000000000/providers/Microsoft.ContainerService/locations/westus2/operations/e27e8077-5553-4c44-b79c-84d7e6d6f83c?api-version=2016-03-30
  response:
    body:
      string: "{\n  \"name\": \"77807ee2-5355-444c-b79c-84d7e6d6f83c\",\n  \"status\"\
        : \"InProgress\",\n  \"startTime\": \"2020-09-12T23:20:17.1149167Z\"\n }"
    headers:
      cache-control:
      - no-cache
      content-length:
      - '126'
      content-type:
      - application/json
      date:
      - Sat, 12 Sep 2020 23:21:47 GMT
      expires:
      - '-1'
      pragma:
      - no-cache
      server:
      - nginx
      strict-transport-security:
      - max-age=31536000; includeSubDomains
      transfer-encoding:
      - chunked
      vary:
      - Accept-Encoding
      x-content-type-options:
      - nosniff
    status:
      code: 200
      message: OK
- request:
    body: null
    headers:
      Accept:
      - application/json
      Accept-Encoding:
      - gzip, deflate
      CommandName:
      - aks create
      Connection:
      - keep-alive
      ParameterSetName:
      - --resource-group --name --location --dns-name-prefix --node-count --ssh-key-value
        --service-principal --client-secret --load-balancer-sku --vm-set-type --load-balancer-outbound-ips
      User-Agent:
      - python/3.7.4 (Darwin-19.4.0-x86_64-i386-64bit) msrest/0.6.18 msrest_azure/0.6.3
        azure-mgmt-containerservice/9.4.0 Azure-SDK-For-Python AZURECLI/2.11.1
    method: GET
    uri: https://management.azure.com/subscriptions/00000000-0000-0000-0000-000000000000/providers/Microsoft.ContainerService/locations/westus2/operations/e27e8077-5553-4c44-b79c-84d7e6d6f83c?api-version=2016-03-30
  response:
    body:
      string: "{\n  \"name\": \"77807ee2-5355-444c-b79c-84d7e6d6f83c\",\n  \"status\"\
        : \"InProgress\",\n  \"startTime\": \"2020-09-12T23:20:17.1149167Z\"\n }"
    headers:
      cache-control:
      - no-cache
      content-length:
      - '126'
      content-type:
      - application/json
      date:
      - Sat, 12 Sep 2020 23:22:18 GMT
      expires:
      - '-1'
      pragma:
      - no-cache
      server:
      - nginx
      strict-transport-security:
      - max-age=31536000; includeSubDomains
      transfer-encoding:
      - chunked
      vary:
      - Accept-Encoding
      x-content-type-options:
      - nosniff
    status:
      code: 200
      message: OK
- request:
    body: null
    headers:
      Accept:
      - application/json
      Accept-Encoding:
      - gzip, deflate
      CommandName:
      - aks create
      Connection:
      - keep-alive
      ParameterSetName:
      - --resource-group --name --location --dns-name-prefix --node-count --ssh-key-value
        --service-principal --client-secret --load-balancer-sku --vm-set-type --load-balancer-outbound-ips
      User-Agent:
      - python/3.7.4 (Darwin-19.4.0-x86_64-i386-64bit) msrest/0.6.18 msrest_azure/0.6.3
        azure-mgmt-containerservice/9.4.0 Azure-SDK-For-Python AZURECLI/2.11.1
    method: GET
    uri: https://management.azure.com/subscriptions/00000000-0000-0000-0000-000000000000/providers/Microsoft.ContainerService/locations/westus2/operations/e27e8077-5553-4c44-b79c-84d7e6d6f83c?api-version=2016-03-30
  response:
    body:
      string: "{\n  \"name\": \"77807ee2-5355-444c-b79c-84d7e6d6f83c\",\n  \"status\"\
        : \"InProgress\",\n  \"startTime\": \"2020-09-12T23:20:17.1149167Z\"\n }"
    headers:
      cache-control:
      - no-cache
      content-length:
      - '126'
      content-type:
      - application/json
      date:
      - Sat, 12 Sep 2020 23:22:49 GMT
      expires:
      - '-1'
      pragma:
      - no-cache
      server:
      - nginx
      strict-transport-security:
      - max-age=31536000; includeSubDomains
      transfer-encoding:
      - chunked
      vary:
      - Accept-Encoding
      x-content-type-options:
      - nosniff
    status:
      code: 200
      message: OK
- request:
    body: null
    headers:
      Accept:
      - application/json
      Accept-Encoding:
      - gzip, deflate
      CommandName:
      - aks create
      Connection:
      - keep-alive
      ParameterSetName:
      - --resource-group --name --location --dns-name-prefix --node-count --ssh-key-value
        --service-principal --client-secret --load-balancer-sku --vm-set-type --load-balancer-outbound-ips
      User-Agent:
      - python/3.7.4 (Darwin-19.4.0-x86_64-i386-64bit) msrest/0.6.18 msrest_azure/0.6.3
        azure-mgmt-containerservice/9.4.0 Azure-SDK-For-Python AZURECLI/2.11.1
    method: GET
    uri: https://management.azure.com/subscriptions/00000000-0000-0000-0000-000000000000/providers/Microsoft.ContainerService/locations/westus2/operations/e27e8077-5553-4c44-b79c-84d7e6d6f83c?api-version=2016-03-30
  response:
    body:
      string: "{\n  \"name\": \"77807ee2-5355-444c-b79c-84d7e6d6f83c\",\n  \"status\"\
        : \"InProgress\",\n  \"startTime\": \"2020-09-12T23:20:17.1149167Z\"\n }"
    headers:
      cache-control:
      - no-cache
      content-length:
      - '126'
      content-type:
      - application/json
      date:
      - Sat, 12 Sep 2020 23:23:19 GMT
      expires:
      - '-1'
      pragma:
      - no-cache
      server:
      - nginx
      strict-transport-security:
      - max-age=31536000; includeSubDomains
      transfer-encoding:
      - chunked
      vary:
      - Accept-Encoding
      x-content-type-options:
      - nosniff
    status:
      code: 200
      message: OK
- request:
    body: null
    headers:
      Accept:
      - application/json
      Accept-Encoding:
      - gzip, deflate
      CommandName:
      - aks create
      Connection:
      - keep-alive
      ParameterSetName:
      - --resource-group --name --location --dns-name-prefix --node-count --ssh-key-value
        --service-principal --client-secret --load-balancer-sku --vm-set-type --load-balancer-outbound-ips
      User-Agent:
      - python/3.7.4 (Darwin-19.4.0-x86_64-i386-64bit) msrest/0.6.18 msrest_azure/0.6.3
        azure-mgmt-containerservice/9.4.0 Azure-SDK-For-Python AZURECLI/2.11.1
    method: GET
    uri: https://management.azure.com/subscriptions/00000000-0000-0000-0000-000000000000/providers/Microsoft.ContainerService/locations/westus2/operations/e27e8077-5553-4c44-b79c-84d7e6d6f83c?api-version=2016-03-30
  response:
    body:
      string: "{\n  \"name\": \"77807ee2-5355-444c-b79c-84d7e6d6f83c\",\n  \"status\"\
        : \"InProgress\",\n  \"startTime\": \"2020-09-12T23:20:17.1149167Z\"\n }"
    headers:
      cache-control:
      - no-cache
      content-length:
      - '126'
      content-type:
      - application/json
      date:
      - Sat, 12 Sep 2020 23:23:49 GMT
      expires:
      - '-1'
      pragma:
      - no-cache
      server:
      - nginx
      strict-transport-security:
      - max-age=31536000; includeSubDomains
      transfer-encoding:
      - chunked
      vary:
      - Accept-Encoding
      x-content-type-options:
      - nosniff
    status:
      code: 200
      message: OK
- request:
    body: null
    headers:
      Accept:
      - application/json
      Accept-Encoding:
      - gzip, deflate
      CommandName:
      - aks create
      Connection:
      - keep-alive
      ParameterSetName:
      - --resource-group --name --location --dns-name-prefix --node-count --ssh-key-value
        --service-principal --client-secret --load-balancer-sku --vm-set-type --load-balancer-outbound-ips
      User-Agent:
      - python/3.7.4 (Darwin-19.4.0-x86_64-i386-64bit) msrest/0.6.18 msrest_azure/0.6.3
        azure-mgmt-containerservice/9.4.0 Azure-SDK-For-Python AZURECLI/2.11.1
    method: GET
    uri: https://management.azure.com/subscriptions/00000000-0000-0000-0000-000000000000/providers/Microsoft.ContainerService/locations/westus2/operations/e27e8077-5553-4c44-b79c-84d7e6d6f83c?api-version=2016-03-30
  response:
    body:
      string: "{\n  \"name\": \"77807ee2-5355-444c-b79c-84d7e6d6f83c\",\n  \"status\"\
        : \"InProgress\",\n  \"startTime\": \"2020-09-12T23:20:17.1149167Z\"\n }"
    headers:
      cache-control:
      - no-cache
      content-length:
      - '126'
      content-type:
      - application/json
      date:
      - Sat, 12 Sep 2020 23:24:19 GMT
      expires:
      - '-1'
      pragma:
      - no-cache
      server:
      - nginx
      strict-transport-security:
      - max-age=31536000; includeSubDomains
      transfer-encoding:
      - chunked
      vary:
      - Accept-Encoding
      x-content-type-options:
      - nosniff
    status:
      code: 200
      message: OK
- request:
    body: null
    headers:
      Accept:
      - application/json
      Accept-Encoding:
      - gzip, deflate
      CommandName:
      - aks create
      Connection:
      - keep-alive
      ParameterSetName:
      - --resource-group --name --location --dns-name-prefix --node-count --ssh-key-value
        --service-principal --client-secret --load-balancer-sku --vm-set-type --load-balancer-outbound-ips
      User-Agent:
      - python/3.7.4 (Darwin-19.4.0-x86_64-i386-64bit) msrest/0.6.18 msrest_azure/0.6.3
        azure-mgmt-containerservice/9.4.0 Azure-SDK-For-Python AZURECLI/2.11.1
    method: GET
    uri: https://management.azure.com/subscriptions/00000000-0000-0000-0000-000000000000/providers/Microsoft.ContainerService/locations/westus2/operations/e27e8077-5553-4c44-b79c-84d7e6d6f83c?api-version=2016-03-30
  response:
    body:
      string: "{\n  \"name\": \"77807ee2-5355-444c-b79c-84d7e6d6f83c\",\n  \"status\"\
        : \"Succeeded\",\n  \"startTime\": \"2020-09-12T23:20:17.1149167Z\",\n  \"\
        endTime\": \"2020-09-12T23:24:46.753676Z\"\n }"
    headers:
      cache-control:
      - no-cache
      content-length:
      - '169'
      content-type:
      - application/json
      date:
      - Sat, 12 Sep 2020 23:24:50 GMT
      expires:
      - '-1'
      pragma:
      - no-cache
      server:
      - nginx
      strict-transport-security:
      - max-age=31536000; includeSubDomains
      transfer-encoding:
      - chunked
      vary:
      - Accept-Encoding
      x-content-type-options:
      - nosniff
    status:
      code: 200
      message: OK
- request:
    body: null
    headers:
      Accept:
      - application/json
      Accept-Encoding:
      - gzip, deflate
      CommandName:
      - aks create
      Connection:
      - keep-alive
      ParameterSetName:
      - --resource-group --name --location --dns-name-prefix --node-count --ssh-key-value
        --service-principal --client-secret --load-balancer-sku --vm-set-type --load-balancer-outbound-ips
      User-Agent:
      - python/3.7.4 (Darwin-19.4.0-x86_64-i386-64bit) msrest/0.6.18 msrest_azure/0.6.3
        azure-mgmt-containerservice/9.4.0 Azure-SDK-For-Python AZURECLI/2.11.1
    method: GET
    uri: https://management.azure.com/subscriptions/00000000-0000-0000-0000-000000000000/resourceGroups/clitest000001/providers/Microsoft.ContainerService/managedClusters/cliakstest000001?api-version=2020-09-01
  response:
    body:
      string: "{\n  \"id\": \"/subscriptions/00000000-0000-0000-0000-000000000000/resourcegroups/clitest000001/providers/Microsoft.ContainerService/managedClusters/cliakstest000001\"\
        ,\n  \"location\": \"westus2\",\n  \"name\": \"cliakstest000001\",\n  \"type\"\
        : \"Microsoft.ContainerService/ManagedClusters\",\n  \"properties\": {\n \
        \  \"provisioningState\": \"Succeeded\",\n   \"kubernetesVersion\": \"1.16.13\"\
        ,\n   \"dnsPrefix\": \"cliaksdns000004\",\n   \"fqdn\": \"cliaksdns000004-bd1ec6bc.hcp.westus2.azmk8s.io\"\
        ,\n   \"agentPoolProfiles\": [\n    {\n     \"name\": \"nodepool1\",\n   \
        \  \"count\": 1,\n     \"vmSize\": \"Standard_DS2_v2\",\n     \"osDiskSizeGB\"\
        : 128,\n     \"osDiskType\": \"Managed\",\n     \"maxPods\": 110,\n     \"\
        type\": \"VirtualMachineScaleSets\",\n     \"provisioningState\": \"Succeeded\"\
        ,\n     \"orchestratorVersion\": \"1.16.13\",\n     \"enableNodePublicIP\"\
        : false,\n     \"nodeLabels\": {},\n     \"mode\": \"System\",\n     \"osType\"\
        : \"Linux\",\n     \"nodeImageVersion\": \"AKSUbuntu-1604-2020.08.19\"\n \
        \   }\n   ],\n   \"linuxProfile\": {\n    \"adminUsername\": \"azureuser\"\
        ,\n    \"ssh\": {\n     \"publicKeys\": [\n      {\n       \"keyData\": \"\
        ssh-rsa AAAAB3NzaC1yc2EAAAADAQABAAACAQCbIg1guRHbI0lV11wWDt1r2cUdcNd27CJsg+SfgC7miZeubtwUhbsPdhMQsfDyhOWHq1+ZL0M+nJZV63d/1dhmhtgyOqejUwrPlzKhydsbrsdUor+JmNJDdW01v7BXHyuymT8G4s09jCasNOwiufbP/qp72ruu0bIA1nySsvlf9pCQAuFkAnVnf/rFhUlOkhtRpwcq8SUNY2zRHR/EKb/4NWY1JzR4sa3q2fWIJdrrX0DvLoa5g9bIEd4Df79ba7v+yiUBOS0zT2ll+z4g9izHK3EO5d8hL4jYxcjKs+wcslSYRWrascfscLgMlMGh0CdKeNTDjHpGPncaf3Z+FwwwjWeuiNBxv7bJo13/8B/098KlVDl4GZqsoBCEjPyJfV6hO0y/LkRGkk7oHWKgeWAfKtfLItRp00eZ4fcJNK9kCaSMmEugoZWcI7NGbZXzqFWqbpRI7NcDP9+WIQ+i9U5vqWsqd/zng4kbuAJ6UuKqIzB0upYrLShfQE3SAck8oaLhJqqq56VfDuASNpJKidV+zq27HfSBmbXnkR/5AK337dc3MXKJypoK/QPMLKUAP5XLPbs+NddJQV7EZXd29DLgp+fRIg3edpKdO7ZErWhv7d+3Kws+e1Y+ypmR2WIVSwVyBEUfgv2C8Ts9gnTF4pNcEY/S2aBicz5Ew2+jdyGNQQ==\
        \ test@example.com\\n\"\n      }\n     ]\n    }\n   },\n   \"servicePrincipalProfile\"\
        : {\n    \"clientId\": \"d1173eb8-7ef3-4844-bc8b-92b7aec4f18f\"\n   },\n \
        \  \"addonProfiles\": {\n    \"kubedashboard\": {\n     \"enabled\": true,\n\
        \     \"config\": null\n    }\n   },\n   \"nodeResourceGroup\": \"MC_clitest000001_cliakstest000001_westus2\"\
        ,\n   \"enableRBAC\": true,\n   \"networkProfile\": {\n    \"networkPlugin\"\
        : \"kubenet\",\n    \"loadBalancerSku\": \"Standard\",\n    \"loadBalancerProfile\"\
        : {\n     \"outboundIPs\": {\n      \"publicIPs\": [\n       {\n        \"\
        id\": \"/subscriptions/00000000-0000-0000-0000-000000000000/resourceGroups/clitest000001/providers/Microsoft.Network/publicIPAddresses/cliaksslbip1000002\"\
        \n       }\n      ]\n     },\n     \"effectiveOutboundIPs\": [\n      {\n\
        \       \"id\": \"/subscriptions/00000000-0000-0000-0000-000000000000/resourceGroups/clitest000001/providers/Microsoft.Network/publicIPAddresses/cliaksslbip1000002\"\
        \n      }\n     ],\n     \"allocatedOutboundPorts\": 0,\n     \"idleTimeoutInMinutes\"\
        : 30\n    },\n    \"podCidr\": \"10.244.0.0/16\",\n    \"serviceCidr\": \"\
        10.0.0.0/16\",\n    \"dnsServiceIP\": \"10.0.0.10\",\n    \"dockerBridgeCidr\"\
        : \"172.17.0.1/16\",\n    \"outboundType\": \"loadBalancer\"\n   },\n   \"\
        maxAgentPools\": 10\n  },\n  \"sku\": {\n   \"name\": \"Basic\",\n   \"tier\"\
        : \"Free\"\n  }\n }"
    headers:
      cache-control:
      - no-cache
      content-length:
      - '3031'
      content-type:
      - application/json
      date:
      - Sat, 12 Sep 2020 23:24:50 GMT
      expires:
      - '-1'
      pragma:
      - no-cache
      server:
      - nginx
      strict-transport-security:
      - max-age=31536000; includeSubDomains
      transfer-encoding:
      - chunked
      vary:
      - Accept-Encoding
      x-content-type-options:
      - nosniff
    status:
      code: 200
      message: OK
- request:
    body: null
    headers:
      Accept:
      - application/json
      Accept-Encoding:
      - gzip, deflate
      CommandName:
      - aks list
      Connection:
      - keep-alive
      ParameterSetName:
      - -g
      User-Agent:
      - python/3.7.4 (Darwin-19.4.0-x86_64-i386-64bit) msrest/0.6.18 msrest_azure/0.6.3
        azure-mgmt-containerservice/9.4.0 Azure-SDK-For-Python AZURECLI/2.11.1
      accept-language:
      - en-US
    method: GET
    uri: https://management.azure.com/subscriptions/00000000-0000-0000-0000-000000000000/resourceGroups/clitest000001/providers/Microsoft.ContainerService/managedClusters?api-version=2020-09-01
  response:
    body:
      string: "{\n  \"value\": [\n   {\n    \"id\": \"/subscriptions/00000000-0000-0000-0000-000000000000/resourcegroups/clitest000001/providers/Microsoft.ContainerService/managedClusters/cliakstest000001\"\
        ,\n    \"location\": \"westus2\",\n    \"name\": \"cliakstest000001\",\n \
        \   \"type\": \"Microsoft.ContainerService/ManagedClusters\",\n    \"properties\"\
        : {\n     \"provisioningState\": \"Succeeded\",\n     \"kubernetesVersion\"\
        : \"1.16.13\",\n     \"dnsPrefix\": \"cliaksdns000004\",\n     \"fqdn\": \"\
        cliaksdns000004-bd1ec6bc.hcp.westus2.azmk8s.io\",\n     \"agentPoolProfiles\"\
        : [\n      {\n       \"name\": \"nodepool1\",\n       \"count\": 1,\n    \
        \   \"vmSize\": \"Standard_DS2_v2\",\n       \"osDiskSizeGB\": 128,\n    \
        \   \"osDiskType\": \"Managed\",\n       \"maxPods\": 110,\n       \"type\"\
        : \"VirtualMachineScaleSets\",\n       \"provisioningState\": \"Succeeded\"\
        ,\n       \"orchestratorVersion\": \"1.16.13\",\n       \"enableNodePublicIP\"\
        : false,\n       \"nodeLabels\": {},\n       \"mode\": \"System\",\n     \
        \  \"osType\": \"Linux\",\n       \"nodeImageVersion\": \"AKSUbuntu-1604-2020.08.19\"\
        \n      }\n     ],\n     \"linuxProfile\": {\n      \"adminUsername\": \"\
        azureuser\",\n      \"ssh\": {\n       \"publicKeys\": [\n        {\n    \
        \     \"keyData\": \"ssh-rsa AAAAB3NzaC1yc2EAAAADAQABAAACAQCbIg1guRHbI0lV11wWDt1r2cUdcNd27CJsg+SfgC7miZeubtwUhbsPdhMQsfDyhOWHq1+ZL0M+nJZV63d/1dhmhtgyOqejUwrPlzKhydsbrsdUor+JmNJDdW01v7BXHyuymT8G4s09jCasNOwiufbP/qp72ruu0bIA1nySsvlf9pCQAuFkAnVnf/rFhUlOkhtRpwcq8SUNY2zRHR/EKb/4NWY1JzR4sa3q2fWIJdrrX0DvLoa5g9bIEd4Df79ba7v+yiUBOS0zT2ll+z4g9izHK3EO5d8hL4jYxcjKs+wcslSYRWrascfscLgMlMGh0CdKeNTDjHpGPncaf3Z+FwwwjWeuiNBxv7bJo13/8B/098KlVDl4GZqsoBCEjPyJfV6hO0y/LkRGkk7oHWKgeWAfKtfLItRp00eZ4fcJNK9kCaSMmEugoZWcI7NGbZXzqFWqbpRI7NcDP9+WIQ+i9U5vqWsqd/zng4kbuAJ6UuKqIzB0upYrLShfQE3SAck8oaLhJqqq56VfDuASNpJKidV+zq27HfSBmbXnkR/5AK337dc3MXKJypoK/QPMLKUAP5XLPbs+NddJQV7EZXd29DLgp+fRIg3edpKdO7ZErWhv7d+3Kws+e1Y+ypmR2WIVSwVyBEUfgv2C8Ts9gnTF4pNcEY/S2aBicz5Ew2+jdyGNQQ==\
        \ test@example.com\\n\"\n        }\n       ]\n      }\n     },\n     \"servicePrincipalProfile\"\
        : {\n      \"clientId\": \"d1173eb8-7ef3-4844-bc8b-92b7aec4f18f\"\n     },\n\
        \     \"addonProfiles\": {\n      \"kubedashboard\": {\n       \"enabled\"\
        : true,\n       \"config\": null\n      }\n     },\n     \"nodeResourceGroup\"\
        : \"MC_clitest000001_cliakstest000001_westus2\",\n     \"enableRBAC\": true,\n\
        \     \"networkProfile\": {\n      \"networkPlugin\": \"kubenet\",\n     \
        \ \"loadBalancerSku\": \"Standard\",\n      \"loadBalancerProfile\": {\n \
        \      \"outboundIPs\": {\n        \"publicIPs\": [\n         {\n        \
        \  \"id\": \"/subscriptions/00000000-0000-0000-0000-000000000000/resourceGroups/clitest000001/providers/Microsoft.Network/publicIPAddresses/cliaksslbip1000002\"\
        \n         }\n        ]\n       },\n       \"effectiveOutboundIPs\": [\n \
        \       {\n         \"id\": \"/subscriptions/00000000-0000-0000-0000-000000000000/resourceGroups/clitest000001/providers/Microsoft.Network/publicIPAddresses/cliaksslbip1000002\"\
        \n        }\n       ],\n       \"allocatedOutboundPorts\": 0,\n       \"idleTimeoutInMinutes\"\
        : 30\n      },\n      \"podCidr\": \"10.244.0.0/16\",\n      \"serviceCidr\"\
        : \"10.0.0.0/16\",\n      \"dnsServiceIP\": \"10.0.0.10\",\n      \"dockerBridgeCidr\"\
        : \"172.17.0.1/16\",\n      \"outboundType\": \"loadBalancer\"\n     },\n\
        \     \"maxAgentPools\": 10\n    },\n    \"sku\": {\n     \"name\": \"Basic\"\
        ,\n     \"tier\": \"Free\"\n    }\n   }\n  ]\n }"
    headers:
      cache-control:
      - no-cache
      content-length:
      - '3216'
      content-type:
      - application/json
      date:
      - Sat, 12 Sep 2020 23:24:51 GMT
      expires:
      - '-1'
      pragma:
      - no-cache
      server:
      - nginx
      strict-transport-security:
      - max-age=31536000; includeSubDomains
      transfer-encoding:
      - chunked
      vary:
      - Accept-Encoding
      x-content-type-options:
      - nosniff
    status:
      code: 200
      message: OK
- request:
    body: null
    headers:
      Accept:
      - application/json
      Accept-Encoding:
      - gzip, deflate
      CommandName:
      - aks list
      Connection:
      - keep-alive
      ParameterSetName:
      - -g -o
      User-Agent:
      - python/3.7.4 (Darwin-19.4.0-x86_64-i386-64bit) msrest/0.6.18 msrest_azure/0.6.3
        azure-mgmt-containerservice/9.4.0 Azure-SDK-For-Python AZURECLI/2.11.1
      accept-language:
      - en-US
    method: GET
    uri: https://management.azure.com/subscriptions/00000000-0000-0000-0000-000000000000/resourceGroups/clitest000001/providers/Microsoft.ContainerService/managedClusters?api-version=2020-09-01
  response:
    body:
      string: "{\n  \"value\": [\n   {\n    \"id\": \"/subscriptions/00000000-0000-0000-0000-000000000000/resourcegroups/clitest000001/providers/Microsoft.ContainerService/managedClusters/cliakstest000001\"\
        ,\n    \"location\": \"westus2\",\n    \"name\": \"cliakstest000001\",\n \
        \   \"type\": \"Microsoft.ContainerService/ManagedClusters\",\n    \"properties\"\
        : {\n     \"provisioningState\": \"Succeeded\",\n     \"kubernetesVersion\"\
        : \"1.16.13\",\n     \"dnsPrefix\": \"cliaksdns000004\",\n     \"fqdn\": \"\
        cliaksdns000004-bd1ec6bc.hcp.westus2.azmk8s.io\",\n     \"agentPoolProfiles\"\
        : [\n      {\n       \"name\": \"nodepool1\",\n       \"count\": 1,\n    \
        \   \"vmSize\": \"Standard_DS2_v2\",\n       \"osDiskSizeGB\": 128,\n    \
        \   \"osDiskType\": \"Managed\",\n       \"maxPods\": 110,\n       \"type\"\
        : \"VirtualMachineScaleSets\",\n       \"provisioningState\": \"Succeeded\"\
        ,\n       \"orchestratorVersion\": \"1.16.13\",\n       \"enableNodePublicIP\"\
        : false,\n       \"nodeLabels\": {},\n       \"mode\": \"System\",\n     \
        \  \"osType\": \"Linux\",\n       \"nodeImageVersion\": \"AKSUbuntu-1604-2020.08.19\"\
        \n      }\n     ],\n     \"linuxProfile\": {\n      \"adminUsername\": \"\
        azureuser\",\n      \"ssh\": {\n       \"publicKeys\": [\n        {\n    \
        \     \"keyData\": \"ssh-rsa AAAAB3NzaC1yc2EAAAADAQABAAACAQCbIg1guRHbI0lV11wWDt1r2cUdcNd27CJsg+SfgC7miZeubtwUhbsPdhMQsfDyhOWHq1+ZL0M+nJZV63d/1dhmhtgyOqejUwrPlzKhydsbrsdUor+JmNJDdW01v7BXHyuymT8G4s09jCasNOwiufbP/qp72ruu0bIA1nySsvlf9pCQAuFkAnVnf/rFhUlOkhtRpwcq8SUNY2zRHR/EKb/4NWY1JzR4sa3q2fWIJdrrX0DvLoa5g9bIEd4Df79ba7v+yiUBOS0zT2ll+z4g9izHK3EO5d8hL4jYxcjKs+wcslSYRWrascfscLgMlMGh0CdKeNTDjHpGPncaf3Z+FwwwjWeuiNBxv7bJo13/8B/098KlVDl4GZqsoBCEjPyJfV6hO0y/LkRGkk7oHWKgeWAfKtfLItRp00eZ4fcJNK9kCaSMmEugoZWcI7NGbZXzqFWqbpRI7NcDP9+WIQ+i9U5vqWsqd/zng4kbuAJ6UuKqIzB0upYrLShfQE3SAck8oaLhJqqq56VfDuASNpJKidV+zq27HfSBmbXnkR/5AK337dc3MXKJypoK/QPMLKUAP5XLPbs+NddJQV7EZXd29DLgp+fRIg3edpKdO7ZErWhv7d+3Kws+e1Y+ypmR2WIVSwVyBEUfgv2C8Ts9gnTF4pNcEY/S2aBicz5Ew2+jdyGNQQ==\
        \ test@example.com\\n\"\n        }\n       ]\n      }\n     },\n     \"servicePrincipalProfile\"\
        : {\n      \"clientId\": \"d1173eb8-7ef3-4844-bc8b-92b7aec4f18f\"\n     },\n\
        \     \"addonProfiles\": {\n      \"kubedashboard\": {\n       \"enabled\"\
        : true,\n       \"config\": null\n      }\n     },\n     \"nodeResourceGroup\"\
        : \"MC_clitest000001_cliakstest000001_westus2\",\n     \"enableRBAC\": true,\n\
        \     \"networkProfile\": {\n      \"networkPlugin\": \"kubenet\",\n     \
        \ \"loadBalancerSku\": \"Standard\",\n      \"loadBalancerProfile\": {\n \
        \      \"outboundIPs\": {\n        \"publicIPs\": [\n         {\n        \
        \  \"id\": \"/subscriptions/00000000-0000-0000-0000-000000000000/resourceGroups/clitest000001/providers/Microsoft.Network/publicIPAddresses/cliaksslbip1000002\"\
        \n         }\n        ]\n       },\n       \"effectiveOutboundIPs\": [\n \
        \       {\n         \"id\": \"/subscriptions/00000000-0000-0000-0000-000000000000/resourceGroups/clitest000001/providers/Microsoft.Network/publicIPAddresses/cliaksslbip1000002\"\
        \n        }\n       ],\n       \"allocatedOutboundPorts\": 0,\n       \"idleTimeoutInMinutes\"\
        : 30\n      },\n      \"podCidr\": \"10.244.0.0/16\",\n      \"serviceCidr\"\
        : \"10.0.0.0/16\",\n      \"dnsServiceIP\": \"10.0.0.10\",\n      \"dockerBridgeCidr\"\
        : \"172.17.0.1/16\",\n      \"outboundType\": \"loadBalancer\"\n     },\n\
        \     \"maxAgentPools\": 10\n    },\n    \"sku\": {\n     \"name\": \"Basic\"\
        ,\n     \"tier\": \"Free\"\n    }\n   }\n  ]\n }"
    headers:
      cache-control:
      - no-cache
      content-length:
      - '3216'
      content-type:
      - application/json
      date:
      - Sat, 12 Sep 2020 23:24:52 GMT
      expires:
      - '-1'
      pragma:
      - no-cache
      server:
      - nginx
      strict-transport-security:
      - max-age=31536000; includeSubDomains
      transfer-encoding:
      - chunked
      vary:
      - Accept-Encoding
      x-content-type-options:
      - nosniff
    status:
      code: 200
      message: OK
- request:
    body: null
    headers:
      Accept:
      - application/json
      Accept-Encoding:
      - gzip, deflate
      CommandName:
      - aks show
      Connection:
      - keep-alive
      ParameterSetName:
      - -g -n
      User-Agent:
      - python/3.7.4 (Darwin-19.4.0-x86_64-i386-64bit) msrest/0.6.18 msrest_azure/0.6.3
        azure-mgmt-containerservice/9.4.0 Azure-SDK-For-Python AZURECLI/2.11.1
      accept-language:
      - en-US
    method: GET
    uri: https://management.azure.com/subscriptions/00000000-0000-0000-0000-000000000000/resourceGroups/clitest000001/providers/Microsoft.ContainerService/managedClusters/cliakstest000001?api-version=2020-09-01
  response:
    body:
      string: "{\n  \"id\": \"/subscriptions/00000000-0000-0000-0000-000000000000/resourcegroups/clitest000001/providers/Microsoft.ContainerService/managedClusters/cliakstest000001\"\
        ,\n  \"location\": \"westus2\",\n  \"name\": \"cliakstest000001\",\n  \"type\"\
        : \"Microsoft.ContainerService/ManagedClusters\",\n  \"properties\": {\n \
        \  \"provisioningState\": \"Succeeded\",\n   \"kubernetesVersion\": \"1.16.13\"\
        ,\n   \"dnsPrefix\": \"cliaksdns000004\",\n   \"fqdn\": \"cliaksdns000004-bd1ec6bc.hcp.westus2.azmk8s.io\"\
        ,\n   \"agentPoolProfiles\": [\n    {\n     \"name\": \"nodepool1\",\n   \
        \  \"count\": 1,\n     \"vmSize\": \"Standard_DS2_v2\",\n     \"osDiskSizeGB\"\
        : 128,\n     \"osDiskType\": \"Managed\",\n     \"maxPods\": 110,\n     \"\
        type\": \"VirtualMachineScaleSets\",\n     \"provisioningState\": \"Succeeded\"\
        ,\n     \"orchestratorVersion\": \"1.16.13\",\n     \"enableNodePublicIP\"\
        : false,\n     \"nodeLabels\": {},\n     \"mode\": \"System\",\n     \"osType\"\
        : \"Linux\",\n     \"nodeImageVersion\": \"AKSUbuntu-1604-2020.08.19\"\n \
        \   }\n   ],\n   \"linuxProfile\": {\n    \"adminUsername\": \"azureuser\"\
        ,\n    \"ssh\": {\n     \"publicKeys\": [\n      {\n       \"keyData\": \"\
        ssh-rsa AAAAB3NzaC1yc2EAAAADAQABAAACAQCbIg1guRHbI0lV11wWDt1r2cUdcNd27CJsg+SfgC7miZeubtwUhbsPdhMQsfDyhOWHq1+ZL0M+nJZV63d/1dhmhtgyOqejUwrPlzKhydsbrsdUor+JmNJDdW01v7BXHyuymT8G4s09jCasNOwiufbP/qp72ruu0bIA1nySsvlf9pCQAuFkAnVnf/rFhUlOkhtRpwcq8SUNY2zRHR/EKb/4NWY1JzR4sa3q2fWIJdrrX0DvLoa5g9bIEd4Df79ba7v+yiUBOS0zT2ll+z4g9izHK3EO5d8hL4jYxcjKs+wcslSYRWrascfscLgMlMGh0CdKeNTDjHpGPncaf3Z+FwwwjWeuiNBxv7bJo13/8B/098KlVDl4GZqsoBCEjPyJfV6hO0y/LkRGkk7oHWKgeWAfKtfLItRp00eZ4fcJNK9kCaSMmEugoZWcI7NGbZXzqFWqbpRI7NcDP9+WIQ+i9U5vqWsqd/zng4kbuAJ6UuKqIzB0upYrLShfQE3SAck8oaLhJqqq56VfDuASNpJKidV+zq27HfSBmbXnkR/5AK337dc3MXKJypoK/QPMLKUAP5XLPbs+NddJQV7EZXd29DLgp+fRIg3edpKdO7ZErWhv7d+3Kws+e1Y+ypmR2WIVSwVyBEUfgv2C8Ts9gnTF4pNcEY/S2aBicz5Ew2+jdyGNQQ==\
        \ test@example.com\\n\"\n      }\n     ]\n    }\n   },\n   \"servicePrincipalProfile\"\
        : {\n    \"clientId\": \"d1173eb8-7ef3-4844-bc8b-92b7aec4f18f\"\n   },\n \
        \  \"addonProfiles\": {\n    \"kubedashboard\": {\n     \"enabled\": true,\n\
        \     \"config\": null\n    }\n   },\n   \"nodeResourceGroup\": \"MC_clitest000001_cliakstest000001_westus2\"\
        ,\n   \"enableRBAC\": true,\n   \"networkProfile\": {\n    \"networkPlugin\"\
        : \"kubenet\",\n    \"loadBalancerSku\": \"Standard\",\n    \"loadBalancerProfile\"\
        : {\n     \"outboundIPs\": {\n      \"publicIPs\": [\n       {\n        \"\
        id\": \"/subscriptions/00000000-0000-0000-0000-000000000000/resourceGroups/clitest000001/providers/Microsoft.Network/publicIPAddresses/cliaksslbip1000002\"\
        \n       }\n      ]\n     },\n     \"effectiveOutboundIPs\": [\n      {\n\
        \       \"id\": \"/subscriptions/00000000-0000-0000-0000-000000000000/resourceGroups/clitest000001/providers/Microsoft.Network/publicIPAddresses/cliaksslbip1000002\"\
        \n      }\n     ],\n     \"allocatedOutboundPorts\": 0,\n     \"idleTimeoutInMinutes\"\
        : 30\n    },\n    \"podCidr\": \"10.244.0.0/16\",\n    \"serviceCidr\": \"\
        10.0.0.0/16\",\n    \"dnsServiceIP\": \"10.0.0.10\",\n    \"dockerBridgeCidr\"\
        : \"172.17.0.1/16\",\n    \"outboundType\": \"loadBalancer\"\n   },\n   \"\
        maxAgentPools\": 10\n  },\n  \"sku\": {\n   \"name\": \"Basic\",\n   \"tier\"\
        : \"Free\"\n  }\n }"
    headers:
      cache-control:
      - no-cache
      content-length:
      - '3031'
      content-type:
      - application/json
      date:
      - Sat, 12 Sep 2020 23:24:53 GMT
      expires:
      - '-1'
      pragma:
      - no-cache
      server:
      - nginx
      strict-transport-security:
      - max-age=31536000; includeSubDomains
      transfer-encoding:
      - chunked
      vary:
      - Accept-Encoding
      x-content-type-options:
      - nosniff
    status:
      code: 200
      message: OK
- request:
    body: null
    headers:
      Accept:
      - application/json
      Accept-Encoding:
      - gzip, deflate
      CommandName:
      - aks get-credentials
      Connection:
      - keep-alive
      Content-Length:
      - '0'
      ParameterSetName:
      - -g -n --file
      User-Agent:
      - python/3.7.4 (Darwin-19.4.0-x86_64-i386-64bit) msrest/0.6.18 msrest_azure/0.6.3
        azure-mgmt-containerservice/9.4.0 Azure-SDK-For-Python AZURECLI/2.11.1
      accept-language:
      - en-US
    method: POST
    uri: https://management.azure.com/subscriptions/00000000-0000-0000-0000-000000000000/resourceGroups/clitest000001/providers/Microsoft.ContainerService/managedClusters/cliakstest000001/listClusterUserCredential?api-version=2020-09-01
  response:
    body:
      string: "{\n  \"kubeconfigs\": [\n   {\n    \"name\": \"clusterUser\",\n   \
        \ \"value\": \"YXBpVmVyc2lvbjogdjEKY2x1c3RlcnM6Ci0gY2x1c3RlcjoKICAgIGNlcnRpZmljYXRlLWF1dGhvcml0eS1kYXRhOiBMUzB0TFMxQ1JVZEpUaUJEUlZKVVNVWkpRMEZVUlMwdExTMHRDazFKU1VWNWFrTkRRWEpMWjBGM1NVSkJaMGxTUVU1WlYxQXJOMGRhZUNzdk1rRjNjMnRoYkV4NWFWbDNSRkZaU2t0dldrbG9kbU5PUVZGRlRFSlJRWGNLUkZSRlRFMUJhMGRCTVZWRlFYaE5RMWt5UlhkSlFtTk9UV3BCZDA5VVJYbE5hazE0VFVSTmVWZG9aMUJOYWtFeFRVUkJOVTFVU1hsTmVrbDNUWHBLWVFwTlFUQjRRM3BCU2tKblRsWkNRVTFVUVcxT2FFMUpTVU5KYWtGT1FtZHJjV2hyYVVjNWR6QkNRVkZGUmtGQlQwTkJaemhCVFVsSlEwTm5TME5CWjBWQkNuUkJaRXBaVFV0U01IUnhjVUowTDFoVFNHRnZZV0puY2psYWRHdE5OV0UxZVRWNloyeFhjMXAxWW1abFprWTJlRkJDVkhwdWFIUkJORE5oWjNwVFZqVUtjekZxYkdReE5WZFdiM0Z4UTJWRlRGcE9ZVlppVkZKWWEwTm5XR1ZuZGxSV05tdFlRM0ZyVm1FeWRUbE5jSFU1VDJacVJVeEpUMFlyWVhZMWIxbzVhQW96ZVZaRVRrRnRRV0p5TTNkcGRFNUpNbEJOWTJkSmRtZDVRMnRTZUZjd05FSjFNR2hFZUZKWFpWWXlZVnByUWt0Q2VDdHFSVTgyVW05UWEzZGtVVlZ1Q25wUVNEZHZObGRXVVhWa1dFa3hhMmh3TTFaQ1pHeDRZbEpOWTB0TWF6SkJibVIzZVdFeVpXbzFZM1ZyU214Tk9HbFpSRk51WlhKNWVtSmtNRk5WTjBZS04wSXdlREpEYVVORmVHaGlaRVZRVWxaeGJYbG5VMDkxTjJwelJsUjNRMHRQY0hWVGQwVnFXV3BZZW01MlJrTjZjMWQzY0V0WFFYVnJNWGgzTkRFMkt3b3ZTa3RRY0drelRYRkllbU01UVNzMVRrUllPRlp1VURsRE5uTjFXRkk0UkdseWVGUTJLM04xSzNadU56WnZRMDB5VlZkRlQyRnhSbUUxVEVWdlNuWXZDbmxHVlRVeldGWjNXRGN4WW1ob1oyaHFORnBCTlcxUWJUTTRjVlEyU1hWU2JEQlVRakZ3TW1SemJuUlJNV3hLU2sxemVtSklPUzlWY25oeVozQkxSbWNLY3k5eVMzZEhhVEZKZGpoUWRGWk1Zek5GVVhkR2FYWm5WazV6UkhBd1NsUlhXRU5PV2pBeVZuWXlPVXN4SzNkSmNqQm1aMEozYlV0dGQyNDRNek5sZWdvNE1XaFRXRE5wYjJ4alZuQmpWaXN5U2xaSU1sUnJhM1JJUVd0VmNVOUxWekJUY0RsNWRUbHpiaTkxZW5wamRHSjBWbFl3Ykc5V1dWRmlVRzVOWWxOVkNqTXlUemxuUlVrMlRqZEpWa1JYU0UxYVFrNVBhSFl2V2l0NFF6TllTbGxuVDFOUk5EWllaeTl0V0ZocVlYWkVjREJuYlUxdWRVSTRSamhMYUM5VGRFOEtlbmRFVkRSNlowSlpOMWxwVEdRd1ZIbExlVEV4UkN0aVRqZExNVlJuU0hZM2IwSTBVVVE0WVhReU9FTkJkMFZCUVdGTmFrMURSWGRFWjFsRVZsSXdVQXBCVVVndlFrRlJSRUZuUzJ0TlFUaEhRVEZWWkVWM1JVSXZkMUZHVFVGTlFrRm1PSGRFVVZsS1MyOWFTV2gyWTA1QlVVVk1RbEZCUkdkblNVSkJTWHBxQ21kQlRFbGhVVlZXVlVWS1NIZHROMmhrUWtGMEx6TmlWRVJvUTFONFVtNVRlazF3WkZNelkxQnpUSGxDWVdWc2JuUm9PVU14VjBoM1YxWlZWVWdyVjFVS2FFRTBNM0JKVmxFcmQwTjVkR2hXV21ZNGRIZEdkWGxXT0UxUFdVeDRPR1JpVFZWbk4yOUJSRTlETjJrNFdtVjRZMlV6YlVwM05HNW1Zbk5DT0ZvMFVBcDBUbTVCZURWSVpXeE1lVFpMVUZseFZuRXlUbTFJU1M5bFpFRnZSSFp6Vm01dFZDOVZVbWxRYmxsU01FUjZhM0JwZERKMWVteFVaMDV4ZFhoSWRtRTJDbE0zWW5nNVYyZG5la1k0YTJFeFp6SjBiVUpYU25Ock5WbzNkRWhyYmpodlVXcGxTbEpCU1d0Mk1IZDFibUpsZWtkak1rbFdZMU5NVERWMk5GTTRVMmdLT1VoSFFUa3hLMVJxY3pGQmRWWXJiMWx0SzNaM1VrNUNiRmg1TW1saGQydzJVM0F4VmtKclozWmpURnBpUkZaRk9EZFRORUpXVURGSFlqVktUSEZ1ZEFwRmFFSnBOWGxtVlZSVk5TOWFPV2hpTlUxUU5VTkliVEpoTDI5SWRVMXlXa3NyV1RReWIyVlRaV0phUW5FMVdtNTRXRmt2TTNSa2VYYzBSazFWTnpodENsZFdWWFY2ZHl0RmIwWjVZM040VlhBd0sxbHZSWFY0TDBOU2QwaHZTekJsYkVwek56Um9kMU14YzJ4NlNEaG9TbmhCUldOelVqRTFhMVZUU2tnNVozVUtjMWRHUVZSSGQxRlBNVUZtYWpOa1IxSTJiVUV6WjJSR1ZtWkdiVTR6V0d0dGJVaHBhRmMzZUdSemVrZGFPVWxwTmpoWlNEWnhOaTlEWjBsQlMwWlVTQXBtYTJGdWMwUkdPRWt6VjJoUk9FRlVVWGtyVFU1MVJIQlNhMVpCUkV0WFdIWlhRbUpFWjBKbU9GTkxkR05pVW5SNVUyNXRXa3NyVWk5RlZFVmlaRXgyQ2sxQ2RGTjZlbEpZUm1GS1ltcGplRzlPVkd0UmVIaFZkV05yTldoR2JsZDZlSFV2YzJWc2RqQlVRVmwyY1cxblVISlRZamxpTUhoTU9IRTBSblU0VGpNS2MyUkRMM05IYWtWME4yMUpSRGwwVG1FcksweHlRMUJYYm0xck1sSlZla2hRVjJSeVRsZENlUW90TFMwdExVVk9SQ0JEUlZKVVNVWkpRMEZVUlMwdExTMHRDZz09CiAgICBzZXJ2ZXI6IGh0dHBzOi8vY2xpYWtzZG5zb2Y0ZGNwZi1iZDFlYzZiYy5oY3Aud2VzdHVzMi5hem1rOHMuaW86NDQzCiAgbmFtZTogY2xpYWtzdGVzdDJuaHc2cwpjb250ZXh0czoKLSBjb250ZXh0OgogICAgY2x1c3RlcjogY2xpYWtzdGVzdDJuaHc2cwogICAgdXNlcjogY2x1c3RlclVzZXJfY2xpdGVzdHFyeTJ3eXd1YmtfY2xpYWtzdGVzdDJuaHc2cwogIG5hbWU6IGNsaWFrc3Rlc3Qybmh3NnMKY3VycmVudC1jb250ZXh0OiBjbGlha3N0ZXN0Mm5odzZzCmtpbmQ6IENvbmZpZwpwcmVmZXJlbmNlczoge30KdXNlcnM6Ci0gbmFtZTogY2x1c3RlclVzZXJfY2xpdGVzdHFyeTJ3eXd1YmtfY2xpYWtzdGVzdDJuaHc2cwogIHVzZXI6CiAgICBjbGllbnQtY2VydGlmaWNhdGUtZGF0YTogTFMwdExTMUNSVWRKVGlCRFJWSlVTVVpKUTBGVVJTMHRMUzB0Q2sxSlNVVXZSRU5EUVhWVFowRjNTVUpCWjBsUlVXWldRWFYyTVRCT05Vc3pSRzlaTDFwdkwwUXlha0ZPUW1kcmNXaHJhVWM1ZHpCQ1FWRnpSa0ZFUVU0S1RWRnpkME5SV1VSV1VWRkVSWGRLYWxsVVFXVkdkekI1VFVSQk5VMVVTWGxOZWtWM1RYcEtZVVozTUhsTmFrRTFUVlJKZVUxNlNYZE5la3BoVFVSQmVBcEdla0ZXUW1kT1ZrSkJiMVJFYms0MVl6TlNiR0pVY0hSWldFNHdXbGhLZWsxU1ZYZEZkMWxFVmxGUlJFVjNlSFJaV0U0d1dsaEthbUpIYkd4aWJsRjNDbWRuU1dsTlFUQkhRMU54UjFOSllqTkVVVVZDUVZGVlFVRTBTVU5FZDBGM1oyZEpTMEZ2U1VOQlVVTnJRbWMzUTFGeVpWVlhhblZMUzJ4WldUbG1hRE1LYlVZMmFHVTBRelZVT0RnME0ybG9NV1ZWUlc1NGVrNVlNM0pzYzBZM2NGUmtURU5SUVZSak9HczFlR2h2U1M5VU9VaDVPREEwWkRSQlFtaEJaVlpwYXdwWFVGRklXRlZGTDNaRVFsRllTVnBJWjI5dVZrZE1VbXBUZEVoeWQyMTBVamwwUVdJd1F5OUJTVGRCV1hSS1FrTk5TamxGUWxGSmMwSmxVbTh2ZDFKUENsSmFaMkpEV1hCSWRXRlFlRFZwWjNneVpsbExRVmx6YTFaeGJFcG9lWEZTYTJscU5uWmtUME5RUmtGUVpqbHdNMngwU1haTVQxbHZjRUZpVUhCdmFWTUtTbFZ2WjFaTmVtdG9UVXRqTDFwWGJXNU1NSEk1T0VWRU0yWldRMmxXY2pWbE5uRmhlbk5uWjNReWFEZHZkMmx5Ym1GT2FtZGxkR3RKWjAxT09FZ3JUd3BOWWxwQlRXMVhURWQ1UVRCbVdrbDZNVkJCUTNWMVpYVnhOakJ5V1VSRWRVdFlUa1pKTDBoVFduSmFTbFZrYW5kNGFXNVhTMmwyYkRWMWNsTjZVVk5HQ2l0dE1XMVVjekpHY0ZwdWRHb3JkV0poTlRGMlYweHRZelZCT1hCSE9IQnRWVU5IZWxoVU1HSm9UR0ZrYlRBM1J6aExUSGt3WlhKRmJrWkxTSEYyZWtRS1lVVktRU3N6VERGR1ZITm9iMjFyYldwelVFMVlZbFpQTkZSWWJHaFBXbFEzWTBsRlYzQnhaVTFKUkhsWmEwWnZZV1ZXVUVKT2JYQlNiMnB1TUZWaFZncExWMUJZZEdOblNVZ3lTRTlsZFZkNVNWaGhkMnMzZW5CVVpIazBUMVV2UjFSTU1reDVXVzVJWkU5aFFtMUxaWEpHY0d4NFRtMXlTV05oWVhWNU5FNUlDblpvVTIxV1pGWktMMmg1VldGWGJpOTRaV0p4WkRsNmVtOVhhM00yWTAxNlVGVXpRMUJNWXpSRWVVWlZZMGxpZGxOR1lXVjJjVzgyTUVoRVV6aEVkbVVLU210UU4xSTJjbEJSYlRaTk1uVm9TalJPWkZnMkwwSjFUekZVVEN0elNtTjJTak5oYVUwd2FEUTNWMFZHTVZkU0wwUlpZVkJLUjNWMlkzaDJTV2RNUWdvMFVUUjRkalI2VmtkdmIwOXdkVzUxVGtOMlFXRjNTVVJCVVVGQ2IzcFZkMDE2UVU5Q1owNVdTRkU0UWtGbU9FVkNRVTFEUW1GQmQwVjNXVVJXVWpCc0NrSkJkM2REWjFsSlMzZFpRa0pSVlVoQmQwbDNSRUZaUkZaU01GUkJVVWd2UWtGSmQwRkVRVTVDWjJ0eGFHdHBSemwzTUVKQlVYTkdRVUZQUTBGblJVRUtiVXAyVGxnNUwyVkljelJyU25wV2RqWnNRVE5SVlVkQlZUaFBSbWxxZERGdmNWSkdSV3RSZGs4NE1FZ3ZkVmgwUVVSTmVVeHFPQ3R1TlhSc05rOWpiUXB0TDFJM2VHbG9Oa0Y2TVRsWFR6ZEJiMFZzYlVSQ2MwcENhMVJzYVVSSVZVdHZaazEzYUdaS1ZpdFNVbGhuUjB4NWNFcFJOWFZwTjNOYVRGSkxVbU5FQ2toNGJEUTFUbUkzYjNwVU1XVmxjMjEySzBrelFWWkVla1V6YUM5T2FYVk5iWGxJWkhGSGVsVjRjbWQwU1VWNVJGRlBaMEZRYUcxblN6Vm5jalZUYTJNS2VtTTJPRlY0TTNaNGMycEZWekkxVVVkS2JHVjBTMFpaVVhwS2NUQnlXSEV4VkVNemJsVnBZVGh2TTNWUWJGWlFXRUZtYW1SUGJraDVkRXBZUVZKNE1RcFplVzFLVlZOcmFsTkZhRWQyTmpNNVRITk5MMmhZYVRoSVdWQk1NVW96U2pSd1VtOVJSM0p4U0UxR1IxbGhSVU15WlhGR2MxZDVlVXRzVkVreFpreEZDa1I1U1d4VlpDdDBaME0wVFZodVRXZE1RM2QwTmtwaFNqSmtZa1JQZGpoaGMxVkVWa1ZaVjFsWVMwWmpaR2MyT1VSMFR6Sk1iVVJKUVZaSFZqUlNOMlFLTkRkTWJXbHhXbEpQUWxaRVdGcENhRTFSU0hRNVJtcERWSGh3ZVhVMVJuSlBhV0oxYjBSRFoybFlXR3hXWVc0MU5uVkhTbWw1TmtrMVdVRjFWREZVTWdwMlVWWnNZelZIVm1Od1FrazVZVWRFVXpoNGJEVkVTVkJFWTIxUFNHcEpka05wT1VsMmN5dDVWMHhsU0ZoV0x6aE5Va3R2UjJGMmRHUnlWMjQxVmxsR0NrOXJWR0ZIVEVKd1duTXJaREY2UWt4aVZXYzNTbk5KWms1WGJVSTFTMWsyYTBoRWVFdzRXVVZKVG1GclZVMUliM0phV0ROUFFtRnVWVzFLTUVOaFNXVUtaR1pPTUhWcFoxZDVZMEl2ZUc1TlltWm5jV3hsUWtWQ05rOTVkM0l3T1ZCME15dDZjVVZsT1cxVkwwdEViM0Z0UlZGSFoyeExTSFZLWXpkT1ZqRXlOUXBKWm0xeWFIVXlkRE5qTVdGTFIwdENOekJ4YjBKTldHOVRXakF3TW5SM05tbHZTM05LUW1kNU4zRlZQUW90TFMwdExVVk9SQ0JEUlZKVVNVWkpRMEZVUlMwdExTMHRDZz09CiAgICBjbGllbnQta2V5LWRhdGE6IExTMHRMUzFDUlVkSlRpQlNVMEVnVUZKSlZrRlVSU0JMUlZrdExTMHRMUXBOU1VsS1NuZEpRa0ZCUzBOQlowVkJjRUZaVDNkclN6TnNSbTgzYVdsd1YwZFFXRFJrTldobGIxaDFRWFZWTDFCUFRqUnZaRmhzUWtvNFkzcFdPVFkxQ21KQ1pUWlZNMU4zYTBGRk0xQktUMk5aWVVOUU1DOVNPSFpPVDBobFFVRlpVVWhzV1hCR2FqQkNNVEZDVURkM2QxVkdlVWRTTkV0S01WSnBNRmt3Y2xJS05qaEtjbFZtWWxGSE9VRjJkME5QZDBkTVUxRlJha05tVWtGVlEweEJXR3RoVURoRlZHdFhXVWQzYlV0U04yMXFPR1ZaYjAxa2JqSkRaMGRNU2taaGNBcFRXV054YTFwSmJ5dHlNMVJuYW5oUlJETXZZV1ExWWxOTWVYcHRTMHRSUjNvMllVbHJhVlpMU1VaVVRUVkpWRU51VURKV2NIQjVPVXN2WmtKQk9UTXhDbEZ2YkdFcldIVnhiWE0zU1VsTVpHOWxOazFKY1RVeWFsazBTSEphUTBsRVJHWkNMMnBxUnpKUlJFcHNhWGh6WjA1SU1sTk5PVlIzUVhKeWJuSnhkWFFLU3pKQmR6ZHBiSHBTVTFCNE1HMWhNbE5XU0ZrNFRWbHdNV2x2Y2pWbFluRXdjekJGYUdad2RGcHJOMDVvWVZkYU4xa3ZjbTB5ZFdSaU1XazFiazlSVUFwaFVuWkxXbXhCYUhNeE1EbEhORk15YmxwMFQzaDJRMms0ZEVoeGVFcDRVMmcyY2poM01taERVVkIwZVRsU1ZUZEpZVXB3U204M1JIcEdNakZVZFVVeENqVlpWRzFWS3pORFFrWnhZVzVxUTBFNGJVcENZVWR1YkZSM1ZGcHhWV0ZKTlRsR1IyeFRiR294TjFoSlEwSTVhSHB1Y214emFVWXljMHBQT0RaVk0yTUtkVVJzVUhocmVUbHBPRzFLZUROVWJXZGFhVzV4ZUdGYVkxUmFjWGxJUjIxeWMzVkVVamMwVlhCc1dGWlRaalJqYkVkc2NDODRXRzAyYm1aak9EWkdjQXBNVDI1RVRYb3hUbmRxZVROUFFUaG9Wa2hEUnpjd2FGZHVjalp4VDNSQ2R6QjJRVGN6YVZwRUt6QmxjWG93U25WcVRuSnZVMlZFV0ZZcmRuZGlhblJWQ25rdmNrTllUSGxrTW05cVRrbGxUekZvUW1SV2EyWjNNa2RxZVZKeWNqTk5ZbmxKUTNkbFJVOU5ZaXROTVZKeFMwUnhZbkEzYWxGeWQwZHpRMEYzUlVFS1FWRkxRMEZuUVhkelVHVnhjRmRIV0RoYU1XaExObGsxWWt4T1p6RlhUM0ZNYkRaT1NrZHpVWEEyY0RsRVVYcFNaMU51TVhWT1JqQnFRM0Z6TkdGUlZRcGhOMlkxUkVwNlRYZHVlRkEwU0VWNlNVNTRSRkJGZGpKMk9EaFliM0Y0TW1wNlJubGxVM2RwWm5kVlFuSXpaVFZSWTJONUwzRkJTV2s0VDA5S2JWZHlDa1JCWkZFd05HUlJTR3BKUVRWRGQzcGFaMVUyUTJ4dEt6ZFpNV0Z4ZDBFelltOUxWbEJxSzNvM1N6UmlPVzFqTm0xNlEzbEVaVkJrVW5adVZrVjJNa1lLVTJSeVF5czJTMDF3TVdrd1ZGcHhRbXhMVDFOb2RtSmhjRGhaT1VaRlRFbEVSVko1ZUdoS04zaHBLM0J6VkdaaVIwbFpPRE54VVZSS00wWlNVa2QyYkFvemRVczRRelZhUW5SaGF6WlJUMkZxUVVsMFpsRXhWME41ZEZWcE5HaEZTRkkyTm5KT09XTTRibVJhVEN0eVpIaExRV3ByTm0xUVUzbzFRbGM0ZDJ0akNrTnJjV05QWnprNEwyOVpXRWM0ZVVwdWFWVXZOekptWjFGcGNFbElaVUpIWlRFeVVHVm5WV2s0V2pkcksyUTFkMmxQWWtoNWFVNXdUVGxCWmxFMFZXTUtSR3hqVms5bVpHWkZVMnR2VWxGTGNYUk5XVTFoUTFWTFdWWlRSbGRJVG1SVVUzTkphMjEzUldoRlNqaGhhVFJ2TlRGUmMyWTNUekpDVFdoalUyZENjd3BoYm5ocFRsVlBWVlJEYkU1NGJWaE1NMEY0WnpsVVYzazBOMmxSY1M5a1NtNXZVRTR5VnpRNGMxcFFOR3RNWVUxRE0xcDVNR1ZSYW5oVVduWkxWMVJZQ2poSWVqWXJSVTFSVGtsV2VHcEVNSGxGTDFoV1pYUk1PSFozV0RRcmRpczRPSGxFTVd4c1FTOVJTVUZ0TldGRmVHRnhjbEJ0ZVdkTFVEVndRakJpWmxZS2RVUjJkSGxxVEV0UFJVWlhjRmRMYXpWd05tOXJXR1kxYURCeWRIUTBTbTFoU21GVGFVOWlTMFJ6TlN0cU9FazJURGxHU1cxeWMzTldiVEF2U0V4WWJncEdkemxaUkZkUFZUWnJTRW8wTURCTVEydHpLMjlHTlVoV1RrWlBXWEI2ZDNveWNFbEtabTFPZFd4NVJqWTBaa1JCVVV0RFFWRkZRWGsxVWxsSmFsRk1DamxCZUdRMmJWcHNOMjlMUmtNMlpVWjNkMDl1V0dsNFJEbDJVVk5qYldONGIxQXhlVWN4UjNGTU1HdHRVbUl3VEdGUlRHOTNlazVZVW0xQ01XSTJSRkFLU2poNlUwdG9kRlpEVlRaS1NFczJMM0IwWlZCb1lucFNjbXh3V0hJM1dIcENSM1pGVlZSNVpqWnNPRWN6WkdscWFqaE9UMEZDYnpWeGRFbHNabUl5U2dwbVFWUk5OelJHWWpRdlR6STFlWEZGUnpZNUx6VjZWVXgyWTJSS2EyOU5abE55ZEV4SVpUY3dPVzE1UlhsdVZrWndXSFpJTUU5U1VYQmFLMjFVWW5JeUNpdHNUVk5ZTUVveVIzRnRMMnRJTHpCWEwwVlBkRkJQUWpneE4xZEdZbVJtWjNKcFZEWlBTSFE1U0c5dGVrSkpiRmwyUmtNd01VOVZPVmRHVEZOYWVqWUtRelJQU2tkQ1ptNUdWalJVWVZWMU1FWmtUV3BKYjNSVU5HSldVRVJyVkZSaWExWjFNV0ZVTVhwd1oxTnFlbEp2VDFCMVN5czRlak0xWTBkNFJHcDFOQXBLWW1KSlIwMHdOeTg0Y1hVMmQwdERRVkZGUVhwclNrRTBVVVJEVldwNlJXMVpLM3B1WlVOMU5saFVSbEZsTUhsME5Yb3lVMUJhUkZSVFVUSm1RMVI2Q21sMU9FYzJUM1JuVVc5cFNGRjBhSE5oVkRNNFR6TlFlbGN5VTFnME1IRkNkVEphUm1Rd1VEZHNaMUZOWVVScmRVSjRVV2REYkROWE5qaEZheTgzWWk4S1NsaDRTMU5RYlVsNlZ6UjVOakJrZVhoVFVIVlNXRXhGUkZOaVVpOXdNM0ZhY1doaFFsWjZUMDF5VVhWNU1FOVZjemxGTkZaS1FuSnBjVzB5VUdJclVncDZhVzl0YVhsVldFTnJPVFJhVFV4eFlsTm5iME0zYTIxS01UVndSa0ZCYzNCT1VVRm1iVVpVY0ZGQ2J6ZEJWMkpXWm04elMyaG5XRUZyWkVsclRrdHNDbXRVTkhreFdFWnZSMlZ5ZEdSeFdrZG9kRkIwT0ZwUU9IUlFPVEpUTm1KVU1UaEdWRFJuUlVSSVNsSlVaRkJMWTI5RFRqaHlWM1JFZHpsSWNDOTROM0VLZG1zMGVDdFhVbEF6TjFOUGNrSTRlbkZyZWpGYVNrRnZiRUZNZUcwNEt6bGFOSEZCVEUwelZXZFJTME5CVVVJd2RGUmxUbUpET0V0SGRXcG5WSGhJVXdwdFZYRjVjM0puZUZreUwxbDNhVWMwWlhCWU1IUm5iM2xyTDIxT2FHUlRPWGhRTjBjM2FXbFVZa0pMUzJwWE1WVk5SWEJETUROeVVFRXhTR040T0hsS0NsTkdaVGhrVFZnd1dGSkhkbWgwTjJsVFNFdExhbWhIYVd0RVJqaHlVR1V3WjJkUVMzWk1ObEF4VmxKeVNrb3lOSFY2TmpWQ2FXSkRWRmhKTjFBdmNYZ0tRazh2ZGs5SFYwTkNZWFZoYm1OT09HRmljRmt6ZDJwaFlTdE5WbHAyT1ZOSmExcERWblJoTVd4MUsyNWFjWGxDVG5KUk9WUmFhak5UZUZveVVFRkRMd3BMYkRscE9VdG1aVFpoVVZoM2NETlhTM0ZGY1RBdlVsTlhXVk5hT1hGUVdFTjNkMmMwTm5CQ1VHSlRhM1F2TjIxaFdDdHBNVkJhV1VWWVJsQjFZWGhHQ21sTFozbE1hVGgzWWpsc2RHNVdhR0ZTWm01eVdWUlBaM1pRWkdOVVdGTktiVzgzVWxGRFkySjFPRVZwZERRdlMxUkxPRE5VU3pneVJqaEtRWHBoS3lzS05XSkJMMEZ2U1VKQlJFVlBUM1ZaU1hsNU4wb3JlWGhYY2tNMldtVkxRbGgzUnpaamJuQndhUzgwVWpnMVlXSmpVRkZWY25WTGVreHBjMWx6TjFKclJnbzFZakl4VVZwMVMxQlpjR0ZYYmk5aVNHWkVWMFZMVEd0blVrMU1ibFJQYUhoT01tODRPVk5HUzJSWGRGZGxaRFpoV0ZaVlRHSjZXbTlqVmxoaEx6QklDaTgxTlV4M1VGVTBVbGg0U1M5dE0zVldURmRPUlRKdVZrVnZkMEk1V25wRWF5OXRUMGRxYW0xUmRFdERRWE5JV1N0V2IxbFVVRXBQZG1odlRDdFVNMllLYUhNdldVNHJPRGhTVFVnNVEwTkZSelpHUkRCa1lXNURUR3htWjJsQlpGQlpTMVExT1VkaWRtVjBNVTVITTFCVlVtMU5SRnB3VG5wNWNERlFUM0ZaYmdwYVRrUTJXRkF6UjA4cmNHWXJlRTlHVTNKd1ZtUkVOekZaVTBRMFozRm1lV041VERKaVRpODVZMHhNUTA1NmVrVnRWRmQyVVdJNUwxVTBNWGRIVkhOdkNtTXlTbTFxVjBGemNUVlNLMWxPYUV4R2RrZHhOU3MxVUZZMGNsRmlXVVZEWjJkRlFVNVJSekphZGpoWVQyRXhLMVU0WjNaM1VXaGxOREo0YWt4UE1uUUtNVWR5Um5wMFJqUlhSREJEVFRJdmRpOVFlVEEyZUhoM1IwRjVhV1JLYmtZdk0zWk5VbGs0Y1d0amNtdElSRFpUU2pCbFNFNXpUVmxZTDBKU04xTkVaQXBvWnpncmRETjFTWFJQVHpkclNHZFNiVEpYT1d0dFJqRTVka2dyUW5OeGNWSlBhRWRZVHpoWU9FUllWbXBuYTFaMlNXVk1NVk5MYzNsMGJrczVVblZsQ2xBNVFYVnBVMnROUVd4clFuSTRhbkV2V0RZdlltSlBXbVp5Ym5WcFlYbE5URkpaZFhOVWRuUm9VWHBNUkdabGREaGtOMDlSY0ZBek9WTnNXRFZITUVzS1pFZExObE5wUmpsd01sQTFWRE5wU25WU0sxVkxUR3QwWVdsalFUVkVWbEZCS3pkU1RISlZSSFZ4ZVZkTGQwWk5NVWgxUmxOMVlYaGxibVJCVVhoak1RcDNaV2N4YVhKa05YSTNPRTVITjJOeWVGZ3hSbVJrZW1aa2IybHBMMGwyZG1kU2IwOWlhVFpMYVdOYWJFeGFUWEpVZGpScE5HRmxVbUZCUFQwS0xTMHRMUzFGVGtRZ1VsTkJJRkJTU1ZaQlZFVWdTMFZaTFMwdExTMEsKICAgIHRva2VuOiAzMDY2YzljMTU0MjE0ZTAwOWIwZjVhNGEyMmRkNGFkMzgyNTQ2ZjM5OWI0YjM4M2YzODU5ZGNjZDZmYzQxOTlkM2M3MzNjZmU5YTk4MzE5M2I1YjU0ZjUzMjY0OGM2MjJiNWIyOTA5ZDQwYTY1MjIyYzI0Y2IwODZkY2U2Mzg1Mgo=\"\
        \n   }\n  ]\n }"
    headers:
      cache-control:
      - no-cache
      content-length:
      - '12924'
      content-type:
      - application/json
      date:
      - Sat, 12 Sep 2020 23:24:52 GMT
      expires:
      - '-1'
      pragma:
      - no-cache
      server:
      - nginx
      strict-transport-security:
      - max-age=31536000; includeSubDomains
      transfer-encoding:
      - chunked
      vary:
      - Accept-Encoding
      x-content-type-options:
      - nosniff
      x-ms-ratelimit-remaining-subscription-writes:
      - '1199'
    status:
      code: 200
      message: OK
- request:
    body: null
    headers:
      Accept:
      - application/json
      Accept-Encoding:
      - gzip, deflate
      CommandName:
      - aks update
      Connection:
      - keep-alive
      ParameterSetName:
      - -g -n --load-balancer-outbound-ips
      User-Agent:
      - python/3.7.4 (Darwin-19.4.0-x86_64-i386-64bit) msrest/0.6.18 msrest_azure/0.6.3
        azure-mgmt-containerservice/9.4.0 Azure-SDK-For-Python AZURECLI/2.11.1
      accept-language:
      - en-US
    method: GET
    uri: https://management.azure.com/subscriptions/00000000-0000-0000-0000-000000000000/resourceGroups/clitest000001/providers/Microsoft.ContainerService/managedClusters/cliakstest000001?api-version=2020-09-01
  response:
    body:
      string: "{\n  \"id\": \"/subscriptions/00000000-0000-0000-0000-000000000000/resourcegroups/clitest000001/providers/Microsoft.ContainerService/managedClusters/cliakstest000001\"\
        ,\n  \"location\": \"westus2\",\n  \"name\": \"cliakstest000001\",\n  \"type\"\
        : \"Microsoft.ContainerService/ManagedClusters\",\n  \"properties\": {\n \
        \  \"provisioningState\": \"Succeeded\",\n   \"kubernetesVersion\": \"1.16.13\"\
        ,\n   \"dnsPrefix\": \"cliaksdns000004\",\n   \"fqdn\": \"cliaksdns000004-bd1ec6bc.hcp.westus2.azmk8s.io\"\
        ,\n   \"agentPoolProfiles\": [\n    {\n     \"name\": \"nodepool1\",\n   \
        \  \"count\": 1,\n     \"vmSize\": \"Standard_DS2_v2\",\n     \"osDiskSizeGB\"\
        : 128,\n     \"osDiskType\": \"Managed\",\n     \"maxPods\": 110,\n     \"\
        type\": \"VirtualMachineScaleSets\",\n     \"provisioningState\": \"Succeeded\"\
        ,\n     \"orchestratorVersion\": \"1.16.13\",\n     \"enableNodePublicIP\"\
        : false,\n     \"nodeLabels\": {},\n     \"mode\": \"System\",\n     \"osType\"\
        : \"Linux\",\n     \"nodeImageVersion\": \"AKSUbuntu-1604-2020.08.19\"\n \
        \   }\n   ],\n   \"linuxProfile\": {\n    \"adminUsername\": \"azureuser\"\
        ,\n    \"ssh\": {\n     \"publicKeys\": [\n      {\n       \"keyData\": \"\
        ssh-rsa AAAAB3NzaC1yc2EAAAADAQABAAACAQCbIg1guRHbI0lV11wWDt1r2cUdcNd27CJsg+SfgC7miZeubtwUhbsPdhMQsfDyhOWHq1+ZL0M+nJZV63d/1dhmhtgyOqejUwrPlzKhydsbrsdUor+JmNJDdW01v7BXHyuymT8G4s09jCasNOwiufbP/qp72ruu0bIA1nySsvlf9pCQAuFkAnVnf/rFhUlOkhtRpwcq8SUNY2zRHR/EKb/4NWY1JzR4sa3q2fWIJdrrX0DvLoa5g9bIEd4Df79ba7v+yiUBOS0zT2ll+z4g9izHK3EO5d8hL4jYxcjKs+wcslSYRWrascfscLgMlMGh0CdKeNTDjHpGPncaf3Z+FwwwjWeuiNBxv7bJo13/8B/098KlVDl4GZqsoBCEjPyJfV6hO0y/LkRGkk7oHWKgeWAfKtfLItRp00eZ4fcJNK9kCaSMmEugoZWcI7NGbZXzqFWqbpRI7NcDP9+WIQ+i9U5vqWsqd/zng4kbuAJ6UuKqIzB0upYrLShfQE3SAck8oaLhJqqq56VfDuASNpJKidV+zq27HfSBmbXnkR/5AK337dc3MXKJypoK/QPMLKUAP5XLPbs+NddJQV7EZXd29DLgp+fRIg3edpKdO7ZErWhv7d+3Kws+e1Y+ypmR2WIVSwVyBEUfgv2C8Ts9gnTF4pNcEY/S2aBicz5Ew2+jdyGNQQ==\
        \ test@example.com\\n\"\n      }\n     ]\n    }\n   },\n   \"servicePrincipalProfile\"\
        : {\n    \"clientId\": \"d1173eb8-7ef3-4844-bc8b-92b7aec4f18f\"\n   },\n \
        \  \"addonProfiles\": {\n    \"kubedashboard\": {\n     \"enabled\": true,\n\
        \     \"config\": null\n    }\n   },\n   \"nodeResourceGroup\": \"MC_clitest000001_cliakstest000001_westus2\"\
        ,\n   \"enableRBAC\": true,\n   \"networkProfile\": {\n    \"networkPlugin\"\
        : \"kubenet\",\n    \"loadBalancerSku\": \"Standard\",\n    \"loadBalancerProfile\"\
        : {\n     \"outboundIPs\": {\n      \"publicIPs\": [\n       {\n        \"\
        id\": \"/subscriptions/00000000-0000-0000-0000-000000000000/resourceGroups/clitest000001/providers/Microsoft.Network/publicIPAddresses/cliaksslbip1000002\"\
        \n       }\n      ]\n     },\n     \"effectiveOutboundIPs\": [\n      {\n\
        \       \"id\": \"/subscriptions/00000000-0000-0000-0000-000000000000/resourceGroups/clitest000001/providers/Microsoft.Network/publicIPAddresses/cliaksslbip1000002\"\
        \n      }\n     ],\n     \"allocatedOutboundPorts\": 0,\n     \"idleTimeoutInMinutes\"\
        : 30\n    },\n    \"podCidr\": \"10.244.0.0/16\",\n    \"serviceCidr\": \"\
        10.0.0.0/16\",\n    \"dnsServiceIP\": \"10.0.0.10\",\n    \"dockerBridgeCidr\"\
        : \"172.17.0.1/16\",\n    \"outboundType\": \"loadBalancer\"\n   },\n   \"\
        maxAgentPools\": 10\n  },\n  \"sku\": {\n   \"name\": \"Basic\",\n   \"tier\"\
        : \"Free\"\n  }\n }"
    headers:
      cache-control:
      - no-cache
      content-length:
      - '3031'
      content-type:
      - application/json
      date:
      - Sat, 12 Sep 2020 23:24:53 GMT
      expires:
      - '-1'
      pragma:
      - no-cache
      server:
      - nginx
      strict-transport-security:
      - max-age=31536000; includeSubDomains
      transfer-encoding:
      - chunked
      vary:
      - Accept-Encoding
      x-content-type-options:
      - nosniff
    status:
      code: 200
      message: OK
- request:
    body: '{"location": "westus2", "properties": {"kubernetesVersion": "1.16.13",
      "dnsPrefix": "cliaksdns000004", "agentPoolProfiles": [{"count": 1, "vmSize":
      "Standard_DS2_v2", "osDiskSizeGB": 128, "osDiskType": "Managed", "maxPods":
      110, "osType": "Linux", "type": "VirtualMachineScaleSets", "mode": "System",
      "orchestratorVersion": "1.16.13", "enableNodePublicIP": false, "nodeLabels":
      {}, "name": "nodepool1"}], "linuxProfile": {"adminUsername": "azureuser", "ssh":
      {"publicKeys": [{"keyData": "ssh-rsa AAAAB3NzaC1yc2EAAAADAQABAAACAQCbIg1guRHbI0lV11wWDt1r2cUdcNd27CJsg+SfgC7miZeubtwUhbsPdhMQsfDyhOWHq1+ZL0M+nJZV63d/1dhmhtgyOqejUwrPlzKhydsbrsdUor+JmNJDdW01v7BXHyuymT8G4s09jCasNOwiufbP/qp72ruu0bIA1nySsvlf9pCQAuFkAnVnf/rFhUlOkhtRpwcq8SUNY2zRHR/EKb/4NWY1JzR4sa3q2fWIJdrrX0DvLoa5g9bIEd4Df79ba7v+yiUBOS0zT2ll+z4g9izHK3EO5d8hL4jYxcjKs+wcslSYRWrascfscLgMlMGh0CdKeNTDjHpGPncaf3Z+FwwwjWeuiNBxv7bJo13/8B/098KlVDl4GZqsoBCEjPyJfV6hO0y/LkRGkk7oHWKgeWAfKtfLItRp00eZ4fcJNK9kCaSMmEugoZWcI7NGbZXzqFWqbpRI7NcDP9+WIQ+i9U5vqWsqd/zng4kbuAJ6UuKqIzB0upYrLShfQE3SAck8oaLhJqqq56VfDuASNpJKidV+zq27HfSBmbXnkR/5AK337dc3MXKJypoK/QPMLKUAP5XLPbs+NddJQV7EZXd29DLgp+fRIg3edpKdO7ZErWhv7d+3Kws+e1Y+ypmR2WIVSwVyBEUfgv2C8Ts9gnTF4pNcEY/S2aBicz5Ew2+jdyGNQQ==
      test@example.com\n"}]}}, "servicePrincipalProfile": {"clientId": "d1173eb8-7ef3-4844-bc8b-92b7aec4f18f"},
      "addonProfiles": {"kubedashboard": {"enabled": true}}, "nodeResourceGroup":
      "MC_clitest000001_cliakstest000001_westus2", "enableRBAC": true, "networkProfile":
      {"networkPlugin": "kubenet", "podCidr": "10.244.0.0/16", "serviceCidr": "10.0.0.0/16",
      "dnsServiceIP": "10.0.0.10", "dockerBridgeCidr": "172.17.0.1/16", "outboundType":
      "loadBalancer", "loadBalancerSku": "Standard", "loadBalancerProfile": {"outboundIPs":
      {"publicIPs": [{"id": "/subscriptions/00000000-0000-0000-0000-000000000000/resourceGroups/clitest000001/providers/Microsoft.Network/publicIPAddresses/cliaksslbip1000002"},
      {"id": "/subscriptions/00000000-0000-0000-0000-000000000000/resourceGroups/clitest000001/providers/Microsoft.Network/publicIPAddresses/cliaksslbip2000003"}]},
      "effectiveOutboundIPs": [{"id": "/subscriptions/00000000-0000-0000-0000-000000000000/resourceGroups/clitest000001/providers/Microsoft.Network/publicIPAddresses/cliaksslbip1000002"}],
      "allocatedOutboundPorts": 0, "idleTimeoutInMinutes": 30}}}, "sku": {"name":
      "Basic", "tier": "Free"}}'
    headers:
      Accept:
      - application/json
      Accept-Encoding:
      - gzip, deflate
      CommandName:
      - aks update
      Connection:
      - keep-alive
      Content-Length:
      - '2359'
      Content-Type:
      - application/json; charset=utf-8
      ParameterSetName:
      - -g -n --load-balancer-outbound-ips
      User-Agent:
      - python/3.7.4 (Darwin-19.4.0-x86_64-i386-64bit) msrest/0.6.18 msrest_azure/0.6.3
        azure-mgmt-containerservice/9.4.0 Azure-SDK-For-Python AZURECLI/2.11.1
      accept-language:
      - en-US
    method: PUT
    uri: https://management.azure.com/subscriptions/00000000-0000-0000-0000-000000000000/resourceGroups/clitest000001/providers/Microsoft.ContainerService/managedClusters/cliakstest000001?api-version=2020-09-01
  response:
    body:
      string: "{\n  \"id\": \"/subscriptions/00000000-0000-0000-0000-000000000000/resourcegroups/clitest000001/providers/Microsoft.ContainerService/managedClusters/cliakstest000001\"\
        ,\n  \"location\": \"westus2\",\n  \"name\": \"cliakstest000001\",\n  \"type\"\
        : \"Microsoft.ContainerService/ManagedClusters\",\n  \"properties\": {\n \
        \  \"provisioningState\": \"Updating\",\n   \"kubernetesVersion\": \"1.16.13\"\
        ,\n   \"dnsPrefix\": \"cliaksdns000004\",\n   \"fqdn\": \"cliaksdns000004-bd1ec6bc.hcp.westus2.azmk8s.io\"\
        ,\n   \"agentPoolProfiles\": [\n    {\n     \"name\": \"nodepool1\",\n   \
        \  \"count\": 1,\n     \"vmSize\": \"Standard_DS2_v2\",\n     \"osDiskSizeGB\"\
        : 128,\n     \"osDiskType\": \"Managed\",\n     \"maxPods\": 110,\n     \"\
        type\": \"VirtualMachineScaleSets\",\n     \"provisioningState\": \"Updating\"\
        ,\n     \"orchestratorVersion\": \"1.16.13\",\n     \"enableNodePublicIP\"\
        : false,\n     \"nodeLabels\": {},\n     \"mode\": \"System\",\n     \"osType\"\
        : \"Linux\",\n     \"nodeImageVersion\": \"AKSUbuntu-1604-2020.08.19\"\n \
        \   }\n   ],\n   \"linuxProfile\": {\n    \"adminUsername\": \"azureuser\"\
        ,\n    \"ssh\": {\n     \"publicKeys\": [\n      {\n       \"keyData\": \"\
        ssh-rsa AAAAB3NzaC1yc2EAAAADAQABAAACAQCbIg1guRHbI0lV11wWDt1r2cUdcNd27CJsg+SfgC7miZeubtwUhbsPdhMQsfDyhOWHq1+ZL0M+nJZV63d/1dhmhtgyOqejUwrPlzKhydsbrsdUor+JmNJDdW01v7BXHyuymT8G4s09jCasNOwiufbP/qp72ruu0bIA1nySsvlf9pCQAuFkAnVnf/rFhUlOkhtRpwcq8SUNY2zRHR/EKb/4NWY1JzR4sa3q2fWIJdrrX0DvLoa5g9bIEd4Df79ba7v+yiUBOS0zT2ll+z4g9izHK3EO5d8hL4jYxcjKs+wcslSYRWrascfscLgMlMGh0CdKeNTDjHpGPncaf3Z+FwwwjWeuiNBxv7bJo13/8B/098KlVDl4GZqsoBCEjPyJfV6hO0y/LkRGkk7oHWKgeWAfKtfLItRp00eZ4fcJNK9kCaSMmEugoZWcI7NGbZXzqFWqbpRI7NcDP9+WIQ+i9U5vqWsqd/zng4kbuAJ6UuKqIzB0upYrLShfQE3SAck8oaLhJqqq56VfDuASNpJKidV+zq27HfSBmbXnkR/5AK337dc3MXKJypoK/QPMLKUAP5XLPbs+NddJQV7EZXd29DLgp+fRIg3edpKdO7ZErWhv7d+3Kws+e1Y+ypmR2WIVSwVyBEUfgv2C8Ts9gnTF4pNcEY/S2aBicz5Ew2+jdyGNQQ==\
        \ test@example.com\\n\"\n      }\n     ]\n    }\n   },\n   \"servicePrincipalProfile\"\
        : {\n    \"clientId\": \"d1173eb8-7ef3-4844-bc8b-92b7aec4f18f\"\n   },\n \
        \  \"addonProfiles\": {\n    \"kubedashboard\": {\n     \"enabled\": true,\n\
        \     \"config\": null\n    }\n   },\n   \"nodeResourceGroup\": \"MC_clitest000001_cliakstest000001_westus2\"\
        ,\n   \"enableRBAC\": true,\n   \"networkProfile\": {\n    \"networkPlugin\"\
        : \"kubenet\",\n    \"loadBalancerSku\": \"Standard\",\n    \"loadBalancerProfile\"\
        : {\n     \"outboundIPs\": {\n      \"publicIPs\": [\n       {\n        \"\
        id\": \"/subscriptions/00000000-0000-0000-0000-000000000000/resourceGroups/clitest000001/providers/Microsoft.Network/publicIPAddresses/cliaksslbip1000002\"\
        \n       },\n       {\n        \"id\": \"/subscriptions/00000000-0000-0000-0000-000000000000/resourceGroups/clitest000001/providers/Microsoft.Network/publicIPAddresses/cliaksslbip2000003\"\
        \n       }\n      ]\n     },\n     \"effectiveOutboundIPs\": [\n      {\n\
        \       \"id\": \"/subscriptions/00000000-0000-0000-0000-000000000000/resourceGroups/clitest000001/providers/Microsoft.Network/publicIPAddresses/cliaksslbip1000002\"\
        \n      }\n     ],\n     \"allocatedOutboundPorts\": 0,\n     \"idleTimeoutInMinutes\"\
        : 30\n    },\n    \"podCidr\": \"10.244.0.0/16\",\n    \"serviceCidr\": \"\
        10.0.0.0/16\",\n    \"dnsServiceIP\": \"10.0.0.10\",\n    \"dockerBridgeCidr\"\
        : \"172.17.0.1/16\",\n    \"outboundType\": \"loadBalancer\"\n   },\n   \"\
        maxAgentPools\": 10\n  },\n  \"sku\": {\n   \"name\": \"Basic\",\n   \"tier\"\
        : \"Free\"\n  }\n }"
    headers:
      azure-asyncoperation:
      - https://management.azure.com/subscriptions/00000000-0000-0000-0000-000000000000/providers/Microsoft.ContainerService/locations/westus2/operations/e7fb6f6e-549e-49fc-bc4b-acad8206dc87?api-version=2016-03-30
      cache-control:
      - no-cache
      content-length:
      - '3212'
      content-type:
      - application/json
      date:
      - Sat, 12 Sep 2020 23:24:58 GMT
      expires:
      - '-1'
      pragma:
      - no-cache
      server:
      - nginx
      strict-transport-security:
      - max-age=31536000; includeSubDomains
      transfer-encoding:
      - chunked
      vary:
      - Accept-Encoding
      x-content-type-options:
      - nosniff
      x-ms-ratelimit-remaining-subscription-writes:
      - '1196'
    status:
      code: 200
      message: OK
- request:
    body: null
    headers:
      Accept:
      - application/json
      Accept-Encoding:
      - gzip, deflate
      CommandName:
      - aks update
      Connection:
      - keep-alive
      ParameterSetName:
      - -g -n --load-balancer-outbound-ips
      User-Agent:
      - python/3.7.4 (Darwin-19.4.0-x86_64-i386-64bit) msrest/0.6.18 msrest_azure/0.6.3
        azure-mgmt-containerservice/9.4.0 Azure-SDK-For-Python AZURECLI/2.11.1
    method: GET
    uri: https://management.azure.com/subscriptions/00000000-0000-0000-0000-000000000000/providers/Microsoft.ContainerService/locations/westus2/operations/e7fb6f6e-549e-49fc-bc4b-acad8206dc87?api-version=2016-03-30
  response:
    body:
      string: "{\n  \"name\": \"6e6ffbe7-9e54-fc49-bc4b-acad8206dc87\",\n  \"status\"\
        : \"Succeeded\",\n  \"startTime\": \"2020-09-12T23:24:58.5618291Z\",\n  \"\
        endTime\": \"2020-09-12T23:25:27.1649426Z\"\n }"
    headers:
      cache-control:
      - no-cache
      content-length:
      - '170'
      content-type:
      - application/json
      date:
      - Sat, 12 Sep 2020 23:25:29 GMT
      expires:
      - '-1'
      pragma:
      - no-cache
      server:
      - nginx
      strict-transport-security:
      - max-age=31536000; includeSubDomains
      transfer-encoding:
      - chunked
      vary:
      - Accept-Encoding
      x-content-type-options:
      - nosniff
    status:
      code: 200
      message: OK
- request:
    body: null
    headers:
      Accept:
      - application/json
      Accept-Encoding:
      - gzip, deflate
      CommandName:
      - aks update
      Connection:
      - keep-alive
      ParameterSetName:
      - -g -n --load-balancer-outbound-ips
      User-Agent:
      - python/3.7.4 (Darwin-19.4.0-x86_64-i386-64bit) msrest/0.6.18 msrest_azure/0.6.3
        azure-mgmt-containerservice/9.4.0 Azure-SDK-For-Python AZURECLI/2.11.1
    method: GET
    uri: https://management.azure.com/subscriptions/00000000-0000-0000-0000-000000000000/resourceGroups/clitest000001/providers/Microsoft.ContainerService/managedClusters/cliakstest000001?api-version=2020-09-01
  response:
    body:
      string: "{\n  \"id\": \"/subscriptions/00000000-0000-0000-0000-000000000000/resourcegroups/clitest000001/providers/Microsoft.ContainerService/managedClusters/cliakstest000001\"\
        ,\n  \"location\": \"westus2\",\n  \"name\": \"cliakstest000001\",\n  \"type\"\
        : \"Microsoft.ContainerService/ManagedClusters\",\n  \"properties\": {\n \
        \  \"provisioningState\": \"Succeeded\",\n   \"kubernetesVersion\": \"1.16.13\"\
        ,\n   \"dnsPrefix\": \"cliaksdns000004\",\n   \"fqdn\": \"cliaksdns000004-bd1ec6bc.hcp.westus2.azmk8s.io\"\
        ,\n   \"agentPoolProfiles\": [\n    {\n     \"name\": \"nodepool1\",\n   \
        \  \"count\": 1,\n     \"vmSize\": \"Standard_DS2_v2\",\n     \"osDiskSizeGB\"\
        : 128,\n     \"osDiskType\": \"Managed\",\n     \"maxPods\": 110,\n     \"\
        type\": \"VirtualMachineScaleSets\",\n     \"provisioningState\": \"Succeeded\"\
        ,\n     \"orchestratorVersion\": \"1.16.13\",\n     \"enableNodePublicIP\"\
        : false,\n     \"nodeLabels\": {},\n     \"mode\": \"System\",\n     \"osType\"\
        : \"Linux\",\n     \"nodeImageVersion\": \"AKSUbuntu-1604-2020.08.19\"\n \
        \   }\n   ],\n   \"linuxProfile\": {\n    \"adminUsername\": \"azureuser\"\
        ,\n    \"ssh\": {\n     \"publicKeys\": [\n      {\n       \"keyData\": \"\
        ssh-rsa AAAAB3NzaC1yc2EAAAADAQABAAACAQCbIg1guRHbI0lV11wWDt1r2cUdcNd27CJsg+SfgC7miZeubtwUhbsPdhMQsfDyhOWHq1+ZL0M+nJZV63d/1dhmhtgyOqejUwrPlzKhydsbrsdUor+JmNJDdW01v7BXHyuymT8G4s09jCasNOwiufbP/qp72ruu0bIA1nySsvlf9pCQAuFkAnVnf/rFhUlOkhtRpwcq8SUNY2zRHR/EKb/4NWY1JzR4sa3q2fWIJdrrX0DvLoa5g9bIEd4Df79ba7v+yiUBOS0zT2ll+z4g9izHK3EO5d8hL4jYxcjKs+wcslSYRWrascfscLgMlMGh0CdKeNTDjHpGPncaf3Z+FwwwjWeuiNBxv7bJo13/8B/098KlVDl4GZqsoBCEjPyJfV6hO0y/LkRGkk7oHWKgeWAfKtfLItRp00eZ4fcJNK9kCaSMmEugoZWcI7NGbZXzqFWqbpRI7NcDP9+WIQ+i9U5vqWsqd/zng4kbuAJ6UuKqIzB0upYrLShfQE3SAck8oaLhJqqq56VfDuASNpJKidV+zq27HfSBmbXnkR/5AK337dc3MXKJypoK/QPMLKUAP5XLPbs+NddJQV7EZXd29DLgp+fRIg3edpKdO7ZErWhv7d+3Kws+e1Y+ypmR2WIVSwVyBEUfgv2C8Ts9gnTF4pNcEY/S2aBicz5Ew2+jdyGNQQ==\
        \ test@example.com\\n\"\n      }\n     ]\n    }\n   },\n   \"servicePrincipalProfile\"\
        : {\n    \"clientId\": \"d1173eb8-7ef3-4844-bc8b-92b7aec4f18f\"\n   },\n \
        \  \"addonProfiles\": {\n    \"kubedashboard\": {\n     \"enabled\": true,\n\
        \     \"config\": null\n    }\n   },\n   \"nodeResourceGroup\": \"MC_clitest000001_cliakstest000001_westus2\"\
        ,\n   \"enableRBAC\": true,\n   \"networkProfile\": {\n    \"networkPlugin\"\
        : \"kubenet\",\n    \"loadBalancerSku\": \"Standard\",\n    \"loadBalancerProfile\"\
        : {\n     \"outboundIPs\": {\n      \"publicIPs\": [\n       {\n        \"\
        id\": \"/subscriptions/00000000-0000-0000-0000-000000000000/resourceGroups/clitest000001/providers/Microsoft.Network/publicIPAddresses/cliaksslbip1000002\"\
        \n       },\n       {\n        \"id\": \"/subscriptions/00000000-0000-0000-0000-000000000000/resourceGroups/clitest000001/providers/Microsoft.Network/publicIPAddresses/cliaksslbip2000003\"\
        \n       }\n      ]\n     },\n     \"effectiveOutboundIPs\": [\n      {\n\
        \       \"id\": \"/subscriptions/00000000-0000-0000-0000-000000000000/resourceGroups/clitest000001/providers/Microsoft.Network/publicIPAddresses/cliaksslbip1000002\"\
        \n      },\n      {\n       \"id\": \"/subscriptions/00000000-0000-0000-0000-000000000000/resourceGroups/clitest000001/providers/Microsoft.Network/publicIPAddresses/cliaksslbip2000003\"\
        \n      }\n     ],\n     \"allocatedOutboundPorts\": 0,\n     \"idleTimeoutInMinutes\"\
        : 30\n    },\n    \"podCidr\": \"10.244.0.0/16\",\n    \"serviceCidr\": \"\
        10.0.0.0/16\",\n    \"dnsServiceIP\": \"10.0.0.10\",\n    \"dockerBridgeCidr\"\
        : \"172.17.0.1/16\",\n    \"outboundType\": \"loadBalancer\"\n   },\n   \"\
        maxAgentPools\": 10\n  },\n  \"sku\": {\n   \"name\": \"Basic\",\n   \"tier\"\
        : \"Free\"\n  }\n }"
    headers:
      cache-control:
      - no-cache
      content-length:
      - '3394'
      content-type:
      - application/json
      date:
      - Sat, 12 Sep 2020 23:25:29 GMT
      expires:
      - '-1'
      pragma:
      - no-cache
      server:
      - nginx
      strict-transport-security:
      - max-age=31536000; includeSubDomains
      transfer-encoding:
      - chunked
      vary:
      - Accept-Encoding
      x-content-type-options:
      - nosniff
    status:
      code: 200
      message: OK
- request:
    body: null
    headers:
      Accept:
      - application/json
      Accept-Encoding:
      - gzip, deflate
      CommandName:
      - aks show
      Connection:
      - keep-alive
      ParameterSetName:
      - -g -n
      User-Agent:
      - python/3.7.4 (Darwin-19.4.0-x86_64-i386-64bit) msrest/0.6.18 msrest_azure/0.6.3
        azure-mgmt-containerservice/9.4.0 Azure-SDK-For-Python AZURECLI/2.11.1
      accept-language:
      - en-US
    method: GET
    uri: https://management.azure.com/subscriptions/00000000-0000-0000-0000-000000000000/resourceGroups/clitest000001/providers/Microsoft.ContainerService/managedClusters/cliakstest000001?api-version=2020-09-01
  response:
    body:
      string: "{\n  \"id\": \"/subscriptions/00000000-0000-0000-0000-000000000000/resourcegroups/clitest000001/providers/Microsoft.ContainerService/managedClusters/cliakstest000001\"\
        ,\n  \"location\": \"westus2\",\n  \"name\": \"cliakstest000001\",\n  \"type\"\
        : \"Microsoft.ContainerService/ManagedClusters\",\n  \"properties\": {\n \
        \  \"provisioningState\": \"Succeeded\",\n   \"kubernetesVersion\": \"1.16.13\"\
        ,\n   \"dnsPrefix\": \"cliaksdns000004\",\n   \"fqdn\": \"cliaksdns000004-bd1ec6bc.hcp.westus2.azmk8s.io\"\
        ,\n   \"agentPoolProfiles\": [\n    {\n     \"name\": \"nodepool1\",\n   \
        \  \"count\": 1,\n     \"vmSize\": \"Standard_DS2_v2\",\n     \"osDiskSizeGB\"\
        : 128,\n     \"osDiskType\": \"Managed\",\n     \"maxPods\": 110,\n     \"\
        type\": \"VirtualMachineScaleSets\",\n     \"provisioningState\": \"Succeeded\"\
        ,\n     \"orchestratorVersion\": \"1.16.13\",\n     \"enableNodePublicIP\"\
        : false,\n     \"nodeLabels\": {},\n     \"mode\": \"System\",\n     \"osType\"\
        : \"Linux\",\n     \"nodeImageVersion\": \"AKSUbuntu-1604-2020.08.19\"\n \
        \   }\n   ],\n   \"linuxProfile\": {\n    \"adminUsername\": \"azureuser\"\
        ,\n    \"ssh\": {\n     \"publicKeys\": [\n      {\n       \"keyData\": \"\
        ssh-rsa AAAAB3NzaC1yc2EAAAADAQABAAACAQCbIg1guRHbI0lV11wWDt1r2cUdcNd27CJsg+SfgC7miZeubtwUhbsPdhMQsfDyhOWHq1+ZL0M+nJZV63d/1dhmhtgyOqejUwrPlzKhydsbrsdUor+JmNJDdW01v7BXHyuymT8G4s09jCasNOwiufbP/qp72ruu0bIA1nySsvlf9pCQAuFkAnVnf/rFhUlOkhtRpwcq8SUNY2zRHR/EKb/4NWY1JzR4sa3q2fWIJdrrX0DvLoa5g9bIEd4Df79ba7v+yiUBOS0zT2ll+z4g9izHK3EO5d8hL4jYxcjKs+wcslSYRWrascfscLgMlMGh0CdKeNTDjHpGPncaf3Z+FwwwjWeuiNBxv7bJo13/8B/098KlVDl4GZqsoBCEjPyJfV6hO0y/LkRGkk7oHWKgeWAfKtfLItRp00eZ4fcJNK9kCaSMmEugoZWcI7NGbZXzqFWqbpRI7NcDP9+WIQ+i9U5vqWsqd/zng4kbuAJ6UuKqIzB0upYrLShfQE3SAck8oaLhJqqq56VfDuASNpJKidV+zq27HfSBmbXnkR/5AK337dc3MXKJypoK/QPMLKUAP5XLPbs+NddJQV7EZXd29DLgp+fRIg3edpKdO7ZErWhv7d+3Kws+e1Y+ypmR2WIVSwVyBEUfgv2C8Ts9gnTF4pNcEY/S2aBicz5Ew2+jdyGNQQ==\
        \ test@example.com\\n\"\n      }\n     ]\n    }\n   },\n   \"servicePrincipalProfile\"\
        : {\n    \"clientId\": \"d1173eb8-7ef3-4844-bc8b-92b7aec4f18f\"\n   },\n \
        \  \"addonProfiles\": {\n    \"kubedashboard\": {\n     \"enabled\": true,\n\
        \     \"config\": null\n    }\n   },\n   \"nodeResourceGroup\": \"MC_clitest000001_cliakstest000001_westus2\"\
        ,\n   \"enableRBAC\": true,\n   \"networkProfile\": {\n    \"networkPlugin\"\
        : \"kubenet\",\n    \"loadBalancerSku\": \"Standard\",\n    \"loadBalancerProfile\"\
        : {\n     \"outboundIPs\": {\n      \"publicIPs\": [\n       {\n        \"\
        id\": \"/subscriptions/00000000-0000-0000-0000-000000000000/resourceGroups/clitest000001/providers/Microsoft.Network/publicIPAddresses/cliaksslbip1000002\"\
        \n       },\n       {\n        \"id\": \"/subscriptions/00000000-0000-0000-0000-000000000000/resourceGroups/clitest000001/providers/Microsoft.Network/publicIPAddresses/cliaksslbip2000003\"\
        \n       }\n      ]\n     },\n     \"effectiveOutboundIPs\": [\n      {\n\
        \       \"id\": \"/subscriptions/00000000-0000-0000-0000-000000000000/resourceGroups/clitest000001/providers/Microsoft.Network/publicIPAddresses/cliaksslbip1000002\"\
        \n      },\n      {\n       \"id\": \"/subscriptions/00000000-0000-0000-0000-000000000000/resourceGroups/clitest000001/providers/Microsoft.Network/publicIPAddresses/cliaksslbip2000003\"\
        \n      }\n     ],\n     \"allocatedOutboundPorts\": 0,\n     \"idleTimeoutInMinutes\"\
        : 30\n    },\n    \"podCidr\": \"10.244.0.0/16\",\n    \"serviceCidr\": \"\
        10.0.0.0/16\",\n    \"dnsServiceIP\": \"10.0.0.10\",\n    \"dockerBridgeCidr\"\
        : \"172.17.0.1/16\",\n    \"outboundType\": \"loadBalancer\"\n   },\n   \"\
        maxAgentPools\": 10\n  },\n  \"sku\": {\n   \"name\": \"Basic\",\n   \"tier\"\
        : \"Free\"\n  }\n }"
    headers:
      cache-control:
      - no-cache
      content-length:
      - '3394'
      content-type:
      - application/json
      date:
      - Sat, 12 Sep 2020 23:25:31 GMT
      expires:
      - '-1'
      pragma:
      - no-cache
      server:
      - nginx
      strict-transport-security:
      - max-age=31536000; includeSubDomains
      transfer-encoding:
      - chunked
      vary:
      - Accept-Encoding
      x-content-type-options:
      - nosniff
    status:
      code: 200
      message: OK
- request:
    body: null
    headers:
      Accept:
      - application/json
      Accept-Encoding:
      - gzip, deflate
      CommandName:
      - aks delete
      Connection:
      - keep-alive
      Content-Length:
      - '0'
      ParameterSetName:
      - -g -n --yes --no-wait
      User-Agent:
      - python/3.7.4 (Darwin-19.4.0-x86_64-i386-64bit) msrest/0.6.18 msrest_azure/0.6.3
        azure-mgmt-containerservice/9.4.0 Azure-SDK-For-Python AZURECLI/2.11.1
      accept-language:
      - en-US
    method: DELETE
    uri: https://management.azure.com/subscriptions/00000000-0000-0000-0000-000000000000/resourceGroups/clitest000001/providers/Microsoft.ContainerService/managedClusters/cliakstest000001?api-version=2020-09-01
  response:
    body:
      string: ''
    headers:
      azure-asyncoperation:
      - https://management.azure.com/subscriptions/00000000-0000-0000-0000-000000000000/providers/Microsoft.ContainerService/locations/westus2/operations/707b2935-a2a6-466d-8db6-cce9b659a87a?api-version=2016-03-30
      cache-control:
      - no-cache
      content-length:
      - '0'
      date:
      - Sat, 12 Sep 2020 23:25:32 GMT
      expires:
      - '-1'
      location:
      - https://management.azure.com/subscriptions/00000000-0000-0000-0000-000000000000/providers/Microsoft.ContainerService/locations/westus2/operationresults/707b2935-a2a6-466d-8db6-cce9b659a87a?api-version=2016-03-30
      pragma:
      - no-cache
      server:
      - nginx
      strict-transport-security:
      - max-age=31536000; includeSubDomains
      x-content-type-options:
      - nosniff
      x-ms-ratelimit-remaining-subscription-deletes:
      - '14999'
    status:
      code: 202
      message: Accepted
version: 1
