interactions:
- request:
    body: '{"location": "westus2", "properties": {"idleTimeoutInMinutes": 4, "publicIPAllocationMethod":
      "Static"}, "sku": {"name": "Standard"}}'
    headers:
      Accept:
      - application/json
      Accept-Encoding:
      - gzip, deflate
      CommandName:
      - network public-ip create
      Connection:
      - keep-alive
      Content-Length:
      - '133'
      Content-Type:
      - application/json
      ParameterSetName:
      - -g -n --location --sku
      User-Agent:
      - AZURECLI/2.48.1 (AAZ) azsdk-python-core/1.26.0 Python/3.8.10 (Linux-5.15.0-1033-azure-x86_64-with-glibc2.29)
    method: PUT
    uri: https://management.azure.com/subscriptions/00000000-0000-0000-0000-000000000000/resourceGroups/clitest000001/providers/Microsoft.Network/publicIPAddresses/cliaksslbip1000002?api-version=2022-05-01
  response:
    body:
      string: "{\r\n  \"name\": \"cliaksslbip1000002\",\r\n  \"id\": \"/subscriptions/00000000-0000-0000-0000-000000000000/resourceGroups/clitest000001/providers/Microsoft.Network/publicIPAddresses/cliaksslbip1000002\",\r\n
        \ \"etag\": \"W/\\\"8232f605-e9d1-45b3-83fc-6f02b7bcdf56\\\"\",\r\n  \"location\":
        \"westus2\",\r\n  \"properties\": {\r\n    \"provisioningState\": \"Updating\",\r\n
        \   \"resourceGuid\": \"a098a2ba-d79e-4b55-a27e-059dc384af10\",\r\n    \"publicIPAddressVersion\":
        \"IPv4\",\r\n    \"publicIPAllocationMethod\": \"Static\",\r\n    \"idleTimeoutInMinutes\":
        4,\r\n    \"ipTags\": [],\r\n    \"ddosSettings\": {\r\n      \"protectionMode\":
        \"VirtualNetworkInherited\"\r\n    }\r\n  },\r\n  \"type\": \"Microsoft.Network/publicIPAddresses\",\r\n
        \ \"sku\": {\r\n    \"name\": \"Standard\",\r\n    \"tier\": \"Regional\"\r\n
        \ }\r\n}"
    headers:
      azure-asyncnotification:
      - Enabled
      azure-asyncoperation:
      - https://management.azure.com/subscriptions/00000000-0000-0000-0000-000000000000/providers/Microsoft.Network/locations/westus2/operations/2c5591dc-6c3f-42a7-ba82-be8f7356f9d2?api-version=2022-05-01
      cache-control:
      - no-cache
      content-length:
      - '732'
      content-type:
      - application/json; charset=utf-8
      date:
      - Sat, 29 Apr 2023 09:45:58 GMT
      expires:
      - '-1'
      pragma:
      - no-cache
      server:
      - Microsoft-HTTPAPI/2.0
      - Microsoft-HTTPAPI/2.0
      strict-transport-security:
      - max-age=31536000; includeSubDomains
      x-content-type-options:
      - nosniff
      x-ms-arm-service-request-id:
      - 765dfcdc-ea69-4320-a437-f71f97496d52
      x-ms-ratelimit-remaining-subscription-writes:
      - '1197'
    status:
      code: 201
      message: Created
- request:
    body: null
    headers:
      Accept:
      - '*/*'
      Accept-Encoding:
      - gzip, deflate
      CommandName:
      - network public-ip create
      Connection:
      - keep-alive
      ParameterSetName:
      - -g -n --location --sku
      User-Agent:
      - AZURECLI/2.48.1 (AAZ) azsdk-python-core/1.26.0 Python/3.8.10 (Linux-5.15.0-1033-azure-x86_64-with-glibc2.29)
    method: GET
    uri: https://management.azure.com/subscriptions/00000000-0000-0000-0000-000000000000/providers/Microsoft.Network/locations/westus2/operations/2c5591dc-6c3f-42a7-ba82-be8f7356f9d2?api-version=2022-05-01
  response:
    body:
      string: "{\r\n  \"status\": \"InProgress\"\r\n}"
    headers:
      cache-control:
      - no-cache
      content-length:
      - '30'
      content-type:
      - application/json; charset=utf-8
      date:
      - Sat, 29 Apr 2023 09:45:58 GMT
      expires:
      - '-1'
      pragma:
      - no-cache
      server:
      - Microsoft-HTTPAPI/2.0
      - Microsoft-HTTPAPI/2.0
      strict-transport-security:
      - max-age=31536000; includeSubDomains
      transfer-encoding:
      - chunked
      vary:
      - Accept-Encoding
      x-content-type-options:
      - nosniff
      x-ms-arm-service-request-id:
      - b7e8d358-a73b-42a0-bab9-10cf96a89edd
    status:
      code: 200
      message: OK
- request:
    body: null
    headers:
      Accept:
      - '*/*'
      Accept-Encoding:
      - gzip, deflate
      CommandName:
      - network public-ip create
      Connection:
      - keep-alive
      ParameterSetName:
      - -g -n --location --sku
      User-Agent:
      - AZURECLI/2.48.1 (AAZ) azsdk-python-core/1.26.0 Python/3.8.10 (Linux-5.15.0-1033-azure-x86_64-with-glibc2.29)
    method: GET
    uri: https://management.azure.com/subscriptions/00000000-0000-0000-0000-000000000000/providers/Microsoft.Network/locations/westus2/operations/2c5591dc-6c3f-42a7-ba82-be8f7356f9d2?api-version=2022-05-01
  response:
    body:
      string: "{\r\n  \"status\": \"Succeeded\"\r\n}"
    headers:
      cache-control:
      - no-cache
      content-length:
      - '29'
      content-type:
      - application/json; charset=utf-8
      date:
      - Sat, 29 Apr 2023 09:46:00 GMT
      expires:
      - '-1'
      pragma:
      - no-cache
      server:
      - Microsoft-HTTPAPI/2.0
      - Microsoft-HTTPAPI/2.0
      strict-transport-security:
      - max-age=31536000; includeSubDomains
      transfer-encoding:
      - chunked
      vary:
      - Accept-Encoding
      x-content-type-options:
      - nosniff
      x-ms-arm-service-request-id:
      - b968e517-86a0-4bfa-afe6-550037a71200
    status:
      code: 200
      message: OK
- request:
    body: null
    headers:
      Accept:
      - '*/*'
      Accept-Encoding:
      - gzip, deflate
      CommandName:
      - network public-ip create
      Connection:
      - keep-alive
      ParameterSetName:
      - -g -n --location --sku
      User-Agent:
      - AZURECLI/2.48.1 (AAZ) azsdk-python-core/1.26.0 Python/3.8.10 (Linux-5.15.0-1033-azure-x86_64-with-glibc2.29)
    method: GET
    uri: https://management.azure.com/subscriptions/00000000-0000-0000-0000-000000000000/resourceGroups/clitest000001/providers/Microsoft.Network/publicIPAddresses/cliaksslbip1000002?api-version=2022-05-01
  response:
    body:
      string: "{\r\n  \"name\": \"cliaksslbip1000002\",\r\n  \"id\": \"/subscriptions/00000000-0000-0000-0000-000000000000/resourceGroups/clitest000001/providers/Microsoft.Network/publicIPAddresses/cliaksslbip1000002\",\r\n
        \ \"etag\": \"W/\\\"226e2a25-6e2d-449f-b555-42515ee2818b\\\"\",\r\n  \"location\":
        \"westus2\",\r\n  \"properties\": {\r\n    \"provisioningState\": \"Succeeded\",\r\n
        \   \"resourceGuid\": \"a098a2ba-d79e-4b55-a27e-059dc384af10\",\r\n    \"ipAddress\":
        \"20.3.112.207\",\r\n    \"publicIPAddressVersion\": \"IPv4\",\r\n    \"publicIPAllocationMethod\":
        \"Static\",\r\n    \"idleTimeoutInMinutes\": 4,\r\n    \"ipTags\": [],\r\n
        \   \"ddosSettings\": {\r\n      \"protectionMode\": \"VirtualNetworkInherited\"\r\n
        \   }\r\n  },\r\n  \"type\": \"Microsoft.Network/publicIPAddresses\",\r\n
        \ \"sku\": {\r\n    \"name\": \"Standard\",\r\n    \"tier\": \"Regional\"\r\n
        \ }\r\n}"
    headers:
      cache-control:
      - no-cache
      content-length:
      - '767'
      content-type:
      - application/json; charset=utf-8
      date:
      - Sat, 29 Apr 2023 09:46:00 GMT
      etag:
      - W/"226e2a25-6e2d-449f-b555-42515ee2818b"
      expires:
      - '-1'
      pragma:
      - no-cache
      server:
      - Microsoft-HTTPAPI/2.0
      - Microsoft-HTTPAPI/2.0
      strict-transport-security:
      - max-age=31536000; includeSubDomains
      transfer-encoding:
      - chunked
      vary:
      - Accept-Encoding
      x-content-type-options:
      - nosniff
      x-ms-arm-service-request-id:
      - b0bd5f31-cc76-480c-a8b6-97ad2caf2251
    status:
      code: 200
      message: OK
- request:
    body: '{"location": "westus2", "properties": {"idleTimeoutInMinutes": 4, "publicIPAllocationMethod":
      "Static"}, "sku": {"name": "Standard"}}'
    headers:
      Accept:
      - application/json
      Accept-Encoding:
      - gzip, deflate
      CommandName:
      - network public-ip create
      Connection:
      - keep-alive
      Content-Length:
      - '133'
      Content-Type:
      - application/json
      ParameterSetName:
      - -g -n --location --sku
      User-Agent:
      - AZURECLI/2.48.1 (AAZ) azsdk-python-core/1.26.0 Python/3.8.10 (Linux-5.15.0-1033-azure-x86_64-with-glibc2.29)
    method: PUT
    uri: https://management.azure.com/subscriptions/00000000-0000-0000-0000-000000000000/resourceGroups/clitest000001/providers/Microsoft.Network/publicIPAddresses/cliaksslbip2000003?api-version=2022-05-01
  response:
    body:
      string: "{\r\n  \"name\": \"cliaksslbip2000003\",\r\n  \"id\": \"/subscriptions/00000000-0000-0000-0000-000000000000/resourceGroups/clitest000001/providers/Microsoft.Network/publicIPAddresses/cliaksslbip2000003\",\r\n
        \ \"etag\": \"W/\\\"459f95e1-da5d-4339-a072-fa27a92ed377\\\"\",\r\n  \"location\":
        \"westus2\",\r\n  \"properties\": {\r\n    \"provisioningState\": \"Updating\",\r\n
        \   \"resourceGuid\": \"836ff24a-7d34-4e39-b397-20d2e05231fa\",\r\n    \"publicIPAddressVersion\":
        \"IPv4\",\r\n    \"publicIPAllocationMethod\": \"Static\",\r\n    \"idleTimeoutInMinutes\":
        4,\r\n    \"ipTags\": [],\r\n    \"ddosSettings\": {\r\n      \"protectionMode\":
        \"VirtualNetworkInherited\"\r\n    }\r\n  },\r\n  \"type\": \"Microsoft.Network/publicIPAddresses\",\r\n
        \ \"sku\": {\r\n    \"name\": \"Standard\",\r\n    \"tier\": \"Regional\"\r\n
        \ }\r\n}"
    headers:
      azure-asyncnotification:
      - Enabled
      azure-asyncoperation:
      - https://management.azure.com/subscriptions/00000000-0000-0000-0000-000000000000/providers/Microsoft.Network/locations/westus2/operations/11dfb0db-568f-4032-bb84-9aee01daa20f?api-version=2022-05-01
      cache-control:
      - no-cache
      content-length:
      - '732'
      content-type:
      - application/json; charset=utf-8
      date:
      - Sat, 29 Apr 2023 09:46:01 GMT
      expires:
      - '-1'
      pragma:
      - no-cache
      server:
      - Microsoft-HTTPAPI/2.0
      - Microsoft-HTTPAPI/2.0
      strict-transport-security:
      - max-age=31536000; includeSubDomains
      x-content-type-options:
      - nosniff
      x-ms-arm-service-request-id:
      - f0df2d44-2d50-491d-ac19-436ce714b96a
      x-ms-ratelimit-remaining-subscription-writes:
      - '1197'
    status:
      code: 201
      message: Created
- request:
    body: null
    headers:
      Accept:
      - '*/*'
      Accept-Encoding:
      - gzip, deflate
      CommandName:
      - network public-ip create
      Connection:
      - keep-alive
      ParameterSetName:
      - -g -n --location --sku
      User-Agent:
      - AZURECLI/2.48.1 (AAZ) azsdk-python-core/1.26.0 Python/3.8.10 (Linux-5.15.0-1033-azure-x86_64-with-glibc2.29)
    method: GET
    uri: https://management.azure.com/subscriptions/00000000-0000-0000-0000-000000000000/providers/Microsoft.Network/locations/westus2/operations/11dfb0db-568f-4032-bb84-9aee01daa20f?api-version=2022-05-01
  response:
    body:
      string: "{\r\n  \"status\": \"InProgress\"\r\n}"
    headers:
      cache-control:
      - no-cache
      content-length:
      - '30'
      content-type:
      - application/json; charset=utf-8
      date:
      - Sat, 29 Apr 2023 09:46:01 GMT
      expires:
      - '-1'
      pragma:
      - no-cache
      server:
      - Microsoft-HTTPAPI/2.0
      - Microsoft-HTTPAPI/2.0
      strict-transport-security:
      - max-age=31536000; includeSubDomains
      transfer-encoding:
      - chunked
      vary:
      - Accept-Encoding
      x-content-type-options:
      - nosniff
      x-ms-arm-service-request-id:
      - b5bf73ea-786c-403f-96b3-89d07f6705de
    status:
      code: 200
      message: OK
- request:
    body: null
    headers:
      Accept:
      - '*/*'
      Accept-Encoding:
      - gzip, deflate
      CommandName:
      - network public-ip create
      Connection:
      - keep-alive
      ParameterSetName:
      - -g -n --location --sku
      User-Agent:
      - AZURECLI/2.48.1 (AAZ) azsdk-python-core/1.26.0 Python/3.8.10 (Linux-5.15.0-1033-azure-x86_64-with-glibc2.29)
    method: GET
    uri: https://management.azure.com/subscriptions/00000000-0000-0000-0000-000000000000/providers/Microsoft.Network/locations/westus2/operations/11dfb0db-568f-4032-bb84-9aee01daa20f?api-version=2022-05-01
  response:
    body:
      string: "{\r\n  \"status\": \"Succeeded\"\r\n}"
    headers:
      cache-control:
      - no-cache
      content-length:
      - '29'
      content-type:
      - application/json; charset=utf-8
      date:
      - Sat, 29 Apr 2023 09:46:03 GMT
      expires:
      - '-1'
      pragma:
      - no-cache
      server:
      - Microsoft-HTTPAPI/2.0
      - Microsoft-HTTPAPI/2.0
      strict-transport-security:
      - max-age=31536000; includeSubDomains
      transfer-encoding:
      - chunked
      vary:
      - Accept-Encoding
      x-content-type-options:
      - nosniff
      x-ms-arm-service-request-id:
      - 895cc19b-2f1f-4500-b0e0-b18aedb89815
    status:
      code: 200
      message: OK
- request:
    body: null
    headers:
      Accept:
      - '*/*'
      Accept-Encoding:
      - gzip, deflate
      CommandName:
      - network public-ip create
      Connection:
      - keep-alive
      ParameterSetName:
      - -g -n --location --sku
      User-Agent:
      - AZURECLI/2.48.1 (AAZ) azsdk-python-core/1.26.0 Python/3.8.10 (Linux-5.15.0-1033-azure-x86_64-with-glibc2.29)
    method: GET
    uri: https://management.azure.com/subscriptions/00000000-0000-0000-0000-000000000000/resourceGroups/clitest000001/providers/Microsoft.Network/publicIPAddresses/cliaksslbip2000003?api-version=2022-05-01
  response:
    body:
      string: "{\r\n  \"name\": \"cliaksslbip2000003\",\r\n  \"id\": \"/subscriptions/00000000-0000-0000-0000-000000000000/resourceGroups/clitest000001/providers/Microsoft.Network/publicIPAddresses/cliaksslbip2000003\",\r\n
        \ \"etag\": \"W/\\\"983acc3b-585d-4052-9d3f-294fc1142b89\\\"\",\r\n  \"location\":
        \"westus2\",\r\n  \"properties\": {\r\n    \"provisioningState\": \"Succeeded\",\r\n
        \   \"resourceGuid\": \"836ff24a-7d34-4e39-b397-20d2e05231fa\",\r\n    \"ipAddress\":
        \"20.3.118.138\",\r\n    \"publicIPAddressVersion\": \"IPv4\",\r\n    \"publicIPAllocationMethod\":
        \"Static\",\r\n    \"idleTimeoutInMinutes\": 4,\r\n    \"ipTags\": [],\r\n
        \   \"ddosSettings\": {\r\n      \"protectionMode\": \"VirtualNetworkInherited\"\r\n
        \   }\r\n  },\r\n  \"type\": \"Microsoft.Network/publicIPAddresses\",\r\n
        \ \"sku\": {\r\n    \"name\": \"Standard\",\r\n    \"tier\": \"Regional\"\r\n
        \ }\r\n}"
    headers:
      cache-control:
      - no-cache
      content-length:
      - '767'
      content-type:
      - application/json; charset=utf-8
      date:
      - Sat, 29 Apr 2023 09:46:03 GMT
      etag:
      - W/"983acc3b-585d-4052-9d3f-294fc1142b89"
      expires:
      - '-1'
      pragma:
      - no-cache
      server:
      - Microsoft-HTTPAPI/2.0
      - Microsoft-HTTPAPI/2.0
      strict-transport-security:
      - max-age=31536000; includeSubDomains
      transfer-encoding:
      - chunked
      vary:
      - Accept-Encoding
      x-content-type-options:
      - nosniff
      x-ms-arm-service-request-id:
      - 1a406160-e2a2-4d6f-9cd7-3a29a1e13cdb
    status:
      code: 200
      message: OK
- request:
    body: null
    headers:
      Accept:
      - application/json
      Accept-Encoding:
      - gzip, deflate
      CommandName:
      - aks create
      Connection:
      - keep-alive
      ParameterSetName:
      - --resource-group --name --location --dns-name-prefix --node-count --ssh-key-value
        --load-balancer-sku --vm-set-type --load-balancer-outbound-ips
      User-Agent:
      - AZURECLI/2.48.1 azsdk-python-azure-mgmt-containerservice/22.1.0 Python/3.8.10
        (Linux-5.15.0-1033-azure-x86_64-with-glibc2.29)
    method: GET
    uri: https://management.azure.com/subscriptions/00000000-0000-0000-0000-000000000000/resourceGroups/clitest000001/providers/Microsoft.ContainerService/managedClusters/cliakstest000001?api-version=2023-04-01
  response:
    body:
      string: '{"error":{"code":"ResourceNotFound","message":"The Resource ''Microsoft.ContainerService/managedClusters/cliakstest000001''
        under resource group ''clitest000001'' was not found. For more details please
        go to https://aka.ms/ARMResourceNotFoundFix"}}'
    headers:
      cache-control:
      - no-cache
      content-length:
      - '244'
      content-type:
      - application/json; charset=utf-8
      date:
      - Sat, 29 Apr 2023 09:46:03 GMT
      expires:
      - '-1'
      pragma:
      - no-cache
      strict-transport-security:
      - max-age=31536000; includeSubDomains
      x-content-type-options:
      - nosniff
      x-ms-failure-cause:
      - gateway
    status:
      code: 404
      message: Not Found
- request:
    body: '{"location": "westus2", "identity": {"type": "SystemAssigned"}, "properties":
      {"kubernetesVersion": "", "dnsPrefix": "cliaksdns000004", "agentPoolProfiles":
      [{"count": 1, "vmSize": "Standard_DS2_v2", "osDiskSizeGB": 0, "osType": "Linux",
      "enableAutoScaling": false, "type": "VirtualMachineScaleSets", "mode": "System",
      "orchestratorVersion": "", "upgradeSettings": {}, "enableNodePublicIP": false,
      "scaleSetPriority": "Regular", "scaleSetEvictionPolicy": "Delete", "spotMaxPrice":
      -1.0, "nodeTaints": [], "enableEncryptionAtHost": false, "enableUltraSSD": false,
      "enableFIPS": false, "name": "nodepool1"}], "linuxProfile": {"adminUsername":
      "azureuser", "ssh": {"publicKeys": [{"keyData": "ssh-rsa AAAAB3NzaC1yc2EAAAADAQABAAABAQCvBk9v4/Qo7XJWIY7AItmm8ohKhV9Y2z/SA5RKWk4BUCpK4ElHu8ia+QREfb7nmO5LtydRi7glVKNjUWUeaSC1PTmk2Z421whqvLRgF6XquFUcEC+VZG54EiS7j6hc2G3Af76vCZQQIQ7fKB8gngJXVb4QjbKVkoORamBKaSQ5MoAPF9GeSPfDesETM/jcE60BguHKjSTXhfsvgs6/iuUSPQ7duXwFtlpQy8WwA6ymGj4ehF0y8NXP6fjEajHDhPjPDkyuKBFTScflrLRryURmRyyICLt40vd+gaiyYCmREJxZNT/7J1pKmlpLNJejqDgXJ97xeyv4flTL7XRSgWV5
      azcli_aks_live_test@example.com\n"}]}}, "addonProfiles": {}, "enableRBAC": true,
      "networkProfile": {"networkPlugin": "kubenet", "podCidr": "10.244.0.0/16", "serviceCidr":
      "10.0.0.0/16", "dnsServiceIP": "10.0.0.10", "dockerBridgeCidr": "172.17.0.1/16",
      "outboundType": "loadBalancer", "loadBalancerSku": "standard", "loadBalancerProfile":
      {"outboundIPs": {"publicIPs": [{"id": "/subscriptions/00000000-0000-0000-0000-000000000000/resourceGroups/clitest000001/providers/Microsoft.Network/publicIPAddresses/cliaksslbip1000002"}]},
      "allocatedOutboundPorts": 0, "idleTimeoutInMinutes": 30}}, "disableLocalAccounts":
      false, "storageProfile": {}}}'
    headers:
      Accept:
      - application/json
      Accept-Encoding:
      - gzip, deflate
      CommandName:
      - aks create
      Connection:
      - keep-alive
      Content-Length:
      - '1711'
      Content-Type:
      - application/json
      ParameterSetName:
      - --resource-group --name --location --dns-name-prefix --node-count --ssh-key-value
        --load-balancer-sku --vm-set-type --load-balancer-outbound-ips
      User-Agent:
      - AZURECLI/2.48.1 azsdk-python-azure-mgmt-containerservice/22.1.0 Python/3.8.10
        (Linux-5.15.0-1033-azure-x86_64-with-glibc2.29)
    method: PUT
    uri: https://management.azure.com/subscriptions/00000000-0000-0000-0000-000000000000/resourceGroups/clitest000001/providers/Microsoft.ContainerService/managedClusters/cliakstest000001?api-version=2023-04-01
  response:
    body:
      string: "{\n  \"id\": \"/subscriptions/00000000-0000-0000-0000-000000000000/resourcegroups/clitest000001/providers/Microsoft.ContainerService/managedClusters/cliakstest000001\",\n
        \ \"location\": \"westus2\",\n  \"name\": \"cliakstest000001\",\n  \"type\":
        \"Microsoft.ContainerService/ManagedClusters\",\n  \"properties\": {\n   \"provisioningState\":
        \"Creating\",\n   \"powerState\": {\n    \"code\": \"Running\"\n   },\n   \"kubernetesVersion\":
        \"1.25.6\",\n   \"currentKubernetesVersion\": \"1.25.6\",\n   \"dnsPrefix\":
        \"cliaksdns000004\",\n   \"fqdn\": \"cliaksdns000004-rtgiwzp9.hcp.westus2.azmk8s.io\",\n
        \  \"azurePortalFQDN\": \"cliaksdns000004-rtgiwzp9.portal.hcp.westus2.azmk8s.io\",\n
        \  \"agentPoolProfiles\": [\n    {\n     \"name\": \"nodepool1\",\n     \"count\":
        1,\n     \"vmSize\": \"Standard_DS2_v2\",\n     \"osDiskSizeGB\": 128,\n     \"osDiskType\":
        \"Managed\",\n     \"kubeletDiskType\": \"OS\",\n     \"maxPods\": 110,\n
        \    \"type\": \"VirtualMachineScaleSets\",\n     \"enableAutoScaling\": false,\n
        \    \"provisioningState\": \"Creating\",\n     \"powerState\": {\n      \"code\":
        \"Running\"\n     },\n     \"orchestratorVersion\": \"1.25.6\",\n     \"currentOrchestratorVersion\":
        \"1.25.6\",\n     \"enableNodePublicIP\": false,\n     \"mode\": \"System\",\n
        \    \"enableEncryptionAtHost\": false,\n     \"enableUltraSSD\": false,\n
        \    \"osType\": \"Linux\",\n     \"osSKU\": \"Ubuntu\",\n     \"nodeImageVersion\":
        \"AKSUbuntu-2204gen2containerd-202304.10.0\",\n     \"upgradeSettings\": {},\n
        \    \"enableFIPS\": false\n    }\n   ],\n   \"linuxProfile\": {\n    \"adminUsername\":
        \"azureuser\",\n    \"ssh\": {\n     \"publicKeys\": [\n      {\n       \"keyData\":
        \"ssh-rsa AAAAB3NzaC1yc2EAAAADAQABAAABAQCvBk9v4/Qo7XJWIY7AItmm8ohKhV9Y2z/SA5RKWk4BUCpK4ElHu8ia+QREfb7nmO5LtydRi7glVKNjUWUeaSC1PTmk2Z421whqvLRgF6XquFUcEC+VZG54EiS7j6hc2G3Af76vCZQQIQ7fKB8gngJXVb4QjbKVkoORamBKaSQ5MoAPF9GeSPfDesETM/jcE60BguHKjSTXhfsvgs6/iuUSPQ7duXwFtlpQy8WwA6ymGj4ehF0y8NXP6fjEajHDhPjPDkyuKBFTScflrLRryURmRyyICLt40vd+gaiyYCmREJxZNT/7J1pKmlpLNJejqDgXJ97xeyv4flTL7XRSgWV5
        azcli_aks_live_test@example.com\\n\"\n      }\n     ]\n    }\n   },\n   \"servicePrincipalProfile\":
        {\n    \"clientId\":\"00000000-0000-0000-0000-000000000001\"\n   },\n   \"nodeResourceGroup\":
        \"MC_clitest000001_cliakstest000001_westus2\",\n   \"enableRBAC\": true,\n
        \  \"enableLTS\": \"KubernetesOfficial\",\n   \"networkProfile\": {\n    \"networkPlugin\":
        \"kubenet\",\n    \"loadBalancerSku\": \"standard\",\n    \"loadBalancerProfile\":
        {\n     \"outboundIPs\": {\n      \"publicIPs\": [\n       {\n        \"id\":
        \"/subscriptions/00000000-0000-0000-0000-000000000000/resourceGroups/clitest000001/providers/Microsoft.Network/publicIPAddresses/cliaksslbip1000002\"\n
        \      }\n      ]\n     },\n     \"allocatedOutboundPorts\": 0,\n     \"idleTimeoutInMinutes\":
        30\n    },\n    \"podCidr\": \"10.244.0.0/16\",\n    \"serviceCidr\": \"10.0.0.0/16\",\n
        \   \"dnsServiceIP\": \"10.0.0.10\",\n    \"dockerBridgeCidr\": \"172.17.0.1/16\",\n
        \   \"outboundType\": \"loadBalancer\",\n    \"podCidrs\": [\n     \"10.244.0.0/16\"\n
        \   ],\n    \"serviceCidrs\": [\n     \"10.0.0.0/16\"\n    ],\n    \"ipFamilies\":
        [\n     \"IPv4\"\n    ]\n   },\n   \"maxAgentPools\": 100,\n   \"disableLocalAccounts\":
        false,\n   \"securityProfile\": {},\n   \"storageProfile\": {\n    \"diskCSIDriver\":
        {\n     \"enabled\": true\n    },\n    \"fileCSIDriver\": {\n     \"enabled\":
        true\n    },\n    \"snapshotController\": {\n     \"enabled\": true\n    }\n
        \  },\n   \"oidcIssuerProfile\": {\n    \"enabled\": false\n   },\n   \"workloadAutoScalerProfile\":
        {}\n  },\n  \"identity\": {\n   \"type\": \"SystemAssigned\",\n   \"principalId\":\"00000000-0000-0000-0000-000000000001\",\n
        \  \"tenantId\": \"72f988bf-86f1-41af-91ab-2d7cd011db47\"\n  },\n  \"sku\":
        {\n   \"name\": \"Base\",\n   \"tier\": \"Free\"\n  }\n }"
    headers:
      azure-asyncoperation:
      - https://management.azure.com/subscriptions/00000000-0000-0000-0000-000000000000/providers/Microsoft.ContainerService/locations/westus2/operations/7b25f66f-ee64-44a8-9027-a4add3a8cda6?api-version=2016-03-30
      cache-control:
      - no-cache
      content-length:
      - '3501'
      content-type:
      - application/json
      date:
      - Sat, 29 Apr 2023 09:46:08 GMT
      expires:
      - '-1'
      pragma:
      - no-cache
      server:
      - nginx
      strict-transport-security:
      - max-age=31536000; includeSubDomains
      x-content-type-options:
      - nosniff
      x-ms-ratelimit-remaining-subscription-writes:
      - '1193'
    status:
      code: 201
      message: Created
- request:
    body: null
    headers:
      Accept:
      - '*/*'
      Accept-Encoding:
      - gzip, deflate
      CommandName:
      - aks create
      Connection:
      - keep-alive
      ParameterSetName:
      - --resource-group --name --location --dns-name-prefix --node-count --ssh-key-value
        --load-balancer-sku --vm-set-type --load-balancer-outbound-ips
      User-Agent:
      - AZURECLI/2.48.1 azsdk-python-azure-mgmt-containerservice/22.1.0 Python/3.8.10
        (Linux-5.15.0-1033-azure-x86_64-with-glibc2.29)
    method: GET
    uri: https://management.azure.com/subscriptions/00000000-0000-0000-0000-000000000000/providers/Microsoft.ContainerService/locations/westus2/operations/7b25f66f-ee64-44a8-9027-a4add3a8cda6?api-version=2016-03-30
  response:
    body:
      string: "{\n  \"name\": \"6ff6257b-64ee-a844-9027-a4add3a8cda6\",\n  \"status\":
        \"InProgress\",\n  \"startTime\": \"2023-04-29T09:46:08.5695794Z\"\n }"
    headers:
      cache-control:
      - no-cache
      content-length:
      - '126'
      content-type:
      - application/json
      date:
      - Sat, 29 Apr 2023 09:46:08 GMT
      expires:
      - '-1'
      pragma:
      - no-cache
      server:
      - nginx
      strict-transport-security:
      - max-age=31536000; includeSubDomains
      transfer-encoding:
      - chunked
      vary:
      - Accept-Encoding
      x-content-type-options:
      - nosniff
    status:
      code: 200
      message: OK
- request:
    body: null
    headers:
      Accept:
      - '*/*'
      Accept-Encoding:
      - gzip, deflate
      CommandName:
      - aks create
      Connection:
      - keep-alive
      ParameterSetName:
      - --resource-group --name --location --dns-name-prefix --node-count --ssh-key-value
        --load-balancer-sku --vm-set-type --load-balancer-outbound-ips
      User-Agent:
      - AZURECLI/2.48.1 azsdk-python-azure-mgmt-containerservice/22.1.0 Python/3.8.10
        (Linux-5.15.0-1033-azure-x86_64-with-glibc2.29)
    method: GET
    uri: https://management.azure.com/subscriptions/00000000-0000-0000-0000-000000000000/providers/Microsoft.ContainerService/locations/westus2/operations/7b25f66f-ee64-44a8-9027-a4add3a8cda6?api-version=2016-03-30
  response:
    body:
      string: "{\n  \"name\": \"6ff6257b-64ee-a844-9027-a4add3a8cda6\",\n  \"status\":
        \"InProgress\",\n  \"startTime\": \"2023-04-29T09:46:08.5695794Z\"\n }"
    headers:
      cache-control:
      - no-cache
      content-length:
      - '126'
      content-type:
      - application/json
      date:
      - Sat, 29 Apr 2023 09:46:38 GMT
      expires:
      - '-1'
      pragma:
      - no-cache
      server:
      - nginx
      strict-transport-security:
      - max-age=31536000; includeSubDomains
      transfer-encoding:
      - chunked
      vary:
      - Accept-Encoding
      x-content-type-options:
      - nosniff
    status:
      code: 200
      message: OK
- request:
    body: null
    headers:
      Accept:
      - '*/*'
      Accept-Encoding:
      - gzip, deflate
      CommandName:
      - aks create
      Connection:
      - keep-alive
      ParameterSetName:
      - --resource-group --name --location --dns-name-prefix --node-count --ssh-key-value
        --load-balancer-sku --vm-set-type --load-balancer-outbound-ips
      User-Agent:
      - AZURECLI/2.48.1 azsdk-python-azure-mgmt-containerservice/22.1.0 Python/3.8.10
        (Linux-5.15.0-1033-azure-x86_64-with-glibc2.29)
    method: GET
    uri: https://management.azure.com/subscriptions/00000000-0000-0000-0000-000000000000/providers/Microsoft.ContainerService/locations/westus2/operations/7b25f66f-ee64-44a8-9027-a4add3a8cda6?api-version=2016-03-30
  response:
    body:
      string: "{\n  \"name\": \"6ff6257b-64ee-a844-9027-a4add3a8cda6\",\n  \"status\":
        \"InProgress\",\n  \"startTime\": \"2023-04-29T09:46:08.5695794Z\"\n }"
    headers:
      cache-control:
      - no-cache
      content-length:
      - '126'
      content-type:
      - application/json
      date:
      - Sat, 29 Apr 2023 09:47:08 GMT
      expires:
      - '-1'
      pragma:
      - no-cache
      server:
      - nginx
      strict-transport-security:
      - max-age=31536000; includeSubDomains
      transfer-encoding:
      - chunked
      vary:
      - Accept-Encoding
      x-content-type-options:
      - nosniff
    status:
      code: 200
      message: OK
- request:
    body: null
    headers:
      Accept:
      - '*/*'
      Accept-Encoding:
      - gzip, deflate
      CommandName:
      - aks create
      Connection:
      - keep-alive
      ParameterSetName:
      - --resource-group --name --location --dns-name-prefix --node-count --ssh-key-value
        --load-balancer-sku --vm-set-type --load-balancer-outbound-ips
      User-Agent:
      - AZURECLI/2.48.1 azsdk-python-azure-mgmt-containerservice/22.1.0 Python/3.8.10
        (Linux-5.15.0-1033-azure-x86_64-with-glibc2.29)
    method: GET
    uri: https://management.azure.com/subscriptions/00000000-0000-0000-0000-000000000000/providers/Microsoft.ContainerService/locations/westus2/operations/7b25f66f-ee64-44a8-9027-a4add3a8cda6?api-version=2016-03-30
  response:
    body:
      string: "{\n  \"name\": \"6ff6257b-64ee-a844-9027-a4add3a8cda6\",\n  \"status\":
        \"InProgress\",\n  \"startTime\": \"2023-04-29T09:46:08.5695794Z\"\n }"
    headers:
      cache-control:
      - no-cache
      content-length:
      - '126'
      content-type:
      - application/json
      date:
      - Sat, 29 Apr 2023 09:47:39 GMT
      expires:
      - '-1'
      pragma:
      - no-cache
      server:
      - nginx
      strict-transport-security:
      - max-age=31536000; includeSubDomains
      transfer-encoding:
      - chunked
      vary:
      - Accept-Encoding
      x-content-type-options:
      - nosniff
    status:
      code: 200
      message: OK
- request:
    body: null
    headers:
      Accept:
      - '*/*'
      Accept-Encoding:
      - gzip, deflate
      CommandName:
      - aks create
      Connection:
      - keep-alive
      ParameterSetName:
      - --resource-group --name --location --dns-name-prefix --node-count --ssh-key-value
        --load-balancer-sku --vm-set-type --load-balancer-outbound-ips
      User-Agent:
      - AZURECLI/2.48.1 azsdk-python-azure-mgmt-containerservice/22.1.0 Python/3.8.10
        (Linux-5.15.0-1033-azure-x86_64-with-glibc2.29)
    method: GET
    uri: https://management.azure.com/subscriptions/00000000-0000-0000-0000-000000000000/providers/Microsoft.ContainerService/locations/westus2/operations/7b25f66f-ee64-44a8-9027-a4add3a8cda6?api-version=2016-03-30
  response:
    body:
      string: "{\n  \"name\": \"6ff6257b-64ee-a844-9027-a4add3a8cda6\",\n  \"status\":
        \"InProgress\",\n  \"startTime\": \"2023-04-29T09:46:08.5695794Z\"\n }"
    headers:
      cache-control:
      - no-cache
      content-length:
      - '126'
      content-type:
      - application/json
      date:
      - Sat, 29 Apr 2023 09:48:09 GMT
      expires:
      - '-1'
      pragma:
      - no-cache
      server:
      - nginx
      strict-transport-security:
      - max-age=31536000; includeSubDomains
      transfer-encoding:
      - chunked
      vary:
      - Accept-Encoding
      x-content-type-options:
      - nosniff
    status:
      code: 200
      message: OK
- request:
    body: null
    headers:
      Accept:
      - '*/*'
      Accept-Encoding:
      - gzip, deflate
      CommandName:
      - aks create
      Connection:
      - keep-alive
      ParameterSetName:
      - --resource-group --name --location --dns-name-prefix --node-count --ssh-key-value
        --load-balancer-sku --vm-set-type --load-balancer-outbound-ips
      User-Agent:
      - AZURECLI/2.48.1 azsdk-python-azure-mgmt-containerservice/22.1.0 Python/3.8.10
        (Linux-5.15.0-1033-azure-x86_64-with-glibc2.29)
    method: GET
    uri: https://management.azure.com/subscriptions/00000000-0000-0000-0000-000000000000/providers/Microsoft.ContainerService/locations/westus2/operations/7b25f66f-ee64-44a8-9027-a4add3a8cda6?api-version=2016-03-30
  response:
    body:
      string: "{\n  \"name\": \"6ff6257b-64ee-a844-9027-a4add3a8cda6\",\n  \"status\":
        \"InProgress\",\n  \"startTime\": \"2023-04-29T09:46:08.5695794Z\"\n }"
    headers:
      cache-control:
      - no-cache
      content-length:
      - '126'
      content-type:
      - application/json
      date:
      - Sat, 29 Apr 2023 09:48:39 GMT
      expires:
      - '-1'
      pragma:
      - no-cache
      server:
      - nginx
      strict-transport-security:
      - max-age=31536000; includeSubDomains
      transfer-encoding:
      - chunked
      vary:
      - Accept-Encoding
      x-content-type-options:
      - nosniff
    status:
      code: 200
      message: OK
- request:
    body: null
    headers:
      Accept:
      - '*/*'
      Accept-Encoding:
      - gzip, deflate
      CommandName:
      - aks create
      Connection:
      - keep-alive
      ParameterSetName:
      - --resource-group --name --location --dns-name-prefix --node-count --ssh-key-value
        --load-balancer-sku --vm-set-type --load-balancer-outbound-ips
      User-Agent:
      - AZURECLI/2.48.1 azsdk-python-azure-mgmt-containerservice/22.1.0 Python/3.8.10
        (Linux-5.15.0-1033-azure-x86_64-with-glibc2.29)
    method: GET
    uri: https://management.azure.com/subscriptions/00000000-0000-0000-0000-000000000000/providers/Microsoft.ContainerService/locations/westus2/operations/7b25f66f-ee64-44a8-9027-a4add3a8cda6?api-version=2016-03-30
  response:
    body:
      string: "{\n  \"name\": \"6ff6257b-64ee-a844-9027-a4add3a8cda6\",\n  \"status\":
        \"InProgress\",\n  \"startTime\": \"2023-04-29T09:46:08.5695794Z\"\n }"
    headers:
      cache-control:
      - no-cache
      content-length:
      - '126'
      content-type:
      - application/json
      date:
      - Sat, 29 Apr 2023 09:49:09 GMT
      expires:
      - '-1'
      pragma:
      - no-cache
      server:
      - nginx
      strict-transport-security:
      - max-age=31536000; includeSubDomains
      transfer-encoding:
      - chunked
      vary:
      - Accept-Encoding
      x-content-type-options:
      - nosniff
    status:
      code: 200
      message: OK
- request:
    body: null
    headers:
      Accept:
      - '*/*'
      Accept-Encoding:
      - gzip, deflate
      CommandName:
      - aks create
      Connection:
      - keep-alive
      ParameterSetName:
      - --resource-group --name --location --dns-name-prefix --node-count --ssh-key-value
        --load-balancer-sku --vm-set-type --load-balancer-outbound-ips
      User-Agent:
      - AZURECLI/2.48.1 azsdk-python-azure-mgmt-containerservice/22.1.0 Python/3.8.10
        (Linux-5.15.0-1033-azure-x86_64-with-glibc2.29)
    method: GET
    uri: https://management.azure.com/subscriptions/00000000-0000-0000-0000-000000000000/providers/Microsoft.ContainerService/locations/westus2/operations/7b25f66f-ee64-44a8-9027-a4add3a8cda6?api-version=2016-03-30
  response:
    body:
      string: "{\n  \"name\": \"6ff6257b-64ee-a844-9027-a4add3a8cda6\",\n  \"status\":
        \"InProgress\",\n  \"startTime\": \"2023-04-29T09:46:08.5695794Z\"\n }"
    headers:
      cache-control:
      - no-cache
      content-length:
      - '126'
      content-type:
      - application/json
      date:
      - Sat, 29 Apr 2023 09:49:39 GMT
      expires:
      - '-1'
      pragma:
      - no-cache
      server:
      - nginx
      strict-transport-security:
      - max-age=31536000; includeSubDomains
      transfer-encoding:
      - chunked
      vary:
      - Accept-Encoding
      x-content-type-options:
      - nosniff
    status:
      code: 200
      message: OK
- request:
    body: null
    headers:
      Accept:
      - '*/*'
      Accept-Encoding:
      - gzip, deflate
      CommandName:
      - aks create
      Connection:
      - keep-alive
      ParameterSetName:
      - --resource-group --name --location --dns-name-prefix --node-count --ssh-key-value
        --load-balancer-sku --vm-set-type --load-balancer-outbound-ips
      User-Agent:
      - AZURECLI/2.48.1 azsdk-python-azure-mgmt-containerservice/22.1.0 Python/3.8.10
        (Linux-5.15.0-1033-azure-x86_64-with-glibc2.29)
    method: GET
    uri: https://management.azure.com/subscriptions/00000000-0000-0000-0000-000000000000/providers/Microsoft.ContainerService/locations/westus2/operations/7b25f66f-ee64-44a8-9027-a4add3a8cda6?api-version=2016-03-30
  response:
    body:
      string: "{\n  \"name\": \"6ff6257b-64ee-a844-9027-a4add3a8cda6\",\n  \"status\":
        \"InProgress\",\n  \"startTime\": \"2023-04-29T09:46:08.5695794Z\"\n }"
    headers:
      cache-control:
      - no-cache
      content-length:
      - '126'
      content-type:
      - application/json
      date:
      - Sat, 29 Apr 2023 09:50:09 GMT
      expires:
      - '-1'
      pragma:
      - no-cache
      server:
      - nginx
      strict-transport-security:
      - max-age=31536000; includeSubDomains
      transfer-encoding:
      - chunked
      vary:
      - Accept-Encoding
      x-content-type-options:
      - nosniff
    status:
      code: 200
      message: OK
- request:
    body: null
    headers:
      Accept:
      - '*/*'
      Accept-Encoding:
      - gzip, deflate
      CommandName:
      - aks create
      Connection:
      - keep-alive
      ParameterSetName:
      - --resource-group --name --location --dns-name-prefix --node-count --ssh-key-value
        --load-balancer-sku --vm-set-type --load-balancer-outbound-ips
      User-Agent:
      - AZURECLI/2.48.1 azsdk-python-azure-mgmt-containerservice/22.1.0 Python/3.8.10
        (Linux-5.15.0-1033-azure-x86_64-with-glibc2.29)
    method: GET
    uri: https://management.azure.com/subscriptions/00000000-0000-0000-0000-000000000000/providers/Microsoft.ContainerService/locations/westus2/operations/7b25f66f-ee64-44a8-9027-a4add3a8cda6?api-version=2016-03-30
  response:
    body:
      string: "{\n  \"name\": \"6ff6257b-64ee-a844-9027-a4add3a8cda6\",\n  \"status\":
        \"InProgress\",\n  \"startTime\": \"2023-04-29T09:46:08.5695794Z\"\n }"
    headers:
      cache-control:
      - no-cache
      content-length:
      - '126'
      content-type:
      - application/json
      date:
      - Sat, 29 Apr 2023 09:50:39 GMT
      expires:
      - '-1'
      pragma:
      - no-cache
      server:
      - nginx
      strict-transport-security:
      - max-age=31536000; includeSubDomains
      transfer-encoding:
      - chunked
      vary:
      - Accept-Encoding
      x-content-type-options:
      - nosniff
    status:
      code: 200
      message: OK
- request:
    body: null
    headers:
      Accept:
      - '*/*'
      Accept-Encoding:
      - gzip, deflate
      CommandName:
      - aks create
      Connection:
      - keep-alive
      ParameterSetName:
      - --resource-group --name --location --dns-name-prefix --node-count --ssh-key-value
        --load-balancer-sku --vm-set-type --load-balancer-outbound-ips
      User-Agent:
      - AZURECLI/2.48.1 azsdk-python-azure-mgmt-containerservice/22.1.0 Python/3.8.10
        (Linux-5.15.0-1033-azure-x86_64-with-glibc2.29)
    method: GET
    uri: https://management.azure.com/subscriptions/00000000-0000-0000-0000-000000000000/providers/Microsoft.ContainerService/locations/westus2/operations/7b25f66f-ee64-44a8-9027-a4add3a8cda6?api-version=2016-03-30
  response:
    body:
      string: "{\n  \"name\": \"6ff6257b-64ee-a844-9027-a4add3a8cda6\",\n  \"status\":
        \"Succeeded\",\n  \"startTime\": \"2023-04-29T09:46:08.5695794Z\",\n  \"endTime\":
        \"2023-04-29T09:51:03.0767191Z\"\n }"
    headers:
      cache-control:
      - no-cache
      content-length:
      - '170'
      content-type:
      - application/json
      date:
      - Sat, 29 Apr 2023 09:51:09 GMT
      expires:
      - '-1'
      pragma:
      - no-cache
      server:
      - nginx
      strict-transport-security:
      - max-age=31536000; includeSubDomains
      transfer-encoding:
      - chunked
      vary:
      - Accept-Encoding
      x-content-type-options:
      - nosniff
    status:
      code: 200
      message: OK
- request:
    body: null
    headers:
      Accept:
      - '*/*'
      Accept-Encoding:
      - gzip, deflate
      CommandName:
      - aks create
      Connection:
      - keep-alive
      ParameterSetName:
      - --resource-group --name --location --dns-name-prefix --node-count --ssh-key-value
        --load-balancer-sku --vm-set-type --load-balancer-outbound-ips
      User-Agent:
      - AZURECLI/2.48.1 azsdk-python-azure-mgmt-containerservice/22.1.0 Python/3.8.10
        (Linux-5.15.0-1033-azure-x86_64-with-glibc2.29)
    method: GET
    uri: https://management.azure.com/subscriptions/00000000-0000-0000-0000-000000000000/resourceGroups/clitest000001/providers/Microsoft.ContainerService/managedClusters/cliakstest000001?api-version=2023-04-01
  response:
    body:
      string: "{\n  \"id\": \"/subscriptions/00000000-0000-0000-0000-000000000000/resourcegroups/clitest000001/providers/Microsoft.ContainerService/managedClusters/cliakstest000001\",\n
        \ \"location\": \"westus2\",\n  \"name\": \"cliakstest000001\",\n  \"type\":
        \"Microsoft.ContainerService/ManagedClusters\",\n  \"properties\": {\n   \"provisioningState\":
        \"Succeeded\",\n   \"powerState\": {\n    \"code\": \"Running\"\n   },\n   \"kubernetesVersion\":
        \"1.25.6\",\n   \"currentKubernetesVersion\": \"1.25.6\",\n   \"dnsPrefix\":
        \"cliaksdns000004\",\n   \"fqdn\": \"cliaksdns000004-rtgiwzp9.hcp.westus2.azmk8s.io\",\n
        \  \"azurePortalFQDN\": \"cliaksdns000004-rtgiwzp9.portal.hcp.westus2.azmk8s.io\",\n
        \  \"agentPoolProfiles\": [\n    {\n     \"name\": \"nodepool1\",\n     \"count\":
        1,\n     \"vmSize\": \"Standard_DS2_v2\",\n     \"osDiskSizeGB\": 128,\n     \"osDiskType\":
        \"Managed\",\n     \"kubeletDiskType\": \"OS\",\n     \"maxPods\": 110,\n
        \    \"type\": \"VirtualMachineScaleSets\",\n     \"enableAutoScaling\": false,\n
        \    \"provisioningState\": \"Succeeded\",\n     \"powerState\": {\n      \"code\":
        \"Running\"\n     },\n     \"orchestratorVersion\": \"1.25.6\",\n     \"currentOrchestratorVersion\":
        \"1.25.6\",\n     \"enableNodePublicIP\": false,\n     \"mode\": \"System\",\n
        \    \"enableEncryptionAtHost\": false,\n     \"enableUltraSSD\": false,\n
        \    \"osType\": \"Linux\",\n     \"osSKU\": \"Ubuntu\",\n     \"nodeImageVersion\":
        \"AKSUbuntu-2204gen2containerd-202304.10.0\",\n     \"upgradeSettings\": {},\n
        \    \"enableFIPS\": false\n    }\n   ],\n   \"linuxProfile\": {\n    \"adminUsername\":
        \"azureuser\",\n    \"ssh\": {\n     \"publicKeys\": [\n      {\n       \"keyData\":
        \"ssh-rsa AAAAB3NzaC1yc2EAAAADAQABAAABAQCvBk9v4/Qo7XJWIY7AItmm8ohKhV9Y2z/SA5RKWk4BUCpK4ElHu8ia+QREfb7nmO5LtydRi7glVKNjUWUeaSC1PTmk2Z421whqvLRgF6XquFUcEC+VZG54EiS7j6hc2G3Af76vCZQQIQ7fKB8gngJXVb4QjbKVkoORamBKaSQ5MoAPF9GeSPfDesETM/jcE60BguHKjSTXhfsvgs6/iuUSPQ7duXwFtlpQy8WwA6ymGj4ehF0y8NXP6fjEajHDhPjPDkyuKBFTScflrLRryURmRyyICLt40vd+gaiyYCmREJxZNT/7J1pKmlpLNJejqDgXJ97xeyv4flTL7XRSgWV5
        azcli_aks_live_test@example.com\\n\"\n      }\n     ]\n    }\n   },\n   \"servicePrincipalProfile\":
        {\n    \"clientId\":\"00000000-0000-0000-0000-000000000001\"\n   },\n   \"nodeResourceGroup\":
        \"MC_clitest000001_cliakstest000001_westus2\",\n   \"enableRBAC\": true,\n
        \  \"enableLTS\": \"KubernetesOfficial\",\n   \"networkProfile\": {\n    \"networkPlugin\":
        \"kubenet\",\n    \"loadBalancerSku\": \"Standard\",\n    \"loadBalancerProfile\":
        {\n     \"outboundIPs\": {\n      \"publicIPs\": [\n       {\n        \"id\":
        \"/subscriptions/00000000-0000-0000-0000-000000000000/resourceGroups/clitest000001/providers/Microsoft.Network/publicIPAddresses/cliaksslbip1000002\"\n
        \      }\n      ]\n     },\n     \"effectiveOutboundIPs\": [\n      {\n       \"id\":
        \"/subscriptions/00000000-0000-0000-0000-000000000000/resourceGroups/clitest000001/providers/Microsoft.Network/publicIPAddresses/cliaksslbip1000002\"\n
        \     }\n     ],\n     \"allocatedOutboundPorts\": 0,\n     \"idleTimeoutInMinutes\":
        30\n    },\n    \"podCidr\": \"10.244.0.0/16\",\n    \"serviceCidr\": \"10.0.0.0/16\",\n
        \   \"dnsServiceIP\": \"10.0.0.10\",\n    \"dockerBridgeCidr\": \"172.17.0.1/16\",\n
        \   \"outboundType\": \"loadBalancer\",\n    \"podCidrs\": [\n     \"10.244.0.0/16\"\n
        \   ],\n    \"serviceCidrs\": [\n     \"10.0.0.0/16\"\n    ],\n    \"ipFamilies\":
        [\n     \"IPv4\"\n    ]\n   },\n   \"maxAgentPools\": 100,\n   \"identityProfile\":
        {\n    \"kubeletidentity\": {\n     \"resourceId\": \"/subscriptions/00000000-0000-0000-0000-000000000000/resourcegroups/MC_clitest000001_cliakstest000001_westus2/providers/Microsoft.ManagedIdentity/userAssignedIdentities/cliakstest000001-agentpool\",\n
        \    \"clientId\":\"00000000-0000-0000-0000-000000000001\",\n     \"objectId\":\"00000000-0000-0000-0000-000000000001\"\n
        \   }\n   },\n   \"disableLocalAccounts\": false,\n   \"securityProfile\":
        {},\n   \"storageProfile\": {\n    \"diskCSIDriver\": {\n     \"enabled\":
        true\n    },\n    \"fileCSIDriver\": {\n     \"enabled\": true\n    },\n    \"snapshotController\":
        {\n     \"enabled\": true\n    }\n   },\n   \"oidcIssuerProfile\": {\n    \"enabled\":
        false\n   },\n   \"workloadAutoScalerProfile\": {}\n  },\n  \"identity\":
        {\n   \"type\": \"SystemAssigned\",\n   \"principalId\":\"00000000-0000-0000-0000-000000000001\",\n
        \  \"tenantId\": \"72f988bf-86f1-41af-91ab-2d7cd011db47\"\n  },\n  \"sku\":
        {\n   \"name\": \"Base\",\n   \"tier\": \"Free\"\n  }\n }"
    headers:
      cache-control:
      - no-cache
      content-length:
      - '4108'
      content-type:
      - application/json
      date:
      - Sat, 29 Apr 2023 09:51:10 GMT
      expires:
      - '-1'
      pragma:
      - no-cache
      server:
      - nginx
      strict-transport-security:
      - max-age=31536000; includeSubDomains
      transfer-encoding:
      - chunked
      vary:
      - Accept-Encoding
      x-content-type-options:
      - nosniff
    status:
      code: 200
      message: OK
- request:
    body: null
    headers:
      Accept:
      - application/json
      Accept-Encoding:
      - gzip, deflate
      CommandName:
      - aks list
      Connection:
      - keep-alive
      ParameterSetName:
      - -g
      User-Agent:
      - AZURECLI/2.48.1 azsdk-python-azure-mgmt-containerservice/22.1.0 Python/3.8.10
        (Linux-5.15.0-1033-azure-x86_64-with-glibc2.29)
    method: GET
    uri: https://management.azure.com/subscriptions/00000000-0000-0000-0000-000000000000/resourceGroups/clitest000001/providers/Microsoft.ContainerService/managedClusters?api-version=2023-04-01
  response:
    body:
      string: "{\n  \"value\": [\n   {\n    \"id\": \"/subscriptions/00000000-0000-0000-0000-000000000000/resourcegroups/clitest000001/providers/Microsoft.ContainerService/managedClusters/cliakstest000001\",\n
        \   \"location\": \"westus2\",\n    \"name\": \"cliakstest000001\",\n    \"type\":
        \"Microsoft.ContainerService/ManagedClusters\",\n    \"properties\": {\n     \"provisioningState\":
        \"Succeeded\",\n     \"powerState\": {\n      \"code\": \"Running\"\n     },\n
        \    \"kubernetesVersion\": \"1.25.6\",\n     \"currentKubernetesVersion\":
        \"1.25.6\",\n     \"dnsPrefix\": \"cliaksdns000004\",\n     \"fqdn\": \"cliaksdns000004-rtgiwzp9.hcp.westus2.azmk8s.io\",\n
        \    \"azurePortalFQDN\": \"cliaksdns000004-rtgiwzp9.portal.hcp.westus2.azmk8s.io\",\n
        \    \"agentPoolProfiles\": [\n      {\n       \"name\": \"nodepool1\",\n
        \      \"count\": 1,\n       \"vmSize\": \"Standard_DS2_v2\",\n       \"osDiskSizeGB\":
        128,\n       \"osDiskType\": \"Managed\",\n       \"kubeletDiskType\": \"OS\",\n
        \      \"maxPods\": 110,\n       \"type\": \"VirtualMachineScaleSets\",\n
        \      \"enableAutoScaling\": false,\n       \"provisioningState\": \"Succeeded\",\n
        \      \"powerState\": {\n        \"code\": \"Running\"\n       },\n       \"orchestratorVersion\":
        \"1.25.6\",\n       \"currentOrchestratorVersion\": \"1.25.6\",\n       \"enableNodePublicIP\":
        false,\n       \"mode\": \"System\",\n       \"enableEncryptionAtHost\": false,\n
        \      \"enableUltraSSD\": false,\n       \"osType\": \"Linux\",\n       \"osSKU\":
        \"Ubuntu\",\n       \"nodeImageVersion\": \"AKSUbuntu-2204gen2containerd-202304.10.0\",\n
        \      \"upgradeSettings\": {},\n       \"enableFIPS\": false\n      }\n     ],\n
        \    \"linuxProfile\": {\n      \"adminUsername\": \"azureuser\",\n      \"ssh\":
        {\n       \"publicKeys\": [\n        {\n         \"keyData\": \"ssh-rsa AAAAB3NzaC1yc2EAAAADAQABAAABAQCvBk9v4/Qo7XJWIY7AItmm8ohKhV9Y2z/SA5RKWk4BUCpK4ElHu8ia+QREfb7nmO5LtydRi7glVKNjUWUeaSC1PTmk2Z421whqvLRgF6XquFUcEC+VZG54EiS7j6hc2G3Af76vCZQQIQ7fKB8gngJXVb4QjbKVkoORamBKaSQ5MoAPF9GeSPfDesETM/jcE60BguHKjSTXhfsvgs6/iuUSPQ7duXwFtlpQy8WwA6ymGj4ehF0y8NXP6fjEajHDhPjPDkyuKBFTScflrLRryURmRyyICLt40vd+gaiyYCmREJxZNT/7J1pKmlpLNJejqDgXJ97xeyv4flTL7XRSgWV5
        azcli_aks_live_test@example.com\\n\"\n        }\n       ]\n      }\n     },\n
        \    \"servicePrincipalProfile\": {\n      \"clientId\":\"00000000-0000-0000-0000-000000000001\"\n
        \    },\n     \"nodeResourceGroup\": \"MC_clitest000001_cliakstest000001_westus2\",\n
        \    \"enableRBAC\": true,\n     \"enableLTS\": \"KubernetesOfficial\",\n
        \    \"networkProfile\": {\n      \"networkPlugin\": \"kubenet\",\n      \"loadBalancerSku\":
        \"Standard\",\n      \"loadBalancerProfile\": {\n       \"outboundIPs\": {\n
        \       \"publicIPs\": [\n         {\n          \"id\": \"/subscriptions/00000000-0000-0000-0000-000000000000/resourceGroups/clitest000001/providers/Microsoft.Network/publicIPAddresses/cliaksslbip1000002\"\n
        \        }\n        ]\n       },\n       \"effectiveOutboundIPs\": [\n        {\n
        \        \"id\": \"/subscriptions/00000000-0000-0000-0000-000000000000/resourceGroups/clitest000001/providers/Microsoft.Network/publicIPAddresses/cliaksslbip1000002\"\n
        \       }\n       ],\n       \"allocatedOutboundPorts\": 0,\n       \"idleTimeoutInMinutes\":
        30\n      },\n      \"podCidr\": \"10.244.0.0/16\",\n      \"serviceCidr\":
        \"10.0.0.0/16\",\n      \"dnsServiceIP\": \"10.0.0.10\",\n      \"dockerBridgeCidr\":
        \"172.17.0.1/16\",\n      \"outboundType\": \"loadBalancer\",\n      \"podCidrs\":
        [\n       \"10.244.0.0/16\"\n      ],\n      \"serviceCidrs\": [\n       \"10.0.0.0/16\"\n
        \     ],\n      \"ipFamilies\": [\n       \"IPv4\"\n      ]\n     },\n     \"maxAgentPools\":
        100,\n     \"identityProfile\": {\n      \"kubeletidentity\": {\n       \"resourceId\":
        \"/subscriptions/00000000-0000-0000-0000-000000000000/resourcegroups/MC_clitest000001_cliakstest000001_westus2/providers/Microsoft.ManagedIdentity/userAssignedIdentities/cliakstest000001-agentpool\",\n
        \      \"clientId\":\"00000000-0000-0000-0000-000000000001\",\n       \"objectId\":\"00000000-0000-0000-0000-000000000001\"\n
        \     }\n     },\n     \"disableLocalAccounts\": false,\n     \"securityProfile\":
        {},\n     \"storageProfile\": {\n      \"diskCSIDriver\": {\n       \"enabled\":
        true\n      },\n      \"fileCSIDriver\": {\n       \"enabled\": true\n      },\n
        \     \"snapshotController\": {\n       \"enabled\": true\n      }\n     },\n
        \    \"oidcIssuerProfile\": {\n      \"enabled\": false\n     },\n     \"workloadAutoScalerProfile\":
        {}\n    },\n    \"identity\": {\n     \"type\": \"SystemAssigned\",\n     \"principalId\":\"00000000-0000-0000-0000-000000000001\",\n
        \    \"tenantId\": \"72f988bf-86f1-41af-91ab-2d7cd011db47\"\n    },\n    \"sku\":
        {\n     \"name\": \"Base\",\n     \"tier\": \"Free\"\n    }\n   }\n  ]\n }"
    headers:
      cache-control:
      - no-cache
      content-length:
      - '4389'
      content-type:
      - application/json
      date:
      - Sat, 29 Apr 2023 09:51:10 GMT
      expires:
      - '-1'
      pragma:
      - no-cache
      server:
      - nginx
      strict-transport-security:
      - max-age=31536000; includeSubDomains
      transfer-encoding:
      - chunked
      vary:
      - Accept-Encoding
      x-content-type-options:
      - nosniff
    status:
      code: 200
      message: OK
- request:
    body: null
    headers:
      Accept:
      - application/json
      Accept-Encoding:
      - gzip, deflate
      CommandName:
      - aks list
      Connection:
      - keep-alive
      ParameterSetName:
      - -g -o
      User-Agent:
      - AZURECLI/2.48.1 azsdk-python-azure-mgmt-containerservice/22.1.0 Python/3.8.10
        (Linux-5.15.0-1033-azure-x86_64-with-glibc2.29)
    method: GET
    uri: https://management.azure.com/subscriptions/00000000-0000-0000-0000-000000000000/resourceGroups/clitest000001/providers/Microsoft.ContainerService/managedClusters?api-version=2023-04-01
  response:
    body:
      string: "{\n  \"value\": [\n   {\n    \"id\": \"/subscriptions/00000000-0000-0000-0000-000000000000/resourcegroups/clitest000001/providers/Microsoft.ContainerService/managedClusters/cliakstest000001\",\n
        \   \"location\": \"westus2\",\n    \"name\": \"cliakstest000001\",\n    \"type\":
        \"Microsoft.ContainerService/ManagedClusters\",\n    \"properties\": {\n     \"provisioningState\":
        \"Succeeded\",\n     \"powerState\": {\n      \"code\": \"Running\"\n     },\n
        \    \"kubernetesVersion\": \"1.25.6\",\n     \"currentKubernetesVersion\":
        \"1.25.6\",\n     \"dnsPrefix\": \"cliaksdns000004\",\n     \"fqdn\": \"cliaksdns000004-rtgiwzp9.hcp.westus2.azmk8s.io\",\n
        \    \"azurePortalFQDN\": \"cliaksdns000004-rtgiwzp9.portal.hcp.westus2.azmk8s.io\",\n
        \    \"agentPoolProfiles\": [\n      {\n       \"name\": \"nodepool1\",\n
        \      \"count\": 1,\n       \"vmSize\": \"Standard_DS2_v2\",\n       \"osDiskSizeGB\":
        128,\n       \"osDiskType\": \"Managed\",\n       \"kubeletDiskType\": \"OS\",\n
        \      \"maxPods\": 110,\n       \"type\": \"VirtualMachineScaleSets\",\n
        \      \"enableAutoScaling\": false,\n       \"provisioningState\": \"Succeeded\",\n
        \      \"powerState\": {\n        \"code\": \"Running\"\n       },\n       \"orchestratorVersion\":
        \"1.25.6\",\n       \"currentOrchestratorVersion\": \"1.25.6\",\n       \"enableNodePublicIP\":
        false,\n       \"mode\": \"System\",\n       \"enableEncryptionAtHost\": false,\n
        \      \"enableUltraSSD\": false,\n       \"osType\": \"Linux\",\n       \"osSKU\":
        \"Ubuntu\",\n       \"nodeImageVersion\": \"AKSUbuntu-2204gen2containerd-202304.10.0\",\n
        \      \"upgradeSettings\": {},\n       \"enableFIPS\": false\n      }\n     ],\n
        \    \"linuxProfile\": {\n      \"adminUsername\": \"azureuser\",\n      \"ssh\":
        {\n       \"publicKeys\": [\n        {\n         \"keyData\": \"ssh-rsa AAAAB3NzaC1yc2EAAAADAQABAAABAQCvBk9v4/Qo7XJWIY7AItmm8ohKhV9Y2z/SA5RKWk4BUCpK4ElHu8ia+QREfb7nmO5LtydRi7glVKNjUWUeaSC1PTmk2Z421whqvLRgF6XquFUcEC+VZG54EiS7j6hc2G3Af76vCZQQIQ7fKB8gngJXVb4QjbKVkoORamBKaSQ5MoAPF9GeSPfDesETM/jcE60BguHKjSTXhfsvgs6/iuUSPQ7duXwFtlpQy8WwA6ymGj4ehF0y8NXP6fjEajHDhPjPDkyuKBFTScflrLRryURmRyyICLt40vd+gaiyYCmREJxZNT/7J1pKmlpLNJejqDgXJ97xeyv4flTL7XRSgWV5
        azcli_aks_live_test@example.com\\n\"\n        }\n       ]\n      }\n     },\n
        \    \"servicePrincipalProfile\": {\n      \"clientId\":\"00000000-0000-0000-0000-000000000001\"\n
        \    },\n     \"nodeResourceGroup\": \"MC_clitest000001_cliakstest000001_westus2\",\n
        \    \"enableRBAC\": true,\n     \"enableLTS\": \"KubernetesOfficial\",\n
        \    \"networkProfile\": {\n      \"networkPlugin\": \"kubenet\",\n      \"loadBalancerSku\":
        \"Standard\",\n      \"loadBalancerProfile\": {\n       \"outboundIPs\": {\n
        \       \"publicIPs\": [\n         {\n          \"id\": \"/subscriptions/00000000-0000-0000-0000-000000000000/resourceGroups/clitest000001/providers/Microsoft.Network/publicIPAddresses/cliaksslbip1000002\"\n
        \        }\n        ]\n       },\n       \"effectiveOutboundIPs\": [\n        {\n
        \        \"id\": \"/subscriptions/00000000-0000-0000-0000-000000000000/resourceGroups/clitest000001/providers/Microsoft.Network/publicIPAddresses/cliaksslbip1000002\"\n
        \       }\n       ],\n       \"allocatedOutboundPorts\": 0,\n       \"idleTimeoutInMinutes\":
        30\n      },\n      \"podCidr\": \"10.244.0.0/16\",\n      \"serviceCidr\":
        \"10.0.0.0/16\",\n      \"dnsServiceIP\": \"10.0.0.10\",\n      \"dockerBridgeCidr\":
        \"172.17.0.1/16\",\n      \"outboundType\": \"loadBalancer\",\n      \"podCidrs\":
        [\n       \"10.244.0.0/16\"\n      ],\n      \"serviceCidrs\": [\n       \"10.0.0.0/16\"\n
        \     ],\n      \"ipFamilies\": [\n       \"IPv4\"\n      ]\n     },\n     \"maxAgentPools\":
        100,\n     \"identityProfile\": {\n      \"kubeletidentity\": {\n       \"resourceId\":
        \"/subscriptions/00000000-0000-0000-0000-000000000000/resourcegroups/MC_clitest000001_cliakstest000001_westus2/providers/Microsoft.ManagedIdentity/userAssignedIdentities/cliakstest000001-agentpool\",\n
        \      \"clientId\":\"00000000-0000-0000-0000-000000000001\",\n       \"objectId\":\"00000000-0000-0000-0000-000000000001\"\n
        \     }\n     },\n     \"disableLocalAccounts\": false,\n     \"securityProfile\":
        {},\n     \"storageProfile\": {\n      \"diskCSIDriver\": {\n       \"enabled\":
        true\n      },\n      \"fileCSIDriver\": {\n       \"enabled\": true\n      },\n
        \     \"snapshotController\": {\n       \"enabled\": true\n      }\n     },\n
        \    \"oidcIssuerProfile\": {\n      \"enabled\": false\n     },\n     \"workloadAutoScalerProfile\":
        {}\n    },\n    \"identity\": {\n     \"type\": \"SystemAssigned\",\n     \"principalId\":\"00000000-0000-0000-0000-000000000001\",\n
        \    \"tenantId\": \"72f988bf-86f1-41af-91ab-2d7cd011db47\"\n    },\n    \"sku\":
        {\n     \"name\": \"Base\",\n     \"tier\": \"Free\"\n    }\n   }\n  ]\n }"
    headers:
      cache-control:
      - no-cache
      content-length:
      - '4389'
      content-type:
      - application/json
      date:
      - Sat, 29 Apr 2023 09:51:11 GMT
      expires:
      - '-1'
      pragma:
      - no-cache
      server:
      - nginx
      strict-transport-security:
      - max-age=31536000; includeSubDomains
      transfer-encoding:
      - chunked
      vary:
      - Accept-Encoding
      x-content-type-options:
      - nosniff
    status:
      code: 200
      message: OK
- request:
    body: null
    headers:
      Accept:
      - application/json
      Accept-Encoding:
      - gzip, deflate
      CommandName:
      - aks show
      Connection:
      - keep-alive
      ParameterSetName:
      - -g -n
      User-Agent:
      - AZURECLI/2.48.1 azsdk-python-azure-mgmt-containerservice/22.1.0 Python/3.8.10
        (Linux-5.15.0-1033-azure-x86_64-with-glibc2.29)
    method: GET
    uri: https://management.azure.com/subscriptions/00000000-0000-0000-0000-000000000000/resourceGroups/clitest000001/providers/Microsoft.ContainerService/managedClusters/cliakstest000001?api-version=2023-04-01
  response:
    body:
      string: "{\n  \"id\": \"/subscriptions/00000000-0000-0000-0000-000000000000/resourcegroups/clitest000001/providers/Microsoft.ContainerService/managedClusters/cliakstest000001\",\n
        \ \"location\": \"westus2\",\n  \"name\": \"cliakstest000001\",\n  \"type\":
        \"Microsoft.ContainerService/ManagedClusters\",\n  \"properties\": {\n   \"provisioningState\":
        \"Succeeded\",\n   \"powerState\": {\n    \"code\": \"Running\"\n   },\n   \"kubernetesVersion\":
        \"1.25.6\",\n   \"currentKubernetesVersion\": \"1.25.6\",\n   \"dnsPrefix\":
        \"cliaksdns000004\",\n   \"fqdn\": \"cliaksdns000004-rtgiwzp9.hcp.westus2.azmk8s.io\",\n
        \  \"azurePortalFQDN\": \"cliaksdns000004-rtgiwzp9.portal.hcp.westus2.azmk8s.io\",\n
        \  \"agentPoolProfiles\": [\n    {\n     \"name\": \"nodepool1\",\n     \"count\":
        1,\n     \"vmSize\": \"Standard_DS2_v2\",\n     \"osDiskSizeGB\": 128,\n     \"osDiskType\":
        \"Managed\",\n     \"kubeletDiskType\": \"OS\",\n     \"maxPods\": 110,\n
        \    \"type\": \"VirtualMachineScaleSets\",\n     \"enableAutoScaling\": false,\n
        \    \"provisioningState\": \"Succeeded\",\n     \"powerState\": {\n      \"code\":
        \"Running\"\n     },\n     \"orchestratorVersion\": \"1.25.6\",\n     \"currentOrchestratorVersion\":
        \"1.25.6\",\n     \"enableNodePublicIP\": false,\n     \"mode\": \"System\",\n
        \    \"enableEncryptionAtHost\": false,\n     \"enableUltraSSD\": false,\n
        \    \"osType\": \"Linux\",\n     \"osSKU\": \"Ubuntu\",\n     \"nodeImageVersion\":
        \"AKSUbuntu-2204gen2containerd-202304.10.0\",\n     \"upgradeSettings\": {},\n
        \    \"enableFIPS\": false\n    }\n   ],\n   \"linuxProfile\": {\n    \"adminUsername\":
        \"azureuser\",\n    \"ssh\": {\n     \"publicKeys\": [\n      {\n       \"keyData\":
        \"ssh-rsa AAAAB3NzaC1yc2EAAAADAQABAAABAQCvBk9v4/Qo7XJWIY7AItmm8ohKhV9Y2z/SA5RKWk4BUCpK4ElHu8ia+QREfb7nmO5LtydRi7glVKNjUWUeaSC1PTmk2Z421whqvLRgF6XquFUcEC+VZG54EiS7j6hc2G3Af76vCZQQIQ7fKB8gngJXVb4QjbKVkoORamBKaSQ5MoAPF9GeSPfDesETM/jcE60BguHKjSTXhfsvgs6/iuUSPQ7duXwFtlpQy8WwA6ymGj4ehF0y8NXP6fjEajHDhPjPDkyuKBFTScflrLRryURmRyyICLt40vd+gaiyYCmREJxZNT/7J1pKmlpLNJejqDgXJ97xeyv4flTL7XRSgWV5
        azcli_aks_live_test@example.com\\n\"\n      }\n     ]\n    }\n   },\n   \"servicePrincipalProfile\":
        {\n    \"clientId\":\"00000000-0000-0000-0000-000000000001\"\n   },\n   \"nodeResourceGroup\":
        \"MC_clitest000001_cliakstest000001_westus2\",\n   \"enableRBAC\": true,\n
        \  \"enableLTS\": \"KubernetesOfficial\",\n   \"networkProfile\": {\n    \"networkPlugin\":
        \"kubenet\",\n    \"loadBalancerSku\": \"Standard\",\n    \"loadBalancerProfile\":
        {\n     \"outboundIPs\": {\n      \"publicIPs\": [\n       {\n        \"id\":
        \"/subscriptions/00000000-0000-0000-0000-000000000000/resourceGroups/clitest000001/providers/Microsoft.Network/publicIPAddresses/cliaksslbip1000002\"\n
        \      }\n      ]\n     },\n     \"effectiveOutboundIPs\": [\n      {\n       \"id\":
        \"/subscriptions/00000000-0000-0000-0000-000000000000/resourceGroups/clitest000001/providers/Microsoft.Network/publicIPAddresses/cliaksslbip1000002\"\n
        \     }\n     ],\n     \"allocatedOutboundPorts\": 0,\n     \"idleTimeoutInMinutes\":
        30\n    },\n    \"podCidr\": \"10.244.0.0/16\",\n    \"serviceCidr\": \"10.0.0.0/16\",\n
        \   \"dnsServiceIP\": \"10.0.0.10\",\n    \"dockerBridgeCidr\": \"172.17.0.1/16\",\n
        \   \"outboundType\": \"loadBalancer\",\n    \"podCidrs\": [\n     \"10.244.0.0/16\"\n
        \   ],\n    \"serviceCidrs\": [\n     \"10.0.0.0/16\"\n    ],\n    \"ipFamilies\":
        [\n     \"IPv4\"\n    ]\n   },\n   \"maxAgentPools\": 100,\n   \"identityProfile\":
        {\n    \"kubeletidentity\": {\n     \"resourceId\": \"/subscriptions/00000000-0000-0000-0000-000000000000/resourcegroups/MC_clitest000001_cliakstest000001_westus2/providers/Microsoft.ManagedIdentity/userAssignedIdentities/cliakstest000001-agentpool\",\n
        \    \"clientId\":\"00000000-0000-0000-0000-000000000001\",\n     \"objectId\":\"00000000-0000-0000-0000-000000000001\"\n
        \   }\n   },\n   \"disableLocalAccounts\": false,\n   \"securityProfile\":
        {},\n   \"storageProfile\": {\n    \"diskCSIDriver\": {\n     \"enabled\":
        true\n    },\n    \"fileCSIDriver\": {\n     \"enabled\": true\n    },\n    \"snapshotController\":
        {\n     \"enabled\": true\n    }\n   },\n   \"oidcIssuerProfile\": {\n    \"enabled\":
        false\n   },\n   \"workloadAutoScalerProfile\": {}\n  },\n  \"identity\":
        {\n   \"type\": \"SystemAssigned\",\n   \"principalId\":\"00000000-0000-0000-0000-000000000001\",\n
        \  \"tenantId\": \"72f988bf-86f1-41af-91ab-2d7cd011db47\"\n  },\n  \"sku\":
        {\n   \"name\": \"Base\",\n   \"tier\": \"Free\"\n  }\n }"
    headers:
      cache-control:
      - no-cache
      content-length:
      - '4108'
      content-type:
      - application/json
      date:
      - Sat, 29 Apr 2023 09:51:11 GMT
      expires:
      - '-1'
      pragma:
      - no-cache
      server:
      - nginx
      strict-transport-security:
      - max-age=31536000; includeSubDomains
      transfer-encoding:
      - chunked
      vary:
      - Accept-Encoding
      x-content-type-options:
      - nosniff
    status:
      code: 200
      message: OK
- request:
    body: null
    headers:
      Accept:
      - application/json
      Accept-Encoding:
      - gzip, deflate
      CommandName:
      - aks get-credentials
      Connection:
      - keep-alive
      Content-Length:
      - '0'
      ParameterSetName:
      - -g -n --file
      User-Agent:
      - AZURECLI/2.48.1 azsdk-python-azure-mgmt-containerservice/22.1.0 Python/3.8.10
        (Linux-5.15.0-1033-azure-x86_64-with-glibc2.29)
    method: POST
    uri: https://management.azure.com/subscriptions/00000000-0000-0000-0000-000000000000/resourceGroups/clitest000001/providers/Microsoft.ContainerService/managedClusters/cliakstest000001/listClusterUserCredential?api-version=2023-04-01
  response:
    body:
      string: "{\n  \"kubeconfigs\": [\n   {\n    \"name\": \"clusterUser\",\n    \"value\":
        \"YXBpVmVyc2lvbjogdjEKY2x1c3RlcnM6Ci0gY2x1c3RlcjoKICAgIGNlcnRpZmljYXRlLWF1dGhvcml0eS1kYXRhOiBMUzB0TFMxQ1JVZEpUaUJEUlZKVVNVWkpRMEZVUlMwdExTMHRDazFKU1VVMlJFTkRRWFJEWjBGM1NVSkJaMGxSUTFaMVJsSktVMk5KY2pKWWJHMVVXRUZuTkcxVmVrRk9RbWRyY1docmFVYzVkekJDUVZGelJrRkVRVTRLVFZGemQwTlJXVVJXVVZGRVJYZEthbGxVUVdkR2R6QjVUWHBCTUUxcWEzZFBWRTB5VGxSR1lVZEJPSGxOUkZWNlRVUlJlVTlVUVRWT1JGa3hUVlp2ZHdwRVZFVk1UVUZyUjBFeFZVVkJlRTFEV1RKRmQyZG5TV2xOUVRCSFExTnhSMU5KWWpORVVVVkNRVkZWUVVFMFNVTkVkMEYzWjJkSlMwRnZTVU5CVVVNekNtSnpkMkZFZUdNM1pITmhVazVoYTFsRmVtVmhVRzFEU2pkNVdUaDNha3haVlUxYWRtUmlkMDlWVlhCYWRVNVNkbkZPT0dvemMzTkRXVEF3T0Zwc1lrRUtOMEZvVVRkc2NVZERNekUzTVd4NlRsSnFPRU56TUdGS1ZXcDNhR1Y1VmpWSFMzQnFNM2RwTm5KS2VVRlJUREJtU0haSFVqRXpSVlZCT1ZGMFl5OURVd3BzTjBSNU0zTk9ZVVUxWnpkbWJtb3dXQ3MyZUdSTFMyMVlOSGRhVlhsblMwcEZOM1UyVDJvMlFsWndSRlp1U0RWME1WQkJibkJEYlcxRlVsbFZjbWxJQ2pWYWRVeFRUWFpSU0hwcU9YUjJhbWRuUTNCcVpFdE1MMmNyUWxwU2VtWndWelJhV21NclFqQlpkbWhNT1VkaWFqQklTMUZyTmk5NVdXTm5ZbWhFZG5FS2IzQkxOVXRIZEhNelkwbzVWMnRvU0VGUGQxRnlabnA1TW5CdU5FOTRlWEpKVFdzM1ZIaHBWbkJ4WW1sYU5WUTVaalZNVVhscGEzWnpkWGM1WWtWemFncFNlQ3RwYUUwck1rVkNURUZhTTBsclNYVmpXbUZYTVZCa1JucHViVXBCUWtSVEswbHVVM0IxYzJGVmVEaEJWRWxqVjNaaFZGcEJiWGxRVVZseVpIaENDbUphUnpoaVQwZFNRVkJ6ZGtaa2NqWm9Oa0kwY2xWc1YwTlNMelF2VEZaeE1HUlFUazlaUW1Oc1MxRjVOR0ZzUms0MWJFbGFkR2hMUlZCNVNUZEtkRTRLVDB0WlFUaDVXbkZpYmtSTFIwbDBaVEZPV0ZJcmEyWlpWM2gzWTJaWVV6aDZiRUZsUlZnMFZXZHBXbTlaTTFKbEszQktWVFZVWVhkWlNsTldORzVWUlFwcVpuRXZaRU5LWWxwWU5qTXhlWGhEWmtWdGJFbFRiVlZtZDNWd1IwTjBlVTkzUTJ4UVpHc3dSRFZ3T0c5RlNreHBiMlpwV1haaVJ6RjBObVpyZVVwS0NrYzRPR0lyTW05WU0yMVZUMUZxUXpoSU5YQTBiMjlVWXpKdFpqaHRPWEZOTm5wSVpuaGxUeTkxVUhrME5tZE5OVUVyU1hwbWJWUXpNMlZPU0VoUVR6QUtaVEprVjNoQ01URTNkbHB0YkRJNE0ycEZlVGx6TXpGblJGRndZMGhwUzFWcE1HTXJlaXN3VFdaUlNVUkJVVUZDYnpCSmQxRkVRVTlDWjA1V1NGRTRRZ3BCWmpoRlFrRk5RMEZ4VVhkRWQxbEVWbEl3VkVGUlNDOUNRVlYzUVhkRlFpOTZRV1JDWjA1V1NGRTBSVVpuVVZWMGQxVkJiSFZrUlVzNWEzUkJka2t4Q2tvdlNGSjRRUzlMZDA5UmQwUlJXVXBMYjFwSmFIWmpUa0ZSUlV4Q1VVRkVaMmRKUWtGQmRpOU9RMFZJU2pOYWNrSnRSVmxtYkVoR05XUTBUelF2WkdnS2VGaExXVWhxT1ZKVlVGTXpkelJoU25OaVpTOUtTbVJ4Y0M5bWR6WXhOR0pqZGpScldrOUhXbXR0ZFhGcGJYQnpjbFJVWnk4NGR6VnJSR2g1TlVsMFJBcFBVMFJVWTFGVFNuRnFXWEJ5VUVSWk5ESk9PR0p6UXpoQmR5OXlTWEpvTXlzelUyVk5jak14VEVJMk4wZGFSRkpGZUVWVmVsQXZTalJ2TldGMmJYcHRDbmQxVWxaUk5rUnhMeTlWZERKVU5UWkVjbXR0VUdSUGNpdG9SelJ6T0RWVWRWazFZVnBpTUcxS1RYaFJSR0l5T1RoeFZtWldka2xPSzFoT05GbDRiMmtLTTFKbk5ESXdVMU5aVkZabmEwUkVZVFZ3V0hscWVUbGtNR0oyVVdsemFWRktRMmcyZW5Kc2RUaHplbVoyWVhOSFJEbFpRVkU0V1ZwYVFrZDRSWGRrYndvelduaDNOM1ZOUzNCM1RVaGhhMFJXWjNCYUswaFdhMVprTmpWalpWVk9SbGRpVkV4REswWk9kRWhwUWtkbU4yZzVWamd5Wnl0amFGTnlVMWRLTkVwMUNsRmtOM0p1Y0dnclJYUkhNbWhWUm1wSFNqRnlTbWQyTmtOdk1ub3hiVU5zT0ROSU1tSkpOREp4VEVGR1JUWkxNa293Y0VsM1VVWTVRMEZhYmtzMVZHc0tOV3hEV0RJMFRHWXJWMkpJVVdoeVVEUTVkakV2UVdVd2JrRXpiREY0ZGtsVWVFODVhQ3RXYWtwTVRIZDVTSE0xVkRFcmNYcHVSbnBoTWpSUVdUZHVOZ281YVhwM2QwSkxORk4yUTNwdGVFTXZXV1JvUW5wVmFXZGxMek0xWW5OVGNHeHlkeTltUWxWU1VWWkNUMHhPZDA1SlF5OVFSM1pQT0doNFUzb3hXa1UwQ21Sa1JEbEJTMkpGUm5OaWVIZ3pZM2RIWlRWM1RtOW1ZUzlSZHl0aE0wRlRiRzVQUkdJM1lYWkJNazFWT1N0WE1XazRTMHBNUzFaMU1VVlhaWGR2WjJvS1JtY3ZSVFZMUjBwcE1tTkVSV1J2TjBkVFFra3ZRVlpCTVZFM2RDOTBZVXcyYURseVRHeGxVbE13YkRWSWFuTTRPVU56Tm1ab01XMXdaemd6ZGtRMlRBbzNSVTlYZGpKSVZpdExObWxXYlN0Q0NpMHRMUzB0UlU1RUlFTkZVbFJKUmtsRFFWUkZMUzB0TFMwSwogICAgc2VydmVyOiBodHRwczovL2NsaWFrc2Ruc3VpaWs0azUtcnRnaXd6cDkuaGNwLndlc3R1czIuYXptazhzLmlvOjQ0MwogIG5hbWU6IGNsaWFrc3Rlc3RqZXJnMmgKY29udGV4dHM6Ci0gY29udGV4dDoKICAgIGNsdXN0ZXI6IGNsaWFrc3Rlc3RqZXJnMmgKICAgIHVzZXI6IGNsdXN0ZXJVc2VyX2NsaXRlc3RyeGp3M3R1emFuX2NsaWFrc3Rlc3RqZXJnMmgKICBuYW1lOiBjbGlha3N0ZXN0amVyZzJoCmN1cnJlbnQtY29udGV4dDogY2xpYWtzdGVzdGplcmcyaApraW5kOiBDb25maWcKcHJlZmVyZW5jZXM6IHt9CnVzZXJzOgotIG5hbWU6IGNsdXN0ZXJVc2VyX2NsaXRlc3RyeGp3M3R1emFuX2NsaWFrc3Rlc3RqZXJnMmgKICB1c2VyOgogICAgY2xpZW50LWNlcnRpZmljYXRlLWRhdGE6IExTMHRMUzFDUlVkSlRpQkRSVkpVU1VaSlEwRlVSUzB0TFMwdENrMUpTVVpJVkVORFFYZFhaMEYzU1VKQlowbFJZMFJ1Y2tWQlRtRTRUMDlYZHpCaGQzaHZTbVpEZWtGT1FtZHJjV2hyYVVjNWR6QkNRVkZ6UmtGRVFVNEtUVkZ6ZDBOUldVUldVVkZFUlhkS2FsbFVRV1ZHZHpCNVRYcEJNRTFxYTNkUFZFMHlUbFJHWVVaM01IbE9WRUV3VFdwcmQwOVVVVEpPVkVaaFRVUkJlQXBHZWtGV1FtZE9Wa0pCYjFSRWJrNDFZek5TYkdKVWNIUlpXRTR3V2xoS2VrMVNWWGRGZDFsRVZsRlJSRVYzZUhSWldFNHdXbGhLYW1KSGJHeGlibEYzQ21kblNXbE5RVEJIUTFOeFIxTkpZak5FVVVWQ1FWRlZRVUUwU1VORWQwRjNaMmRKUzBGdlNVTkJVVU56UVRSU01ISTVOemRGZUVkMlJHczVPVE40UkU4S1puUXliVXBpU0hSb2RFNUVXVEpvYlRCWFlXdDRaRGd2TUVaeVkxb3lNbGxoV25CREwycHFUVUZPT1VjeUwxUlVTazByU21kRWJ6aHNVMWRaVW1nek13cEJlbVpoYlhGalRraGFNVk5YUm1KaWVWcEpXakY1ZFZJME1tMDNZamxzTjJwaFQzbEJZelU0VVVrd1RITlFWR0ZTYVVWeVdrbG5VMGxWT1haSGQxZHNDbWM0UnpoNVdHUk1MMUU0ZEZoNlFubGlTWHBwTm1wa1dtcGlWSEptUkRCTU5qbEhjMXBOYUN0RFlqZFNVMk1yWlRGc0wyTmtTVzV1Um1SdldqSm9XRVFLY0Vwb1drbzFOa2g0Ums5WU9IUTBiV3RQVWs4NU9FcDVlRWhaUlZST0t6UXlXbXhMYmtsVFdGTkhPR3dyTjFoTlVrUTFlV1EzTTBNclUyd3pNRWhGYVFwMVUzWkVRa1ptYmtGeUwzbGpkbG8zUlc1bFFtSkJXamhpUjI5TFJtaEJUSGRZYmtGTmMyVjZZMlJMY0RKSlpUTmlNMnhJUVZsdGNrMWxkbVZsVVhaaENsSXpRWGhOYkc5dlJFMXFZeXRDTm5wU2RHcHlkV3RRU1U4MWNVcEJSR3AwYzNGalRVdEdhamhvSzNObVRGQmhTamhrYUhkdlNDOVJWRFZ5UlVWbFluQUtUbXRsVVdnNUwzSlhlVmhzUzBRdmNDc3hSbXhuWkdkV2NIQlFSakJzVmtwd2FEVkVNSEZuYjFVMFpUSkZabW80VDBWUE9WcE5VbkpPVkRFMlVVTktWUXBrY1ZSRUswVXZTbkZuSzBJeFZYVkRZbXBCZW1SbFNEUXpWRXB3ZWxscWIzVTBkVFI0T1ZGVmQwWjBXRTFoV2pCVlZrRkxhaXQxTmt4aGVFTXlhMHgzQ2sxME1ISjRLMGxqUTFCMVZUTlJha2R1ZFRVMWRuZGljMGROV1RSU2VYVTNNMWw1VVRFMk9XcEdPRlprVVVVM2JuZEpVR2QzVm04NVVVRndTVVpGV1dRS1R6aGxaSFV2TkdaTVUyZHFibXBPUldkdE1VdHJkRFJ1VTBwV2FYSk9aRkExWkhBNFkzTTFTWFZqY1c1bVFsRmxNVWx5WWpad1IzZFRUVzVDSzJkeGR3bzFiamxzWkc1RlowbGFVVk5sZDNsa1EwRlRTVEozU1VSQlVVRkNiekZaZDFaRVFVOUNaMDVXU0ZFNFFrRm1PRVZDUVUxRFFtRkJkMFYzV1VSV1VqQnNDa0pCZDNkRFoxbEpTM2RaUWtKUlZVaEJkMGwzUkVGWlJGWlNNRlJCVVVndlFrRkpkMEZFUVdaQ1owNVdTRk5OUlVkRVFWZG5RbE16UWxGRFZ6VXdVWElLTWxNd1F6aHFWVzQ0WkVoRlJEaHlRVFZFUVU1Q1oydHhhR3RwUnpsM01FSkJVWE5HUVVGUFEwRm5SVUZhVjFoUU9XbGFSRzEzVkhSdFdYbFFNbWs1T1FwUVUyeFZNelZxU0hSRlJYSTJOekZWVFRGTWEzRTRRalJKTmxncmRsaE5URU50TkVKVGFqWkNRVFUwWTFaU1RWRm9hUzl0U1hCWVFuSnlSa2RhWVZsdENtTTBlamN4V0dwU09XcHJZVE14Y0dvNU1UUmlSREJaVDJ0aFZVRmlka296VEZwcVlXdDBLMFpFV0RkblZtOXpNRlZCT1hKS1VpOVFaR3htUVZnMWJEUUtkVk4yYldsSmVYUkJPU3M1VERST1YxWmxTbGN5V2xsdVl6Um1jMjFJVlV4MlJISllNRUZQT1hkdlVFbGhlRlJWUkRkMFRua3dhVk42U3prNFlsTXpaZ3B5Y0dwcmJUZFNWMUJVY2pGTU1HbHdabVJXZFdwcmRIVmlOMnBIVjJWdFJqaDVSeXRGZFdwMGFWQnZkQ3RsT0UweFJrTXpXV2xETW5NM1duWk1kME5vQ25WdWVrRklSbm80ZVRWakx6ZGxTRXhQYmtORFRtcFhPR3hNYVdSU1lqRkRkbGhDY2pjNU5XODNlVkFyTWxGdVNUTTNkQzh4VUhwYVQycHJVbkptZW1NS2RsbG5kR1ZTYjI5WWFWVkRkbWtyTjJ4RFRsQnFlR1YwT1ZwVGIyRjVSamd5UTNOMGRuWjZRMFZOVFRSMVdFOVNTRGM1YXpSTllqRktaRlpaSzNSVlJncFBMMEZPUkVvMWMzQmlRV3BTY0daaFJGTnRTMElyZG5CV2JVUnlPRkl4ZVcxSGJXMXFVM3BsZGs1V1pqbEtaVU5rTXl0cFMwVlBiRkpPYkZwMlIyOHlDak5KSzA1TFlsVXJLek5EV1dRNWNHNVpVM0UwUTBwelJuRk5aSEJFTUVWVFZ6QXpTMGxLVWxCWWFXeG1iV2RVYTNWVGJ5OHZWR1ptZUU5cVkyaEdNMU1LWWxGbWFtUm1PVFpGVmxZeFdEZGtaWGgzZEhGTldVOVFPVXRXWjFKYU1qaEVWMnRHUm1oNFJtdEVUeXN2VVdGTmMwUXJTVzQzUjNwcGRtYzRkRWRxTmdwcllUWm1TM0pIUW13M2IyMTRkMkpNZG5BMGEzVlBXbmxrYzJkUGIwRnNTR3RvTmpCek16UllkbWhUVUhOT0swaG1ZMmxaYWt0eWFGUk1SbmhMWVRKM0NpdElZbFo2VTFseVJHUnVXbmhaT1ROSlExSmpWMWxOUFFvdExTMHRMVVZPUkNCRFJWSlVTVVpKUTBGVVJTMHRMUzB0Q2c9PQogICAgY2xpZW50LWtleS1kYXRhOiBMUzB0TFMxQ1JVZEpUaUJTVTBFZ1VGSkpWa0ZVUlNCTFJWa3RMUzB0TFFwTlNVbEtTbmRKUWtGQlMwTkJaMFZCY2tGUFJXUkxMMlVyZUUxU2NuYzFVR1prT0ZGNmJqZGtjR2xYZURkWllsUlJNazV2V25SR2JYQk5XR1pRT1VKaENqTkhaSFJ0UjIxaFVYWTBOSHBCUkdaU2RIWXdNSGxVVUdsWlFUWlFTbFZzYlVWWlpEbDNUVE15Y0hGdVJGSXlaRlZzYUZjeU9HMVRSMlJqY210bFRuQUtkVEl2V21VME1tcHpaMGhQWmtWRFRrTTNSREF5YTFsb1N6SlRTVVZwUmxCaWVITkdjRmxRUW5aTmJETlRMekJRVEZZNGQyTnRlVTAwZFc4elYxa3lNQW8yTTNjNVF5dDJVbkpIVkVsbVoyMHJNRlZ1VUc1MFdtWXpTRk5LTlhoWVlVZGtiMVozTmxOWlYxTmxaV2c0VWxSc0wweGxTbkJFYTFSMlprTmpjMUl5Q2tKRmVtWjFUbTFhVTNCNVJXd3dhSFpLWm5VeGVrVlJLMk51WlRsM2RtdHdaRGxDZUVseWEzSjNkMUpZTlhkTEx6aHVUREpsZUVveloxZDNSMlpIZUhFS1EyaFpVVU00UmpWM1JFeEljek5JVTNGa2FVaDBNamsxVW5kSFNuRjZTSEl6Ym10TU1tdGtkMDFVU21GTFFYcEpNMUJuWlhNd1lsazJOM0JFZVVSMVlRcHBVVUUwTjJKTGJrUkRhRmt2U1daeVNIbDZNbWxtU0ZsalMwSXZNRVVyWVhoQ1NHMDJWRnBJYTBsbVpqWXhjMncxVTJjdk5tWjBVbHBaU0ZsR1lXRlVDbmhrU2xaVFlWbGxVVGxMYjB0R1QwaDBhRWcwTDBSb1JIWlhWRVZoZWxVNVpXdEJhVlpJWVd0M0wyaFFlV0Z2VUdka1ZreG5iVFIzVFROWWFDdE9NSGtLWVdNeVNUWk1kVXgxVFdaVlJrMUNZbFo2UjIxa1JrWlJRMjh2Y25WcE1uTlJkSEJET0VSTVpFczRabWxJUVdvM2JFNHdTWGh3TjNWbFlqaEhOMEpxUndwUFJXTnlkVGt5VFd0T1pYWlplR1pHV0ZWQ1R6VTRRMFEwVFVaaFVGVkJTMU5DVWtkSVZIWklibUoySzBoNU1HOUpOVFI2VWtsS2RGTndUR1ZLTUdsV0NsbHhlbGhVSzFoaFpraE1UMU5NYmt0d00zZFZTSFJUU3pJcmNWSnpSV3BLZDJadlMzTlBXaTlhV0ZwNFNVTkhWVVZ1YzAxdVVXZEZhVTV6UTBGM1JVRUtRVkZMUTBGblFrZHVjVTFSY2s5MWEzUkxNVGMyZVc5cWFWTk5SRkV2TmtoeFl6UnJjMFZsYmpCUVdWb3dSSEZPZURGaWFXZG5NM0pyZFV4b2QyVnJPUXBQT1Zob2JYcEpVR2t4YnpKSVZsTXZTazB2UkRnMEsyUjBjSFY1ZGpkV09HOURWMXBOZFVaV016QkxOWFJWVjNkTGFrTlFSVzlvYTBaWlZqWlFhWEJKQ21WSmJHNWFZa1ZEWW1OSU5HOTJXVmhPU1hwUmRFeENRamg0ZDJOWFlqRXJXR3hCUml0SWVqQnhZa2huUzBWVGJraElWbWMxVG1Fd1NIbDFTVFl5V1VnS2JYUkVaRkJsT0VSVFdWSmtkRGRHWm1SMFJIVXJTQ3N3VVZZM1UwWlpPR1ZsZVN0UmJXSXJaMFZIZFRNNVlVSnNPSG96TTJ4RlZFaGxla0ZYVjJVclpncFFRMk5NV0ZGbFZURnZVa3QxYmtoUk1rOTNiRlZrYml0blMzTlRSVWRsZUVKMVZqTjVRamcxTUVsNk1EbG9NM1ZIYjFkSVN6Vk9WbFpNTVRsMFp6ZG5Da2t6YW5SaFVIVlBSVFJIVldjNFYwMXhNSEo2TlN0cWIxTXhXR0oxVXpWbVRHWkxLMnBrVGpOTlltRlBSblF2UWpWdFFqQnFXVmNyZGpaR1FWUkZRMllLVEVFeWNrOTRiMHBZTWtwQ01FVkNUVGQ0VEdwdE5reDNPRE14TUdOSFMyOUhNWG8zTTJSNWVXNWpaMDkwUVc5a1EyUmhlVFJJWVVodFEwbG9ibm94TkFvNVVWUmtZMnBVUnpsWFJIWXpTVW80VWl0dllXUkxVMFpwYkVWc1ZqVjZZV2cyUmtobEswUlBXRVpzVlhwdUsyZHpVRzlpTXpRM01EWlZPRzE1TVZJMkNtdHViMUpoTnpWbmJXcEROWGhNUlU1RVUyczVZbVZvVFhCTFZUbFlUakZJYkRaR2VrMU1iVWN2TVZKeFZHNUhZVGMxYVdsT2VWWlVRazR5WjB3d2NUa0tRMU4yVUc5NVJHMU9ja2R5YTJSbE5XUkZSVTAxTkVWS2JXNVVTWGhTTnk5MWJFVk9lRlZ0UjI1SVNHUkZTREpMTWsweU5FeHpZVk51TkZRMGNHY3hOQXB6ZEVGdmJURnNVRUV6YkV0QmQyOXZRbkZXWVd0TlFqSldNWEpSWTFkQk1VSTNNbE5SY1VFdk1qUmhWbFZSV21GTlVVdERRVkZGUVRKbVprdEtSbEZYQ2tZeWJXb3hUVE42TmpGVVptTnBSR295WTNkSlowcEhiamxsT0RadFFsQlJXRW80TlN0a1JYcDZWV2wzZFVsRmVITklUbkJ2VUdKbldrdGxNMGswUmxvS1pXMXFjalJRZEVaaVN5OWFTazVVWVdsM1drTklRVVF6TUhGeVJsaEpibUZWTjJoR2RtOHJVVlpZUTNOc05ETXZjMGhZUmpkWVp6TXlSR1Z6VEhGT2VRcHVXVWc1VDB0ck1rTTVMM1JVUml0NU5GQXhPRGcwTkZCRFUyZDZhRE40V1dwSlNrMDBWblppV1RSeWJtdzJWMHA2VFc5T2JtNU1XbXhhSzJWa2NrTkZDbFJHWW5kTWVFWXpiMGxyYmt4d01GUnRlVlJOUWl0dlFqTm1VR3MwUVV4ellsVTNURGR2ZEdScldXcGhkbmx3Y25WS1dIZHZWelZoTTJ0VWNrcHdhVXdLZGpKTk5WTnlaRWROWlVKRE9HNUZWVWhOV0Vsd2JFMURURXR0YkZsSGNXRjVSbmxWVXpCUlFURXJXVk4xU25GcVMyOTVlVUZpTWt4dE9UZG1aa052VWdwR1lrODJhbWt4VlUxbmVtUkNVVXREUVZGRlFYbG5ZMHQ0TTBoNFNsa3pRMU5uSzNkUlVGQlhWbE55T1Zob2VURnVXR3BvVURaWk5ESlJURXBWZGxoWUNrOUJWbGRTVjNsRU5tSTROa1ZRYzNwTVoySjBXVlprTVVaelNVZEhZWE5SUkZWTE9FOXZUMlo0WjIxUWExUmtVSGh1VFdoWFNGSXlZbE5vUm1oWFUzTUtabkZYY3pGdll5czFPVk4xZEVOa1Qwd3lWMWhSVlVoaVkxRnNNVmRtS3pad1RraEplRFZWTldkSlF6VlZkM2hWTVM5YVUwTklTV1EyWlUxTmFUZENSd3AzTldsR2RUazBaakpPV0V3dlVXODBia3RLTUhsbE9GaEhWbTlwTWpWcVMySlBVa2xhYzFkWk5HNXBNV3QzUlRJemEzWTFTM0YwZWxWWlEyMXFZU3RXQ2pOM2JYUjZOVTF0VldkS2VFZHNTMDQwU1VWc1VqWXJjM05QWmxWbVNWbEhWbXc1VGxWb1JrWktVa3hHYlc1V2IzSnZlSGxVYjNwSlQyWkdiRkZhVkhrS2RsRnNUME5HVGpKNFlVMDRURk5ZVFZoSFNrOHpiR2MyVUdWMWVrVTBjRTk1ZUhjeFVXbDFNRmgzUzBOQlVVSTRjaXRVZHpGNlJYb3ZNMmcyTW1Jek5RcEdlbTlxV0ZoRk5sQkNPVFF2VG0xeFRrVnRLMmxWWTJWV1R5dHFWM1YwV2s5WldIVmFaV3cwTWs5NlNqWmhMeTl3U0d3NVZrSmtUbXRSZFhWVVl6aDJDa1kwUlU5TmNqQTFNMnREWmt0SFlXTkhjR2xCUlZaUVZuQkpiM2hOYjNOTlpGVkpiVU5HVFVkTVRHdHRNbE5wU2tKWUx6TjRaMUpuTW1WV2VreHJhaXNLYW1kQ0wwOW9aRzQwVm5CRVRWUmhhM1JHZVZZeWNXOUZOWFI2TXpWaldXZHpWM01yVFhKSlltUnNTa2xIT0dOblkyOXJRblZKVWxZM2VqTkRhbmxzZUFweGExQkNlRXBXWTI5TVdXVnhUbmxqYWxaTFYxZDBXRWw1WkZOaVFuaHdiR3RJV1dnclZFSmhSRloyZWpOT09HRlhlVFY0YVRjMFZtODNjelJhU2s1Q0NrbE9jbkpQV1dsYU1WRkxkRTF5YzBKMFlVbHRMelZUTDI1VldYWnpRakJVV2tWbE9WWnhhVlZTU25adWNIWm9aMGREVTJOTlMzaEtWQ3RGWlZOQmRuSUtMMkpRU2tGdlNVSkJSVFIwTVZoVlF6SmpLM1puVGpCTFNIbHRlbU50UXpRMWVERlNVRTVMTkZsWGIzaEdPVk5oY1VjdlRFcE5URkZDWldWT2NUWndOd3A2Y1hWa2JXUjFXVFJMYlVodU5EZDZMMFZ3V1d0VWFXZGtOV2x3VFU0MFFTdDVZVEUwWkVGdk5ESkhTV2d2SzB3d2QwNW5lSGRQYm1SNUx6VllSbFkwQ2xSNllqRTRkVXRUYWt0eE4wbHZSVzF4VG5aM1FYcHJaVEpZVTNGbldITkNNVlJYV0VWM2IxUnFkMFZ1Y2k4eUwxZEROa05STlVGVVlVMVZabTEyUm1RS1NYSm9SVU5WTlV3Mk5tWjBUblZKWm5GR1pWVlZPV3MxY1dVM2FsUnNkSFJZVFRaTVlrMUZkbGw2Wlc4Mk1VcENNVGRKUTI1YWRWYzRhMVJsWVRkcVZ3cHhlRUZHYmtaUGFHaHNlWE5XWTJGTWIwRlhhMFUzVnlzMFdIWTVjRTlXU1RBeVJVaFRSVUZ5Y0RGNFVWUklaRzUxT0doaFRFZHJUWFppTm5CR1pFRTNDbUlyUlVWMlNWZFFiMWhsV0dGemNHeGxTVWcyVW5FeVFYUXZaRzlXUkRoRFoyZEZRVTk1VXpKSVNYWlpTelo0Wkhwd2RUVkJibUp5YUhOVGJFNWxhalVLZDI1Vk0ycG9lRGd2ZUhZM2Frd3lUMVpQTDBGalYybzRNVFpXVjNoME4wOVRUM3BVV0V4MlpXcHdTazlLVjNacllURk5ibGhyYm1reWFVOWlXRXhZTXdvemRVTnJVWE5yTjNOYU1rRnNOM0ZXUkdGQ1Yyc3ZVWGhxV25aMlpEZ3dOVnByT0U4NWRuTldValpTVkRrNGRXSkJjVEEyVUVoV2FqbG5NV0ZFU0dSRUNqaDZVMVoyYkd4aFUwcE9hRTVFV1RCNVNUUlpaazVKWWl0c2JWYzJVblUyUVcxVGVXVllTaXRCTmtjMFFqQnhTMFJETUdreU5qbEhkV1JKU1djMGNURUtZVzFpYUVrMmRHUTJhV0pCYkdSWFVqVlZia3RNVDBsd2NHUXhabWNyUWpOV1V5czROVTUyV25GeGJqRm9kRmxYTVc1aVduZFJZVlpvTTI1dlRqSm5kUXBVZDNndlIwNUlUWGs0Y1daRlNHazJLelpqU1c1MVRXeGlXWFIwUm1kV1RYcDBWM2hST0dZNFkwRkNPVEp2YlRGeGJEWlljek14ZEVwM1BUMEtMUzB0TFMxRlRrUWdVbE5CSUZCU1NWWkJWRVVnUzBWWkxTMHRMUzBLCiAgICB0b2tlbjogaXViN2Y0NDdmb2hldHRsbThjbm5lMmFrNGR2d2s1ZHBkNmN0djI1dTdsaTUydHFjenl6bjFsbGxycHVyYmQ1bnUzMGExazdjZHcxamQ5dXRwc2dxY2N3NjVzamJtYXhpejZrc2V3MGJ1bXZycHQyZjJheXVzcnM1aWRxNzc2Zm8K\"\n
        \  }\n  ]\n }"
    headers:
      cache-control:
      - no-cache
      content-length:
      - '13072'
      content-type:
      - application/json
      date:
      - Sat, 29 Apr 2023 09:51:12 GMT
      expires:
      - '-1'
      pragma:
      - no-cache
      server:
      - nginx
      strict-transport-security:
      - max-age=31536000; includeSubDomains
      transfer-encoding:
      - chunked
      vary:
      - Accept-Encoding
      x-content-type-options:
      - nosniff
      x-ms-ratelimit-remaining-subscription-writes:
      - '1198'
    status:
      code: 200
      message: OK
- request:
    body: null
    headers:
      Accept:
      - application/json
      Accept-Encoding:
      - gzip, deflate
      CommandName:
      - aks update
      Connection:
      - keep-alive
      ParameterSetName:
      - -g -n --load-balancer-outbound-ips
      User-Agent:
      - AZURECLI/2.48.1 azsdk-python-azure-mgmt-containerservice/22.1.0 Python/3.8.10
        (Linux-5.15.0-1033-azure-x86_64-with-glibc2.29)
    method: GET
    uri: https://management.azure.com/subscriptions/00000000-0000-0000-0000-000000000000/resourceGroups/clitest000001/providers/Microsoft.ContainerService/managedClusters/cliakstest000001?api-version=2023-04-01
  response:
    body:
      string: "{\n  \"id\": \"/subscriptions/00000000-0000-0000-0000-000000000000/resourcegroups/clitest000001/providers/Microsoft.ContainerService/managedClusters/cliakstest000001\",\n
        \ \"location\": \"westus2\",\n  \"name\": \"cliakstest000001\",\n  \"type\":
        \"Microsoft.ContainerService/ManagedClusters\",\n  \"properties\": {\n   \"provisioningState\":
        \"Succeeded\",\n   \"powerState\": {\n    \"code\": \"Running\"\n   },\n   \"kubernetesVersion\":
        \"1.25.6\",\n   \"currentKubernetesVersion\": \"1.25.6\",\n   \"dnsPrefix\":
        \"cliaksdns000004\",\n   \"fqdn\": \"cliaksdns000004-rtgiwzp9.hcp.westus2.azmk8s.io\",\n
        \  \"azurePortalFQDN\": \"cliaksdns000004-rtgiwzp9.portal.hcp.westus2.azmk8s.io\",\n
        \  \"agentPoolProfiles\": [\n    {\n     \"name\": \"nodepool1\",\n     \"count\":
        1,\n     \"vmSize\": \"Standard_DS2_v2\",\n     \"osDiskSizeGB\": 128,\n     \"osDiskType\":
        \"Managed\",\n     \"kubeletDiskType\": \"OS\",\n     \"maxPods\": 110,\n
        \    \"type\": \"VirtualMachineScaleSets\",\n     \"enableAutoScaling\": false,\n
        \    \"provisioningState\": \"Succeeded\",\n     \"powerState\": {\n      \"code\":
        \"Running\"\n     },\n     \"orchestratorVersion\": \"1.25.6\",\n     \"currentOrchestratorVersion\":
        \"1.25.6\",\n     \"enableNodePublicIP\": false,\n     \"mode\": \"System\",\n
        \    \"enableEncryptionAtHost\": false,\n     \"enableUltraSSD\": false,\n
        \    \"osType\": \"Linux\",\n     \"osSKU\": \"Ubuntu\",\n     \"nodeImageVersion\":
        \"AKSUbuntu-2204gen2containerd-202304.10.0\",\n     \"upgradeSettings\": {},\n
        \    \"enableFIPS\": false\n    }\n   ],\n   \"linuxProfile\": {\n    \"adminUsername\":
        \"azureuser\",\n    \"ssh\": {\n     \"publicKeys\": [\n      {\n       \"keyData\":
        \"ssh-rsa AAAAB3NzaC1yc2EAAAADAQABAAABAQCvBk9v4/Qo7XJWIY7AItmm8ohKhV9Y2z/SA5RKWk4BUCpK4ElHu8ia+QREfb7nmO5LtydRi7glVKNjUWUeaSC1PTmk2Z421whqvLRgF6XquFUcEC+VZG54EiS7j6hc2G3Af76vCZQQIQ7fKB8gngJXVb4QjbKVkoORamBKaSQ5MoAPF9GeSPfDesETM/jcE60BguHKjSTXhfsvgs6/iuUSPQ7duXwFtlpQy8WwA6ymGj4ehF0y8NXP6fjEajHDhPjPDkyuKBFTScflrLRryURmRyyICLt40vd+gaiyYCmREJxZNT/7J1pKmlpLNJejqDgXJ97xeyv4flTL7XRSgWV5
        azcli_aks_live_test@example.com\\n\"\n      }\n     ]\n    }\n   },\n   \"servicePrincipalProfile\":
        {\n    \"clientId\":\"00000000-0000-0000-0000-000000000001\"\n   },\n   \"nodeResourceGroup\":
        \"MC_clitest000001_cliakstest000001_westus2\",\n   \"enableRBAC\": true,\n
        \  \"enableLTS\": \"KubernetesOfficial\",\n   \"networkProfile\": {\n    \"networkPlugin\":
        \"kubenet\",\n    \"loadBalancerSku\": \"Standard\",\n    \"loadBalancerProfile\":
        {\n     \"outboundIPs\": {\n      \"publicIPs\": [\n       {\n        \"id\":
        \"/subscriptions/00000000-0000-0000-0000-000000000000/resourceGroups/clitest000001/providers/Microsoft.Network/publicIPAddresses/cliaksslbip1000002\"\n
        \      }\n      ]\n     },\n     \"effectiveOutboundIPs\": [\n      {\n       \"id\":
        \"/subscriptions/00000000-0000-0000-0000-000000000000/resourceGroups/clitest000001/providers/Microsoft.Network/publicIPAddresses/cliaksslbip1000002\"\n
        \     }\n     ],\n     \"allocatedOutboundPorts\": 0,\n     \"idleTimeoutInMinutes\":
        30\n    },\n    \"podCidr\": \"10.244.0.0/16\",\n    \"serviceCidr\": \"10.0.0.0/16\",\n
        \   \"dnsServiceIP\": \"10.0.0.10\",\n    \"dockerBridgeCidr\": \"172.17.0.1/16\",\n
        \   \"outboundType\": \"loadBalancer\",\n    \"podCidrs\": [\n     \"10.244.0.0/16\"\n
        \   ],\n    \"serviceCidrs\": [\n     \"10.0.0.0/16\"\n    ],\n    \"ipFamilies\":
        [\n     \"IPv4\"\n    ]\n   },\n   \"maxAgentPools\": 100,\n   \"identityProfile\":
        {\n    \"kubeletidentity\": {\n     \"resourceId\": \"/subscriptions/00000000-0000-0000-0000-000000000000/resourcegroups/MC_clitest000001_cliakstest000001_westus2/providers/Microsoft.ManagedIdentity/userAssignedIdentities/cliakstest000001-agentpool\",\n
        \    \"clientId\":\"00000000-0000-0000-0000-000000000001\",\n     \"objectId\":\"00000000-0000-0000-0000-000000000001\"\n
        \   }\n   },\n   \"disableLocalAccounts\": false,\n   \"securityProfile\":
        {},\n   \"storageProfile\": {\n    \"diskCSIDriver\": {\n     \"enabled\":
        true\n    },\n    \"fileCSIDriver\": {\n     \"enabled\": true\n    },\n    \"snapshotController\":
        {\n     \"enabled\": true\n    }\n   },\n   \"oidcIssuerProfile\": {\n    \"enabled\":
        false\n   },\n   \"workloadAutoScalerProfile\": {}\n  },\n  \"identity\":
        {\n   \"type\": \"SystemAssigned\",\n   \"principalId\":\"00000000-0000-0000-0000-000000000001\",\n
        \  \"tenantId\": \"72f988bf-86f1-41af-91ab-2d7cd011db47\"\n  },\n  \"sku\":
        {\n   \"name\": \"Base\",\n   \"tier\": \"Free\"\n  }\n }"
    headers:
      cache-control:
      - no-cache
      content-length:
      - '4108'
      content-type:
      - application/json
      date:
      - Sat, 29 Apr 2023 09:51:12 GMT
      expires:
      - '-1'
      pragma:
      - no-cache
      server:
      - nginx
      strict-transport-security:
      - max-age=31536000; includeSubDomains
      transfer-encoding:
      - chunked
      vary:
      - Accept-Encoding
      x-content-type-options:
      - nosniff
    status:
      code: 200
      message: OK
- request:
    body: '{"location": "westus2", "sku": {"name": "Base", "tier": "Free"}, "identity":
      {"type": "SystemAssigned"}, "properties": {"kubernetesVersion": "1.25.6", "dnsPrefix":
      "cliaksdns000004", "agentPoolProfiles": [{"count": 1, "vmSize": "Standard_DS2_v2",
      "osDiskSizeGB": 128, "osDiskType": "Managed", "kubeletDiskType": "OS", "maxPods":
      110, "osType": "Linux", "osSKU": "Ubuntu", "enableAutoScaling": false, "type":
      "VirtualMachineScaleSets", "mode": "System", "orchestratorVersion": "1.25.6",
      "upgradeSettings": {}, "powerState": {"code": "Running"}, "enableNodePublicIP":
      false, "enableEncryptionAtHost": false, "enableUltraSSD": false, "enableFIPS":
      false, "name": "nodepool1"}], "linuxProfile": {"adminUsername": "azureuser",
      "ssh": {"publicKeys": [{"keyData": "ssh-rsa AAAAB3NzaC1yc2EAAAADAQABAAABAQCvBk9v4/Qo7XJWIY7AItmm8ohKhV9Y2z/SA5RKWk4BUCpK4ElHu8ia+QREfb7nmO5LtydRi7glVKNjUWUeaSC1PTmk2Z421whqvLRgF6XquFUcEC+VZG54EiS7j6hc2G3Af76vCZQQIQ7fKB8gngJXVb4QjbKVkoORamBKaSQ5MoAPF9GeSPfDesETM/jcE60BguHKjSTXhfsvgs6/iuUSPQ7duXwFtlpQy8WwA6ymGj4ehF0y8NXP6fjEajHDhPjPDkyuKBFTScflrLRryURmRyyICLt40vd+gaiyYCmREJxZNT/7J1pKmlpLNJejqDgXJ97xeyv4flTL7XRSgWV5
      azcli_aks_live_test@example.com\n"}]}}, "servicePrincipalProfile": {"clientId":"00000000-0000-0000-0000-000000000001"},
      "oidcIssuerProfile": {"enabled": false}, "nodeResourceGroup": "MC_clitest000001_cliakstest000001_westus2",
      "enableRBAC": true, "networkProfile": {"networkPlugin": "kubenet", "podCidr":
      "10.244.0.0/16", "serviceCidr": "10.0.0.0/16", "dnsServiceIP": "10.0.0.10",
      "dockerBridgeCidr": "172.17.0.1/16", "outboundType": "loadBalancer", "loadBalancerSku":
      "Standard", "loadBalancerProfile": {"outboundIPs": {"publicIPs": [{"id": "/subscriptions/00000000-0000-0000-0000-000000000000/resourceGroups/clitest000001/providers/Microsoft.Network/publicIPAddresses/cliaksslbip1000002"},
      {"id": "/subscriptions/00000000-0000-0000-0000-000000000000/resourceGroups/clitest000001/providers/Microsoft.Network/publicIPAddresses/cliaksslbip2000003"}]},
      "effectiveOutboundIPs": [{"id": "/subscriptions/00000000-0000-0000-0000-000000000000/resourceGroups/clitest000001/providers/Microsoft.Network/publicIPAddresses/cliaksslbip1000002"}],
      "allocatedOutboundPorts": 0, "idleTimeoutInMinutes": 30}, "podCidrs": ["10.244.0.0/16"],
      "serviceCidrs": ["10.0.0.0/16"], "ipFamilies": ["IPv4"]}, "identityProfile":
      {"kubeletidentity": {"resourceId": "/subscriptions/00000000-0000-0000-0000-000000000000/resourcegroups/MC_clitest000001_cliakstest000001_westus2/providers/Microsoft.ManagedIdentity/userAssignedIdentities/cliakstest000001-agentpool",
      "clientId":"00000000-0000-0000-0000-000000000001", "objectId":"00000000-0000-0000-0000-000000000001"}},
      "disableLocalAccounts": false, "securityProfile": {}, "storageProfile": {},
      "workloadAutoScalerProfile": {}}}'
    headers:
      Accept:
      - application/json
      Accept-Encoding:
      - gzip, deflate
      CommandName:
      - aks update
      Connection:
      - keep-alive
      Content-Length:
      - '2785'
      Content-Type:
      - application/json
      ParameterSetName:
      - -g -n --load-balancer-outbound-ips
      User-Agent:
      - AZURECLI/2.48.1 azsdk-python-azure-mgmt-containerservice/22.1.0 Python/3.8.10
        (Linux-5.15.0-1033-azure-x86_64-with-glibc2.29)
    method: PUT
    uri: https://management.azure.com/subscriptions/00000000-0000-0000-0000-000000000000/resourceGroups/clitest000001/providers/Microsoft.ContainerService/managedClusters/cliakstest000001?api-version=2023-04-01
  response:
    body:
      string: "{\n  \"id\": \"/subscriptions/00000000-0000-0000-0000-000000000000/resourcegroups/clitest000001/providers/Microsoft.ContainerService/managedClusters/cliakstest000001\",\n
        \ \"location\": \"westus2\",\n  \"name\": \"cliakstest000001\",\n  \"type\":
        \"Microsoft.ContainerService/ManagedClusters\",\n  \"properties\": {\n   \"provisioningState\":
        \"Updating\",\n   \"powerState\": {\n    \"code\": \"Running\"\n   },\n   \"kubernetesVersion\":
        \"1.25.6\",\n   \"currentKubernetesVersion\": \"1.25.6\",\n   \"dnsPrefix\":
        \"cliaksdns000004\",\n   \"fqdn\": \"cliaksdns000004-rtgiwzp9.hcp.westus2.azmk8s.io\",\n
        \  \"azurePortalFQDN\": \"cliaksdns000004-rtgiwzp9.portal.hcp.westus2.azmk8s.io\",\n
        \  \"agentPoolProfiles\": [\n    {\n     \"name\": \"nodepool1\",\n     \"count\":
        1,\n     \"vmSize\": \"Standard_DS2_v2\",\n     \"osDiskSizeGB\": 128,\n     \"osDiskType\":
        \"Managed\",\n     \"kubeletDiskType\": \"OS\",\n     \"maxPods\": 110,\n
        \    \"type\": \"VirtualMachineScaleSets\",\n     \"enableAutoScaling\": false,\n
        \    \"provisioningState\": \"Updating\",\n     \"powerState\": {\n      \"code\":
        \"Running\"\n     },\n     \"orchestratorVersion\": \"1.25.6\",\n     \"currentOrchestratorVersion\":
        \"1.25.6\",\n     \"enableNodePublicIP\": false,\n     \"mode\": \"System\",\n
        \    \"enableEncryptionAtHost\": false,\n     \"enableUltraSSD\": false,\n
        \    \"osType\": \"Linux\",\n     \"osSKU\": \"Ubuntu\",\n     \"nodeImageVersion\":
        \"AKSUbuntu-2204gen2containerd-202304.10.0\",\n     \"upgradeSettings\": {},\n
        \    \"enableFIPS\": false\n    }\n   ],\n   \"linuxProfile\": {\n    \"adminUsername\":
        \"azureuser\",\n    \"ssh\": {\n     \"publicKeys\": [\n      {\n       \"keyData\":
        \"ssh-rsa AAAAB3NzaC1yc2EAAAADAQABAAABAQCvBk9v4/Qo7XJWIY7AItmm8ohKhV9Y2z/SA5RKWk4BUCpK4ElHu8ia+QREfb7nmO5LtydRi7glVKNjUWUeaSC1PTmk2Z421whqvLRgF6XquFUcEC+VZG54EiS7j6hc2G3Af76vCZQQIQ7fKB8gngJXVb4QjbKVkoORamBKaSQ5MoAPF9GeSPfDesETM/jcE60BguHKjSTXhfsvgs6/iuUSPQ7duXwFtlpQy8WwA6ymGj4ehF0y8NXP6fjEajHDhPjPDkyuKBFTScflrLRryURmRyyICLt40vd+gaiyYCmREJxZNT/7J1pKmlpLNJejqDgXJ97xeyv4flTL7XRSgWV5
        azcli_aks_live_test@example.com\\n\"\n      }\n     ]\n    }\n   },\n   \"servicePrincipalProfile\":
        {\n    \"clientId\":\"00000000-0000-0000-0000-000000000001\"\n   },\n   \"nodeResourceGroup\":
        \"MC_clitest000001_cliakstest000001_westus2\",\n   \"enableRBAC\": true,\n
        \  \"enableLTS\": \"KubernetesOfficial\",\n   \"networkProfile\": {\n    \"networkPlugin\":
        \"kubenet\",\n    \"loadBalancerSku\": \"Standard\",\n    \"loadBalancerProfile\":
        {\n     \"outboundIPs\": {\n      \"publicIPs\": [\n       {\n        \"id\":
        \"/subscriptions/00000000-0000-0000-0000-000000000000/resourceGroups/clitest000001/providers/Microsoft.Network/publicIPAddresses/cliaksslbip1000002\"\n
        \      },\n       {\n        \"id\": \"/subscriptions/00000000-0000-0000-0000-000000000000/resourceGroups/clitest000001/providers/Microsoft.Network/publicIPAddresses/cliaksslbip2000003\"\n
        \      }\n      ]\n     },\n     \"effectiveOutboundIPs\": [\n      {\n       \"id\":
        \"/subscriptions/00000000-0000-0000-0000-000000000000/resourceGroups/clitest000001/providers/Microsoft.Network/publicIPAddresses/cliaksslbip1000002\"\n
        \     }\n     ],\n     \"allocatedOutboundPorts\": 0,\n     \"idleTimeoutInMinutes\":
        30\n    },\n    \"podCidr\": \"10.244.0.0/16\",\n    \"serviceCidr\": \"10.0.0.0/16\",\n
        \   \"dnsServiceIP\": \"10.0.0.10\",\n    \"dockerBridgeCidr\": \"172.17.0.1/16\",\n
        \   \"outboundType\": \"loadBalancer\",\n    \"podCidrs\": [\n     \"10.244.0.0/16\"\n
        \   ],\n    \"serviceCidrs\": [\n     \"10.0.0.0/16\"\n    ],\n    \"ipFamilies\":
        [\n     \"IPv4\"\n    ]\n   },\n   \"maxAgentPools\": 100,\n   \"identityProfile\":
        {\n    \"kubeletidentity\": {\n     \"resourceId\": \"/subscriptions/00000000-0000-0000-0000-000000000000/resourcegroups/MC_clitest000001_cliakstest000001_westus2/providers/Microsoft.ManagedIdentity/userAssignedIdentities/cliakstest000001-agentpool\",\n
        \    \"clientId\":\"00000000-0000-0000-0000-000000000001\",\n     \"objectId\":\"00000000-0000-0000-0000-000000000001\"\n
        \   }\n   },\n   \"disableLocalAccounts\": false,\n   \"securityProfile\":
        {},\n   \"storageProfile\": {\n    \"diskCSIDriver\": {\n     \"enabled\":
        true\n    },\n    \"fileCSIDriver\": {\n     \"enabled\": true\n    },\n    \"snapshotController\":
        {\n     \"enabled\": true\n    }\n   },\n   \"oidcIssuerProfile\": {\n    \"enabled\":
        false\n   },\n   \"workloadAutoScalerProfile\": {}\n  },\n  \"identity\":
        {\n   \"type\": \"SystemAssigned\",\n   \"principalId\":\"00000000-0000-0000-0000-000000000001\",\n
        \  \"tenantId\": \"72f988bf-86f1-41af-91ab-2d7cd011db47\"\n  },\n  \"sku\":
        {\n   \"name\": \"Base\",\n   \"tier\": \"Free\"\n  }\n }"
    headers:
      azure-asyncoperation:
      - https://management.azure.com/subscriptions/00000000-0000-0000-0000-000000000000/providers/Microsoft.ContainerService/locations/westus2/operations/daf2e39c-c97f-4747-b3f8-587f5ad6eebf?api-version=2016-03-30
      cache-control:
      - no-cache
      content-length:
      - '4287'
      content-type:
      - application/json
      date:
      - Sat, 29 Apr 2023 09:51:16 GMT
      expires:
      - '-1'
      pragma:
      - no-cache
      server:
      - nginx
      strict-transport-security:
      - max-age=31536000; includeSubDomains
      transfer-encoding:
      - chunked
      vary:
      - Accept-Encoding
      x-content-type-options:
      - nosniff
      x-ms-ratelimit-remaining-subscription-writes:
      - '1196'
    status:
      code: 200
      message: OK
- request:
    body: null
    headers:
      Accept:
      - '*/*'
      Accept-Encoding:
      - gzip, deflate
      CommandName:
      - aks update
      Connection:
      - keep-alive
      ParameterSetName:
      - -g -n --load-balancer-outbound-ips
      User-Agent:
      - AZURECLI/2.48.1 azsdk-python-azure-mgmt-containerservice/22.1.0 Python/3.8.10
        (Linux-5.15.0-1033-azure-x86_64-with-glibc2.29)
    method: GET
    uri: https://management.azure.com/subscriptions/00000000-0000-0000-0000-000000000000/providers/Microsoft.ContainerService/locations/westus2/operations/daf2e39c-c97f-4747-b3f8-587f5ad6eebf?api-version=2016-03-30
  response:
    body:
      string: "{\n  \"name\": \"9ce3f2da-7fc9-4747-b3f8-587f5ad6eebf\",\n  \"status\":
        \"InProgress\",\n  \"startTime\": \"2023-04-29T09:51:17.1657764Z\"\n }"
    headers:
      cache-control:
      - no-cache
      content-length:
      - '126'
      content-type:
      - application/json
      date:
      - Sat, 29 Apr 2023 09:51:16 GMT
      expires:
      - '-1'
      pragma:
      - no-cache
      server:
      - nginx
      strict-transport-security:
      - max-age=31536000; includeSubDomains
      transfer-encoding:
      - chunked
      vary:
      - Accept-Encoding
      x-content-type-options:
      - nosniff
    status:
      code: 200
      message: OK
- request:
    body: null
    headers:
      Accept:
      - '*/*'
      Accept-Encoding:
      - gzip, deflate
      CommandName:
      - aks update
      Connection:
      - keep-alive
      ParameterSetName:
      - -g -n --load-balancer-outbound-ips
      User-Agent:
      - AZURECLI/2.48.1 azsdk-python-azure-mgmt-containerservice/22.1.0 Python/3.8.10
        (Linux-5.15.0-1033-azure-x86_64-with-glibc2.29)
    method: GET
    uri: https://management.azure.com/subscriptions/00000000-0000-0000-0000-000000000000/providers/Microsoft.ContainerService/locations/westus2/operations/daf2e39c-c97f-4747-b3f8-587f5ad6eebf?api-version=2016-03-30
  response:
    body:
      string: "{\n  \"name\": \"9ce3f2da-7fc9-4747-b3f8-587f5ad6eebf\",\n  \"status\":
        \"InProgress\",\n  \"startTime\": \"2023-04-29T09:51:17.1657764Z\"\n }"
    headers:
      cache-control:
      - no-cache
      content-length:
      - '126'
      content-type:
      - application/json
      date:
      - Sat, 29 Apr 2023 09:51:46 GMT
      expires:
      - '-1'
      pragma:
      - no-cache
      server:
      - nginx
      strict-transport-security:
      - max-age=31536000; includeSubDomains
      transfer-encoding:
      - chunked
      vary:
      - Accept-Encoding
      x-content-type-options:
      - nosniff
    status:
      code: 200
      message: OK
- request:
    body: null
    headers:
      Accept:
      - '*/*'
      Accept-Encoding:
      - gzip, deflate
      CommandName:
      - aks update
      Connection:
      - keep-alive
      ParameterSetName:
      - -g -n --load-balancer-outbound-ips
      User-Agent:
      - AZURECLI/2.48.1 azsdk-python-azure-mgmt-containerservice/22.1.0 Python/3.8.10
        (Linux-5.15.0-1033-azure-x86_64-with-glibc2.29)
    method: GET
    uri: https://management.azure.com/subscriptions/00000000-0000-0000-0000-000000000000/providers/Microsoft.ContainerService/locations/westus2/operations/daf2e39c-c97f-4747-b3f8-587f5ad6eebf?api-version=2016-03-30
  response:
    body:
      string: "{\n  \"name\": \"9ce3f2da-7fc9-4747-b3f8-587f5ad6eebf\",\n  \"status\":
        \"InProgress\",\n  \"startTime\": \"2023-04-29T09:51:17.1657764Z\"\n }"
    headers:
      cache-control:
      - no-cache
      content-length:
      - '126'
      content-type:
      - application/json
      date:
      - Sat, 29 Apr 2023 09:52:16 GMT
      expires:
      - '-1'
      pragma:
      - no-cache
      server:
      - nginx
      strict-transport-security:
      - max-age=31536000; includeSubDomains
      transfer-encoding:
      - chunked
      vary:
      - Accept-Encoding
      x-content-type-options:
      - nosniff
    status:
      code: 200
      message: OK
- request:
    body: null
    headers:
      Accept:
      - '*/*'
      Accept-Encoding:
      - gzip, deflate
      CommandName:
      - aks update
      Connection:
      - keep-alive
      ParameterSetName:
      - -g -n --load-balancer-outbound-ips
      User-Agent:
      - AZURECLI/2.48.1 azsdk-python-azure-mgmt-containerservice/22.1.0 Python/3.8.10
        (Linux-5.15.0-1033-azure-x86_64-with-glibc2.29)
    method: GET
    uri: https://management.azure.com/subscriptions/00000000-0000-0000-0000-000000000000/providers/Microsoft.ContainerService/locations/westus2/operations/daf2e39c-c97f-4747-b3f8-587f5ad6eebf?api-version=2016-03-30
  response:
    body:
      string: "{\n  \"name\": \"9ce3f2da-7fc9-4747-b3f8-587f5ad6eebf\",\n  \"status\":
        \"InProgress\",\n  \"startTime\": \"2023-04-29T09:51:17.1657764Z\"\n }"
    headers:
      cache-control:
      - no-cache
      content-length:
      - '126'
      content-type:
      - application/json
      date:
      - Sat, 29 Apr 2023 09:52:46 GMT
      expires:
      - '-1'
      pragma:
      - no-cache
      server:
      - nginx
      strict-transport-security:
      - max-age=31536000; includeSubDomains
      transfer-encoding:
      - chunked
      vary:
      - Accept-Encoding
      x-content-type-options:
      - nosniff
    status:
      code: 200
      message: OK
- request:
    body: null
    headers:
      Accept:
      - '*/*'
      Accept-Encoding:
      - gzip, deflate
      CommandName:
      - aks update
      Connection:
      - keep-alive
      ParameterSetName:
      - -g -n --load-balancer-outbound-ips
      User-Agent:
      - AZURECLI/2.48.1 azsdk-python-azure-mgmt-containerservice/22.1.0 Python/3.8.10
        (Linux-5.15.0-1033-azure-x86_64-with-glibc2.29)
    method: GET
    uri: https://management.azure.com/subscriptions/00000000-0000-0000-0000-000000000000/providers/Microsoft.ContainerService/locations/westus2/operations/daf2e39c-c97f-4747-b3f8-587f5ad6eebf?api-version=2016-03-30
  response:
    body:
      string: "{\n  \"name\": \"9ce3f2da-7fc9-4747-b3f8-587f5ad6eebf\",\n  \"status\":
        \"Succeeded\",\n  \"startTime\": \"2023-04-29T09:51:17.1657764Z\",\n  \"endTime\":
        \"2023-04-29T09:52:58.9666523Z\"\n }"
    headers:
      cache-control:
      - no-cache
      content-length:
      - '170'
      content-type:
      - application/json
      date:
      - Sat, 29 Apr 2023 09:53:17 GMT
      expires:
      - '-1'
      pragma:
      - no-cache
      server:
      - nginx
      strict-transport-security:
      - max-age=31536000; includeSubDomains
      transfer-encoding:
      - chunked
      vary:
      - Accept-Encoding
      x-content-type-options:
      - nosniff
    status:
      code: 200
      message: OK
- request:
    body: null
    headers:
      Accept:
      - '*/*'
      Accept-Encoding:
      - gzip, deflate
      CommandName:
      - aks update
      Connection:
      - keep-alive
      ParameterSetName:
      - -g -n --load-balancer-outbound-ips
      User-Agent:
      - AZURECLI/2.48.1 azsdk-python-azure-mgmt-containerservice/22.1.0 Python/3.8.10
        (Linux-5.15.0-1033-azure-x86_64-with-glibc2.29)
    method: GET
    uri: https://management.azure.com/subscriptions/00000000-0000-0000-0000-000000000000/resourceGroups/clitest000001/providers/Microsoft.ContainerService/managedClusters/cliakstest000001?api-version=2023-04-01
  response:
    body:
      string: "{\n  \"id\": \"/subscriptions/00000000-0000-0000-0000-000000000000/resourcegroups/clitest000001/providers/Microsoft.ContainerService/managedClusters/cliakstest000001\",\n
        \ \"location\": \"westus2\",\n  \"name\": \"cliakstest000001\",\n  \"type\":
        \"Microsoft.ContainerService/ManagedClusters\",\n  \"properties\": {\n   \"provisioningState\":
        \"Succeeded\",\n   \"powerState\": {\n    \"code\": \"Running\"\n   },\n   \"kubernetesVersion\":
        \"1.25.6\",\n   \"currentKubernetesVersion\": \"1.25.6\",\n   \"dnsPrefix\":
        \"cliaksdns000004\",\n   \"fqdn\": \"cliaksdns000004-rtgiwzp9.hcp.westus2.azmk8s.io\",\n
        \  \"azurePortalFQDN\": \"cliaksdns000004-rtgiwzp9.portal.hcp.westus2.azmk8s.io\",\n
        \  \"agentPoolProfiles\": [\n    {\n     \"name\": \"nodepool1\",\n     \"count\":
        1,\n     \"vmSize\": \"Standard_DS2_v2\",\n     \"osDiskSizeGB\": 128,\n     \"osDiskType\":
        \"Managed\",\n     \"kubeletDiskType\": \"OS\",\n     \"maxPods\": 110,\n
        \    \"type\": \"VirtualMachineScaleSets\",\n     \"enableAutoScaling\": false,\n
        \    \"provisioningState\": \"Succeeded\",\n     \"powerState\": {\n      \"code\":
        \"Running\"\n     },\n     \"orchestratorVersion\": \"1.25.6\",\n     \"currentOrchestratorVersion\":
        \"1.25.6\",\n     \"enableNodePublicIP\": false,\n     \"mode\": \"System\",\n
        \    \"enableEncryptionAtHost\": false,\n     \"enableUltraSSD\": false,\n
        \    \"osType\": \"Linux\",\n     \"osSKU\": \"Ubuntu\",\n     \"nodeImageVersion\":
        \"AKSUbuntu-2204gen2containerd-202304.10.0\",\n     \"upgradeSettings\": {},\n
        \    \"enableFIPS\": false\n    }\n   ],\n   \"linuxProfile\": {\n    \"adminUsername\":
        \"azureuser\",\n    \"ssh\": {\n     \"publicKeys\": [\n      {\n       \"keyData\":
        \"ssh-rsa AAAAB3NzaC1yc2EAAAADAQABAAABAQCvBk9v4/Qo7XJWIY7AItmm8ohKhV9Y2z/SA5RKWk4BUCpK4ElHu8ia+QREfb7nmO5LtydRi7glVKNjUWUeaSC1PTmk2Z421whqvLRgF6XquFUcEC+VZG54EiS7j6hc2G3Af76vCZQQIQ7fKB8gngJXVb4QjbKVkoORamBKaSQ5MoAPF9GeSPfDesETM/jcE60BguHKjSTXhfsvgs6/iuUSPQ7duXwFtlpQy8WwA6ymGj4ehF0y8NXP6fjEajHDhPjPDkyuKBFTScflrLRryURmRyyICLt40vd+gaiyYCmREJxZNT/7J1pKmlpLNJejqDgXJ97xeyv4flTL7XRSgWV5
        azcli_aks_live_test@example.com\\n\"\n      }\n     ]\n    }\n   },\n   \"servicePrincipalProfile\":
        {\n    \"clientId\":\"00000000-0000-0000-0000-000000000001\"\n   },\n   \"nodeResourceGroup\":
        \"MC_clitest000001_cliakstest000001_westus2\",\n   \"enableRBAC\": true,\n
        \  \"enableLTS\": \"KubernetesOfficial\",\n   \"networkProfile\": {\n    \"networkPlugin\":
        \"kubenet\",\n    \"loadBalancerSku\": \"Standard\",\n    \"loadBalancerProfile\":
        {\n     \"outboundIPs\": {\n      \"publicIPs\": [\n       {\n        \"id\":
        \"/subscriptions/00000000-0000-0000-0000-000000000000/resourceGroups/clitest000001/providers/Microsoft.Network/publicIPAddresses/cliaksslbip1000002\"\n
        \      },\n       {\n        \"id\": \"/subscriptions/00000000-0000-0000-0000-000000000000/resourceGroups/clitest000001/providers/Microsoft.Network/publicIPAddresses/cliaksslbip2000003\"\n
        \      }\n      ]\n     },\n     \"effectiveOutboundIPs\": [\n      {\n       \"id\":
        \"/subscriptions/00000000-0000-0000-0000-000000000000/resourceGroups/clitest000001/providers/Microsoft.Network/publicIPAddresses/cliaksslbip1000002\"\n
        \     },\n      {\n       \"id\": \"/subscriptions/00000000-0000-0000-0000-000000000000/resourceGroups/clitest000001/providers/Microsoft.Network/publicIPAddresses/cliaksslbip2000003\"\n
        \     }\n     ],\n     \"allocatedOutboundPorts\": 0,\n     \"idleTimeoutInMinutes\":
        30\n    },\n    \"podCidr\": \"10.244.0.0/16\",\n    \"serviceCidr\": \"10.0.0.0/16\",\n
        \   \"dnsServiceIP\": \"10.0.0.10\",\n    \"dockerBridgeCidr\": \"172.17.0.1/16\",\n
        \   \"outboundType\": \"loadBalancer\",\n    \"podCidrs\": [\n     \"10.244.0.0/16\"\n
        \   ],\n    \"serviceCidrs\": [\n     \"10.0.0.0/16\"\n    ],\n    \"ipFamilies\":
        [\n     \"IPv4\"\n    ]\n   },\n   \"maxAgentPools\": 100,\n   \"identityProfile\":
        {\n    \"kubeletidentity\": {\n     \"resourceId\": \"/subscriptions/00000000-0000-0000-0000-000000000000/resourcegroups/MC_clitest000001_cliakstest000001_westus2/providers/Microsoft.ManagedIdentity/userAssignedIdentities/cliakstest000001-agentpool\",\n
        \    \"clientId\":\"00000000-0000-0000-0000-000000000001\",\n     \"objectId\":\"00000000-0000-0000-0000-000000000001\"\n
        \   }\n   },\n   \"disableLocalAccounts\": false,\n   \"securityProfile\":
        {},\n   \"storageProfile\": {\n    \"diskCSIDriver\": {\n     \"enabled\":
        true\n    },\n    \"fileCSIDriver\": {\n     \"enabled\": true\n    },\n    \"snapshotController\":
        {\n     \"enabled\": true\n    }\n   },\n   \"oidcIssuerProfile\": {\n    \"enabled\":
        false\n   },\n   \"workloadAutoScalerProfile\": {}\n  },\n  \"identity\":
        {\n   \"type\": \"SystemAssigned\",\n   \"principalId\":\"00000000-0000-0000-0000-000000000001\",\n
        \  \"tenantId\": \"72f988bf-86f1-41af-91ab-2d7cd011db47\"\n  },\n  \"sku\":
        {\n   \"name\": \"Base\",\n   \"tier\": \"Free\"\n  }\n }"
    headers:
      cache-control:
      - no-cache
      content-length:
      - '4467'
      content-type:
      - application/json
      date:
      - Sat, 29 Apr 2023 09:53:18 GMT
      expires:
      - '-1'
      pragma:
      - no-cache
      server:
      - nginx
      strict-transport-security:
      - max-age=31536000; includeSubDomains
      transfer-encoding:
      - chunked
      vary:
      - Accept-Encoding
      x-content-type-options:
      - nosniff
    status:
      code: 200
      message: OK
- request:
    body: null
    headers:
      Accept:
      - application/json
      Accept-Encoding:
      - gzip, deflate
      CommandName:
      - aks show
      Connection:
      - keep-alive
      ParameterSetName:
      - -g -n
      User-Agent:
      - AZURECLI/2.48.1 azsdk-python-azure-mgmt-containerservice/22.1.0 Python/3.8.10
        (Linux-5.15.0-1033-azure-x86_64-with-glibc2.29)
    method: GET
    uri: https://management.azure.com/subscriptions/00000000-0000-0000-0000-000000000000/resourceGroups/clitest000001/providers/Microsoft.ContainerService/managedClusters/cliakstest000001?api-version=2023-04-01
  response:
    body:
      string: "{\n  \"id\": \"/subscriptions/00000000-0000-0000-0000-000000000000/resourcegroups/clitest000001/providers/Microsoft.ContainerService/managedClusters/cliakstest000001\",\n
        \ \"location\": \"westus2\",\n  \"name\": \"cliakstest000001\",\n  \"type\":
        \"Microsoft.ContainerService/ManagedClusters\",\n  \"properties\": {\n   \"provisioningState\":
        \"Succeeded\",\n   \"powerState\": {\n    \"code\": \"Running\"\n   },\n   \"kubernetesVersion\":
        \"1.25.6\",\n   \"currentKubernetesVersion\": \"1.25.6\",\n   \"dnsPrefix\":
        \"cliaksdns000004\",\n   \"fqdn\": \"cliaksdns000004-rtgiwzp9.hcp.westus2.azmk8s.io\",\n
        \  \"azurePortalFQDN\": \"cliaksdns000004-rtgiwzp9.portal.hcp.westus2.azmk8s.io\",\n
        \  \"agentPoolProfiles\": [\n    {\n     \"name\": \"nodepool1\",\n     \"count\":
        1,\n     \"vmSize\": \"Standard_DS2_v2\",\n     \"osDiskSizeGB\": 128,\n     \"osDiskType\":
        \"Managed\",\n     \"kubeletDiskType\": \"OS\",\n     \"maxPods\": 110,\n
        \    \"type\": \"VirtualMachineScaleSets\",\n     \"enableAutoScaling\": false,\n
        \    \"provisioningState\": \"Succeeded\",\n     \"powerState\": {\n      \"code\":
        \"Running\"\n     },\n     \"orchestratorVersion\": \"1.25.6\",\n     \"currentOrchestratorVersion\":
        \"1.25.6\",\n     \"enableNodePublicIP\": false,\n     \"mode\": \"System\",\n
        \    \"enableEncryptionAtHost\": false,\n     \"enableUltraSSD\": false,\n
        \    \"osType\": \"Linux\",\n     \"osSKU\": \"Ubuntu\",\n     \"nodeImageVersion\":
        \"AKSUbuntu-2204gen2containerd-202304.10.0\",\n     \"upgradeSettings\": {},\n
        \    \"enableFIPS\": false\n    }\n   ],\n   \"linuxProfile\": {\n    \"adminUsername\":
        \"azureuser\",\n    \"ssh\": {\n     \"publicKeys\": [\n      {\n       \"keyData\":
        \"ssh-rsa AAAAB3NzaC1yc2EAAAADAQABAAABAQCvBk9v4/Qo7XJWIY7AItmm8ohKhV9Y2z/SA5RKWk4BUCpK4ElHu8ia+QREfb7nmO5LtydRi7glVKNjUWUeaSC1PTmk2Z421whqvLRgF6XquFUcEC+VZG54EiS7j6hc2G3Af76vCZQQIQ7fKB8gngJXVb4QjbKVkoORamBKaSQ5MoAPF9GeSPfDesETM/jcE60BguHKjSTXhfsvgs6/iuUSPQ7duXwFtlpQy8WwA6ymGj4ehF0y8NXP6fjEajHDhPjPDkyuKBFTScflrLRryURmRyyICLt40vd+gaiyYCmREJxZNT/7J1pKmlpLNJejqDgXJ97xeyv4flTL7XRSgWV5
        azcli_aks_live_test@example.com\\n\"\n      }\n     ]\n    }\n   },\n   \"servicePrincipalProfile\":
        {\n    \"clientId\":\"00000000-0000-0000-0000-000000000001\"\n   },\n   \"nodeResourceGroup\":
        \"MC_clitest000001_cliakstest000001_westus2\",\n   \"enableRBAC\": true,\n
        \  \"enableLTS\": \"KubernetesOfficial\",\n   \"networkProfile\": {\n    \"networkPlugin\":
        \"kubenet\",\n    \"loadBalancerSku\": \"Standard\",\n    \"loadBalancerProfile\":
        {\n     \"outboundIPs\": {\n      \"publicIPs\": [\n       {\n        \"id\":
        \"/subscriptions/00000000-0000-0000-0000-000000000000/resourceGroups/clitest000001/providers/Microsoft.Network/publicIPAddresses/cliaksslbip1000002\"\n
        \      },\n       {\n        \"id\": \"/subscriptions/00000000-0000-0000-0000-000000000000/resourceGroups/clitest000001/providers/Microsoft.Network/publicIPAddresses/cliaksslbip2000003\"\n
        \      }\n      ]\n     },\n     \"effectiveOutboundIPs\": [\n      {\n       \"id\":
        \"/subscriptions/00000000-0000-0000-0000-000000000000/resourceGroups/clitest000001/providers/Microsoft.Network/publicIPAddresses/cliaksslbip1000002\"\n
        \     },\n      {\n       \"id\": \"/subscriptions/00000000-0000-0000-0000-000000000000/resourceGroups/clitest000001/providers/Microsoft.Network/publicIPAddresses/cliaksslbip2000003\"\n
        \     }\n     ],\n     \"allocatedOutboundPorts\": 0,\n     \"idleTimeoutInMinutes\":
        30\n    },\n    \"podCidr\": \"10.244.0.0/16\",\n    \"serviceCidr\": \"10.0.0.0/16\",\n
        \   \"dnsServiceIP\": \"10.0.0.10\",\n    \"dockerBridgeCidr\": \"172.17.0.1/16\",\n
        \   \"outboundType\": \"loadBalancer\",\n    \"podCidrs\": [\n     \"10.244.0.0/16\"\n
        \   ],\n    \"serviceCidrs\": [\n     \"10.0.0.0/16\"\n    ],\n    \"ipFamilies\":
        [\n     \"IPv4\"\n    ]\n   },\n   \"maxAgentPools\": 100,\n   \"identityProfile\":
        {\n    \"kubeletidentity\": {\n     \"resourceId\": \"/subscriptions/00000000-0000-0000-0000-000000000000/resourcegroups/MC_clitest000001_cliakstest000001_westus2/providers/Microsoft.ManagedIdentity/userAssignedIdentities/cliakstest000001-agentpool\",\n
        \    \"clientId\":\"00000000-0000-0000-0000-000000000001\",\n     \"objectId\":\"00000000-0000-0000-0000-000000000001\"\n
        \   }\n   },\n   \"disableLocalAccounts\": false,\n   \"securityProfile\":
        {},\n   \"storageProfile\": {\n    \"diskCSIDriver\": {\n     \"enabled\":
        true\n    },\n    \"fileCSIDriver\": {\n     \"enabled\": true\n    },\n    \"snapshotController\":
        {\n     \"enabled\": true\n    }\n   },\n   \"oidcIssuerProfile\": {\n    \"enabled\":
        false\n   },\n   \"workloadAutoScalerProfile\": {}\n  },\n  \"identity\":
        {\n   \"type\": \"SystemAssigned\",\n   \"principalId\":\"00000000-0000-0000-0000-000000000001\",\n
        \  \"tenantId\": \"72f988bf-86f1-41af-91ab-2d7cd011db47\"\n  },\n  \"sku\":
        {\n   \"name\": \"Base\",\n   \"tier\": \"Free\"\n  }\n }"
    headers:
      cache-control:
      - no-cache
      content-length:
      - '4467'
      content-type:
      - application/json
      date:
      - Sat, 29 Apr 2023 09:53:18 GMT
      expires:
      - '-1'
      pragma:
      - no-cache
      server:
      - nginx
      strict-transport-security:
      - max-age=31536000; includeSubDomains
      transfer-encoding:
      - chunked
      vary:
      - Accept-Encoding
      x-content-type-options:
      - nosniff
    status:
      code: 200
      message: OK
- request:
    body: null
    headers:
      Accept:
      - application/json
      Accept-Encoding:
      - gzip, deflate
      CommandName:
      - aks delete
      Connection:
      - keep-alive
      Content-Length:
      - '0'
      ParameterSetName:
      - -g -n --yes --no-wait
      User-Agent:
      - AZURECLI/2.48.1 azsdk-python-azure-mgmt-containerservice/22.1.0 Python/3.8.10
        (Linux-5.15.0-1033-azure-x86_64-with-glibc2.29)
    method: DELETE
    uri: https://management.azure.com/subscriptions/00000000-0000-0000-0000-000000000000/resourceGroups/clitest000001/providers/Microsoft.ContainerService/managedClusters/cliakstest000001?api-version=2023-04-01
  response:
    body:
      string: ''
    headers:
      azure-asyncoperation:
      - https://management.azure.com/subscriptions/00000000-0000-0000-0000-000000000000/providers/Microsoft.ContainerService/locations/westus2/operations/eeaa7f41-a2b3-48d8-9c97-d9a66b0a5fb5?api-version=2016-03-30
      cache-control:
      - no-cache
      content-length:
      - '0'
      date:
      - Sat, 29 Apr 2023 09:53:20 GMT
      expires:
      - '-1'
      location:
      - https://management.azure.com/subscriptions/00000000-0000-0000-0000-000000000000/providers/Microsoft.ContainerService/locations/westus2/operationresults/eeaa7f41-a2b3-48d8-9c97-d9a66b0a5fb5?api-version=2016-03-30
      pragma:
      - no-cache
      server:
      - nginx
      strict-transport-security:
      - max-age=31536000; includeSubDomains
      x-content-type-options:
      - nosniff
      x-ms-ratelimit-remaining-subscription-deletes:
      - '14995'
    status:
      code: 202
      message: Accepted
version: 1
