interactions:
- request:
    body: null
    headers:
      Accept:
      - application/json
      Accept-Encoding:
      - gzip, deflate
      CommandName:
      - aks get-versions
      Connection:
      - keep-alive
      ParameterSetName:
      - -l --query
      User-Agent:
      - AZURECLI/2.48.1 azsdk-python-azure-mgmt-containerservice/22.1.0 Python/3.8.10
        (Linux-5.15.0-1033-azure-x86_64-with-glibc2.29)
    method: GET
    uri: https://management.azure.com/subscriptions/00000000-0000-0000-0000-000000000000/providers/Microsoft.ContainerService/locations/westus2/kubernetesVersions?api-version=2023-03-01
  response:
    body:
      string: "{\n  \"values\": [\n   {\n    \"version\": \"1.25\",\n    \"capabilities\":
        {\n     \"supportPlan\": [\n      \"KubernetesOfficial\"\n     ]\n    },\n
        \   \"patchVersions\": {\n     \"1.25.5\": {\n      \"upgrades\": [\n       \"1.25.6\",\n
        \      \"1.26.0\",\n       \"1.26.3\"\n      ]\n     },\n     \"1.25.6\":
        {\n      \"upgrades\": [\n       \"1.26.0\",\n       \"1.26.3\"\n      ]\n
        \    }\n    }\n   },\n   {\n    \"version\": \"1.26\",\n    \"capabilities\":
        {\n     \"supportPlan\": [\n      \"KubernetesOfficial\"\n     ]\n    },\n
        \   \"patchVersions\": {\n     \"1.26.0\": {\n      \"upgrades\": [\n       \"1.26.3\"\n
        \     ]\n     },\n     \"1.26.3\": {\n      \"upgrades\": []\n     }\n    }\n
        \  },\n   {\n    \"version\": \"1.24\",\n    \"capabilities\": {\n     \"supportPlan\":
        [\n      \"KubernetesOfficial\"\n     ]\n    },\n    \"patchVersions\": {\n
        \    \"1.24.10\": {\n      \"upgrades\": [\n       \"1.25.5\",\n       \"1.25.6\"\n
        \     ]\n     },\n     \"1.24.9\": {\n      \"upgrades\": [\n       \"1.25.5\",\n
        \      \"1.25.6\",\n       \"1.24.10\"\n      ]\n     }\n    }\n   }\n  ]\n
        }"
    headers:
      cache-control:
      - no-cache
      content-length:
      - '957'
      content-type:
      - application/json
      date:
      - Sat, 29 Apr 2023 08:56:10 GMT
      expires:
      - '-1'
      pragma:
      - no-cache
      server:
      - nginx
      strict-transport-security:
      - max-age=31536000; includeSubDomains
      transfer-encoding:
      - chunked
      vary:
      - Accept-Encoding
      x-content-type-options:
      - nosniff
    status:
      code: 200
      message: OK
- request:
    body: null
    headers:
      Accept:
      - application/json
      Accept-Encoding:
      - gzip, deflate
      CommandName:
      - aks create
      Connection:
      - keep-alive
      ParameterSetName:
      - --resource-group --name --location --pod-cidr --service-cidr --dns-service-ip
        --pod-cidrs --service-cidrs --ip-families --load-balancer-managed-outbound-ipv6-count
        --network-plugin --ssh-key-value --kubernetes-version --aks-custom-headers
      User-Agent:
      - AZURECLI/2.48.1 azsdk-python-azure-mgmt-containerservice/22.1.0 Python/3.8.10
        (Linux-5.15.0-1033-azure-x86_64-with-glibc2.29)
    method: GET
    uri: https://management.azure.com/subscriptions/00000000-0000-0000-0000-000000000000/resourceGroups/clitest000001/providers/Microsoft.ContainerService/managedClusters/cliakstest000002?api-version=2023-04-01
  response:
    body:
      string: '{"error":{"code":"ResourceNotFound","message":"The Resource ''Microsoft.ContainerService/managedClusters/cliakstest000002''
        under resource group ''clitest000001'' was not found. For more details please
        go to https://aka.ms/ARMResourceNotFoundFix"}}'
    headers:
      cache-control:
      - no-cache
      content-length:
      - '244'
      content-type:
      - application/json; charset=utf-8
      date:
      - Sat, 29 Apr 2023 08:56:10 GMT
      expires:
      - '-1'
      pragma:
      - no-cache
      strict-transport-security:
      - max-age=31536000; includeSubDomains
      x-content-type-options:
      - nosniff
      x-ms-failure-cause:
      - gateway
    status:
      code: 404
      message: Not Found
- request:
    body: '{"location": "westus2", "identity": {"type": "SystemAssigned"}, "properties":
      {"kubernetesVersion": "1.26.3", "dnsPrefix": "cliakstest-clitesttqamxtkuf-79a739",
      "agentPoolProfiles": [{"count": 3, "vmSize": "Standard_DS2_v2", "osDiskSizeGB":
      0, "osType": "Linux", "enableAutoScaling": false, "type": "VirtualMachineScaleSets",
      "mode": "System", "orchestratorVersion": "1.26.3", "upgradeSettings": {}, "enableNodePublicIP":
      false, "scaleSetPriority": "Regular", "scaleSetEvictionPolicy": "Delete", "spotMaxPrice":
      -1.0, "nodeTaints": [], "enableEncryptionAtHost": false, "enableUltraSSD": false,
      "enableFIPS": false, "name": "nodepool1"}], "linuxProfile": {"adminUsername":
      "azureuser", "ssh": {"publicKeys": [{"keyData": "ssh-rsa AAAAB3NzaC1yc2EAAAADAQABAAABAQCvBk9v4/Qo7XJWIY7AItmm8ohKhV9Y2z/SA5RKWk4BUCpK4ElHu8ia+QREfb7nmO5LtydRi7glVKNjUWUeaSC1PTmk2Z421whqvLRgF6XquFUcEC+VZG54EiS7j6hc2G3Af76vCZQQIQ7fKB8gngJXVb4QjbKVkoORamBKaSQ5MoAPF9GeSPfDesETM/jcE60BguHKjSTXhfsvgs6/iuUSPQ7duXwFtlpQy8WwA6ymGj4ehF0y8NXP6fjEajHDhPjPDkyuKBFTScflrLRryURmRyyICLt40vd+gaiyYCmREJxZNT/7J1pKmlpLNJejqDgXJ97xeyv4flTL7XRSgWV5
      azcli_aks_live_test@example.com\n"}]}}, "addonProfiles": {}, "enableRBAC": true,
      "networkProfile": {"networkPlugin": "kubenet", "podCidr": "172.126.0.0/16",
      "serviceCidr": "172.56.0.0/16", "dnsServiceIP": "172.56.0.10", "outboundType":
      "loadBalancer", "loadBalancerSku": "standard", "loadBalancerProfile": {"managedOutboundIPs":
      {"count": 1, "countIPv6": 2}, "allocatedOutboundPorts": 0, "idleTimeoutInMinutes":
      30}, "podCidrs": ["172.126.0.0/16", "2001:abcd:1234::/64"], "serviceCidrs":
      ["172.56.0.0/16", "2001:ffff::/108"], "ipFamilies": ["IPv4", "IPv6"]}, "disableLocalAccounts":
      false, "storageProfile": {}}}'
    headers:
      AKSHTTPCustomFeatures:
      - Microsoft.ContainerService/AKS-EnableDualStack
      Accept:
      - application/json
      Accept-Encoding:
      - gzip, deflate
      CommandName:
      - aks create
      Connection:
      - keep-alive
      Content-Length:
      - '1714'
      Content-Type:
      - application/json
      ParameterSetName:
      - --resource-group --name --location --pod-cidr --service-cidr --dns-service-ip
        --pod-cidrs --service-cidrs --ip-families --load-balancer-managed-outbound-ipv6-count
        --network-plugin --ssh-key-value --kubernetes-version --aks-custom-headers
      User-Agent:
      - AZURECLI/2.48.1 azsdk-python-azure-mgmt-containerservice/22.1.0 Python/3.8.10
        (Linux-5.15.0-1033-azure-x86_64-with-glibc2.29)
    method: PUT
    uri: https://management.azure.com/subscriptions/00000000-0000-0000-0000-000000000000/resourceGroups/clitest000001/providers/Microsoft.ContainerService/managedClusters/cliakstest000002?api-version=2023-04-01
  response:
    body:
      string: "{\n  \"id\": \"/subscriptions/00000000-0000-0000-0000-000000000000/resourcegroups/clitest000001/providers/Microsoft.ContainerService/managedClusters/cliakstest000002\",\n
        \ \"location\": \"westus2\",\n  \"name\": \"cliakstest000002\",\n  \"type\":
        \"Microsoft.ContainerService/ManagedClusters\",\n  \"properties\": {\n   \"provisioningState\":
        \"Creating\",\n   \"powerState\": {\n    \"code\": \"Running\"\n   },\n   \"kubernetesVersion\":
        \"1.26.3\",\n   \"currentKubernetesVersion\": \"1.26.3\",\n   \"dnsPrefix\":
        \"cliakstest-clitesttqamxtkuf-79a739\",\n   \"fqdn\": \"cliakstest-clitesttqamxtkuf-79a739-vvz2cygr.hcp.westus2.azmk8s.io\",\n
        \  \"azurePortalFQDN\": \"cliakstest-clitesttqamxtkuf-79a739-vvz2cygr.portal.hcp.westus2.azmk8s.io\",\n
        \  \"agentPoolProfiles\": [\n    {\n     \"name\": \"nodepool1\",\n     \"count\":
        3,\n     \"vmSize\": \"Standard_DS2_v2\",\n     \"osDiskSizeGB\": 128,\n     \"osDiskType\":
        \"Managed\",\n     \"kubeletDiskType\": \"OS\",\n     \"maxPods\": 110,\n
        \    \"type\": \"VirtualMachineScaleSets\",\n     \"enableAutoScaling\": false,\n
        \    \"provisioningState\": \"Creating\",\n     \"powerState\": {\n      \"code\":
        \"Running\"\n     },\n     \"orchestratorVersion\": \"1.26.3\",\n     \"currentOrchestratorVersion\":
        \"1.26.3\",\n     \"enableNodePublicIP\": false,\n     \"mode\": \"System\",\n
        \    \"enableEncryptionAtHost\": false,\n     \"enableUltraSSD\": false,\n
        \    \"osType\": \"Linux\",\n     \"osSKU\": \"Ubuntu\",\n     \"nodeImageVersion\":
        \"AKSUbuntu-2204gen2containerd-202304.10.0\",\n     \"upgradeSettings\": {},\n
        \    \"enableFIPS\": false\n    }\n   ],\n   \"linuxProfile\": {\n    \"adminUsername\":
        \"azureuser\",\n    \"ssh\": {\n     \"publicKeys\": [\n      {\n       \"keyData\":
        \"ssh-rsa AAAAB3NzaC1yc2EAAAADAQABAAABAQCvBk9v4/Qo7XJWIY7AItmm8ohKhV9Y2z/SA5RKWk4BUCpK4ElHu8ia+QREfb7nmO5LtydRi7glVKNjUWUeaSC1PTmk2Z421whqvLRgF6XquFUcEC+VZG54EiS7j6hc2G3Af76vCZQQIQ7fKB8gngJXVb4QjbKVkoORamBKaSQ5MoAPF9GeSPfDesETM/jcE60BguHKjSTXhfsvgs6/iuUSPQ7duXwFtlpQy8WwA6ymGj4ehF0y8NXP6fjEajHDhPjPDkyuKBFTScflrLRryURmRyyICLt40vd+gaiyYCmREJxZNT/7J1pKmlpLNJejqDgXJ97xeyv4flTL7XRSgWV5
        azcli_aks_live_test@example.com\\n\"\n      }\n     ]\n    }\n   },\n   \"servicePrincipalProfile\":
        {\n    \"clientId\":\"00000000-0000-0000-0000-000000000001\"\n   },\n   \"nodeResourceGroup\":
        \"MC_clitest000001_cliakstest000002_westus2\",\n   \"enableRBAC\": true,\n
        \  \"enableLTS\": \"KubernetesOfficial\",\n   \"networkProfile\": {\n    \"networkPlugin\":
        \"kubenet\",\n    \"loadBalancerSku\": \"standard\",\n    \"loadBalancerProfile\":
        {\n     \"managedOutboundIPs\": {\n      \"count\": 1,\n      \"countIPv6\":
        2\n     },\n     \"allocatedOutboundPorts\": 0,\n     \"idleTimeoutInMinutes\":
        30\n    },\n    \"podCidr\": \"172.126.0.0/16\",\n    \"serviceCidr\": \"172.56.0.0/16\",\n
        \   \"dnsServiceIP\": \"172.56.0.10\",\n    \"dockerBridgeCidr\": \"172.17.0.1/16\",\n
        \   \"outboundType\": \"loadBalancer\",\n    \"podCidrs\": [\n     \"172.126.0.0/16\",\n
        \    \"2001:abcd:1234::/64\"\n    ],\n    \"serviceCidrs\": [\n     \"172.56.0.0/16\",\n
        \    \"2001:ffff::/108\"\n    ],\n    \"ipFamilies\": [\n     \"IPv4\",\n
        \    \"IPv6\"\n    ]\n   },\n   \"maxAgentPools\": 100,\n   \"disableLocalAccounts\":
        false,\n   \"securityProfile\": {},\n   \"storageProfile\": {\n    \"diskCSIDriver\":
        {\n     \"enabled\": true\n    },\n    \"fileCSIDriver\": {\n     \"enabled\":
        true\n    },\n    \"snapshotController\": {\n     \"enabled\": true\n    }\n
        \  },\n   \"oidcIssuerProfile\": {\n    \"enabled\": false\n   },\n   \"workloadAutoScalerProfile\":
        {}\n  },\n  \"identity\": {\n   \"type\": \"SystemAssigned\",\n   \"principalId\":\"00000000-0000-0000-0000-000000000001\",\n
        \  \"tenantId\": \"72f988bf-86f1-41af-91ab-2d7cd011db47\"\n  },\n  \"sku\":
        {\n   \"name\": \"Base\",\n   \"tier\": \"Free\"\n  }\n }"
    headers:
      azure-asyncoperation:
      - https://management.azure.com/subscriptions/00000000-0000-0000-0000-000000000000/providers/Microsoft.ContainerService/locations/westus2/operations/fa3b0039-3afe-4479-bdbd-f30c7431c98d?api-version=2016-03-30
      cache-control:
      - no-cache
      content-length:
      - '3468'
      content-type:
      - application/json
      date:
      - Sat, 29 Apr 2023 08:56:15 GMT
      expires:
      - '-1'
      pragma:
      - no-cache
      server:
      - nginx
      strict-transport-security:
      - max-age=31536000; includeSubDomains
      x-content-type-options:
      - nosniff
      x-ms-ratelimit-remaining-subscription-writes:
      - '1199'
    status:
      code: 201
      message: Created
- request:
    body: null
    headers:
      Accept:
      - '*/*'
      Accept-Encoding:
      - gzip, deflate
      CommandName:
      - aks create
      Connection:
      - keep-alive
      ParameterSetName:
      - --resource-group --name --location --pod-cidr --service-cidr --dns-service-ip
        --pod-cidrs --service-cidrs --ip-families --load-balancer-managed-outbound-ipv6-count
        --network-plugin --ssh-key-value --kubernetes-version --aks-custom-headers
      User-Agent:
      - AZURECLI/2.48.1 azsdk-python-azure-mgmt-containerservice/22.1.0 Python/3.8.10
        (Linux-5.15.0-1033-azure-x86_64-with-glibc2.29)
    method: GET
    uri: https://management.azure.com/subscriptions/00000000-0000-0000-0000-000000000000/providers/Microsoft.ContainerService/locations/westus2/operations/fa3b0039-3afe-4479-bdbd-f30c7431c98d?api-version=2016-03-30
  response:
    body:
      string: "{\n  \"name\": \"39003bfa-fe3a-7944-bdbd-f30c7431c98d\",\n  \"status\":
        \"InProgress\",\n  \"startTime\": \"2023-04-29T08:56:15.6078503Z\"\n }"
    headers:
      cache-control:
      - no-cache
      content-length:
      - '126'
      content-type:
      - application/json
      date:
      - Sat, 29 Apr 2023 08:56:15 GMT
      expires:
      - '-1'
      pragma:
      - no-cache
      server:
      - nginx
      strict-transport-security:
      - max-age=31536000; includeSubDomains
      transfer-encoding:
      - chunked
      vary:
      - Accept-Encoding
      x-content-type-options:
      - nosniff
    status:
      code: 200
      message: OK
- request:
    body: null
    headers:
      Accept:
      - '*/*'
      Accept-Encoding:
      - gzip, deflate
      CommandName:
      - aks create
      Connection:
      - keep-alive
      ParameterSetName:
      - --resource-group --name --location --pod-cidr --service-cidr --dns-service-ip
        --pod-cidrs --service-cidrs --ip-families --load-balancer-managed-outbound-ipv6-count
        --network-plugin --ssh-key-value --kubernetes-version --aks-custom-headers
      User-Agent:
      - AZURECLI/2.48.1 azsdk-python-azure-mgmt-containerservice/22.1.0 Python/3.8.10
        (Linux-5.15.0-1033-azure-x86_64-with-glibc2.29)
    method: GET
    uri: https://management.azure.com/subscriptions/00000000-0000-0000-0000-000000000000/providers/Microsoft.ContainerService/locations/westus2/operations/fa3b0039-3afe-4479-bdbd-f30c7431c98d?api-version=2016-03-30
  response:
    body:
      string: "{\n  \"name\": \"39003bfa-fe3a-7944-bdbd-f30c7431c98d\",\n  \"status\":
        \"InProgress\",\n  \"startTime\": \"2023-04-29T08:56:15.6078503Z\"\n }"
    headers:
      cache-control:
      - no-cache
      content-length:
      - '126'
      content-type:
      - application/json
      date:
      - Sat, 29 Apr 2023 08:56:45 GMT
      expires:
      - '-1'
      pragma:
      - no-cache
      server:
      - nginx
      strict-transport-security:
      - max-age=31536000; includeSubDomains
      transfer-encoding:
      - chunked
      vary:
      - Accept-Encoding
      x-content-type-options:
      - nosniff
    status:
      code: 200
      message: OK
- request:
    body: null
    headers:
      Accept:
      - '*/*'
      Accept-Encoding:
      - gzip, deflate
      CommandName:
      - aks create
      Connection:
      - keep-alive
      ParameterSetName:
      - --resource-group --name --location --pod-cidr --service-cidr --dns-service-ip
        --pod-cidrs --service-cidrs --ip-families --load-balancer-managed-outbound-ipv6-count
        --network-plugin --ssh-key-value --kubernetes-version --aks-custom-headers
      User-Agent:
      - AZURECLI/2.48.1 azsdk-python-azure-mgmt-containerservice/22.1.0 Python/3.8.10
        (Linux-5.15.0-1033-azure-x86_64-with-glibc2.29)
    method: GET
    uri: https://management.azure.com/subscriptions/00000000-0000-0000-0000-000000000000/providers/Microsoft.ContainerService/locations/westus2/operations/fa3b0039-3afe-4479-bdbd-f30c7431c98d?api-version=2016-03-30
  response:
    body:
      string: "{\n  \"name\": \"39003bfa-fe3a-7944-bdbd-f30c7431c98d\",\n  \"status\":
        \"InProgress\",\n  \"startTime\": \"2023-04-29T08:56:15.6078503Z\"\n }"
    headers:
      cache-control:
      - no-cache
      content-length:
      - '126'
      content-type:
      - application/json
      date:
      - Sat, 29 Apr 2023 08:57:15 GMT
      expires:
      - '-1'
      pragma:
      - no-cache
      server:
      - nginx
      strict-transport-security:
      - max-age=31536000; includeSubDomains
      transfer-encoding:
      - chunked
      vary:
      - Accept-Encoding
      x-content-type-options:
      - nosniff
    status:
      code: 200
      message: OK
- request:
    body: null
    headers:
      Accept:
      - '*/*'
      Accept-Encoding:
      - gzip, deflate
      CommandName:
      - aks create
      Connection:
      - keep-alive
      ParameterSetName:
      - --resource-group --name --location --pod-cidr --service-cidr --dns-service-ip
        --pod-cidrs --service-cidrs --ip-families --load-balancer-managed-outbound-ipv6-count
        --network-plugin --ssh-key-value --kubernetes-version --aks-custom-headers
      User-Agent:
      - AZURECLI/2.48.1 azsdk-python-azure-mgmt-containerservice/22.1.0 Python/3.8.10
        (Linux-5.15.0-1033-azure-x86_64-with-glibc2.29)
    method: GET
    uri: https://management.azure.com/subscriptions/00000000-0000-0000-0000-000000000000/providers/Microsoft.ContainerService/locations/westus2/operations/fa3b0039-3afe-4479-bdbd-f30c7431c98d?api-version=2016-03-30
  response:
    body:
      string: "{\n  \"name\": \"39003bfa-fe3a-7944-bdbd-f30c7431c98d\",\n  \"status\":
        \"InProgress\",\n  \"startTime\": \"2023-04-29T08:56:15.6078503Z\"\n }"
    headers:
      cache-control:
      - no-cache
      content-length:
      - '126'
      content-type:
      - application/json
      date:
      - Sat, 29 Apr 2023 08:57:45 GMT
      expires:
      - '-1'
      pragma:
      - no-cache
      server:
      - nginx
      strict-transport-security:
      - max-age=31536000; includeSubDomains
      transfer-encoding:
      - chunked
      vary:
      - Accept-Encoding
      x-content-type-options:
      - nosniff
    status:
      code: 200
      message: OK
- request:
    body: null
    headers:
      Accept:
      - '*/*'
      Accept-Encoding:
      - gzip, deflate
      CommandName:
      - aks create
      Connection:
      - keep-alive
      ParameterSetName:
      - --resource-group --name --location --pod-cidr --service-cidr --dns-service-ip
        --pod-cidrs --service-cidrs --ip-families --load-balancer-managed-outbound-ipv6-count
        --network-plugin --ssh-key-value --kubernetes-version --aks-custom-headers
      User-Agent:
      - AZURECLI/2.48.1 azsdk-python-azure-mgmt-containerservice/22.1.0 Python/3.8.10
        (Linux-5.15.0-1033-azure-x86_64-with-glibc2.29)
    method: GET
    uri: https://management.azure.com/subscriptions/00000000-0000-0000-0000-000000000000/providers/Microsoft.ContainerService/locations/westus2/operations/fa3b0039-3afe-4479-bdbd-f30c7431c98d?api-version=2016-03-30
  response:
    body:
      string: "{\n  \"name\": \"39003bfa-fe3a-7944-bdbd-f30c7431c98d\",\n  \"status\":
        \"InProgress\",\n  \"startTime\": \"2023-04-29T08:56:15.6078503Z\"\n }"
    headers:
      cache-control:
      - no-cache
      content-length:
      - '126'
      content-type:
      - application/json
      date:
      - Sat, 29 Apr 2023 08:58:15 GMT
      expires:
      - '-1'
      pragma:
      - no-cache
      server:
      - nginx
      strict-transport-security:
      - max-age=31536000; includeSubDomains
      transfer-encoding:
      - chunked
      vary:
      - Accept-Encoding
      x-content-type-options:
      - nosniff
    status:
      code: 200
      message: OK
- request:
    body: null
    headers:
      Accept:
      - '*/*'
      Accept-Encoding:
      - gzip, deflate
      CommandName:
      - aks create
      Connection:
      - keep-alive
      ParameterSetName:
      - --resource-group --name --location --pod-cidr --service-cidr --dns-service-ip
        --pod-cidrs --service-cidrs --ip-families --load-balancer-managed-outbound-ipv6-count
        --network-plugin --ssh-key-value --kubernetes-version --aks-custom-headers
      User-Agent:
      - AZURECLI/2.48.1 azsdk-python-azure-mgmt-containerservice/22.1.0 Python/3.8.10
        (Linux-5.15.0-1033-azure-x86_64-with-glibc2.29)
    method: GET
    uri: https://management.azure.com/subscriptions/00000000-0000-0000-0000-000000000000/providers/Microsoft.ContainerService/locations/westus2/operations/fa3b0039-3afe-4479-bdbd-f30c7431c98d?api-version=2016-03-30
  response:
    body:
      string: "{\n  \"name\": \"39003bfa-fe3a-7944-bdbd-f30c7431c98d\",\n  \"status\":
        \"InProgress\",\n  \"startTime\": \"2023-04-29T08:56:15.6078503Z\"\n }"
    headers:
      cache-control:
      - no-cache
      content-length:
      - '126'
      content-type:
      - application/json
      date:
      - Sat, 29 Apr 2023 08:58:46 GMT
      expires:
      - '-1'
      pragma:
      - no-cache
      server:
      - nginx
      strict-transport-security:
      - max-age=31536000; includeSubDomains
      transfer-encoding:
      - chunked
      vary:
      - Accept-Encoding
      x-content-type-options:
      - nosniff
    status:
      code: 200
      message: OK
- request:
    body: null
    headers:
      Accept:
      - '*/*'
      Accept-Encoding:
      - gzip, deflate
      CommandName:
      - aks create
      Connection:
      - keep-alive
      ParameterSetName:
      - --resource-group --name --location --pod-cidr --service-cidr --dns-service-ip
        --pod-cidrs --service-cidrs --ip-families --load-balancer-managed-outbound-ipv6-count
        --network-plugin --ssh-key-value --kubernetes-version --aks-custom-headers
      User-Agent:
      - AZURECLI/2.48.1 azsdk-python-azure-mgmt-containerservice/22.1.0 Python/3.8.10
        (Linux-5.15.0-1033-azure-x86_64-with-glibc2.29)
    method: GET
    uri: https://management.azure.com/subscriptions/00000000-0000-0000-0000-000000000000/providers/Microsoft.ContainerService/locations/westus2/operations/fa3b0039-3afe-4479-bdbd-f30c7431c98d?api-version=2016-03-30
  response:
    body:
      string: "{\n  \"name\": \"39003bfa-fe3a-7944-bdbd-f30c7431c98d\",\n  \"status\":
        \"InProgress\",\n  \"startTime\": \"2023-04-29T08:56:15.6078503Z\"\n }"
    headers:
      cache-control:
      - no-cache
      content-length:
      - '126'
      content-type:
      - application/json
      date:
      - Sat, 29 Apr 2023 08:59:16 GMT
      expires:
      - '-1'
      pragma:
      - no-cache
      server:
      - nginx
      strict-transport-security:
      - max-age=31536000; includeSubDomains
      transfer-encoding:
      - chunked
      vary:
      - Accept-Encoding
      x-content-type-options:
      - nosniff
    status:
      code: 200
      message: OK
- request:
    body: null
    headers:
      Accept:
      - '*/*'
      Accept-Encoding:
      - gzip, deflate
      CommandName:
      - aks create
      Connection:
      - keep-alive
      ParameterSetName:
      - --resource-group --name --location --pod-cidr --service-cidr --dns-service-ip
        --pod-cidrs --service-cidrs --ip-families --load-balancer-managed-outbound-ipv6-count
        --network-plugin --ssh-key-value --kubernetes-version --aks-custom-headers
      User-Agent:
      - AZURECLI/2.48.1 azsdk-python-azure-mgmt-containerservice/22.1.0 Python/3.8.10
        (Linux-5.15.0-1033-azure-x86_64-with-glibc2.29)
    method: GET
    uri: https://management.azure.com/subscriptions/00000000-0000-0000-0000-000000000000/providers/Microsoft.ContainerService/locations/westus2/operations/fa3b0039-3afe-4479-bdbd-f30c7431c98d?api-version=2016-03-30
  response:
    body:
      string: "{\n  \"name\": \"39003bfa-fe3a-7944-bdbd-f30c7431c98d\",\n  \"status\":
        \"InProgress\",\n  \"startTime\": \"2023-04-29T08:56:15.6078503Z\"\n }"
    headers:
      cache-control:
      - no-cache
      content-length:
      - '126'
      content-type:
      - application/json
      date:
      - Sat, 29 Apr 2023 08:59:46 GMT
      expires:
      - '-1'
      pragma:
      - no-cache
      server:
      - nginx
      strict-transport-security:
      - max-age=31536000; includeSubDomains
      transfer-encoding:
      - chunked
      vary:
      - Accept-Encoding
      x-content-type-options:
      - nosniff
    status:
      code: 200
      message: OK
- request:
    body: null
    headers:
      Accept:
      - '*/*'
      Accept-Encoding:
      - gzip, deflate
      CommandName:
      - aks create
      Connection:
      - keep-alive
      ParameterSetName:
      - --resource-group --name --location --pod-cidr --service-cidr --dns-service-ip
        --pod-cidrs --service-cidrs --ip-families --load-balancer-managed-outbound-ipv6-count
        --network-plugin --ssh-key-value --kubernetes-version --aks-custom-headers
      User-Agent:
      - AZURECLI/2.48.1 azsdk-python-azure-mgmt-containerservice/22.1.0 Python/3.8.10
        (Linux-5.15.0-1033-azure-x86_64-with-glibc2.29)
    method: GET
    uri: https://management.azure.com/subscriptions/00000000-0000-0000-0000-000000000000/providers/Microsoft.ContainerService/locations/westus2/operations/fa3b0039-3afe-4479-bdbd-f30c7431c98d?api-version=2016-03-30
  response:
    body:
      string: "{\n  \"name\": \"39003bfa-fe3a-7944-bdbd-f30c7431c98d\",\n  \"status\":
        \"InProgress\",\n  \"startTime\": \"2023-04-29T08:56:15.6078503Z\"\n }"
    headers:
      cache-control:
      - no-cache
      content-length:
      - '126'
      content-type:
      - application/json
      date:
      - Sat, 29 Apr 2023 09:00:16 GMT
      expires:
      - '-1'
      pragma:
      - no-cache
      server:
      - nginx
      strict-transport-security:
      - max-age=31536000; includeSubDomains
      transfer-encoding:
      - chunked
      vary:
      - Accept-Encoding
      x-content-type-options:
      - nosniff
    status:
      code: 200
      message: OK
- request:
    body: null
    headers:
      Accept:
      - '*/*'
      Accept-Encoding:
      - gzip, deflate
      CommandName:
      - aks create
      Connection:
      - keep-alive
      ParameterSetName:
      - --resource-group --name --location --pod-cidr --service-cidr --dns-service-ip
        --pod-cidrs --service-cidrs --ip-families --load-balancer-managed-outbound-ipv6-count
        --network-plugin --ssh-key-value --kubernetes-version --aks-custom-headers
      User-Agent:
      - AZURECLI/2.48.1 azsdk-python-azure-mgmt-containerservice/22.1.0 Python/3.8.10
        (Linux-5.15.0-1033-azure-x86_64-with-glibc2.29)
    method: GET
    uri: https://management.azure.com/subscriptions/00000000-0000-0000-0000-000000000000/providers/Microsoft.ContainerService/locations/westus2/operations/fa3b0039-3afe-4479-bdbd-f30c7431c98d?api-version=2016-03-30
  response:
    body:
      string: "{\n  \"name\": \"39003bfa-fe3a-7944-bdbd-f30c7431c98d\",\n  \"status\":
        \"InProgress\",\n  \"startTime\": \"2023-04-29T08:56:15.6078503Z\"\n }"
    headers:
      cache-control:
      - no-cache
      content-length:
      - '126'
      content-type:
      - application/json
      date:
      - Sat, 29 Apr 2023 09:00:46 GMT
      expires:
      - '-1'
      pragma:
      - no-cache
      server:
      - nginx
      strict-transport-security:
      - max-age=31536000; includeSubDomains
      transfer-encoding:
      - chunked
      vary:
      - Accept-Encoding
      x-content-type-options:
      - nosniff
    status:
      code: 200
      message: OK
- request:
    body: null
    headers:
      Accept:
      - '*/*'
      Accept-Encoding:
      - gzip, deflate
      CommandName:
      - aks create
      Connection:
      - keep-alive
      ParameterSetName:
      - --resource-group --name --location --pod-cidr --service-cidr --dns-service-ip
        --pod-cidrs --service-cidrs --ip-families --load-balancer-managed-outbound-ipv6-count
        --network-plugin --ssh-key-value --kubernetes-version --aks-custom-headers
      User-Agent:
      - AZURECLI/2.48.1 azsdk-python-azure-mgmt-containerservice/22.1.0 Python/3.8.10
        (Linux-5.15.0-1033-azure-x86_64-with-glibc2.29)
    method: GET
    uri: https://management.azure.com/subscriptions/00000000-0000-0000-0000-000000000000/providers/Microsoft.ContainerService/locations/westus2/operations/fa3b0039-3afe-4479-bdbd-f30c7431c98d?api-version=2016-03-30
  response:
    body:
      string: "{\n  \"name\": \"39003bfa-fe3a-7944-bdbd-f30c7431c98d\",\n  \"status\":
        \"Succeeded\",\n  \"startTime\": \"2023-04-29T08:56:15.6078503Z\",\n  \"endTime\":
        \"2023-04-29T09:01:15.012881Z\"\n }"
    headers:
      cache-control:
      - no-cache
      content-length:
      - '169'
      content-type:
      - application/json
      date:
      - Sat, 29 Apr 2023 09:01:16 GMT
      expires:
      - '-1'
      pragma:
      - no-cache
      server:
      - nginx
      strict-transport-security:
      - max-age=31536000; includeSubDomains
      transfer-encoding:
      - chunked
      vary:
      - Accept-Encoding
      x-content-type-options:
      - nosniff
    status:
      code: 200
      message: OK
- request:
    body: null
    headers:
      Accept:
      - '*/*'
      Accept-Encoding:
      - gzip, deflate
      CommandName:
      - aks create
      Connection:
      - keep-alive
      ParameterSetName:
      - --resource-group --name --location --pod-cidr --service-cidr --dns-service-ip
        --pod-cidrs --service-cidrs --ip-families --load-balancer-managed-outbound-ipv6-count
        --network-plugin --ssh-key-value --kubernetes-version --aks-custom-headers
      User-Agent:
      - AZURECLI/2.48.1 azsdk-python-azure-mgmt-containerservice/22.1.0 Python/3.8.10
        (Linux-5.15.0-1033-azure-x86_64-with-glibc2.29)
    method: GET
    uri: https://management.azure.com/subscriptions/00000000-0000-0000-0000-000000000000/resourceGroups/clitest000001/providers/Microsoft.ContainerService/managedClusters/cliakstest000002?api-version=2023-04-01
  response:
    body:
      string: "{\n  \"id\": \"/subscriptions/00000000-0000-0000-0000-000000000000/resourcegroups/clitest000001/providers/Microsoft.ContainerService/managedClusters/cliakstest000002\",\n
        \ \"location\": \"westus2\",\n  \"name\": \"cliakstest000002\",\n  \"type\":
        \"Microsoft.ContainerService/ManagedClusters\",\n  \"properties\": {\n   \"provisioningState\":
        \"Succeeded\",\n   \"powerState\": {\n    \"code\": \"Running\"\n   },\n   \"kubernetesVersion\":
        \"1.26.3\",\n   \"currentKubernetesVersion\": \"1.26.3\",\n   \"dnsPrefix\":
        \"cliakstest-clitesttqamxtkuf-79a739\",\n   \"fqdn\": \"cliakstest-clitesttqamxtkuf-79a739-vvz2cygr.hcp.westus2.azmk8s.io\",\n
        \  \"azurePortalFQDN\": \"cliakstest-clitesttqamxtkuf-79a739-vvz2cygr.portal.hcp.westus2.azmk8s.io\",\n
        \  \"agentPoolProfiles\": [\n    {\n     \"name\": \"nodepool1\",\n     \"count\":
        3,\n     \"vmSize\": \"Standard_DS2_v2\",\n     \"osDiskSizeGB\": 128,\n     \"osDiskType\":
        \"Managed\",\n     \"kubeletDiskType\": \"OS\",\n     \"maxPods\": 110,\n
        \    \"type\": \"VirtualMachineScaleSets\",\n     \"enableAutoScaling\": false,\n
        \    \"provisioningState\": \"Succeeded\",\n     \"powerState\": {\n      \"code\":
        \"Running\"\n     },\n     \"orchestratorVersion\": \"1.26.3\",\n     \"currentOrchestratorVersion\":
        \"1.26.3\",\n     \"enableNodePublicIP\": false,\n     \"mode\": \"System\",\n
        \    \"enableEncryptionAtHost\": false,\n     \"enableUltraSSD\": false,\n
        \    \"osType\": \"Linux\",\n     \"osSKU\": \"Ubuntu\",\n     \"nodeImageVersion\":
        \"AKSUbuntu-2204gen2containerd-202304.10.0\",\n     \"upgradeSettings\": {},\n
        \    \"enableFIPS\": false\n    }\n   ],\n   \"linuxProfile\": {\n    \"adminUsername\":
        \"azureuser\",\n    \"ssh\": {\n     \"publicKeys\": [\n      {\n       \"keyData\":
        \"ssh-rsa AAAAB3NzaC1yc2EAAAADAQABAAABAQCvBk9v4/Qo7XJWIY7AItmm8ohKhV9Y2z/SA5RKWk4BUCpK4ElHu8ia+QREfb7nmO5LtydRi7glVKNjUWUeaSC1PTmk2Z421whqvLRgF6XquFUcEC+VZG54EiS7j6hc2G3Af76vCZQQIQ7fKB8gngJXVb4QjbKVkoORamBKaSQ5MoAPF9GeSPfDesETM/jcE60BguHKjSTXhfsvgs6/iuUSPQ7duXwFtlpQy8WwA6ymGj4ehF0y8NXP6fjEajHDhPjPDkyuKBFTScflrLRryURmRyyICLt40vd+gaiyYCmREJxZNT/7J1pKmlpLNJejqDgXJ97xeyv4flTL7XRSgWV5
        azcli_aks_live_test@example.com\\n\"\n      }\n     ]\n    }\n   },\n   \"servicePrincipalProfile\":
        {\n    \"clientId\":\"00000000-0000-0000-0000-000000000001\"\n   },\n   \"nodeResourceGroup\":
        \"MC_clitest000001_cliakstest000002_westus2\",\n   \"enableRBAC\": true,\n
        \  \"enableLTS\": \"KubernetesOfficial\",\n   \"networkProfile\": {\n    \"networkPlugin\":
        \"kubenet\",\n    \"loadBalancerSku\": \"Standard\",\n    \"loadBalancerProfile\":
        {\n     \"managedOutboundIPs\": {\n      \"count\": 1,\n      \"countIPv6\":
        2\n     },\n     \"effectiveOutboundIPs\": [\n      {\n       \"id\": \"/subscriptions/00000000-0000-0000-0000-000000000000/resourceGroups/MC_clitest000001_cliakstest000002_westus2/providers/Microsoft.Network/publicIPAddresses/1e8b1f0b-152f-4c62-951f-6f33a5eba967-ipv6\"\n
        \     },\n      {\n       \"id\": \"/subscriptions/00000000-0000-0000-0000-000000000000/resourceGroups/MC_clitest000001_cliakstest000002_westus2/providers/Microsoft.Network/publicIPAddresses/dc17af1b-c4f2-4066-896c-b1a9356872e8-ipv6\"\n
        \     },\n      {\n       \"id\": \"/subscriptions/00000000-0000-0000-0000-000000000000/resourceGroups/MC_clitest000001_cliakstest000002_westus2/providers/Microsoft.Network/publicIPAddresses/b7759bfb-ea37-471e-be16-57e199c87a13\"\n
        \     }\n     ],\n     \"allocatedOutboundPorts\": 0,\n     \"idleTimeoutInMinutes\":
        30\n    },\n    \"podCidr\": \"172.126.0.0/16\",\n    \"serviceCidr\": \"172.56.0.0/16\",\n
        \   \"dnsServiceIP\": \"172.56.0.10\",\n    \"dockerBridgeCidr\": \"172.17.0.1/16\",\n
        \   \"outboundType\": \"loadBalancer\",\n    \"podCidrs\": [\n     \"172.126.0.0/16\",\n
        \    \"2001:abcd:1234::/64\"\n    ],\n    \"serviceCidrs\": [\n     \"172.56.0.0/16\",\n
        \    \"2001:ffff::/108\"\n    ],\n    \"ipFamilies\": [\n     \"IPv4\",\n
        \    \"IPv6\"\n    ]\n   },\n   \"maxAgentPools\": 100,\n   \"identityProfile\":
        {\n    \"kubeletidentity\": {\n     \"resourceId\": \"/subscriptions/00000000-0000-0000-0000-000000000000/resourcegroups/MC_clitest000001_cliakstest000002_westus2/providers/Microsoft.ManagedIdentity/userAssignedIdentities/cliakstest000002-agentpool\",\n
        \    \"clientId\":\"00000000-0000-0000-0000-000000000001\",\n     \"objectId\":\"00000000-0000-0000-0000-000000000001\"\n
        \   }\n   },\n   \"disableLocalAccounts\": false,\n   \"securityProfile\":
        {},\n   \"storageProfile\": {\n    \"diskCSIDriver\": {\n     \"enabled\":
        true\n    },\n    \"fileCSIDriver\": {\n     \"enabled\": true\n    },\n    \"snapshotController\":
        {\n     \"enabled\": true\n    }\n   },\n   \"oidcIssuerProfile\": {\n    \"enabled\":
        false\n   },\n   \"workloadAutoScalerProfile\": {}\n  },\n  \"identity\":
        {\n   \"type\": \"SystemAssigned\",\n   \"principalId\":\"00000000-0000-0000-0000-000000000001\",\n
        \  \"tenantId\": \"72f988bf-86f1-41af-91ab-2d7cd011db47\"\n  },\n  \"sku\":
        {\n   \"name\": \"Base\",\n   \"tier\": \"Free\"\n  }\n }"
    headers:
      cache-control:
      - no-cache
      content-length:
      - '4579'
      content-type:
      - application/json
      date:
      - Sat, 29 Apr 2023 09:01:16 GMT
      expires:
      - '-1'
      pragma:
      - no-cache
      server:
      - nginx
      strict-transport-security:
      - max-age=31536000; includeSubDomains
      transfer-encoding:
      - chunked
      vary:
      - Accept-Encoding
      x-content-type-options:
      - nosniff
    status:
      code: 200
      message: OK
- request:
    body: null
    headers:
      Accept:
      - application/json
      Accept-Encoding:
      - gzip, deflate
      CommandName:
      - aks update
      Connection:
      - keep-alive
      ParameterSetName:
      - -g -n --load-balancer-managed-outbound-ipv6-count
      User-Agent:
      - AZURECLI/2.48.1 azsdk-python-azure-mgmt-containerservice/22.1.0 Python/3.8.10
        (Linux-5.15.0-1033-azure-x86_64-with-glibc2.29)
    method: GET
    uri: https://management.azure.com/subscriptions/00000000-0000-0000-0000-000000000000/resourceGroups/clitest000001/providers/Microsoft.ContainerService/managedClusters/cliakstest000002?api-version=2023-04-01
  response:
    body:
      string: "{\n  \"id\": \"/subscriptions/00000000-0000-0000-0000-000000000000/resourcegroups/clitest000001/providers/Microsoft.ContainerService/managedClusters/cliakstest000002\",\n
        \ \"location\": \"westus2\",\n  \"name\": \"cliakstest000002\",\n  \"type\":
        \"Microsoft.ContainerService/ManagedClusters\",\n  \"properties\": {\n   \"provisioningState\":
        \"Succeeded\",\n   \"powerState\": {\n    \"code\": \"Running\"\n   },\n   \"kubernetesVersion\":
        \"1.26.3\",\n   \"currentKubernetesVersion\": \"1.26.3\",\n   \"dnsPrefix\":
        \"cliakstest-clitesttqamxtkuf-79a739\",\n   \"fqdn\": \"cliakstest-clitesttqamxtkuf-79a739-vvz2cygr.hcp.westus2.azmk8s.io\",\n
        \  \"azurePortalFQDN\": \"cliakstest-clitesttqamxtkuf-79a739-vvz2cygr.portal.hcp.westus2.azmk8s.io\",\n
        \  \"agentPoolProfiles\": [\n    {\n     \"name\": \"nodepool1\",\n     \"count\":
        3,\n     \"vmSize\": \"Standard_DS2_v2\",\n     \"osDiskSizeGB\": 128,\n     \"osDiskType\":
        \"Managed\",\n     \"kubeletDiskType\": \"OS\",\n     \"maxPods\": 110,\n
        \    \"type\": \"VirtualMachineScaleSets\",\n     \"enableAutoScaling\": false,\n
        \    \"provisioningState\": \"Succeeded\",\n     \"powerState\": {\n      \"code\":
        \"Running\"\n     },\n     \"orchestratorVersion\": \"1.26.3\",\n     \"currentOrchestratorVersion\":
        \"1.26.3\",\n     \"enableNodePublicIP\": false,\n     \"mode\": \"System\",\n
        \    \"enableEncryptionAtHost\": false,\n     \"enableUltraSSD\": false,\n
        \    \"osType\": \"Linux\",\n     \"osSKU\": \"Ubuntu\",\n     \"nodeImageVersion\":
        \"AKSUbuntu-2204gen2containerd-202304.10.0\",\n     \"upgradeSettings\": {},\n
        \    \"enableFIPS\": false\n    }\n   ],\n   \"linuxProfile\": {\n    \"adminUsername\":
        \"azureuser\",\n    \"ssh\": {\n     \"publicKeys\": [\n      {\n       \"keyData\":
        \"ssh-rsa AAAAB3NzaC1yc2EAAAADAQABAAABAQCvBk9v4/Qo7XJWIY7AItmm8ohKhV9Y2z/SA5RKWk4BUCpK4ElHu8ia+QREfb7nmO5LtydRi7glVKNjUWUeaSC1PTmk2Z421whqvLRgF6XquFUcEC+VZG54EiS7j6hc2G3Af76vCZQQIQ7fKB8gngJXVb4QjbKVkoORamBKaSQ5MoAPF9GeSPfDesETM/jcE60BguHKjSTXhfsvgs6/iuUSPQ7duXwFtlpQy8WwA6ymGj4ehF0y8NXP6fjEajHDhPjPDkyuKBFTScflrLRryURmRyyICLt40vd+gaiyYCmREJxZNT/7J1pKmlpLNJejqDgXJ97xeyv4flTL7XRSgWV5
        azcli_aks_live_test@example.com\\n\"\n      }\n     ]\n    }\n   },\n   \"servicePrincipalProfile\":
        {\n    \"clientId\":\"00000000-0000-0000-0000-000000000001\"\n   },\n   \"nodeResourceGroup\":
        \"MC_clitest000001_cliakstest000002_westus2\",\n   \"enableRBAC\": true,\n
        \  \"enableLTS\": \"KubernetesOfficial\",\n   \"networkProfile\": {\n    \"networkPlugin\":
        \"kubenet\",\n    \"loadBalancerSku\": \"Standard\",\n    \"loadBalancerProfile\":
        {\n     \"managedOutboundIPs\": {\n      \"count\": 1,\n      \"countIPv6\":
        2\n     },\n     \"effectiveOutboundIPs\": [\n      {\n       \"id\": \"/subscriptions/00000000-0000-0000-0000-000000000000/resourceGroups/MC_clitest000001_cliakstest000002_westus2/providers/Microsoft.Network/publicIPAddresses/1e8b1f0b-152f-4c62-951f-6f33a5eba967-ipv6\"\n
        \     },\n      {\n       \"id\": \"/subscriptions/00000000-0000-0000-0000-000000000000/resourceGroups/MC_clitest000001_cliakstest000002_westus2/providers/Microsoft.Network/publicIPAddresses/dc17af1b-c4f2-4066-896c-b1a9356872e8-ipv6\"\n
        \     },\n      {\n       \"id\": \"/subscriptions/00000000-0000-0000-0000-000000000000/resourceGroups/MC_clitest000001_cliakstest000002_westus2/providers/Microsoft.Network/publicIPAddresses/b7759bfb-ea37-471e-be16-57e199c87a13\"\n
        \     }\n     ],\n     \"allocatedOutboundPorts\": 0,\n     \"idleTimeoutInMinutes\":
        30\n    },\n    \"podCidr\": \"172.126.0.0/16\",\n    \"serviceCidr\": \"172.56.0.0/16\",\n
        \   \"dnsServiceIP\": \"172.56.0.10\",\n    \"dockerBridgeCidr\": \"172.17.0.1/16\",\n
        \   \"outboundType\": \"loadBalancer\",\n    \"podCidrs\": [\n     \"172.126.0.0/16\",\n
        \    \"2001:abcd:1234::/64\"\n    ],\n    \"serviceCidrs\": [\n     \"172.56.0.0/16\",\n
        \    \"2001:ffff::/108\"\n    ],\n    \"ipFamilies\": [\n     \"IPv4\",\n
        \    \"IPv6\"\n    ]\n   },\n   \"maxAgentPools\": 100,\n   \"identityProfile\":
        {\n    \"kubeletidentity\": {\n     \"resourceId\": \"/subscriptions/00000000-0000-0000-0000-000000000000/resourcegroups/MC_clitest000001_cliakstest000002_westus2/providers/Microsoft.ManagedIdentity/userAssignedIdentities/cliakstest000002-agentpool\",\n
        \    \"clientId\":\"00000000-0000-0000-0000-000000000001\",\n     \"objectId\":\"00000000-0000-0000-0000-000000000001\"\n
        \   }\n   },\n   \"disableLocalAccounts\": false,\n   \"securityProfile\":
        {},\n   \"storageProfile\": {\n    \"diskCSIDriver\": {\n     \"enabled\":
        true\n    },\n    \"fileCSIDriver\": {\n     \"enabled\": true\n    },\n    \"snapshotController\":
        {\n     \"enabled\": true\n    }\n   },\n   \"oidcIssuerProfile\": {\n    \"enabled\":
        false\n   },\n   \"workloadAutoScalerProfile\": {}\n  },\n  \"identity\":
        {\n   \"type\": \"SystemAssigned\",\n   \"principalId\":\"00000000-0000-0000-0000-000000000001\",\n
        \  \"tenantId\": \"72f988bf-86f1-41af-91ab-2d7cd011db47\"\n  },\n  \"sku\":
        {\n   \"name\": \"Base\",\n   \"tier\": \"Free\"\n  }\n }"
    headers:
      cache-control:
      - no-cache
      content-length:
      - '4579'
      content-type:
      - application/json
      date:
      - Sat, 29 Apr 2023 09:01:18 GMT
      expires:
      - '-1'
      pragma:
      - no-cache
      server:
      - nginx
      strict-transport-security:
      - max-age=31536000; includeSubDomains
      transfer-encoding:
      - chunked
      vary:
      - Accept-Encoding
      x-content-type-options:
      - nosniff
    status:
      code: 200
      message: OK
- request:
    body: '{"location": "westus2", "sku": {"name": "Base", "tier": "Free"}, "identity":
      {"type": "SystemAssigned"}, "properties": {"kubernetesVersion": "1.26.3", "dnsPrefix":
      "cliakstest-clitesttqamxtkuf-79a739", "agentPoolProfiles": [{"count": 3, "vmSize":
      "Standard_DS2_v2", "osDiskSizeGB": 128, "osDiskType": "Managed", "kubeletDiskType":
      "OS", "maxPods": 110, "osType": "Linux", "osSKU": "Ubuntu", "enableAutoScaling":
      false, "type": "VirtualMachineScaleSets", "mode": "System", "orchestratorVersion":
      "1.26.3", "upgradeSettings": {}, "powerState": {"code": "Running"}, "enableNodePublicIP":
      false, "enableEncryptionAtHost": false, "enableUltraSSD": false, "enableFIPS":
      false, "name": "nodepool1"}], "linuxProfile": {"adminUsername": "azureuser",
      "ssh": {"publicKeys": [{"keyData": "ssh-rsa AAAAB3NzaC1yc2EAAAADAQABAAABAQCvBk9v4/Qo7XJWIY7AItmm8ohKhV9Y2z/SA5RKWk4BUCpK4ElHu8ia+QREfb7nmO5LtydRi7glVKNjUWUeaSC1PTmk2Z421whqvLRgF6XquFUcEC+VZG54EiS7j6hc2G3Af76vCZQQIQ7fKB8gngJXVb4QjbKVkoORamBKaSQ5MoAPF9GeSPfDesETM/jcE60BguHKjSTXhfsvgs6/iuUSPQ7duXwFtlpQy8WwA6ymGj4ehF0y8NXP6fjEajHDhPjPDkyuKBFTScflrLRryURmRyyICLt40vd+gaiyYCmREJxZNT/7J1pKmlpLNJejqDgXJ97xeyv4flTL7XRSgWV5
      azcli_aks_live_test@example.com\n"}]}}, "servicePrincipalProfile": {"clientId":"00000000-0000-0000-0000-000000000001"},
      "oidcIssuerProfile": {"enabled": false}, "nodeResourceGroup": "MC_clitest000001_cliakstest000002_westus2",
      "enableRBAC": true, "networkProfile": {"networkPlugin": "kubenet", "podCidr":
      "172.126.0.0/16", "serviceCidr": "172.56.0.0/16", "dnsServiceIP": "172.56.0.10",
      "dockerBridgeCidr": "172.17.0.1/16", "outboundType": "loadBalancer", "loadBalancerSku":
      "Standard", "loadBalancerProfile": {"managedOutboundIPs": {"count": 1, "countIPv6":
      4}, "effectiveOutboundIPs": [{"id": "/subscriptions/00000000-0000-0000-0000-000000000000/resourceGroups/MC_clitest000001_cliakstest000002_westus2/providers/Microsoft.Network/publicIPAddresses/1e8b1f0b-152f-4c62-951f-6f33a5eba967-ipv6"},
      {"id": "/subscriptions/00000000-0000-0000-0000-000000000000/resourceGroups/MC_clitest000001_cliakstest000002_westus2/providers/Microsoft.Network/publicIPAddresses/dc17af1b-c4f2-4066-896c-b1a9356872e8-ipv6"},
      {"id": "/subscriptions/00000000-0000-0000-0000-000000000000/resourceGroups/MC_clitest000001_cliakstest000002_westus2/providers/Microsoft.Network/publicIPAddresses/b7759bfb-ea37-471e-be16-57e199c87a13"}],
      "allocatedOutboundPorts": 0, "idleTimeoutInMinutes": 30}, "podCidrs": ["172.126.0.0/16",
      "2001:abcd:1234::/64"], "serviceCidrs": ["172.56.0.0/16", "2001:ffff::/108"],
      "ipFamilies": ["IPv4", "IPv6"]}, "identityProfile": {"kubeletidentity": {"resourceId":
      "/subscriptions/00000000-0000-0000-0000-000000000000/resourcegroups/MC_clitest000001_cliakstest000002_westus2/providers/Microsoft.ManagedIdentity/userAssignedIdentities/cliakstest000002-agentpool",
      "clientId":"00000000-0000-0000-0000-000000000001", "objectId":"00000000-0000-0000-0000-000000000001"}},
      "disableLocalAccounts": false, "securityProfile": {}, "storageProfile": {},
      "workloadAutoScalerProfile": {}}}'
    headers:
      Accept:
      - application/json
      Accept-Encoding:
      - gzip, deflate
      CommandName:
      - aks update
      Connection:
      - keep-alive
      Content-Length:
      - '3030'
      Content-Type:
      - application/json
      ParameterSetName:
      - -g -n --load-balancer-managed-outbound-ipv6-count
      User-Agent:
      - AZURECLI/2.48.1 azsdk-python-azure-mgmt-containerservice/22.1.0 Python/3.8.10
        (Linux-5.15.0-1033-azure-x86_64-with-glibc2.29)
    method: PUT
    uri: https://management.azure.com/subscriptions/00000000-0000-0000-0000-000000000000/resourceGroups/clitest000001/providers/Microsoft.ContainerService/managedClusters/cliakstest000002?api-version=2023-04-01
  response:
    body:
      string: "{\n  \"id\": \"/subscriptions/00000000-0000-0000-0000-000000000000/resourcegroups/clitest000001/providers/Microsoft.ContainerService/managedClusters/cliakstest000002\",\n
        \ \"location\": \"westus2\",\n  \"name\": \"cliakstest000002\",\n  \"type\":
        \"Microsoft.ContainerService/ManagedClusters\",\n  \"properties\": {\n   \"provisioningState\":
        \"Updating\",\n   \"powerState\": {\n    \"code\": \"Running\"\n   },\n   \"kubernetesVersion\":
        \"1.26.3\",\n   \"currentKubernetesVersion\": \"1.26.3\",\n   \"dnsPrefix\":
        \"cliakstest-clitesttqamxtkuf-79a739\",\n   \"fqdn\": \"cliakstest-clitesttqamxtkuf-79a739-vvz2cygr.hcp.westus2.azmk8s.io\",\n
        \  \"azurePortalFQDN\": \"cliakstest-clitesttqamxtkuf-79a739-vvz2cygr.portal.hcp.westus2.azmk8s.io\",\n
        \  \"agentPoolProfiles\": [\n    {\n     \"name\": \"nodepool1\",\n     \"count\":
        3,\n     \"vmSize\": \"Standard_DS2_v2\",\n     \"osDiskSizeGB\": 128,\n     \"osDiskType\":
        \"Managed\",\n     \"kubeletDiskType\": \"OS\",\n     \"maxPods\": 110,\n
        \    \"type\": \"VirtualMachineScaleSets\",\n     \"enableAutoScaling\": false,\n
        \    \"provisioningState\": \"Updating\",\n     \"powerState\": {\n      \"code\":
        \"Running\"\n     },\n     \"orchestratorVersion\": \"1.26.3\",\n     \"currentOrchestratorVersion\":
        \"1.26.3\",\n     \"enableNodePublicIP\": false,\n     \"mode\": \"System\",\n
        \    \"enableEncryptionAtHost\": false,\n     \"enableUltraSSD\": false,\n
        \    \"osType\": \"Linux\",\n     \"osSKU\": \"Ubuntu\",\n     \"nodeImageVersion\":
        \"AKSUbuntu-2204gen2containerd-202304.10.0\",\n     \"upgradeSettings\": {},\n
        \    \"enableFIPS\": false\n    }\n   ],\n   \"linuxProfile\": {\n    \"adminUsername\":
        \"azureuser\",\n    \"ssh\": {\n     \"publicKeys\": [\n      {\n       \"keyData\":
        \"ssh-rsa AAAAB3NzaC1yc2EAAAADAQABAAABAQCvBk9v4/Qo7XJWIY7AItmm8ohKhV9Y2z/SA5RKWk4BUCpK4ElHu8ia+QREfb7nmO5LtydRi7glVKNjUWUeaSC1PTmk2Z421whqvLRgF6XquFUcEC+VZG54EiS7j6hc2G3Af76vCZQQIQ7fKB8gngJXVb4QjbKVkoORamBKaSQ5MoAPF9GeSPfDesETM/jcE60BguHKjSTXhfsvgs6/iuUSPQ7duXwFtlpQy8WwA6ymGj4ehF0y8NXP6fjEajHDhPjPDkyuKBFTScflrLRryURmRyyICLt40vd+gaiyYCmREJxZNT/7J1pKmlpLNJejqDgXJ97xeyv4flTL7XRSgWV5
        azcli_aks_live_test@example.com\\n\"\n      }\n     ]\n    }\n   },\n   \"servicePrincipalProfile\":
        {\n    \"clientId\":\"00000000-0000-0000-0000-000000000001\"\n   },\n   \"nodeResourceGroup\":
        \"MC_clitest000001_cliakstest000002_westus2\",\n   \"enableRBAC\": true,\n
        \  \"enableLTS\": \"KubernetesOfficial\",\n   \"networkProfile\": {\n    \"networkPlugin\":
        \"kubenet\",\n    \"loadBalancerSku\": \"Standard\",\n    \"loadBalancerProfile\":
        {\n     \"managedOutboundIPs\": {\n      \"count\": 1,\n      \"countIPv6\":
        4\n     },\n     \"effectiveOutboundIPs\": [\n      {\n       \"id\": \"/subscriptions/00000000-0000-0000-0000-000000000000/resourceGroups/MC_clitest000001_cliakstest000002_westus2/providers/Microsoft.Network/publicIPAddresses/1e8b1f0b-152f-4c62-951f-6f33a5eba967-ipv6\"\n
        \     },\n      {\n       \"id\": \"/subscriptions/00000000-0000-0000-0000-000000000000/resourceGroups/MC_clitest000001_cliakstest000002_westus2/providers/Microsoft.Network/publicIPAddresses/dc17af1b-c4f2-4066-896c-b1a9356872e8-ipv6\"\n
        \     },\n      {\n       \"id\": \"/subscriptions/00000000-0000-0000-0000-000000000000/resourceGroups/MC_clitest000001_cliakstest000002_westus2/providers/Microsoft.Network/publicIPAddresses/b7759bfb-ea37-471e-be16-57e199c87a13\"\n
        \     }\n     ],\n     \"allocatedOutboundPorts\": 0,\n     \"idleTimeoutInMinutes\":
        30\n    },\n    \"podCidr\": \"172.126.0.0/16\",\n    \"serviceCidr\": \"172.56.0.0/16\",\n
        \   \"dnsServiceIP\": \"172.56.0.10\",\n    \"dockerBridgeCidr\": \"172.17.0.1/16\",\n
        \   \"outboundType\": \"loadBalancer\",\n    \"podCidrs\": [\n     \"172.126.0.0/16\",\n
        \    \"2001:abcd:1234::/64\"\n    ],\n    \"serviceCidrs\": [\n     \"172.56.0.0/16\",\n
        \    \"2001:ffff::/108\"\n    ],\n    \"ipFamilies\": [\n     \"IPv4\",\n
        \    \"IPv6\"\n    ]\n   },\n   \"maxAgentPools\": 100,\n   \"identityProfile\":
        {\n    \"kubeletidentity\": {\n     \"resourceId\": \"/subscriptions/00000000-0000-0000-0000-000000000000/resourcegroups/MC_clitest000001_cliakstest000002_westus2/providers/Microsoft.ManagedIdentity/userAssignedIdentities/cliakstest000002-agentpool\",\n
        \    \"clientId\":\"00000000-0000-0000-0000-000000000001\",\n     \"objectId\":\"00000000-0000-0000-0000-000000000001\"\n
        \   }\n   },\n   \"disableLocalAccounts\": false,\n   \"securityProfile\":
        {},\n   \"storageProfile\": {\n    \"diskCSIDriver\": {\n     \"enabled\":
        true\n    },\n    \"fileCSIDriver\": {\n     \"enabled\": true\n    },\n    \"snapshotController\":
        {\n     \"enabled\": true\n    }\n   },\n   \"oidcIssuerProfile\": {\n    \"enabled\":
        false\n   },\n   \"workloadAutoScalerProfile\": {}\n  },\n  \"identity\":
        {\n   \"type\": \"SystemAssigned\",\n   \"principalId\":\"00000000-0000-0000-0000-000000000001\",\n
        \  \"tenantId\": \"72f988bf-86f1-41af-91ab-2d7cd011db47\"\n  },\n  \"sku\":
        {\n   \"name\": \"Base\",\n   \"tier\": \"Free\"\n  }\n }"
    headers:
      azure-asyncoperation:
      - https://management.azure.com/subscriptions/00000000-0000-0000-0000-000000000000/providers/Microsoft.ContainerService/locations/westus2/operations/76072ef7-4551-4d5d-a004-985906af225a?api-version=2016-03-30
      cache-control:
      - no-cache
      content-length:
      - '4577'
      content-type:
      - application/json
      date:
      - Sat, 29 Apr 2023 09:01:22 GMT
      expires:
      - '-1'
      pragma:
      - no-cache
      server:
      - nginx
      strict-transport-security:
      - max-age=31536000; includeSubDomains
      transfer-encoding:
      - chunked
      vary:
      - Accept-Encoding
      x-content-type-options:
      - nosniff
      x-ms-ratelimit-remaining-subscription-writes:
      - '1197'
    status:
      code: 200
      message: OK
- request:
    body: null
    headers:
      Accept:
      - '*/*'
      Accept-Encoding:
      - gzip, deflate
      CommandName:
      - aks update
      Connection:
      - keep-alive
      ParameterSetName:
      - -g -n --load-balancer-managed-outbound-ipv6-count
      User-Agent:
      - AZURECLI/2.48.1 azsdk-python-azure-mgmt-containerservice/22.1.0 Python/3.8.10
        (Linux-5.15.0-1033-azure-x86_64-with-glibc2.29)
    method: GET
    uri: https://management.azure.com/subscriptions/00000000-0000-0000-0000-000000000000/providers/Microsoft.ContainerService/locations/westus2/operations/76072ef7-4551-4d5d-a004-985906af225a?api-version=2016-03-30
  response:
    body:
      string: "{\n  \"name\": \"f72e0776-5145-5d4d-a004-985906af225a\",\n  \"status\":
        \"InProgress\",\n  \"startTime\": \"2023-04-29T09:01:21.719607Z\"\n }"
    headers:
      cache-control:
      - no-cache
      content-length:
      - '125'
      content-type:
      - application/json
      date:
      - Sat, 29 Apr 2023 09:01:22 GMT
      expires:
      - '-1'
      pragma:
      - no-cache
      server:
      - nginx
      strict-transport-security:
      - max-age=31536000; includeSubDomains
      transfer-encoding:
      - chunked
      vary:
      - Accept-Encoding
      x-content-type-options:
      - nosniff
    status:
      code: 200
      message: OK
- request:
    body: null
    headers:
      Accept:
      - '*/*'
      Accept-Encoding:
      - gzip, deflate
      CommandName:
      - aks update
      Connection:
      - keep-alive
      ParameterSetName:
      - -g -n --load-balancer-managed-outbound-ipv6-count
      User-Agent:
      - AZURECLI/2.48.1 azsdk-python-azure-mgmt-containerservice/22.1.0 Python/3.8.10
        (Linux-5.15.0-1033-azure-x86_64-with-glibc2.29)
    method: GET
    uri: https://management.azure.com/subscriptions/00000000-0000-0000-0000-000000000000/providers/Microsoft.ContainerService/locations/westus2/operations/76072ef7-4551-4d5d-a004-985906af225a?api-version=2016-03-30
  response:
    body:
      string: "{\n  \"name\": \"f72e0776-5145-5d4d-a004-985906af225a\",\n  \"status\":
        \"InProgress\",\n  \"startTime\": \"2023-04-29T09:01:21.719607Z\"\n }"
    headers:
      cache-control:
      - no-cache
      content-length:
      - '125'
      content-type:
      - application/json
      date:
      - Sat, 29 Apr 2023 09:01:52 GMT
      expires:
      - '-1'
      pragma:
      - no-cache
      server:
      - nginx
      strict-transport-security:
      - max-age=31536000; includeSubDomains
      transfer-encoding:
      - chunked
      vary:
      - Accept-Encoding
      x-content-type-options:
      - nosniff
    status:
      code: 200
      message: OK
- request:
    body: null
    headers:
      Accept:
      - '*/*'
      Accept-Encoding:
      - gzip, deflate
      CommandName:
      - aks update
      Connection:
      - keep-alive
      ParameterSetName:
      - -g -n --load-balancer-managed-outbound-ipv6-count
      User-Agent:
      - AZURECLI/2.48.1 azsdk-python-azure-mgmt-containerservice/22.1.0 Python/3.8.10
        (Linux-5.15.0-1033-azure-x86_64-with-glibc2.29)
    method: GET
    uri: https://management.azure.com/subscriptions/00000000-0000-0000-0000-000000000000/providers/Microsoft.ContainerService/locations/westus2/operations/76072ef7-4551-4d5d-a004-985906af225a?api-version=2016-03-30
  response:
    body:
      string: "{\n  \"name\": \"f72e0776-5145-5d4d-a004-985906af225a\",\n  \"status\":
        \"InProgress\",\n  \"startTime\": \"2023-04-29T09:01:21.719607Z\"\n }"
    headers:
      cache-control:
      - no-cache
      content-length:
      - '125'
      content-type:
      - application/json
      date:
      - Sat, 29 Apr 2023 09:02:22 GMT
      expires:
      - '-1'
      pragma:
      - no-cache
      server:
      - nginx
      strict-transport-security:
      - max-age=31536000; includeSubDomains
      transfer-encoding:
      - chunked
      vary:
      - Accept-Encoding
      x-content-type-options:
      - nosniff
    status:
      code: 200
      message: OK
- request:
    body: null
    headers:
      Accept:
      - '*/*'
      Accept-Encoding:
      - gzip, deflate
      CommandName:
      - aks update
      Connection:
      - keep-alive
      ParameterSetName:
      - -g -n --load-balancer-managed-outbound-ipv6-count
      User-Agent:
      - AZURECLI/2.48.1 azsdk-python-azure-mgmt-containerservice/22.1.0 Python/3.8.10
        (Linux-5.15.0-1033-azure-x86_64-with-glibc2.29)
    method: GET
    uri: https://management.azure.com/subscriptions/00000000-0000-0000-0000-000000000000/providers/Microsoft.ContainerService/locations/westus2/operations/76072ef7-4551-4d5d-a004-985906af225a?api-version=2016-03-30
  response:
    body:
      string: "{\n  \"name\": \"f72e0776-5145-5d4d-a004-985906af225a\",\n  \"status\":
        \"InProgress\",\n  \"startTime\": \"2023-04-29T09:01:21.719607Z\"\n }"
    headers:
      cache-control:
      - no-cache
      content-length:
      - '125'
      content-type:
      - application/json
      date:
      - Sat, 29 Apr 2023 09:02:51 GMT
      expires:
      - '-1'
      pragma:
      - no-cache
      server:
      - nginx
      strict-transport-security:
      - max-age=31536000; includeSubDomains
      transfer-encoding:
      - chunked
      vary:
      - Accept-Encoding
      x-content-type-options:
      - nosniff
    status:
      code: 200
      message: OK
- request:
    body: null
    headers:
      Accept:
      - '*/*'
      Accept-Encoding:
      - gzip, deflate
      CommandName:
      - aks update
      Connection:
      - keep-alive
      ParameterSetName:
      - -g -n --load-balancer-managed-outbound-ipv6-count
      User-Agent:
      - AZURECLI/2.48.1 azsdk-python-azure-mgmt-containerservice/22.1.0 Python/3.8.10
        (Linux-5.15.0-1033-azure-x86_64-with-glibc2.29)
    method: GET
    uri: https://management.azure.com/subscriptions/00000000-0000-0000-0000-000000000000/providers/Microsoft.ContainerService/locations/westus2/operations/76072ef7-4551-4d5d-a004-985906af225a?api-version=2016-03-30
  response:
    body:
      string: "{\n  \"name\": \"f72e0776-5145-5d4d-a004-985906af225a\",\n  \"status\":
        \"Succeeded\",\n  \"startTime\": \"2023-04-29T09:01:21.719607Z\",\n  \"endTime\":
        \"2023-04-29T09:03:18.9754812Z\"\n }"
    headers:
      cache-control:
      - no-cache
      content-length:
      - '169'
      content-type:
      - application/json
      date:
      - Sat, 29 Apr 2023 09:03:21 GMT
      expires:
      - '-1'
      pragma:
      - no-cache
      server:
      - nginx
      strict-transport-security:
      - max-age=31536000; includeSubDomains
      transfer-encoding:
      - chunked
      vary:
      - Accept-Encoding
      x-content-type-options:
      - nosniff
    status:
      code: 200
      message: OK
- request:
    body: null
    headers:
      Accept:
      - '*/*'
      Accept-Encoding:
      - gzip, deflate
      CommandName:
      - aks update
      Connection:
      - keep-alive
      ParameterSetName:
      - -g -n --load-balancer-managed-outbound-ipv6-count
      User-Agent:
      - AZURECLI/2.48.1 azsdk-python-azure-mgmt-containerservice/22.1.0 Python/3.8.10
        (Linux-5.15.0-1033-azure-x86_64-with-glibc2.29)
    method: GET
    uri: https://management.azure.com/subscriptions/00000000-0000-0000-0000-000000000000/resourceGroups/clitest000001/providers/Microsoft.ContainerService/managedClusters/cliakstest000002?api-version=2023-04-01
  response:
    body:
      string: "{\n  \"id\": \"/subscriptions/00000000-0000-0000-0000-000000000000/resourcegroups/clitest000001/providers/Microsoft.ContainerService/managedClusters/cliakstest000002\",\n
        \ \"location\": \"westus2\",\n  \"name\": \"cliakstest000002\",\n  \"type\":
        \"Microsoft.ContainerService/ManagedClusters\",\n  \"properties\": {\n   \"provisioningState\":
        \"Succeeded\",\n   \"powerState\": {\n    \"code\": \"Running\"\n   },\n   \"kubernetesVersion\":
        \"1.26.3\",\n   \"currentKubernetesVersion\": \"1.26.3\",\n   \"dnsPrefix\":
        \"cliakstest-clitesttqamxtkuf-79a739\",\n   \"fqdn\": \"cliakstest-clitesttqamxtkuf-79a739-vvz2cygr.hcp.westus2.azmk8s.io\",\n
        \  \"azurePortalFQDN\": \"cliakstest-clitesttqamxtkuf-79a739-vvz2cygr.portal.hcp.westus2.azmk8s.io\",\n
        \  \"agentPoolProfiles\": [\n    {\n     \"name\": \"nodepool1\",\n     \"count\":
        3,\n     \"vmSize\": \"Standard_DS2_v2\",\n     \"osDiskSizeGB\": 128,\n     \"osDiskType\":
        \"Managed\",\n     \"kubeletDiskType\": \"OS\",\n     \"maxPods\": 110,\n
        \    \"type\": \"VirtualMachineScaleSets\",\n     \"enableAutoScaling\": false,\n
        \    \"provisioningState\": \"Succeeded\",\n     \"powerState\": {\n      \"code\":
        \"Running\"\n     },\n     \"orchestratorVersion\": \"1.26.3\",\n     \"currentOrchestratorVersion\":
        \"1.26.3\",\n     \"enableNodePublicIP\": false,\n     \"mode\": \"System\",\n
        \    \"enableEncryptionAtHost\": false,\n     \"enableUltraSSD\": false,\n
        \    \"osType\": \"Linux\",\n     \"osSKU\": \"Ubuntu\",\n     \"nodeImageVersion\":
        \"AKSUbuntu-2204gen2containerd-202304.10.0\",\n     \"upgradeSettings\": {},\n
        \    \"enableFIPS\": false\n    }\n   ],\n   \"linuxProfile\": {\n    \"adminUsername\":
        \"azureuser\",\n    \"ssh\": {\n     \"publicKeys\": [\n      {\n       \"keyData\":
        \"ssh-rsa AAAAB3NzaC1yc2EAAAADAQABAAABAQCvBk9v4/Qo7XJWIY7AItmm8ohKhV9Y2z/SA5RKWk4BUCpK4ElHu8ia+QREfb7nmO5LtydRi7glVKNjUWUeaSC1PTmk2Z421whqvLRgF6XquFUcEC+VZG54EiS7j6hc2G3Af76vCZQQIQ7fKB8gngJXVb4QjbKVkoORamBKaSQ5MoAPF9GeSPfDesETM/jcE60BguHKjSTXhfsvgs6/iuUSPQ7duXwFtlpQy8WwA6ymGj4ehF0y8NXP6fjEajHDhPjPDkyuKBFTScflrLRryURmRyyICLt40vd+gaiyYCmREJxZNT/7J1pKmlpLNJejqDgXJ97xeyv4flTL7XRSgWV5
        azcli_aks_live_test@example.com\\n\"\n      }\n     ]\n    }\n   },\n   \"servicePrincipalProfile\":
        {\n    \"clientId\":\"00000000-0000-0000-0000-000000000001\"\n   },\n   \"nodeResourceGroup\":
        \"MC_clitest000001_cliakstest000002_westus2\",\n   \"enableRBAC\": true,\n
        \  \"enableLTS\": \"KubernetesOfficial\",\n   \"networkProfile\": {\n    \"networkPlugin\":
        \"kubenet\",\n    \"loadBalancerSku\": \"Standard\",\n    \"loadBalancerProfile\":
        {\n     \"managedOutboundIPs\": {\n      \"count\": 1,\n      \"countIPv6\":
        4\n     },\n     \"effectiveOutboundIPs\": [\n      {\n       \"id\": \"/subscriptions/00000000-0000-0000-0000-000000000000/resourceGroups/MC_clitest000001_cliakstest000002_westus2/providers/Microsoft.Network/publicIPAddresses/1e8b1f0b-152f-4c62-951f-6f33a5eba967-ipv6\"\n
        \     },\n      {\n       \"id\": \"/subscriptions/00000000-0000-0000-0000-000000000000/resourceGroups/MC_clitest000001_cliakstest000002_westus2/providers/Microsoft.Network/publicIPAddresses/b7759bfb-ea37-471e-be16-57e199c87a13\"\n
        \     },\n      {\n       \"id\": \"/subscriptions/00000000-0000-0000-0000-000000000000/resourceGroups/MC_clitest000001_cliakstest000002_westus2/providers/Microsoft.Network/publicIPAddresses/dc17af1b-c4f2-4066-896c-b1a9356872e8-ipv6\"\n
        \     },\n      {\n       \"id\": \"/subscriptions/00000000-0000-0000-0000-000000000000/resourceGroups/MC_clitest000001_cliakstest000002_westus2/providers/Microsoft.Network/publicIPAddresses/bee2a878-5bfd-465f-844e-fa1f8813bc67-ipv6\"\n
        \     },\n      {\n       \"id\": \"/subscriptions/00000000-0000-0000-0000-000000000000/resourceGroups/MC_clitest000001_cliakstest000002_westus2/providers/Microsoft.Network/publicIPAddresses/68c39376-7821-4bcb-88cb-02fed4d4841c-ipv6\"\n
        \     }\n     ],\n     \"allocatedOutboundPorts\": 0,\n     \"idleTimeoutInMinutes\":
        30\n    },\n    \"podCidr\": \"172.126.0.0/16\",\n    \"serviceCidr\": \"172.56.0.0/16\",\n
        \   \"dnsServiceIP\": \"172.56.0.10\",\n    \"dockerBridgeCidr\": \"172.17.0.1/16\",\n
        \   \"outboundType\": \"loadBalancer\",\n    \"podCidrs\": [\n     \"172.126.0.0/16\",\n
        \    \"2001:abcd:1234::/64\"\n    ],\n    \"serviceCidrs\": [\n     \"172.56.0.0/16\",\n
        \    \"2001:ffff::/108\"\n    ],\n    \"ipFamilies\": [\n     \"IPv4\",\n
        \    \"IPv6\"\n    ]\n   },\n   \"maxAgentPools\": 100,\n   \"identityProfile\":
        {\n    \"kubeletidentity\": {\n     \"resourceId\": \"/subscriptions/00000000-0000-0000-0000-000000000000/resourcegroups/MC_clitest000001_cliakstest000002_westus2/providers/Microsoft.ManagedIdentity/userAssignedIdentities/cliakstest000002-agentpool\",\n
        \    \"clientId\":\"00000000-0000-0000-0000-000000000001\",\n     \"objectId\":\"00000000-0000-0000-0000-000000000001\"\n
        \   }\n   },\n   \"disableLocalAccounts\": false,\n   \"securityProfile\":
        {},\n   \"storageProfile\": {\n    \"diskCSIDriver\": {\n     \"enabled\":
        true\n    },\n    \"fileCSIDriver\": {\n     \"enabled\": true\n    },\n    \"snapshotController\":
        {\n     \"enabled\": true\n    }\n   },\n   \"oidcIssuerProfile\": {\n    \"enabled\":
        false\n   },\n   \"workloadAutoScalerProfile\": {}\n  },\n  \"identity\":
        {\n   \"type\": \"SystemAssigned\",\n   \"principalId\":\"00000000-0000-0000-0000-000000000001\",\n
        \  \"tenantId\": \"72f988bf-86f1-41af-91ab-2d7cd011db47\"\n  },\n  \"sku\":
        {\n   \"name\": \"Base\",\n   \"tier\": \"Free\"\n  }\n }"
    headers:
      cache-control:
      - no-cache
      content-length:
      - '5037'
      content-type:
      - application/json
      date:
      - Sat, 29 Apr 2023 09:03:22 GMT
      expires:
      - '-1'
      pragma:
      - no-cache
      server:
      - nginx
      strict-transport-security:
      - max-age=31536000; includeSubDomains
      transfer-encoding:
      - chunked
      vary:
      - Accept-Encoding
      x-content-type-options:
      - nosniff
    status:
      code: 200
      message: OK
- request:
    body: null
    headers:
      Accept:
      - application/json
      Accept-Encoding:
      - gzip, deflate
      CommandName:
      - aks delete
      Connection:
      - keep-alive
      Content-Length:
      - '0'
      ParameterSetName:
      - -g -n --yes --no-wait
      User-Agent:
      - AZURECLI/2.48.1 azsdk-python-azure-mgmt-containerservice/22.1.0 Python/3.8.10
        (Linux-5.15.0-1033-azure-x86_64-with-glibc2.29)
    method: DELETE
    uri: https://management.azure.com/subscriptions/00000000-0000-0000-0000-000000000000/resourceGroups/clitest000001/providers/Microsoft.ContainerService/managedClusters/cliakstest000002?api-version=2023-04-01
  response:
    body:
      string: ''
    headers:
      azure-asyncoperation:
      - https://management.azure.com/subscriptions/00000000-0000-0000-0000-000000000000/providers/Microsoft.ContainerService/locations/westus2/operations/41b4d3f6-6767-460f-9487-4cd72109aaf5?api-version=2016-03-30
      cache-control:
      - no-cache
      content-length:
      - '0'
      date:
      - Sat, 29 Apr 2023 09:03:24 GMT
      expires:
      - '-1'
      location:
      - https://management.azure.com/subscriptions/00000000-0000-0000-0000-000000000000/providers/Microsoft.ContainerService/locations/westus2/operationresults/41b4d3f6-6767-460f-9487-4cd72109aaf5?api-version=2016-03-30
      pragma:
      - no-cache
      server:
      - nginx
      strict-transport-security:
      - max-age=31536000; includeSubDomains
      x-content-type-options:
      - nosniff
      x-ms-ratelimit-remaining-subscription-deletes:
      - '14999'
    status:
      code: 202
      message: Accepted
version: 1
