interactions:
- request:
    body: null
    headers:
      Accept:
      - application/json
      Accept-Encoding:
      - gzip, deflate
      CommandName:
      - aks create
      Connection:
      - keep-alive
      ParameterSetName:
      - --resource-group --name --location --dns-name-prefix --node-count --ssh-key-value
        --service-principal --client-secret --enable-addons
      User-Agent:
      - python/3.6.10 (Linux-5.10.25-linuxkit-x86_64-with) msrest/0.6.21 msrest_azure/0.6.3
        azure-mgmt-resource/12.1.0 Azure-SDK-For-Python AZURECLI/2.23.0 (DOCKER)
      accept-language:
      - en-US
    method: GET
    uri: https://management.azure.com/subscriptions/00000000-0000-0000-0000-000000000000/resourcegroups/clitest000001?api-version=2020-10-01
  response:
    body:
      string: '{"id":"/subscriptions/00000000-0000-0000-0000-000000000000/resourceGroups/clitest000001","name":"clitest000001","type":"Microsoft.Resources/resourceGroups","location":"westus2","tags":{"product":"azurecli","cause":"automation","date":"2021-05-12T04:42:33Z"},"properties":{"provisioningState":"Succeeded"}}'
    headers:
      cache-control:
      - no-cache
      content-length:
      - '313'
      content-type:
      - application/json; charset=utf-8
      date:
      - Wed, 12 May 2021 04:42:39 GMT
      expires:
      - '-1'
      pragma:
      - no-cache
      strict-transport-security:
      - max-age=31536000; includeSubDomains
      vary:
      - Accept-Encoding
      x-content-type-options:
      - nosniff
    status:
      code: 200
      message: OK
- request:
    body: null
    headers:
      Accept:
      - application/json
      Accept-Encoding:
      - gzip, deflate
      CommandName:
      - aks create
      Connection:
      - keep-alive
      ParameterSetName:
      - --resource-group --name --location --dns-name-prefix --node-count --ssh-key-value
        --service-principal --client-secret --enable-addons
      User-Agent:
      - python/3.6.10 (Linux-5.10.25-linuxkit-x86_64-with) msrest/0.6.21 msrest_azure/0.6.3
        azure-mgmt-resource/12.1.0 Azure-SDK-For-Python AZURECLI/2.23.0 (DOCKER)
      accept-language:
      - en-US
    method: GET
    uri: https://management.azure.com/subscriptions/00000000-0000-0000-0000-000000000000/resourcegroups/clitest000001?api-version=2020-10-01
  response:
    body:
      string: '{"id":"/subscriptions/00000000-0000-0000-0000-000000000000/resourceGroups/clitest000001","name":"clitest000001","type":"Microsoft.Resources/resourceGroups","location":"westus2","tags":{"product":"azurecli","cause":"automation","date":"2021-05-12T04:42:33Z"},"properties":{"provisioningState":"Succeeded"}}'
    headers:
      cache-control:
      - no-cache
      content-length:
      - '313'
      content-type:
      - application/json; charset=utf-8
      date:
      - Wed, 12 May 2021 04:42:39 GMT
      expires:
      - '-1'
      pragma:
      - no-cache
      strict-transport-security:
      - max-age=31536000; includeSubDomains
      vary:
      - Accept-Encoding
      x-content-type-options:
      - nosniff
    status:
      code: 200
      message: OK
- request:
    body: null
    headers:
      Accept:
      - application/json
      Accept-Encoding:
      - gzip, deflate
      CommandName:
      - aks create
      Connection:
      - keep-alive
      ParameterSetName:
      - --resource-group --name --location --dns-name-prefix --node-count --ssh-key-value
        --service-principal --client-secret --enable-addons
      User-Agent:
      - python/3.6.10 (Linux-5.10.25-linuxkit-x86_64-with) msrest/0.6.21 msrest_azure/0.6.3
        azure-mgmt-resource/12.1.0 Azure-SDK-For-Python AZURECLI/2.23.0 (DOCKER)
      accept-language:
      - en-US
    method: HEAD
    uri: https://management.azure.com/subscriptions/00000000-0000-0000-0000-000000000000/resourcegroups/DefaultResourceGroup-WUS2?api-version=2020-10-01
  response:
    body:
      string: ''
    headers:
      cache-control:
      - no-cache
      content-length:
      - '0'
      date:
      - Wed, 12 May 2021 04:42:39 GMT
      expires:
      - '-1'
      pragma:
      - no-cache
      strict-transport-security:
      - max-age=31536000; includeSubDomains
      x-content-type-options:
      - nosniff
    status:
      code: 204
      message: No Content
- request:
    body: null
    headers:
      Accept:
      - application/json
      Accept-Encoding:
      - gzip, deflate
      CommandName:
      - aks create
      Connection:
      - keep-alive
      ParameterSetName:
      - --resource-group --name --location --dns-name-prefix --node-count --ssh-key-value
        --service-principal --client-secret --enable-addons
      User-Agent:
      - python/3.6.10 (Linux-5.10.25-linuxkit-x86_64-with) msrest/0.6.21 msrest_azure/0.6.3
        azure-mgmt-resource/12.1.0 Azure-SDK-For-Python AZURECLI/2.23.0 (DOCKER)
      accept-language:
      - en-US
    method: GET
    uri: https://management.azure.com/subscriptions/00000000-0000-0000-0000-000000000000/resourceGroups/DefaultResourceGroup-WUS2/providers/Microsoft.OperationalInsights/workspaces/DefaultWorkspace-c1089427-83d3-4286-9f35-5af546a6eb67-WUS2?api-version=2015-11-01-preview
  response:
    body:
      string: "{\r\n  \"properties\": {\r\n    \"source\": \"Azure\",\r\n    \"customerId\"\
        : \"b40d694c-3f73-4bf5-91bc-7dd655f8382d\",\r\n    \"provisioningState\":\
        \ \"Succeeded\",\r\n    \"sku\": {\r\n      \"name\": \"standalone\"\r\n \
        \   },\r\n    \"retentionInDays\": 30,\r\n    \"features\": {\r\n      \"\
        legacy\": 0,\r\n      \"searchVersion\": 1,\r\n      \"enableLogAccessUsingOnlyResourcePermissions\"\
        : true\r\n    },\r\n    \"workspaceCapping\": {\r\n      \"dailyQuotaGb\"\
        : -1.0,\r\n      \"quotaNextResetTime\": \"Wed, 12 May 2021 13:00:00 GMT\"\
        ,\r\n      \"dataIngestionStatus\": \"RespectQuota\"\r\n    },\r\n    \"publicNetworkAccessForIngestion\"\
        : \"Enabled\",\r\n    \"publicNetworkAccessForQuery\": \"Enabled\",\r\n  \
        \  \"createdDate\": \"Fri, 20 Sep 2019 06:26:15 GMT\",\r\n    \"modifiedDate\"\
        : \"Sun, 21 Feb 2021 12:37:34 GMT\"\r\n  },\r\n  \"id\": \"/subscriptions/00000000-0000-0000-0000-000000000000/resourcegroups/defaultresourcegroup-wus2/providers/microsoft.operationalinsights/workspaces/defaultworkspace-c1089427-83d3-4286-9f35-5af546a6eb67-wus2\"\
        ,\r\n  \"name\": \"DefaultWorkspace-c1089427-83d3-4286-9f35-5af546a6eb67-WUS2\"\
        ,\r\n  \"type\": \"Microsoft.OperationalInsights/workspaces\",\r\n  \"location\"\
        : \"westus2\"\r\n}"
    headers:
      cache-control:
      - no-cache
      content-length:
      - '1105'
      content-type:
      - application/json
      date:
      - Wed, 12 May 2021 04:42:40 GMT
      pragma:
      - no-cache
      server:
      - Microsoft-IIS/10.0
      - Microsoft-IIS/10.0
      strict-transport-security:
      - max-age=31536000; includeSubDomains
      transfer-encoding:
      - chunked
      vary:
      - Accept-Encoding
      x-content-type-options:
      - nosniff
      x-powered-by:
      - ASP.NET
      - ASP.NET
    status:
      code: 200
      message: OK
- request:
    body: null
    headers:
      Accept:
      - application/json
      Accept-Encoding:
      - gzip, deflate
      CommandName:
      - aks create
      Connection:
      - keep-alive
      ParameterSetName:
      - --resource-group --name --location --dns-name-prefix --node-count --ssh-key-value
        --service-principal --client-secret --enable-addons
      User-Agent:
      - python/3.6.10 (Linux-5.10.25-linuxkit-x86_64-with) msrest/0.6.21 msrest_azure/0.6.3
        azure-mgmt-resource/12.1.0 Azure-SDK-For-Python AZURECLI/2.23.0 (DOCKER)
      accept-language:
      - en-US
    method: GET
    uri: https://management.azure.com/subscriptions/00000000-0000-0000-0000-000000000000/resourcegroups/defaultresourcegroup-wus2/providers/microsoft.operationalinsights/workspaces/defaultworkspace-c1089427-83d3-4286-9f35-5af546a6eb67-wus2?api-version=2015-11-01-preview
  response:
    body:
      string: "{\r\n  \"properties\": {\r\n    \"source\": \"Azure\",\r\n    \"customerId\"\
        : \"b40d694c-3f73-4bf5-91bc-7dd655f8382d\",\r\n    \"provisioningState\":\
        \ \"Succeeded\",\r\n    \"sku\": {\r\n      \"name\": \"standalone\"\r\n \
        \   },\r\n    \"retentionInDays\": 30,\r\n    \"features\": {\r\n      \"\
        legacy\": 0,\r\n      \"searchVersion\": 1,\r\n      \"enableLogAccessUsingOnlyResourcePermissions\"\
        : true\r\n    },\r\n    \"workspaceCapping\": {\r\n      \"dailyQuotaGb\"\
        : -1.0,\r\n      \"quotaNextResetTime\": \"Wed, 12 May 2021 13:00:00 GMT\"\
        ,\r\n      \"dataIngestionStatus\": \"RespectQuota\"\r\n    },\r\n    \"publicNetworkAccessForIngestion\"\
        : \"Enabled\",\r\n    \"publicNetworkAccessForQuery\": \"Enabled\",\r\n  \
        \  \"createdDate\": \"Fri, 20 Sep 2019 06:26:15 GMT\",\r\n    \"modifiedDate\"\
        : \"Sun, 21 Feb 2021 12:37:34 GMT\"\r\n  },\r\n  \"id\": \"/subscriptions/00000000-0000-0000-0000-000000000000/resourcegroups/defaultresourcegroup-wus2/providers/microsoft.operationalinsights/workspaces/defaultworkspace-c1089427-83d3-4286-9f35-5af546a6eb67-wus2\"\
        ,\r\n  \"name\": \"DefaultWorkspace-c1089427-83d3-4286-9f35-5af546a6eb67-WUS2\"\
        ,\r\n  \"type\": \"Microsoft.OperationalInsights/workspaces\",\r\n  \"location\"\
        : \"westus2\"\r\n}"
    headers:
      cache-control:
      - no-cache
      content-length:
      - '1105'
      content-type:
      - application/json
      date:
      - Wed, 12 May 2021 04:42:40 GMT
      pragma:
      - no-cache
      server:
      - Microsoft-IIS/10.0
      - Microsoft-IIS/10.0
      strict-transport-security:
      - max-age=31536000; includeSubDomains
      transfer-encoding:
      - chunked
      vary:
      - Accept-Encoding
      x-content-type-options:
      - nosniff
      x-powered-by:
      - ASP.NET
      - ASP.NET
    status:
      code: 200
      message: OK
version: 1
