interactions:
- request:
    body: null
    headers:
      Accept:
      - application/json
      Accept-Encoding:
      - gzip, deflate
      CommandName:
      - aks create
      Connection:
      - keep-alive
      ParameterSetName:
      - --resource-group --name --ssh-key-value --load-balancer-sku --load-balancer-managed-outbound-ip-count
        --load-balancer-outbound-ports --load-balancer-idle-timeout
      User-Agent:
      - AZURECLI/2.36.0 azsdk-python-azure-mgmt-resource/21.1.0b1 Python/3.8.10 (Linux-5.13.0-1023-azure-x86_64-with-glibc2.29)
    method: GET
    uri: https://management.azure.com/subscriptions/00000000-0000-0000-0000-000000000000/resourcegroups/clitest000001?api-version=2021-04-01
  response:
    body:
      string: '{"id":"/subscriptions/00000000-0000-0000-0000-000000000000/resourceGroups/clitest000001","name":"clitest000001","type":"Microsoft.Resources/resourceGroups","location":"westus2","tags":{"product":"azurecli","cause":"automation","date":"2022-05-13T06:42:50Z"},"properties":{"provisioningState":"Succeeded"}}'
    headers:
      cache-control:
      - no-cache
      content-length:
      - '305'
      content-type:
      - application/json; charset=utf-8
      date:
      - Fri, 13 May 2022 06:42:51 GMT
      expires:
      - '-1'
      pragma:
      - no-cache
      strict-transport-security:
      - max-age=31536000; includeSubDomains
      vary:
      - Accept-Encoding
      x-content-type-options:
      - nosniff
    status:
      code: 200
      message: OK
- request:
    body: '{"location": "westus2", "identity": {"type": "SystemAssigned"}, "properties":
      {"kubernetesVersion": "", "dnsPrefix": "cliakstest-clitestcsm6nkjcg-79a739",
      "agentPoolProfiles": [{"count": 3, "vmSize": "Standard_DS2_v2", "osDiskSizeGB":
      0, "osType": "Linux", "enableAutoScaling": false, "type": "VirtualMachineScaleSets",
      "mode": "System", "orchestratorVersion": "", "upgradeSettings": {}, "enableNodePublicIP":
      false, "scaleSetPriority": "Regular", "scaleSetEvictionPolicy": "Delete", "spotMaxPrice":
      -1.0, "nodeTaints": [], "enableEncryptionAtHost": false, "enableUltraSSD": false,
      "enableFIPS": false, "name": "nodepool1"}], "linuxProfile": {"adminUsername":
      "azureuser", "ssh": {"publicKeys": [{"keyData": "ssh-rsa AAAAB3NzaC1yc2EAAAADAQABAAABAQDERxHFMvtfO/J7fRynxkHbIk5BUCHLqksWicg3tdvkWeAjqbxEyZi1Xw9QEXgwmXuFaUEUuMIPjPIWQjuhAlxJfesHNWKfdbIXVgayGOaENXTSkbthN3cCBKDTlQ3DFmahsYooXWCiIYWTNs+Da9K6/e2xXkVmxaVgjPCdxkfnGL/TbD5weHQP78ae9EWIqbOcwSjptiLQ4vXIP51fieoLdj960jj2YelYLmyi69CqkGXDpSEZ/3dOzISdPEUkk2T5uoPxnaer/+1X0VYURhnB8AOKTZyGn2o9TvQk3UkW3zKMYDhh6OES5dzx7g0Rp0V2dFYlJyAORZ3aVNdEpGFd
      azcli_aks_live_test@example.com\n"}]}}, "addonProfiles": {}, "enableRBAC": true,
      "networkProfile": {"networkPlugin": "kubenet", "podCidr": "10.244.0.0/16", "serviceCidr":
      "10.0.0.0/16", "dnsServiceIP": "10.0.0.10", "dockerBridgeCidr": "172.17.0.1/16",
      "outboundType": "loadBalancer", "loadBalancerSku": "standard", "loadBalancerProfile":
      {"managedOutboundIPs": {"count": 2, "countIPv6": 0}, "allocatedOutboundPorts":
      2048, "idleTimeoutInMinutes": 5}}, "disableLocalAccounts": false}}'
    headers:
      Accept:
      - application/json
      Accept-Encoding:
      - gzip, deflate
      CommandName:
      - aks create
      Connection:
      - keep-alive
      Content-Length:
      - '1573'
      Content-Type:
      - application/json
      ParameterSetName:
      - --resource-group --name --ssh-key-value --load-balancer-sku --load-balancer-managed-outbound-ip-count
        --load-balancer-outbound-ports --load-balancer-idle-timeout
      User-Agent:
      - AZURECLI/2.36.0 azsdk-python-azure-mgmt-containerservice/19.1.0 Python/3.8.10
        (Linux-5.13.0-1023-azure-x86_64-with-glibc2.29)
    method: PUT
    uri: https://management.azure.com/subscriptions/00000000-0000-0000-0000-000000000000/resourceGroups/clitest000001/providers/Microsoft.ContainerService/managedClusters/cliakstest000002?api-version=2022-04-01
  response:
    body:
      string: "{\n  \"id\": \"/subscriptions/00000000-0000-0000-0000-000000000000/resourcegroups/clitest000001/providers/Microsoft.ContainerService/managedClusters/cliakstest000002\",\n
        \ \"location\": \"westus2\",\n  \"name\": \"cliakstest000002\",\n  \"type\":
        \"Microsoft.ContainerService/ManagedClusters\",\n  \"properties\": {\n   \"provisioningState\":
        \"Creating\",\n   \"powerState\": {\n    \"code\": \"Running\"\n   },\n   \"kubernetesVersion\":
        \"1.22.6\",\n   \"currentKubernetesVersion\": \"1.22.6\",\n   \"dnsPrefix\":
        \"cliakstest-clitestcsm6nkjcg-79a739\",\n   \"fqdn\": \"cliakstest-clitestcsm6nkjcg-79a739-048cb2b6.hcp.westus2.azmk8s.io\",\n
        \  \"azurePortalFQDN\": \"cliakstest-clitestcsm6nkjcg-79a739-048cb2b6.portal.hcp.westus2.azmk8s.io\",\n
        \  \"agentPoolProfiles\": [\n    {\n     \"name\": \"nodepool1\",\n     \"count\":
        3,\n     \"vmSize\": \"Standard_DS2_v2\",\n     \"osDiskSizeGB\": 128,\n     \"osDiskType\":
        \"Managed\",\n     \"kubeletDiskType\": \"OS\",\n     \"maxPods\": 110,\n
        \    \"type\": \"VirtualMachineScaleSets\",\n     \"enableAutoScaling\": false,\n
        \    \"provisioningState\": \"Creating\",\n     \"powerState\": {\n      \"code\":
        \"Running\"\n     },\n     \"orchestratorVersion\": \"1.22.6\",\n     \"currentOrchestratorVersion\":
        \"1.22.6\",\n     \"enableNodePublicIP\": false,\n     \"mode\": \"System\",\n
        \    \"enableEncryptionAtHost\": false,\n     \"enableUltraSSD\": false,\n
        \    \"osType\": \"Linux\",\n     \"osSKU\": \"Ubuntu\",\n     \"nodeImageVersion\":
        \"AKSUbuntu-1804gen2containerd-2022.04.27\",\n     \"upgradeSettings\": {},\n
        \    \"enableFIPS\": false\n    }\n   ],\n   \"linuxProfile\": {\n    \"adminUsername\":
        \"azureuser\",\n    \"ssh\": {\n     \"publicKeys\": [\n      {\n       \"keyData\":
        \"ssh-rsa AAAAB3NzaC1yc2EAAAADAQABAAABAQDERxHFMvtfO/J7fRynxkHbIk5BUCHLqksWicg3tdvkWeAjqbxEyZi1Xw9QEXgwmXuFaUEUuMIPjPIWQjuhAlxJfesHNWKfdbIXVgayGOaENXTSkbthN3cCBKDTlQ3DFmahsYooXWCiIYWTNs+Da9K6/e2xXkVmxaVgjPCdxkfnGL/TbD5weHQP78ae9EWIqbOcwSjptiLQ4vXIP51fieoLdj960jj2YelYLmyi69CqkGXDpSEZ/3dOzISdPEUkk2T5uoPxnaer/+1X0VYURhnB8AOKTZyGn2o9TvQk3UkW3zKMYDhh6OES5dzx7g0Rp0V2dFYlJyAORZ3aVNdEpGFd
        azcli_aks_live_test@example.com\\n\"\n      }\n     ]\n    }\n   },\n   \"servicePrincipalProfile\":
        {\n    \"clientId\":\"00000000-0000-0000-0000-000000000001\"\n   },\n   \"nodeResourceGroup\":
        \"MC_clitest000001_cliakstest000002_westus2\",\n   \"enableRBAC\": true,\n
        \  \"networkProfile\": {\n    \"networkPlugin\": \"kubenet\",\n    \"loadBalancerSku\":
        \"standard\",\n    \"loadBalancerProfile\": {\n     \"managedOutboundIPs\":
        {\n      \"count\": 2\n     },\n     \"allocatedOutboundPorts\": 2048,\n     \"idleTimeoutInMinutes\":
        5\n    },\n    \"podCidr\": \"10.244.0.0/16\",\n    \"serviceCidr\": \"10.0.0.0/16\",\n
        \   \"dnsServiceIP\": \"10.0.0.10\",\n    \"dockerBridgeCidr\": \"172.17.0.1/16\",\n
        \   \"outboundType\": \"loadBalancer\",\n    \"podCidrs\": [\n     \"10.244.0.0/16\"\n
        \   ],\n    \"serviceCidrs\": [\n     \"10.0.0.0/16\"\n    ],\n    \"ipFamilies\":
        [\n     \"IPv4\"\n    ]\n   },\n   \"maxAgentPools\": 100,\n   \"disableLocalAccounts\":
        false,\n   \"securityProfile\": {}\n  },\n  \"identity\": {\n   \"type\":
        \"SystemAssigned\",\n   \"principalId\":\"00000000-0000-0000-0000-000000000001\",\n
        \  \"tenantId\": \"72f988bf-86f1-41af-91ab-2d7cd011db47\"\n  },\n  \"sku\":
        {\n   \"name\": \"Basic\",\n   \"tier\": \"Free\"\n  }\n }"
    headers:
      azure-asyncoperation:
      - https://management.azure.com/subscriptions/00000000-0000-0000-0000-000000000000/providers/Microsoft.ContainerService/locations/westus2/operations/2e145b86-b815-4a7b-938e-07ccfd82872d?api-version=2016-03-30
      cache-control:
      - no-cache
      content-length:
      - '3062'
      content-type:
      - application/json
      date:
      - Fri, 13 May 2022 06:42:56 GMT
      expires:
      - '-1'
      pragma:
      - no-cache
      server:
      - nginx
      strict-transport-security:
      - max-age=31536000; includeSubDomains
      x-content-type-options:
      - nosniff
      x-ms-ratelimit-remaining-subscription-writes:
      - '1199'
    status:
      code: 201
      message: Created
- request:
    body: null
    headers:
      Accept:
      - '*/*'
      Accept-Encoding:
      - gzip, deflate
      CommandName:
      - aks create
      Connection:
      - keep-alive
      ParameterSetName:
      - --resource-group --name --ssh-key-value --load-balancer-sku --load-balancer-managed-outbound-ip-count
        --load-balancer-outbound-ports --load-balancer-idle-timeout
      User-Agent:
      - AZURECLI/2.36.0 azsdk-python-azure-mgmt-containerservice/19.1.0 Python/3.8.10
        (Linux-5.13.0-1023-azure-x86_64-with-glibc2.29)
    method: GET
    uri: https://management.azure.com/subscriptions/00000000-0000-0000-0000-000000000000/providers/Microsoft.ContainerService/locations/westus2/operations/2e145b86-b815-4a7b-938e-07ccfd82872d?api-version=2016-03-30
  response:
    body:
      string: "{\n  \"name\": \"865b142e-15b8-7b4a-938e-07ccfd82872d\",\n  \"status\":
        \"InProgress\",\n  \"startTime\": \"2022-05-13T06:42:56.5366666Z\"\n }"
    headers:
      cache-control:
      - no-cache
      content-length:
      - '126'
      content-type:
      - application/json
      date:
      - Fri, 13 May 2022 06:43:26 GMT
      expires:
      - '-1'
      pragma:
      - no-cache
      server:
      - nginx
      strict-transport-security:
      - max-age=31536000; includeSubDomains
      transfer-encoding:
      - chunked
      vary:
      - Accept-Encoding
      x-content-type-options:
      - nosniff
    status:
      code: 200
      message: OK
- request:
    body: null
    headers:
      Accept:
      - '*/*'
      Accept-Encoding:
      - gzip, deflate
      CommandName:
      - aks create
      Connection:
      - keep-alive
      ParameterSetName:
      - --resource-group --name --ssh-key-value --load-balancer-sku --load-balancer-managed-outbound-ip-count
        --load-balancer-outbound-ports --load-balancer-idle-timeout
      User-Agent:
      - AZURECLI/2.36.0 azsdk-python-azure-mgmt-containerservice/19.1.0 Python/3.8.10
        (Linux-5.13.0-1023-azure-x86_64-with-glibc2.29)
    method: GET
    uri: https://management.azure.com/subscriptions/00000000-0000-0000-0000-000000000000/providers/Microsoft.ContainerService/locations/westus2/operations/2e145b86-b815-4a7b-938e-07ccfd82872d?api-version=2016-03-30
  response:
    body:
      string: "{\n  \"name\": \"865b142e-15b8-7b4a-938e-07ccfd82872d\",\n  \"status\":
        \"InProgress\",\n  \"startTime\": \"2022-05-13T06:42:56.5366666Z\"\n }"
    headers:
      cache-control:
      - no-cache
      content-length:
      - '126'
      content-type:
      - application/json
      date:
      - Fri, 13 May 2022 06:43:56 GMT
      expires:
      - '-1'
      pragma:
      - no-cache
      server:
      - nginx
      strict-transport-security:
      - max-age=31536000; includeSubDomains
      transfer-encoding:
      - chunked
      vary:
      - Accept-Encoding
      x-content-type-options:
      - nosniff
    status:
      code: 200
      message: OK
- request:
    body: null
    headers:
      Accept:
      - '*/*'
      Accept-Encoding:
      - gzip, deflate
      CommandName:
      - aks create
      Connection:
      - keep-alive
      ParameterSetName:
      - --resource-group --name --ssh-key-value --load-balancer-sku --load-balancer-managed-outbound-ip-count
        --load-balancer-outbound-ports --load-balancer-idle-timeout
      User-Agent:
      - AZURECLI/2.36.0 azsdk-python-azure-mgmt-containerservice/19.1.0 Python/3.8.10
        (Linux-5.13.0-1023-azure-x86_64-with-glibc2.29)
    method: GET
    uri: https://management.azure.com/subscriptions/00000000-0000-0000-0000-000000000000/providers/Microsoft.ContainerService/locations/westus2/operations/2e145b86-b815-4a7b-938e-07ccfd82872d?api-version=2016-03-30
  response:
    body:
      string: "{\n  \"name\": \"865b142e-15b8-7b4a-938e-07ccfd82872d\",\n  \"status\":
        \"InProgress\",\n  \"startTime\": \"2022-05-13T06:42:56.5366666Z\"\n }"
    headers:
      cache-control:
      - no-cache
      content-length:
      - '126'
      content-type:
      - application/json
      date:
      - Fri, 13 May 2022 06:44:26 GMT
      expires:
      - '-1'
      pragma:
      - no-cache
      server:
      - nginx
      strict-transport-security:
      - max-age=31536000; includeSubDomains
      transfer-encoding:
      - chunked
      vary:
      - Accept-Encoding
      x-content-type-options:
      - nosniff
    status:
      code: 200
      message: OK
- request:
    body: null
    headers:
      Accept:
      - '*/*'
      Accept-Encoding:
      - gzip, deflate
      CommandName:
      - aks create
      Connection:
      - keep-alive
      ParameterSetName:
      - --resource-group --name --ssh-key-value --load-balancer-sku --load-balancer-managed-outbound-ip-count
        --load-balancer-outbound-ports --load-balancer-idle-timeout
      User-Agent:
      - AZURECLI/2.36.0 azsdk-python-azure-mgmt-containerservice/19.1.0 Python/3.8.10
        (Linux-5.13.0-1023-azure-x86_64-with-glibc2.29)
    method: GET
    uri: https://management.azure.com/subscriptions/00000000-0000-0000-0000-000000000000/providers/Microsoft.ContainerService/locations/westus2/operations/2e145b86-b815-4a7b-938e-07ccfd82872d?api-version=2016-03-30
  response:
    body:
      string: "{\n  \"name\": \"865b142e-15b8-7b4a-938e-07ccfd82872d\",\n  \"status\":
        \"InProgress\",\n  \"startTime\": \"2022-05-13T06:42:56.5366666Z\"\n }"
    headers:
      cache-control:
      - no-cache
      content-length:
      - '126'
      content-type:
      - application/json
      date:
      - Fri, 13 May 2022 06:44:56 GMT
      expires:
      - '-1'
      pragma:
      - no-cache
      server:
      - nginx
      strict-transport-security:
      - max-age=31536000; includeSubDomains
      transfer-encoding:
      - chunked
      vary:
      - Accept-Encoding
      x-content-type-options:
      - nosniff
    status:
      code: 200
      message: OK
- request:
    body: null
    headers:
      Accept:
      - '*/*'
      Accept-Encoding:
      - gzip, deflate
      CommandName:
      - aks create
      Connection:
      - keep-alive
      ParameterSetName:
      - --resource-group --name --ssh-key-value --load-balancer-sku --load-balancer-managed-outbound-ip-count
        --load-balancer-outbound-ports --load-balancer-idle-timeout
      User-Agent:
      - AZURECLI/2.36.0 azsdk-python-azure-mgmt-containerservice/19.1.0 Python/3.8.10
        (Linux-5.13.0-1023-azure-x86_64-with-glibc2.29)
    method: GET
    uri: https://management.azure.com/subscriptions/00000000-0000-0000-0000-000000000000/providers/Microsoft.ContainerService/locations/westus2/operations/2e145b86-b815-4a7b-938e-07ccfd82872d?api-version=2016-03-30
  response:
    body:
      string: "{\n  \"name\": \"865b142e-15b8-7b4a-938e-07ccfd82872d\",\n  \"status\":
        \"InProgress\",\n  \"startTime\": \"2022-05-13T06:42:56.5366666Z\"\n }"
    headers:
      cache-control:
      - no-cache
      content-length:
      - '126'
      content-type:
      - application/json
      date:
      - Fri, 13 May 2022 06:45:26 GMT
      expires:
      - '-1'
      pragma:
      - no-cache
      server:
      - nginx
      strict-transport-security:
      - max-age=31536000; includeSubDomains
      transfer-encoding:
      - chunked
      vary:
      - Accept-Encoding
      x-content-type-options:
      - nosniff
    status:
      code: 200
      message: OK
- request:
    body: null
    headers:
      Accept:
      - '*/*'
      Accept-Encoding:
      - gzip, deflate
      CommandName:
      - aks create
      Connection:
      - keep-alive
      ParameterSetName:
      - --resource-group --name --ssh-key-value --load-balancer-sku --load-balancer-managed-outbound-ip-count
        --load-balancer-outbound-ports --load-balancer-idle-timeout
      User-Agent:
      - AZURECLI/2.36.0 azsdk-python-azure-mgmt-containerservice/19.1.0 Python/3.8.10
        (Linux-5.13.0-1023-azure-x86_64-with-glibc2.29)
    method: GET
    uri: https://management.azure.com/subscriptions/00000000-0000-0000-0000-000000000000/providers/Microsoft.ContainerService/locations/westus2/operations/2e145b86-b815-4a7b-938e-07ccfd82872d?api-version=2016-03-30
  response:
    body:
      string: "{\n  \"name\": \"865b142e-15b8-7b4a-938e-07ccfd82872d\",\n  \"status\":
        \"InProgress\",\n  \"startTime\": \"2022-05-13T06:42:56.5366666Z\"\n }"
    headers:
      cache-control:
      - no-cache
      content-length:
      - '126'
      content-type:
      - application/json
      date:
      - Fri, 13 May 2022 06:45:56 GMT
      expires:
      - '-1'
      pragma:
      - no-cache
      server:
      - nginx
      strict-transport-security:
      - max-age=31536000; includeSubDomains
      transfer-encoding:
      - chunked
      vary:
      - Accept-Encoding
      x-content-type-options:
      - nosniff
    status:
      code: 200
      message: OK
- request:
    body: null
    headers:
      Accept:
      - '*/*'
      Accept-Encoding:
      - gzip, deflate
      CommandName:
      - aks create
      Connection:
      - keep-alive
      ParameterSetName:
      - --resource-group --name --ssh-key-value --load-balancer-sku --load-balancer-managed-outbound-ip-count
        --load-balancer-outbound-ports --load-balancer-idle-timeout
      User-Agent:
      - AZURECLI/2.36.0 azsdk-python-azure-mgmt-containerservice/19.1.0 Python/3.8.10
        (Linux-5.13.0-1023-azure-x86_64-with-glibc2.29)
    method: GET
    uri: https://management.azure.com/subscriptions/00000000-0000-0000-0000-000000000000/providers/Microsoft.ContainerService/locations/westus2/operations/2e145b86-b815-4a7b-938e-07ccfd82872d?api-version=2016-03-30
  response:
    body:
      string: "{\n  \"name\": \"865b142e-15b8-7b4a-938e-07ccfd82872d\",\n  \"status\":
        \"InProgress\",\n  \"startTime\": \"2022-05-13T06:42:56.5366666Z\"\n }"
    headers:
      cache-control:
      - no-cache
      content-length:
      - '126'
      content-type:
      - application/json
      date:
      - Fri, 13 May 2022 06:46:26 GMT
      expires:
      - '-1'
      pragma:
      - no-cache
      server:
      - nginx
      strict-transport-security:
      - max-age=31536000; includeSubDomains
      transfer-encoding:
      - chunked
      vary:
      - Accept-Encoding
      x-content-type-options:
      - nosniff
    status:
      code: 200
      message: OK
- request:
    body: null
    headers:
      Accept:
      - '*/*'
      Accept-Encoding:
      - gzip, deflate
      CommandName:
      - aks create
      Connection:
      - keep-alive
      ParameterSetName:
      - --resource-group --name --ssh-key-value --load-balancer-sku --load-balancer-managed-outbound-ip-count
        --load-balancer-outbound-ports --load-balancer-idle-timeout
      User-Agent:
      - AZURECLI/2.36.0 azsdk-python-azure-mgmt-containerservice/19.1.0 Python/3.8.10
        (Linux-5.13.0-1023-azure-x86_64-with-glibc2.29)
    method: GET
    uri: https://management.azure.com/subscriptions/00000000-0000-0000-0000-000000000000/providers/Microsoft.ContainerService/locations/westus2/operations/2e145b86-b815-4a7b-938e-07ccfd82872d?api-version=2016-03-30
  response:
    body:
      string: "{\n  \"name\": \"865b142e-15b8-7b4a-938e-07ccfd82872d\",\n  \"status\":
        \"Succeeded\",\n  \"startTime\": \"2022-05-13T06:42:56.5366666Z\",\n  \"endTime\":
        \"2022-05-13T06:46:50.4250322Z\"\n }"
    headers:
      cache-control:
      - no-cache
      content-length:
      - '170'
      content-type:
      - application/json
      date:
      - Fri, 13 May 2022 06:46:57 GMT
      expires:
      - '-1'
      pragma:
      - no-cache
      server:
      - nginx
      strict-transport-security:
      - max-age=31536000; includeSubDomains
      transfer-encoding:
      - chunked
      vary:
      - Accept-Encoding
      x-content-type-options:
      - nosniff
    status:
      code: 200
      message: OK
- request:
    body: null
    headers:
      Accept:
      - '*/*'
      Accept-Encoding:
      - gzip, deflate
      CommandName:
      - aks create
      Connection:
      - keep-alive
      ParameterSetName:
      - --resource-group --name --ssh-key-value --load-balancer-sku --load-balancer-managed-outbound-ip-count
        --load-balancer-outbound-ports --load-balancer-idle-timeout
      User-Agent:
      - AZURECLI/2.36.0 azsdk-python-azure-mgmt-containerservice/19.1.0 Python/3.8.10
        (Linux-5.13.0-1023-azure-x86_64-with-glibc2.29)
    method: GET
    uri: https://management.azure.com/subscriptions/00000000-0000-0000-0000-000000000000/resourceGroups/clitest000001/providers/Microsoft.ContainerService/managedClusters/cliakstest000002?api-version=2022-04-01
  response:
    body:
      string: "{\n  \"id\": \"/subscriptions/00000000-0000-0000-0000-000000000000/resourcegroups/clitest000001/providers/Microsoft.ContainerService/managedClusters/cliakstest000002\",\n
        \ \"location\": \"westus2\",\n  \"name\": \"cliakstest000002\",\n  \"type\":
        \"Microsoft.ContainerService/ManagedClusters\",\n  \"properties\": {\n   \"provisioningState\":
        \"Succeeded\",\n   \"powerState\": {\n    \"code\": \"Running\"\n   },\n   \"kubernetesVersion\":
        \"1.22.6\",\n   \"currentKubernetesVersion\": \"1.22.6\",\n   \"dnsPrefix\":
        \"cliakstest-clitestcsm6nkjcg-79a739\",\n   \"fqdn\": \"cliakstest-clitestcsm6nkjcg-79a739-048cb2b6.hcp.westus2.azmk8s.io\",\n
        \  \"azurePortalFQDN\": \"cliakstest-clitestcsm6nkjcg-79a739-048cb2b6.portal.hcp.westus2.azmk8s.io\",\n
        \  \"agentPoolProfiles\": [\n    {\n     \"name\": \"nodepool1\",\n     \"count\":
        3,\n     \"vmSize\": \"Standard_DS2_v2\",\n     \"osDiskSizeGB\": 128,\n     \"osDiskType\":
        \"Managed\",\n     \"kubeletDiskType\": \"OS\",\n     \"maxPods\": 110,\n
        \    \"type\": \"VirtualMachineScaleSets\",\n     \"enableAutoScaling\": false,\n
        \    \"provisioningState\": \"Succeeded\",\n     \"powerState\": {\n      \"code\":
        \"Running\"\n     },\n     \"orchestratorVersion\": \"1.22.6\",\n     \"currentOrchestratorVersion\":
        \"1.22.6\",\n     \"enableNodePublicIP\": false,\n     \"mode\": \"System\",\n
        \    \"enableEncryptionAtHost\": false,\n     \"enableUltraSSD\": false,\n
        \    \"osType\": \"Linux\",\n     \"osSKU\": \"Ubuntu\",\n     \"nodeImageVersion\":
        \"AKSUbuntu-1804gen2containerd-2022.04.27\",\n     \"upgradeSettings\": {},\n
        \    \"enableFIPS\": false\n    }\n   ],\n   \"linuxProfile\": {\n    \"adminUsername\":
        \"azureuser\",\n    \"ssh\": {\n     \"publicKeys\": [\n      {\n       \"keyData\":
        \"ssh-rsa AAAAB3NzaC1yc2EAAAADAQABAAABAQDERxHFMvtfO/J7fRynxkHbIk5BUCHLqksWicg3tdvkWeAjqbxEyZi1Xw9QEXgwmXuFaUEUuMIPjPIWQjuhAlxJfesHNWKfdbIXVgayGOaENXTSkbthN3cCBKDTlQ3DFmahsYooXWCiIYWTNs+Da9K6/e2xXkVmxaVgjPCdxkfnGL/TbD5weHQP78ae9EWIqbOcwSjptiLQ4vXIP51fieoLdj960jj2YelYLmyi69CqkGXDpSEZ/3dOzISdPEUkk2T5uoPxnaer/+1X0VYURhnB8AOKTZyGn2o9TvQk3UkW3zKMYDhh6OES5dzx7g0Rp0V2dFYlJyAORZ3aVNdEpGFd
        azcli_aks_live_test@example.com\\n\"\n      }\n     ]\n    }\n   },\n   \"servicePrincipalProfile\":
        {\n    \"clientId\":\"00000000-0000-0000-0000-000000000001\"\n   },\n   \"nodeResourceGroup\":
        \"MC_clitest000001_cliakstest000002_westus2\",\n   \"enableRBAC\": true,\n
        \  \"networkProfile\": {\n    \"networkPlugin\": \"kubenet\",\n    \"loadBalancerSku\":
        \"Standard\",\n    \"loadBalancerProfile\": {\n     \"managedOutboundIPs\":
        {\n      \"count\": 2\n     },\n     \"effectiveOutboundIPs\": [\n      {\n
        \      \"id\": \"/subscriptions/00000000-0000-0000-0000-000000000000/resourceGroups/MC_clitest000001_cliakstest000002_westus2/providers/Microsoft.Network/publicIPAddresses/b19689e3-5947-4d62-aabd-5dc2d4f75cf6\"\n
        \     },\n      {\n       \"id\": \"/subscriptions/00000000-0000-0000-0000-000000000000/resourceGroups/MC_clitest000001_cliakstest000002_westus2/providers/Microsoft.Network/publicIPAddresses/bf552f43-2c32-442c-a3b5-fb1faa318fe4\"\n
        \     }\n     ],\n     \"allocatedOutboundPorts\": 2048,\n     \"idleTimeoutInMinutes\":
        5\n    },\n    \"podCidr\": \"10.244.0.0/16\",\n    \"serviceCidr\": \"10.0.0.0/16\",\n
        \   \"dnsServiceIP\": \"10.0.0.10\",\n    \"dockerBridgeCidr\": \"172.17.0.1/16\",\n
        \   \"outboundType\": \"loadBalancer\",\n    \"podCidrs\": [\n     \"10.244.0.0/16\"\n
        \   ],\n    \"serviceCidrs\": [\n     \"10.0.0.0/16\"\n    ],\n    \"ipFamilies\":
        [\n     \"IPv4\"\n    ]\n   },\n   \"maxAgentPools\": 100,\n   \"identityProfile\":
        {\n    \"kubeletidentity\": {\n     \"resourceId\": \"/subscriptions/00000000-0000-0000-0000-000000000000/resourcegroups/MC_clitest000001_cliakstest000002_westus2/providers/Microsoft.ManagedIdentity/userAssignedIdentities/cliakstest000002-agentpool\",\n
        \    \"clientId\":\"00000000-0000-0000-0000-000000000001\",\n     \"objectId\":\"00000000-0000-0000-0000-000000000001\"\n
        \   }\n   },\n   \"disableLocalAccounts\": false,\n   \"securityProfile\":
        {}\n  },\n  \"identity\": {\n   \"type\": \"SystemAssigned\",\n   \"principalId\":\"00000000-0000-0000-0000-000000000001\",\n
        \  \"tenantId\": \"72f988bf-86f1-41af-91ab-2d7cd011db47\"\n  },\n  \"sku\":
        {\n   \"name\": \"Basic\",\n   \"tier\": \"Free\"\n  }\n }"
    headers:
      cache-control:
      - no-cache
      content-length:
      - '3939'
      content-type:
      - application/json
      date:
      - Fri, 13 May 2022 06:46:57 GMT
      expires:
      - '-1'
      pragma:
      - no-cache
      server:
      - nginx
      strict-transport-security:
      - max-age=31536000; includeSubDomains
      transfer-encoding:
      - chunked
      vary:
      - Accept-Encoding
      x-content-type-options:
      - nosniff
    status:
      code: 200
      message: OK
- request:
    body: null
    headers:
      Accept:
      - application/json
      Accept-Encoding:
      - gzip, deflate
      CommandName:
      - aks update
      Connection:
      - keep-alive
      ParameterSetName:
      - --resource-group --name --load-balancer-outbound-ports --load-balancer-idle-timeout
      User-Agent:
      - AZURECLI/2.36.0 azsdk-python-azure-mgmt-containerservice/19.1.0 Python/3.8.10
        (Linux-5.13.0-1023-azure-x86_64-with-glibc2.29)
    method: GET
    uri: https://management.azure.com/subscriptions/00000000-0000-0000-0000-000000000000/resourceGroups/clitest000001/providers/Microsoft.ContainerService/managedClusters/cliakstest000002?api-version=2022-04-01
  response:
    body:
      string: "{\n  \"id\": \"/subscriptions/00000000-0000-0000-0000-000000000000/resourcegroups/clitest000001/providers/Microsoft.ContainerService/managedClusters/cliakstest000002\",\n
        \ \"location\": \"westus2\",\n  \"name\": \"cliakstest000002\",\n  \"type\":
        \"Microsoft.ContainerService/ManagedClusters\",\n  \"properties\": {\n   \"provisioningState\":
        \"Succeeded\",\n   \"powerState\": {\n    \"code\": \"Running\"\n   },\n   \"kubernetesVersion\":
        \"1.22.6\",\n   \"currentKubernetesVersion\": \"1.22.6\",\n   \"dnsPrefix\":
        \"cliakstest-clitestcsm6nkjcg-79a739\",\n   \"fqdn\": \"cliakstest-clitestcsm6nkjcg-79a739-048cb2b6.hcp.westus2.azmk8s.io\",\n
        \  \"azurePortalFQDN\": \"cliakstest-clitestcsm6nkjcg-79a739-048cb2b6.portal.hcp.westus2.azmk8s.io\",\n
        \  \"agentPoolProfiles\": [\n    {\n     \"name\": \"nodepool1\",\n     \"count\":
        3,\n     \"vmSize\": \"Standard_DS2_v2\",\n     \"osDiskSizeGB\": 128,\n     \"osDiskType\":
        \"Managed\",\n     \"kubeletDiskType\": \"OS\",\n     \"maxPods\": 110,\n
        \    \"type\": \"VirtualMachineScaleSets\",\n     \"enableAutoScaling\": false,\n
        \    \"provisioningState\": \"Succeeded\",\n     \"powerState\": {\n      \"code\":
        \"Running\"\n     },\n     \"orchestratorVersion\": \"1.22.6\",\n     \"currentOrchestratorVersion\":
        \"1.22.6\",\n     \"enableNodePublicIP\": false,\n     \"mode\": \"System\",\n
        \    \"enableEncryptionAtHost\": false,\n     \"enableUltraSSD\": false,\n
        \    \"osType\": \"Linux\",\n     \"osSKU\": \"Ubuntu\",\n     \"nodeImageVersion\":
        \"AKSUbuntu-1804gen2containerd-2022.04.27\",\n     \"upgradeSettings\": {},\n
        \    \"enableFIPS\": false\n    }\n   ],\n   \"linuxProfile\": {\n    \"adminUsername\":
        \"azureuser\",\n    \"ssh\": {\n     \"publicKeys\": [\n      {\n       \"keyData\":
        \"ssh-rsa AAAAB3NzaC1yc2EAAAADAQABAAABAQDERxHFMvtfO/J7fRynxkHbIk5BUCHLqksWicg3tdvkWeAjqbxEyZi1Xw9QEXgwmXuFaUEUuMIPjPIWQjuhAlxJfesHNWKfdbIXVgayGOaENXTSkbthN3cCBKDTlQ3DFmahsYooXWCiIYWTNs+Da9K6/e2xXkVmxaVgjPCdxkfnGL/TbD5weHQP78ae9EWIqbOcwSjptiLQ4vXIP51fieoLdj960jj2YelYLmyi69CqkGXDpSEZ/3dOzISdPEUkk2T5uoPxnaer/+1X0VYURhnB8AOKTZyGn2o9TvQk3UkW3zKMYDhh6OES5dzx7g0Rp0V2dFYlJyAORZ3aVNdEpGFd
        azcli_aks_live_test@example.com\\n\"\n      }\n     ]\n    }\n   },\n   \"servicePrincipalProfile\":
        {\n    \"clientId\":\"00000000-0000-0000-0000-000000000001\"\n   },\n   \"nodeResourceGroup\":
        \"MC_clitest000001_cliakstest000002_westus2\",\n   \"enableRBAC\": true,\n
        \  \"networkProfile\": {\n    \"networkPlugin\": \"kubenet\",\n    \"loadBalancerSku\":
        \"Standard\",\n    \"loadBalancerProfile\": {\n     \"managedOutboundIPs\":
        {\n      \"count\": 2\n     },\n     \"effectiveOutboundIPs\": [\n      {\n
        \      \"id\": \"/subscriptions/00000000-0000-0000-0000-000000000000/resourceGroups/MC_clitest000001_cliakstest000002_westus2/providers/Microsoft.Network/publicIPAddresses/b19689e3-5947-4d62-aabd-5dc2d4f75cf6\"\n
        \     },\n      {\n       \"id\": \"/subscriptions/00000000-0000-0000-0000-000000000000/resourceGroups/MC_clitest000001_cliakstest000002_westus2/providers/Microsoft.Network/publicIPAddresses/bf552f43-2c32-442c-a3b5-fb1faa318fe4\"\n
        \     }\n     ],\n     \"allocatedOutboundPorts\": 2048,\n     \"idleTimeoutInMinutes\":
        5\n    },\n    \"podCidr\": \"10.244.0.0/16\",\n    \"serviceCidr\": \"10.0.0.0/16\",\n
        \   \"dnsServiceIP\": \"10.0.0.10\",\n    \"dockerBridgeCidr\": \"172.17.0.1/16\",\n
        \   \"outboundType\": \"loadBalancer\",\n    \"podCidrs\": [\n     \"10.244.0.0/16\"\n
        \   ],\n    \"serviceCidrs\": [\n     \"10.0.0.0/16\"\n    ],\n    \"ipFamilies\":
        [\n     \"IPv4\"\n    ]\n   },\n   \"maxAgentPools\": 100,\n   \"identityProfile\":
        {\n    \"kubeletidentity\": {\n     \"resourceId\": \"/subscriptions/00000000-0000-0000-0000-000000000000/resourcegroups/MC_clitest000001_cliakstest000002_westus2/providers/Microsoft.ManagedIdentity/userAssignedIdentities/cliakstest000002-agentpool\",\n
        \    \"clientId\":\"00000000-0000-0000-0000-000000000001\",\n     \"objectId\":\"00000000-0000-0000-0000-000000000001\"\n
        \   }\n   },\n   \"disableLocalAccounts\": false,\n   \"securityProfile\":
        {}\n  },\n  \"identity\": {\n   \"type\": \"SystemAssigned\",\n   \"principalId\":\"00000000-0000-0000-0000-000000000001\",\n
        \  \"tenantId\": \"72f988bf-86f1-41af-91ab-2d7cd011db47\"\n  },\n  \"sku\":
        {\n   \"name\": \"Basic\",\n   \"tier\": \"Free\"\n  }\n }"
    headers:
      cache-control:
      - no-cache
      content-length:
      - '3939'
      content-type:
      - application/json
      date:
      - Fri, 13 May 2022 06:46:57 GMT
      expires:
      - '-1'
      pragma:
      - no-cache
      server:
      - nginx
      strict-transport-security:
      - max-age=31536000; includeSubDomains
      transfer-encoding:
      - chunked
      vary:
      - Accept-Encoding
      x-content-type-options:
      - nosniff
    status:
      code: 200
      message: OK
- request:
    body: '{"location": "westus2", "sku": {"name": "Basic", "tier": "Free"}, "identity":
      {"type": "SystemAssigned"}, "properties": {"kubernetesVersion": "1.22.6", "dnsPrefix":
      "cliakstest-clitestcsm6nkjcg-79a739", "agentPoolProfiles": [{"count": 3, "vmSize":
      "Standard_DS2_v2", "osDiskSizeGB": 128, "osDiskType": "Managed", "kubeletDiskType":
      "OS", "maxPods": 110, "osType": "Linux", "osSKU": "Ubuntu", "enableAutoScaling":
      false, "type": "VirtualMachineScaleSets", "mode": "System", "orchestratorVersion":
      "1.22.6", "upgradeSettings": {}, "powerState": {"code": "Running"}, "enableNodePublicIP":
      false, "enableEncryptionAtHost": false, "enableUltraSSD": false, "enableFIPS":
      false, "name": "nodepool1"}], "linuxProfile": {"adminUsername": "azureuser",
      "ssh": {"publicKeys": [{"keyData": "ssh-rsa AAAAB3NzaC1yc2EAAAADAQABAAABAQDERxHFMvtfO/J7fRynxkHbIk5BUCHLqksWicg3tdvkWeAjqbxEyZi1Xw9QEXgwmXuFaUEUuMIPjPIWQjuhAlxJfesHNWKfdbIXVgayGOaENXTSkbthN3cCBKDTlQ3DFmahsYooXWCiIYWTNs+Da9K6/e2xXkVmxaVgjPCdxkfnGL/TbD5weHQP78ae9EWIqbOcwSjptiLQ4vXIP51fieoLdj960jj2YelYLmyi69CqkGXDpSEZ/3dOzISdPEUkk2T5uoPxnaer/+1X0VYURhnB8AOKTZyGn2o9TvQk3UkW3zKMYDhh6OES5dzx7g0Rp0V2dFYlJyAORZ3aVNdEpGFd
      azcli_aks_live_test@example.com\n"}]}}, "servicePrincipalProfile": {"clientId":"00000000-0000-0000-0000-000000000001"},
      "nodeResourceGroup": "MC_clitest000001_cliakstest000002_westus2", "enableRBAC":
      true, "networkProfile": {"networkPlugin": "kubenet", "podCidr": "10.244.0.0/16",
      "serviceCidr": "10.0.0.0/16", "dnsServiceIP": "10.0.0.10", "dockerBridgeCidr":
      "172.17.0.1/16", "outboundType": "loadBalancer", "loadBalancerSku": "Standard",
      "loadBalancerProfile": {"managedOutboundIPs": {"count": 2}, "effectiveOutboundIPs":
      [{"id": "/subscriptions/00000000-0000-0000-0000-000000000000/resourceGroups/MC_clitest000001_cliakstest000002_westus2/providers/Microsoft.Network/publicIPAddresses/b19689e3-5947-4d62-aabd-5dc2d4f75cf6"},
      {"id": "/subscriptions/00000000-0000-0000-0000-000000000000/resourceGroups/MC_clitest000001_cliakstest000002_westus2/providers/Microsoft.Network/publicIPAddresses/bf552f43-2c32-442c-a3b5-fb1faa318fe4"}],
      "allocatedOutboundPorts": 1024, "idleTimeoutInMinutes": 10}, "podCidrs": ["10.244.0.0/16"],
      "serviceCidrs": ["10.0.0.0/16"], "ipFamilies": ["IPv4"]}, "identityProfile":
      {"kubeletidentity": {"resourceId": "/subscriptions/00000000-0000-0000-0000-000000000000/resourcegroups/MC_clitest000001_cliakstest000002_westus2/providers/Microsoft.ManagedIdentity/userAssignedIdentities/cliakstest000002-agentpool",
      "clientId":"00000000-0000-0000-0000-000000000001", "objectId":"00000000-0000-0000-0000-000000000001"}},
      "disableLocalAccounts": false, "securityProfile": {}}}'
    headers:
      Accept:
      - application/json
      Accept-Encoding:
      - gzip, deflate
      CommandName:
      - aks update
      Connection:
      - keep-alive
      Content-Length:
      - '2651'
      Content-Type:
      - application/json
      ParameterSetName:
      - --resource-group --name --load-balancer-outbound-ports --load-balancer-idle-timeout
      User-Agent:
      - AZURECLI/2.36.0 azsdk-python-azure-mgmt-containerservice/19.1.0 Python/3.8.10
        (Linux-5.13.0-1023-azure-x86_64-with-glibc2.29)
    method: PUT
    uri: https://management.azure.com/subscriptions/00000000-0000-0000-0000-000000000000/resourceGroups/clitest000001/providers/Microsoft.ContainerService/managedClusters/cliakstest000002?api-version=2022-04-01
  response:
    body:
      string: "{\n  \"id\": \"/subscriptions/00000000-0000-0000-0000-000000000000/resourcegroups/clitest000001/providers/Microsoft.ContainerService/managedClusters/cliakstest000002\",\n
        \ \"location\": \"westus2\",\n  \"name\": \"cliakstest000002\",\n  \"type\":
        \"Microsoft.ContainerService/ManagedClusters\",\n  \"properties\": {\n   \"provisioningState\":
        \"Updating\",\n   \"powerState\": {\n    \"code\": \"Running\"\n   },\n   \"kubernetesVersion\":
        \"1.22.6\",\n   \"currentKubernetesVersion\": \"1.22.6\",\n   \"dnsPrefix\":
        \"cliakstest-clitestcsm6nkjcg-79a739\",\n   \"fqdn\": \"cliakstest-clitestcsm6nkjcg-79a739-048cb2b6.hcp.westus2.azmk8s.io\",\n
        \  \"azurePortalFQDN\": \"cliakstest-clitestcsm6nkjcg-79a739-048cb2b6.portal.hcp.westus2.azmk8s.io\",\n
        \  \"agentPoolProfiles\": [\n    {\n     \"name\": \"nodepool1\",\n     \"count\":
        3,\n     \"vmSize\": \"Standard_DS2_v2\",\n     \"osDiskSizeGB\": 128,\n     \"osDiskType\":
        \"Managed\",\n     \"kubeletDiskType\": \"OS\",\n     \"maxPods\": 110,\n
        \    \"type\": \"VirtualMachineScaleSets\",\n     \"enableAutoScaling\": false,\n
        \    \"provisioningState\": \"Updating\",\n     \"powerState\": {\n      \"code\":
        \"Running\"\n     },\n     \"orchestratorVersion\": \"1.22.6\",\n     \"currentOrchestratorVersion\":
        \"1.22.6\",\n     \"enableNodePublicIP\": false,\n     \"mode\": \"System\",\n
        \    \"enableEncryptionAtHost\": false,\n     \"enableUltraSSD\": false,\n
        \    \"osType\": \"Linux\",\n     \"osSKU\": \"Ubuntu\",\n     \"nodeImageVersion\":
        \"AKSUbuntu-1804gen2containerd-2022.04.27\",\n     \"upgradeSettings\": {},\n
        \    \"enableFIPS\": false\n    }\n   ],\n   \"linuxProfile\": {\n    \"adminUsername\":
        \"azureuser\",\n    \"ssh\": {\n     \"publicKeys\": [\n      {\n       \"keyData\":
        \"ssh-rsa AAAAB3NzaC1yc2EAAAADAQABAAABAQDERxHFMvtfO/J7fRynxkHbIk5BUCHLqksWicg3tdvkWeAjqbxEyZi1Xw9QEXgwmXuFaUEUuMIPjPIWQjuhAlxJfesHNWKfdbIXVgayGOaENXTSkbthN3cCBKDTlQ3DFmahsYooXWCiIYWTNs+Da9K6/e2xXkVmxaVgjPCdxkfnGL/TbD5weHQP78ae9EWIqbOcwSjptiLQ4vXIP51fieoLdj960jj2YelYLmyi69CqkGXDpSEZ/3dOzISdPEUkk2T5uoPxnaer/+1X0VYURhnB8AOKTZyGn2o9TvQk3UkW3zKMYDhh6OES5dzx7g0Rp0V2dFYlJyAORZ3aVNdEpGFd
        azcli_aks_live_test@example.com\\n\"\n      }\n     ]\n    }\n   },\n   \"servicePrincipalProfile\":
        {\n    \"clientId\":\"00000000-0000-0000-0000-000000000001\"\n   },\n   \"nodeResourceGroup\":
        \"MC_clitest000001_cliakstest000002_westus2\",\n   \"enableRBAC\": true,\n
        \  \"networkProfile\": {\n    \"networkPlugin\": \"kubenet\",\n    \"loadBalancerSku\":
        \"Standard\",\n    \"loadBalancerProfile\": {\n     \"managedOutboundIPs\":
        {\n      \"count\": 2\n     },\n     \"effectiveOutboundIPs\": [\n      {\n
        \      \"id\": \"/subscriptions/00000000-0000-0000-0000-000000000000/resourceGroups/MC_clitest000001_cliakstest000002_westus2/providers/Microsoft.Network/publicIPAddresses/b19689e3-5947-4d62-aabd-5dc2d4f75cf6\"\n
        \     },\n      {\n       \"id\": \"/subscriptions/00000000-0000-0000-0000-000000000000/resourceGroups/MC_clitest000001_cliakstest000002_westus2/providers/Microsoft.Network/publicIPAddresses/bf552f43-2c32-442c-a3b5-fb1faa318fe4\"\n
        \     }\n     ],\n     \"allocatedOutboundPorts\": 1024,\n     \"idleTimeoutInMinutes\":
        10\n    },\n    \"podCidr\": \"10.244.0.0/16\",\n    \"serviceCidr\": \"10.0.0.0/16\",\n
        \   \"dnsServiceIP\": \"10.0.0.10\",\n    \"dockerBridgeCidr\": \"172.17.0.1/16\",\n
        \   \"outboundType\": \"loadBalancer\",\n    \"podCidrs\": [\n     \"10.244.0.0/16\"\n
        \   ],\n    \"serviceCidrs\": [\n     \"10.0.0.0/16\"\n    ],\n    \"ipFamilies\":
        [\n     \"IPv4\"\n    ]\n   },\n   \"maxAgentPools\": 100,\n   \"identityProfile\":
        {\n    \"kubeletidentity\": {\n     \"resourceId\": \"/subscriptions/00000000-0000-0000-0000-000000000000/resourcegroups/MC_clitest000001_cliakstest000002_westus2/providers/Microsoft.ManagedIdentity/userAssignedIdentities/cliakstest000002-agentpool\",\n
        \    \"clientId\":\"00000000-0000-0000-0000-000000000001\",\n     \"objectId\":\"00000000-0000-0000-0000-000000000001\"\n
        \   }\n   },\n   \"disableLocalAccounts\": false,\n   \"securityProfile\":
        {},\n   \"storageProfile\": {\n    \"diskCSIDriver\": {\n     \"enabled\":
        true\n    },\n    \"fileCSIDriver\": {\n     \"enabled\": true\n    },\n    \"snapshotController\":
        {\n     \"enabled\": true\n    }\n   }\n  },\n  \"identity\": {\n   \"type\":
        \"SystemAssigned\",\n   \"principalId\":\"00000000-0000-0000-0000-000000000001\",\n
        \  \"tenantId\": \"72f988bf-86f1-41af-91ab-2d7cd011db47\"\n  },\n  \"sku\":
        {\n   \"name\": \"Basic\",\n   \"tier\": \"Free\"\n  }\n }"
    headers:
      azure-asyncoperation:
      - https://management.azure.com/subscriptions/00000000-0000-0000-0000-000000000000/providers/Microsoft.ContainerService/locations/westus2/operations/7fd5a578-eedf-4589-9058-3b2d03dff4f5?api-version=2016-03-30
      cache-control:
      - no-cache
      content-length:
      - '4124'
      content-type:
      - application/json
      date:
      - Fri, 13 May 2022 06:47:00 GMT
      expires:
      - '-1'
      pragma:
      - no-cache
      server:
      - nginx
      strict-transport-security:
      - max-age=31536000; includeSubDomains
      transfer-encoding:
      - chunked
      vary:
      - Accept-Encoding
      x-content-type-options:
      - nosniff
      x-ms-ratelimit-remaining-subscription-writes:
      - '1196'
    status:
      code: 200
      message: OK
- request:
    body: null
    headers:
      Accept:
      - '*/*'
      Accept-Encoding:
      - gzip, deflate
      CommandName:
      - aks update
      Connection:
      - keep-alive
      ParameterSetName:
      - --resource-group --name --load-balancer-outbound-ports --load-balancer-idle-timeout
      User-Agent:
      - AZURECLI/2.36.0 azsdk-python-azure-mgmt-containerservice/19.1.0 Python/3.8.10
        (Linux-5.13.0-1023-azure-x86_64-with-glibc2.29)
    method: GET
    uri: https://management.azure.com/subscriptions/00000000-0000-0000-0000-000000000000/providers/Microsoft.ContainerService/locations/westus2/operations/7fd5a578-eedf-4589-9058-3b2d03dff4f5?api-version=2016-03-30
  response:
    body:
      string: "{\n  \"name\": \"78a5d57f-dfee-8945-9058-3b2d03dff4f5\",\n  \"status\":
        \"InProgress\",\n  \"startTime\": \"2022-05-13T06:47:00.6266666Z\"\n }"
    headers:
      cache-control:
      - no-cache
      content-length:
      - '126'
      content-type:
      - application/json
      date:
      - Fri, 13 May 2022 06:47:30 GMT
      expires:
      - '-1'
      pragma:
      - no-cache
      server:
      - nginx
      strict-transport-security:
      - max-age=31536000; includeSubDomains
      transfer-encoding:
      - chunked
      vary:
      - Accept-Encoding
      x-content-type-options:
      - nosniff
    status:
      code: 200
      message: OK
- request:
    body: null
    headers:
      Accept:
      - '*/*'
      Accept-Encoding:
      - gzip, deflate
      CommandName:
      - aks update
      Connection:
      - keep-alive
      ParameterSetName:
      - --resource-group --name --load-balancer-outbound-ports --load-balancer-idle-timeout
      User-Agent:
      - AZURECLI/2.36.0 azsdk-python-azure-mgmt-containerservice/19.1.0 Python/3.8.10
        (Linux-5.13.0-1023-azure-x86_64-with-glibc2.29)
    method: GET
    uri: https://management.azure.com/subscriptions/00000000-0000-0000-0000-000000000000/providers/Microsoft.ContainerService/locations/westus2/operations/7fd5a578-eedf-4589-9058-3b2d03dff4f5?api-version=2016-03-30
  response:
    body:
      string: "{\n  \"name\": \"78a5d57f-dfee-8945-9058-3b2d03dff4f5\",\n  \"status\":
        \"InProgress\",\n  \"startTime\": \"2022-05-13T06:47:00.6266666Z\"\n }"
    headers:
      cache-control:
      - no-cache
      content-length:
      - '126'
      content-type:
      - application/json
      date:
      - Fri, 13 May 2022 06:48:00 GMT
      expires:
      - '-1'
      pragma:
      - no-cache
      server:
      - nginx
      strict-transport-security:
      - max-age=31536000; includeSubDomains
      transfer-encoding:
      - chunked
      vary:
      - Accept-Encoding
      x-content-type-options:
      - nosniff
    status:
      code: 200
      message: OK
- request:
    body: null
    headers:
      Accept:
      - '*/*'
      Accept-Encoding:
      - gzip, deflate
      CommandName:
      - aks update
      Connection:
      - keep-alive
      ParameterSetName:
      - --resource-group --name --load-balancer-outbound-ports --load-balancer-idle-timeout
      User-Agent:
      - AZURECLI/2.36.0 azsdk-python-azure-mgmt-containerservice/19.1.0 Python/3.8.10
        (Linux-5.13.0-1023-azure-x86_64-with-glibc2.29)
    method: GET
    uri: https://management.azure.com/subscriptions/00000000-0000-0000-0000-000000000000/providers/Microsoft.ContainerService/locations/westus2/operations/7fd5a578-eedf-4589-9058-3b2d03dff4f5?api-version=2016-03-30
  response:
    body:
      string: "{\n  \"name\": \"78a5d57f-dfee-8945-9058-3b2d03dff4f5\",\n  \"status\":
        \"Succeeded\",\n  \"startTime\": \"2022-05-13T06:47:00.6266666Z\",\n  \"endTime\":
        \"2022-05-13T06:48:22.5464019Z\"\n }"
    headers:
      cache-control:
      - no-cache
      content-length:
      - '170'
      content-type:
      - application/json
      date:
      - Fri, 13 May 2022 06:48:31 GMT
      expires:
      - '-1'
      pragma:
      - no-cache
      server:
      - nginx
      strict-transport-security:
      - max-age=31536000; includeSubDomains
      transfer-encoding:
      - chunked
      vary:
      - Accept-Encoding
      x-content-type-options:
      - nosniff
    status:
      code: 200
      message: OK
- request:
    body: null
    headers:
      Accept:
      - '*/*'
      Accept-Encoding:
      - gzip, deflate
      CommandName:
      - aks update
      Connection:
      - keep-alive
      ParameterSetName:
      - --resource-group --name --load-balancer-outbound-ports --load-balancer-idle-timeout
      User-Agent:
      - AZURECLI/2.36.0 azsdk-python-azure-mgmt-containerservice/19.1.0 Python/3.8.10
        (Linux-5.13.0-1023-azure-x86_64-with-glibc2.29)
    method: GET
    uri: https://management.azure.com/subscriptions/00000000-0000-0000-0000-000000000000/resourceGroups/clitest000001/providers/Microsoft.ContainerService/managedClusters/cliakstest000002?api-version=2022-04-01
  response:
    body:
      string: "{\n  \"id\": \"/subscriptions/00000000-0000-0000-0000-000000000000/resourcegroups/clitest000001/providers/Microsoft.ContainerService/managedClusters/cliakstest000002\",\n
        \ \"location\": \"westus2\",\n  \"name\": \"cliakstest000002\",\n  \"type\":
        \"Microsoft.ContainerService/ManagedClusters\",\n  \"properties\": {\n   \"provisioningState\":
        \"Succeeded\",\n   \"powerState\": {\n    \"code\": \"Running\"\n   },\n   \"kubernetesVersion\":
        \"1.22.6\",\n   \"currentKubernetesVersion\": \"1.22.6\",\n   \"dnsPrefix\":
        \"cliakstest-clitestcsm6nkjcg-79a739\",\n   \"fqdn\": \"cliakstest-clitestcsm6nkjcg-79a739-048cb2b6.hcp.westus2.azmk8s.io\",\n
        \  \"azurePortalFQDN\": \"cliakstest-clitestcsm6nkjcg-79a739-048cb2b6.portal.hcp.westus2.azmk8s.io\",\n
        \  \"agentPoolProfiles\": [\n    {\n     \"name\": \"nodepool1\",\n     \"count\":
        3,\n     \"vmSize\": \"Standard_DS2_v2\",\n     \"osDiskSizeGB\": 128,\n     \"osDiskType\":
        \"Managed\",\n     \"kubeletDiskType\": \"OS\",\n     \"maxPods\": 110,\n
        \    \"type\": \"VirtualMachineScaleSets\",\n     \"enableAutoScaling\": false,\n
        \    \"provisioningState\": \"Succeeded\",\n     \"powerState\": {\n      \"code\":
        \"Running\"\n     },\n     \"orchestratorVersion\": \"1.22.6\",\n     \"currentOrchestratorVersion\":
        \"1.22.6\",\n     \"enableNodePublicIP\": false,\n     \"mode\": \"System\",\n
        \    \"enableEncryptionAtHost\": false,\n     \"enableUltraSSD\": false,\n
        \    \"osType\": \"Linux\",\n     \"osSKU\": \"Ubuntu\",\n     \"nodeImageVersion\":
        \"AKSUbuntu-1804gen2containerd-2022.04.27\",\n     \"upgradeSettings\": {},\n
        \    \"enableFIPS\": false\n    }\n   ],\n   \"linuxProfile\": {\n    \"adminUsername\":
        \"azureuser\",\n    \"ssh\": {\n     \"publicKeys\": [\n      {\n       \"keyData\":
        \"ssh-rsa AAAAB3NzaC1yc2EAAAADAQABAAABAQDERxHFMvtfO/J7fRynxkHbIk5BUCHLqksWicg3tdvkWeAjqbxEyZi1Xw9QEXgwmXuFaUEUuMIPjPIWQjuhAlxJfesHNWKfdbIXVgayGOaENXTSkbthN3cCBKDTlQ3DFmahsYooXWCiIYWTNs+Da9K6/e2xXkVmxaVgjPCdxkfnGL/TbD5weHQP78ae9EWIqbOcwSjptiLQ4vXIP51fieoLdj960jj2YelYLmyi69CqkGXDpSEZ/3dOzISdPEUkk2T5uoPxnaer/+1X0VYURhnB8AOKTZyGn2o9TvQk3UkW3zKMYDhh6OES5dzx7g0Rp0V2dFYlJyAORZ3aVNdEpGFd
        azcli_aks_live_test@example.com\\n\"\n      }\n     ]\n    }\n   },\n   \"servicePrincipalProfile\":
        {\n    \"clientId\":\"00000000-0000-0000-0000-000000000001\"\n   },\n   \"nodeResourceGroup\":
        \"MC_clitest000001_cliakstest000002_westus2\",\n   \"enableRBAC\": true,\n
        \  \"networkProfile\": {\n    \"networkPlugin\": \"kubenet\",\n    \"loadBalancerSku\":
        \"Standard\",\n    \"loadBalancerProfile\": {\n     \"managedOutboundIPs\":
        {\n      \"count\": 2\n     },\n     \"effectiveOutboundIPs\": [\n      {\n
        \      \"id\": \"/subscriptions/00000000-0000-0000-0000-000000000000/resourceGroups/MC_clitest000001_cliakstest000002_westus2/providers/Microsoft.Network/publicIPAddresses/b19689e3-5947-4d62-aabd-5dc2d4f75cf6\"\n
        \     },\n      {\n       \"id\": \"/subscriptions/00000000-0000-0000-0000-000000000000/resourceGroups/MC_clitest000001_cliakstest000002_westus2/providers/Microsoft.Network/publicIPAddresses/bf552f43-2c32-442c-a3b5-fb1faa318fe4\"\n
        \     }\n     ],\n     \"allocatedOutboundPorts\": 1024,\n     \"idleTimeoutInMinutes\":
        10\n    },\n    \"podCidr\": \"10.244.0.0/16\",\n    \"serviceCidr\": \"10.0.0.0/16\",\n
        \   \"dnsServiceIP\": \"10.0.0.10\",\n    \"dockerBridgeCidr\": \"172.17.0.1/16\",\n
        \   \"outboundType\": \"loadBalancer\",\n    \"podCidrs\": [\n     \"10.244.0.0/16\"\n
        \   ],\n    \"serviceCidrs\": [\n     \"10.0.0.0/16\"\n    ],\n    \"ipFamilies\":
        [\n     \"IPv4\"\n    ]\n   },\n   \"maxAgentPools\": 100,\n   \"identityProfile\":
        {\n    \"kubeletidentity\": {\n     \"resourceId\": \"/subscriptions/00000000-0000-0000-0000-000000000000/resourcegroups/MC_clitest000001_cliakstest000002_westus2/providers/Microsoft.ManagedIdentity/userAssignedIdentities/cliakstest000002-agentpool\",\n
        \    \"clientId\":\"00000000-0000-0000-0000-000000000001\",\n     \"objectId\":\"00000000-0000-0000-0000-000000000001\"\n
        \   }\n   },\n   \"disableLocalAccounts\": false,\n   \"securityProfile\":
        {},\n   \"storageProfile\": {\n    \"diskCSIDriver\": {\n     \"enabled\":
        true\n    },\n    \"fileCSIDriver\": {\n     \"enabled\": true\n    },\n    \"snapshotController\":
        {\n     \"enabled\": true\n    }\n   }\n  },\n  \"identity\": {\n   \"type\":
        \"SystemAssigned\",\n   \"principalId\":\"00000000-0000-0000-0000-000000000001\",\n
        \  \"tenantId\": \"72f988bf-86f1-41af-91ab-2d7cd011db47\"\n  },\n  \"sku\":
        {\n   \"name\": \"Basic\",\n   \"tier\": \"Free\"\n  }\n }"
    headers:
      cache-control:
      - no-cache
      content-length:
      - '4126'
      content-type:
      - application/json
      date:
      - Fri, 13 May 2022 06:48:31 GMT
      expires:
      - '-1'
      pragma:
      - no-cache
      server:
      - nginx
      strict-transport-security:
      - max-age=31536000; includeSubDomains
      transfer-encoding:
      - chunked
      vary:
      - Accept-Encoding
      x-content-type-options:
      - nosniff
    status:
      code: 200
      message: OK
- request:
    body: null
    headers:
      Accept:
      - application/json
      Accept-Encoding:
      - gzip, deflate
      CommandName:
      - aks delete
      Connection:
      - keep-alive
      Content-Length:
      - '0'
      ParameterSetName:
      - -g -n --yes --no-wait
      User-Agent:
      - AZURECLI/2.36.0 azsdk-python-azure-mgmt-containerservice/19.1.0 Python/3.8.10
        (Linux-5.13.0-1023-azure-x86_64-with-glibc2.29)
    method: DELETE
    uri: https://management.azure.com/subscriptions/00000000-0000-0000-0000-000000000000/resourceGroups/clitest000001/providers/Microsoft.ContainerService/managedClusters/cliakstest000002?api-version=2022-04-01
  response:
    body:
      string: '{"error":{"code":"GatewayTimeout","message":"The gateway did not receive
        a response from ''Microsoft.ContainerService'' within the specified time period."}}'
    headers:
      cache-control:
      - no-cache
      connection:
      - close
      content-length:
      - '154'
      content-type:
      - application/json; charset=utf-8
      date:
      - Fri, 13 May 2022 06:49:31 GMT
      expires:
      - '-1'
      pragma:
      - no-cache
      strict-transport-security:
      - max-age=31536000; includeSubDomains
      x-content-type-options:
      - nosniff
      x-ms-failure-cause:
      - service
    status:
      code: 504
      message: Gateway Timeout
- request:
    body: null
    headers:
      Accept:
      - application/json
      Accept-Encoding:
      - gzip, deflate
      CommandName:
      - aks delete
      Connection:
      - keep-alive
      Content-Length:
      - '0'
      ParameterSetName:
      - -g -n --yes --no-wait
      User-Agent:
      - AZURECLI/2.36.0 azsdk-python-azure-mgmt-containerservice/19.1.0 Python/3.8.10
        (Linux-5.13.0-1023-azure-x86_64-with-glibc2.29)
    method: DELETE
    uri: https://management.azure.com/subscriptions/00000000-0000-0000-0000-000000000000/resourceGroups/clitest000001/providers/Microsoft.ContainerService/managedClusters/cliakstest000002?api-version=2022-04-01
  response:
    body:
      string: ''
    headers:
      azure-asyncoperation:
      - https://management.azure.com/subscriptions/00000000-0000-0000-0000-000000000000/providers/Microsoft.ContainerService/locations/westus2/operations/2f6ca12a-1dc1-423c-8de5-1edb891af515?api-version=2016-03-30
      cache-control:
      - no-cache
      content-length:
      - '0'
      date:
      - Fri, 13 May 2022 06:49:31 GMT
      expires:
      - '-1'
      location:
      - https://management.azure.com/subscriptions/00000000-0000-0000-0000-000000000000/providers/Microsoft.ContainerService/locations/westus2/operationresults/2f6ca12a-1dc1-423c-8de5-1edb891af515?api-version=2016-03-30
      pragma:
      - no-cache
      server:
      - nginx
      strict-transport-security:
      - max-age=31536000; includeSubDomains
      x-content-type-options:
      - nosniff
      x-ms-ratelimit-remaining-subscription-deletes:
      - '14998'
    status:
      code: 202
      message: Accepted
version: 1