interactions:
- request:
    body: null
    headers:
      Accept:
      - application/json
      Accept-Encoding:
      - gzip, deflate
      CommandName:
      - aks create
      Connection:
      - keep-alive
      ParameterSetName:
      - --resource-group --name --kubelet-config --linux-os-config --aks-custom-headers
        --ssh-key-value -o
      User-Agent:
      - AZURECLI/2.45.0 azsdk-python-azure-mgmt-resource/22.0.0 Python/3.10.9 (Linux-5.15.0-1031-azure-x86_64-with-glibc2.31)
        VSTS_7b238909-6802-4b65-b90d-184bca47f458_build_220_0
    method: GET
    uri: https://management.azure.com/subscriptions/00000000-0000-0000-0000-000000000000/resourcegroups/clitest000001?api-version=2022-09-01
  response:
    body:
      string: '{"id":"/subscriptions/00000000-0000-0000-0000-000000000000/resourceGroups/clitest000001","name":"clitest000001","type":"Microsoft.Resources/resourceGroups","location":"westus2","tags":{"product":"azurecli","cause":"automation","date":"2023-02-07T14:28:44Z"},"properties":{"provisioningState":"Succeeded"}}'
    headers:
      cache-control:
      - no-cache
      content-length:
      - '305'
      content-type:
      - application/json; charset=utf-8
      date:
      - Tue, 07 Feb 2023 14:28:45 GMT
      expires:
      - '-1'
      pragma:
      - no-cache
      strict-transport-security:
      - max-age=31536000; includeSubDomains
      vary:
      - Accept-Encoding
      x-content-type-options:
      - nosniff
    status:
      code: 200
      message: OK
- request:
    body: '{"location": "westus2", "identity": {"type": "SystemAssigned"}, "properties":
      {"kubernetesVersion": "", "dnsPrefix": "cliakstest-clitestk7a2j2344-0b1f64",
      "agentPoolProfiles": [{"count": 3, "vmSize": "Standard_DS2_v2", "osDiskSizeGB":
      0, "osType": "Linux", "enableAutoScaling": false, "type": "VirtualMachineScaleSets",
      "mode": "System", "orchestratorVersion": "", "upgradeSettings": {}, "enableNodePublicIP":
      false, "scaleSetPriority": "Regular", "scaleSetEvictionPolicy": "Delete", "spotMaxPrice":
      -1.0, "nodeTaints": [], "kubeletConfig": {"cpuManagerPolicy": "static", "cpuCfsQuota":
      true, "cpuCfsQuotaPeriod": "200ms", "imageGcHighThreshold": 90, "imageGcLowThreshold":
      70, "topologyManagerPolicy": "best-effort", "allowedUnsafeSysctls": ["kernel.msg*",
      "net.*"], "failSwapOn": false}, "linuxOSConfig": {"sysctls": {"netCoreSomaxconn":
      163849, "netIpv4TcpTwReuse": true, "netIpv4IpLocalPortRange": "32000 60000"},
      "transparentHugePageEnabled": "madvise", "transparentHugePageDefrag": "defer+madvise",
      "swapFileSizeMB": 1500}, "enableEncryptionAtHost": false, "enableUltraSSD":
      false, "enableFIPS": false, "name": "nodepool1"}], "linuxProfile": {"adminUsername":
      "azureuser", "ssh": {"publicKeys": [{"keyData": "ssh-rsa AAAAB3NzaC1yc2EAAAADAQABAAACAQCbIg1guRHbI0lV11wWDt1r2cUdcNd27CJsg+SfgC7miZeubtwUhbsPdhMQsfDyhOWHq1+ZL0M+nJZV63d/1dhmhtgyOqejUwrPlzKhydsbrsdUor+JmNJDdW01v7BXHyuymT8G4s09jCasNOwiufbP/qp72ruu0bIA1nySsvlf9pCQAuFkAnVnf/rFhUlOkhtRpwcq8SUNY2zRHR/EKb/4NWY1JzR4sa3q2fWIJdrrX0DvLoa5g9bIEd4Df79ba7v+yiUBOS0zT2ll+z4g9izHK3EO5d8hL4jYxcjKs+wcslSYRWrascfscLgMlMGh0CdKeNTDjHpGPncaf3Z+FwwwjWeuiNBxv7bJo13/8B/098KlVDl4GZqsoBCEjPyJfV6hO0y/LkRGkk7oHWKgeWAfKtfLItRp00eZ4fcJNK9kCaSMmEugoZWcI7NGbZXzqFWqbpRI7NcDP9+WIQ+i9U5vqWsqd/zng4kbuAJ6UuKqIzB0upYrLShfQE3SAck8oaLhJqqq56VfDuASNpJKidV+zq27HfSBmbXnkR/5AK337dc3MXKJypoK/QPMLKUAP5XLPbs+NddJQV7EZXd29DLgp+fRIg3edpKdO7ZErWhv7d+3Kws+e1Y+ypmR2WIVSwVyBEUfgv2C8Ts9gnTF4pNcEY/S2aBicz5Ew2+jdyGNQQ==
      test@example.com\n"}]}}, "addonProfiles": {}, "enableRBAC": true, "networkProfile":
      {"networkPlugin": "kubenet", "podCidr": "10.244.0.0/16", "serviceCidr": "10.0.0.0/16",
      "dnsServiceIP": "10.0.0.10", "dockerBridgeCidr": "172.17.0.1/16", "outboundType":
      "loadBalancer", "loadBalancerSku": "standard"}, "disableLocalAccounts": false,
      "storageProfile": {}}}'
    headers:
      AKSHTTPCustomFeatures:
      - Microsoft.ContainerService/CustomNodeConfigPreview
      Accept:
      - application/json
      Accept-Encoding:
      - gzip, deflate
      CommandName:
      - aks create
      Connection:
      - keep-alive
      Content-Length:
      - '2294'
      Content-Type:
      - application/json
      ParameterSetName:
      - --resource-group --name --kubelet-config --linux-os-config --aks-custom-headers
        --ssh-key-value -o
      User-Agent:
      - AZURECLI/2.45.0 azsdk-python-azure-mgmt-containerservice/21.1.0 Python/3.10.9
        (Linux-5.15.0-1031-azure-x86_64-with-glibc2.31) VSTS_7b238909-6802-4b65-b90d-184bca47f458_build_220_0
    method: PUT
    uri: https://management.azure.com/subscriptions/00000000-0000-0000-0000-000000000000/resourceGroups/clitest000001/providers/Microsoft.ContainerService/managedClusters/cliakstest000002?api-version=2023-01-01
  response:
    body:
      string: "{\n  \"id\": \"/subscriptions/00000000-0000-0000-0000-000000000000/resourcegroups/clitest000001/providers/Microsoft.ContainerService/managedClusters/cliakstest000002\",\n
        \ \"location\": \"westus2\",\n  \"name\": \"cliakstest000002\",\n  \"type\":
        \"Microsoft.ContainerService/ManagedClusters\",\n  \"properties\": {\n   \"provisioningState\":
        \"Creating\",\n   \"powerState\": {\n    \"code\": \"Running\"\n   },\n   \"kubernetesVersion\":
        \"1.24.9\",\n   \"currentKubernetesVersion\": \"1.24.9\",\n   \"dnsPrefix\":
        \"cliakstest-clitestk7a2j2344-0b1f64\",\n   \"fqdn\": \"cliakstest-clitestk7a2j2344-0b1f64-e98c0d1f.hcp.westus2.azmk8s.io\",\n
        \  \"azurePortalFQDN\": \"cliakstest-clitestk7a2j2344-0b1f64-e98c0d1f.portal.hcp.westus2.azmk8s.io\",\n
        \  \"agentPoolProfiles\": [\n    {\n     \"name\": \"nodepool1\",\n     \"count\":
        3,\n     \"vmSize\": \"Standard_DS2_v2\",\n     \"osDiskSizeGB\": 128,\n     \"osDiskType\":
        \"Managed\",\n     \"kubeletDiskType\": \"OS\",\n     \"maxPods\": 110,\n
        \    \"type\": \"VirtualMachineScaleSets\",\n     \"enableAutoScaling\": false,\n
        \    \"provisioningState\": \"Creating\",\n     \"powerState\": {\n      \"code\":
        \"Running\"\n     },\n     \"orchestratorVersion\": \"1.24.9\",\n     \"currentOrchestratorVersion\":
        \"1.24.9\",\n     \"enableNodePublicIP\": false,\n     \"mode\": \"System\",\n
        \    \"kubeletConfig\": {\n      \"cpuManagerPolicy\": \"static\",\n      \"cpuCfsQuota\":
        true,\n      \"cpuCfsQuotaPeriod\": \"200ms\",\n      \"imageGcHighThreshold\":
        90,\n      \"imageGcLowThreshold\": 70,\n      \"topologyManagerPolicy\":
        \"best-effort\",\n      \"allowedUnsafeSysctls\": [\n       \"kernel.msg*\",\n
        \      \"net.*\"\n      ],\n      \"failSwapOn\": false\n     },\n     \"linuxOSConfig\":
        {\n      \"sysctls\": {\n       \"netCoreSomaxconn\": 163849,\n       \"netIpv4TcpTwReuse\":
        true,\n       \"netIpv4IpLocalPortRange\": \"32000 60000\"\n      },\n      \"transparentHugePageEnabled\":
        \"madvise\",\n      \"transparentHugePageDefrag\": \"defer+madvise\",\n      \"swapFileSizeMB\":
        1500\n     },\n     \"enableEncryptionAtHost\": false,\n     \"enableUltraSSD\":
        false,\n     \"osType\": \"Linux\",\n     \"osSKU\": \"Ubuntu\",\n     \"nodeImageVersion\":
        \"AKSUbuntu-1804gen2containerd-2023.01.20\",\n     \"upgradeSettings\": {},\n
        \    \"enableFIPS\": false\n    }\n   ],\n   \"linuxProfile\": {\n    \"adminUsername\":
        \"azureuser\",\n    \"ssh\": {\n     \"publicKeys\": [\n      {\n       \"keyData\":
        \"ssh-rsa AAAAB3NzaC1yc2EAAAADAQABAAACAQCbIg1guRHbI0lV11wWDt1r2cUdcNd27CJsg+SfgC7miZeubtwUhbsPdhMQsfDyhOWHq1+ZL0M+nJZV63d/1dhmhtgyOqejUwrPlzKhydsbrsdUor+JmNJDdW01v7BXHyuymT8G4s09jCasNOwiufbP/qp72ruu0bIA1nySsvlf9pCQAuFkAnVnf/rFhUlOkhtRpwcq8SUNY2zRHR/EKb/4NWY1JzR4sa3q2fWIJdrrX0DvLoa5g9bIEd4Df79ba7v+yiUBOS0zT2ll+z4g9izHK3EO5d8hL4jYxcjKs+wcslSYRWrascfscLgMlMGh0CdKeNTDjHpGPncaf3Z+FwwwjWeuiNBxv7bJo13/8B/098KlVDl4GZqsoBCEjPyJfV6hO0y/LkRGkk7oHWKgeWAfKtfLItRp00eZ4fcJNK9kCaSMmEugoZWcI7NGbZXzqFWqbpRI7NcDP9+WIQ+i9U5vqWsqd/zng4kbuAJ6UuKqIzB0upYrLShfQE3SAck8oaLhJqqq56VfDuASNpJKidV+zq27HfSBmbXnkR/5AK337dc3MXKJypoK/QPMLKUAP5XLPbs+NddJQV7EZXd29DLgp+fRIg3edpKdO7ZErWhv7d+3Kws+e1Y+ypmR2WIVSwVyBEUfgv2C8Ts9gnTF4pNcEY/S2aBicz5Ew2+jdyGNQQ==
        test@example.com\\n\"\n      }\n     ]\n    }\n   },\n   \"servicePrincipalProfile\":
        {\n    \"clientId\":\"00000000-0000-0000-0000-000000000001\"\n   },\n   \"nodeResourceGroup\":
        \"MC_clitest000001_cliakstest000002_westus2\",\n   \"enableRBAC\": true,\n
        \  \"networkProfile\": {\n    \"networkPlugin\": \"kubenet\",\n    \"loadBalancerSku\":
        \"standard\",\n    \"loadBalancerProfile\": {\n     \"managedOutboundIPs\":
        {\n      \"count\": 1\n     }\n    },\n    \"podCidr\": \"10.244.0.0/16\",\n
        \   \"serviceCidr\": \"10.0.0.0/16\",\n    \"dnsServiceIP\": \"10.0.0.10\",\n
        \   \"dockerBridgeCidr\": \"172.17.0.1/16\",\n    \"outboundType\": \"loadBalancer\",\n
        \   \"podCidrs\": [\n     \"10.244.0.0/16\"\n    ],\n    \"serviceCidrs\":
        [\n     \"10.0.0.0/16\"\n    ],\n    \"ipFamilies\": [\n     \"IPv4\"\n    ]\n
        \  },\n   \"maxAgentPools\": 100,\n   \"disableLocalAccounts\": false,\n   \"securityProfile\":
        {},\n   \"storageProfile\": {\n    \"diskCSIDriver\": {\n     \"enabled\":
        true\n    },\n    \"fileCSIDriver\": {\n     \"enabled\": true\n    },\n    \"snapshotController\":
        {\n     \"enabled\": true\n    }\n   },\n   \"oidcIssuerProfile\": {\n    \"enabled\":
        false\n   },\n   \"workloadAutoScalerProfile\": {}\n  },\n  \"identity\":
        {\n   \"type\": \"SystemAssigned\",\n   \"principalId\":\"00000000-0000-0000-0000-000000000001\",\n
        \  \"tenantId\": \"54826b22-38d6-4fb2-bad9-b7b93a3e9c5a\"\n  },\n  \"sku\":
        {\n   \"name\": \"Basic\",\n   \"tier\": \"Free\"\n  }\n }"
    headers:
      azure-asyncoperation:
      - https://management.azure.com/subscriptions/00000000-0000-0000-0000-000000000000/providers/Microsoft.ContainerService/locations/westus2/operations/bcd62d09-6c39-43e5-82fc-47d9f80db4fc?api-version=2016-03-30
      cache-control:
      - no-cache
      content-length:
      - '4250'
      content-type:
      - application/json
      date:
      - Tue, 07 Feb 2023 14:28:54 GMT
      expires:
      - '-1'
      pragma:
      - no-cache
      server:
      - nginx
      strict-transport-security:
      - max-age=31536000; includeSubDomains
      x-content-type-options:
      - nosniff
      x-ms-ratelimit-remaining-subscription-writes:
      - '1198'
    status:
      code: 201
      message: Created
- request:
    body: null
    headers:
      Accept:
      - '*/*'
      Accept-Encoding:
      - gzip, deflate
      CommandName:
      - aks create
      Connection:
      - keep-alive
      ParameterSetName:
      - --resource-group --name --kubelet-config --linux-os-config --aks-custom-headers
        --ssh-key-value -o
      User-Agent:
      - AZURECLI/2.45.0 azsdk-python-azure-mgmt-containerservice/21.1.0 Python/3.10.9
        (Linux-5.15.0-1031-azure-x86_64-with-glibc2.31) VSTS_7b238909-6802-4b65-b90d-184bca47f458_build_220_0
    method: GET
    uri: https://management.azure.com/subscriptions/00000000-0000-0000-0000-000000000000/providers/Microsoft.ContainerService/locations/westus2/operations/bcd62d09-6c39-43e5-82fc-47d9f80db4fc?api-version=2016-03-30
  response:
    body:
      string: "{\n  \"name\": \"092dd6bc-396c-e543-82fc-47d9f80db4fc\",\n  \"status\":
        \"InProgress\",\n  \"startTime\": \"2023-02-07T14:28:54.6186148Z\"\n }"
    headers:
      cache-control:
      - no-cache
      content-length:
      - '126'
      content-type:
      - application/json
      date:
      - Tue, 07 Feb 2023 14:29:24 GMT
      expires:
      - '-1'
      pragma:
      - no-cache
      server:
      - nginx
      strict-transport-security:
      - max-age=31536000; includeSubDomains
      x-content-type-options:
      - nosniff
    status:
      code: 200
      message: OK
- request:
    body: null
    headers:
      Accept:
      - '*/*'
      Accept-Encoding:
      - gzip, deflate
      CommandName:
      - aks create
      Connection:
      - keep-alive
      ParameterSetName:
      - --resource-group --name --kubelet-config --linux-os-config --aks-custom-headers
        --ssh-key-value -o
      User-Agent:
      - AZURECLI/2.45.0 azsdk-python-azure-mgmt-containerservice/21.1.0 Python/3.10.9
        (Linux-5.15.0-1031-azure-x86_64-with-glibc2.31) VSTS_7b238909-6802-4b65-b90d-184bca47f458_build_220_0
    method: GET
    uri: https://management.azure.com/subscriptions/00000000-0000-0000-0000-000000000000/providers/Microsoft.ContainerService/locations/westus2/operations/bcd62d09-6c39-43e5-82fc-47d9f80db4fc?api-version=2016-03-30
  response:
    body:
      string: "{\n  \"name\": \"092dd6bc-396c-e543-82fc-47d9f80db4fc\",\n  \"status\":
        \"InProgress\",\n  \"startTime\": \"2023-02-07T14:28:54.6186148Z\"\n }"
    headers:
      cache-control:
      - no-cache
      content-length:
      - '126'
      content-type:
      - application/json
      date:
      - Tue, 07 Feb 2023 14:29:56 GMT
      expires:
      - '-1'
      pragma:
      - no-cache
      server:
      - nginx
      strict-transport-security:
      - max-age=31536000; includeSubDomains
      x-content-type-options:
      - nosniff
    status:
      code: 200
      message: OK
- request:
    body: null
    headers:
      Accept:
      - '*/*'
      Accept-Encoding:
      - gzip, deflate
      CommandName:
      - aks create
      Connection:
      - keep-alive
      ParameterSetName:
      - --resource-group --name --kubelet-config --linux-os-config --aks-custom-headers
        --ssh-key-value -o
      User-Agent:
      - AZURECLI/2.45.0 azsdk-python-azure-mgmt-containerservice/21.1.0 Python/3.10.9
        (Linux-5.15.0-1031-azure-x86_64-with-glibc2.31) VSTS_7b238909-6802-4b65-b90d-184bca47f458_build_220_0
    method: GET
    uri: https://management.azure.com/subscriptions/00000000-0000-0000-0000-000000000000/providers/Microsoft.ContainerService/locations/westus2/operations/bcd62d09-6c39-43e5-82fc-47d9f80db4fc?api-version=2016-03-30
  response:
    body:
      string: "{\n  \"name\": \"092dd6bc-396c-e543-82fc-47d9f80db4fc\",\n  \"status\":
        \"InProgress\",\n  \"startTime\": \"2023-02-07T14:28:54.6186148Z\"\n }"
    headers:
      cache-control:
      - no-cache
      content-length:
      - '126'
      content-type:
      - application/json
      date:
      - Tue, 07 Feb 2023 14:30:27 GMT
      expires:
      - '-1'
      pragma:
      - no-cache
      server:
      - nginx
      strict-transport-security:
      - max-age=31536000; includeSubDomains
      x-content-type-options:
      - nosniff
    status:
      code: 200
      message: OK
- request:
    body: null
    headers:
      Accept:
      - '*/*'
      Accept-Encoding:
      - gzip, deflate
      CommandName:
      - aks create
      Connection:
      - keep-alive
      ParameterSetName:
      - --resource-group --name --kubelet-config --linux-os-config --aks-custom-headers
        --ssh-key-value -o
      User-Agent:
      - AZURECLI/2.45.0 azsdk-python-azure-mgmt-containerservice/21.1.0 Python/3.10.9
        (Linux-5.15.0-1031-azure-x86_64-with-glibc2.31) VSTS_7b238909-6802-4b65-b90d-184bca47f458_build_220_0
    method: GET
    uri: https://management.azure.com/subscriptions/00000000-0000-0000-0000-000000000000/providers/Microsoft.ContainerService/locations/westus2/operations/bcd62d09-6c39-43e5-82fc-47d9f80db4fc?api-version=2016-03-30
  response:
    body:
      string: "{\n  \"name\": \"092dd6bc-396c-e543-82fc-47d9f80db4fc\",\n  \"status\":
        \"InProgress\",\n  \"startTime\": \"2023-02-07T14:28:54.6186148Z\"\n }"
    headers:
      cache-control:
      - no-cache
      content-length:
      - '126'
      content-type:
      - application/json
      date:
      - Tue, 07 Feb 2023 14:30:58 GMT
      expires:
      - '-1'
      pragma:
      - no-cache
      server:
      - nginx
      strict-transport-security:
      - max-age=31536000; includeSubDomains
      x-content-type-options:
      - nosniff
    status:
      code: 200
      message: OK
- request:
    body: null
    headers:
      Accept:
      - '*/*'
      Accept-Encoding:
      - gzip, deflate
      CommandName:
      - aks create
      Connection:
      - keep-alive
      ParameterSetName:
      - --resource-group --name --kubelet-config --linux-os-config --aks-custom-headers
        --ssh-key-value -o
      User-Agent:
      - AZURECLI/2.45.0 azsdk-python-azure-mgmt-containerservice/21.1.0 Python/3.10.9
        (Linux-5.15.0-1031-azure-x86_64-with-glibc2.31) VSTS_7b238909-6802-4b65-b90d-184bca47f458_build_220_0
    method: GET
    uri: https://management.azure.com/subscriptions/00000000-0000-0000-0000-000000000000/providers/Microsoft.ContainerService/locations/westus2/operations/bcd62d09-6c39-43e5-82fc-47d9f80db4fc?api-version=2016-03-30
  response:
    body:
      string: "{\n  \"name\": \"092dd6bc-396c-e543-82fc-47d9f80db4fc\",\n  \"status\":
        \"InProgress\",\n  \"startTime\": \"2023-02-07T14:28:54.6186148Z\"\n }"
    headers:
      cache-control:
      - no-cache
      content-length:
      - '126'
      content-type:
      - application/json
      date:
      - Tue, 07 Feb 2023 14:31:28 GMT
      expires:
      - '-1'
      pragma:
      - no-cache
      server:
      - nginx
      strict-transport-security:
      - max-age=31536000; includeSubDomains
      x-content-type-options:
      - nosniff
    status:
      code: 200
      message: OK
- request:
    body: null
    headers:
      Accept:
      - '*/*'
      Accept-Encoding:
      - gzip, deflate
      CommandName:
      - aks create
      Connection:
      - keep-alive
      ParameterSetName:
      - --resource-group --name --kubelet-config --linux-os-config --aks-custom-headers
        --ssh-key-value -o
      User-Agent:
      - AZURECLI/2.45.0 azsdk-python-azure-mgmt-containerservice/21.1.0 Python/3.10.9
        (Linux-5.15.0-1031-azure-x86_64-with-glibc2.31) VSTS_7b238909-6802-4b65-b90d-184bca47f458_build_220_0
    method: GET
    uri: https://management.azure.com/subscriptions/00000000-0000-0000-0000-000000000000/providers/Microsoft.ContainerService/locations/westus2/operations/bcd62d09-6c39-43e5-82fc-47d9f80db4fc?api-version=2016-03-30
  response:
    body:
      string: "{\n  \"name\": \"092dd6bc-396c-e543-82fc-47d9f80db4fc\",\n  \"status\":
        \"InProgress\",\n  \"startTime\": \"2023-02-07T14:28:54.6186148Z\"\n }"
    headers:
      cache-control:
      - no-cache
      content-length:
      - '126'
      content-type:
      - application/json
      date:
      - Tue, 07 Feb 2023 14:31:59 GMT
      expires:
      - '-1'
      pragma:
      - no-cache
      server:
      - nginx
      strict-transport-security:
      - max-age=31536000; includeSubDomains
      x-content-type-options:
      - nosniff
    status:
      code: 200
      message: OK
- request:
    body: null
    headers:
      Accept:
      - '*/*'
      Accept-Encoding:
      - gzip, deflate
      CommandName:
      - aks create
      Connection:
      - keep-alive
      ParameterSetName:
      - --resource-group --name --kubelet-config --linux-os-config --aks-custom-headers
        --ssh-key-value -o
      User-Agent:
      - AZURECLI/2.45.0 azsdk-python-azure-mgmt-containerservice/21.1.0 Python/3.10.9
        (Linux-5.15.0-1031-azure-x86_64-with-glibc2.31) VSTS_7b238909-6802-4b65-b90d-184bca47f458_build_220_0
    method: GET
    uri: https://management.azure.com/subscriptions/00000000-0000-0000-0000-000000000000/providers/Microsoft.ContainerService/locations/westus2/operations/bcd62d09-6c39-43e5-82fc-47d9f80db4fc?api-version=2016-03-30
  response:
    body:
      string: "{\n  \"name\": \"092dd6bc-396c-e543-82fc-47d9f80db4fc\",\n  \"status\":
        \"Succeeded\",\n  \"startTime\": \"2023-02-07T14:28:54.6186148Z\",\n  \"endTime\":
        \"2023-02-07T14:32:23.5621991Z\"\n }"
    headers:
      cache-control:
      - no-cache
      content-length:
      - '170'
      content-type:
      - application/json
      date:
      - Tue, 07 Feb 2023 14:32:29 GMT
      expires:
      - '-1'
      pragma:
      - no-cache
      server:
      - nginx
      strict-transport-security:
      - max-age=31536000; includeSubDomains
      x-content-type-options:
      - nosniff
    status:
      code: 200
      message: OK
- request:
    body: null
    headers:
      Accept:
      - '*/*'
      Accept-Encoding:
      - gzip, deflate
      CommandName:
      - aks create
      Connection:
      - keep-alive
      ParameterSetName:
      - --resource-group --name --kubelet-config --linux-os-config --aks-custom-headers
        --ssh-key-value -o
      User-Agent:
      - AZURECLI/2.45.0 azsdk-python-azure-mgmt-containerservice/21.1.0 Python/3.10.9
        (Linux-5.15.0-1031-azure-x86_64-with-glibc2.31) VSTS_7b238909-6802-4b65-b90d-184bca47f458_build_220_0
    method: GET
    uri: https://management.azure.com/subscriptions/00000000-0000-0000-0000-000000000000/resourceGroups/clitest000001/providers/Microsoft.ContainerService/managedClusters/cliakstest000002?api-version=2023-01-01
  response:
    body:
      string: "{\n  \"id\": \"/subscriptions/00000000-0000-0000-0000-000000000000/resourcegroups/clitest000001/providers/Microsoft.ContainerService/managedClusters/cliakstest000002\",\n
        \ \"location\": \"westus2\",\n  \"name\": \"cliakstest000002\",\n  \"type\":
        \"Microsoft.ContainerService/ManagedClusters\",\n  \"properties\": {\n   \"provisioningState\":
        \"Succeeded\",\n   \"powerState\": {\n    \"code\": \"Running\"\n   },\n   \"kubernetesVersion\":
        \"1.24.9\",\n   \"currentKubernetesVersion\": \"1.24.9\",\n   \"dnsPrefix\":
        \"cliakstest-clitestk7a2j2344-0b1f64\",\n   \"fqdn\": \"cliakstest-clitestk7a2j2344-0b1f64-e98c0d1f.hcp.westus2.azmk8s.io\",\n
        \  \"azurePortalFQDN\": \"cliakstest-clitestk7a2j2344-0b1f64-e98c0d1f.portal.hcp.westus2.azmk8s.io\",\n
        \  \"agentPoolProfiles\": [\n    {\n     \"name\": \"nodepool1\",\n     \"count\":
        3,\n     \"vmSize\": \"Standard_DS2_v2\",\n     \"osDiskSizeGB\": 128,\n     \"osDiskType\":
        \"Managed\",\n     \"kubeletDiskType\": \"OS\",\n     \"maxPods\": 110,\n
        \    \"type\": \"VirtualMachineScaleSets\",\n     \"enableAutoScaling\": false,\n
        \    \"provisioningState\": \"Succeeded\",\n     \"powerState\": {\n      \"code\":
        \"Running\"\n     },\n     \"orchestratorVersion\": \"1.24.9\",\n     \"currentOrchestratorVersion\":
        \"1.24.9\",\n     \"enableNodePublicIP\": false,\n     \"mode\": \"System\",\n
        \    \"kubeletConfig\": {\n      \"cpuManagerPolicy\": \"static\",\n      \"cpuCfsQuota\":
        true,\n      \"cpuCfsQuotaPeriod\": \"200ms\",\n      \"imageGcHighThreshold\":
        90,\n      \"imageGcLowThreshold\": 70,\n      \"topologyManagerPolicy\":
        \"best-effort\",\n      \"allowedUnsafeSysctls\": [\n       \"kernel.msg*\",\n
        \      \"net.*\"\n      ],\n      \"failSwapOn\": false\n     },\n     \"linuxOSConfig\":
        {\n      \"sysctls\": {\n       \"netCoreSomaxconn\": 163849,\n       \"netIpv4TcpTwReuse\":
        true,\n       \"netIpv4IpLocalPortRange\": \"32000 60000\"\n      },\n      \"transparentHugePageEnabled\":
        \"madvise\",\n      \"transparentHugePageDefrag\": \"defer+madvise\",\n      \"swapFileSizeMB\":
        1500\n     },\n     \"enableEncryptionAtHost\": false,\n     \"enableUltraSSD\":
        false,\n     \"osType\": \"Linux\",\n     \"osSKU\": \"Ubuntu\",\n     \"nodeImageVersion\":
        \"AKSUbuntu-1804gen2containerd-2023.01.20\",\n     \"upgradeSettings\": {},\n
        \    \"enableFIPS\": false\n    }\n   ],\n   \"linuxProfile\": {\n    \"adminUsername\":
        \"azureuser\",\n    \"ssh\": {\n     \"publicKeys\": [\n      {\n       \"keyData\":
        \"ssh-rsa AAAAB3NzaC1yc2EAAAADAQABAAACAQCbIg1guRHbI0lV11wWDt1r2cUdcNd27CJsg+SfgC7miZeubtwUhbsPdhMQsfDyhOWHq1+ZL0M+nJZV63d/1dhmhtgyOqejUwrPlzKhydsbrsdUor+JmNJDdW01v7BXHyuymT8G4s09jCasNOwiufbP/qp72ruu0bIA1nySsvlf9pCQAuFkAnVnf/rFhUlOkhtRpwcq8SUNY2zRHR/EKb/4NWY1JzR4sa3q2fWIJdrrX0DvLoa5g9bIEd4Df79ba7v+yiUBOS0zT2ll+z4g9izHK3EO5d8hL4jYxcjKs+wcslSYRWrascfscLgMlMGh0CdKeNTDjHpGPncaf3Z+FwwwjWeuiNBxv7bJo13/8B/098KlVDl4GZqsoBCEjPyJfV6hO0y/LkRGkk7oHWKgeWAfKtfLItRp00eZ4fcJNK9kCaSMmEugoZWcI7NGbZXzqFWqbpRI7NcDP9+WIQ+i9U5vqWsqd/zng4kbuAJ6UuKqIzB0upYrLShfQE3SAck8oaLhJqqq56VfDuASNpJKidV+zq27HfSBmbXnkR/5AK337dc3MXKJypoK/QPMLKUAP5XLPbs+NddJQV7EZXd29DLgp+fRIg3edpKdO7ZErWhv7d+3Kws+e1Y+ypmR2WIVSwVyBEUfgv2C8Ts9gnTF4pNcEY/S2aBicz5Ew2+jdyGNQQ==
        test@example.com\\n\"\n      }\n     ]\n    }\n   },\n   \"servicePrincipalProfile\":
        {\n    \"clientId\":\"00000000-0000-0000-0000-000000000001\"\n   },\n   \"nodeResourceGroup\":
        \"MC_clitest000001_cliakstest000002_westus2\",\n   \"enableRBAC\": true,\n
        \  \"networkProfile\": {\n    \"networkPlugin\": \"kubenet\",\n    \"loadBalancerSku\":
        \"Standard\",\n    \"loadBalancerProfile\": {\n     \"managedOutboundIPs\":
        {\n      \"count\": 1\n     },\n     \"effectiveOutboundIPs\": [\n      {\n
        \      \"id\": \"/subscriptions/00000000-0000-0000-0000-000000000000/resourceGroups/MC_clitest000001_cliakstest000002_westus2/providers/Microsoft.Network/publicIPAddresses/beecd23d-13f7-4152-9fa5-34f3a3f24a6a\"\n
        \     }\n     ]\n    },\n    \"podCidr\": \"10.244.0.0/16\",\n    \"serviceCidr\":
        \"10.0.0.0/16\",\n    \"dnsServiceIP\": \"10.0.0.10\",\n    \"dockerBridgeCidr\":
        \"172.17.0.1/16\",\n    \"outboundType\": \"loadBalancer\",\n    \"podCidrs\":
        [\n     \"10.244.0.0/16\"\n    ],\n    \"serviceCidrs\": [\n     \"10.0.0.0/16\"\n
        \   ],\n    \"ipFamilies\": [\n     \"IPv4\"\n    ]\n   },\n   \"maxAgentPools\":
        100,\n   \"identityProfile\": {\n    \"kubeletidentity\": {\n     \"resourceId\":
        \"/subscriptions/00000000-0000-0000-0000-000000000000/resourcegroups/MC_clitest000001_cliakstest000002_westus2/providers/Microsoft.ManagedIdentity/userAssignedIdentities/cliakstest000002-agentpool\",\n
        \    \"clientId\":\"00000000-0000-0000-0000-000000000001\",\n     \"objectId\":\"00000000-0000-0000-0000-000000000001\"\n
        \   }\n   },\n   \"disableLocalAccounts\": false,\n   \"securityProfile\":
        {},\n   \"storageProfile\": {\n    \"diskCSIDriver\": {\n     \"enabled\":
        true\n    },\n    \"fileCSIDriver\": {\n     \"enabled\": true\n    },\n    \"snapshotController\":
        {\n     \"enabled\": true\n    }\n   },\n   \"oidcIssuerProfile\": {\n    \"enabled\":
        false\n   },\n   \"workloadAutoScalerProfile\": {}\n  },\n  \"identity\":
        {\n   \"type\": \"SystemAssigned\",\n   \"principalId\":\"00000000-0000-0000-0000-000000000001\",\n
        \  \"tenantId\": \"54826b22-38d6-4fb2-bad9-b7b93a3e9c5a\"\n  },\n  \"sku\":
        {\n   \"name\": \"Basic\",\n   \"tier\": \"Free\"\n  }\n }"
    headers:
      cache-control:
      - no-cache
      content-length:
      - '4903'
      content-type:
      - application/json
      date:
      - Tue, 07 Feb 2023 14:32:30 GMT
      expires:
      - '-1'
      pragma:
      - no-cache
      server:
      - nginx
      strict-transport-security:
      - max-age=31536000; includeSubDomains
      x-content-type-options:
      - nosniff
    status:
      code: 200
      message: OK
- request:
    body: null
    headers:
      Accept:
      - application/json
      Accept-Encoding:
      - gzip, deflate
      CommandName:
      - aks nodepool add
      Connection:
      - keep-alive
      ParameterSetName:
      - --resource-group --cluster-name --name --node-count --kubelet-config --linux-os-config
        --aks-custom-headers
      User-Agent:
      - AZURECLI/2.45.0 azsdk-python-azure-mgmt-containerservice/21.1.0 Python/3.10.9
        (Linux-5.15.0-1031-azure-x86_64-with-glibc2.31) VSTS_7b238909-6802-4b65-b90d-184bca47f458_build_220_0
    method: GET
    uri: https://management.azure.com/subscriptions/00000000-0000-0000-0000-000000000000/resourceGroups/clitest000001/providers/Microsoft.ContainerService/managedClusters/cliakstest000002/agentPools?api-version=2023-01-01
  response:
    body:
      string: "{\n  \"value\": [\n   {\n    \"id\": \"/subscriptions/00000000-0000-0000-0000-000000000000/resourcegroups/clitest000001/providers/Microsoft.ContainerService/managedClusters/cliakstest000002/agentPools/nodepool1\",\n
        \   \"name\": \"nodepool1\",\n    \"type\": \"Microsoft.ContainerService/managedClusters/agentPools\",\n
        \   \"properties\": {\n     \"count\": 3,\n     \"vmSize\": \"Standard_DS2_v2\",\n
        \    \"osDiskSizeGB\": 128,\n     \"osDiskType\": \"Managed\",\n     \"kubeletDiskType\":
        \"OS\",\n     \"maxPods\": 110,\n     \"type\": \"VirtualMachineScaleSets\",\n
        \    \"enableAutoScaling\": false,\n     \"provisioningState\": \"Succeeded\",\n
        \    \"powerState\": {\n      \"code\": \"Running\"\n     },\n     \"orchestratorVersion\":
        \"1.24.9\",\n     \"currentOrchestratorVersion\": \"1.24.9\",\n     \"enableNodePublicIP\":
        false,\n     \"mode\": \"System\",\n     \"kubeletConfig\": {\n      \"cpuManagerPolicy\":
        \"static\",\n      \"cpuCfsQuota\": true,\n      \"cpuCfsQuotaPeriod\": \"200ms\",\n
        \     \"imageGcHighThreshold\": 90,\n      \"imageGcLowThreshold\": 70,\n
        \     \"topologyManagerPolicy\": \"best-effort\",\n      \"allowedUnsafeSysctls\":
        [\n       \"kernel.msg*\",\n       \"net.*\"\n      ],\n      \"failSwapOn\":
        false\n     },\n     \"linuxOSConfig\": {\n      \"sysctls\": {\n       \"netCoreSomaxconn\":
        163849,\n       \"netIpv4TcpTwReuse\": true,\n       \"netIpv4IpLocalPortRange\":
        \"32000 60000\"\n      },\n      \"transparentHugePageEnabled\": \"madvise\",\n
        \     \"transparentHugePageDefrag\": \"defer+madvise\",\n      \"swapFileSizeMB\":
        1500\n     },\n     \"enableEncryptionAtHost\": false,\n     \"enableUltraSSD\":
        false,\n     \"osType\": \"Linux\",\n     \"osSKU\": \"Ubuntu\",\n     \"nodeImageVersion\":
        \"AKSUbuntu-1804gen2containerd-2023.01.20\",\n     \"upgradeSettings\": {},\n
        \    \"enableFIPS\": false\n    }\n   }\n  ]\n }"
    headers:
      cache-control:
      - no-cache
      content-length:
      - '1689'
      content-type:
      - application/json
      date:
      - Tue, 07 Feb 2023 14:32:32 GMT
      expires:
      - '-1'
      pragma:
      - no-cache
      server:
      - nginx
      strict-transport-security:
      - max-age=31536000; includeSubDomains
      transfer-encoding:
      - chunked
      vary:
      - Accept-Encoding
      x-content-type-options:
      - nosniff
    status:
      code: 200
      message: OK
- request:
    body: '{"properties": {"count": 1, "vmSize": "Standard_DS2_v2", "osDiskSizeGB":
      0, "osType": "Linux", "enableAutoScaling": false, "scaleDownMode": "Delete",
      "type": "VirtualMachineScaleSets", "mode": "User", "upgradeSettings": {}, "enableNodePublicIP":
      false, "scaleSetPriority": "Regular", "scaleSetEvictionPolicy": "Delete", "spotMaxPrice":
      -1.0, "nodeTaints": [], "kubeletConfig": {"cpuManagerPolicy": "static", "cpuCfsQuota":
      true, "cpuCfsQuotaPeriod": "200ms", "imageGcHighThreshold": 90, "imageGcLowThreshold":
      70, "topologyManagerPolicy": "best-effort", "allowedUnsafeSysctls": ["kernel.msg*",
      "net.*"], "failSwapOn": false}, "linuxOSConfig": {"sysctls": {"netCoreSomaxconn":
      163849, "netIpv4TcpTwReuse": true, "netIpv4IpLocalPortRange": "32000 60000"},
      "transparentHugePageEnabled": "madvise", "transparentHugePageDefrag": "defer+madvise",
      "swapFileSizeMB": 1500}, "enableEncryptionAtHost": false, "enableUltraSSD":
      false, "enableFIPS": false}}'
    headers:
      AKSHTTPCustomFeatures:
      - Microsoft.ContainerService/CustomNodeConfigPreview
      Accept:
      - application/json
      Accept-Encoding:
      - gzip, deflate
      CommandName:
      - aks nodepool add
      Connection:
      - keep-alive
      Content-Length:
      - '945'
      Content-Type:
      - application/json
      ParameterSetName:
      - --resource-group --cluster-name --name --node-count --kubelet-config --linux-os-config
        --aks-custom-headers
      User-Agent:
      - AZURECLI/2.45.0 azsdk-python-azure-mgmt-containerservice/21.1.0 Python/3.10.9
        (Linux-5.15.0-1031-azure-x86_64-with-glibc2.31) VSTS_7b238909-6802-4b65-b90d-184bca47f458_build_220_0
    method: PUT
    uri: https://management.azure.com/subscriptions/00000000-0000-0000-0000-000000000000/resourceGroups/clitest000001/providers/Microsoft.ContainerService/managedClusters/cliakstest000002/agentPools/nodepool2?api-version=2023-01-01
  response:
    body:
      string: "{\n  \"id\": \"/subscriptions/00000000-0000-0000-0000-000000000000/resourcegroups/clitest000001/providers/Microsoft.ContainerService/managedClusters/cliakstest000002/agentPools/nodepool2\",\n
        \ \"name\": \"nodepool2\",\n  \"type\": \"Microsoft.ContainerService/managedClusters/agentPools\",\n
        \ \"properties\": {\n   \"count\": 1,\n   \"vmSize\": \"Standard_DS2_v2\",\n
        \  \"osDiskSizeGB\": 128,\n   \"osDiskType\": \"Managed\",\n   \"kubeletDiskType\":
        \"OS\",\n   \"maxPods\": 110,\n   \"type\": \"VirtualMachineScaleSets\",\n
        \  \"enableAutoScaling\": false,\n   \"scaleDownMode\": \"Delete\",\n   \"provisioningState\":
        \"Creating\",\n   \"powerState\": {\n    \"code\": \"Running\"\n   },\n   \"orchestratorVersion\":
        \"1.24.9\",\n   \"currentOrchestratorVersion\": \"1.24.9\",\n   \"enableNodePublicIP\":
        false,\n   \"mode\": \"User\",\n   \"kubeletConfig\": {\n    \"cpuManagerPolicy\":
        \"static\",\n    \"cpuCfsQuota\": true,\n    \"cpuCfsQuotaPeriod\": \"200ms\",\n
        \   \"imageGcHighThreshold\": 90,\n    \"imageGcLowThreshold\": 70,\n    \"topologyManagerPolicy\":
        \"best-effort\",\n    \"allowedUnsafeSysctls\": [\n     \"kernel.msg*\",\n
        \    \"net.*\"\n    ],\n    \"failSwapOn\": false\n   },\n   \"linuxOSConfig\":
        {\n    \"sysctls\": {\n     \"netCoreSomaxconn\": 163849,\n     \"netIpv4TcpTwReuse\":
        true,\n     \"netIpv4IpLocalPortRange\": \"32000 60000\"\n    },\n    \"transparentHugePageEnabled\":
        \"madvise\",\n    \"transparentHugePageDefrag\": \"defer+madvise\",\n    \"swapFileSizeMB\":
        1500\n   },\n   \"enableEncryptionAtHost\": false,\n   \"enableUltraSSD\":
        false,\n   \"osType\": \"Linux\",\n   \"osSKU\": \"Ubuntu\",\n   \"nodeImageVersion\":
        \"AKSUbuntu-1804gen2containerd-2023.01.20\",\n   \"upgradeSettings\": {},\n
        \  \"enableFIPS\": false\n  }\n }"
    headers:
      azure-asyncoperation:
      - https://management.azure.com/subscriptions/00000000-0000-0000-0000-000000000000/providers/Microsoft.ContainerService/locations/westus2/operations/18f85125-94bb-4381-aa7d-d51d3c5ea594?api-version=2016-03-30
      cache-control:
      - no-cache
      content-length:
      - '1587'
      content-type:
      - application/json
      date:
      - Tue, 07 Feb 2023 14:32:36 GMT
      expires:
      - '-1'
      pragma:
      - no-cache
      server:
      - nginx
      strict-transport-security:
      - max-age=31536000; includeSubDomains
      x-content-type-options:
      - nosniff
      x-ms-ratelimit-remaining-subscription-writes:
      - '1194'
    status:
      code: 201
      message: Created
- request:
    body: null
    headers:
      Accept:
      - '*/*'
      Accept-Encoding:
      - gzip, deflate
      CommandName:
      - aks nodepool add
      Connection:
      - keep-alive
      ParameterSetName:
      - --resource-group --cluster-name --name --node-count --kubelet-config --linux-os-config
        --aks-custom-headers
      User-Agent:
      - AZURECLI/2.45.0 azsdk-python-azure-mgmt-containerservice/21.1.0 Python/3.10.9
        (Linux-5.15.0-1031-azure-x86_64-with-glibc2.31) VSTS_7b238909-6802-4b65-b90d-184bca47f458_build_220_0
    method: GET
    uri: https://management.azure.com/subscriptions/00000000-0000-0000-0000-000000000000/providers/Microsoft.ContainerService/locations/westus2/operations/18f85125-94bb-4381-aa7d-d51d3c5ea594?api-version=2016-03-30
  response:
    body:
      string: "{\n  \"name\": \"2551f818-bb94-8143-aa7d-d51d3c5ea594\",\n  \"status\":
        \"InProgress\",\n  \"startTime\": \"2023-02-07T14:32:36.242348Z\"\n }"
    headers:
      cache-control:
      - no-cache
      content-length:
      - '125'
      content-type:
      - application/json
      date:
      - Tue, 07 Feb 2023 14:33:06 GMT
      expires:
      - '-1'
      pragma:
      - no-cache
      server:
      - nginx
      strict-transport-security:
      - max-age=31536000; includeSubDomains
      transfer-encoding:
      - chunked
      vary:
      - Accept-Encoding
      x-content-type-options:
      - nosniff
    status:
      code: 200
      message: OK
- request:
    body: null
    headers:
      Accept:
      - '*/*'
      Accept-Encoding:
      - gzip, deflate
      CommandName:
      - aks nodepool add
      Connection:
      - keep-alive
      ParameterSetName:
      - --resource-group --cluster-name --name --node-count --kubelet-config --linux-os-config
        --aks-custom-headers
      User-Agent:
      - AZURECLI/2.45.0 azsdk-python-azure-mgmt-containerservice/21.1.0 Python/3.10.9
        (Linux-5.15.0-1031-azure-x86_64-with-glibc2.31) VSTS_7b238909-6802-4b65-b90d-184bca47f458_build_220_0
    method: GET
    uri: https://management.azure.com/subscriptions/00000000-0000-0000-0000-000000000000/providers/Microsoft.ContainerService/locations/westus2/operations/18f85125-94bb-4381-aa7d-d51d3c5ea594?api-version=2016-03-30
  response:
    body:
      string: "{\n  \"name\": \"2551f818-bb94-8143-aa7d-d51d3c5ea594\",\n  \"status\":
        \"InProgress\",\n  \"startTime\": \"2023-02-07T14:32:36.242348Z\"\n }"
    headers:
      cache-control:
      - no-cache
      content-length:
      - '125'
      content-type:
      - application/json
      date:
      - Tue, 07 Feb 2023 14:33:36 GMT
      expires:
      - '-1'
      pragma:
      - no-cache
      server:
      - nginx
      strict-transport-security:
      - max-age=31536000; includeSubDomains
      transfer-encoding:
      - chunked
      vary:
      - Accept-Encoding
      x-content-type-options:
      - nosniff
    status:
      code: 200
      message: OK
- request:
    body: null
    headers:
      Accept:
      - '*/*'
      Accept-Encoding:
      - gzip, deflate
      CommandName:
      - aks nodepool add
      Connection:
      - keep-alive
      ParameterSetName:
      - --resource-group --cluster-name --name --node-count --kubelet-config --linux-os-config
        --aks-custom-headers
      User-Agent:
      - AZURECLI/2.45.0 azsdk-python-azure-mgmt-containerservice/21.1.0 Python/3.10.9
        (Linux-5.15.0-1031-azure-x86_64-with-glibc2.31) VSTS_7b238909-6802-4b65-b90d-184bca47f458_build_220_0
    method: GET
    uri: https://management.azure.com/subscriptions/00000000-0000-0000-0000-000000000000/providers/Microsoft.ContainerService/locations/westus2/operations/18f85125-94bb-4381-aa7d-d51d3c5ea594?api-version=2016-03-30
  response:
    body:
      string: "{\n  \"name\": \"2551f818-bb94-8143-aa7d-d51d3c5ea594\",\n  \"status\":
        \"InProgress\",\n  \"startTime\": \"2023-02-07T14:32:36.242348Z\"\n }"
    headers:
      cache-control:
      - no-cache
      content-length:
      - '125'
      content-type:
      - application/json
      date:
      - Tue, 07 Feb 2023 14:34:07 GMT
      expires:
      - '-1'
      pragma:
      - no-cache
      server:
      - nginx
      strict-transport-security:
      - max-age=31536000; includeSubDomains
      transfer-encoding:
      - chunked
      vary:
      - Accept-Encoding
      x-content-type-options:
      - nosniff
    status:
      code: 200
      message: OK
- request:
    body: null
    headers:
      Accept:
      - '*/*'
      Accept-Encoding:
      - gzip, deflate
      CommandName:
      - aks nodepool add
      Connection:
      - keep-alive
      ParameterSetName:
      - --resource-group --cluster-name --name --node-count --kubelet-config --linux-os-config
        --aks-custom-headers
      User-Agent:
      - AZURECLI/2.45.0 azsdk-python-azure-mgmt-containerservice/21.1.0 Python/3.10.9
        (Linux-5.15.0-1031-azure-x86_64-with-glibc2.31) VSTS_7b238909-6802-4b65-b90d-184bca47f458_build_220_0
    method: GET
    uri: https://management.azure.com/subscriptions/00000000-0000-0000-0000-000000000000/providers/Microsoft.ContainerService/locations/westus2/operations/18f85125-94bb-4381-aa7d-d51d3c5ea594?api-version=2016-03-30
  response:
    body:
      string: "{\n  \"name\": \"2551f818-bb94-8143-aa7d-d51d3c5ea594\",\n  \"status\":
        \"InProgress\",\n  \"startTime\": \"2023-02-07T14:32:36.242348Z\"\n }"
    headers:
      cache-control:
      - no-cache
      content-length:
      - '125'
      content-type:
      - application/json
      date:
      - Tue, 07 Feb 2023 14:34:36 GMT
      expires:
      - '-1'
      pragma:
      - no-cache
      server:
      - nginx
      strict-transport-security:
      - max-age=31536000; includeSubDomains
      transfer-encoding:
      - chunked
      vary:
      - Accept-Encoding
      x-content-type-options:
      - nosniff
    status:
      code: 200
      message: OK
- request:
    body: null
    headers:
      Accept:
      - '*/*'
      Accept-Encoding:
      - gzip, deflate
      CommandName:
      - aks nodepool add
      Connection:
      - keep-alive
      ParameterSetName:
      - --resource-group --cluster-name --name --node-count --kubelet-config --linux-os-config
        --aks-custom-headers
      User-Agent:
      - AZURECLI/2.45.0 azsdk-python-azure-mgmt-containerservice/21.1.0 Python/3.10.9
        (Linux-5.15.0-1031-azure-x86_64-with-glibc2.31) VSTS_7b238909-6802-4b65-b90d-184bca47f458_build_220_0
    method: GET
    uri: https://management.azure.com/subscriptions/00000000-0000-0000-0000-000000000000/providers/Microsoft.ContainerService/locations/westus2/operations/18f85125-94bb-4381-aa7d-d51d3c5ea594?api-version=2016-03-30
  response:
    body:
      string: "{\n  \"name\": \"2551f818-bb94-8143-aa7d-d51d3c5ea594\",\n  \"status\":
        \"InProgress\",\n  \"startTime\": \"2023-02-07T14:32:36.242348Z\"\n }"
    headers:
      cache-control:
      - no-cache
      content-length:
      - '125'
      content-type:
      - application/json
      date:
      - Tue, 07 Feb 2023 14:35:06 GMT
      expires:
      - '-1'
      pragma:
      - no-cache
      server:
      - nginx
      strict-transport-security:
      - max-age=31536000; includeSubDomains
      transfer-encoding:
      - chunked
      vary:
      - Accept-Encoding
      x-content-type-options:
      - nosniff
    status:
      code: 200
      message: OK
- request:
    body: null
    headers:
      Accept:
      - '*/*'
      Accept-Encoding:
      - gzip, deflate
      CommandName:
      - aks nodepool add
      Connection:
      - keep-alive
      ParameterSetName:
      - --resource-group --cluster-name --name --node-count --kubelet-config --linux-os-config
        --aks-custom-headers
      User-Agent:
      - AZURECLI/2.45.0 azsdk-python-azure-mgmt-containerservice/21.1.0 Python/3.10.9
        (Linux-5.15.0-1031-azure-x86_64-with-glibc2.31) VSTS_7b238909-6802-4b65-b90d-184bca47f458_build_220_0
    method: GET
    uri: https://management.azure.com/subscriptions/00000000-0000-0000-0000-000000000000/providers/Microsoft.ContainerService/locations/westus2/operations/18f85125-94bb-4381-aa7d-d51d3c5ea594?api-version=2016-03-30
  response:
    body:
      string: "{\n  \"name\": \"2551f818-bb94-8143-aa7d-d51d3c5ea594\",\n  \"status\":
        \"InProgress\",\n  \"startTime\": \"2023-02-07T14:32:36.242348Z\"\n }"
    headers:
      cache-control:
      - no-cache
      content-length:
      - '125'
      content-type:
      - application/json
      date:
      - Tue, 07 Feb 2023 14:35:36 GMT
      expires:
      - '-1'
      pragma:
      - no-cache
      server:
      - nginx
      strict-transport-security:
      - max-age=31536000; includeSubDomains
      transfer-encoding:
      - chunked
      vary:
      - Accept-Encoding
      x-content-type-options:
      - nosniff
    status:
      code: 200
      message: OK
- request:
    body: null
    headers:
      Accept:
      - '*/*'
      Accept-Encoding:
      - gzip, deflate
      CommandName:
      - aks nodepool add
      Connection:
      - keep-alive
      ParameterSetName:
      - --resource-group --cluster-name --name --node-count --kubelet-config --linux-os-config
        --aks-custom-headers
      User-Agent:
      - AZURECLI/2.45.0 azsdk-python-azure-mgmt-containerservice/21.1.0 Python/3.10.9
        (Linux-5.15.0-1031-azure-x86_64-with-glibc2.31) VSTS_7b238909-6802-4b65-b90d-184bca47f458_build_220_0
    method: GET
    uri: https://management.azure.com/subscriptions/00000000-0000-0000-0000-000000000000/providers/Microsoft.ContainerService/locations/westus2/operations/18f85125-94bb-4381-aa7d-d51d3c5ea594?api-version=2016-03-30
  response:
    body:
      string: "{\n  \"name\": \"2551f818-bb94-8143-aa7d-d51d3c5ea594\",\n  \"status\":
        \"Succeeded\",\n  \"startTime\": \"2023-02-07T14:32:36.242348Z\",\n  \"endTime\":
        \"2023-02-07T14:35:49.418306Z\"\n }"
    headers:
      cache-control:
      - no-cache
      content-length:
      - '168'
      content-type:
      - application/json
      date:
      - Tue, 07 Feb 2023 14:36:07 GMT
      expires:
      - '-1'
      pragma:
      - no-cache
      server:
      - nginx
      strict-transport-security:
      - max-age=31536000; includeSubDomains
      transfer-encoding:
      - chunked
      vary:
      - Accept-Encoding
      x-content-type-options:
      - nosniff
    status:
      code: 200
      message: OK
- request:
    body: null
    headers:
      Accept:
      - '*/*'
      Accept-Encoding:
      - gzip, deflate
      CommandName:
      - aks nodepool add
      Connection:
      - keep-alive
      ParameterSetName:
      - --resource-group --cluster-name --name --node-count --kubelet-config --linux-os-config
        --aks-custom-headers
      User-Agent:
      - AZURECLI/2.45.0 azsdk-python-azure-mgmt-containerservice/21.1.0 Python/3.10.9
        (Linux-5.15.0-1031-azure-x86_64-with-glibc2.31) VSTS_7b238909-6802-4b65-b90d-184bca47f458_build_220_0
    method: GET
    uri: https://management.azure.com/subscriptions/00000000-0000-0000-0000-000000000000/resourceGroups/clitest000001/providers/Microsoft.ContainerService/managedClusters/cliakstest000002/agentPools/nodepool2?api-version=2023-01-01
  response:
    body:
      string: "{\n  \"id\": \"/subscriptions/00000000-0000-0000-0000-000000000000/resourcegroups/clitest000001/providers/Microsoft.ContainerService/managedClusters/cliakstest000002/agentPools/nodepool2\",\n
        \ \"name\": \"nodepool2\",\n  \"type\": \"Microsoft.ContainerService/managedClusters/agentPools\",\n
        \ \"properties\": {\n   \"count\": 1,\n   \"vmSize\": \"Standard_DS2_v2\",\n
        \  \"osDiskSizeGB\": 128,\n   \"osDiskType\": \"Managed\",\n   \"kubeletDiskType\":
        \"OS\",\n   \"maxPods\": 110,\n   \"type\": \"VirtualMachineScaleSets\",\n
        \  \"enableAutoScaling\": false,\n   \"scaleDownMode\": \"Delete\",\n   \"provisioningState\":
        \"Succeeded\",\n   \"powerState\": {\n    \"code\": \"Running\"\n   },\n   \"orchestratorVersion\":
        \"1.24.9\",\n   \"currentOrchestratorVersion\": \"1.24.9\",\n   \"enableNodePublicIP\":
        false,\n   \"mode\": \"User\",\n   \"kubeletConfig\": {\n    \"cpuManagerPolicy\":
        \"static\",\n    \"cpuCfsQuota\": true,\n    \"cpuCfsQuotaPeriod\": \"200ms\",\n
        \   \"imageGcHighThreshold\": 90,\n    \"imageGcLowThreshold\": 70,\n    \"topologyManagerPolicy\":
        \"best-effort\",\n    \"allowedUnsafeSysctls\": [\n     \"kernel.msg*\",\n
        \    \"net.*\"\n    ],\n    \"failSwapOn\": false\n   },\n   \"linuxOSConfig\":
        {\n    \"sysctls\": {\n     \"netCoreSomaxconn\": 163849,\n     \"netIpv4TcpTwReuse\":
        true,\n     \"netIpv4IpLocalPortRange\": \"32000 60000\"\n    },\n    \"transparentHugePageEnabled\":
        \"madvise\",\n    \"transparentHugePageDefrag\": \"defer+madvise\",\n    \"swapFileSizeMB\":
        1500\n   },\n   \"enableEncryptionAtHost\": false,\n   \"enableUltraSSD\":
        false,\n   \"osType\": \"Linux\",\n   \"osSKU\": \"Ubuntu\",\n   \"nodeImageVersion\":
        \"AKSUbuntu-1804gen2containerd-2023.01.20\",\n   \"upgradeSettings\": {},\n
        \  \"enableFIPS\": false\n  }\n }"
    headers:
      cache-control:
      - no-cache
      content-length:
      - '1588'
      content-type:
      - application/json
      date:
      - Tue, 07 Feb 2023 14:36:08 GMT
      expires:
      - '-1'
      pragma:
      - no-cache
      server:
      - nginx
      strict-transport-security:
      - max-age=31536000; includeSubDomains
      transfer-encoding:
      - chunked
      vary:
      - Accept-Encoding
      x-content-type-options:
      - nosniff
    status:
      code: 200
      message: OK
version: 1
