interactions:
- request:
    body: null
    headers:
      Accept:
      - application/json
      Accept-Encoding:
      - gzip, deflate
      CommandName:
      - aks create
      Connection:
      - keep-alive
      ParameterSetName:
      - --resource-group --name --service-principal --client-secret --ssh-key-value
      User-Agent:
      - AZURECLI/2.33.1 azsdk-python-azure-mgmt-resource/20.0.0 Python/3.8.10 (Linux-5.11.0-1028-azure-x86_64-with-glibc2.29)
    method: GET
    uri: https://management.azure.com/subscriptions/00000000-0000-0000-0000-000000000000/resourcegroups/clitest000001?api-version=2021-04-01
  response:
    body:
      string: '{"id":"/subscriptions/00000000-0000-0000-0000-000000000000/resourceGroups/clitest000001","name":"clitest000001","type":"Microsoft.Resources/resourceGroups","location":"westus2","tags":{"product":"azurecli","cause":"automation","date":"2022-02-21T09:43:42Z"},"properties":{"provisioningState":"Succeeded"}}'
    headers:
      cache-control:
      - no-cache
      content-length:
      - '305'
      content-type:
      - application/json; charset=utf-8
      date:
      - Mon, 21 Feb 2022 09:43:42 GMT
      expires:
      - '-1'
      pragma:
      - no-cache
      strict-transport-security:
      - max-age=31536000; includeSubDomains
      vary:
      - Accept-Encoding
      x-content-type-options:
      - nosniff
    status:
      code: 200
      message: OK
- request:
    body: '{"location": "westus2", "properties": {"kubernetesVersion": "", "dnsPrefix":
      "cliakstest-clitest6ifa3hok5-79a739", "agentPoolProfiles": [{"count": 3, "vmSize":
      "Standard_DS2_v2", "osType": "Linux", "enableAutoScaling": false, "type": "VirtualMachineScaleSets",
      "mode": "System", "enableNodePublicIP": false, "scaleSetPriority": "Regular",
      "scaleSetEvictionPolicy": "Delete", "spotMaxPrice": -1.0, "enableEncryptionAtHost":
      false, "enableUltraSSD": false, "enableFIPS": false, "name": "nodepool1"}],
      "linuxProfile": {"adminUsername": "azureuser", "ssh": {"publicKeys": [{"keyData":
      "ssh-rsa AAAAB3NzaC1yc2EAAAADAQABAAABAQCkTqGRK3zmJN9ar1LkFXK3AX608uwaOVre4fFs7sYelK/wjQb9JbtBEFYeps4rk0OufUrQaH4lD5rjflE1plT0slh9PiYtmZxPLYF8Y2ZaCLXvsae6CLfYlQdssE+N+3VANXJfaCmfAUUwlBWio5VEFEKiv6uD2I9pDlldyVnXZX8DbVFiuyK3R4ALQ7OTKyIblql8ir6uPGwzK5meKs9I/ZrUPtNbrKUsyhl0khLPr+VfumUGDtgwTMhnRz1JbYpiegQdMpkB65cIXZGPsC7Nyfv78AKuDklcOfoKwmkZ1+YubPS53qOQm6baTICuN0YgYHl7MZFqrFhmpFysqoKT
      azcli_aks_live_test@example.com\n"}]}}, "servicePrincipalProfile": {"clientId":"00000000-0000-0000-0000-000000000001",
      "secret":"fake-secret"}, "addonProfiles": {}, "enableRBAC": true, "networkProfile":
      {"networkPlugin": "kubenet", "podCidr": "10.244.0.0/16", "serviceCidr": "10.0.0.0/16",
      "dnsServiceIP": "10.0.0.10", "dockerBridgeCidr": "172.17.0.1/16", "outboundType":
      "loadBalancer", "loadBalancerSku": "standard"}, "disableLocalAccounts": false}}'
    headers:
      Accept:
      - application/json
      Accept-Encoding:
      - gzip, deflate
      CommandName:
      - aks create
      Connection:
      - keep-alive
      Content-Length:
      - '1414'
      Content-Type:
      - application/json
      ParameterSetName:
      - --resource-group --name --service-principal --client-secret --ssh-key-value
      User-Agent:
      - AZURECLI/2.33.1 azsdk-python-azure-mgmt-containerservice/17.0.0 Python/3.8.10
        (Linux-5.11.0-1028-azure-x86_64-with-glibc2.29)
    method: PUT
    uri: https://management.azure.com/subscriptions/00000000-0000-0000-0000-000000000000/resourceGroups/clitest000001/providers/Microsoft.ContainerService/managedClusters/cliakstest000003?api-version=2022-01-01
  response:
    body:
      string: "{\n  \"id\": \"/subscriptions/00000000-0000-0000-0000-000000000000/resourcegroups/clitest000001/providers/Microsoft.ContainerService/managedClusters/cliakstest000003\",\n
        \ \"location\": \"westus2\",\n  \"name\": \"cliakstest000003\",\n  \"type\":
        \"Microsoft.ContainerService/ManagedClusters\",\n  \"properties\": {\n   \"provisioningState\":
        \"Creating\",\n   \"powerState\": {\n    \"code\": \"Running\"\n   },\n   \"kubernetesVersion\":
        \"1.21.9\",\n   \"dnsPrefix\": \"cliakstest-clitest6ifa3hok5-79a739\",\n   \"fqdn\":
        \"cliakstest-clitest6ifa3hok5-79a739-3bbd7c2f.hcp.westus2.azmk8s.io\",\n   \"azurePortalFQDN\":
        \"cliakstest-clitest6ifa3hok5-79a739-3bbd7c2f.portal.hcp.westus2.azmk8s.io\",\n
        \  \"agentPoolProfiles\": [\n    {\n     \"name\": \"nodepool1\",\n     \"count\":
        3,\n     \"vmSize\": \"Standard_DS2_v2\",\n     \"osDiskSizeGB\": 128,\n     \"osDiskType\":
        \"Managed\",\n     \"kubeletDiskType\": \"OS\",\n     \"maxPods\": 110,\n
        \    \"type\": \"VirtualMachineScaleSets\",\n     \"enableAutoScaling\": false,\n
        \    \"provisioningState\": \"Creating\",\n     \"powerState\": {\n      \"code\":
        \"Running\"\n     },\n     \"orchestratorVersion\": \"1.21.9\",\n     \"enableNodePublicIP\":
        false,\n     \"mode\": \"System\",\n     \"enableEncryptionAtHost\": false,\n
        \    \"enableUltraSSD\": false,\n     \"osType\": \"Linux\",\n     \"osSKU\":
        \"Ubuntu\",\n     \"nodeImageVersion\": \"AKSUbuntu-1804gen2containerd-2022.02.01\",\n
        \    \"enableFIPS\": false\n    }\n   ],\n   \"linuxProfile\": {\n    \"adminUsername\":
        \"azureuser\",\n    \"ssh\": {\n     \"publicKeys\": [\n      {\n       \"keyData\":
        \"ssh-rsa AAAAB3NzaC1yc2EAAAADAQABAAABAQCkTqGRK3zmJN9ar1LkFXK3AX608uwaOVre4fFs7sYelK/wjQb9JbtBEFYeps4rk0OufUrQaH4lD5rjflE1plT0slh9PiYtmZxPLYF8Y2ZaCLXvsae6CLfYlQdssE+N+3VANXJfaCmfAUUwlBWio5VEFEKiv6uD2I9pDlldyVnXZX8DbVFiuyK3R4ALQ7OTKyIblql8ir6uPGwzK5meKs9I/ZrUPtNbrKUsyhl0khLPr+VfumUGDtgwTMhnRz1JbYpiegQdMpkB65cIXZGPsC7Nyfv78AKuDklcOfoKwmkZ1+YubPS53qOQm6baTICuN0YgYHl7MZFqrFhmpFysqoKT
        azcli_aks_live_test@example.com\\n\"\n      }\n     ]\n    }\n   },\n   \"servicePrincipalProfile\":
        {\n    \"clientId\":\"00000000-0000-0000-0000-000000000001\"\n   },\n   \"nodeResourceGroup\":
        \"MC_clitest000001_cliakstest000003_westus2\",\n   \"enableRBAC\": true,\n
        \  \"networkProfile\": {\n    \"networkPlugin\": \"kubenet\",\n    \"loadBalancerSku\":
        \"standard\",\n    \"loadBalancerProfile\": {\n     \"managedOutboundIPs\":
        {\n      \"count\": 1\n     }\n    },\n    \"podCidr\": \"10.244.0.0/16\",\n
        \   \"serviceCidr\": \"10.0.0.0/16\",\n    \"dnsServiceIP\": \"10.0.0.10\",\n
        \   \"dockerBridgeCidr\": \"172.17.0.1/16\",\n    \"outboundType\": \"loadBalancer\",\n
        \   \"podCidrs\": [\n     \"10.244.0.0/16\"\n    ],\n    \"serviceCidrs\":
        [\n     \"10.0.0.0/16\"\n    ],\n    \"ipFamilies\": [\n     \"IPv4\"\n    ]\n
        \  },\n   \"maxAgentPools\": 100,\n   \"disableLocalAccounts\": false\n  },\n
        \ \"sku\": {\n   \"name\": \"Basic\",\n   \"tier\": \"Free\"\n  }\n }"
    headers:
      azure-asyncoperation:
      - https://management.azure.com/subscriptions/00000000-0000-0000-0000-000000000000/providers/Microsoft.ContainerService/locations/westus2/operations/fca1dd40-e120-400d-8713-8e20ddbbef73?api-version=2016-03-30
      cache-control:
      - no-cache
      content-length:
      - '2692'
      content-type:
      - application/json
      date:
      - Mon, 21 Feb 2022 09:43:46 GMT
      expires:
      - '-1'
      pragma:
      - no-cache
      server:
      - nginx
      strict-transport-security:
      - max-age=31536000; includeSubDomains
      x-content-type-options:
      - nosniff
      x-ms-ratelimit-remaining-subscription-writes:
      - '1197'
    status:
      code: 201
      message: Created
- request:
    body: null
    headers:
      Accept:
      - '*/*'
      Accept-Encoding:
      - gzip, deflate
      CommandName:
      - aks create
      Connection:
      - keep-alive
      ParameterSetName:
      - --resource-group --name --service-principal --client-secret --ssh-key-value
      User-Agent:
      - AZURECLI/2.33.1 azsdk-python-azure-mgmt-containerservice/17.0.0 Python/3.8.10
        (Linux-5.11.0-1028-azure-x86_64-with-glibc2.29)
    method: GET
    uri: https://management.azure.com/subscriptions/00000000-0000-0000-0000-000000000000/providers/Microsoft.ContainerService/locations/westus2/operations/fca1dd40-e120-400d-8713-8e20ddbbef73?api-version=2016-03-30
  response:
    body:
      string: "{\n  \"name\": \"40dda1fc-20e1-0d40-8713-8e20ddbbef73\",\n  \"status\":
        \"InProgress\",\n  \"startTime\": \"2022-02-21T09:43:46.36Z\"\n }"
    headers:
      cache-control:
      - no-cache
      content-length:
      - '121'
      content-type:
      - application/json
      date:
      - Mon, 21 Feb 2022 09:44:15 GMT
      expires:
      - '-1'
      pragma:
      - no-cache
      server:
      - nginx
      strict-transport-security:
      - max-age=31536000; includeSubDomains
      transfer-encoding:
      - chunked
      vary:
      - Accept-Encoding
      x-content-type-options:
      - nosniff
    status:
      code: 200
      message: OK
- request:
    body: null
    headers:
      Accept:
      - '*/*'
      Accept-Encoding:
      - gzip, deflate
      CommandName:
      - aks create
      Connection:
      - keep-alive
      ParameterSetName:
      - --resource-group --name --service-principal --client-secret --ssh-key-value
      User-Agent:
      - AZURECLI/2.33.1 azsdk-python-azure-mgmt-containerservice/17.0.0 Python/3.8.10
        (Linux-5.11.0-1028-azure-x86_64-with-glibc2.29)
    method: GET
    uri: https://management.azure.com/subscriptions/00000000-0000-0000-0000-000000000000/providers/Microsoft.ContainerService/locations/westus2/operations/fca1dd40-e120-400d-8713-8e20ddbbef73?api-version=2016-03-30
  response:
    body:
      string: "{\n  \"name\": \"40dda1fc-20e1-0d40-8713-8e20ddbbef73\",\n  \"status\":
        \"InProgress\",\n  \"startTime\": \"2022-02-21T09:43:46.36Z\"\n }"
    headers:
      cache-control:
      - no-cache
      content-length:
      - '121'
      content-type:
      - application/json
      date:
      - Mon, 21 Feb 2022 09:44:45 GMT
      expires:
      - '-1'
      pragma:
      - no-cache
      server:
      - nginx
      strict-transport-security:
      - max-age=31536000; includeSubDomains
      transfer-encoding:
      - chunked
      vary:
      - Accept-Encoding
      x-content-type-options:
      - nosniff
    status:
      code: 200
      message: OK
- request:
    body: null
    headers:
      Accept:
      - '*/*'
      Accept-Encoding:
      - gzip, deflate
      CommandName:
      - aks create
      Connection:
      - keep-alive
      ParameterSetName:
      - --resource-group --name --service-principal --client-secret --ssh-key-value
      User-Agent:
      - AZURECLI/2.33.1 azsdk-python-azure-mgmt-containerservice/17.0.0 Python/3.8.10
        (Linux-5.11.0-1028-azure-x86_64-with-glibc2.29)
    method: GET
    uri: https://management.azure.com/subscriptions/00000000-0000-0000-0000-000000000000/providers/Microsoft.ContainerService/locations/westus2/operations/fca1dd40-e120-400d-8713-8e20ddbbef73?api-version=2016-03-30
  response:
    body:
      string: "{\n  \"name\": \"40dda1fc-20e1-0d40-8713-8e20ddbbef73\",\n  \"status\":
        \"InProgress\",\n  \"startTime\": \"2022-02-21T09:43:46.36Z\"\n }"
    headers:
      cache-control:
      - no-cache
      content-length:
      - '121'
      content-type:
      - application/json
      date:
      - Mon, 21 Feb 2022 09:45:16 GMT
      expires:
      - '-1'
      pragma:
      - no-cache
      server:
      - nginx
      strict-transport-security:
      - max-age=31536000; includeSubDomains
      transfer-encoding:
      - chunked
      vary:
      - Accept-Encoding
      x-content-type-options:
      - nosniff
    status:
      code: 200
      message: OK
- request:
    body: null
    headers:
      Accept:
      - '*/*'
      Accept-Encoding:
      - gzip, deflate
      CommandName:
      - aks create
      Connection:
      - keep-alive
      ParameterSetName:
      - --resource-group --name --service-principal --client-secret --ssh-key-value
      User-Agent:
      - AZURECLI/2.33.1 azsdk-python-azure-mgmt-containerservice/17.0.0 Python/3.8.10
        (Linux-5.11.0-1028-azure-x86_64-with-glibc2.29)
    method: GET
    uri: https://management.azure.com/subscriptions/00000000-0000-0000-0000-000000000000/providers/Microsoft.ContainerService/locations/westus2/operations/fca1dd40-e120-400d-8713-8e20ddbbef73?api-version=2016-03-30
  response:
    body:
      string: "{\n  \"name\": \"40dda1fc-20e1-0d40-8713-8e20ddbbef73\",\n  \"status\":
        \"InProgress\",\n  \"startTime\": \"2022-02-21T09:43:46.36Z\"\n }"
    headers:
      cache-control:
      - no-cache
      content-length:
      - '121'
      content-type:
      - application/json
      date:
      - Mon, 21 Feb 2022 09:45:46 GMT
      expires:
      - '-1'
      pragma:
      - no-cache
      server:
      - nginx
      strict-transport-security:
      - max-age=31536000; includeSubDomains
      transfer-encoding:
      - chunked
      vary:
      - Accept-Encoding
      x-content-type-options:
      - nosniff
    status:
      code: 200
      message: OK
- request:
    body: null
    headers:
      Accept:
      - '*/*'
      Accept-Encoding:
      - gzip, deflate
      CommandName:
      - aks create
      Connection:
      - keep-alive
      ParameterSetName:
      - --resource-group --name --service-principal --client-secret --ssh-key-value
      User-Agent:
      - AZURECLI/2.33.1 azsdk-python-azure-mgmt-containerservice/17.0.0 Python/3.8.10
        (Linux-5.11.0-1028-azure-x86_64-with-glibc2.29)
    method: GET
    uri: https://management.azure.com/subscriptions/00000000-0000-0000-0000-000000000000/providers/Microsoft.ContainerService/locations/westus2/operations/fca1dd40-e120-400d-8713-8e20ddbbef73?api-version=2016-03-30
  response:
    body:
      string: "{\n  \"name\": \"40dda1fc-20e1-0d40-8713-8e20ddbbef73\",\n  \"status\":
        \"InProgress\",\n  \"startTime\": \"2022-02-21T09:43:46.36Z\"\n }"
    headers:
      cache-control:
      - no-cache
      content-length:
      - '121'
      content-type:
      - application/json
      date:
      - Mon, 21 Feb 2022 09:46:16 GMT
      expires:
      - '-1'
      pragma:
      - no-cache
      server:
      - nginx
      strict-transport-security:
      - max-age=31536000; includeSubDomains
      transfer-encoding:
      - chunked
      vary:
      - Accept-Encoding
      x-content-type-options:
      - nosniff
    status:
      code: 200
      message: OK
- request:
    body: null
    headers:
      Accept:
      - '*/*'
      Accept-Encoding:
      - gzip, deflate
      CommandName:
      - aks create
      Connection:
      - keep-alive
      ParameterSetName:
      - --resource-group --name --service-principal --client-secret --ssh-key-value
      User-Agent:
      - AZURECLI/2.33.1 azsdk-python-azure-mgmt-containerservice/17.0.0 Python/3.8.10
        (Linux-5.11.0-1028-azure-x86_64-with-glibc2.29)
    method: GET
    uri: https://management.azure.com/subscriptions/00000000-0000-0000-0000-000000000000/providers/Microsoft.ContainerService/locations/westus2/operations/fca1dd40-e120-400d-8713-8e20ddbbef73?api-version=2016-03-30
  response:
    body:
      string: "{\n  \"name\": \"40dda1fc-20e1-0d40-8713-8e20ddbbef73\",\n  \"status\":
        \"InProgress\",\n  \"startTime\": \"2022-02-21T09:43:46.36Z\"\n }"
    headers:
      cache-control:
      - no-cache
      content-length:
      - '121'
      content-type:
      - application/json
      date:
      - Mon, 21 Feb 2022 09:46:46 GMT
      expires:
      - '-1'
      pragma:
      - no-cache
      server:
      - nginx
      strict-transport-security:
      - max-age=31536000; includeSubDomains
      transfer-encoding:
      - chunked
      vary:
      - Accept-Encoding
      x-content-type-options:
      - nosniff
    status:
      code: 200
      message: OK
- request:
    body: null
    headers:
      Accept:
      - '*/*'
      Accept-Encoding:
      - gzip, deflate
      CommandName:
      - aks create
      Connection:
      - keep-alive
      ParameterSetName:
      - --resource-group --name --service-principal --client-secret --ssh-key-value
      User-Agent:
      - AZURECLI/2.33.1 azsdk-python-azure-mgmt-containerservice/17.0.0 Python/3.8.10
        (Linux-5.11.0-1028-azure-x86_64-with-glibc2.29)
    method: GET
    uri: https://management.azure.com/subscriptions/00000000-0000-0000-0000-000000000000/providers/Microsoft.ContainerService/locations/westus2/operations/fca1dd40-e120-400d-8713-8e20ddbbef73?api-version=2016-03-30
  response:
    body:
      string: "{\n  \"name\": \"40dda1fc-20e1-0d40-8713-8e20ddbbef73\",\n  \"status\":
        \"InProgress\",\n  \"startTime\": \"2022-02-21T09:43:46.36Z\"\n }"
    headers:
      cache-control:
      - no-cache
      content-length:
      - '121'
      content-type:
      - application/json
      date:
      - Mon, 21 Feb 2022 09:47:17 GMT
      expires:
      - '-1'
      pragma:
      - no-cache
      server:
      - nginx
      strict-transport-security:
      - max-age=31536000; includeSubDomains
      transfer-encoding:
      - chunked
      vary:
      - Accept-Encoding
      x-content-type-options:
      - nosniff
    status:
      code: 200
      message: OK
- request:
    body: null
    headers:
      Accept:
      - '*/*'
      Accept-Encoding:
      - gzip, deflate
      CommandName:
      - aks create
      Connection:
      - keep-alive
      ParameterSetName:
      - --resource-group --name --service-principal --client-secret --ssh-key-value
      User-Agent:
      - AZURECLI/2.33.1 azsdk-python-azure-mgmt-containerservice/17.0.0 Python/3.8.10
        (Linux-5.11.0-1028-azure-x86_64-with-glibc2.29)
    method: GET
    uri: https://management.azure.com/subscriptions/00000000-0000-0000-0000-000000000000/providers/Microsoft.ContainerService/locations/westus2/operations/fca1dd40-e120-400d-8713-8e20ddbbef73?api-version=2016-03-30
  response:
    body:
      string: "{\n  \"name\": \"40dda1fc-20e1-0d40-8713-8e20ddbbef73\",\n  \"status\":
        \"InProgress\",\n  \"startTime\": \"2022-02-21T09:43:46.36Z\"\n }"
    headers:
      cache-control:
      - no-cache
      content-length:
      - '121'
      content-type:
      - application/json
      date:
      - Mon, 21 Feb 2022 09:47:46 GMT
      expires:
      - '-1'
      pragma:
      - no-cache
      server:
      - nginx
      strict-transport-security:
      - max-age=31536000; includeSubDomains
      transfer-encoding:
      - chunked
      vary:
      - Accept-Encoding
      x-content-type-options:
      - nosniff
    status:
      code: 200
      message: OK
- request:
    body: null
    headers:
      Accept:
      - '*/*'
      Accept-Encoding:
      - gzip, deflate
      CommandName:
      - aks create
      Connection:
      - keep-alive
      ParameterSetName:
      - --resource-group --name --service-principal --client-secret --ssh-key-value
      User-Agent:
      - AZURECLI/2.33.1 azsdk-python-azure-mgmt-containerservice/17.0.0 Python/3.8.10
        (Linux-5.11.0-1028-azure-x86_64-with-glibc2.29)
    method: GET
    uri: https://management.azure.com/subscriptions/00000000-0000-0000-0000-000000000000/providers/Microsoft.ContainerService/locations/westus2/operations/fca1dd40-e120-400d-8713-8e20ddbbef73?api-version=2016-03-30
  response:
    body:
      string: "{\n  \"name\": \"40dda1fc-20e1-0d40-8713-8e20ddbbef73\",\n  \"status\":
        \"InProgress\",\n  \"startTime\": \"2022-02-21T09:43:46.36Z\"\n }"
    headers:
      cache-control:
      - no-cache
      content-length:
      - '121'
      content-type:
      - application/json
      date:
      - Mon, 21 Feb 2022 09:48:16 GMT
      expires:
      - '-1'
      pragma:
      - no-cache
      server:
      - nginx
      strict-transport-security:
      - max-age=31536000; includeSubDomains
      transfer-encoding:
      - chunked
      vary:
      - Accept-Encoding
      x-content-type-options:
      - nosniff
    status:
      code: 200
      message: OK
- request:
    body: null
    headers:
      Accept:
      - '*/*'
      Accept-Encoding:
      - gzip, deflate
      CommandName:
      - aks create
      Connection:
      - keep-alive
      ParameterSetName:
      - --resource-group --name --service-principal --client-secret --ssh-key-value
      User-Agent:
      - AZURECLI/2.33.1 azsdk-python-azure-mgmt-containerservice/17.0.0 Python/3.8.10
        (Linux-5.11.0-1028-azure-x86_64-with-glibc2.29)
    method: GET
    uri: https://management.azure.com/subscriptions/00000000-0000-0000-0000-000000000000/providers/Microsoft.ContainerService/locations/westus2/operations/fca1dd40-e120-400d-8713-8e20ddbbef73?api-version=2016-03-30
  response:
    body:
      string: "{\n  \"name\": \"40dda1fc-20e1-0d40-8713-8e20ddbbef73\",\n  \"status\":
        \"InProgress\",\n  \"startTime\": \"2022-02-21T09:43:46.36Z\"\n }"
    headers:
      cache-control:
      - no-cache
      content-length:
      - '121'
      content-type:
      - application/json
      date:
      - Mon, 21 Feb 2022 09:48:46 GMT
      expires:
      - '-1'
      pragma:
      - no-cache
      server:
      - nginx
      strict-transport-security:
      - max-age=31536000; includeSubDomains
      transfer-encoding:
      - chunked
      vary:
      - Accept-Encoding
      x-content-type-options:
      - nosniff
    status:
      code: 200
      message: OK
- request:
    body: null
    headers:
      Accept:
      - '*/*'
      Accept-Encoding:
      - gzip, deflate
      CommandName:
      - aks create
      Connection:
      - keep-alive
      ParameterSetName:
      - --resource-group --name --service-principal --client-secret --ssh-key-value
      User-Agent:
      - AZURECLI/2.33.1 azsdk-python-azure-mgmt-containerservice/17.0.0 Python/3.8.10
        (Linux-5.11.0-1028-azure-x86_64-with-glibc2.29)
    method: GET
    uri: https://management.azure.com/subscriptions/00000000-0000-0000-0000-000000000000/providers/Microsoft.ContainerService/locations/westus2/operations/fca1dd40-e120-400d-8713-8e20ddbbef73?api-version=2016-03-30
  response:
    body:
      string: "{\n  \"name\": \"40dda1fc-20e1-0d40-8713-8e20ddbbef73\",\n  \"status\":
        \"InProgress\",\n  \"startTime\": \"2022-02-21T09:43:46.36Z\"\n }"
    headers:
      cache-control:
      - no-cache
      content-length:
      - '121'
      content-type:
      - application/json
      date:
      - Mon, 21 Feb 2022 09:49:16 GMT
      expires:
      - '-1'
      pragma:
      - no-cache
      server:
      - nginx
      strict-transport-security:
      - max-age=31536000; includeSubDomains
      transfer-encoding:
      - chunked
      vary:
      - Accept-Encoding
      x-content-type-options:
      - nosniff
    status:
      code: 200
      message: OK
- request:
    body: null
    headers:
      Accept:
      - '*/*'
      Accept-Encoding:
      - gzip, deflate
      CommandName:
      - aks create
      Connection:
      - keep-alive
      ParameterSetName:
      - --resource-group --name --service-principal --client-secret --ssh-key-value
      User-Agent:
      - AZURECLI/2.33.1 azsdk-python-azure-mgmt-containerservice/17.0.0 Python/3.8.10
        (Linux-5.11.0-1028-azure-x86_64-with-glibc2.29)
    method: GET
    uri: https://management.azure.com/subscriptions/00000000-0000-0000-0000-000000000000/providers/Microsoft.ContainerService/locations/westus2/operations/fca1dd40-e120-400d-8713-8e20ddbbef73?api-version=2016-03-30
  response:
    body:
      string: "{\n  \"name\": \"40dda1fc-20e1-0d40-8713-8e20ddbbef73\",\n  \"status\":
        \"Succeeded\",\n  \"startTime\": \"2022-02-21T09:43:46.36Z\",\n  \"endTime\":
        \"2022-02-21T09:49:34.6526672Z\"\n }"
    headers:
      cache-control:
      - no-cache
      content-length:
      - '165'
      content-type:
      - application/json
      date:
      - Mon, 21 Feb 2022 09:49:46 GMT
      expires:
      - '-1'
      pragma:
      - no-cache
      server:
      - nginx
      strict-transport-security:
      - max-age=31536000; includeSubDomains
      transfer-encoding:
      - chunked
      vary:
      - Accept-Encoding
      x-content-type-options:
      - nosniff
    status:
      code: 200
      message: OK
- request:
    body: null
    headers:
      Accept:
      - '*/*'
      Accept-Encoding:
      - gzip, deflate
      CommandName:
      - aks create
      Connection:
      - keep-alive
      ParameterSetName:
      - --resource-group --name --service-principal --client-secret --ssh-key-value
      User-Agent:
      - AZURECLI/2.33.1 azsdk-python-azure-mgmt-containerservice/17.0.0 Python/3.8.10
        (Linux-5.11.0-1028-azure-x86_64-with-glibc2.29)
    method: GET
    uri: https://management.azure.com/subscriptions/00000000-0000-0000-0000-000000000000/resourceGroups/clitest000001/providers/Microsoft.ContainerService/managedClusters/cliakstest000003?api-version=2022-01-01
  response:
    body:
      string: "{\n  \"id\": \"/subscriptions/00000000-0000-0000-0000-000000000000/resourcegroups/clitest000001/providers/Microsoft.ContainerService/managedClusters/cliakstest000003\",\n
        \ \"location\": \"westus2\",\n  \"name\": \"cliakstest000003\",\n  \"type\":
        \"Microsoft.ContainerService/ManagedClusters\",\n  \"properties\": {\n   \"provisioningState\":
        \"Succeeded\",\n   \"powerState\": {\n    \"code\": \"Running\"\n   },\n   \"kubernetesVersion\":
        \"1.21.9\",\n   \"dnsPrefix\": \"cliakstest-clitest6ifa3hok5-79a739\",\n   \"fqdn\":
        \"cliakstest-clitest6ifa3hok5-79a739-3bbd7c2f.hcp.westus2.azmk8s.io\",\n   \"azurePortalFQDN\":
        \"cliakstest-clitest6ifa3hok5-79a739-3bbd7c2f.portal.hcp.westus2.azmk8s.io\",\n
        \  \"agentPoolProfiles\": [\n    {\n     \"name\": \"nodepool1\",\n     \"count\":
        3,\n     \"vmSize\": \"Standard_DS2_v2\",\n     \"osDiskSizeGB\": 128,\n     \"osDiskType\":
        \"Managed\",\n     \"kubeletDiskType\": \"OS\",\n     \"maxPods\": 110,\n
        \    \"type\": \"VirtualMachineScaleSets\",\n     \"enableAutoScaling\": false,\n
        \    \"provisioningState\": \"Succeeded\",\n     \"powerState\": {\n      \"code\":
        \"Running\"\n     },\n     \"orchestratorVersion\": \"1.21.9\",\n     \"enableNodePublicIP\":
        false,\n     \"mode\": \"System\",\n     \"enableEncryptionAtHost\": false,\n
        \    \"enableUltraSSD\": false,\n     \"osType\": \"Linux\",\n     \"osSKU\":
        \"Ubuntu\",\n     \"nodeImageVersion\": \"AKSUbuntu-1804gen2containerd-2022.02.01\",\n
        \    \"enableFIPS\": false\n    }\n   ],\n   \"linuxProfile\": {\n    \"adminUsername\":
        \"azureuser\",\n    \"ssh\": {\n     \"publicKeys\": [\n      {\n       \"keyData\":
        \"ssh-rsa AAAAB3NzaC1yc2EAAAADAQABAAABAQCkTqGRK3zmJN9ar1LkFXK3AX608uwaOVre4fFs7sYelK/wjQb9JbtBEFYeps4rk0OufUrQaH4lD5rjflE1plT0slh9PiYtmZxPLYF8Y2ZaCLXvsae6CLfYlQdssE+N+3VANXJfaCmfAUUwlBWio5VEFEKiv6uD2I9pDlldyVnXZX8DbVFiuyK3R4ALQ7OTKyIblql8ir6uPGwzK5meKs9I/ZrUPtNbrKUsyhl0khLPr+VfumUGDtgwTMhnRz1JbYpiegQdMpkB65cIXZGPsC7Nyfv78AKuDklcOfoKwmkZ1+YubPS53qOQm6baTICuN0YgYHl7MZFqrFhmpFysqoKT
        azcli_aks_live_test@example.com\\n\"\n      }\n     ]\n    }\n   },\n   \"servicePrincipalProfile\":
        {\n    \"clientId\":\"00000000-0000-0000-0000-000000000001\"\n   },\n   \"nodeResourceGroup\":
        \"MC_clitest000001_cliakstest000003_westus2\",\n   \"enableRBAC\": true,\n
        \  \"networkProfile\": {\n    \"networkPlugin\": \"kubenet\",\n    \"loadBalancerSku\":
        \"Standard\",\n    \"loadBalancerProfile\": {\n     \"managedOutboundIPs\":
        {\n      \"count\": 1\n     },\n     \"effectiveOutboundIPs\": [\n      {\n
        \      \"id\": \"/subscriptions/00000000-0000-0000-0000-000000000000/resourceGroups/MC_clitest000001_cliakstest000003_westus2/providers/Microsoft.Network/publicIPAddresses/01fcfccc-6ebd-4aa4-a050-adca70543b92\"\n
        \     }\n     ]\n    },\n    \"podCidr\": \"10.244.0.0/16\",\n    \"serviceCidr\":
        \"10.0.0.0/16\",\n    \"dnsServiceIP\": \"10.0.0.10\",\n    \"dockerBridgeCidr\":
        \"172.17.0.1/16\",\n    \"outboundType\": \"loadBalancer\",\n    \"podCidrs\":
        [\n     \"10.244.0.0/16\"\n    ],\n    \"serviceCidrs\": [\n     \"10.0.0.0/16\"\n
        \   ],\n    \"ipFamilies\": [\n     \"IPv4\"\n    ]\n   },\n   \"maxAgentPools\":
        100,\n   \"disableLocalAccounts\": false\n  },\n  \"sku\": {\n   \"name\":
        \"Basic\",\n   \"tier\": \"Free\"\n  }\n }"
    headers:
      cache-control:
      - no-cache
      content-length:
      - '2956'
      content-type:
      - application/json
      date:
      - Mon, 21 Feb 2022 09:49:48 GMT
      expires:
      - '-1'
      pragma:
      - no-cache
      server:
      - nginx
      strict-transport-security:
      - max-age=31536000; includeSubDomains
      transfer-encoding:
      - chunked
      vary:
      - Accept-Encoding
      x-content-type-options:
      - nosniff
    status:
      code: 200
      message: OK
- request:
    body: null
    headers:
      Accept:
      - application/json
      Accept-Encoding:
      - gzip, deflate
      CommandName:
      - aks update
      Connection:
      - keep-alive
      ParameterSetName:
      - --resource-group --name --enable-managed-identity --yes
      User-Agent:
      - AZURECLI/2.33.1 azsdk-python-azure-mgmt-containerservice/17.0.0 Python/3.8.10
        (Linux-5.11.0-1028-azure-x86_64-with-glibc2.29)
    method: GET
    uri: https://management.azure.com/subscriptions/00000000-0000-0000-0000-000000000000/resourceGroups/clitest000001/providers/Microsoft.ContainerService/managedClusters/cliakstest000003?api-version=2022-01-01
  response:
    body:
      string: "{\n  \"id\": \"/subscriptions/00000000-0000-0000-0000-000000000000/resourcegroups/clitest000001/providers/Microsoft.ContainerService/managedClusters/cliakstest000003\",\n
        \ \"location\": \"westus2\",\n  \"name\": \"cliakstest000003\",\n  \"type\":
        \"Microsoft.ContainerService/ManagedClusters\",\n  \"properties\": {\n   \"provisioningState\":
        \"Succeeded\",\n   \"powerState\": {\n    \"code\": \"Running\"\n   },\n   \"kubernetesVersion\":
        \"1.21.9\",\n   \"dnsPrefix\": \"cliakstest-clitest6ifa3hok5-79a739\",\n   \"fqdn\":
        \"cliakstest-clitest6ifa3hok5-79a739-3bbd7c2f.hcp.westus2.azmk8s.io\",\n   \"azurePortalFQDN\":
        \"cliakstest-clitest6ifa3hok5-79a739-3bbd7c2f.portal.hcp.westus2.azmk8s.io\",\n
        \  \"agentPoolProfiles\": [\n    {\n     \"name\": \"nodepool1\",\n     \"count\":
        3,\n     \"vmSize\": \"Standard_DS2_v2\",\n     \"osDiskSizeGB\": 128,\n     \"osDiskType\":
        \"Managed\",\n     \"kubeletDiskType\": \"OS\",\n     \"maxPods\": 110,\n
        \    \"type\": \"VirtualMachineScaleSets\",\n     \"enableAutoScaling\": false,\n
        \    \"provisioningState\": \"Succeeded\",\n     \"powerState\": {\n      \"code\":
        \"Running\"\n     },\n     \"orchestratorVersion\": \"1.21.9\",\n     \"enableNodePublicIP\":
        false,\n     \"mode\": \"System\",\n     \"enableEncryptionAtHost\": false,\n
        \    \"enableUltraSSD\": false,\n     \"osType\": \"Linux\",\n     \"osSKU\":
        \"Ubuntu\",\n     \"nodeImageVersion\": \"AKSUbuntu-1804gen2containerd-2022.02.01\",\n
        \    \"enableFIPS\": false\n    }\n   ],\n   \"linuxProfile\": {\n    \"adminUsername\":
        \"azureuser\",\n    \"ssh\": {\n     \"publicKeys\": [\n      {\n       \"keyData\":
        \"ssh-rsa AAAAB3NzaC1yc2EAAAADAQABAAABAQCkTqGRK3zmJN9ar1LkFXK3AX608uwaOVre4fFs7sYelK/wjQb9JbtBEFYeps4rk0OufUrQaH4lD5rjflE1plT0slh9PiYtmZxPLYF8Y2ZaCLXvsae6CLfYlQdssE+N+3VANXJfaCmfAUUwlBWio5VEFEKiv6uD2I9pDlldyVnXZX8DbVFiuyK3R4ALQ7OTKyIblql8ir6uPGwzK5meKs9I/ZrUPtNbrKUsyhl0khLPr+VfumUGDtgwTMhnRz1JbYpiegQdMpkB65cIXZGPsC7Nyfv78AKuDklcOfoKwmkZ1+YubPS53qOQm6baTICuN0YgYHl7MZFqrFhmpFysqoKT
        azcli_aks_live_test@example.com\\n\"\n      }\n     ]\n    }\n   },\n   \"servicePrincipalProfile\":
        {\n    \"clientId\":\"00000000-0000-0000-0000-000000000001\"\n   },\n   \"nodeResourceGroup\":
        \"MC_clitest000001_cliakstest000003_westus2\",\n   \"enableRBAC\": true,\n
        \  \"networkProfile\": {\n    \"networkPlugin\": \"kubenet\",\n    \"loadBalancerSku\":
        \"Standard\",\n    \"loadBalancerProfile\": {\n     \"managedOutboundIPs\":
        {\n      \"count\": 1\n     },\n     \"effectiveOutboundIPs\": [\n      {\n
        \      \"id\": \"/subscriptions/00000000-0000-0000-0000-000000000000/resourceGroups/MC_clitest000001_cliakstest000003_westus2/providers/Microsoft.Network/publicIPAddresses/01fcfccc-6ebd-4aa4-a050-adca70543b92\"\n
        \     }\n     ]\n    },\n    \"podCidr\": \"10.244.0.0/16\",\n    \"serviceCidr\":
        \"10.0.0.0/16\",\n    \"dnsServiceIP\": \"10.0.0.10\",\n    \"dockerBridgeCidr\":
        \"172.17.0.1/16\",\n    \"outboundType\": \"loadBalancer\",\n    \"podCidrs\":
        [\n     \"10.244.0.0/16\"\n    ],\n    \"serviceCidrs\": [\n     \"10.0.0.0/16\"\n
        \   ],\n    \"ipFamilies\": [\n     \"IPv4\"\n    ]\n   },\n   \"maxAgentPools\":
        100,\n   \"disableLocalAccounts\": false\n  },\n  \"sku\": {\n   \"name\":
        \"Basic\",\n   \"tier\": \"Free\"\n  }\n }"
    headers:
      cache-control:
      - no-cache
      content-length:
      - '2956'
      content-type:
      - application/json
      date:
      - Mon, 21 Feb 2022 09:49:48 GMT
      expires:
      - '-1'
      pragma:
      - no-cache
      server:
      - nginx
      strict-transport-security:
      - max-age=31536000; includeSubDomains
      transfer-encoding:
      - chunked
      vary:
      - Accept-Encoding
      x-content-type-options:
      - nosniff
    status:
      code: 200
      message: OK
- request:
    body: '{"location": "westus2", "sku": {"name": "Basic", "tier": "Free"}, "identity":
      {"type": "SystemAssigned"}, "properties": {"kubernetesVersion": "1.21.9", "dnsPrefix":
      "cliakstest-clitest6ifa3hok5-79a739", "agentPoolProfiles": [{"count": 3, "vmSize":
      "Standard_DS2_v2", "osDiskSizeGB": 128, "osDiskType": "Managed", "kubeletDiskType":
      "OS", "maxPods": 110, "osType": "Linux", "osSKU": "Ubuntu", "enableAutoScaling":
      false, "type": "VirtualMachineScaleSets", "mode": "System", "orchestratorVersion":
      "1.21.9", "powerState": {"code": "Running"}, "enableNodePublicIP": false, "enableEncryptionAtHost":
      false, "enableUltraSSD": false, "enableFIPS": false, "name": "nodepool1"}],
      "linuxProfile": {"adminUsername": "azureuser", "ssh": {"publicKeys": [{"keyData":
      "ssh-rsa AAAAB3NzaC1yc2EAAAADAQABAAABAQCkTqGRK3zmJN9ar1LkFXK3AX608uwaOVre4fFs7sYelK/wjQb9JbtBEFYeps4rk0OufUrQaH4lD5rjflE1plT0slh9PiYtmZxPLYF8Y2ZaCLXvsae6CLfYlQdssE+N+3VANXJfaCmfAUUwlBWio5VEFEKiv6uD2I9pDlldyVnXZX8DbVFiuyK3R4ALQ7OTKyIblql8ir6uPGwzK5meKs9I/ZrUPtNbrKUsyhl0khLPr+VfumUGDtgwTMhnRz1JbYpiegQdMpkB65cIXZGPsC7Nyfv78AKuDklcOfoKwmkZ1+YubPS53qOQm6baTICuN0YgYHl7MZFqrFhmpFysqoKT
      azcli_aks_live_test@example.com\n"}]}}, "servicePrincipalProfile": {"clientId":"00000000-0000-0000-0000-000000000001"},
      "nodeResourceGroup": "MC_clitest000001_cliakstest000003_westus2", "enableRBAC":
      true, "networkProfile": {"networkPlugin": "kubenet", "podCidr": "10.244.0.0/16",
      "serviceCidr": "10.0.0.0/16", "dnsServiceIP": "10.0.0.10", "dockerBridgeCidr":
      "172.17.0.1/16", "outboundType": "loadBalancer", "loadBalancerSku": "Standard",
      "loadBalancerProfile": {"managedOutboundIPs": {"count": 1}, "effectiveOutboundIPs":
      [{"id": "/subscriptions/00000000-0000-0000-0000-000000000000/resourceGroups/MC_clitest000001_cliakstest000003_westus2/providers/Microsoft.Network/publicIPAddresses/01fcfccc-6ebd-4aa4-a050-adca70543b92"}]},
      "podCidrs": ["10.244.0.0/16"], "serviceCidrs": ["10.0.0.0/16"], "ipFamilies":
      ["IPv4"]}, "disableLocalAccounts": false}}'
    headers:
      Accept:
      - application/json
      Accept-Encoding:
      - gzip, deflate
      CommandName:
      - aks update
      Connection:
      - keep-alive
      Content-Length:
      - '1986'
      Content-Type:
      - application/json
      ParameterSetName:
      - --resource-group --name --enable-managed-identity --yes
      User-Agent:
      - AZURECLI/2.33.1 azsdk-python-azure-mgmt-containerservice/17.0.0 Python/3.8.10
        (Linux-5.11.0-1028-azure-x86_64-with-glibc2.29)
    method: PUT
    uri: https://management.azure.com/subscriptions/00000000-0000-0000-0000-000000000000/resourceGroups/clitest000001/providers/Microsoft.ContainerService/managedClusters/cliakstest000003?api-version=2022-01-01
  response:
    body:
      string: "{\n  \"id\": \"/subscriptions/00000000-0000-0000-0000-000000000000/resourcegroups/clitest000001/providers/Microsoft.ContainerService/managedClusters/cliakstest000003\",\n
        \ \"location\": \"westus2\",\n  \"name\": \"cliakstest000003\",\n  \"type\":
        \"Microsoft.ContainerService/ManagedClusters\",\n  \"properties\": {\n   \"provisioningState\":
        \"Updating\",\n   \"powerState\": {\n    \"code\": \"Running\"\n   },\n   \"kubernetesVersion\":
        \"1.21.9\",\n   \"dnsPrefix\": \"cliakstest-clitest6ifa3hok5-79a739\",\n   \"fqdn\":
        \"cliakstest-clitest6ifa3hok5-79a739-3bbd7c2f.hcp.westus2.azmk8s.io\",\n   \"azurePortalFQDN\":
        \"cliakstest-clitest6ifa3hok5-79a739-3bbd7c2f.portal.hcp.westus2.azmk8s.io\",\n
        \  \"agentPoolProfiles\": [\n    {\n     \"name\": \"nodepool1\",\n     \"count\":
        3,\n     \"vmSize\": \"Standard_DS2_v2\",\n     \"osDiskSizeGB\": 128,\n     \"osDiskType\":
        \"Managed\",\n     \"kubeletDiskType\": \"OS\",\n     \"maxPods\": 110,\n
        \    \"type\": \"VirtualMachineScaleSets\",\n     \"enableAutoScaling\": false,\n
        \    \"provisioningState\": \"Updating\",\n     \"powerState\": {\n      \"code\":
        \"Running\"\n     },\n     \"orchestratorVersion\": \"1.21.9\",\n     \"enableNodePublicIP\":
        false,\n     \"mode\": \"System\",\n     \"enableEncryptionAtHost\": false,\n
        \    \"enableUltraSSD\": false,\n     \"osType\": \"Linux\",\n     \"osSKU\":
        \"Ubuntu\",\n     \"nodeImageVersion\": \"AKSUbuntu-1804gen2containerd-2022.02.01\",\n
        \    \"enableFIPS\": false\n    }\n   ],\n   \"linuxProfile\": {\n    \"adminUsername\":
        \"azureuser\",\n    \"ssh\": {\n     \"publicKeys\": [\n      {\n       \"keyData\":
        \"ssh-rsa AAAAB3NzaC1yc2EAAAADAQABAAABAQCkTqGRK3zmJN9ar1LkFXK3AX608uwaOVre4fFs7sYelK/wjQb9JbtBEFYeps4rk0OufUrQaH4lD5rjflE1plT0slh9PiYtmZxPLYF8Y2ZaCLXvsae6CLfYlQdssE+N+3VANXJfaCmfAUUwlBWio5VEFEKiv6uD2I9pDlldyVnXZX8DbVFiuyK3R4ALQ7OTKyIblql8ir6uPGwzK5meKs9I/ZrUPtNbrKUsyhl0khLPr+VfumUGDtgwTMhnRz1JbYpiegQdMpkB65cIXZGPsC7Nyfv78AKuDklcOfoKwmkZ1+YubPS53qOQm6baTICuN0YgYHl7MZFqrFhmpFysqoKT
        azcli_aks_live_test@example.com\\n\"\n      }\n     ]\n    }\n   },\n   \"servicePrincipalProfile\":
        {\n    \"clientId\":\"00000000-0000-0000-0000-000000000001\"\n   },\n   \"nodeResourceGroup\":
        \"MC_clitest000001_cliakstest000003_westus2\",\n   \"enableRBAC\": true,\n
        \  \"networkProfile\": {\n    \"networkPlugin\": \"kubenet\",\n    \"loadBalancerSku\":
        \"Standard\",\n    \"loadBalancerProfile\": {\n     \"managedOutboundIPs\":
        {\n      \"count\": 1\n     },\n     \"effectiveOutboundIPs\": [\n      {\n
        \      \"id\": \"/subscriptions/00000000-0000-0000-0000-000000000000/resourceGroups/MC_clitest000001_cliakstest000003_westus2/providers/Microsoft.Network/publicIPAddresses/01fcfccc-6ebd-4aa4-a050-adca70543b92\"\n
        \     }\n     ]\n    },\n    \"podCidr\": \"10.244.0.0/16\",\n    \"serviceCidr\":
        \"10.0.0.0/16\",\n    \"dnsServiceIP\": \"10.0.0.10\",\n    \"dockerBridgeCidr\":
        \"172.17.0.1/16\",\n    \"outboundType\": \"loadBalancer\",\n    \"podCidrs\":
        [\n     \"10.244.0.0/16\"\n    ],\n    \"serviceCidrs\": [\n     \"10.0.0.0/16\"\n
        \   ],\n    \"ipFamilies\": [\n     \"IPv4\"\n    ]\n   },\n   \"maxAgentPools\":
        100,\n   \"disableLocalAccounts\": false\n  },\n  \"identity\": {\n   \"type\":
        \"SystemAssigned\",\n   \"principalId\":\"00000000-0000-0000-0000-000000000001\",\n
        \  \"tenantId\": \"72f988bf-86f1-41af-91ab-2d7cd011db47\"\n  },\n  \"sku\":
        {\n   \"name\": \"Basic\",\n   \"tier\": \"Free\"\n  }\n }"
    headers:
      azure-asyncoperation:
      - https://management.azure.com/subscriptions/00000000-0000-0000-0000-000000000000/providers/Microsoft.ContainerService/locations/westus2/operations/176c1b70-fa60-406d-b993-e5c7e3bcb094?api-version=2016-03-30
      cache-control:
      - no-cache
      content-length:
      - '3115'
      content-type:
      - application/json
      date:
      - Mon, 21 Feb 2022 09:49:51 GMT
      expires:
      - '-1'
      pragma:
      - no-cache
      server:
      - nginx
      strict-transport-security:
      - max-age=31536000; includeSubDomains
      transfer-encoding:
      - chunked
      vary:
      - Accept-Encoding
      x-content-type-options:
      - nosniff
      x-ms-ratelimit-remaining-subscription-writes:
      - '1194'
    status:
      code: 200
      message: OK
- request:
    body: null
    headers:
      Accept:
      - '*/*'
      Accept-Encoding:
      - gzip, deflate
      CommandName:
      - aks update
      Connection:
      - keep-alive
      ParameterSetName:
      - --resource-group --name --enable-managed-identity --yes
      User-Agent:
      - AZURECLI/2.33.1 azsdk-python-azure-mgmt-containerservice/17.0.0 Python/3.8.10
        (Linux-5.11.0-1028-azure-x86_64-with-glibc2.29)
    method: GET
    uri: https://management.azure.com/subscriptions/00000000-0000-0000-0000-000000000000/providers/Microsoft.ContainerService/locations/westus2/operations/176c1b70-fa60-406d-b993-e5c7e3bcb094?api-version=2016-03-30
  response:
    body:
      string: "{\n  \"name\": \"701b6c17-60fa-6d40-b993-e5c7e3bcb094\",\n  \"status\":
        \"InProgress\",\n  \"startTime\": \"2022-02-21T09:49:51.75Z\"\n }"
    headers:
      cache-control:
      - no-cache
      content-length:
      - '121'
      content-type:
      - application/json
      date:
      - Mon, 21 Feb 2022 09:50:21 GMT
      expires:
      - '-1'
      pragma:
      - no-cache
      server:
      - nginx
      strict-transport-security:
      - max-age=31536000; includeSubDomains
      transfer-encoding:
      - chunked
      vary:
      - Accept-Encoding
      x-content-type-options:
      - nosniff
    status:
      code: 200
      message: OK
- request:
    body: null
    headers:
      Accept:
      - '*/*'
      Accept-Encoding:
      - gzip, deflate
      CommandName:
      - aks update
      Connection:
      - keep-alive
      ParameterSetName:
      - --resource-group --name --enable-managed-identity --yes
      User-Agent:
      - AZURECLI/2.33.1 azsdk-python-azure-mgmt-containerservice/17.0.0 Python/3.8.10
        (Linux-5.11.0-1028-azure-x86_64-with-glibc2.29)
    method: GET
    uri: https://management.azure.com/subscriptions/00000000-0000-0000-0000-000000000000/providers/Microsoft.ContainerService/locations/westus2/operations/176c1b70-fa60-406d-b993-e5c7e3bcb094?api-version=2016-03-30
  response:
    body:
      string: "{\n  \"name\": \"701b6c17-60fa-6d40-b993-e5c7e3bcb094\",\n  \"status\":
        \"InProgress\",\n  \"startTime\": \"2022-02-21T09:49:51.75Z\"\n }"
    headers:
      cache-control:
      - no-cache
      content-length:
      - '121'
      content-type:
      - application/json
      date:
      - Mon, 21 Feb 2022 09:50:51 GMT
      expires:
      - '-1'
      pragma:
      - no-cache
      server:
      - nginx
      strict-transport-security:
      - max-age=31536000; includeSubDomains
      transfer-encoding:
      - chunked
      vary:
      - Accept-Encoding
      x-content-type-options:
      - nosniff
    status:
      code: 200
      message: OK
- request:
    body: null
    headers:
      Accept:
      - '*/*'
      Accept-Encoding:
      - gzip, deflate
      CommandName:
      - aks update
      Connection:
      - keep-alive
      ParameterSetName:
      - --resource-group --name --enable-managed-identity --yes
      User-Agent:
      - AZURECLI/2.33.1 azsdk-python-azure-mgmt-containerservice/17.0.0 Python/3.8.10
        (Linux-5.11.0-1028-azure-x86_64-with-glibc2.29)
    method: GET
    uri: https://management.azure.com/subscriptions/00000000-0000-0000-0000-000000000000/providers/Microsoft.ContainerService/locations/westus2/operations/176c1b70-fa60-406d-b993-e5c7e3bcb094?api-version=2016-03-30
  response:
    body:
      string: "{\n  \"name\": \"701b6c17-60fa-6d40-b993-e5c7e3bcb094\",\n  \"status\":
        \"InProgress\",\n  \"startTime\": \"2022-02-21T09:49:51.75Z\"\n }"
    headers:
      cache-control:
      - no-cache
      content-length:
      - '121'
      content-type:
      - application/json
      date:
      - Mon, 21 Feb 2022 09:51:21 GMT
      expires:
      - '-1'
      pragma:
      - no-cache
      server:
      - nginx
      strict-transport-security:
      - max-age=31536000; includeSubDomains
      transfer-encoding:
      - chunked
      vary:
      - Accept-Encoding
      x-content-type-options:
      - nosniff
    status:
      code: 200
      message: OK
- request:
    body: null
    headers:
      Accept:
      - '*/*'
      Accept-Encoding:
      - gzip, deflate
      CommandName:
      - aks update
      Connection:
      - keep-alive
      ParameterSetName:
      - --resource-group --name --enable-managed-identity --yes
      User-Agent:
      - AZURECLI/2.33.1 azsdk-python-azure-mgmt-containerservice/17.0.0 Python/3.8.10
        (Linux-5.11.0-1028-azure-x86_64-with-glibc2.29)
    method: GET
    uri: https://management.azure.com/subscriptions/00000000-0000-0000-0000-000000000000/providers/Microsoft.ContainerService/locations/westus2/operations/176c1b70-fa60-406d-b993-e5c7e3bcb094?api-version=2016-03-30
  response:
    body:
      string: "{\n  \"name\": \"701b6c17-60fa-6d40-b993-e5c7e3bcb094\",\n  \"status\":
        \"InProgress\",\n  \"startTime\": \"2022-02-21T09:49:51.75Z\"\n }"
    headers:
      cache-control:
      - no-cache
      content-length:
      - '121'
      content-type:
      - application/json
      date:
      - Mon, 21 Feb 2022 09:51:51 GMT
      expires:
      - '-1'
      pragma:
      - no-cache
      server:
      - nginx
      strict-transport-security:
      - max-age=31536000; includeSubDomains
      transfer-encoding:
      - chunked
      vary:
      - Accept-Encoding
      x-content-type-options:
      - nosniff
    status:
      code: 200
      message: OK
- request:
    body: null
    headers:
      Accept:
      - '*/*'
      Accept-Encoding:
      - gzip, deflate
      CommandName:
      - aks update
      Connection:
      - keep-alive
      ParameterSetName:
      - --resource-group --name --enable-managed-identity --yes
      User-Agent:
      - AZURECLI/2.33.1 azsdk-python-azure-mgmt-containerservice/17.0.0 Python/3.8.10
        (Linux-5.11.0-1028-azure-x86_64-with-glibc2.29)
    method: GET
    uri: https://management.azure.com/subscriptions/00000000-0000-0000-0000-000000000000/providers/Microsoft.ContainerService/locations/westus2/operations/176c1b70-fa60-406d-b993-e5c7e3bcb094?api-version=2016-03-30
  response:
    body:
      string: "{\n  \"name\": \"701b6c17-60fa-6d40-b993-e5c7e3bcb094\",\n  \"status\":
        \"Succeeded\",\n  \"startTime\": \"2022-02-21T09:49:51.75Z\",\n  \"endTime\":
        \"2022-02-21T09:52:15.8483378Z\"\n }"
    headers:
      cache-control:
      - no-cache
      content-length:
      - '165'
      content-type:
      - application/json
      date:
      - Mon, 21 Feb 2022 09:52:21 GMT
      expires:
      - '-1'
      pragma:
      - no-cache
      server:
      - nginx
      strict-transport-security:
      - max-age=31536000; includeSubDomains
      transfer-encoding:
      - chunked
      vary:
      - Accept-Encoding
      x-content-type-options:
      - nosniff
    status:
      code: 200
      message: OK
- request:
    body: null
    headers:
      Accept:
      - '*/*'
      Accept-Encoding:
      - gzip, deflate
      CommandName:
      - aks update
      Connection:
      - keep-alive
      ParameterSetName:
      - --resource-group --name --enable-managed-identity --yes
      User-Agent:
      - AZURECLI/2.33.1 azsdk-python-azure-mgmt-containerservice/17.0.0 Python/3.8.10
        (Linux-5.11.0-1028-azure-x86_64-with-glibc2.29)
    method: GET
    uri: https://management.azure.com/subscriptions/00000000-0000-0000-0000-000000000000/resourceGroups/clitest000001/providers/Microsoft.ContainerService/managedClusters/cliakstest000003?api-version=2022-01-01
  response:
    body:
      string: "{\n  \"id\": \"/subscriptions/00000000-0000-0000-0000-000000000000/resourcegroups/clitest000001/providers/Microsoft.ContainerService/managedClusters/cliakstest000003\",\n
        \ \"location\": \"westus2\",\n  \"name\": \"cliakstest000003\",\n  \"type\":
        \"Microsoft.ContainerService/ManagedClusters\",\n  \"properties\": {\n   \"provisioningState\":
        \"Succeeded\",\n   \"powerState\": {\n    \"code\": \"Running\"\n   },\n   \"kubernetesVersion\":
        \"1.21.9\",\n   \"dnsPrefix\": \"cliakstest-clitest6ifa3hok5-79a739\",\n   \"fqdn\":
        \"cliakstest-clitest6ifa3hok5-79a739-3bbd7c2f.hcp.westus2.azmk8s.io\",\n   \"azurePortalFQDN\":
        \"cliakstest-clitest6ifa3hok5-79a739-3bbd7c2f.portal.hcp.westus2.azmk8s.io\",\n
        \  \"agentPoolProfiles\": [\n    {\n     \"name\": \"nodepool1\",\n     \"count\":
        3,\n     \"vmSize\": \"Standard_DS2_v2\",\n     \"osDiskSizeGB\": 128,\n     \"osDiskType\":
        \"Managed\",\n     \"kubeletDiskType\": \"OS\",\n     \"maxPods\": 110,\n
        \    \"type\": \"VirtualMachineScaleSets\",\n     \"enableAutoScaling\": false,\n
        \    \"provisioningState\": \"Succeeded\",\n     \"powerState\": {\n      \"code\":
        \"Running\"\n     },\n     \"orchestratorVersion\": \"1.21.9\",\n     \"enableNodePublicIP\":
        false,\n     \"mode\": \"System\",\n     \"enableEncryptionAtHost\": false,\n
        \    \"enableUltraSSD\": false,\n     \"osType\": \"Linux\",\n     \"osSKU\":
        \"Ubuntu\",\n     \"nodeImageVersion\": \"AKSUbuntu-1804gen2containerd-2022.02.01\",\n
        \    \"enableFIPS\": false\n    }\n   ],\n   \"linuxProfile\": {\n    \"adminUsername\":
        \"azureuser\",\n    \"ssh\": {\n     \"publicKeys\": [\n      {\n       \"keyData\":
        \"ssh-rsa AAAAB3NzaC1yc2EAAAADAQABAAABAQCkTqGRK3zmJN9ar1LkFXK3AX608uwaOVre4fFs7sYelK/wjQb9JbtBEFYeps4rk0OufUrQaH4lD5rjflE1plT0slh9PiYtmZxPLYF8Y2ZaCLXvsae6CLfYlQdssE+N+3VANXJfaCmfAUUwlBWio5VEFEKiv6uD2I9pDlldyVnXZX8DbVFiuyK3R4ALQ7OTKyIblql8ir6uPGwzK5meKs9I/ZrUPtNbrKUsyhl0khLPr+VfumUGDtgwTMhnRz1JbYpiegQdMpkB65cIXZGPsC7Nyfv78AKuDklcOfoKwmkZ1+YubPS53qOQm6baTICuN0YgYHl7MZFqrFhmpFysqoKT
        azcli_aks_live_test@example.com\\n\"\n      }\n     ]\n    }\n   },\n   \"servicePrincipalProfile\":
        {\n    \"clientId\":\"00000000-0000-0000-0000-000000000001\"\n   },\n   \"nodeResourceGroup\":
        \"MC_clitest000001_cliakstest000003_westus2\",\n   \"enableRBAC\": true,\n
        \  \"networkProfile\": {\n    \"networkPlugin\": \"kubenet\",\n    \"loadBalancerSku\":
        \"Standard\",\n    \"loadBalancerProfile\": {\n     \"managedOutboundIPs\":
        {\n      \"count\": 1\n     },\n     \"effectiveOutboundIPs\": [\n      {\n
        \      \"id\": \"/subscriptions/00000000-0000-0000-0000-000000000000/resourceGroups/MC_clitest000001_cliakstest000003_westus2/providers/Microsoft.Network/publicIPAddresses/01fcfccc-6ebd-4aa4-a050-adca70543b92\"\n
        \     }\n     ]\n    },\n    \"podCidr\": \"10.244.0.0/16\",\n    \"serviceCidr\":
        \"10.0.0.0/16\",\n    \"dnsServiceIP\": \"10.0.0.10\",\n    \"dockerBridgeCidr\":
        \"172.17.0.1/16\",\n    \"outboundType\": \"loadBalancer\",\n    \"podCidrs\":
        [\n     \"10.244.0.0/16\"\n    ],\n    \"serviceCidrs\": [\n     \"10.0.0.0/16\"\n
        \   ],\n    \"ipFamilies\": [\n     \"IPv4\"\n    ]\n   },\n   \"maxAgentPools\":
        100,\n   \"identityProfile\": {\n    \"kubeletidentity\": {\n     \"resourceId\":
        \"/subscriptions/00000000-0000-0000-0000-000000000000/resourcegroups/MC_clitest000001_cliakstest000003_westus2/providers/Microsoft.ManagedIdentity/userAssignedIdentities/cliakstest000003-agentpool\",\n
        \    \"clientId\":\"00000000-0000-0000-0000-000000000001\",\n     \"objectId\":\"00000000-0000-0000-0000-000000000001\"\n
        \   }\n   },\n   \"disableLocalAccounts\": false\n  },\n  \"identity\": {\n
        \  \"type\": \"SystemAssigned\",\n   \"principalId\":\"00000000-0000-0000-0000-000000000001\",\n
        \  \"tenantId\": \"72f988bf-86f1-41af-91ab-2d7cd011db47\"\n  },\n  \"sku\":
        {\n   \"name\": \"Basic\",\n   \"tier\": \"Free\"\n  }\n }"
    headers:
      cache-control:
      - no-cache
      content-length:
      - '3506'
      content-type:
      - application/json
      date:
      - Mon, 21 Feb 2022 09:52:22 GMT
      expires:
      - '-1'
      pragma:
      - no-cache
      server:
      - nginx
      strict-transport-security:
      - max-age=31536000; includeSubDomains
      transfer-encoding:
      - chunked
      vary:
      - Accept-Encoding
      x-content-type-options:
      - nosniff
    status:
      code: 200
      message: OK
- request:
    body: null
    headers:
      Accept:
      - application/json
      Accept-Encoding:
      - gzip, deflate
      CommandName:
      - aks delete
      Connection:
      - keep-alive
      Content-Length:
      - '0'
      ParameterSetName:
      - -g -n --yes --no-wait
      User-Agent:
      - AZURECLI/2.33.1 azsdk-python-azure-mgmt-containerservice/17.0.0 Python/3.8.10
        (Linux-5.11.0-1028-azure-x86_64-with-glibc2.29)
    method: DELETE
    uri: https://management.azure.com/subscriptions/00000000-0000-0000-0000-000000000000/resourceGroups/clitest000001/providers/Microsoft.ContainerService/managedClusters/cliakstest000003?api-version=2022-01-01
  response:
    body:
      string: ''
    headers:
      azure-asyncoperation:
      - https://management.azure.com/subscriptions/00000000-0000-0000-0000-000000000000/providers/Microsoft.ContainerService/locations/westus2/operations/4a750646-0682-4e47-82fe-24f2159e5306?api-version=2016-03-30
      cache-control:
      - no-cache
      content-length:
      - '0'
      date:
      - Mon, 21 Feb 2022 09:52:23 GMT
      expires:
      - '-1'
      location:
      - https://management.azure.com/subscriptions/00000000-0000-0000-0000-000000000000/providers/Microsoft.ContainerService/locations/westus2/operationresults/4a750646-0682-4e47-82fe-24f2159e5306?api-version=2016-03-30
      pragma:
      - no-cache
      server:
      - nginx
      strict-transport-security:
      - max-age=31536000; includeSubDomains
      x-content-type-options:
      - nosniff
      x-ms-ratelimit-remaining-subscription-deletes:
      - '14999'
    status:
      code: 202
      message: Accepted
version: 1
