interactions:
- request:
    body: null
    headers:
      Accept:
      - application/json
      Accept-Encoding:
      - gzip, deflate
      CommandName:
      - aks create
      Connection:
      - keep-alive
      ParameterSetName:
      - --resource-group --name --location --dns-name-prefix --node-count --ssh-key-value
        --enable-addons
      User-Agent:
      - python/3.7.3 (Linux-4.15.0-1111-azure-x86_64-with-debian-10.2) msrest/0.6.21
        cloud-shell/1.0 msrest_azure/0.6.3 azure-mgmt-resource/12.0.0 Azure-SDK-For-Python
        AZURECLI/2.21.0
      accept-language:
      - en-US
    method: GET
    uri: https://management.azure.com/subscriptions/00000000-0000-0000-0000-000000000000/resourcegroups/clitest000001?api-version=2020-10-01
  response:
    body:
      string: '{"id":"/subscriptions/00000000-0000-0000-0000-000000000000/resourceGroups/clitest000001","name":"clitest000001","type":"Microsoft.Resources/resourceGroups","location":"westus2","tags":{"product":"azurecli","cause":"automation","date":"2021-04-07T18:45:52Z"},"properties":{"provisioningState":"Succeeded"}}'
    headers:
      cache-control:
      - no-cache
      content-length:
      - '313'
      content-type:
      - application/json; charset=utf-8
      date:
      - Wed, 07 Apr 2021 18:45:54 GMT
      expires:
      - '-1'
      pragma:
      - no-cache
      strict-transport-security:
      - max-age=31536000; includeSubDomains
      vary:
      - Accept-Encoding
      x-content-type-options:
      - nosniff
    status:
      code: 200
      message: OK
- request:
    body: null
    headers:
      Accept:
      - application/json
      Accept-Encoding:
      - gzip, deflate
      CommandName:
      - aks create
      Connection:
      - keep-alive
      ParameterSetName:
      - --resource-group --name --location --dns-name-prefix --node-count --ssh-key-value
        --enable-addons
      User-Agent:
      - python/3.7.3 (Linux-4.15.0-1111-azure-x86_64-with-debian-10.2) msrest/0.6.21
        cloud-shell/1.0 msrest_azure/0.6.3 azure-mgmt-resource/12.0.0 Azure-SDK-For-Python
        AZURECLI/2.21.0
      accept-language:
      - en-US
    method: GET
    uri: https://management.azure.com/subscriptions/00000000-0000-0000-0000-000000000000/resourcegroups/clitest000001?api-version=2020-10-01
  response:
    body:
      string: '{"id":"/subscriptions/00000000-0000-0000-0000-000000000000/resourceGroups/clitest000001","name":"clitest000001","type":"Microsoft.Resources/resourceGroups","location":"westus2","tags":{"product":"azurecli","cause":"automation","date":"2021-04-07T18:45:52Z"},"properties":{"provisioningState":"Succeeded"}}'
    headers:
      cache-control:
      - no-cache
      content-length:
      - '313'
      content-type:
      - application/json; charset=utf-8
      date:
      - Wed, 07 Apr 2021 18:45:54 GMT
      expires:
      - '-1'
      pragma:
      - no-cache
      strict-transport-security:
      - max-age=31536000; includeSubDomains
      vary:
      - Accept-Encoding
      x-content-type-options:
      - nosniff
    status:
      code: 200
      message: OK
- request:
    body: null
    headers:
      Accept:
      - application/json
      Accept-Encoding:
      - gzip, deflate
      CommandName:
      - aks create
      Connection:
      - keep-alive
      ParameterSetName:
      - --resource-group --name --location --dns-name-prefix --node-count --ssh-key-value
        --enable-addons
      User-Agent:
      - python/3.7.3 (Linux-4.15.0-1111-azure-x86_64-with-debian-10.2) msrest/0.6.21
        cloud-shell/1.0 msrest_azure/0.6.3 azure-mgmt-resource/12.0.0 Azure-SDK-For-Python
        AZURECLI/2.21.0
      accept-language:
      - en-US
    method: HEAD
    uri: https://management.azure.com/subscriptions/00000000-0000-0000-0000-000000000000/resourcegroups/DefaultResourceGroup-WUS2?api-version=2020-10-01
  response:
    body:
      string: ''
    headers:
      cache-control:
      - no-cache
      content-length:
      - '0'
      date:
      - Wed, 07 Apr 2021 18:45:54 GMT
      expires:
      - '-1'
      pragma:
      - no-cache
      strict-transport-security:
      - max-age=31536000; includeSubDomains
      x-content-type-options:
      - nosniff
    status:
      code: 204
      message: No Content
- request:
    body: null
    headers:
      Accept:
      - application/json
      Accept-Encoding:
      - gzip, deflate
      CommandName:
      - aks create
      Connection:
      - keep-alive
      ParameterSetName:
      - --resource-group --name --location --dns-name-prefix --node-count --ssh-key-value
        --enable-addons
      User-Agent:
      - python/3.7.3 (Linux-4.15.0-1111-azure-x86_64-with-debian-10.2) msrest/0.6.21
        cloud-shell/1.0 msrest_azure/0.6.3 azure-mgmt-resource/12.0.0 Azure-SDK-For-Python
        AZURECLI/2.21.0
      accept-language:
      - en-US
    method: GET
    uri: https://management.azure.com/subscriptions/00000000-0000-0000-0000-000000000000/resourceGroups/DefaultResourceGroup-WUS2/providers/Microsoft.OperationalInsights/workspaces/DefaultWorkspace-c1089427-83d3-4286-9f35-5af546a6eb67-WUS2?api-version=2015-11-01-preview
  response:
    body:
      string: "{\r\n  \"properties\": {\r\n    \"source\": \"Azure\",\r\n    \"customerId\":
        \"b40d694c-3f73-4bf5-91bc-7dd655f8382d\",\r\n    \"provisioningState\": \"Succeeded\",\r\n
        \   \"sku\": {\r\n      \"name\": \"standalone\",\r\n      \"maxCapacityReservationLevel\":
        3000\r\n    },\r\n    \"retentionInDays\": 30,\r\n    \"features\": {\r\n
        \     \"legacy\": 0,\r\n      \"searchVersion\": 1,\r\n      \"enableLogAccessUsingOnlyResourcePermissions\":
        true\r\n    },\r\n    \"workspaceCapping\": {\r\n      \"dailyQuotaGb\": -1.0,\r\n
        \     \"quotaNextResetTime\": \"Thu, 08 Apr 2021 13:00:00 GMT\",\r\n      \"dataIngestionStatus\":
        \"RespectQuota\"\r\n    },\r\n    \"publicNetworkAccessForIngestion\": \"Enabled\",\r\n
        \   \"publicNetworkAccessForQuery\": \"Enabled\",\r\n    \"createdDate\":
        \"Fri, 20 Sep 2019 06:26:15 GMT\",\r\n    \"modifiedDate\": \"Sun, 21 Feb
        2021 12:37:34 GMT\"\r\n  },\r\n  \"id\": \"/subscriptions/00000000-0000-0000-0000-000000000000/resourcegroups/defaultresourcegroup-wus2/providers/microsoft.operationalinsights/workspaces/defaultworkspace-c1089427-83d3-4286-9f35-5af546a6eb67-wus2\",\r\n
        \ \"name\": \"DefaultWorkspace-c1089427-83d3-4286-9f35-5af546a6eb67-WUS2\",\r\n
        \ \"type\": \"Microsoft.OperationalInsights/workspaces\",\r\n  \"location\":
        \"westus2\"\r\n}"
    headers:
      cache-control:
      - no-cache
      content-length:
      - '1149'
      content-type:
      - application/json
      date:
      - Wed, 07 Apr 2021 18:45:54 GMT
      pragma:
      - no-cache
      server:
      - Microsoft-IIS/10.0
      - Microsoft-IIS/10.0
      strict-transport-security:
      - max-age=31536000; includeSubDomains
      transfer-encoding:
      - chunked
      vary:
      - Accept-Encoding
      x-content-type-options:
      - nosniff
      x-powered-by:
      - ASP.NET
      - ASP.NET
    status:
      code: 200
      message: OK
- request:
    body: null
    headers:
      Accept:
      - application/json
      Accept-Encoding:
      - gzip, deflate
      CommandName:
      - aks create
      Connection:
      - keep-alive
      ParameterSetName:
      - --resource-group --name --location --dns-name-prefix --node-count --ssh-key-value
        --enable-addons
      User-Agent:
      - python/3.7.3 (Linux-4.15.0-1111-azure-x86_64-with-debian-10.2) msrest/0.6.21
        cloud-shell/1.0 msrest_azure/0.6.3 azure-mgmt-resource/12.0.0 Azure-SDK-For-Python
        AZURECLI/2.21.0
      accept-language:
      - en-US
    method: GET
    uri: https://management.azure.com/subscriptions/00000000-0000-0000-0000-000000000000/resourcegroups/defaultresourcegroup-wus2/providers/microsoft.operationalinsights/workspaces/defaultworkspace-c1089427-83d3-4286-9f35-5af546a6eb67-wus2?api-version=2015-11-01-preview
  response:
    body:
      string: "{\r\n  \"properties\": {\r\n    \"source\": \"Azure\",\r\n    \"customerId\":
        \"b40d694c-3f73-4bf5-91bc-7dd655f8382d\",\r\n    \"provisioningState\": \"Succeeded\",\r\n
        \   \"sku\": {\r\n      \"name\": \"standalone\",\r\n      \"maxCapacityReservationLevel\":
        3000\r\n    },\r\n    \"retentionInDays\": 30,\r\n    \"features\": {\r\n
        \     \"legacy\": 0,\r\n      \"searchVersion\": 1,\r\n      \"enableLogAccessUsingOnlyResourcePermissions\":
        true\r\n    },\r\n    \"workspaceCapping\": {\r\n      \"dailyQuotaGb\": -1.0,\r\n
        \     \"quotaNextResetTime\": \"Thu, 08 Apr 2021 13:00:00 GMT\",\r\n      \"dataIngestionStatus\":
        \"RespectQuota\"\r\n    },\r\n    \"publicNetworkAccessForIngestion\": \"Enabled\",\r\n
        \   \"publicNetworkAccessForQuery\": \"Enabled\",\r\n    \"createdDate\":
        \"Fri, 20 Sep 2019 06:26:15 GMT\",\r\n    \"modifiedDate\": \"Sun, 21 Feb
        2021 12:37:34 GMT\"\r\n  },\r\n  \"id\": \"/subscriptions/00000000-0000-0000-0000-000000000000/resourcegroups/defaultresourcegroup-wus2/providers/microsoft.operationalinsights/workspaces/defaultworkspace-c1089427-83d3-4286-9f35-5af546a6eb67-wus2\",\r\n
        \ \"name\": \"DefaultWorkspace-c1089427-83d3-4286-9f35-5af546a6eb67-WUS2\",\r\n
        \ \"type\": \"Microsoft.OperationalInsights/workspaces\",\r\n  \"location\":
        \"westus2\"\r\n}"
    headers:
      cache-control:
      - no-cache
      content-length:
      - '1149'
      content-type:
      - application/json
      date:
      - Wed, 07 Apr 2021 18:45:55 GMT
      pragma:
      - no-cache
      server:
      - Microsoft-IIS/10.0
      - Microsoft-IIS/10.0
      strict-transport-security:
      - max-age=31536000; includeSubDomains
      transfer-encoding:
      - chunked
      vary:
      - Accept-Encoding
      x-content-type-options:
      - nosniff
      x-powered-by:
      - ASP.NET
      - ASP.NET
    status:
      code: 200
      message: OK
- request:
    body: '{"properties": {"template": {"$schema": "https://schema.management.azure.com/schemas/2015-01-01/deploymentTemplate.json#",
      "contentVersion": "1.0.0.0", "parameters": {"workspaceResourceId": {"type":
      "string", "metadata": {"description": "Azure Monitor Log Analytics Resource
      ID"}}, "workspaceRegion": {"type": "string", "metadata": {"description": "Azure
      Monitor Log Analytics workspace region"}}, "solutionDeploymentName": {"type":
      "string", "metadata": {"description": "Name of the solution deployment"}}},
      "resources": [{"type": "Microsoft.Resources/deployments", "name": "[parameters(''solutionDeploymentName'')]",
      "apiVersion": "2017-05-10", "subscriptionId": "[split(parameters(''workspaceResourceId''),''/'')[2]]",
      "resourceGroup": "[split(parameters(''workspaceResourceId''),''/'')[4]]", "properties":
      {"mode": "Incremental", "template": {"$schema": "https://schema.management.azure.com/schemas/2015-01-01/deploymentTemplate.json#",
      "contentVersion": "1.0.0.0", "parameters": {}, "variables": {}, "resources":
      [{"apiVersion": "2015-11-01-preview", "type": "Microsoft.OperationsManagement/solutions",
      "location": "[parameters(''workspaceRegion'')]", "name": "[Concat(''ContainerInsights'',
      ''('', split(parameters(''workspaceResourceId''),''/'')[8], '')'')]", "properties":
      {"workspaceResourceId": "[parameters(''workspaceResourceId'')]"}, "plan": {"name":
      "[Concat(''ContainerInsights'', ''('', split(parameters(''workspaceResourceId''),''/'')[8],
      '')'')]", "product": "[Concat(''OMSGallery/'', ''ContainerInsights'')]", "promotionCode":
      "", "publisher": "Microsoft"}}]}, "parameters": {}}}]}, "parameters": {"workspaceResourceId":
      {"value": "/subscriptions/00000000-0000-0000-0000-000000000000/resourcegroups/defaultresourcegroup-wus2/providers/microsoft.operationalinsights/workspaces/defaultworkspace-c1089427-83d3-4286-9f35-5af546a6eb67-wus2"},
      "workspaceRegion": {"value": "westus2"}, "solutionDeploymentName": {"value":
      "ContainerInsights-1617821156132"}}, "mode": "Incremental"}}'
    headers:
      Accept:
      - application/json
      Accept-Encoding:
      - gzip, deflate
      CommandName:
      - aks create
      Connection:
      - keep-alive
      Content-Length:
      - '1956'
      Content-Type:
      - application/json; charset=utf-8
      ParameterSetName:
      - --resource-group --name --location --dns-name-prefix --node-count --ssh-key-value
        --enable-addons
      User-Agent:
      - python/3.7.3 (Linux-4.15.0-1111-azure-x86_64-with-debian-10.2) msrest/0.6.21
        cloud-shell/1.0 msrest_azure/0.6.3 azure-mgmt-resource/12.0.0 Azure-SDK-For-Python
        AZURECLI/2.21.0
      accept-language:
      - en-US
    method: PUT
    uri: https://management.azure.com/subscriptions/00000000-0000-0000-0000-000000000000/resourcegroups/defaultresourcegroup-wus2/providers/Microsoft.Resources/deployments/mock-deployment?api-version=2020-10-01
  response:
    body:
      string: '{"id":"/subscriptions/00000000-0000-0000-0000-000000000000/resourceGroups/defaultresourcegroup-wus2/providers/Microsoft.Resources/deployments/aks-monitoring-1617821156132","name":"aks-monitoring-1617821156132","type":"Microsoft.Resources/deployments","properties":{"templateHash":"13112976782773545168","parameters":{"workspaceResourceId":{"type":"String","value":"/subscriptions/00000000-0000-0000-0000-000000000000/resourcegroups/defaultresourcegroup-wus2/providers/microsoft.operationalinsights/workspaces/defaultworkspace-c1089427-83d3-4286-9f35-5af546a6eb67-wus2"},"workspaceRegion":{"type":"String","value":"westus2"},"solutionDeploymentName":{"type":"String","value":"ContainerInsights-1617821156132"}},"mode":"Incremental","provisioningState":"Accepted","timestamp":"2021-04-07T18:45:56.9807373Z","duration":"PT0.4605767S","correlationId":"bfe0e087-cd82-45d5-825b-8862812ecd93","providers":[{"namespace":"Microsoft.Resources","resourceTypes":[{"resourceType":"deployments","locations":[null]}]}],"dependencies":[]}}'
    headers:
      azure-asyncoperation:
      - https://management.azure.com/subscriptions/00000000-0000-0000-0000-000000000000/resourcegroups/defaultresourcegroup-wus2/providers/Microsoft.Resources/deployments/aks-monitoring-1617821156132/operationStatuses/08585837857289574626?api-version=2020-10-01
      cache-control:
      - no-cache
      content-length:
      - '1023'
      content-type:
      - application/json; charset=utf-8
      date:
      - Wed, 07 Apr 2021 18:45:56 GMT
      expires:
      - '-1'
      pragma:
      - no-cache
      strict-transport-security:
      - max-age=31536000; includeSubDomains
      x-content-type-options:
      - nosniff
      x-ms-ratelimit-remaining-subscription-writes:
      - '1198'
    status:
      code: 201
      message: Created
- request:
    body: '{"location": "westus2", "properties": {"kubernetesVersion": "", "dnsPrefix":
      "cliaksdns000003", "agentPoolProfiles": [{"count": 1, "vmSize": "Standard_DS2_v2",
      "osType": "Linux", "type": "VirtualMachineScaleSets", "mode": "System", "enableNodePublicIP":
      false, "scaleSetPriority": "Regular", "scaleSetEvictionPolicy": "Delete", "name":
      "nodepool1"}], "linuxProfile": {"adminUsername": "azureuser", "ssh": {"publicKeys":
      [{"keyData": "ssh-rsa AAAAB3NzaC1yc2EAAAADAQABAAACAQCbIg1guRHbI0lV11wWDt1r2cUdcNd27CJsg+SfgC7miZeubtwUhbsPdhMQsfDyhOWHq1+ZL0M+nJZV63d/1dhmhtgyOqejUwrPlzKhydsbrsdUor+JmNJDdW01v7BXHyuymT8G4s09jCasNOwiufbP/qp72ruu0bIA1nySsvlf9pCQAuFkAnVnf/rFhUlOkhtRpwcq8SUNY2zRHR/EKb/4NWY1JzR4sa3q2fWIJdrrX0DvLoa5g9bIEd4Df79ba7v+yiUBOS0zT2ll+z4g9izHK3EO5d8hL4jYxcjKs+wcslSYRWrascfscLgMlMGh0CdKeNTDjHpGPncaf3Z+FwwwjWeuiNBxv7bJo13/8B/098KlVDl4GZqsoBCEjPyJfV6hO0y/LkRGkk7oHWKgeWAfKtfLItRp00eZ4fcJNK9kCaSMmEugoZWcI7NGbZXzqFWqbpRI7NcDP9+WIQ+i9U5vqWsqd/zng4kbuAJ6UuKqIzB0upYrLShfQE3SAck8oaLhJqqq56VfDuASNpJKidV+zq27HfSBmbXnkR/5AK337dc3MXKJypoK/QPMLKUAP5XLPbs+NddJQV7EZXd29DLgp+fRIg3edpKdO7ZErWhv7d+3Kws+e1Y+ypmR2WIVSwVyBEUfgv2C8Ts9gnTF4pNcEY/S2aBicz5Ew2+jdyGNQQ==
      test@example.com\n"}]}}, "addonProfiles": {"omsagent": {"enabled": true, "config":
      {"logAnalyticsWorkspaceResourceID": "/subscriptions/00000000-0000-0000-0000-000000000000/resourcegroups/defaultresourcegroup-wus2/providers/microsoft.operationalinsights/workspaces/defaultworkspace-c1089427-83d3-4286-9f35-5af546a6eb67-wus2"}}},
      "enableRBAC": true, "networkProfile": {"networkPlugin": "kubenet", "podCidr":
      "10.244.0.0/16", "serviceCidr": "10.0.0.0/16", "dnsServiceIP": "10.0.0.10",
      "dockerBridgeCidr": "172.17.0.1/16", "outboundType": "loadBalancer", "loadBalancerSku":
      "standard"}}, "identity": {"type": "SystemAssigned"}}'
    headers:
      Accept:
      - application/json
      Accept-Encoding:
      - gzip, deflate
      CommandName:
      - aks create
      Connection:
      - keep-alive
      Content-Length:
      - '1783'
      Content-Type:
      - application/json; charset=utf-8
      ParameterSetName:
      - --resource-group --name --location --dns-name-prefix --node-count --ssh-key-value
        --enable-addons
      User-Agent:
      - python/3.7.3 (Linux-4.15.0-1111-azure-x86_64-with-debian-10.2) msrest/0.6.21
        cloud-shell/1.0 msrest_azure/0.6.3 azure-mgmt-containerservice/11.2.0 Azure-SDK-For-Python
        AZURECLI/2.21.0
      accept-language:
      - en-US
    method: PUT
    uri: https://management.azure.com/subscriptions/00000000-0000-0000-0000-000000000000/resourceGroups/clitest000001/providers/Microsoft.ContainerService/managedClusters/cliakstest000002?api-version=2021-03-01
  response:
    body:
      string: "{\n  \"id\": \"/subscriptions/00000000-0000-0000-0000-000000000000/resourcegroups/clitest000001/providers/Microsoft.ContainerService/managedClusters/cliakstest000002\",\n
        \ \"location\": \"westus2\",\n  \"name\": \"cliakstest000002\",\n  \"type\":
        \"Microsoft.ContainerService/ManagedClusters\",\n  \"properties\": {\n   \"provisioningState\":
        \"Creating\",\n   \"powerState\": {\n    \"code\": \"Running\"\n   },\n   \"kubernetesVersion\":
        \"1.18.14\",\n   \"dnsPrefix\": \"cliaksdns000003\",\n   \"fqdn\": \"cliaksdns000003-92c29370.hcp.westus2.azmk8s.io\",\n
        \  \"azurePortalFQDN\": \"cliaksdns000003-92c29370.portal.hcp.westus2.azmk8s.io\",\n
        \  \"agentPoolProfiles\": [\n    {\n     \"name\": \"nodepool1\",\n     \"count\":
        1,\n     \"vmSize\": \"Standard_DS2_v2\",\n     \"osDiskSizeGB\": 128,\n     \"osDiskType\":
        \"Managed\",\n     \"kubeletDiskType\": \"OS\",\n     \"maxPods\": 110,\n
        \    \"type\": \"VirtualMachineScaleSets\",\n     \"provisioningState\": \"Creating\",\n
        \    \"powerState\": {\n      \"code\": \"Running\"\n     },\n     \"orchestratorVersion\":
        \"1.18.14\",\n     \"enableNodePublicIP\": false,\n     \"nodeLabels\": {},\n
        \    \"mode\": \"System\",\n     \"osType\": \"Linux\",\n     \"nodeImageVersion\":
        \"AKSUbuntu-1804gen2-2021.03.29\",\n     \"enableFIPS\": false\n    }\n   ],\n
        \  \"linuxProfile\": {\n    \"adminUsername\": \"azureuser\",\n    \"ssh\":
        {\n     \"publicKeys\": [\n      {\n       \"keyData\": \"ssh-rsa AAAAB3NzaC1yc2EAAAADAQABAAACAQCbIg1guRHbI0lV11wWDt1r2cUdcNd27CJsg+SfgC7miZeubtwUhbsPdhMQsfDyhOWHq1+ZL0M+nJZV63d/1dhmhtgyOqejUwrPlzKhydsbrsdUor+JmNJDdW01v7BXHyuymT8G4s09jCasNOwiufbP/qp72ruu0bIA1nySsvlf9pCQAuFkAnVnf/rFhUlOkhtRpwcq8SUNY2zRHR/EKb/4NWY1JzR4sa3q2fWIJdrrX0DvLoa5g9bIEd4Df79ba7v+yiUBOS0zT2ll+z4g9izHK3EO5d8hL4jYxcjKs+wcslSYRWrascfscLgMlMGh0CdKeNTDjHpGPncaf3Z+FwwwjWeuiNBxv7bJo13/8B/098KlVDl4GZqsoBCEjPyJfV6hO0y/LkRGkk7oHWKgeWAfKtfLItRp00eZ4fcJNK9kCaSMmEugoZWcI7NGbZXzqFWqbpRI7NcDP9+WIQ+i9U5vqWsqd/zng4kbuAJ6UuKqIzB0upYrLShfQE3SAck8oaLhJqqq56VfDuASNpJKidV+zq27HfSBmbXnkR/5AK337dc3MXKJypoK/QPMLKUAP5XLPbs+NddJQV7EZXd29DLgp+fRIg3edpKdO7ZErWhv7d+3Kws+e1Y+ypmR2WIVSwVyBEUfgv2C8Ts9gnTF4pNcEY/S2aBicz5Ew2+jdyGNQQ==
        test@example.com\\n\"\n      }\n     ]\n    }\n   },\n   \"servicePrincipalProfile\":
        {\n    \"clientId\": \"msi\"\n   },\n   \"addonProfiles\": {\n    \"KubeDashboard\":
        {\n     \"enabled\": false,\n     \"config\": null\n    },\n    \"omsagent\":
        {\n     \"enabled\": true,\n     \"config\": {\n      \"logAnalyticsWorkspaceResourceID\":
        \"/subscriptions/00000000-0000-0000-0000-000000000000/resourcegroups/defaultresourcegroup-wus2/providers/microsoft.operationalinsights/workspaces/defaultworkspace-c1089427-83d3-4286-9f35-5af546a6eb67-wus2\"\n
        \    }\n    }\n   },\n   \"nodeResourceGroup\": \"MC_clitest000001_cliakstest000002_westus2\",\n
        \  \"enableRBAC\": true,\n   \"networkProfile\": {\n    \"networkPlugin\":
        \"kubenet\",\n    \"loadBalancerSku\": \"standard\",\n    \"loadBalancerProfile\":
        {\n     \"managedOutboundIPs\": {\n      \"count\": 1\n     }\n    },\n    \"podCidr\":
        \"10.244.0.0/16\",\n    \"serviceCidr\": \"10.0.0.0/16\",\n    \"dnsServiceIP\":
        \"10.0.0.10\",\n    \"dockerBridgeCidr\": \"172.17.0.1/16\",\n    \"outboundType\":
        \"loadBalancer\"\n   },\n   \"maxAgentPools\": 10\n  },\n  \"identity\": {\n
        \  \"type\": \"SystemAssigned\",\n   \"principalId\": \"d622b83c-172b-4080-9468-5ae7d386b1cb\",\n
        \  \"tenantId\": \"72f988bf-86f1-41af-91ab-2d7cd011db47\"\n  },\n  \"sku\":
        {\n   \"name\": \"Basic\",\n   \"tier\": \"Free\"\n  }\n }"
    headers:
      azure-asyncoperation:
      - https://management.azure.com/subscriptions/00000000-0000-0000-0000-000000000000/providers/Microsoft.ContainerService/locations/westus2/operations/a136a6b3-de0c-4f13-9874-6119808f70a3?api-version=2016-03-30
      cache-control:
      - no-cache
      content-length:
      - '3244'
      content-type:
      - application/json
      date:
      - Wed, 07 Apr 2021 18:46:00 GMT
      expires:
      - '-1'
      pragma:
      - no-cache
      server:
      - nginx
      strict-transport-security:
      - max-age=31536000; includeSubDomains
      x-content-type-options:
      - nosniff
      x-ms-ratelimit-remaining-subscription-writes:
      - '1198'
    status:
      code: 201
      message: Created
- request:
    body: null
    headers:
      Accept:
      - application/json
      Accept-Encoding:
      - gzip, deflate
      CommandName:
      - aks create
      Connection:
      - keep-alive
      ParameterSetName:
      - --resource-group --name --location --dns-name-prefix --node-count --ssh-key-value
        --enable-addons
      User-Agent:
      - python/3.7.3 (Linux-4.15.0-1111-azure-x86_64-with-debian-10.2) msrest/0.6.21
        cloud-shell/1.0 msrest_azure/0.6.3 azure-mgmt-resource/12.0.0 Azure-SDK-For-Python
        AZURECLI/2.21.0
    method: GET
    uri: https://management.azure.com/subscriptions/00000000-0000-0000-0000-000000000000/resourcegroups/defaultresourcegroup-wus2/providers/Microsoft.Resources/deployments/mock-deployment/operationStatuses/08585837857289574626?api-version=2020-10-01
  response:
    body:
      string: '{"status":"Succeeded"}'
    headers:
      cache-control:
      - no-cache
      content-length:
      - '22'
      content-type:
      - application/json; charset=utf-8
      date:
      - Wed, 07 Apr 2021 18:46:26 GMT
      expires:
      - '-1'
      pragma:
      - no-cache
      strict-transport-security:
      - max-age=31536000; includeSubDomains
      vary:
      - Accept-Encoding
      x-content-type-options:
      - nosniff
    status:
      code: 200
      message: OK
- request:
    body: null
    headers:
      Accept:
      - application/json
      Accept-Encoding:
      - gzip, deflate
      CommandName:
      - aks create
      Connection:
      - keep-alive
      ParameterSetName:
      - --resource-group --name --location --dns-name-prefix --node-count --ssh-key-value
        --enable-addons
      User-Agent:
      - python/3.7.3 (Linux-4.15.0-1111-azure-x86_64-with-debian-10.2) msrest/0.6.21
        cloud-shell/1.0 msrest_azure/0.6.3 azure-mgmt-resource/12.0.0 Azure-SDK-For-Python
        AZURECLI/2.21.0
    method: GET
    uri: https://management.azure.com/subscriptions/00000000-0000-0000-0000-000000000000/resourcegroups/defaultresourcegroup-wus2/providers/Microsoft.Resources/deployments/mock-deployment?api-version=2020-10-01
  response:
    body:
      string: '{"id":"/subscriptions/00000000-0000-0000-0000-000000000000/resourceGroups/defaultresourcegroup-wus2/providers/Microsoft.Resources/deployments/aks-monitoring-1617821156132","name":"aks-monitoring-1617821156132","type":"Microsoft.Resources/deployments","properties":{"templateHash":"13112976782773545168","parameters":{"workspaceResourceId":{"type":"String","value":"/subscriptions/00000000-0000-0000-0000-000000000000/resourcegroups/defaultresourcegroup-wus2/providers/microsoft.operationalinsights/workspaces/defaultworkspace-c1089427-83d3-4286-9f35-5af546a6eb67-wus2"},"workspaceRegion":{"type":"String","value":"westus2"},"solutionDeploymentName":{"type":"String","value":"ContainerInsights-1617821156132"}},"mode":"Incremental","provisioningState":"Succeeded","timestamp":"2021-04-07T18:46:01.3652566Z","duration":"PT4.845096S","correlationId":"bfe0e087-cd82-45d5-825b-8862812ecd93","providers":[{"namespace":"Microsoft.Resources","resourceTypes":[{"resourceType":"deployments","locations":[null]}]}],"dependencies":[],"outputResources":[{"id":"/subscriptions/00000000-0000-0000-0000-000000000000/resourceGroups/defaultresourcegroup-wus2/providers/Microsoft.OperationsManagement/solutions/ContainerInsights(defaultworkspace-c1089427-83d3-4286-9f35-5af546a6eb67-wus2)"}]}}'
    headers:
      cache-control:
      - no-cache
      content-length:
      - '1274'
      content-type:
      - application/json; charset=utf-8
      date:
      - Wed, 07 Apr 2021 18:46:27 GMT
      expires:
      - '-1'
      pragma:
      - no-cache
      strict-transport-security:
      - max-age=31536000; includeSubDomains
      vary:
      - Accept-Encoding
      x-content-type-options:
      - nosniff
    status:
      code: 200
      message: OK
- request:
    body: null
    headers:
      Accept:
      - application/json
      Accept-Encoding:
      - gzip, deflate
      CommandName:
      - aks create
      Connection:
      - keep-alive
      ParameterSetName:
      - --resource-group --name --location --dns-name-prefix --node-count --ssh-key-value
        --enable-addons
      User-Agent:
      - python/3.7.3 (Linux-4.15.0-1111-azure-x86_64-with-debian-10.2) msrest/0.6.21
        cloud-shell/1.0 msrest_azure/0.6.3 azure-mgmt-containerservice/11.2.0 Azure-SDK-For-Python
        AZURECLI/2.21.0
    method: GET
    uri: https://management.azure.com/subscriptions/00000000-0000-0000-0000-000000000000/providers/Microsoft.ContainerService/locations/westus2/operations/a136a6b3-de0c-4f13-9874-6119808f70a3?api-version=2016-03-30
  response:
    body:
      string: "{\n  \"name\": \"b3a636a1-0cde-134f-9874-6119808f70a3\",\n  \"status\":
        \"InProgress\",\n  \"startTime\": \"2021-04-07T18:46:01.3433333Z\"\n }"
    headers:
      cache-control:
      - no-cache
      content-length:
      - '126'
      content-type:
      - application/json
      date:
      - Wed, 07 Apr 2021 18:46:31 GMT
      expires:
      - '-1'
      pragma:
      - no-cache
      server:
      - nginx
      strict-transport-security:
      - max-age=31536000; includeSubDomains
      transfer-encoding:
      - chunked
      vary:
      - Accept-Encoding
      x-content-type-options:
      - nosniff
    status:
      code: 200
      message: OK
- request:
    body: null
    headers:
      Accept:
      - application/json
      Accept-Encoding:
      - gzip, deflate
      CommandName:
      - aks create
      Connection:
      - keep-alive
      ParameterSetName:
      - --resource-group --name --location --dns-name-prefix --node-count --ssh-key-value
        --enable-addons
      User-Agent:
      - python/3.7.3 (Linux-4.15.0-1111-azure-x86_64-with-debian-10.2) msrest/0.6.21
        cloud-shell/1.0 msrest_azure/0.6.3 azure-mgmt-containerservice/11.2.0 Azure-SDK-For-Python
        AZURECLI/2.21.0
    method: GET
    uri: https://management.azure.com/subscriptions/00000000-0000-0000-0000-000000000000/providers/Microsoft.ContainerService/locations/westus2/operations/a136a6b3-de0c-4f13-9874-6119808f70a3?api-version=2016-03-30
  response:
    body:
      string: "{\n  \"name\": \"b3a636a1-0cde-134f-9874-6119808f70a3\",\n  \"status\":
        \"InProgress\",\n  \"startTime\": \"2021-04-07T18:46:01.3433333Z\"\n }"
    headers:
      cache-control:
      - no-cache
      content-length:
      - '126'
      content-type:
      - application/json
      date:
      - Wed, 07 Apr 2021 18:47:01 GMT
      expires:
      - '-1'
      pragma:
      - no-cache
      server:
      - nginx
      strict-transport-security:
      - max-age=31536000; includeSubDomains
      transfer-encoding:
      - chunked
      vary:
      - Accept-Encoding
      x-content-type-options:
      - nosniff
    status:
      code: 200
      message: OK
- request:
    body: null
    headers:
      Accept:
      - application/json
      Accept-Encoding:
      - gzip, deflate
      CommandName:
      - aks create
      Connection:
      - keep-alive
      ParameterSetName:
      - --resource-group --name --location --dns-name-prefix --node-count --ssh-key-value
        --enable-addons
      User-Agent:
      - python/3.7.3 (Linux-4.15.0-1111-azure-x86_64-with-debian-10.2) msrest/0.6.21
        cloud-shell/1.0 msrest_azure/0.6.3 azure-mgmt-containerservice/11.2.0 Azure-SDK-For-Python
        AZURECLI/2.21.0
    method: GET
    uri: https://management.azure.com/subscriptions/00000000-0000-0000-0000-000000000000/providers/Microsoft.ContainerService/locations/westus2/operations/a136a6b3-de0c-4f13-9874-6119808f70a3?api-version=2016-03-30
  response:
    body:
      string: "{\n  \"name\": \"b3a636a1-0cde-134f-9874-6119808f70a3\",\n  \"status\":
        \"InProgress\",\n  \"startTime\": \"2021-04-07T18:46:01.3433333Z\"\n }"
    headers:
      cache-control:
      - no-cache
      content-length:
      - '126'
      content-type:
      - application/json
      date:
      - Wed, 07 Apr 2021 18:47:32 GMT
      expires:
      - '-1'
      pragma:
      - no-cache
      server:
      - nginx
      strict-transport-security:
      - max-age=31536000; includeSubDomains
      transfer-encoding:
      - chunked
      vary:
      - Accept-Encoding
      x-content-type-options:
      - nosniff
    status:
      code: 200
      message: OK
- request:
    body: null
    headers:
      Accept:
      - application/json
      Accept-Encoding:
      - gzip, deflate
      CommandName:
      - aks create
      Connection:
      - keep-alive
      ParameterSetName:
      - --resource-group --name --location --dns-name-prefix --node-count --ssh-key-value
        --enable-addons
      User-Agent:
      - python/3.7.3 (Linux-4.15.0-1111-azure-x86_64-with-debian-10.2) msrest/0.6.21
        cloud-shell/1.0 msrest_azure/0.6.3 azure-mgmt-containerservice/11.2.0 Azure-SDK-For-Python
        AZURECLI/2.21.0
    method: GET
    uri: https://management.azure.com/subscriptions/00000000-0000-0000-0000-000000000000/providers/Microsoft.ContainerService/locations/westus2/operations/a136a6b3-de0c-4f13-9874-6119808f70a3?api-version=2016-03-30
  response:
    body:
      string: "{\n  \"name\": \"b3a636a1-0cde-134f-9874-6119808f70a3\",\n  \"status\":
        \"InProgress\",\n  \"startTime\": \"2021-04-07T18:46:01.3433333Z\"\n }"
    headers:
      cache-control:
      - no-cache
      content-length:
      - '126'
      content-type:
      - application/json
      date:
      - Wed, 07 Apr 2021 18:48:01 GMT
      expires:
      - '-1'
      pragma:
      - no-cache
      server:
      - nginx
      strict-transport-security:
      - max-age=31536000; includeSubDomains
      transfer-encoding:
      - chunked
      vary:
      - Accept-Encoding
      x-content-type-options:
      - nosniff
    status:
      code: 200
      message: OK
- request:
    body: null
    headers:
      Accept:
      - application/json
      Accept-Encoding:
      - gzip, deflate
      CommandName:
      - aks create
      Connection:
      - keep-alive
      ParameterSetName:
      - --resource-group --name --location --dns-name-prefix --node-count --ssh-key-value
        --enable-addons
      User-Agent:
      - python/3.7.3 (Linux-4.15.0-1111-azure-x86_64-with-debian-10.2) msrest/0.6.21
        cloud-shell/1.0 msrest_azure/0.6.3 azure-mgmt-containerservice/11.2.0 Azure-SDK-For-Python
        AZURECLI/2.21.0
    method: GET
    uri: https://management.azure.com/subscriptions/00000000-0000-0000-0000-000000000000/providers/Microsoft.ContainerService/locations/westus2/operations/a136a6b3-de0c-4f13-9874-6119808f70a3?api-version=2016-03-30
  response:
    body:
      string: "{\n  \"name\": \"b3a636a1-0cde-134f-9874-6119808f70a3\",\n  \"status\":
        \"InProgress\",\n  \"startTime\": \"2021-04-07T18:46:01.3433333Z\"\n }"
    headers:
      cache-control:
      - no-cache
      content-length:
      - '126'
      content-type:
      - application/json
      date:
      - Wed, 07 Apr 2021 18:48:31 GMT
      expires:
      - '-1'
      pragma:
      - no-cache
      server:
      - nginx
      strict-transport-security:
      - max-age=31536000; includeSubDomains
      transfer-encoding:
      - chunked
      vary:
      - Accept-Encoding
      x-content-type-options:
      - nosniff
    status:
      code: 200
      message: OK
- request:
    body: null
    headers:
      Accept:
      - application/json
      Accept-Encoding:
      - gzip, deflate
      CommandName:
      - aks create
      Connection:
      - keep-alive
      ParameterSetName:
      - --resource-group --name --location --dns-name-prefix --node-count --ssh-key-value
        --enable-addons
      User-Agent:
      - python/3.7.3 (Linux-4.15.0-1111-azure-x86_64-with-debian-10.2) msrest/0.6.21
        cloud-shell/1.0 msrest_azure/0.6.3 azure-mgmt-containerservice/11.2.0 Azure-SDK-For-Python
        AZURECLI/2.21.0
    method: GET
    uri: https://management.azure.com/subscriptions/00000000-0000-0000-0000-000000000000/providers/Microsoft.ContainerService/locations/westus2/operations/a136a6b3-de0c-4f13-9874-6119808f70a3?api-version=2016-03-30
  response:
    body:
      string: "{\n  \"name\": \"b3a636a1-0cde-134f-9874-6119808f70a3\",\n  \"status\":
        \"InProgress\",\n  \"startTime\": \"2021-04-07T18:46:01.3433333Z\"\n }"
    headers:
      cache-control:
      - no-cache
      content-length:
      - '126'
      content-type:
      - application/json
      date:
      - Wed, 07 Apr 2021 18:49:01 GMT
      expires:
      - '-1'
      pragma:
      - no-cache
      server:
      - nginx
      strict-transport-security:
      - max-age=31536000; includeSubDomains
      transfer-encoding:
      - chunked
      vary:
      - Accept-Encoding
      x-content-type-options:
      - nosniff
    status:
      code: 200
      message: OK
- request:
    body: null
    headers:
      Accept:
      - application/json
      Accept-Encoding:
      - gzip, deflate
      CommandName:
      - aks create
      Connection:
      - keep-alive
      ParameterSetName:
      - --resource-group --name --location --dns-name-prefix --node-count --ssh-key-value
        --enable-addons
      User-Agent:
      - python/3.7.3 (Linux-4.15.0-1111-azure-x86_64-with-debian-10.2) msrest/0.6.21
        cloud-shell/1.0 msrest_azure/0.6.3 azure-mgmt-containerservice/11.2.0 Azure-SDK-For-Python
        AZURECLI/2.21.0
    method: GET
    uri: https://management.azure.com/subscriptions/00000000-0000-0000-0000-000000000000/providers/Microsoft.ContainerService/locations/westus2/operations/a136a6b3-de0c-4f13-9874-6119808f70a3?api-version=2016-03-30
  response:
    body:
      string: "{\n  \"name\": \"b3a636a1-0cde-134f-9874-6119808f70a3\",\n  \"status\":
        \"Succeeded\",\n  \"startTime\": \"2021-04-07T18:46:01.3433333Z\",\n  \"endTime\":
        \"2021-04-07T18:49:29.7998857Z\"\n }"
    headers:
      cache-control:
      - no-cache
      content-length:
      - '170'
      content-type:
      - application/json
      date:
      - Wed, 07 Apr 2021 18:49:32 GMT
      expires:
      - '-1'
      pragma:
      - no-cache
      server:
      - nginx
      strict-transport-security:
      - max-age=31536000; includeSubDomains
      transfer-encoding:
      - chunked
      vary:
      - Accept-Encoding
      x-content-type-options:
      - nosniff
    status:
      code: 200
      message: OK
- request:
    body: null
    headers:
      Accept:
      - application/json
      Accept-Encoding:
      - gzip, deflate
      CommandName:
      - aks create
      Connection:
      - keep-alive
      ParameterSetName:
      - --resource-group --name --location --dns-name-prefix --node-count --ssh-key-value
        --enable-addons
      User-Agent:
      - python/3.7.3 (Linux-4.15.0-1111-azure-x86_64-with-debian-10.2) msrest/0.6.21
        cloud-shell/1.0 msrest_azure/0.6.3 azure-mgmt-containerservice/11.2.0 Azure-SDK-For-Python
        AZURECLI/2.21.0
    method: GET
    uri: https://management.azure.com/subscriptions/00000000-0000-0000-0000-000000000000/resourceGroups/clitest000001/providers/Microsoft.ContainerService/managedClusters/cliakstest000002?api-version=2021-03-01
  response:
    body:
      string: "{\n  \"id\": \"/subscriptions/00000000-0000-0000-0000-000000000000/resourcegroups/clitest000001/providers/Microsoft.ContainerService/managedClusters/cliakstest000002\",\n
        \ \"location\": \"westus2\",\n  \"name\": \"cliakstest000002\",\n  \"type\":
        \"Microsoft.ContainerService/ManagedClusters\",\n  \"properties\": {\n   \"provisioningState\":
        \"Succeeded\",\n   \"powerState\": {\n    \"code\": \"Running\"\n   },\n   \"kubernetesVersion\":
        \"1.18.14\",\n   \"dnsPrefix\": \"cliaksdns000003\",\n   \"fqdn\": \"cliaksdns000003-92c29370.hcp.westus2.azmk8s.io\",\n
        \  \"azurePortalFQDN\": \"cliaksdns000003-92c29370.portal.hcp.westus2.azmk8s.io\",\n
        \  \"agentPoolProfiles\": [\n    {\n     \"name\": \"nodepool1\",\n     \"count\":
        1,\n     \"vmSize\": \"Standard_DS2_v2\",\n     \"osDiskSizeGB\": 128,\n     \"osDiskType\":
        \"Managed\",\n     \"kubeletDiskType\": \"OS\",\n     \"maxPods\": 110,\n
        \    \"type\": \"VirtualMachineScaleSets\",\n     \"provisioningState\": \"Succeeded\",\n
        \    \"powerState\": {\n      \"code\": \"Running\"\n     },\n     \"orchestratorVersion\":
        \"1.18.14\",\n     \"enableNodePublicIP\": false,\n     \"nodeLabels\": {},\n
        \    \"mode\": \"System\",\n     \"osType\": \"Linux\",\n     \"nodeImageVersion\":
        \"AKSUbuntu-1804gen2-2021.03.29\",\n     \"enableFIPS\": false\n    }\n   ],\n
        \  \"linuxProfile\": {\n    \"adminUsername\": \"azureuser\",\n    \"ssh\":
        {\n     \"publicKeys\": [\n      {\n       \"keyData\": \"ssh-rsa AAAAB3NzaC1yc2EAAAADAQABAAACAQCbIg1guRHbI0lV11wWDt1r2cUdcNd27CJsg+SfgC7miZeubtwUhbsPdhMQsfDyhOWHq1+ZL0M+nJZV63d/1dhmhtgyOqejUwrPlzKhydsbrsdUor+JmNJDdW01v7BXHyuymT8G4s09jCasNOwiufbP/qp72ruu0bIA1nySsvlf9pCQAuFkAnVnf/rFhUlOkhtRpwcq8SUNY2zRHR/EKb/4NWY1JzR4sa3q2fWIJdrrX0DvLoa5g9bIEd4Df79ba7v+yiUBOS0zT2ll+z4g9izHK3EO5d8hL4jYxcjKs+wcslSYRWrascfscLgMlMGh0CdKeNTDjHpGPncaf3Z+FwwwjWeuiNBxv7bJo13/8B/098KlVDl4GZqsoBCEjPyJfV6hO0y/LkRGkk7oHWKgeWAfKtfLItRp00eZ4fcJNK9kCaSMmEugoZWcI7NGbZXzqFWqbpRI7NcDP9+WIQ+i9U5vqWsqd/zng4kbuAJ6UuKqIzB0upYrLShfQE3SAck8oaLhJqqq56VfDuASNpJKidV+zq27HfSBmbXnkR/5AK337dc3MXKJypoK/QPMLKUAP5XLPbs+NddJQV7EZXd29DLgp+fRIg3edpKdO7ZErWhv7d+3Kws+e1Y+ypmR2WIVSwVyBEUfgv2C8Ts9gnTF4pNcEY/S2aBicz5Ew2+jdyGNQQ==
        test@example.com\\n\"\n      }\n     ]\n    }\n   },\n   \"servicePrincipalProfile\":
        {\n    \"clientId\": \"msi\"\n   },\n   \"addonProfiles\": {\n    \"KubeDashboard\":
        {\n     \"enabled\": false,\n     \"config\": null\n    },\n    \"omsagent\":
        {\n     \"enabled\": true,\n     \"config\": {\n      \"logAnalyticsWorkspaceResourceID\":
        \"/subscriptions/00000000-0000-0000-0000-000000000000/resourcegroups/defaultresourcegroup-wus2/providers/microsoft.operationalinsights/workspaces/defaultworkspace-c1089427-83d3-4286-9f35-5af546a6eb67-wus2\"\n
        \    },\n     \"identity\": {\n      \"resourceId\": \"/subscriptions/00000000-0000-0000-0000-000000000000/resourcegroups/MC_clitest000001_cliakstest000002_westus2/providers/Microsoft.ManagedIdentity/userAssignedIdentities/omsagent-cliakstest000002\",\n
        \     \"clientId\": \"c740be54-7264-4824-9b49-1842e0d26471\",\n      \"objectId\":
        \"7fefbe7e-913b-45c8-b2de-512cfe564845\"\n     }\n    }\n   },\n   \"nodeResourceGroup\":
        \"MC_clitest000001_cliakstest000002_westus2\",\n   \"enableRBAC\": true,\n
        \  \"networkProfile\": {\n    \"networkPlugin\": \"kubenet\",\n    \"loadBalancerSku\":
        \"Standard\",\n    \"loadBalancerProfile\": {\n     \"managedOutboundIPs\":
        {\n      \"count\": 1\n     },\n     \"effectiveOutboundIPs\": [\n      {\n
        \      \"id\": \"/subscriptions/00000000-0000-0000-0000-000000000000/resourceGroups/MC_clitest000001_cliakstest000002_westus2/providers/Microsoft.Network/publicIPAddresses/2cd0040f-82cb-43b5-bf76-89e6c8cbde2d\"\n
        \     }\n     ]\n    },\n    \"podCidr\": \"10.244.0.0/16\",\n    \"serviceCidr\":
        \"10.0.0.0/16\",\n    \"dnsServiceIP\": \"10.0.0.10\",\n    \"dockerBridgeCidr\":
        \"172.17.0.1/16\",\n    \"outboundType\": \"loadBalancer\"\n   },\n   \"maxAgentPools\":
        10,\n   \"identityProfile\": {\n    \"kubeletidentity\": {\n     \"resourceId\":
        \"/subscriptions/00000000-0000-0000-0000-000000000000/resourcegroups/MC_clitest000001_cliakstest000002_westus2/providers/Microsoft.ManagedIdentity/userAssignedIdentities/cliakstest000002-agentpool\",\n
        \    \"clientId\": \"500935c4-09ed-4e64-b09f-bfa28647ab58\",\n     \"objectId\":
        \"ba0cb75f-021e-44c8-bdb4-77b6555b0d64\"\n    }\n   }\n  },\n  \"identity\":
        {\n   \"type\": \"SystemAssigned\",\n   \"principalId\": \"d622b83c-172b-4080-9468-5ae7d386b1cb\",\n
        \  \"tenantId\": \"72f988bf-86f1-41af-91ab-2d7cd011db47\"\n  },\n  \"sku\":
        {\n   \"name\": \"Basic\",\n   \"tier\": \"Free\"\n  }\n }"
    headers:
      cache-control:
      - no-cache
      content-length:
      - '4270'
      content-type:
      - application/json
      date:
      - Wed, 07 Apr 2021 18:49:32 GMT
      expires:
      - '-1'
      pragma:
      - no-cache
      server:
      - nginx
      strict-transport-security:
      - max-age=31536000; includeSubDomains
      transfer-encoding:
      - chunked
      vary:
      - Accept-Encoding
      x-content-type-options:
      - nosniff
    status:
      code: 200
      message: OK
- request:
    body: null
    headers:
      Accept:
      - application/json
      Accept-Encoding:
      - gzip, deflate
      CommandName:
      - aks create
      Connection:
      - keep-alive
      ParameterSetName:
      - --resource-group --name --location --dns-name-prefix --node-count --ssh-key-value
        --enable-addons
      User-Agent:
      - python/3.7.3 (Linux-4.15.0-1111-azure-x86_64-with-debian-10.2) msrest/0.6.21
        cloud-shell/1.0 msrest_azure/0.6.3 azure-mgmt-authorization/0.61.0 Azure-SDK-For-Python
        AZURECLI/2.21.0
      accept-language:
      - en-US
    method: GET
    uri: https://management.azure.com/subscriptions/00000000-0000-0000-0000-000000000000/resourceGroups/clitest000001/providers/Microsoft.ContainerService/managedClusters/cliakstest000002/providers/Microsoft.Authorization/roleDefinitions?$filter=roleName%20eq%20%27Monitoring%20Metrics%20Publisher%27&api-version=2018-01-01-preview
  response:
    body:
      string: '{"value":[{"properties":{"roleName":"Monitoring Metrics Publisher","type":"BuiltInRole","description":"Enables
        publishing metrics against Azure resources","assignableScopes":["/"],"permissions":[{"actions":["Microsoft.Insights/Register/Action","Microsoft.Support/*","Microsoft.Resources/subscriptions/resourceGroups/read"],"notActions":[],"dataActions":["Microsoft.Insights/Metrics/Write"],"notDataActions":[]}],"createdOn":"2018-08-14T00:36:16.5610279Z","updatedOn":"2018-08-14T00:37:18.1465065Z","createdBy":null,"updatedBy":null},"id":"/subscriptions/00000000-0000-0000-0000-000000000000/providers/Microsoft.Authorization/roleDefinitions/3913510d-42f4-4e42-8a64-420c390055eb","type":"Microsoft.Authorization/roleDefinitions","name":"3913510d-42f4-4e42-8a64-420c390055eb"}]}'
    headers:
      cache-control:
      - no-cache
      content-length:
      - '776'
      content-type:
      - application/json; charset=utf-8
      date:
      - Wed, 07 Apr 2021 18:49:32 GMT
      expires:
      - '-1'
      pragma:
      - no-cache
      set-cookie:
      - x-ms-gateway-slice=Production; path=/; secure; samesite=none; httponly
      strict-transport-security:
      - max-age=31536000; includeSubDomains
      transfer-encoding:
      - chunked
      vary:
      - Accept-Encoding
      x-content-type-options:
      - nosniff
    status:
      code: 200
      message: OK
- request:
    body: '{"properties": {"roleDefinitionId": "/subscriptions/00000000-0000-0000-0000-000000000000/providers/Microsoft.Authorization/roleDefinitions/3913510d-42f4-4e42-8a64-420c390055eb",
      "principalId": "7fefbe7e-913b-45c8-b2de-512cfe564845"}}'
    headers:
      Accept:
      - application/json
      Accept-Encoding:
      - gzip, deflate
      CommandName:
      - aks create
      Connection:
      - keep-alive
      Content-Length:
      - '233'
      Content-Type:
      - application/json; charset=utf-8
      Cookie:
      - x-ms-gateway-slice=Production
      ParameterSetName:
      - --resource-group --name --location --dns-name-prefix --node-count --ssh-key-value
        --enable-addons
      User-Agent:
      - python/3.7.3 (Linux-4.15.0-1111-azure-x86_64-with-debian-10.2) msrest/0.6.21
        cloud-shell/1.0 msrest_azure/0.6.3 azure-mgmt-authorization/0.61.0 Azure-SDK-For-Python
        AZURECLI/2.21.0
      accept-language:
      - en-US
    method: PUT
    uri: https://management.azure.com/subscriptions/00000000-0000-0000-0000-000000000000/resourceGroups/clitest000001/providers/Microsoft.ContainerService/managedClusters/cliakstest000002/providers/Microsoft.Authorization/roleAssignments/bf9c264b-d9c0-4ab4-b4b7-ecfe2bdf5a74?api-version=2020-04-01-preview
  response:
    body:
      string: '{"properties":{"roleDefinitionId":"/subscriptions/00000000-0000-0000-0000-000000000000/providers/Microsoft.Authorization/roleDefinitions/3913510d-42f4-4e42-8a64-420c390055eb","principalId":"7fefbe7e-913b-45c8-b2de-512cfe564845","principalType":"ServicePrincipal","scope":"/subscriptions/00000000-0000-0000-0000-000000000000/resourceGroups/clitest000001/providers/Microsoft.ContainerService/managedClusters/cliakstest000002","condition":null,"conditionVersion":null,"createdOn":"2021-04-07T18:49:33.6441373Z","updatedOn":"2021-04-07T18:49:33.9391414Z","createdBy":null,"updatedBy":"1ec25b73-94d5-4bf9-a56f-ca7d9bd4164c","delegatedManagedIdentityResourceId":null,"description":null},"id":"/subscriptions/00000000-0000-0000-0000-000000000000/resourceGroups/clitest000001/providers/Microsoft.ContainerService/managedClusters/cliakstest000002/providers/Microsoft.Authorization/roleAssignments/bf9c264b-d9c0-4ab4-b4b7-ecfe2bdf5a74","type":"Microsoft.Authorization/roleAssignments","name":"bf9c264b-d9c0-4ab4-b4b7-ecfe2bdf5a74"}'
    headers:
      cache-control:
      - no-cache
      content-length:
      - '1029'
      content-type:
      - application/json; charset=utf-8
      date:
      - Wed, 07 Apr 2021 18:49:34 GMT
      expires:
      - '-1'
      pragma:
      - no-cache
      set-cookie:
      - x-ms-gateway-slice=Production; path=/; secure; samesite=none; httponly
      strict-transport-security:
      - max-age=31536000; includeSubDomains
      x-content-type-options:
      - nosniff
      x-ms-ratelimit-remaining-subscription-writes:
      - '1199'
    status:
      code: 201
      message: Created
- request:
    body: null
    headers:
      Accept:
      - application/json
      Accept-Encoding:
      - gzip, deflate
      CommandName:
      - aks show
      Connection:
      - keep-alive
      ParameterSetName:
      - -g -n
      User-Agent:
      - python/3.7.3 (Linux-4.15.0-1111-azure-x86_64-with-debian-10.2) msrest/0.6.21
        cloud-shell/1.0 msrest_azure/0.6.3 azure-mgmt-containerservice/11.2.0 Azure-SDK-For-Python
        AZURECLI/2.21.0
      accept-language:
      - en-US
    method: GET
    uri: https://management.azure.com/subscriptions/00000000-0000-0000-0000-000000000000/resourceGroups/clitest000001/providers/Microsoft.ContainerService/managedClusters/cliakstest000002?api-version=2021-03-01
  response:
    body:
      string: "{\n  \"id\": \"/subscriptions/00000000-0000-0000-0000-000000000000/resourcegroups/clitest000001/providers/Microsoft.ContainerService/managedClusters/cliakstest000002\",\n
        \ \"location\": \"westus2\",\n  \"name\": \"cliakstest000002\",\n  \"type\":
        \"Microsoft.ContainerService/ManagedClusters\",\n  \"properties\": {\n   \"provisioningState\":
        \"Succeeded\",\n   \"powerState\": {\n    \"code\": \"Running\"\n   },\n   \"kubernetesVersion\":
        \"1.18.14\",\n   \"dnsPrefix\": \"cliaksdns000003\",\n   \"fqdn\": \"cliaksdns000003-92c29370.hcp.westus2.azmk8s.io\",\n
        \  \"azurePortalFQDN\": \"cliaksdns000003-92c29370.portal.hcp.westus2.azmk8s.io\",\n
        \  \"agentPoolProfiles\": [\n    {\n     \"name\": \"nodepool1\",\n     \"count\":
        1,\n     \"vmSize\": \"Standard_DS2_v2\",\n     \"osDiskSizeGB\": 128,\n     \"osDiskType\":
        \"Managed\",\n     \"kubeletDiskType\": \"OS\",\n     \"maxPods\": 110,\n
        \    \"type\": \"VirtualMachineScaleSets\",\n     \"provisioningState\": \"Succeeded\",\n
        \    \"powerState\": {\n      \"code\": \"Running\"\n     },\n     \"orchestratorVersion\":
        \"1.18.14\",\n     \"enableNodePublicIP\": false,\n     \"nodeLabels\": {},\n
        \    \"mode\": \"System\",\n     \"osType\": \"Linux\",\n     \"nodeImageVersion\":
        \"AKSUbuntu-1804gen2-2021.03.29\",\n     \"enableFIPS\": false\n    }\n   ],\n
        \  \"linuxProfile\": {\n    \"adminUsername\": \"azureuser\",\n    \"ssh\":
        {\n     \"publicKeys\": [\n      {\n       \"keyData\": \"ssh-rsa AAAAB3NzaC1yc2EAAAADAQABAAACAQCbIg1guRHbI0lV11wWDt1r2cUdcNd27CJsg+SfgC7miZeubtwUhbsPdhMQsfDyhOWHq1+ZL0M+nJZV63d/1dhmhtgyOqejUwrPlzKhydsbrsdUor+JmNJDdW01v7BXHyuymT8G4s09jCasNOwiufbP/qp72ruu0bIA1nySsvlf9pCQAuFkAnVnf/rFhUlOkhtRpwcq8SUNY2zRHR/EKb/4NWY1JzR4sa3q2fWIJdrrX0DvLoa5g9bIEd4Df79ba7v+yiUBOS0zT2ll+z4g9izHK3EO5d8hL4jYxcjKs+wcslSYRWrascfscLgMlMGh0CdKeNTDjHpGPncaf3Z+FwwwjWeuiNBxv7bJo13/8B/098KlVDl4GZqsoBCEjPyJfV6hO0y/LkRGkk7oHWKgeWAfKtfLItRp00eZ4fcJNK9kCaSMmEugoZWcI7NGbZXzqFWqbpRI7NcDP9+WIQ+i9U5vqWsqd/zng4kbuAJ6UuKqIzB0upYrLShfQE3SAck8oaLhJqqq56VfDuASNpJKidV+zq27HfSBmbXnkR/5AK337dc3MXKJypoK/QPMLKUAP5XLPbs+NddJQV7EZXd29DLgp+fRIg3edpKdO7ZErWhv7d+3Kws+e1Y+ypmR2WIVSwVyBEUfgv2C8Ts9gnTF4pNcEY/S2aBicz5Ew2+jdyGNQQ==
        test@example.com\\n\"\n      }\n     ]\n    }\n   },\n   \"servicePrincipalProfile\":
        {\n    \"clientId\": \"msi\"\n   },\n   \"addonProfiles\": {\n    \"KubeDashboard\":
        {\n     \"enabled\": false,\n     \"config\": null\n    },\n    \"omsagent\":
        {\n     \"enabled\": true,\n     \"config\": {\n      \"logAnalyticsWorkspaceResourceID\":
        \"/subscriptions/00000000-0000-0000-0000-000000000000/resourcegroups/defaultresourcegroup-wus2/providers/microsoft.operationalinsights/workspaces/defaultworkspace-c1089427-83d3-4286-9f35-5af546a6eb67-wus2\"\n
        \    },\n     \"identity\": {\n      \"resourceId\": \"/subscriptions/00000000-0000-0000-0000-000000000000/resourcegroups/MC_clitest000001_cliakstest000002_westus2/providers/Microsoft.ManagedIdentity/userAssignedIdentities/omsagent-cliakstest000002\",\n
        \     \"clientId\": \"c740be54-7264-4824-9b49-1842e0d26471\",\n      \"objectId\":
        \"7fefbe7e-913b-45c8-b2de-512cfe564845\"\n     }\n    }\n   },\n   \"nodeResourceGroup\":
        \"MC_clitest000001_cliakstest000002_westus2\",\n   \"enableRBAC\": true,\n
        \  \"networkProfile\": {\n    \"networkPlugin\": \"kubenet\",\n    \"loadBalancerSku\":
        \"Standard\",\n    \"loadBalancerProfile\": {\n     \"managedOutboundIPs\":
        {\n      \"count\": 1\n     },\n     \"effectiveOutboundIPs\": [\n      {\n
        \      \"id\": \"/subscriptions/00000000-0000-0000-0000-000000000000/resourceGroups/MC_clitest000001_cliakstest000002_westus2/providers/Microsoft.Network/publicIPAddresses/2cd0040f-82cb-43b5-bf76-89e6c8cbde2d\"\n
        \     }\n     ]\n    },\n    \"podCidr\": \"10.244.0.0/16\",\n    \"serviceCidr\":
        \"10.0.0.0/16\",\n    \"dnsServiceIP\": \"10.0.0.10\",\n    \"dockerBridgeCidr\":
        \"172.17.0.1/16\",\n    \"outboundType\": \"loadBalancer\"\n   },\n   \"maxAgentPools\":
        10,\n   \"identityProfile\": {\n    \"kubeletidentity\": {\n     \"resourceId\":
        \"/subscriptions/00000000-0000-0000-0000-000000000000/resourcegroups/MC_clitest000001_cliakstest000002_westus2/providers/Microsoft.ManagedIdentity/userAssignedIdentities/cliakstest000002-agentpool\",\n
        \    \"clientId\": \"500935c4-09ed-4e64-b09f-bfa28647ab58\",\n     \"objectId\":
        \"ba0cb75f-021e-44c8-bdb4-77b6555b0d64\"\n    }\n   }\n  },\n  \"identity\":
        {\n   \"type\": \"SystemAssigned\",\n   \"principalId\": \"d622b83c-172b-4080-9468-5ae7d386b1cb\",\n
        \  \"tenantId\": \"72f988bf-86f1-41af-91ab-2d7cd011db47\"\n  },\n  \"sku\":
        {\n   \"name\": \"Basic\",\n   \"tier\": \"Free\"\n  }\n }"
    headers:
      cache-control:
      - no-cache
      content-length:
      - '4270'
      content-type:
      - application/json
      date:
      - Wed, 07 Apr 2021 18:49:35 GMT
      expires:
      - '-1'
      pragma:
      - no-cache
      server:
      - nginx
      strict-transport-security:
      - max-age=31536000; includeSubDomains
      transfer-encoding:
      - chunked
      vary:
      - Accept-Encoding
      x-content-type-options:
      - nosniff
    status:
      code: 200
      message: OK
- request:
    body: null
    headers:
      Accept:
      - application/json
      Accept-Encoding:
      - gzip, deflate
      CommandName:
      - aks disable-addons
      Connection:
      - keep-alive
      ParameterSetName:
      - -a -g -n
      User-Agent:
      - python/3.7.3 (Linux-4.15.0-1111-azure-x86_64-with-debian-10.2) msrest/0.6.21
        cloud-shell/1.0 msrest_azure/0.6.3 azure-mgmt-containerservice/11.2.0 Azure-SDK-For-Python
        AZURECLI/2.21.0
      accept-language:
      - en-US
    method: GET
    uri: https://management.azure.com/subscriptions/00000000-0000-0000-0000-000000000000/resourceGroups/clitest000001/providers/Microsoft.ContainerService/managedClusters/cliakstest000002?api-version=2021-03-01
  response:
    body:
      string: "{\n  \"id\": \"/subscriptions/00000000-0000-0000-0000-000000000000/resourcegroups/clitest000001/providers/Microsoft.ContainerService/managedClusters/cliakstest000002\",\n
        \ \"location\": \"westus2\",\n  \"name\": \"cliakstest000002\",\n  \"type\":
        \"Microsoft.ContainerService/ManagedClusters\",\n  \"properties\": {\n   \"provisioningState\":
        \"Succeeded\",\n   \"powerState\": {\n    \"code\": \"Running\"\n   },\n   \"kubernetesVersion\":
        \"1.18.14\",\n   \"dnsPrefix\": \"cliaksdns000003\",\n   \"fqdn\": \"cliaksdns000003-92c29370.hcp.westus2.azmk8s.io\",\n
        \  \"azurePortalFQDN\": \"cliaksdns000003-92c29370.portal.hcp.westus2.azmk8s.io\",\n
        \  \"agentPoolProfiles\": [\n    {\n     \"name\": \"nodepool1\",\n     \"count\":
        1,\n     \"vmSize\": \"Standard_DS2_v2\",\n     \"osDiskSizeGB\": 128,\n     \"osDiskType\":
        \"Managed\",\n     \"kubeletDiskType\": \"OS\",\n     \"maxPods\": 110,\n
        \    \"type\": \"VirtualMachineScaleSets\",\n     \"provisioningState\": \"Succeeded\",\n
        \    \"powerState\": {\n      \"code\": \"Running\"\n     },\n     \"orchestratorVersion\":
        \"1.18.14\",\n     \"enableNodePublicIP\": false,\n     \"nodeLabels\": {},\n
        \    \"mode\": \"System\",\n     \"osType\": \"Linux\",\n     \"nodeImageVersion\":
        \"AKSUbuntu-1804gen2-2021.03.29\",\n     \"enableFIPS\": false\n    }\n   ],\n
        \  \"linuxProfile\": {\n    \"adminUsername\": \"azureuser\",\n    \"ssh\":
        {\n     \"publicKeys\": [\n      {\n       \"keyData\": \"ssh-rsa AAAAB3NzaC1yc2EAAAADAQABAAACAQCbIg1guRHbI0lV11wWDt1r2cUdcNd27CJsg+SfgC7miZeubtwUhbsPdhMQsfDyhOWHq1+ZL0M+nJZV63d/1dhmhtgyOqejUwrPlzKhydsbrsdUor+JmNJDdW01v7BXHyuymT8G4s09jCasNOwiufbP/qp72ruu0bIA1nySsvlf9pCQAuFkAnVnf/rFhUlOkhtRpwcq8SUNY2zRHR/EKb/4NWY1JzR4sa3q2fWIJdrrX0DvLoa5g9bIEd4Df79ba7v+yiUBOS0zT2ll+z4g9izHK3EO5d8hL4jYxcjKs+wcslSYRWrascfscLgMlMGh0CdKeNTDjHpGPncaf3Z+FwwwjWeuiNBxv7bJo13/8B/098KlVDl4GZqsoBCEjPyJfV6hO0y/LkRGkk7oHWKgeWAfKtfLItRp00eZ4fcJNK9kCaSMmEugoZWcI7NGbZXzqFWqbpRI7NcDP9+WIQ+i9U5vqWsqd/zng4kbuAJ6UuKqIzB0upYrLShfQE3SAck8oaLhJqqq56VfDuASNpJKidV+zq27HfSBmbXnkR/5AK337dc3MXKJypoK/QPMLKUAP5XLPbs+NddJQV7EZXd29DLgp+fRIg3edpKdO7ZErWhv7d+3Kws+e1Y+ypmR2WIVSwVyBEUfgv2C8Ts9gnTF4pNcEY/S2aBicz5Ew2+jdyGNQQ==
        test@example.com\\n\"\n      }\n     ]\n    }\n   },\n   \"servicePrincipalProfile\":
        {\n    \"clientId\": \"msi\"\n   },\n   \"addonProfiles\": {\n    \"KubeDashboard\":
        {\n     \"enabled\": false,\n     \"config\": null\n    },\n    \"omsagent\":
        {\n     \"enabled\": true,\n     \"config\": {\n      \"logAnalyticsWorkspaceResourceID\":
        \"/subscriptions/00000000-0000-0000-0000-000000000000/resourcegroups/defaultresourcegroup-wus2/providers/microsoft.operationalinsights/workspaces/defaultworkspace-c1089427-83d3-4286-9f35-5af546a6eb67-wus2\"\n
        \    },\n     \"identity\": {\n      \"resourceId\": \"/subscriptions/00000000-0000-0000-0000-000000000000/resourcegroups/MC_clitest000001_cliakstest000002_westus2/providers/Microsoft.ManagedIdentity/userAssignedIdentities/omsagent-cliakstest000002\",\n
        \     \"clientId\": \"c740be54-7264-4824-9b49-1842e0d26471\",\n      \"objectId\":
        \"7fefbe7e-913b-45c8-b2de-512cfe564845\"\n     }\n    }\n   },\n   \"nodeResourceGroup\":
        \"MC_clitest000001_cliakstest000002_westus2\",\n   \"enableRBAC\": true,\n
        \  \"networkProfile\": {\n    \"networkPlugin\": \"kubenet\",\n    \"loadBalancerSku\":
        \"Standard\",\n    \"loadBalancerProfile\": {\n     \"managedOutboundIPs\":
        {\n      \"count\": 1\n     },\n     \"effectiveOutboundIPs\": [\n      {\n
        \      \"id\": \"/subscriptions/00000000-0000-0000-0000-000000000000/resourceGroups/MC_clitest000001_cliakstest000002_westus2/providers/Microsoft.Network/publicIPAddresses/2cd0040f-82cb-43b5-bf76-89e6c8cbde2d\"\n
        \     }\n     ]\n    },\n    \"podCidr\": \"10.244.0.0/16\",\n    \"serviceCidr\":
        \"10.0.0.0/16\",\n    \"dnsServiceIP\": \"10.0.0.10\",\n    \"dockerBridgeCidr\":
        \"172.17.0.1/16\",\n    \"outboundType\": \"loadBalancer\"\n   },\n   \"maxAgentPools\":
        10,\n   \"identityProfile\": {\n    \"kubeletidentity\": {\n     \"resourceId\":
        \"/subscriptions/00000000-0000-0000-0000-000000000000/resourcegroups/MC_clitest000001_cliakstest000002_westus2/providers/Microsoft.ManagedIdentity/userAssignedIdentities/cliakstest000002-agentpool\",\n
        \    \"clientId\": \"500935c4-09ed-4e64-b09f-bfa28647ab58\",\n     \"objectId\":
        \"ba0cb75f-021e-44c8-bdb4-77b6555b0d64\"\n    }\n   }\n  },\n  \"identity\":
        {\n   \"type\": \"SystemAssigned\",\n   \"principalId\": \"d622b83c-172b-4080-9468-5ae7d386b1cb\",\n
        \  \"tenantId\": \"72f988bf-86f1-41af-91ab-2d7cd011db47\"\n  },\n  \"sku\":
        {\n   \"name\": \"Basic\",\n   \"tier\": \"Free\"\n  }\n }"
    headers:
      cache-control:
      - no-cache
      content-length:
      - '4270'
      content-type:
      - application/json
      date:
      - Wed, 07 Apr 2021 18:49:35 GMT
      expires:
      - '-1'
      pragma:
      - no-cache
      server:
      - nginx
      strict-transport-security:
      - max-age=31536000; includeSubDomains
      transfer-encoding:
      - chunked
      vary:
      - Accept-Encoding
      x-content-type-options:
      - nosniff
    status:
      code: 200
      message: OK
- request:
    body: '{"location": "westus2", "properties": {"kubernetesVersion": "1.18.14",
      "dnsPrefix": "cliaksdns000003", "agentPoolProfiles": [{"count": 1, "vmSize":
      "Standard_DS2_v2", "osDiskSizeGB": 128, "osDiskType": "Managed", "kubeletDiskType":
      "OS", "maxPods": 110, "osType": "Linux", "type": "VirtualMachineScaleSets",
      "mode": "System", "orchestratorVersion": "1.18.14", "enableNodePublicIP": false,
      "nodeLabels": {}, "enableFIPS": false, "name": "nodepool1"}], "linuxProfile":
      {"adminUsername": "azureuser", "ssh": {"publicKeys": [{"keyData": "ssh-rsa AAAAB3NzaC1yc2EAAAADAQABAAACAQCbIg1guRHbI0lV11wWDt1r2cUdcNd27CJsg+SfgC7miZeubtwUhbsPdhMQsfDyhOWHq1+ZL0M+nJZV63d/1dhmhtgyOqejUwrPlzKhydsbrsdUor+JmNJDdW01v7BXHyuymT8G4s09jCasNOwiufbP/qp72ruu0bIA1nySsvlf9pCQAuFkAnVnf/rFhUlOkhtRpwcq8SUNY2zRHR/EKb/4NWY1JzR4sa3q2fWIJdrrX0DvLoa5g9bIEd4Df79ba7v+yiUBOS0zT2ll+z4g9izHK3EO5d8hL4jYxcjKs+wcslSYRWrascfscLgMlMGh0CdKeNTDjHpGPncaf3Z+FwwwjWeuiNBxv7bJo13/8B/098KlVDl4GZqsoBCEjPyJfV6hO0y/LkRGkk7oHWKgeWAfKtfLItRp00eZ4fcJNK9kCaSMmEugoZWcI7NGbZXzqFWqbpRI7NcDP9+WIQ+i9U5vqWsqd/zng4kbuAJ6UuKqIzB0upYrLShfQE3SAck8oaLhJqqq56VfDuASNpJKidV+zq27HfSBmbXnkR/5AK337dc3MXKJypoK/QPMLKUAP5XLPbs+NddJQV7EZXd29DLgp+fRIg3edpKdO7ZErWhv7d+3Kws+e1Y+ypmR2WIVSwVyBEUfgv2C8Ts9gnTF4pNcEY/S2aBicz5Ew2+jdyGNQQ==
      test@example.com\n"}]}}, "addonProfiles": {"KubeDashboard": {"enabled": false},
      "omsagent": {"enabled": false}}, "nodeResourceGroup": "MC_clitest000001_cliakstest000002_westus2",
      "enableRBAC": true, "networkProfile": {"networkPlugin": "kubenet", "podCidr":
      "10.244.0.0/16", "serviceCidr": "10.0.0.0/16", "dnsServiceIP": "10.0.0.10",
      "dockerBridgeCidr": "172.17.0.1/16", "outboundType": "loadBalancer", "loadBalancerSku":
      "Standard", "loadBalancerProfile": {"managedOutboundIPs": {"count": 1}, "effectiveOutboundIPs":
      [{"id": "/subscriptions/00000000-0000-0000-0000-000000000000/resourceGroups/MC_clitest000001_cliakstest000002_westus2/providers/Microsoft.Network/publicIPAddresses/2cd0040f-82cb-43b5-bf76-89e6c8cbde2d"}]}},
      "identityProfile": {"kubeletidentity": {"resourceId": "/subscriptions/00000000-0000-0000-0000-000000000000/resourcegroups/MC_clitest000001_cliakstest000002_westus2/providers/Microsoft.ManagedIdentity/userAssignedIdentities/cliakstest000002-agentpool",
      "clientId": "500935c4-09ed-4e64-b09f-bfa28647ab58", "objectId": "ba0cb75f-021e-44c8-bdb4-77b6555b0d64"}}},
      "identity": {"type": "SystemAssigned"}, "sku": {"name": "Basic", "tier": "Free"}}'
    headers:
      Accept:
      - application/json
      Accept-Encoding:
      - gzip, deflate
      CommandName:
      - aks disable-addons
      Connection:
      - keep-alive
      Content-Length:
      - '2436'
      Content-Type:
      - application/json; charset=utf-8
      ParameterSetName:
      - -a -g -n
      User-Agent:
      - python/3.7.3 (Linux-4.15.0-1111-azure-x86_64-with-debian-10.2) msrest/0.6.21
        cloud-shell/1.0 msrest_azure/0.6.3 azure-mgmt-containerservice/11.2.0 Azure-SDK-For-Python
        AZURECLI/2.21.0
      accept-language:
      - en-US
    method: PUT
    uri: https://management.azure.com/subscriptions/00000000-0000-0000-0000-000000000000/resourceGroups/clitest000001/providers/Microsoft.ContainerService/managedClusters/cliakstest000002?api-version=2021-03-01
  response:
    body:
      string: "{\n  \"id\": \"/subscriptions/00000000-0000-0000-0000-000000000000/resourcegroups/clitest000001/providers/Microsoft.ContainerService/managedClusters/cliakstest000002\",\n
        \ \"location\": \"westus2\",\n  \"name\": \"cliakstest000002\",\n  \"type\":
        \"Microsoft.ContainerService/ManagedClusters\",\n  \"properties\": {\n   \"provisioningState\":
        \"Updating\",\n   \"powerState\": {\n    \"code\": \"Running\"\n   },\n   \"kubernetesVersion\":
        \"1.18.14\",\n   \"dnsPrefix\": \"cliaksdns000003\",\n   \"fqdn\": \"cliaksdns000003-92c29370.hcp.westus2.azmk8s.io\",\n
        \  \"azurePortalFQDN\": \"cliaksdns000003-92c29370.portal.hcp.westus2.azmk8s.io\",\n
        \  \"agentPoolProfiles\": [\n    {\n     \"name\": \"nodepool1\",\n     \"count\":
        1,\n     \"vmSize\": \"Standard_DS2_v2\",\n     \"osDiskSizeGB\": 128,\n     \"osDiskType\":
        \"Managed\",\n     \"kubeletDiskType\": \"OS\",\n     \"maxPods\": 110,\n
        \    \"type\": \"VirtualMachineScaleSets\",\n     \"provisioningState\": \"Updating\",\n
        \    \"powerState\": {\n      \"code\": \"Running\"\n     },\n     \"orchestratorVersion\":
        \"1.18.14\",\n     \"enableNodePublicIP\": false,\n     \"nodeLabels\": {},\n
        \    \"mode\": \"System\",\n     \"osType\": \"Linux\",\n     \"nodeImageVersion\":
        \"AKSUbuntu-1804gen2-2021.03.29\",\n     \"enableFIPS\": false\n    }\n   ],\n
        \  \"linuxProfile\": {\n    \"adminUsername\": \"azureuser\",\n    \"ssh\":
        {\n     \"publicKeys\": [\n      {\n       \"keyData\": \"ssh-rsa AAAAB3NzaC1yc2EAAAADAQABAAACAQCbIg1guRHbI0lV11wWDt1r2cUdcNd27CJsg+SfgC7miZeubtwUhbsPdhMQsfDyhOWHq1+ZL0M+nJZV63d/1dhmhtgyOqejUwrPlzKhydsbrsdUor+JmNJDdW01v7BXHyuymT8G4s09jCasNOwiufbP/qp72ruu0bIA1nySsvlf9pCQAuFkAnVnf/rFhUlOkhtRpwcq8SUNY2zRHR/EKb/4NWY1JzR4sa3q2fWIJdrrX0DvLoa5g9bIEd4Df79ba7v+yiUBOS0zT2ll+z4g9izHK3EO5d8hL4jYxcjKs+wcslSYRWrascfscLgMlMGh0CdKeNTDjHpGPncaf3Z+FwwwjWeuiNBxv7bJo13/8B/098KlVDl4GZqsoBCEjPyJfV6hO0y/LkRGkk7oHWKgeWAfKtfLItRp00eZ4fcJNK9kCaSMmEugoZWcI7NGbZXzqFWqbpRI7NcDP9+WIQ+i9U5vqWsqd/zng4kbuAJ6UuKqIzB0upYrLShfQE3SAck8oaLhJqqq56VfDuASNpJKidV+zq27HfSBmbXnkR/5AK337dc3MXKJypoK/QPMLKUAP5XLPbs+NddJQV7EZXd29DLgp+fRIg3edpKdO7ZErWhv7d+3Kws+e1Y+ypmR2WIVSwVyBEUfgv2C8Ts9gnTF4pNcEY/S2aBicz5Ew2+jdyGNQQ==
        test@example.com\\n\"\n      }\n     ]\n    }\n   },\n   \"servicePrincipalProfile\":
        {\n    \"clientId\": \"msi\"\n   },\n   \"addonProfiles\": {\n    \"KubeDashboard\":
        {\n     \"enabled\": false,\n     \"config\": null\n    },\n    \"omsagent\":
        {\n     \"enabled\": false,\n     \"config\": null\n    }\n   },\n   \"nodeResourceGroup\":
        \"MC_clitest000001_cliakstest000002_westus2\",\n   \"enableRBAC\": true,\n
        \  \"networkProfile\": {\n    \"networkPlugin\": \"kubenet\",\n    \"loadBalancerSku\":
        \"Standard\",\n    \"loadBalancerProfile\": {\n     \"managedOutboundIPs\":
        {\n      \"count\": 1\n     },\n     \"effectiveOutboundIPs\": [\n      {\n
        \      \"id\": \"/subscriptions/00000000-0000-0000-0000-000000000000/resourceGroups/MC_clitest000001_cliakstest000002_westus2/providers/Microsoft.Network/publicIPAddresses/2cd0040f-82cb-43b5-bf76-89e6c8cbde2d\"\n
        \     }\n     ]\n    },\n    \"podCidr\": \"10.244.0.0/16\",\n    \"serviceCidr\":
        \"10.0.0.0/16\",\n    \"dnsServiceIP\": \"10.0.0.10\",\n    \"dockerBridgeCidr\":
        \"172.17.0.1/16\",\n    \"outboundType\": \"loadBalancer\"\n   },\n   \"maxAgentPools\":
        10,\n   \"identityProfile\": {\n    \"kubeletidentity\": {\n     \"resourceId\":
        \"/subscriptions/00000000-0000-0000-0000-000000000000/resourcegroups/MC_clitest000001_cliakstest000002_westus2/providers/Microsoft.ManagedIdentity/userAssignedIdentities/cliakstest000002-agentpool\",\n
        \    \"clientId\": \"500935c4-09ed-4e64-b09f-bfa28647ab58\",\n     \"objectId\":
        \"ba0cb75f-021e-44c8-bdb4-77b6555b0d64\"\n    }\n   }\n  },\n  \"identity\":
        {\n   \"type\": \"SystemAssigned\",\n   \"principalId\": \"d622b83c-172b-4080-9468-5ae7d386b1cb\",\n
        \  \"tenantId\": \"72f988bf-86f1-41af-91ab-2d7cd011db47\"\n  },\n  \"sku\":
        {\n   \"name\": \"Basic\",\n   \"tier\": \"Free\"\n  }\n }"
    headers:
      azure-asyncoperation:
      - https://management.azure.com/subscriptions/00000000-0000-0000-0000-000000000000/providers/Microsoft.ContainerService/locations/westus2/operations/dfd6419c-6397-4560-a732-72d33c3fa6ad?api-version=2016-03-30
      cache-control:
      - no-cache
      content-length:
      - '3656'
      content-type:
      - application/json
      date:
      - Wed, 07 Apr 2021 18:49:39 GMT
      expires:
      - '-1'
      pragma:
      - no-cache
      server:
      - nginx
      strict-transport-security:
      - max-age=31536000; includeSubDomains
      transfer-encoding:
      - chunked
      vary:
      - Accept-Encoding
      x-content-type-options:
      - nosniff
      x-ms-ratelimit-remaining-subscription-writes:
      - '1198'
    status:
      code: 200
      message: OK
- request:
    body: null
    headers:
      Accept:
      - application/json
      Accept-Encoding:
      - gzip, deflate
      CommandName:
      - aks disable-addons
      Connection:
      - keep-alive
      ParameterSetName:
      - -a -g -n
      User-Agent:
      - python/3.7.3 (Linux-4.15.0-1111-azure-x86_64-with-debian-10.2) msrest/0.6.21
        cloud-shell/1.0 msrest_azure/0.6.3 azure-mgmt-containerservice/11.2.0 Azure-SDK-For-Python
        AZURECLI/2.21.0
    method: GET
    uri: https://management.azure.com/subscriptions/00000000-0000-0000-0000-000000000000/providers/Microsoft.ContainerService/locations/westus2/operations/dfd6419c-6397-4560-a732-72d33c3fa6ad?api-version=2016-03-30
  response:
    body:
      string: "{\n  \"name\": \"9c41d6df-9763-6045-a732-72d33c3fa6ad\",\n  \"status\":
        \"InProgress\",\n  \"startTime\": \"2021-04-07T18:49:38.7266666Z\"\n }"
    headers:
      cache-control:
      - no-cache
      content-length:
      - '126'
      content-type:
      - application/json
      date:
      - Wed, 07 Apr 2021 18:50:09 GMT
      expires:
      - '-1'
      pragma:
      - no-cache
      server:
      - nginx
      strict-transport-security:
      - max-age=31536000; includeSubDomains
      transfer-encoding:
      - chunked
      vary:
      - Accept-Encoding
      x-content-type-options:
      - nosniff
    status:
      code: 200
      message: OK
- request:
    body: null
    headers:
      Accept:
      - application/json
      Accept-Encoding:
      - gzip, deflate
      CommandName:
      - aks disable-addons
      Connection:
      - keep-alive
      ParameterSetName:
      - -a -g -n
      User-Agent:
      - python/3.7.3 (Linux-4.15.0-1111-azure-x86_64-with-debian-10.2) msrest/0.6.21
        cloud-shell/1.0 msrest_azure/0.6.3 azure-mgmt-containerservice/11.2.0 Azure-SDK-For-Python
        AZURECLI/2.21.0
    method: GET
    uri: https://management.azure.com/subscriptions/00000000-0000-0000-0000-000000000000/providers/Microsoft.ContainerService/locations/westus2/operations/dfd6419c-6397-4560-a732-72d33c3fa6ad?api-version=2016-03-30
  response:
    body:
      string: "{\n  \"name\": \"9c41d6df-9763-6045-a732-72d33c3fa6ad\",\n  \"status\":
        \"InProgress\",\n  \"startTime\": \"2021-04-07T18:49:38.7266666Z\"\n }"
    headers:
      cache-control:
      - no-cache
      content-length:
      - '126'
      content-type:
      - application/json
      date:
      - Wed, 07 Apr 2021 18:50:39 GMT
      expires:
      - '-1'
      pragma:
      - no-cache
      server:
      - nginx
      strict-transport-security:
      - max-age=31536000; includeSubDomains
      transfer-encoding:
      - chunked
      vary:
      - Accept-Encoding
      x-content-type-options:
      - nosniff
    status:
      code: 200
      message: OK
- request:
    body: null
    headers:
      Accept:
      - application/json
      Accept-Encoding:
      - gzip, deflate
      CommandName:
      - aks disable-addons
      Connection:
      - keep-alive
      ParameterSetName:
      - -a -g -n
      User-Agent:
      - python/3.7.3 (Linux-4.15.0-1111-azure-x86_64-with-debian-10.2) msrest/0.6.21
        cloud-shell/1.0 msrest_azure/0.6.3 azure-mgmt-containerservice/11.2.0 Azure-SDK-For-Python
        AZURECLI/2.21.0
    method: GET
    uri: https://management.azure.com/subscriptions/00000000-0000-0000-0000-000000000000/providers/Microsoft.ContainerService/locations/westus2/operations/dfd6419c-6397-4560-a732-72d33c3fa6ad?api-version=2016-03-30
  response:
    body:
      string: "{\n  \"name\": \"9c41d6df-9763-6045-a732-72d33c3fa6ad\",\n  \"status\":
        \"Succeeded\",\n  \"startTime\": \"2021-04-07T18:49:38.7266666Z\",\n  \"endTime\":
        \"2021-04-07T18:50:45.7224852Z\"\n }"
    headers:
      cache-control:
      - no-cache
      content-length:
      - '170'
      content-type:
      - application/json
      date:
      - Wed, 07 Apr 2021 18:51:09 GMT
      expires:
      - '-1'
      pragma:
      - no-cache
      server:
      - nginx
      strict-transport-security:
      - max-age=31536000; includeSubDomains
      transfer-encoding:
      - chunked
      vary:
      - Accept-Encoding
      x-content-type-options:
      - nosniff
    status:
      code: 200
      message: OK
- request:
    body: null
    headers:
      Accept:
      - application/json
      Accept-Encoding:
      - gzip, deflate
      CommandName:
      - aks disable-addons
      Connection:
      - keep-alive
      ParameterSetName:
      - -a -g -n
      User-Agent:
      - python/3.7.3 (Linux-4.15.0-1111-azure-x86_64-with-debian-10.2) msrest/0.6.21
        cloud-shell/1.0 msrest_azure/0.6.3 azure-mgmt-containerservice/11.2.0 Azure-SDK-For-Python
        AZURECLI/2.21.0
    method: GET
    uri: https://management.azure.com/subscriptions/00000000-0000-0000-0000-000000000000/resourceGroups/clitest000001/providers/Microsoft.ContainerService/managedClusters/cliakstest000002?api-version=2021-03-01
  response:
    body:
      string: "{\n  \"id\": \"/subscriptions/00000000-0000-0000-0000-000000000000/resourcegroups/clitest000001/providers/Microsoft.ContainerService/managedClusters/cliakstest000002\",\n
        \ \"location\": \"westus2\",\n  \"name\": \"cliakstest000002\",\n  \"type\":
        \"Microsoft.ContainerService/ManagedClusters\",\n  \"properties\": {\n   \"provisioningState\":
        \"Succeeded\",\n   \"powerState\": {\n    \"code\": \"Running\"\n   },\n   \"kubernetesVersion\":
        \"1.18.14\",\n   \"dnsPrefix\": \"cliaksdns000003\",\n   \"fqdn\": \"cliaksdns000003-92c29370.hcp.westus2.azmk8s.io\",\n
        \  \"azurePortalFQDN\": \"cliaksdns000003-92c29370.portal.hcp.westus2.azmk8s.io\",\n
        \  \"agentPoolProfiles\": [\n    {\n     \"name\": \"nodepool1\",\n     \"count\":
        1,\n     \"vmSize\": \"Standard_DS2_v2\",\n     \"osDiskSizeGB\": 128,\n     \"osDiskType\":
        \"Managed\",\n     \"kubeletDiskType\": \"OS\",\n     \"maxPods\": 110,\n
        \    \"type\": \"VirtualMachineScaleSets\",\n     \"provisioningState\": \"Succeeded\",\n
        \    \"powerState\": {\n      \"code\": \"Running\"\n     },\n     \"orchestratorVersion\":
        \"1.18.14\",\n     \"enableNodePublicIP\": false,\n     \"nodeLabels\": {},\n
        \    \"mode\": \"System\",\n     \"osType\": \"Linux\",\n     \"nodeImageVersion\":
        \"AKSUbuntu-1804gen2-2021.03.29\",\n     \"enableFIPS\": false\n    }\n   ],\n
        \  \"linuxProfile\": {\n    \"adminUsername\": \"azureuser\",\n    \"ssh\":
        {\n     \"publicKeys\": [\n      {\n       \"keyData\": \"ssh-rsa AAAAB3NzaC1yc2EAAAADAQABAAACAQCbIg1guRHbI0lV11wWDt1r2cUdcNd27CJsg+SfgC7miZeubtwUhbsPdhMQsfDyhOWHq1+ZL0M+nJZV63d/1dhmhtgyOqejUwrPlzKhydsbrsdUor+JmNJDdW01v7BXHyuymT8G4s09jCasNOwiufbP/qp72ruu0bIA1nySsvlf9pCQAuFkAnVnf/rFhUlOkhtRpwcq8SUNY2zRHR/EKb/4NWY1JzR4sa3q2fWIJdrrX0DvLoa5g9bIEd4Df79ba7v+yiUBOS0zT2ll+z4g9izHK3EO5d8hL4jYxcjKs+wcslSYRWrascfscLgMlMGh0CdKeNTDjHpGPncaf3Z+FwwwjWeuiNBxv7bJo13/8B/098KlVDl4GZqsoBCEjPyJfV6hO0y/LkRGkk7oHWKgeWAfKtfLItRp00eZ4fcJNK9kCaSMmEugoZWcI7NGbZXzqFWqbpRI7NcDP9+WIQ+i9U5vqWsqd/zng4kbuAJ6UuKqIzB0upYrLShfQE3SAck8oaLhJqqq56VfDuASNpJKidV+zq27HfSBmbXnkR/5AK337dc3MXKJypoK/QPMLKUAP5XLPbs+NddJQV7EZXd29DLgp+fRIg3edpKdO7ZErWhv7d+3Kws+e1Y+ypmR2WIVSwVyBEUfgv2C8Ts9gnTF4pNcEY/S2aBicz5Ew2+jdyGNQQ==
        test@example.com\\n\"\n      }\n     ]\n    }\n   },\n   \"servicePrincipalProfile\":
        {\n    \"clientId\": \"msi\"\n   },\n   \"addonProfiles\": {\n    \"KubeDashboard\":
        {\n     \"enabled\": false,\n     \"config\": null\n    },\n    \"omsagent\":
        {\n     \"enabled\": false,\n     \"config\": null\n    }\n   },\n   \"nodeResourceGroup\":
        \"MC_clitest000001_cliakstest000002_westus2\",\n   \"enableRBAC\": true,\n
        \  \"networkProfile\": {\n    \"networkPlugin\": \"kubenet\",\n    \"loadBalancerSku\":
        \"Standard\",\n    \"loadBalancerProfile\": {\n     \"managedOutboundIPs\":
        {\n      \"count\": 1\n     },\n     \"effectiveOutboundIPs\": [\n      {\n
        \      \"id\": \"/subscriptions/00000000-0000-0000-0000-000000000000/resourceGroups/MC_clitest000001_cliakstest000002_westus2/providers/Microsoft.Network/publicIPAddresses/2cd0040f-82cb-43b5-bf76-89e6c8cbde2d\"\n
        \     }\n     ]\n    },\n    \"podCidr\": \"10.244.0.0/16\",\n    \"serviceCidr\":
        \"10.0.0.0/16\",\n    \"dnsServiceIP\": \"10.0.0.10\",\n    \"dockerBridgeCidr\":
        \"172.17.0.1/16\",\n    \"outboundType\": \"loadBalancer\"\n   },\n   \"maxAgentPools\":
        10,\n   \"identityProfile\": {\n    \"kubeletidentity\": {\n     \"resourceId\":
        \"/subscriptions/00000000-0000-0000-0000-000000000000/resourcegroups/MC_clitest000001_cliakstest000002_westus2/providers/Microsoft.ManagedIdentity/userAssignedIdentities/cliakstest000002-agentpool\",\n
        \    \"clientId\": \"500935c4-09ed-4e64-b09f-bfa28647ab58\",\n     \"objectId\":
        \"ba0cb75f-021e-44c8-bdb4-77b6555b0d64\"\n    }\n   }\n  },\n  \"identity\":
        {\n   \"type\": \"SystemAssigned\",\n   \"principalId\": \"d622b83c-172b-4080-9468-5ae7d386b1cb\",\n
        \  \"tenantId\": \"72f988bf-86f1-41af-91ab-2d7cd011db47\"\n  },\n  \"sku\":
        {\n   \"name\": \"Basic\",\n   \"tier\": \"Free\"\n  }\n }"
    headers:
      cache-control:
      - no-cache
      content-length:
      - '3658'
      content-type:
      - application/json
      date:
      - Wed, 07 Apr 2021 18:51:09 GMT
      expires:
      - '-1'
      pragma:
      - no-cache
      server:
      - nginx
      strict-transport-security:
      - max-age=31536000; includeSubDomains
      transfer-encoding:
      - chunked
      vary:
      - Accept-Encoding
      x-content-type-options:
      - nosniff
    status:
      code: 200
      message: OK
- request:
    body: null
    headers:
      Accept:
      - application/json
      Accept-Encoding:
      - gzip, deflate
      CommandName:
      - aks show
      Connection:
      - keep-alive
      ParameterSetName:
      - -g -n
      User-Agent:
      - python/3.7.3 (Linux-4.15.0-1111-azure-x86_64-with-debian-10.2) msrest/0.6.21
        cloud-shell/1.0 msrest_azure/0.6.3 azure-mgmt-containerservice/11.2.0 Azure-SDK-For-Python
        AZURECLI/2.21.0
      accept-language:
      - en-US
    method: GET
    uri: https://management.azure.com/subscriptions/00000000-0000-0000-0000-000000000000/resourceGroups/clitest000001/providers/Microsoft.ContainerService/managedClusters/cliakstest000002?api-version=2021-03-01
  response:
    body:
      string: "{\n  \"id\": \"/subscriptions/00000000-0000-0000-0000-000000000000/resourcegroups/clitest000001/providers/Microsoft.ContainerService/managedClusters/cliakstest000002\",\n
        \ \"location\": \"westus2\",\n  \"name\": \"cliakstest000002\",\n  \"type\":
        \"Microsoft.ContainerService/ManagedClusters\",\n  \"properties\": {\n   \"provisioningState\":
        \"Succeeded\",\n   \"powerState\": {\n    \"code\": \"Running\"\n   },\n   \"kubernetesVersion\":
        \"1.18.14\",\n   \"dnsPrefix\": \"cliaksdns000003\",\n   \"fqdn\": \"cliaksdns000003-92c29370.hcp.westus2.azmk8s.io\",\n
        \  \"azurePortalFQDN\": \"cliaksdns000003-92c29370.portal.hcp.westus2.azmk8s.io\",\n
        \  \"agentPoolProfiles\": [\n    {\n     \"name\": \"nodepool1\",\n     \"count\":
        1,\n     \"vmSize\": \"Standard_DS2_v2\",\n     \"osDiskSizeGB\": 128,\n     \"osDiskType\":
        \"Managed\",\n     \"kubeletDiskType\": \"OS\",\n     \"maxPods\": 110,\n
        \    \"type\": \"VirtualMachineScaleSets\",\n     \"provisioningState\": \"Succeeded\",\n
        \    \"powerState\": {\n      \"code\": \"Running\"\n     },\n     \"orchestratorVersion\":
        \"1.18.14\",\n     \"enableNodePublicIP\": false,\n     \"nodeLabels\": {},\n
        \    \"mode\": \"System\",\n     \"osType\": \"Linux\",\n     \"nodeImageVersion\":
        \"AKSUbuntu-1804gen2-2021.03.29\",\n     \"enableFIPS\": false\n    }\n   ],\n
        \  \"linuxProfile\": {\n    \"adminUsername\": \"azureuser\",\n    \"ssh\":
        {\n     \"publicKeys\": [\n      {\n       \"keyData\": \"ssh-rsa AAAAB3NzaC1yc2EAAAADAQABAAACAQCbIg1guRHbI0lV11wWDt1r2cUdcNd27CJsg+SfgC7miZeubtwUhbsPdhMQsfDyhOWHq1+ZL0M+nJZV63d/1dhmhtgyOqejUwrPlzKhydsbrsdUor+JmNJDdW01v7BXHyuymT8G4s09jCasNOwiufbP/qp72ruu0bIA1nySsvlf9pCQAuFkAnVnf/rFhUlOkhtRpwcq8SUNY2zRHR/EKb/4NWY1JzR4sa3q2fWIJdrrX0DvLoa5g9bIEd4Df79ba7v+yiUBOS0zT2ll+z4g9izHK3EO5d8hL4jYxcjKs+wcslSYRWrascfscLgMlMGh0CdKeNTDjHpGPncaf3Z+FwwwjWeuiNBxv7bJo13/8B/098KlVDl4GZqsoBCEjPyJfV6hO0y/LkRGkk7oHWKgeWAfKtfLItRp00eZ4fcJNK9kCaSMmEugoZWcI7NGbZXzqFWqbpRI7NcDP9+WIQ+i9U5vqWsqd/zng4kbuAJ6UuKqIzB0upYrLShfQE3SAck8oaLhJqqq56VfDuASNpJKidV+zq27HfSBmbXnkR/5AK337dc3MXKJypoK/QPMLKUAP5XLPbs+NddJQV7EZXd29DLgp+fRIg3edpKdO7ZErWhv7d+3Kws+e1Y+ypmR2WIVSwVyBEUfgv2C8Ts9gnTF4pNcEY/S2aBicz5Ew2+jdyGNQQ==
        test@example.com\\n\"\n      }\n     ]\n    }\n   },\n   \"servicePrincipalProfile\":
        {\n    \"clientId\": \"msi\"\n   },\n   \"addonProfiles\": {\n    \"KubeDashboard\":
        {\n     \"enabled\": false,\n     \"config\": null\n    },\n    \"omsagent\":
        {\n     \"enabled\": false,\n     \"config\": null\n    }\n   },\n   \"nodeResourceGroup\":
        \"MC_clitest000001_cliakstest000002_westus2\",\n   \"enableRBAC\": true,\n
        \  \"networkProfile\": {\n    \"networkPlugin\": \"kubenet\",\n    \"loadBalancerSku\":
        \"Standard\",\n    \"loadBalancerProfile\": {\n     \"managedOutboundIPs\":
        {\n      \"count\": 1\n     },\n     \"effectiveOutboundIPs\": [\n      {\n
        \      \"id\": \"/subscriptions/00000000-0000-0000-0000-000000000000/resourceGroups/MC_clitest000001_cliakstest000002_westus2/providers/Microsoft.Network/publicIPAddresses/2cd0040f-82cb-43b5-bf76-89e6c8cbde2d\"\n
        \     }\n     ]\n    },\n    \"podCidr\": \"10.244.0.0/16\",\n    \"serviceCidr\":
        \"10.0.0.0/16\",\n    \"dnsServiceIP\": \"10.0.0.10\",\n    \"dockerBridgeCidr\":
        \"172.17.0.1/16\",\n    \"outboundType\": \"loadBalancer\"\n   },\n   \"maxAgentPools\":
        10,\n   \"identityProfile\": {\n    \"kubeletidentity\": {\n     \"resourceId\":
        \"/subscriptions/00000000-0000-0000-0000-000000000000/resourcegroups/MC_clitest000001_cliakstest000002_westus2/providers/Microsoft.ManagedIdentity/userAssignedIdentities/cliakstest000002-agentpool\",\n
        \    \"clientId\": \"500935c4-09ed-4e64-b09f-bfa28647ab58\",\n     \"objectId\":
        \"ba0cb75f-021e-44c8-bdb4-77b6555b0d64\"\n    }\n   }\n  },\n  \"identity\":
        {\n   \"type\": \"SystemAssigned\",\n   \"principalId\": \"d622b83c-172b-4080-9468-5ae7d386b1cb\",\n
        \  \"tenantId\": \"72f988bf-86f1-41af-91ab-2d7cd011db47\"\n  },\n  \"sku\":
        {\n   \"name\": \"Basic\",\n   \"tier\": \"Free\"\n  }\n }"
    headers:
      cache-control:
      - no-cache
      content-length:
      - '3658'
      content-type:
      - application/json
      date:
      - Wed, 07 Apr 2021 18:51:10 GMT
      expires:
      - '-1'
      pragma:
      - no-cache
      server:
      - nginx
      strict-transport-security:
      - max-age=31536000; includeSubDomains
      transfer-encoding:
      - chunked
      vary:
      - Accept-Encoding
      x-content-type-options:
      - nosniff
    status:
      code: 200
      message: OK
- request:
    body: null
    headers:
      Accept:
      - application/json
      Accept-Encoding:
      - gzip, deflate
      CommandName:
      - aks enable-addons
      Connection:
      - keep-alive
      ParameterSetName:
      - -a -g -n
      User-Agent:
      - python/3.7.3 (Linux-4.15.0-1111-azure-x86_64-with-debian-10.2) msrest/0.6.21
        cloud-shell/1.0 msrest_azure/0.6.3 azure-mgmt-containerservice/11.2.0 Azure-SDK-For-Python
        AZURECLI/2.21.0
      accept-language:
      - en-US
    method: GET
    uri: https://management.azure.com/subscriptions/00000000-0000-0000-0000-000000000000/resourceGroups/clitest000001/providers/Microsoft.ContainerService/managedClusters/cliakstest000002?api-version=2021-03-01
  response:
    body:
      string: "{\n  \"id\": \"/subscriptions/00000000-0000-0000-0000-000000000000/resourcegroups/clitest000001/providers/Microsoft.ContainerService/managedClusters/cliakstest000002\",\n
        \ \"location\": \"westus2\",\n  \"name\": \"cliakstest000002\",\n  \"type\":
        \"Microsoft.ContainerService/ManagedClusters\",\n  \"properties\": {\n   \"provisioningState\":
        \"Succeeded\",\n   \"powerState\": {\n    \"code\": \"Running\"\n   },\n   \"kubernetesVersion\":
        \"1.18.14\",\n   \"dnsPrefix\": \"cliaksdns000003\",\n   \"fqdn\": \"cliaksdns000003-92c29370.hcp.westus2.azmk8s.io\",\n
        \  \"azurePortalFQDN\": \"cliaksdns000003-92c29370.portal.hcp.westus2.azmk8s.io\",\n
        \  \"agentPoolProfiles\": [\n    {\n     \"name\": \"nodepool1\",\n     \"count\":
        1,\n     \"vmSize\": \"Standard_DS2_v2\",\n     \"osDiskSizeGB\": 128,\n     \"osDiskType\":
        \"Managed\",\n     \"kubeletDiskType\": \"OS\",\n     \"maxPods\": 110,\n
        \    \"type\": \"VirtualMachineScaleSets\",\n     \"provisioningState\": \"Succeeded\",\n
        \    \"powerState\": {\n      \"code\": \"Running\"\n     },\n     \"orchestratorVersion\":
        \"1.18.14\",\n     \"enableNodePublicIP\": false,\n     \"nodeLabels\": {},\n
        \    \"mode\": \"System\",\n     \"osType\": \"Linux\",\n     \"nodeImageVersion\":
        \"AKSUbuntu-1804gen2-2021.03.29\",\n     \"enableFIPS\": false\n    }\n   ],\n
        \  \"linuxProfile\": {\n    \"adminUsername\": \"azureuser\",\n    \"ssh\":
        {\n     \"publicKeys\": [\n      {\n       \"keyData\": \"ssh-rsa AAAAB3NzaC1yc2EAAAADAQABAAACAQCbIg1guRHbI0lV11wWDt1r2cUdcNd27CJsg+SfgC7miZeubtwUhbsPdhMQsfDyhOWHq1+ZL0M+nJZV63d/1dhmhtgyOqejUwrPlzKhydsbrsdUor+JmNJDdW01v7BXHyuymT8G4s09jCasNOwiufbP/qp72ruu0bIA1nySsvlf9pCQAuFkAnVnf/rFhUlOkhtRpwcq8SUNY2zRHR/EKb/4NWY1JzR4sa3q2fWIJdrrX0DvLoa5g9bIEd4Df79ba7v+yiUBOS0zT2ll+z4g9izHK3EO5d8hL4jYxcjKs+wcslSYRWrascfscLgMlMGh0CdKeNTDjHpGPncaf3Z+FwwwjWeuiNBxv7bJo13/8B/098KlVDl4GZqsoBCEjPyJfV6hO0y/LkRGkk7oHWKgeWAfKtfLItRp00eZ4fcJNK9kCaSMmEugoZWcI7NGbZXzqFWqbpRI7NcDP9+WIQ+i9U5vqWsqd/zng4kbuAJ6UuKqIzB0upYrLShfQE3SAck8oaLhJqqq56VfDuASNpJKidV+zq27HfSBmbXnkR/5AK337dc3MXKJypoK/QPMLKUAP5XLPbs+NddJQV7EZXd29DLgp+fRIg3edpKdO7ZErWhv7d+3Kws+e1Y+ypmR2WIVSwVyBEUfgv2C8Ts9gnTF4pNcEY/S2aBicz5Ew2+jdyGNQQ==
        test@example.com\\n\"\n      }\n     ]\n    }\n   },\n   \"servicePrincipalProfile\":
        {\n    \"clientId\": \"msi\"\n   },\n   \"addonProfiles\": {\n    \"KubeDashboard\":
        {\n     \"enabled\": false,\n     \"config\": null\n    },\n    \"omsagent\":
        {\n     \"enabled\": false,\n     \"config\": null\n    }\n   },\n   \"nodeResourceGroup\":
        \"MC_clitest000001_cliakstest000002_westus2\",\n   \"enableRBAC\": true,\n
        \  \"networkProfile\": {\n    \"networkPlugin\": \"kubenet\",\n    \"loadBalancerSku\":
        \"Standard\",\n    \"loadBalancerProfile\": {\n     \"managedOutboundIPs\":
        {\n      \"count\": 1\n     },\n     \"effectiveOutboundIPs\": [\n      {\n
        \      \"id\": \"/subscriptions/00000000-0000-0000-0000-000000000000/resourceGroups/MC_clitest000001_cliakstest000002_westus2/providers/Microsoft.Network/publicIPAddresses/2cd0040f-82cb-43b5-bf76-89e6c8cbde2d\"\n
        \     }\n     ]\n    },\n    \"podCidr\": \"10.244.0.0/16\",\n    \"serviceCidr\":
        \"10.0.0.0/16\",\n    \"dnsServiceIP\": \"10.0.0.10\",\n    \"dockerBridgeCidr\":
        \"172.17.0.1/16\",\n    \"outboundType\": \"loadBalancer\"\n   },\n   \"maxAgentPools\":
        10,\n   \"identityProfile\": {\n    \"kubeletidentity\": {\n     \"resourceId\":
        \"/subscriptions/00000000-0000-0000-0000-000000000000/resourcegroups/MC_clitest000001_cliakstest000002_westus2/providers/Microsoft.ManagedIdentity/userAssignedIdentities/cliakstest000002-agentpool\",\n
        \    \"clientId\": \"500935c4-09ed-4e64-b09f-bfa28647ab58\",\n     \"objectId\":
        \"ba0cb75f-021e-44c8-bdb4-77b6555b0d64\"\n    }\n   }\n  },\n  \"identity\":
        {\n   \"type\": \"SystemAssigned\",\n   \"principalId\": \"d622b83c-172b-4080-9468-5ae7d386b1cb\",\n
        \  \"tenantId\": \"72f988bf-86f1-41af-91ab-2d7cd011db47\"\n  },\n  \"sku\":
        {\n   \"name\": \"Basic\",\n   \"tier\": \"Free\"\n  }\n }"
    headers:
      cache-control:
      - no-cache
      content-length:
      - '3658'
      content-type:
      - application/json
      date:
      - Wed, 07 Apr 2021 18:51:11 GMT
      expires:
      - '-1'
      pragma:
      - no-cache
      server:
      - nginx
      strict-transport-security:
      - max-age=31536000; includeSubDomains
      transfer-encoding:
      - chunked
      vary:
      - Accept-Encoding
      x-content-type-options:
      - nosniff
    status:
      code: 200
      message: OK
- request:
    body: null
    headers:
      Accept:
      - application/json
      Accept-Encoding:
      - gzip, deflate
      CommandName:
      - aks enable-addons
      Connection:
      - keep-alive
      ParameterSetName:
      - -a -g -n
      User-Agent:
      - python/3.7.3 (Linux-4.15.0-1111-azure-x86_64-with-debian-10.2) msrest/0.6.21
        cloud-shell/1.0 msrest_azure/0.6.3 azure-mgmt-resource/12.0.0 Azure-SDK-For-Python
        AZURECLI/2.21.0
      accept-language:
      - en-US
    method: GET
    uri: https://management.azure.com/subscriptions/00000000-0000-0000-0000-000000000000/resourcegroups/clitest000001?api-version=2020-10-01
  response:
    body:
      string: '{"id":"/subscriptions/00000000-0000-0000-0000-000000000000/resourceGroups/clitest000001","name":"clitest000001","type":"Microsoft.Resources/resourceGroups","location":"westus2","tags":{"product":"azurecli","cause":"automation","date":"2021-04-07T18:45:52Z"},"properties":{"provisioningState":"Succeeded"}}'
    headers:
      cache-control:
      - no-cache
      content-length:
      - '313'
      content-type:
      - application/json; charset=utf-8
      date:
      - Wed, 07 Apr 2021 18:51:11 GMT
      expires:
      - '-1'
      pragma:
      - no-cache
      strict-transport-security:
      - max-age=31536000; includeSubDomains
      vary:
      - Accept-Encoding
      x-content-type-options:
      - nosniff
    status:
      code: 200
      message: OK
- request:
    body: null
    headers:
      Accept:
      - application/json
      Accept-Encoding:
      - gzip, deflate
      CommandName:
      - aks enable-addons
      Connection:
      - keep-alive
      ParameterSetName:
      - -a -g -n
      User-Agent:
      - python/3.7.3 (Linux-4.15.0-1111-azure-x86_64-with-debian-10.2) msrest/0.6.21
        cloud-shell/1.0 msrest_azure/0.6.3 azure-mgmt-resource/12.0.0 Azure-SDK-For-Python
        AZURECLI/2.21.0
      accept-language:
      - en-US
    method: HEAD
    uri: https://management.azure.com/subscriptions/00000000-0000-0000-0000-000000000000/resourcegroups/DefaultResourceGroup-WUS2?api-version=2020-10-01
  response:
    body:
      string: ''
    headers:
      cache-control:
      - no-cache
      content-length:
      - '0'
      date:
      - Wed, 07 Apr 2021 18:51:11 GMT
      expires:
      - '-1'
      pragma:
      - no-cache
      strict-transport-security:
      - max-age=31536000; includeSubDomains
      x-content-type-options:
      - nosniff
    status:
      code: 204
      message: No Content
- request:
    body: null
    headers:
      Accept:
      - application/json
      Accept-Encoding:
      - gzip, deflate
      CommandName:
      - aks enable-addons
      Connection:
      - keep-alive
      ParameterSetName:
      - -a -g -n
      User-Agent:
      - python/3.7.3 (Linux-4.15.0-1111-azure-x86_64-with-debian-10.2) msrest/0.6.21
        cloud-shell/1.0 msrest_azure/0.6.3 azure-mgmt-resource/12.0.0 Azure-SDK-For-Python
        AZURECLI/2.21.0
      accept-language:
      - en-US
    method: GET
    uri: https://management.azure.com/subscriptions/00000000-0000-0000-0000-000000000000/resourceGroups/DefaultResourceGroup-WUS2/providers/Microsoft.OperationalInsights/workspaces/DefaultWorkspace-c1089427-83d3-4286-9f35-5af546a6eb67-WUS2?api-version=2015-11-01-preview
  response:
    body:
      string: "{\r\n  \"properties\": {\r\n    \"source\": \"Azure\",\r\n    \"customerId\":
        \"b40d694c-3f73-4bf5-91bc-7dd655f8382d\",\r\n    \"provisioningState\": \"Succeeded\",\r\n
        \   \"sku\": {\r\n      \"name\": \"standalone\",\r\n      \"maxCapacityReservationLevel\":
        3000\r\n    },\r\n    \"retentionInDays\": 30,\r\n    \"features\": {\r\n
        \     \"legacy\": 0,\r\n      \"searchVersion\": 1,\r\n      \"enableLogAccessUsingOnlyResourcePermissions\":
        true\r\n    },\r\n    \"workspaceCapping\": {\r\n      \"dailyQuotaGb\": -1.0,\r\n
        \     \"quotaNextResetTime\": \"Thu, 08 Apr 2021 13:00:00 GMT\",\r\n      \"dataIngestionStatus\":
        \"RespectQuota\"\r\n    },\r\n    \"publicNetworkAccessForIngestion\": \"Enabled\",\r\n
        \   \"publicNetworkAccessForQuery\": \"Enabled\",\r\n    \"createdDate\":
        \"Fri, 20 Sep 2019 06:26:15 GMT\",\r\n    \"modifiedDate\": \"Sun, 21 Feb
        2021 12:37:34 GMT\"\r\n  },\r\n  \"id\": \"/subscriptions/00000000-0000-0000-0000-000000000000/resourcegroups/defaultresourcegroup-wus2/providers/microsoft.operationalinsights/workspaces/defaultworkspace-c1089427-83d3-4286-9f35-5af546a6eb67-wus2\",\r\n
        \ \"name\": \"DefaultWorkspace-c1089427-83d3-4286-9f35-5af546a6eb67-WUS2\",\r\n
        \ \"type\": \"Microsoft.OperationalInsights/workspaces\",\r\n  \"location\":
        \"westus2\"\r\n}"
    headers:
      cache-control:
      - no-cache
      content-length:
      - '1149'
      content-type:
      - application/json
      date:
      - Wed, 07 Apr 2021 18:51:12 GMT
      pragma:
      - no-cache
      server:
      - Microsoft-IIS/10.0
      - Microsoft-IIS/10.0
      strict-transport-security:
      - max-age=31536000; includeSubDomains
      transfer-encoding:
      - chunked
      vary:
      - Accept-Encoding
      x-content-type-options:
      - nosniff
      x-powered-by:
      - ASP.NET
      - ASP.NET
    status:
      code: 200
      message: OK
- request:
    body: null
    headers:
      Accept:
      - application/json
      Accept-Encoding:
      - gzip, deflate
      CommandName:
      - aks enable-addons
      Connection:
      - keep-alive
      ParameterSetName:
      - -a -g -n
      User-Agent:
      - python/3.7.3 (Linux-4.15.0-1111-azure-x86_64-with-debian-10.2) msrest/0.6.21
        cloud-shell/1.0 msrest_azure/0.6.3 azure-mgmt-resource/12.0.0 Azure-SDK-For-Python
        AZURECLI/2.21.0
      accept-language:
      - en-US
    method: GET
    uri: https://management.azure.com/subscriptions/00000000-0000-0000-0000-000000000000/resourcegroups/defaultresourcegroup-wus2/providers/microsoft.operationalinsights/workspaces/defaultworkspace-c1089427-83d3-4286-9f35-5af546a6eb67-wus2?api-version=2015-11-01-preview
  response:
    body:
      string: "{\r\n  \"properties\": {\r\n    \"source\": \"Azure\",\r\n    \"customerId\":
        \"b40d694c-3f73-4bf5-91bc-7dd655f8382d\",\r\n    \"provisioningState\": \"Succeeded\",\r\n
        \   \"sku\": {\r\n      \"name\": \"standalone\",\r\n      \"maxCapacityReservationLevel\":
        3000\r\n    },\r\n    \"retentionInDays\": 30,\r\n    \"features\": {\r\n
        \     \"legacy\": 0,\r\n      \"searchVersion\": 1,\r\n      \"enableLogAccessUsingOnlyResourcePermissions\":
        true\r\n    },\r\n    \"workspaceCapping\": {\r\n      \"dailyQuotaGb\": -1.0,\r\n
        \     \"quotaNextResetTime\": \"Thu, 08 Apr 2021 13:00:00 GMT\",\r\n      \"dataIngestionStatus\":
        \"RespectQuota\"\r\n    },\r\n    \"publicNetworkAccessForIngestion\": \"Enabled\",\r\n
        \   \"publicNetworkAccessForQuery\": \"Enabled\",\r\n    \"createdDate\":
        \"Fri, 20 Sep 2019 06:26:15 GMT\",\r\n    \"modifiedDate\": \"Sun, 21 Feb
        2021 12:37:34 GMT\"\r\n  },\r\n  \"id\": \"/subscriptions/00000000-0000-0000-0000-000000000000/resourcegroups/defaultresourcegroup-wus2/providers/microsoft.operationalinsights/workspaces/defaultworkspace-c1089427-83d3-4286-9f35-5af546a6eb67-wus2\",\r\n
        \ \"name\": \"DefaultWorkspace-c1089427-83d3-4286-9f35-5af546a6eb67-WUS2\",\r\n
        \ \"type\": \"Microsoft.OperationalInsights/workspaces\",\r\n  \"location\":
        \"westus2\"\r\n}"
    headers:
      cache-control:
      - no-cache
      content-length:
      - '1149'
      content-type:
      - application/json
      date:
      - Wed, 07 Apr 2021 18:51:11 GMT
      pragma:
      - no-cache
      server:
      - Microsoft-IIS/10.0
      - Microsoft-IIS/10.0
      strict-transport-security:
      - max-age=31536000; includeSubDomains
      transfer-encoding:
      - chunked
      vary:
      - Accept-Encoding
      x-content-type-options:
      - nosniff
      x-powered-by:
      - ASP.NET
      - ASP.NET
    status:
      code: 200
      message: OK
- request:
    body: '{"properties": {"template": {"$schema": "https://schema.management.azure.com/schemas/2015-01-01/deploymentTemplate.json#",
      "contentVersion": "1.0.0.0", "parameters": {"workspaceResourceId": {"type":
      "string", "metadata": {"description": "Azure Monitor Log Analytics Resource
      ID"}}, "workspaceRegion": {"type": "string", "metadata": {"description": "Azure
      Monitor Log Analytics workspace region"}}, "solutionDeploymentName": {"type":
      "string", "metadata": {"description": "Name of the solution deployment"}}},
      "resources": [{"type": "Microsoft.Resources/deployments", "name": "[parameters(''solutionDeploymentName'')]",
      "apiVersion": "2017-05-10", "subscriptionId": "[split(parameters(''workspaceResourceId''),''/'')[2]]",
      "resourceGroup": "[split(parameters(''workspaceResourceId''),''/'')[4]]", "properties":
      {"mode": "Incremental", "template": {"$schema": "https://schema.management.azure.com/schemas/2015-01-01/deploymentTemplate.json#",
      "contentVersion": "1.0.0.0", "parameters": {}, "variables": {}, "resources":
      [{"apiVersion": "2015-11-01-preview", "type": "Microsoft.OperationsManagement/solutions",
      "location": "[parameters(''workspaceRegion'')]", "name": "[Concat(''ContainerInsights'',
      ''('', split(parameters(''workspaceResourceId''),''/'')[8], '')'')]", "properties":
      {"workspaceResourceId": "[parameters(''workspaceResourceId'')]"}, "plan": {"name":
      "[Concat(''ContainerInsights'', ''('', split(parameters(''workspaceResourceId''),''/'')[8],
      '')'')]", "product": "[Concat(''OMSGallery/'', ''ContainerInsights'')]", "promotionCode":
      "", "publisher": "Microsoft"}}]}, "parameters": {}}}]}, "parameters": {"workspaceResourceId":
      {"value": "/subscriptions/00000000-0000-0000-0000-000000000000/resourcegroups/defaultresourcegroup-wus2/providers/microsoft.operationalinsights/workspaces/defaultworkspace-c1089427-83d3-4286-9f35-5af546a6eb67-wus2"},
      "workspaceRegion": {"value": "westus2"}, "solutionDeploymentName": {"value":
      "ContainerInsights-1617821472478"}}, "mode": "Incremental"}}'
    headers:
      Accept:
      - application/json
      Accept-Encoding:
      - gzip, deflate
      CommandName:
      - aks enable-addons
      Connection:
      - keep-alive
      Content-Length:
      - '1956'
      Content-Type:
      - application/json; charset=utf-8
      ParameterSetName:
      - -a -g -n
      User-Agent:
      - python/3.7.3 (Linux-4.15.0-1111-azure-x86_64-with-debian-10.2) msrest/0.6.21
        cloud-shell/1.0 msrest_azure/0.6.3 azure-mgmt-resource/12.0.0 Azure-SDK-For-Python
        AZURECLI/2.21.0
      accept-language:
      - en-US
    method: PUT
    uri: https://management.azure.com/subscriptions/00000000-0000-0000-0000-000000000000/resourcegroups/defaultresourcegroup-wus2/providers/Microsoft.Resources/deployments/mock-deployment?api-version=2020-10-01
  response:
    body:
      string: '{"id":"/subscriptions/00000000-0000-0000-0000-000000000000/resourceGroups/defaultresourcegroup-wus2/providers/Microsoft.Resources/deployments/aks-monitoring-1617821472478","name":"aks-monitoring-1617821472478","type":"Microsoft.Resources/deployments","properties":{"templateHash":"13112976782773545168","parameters":{"workspaceResourceId":{"type":"String","value":"/subscriptions/00000000-0000-0000-0000-000000000000/resourcegroups/defaultresourcegroup-wus2/providers/microsoft.operationalinsights/workspaces/defaultworkspace-c1089427-83d3-4286-9f35-5af546a6eb67-wus2"},"workspaceRegion":{"type":"String","value":"westus2"},"solutionDeploymentName":{"type":"String","value":"ContainerInsights-1617821472478"}},"mode":"Incremental","provisioningState":"Accepted","timestamp":"2021-04-07T18:51:13.2537435Z","duration":"PT0.3555362S","correlationId":"6895d73e-11b8-4305-be0f-ee7aac689e3b","providers":[{"namespace":"Microsoft.Resources","resourceTypes":[{"resourceType":"deployments","locations":[null]}]}],"dependencies":[]}}'
    headers:
      azure-asyncoperation:
      - https://management.azure.com/subscriptions/00000000-0000-0000-0000-000000000000/resourcegroups/defaultresourcegroup-wus2/providers/Microsoft.Resources/deployments/aks-monitoring-1617821472478/operationStatuses/08585837854125794043?api-version=2020-10-01
      cache-control:
      - no-cache
      content-length:
      - '1023'
      content-type:
      - application/json; charset=utf-8
      date:
      - Wed, 07 Apr 2021 18:51:12 GMT
      expires:
      - '-1'
      pragma:
      - no-cache
      strict-transport-security:
      - max-age=31536000; includeSubDomains
      x-content-type-options:
      - nosniff
      x-ms-ratelimit-remaining-subscription-writes:
      - '1198'
    status:
      code: 201
      message: Created
- request:
    body: '{"location": "westus2", "properties": {"kubernetesVersion": "1.18.14",
      "dnsPrefix": "cliaksdns000003", "agentPoolProfiles": [{"count": 1, "vmSize":
      "Standard_DS2_v2", "osDiskSizeGB": 128, "osDiskType": "Managed", "kubeletDiskType":
      "OS", "maxPods": 110, "osType": "Linux", "type": "VirtualMachineScaleSets",
      "mode": "System", "orchestratorVersion": "1.18.14", "enableNodePublicIP": false,
      "nodeLabels": {}, "enableFIPS": false, "name": "nodepool1"}], "linuxProfile":
      {"adminUsername": "azureuser", "ssh": {"publicKeys": [{"keyData": "ssh-rsa AAAAB3NzaC1yc2EAAAADAQABAAACAQCbIg1guRHbI0lV11wWDt1r2cUdcNd27CJsg+SfgC7miZeubtwUhbsPdhMQsfDyhOWHq1+ZL0M+nJZV63d/1dhmhtgyOqejUwrPlzKhydsbrsdUor+JmNJDdW01v7BXHyuymT8G4s09jCasNOwiufbP/qp72ruu0bIA1nySsvlf9pCQAuFkAnVnf/rFhUlOkhtRpwcq8SUNY2zRHR/EKb/4NWY1JzR4sa3q2fWIJdrrX0DvLoa5g9bIEd4Df79ba7v+yiUBOS0zT2ll+z4g9izHK3EO5d8hL4jYxcjKs+wcslSYRWrascfscLgMlMGh0CdKeNTDjHpGPncaf3Z+FwwwjWeuiNBxv7bJo13/8B/098KlVDl4GZqsoBCEjPyJfV6hO0y/LkRGkk7oHWKgeWAfKtfLItRp00eZ4fcJNK9kCaSMmEugoZWcI7NGbZXzqFWqbpRI7NcDP9+WIQ+i9U5vqWsqd/zng4kbuAJ6UuKqIzB0upYrLShfQE3SAck8oaLhJqqq56VfDuASNpJKidV+zq27HfSBmbXnkR/5AK337dc3MXKJypoK/QPMLKUAP5XLPbs+NddJQV7EZXd29DLgp+fRIg3edpKdO7ZErWhv7d+3Kws+e1Y+ypmR2WIVSwVyBEUfgv2C8Ts9gnTF4pNcEY/S2aBicz5Ew2+jdyGNQQ==
      test@example.com\n"}]}}, "addonProfiles": {"KubeDashboard": {"enabled": false},
      "omsagent": {"enabled": true, "config": {"logAnalyticsWorkspaceResourceID":
      "/subscriptions/00000000-0000-0000-0000-000000000000/resourcegroups/defaultresourcegroup-wus2/providers/microsoft.operationalinsights/workspaces/defaultworkspace-c1089427-83d3-4286-9f35-5af546a6eb67-wus2"}}},
      "nodeResourceGroup": "MC_clitest000001_cliakstest000002_westus2", "enableRBAC":
      true, "networkProfile": {"networkPlugin": "kubenet", "podCidr": "10.244.0.0/16",
      "serviceCidr": "10.0.0.0/16", "dnsServiceIP": "10.0.0.10", "dockerBridgeCidr":
      "172.17.0.1/16", "outboundType": "loadBalancer", "loadBalancerSku": "Standard",
      "loadBalancerProfile": {"managedOutboundIPs": {"count": 1}, "effectiveOutboundIPs":
      [{"id": "/subscriptions/00000000-0000-0000-0000-000000000000/resourceGroups/MC_clitest000001_cliakstest000002_westus2/providers/Microsoft.Network/publicIPAddresses/2cd0040f-82cb-43b5-bf76-89e6c8cbde2d"}]}},
      "identityProfile": {"kubeletidentity": {"resourceId": "/subscriptions/00000000-0000-0000-0000-000000000000/resourcegroups/MC_clitest000001_cliakstest000002_westus2/providers/Microsoft.ManagedIdentity/userAssignedIdentities/cliakstest000002-agentpool",
      "clientId": "500935c4-09ed-4e64-b09f-bfa28647ab58", "objectId": "ba0cb75f-021e-44c8-bdb4-77b6555b0d64"}}},
      "identity": {"type": "SystemAssigned"}, "sku": {"name": "Basic", "tier": "Free"}}'
    headers:
      Accept:
      - application/json
      Accept-Encoding:
      - gzip, deflate
      CommandName:
      - aks enable-addons
      Connection:
      - keep-alive
      Content-Length:
      - '2688'
      Content-Type:
      - application/json; charset=utf-8
      ParameterSetName:
      - -a -g -n
      User-Agent:
      - python/3.7.3 (Linux-4.15.0-1111-azure-x86_64-with-debian-10.2) msrest/0.6.21
        cloud-shell/1.0 msrest_azure/0.6.3 azure-mgmt-containerservice/11.2.0 Azure-SDK-For-Python
        AZURECLI/2.21.0
      accept-language:
      - en-US
    method: PUT
    uri: https://management.azure.com/subscriptions/00000000-0000-0000-0000-000000000000/resourceGroups/clitest000001/providers/Microsoft.ContainerService/managedClusters/cliakstest000002?api-version=2021-03-01
  response:
    body:
      string: "{\n  \"id\": \"/subscriptions/00000000-0000-0000-0000-000000000000/resourcegroups/clitest000001/providers/Microsoft.ContainerService/managedClusters/cliakstest000002\",\n
        \ \"location\": \"westus2\",\n  \"name\": \"cliakstest000002\",\n  \"type\":
        \"Microsoft.ContainerService/ManagedClusters\",\n  \"properties\": {\n   \"provisioningState\":
        \"Updating\",\n   \"powerState\": {\n    \"code\": \"Running\"\n   },\n   \"kubernetesVersion\":
        \"1.18.14\",\n   \"dnsPrefix\": \"cliaksdns000003\",\n   \"fqdn\": \"cliaksdns000003-92c29370.hcp.westus2.azmk8s.io\",\n
        \  \"azurePortalFQDN\": \"cliaksdns000003-92c29370.portal.hcp.westus2.azmk8s.io\",\n
        \  \"agentPoolProfiles\": [\n    {\n     \"name\": \"nodepool1\",\n     \"count\":
        1,\n     \"vmSize\": \"Standard_DS2_v2\",\n     \"osDiskSizeGB\": 128,\n     \"osDiskType\":
        \"Managed\",\n     \"kubeletDiskType\": \"OS\",\n     \"maxPods\": 110,\n
        \    \"type\": \"VirtualMachineScaleSets\",\n     \"provisioningState\": \"Updating\",\n
        \    \"powerState\": {\n      \"code\": \"Running\"\n     },\n     \"orchestratorVersion\":
        \"1.18.14\",\n     \"enableNodePublicIP\": false,\n     \"nodeLabels\": {},\n
        \    \"mode\": \"System\",\n     \"osType\": \"Linux\",\n     \"nodeImageVersion\":
        \"AKSUbuntu-1804gen2-2021.03.29\",\n     \"enableFIPS\": false\n    }\n   ],\n
        \  \"linuxProfile\": {\n    \"adminUsername\": \"azureuser\",\n    \"ssh\":
        {\n     \"publicKeys\": [\n      {\n       \"keyData\": \"ssh-rsa AAAAB3NzaC1yc2EAAAADAQABAAACAQCbIg1guRHbI0lV11wWDt1r2cUdcNd27CJsg+SfgC7miZeubtwUhbsPdhMQsfDyhOWHq1+ZL0M+nJZV63d/1dhmhtgyOqejUwrPlzKhydsbrsdUor+JmNJDdW01v7BXHyuymT8G4s09jCasNOwiufbP/qp72ruu0bIA1nySsvlf9pCQAuFkAnVnf/rFhUlOkhtRpwcq8SUNY2zRHR/EKb/4NWY1JzR4sa3q2fWIJdrrX0DvLoa5g9bIEd4Df79ba7v+yiUBOS0zT2ll+z4g9izHK3EO5d8hL4jYxcjKs+wcslSYRWrascfscLgMlMGh0CdKeNTDjHpGPncaf3Z+FwwwjWeuiNBxv7bJo13/8B/098KlVDl4GZqsoBCEjPyJfV6hO0y/LkRGkk7oHWKgeWAfKtfLItRp00eZ4fcJNK9kCaSMmEugoZWcI7NGbZXzqFWqbpRI7NcDP9+WIQ+i9U5vqWsqd/zng4kbuAJ6UuKqIzB0upYrLShfQE3SAck8oaLhJqqq56VfDuASNpJKidV+zq27HfSBmbXnkR/5AK337dc3MXKJypoK/QPMLKUAP5XLPbs+NddJQV7EZXd29DLgp+fRIg3edpKdO7ZErWhv7d+3Kws+e1Y+ypmR2WIVSwVyBEUfgv2C8Ts9gnTF4pNcEY/S2aBicz5Ew2+jdyGNQQ==
        test@example.com\\n\"\n      }\n     ]\n    }\n   },\n   \"servicePrincipalProfile\":
        {\n    \"clientId\": \"msi\"\n   },\n   \"addonProfiles\": {\n    \"KubeDashboard\":
        {\n     \"enabled\": false,\n     \"config\": null\n    },\n    \"omsagent\":
        {\n     \"enabled\": true,\n     \"config\": {\n      \"logAnalyticsWorkspaceResourceID\":
        \"/subscriptions/00000000-0000-0000-0000-000000000000/resourcegroups/defaultresourcegroup-wus2/providers/microsoft.operationalinsights/workspaces/defaultworkspace-c1089427-83d3-4286-9f35-5af546a6eb67-wus2\"\n
        \    }\n    }\n   },\n   \"nodeResourceGroup\": \"MC_clitest000001_cliakstest000002_westus2\",\n
        \  \"enableRBAC\": true,\n   \"networkProfile\": {\n    \"networkPlugin\":
        \"kubenet\",\n    \"loadBalancerSku\": \"Standard\",\n    \"loadBalancerProfile\":
        {\n     \"managedOutboundIPs\": {\n      \"count\": 1\n     },\n     \"effectiveOutboundIPs\":
        [\n      {\n       \"id\": \"/subscriptions/00000000-0000-0000-0000-000000000000/resourceGroups/MC_clitest000001_cliakstest000002_westus2/providers/Microsoft.Network/publicIPAddresses/2cd0040f-82cb-43b5-bf76-89e6c8cbde2d\"\n
        \     }\n     ]\n    },\n    \"podCidr\": \"10.244.0.0/16\",\n    \"serviceCidr\":
        \"10.0.0.0/16\",\n    \"dnsServiceIP\": \"10.0.0.10\",\n    \"dockerBridgeCidr\":
        \"172.17.0.1/16\",\n    \"outboundType\": \"loadBalancer\"\n   },\n   \"maxAgentPools\":
        10,\n   \"identityProfile\": {\n    \"kubeletidentity\": {\n     \"resourceId\":
        \"/subscriptions/00000000-0000-0000-0000-000000000000/resourcegroups/MC_clitest000001_cliakstest000002_westus2/providers/Microsoft.ManagedIdentity/userAssignedIdentities/cliakstest000002-agentpool\",\n
        \    \"clientId\": \"500935c4-09ed-4e64-b09f-bfa28647ab58\",\n     \"objectId\":
        \"ba0cb75f-021e-44c8-bdb4-77b6555b0d64\"\n    }\n   }\n  },\n  \"identity\":
        {\n   \"type\": \"SystemAssigned\",\n   \"principalId\": \"d622b83c-172b-4080-9468-5ae7d386b1cb\",\n
        \  \"tenantId\": \"72f988bf-86f1-41af-91ab-2d7cd011db47\"\n  },\n  \"sku\":
        {\n   \"name\": \"Basic\",\n   \"tier\": \"Free\"\n  }\n }"
    headers:
      azure-asyncoperation:
      - https://management.azure.com/subscriptions/00000000-0000-0000-0000-000000000000/providers/Microsoft.ContainerService/locations/westus2/operations/02154549-b86b-4d3b-96c2-1e636582b739?api-version=2016-03-30
      cache-control:
      - no-cache
      content-length:
      - '3905'
      content-type:
      - application/json
      date:
      - Wed, 07 Apr 2021 18:51:16 GMT
      expires:
      - '-1'
      pragma:
      - no-cache
      server:
      - nginx
      strict-transport-security:
      - max-age=31536000; includeSubDomains
      transfer-encoding:
      - chunked
      vary:
      - Accept-Encoding
      x-content-type-options:
      - nosniff
      x-ms-ratelimit-remaining-subscription-writes:
      - '1196'
    status:
      code: 200
      message: OK
- request:
    body: null
    headers:
      Accept:
      - application/json
      Accept-Encoding:
      - gzip, deflate
      CommandName:
      - aks enable-addons
      Connection:
      - keep-alive
      ParameterSetName:
      - -a -g -n
      User-Agent:
      - python/3.7.3 (Linux-4.15.0-1111-azure-x86_64-with-debian-10.2) msrest/0.6.21
        cloud-shell/1.0 msrest_azure/0.6.3 azure-mgmt-resource/12.0.0 Azure-SDK-For-Python
        AZURECLI/2.21.0
    method: GET
    uri: https://management.azure.com/subscriptions/00000000-0000-0000-0000-000000000000/resourcegroups/defaultresourcegroup-wus2/providers/Microsoft.Resources/deployments/mock-deployment/operationStatuses/08585837854125794043?api-version=2020-10-01
  response:
    body:
      string: '{"status":"Succeeded"}'
    headers:
      cache-control:
      - no-cache
      content-length:
      - '22'
      content-type:
      - application/json; charset=utf-8
      date:
      - Wed, 07 Apr 2021 18:51:43 GMT
      expires:
      - '-1'
      pragma:
      - no-cache
      strict-transport-security:
      - max-age=31536000; includeSubDomains
      vary:
      - Accept-Encoding
      x-content-type-options:
      - nosniff
    status:
      code: 200
      message: OK
- request:
    body: null
    headers:
      Accept:
      - application/json
      Accept-Encoding:
      - gzip, deflate
      CommandName:
      - aks enable-addons
      Connection:
      - keep-alive
      ParameterSetName:
      - -a -g -n
      User-Agent:
      - python/3.7.3 (Linux-4.15.0-1111-azure-x86_64-with-debian-10.2) msrest/0.6.21
        cloud-shell/1.0 msrest_azure/0.6.3 azure-mgmt-resource/12.0.0 Azure-SDK-For-Python
        AZURECLI/2.21.0
    method: GET
    uri: https://management.azure.com/subscriptions/00000000-0000-0000-0000-000000000000/resourcegroups/defaultresourcegroup-wus2/providers/Microsoft.Resources/deployments/mock-deployment?api-version=2020-10-01
  response:
    body:
      string: '{"id":"/subscriptions/00000000-0000-0000-0000-000000000000/resourceGroups/defaultresourcegroup-wus2/providers/Microsoft.Resources/deployments/aks-monitoring-1617821472478","name":"aks-monitoring-1617821472478","type":"Microsoft.Resources/deployments","properties":{"templateHash":"13112976782773545168","parameters":{"workspaceResourceId":{"type":"String","value":"/subscriptions/00000000-0000-0000-0000-000000000000/resourcegroups/defaultresourcegroup-wus2/providers/microsoft.operationalinsights/workspaces/defaultworkspace-c1089427-83d3-4286-9f35-5af546a6eb67-wus2"},"workspaceRegion":{"type":"String","value":"westus2"},"solutionDeploymentName":{"type":"String","value":"ContainerInsights-1617821472478"}},"mode":"Incremental","provisioningState":"Succeeded","timestamp":"2021-04-07T18:51:20.1103616Z","duration":"PT7.2121543S","correlationId":"6895d73e-11b8-4305-be0f-ee7aac689e3b","providers":[{"namespace":"Microsoft.Resources","resourceTypes":[{"resourceType":"deployments","locations":[null]}]}],"dependencies":[],"outputResources":[{"id":"/subscriptions/00000000-0000-0000-0000-000000000000/resourceGroups/defaultresourcegroup-wus2/providers/Microsoft.OperationsManagement/solutions/ContainerInsights(defaultworkspace-c1089427-83d3-4286-9f35-5af546a6eb67-wus2)"}]}}'
    headers:
      cache-control:
      - no-cache
      content-length:
      - '1275'
      content-type:
      - application/json; charset=utf-8
      date:
      - Wed, 07 Apr 2021 18:51:43 GMT
      expires:
      - '-1'
      pragma:
      - no-cache
      strict-transport-security:
      - max-age=31536000; includeSubDomains
      vary:
      - Accept-Encoding
      x-content-type-options:
      - nosniff
    status:
      code: 200
      message: OK
- request:
    body: null
    headers:
      Accept:
      - application/json
      Accept-Encoding:
      - gzip, deflate
      CommandName:
      - aks enable-addons
      Connection:
      - keep-alive
      ParameterSetName:
      - -a -g -n
      User-Agent:
      - python/3.7.3 (Linux-4.15.0-1111-azure-x86_64-with-debian-10.2) msrest/0.6.21
        cloud-shell/1.0 msrest_azure/0.6.3 azure-mgmt-containerservice/11.2.0 Azure-SDK-For-Python
        AZURECLI/2.21.0
    method: GET
    uri: https://management.azure.com/subscriptions/00000000-0000-0000-0000-000000000000/providers/Microsoft.ContainerService/locations/westus2/operations/02154549-b86b-4d3b-96c2-1e636582b739?api-version=2016-03-30
  response:
    body:
      string: "{\n  \"name\": \"49451502-6bb8-3b4d-96c2-1e636582b739\",\n  \"status\":
        \"InProgress\",\n  \"startTime\": \"2021-04-07T18:51:16.2933333Z\"\n }"
    headers:
      cache-control:
      - no-cache
      content-length:
      - '126'
      content-type:
      - application/json
      date:
      - Wed, 07 Apr 2021 18:51:46 GMT
      expires:
      - '-1'
      pragma:
      - no-cache
      server:
      - nginx
      strict-transport-security:
      - max-age=31536000; includeSubDomains
      transfer-encoding:
      - chunked
      vary:
      - Accept-Encoding
      x-content-type-options:
      - nosniff
    status:
      code: 200
      message: OK
- request:
    body: null
    headers:
      Accept:
      - application/json
      Accept-Encoding:
      - gzip, deflate
      CommandName:
      - aks enable-addons
      Connection:
      - keep-alive
      ParameterSetName:
      - -a -g -n
      User-Agent:
      - python/3.7.3 (Linux-4.15.0-1111-azure-x86_64-with-debian-10.2) msrest/0.6.21
        cloud-shell/1.0 msrest_azure/0.6.3 azure-mgmt-containerservice/11.2.0 Azure-SDK-For-Python
        AZURECLI/2.21.0
    method: GET
    uri: https://management.azure.com/subscriptions/00000000-0000-0000-0000-000000000000/providers/Microsoft.ContainerService/locations/westus2/operations/02154549-b86b-4d3b-96c2-1e636582b739?api-version=2016-03-30
  response:
    body:
      string: "{\n  \"name\": \"49451502-6bb8-3b4d-96c2-1e636582b739\",\n  \"status\":
        \"InProgress\",\n  \"startTime\": \"2021-04-07T18:51:16.2933333Z\"\n }"
    headers:
      cache-control:
      - no-cache
      content-length:
      - '126'
      content-type:
      - application/json
      date:
      - Wed, 07 Apr 2021 18:52:17 GMT
      expires:
      - '-1'
      pragma:
      - no-cache
      server:
      - nginx
      strict-transport-security:
      - max-age=31536000; includeSubDomains
      transfer-encoding:
      - chunked
      vary:
      - Accept-Encoding
      x-content-type-options:
      - nosniff
    status:
      code: 200
      message: OK
- request:
    body: null
    headers:
      Accept:
      - application/json
      Accept-Encoding:
      - gzip, deflate
      CommandName:
      - aks enable-addons
      Connection:
      - keep-alive
      ParameterSetName:
      - -a -g -n
      User-Agent:
      - python/3.7.3 (Linux-4.15.0-1111-azure-x86_64-with-debian-10.2) msrest/0.6.21
        cloud-shell/1.0 msrest_azure/0.6.3 azure-mgmt-containerservice/11.2.0 Azure-SDK-For-Python
        AZURECLI/2.21.0
    method: GET
    uri: https://management.azure.com/subscriptions/00000000-0000-0000-0000-000000000000/providers/Microsoft.ContainerService/locations/westus2/operations/02154549-b86b-4d3b-96c2-1e636582b739?api-version=2016-03-30
  response:
    body:
      string: "{\n  \"name\": \"49451502-6bb8-3b4d-96c2-1e636582b739\",\n  \"status\":
        \"InProgress\",\n  \"startTime\": \"2021-04-07T18:51:16.2933333Z\"\n }"
    headers:
      cache-control:
      - no-cache
      content-length:
      - '126'
      content-type:
      - application/json
      date:
      - Wed, 07 Apr 2021 18:52:47 GMT
      expires:
      - '-1'
      pragma:
      - no-cache
      server:
      - nginx
      strict-transport-security:
      - max-age=31536000; includeSubDomains
      transfer-encoding:
      - chunked
      vary:
      - Accept-Encoding
      x-content-type-options:
      - nosniff
    status:
      code: 200
      message: OK
- request:
    body: null
    headers:
      Accept:
      - application/json
      Accept-Encoding:
      - gzip, deflate
      CommandName:
      - aks enable-addons
      Connection:
      - keep-alive
      ParameterSetName:
      - -a -g -n
      User-Agent:
      - python/3.7.3 (Linux-4.15.0-1111-azure-x86_64-with-debian-10.2) msrest/0.6.21
        cloud-shell/1.0 msrest_azure/0.6.3 azure-mgmt-containerservice/11.2.0 Azure-SDK-For-Python
        AZURECLI/2.21.0
    method: GET
    uri: https://management.azure.com/subscriptions/00000000-0000-0000-0000-000000000000/providers/Microsoft.ContainerService/locations/westus2/operations/02154549-b86b-4d3b-96c2-1e636582b739?api-version=2016-03-30
  response:
    body:
      string: "{\n  \"name\": \"49451502-6bb8-3b4d-96c2-1e636582b739\",\n  \"status\":
        \"Succeeded\",\n  \"startTime\": \"2021-04-07T18:51:16.2933333Z\",\n  \"endTime\":
        \"2021-04-07T18:52:48.6837168Z\"\n }"
    headers:
      cache-control:
      - no-cache
      content-length:
      - '170'
      content-type:
      - application/json
      date:
      - Wed, 07 Apr 2021 18:53:17 GMT
      expires:
      - '-1'
      pragma:
      - no-cache
      server:
      - nginx
      strict-transport-security:
      - max-age=31536000; includeSubDomains
      transfer-encoding:
      - chunked
      vary:
      - Accept-Encoding
      x-content-type-options:
      - nosniff
    status:
      code: 200
      message: OK
- request:
    body: null
    headers:
      Accept:
      - application/json
      Accept-Encoding:
      - gzip, deflate
      CommandName:
      - aks enable-addons
      Connection:
      - keep-alive
      ParameterSetName:
      - -a -g -n
      User-Agent:
      - python/3.7.3 (Linux-4.15.0-1111-azure-x86_64-with-debian-10.2) msrest/0.6.21
        cloud-shell/1.0 msrest_azure/0.6.3 azure-mgmt-containerservice/11.2.0 Azure-SDK-For-Python
        AZURECLI/2.21.0
    method: GET
    uri: https://management.azure.com/subscriptions/00000000-0000-0000-0000-000000000000/resourceGroups/clitest000001/providers/Microsoft.ContainerService/managedClusters/cliakstest000002?api-version=2021-03-01
  response:
    body:
      string: "{\n  \"id\": \"/subscriptions/00000000-0000-0000-0000-000000000000/resourcegroups/clitest000001/providers/Microsoft.ContainerService/managedClusters/cliakstest000002\",\n
        \ \"location\": \"westus2\",\n  \"name\": \"cliakstest000002\",\n  \"type\":
        \"Microsoft.ContainerService/ManagedClusters\",\n  \"properties\": {\n   \"provisioningState\":
        \"Succeeded\",\n   \"powerState\": {\n    \"code\": \"Running\"\n   },\n   \"kubernetesVersion\":
        \"1.18.14\",\n   \"dnsPrefix\": \"cliaksdns000003\",\n   \"fqdn\": \"cliaksdns000003-92c29370.hcp.westus2.azmk8s.io\",\n
        \  \"azurePortalFQDN\": \"cliaksdns000003-92c29370.portal.hcp.westus2.azmk8s.io\",\n
        \  \"agentPoolProfiles\": [\n    {\n     \"name\": \"nodepool1\",\n     \"count\":
        1,\n     \"vmSize\": \"Standard_DS2_v2\",\n     \"osDiskSizeGB\": 128,\n     \"osDiskType\":
        \"Managed\",\n     \"kubeletDiskType\": \"OS\",\n     \"maxPods\": 110,\n
        \    \"type\": \"VirtualMachineScaleSets\",\n     \"provisioningState\": \"Succeeded\",\n
        \    \"powerState\": {\n      \"code\": \"Running\"\n     },\n     \"orchestratorVersion\":
        \"1.18.14\",\n     \"enableNodePublicIP\": false,\n     \"nodeLabels\": {},\n
        \    \"mode\": \"System\",\n     \"osType\": \"Linux\",\n     \"nodeImageVersion\":
        \"AKSUbuntu-1804gen2-2021.03.29\",\n     \"enableFIPS\": false\n    }\n   ],\n
        \  \"linuxProfile\": {\n    \"adminUsername\": \"azureuser\",\n    \"ssh\":
        {\n     \"publicKeys\": [\n      {\n       \"keyData\": \"ssh-rsa AAAAB3NzaC1yc2EAAAADAQABAAACAQCbIg1guRHbI0lV11wWDt1r2cUdcNd27CJsg+SfgC7miZeubtwUhbsPdhMQsfDyhOWHq1+ZL0M+nJZV63d/1dhmhtgyOqejUwrPlzKhydsbrsdUor+JmNJDdW01v7BXHyuymT8G4s09jCasNOwiufbP/qp72ruu0bIA1nySsvlf9pCQAuFkAnVnf/rFhUlOkhtRpwcq8SUNY2zRHR/EKb/4NWY1JzR4sa3q2fWIJdrrX0DvLoa5g9bIEd4Df79ba7v+yiUBOS0zT2ll+z4g9izHK3EO5d8hL4jYxcjKs+wcslSYRWrascfscLgMlMGh0CdKeNTDjHpGPncaf3Z+FwwwjWeuiNBxv7bJo13/8B/098KlVDl4GZqsoBCEjPyJfV6hO0y/LkRGkk7oHWKgeWAfKtfLItRp00eZ4fcJNK9kCaSMmEugoZWcI7NGbZXzqFWqbpRI7NcDP9+WIQ+i9U5vqWsqd/zng4kbuAJ6UuKqIzB0upYrLShfQE3SAck8oaLhJqqq56VfDuASNpJKidV+zq27HfSBmbXnkR/5AK337dc3MXKJypoK/QPMLKUAP5XLPbs+NddJQV7EZXd29DLgp+fRIg3edpKdO7ZErWhv7d+3Kws+e1Y+ypmR2WIVSwVyBEUfgv2C8Ts9gnTF4pNcEY/S2aBicz5Ew2+jdyGNQQ==
        test@example.com\\n\"\n      }\n     ]\n    }\n   },\n   \"servicePrincipalProfile\":
        {\n    \"clientId\": \"msi\"\n   },\n   \"addonProfiles\": {\n    \"KubeDashboard\":
        {\n     \"enabled\": false,\n     \"config\": null\n    },\n    \"omsagent\":
        {\n     \"enabled\": true,\n     \"config\": {\n      \"logAnalyticsWorkspaceResourceID\":
        \"/subscriptions/00000000-0000-0000-0000-000000000000/resourcegroups/defaultresourcegroup-wus2/providers/microsoft.operationalinsights/workspaces/defaultworkspace-c1089427-83d3-4286-9f35-5af546a6eb67-wus2\"\n
        \    },\n     \"identity\": {\n      \"resourceId\": \"/subscriptions/00000000-0000-0000-0000-000000000000/resourcegroups/MC_clitest000001_cliakstest000002_westus2/providers/Microsoft.ManagedIdentity/userAssignedIdentities/omsagent-cliakstest000002\",\n
        \     \"clientId\": \"c30194fa-6193-42df-99fe-a2574cc34c07\",\n      \"objectId\":
        \"e6737de2-cb9d-422e-8250-857bc07200d9\"\n     }\n    }\n   },\n   \"nodeResourceGroup\":
        \"MC_clitest000001_cliakstest000002_westus2\",\n   \"enableRBAC\": true,\n
        \  \"networkProfile\": {\n    \"networkPlugin\": \"kubenet\",\n    \"loadBalancerSku\":
        \"Standard\",\n    \"loadBalancerProfile\": {\n     \"managedOutboundIPs\":
        {\n      \"count\": 1\n     },\n     \"effectiveOutboundIPs\": [\n      {\n
        \      \"id\": \"/subscriptions/00000000-0000-0000-0000-000000000000/resourceGroups/MC_clitest000001_cliakstest000002_westus2/providers/Microsoft.Network/publicIPAddresses/2cd0040f-82cb-43b5-bf76-89e6c8cbde2d\"\n
        \     }\n     ]\n    },\n    \"podCidr\": \"10.244.0.0/16\",\n    \"serviceCidr\":
        \"10.0.0.0/16\",\n    \"dnsServiceIP\": \"10.0.0.10\",\n    \"dockerBridgeCidr\":
        \"172.17.0.1/16\",\n    \"outboundType\": \"loadBalancer\"\n   },\n   \"maxAgentPools\":
        10,\n   \"identityProfile\": {\n    \"kubeletidentity\": {\n     \"resourceId\":
        \"/subscriptions/00000000-0000-0000-0000-000000000000/resourcegroups/MC_clitest000001_cliakstest000002_westus2/providers/Microsoft.ManagedIdentity/userAssignedIdentities/cliakstest000002-agentpool\",\n
        \    \"clientId\": \"500935c4-09ed-4e64-b09f-bfa28647ab58\",\n     \"objectId\":
        \"ba0cb75f-021e-44c8-bdb4-77b6555b0d64\"\n    }\n   }\n  },\n  \"identity\":
        {\n   \"type\": \"SystemAssigned\",\n   \"principalId\": \"d622b83c-172b-4080-9468-5ae7d386b1cb\",\n
        \  \"tenantId\": \"72f988bf-86f1-41af-91ab-2d7cd011db47\"\n  },\n  \"sku\":
        {\n   \"name\": \"Basic\",\n   \"tier\": \"Free\"\n  }\n }"
    headers:
      cache-control:
      - no-cache
      content-length:
      - '4270'
      content-type:
      - application/json
      date:
      - Wed, 07 Apr 2021 18:53:17 GMT
      expires:
      - '-1'
      pragma:
      - no-cache
      server:
      - nginx
      strict-transport-security:
      - max-age=31536000; includeSubDomains
      transfer-encoding:
      - chunked
      vary:
      - Accept-Encoding
      x-content-type-options:
      - nosniff
    status:
      code: 200
      message: OK
- request:
    body: null
    headers:
      Accept:
      - application/json
      Accept-Encoding:
      - gzip, deflate
      CommandName:
      - aks enable-addons
      Connection:
      - keep-alive
      ParameterSetName:
      - -a -g -n
      User-Agent:
      - python/3.7.3 (Linux-4.15.0-1111-azure-x86_64-with-debian-10.2) msrest/0.6.21
        cloud-shell/1.0 msrest_azure/0.6.3 azure-mgmt-authorization/0.61.0 Azure-SDK-For-Python
        AZURECLI/2.21.0
      accept-language:
      - en-US
    method: GET
    uri: https://management.azure.com/subscriptions/00000000-0000-0000-0000-000000000000/resourceGroups/clitest000001/providers/Microsoft.ContainerService/managedClusters/cliakstest000002/providers/Microsoft.Authorization/roleDefinitions?$filter=roleName%20eq%20%27Monitoring%20Metrics%20Publisher%27&api-version=2018-01-01-preview
  response:
    body:
      string: '{"value":[{"properties":{"roleName":"Monitoring Metrics Publisher","type":"BuiltInRole","description":"Enables
        publishing metrics against Azure resources","assignableScopes":["/"],"permissions":[{"actions":["Microsoft.Insights/Register/Action","Microsoft.Support/*","Microsoft.Resources/subscriptions/resourceGroups/read"],"notActions":[],"dataActions":["Microsoft.Insights/Metrics/Write"],"notDataActions":[]}],"createdOn":"2018-08-14T00:36:16.5610279Z","updatedOn":"2018-08-14T00:37:18.1465065Z","createdBy":null,"updatedBy":null},"id":"/subscriptions/00000000-0000-0000-0000-000000000000/providers/Microsoft.Authorization/roleDefinitions/3913510d-42f4-4e42-8a64-420c390055eb","type":"Microsoft.Authorization/roleDefinitions","name":"3913510d-42f4-4e42-8a64-420c390055eb"}]}'
    headers:
      cache-control:
      - no-cache
      content-length:
      - '776'
      content-type:
      - application/json; charset=utf-8
      date:
      - Wed, 07 Apr 2021 18:53:17 GMT
      expires:
      - '-1'
      pragma:
      - no-cache
      set-cookie:
      - x-ms-gateway-slice=Production; path=/; secure; samesite=none; httponly
      strict-transport-security:
      - max-age=31536000; includeSubDomains
      transfer-encoding:
      - chunked
      vary:
      - Accept-Encoding
      x-content-type-options:
      - nosniff
    status:
      code: 200
      message: OK
- request:
    body: '{"properties": {"roleDefinitionId": "/subscriptions/00000000-0000-0000-0000-000000000000/providers/Microsoft.Authorization/roleDefinitions/3913510d-42f4-4e42-8a64-420c390055eb",
      "principalId": "e6737de2-cb9d-422e-8250-857bc07200d9"}}'
    headers:
      Accept:
      - application/json
      Accept-Encoding:
      - gzip, deflate
      CommandName:
      - aks enable-addons
      Connection:
      - keep-alive
      Content-Length:
      - '233'
      Content-Type:
      - application/json; charset=utf-8
      Cookie:
      - x-ms-gateway-slice=Production
      ParameterSetName:
      - -a -g -n
      User-Agent:
      - python/3.7.3 (Linux-4.15.0-1111-azure-x86_64-with-debian-10.2) msrest/0.6.21
        cloud-shell/1.0 msrest_azure/0.6.3 azure-mgmt-authorization/0.61.0 Azure-SDK-For-Python
        AZURECLI/2.21.0
      accept-language:
      - en-US
    method: PUT
    uri: https://management.azure.com/subscriptions/00000000-0000-0000-0000-000000000000/resourceGroups/clitest000001/providers/Microsoft.ContainerService/managedClusters/cliakstest000002/providers/Microsoft.Authorization/roleAssignments/a58e674f-0752-4745-9ed0-d29f2f060841?api-version=2020-04-01-preview
  response:
    body:
      string: '{"properties":{"roleDefinitionId":"/subscriptions/00000000-0000-0000-0000-000000000000/providers/Microsoft.Authorization/roleDefinitions/3913510d-42f4-4e42-8a64-420c390055eb","principalId":"e6737de2-cb9d-422e-8250-857bc07200d9","principalType":"ServicePrincipal","scope":"/subscriptions/00000000-0000-0000-0000-000000000000/resourceGroups/clitest000001/providers/Microsoft.ContainerService/managedClusters/cliakstest000002","condition":null,"conditionVersion":null,"createdOn":"2021-04-07T18:53:18.5565318Z","updatedOn":"2021-04-07T18:53:18.8564878Z","createdBy":null,"updatedBy":"1ec25b73-94d5-4bf9-a56f-ca7d9bd4164c","delegatedManagedIdentityResourceId":null,"description":null},"id":"/subscriptions/00000000-0000-0000-0000-000000000000/resourceGroups/clitest000001/providers/Microsoft.ContainerService/managedClusters/cliakstest000002/providers/Microsoft.Authorization/roleAssignments/a58e674f-0752-4745-9ed0-d29f2f060841","type":"Microsoft.Authorization/roleAssignments","name":"a58e674f-0752-4745-9ed0-d29f2f060841"}'
    headers:
      cache-control:
      - no-cache
      content-length:
      - '1029'
      content-type:
      - application/json; charset=utf-8
      date:
      - Wed, 07 Apr 2021 18:53:19 GMT
      expires:
      - '-1'
      pragma:
      - no-cache
      set-cookie:
      - x-ms-gateway-slice=Production; path=/; secure; samesite=none; httponly
      strict-transport-security:
      - max-age=31536000; includeSubDomains
      x-content-type-options:
      - nosniff
      x-ms-ratelimit-remaining-subscription-writes:
      - '1196'
    status:
      code: 201
      message: Created
- request:
    body: null
    headers:
      Accept:
      - application/json
      Accept-Encoding:
      - gzip, deflate
      CommandName:
      - aks show
      Connection:
      - keep-alive
      ParameterSetName:
      - -g -n
      User-Agent:
      - python/3.7.3 (Linux-4.15.0-1111-azure-x86_64-with-debian-10.2) msrest/0.6.21
        cloud-shell/1.0 msrest_azure/0.6.3 azure-mgmt-containerservice/11.2.0 Azure-SDK-For-Python
        AZURECLI/2.21.0
      accept-language:
      - en-US
    method: GET
    uri: https://management.azure.com/subscriptions/00000000-0000-0000-0000-000000000000/resourceGroups/clitest000001/providers/Microsoft.ContainerService/managedClusters/cliakstest000002?api-version=2021-03-01
  response:
    body:
      string: "{\n  \"id\": \"/subscriptions/00000000-0000-0000-0000-000000000000/resourcegroups/clitest000001/providers/Microsoft.ContainerService/managedClusters/cliakstest000002\",\n
        \ \"location\": \"westus2\",\n  \"name\": \"cliakstest000002\",\n  \"type\":
        \"Microsoft.ContainerService/ManagedClusters\",\n  \"properties\": {\n   \"provisioningState\":
        \"Succeeded\",\n   \"powerState\": {\n    \"code\": \"Running\"\n   },\n   \"kubernetesVersion\":
        \"1.18.14\",\n   \"dnsPrefix\": \"cliaksdns000003\",\n   \"fqdn\": \"cliaksdns000003-92c29370.hcp.westus2.azmk8s.io\",\n
        \  \"azurePortalFQDN\": \"cliaksdns000003-92c29370.portal.hcp.westus2.azmk8s.io\",\n
        \  \"agentPoolProfiles\": [\n    {\n     \"name\": \"nodepool1\",\n     \"count\":
        1,\n     \"vmSize\": \"Standard_DS2_v2\",\n     \"osDiskSizeGB\": 128,\n     \"osDiskType\":
        \"Managed\",\n     \"kubeletDiskType\": \"OS\",\n     \"maxPods\": 110,\n
        \    \"type\": \"VirtualMachineScaleSets\",\n     \"provisioningState\": \"Succeeded\",\n
        \    \"powerState\": {\n      \"code\": \"Running\"\n     },\n     \"orchestratorVersion\":
        \"1.18.14\",\n     \"enableNodePublicIP\": false,\n     \"nodeLabels\": {},\n
        \    \"mode\": \"System\",\n     \"osType\": \"Linux\",\n     \"nodeImageVersion\":
        \"AKSUbuntu-1804gen2-2021.03.29\",\n     \"enableFIPS\": false\n    }\n   ],\n
        \  \"linuxProfile\": {\n    \"adminUsername\": \"azureuser\",\n    \"ssh\":
        {\n     \"publicKeys\": [\n      {\n       \"keyData\": \"ssh-rsa AAAAB3NzaC1yc2EAAAADAQABAAACAQCbIg1guRHbI0lV11wWDt1r2cUdcNd27CJsg+SfgC7miZeubtwUhbsPdhMQsfDyhOWHq1+ZL0M+nJZV63d/1dhmhtgyOqejUwrPlzKhydsbrsdUor+JmNJDdW01v7BXHyuymT8G4s09jCasNOwiufbP/qp72ruu0bIA1nySsvlf9pCQAuFkAnVnf/rFhUlOkhtRpwcq8SUNY2zRHR/EKb/4NWY1JzR4sa3q2fWIJdrrX0DvLoa5g9bIEd4Df79ba7v+yiUBOS0zT2ll+z4g9izHK3EO5d8hL4jYxcjKs+wcslSYRWrascfscLgMlMGh0CdKeNTDjHpGPncaf3Z+FwwwjWeuiNBxv7bJo13/8B/098KlVDl4GZqsoBCEjPyJfV6hO0y/LkRGkk7oHWKgeWAfKtfLItRp00eZ4fcJNK9kCaSMmEugoZWcI7NGbZXzqFWqbpRI7NcDP9+WIQ+i9U5vqWsqd/zng4kbuAJ6UuKqIzB0upYrLShfQE3SAck8oaLhJqqq56VfDuASNpJKidV+zq27HfSBmbXnkR/5AK337dc3MXKJypoK/QPMLKUAP5XLPbs+NddJQV7EZXd29DLgp+fRIg3edpKdO7ZErWhv7d+3Kws+e1Y+ypmR2WIVSwVyBEUfgv2C8Ts9gnTF4pNcEY/S2aBicz5Ew2+jdyGNQQ==
        test@example.com\\n\"\n      }\n     ]\n    }\n   },\n   \"servicePrincipalProfile\":
        {\n    \"clientId\": \"msi\"\n   },\n   \"addonProfiles\": {\n    \"KubeDashboard\":
        {\n     \"enabled\": false,\n     \"config\": null\n    },\n    \"omsagent\":
        {\n     \"enabled\": true,\n     \"config\": {\n      \"logAnalyticsWorkspaceResourceID\":
        \"/subscriptions/00000000-0000-0000-0000-000000000000/resourcegroups/defaultresourcegroup-wus2/providers/microsoft.operationalinsights/workspaces/defaultworkspace-c1089427-83d3-4286-9f35-5af546a6eb67-wus2\"\n
        \    },\n     \"identity\": {\n      \"resourceId\": \"/subscriptions/00000000-0000-0000-0000-000000000000/resourcegroups/MC_clitest000001_cliakstest000002_westus2/providers/Microsoft.ManagedIdentity/userAssignedIdentities/omsagent-cliakstest000002\",\n
        \     \"clientId\": \"c30194fa-6193-42df-99fe-a2574cc34c07\",\n      \"objectId\":
        \"e6737de2-cb9d-422e-8250-857bc07200d9\"\n     }\n    }\n   },\n   \"nodeResourceGroup\":
        \"MC_clitest000001_cliakstest000002_westus2\",\n   \"enableRBAC\": true,\n
        \  \"networkProfile\": {\n    \"networkPlugin\": \"kubenet\",\n    \"loadBalancerSku\":
        \"Standard\",\n    \"loadBalancerProfile\": {\n     \"managedOutboundIPs\":
        {\n      \"count\": 1\n     },\n     \"effectiveOutboundIPs\": [\n      {\n
        \      \"id\": \"/subscriptions/00000000-0000-0000-0000-000000000000/resourceGroups/MC_clitest000001_cliakstest000002_westus2/providers/Microsoft.Network/publicIPAddresses/2cd0040f-82cb-43b5-bf76-89e6c8cbde2d\"\n
        \     }\n     ]\n    },\n    \"podCidr\": \"10.244.0.0/16\",\n    \"serviceCidr\":
        \"10.0.0.0/16\",\n    \"dnsServiceIP\": \"10.0.0.10\",\n    \"dockerBridgeCidr\":
        \"172.17.0.1/16\",\n    \"outboundType\": \"loadBalancer\"\n   },\n   \"maxAgentPools\":
        10,\n   \"identityProfile\": {\n    \"kubeletidentity\": {\n     \"resourceId\":
        \"/subscriptions/00000000-0000-0000-0000-000000000000/resourcegroups/MC_clitest000001_cliakstest000002_westus2/providers/Microsoft.ManagedIdentity/userAssignedIdentities/cliakstest000002-agentpool\",\n
        \    \"clientId\": \"500935c4-09ed-4e64-b09f-bfa28647ab58\",\n     \"objectId\":
        \"ba0cb75f-021e-44c8-bdb4-77b6555b0d64\"\n    }\n   }\n  },\n  \"identity\":
        {\n   \"type\": \"SystemAssigned\",\n   \"principalId\": \"d622b83c-172b-4080-9468-5ae7d386b1cb\",\n
        \  \"tenantId\": \"72f988bf-86f1-41af-91ab-2d7cd011db47\"\n  },\n  \"sku\":
        {\n   \"name\": \"Basic\",\n   \"tier\": \"Free\"\n  }\n }"
    headers:
      cache-control:
      - no-cache
      content-length:
      - '4270'
      content-type:
      - application/json
      date:
      - Wed, 07 Apr 2021 18:53:20 GMT
      expires:
      - '-1'
      pragma:
      - no-cache
      server:
      - nginx
      strict-transport-security:
      - max-age=31536000; includeSubDomains
      transfer-encoding:
      - chunked
      vary:
      - Accept-Encoding
      x-content-type-options:
      - nosniff
    status:
      code: 200
      message: OK
- request:
    body: null
    headers:
      Accept:
      - application/json
      Accept-Encoding:
      - gzip, deflate
      CommandName:
      - aks delete
      Connection:
      - keep-alive
      Content-Length:
      - '0'
      ParameterSetName:
      - -g -n --yes --no-wait
      User-Agent:
      - python/3.7.3 (Linux-4.15.0-1111-azure-x86_64-with-debian-10.2) msrest/0.6.21
        cloud-shell/1.0 msrest_azure/0.6.3 azure-mgmt-containerservice/11.2.0 Azure-SDK-For-Python
        AZURECLI/2.21.0
      accept-language:
      - en-US
    method: DELETE
    uri: https://management.azure.com/subscriptions/00000000-0000-0000-0000-000000000000/resourceGroups/clitest000001/providers/Microsoft.ContainerService/managedClusters/cliakstest000002?api-version=2021-03-01
  response:
    body:
      string: ''
    headers:
      azure-asyncoperation:
      - https://management.azure.com/subscriptions/00000000-0000-0000-0000-000000000000/providers/Microsoft.ContainerService/locations/westus2/operations/8cb43a83-5a6d-45f5-98c1-a9765fad9b79?api-version=2016-03-30
      cache-control:
      - no-cache
      content-length:
      - '0'
      date:
      - Wed, 07 Apr 2021 18:53:20 GMT
      expires:
      - '-1'
      location:
      - https://management.azure.com/subscriptions/00000000-0000-0000-0000-000000000000/providers/Microsoft.ContainerService/locations/westus2/operationresults/8cb43a83-5a6d-45f5-98c1-a9765fad9b79?api-version=2016-03-30
      pragma:
      - no-cache
      server:
      - nginx
      strict-transport-security:
      - max-age=31536000; includeSubDomains
      x-content-type-options:
      - nosniff
      x-ms-ratelimit-remaining-subscription-deletes:
      - '14999'
    status:
      code: 202
      message: Accepted
version: 1
