interactions:
- request:
    body: null
    headers:
      Accept:
      - application/json
      Accept-Encoding:
      - gzip, deflate
      CommandName:
      - aks create
      Connection:
      - keep-alive
      ParameterSetName:
      - --resource-group --name --ssh-key-value --pod-cidr --service-cidr --docker-bridge-address
        --dns-service-ip --network-plugin --network-policy
      User-Agent:
      - AZURECLI/2.33.1 azsdk-python-azure-mgmt-resource/20.0.0 Python/3.8.10 (Linux-5.11.0-1028-azure-x86_64-with-glibc2.29)
    method: GET
    uri: https://management.azure.com/subscriptions/00000000-0000-0000-0000-000000000000/resourcegroups/clitest000001?api-version=2021-04-01
  response:
    body:
      string: '{"id":"/subscriptions/00000000-0000-0000-0000-000000000000/resourceGroups/clitest000001","name":"clitest000001","type":"Microsoft.Resources/resourceGroups","location":"westus2","tags":{"product":"azurecli","cause":"automation","date":"2022-02-21T08:18:14Z"},"properties":{"provisioningState":"Succeeded"}}'
    headers:
      cache-control:
      - no-cache
      content-length:
      - '305'
      content-type:
      - application/json; charset=utf-8
      date:
      - Mon, 21 Feb 2022 08:18:14 GMT
      expires:
      - '-1'
      pragma:
      - no-cache
      strict-transport-security:
      - max-age=31536000; includeSubDomains
      vary:
      - Accept-Encoding
      x-content-type-options:
      - nosniff
    status:
      code: 200
      message: OK
- request:
    body: '{"location": "westus2", "identity": {"type": "SystemAssigned"}, "properties":
      {"kubernetesVersion": "", "dnsPrefix": "cliakstest-clitest6psqkqss4-79a739",
      "agentPoolProfiles": [{"count": 3, "vmSize": "Standard_DS2_v2", "osType": "Linux",
      "enableAutoScaling": false, "type": "VirtualMachineScaleSets", "mode": "System",
      "enableNodePublicIP": false, "scaleSetPriority": "Regular", "scaleSetEvictionPolicy":
      "Delete", "spotMaxPrice": -1.0, "enableEncryptionAtHost": false, "enableUltraSSD":
      false, "enableFIPS": false, "name": "nodepool1"}], "linuxProfile": {"adminUsername":
      "azureuser", "ssh": {"publicKeys": [{"keyData": "ssh-rsa AAAAB3NzaC1yc2EAAAADAQABAAABAQCkTqGRK3zmJN9ar1LkFXK3AX608uwaOVre4fFs7sYelK/wjQb9JbtBEFYeps4rk0OufUrQaH4lD5rjflE1plT0slh9PiYtmZxPLYF8Y2ZaCLXvsae6CLfYlQdssE+N+3VANXJfaCmfAUUwlBWio5VEFEKiv6uD2I9pDlldyVnXZX8DbVFiuyK3R4ALQ7OTKyIblql8ir6uPGwzK5meKs9I/ZrUPtNbrKUsyhl0khLPr+VfumUGDtgwTMhnRz1JbYpiegQdMpkB65cIXZGPsC7Nyfv78AKuDklcOfoKwmkZ1+YubPS53qOQm6baTICuN0YgYHl7MZFqrFhmpFysqoKT
      azcli_aks_live_test@example.com\n"}]}}, "addonProfiles": {}, "enableRBAC": true,
      "networkProfile": {"networkPlugin": "kubenet", "networkPolicy": "calico", "podCidr":
      "10.244.0.0/16", "serviceCidr": "10.0.0.0/16", "dnsServiceIP": "10.0.2.10",
      "dockerBridgeCidr": "172.17.0.1/16", "outboundType": "loadBalancer", "loadBalancerSku":
      "standard"}, "disableLocalAccounts": false}}'
    headers:
      Accept:
      - application/json
      Accept-Encoding:
      - gzip, deflate
      CommandName:
      - aks create
      Connection:
      - keep-alive
      Content-Length:
      - '1377'
      Content-Type:
      - application/json
      ParameterSetName:
      - --resource-group --name --ssh-key-value --pod-cidr --service-cidr --docker-bridge-address
        --dns-service-ip --network-plugin --network-policy
      User-Agent:
      - AZURECLI/2.33.1 azsdk-python-azure-mgmt-containerservice/17.0.0 Python/3.8.10
        (Linux-5.11.0-1028-azure-x86_64-with-glibc2.29)
    method: PUT
    uri: https://management.azure.com/subscriptions/00000000-0000-0000-0000-000000000000/resourceGroups/clitest000001/providers/Microsoft.ContainerService/managedClusters/cliakstest000002?api-version=2022-01-01
  response:
    body:
      string: "{\n  \"id\": \"/subscriptions/00000000-0000-0000-0000-000000000000/resourcegroups/clitest000001/providers/Microsoft.ContainerService/managedClusters/cliakstest000002\",\n
        \ \"location\": \"westus2\",\n  \"name\": \"cliakstest000002\",\n  \"type\":
        \"Microsoft.ContainerService/ManagedClusters\",\n  \"properties\": {\n   \"provisioningState\":
        \"Creating\",\n   \"powerState\": {\n    \"code\": \"Running\"\n   },\n   \"kubernetesVersion\":
        \"1.21.9\",\n   \"dnsPrefix\": \"cliakstest-clitest6psqkqss4-79a739\",\n   \"fqdn\":
        \"cliakstest-clitest6psqkqss4-79a739-1c24388b.hcp.westus2.azmk8s.io\",\n   \"azurePortalFQDN\":
        \"cliakstest-clitest6psqkqss4-79a739-1c24388b.portal.hcp.westus2.azmk8s.io\",\n
        \  \"agentPoolProfiles\": [\n    {\n     \"name\": \"nodepool1\",\n     \"count\":
        3,\n     \"vmSize\": \"Standard_DS2_v2\",\n     \"osDiskSizeGB\": 128,\n     \"osDiskType\":
        \"Managed\",\n     \"kubeletDiskType\": \"OS\",\n     \"maxPods\": 110,\n
        \    \"type\": \"VirtualMachineScaleSets\",\n     \"enableAutoScaling\": false,\n
        \    \"provisioningState\": \"Creating\",\n     \"powerState\": {\n      \"code\":
        \"Running\"\n     },\n     \"orchestratorVersion\": \"1.21.9\",\n     \"enableNodePublicIP\":
        false,\n     \"mode\": \"System\",\n     \"enableEncryptionAtHost\": false,\n
        \    \"enableUltraSSD\": false,\n     \"osType\": \"Linux\",\n     \"osSKU\":
        \"Ubuntu\",\n     \"nodeImageVersion\": \"AKSUbuntu-1804gen2containerd-2022.02.01\",\n
        \    \"enableFIPS\": false\n    }\n   ],\n   \"linuxProfile\": {\n    \"adminUsername\":
        \"azureuser\",\n    \"ssh\": {\n     \"publicKeys\": [\n      {\n       \"keyData\":
        \"ssh-rsa AAAAB3NzaC1yc2EAAAADAQABAAABAQCkTqGRK3zmJN9ar1LkFXK3AX608uwaOVre4fFs7sYelK/wjQb9JbtBEFYeps4rk0OufUrQaH4lD5rjflE1plT0slh9PiYtmZxPLYF8Y2ZaCLXvsae6CLfYlQdssE+N+3VANXJfaCmfAUUwlBWio5VEFEKiv6uD2I9pDlldyVnXZX8DbVFiuyK3R4ALQ7OTKyIblql8ir6uPGwzK5meKs9I/ZrUPtNbrKUsyhl0khLPr+VfumUGDtgwTMhnRz1JbYpiegQdMpkB65cIXZGPsC7Nyfv78AKuDklcOfoKwmkZ1+YubPS53qOQm6baTICuN0YgYHl7MZFqrFhmpFysqoKT
        azcli_aks_live_test@example.com\\n\"\n      }\n     ]\n    }\n   },\n   \"servicePrincipalProfile\":
        {\n    \"clientId\":\"00000000-0000-0000-0000-000000000001\"\n   },\n   \"nodeResourceGroup\":
        \"MC_clitest000001_cliakstest000002_westus2\",\n   \"enableRBAC\": true,\n
        \  \"networkProfile\": {\n    \"networkPlugin\": \"kubenet\",\n    \"networkPolicy\":
        \"calico\",\n    \"loadBalancerSku\": \"standard\",\n    \"loadBalancerProfile\":
        {\n     \"managedOutboundIPs\": {\n      \"count\": 1\n     }\n    },\n    \"podCidr\":
        \"10.244.0.0/16\",\n    \"serviceCidr\": \"10.0.0.0/16\",\n    \"dnsServiceIP\":
        \"10.0.2.10\",\n    \"dockerBridgeCidr\": \"172.17.0.1/16\",\n    \"outboundType\":
        \"loadBalancer\",\n    \"podCidrs\": [\n     \"10.244.0.0/16\"\n    ],\n    \"serviceCidrs\":
        [\n     \"10.0.0.0/16\"\n    ],\n    \"ipFamilies\": [\n     \"IPv4\"\n    ]\n
        \  },\n   \"maxAgentPools\": 100,\n   \"disableLocalAccounts\": false\n  },\n
        \ \"identity\": {\n   \"type\": \"SystemAssigned\",\n   \"principalId\":\"00000000-0000-0000-0000-000000000001\",\n
        \  \"tenantId\": \"72f988bf-86f1-41af-91ab-2d7cd011db47\"\n  },\n  \"sku\":
        {\n   \"name\": \"Basic\",\n   \"tier\": \"Free\"\n  }\n }"
    headers:
      azure-asyncoperation:
      - https://management.azure.com/subscriptions/00000000-0000-0000-0000-000000000000/providers/Microsoft.ContainerService/locations/westus2/operations/ee7ec147-8c0b-4490-a5af-cabf56c0c67c?api-version=2016-03-30
      cache-control:
      - no-cache
      content-length:
      - '2884'
      content-type:
      - application/json
      date:
      - Mon, 21 Feb 2022 08:18:17 GMT
      expires:
      - '-1'
      pragma:
      - no-cache
      server:
      - nginx
      strict-transport-security:
      - max-age=31536000; includeSubDomains
      x-content-type-options:
      - nosniff
      x-ms-ratelimit-remaining-subscription-writes:
      - '1198'
    status:
      code: 201
      message: Created
- request:
    body: null
    headers:
      Accept:
      - '*/*'
      Accept-Encoding:
      - gzip, deflate
      CommandName:
      - aks create
      Connection:
      - keep-alive
      ParameterSetName:
      - --resource-group --name --ssh-key-value --pod-cidr --service-cidr --docker-bridge-address
        --dns-service-ip --network-plugin --network-policy
      User-Agent:
      - AZURECLI/2.33.1 azsdk-python-azure-mgmt-containerservice/17.0.0 Python/3.8.10
        (Linux-5.11.0-1028-azure-x86_64-with-glibc2.29)
    method: GET
    uri: https://management.azure.com/subscriptions/00000000-0000-0000-0000-000000000000/providers/Microsoft.ContainerService/locations/westus2/operations/ee7ec147-8c0b-4490-a5af-cabf56c0c67c?api-version=2016-03-30
  response:
    body:
      string: "{\n  \"name\": \"47c17eee-0b8c-9044-a5af-cabf56c0c67c\",\n  \"status\":
        \"InProgress\",\n  \"startTime\": \"2022-02-21T08:18:17.8Z\"\n }"
    headers:
      cache-control:
      - no-cache
      content-length:
      - '120'
      content-type:
      - application/json
      date:
      - Mon, 21 Feb 2022 08:18:47 GMT
      expires:
      - '-1'
      pragma:
      - no-cache
      server:
      - nginx
      strict-transport-security:
      - max-age=31536000; includeSubDomains
      transfer-encoding:
      - chunked
      vary:
      - Accept-Encoding
      x-content-type-options:
      - nosniff
    status:
      code: 200
      message: OK
- request:
    body: null
    headers:
      Accept:
      - '*/*'
      Accept-Encoding:
      - gzip, deflate
      CommandName:
      - aks create
      Connection:
      - keep-alive
      ParameterSetName:
      - --resource-group --name --ssh-key-value --pod-cidr --service-cidr --docker-bridge-address
        --dns-service-ip --network-plugin --network-policy
      User-Agent:
      - AZURECLI/2.33.1 azsdk-python-azure-mgmt-containerservice/17.0.0 Python/3.8.10
        (Linux-5.11.0-1028-azure-x86_64-with-glibc2.29)
    method: GET
    uri: https://management.azure.com/subscriptions/00000000-0000-0000-0000-000000000000/providers/Microsoft.ContainerService/locations/westus2/operations/ee7ec147-8c0b-4490-a5af-cabf56c0c67c?api-version=2016-03-30
  response:
    body:
      string: "{\n  \"name\": \"47c17eee-0b8c-9044-a5af-cabf56c0c67c\",\n  \"status\":
        \"InProgress\",\n  \"startTime\": \"2022-02-21T08:18:17.8Z\"\n }"
    headers:
      cache-control:
      - no-cache
      content-length:
      - '120'
      content-type:
      - application/json
      date:
      - Mon, 21 Feb 2022 08:19:17 GMT
      expires:
      - '-1'
      pragma:
      - no-cache
      server:
      - nginx
      strict-transport-security:
      - max-age=31536000; includeSubDomains
      transfer-encoding:
      - chunked
      vary:
      - Accept-Encoding
      x-content-type-options:
      - nosniff
    status:
      code: 200
      message: OK
- request:
    body: null
    headers:
      Accept:
      - '*/*'
      Accept-Encoding:
      - gzip, deflate
      CommandName:
      - aks create
      Connection:
      - keep-alive
      ParameterSetName:
      - --resource-group --name --ssh-key-value --pod-cidr --service-cidr --docker-bridge-address
        --dns-service-ip --network-plugin --network-policy
      User-Agent:
      - AZURECLI/2.33.1 azsdk-python-azure-mgmt-containerservice/17.0.0 Python/3.8.10
        (Linux-5.11.0-1028-azure-x86_64-with-glibc2.29)
    method: GET
    uri: https://management.azure.com/subscriptions/00000000-0000-0000-0000-000000000000/providers/Microsoft.ContainerService/locations/westus2/operations/ee7ec147-8c0b-4490-a5af-cabf56c0c67c?api-version=2016-03-30
  response:
    body:
      string: "{\n  \"name\": \"47c17eee-0b8c-9044-a5af-cabf56c0c67c\",\n  \"status\":
        \"InProgress\",\n  \"startTime\": \"2022-02-21T08:18:17.8Z\"\n }"
    headers:
      cache-control:
      - no-cache
      content-length:
      - '120'
      content-type:
      - application/json
      date:
      - Mon, 21 Feb 2022 08:19:47 GMT
      expires:
      - '-1'
      pragma:
      - no-cache
      server:
      - nginx
      strict-transport-security:
      - max-age=31536000; includeSubDomains
      transfer-encoding:
      - chunked
      vary:
      - Accept-Encoding
      x-content-type-options:
      - nosniff
    status:
      code: 200
      message: OK
- request:
    body: null
    headers:
      Accept:
      - '*/*'
      Accept-Encoding:
      - gzip, deflate
      CommandName:
      - aks create
      Connection:
      - keep-alive
      ParameterSetName:
      - --resource-group --name --ssh-key-value --pod-cidr --service-cidr --docker-bridge-address
        --dns-service-ip --network-plugin --network-policy
      User-Agent:
      - AZURECLI/2.33.1 azsdk-python-azure-mgmt-containerservice/17.0.0 Python/3.8.10
        (Linux-5.11.0-1028-azure-x86_64-with-glibc2.29)
    method: GET
    uri: https://management.azure.com/subscriptions/00000000-0000-0000-0000-000000000000/providers/Microsoft.ContainerService/locations/westus2/operations/ee7ec147-8c0b-4490-a5af-cabf56c0c67c?api-version=2016-03-30
  response:
    body:
      string: "{\n  \"name\": \"47c17eee-0b8c-9044-a5af-cabf56c0c67c\",\n  \"status\":
        \"InProgress\",\n  \"startTime\": \"2022-02-21T08:18:17.8Z\"\n }"
    headers:
      cache-control:
      - no-cache
      content-length:
      - '120'
      content-type:
      - application/json
      date:
      - Mon, 21 Feb 2022 08:20:17 GMT
      expires:
      - '-1'
      pragma:
      - no-cache
      server:
      - nginx
      strict-transport-security:
      - max-age=31536000; includeSubDomains
      transfer-encoding:
      - chunked
      vary:
      - Accept-Encoding
      x-content-type-options:
      - nosniff
    status:
      code: 200
      message: OK
- request:
    body: null
    headers:
      Accept:
      - '*/*'
      Accept-Encoding:
      - gzip, deflate
      CommandName:
      - aks create
      Connection:
      - keep-alive
      ParameterSetName:
      - --resource-group --name --ssh-key-value --pod-cidr --service-cidr --docker-bridge-address
        --dns-service-ip --network-plugin --network-policy
      User-Agent:
      - AZURECLI/2.33.1 azsdk-python-azure-mgmt-containerservice/17.0.0 Python/3.8.10
        (Linux-5.11.0-1028-azure-x86_64-with-glibc2.29)
    method: GET
    uri: https://management.azure.com/subscriptions/00000000-0000-0000-0000-000000000000/providers/Microsoft.ContainerService/locations/westus2/operations/ee7ec147-8c0b-4490-a5af-cabf56c0c67c?api-version=2016-03-30
  response:
    body:
      string: "{\n  \"name\": \"47c17eee-0b8c-9044-a5af-cabf56c0c67c\",\n  \"status\":
        \"InProgress\",\n  \"startTime\": \"2022-02-21T08:18:17.8Z\"\n }"
    headers:
      cache-control:
      - no-cache
      content-length:
      - '120'
      content-type:
      - application/json
      date:
      - Mon, 21 Feb 2022 08:20:48 GMT
      expires:
      - '-1'
      pragma:
      - no-cache
      server:
      - nginx
      strict-transport-security:
      - max-age=31536000; includeSubDomains
      transfer-encoding:
      - chunked
      vary:
      - Accept-Encoding
      x-content-type-options:
      - nosniff
    status:
      code: 200
      message: OK
- request:
    body: null
    headers:
      Accept:
      - '*/*'
      Accept-Encoding:
      - gzip, deflate
      CommandName:
      - aks create
      Connection:
      - keep-alive
      ParameterSetName:
      - --resource-group --name --ssh-key-value --pod-cidr --service-cidr --docker-bridge-address
        --dns-service-ip --network-plugin --network-policy
      User-Agent:
      - AZURECLI/2.33.1 azsdk-python-azure-mgmt-containerservice/17.0.0 Python/3.8.10
        (Linux-5.11.0-1028-azure-x86_64-with-glibc2.29)
    method: GET
    uri: https://management.azure.com/subscriptions/00000000-0000-0000-0000-000000000000/providers/Microsoft.ContainerService/locations/westus2/operations/ee7ec147-8c0b-4490-a5af-cabf56c0c67c?api-version=2016-03-30
  response:
    body:
      string: "{\n  \"name\": \"47c17eee-0b8c-9044-a5af-cabf56c0c67c\",\n  \"status\":
        \"InProgress\",\n  \"startTime\": \"2022-02-21T08:18:17.8Z\"\n }"
    headers:
      cache-control:
      - no-cache
      content-length:
      - '120'
      content-type:
      - application/json
      date:
      - Mon, 21 Feb 2022 08:21:17 GMT
      expires:
      - '-1'
      pragma:
      - no-cache
      server:
      - nginx
      strict-transport-security:
      - max-age=31536000; includeSubDomains
      transfer-encoding:
      - chunked
      vary:
      - Accept-Encoding
      x-content-type-options:
      - nosniff
    status:
      code: 200
      message: OK
- request:
    body: null
    headers:
      Accept:
      - '*/*'
      Accept-Encoding:
      - gzip, deflate
      CommandName:
      - aks create
      Connection:
      - keep-alive
      ParameterSetName:
      - --resource-group --name --ssh-key-value --pod-cidr --service-cidr --docker-bridge-address
        --dns-service-ip --network-plugin --network-policy
      User-Agent:
      - AZURECLI/2.33.1 azsdk-python-azure-mgmt-containerservice/17.0.0 Python/3.8.10
        (Linux-5.11.0-1028-azure-x86_64-with-glibc2.29)
    method: GET
    uri: https://management.azure.com/subscriptions/00000000-0000-0000-0000-000000000000/providers/Microsoft.ContainerService/locations/westus2/operations/ee7ec147-8c0b-4490-a5af-cabf56c0c67c?api-version=2016-03-30
  response:
    body:
      string: "{\n  \"name\": \"47c17eee-0b8c-9044-a5af-cabf56c0c67c\",\n  \"status\":
        \"InProgress\",\n  \"startTime\": \"2022-02-21T08:18:17.8Z\"\n }"
    headers:
      cache-control:
      - no-cache
      content-length:
      - '120'
      content-type:
      - application/json
      date:
      - Mon, 21 Feb 2022 08:21:47 GMT
      expires:
      - '-1'
      pragma:
      - no-cache
      server:
      - nginx
      strict-transport-security:
      - max-age=31536000; includeSubDomains
      transfer-encoding:
      - chunked
      vary:
      - Accept-Encoding
      x-content-type-options:
      - nosniff
    status:
      code: 200
      message: OK
- request:
    body: null
    headers:
      Accept:
      - '*/*'
      Accept-Encoding:
      - gzip, deflate
      CommandName:
      - aks create
      Connection:
      - keep-alive
      ParameterSetName:
      - --resource-group --name --ssh-key-value --pod-cidr --service-cidr --docker-bridge-address
        --dns-service-ip --network-plugin --network-policy
      User-Agent:
      - AZURECLI/2.33.1 azsdk-python-azure-mgmt-containerservice/17.0.0 Python/3.8.10
        (Linux-5.11.0-1028-azure-x86_64-with-glibc2.29)
    method: GET
    uri: https://management.azure.com/subscriptions/00000000-0000-0000-0000-000000000000/providers/Microsoft.ContainerService/locations/westus2/operations/ee7ec147-8c0b-4490-a5af-cabf56c0c67c?api-version=2016-03-30
  response:
    body:
      string: "{\n  \"name\": \"47c17eee-0b8c-9044-a5af-cabf56c0c67c\",\n  \"status\":
        \"InProgress\",\n  \"startTime\": \"2022-02-21T08:18:17.8Z\"\n }"
    headers:
      cache-control:
      - no-cache
      content-length:
      - '120'
      content-type:
      - application/json
      date:
      - Mon, 21 Feb 2022 08:22:17 GMT
      expires:
      - '-1'
      pragma:
      - no-cache
      server:
      - nginx
      strict-transport-security:
      - max-age=31536000; includeSubDomains
      transfer-encoding:
      - chunked
      vary:
      - Accept-Encoding
      x-content-type-options:
      - nosniff
    status:
      code: 200
      message: OK
- request:
    body: null
    headers:
      Accept:
      - '*/*'
      Accept-Encoding:
      - gzip, deflate
      CommandName:
      - aks create
      Connection:
      - keep-alive
      ParameterSetName:
      - --resource-group --name --ssh-key-value --pod-cidr --service-cidr --docker-bridge-address
        --dns-service-ip --network-plugin --network-policy
      User-Agent:
      - AZURECLI/2.33.1 azsdk-python-azure-mgmt-containerservice/17.0.0 Python/3.8.10
        (Linux-5.11.0-1028-azure-x86_64-with-glibc2.29)
    method: GET
    uri: https://management.azure.com/subscriptions/00000000-0000-0000-0000-000000000000/providers/Microsoft.ContainerService/locations/westus2/operations/ee7ec147-8c0b-4490-a5af-cabf56c0c67c?api-version=2016-03-30
  response:
    body:
      string: "{\n  \"name\": \"47c17eee-0b8c-9044-a5af-cabf56c0c67c\",\n  \"status\":
        \"InProgress\",\n  \"startTime\": \"2022-02-21T08:18:17.8Z\"\n }"
    headers:
      cache-control:
      - no-cache
      content-length:
      - '120'
      content-type:
      - application/json
      date:
      - Mon, 21 Feb 2022 08:22:47 GMT
      expires:
      - '-1'
      pragma:
      - no-cache
      server:
      - nginx
      strict-transport-security:
      - max-age=31536000; includeSubDomains
      transfer-encoding:
      - chunked
      vary:
      - Accept-Encoding
      x-content-type-options:
      - nosniff
    status:
      code: 200
      message: OK
- request:
    body: null
    headers:
      Accept:
      - '*/*'
      Accept-Encoding:
      - gzip, deflate
      CommandName:
      - aks create
      Connection:
      - keep-alive
      ParameterSetName:
      - --resource-group --name --ssh-key-value --pod-cidr --service-cidr --docker-bridge-address
        --dns-service-ip --network-plugin --network-policy
      User-Agent:
      - AZURECLI/2.33.1 azsdk-python-azure-mgmt-containerservice/17.0.0 Python/3.8.10
        (Linux-5.11.0-1028-azure-x86_64-with-glibc2.29)
    method: GET
    uri: https://management.azure.com/subscriptions/00000000-0000-0000-0000-000000000000/providers/Microsoft.ContainerService/locations/westus2/operations/ee7ec147-8c0b-4490-a5af-cabf56c0c67c?api-version=2016-03-30
  response:
    body:
      string: "{\n  \"name\": \"47c17eee-0b8c-9044-a5af-cabf56c0c67c\",\n  \"status\":
        \"Succeeded\",\n  \"startTime\": \"2022-02-21T08:18:17.8Z\",\n  \"endTime\":
        \"2022-02-21T08:23:10.7149414Z\"\n }"
    headers:
      cache-control:
      - no-cache
      content-length:
      - '164'
      content-type:
      - application/json
      date:
      - Mon, 21 Feb 2022 08:23:18 GMT
      expires:
      - '-1'
      pragma:
      - no-cache
      server:
      - nginx
      strict-transport-security:
      - max-age=31536000; includeSubDomains
      transfer-encoding:
      - chunked
      vary:
      - Accept-Encoding
      x-content-type-options:
      - nosniff
    status:
      code: 200
      message: OK
- request:
    body: null
    headers:
      Accept:
      - '*/*'
      Accept-Encoding:
      - gzip, deflate
      CommandName:
      - aks create
      Connection:
      - keep-alive
      ParameterSetName:
      - --resource-group --name --ssh-key-value --pod-cidr --service-cidr --docker-bridge-address
        --dns-service-ip --network-plugin --network-policy
      User-Agent:
      - AZURECLI/2.33.1 azsdk-python-azure-mgmt-containerservice/17.0.0 Python/3.8.10
        (Linux-5.11.0-1028-azure-x86_64-with-glibc2.29)
    method: GET
    uri: https://management.azure.com/subscriptions/00000000-0000-0000-0000-000000000000/resourceGroups/clitest000001/providers/Microsoft.ContainerService/managedClusters/cliakstest000002?api-version=2022-01-01
  response:
    body:
      string: "{\n  \"id\": \"/subscriptions/00000000-0000-0000-0000-000000000000/resourcegroups/clitest000001/providers/Microsoft.ContainerService/managedClusters/cliakstest000002\",\n
        \ \"location\": \"westus2\",\n  \"name\": \"cliakstest000002\",\n  \"type\":
        \"Microsoft.ContainerService/ManagedClusters\",\n  \"properties\": {\n   \"provisioningState\":
        \"Succeeded\",\n   \"powerState\": {\n    \"code\": \"Running\"\n   },\n   \"kubernetesVersion\":
        \"1.21.9\",\n   \"dnsPrefix\": \"cliakstest-clitest6psqkqss4-79a739\",\n   \"fqdn\":
        \"cliakstest-clitest6psqkqss4-79a739-1c24388b.hcp.westus2.azmk8s.io\",\n   \"azurePortalFQDN\":
        \"cliakstest-clitest6psqkqss4-79a739-1c24388b.portal.hcp.westus2.azmk8s.io\",\n
        \  \"agentPoolProfiles\": [\n    {\n     \"name\": \"nodepool1\",\n     \"count\":
        3,\n     \"vmSize\": \"Standard_DS2_v2\",\n     \"osDiskSizeGB\": 128,\n     \"osDiskType\":
        \"Managed\",\n     \"kubeletDiskType\": \"OS\",\n     \"maxPods\": 110,\n
        \    \"type\": \"VirtualMachineScaleSets\",\n     \"enableAutoScaling\": false,\n
        \    \"provisioningState\": \"Succeeded\",\n     \"powerState\": {\n      \"code\":
        \"Running\"\n     },\n     \"orchestratorVersion\": \"1.21.9\",\n     \"enableNodePublicIP\":
        false,\n     \"mode\": \"System\",\n     \"enableEncryptionAtHost\": false,\n
        \    \"enableUltraSSD\": false,\n     \"osType\": \"Linux\",\n     \"osSKU\":
        \"Ubuntu\",\n     \"nodeImageVersion\": \"AKSUbuntu-1804gen2containerd-2022.02.01\",\n
        \    \"enableFIPS\": false\n    }\n   ],\n   \"linuxProfile\": {\n    \"adminUsername\":
        \"azureuser\",\n    \"ssh\": {\n     \"publicKeys\": [\n      {\n       \"keyData\":
        \"ssh-rsa AAAAB3NzaC1yc2EAAAADAQABAAABAQCkTqGRK3zmJN9ar1LkFXK3AX608uwaOVre4fFs7sYelK/wjQb9JbtBEFYeps4rk0OufUrQaH4lD5rjflE1plT0slh9PiYtmZxPLYF8Y2ZaCLXvsae6CLfYlQdssE+N+3VANXJfaCmfAUUwlBWio5VEFEKiv6uD2I9pDlldyVnXZX8DbVFiuyK3R4ALQ7OTKyIblql8ir6uPGwzK5meKs9I/ZrUPtNbrKUsyhl0khLPr+VfumUGDtgwTMhnRz1JbYpiegQdMpkB65cIXZGPsC7Nyfv78AKuDklcOfoKwmkZ1+YubPS53qOQm6baTICuN0YgYHl7MZFqrFhmpFysqoKT
        azcli_aks_live_test@example.com\\n\"\n      }\n     ]\n    }\n   },\n   \"servicePrincipalProfile\":
        {\n    \"clientId\":\"00000000-0000-0000-0000-000000000001\"\n   },\n   \"nodeResourceGroup\":
        \"MC_clitest000001_cliakstest000002_westus2\",\n   \"enableRBAC\": true,\n
        \  \"networkProfile\": {\n    \"networkPlugin\": \"kubenet\",\n    \"networkPolicy\":
        \"calico\",\n    \"loadBalancerSku\": \"Standard\",\n    \"loadBalancerProfile\":
        {\n     \"managedOutboundIPs\": {\n      \"count\": 1\n     },\n     \"effectiveOutboundIPs\":
        [\n      {\n       \"id\": \"/subscriptions/00000000-0000-0000-0000-000000000000/resourceGroups/MC_clitest000001_cliakstest000002_westus2/providers/Microsoft.Network/publicIPAddresses/02db4cc0-6557-4490-83bb-a840acb10e7f\"\n
        \     }\n     ]\n    },\n    \"podCidr\": \"10.244.0.0/16\",\n    \"serviceCidr\":
        \"10.0.0.0/16\",\n    \"dnsServiceIP\": \"10.0.2.10\",\n    \"dockerBridgeCidr\":
        \"172.17.0.1/16\",\n    \"outboundType\": \"loadBalancer\",\n    \"podCidrs\":
        [\n     \"10.244.0.0/16\"\n    ],\n    \"serviceCidrs\": [\n     \"10.0.0.0/16\"\n
        \   ],\n    \"ipFamilies\": [\n     \"IPv4\"\n    ]\n   },\n   \"maxAgentPools\":
        100,\n   \"identityProfile\": {\n    \"kubeletidentity\": {\n     \"resourceId\":
        \"/subscriptions/00000000-0000-0000-0000-000000000000/resourcegroups/MC_clitest000001_cliakstest000002_westus2/providers/Microsoft.ManagedIdentity/userAssignedIdentities/cliakstest000002-agentpool\",\n
        \    \"clientId\":\"00000000-0000-0000-0000-000000000001\",\n     \"objectId\":\"00000000-0000-0000-0000-000000000001\"\n
        \   }\n   },\n   \"disableLocalAccounts\": false\n  },\n  \"identity\": {\n
        \  \"type\": \"SystemAssigned\",\n   \"principalId\":\"00000000-0000-0000-0000-000000000001\",\n
        \  \"tenantId\": \"72f988bf-86f1-41af-91ab-2d7cd011db47\"\n  },\n  \"sku\":
        {\n   \"name\": \"Basic\",\n   \"tier\": \"Free\"\n  }\n }"
    headers:
      cache-control:
      - no-cache
      content-length:
      - '3537'
      content-type:
      - application/json
      date:
      - Mon, 21 Feb 2022 08:23:18 GMT
      expires:
      - '-1'
      pragma:
      - no-cache
      server:
      - nginx
      strict-transport-security:
      - max-age=31536000; includeSubDomains
      transfer-encoding:
      - chunked
      vary:
      - Accept-Encoding
      x-content-type-options:
      - nosniff
    status:
      code: 200
      message: OK
- request:
    body: null
    headers:
      Accept:
      - application/json
      Accept-Encoding:
      - gzip, deflate
      CommandName:
      - aks delete
      Connection:
      - keep-alive
      Content-Length:
      - '0'
      ParameterSetName:
      - -g -n --yes --no-wait
      User-Agent:
      - AZURECLI/2.33.1 azsdk-python-azure-mgmt-containerservice/17.0.0 Python/3.8.10
        (Linux-5.11.0-1028-azure-x86_64-with-glibc2.29)
    method: DELETE
    uri: https://management.azure.com/subscriptions/00000000-0000-0000-0000-000000000000/resourceGroups/clitest000001/providers/Microsoft.ContainerService/managedClusters/cliakstest000002?api-version=2022-01-01
  response:
    body:
      string: ''
    headers:
      azure-asyncoperation:
      - https://management.azure.com/subscriptions/00000000-0000-0000-0000-000000000000/providers/Microsoft.ContainerService/locations/westus2/operations/8f8d00a9-0eef-4cda-967a-10d19d65d2c9?api-version=2016-03-30
      cache-control:
      - no-cache
      content-length:
      - '0'
      date:
      - Mon, 21 Feb 2022 08:23:19 GMT
      expires:
      - '-1'
      location:
      - https://management.azure.com/subscriptions/00000000-0000-0000-0000-000000000000/providers/Microsoft.ContainerService/locations/westus2/operationresults/8f8d00a9-0eef-4cda-967a-10d19d65d2c9?api-version=2016-03-30
      pragma:
      - no-cache
      server:
      - nginx
      strict-transport-security:
      - max-age=31536000; includeSubDomains
      x-content-type-options:
      - nosniff
      x-ms-ratelimit-remaining-subscription-deletes:
      - '14998'
    status:
      code: 202
      message: Accepted
version: 1
