interactions:
- request:
    body: null
    headers:
      Accept:
      - application/json
      Accept-Encoding:
      - gzip, deflate
      CommandName:
      - aks create
      Connection:
      - keep-alive
      ParameterSetName:
      - --resource-group --name --enable-managed-identity -a --ssh-key-value -o
      User-Agent:
      - AZURECLI/2.34.1 azsdk-python-azure-mgmt-resource/20.0.0 Python/3.8.10 (Linux-5.13.0-1017-azure-x86_64-with-glibc2.29)
    method: GET
    uri: https://management.azure.com/subscriptions/00000000-0000-0000-0000-000000000000/resourcegroups/clitest000001?api-version=2021-04-01
  response:
    body:
      string: '{"id":"/subscriptions/00000000-0000-0000-0000-000000000000/resourceGroups/clitest000001","name":"clitest000001","type":"Microsoft.Resources/resourceGroups","location":"westus2","tags":{"product":"azurecli","cause":"automation","date":"2022-03-25T05:25:13Z"},"properties":{"provisioningState":"Succeeded"}}'
    headers:
      cache-control:
      - no-cache
      content-length:
      - '305'
      content-type:
      - application/json; charset=utf-8
      date:
      - Fri, 25 Mar 2022 05:25:13 GMT
      expires:
      - '-1'
      pragma:
      - no-cache
      strict-transport-security:
      - max-age=31536000; includeSubDomains
      vary:
      - Accept-Encoding
      x-content-type-options:
      - nosniff
    status:
      code: 200
      message: OK
- request:
    body: '{"location": "westus2", "identity": {"type": "SystemAssigned"}, "properties":
      {"kubernetesVersion": "", "dnsPrefix": "cliakstest-clitestsq7rfmaqj-79a739",
      "agentPoolProfiles": [{"count": 3, "vmSize": "Standard_DS2_v2", "osType": "Linux",
      "enableAutoScaling": false, "type": "VirtualMachineScaleSets", "mode": "System",
      "enableNodePublicIP": false, "scaleSetPriority": "Regular", "scaleSetEvictionPolicy":
      "Delete", "spotMaxPrice": -1.0, "enableEncryptionAtHost": false, "enableUltraSSD":
      false, "enableFIPS": false, "name": "nodepool1"}], "linuxProfile": {"adminUsername":
      "azureuser", "ssh": {"publicKeys": [{"keyData": "ssh-rsa AAAAB3NzaC1yc2EAAAADAQABAAABAQDb7ZVBup3y1RYbGDyGyuOQrULWhQSzhTifTEMKG0Lc5hnGPJY8GGKIRx4MDxX03aVBY3izux3vtYV9U+fwqoj6MmhK8uFMXq62IoY5wDlE1dLqsSGkt486bYqIIlWw0JcMRTI2uqCgkFvOvi8yKgFg41Vhg8yxJNrH5xNpE8+a6bLxOezjYx6niDEZYR+lASfdWpAr9C8HftZ9UMC93JPRqgI/iswHkQiz7AjeBnw8dhek0PJ/sLausN27KVhcH0pbTxpX9eQntAeHAKRQAJyWmdQ+7gueqE/VDukCjanQi0zKQvAhaeFiMsthqM6vNzAlqT4gpEzqwJLQgz8vjGFt
      azcli_aks_live_test@example.com\n"}]}}, "addonProfiles": {"openServiceMesh":
      {"enabled": true, "config": {}}}, "enableRBAC": true, "networkProfile": {"networkPlugin":
      "kubenet", "podCidr": "10.244.0.0/16", "serviceCidr": "10.0.0.0/16", "dnsServiceIP":
      "10.0.0.10", "dockerBridgeCidr": "172.17.0.1/16", "outboundType": "loadBalancer",
      "loadBalancerSku": "standard"}, "disableLocalAccounts": false}}'
    headers:
      Accept:
      - application/json
      Accept-Encoding:
      - gzip, deflate
      CommandName:
      - aks create
      Connection:
      - keep-alive
      Content-Length:
      - '1400'
      Content-Type:
      - application/json
      ParameterSetName:
      - --resource-group --name --enable-managed-identity -a --ssh-key-value -o
      User-Agent:
      - AZURECLI/2.34.1 azsdk-python-azure-mgmt-containerservice/18.0.0 Python/3.8.10
        (Linux-5.13.0-1017-azure-x86_64-with-glibc2.29)
    method: PUT
    uri: https://management.azure.com/subscriptions/00000000-0000-0000-0000-000000000000/resourceGroups/clitest000001/providers/Microsoft.ContainerService/managedClusters/cliakstest000002?api-version=2022-02-01
  response:
    body:
      string: "{\n  \"id\": \"/subscriptions/00000000-0000-0000-0000-000000000000/resourcegroups/clitest000001/providers/Microsoft.ContainerService/managedClusters/cliakstest000002\",\n
        \ \"location\": \"westus2\",\n  \"name\": \"cliakstest000002\",\n  \"type\":
        \"Microsoft.ContainerService/ManagedClusters\",\n  \"properties\": {\n   \"provisioningState\":
        \"Creating\",\n   \"powerState\": {\n    \"code\": \"Running\"\n   },\n   \"kubernetesVersion\":
        \"1.21.9\",\n   \"currentKubernetesVersion\": \"1.21.9\",\n   \"dnsPrefix\":
        \"cliakstest-clitestsq7rfmaqj-79a739\",\n   \"fqdn\": \"cliakstest-clitestsq7rfmaqj-79a739-907bb620.hcp.westus2.azmk8s.io\",\n
        \  \"azurePortalFQDN\": \"cliakstest-clitestsq7rfmaqj-79a739-907bb620.portal.hcp.westus2.azmk8s.io\",\n
        \  \"agentPoolProfiles\": [\n    {\n     \"name\": \"nodepool1\",\n     \"count\":
        3,\n     \"vmSize\": \"Standard_DS2_v2\",\n     \"osDiskSizeGB\": 128,\n     \"osDiskType\":
        \"Managed\",\n     \"kubeletDiskType\": \"OS\",\n     \"maxPods\": 110,\n
        \    \"type\": \"VirtualMachineScaleSets\",\n     \"enableAutoScaling\": false,\n
        \    \"provisioningState\": \"Creating\",\n     \"powerState\": {\n      \"code\":
        \"Running\"\n     },\n     \"orchestratorVersion\": \"1.21.9\",\n     \"enableNodePublicIP\":
        false,\n     \"mode\": \"System\",\n     \"enableEncryptionAtHost\": false,\n
        \    \"enableUltraSSD\": false,\n     \"osType\": \"Linux\",\n     \"osSKU\":
        \"Ubuntu\",\n     \"nodeImageVersion\": \"AKSUbuntu-1804gen2containerd-2022.03.21\",\n
        \    \"enableFIPS\": false\n    }\n   ],\n   \"linuxProfile\": {\n    \"adminUsername\":
        \"azureuser\",\n    \"ssh\": {\n     \"publicKeys\": [\n      {\n       \"keyData\":
        \"ssh-rsa AAAAB3NzaC1yc2EAAAADAQABAAABAQDb7ZVBup3y1RYbGDyGyuOQrULWhQSzhTifTEMKG0Lc5hnGPJY8GGKIRx4MDxX03aVBY3izux3vtYV9U+fwqoj6MmhK8uFMXq62IoY5wDlE1dLqsSGkt486bYqIIlWw0JcMRTI2uqCgkFvOvi8yKgFg41Vhg8yxJNrH5xNpE8+a6bLxOezjYx6niDEZYR+lASfdWpAr9C8HftZ9UMC93JPRqgI/iswHkQiz7AjeBnw8dhek0PJ/sLausN27KVhcH0pbTxpX9eQntAeHAKRQAJyWmdQ+7gueqE/VDukCjanQi0zKQvAhaeFiMsthqM6vNzAlqT4gpEzqwJLQgz8vjGFt
        azcli_aks_live_test@example.com\\n\"\n      }\n     ]\n    }\n   },\n   \"servicePrincipalProfile\":
        {\n    \"clientId\":\"00000000-0000-0000-0000-000000000001\"\n   },\n   \"addonProfiles\":
        {\n    \"openServiceMesh\": {\n     \"enabled\": true,\n     \"config\": null\n
        \   }\n   },\n   \"nodeResourceGroup\": \"MC_clitest000001_cliakstest000002_westus2\",\n
        \  \"enableRBAC\": true,\n   \"networkProfile\": {\n    \"networkPlugin\":
        \"kubenet\",\n    \"loadBalancerSku\": \"standard\",\n    \"loadBalancerProfile\":
        {\n     \"managedOutboundIPs\": {\n      \"count\": 1\n     }\n    },\n    \"podCidr\":
        \"10.244.0.0/16\",\n    \"serviceCidr\": \"10.0.0.0/16\",\n    \"dnsServiceIP\":
        \"10.0.0.10\",\n    \"dockerBridgeCidr\": \"172.17.0.1/16\",\n    \"outboundType\":
        \"loadBalancer\",\n    \"podCidrs\": [\n     \"10.244.0.0/16\"\n    ],\n    \"serviceCidrs\":
        [\n     \"10.0.0.0/16\"\n    ],\n    \"ipFamilies\": [\n     \"IPv4\"\n    ]\n
        \  },\n   \"maxAgentPools\": 100,\n   \"disableLocalAccounts\": false\n  },\n
        \ \"identity\": {\n   \"type\": \"SystemAssigned\",\n   \"principalId\":\"00000000-0000-0000-0000-000000000001\",\n
        \  \"tenantId\": \"72f988bf-86f1-41af-91ab-2d7cd011db47\"\n  },\n  \"sku\":
        {\n   \"name\": \"Basic\",\n   \"tier\": \"Free\"\n  }\n }"
    headers:
      azure-asyncoperation:
      - https://management.azure.com/subscriptions/00000000-0000-0000-0000-000000000000/providers/Microsoft.ContainerService/locations/westus2/operations/540bf021-d4e3-4595-8cf3-fc8c092e682b?api-version=2016-03-30
      cache-control:
      - no-cache
      content-length:
      - '2995'
      content-type:
      - application/json
      date:
      - Fri, 25 Mar 2022 05:25:16 GMT
      expires:
      - '-1'
      pragma:
      - no-cache
      server:
      - nginx
      strict-transport-security:
      - max-age=31536000; includeSubDomains
      x-content-type-options:
      - nosniff
      x-ms-ratelimit-remaining-subscription-writes:
      - '1197'
    status:
      code: 201
      message: Created
- request:
    body: null
    headers:
      Accept:
      - '*/*'
      Accept-Encoding:
      - gzip, deflate
      CommandName:
      - aks create
      Connection:
      - keep-alive
      ParameterSetName:
      - --resource-group --name --enable-managed-identity -a --ssh-key-value -o
      User-Agent:
      - AZURECLI/2.34.1 azsdk-python-azure-mgmt-containerservice/18.0.0 Python/3.8.10
        (Linux-5.13.0-1017-azure-x86_64-with-glibc2.29)
    method: GET
    uri: https://management.azure.com/subscriptions/00000000-0000-0000-0000-000000000000/providers/Microsoft.ContainerService/locations/westus2/operations/540bf021-d4e3-4595-8cf3-fc8c092e682b?api-version=2016-03-30
  response:
    body:
      string: "{\n  \"name\": \"21f00b54-e3d4-9545-8cf3-fc8c092e682b\",\n  \"status\":
        \"InProgress\",\n  \"startTime\": \"2022-03-25T05:25:17.5766666Z\"\n }"
    headers:
      cache-control:
      - no-cache
      content-length:
      - '126'
      content-type:
      - application/json
      date:
      - Fri, 25 Mar 2022 05:25:47 GMT
      expires:
      - '-1'
      pragma:
      - no-cache
      server:
      - nginx
      strict-transport-security:
      - max-age=31536000; includeSubDomains
      transfer-encoding:
      - chunked
      vary:
      - Accept-Encoding
      x-content-type-options:
      - nosniff
    status:
      code: 200
      message: OK
- request:
    body: null
    headers:
      Accept:
      - '*/*'
      Accept-Encoding:
      - gzip, deflate
      CommandName:
      - aks create
      Connection:
      - keep-alive
      ParameterSetName:
      - --resource-group --name --enable-managed-identity -a --ssh-key-value -o
      User-Agent:
      - AZURECLI/2.34.1 azsdk-python-azure-mgmt-containerservice/18.0.0 Python/3.8.10
        (Linux-5.13.0-1017-azure-x86_64-with-glibc2.29)
    method: GET
    uri: https://management.azure.com/subscriptions/00000000-0000-0000-0000-000000000000/providers/Microsoft.ContainerService/locations/westus2/operations/540bf021-d4e3-4595-8cf3-fc8c092e682b?api-version=2016-03-30
  response:
    body:
      string: "{\n  \"name\": \"21f00b54-e3d4-9545-8cf3-fc8c092e682b\",\n  \"status\":
        \"InProgress\",\n  \"startTime\": \"2022-03-25T05:25:17.5766666Z\"\n }"
    headers:
      cache-control:
      - no-cache
      content-length:
      - '126'
      content-type:
      - application/json
      date:
      - Fri, 25 Mar 2022 05:26:17 GMT
      expires:
      - '-1'
      pragma:
      - no-cache
      server:
      - nginx
      strict-transport-security:
      - max-age=31536000; includeSubDomains
      transfer-encoding:
      - chunked
      vary:
      - Accept-Encoding
      x-content-type-options:
      - nosniff
    status:
      code: 200
      message: OK
- request:
    body: null
    headers:
      Accept:
      - '*/*'
      Accept-Encoding:
      - gzip, deflate
      CommandName:
      - aks create
      Connection:
      - keep-alive
      ParameterSetName:
      - --resource-group --name --enable-managed-identity -a --ssh-key-value -o
      User-Agent:
      - AZURECLI/2.34.1 azsdk-python-azure-mgmt-containerservice/18.0.0 Python/3.8.10
        (Linux-5.13.0-1017-azure-x86_64-with-glibc2.29)
    method: GET
    uri: https://management.azure.com/subscriptions/00000000-0000-0000-0000-000000000000/providers/Microsoft.ContainerService/locations/westus2/operations/540bf021-d4e3-4595-8cf3-fc8c092e682b?api-version=2016-03-30
  response:
    body:
      string: "{\n  \"name\": \"21f00b54-e3d4-9545-8cf3-fc8c092e682b\",\n  \"status\":
        \"InProgress\",\n  \"startTime\": \"2022-03-25T05:25:17.5766666Z\"\n }"
    headers:
      cache-control:
      - no-cache
      content-length:
      - '126'
      content-type:
      - application/json
      date:
      - Fri, 25 Mar 2022 05:26:47 GMT
      expires:
      - '-1'
      pragma:
      - no-cache
      server:
      - nginx
      strict-transport-security:
      - max-age=31536000; includeSubDomains
      transfer-encoding:
      - chunked
      vary:
      - Accept-Encoding
      x-content-type-options:
      - nosniff
    status:
      code: 200
      message: OK
- request:
    body: null
    headers:
      Accept:
      - '*/*'
      Accept-Encoding:
      - gzip, deflate
      CommandName:
      - aks create
      Connection:
      - keep-alive
      ParameterSetName:
      - --resource-group --name --enable-managed-identity -a --ssh-key-value -o
      User-Agent:
      - AZURECLI/2.34.1 azsdk-python-azure-mgmt-containerservice/18.0.0 Python/3.8.10
        (Linux-5.13.0-1017-azure-x86_64-with-glibc2.29)
    method: GET
    uri: https://management.azure.com/subscriptions/00000000-0000-0000-0000-000000000000/providers/Microsoft.ContainerService/locations/westus2/operations/540bf021-d4e3-4595-8cf3-fc8c092e682b?api-version=2016-03-30
  response:
    body:
      string: "{\n  \"name\": \"21f00b54-e3d4-9545-8cf3-fc8c092e682b\",\n  \"status\":
        \"InProgress\",\n  \"startTime\": \"2022-03-25T05:25:17.5766666Z\"\n }"
    headers:
      cache-control:
      - no-cache
      content-length:
      - '126'
      content-type:
      - application/json
      date:
      - Fri, 25 Mar 2022 05:27:18 GMT
      expires:
      - '-1'
      pragma:
      - no-cache
      server:
      - nginx
      strict-transport-security:
      - max-age=31536000; includeSubDomains
      transfer-encoding:
      - chunked
      vary:
      - Accept-Encoding
      x-content-type-options:
      - nosniff
    status:
      code: 200
      message: OK
- request:
    body: null
    headers:
      Accept:
      - '*/*'
      Accept-Encoding:
      - gzip, deflate
      CommandName:
      - aks create
      Connection:
      - keep-alive
      ParameterSetName:
      - --resource-group --name --enable-managed-identity -a --ssh-key-value -o
      User-Agent:
      - AZURECLI/2.34.1 azsdk-python-azure-mgmt-containerservice/18.0.0 Python/3.8.10
        (Linux-5.13.0-1017-azure-x86_64-with-glibc2.29)
    method: GET
    uri: https://management.azure.com/subscriptions/00000000-0000-0000-0000-000000000000/providers/Microsoft.ContainerService/locations/westus2/operations/540bf021-d4e3-4595-8cf3-fc8c092e682b?api-version=2016-03-30
  response:
    body:
      string: "{\n  \"name\": \"21f00b54-e3d4-9545-8cf3-fc8c092e682b\",\n  \"status\":
        \"InProgress\",\n  \"startTime\": \"2022-03-25T05:25:17.5766666Z\"\n }"
    headers:
      cache-control:
      - no-cache
      content-length:
      - '126'
      content-type:
      - application/json
      date:
      - Fri, 25 Mar 2022 05:27:47 GMT
      expires:
      - '-1'
      pragma:
      - no-cache
      server:
      - nginx
      strict-transport-security:
      - max-age=31536000; includeSubDomains
      transfer-encoding:
      - chunked
      vary:
      - Accept-Encoding
      x-content-type-options:
      - nosniff
    status:
      code: 200
      message: OK
- request:
    body: null
    headers:
      Accept:
      - '*/*'
      Accept-Encoding:
      - gzip, deflate
      CommandName:
      - aks create
      Connection:
      - keep-alive
      ParameterSetName:
      - --resource-group --name --enable-managed-identity -a --ssh-key-value -o
      User-Agent:
      - AZURECLI/2.34.1 azsdk-python-azure-mgmt-containerservice/18.0.0 Python/3.8.10
        (Linux-5.13.0-1017-azure-x86_64-with-glibc2.29)
    method: GET
    uri: https://management.azure.com/subscriptions/00000000-0000-0000-0000-000000000000/providers/Microsoft.ContainerService/locations/westus2/operations/540bf021-d4e3-4595-8cf3-fc8c092e682b?api-version=2016-03-30
  response:
    body:
      string: "{\n  \"name\": \"21f00b54-e3d4-9545-8cf3-fc8c092e682b\",\n  \"status\":
        \"InProgress\",\n  \"startTime\": \"2022-03-25T05:25:17.5766666Z\"\n }"
    headers:
      cache-control:
      - no-cache
      content-length:
      - '126'
      content-type:
      - application/json
      date:
      - Fri, 25 Mar 2022 05:28:17 GMT
      expires:
      - '-1'
      pragma:
      - no-cache
      server:
      - nginx
      strict-transport-security:
      - max-age=31536000; includeSubDomains
      transfer-encoding:
      - chunked
      vary:
      - Accept-Encoding
      x-content-type-options:
      - nosniff
    status:
      code: 200
      message: OK
- request:
    body: null
    headers:
      Accept:
      - '*/*'
      Accept-Encoding:
      - gzip, deflate
      CommandName:
      - aks create
      Connection:
      - keep-alive
      ParameterSetName:
      - --resource-group --name --enable-managed-identity -a --ssh-key-value -o
      User-Agent:
      - AZURECLI/2.34.1 azsdk-python-azure-mgmt-containerservice/18.0.0 Python/3.8.10
        (Linux-5.13.0-1017-azure-x86_64-with-glibc2.29)
    method: GET
    uri: https://management.azure.com/subscriptions/00000000-0000-0000-0000-000000000000/providers/Microsoft.ContainerService/locations/westus2/operations/540bf021-d4e3-4595-8cf3-fc8c092e682b?api-version=2016-03-30
  response:
    body:
      string: "{\n  \"name\": \"21f00b54-e3d4-9545-8cf3-fc8c092e682b\",\n  \"status\":
        \"InProgress\",\n  \"startTime\": \"2022-03-25T05:25:17.5766666Z\"\n }"
    headers:
      cache-control:
      - no-cache
      content-length:
      - '126'
      content-type:
      - application/json
      date:
      - Fri, 25 Mar 2022 05:28:47 GMT
      expires:
      - '-1'
      pragma:
      - no-cache
      server:
      - nginx
      strict-transport-security:
      - max-age=31536000; includeSubDomains
      transfer-encoding:
      - chunked
      vary:
      - Accept-Encoding
      x-content-type-options:
      - nosniff
    status:
      code: 200
      message: OK
- request:
    body: null
    headers:
      Accept:
      - '*/*'
      Accept-Encoding:
      - gzip, deflate
      CommandName:
      - aks create
      Connection:
      - keep-alive
      ParameterSetName:
      - --resource-group --name --enable-managed-identity -a --ssh-key-value -o
      User-Agent:
      - AZURECLI/2.34.1 azsdk-python-azure-mgmt-containerservice/18.0.0 Python/3.8.10
        (Linux-5.13.0-1017-azure-x86_64-with-glibc2.29)
    method: GET
    uri: https://management.azure.com/subscriptions/00000000-0000-0000-0000-000000000000/providers/Microsoft.ContainerService/locations/westus2/operations/540bf021-d4e3-4595-8cf3-fc8c092e682b?api-version=2016-03-30
  response:
    body:
      string: "{\n  \"name\": \"21f00b54-e3d4-9545-8cf3-fc8c092e682b\",\n  \"status\":
        \"InProgress\",\n  \"startTime\": \"2022-03-25T05:25:17.5766666Z\"\n }"
    headers:
      cache-control:
      - no-cache
      content-length:
      - '126'
      content-type:
      - application/json
      date:
      - Fri, 25 Mar 2022 05:29:18 GMT
      expires:
      - '-1'
      pragma:
      - no-cache
      server:
      - nginx
      strict-transport-security:
      - max-age=31536000; includeSubDomains
      transfer-encoding:
      - chunked
      vary:
      - Accept-Encoding
      x-content-type-options:
      - nosniff
    status:
      code: 200
      message: OK
- request:
    body: null
    headers:
      Accept:
      - '*/*'
      Accept-Encoding:
      - gzip, deflate
      CommandName:
      - aks create
      Connection:
      - keep-alive
      ParameterSetName:
      - --resource-group --name --enable-managed-identity -a --ssh-key-value -o
      User-Agent:
      - AZURECLI/2.34.1 azsdk-python-azure-mgmt-containerservice/18.0.0 Python/3.8.10
        (Linux-5.13.0-1017-azure-x86_64-with-glibc2.29)
    method: GET
    uri: https://management.azure.com/subscriptions/00000000-0000-0000-0000-000000000000/providers/Microsoft.ContainerService/locations/westus2/operations/540bf021-d4e3-4595-8cf3-fc8c092e682b?api-version=2016-03-30
  response:
    body:
      string: "{\n  \"name\": \"21f00b54-e3d4-9545-8cf3-fc8c092e682b\",\n  \"status\":
        \"InProgress\",\n  \"startTime\": \"2022-03-25T05:25:17.5766666Z\"\n }"
    headers:
      cache-control:
      - no-cache
      content-length:
      - '126'
      content-type:
      - application/json
      date:
      - Fri, 25 Mar 2022 05:29:48 GMT
      expires:
      - '-1'
      pragma:
      - no-cache
      server:
      - nginx
      strict-transport-security:
      - max-age=31536000; includeSubDomains
      transfer-encoding:
      - chunked
      vary:
      - Accept-Encoding
      x-content-type-options:
      - nosniff
    status:
      code: 200
      message: OK
- request:
    body: null
    headers:
      Accept:
      - '*/*'
      Accept-Encoding:
      - gzip, deflate
      CommandName:
      - aks create
      Connection:
      - keep-alive
      ParameterSetName:
      - --resource-group --name --enable-managed-identity -a --ssh-key-value -o
      User-Agent:
      - AZURECLI/2.34.1 azsdk-python-azure-mgmt-containerservice/18.0.0 Python/3.8.10
        (Linux-5.13.0-1017-azure-x86_64-with-glibc2.29)
    method: GET
    uri: https://management.azure.com/subscriptions/00000000-0000-0000-0000-000000000000/providers/Microsoft.ContainerService/locations/westus2/operations/540bf021-d4e3-4595-8cf3-fc8c092e682b?api-version=2016-03-30
  response:
    body:
      string: "{\n  \"name\": \"21f00b54-e3d4-9545-8cf3-fc8c092e682b\",\n  \"status\":
        \"Succeeded\",\n  \"startTime\": \"2022-03-25T05:25:17.5766666Z\",\n  \"endTime\":
        \"2022-03-25T05:30:03.7032385Z\"\n }"
    headers:
      cache-control:
      - no-cache
      content-length:
      - '170'
      content-type:
      - application/json
      date:
      - Fri, 25 Mar 2022 05:30:18 GMT
      expires:
      - '-1'
      pragma:
      - no-cache
      server:
      - nginx
      strict-transport-security:
      - max-age=31536000; includeSubDomains
      transfer-encoding:
      - chunked
      vary:
      - Accept-Encoding
      x-content-type-options:
      - nosniff
    status:
      code: 200
      message: OK
- request:
    body: null
    headers:
      Accept:
      - '*/*'
      Accept-Encoding:
      - gzip, deflate
      CommandName:
      - aks create
      Connection:
      - keep-alive
      ParameterSetName:
      - --resource-group --name --enable-managed-identity -a --ssh-key-value -o
      User-Agent:
      - AZURECLI/2.34.1 azsdk-python-azure-mgmt-containerservice/18.0.0 Python/3.8.10
        (Linux-5.13.0-1017-azure-x86_64-with-glibc2.29)
    method: GET
    uri: https://management.azure.com/subscriptions/00000000-0000-0000-0000-000000000000/resourceGroups/clitest000001/providers/Microsoft.ContainerService/managedClusters/cliakstest000002?api-version=2022-02-01
  response:
    body:
      string: "{\n  \"id\": \"/subscriptions/00000000-0000-0000-0000-000000000000/resourcegroups/clitest000001/providers/Microsoft.ContainerService/managedClusters/cliakstest000002\",\n
        \ \"location\": \"westus2\",\n  \"name\": \"cliakstest000002\",\n  \"type\":
        \"Microsoft.ContainerService/ManagedClusters\",\n  \"properties\": {\n   \"provisioningState\":
        \"Succeeded\",\n   \"powerState\": {\n    \"code\": \"Running\"\n   },\n   \"kubernetesVersion\":
        \"1.21.9\",\n   \"currentKubernetesVersion\": \"1.21.9\",\n   \"dnsPrefix\":
        \"cliakstest-clitestsq7rfmaqj-79a739\",\n   \"fqdn\": \"cliakstest-clitestsq7rfmaqj-79a739-907bb620.hcp.westus2.azmk8s.io\",\n
        \  \"azurePortalFQDN\": \"cliakstest-clitestsq7rfmaqj-79a739-907bb620.portal.hcp.westus2.azmk8s.io\",\n
        \  \"agentPoolProfiles\": [\n    {\n     \"name\": \"nodepool1\",\n     \"count\":
        3,\n     \"vmSize\": \"Standard_DS2_v2\",\n     \"osDiskSizeGB\": 128,\n     \"osDiskType\":
        \"Managed\",\n     \"kubeletDiskType\": \"OS\",\n     \"maxPods\": 110,\n
        \    \"type\": \"VirtualMachineScaleSets\",\n     \"enableAutoScaling\": false,\n
        \    \"provisioningState\": \"Succeeded\",\n     \"powerState\": {\n      \"code\":
        \"Running\"\n     },\n     \"orchestratorVersion\": \"1.21.9\",\n     \"enableNodePublicIP\":
        false,\n     \"mode\": \"System\",\n     \"enableEncryptionAtHost\": false,\n
        \    \"enableUltraSSD\": false,\n     \"osType\": \"Linux\",\n     \"osSKU\":
        \"Ubuntu\",\n     \"nodeImageVersion\": \"AKSUbuntu-1804gen2containerd-2022.03.21\",\n
        \    \"enableFIPS\": false\n    }\n   ],\n   \"linuxProfile\": {\n    \"adminUsername\":
        \"azureuser\",\n    \"ssh\": {\n     \"publicKeys\": [\n      {\n       \"keyData\":
        \"ssh-rsa AAAAB3NzaC1yc2EAAAADAQABAAABAQDb7ZVBup3y1RYbGDyGyuOQrULWhQSzhTifTEMKG0Lc5hnGPJY8GGKIRx4MDxX03aVBY3izux3vtYV9U+fwqoj6MmhK8uFMXq62IoY5wDlE1dLqsSGkt486bYqIIlWw0JcMRTI2uqCgkFvOvi8yKgFg41Vhg8yxJNrH5xNpE8+a6bLxOezjYx6niDEZYR+lASfdWpAr9C8HftZ9UMC93JPRqgI/iswHkQiz7AjeBnw8dhek0PJ/sLausN27KVhcH0pbTxpX9eQntAeHAKRQAJyWmdQ+7gueqE/VDukCjanQi0zKQvAhaeFiMsthqM6vNzAlqT4gpEzqwJLQgz8vjGFt
        azcli_aks_live_test@example.com\\n\"\n      }\n     ]\n    }\n   },\n   \"servicePrincipalProfile\":
        {\n    \"clientId\":\"00000000-0000-0000-0000-000000000001\"\n   },\n   \"addonProfiles\":
        {\n    \"openServiceMesh\": {\n     \"enabled\": true,\n     \"config\": null,\n
        \    \"identity\": {\n      \"resourceId\": \"/subscriptions/00000000-0000-0000-0000-000000000000/resourcegroups/MC_clitest000001_cliakstest000002_westus2/providers/Microsoft.ManagedIdentity/userAssignedIdentities/openservicemesh-cliakstest000002\",\n
        \     \"clientId\":\"00000000-0000-0000-0000-000000000001\",\n      \"objectId\":\"00000000-0000-0000-0000-000000000001\"\n
        \    }\n    }\n   },\n   \"nodeResourceGroup\": \"MC_clitest000001_cliakstest000002_westus2\",\n
        \  \"enableRBAC\": true,\n   \"networkProfile\": {\n    \"networkPlugin\":
        \"kubenet\",\n    \"loadBalancerSku\": \"Standard\",\n    \"loadBalancerProfile\":
        {\n     \"managedOutboundIPs\": {\n      \"count\": 1\n     },\n     \"effectiveOutboundIPs\":
        [\n      {\n       \"id\": \"/subscriptions/00000000-0000-0000-0000-000000000000/resourceGroups/MC_clitest000001_cliakstest000002_westus2/providers/Microsoft.Network/publicIPAddresses/d7cf8574-7c40-4c18-981d-44620a0cf7b0\"\n
        \     }\n     ]\n    },\n    \"podCidr\": \"10.244.0.0/16\",\n    \"serviceCidr\":
        \"10.0.0.0/16\",\n    \"dnsServiceIP\": \"10.0.0.10\",\n    \"dockerBridgeCidr\":
        \"172.17.0.1/16\",\n    \"outboundType\": \"loadBalancer\",\n    \"podCidrs\":
        [\n     \"10.244.0.0/16\"\n    ],\n    \"serviceCidrs\": [\n     \"10.0.0.0/16\"\n
        \   ],\n    \"ipFamilies\": [\n     \"IPv4\"\n    ]\n   },\n   \"maxAgentPools\":
        100,\n   \"identityProfile\": {\n    \"kubeletidentity\": {\n     \"resourceId\":
        \"/subscriptions/00000000-0000-0000-0000-000000000000/resourcegroups/MC_clitest000001_cliakstest000002_westus2/providers/Microsoft.ManagedIdentity/userAssignedIdentities/cliakstest000002-agentpool\",\n
        \    \"clientId\":\"00000000-0000-0000-0000-000000000001\",\n     \"objectId\":\"00000000-0000-0000-0000-000000000001\"\n
        \   }\n   },\n   \"disableLocalAccounts\": false\n  },\n  \"identity\": {\n
        \  \"type\": \"SystemAssigned\",\n   \"principalId\":\"00000000-0000-0000-0000-000000000001\",\n
        \  \"tenantId\": \"72f988bf-86f1-41af-91ab-2d7cd011db47\"\n  },\n  \"sku\":
        {\n   \"name\": \"Basic\",\n   \"tier\": \"Free\"\n  }\n }"
    headers:
      cache-control:
      - no-cache
      content-length:
      - '4012'
      content-type:
      - application/json
      date:
      - Fri, 25 Mar 2022 05:30:18 GMT
      expires:
      - '-1'
      pragma:
      - no-cache
      server:
      - nginx
      strict-transport-security:
      - max-age=31536000; includeSubDomains
      transfer-encoding:
      - chunked
      vary:
      - Accept-Encoding
      x-content-type-options:
      - nosniff
    status:
      code: 200
      message: OK
- request:
    body: null
    headers:
      Accept:
      - application/json
      Accept-Encoding:
      - gzip, deflate
      CommandName:
      - aks disable-addons
      Connection:
      - keep-alive
      ParameterSetName:
      - --addons --resource-group --name -o
      User-Agent:
      - AZURECLI/2.34.1 azsdk-python-azure-mgmt-containerservice/18.0.0 Python/3.8.10
        (Linux-5.13.0-1017-azure-x86_64-with-glibc2.29)
    method: GET
    uri: https://management.azure.com/subscriptions/00000000-0000-0000-0000-000000000000/resourceGroups/clitest000001/providers/Microsoft.ContainerService/managedClusters/cliakstest000002?api-version=2022-02-01
  response:
    body:
      string: "{\n  \"id\": \"/subscriptions/00000000-0000-0000-0000-000000000000/resourcegroups/clitest000001/providers/Microsoft.ContainerService/managedClusters/cliakstest000002\",\n
        \ \"location\": \"westus2\",\n  \"name\": \"cliakstest000002\",\n  \"type\":
        \"Microsoft.ContainerService/ManagedClusters\",\n  \"properties\": {\n   \"provisioningState\":
        \"Succeeded\",\n   \"powerState\": {\n    \"code\": \"Running\"\n   },\n   \"kubernetesVersion\":
        \"1.21.9\",\n   \"currentKubernetesVersion\": \"1.21.9\",\n   \"dnsPrefix\":
        \"cliakstest-clitestsq7rfmaqj-79a739\",\n   \"fqdn\": \"cliakstest-clitestsq7rfmaqj-79a739-907bb620.hcp.westus2.azmk8s.io\",\n
        \  \"azurePortalFQDN\": \"cliakstest-clitestsq7rfmaqj-79a739-907bb620.portal.hcp.westus2.azmk8s.io\",\n
        \  \"agentPoolProfiles\": [\n    {\n     \"name\": \"nodepool1\",\n     \"count\":
        3,\n     \"vmSize\": \"Standard_DS2_v2\",\n     \"osDiskSizeGB\": 128,\n     \"osDiskType\":
        \"Managed\",\n     \"kubeletDiskType\": \"OS\",\n     \"maxPods\": 110,\n
        \    \"type\": \"VirtualMachineScaleSets\",\n     \"enableAutoScaling\": false,\n
        \    \"provisioningState\": \"Succeeded\",\n     \"powerState\": {\n      \"code\":
        \"Running\"\n     },\n     \"orchestratorVersion\": \"1.21.9\",\n     \"enableNodePublicIP\":
        false,\n     \"mode\": \"System\",\n     \"enableEncryptionAtHost\": false,\n
        \    \"enableUltraSSD\": false,\n     \"osType\": \"Linux\",\n     \"osSKU\":
        \"Ubuntu\",\n     \"nodeImageVersion\": \"AKSUbuntu-1804gen2containerd-2022.03.21\",\n
        \    \"enableFIPS\": false\n    }\n   ],\n   \"linuxProfile\": {\n    \"adminUsername\":
        \"azureuser\",\n    \"ssh\": {\n     \"publicKeys\": [\n      {\n       \"keyData\":
        \"ssh-rsa AAAAB3NzaC1yc2EAAAADAQABAAABAQDb7ZVBup3y1RYbGDyGyuOQrULWhQSzhTifTEMKG0Lc5hnGPJY8GGKIRx4MDxX03aVBY3izux3vtYV9U+fwqoj6MmhK8uFMXq62IoY5wDlE1dLqsSGkt486bYqIIlWw0JcMRTI2uqCgkFvOvi8yKgFg41Vhg8yxJNrH5xNpE8+a6bLxOezjYx6niDEZYR+lASfdWpAr9C8HftZ9UMC93JPRqgI/iswHkQiz7AjeBnw8dhek0PJ/sLausN27KVhcH0pbTxpX9eQntAeHAKRQAJyWmdQ+7gueqE/VDukCjanQi0zKQvAhaeFiMsthqM6vNzAlqT4gpEzqwJLQgz8vjGFt
        azcli_aks_live_test@example.com\\n\"\n      }\n     ]\n    }\n   },\n   \"servicePrincipalProfile\":
        {\n    \"clientId\":\"00000000-0000-0000-0000-000000000001\"\n   },\n   \"addonProfiles\":
        {\n    \"openServiceMesh\": {\n     \"enabled\": true,\n     \"config\": null,\n
        \    \"identity\": {\n      \"resourceId\": \"/subscriptions/00000000-0000-0000-0000-000000000000/resourcegroups/MC_clitest000001_cliakstest000002_westus2/providers/Microsoft.ManagedIdentity/userAssignedIdentities/openservicemesh-cliakstest000002\",\n
        \     \"clientId\":\"00000000-0000-0000-0000-000000000001\",\n      \"objectId\":\"00000000-0000-0000-0000-000000000001\"\n
        \    }\n    }\n   },\n   \"nodeResourceGroup\": \"MC_clitest000001_cliakstest000002_westus2\",\n
        \  \"enableRBAC\": true,\n   \"networkProfile\": {\n    \"networkPlugin\":
        \"kubenet\",\n    \"loadBalancerSku\": \"Standard\",\n    \"loadBalancerProfile\":
        {\n     \"managedOutboundIPs\": {\n      \"count\": 1\n     },\n     \"effectiveOutboundIPs\":
        [\n      {\n       \"id\": \"/subscriptions/00000000-0000-0000-0000-000000000000/resourceGroups/MC_clitest000001_cliakstest000002_westus2/providers/Microsoft.Network/publicIPAddresses/d7cf8574-7c40-4c18-981d-44620a0cf7b0\"\n
        \     }\n     ]\n    },\n    \"podCidr\": \"10.244.0.0/16\",\n    \"serviceCidr\":
        \"10.0.0.0/16\",\n    \"dnsServiceIP\": \"10.0.0.10\",\n    \"dockerBridgeCidr\":
        \"172.17.0.1/16\",\n    \"outboundType\": \"loadBalancer\",\n    \"podCidrs\":
        [\n     \"10.244.0.0/16\"\n    ],\n    \"serviceCidrs\": [\n     \"10.0.0.0/16\"\n
        \   ],\n    \"ipFamilies\": [\n     \"IPv4\"\n    ]\n   },\n   \"maxAgentPools\":
        100,\n   \"identityProfile\": {\n    \"kubeletidentity\": {\n     \"resourceId\":
        \"/subscriptions/00000000-0000-0000-0000-000000000000/resourcegroups/MC_clitest000001_cliakstest000002_westus2/providers/Microsoft.ManagedIdentity/userAssignedIdentities/cliakstest000002-agentpool\",\n
        \    \"clientId\":\"00000000-0000-0000-0000-000000000001\",\n     \"objectId\":\"00000000-0000-0000-0000-000000000001\"\n
        \   }\n   },\n   \"disableLocalAccounts\": false\n  },\n  \"identity\": {\n
        \  \"type\": \"SystemAssigned\",\n   \"principalId\":\"00000000-0000-0000-0000-000000000001\",\n
        \  \"tenantId\": \"72f988bf-86f1-41af-91ab-2d7cd011db47\"\n  },\n  \"sku\":
        {\n   \"name\": \"Basic\",\n   \"tier\": \"Free\"\n  }\n }"
    headers:
      cache-control:
      - no-cache
      content-length:
      - '4012'
      content-type:
      - application/json
      date:
      - Fri, 25 Mar 2022 05:30:19 GMT
      expires:
      - '-1'
      pragma:
      - no-cache
      server:
      - nginx
      strict-transport-security:
      - max-age=31536000; includeSubDomains
      transfer-encoding:
      - chunked
      vary:
      - Accept-Encoding
      x-content-type-options:
      - nosniff
    status:
      code: 200
      message: OK
- request:
    body: '{"location": "westus2", "sku": {"name": "Basic", "tier": "Free"}, "identity":
      {"type": "SystemAssigned"}, "properties": {"kubernetesVersion": "1.21.9", "dnsPrefix":
      "cliakstest-clitestsq7rfmaqj-79a739", "agentPoolProfiles": [{"count": 3, "vmSize":
      "Standard_DS2_v2", "osDiskSizeGB": 128, "osDiskType": "Managed", "kubeletDiskType":
      "OS", "maxPods": 110, "osType": "Linux", "osSKU": "Ubuntu", "enableAutoScaling":
      false, "type": "VirtualMachineScaleSets", "mode": "System", "orchestratorVersion":
      "1.21.9", "powerState": {"code": "Running"}, "enableNodePublicIP": false, "enableEncryptionAtHost":
      false, "enableUltraSSD": false, "enableFIPS": false, "name": "nodepool1"}],
      "linuxProfile": {"adminUsername": "azureuser", "ssh": {"publicKeys": [{"keyData":
      "ssh-rsa AAAAB3NzaC1yc2EAAAADAQABAAABAQDb7ZVBup3y1RYbGDyGyuOQrULWhQSzhTifTEMKG0Lc5hnGPJY8GGKIRx4MDxX03aVBY3izux3vtYV9U+fwqoj6MmhK8uFMXq62IoY5wDlE1dLqsSGkt486bYqIIlWw0JcMRTI2uqCgkFvOvi8yKgFg41Vhg8yxJNrH5xNpE8+a6bLxOezjYx6niDEZYR+lASfdWpAr9C8HftZ9UMC93JPRqgI/iswHkQiz7AjeBnw8dhek0PJ/sLausN27KVhcH0pbTxpX9eQntAeHAKRQAJyWmdQ+7gueqE/VDukCjanQi0zKQvAhaeFiMsthqM6vNzAlqT4gpEzqwJLQgz8vjGFt
      azcli_aks_live_test@example.com\n"}]}}, "addonProfiles": {"openServiceMesh":
      {"enabled": false}}, "nodeResourceGroup": "MC_clitest000001_cliakstest000002_westus2",
      "enableRBAC": true, "networkProfile": {"networkPlugin": "kubenet", "podCidr":
      "10.244.0.0/16", "serviceCidr": "10.0.0.0/16", "dnsServiceIP": "10.0.0.10",
      "dockerBridgeCidr": "172.17.0.1/16", "outboundType": "loadBalancer", "loadBalancerSku":
      "Standard", "loadBalancerProfile": {"managedOutboundIPs": {"count": 1}, "effectiveOutboundIPs":
      [{"id": "/subscriptions/00000000-0000-0000-0000-000000000000/resourceGroups/MC_clitest000001_cliakstest000002_westus2/providers/Microsoft.Network/publicIPAddresses/d7cf8574-7c40-4c18-981d-44620a0cf7b0"}]},
      "podCidrs": ["10.244.0.0/16"], "serviceCidrs": ["10.0.0.0/16"], "ipFamilies":
      ["IPv4"]}, "identityProfile": {"kubeletidentity": {"resourceId": "/subscriptions/00000000-0000-0000-0000-000000000000/resourcegroups/MC_clitest000001_cliakstest000002_westus2/providers/Microsoft.ManagedIdentity/userAssignedIdentities/cliakstest000002-agentpool",
      "clientId":"00000000-0000-0000-0000-000000000001", "objectId":"00000000-0000-0000-0000-000000000001"}},
      "disableLocalAccounts": false}}'
    headers:
      Accept:
      - application/json
      Accept-Encoding:
      - gzip, deflate
      CommandName:
      - aks disable-addons
      Connection:
      - keep-alive
      Content-Length:
      - '2320'
      Content-Type:
      - application/json
      ParameterSetName:
      - --addons --resource-group --name -o
      User-Agent:
      - AZURECLI/2.34.1 azsdk-python-azure-mgmt-containerservice/18.0.0 Python/3.8.10
        (Linux-5.13.0-1017-azure-x86_64-with-glibc2.29)
    method: PUT
    uri: https://management.azure.com/subscriptions/00000000-0000-0000-0000-000000000000/resourceGroups/clitest000001/providers/Microsoft.ContainerService/managedClusters/cliakstest000002?api-version=2022-02-01
  response:
    body:
      string: "{\n  \"id\": \"/subscriptions/00000000-0000-0000-0000-000000000000/resourcegroups/clitest000001/providers/Microsoft.ContainerService/managedClusters/cliakstest000002\",\n
        \ \"location\": \"westus2\",\n  \"name\": \"cliakstest000002\",\n  \"type\":
        \"Microsoft.ContainerService/ManagedClusters\",\n  \"properties\": {\n   \"provisioningState\":
        \"Updating\",\n   \"powerState\": {\n    \"code\": \"Running\"\n   },\n   \"kubernetesVersion\":
        \"1.21.9\",\n   \"currentKubernetesVersion\": \"1.21.9\",\n   \"dnsPrefix\":
        \"cliakstest-clitestsq7rfmaqj-79a739\",\n   \"fqdn\": \"cliakstest-clitestsq7rfmaqj-79a739-907bb620.hcp.westus2.azmk8s.io\",\n
        \  \"azurePortalFQDN\": \"cliakstest-clitestsq7rfmaqj-79a739-907bb620.portal.hcp.westus2.azmk8s.io\",\n
        \  \"agentPoolProfiles\": [\n    {\n     \"name\": \"nodepool1\",\n     \"count\":
        3,\n     \"vmSize\": \"Standard_DS2_v2\",\n     \"osDiskSizeGB\": 128,\n     \"osDiskType\":
        \"Managed\",\n     \"kubeletDiskType\": \"OS\",\n     \"maxPods\": 110,\n
        \    \"type\": \"VirtualMachineScaleSets\",\n     \"enableAutoScaling\": false,\n
        \    \"provisioningState\": \"Updating\",\n     \"powerState\": {\n      \"code\":
        \"Running\"\n     },\n     \"orchestratorVersion\": \"1.21.9\",\n     \"enableNodePublicIP\":
        false,\n     \"mode\": \"System\",\n     \"enableEncryptionAtHost\": false,\n
        \    \"enableUltraSSD\": false,\n     \"osType\": \"Linux\",\n     \"osSKU\":
        \"Ubuntu\",\n     \"nodeImageVersion\": \"AKSUbuntu-1804gen2containerd-2022.03.21\",\n
        \    \"enableFIPS\": false\n    }\n   ],\n   \"linuxProfile\": {\n    \"adminUsername\":
        \"azureuser\",\n    \"ssh\": {\n     \"publicKeys\": [\n      {\n       \"keyData\":
        \"ssh-rsa AAAAB3NzaC1yc2EAAAADAQABAAABAQDb7ZVBup3y1RYbGDyGyuOQrULWhQSzhTifTEMKG0Lc5hnGPJY8GGKIRx4MDxX03aVBY3izux3vtYV9U+fwqoj6MmhK8uFMXq62IoY5wDlE1dLqsSGkt486bYqIIlWw0JcMRTI2uqCgkFvOvi8yKgFg41Vhg8yxJNrH5xNpE8+a6bLxOezjYx6niDEZYR+lASfdWpAr9C8HftZ9UMC93JPRqgI/iswHkQiz7AjeBnw8dhek0PJ/sLausN27KVhcH0pbTxpX9eQntAeHAKRQAJyWmdQ+7gueqE/VDukCjanQi0zKQvAhaeFiMsthqM6vNzAlqT4gpEzqwJLQgz8vjGFt
        azcli_aks_live_test@example.com\\n\"\n      }\n     ]\n    }\n   },\n   \"servicePrincipalProfile\":
        {\n    \"clientId\":\"00000000-0000-0000-0000-000000000001\"\n   },\n   \"addonProfiles\":
        {\n    \"openServiceMesh\": {\n     \"enabled\": false,\n     \"config\":
        null\n    }\n   },\n   \"nodeResourceGroup\": \"MC_clitest000001_cliakstest000002_westus2\",\n
        \  \"enableRBAC\": true,\n   \"networkProfile\": {\n    \"networkPlugin\":
        \"kubenet\",\n    \"loadBalancerSku\": \"Standard\",\n    \"loadBalancerProfile\":
        {\n     \"managedOutboundIPs\": {\n      \"count\": 1\n     },\n     \"effectiveOutboundIPs\":
        [\n      {\n       \"id\": \"/subscriptions/00000000-0000-0000-0000-000000000000/resourceGroups/MC_clitest000001_cliakstest000002_westus2/providers/Microsoft.Network/publicIPAddresses/d7cf8574-7c40-4c18-981d-44620a0cf7b0\"\n
        \     }\n     ]\n    },\n    \"podCidr\": \"10.244.0.0/16\",\n    \"serviceCidr\":
        \"10.0.0.0/16\",\n    \"dnsServiceIP\": \"10.0.0.10\",\n    \"dockerBridgeCidr\":
        \"172.17.0.1/16\",\n    \"outboundType\": \"loadBalancer\",\n    \"podCidrs\":
        [\n     \"10.244.0.0/16\"\n    ],\n    \"serviceCidrs\": [\n     \"10.0.0.0/16\"\n
        \   ],\n    \"ipFamilies\": [\n     \"IPv4\"\n    ]\n   },\n   \"maxAgentPools\":
        100,\n   \"identityProfile\": {\n    \"kubeletidentity\": {\n     \"resourceId\":
        \"/subscriptions/00000000-0000-0000-0000-000000000000/resourcegroups/MC_clitest000001_cliakstest000002_westus2/providers/Microsoft.ManagedIdentity/userAssignedIdentities/cliakstest000002-agentpool\",\n
        \    \"clientId\":\"00000000-0000-0000-0000-000000000001\",\n     \"objectId\":\"00000000-0000-0000-0000-000000000001\"\n
        \   }\n   },\n   \"disableLocalAccounts\": false\n  },\n  \"identity\": {\n
        \  \"type\": \"SystemAssigned\",\n   \"principalId\":\"00000000-0000-0000-0000-000000000001\",\n
        \  \"tenantId\": \"72f988bf-86f1-41af-91ab-2d7cd011db47\"\n  },\n  \"sku\":
        {\n   \"name\": \"Basic\",\n   \"tier\": \"Free\"\n  }\n }"
    headers:
      azure-asyncoperation:
      - https://management.azure.com/subscriptions/00000000-0000-0000-0000-000000000000/providers/Microsoft.ContainerService/locations/westus2/operations/dc9e3f50-a922-427a-a899-1e019fc0e943?api-version=2016-03-30
      cache-control:
      - no-cache
      content-length:
      - '3647'
      content-type:
      - application/json
      date:
      - Fri, 25 Mar 2022 05:30:21 GMT
      expires:
      - '-1'
      pragma:
      - no-cache
      server:
      - nginx
      strict-transport-security:
      - max-age=31536000; includeSubDomains
      transfer-encoding:
      - chunked
      vary:
      - Accept-Encoding
      x-content-type-options:
      - nosniff
      x-ms-ratelimit-remaining-subscription-writes:
      - '1188'
    status:
      code: 200
      message: OK
- request:
    body: null
    headers:
      Accept:
      - '*/*'
      Accept-Encoding:
      - gzip, deflate
      CommandName:
      - aks disable-addons
      Connection:
      - keep-alive
      ParameterSetName:
      - --addons --resource-group --name -o
      User-Agent:
      - AZURECLI/2.34.1 azsdk-python-azure-mgmt-containerservice/18.0.0 Python/3.8.10
        (Linux-5.13.0-1017-azure-x86_64-with-glibc2.29)
    method: GET
    uri: https://management.azure.com/subscriptions/00000000-0000-0000-0000-000000000000/providers/Microsoft.ContainerService/locations/westus2/operations/dc9e3f50-a922-427a-a899-1e019fc0e943?api-version=2016-03-30
  response:
    body:
      string: "{\n  \"name\": \"503f9edc-22a9-7a42-a899-1e019fc0e943\",\n  \"status\":
        \"InProgress\",\n  \"startTime\": \"2022-03-25T05:30:21.3Z\"\n }"
    headers:
      cache-control:
      - no-cache
      content-length:
      - '120'
      content-type:
      - application/json
      date:
      - Fri, 25 Mar 2022 05:30:51 GMT
      expires:
      - '-1'
      pragma:
      - no-cache
      server:
      - nginx
      strict-transport-security:
      - max-age=31536000; includeSubDomains
      transfer-encoding:
      - chunked
      vary:
      - Accept-Encoding
      x-content-type-options:
      - nosniff
    status:
      code: 200
      message: OK
- request:
    body: null
    headers:
      Accept:
      - '*/*'
      Accept-Encoding:
      - gzip, deflate
      CommandName:
      - aks disable-addons
      Connection:
      - keep-alive
      ParameterSetName:
      - --addons --resource-group --name -o
      User-Agent:
      - AZURECLI/2.34.1 azsdk-python-azure-mgmt-containerservice/18.0.0 Python/3.8.10
        (Linux-5.13.0-1017-azure-x86_64-with-glibc2.29)
    method: GET
    uri: https://management.azure.com/subscriptions/00000000-0000-0000-0000-000000000000/providers/Microsoft.ContainerService/locations/westus2/operations/dc9e3f50-a922-427a-a899-1e019fc0e943?api-version=2016-03-30
  response:
    body:
      string: "{\n  \"name\": \"503f9edc-22a9-7a42-a899-1e019fc0e943\",\n  \"status\":
        \"InProgress\",\n  \"startTime\": \"2022-03-25T05:30:21.3Z\"\n }"
    headers:
      cache-control:
      - no-cache
      content-length:
      - '120'
      content-type:
      - application/json
      date:
      - Fri, 25 Mar 2022 05:31:21 GMT
      expires:
      - '-1'
      pragma:
      - no-cache
      server:
      - nginx
      strict-transport-security:
      - max-age=31536000; includeSubDomains
      transfer-encoding:
      - chunked
      vary:
      - Accept-Encoding
      x-content-type-options:
      - nosniff
    status:
      code: 200
      message: OK
- request:
    body: null
    headers:
      Accept:
      - '*/*'
      Accept-Encoding:
      - gzip, deflate
      CommandName:
      - aks disable-addons
      Connection:
      - keep-alive
      ParameterSetName:
      - --addons --resource-group --name -o
      User-Agent:
      - AZURECLI/2.34.1 azsdk-python-azure-mgmt-containerservice/18.0.0 Python/3.8.10
        (Linux-5.13.0-1017-azure-x86_64-with-glibc2.29)
    method: GET
    uri: https://management.azure.com/subscriptions/00000000-0000-0000-0000-000000000000/providers/Microsoft.ContainerService/locations/westus2/operations/dc9e3f50-a922-427a-a899-1e019fc0e943?api-version=2016-03-30
  response:
    body:
      string: "{\n  \"name\": \"503f9edc-22a9-7a42-a899-1e019fc0e943\",\n  \"status\":
        \"InProgress\",\n  \"startTime\": \"2022-03-25T05:30:21.3Z\"\n }"
    headers:
      cache-control:
      - no-cache
      content-length:
      - '120'
      content-type:
      - application/json
      date:
      - Fri, 25 Mar 2022 05:31:51 GMT
      expires:
      - '-1'
      pragma:
      - no-cache
      server:
      - nginx
      strict-transport-security:
      - max-age=31536000; includeSubDomains
      transfer-encoding:
      - chunked
      vary:
      - Accept-Encoding
      x-content-type-options:
      - nosniff
    status:
      code: 200
      message: OK
- request:
    body: null
    headers:
      Accept:
      - '*/*'
      Accept-Encoding:
      - gzip, deflate
      CommandName:
      - aks disable-addons
      Connection:
      - keep-alive
      ParameterSetName:
      - --addons --resource-group --name -o
      User-Agent:
      - AZURECLI/2.34.1 azsdk-python-azure-mgmt-containerservice/18.0.0 Python/3.8.10
        (Linux-5.13.0-1017-azure-x86_64-with-glibc2.29)
    method: GET
    uri: https://management.azure.com/subscriptions/00000000-0000-0000-0000-000000000000/providers/Microsoft.ContainerService/locations/westus2/operations/dc9e3f50-a922-427a-a899-1e019fc0e943?api-version=2016-03-30
  response:
    body:
      string: "{\n  \"name\": \"503f9edc-22a9-7a42-a899-1e019fc0e943\",\n  \"status\":
        \"Succeeded\",\n  \"startTime\": \"2022-03-25T05:30:21.3Z\",\n  \"endTime\":
        \"2022-03-25T05:32:01.93427Z\"\n }"
    headers:
      cache-control:
      - no-cache
      content-length:
      - '162'
      content-type:
      - application/json
      date:
      - Fri, 25 Mar 2022 05:32:21 GMT
      expires:
      - '-1'
      pragma:
      - no-cache
      server:
      - nginx
      strict-transport-security:
      - max-age=31536000; includeSubDomains
      transfer-encoding:
      - chunked
      vary:
      - Accept-Encoding
      x-content-type-options:
      - nosniff
    status:
      code: 200
      message: OK
- request:
    body: null
    headers:
      Accept:
      - '*/*'
      Accept-Encoding:
      - gzip, deflate
      CommandName:
      - aks disable-addons
      Connection:
      - keep-alive
      ParameterSetName:
      - --addons --resource-group --name -o
      User-Agent:
      - AZURECLI/2.34.1 azsdk-python-azure-mgmt-containerservice/18.0.0 Python/3.8.10
        (Linux-5.13.0-1017-azure-x86_64-with-glibc2.29)
    method: GET
    uri: https://management.azure.com/subscriptions/00000000-0000-0000-0000-000000000000/resourceGroups/clitest000001/providers/Microsoft.ContainerService/managedClusters/cliakstest000002?api-version=2022-02-01
  response:
    body:
      string: "{\n  \"id\": \"/subscriptions/00000000-0000-0000-0000-000000000000/resourcegroups/clitest000001/providers/Microsoft.ContainerService/managedClusters/cliakstest000002\",\n
        \ \"location\": \"westus2\",\n  \"name\": \"cliakstest000002\",\n  \"type\":
        \"Microsoft.ContainerService/ManagedClusters\",\n  \"properties\": {\n   \"provisioningState\":
        \"Succeeded\",\n   \"powerState\": {\n    \"code\": \"Running\"\n   },\n   \"kubernetesVersion\":
        \"1.21.9\",\n   \"currentKubernetesVersion\": \"1.21.9\",\n   \"dnsPrefix\":
        \"cliakstest-clitestsq7rfmaqj-79a739\",\n   \"fqdn\": \"cliakstest-clitestsq7rfmaqj-79a739-907bb620.hcp.westus2.azmk8s.io\",\n
        \  \"azurePortalFQDN\": \"cliakstest-clitestsq7rfmaqj-79a739-907bb620.portal.hcp.westus2.azmk8s.io\",\n
        \  \"agentPoolProfiles\": [\n    {\n     \"name\": \"nodepool1\",\n     \"count\":
        3,\n     \"vmSize\": \"Standard_DS2_v2\",\n     \"osDiskSizeGB\": 128,\n     \"osDiskType\":
        \"Managed\",\n     \"kubeletDiskType\": \"OS\",\n     \"maxPods\": 110,\n
        \    \"type\": \"VirtualMachineScaleSets\",\n     \"enableAutoScaling\": false,\n
        \    \"provisioningState\": \"Succeeded\",\n     \"powerState\": {\n      \"code\":
        \"Running\"\n     },\n     \"orchestratorVersion\": \"1.21.9\",\n     \"enableNodePublicIP\":
        false,\n     \"mode\": \"System\",\n     \"enableEncryptionAtHost\": false,\n
        \    \"enableUltraSSD\": false,\n     \"osType\": \"Linux\",\n     \"osSKU\":
        \"Ubuntu\",\n     \"nodeImageVersion\": \"AKSUbuntu-1804gen2containerd-2022.03.21\",\n
        \    \"enableFIPS\": false\n    }\n   ],\n   \"linuxProfile\": {\n    \"adminUsername\":
        \"azureuser\",\n    \"ssh\": {\n     \"publicKeys\": [\n      {\n       \"keyData\":
        \"ssh-rsa AAAAB3NzaC1yc2EAAAADAQABAAABAQDb7ZVBup3y1RYbGDyGyuOQrULWhQSzhTifTEMKG0Lc5hnGPJY8GGKIRx4MDxX03aVBY3izux3vtYV9U+fwqoj6MmhK8uFMXq62IoY5wDlE1dLqsSGkt486bYqIIlWw0JcMRTI2uqCgkFvOvi8yKgFg41Vhg8yxJNrH5xNpE8+a6bLxOezjYx6niDEZYR+lASfdWpAr9C8HftZ9UMC93JPRqgI/iswHkQiz7AjeBnw8dhek0PJ/sLausN27KVhcH0pbTxpX9eQntAeHAKRQAJyWmdQ+7gueqE/VDukCjanQi0zKQvAhaeFiMsthqM6vNzAlqT4gpEzqwJLQgz8vjGFt
        azcli_aks_live_test@example.com\\n\"\n      }\n     ]\n    }\n   },\n   \"servicePrincipalProfile\":
        {\n    \"clientId\":\"00000000-0000-0000-0000-000000000001\"\n   },\n   \"addonProfiles\":
        {\n    \"openServiceMesh\": {\n     \"enabled\": false,\n     \"config\":
        null\n    }\n   },\n   \"nodeResourceGroup\": \"MC_clitest000001_cliakstest000002_westus2\",\n
        \  \"enableRBAC\": true,\n   \"networkProfile\": {\n    \"networkPlugin\":
        \"kubenet\",\n    \"loadBalancerSku\": \"Standard\",\n    \"loadBalancerProfile\":
        {\n     \"managedOutboundIPs\": {\n      \"count\": 1\n     },\n     \"effectiveOutboundIPs\":
        [\n      {\n       \"id\": \"/subscriptions/00000000-0000-0000-0000-000000000000/resourceGroups/MC_clitest000001_cliakstest000002_westus2/providers/Microsoft.Network/publicIPAddresses/d7cf8574-7c40-4c18-981d-44620a0cf7b0\"\n
        \     }\n     ]\n    },\n    \"podCidr\": \"10.244.0.0/16\",\n    \"serviceCidr\":
        \"10.0.0.0/16\",\n    \"dnsServiceIP\": \"10.0.0.10\",\n    \"dockerBridgeCidr\":
        \"172.17.0.1/16\",\n    \"outboundType\": \"loadBalancer\",\n    \"podCidrs\":
        [\n     \"10.244.0.0/16\"\n    ],\n    \"serviceCidrs\": [\n     \"10.0.0.0/16\"\n
        \   ],\n    \"ipFamilies\": [\n     \"IPv4\"\n    ]\n   },\n   \"maxAgentPools\":
        100,\n   \"identityProfile\": {\n    \"kubeletidentity\": {\n     \"resourceId\":
        \"/subscriptions/00000000-0000-0000-0000-000000000000/resourcegroups/MC_clitest000001_cliakstest000002_westus2/providers/Microsoft.ManagedIdentity/userAssignedIdentities/cliakstest000002-agentpool\",\n
        \    \"clientId\":\"00000000-0000-0000-0000-000000000001\",\n     \"objectId\":\"00000000-0000-0000-0000-000000000001\"\n
        \   }\n   },\n   \"disableLocalAccounts\": false\n  },\n  \"identity\": {\n
        \  \"type\": \"SystemAssigned\",\n   \"principalId\":\"00000000-0000-0000-0000-000000000001\",\n
        \  \"tenantId\": \"72f988bf-86f1-41af-91ab-2d7cd011db47\"\n  },\n  \"sku\":
        {\n   \"name\": \"Basic\",\n   \"tier\": \"Free\"\n  }\n }"
    headers:
      cache-control:
      - no-cache
      content-length:
      - '3649'
      content-type:
      - application/json
      date:
      - Fri, 25 Mar 2022 05:32:21 GMT
      expires:
      - '-1'
      pragma:
      - no-cache
      server:
      - nginx
      strict-transport-security:
      - max-age=31536000; includeSubDomains
      transfer-encoding:
      - chunked
      vary:
      - Accept-Encoding
      x-content-type-options:
      - nosniff
    status:
      code: 200
      message: OK
version: 1
