interactions:
- request:
    body: '{"location": "westus2", "tags": {}}'
    headers:
      Accept:
      - application/json
      Accept-Encoding:
      - gzip, deflate
      CommandName:
      - ppg create
      Connection:
      - keep-alive
      Content-Length:
      - '35'
      Content-Type:
      - application/json
      ParameterSetName:
      - -n -g --location
      User-Agent:
      - AZURECLI/2.23.0 (DOCKER) azsdk-python-azure-mgmt-compute/20.0.0 Python/3.6.10
        (Linux-5.10.25-linuxkit-x86_64-with)
    method: PUT
    uri: https://management.azure.com/subscriptions/00000000-0000-0000-0000-000000000000/resourceGroups/clitest000001/providers/Microsoft.Compute/proximityPlacementGroups/clippg000004?api-version=2020-12-01
  response:
    body:
      string: "{\r\n  \"name\": \"clippg000004\",\r\n  \"id\": \"/subscriptions/00000000-0000-0000-0000-000000000000/resourceGroups/clitest000001/providers/Microsoft.Compute/proximityPlacementGroups/clippg000004\"\
        ,\r\n  \"type\": \"Microsoft.Compute/proximityPlacementGroups\",\r\n  \"location\"\
        : \"westus2\",\r\n  \"tags\": {},\r\n  \"properties\": {\r\n    \"proximityPlacementGroupType\"\
        : \"Standard\"\r\n  }\r\n}"
    headers:
      cache-control:
      - no-cache
      content-length:
      - '371'
      content-type:
      - application/json; charset=utf-8
      date:
      - Wed, 12 May 2021 23:51:32 GMT
      expires:
      - '-1'
      pragma:
      - no-cache
      server:
      - Microsoft-HTTPAPI/2.0
      - Microsoft-HTTPAPI/2.0
      strict-transport-security:
      - max-age=31536000; includeSubDomains
      x-content-type-options:
      - nosniff
      x-ms-ratelimit-remaining-resource:
      - Microsoft.Compute/PutDeletePPG3Min;99,Microsoft.Compute/PutDeletePPG30Min;499
      x-ms-ratelimit-remaining-subscription-writes:
      - '1199'
    status:
      code: 201
      message: Created
- request:
    body: null
    headers:
      Accept:
      - application/json
      Accept-Encoding:
      - gzip, deflate
      CommandName:
      - aks create
      Connection:
      - keep-alive
      ParameterSetName:
      - --resource-group --name --location --dns-name-prefix --node-count --ssh-key-value
        --service-principal --client-secret --ppg
      User-Agent:
      - AZURECLI/2.23.0 (DOCKER) azsdk-python-azure-mgmt-resource/16.1.0 Python/3.6.10
        (Linux-5.10.25-linuxkit-x86_64-with)
    method: GET
    uri: https://management.azure.com/subscriptions/00000000-0000-0000-0000-000000000000/resourcegroups/clitest000001?api-version=2020-10-01
  response:
    body:
      string: '{"id":"/subscriptions/00000000-0000-0000-0000-000000000000/resourceGroups/clitest000001","name":"clitest000001","type":"Microsoft.Resources/resourceGroups","location":"westus2","tags":{"product":"azurecli","cause":"automation","date":"2021-05-12T23:51:20Z"},"properties":{"provisioningState":"Succeeded"}}'
    headers:
      cache-control:
      - no-cache
      content-length:
      - '313'
      content-type:
      - application/json; charset=utf-8
      date:
      - Wed, 12 May 2021 23:51:33 GMT
      expires:
      - '-1'
      pragma:
      - no-cache
      strict-transport-security:
      - max-age=31536000; includeSubDomains
      vary:
      - Accept-Encoding
      x-content-type-options:
      - nosniff
    status:
      code: 200
      message: OK
- request:
    body: '{"location": "westus2", "properties": {"kubernetesVersion": "", "dnsPrefix":
      "cliaksdns000003", "agentPoolProfiles": [{"count": 1, "vmSize": "Standard_DS2_v2",
      "osType": "Linux", "type": "VirtualMachineScaleSets", "mode": "System", "enableNodePublicIP":
      false, "scaleSetPriority": "Regular", "scaleSetEvictionPolicy": "Delete", "proximityPlacementGroupID":
      "/subscriptions/00000000-0000-0000-0000-000000000000/resourceGroups/clitest000001/providers/Microsoft.Compute/proximityPlacementGroups/clippg000004",
      "enableEncryptionAtHost": false, "name": "nodepool1"}], "linuxProfile": {"adminUsername":
      "azureuser", "ssh": {"publicKeys": [{"keyData": "ssh-rsa AAAAB3NzaC1yc2EAAAADAQABAAACAQCbIg1guRHbI0lV11wWDt1r2cUdcNd27CJsg+SfgC7miZeubtwUhbsPdhMQsfDyhOWHq1+ZL0M+nJZV63d/1dhmhtgyOqejUwrPlzKhydsbrsdUor+JmNJDdW01v7BXHyuymT8G4s09jCasNOwiufbP/qp72ruu0bIA1nySsvlf9pCQAuFkAnVnf/rFhUlOkhtRpwcq8SUNY2zRHR/EKb/4NWY1JzR4sa3q2fWIJdrrX0DvLoa5g9bIEd4Df79ba7v+yiUBOS0zT2ll+z4g9izHK3EO5d8hL4jYxcjKs+wcslSYRWrascfscLgMlMGh0CdKeNTDjHpGPncaf3Z+FwwwjWeuiNBxv7bJo13/8B/098KlVDl4GZqsoBCEjPyJfV6hO0y/LkRGkk7oHWKgeWAfKtfLItRp00eZ4fcJNK9kCaSMmEugoZWcI7NGbZXzqFWqbpRI7NcDP9+WIQ+i9U5vqWsqd/zng4kbuAJ6UuKqIzB0upYrLShfQE3SAck8oaLhJqqq56VfDuASNpJKidV+zq27HfSBmbXnkR/5AK337dc3MXKJypoK/QPMLKUAP5XLPbs+NddJQV7EZXd29DLgp+fRIg3edpKdO7ZErWhv7d+3Kws+e1Y+ypmR2WIVSwVyBEUfgv2C8Ts9gnTF4pNcEY/S2aBicz5Ew2+jdyGNQQ==
      test@example.com\n"}]}}, "servicePrincipalProfile": {"clientId":"00000000-0000-0000-0000-000000000001",
      "secret":"fake-secret"}, "addonProfiles": {}, "enableRBAC": true, "networkProfile":
      {"networkPlugin": "kubenet", "podCidr": "10.244.0.0/16", "serviceCidr": "10.0.0.0/16",
      "dnsServiceIP": "10.0.0.10", "dockerBridgeCidr": "172.17.0.1/16", "outboundType":
      "loadBalancer", "loadBalancerSku": "standard"}}}'
    headers:
      Accept:
      - application/json
      Accept-Encoding:
      - gzip, deflate
      CommandName:
      - aks create
      Connection:
      - keep-alive
      Content-Length:
      - '1805'
      Content-Type:
      - application/json; charset=utf-8
      ParameterSetName:
      - --resource-group --name --location --dns-name-prefix --node-count --ssh-key-value
        --service-principal --client-secret --ppg
      User-Agent:
      - python/3.6.10 (Linux-5.10.25-linuxkit-x86_64-with) msrest/0.6.21 msrest_azure/0.6.3
        azure-mgmt-containerservice/11.2.0 Azure-SDK-For-Python AZURECLI/2.23.0 (DOCKER)
      accept-language:
      - en-US
    method: PUT
    uri: https://management.azure.com/subscriptions/00000000-0000-0000-0000-000000000000/resourceGroups/clitest000001/providers/Microsoft.ContainerService/managedClusters/cliakstest000001?api-version=2021-03-01
  response:
    body:
      string: "{\n  \"id\": \"/subscriptions/00000000-0000-0000-0000-000000000000/resourcegroups/clitest000001/providers/Microsoft.ContainerService/managedClusters/cliakstest000001\"\
        ,\n  \"location\": \"westus2\",\n  \"name\": \"cliakstest000001\",\n  \"type\"\
        : \"Microsoft.ContainerService/ManagedClusters\",\n  \"properties\": {\n \
        \  \"provisioningState\": \"Creating\",\n   \"powerState\": {\n    \"code\"\
        : \"Running\"\n   },\n   \"kubernetesVersion\": \"1.19.9\",\n   \"dnsPrefix\"\
        : \"cliaksdns000003\",\n   \"fqdn\": \"cliaksdns000003-975c5695.hcp.westus2.azmk8s.io\"\
        ,\n   \"azurePortalFQDN\": \"cliaksdns000003-975c5695.portal.hcp.westus2.azmk8s.io\"\
        ,\n   \"agentPoolProfiles\": [\n    {\n     \"name\": \"nodepool1\",\n   \
        \  \"count\": 1,\n     \"vmSize\": \"Standard_DS2_v2\",\n     \"osDiskSizeGB\"\
        : 128,\n     \"osDiskType\": \"Managed\",\n     \"kubeletDiskType\": \"OS\"\
        ,\n     \"maxPods\": 110,\n     \"type\": \"VirtualMachineScaleSets\",\n \
        \    \"provisioningState\": \"Creating\",\n     \"powerState\": {\n      \"\
        code\": \"Running\"\n     },\n     \"orchestratorVersion\": \"1.19.9\",\n\
        \     \"enableNodePublicIP\": false,\n     \"nodeLabels\": {},\n     \"mode\"\
        : \"System\",\n     \"proximityPlacementGroupID\": \"/subscriptions/00000000-0000-0000-0000-000000000000/resourceGroups/clitest000001/providers/Microsoft.Compute/proximityPlacementGroups/clippg000004\"\
        ,\n     \"enableEncryptionAtHost\": false,\n     \"osType\": \"Linux\",\n\
        \     \"nodeImageVersion\": \"AKSUbuntu-1804gen2containerd-2021.04.22\",\n\
        \     \"enableFIPS\": false\n    }\n   ],\n   \"linuxProfile\": {\n    \"\
        adminUsername\": \"azureuser\",\n    \"ssh\": {\n     \"publicKeys\": [\n\
        \      {\n       \"keyData\": \"ssh-rsa AAAAB3NzaC1yc2EAAAADAQABAAACAQCbIg1guRHbI0lV11wWDt1r2cUdcNd27CJsg+SfgC7miZeubtwUhbsPdhMQsfDyhOWHq1+ZL0M+nJZV63d/1dhmhtgyOqejUwrPlzKhydsbrsdUor+JmNJDdW01v7BXHyuymT8G4s09jCasNOwiufbP/qp72ruu0bIA1nySsvlf9pCQAuFkAnVnf/rFhUlOkhtRpwcq8SUNY2zRHR/EKb/4NWY1JzR4sa3q2fWIJdrrX0DvLoa5g9bIEd4Df79ba7v+yiUBOS0zT2ll+z4g9izHK3EO5d8hL4jYxcjKs+wcslSYRWrascfscLgMlMGh0CdKeNTDjHpGPncaf3Z+FwwwjWeuiNBxv7bJo13/8B/098KlVDl4GZqsoBCEjPyJfV6hO0y/LkRGkk7oHWKgeWAfKtfLItRp00eZ4fcJNK9kCaSMmEugoZWcI7NGbZXzqFWqbpRI7NcDP9+WIQ+i9U5vqWsqd/zng4kbuAJ6UuKqIzB0upYrLShfQE3SAck8oaLhJqqq56VfDuASNpJKidV+zq27HfSBmbXnkR/5AK337dc3MXKJypoK/QPMLKUAP5XLPbs+NddJQV7EZXd29DLgp+fRIg3edpKdO7ZErWhv7d+3Kws+e1Y+ypmR2WIVSwVyBEUfgv2C8Ts9gnTF4pNcEY/S2aBicz5Ew2+jdyGNQQ==\
        \ test@example.com\\n\"\n      }\n     ]\n    }\n   },\n   \"servicePrincipalProfile\"\
        : {\n    \"clientId\":\"00000000-0000-0000-0000-000000000001\"\n   },\n  \
        \ \"nodeResourceGroup\": \"MC_clitest000001_cliakstest000001_westus2\",\n\
        \   \"enableRBAC\": true,\n   \"networkProfile\": {\n    \"networkPlugin\"\
        : \"kubenet\",\n    \"loadBalancerSku\": \"standard\",\n    \"loadBalancerProfile\"\
        : {\n     \"managedOutboundIPs\": {\n      \"count\": 1\n     }\n    },\n\
        \    \"podCidr\": \"10.244.0.0/16\",\n    \"serviceCidr\": \"10.0.0.0/16\"\
        ,\n    \"dnsServiceIP\": \"10.0.0.10\",\n    \"dockerBridgeCidr\": \"172.17.0.1/16\"\
        ,\n    \"outboundType\": \"loadBalancer\"\n   },\n   \"maxAgentPools\": 100\n\
        \  },\n  \"sku\": {\n   \"name\": \"Basic\",\n   \"tier\": \"Free\"\n  }\n\
        \ }"
    headers:
      azure-asyncoperation:
      - https://management.azure.com/subscriptions/00000000-0000-0000-0000-000000000000/providers/Microsoft.ContainerService/locations/westus2/operations/b581f57a-6fe4-457f-aab0-796fda7adfcf?api-version=2016-03-30
      cache-control:
      - no-cache
      content-length:
      - '2932'
      content-type:
      - application/json
      date:
      - Wed, 12 May 2021 23:51:39 GMT
      expires:
      - '-1'
      pragma:
      - no-cache
      server:
      - nginx
      strict-transport-security:
      - max-age=31536000; includeSubDomains
      x-content-type-options:
      - nosniff
      x-ms-ratelimit-remaining-subscription-writes:
      - '1199'
    status:
      code: 201
      message: Created
- request:
    body: null
    headers:
      Accept:
      - application/json
      Accept-Encoding:
      - gzip, deflate
      CommandName:
      - aks create
      Connection:
      - keep-alive
      ParameterSetName:
      - --resource-group --name --location --dns-name-prefix --node-count --ssh-key-value
        --service-principal --client-secret --ppg
      User-Agent:
      - python/3.6.10 (Linux-5.10.25-linuxkit-x86_64-with) msrest/0.6.21 msrest_azure/0.6.3
        azure-mgmt-containerservice/11.2.0 Azure-SDK-For-Python AZURECLI/2.23.0 (DOCKER)
    method: GET
    uri: https://management.azure.com/subscriptions/00000000-0000-0000-0000-000000000000/providers/Microsoft.ContainerService/locations/westus2/operations/b581f57a-6fe4-457f-aab0-796fda7adfcf?api-version=2016-03-30
  response:
    body:
      string: "{\n  \"name\": \"7af581b5-e46f-7f45-aab0-796fda7adfcf\",\n  \"status\"\
        : \"InProgress\",\n  \"startTime\": \"2021-05-12T23:51:39.7766666Z\"\n }"
    headers:
      cache-control:
      - no-cache
      content-length:
      - '126'
      content-type:
      - application/json
      date:
      - Wed, 12 May 2021 23:52:09 GMT
      expires:
      - '-1'
      pragma:
      - no-cache
      server:
      - nginx
      strict-transport-security:
      - max-age=31536000; includeSubDomains
      transfer-encoding:
      - chunked
      vary:
      - Accept-Encoding
      x-content-type-options:
      - nosniff
    status:
      code: 200
      message: OK
- request:
    body: null
    headers:
      Accept:
      - application/json
      Accept-Encoding:
      - gzip, deflate
      CommandName:
      - aks create
      Connection:
      - keep-alive
      ParameterSetName:
      - --resource-group --name --location --dns-name-prefix --node-count --ssh-key-value
        --service-principal --client-secret --ppg
      User-Agent:
      - python/3.6.10 (Linux-5.10.25-linuxkit-x86_64-with) msrest/0.6.21 msrest_azure/0.6.3
        azure-mgmt-containerservice/11.2.0 Azure-SDK-For-Python AZURECLI/2.23.0 (DOCKER)
    method: GET
    uri: https://management.azure.com/subscriptions/00000000-0000-0000-0000-000000000000/providers/Microsoft.ContainerService/locations/westus2/operations/b581f57a-6fe4-457f-aab0-796fda7adfcf?api-version=2016-03-30
  response:
    body:
      string: "{\n  \"name\": \"7af581b5-e46f-7f45-aab0-796fda7adfcf\",\n  \"status\"\
        : \"InProgress\",\n  \"startTime\": \"2021-05-12T23:51:39.7766666Z\"\n }"
    headers:
      cache-control:
      - no-cache
      content-length:
      - '126'
      content-type:
      - application/json
      date:
      - Wed, 12 May 2021 23:52:40 GMT
      expires:
      - '-1'
      pragma:
      - no-cache
      server:
      - nginx
      strict-transport-security:
      - max-age=31536000; includeSubDomains
      transfer-encoding:
      - chunked
      vary:
      - Accept-Encoding
      x-content-type-options:
      - nosniff
    status:
      code: 200
      message: OK
- request:
    body: null
    headers:
      Accept:
      - application/json
      Accept-Encoding:
      - gzip, deflate
      CommandName:
      - aks create
      Connection:
      - keep-alive
      ParameterSetName:
      - --resource-group --name --location --dns-name-prefix --node-count --ssh-key-value
        --service-principal --client-secret --ppg
      User-Agent:
      - python/3.6.10 (Linux-5.10.25-linuxkit-x86_64-with) msrest/0.6.21 msrest_azure/0.6.3
        azure-mgmt-containerservice/11.2.0 Azure-SDK-For-Python AZURECLI/2.23.0 (DOCKER)
    method: GET
    uri: https://management.azure.com/subscriptions/00000000-0000-0000-0000-000000000000/providers/Microsoft.ContainerService/locations/westus2/operations/b581f57a-6fe4-457f-aab0-796fda7adfcf?api-version=2016-03-30
  response:
    body:
      string: "{\n  \"name\": \"7af581b5-e46f-7f45-aab0-796fda7adfcf\",\n  \"status\"\
        : \"InProgress\",\n  \"startTime\": \"2021-05-12T23:51:39.7766666Z\"\n }"
    headers:
      cache-control:
      - no-cache
      content-length:
      - '126'
      content-type:
      - application/json
      date:
      - Wed, 12 May 2021 23:53:10 GMT
      expires:
      - '-1'
      pragma:
      - no-cache
      server:
      - nginx
      strict-transport-security:
      - max-age=31536000; includeSubDomains
      transfer-encoding:
      - chunked
      vary:
      - Accept-Encoding
      x-content-type-options:
      - nosniff
    status:
      code: 200
      message: OK
- request:
    body: null
    headers:
      Accept:
      - application/json
      Accept-Encoding:
      - gzip, deflate
      CommandName:
      - aks create
      Connection:
      - keep-alive
      ParameterSetName:
      - --resource-group --name --location --dns-name-prefix --node-count --ssh-key-value
        --service-principal --client-secret --ppg
      User-Agent:
      - python/3.6.10 (Linux-5.10.25-linuxkit-x86_64-with) msrest/0.6.21 msrest_azure/0.6.3
        azure-mgmt-containerservice/11.2.0 Azure-SDK-For-Python AZURECLI/2.23.0 (DOCKER)
    method: GET
    uri: https://management.azure.com/subscriptions/00000000-0000-0000-0000-000000000000/providers/Microsoft.ContainerService/locations/westus2/operations/b581f57a-6fe4-457f-aab0-796fda7adfcf?api-version=2016-03-30
  response:
    body:
      string: "{\n  \"name\": \"7af581b5-e46f-7f45-aab0-796fda7adfcf\",\n  \"status\"\
        : \"InProgress\",\n  \"startTime\": \"2021-05-12T23:51:39.7766666Z\"\n }"
    headers:
      cache-control:
      - no-cache
      content-length:
      - '126'
      content-type:
      - application/json
      date:
      - Wed, 12 May 2021 23:53:39 GMT
      expires:
      - '-1'
      pragma:
      - no-cache
      server:
      - nginx
      strict-transport-security:
      - max-age=31536000; includeSubDomains
      transfer-encoding:
      - chunked
      vary:
      - Accept-Encoding
      x-content-type-options:
      - nosniff
    status:
      code: 200
      message: OK
- request:
    body: null
    headers:
      Accept:
      - application/json
      Accept-Encoding:
      - gzip, deflate
      CommandName:
      - aks create
      Connection:
      - keep-alive
      ParameterSetName:
      - --resource-group --name --location --dns-name-prefix --node-count --ssh-key-value
        --service-principal --client-secret --ppg
      User-Agent:
      - python/3.6.10 (Linux-5.10.25-linuxkit-x86_64-with) msrest/0.6.21 msrest_azure/0.6.3
        azure-mgmt-containerservice/11.2.0 Azure-SDK-For-Python AZURECLI/2.23.0 (DOCKER)
    method: GET
    uri: https://management.azure.com/subscriptions/00000000-0000-0000-0000-000000000000/providers/Microsoft.ContainerService/locations/westus2/operations/b581f57a-6fe4-457f-aab0-796fda7adfcf?api-version=2016-03-30
  response:
    body:
      string: "{\n  \"name\": \"7af581b5-e46f-7f45-aab0-796fda7adfcf\",\n  \"status\"\
        : \"InProgress\",\n  \"startTime\": \"2021-05-12T23:51:39.7766666Z\"\n }"
    headers:
      cache-control:
      - no-cache
      content-length:
      - '126'
      content-type:
      - application/json
      date:
      - Wed, 12 May 2021 23:54:10 GMT
      expires:
      - '-1'
      pragma:
      - no-cache
      server:
      - nginx
      strict-transport-security:
      - max-age=31536000; includeSubDomains
      transfer-encoding:
      - chunked
      vary:
      - Accept-Encoding
      x-content-type-options:
      - nosniff
    status:
      code: 200
      message: OK
- request:
    body: null
    headers:
      Accept:
      - application/json
      Accept-Encoding:
      - gzip, deflate
      CommandName:
      - aks create
      Connection:
      - keep-alive
      ParameterSetName:
      - --resource-group --name --location --dns-name-prefix --node-count --ssh-key-value
        --service-principal --client-secret --ppg
      User-Agent:
      - python/3.6.10 (Linux-5.10.25-linuxkit-x86_64-with) msrest/0.6.21 msrest_azure/0.6.3
        azure-mgmt-containerservice/11.2.0 Azure-SDK-For-Python AZURECLI/2.23.0 (DOCKER)
    method: GET
    uri: https://management.azure.com/subscriptions/00000000-0000-0000-0000-000000000000/providers/Microsoft.ContainerService/locations/westus2/operations/b581f57a-6fe4-457f-aab0-796fda7adfcf?api-version=2016-03-30
  response:
    body:
      string: "{\n  \"name\": \"7af581b5-e46f-7f45-aab0-796fda7adfcf\",\n  \"status\"\
        : \"InProgress\",\n  \"startTime\": \"2021-05-12T23:51:39.7766666Z\"\n }"
    headers:
      cache-control:
      - no-cache
      content-length:
      - '126'
      content-type:
      - application/json
      date:
      - Wed, 12 May 2021 23:54:40 GMT
      expires:
      - '-1'
      pragma:
      - no-cache
      server:
      - nginx
      strict-transport-security:
      - max-age=31536000; includeSubDomains
      transfer-encoding:
      - chunked
      vary:
      - Accept-Encoding
      x-content-type-options:
      - nosniff
    status:
      code: 200
      message: OK
- request:
    body: null
    headers:
      Accept:
      - application/json
      Accept-Encoding:
      - gzip, deflate
      CommandName:
      - aks create
      Connection:
      - keep-alive
      ParameterSetName:
      - --resource-group --name --location --dns-name-prefix --node-count --ssh-key-value
        --service-principal --client-secret --ppg
      User-Agent:
      - python/3.6.10 (Linux-5.10.25-linuxkit-x86_64-with) msrest/0.6.21 msrest_azure/0.6.3
        azure-mgmt-containerservice/11.2.0 Azure-SDK-For-Python AZURECLI/2.23.0 (DOCKER)
    method: GET
    uri: https://management.azure.com/subscriptions/00000000-0000-0000-0000-000000000000/providers/Microsoft.ContainerService/locations/westus2/operations/b581f57a-6fe4-457f-aab0-796fda7adfcf?api-version=2016-03-30
  response:
    body:
      string: "{\n  \"name\": \"7af581b5-e46f-7f45-aab0-796fda7adfcf\",\n  \"status\"\
        : \"InProgress\",\n  \"startTime\": \"2021-05-12T23:51:39.7766666Z\"\n }"
    headers:
      cache-control:
      - no-cache
      content-length:
      - '126'
      content-type:
      - application/json
      date:
      - Wed, 12 May 2021 23:55:10 GMT
      expires:
      - '-1'
      pragma:
      - no-cache
      server:
      - nginx
      strict-transport-security:
      - max-age=31536000; includeSubDomains
      transfer-encoding:
      - chunked
      vary:
      - Accept-Encoding
      x-content-type-options:
      - nosniff
    status:
      code: 200
      message: OK
- request:
    body: null
    headers:
      Accept:
      - application/json
      Accept-Encoding:
      - gzip, deflate
      CommandName:
      - aks create
      Connection:
      - keep-alive
      ParameterSetName:
      - --resource-group --name --location --dns-name-prefix --node-count --ssh-key-value
        --service-principal --client-secret --ppg
      User-Agent:
      - python/3.6.10 (Linux-5.10.25-linuxkit-x86_64-with) msrest/0.6.21 msrest_azure/0.6.3
        azure-mgmt-containerservice/11.2.0 Azure-SDK-For-Python AZURECLI/2.23.0 (DOCKER)
    method: GET
    uri: https://management.azure.com/subscriptions/00000000-0000-0000-0000-000000000000/providers/Microsoft.ContainerService/locations/westus2/operations/b581f57a-6fe4-457f-aab0-796fda7adfcf?api-version=2016-03-30
  response:
    body:
      string: "{\n  \"name\": \"7af581b5-e46f-7f45-aab0-796fda7adfcf\",\n  \"status\"\
        : \"InProgress\",\n  \"startTime\": \"2021-05-12T23:51:39.7766666Z\"\n }"
    headers:
      cache-control:
      - no-cache
      content-length:
      - '126'
      content-type:
      - application/json
      date:
      - Wed, 12 May 2021 23:55:40 GMT
      expires:
      - '-1'
      pragma:
      - no-cache
      server:
      - nginx
      strict-transport-security:
      - max-age=31536000; includeSubDomains
      transfer-encoding:
      - chunked
      vary:
      - Accept-Encoding
      x-content-type-options:
      - nosniff
    status:
      code: 200
      message: OK
- request:
    body: null
    headers:
      Accept:
      - application/json
      Accept-Encoding:
      - gzip, deflate
      CommandName:
      - aks create
      Connection:
      - keep-alive
      ParameterSetName:
      - --resource-group --name --location --dns-name-prefix --node-count --ssh-key-value
        --service-principal --client-secret --ppg
      User-Agent:
      - python/3.6.10 (Linux-5.10.25-linuxkit-x86_64-with) msrest/0.6.21 msrest_azure/0.6.3
        azure-mgmt-containerservice/11.2.0 Azure-SDK-For-Python AZURECLI/2.23.0 (DOCKER)
    method: GET
    uri: https://management.azure.com/subscriptions/00000000-0000-0000-0000-000000000000/providers/Microsoft.ContainerService/locations/westus2/operations/b581f57a-6fe4-457f-aab0-796fda7adfcf?api-version=2016-03-30
  response:
    body:
      string: "{\n  \"name\": \"7af581b5-e46f-7f45-aab0-796fda7adfcf\",\n  \"status\"\
        : \"Succeeded\",\n  \"startTime\": \"2021-05-12T23:51:39.7766666Z\",\n  \"\
        endTime\": \"2021-05-12T23:55:55.0426379Z\"\n }"
    headers:
      cache-control:
      - no-cache
      content-length:
      - '170'
      content-type:
      - application/json
      date:
      - Wed, 12 May 2021 23:56:10 GMT
      expires:
      - '-1'
      pragma:
      - no-cache
      server:
      - nginx
      strict-transport-security:
      - max-age=31536000; includeSubDomains
      transfer-encoding:
      - chunked
      vary:
      - Accept-Encoding
      x-content-type-options:
      - nosniff
    status:
      code: 200
      message: OK
- request:
    body: null
    headers:
      Accept:
      - application/json
      Accept-Encoding:
      - gzip, deflate
      CommandName:
      - aks create
      Connection:
      - keep-alive
      ParameterSetName:
      - --resource-group --name --location --dns-name-prefix --node-count --ssh-key-value
        --service-principal --client-secret --ppg
      User-Agent:
      - python/3.6.10 (Linux-5.10.25-linuxkit-x86_64-with) msrest/0.6.21 msrest_azure/0.6.3
        azure-mgmt-containerservice/11.2.0 Azure-SDK-For-Python AZURECLI/2.23.0 (DOCKER)
    method: GET
    uri: https://management.azure.com/subscriptions/00000000-0000-0000-0000-000000000000/resourceGroups/clitest000001/providers/Microsoft.ContainerService/managedClusters/cliakstest000001?api-version=2021-03-01
  response:
    body:
      string: "{\n  \"id\": \"/subscriptions/00000000-0000-0000-0000-000000000000/resourcegroups/clitest000001/providers/Microsoft.ContainerService/managedClusters/cliakstest000001\"\
        ,\n  \"location\": \"westus2\",\n  \"name\": \"cliakstest000001\",\n  \"type\"\
        : \"Microsoft.ContainerService/ManagedClusters\",\n  \"properties\": {\n \
        \  \"provisioningState\": \"Succeeded\",\n   \"powerState\": {\n    \"code\"\
        : \"Running\"\n   },\n   \"kubernetesVersion\": \"1.19.9\",\n   \"dnsPrefix\"\
        : \"cliaksdns000003\",\n   \"fqdn\": \"cliaksdns000003-975c5695.hcp.westus2.azmk8s.io\"\
        ,\n   \"azurePortalFQDN\": \"cliaksdns000003-975c5695.portal.hcp.westus2.azmk8s.io\"\
        ,\n   \"agentPoolProfiles\": [\n    {\n     \"name\": \"nodepool1\",\n   \
        \  \"count\": 1,\n     \"vmSize\": \"Standard_DS2_v2\",\n     \"osDiskSizeGB\"\
        : 128,\n     \"osDiskType\": \"Managed\",\n     \"kubeletDiskType\": \"OS\"\
        ,\n     \"maxPods\": 110,\n     \"type\": \"VirtualMachineScaleSets\",\n \
        \    \"provisioningState\": \"Succeeded\",\n     \"powerState\": {\n     \
        \ \"code\": \"Running\"\n     },\n     \"orchestratorVersion\": \"1.19.9\"\
        ,\n     \"enableNodePublicIP\": false,\n     \"nodeLabels\": {},\n     \"\
        mode\": \"System\",\n     \"proximityPlacementGroupID\": \"/subscriptions/00000000-0000-0000-0000-000000000000/resourceGroups/clitest000001/providers/Microsoft.Compute/proximityPlacementGroups/clippg000004\"\
        ,\n     \"enableEncryptionAtHost\": false,\n     \"osType\": \"Linux\",\n\
        \     \"nodeImageVersion\": \"AKSUbuntu-1804gen2containerd-2021.04.22\",\n\
        \     \"enableFIPS\": false\n    }\n   ],\n   \"linuxProfile\": {\n    \"\
        adminUsername\": \"azureuser\",\n    \"ssh\": {\n     \"publicKeys\": [\n\
        \      {\n       \"keyData\": \"ssh-rsa AAAAB3NzaC1yc2EAAAADAQABAAACAQCbIg1guRHbI0lV11wWDt1r2cUdcNd27CJsg+SfgC7miZeubtwUhbsPdhMQsfDyhOWHq1+ZL0M+nJZV63d/1dhmhtgyOqejUwrPlzKhydsbrsdUor+JmNJDdW01v7BXHyuymT8G4s09jCasNOwiufbP/qp72ruu0bIA1nySsvlf9pCQAuFkAnVnf/rFhUlOkhtRpwcq8SUNY2zRHR/EKb/4NWY1JzR4sa3q2fWIJdrrX0DvLoa5g9bIEd4Df79ba7v+yiUBOS0zT2ll+z4g9izHK3EO5d8hL4jYxcjKs+wcslSYRWrascfscLgMlMGh0CdKeNTDjHpGPncaf3Z+FwwwjWeuiNBxv7bJo13/8B/098KlVDl4GZqsoBCEjPyJfV6hO0y/LkRGkk7oHWKgeWAfKtfLItRp00eZ4fcJNK9kCaSMmEugoZWcI7NGbZXzqFWqbpRI7NcDP9+WIQ+i9U5vqWsqd/zng4kbuAJ6UuKqIzB0upYrLShfQE3SAck8oaLhJqqq56VfDuASNpJKidV+zq27HfSBmbXnkR/5AK337dc3MXKJypoK/QPMLKUAP5XLPbs+NddJQV7EZXd29DLgp+fRIg3edpKdO7ZErWhv7d+3Kws+e1Y+ypmR2WIVSwVyBEUfgv2C8Ts9gnTF4pNcEY/S2aBicz5Ew2+jdyGNQQ==\
        \ test@example.com\\n\"\n      }\n     ]\n    }\n   },\n   \"servicePrincipalProfile\"\
        : {\n    \"clientId\":\"00000000-0000-0000-0000-000000000001\"\n   },\n  \
        \ \"nodeResourceGroup\": \"MC_clitest000001_cliakstest000001_westus2\",\n\
        \   \"enableRBAC\": true,\n   \"networkProfile\": {\n    \"networkPlugin\"\
        : \"kubenet\",\n    \"loadBalancerSku\": \"Standard\",\n    \"loadBalancerProfile\"\
        : {\n     \"managedOutboundIPs\": {\n      \"count\": 1\n     },\n     \"\
        effectiveOutboundIPs\": [\n      {\n       \"id\": \"/subscriptions/00000000-0000-0000-0000-000000000000/resourceGroups/MC_clitest000001_cliakstest000001_westus2/providers/Microsoft.Network/publicIPAddresses/de022700-e197-4bc4-b176-4d0fc410c739\"\
        \n      }\n     ]\n    },\n    \"podCidr\": \"10.244.0.0/16\",\n    \"serviceCidr\"\
        : \"10.0.0.0/16\",\n    \"dnsServiceIP\": \"10.0.0.10\",\n    \"dockerBridgeCidr\"\
        : \"172.17.0.1/16\",\n    \"outboundType\": \"loadBalancer\"\n   },\n   \"\
        maxAgentPools\": 100\n  },\n  \"sku\": {\n   \"name\": \"Basic\",\n   \"tier\"\
        : \"Free\"\n  }\n }"
    headers:
      cache-control:
      - no-cache
      content-length:
      - '3200'
      content-type:
      - application/json
      date:
      - Wed, 12 May 2021 23:56:10 GMT
      expires:
      - '-1'
      pragma:
      - no-cache
      server:
      - nginx
      strict-transport-security:
      - max-age=31536000; includeSubDomains
      transfer-encoding:
      - chunked
      vary:
      - Accept-Encoding
      x-content-type-options:
      - nosniff
    status:
      code: 200
      message: OK
- request:
    body: null
    headers:
      Accept:
      - application/json
      Accept-Encoding:
      - gzip, deflate
      CommandName:
      - aks nodepool add
      Connection:
      - keep-alive
      ParameterSetName:
      - --resource-group --cluster-name -n --ppg
      User-Agent:
      - python/3.6.10 (Linux-5.10.25-linuxkit-x86_64-with) msrest/0.6.21 msrest_azure/0.6.3
        azure-mgmt-containerservice/11.2.0 Azure-SDK-For-Python AZURECLI/2.23.0 (DOCKER)
      accept-language:
      - en-US
    method: GET
    uri: https://management.azure.com/subscriptions/00000000-0000-0000-0000-000000000000/resourceGroups/clitest000001/providers/Microsoft.ContainerService/managedClusters/cliakstest000001/agentPools?api-version=2021-03-01
  response:
    body:
      string: "{\n  \"value\": [\n   {\n    \"id\": \"/subscriptions/00000000-0000-0000-0000-000000000000/resourcegroups/clitest000001/providers/Microsoft.ContainerService/managedClusters/cliakstest000001/agentPools/nodepool1\"\
        ,\n    \"name\": \"nodepool1\",\n    \"type\": \"Microsoft.ContainerService/managedClusters/agentPools\"\
        ,\n    \"properties\": {\n     \"count\": 1,\n     \"vmSize\": \"Standard_DS2_v2\"\
        ,\n     \"osDiskSizeGB\": 128,\n     \"osDiskType\": \"Managed\",\n     \"\
        kubeletDiskType\": \"OS\",\n     \"maxPods\": 110,\n     \"type\": \"VirtualMachineScaleSets\"\
        ,\n     \"provisioningState\": \"Succeeded\",\n     \"powerState\": {\n  \
        \    \"code\": \"Running\"\n     },\n     \"orchestratorVersion\": \"1.19.9\"\
        ,\n     \"enableNodePublicIP\": false,\n     \"nodeLabels\": {},\n     \"\
        mode\": \"System\",\n     \"proximityPlacementGroupID\": \"/subscriptions/00000000-0000-0000-0000-000000000000/resourceGroups/clitest000001/providers/Microsoft.Compute/proximityPlacementGroups/clippg000004\"\
        ,\n     \"enableEncryptionAtHost\": false,\n     \"osType\": \"Linux\",\n\
        \     \"nodeImageVersion\": \"AKSUbuntu-1804gen2containerd-2021.04.22\",\n\
        \     \"enableFIPS\": false\n    }\n   }\n  ]\n }"
    headers:
      cache-control:
      - no-cache
      content-length:
      - '1095'
      content-type:
      - application/json
      date:
      - Wed, 12 May 2021 23:56:12 GMT
      expires:
      - '-1'
      pragma:
      - no-cache
      server:
      - nginx
      strict-transport-security:
      - max-age=31536000; includeSubDomains
      transfer-encoding:
      - chunked
      vary:
      - Accept-Encoding
      x-content-type-options:
      - nosniff
    status:
      code: 200
      message: OK
- request:
    body: '{"properties": {"count": 3, "vmSize": "Standard_DS2_v2", "osType": "Linux",
      "type": "VirtualMachineScaleSets", "mode": "User", "upgradeSettings": {}, "enableNodePublicIP":
      false, "scaleSetPriority": "Regular", "scaleSetEvictionPolicy": "Delete", "nodeTaints":
      [], "proximityPlacementGroupID": "/subscriptions/00000000-0000-0000-0000-000000000000/resourceGroups/clitest000001/providers/Microsoft.Compute/proximityPlacementGroups/clippg000004",
      "enableEncryptionAtHost": false}}'
    headers:
      Accept:
      - application/json
      Accept-Encoding:
      - gzip, deflate
      CommandName:
      - aks nodepool add
      Connection:
      - keep-alive
      Content-Length:
      - '484'
      Content-Type:
      - application/json; charset=utf-8
      ParameterSetName:
      - --resource-group --cluster-name -n --ppg
      User-Agent:
      - python/3.6.10 (Linux-5.10.25-linuxkit-x86_64-with) msrest/0.6.21 msrest_azure/0.6.3
        azure-mgmt-containerservice/11.2.0 Azure-SDK-For-Python AZURECLI/2.23.0 (DOCKER)
      accept-language:
      - en-US
    method: PUT
    uri: https://management.azure.com/subscriptions/00000000-0000-0000-0000-000000000000/resourceGroups/clitest000001/providers/Microsoft.ContainerService/managedClusters/cliakstest000001/agentPools/p000002?api-version=2021-03-01
  response:
    body:
      string: "{\n  \"id\": \"/subscriptions/00000000-0000-0000-0000-000000000000/resourcegroups/clitest000001/providers/Microsoft.ContainerService/managedClusters/cliakstest000001/agentPools/p000002\"\
        ,\n  \"name\": \"p000002\",\n  \"type\": \"Microsoft.ContainerService/managedClusters/agentPools\"\
        ,\n  \"properties\": {\n   \"count\": 3,\n   \"vmSize\": \"Standard_DS2_v2\"\
        ,\n   \"osDiskSizeGB\": 128,\n   \"osDiskType\": \"Managed\",\n   \"kubeletDiskType\"\
        : \"OS\",\n   \"maxPods\": 110,\n   \"type\": \"VirtualMachineScaleSets\"\
        ,\n   \"provisioningState\": \"Creating\",\n   \"powerState\": {\n    \"code\"\
        : \"Running\"\n   },\n   \"orchestratorVersion\": \"1.19.9\",\n   \"enableNodePublicIP\"\
        : false,\n   \"mode\": \"User\",\n   \"proximityPlacementGroupID\": \"/subscriptions/00000000-0000-0000-0000-000000000000/resourceGroups/clitest000001/providers/Microsoft.Compute/proximityPlacementGroups/clippg000004\"\
        ,\n   \"enableEncryptionAtHost\": false,\n   \"osType\": \"Linux\",\n   \"\
        nodeImageVersion\": \"AKSUbuntu-1804gen2containerd-2021.04.22\",\n   \"upgradeSettings\"\
        : {},\n   \"enableFIPS\": false\n  }\n }"
    headers:
      azure-asyncoperation:
      - https://management.azure.com/subscriptions/00000000-0000-0000-0000-000000000000/providers/Microsoft.ContainerService/locations/westus2/operations/64d68306-0cf8-4a9d-8d1d-48a11e4ea1d7?api-version=2016-03-30
      cache-control:
      - no-cache
      content-length:
      - '1022'
      content-type:
      - application/json
      date:
      - Wed, 12 May 2021 23:56:14 GMT
      expires:
      - '-1'
      pragma:
      - no-cache
      server:
      - nginx
      strict-transport-security:
      - max-age=31536000; includeSubDomains
      x-content-type-options:
      - nosniff
      x-ms-ratelimit-remaining-subscription-writes:
      - '1199'
    status:
      code: 201
      message: Created
- request:
    body: null
    headers:
      Accept:
      - application/json
      Accept-Encoding:
      - gzip, deflate
      CommandName:
      - aks nodepool add
      Connection:
      - keep-alive
      ParameterSetName:
      - --resource-group --cluster-name -n --ppg
      User-Agent:
      - python/3.6.10 (Linux-5.10.25-linuxkit-x86_64-with) msrest/0.6.21 msrest_azure/0.6.3
        azure-mgmt-containerservice/11.2.0 Azure-SDK-For-Python AZURECLI/2.23.0 (DOCKER)
    method: GET
    uri: https://management.azure.com/subscriptions/00000000-0000-0000-0000-000000000000/providers/Microsoft.ContainerService/locations/westus2/operations/64d68306-0cf8-4a9d-8d1d-48a11e4ea1d7?api-version=2016-03-30
  response:
    body:
      string: "{\n  \"name\": \"0683d664-f80c-9d4a-8d1d-48a11e4ea1d7\",\n  \"status\"\
        : \"InProgress\",\n  \"startTime\": \"2021-05-12T23:56:14.79Z\"\n }"
    headers:
      cache-control:
      - no-cache
      content-length:
      - '121'
      content-type:
      - application/json
      date:
      - Wed, 12 May 2021 23:56:44 GMT
      expires:
      - '-1'
      pragma:
      - no-cache
      server:
      - nginx
      strict-transport-security:
      - max-age=31536000; includeSubDomains
      transfer-encoding:
      - chunked
      vary:
      - Accept-Encoding
      x-content-type-options:
      - nosniff
    status:
      code: 200
      message: OK
- request:
    body: null
    headers:
      Accept:
      - application/json
      Accept-Encoding:
      - gzip, deflate
      CommandName:
      - aks nodepool add
      Connection:
      - keep-alive
      ParameterSetName:
      - --resource-group --cluster-name -n --ppg
      User-Agent:
      - python/3.6.10 (Linux-5.10.25-linuxkit-x86_64-with) msrest/0.6.21 msrest_azure/0.6.3
        azure-mgmt-containerservice/11.2.0 Azure-SDK-For-Python AZURECLI/2.23.0 (DOCKER)
    method: GET
    uri: https://management.azure.com/subscriptions/00000000-0000-0000-0000-000000000000/providers/Microsoft.ContainerService/locations/westus2/operations/64d68306-0cf8-4a9d-8d1d-48a11e4ea1d7?api-version=2016-03-30
  response:
    body:
      string: "{\n  \"name\": \"0683d664-f80c-9d4a-8d1d-48a11e4ea1d7\",\n  \"status\"\
        : \"InProgress\",\n  \"startTime\": \"2021-05-12T23:56:14.79Z\"\n }"
    headers:
      cache-control:
      - no-cache
      content-length:
      - '121'
      content-type:
      - application/json
      date:
      - Wed, 12 May 2021 23:57:14 GMT
      expires:
      - '-1'
      pragma:
      - no-cache
      server:
      - nginx
      strict-transport-security:
      - max-age=31536000; includeSubDomains
      transfer-encoding:
      - chunked
      vary:
      - Accept-Encoding
      x-content-type-options:
      - nosniff
    status:
      code: 200
      message: OK
- request:
    body: null
    headers:
      Accept:
      - application/json
      Accept-Encoding:
      - gzip, deflate
      CommandName:
      - aks nodepool add
      Connection:
      - keep-alive
      ParameterSetName:
      - --resource-group --cluster-name -n --ppg
      User-Agent:
      - python/3.6.10 (Linux-5.10.25-linuxkit-x86_64-with) msrest/0.6.21 msrest_azure/0.6.3
        azure-mgmt-containerservice/11.2.0 Azure-SDK-For-Python AZURECLI/2.23.0 (DOCKER)
    method: GET
    uri: https://management.azure.com/subscriptions/00000000-0000-0000-0000-000000000000/providers/Microsoft.ContainerService/locations/westus2/operations/64d68306-0cf8-4a9d-8d1d-48a11e4ea1d7?api-version=2016-03-30
  response:
    body:
      string: "{\n  \"name\": \"0683d664-f80c-9d4a-8d1d-48a11e4ea1d7\",\n  \"status\"\
        : \"InProgress\",\n  \"startTime\": \"2021-05-12T23:56:14.79Z\"\n }"
    headers:
      cache-control:
      - no-cache
      content-length:
      - '121'
      content-type:
      - application/json
      date:
      - Wed, 12 May 2021 23:57:45 GMT
      expires:
      - '-1'
      pragma:
      - no-cache
      server:
      - nginx
      strict-transport-security:
      - max-age=31536000; includeSubDomains
      transfer-encoding:
      - chunked
      vary:
      - Accept-Encoding
      x-content-type-options:
      - nosniff
    status:
      code: 200
      message: OK
- request:
    body: null
    headers:
      Accept:
      - application/json
      Accept-Encoding:
      - gzip, deflate
      CommandName:
      - aks nodepool add
      Connection:
      - keep-alive
      ParameterSetName:
      - --resource-group --cluster-name -n --ppg
      User-Agent:
      - python/3.6.10 (Linux-5.10.25-linuxkit-x86_64-with) msrest/0.6.21 msrest_azure/0.6.3
        azure-mgmt-containerservice/11.2.0 Azure-SDK-For-Python AZURECLI/2.23.0 (DOCKER)
    method: GET
    uri: https://management.azure.com/subscriptions/00000000-0000-0000-0000-000000000000/providers/Microsoft.ContainerService/locations/westus2/operations/64d68306-0cf8-4a9d-8d1d-48a11e4ea1d7?api-version=2016-03-30
  response:
    body:
      string: "{\n  \"name\": \"0683d664-f80c-9d4a-8d1d-48a11e4ea1d7\",\n  \"status\"\
        : \"InProgress\",\n  \"startTime\": \"2021-05-12T23:56:14.79Z\"\n }"
    headers:
      cache-control:
      - no-cache
      content-length:
      - '121'
      content-type:
      - application/json
      date:
      - Wed, 12 May 2021 23:58:15 GMT
      expires:
      - '-1'
      pragma:
      - no-cache
      server:
      - nginx
      strict-transport-security:
      - max-age=31536000; includeSubDomains
      transfer-encoding:
      - chunked
      vary:
      - Accept-Encoding
      x-content-type-options:
      - nosniff
    status:
      code: 200
      message: OK
- request:
    body: null
    headers:
      Accept:
      - application/json
      Accept-Encoding:
      - gzip, deflate
      CommandName:
      - aks nodepool add
      Connection:
      - keep-alive
      ParameterSetName:
      - --resource-group --cluster-name -n --ppg
      User-Agent:
      - python/3.6.10 (Linux-5.10.25-linuxkit-x86_64-with) msrest/0.6.21 msrest_azure/0.6.3
        azure-mgmt-containerservice/11.2.0 Azure-SDK-For-Python AZURECLI/2.23.0 (DOCKER)
    method: GET
    uri: https://management.azure.com/subscriptions/00000000-0000-0000-0000-000000000000/providers/Microsoft.ContainerService/locations/westus2/operations/64d68306-0cf8-4a9d-8d1d-48a11e4ea1d7?api-version=2016-03-30
  response:
    body:
      string: "{\n  \"name\": \"0683d664-f80c-9d4a-8d1d-48a11e4ea1d7\",\n  \"status\"\
        : \"InProgress\",\n  \"startTime\": \"2021-05-12T23:56:14.79Z\"\n }"
    headers:
      cache-control:
      - no-cache
      content-length:
      - '121'
      content-type:
      - application/json
      date:
      - Wed, 12 May 2021 23:58:44 GMT
      expires:
      - '-1'
      pragma:
      - no-cache
      server:
      - nginx
      strict-transport-security:
      - max-age=31536000; includeSubDomains
      transfer-encoding:
      - chunked
      vary:
      - Accept-Encoding
      x-content-type-options:
      - nosniff
    status:
      code: 200
      message: OK
- request:
    body: null
    headers:
      Accept:
      - application/json
      Accept-Encoding:
      - gzip, deflate
      CommandName:
      - aks nodepool add
      Connection:
      - keep-alive
      ParameterSetName:
      - --resource-group --cluster-name -n --ppg
      User-Agent:
      - python/3.6.10 (Linux-5.10.25-linuxkit-x86_64-with) msrest/0.6.21 msrest_azure/0.6.3
        azure-mgmt-containerservice/11.2.0 Azure-SDK-For-Python AZURECLI/2.23.0 (DOCKER)
    method: GET
    uri: https://management.azure.com/subscriptions/00000000-0000-0000-0000-000000000000/providers/Microsoft.ContainerService/locations/westus2/operations/64d68306-0cf8-4a9d-8d1d-48a11e4ea1d7?api-version=2016-03-30
  response:
    body:
      string: "{\n  \"name\": \"0683d664-f80c-9d4a-8d1d-48a11e4ea1d7\",\n  \"status\"\
        : \"InProgress\",\n  \"startTime\": \"2021-05-12T23:56:14.79Z\"\n }"
    headers:
      cache-control:
      - no-cache
      content-length:
      - '121'
      content-type:
      - application/json
      date:
      - Wed, 12 May 2021 23:59:15 GMT
      expires:
      - '-1'
      pragma:
      - no-cache
      server:
      - nginx
      strict-transport-security:
      - max-age=31536000; includeSubDomains
      transfer-encoding:
      - chunked
      vary:
      - Accept-Encoding
      x-content-type-options:
      - nosniff
    status:
      code: 200
      message: OK
- request:
    body: null
    headers:
      Accept:
      - application/json
      Accept-Encoding:
      - gzip, deflate
      CommandName:
      - aks nodepool add
      Connection:
      - keep-alive
      ParameterSetName:
      - --resource-group --cluster-name -n --ppg
      User-Agent:
      - python/3.6.10 (Linux-5.10.25-linuxkit-x86_64-with) msrest/0.6.21 msrest_azure/0.6.3
        azure-mgmt-containerservice/11.2.0 Azure-SDK-For-Python AZURECLI/2.23.0 (DOCKER)
    method: GET
    uri: https://management.azure.com/subscriptions/00000000-0000-0000-0000-000000000000/providers/Microsoft.ContainerService/locations/westus2/operations/64d68306-0cf8-4a9d-8d1d-48a11e4ea1d7?api-version=2016-03-30
  response:
    body:
      string: "{\n  \"name\": \"0683d664-f80c-9d4a-8d1d-48a11e4ea1d7\",\n  \"status\"\
        : \"InProgress\",\n  \"startTime\": \"2021-05-12T23:56:14.79Z\"\n }"
    headers:
      cache-control:
      - no-cache
      content-length:
      - '121'
      content-type:
      - application/json
      date:
      - Wed, 12 May 2021 23:59:46 GMT
      expires:
      - '-1'
      pragma:
      - no-cache
      server:
      - nginx
      strict-transport-security:
      - max-age=31536000; includeSubDomains
      transfer-encoding:
      - chunked
      vary:
      - Accept-Encoding
      x-content-type-options:
      - nosniff
    status:
      code: 200
      message: OK
- request:
    body: null
    headers:
      Accept:
      - application/json
      Accept-Encoding:
      - gzip, deflate
      CommandName:
      - aks nodepool add
      Connection:
      - keep-alive
      ParameterSetName:
      - --resource-group --cluster-name -n --ppg
      User-Agent:
      - python/3.6.10 (Linux-5.10.25-linuxkit-x86_64-with) msrest/0.6.21 msrest_azure/0.6.3
        azure-mgmt-containerservice/11.2.0 Azure-SDK-For-Python AZURECLI/2.23.0 (DOCKER)
    method: GET
    uri: https://management.azure.com/subscriptions/00000000-0000-0000-0000-000000000000/providers/Microsoft.ContainerService/locations/westus2/operations/64d68306-0cf8-4a9d-8d1d-48a11e4ea1d7?api-version=2016-03-30
  response:
    body:
      string: "{\n  \"name\": \"0683d664-f80c-9d4a-8d1d-48a11e4ea1d7\",\n  \"status\"\
        : \"InProgress\",\n  \"startTime\": \"2021-05-12T23:56:14.79Z\"\n }"
    headers:
      cache-control:
      - no-cache
      content-length:
      - '121'
      content-type:
      - application/json
      date:
      - Thu, 13 May 2021 00:00:15 GMT
      expires:
      - '-1'
      pragma:
      - no-cache
      server:
      - nginx
      strict-transport-security:
      - max-age=31536000; includeSubDomains
      transfer-encoding:
      - chunked
      vary:
      - Accept-Encoding
      x-content-type-options:
      - nosniff
    status:
      code: 200
      message: OK
- request:
    body: null
    headers:
      Accept:
      - application/json
      Accept-Encoding:
      - gzip, deflate
      CommandName:
      - aks nodepool add
      Connection:
      - keep-alive
      ParameterSetName:
      - --resource-group --cluster-name -n --ppg
      User-Agent:
      - python/3.6.10 (Linux-5.10.25-linuxkit-x86_64-with) msrest/0.6.21 msrest_azure/0.6.3
        azure-mgmt-containerservice/11.2.0 Azure-SDK-For-Python AZURECLI/2.23.0 (DOCKER)
    method: GET
    uri: https://management.azure.com/subscriptions/00000000-0000-0000-0000-000000000000/providers/Microsoft.ContainerService/locations/westus2/operations/64d68306-0cf8-4a9d-8d1d-48a11e4ea1d7?api-version=2016-03-30
  response:
    body:
      string: "{\n  \"name\": \"0683d664-f80c-9d4a-8d1d-48a11e4ea1d7\",\n  \"status\"\
        : \"Succeeded\",\n  \"startTime\": \"2021-05-12T23:56:14.79Z\",\n  \"endTime\"\
        : \"2021-05-13T00:00:30.7039813Z\"\n }"
    headers:
      cache-control:
      - no-cache
      content-length:
      - '165'
      content-type:
      - application/json
      date:
      - Thu, 13 May 2021 00:00:46 GMT
      expires:
      - '-1'
      pragma:
      - no-cache
      server:
      - nginx
      strict-transport-security:
      - max-age=31536000; includeSubDomains
      transfer-encoding:
      - chunked
      vary:
      - Accept-Encoding
      x-content-type-options:
      - nosniff
    status:
      code: 200
      message: OK
- request:
    body: null
    headers:
      Accept:
      - application/json
      Accept-Encoding:
      - gzip, deflate
      CommandName:
      - aks nodepool add
      Connection:
      - keep-alive
      ParameterSetName:
      - --resource-group --cluster-name -n --ppg
      User-Agent:
      - python/3.6.10 (Linux-5.10.25-linuxkit-x86_64-with) msrest/0.6.21 msrest_azure/0.6.3
        azure-mgmt-containerservice/11.2.0 Azure-SDK-For-Python AZURECLI/2.23.0 (DOCKER)
    method: GET
    uri: https://management.azure.com/subscriptions/00000000-0000-0000-0000-000000000000/resourceGroups/clitest000001/providers/Microsoft.ContainerService/managedClusters/cliakstest000001/agentPools/p000002?api-version=2021-03-01
  response:
    body:
      string: "{\n  \"id\": \"/subscriptions/00000000-0000-0000-0000-000000000000/resourcegroups/clitest000001/providers/Microsoft.ContainerService/managedClusters/cliakstest000001/agentPools/p000002\"\
        ,\n  \"name\": \"p000002\",\n  \"type\": \"Microsoft.ContainerService/managedClusters/agentPools\"\
        ,\n  \"properties\": {\n   \"count\": 3,\n   \"vmSize\": \"Standard_DS2_v2\"\
        ,\n   \"osDiskSizeGB\": 128,\n   \"osDiskType\": \"Managed\",\n   \"kubeletDiskType\"\
        : \"OS\",\n   \"maxPods\": 110,\n   \"type\": \"VirtualMachineScaleSets\"\
        ,\n   \"provisioningState\": \"Succeeded\",\n   \"powerState\": {\n    \"\
        code\": \"Running\"\n   },\n   \"orchestratorVersion\": \"1.19.9\",\n   \"\
        enableNodePublicIP\": false,\n   \"mode\": \"User\",\n   \"proximityPlacementGroupID\"\
        : \"/subscriptions/00000000-0000-0000-0000-000000000000/resourceGroups/clitest000001/providers/Microsoft.Compute/proximityPlacementGroups/clippg000004\"\
        ,\n   \"enableEncryptionAtHost\": false,\n   \"osType\": \"Linux\",\n   \"\
        nodeImageVersion\": \"AKSUbuntu-1804gen2containerd-2021.04.22\",\n   \"upgradeSettings\"\
        : {},\n   \"enableFIPS\": false\n  }\n }"
    headers:
      cache-control:
      - no-cache
      content-length:
      - '1023'
      content-type:
      - application/json
      date:
      - Thu, 13 May 2021 00:00:46 GMT
      expires:
      - '-1'
      pragma:
      - no-cache
      server:
      - nginx
      strict-transport-security:
      - max-age=31536000; includeSubDomains
      transfer-encoding:
      - chunked
      vary:
      - Accept-Encoding
      x-content-type-options:
      - nosniff
    status:
      code: 200
      message: OK
version: 1
