interactions:
- request:
    body: '{"location": "westus2", "sku": {"name": "Standard"}, "properties": {"publicIPAddressVersion":
      "IPv4", "prefixLength": 29}}'
    headers:
      Accept:
      - application/json
      Accept-Encoding:
      - gzip, deflate
      CommandName:
      - network public-ip prefix create
      Connection:
      - keep-alive
      Content-Length:
      - '122'
      Content-Type:
      - application/json
      ParameterSetName:
      - -g -n --location --length
      User-Agent:
      - AZURECLI/2.32.0 azsdk-python-azure-mgmt-network/19.3.0 Python/3.8.10 (Linux-5.11.0-1027-azure-x86_64-with-glibc2.29)
    method: PUT
    uri: https://management.azure.com/subscriptions/00000000-0000-0000-0000-000000000000/resourceGroups/clitest000001/providers/Microsoft.Network/publicIPPrefixes/cliaksslbipp1000002?api-version=2021-05-01
  response:
    body:
      string: "{\r\n  \"name\": \"cliaksslbipp1000002\",\r\n  \"id\": \"/subscriptions/00000000-0000-0000-0000-000000000000/resourceGroups/clitest000001/providers/Microsoft.Network/publicIPPrefixes/cliaksslbipp1000002\",\r\n
        \ \"etag\": \"W/\\\"1dcfb256-9f03-4335-a6c6-a83c4f63ca60\\\"\",\r\n  \"type\":
        \"Microsoft.Network/publicIPPrefixes\",\r\n  \"location\": \"westus2\",\r\n
        \ \"properties\": {\r\n    \"provisioningState\": \"Updating\",\r\n    \"resourceGuid\":
        \"8e853786-1c60-4683-9270-6c24f692ed85\",\r\n    \"prefixLength\": 29,\r\n
        \   \"publicIPAddressVersion\": \"IPv4\",\r\n    \"ipTags\": []\r\n  },\r\n
        \ \"sku\": {\r\n    \"name\": \"Standard\",\r\n    \"tier\": \"Regional\"\r\n
        \ }\r\n}"
    headers:
      azure-asyncnotification:
      - Enabled
      azure-asyncoperation:
      - https://management.azure.com/subscriptions/00000000-0000-0000-0000-000000000000/providers/Microsoft.Network/locations/westus2/operations/c7e71807-d441-4a4f-8bc1-1400e6dcde8a?api-version=2021-05-01
      cache-control:
      - no-cache
      content-length:
      - '600'
      content-type:
      - application/json; charset=utf-8
      date:
      - Tue, 25 Jan 2022 03:53:01 GMT
      expires:
      - '-1'
      pragma:
      - no-cache
      server:
      - Microsoft-HTTPAPI/2.0
      - Microsoft-HTTPAPI/2.0
      strict-transport-security:
      - max-age=31536000; includeSubDomains
      x-content-type-options:
      - nosniff
      x-ms-arm-service-request-id:
      - d9d2babf-861c-4de6-975a-33b669ed9acc
      x-ms-ratelimit-remaining-subscription-writes:
      - '1195'
    status:
      code: 201
      message: Created
- request:
    body: null
    headers:
      Accept:
      - '*/*'
      Accept-Encoding:
      - gzip, deflate
      CommandName:
      - network public-ip prefix create
      Connection:
      - keep-alive
      ParameterSetName:
      - -g -n --location --length
      User-Agent:
      - AZURECLI/2.32.0 azsdk-python-azure-mgmt-network/19.3.0 Python/3.8.10 (Linux-5.11.0-1027-azure-x86_64-with-glibc2.29)
    method: GET
    uri: https://management.azure.com/subscriptions/00000000-0000-0000-0000-000000000000/providers/Microsoft.Network/locations/westus2/operations/c7e71807-d441-4a4f-8bc1-1400e6dcde8a?api-version=2021-05-01
  response:
    body:
      string: "{\r\n  \"status\": \"Succeeded\"\r\n}"
    headers:
      cache-control:
      - no-cache
      content-length:
      - '29'
      content-type:
      - application/json; charset=utf-8
      date:
      - Tue, 25 Jan 2022 03:53:04 GMT
      expires:
      - '-1'
      pragma:
      - no-cache
      server:
      - Microsoft-HTTPAPI/2.0
      - Microsoft-HTTPAPI/2.0
      strict-transport-security:
      - max-age=31536000; includeSubDomains
      transfer-encoding:
      - chunked
      vary:
      - Accept-Encoding
      x-content-type-options:
      - nosniff
      x-ms-arm-service-request-id:
      - 18d13a6b-4a80-45c8-a40f-6f52fcd7cbc5
    status:
      code: 200
      message: OK
- request:
    body: null
    headers:
      Accept:
      - '*/*'
      Accept-Encoding:
      - gzip, deflate
      CommandName:
      - network public-ip prefix create
      Connection:
      - keep-alive
      ParameterSetName:
      - -g -n --location --length
      User-Agent:
      - AZURECLI/2.32.0 azsdk-python-azure-mgmt-network/19.3.0 Python/3.8.10 (Linux-5.11.0-1027-azure-x86_64-with-glibc2.29)
    method: GET
    uri: https://management.azure.com/subscriptions/00000000-0000-0000-0000-000000000000/resourceGroups/clitest000001/providers/Microsoft.Network/publicIPPrefixes/cliaksslbipp1000002?api-version=2021-05-01
  response:
    body:
      string: "{\r\n  \"name\": \"cliaksslbipp1000002\",\r\n  \"id\": \"/subscriptions/00000000-0000-0000-0000-000000000000/resourceGroups/clitest000001/providers/Microsoft.Network/publicIPPrefixes/cliaksslbipp1000002\",\r\n
        \ \"etag\": \"W/\\\"90e8d0d5-b68a-4c20-8f35-0af564138923\\\"\",\r\n  \"type\":
        \"Microsoft.Network/publicIPPrefixes\",\r\n  \"location\": \"westus2\",\r\n
        \ \"properties\": {\r\n    \"provisioningState\": \"Succeeded\",\r\n    \"resourceGuid\":
        \"8e853786-1c60-4683-9270-6c24f692ed85\",\r\n    \"prefixLength\": 29,\r\n
        \   \"publicIPAddressVersion\": \"IPv4\",\r\n    \"ipPrefix\": \"51.143.34.112/29\",\r\n
        \   \"ipTags\": []\r\n  },\r\n  \"sku\": {\r\n    \"name\": \"Standard\",\r\n
        \   \"tier\": \"Regional\"\r\n  }\r\n}"
    headers:
      cache-control:
      - no-cache
      content-length:
      - '638'
      content-type:
      - application/json; charset=utf-8
      date:
      - Tue, 25 Jan 2022 03:53:04 GMT
      etag:
      - W/"90e8d0d5-b68a-4c20-8f35-0af564138923"
      expires:
      - '-1'
      pragma:
      - no-cache
      server:
      - Microsoft-HTTPAPI/2.0
      - Microsoft-HTTPAPI/2.0
      strict-transport-security:
      - max-age=31536000; includeSubDomains
      transfer-encoding:
      - chunked
      vary:
      - Accept-Encoding
      x-content-type-options:
      - nosniff
      x-ms-arm-service-request-id:
      - 3a15d6f5-ea92-40ee-84c7-68a4dd852010
    status:
      code: 200
      message: OK
- request:
    body: '{"location": "westus2", "sku": {"name": "Standard"}, "properties": {"publicIPAddressVersion":
      "IPv4", "prefixLength": 29}}'
    headers:
      Accept:
      - application/json
      Accept-Encoding:
      - gzip, deflate
      CommandName:
      - network public-ip prefix create
      Connection:
      - keep-alive
      Content-Length:
      - '122'
      Content-Type:
      - application/json
      ParameterSetName:
      - -g -n --location --length
      User-Agent:
      - AZURECLI/2.32.0 azsdk-python-azure-mgmt-network/19.3.0 Python/3.8.10 (Linux-5.11.0-1027-azure-x86_64-with-glibc2.29)
    method: PUT
    uri: https://management.azure.com/subscriptions/00000000-0000-0000-0000-000000000000/resourceGroups/clitest000001/providers/Microsoft.Network/publicIPPrefixes/cliaksslbipp2000003?api-version=2021-05-01
  response:
    body:
      string: "{\r\n  \"name\": \"cliaksslbipp2000003\",\r\n  \"id\": \"/subscriptions/00000000-0000-0000-0000-000000000000/resourceGroups/clitest000001/providers/Microsoft.Network/publicIPPrefixes/cliaksslbipp2000003\",\r\n
        \ \"etag\": \"W/\\\"df701e68-70f3-42d3-8e0c-ba4516157cf6\\\"\",\r\n  \"type\":
        \"Microsoft.Network/publicIPPrefixes\",\r\n  \"location\": \"westus2\",\r\n
        \ \"properties\": {\r\n    \"provisioningState\": \"Updating\",\r\n    \"resourceGuid\":
        \"3fbd3f3d-7f67-4e8d-92c1-d65afff2d0a4\",\r\n    \"prefixLength\": 29,\r\n
        \   \"publicIPAddressVersion\": \"IPv4\",\r\n    \"ipTags\": []\r\n  },\r\n
        \ \"sku\": {\r\n    \"name\": \"Standard\",\r\n    \"tier\": \"Regional\"\r\n
        \ }\r\n}"
    headers:
      azure-asyncnotification:
      - Enabled
      azure-asyncoperation:
      - https://management.azure.com/subscriptions/00000000-0000-0000-0000-000000000000/providers/Microsoft.Network/locations/westus2/operations/4d3fa421-0028-4f44-881f-d9028608740c?api-version=2021-05-01
      cache-control:
      - no-cache
      content-length:
      - '600'
      content-type:
      - application/json; charset=utf-8
      date:
      - Tue, 25 Jan 2022 03:53:06 GMT
      expires:
      - '-1'
      pragma:
      - no-cache
      server:
      - Microsoft-HTTPAPI/2.0
      - Microsoft-HTTPAPI/2.0
      strict-transport-security:
      - max-age=31536000; includeSubDomains
      x-content-type-options:
      - nosniff
      x-ms-arm-service-request-id:
      - 1c4b462f-1238-4a6b-ac82-33bef8288b7b
      x-ms-ratelimit-remaining-subscription-writes:
      - '1199'
    status:
      code: 201
      message: Created
- request:
    body: null
    headers:
      Accept:
      - '*/*'
      Accept-Encoding:
      - gzip, deflate
      CommandName:
      - network public-ip prefix create
      Connection:
      - keep-alive
      ParameterSetName:
      - -g -n --location --length
      User-Agent:
      - AZURECLI/2.32.0 azsdk-python-azure-mgmt-network/19.3.0 Python/3.8.10 (Linux-5.11.0-1027-azure-x86_64-with-glibc2.29)
    method: GET
    uri: https://management.azure.com/subscriptions/00000000-0000-0000-0000-000000000000/providers/Microsoft.Network/locations/westus2/operations/4d3fa421-0028-4f44-881f-d9028608740c?api-version=2021-05-01
  response:
    body:
      string: "{\r\n  \"status\": \"Succeeded\"\r\n}"
    headers:
      cache-control:
      - no-cache
      content-length:
      - '29'
      content-type:
      - application/json; charset=utf-8
      date:
      - Tue, 25 Jan 2022 03:53:09 GMT
      expires:
      - '-1'
      pragma:
      - no-cache
      server:
      - Microsoft-HTTPAPI/2.0
      - Microsoft-HTTPAPI/2.0
      strict-transport-security:
      - max-age=31536000; includeSubDomains
      transfer-encoding:
      - chunked
      vary:
      - Accept-Encoding
      x-content-type-options:
      - nosniff
      x-ms-arm-service-request-id:
      - ad2c377c-a080-4c46-ac56-a7b01b3d8c37
    status:
      code: 200
      message: OK
- request:
    body: null
    headers:
      Accept:
      - '*/*'
      Accept-Encoding:
      - gzip, deflate
      CommandName:
      - network public-ip prefix create
      Connection:
      - keep-alive
      ParameterSetName:
      - -g -n --location --length
      User-Agent:
      - AZURECLI/2.32.0 azsdk-python-azure-mgmt-network/19.3.0 Python/3.8.10 (Linux-5.11.0-1027-azure-x86_64-with-glibc2.29)
    method: GET
    uri: https://management.azure.com/subscriptions/00000000-0000-0000-0000-000000000000/resourceGroups/clitest000001/providers/Microsoft.Network/publicIPPrefixes/cliaksslbipp2000003?api-version=2021-05-01
  response:
    body:
      string: "{\r\n  \"name\": \"cliaksslbipp2000003\",\r\n  \"id\": \"/subscriptions/00000000-0000-0000-0000-000000000000/resourceGroups/clitest000001/providers/Microsoft.Network/publicIPPrefixes/cliaksslbipp2000003\",\r\n
        \ \"etag\": \"W/\\\"19c02c4c-c7da-4495-9b22-e47c1e55a4bd\\\"\",\r\n  \"type\":
        \"Microsoft.Network/publicIPPrefixes\",\r\n  \"location\": \"westus2\",\r\n
        \ \"properties\": {\r\n    \"provisioningState\": \"Succeeded\",\r\n    \"resourceGuid\":
        \"3fbd3f3d-7f67-4e8d-92c1-d65afff2d0a4\",\r\n    \"prefixLength\": 29,\r\n
        \   \"publicIPAddressVersion\": \"IPv4\",\r\n    \"ipPrefix\": \"52.156.69.208/29\",\r\n
        \   \"ipTags\": []\r\n  },\r\n  \"sku\": {\r\n    \"name\": \"Standard\",\r\n
        \   \"tier\": \"Regional\"\r\n  }\r\n}"
    headers:
      cache-control:
      - no-cache
      content-length:
      - '638'
      content-type:
      - application/json; charset=utf-8
      date:
      - Tue, 25 Jan 2022 03:53:09 GMT
      etag:
      - W/"19c02c4c-c7da-4495-9b22-e47c1e55a4bd"
      expires:
      - '-1'
      pragma:
      - no-cache
      server:
      - Microsoft-HTTPAPI/2.0
      - Microsoft-HTTPAPI/2.0
      strict-transport-security:
      - max-age=31536000; includeSubDomains
      transfer-encoding:
      - chunked
      vary:
      - Accept-Encoding
      x-content-type-options:
      - nosniff
      x-ms-arm-service-request-id:
      - f8100aa7-040b-4d48-939b-b87c74feaf16
    status:
      code: 200
      message: OK
- request:
    body: '{"location": "westus2", "properties": {"kubernetesVersion": "", "dnsPrefix":
      "cliaksdns000004", "agentPoolProfiles": [{"count": 1, "vmSize": "Standard_DS2_v2",
      "osType": "Linux", "enableAutoScaling": false, "type": "VirtualMachineScaleSets",
      "mode": "System", "enableNodePublicIP": false, "scaleSetPriority": "Regular",
      "scaleSetEvictionPolicy": "Delete", "spotMaxPrice": -1.0, "enableEncryptionAtHost":
      false, "enableUltraSSD": false, "enableFIPS": false, "name": "nodepool1"}],
      "linuxProfile": {"adminUsername": "azureuser", "ssh": {"publicKeys": [{"keyData":
      "ssh-rsa AAAAB3NzaC1yc2EAAAADAQABAAABAQDJZKKi/Smi4GoBIAJ6trVE0X9tR6eaDItEwb/EuPrtXyJMl9TVWH5TfAjUV29pwFh1w29P0ttywlD21je8juMc+7yfal3aPfTSoLIA7wKbZAfSDovuSVBnuaoK+HeKAb2EfpQae/Dd4Pmj38pyQlPFCG8bxM3hJ5Y5BiwDYMnjC6pYyY1ceBYQ3FnITumUFd3FXxB5ozj/ooNvOmKDRcPr3xDRf5gE2Xc/Pr3lsk7/N2NNfFFsICY3a9KnMD4H1wgYOCX8XuIGK5ANwGUQu2wEODapsnivns8BhvXtePnzUEpzOtk2LF11gHZWrykBzm4lvphQghWugtbTqyY5SBur
      azcli_aks_live_test@example.com\n"}]}}, "servicePrincipalProfile": {"clientId":"00000000-0000-0000-0000-000000000001",
      "secret":"fake-secret"}, "addonProfiles": {}, "enableRBAC": true, "networkProfile":
      {"networkPlugin": "kubenet", "podCidr": "10.244.0.0/16", "serviceCidr": "10.0.0.0/16",
      "dnsServiceIP": "10.0.0.10", "dockerBridgeCidr": "172.17.0.1/16", "outboundType":
      "loadBalancer", "loadBalancerSku": "standard", "loadBalancerProfile": {"outboundIPPrefixes":
      {"publicIPPrefixes": [{"id": "/subscriptions/00000000-0000-0000-0000-000000000000/resourceGroups/clitest000001/providers/Microsoft.Network/publicIPPrefixes/cliaksslbipp1000002"}]},
      "allocatedOutboundPorts": 0, "idleTimeoutInMinutes": 30}}, "disableLocalAccounts":
      false}}'
    headers:
      Accept:
      - application/json
      Accept-Encoding:
      - gzip, deflate
      CommandName:
      - aks create
      Connection:
      - keep-alive
      Content-Length:
      - '1680'
      Content-Type:
      - application/json
      ParameterSetName:
      - --resource-group --name --location --dns-name-prefix --node-count --ssh-key-value
        --service-principal --client-secret --load-balancer-sku --vm-set-type --load-balancer-outbound-ip-prefixes
      User-Agent:
      - AZURECLI/2.32.0 azsdk-python-azure-mgmt-containerservice/16.4.0 Python/3.8.10
        (Linux-5.11.0-1027-azure-x86_64-with-glibc2.29)
    method: PUT
    uri: https://management.azure.com/subscriptions/00000000-0000-0000-0000-000000000000/resourceGroups/clitest000001/providers/Microsoft.ContainerService/managedClusters/cliakstest000001?api-version=2021-10-01
  response:
    body:
      string: "{\n  \"id\": \"/subscriptions/00000000-0000-0000-0000-000000000000/resourcegroups/clitest000001/providers/Microsoft.ContainerService/managedClusters/cliakstest000001\",\n
        \ \"location\": \"westus2\",\n  \"name\": \"cliakstest000001\",\n  \"type\":
        \"Microsoft.ContainerService/ManagedClusters\",\n  \"properties\": {\n   \"provisioningState\":
        \"Creating\",\n   \"powerState\": {\n    \"code\": \"Running\"\n   },\n   \"kubernetesVersion\":
        \"1.21.7\",\n   \"dnsPrefix\": \"cliaksdns000004\",\n   \"fqdn\": \"cliaksdns000004-09a7d31c.hcp.westus2.azmk8s.io\",\n
        \  \"azurePortalFQDN\": \"cliaksdns000004-09a7d31c.portal.hcp.westus2.azmk8s.io\",\n
        \  \"agentPoolProfiles\": [\n    {\n     \"name\": \"nodepool1\",\n     \"count\":
        1,\n     \"vmSize\": \"Standard_DS2_v2\",\n     \"osDiskSizeGB\": 128,\n     \"osDiskType\":
        \"Managed\",\n     \"kubeletDiskType\": \"OS\",\n     \"maxPods\": 110,\n
        \    \"type\": \"VirtualMachineScaleSets\",\n     \"enableAutoScaling\": false,\n
        \    \"provisioningState\": \"Creating\",\n     \"powerState\": {\n      \"code\":
        \"Running\"\n     },\n     \"orchestratorVersion\": \"1.21.7\",\n     \"enableNodePublicIP\":
        false,\n     \"mode\": \"System\",\n     \"enableEncryptionAtHost\": false,\n
        \    \"enableUltraSSD\": false,\n     \"osType\": \"Linux\",\n     \"osSKU\":
        \"Ubuntu\",\n     \"nodeImageVersion\": \"AKSUbuntu-1804gen2containerd-2022.01.07\",\n
        \    \"enableFIPS\": false\n    }\n   ],\n   \"linuxProfile\": {\n    \"adminUsername\":
        \"azureuser\",\n    \"ssh\": {\n     \"publicKeys\": [\n      {\n       \"keyData\":
        \"ssh-rsa AAAAB3NzaC1yc2EAAAADAQABAAABAQDJZKKi/Smi4GoBIAJ6trVE0X9tR6eaDItEwb/EuPrtXyJMl9TVWH5TfAjUV29pwFh1w29P0ttywlD21je8juMc+7yfal3aPfTSoLIA7wKbZAfSDovuSVBnuaoK+HeKAb2EfpQae/Dd4Pmj38pyQlPFCG8bxM3hJ5Y5BiwDYMnjC6pYyY1ceBYQ3FnITumUFd3FXxB5ozj/ooNvOmKDRcPr3xDRf5gE2Xc/Pr3lsk7/N2NNfFFsICY3a9KnMD4H1wgYOCX8XuIGK5ANwGUQu2wEODapsnivns8BhvXtePnzUEpzOtk2LF11gHZWrykBzm4lvphQghWugtbTqyY5SBur
        azcli_aks_live_test@example.com\\n\"\n      }\n     ]\n    }\n   },\n   \"servicePrincipalProfile\":
        {\n    \"clientId\":\"00000000-0000-0000-0000-000000000001\"\n   },\n   \"nodeResourceGroup\":
        \"MC_clitest000001_cliakstest000001_westus2\",\n   \"enableRBAC\": true,\n
        \  \"networkProfile\": {\n    \"networkPlugin\": \"kubenet\",\n    \"loadBalancerSku\":
        \"standard\",\n    \"loadBalancerProfile\": {\n     \"outboundIPPrefixes\":
        {\n      \"publicIPPrefixes\": [\n       {\n        \"id\": \"/subscriptions/00000000-0000-0000-0000-000000000000/resourceGroups/clitest000001/providers/Microsoft.Network/publicIPPrefixes/cliaksslbipp1000002\"\n
        \      }\n      ]\n     },\n     \"allocatedOutboundPorts\": 0,\n     \"idleTimeoutInMinutes\":
        30\n    },\n    \"podCidr\": \"10.244.0.0/16\",\n    \"serviceCidr\": \"10.0.0.0/16\",\n
        \   \"dnsServiceIP\": \"10.0.0.10\",\n    \"dockerBridgeCidr\": \"172.17.0.1/16\",\n
        \   \"outboundType\": \"loadBalancer\",\n    \"podCidrs\": [\n     \"10.244.0.0/16\"\n
        \   ],\n    \"serviceCidrs\": [\n     \"10.0.0.0/16\"\n    ],\n    \"ipFamilies\":
        [\n     \"IPv4\"\n    ]\n   },\n   \"maxAgentPools\": 100,\n   \"disableLocalAccounts\":
        false\n  },\n  \"sku\": {\n   \"name\": \"Basic\",\n   \"tier\": \"Free\"\n
        \ }\n }"
    headers:
      azure-asyncoperation:
      - https://management.azure.com/subscriptions/00000000-0000-0000-0000-000000000000/providers/Microsoft.ContainerService/locations/westus2/operations/843e5635-120c-4eb6-af43-174b92fbfe81?api-version=2016-03-30
      cache-control:
      - no-cache
      content-length:
      - '2901'
      content-type:
      - application/json
      date:
      - Tue, 25 Jan 2022 03:53:12 GMT
      expires:
      - '-1'
      pragma:
      - no-cache
      server:
      - nginx
      strict-transport-security:
      - max-age=31536000; includeSubDomains
      x-content-type-options:
      - nosniff
      x-ms-ratelimit-remaining-subscription-writes:
      - '1194'
    status:
      code: 201
      message: Created
- request:
    body: null
    headers:
      Accept:
      - '*/*'
      Accept-Encoding:
      - gzip, deflate
      CommandName:
      - aks create
      Connection:
      - keep-alive
      ParameterSetName:
      - --resource-group --name --location --dns-name-prefix --node-count --ssh-key-value
        --service-principal --client-secret --load-balancer-sku --vm-set-type --load-balancer-outbound-ip-prefixes
      User-Agent:
      - AZURECLI/2.32.0 azsdk-python-azure-mgmt-containerservice/16.4.0 Python/3.8.10
        (Linux-5.11.0-1027-azure-x86_64-with-glibc2.29)
    method: GET
    uri: https://management.azure.com/subscriptions/00000000-0000-0000-0000-000000000000/providers/Microsoft.ContainerService/locations/westus2/operations/843e5635-120c-4eb6-af43-174b92fbfe81?api-version=2016-03-30
  response:
    body:
      string: "{\n  \"name\": \"35563e84-0c12-b64e-af43-174b92fbfe81\",\n  \"status\":
        \"InProgress\",\n  \"startTime\": \"2022-01-25T03:53:12.55Z\"\n }"
    headers:
      cache-control:
      - no-cache
      content-length:
      - '121'
      content-type:
      - application/json
      date:
      - Tue, 25 Jan 2022 03:53:42 GMT
      expires:
      - '-1'
      pragma:
      - no-cache
      server:
      - nginx
      strict-transport-security:
      - max-age=31536000; includeSubDomains
      transfer-encoding:
      - chunked
      vary:
      - Accept-Encoding
      x-content-type-options:
      - nosniff
    status:
      code: 200
      message: OK
- request:
    body: null
    headers:
      Accept:
      - '*/*'
      Accept-Encoding:
      - gzip, deflate
      CommandName:
      - aks create
      Connection:
      - keep-alive
      ParameterSetName:
      - --resource-group --name --location --dns-name-prefix --node-count --ssh-key-value
        --service-principal --client-secret --load-balancer-sku --vm-set-type --load-balancer-outbound-ip-prefixes
      User-Agent:
      - AZURECLI/2.32.0 azsdk-python-azure-mgmt-containerservice/16.4.0 Python/3.8.10
        (Linux-5.11.0-1027-azure-x86_64-with-glibc2.29)
    method: GET
    uri: https://management.azure.com/subscriptions/00000000-0000-0000-0000-000000000000/providers/Microsoft.ContainerService/locations/westus2/operations/843e5635-120c-4eb6-af43-174b92fbfe81?api-version=2016-03-30
  response:
    body:
      string: "{\n  \"name\": \"35563e84-0c12-b64e-af43-174b92fbfe81\",\n  \"status\":
        \"InProgress\",\n  \"startTime\": \"2022-01-25T03:53:12.55Z\"\n }"
    headers:
      cache-control:
      - no-cache
      content-length:
      - '121'
      content-type:
      - application/json
      date:
      - Tue, 25 Jan 2022 03:54:11 GMT
      expires:
      - '-1'
      pragma:
      - no-cache
      server:
      - nginx
      strict-transport-security:
      - max-age=31536000; includeSubDomains
      transfer-encoding:
      - chunked
      vary:
      - Accept-Encoding
      x-content-type-options:
      - nosniff
    status:
      code: 200
      message: OK
- request:
    body: null
    headers:
      Accept:
      - '*/*'
      Accept-Encoding:
      - gzip, deflate
      CommandName:
      - aks create
      Connection:
      - keep-alive
      ParameterSetName:
      - --resource-group --name --location --dns-name-prefix --node-count --ssh-key-value
        --service-principal --client-secret --load-balancer-sku --vm-set-type --load-balancer-outbound-ip-prefixes
      User-Agent:
      - AZURECLI/2.32.0 azsdk-python-azure-mgmt-containerservice/16.4.0 Python/3.8.10
        (Linux-5.11.0-1027-azure-x86_64-with-glibc2.29)
    method: GET
    uri: https://management.azure.com/subscriptions/00000000-0000-0000-0000-000000000000/providers/Microsoft.ContainerService/locations/westus2/operations/843e5635-120c-4eb6-af43-174b92fbfe81?api-version=2016-03-30
  response:
    body:
      string: "{\n  \"name\": \"35563e84-0c12-b64e-af43-174b92fbfe81\",\n  \"status\":
        \"InProgress\",\n  \"startTime\": \"2022-01-25T03:53:12.55Z\"\n }"
    headers:
      cache-control:
      - no-cache
      content-length:
      - '121'
      content-type:
      - application/json
      date:
      - Tue, 25 Jan 2022 03:54:41 GMT
      expires:
      - '-1'
      pragma:
      - no-cache
      server:
      - nginx
      strict-transport-security:
      - max-age=31536000; includeSubDomains
      transfer-encoding:
      - chunked
      vary:
      - Accept-Encoding
      x-content-type-options:
      - nosniff
    status:
      code: 200
      message: OK
- request:
    body: null
    headers:
      Accept:
      - '*/*'
      Accept-Encoding:
      - gzip, deflate
      CommandName:
      - aks create
      Connection:
      - keep-alive
      ParameterSetName:
      - --resource-group --name --location --dns-name-prefix --node-count --ssh-key-value
        --service-principal --client-secret --load-balancer-sku --vm-set-type --load-balancer-outbound-ip-prefixes
      User-Agent:
      - AZURECLI/2.32.0 azsdk-python-azure-mgmt-containerservice/16.4.0 Python/3.8.10
        (Linux-5.11.0-1027-azure-x86_64-with-glibc2.29)
    method: GET
    uri: https://management.azure.com/subscriptions/00000000-0000-0000-0000-000000000000/providers/Microsoft.ContainerService/locations/westus2/operations/843e5635-120c-4eb6-af43-174b92fbfe81?api-version=2016-03-30
  response:
    body:
      string: "{\n  \"name\": \"35563e84-0c12-b64e-af43-174b92fbfe81\",\n  \"status\":
        \"InProgress\",\n  \"startTime\": \"2022-01-25T03:53:12.55Z\"\n }"
    headers:
      cache-control:
      - no-cache
      content-length:
      - '121'
      content-type:
      - application/json
      date:
      - Tue, 25 Jan 2022 03:55:12 GMT
      expires:
      - '-1'
      pragma:
      - no-cache
      server:
      - nginx
      strict-transport-security:
      - max-age=31536000; includeSubDomains
      transfer-encoding:
      - chunked
      vary:
      - Accept-Encoding
      x-content-type-options:
      - nosniff
    status:
      code: 200
      message: OK
- request:
    body: null
    headers:
      Accept:
      - '*/*'
      Accept-Encoding:
      - gzip, deflate
      CommandName:
      - aks create
      Connection:
      - keep-alive
      ParameterSetName:
      - --resource-group --name --location --dns-name-prefix --node-count --ssh-key-value
        --service-principal --client-secret --load-balancer-sku --vm-set-type --load-balancer-outbound-ip-prefixes
      User-Agent:
      - AZURECLI/2.32.0 azsdk-python-azure-mgmt-containerservice/16.4.0 Python/3.8.10
        (Linux-5.11.0-1027-azure-x86_64-with-glibc2.29)
    method: GET
    uri: https://management.azure.com/subscriptions/00000000-0000-0000-0000-000000000000/providers/Microsoft.ContainerService/locations/westus2/operations/843e5635-120c-4eb6-af43-174b92fbfe81?api-version=2016-03-30
  response:
    body:
      string: "{\n  \"name\": \"35563e84-0c12-b64e-af43-174b92fbfe81\",\n  \"status\":
        \"InProgress\",\n  \"startTime\": \"2022-01-25T03:53:12.55Z\"\n }"
    headers:
      cache-control:
      - no-cache
      content-length:
      - '121'
      content-type:
      - application/json
      date:
      - Tue, 25 Jan 2022 03:55:42 GMT
      expires:
      - '-1'
      pragma:
      - no-cache
      server:
      - nginx
      strict-transport-security:
      - max-age=31536000; includeSubDomains
      transfer-encoding:
      - chunked
      vary:
      - Accept-Encoding
      x-content-type-options:
      - nosniff
    status:
      code: 200
      message: OK
- request:
    body: null
    headers:
      Accept:
      - '*/*'
      Accept-Encoding:
      - gzip, deflate
      CommandName:
      - aks create
      Connection:
      - keep-alive
      ParameterSetName:
      - --resource-group --name --location --dns-name-prefix --node-count --ssh-key-value
        --service-principal --client-secret --load-balancer-sku --vm-set-type --load-balancer-outbound-ip-prefixes
      User-Agent:
      - AZURECLI/2.32.0 azsdk-python-azure-mgmt-containerservice/16.4.0 Python/3.8.10
        (Linux-5.11.0-1027-azure-x86_64-with-glibc2.29)
    method: GET
    uri: https://management.azure.com/subscriptions/00000000-0000-0000-0000-000000000000/providers/Microsoft.ContainerService/locations/westus2/operations/843e5635-120c-4eb6-af43-174b92fbfe81?api-version=2016-03-30
  response:
    body:
      string: "{\n  \"name\": \"35563e84-0c12-b64e-af43-174b92fbfe81\",\n  \"status\":
        \"Succeeded\",\n  \"startTime\": \"2022-01-25T03:53:12.55Z\",\n  \"endTime\":
        \"2022-01-25T03:55:47.7968469Z\"\n }"
    headers:
      cache-control:
      - no-cache
      content-length:
      - '165'
      content-type:
      - application/json
      date:
      - Tue, 25 Jan 2022 03:56:12 GMT
      expires:
      - '-1'
      pragma:
      - no-cache
      server:
      - nginx
      strict-transport-security:
      - max-age=31536000; includeSubDomains
      transfer-encoding:
      - chunked
      vary:
      - Accept-Encoding
      x-content-type-options:
      - nosniff
    status:
      code: 200
      message: OK
- request:
    body: null
    headers:
      Accept:
      - '*/*'
      Accept-Encoding:
      - gzip, deflate
      CommandName:
      - aks create
      Connection:
      - keep-alive
      ParameterSetName:
      - --resource-group --name --location --dns-name-prefix --node-count --ssh-key-value
        --service-principal --client-secret --load-balancer-sku --vm-set-type --load-balancer-outbound-ip-prefixes
      User-Agent:
      - AZURECLI/2.32.0 azsdk-python-azure-mgmt-containerservice/16.4.0 Python/3.8.10
        (Linux-5.11.0-1027-azure-x86_64-with-glibc2.29)
    method: GET
    uri: https://management.azure.com/subscriptions/00000000-0000-0000-0000-000000000000/resourceGroups/clitest000001/providers/Microsoft.ContainerService/managedClusters/cliakstest000001?api-version=2021-10-01
  response:
    body:
      string: "{\n  \"id\": \"/subscriptions/00000000-0000-0000-0000-000000000000/resourcegroups/clitest000001/providers/Microsoft.ContainerService/managedClusters/cliakstest000001\",\n
        \ \"location\": \"westus2\",\n  \"name\": \"cliakstest000001\",\n  \"type\":
        \"Microsoft.ContainerService/ManagedClusters\",\n  \"properties\": {\n   \"provisioningState\":
        \"Succeeded\",\n   \"powerState\": {\n    \"code\": \"Running\"\n   },\n   \"kubernetesVersion\":
        \"1.21.7\",\n   \"dnsPrefix\": \"cliaksdns000004\",\n   \"fqdn\": \"cliaksdns000004-09a7d31c.hcp.westus2.azmk8s.io\",\n
        \  \"azurePortalFQDN\": \"cliaksdns000004-09a7d31c.portal.hcp.westus2.azmk8s.io\",\n
        \  \"agentPoolProfiles\": [\n    {\n     \"name\": \"nodepool1\",\n     \"count\":
        1,\n     \"vmSize\": \"Standard_DS2_v2\",\n     \"osDiskSizeGB\": 128,\n     \"osDiskType\":
        \"Managed\",\n     \"kubeletDiskType\": \"OS\",\n     \"maxPods\": 110,\n
        \    \"type\": \"VirtualMachineScaleSets\",\n     \"enableAutoScaling\": false,\n
        \    \"provisioningState\": \"Succeeded\",\n     \"powerState\": {\n      \"code\":
        \"Running\"\n     },\n     \"orchestratorVersion\": \"1.21.7\",\n     \"enableNodePublicIP\":
        false,\n     \"mode\": \"System\",\n     \"enableEncryptionAtHost\": false,\n
        \    \"enableUltraSSD\": false,\n     \"osType\": \"Linux\",\n     \"osSKU\":
        \"Ubuntu\",\n     \"nodeImageVersion\": \"AKSUbuntu-1804gen2containerd-2022.01.07\",\n
        \    \"enableFIPS\": false\n    }\n   ],\n   \"linuxProfile\": {\n    \"adminUsername\":
        \"azureuser\",\n    \"ssh\": {\n     \"publicKeys\": [\n      {\n       \"keyData\":
        \"ssh-rsa AAAAB3NzaC1yc2EAAAADAQABAAABAQDJZKKi/Smi4GoBIAJ6trVE0X9tR6eaDItEwb/EuPrtXyJMl9TVWH5TfAjUV29pwFh1w29P0ttywlD21je8juMc+7yfal3aPfTSoLIA7wKbZAfSDovuSVBnuaoK+HeKAb2EfpQae/Dd4Pmj38pyQlPFCG8bxM3hJ5Y5BiwDYMnjC6pYyY1ceBYQ3FnITumUFd3FXxB5ozj/ooNvOmKDRcPr3xDRf5gE2Xc/Pr3lsk7/N2NNfFFsICY3a9KnMD4H1wgYOCX8XuIGK5ANwGUQu2wEODapsnivns8BhvXtePnzUEpzOtk2LF11gHZWrykBzm4lvphQghWugtbTqyY5SBur
        azcli_aks_live_test@example.com\\n\"\n      }\n     ]\n    }\n   },\n   \"servicePrincipalProfile\":
        {\n    \"clientId\":\"00000000-0000-0000-0000-000000000001\"\n   },\n   \"nodeResourceGroup\":
        \"MC_clitest000001_cliakstest000001_westus2\",\n   \"enableRBAC\": true,\n
        \  \"networkProfile\": {\n    \"networkPlugin\": \"kubenet\",\n    \"loadBalancerSku\":
        \"Standard\",\n    \"loadBalancerProfile\": {\n     \"outboundIPPrefixes\":
        {\n      \"publicIPPrefixes\": [\n       {\n        \"id\": \"/subscriptions/00000000-0000-0000-0000-000000000000/resourceGroups/clitest000001/providers/Microsoft.Network/publicIPPrefixes/cliaksslbipp1000002\"\n
        \      }\n      ]\n     },\n     \"effectiveOutboundIPs\": [\n      {\n       \"id\":
        \"/subscriptions/00000000-0000-0000-0000-000000000000/resourceGroups/clitest000001/providers/Microsoft.Network/publicIPPrefixes/cliaksslbipp1000002\"\n
        \     }\n     ],\n     \"allocatedOutboundPorts\": 0,\n     \"idleTimeoutInMinutes\":
        30\n    },\n    \"podCidr\": \"10.244.0.0/16\",\n    \"serviceCidr\": \"10.0.0.0/16\",\n
        \   \"dnsServiceIP\": \"10.0.0.10\",\n    \"dockerBridgeCidr\": \"172.17.0.1/16\",\n
        \   \"outboundType\": \"loadBalancer\",\n    \"podCidrs\": [\n     \"10.244.0.0/16\"\n
        \   ],\n    \"serviceCidrs\": [\n     \"10.0.0.0/16\"\n    ],\n    \"ipFamilies\":
        [\n     \"IPv4\"\n    ]\n   },\n   \"maxAgentPools\": 100,\n   \"disableLocalAccounts\":
        false\n  },\n  \"sku\": {\n   \"name\": \"Basic\",\n   \"tier\": \"Free\"\n
        \ }\n }"
    headers:
      cache-control:
      - no-cache
      content-length:
      - '3119'
      content-type:
      - application/json
      date:
      - Tue, 25 Jan 2022 03:56:13 GMT
      expires:
      - '-1'
      pragma:
      - no-cache
      server:
      - nginx
      strict-transport-security:
      - max-age=31536000; includeSubDomains
      transfer-encoding:
      - chunked
      vary:
      - Accept-Encoding
      x-content-type-options:
      - nosniff
    status:
      code: 200
      message: OK
- request:
    body: null
    headers:
      Accept:
      - application/json
      Accept-Encoding:
      - gzip, deflate
      CommandName:
      - aks list
      Connection:
      - keep-alive
      ParameterSetName:
      - -g
      User-Agent:
      - AZURECLI/2.32.0 azsdk-python-azure-mgmt-containerservice/16.4.0 Python/3.8.10
        (Linux-5.11.0-1027-azure-x86_64-with-glibc2.29)
    method: GET
    uri: https://management.azure.com/subscriptions/00000000-0000-0000-0000-000000000000/resourceGroups/clitest000001/providers/Microsoft.ContainerService/managedClusters?api-version=2021-10-01
  response:
    body:
      string: "{\n  \"value\": [\n   {\n    \"id\": \"/subscriptions/00000000-0000-0000-0000-000000000000/resourcegroups/clitest000001/providers/Microsoft.ContainerService/managedClusters/cliakstest000001\",\n
        \   \"location\": \"westus2\",\n    \"name\": \"cliakstest000001\",\n    \"type\":
        \"Microsoft.ContainerService/ManagedClusters\",\n    \"properties\": {\n     \"provisioningState\":
        \"Succeeded\",\n     \"powerState\": {\n      \"code\": \"Running\"\n     },\n
        \    \"kubernetesVersion\": \"1.21.7\",\n     \"dnsPrefix\": \"cliaksdns000004\",\n
        \    \"fqdn\": \"cliaksdns000004-09a7d31c.hcp.westus2.azmk8s.io\",\n     \"azurePortalFQDN\":
        \"cliaksdns000004-09a7d31c.portal.hcp.westus2.azmk8s.io\",\n     \"agentPoolProfiles\":
        [\n      {\n       \"name\": \"nodepool1\",\n       \"count\": 1,\n       \"vmSize\":
        \"Standard_DS2_v2\",\n       \"osDiskSizeGB\": 128,\n       \"osDiskType\":
        \"Managed\",\n       \"kubeletDiskType\": \"OS\",\n       \"maxPods\": 110,\n
        \      \"type\": \"VirtualMachineScaleSets\",\n       \"enableAutoScaling\":
        false,\n       \"provisioningState\": \"Succeeded\",\n       \"powerState\":
        {\n        \"code\": \"Running\"\n       },\n       \"orchestratorVersion\":
        \"1.21.7\",\n       \"enableNodePublicIP\": false,\n       \"mode\": \"System\",\n
        \      \"enableEncryptionAtHost\": false,\n       \"enableUltraSSD\": false,\n
        \      \"osType\": \"Linux\",\n       \"osSKU\": \"Ubuntu\",\n       \"nodeImageVersion\":
        \"AKSUbuntu-1804gen2containerd-2022.01.07\",\n       \"enableFIPS\": false\n
        \     }\n     ],\n     \"linuxProfile\": {\n      \"adminUsername\": \"azureuser\",\n
        \     \"ssh\": {\n       \"publicKeys\": [\n        {\n         \"keyData\":
        \"ssh-rsa AAAAB3NzaC1yc2EAAAADAQABAAABAQDJZKKi/Smi4GoBIAJ6trVE0X9tR6eaDItEwb/EuPrtXyJMl9TVWH5TfAjUV29pwFh1w29P0ttywlD21je8juMc+7yfal3aPfTSoLIA7wKbZAfSDovuSVBnuaoK+HeKAb2EfpQae/Dd4Pmj38pyQlPFCG8bxM3hJ5Y5BiwDYMnjC6pYyY1ceBYQ3FnITumUFd3FXxB5ozj/ooNvOmKDRcPr3xDRf5gE2Xc/Pr3lsk7/N2NNfFFsICY3a9KnMD4H1wgYOCX8XuIGK5ANwGUQu2wEODapsnivns8BhvXtePnzUEpzOtk2LF11gHZWrykBzm4lvphQghWugtbTqyY5SBur
        azcli_aks_live_test@example.com\\n\"\n        }\n       ]\n      }\n     },\n
        \    \"servicePrincipalProfile\": {\n      \"clientId\":\"00000000-0000-0000-0000-000000000001\"\n
        \    },\n     \"nodeResourceGroup\": \"MC_clitest000001_cliakstest000001_westus2\",\n
        \    \"enableRBAC\": true,\n     \"networkProfile\": {\n      \"networkPlugin\":
        \"kubenet\",\n      \"loadBalancerSku\": \"Standard\",\n      \"loadBalancerProfile\":
        {\n       \"outboundIPPrefixes\": {\n        \"publicIPPrefixes\": [\n         {\n
        \         \"id\": \"/subscriptions/00000000-0000-0000-0000-000000000000/resourceGroups/clitest000001/providers/Microsoft.Network/publicIPPrefixes/cliaksslbipp1000002\"\n
        \        }\n        ]\n       },\n       \"effectiveOutboundIPs\": [\n        {\n
        \        \"id\": \"/subscriptions/00000000-0000-0000-0000-000000000000/resourceGroups/clitest000001/providers/Microsoft.Network/publicIPPrefixes/cliaksslbipp1000002\"\n
        \       }\n       ],\n       \"allocatedOutboundPorts\": 0,\n       \"idleTimeoutInMinutes\":
        30\n      },\n      \"podCidr\": \"10.244.0.0/16\",\n      \"serviceCidr\":
        \"10.0.0.0/16\",\n      \"dnsServiceIP\": \"10.0.0.10\",\n      \"dockerBridgeCidr\":
        \"172.17.0.1/16\",\n      \"outboundType\": \"loadBalancer\",\n      \"podCidrs\":
        [\n       \"10.244.0.0/16\"\n      ],\n      \"serviceCidrs\": [\n       \"10.0.0.0/16\"\n
        \     ],\n      \"ipFamilies\": [\n       \"IPv4\"\n      ]\n     },\n     \"maxAgentPools\":
        100,\n     \"disableLocalAccounts\": false\n    },\n    \"sku\": {\n     \"name\":
        \"Basic\",\n     \"tier\": \"Free\"\n    }\n   }\n  ]\n }"
    headers:
      cache-control:
      - no-cache
      content-length:
      - '3336'
      content-type:
      - application/json
      date:
      - Tue, 25 Jan 2022 03:56:14 GMT
      expires:
      - '-1'
      pragma:
      - no-cache
      server:
      - nginx
      strict-transport-security:
      - max-age=31536000; includeSubDomains
      transfer-encoding:
      - chunked
      vary:
      - Accept-Encoding
      x-content-type-options:
      - nosniff
    status:
      code: 200
      message: OK
- request:
    body: null
    headers:
      Accept:
      - application/json
      Accept-Encoding:
      - gzip, deflate
      CommandName:
      - aks list
      Connection:
      - keep-alive
      ParameterSetName:
      - -g -o
      User-Agent:
      - AZURECLI/2.32.0 azsdk-python-azure-mgmt-containerservice/16.4.0 Python/3.8.10
        (Linux-5.11.0-1027-azure-x86_64-with-glibc2.29)
    method: GET
    uri: https://management.azure.com/subscriptions/00000000-0000-0000-0000-000000000000/resourceGroups/clitest000001/providers/Microsoft.ContainerService/managedClusters?api-version=2021-10-01
  response:
    body:
      string: "{\n  \"value\": [\n   {\n    \"id\": \"/subscriptions/00000000-0000-0000-0000-000000000000/resourcegroups/clitest000001/providers/Microsoft.ContainerService/managedClusters/cliakstest000001\",\n
        \   \"location\": \"westus2\",\n    \"name\": \"cliakstest000001\",\n    \"type\":
        \"Microsoft.ContainerService/ManagedClusters\",\n    \"properties\": {\n     \"provisioningState\":
        \"Succeeded\",\n     \"powerState\": {\n      \"code\": \"Running\"\n     },\n
        \    \"kubernetesVersion\": \"1.21.7\",\n     \"dnsPrefix\": \"cliaksdns000004\",\n
        \    \"fqdn\": \"cliaksdns000004-09a7d31c.hcp.westus2.azmk8s.io\",\n     \"azurePortalFQDN\":
        \"cliaksdns000004-09a7d31c.portal.hcp.westus2.azmk8s.io\",\n     \"agentPoolProfiles\":
        [\n      {\n       \"name\": \"nodepool1\",\n       \"count\": 1,\n       \"vmSize\":
        \"Standard_DS2_v2\",\n       \"osDiskSizeGB\": 128,\n       \"osDiskType\":
        \"Managed\",\n       \"kubeletDiskType\": \"OS\",\n       \"maxPods\": 110,\n
        \      \"type\": \"VirtualMachineScaleSets\",\n       \"enableAutoScaling\":
        false,\n       \"provisioningState\": \"Succeeded\",\n       \"powerState\":
        {\n        \"code\": \"Running\"\n       },\n       \"orchestratorVersion\":
        \"1.21.7\",\n       \"enableNodePublicIP\": false,\n       \"mode\": \"System\",\n
        \      \"enableEncryptionAtHost\": false,\n       \"enableUltraSSD\": false,\n
        \      \"osType\": \"Linux\",\n       \"osSKU\": \"Ubuntu\",\n       \"nodeImageVersion\":
        \"AKSUbuntu-1804gen2containerd-2022.01.07\",\n       \"enableFIPS\": false\n
        \     }\n     ],\n     \"linuxProfile\": {\n      \"adminUsername\": \"azureuser\",\n
        \     \"ssh\": {\n       \"publicKeys\": [\n        {\n         \"keyData\":
        \"ssh-rsa AAAAB3NzaC1yc2EAAAADAQABAAABAQDJZKKi/Smi4GoBIAJ6trVE0X9tR6eaDItEwb/EuPrtXyJMl9TVWH5TfAjUV29pwFh1w29P0ttywlD21je8juMc+7yfal3aPfTSoLIA7wKbZAfSDovuSVBnuaoK+HeKAb2EfpQae/Dd4Pmj38pyQlPFCG8bxM3hJ5Y5BiwDYMnjC6pYyY1ceBYQ3FnITumUFd3FXxB5ozj/ooNvOmKDRcPr3xDRf5gE2Xc/Pr3lsk7/N2NNfFFsICY3a9KnMD4H1wgYOCX8XuIGK5ANwGUQu2wEODapsnivns8BhvXtePnzUEpzOtk2LF11gHZWrykBzm4lvphQghWugtbTqyY5SBur
        azcli_aks_live_test@example.com\\n\"\n        }\n       ]\n      }\n     },\n
        \    \"servicePrincipalProfile\": {\n      \"clientId\":\"00000000-0000-0000-0000-000000000001\"\n
        \    },\n     \"nodeResourceGroup\": \"MC_clitest000001_cliakstest000001_westus2\",\n
        \    \"enableRBAC\": true,\n     \"networkProfile\": {\n      \"networkPlugin\":
        \"kubenet\",\n      \"loadBalancerSku\": \"Standard\",\n      \"loadBalancerProfile\":
        {\n       \"outboundIPPrefixes\": {\n        \"publicIPPrefixes\": [\n         {\n
        \         \"id\": \"/subscriptions/00000000-0000-0000-0000-000000000000/resourceGroups/clitest000001/providers/Microsoft.Network/publicIPPrefixes/cliaksslbipp1000002\"\n
        \        }\n        ]\n       },\n       \"effectiveOutboundIPs\": [\n        {\n
        \        \"id\": \"/subscriptions/00000000-0000-0000-0000-000000000000/resourceGroups/clitest000001/providers/Microsoft.Network/publicIPPrefixes/cliaksslbipp1000002\"\n
        \       }\n       ],\n       \"allocatedOutboundPorts\": 0,\n       \"idleTimeoutInMinutes\":
        30\n      },\n      \"podCidr\": \"10.244.0.0/16\",\n      \"serviceCidr\":
        \"10.0.0.0/16\",\n      \"dnsServiceIP\": \"10.0.0.10\",\n      \"dockerBridgeCidr\":
        \"172.17.0.1/16\",\n      \"outboundType\": \"loadBalancer\",\n      \"podCidrs\":
        [\n       \"10.244.0.0/16\"\n      ],\n      \"serviceCidrs\": [\n       \"10.0.0.0/16\"\n
        \     ],\n      \"ipFamilies\": [\n       \"IPv4\"\n      ]\n     },\n     \"maxAgentPools\":
        100,\n     \"disableLocalAccounts\": false\n    },\n    \"sku\": {\n     \"name\":
        \"Basic\",\n     \"tier\": \"Free\"\n    }\n   }\n  ]\n }"
    headers:
      cache-control:
      - no-cache
      content-length:
      - '3336'
      content-type:
      - application/json
      date:
      - Tue, 25 Jan 2022 03:56:14 GMT
      expires:
      - '-1'
      pragma:
      - no-cache
      server:
      - nginx
      strict-transport-security:
      - max-age=31536000; includeSubDomains
      transfer-encoding:
      - chunked
      vary:
      - Accept-Encoding
      x-content-type-options:
      - nosniff
    status:
      code: 200
      message: OK
- request:
    body: null
    headers:
      Accept:
      - application/json
      Accept-Encoding:
      - gzip, deflate
      CommandName:
      - aks show
      Connection:
      - keep-alive
      ParameterSetName:
      - -g -n
      User-Agent:
      - AZURECLI/2.32.0 azsdk-python-azure-mgmt-containerservice/16.4.0 Python/3.8.10
        (Linux-5.11.0-1027-azure-x86_64-with-glibc2.29)
    method: GET
    uri: https://management.azure.com/subscriptions/00000000-0000-0000-0000-000000000000/resourceGroups/clitest000001/providers/Microsoft.ContainerService/managedClusters/cliakstest000001?api-version=2021-10-01
  response:
    body:
      string: "{\n  \"id\": \"/subscriptions/00000000-0000-0000-0000-000000000000/resourcegroups/clitest000001/providers/Microsoft.ContainerService/managedClusters/cliakstest000001\",\n
        \ \"location\": \"westus2\",\n  \"name\": \"cliakstest000001\",\n  \"type\":
        \"Microsoft.ContainerService/ManagedClusters\",\n  \"properties\": {\n   \"provisioningState\":
        \"Succeeded\",\n   \"powerState\": {\n    \"code\": \"Running\"\n   },\n   \"kubernetesVersion\":
        \"1.21.7\",\n   \"dnsPrefix\": \"cliaksdns000004\",\n   \"fqdn\": \"cliaksdns000004-09a7d31c.hcp.westus2.azmk8s.io\",\n
        \  \"azurePortalFQDN\": \"cliaksdns000004-09a7d31c.portal.hcp.westus2.azmk8s.io\",\n
        \  \"agentPoolProfiles\": [\n    {\n     \"name\": \"nodepool1\",\n     \"count\":
        1,\n     \"vmSize\": \"Standard_DS2_v2\",\n     \"osDiskSizeGB\": 128,\n     \"osDiskType\":
        \"Managed\",\n     \"kubeletDiskType\": \"OS\",\n     \"maxPods\": 110,\n
        \    \"type\": \"VirtualMachineScaleSets\",\n     \"enableAutoScaling\": false,\n
        \    \"provisioningState\": \"Succeeded\",\n     \"powerState\": {\n      \"code\":
        \"Running\"\n     },\n     \"orchestratorVersion\": \"1.21.7\",\n     \"enableNodePublicIP\":
        false,\n     \"mode\": \"System\",\n     \"enableEncryptionAtHost\": false,\n
        \    \"enableUltraSSD\": false,\n     \"osType\": \"Linux\",\n     \"osSKU\":
        \"Ubuntu\",\n     \"nodeImageVersion\": \"AKSUbuntu-1804gen2containerd-2022.01.07\",\n
        \    \"enableFIPS\": false\n    }\n   ],\n   \"linuxProfile\": {\n    \"adminUsername\":
        \"azureuser\",\n    \"ssh\": {\n     \"publicKeys\": [\n      {\n       \"keyData\":
        \"ssh-rsa AAAAB3NzaC1yc2EAAAADAQABAAABAQDJZKKi/Smi4GoBIAJ6trVE0X9tR6eaDItEwb/EuPrtXyJMl9TVWH5TfAjUV29pwFh1w29P0ttywlD21je8juMc+7yfal3aPfTSoLIA7wKbZAfSDovuSVBnuaoK+HeKAb2EfpQae/Dd4Pmj38pyQlPFCG8bxM3hJ5Y5BiwDYMnjC6pYyY1ceBYQ3FnITumUFd3FXxB5ozj/ooNvOmKDRcPr3xDRf5gE2Xc/Pr3lsk7/N2NNfFFsICY3a9KnMD4H1wgYOCX8XuIGK5ANwGUQu2wEODapsnivns8BhvXtePnzUEpzOtk2LF11gHZWrykBzm4lvphQghWugtbTqyY5SBur
        azcli_aks_live_test@example.com\\n\"\n      }\n     ]\n    }\n   },\n   \"servicePrincipalProfile\":
        {\n    \"clientId\":\"00000000-0000-0000-0000-000000000001\"\n   },\n   \"nodeResourceGroup\":
        \"MC_clitest000001_cliakstest000001_westus2\",\n   \"enableRBAC\": true,\n
        \  \"networkProfile\": {\n    \"networkPlugin\": \"kubenet\",\n    \"loadBalancerSku\":
        \"Standard\",\n    \"loadBalancerProfile\": {\n     \"outboundIPPrefixes\":
        {\n      \"publicIPPrefixes\": [\n       {\n        \"id\": \"/subscriptions/00000000-0000-0000-0000-000000000000/resourceGroups/clitest000001/providers/Microsoft.Network/publicIPPrefixes/cliaksslbipp1000002\"\n
        \      }\n      ]\n     },\n     \"effectiveOutboundIPs\": [\n      {\n       \"id\":
        \"/subscriptions/00000000-0000-0000-0000-000000000000/resourceGroups/clitest000001/providers/Microsoft.Network/publicIPPrefixes/cliaksslbipp1000002\"\n
        \     }\n     ],\n     \"allocatedOutboundPorts\": 0,\n     \"idleTimeoutInMinutes\":
        30\n    },\n    \"podCidr\": \"10.244.0.0/16\",\n    \"serviceCidr\": \"10.0.0.0/16\",\n
        \   \"dnsServiceIP\": \"10.0.0.10\",\n    \"dockerBridgeCidr\": \"172.17.0.1/16\",\n
        \   \"outboundType\": \"loadBalancer\",\n    \"podCidrs\": [\n     \"10.244.0.0/16\"\n
        \   ],\n    \"serviceCidrs\": [\n     \"10.0.0.0/16\"\n    ],\n    \"ipFamilies\":
        [\n     \"IPv4\"\n    ]\n   },\n   \"maxAgentPools\": 100,\n   \"disableLocalAccounts\":
        false\n  },\n  \"sku\": {\n   \"name\": \"Basic\",\n   \"tier\": \"Free\"\n
        \ }\n }"
    headers:
      cache-control:
      - no-cache
      content-length:
      - '3119'
      content-type:
      - application/json
      date:
      - Tue, 25 Jan 2022 03:56:14 GMT
      expires:
      - '-1'
      pragma:
      - no-cache
      server:
      - nginx
      strict-transport-security:
      - max-age=31536000; includeSubDomains
      transfer-encoding:
      - chunked
      vary:
      - Accept-Encoding
      x-content-type-options:
      - nosniff
    status:
      code: 200
      message: OK
- request:
    body: null
    headers:
      Accept:
      - application/json
      Accept-Encoding:
      - gzip, deflate
      CommandName:
      - aks get-credentials
      Connection:
      - keep-alive
      Content-Length:
      - '0'
      ParameterSetName:
      - -g -n --file
      User-Agent:
      - AZURECLI/2.32.0 azsdk-python-azure-mgmt-containerservice/16.4.0 Python/3.8.10
        (Linux-5.11.0-1027-azure-x86_64-with-glibc2.29)
    method: POST
    uri: https://management.azure.com/subscriptions/00000000-0000-0000-0000-000000000000/resourceGroups/clitest000001/providers/Microsoft.ContainerService/managedClusters/cliakstest000001/listClusterUserCredential?api-version=2021-10-01
  response:
    body:
      string: "{\n  \"kubeconfigs\": [\n   {\n    \"name\": \"clusterUser\",\n    \"value\":
        \"YXBpVmVyc2lvbjogdjEKY2x1c3RlcnM6Ci0gY2x1c3RlcjoKICAgIGNlcnRpZmljYXRlLWF1dGhvcml0eS1kYXRhOiBMUzB0TFMxQ1JVZEpUaUJEUlZKVVNVWkpRMEZVUlMwdExTMHRDazFKU1VVMlJFTkRRWFJEWjBGM1NVSkJaMGxSUzJad1lXVm5UVGcyWVdkb2FHWm9Nbmh2VVRWaVZFRk9RbWRyY1docmFVYzVkekJDUVZGelJrRkVRVTRLVFZGemQwTlJXVVJXVVZGRVJYZEthbGxVUVdkR2R6QjVUV3BCZUUxcVZYZE5lbEY2VFZSb1lVZEJPSGxOUkZWNVRVUkZlVTVVUVhwT1ZFMTRUMFp2ZHdwRVZFVk1UVUZyUjBFeFZVVkJlRTFEV1RKRmQyZG5TV2xOUVRCSFExTnhSMU5KWWpORVVVVkNRVkZWUVVFMFNVTkVkMEYzWjJkSlMwRnZTVU5CVVVSUENrdFpUbVZKTm5Bdk5VUmtiVTExWVVjNE5HTjRWVEZNVG1WMUwyaG1XVmt2SzFNd2NWWXJRa1phT1RKRVMwSkpNR1o2WVVVNVNtOVJOWGREUWtsd2JEUUtZVWhrY1ZWWVYwOXJkMlIzUTNSVllreHdORmhZVTFWNlRucFVZa2Q0UkUxRU9IWnhOMFpKVlRoUE1uQk1iMGRPY3pZeVZVRTVSMHR3Y1hCNWFXRTFWUXBMV0dGMVExVTFSMVJTYm5KS1lrZG1UbWw1V2xJMFVuSnNTREZLVVZCa1dqbDZWVWxuYUVkWmVYQTBNelV4YW5wbWRIQlJlRTAyVlM5cFJYVlZabHBsQ21oa2VIUlRMM1JLYTNsNFZWTXhWR3BDWmtSRFIySndaelI0WXpCdk5VdzNUV281V0hReFFWQkVSSEJSTmxOMlRscFZMMU4zV21GSlYweExMelZqUWtRS1UzVlhNelJOTlc0NGVWUnRUVWxwZUdsMGFuZE9aMFJTVjIxUWJuQlRhRU4zTVdac1dWTkhSV2xPTDBReldISmtkVEZyV25CcVMycGhWRWxaYkU5RGRncGxLMlpFZFZWVVVqTjJMMG9yVFVsaWRuaGxVR1Z5YVZoWlIxTkljSEpaUVRCdk5XOTFjVTlOWkRKaGVsQTVXVzAzWmpCdmJVTTBVWGxLVEhvdloxbFNDbFF4SzFGbVRERk5XV3dyVG1veWJrZFBWVVY2Ums1WVRqaHJWVUU1VUUxQlpVVkhWR050ZFZBMmRHUkliMVV4YXpNelJHVlNWVXhyT1hKWWFGWnFLMWNLZURFNVpESlNVMFZUZDBsb09FSnFUa0kyVjFOMVkwVkhXR2hvU0hkNE1qZ3hObWRYVjNOdU1scHBlWGxaWkd0VFFYZ3dORWc0YjBKc2RtcFdZMjAyZFFwR1VGbElMMjV0VDBoUGVIQjBUM2hHYjBwRVlrRm5ObXRvZFZBd2VYaDFNWFZUWkc1QlNsTnliMDlwYmxjMGVDOURRbEJKZG5SWU9XMWpUbUZIT0RkQ0NqVnJlak5XWTNZNVJqRjBVbmRpZEZjM2VFRnJRemcwTmxZcmNuZG5TM2h3TDJ0UFlXaFNPVFV2YlZaV1NFdzNSMjk1VEhCblRHUlNOMVpETVhBMkwwSUtRVWsyY21KRFJYSjVVMUpYYnpoaFVYbE9TRkZ5WlVsMFUzcHhRbGRwTTFKVlVEUjRPVVZ6TDJWM1NVUkJVVUZDYnpCSmQxRkVRVTlDWjA1V1NGRTRRZ3BCWmpoRlFrRk5RMEZ4VVhkRWQxbEVWbEl3VkVGUlNDOUNRVlYzUVhkRlFpOTZRV1JDWjA1V1NGRTBSVVpuVVZVeGFXNXRjVmxaYUVkVmJVUmhWa2hCQ210NU4xaEpNa0l2VHpWcmQwUlJXVXBMYjFwSmFIWmpUa0ZSUlV4Q1VVRkVaMmRKUWtGSE4zZzRiV3cwVVZkdGJVY3hNazV3UVVWdFV5dHZTaXRwVVc4S1NqUllhMVZKVlVkSFNsbEhiMnh4TTJ4bVJFbEJWR1pSTWxWRlNqRjJURGt5Y21sbFl5OWphM0EzYmpWWWJrVXJZbW9yZFdadUwwNXlXVEpGWm5obk53b3pVM0JzYlROVVdHdDVWSEp6WlRGRU56UlFOa2xJTW5adU5WbERPVEFySzNGNlUwZ3hZbmhNWldkNU4zQktNV2c1TlV4T2FFMUViV1pEYjBRNEt6QndDbWxYZFdOaFVrcHJRbHB0VTFCVWJuSjBlR1JIZUZwTFdXcERSblkxUkN0Nk1rZDNVVVp5U0hVd2FEZGxRV1Z4UzJFM2NrMXdUbWRsTUZkelRUbFNSWEVLZVdGaVUxaHRXR05XVjBobmJpOHlNMlYyZFdacFdXVTNTQzlzZUZoUmRGcENkemd2YWpWVksyeFFZVkJYYzA1UmRVSnpUMlowU3pnd1lTOTJRamhRTXdwTlRuQXZXVEppYWpORVVGSmxhVXRhVEhoWlRpdEZNRkpyUVVSS1ZTOVJUMFo2YjBZNFQybE5UMnhWY0UxRk9FSnNOVVU1VVhwdk1uUkJPR3hpVms1NkNqVk1WbmRHUkdwNmQzQk1lSEV5SzNrMmF6VkhVVnBYYlVaSGJ6VlNXbmhsTTNSbGJTdGxPV1ZqZEhKdlFVeFRhMU5JYjAxSmR6RXJWVzh6WVZJMU1rNEtMM0ZYTUd4RVpEQjROMDVzTVdFeWFHVlZja2hwTTJwR1VrRlRSelV3ZW5sRGJWbHBWRWh2VjBreVJEVkRRbkVyVjI1M1pDdHFOM2cxYUd3NFJGaFZkUXBvVlhnNU5HYzFjSEF2ZEZoa1JWVkRXR0YzZVhWdFdHZHJjbVo1VVdwV01tc3hUVE5xZG1NemMxUm5kazVVTkRadlRYUTJURlp5VTJwWEswRm5ZVWx6Q214WlMxWjBhSFIwUlc4eVpsaHRlR1ZpYjNKVll6QkpRMkZQVmtNclNGUlhRM0ZCYUVKeVVtRk9VRXBrVkVSQ2JDOHljeTlpZW10cFFUaFhSRXMyT0ZjS1NteHlaR3BwTTNsTVEwbzRLeXMwTlVsMFR6aHNTSFZxVlZCeFJsZ3ZSbE0wZGsxT05GY3hjMDVZVGsxcFFsWXdaRGhIVUhNMFRqTnhNVGhpUVRkdGRncGlVVWxLUlRabkwzRjFlSEZNWjJoWUNpMHRMUzB0UlU1RUlFTkZVbFJKUmtsRFFWUkZMUzB0TFMwSwogICAgc2VydmVyOiBodHRwczovL2NsaWFrc2Ruc2JjYmQ3dWktMDlhN2QzMWMuaGNwLndlc3R1czIuYXptazhzLmlvOjQ0MwogIG5hbWU6IGNsaWFrc3Rlc3RsamNidncKY29udGV4dHM6Ci0gY29udGV4dDoKICAgIGNsdXN0ZXI6IGNsaWFrc3Rlc3RsamNidncKICAgIHVzZXI6IGNsdXN0ZXJVc2VyX2NsaXRlc3Q0M3NudzN3amlpX2NsaWFrc3Rlc3RsamNidncKICBuYW1lOiBjbGlha3N0ZXN0bGpjYnZ3CmN1cnJlbnQtY29udGV4dDogY2xpYWtzdGVzdGxqY2J2dwpraW5kOiBDb25maWcKcHJlZmVyZW5jZXM6IHt9CnVzZXJzOgotIG5hbWU6IGNsdXN0ZXJVc2VyX2NsaXRlc3Q0M3NudzN3amlpX2NsaWFrc3Rlc3RsamNidncKICB1c2VyOgogICAgY2xpZW50LWNlcnRpZmljYXRlLWRhdGE6IExTMHRMUzFDUlVkSlRpQkRSVkpVU1VaSlEwRlVSUzB0TFMwdENrMUpTVVpJYWtORFFYZGhaMEYzU1VKQlowbFNRVWxtY2xKTlJXVlVlbEpOV2xGNGMwVjRia2N2VjJ0M1JGRlpTa3R2V2tsb2RtTk9RVkZGVEVKUlFYY0tSRlJGVEUxQmEwZEJNVlZGUVhoTlExa3lSWGRJYUdOT1RXcEpkMDFVU1RGTlJFMHdUWHBGTkZkb1kwNU5hbEYzVFZSSk1VMUVUVEZOZWtVMFYycEJkd3BOVW1OM1JsRlpSRlpSVVV0RmR6VjZaVmhPTUZwWE1EWmlWMFo2WkVkV2VXTjZSVlpOUWsxSFFURlZSVUY0VFUxaVYwWjZaRWRXZVZreWVIQmFWelV3Q2sxSlNVTkpha0ZPUW1kcmNXaHJhVWM1ZHpCQ1FWRkZSa0ZCVDBOQlp6aEJUVWxKUTBOblMwTkJaMFZCZFU1alpWaFZjWGxzVFVkQk1FdEtkMmhPTlVFS1QxZFhSVlpEYVhWTlpWbE9VbEkzT0ZkaFkyNDVOMjVvV25KWVMxb3dka3BIWlVkRGVFMTFVMFZCYUZGSGFrZFhaVzVhTmpONlpWTm1MM2RyVXpCSGRRcHZXbTFhTmpoQ2JsZDZOazEwUlhwd1VuRkVkbXgwVjNCak1HOUZNVTlhVVVKbk5IRlVkMVpCTTFkdVNYZ3hjamhQTjFKVFkyOUJVMlJ0VWpBd2NEbHdDbEUwUjFCRmVuTnpSRTVGYlV4RU1GRmFiMk12VkhWTVUySjNUalJKTXpCalN6bFplVTVtYzFKRWIzWjJTMW8zYkZoNVFYUlNiRFpWWlVSeWJteDFWMlVLZVhOMU9UVlBlV1V3V21aalpFTjRjV3h6Wm1WSWFqTnRTQzlWUVdsVVJWZEZTbU5UTkc0M2FWaElNMmsyZVhsRVptSXhNVUZaY0c1Mk0xQnFjVlVyWmdwWWIydGlOVVpqWVZVekszcENjRUp2VHpaaFREaENkbmhoTWtkdWJrbFNZVkpCT0c1RmMxRnVjSGxsUWtkaVNXWktLM050VjFSSlpYSTVRVFIzY21kU0NtVnRVVlV6U1VVMVJVNU9aVFJxWTJ0dlpXRmxlRTkzVnpkSlpFbHJiRU50ZW5oMGJ5OUtja2xTUVdwVVVGVm5WVmM1YVhWT2NHRmxjVEl5ZUhsb1lYZ0tWVzVLVTFNMEx6QnRNa2QyY0dZdmFWaFlVbTFVVVhOWk1DOXZkVWN5VGt0d1dXRlhNVVUwZDFoa1dHWkdhM0pRYjA5Qk0yRXphM3BpWjFwQlZuVXZTQXB6UmxCUlFYUklNekZoVW10a1dsbFhjMmROTTNweUx6SXhjREJvWkhwUWFUSkpZMkpyZWlzMVF6STNSSGRUUWtaMFZHVnpWekppZW5KMVEyaEhjVTlKQ2pGalJIZ3hhRk01VGpSd1lpOWllR3QwWlhWMlpHWnBXV2hTV21ablNDOUlObXBDVFc5NFZVTmhTa3BQWkZoVWFuVTNjRzFoTkhBeWJXUm5TRzlRZGs4S1NsWm5OSFpIV0VWR1RqZE1OR295WTJrMWFrUldSblJ0Y21vdk0wMVFTbkp1UzJ0MVVHTkpMemt3Wm0xYU4xaHNOWGhqWlV4NFpGaDZjazB3ZW5Bd1R3cHZXVmxLWjNJd1Zrb3pOMG8xVlc1NVNYQlJXVFZZVFVOQmQwVkJRV0ZPVjAxR1VYZEVaMWxFVmxJd1VFRlJTQzlDUVZGRVFXZFhaMDFDVFVkQk1WVmtDa3BSVVUxTlFXOUhRME56UjBGUlZVWkNkMDFEVFVGM1IwRXhWV1JGZDBWQ0wzZFJRMDFCUVhkSWQxbEVWbEl3YWtKQ1ozZEdiMEZWTVdsdWJYRlpXV2dLUjFWdFJHRldTRUZyZVRkWVNUSkNMMDgxYTNkRVVWbEtTMjlhU1doMlkwNUJVVVZNUWxGQlJHZG5TVUpCUlZGR2NGQkljWFIyUVhnMlltdFVWWEZOU2dwNFZtWlFTekZRYm1oMFRXazFaSGs0ZWtreFdEaEdNMVU1V0RKbE9XWmFURGRTVDNvNFMwMHJWMEpOU3paV1VEbE5VMFJpZWxCdWFsaHlUWEl2VEZwQkNtWTNWblk0TlRWVVlUUjFPVTlHYlRVNWFXODNPVkJGVERneGVWcFROR040U2pKRlRISkxNQ3N6ZEVjd2FXVXdTakJPVTBScU5tRkthVnBJUkdobFQzSUtkbkZyVUVsb01rOVdLM2haTWtNeFVrcFhlbnBRVlVOMFZEaG9jMHhxYURrMWQxVnBiM1JWU0VWUlZISXhlRXdyUVV0eVZFc3dkWGx1WldvdmNqVmliQW9yU0hObE1FeEdNVmRYT0hGa2JtbFpObkJNZUZZeVYweGhXR3c1VW5Fek9VVTBXbVUzTmtGUmRWaEhWM1JIU210eFdGazRTR3d6UmpWMllWbE5ZVTl0Q2xwRVJ6aFNlRFo1UzIxdGMwb3hVRkJSZEc1VlEwZEdPQzlCVjBNdmMxSnFhR2M0TDJGWVNXdE5UVTFvVEdSd1UwaFFaVWRNVUVKUGNFRkNWMlJpYkV3S1pHOWtPV05FVWpWdWJFNWhjME5pWWs5TmJHOVFSbVJsYkVZMk5XdERkamxSYnprM2VISnpNV3BGY3pReGEwcFlTMU55UnpGbGJWcElhMFJ2V2toa1NncFpabnBDYjFnMFptMXVlVmM0WlZjemFrb3hkV0ZwUkdoVU5tNWpRV3RhWm5jeWVYRTFORmh2YTJ4V1NTdFBkV05TTWtwbU5qQnhVSGd2VDJWb1dtNW5DbUZOTDNsMVlub3ZOMmRaYjJGbWNFd3JTV2xDVDFsM1dGUkJXbXhzZFRGbVVrWm9WbTFZZVZKcFFXcHNZMVpOV1Rsd1pHYzBjVFZDU0ZnemNUUnphMmtLYWs4MlJrOW9VMUJZVVc1VmNHSnNSV0ZuZDFaWU5rMXNhMkZTZWpKTVlsTjFSR0U0VlhsNFkxWnRaM1ZUWlVwbFVHUmFXVFI2Um1WeU5GQnBlQ3RDU3dwRVpWVnVVMVYxY21KS2VrSjVZMWcxY1d3MFVuZHhjMlI1UzFoRUwxQnJWbVUyUzBObWNsZElZMlJwWkdOcmEzVlhVemhMZDJFMGVqVlpXWEU1TlVvd0NtOVBTRkJpWlRsM0wyazRSVUpRU1dOQ1JtUjFjMnB2Y0FvdExTMHRMVVZPUkNCRFJWSlVTVVpKUTBGVVJTMHRMUzB0Q2c9PQogICAgY2xpZW50LWtleS1kYXRhOiBMUzB0TFMxQ1JVZEpUaUJTVTBFZ1VGSkpWa0ZVUlNCTFJWa3RMUzB0TFFwTlNVbEtTbEZKUWtGQlMwTkJaMFZCZFU1alpWaFZjWGxzVFVkQk1FdEtkMmhPTlVGUFYxZEZWa05wZFUxbFdVNVNVamM0VjJGamJqazNibWhhY2xoTENsb3dka3BIWlVkRGVFMTFVMFZCYUZGSGFrZFhaVzVhTmpONlpWTm1MM2RyVXpCSGRXOWFiVm8yT0VKdVYzbzJUWFJGZW5CU2NVUjJiSFJYY0dNd2IwVUtNVTlhVVVKbk5IRlVkMVpCTTFkdVNYZ3hjamhQTjFKVFkyOUJVMlJ0VWpBd2NEbHdVVFJIVUVWNmMzTkVUa1Z0VEVRd1VWcHZZeTlVZFV4VFluZE9OQXBKTXpCalN6bFplVTVtYzFKRWIzWjJTMW8zYkZoNVFYUlNiRFpWWlVSeWJteDFWMlY1YzNVNU5VOTVaVEJhWm1Oa1EzaHhiSE5tWlVocU0yMUlMMVZCQ21sVVJWZEZTbU5UTkc0M2FWaElNMmsyZVhsRVptSXhNVUZaY0c1Mk0xQnFjVlVyWmxodmEySTFSbU5oVlRNcmVrSndRbTlQTm1GTU9FSjJlR0V5UjI0S2JrbFNZVkpCT0c1RmMxRnVjSGxsUWtkaVNXWktLM050VjFSSlpYSTVRVFIzY21kU1pXMVJWVE5KUlRWRlRrNWxOR3BqYTI5bFlXVjRUM2RYTjBsa1NRcHJiRU50ZW5oMGJ5OUtja2xTUVdwVVVGVm5WVmM1YVhWT2NHRmxjVEl5ZUhsb1lYaFZia3BUVXpRdk1HMHlSM1p3Wmk5cFdGaFNiVlJSYzFrd0wyOTFDa2N5VGt0d1dXRlhNVVUwZDFoa1dHWkdhM0pRYjA5Qk0yRXphM3BpWjFwQlZuVXZTSE5HVUZGQmRFZ3pNV0ZTYTJSYVdWZHpaMDB6ZW5Jdk1qRndNR2dLWkhwUWFUSkpZMkpyZWlzMVF6STNSSGRUUWtaMFZHVnpWekppZW5KMVEyaEhjVTlKTVdORWVERm9VemxPTkhCaUwySjRhM1JsZFhaa1ptbFphRkphWmdwblNDOUlObXBDVFc5NFZVTmhTa3BQWkZoVWFuVTNjRzFoTkhBeWJXUm5TRzlRZGs5S1ZtYzBka2RZUlVaT04wdzBhakpqYVRWcVJGWkdkRzF5YWk4ekNrMVFTbkp1UzJ0MVVHTkpMemt3Wm0xYU4xaHNOWGhqWlV4NFpGaDZjazB3ZW5Bd1QyOVpXVXBuY2pCV1NqTTNTalZWYm5sSmNGRlpOVmhOUTBGM1JVRUtRVkZMUTBGblFrTlljSFU0YVRsSVRITkNPVGg1Y0dJd1dHOXNXa1Z4WVU1UldEUnhNVXAyTTAxalZWTjFMelpTTms5RFUySk1kMk5yZHpOSGFWUTNXQXBSZGtaVVlVZHBOblozZERGT1dUSjRSVTVqT1hSV0sya3hhR0pMVmpocU5EWmpSWGs1YVdFemNIUlpjMVZwVlRGV09ISmpXbkoxVGxwd1ZtUldNRVJDQ2pGMlZWQnBObWhaVkUxak9DdFBZVko2YjB4VGJVRmxTMmxWY2xkMmJrdE9VMVJZY2psRU1YTnlVa0o1WjBOWGRsRmhjV3g1WlRCa1kxSk1iMlZ4VkZVS01WTXlkWFF6YUUxNldUQXlkSFZ6U3pGWVRXbExTMUl6Wm10UGFVNWlOR1J6VVdwc05GVXhOMDlYWldOa1J5OUNSa05FU2xsTlQzTm1laXRaTDFkWUt3cG9aV3B3Y0ZKdlVuSTBORmhZUTNacVVHSnpOamt6V0V4dFdtUjZOMjA1YUdOb1ZURXphV2dyVG5WUU1scDZjbWRKUjJoNlZXdEdTVFZuTUhwWGRUSkJDbmMwV1hCamRtNWpURU5WWW5oRlpXdDRNbHBXV1hOTEszbEVSV1F3VVRSQmRWZDRTelIwUTJWNWFGQjRXVlJsWlZoVmVYUnNiR1ZzZWxWelVFbG5VaThLYzBOdFYwb3haekkxWldVNFFraFFUV05vVGtsV1EydHhUWHBZUnk4emVWQkVSbU5YVjFOR2NIbHNPR3d4ZW5aeVMzSnhMM2RTVkc5VGRHMHdSbXcyUWdwTk5sSkRWMUV3WjNWaFJWQjROMWxFTWs1Mk0yUTBZbWxOTVZoUFFXbERlVmhOTW1oWmRHNXdiMUUyUjBJeVoydFBXVk5RWWpFM1NEbDVZbmRHTTNKa0NraHZaM2Q2SzBRNGNVSnVRbU41YjJOdk0yczBVVXczY0d0S2FUTndSa1pGU2s5bGVVTXJTbXRSY2t0eGVsSkRXa05hTm5wM2NIRk1kMlYyY2xoVWVWQUtjRlJ5TTIxVFdHaHpZbmROUVU1R0wyVmtiV2xYUkVsT09GVkdiRWxHVFVoS1pqVmhURkJNYzI4dmNHaEJiemxEUlRCMFEwTm1PRXBJUjFSTWNIZDZSZ3BsWjNkRVlXZEtjVUl2TUdSSWVFc3hPV041Tmk5dFYyeDBhM05zZVc0d1lXeE5kME53VDFwUGNXMHdiVE54VkZBMFVVdERRVkZGUVRGc1RYQnVRVWhuQ2k5TFowaDJNVVpzWjJkVGVsTlVabkk1WVZSRWIwWjVSR2hGTmxKWk4xVjFRa0pETDNablZVSm1aRkJaYldGUU1XVldVSG80T1UxbWVrcHpZMmt2TldRS1NXdHlVMDFEVjBwU1ZUUkdOelJqWm1oTE4yRlVNR0ZzYjFwalNWaE5aRkZWUTBoSFV6RXhXbTEyU1RsdlFrMDBibUpSU0hOT2IwUnZlRmRoYW0xQ2J3cHlRV2x2T1V4bFRISTRVa05PUVZReWQyczRLMjFIYzJ4alkxcExZVzFKTDNoaVluaFJORlJVZW04eVIwTTBNMFk0TWtnNGRVcElabkpEV0hkcGVrMHhDa3hqVTBKaVYxcG1WVkZhUzFGclpIbFJNVXRxU0ZneWNETm5WamxZVkRodldEUTRja2cyU25sQ2RVdElhemcwWWtKUlIxTTFWMmxVUTJ0c01DOUNSMWNLVVVGbVRGZEpNbEZMTW1abWNHUnBkMlV4ZUVObU1rbEtXVm8xYkZoVFpVMHhPVUUxVGxSdVZWWTJTV0p5UVd0VVVpOVVSVVpQZFVaa1VsUnBaMHB1VVFwVE1IRm9ka1J4TVZoTVoyUjJkMHREUVZGRlFUTk5hRUZGUzBnMFVqUXpOVzgxTWtGSmFTOVFUR0pJZFhaUlRGZ3dVWGM0Tm1aWVRqQkVkak5GWWs5V0NtTjRiRTFEVlRZemEwMHlkMjAzVnpKS1owSldWVXhGVVZoMmFqQnJka2xYTm1jellVVXplWFpVUkROd1VIRnJheXRHUmpNeldIbEZSVE5sUm10Uk9Hd0tUVlZDTjFSdE5ubHBZM2w2UTNSWFUwSklla2xFSzJveWJHZEtiak0yV2t0NWMzWnVaVUpHVEhOUFJqRmtabXB3TUhRdlZ6bFJUa0ZrY0dWWmVXeElVd3BRYlhNMWVEWTRUR2hEWWxFeE1tc3lOWEZJUW1kUGQwSm1ia2hKV0VWb1NsUkJRM0lySzBabGJXUkZjVEZMUzJWVk1HWnFURFk0YW01Qk9FRmpibk5rQ2xZMmVFWXpUWFEwVWxSM1RuRnFUelZDWkUxa04xSkdlSE4wVWpaaFExSXhWbUV2UTJ4bmNVTjJTMGxWY2psWk1XVlBPVXR3TkVsb00wbGtSekJuVkNzS1NWazJiRVp0TkU1bWRIZDRRV0Y2WmtkeEwyaFpPVWxSVEdsTldrUlVSMEo0WW1vMmNFcHlUbFJSUzBOQlVVSk5iMlpYY0hjek5ETjFUR293WW13d01ncE1VVzlTTjNZelpXMXBaMk5wV21VME1HZE1iMUJPYzFWT2QzcHZSelZCV2psdmNHMHZVbTlFV2sxS1FXUXdabE5rT0N0M1QzRlpRVmxtU21ad2NuYzNDbGhLWlVGMWNtSktWVll2WW05eE5FMWFhREZ0Vm5odVpsaFJVWGsxUmtSeGRIaDZWSGhMZFd0eU56bHJUemNyTjB0NmJGWkhVMGN3UTFoRGJqazBlbkFLY25WdWFFRmliR1JhYzNCQ05ESllSRVphZURoQ01UZzBRMW8yWjJaeWFtaEVVR1JXTkVRMVkwNU1aMUpKYnpsM1ZsTjROa05VYUVabmFFdHdSa1ZoVndwcFVVazJVM0ZQVUdOT1prUTNjU3Q2U2tKR1kwdDJNemRzVVhoa1VtczRlRXRSVWtSR1FtNVVTVEp1Y25aM1ZqaFZlVWRUUlRWUEsyd3djbVJCWkdvdkNuWkRaR0ZtUnpBeE0zQnZhMUVyUTBreVFVd3dWMUJVYVVsaFEyazJSMlZHV1dkQk1EbG9WeTk2T0ZCbmJYZHVaMEZFVTNkMVRUWnBZbFJCUWxKd2FXTUtZVE5UZGtGdlNVSkJRVVZ1ZW5sWlNFbDJlVVUwY2xOWVp6STRjVmgxVVROV1V5dExSREJWV2pCcmRreE1TWFZXWkUxTFZEbFJiRWxNV25sNU1qaFZXQXBRYjBKcFNVSlVjekZaVmpWc09FNVlaa1JuTUhGcFowcGpTVmN2YkdzNVNURTJjWEpUWmxVcmRpdHFXakpRYzJSSFoySmlWa2NyUVdwbFUyOU5ZV3RGQ2l0RU4zSlNWSFJsZURsR1JtWTVlbXBKUmxsTlZXTklhamxWT0hOcUx5OWFMMnB3YVRGb05YcGhNMWRYTUdOVFRrbEtRMWRuZDI5MWJETjJWRVEzVm1VS1YzRk9NU3R2UzFWblExaEViRzVLY0N0QmJEZHRNVFphWkd0Nk5FeG1NbE5IWVRWS1RqVnFjQzlIWkc5bVJVRTFNVGt2UW1kNlRFNVNVVkpXTUVWb1ZRcGxlVWhVTmxocU9WWk9MMFIzY0hWVUwzaDNRMkpPWWtrNU4xTXZWVEZZV0ZveFNsRlNZa1ptVm5veWRrMWhkM042VWsxWFZWcHZkRmN2U0ZaSE5UYzFDbGRuZUZCTmF5czJZMlY1U3pCbGFtSTJRM0Z2WjNGNFpGQnVjVlZGVGxWRFoyWTVkMm95UzNabGRWWktlSGhYVW13eFYxaHdRMGw1T1ROTVJYWmFVekFLVHpSamNqbE5ObkZDVHpaUlVrOU5hMFV4UkZkMlNGTlhSMWhYY1RoM1FVeHdNbWhQWjFWcFQxQlNTMko0V0RCVWFFazFjWFZTYzFaMGFGQlZPSEJwYkFwemQycHVTRlJuVW1JMFlXSTNMMm8wV0VkT2RFTTVjVVl4WTFGSlNWaHFaek1yYm1ScVowOWtWMUZ4TmpBM1ZGbHJVVGRIU1VSd05XZE9VbTFWVFVsa0NrbHZXR0U0V1dKVGFDOW5hbTl5WTFwcFpXOVpkWFJNUW1kbU4zQm5WaTkxU21KU05qaDFaMU5TV1M5Nk0xSXdObTVRVjFOamJuaDJZMGhCV2xOUk4wd0tNVE50VEZSV2QzRjNhR1JHY1ZGdFoySk9abmRZTDNVeFNEVnBMMVZMVGtGdkx6bFpiWFkxVkhCUmVHczVNemN3T1daaFZqQlliVmQyVWpkTFRIZGxWZ3BQYWtkM1F5c3JiblZsVUdGQ2JuRXdUV04xZG5VM1ZtazRSblJOYjNNeE1WVlRWbFJsWm1ocFVsUmFhbnBzZHprMmRWbE5VMEozUFFvdExTMHRMVVZPUkNCU1UwRWdVRkpKVmtGVVJTQkxSVmt0TFMwdExRbz0KICAgIHRva2VuOiAxNTY2ODA2YmRkOTJkZGE5MTQ0ZWViMGEzNDlmMjIyYjFmODdiOWRiMmY1MmQyN2MzZmIzNjUyYmZiMjVmYzY4MGU2NzliOTAyOWVhNGM0Nzc2M2Y2OWE1N2FkY2UyNmZhZDJiN2I1ZWUyZjQ1MTMwMzQ2NGU5NDlkZmMyM2Q0Nwo=\"\n
        \  }\n  ]\n }"
    headers:
      cache-control:
      - no-cache
      content-length:
      - '13068'
      content-type:
      - application/json
      date:
      - Tue, 25 Jan 2022 03:56:15 GMT
      expires:
      - '-1'
      pragma:
      - no-cache
      server:
      - nginx
      strict-transport-security:
      - max-age=31536000; includeSubDomains
      transfer-encoding:
      - chunked
      vary:
      - Accept-Encoding
      x-content-type-options:
      - nosniff
      x-ms-ratelimit-remaining-subscription-writes:
      - '1198'
    status:
      code: 200
      message: OK
- request:
    body: null
    headers:
      Accept:
      - application/json
      Accept-Encoding:
      - gzip, deflate
      CommandName:
      - aks update
      Connection:
      - keep-alive
      ParameterSetName:
      - -g -n --load-balancer-outbound-ip-prefixes
      User-Agent:
      - AZURECLI/2.32.0 azsdk-python-azure-mgmt-containerservice/16.4.0 Python/3.8.10
        (Linux-5.11.0-1027-azure-x86_64-with-glibc2.29)
    method: GET
    uri: https://management.azure.com/subscriptions/00000000-0000-0000-0000-000000000000/resourceGroups/clitest000001/providers/Microsoft.ContainerService/managedClusters/cliakstest000001?api-version=2021-10-01
  response:
    body:
      string: "{\n  \"id\": \"/subscriptions/00000000-0000-0000-0000-000000000000/resourcegroups/clitest000001/providers/Microsoft.ContainerService/managedClusters/cliakstest000001\",\n
        \ \"location\": \"westus2\",\n  \"name\": \"cliakstest000001\",\n  \"type\":
        \"Microsoft.ContainerService/ManagedClusters\",\n  \"properties\": {\n   \"provisioningState\":
        \"Succeeded\",\n   \"powerState\": {\n    \"code\": \"Running\"\n   },\n   \"kubernetesVersion\":
        \"1.21.7\",\n   \"dnsPrefix\": \"cliaksdns000004\",\n   \"fqdn\": \"cliaksdns000004-09a7d31c.hcp.westus2.azmk8s.io\",\n
        \  \"azurePortalFQDN\": \"cliaksdns000004-09a7d31c.portal.hcp.westus2.azmk8s.io\",\n
        \  \"agentPoolProfiles\": [\n    {\n     \"name\": \"nodepool1\",\n     \"count\":
        1,\n     \"vmSize\": \"Standard_DS2_v2\",\n     \"osDiskSizeGB\": 128,\n     \"osDiskType\":
        \"Managed\",\n     \"kubeletDiskType\": \"OS\",\n     \"maxPods\": 110,\n
        \    \"type\": \"VirtualMachineScaleSets\",\n     \"enableAutoScaling\": false,\n
        \    \"provisioningState\": \"Succeeded\",\n     \"powerState\": {\n      \"code\":
        \"Running\"\n     },\n     \"orchestratorVersion\": \"1.21.7\",\n     \"enableNodePublicIP\":
        false,\n     \"mode\": \"System\",\n     \"enableEncryptionAtHost\": false,\n
        \    \"enableUltraSSD\": false,\n     \"osType\": \"Linux\",\n     \"osSKU\":
        \"Ubuntu\",\n     \"nodeImageVersion\": \"AKSUbuntu-1804gen2containerd-2022.01.07\",\n
        \    \"enableFIPS\": false\n    }\n   ],\n   \"linuxProfile\": {\n    \"adminUsername\":
        \"azureuser\",\n    \"ssh\": {\n     \"publicKeys\": [\n      {\n       \"keyData\":
        \"ssh-rsa AAAAB3NzaC1yc2EAAAADAQABAAABAQDJZKKi/Smi4GoBIAJ6trVE0X9tR6eaDItEwb/EuPrtXyJMl9TVWH5TfAjUV29pwFh1w29P0ttywlD21je8juMc+7yfal3aPfTSoLIA7wKbZAfSDovuSVBnuaoK+HeKAb2EfpQae/Dd4Pmj38pyQlPFCG8bxM3hJ5Y5BiwDYMnjC6pYyY1ceBYQ3FnITumUFd3FXxB5ozj/ooNvOmKDRcPr3xDRf5gE2Xc/Pr3lsk7/N2NNfFFsICY3a9KnMD4H1wgYOCX8XuIGK5ANwGUQu2wEODapsnivns8BhvXtePnzUEpzOtk2LF11gHZWrykBzm4lvphQghWugtbTqyY5SBur
        azcli_aks_live_test@example.com\\n\"\n      }\n     ]\n    }\n   },\n   \"servicePrincipalProfile\":
        {\n    \"clientId\":\"00000000-0000-0000-0000-000000000001\"\n   },\n   \"nodeResourceGroup\":
        \"MC_clitest000001_cliakstest000001_westus2\",\n   \"enableRBAC\": true,\n
        \  \"networkProfile\": {\n    \"networkPlugin\": \"kubenet\",\n    \"loadBalancerSku\":
        \"Standard\",\n    \"loadBalancerProfile\": {\n     \"outboundIPPrefixes\":
        {\n      \"publicIPPrefixes\": [\n       {\n        \"id\": \"/subscriptions/00000000-0000-0000-0000-000000000000/resourceGroups/clitest000001/providers/Microsoft.Network/publicIPPrefixes/cliaksslbipp1000002\"\n
        \      }\n      ]\n     },\n     \"effectiveOutboundIPs\": [\n      {\n       \"id\":
        \"/subscriptions/00000000-0000-0000-0000-000000000000/resourceGroups/clitest000001/providers/Microsoft.Network/publicIPPrefixes/cliaksslbipp1000002\"\n
        \     }\n     ],\n     \"allocatedOutboundPorts\": 0,\n     \"idleTimeoutInMinutes\":
        30\n    },\n    \"podCidr\": \"10.244.0.0/16\",\n    \"serviceCidr\": \"10.0.0.0/16\",\n
        \   \"dnsServiceIP\": \"10.0.0.10\",\n    \"dockerBridgeCidr\": \"172.17.0.1/16\",\n
        \   \"outboundType\": \"loadBalancer\",\n    \"podCidrs\": [\n     \"10.244.0.0/16\"\n
        \   ],\n    \"serviceCidrs\": [\n     \"10.0.0.0/16\"\n    ],\n    \"ipFamilies\":
        [\n     \"IPv4\"\n    ]\n   },\n   \"maxAgentPools\": 100,\n   \"disableLocalAccounts\":
        false\n  },\n  \"sku\": {\n   \"name\": \"Basic\",\n   \"tier\": \"Free\"\n
        \ }\n }"
    headers:
      cache-control:
      - no-cache
      content-length:
      - '3119'
      content-type:
      - application/json
      date:
      - Tue, 25 Jan 2022 03:56:15 GMT
      expires:
      - '-1'
      pragma:
      - no-cache
      server:
      - nginx
      strict-transport-security:
      - max-age=31536000; includeSubDomains
      transfer-encoding:
      - chunked
      vary:
      - Accept-Encoding
      x-content-type-options:
      - nosniff
    status:
      code: 200
      message: OK
- request:
    body: '{"location": "westus2", "sku": {"name": "Basic", "tier": "Free"}, "properties":
      {"kubernetesVersion": "1.21.7", "dnsPrefix": "cliaksdns000004", "agentPoolProfiles":
      [{"count": 1, "vmSize": "Standard_DS2_v2", "osDiskSizeGB": 128, "osDiskType":
      "Managed", "kubeletDiskType": "OS", "maxPods": 110, "osType": "Linux", "osSKU":
      "Ubuntu", "enableAutoScaling": false, "type": "VirtualMachineScaleSets", "mode":
      "System", "orchestratorVersion": "1.21.7", "powerState": {"code": "Running"},
      "enableNodePublicIP": false, "enableEncryptionAtHost": false, "enableUltraSSD":
      false, "enableFIPS": false, "name": "nodepool1"}], "linuxProfile": {"adminUsername":
      "azureuser", "ssh": {"publicKeys": [{"keyData": "ssh-rsa AAAAB3NzaC1yc2EAAAADAQABAAABAQDJZKKi/Smi4GoBIAJ6trVE0X9tR6eaDItEwb/EuPrtXyJMl9TVWH5TfAjUV29pwFh1w29P0ttywlD21je8juMc+7yfal3aPfTSoLIA7wKbZAfSDovuSVBnuaoK+HeKAb2EfpQae/Dd4Pmj38pyQlPFCG8bxM3hJ5Y5BiwDYMnjC6pYyY1ceBYQ3FnITumUFd3FXxB5ozj/ooNvOmKDRcPr3xDRf5gE2Xc/Pr3lsk7/N2NNfFFsICY3a9KnMD4H1wgYOCX8XuIGK5ANwGUQu2wEODapsnivns8BhvXtePnzUEpzOtk2LF11gHZWrykBzm4lvphQghWugtbTqyY5SBur
      azcli_aks_live_test@example.com\n"}]}}, "servicePrincipalProfile": {"clientId":"00000000-0000-0000-0000-000000000001"},
      "nodeResourceGroup": "MC_clitest000001_cliakstest000001_westus2", "enableRBAC":
      true, "networkProfile": {"networkPlugin": "kubenet", "podCidr": "10.244.0.0/16",
      "serviceCidr": "10.0.0.0/16", "dnsServiceIP": "10.0.0.10", "dockerBridgeCidr":
      "172.17.0.1/16", "outboundType": "loadBalancer", "loadBalancerSku": "Standard",
      "loadBalancerProfile": {"outboundIPPrefixes": {"publicIPPrefixes": [{"id": "/subscriptions/00000000-0000-0000-0000-000000000000/resourceGroups/clitest000001/providers/Microsoft.Network/publicIPPrefixes/cliaksslbipp1000002"},
      {"id": "/subscriptions/00000000-0000-0000-0000-000000000000/resourceGroups/clitest000001/providers/Microsoft.Network/publicIPPrefixes/cliaksslbipp2000003"}]},
      "effectiveOutboundIPs": [{"id": "/subscriptions/00000000-0000-0000-0000-000000000000/resourceGroups/clitest000001/providers/Microsoft.Network/publicIPPrefixes/cliaksslbipp1000002"}],
      "allocatedOutboundPorts": 0, "idleTimeoutInMinutes": 30}, "podCidrs": ["10.244.0.0/16"],
      "serviceCidrs": ["10.0.0.0/16"], "ipFamilies": ["IPv4"]}, "disableLocalAccounts":
      false}}'
    headers:
      Accept:
      - application/json
      Accept-Encoding:
      - gzip, deflate
      CommandName:
      - aks update
      Connection:
      - keep-alive
      Content-Length:
      - '2262'
      Content-Type:
      - application/json
      ParameterSetName:
      - -g -n --load-balancer-outbound-ip-prefixes
      User-Agent:
      - AZURECLI/2.32.0 azsdk-python-azure-mgmt-containerservice/16.4.0 Python/3.8.10
        (Linux-5.11.0-1027-azure-x86_64-with-glibc2.29)
    method: PUT
    uri: https://management.azure.com/subscriptions/00000000-0000-0000-0000-000000000000/resourceGroups/clitest000001/providers/Microsoft.ContainerService/managedClusters/cliakstest000001?api-version=2021-10-01
  response:
    body:
      string: "{\n  \"id\": \"/subscriptions/00000000-0000-0000-0000-000000000000/resourcegroups/clitest000001/providers/Microsoft.ContainerService/managedClusters/cliakstest000001\",\n
        \ \"location\": \"westus2\",\n  \"name\": \"cliakstest000001\",\n  \"type\":
        \"Microsoft.ContainerService/ManagedClusters\",\n  \"properties\": {\n   \"provisioningState\":
        \"Updating\",\n   \"powerState\": {\n    \"code\": \"Running\"\n   },\n   \"kubernetesVersion\":
        \"1.21.7\",\n   \"dnsPrefix\": \"cliaksdns000004\",\n   \"fqdn\": \"cliaksdns000004-09a7d31c.hcp.westus2.azmk8s.io\",\n
        \  \"azurePortalFQDN\": \"cliaksdns000004-09a7d31c.portal.hcp.westus2.azmk8s.io\",\n
        \  \"agentPoolProfiles\": [\n    {\n     \"name\": \"nodepool1\",\n     \"count\":
        1,\n     \"vmSize\": \"Standard_DS2_v2\",\n     \"osDiskSizeGB\": 128,\n     \"osDiskType\":
        \"Managed\",\n     \"kubeletDiskType\": \"OS\",\n     \"maxPods\": 110,\n
        \    \"type\": \"VirtualMachineScaleSets\",\n     \"enableAutoScaling\": false,\n
        \    \"provisioningState\": \"Updating\",\n     \"powerState\": {\n      \"code\":
        \"Running\"\n     },\n     \"orchestratorVersion\": \"1.21.7\",\n     \"enableNodePublicIP\":
        false,\n     \"mode\": \"System\",\n     \"enableEncryptionAtHost\": false,\n
        \    \"enableUltraSSD\": false,\n     \"osType\": \"Linux\",\n     \"osSKU\":
        \"Ubuntu\",\n     \"nodeImageVersion\": \"AKSUbuntu-1804gen2containerd-2022.01.07\",\n
        \    \"enableFIPS\": false\n    }\n   ],\n   \"linuxProfile\": {\n    \"adminUsername\":
        \"azureuser\",\n    \"ssh\": {\n     \"publicKeys\": [\n      {\n       \"keyData\":
        \"ssh-rsa AAAAB3NzaC1yc2EAAAADAQABAAABAQDJZKKi/Smi4GoBIAJ6trVE0X9tR6eaDItEwb/EuPrtXyJMl9TVWH5TfAjUV29pwFh1w29P0ttywlD21je8juMc+7yfal3aPfTSoLIA7wKbZAfSDovuSVBnuaoK+HeKAb2EfpQae/Dd4Pmj38pyQlPFCG8bxM3hJ5Y5BiwDYMnjC6pYyY1ceBYQ3FnITumUFd3FXxB5ozj/ooNvOmKDRcPr3xDRf5gE2Xc/Pr3lsk7/N2NNfFFsICY3a9KnMD4H1wgYOCX8XuIGK5ANwGUQu2wEODapsnivns8BhvXtePnzUEpzOtk2LF11gHZWrykBzm4lvphQghWugtbTqyY5SBur
        azcli_aks_live_test@example.com\\n\"\n      }\n     ]\n    }\n   },\n   \"servicePrincipalProfile\":
        {\n    \"clientId\":\"00000000-0000-0000-0000-000000000001\"\n   },\n   \"nodeResourceGroup\":
        \"MC_clitest000001_cliakstest000001_westus2\",\n   \"enableRBAC\": true,\n
        \  \"networkProfile\": {\n    \"networkPlugin\": \"kubenet\",\n    \"loadBalancerSku\":
        \"Standard\",\n    \"loadBalancerProfile\": {\n     \"outboundIPPrefixes\":
        {\n      \"publicIPPrefixes\": [\n       {\n        \"id\": \"/subscriptions/00000000-0000-0000-0000-000000000000/resourceGroups/clitest000001/providers/Microsoft.Network/publicIPPrefixes/cliaksslbipp1000002\"\n
        \      },\n       {\n        \"id\": \"/subscriptions/00000000-0000-0000-0000-000000000000/resourceGroups/clitest000001/providers/Microsoft.Network/publicIPPrefixes/cliaksslbipp2000003\"\n
        \      }\n      ]\n     },\n     \"effectiveOutboundIPs\": [\n      {\n       \"id\":
        \"/subscriptions/00000000-0000-0000-0000-000000000000/resourceGroups/clitest000001/providers/Microsoft.Network/publicIPPrefixes/cliaksslbipp1000002\"\n
        \     }\n     ],\n     \"allocatedOutboundPorts\": 0,\n     \"idleTimeoutInMinutes\":
        30\n    },\n    \"podCidr\": \"10.244.0.0/16\",\n    \"serviceCidr\": \"10.0.0.0/16\",\n
        \   \"dnsServiceIP\": \"10.0.0.10\",\n    \"dockerBridgeCidr\": \"172.17.0.1/16\",\n
        \   \"outboundType\": \"loadBalancer\",\n    \"podCidrs\": [\n     \"10.244.0.0/16\"\n
        \   ],\n    \"serviceCidrs\": [\n     \"10.0.0.0/16\"\n    ],\n    \"ipFamilies\":
        [\n     \"IPv4\"\n    ]\n   },\n   \"maxAgentPools\": 100,\n   \"disableLocalAccounts\":
        false\n  },\n  \"sku\": {\n   \"name\": \"Basic\",\n   \"tier\": \"Free\"\n
        \ }\n }"
    headers:
      azure-asyncoperation:
      - https://management.azure.com/subscriptions/00000000-0000-0000-0000-000000000000/providers/Microsoft.ContainerService/locations/westus2/operations/482df07b-d387-4d3b-9d38-389a727f7c17?api-version=2016-03-30
      cache-control:
      - no-cache
      content-length:
      - '3298'
      content-type:
      - application/json
      date:
      - Tue, 25 Jan 2022 03:56:18 GMT
      expires:
      - '-1'
      pragma:
      - no-cache
      server:
      - nginx
      strict-transport-security:
      - max-age=31536000; includeSubDomains
      transfer-encoding:
      - chunked
      vary:
      - Accept-Encoding
      x-content-type-options:
      - nosniff
      x-ms-ratelimit-remaining-subscription-writes:
      - '1196'
    status:
      code: 200
      message: OK
- request:
    body: null
    headers:
      Accept:
      - '*/*'
      Accept-Encoding:
      - gzip, deflate
      CommandName:
      - aks update
      Connection:
      - keep-alive
      ParameterSetName:
      - -g -n --load-balancer-outbound-ip-prefixes
      User-Agent:
      - AZURECLI/2.32.0 azsdk-python-azure-mgmt-containerservice/16.4.0 Python/3.8.10
        (Linux-5.11.0-1027-azure-x86_64-with-glibc2.29)
    method: GET
    uri: https://management.azure.com/subscriptions/00000000-0000-0000-0000-000000000000/providers/Microsoft.ContainerService/locations/westus2/operations/482df07b-d387-4d3b-9d38-389a727f7c17?api-version=2016-03-30
  response:
    body:
      string: "{\n  \"name\": \"7bf02d48-87d3-3b4d-9d38-389a727f7c17\",\n  \"status\":
        \"InProgress\",\n  \"startTime\": \"2022-01-25T03:56:18.6733333Z\"\n }"
    headers:
      cache-control:
      - no-cache
      content-length:
      - '126'
      content-type:
      - application/json
      date:
      - Tue, 25 Jan 2022 03:56:48 GMT
      expires:
      - '-1'
      pragma:
      - no-cache
      server:
      - nginx
      strict-transport-security:
      - max-age=31536000; includeSubDomains
      transfer-encoding:
      - chunked
      vary:
      - Accept-Encoding
      x-content-type-options:
      - nosniff
    status:
      code: 200
      message: OK
- request:
    body: null
    headers:
      Accept:
      - '*/*'
      Accept-Encoding:
      - gzip, deflate
      CommandName:
      - aks update
      Connection:
      - keep-alive
      ParameterSetName:
      - -g -n --load-balancer-outbound-ip-prefixes
      User-Agent:
      - AZURECLI/2.32.0 azsdk-python-azure-mgmt-containerservice/16.4.0 Python/3.8.10
        (Linux-5.11.0-1027-azure-x86_64-with-glibc2.29)
    method: GET
    uri: https://management.azure.com/subscriptions/00000000-0000-0000-0000-000000000000/providers/Microsoft.ContainerService/locations/westus2/operations/482df07b-d387-4d3b-9d38-389a727f7c17?api-version=2016-03-30
  response:
    body:
      string: "{\n  \"name\": \"7bf02d48-87d3-3b4d-9d38-389a727f7c17\",\n  \"status\":
        \"InProgress\",\n  \"startTime\": \"2022-01-25T03:56:18.6733333Z\"\n }"
    headers:
      cache-control:
      - no-cache
      content-length:
      - '126'
      content-type:
      - application/json
      date:
      - Tue, 25 Jan 2022 03:57:18 GMT
      expires:
      - '-1'
      pragma:
      - no-cache
      server:
      - nginx
      strict-transport-security:
      - max-age=31536000; includeSubDomains
      transfer-encoding:
      - chunked
      vary:
      - Accept-Encoding
      x-content-type-options:
      - nosniff
    status:
      code: 200
      message: OK
- request:
    body: null
    headers:
      Accept:
      - '*/*'
      Accept-Encoding:
      - gzip, deflate
      CommandName:
      - aks update
      Connection:
      - keep-alive
      ParameterSetName:
      - -g -n --load-balancer-outbound-ip-prefixes
      User-Agent:
      - AZURECLI/2.32.0 azsdk-python-azure-mgmt-containerservice/16.4.0 Python/3.8.10
        (Linux-5.11.0-1027-azure-x86_64-with-glibc2.29)
    method: GET
    uri: https://management.azure.com/subscriptions/00000000-0000-0000-0000-000000000000/providers/Microsoft.ContainerService/locations/westus2/operations/482df07b-d387-4d3b-9d38-389a727f7c17?api-version=2016-03-30
  response:
    body:
      string: "{\n  \"name\": \"7bf02d48-87d3-3b4d-9d38-389a727f7c17\",\n  \"status\":
        \"Succeeded\",\n  \"startTime\": \"2022-01-25T03:56:18.6733333Z\",\n  \"endTime\":
        \"2022-01-25T03:57:29.0439962Z\"\n }"
    headers:
      cache-control:
      - no-cache
      content-length:
      - '170'
      content-type:
      - application/json
      date:
      - Tue, 25 Jan 2022 03:57:48 GMT
      expires:
      - '-1'
      pragma:
      - no-cache
      server:
      - nginx
      strict-transport-security:
      - max-age=31536000; includeSubDomains
      transfer-encoding:
      - chunked
      vary:
      - Accept-Encoding
      x-content-type-options:
      - nosniff
    status:
      code: 200
      message: OK
- request:
    body: null
    headers:
      Accept:
      - '*/*'
      Accept-Encoding:
      - gzip, deflate
      CommandName:
      - aks update
      Connection:
      - keep-alive
      ParameterSetName:
      - -g -n --load-balancer-outbound-ip-prefixes
      User-Agent:
      - AZURECLI/2.32.0 azsdk-python-azure-mgmt-containerservice/16.4.0 Python/3.8.10
        (Linux-5.11.0-1027-azure-x86_64-with-glibc2.29)
    method: GET
    uri: https://management.azure.com/subscriptions/00000000-0000-0000-0000-000000000000/resourceGroups/clitest000001/providers/Microsoft.ContainerService/managedClusters/cliakstest000001?api-version=2021-10-01
  response:
    body:
      string: "{\n  \"id\": \"/subscriptions/00000000-0000-0000-0000-000000000000/resourcegroups/clitest000001/providers/Microsoft.ContainerService/managedClusters/cliakstest000001\",\n
        \ \"location\": \"westus2\",\n  \"name\": \"cliakstest000001\",\n  \"type\":
        \"Microsoft.ContainerService/ManagedClusters\",\n  \"properties\": {\n   \"provisioningState\":
        \"Succeeded\",\n   \"powerState\": {\n    \"code\": \"Running\"\n   },\n   \"kubernetesVersion\":
        \"1.21.7\",\n   \"dnsPrefix\": \"cliaksdns000004\",\n   \"fqdn\": \"cliaksdns000004-09a7d31c.hcp.westus2.azmk8s.io\",\n
        \  \"azurePortalFQDN\": \"cliaksdns000004-09a7d31c.portal.hcp.westus2.azmk8s.io\",\n
        \  \"agentPoolProfiles\": [\n    {\n     \"name\": \"nodepool1\",\n     \"count\":
        1,\n     \"vmSize\": \"Standard_DS2_v2\",\n     \"osDiskSizeGB\": 128,\n     \"osDiskType\":
        \"Managed\",\n     \"kubeletDiskType\": \"OS\",\n     \"maxPods\": 110,\n
        \    \"type\": \"VirtualMachineScaleSets\",\n     \"enableAutoScaling\": false,\n
        \    \"provisioningState\": \"Succeeded\",\n     \"powerState\": {\n      \"code\":
        \"Running\"\n     },\n     \"orchestratorVersion\": \"1.21.7\",\n     \"enableNodePublicIP\":
        false,\n     \"mode\": \"System\",\n     \"enableEncryptionAtHost\": false,\n
        \    \"enableUltraSSD\": false,\n     \"osType\": \"Linux\",\n     \"osSKU\":
        \"Ubuntu\",\n     \"nodeImageVersion\": \"AKSUbuntu-1804gen2containerd-2022.01.07\",\n
        \    \"enableFIPS\": false\n    }\n   ],\n   \"linuxProfile\": {\n    \"adminUsername\":
        \"azureuser\",\n    \"ssh\": {\n     \"publicKeys\": [\n      {\n       \"keyData\":
        \"ssh-rsa AAAAB3NzaC1yc2EAAAADAQABAAABAQDJZKKi/Smi4GoBIAJ6trVE0X9tR6eaDItEwb/EuPrtXyJMl9TVWH5TfAjUV29pwFh1w29P0ttywlD21je8juMc+7yfal3aPfTSoLIA7wKbZAfSDovuSVBnuaoK+HeKAb2EfpQae/Dd4Pmj38pyQlPFCG8bxM3hJ5Y5BiwDYMnjC6pYyY1ceBYQ3FnITumUFd3FXxB5ozj/ooNvOmKDRcPr3xDRf5gE2Xc/Pr3lsk7/N2NNfFFsICY3a9KnMD4H1wgYOCX8XuIGK5ANwGUQu2wEODapsnivns8BhvXtePnzUEpzOtk2LF11gHZWrykBzm4lvphQghWugtbTqyY5SBur
        azcli_aks_live_test@example.com\\n\"\n      }\n     ]\n    }\n   },\n   \"servicePrincipalProfile\":
        {\n    \"clientId\":\"00000000-0000-0000-0000-000000000001\"\n   },\n   \"nodeResourceGroup\":
        \"MC_clitest000001_cliakstest000001_westus2\",\n   \"enableRBAC\": true,\n
        \  \"networkProfile\": {\n    \"networkPlugin\": \"kubenet\",\n    \"loadBalancerSku\":
        \"Standard\",\n    \"loadBalancerProfile\": {\n     \"outboundIPPrefixes\":
        {\n      \"publicIPPrefixes\": [\n       {\n        \"id\": \"/subscriptions/00000000-0000-0000-0000-000000000000/resourceGroups/clitest000001/providers/Microsoft.Network/publicIPPrefixes/cliaksslbipp1000002\"\n
        \      },\n       {\n        \"id\": \"/subscriptions/00000000-0000-0000-0000-000000000000/resourceGroups/clitest000001/providers/Microsoft.Network/publicIPPrefixes/cliaksslbipp2000003\"\n
        \      }\n      ]\n     },\n     \"effectiveOutboundIPs\": [\n      {\n       \"id\":
        \"/subscriptions/00000000-0000-0000-0000-000000000000/resourceGroups/clitest000001/providers/Microsoft.Network/publicIPPrefixes/cliaksslbipp1000002\"\n
        \     },\n      {\n       \"id\": \"/subscriptions/00000000-0000-0000-0000-000000000000/resourceGroups/clitest000001/providers/Microsoft.Network/publicIPPrefixes/cliaksslbipp2000003\"\n
        \     }\n     ],\n     \"allocatedOutboundPorts\": 0,\n     \"idleTimeoutInMinutes\":
        30\n    },\n    \"podCidr\": \"10.244.0.0/16\",\n    \"serviceCidr\": \"10.0.0.0/16\",\n
        \   \"dnsServiceIP\": \"10.0.0.10\",\n    \"dockerBridgeCidr\": \"172.17.0.1/16\",\n
        \   \"outboundType\": \"loadBalancer\",\n    \"podCidrs\": [\n     \"10.244.0.0/16\"\n
        \   ],\n    \"serviceCidrs\": [\n     \"10.0.0.0/16\"\n    ],\n    \"ipFamilies\":
        [\n     \"IPv4\"\n    ]\n   },\n   \"maxAgentPools\": 100,\n   \"disableLocalAccounts\":
        false\n  },\n  \"sku\": {\n   \"name\": \"Basic\",\n   \"tier\": \"Free\"\n
        \ }\n }"
    headers:
      cache-control:
      - no-cache
      content-length:
      - '3478'
      content-type:
      - application/json
      date:
      - Tue, 25 Jan 2022 03:57:49 GMT
      expires:
      - '-1'
      pragma:
      - no-cache
      server:
      - nginx
      strict-transport-security:
      - max-age=31536000; includeSubDomains
      transfer-encoding:
      - chunked
      vary:
      - Accept-Encoding
      x-content-type-options:
      - nosniff
    status:
      code: 200
      message: OK
- request:
    body: null
    headers:
      Accept:
      - application/json
      Accept-Encoding:
      - gzip, deflate
      CommandName:
      - aks show
      Connection:
      - keep-alive
      ParameterSetName:
      - -g -n
      User-Agent:
      - AZURECLI/2.32.0 azsdk-python-azure-mgmt-containerservice/16.4.0 Python/3.8.10
        (Linux-5.11.0-1027-azure-x86_64-with-glibc2.29)
    method: GET
    uri: https://management.azure.com/subscriptions/00000000-0000-0000-0000-000000000000/resourceGroups/clitest000001/providers/Microsoft.ContainerService/managedClusters/cliakstest000001?api-version=2021-10-01
  response:
    body:
      string: "{\n  \"id\": \"/subscriptions/00000000-0000-0000-0000-000000000000/resourcegroups/clitest000001/providers/Microsoft.ContainerService/managedClusters/cliakstest000001\",\n
        \ \"location\": \"westus2\",\n  \"name\": \"cliakstest000001\",\n  \"type\":
        \"Microsoft.ContainerService/ManagedClusters\",\n  \"properties\": {\n   \"provisioningState\":
        \"Succeeded\",\n   \"powerState\": {\n    \"code\": \"Running\"\n   },\n   \"kubernetesVersion\":
        \"1.21.7\",\n   \"dnsPrefix\": \"cliaksdns000004\",\n   \"fqdn\": \"cliaksdns000004-09a7d31c.hcp.westus2.azmk8s.io\",\n
        \  \"azurePortalFQDN\": \"cliaksdns000004-09a7d31c.portal.hcp.westus2.azmk8s.io\",\n
        \  \"agentPoolProfiles\": [\n    {\n     \"name\": \"nodepool1\",\n     \"count\":
        1,\n     \"vmSize\": \"Standard_DS2_v2\",\n     \"osDiskSizeGB\": 128,\n     \"osDiskType\":
        \"Managed\",\n     \"kubeletDiskType\": \"OS\",\n     \"maxPods\": 110,\n
        \    \"type\": \"VirtualMachineScaleSets\",\n     \"enableAutoScaling\": false,\n
        \    \"provisioningState\": \"Succeeded\",\n     \"powerState\": {\n      \"code\":
        \"Running\"\n     },\n     \"orchestratorVersion\": \"1.21.7\",\n     \"enableNodePublicIP\":
        false,\n     \"mode\": \"System\",\n     \"enableEncryptionAtHost\": false,\n
        \    \"enableUltraSSD\": false,\n     \"osType\": \"Linux\",\n     \"osSKU\":
        \"Ubuntu\",\n     \"nodeImageVersion\": \"AKSUbuntu-1804gen2containerd-2022.01.07\",\n
        \    \"enableFIPS\": false\n    }\n   ],\n   \"linuxProfile\": {\n    \"adminUsername\":
        \"azureuser\",\n    \"ssh\": {\n     \"publicKeys\": [\n      {\n       \"keyData\":
        \"ssh-rsa AAAAB3NzaC1yc2EAAAADAQABAAABAQDJZKKi/Smi4GoBIAJ6trVE0X9tR6eaDItEwb/EuPrtXyJMl9TVWH5TfAjUV29pwFh1w29P0ttywlD21je8juMc+7yfal3aPfTSoLIA7wKbZAfSDovuSVBnuaoK+HeKAb2EfpQae/Dd4Pmj38pyQlPFCG8bxM3hJ5Y5BiwDYMnjC6pYyY1ceBYQ3FnITumUFd3FXxB5ozj/ooNvOmKDRcPr3xDRf5gE2Xc/Pr3lsk7/N2NNfFFsICY3a9KnMD4H1wgYOCX8XuIGK5ANwGUQu2wEODapsnivns8BhvXtePnzUEpzOtk2LF11gHZWrykBzm4lvphQghWugtbTqyY5SBur
        azcli_aks_live_test@example.com\\n\"\n      }\n     ]\n    }\n   },\n   \"servicePrincipalProfile\":
        {\n    \"clientId\":\"00000000-0000-0000-0000-000000000001\"\n   },\n   \"nodeResourceGroup\":
        \"MC_clitest000001_cliakstest000001_westus2\",\n   \"enableRBAC\": true,\n
        \  \"networkProfile\": {\n    \"networkPlugin\": \"kubenet\",\n    \"loadBalancerSku\":
        \"Standard\",\n    \"loadBalancerProfile\": {\n     \"outboundIPPrefixes\":
        {\n      \"publicIPPrefixes\": [\n       {\n        \"id\": \"/subscriptions/00000000-0000-0000-0000-000000000000/resourceGroups/clitest000001/providers/Microsoft.Network/publicIPPrefixes/cliaksslbipp1000002\"\n
        \      },\n       {\n        \"id\": \"/subscriptions/00000000-0000-0000-0000-000000000000/resourceGroups/clitest000001/providers/Microsoft.Network/publicIPPrefixes/cliaksslbipp2000003\"\n
        \      }\n      ]\n     },\n     \"effectiveOutboundIPs\": [\n      {\n       \"id\":
        \"/subscriptions/00000000-0000-0000-0000-000000000000/resourceGroups/clitest000001/providers/Microsoft.Network/publicIPPrefixes/cliaksslbipp1000002\"\n
        \     },\n      {\n       \"id\": \"/subscriptions/00000000-0000-0000-0000-000000000000/resourceGroups/clitest000001/providers/Microsoft.Network/publicIPPrefixes/cliaksslbipp2000003\"\n
        \     }\n     ],\n     \"allocatedOutboundPorts\": 0,\n     \"idleTimeoutInMinutes\":
        30\n    },\n    \"podCidr\": \"10.244.0.0/16\",\n    \"serviceCidr\": \"10.0.0.0/16\",\n
        \   \"dnsServiceIP\": \"10.0.0.10\",\n    \"dockerBridgeCidr\": \"172.17.0.1/16\",\n
        \   \"outboundType\": \"loadBalancer\",\n    \"podCidrs\": [\n     \"10.244.0.0/16\"\n
        \   ],\n    \"serviceCidrs\": [\n     \"10.0.0.0/16\"\n    ],\n    \"ipFamilies\":
        [\n     \"IPv4\"\n    ]\n   },\n   \"maxAgentPools\": 100,\n   \"disableLocalAccounts\":
        false\n  },\n  \"sku\": {\n   \"name\": \"Basic\",\n   \"tier\": \"Free\"\n
        \ }\n }"
    headers:
      cache-control:
      - no-cache
      content-length:
      - '3478'
      content-type:
      - application/json
      date:
      - Tue, 25 Jan 2022 03:57:49 GMT
      expires:
      - '-1'
      pragma:
      - no-cache
      server:
      - nginx
      strict-transport-security:
      - max-age=31536000; includeSubDomains
      transfer-encoding:
      - chunked
      vary:
      - Accept-Encoding
      x-content-type-options:
      - nosniff
    status:
      code: 200
      message: OK
- request:
    body: null
    headers:
      Accept:
      - application/json
      Accept-Encoding:
      - gzip, deflate
      CommandName:
      - aks delete
      Connection:
      - keep-alive
      Content-Length:
      - '0'
      ParameterSetName:
      - -g -n --yes --no-wait
      User-Agent:
      - AZURECLI/2.32.0 azsdk-python-azure-mgmt-containerservice/16.4.0 Python/3.8.10
        (Linux-5.11.0-1027-azure-x86_64-with-glibc2.29)
    method: DELETE
    uri: https://management.azure.com/subscriptions/00000000-0000-0000-0000-000000000000/resourceGroups/clitest000001/providers/Microsoft.ContainerService/managedClusters/cliakstest000001?api-version=2021-10-01
  response:
    body:
      string: ''
    headers:
      azure-asyncoperation:
      - https://management.azure.com/subscriptions/00000000-0000-0000-0000-000000000000/providers/Microsoft.ContainerService/locations/westus2/operations/abf516c1-d0e2-4cdc-bdd4-047f48efcb89?api-version=2016-03-30
      cache-control:
      - no-cache
      content-length:
      - '0'
      date:
      - Tue, 25 Jan 2022 03:57:49 GMT
      expires:
      - '-1'
      location:
      - https://management.azure.com/subscriptions/00000000-0000-0000-0000-000000000000/providers/Microsoft.ContainerService/locations/westus2/operationresults/abf516c1-d0e2-4cdc-bdd4-047f48efcb89?api-version=2016-03-30
      pragma:
      - no-cache
      server:
      - nginx
      strict-transport-security:
      - max-age=31536000; includeSubDomains
      x-content-type-options:
      - nosniff
      x-ms-ratelimit-remaining-subscription-deletes:
      - '14997'
    status:
      code: 202
      message: Accepted
version: 1
