interactions:
- request:
    body: '{"location": "westus2", "sku": {"name": "Standard"}, "properties": {"publicIPAddressVersion":
      "IPv4", "prefixLength": 29}}'
    headers:
      Accept:
      - application/json
      Accept-Encoding:
      - gzip, deflate
      CommandName:
      - network public-ip prefix create
      Connection:
      - keep-alive
      Content-Length:
      - '122'
      Content-Type:
      - application/json
      ParameterSetName:
      - -g -n --location --length
      User-Agent:
      - AZURECLI/2.39.0 azsdk-python-azure-mgmt-network/20.0.0 Python/3.8.10 (Linux-5.15.0-1017-azure-x86_64-with-glibc2.29)
    method: PUT
    uri: https://management.azure.com/subscriptions/00000000-0000-0000-0000-000000000000/resourceGroups/clitest000001/providers/Microsoft.Network/publicIPPrefixes/cliaksslbipp1000002?api-version=2022-01-01
  response:
    body:
      string: "{\r\n  \"name\": \"cliaksslbipp1000002\",\r\n  \"id\": \"/subscriptions/00000000-0000-0000-0000-000000000000/resourceGroups/clitest000001/providers/Microsoft.Network/publicIPPrefixes/cliaksslbipp1000002\",\r\n
        \ \"etag\": \"W/\\\"e2f4fc0f-7100-4cef-8925-0acc58fa13e2\\\"\",\r\n  \"type\":
        \"Microsoft.Network/publicIPPrefixes\",\r\n  \"location\": \"westus2\",\r\n
        \ \"properties\": {\r\n    \"provisioningState\": \"Updating\",\r\n    \"resourceGuid\":
        \"f4b7b765-8987-4813-90aa-b1282927c86b\",\r\n    \"prefixLength\": 29,\r\n
        \   \"publicIPAddressVersion\": \"IPv4\",\r\n    \"ipTags\": []\r\n  },\r\n
        \ \"sku\": {\r\n    \"name\": \"Standard\",\r\n    \"tier\": \"Regional\"\r\n
        \ }\r\n}"
    headers:
      azure-asyncnotification:
      - Enabled
      azure-asyncoperation:
      - https://management.azure.com/subscriptions/00000000-0000-0000-0000-000000000000/providers/Microsoft.Network/locations/westus2/operations/b6891909-2bae-4757-a64b-44ba0af052ea?api-version=2021-08-01
      cache-control:
      - no-cache
      content-length:
      - '600'
      content-type:
      - application/json; charset=utf-8
      date:
      - Tue, 30 Aug 2022 04:12:23 GMT
      expires:
      - '-1'
      pragma:
      - no-cache
      server:
      - Microsoft-HTTPAPI/2.0
      - Microsoft-HTTPAPI/2.0
      strict-transport-security:
      - max-age=31536000; includeSubDomains
      x-content-type-options:
      - nosniff
      x-ms-arm-service-request-id:
      - 72439726-7f44-4a2d-a193-493c80d128e8
      x-ms-ratelimit-remaining-subscription-writes:
      - '1197'
    status:
      code: 201
      message: Created
- request:
    body: null
    headers:
      Accept:
      - '*/*'
      Accept-Encoding:
      - gzip, deflate
      CommandName:
      - network public-ip prefix create
      Connection:
      - keep-alive
      ParameterSetName:
      - -g -n --location --length
      User-Agent:
      - AZURECLI/2.39.0 azsdk-python-azure-mgmt-network/20.0.0 Python/3.8.10 (Linux-5.15.0-1017-azure-x86_64-with-glibc2.29)
    method: GET
    uri: https://management.azure.com/subscriptions/00000000-0000-0000-0000-000000000000/providers/Microsoft.Network/locations/westus2/operations/b6891909-2bae-4757-a64b-44ba0af052ea?api-version=2021-08-01
  response:
    body:
      string: "{\r\n  \"status\": \"Succeeded\"\r\n}"
    headers:
      cache-control:
      - no-cache
      content-length:
      - '29'
      content-type:
      - application/json; charset=utf-8
      date:
      - Tue, 30 Aug 2022 04:12:26 GMT
      expires:
      - '-1'
      pragma:
      - no-cache
      server:
      - Microsoft-HTTPAPI/2.0
      - Microsoft-HTTPAPI/2.0
      strict-transport-security:
      - max-age=31536000; includeSubDomains
      transfer-encoding:
      - chunked
      vary:
      - Accept-Encoding
      x-content-type-options:
      - nosniff
      x-ms-arm-service-request-id:
      - b1b9a727-41c2-42c4-98df-92621ea1f029
    status:
      code: 200
      message: OK
- request:
    body: null
    headers:
      Accept:
      - '*/*'
      Accept-Encoding:
      - gzip, deflate
      CommandName:
      - network public-ip prefix create
      Connection:
      - keep-alive
      ParameterSetName:
      - -g -n --location --length
      User-Agent:
      - AZURECLI/2.39.0 azsdk-python-azure-mgmt-network/20.0.0 Python/3.8.10 (Linux-5.15.0-1017-azure-x86_64-with-glibc2.29)
    method: GET
    uri: https://management.azure.com/subscriptions/00000000-0000-0000-0000-000000000000/resourceGroups/clitest000001/providers/Microsoft.Network/publicIPPrefixes/cliaksslbipp1000002?api-version=2022-01-01
  response:
    body:
      string: "{\r\n  \"name\": \"cliaksslbipp1000002\",\r\n  \"id\": \"/subscriptions/00000000-0000-0000-0000-000000000000/resourceGroups/clitest000001/providers/Microsoft.Network/publicIPPrefixes/cliaksslbipp1000002\",\r\n
        \ \"etag\": \"W/\\\"6c5d3a7c-e1b3-4ff7-9d94-7a670593bedc\\\"\",\r\n  \"type\":
        \"Microsoft.Network/publicIPPrefixes\",\r\n  \"location\": \"westus2\",\r\n
        \ \"properties\": {\r\n    \"provisioningState\": \"Succeeded\",\r\n    \"resourceGuid\":
        \"f4b7b765-8987-4813-90aa-b1282927c86b\",\r\n    \"prefixLength\": 29,\r\n
        \   \"publicIPAddressVersion\": \"IPv4\",\r\n    \"ipPrefix\": \"20.114.61.184/29\",\r\n
        \   \"ipTags\": []\r\n  },\r\n  \"sku\": {\r\n    \"name\": \"Standard\",\r\n
        \   \"tier\": \"Regional\"\r\n  }\r\n}"
    headers:
      cache-control:
      - no-cache
      content-length:
      - '638'
      content-type:
      - application/json; charset=utf-8
      date:
      - Tue, 30 Aug 2022 04:12:27 GMT
      etag:
      - W/"6c5d3a7c-e1b3-4ff7-9d94-7a670593bedc"
      expires:
      - '-1'
      pragma:
      - no-cache
      server:
      - Microsoft-HTTPAPI/2.0
      - Microsoft-HTTPAPI/2.0
      strict-transport-security:
      - max-age=31536000; includeSubDomains
      transfer-encoding:
      - chunked
      vary:
      - Accept-Encoding
      x-content-type-options:
      - nosniff
      x-ms-arm-service-request-id:
      - 74739886-ddd5-48b6-bb73-943331963d45
    status:
      code: 200
      message: OK
- request:
    body: '{"location": "westus2", "sku": {"name": "Standard"}, "properties": {"publicIPAddressVersion":
      "IPv4", "prefixLength": 29}}'
    headers:
      Accept:
      - application/json
      Accept-Encoding:
      - gzip, deflate
      CommandName:
      - network public-ip prefix create
      Connection:
      - keep-alive
      Content-Length:
      - '122'
      Content-Type:
      - application/json
      ParameterSetName:
      - -g -n --location --length
      User-Agent:
      - AZURECLI/2.39.0 azsdk-python-azure-mgmt-network/20.0.0 Python/3.8.10 (Linux-5.15.0-1017-azure-x86_64-with-glibc2.29)
    method: PUT
    uri: https://management.azure.com/subscriptions/00000000-0000-0000-0000-000000000000/resourceGroups/clitest000001/providers/Microsoft.Network/publicIPPrefixes/cliaksslbipp2000003?api-version=2022-01-01
  response:
    body:
      string: "{\r\n  \"name\": \"cliaksslbipp2000003\",\r\n  \"id\": \"/subscriptions/00000000-0000-0000-0000-000000000000/resourceGroups/clitest000001/providers/Microsoft.Network/publicIPPrefixes/cliaksslbipp2000003\",\r\n
        \ \"etag\": \"W/\\\"0801ca17-654e-4f9f-98d2-eb19befd0196\\\"\",\r\n  \"type\":
        \"Microsoft.Network/publicIPPrefixes\",\r\n  \"location\": \"westus2\",\r\n
        \ \"properties\": {\r\n    \"provisioningState\": \"Updating\",\r\n    \"resourceGuid\":
        \"d9941fe6-6fbe-4700-9744-a7484af1e52e\",\r\n    \"prefixLength\": 29,\r\n
        \   \"publicIPAddressVersion\": \"IPv4\",\r\n    \"ipTags\": []\r\n  },\r\n
        \ \"sku\": {\r\n    \"name\": \"Standard\",\r\n    \"tier\": \"Regional\"\r\n
        \ }\r\n}"
    headers:
      azure-asyncnotification:
      - Enabled
      azure-asyncoperation:
      - https://management.azure.com/subscriptions/00000000-0000-0000-0000-000000000000/providers/Microsoft.Network/locations/westus2/operations/7e28f10f-30cc-4390-b31a-3304d3a6af7b?api-version=2021-08-01
      cache-control:
      - no-cache
      content-length:
      - '600'
      content-type:
      - application/json; charset=utf-8
      date:
      - Tue, 30 Aug 2022 04:12:27 GMT
      expires:
      - '-1'
      pragma:
      - no-cache
      server:
      - Microsoft-HTTPAPI/2.0
      - Microsoft-HTTPAPI/2.0
      strict-transport-security:
      - max-age=31536000; includeSubDomains
      x-content-type-options:
      - nosniff
      x-ms-arm-service-request-id:
      - 17a12484-72ed-4029-bba5-8ef406505bc0
      x-ms-ratelimit-remaining-subscription-writes:
      - '1198'
    status:
      code: 201
      message: Created
- request:
    body: null
    headers:
      Accept:
      - '*/*'
      Accept-Encoding:
      - gzip, deflate
      CommandName:
      - network public-ip prefix create
      Connection:
      - keep-alive
      ParameterSetName:
      - -g -n --location --length
      User-Agent:
      - AZURECLI/2.39.0 azsdk-python-azure-mgmt-network/20.0.0 Python/3.8.10 (Linux-5.15.0-1017-azure-x86_64-with-glibc2.29)
    method: GET
    uri: https://management.azure.com/subscriptions/00000000-0000-0000-0000-000000000000/providers/Microsoft.Network/locations/westus2/operations/7e28f10f-30cc-4390-b31a-3304d3a6af7b?api-version=2021-08-01
  response:
    body:
      string: "{\r\n  \"status\": \"Succeeded\"\r\n}"
    headers:
      cache-control:
      - no-cache
      content-length:
      - '29'
      content-type:
      - application/json; charset=utf-8
      date:
      - Tue, 30 Aug 2022 04:12:32 GMT
      expires:
      - '-1'
      pragma:
      - no-cache
      server:
      - Microsoft-HTTPAPI/2.0
      - Microsoft-HTTPAPI/2.0
      strict-transport-security:
      - max-age=31536000; includeSubDomains
      transfer-encoding:
      - chunked
      vary:
      - Accept-Encoding
      x-content-type-options:
      - nosniff
      x-ms-arm-service-request-id:
      - 6e95a750-4a84-433e-ac85-4a4b60ffab5b
    status:
      code: 200
      message: OK
- request:
    body: null
    headers:
      Accept:
      - '*/*'
      Accept-Encoding:
      - gzip, deflate
      CommandName:
      - network public-ip prefix create
      Connection:
      - keep-alive
      ParameterSetName:
      - -g -n --location --length
      User-Agent:
      - AZURECLI/2.39.0 azsdk-python-azure-mgmt-network/20.0.0 Python/3.8.10 (Linux-5.15.0-1017-azure-x86_64-with-glibc2.29)
    method: GET
    uri: https://management.azure.com/subscriptions/00000000-0000-0000-0000-000000000000/resourceGroups/clitest000001/providers/Microsoft.Network/publicIPPrefixes/cliaksslbipp2000003?api-version=2022-01-01
  response:
    body:
      string: "{\r\n  \"name\": \"cliaksslbipp2000003\",\r\n  \"id\": \"/subscriptions/00000000-0000-0000-0000-000000000000/resourceGroups/clitest000001/providers/Microsoft.Network/publicIPPrefixes/cliaksslbipp2000003\",\r\n
        \ \"etag\": \"W/\\\"f5e426f0-a306-47e9-a222-8374354873ae\\\"\",\r\n  \"type\":
        \"Microsoft.Network/publicIPPrefixes\",\r\n  \"location\": \"westus2\",\r\n
        \ \"properties\": {\r\n    \"provisioningState\": \"Succeeded\",\r\n    \"resourceGuid\":
        \"d9941fe6-6fbe-4700-9744-a7484af1e52e\",\r\n    \"prefixLength\": 29,\r\n
        \   \"publicIPAddressVersion\": \"IPv4\",\r\n    \"ipPrefix\": \"20.64.214.168/29\",\r\n
        \   \"ipTags\": []\r\n  },\r\n  \"sku\": {\r\n    \"name\": \"Standard\",\r\n
        \   \"tier\": \"Regional\"\r\n  }\r\n}"
    headers:
      cache-control:
      - no-cache
      content-length:
      - '638'
      content-type:
      - application/json; charset=utf-8
      date:
      - Tue, 30 Aug 2022 04:12:32 GMT
      etag:
      - W/"f5e426f0-a306-47e9-a222-8374354873ae"
      expires:
      - '-1'
      pragma:
      - no-cache
      server:
      - Microsoft-HTTPAPI/2.0
      - Microsoft-HTTPAPI/2.0
      strict-transport-security:
      - max-age=31536000; includeSubDomains
      transfer-encoding:
      - chunked
      vary:
      - Accept-Encoding
      x-content-type-options:
      - nosniff
      x-ms-arm-service-request-id:
      - 267f76c6-4f99-45c9-878d-0a60322eabe3
    status:
      code: 200
      message: OK
- request:
    body: '{"location": "westus2", "identity": {"type": "SystemAssigned"}, "properties":
      {"kubernetesVersion": "", "dnsPrefix": "cliaksdns000004", "agentPoolProfiles":
      [{"count": 1, "vmSize": "Standard_DS2_v2", "osDiskSizeGB": 0, "osType": "Linux",
      "enableAutoScaling": false, "type": "VirtualMachineScaleSets", "mode": "System",
      "orchestratorVersion": "", "upgradeSettings": {}, "enableNodePublicIP": false,
      "scaleSetPriority": "Regular", "scaleSetEvictionPolicy": "Delete", "spotMaxPrice":
      -1.0, "nodeTaints": [], "enableEncryptionAtHost": false, "enableUltraSSD": false,
      "enableFIPS": false, "name": "nodepool1"}], "linuxProfile": {"adminUsername":
      "azureuser", "ssh": {"publicKeys": [{"keyData": "ssh-rsa AAAAB3NzaC1yc2EAAAADAQABAAABAQDaNPXUd0mbTXJ4I+KFW5KzIPimUfbKGXZfsy0eKGvO3C6X4gBRTshaUPnNLjvLd/K2G0r/aO73Tt9f0glUt39cwNchM8fnT+yYM0Sy3zax6VvqNuergfqa8dawP9fMC2nEo03ZleI7tOI/sFrHVuhzUSViWtXlI/O8MzXfGEDq2fQJ0y2LZC8tGquoqiJRuuo59/+wZazpkPPyU0hqwdncKx7A5fT0f1C9weC8YqkNVlQH48xB5ARpr0NLcWuWFh42ddBb9l30zEVz68KWn/FjP4Za0OjUmy+XH8bY7ittFi74aY23A8Q2WbmjFppC3stm6DbJ71TZfXvWFBIE2inB
      azcli_aks_live_test@example.com\n"}]}}, "addonProfiles": {}, "enableRBAC": true,
      "networkProfile": {"networkPlugin": "kubenet", "podCidr": "10.244.0.0/16", "serviceCidr":
      "10.0.0.0/16", "dnsServiceIP": "10.0.0.10", "dockerBridgeCidr": "172.17.0.1/16",
      "outboundType": "loadBalancer", "loadBalancerSku": "standard", "loadBalancerProfile":
      {"outboundIPPrefixes": {"publicIPPrefixes": [{"id": "/subscriptions/00000000-0000-0000-0000-000000000000/resourceGroups/clitest000001/providers/Microsoft.Network/publicIPPrefixes/cliaksslbipp1000002"}]},
      "allocatedOutboundPorts": 0, "idleTimeoutInMinutes": 30}}, "disableLocalAccounts":
      false}}'
    headers:
      Accept:
      - application/json
      Accept-Encoding:
      - gzip, deflate
      CommandName:
      - aks create
      Connection:
      - keep-alive
      Content-Length:
      - '1703'
      Content-Type:
      - application/json
      ParameterSetName:
      - --resource-group --name --location --dns-name-prefix --node-count --ssh-key-value
        --load-balancer-sku --vm-set-type --load-balancer-outbound-ip-prefixes
      User-Agent:
      - AZURECLI/2.39.0 azsdk-python-azure-mgmt-containerservice/20.3.0 Python/3.8.10
        (Linux-5.15.0-1017-azure-x86_64-with-glibc2.29)
    method: PUT
    uri: https://management.azure.com/subscriptions/00000000-0000-0000-0000-000000000000/resourceGroups/clitest000001/providers/Microsoft.ContainerService/managedClusters/cliakstest000001?api-version=2022-09-01
  response:
    body:
      string: "{\n  \"id\": \"/subscriptions/00000000-0000-0000-0000-000000000000/resourcegroups/clitest000001/providers/Microsoft.ContainerService/managedClusters/cliakstest000001\",\n
        \ \"location\": \"westus2\",\n  \"name\": \"cliakstest000001\",\n  \"type\":
        \"Microsoft.ContainerService/ManagedClusters\",\n  \"properties\": {\n   \"provisioningState\":
        \"Creating\",\n   \"powerState\": {\n    \"code\": \"Running\"\n   },\n   \"kubernetesVersion\":
        \"1.23.8\",\n   \"currentKubernetesVersion\": \"1.23.8\",\n   \"dnsPrefix\":
        \"cliaksdns000004\",\n   \"fqdn\": \"cliaksdns000004-a468a546.hcp.westus2.azmk8s.io\",\n
        \  \"azurePortalFQDN\": \"cliaksdns000004-a468a546.portal.hcp.westus2.azmk8s.io\",\n
        \  \"agentPoolProfiles\": [\n    {\n     \"name\": \"nodepool1\",\n     \"count\":
        1,\n     \"vmSize\": \"Standard_DS2_v2\",\n     \"osDiskSizeGB\": 128,\n     \"osDiskType\":
        \"Managed\",\n     \"kubeletDiskType\": \"OS\",\n     \"maxPods\": 110,\n
        \    \"type\": \"VirtualMachineScaleSets\",\n     \"enableAutoScaling\": false,\n
        \    \"provisioningState\": \"Creating\",\n     \"powerState\": {\n      \"code\":
        \"Running\"\n     },\n     \"orchestratorVersion\": \"1.23.8\",\n     \"currentOrchestratorVersion\":
        \"1.23.8\",\n     \"enableNodePublicIP\": false,\n     \"mode\": \"System\",\n
        \    \"enableEncryptionAtHost\": false,\n     \"enableUltraSSD\": false,\n
        \    \"osType\": \"Linux\",\n     \"osSKU\": \"Ubuntu\",\n     \"nodeImageVersion\":
        \"AKSUbuntu-1804gen2containerd-2022.08.10\",\n     \"upgradeSettings\": {},\n
        \    \"enableFIPS\": false\n    }\n   ],\n   \"linuxProfile\": {\n    \"adminUsername\":
        \"azureuser\",\n    \"ssh\": {\n     \"publicKeys\": [\n      {\n       \"keyData\":
        \"ssh-rsa AAAAB3NzaC1yc2EAAAADAQABAAABAQDaNPXUd0mbTXJ4I+KFW5KzIPimUfbKGXZfsy0eKGvO3C6X4gBRTshaUPnNLjvLd/K2G0r/aO73Tt9f0glUt39cwNchM8fnT+yYM0Sy3zax6VvqNuergfqa8dawP9fMC2nEo03ZleI7tOI/sFrHVuhzUSViWtXlI/O8MzXfGEDq2fQJ0y2LZC8tGquoqiJRuuo59/+wZazpkPPyU0hqwdncKx7A5fT0f1C9weC8YqkNVlQH48xB5ARpr0NLcWuWFh42ddBb9l30zEVz68KWn/FjP4Za0OjUmy+XH8bY7ittFi74aY23A8Q2WbmjFppC3stm6DbJ71TZfXvWFBIE2inB
        azcli_aks_live_test@example.com\\n\"\n      }\n     ]\n    }\n   },\n   \"servicePrincipalProfile\":
        {\n    \"clientId\":\"00000000-0000-0000-0000-000000000001\"\n   },\n   \"nodeResourceGroup\":
        \"MC_clitest000001_cliakstest000001_westus2\",\n   \"enableRBAC\": true,\n
        \  \"networkProfile\": {\n    \"networkPlugin\": \"kubenet\",\n    \"loadBalancerSku\":
        \"standard\",\n    \"loadBalancerProfile\": {\n     \"outboundIPPrefixes\":
        {\n      \"publicIPPrefixes\": [\n       {\n        \"id\": \"/subscriptions/00000000-0000-0000-0000-000000000000/resourceGroups/clitest000001/providers/Microsoft.Network/publicIPPrefixes/cliaksslbipp1000002\"\n
        \      }\n      ]\n     },\n     \"allocatedOutboundPorts\": 0,\n     \"idleTimeoutInMinutes\":
        30\n    },\n    \"podCidr\": \"10.244.0.0/16\",\n    \"serviceCidr\": \"10.0.0.0/16\",\n
        \   \"dnsServiceIP\": \"10.0.0.10\",\n    \"dockerBridgeCidr\": \"172.17.0.1/16\",\n
        \   \"outboundType\": \"loadBalancer\",\n    \"podCidrs\": [\n     \"10.244.0.0/16\"\n
        \   ],\n    \"serviceCidrs\": [\n     \"10.0.0.0/16\"\n    ],\n    \"ipFamilies\":
        [\n     \"IPv4\"\n    ]\n   },\n   \"maxAgentPools\": 100,\n   \"disableLocalAccounts\":
        false,\n   \"securityProfile\": {},\n   \"storageProfile\": {\n    \"diskCSIDriver\":
        {\n     \"enabled\": true\n    },\n    \"fileCSIDriver\": {\n     \"enabled\":
        true\n    },\n    \"snapshotController\": {\n     \"enabled\": true\n    }\n
        \  }\n  },\n  \"identity\": {\n   \"type\": \"SystemAssigned\",\n   \"principalId\":\"00000000-0000-0000-0000-000000000001\",\n
        \  \"tenantId\": \"72f988bf-86f1-41af-91ab-2d7cd011db47\"\n  },\n  \"sku\":
        {\n   \"name\": \"Basic\",\n   \"tier\": \"Free\"\n  }\n }"
    headers:
      azure-asyncoperation:
      - https://management.azure.com/subscriptions/00000000-0000-0000-0000-000000000000/providers/Microsoft.ContainerService/locations/westus2/operations/259d1acf-e582-4813-a8c2-c9bb787cdadc?api-version=2016-03-30
      cache-control:
      - no-cache
      content-length:
      - '3388'
      content-type:
      - application/json
      date:
      - Tue, 30 Aug 2022 04:12:35 GMT
      expires:
      - '-1'
      pragma:
      - no-cache
      server:
      - nginx
      strict-transport-security:
      - max-age=31536000; includeSubDomains
      x-content-type-options:
      - nosniff
      x-ms-ratelimit-remaining-subscription-writes:
      - '1196'
    status:
      code: 201
      message: Created
- request:
    body: null
    headers:
      Accept:
      - '*/*'
      Accept-Encoding:
      - gzip, deflate
      CommandName:
      - aks create
      Connection:
      - keep-alive
      ParameterSetName:
      - --resource-group --name --location --dns-name-prefix --node-count --ssh-key-value
        --load-balancer-sku --vm-set-type --load-balancer-outbound-ip-prefixes
      User-Agent:
      - AZURECLI/2.39.0 azsdk-python-azure-mgmt-containerservice/20.3.0 Python/3.8.10
        (Linux-5.15.0-1017-azure-x86_64-with-glibc2.29)
    method: GET
    uri: https://management.azure.com/subscriptions/00000000-0000-0000-0000-000000000000/providers/Microsoft.ContainerService/locations/westus2/operations/259d1acf-e582-4813-a8c2-c9bb787cdadc?api-version=2016-03-30
  response:
    body:
      string: "{\n  \"name\": \"cf1a9d25-82e5-1348-a8c2-c9bb787cdadc\",\n  \"status\":
        \"InProgress\",\n  \"startTime\": \"2022-08-30T04:12:35.4788431Z\"\n }"
    headers:
      cache-control:
      - no-cache
      content-length:
      - '126'
      content-type:
      - application/json
      date:
      - Tue, 30 Aug 2022 04:13:05 GMT
      expires:
      - '-1'
      pragma:
      - no-cache
      server:
      - nginx
      strict-transport-security:
      - max-age=31536000; includeSubDomains
      transfer-encoding:
      - chunked
      vary:
      - Accept-Encoding
      x-content-type-options:
      - nosniff
    status:
      code: 200
      message: OK
- request:
    body: null
    headers:
      Accept:
      - '*/*'
      Accept-Encoding:
      - gzip, deflate
      CommandName:
      - aks create
      Connection:
      - keep-alive
      ParameterSetName:
      - --resource-group --name --location --dns-name-prefix --node-count --ssh-key-value
        --load-balancer-sku --vm-set-type --load-balancer-outbound-ip-prefixes
      User-Agent:
      - AZURECLI/2.39.0 azsdk-python-azure-mgmt-containerservice/20.3.0 Python/3.8.10
        (Linux-5.15.0-1017-azure-x86_64-with-glibc2.29)
    method: GET
    uri: https://management.azure.com/subscriptions/00000000-0000-0000-0000-000000000000/providers/Microsoft.ContainerService/locations/westus2/operations/259d1acf-e582-4813-a8c2-c9bb787cdadc?api-version=2016-03-30
  response:
    body:
      string: "{\n  \"name\": \"cf1a9d25-82e5-1348-a8c2-c9bb787cdadc\",\n  \"status\":
        \"InProgress\",\n  \"startTime\": \"2022-08-30T04:12:35.4788431Z\"\n }"
    headers:
      cache-control:
      - no-cache
      content-length:
      - '126'
      content-type:
      - application/json
      date:
      - Tue, 30 Aug 2022 04:13:35 GMT
      expires:
      - '-1'
      pragma:
      - no-cache
      server:
      - nginx
      strict-transport-security:
      - max-age=31536000; includeSubDomains
      transfer-encoding:
      - chunked
      vary:
      - Accept-Encoding
      x-content-type-options:
      - nosniff
    status:
      code: 200
      message: OK
- request:
    body: null
    headers:
      Accept:
      - '*/*'
      Accept-Encoding:
      - gzip, deflate
      CommandName:
      - aks create
      Connection:
      - keep-alive
      ParameterSetName:
      - --resource-group --name --location --dns-name-prefix --node-count --ssh-key-value
        --load-balancer-sku --vm-set-type --load-balancer-outbound-ip-prefixes
      User-Agent:
      - AZURECLI/2.39.0 azsdk-python-azure-mgmt-containerservice/20.3.0 Python/3.8.10
        (Linux-5.15.0-1017-azure-x86_64-with-glibc2.29)
    method: GET
    uri: https://management.azure.com/subscriptions/00000000-0000-0000-0000-000000000000/providers/Microsoft.ContainerService/locations/westus2/operations/259d1acf-e582-4813-a8c2-c9bb787cdadc?api-version=2016-03-30
  response:
    body:
      string: "{\n  \"name\": \"cf1a9d25-82e5-1348-a8c2-c9bb787cdadc\",\n  \"status\":
        \"InProgress\",\n  \"startTime\": \"2022-08-30T04:12:35.4788431Z\"\n }"
    headers:
      cache-control:
      - no-cache
      content-length:
      - '126'
      content-type:
      - application/json
      date:
      - Tue, 30 Aug 2022 04:14:04 GMT
      expires:
      - '-1'
      pragma:
      - no-cache
      server:
      - nginx
      strict-transport-security:
      - max-age=31536000; includeSubDomains
      transfer-encoding:
      - chunked
      vary:
      - Accept-Encoding
      x-content-type-options:
      - nosniff
    status:
      code: 200
      message: OK
- request:
    body: null
    headers:
      Accept:
      - '*/*'
      Accept-Encoding:
      - gzip, deflate
      CommandName:
      - aks create
      Connection:
      - keep-alive
      ParameterSetName:
      - --resource-group --name --location --dns-name-prefix --node-count --ssh-key-value
        --load-balancer-sku --vm-set-type --load-balancer-outbound-ip-prefixes
      User-Agent:
      - AZURECLI/2.39.0 azsdk-python-azure-mgmt-containerservice/20.3.0 Python/3.8.10
        (Linux-5.15.0-1017-azure-x86_64-with-glibc2.29)
    method: GET
    uri: https://management.azure.com/subscriptions/00000000-0000-0000-0000-000000000000/providers/Microsoft.ContainerService/locations/westus2/operations/259d1acf-e582-4813-a8c2-c9bb787cdadc?api-version=2016-03-30
  response:
    body:
      string: "{\n  \"name\": \"cf1a9d25-82e5-1348-a8c2-c9bb787cdadc\",\n  \"status\":
        \"InProgress\",\n  \"startTime\": \"2022-08-30T04:12:35.4788431Z\"\n }"
    headers:
      cache-control:
      - no-cache
      content-length:
      - '126'
      content-type:
      - application/json
      date:
      - Tue, 30 Aug 2022 04:14:34 GMT
      expires:
      - '-1'
      pragma:
      - no-cache
      server:
      - nginx
      strict-transport-security:
      - max-age=31536000; includeSubDomains
      transfer-encoding:
      - chunked
      vary:
      - Accept-Encoding
      x-content-type-options:
      - nosniff
    status:
      code: 200
      message: OK
- request:
    body: null
    headers:
      Accept:
      - '*/*'
      Accept-Encoding:
      - gzip, deflate
      CommandName:
      - aks create
      Connection:
      - keep-alive
      ParameterSetName:
      - --resource-group --name --location --dns-name-prefix --node-count --ssh-key-value
        --load-balancer-sku --vm-set-type --load-balancer-outbound-ip-prefixes
      User-Agent:
      - AZURECLI/2.39.0 azsdk-python-azure-mgmt-containerservice/20.3.0 Python/3.8.10
        (Linux-5.15.0-1017-azure-x86_64-with-glibc2.29)
    method: GET
    uri: https://management.azure.com/subscriptions/00000000-0000-0000-0000-000000000000/providers/Microsoft.ContainerService/locations/westus2/operations/259d1acf-e582-4813-a8c2-c9bb787cdadc?api-version=2016-03-30
  response:
    body:
      string: "{\n  \"name\": \"cf1a9d25-82e5-1348-a8c2-c9bb787cdadc\",\n  \"status\":
        \"InProgress\",\n  \"startTime\": \"2022-08-30T04:12:35.4788431Z\"\n }"
    headers:
      cache-control:
      - no-cache
      content-length:
      - '126'
      content-type:
      - application/json
      date:
      - Tue, 30 Aug 2022 04:15:05 GMT
      expires:
      - '-1'
      pragma:
      - no-cache
      server:
      - nginx
      strict-transport-security:
      - max-age=31536000; includeSubDomains
      transfer-encoding:
      - chunked
      vary:
      - Accept-Encoding
      x-content-type-options:
      - nosniff
    status:
      code: 200
      message: OK
- request:
    body: null
    headers:
      Accept:
      - '*/*'
      Accept-Encoding:
      - gzip, deflate
      CommandName:
      - aks create
      Connection:
      - keep-alive
      ParameterSetName:
      - --resource-group --name --location --dns-name-prefix --node-count --ssh-key-value
        --load-balancer-sku --vm-set-type --load-balancer-outbound-ip-prefixes
      User-Agent:
      - AZURECLI/2.39.0 azsdk-python-azure-mgmt-containerservice/20.3.0 Python/3.8.10
        (Linux-5.15.0-1017-azure-x86_64-with-glibc2.29)
    method: GET
    uri: https://management.azure.com/subscriptions/00000000-0000-0000-0000-000000000000/providers/Microsoft.ContainerService/locations/westus2/operations/259d1acf-e582-4813-a8c2-c9bb787cdadc?api-version=2016-03-30
  response:
    body:
      string: "{\n  \"name\": \"cf1a9d25-82e5-1348-a8c2-c9bb787cdadc\",\n  \"status\":
        \"InProgress\",\n  \"startTime\": \"2022-08-30T04:12:35.4788431Z\"\n }"
    headers:
      cache-control:
      - no-cache
      content-length:
      - '126'
      content-type:
      - application/json
      date:
      - Tue, 30 Aug 2022 04:15:35 GMT
      expires:
      - '-1'
      pragma:
      - no-cache
      server:
      - nginx
      strict-transport-security:
      - max-age=31536000; includeSubDomains
      transfer-encoding:
      - chunked
      vary:
      - Accept-Encoding
      x-content-type-options:
      - nosniff
    status:
      code: 200
      message: OK
- request:
    body: null
    headers:
      Accept:
      - '*/*'
      Accept-Encoding:
      - gzip, deflate
      CommandName:
      - aks create
      Connection:
      - keep-alive
      ParameterSetName:
      - --resource-group --name --location --dns-name-prefix --node-count --ssh-key-value
        --load-balancer-sku --vm-set-type --load-balancer-outbound-ip-prefixes
      User-Agent:
      - AZURECLI/2.39.0 azsdk-python-azure-mgmt-containerservice/20.3.0 Python/3.8.10
        (Linux-5.15.0-1017-azure-x86_64-with-glibc2.29)
    method: GET
    uri: https://management.azure.com/subscriptions/00000000-0000-0000-0000-000000000000/providers/Microsoft.ContainerService/locations/westus2/operations/259d1acf-e582-4813-a8c2-c9bb787cdadc?api-version=2016-03-30
  response:
    body:
      string: "{\n  \"name\": \"cf1a9d25-82e5-1348-a8c2-c9bb787cdadc\",\n  \"status\":
        \"InProgress\",\n  \"startTime\": \"2022-08-30T04:12:35.4788431Z\"\n }"
    headers:
      cache-control:
      - no-cache
      content-length:
      - '126'
      content-type:
      - application/json
      date:
      - Tue, 30 Aug 2022 04:16:05 GMT
      expires:
      - '-1'
      pragma:
      - no-cache
      server:
      - nginx
      strict-transport-security:
      - max-age=31536000; includeSubDomains
      transfer-encoding:
      - chunked
      vary:
      - Accept-Encoding
      x-content-type-options:
      - nosniff
    status:
      code: 200
      message: OK
- request:
    body: null
    headers:
      Accept:
      - '*/*'
      Accept-Encoding:
      - gzip, deflate
      CommandName:
      - aks create
      Connection:
      - keep-alive
      ParameterSetName:
      - --resource-group --name --location --dns-name-prefix --node-count --ssh-key-value
        --load-balancer-sku --vm-set-type --load-balancer-outbound-ip-prefixes
      User-Agent:
      - AZURECLI/2.39.0 azsdk-python-azure-mgmt-containerservice/20.3.0 Python/3.8.10
        (Linux-5.15.0-1017-azure-x86_64-with-glibc2.29)
    method: GET
    uri: https://management.azure.com/subscriptions/00000000-0000-0000-0000-000000000000/providers/Microsoft.ContainerService/locations/westus2/operations/259d1acf-e582-4813-a8c2-c9bb787cdadc?api-version=2016-03-30
  response:
    body:
      string: "{\n  \"name\": \"cf1a9d25-82e5-1348-a8c2-c9bb787cdadc\",\n  \"status\":
        \"InProgress\",\n  \"startTime\": \"2022-08-30T04:12:35.4788431Z\"\n }"
    headers:
      cache-control:
      - no-cache
      content-length:
      - '126'
      content-type:
      - application/json
      date:
      - Tue, 30 Aug 2022 04:16:35 GMT
      expires:
      - '-1'
      pragma:
      - no-cache
      server:
      - nginx
      strict-transport-security:
      - max-age=31536000; includeSubDomains
      transfer-encoding:
      - chunked
      vary:
      - Accept-Encoding
      x-content-type-options:
      - nosniff
    status:
      code: 200
      message: OK
- request:
    body: null
    headers:
      Accept:
      - '*/*'
      Accept-Encoding:
      - gzip, deflate
      CommandName:
      - aks create
      Connection:
      - keep-alive
      ParameterSetName:
      - --resource-group --name --location --dns-name-prefix --node-count --ssh-key-value
        --load-balancer-sku --vm-set-type --load-balancer-outbound-ip-prefixes
      User-Agent:
      - AZURECLI/2.39.0 azsdk-python-azure-mgmt-containerservice/20.3.0 Python/3.8.10
        (Linux-5.15.0-1017-azure-x86_64-with-glibc2.29)
    method: GET
    uri: https://management.azure.com/subscriptions/00000000-0000-0000-0000-000000000000/providers/Microsoft.ContainerService/locations/westus2/operations/259d1acf-e582-4813-a8c2-c9bb787cdadc?api-version=2016-03-30
  response:
    body:
      string: "{\n  \"name\": \"cf1a9d25-82e5-1348-a8c2-c9bb787cdadc\",\n  \"status\":
        \"Succeeded\",\n  \"startTime\": \"2022-08-30T04:12:35.4788431Z\",\n  \"endTime\":
        \"2022-08-30T04:16:45.1170294Z\"\n }"
    headers:
      cache-control:
      - no-cache
      content-length:
      - '170'
      content-type:
      - application/json
      date:
      - Tue, 30 Aug 2022 04:17:05 GMT
      expires:
      - '-1'
      pragma:
      - no-cache
      server:
      - nginx
      strict-transport-security:
      - max-age=31536000; includeSubDomains
      transfer-encoding:
      - chunked
      vary:
      - Accept-Encoding
      x-content-type-options:
      - nosniff
    status:
      code: 200
      message: OK
- request:
    body: null
    headers:
      Accept:
      - '*/*'
      Accept-Encoding:
      - gzip, deflate
      CommandName:
      - aks create
      Connection:
      - keep-alive
      ParameterSetName:
      - --resource-group --name --location --dns-name-prefix --node-count --ssh-key-value
        --load-balancer-sku --vm-set-type --load-balancer-outbound-ip-prefixes
      User-Agent:
      - AZURECLI/2.39.0 azsdk-python-azure-mgmt-containerservice/20.3.0 Python/3.8.10
        (Linux-5.15.0-1017-azure-x86_64-with-glibc2.29)
    method: GET
    uri: https://management.azure.com/subscriptions/00000000-0000-0000-0000-000000000000/resourceGroups/clitest000001/providers/Microsoft.ContainerService/managedClusters/cliakstest000001?api-version=2022-09-01
  response:
    body:
      string: "{\n  \"id\": \"/subscriptions/00000000-0000-0000-0000-000000000000/resourcegroups/clitest000001/providers/Microsoft.ContainerService/managedClusters/cliakstest000001\",\n
        \ \"location\": \"westus2\",\n  \"name\": \"cliakstest000001\",\n  \"type\":
        \"Microsoft.ContainerService/ManagedClusters\",\n  \"properties\": {\n   \"provisioningState\":
        \"Succeeded\",\n   \"powerState\": {\n    \"code\": \"Running\"\n   },\n   \"kubernetesVersion\":
        \"1.23.8\",\n   \"currentKubernetesVersion\": \"1.23.8\",\n   \"dnsPrefix\":
        \"cliaksdns000004\",\n   \"fqdn\": \"cliaksdns000004-a468a546.hcp.westus2.azmk8s.io\",\n
        \  \"azurePortalFQDN\": \"cliaksdns000004-a468a546.portal.hcp.westus2.azmk8s.io\",\n
        \  \"agentPoolProfiles\": [\n    {\n     \"name\": \"nodepool1\",\n     \"count\":
        1,\n     \"vmSize\": \"Standard_DS2_v2\",\n     \"osDiskSizeGB\": 128,\n     \"osDiskType\":
        \"Managed\",\n     \"kubeletDiskType\": \"OS\",\n     \"maxPods\": 110,\n
        \    \"type\": \"VirtualMachineScaleSets\",\n     \"enableAutoScaling\": false,\n
        \    \"provisioningState\": \"Succeeded\",\n     \"powerState\": {\n      \"code\":
        \"Running\"\n     },\n     \"orchestratorVersion\": \"1.23.8\",\n     \"currentOrchestratorVersion\":
        \"1.23.8\",\n     \"enableNodePublicIP\": false,\n     \"mode\": \"System\",\n
        \    \"enableEncryptionAtHost\": false,\n     \"enableUltraSSD\": false,\n
        \    \"osType\": \"Linux\",\n     \"osSKU\": \"Ubuntu\",\n     \"nodeImageVersion\":
        \"AKSUbuntu-1804gen2containerd-2022.08.10\",\n     \"upgradeSettings\": {},\n
        \    \"enableFIPS\": false\n    }\n   ],\n   \"linuxProfile\": {\n    \"adminUsername\":
        \"azureuser\",\n    \"ssh\": {\n     \"publicKeys\": [\n      {\n       \"keyData\":
        \"ssh-rsa AAAAB3NzaC1yc2EAAAADAQABAAABAQDaNPXUd0mbTXJ4I+KFW5KzIPimUfbKGXZfsy0eKGvO3C6X4gBRTshaUPnNLjvLd/K2G0r/aO73Tt9f0glUt39cwNchM8fnT+yYM0Sy3zax6VvqNuergfqa8dawP9fMC2nEo03ZleI7tOI/sFrHVuhzUSViWtXlI/O8MzXfGEDq2fQJ0y2LZC8tGquoqiJRuuo59/+wZazpkPPyU0hqwdncKx7A5fT0f1C9weC8YqkNVlQH48xB5ARpr0NLcWuWFh42ddBb9l30zEVz68KWn/FjP4Za0OjUmy+XH8bY7ittFi74aY23A8Q2WbmjFppC3stm6DbJ71TZfXvWFBIE2inB
        azcli_aks_live_test@example.com\\n\"\n      }\n     ]\n    }\n   },\n   \"servicePrincipalProfile\":
        {\n    \"clientId\":\"00000000-0000-0000-0000-000000000001\"\n   },\n   \"nodeResourceGroup\":
        \"MC_clitest000001_cliakstest000001_westus2\",\n   \"enableRBAC\": true,\n
        \  \"networkProfile\": {\n    \"networkPlugin\": \"kubenet\",\n    \"loadBalancerSku\":
        \"Standard\",\n    \"loadBalancerProfile\": {\n     \"outboundIPPrefixes\":
        {\n      \"publicIPPrefixes\": [\n       {\n        \"id\": \"/subscriptions/00000000-0000-0000-0000-000000000000/resourceGroups/clitest000001/providers/Microsoft.Network/publicIPPrefixes/cliaksslbipp1000002\"\n
        \      }\n      ]\n     },\n     \"effectiveOutboundIPs\": [\n      {\n       \"id\":
        \"/subscriptions/00000000-0000-0000-0000-000000000000/resourceGroups/clitest000001/providers/Microsoft.Network/publicIPPrefixes/cliaksslbipp1000002\"\n
        \     }\n     ],\n     \"allocatedOutboundPorts\": 0,\n     \"idleTimeoutInMinutes\":
        30\n    },\n    \"podCidr\": \"10.244.0.0/16\",\n    \"serviceCidr\": \"10.0.0.0/16\",\n
        \   \"dnsServiceIP\": \"10.0.0.10\",\n    \"dockerBridgeCidr\": \"172.17.0.1/16\",\n
        \   \"outboundType\": \"loadBalancer\",\n    \"podCidrs\": [\n     \"10.244.0.0/16\"\n
        \   ],\n    \"serviceCidrs\": [\n     \"10.0.0.0/16\"\n    ],\n    \"ipFamilies\":
        [\n     \"IPv4\"\n    ]\n   },\n   \"maxAgentPools\": 100,\n   \"identityProfile\":
        {\n    \"kubeletidentity\": {\n     \"resourceId\": \"/subscriptions/00000000-0000-0000-0000-000000000000/resourcegroups/MC_clitest000001_cliakstest000001_westus2/providers/Microsoft.ManagedIdentity/userAssignedIdentities/cliakstest000001-agentpool\",\n
        \    \"clientId\":\"00000000-0000-0000-0000-000000000001\",\n     \"objectId\":\"00000000-0000-0000-0000-000000000001\"\n
        \   }\n   },\n   \"disableLocalAccounts\": false,\n   \"securityProfile\":
        {},\n   \"storageProfile\": {\n    \"diskCSIDriver\": {\n     \"enabled\":
        true\n    },\n    \"fileCSIDriver\": {\n     \"enabled\": true\n    },\n    \"snapshotController\":
        {\n     \"enabled\": true\n    }\n   }\n  },\n  \"identity\": {\n   \"type\":
        \"SystemAssigned\",\n   \"principalId\":\"00000000-0000-0000-0000-000000000001\",\n
        \  \"tenantId\": \"72f988bf-86f1-41af-91ab-2d7cd011db47\"\n  },\n  \"sku\":
        {\n   \"name\": \"Basic\",\n   \"tier\": \"Free\"\n  }\n }"
    headers:
      cache-control:
      - no-cache
      content-length:
      - '3995'
      content-type:
      - application/json
      date:
      - Tue, 30 Aug 2022 04:17:05 GMT
      expires:
      - '-1'
      pragma:
      - no-cache
      server:
      - nginx
      strict-transport-security:
      - max-age=31536000; includeSubDomains
      transfer-encoding:
      - chunked
      vary:
      - Accept-Encoding
      x-content-type-options:
      - nosniff
    status:
      code: 200
      message: OK
- request:
    body: null
    headers:
      Accept:
      - application/json
      Accept-Encoding:
      - gzip, deflate
      CommandName:
      - aks list
      Connection:
      - keep-alive
      ParameterSetName:
      - -g
      User-Agent:
      - AZURECLI/2.39.0 azsdk-python-azure-mgmt-containerservice/20.3.0 Python/3.8.10
        (Linux-5.15.0-1017-azure-x86_64-with-glibc2.29)
    method: GET
    uri: https://management.azure.com/subscriptions/00000000-0000-0000-0000-000000000000/resourceGroups/clitest000001/providers/Microsoft.ContainerService/managedClusters?api-version=2022-09-01
  response:
    body:
      string: "{\n  \"value\": [\n   {\n    \"id\": \"/subscriptions/00000000-0000-0000-0000-000000000000/resourcegroups/clitest000001/providers/Microsoft.ContainerService/managedClusters/cliakstest000001\",\n
        \   \"location\": \"westus2\",\n    \"name\": \"cliakstest000001\",\n    \"type\":
        \"Microsoft.ContainerService/ManagedClusters\",\n    \"properties\": {\n     \"provisioningState\":
        \"Succeeded\",\n     \"powerState\": {\n      \"code\": \"Running\"\n     },\n
        \    \"kubernetesVersion\": \"1.23.8\",\n     \"currentKubernetesVersion\":
        \"1.23.8\",\n     \"dnsPrefix\": \"cliaksdns000004\",\n     \"fqdn\": \"cliaksdns000004-a468a546.hcp.westus2.azmk8s.io\",\n
        \    \"azurePortalFQDN\": \"cliaksdns000004-a468a546.portal.hcp.westus2.azmk8s.io\",\n
        \    \"agentPoolProfiles\": [\n      {\n       \"name\": \"nodepool1\",\n
        \      \"count\": 1,\n       \"vmSize\": \"Standard_DS2_v2\",\n       \"osDiskSizeGB\":
        128,\n       \"osDiskType\": \"Managed\",\n       \"kubeletDiskType\": \"OS\",\n
        \      \"maxPods\": 110,\n       \"type\": \"VirtualMachineScaleSets\",\n
        \      \"enableAutoScaling\": false,\n       \"provisioningState\": \"Succeeded\",\n
        \      \"powerState\": {\n        \"code\": \"Running\"\n       },\n       \"orchestratorVersion\":
        \"1.23.8\",\n       \"currentOrchestratorVersion\": \"1.23.8\",\n       \"enableNodePublicIP\":
        false,\n       \"mode\": \"System\",\n       \"enableEncryptionAtHost\": false,\n
        \      \"enableUltraSSD\": false,\n       \"osType\": \"Linux\",\n       \"osSKU\":
        \"Ubuntu\",\n       \"nodeImageVersion\": \"AKSUbuntu-1804gen2containerd-2022.08.10\",\n
        \      \"upgradeSettings\": {},\n       \"enableFIPS\": false\n      }\n     ],\n
        \    \"linuxProfile\": {\n      \"adminUsername\": \"azureuser\",\n      \"ssh\":
        {\n       \"publicKeys\": [\n        {\n         \"keyData\": \"ssh-rsa AAAAB3NzaC1yc2EAAAADAQABAAABAQDaNPXUd0mbTXJ4I+KFW5KzIPimUfbKGXZfsy0eKGvO3C6X4gBRTshaUPnNLjvLd/K2G0r/aO73Tt9f0glUt39cwNchM8fnT+yYM0Sy3zax6VvqNuergfqa8dawP9fMC2nEo03ZleI7tOI/sFrHVuhzUSViWtXlI/O8MzXfGEDq2fQJ0y2LZC8tGquoqiJRuuo59/+wZazpkPPyU0hqwdncKx7A5fT0f1C9weC8YqkNVlQH48xB5ARpr0NLcWuWFh42ddBb9l30zEVz68KWn/FjP4Za0OjUmy+XH8bY7ittFi74aY23A8Q2WbmjFppC3stm6DbJ71TZfXvWFBIE2inB
        azcli_aks_live_test@example.com\\n\"\n        }\n       ]\n      }\n     },\n
        \    \"servicePrincipalProfile\": {\n      \"clientId\":\"00000000-0000-0000-0000-000000000001\"\n
        \    },\n     \"nodeResourceGroup\": \"MC_clitest000001_cliakstest000001_westus2\",\n
        \    \"enableRBAC\": true,\n     \"networkProfile\": {\n      \"networkPlugin\":
        \"kubenet\",\n      \"loadBalancerSku\": \"Standard\",\n      \"loadBalancerProfile\":
        {\n       \"outboundIPPrefixes\": {\n        \"publicIPPrefixes\": [\n         {\n
        \         \"id\": \"/subscriptions/00000000-0000-0000-0000-000000000000/resourceGroups/clitest000001/providers/Microsoft.Network/publicIPPrefixes/cliaksslbipp1000002\"\n
        \        }\n        ]\n       },\n       \"effectiveOutboundIPs\": [\n        {\n
        \        \"id\": \"/subscriptions/00000000-0000-0000-0000-000000000000/resourceGroups/clitest000001/providers/Microsoft.Network/publicIPPrefixes/cliaksslbipp1000002\"\n
        \       }\n       ],\n       \"allocatedOutboundPorts\": 0,\n       \"idleTimeoutInMinutes\":
        30\n      },\n      \"podCidr\": \"10.244.0.0/16\",\n      \"serviceCidr\":
        \"10.0.0.0/16\",\n      \"dnsServiceIP\": \"10.0.0.10\",\n      \"dockerBridgeCidr\":
        \"172.17.0.1/16\",\n      \"outboundType\": \"loadBalancer\",\n      \"podCidrs\":
        [\n       \"10.244.0.0/16\"\n      ],\n      \"serviceCidrs\": [\n       \"10.0.0.0/16\"\n
        \     ],\n      \"ipFamilies\": [\n       \"IPv4\"\n      ]\n     },\n     \"maxAgentPools\":
        100,\n     \"identityProfile\": {\n      \"kubeletidentity\": {\n       \"resourceId\":
        \"/subscriptions/00000000-0000-0000-0000-000000000000/resourcegroups/MC_clitest000001_cliakstest000001_westus2/providers/Microsoft.ManagedIdentity/userAssignedIdentities/cliakstest000001-agentpool\",\n
        \      \"clientId\":\"00000000-0000-0000-0000-000000000001\",\n       \"objectId\":\"00000000-0000-0000-0000-000000000001\"\n
        \     }\n     },\n     \"disableLocalAccounts\": false,\n     \"securityProfile\":
        {},\n     \"storageProfile\": {\n      \"diskCSIDriver\": {\n       \"enabled\":
        true\n      },\n      \"fileCSIDriver\": {\n       \"enabled\": true\n      },\n
        \     \"snapshotController\": {\n       \"enabled\": true\n      }\n     }\n
        \   },\n    \"identity\": {\n     \"type\": \"SystemAssigned\",\n     \"principalId\":\"00000000-0000-0000-0000-000000000001\",\n
        \    \"tenantId\": \"72f988bf-86f1-41af-91ab-2d7cd011db47\"\n    },\n    \"sku\":
        {\n     \"name\": \"Basic\",\n     \"tier\": \"Free\"\n    }\n   }\n  ]\n
        }"
    headers:
      cache-control:
      - no-cache
      content-length:
      - '4266'
      content-type:
      - application/json
      date:
      - Tue, 30 Aug 2022 04:17:07 GMT
      expires:
      - '-1'
      pragma:
      - no-cache
      server:
      - nginx
      strict-transport-security:
      - max-age=31536000; includeSubDomains
      transfer-encoding:
      - chunked
      vary:
      - Accept-Encoding
      x-content-type-options:
      - nosniff
    status:
      code: 200
      message: OK
- request:
    body: null
    headers:
      Accept:
      - application/json
      Accept-Encoding:
      - gzip, deflate
      CommandName:
      - aks list
      Connection:
      - keep-alive
      ParameterSetName:
      - -g -o
      User-Agent:
      - AZURECLI/2.39.0 azsdk-python-azure-mgmt-containerservice/20.3.0 Python/3.8.10
        (Linux-5.15.0-1017-azure-x86_64-with-glibc2.29)
    method: GET
    uri: https://management.azure.com/subscriptions/00000000-0000-0000-0000-000000000000/resourceGroups/clitest000001/providers/Microsoft.ContainerService/managedClusters?api-version=2022-09-01
  response:
    body:
      string: "{\n  \"value\": [\n   {\n    \"id\": \"/subscriptions/00000000-0000-0000-0000-000000000000/resourcegroups/clitest000001/providers/Microsoft.ContainerService/managedClusters/cliakstest000001\",\n
        \   \"location\": \"westus2\",\n    \"name\": \"cliakstest000001\",\n    \"type\":
        \"Microsoft.ContainerService/ManagedClusters\",\n    \"properties\": {\n     \"provisioningState\":
        \"Succeeded\",\n     \"powerState\": {\n      \"code\": \"Running\"\n     },\n
        \    \"kubernetesVersion\": \"1.23.8\",\n     \"currentKubernetesVersion\":
        \"1.23.8\",\n     \"dnsPrefix\": \"cliaksdns000004\",\n     \"fqdn\": \"cliaksdns000004-a468a546.hcp.westus2.azmk8s.io\",\n
        \    \"azurePortalFQDN\": \"cliaksdns000004-a468a546.portal.hcp.westus2.azmk8s.io\",\n
        \    \"agentPoolProfiles\": [\n      {\n       \"name\": \"nodepool1\",\n
        \      \"count\": 1,\n       \"vmSize\": \"Standard_DS2_v2\",\n       \"osDiskSizeGB\":
        128,\n       \"osDiskType\": \"Managed\",\n       \"kubeletDiskType\": \"OS\",\n
        \      \"maxPods\": 110,\n       \"type\": \"VirtualMachineScaleSets\",\n
        \      \"enableAutoScaling\": false,\n       \"provisioningState\": \"Succeeded\",\n
        \      \"powerState\": {\n        \"code\": \"Running\"\n       },\n       \"orchestratorVersion\":
        \"1.23.8\",\n       \"currentOrchestratorVersion\": \"1.23.8\",\n       \"enableNodePublicIP\":
        false,\n       \"mode\": \"System\",\n       \"enableEncryptionAtHost\": false,\n
        \      \"enableUltraSSD\": false,\n       \"osType\": \"Linux\",\n       \"osSKU\":
        \"Ubuntu\",\n       \"nodeImageVersion\": \"AKSUbuntu-1804gen2containerd-2022.08.10\",\n
        \      \"upgradeSettings\": {},\n       \"enableFIPS\": false\n      }\n     ],\n
        \    \"linuxProfile\": {\n      \"adminUsername\": \"azureuser\",\n      \"ssh\":
        {\n       \"publicKeys\": [\n        {\n         \"keyData\": \"ssh-rsa AAAAB3NzaC1yc2EAAAADAQABAAABAQDaNPXUd0mbTXJ4I+KFW5KzIPimUfbKGXZfsy0eKGvO3C6X4gBRTshaUPnNLjvLd/K2G0r/aO73Tt9f0glUt39cwNchM8fnT+yYM0Sy3zax6VvqNuergfqa8dawP9fMC2nEo03ZleI7tOI/sFrHVuhzUSViWtXlI/O8MzXfGEDq2fQJ0y2LZC8tGquoqiJRuuo59/+wZazpkPPyU0hqwdncKx7A5fT0f1C9weC8YqkNVlQH48xB5ARpr0NLcWuWFh42ddBb9l30zEVz68KWn/FjP4Za0OjUmy+XH8bY7ittFi74aY23A8Q2WbmjFppC3stm6DbJ71TZfXvWFBIE2inB
        azcli_aks_live_test@example.com\\n\"\n        }\n       ]\n      }\n     },\n
        \    \"servicePrincipalProfile\": {\n      \"clientId\":\"00000000-0000-0000-0000-000000000001\"\n
        \    },\n     \"nodeResourceGroup\": \"MC_clitest000001_cliakstest000001_westus2\",\n
        \    \"enableRBAC\": true,\n     \"networkProfile\": {\n      \"networkPlugin\":
        \"kubenet\",\n      \"loadBalancerSku\": \"Standard\",\n      \"loadBalancerProfile\":
        {\n       \"outboundIPPrefixes\": {\n        \"publicIPPrefixes\": [\n         {\n
        \         \"id\": \"/subscriptions/00000000-0000-0000-0000-000000000000/resourceGroups/clitest000001/providers/Microsoft.Network/publicIPPrefixes/cliaksslbipp1000002\"\n
        \        }\n        ]\n       },\n       \"effectiveOutboundIPs\": [\n        {\n
        \        \"id\": \"/subscriptions/00000000-0000-0000-0000-000000000000/resourceGroups/clitest000001/providers/Microsoft.Network/publicIPPrefixes/cliaksslbipp1000002\"\n
        \       }\n       ],\n       \"allocatedOutboundPorts\": 0,\n       \"idleTimeoutInMinutes\":
        30\n      },\n      \"podCidr\": \"10.244.0.0/16\",\n      \"serviceCidr\":
        \"10.0.0.0/16\",\n      \"dnsServiceIP\": \"10.0.0.10\",\n      \"dockerBridgeCidr\":
        \"172.17.0.1/16\",\n      \"outboundType\": \"loadBalancer\",\n      \"podCidrs\":
        [\n       \"10.244.0.0/16\"\n      ],\n      \"serviceCidrs\": [\n       \"10.0.0.0/16\"\n
        \     ],\n      \"ipFamilies\": [\n       \"IPv4\"\n      ]\n     },\n     \"maxAgentPools\":
        100,\n     \"identityProfile\": {\n      \"kubeletidentity\": {\n       \"resourceId\":
        \"/subscriptions/00000000-0000-0000-0000-000000000000/resourcegroups/MC_clitest000001_cliakstest000001_westus2/providers/Microsoft.ManagedIdentity/userAssignedIdentities/cliakstest000001-agentpool\",\n
        \      \"clientId\":\"00000000-0000-0000-0000-000000000001\",\n       \"objectId\":\"00000000-0000-0000-0000-000000000001\"\n
        \     }\n     },\n     \"disableLocalAccounts\": false,\n     \"securityProfile\":
        {},\n     \"storageProfile\": {\n      \"diskCSIDriver\": {\n       \"enabled\":
        true\n      },\n      \"fileCSIDriver\": {\n       \"enabled\": true\n      },\n
        \     \"snapshotController\": {\n       \"enabled\": true\n      }\n     }\n
        \   },\n    \"identity\": {\n     \"type\": \"SystemAssigned\",\n     \"principalId\":\"00000000-0000-0000-0000-000000000001\",\n
        \    \"tenantId\": \"72f988bf-86f1-41af-91ab-2d7cd011db47\"\n    },\n    \"sku\":
        {\n     \"name\": \"Basic\",\n     \"tier\": \"Free\"\n    }\n   }\n  ]\n
        }"
    headers:
      cache-control:
      - no-cache
      content-length:
      - '4266'
      content-type:
      - application/json
      date:
      - Tue, 30 Aug 2022 04:17:07 GMT
      expires:
      - '-1'
      pragma:
      - no-cache
      server:
      - nginx
      strict-transport-security:
      - max-age=31536000; includeSubDomains
      transfer-encoding:
      - chunked
      vary:
      - Accept-Encoding
      x-content-type-options:
      - nosniff
    status:
      code: 200
      message: OK
- request:
    body: null
    headers:
      Accept:
      - application/json
      Accept-Encoding:
      - gzip, deflate
      CommandName:
      - aks show
      Connection:
      - keep-alive
      ParameterSetName:
      - -g -n
      User-Agent:
      - AZURECLI/2.39.0 azsdk-python-azure-mgmt-containerservice/20.3.0 Python/3.8.10
        (Linux-5.15.0-1017-azure-x86_64-with-glibc2.29)
    method: GET
    uri: https://management.azure.com/subscriptions/00000000-0000-0000-0000-000000000000/resourceGroups/clitest000001/providers/Microsoft.ContainerService/managedClusters/cliakstest000001?api-version=2022-09-01
  response:
    body:
      string: "{\n  \"id\": \"/subscriptions/00000000-0000-0000-0000-000000000000/resourcegroups/clitest000001/providers/Microsoft.ContainerService/managedClusters/cliakstest000001\",\n
        \ \"location\": \"westus2\",\n  \"name\": \"cliakstest000001\",\n  \"type\":
        \"Microsoft.ContainerService/ManagedClusters\",\n  \"properties\": {\n   \"provisioningState\":
        \"Succeeded\",\n   \"powerState\": {\n    \"code\": \"Running\"\n   },\n   \"kubernetesVersion\":
        \"1.23.8\",\n   \"currentKubernetesVersion\": \"1.23.8\",\n   \"dnsPrefix\":
        \"cliaksdns000004\",\n   \"fqdn\": \"cliaksdns000004-a468a546.hcp.westus2.azmk8s.io\",\n
        \  \"azurePortalFQDN\": \"cliaksdns000004-a468a546.portal.hcp.westus2.azmk8s.io\",\n
        \  \"agentPoolProfiles\": [\n    {\n     \"name\": \"nodepool1\",\n     \"count\":
        1,\n     \"vmSize\": \"Standard_DS2_v2\",\n     \"osDiskSizeGB\": 128,\n     \"osDiskType\":
        \"Managed\",\n     \"kubeletDiskType\": \"OS\",\n     \"maxPods\": 110,\n
        \    \"type\": \"VirtualMachineScaleSets\",\n     \"enableAutoScaling\": false,\n
        \    \"provisioningState\": \"Succeeded\",\n     \"powerState\": {\n      \"code\":
        \"Running\"\n     },\n     \"orchestratorVersion\": \"1.23.8\",\n     \"currentOrchestratorVersion\":
        \"1.23.8\",\n     \"enableNodePublicIP\": false,\n     \"mode\": \"System\",\n
        \    \"enableEncryptionAtHost\": false,\n     \"enableUltraSSD\": false,\n
        \    \"osType\": \"Linux\",\n     \"osSKU\": \"Ubuntu\",\n     \"nodeImageVersion\":
        \"AKSUbuntu-1804gen2containerd-2022.08.10\",\n     \"upgradeSettings\": {},\n
        \    \"enableFIPS\": false\n    }\n   ],\n   \"linuxProfile\": {\n    \"adminUsername\":
        \"azureuser\",\n    \"ssh\": {\n     \"publicKeys\": [\n      {\n       \"keyData\":
        \"ssh-rsa AAAAB3NzaC1yc2EAAAADAQABAAABAQDaNPXUd0mbTXJ4I+KFW5KzIPimUfbKGXZfsy0eKGvO3C6X4gBRTshaUPnNLjvLd/K2G0r/aO73Tt9f0glUt39cwNchM8fnT+yYM0Sy3zax6VvqNuergfqa8dawP9fMC2nEo03ZleI7tOI/sFrHVuhzUSViWtXlI/O8MzXfGEDq2fQJ0y2LZC8tGquoqiJRuuo59/+wZazpkPPyU0hqwdncKx7A5fT0f1C9weC8YqkNVlQH48xB5ARpr0NLcWuWFh42ddBb9l30zEVz68KWn/FjP4Za0OjUmy+XH8bY7ittFi74aY23A8Q2WbmjFppC3stm6DbJ71TZfXvWFBIE2inB
        azcli_aks_live_test@example.com\\n\"\n      }\n     ]\n    }\n   },\n   \"servicePrincipalProfile\":
        {\n    \"clientId\":\"00000000-0000-0000-0000-000000000001\"\n   },\n   \"nodeResourceGroup\":
        \"MC_clitest000001_cliakstest000001_westus2\",\n   \"enableRBAC\": true,\n
        \  \"networkProfile\": {\n    \"networkPlugin\": \"kubenet\",\n    \"loadBalancerSku\":
        \"Standard\",\n    \"loadBalancerProfile\": {\n     \"outboundIPPrefixes\":
        {\n      \"publicIPPrefixes\": [\n       {\n        \"id\": \"/subscriptions/00000000-0000-0000-0000-000000000000/resourceGroups/clitest000001/providers/Microsoft.Network/publicIPPrefixes/cliaksslbipp1000002\"\n
        \      }\n      ]\n     },\n     \"effectiveOutboundIPs\": [\n      {\n       \"id\":
        \"/subscriptions/00000000-0000-0000-0000-000000000000/resourceGroups/clitest000001/providers/Microsoft.Network/publicIPPrefixes/cliaksslbipp1000002\"\n
        \     }\n     ],\n     \"allocatedOutboundPorts\": 0,\n     \"idleTimeoutInMinutes\":
        30\n    },\n    \"podCidr\": \"10.244.0.0/16\",\n    \"serviceCidr\": \"10.0.0.0/16\",\n
        \   \"dnsServiceIP\": \"10.0.0.10\",\n    \"dockerBridgeCidr\": \"172.17.0.1/16\",\n
        \   \"outboundType\": \"loadBalancer\",\n    \"podCidrs\": [\n     \"10.244.0.0/16\"\n
        \   ],\n    \"serviceCidrs\": [\n     \"10.0.0.0/16\"\n    ],\n    \"ipFamilies\":
        [\n     \"IPv4\"\n    ]\n   },\n   \"maxAgentPools\": 100,\n   \"identityProfile\":
        {\n    \"kubeletidentity\": {\n     \"resourceId\": \"/subscriptions/00000000-0000-0000-0000-000000000000/resourcegroups/MC_clitest000001_cliakstest000001_westus2/providers/Microsoft.ManagedIdentity/userAssignedIdentities/cliakstest000001-agentpool\",\n
        \    \"clientId\":\"00000000-0000-0000-0000-000000000001\",\n     \"objectId\":\"00000000-0000-0000-0000-000000000001\"\n
        \   }\n   },\n   \"disableLocalAccounts\": false,\n   \"securityProfile\":
        {},\n   \"storageProfile\": {\n    \"diskCSIDriver\": {\n     \"enabled\":
        true\n    },\n    \"fileCSIDriver\": {\n     \"enabled\": true\n    },\n    \"snapshotController\":
        {\n     \"enabled\": true\n    }\n   }\n  },\n  \"identity\": {\n   \"type\":
        \"SystemAssigned\",\n   \"principalId\":\"00000000-0000-0000-0000-000000000001\",\n
        \  \"tenantId\": \"72f988bf-86f1-41af-91ab-2d7cd011db47\"\n  },\n  \"sku\":
        {\n   \"name\": \"Basic\",\n   \"tier\": \"Free\"\n  }\n }"
    headers:
      cache-control:
      - no-cache
      content-length:
      - '3995'
      content-type:
      - application/json
      date:
      - Tue, 30 Aug 2022 04:17:07 GMT
      expires:
      - '-1'
      pragma:
      - no-cache
      server:
      - nginx
      strict-transport-security:
      - max-age=31536000; includeSubDomains
      transfer-encoding:
      - chunked
      vary:
      - Accept-Encoding
      x-content-type-options:
      - nosniff
    status:
      code: 200
      message: OK
- request:
    body: null
    headers:
      Accept:
      - application/json
      Accept-Encoding:
      - gzip, deflate
      CommandName:
      - aks get-credentials
      Connection:
      - keep-alive
      Content-Length:
      - '0'
      ParameterSetName:
      - -g -n --file
      User-Agent:
      - AZURECLI/2.39.0 azsdk-python-azure-mgmt-containerservice/20.3.0 Python/3.8.10
        (Linux-5.15.0-1017-azure-x86_64-with-glibc2.29)
    method: POST
    uri: https://management.azure.com/subscriptions/00000000-0000-0000-0000-000000000000/resourceGroups/clitest000001/providers/Microsoft.ContainerService/managedClusters/cliakstest000001/listClusterUserCredential?api-version=2022-09-01
  response:
    body:
      string: "{\n  \"kubeconfigs\": [\n   {\n    \"name\": \"clusterUser\",\n    \"value\":
        \"YXBpVmVyc2lvbjogdjEKY2x1c3RlcnM6Ci0gY2x1c3RlcjoKICAgIGNlcnRpZmljYXRlLWF1dGhvcml0eS1kYXRhOiBMUzB0TFMxQ1JVZEpUaUJEUlZKVVNVWkpRMEZVUlMwdExTMHRDazFKU1VVMlJFTkRRWFJEWjBGM1NVSkJaMGxSVkhndmFIUnhkRWRqVlZWRk1qVjVPVEJFVTFWVmFrRk9RbWRyY1docmFVYzVkekJDUVZGelJrRkVRVTRLVFZGemQwTlJXVVJXVVZGRVJYZEthbGxVUVdkR2R6QjVUV3BCTkUxNlFYZE9SRUY2VFhwQ1lVZEJPSGxOUkZWNVRVUm5lazFFUVRCTlZFMTZUVVp2ZHdwRVZFVk1UVUZyUjBFeFZVVkJlRTFEV1RKRmQyZG5TV2xOUVRCSFExTnhSMU5KWWpORVVVVkNRVkZWUVVFMFNVTkVkMEYzWjJkSlMwRnZTVU5CVVVSdENrTjBNVUpSUzFoRU1rSlRUVko0UW1rMFlpOXVhWGRtZGtJMGFqQnBSVFZSWVRsbU1tVlhXSEZKY0hSaVZtUnpXR3BKTVVOdGRsaFNjR2dyUTBzMlFqSUtVVXBFTmsxSFduVnFZVVJhYVRVM05FdFNVbGN4TjJkWVJIaHhhMjEyYWpsQ2NVWk9PRWd2VUZndldIYzJRME5VZW05YVJuZzBaREJCY1dNd09UUlFlZ3B0VnpObFF6aG1MekpWUTFjMmRuUlBWWFp4V0VOa1pVUklUMlpRUlVFNVVWWktXbWRvTDJkSE5IaHRjWEZLTmxKa2RHcFhkVXBaVWtkWFZXcEJUazFXQ2tKeFFsSjVabEl6VWtGT1kyMHllVUZPU21wVlQybGpTRVprUVhsM2JVNVJRMjVtSzJzMVNIbEtUU3RaUzNwaVkyZFVXRFY0VW5KU1p6VkhNRzVDTmtjS09IbE5WRTFxTTBwTFVscDNaVGhLVGtoSlZYUkpORWh5WVV4TFduWlpXa1ZKTVhrME1tdHRiR2hEZGt0T01rVmpSbEExTlZkRlRraHNaVzB4YW1Nd1RBbzFVR3RsYWtvclpIcEpiV1JWYUdNM1puRTBPVEZXYUhsR2QwZFlaRWhJWTJ4aVJrWkNTamRKU1ZWWVYwd3lWbVpKYUVsRlRESkRUMjh5Y0V0ek9UQmlDbWRISzFaS1JFVjBUREl4WWpkVGNqSjFOMHRFV0dSNmExRXdXalJGS3prM1lVb3lWa1pQY2pCbE4yb3hVVkJPU2xCd1VIQXdXVEZsY21ZcmExUmxiMjBLWkVGdVFrSlpMeTgyVEVac1psWnRUVGt2Y3pKSk9FWTRSM0JSUkdjeFdFTkdVbFV6WmsxQ1NrZDJkMk15WmpReFltRmhNVGw2ZUZaaGVIQnZhbFoyT0FwMEwwTkNaekJaT1hkM05GQmllbk5XV0RkdlJHVkhUSFpWVEcxU1VUaG5SVmxCVTA5b1RtdEZjMjFhTjNORE9VRTFZV00zUTNaQ1VVUTFZbkZ0VHpWVENtMHpSMDlZVHl0bFpFcEZSWHBPWXpsUGNuUmpNVVV3ZUZJMVIyUnJhWEZTTUhoaVFUQTRSVmdyVXpGUE9VVlJTRmhMZVhWelJIVnVlRVJ5YWs1bE5Tc0tXV3d6VkZKUlRHRlBWRlUzWVdKM04zTk9TbGRHUm1jeVVuTklTWEozVm5CdlpubEROM1kwVDJsM1NVUkJVVUZDYnpCSmQxRkVRVTlDWjA1V1NGRTRRZ3BCWmpoRlFrRk5RMEZ4VVhkRWQxbEVWbEl3VkVGUlNDOUNRVlYzUVhkRlFpOTZRV1JDWjA1V1NGRTBSVVpuVVZVMWFqaHRkM1ZSVGpZek4zTkJSVWR6Q2xkd1MxRm9VMnhQSzFNMGQwUlJXVXBMYjFwSmFIWmpUa0ZSUlV4Q1VVRkVaMmRKUWtGT09VSnlkMnhzYVRKcFVtOTRhbGxhYmtGVWRVTkZiRXBUTUhZS1FWQnRWR0p4TjJsblFWbG9jeXRhYmtsaFNIcGtZaXN3Y3paclVteEZSbXhHSzFnd1F6WjVWV0pUTUc1ek4wNWxiR042VTBWQ1RVSkRValp3WVZaeFVncGxSemxHYlVvekwwOVJkR1pCVkhsUFRFMW1LMHNyZWxCdmRqZHJZVUZZWjFoTVlqSnJjVVZFVEcwd2NEVkRiVkZhVlZobk4yTnhaVmd5VGxCYVNFMTFDakpRZG1KbU5sUkRaWEUyVW5OcFRrSjRPV2x3YzFSRE0wY3dNM0kyTVhaWGRFOWFaekFyYzJOTlp6VmlLMDk0UXpWMU1YcG5OekJWUVVsWldWTk5PRlVLVjFKRFFVRkdSMjQwUWsxMkt6VjZkblJxYkZCWk1XWmtTbXBYZWxVclpGbENURkZUV0VodU9IVkRORkJhUkd0MWNIVlpXWGhsYkZoalZWbGllbWRqTlFwSVJtbG5NazU0Wm01cmJsZzBWVVoxUW5KMlQwaGlUVk5UYWtOdlJsWm1MM0JFSzNKd2JYWXdia3c1TXpOUVZXVnNVblpyTm05R2VqWm1NREF3ZVVocENrNU9SVWhYTm1OWGMwRTFObEo2TmtOak1uWktRMlJEYmpSaVUzQk5WbWR6V0VkNlR6WmtRalpOUlVwUlNURXdiVFF6WmtwaVFtMVdNbkZsY2pWcE9YWUtUbXhLVFRsdWNIUnJWams1ZVVzNVZETlhXblowWVZOSWQybGtWRUpTVVc1bFJHSkthWFExWWpBNVEwdEtLMXBKY0VrNVdXNHhSMVpMZFc1a05tczBiZ3B0TTJob2QzVnNlRVZ4Wm5oTmJrdEJjMmxDY1VaQlltSnhVblV5VkRKWWNrUldhMEZLYTBrMmRXeFZhVVZuVW5WR1Z6WjVlV1ZFZG01SWFqUmlPVzEyQ2twdGVVcHlabTFZYTBNemRXdFNTM0kzUVV4SmVEbHRhbUZIVEVOT05FWmhWRmxZWjJoalVsUnpNVkpxSzJnMmMwOWxPVmR0WVdsV1RXbFVVSHBpWldrS1NETTRWbVpyVldwVGRUUjBSV3QwUVV4V2RqZEhPQzlEVkVwa00yOXNVelZrZW1nelRUUnBRbWxsWjBwMlNqRm9UMGQ0VVVoMWNYSmtZVmw0YUZjeVVBcFBXV1pVSzNCVFpGRk9OMjV2Y1hST0NpMHRMUzB0UlU1RUlFTkZVbFJKUmtsRFFWUkZMUzB0TFMwSwogICAgc2VydmVyOiBodHRwczovL2NsaWFrc2RuczY1bHN1cWctYTQ2OGE1NDYuaGNwLndlc3R1czIuYXptazhzLmlvOjQ0MwogIG5hbWU6IGNsaWFrc3Rlc3R2Y2l4ZGoKY29udGV4dHM6Ci0gY29udGV4dDoKICAgIGNsdXN0ZXI6IGNsaWFrc3Rlc3R2Y2l4ZGoKICAgIHVzZXI6IGNsdXN0ZXJVc2VyX2NsaXRlc3Q2emV6eHJ6YTd6X2NsaWFrc3Rlc3R2Y2l4ZGoKICBuYW1lOiBjbGlha3N0ZXN0dmNpeGRqCmN1cnJlbnQtY29udGV4dDogY2xpYWtzdGVzdHZjaXhkagpraW5kOiBDb25maWcKcHJlZmVyZW5jZXM6IHt9CnVzZXJzOgotIG5hbWU6IGNsdXN0ZXJVc2VyX2NsaXRlc3Q2emV6eHJ6YTd6X2NsaWFrc3Rlc3R2Y2l4ZGoKICB1c2VyOgogICAgY2xpZW50LWNlcnRpZmljYXRlLWRhdGE6IExTMHRMUzFDUlVkSlRpQkRSVkpVU1VaSlEwRlVSUzB0TFMwdENrMUpTVVpJVkVORFFYZFhaMEYzU1VKQlowbFJUR013UVRoU2VqZGpURFJ1U2tONGRGSnRiREkwZWtGT1FtZHJjV2hyYVVjNWR6QkNRVkZ6UmtGRVFVNEtUVkZ6ZDBOUldVUldVVkZFUlhkS2FsbFVRV1ZHZHpCNVRXcEJORTE2UVhkT1JFRjZUWHBDWVVaM01IbE9SRUUwVFhwQmQwNUVSWHBOZWtKaFRVUkJlQXBHZWtGV1FtZE9Wa0pCYjFSRWJrNDFZek5TYkdKVWNIUlpXRTR3V2xoS2VrMVNWWGRGZDFsRVZsRlJSRVYzZUhSWldFNHdXbGhLYW1KSGJHeGlibEYzQ21kblNXbE5RVEJIUTFOeFIxTkpZak5FVVVWQ1FWRlZRVUUwU1VORWQwRjNaMmRKUzBGdlNVTkJVVU5YYUVsYWEwVXlUelZKZUU5clpTOUVTSGxKTmlzS1JYVlNWVzAwTlVOc2NHcFFZWFEwWVdsM1pETk1lVUZKUm5GbWNuSTBXRVJZUTBzeFdEbFZTQzlXVEhGSlQxQk1WR1UzUWxOelNHaGFSa0pEYjFwU05RcGpVMW80VmxkYVprNXVaVzhyT1c1a1NGaGxNRVE1ZEU1RVpXZEVjblJpTVN0dFRrbFliREZqYUc5alQyOVFTazVuUlVGWVQyZDNabVJ5U2s1cmFGcFBDbTV4TUdwWmFUaERja1ZUTjJoWlRUSTJSRlozVkVzcmJERXlaRVpPYjFKWVRtMTZVelZrZURNNU1XdHFObTVhUVV0UVkyNVRjelpaV2s5UUsyUXJTV2NLTUZjMWVYRmxNSEJUWlZWUlIxTkROMlJCWVc1c2NITkNkSE5xVVRobUswaFdSblI2YWxOWmFYZFFUblJQWmtkaFRHcDROV05PYlZSTlVHczJZVUZXY0FwU1RXY3lSakI0Vm10NE5tdEZaSGhXVmtsNWRsUlRXR3N4UlhWMFRXMTZORkI1Y1VoeFUwRjNkQ3RySzAwemJVNDFOVWhtVkdKUmVtaFhRazQ1VUZVNUNsWnpZbGN2V0Rnck0zVXJRbEIwWjFwS1NYTllaak5JYzBKblRIZFJhV05rVjNsSVpWUlZjMFpUVjBOd1lqaFFUV1ZzYjBkSllscHlNRTQwV25WRWVsZ0tWVW8yVDA4M1psZHVSRmhQZFVONU9WUnFlVlpPZHk5RmNXdDNhVmxsT1hkaVRqQnFNSGxyTXpkNmVVMUtaalo2YkhSMlZqZ3lZVTF6YVc1d1VqVnJVQXB1S3pCc1NXVXJkRTF2ZVhaUVFYWkVaemx0Ym5keFVDOWxTbVpYVUVsTVlXWnhUbXR4YmxaV1dFeENkVEpxWmtWUFZHdFJRelpvU2l0WU5teFljRlJ3Q2pNeVJtRlJiVTFyTW5kcmVtZG9aRzQyWTFWVGNXMUJiWEZLU3pZME5uQXdkWEpoTWxsMmRuZERhMFJIVWxOMmVuVlZlVGxzVnpsV1RGSlRRa1JwT1hBS2JuRk1LMnBIVkVwcVNDOXFTV3hwYW5aSlpVUlpkSFZ6SzFkYVlqWndjSGM1UW5kclRGSjVZbVJ3TXpWbVozWmFWSGczUkRSeFptczBkVzV0U2xWaWRBcDNhemg1WVdjd2NFMDJiVEpHTUdkQ2JFaHZUSEpSU1VSQlVVRkNiekZaZDFaRVFVOUNaMDVXU0ZFNFFrRm1PRVZDUVUxRFFtRkJkMFYzV1VSV1VqQnNDa0pCZDNkRFoxbEpTM2RaUWtKUlZVaEJkMGwzUkVGWlJGWlNNRlJCVVVndlFrRkpkMEZFUVdaQ1owNVdTRk5OUlVkRVFWZG5RbFJ0VUhsaVF6VkJNM0lLWm5WM1FWRmhlR0ZyY0VOR1MxVTNOVXhxUVU1Q1oydHhhR3RwUnpsM01FSkJVWE5HUVVGUFEwRm5SVUYxVVROV1lrUnZhMFZTYWxrNGMyMVJSelZzYWdveGJISnVORzloVFRabE56SnVaM2hwZVZNNWIwaDVkVll2YzBkQ0wwTnlXVTkyU200MlZ6bEZUWEZsVURZMGFrUmxZa2hSU0dObVFsUnpUazkwVm1FdkNtUmFjaTlpWlc5WmVsbHJMMU5OYzFsRlVWQnZkVkpMVFU5UVIxQlpiV1EyVkhGVWFXSnFjR1JMVWxsMmFsSkZkVlpqWmtKVlVWQjFWREpGWjNseU5ra0tUSFZVVkhKTk9EaExOalZwTWtkMk1tVmpRamxXUTFacmJuWXdRVUpQVWpkS2NraHpWMlYwTkVvM1NtMTNhR1ZyWVZCamJFMWlNRFpXU0ZkWVoxQjRTQXBGT1ZaVWJFVnVPVkV4Y21Wd01FWnNlSE5SYTJ4dE5DdHBSVUZTVDA1NFZrWkZielFyWlhJMGVtRkVlR3RwYXl0NVdHTXdkbFZPVVVnM1JVTXJhRXRYQ205allVVjNkMG93TWt0WGFYQldaRWRhVUhsUmFDODRTa2xRZUZWWFFrcElkbTA1SzAxaWFUWTFWV2cyYlZCbUt6Rk9NalJHYjJoUk9IbDRTR1JPV1ZJS1NXTkdhakpLV0VwRWFpOUpVSGxCU3pkTVpVeHVTbU0yZFM4eFNHZG9ZakF4UmtKbVdIUjJhMDh2S3poaVRFbDRORzFGTDNkVVFtVkxRVWd2YWt4cmFBcDVPVms0VFZjdk1EaFdLelEyY0VkUE5YazFlalZJT0VGRWFYb3JVSHAySzA5MFNtZG1VMjl4TkZwRmEwNWlVVk5tVjFGcVdsUnBRMkZhT0VsU0wwcG1DbElyV2pkbWFITXlkVlp6TlcxSFdFRlVka0ZGV213emJGSmtkVXR1TW1OUVdXbGhSRUZ5Tm1GeWMwZEpTRTEyUzFZelExVk5NMVJFVXk5TVUyTlFjR0lLV0ZObFUzRkVaM0l2UkVkb1owNUhiR3hhWkM5TFptaFdkMXBDUlRnNGJteElVRlZDV25SWVJVNXljWEk1WVZJNVRDOXBkM2h1UVhKM09VOVVObXMzYmdwVFpXcHpaVGszUVVjclJFdEtVa0ZOWTA5WFVWb3JZM2xzVldsMmR6VkRaRm96YkhGVlMwODFWamxJYURONk1qWjJVRlZTY2pZeGJFNU5UbXB4YUVaMENtWXdabGxxY1dGVlRUTkVkVEpvVlV3clMwaEJWMlJSUFFvdExTMHRMVVZPUkNCRFJWSlVTVVpKUTBGVVJTMHRMUzB0Q2c9PQogICAgY2xpZW50LWtleS1kYXRhOiBMUzB0TFMxQ1JVZEpUaUJTVTBFZ1VGSkpWa0ZVUlNCTFJWa3RMUzB0TFFwTlNVbEtTbmRKUWtGQlMwTkJaMFZCYkc5VFIxcENUbXAxVTAxVWNFaDJkM2c0YVU5MmFFeHJWa3AxVDFGd1lWbDZNbkpsUjI5elNHUjVPR2REUW1GdUNqWTJLMFozTVhkcGRGWXZWa0l2TVZNMmFVUnFlVEF6ZFhkVmNrSTBWMUpSVVhGSFZXVllSVzFtUmxadFdIcGFNM0ZRZGxvelVqRXpkRUV2WWxSUk0yOEtRVFkzVnpsbWNHcFRSalZrV0VsaFNFUnhSSGxVV1VKQlJucHZUVWd6WVhsVVdrbFhWSEEyZEVreVNYWkJjWGhGZFRSWFJFNTFaekZqUlhsMmNHUmtiZ3BTVkdGRlZucGFjekIxV0dOa0wyUmFTU3R3TWxGRGFqTktNSEpQYlVkVWFpOXVabWxKVGtaMVkzRnVkRXRWYm14RlFtdG5kVE5SUjNBMVlXSkJZbUpKQ2pCUVNDOW9NVkppWXpRd2JVbHpSSHBpVkc1NGJXazBPR1ZZUkZwcmVrUTFUMjFuUm1GVlZFbE9hR1JOVmxwTlpYQkNTR05XVmxOTmNqQXdiRFZPVWt3S2NsUktjeXRFT0hGb05tdG5UVXhtY0ZCcVRqVnFaV1ZTTXpBeU1FMDBWbWRVWmxReFVGWmlSekYyTVM5UWREZDJaMVEzV1VkVFUweEdNemw0TjBGWlF3bzRSVWx1U0ZaemFETnJNVXhDVld4bmNWY3ZSSHBJY0dGQ2FVY3lZVGxFWlVkaVp6Z3hNVU5sYW1wMU16RndkekY2Y21kemRsVTBPR3hVWTFCNFMzQk5Da2x0U0haalIzcGtTVGxOY0U0ck9EaHFRMWdyY3pWaVlqRm1UbTFxVEVsd05sVmxXa1ExTDNSS1UwaDJjbFJMVFhKNmQweDNORkJhY0RoTGFpOHphVmdLTVdwNVF6SnVObXBhUzNBeFZsWjVkMkowYnpONFJHczFSVUYxYjFObWJDdHdWalpWTm1RNWFGZHJTbXBLVG5OS1RUUkpXRm9yYmtaRmNYQm5TbkZwVXdwMWRVOXhaRXh4TW5SdFREYzRRWEJCZUd0VmNqZzNiRTEyV2xaMlZsTXdWV2RSTkhaaFdqWnBMMjk0YTNsWmVDODBlVXBaYnpkNVNHY3lUR0p5VUd4dENsY3JjV0ZqVUZGalNrTXdZMjB6WVdRcldEUk1NbFU0WlhjclMyNDFUMHh3TldsV1J6ZGpTbEJOYlc5T1MxUlBjSFJvWkVsQldsSTJRell3UTBGM1JVRUtRVkZMUTBGblFsTkhXR3hCWW5ZNFVFSmtNelU0ZDNsNmRrZGFNM05PUWxGbloxUklkREpOYTJndlRXSTBWV1Y1VERoak1rRnFNbGh3WTJFNVpEWXdTd28xTTI1SlowNXVVVVZTTmxCVWVsQjVlRXhqWVVoUFFsZGFPVWxZY0RaMFNsZEVLMlJ2V2xWR1dFWktTMlJJT1U1bVVGTjFaeXMxVVhrdldTdGtNVkJsQ2t4dVMxbFFSbnBCYTNaT00yRkpVVTAxTUVkcWFUbG1XSHBrTlZSQ1pWRkZhamxLTm1vNFNuZ3dia3AxTmxwMk1GcERMMDl6Y2paSGJIbFVObVZTY0VVS2MzUktaSE5XU1hrM0wyMVBTalJ2WjB0WlMydDRlWFJDUzNSNmVEYzJjR2cyZFZGTmFVWjZhMDluUTB4dWN6ZGxZa3A1YVVFM1VtNXVRV2MwU21OQk5BcE9MelZqUzBscVpYaERUbEJoVUdKa1pYSjFRM1ZOZWtsdFpVdFNkRGd6U2tNd05EaDNlVWROWkhBeVRFRmlTVE5GUlhGcFJsWlpkRFF6Y0dselptMWtDbmMxWkcxWE0zQnBlbWx5TkZKNE5XWkJaMEpRZEdWdFFYWkRUbXBsY0dONFMwbDNRM3B3VUVvMmEwaDFNM1ZwYWpFcldYaExlazlzZG1FemVFTndiMGNLWTJab1pEWnRZWEJ6YTFVd01YZElRM0pPWlhKS1NYUTNjMmhCUjB3ck5rdEpNV052WW1NelF6SlBNM2RhUTB0aVdrVXdMM28wTlZGWVIwbERaemRYYkFwRlNGa3pPSEpwVkROVWRGRlZNeTkyZGtkR1dERkxhbEo0VVVkYVZ6SlZRMHg1YmtseGNXbE5URXhKU1RsTlUyVk5NM2s1TDI1S2QyNTNZMFJVZEhvMkNuRnNSVFZpVlcxNFMwaFpXWFphZVhGM1EweHhSR2hPT0ZGemNWTkNOM2xzUWpCTGFVNXRkRGxLYlVKMFkyRjZaVkZWVXpKNVRqWlFVR2g1Y2tSS1YzWUtNbFp1ZDFKaWFtZG5XbmRvV2k5RWJtcFBiSFZRY0dFMlMwMDJZVEJCT0RCMGQzQXJhakprVmtGU2EwaEtjVEpQV0N0UFFVczJhR1kxYTJoWFlrMW9aQXBWWVhGU1UzSnJUMFZxWVdjM1pWSmhaRWhHYm1WTGRXUmtNbFJrVFROV1VVUmxZa2xSV2tSek1HTXhlVTE1UzIxUlVVdERRVkZGUVhsS05WUjVSVFp6Q2pCdGVWYzRVRXBQZFdoNWJFcFFZa0ZOYjFCRVFVeEVVVEJ5U2poVlkzRnJUVmh3YzJsUWRWSXdiMnBzWVdjM04wUkhPVWQ0UzNoaGJqSkxia1pxVUZNS2FrbDNSRU5XTlVoak55dGpVRTFRZDBORE1EaEhibmxLWlhGV2FHdGlNMHBFY3l0M1ZVUkxVM2xuTVVsSmJqVmlkMkpUV2xOUE4wc3hRMDVaYkV0a1dRcDVOVVZUZHpodWJWRnphR05EVTNVeGVuWk1ZMkpYUVhsSlJUZGFkMjFVWTNWNFRHdG1TbWhxUjI0eWJVNDFTbkJIYlRGWVptTjVWRzVhYUhOMksxcFpDamxJVmxSd2EweE1PRFYzSzBWMGNtUk9lREoxUW00MFNEaG5SVGxGYkZkRlVYQlVhRmhaWm1VM05VcFJOVkJzWTIxeU1GVXdTVGgwVTNoV2JtaG5NRmdLVEVGVWIwSm5lRUprVmsxR1RGQlJRbEpxYUZsalIyUnRPVkZXWTJZcmJuVjJTVTVaZVU5UVoxWmhPVEpZVVU1aVRpOUdNVWx0WVRkS2F6VXhiVFkwTXdwVVptcEtkSFpQZUUwMlVXWnVVVXREUVZGRlFYZENSMVpYV0RGdVRIWllNM0ZRYVVOblJ6bFZWSEV6U0RGa1kwUkpkelpTVWpKVU5GQktVWFZrVG5Wa0NqVlpTVlJMYms5aU0waG1laTltVkU5UlluWkphV2hzUkU1VGVqSnBiV2w2V0ZkUE9VRklhbnBuTmtrM2FWcFFZV2hoTTFwUmVqSXZWbFJ1YlRCMlZUZ0tja2R5VlV4SlozUlJNazlxWlU5RlNVa3hNVzVCTTBoRFdXRlJWbFZxWVZGMlRraEZla3A0T0ZjeWJIbzVUeTlOVkZVM2NIVlpVRXRRV0hKSk0xVndlZ3BTVG5SRVF6QnJkSFpRZDNOMFJGQllXalJVYTFNeldsb3dPRWxJY0RoWmFFaFdOSE56TWtJek1tRnVNM0E0V1ROdGVGUk5WbXh0U1ZCNFNEbEZVV2M1Q2xGc2RVWmxVVmxVUlc5WVIyTlJSbFZpVGxGcVMwRlVRVTFpU2trMFpXTlpTVU5vT1V4aWIwd3pSbE5tTW5CQ1UxcEZZa3BDVWxCVlMwdEphWFY1YkZRS1JUSkhaekUwYldvemJsYzVRbUZKTlZWUkwyWXdhVWgwVjBWbGJtNDFiazV5ZVRaaU5XY3pTRlZSUzBOQlVVSnVjRU4yUTFseGNYcDBjbVYyTWtjMVJncG9ZMFJ1VUV4aFJVbHFMMlZ1Ym01NlREVlJPRXRSVkRCTWNuWmtaRXRIWWpneU9GcG5TVEl2YldOcmEydzJibXhvTTBOelluRTVTMUJ3WW1aQmVEZEZDblJIZFVKc1VGQjJUbGhrUldNMmQwOWxWblpVYTBGc1RIQnZNeXRyU0VnelFXa3JUelpzY0RZd2RFMVNjelZQUkZSd1RsaHJURU14TUdObGR6aERRVTRLZUdwaFRqUnJMekZxY3k5RWFscDFNM2g1VTBkWlpHTkxjV3BNZVVRd1R6ZHFjMmRPUlRReFMzZHpkMlJUUlM5SFltUldXWFZwWVdkbEwwSjNRbnBuV1FwTVZrdEJTMU5PTldOMFRGSjBaRUpwTDB4TVVsRjFObXdyZDFsSFlrMW5SMWRxSzBOWGVsTXhSMEpQYkhaNVNESkdVMDgzVWtFMFFtaHlUbUpXU0N0SkNtNW9RV2hpYUd0MVluSk9OWFJ0UjJoSFZtb3hSME5TYlhKVVFubzRRVEpaUm5GS0sxbE9jVU5LZWt0T1UwTmtUa2hsUm5sUlQyd3ZWbHBVV0N0RlRrY0tWek5oWkVGdlNVSkJRbVF4ZW13eFNUaFJTMDlpY25KSU5rRkVVMGRIVlc0eWRVaHRlVzAxVFhsRVowWlJSVVFyUWtwTGJtaExhbFU0TkhoaE5Vc3pVUXBTVWtFdlFqZGhSblp0UVVnMUszRnNNMFpPV25GS1lpdHhUVnBYTHpjclZGbEdlRlZ1TDNReVIySlRXalZVV0N0NFdTODRMMjVWT0RoNksyaFFielJrQ25KSmEwZFROVEIxVDI1bU1GQkVOelk0VGxCRE9FaHFkakJ0Tnk5eGFucHpTelJ4SzJjMlJIQjNObWw1VkZaRGJrZzRVRkExVkdGRE5XSlRTMDF5YTBRS2QwWTBaV1YyUVdSRWJHMWtWV2x0U1dGTVJEUm9XRVF4TkU1WWEwMWFPVE52UmxaM05EZG1aMjFZYW5Wd1RFc3paWE5pUzNvNWFUaEllR2xEVVc1QlpncDNVRnB4Y1VOd1J6SjVhRE5PUW1Ga05WVk5ZVzVDY2twa01HcFFhMk5XVHpOT2RYZG9lUzlUWVZwc2FVczJZblUzZG10WVpXaDBRemhKWlVSUE1qTm1DbmxpTDFoaFpFeGFPRzltVkU1M09YbGhVMjlaWld0UmMyMUZVa2xoU2tWRFoyZEZRV1ZIVVUwMGVpOXlhM2RPWVVOTU9VRkdSWGgxWjFKclMxRkNlV3NLZGxBdlJsZDZSMFk0YldOQlQxRTBOSGxNTURSMEwySkxjbWxVU1dGTmVYQnZjMmRQTjNwRFNHNXVhMGxOZVRSdFlrdHpOVWhhTlhOSmFVUlBMekJCVVFwVmRFeENjWE5MVEdweVZsQk5NWEpuUkZoQ1dXRTFUelJpVkZOdlFqRjFhR0pRWjA1UmJEZG9LMnhTUVRBMmRXcFBjMGxGV0Vrd2NUZzVSRmh2TmpONENqTjVSRU5UWWxCQmFUYzFlRU5RTVZCNlJXdDBSbTVWUzJGcVF6RlZOamQyUkhsbGFqWXZjRkUyTkZaRWNFdG1LMFJxVVRob1Z5OW1ZVTF2WjBsVU5rUUtSMVkyY2xoQ01XWjBTRU40YjFRNU5Fa3JNa040VDI5VWNVOTJWekV2V21ad2NUUktVbGhuYVRsck9VbGxRekZET0hKRmNIWnNjbUptT1dKbVZqZDVOZ3BFTTI1MmRrOVFkVFZGZEN0S2NHaG5SU3RMU1VGV01sWXlialZVWmxGdlZrTnlhbVoyUWxsR1lYSXpNbUY2ZUdSbFYxTlhVMUl2Y0VKM1BUMEtMUzB0TFMxRlRrUWdVbE5CSUZCU1NWWkJWRVVnUzBWWkxTMHRMUzBLCiAgICB0b2tlbjogZjViY2ZjZjFkMmM3ZjVlOTUxZDAyMThkYjFiOThjNTBlZTI4MmY1ODQ5YWFkMjIyYzY3NGE2NTA0Nzc3Mjg1MDgzNmVlNjQ3MzYxNmRlOGM1NGM0OGY0ZDc4NmNhZGIyZTVmNWE2YTg3NWE0MWViMDQ1ZThjZDk2ZGJkNmQyYTAK\"\n
        \  }\n  ]\n }"
    headers:
      cache-control:
      - no-cache
      content-length:
      - '13072'
      content-type:
      - application/json
      date:
      - Tue, 30 Aug 2022 04:17:08 GMT
      expires:
      - '-1'
      pragma:
      - no-cache
      server:
      - nginx
      strict-transport-security:
      - max-age=31536000; includeSubDomains
      transfer-encoding:
      - chunked
      vary:
      - Accept-Encoding
      x-content-type-options:
      - nosniff
      x-ms-ratelimit-remaining-subscription-writes:
      - '1198'
    status:
      code: 200
      message: OK
- request:
    body: null
    headers:
      Accept:
      - application/json
      Accept-Encoding:
      - gzip, deflate
      CommandName:
      - aks update
      Connection:
      - keep-alive
      ParameterSetName:
      - -g -n --load-balancer-outbound-ip-prefixes
      User-Agent:
      - AZURECLI/2.39.0 azsdk-python-azure-mgmt-containerservice/20.3.0 Python/3.8.10
        (Linux-5.15.0-1017-azure-x86_64-with-glibc2.29)
    method: GET
    uri: https://management.azure.com/subscriptions/00000000-0000-0000-0000-000000000000/resourceGroups/clitest000001/providers/Microsoft.ContainerService/managedClusters/cliakstest000001?api-version=2022-09-01
  response:
    body:
      string: "{\n  \"id\": \"/subscriptions/00000000-0000-0000-0000-000000000000/resourcegroups/clitest000001/providers/Microsoft.ContainerService/managedClusters/cliakstest000001\",\n
        \ \"location\": \"westus2\",\n  \"name\": \"cliakstest000001\",\n  \"type\":
        \"Microsoft.ContainerService/ManagedClusters\",\n  \"properties\": {\n   \"provisioningState\":
        \"Succeeded\",\n   \"powerState\": {\n    \"code\": \"Running\"\n   },\n   \"kubernetesVersion\":
        \"1.23.8\",\n   \"currentKubernetesVersion\": \"1.23.8\",\n   \"dnsPrefix\":
        \"cliaksdns000004\",\n   \"fqdn\": \"cliaksdns000004-a468a546.hcp.westus2.azmk8s.io\",\n
        \  \"azurePortalFQDN\": \"cliaksdns000004-a468a546.portal.hcp.westus2.azmk8s.io\",\n
        \  \"agentPoolProfiles\": [\n    {\n     \"name\": \"nodepool1\",\n     \"count\":
        1,\n     \"vmSize\": \"Standard_DS2_v2\",\n     \"osDiskSizeGB\": 128,\n     \"osDiskType\":
        \"Managed\",\n     \"kubeletDiskType\": \"OS\",\n     \"maxPods\": 110,\n
        \    \"type\": \"VirtualMachineScaleSets\",\n     \"enableAutoScaling\": false,\n
        \    \"provisioningState\": \"Succeeded\",\n     \"powerState\": {\n      \"code\":
        \"Running\"\n     },\n     \"orchestratorVersion\": \"1.23.8\",\n     \"currentOrchestratorVersion\":
        \"1.23.8\",\n     \"enableNodePublicIP\": false,\n     \"mode\": \"System\",\n
        \    \"enableEncryptionAtHost\": false,\n     \"enableUltraSSD\": false,\n
        \    \"osType\": \"Linux\",\n     \"osSKU\": \"Ubuntu\",\n     \"nodeImageVersion\":
        \"AKSUbuntu-1804gen2containerd-2022.08.10\",\n     \"upgradeSettings\": {},\n
        \    \"enableFIPS\": false\n    }\n   ],\n   \"linuxProfile\": {\n    \"adminUsername\":
        \"azureuser\",\n    \"ssh\": {\n     \"publicKeys\": [\n      {\n       \"keyData\":
        \"ssh-rsa AAAAB3NzaC1yc2EAAAADAQABAAABAQDaNPXUd0mbTXJ4I+KFW5KzIPimUfbKGXZfsy0eKGvO3C6X4gBRTshaUPnNLjvLd/K2G0r/aO73Tt9f0glUt39cwNchM8fnT+yYM0Sy3zax6VvqNuergfqa8dawP9fMC2nEo03ZleI7tOI/sFrHVuhzUSViWtXlI/O8MzXfGEDq2fQJ0y2LZC8tGquoqiJRuuo59/+wZazpkPPyU0hqwdncKx7A5fT0f1C9weC8YqkNVlQH48xB5ARpr0NLcWuWFh42ddBb9l30zEVz68KWn/FjP4Za0OjUmy+XH8bY7ittFi74aY23A8Q2WbmjFppC3stm6DbJ71TZfXvWFBIE2inB
        azcli_aks_live_test@example.com\\n\"\n      }\n     ]\n    }\n   },\n   \"servicePrincipalProfile\":
        {\n    \"clientId\":\"00000000-0000-0000-0000-000000000001\"\n   },\n   \"nodeResourceGroup\":
        \"MC_clitest000001_cliakstest000001_westus2\",\n   \"enableRBAC\": true,\n
        \  \"networkProfile\": {\n    \"networkPlugin\": \"kubenet\",\n    \"loadBalancerSku\":
        \"Standard\",\n    \"loadBalancerProfile\": {\n     \"outboundIPPrefixes\":
        {\n      \"publicIPPrefixes\": [\n       {\n        \"id\": \"/subscriptions/00000000-0000-0000-0000-000000000000/resourceGroups/clitest000001/providers/Microsoft.Network/publicIPPrefixes/cliaksslbipp1000002\"\n
        \      }\n      ]\n     },\n     \"effectiveOutboundIPs\": [\n      {\n       \"id\":
        \"/subscriptions/00000000-0000-0000-0000-000000000000/resourceGroups/clitest000001/providers/Microsoft.Network/publicIPPrefixes/cliaksslbipp1000002\"\n
        \     }\n     ],\n     \"allocatedOutboundPorts\": 0,\n     \"idleTimeoutInMinutes\":
        30\n    },\n    \"podCidr\": \"10.244.0.0/16\",\n    \"serviceCidr\": \"10.0.0.0/16\",\n
        \   \"dnsServiceIP\": \"10.0.0.10\",\n    \"dockerBridgeCidr\": \"172.17.0.1/16\",\n
        \   \"outboundType\": \"loadBalancer\",\n    \"podCidrs\": [\n     \"10.244.0.0/16\"\n
        \   ],\n    \"serviceCidrs\": [\n     \"10.0.0.0/16\"\n    ],\n    \"ipFamilies\":
        [\n     \"IPv4\"\n    ]\n   },\n   \"maxAgentPools\": 100,\n   \"identityProfile\":
        {\n    \"kubeletidentity\": {\n     \"resourceId\": \"/subscriptions/00000000-0000-0000-0000-000000000000/resourcegroups/MC_clitest000001_cliakstest000001_westus2/providers/Microsoft.ManagedIdentity/userAssignedIdentities/cliakstest000001-agentpool\",\n
        \    \"clientId\":\"00000000-0000-0000-0000-000000000001\",\n     \"objectId\":\"00000000-0000-0000-0000-000000000001\"\n
        \   }\n   },\n   \"disableLocalAccounts\": false,\n   \"securityProfile\":
        {},\n   \"storageProfile\": {\n    \"diskCSIDriver\": {\n     \"enabled\":
        true\n    },\n    \"fileCSIDriver\": {\n     \"enabled\": true\n    },\n    \"snapshotController\":
        {\n     \"enabled\": true\n    }\n   }\n  },\n  \"identity\": {\n   \"type\":
        \"SystemAssigned\",\n   \"principalId\":\"00000000-0000-0000-0000-000000000001\",\n
        \  \"tenantId\": \"72f988bf-86f1-41af-91ab-2d7cd011db47\"\n  },\n  \"sku\":
        {\n   \"name\": \"Basic\",\n   \"tier\": \"Free\"\n  }\n }"
    headers:
      cache-control:
      - no-cache
      content-length:
      - '3995'
      content-type:
      - application/json
      date:
      - Tue, 30 Aug 2022 04:17:09 GMT
      expires:
      - '-1'
      pragma:
      - no-cache
      server:
      - nginx
      strict-transport-security:
      - max-age=31536000; includeSubDomains
      transfer-encoding:
      - chunked
      vary:
      - Accept-Encoding
      x-content-type-options:
      - nosniff
    status:
      code: 200
      message: OK
- request:
    body: '{"location": "westus2", "sku": {"name": "Basic", "tier": "Free"}, "identity":
      {"type": "SystemAssigned"}, "properties": {"kubernetesVersion": "1.23.8", "dnsPrefix":
      "cliaksdns000004", "agentPoolProfiles": [{"count": 1, "vmSize": "Standard_DS2_v2",
      "osDiskSizeGB": 128, "osDiskType": "Managed", "kubeletDiskType": "OS", "maxPods":
      110, "osType": "Linux", "osSKU": "Ubuntu", "enableAutoScaling": false, "type":
      "VirtualMachineScaleSets", "mode": "System", "orchestratorVersion": "1.23.8",
      "upgradeSettings": {}, "powerState": {"code": "Running"}, "enableNodePublicIP":
      false, "enableEncryptionAtHost": false, "enableUltraSSD": false, "enableFIPS":
      false, "name": "nodepool1"}], "linuxProfile": {"adminUsername": "azureuser",
      "ssh": {"publicKeys": [{"keyData": "ssh-rsa AAAAB3NzaC1yc2EAAAADAQABAAABAQDaNPXUd0mbTXJ4I+KFW5KzIPimUfbKGXZfsy0eKGvO3C6X4gBRTshaUPnNLjvLd/K2G0r/aO73Tt9f0glUt39cwNchM8fnT+yYM0Sy3zax6VvqNuergfqa8dawP9fMC2nEo03ZleI7tOI/sFrHVuhzUSViWtXlI/O8MzXfGEDq2fQJ0y2LZC8tGquoqiJRuuo59/+wZazpkPPyU0hqwdncKx7A5fT0f1C9weC8YqkNVlQH48xB5ARpr0NLcWuWFh42ddBb9l30zEVz68KWn/FjP4Za0OjUmy+XH8bY7ittFi74aY23A8Q2WbmjFppC3stm6DbJ71TZfXvWFBIE2inB
      azcli_aks_live_test@example.com\n"}]}}, "servicePrincipalProfile": {"clientId":"00000000-0000-0000-0000-000000000001"},
      "nodeResourceGroup": "MC_clitest000001_cliakstest000001_westus2", "enableRBAC":
      true, "networkProfile": {"networkPlugin": "kubenet", "podCidr": "10.244.0.0/16",
      "serviceCidr": "10.0.0.0/16", "dnsServiceIP": "10.0.0.10", "dockerBridgeCidr":
      "172.17.0.1/16", "outboundType": "loadBalancer", "loadBalancerSku": "Standard",
      "loadBalancerProfile": {"outboundIPPrefixes": {"publicIPPrefixes": [{"id": "/subscriptions/00000000-0000-0000-0000-000000000000/resourceGroups/clitest000001/providers/Microsoft.Network/publicIPPrefixes/cliaksslbipp1000002"},
      {"id": "/subscriptions/00000000-0000-0000-0000-000000000000/resourceGroups/clitest000001/providers/Microsoft.Network/publicIPPrefixes/cliaksslbipp2000003"}]},
      "effectiveOutboundIPs": [{"id": "/subscriptions/00000000-0000-0000-0000-000000000000/resourceGroups/clitest000001/providers/Microsoft.Network/publicIPPrefixes/cliaksslbipp1000002"}],
      "allocatedOutboundPorts": 0, "idleTimeoutInMinutes": 30}, "podCidrs": ["10.244.0.0/16"],
      "serviceCidrs": ["10.0.0.0/16"], "ipFamilies": ["IPv4"]}, "identityProfile":
      {"kubeletidentity": {"resourceId": "/subscriptions/00000000-0000-0000-0000-000000000000/resourcegroups/MC_clitest000001_cliakstest000001_westus2/providers/Microsoft.ManagedIdentity/userAssignedIdentities/cliakstest000001-agentpool",
      "clientId":"00000000-0000-0000-0000-000000000001", "objectId":"00000000-0000-0000-0000-000000000001"}},
      "disableLocalAccounts": false, "securityProfile": {}, "storageProfile": {"diskCSIDriver":
      {"enabled": true}, "fileCSIDriver": {"enabled": true}, "snapshotController":
      {"enabled": true}}}}'
    headers:
      Accept:
      - application/json
      Accept-Encoding:
      - gzip, deflate
      CommandName:
      - aks update
      Connection:
      - keep-alive
      Content-Length:
      - '2837'
      Content-Type:
      - application/json
      ParameterSetName:
      - -g -n --load-balancer-outbound-ip-prefixes
      User-Agent:
      - AZURECLI/2.39.0 azsdk-python-azure-mgmt-containerservice/20.3.0 Python/3.8.10
        (Linux-5.15.0-1017-azure-x86_64-with-glibc2.29)
    method: PUT
    uri: https://management.azure.com/subscriptions/00000000-0000-0000-0000-000000000000/resourceGroups/clitest000001/providers/Microsoft.ContainerService/managedClusters/cliakstest000001?api-version=2022-09-01
  response:
    body:
      string: "{\n  \"id\": \"/subscriptions/00000000-0000-0000-0000-000000000000/resourcegroups/clitest000001/providers/Microsoft.ContainerService/managedClusters/cliakstest000001\",\n
        \ \"location\": \"westus2\",\n  \"name\": \"cliakstest000001\",\n  \"type\":
        \"Microsoft.ContainerService/ManagedClusters\",\n  \"properties\": {\n   \"provisioningState\":
        \"Updating\",\n   \"powerState\": {\n    \"code\": \"Running\"\n   },\n   \"kubernetesVersion\":
        \"1.23.8\",\n   \"currentKubernetesVersion\": \"1.23.8\",\n   \"dnsPrefix\":
        \"cliaksdns000004\",\n   \"fqdn\": \"cliaksdns000004-a468a546.hcp.westus2.azmk8s.io\",\n
        \  \"azurePortalFQDN\": \"cliaksdns000004-a468a546.portal.hcp.westus2.azmk8s.io\",\n
        \  \"agentPoolProfiles\": [\n    {\n     \"name\": \"nodepool1\",\n     \"count\":
        1,\n     \"vmSize\": \"Standard_DS2_v2\",\n     \"osDiskSizeGB\": 128,\n     \"osDiskType\":
        \"Managed\",\n     \"kubeletDiskType\": \"OS\",\n     \"maxPods\": 110,\n
        \    \"type\": \"VirtualMachineScaleSets\",\n     \"enableAutoScaling\": false,\n
        \    \"provisioningState\": \"Updating\",\n     \"powerState\": {\n      \"code\":
        \"Running\"\n     },\n     \"orchestratorVersion\": \"1.23.8\",\n     \"currentOrchestratorVersion\":
        \"1.23.8\",\n     \"enableNodePublicIP\": false,\n     \"mode\": \"System\",\n
        \    \"enableEncryptionAtHost\": false,\n     \"enableUltraSSD\": false,\n
        \    \"osType\": \"Linux\",\n     \"osSKU\": \"Ubuntu\",\n     \"nodeImageVersion\":
        \"AKSUbuntu-1804gen2containerd-2022.08.10\",\n     \"upgradeSettings\": {},\n
        \    \"enableFIPS\": false\n    }\n   ],\n   \"linuxProfile\": {\n    \"adminUsername\":
        \"azureuser\",\n    \"ssh\": {\n     \"publicKeys\": [\n      {\n       \"keyData\":
        \"ssh-rsa AAAAB3NzaC1yc2EAAAADAQABAAABAQDaNPXUd0mbTXJ4I+KFW5KzIPimUfbKGXZfsy0eKGvO3C6X4gBRTshaUPnNLjvLd/K2G0r/aO73Tt9f0glUt39cwNchM8fnT+yYM0Sy3zax6VvqNuergfqa8dawP9fMC2nEo03ZleI7tOI/sFrHVuhzUSViWtXlI/O8MzXfGEDq2fQJ0y2LZC8tGquoqiJRuuo59/+wZazpkPPyU0hqwdncKx7A5fT0f1C9weC8YqkNVlQH48xB5ARpr0NLcWuWFh42ddBb9l30zEVz68KWn/FjP4Za0OjUmy+XH8bY7ittFi74aY23A8Q2WbmjFppC3stm6DbJ71TZfXvWFBIE2inB
        azcli_aks_live_test@example.com\\n\"\n      }\n     ]\n    }\n   },\n   \"servicePrincipalProfile\":
        {\n    \"clientId\":\"00000000-0000-0000-0000-000000000001\"\n   },\n   \"nodeResourceGroup\":
        \"MC_clitest000001_cliakstest000001_westus2\",\n   \"enableRBAC\": true,\n
        \  \"networkProfile\": {\n    \"networkPlugin\": \"kubenet\",\n    \"loadBalancerSku\":
        \"Standard\",\n    \"loadBalancerProfile\": {\n     \"outboundIPPrefixes\":
        {\n      \"publicIPPrefixes\": [\n       {\n        \"id\": \"/subscriptions/00000000-0000-0000-0000-000000000000/resourceGroups/clitest000001/providers/Microsoft.Network/publicIPPrefixes/cliaksslbipp1000002\"\n
        \      },\n       {\n        \"id\": \"/subscriptions/00000000-0000-0000-0000-000000000000/resourceGroups/clitest000001/providers/Microsoft.Network/publicIPPrefixes/cliaksslbipp2000003\"\n
        \      }\n      ]\n     },\n     \"effectiveOutboundIPs\": [\n      {\n       \"id\":
        \"/subscriptions/00000000-0000-0000-0000-000000000000/resourceGroups/clitest000001/providers/Microsoft.Network/publicIPPrefixes/cliaksslbipp1000002\"\n
        \     }\n     ],\n     \"allocatedOutboundPorts\": 0,\n     \"idleTimeoutInMinutes\":
        30\n    },\n    \"podCidr\": \"10.244.0.0/16\",\n    \"serviceCidr\": \"10.0.0.0/16\",\n
        \   \"dnsServiceIP\": \"10.0.0.10\",\n    \"dockerBridgeCidr\": \"172.17.0.1/16\",\n
        \   \"outboundType\": \"loadBalancer\",\n    \"podCidrs\": [\n     \"10.244.0.0/16\"\n
        \   ],\n    \"serviceCidrs\": [\n     \"10.0.0.0/16\"\n    ],\n    \"ipFamilies\":
        [\n     \"IPv4\"\n    ]\n   },\n   \"maxAgentPools\": 100,\n   \"identityProfile\":
        {\n    \"kubeletidentity\": {\n     \"resourceId\": \"/subscriptions/00000000-0000-0000-0000-000000000000/resourcegroups/MC_clitest000001_cliakstest000001_westus2/providers/Microsoft.ManagedIdentity/userAssignedIdentities/cliakstest000001-agentpool\",\n
        \    \"clientId\":\"00000000-0000-0000-0000-000000000001\",\n     \"objectId\":\"00000000-0000-0000-0000-000000000001\"\n
        \   }\n   },\n   \"disableLocalAccounts\": false,\n   \"securityProfile\":
        {},\n   \"storageProfile\": {\n    \"diskCSIDriver\": {\n     \"enabled\":
        true\n    },\n    \"fileCSIDriver\": {\n     \"enabled\": true\n    },\n    \"snapshotController\":
        {\n     \"enabled\": true\n    }\n   }\n  },\n  \"identity\": {\n   \"type\":
        \"SystemAssigned\",\n   \"principalId\":\"00000000-0000-0000-0000-000000000001\",\n
        \  \"tenantId\": \"72f988bf-86f1-41af-91ab-2d7cd011db47\"\n  },\n  \"sku\":
        {\n   \"name\": \"Basic\",\n   \"tier\": \"Free\"\n  }\n }"
    headers:
      azure-asyncoperation:
      - https://management.azure.com/subscriptions/00000000-0000-0000-0000-000000000000/providers/Microsoft.ContainerService/locations/westus2/operations/87a4919b-7d53-46d2-a55c-d308924ae2d5?api-version=2016-03-30
      cache-control:
      - no-cache
      content-length:
      - '4174'
      content-type:
      - application/json
      date:
      - Tue, 30 Aug 2022 04:17:12 GMT
      expires:
      - '-1'
      pragma:
      - no-cache
      server:
      - nginx
      strict-transport-security:
      - max-age=31536000; includeSubDomains
      transfer-encoding:
      - chunked
      vary:
      - Accept-Encoding
      x-content-type-options:
      - nosniff
      x-ms-ratelimit-remaining-subscription-writes:
      - '1196'
    status:
      code: 200
      message: OK
- request:
    body: null
    headers:
      Accept:
      - '*/*'
      Accept-Encoding:
      - gzip, deflate
      CommandName:
      - aks update
      Connection:
      - keep-alive
      ParameterSetName:
      - -g -n --load-balancer-outbound-ip-prefixes
      User-Agent:
      - AZURECLI/2.39.0 azsdk-python-azure-mgmt-containerservice/20.3.0 Python/3.8.10
        (Linux-5.15.0-1017-azure-x86_64-with-glibc2.29)
    method: GET
    uri: https://management.azure.com/subscriptions/00000000-0000-0000-0000-000000000000/providers/Microsoft.ContainerService/locations/westus2/operations/87a4919b-7d53-46d2-a55c-d308924ae2d5?api-version=2016-03-30
  response:
    body:
      string: "{\n  \"name\": \"9b91a487-537d-d246-a55c-d308924ae2d5\",\n  \"status\":
        \"InProgress\",\n  \"startTime\": \"2022-08-30T04:17:12.4809558Z\"\n }"
    headers:
      cache-control:
      - no-cache
      content-length:
      - '126'
      content-type:
      - application/json
      date:
      - Tue, 30 Aug 2022 04:17:42 GMT
      expires:
      - '-1'
      pragma:
      - no-cache
      server:
      - nginx
      strict-transport-security:
      - max-age=31536000; includeSubDomains
      transfer-encoding:
      - chunked
      vary:
      - Accept-Encoding
      x-content-type-options:
      - nosniff
    status:
      code: 200
      message: OK
- request:
    body: null
    headers:
      Accept:
      - '*/*'
      Accept-Encoding:
      - gzip, deflate
      CommandName:
      - aks update
      Connection:
      - keep-alive
      ParameterSetName:
      - -g -n --load-balancer-outbound-ip-prefixes
      User-Agent:
      - AZURECLI/2.39.0 azsdk-python-azure-mgmt-containerservice/20.3.0 Python/3.8.10
        (Linux-5.15.0-1017-azure-x86_64-with-glibc2.29)
    method: GET
    uri: https://management.azure.com/subscriptions/00000000-0000-0000-0000-000000000000/providers/Microsoft.ContainerService/locations/westus2/operations/87a4919b-7d53-46d2-a55c-d308924ae2d5?api-version=2016-03-30
  response:
    body:
      string: "{\n  \"name\": \"9b91a487-537d-d246-a55c-d308924ae2d5\",\n  \"status\":
        \"InProgress\",\n  \"startTime\": \"2022-08-30T04:17:12.4809558Z\"\n }"
    headers:
      cache-control:
      - no-cache
      content-length:
      - '126'
      content-type:
      - application/json
      date:
      - Tue, 30 Aug 2022 04:18:12 GMT
      expires:
      - '-1'
      pragma:
      - no-cache
      server:
      - nginx
      strict-transport-security:
      - max-age=31536000; includeSubDomains
      transfer-encoding:
      - chunked
      vary:
      - Accept-Encoding
      x-content-type-options:
      - nosniff
    status:
      code: 200
      message: OK
- request:
    body: null
    headers:
      Accept:
      - '*/*'
      Accept-Encoding:
      - gzip, deflate
      CommandName:
      - aks update
      Connection:
      - keep-alive
      ParameterSetName:
      - -g -n --load-balancer-outbound-ip-prefixes
      User-Agent:
      - AZURECLI/2.39.0 azsdk-python-azure-mgmt-containerservice/20.3.0 Python/3.8.10
        (Linux-5.15.0-1017-azure-x86_64-with-glibc2.29)
    method: GET
    uri: https://management.azure.com/subscriptions/00000000-0000-0000-0000-000000000000/providers/Microsoft.ContainerService/locations/westus2/operations/87a4919b-7d53-46d2-a55c-d308924ae2d5?api-version=2016-03-30
  response:
    body:
      string: "{\n  \"name\": \"9b91a487-537d-d246-a55c-d308924ae2d5\",\n  \"status\":
        \"InProgress\",\n  \"startTime\": \"2022-08-30T04:17:12.4809558Z\"\n }"
    headers:
      cache-control:
      - no-cache
      content-length:
      - '126'
      content-type:
      - application/json
      date:
      - Tue, 30 Aug 2022 04:18:41 GMT
      expires:
      - '-1'
      pragma:
      - no-cache
      server:
      - nginx
      strict-transport-security:
      - max-age=31536000; includeSubDomains
      transfer-encoding:
      - chunked
      vary:
      - Accept-Encoding
      x-content-type-options:
      - nosniff
    status:
      code: 200
      message: OK
- request:
    body: null
    headers:
      Accept:
      - '*/*'
      Accept-Encoding:
      - gzip, deflate
      CommandName:
      - aks update
      Connection:
      - keep-alive
      ParameterSetName:
      - -g -n --load-balancer-outbound-ip-prefixes
      User-Agent:
      - AZURECLI/2.39.0 azsdk-python-azure-mgmt-containerservice/20.3.0 Python/3.8.10
        (Linux-5.15.0-1017-azure-x86_64-with-glibc2.29)
    method: GET
    uri: https://management.azure.com/subscriptions/00000000-0000-0000-0000-000000000000/providers/Microsoft.ContainerService/locations/westus2/operations/87a4919b-7d53-46d2-a55c-d308924ae2d5?api-version=2016-03-30
  response:
    body:
      string: "{\n  \"name\": \"9b91a487-537d-d246-a55c-d308924ae2d5\",\n  \"status\":
        \"Succeeded\",\n  \"startTime\": \"2022-08-30T04:17:12.4809558Z\",\n  \"endTime\":
        \"2022-08-30T04:18:47.3376535Z\"\n }"
    headers:
      cache-control:
      - no-cache
      content-length:
      - '170'
      content-type:
      - application/json
      date:
      - Tue, 30 Aug 2022 04:19:12 GMT
      expires:
      - '-1'
      pragma:
      - no-cache
      server:
      - nginx
      strict-transport-security:
      - max-age=31536000; includeSubDomains
      transfer-encoding:
      - chunked
      vary:
      - Accept-Encoding
      x-content-type-options:
      - nosniff
    status:
      code: 200
      message: OK
- request:
    body: null
    headers:
      Accept:
      - '*/*'
      Accept-Encoding:
      - gzip, deflate
      CommandName:
      - aks update
      Connection:
      - keep-alive
      ParameterSetName:
      - -g -n --load-balancer-outbound-ip-prefixes
      User-Agent:
      - AZURECLI/2.39.0 azsdk-python-azure-mgmt-containerservice/20.3.0 Python/3.8.10
        (Linux-5.15.0-1017-azure-x86_64-with-glibc2.29)
    method: GET
    uri: https://management.azure.com/subscriptions/00000000-0000-0000-0000-000000000000/resourceGroups/clitest000001/providers/Microsoft.ContainerService/managedClusters/cliakstest000001?api-version=2022-09-01
  response:
    body:
      string: "{\n  \"id\": \"/subscriptions/00000000-0000-0000-0000-000000000000/resourcegroups/clitest000001/providers/Microsoft.ContainerService/managedClusters/cliakstest000001\",\n
        \ \"location\": \"westus2\",\n  \"name\": \"cliakstest000001\",\n  \"type\":
        \"Microsoft.ContainerService/ManagedClusters\",\n  \"properties\": {\n   \"provisioningState\":
        \"Succeeded\",\n   \"powerState\": {\n    \"code\": \"Running\"\n   },\n   \"kubernetesVersion\":
        \"1.23.8\",\n   \"currentKubernetesVersion\": \"1.23.8\",\n   \"dnsPrefix\":
        \"cliaksdns000004\",\n   \"fqdn\": \"cliaksdns000004-a468a546.hcp.westus2.azmk8s.io\",\n
        \  \"azurePortalFQDN\": \"cliaksdns000004-a468a546.portal.hcp.westus2.azmk8s.io\",\n
        \  \"agentPoolProfiles\": [\n    {\n     \"name\": \"nodepool1\",\n     \"count\":
        1,\n     \"vmSize\": \"Standard_DS2_v2\",\n     \"osDiskSizeGB\": 128,\n     \"osDiskType\":
        \"Managed\",\n     \"kubeletDiskType\": \"OS\",\n     \"maxPods\": 110,\n
        \    \"type\": \"VirtualMachineScaleSets\",\n     \"enableAutoScaling\": false,\n
        \    \"provisioningState\": \"Succeeded\",\n     \"powerState\": {\n      \"code\":
        \"Running\"\n     },\n     \"orchestratorVersion\": \"1.23.8\",\n     \"currentOrchestratorVersion\":
        \"1.23.8\",\n     \"enableNodePublicIP\": false,\n     \"mode\": \"System\",\n
        \    \"enableEncryptionAtHost\": false,\n     \"enableUltraSSD\": false,\n
        \    \"osType\": \"Linux\",\n     \"osSKU\": \"Ubuntu\",\n     \"nodeImageVersion\":
        \"AKSUbuntu-1804gen2containerd-2022.08.10\",\n     \"upgradeSettings\": {},\n
        \    \"enableFIPS\": false\n    }\n   ],\n   \"linuxProfile\": {\n    \"adminUsername\":
        \"azureuser\",\n    \"ssh\": {\n     \"publicKeys\": [\n      {\n       \"keyData\":
        \"ssh-rsa AAAAB3NzaC1yc2EAAAADAQABAAABAQDaNPXUd0mbTXJ4I+KFW5KzIPimUfbKGXZfsy0eKGvO3C6X4gBRTshaUPnNLjvLd/K2G0r/aO73Tt9f0glUt39cwNchM8fnT+yYM0Sy3zax6VvqNuergfqa8dawP9fMC2nEo03ZleI7tOI/sFrHVuhzUSViWtXlI/O8MzXfGEDq2fQJ0y2LZC8tGquoqiJRuuo59/+wZazpkPPyU0hqwdncKx7A5fT0f1C9weC8YqkNVlQH48xB5ARpr0NLcWuWFh42ddBb9l30zEVz68KWn/FjP4Za0OjUmy+XH8bY7ittFi74aY23A8Q2WbmjFppC3stm6DbJ71TZfXvWFBIE2inB
        azcli_aks_live_test@example.com\\n\"\n      }\n     ]\n    }\n   },\n   \"servicePrincipalProfile\":
        {\n    \"clientId\":\"00000000-0000-0000-0000-000000000001\"\n   },\n   \"nodeResourceGroup\":
        \"MC_clitest000001_cliakstest000001_westus2\",\n   \"enableRBAC\": true,\n
        \  \"networkProfile\": {\n    \"networkPlugin\": \"kubenet\",\n    \"loadBalancerSku\":
        \"Standard\",\n    \"loadBalancerProfile\": {\n     \"outboundIPPrefixes\":
        {\n      \"publicIPPrefixes\": [\n       {\n        \"id\": \"/subscriptions/00000000-0000-0000-0000-000000000000/resourceGroups/clitest000001/providers/Microsoft.Network/publicIPPrefixes/cliaksslbipp1000002\"\n
        \      },\n       {\n        \"id\": \"/subscriptions/00000000-0000-0000-0000-000000000000/resourceGroups/clitest000001/providers/Microsoft.Network/publicIPPrefixes/cliaksslbipp2000003\"\n
        \      }\n      ]\n     },\n     \"effectiveOutboundIPs\": [\n      {\n       \"id\":
        \"/subscriptions/00000000-0000-0000-0000-000000000000/resourceGroups/clitest000001/providers/Microsoft.Network/publicIPPrefixes/cliaksslbipp2000003\"\n
        \     },\n      {\n       \"id\": \"/subscriptions/00000000-0000-0000-0000-000000000000/resourceGroups/clitest000001/providers/Microsoft.Network/publicIPPrefixes/cliaksslbipp1000002\"\n
        \     }\n     ],\n     \"allocatedOutboundPorts\": 0,\n     \"idleTimeoutInMinutes\":
        30\n    },\n    \"podCidr\": \"10.244.0.0/16\",\n    \"serviceCidr\": \"10.0.0.0/16\",\n
        \   \"dnsServiceIP\": \"10.0.0.10\",\n    \"dockerBridgeCidr\": \"172.17.0.1/16\",\n
        \   \"outboundType\": \"loadBalancer\",\n    \"podCidrs\": [\n     \"10.244.0.0/16\"\n
        \   ],\n    \"serviceCidrs\": [\n     \"10.0.0.0/16\"\n    ],\n    \"ipFamilies\":
        [\n     \"IPv4\"\n    ]\n   },\n   \"maxAgentPools\": 100,\n   \"identityProfile\":
        {\n    \"kubeletidentity\": {\n     \"resourceId\": \"/subscriptions/00000000-0000-0000-0000-000000000000/resourcegroups/MC_clitest000001_cliakstest000001_westus2/providers/Microsoft.ManagedIdentity/userAssignedIdentities/cliakstest000001-agentpool\",\n
        \    \"clientId\":\"00000000-0000-0000-0000-000000000001\",\n     \"objectId\":\"00000000-0000-0000-0000-000000000001\"\n
        \   }\n   },\n   \"disableLocalAccounts\": false,\n   \"securityProfile\":
        {},\n   \"storageProfile\": {\n    \"diskCSIDriver\": {\n     \"enabled\":
        true\n    },\n    \"fileCSIDriver\": {\n     \"enabled\": true\n    },\n    \"snapshotController\":
        {\n     \"enabled\": true\n    }\n   }\n  },\n  \"identity\": {\n   \"type\":
        \"SystemAssigned\",\n   \"principalId\":\"00000000-0000-0000-0000-000000000001\",\n
        \  \"tenantId\": \"72f988bf-86f1-41af-91ab-2d7cd011db47\"\n  },\n  \"sku\":
        {\n   \"name\": \"Basic\",\n   \"tier\": \"Free\"\n  }\n }"
    headers:
      cache-control:
      - no-cache
      content-length:
      - '4354'
      content-type:
      - application/json
      date:
      - Tue, 30 Aug 2022 04:19:13 GMT
      expires:
      - '-1'
      pragma:
      - no-cache
      server:
      - nginx
      strict-transport-security:
      - max-age=31536000; includeSubDomains
      transfer-encoding:
      - chunked
      vary:
      - Accept-Encoding
      x-content-type-options:
      - nosniff
    status:
      code: 200
      message: OK
- request:
    body: null
    headers:
      Accept:
      - application/json
      Accept-Encoding:
      - gzip, deflate
      CommandName:
      - aks show
      Connection:
      - keep-alive
      ParameterSetName:
      - -g -n
      User-Agent:
      - AZURECLI/2.39.0 azsdk-python-azure-mgmt-containerservice/20.3.0 Python/3.8.10
        (Linux-5.15.0-1017-azure-x86_64-with-glibc2.29)
    method: GET
    uri: https://management.azure.com/subscriptions/00000000-0000-0000-0000-000000000000/resourceGroups/clitest000001/providers/Microsoft.ContainerService/managedClusters/cliakstest000001?api-version=2022-09-01
  response:
    body:
      string: "{\n  \"id\": \"/subscriptions/00000000-0000-0000-0000-000000000000/resourcegroups/clitest000001/providers/Microsoft.ContainerService/managedClusters/cliakstest000001\",\n
        \ \"location\": \"westus2\",\n  \"name\": \"cliakstest000001\",\n  \"type\":
        \"Microsoft.ContainerService/ManagedClusters\",\n  \"properties\": {\n   \"provisioningState\":
        \"Succeeded\",\n   \"powerState\": {\n    \"code\": \"Running\"\n   },\n   \"kubernetesVersion\":
        \"1.23.8\",\n   \"currentKubernetesVersion\": \"1.23.8\",\n   \"dnsPrefix\":
        \"cliaksdns000004\",\n   \"fqdn\": \"cliaksdns000004-a468a546.hcp.westus2.azmk8s.io\",\n
        \  \"azurePortalFQDN\": \"cliaksdns000004-a468a546.portal.hcp.westus2.azmk8s.io\",\n
        \  \"agentPoolProfiles\": [\n    {\n     \"name\": \"nodepool1\",\n     \"count\":
        1,\n     \"vmSize\": \"Standard_DS2_v2\",\n     \"osDiskSizeGB\": 128,\n     \"osDiskType\":
        \"Managed\",\n     \"kubeletDiskType\": \"OS\",\n     \"maxPods\": 110,\n
        \    \"type\": \"VirtualMachineScaleSets\",\n     \"enableAutoScaling\": false,\n
        \    \"provisioningState\": \"Succeeded\",\n     \"powerState\": {\n      \"code\":
        \"Running\"\n     },\n     \"orchestratorVersion\": \"1.23.8\",\n     \"currentOrchestratorVersion\":
        \"1.23.8\",\n     \"enableNodePublicIP\": false,\n     \"mode\": \"System\",\n
        \    \"enableEncryptionAtHost\": false,\n     \"enableUltraSSD\": false,\n
        \    \"osType\": \"Linux\",\n     \"osSKU\": \"Ubuntu\",\n     \"nodeImageVersion\":
        \"AKSUbuntu-1804gen2containerd-2022.08.10\",\n     \"upgradeSettings\": {},\n
        \    \"enableFIPS\": false\n    }\n   ],\n   \"linuxProfile\": {\n    \"adminUsername\":
        \"azureuser\",\n    \"ssh\": {\n     \"publicKeys\": [\n      {\n       \"keyData\":
        \"ssh-rsa AAAAB3NzaC1yc2EAAAADAQABAAABAQDaNPXUd0mbTXJ4I+KFW5KzIPimUfbKGXZfsy0eKGvO3C6X4gBRTshaUPnNLjvLd/K2G0r/aO73Tt9f0glUt39cwNchM8fnT+yYM0Sy3zax6VvqNuergfqa8dawP9fMC2nEo03ZleI7tOI/sFrHVuhzUSViWtXlI/O8MzXfGEDq2fQJ0y2LZC8tGquoqiJRuuo59/+wZazpkPPyU0hqwdncKx7A5fT0f1C9weC8YqkNVlQH48xB5ARpr0NLcWuWFh42ddBb9l30zEVz68KWn/FjP4Za0OjUmy+XH8bY7ittFi74aY23A8Q2WbmjFppC3stm6DbJ71TZfXvWFBIE2inB
        azcli_aks_live_test@example.com\\n\"\n      }\n     ]\n    }\n   },\n   \"servicePrincipalProfile\":
        {\n    \"clientId\":\"00000000-0000-0000-0000-000000000001\"\n   },\n   \"nodeResourceGroup\":
        \"MC_clitest000001_cliakstest000001_westus2\",\n   \"enableRBAC\": true,\n
        \  \"networkProfile\": {\n    \"networkPlugin\": \"kubenet\",\n    \"loadBalancerSku\":
        \"Standard\",\n    \"loadBalancerProfile\": {\n     \"outboundIPPrefixes\":
        {\n      \"publicIPPrefixes\": [\n       {\n        \"id\": \"/subscriptions/00000000-0000-0000-0000-000000000000/resourceGroups/clitest000001/providers/Microsoft.Network/publicIPPrefixes/cliaksslbipp1000002\"\n
        \      },\n       {\n        \"id\": \"/subscriptions/00000000-0000-0000-0000-000000000000/resourceGroups/clitest000001/providers/Microsoft.Network/publicIPPrefixes/cliaksslbipp2000003\"\n
        \      }\n      ]\n     },\n     \"effectiveOutboundIPs\": [\n      {\n       \"id\":
        \"/subscriptions/00000000-0000-0000-0000-000000000000/resourceGroups/clitest000001/providers/Microsoft.Network/publicIPPrefixes/cliaksslbipp2000003\"\n
        \     },\n      {\n       \"id\": \"/subscriptions/00000000-0000-0000-0000-000000000000/resourceGroups/clitest000001/providers/Microsoft.Network/publicIPPrefixes/cliaksslbipp1000002\"\n
        \     }\n     ],\n     \"allocatedOutboundPorts\": 0,\n     \"idleTimeoutInMinutes\":
        30\n    },\n    \"podCidr\": \"10.244.0.0/16\",\n    \"serviceCidr\": \"10.0.0.0/16\",\n
        \   \"dnsServiceIP\": \"10.0.0.10\",\n    \"dockerBridgeCidr\": \"172.17.0.1/16\",\n
        \   \"outboundType\": \"loadBalancer\",\n    \"podCidrs\": [\n     \"10.244.0.0/16\"\n
        \   ],\n    \"serviceCidrs\": [\n     \"10.0.0.0/16\"\n    ],\n    \"ipFamilies\":
        [\n     \"IPv4\"\n    ]\n   },\n   \"maxAgentPools\": 100,\n   \"identityProfile\":
        {\n    \"kubeletidentity\": {\n     \"resourceId\": \"/subscriptions/00000000-0000-0000-0000-000000000000/resourcegroups/MC_clitest000001_cliakstest000001_westus2/providers/Microsoft.ManagedIdentity/userAssignedIdentities/cliakstest000001-agentpool\",\n
        \    \"clientId\":\"00000000-0000-0000-0000-000000000001\",\n     \"objectId\":\"00000000-0000-0000-0000-000000000001\"\n
        \   }\n   },\n   \"disableLocalAccounts\": false,\n   \"securityProfile\":
        {},\n   \"storageProfile\": {\n    \"diskCSIDriver\": {\n     \"enabled\":
        true\n    },\n    \"fileCSIDriver\": {\n     \"enabled\": true\n    },\n    \"snapshotController\":
        {\n     \"enabled\": true\n    }\n   }\n  },\n  \"identity\": {\n   \"type\":
        \"SystemAssigned\",\n   \"principalId\":\"00000000-0000-0000-0000-000000000001\",\n
        \  \"tenantId\": \"72f988bf-86f1-41af-91ab-2d7cd011db47\"\n  },\n  \"sku\":
        {\n   \"name\": \"Basic\",\n   \"tier\": \"Free\"\n  }\n }"
    headers:
      cache-control:
      - no-cache
      content-length:
      - '4354'
      content-type:
      - application/json
      date:
      - Tue, 30 Aug 2022 04:19:13 GMT
      expires:
      - '-1'
      pragma:
      - no-cache
      server:
      - nginx
      strict-transport-security:
      - max-age=31536000; includeSubDomains
      transfer-encoding:
      - chunked
      vary:
      - Accept-Encoding
      x-content-type-options:
      - nosniff
    status:
      code: 200
      message: OK
- request:
    body: null
    headers:
      Accept:
      - application/json
      Accept-Encoding:
      - gzip, deflate
      CommandName:
      - aks delete
      Connection:
      - keep-alive
      Content-Length:
      - '0'
      ParameterSetName:
      - -g -n --yes --no-wait
      User-Agent:
      - AZURECLI/2.39.0 azsdk-python-azure-mgmt-containerservice/20.3.0 Python/3.8.10
        (Linux-5.15.0-1017-azure-x86_64-with-glibc2.29)
    method: DELETE
    uri: https://management.azure.com/subscriptions/00000000-0000-0000-0000-000000000000/resourceGroups/clitest000001/providers/Microsoft.ContainerService/managedClusters/cliakstest000001?api-version=2022-09-01
  response:
    body:
      string: ''
    headers:
      azure-asyncoperation:
      - https://management.azure.com/subscriptions/00000000-0000-0000-0000-000000000000/providers/Microsoft.ContainerService/locations/westus2/operations/7673967f-e5fa-457d-841a-133454314bd0?api-version=2016-03-30
      cache-control:
      - no-cache
      content-length:
      - '0'
      date:
      - Tue, 30 Aug 2022 04:19:14 GMT
      expires:
      - '-1'
      location:
      - https://management.azure.com/subscriptions/00000000-0000-0000-0000-000000000000/providers/Microsoft.ContainerService/locations/westus2/operationresults/7673967f-e5fa-457d-841a-133454314bd0?api-version=2016-03-30
      pragma:
      - no-cache
      server:
      - nginx
      strict-transport-security:
      - max-age=31536000; includeSubDomains
      x-content-type-options:
      - nosniff
      x-ms-ratelimit-remaining-subscription-deletes:
      - '14998'
    status:
      code: 202
      message: Accepted
version: 1
