interactions:
- request:
    body: null
    headers:
      Accept:
      - application/json
      Accept-Encoding:
      - gzip, deflate
      CommandName:
      - aks get-versions
      Connection:
      - keep-alive
      ParameterSetName:
      - -l --query
      User-Agent:
      - AZURECLI/2.33.1 azsdk-python-azure-mgmt-containerservice/17.0.0 Python/3.8.10
        (Linux-5.11.0-1028-azure-x86_64-with-glibc2.29)
    method: GET
    uri: https://management.azure.com/subscriptions/00000000-0000-0000-0000-000000000000/providers/Microsoft.ContainerService/locations/westus2/orchestrators?api-version=2019-04-01&resource-type=managedClusters
  response:
    body:
      string: "{\n  \"id\": \"/subscriptions/00000000-0000-0000-0000-000000000000/providers/Microsoft.ContainerService/locations/westus2/orchestrators\",\n
        \ \"name\": \"default\",\n  \"type\": \"Microsoft.ContainerService/locations/orchestrators\",\n
        \ \"properties\": {\n   \"orchestrators\": [\n    {\n     \"orchestratorType\":
        \"Kubernetes\",\n     \"orchestratorVersion\": \"1.19.11\",\n     \"upgrades\":
        [\n      {\n       \"orchestratorType\": \"Kubernetes\",\n       \"orchestratorVersion\":
        \"1.19.13\"\n      },\n      {\n       \"orchestratorType\": \"Kubernetes\",\n
        \      \"orchestratorVersion\": \"1.20.13\"\n      },\n      {\n       \"orchestratorType\":
        \"Kubernetes\",\n       \"orchestratorVersion\": \"1.20.15\"\n      }\n     ]\n
        \   },\n    {\n     \"orchestratorType\": \"Kubernetes\",\n     \"orchestratorVersion\":
        \"1.19.13\",\n     \"upgrades\": [\n      {\n       \"orchestratorType\":
        \"Kubernetes\",\n       \"orchestratorVersion\": \"1.20.13\"\n      },\n      {\n
        \      \"orchestratorType\": \"Kubernetes\",\n       \"orchestratorVersion\":
        \"1.20.15\"\n      }\n     ]\n    },\n    {\n     \"orchestratorType\": \"Kubernetes\",\n
        \    \"orchestratorVersion\": \"1.20.13\",\n     \"upgrades\": [\n      {\n
        \      \"orchestratorType\": \"Kubernetes\",\n       \"orchestratorVersion\":
        \"1.20.15\"\n      },\n      {\n       \"orchestratorType\": \"Kubernetes\",\n
        \      \"orchestratorVersion\": \"1.21.7\"\n      },\n      {\n       \"orchestratorType\":
        \"Kubernetes\",\n       \"orchestratorVersion\": \"1.21.9\"\n      }\n     ]\n
        \   },\n    {\n     \"orchestratorType\": \"Kubernetes\",\n     \"orchestratorVersion\":
        \"1.20.15\",\n     \"upgrades\": [\n      {\n       \"orchestratorType\":
        \"Kubernetes\",\n       \"orchestratorVersion\": \"1.21.7\"\n      },\n      {\n
        \      \"orchestratorType\": \"Kubernetes\",\n       \"orchestratorVersion\":
        \"1.21.9\"\n      }\n     ]\n    },\n    {\n     \"orchestratorType\": \"Kubernetes\",\n
        \    \"orchestratorVersion\": \"1.21.7\",\n     \"upgrades\": [\n      {\n
        \      \"orchestratorType\": \"Kubernetes\",\n       \"orchestratorVersion\":
        \"1.21.9\"\n      },\n      {\n       \"orchestratorType\": \"Kubernetes\",\n
        \      \"orchestratorVersion\": \"1.22.4\"\n      },\n      {\n       \"orchestratorType\":
        \"Kubernetes\",\n       \"orchestratorVersion\": \"1.22.6\"\n      }\n     ]\n
        \   },\n    {\n     \"orchestratorType\": \"Kubernetes\",\n     \"orchestratorVersion\":
        \"1.21.9\",\n     \"default\": true,\n     \"upgrades\": [\n      {\n       \"orchestratorType\":
        \"Kubernetes\",\n       \"orchestratorVersion\": \"1.22.4\"\n      },\n      {\n
        \      \"orchestratorType\": \"Kubernetes\",\n       \"orchestratorVersion\":
        \"1.22.6\"\n      }\n     ]\n    },\n    {\n     \"orchestratorType\": \"Kubernetes\",\n
        \    \"orchestratorVersion\": \"1.22.4\",\n     \"upgrades\": [\n      {\n
        \      \"orchestratorType\": \"Kubernetes\",\n       \"orchestratorVersion\":
        \"1.22.6\"\n      },\n      {\n       \"orchestratorType\": \"Kubernetes\",\n
        \      \"orchestratorVersion\": \"1.23.3\",\n       \"isPreview\": true\n
        \     }\n     ]\n    },\n    {\n     \"orchestratorType\": \"Kubernetes\",\n
        \    \"orchestratorVersion\": \"1.22.6\",\n     \"upgrades\": [\n      {\n
        \      \"orchestratorType\": \"Kubernetes\",\n       \"orchestratorVersion\":
        \"1.23.3\",\n       \"isPreview\": true\n      }\n     ]\n    },\n    {\n
        \    \"orchestratorType\": \"Kubernetes\",\n     \"orchestratorVersion\":
        \"1.23.3\",\n     \"isPreview\": true\n    }\n   ]\n  }\n }"
    headers:
      cache-control:
      - no-cache
      content-length:
      - '3132'
      content-type:
      - application/json
      date:
      - Mon, 21 Feb 2022 08:28:31 GMT
      expires:
      - '-1'
      pragma:
      - no-cache
      server:
      - nginx
      strict-transport-security:
      - max-age=31536000; includeSubDomains
      transfer-encoding:
      - chunked
      vary:
      - Accept-Encoding
      x-content-type-options:
      - nosniff
    status:
      code: 200
      message: OK
- request:
    body: '{"location": "westus2", "tags": {"scenario_test": ""}, "properties": {"kubernetesVersion":
      "1.22.6", "dnsPrefix": "cliaksdns000004", "agentPoolProfiles": [{"count": 1,
      "vmSize": "Standard_DS2_v2", "osType": "Linux", "enableAutoScaling": false,
      "type": "VirtualMachineScaleSets", "mode": "System", "enableNodePublicIP": false,
      "scaleSetPriority": "Regular", "scaleSetEvictionPolicy": "Delete", "spotMaxPrice":
      -1.0, "enableEncryptionAtHost": false, "enableUltraSSD": false, "enableFIPS":
      false, "name": "np000005"}], "linuxProfile": {"adminUsername": "azureuser",
      "ssh": {"publicKeys": [{"keyData": "ssh-rsa AAAAB3NzaC1yc2EAAAADAQABAAABAQCkTqGRK3zmJN9ar1LkFXK3AX608uwaOVre4fFs7sYelK/wjQb9JbtBEFYeps4rk0OufUrQaH4lD5rjflE1plT0slh9PiYtmZxPLYF8Y2ZaCLXvsae6CLfYlQdssE+N+3VANXJfaCmfAUUwlBWio5VEFEKiv6uD2I9pDlldyVnXZX8DbVFiuyK3R4ALQ7OTKyIblql8ir6uPGwzK5meKs9I/ZrUPtNbrKUsyhl0khLPr+VfumUGDtgwTMhnRz1JbYpiegQdMpkB65cIXZGPsC7Nyfv78AKuDklcOfoKwmkZ1+YubPS53qOQm6baTICuN0YgYHl7MZFqrFhmpFysqoKT
      azcli_aks_live_test@example.com\n"}]}}, "servicePrincipalProfile": {"clientId":"00000000-0000-0000-0000-000000000001",
      "secret":"fake-secret"}, "addonProfiles": {}, "enableRBAC": true, "networkProfile":
      {"networkPlugin": "kubenet", "podCidr": "10.244.0.0/16", "serviceCidr": "10.0.0.0/16",
      "dnsServiceIP": "10.0.0.10", "dockerBridgeCidr": "172.17.0.1/16", "outboundType":
      "loadBalancer", "loadBalancerSku": "standard"}, "disableLocalAccounts": false}}'
    headers:
      Accept:
      - application/json
      Accept-Encoding:
      - gzip, deflate
      CommandName:
      - aks create
      Connection:
      - keep-alive
      Content-Length:
      - '1431'
      Content-Type:
      - application/json
      ParameterSetName:
      - -g -n -p --nodepool-name -l --service-principal --client-secret -k --ssh-key-value
        --tags -c
      User-Agent:
      - AZURECLI/2.33.1 azsdk-python-azure-mgmt-containerservice/17.0.0 Python/3.8.10
        (Linux-5.11.0-1028-azure-x86_64-with-glibc2.29)
    method: PUT
    uri: https://management.azure.com/subscriptions/00000000-0000-0000-0000-000000000000/resourceGroups/clitest000001/providers/Microsoft.ContainerService/managedClusters/cliakstest000003?api-version=2022-01-01
  response:
    body:
      string: "{\n  \"id\": \"/subscriptions/00000000-0000-0000-0000-000000000000/resourcegroups/clitest000001/providers/Microsoft.ContainerService/managedClusters/cliakstest000003\",\n
        \ \"location\": \"westus2\",\n  \"name\": \"cliakstest000003\",\n  \"tags\":
        {\n   \"scenario_test\": \"\"\n  },\n  \"type\": \"Microsoft.ContainerService/ManagedClusters\",\n
        \ \"properties\": {\n   \"provisioningState\": \"Creating\",\n   \"powerState\":
        {\n    \"code\": \"Running\"\n   },\n   \"kubernetesVersion\": \"1.22.6\",\n
        \  \"dnsPrefix\": \"cliaksdns000004\",\n   \"fqdn\": \"cliaksdns000004-dbba4b62.hcp.westus2.azmk8s.io\",\n
        \  \"azurePortalFQDN\": \"cliaksdns000004-dbba4b62.portal.hcp.westus2.azmk8s.io\",\n
        \  \"agentPoolProfiles\": [\n    {\n     \"name\": \"np000005\",\n     \"count\":
        1,\n     \"vmSize\": \"Standard_DS2_v2\",\n     \"osDiskSizeGB\": 128,\n     \"osDiskType\":
        \"Managed\",\n     \"kubeletDiskType\": \"OS\",\n     \"maxPods\": 110,\n
        \    \"type\": \"VirtualMachineScaleSets\",\n     \"enableAutoScaling\": false,\n
        \    \"provisioningState\": \"Creating\",\n     \"powerState\": {\n      \"code\":
        \"Running\"\n     },\n     \"orchestratorVersion\": \"1.22.6\",\n     \"enableNodePublicIP\":
        false,\n     \"mode\": \"System\",\n     \"enableEncryptionAtHost\": false,\n
        \    \"enableUltraSSD\": false,\n     \"osType\": \"Linux\",\n     \"osSKU\":
        \"Ubuntu\",\n     \"nodeImageVersion\": \"AKSUbuntu-1804gen2containerd-2022.02.01\",\n
        \    \"enableFIPS\": false\n    }\n   ],\n   \"linuxProfile\": {\n    \"adminUsername\":
        \"azureuser\",\n    \"ssh\": {\n     \"publicKeys\": [\n      {\n       \"keyData\":
        \"ssh-rsa AAAAB3NzaC1yc2EAAAADAQABAAABAQCkTqGRK3zmJN9ar1LkFXK3AX608uwaOVre4fFs7sYelK/wjQb9JbtBEFYeps4rk0OufUrQaH4lD5rjflE1plT0slh9PiYtmZxPLYF8Y2ZaCLXvsae6CLfYlQdssE+N+3VANXJfaCmfAUUwlBWio5VEFEKiv6uD2I9pDlldyVnXZX8DbVFiuyK3R4ALQ7OTKyIblql8ir6uPGwzK5meKs9I/ZrUPtNbrKUsyhl0khLPr+VfumUGDtgwTMhnRz1JbYpiegQdMpkB65cIXZGPsC7Nyfv78AKuDklcOfoKwmkZ1+YubPS53qOQm6baTICuN0YgYHl7MZFqrFhmpFysqoKT
        azcli_aks_live_test@example.com\\n\"\n      }\n     ]\n    }\n   },\n   \"servicePrincipalProfile\":
        {\n    \"clientId\":\"00000000-0000-0000-0000-000000000001\"\n   },\n   \"nodeResourceGroup\":
        \"MC_clitest000001_cliakstest000003_westus2\",\n   \"enableRBAC\": true,\n
        \  \"networkProfile\": {\n    \"networkPlugin\": \"kubenet\",\n    \"loadBalancerSku\":
        \"standard\",\n    \"loadBalancerProfile\": {\n     \"managedOutboundIPs\":
        {\n      \"count\": 1\n     }\n    },\n    \"podCidr\": \"10.244.0.0/16\",\n
        \   \"serviceCidr\": \"10.0.0.0/16\",\n    \"dnsServiceIP\": \"10.0.0.10\",\n
        \   \"dockerBridgeCidr\": \"172.17.0.1/16\",\n    \"outboundType\": \"loadBalancer\",\n
        \   \"podCidrs\": [\n     \"10.244.0.0/16\"\n    ],\n    \"serviceCidrs\":
        [\n     \"10.0.0.0/16\"\n    ],\n    \"ipFamilies\": [\n     \"IPv4\"\n    ]\n
        \  },\n   \"maxAgentPools\": 100,\n   \"disableLocalAccounts\": false\n  },\n
        \ \"sku\": {\n   \"name\": \"Basic\",\n   \"tier\": \"Free\"\n  }\n }"
    headers:
      azure-asyncoperation:
      - https://management.azure.com/subscriptions/00000000-0000-0000-0000-000000000000/providers/Microsoft.ContainerService/locations/westus2/operations/9c7b5b75-90e0-4a2a-8eb1-b7a0af152550?api-version=2016-03-30
      cache-control:
      - no-cache
      content-length:
      - '2674'
      content-type:
      - application/json
      date:
      - Mon, 21 Feb 2022 08:28:35 GMT
      expires:
      - '-1'
      pragma:
      - no-cache
      server:
      - nginx
      strict-transport-security:
      - max-age=31536000; includeSubDomains
      x-content-type-options:
      - nosniff
      x-ms-ratelimit-remaining-subscription-writes:
      - '1193'
    status:
      code: 201
      message: Created
- request:
    body: null
    headers:
      Accept:
      - '*/*'
      Accept-Encoding:
      - gzip, deflate
      CommandName:
      - aks create
      Connection:
      - keep-alive
      ParameterSetName:
      - -g -n -p --nodepool-name -l --service-principal --client-secret -k --ssh-key-value
        --tags -c
      User-Agent:
      - AZURECLI/2.33.1 azsdk-python-azure-mgmt-containerservice/17.0.0 Python/3.8.10
        (Linux-5.11.0-1028-azure-x86_64-with-glibc2.29)
    method: GET
    uri: https://management.azure.com/subscriptions/00000000-0000-0000-0000-000000000000/providers/Microsoft.ContainerService/locations/westus2/operations/9c7b5b75-90e0-4a2a-8eb1-b7a0af152550?api-version=2016-03-30
  response:
    body:
      string: "{\n  \"name\": \"755b7b9c-e090-2a4a-8eb1-b7a0af152550\",\n  \"status\":
        \"InProgress\",\n  \"startTime\": \"2022-02-21T08:28:35.5533333Z\"\n }"
    headers:
      cache-control:
      - no-cache
      content-length:
      - '126'
      content-type:
      - application/json
      date:
      - Mon, 21 Feb 2022 08:29:04 GMT
      expires:
      - '-1'
      pragma:
      - no-cache
      server:
      - nginx
      strict-transport-security:
      - max-age=31536000; includeSubDomains
      transfer-encoding:
      - chunked
      vary:
      - Accept-Encoding
      x-content-type-options:
      - nosniff
    status:
      code: 200
      message: OK
- request:
    body: null
    headers:
      Accept:
      - '*/*'
      Accept-Encoding:
      - gzip, deflate
      CommandName:
      - aks create
      Connection:
      - keep-alive
      ParameterSetName:
      - -g -n -p --nodepool-name -l --service-principal --client-secret -k --ssh-key-value
        --tags -c
      User-Agent:
      - AZURECLI/2.33.1 azsdk-python-azure-mgmt-containerservice/17.0.0 Python/3.8.10
        (Linux-5.11.0-1028-azure-x86_64-with-glibc2.29)
    method: GET
    uri: https://management.azure.com/subscriptions/00000000-0000-0000-0000-000000000000/providers/Microsoft.ContainerService/locations/westus2/operations/9c7b5b75-90e0-4a2a-8eb1-b7a0af152550?api-version=2016-03-30
  response:
    body:
      string: "{\n  \"name\": \"755b7b9c-e090-2a4a-8eb1-b7a0af152550\",\n  \"status\":
        \"InProgress\",\n  \"startTime\": \"2022-02-21T08:28:35.5533333Z\"\n }"
    headers:
      cache-control:
      - no-cache
      content-length:
      - '126'
      content-type:
      - application/json
      date:
      - Mon, 21 Feb 2022 08:29:35 GMT
      expires:
      - '-1'
      pragma:
      - no-cache
      server:
      - nginx
      strict-transport-security:
      - max-age=31536000; includeSubDomains
      transfer-encoding:
      - chunked
      vary:
      - Accept-Encoding
      x-content-type-options:
      - nosniff
    status:
      code: 200
      message: OK
- request:
    body: null
    headers:
      Accept:
      - '*/*'
      Accept-Encoding:
      - gzip, deflate
      CommandName:
      - aks create
      Connection:
      - keep-alive
      ParameterSetName:
      - -g -n -p --nodepool-name -l --service-principal --client-secret -k --ssh-key-value
        --tags -c
      User-Agent:
      - AZURECLI/2.33.1 azsdk-python-azure-mgmt-containerservice/17.0.0 Python/3.8.10
        (Linux-5.11.0-1028-azure-x86_64-with-glibc2.29)
    method: GET
    uri: https://management.azure.com/subscriptions/00000000-0000-0000-0000-000000000000/providers/Microsoft.ContainerService/locations/westus2/operations/9c7b5b75-90e0-4a2a-8eb1-b7a0af152550?api-version=2016-03-30
  response:
    body:
      string: "{\n  \"name\": \"755b7b9c-e090-2a4a-8eb1-b7a0af152550\",\n  \"status\":
        \"InProgress\",\n  \"startTime\": \"2022-02-21T08:28:35.5533333Z\"\n }"
    headers:
      cache-control:
      - no-cache
      content-length:
      - '126'
      content-type:
      - application/json
      date:
      - Mon, 21 Feb 2022 08:30:05 GMT
      expires:
      - '-1'
      pragma:
      - no-cache
      server:
      - nginx
      strict-transport-security:
      - max-age=31536000; includeSubDomains
      transfer-encoding:
      - chunked
      vary:
      - Accept-Encoding
      x-content-type-options:
      - nosniff
    status:
      code: 200
      message: OK
- request:
    body: null
    headers:
      Accept:
      - '*/*'
      Accept-Encoding:
      - gzip, deflate
      CommandName:
      - aks create
      Connection:
      - keep-alive
      ParameterSetName:
      - -g -n -p --nodepool-name -l --service-principal --client-secret -k --ssh-key-value
        --tags -c
      User-Agent:
      - AZURECLI/2.33.1 azsdk-python-azure-mgmt-containerservice/17.0.0 Python/3.8.10
        (Linux-5.11.0-1028-azure-x86_64-with-glibc2.29)
    method: GET
    uri: https://management.azure.com/subscriptions/00000000-0000-0000-0000-000000000000/providers/Microsoft.ContainerService/locations/westus2/operations/9c7b5b75-90e0-4a2a-8eb1-b7a0af152550?api-version=2016-03-30
  response:
    body:
      string: "{\n  \"name\": \"755b7b9c-e090-2a4a-8eb1-b7a0af152550\",\n  \"status\":
        \"InProgress\",\n  \"startTime\": \"2022-02-21T08:28:35.5533333Z\"\n }"
    headers:
      cache-control:
      - no-cache
      content-length:
      - '126'
      content-type:
      - application/json
      date:
      - Mon, 21 Feb 2022 08:30:35 GMT
      expires:
      - '-1'
      pragma:
      - no-cache
      server:
      - nginx
      strict-transport-security:
      - max-age=31536000; includeSubDomains
      transfer-encoding:
      - chunked
      vary:
      - Accept-Encoding
      x-content-type-options:
      - nosniff
    status:
      code: 200
      message: OK
- request:
    body: null
    headers:
      Accept:
      - '*/*'
      Accept-Encoding:
      - gzip, deflate
      CommandName:
      - aks create
      Connection:
      - keep-alive
      ParameterSetName:
      - -g -n -p --nodepool-name -l --service-principal --client-secret -k --ssh-key-value
        --tags -c
      User-Agent:
      - AZURECLI/2.33.1 azsdk-python-azure-mgmt-containerservice/17.0.0 Python/3.8.10
        (Linux-5.11.0-1028-azure-x86_64-with-glibc2.29)
    method: GET
    uri: https://management.azure.com/subscriptions/00000000-0000-0000-0000-000000000000/providers/Microsoft.ContainerService/locations/westus2/operations/9c7b5b75-90e0-4a2a-8eb1-b7a0af152550?api-version=2016-03-30
  response:
    body:
      string: "{\n  \"name\": \"755b7b9c-e090-2a4a-8eb1-b7a0af152550\",\n  \"status\":
        \"InProgress\",\n  \"startTime\": \"2022-02-21T08:28:35.5533333Z\"\n }"
    headers:
      cache-control:
      - no-cache
      content-length:
      - '126'
      content-type:
      - application/json
      date:
      - Mon, 21 Feb 2022 08:31:05 GMT
      expires:
      - '-1'
      pragma:
      - no-cache
      server:
      - nginx
      strict-transport-security:
      - max-age=31536000; includeSubDomains
      transfer-encoding:
      - chunked
      vary:
      - Accept-Encoding
      x-content-type-options:
      - nosniff
    status:
      code: 200
      message: OK
- request:
    body: null
    headers:
      Accept:
      - '*/*'
      Accept-Encoding:
      - gzip, deflate
      CommandName:
      - aks create
      Connection:
      - keep-alive
      ParameterSetName:
      - -g -n -p --nodepool-name -l --service-principal --client-secret -k --ssh-key-value
        --tags -c
      User-Agent:
      - AZURECLI/2.33.1 azsdk-python-azure-mgmt-containerservice/17.0.0 Python/3.8.10
        (Linux-5.11.0-1028-azure-x86_64-with-glibc2.29)
    method: GET
    uri: https://management.azure.com/subscriptions/00000000-0000-0000-0000-000000000000/providers/Microsoft.ContainerService/locations/westus2/operations/9c7b5b75-90e0-4a2a-8eb1-b7a0af152550?api-version=2016-03-30
  response:
    body:
      string: "{\n  \"name\": \"755b7b9c-e090-2a4a-8eb1-b7a0af152550\",\n  \"status\":
        \"InProgress\",\n  \"startTime\": \"2022-02-21T08:28:35.5533333Z\"\n }"
    headers:
      cache-control:
      - no-cache
      content-length:
      - '126'
      content-type:
      - application/json
      date:
      - Mon, 21 Feb 2022 08:31:36 GMT
      expires:
      - '-1'
      pragma:
      - no-cache
      server:
      - nginx
      strict-transport-security:
      - max-age=31536000; includeSubDomains
      transfer-encoding:
      - chunked
      vary:
      - Accept-Encoding
      x-content-type-options:
      - nosniff
    status:
      code: 200
      message: OK
- request:
    body: null
    headers:
      Accept:
      - '*/*'
      Accept-Encoding:
      - gzip, deflate
      CommandName:
      - aks create
      Connection:
      - keep-alive
      ParameterSetName:
      - -g -n -p --nodepool-name -l --service-principal --client-secret -k --ssh-key-value
        --tags -c
      User-Agent:
      - AZURECLI/2.33.1 azsdk-python-azure-mgmt-containerservice/17.0.0 Python/3.8.10
        (Linux-5.11.0-1028-azure-x86_64-with-glibc2.29)
    method: GET
    uri: https://management.azure.com/subscriptions/00000000-0000-0000-0000-000000000000/providers/Microsoft.ContainerService/locations/westus2/operations/9c7b5b75-90e0-4a2a-8eb1-b7a0af152550?api-version=2016-03-30
  response:
    body:
      string: "{\n  \"name\": \"755b7b9c-e090-2a4a-8eb1-b7a0af152550\",\n  \"status\":
        \"InProgress\",\n  \"startTime\": \"2022-02-21T08:28:35.5533333Z\"\n }"
    headers:
      cache-control:
      - no-cache
      content-length:
      - '126'
      content-type:
      - application/json
      date:
      - Mon, 21 Feb 2022 08:32:06 GMT
      expires:
      - '-1'
      pragma:
      - no-cache
      server:
      - nginx
      strict-transport-security:
      - max-age=31536000; includeSubDomains
      transfer-encoding:
      - chunked
      vary:
      - Accept-Encoding
      x-content-type-options:
      - nosniff
    status:
      code: 200
      message: OK
- request:
    body: null
    headers:
      Accept:
      - '*/*'
      Accept-Encoding:
      - gzip, deflate
      CommandName:
      - aks create
      Connection:
      - keep-alive
      ParameterSetName:
      - -g -n -p --nodepool-name -l --service-principal --client-secret -k --ssh-key-value
        --tags -c
      User-Agent:
      - AZURECLI/2.33.1 azsdk-python-azure-mgmt-containerservice/17.0.0 Python/3.8.10
        (Linux-5.11.0-1028-azure-x86_64-with-glibc2.29)
    method: GET
    uri: https://management.azure.com/subscriptions/00000000-0000-0000-0000-000000000000/providers/Microsoft.ContainerService/locations/westus2/operations/9c7b5b75-90e0-4a2a-8eb1-b7a0af152550?api-version=2016-03-30
  response:
    body:
      string: "{\n  \"name\": \"755b7b9c-e090-2a4a-8eb1-b7a0af152550\",\n  \"status\":
        \"InProgress\",\n  \"startTime\": \"2022-02-21T08:28:35.5533333Z\"\n }"
    headers:
      cache-control:
      - no-cache
      content-length:
      - '126'
      content-type:
      - application/json
      date:
      - Mon, 21 Feb 2022 08:32:35 GMT
      expires:
      - '-1'
      pragma:
      - no-cache
      server:
      - nginx
      strict-transport-security:
      - max-age=31536000; includeSubDomains
      transfer-encoding:
      - chunked
      vary:
      - Accept-Encoding
      x-content-type-options:
      - nosniff
    status:
      code: 200
      message: OK
- request:
    body: null
    headers:
      Accept:
      - '*/*'
      Accept-Encoding:
      - gzip, deflate
      CommandName:
      - aks create
      Connection:
      - keep-alive
      ParameterSetName:
      - -g -n -p --nodepool-name -l --service-principal --client-secret -k --ssh-key-value
        --tags -c
      User-Agent:
      - AZURECLI/2.33.1 azsdk-python-azure-mgmt-containerservice/17.0.0 Python/3.8.10
        (Linux-5.11.0-1028-azure-x86_64-with-glibc2.29)
    method: GET
    uri: https://management.azure.com/subscriptions/00000000-0000-0000-0000-000000000000/providers/Microsoft.ContainerService/locations/westus2/operations/9c7b5b75-90e0-4a2a-8eb1-b7a0af152550?api-version=2016-03-30
  response:
    body:
      string: "{\n  \"name\": \"755b7b9c-e090-2a4a-8eb1-b7a0af152550\",\n  \"status\":
        \"InProgress\",\n  \"startTime\": \"2022-02-21T08:28:35.5533333Z\"\n }"
    headers:
      cache-control:
      - no-cache
      content-length:
      - '126'
      content-type:
      - application/json
      date:
      - Mon, 21 Feb 2022 08:33:05 GMT
      expires:
      - '-1'
      pragma:
      - no-cache
      server:
      - nginx
      strict-transport-security:
      - max-age=31536000; includeSubDomains
      transfer-encoding:
      - chunked
      vary:
      - Accept-Encoding
      x-content-type-options:
      - nosniff
    status:
      code: 200
      message: OK
- request:
    body: null
    headers:
      Accept:
      - '*/*'
      Accept-Encoding:
      - gzip, deflate
      CommandName:
      - aks create
      Connection:
      - keep-alive
      ParameterSetName:
      - -g -n -p --nodepool-name -l --service-principal --client-secret -k --ssh-key-value
        --tags -c
      User-Agent:
      - AZURECLI/2.33.1 azsdk-python-azure-mgmt-containerservice/17.0.0 Python/3.8.10
        (Linux-5.11.0-1028-azure-x86_64-with-glibc2.29)
    method: GET
    uri: https://management.azure.com/subscriptions/00000000-0000-0000-0000-000000000000/providers/Microsoft.ContainerService/locations/westus2/operations/9c7b5b75-90e0-4a2a-8eb1-b7a0af152550?api-version=2016-03-30
  response:
    body:
      string: "{\n  \"name\": \"755b7b9c-e090-2a4a-8eb1-b7a0af152550\",\n  \"status\":
        \"InProgress\",\n  \"startTime\": \"2022-02-21T08:28:35.5533333Z\"\n }"
    headers:
      cache-control:
      - no-cache
      content-length:
      - '126'
      content-type:
      - application/json
      date:
      - Mon, 21 Feb 2022 08:33:36 GMT
      expires:
      - '-1'
      pragma:
      - no-cache
      server:
      - nginx
      strict-transport-security:
      - max-age=31536000; includeSubDomains
      transfer-encoding:
      - chunked
      vary:
      - Accept-Encoding
      x-content-type-options:
      - nosniff
    status:
      code: 200
      message: OK
- request:
    body: null
    headers:
      Accept:
      - '*/*'
      Accept-Encoding:
      - gzip, deflate
      CommandName:
      - aks create
      Connection:
      - keep-alive
      ParameterSetName:
      - -g -n -p --nodepool-name -l --service-principal --client-secret -k --ssh-key-value
        --tags -c
      User-Agent:
      - AZURECLI/2.33.1 azsdk-python-azure-mgmt-containerservice/17.0.0 Python/3.8.10
        (Linux-5.11.0-1028-azure-x86_64-with-glibc2.29)
    method: GET
    uri: https://management.azure.com/subscriptions/00000000-0000-0000-0000-000000000000/providers/Microsoft.ContainerService/locations/westus2/operations/9c7b5b75-90e0-4a2a-8eb1-b7a0af152550?api-version=2016-03-30
  response:
    body:
      string: "{\n  \"name\": \"755b7b9c-e090-2a4a-8eb1-b7a0af152550\",\n  \"status\":
        \"InProgress\",\n  \"startTime\": \"2022-02-21T08:28:35.5533333Z\"\n }"
    headers:
      cache-control:
      - no-cache
      content-length:
      - '126'
      content-type:
      - application/json
      date:
      - Mon, 21 Feb 2022 08:34:06 GMT
      expires:
      - '-1'
      pragma:
      - no-cache
      server:
      - nginx
      strict-transport-security:
      - max-age=31536000; includeSubDomains
      transfer-encoding:
      - chunked
      vary:
      - Accept-Encoding
      x-content-type-options:
      - nosniff
    status:
      code: 200
      message: OK
- request:
    body: null
    headers:
      Accept:
      - '*/*'
      Accept-Encoding:
      - gzip, deflate
      CommandName:
      - aks create
      Connection:
      - keep-alive
      ParameterSetName:
      - -g -n -p --nodepool-name -l --service-principal --client-secret -k --ssh-key-value
        --tags -c
      User-Agent:
      - AZURECLI/2.33.1 azsdk-python-azure-mgmt-containerservice/17.0.0 Python/3.8.10
        (Linux-5.11.0-1028-azure-x86_64-with-glibc2.29)
    method: GET
    uri: https://management.azure.com/subscriptions/00000000-0000-0000-0000-000000000000/providers/Microsoft.ContainerService/locations/westus2/operations/9c7b5b75-90e0-4a2a-8eb1-b7a0af152550?api-version=2016-03-30
  response:
    body:
      string: "{\n  \"name\": \"755b7b9c-e090-2a4a-8eb1-b7a0af152550\",\n  \"status\":
        \"InProgress\",\n  \"startTime\": \"2022-02-21T08:28:35.5533333Z\"\n }"
    headers:
      cache-control:
      - no-cache
      content-length:
      - '126'
      content-type:
      - application/json
      date:
      - Mon, 21 Feb 2022 08:34:36 GMT
      expires:
      - '-1'
      pragma:
      - no-cache
      server:
      - nginx
      strict-transport-security:
      - max-age=31536000; includeSubDomains
      transfer-encoding:
      - chunked
      vary:
      - Accept-Encoding
      x-content-type-options:
      - nosniff
    status:
      code: 200
      message: OK
- request:
    body: null
    headers:
      Accept:
      - '*/*'
      Accept-Encoding:
      - gzip, deflate
      CommandName:
      - aks create
      Connection:
      - keep-alive
      ParameterSetName:
      - -g -n -p --nodepool-name -l --service-principal --client-secret -k --ssh-key-value
        --tags -c
      User-Agent:
      - AZURECLI/2.33.1 azsdk-python-azure-mgmt-containerservice/17.0.0 Python/3.8.10
        (Linux-5.11.0-1028-azure-x86_64-with-glibc2.29)
    method: GET
    uri: https://management.azure.com/subscriptions/00000000-0000-0000-0000-000000000000/providers/Microsoft.ContainerService/locations/westus2/operations/9c7b5b75-90e0-4a2a-8eb1-b7a0af152550?api-version=2016-03-30
  response:
    body:
      string: "{\n  \"name\": \"755b7b9c-e090-2a4a-8eb1-b7a0af152550\",\n  \"status\":
        \"InProgress\",\n  \"startTime\": \"2022-02-21T08:28:35.5533333Z\"\n }"
    headers:
      cache-control:
      - no-cache
      content-length:
      - '126'
      content-type:
      - application/json
      date:
      - Mon, 21 Feb 2022 08:35:06 GMT
      expires:
      - '-1'
      pragma:
      - no-cache
      server:
      - nginx
      strict-transport-security:
      - max-age=31536000; includeSubDomains
      transfer-encoding:
      - chunked
      vary:
      - Accept-Encoding
      x-content-type-options:
      - nosniff
    status:
      code: 200
      message: OK
- request:
    body: null
    headers:
      Accept:
      - '*/*'
      Accept-Encoding:
      - gzip, deflate
      CommandName:
      - aks create
      Connection:
      - keep-alive
      ParameterSetName:
      - -g -n -p --nodepool-name -l --service-principal --client-secret -k --ssh-key-value
        --tags -c
      User-Agent:
      - AZURECLI/2.33.1 azsdk-python-azure-mgmt-containerservice/17.0.0 Python/3.8.10
        (Linux-5.11.0-1028-azure-x86_64-with-glibc2.29)
    method: GET
    uri: https://management.azure.com/subscriptions/00000000-0000-0000-0000-000000000000/providers/Microsoft.ContainerService/locations/westus2/operations/9c7b5b75-90e0-4a2a-8eb1-b7a0af152550?api-version=2016-03-30
  response:
    body:
      string: "{\n  \"name\": \"755b7b9c-e090-2a4a-8eb1-b7a0af152550\",\n  \"status\":
        \"Succeeded\",\n  \"startTime\": \"2022-02-21T08:28:35.5533333Z\",\n  \"endTime\":
        \"2022-02-21T08:35:27.1736636Z\"\n }"
    headers:
      cache-control:
      - no-cache
      content-length:
      - '170'
      content-type:
      - application/json
      date:
      - Mon, 21 Feb 2022 08:35:36 GMT
      expires:
      - '-1'
      pragma:
      - no-cache
      server:
      - nginx
      strict-transport-security:
      - max-age=31536000; includeSubDomains
      transfer-encoding:
      - chunked
      vary:
      - Accept-Encoding
      x-content-type-options:
      - nosniff
    status:
      code: 200
      message: OK
- request:
    body: null
    headers:
      Accept:
      - '*/*'
      Accept-Encoding:
      - gzip, deflate
      CommandName:
      - aks create
      Connection:
      - keep-alive
      ParameterSetName:
      - -g -n -p --nodepool-name -l --service-principal --client-secret -k --ssh-key-value
        --tags -c
      User-Agent:
      - AZURECLI/2.33.1 azsdk-python-azure-mgmt-containerservice/17.0.0 Python/3.8.10
        (Linux-5.11.0-1028-azure-x86_64-with-glibc2.29)
    method: GET
    uri: https://management.azure.com/subscriptions/00000000-0000-0000-0000-000000000000/resourceGroups/clitest000001/providers/Microsoft.ContainerService/managedClusters/cliakstest000003?api-version=2022-01-01
  response:
    body:
      string: "{\n  \"id\": \"/subscriptions/00000000-0000-0000-0000-000000000000/resourcegroups/clitest000001/providers/Microsoft.ContainerService/managedClusters/cliakstest000003\",\n
        \ \"location\": \"westus2\",\n  \"name\": \"cliakstest000003\",\n  \"tags\":
        {\n   \"scenario_test\": \"\"\n  },\n  \"type\": \"Microsoft.ContainerService/ManagedClusters\",\n
        \ \"properties\": {\n   \"provisioningState\": \"Succeeded\",\n   \"powerState\":
        {\n    \"code\": \"Running\"\n   },\n   \"kubernetesVersion\": \"1.22.6\",\n
        \  \"dnsPrefix\": \"cliaksdns000004\",\n   \"fqdn\": \"cliaksdns000004-dbba4b62.hcp.westus2.azmk8s.io\",\n
        \  \"azurePortalFQDN\": \"cliaksdns000004-dbba4b62.portal.hcp.westus2.azmk8s.io\",\n
        \  \"agentPoolProfiles\": [\n    {\n     \"name\": \"np000005\",\n     \"count\":
        1,\n     \"vmSize\": \"Standard_DS2_v2\",\n     \"osDiskSizeGB\": 128,\n     \"osDiskType\":
        \"Managed\",\n     \"kubeletDiskType\": \"OS\",\n     \"maxPods\": 110,\n
        \    \"type\": \"VirtualMachineScaleSets\",\n     \"enableAutoScaling\": false,\n
        \    \"provisioningState\": \"Succeeded\",\n     \"powerState\": {\n      \"code\":
        \"Running\"\n     },\n     \"orchestratorVersion\": \"1.22.6\",\n     \"enableNodePublicIP\":
        false,\n     \"mode\": \"System\",\n     \"enableEncryptionAtHost\": false,\n
        \    \"enableUltraSSD\": false,\n     \"osType\": \"Linux\",\n     \"osSKU\":
        \"Ubuntu\",\n     \"nodeImageVersion\": \"AKSUbuntu-1804gen2containerd-2022.02.01\",\n
        \    \"enableFIPS\": false\n    }\n   ],\n   \"linuxProfile\": {\n    \"adminUsername\":
        \"azureuser\",\n    \"ssh\": {\n     \"publicKeys\": [\n      {\n       \"keyData\":
        \"ssh-rsa AAAAB3NzaC1yc2EAAAADAQABAAABAQCkTqGRK3zmJN9ar1LkFXK3AX608uwaOVre4fFs7sYelK/wjQb9JbtBEFYeps4rk0OufUrQaH4lD5rjflE1plT0slh9PiYtmZxPLYF8Y2ZaCLXvsae6CLfYlQdssE+N+3VANXJfaCmfAUUwlBWio5VEFEKiv6uD2I9pDlldyVnXZX8DbVFiuyK3R4ALQ7OTKyIblql8ir6uPGwzK5meKs9I/ZrUPtNbrKUsyhl0khLPr+VfumUGDtgwTMhnRz1JbYpiegQdMpkB65cIXZGPsC7Nyfv78AKuDklcOfoKwmkZ1+YubPS53qOQm6baTICuN0YgYHl7MZFqrFhmpFysqoKT
        azcli_aks_live_test@example.com\\n\"\n      }\n     ]\n    }\n   },\n   \"servicePrincipalProfile\":
        {\n    \"clientId\":\"00000000-0000-0000-0000-000000000001\"\n   },\n   \"nodeResourceGroup\":
        \"MC_clitest000001_cliakstest000003_westus2\",\n   \"enableRBAC\": true,\n
        \  \"networkProfile\": {\n    \"networkPlugin\": \"kubenet\",\n    \"loadBalancerSku\":
        \"Standard\",\n    \"loadBalancerProfile\": {\n     \"managedOutboundIPs\":
        {\n      \"count\": 1\n     },\n     \"effectiveOutboundIPs\": [\n      {\n
        \      \"id\": \"/subscriptions/00000000-0000-0000-0000-000000000000/resourceGroups/MC_clitest000001_cliakstest000003_westus2/providers/Microsoft.Network/publicIPAddresses/707299c5-74fc-4c91-acde-3de0f82d670e\"\n
        \     }\n     ]\n    },\n    \"podCidr\": \"10.244.0.0/16\",\n    \"serviceCidr\":
        \"10.0.0.0/16\",\n    \"dnsServiceIP\": \"10.0.0.10\",\n    \"dockerBridgeCidr\":
        \"172.17.0.1/16\",\n    \"outboundType\": \"loadBalancer\",\n    \"podCidrs\":
        [\n     \"10.244.0.0/16\"\n    ],\n    \"serviceCidrs\": [\n     \"10.0.0.0/16\"\n
        \   ],\n    \"ipFamilies\": [\n     \"IPv4\"\n    ]\n   },\n   \"maxAgentPools\":
        100,\n   \"disableLocalAccounts\": false\n  },\n  \"sku\": {\n   \"name\":
        \"Basic\",\n   \"tier\": \"Free\"\n  }\n }"
    headers:
      cache-control:
      - no-cache
      content-length:
      - '2938'
      content-type:
      - application/json
      date:
      - Mon, 21 Feb 2022 08:35:36 GMT
      expires:
      - '-1'
      pragma:
      - no-cache
      server:
      - nginx
      strict-transport-security:
      - max-age=31536000; includeSubDomains
      transfer-encoding:
      - chunked
      vary:
      - Accept-Encoding
      x-content-type-options:
      - nosniff
    status:
      code: 200
      message: OK
- request:
    body: null
    headers:
      Accept:
      - application/json
      Accept-Encoding:
      - gzip, deflate
      CommandName:
      - aks list
      Connection:
      - keep-alive
      ParameterSetName:
      - -g
      User-Agent:
      - AZURECLI/2.33.1 azsdk-python-azure-mgmt-containerservice/17.0.0 Python/3.8.10
        (Linux-5.11.0-1028-azure-x86_64-with-glibc2.29)
    method: GET
    uri: https://management.azure.com/subscriptions/00000000-0000-0000-0000-000000000000/resourceGroups/clitest000001/providers/Microsoft.ContainerService/managedClusters?api-version=2022-01-01
  response:
    body:
      string: "{\n  \"value\": [\n   {\n    \"id\": \"/subscriptions/00000000-0000-0000-0000-000000000000/resourcegroups/clitest000001/providers/Microsoft.ContainerService/managedClusters/cliakstest000003\",\n
        \   \"location\": \"westus2\",\n    \"name\": \"cliakstest000003\",\n    \"tags\":
        {\n     \"scenario_test\": \"\"\n    },\n    \"type\": \"Microsoft.ContainerService/ManagedClusters\",\n
        \   \"properties\": {\n     \"provisioningState\": \"Succeeded\",\n     \"powerState\":
        {\n      \"code\": \"Running\"\n     },\n     \"kubernetesVersion\": \"1.22.6\",\n
        \    \"dnsPrefix\": \"cliaksdns000004\",\n     \"fqdn\": \"cliaksdns000004-dbba4b62.hcp.westus2.azmk8s.io\",\n
        \    \"azurePortalFQDN\": \"cliaksdns000004-dbba4b62.portal.hcp.westus2.azmk8s.io\",\n
        \    \"agentPoolProfiles\": [\n      {\n       \"name\": \"np000005\",\n       \"count\":
        1,\n       \"vmSize\": \"Standard_DS2_v2\",\n       \"osDiskSizeGB\": 128,\n
        \      \"osDiskType\": \"Managed\",\n       \"kubeletDiskType\": \"OS\",\n
        \      \"maxPods\": 110,\n       \"type\": \"VirtualMachineScaleSets\",\n
        \      \"enableAutoScaling\": false,\n       \"provisioningState\": \"Succeeded\",\n
        \      \"powerState\": {\n        \"code\": \"Running\"\n       },\n       \"orchestratorVersion\":
        \"1.22.6\",\n       \"enableNodePublicIP\": false,\n       \"mode\": \"System\",\n
        \      \"enableEncryptionAtHost\": false,\n       \"enableUltraSSD\": false,\n
        \      \"osType\": \"Linux\",\n       \"osSKU\": \"Ubuntu\",\n       \"nodeImageVersion\":
        \"AKSUbuntu-1804gen2containerd-2022.02.01\",\n       \"enableFIPS\": false\n
        \     }\n     ],\n     \"linuxProfile\": {\n      \"adminUsername\": \"azureuser\",\n
        \     \"ssh\": {\n       \"publicKeys\": [\n        {\n         \"keyData\":
        \"ssh-rsa AAAAB3NzaC1yc2EAAAADAQABAAABAQCkTqGRK3zmJN9ar1LkFXK3AX608uwaOVre4fFs7sYelK/wjQb9JbtBEFYeps4rk0OufUrQaH4lD5rjflE1plT0slh9PiYtmZxPLYF8Y2ZaCLXvsae6CLfYlQdssE+N+3VANXJfaCmfAUUwlBWio5VEFEKiv6uD2I9pDlldyVnXZX8DbVFiuyK3R4ALQ7OTKyIblql8ir6uPGwzK5meKs9I/ZrUPtNbrKUsyhl0khLPr+VfumUGDtgwTMhnRz1JbYpiegQdMpkB65cIXZGPsC7Nyfv78AKuDklcOfoKwmkZ1+YubPS53qOQm6baTICuN0YgYHl7MZFqrFhmpFysqoKT
        azcli_aks_live_test@example.com\\n\"\n        }\n       ]\n      }\n     },\n
        \    \"servicePrincipalProfile\": {\n      \"clientId\":\"00000000-0000-0000-0000-000000000001\"\n
        \    },\n     \"nodeResourceGroup\": \"MC_clitest000001_cliakstest000003_westus2\",\n
        \    \"enableRBAC\": true,\n     \"networkProfile\": {\n      \"networkPlugin\":
        \"kubenet\",\n      \"loadBalancerSku\": \"Standard\",\n      \"loadBalancerProfile\":
        {\n       \"managedOutboundIPs\": {\n        \"count\": 1\n       },\n       \"effectiveOutboundIPs\":
        [\n        {\n         \"id\": \"/subscriptions/00000000-0000-0000-0000-000000000000/resourceGroups/MC_clitest000001_cliakstest000003_westus2/providers/Microsoft.Network/publicIPAddresses/707299c5-74fc-4c91-acde-3de0f82d670e\"\n
        \       }\n       ]\n      },\n      \"podCidr\": \"10.244.0.0/16\",\n      \"serviceCidr\":
        \"10.0.0.0/16\",\n      \"dnsServiceIP\": \"10.0.0.10\",\n      \"dockerBridgeCidr\":
        \"172.17.0.1/16\",\n      \"outboundType\": \"loadBalancer\",\n      \"podCidrs\":
        [\n       \"10.244.0.0/16\"\n      ],\n      \"serviceCidrs\": [\n       \"10.0.0.0/16\"\n
        \     ],\n      \"ipFamilies\": [\n       \"IPv4\"\n      ]\n     },\n     \"maxAgentPools\":
        100,\n     \"disableLocalAccounts\": false\n    },\n    \"sku\": {\n     \"name\":
        \"Basic\",\n     \"tier\": \"Free\"\n    }\n   }\n  ]\n }"
    headers:
      cache-control:
      - no-cache
      content-length:
      - '3149'
      content-type:
      - application/json
      date:
      - Mon, 21 Feb 2022 08:35:37 GMT
      expires:
      - '-1'
      pragma:
      - no-cache
      server:
      - nginx
      strict-transport-security:
      - max-age=31536000; includeSubDomains
      transfer-encoding:
      - chunked
      vary:
      - Accept-Encoding
      x-content-type-options:
      - nosniff
    status:
      code: 200
      message: OK
- request:
    body: null
    headers:
      Accept:
      - application/json
      Accept-Encoding:
      - gzip, deflate
      CommandName:
      - aks show
      Connection:
      - keep-alive
      ParameterSetName:
      - -g -n
      User-Agent:
      - AZURECLI/2.33.1 azsdk-python-azure-mgmt-containerservice/17.0.0 Python/3.8.10
        (Linux-5.11.0-1028-azure-x86_64-with-glibc2.29)
    method: GET
    uri: https://management.azure.com/subscriptions/00000000-0000-0000-0000-000000000000/resourceGroups/clitest000001/providers/Microsoft.ContainerService/managedClusters/cliakstest000003?api-version=2022-01-01
  response:
    body:
      string: "{\n  \"id\": \"/subscriptions/00000000-0000-0000-0000-000000000000/resourcegroups/clitest000001/providers/Microsoft.ContainerService/managedClusters/cliakstest000003\",\n
        \ \"location\": \"westus2\",\n  \"name\": \"cliakstest000003\",\n  \"tags\":
        {\n   \"scenario_test\": \"\"\n  },\n  \"type\": \"Microsoft.ContainerService/ManagedClusters\",\n
        \ \"properties\": {\n   \"provisioningState\": \"Succeeded\",\n   \"powerState\":
        {\n    \"code\": \"Running\"\n   },\n   \"kubernetesVersion\": \"1.22.6\",\n
        \  \"dnsPrefix\": \"cliaksdns000004\",\n   \"fqdn\": \"cliaksdns000004-dbba4b62.hcp.westus2.azmk8s.io\",\n
        \  \"azurePortalFQDN\": \"cliaksdns000004-dbba4b62.portal.hcp.westus2.azmk8s.io\",\n
        \  \"agentPoolProfiles\": [\n    {\n     \"name\": \"np000005\",\n     \"count\":
        1,\n     \"vmSize\": \"Standard_DS2_v2\",\n     \"osDiskSizeGB\": 128,\n     \"osDiskType\":
        \"Managed\",\n     \"kubeletDiskType\": \"OS\",\n     \"maxPods\": 110,\n
        \    \"type\": \"VirtualMachineScaleSets\",\n     \"enableAutoScaling\": false,\n
        \    \"provisioningState\": \"Succeeded\",\n     \"powerState\": {\n      \"code\":
        \"Running\"\n     },\n     \"orchestratorVersion\": \"1.22.6\",\n     \"enableNodePublicIP\":
        false,\n     \"mode\": \"System\",\n     \"enableEncryptionAtHost\": false,\n
        \    \"enableUltraSSD\": false,\n     \"osType\": \"Linux\",\n     \"osSKU\":
        \"Ubuntu\",\n     \"nodeImageVersion\": \"AKSUbuntu-1804gen2containerd-2022.02.01\",\n
        \    \"enableFIPS\": false\n    }\n   ],\n   \"linuxProfile\": {\n    \"adminUsername\":
        \"azureuser\",\n    \"ssh\": {\n     \"publicKeys\": [\n      {\n       \"keyData\":
        \"ssh-rsa AAAAB3NzaC1yc2EAAAADAQABAAABAQCkTqGRK3zmJN9ar1LkFXK3AX608uwaOVre4fFs7sYelK/wjQb9JbtBEFYeps4rk0OufUrQaH4lD5rjflE1plT0slh9PiYtmZxPLYF8Y2ZaCLXvsae6CLfYlQdssE+N+3VANXJfaCmfAUUwlBWio5VEFEKiv6uD2I9pDlldyVnXZX8DbVFiuyK3R4ALQ7OTKyIblql8ir6uPGwzK5meKs9I/ZrUPtNbrKUsyhl0khLPr+VfumUGDtgwTMhnRz1JbYpiegQdMpkB65cIXZGPsC7Nyfv78AKuDklcOfoKwmkZ1+YubPS53qOQm6baTICuN0YgYHl7MZFqrFhmpFysqoKT
        azcli_aks_live_test@example.com\\n\"\n      }\n     ]\n    }\n   },\n   \"servicePrincipalProfile\":
        {\n    \"clientId\":\"00000000-0000-0000-0000-000000000001\"\n   },\n   \"nodeResourceGroup\":
        \"MC_clitest000001_cliakstest000003_westus2\",\n   \"enableRBAC\": true,\n
        \  \"networkProfile\": {\n    \"networkPlugin\": \"kubenet\",\n    \"loadBalancerSku\":
        \"Standard\",\n    \"loadBalancerProfile\": {\n     \"managedOutboundIPs\":
        {\n      \"count\": 1\n     },\n     \"effectiveOutboundIPs\": [\n      {\n
        \      \"id\": \"/subscriptions/00000000-0000-0000-0000-000000000000/resourceGroups/MC_clitest000001_cliakstest000003_westus2/providers/Microsoft.Network/publicIPAddresses/707299c5-74fc-4c91-acde-3de0f82d670e\"\n
        \     }\n     ]\n    },\n    \"podCidr\": \"10.244.0.0/16\",\n    \"serviceCidr\":
        \"10.0.0.0/16\",\n    \"dnsServiceIP\": \"10.0.0.10\",\n    \"dockerBridgeCidr\":
        \"172.17.0.1/16\",\n    \"outboundType\": \"loadBalancer\",\n    \"podCidrs\":
        [\n     \"10.244.0.0/16\"\n    ],\n    \"serviceCidrs\": [\n     \"10.0.0.0/16\"\n
        \   ],\n    \"ipFamilies\": [\n     \"IPv4\"\n    ]\n   },\n   \"maxAgentPools\":
        100,\n   \"disableLocalAccounts\": false\n  },\n  \"sku\": {\n   \"name\":
        \"Basic\",\n   \"tier\": \"Free\"\n  }\n }"
    headers:
      cache-control:
      - no-cache
      content-length:
      - '2938'
      content-type:
      - application/json
      date:
      - Mon, 21 Feb 2022 08:35:37 GMT
      expires:
      - '-1'
      pragma:
      - no-cache
      server:
      - nginx
      strict-transport-security:
      - max-age=31536000; includeSubDomains
      transfer-encoding:
      - chunked
      vary:
      - Accept-Encoding
      x-content-type-options:
      - nosniff
    status:
      code: 200
      message: OK
- request:
    body: null
    headers:
      Accept:
      - application/json
      Accept-Encoding:
      - gzip, deflate
      CommandName:
      - aks scale
      Connection:
      - keep-alive
      ParameterSetName:
      - -g -n --nodepool-name --node-count
      User-Agent:
      - AZURECLI/2.33.1 azsdk-python-azure-mgmt-containerservice/17.0.0 Python/3.8.10
        (Linux-5.11.0-1028-azure-x86_64-with-glibc2.29)
    method: GET
    uri: https://management.azure.com/subscriptions/00000000-0000-0000-0000-000000000000/resourceGroups/clitest000001/providers/Microsoft.ContainerService/managedClusters/cliakstest000003?api-version=2022-01-01
  response:
    body:
      string: "{\n  \"id\": \"/subscriptions/00000000-0000-0000-0000-000000000000/resourcegroups/clitest000001/providers/Microsoft.ContainerService/managedClusters/cliakstest000003\",\n
        \ \"location\": \"westus2\",\n  \"name\": \"cliakstest000003\",\n  \"tags\":
        {\n   \"scenario_test\": \"\"\n  },\n  \"type\": \"Microsoft.ContainerService/ManagedClusters\",\n
        \ \"properties\": {\n   \"provisioningState\": \"Succeeded\",\n   \"powerState\":
        {\n    \"code\": \"Running\"\n   },\n   \"kubernetesVersion\": \"1.22.6\",\n
        \  \"dnsPrefix\": \"cliaksdns000004\",\n   \"fqdn\": \"cliaksdns000004-dbba4b62.hcp.westus2.azmk8s.io\",\n
        \  \"azurePortalFQDN\": \"cliaksdns000004-dbba4b62.portal.hcp.westus2.azmk8s.io\",\n
        \  \"agentPoolProfiles\": [\n    {\n     \"name\": \"np000005\",\n     \"count\":
        1,\n     \"vmSize\": \"Standard_DS2_v2\",\n     \"osDiskSizeGB\": 128,\n     \"osDiskType\":
        \"Managed\",\n     \"kubeletDiskType\": \"OS\",\n     \"maxPods\": 110,\n
        \    \"type\": \"VirtualMachineScaleSets\",\n     \"enableAutoScaling\": false,\n
        \    \"provisioningState\": \"Succeeded\",\n     \"powerState\": {\n      \"code\":
        \"Running\"\n     },\n     \"orchestratorVersion\": \"1.22.6\",\n     \"enableNodePublicIP\":
        false,\n     \"mode\": \"System\",\n     \"enableEncryptionAtHost\": false,\n
        \    \"enableUltraSSD\": false,\n     \"osType\": \"Linux\",\n     \"osSKU\":
        \"Ubuntu\",\n     \"nodeImageVersion\": \"AKSUbuntu-1804gen2containerd-2022.02.01\",\n
        \    \"enableFIPS\": false\n    }\n   ],\n   \"linuxProfile\": {\n    \"adminUsername\":
        \"azureuser\",\n    \"ssh\": {\n     \"publicKeys\": [\n      {\n       \"keyData\":
        \"ssh-rsa AAAAB3NzaC1yc2EAAAADAQABAAABAQCkTqGRK3zmJN9ar1LkFXK3AX608uwaOVre4fFs7sYelK/wjQb9JbtBEFYeps4rk0OufUrQaH4lD5rjflE1plT0slh9PiYtmZxPLYF8Y2ZaCLXvsae6CLfYlQdssE+N+3VANXJfaCmfAUUwlBWio5VEFEKiv6uD2I9pDlldyVnXZX8DbVFiuyK3R4ALQ7OTKyIblql8ir6uPGwzK5meKs9I/ZrUPtNbrKUsyhl0khLPr+VfumUGDtgwTMhnRz1JbYpiegQdMpkB65cIXZGPsC7Nyfv78AKuDklcOfoKwmkZ1+YubPS53qOQm6baTICuN0YgYHl7MZFqrFhmpFysqoKT
        azcli_aks_live_test@example.com\\n\"\n      }\n     ]\n    }\n   },\n   \"servicePrincipalProfile\":
        {\n    \"clientId\":\"00000000-0000-0000-0000-000000000001\"\n   },\n   \"nodeResourceGroup\":
        \"MC_clitest000001_cliakstest000003_westus2\",\n   \"enableRBAC\": true,\n
        \  \"networkProfile\": {\n    \"networkPlugin\": \"kubenet\",\n    \"loadBalancerSku\":
        \"Standard\",\n    \"loadBalancerProfile\": {\n     \"managedOutboundIPs\":
        {\n      \"count\": 1\n     },\n     \"effectiveOutboundIPs\": [\n      {\n
        \      \"id\": \"/subscriptions/00000000-0000-0000-0000-000000000000/resourceGroups/MC_clitest000001_cliakstest000003_westus2/providers/Microsoft.Network/publicIPAddresses/707299c5-74fc-4c91-acde-3de0f82d670e\"\n
        \     }\n     ]\n    },\n    \"podCidr\": \"10.244.0.0/16\",\n    \"serviceCidr\":
        \"10.0.0.0/16\",\n    \"dnsServiceIP\": \"10.0.0.10\",\n    \"dockerBridgeCidr\":
        \"172.17.0.1/16\",\n    \"outboundType\": \"loadBalancer\",\n    \"podCidrs\":
        [\n     \"10.244.0.0/16\"\n    ],\n    \"serviceCidrs\": [\n     \"10.0.0.0/16\"\n
        \   ],\n    \"ipFamilies\": [\n     \"IPv4\"\n    ]\n   },\n   \"maxAgentPools\":
        100,\n   \"disableLocalAccounts\": false\n  },\n  \"sku\": {\n   \"name\":
        \"Basic\",\n   \"tier\": \"Free\"\n  }\n }"
    headers:
      cache-control:
      - no-cache
      content-length:
      - '2938'
      content-type:
      - application/json
      date:
      - Mon, 21 Feb 2022 08:35:38 GMT
      expires:
      - '-1'
      pragma:
      - no-cache
      server:
      - nginx
      strict-transport-security:
      - max-age=31536000; includeSubDomains
      transfer-encoding:
      - chunked
      vary:
      - Accept-Encoding
      x-content-type-options:
      - nosniff
    status:
      code: 200
      message: OK
- request:
    body: '{"location": "westus2", "tags": {"scenario_test": ""}, "sku": {"name":
      "Basic", "tier": "Free"}, "properties": {"kubernetesVersion": "1.22.6", "dnsPrefix":
      "cliaksdns000004", "agentPoolProfiles": [{"count": 3, "vmSize": "Standard_DS2_v2",
      "osDiskSizeGB": 128, "osDiskType": "Managed", "kubeletDiskType": "OS", "maxPods":
      110, "osType": "Linux", "osSKU": "Ubuntu", "enableAutoScaling": false, "type":
      "VirtualMachineScaleSets", "mode": "System", "orchestratorVersion": "1.22.6",
      "powerState": {"code": "Running"}, "enableNodePublicIP": false, "enableEncryptionAtHost":
      false, "enableUltraSSD": false, "enableFIPS": false, "name": "np000005"}], "linuxProfile":
      {"adminUsername": "azureuser", "ssh": {"publicKeys": [{"keyData": "ssh-rsa AAAAB3NzaC1yc2EAAAADAQABAAABAQCkTqGRK3zmJN9ar1LkFXK3AX608uwaOVre4fFs7sYelK/wjQb9JbtBEFYeps4rk0OufUrQaH4lD5rjflE1plT0slh9PiYtmZxPLYF8Y2ZaCLXvsae6CLfYlQdssE+N+3VANXJfaCmfAUUwlBWio5VEFEKiv6uD2I9pDlldyVnXZX8DbVFiuyK3R4ALQ7OTKyIblql8ir6uPGwzK5meKs9I/ZrUPtNbrKUsyhl0khLPr+VfumUGDtgwTMhnRz1JbYpiegQdMpkB65cIXZGPsC7Nyfv78AKuDklcOfoKwmkZ1+YubPS53qOQm6baTICuN0YgYHl7MZFqrFhmpFysqoKT
      azcli_aks_live_test@example.com\n"}]}}, "nodeResourceGroup": "MC_clitest000001_cliakstest000003_westus2",
      "enableRBAC": true, "networkProfile": {"networkPlugin": "kubenet", "podCidr":
      "10.244.0.0/16", "serviceCidr": "10.0.0.0/16", "dnsServiceIP": "10.0.0.10",
      "dockerBridgeCidr": "172.17.0.1/16", "outboundType": "loadBalancer", "loadBalancerSku":
      "Standard", "loadBalancerProfile": {"managedOutboundIPs": {"count": 1}, "effectiveOutboundIPs":
      [{"id": "/subscriptions/00000000-0000-0000-0000-000000000000/resourceGroups/MC_clitest000001_cliakstest000003_westus2/providers/Microsoft.Network/publicIPAddresses/707299c5-74fc-4c91-acde-3de0f82d670e"}]},
      "podCidrs": ["10.244.0.0/16"], "serviceCidrs": ["10.0.0.0/16"], "ipFamilies":
      ["IPv4"]}, "disableLocalAccounts": false}}'
    headers:
      Accept:
      - application/json
      Accept-Encoding:
      - gzip, deflate
      CommandName:
      - aks scale
      Connection:
      - keep-alive
      Content-Length:
      - '1877'
      Content-Type:
      - application/json
      ParameterSetName:
      - -g -n --nodepool-name --node-count
      User-Agent:
      - AZURECLI/2.33.1 azsdk-python-azure-mgmt-containerservice/17.0.0 Python/3.8.10
        (Linux-5.11.0-1028-azure-x86_64-with-glibc2.29)
    method: PUT
    uri: https://management.azure.com/subscriptions/00000000-0000-0000-0000-000000000000/resourceGroups/clitest000001/providers/Microsoft.ContainerService/managedClusters/cliakstest000003?api-version=2022-01-01
  response:
    body:
      string: "{\n  \"id\": \"/subscriptions/00000000-0000-0000-0000-000000000000/resourcegroups/clitest000001/providers/Microsoft.ContainerService/managedClusters/cliakstest000003\",\n
        \ \"location\": \"westus2\",\n  \"name\": \"cliakstest000003\",\n  \"tags\":
        {\n   \"scenario_test\": \"\"\n  },\n  \"type\": \"Microsoft.ContainerService/ManagedClusters\",\n
        \ \"properties\": {\n   \"provisioningState\": \"Updating\",\n   \"powerState\":
        {\n    \"code\": \"Running\"\n   },\n   \"kubernetesVersion\": \"1.22.6\",\n
        \  \"dnsPrefix\": \"cliaksdns000004\",\n   \"fqdn\": \"cliaksdns000004-dbba4b62.hcp.westus2.azmk8s.io\",\n
        \  \"azurePortalFQDN\": \"cliaksdns000004-dbba4b62.portal.hcp.westus2.azmk8s.io\",\n
        \  \"agentPoolProfiles\": [\n    {\n     \"name\": \"np000005\",\n     \"count\":
        3,\n     \"vmSize\": \"Standard_DS2_v2\",\n     \"osDiskSizeGB\": 128,\n     \"osDiskType\":
        \"Managed\",\n     \"kubeletDiskType\": \"OS\",\n     \"maxPods\": 110,\n
        \    \"type\": \"VirtualMachineScaleSets\",\n     \"enableAutoScaling\": false,\n
        \    \"provisioningState\": \"Updating\",\n     \"powerState\": {\n      \"code\":
        \"Running\"\n     },\n     \"orchestratorVersion\": \"1.22.6\",\n     \"enableNodePublicIP\":
        false,\n     \"mode\": \"System\",\n     \"enableEncryptionAtHost\": false,\n
        \    \"enableUltraSSD\": false,\n     \"osType\": \"Linux\",\n     \"osSKU\":
        \"Ubuntu\",\n     \"nodeImageVersion\": \"AKSUbuntu-1804gen2containerd-2022.02.01\",\n
        \    \"enableFIPS\": false\n    }\n   ],\n   \"linuxProfile\": {\n    \"adminUsername\":
        \"azureuser\",\n    \"ssh\": {\n     \"publicKeys\": [\n      {\n       \"keyData\":
        \"ssh-rsa AAAAB3NzaC1yc2EAAAADAQABAAABAQCkTqGRK3zmJN9ar1LkFXK3AX608uwaOVre4fFs7sYelK/wjQb9JbtBEFYeps4rk0OufUrQaH4lD5rjflE1plT0slh9PiYtmZxPLYF8Y2ZaCLXvsae6CLfYlQdssE+N+3VANXJfaCmfAUUwlBWio5VEFEKiv6uD2I9pDlldyVnXZX8DbVFiuyK3R4ALQ7OTKyIblql8ir6uPGwzK5meKs9I/ZrUPtNbrKUsyhl0khLPr+VfumUGDtgwTMhnRz1JbYpiegQdMpkB65cIXZGPsC7Nyfv78AKuDklcOfoKwmkZ1+YubPS53qOQm6baTICuN0YgYHl7MZFqrFhmpFysqoKT
        azcli_aks_live_test@example.com\\n\"\n      }\n     ]\n    }\n   },\n   \"servicePrincipalProfile\":
        {\n    \"clientId\":\"00000000-0000-0000-0000-000000000001\"\n   },\n   \"nodeResourceGroup\":
        \"MC_clitest000001_cliakstest000003_westus2\",\n   \"enableRBAC\": true,\n
        \  \"networkProfile\": {\n    \"networkPlugin\": \"kubenet\",\n    \"loadBalancerSku\":
        \"Standard\",\n    \"loadBalancerProfile\": {\n     \"managedOutboundIPs\":
        {\n      \"count\": 1\n     },\n     \"effectiveOutboundIPs\": [\n      {\n
        \      \"id\": \"/subscriptions/00000000-0000-0000-0000-000000000000/resourceGroups/MC_clitest000001_cliakstest000003_westus2/providers/Microsoft.Network/publicIPAddresses/707299c5-74fc-4c91-acde-3de0f82d670e\"\n
        \     }\n     ]\n    },\n    \"podCidr\": \"10.244.0.0/16\",\n    \"serviceCidr\":
        \"10.0.0.0/16\",\n    \"dnsServiceIP\": \"10.0.0.10\",\n    \"dockerBridgeCidr\":
        \"172.17.0.1/16\",\n    \"outboundType\": \"loadBalancer\",\n    \"podCidrs\":
        [\n     \"10.244.0.0/16\"\n    ],\n    \"serviceCidrs\": [\n     \"10.0.0.0/16\"\n
        \   ],\n    \"ipFamilies\": [\n     \"IPv4\"\n    ]\n   },\n   \"maxAgentPools\":
        100,\n   \"disableLocalAccounts\": false\n  },\n  \"sku\": {\n   \"name\":
        \"Basic\",\n   \"tier\": \"Free\"\n  }\n }"
    headers:
      azure-asyncoperation:
      - https://management.azure.com/subscriptions/00000000-0000-0000-0000-000000000000/providers/Microsoft.ContainerService/locations/westus2/operations/eeade4c9-d8b4-475d-b3e6-633e771db5d9?api-version=2016-03-30
      cache-control:
      - no-cache
      content-length:
      - '2936'
      content-type:
      - application/json
      date:
      - Mon, 21 Feb 2022 08:35:41 GMT
      expires:
      - '-1'
      pragma:
      - no-cache
      server:
      - nginx
      strict-transport-security:
      - max-age=31536000; includeSubDomains
      transfer-encoding:
      - chunked
      vary:
      - Accept-Encoding
      x-content-type-options:
      - nosniff
      x-ms-ratelimit-remaining-subscription-writes:
      - '1195'
    status:
      code: 200
      message: OK
- request:
    body: null
    headers:
      Accept:
      - '*/*'
      Accept-Encoding:
      - gzip, deflate
      CommandName:
      - aks scale
      Connection:
      - keep-alive
      ParameterSetName:
      - -g -n --nodepool-name --node-count
      User-Agent:
      - AZURECLI/2.33.1 azsdk-python-azure-mgmt-containerservice/17.0.0 Python/3.8.10
        (Linux-5.11.0-1028-azure-x86_64-with-glibc2.29)
    method: GET
    uri: https://management.azure.com/subscriptions/00000000-0000-0000-0000-000000000000/providers/Microsoft.ContainerService/locations/westus2/operations/eeade4c9-d8b4-475d-b3e6-633e771db5d9?api-version=2016-03-30
  response:
    body:
      string: "{\n  \"name\": \"c9e4adee-b4d8-5d47-b3e6-633e771db5d9\",\n  \"status\":
        \"InProgress\",\n  \"startTime\": \"2022-02-21T08:35:42.32Z\"\n }"
    headers:
      cache-control:
      - no-cache
      content-length:
      - '121'
      content-type:
      - application/json
      date:
      - Mon, 21 Feb 2022 08:36:11 GMT
      expires:
      - '-1'
      pragma:
      - no-cache
      server:
      - nginx
      strict-transport-security:
      - max-age=31536000; includeSubDomains
      transfer-encoding:
      - chunked
      vary:
      - Accept-Encoding
      x-content-type-options:
      - nosniff
    status:
      code: 200
      message: OK
- request:
    body: null
    headers:
      Accept:
      - '*/*'
      Accept-Encoding:
      - gzip, deflate
      CommandName:
      - aks scale
      Connection:
      - keep-alive
      ParameterSetName:
      - -g -n --nodepool-name --node-count
      User-Agent:
      - AZURECLI/2.33.1 azsdk-python-azure-mgmt-containerservice/17.0.0 Python/3.8.10
        (Linux-5.11.0-1028-azure-x86_64-with-glibc2.29)
    method: GET
    uri: https://management.azure.com/subscriptions/00000000-0000-0000-0000-000000000000/providers/Microsoft.ContainerService/locations/westus2/operations/eeade4c9-d8b4-475d-b3e6-633e771db5d9?api-version=2016-03-30
  response:
    body:
      string: "{\n  \"name\": \"c9e4adee-b4d8-5d47-b3e6-633e771db5d9\",\n  \"status\":
        \"InProgress\",\n  \"startTime\": \"2022-02-21T08:35:42.32Z\"\n }"
    headers:
      cache-control:
      - no-cache
      content-length:
      - '121'
      content-type:
      - application/json
      date:
      - Mon, 21 Feb 2022 08:36:41 GMT
      expires:
      - '-1'
      pragma:
      - no-cache
      server:
      - nginx
      strict-transport-security:
      - max-age=31536000; includeSubDomains
      transfer-encoding:
      - chunked
      vary:
      - Accept-Encoding
      x-content-type-options:
      - nosniff
    status:
      code: 200
      message: OK
- request:
    body: null
    headers:
      Accept:
      - '*/*'
      Accept-Encoding:
      - gzip, deflate
      CommandName:
      - aks scale
      Connection:
      - keep-alive
      ParameterSetName:
      - -g -n --nodepool-name --node-count
      User-Agent:
      - AZURECLI/2.33.1 azsdk-python-azure-mgmt-containerservice/17.0.0 Python/3.8.10
        (Linux-5.11.0-1028-azure-x86_64-with-glibc2.29)
    method: GET
    uri: https://management.azure.com/subscriptions/00000000-0000-0000-0000-000000000000/providers/Microsoft.ContainerService/locations/westus2/operations/eeade4c9-d8b4-475d-b3e6-633e771db5d9?api-version=2016-03-30
  response:
    body:
      string: "{\n  \"name\": \"c9e4adee-b4d8-5d47-b3e6-633e771db5d9\",\n  \"status\":
        \"InProgress\",\n  \"startTime\": \"2022-02-21T08:35:42.32Z\"\n }"
    headers:
      cache-control:
      - no-cache
      content-length:
      - '121'
      content-type:
      - application/json
      date:
      - Mon, 21 Feb 2022 08:37:12 GMT
      expires:
      - '-1'
      pragma:
      - no-cache
      server:
      - nginx
      strict-transport-security:
      - max-age=31536000; includeSubDomains
      transfer-encoding:
      - chunked
      vary:
      - Accept-Encoding
      x-content-type-options:
      - nosniff
    status:
      code: 200
      message: OK
- request:
    body: null
    headers:
      Accept:
      - '*/*'
      Accept-Encoding:
      - gzip, deflate
      CommandName:
      - aks scale
      Connection:
      - keep-alive
      ParameterSetName:
      - -g -n --nodepool-name --node-count
      User-Agent:
      - AZURECLI/2.33.1 azsdk-python-azure-mgmt-containerservice/17.0.0 Python/3.8.10
        (Linux-5.11.0-1028-azure-x86_64-with-glibc2.29)
    method: GET
    uri: https://management.azure.com/subscriptions/00000000-0000-0000-0000-000000000000/providers/Microsoft.ContainerService/locations/westus2/operations/eeade4c9-d8b4-475d-b3e6-633e771db5d9?api-version=2016-03-30
  response:
    body:
      string: "{\n  \"name\": \"c9e4adee-b4d8-5d47-b3e6-633e771db5d9\",\n  \"status\":
        \"InProgress\",\n  \"startTime\": \"2022-02-21T08:35:42.32Z\"\n }"
    headers:
      cache-control:
      - no-cache
      content-length:
      - '121'
      content-type:
      - application/json
      date:
      - Mon, 21 Feb 2022 08:37:42 GMT
      expires:
      - '-1'
      pragma:
      - no-cache
      server:
      - nginx
      strict-transport-security:
      - max-age=31536000; includeSubDomains
      transfer-encoding:
      - chunked
      vary:
      - Accept-Encoding
      x-content-type-options:
      - nosniff
    status:
      code: 200
      message: OK
- request:
    body: null
    headers:
      Accept:
      - '*/*'
      Accept-Encoding:
      - gzip, deflate
      CommandName:
      - aks scale
      Connection:
      - keep-alive
      ParameterSetName:
      - -g -n --nodepool-name --node-count
      User-Agent:
      - AZURECLI/2.33.1 azsdk-python-azure-mgmt-containerservice/17.0.0 Python/3.8.10
        (Linux-5.11.0-1028-azure-x86_64-with-glibc2.29)
    method: GET
    uri: https://management.azure.com/subscriptions/00000000-0000-0000-0000-000000000000/providers/Microsoft.ContainerService/locations/westus2/operations/eeade4c9-d8b4-475d-b3e6-633e771db5d9?api-version=2016-03-30
  response:
    body:
      string: "{\n  \"name\": \"c9e4adee-b4d8-5d47-b3e6-633e771db5d9\",\n  \"status\":
        \"InProgress\",\n  \"startTime\": \"2022-02-21T08:35:42.32Z\"\n }"
    headers:
      cache-control:
      - no-cache
      content-length:
      - '121'
      content-type:
      - application/json
      date:
      - Mon, 21 Feb 2022 08:38:12 GMT
      expires:
      - '-1'
      pragma:
      - no-cache
      server:
      - nginx
      strict-transport-security:
      - max-age=31536000; includeSubDomains
      transfer-encoding:
      - chunked
      vary:
      - Accept-Encoding
      x-content-type-options:
      - nosniff
    status:
      code: 200
      message: OK
- request:
    body: null
    headers:
      Accept:
      - '*/*'
      Accept-Encoding:
      - gzip, deflate
      CommandName:
      - aks scale
      Connection:
      - keep-alive
      ParameterSetName:
      - -g -n --nodepool-name --node-count
      User-Agent:
      - AZURECLI/2.33.1 azsdk-python-azure-mgmt-containerservice/17.0.0 Python/3.8.10
        (Linux-5.11.0-1028-azure-x86_64-with-glibc2.29)
    method: GET
    uri: https://management.azure.com/subscriptions/00000000-0000-0000-0000-000000000000/providers/Microsoft.ContainerService/locations/westus2/operations/eeade4c9-d8b4-475d-b3e6-633e771db5d9?api-version=2016-03-30
  response:
    body:
      string: "{\n  \"name\": \"c9e4adee-b4d8-5d47-b3e6-633e771db5d9\",\n  \"status\":
        \"InProgress\",\n  \"startTime\": \"2022-02-21T08:35:42.32Z\"\n }"
    headers:
      cache-control:
      - no-cache
      content-length:
      - '121'
      content-type:
      - application/json
      date:
      - Mon, 21 Feb 2022 08:38:42 GMT
      expires:
      - '-1'
      pragma:
      - no-cache
      server:
      - nginx
      strict-transport-security:
      - max-age=31536000; includeSubDomains
      transfer-encoding:
      - chunked
      vary:
      - Accept-Encoding
      x-content-type-options:
      - nosniff
    status:
      code: 200
      message: OK
- request:
    body: null
    headers:
      Accept:
      - '*/*'
      Accept-Encoding:
      - gzip, deflate
      CommandName:
      - aks scale
      Connection:
      - keep-alive
      ParameterSetName:
      - -g -n --nodepool-name --node-count
      User-Agent:
      - AZURECLI/2.33.1 azsdk-python-azure-mgmt-containerservice/17.0.0 Python/3.8.10
        (Linux-5.11.0-1028-azure-x86_64-with-glibc2.29)
    method: GET
    uri: https://management.azure.com/subscriptions/00000000-0000-0000-0000-000000000000/providers/Microsoft.ContainerService/locations/westus2/operations/eeade4c9-d8b4-475d-b3e6-633e771db5d9?api-version=2016-03-30
  response:
    body:
      string: "{\n  \"name\": \"c9e4adee-b4d8-5d47-b3e6-633e771db5d9\",\n  \"status\":
        \"InProgress\",\n  \"startTime\": \"2022-02-21T08:35:42.32Z\"\n }"
    headers:
      cache-control:
      - no-cache
      content-length:
      - '121'
      content-type:
      - application/json
      date:
      - Mon, 21 Feb 2022 08:39:12 GMT
      expires:
      - '-1'
      pragma:
      - no-cache
      server:
      - nginx
      strict-transport-security:
      - max-age=31536000; includeSubDomains
      transfer-encoding:
      - chunked
      vary:
      - Accept-Encoding
      x-content-type-options:
      - nosniff
    status:
      code: 200
      message: OK
- request:
    body: null
    headers:
      Accept:
      - '*/*'
      Accept-Encoding:
      - gzip, deflate
      CommandName:
      - aks scale
      Connection:
      - keep-alive
      ParameterSetName:
      - -g -n --nodepool-name --node-count
      User-Agent:
      - AZURECLI/2.33.1 azsdk-python-azure-mgmt-containerservice/17.0.0 Python/3.8.10
        (Linux-5.11.0-1028-azure-x86_64-with-glibc2.29)
    method: GET
    uri: https://management.azure.com/subscriptions/00000000-0000-0000-0000-000000000000/providers/Microsoft.ContainerService/locations/westus2/operations/eeade4c9-d8b4-475d-b3e6-633e771db5d9?api-version=2016-03-30
  response:
    body:
      string: "{\n  \"name\": \"c9e4adee-b4d8-5d47-b3e6-633e771db5d9\",\n  \"status\":
        \"InProgress\",\n  \"startTime\": \"2022-02-21T08:35:42.32Z\"\n }"
    headers:
      cache-control:
      - no-cache
      content-length:
      - '121'
      content-type:
      - application/json
      date:
      - Mon, 21 Feb 2022 08:39:42 GMT
      expires:
      - '-1'
      pragma:
      - no-cache
      server:
      - nginx
      strict-transport-security:
      - max-age=31536000; includeSubDomains
      transfer-encoding:
      - chunked
      vary:
      - Accept-Encoding
      x-content-type-options:
      - nosniff
    status:
      code: 200
      message: OK
- request:
    body: null
    headers:
      Accept:
      - '*/*'
      Accept-Encoding:
      - gzip, deflate
      CommandName:
      - aks scale
      Connection:
      - keep-alive
      ParameterSetName:
      - -g -n --nodepool-name --node-count
      User-Agent:
      - AZURECLI/2.33.1 azsdk-python-azure-mgmt-containerservice/17.0.0 Python/3.8.10
        (Linux-5.11.0-1028-azure-x86_64-with-glibc2.29)
    method: GET
    uri: https://management.azure.com/subscriptions/00000000-0000-0000-0000-000000000000/providers/Microsoft.ContainerService/locations/westus2/operations/eeade4c9-d8b4-475d-b3e6-633e771db5d9?api-version=2016-03-30
  response:
    body:
      string: "{\n  \"name\": \"c9e4adee-b4d8-5d47-b3e6-633e771db5d9\",\n  \"status\":
        \"Succeeded\",\n  \"startTime\": \"2022-02-21T08:35:42.32Z\",\n  \"endTime\":
        \"2022-02-21T08:40:02.1491684Z\"\n }"
    headers:
      cache-control:
      - no-cache
      content-length:
      - '165'
      content-type:
      - application/json
      date:
      - Mon, 21 Feb 2022 08:40:12 GMT
      expires:
      - '-1'
      pragma:
      - no-cache
      server:
      - nginx
      strict-transport-security:
      - max-age=31536000; includeSubDomains
      transfer-encoding:
      - chunked
      vary:
      - Accept-Encoding
      x-content-type-options:
      - nosniff
    status:
      code: 200
      message: OK
- request:
    body: null
    headers:
      Accept:
      - '*/*'
      Accept-Encoding:
      - gzip, deflate
      CommandName:
      - aks scale
      Connection:
      - keep-alive
      ParameterSetName:
      - -g -n --nodepool-name --node-count
      User-Agent:
      - AZURECLI/2.33.1 azsdk-python-azure-mgmt-containerservice/17.0.0 Python/3.8.10
        (Linux-5.11.0-1028-azure-x86_64-with-glibc2.29)
    method: GET
    uri: https://management.azure.com/subscriptions/00000000-0000-0000-0000-000000000000/resourceGroups/clitest000001/providers/Microsoft.ContainerService/managedClusters/cliakstest000003?api-version=2022-01-01
  response:
    body:
      string: "{\n  \"id\": \"/subscriptions/00000000-0000-0000-0000-000000000000/resourcegroups/clitest000001/providers/Microsoft.ContainerService/managedClusters/cliakstest000003\",\n
        \ \"location\": \"westus2\",\n  \"name\": \"cliakstest000003\",\n  \"tags\":
        {\n   \"scenario_test\": \"\"\n  },\n  \"type\": \"Microsoft.ContainerService/ManagedClusters\",\n
        \ \"properties\": {\n   \"provisioningState\": \"Succeeded\",\n   \"powerState\":
        {\n    \"code\": \"Running\"\n   },\n   \"kubernetesVersion\": \"1.22.6\",\n
        \  \"dnsPrefix\": \"cliaksdns000004\",\n   \"fqdn\": \"cliaksdns000004-dbba4b62.hcp.westus2.azmk8s.io\",\n
        \  \"azurePortalFQDN\": \"cliaksdns000004-dbba4b62.portal.hcp.westus2.azmk8s.io\",\n
        \  \"agentPoolProfiles\": [\n    {\n     \"name\": \"np000005\",\n     \"count\":
        3,\n     \"vmSize\": \"Standard_DS2_v2\",\n     \"osDiskSizeGB\": 128,\n     \"osDiskType\":
        \"Managed\",\n     \"kubeletDiskType\": \"OS\",\n     \"maxPods\": 110,\n
        \    \"type\": \"VirtualMachineScaleSets\",\n     \"enableAutoScaling\": false,\n
        \    \"provisioningState\": \"Succeeded\",\n     \"powerState\": {\n      \"code\":
        \"Running\"\n     },\n     \"orchestratorVersion\": \"1.22.6\",\n     \"enableNodePublicIP\":
        false,\n     \"mode\": \"System\",\n     \"enableEncryptionAtHost\": false,\n
        \    \"enableUltraSSD\": false,\n     \"osType\": \"Linux\",\n     \"osSKU\":
        \"Ubuntu\",\n     \"nodeImageVersion\": \"AKSUbuntu-1804gen2containerd-2022.02.01\",\n
        \    \"enableFIPS\": false\n    }\n   ],\n   \"linuxProfile\": {\n    \"adminUsername\":
        \"azureuser\",\n    \"ssh\": {\n     \"publicKeys\": [\n      {\n       \"keyData\":
        \"ssh-rsa AAAAB3NzaC1yc2EAAAADAQABAAABAQCkTqGRK3zmJN9ar1LkFXK3AX608uwaOVre4fFs7sYelK/wjQb9JbtBEFYeps4rk0OufUrQaH4lD5rjflE1plT0slh9PiYtmZxPLYF8Y2ZaCLXvsae6CLfYlQdssE+N+3VANXJfaCmfAUUwlBWio5VEFEKiv6uD2I9pDlldyVnXZX8DbVFiuyK3R4ALQ7OTKyIblql8ir6uPGwzK5meKs9I/ZrUPtNbrKUsyhl0khLPr+VfumUGDtgwTMhnRz1JbYpiegQdMpkB65cIXZGPsC7Nyfv78AKuDklcOfoKwmkZ1+YubPS53qOQm6baTICuN0YgYHl7MZFqrFhmpFysqoKT
        azcli_aks_live_test@example.com\\n\"\n      }\n     ]\n    }\n   },\n   \"servicePrincipalProfile\":
        {\n    \"clientId\":\"00000000-0000-0000-0000-000000000001\"\n   },\n   \"nodeResourceGroup\":
        \"MC_clitest000001_cliakstest000003_westus2\",\n   \"enableRBAC\": true,\n
        \  \"networkProfile\": {\n    \"networkPlugin\": \"kubenet\",\n    \"loadBalancerSku\":
        \"Standard\",\n    \"loadBalancerProfile\": {\n     \"managedOutboundIPs\":
        {\n      \"count\": 1\n     },\n     \"effectiveOutboundIPs\": [\n      {\n
        \      \"id\": \"/subscriptions/00000000-0000-0000-0000-000000000000/resourceGroups/MC_clitest000001_cliakstest000003_westus2/providers/Microsoft.Network/publicIPAddresses/707299c5-74fc-4c91-acde-3de0f82d670e\"\n
        \     }\n     ]\n    },\n    \"podCidr\": \"10.244.0.0/16\",\n    \"serviceCidr\":
        \"10.0.0.0/16\",\n    \"dnsServiceIP\": \"10.0.0.10\",\n    \"dockerBridgeCidr\":
        \"172.17.0.1/16\",\n    \"outboundType\": \"loadBalancer\",\n    \"podCidrs\":
        [\n     \"10.244.0.0/16\"\n    ],\n    \"serviceCidrs\": [\n     \"10.0.0.0/16\"\n
        \   ],\n    \"ipFamilies\": [\n     \"IPv4\"\n    ]\n   },\n   \"maxAgentPools\":
        100,\n   \"disableLocalAccounts\": false\n  },\n  \"sku\": {\n   \"name\":
        \"Basic\",\n   \"tier\": \"Free\"\n  }\n }"
    headers:
      cache-control:
      - no-cache
      content-length:
      - '2938'
      content-type:
      - application/json
      date:
      - Mon, 21 Feb 2022 08:40:13 GMT
      expires:
      - '-1'
      pragma:
      - no-cache
      server:
      - nginx
      strict-transport-security:
      - max-age=31536000; includeSubDomains
      transfer-encoding:
      - chunked
      vary:
      - Accept-Encoding
      x-content-type-options:
      - nosniff
    status:
      code: 200
      message: OK
- request:
    body: null
    headers:
      Accept:
      - application/json
      Accept-Encoding:
      - gzip, deflate
      CommandName:
      - aks show
      Connection:
      - keep-alive
      ParameterSetName:
      - -g -n
      User-Agent:
      - AZURECLI/2.33.1 azsdk-python-azure-mgmt-containerservice/17.0.0 Python/3.8.10
        (Linux-5.11.0-1028-azure-x86_64-with-glibc2.29)
    method: GET
    uri: https://management.azure.com/subscriptions/00000000-0000-0000-0000-000000000000/resourceGroups/clitest000001/providers/Microsoft.ContainerService/managedClusters/cliakstest000003?api-version=2022-01-01
  response:
    body:
      string: "{\n  \"id\": \"/subscriptions/00000000-0000-0000-0000-000000000000/resourcegroups/clitest000001/providers/Microsoft.ContainerService/managedClusters/cliakstest000003\",\n
        \ \"location\": \"westus2\",\n  \"name\": \"cliakstest000003\",\n  \"tags\":
        {\n   \"scenario_test\": \"\"\n  },\n  \"type\": \"Microsoft.ContainerService/ManagedClusters\",\n
        \ \"properties\": {\n   \"provisioningState\": \"Succeeded\",\n   \"powerState\":
        {\n    \"code\": \"Running\"\n   },\n   \"kubernetesVersion\": \"1.22.6\",\n
        \  \"dnsPrefix\": \"cliaksdns000004\",\n   \"fqdn\": \"cliaksdns000004-dbba4b62.hcp.westus2.azmk8s.io\",\n
        \  \"azurePortalFQDN\": \"cliaksdns000004-dbba4b62.portal.hcp.westus2.azmk8s.io\",\n
        \  \"agentPoolProfiles\": [\n    {\n     \"name\": \"np000005\",\n     \"count\":
        3,\n     \"vmSize\": \"Standard_DS2_v2\",\n     \"osDiskSizeGB\": 128,\n     \"osDiskType\":
        \"Managed\",\n     \"kubeletDiskType\": \"OS\",\n     \"maxPods\": 110,\n
        \    \"type\": \"VirtualMachineScaleSets\",\n     \"enableAutoScaling\": false,\n
        \    \"provisioningState\": \"Succeeded\",\n     \"powerState\": {\n      \"code\":
        \"Running\"\n     },\n     \"orchestratorVersion\": \"1.22.6\",\n     \"enableNodePublicIP\":
        false,\n     \"mode\": \"System\",\n     \"enableEncryptionAtHost\": false,\n
        \    \"enableUltraSSD\": false,\n     \"osType\": \"Linux\",\n     \"osSKU\":
        \"Ubuntu\",\n     \"nodeImageVersion\": \"AKSUbuntu-1804gen2containerd-2022.02.01\",\n
        \    \"enableFIPS\": false\n    }\n   ],\n   \"linuxProfile\": {\n    \"adminUsername\":
        \"azureuser\",\n    \"ssh\": {\n     \"publicKeys\": [\n      {\n       \"keyData\":
        \"ssh-rsa AAAAB3NzaC1yc2EAAAADAQABAAABAQCkTqGRK3zmJN9ar1LkFXK3AX608uwaOVre4fFs7sYelK/wjQb9JbtBEFYeps4rk0OufUrQaH4lD5rjflE1plT0slh9PiYtmZxPLYF8Y2ZaCLXvsae6CLfYlQdssE+N+3VANXJfaCmfAUUwlBWio5VEFEKiv6uD2I9pDlldyVnXZX8DbVFiuyK3R4ALQ7OTKyIblql8ir6uPGwzK5meKs9I/ZrUPtNbrKUsyhl0khLPr+VfumUGDtgwTMhnRz1JbYpiegQdMpkB65cIXZGPsC7Nyfv78AKuDklcOfoKwmkZ1+YubPS53qOQm6baTICuN0YgYHl7MZFqrFhmpFysqoKT
        azcli_aks_live_test@example.com\\n\"\n      }\n     ]\n    }\n   },\n   \"servicePrincipalProfile\":
        {\n    \"clientId\":\"00000000-0000-0000-0000-000000000001\"\n   },\n   \"nodeResourceGroup\":
        \"MC_clitest000001_cliakstest000003_westus2\",\n   \"enableRBAC\": true,\n
        \  \"networkProfile\": {\n    \"networkPlugin\": \"kubenet\",\n    \"loadBalancerSku\":
        \"Standard\",\n    \"loadBalancerProfile\": {\n     \"managedOutboundIPs\":
        {\n      \"count\": 1\n     },\n     \"effectiveOutboundIPs\": [\n      {\n
        \      \"id\": \"/subscriptions/00000000-0000-0000-0000-000000000000/resourceGroups/MC_clitest000001_cliakstest000003_westus2/providers/Microsoft.Network/publicIPAddresses/707299c5-74fc-4c91-acde-3de0f82d670e\"\n
        \     }\n     ]\n    },\n    \"podCidr\": \"10.244.0.0/16\",\n    \"serviceCidr\":
        \"10.0.0.0/16\",\n    \"dnsServiceIP\": \"10.0.0.10\",\n    \"dockerBridgeCidr\":
        \"172.17.0.1/16\",\n    \"outboundType\": \"loadBalancer\",\n    \"podCidrs\":
        [\n     \"10.244.0.0/16\"\n    ],\n    \"serviceCidrs\": [\n     \"10.0.0.0/16\"\n
        \   ],\n    \"ipFamilies\": [\n     \"IPv4\"\n    ]\n   },\n   \"maxAgentPools\":
        100,\n   \"disableLocalAccounts\": false\n  },\n  \"sku\": {\n   \"name\":
        \"Basic\",\n   \"tier\": \"Free\"\n  }\n }"
    headers:
      cache-control:
      - no-cache
      content-length:
      - '2938'
      content-type:
      - application/json
      date:
      - Mon, 21 Feb 2022 08:40:13 GMT
      expires:
      - '-1'
      pragma:
      - no-cache
      server:
      - nginx
      strict-transport-security:
      - max-age=31536000; includeSubDomains
      transfer-encoding:
      - chunked
      vary:
      - Accept-Encoding
      x-content-type-options:
      - nosniff
    status:
      code: 200
      message: OK
- request:
    body: null
    headers:
      Accept:
      - application/json
      Accept-Encoding:
      - gzip, deflate
      CommandName:
      - aks delete
      Connection:
      - keep-alive
      Content-Length:
      - '0'
      ParameterSetName:
      - -g -n --yes
      User-Agent:
      - AZURECLI/2.33.1 azsdk-python-azure-mgmt-containerservice/17.0.0 Python/3.8.10
        (Linux-5.11.0-1028-azure-x86_64-with-glibc2.29)
    method: DELETE
    uri: https://management.azure.com/subscriptions/00000000-0000-0000-0000-000000000000/resourceGroups/clitest000001/providers/Microsoft.ContainerService/managedClusters/cliakstest000003?api-version=2022-01-01
  response:
    body:
      string: ''
    headers:
      azure-asyncoperation:
      - https://management.azure.com/subscriptions/00000000-0000-0000-0000-000000000000/providers/Microsoft.ContainerService/locations/westus2/operations/e98e62cb-3803-4a75-850a-39e9284a9f57?api-version=2016-03-30
      cache-control:
      - no-cache
      content-length:
      - '0'
      date:
      - Mon, 21 Feb 2022 08:40:14 GMT
      expires:
      - '-1'
      location:
      - https://management.azure.com/subscriptions/00000000-0000-0000-0000-000000000000/providers/Microsoft.ContainerService/locations/westus2/operationresults/e98e62cb-3803-4a75-850a-39e9284a9f57?api-version=2016-03-30
      pragma:
      - no-cache
      server:
      - nginx
      strict-transport-security:
      - max-age=31536000; includeSubDomains
      x-content-type-options:
      - nosniff
      x-ms-ratelimit-remaining-subscription-deletes:
      - '14998'
    status:
      code: 202
      message: Accepted
- request:
    body: null
    headers:
      Accept:
      - '*/*'
      Accept-Encoding:
      - gzip, deflate
      CommandName:
      - aks delete
      Connection:
      - keep-alive
      ParameterSetName:
      - -g -n --yes
      User-Agent:
      - AZURECLI/2.33.1 azsdk-python-azure-mgmt-containerservice/17.0.0 Python/3.8.10
        (Linux-5.11.0-1028-azure-x86_64-with-glibc2.29)
    method: GET
    uri: https://management.azure.com/subscriptions/00000000-0000-0000-0000-000000000000/providers/Microsoft.ContainerService/locations/westus2/operations/e98e62cb-3803-4a75-850a-39e9284a9f57?api-version=2016-03-30
  response:
    body:
      string: "{\n  \"name\": \"cb628ee9-0338-754a-850a-39e9284a9f57\",\n  \"status\":
        \"InProgress\",\n  \"startTime\": \"2022-02-21T08:40:14.8633333Z\"\n }"
    headers:
      cache-control:
      - no-cache
      content-length:
      - '126'
      content-type:
      - application/json
      date:
      - Mon, 21 Feb 2022 08:40:45 GMT
      expires:
      - '-1'
      pragma:
      - no-cache
      server:
      - nginx
      strict-transport-security:
      - max-age=31536000; includeSubDomains
      transfer-encoding:
      - chunked
      vary:
      - Accept-Encoding
      x-content-type-options:
      - nosniff
    status:
      code: 200
      message: OK
- request:
    body: null
    headers:
      Accept:
      - '*/*'
      Accept-Encoding:
      - gzip, deflate
      CommandName:
      - aks delete
      Connection:
      - keep-alive
      ParameterSetName:
      - -g -n --yes
      User-Agent:
      - AZURECLI/2.33.1 azsdk-python-azure-mgmt-containerservice/17.0.0 Python/3.8.10
        (Linux-5.11.0-1028-azure-x86_64-with-glibc2.29)
    method: GET
    uri: https://management.azure.com/subscriptions/00000000-0000-0000-0000-000000000000/providers/Microsoft.ContainerService/locations/westus2/operations/e98e62cb-3803-4a75-850a-39e9284a9f57?api-version=2016-03-30
  response:
    body:
      string: "{\n  \"name\": \"cb628ee9-0338-754a-850a-39e9284a9f57\",\n  \"status\":
        \"InProgress\",\n  \"startTime\": \"2022-02-21T08:40:14.8633333Z\"\n }"
    headers:
      cache-control:
      - no-cache
      content-length:
      - '126'
      content-type:
      - application/json
      date:
      - Mon, 21 Feb 2022 08:41:14 GMT
      expires:
      - '-1'
      pragma:
      - no-cache
      server:
      - nginx
      strict-transport-security:
      - max-age=31536000; includeSubDomains
      transfer-encoding:
      - chunked
      vary:
      - Accept-Encoding
      x-content-type-options:
      - nosniff
    status:
      code: 200
      message: OK
- request:
    body: null
    headers:
      Accept:
      - '*/*'
      Accept-Encoding:
      - gzip, deflate
      CommandName:
      - aks delete
      Connection:
      - keep-alive
      ParameterSetName:
      - -g -n --yes
      User-Agent:
      - AZURECLI/2.33.1 azsdk-python-azure-mgmt-containerservice/17.0.0 Python/3.8.10
        (Linux-5.11.0-1028-azure-x86_64-with-glibc2.29)
    method: GET
    uri: https://management.azure.com/subscriptions/00000000-0000-0000-0000-000000000000/providers/Microsoft.ContainerService/locations/westus2/operations/e98e62cb-3803-4a75-850a-39e9284a9f57?api-version=2016-03-30
  response:
    body:
      string: "{\n  \"name\": \"cb628ee9-0338-754a-850a-39e9284a9f57\",\n  \"status\":
        \"InProgress\",\n  \"startTime\": \"2022-02-21T08:40:14.8633333Z\"\n }"
    headers:
      cache-control:
      - no-cache
      content-length:
      - '126'
      content-type:
      - application/json
      date:
      - Mon, 21 Feb 2022 08:41:44 GMT
      expires:
      - '-1'
      pragma:
      - no-cache
      server:
      - nginx
      strict-transport-security:
      - max-age=31536000; includeSubDomains
      transfer-encoding:
      - chunked
      vary:
      - Accept-Encoding
      x-content-type-options:
      - nosniff
    status:
      code: 200
      message: OK
- request:
    body: null
    headers:
      Accept:
      - '*/*'
      Accept-Encoding:
      - gzip, deflate
      CommandName:
      - aks delete
      Connection:
      - keep-alive
      ParameterSetName:
      - -g -n --yes
      User-Agent:
      - AZURECLI/2.33.1 azsdk-python-azure-mgmt-containerservice/17.0.0 Python/3.8.10
        (Linux-5.11.0-1028-azure-x86_64-with-glibc2.29)
    method: GET
    uri: https://management.azure.com/subscriptions/00000000-0000-0000-0000-000000000000/providers/Microsoft.ContainerService/locations/westus2/operations/e98e62cb-3803-4a75-850a-39e9284a9f57?api-version=2016-03-30
  response:
    body:
      string: "{\n  \"name\": \"cb628ee9-0338-754a-850a-39e9284a9f57\",\n  \"status\":
        \"InProgress\",\n  \"startTime\": \"2022-02-21T08:40:14.8633333Z\"\n }"
    headers:
      cache-control:
      - no-cache
      content-length:
      - '126'
      content-type:
      - application/json
      date:
      - Mon, 21 Feb 2022 08:42:14 GMT
      expires:
      - '-1'
      pragma:
      - no-cache
      server:
      - nginx
      strict-transport-security:
      - max-age=31536000; includeSubDomains
      transfer-encoding:
      - chunked
      vary:
      - Accept-Encoding
      x-content-type-options:
      - nosniff
    status:
      code: 200
      message: OK
- request:
    body: null
    headers:
      Accept:
      - '*/*'
      Accept-Encoding:
      - gzip, deflate
      CommandName:
      - aks delete
      Connection:
      - keep-alive
      ParameterSetName:
      - -g -n --yes
      User-Agent:
      - AZURECLI/2.33.1 azsdk-python-azure-mgmt-containerservice/17.0.0 Python/3.8.10
        (Linux-5.11.0-1028-azure-x86_64-with-glibc2.29)
    method: GET
    uri: https://management.azure.com/subscriptions/00000000-0000-0000-0000-000000000000/providers/Microsoft.ContainerService/locations/westus2/operations/e98e62cb-3803-4a75-850a-39e9284a9f57?api-version=2016-03-30
  response:
    body:
      string: "{\n  \"name\": \"cb628ee9-0338-754a-850a-39e9284a9f57\",\n  \"status\":
        \"InProgress\",\n  \"startTime\": \"2022-02-21T08:40:14.8633333Z\"\n }"
    headers:
      cache-control:
      - no-cache
      content-length:
      - '126'
      content-type:
      - application/json
      date:
      - Mon, 21 Feb 2022 08:42:44 GMT
      expires:
      - '-1'
      pragma:
      - no-cache
      server:
      - nginx
      strict-transport-security:
      - max-age=31536000; includeSubDomains
      transfer-encoding:
      - chunked
      vary:
      - Accept-Encoding
      x-content-type-options:
      - nosniff
    status:
      code: 200
      message: OK
- request:
    body: null
    headers:
      Accept:
      - '*/*'
      Accept-Encoding:
      - gzip, deflate
      CommandName:
      - aks delete
      Connection:
      - keep-alive
      ParameterSetName:
      - -g -n --yes
      User-Agent:
      - AZURECLI/2.33.1 azsdk-python-azure-mgmt-containerservice/17.0.0 Python/3.8.10
        (Linux-5.11.0-1028-azure-x86_64-with-glibc2.29)
    method: GET
    uri: https://management.azure.com/subscriptions/00000000-0000-0000-0000-000000000000/providers/Microsoft.ContainerService/locations/westus2/operations/e98e62cb-3803-4a75-850a-39e9284a9f57?api-version=2016-03-30
  response:
    body:
      string: "{\n  \"name\": \"cb628ee9-0338-754a-850a-39e9284a9f57\",\n  \"status\":
        \"InProgress\",\n  \"startTime\": \"2022-02-21T08:40:14.8633333Z\"\n }"
    headers:
      cache-control:
      - no-cache
      content-length:
      - '126'
      content-type:
      - application/json
      date:
      - Mon, 21 Feb 2022 08:43:15 GMT
      expires:
      - '-1'
      pragma:
      - no-cache
      server:
      - nginx
      strict-transport-security:
      - max-age=31536000; includeSubDomains
      transfer-encoding:
      - chunked
      vary:
      - Accept-Encoding
      x-content-type-options:
      - nosniff
    status:
      code: 200
      message: OK
- request:
    body: null
    headers:
      Accept:
      - '*/*'
      Accept-Encoding:
      - gzip, deflate
      CommandName:
      - aks delete
      Connection:
      - keep-alive
      ParameterSetName:
      - -g -n --yes
      User-Agent:
      - AZURECLI/2.33.1 azsdk-python-azure-mgmt-containerservice/17.0.0 Python/3.8.10
        (Linux-5.11.0-1028-azure-x86_64-with-glibc2.29)
    method: GET
    uri: https://management.azure.com/subscriptions/00000000-0000-0000-0000-000000000000/providers/Microsoft.ContainerService/locations/westus2/operations/e98e62cb-3803-4a75-850a-39e9284a9f57?api-version=2016-03-30
  response:
    body:
      string: "{\n  \"name\": \"cb628ee9-0338-754a-850a-39e9284a9f57\",\n  \"status\":
        \"InProgress\",\n  \"startTime\": \"2022-02-21T08:40:14.8633333Z\"\n }"
    headers:
      cache-control:
      - no-cache
      content-length:
      - '126'
      content-type:
      - application/json
      date:
      - Mon, 21 Feb 2022 08:43:45 GMT
      expires:
      - '-1'
      pragma:
      - no-cache
      server:
      - nginx
      strict-transport-security:
      - max-age=31536000; includeSubDomains
      transfer-encoding:
      - chunked
      vary:
      - Accept-Encoding
      x-content-type-options:
      - nosniff
    status:
      code: 200
      message: OK
- request:
    body: null
    headers:
      Accept:
      - '*/*'
      Accept-Encoding:
      - gzip, deflate
      CommandName:
      - aks delete
      Connection:
      - keep-alive
      ParameterSetName:
      - -g -n --yes
      User-Agent:
      - AZURECLI/2.33.1 azsdk-python-azure-mgmt-containerservice/17.0.0 Python/3.8.10
        (Linux-5.11.0-1028-azure-x86_64-with-glibc2.29)
    method: GET
    uri: https://management.azure.com/subscriptions/00000000-0000-0000-0000-000000000000/providers/Microsoft.ContainerService/locations/westus2/operations/e98e62cb-3803-4a75-850a-39e9284a9f57?api-version=2016-03-30
  response:
    body:
      string: "{\n  \"name\": \"cb628ee9-0338-754a-850a-39e9284a9f57\",\n  \"status\":
        \"InProgress\",\n  \"startTime\": \"2022-02-21T08:40:14.8633333Z\"\n }"
    headers:
      cache-control:
      - no-cache
      content-length:
      - '126'
      content-type:
      - application/json
      date:
      - Mon, 21 Feb 2022 08:44:15 GMT
      expires:
      - '-1'
      pragma:
      - no-cache
      server:
      - nginx
      strict-transport-security:
      - max-age=31536000; includeSubDomains
      transfer-encoding:
      - chunked
      vary:
      - Accept-Encoding
      x-content-type-options:
      - nosniff
    status:
      code: 200
      message: OK
- request:
    body: null
    headers:
      Accept:
      - '*/*'
      Accept-Encoding:
      - gzip, deflate
      CommandName:
      - aks delete
      Connection:
      - keep-alive
      ParameterSetName:
      - -g -n --yes
      User-Agent:
      - AZURECLI/2.33.1 azsdk-python-azure-mgmt-containerservice/17.0.0 Python/3.8.10
        (Linux-5.11.0-1028-azure-x86_64-with-glibc2.29)
    method: GET
    uri: https://management.azure.com/subscriptions/00000000-0000-0000-0000-000000000000/providers/Microsoft.ContainerService/locations/westus2/operations/e98e62cb-3803-4a75-850a-39e9284a9f57?api-version=2016-03-30
  response:
    body:
      string: "{\n  \"name\": \"cb628ee9-0338-754a-850a-39e9284a9f57\",\n  \"status\":
        \"InProgress\",\n  \"startTime\": \"2022-02-21T08:40:14.8633333Z\"\n }"
    headers:
      cache-control:
      - no-cache
      content-length:
      - '126'
      content-type:
      - application/json
      date:
      - Mon, 21 Feb 2022 08:44:44 GMT
      expires:
      - '-1'
      pragma:
      - no-cache
      server:
      - nginx
      strict-transport-security:
      - max-age=31536000; includeSubDomains
      transfer-encoding:
      - chunked
      vary:
      - Accept-Encoding
      x-content-type-options:
      - nosniff
    status:
      code: 200
      message: OK
- request:
    body: null
    headers:
      Accept:
      - '*/*'
      Accept-Encoding:
      - gzip, deflate
      CommandName:
      - aks delete
      Connection:
      - keep-alive
      ParameterSetName:
      - -g -n --yes
      User-Agent:
      - AZURECLI/2.33.1 azsdk-python-azure-mgmt-containerservice/17.0.0 Python/3.8.10
        (Linux-5.11.0-1028-azure-x86_64-with-glibc2.29)
    method: GET
    uri: https://management.azure.com/subscriptions/00000000-0000-0000-0000-000000000000/providers/Microsoft.ContainerService/locations/westus2/operations/e98e62cb-3803-4a75-850a-39e9284a9f57?api-version=2016-03-30
  response:
    body:
      string: "{\n  \"name\": \"cb628ee9-0338-754a-850a-39e9284a9f57\",\n  \"status\":
        \"InProgress\",\n  \"startTime\": \"2022-02-21T08:40:14.8633333Z\"\n }"
    headers:
      cache-control:
      - no-cache
      content-length:
      - '126'
      content-type:
      - application/json
      date:
      - Mon, 21 Feb 2022 08:45:15 GMT
      expires:
      - '-1'
      pragma:
      - no-cache
      server:
      - nginx
      strict-transport-security:
      - max-age=31536000; includeSubDomains
      transfer-encoding:
      - chunked
      vary:
      - Accept-Encoding
      x-content-type-options:
      - nosniff
    status:
      code: 200
      message: OK
- request:
    body: null
    headers:
      Accept:
      - '*/*'
      Accept-Encoding:
      - gzip, deflate
      CommandName:
      - aks delete
      Connection:
      - keep-alive
      ParameterSetName:
      - -g -n --yes
      User-Agent:
      - AZURECLI/2.33.1 azsdk-python-azure-mgmt-containerservice/17.0.0 Python/3.8.10
        (Linux-5.11.0-1028-azure-x86_64-with-glibc2.29)
    method: GET
    uri: https://management.azure.com/subscriptions/00000000-0000-0000-0000-000000000000/providers/Microsoft.ContainerService/locations/westus2/operations/e98e62cb-3803-4a75-850a-39e9284a9f57?api-version=2016-03-30
  response:
    body:
      string: "{\n  \"name\": \"cb628ee9-0338-754a-850a-39e9284a9f57\",\n  \"status\":
        \"InProgress\",\n  \"startTime\": \"2022-02-21T08:40:14.8633333Z\"\n }"
    headers:
      cache-control:
      - no-cache
      content-length:
      - '126'
      content-type:
      - application/json
      date:
      - Mon, 21 Feb 2022 08:45:45 GMT
      expires:
      - '-1'
      pragma:
      - no-cache
      server:
      - nginx
      strict-transport-security:
      - max-age=31536000; includeSubDomains
      transfer-encoding:
      - chunked
      vary:
      - Accept-Encoding
      x-content-type-options:
      - nosniff
    status:
      code: 200
      message: OK
- request:
    body: null
    headers:
      Accept:
      - '*/*'
      Accept-Encoding:
      - gzip, deflate
      CommandName:
      - aks delete
      Connection:
      - keep-alive
      ParameterSetName:
      - -g -n --yes
      User-Agent:
      - AZURECLI/2.33.1 azsdk-python-azure-mgmt-containerservice/17.0.0 Python/3.8.10
        (Linux-5.11.0-1028-azure-x86_64-with-glibc2.29)
    method: GET
    uri: https://management.azure.com/subscriptions/00000000-0000-0000-0000-000000000000/providers/Microsoft.ContainerService/locations/westus2/operations/e98e62cb-3803-4a75-850a-39e9284a9f57?api-version=2016-03-30
  response:
    body:
      string: "{\n  \"name\": \"cb628ee9-0338-754a-850a-39e9284a9f57\",\n  \"status\":
        \"InProgress\",\n  \"startTime\": \"2022-02-21T08:40:14.8633333Z\"\n }"
    headers:
      cache-control:
      - no-cache
      content-length:
      - '126'
      content-type:
      - application/json
      date:
      - Mon, 21 Feb 2022 08:46:15 GMT
      expires:
      - '-1'
      pragma:
      - no-cache
      server:
      - nginx
      strict-transport-security:
      - max-age=31536000; includeSubDomains
      transfer-encoding:
      - chunked
      vary:
      - Accept-Encoding
      x-content-type-options:
      - nosniff
    status:
      code: 200
      message: OK
- request:
    body: null
    headers:
      Accept:
      - '*/*'
      Accept-Encoding:
      - gzip, deflate
      CommandName:
      - aks delete
      Connection:
      - keep-alive
      ParameterSetName:
      - -g -n --yes
      User-Agent:
      - AZURECLI/2.33.1 azsdk-python-azure-mgmt-containerservice/17.0.0 Python/3.8.10
        (Linux-5.11.0-1028-azure-x86_64-with-glibc2.29)
    method: GET
    uri: https://management.azure.com/subscriptions/00000000-0000-0000-0000-000000000000/providers/Microsoft.ContainerService/locations/westus2/operations/e98e62cb-3803-4a75-850a-39e9284a9f57?api-version=2016-03-30
  response:
    body:
      string: "{\n  \"name\": \"cb628ee9-0338-754a-850a-39e9284a9f57\",\n  \"status\":
        \"InProgress\",\n  \"startTime\": \"2022-02-21T08:40:14.8633333Z\"\n }"
    headers:
      cache-control:
      - no-cache
      content-length:
      - '126'
      content-type:
      - application/json
      date:
      - Mon, 21 Feb 2022 08:46:44 GMT
      expires:
      - '-1'
      pragma:
      - no-cache
      server:
      - nginx
      strict-transport-security:
      - max-age=31536000; includeSubDomains
      transfer-encoding:
      - chunked
      vary:
      - Accept-Encoding
      x-content-type-options:
      - nosniff
    status:
      code: 200
      message: OK
- request:
    body: null
    headers:
      Accept:
      - '*/*'
      Accept-Encoding:
      - gzip, deflate
      CommandName:
      - aks delete
      Connection:
      - keep-alive
      ParameterSetName:
      - -g -n --yes
      User-Agent:
      - AZURECLI/2.33.1 azsdk-python-azure-mgmt-containerservice/17.0.0 Python/3.8.10
        (Linux-5.11.0-1028-azure-x86_64-with-glibc2.29)
    method: GET
    uri: https://management.azure.com/subscriptions/00000000-0000-0000-0000-000000000000/providers/Microsoft.ContainerService/locations/westus2/operations/e98e62cb-3803-4a75-850a-39e9284a9f57?api-version=2016-03-30
  response:
    body:
      string: "{\n  \"name\": \"cb628ee9-0338-754a-850a-39e9284a9f57\",\n  \"status\":
        \"InProgress\",\n  \"startTime\": \"2022-02-21T08:40:14.8633333Z\"\n }"
    headers:
      cache-control:
      - no-cache
      content-length:
      - '126'
      content-type:
      - application/json
      date:
      - Mon, 21 Feb 2022 08:47:15 GMT
      expires:
      - '-1'
      pragma:
      - no-cache
      server:
      - nginx
      strict-transport-security:
      - max-age=31536000; includeSubDomains
      transfer-encoding:
      - chunked
      vary:
      - Accept-Encoding
      x-content-type-options:
      - nosniff
    status:
      code: 200
      message: OK
- request:
    body: null
    headers:
      Accept:
      - '*/*'
      Accept-Encoding:
      - gzip, deflate
      CommandName:
      - aks delete
      Connection:
      - keep-alive
      ParameterSetName:
      - -g -n --yes
      User-Agent:
      - AZURECLI/2.33.1 azsdk-python-azure-mgmt-containerservice/17.0.0 Python/3.8.10
        (Linux-5.11.0-1028-azure-x86_64-with-glibc2.29)
    method: GET
    uri: https://management.azure.com/subscriptions/00000000-0000-0000-0000-000000000000/providers/Microsoft.ContainerService/locations/westus2/operations/e98e62cb-3803-4a75-850a-39e9284a9f57?api-version=2016-03-30
  response:
    body:
      string: "{\n  \"name\": \"cb628ee9-0338-754a-850a-39e9284a9f57\",\n  \"status\":
        \"InProgress\",\n  \"startTime\": \"2022-02-21T08:40:14.8633333Z\"\n }"
    headers:
      cache-control:
      - no-cache
      content-length:
      - '126'
      content-type:
      - application/json
      date:
      - Mon, 21 Feb 2022 08:47:45 GMT
      expires:
      - '-1'
      pragma:
      - no-cache
      server:
      - nginx
      strict-transport-security:
      - max-age=31536000; includeSubDomains
      transfer-encoding:
      - chunked
      vary:
      - Accept-Encoding
      x-content-type-options:
      - nosniff
    status:
      code: 200
      message: OK
- request:
    body: null
    headers:
      Accept:
      - '*/*'
      Accept-Encoding:
      - gzip, deflate
      CommandName:
      - aks delete
      Connection:
      - keep-alive
      ParameterSetName:
      - -g -n --yes
      User-Agent:
      - AZURECLI/2.33.1 azsdk-python-azure-mgmt-containerservice/17.0.0 Python/3.8.10
        (Linux-5.11.0-1028-azure-x86_64-with-glibc2.29)
    method: GET
    uri: https://management.azure.com/subscriptions/00000000-0000-0000-0000-000000000000/providers/Microsoft.ContainerService/locations/westus2/operations/e98e62cb-3803-4a75-850a-39e9284a9f57?api-version=2016-03-30
  response:
    body:
      string: "{\n  \"name\": \"cb628ee9-0338-754a-850a-39e9284a9f57\",\n  \"status\":
        \"InProgress\",\n  \"startTime\": \"2022-02-21T08:40:14.8633333Z\"\n }"
    headers:
      cache-control:
      - no-cache
      content-length:
      - '126'
      content-type:
      - application/json
      date:
      - Mon, 21 Feb 2022 08:48:15 GMT
      expires:
      - '-1'
      pragma:
      - no-cache
      server:
      - nginx
      strict-transport-security:
      - max-age=31536000; includeSubDomains
      transfer-encoding:
      - chunked
      vary:
      - Accept-Encoding
      x-content-type-options:
      - nosniff
    status:
      code: 200
      message: OK
- request:
    body: null
    headers:
      Accept:
      - '*/*'
      Accept-Encoding:
      - gzip, deflate
      CommandName:
      - aks delete
      Connection:
      - keep-alive
      ParameterSetName:
      - -g -n --yes
      User-Agent:
      - AZURECLI/2.33.1 azsdk-python-azure-mgmt-containerservice/17.0.0 Python/3.8.10
        (Linux-5.11.0-1028-azure-x86_64-with-glibc2.29)
    method: GET
    uri: https://management.azure.com/subscriptions/00000000-0000-0000-0000-000000000000/providers/Microsoft.ContainerService/locations/westus2/operations/e98e62cb-3803-4a75-850a-39e9284a9f57?api-version=2016-03-30
  response:
    body:
      string: "{\n  \"name\": \"cb628ee9-0338-754a-850a-39e9284a9f57\",\n  \"status\":
        \"InProgress\",\n  \"startTime\": \"2022-02-21T08:40:14.8633333Z\"\n }"
    headers:
      cache-control:
      - no-cache
      content-length:
      - '126'
      content-type:
      - application/json
      date:
      - Mon, 21 Feb 2022 08:48:45 GMT
      expires:
      - '-1'
      pragma:
      - no-cache
      server:
      - nginx
      strict-transport-security:
      - max-age=31536000; includeSubDomains
      transfer-encoding:
      - chunked
      vary:
      - Accept-Encoding
      x-content-type-options:
      - nosniff
    status:
      code: 200
      message: OK
- request:
    body: null
    headers:
      Accept:
      - '*/*'
      Accept-Encoding:
      - gzip, deflate
      CommandName:
      - aks delete
      Connection:
      - keep-alive
      ParameterSetName:
      - -g -n --yes
      User-Agent:
      - AZURECLI/2.33.1 azsdk-python-azure-mgmt-containerservice/17.0.0 Python/3.8.10
        (Linux-5.11.0-1028-azure-x86_64-with-glibc2.29)
    method: GET
    uri: https://management.azure.com/subscriptions/00000000-0000-0000-0000-000000000000/providers/Microsoft.ContainerService/locations/westus2/operations/e98e62cb-3803-4a75-850a-39e9284a9f57?api-version=2016-03-30
  response:
    body:
      string: "{\n  \"name\": \"cb628ee9-0338-754a-850a-39e9284a9f57\",\n  \"status\":
        \"InProgress\",\n  \"startTime\": \"2022-02-21T08:40:14.8633333Z\"\n }"
    headers:
      cache-control:
      - no-cache
      content-length:
      - '126'
      content-type:
      - application/json
      date:
      - Mon, 21 Feb 2022 08:49:15 GMT
      expires:
      - '-1'
      pragma:
      - no-cache
      server:
      - nginx
      strict-transport-security:
      - max-age=31536000; includeSubDomains
      transfer-encoding:
      - chunked
      vary:
      - Accept-Encoding
      x-content-type-options:
      - nosniff
    status:
      code: 200
      message: OK
- request:
    body: null
    headers:
      Accept:
      - '*/*'
      Accept-Encoding:
      - gzip, deflate
      CommandName:
      - aks delete
      Connection:
      - keep-alive
      ParameterSetName:
      - -g -n --yes
      User-Agent:
      - AZURECLI/2.33.1 azsdk-python-azure-mgmt-containerservice/17.0.0 Python/3.8.10
        (Linux-5.11.0-1028-azure-x86_64-with-glibc2.29)
    method: GET
    uri: https://management.azure.com/subscriptions/00000000-0000-0000-0000-000000000000/providers/Microsoft.ContainerService/locations/westus2/operations/e98e62cb-3803-4a75-850a-39e9284a9f57?api-version=2016-03-30
  response:
    body:
      string: "{\n  \"name\": \"cb628ee9-0338-754a-850a-39e9284a9f57\",\n  \"status\":
        \"InProgress\",\n  \"startTime\": \"2022-02-21T08:40:14.8633333Z\"\n }"
    headers:
      cache-control:
      - no-cache
      content-length:
      - '126'
      content-type:
      - application/json
      date:
      - Mon, 21 Feb 2022 08:49:46 GMT
      expires:
      - '-1'
      pragma:
      - no-cache
      server:
      - nginx
      strict-transport-security:
      - max-age=31536000; includeSubDomains
      transfer-encoding:
      - chunked
      vary:
      - Accept-Encoding
      x-content-type-options:
      - nosniff
    status:
      code: 200
      message: OK
- request:
    body: null
    headers:
      Accept:
      - '*/*'
      Accept-Encoding:
      - gzip, deflate
      CommandName:
      - aks delete
      Connection:
      - keep-alive
      ParameterSetName:
      - -g -n --yes
      User-Agent:
      - AZURECLI/2.33.1 azsdk-python-azure-mgmt-containerservice/17.0.0 Python/3.8.10
        (Linux-5.11.0-1028-azure-x86_64-with-glibc2.29)
    method: GET
    uri: https://management.azure.com/subscriptions/00000000-0000-0000-0000-000000000000/providers/Microsoft.ContainerService/locations/westus2/operations/e98e62cb-3803-4a75-850a-39e9284a9f57?api-version=2016-03-30
  response:
    body:
      string: "{\n  \"name\": \"cb628ee9-0338-754a-850a-39e9284a9f57\",\n  \"status\":
        \"Succeeded\",\n  \"startTime\": \"2022-02-21T08:40:14.8633333Z\",\n  \"endTime\":
        \"2022-02-21T08:49:50.5375968Z\"\n }"
    headers:
      cache-control:
      - no-cache
      content-length:
      - '170'
      content-type:
      - application/json
      date:
      - Mon, 21 Feb 2022 08:50:16 GMT
      expires:
      - '-1'
      pragma:
      - no-cache
      server:
      - nginx
      strict-transport-security:
      - max-age=31536000; includeSubDomains
      transfer-encoding:
      - chunked
      vary:
      - Accept-Encoding
      x-content-type-options:
      - nosniff
    status:
      code: 200
      message: OK
- request:
    body: null
    headers:
      Accept:
      - application/json
      Accept-Encoding:
      - gzip, deflate
      CommandName:
      - aks show
      Connection:
      - keep-alive
      ParameterSetName:
      - -g -n
      User-Agent:
      - AZURECLI/2.33.1 azsdk-python-azure-mgmt-containerservice/17.0.0 Python/3.8.10
        (Linux-5.11.0-1028-azure-x86_64-with-glibc2.29)
    method: GET
    uri: https://management.azure.com/subscriptions/00000000-0000-0000-0000-000000000000/resourceGroups/clitest000001/providers/Microsoft.ContainerService/managedClusters/cliakstest000003?api-version=2022-01-01
  response:
    body:
      string: '{"error":{"code":"ResourceNotFound","message":"The Resource ''Microsoft.ContainerService/managedClusters/cliakstest000003''
        under resource group ''clitest000001'' was not found. For more details please
        go to https://aka.ms/ARMResourceNotFoundFix"}}'
    headers:
      cache-control:
      - no-cache
      content-length:
      - '244'
      content-type:
      - application/json; charset=utf-8
      date:
      - Mon, 21 Feb 2022 08:50:16 GMT
      expires:
      - '-1'
      pragma:
      - no-cache
      strict-transport-security:
      - max-age=31536000; includeSubDomains
      x-content-type-options:
      - nosniff
      x-ms-failure-cause:
      - gateway
    status:
      code: 404
      message: Not Found
version: 1
