interactions:
- request:
    body: null
    headers:
      Accept:
      - application/json
      Accept-Encoding:
      - gzip, deflate
      CommandName:
      - aks create
      Connection:
      - keep-alive
      ParameterSetName:
      - --resource-group --name --location --node-count --ssh-key-value --tags --nodepool-labels
        --nodepool-tags --service-principal --client-secret
      User-Agent:
      - AZURECLI/2.49.0 azsdk-python-azure-mgmt-containerservice/24.0.0 Python/3.8.10
        (Linux-5.15.0-1039-azure-x86_64-with-glibc2.29)
    method: GET
    uri: https://management.azure.com/subscriptions/00000000-0000-0000-0000-000000000000/resourceGroups/clitest000001/providers/Microsoft.ContainerService/managedClusters/cliakstest000003?api-version=2023-10-01
  response:
    body:
      string: '{"error":{"code":"ResourceNotFound","message":"The Resource ''Microsoft.ContainerService/managedClusters/cliakstest000003''
        under resource group ''clitest000001'' was not found. For more details please
        go to https://aka.ms/ARMResourceNotFoundFix"}}'
    headers:
      cache-control:
      - no-cache
      content-length:
      - '244'
      content-type:
      - application/json; charset=utf-8
      date:
      - Thu, 29 Jun 2023 09:46:29 GMT
      expires:
      - '-1'
      pragma:
      - no-cache
      strict-transport-security:
      - max-age=31536000; includeSubDomains
      x-content-type-options:
      - nosniff
      x-ms-failure-cause:
      - gateway
    status:
      code: 404
      message: Not Found
- request:
    body: '{"tags": {"key1": "value1"}, "location": "westus2", "properties": {"kubernetesVersion":
      "", "dnsPrefix": "cliakstest-clitesteadxcxjgz-79a739", "agentPoolProfiles":
      [{"count": 1, "vmSize": "Standard_DS2_v2", "osDiskSizeGB": 0, "osType": "Linux",
      "enableAutoScaling": false, "type": "VirtualMachineScaleSets", "mode": "System",
      "orchestratorVersion": "", "upgradeSettings": {}, "enableNodePublicIP": false,
      "scaleSetPriority": "Regular", "scaleSetEvictionPolicy": "Delete", "spotMaxPrice":
      -1.0, "tags": {"tag1": "tv1", "tag2": "tv2"}, "nodeLabels": {"label1": "value1",
      "label2": "value2"}, "nodeTaints": [], "enableEncryptionAtHost": false, "enableUltraSSD":
      false, "enableFIPS": false, "name": "nodepool1"}], "linuxProfile": {"adminUsername":
      "azureuser", "ssh": {"publicKeys": [{"keyData": "ssh-rsa AAAAB3NzaC1yc2EAAAADAQABAAABAQCw4P22/hE86EX0l2HMO+M6Gw+CW6O4Yl84NLjVqF7NtK8xwQKcZwGeIwNBv/HxJ0uMJlOCG1ZMPPvSZHDp07QvAjYKKryIkIGilxLUh4fNOEQiZqAXB2badERUdwLRB4f6kHc0vb35GHw3tlyjjDjvQTO7UgZQxnbipxyrJAYfMHxfXjST1tvmln3v87WvBGsY2hr1Iqx/gMO3AIqaNoJntl1sIeAcg8xXdYW3PP6N1gYToFsDxsQZU2rfefIRDniuP4fYy2J4shtEAkyzv1BlOBJGHBqCzyrhXVqFElLSFV99QhLUi43zXL4Ge1QKJBztH/q48ohMBt3WenkP2KsT
      azcli_aks_live_test@example.com\n"}]}}, "servicePrincipalProfile": {"clientId":"00000000-0000-0000-0000-000000000001",
      "secret":"fake-secret"}, "addonProfiles": {}, "enableRBAC": true, "networkProfile":
      {"networkPlugin": "kubenet", "podCidr": "10.244.0.0/16", "serviceCidr": "10.0.0.0/16",
      "dnsServiceIP": "10.0.0.10", "outboundType": "loadBalancer", "loadBalancerSku":
      "standard"}, "disableLocalAccounts": false, "storageProfile": {}}}'
    headers:
      Accept:
      - application/json
      Accept-Encoding:
      - gzip, deflate
      CommandName:
      - aks create
      Connection:
      - keep-alive
      Content-Length:
      - '1610'
      Content-Type:
      - application/json
      ParameterSetName:
      - --resource-group --name --location --node-count --ssh-key-value --tags --nodepool-labels
        --nodepool-tags --service-principal --client-secret
      User-Agent:
      - AZURECLI/2.49.0 azsdk-python-azure-mgmt-containerservice/24.0.0 Python/3.8.10
        (Linux-5.15.0-1039-azure-x86_64-with-glibc2.29)
    method: PUT
    uri: https://management.azure.com/subscriptions/00000000-0000-0000-0000-000000000000/resourceGroups/clitest000001/providers/Microsoft.ContainerService/managedClusters/cliakstest000003?api-version=2023-10-01
  response:
    body:
      string: "{\n  \"id\": \"/subscriptions/00000000-0000-0000-0000-000000000000/resourcegroups/clitest000001/providers/Microsoft.ContainerService/managedClusters/cliakstest000003\",\n
        \ \"location\": \"westus2\",\n  \"name\": \"cliakstest000003\",\n  \"tags\":
        {\n   \"key1\": \"value1\"\n  },\n  \"type\": \"Microsoft.ContainerService/ManagedClusters\",\n
        \ \"properties\": {\n   \"provisioningState\": \"Creating\",\n   \"powerState\":
        {\n    \"code\": \"Running\"\n   },\n   \"kubernetesVersion\": \"1.25.6\",\n
        \  \"currentKubernetesVersion\": \"1.25.6\",\n   \"dnsPrefix\": \"cliakstest-clitesteadxcxjgz-79a739\",\n
        \  \"fqdn\": \"cliakstest-clitesteadxcxjgz-79a739-cth0i53l.hcp.westus2.azmk8s.io\",\n
        \  \"azurePortalFQDN\": \"cliakstest-clitesteadxcxjgz-79a739-cth0i53l.portal.hcp.westus2.azmk8s.io\",\n
        \  \"agentPoolProfiles\": [\n    {\n     \"name\": \"nodepool1\",\n     \"count\":
        1,\n     \"vmSize\": \"Standard_DS2_v2\",\n     \"osDiskSizeGB\": 128,\n     \"osDiskType\":
        \"Managed\",\n     \"kubeletDiskType\": \"OS\",\n     \"maxPods\": 110,\n
        \    \"type\": \"VirtualMachineScaleSets\",\n     \"enableAutoScaling\": false,\n
        \    \"provisioningState\": \"Creating\",\n     \"powerState\": {\n      \"code\":
        \"Running\"\n     },\n     \"orchestratorVersion\": \"1.25.6\",\n     \"currentOrchestratorVersion\":
        \"1.25.6\",\n     \"enableNodePublicIP\": false,\n     \"tags\": {\n      \"tag1\":
        \"tv1\",\n      \"tag2\": \"tv2\"\n     },\n     \"nodeLabels\": {\n      \"label1\":
        \"value1\",\n      \"label2\": \"value2\"\n     },\n     \"mode\": \"System\",\n
        \    \"enableEncryptionAtHost\": false,\n     \"enableUltraSSD\": false,\n
        \    \"osType\": \"Linux\",\n     \"osSKU\": \"Ubuntu\",\n     \"nodeImageVersion\":
        \"AKSUbuntu-2204gen2containerd-202306.19.0\",\n     \"upgradeSettings\": {},\n
        \    \"enableFIPS\": false\n    }\n   ],\n   \"linuxProfile\": {\n    \"adminUsername\":
        \"azureuser\",\n    \"ssh\": {\n     \"publicKeys\": [\n      {\n       \"keyData\":
        \"ssh-rsa AAAAB3NzaC1yc2EAAAADAQABAAABAQCw4P22/hE86EX0l2HMO+M6Gw+CW6O4Yl84NLjVqF7NtK8xwQKcZwGeIwNBv/HxJ0uMJlOCG1ZMPPvSZHDp07QvAjYKKryIkIGilxLUh4fNOEQiZqAXB2badERUdwLRB4f6kHc0vb35GHw3tlyjjDjvQTO7UgZQxnbipxyrJAYfMHxfXjST1tvmln3v87WvBGsY2hr1Iqx/gMO3AIqaNoJntl1sIeAcg8xXdYW3PP6N1gYToFsDxsQZU2rfefIRDniuP4fYy2J4shtEAkyzv1BlOBJGHBqCzyrhXVqFElLSFV99QhLUi43zXL4Ge1QKJBztH/q48ohMBt3WenkP2KsT
        azcli_aks_live_test@example.com\\n\"\n      }\n     ]\n    }\n   },\n   \"servicePrincipalProfile\":
        {\n    \"clientId\":\"00000000-0000-0000-0000-000000000001\"\n   },\n   \"nodeResourceGroup\":
        \"MC_clitest000001_cliakstest000003_westus2\",\n   \"enableRBAC\": true,\n
        \  \"supportPlan\": \"KubernetesOfficial\",\n   \"networkProfile\": {\n    \"networkPlugin\":
        \"kubenet\",\n    \"loadBalancerSku\": \"standard\",\n    \"loadBalancerProfile\":
        {\n     \"managedOutboundIPs\": {\n      \"count\": 1\n     }\n    },\n    \"podCidr\":
        \"10.244.0.0/16\",\n    \"serviceCidr\": \"10.0.0.0/16\",\n    \"dnsServiceIP\":
        \"10.0.0.10\",\n    \"outboundType\": \"loadBalancer\",\n    \"podCidrs\":
        [\n     \"10.244.0.0/16\"\n    ],\n    \"serviceCidrs\": [\n     \"10.0.0.0/16\"\n
        \   ],\n    \"ipFamilies\": [\n     \"IPv4\"\n    ]\n   },\n   \"maxAgentPools\":
        100,\n   \"disableLocalAccounts\": false,\n   \"securityProfile\": {},\n   \"storageProfile\":
        {\n    \"diskCSIDriver\": {\n     \"enabled\": true\n    },\n    \"fileCSIDriver\":
        {\n     \"enabled\": true\n    },\n    \"snapshotController\": {\n     \"enabled\":
        true\n    }\n   },\n   \"oidcIssuerProfile\": {\n    \"enabled\": false\n
        \  },\n   \"workloadAutoScalerProfile\": {}\n  },\n  \"sku\": {\n   \"name\":
        \"Base\",\n   \"tier\": \"Free\"\n  }\n }"
    headers:
      azure-asyncoperation:
      - https://management.azure.com/subscriptions/00000000-0000-0000-0000-000000000000/providers/Microsoft.ContainerService/locations/westus2/operations/3ea07df9-6480-4cdd-95e0-977044d49392?api-version=2016-03-30
      cache-control:
      - no-cache
      content-length:
      - '3287'
      content-type:
      - application/json
      date:
      - Thu, 29 Jun 2023 09:46:35 GMT
      expires:
      - '-1'
      pragma:
      - no-cache
      server:
      - nginx
      strict-transport-security:
      - max-age=31536000; includeSubDomains
      x-content-type-options:
      - nosniff
      x-ms-ratelimit-remaining-subscription-writes:
      - '1199'
    status:
      code: 201
      message: Created
- request:
    body: null
    headers:
      Accept:
      - '*/*'
      Accept-Encoding:
      - gzip, deflate
      CommandName:
      - aks create
      Connection:
      - keep-alive
      ParameterSetName:
      - --resource-group --name --location --node-count --ssh-key-value --tags --nodepool-labels
        --nodepool-tags --service-principal --client-secret
      User-Agent:
      - AZURECLI/2.49.0 azsdk-python-azure-mgmt-containerservice/24.0.0 Python/3.8.10
        (Linux-5.15.0-1039-azure-x86_64-with-glibc2.29)
    method: GET
    uri: https://management.azure.com/subscriptions/00000000-0000-0000-0000-000000000000/providers/Microsoft.ContainerService/locations/westus2/operations/3ea07df9-6480-4cdd-95e0-977044d49392?api-version=2016-03-30
  response:
    body:
      string: "{\n  \"name\": \"f97da03e-8064-dd4c-95e0-977044d49392\",\n  \"status\":
        \"InProgress\",\n  \"startTime\": \"2023-06-29T09:46:35.3159615Z\"\n }"
    headers:
      cache-control:
      - no-cache
      content-length:
      - '126'
      content-type:
      - application/json
      date:
      - Thu, 29 Jun 2023 09:46:35 GMT
      expires:
      - '-1'
      pragma:
      - no-cache
      server:
      - nginx
      strict-transport-security:
      - max-age=31536000; includeSubDomains
      transfer-encoding:
      - chunked
      vary:
      - Accept-Encoding
      x-content-type-options:
      - nosniff
    status:
      code: 200
      message: OK
- request:
    body: null
    headers:
      Accept:
      - '*/*'
      Accept-Encoding:
      - gzip, deflate
      CommandName:
      - aks create
      Connection:
      - keep-alive
      ParameterSetName:
      - --resource-group --name --location --node-count --ssh-key-value --tags --nodepool-labels
        --nodepool-tags --service-principal --client-secret
      User-Agent:
      - AZURECLI/2.49.0 azsdk-python-azure-mgmt-containerservice/24.0.0 Python/3.8.10
        (Linux-5.15.0-1039-azure-x86_64-with-glibc2.29)
    method: GET
    uri: https://management.azure.com/subscriptions/00000000-0000-0000-0000-000000000000/providers/Microsoft.ContainerService/locations/westus2/operations/3ea07df9-6480-4cdd-95e0-977044d49392?api-version=2016-03-30
  response:
    body:
      string: "{\n  \"name\": \"f97da03e-8064-dd4c-95e0-977044d49392\",\n  \"status\":
        \"InProgress\",\n  \"startTime\": \"2023-06-29T09:46:35.3159615Z\"\n }"
    headers:
      cache-control:
      - no-cache
      content-length:
      - '126'
      content-type:
      - application/json
      date:
      - Thu, 29 Jun 2023 09:47:05 GMT
      expires:
      - '-1'
      pragma:
      - no-cache
      server:
      - nginx
      strict-transport-security:
      - max-age=31536000; includeSubDomains
      transfer-encoding:
      - chunked
      vary:
      - Accept-Encoding
      x-content-type-options:
      - nosniff
    status:
      code: 200
      message: OK
- request:
    body: null
    headers:
      Accept:
      - '*/*'
      Accept-Encoding:
      - gzip, deflate
      CommandName:
      - aks create
      Connection:
      - keep-alive
      ParameterSetName:
      - --resource-group --name --location --node-count --ssh-key-value --tags --nodepool-labels
        --nodepool-tags --service-principal --client-secret
      User-Agent:
      - AZURECLI/2.49.0 azsdk-python-azure-mgmt-containerservice/24.0.0 Python/3.8.10
        (Linux-5.15.0-1039-azure-x86_64-with-glibc2.29)
    method: GET
    uri: https://management.azure.com/subscriptions/00000000-0000-0000-0000-000000000000/providers/Microsoft.ContainerService/locations/westus2/operations/3ea07df9-6480-4cdd-95e0-977044d49392?api-version=2016-03-30
  response:
    body:
      string: "{\n  \"name\": \"f97da03e-8064-dd4c-95e0-977044d49392\",\n  \"status\":
        \"InProgress\",\n  \"startTime\": \"2023-06-29T09:46:35.3159615Z\"\n }"
    headers:
      cache-control:
      - no-cache
      content-length:
      - '126'
      content-type:
      - application/json
      date:
      - Thu, 29 Jun 2023 09:47:35 GMT
      expires:
      - '-1'
      pragma:
      - no-cache
      server:
      - nginx
      strict-transport-security:
      - max-age=31536000; includeSubDomains
      transfer-encoding:
      - chunked
      vary:
      - Accept-Encoding
      x-content-type-options:
      - nosniff
    status:
      code: 200
      message: OK
- request:
    body: null
    headers:
      Accept:
      - '*/*'
      Accept-Encoding:
      - gzip, deflate
      CommandName:
      - aks create
      Connection:
      - keep-alive
      ParameterSetName:
      - --resource-group --name --location --node-count --ssh-key-value --tags --nodepool-labels
        --nodepool-tags --service-principal --client-secret
      User-Agent:
      - AZURECLI/2.49.0 azsdk-python-azure-mgmt-containerservice/24.0.0 Python/3.8.10
        (Linux-5.15.0-1039-azure-x86_64-with-glibc2.29)
    method: GET
    uri: https://management.azure.com/subscriptions/00000000-0000-0000-0000-000000000000/providers/Microsoft.ContainerService/locations/westus2/operations/3ea07df9-6480-4cdd-95e0-977044d49392?api-version=2016-03-30
  response:
    body:
      string: "{\n  \"name\": \"f97da03e-8064-dd4c-95e0-977044d49392\",\n  \"status\":
        \"InProgress\",\n  \"startTime\": \"2023-06-29T09:46:35.3159615Z\"\n }"
    headers:
      cache-control:
      - no-cache
      content-length:
      - '126'
      content-type:
      - application/json
      date:
      - Thu, 29 Jun 2023 09:48:05 GMT
      expires:
      - '-1'
      pragma:
      - no-cache
      server:
      - nginx
      strict-transport-security:
      - max-age=31536000; includeSubDomains
      transfer-encoding:
      - chunked
      vary:
      - Accept-Encoding
      x-content-type-options:
      - nosniff
    status:
      code: 200
      message: OK
- request:
    body: null
    headers:
      Accept:
      - '*/*'
      Accept-Encoding:
      - gzip, deflate
      CommandName:
      - aks create
      Connection:
      - keep-alive
      ParameterSetName:
      - --resource-group --name --location --node-count --ssh-key-value --tags --nodepool-labels
        --nodepool-tags --service-principal --client-secret
      User-Agent:
      - AZURECLI/2.49.0 azsdk-python-azure-mgmt-containerservice/24.0.0 Python/3.8.10
        (Linux-5.15.0-1039-azure-x86_64-with-glibc2.29)
    method: GET
    uri: https://management.azure.com/subscriptions/00000000-0000-0000-0000-000000000000/providers/Microsoft.ContainerService/locations/westus2/operations/3ea07df9-6480-4cdd-95e0-977044d49392?api-version=2016-03-30
  response:
    body:
      string: "{\n  \"name\": \"f97da03e-8064-dd4c-95e0-977044d49392\",\n  \"status\":
        \"InProgress\",\n  \"startTime\": \"2023-06-29T09:46:35.3159615Z\"\n }"
    headers:
      cache-control:
      - no-cache
      content-length:
      - '126'
      content-type:
      - application/json
      date:
      - Thu, 29 Jun 2023 09:48:36 GMT
      expires:
      - '-1'
      pragma:
      - no-cache
      server:
      - nginx
      strict-transport-security:
      - max-age=31536000; includeSubDomains
      transfer-encoding:
      - chunked
      vary:
      - Accept-Encoding
      x-content-type-options:
      - nosniff
    status:
      code: 200
      message: OK
- request:
    body: null
    headers:
      Accept:
      - '*/*'
      Accept-Encoding:
      - gzip, deflate
      CommandName:
      - aks create
      Connection:
      - keep-alive
      ParameterSetName:
      - --resource-group --name --location --node-count --ssh-key-value --tags --nodepool-labels
        --nodepool-tags --service-principal --client-secret
      User-Agent:
      - AZURECLI/2.49.0 azsdk-python-azure-mgmt-containerservice/24.0.0 Python/3.8.10
        (Linux-5.15.0-1039-azure-x86_64-with-glibc2.29)
    method: GET
    uri: https://management.azure.com/subscriptions/00000000-0000-0000-0000-000000000000/providers/Microsoft.ContainerService/locations/westus2/operations/3ea07df9-6480-4cdd-95e0-977044d49392?api-version=2016-03-30
  response:
    body:
      string: "{\n  \"name\": \"f97da03e-8064-dd4c-95e0-977044d49392\",\n  \"status\":
        \"InProgress\",\n  \"startTime\": \"2023-06-29T09:46:35.3159615Z\"\n }"
    headers:
      cache-control:
      - no-cache
      content-length:
      - '126'
      content-type:
      - application/json
      date:
      - Thu, 29 Jun 2023 09:49:06 GMT
      expires:
      - '-1'
      pragma:
      - no-cache
      server:
      - nginx
      strict-transport-security:
      - max-age=31536000; includeSubDomains
      transfer-encoding:
      - chunked
      vary:
      - Accept-Encoding
      x-content-type-options:
      - nosniff
    status:
      code: 200
      message: OK
- request:
    body: null
    headers:
      Accept:
      - '*/*'
      Accept-Encoding:
      - gzip, deflate
      CommandName:
      - aks create
      Connection:
      - keep-alive
      ParameterSetName:
      - --resource-group --name --location --node-count --ssh-key-value --tags --nodepool-labels
        --nodepool-tags --service-principal --client-secret
      User-Agent:
      - AZURECLI/2.49.0 azsdk-python-azure-mgmt-containerservice/24.0.0 Python/3.8.10
        (Linux-5.15.0-1039-azure-x86_64-with-glibc2.29)
    method: GET
    uri: https://management.azure.com/subscriptions/00000000-0000-0000-0000-000000000000/providers/Microsoft.ContainerService/locations/westus2/operations/3ea07df9-6480-4cdd-95e0-977044d49392?api-version=2016-03-30
  response:
    body:
      string: "{\n  \"name\": \"f97da03e-8064-dd4c-95e0-977044d49392\",\n  \"status\":
        \"InProgress\",\n  \"startTime\": \"2023-06-29T09:46:35.3159615Z\"\n }"
    headers:
      cache-control:
      - no-cache
      content-length:
      - '126'
      content-type:
      - application/json
      date:
      - Thu, 29 Jun 2023 09:49:36 GMT
      expires:
      - '-1'
      pragma:
      - no-cache
      server:
      - nginx
      strict-transport-security:
      - max-age=31536000; includeSubDomains
      transfer-encoding:
      - chunked
      vary:
      - Accept-Encoding
      x-content-type-options:
      - nosniff
    status:
      code: 200
      message: OK
- request:
    body: null
    headers:
      Accept:
      - '*/*'
      Accept-Encoding:
      - gzip, deflate
      CommandName:
      - aks create
      Connection:
      - keep-alive
      ParameterSetName:
      - --resource-group --name --location --node-count --ssh-key-value --tags --nodepool-labels
        --nodepool-tags --service-principal --client-secret
      User-Agent:
      - AZURECLI/2.49.0 azsdk-python-azure-mgmt-containerservice/24.0.0 Python/3.8.10
        (Linux-5.15.0-1039-azure-x86_64-with-glibc2.29)
    method: GET
    uri: https://management.azure.com/subscriptions/00000000-0000-0000-0000-000000000000/providers/Microsoft.ContainerService/locations/westus2/operations/3ea07df9-6480-4cdd-95e0-977044d49392?api-version=2016-03-30
  response:
    body:
      string: "{\n  \"name\": \"f97da03e-8064-dd4c-95e0-977044d49392\",\n  \"status\":
        \"InProgress\",\n  \"startTime\": \"2023-06-29T09:46:35.3159615Z\"\n }"
    headers:
      cache-control:
      - no-cache
      content-length:
      - '126'
      content-type:
      - application/json
      date:
      - Thu, 29 Jun 2023 09:50:06 GMT
      expires:
      - '-1'
      pragma:
      - no-cache
      server:
      - nginx
      strict-transport-security:
      - max-age=31536000; includeSubDomains
      transfer-encoding:
      - chunked
      vary:
      - Accept-Encoding
      x-content-type-options:
      - nosniff
    status:
      code: 200
      message: OK
- request:
    body: null
    headers:
      Accept:
      - '*/*'
      Accept-Encoding:
      - gzip, deflate
      CommandName:
      - aks create
      Connection:
      - keep-alive
      ParameterSetName:
      - --resource-group --name --location --node-count --ssh-key-value --tags --nodepool-labels
        --nodepool-tags --service-principal --client-secret
      User-Agent:
      - AZURECLI/2.49.0 azsdk-python-azure-mgmt-containerservice/24.0.0 Python/3.8.10
        (Linux-5.15.0-1039-azure-x86_64-with-glibc2.29)
    method: GET
    uri: https://management.azure.com/subscriptions/00000000-0000-0000-0000-000000000000/providers/Microsoft.ContainerService/locations/westus2/operations/3ea07df9-6480-4cdd-95e0-977044d49392?api-version=2016-03-30
  response:
    body:
      string: "{\n  \"name\": \"f97da03e-8064-dd4c-95e0-977044d49392\",\n  \"status\":
        \"Succeeded\",\n  \"startTime\": \"2023-06-29T09:46:35.3159615Z\",\n  \"endTime\":
        \"2023-06-29T09:50:23.4533206Z\"\n }"
    headers:
      cache-control:
      - no-cache
      content-length:
      - '170'
      content-type:
      - application/json
      date:
      - Thu, 29 Jun 2023 09:50:36 GMT
      expires:
      - '-1'
      pragma:
      - no-cache
      server:
      - nginx
      strict-transport-security:
      - max-age=31536000; includeSubDomains
      transfer-encoding:
      - chunked
      vary:
      - Accept-Encoding
      x-content-type-options:
      - nosniff
    status:
      code: 200
      message: OK
- request:
    body: null
    headers:
      Accept:
      - '*/*'
      Accept-Encoding:
      - gzip, deflate
      CommandName:
      - aks create
      Connection:
      - keep-alive
      ParameterSetName:
      - --resource-group --name --location --node-count --ssh-key-value --tags --nodepool-labels
        --nodepool-tags --service-principal --client-secret
      User-Agent:
      - AZURECLI/2.49.0 azsdk-python-azure-mgmt-containerservice/24.0.0 Python/3.8.10
        (Linux-5.15.0-1039-azure-x86_64-with-glibc2.29)
    method: GET
    uri: https://management.azure.com/subscriptions/00000000-0000-0000-0000-000000000000/resourceGroups/clitest000001/providers/Microsoft.ContainerService/managedClusters/cliakstest000003?api-version=2023-10-01
  response:
    body:
      string: "{\n  \"id\": \"/subscriptions/00000000-0000-0000-0000-000000000000/resourcegroups/clitest000001/providers/Microsoft.ContainerService/managedClusters/cliakstest000003\",\n
        \ \"location\": \"westus2\",\n  \"name\": \"cliakstest000003\",\n  \"tags\":
        {\n   \"key1\": \"value1\"\n  },\n  \"type\": \"Microsoft.ContainerService/ManagedClusters\",\n
        \ \"properties\": {\n   \"provisioningState\": \"Succeeded\",\n   \"powerState\":
        {\n    \"code\": \"Running\"\n   },\n   \"kubernetesVersion\": \"1.25.6\",\n
        \  \"currentKubernetesVersion\": \"1.25.6\",\n   \"dnsPrefix\": \"cliakstest-clitesteadxcxjgz-79a739\",\n
        \  \"fqdn\": \"cliakstest-clitesteadxcxjgz-79a739-cth0i53l.hcp.westus2.azmk8s.io\",\n
        \  \"azurePortalFQDN\": \"cliakstest-clitesteadxcxjgz-79a739-cth0i53l.portal.hcp.westus2.azmk8s.io\",\n
        \  \"agentPoolProfiles\": [\n    {\n     \"name\": \"nodepool1\",\n     \"count\":
        1,\n     \"vmSize\": \"Standard_DS2_v2\",\n     \"osDiskSizeGB\": 128,\n     \"osDiskType\":
        \"Managed\",\n     \"kubeletDiskType\": \"OS\",\n     \"maxPods\": 110,\n
        \    \"type\": \"VirtualMachineScaleSets\",\n     \"enableAutoScaling\": false,\n
        \    \"provisioningState\": \"Succeeded\",\n     \"powerState\": {\n      \"code\":
        \"Running\"\n     },\n     \"orchestratorVersion\": \"1.25.6\",\n     \"currentOrchestratorVersion\":
        \"1.25.6\",\n     \"enableNodePublicIP\": false,\n     \"tags\": {\n      \"tag1\":
        \"tv1\",\n      \"tag2\": \"tv2\"\n     },\n     \"nodeLabels\": {\n      \"label1\":
        \"value1\",\n      \"label2\": \"value2\"\n     },\n     \"mode\": \"System\",\n
        \    \"enableEncryptionAtHost\": false,\n     \"enableUltraSSD\": false,\n
        \    \"osType\": \"Linux\",\n     \"osSKU\": \"Ubuntu\",\n     \"nodeImageVersion\":
        \"AKSUbuntu-2204gen2containerd-202306.19.0\",\n     \"upgradeSettings\": {},\n
        \    \"enableFIPS\": false\n    }\n   ],\n   \"linuxProfile\": {\n    \"adminUsername\":
        \"azureuser\",\n    \"ssh\": {\n     \"publicKeys\": [\n      {\n       \"keyData\":
        \"ssh-rsa AAAAB3NzaC1yc2EAAAADAQABAAABAQCw4P22/hE86EX0l2HMO+M6Gw+CW6O4Yl84NLjVqF7NtK8xwQKcZwGeIwNBv/HxJ0uMJlOCG1ZMPPvSZHDp07QvAjYKKryIkIGilxLUh4fNOEQiZqAXB2badERUdwLRB4f6kHc0vb35GHw3tlyjjDjvQTO7UgZQxnbipxyrJAYfMHxfXjST1tvmln3v87WvBGsY2hr1Iqx/gMO3AIqaNoJntl1sIeAcg8xXdYW3PP6N1gYToFsDxsQZU2rfefIRDniuP4fYy2J4shtEAkyzv1BlOBJGHBqCzyrhXVqFElLSFV99QhLUi43zXL4Ge1QKJBztH/q48ohMBt3WenkP2KsT
        azcli_aks_live_test@example.com\\n\"\n      }\n     ]\n    }\n   },\n   \"servicePrincipalProfile\":
        {\n    \"clientId\":\"00000000-0000-0000-0000-000000000001\"\n   },\n   \"nodeResourceGroup\":
        \"MC_clitest000001_cliakstest000003_westus2\",\n   \"enableRBAC\": true,\n
        \  \"supportPlan\": \"KubernetesOfficial\",\n   \"networkProfile\": {\n    \"networkPlugin\":
        \"kubenet\",\n    \"loadBalancerSku\": \"Standard\",\n    \"loadBalancerProfile\":
        {\n     \"managedOutboundIPs\": {\n      \"count\": 1\n     },\n     \"effectiveOutboundIPs\":
        [\n      {\n       \"id\": \"/subscriptions/00000000-0000-0000-0000-000000000000/resourceGroups/MC_clitest000001_cliakstest000003_westus2/providers/Microsoft.Network/publicIPAddresses/45bbbe87-41ae-4692-80a7-ea4f544d6b4e\"\n
        \     }\n     ]\n    },\n    \"podCidr\": \"10.244.0.0/16\",\n    \"serviceCidr\":
        \"10.0.0.0/16\",\n    \"dnsServiceIP\": \"10.0.0.10\",\n    \"outboundType\":
        \"loadBalancer\",\n    \"podCidrs\": [\n     \"10.244.0.0/16\"\n    ],\n    \"serviceCidrs\":
        [\n     \"10.0.0.0/16\"\n    ],\n    \"ipFamilies\": [\n     \"IPv4\"\n    ]\n
        \  },\n   \"maxAgentPools\": 100,\n   \"disableLocalAccounts\": false,\n   \"securityProfile\":
        {},\n   \"storageProfile\": {\n    \"diskCSIDriver\": {\n     \"enabled\":
        true\n    },\n    \"fileCSIDriver\": {\n     \"enabled\": true\n    },\n    \"snapshotController\":
        {\n     \"enabled\": true\n    }\n   },\n   \"oidcIssuerProfile\": {\n    \"enabled\":
        false\n   },\n   \"workloadAutoScalerProfile\": {}\n  },\n  \"sku\": {\n   \"name\":
        \"Base\",\n   \"tier\": \"Free\"\n  }\n }"
    headers:
      cache-control:
      - no-cache
      content-length:
      - '3551'
      content-type:
      - application/json
      date:
      - Thu, 29 Jun 2023 09:50:37 GMT
      expires:
      - '-1'
      pragma:
      - no-cache
      server:
      - nginx
      strict-transport-security:
      - max-age=31536000; includeSubDomains
      transfer-encoding:
      - chunked
      vary:
      - Accept-Encoding
      x-content-type-options:
      - nosniff
    status:
      code: 200
      message: OK
- request:
    body: null
    headers:
      Accept:
      - application/json
      Accept-Encoding:
      - gzip, deflate
      CommandName:
      - aks show
      Connection:
      - keep-alive
      ParameterSetName:
      - -g -n
      User-Agent:
      - AZURECLI/2.49.0 azsdk-python-azure-mgmt-containerservice/24.0.0 Python/3.8.10
        (Linux-5.15.0-1039-azure-x86_64-with-glibc2.29)
    method: GET
    uri: https://management.azure.com/subscriptions/00000000-0000-0000-0000-000000000000/resourceGroups/clitest000001/providers/Microsoft.ContainerService/managedClusters/cliakstest000003?api-version=2023-10-01
  response:
    body:
      string: "{\n  \"id\": \"/subscriptions/00000000-0000-0000-0000-000000000000/resourcegroups/clitest000001/providers/Microsoft.ContainerService/managedClusters/cliakstest000003\",\n
        \ \"location\": \"westus2\",\n  \"name\": \"cliakstest000003\",\n  \"tags\":
        {\n   \"key1\": \"value1\"\n  },\n  \"type\": \"Microsoft.ContainerService/ManagedClusters\",\n
        \ \"properties\": {\n   \"provisioningState\": \"Succeeded\",\n   \"powerState\":
        {\n    \"code\": \"Running\"\n   },\n   \"kubernetesVersion\": \"1.25.6\",\n
        \  \"currentKubernetesVersion\": \"1.25.6\",\n   \"dnsPrefix\": \"cliakstest-clitesteadxcxjgz-79a739\",\n
        \  \"fqdn\": \"cliakstest-clitesteadxcxjgz-79a739-cth0i53l.hcp.westus2.azmk8s.io\",\n
        \  \"azurePortalFQDN\": \"cliakstest-clitesteadxcxjgz-79a739-cth0i53l.portal.hcp.westus2.azmk8s.io\",\n
        \  \"agentPoolProfiles\": [\n    {\n     \"name\": \"nodepool1\",\n     \"count\":
        1,\n     \"vmSize\": \"Standard_DS2_v2\",\n     \"osDiskSizeGB\": 128,\n     \"osDiskType\":
        \"Managed\",\n     \"kubeletDiskType\": \"OS\",\n     \"maxPods\": 110,\n
        \    \"type\": \"VirtualMachineScaleSets\",\n     \"enableAutoScaling\": false,\n
        \    \"provisioningState\": \"Succeeded\",\n     \"powerState\": {\n      \"code\":
        \"Running\"\n     },\n     \"orchestratorVersion\": \"1.25.6\",\n     \"currentOrchestratorVersion\":
        \"1.25.6\",\n     \"enableNodePublicIP\": false,\n     \"tags\": {\n      \"tag1\":
        \"tv1\",\n      \"tag2\": \"tv2\"\n     },\n     \"nodeLabels\": {\n      \"label1\":
        \"value1\",\n      \"label2\": \"value2\"\n     },\n     \"mode\": \"System\",\n
        \    \"enableEncryptionAtHost\": false,\n     \"enableUltraSSD\": false,\n
        \    \"osType\": \"Linux\",\n     \"osSKU\": \"Ubuntu\",\n     \"nodeImageVersion\":
        \"AKSUbuntu-2204gen2containerd-202306.19.0\",\n     \"upgradeSettings\": {},\n
        \    \"enableFIPS\": false\n    }\n   ],\n   \"linuxProfile\": {\n    \"adminUsername\":
        \"azureuser\",\n    \"ssh\": {\n     \"publicKeys\": [\n      {\n       \"keyData\":
        \"ssh-rsa AAAAB3NzaC1yc2EAAAADAQABAAABAQCw4P22/hE86EX0l2HMO+M6Gw+CW6O4Yl84NLjVqF7NtK8xwQKcZwGeIwNBv/HxJ0uMJlOCG1ZMPPvSZHDp07QvAjYKKryIkIGilxLUh4fNOEQiZqAXB2badERUdwLRB4f6kHc0vb35GHw3tlyjjDjvQTO7UgZQxnbipxyrJAYfMHxfXjST1tvmln3v87WvBGsY2hr1Iqx/gMO3AIqaNoJntl1sIeAcg8xXdYW3PP6N1gYToFsDxsQZU2rfefIRDniuP4fYy2J4shtEAkyzv1BlOBJGHBqCzyrhXVqFElLSFV99QhLUi43zXL4Ge1QKJBztH/q48ohMBt3WenkP2KsT
        azcli_aks_live_test@example.com\\n\"\n      }\n     ]\n    }\n   },\n   \"servicePrincipalProfile\":
        {\n    \"clientId\":\"00000000-0000-0000-0000-000000000001\"\n   },\n   \"nodeResourceGroup\":
        \"MC_clitest000001_cliakstest000003_westus2\",\n   \"enableRBAC\": true,\n
        \  \"supportPlan\": \"KubernetesOfficial\",\n   \"networkProfile\": {\n    \"networkPlugin\":
        \"kubenet\",\n    \"loadBalancerSku\": \"Standard\",\n    \"loadBalancerProfile\":
        {\n     \"managedOutboundIPs\": {\n      \"count\": 1\n     },\n     \"effectiveOutboundIPs\":
        [\n      {\n       \"id\": \"/subscriptions/00000000-0000-0000-0000-000000000000/resourceGroups/MC_clitest000001_cliakstest000003_westus2/providers/Microsoft.Network/publicIPAddresses/45bbbe87-41ae-4692-80a7-ea4f544d6b4e\"\n
        \     }\n     ]\n    },\n    \"podCidr\": \"10.244.0.0/16\",\n    \"serviceCidr\":
        \"10.0.0.0/16\",\n    \"dnsServiceIP\": \"10.0.0.10\",\n    \"outboundType\":
        \"loadBalancer\",\n    \"podCidrs\": [\n     \"10.244.0.0/16\"\n    ],\n    \"serviceCidrs\":
        [\n     \"10.0.0.0/16\"\n    ],\n    \"ipFamilies\": [\n     \"IPv4\"\n    ]\n
        \  },\n   \"maxAgentPools\": 100,\n   \"disableLocalAccounts\": false,\n   \"securityProfile\":
        {},\n   \"storageProfile\": {\n    \"diskCSIDriver\": {\n     \"enabled\":
        true\n    },\n    \"fileCSIDriver\": {\n     \"enabled\": true\n    },\n    \"snapshotController\":
        {\n     \"enabled\": true\n    }\n   },\n   \"oidcIssuerProfile\": {\n    \"enabled\":
        false\n   },\n   \"workloadAutoScalerProfile\": {}\n  },\n  \"sku\": {\n   \"name\":
        \"Base\",\n   \"tier\": \"Free\"\n  }\n }"
    headers:
      cache-control:
      - no-cache
      content-length:
      - '3551'
      content-type:
      - application/json
      date:
      - Thu, 29 Jun 2023 09:50:38 GMT
      expires:
      - '-1'
      pragma:
      - no-cache
      server:
      - nginx
      strict-transport-security:
      - max-age=31536000; includeSubDomains
      transfer-encoding:
      - chunked
      vary:
      - Accept-Encoding
      x-content-type-options:
      - nosniff
    status:
      code: 200
      message: OK
- request:
    body: null
    headers:
      Accept:
      - application/json
      Accept-Encoding:
      - gzip, deflate
      CommandName:
      - aks list
      Connection:
      - keep-alive
      ParameterSetName:
      - -g
      User-Agent:
      - AZURECLI/2.49.0 azsdk-python-azure-mgmt-containerservice/24.0.0 Python/3.8.10
        (Linux-5.15.0-1039-azure-x86_64-with-glibc2.29)
    method: GET
    uri: https://management.azure.com/subscriptions/00000000-0000-0000-0000-000000000000/resourceGroups/clitest000001/providers/Microsoft.ContainerService/managedClusters?api-version=2023-10-01
  response:
    body:
      string: "{\n  \"value\": [\n   {\n    \"id\": \"/subscriptions/00000000-0000-0000-0000-000000000000/resourcegroups/clitest000001/providers/Microsoft.ContainerService/managedClusters/cliakstest000003\",\n
        \   \"location\": \"westus2\",\n    \"name\": \"cliakstest000003\",\n    \"tags\":
        {\n     \"key1\": \"value1\"\n    },\n    \"type\": \"Microsoft.ContainerService/ManagedClusters\",\n
        \   \"properties\": {\n     \"provisioningState\": \"Succeeded\",\n     \"powerState\":
        {\n      \"code\": \"Running\"\n     },\n     \"kubernetesVersion\": \"1.25.6\",\n
        \    \"currentKubernetesVersion\": \"1.25.6\",\n     \"dnsPrefix\": \"cliakstest-clitesteadxcxjgz-79a739\",\n
        \    \"fqdn\": \"cliakstest-clitesteadxcxjgz-79a739-cth0i53l.hcp.westus2.azmk8s.io\",\n
        \    \"azurePortalFQDN\": \"cliakstest-clitesteadxcxjgz-79a739-cth0i53l.portal.hcp.westus2.azmk8s.io\",\n
        \    \"agentPoolProfiles\": [\n      {\n       \"name\": \"nodepool1\",\n
        \      \"count\": 1,\n       \"vmSize\": \"Standard_DS2_v2\",\n       \"osDiskSizeGB\":
        128,\n       \"osDiskType\": \"Managed\",\n       \"kubeletDiskType\": \"OS\",\n
        \      \"maxPods\": 110,\n       \"type\": \"VirtualMachineScaleSets\",\n
        \      \"enableAutoScaling\": false,\n       \"provisioningState\": \"Succeeded\",\n
        \      \"powerState\": {\n        \"code\": \"Running\"\n       },\n       \"orchestratorVersion\":
        \"1.25.6\",\n       \"currentOrchestratorVersion\": \"1.25.6\",\n       \"enableNodePublicIP\":
        false,\n       \"tags\": {\n        \"tag1\": \"tv1\",\n        \"tag2\":
        \"tv2\"\n       },\n       \"nodeLabels\": {\n        \"label1\": \"value1\",\n
        \       \"label2\": \"value2\"\n       },\n       \"mode\": \"System\",\n
        \      \"enableEncryptionAtHost\": false,\n       \"enableUltraSSD\": false,\n
        \      \"osType\": \"Linux\",\n       \"osSKU\": \"Ubuntu\",\n       \"nodeImageVersion\":
        \"AKSUbuntu-2204gen2containerd-202306.19.0\",\n       \"upgradeSettings\":
        {},\n       \"enableFIPS\": false\n      }\n     ],\n     \"linuxProfile\":
        {\n      \"adminUsername\": \"azureuser\",\n      \"ssh\": {\n       \"publicKeys\":
        [\n        {\n         \"keyData\": \"ssh-rsa AAAAB3NzaC1yc2EAAAADAQABAAABAQCw4P22/hE86EX0l2HMO+M6Gw+CW6O4Yl84NLjVqF7NtK8xwQKcZwGeIwNBv/HxJ0uMJlOCG1ZMPPvSZHDp07QvAjYKKryIkIGilxLUh4fNOEQiZqAXB2badERUdwLRB4f6kHc0vb35GHw3tlyjjDjvQTO7UgZQxnbipxyrJAYfMHxfXjST1tvmln3v87WvBGsY2hr1Iqx/gMO3AIqaNoJntl1sIeAcg8xXdYW3PP6N1gYToFsDxsQZU2rfefIRDniuP4fYy2J4shtEAkyzv1BlOBJGHBqCzyrhXVqFElLSFV99QhLUi43zXL4Ge1QKJBztH/q48ohMBt3WenkP2KsT
        azcli_aks_live_test@example.com\\n\"\n        }\n       ]\n      }\n     },\n
        \    \"servicePrincipalProfile\": {\n      \"clientId\":\"00000000-0000-0000-0000-000000000001\"\n
        \    },\n     \"nodeResourceGroup\": \"MC_clitest000001_cliakstest000003_westus2\",\n
        \    \"enableRBAC\": true,\n     \"supportPlan\": \"KubernetesOfficial\",\n
        \    \"networkProfile\": {\n      \"networkPlugin\": \"kubenet\",\n      \"loadBalancerSku\":
        \"Standard\",\n      \"loadBalancerProfile\": {\n       \"managedOutboundIPs\":
        {\n        \"count\": 1\n       },\n       \"effectiveOutboundIPs\": [\n        {\n
        \        \"id\": \"/subscriptions/00000000-0000-0000-0000-000000000000/resourceGroups/MC_clitest000001_cliakstest000003_westus2/providers/Microsoft.Network/publicIPAddresses/45bbbe87-41ae-4692-80a7-ea4f544d6b4e\"\n
        \       }\n       ]\n      },\n      \"podCidr\": \"10.244.0.0/16\",\n      \"serviceCidr\":
        \"10.0.0.0/16\",\n      \"dnsServiceIP\": \"10.0.0.10\",\n      \"outboundType\":
        \"loadBalancer\",\n      \"podCidrs\": [\n       \"10.244.0.0/16\"\n      ],\n
        \     \"serviceCidrs\": [\n       \"10.0.0.0/16\"\n      ],\n      \"ipFamilies\":
        [\n       \"IPv4\"\n      ]\n     },\n     \"maxAgentPools\": 100,\n     \"disableLocalAccounts\":
        false,\n     \"securityProfile\": {},\n     \"storageProfile\": {\n      \"diskCSIDriver\":
        {\n       \"enabled\": true\n      },\n      \"fileCSIDriver\": {\n       \"enabled\":
        true\n      },\n      \"snapshotController\": {\n       \"enabled\": true\n
        \     }\n     },\n     \"oidcIssuerProfile\": {\n      \"enabled\": false\n
        \    },\n     \"workloadAutoScalerProfile\": {}\n    },\n    \"sku\": {\n
        \    \"name\": \"Base\",\n     \"tier\": \"Free\"\n    }\n   }\n  ]\n }"
    headers:
      cache-control:
      - no-cache
      content-length:
      - '3816'
      content-type:
      - application/json
      date:
      - Thu, 29 Jun 2023 09:50:39 GMT
      expires:
      - '-1'
      pragma:
      - no-cache
      server:
      - nginx
      strict-transport-security:
      - max-age=31536000; includeSubDomains
      transfer-encoding:
      - chunked
      vary:
      - Accept-Encoding
      x-content-type-options:
      - nosniff
    status:
      code: 200
      message: OK
- request:
    body: null
    headers:
      Accept:
      - application/json
      Accept-Encoding:
      - gzip, deflate
      CommandName:
      - aks list
      Connection:
      - keep-alive
      ParameterSetName:
      - -g -o
      User-Agent:
      - AZURECLI/2.49.0 azsdk-python-azure-mgmt-containerservice/24.0.0 Python/3.8.10
        (Linux-5.15.0-1039-azure-x86_64-with-glibc2.29)
    method: GET
    uri: https://management.azure.com/subscriptions/00000000-0000-0000-0000-000000000000/resourceGroups/clitest000001/providers/Microsoft.ContainerService/managedClusters?api-version=2023-10-01
  response:
    body:
      string: "{\n  \"value\": [\n   {\n    \"id\": \"/subscriptions/00000000-0000-0000-0000-000000000000/resourcegroups/clitest000001/providers/Microsoft.ContainerService/managedClusters/cliakstest000003\",\n
        \   \"location\": \"westus2\",\n    \"name\": \"cliakstest000003\",\n    \"tags\":
        {\n     \"key1\": \"value1\"\n    },\n    \"type\": \"Microsoft.ContainerService/ManagedClusters\",\n
        \   \"properties\": {\n     \"provisioningState\": \"Succeeded\",\n     \"powerState\":
        {\n      \"code\": \"Running\"\n     },\n     \"kubernetesVersion\": \"1.25.6\",\n
        \    \"currentKubernetesVersion\": \"1.25.6\",\n     \"dnsPrefix\": \"cliakstest-clitesteadxcxjgz-79a739\",\n
        \    \"fqdn\": \"cliakstest-clitesteadxcxjgz-79a739-cth0i53l.hcp.westus2.azmk8s.io\",\n
        \    \"azurePortalFQDN\": \"cliakstest-clitesteadxcxjgz-79a739-cth0i53l.portal.hcp.westus2.azmk8s.io\",\n
        \    \"agentPoolProfiles\": [\n      {\n       \"name\": \"nodepool1\",\n
        \      \"count\": 1,\n       \"vmSize\": \"Standard_DS2_v2\",\n       \"osDiskSizeGB\":
        128,\n       \"osDiskType\": \"Managed\",\n       \"kubeletDiskType\": \"OS\",\n
        \      \"maxPods\": 110,\n       \"type\": \"VirtualMachineScaleSets\",\n
        \      \"enableAutoScaling\": false,\n       \"provisioningState\": \"Succeeded\",\n
        \      \"powerState\": {\n        \"code\": \"Running\"\n       },\n       \"orchestratorVersion\":
        \"1.25.6\",\n       \"currentOrchestratorVersion\": \"1.25.6\",\n       \"enableNodePublicIP\":
        false,\n       \"tags\": {\n        \"tag1\": \"tv1\",\n        \"tag2\":
        \"tv2\"\n       },\n       \"nodeLabels\": {\n        \"label1\": \"value1\",\n
        \       \"label2\": \"value2\"\n       },\n       \"mode\": \"System\",\n
        \      \"enableEncryptionAtHost\": false,\n       \"enableUltraSSD\": false,\n
        \      \"osType\": \"Linux\",\n       \"osSKU\": \"Ubuntu\",\n       \"nodeImageVersion\":
        \"AKSUbuntu-2204gen2containerd-202306.19.0\",\n       \"upgradeSettings\":
        {},\n       \"enableFIPS\": false\n      }\n     ],\n     \"linuxProfile\":
        {\n      \"adminUsername\": \"azureuser\",\n      \"ssh\": {\n       \"publicKeys\":
        [\n        {\n         \"keyData\": \"ssh-rsa AAAAB3NzaC1yc2EAAAADAQABAAABAQCw4P22/hE86EX0l2HMO+M6Gw+CW6O4Yl84NLjVqF7NtK8xwQKcZwGeIwNBv/HxJ0uMJlOCG1ZMPPvSZHDp07QvAjYKKryIkIGilxLUh4fNOEQiZqAXB2badERUdwLRB4f6kHc0vb35GHw3tlyjjDjvQTO7UgZQxnbipxyrJAYfMHxfXjST1tvmln3v87WvBGsY2hr1Iqx/gMO3AIqaNoJntl1sIeAcg8xXdYW3PP6N1gYToFsDxsQZU2rfefIRDniuP4fYy2J4shtEAkyzv1BlOBJGHBqCzyrhXVqFElLSFV99QhLUi43zXL4Ge1QKJBztH/q48ohMBt3WenkP2KsT
        azcli_aks_live_test@example.com\\n\"\n        }\n       ]\n      }\n     },\n
        \    \"servicePrincipalProfile\": {\n      \"clientId\":\"00000000-0000-0000-0000-000000000001\"\n
        \    },\n     \"nodeResourceGroup\": \"MC_clitest000001_cliakstest000003_westus2\",\n
        \    \"enableRBAC\": true,\n     \"supportPlan\": \"KubernetesOfficial\",\n
        \    \"networkProfile\": {\n      \"networkPlugin\": \"kubenet\",\n      \"loadBalancerSku\":
        \"Standard\",\n      \"loadBalancerProfile\": {\n       \"managedOutboundIPs\":
        {\n        \"count\": 1\n       },\n       \"effectiveOutboundIPs\": [\n        {\n
        \        \"id\": \"/subscriptions/00000000-0000-0000-0000-000000000000/resourceGroups/MC_clitest000001_cliakstest000003_westus2/providers/Microsoft.Network/publicIPAddresses/45bbbe87-41ae-4692-80a7-ea4f544d6b4e\"\n
        \       }\n       ]\n      },\n      \"podCidr\": \"10.244.0.0/16\",\n      \"serviceCidr\":
        \"10.0.0.0/16\",\n      \"dnsServiceIP\": \"10.0.0.10\",\n      \"outboundType\":
        \"loadBalancer\",\n      \"podCidrs\": [\n       \"10.244.0.0/16\"\n      ],\n
        \     \"serviceCidrs\": [\n       \"10.0.0.0/16\"\n      ],\n      \"ipFamilies\":
        [\n       \"IPv4\"\n      ]\n     },\n     \"maxAgentPools\": 100,\n     \"disableLocalAccounts\":
        false,\n     \"securityProfile\": {},\n     \"storageProfile\": {\n      \"diskCSIDriver\":
        {\n       \"enabled\": true\n      },\n      \"fileCSIDriver\": {\n       \"enabled\":
        true\n      },\n      \"snapshotController\": {\n       \"enabled\": true\n
        \     }\n     },\n     \"oidcIssuerProfile\": {\n      \"enabled\": false\n
        \    },\n     \"workloadAutoScalerProfile\": {}\n    },\n    \"sku\": {\n
        \    \"name\": \"Base\",\n     \"tier\": \"Free\"\n    }\n   }\n  ]\n }"
    headers:
      cache-control:
      - no-cache
      content-length:
      - '3816'
      content-type:
      - application/json
      date:
      - Thu, 29 Jun 2023 09:50:39 GMT
      expires:
      - '-1'
      pragma:
      - no-cache
      server:
      - nginx
      strict-transport-security:
      - max-age=31536000; includeSubDomains
      transfer-encoding:
      - chunked
      vary:
      - Accept-Encoding
      x-content-type-options:
      - nosniff
    status:
      code: 200
      message: OK
- request:
    body: null
    headers:
      Accept:
      - application/json
      Accept-Encoding:
      - gzip, deflate
      CommandName:
      - aks get-credentials
      Connection:
      - keep-alive
      Content-Length:
      - '0'
      ParameterSetName:
      - -g -n --file
      User-Agent:
      - AZURECLI/2.49.0 azsdk-python-azure-mgmt-containerservice/24.0.0 Python/3.8.10
        (Linux-5.15.0-1039-azure-x86_64-with-glibc2.29)
    method: POST
    uri: https://management.azure.com/subscriptions/00000000-0000-0000-0000-000000000000/resourceGroups/clitest000001/providers/Microsoft.ContainerService/managedClusters/cliakstest000003/listClusterUserCredential?api-version=2023-10-01
  response:
    body:
      string: "{\n  \"kubeconfigs\": [\n   {\n    \"name\": \"clusterUser\",\n    \"value\":
        \"YXBpVmVyc2lvbjogdjEKY2x1c3RlcnM6Ci0gY2x1c3RlcjoKICAgIGNlcnRpZmljYXRlLWF1dGhvcml0eS1kYXRhOiBMUzB0TFMxQ1JVZEpUaUJEUlZKVVNVWkpRMEZVUlMwdExTMHRDazFKU1VVMlZFTkRRWFJIWjBGM1NVSkJaMGxTUVZCdGQyRTVaSHBGVmpGR1YzbFpkazU1ZFVFdk56aDNSRkZaU2t0dldrbG9kbU5PUVZGRlRFSlJRWGNLUkZSRlRFMUJhMGRCTVZWRlFYaE5RMWt5UlhkSlFtTk9UV3BOZDA1cVNUVk5SR3Q2VG1wVmVsZG9aMUJOYWtFeFRYcEJNazFxYTNkUFZGRXlUbFJPWVFwTlFUQjRRM3BCU2tKblRsWkNRVTFVUVcxT2FFMUpTVU5KYWtGT1FtZHJjV2hyYVVjNWR6QkNRVkZGUmtGQlQwTkJaemhCVFVsSlEwTm5TME5CWjBWQkNqSlhVekpQVmxseFQwdGpTMlJRTkZCMlQxZDRSVmhuT1RGQ1MwbENVekZSUTNoUmRqTk5NRGhHZHpSSk9FSkhWa3hvZUU1SFFqTkJZMWhPYVRGdlQxTUtkazVCUlRNdmJsb3Jiek5oY0hWb1RXSXJOamx2SzJWWmJYVjBMME5XYURORVFpdGtORk55Y0hrd1ZITnBhbUo1YVZaQ1ozbHdiR3N4VWpZMGJTOXNUUXBzZDJoSWJGRlFSVGMxVVd0UVZUZEdWMDh2VmxoYWVFMWlMM1JDYmt0R09IWkJWR2xPTjBKRlZWUkdSRTFoYWxOSWJrbElWVFk1U2xnelZHczJjV3BqQ21kaWFVTldXa0ZDTkRjMVUxbEhOMm94TlVocGIwbExabVkyWnpRek9ERldZbU56TVRreWEwSTVkVXA1Y0ZreGN6QjZMMFUzVEd0cmVUaGpUMnBDUTNFS1IxY3lNSGxIZFdvMVZHNVhXRVp0VDI5Qk0waFpkemhXY21oWU1uTTBibVJ6YVZkNmVrVmtWR00yYzNNeFIwZHBUazVLVVRCbmNWVlNPSHBYUTFCU1FRcHpWVEF4TVZwR05XUk9Ua0ZzV2xab1lVWllaMDB2WTNoVWVHcFRkbTVoYWpka1ltaHFia0k0VWtjMlIxcG5Uemw2YUM5T01HNVVWMmxTTVM5SVZGbEJDbUV4Tm1ZelRYY3hNRmt6UlZOUVNXaHdiVm92VW05TVZYUnlZMVZQVjIxb00wdFNiMFZ0UjBGMmMxbEpPR3BzTnpORFpGSnpRVUZqZVZsd1JqQTJkWFFLWlZwbVlVSlhlREZ4SzNsbVowVTFjMm9yTWxZNFpFTnZlV2hGZWpGcFpIbHViMVphUVdKaU1IRm9UeXR0UW05d1NtMXpSR2xHVVc5SmFIZGlRMlJZVXdwUVZGcGhOVXRrTldwalVUSmpUR2huVVhCTmFIcDJZakZ1YlVSUk1XOVJSR0psYVRGSVZGUnlja292VVhneGRtNWhlRXhPTHl0bGNrWmhabEJYVldrdkNreHljakY1YkdWRU1uSnhieloxTUU5SlFWSjJkRTV4TWtGb2NsZFBTRWR0VTA4eVVYTlJkVGxpTmpNek0zZzRhamxJYlRWT2FETjFlVlJhY1VSbk1GZ0tjVVp0VldaT1pUQk1lRUpCWmt4Wk5HeHJaVmw0U0RRNE1tbFdjUzl4YTA5aFYzTTJWbWN5VVU1T1kwTkJkMFZCUVdGT1EwMUZRWGRFWjFsRVZsSXdVQXBCVVVndlFrRlJSRUZuUzJ0TlFUaEhRVEZWWkVWM1JVSXZkMUZHVFVGTlFrRm1PSGRJVVZsRVZsSXdUMEpDV1VWR1NGaGlXRFV5VkRGQ2NrNXRNV1p2Q2pKc1lrOHZjM0JNUm5aVEswMUJNRWREVTNGSFUwbGlNMFJSUlVKRGQxVkJRVFJKUTBGUlFUTTNhM2t6VEdaSlJrRlJRMDVwUzBSWlRWQnpibTUwTkZvS2EzbHdZa1p3UW1zMmJGRXJkbHBKTlRGa2RISlZWRU53UjAxTGJYSnZWR0oyU1ZjeE1sYzNZV2h0WTJRd1JsTnNOMGxYYTB4RE5VNU5WbHBOUXpKUlFRcDFlVU50YldwNlRtWlJXblp5UlRGVGNtaEpiRkZLWjBkMk5UQnZUa0pxTjBaU1dEZ3hZblZyYW1oMFJsRjNZa1pRWTNoM1dVcHphM2QwT0dadlkwRktDa2RyTUdkUU5uQTFhRlZOTWxGUldGZHdWR1ZwTTBwUlIyWlZjMnAzYjBOd1pYSkNPQ3RzTVVVMVN6bEVSMlV6Ynk5cFowVmpNVGgzYUVkT2IyMTZlbWNLZEVwSlVtcFZTVFpCYjA1aVJ5ODVkMjlVTTFaa2RGWlVPV1VyTm5aVFkyazNRM016UlZaa05FdDJkV1ZoUkhKblkyWkpTM1p1VldseFFVbFVlV3RUYkFwWlRUUjJXVk5hVVVFMVl6Sm1SazFpVGxwRlpYSXlOMVJFWjJoaGJtRnRORkp5ZERCVFdtTk5UR3R2V210UVp6QlpiVkpFV1Vwb1puZHViMWx0WVdRd0NrczVVRzgxVkc4clYzbzJVVEpHWW10d0szQXJOVFpNZFhCUWVWRllTRlZIU2s5UU1HbzVWRnB1UW5RMFJWZHVlWGxaYUdsUFYwcEVkbXhtY1VKdE1uUUtPRkpwYTJoVFVWWnllVk5XVW1sSmJEbEZNalZGZEhod1VsRmFlakJNUVc5UU9FZFpNVXhxVEdZcmNtcFNUWFpESzFWYWVFcDBjRkpMWTJaeldFVjRlZ28zYTBwRlpraFJhemw2YkdORWEwVTJiSEU0UWtOdmIzbDVNREZtVldZMGVrcENLekJhVUZFcllYWjRkbmhaWVhrMFJUZEZUSEpCWkROaFEwNXFiVVEzQ21adlZHSTJUSFkzUVZodWMxZDNSSHBSY2s1dFRVOVVSMFJJTDAxR1pETnlOMFoyVFhwa00weGlkV1ZoYUZsQlpsSXpUVEJPYUUxcmRFZHNWbWRST1VNS05qRldia055T1dWVmJFVjZOM1EwWnpWWlQzWTFURFp0UlRJMVdGTnNLMk51U3pCNE5IVTJPRFpFTW0xWEszRjFNV2xxYUdOb1YySjNjaTlpZDFoRVp3cFRlRUZ4ZUdWdVNGaGphR1JWWnpaYVZuYzlQUW90TFMwdExVVk9SQ0JEUlZKVVNVWkpRMEZVUlMwdExTMHRDZz09CiAgICBzZXJ2ZXI6IGh0dHBzOi8vY2xpYWtzdGVzdC1jbGl0ZXN0ZWFkeGN4amd6LTc5YTczOS1jdGgwaTUzbC5oY3Aud2VzdHVzMi5hem1rOHMuaW86NDQzCiAgbmFtZTogY2xpYWtzdGVzdHpqN2d1dwpjb250ZXh0czoKLSBjb250ZXh0OgogICAgY2x1c3RlcjogY2xpYWtzdGVzdHpqN2d1dwogICAgdXNlcjogY2x1c3RlclVzZXJfY2xpdGVzdGVhZHhjeGpnemlfY2xpYWtzdGVzdHpqN2d1dwogIG5hbWU6IGNsaWFrc3Rlc3R6ajdndXcKY3VycmVudC1jb250ZXh0OiBjbGlha3N0ZXN0emo3Z3V3CmtpbmQ6IENvbmZpZwpwcmVmZXJlbmNlczoge30KdXNlcnM6Ci0gbmFtZTogY2x1c3RlclVzZXJfY2xpdGVzdGVhZHhjeGpnemlfY2xpYWtzdGVzdHpqN2d1dwogIHVzZXI6CiAgICBjbGllbnQtY2VydGlmaWNhdGUtZGF0YTogTFMwdExTMUNSVWRKVGlCRFJWSlVTVVpKUTBGVVJTMHRMUzB0Q2sxSlNVWklWRU5EUVhkWFowRjNTVUpCWjBsUlF6QlFObTVMTVVwTE16bHpVR0kyUm1KeldtOTFha0ZPUW1kcmNXaHJhVWM1ZHpCQ1FWRnpSa0ZFUVU0S1RWRnpkME5SV1VSV1VWRkVSWGRLYWxsVVFXVkdkekI1VFhwQk1rMXFhM2RQVkUweVRsUk9ZVVozTUhsT1ZFRXlUV3ByZDA5VVVUSk9WRTVoVFVSQmVBcEdla0ZXUW1kT1ZrSkJiMVJFYms0MVl6TlNiR0pVY0hSWldFNHdXbGhLZWsxU1ZYZEZkMWxFVmxGUlJFVjNlSFJaV0U0d1dsaEthbUpIYkd4aWJsRjNDbWRuU1dsTlFUQkhRMU54UjFOSllqTkVVVVZDUVZGVlFVRTBTVU5FZDBGM1oyZEpTMEZ2U1VOQlVVUkdTVFJpV2sxeGN6Z3dLMUZRUkRoMWFrazFWQ3NLUVRWdU0wUmlXRkYwWVZKSmIwZ3lRa0pwWWt0ME5qRXpZMDV2U25KemRYRnNjSFV4VkVGTmJIVmtTSEJ1TDNKVWRuaFdSR1F6ZW5wYWMxVkVUbkpOV0FwQmVIY3lia3BVWjFCMGQxUnFTM2RrTHpWNmJsaGlaVE5aUkRGUVNXVTBha1UxVG5aSWFHTnNjbGd5VHk5S1FtWlJaVzVPT1RNMFJXdDRhVzVrVkVkeUNuSllTV0pOV2k5TVMzQXZlakUxZFRGd01YbHdZVTV5Y1ZaR2VIQXhLMEZ2V0hOSFowRnhWbUl6WkhkcGJqSmhUR3hhVjJkMVNVTk9kR2N3WmxSdlVtd0tSWGRVUWk5NVZuTjBWakJpTkM5dGRXNWpXbFJWWTNwaksxcHRWVXRDZERWU0wybDBTaTlWV0M5VEszWlZhVGRoYlhkTWJGUkZlU3MwV25OdlFYWnVXUXBxZERSNVNVWlFlaTltYjNGdmFsVmhTemQzVldWUU1UUldiVTFsVm5kUmRFbzFNbGRRY1ZsaVRVaGhjSFV3T1dwbVJ6VmpVbE14UkhGM1JVZG5VRFkyQ21GRGFEUk5jRFpEZWtkNFoxcE5NakZOZEdkVkswNXVXWGc0YW5kamJXRlNVRkZ5TVhrNE0wMUpXVEkyYzJFMGRFOHhWbm8wTlROTFJrSnRTbmRQV0ZvS1lraHdPVzVwT1hOS1RYTlJNVGhXUkhSSFR6aHRZMU0wWW5OeFdEVmlSMU41YzJkclEwWk9XSGw0ZFZjMFFtUnJUWFpJY0hOcE5EWk9Nemg0UTIxc1dBb3ZNVFp5VUZOaVZrRXlRMkZFVEhrMFUyOHpiamRrTkVjMldUTlVXRFY0ZUdGalNraHVZbU5pY0hORGJHdFlRMGxOTlRjNFVtNTBXWGxqWjJoc2N5OW9DbUZWVlN0UVRsWkVaakpWUmpSVWREWm5RVEoxVTFGT2VGUm1LMGxLYWtWMlpEUjVOWGhoZEVGVFJYRkJUbVZzVG5Sak1FeE1iVWxCYkZSc1kxSjJiakVLWVdnelFqY3diR2w1V0hoTmVVZHZNMEZhVUVsd1ZtcFBlWE54UjFkU1VWVlhMMUl5UVhVNE5ucHRWVGR1VVd3NWVrWnZOSEZyUlVWSU5HZ3hVWE5oU0FwdloyVlVRVmxqWkRkMFEza3ZZMlJwVVZSMlNGQlJTVVJCVVVGQ2J6RlpkMVpFUVU5Q1owNVdTRkU0UWtGbU9FVkNRVTFEUW1GQmQwVjNXVVJXVWpCc0NrSkJkM2REWjFsSlMzZFpRa0pSVlVoQmQwbDNSRUZaUkZaU01GUkJVVWd2UWtGSmQwRkVRV1pDWjA1V1NGTk5SVWRFUVZkblFsSXhNakVyWkdzNVVXRUtlbHAwV0RaT2NGZDZkamRMVTNoaU1IWnFRVTVDWjJ0eGFHdHBSemwzTUVKQlVYTkdRVUZQUTBGblJVRlVaMnhNTVRsbk1HcEpZWG94YUV0cU1YbDNVZ3BPZVVkSGJEQk9ZVVkwWVZCVmIxVjVlWGhCU2pVNVltMXBUek42ZVdKUlpVTmxkR2t2UzA5UWFETTBlRTQyT0VOa2VsQkRSREZRUlROS1YwVTRRVmROQ21kdWJ6RktTR3hSWlZOVGVreENibHAyYWpRdlRGVlFUbXBZYURkVlVrMVpiMmt3WkVnNE1ETnBZeXRRVGxKQmJDOVpaR2RPUTI1UU9WQlVRU3RtUW1RS2VrSjBSMHRZT0hKMWJVNTRXV2hYU25welRWQndZM2sxWmxaeVNEUnlORTF5U1dwcWVtWkJVR1ZJV1ZsV2JtWnRSVGxWTUZKUGNFNUxTbXBFVFRNemVBcFVkVEJMV0RGR1YxRlROMjk2Y0dvNFRIQktha28yUWs0MWVtc3hNa3RFWW1RNVRVVnRVV3hXVEhWVWFVbFNXWFkyVEdkUmRreGhOVXN5ZVhSVmFWWkJDa1J2VEZONVRFZ3dOMmhOTWxaek1VeG5TMkkzUVhoS1FXY3lWVTFsVGpKR1ZqVXljM1kyYkhKT05WRk9ZMll2VUU0eWFtRkRlVnB2WVV4MWJtODVRaThLVEN0WVZrOHlVMlpMZUVFeU5YQnVjVTlHWjFCUk5uWjBNMEpwWjNKeFdsUTVXRlp3UWpnd2ExbEVVRWhSZFhsU2MzWnJTQ3RNTkRKdWJHMWtlaXR3YWdwb1NHNUhLeXM0T0ZwTVRHbGtaVTFqUzNka1UyUk1WeTlXZG5aTVVHNWFiREl5V0djdlUzRnhOSGt5TW01T1YySm1TRUpGVkVaUVEza3hVelJWTDJ0RUNteFRhelZKVFhodVpUZHFTM2xKUkhKRGNrOTZialppYTI5SlN6QXdVMlp3V1RJdlVYVm9VVkZpU1dOTlFYTlpWbE5OT1ZKT1NVUXlUMWxMUWpGMlJYa0tSMFZuTUhOQ1NYRnpWbkJJUlVoVlJqZGpXalExYlROMVNFZFVZa0ZGTlZGWE1GQkJMMGN4UlVKd1dUZDRaWEpaVVdKQlEyVnRTVmRXY0UxdlRHVm9PUXBHWlRFMlVFNUpTVUZXYVhkQmFFTmxWbGhYZDNGdWRtRm9RMHhQTTFwRlpGWndUWFpxTUdoRVRUbEpZbWxyY2xkU01uZHphMlpLT0dsNlZEbEdjSEJ1Q2sxRFJVZERWREo2VFdWTlVuaHNlQzgzYlVOWWRWbEJQUW90TFMwdExVVk9SQ0JEUlZKVVNVWkpRMEZVUlMwdExTMHRDZz09CiAgICBjbGllbnQta2V5LWRhdGE6IExTMHRMUzFDUlVkSlRpQlNVMEVnVUZKSlZrRlVSU0JMUlZrdExTMHRMUXBOU1VsS1MwRkpRa0ZCUzBOQlowVkJlRk5QUnpKVVMzSlFUbEJyUkhjdlRHOTVUMVV2WjA5YU9YY3lNVEJNVjJ0VFMwSTVaMUZaYlhseVpYUmtNMFJoQ2tOaE4weHhjR0ZpZEZWM1JFcGlibEkyV2k4Mk1EYzRWbEV6WkRnNE1tSkdRWHBoZWtaM1RXTk9jSGxWTkVRM1kwVTBlWE5JWml0ak5URXlNM1F5UVRrS1ZIbElkVWw0VDFSaWVEUllTbUV4T1dwMmVWRllNRWh3ZW1aa0swSktUVmx3TTFWNGNUWXhlVWQ2UjJaNWVYRm1PRGxsWW5SaFpHTnhWMnBoTm14U1l3cGhaR1puUzBZM1FtOUJTMnhYT1ROalNYQTViV2sxVjFadlRHbEJhbUpaVGtnd05rVmFVazFGZDJZNGJHSk1WbVJISzFBMWNuQXpSMVV4U0UwelVHMWFDbXhEWjJKbFZXWTBjbE5tTVVZdk1IWnlNVWwxTW5CelF6VlZlRTEyZFVkaVMwRk1OVEpKTjJWTmFVSlVPQzh6Tmt0eFNURkhhWFU0UmtocU9XVkdXbW9LU0d4alJVeFRaV1JzYWpadFIzcENNbkZpZEZCWk0zaDFXRVZWZEZFMmMwSkNiMFFyZFcxbmIyVkVTMlZuYzNoeldVZFVUblJVVEZsR1VHcGFNazFtU1FvNFNFcHRhMVF3U3psamRrNTZRMGRPZFhKSGRVeFVkRlpqSzA5a2VXaFJXbWxqUkd3eVYzZzJabG8wZG1KRFZFeEZUbVpHVVRkU2FuWktia1YxUnpkTENtd3JWM2hyYzNKSlNrRm9WRlk0YzJKc2RVRllXa1JNZURaaVNYVlBhbVF2VFZGd2NGWXZPV1Z4ZWpCdE1WRk9aMjFuZVRoMVJYRk9OU3N6WlVKMWJVNEtNREVyWTJOWGJrTlNOVEl6UnpaaVFYQmFSbmRwUkU5bEwwVmFOMWROYmtsSldtSlFORmRzUmxCcWVsWlJNemxzUW1WRk4yVnZRVTV5YTJ0RVkxVXpMd3BwUTFsNFRETmxUWFZqVjNKUlJXaExaMFJZY0ZSaVdFNURlVFZwUVVwVk5WaEZZalU1VjI5a2QyVTVTbGx6YkRoVVRXaHhUbmRIVkhsTFZsbDZjM0pMQ21oc2ExVkdSbll3WkdkTWRrOXpOV3hQTlRCS1ptTjRZVTlMY0VKQ1FpdEpaRlZNUjJnMlNVaHJkMGRJU0dVM1VYTjJNMGhaYTBVM2VIb3dRMEYzUlVFS1FWRkxRMEZuUVVneU1tRm5aVmhwUW5ORFFrTjVWM0JuVldsaE5rTlJTekUyWjBnMVJUUlJPSE5OYWxCMk5rMUZTMVpZYzJ0TU4yWTJLM1ZMU0ZBMlVBcDBlblpaTkZKTlVYTkxUMkZzVGpoUlJsVTRVbXhIVERsM1kzaGFaVzVLUW1GMlVUQkRPREZTY1dsWGFDOUlTVkZrY0dVdk5EQkpUMU5XWm05YVpuUlhDbFJ0YVRGM04yaG9XRzlsVTJoR2IwSk1ORUZEVW5GeFVUUm5ZbU40VFdweVpFbHlaREpvUlU0NGRWaDBNRFJJU2pkeVpuRTFkbTVZTjJoaGRFSlVia3NLVjNSRGExaExPVTVaWmxWQlZYcElibVZtVFVaemRDOU1RVFpKWWs1VGNsaFpTV1p3VlZWRmIzWXliRkZKUmtkeVQwaE9iSGw2ZW01MmMwWTFhaTlxUmdwVVpscHBkMjFEU1V0RmNHUjRRbVpXWXpkclRGVnZjVkZwWVROVWFEYzBjbGRWV2k5VWRuZE9ablpIUnpOWU9XUm5XVlEwY1hScVFXVk5PV1I2Vm5CdENtaHdRM2RRVEc4clFWa3dhMlJsTUdkSFJrYzFhRXhPUW5kNGNHb3lZVWc1TUU1TWJqUjFibE00TDJKNFlVOUxTVGx3VGxCUGMwMHJRVUpRVlRKa1dFVUtMMmRzVFU5cWRUTlJXa2N2ZFdaWGFuQkdZMVZCVm04cmNqQm9Uamx2U25STFIyTkRXVlJXTWtsc1lXdG1jM3BMYVhobWMwbFdiVUk0Ykdod1JXUkliUXB3WjNJcmNYbG1hV1F2U1VoNldVdFlUWFpQZURCQ1psazBXRnBCZWt0SUwxUTNUR2RNSzI0M1Mza3dUSFExVERkdFNIaDFXRTF6VVdGMWQxRk5SRmhCQ2pWMk9XRmhMMGgzUVhCVmEwTnJObFpUV21vdldVUmxUamR5WkZwMVVUQlFPR28yZVc5cFJsaFRhbGgxVkdReWQwWllXa05JTW1wdWJFNXhjRmhEYnpVS05uaENhWGxUU0VFMlVYY3dkMmczUlZoT2RHdGhRak5rYUU1WWMyOVZkbXBJUlhKc0t6aE1WRFJFYUc5YVJXbEpRWEpHTVVWMWQwTkZla3d6WVM5c1FRcDVjVVZTVEZWaE1sRnZTM3B2ZW1wa2IwUldVV2RGYW1oalNESnRVemxpWWtnek5FOTZaWGxNUkc1cWJIcDNXVE56VVV0RFFWRkZRVFZIZWxSWFR6SlFDbGxOYlU1amEyeG1TRXRYUldjNGNFeHVhRkYzVEdJMU9FUnVRbE55TWtJd1JtNHhOV2gzWjA5NE1GcG1lSGxsVjNwVFJDOWxMMlZNTnpJMldFa3JVM0FLUVdGWVZXaFJZak5QY21aWWIyOVZkVVJGWjFGTU5rZExNbkprZGpsb1VucHBVakEyVjNaQ1FURXhXVTV5YTNaM1JVRmFWbUp0VG04eEwxTklkakV2UVFwMVNUWmhNRFpLVjBkaFdrbFNja1JEVEVwRWEyRkpaMDl4WjBZNU9VaHhVeTlLVEhGbVkyazFjRVEwVjAxdE55ODBiRGRQVG5sM1JVaGtRbFZTUlRoMkNtSmFRVlJSYUdZM1EyZzJNRXRpUW5RdmNFZExTRVZhYkU4elNWWTFkVkIxVDI1a2FubE1SRWcyT0ZkbFdHSnpkVXd6TURGUk4xZGpjMDg1T1dGeEt6QUtVMHR0WW5sUVdrWmxhMDl6T0ZGeFVYVkpVMGxvVlhOQ2RsTXpkV3RDUjJwdmNXeEhObUpZWVZkcVZtZFhXakYwTjNSaVRYbEdVVk5LUVRSVVp6TlhNUXBsY1ZOTk9YQmFSMkprWkZwWGQwdERRVkZGUVROUEwxZDNWa0ozYzJGVFdqZFVkMUpIZFdoS2VVTldWVWhWSzBnMFlUaE5XazVqWjAxS1lYUnFXalJIQ205Sk1uWnBVbWhWYlcwMVZGbGpNRVpQUW1VNGFsSlVla2w2TlZkSlZFNXdNR0V2YjFoV1IxbEpNRFpFYlVoT1VGSmlWMGhKV2tGU2VHZGxUR05zYzJRS1lYcHlSSFoyVDJKTVdYaGlNRkVyZVZWVWNXcE9WVVEyT0dZclRFMXlSMDFRYVRKNmNrbFpWMlpuUzIxUVJVdFpObWhvYTNKeVUwZHFTbVU1VWtSaVFRcG5ObkJNVTBOdGNGTXpOVlp3WjNaUVlsUjRVek5qTkhwWFdERmxSbFo2V1ZwcGVESXllRkp5TlZoalpTdDZlWGg2TmpCR09FaDBSVE4yU0daRFpHNHpDbk5XVG14aFoySkxTMEp0VVd4V1l6bEhRbXcwYW1kSFNrY3hXbkp0UzJocVJUSjBRMDlIZUU5WGJVdHRkRlZGZDJWcmVVdFROV28yVlRkYWJqVmFTVTRLY1RocGJHNUJjbXBNT0M5U1QzbFRMMlZXZHpkVmVVVjVRaTlNS3k4eWFsSmpaRk5RWlM5amRGSjNTME5CVVVKc01qaEdRek50ZDFwR1RXUnRUbmxIWVFwbVNsSnBNRVZ3TXpaNmFYZHlWV2hWYUM5SVdFVnZUM2h2TjBsV1lrcHdjV05uT0hwc05IVXZXRkFyVVVsQmNtVmpZMjlxZWpCemRESlBlWHBvVXl0d0Ntd3lSVzl5TkhGb1NESkdXVmhCYVRORWVWWXhOMmhwTTBFM2JVbzBObWxIV0ZoRmMxUXJRakI0VGpWRWJ6QkRWbFJCTVdOWlV6VnVTR1pCWTJaNk9ERUtiMDVwU2pkVVoyODVNVTVwTmxscVoyUnNibU5OZFhodmFFaHlZMHhETTJJNU0wOWxaV0pFVWtkTlYwMUNTM2w0VUhKNlZUSlNjV3hIUzBnNWVuZFBOZ3AwTkZwUVRVMVdZbmg2Y0RJNFZUQnBMMUJUV0ZOUWVIRlNaVXhTUlRCUFV6a3dVblpPTlVOWmVrcFNOelZRYUVOVVoyb3pSV1pMY1d4RVpFeHVZMWhPQ21nelFVODNSVGh6WlVzd1NVRjZTamRWV1dkWU5XdFhOWFY0U2sxR1ZFOVNSbXQzYjNGbVRHcHNhRlZ5U0RWSldGVmpLMUo0TWs1MGJGRk1iVEJ2ZDBZS1dIZHZVa0Z2U1VKQlFWbEZabXQyY201bVdXOXliM2xaYlhweGNGbDNSVkpwZWxneFMxcFdURU5GU21reldubFdUR2R5ZVZvcmJrNXJhRGxuZVRCVlpBcG9hVmhsZVV0eFltTjFXa0V3VGtvdk5ubGhhVmRPY0N0UFVYbzFiMUJSZEU5cldsaDBZWGRJV1hKUVYxVmlWMk5HVURnM1dHaFVRMnd2ZUVka1JUWk5DbE5TTDNKc2IySkNNbmh2YWs0dlMwcGlSV2R2VERsTGRIVm1kMVE1ZERka2QxcDBXV3RSVDI1UlJ6ZEdkV1pvZDFaYVdtSkRNbXhMY0ZKNFJrUnFhR2dLU3pSSlNGSnNTVXRXTlU0d0x6QTRUSEpDYkZjeWQyOUdXV2RPWW1wbmFrVTRkRWxUSzBORVdUZEtWamxPWjFsQlptNTFkRTVUVEdWVE5TOVZjVmxNYndwR01XdEtPVVE0U1hsd1JFeHNLMnh1ZEVONVNGRmFUMUV3TUM5dlJ6QlpORGcyVG5sTlFtcFZjSFIxYVZGblkzWnhObkpGUkVveFIweE5VMUZSTVc1V0NrSnFWR1pNYkhadE1rUk1UMkkyWkhCNFpXODRPVFU1Y2tVM1JtcHlVbU5EWjJkRlFrRktNRVpMYlUxaldFRnVlRTlhYVV0NGJrcFBhemhLYlRGc1FsUUtUMWMyTkdWeU9HRXlabFZrU3poNmNVVktlVzk0VjNWWGNGWmxTQzl3VFU0cmQxQjNMMnMwYjNORmVXY3ZXazB3YUc5RmJ6bGxPWEJIYUdwM1JDOVFUUXBSTW5wSlpsTnhaMDlFZUZscWRsRndibHBUU0dGa2RrMWtWVXc0YWpWdVJucG9OR3d5U0hGWVpscHhlak5sTVhaUlJ6RmpTVFZPUlRCcUwzQmpZMnBqQ2xsSWFsSjVZbEZzUldGMWIzTm5aM2xTUTAxaU1WUnFhak4zTkc1d1owaE5NRUYyU3psbmJrVkNWak55UkVFMGFrNDFiV3R2WkZwak1WZDFNRVUzVFd3S1IyVTRSMFJFTmt4M1RYTkdPRGQ0VVM5S2RISmlXU3NyYWtoUk5sTk5lbWxOTHpFM1NVbHpPR2t5T1hwbU1rSkJVVEpaUWtwaVVWVmhTSFZTYTB4T2J3cEpVVkJCVVdKMlJWZHBVMk15YzBkM1ZuUTRWR3MwUjNneEszWmFTbmN6TVVwUFF6TldOVU5ISzNSUmRFWnlNbmxKVlUxRVpGQldUbWRXYnowS0xTMHRMUzFGVGtRZ1VsTkJJRkJTU1ZaQlZFVWdTMFZaTFMwdExTMEsKICAgIHRva2VuOiB6M2hucnZ3bGd6czdwajduazM0aDExdjgyOGFyOG8ybGN6dmQ4NDE0amlmenJjdm1xYXJ5NXdwY2FndTJxbzdjZDZsZmhqb3JiencydDJrM21oejF4bjgwZm91ZDI1ZWxqbGczZnBsNWIzOHNieHo0dW9oZnAwcXE2am9oOHE3MQo=\"\n
        \  }\n  ]\n }"
    headers:
      cache-control:
      - no-cache
      content-length:
      - '13108'
      content-type:
      - application/json
      date:
      - Thu, 29 Jun 2023 09:50:40 GMT
      expires:
      - '-1'
      pragma:
      - no-cache
      server:
      - nginx
      strict-transport-security:
      - max-age=31536000; includeSubDomains
      transfer-encoding:
      - chunked
      vary:
      - Accept-Encoding
      x-content-type-options:
      - nosniff
      x-ms-ratelimit-remaining-subscription-writes:
      - '1199'
    status:
      code: 200
      message: OK
- request:
    body: null
    headers:
      Accept:
      - application/json
      Accept-Encoding:
      - gzip, deflate
      CommandName:
      - aks get-credentials
      Connection:
      - keep-alive
      Content-Length:
      - '0'
      ParameterSetName:
      - -g -n -f
      User-Agent:
      - AZURECLI/2.49.0 azsdk-python-azure-mgmt-containerservice/24.0.0 Python/3.8.10
        (Linux-5.15.0-1039-azure-x86_64-with-glibc2.29)
    method: POST
    uri: https://management.azure.com/subscriptions/00000000-0000-0000-0000-000000000000/resourceGroups/clitest000001/providers/Microsoft.ContainerService/managedClusters/cliakstest000003/listClusterUserCredential?api-version=2023-10-01
  response:
    body:
      string: "{\n  \"kubeconfigs\": [\n   {\n    \"name\": \"clusterUser\",\n    \"value\":
        \"YXBpVmVyc2lvbjogdjEKY2x1c3RlcnM6Ci0gY2x1c3RlcjoKICAgIGNlcnRpZmljYXRlLWF1dGhvcml0eS1kYXRhOiBMUzB0TFMxQ1JVZEpUaUJEUlZKVVNVWkpRMEZVUlMwdExTMHRDazFKU1VVMlZFTkRRWFJIWjBGM1NVSkJaMGxTUVZCdGQyRTVaSHBGVmpGR1YzbFpkazU1ZFVFdk56aDNSRkZaU2t0dldrbG9kbU5PUVZGRlRFSlJRWGNLUkZSRlRFMUJhMGRCTVZWRlFYaE5RMWt5UlhkSlFtTk9UV3BOZDA1cVNUVk5SR3Q2VG1wVmVsZG9aMUJOYWtFeFRYcEJNazFxYTNkUFZGRXlUbFJPWVFwTlFUQjRRM3BCU2tKblRsWkNRVTFVUVcxT2FFMUpTVU5KYWtGT1FtZHJjV2hyYVVjNWR6QkNRVkZGUmtGQlQwTkJaemhCVFVsSlEwTm5TME5CWjBWQkNqSlhVekpQVmxseFQwdGpTMlJRTkZCMlQxZDRSVmhuT1RGQ1MwbENVekZSUTNoUmRqTk5NRGhHZHpSSk9FSkhWa3hvZUU1SFFqTkJZMWhPYVRGdlQxTUtkazVCUlRNdmJsb3Jiek5oY0hWb1RXSXJOamx2SzJWWmJYVjBMME5XYURORVFpdGtORk55Y0hrd1ZITnBhbUo1YVZaQ1ozbHdiR3N4VWpZMGJTOXNUUXBzZDJoSWJGRlFSVGMxVVd0UVZUZEdWMDh2VmxoYWVFMWlMM1JDYmt0R09IWkJWR2xPTjBKRlZWUkdSRTFoYWxOSWJrbElWVFk1U2xnelZHczJjV3BqQ21kaWFVTldXa0ZDTkRjMVUxbEhOMm94TlVocGIwbExabVkyWnpRek9ERldZbU56TVRreWEwSTVkVXA1Y0ZreGN6QjZMMFUzVEd0cmVUaGpUMnBDUTNFS1IxY3lNSGxIZFdvMVZHNVhXRVp0VDI5Qk0waFpkemhXY21oWU1uTTBibVJ6YVZkNmVrVmtWR00yYzNNeFIwZHBUazVLVVRCbmNWVlNPSHBYUTFCU1FRcHpWVEF4TVZwR05XUk9Ua0ZzV2xab1lVWllaMDB2WTNoVWVHcFRkbTVoYWpka1ltaHFia0k0VWtjMlIxcG5Uemw2YUM5T01HNVVWMmxTTVM5SVZGbEJDbUV4Tm1ZelRYY3hNRmt6UlZOUVNXaHdiVm92VW05TVZYUnlZMVZQVjIxb00wdFNiMFZ0UjBGMmMxbEpPR3BzTnpORFpGSnpRVUZqZVZsd1JqQTJkWFFLWlZwbVlVSlhlREZ4SzNsbVowVTFjMm9yTWxZNFpFTnZlV2hGZWpGcFpIbHViMVphUVdKaU1IRm9UeXR0UW05d1NtMXpSR2xHVVc5SmFIZGlRMlJZVXdwUVZGcGhOVXRrTldwalVUSmpUR2huVVhCTmFIcDJZakZ1YlVSUk1XOVJSR0psYVRGSVZGUnlja292VVhneGRtNWhlRXhPTHl0bGNrWmhabEJYVldrdkNreHljakY1YkdWRU1uSnhieloxTUU5SlFWSjJkRTV4TWtGb2NsZFBTRWR0VTA4eVVYTlJkVGxpTmpNek0zZzRhamxJYlRWT2FETjFlVlJhY1VSbk1GZ0tjVVp0VldaT1pUQk1lRUpCWmt4Wk5HeHJaVmw0U0RRNE1tbFdjUzl4YTA5aFYzTTJWbWN5VVU1T1kwTkJkMFZCUVdGT1EwMUZRWGRFWjFsRVZsSXdVQXBCVVVndlFrRlJSRUZuUzJ0TlFUaEhRVEZWWkVWM1JVSXZkMUZHVFVGTlFrRm1PSGRJVVZsRVZsSXdUMEpDV1VWR1NGaGlXRFV5VkRGQ2NrNXRNV1p2Q2pKc1lrOHZjM0JNUm5aVEswMUJNRWREVTNGSFUwbGlNMFJSUlVKRGQxVkJRVFJKUTBGUlFUTTNhM2t6VEdaSlJrRlJRMDVwUzBSWlRWQnpibTUwTkZvS2EzbHdZa1p3UW1zMmJGRXJkbHBKTlRGa2RISlZWRU53UjAxTGJYSnZWR0oyU1ZjeE1sYzNZV2h0WTJRd1JsTnNOMGxYYTB4RE5VNU5WbHBOUXpKUlFRcDFlVU50YldwNlRtWlJXblp5UlRGVGNtaEpiRkZLWjBkMk5UQnZUa0pxTjBaU1dEZ3hZblZyYW1oMFJsRjNZa1pRWTNoM1dVcHphM2QwT0dadlkwRktDa2RyTUdkUU5uQTFhRlZOTWxGUldGZHdWR1ZwTTBwUlIyWlZjMnAzYjBOd1pYSkNPQ3RzTVVVMVN6bEVSMlV6Ynk5cFowVmpNVGgzYUVkT2IyMTZlbWNLZEVwSlVtcFZTVFpCYjA1aVJ5ODVkMjlVTTFaa2RGWlVPV1VyTm5aVFkyazNRM016UlZaa05FdDJkV1ZoUkhKblkyWkpTM1p1VldseFFVbFVlV3RUYkFwWlRUUjJXVk5hVVVFMVl6Sm1SazFpVGxwRlpYSXlOMVJFWjJoaGJtRnRORkp5ZERCVFdtTk5UR3R2V210UVp6QlpiVkpFV1Vwb1puZHViMWx0WVdRd0NrczVVRzgxVkc4clYzbzJVVEpHWW10d0szQXJOVFpNZFhCUWVWRllTRlZIU2s5UU1HbzVWRnB1UW5RMFJWZHVlWGxaYUdsUFYwcEVkbXhtY1VKdE1uUUtPRkpwYTJoVFVWWnllVk5XVW1sSmJEbEZNalZGZEhod1VsRmFlakJNUVc5UU9FZFpNVXhxVEdZcmNtcFNUWFpESzFWYWVFcDBjRkpMWTJaeldFVjRlZ28zYTBwRlpraFJhemw2YkdORWEwVTJiSEU0UWtOdmIzbDVNREZtVldZMGVrcENLekJhVUZFcllYWjRkbmhaWVhrMFJUZEZUSEpCWkROaFEwNXFiVVEzQ21adlZHSTJUSFkzUVZodWMxZDNSSHBSY2s1dFRVOVVSMFJJTDAxR1pETnlOMFoyVFhwa00weGlkV1ZoYUZsQlpsSXpUVEJPYUUxcmRFZHNWbWRST1VNS05qRldia055T1dWVmJFVjZOM1EwWnpWWlQzWTFURFp0UlRJMVdGTnNLMk51U3pCNE5IVTJPRFpFTW0xWEszRjFNV2xxYUdOb1YySjNjaTlpZDFoRVp3cFRlRUZ4ZUdWdVNGaGphR1JWWnpaYVZuYzlQUW90TFMwdExVVk9SQ0JEUlZKVVNVWkpRMEZVUlMwdExTMHRDZz09CiAgICBzZXJ2ZXI6IGh0dHBzOi8vY2xpYWtzdGVzdC1jbGl0ZXN0ZWFkeGN4amd6LTc5YTczOS1jdGgwaTUzbC5oY3Aud2VzdHVzMi5hem1rOHMuaW86NDQzCiAgbmFtZTogY2xpYWtzdGVzdHpqN2d1dwpjb250ZXh0czoKLSBjb250ZXh0OgogICAgY2x1c3RlcjogY2xpYWtzdGVzdHpqN2d1dwogICAgdXNlcjogY2x1c3RlclVzZXJfY2xpdGVzdGVhZHhjeGpnemlfY2xpYWtzdGVzdHpqN2d1dwogIG5hbWU6IGNsaWFrc3Rlc3R6ajdndXcKY3VycmVudC1jb250ZXh0OiBjbGlha3N0ZXN0emo3Z3V3CmtpbmQ6IENvbmZpZwpwcmVmZXJlbmNlczoge30KdXNlcnM6Ci0gbmFtZTogY2x1c3RlclVzZXJfY2xpdGVzdGVhZHhjeGpnemlfY2xpYWtzdGVzdHpqN2d1dwogIHVzZXI6CiAgICBjbGllbnQtY2VydGlmaWNhdGUtZGF0YTogTFMwdExTMUNSVWRKVGlCRFJWSlVTVVpKUTBGVVJTMHRMUzB0Q2sxSlNVWklWRU5EUVhkWFowRjNTVUpCWjBsUlF6QlFObTVMTVVwTE16bHpVR0kyUm1KeldtOTFha0ZPUW1kcmNXaHJhVWM1ZHpCQ1FWRnpSa0ZFUVU0S1RWRnpkME5SV1VSV1VWRkVSWGRLYWxsVVFXVkdkekI1VFhwQk1rMXFhM2RQVkUweVRsUk9ZVVozTUhsT1ZFRXlUV3ByZDA5VVVUSk9WRTVoVFVSQmVBcEdla0ZXUW1kT1ZrSkJiMVJFYms0MVl6TlNiR0pVY0hSWldFNHdXbGhLZWsxU1ZYZEZkMWxFVmxGUlJFVjNlSFJaV0U0d1dsaEthbUpIYkd4aWJsRjNDbWRuU1dsTlFUQkhRMU54UjFOSllqTkVVVVZDUVZGVlFVRTBTVU5FZDBGM1oyZEpTMEZ2U1VOQlVVUkdTVFJpV2sxeGN6Z3dLMUZRUkRoMWFrazFWQ3NLUVRWdU0wUmlXRkYwWVZKSmIwZ3lRa0pwWWt0ME5qRXpZMDV2U25KemRYRnNjSFV4VkVGTmJIVmtTSEJ1TDNKVWRuaFdSR1F6ZW5wYWMxVkVUbkpOV0FwQmVIY3lia3BVWjFCMGQxUnFTM2RrTHpWNmJsaGlaVE5aUkRGUVNXVTBha1UxVG5aSWFHTnNjbGd5VHk5S1FtWlJaVzVPT1RNMFJXdDRhVzVrVkVkeUNuSllTV0pOV2k5TVMzQXZlakUxZFRGd01YbHdZVTV5Y1ZaR2VIQXhLMEZ2V0hOSFowRnhWbUl6WkhkcGJqSmhUR3hhVjJkMVNVTk9kR2N3WmxSdlVtd0tSWGRVUWk5NVZuTjBWakJpTkM5dGRXNWpXbFJWWTNwaksxcHRWVXRDZERWU0wybDBTaTlWV0M5VEszWlZhVGRoYlhkTWJGUkZlU3MwV25OdlFYWnVXUXBxZERSNVNVWlFlaTltYjNGdmFsVmhTemQzVldWUU1UUldiVTFsVm5kUmRFbzFNbGRRY1ZsaVRVaGhjSFV3T1dwbVJ6VmpVbE14UkhGM1JVZG5VRFkyQ21GRGFEUk5jRFpEZWtkNFoxcE5NakZOZEdkVkswNXVXWGc0YW5kamJXRlNVRkZ5TVhrNE0wMUpXVEkyYzJFMGRFOHhWbm8wTlROTFJrSnRTbmRQV0ZvS1lraHdPVzVwT1hOS1RYTlJNVGhXUkhSSFR6aHRZMU0wWW5OeFdEVmlSMU41YzJkclEwWk9XSGw0ZFZjMFFtUnJUWFpJY0hOcE5EWk9Nemg0UTIxc1dBb3ZNVFp5VUZOaVZrRXlRMkZFVEhrMFUyOHpiamRrTkVjMldUTlVXRFY0ZUdGalNraHVZbU5pY0hORGJHdFlRMGxOTlRjNFVtNTBXWGxqWjJoc2N5OW9DbUZWVlN0UVRsWkVaakpWUmpSVWREWm5RVEoxVTFGT2VGUm1LMGxLYWtWMlpEUjVOWGhoZEVGVFJYRkJUbVZzVG5Sak1FeE1iVWxCYkZSc1kxSjJiakVLWVdnelFqY3diR2w1V0hoTmVVZHZNMEZhVUVsd1ZtcFBlWE54UjFkU1VWVlhMMUl5UVhVNE5ucHRWVGR1VVd3NWVrWnZOSEZyUlVWSU5HZ3hVWE5oU0FwdloyVlVRVmxqWkRkMFEza3ZZMlJwVVZSMlNGQlJTVVJCVVVGQ2J6RlpkMVpFUVU5Q1owNVdTRkU0UWtGbU9FVkNRVTFEUW1GQmQwVjNXVVJXVWpCc0NrSkJkM2REWjFsSlMzZFpRa0pSVlVoQmQwbDNSRUZaUkZaU01GUkJVVWd2UWtGSmQwRkVRV1pDWjA1V1NGTk5SVWRFUVZkblFsSXhNakVyWkdzNVVXRUtlbHAwV0RaT2NGZDZkamRMVTNoaU1IWnFRVTVDWjJ0eGFHdHBSemwzTUVKQlVYTkdRVUZQUTBGblJVRlVaMnhNTVRsbk1HcEpZWG94YUV0cU1YbDNVZ3BPZVVkSGJEQk9ZVVkwWVZCVmIxVjVlWGhCU2pVNVltMXBUek42ZVdKUlpVTmxkR2t2UzA5UWFETTBlRTQyT0VOa2VsQkRSREZRUlROS1YwVTRRVmROQ21kdWJ6RktTR3hSWlZOVGVreENibHAyYWpRdlRGVlFUbXBZYURkVlVrMVpiMmt3WkVnNE1ETnBZeXRRVGxKQmJDOVpaR2RPUTI1UU9WQlVRU3RtUW1RS2VrSjBSMHRZT0hKMWJVNTRXV2hYU25welRWQndZM2sxWmxaeVNEUnlORTF5U1dwcWVtWkJVR1ZJV1ZsV2JtWnRSVGxWTUZKUGNFNUxTbXBFVFRNemVBcFVkVEJMV0RGR1YxRlROMjk2Y0dvNFRIQktha28yUWs0MWVtc3hNa3RFWW1RNVRVVnRVV3hXVEhWVWFVbFNXWFkyVEdkUmRreGhOVXN5ZVhSVmFWWkJDa1J2VEZONVRFZ3dOMmhOTWxaek1VeG5TMkkzUVhoS1FXY3lWVTFsVGpKR1ZqVXljM1kyYkhKT05WRk9ZMll2VUU0eWFtRkRlVnB2WVV4MWJtODVRaThLVEN0WVZrOHlVMlpMZUVFeU5YQnVjVTlHWjFCUk5uWjBNMEpwWjNKeFdsUTVXRlp3UWpnd2ExbEVVRWhSZFhsU2MzWnJTQ3RNTkRKdWJHMWtlaXR3YWdwb1NHNUhLeXM0T0ZwTVRHbGtaVTFqUzNka1UyUk1WeTlXZG5aTVVHNWFiREl5V0djdlUzRnhOSGt5TW01T1YySm1TRUpGVkVaUVEza3hVelJWTDJ0RUNteFRhelZKVFhodVpUZHFTM2xKUkhKRGNrOTZialppYTI5SlN6QXdVMlp3V1RJdlVYVm9VVkZpU1dOTlFYTlpWbE5OT1ZKT1NVUXlUMWxMUWpGMlJYa0tSMFZuTUhOQ1NYRnpWbkJJUlVoVlJqZGpXalExYlROMVNFZFVZa0ZGTlZGWE1GQkJMMGN4UlVKd1dUZDRaWEpaVVdKQlEyVnRTVmRXY0UxdlRHVm9PUXBHWlRFMlVFNUpTVUZXYVhkQmFFTmxWbGhYZDNGdWRtRm9RMHhQTTFwRlpGWndUWFpxTUdoRVRUbEpZbWxyY2xkU01uZHphMlpLT0dsNlZEbEdjSEJ1Q2sxRFJVZERWREo2VFdWTlVuaHNlQzgzYlVOWWRWbEJQUW90TFMwdExVVk9SQ0JEUlZKVVNVWkpRMEZVUlMwdExTMHRDZz09CiAgICBjbGllbnQta2V5LWRhdGE6IExTMHRMUzFDUlVkSlRpQlNVMEVnVUZKSlZrRlVSU0JMUlZrdExTMHRMUXBOU1VsS1MwRkpRa0ZCUzBOQlowVkJlRk5QUnpKVVMzSlFUbEJyUkhjdlRHOTVUMVV2WjA5YU9YY3lNVEJNVjJ0VFMwSTVaMUZaYlhseVpYUmtNMFJoQ2tOaE4weHhjR0ZpZEZWM1JFcGlibEkyV2k4Mk1EYzRWbEV6WkRnNE1tSkdRWHBoZWtaM1RXTk9jSGxWTkVRM1kwVTBlWE5JWml0ak5URXlNM1F5UVRrS1ZIbElkVWw0VDFSaWVEUllTbUV4T1dwMmVWRllNRWh3ZW1aa0swSktUVmx3TTFWNGNUWXhlVWQ2UjJaNWVYRm1PRGxsWW5SaFpHTnhWMnBoTm14U1l3cGhaR1puUzBZM1FtOUJTMnhYT1ROalNYQTViV2sxVjFadlRHbEJhbUpaVGtnd05rVmFVazFGZDJZNGJHSk1WbVJISzFBMWNuQXpSMVV4U0UwelVHMWFDbXhEWjJKbFZXWTBjbE5tTVVZdk1IWnlNVWwxTW5CelF6VlZlRTEyZFVkaVMwRk1OVEpKTjJWTmFVSlVPQzh6Tmt0eFNURkhhWFU0UmtocU9XVkdXbW9LU0d4alJVeFRaV1JzYWpadFIzcENNbkZpZEZCWk0zaDFXRVZWZEZFMmMwSkNiMFFyZFcxbmIyVkVTMlZuYzNoeldVZFVUblJVVEZsR1VHcGFNazFtU1FvNFNFcHRhMVF3U3psamRrNTZRMGRPZFhKSGRVeFVkRlpqSzA5a2VXaFJXbWxqUkd3eVYzZzJabG8wZG1KRFZFeEZUbVpHVVRkU2FuWktia1YxUnpkTENtd3JWM2hyYzNKSlNrRm9WRlk0YzJKc2RVRllXa1JNZURaaVNYVlBhbVF2VFZGd2NGWXZPV1Z4ZWpCdE1WRk9aMjFuZVRoMVJYRk9OU3N6WlVKMWJVNEtNREVyWTJOWGJrTlNOVEl6UnpaaVFYQmFSbmRwUkU5bEwwVmFOMWROYmtsSldtSlFORmRzUmxCcWVsWlJNemxzUW1WRk4yVnZRVTV5YTJ0RVkxVXpMd3BwUTFsNFRETmxUWFZqVjNKUlJXaExaMFJZY0ZSaVdFNURlVFZwUVVwVk5WaEZZalU1VjI5a2QyVTVTbGx6YkRoVVRXaHhUbmRIVkhsTFZsbDZjM0pMQ21oc2ExVkdSbll3WkdkTWRrOXpOV3hQTlRCS1ptTjRZVTlMY0VKQ1FpdEpaRlZNUjJnMlNVaHJkMGRJU0dVM1VYTjJNMGhaYTBVM2VIb3dRMEYzUlVFS1FWRkxRMEZuUVVneU1tRm5aVmhwUW5ORFFrTjVWM0JuVldsaE5rTlJTekUyWjBnMVJUUlJPSE5OYWxCMk5rMUZTMVpZYzJ0TU4yWTJLM1ZMU0ZBMlVBcDBlblpaTkZKTlVYTkxUMkZzVGpoUlJsVTRVbXhIVERsM1kzaGFaVzVLUW1GMlVUQkRPREZTY1dsWGFDOUlTVkZrY0dVdk5EQkpUMU5XWm05YVpuUlhDbFJ0YVRGM04yaG9XRzlsVTJoR2IwSk1ORUZEVW5GeFVUUm5ZbU40VFdweVpFbHlaREpvUlU0NGRWaDBNRFJJU2pkeVpuRTFkbTVZTjJoaGRFSlVia3NLVjNSRGExaExPVTVaWmxWQlZYcElibVZtVFVaemRDOU1RVFpKWWs1VGNsaFpTV1p3VlZWRmIzWXliRkZKUmtkeVQwaE9iSGw2ZW01MmMwWTFhaTlxUmdwVVpscHBkMjFEU1V0RmNHUjRRbVpXWXpkclRGVnZjVkZwWVROVWFEYzBjbGRWV2k5VWRuZE9ablpIUnpOWU9XUm5XVlEwY1hScVFXVk5PV1I2Vm5CdENtaHdRM2RRVEc4clFWa3dhMlJsTUdkSFJrYzFhRXhPUW5kNGNHb3lZVWc1TUU1TWJqUjFibE00TDJKNFlVOUxTVGx3VGxCUGMwMHJRVUpRVlRKa1dFVUtMMmRzVFU5cWRUTlJXa2N2ZFdaWGFuQkdZMVZCVm04cmNqQm9Uamx2U25STFIyTkRXVlJXTWtsc1lXdG1jM3BMYVhobWMwbFdiVUk0Ykdod1JXUkliUXB3WjNJcmNYbG1hV1F2U1VoNldVdFlUWFpQZURCQ1psazBXRnBCZWt0SUwxUTNUR2RNSzI0M1Mza3dUSFExVERkdFNIaDFXRTF6VVdGMWQxRk5SRmhCQ2pWMk9XRmhMMGgzUVhCVmEwTnJObFpUV21vdldVUmxUamR5WkZwMVVUQlFPR28yZVc5cFJsaFRhbGgxVkdReWQwWllXa05JTW1wdWJFNXhjRmhEYnpVS05uaENhWGxUU0VFMlVYY3dkMmczUlZoT2RHdGhRak5rYUU1WWMyOVZkbXBJUlhKc0t6aE1WRFJFYUc5YVJXbEpRWEpHTVVWMWQwTkZla3d6WVM5c1FRcDVjVVZTVEZWaE1sRnZTM3B2ZW1wa2IwUldVV2RGYW1oalNESnRVemxpWWtnek5FOTZaWGxNUkc1cWJIcDNXVE56VVV0RFFWRkZRVFZIZWxSWFR6SlFDbGxOYlU1amEyeG1TRXRYUldjNGNFeHVhRkYzVEdJMU9FUnVRbE55TWtJd1JtNHhOV2gzWjA5NE1GcG1lSGxsVjNwVFJDOWxMMlZNTnpJMldFa3JVM0FLUVdGWVZXaFJZak5QY21aWWIyOVZkVVJGWjFGTU5rZExNbkprZGpsb1VucHBVakEyVjNaQ1FURXhXVTV5YTNaM1JVRmFWbUp0VG04eEwxTklkakV2UVFwMVNUWmhNRFpLVjBkaFdrbFNja1JEVEVwRWEyRkpaMDl4WjBZNU9VaHhVeTlLVEhGbVkyazFjRVEwVjAxdE55ODBiRGRQVG5sM1JVaGtRbFZTUlRoMkNtSmFRVlJSYUdZM1EyZzJNRXRpUW5RdmNFZExTRVZhYkU4elNWWTFkVkIxVDI1a2FubE1SRWcyT0ZkbFdHSnpkVXd6TURGUk4xZGpjMDg1T1dGeEt6QUtVMHR0WW5sUVdrWmxhMDl6T0ZGeFVYVkpVMGxvVlhOQ2RsTXpkV3RDUjJwdmNXeEhObUpZWVZkcVZtZFhXakYwTjNSaVRYbEdVVk5LUVRSVVp6TlhNUXBsY1ZOTk9YQmFSMkprWkZwWGQwdERRVkZGUVROUEwxZDNWa0ozYzJGVFdqZFVkMUpIZFdoS2VVTldWVWhWSzBnMFlUaE5XazVqWjAxS1lYUnFXalJIQ205Sk1uWnBVbWhWYlcwMVZGbGpNRVpQUW1VNGFsSlVla2w2TlZkSlZFNXdNR0V2YjFoV1IxbEpNRFpFYlVoT1VGSmlWMGhKV2tGU2VHZGxUR05zYzJRS1lYcHlSSFoyVDJKTVdYaGlNRkVyZVZWVWNXcE9WVVEyT0dZclRFMXlSMDFRYVRKNmNrbFpWMlpuUzIxUVJVdFpObWhvYTNKeVUwZHFTbVU1VWtSaVFRcG5ObkJNVTBOdGNGTXpOVlp3WjNaUVlsUjRVek5qTkhwWFdERmxSbFo2V1ZwcGVESXllRkp5TlZoalpTdDZlWGg2TmpCR09FaDBSVE4yU0daRFpHNHpDbk5XVG14aFoySkxTMEp0VVd4V1l6bEhRbXcwYW1kSFNrY3hXbkp0UzJocVJUSjBRMDlIZUU5WGJVdHRkRlZGZDJWcmVVdFROV28yVlRkYWJqVmFTVTRLY1RocGJHNUJjbXBNT0M5U1QzbFRMMlZXZHpkVmVVVjVRaTlNS3k4eWFsSmpaRk5RWlM5amRGSjNTME5CVVVKc01qaEdRek50ZDFwR1RXUnRUbmxIWVFwbVNsSnBNRVZ3TXpaNmFYZHlWV2hWYUM5SVdFVnZUM2h2TjBsV1lrcHdjV05uT0hwc05IVXZXRkFyVVVsQmNtVmpZMjlxZWpCemRESlBlWHBvVXl0d0Ntd3lSVzl5TkhGb1NESkdXVmhCYVRORWVWWXhOMmhwTTBFM2JVbzBObWxIV0ZoRmMxUXJRakI0VGpWRWJ6QkRWbFJCTVdOWlV6VnVTR1pCWTJaNk9ERUtiMDVwU2pkVVoyODVNVTVwTmxscVoyUnNibU5OZFhodmFFaHlZMHhETTJJNU0wOWxaV0pFVWtkTlYwMUNTM2w0VUhKNlZUSlNjV3hIUzBnNWVuZFBOZ3AwTkZwUVRVMVdZbmg2Y0RJNFZUQnBMMUJUV0ZOUWVIRlNaVXhTUlRCUFV6a3dVblpPTlVOWmVrcFNOelZRYUVOVVoyb3pSV1pMY1d4RVpFeHVZMWhPQ21nelFVODNSVGh6WlVzd1NVRjZTamRWV1dkWU5XdFhOWFY0U2sxR1ZFOVNSbXQzYjNGbVRHcHNhRlZ5U0RWSldGVmpLMUo0TWs1MGJGRk1iVEJ2ZDBZS1dIZHZVa0Z2U1VKQlFWbEZabXQyY201bVdXOXliM2xaYlhweGNGbDNSVkpwZWxneFMxcFdURU5GU21reldubFdUR2R5ZVZvcmJrNXJhRGxuZVRCVlpBcG9hVmhsZVV0eFltTjFXa0V3VGtvdk5ubGhhVmRPY0N0UFVYbzFiMUJSZEU5cldsaDBZWGRJV1hKUVYxVmlWMk5HVURnM1dHaFVRMnd2ZUVka1JUWk5DbE5TTDNKc2IySkNNbmh2YWs0dlMwcGlSV2R2VERsTGRIVm1kMVE1ZERka2QxcDBXV3RSVDI1UlJ6ZEdkV1pvZDFaYVdtSkRNbXhMY0ZKNFJrUnFhR2dLU3pSSlNGSnNTVXRXTlU0d0x6QTRUSEpDYkZjeWQyOUdXV2RPWW1wbmFrVTRkRWxUSzBORVdUZEtWamxPWjFsQlptNTFkRTVUVEdWVE5TOVZjVmxNYndwR01XdEtPVVE0U1hsd1JFeHNLMnh1ZEVONVNGRmFUMUV3TUM5dlJ6QlpORGcyVG5sTlFtcFZjSFIxYVZGblkzWnhObkpGUkVveFIweE5VMUZSTVc1V0NrSnFWR1pNYkhadE1rUk1UMkkyWkhCNFpXODRPVFU1Y2tVM1JtcHlVbU5EWjJkRlFrRktNRVpMYlUxaldFRnVlRTlhYVV0NGJrcFBhemhLYlRGc1FsUUtUMWMyTkdWeU9HRXlabFZrU3poNmNVVktlVzk0VjNWWGNGWmxTQzl3VFU0cmQxQjNMMnMwYjNORmVXY3ZXazB3YUc5RmJ6bGxPWEJIYUdwM1JDOVFUUXBSTW5wSlpsTnhaMDlFZUZscWRsRndibHBUU0dGa2RrMWtWVXc0YWpWdVJucG9OR3d5U0hGWVpscHhlak5sTVhaUlJ6RmpTVFZPUlRCcUwzQmpZMnBqQ2xsSWFsSjVZbEZzUldGMWIzTm5aM2xTUTAxaU1WUnFhak4zTkc1d1owaE5NRUYyU3psbmJrVkNWak55UkVFMGFrNDFiV3R2WkZwak1WZDFNRVUzVFd3S1IyVTRSMFJFTmt4M1RYTkdPRGQ0VVM5S2RISmlXU3NyYWtoUk5sTk5lbWxOTHpFM1NVbHpPR2t5T1hwbU1rSkJVVEpaUWtwaVVWVmhTSFZTYTB4T2J3cEpVVkJCVVdKMlJWZHBVMk15YzBkM1ZuUTRWR3MwUjNneEszWmFTbmN6TVVwUFF6TldOVU5ISzNSUmRFWnlNbmxKVlUxRVpGQldUbWRXYnowS0xTMHRMUzFGVGtRZ1VsTkJJRkJTU1ZaQlZFVWdTMFZaTFMwdExTMEsKICAgIHRva2VuOiB6M2hucnZ3bGd6czdwajduazM0aDExdjgyOGFyOG8ybGN6dmQ4NDE0amlmenJjdm1xYXJ5NXdwY2FndTJxbzdjZDZsZmhqb3JiencydDJrM21oejF4bjgwZm91ZDI1ZWxqbGczZnBsNWIzOHNieHo0dW9oZnAwcXE2am9oOHE3MQo=\"\n
        \  }\n  ]\n }"
    headers:
      cache-control:
      - no-cache
      content-length:
      - '13108'
      content-type:
      - application/json
      date:
      - Thu, 29 Jun 2023 09:50:40 GMT
      expires:
      - '-1'
      pragma:
      - no-cache
      server:
      - nginx
      strict-transport-security:
      - max-age=31536000; includeSubDomains
      transfer-encoding:
      - chunked
      vary:
      - Accept-Encoding
      x-content-type-options:
      - nosniff
      x-ms-ratelimit-remaining-subscription-writes:
      - '1199'
    status:
      code: 200
      message: OK
- request:
    body: null
    headers:
      Accept:
      - application/json
      Accept-Encoding:
      - gzip, deflate
      CommandName:
      - aks scale
      Connection:
      - keep-alive
      ParameterSetName:
      - -g -n --node-count
      User-Agent:
      - AZURECLI/2.49.0 azsdk-python-azure-mgmt-containerservice/24.0.0 Python/3.8.10
        (Linux-5.15.0-1039-azure-x86_64-with-glibc2.29)
    method: GET
    uri: https://management.azure.com/subscriptions/00000000-0000-0000-0000-000000000000/resourceGroups/clitest000001/providers/Microsoft.ContainerService/managedClusters/cliakstest000003?api-version=2023-10-01
  response:
    body:
      string: "{\n  \"id\": \"/subscriptions/00000000-0000-0000-0000-000000000000/resourcegroups/clitest000001/providers/Microsoft.ContainerService/managedClusters/cliakstest000003\",\n
        \ \"location\": \"westus2\",\n  \"name\": \"cliakstest000003\",\n  \"tags\":
        {\n   \"key1\": \"value1\"\n  },\n  \"type\": \"Microsoft.ContainerService/ManagedClusters\",\n
        \ \"properties\": {\n   \"provisioningState\": \"Succeeded\",\n   \"powerState\":
        {\n    \"code\": \"Running\"\n   },\n   \"kubernetesVersion\": \"1.25.6\",\n
        \  \"currentKubernetesVersion\": \"1.25.6\",\n   \"dnsPrefix\": \"cliakstest-clitesteadxcxjgz-79a739\",\n
        \  \"fqdn\": \"cliakstest-clitesteadxcxjgz-79a739-cth0i53l.hcp.westus2.azmk8s.io\",\n
        \  \"azurePortalFQDN\": \"cliakstest-clitesteadxcxjgz-79a739-cth0i53l.portal.hcp.westus2.azmk8s.io\",\n
        \  \"agentPoolProfiles\": [\n    {\n     \"name\": \"nodepool1\",\n     \"count\":
        1,\n     \"vmSize\": \"Standard_DS2_v2\",\n     \"osDiskSizeGB\": 128,\n     \"osDiskType\":
        \"Managed\",\n     \"kubeletDiskType\": \"OS\",\n     \"maxPods\": 110,\n
        \    \"type\": \"VirtualMachineScaleSets\",\n     \"enableAutoScaling\": false,\n
        \    \"provisioningState\": \"Succeeded\",\n     \"powerState\": {\n      \"code\":
        \"Running\"\n     },\n     \"orchestratorVersion\": \"1.25.6\",\n     \"currentOrchestratorVersion\":
        \"1.25.6\",\n     \"enableNodePublicIP\": false,\n     \"tags\": {\n      \"tag1\":
        \"tv1\",\n      \"tag2\": \"tv2\"\n     },\n     \"nodeLabels\": {\n      \"label1\":
        \"value1\",\n      \"label2\": \"value2\"\n     },\n     \"mode\": \"System\",\n
        \    \"enableEncryptionAtHost\": false,\n     \"enableUltraSSD\": false,\n
        \    \"osType\": \"Linux\",\n     \"osSKU\": \"Ubuntu\",\n     \"nodeImageVersion\":
        \"AKSUbuntu-2204gen2containerd-202306.19.0\",\n     \"upgradeSettings\": {},\n
        \    \"enableFIPS\": false\n    }\n   ],\n   \"linuxProfile\": {\n    \"adminUsername\":
        \"azureuser\",\n    \"ssh\": {\n     \"publicKeys\": [\n      {\n       \"keyData\":
        \"ssh-rsa AAAAB3NzaC1yc2EAAAADAQABAAABAQCw4P22/hE86EX0l2HMO+M6Gw+CW6O4Yl84NLjVqF7NtK8xwQKcZwGeIwNBv/HxJ0uMJlOCG1ZMPPvSZHDp07QvAjYKKryIkIGilxLUh4fNOEQiZqAXB2badERUdwLRB4f6kHc0vb35GHw3tlyjjDjvQTO7UgZQxnbipxyrJAYfMHxfXjST1tvmln3v87WvBGsY2hr1Iqx/gMO3AIqaNoJntl1sIeAcg8xXdYW3PP6N1gYToFsDxsQZU2rfefIRDniuP4fYy2J4shtEAkyzv1BlOBJGHBqCzyrhXVqFElLSFV99QhLUi43zXL4Ge1QKJBztH/q48ohMBt3WenkP2KsT
        azcli_aks_live_test@example.com\\n\"\n      }\n     ]\n    }\n   },\n   \"servicePrincipalProfile\":
        {\n    \"clientId\":\"00000000-0000-0000-0000-000000000001\"\n   },\n   \"nodeResourceGroup\":
        \"MC_clitest000001_cliakstest000003_westus2\",\n   \"enableRBAC\": true,\n
        \  \"supportPlan\": \"KubernetesOfficial\",\n   \"networkProfile\": {\n    \"networkPlugin\":
        \"kubenet\",\n    \"loadBalancerSku\": \"Standard\",\n    \"loadBalancerProfile\":
        {\n     \"managedOutboundIPs\": {\n      \"count\": 1\n     },\n     \"effectiveOutboundIPs\":
        [\n      {\n       \"id\": \"/subscriptions/00000000-0000-0000-0000-000000000000/resourceGroups/MC_clitest000001_cliakstest000003_westus2/providers/Microsoft.Network/publicIPAddresses/45bbbe87-41ae-4692-80a7-ea4f544d6b4e\"\n
        \     }\n     ]\n    },\n    \"podCidr\": \"10.244.0.0/16\",\n    \"serviceCidr\":
        \"10.0.0.0/16\",\n    \"dnsServiceIP\": \"10.0.0.10\",\n    \"outboundType\":
        \"loadBalancer\",\n    \"podCidrs\": [\n     \"10.244.0.0/16\"\n    ],\n    \"serviceCidrs\":
        [\n     \"10.0.0.0/16\"\n    ],\n    \"ipFamilies\": [\n     \"IPv4\"\n    ]\n
        \  },\n   \"maxAgentPools\": 100,\n   \"disableLocalAccounts\": false,\n   \"securityProfile\":
        {},\n   \"storageProfile\": {\n    \"diskCSIDriver\": {\n     \"enabled\":
        true\n    },\n    \"fileCSIDriver\": {\n     \"enabled\": true\n    },\n    \"snapshotController\":
        {\n     \"enabled\": true\n    }\n   },\n   \"oidcIssuerProfile\": {\n    \"enabled\":
        false\n   },\n   \"workloadAutoScalerProfile\": {}\n  },\n  \"sku\": {\n   \"name\":
        \"Base\",\n   \"tier\": \"Free\"\n  }\n }"
    headers:
      cache-control:
      - no-cache
      content-length:
      - '3551'
      content-type:
      - application/json
      date:
      - Thu, 29 Jun 2023 09:50:41 GMT
      expires:
      - '-1'
      pragma:
      - no-cache
      server:
      - nginx
      strict-transport-security:
      - max-age=31536000; includeSubDomains
      transfer-encoding:
      - chunked
      vary:
      - Accept-Encoding
      x-content-type-options:
      - nosniff
    status:
      code: 200
      message: OK
- request:
    body: '{"tags": {"key1": "value1"}, "location": "westus2", "sku": {"name": "Base",
      "tier": "Free"}, "properties": {"kubernetesVersion": "1.25.6", "dnsPrefix":
      "cliakstest-clitesteadxcxjgz-79a739", "agentPoolProfiles": [{"count": 3, "vmSize":
      "Standard_DS2_v2", "osDiskSizeGB": 128, "osDiskType": "Managed", "kubeletDiskType":
      "OS", "maxPods": 110, "osType": "Linux", "osSKU": "Ubuntu", "enableAutoScaling":
      false, "type": "VirtualMachineScaleSets", "mode": "System", "orchestratorVersion":
      "1.25.6", "upgradeSettings": {}, "powerState": {"code": "Running"}, "enableNodePublicIP":
      false, "tags": {"tag1": "tv1", "tag2": "tv2"}, "nodeLabels": {"label1": "value1",
      "label2": "value2"}, "enableEncryptionAtHost": false, "enableUltraSSD": false,
      "enableFIPS": false, "name": "nodepool1"}], "linuxProfile": {"adminUsername":
      "azureuser", "ssh": {"publicKeys": [{"keyData": "ssh-rsa AAAAB3NzaC1yc2EAAAADAQABAAABAQCw4P22/hE86EX0l2HMO+M6Gw+CW6O4Yl84NLjVqF7NtK8xwQKcZwGeIwNBv/HxJ0uMJlOCG1ZMPPvSZHDp07QvAjYKKryIkIGilxLUh4fNOEQiZqAXB2badERUdwLRB4f6kHc0vb35GHw3tlyjjDjvQTO7UgZQxnbipxyrJAYfMHxfXjST1tvmln3v87WvBGsY2hr1Iqx/gMO3AIqaNoJntl1sIeAcg8xXdYW3PP6N1gYToFsDxsQZU2rfefIRDniuP4fYy2J4shtEAkyzv1BlOBJGHBqCzyrhXVqFElLSFV99QhLUi43zXL4Ge1QKJBztH/q48ohMBt3WenkP2KsT
      azcli_aks_live_test@example.com\n"}]}}, "oidcIssuerProfile": {"enabled": false},
      "nodeResourceGroup": "MC_clitest000001_cliakstest000003_westus2", "enableRBAC":
      true, "supportPlan": "KubernetesOfficial", "networkProfile": {"networkPlugin":
      "kubenet", "podCidr": "10.244.0.0/16", "serviceCidr": "10.0.0.0/16", "dnsServiceIP":
      "10.0.0.10", "outboundType": "loadBalancer", "loadBalancerSku": "Standard",
      "loadBalancerProfile": {"managedOutboundIPs": {"count": 1}, "effectiveOutboundIPs":
      [{"id": "/subscriptions/00000000-0000-0000-0000-000000000000/resourceGroups/MC_clitest000001_cliakstest000003_westus2/providers/Microsoft.Network/publicIPAddresses/45bbbe87-41ae-4692-80a7-ea4f544d6b4e"}]},
      "podCidrs": ["10.244.0.0/16"], "serviceCidrs": ["10.0.0.0/16"], "ipFamilies":
      ["IPv4"]}, "disableLocalAccounts": false, "securityProfile": {}, "storageProfile":
      {"diskCSIDriver": {"enabled": true}, "fileCSIDriver": {"enabled": true}, "snapshotController":
      {"enabled": true}}, "workloadAutoScalerProfile": {}}}'
    headers:
      Accept:
      - application/json
      Accept-Encoding:
      - gzip, deflate
      CommandName:
      - aks scale
      Connection:
      - keep-alive
      Content-Length:
      - '2242'
      Content-Type:
      - application/json
      ParameterSetName:
      - -g -n --node-count
      User-Agent:
      - AZURECLI/2.49.0 azsdk-python-azure-mgmt-containerservice/24.0.0 Python/3.8.10
        (Linux-5.15.0-1039-azure-x86_64-with-glibc2.29)
    method: PUT
    uri: https://management.azure.com/subscriptions/00000000-0000-0000-0000-000000000000/resourceGroups/clitest000001/providers/Microsoft.ContainerService/managedClusters/cliakstest000003?api-version=2023-10-01
  response:
    body:
      string: "{\n  \"id\": \"/subscriptions/00000000-0000-0000-0000-000000000000/resourcegroups/clitest000001/providers/Microsoft.ContainerService/managedClusters/cliakstest000003\",\n
        \ \"location\": \"westus2\",\n  \"name\": \"cliakstest000003\",\n  \"tags\":
        {\n   \"key1\": \"value1\"\n  },\n  \"type\": \"Microsoft.ContainerService/ManagedClusters\",\n
        \ \"properties\": {\n   \"provisioningState\": \"Updating\",\n   \"powerState\":
        {\n    \"code\": \"Running\"\n   },\n   \"kubernetesVersion\": \"1.25.6\",\n
        \  \"currentKubernetesVersion\": \"1.25.6\",\n   \"dnsPrefix\": \"cliakstest-clitesteadxcxjgz-79a739\",\n
        \  \"fqdn\": \"cliakstest-clitesteadxcxjgz-79a739-cth0i53l.hcp.westus2.azmk8s.io\",\n
        \  \"azurePortalFQDN\": \"cliakstest-clitesteadxcxjgz-79a739-cth0i53l.portal.hcp.westus2.azmk8s.io\",\n
        \  \"agentPoolProfiles\": [\n    {\n     \"name\": \"nodepool1\",\n     \"count\":
        3,\n     \"vmSize\": \"Standard_DS2_v2\",\n     \"osDiskSizeGB\": 128,\n     \"osDiskType\":
        \"Managed\",\n     \"kubeletDiskType\": \"OS\",\n     \"maxPods\": 110,\n
        \    \"type\": \"VirtualMachineScaleSets\",\n     \"enableAutoScaling\": false,\n
        \    \"provisioningState\": \"Updating\",\n     \"powerState\": {\n      \"code\":
        \"Running\"\n     },\n     \"orchestratorVersion\": \"1.25.6\",\n     \"currentOrchestratorVersion\":
        \"1.25.6\",\n     \"enableNodePublicIP\": false,\n     \"tags\": {\n      \"tag1\":
        \"tv1\",\n      \"tag2\": \"tv2\"\n     },\n     \"nodeLabels\": {\n      \"label1\":
        \"value1\",\n      \"label2\": \"value2\"\n     },\n     \"mode\": \"System\",\n
        \    \"enableEncryptionAtHost\": false,\n     \"enableUltraSSD\": false,\n
        \    \"osType\": \"Linux\",\n     \"osSKU\": \"Ubuntu\",\n     \"nodeImageVersion\":
        \"AKSUbuntu-2204gen2containerd-202306.19.0\",\n     \"upgradeSettings\": {},\n
        \    \"enableFIPS\": false\n    }\n   ],\n   \"linuxProfile\": {\n    \"adminUsername\":
        \"azureuser\",\n    \"ssh\": {\n     \"publicKeys\": [\n      {\n       \"keyData\":
        \"ssh-rsa AAAAB3NzaC1yc2EAAAADAQABAAABAQCw4P22/hE86EX0l2HMO+M6Gw+CW6O4Yl84NLjVqF7NtK8xwQKcZwGeIwNBv/HxJ0uMJlOCG1ZMPPvSZHDp07QvAjYKKryIkIGilxLUh4fNOEQiZqAXB2badERUdwLRB4f6kHc0vb35GHw3tlyjjDjvQTO7UgZQxnbipxyrJAYfMHxfXjST1tvmln3v87WvBGsY2hr1Iqx/gMO3AIqaNoJntl1sIeAcg8xXdYW3PP6N1gYToFsDxsQZU2rfefIRDniuP4fYy2J4shtEAkyzv1BlOBJGHBqCzyrhXVqFElLSFV99QhLUi43zXL4Ge1QKJBztH/q48ohMBt3WenkP2KsT
        azcli_aks_live_test@example.com\\n\"\n      }\n     ]\n    }\n   },\n   \"servicePrincipalProfile\":
        {\n    \"clientId\":\"00000000-0000-0000-0000-000000000001\"\n   },\n   \"nodeResourceGroup\":
        \"MC_clitest000001_cliakstest000003_westus2\",\n   \"enableRBAC\": true,\n
        \  \"supportPlan\": \"KubernetesOfficial\",\n   \"networkProfile\": {\n    \"networkPlugin\":
        \"kubenet\",\n    \"loadBalancerSku\": \"Standard\",\n    \"loadBalancerProfile\":
        {\n     \"managedOutboundIPs\": {\n      \"count\": 1\n     },\n     \"effectiveOutboundIPs\":
        [\n      {\n       \"id\": \"/subscriptions/00000000-0000-0000-0000-000000000000/resourceGroups/MC_clitest000001_cliakstest000003_westus2/providers/Microsoft.Network/publicIPAddresses/45bbbe87-41ae-4692-80a7-ea4f544d6b4e\"\n
        \     }\n     ]\n    },\n    \"podCidr\": \"10.244.0.0/16\",\n    \"serviceCidr\":
        \"10.0.0.0/16\",\n    \"dnsServiceIP\": \"10.0.0.10\",\n    \"outboundType\":
        \"loadBalancer\",\n    \"podCidrs\": [\n     \"10.244.0.0/16\"\n    ],\n    \"serviceCidrs\":
        [\n     \"10.0.0.0/16\"\n    ],\n    \"ipFamilies\": [\n     \"IPv4\"\n    ]\n
        \  },\n   \"maxAgentPools\": 100,\n   \"disableLocalAccounts\": false,\n   \"securityProfile\":
        {},\n   \"storageProfile\": {\n    \"diskCSIDriver\": {\n     \"enabled\":
        true\n    },\n    \"fileCSIDriver\": {\n     \"enabled\": true\n    },\n    \"snapshotController\":
        {\n     \"enabled\": true\n    }\n   },\n   \"oidcIssuerProfile\": {\n    \"enabled\":
        false\n   },\n   \"workloadAutoScalerProfile\": {}\n  },\n  \"sku\": {\n   \"name\":
        \"Base\",\n   \"tier\": \"Free\"\n  }\n }"
    headers:
      azure-asyncoperation:
      - https://management.azure.com/subscriptions/00000000-0000-0000-0000-000000000000/providers/Microsoft.ContainerService/locations/westus2/operations/50be9505-5465-4cc0-9bbf-a6deaa5716db?api-version=2016-03-30
      cache-control:
      - no-cache
      content-length:
      - '3549'
      content-type:
      - application/json
      date:
      - Thu, 29 Jun 2023 09:50:47 GMT
      expires:
      - '-1'
      pragma:
      - no-cache
      server:
      - nginx
      strict-transport-security:
      - max-age=31536000; includeSubDomains
      transfer-encoding:
      - chunked
      vary:
      - Accept-Encoding
      x-content-type-options:
      - nosniff
      x-ms-ratelimit-remaining-subscription-writes:
      - '1196'
    status:
      code: 200
      message: OK
- request:
    body: null
    headers:
      Accept:
      - '*/*'
      Accept-Encoding:
      - gzip, deflate
      CommandName:
      - aks scale
      Connection:
      - keep-alive
      ParameterSetName:
      - -g -n --node-count
      User-Agent:
      - AZURECLI/2.49.0 azsdk-python-azure-mgmt-containerservice/24.0.0 Python/3.8.10
        (Linux-5.15.0-1039-azure-x86_64-with-glibc2.29)
    method: GET
    uri: https://management.azure.com/subscriptions/00000000-0000-0000-0000-000000000000/providers/Microsoft.ContainerService/locations/westus2/operations/50be9505-5465-4cc0-9bbf-a6deaa5716db?api-version=2016-03-30
  response:
    body:
      string: "{\n  \"name\": \"0595be50-6554-c04c-9bbf-a6deaa5716db\",\n  \"status\":
        \"InProgress\",\n  \"startTime\": \"2023-06-29T09:50:46.7383219Z\"\n }"
    headers:
      cache-control:
      - no-cache
      content-length:
      - '126'
      content-type:
      - application/json
      date:
      - Thu, 29 Jun 2023 09:50:47 GMT
      expires:
      - '-1'
      pragma:
      - no-cache
      server:
      - nginx
      strict-transport-security:
      - max-age=31536000; includeSubDomains
      transfer-encoding:
      - chunked
      vary:
      - Accept-Encoding
      x-content-type-options:
      - nosniff
    status:
      code: 200
      message: OK
- request:
    body: null
    headers:
      Accept:
      - '*/*'
      Accept-Encoding:
      - gzip, deflate
      CommandName:
      - aks scale
      Connection:
      - keep-alive
      ParameterSetName:
      - -g -n --node-count
      User-Agent:
      - AZURECLI/2.49.0 azsdk-python-azure-mgmt-containerservice/24.0.0 Python/3.8.10
        (Linux-5.15.0-1039-azure-x86_64-with-glibc2.29)
    method: GET
    uri: https://management.azure.com/subscriptions/00000000-0000-0000-0000-000000000000/providers/Microsoft.ContainerService/locations/westus2/operations/50be9505-5465-4cc0-9bbf-a6deaa5716db?api-version=2016-03-30
  response:
    body:
      string: "{\n  \"name\": \"0595be50-6554-c04c-9bbf-a6deaa5716db\",\n  \"status\":
        \"InProgress\",\n  \"startTime\": \"2023-06-29T09:50:46.7383219Z\"\n }"
    headers:
      cache-control:
      - no-cache
      content-length:
      - '126'
      content-type:
      - application/json
      date:
      - Thu, 29 Jun 2023 09:51:17 GMT
      expires:
      - '-1'
      pragma:
      - no-cache
      server:
      - nginx
      strict-transport-security:
      - max-age=31536000; includeSubDomains
      transfer-encoding:
      - chunked
      vary:
      - Accept-Encoding
      x-content-type-options:
      - nosniff
    status:
      code: 200
      message: OK
- request:
    body: null
    headers:
      Accept:
      - '*/*'
      Accept-Encoding:
      - gzip, deflate
      CommandName:
      - aks scale
      Connection:
      - keep-alive
      ParameterSetName:
      - -g -n --node-count
      User-Agent:
      - AZURECLI/2.49.0 azsdk-python-azure-mgmt-containerservice/24.0.0 Python/3.8.10
        (Linux-5.15.0-1039-azure-x86_64-with-glibc2.29)
    method: GET
    uri: https://management.azure.com/subscriptions/00000000-0000-0000-0000-000000000000/providers/Microsoft.ContainerService/locations/westus2/operations/50be9505-5465-4cc0-9bbf-a6deaa5716db?api-version=2016-03-30
  response:
    body:
      string: "{\n  \"name\": \"0595be50-6554-c04c-9bbf-a6deaa5716db\",\n  \"status\":
        \"InProgress\",\n  \"startTime\": \"2023-06-29T09:50:46.7383219Z\"\n }"
    headers:
      cache-control:
      - no-cache
      content-length:
      - '126'
      content-type:
      - application/json
      date:
      - Thu, 29 Jun 2023 09:51:46 GMT
      expires:
      - '-1'
      pragma:
      - no-cache
      server:
      - nginx
      strict-transport-security:
      - max-age=31536000; includeSubDomains
      transfer-encoding:
      - chunked
      vary:
      - Accept-Encoding
      x-content-type-options:
      - nosniff
    status:
      code: 200
      message: OK
- request:
    body: null
    headers:
      Accept:
      - '*/*'
      Accept-Encoding:
      - gzip, deflate
      CommandName:
      - aks scale
      Connection:
      - keep-alive
      ParameterSetName:
      - -g -n --node-count
      User-Agent:
      - AZURECLI/2.49.0 azsdk-python-azure-mgmt-containerservice/24.0.0 Python/3.8.10
        (Linux-5.15.0-1039-azure-x86_64-with-glibc2.29)
    method: GET
    uri: https://management.azure.com/subscriptions/00000000-0000-0000-0000-000000000000/providers/Microsoft.ContainerService/locations/westus2/operations/50be9505-5465-4cc0-9bbf-a6deaa5716db?api-version=2016-03-30
  response:
    body:
      string: "{\n  \"name\": \"0595be50-6554-c04c-9bbf-a6deaa5716db\",\n  \"status\":
        \"InProgress\",\n  \"startTime\": \"2023-06-29T09:50:46.7383219Z\"\n }"
    headers:
      cache-control:
      - no-cache
      content-length:
      - '126'
      content-type:
      - application/json
      date:
      - Thu, 29 Jun 2023 09:52:17 GMT
      expires:
      - '-1'
      pragma:
      - no-cache
      server:
      - nginx
      strict-transport-security:
      - max-age=31536000; includeSubDomains
      transfer-encoding:
      - chunked
      vary:
      - Accept-Encoding
      x-content-type-options:
      - nosniff
    status:
      code: 200
      message: OK
- request:
    body: null
    headers:
      Accept:
      - '*/*'
      Accept-Encoding:
      - gzip, deflate
      CommandName:
      - aks scale
      Connection:
      - keep-alive
      ParameterSetName:
      - -g -n --node-count
      User-Agent:
      - AZURECLI/2.49.0 azsdk-python-azure-mgmt-containerservice/24.0.0 Python/3.8.10
        (Linux-5.15.0-1039-azure-x86_64-with-glibc2.29)
    method: GET
    uri: https://management.azure.com/subscriptions/00000000-0000-0000-0000-000000000000/providers/Microsoft.ContainerService/locations/westus2/operations/50be9505-5465-4cc0-9bbf-a6deaa5716db?api-version=2016-03-30
  response:
    body:
      string: "{\n  \"name\": \"0595be50-6554-c04c-9bbf-a6deaa5716db\",\n  \"status\":
        \"InProgress\",\n  \"startTime\": \"2023-06-29T09:50:46.7383219Z\"\n }"
    headers:
      cache-control:
      - no-cache
      content-length:
      - '126'
      content-type:
      - application/json
      date:
      - Thu, 29 Jun 2023 09:52:47 GMT
      expires:
      - '-1'
      pragma:
      - no-cache
      server:
      - nginx
      strict-transport-security:
      - max-age=31536000; includeSubDomains
      transfer-encoding:
      - chunked
      vary:
      - Accept-Encoding
      x-content-type-options:
      - nosniff
    status:
      code: 200
      message: OK
- request:
    body: null
    headers:
      Accept:
      - '*/*'
      Accept-Encoding:
      - gzip, deflate
      CommandName:
      - aks scale
      Connection:
      - keep-alive
      ParameterSetName:
      - -g -n --node-count
      User-Agent:
      - AZURECLI/2.49.0 azsdk-python-azure-mgmt-containerservice/24.0.0 Python/3.8.10
        (Linux-5.15.0-1039-azure-x86_64-with-glibc2.29)
    method: GET
    uri: https://management.azure.com/subscriptions/00000000-0000-0000-0000-000000000000/providers/Microsoft.ContainerService/locations/westus2/operations/50be9505-5465-4cc0-9bbf-a6deaa5716db?api-version=2016-03-30
  response:
    body:
      string: "{\n  \"name\": \"0595be50-6554-c04c-9bbf-a6deaa5716db\",\n  \"status\":
        \"InProgress\",\n  \"startTime\": \"2023-06-29T09:50:46.7383219Z\"\n }"
    headers:
      cache-control:
      - no-cache
      content-length:
      - '126'
      content-type:
      - application/json
      date:
      - Thu, 29 Jun 2023 09:53:17 GMT
      expires:
      - '-1'
      pragma:
      - no-cache
      server:
      - nginx
      strict-transport-security:
      - max-age=31536000; includeSubDomains
      transfer-encoding:
      - chunked
      vary:
      - Accept-Encoding
      x-content-type-options:
      - nosniff
    status:
      code: 200
      message: OK
- request:
    body: null
    headers:
      Accept:
      - '*/*'
      Accept-Encoding:
      - gzip, deflate
      CommandName:
      - aks scale
      Connection:
      - keep-alive
      ParameterSetName:
      - -g -n --node-count
      User-Agent:
      - AZURECLI/2.49.0 azsdk-python-azure-mgmt-containerservice/24.0.0 Python/3.8.10
        (Linux-5.15.0-1039-azure-x86_64-with-glibc2.29)
    method: GET
    uri: https://management.azure.com/subscriptions/00000000-0000-0000-0000-000000000000/providers/Microsoft.ContainerService/locations/westus2/operations/50be9505-5465-4cc0-9bbf-a6deaa5716db?api-version=2016-03-30
  response:
    body:
      string: "{\n  \"name\": \"0595be50-6554-c04c-9bbf-a6deaa5716db\",\n  \"status\":
        \"InProgress\",\n  \"startTime\": \"2023-06-29T09:50:46.7383219Z\"\n }"
    headers:
      cache-control:
      - no-cache
      content-length:
      - '126'
      content-type:
      - application/json
      date:
      - Thu, 29 Jun 2023 09:53:47 GMT
      expires:
      - '-1'
      pragma:
      - no-cache
      server:
      - nginx
      strict-transport-security:
      - max-age=31536000; includeSubDomains
      transfer-encoding:
      - chunked
      vary:
      - Accept-Encoding
      x-content-type-options:
      - nosniff
    status:
      code: 200
      message: OK
- request:
    body: null
    headers:
      Accept:
      - '*/*'
      Accept-Encoding:
      - gzip, deflate
      CommandName:
      - aks scale
      Connection:
      - keep-alive
      ParameterSetName:
      - -g -n --node-count
      User-Agent:
      - AZURECLI/2.49.0 azsdk-python-azure-mgmt-containerservice/24.0.0 Python/3.8.10
        (Linux-5.15.0-1039-azure-x86_64-with-glibc2.29)
    method: GET
    uri: https://management.azure.com/subscriptions/00000000-0000-0000-0000-000000000000/providers/Microsoft.ContainerService/locations/westus2/operations/50be9505-5465-4cc0-9bbf-a6deaa5716db?api-version=2016-03-30
  response:
    body:
      string: "{\n  \"name\": \"0595be50-6554-c04c-9bbf-a6deaa5716db\",\n  \"status\":
        \"InProgress\",\n  \"startTime\": \"2023-06-29T09:50:46.7383219Z\"\n }"
    headers:
      cache-control:
      - no-cache
      content-length:
      - '126'
      content-type:
      - application/json
      date:
      - Thu, 29 Jun 2023 09:54:18 GMT
      expires:
      - '-1'
      pragma:
      - no-cache
      server:
      - nginx
      strict-transport-security:
      - max-age=31536000; includeSubDomains
      transfer-encoding:
      - chunked
      vary:
      - Accept-Encoding
      x-content-type-options:
      - nosniff
    status:
      code: 200
      message: OK
- request:
    body: null
    headers:
      Accept:
      - '*/*'
      Accept-Encoding:
      - gzip, deflate
      CommandName:
      - aks scale
      Connection:
      - keep-alive
      ParameterSetName:
      - -g -n --node-count
      User-Agent:
      - AZURECLI/2.49.0 azsdk-python-azure-mgmt-containerservice/24.0.0 Python/3.8.10
        (Linux-5.15.0-1039-azure-x86_64-with-glibc2.29)
    method: GET
    uri: https://management.azure.com/subscriptions/00000000-0000-0000-0000-000000000000/providers/Microsoft.ContainerService/locations/westus2/operations/50be9505-5465-4cc0-9bbf-a6deaa5716db?api-version=2016-03-30
  response:
    body:
      string: "{\n  \"name\": \"0595be50-6554-c04c-9bbf-a6deaa5716db\",\n  \"status\":
        \"InProgress\",\n  \"startTime\": \"2023-06-29T09:50:46.7383219Z\"\n }"
    headers:
      cache-control:
      - no-cache
      content-length:
      - '126'
      content-type:
      - application/json
      date:
      - Thu, 29 Jun 2023 09:54:48 GMT
      expires:
      - '-1'
      pragma:
      - no-cache
      server:
      - nginx
      strict-transport-security:
      - max-age=31536000; includeSubDomains
      transfer-encoding:
      - chunked
      vary:
      - Accept-Encoding
      x-content-type-options:
      - nosniff
    status:
      code: 200
      message: OK
- request:
    body: null
    headers:
      Accept:
      - '*/*'
      Accept-Encoding:
      - gzip, deflate
      CommandName:
      - aks scale
      Connection:
      - keep-alive
      ParameterSetName:
      - -g -n --node-count
      User-Agent:
      - AZURECLI/2.49.0 azsdk-python-azure-mgmt-containerservice/24.0.0 Python/3.8.10
        (Linux-5.15.0-1039-azure-x86_64-with-glibc2.29)
    method: GET
    uri: https://management.azure.com/subscriptions/00000000-0000-0000-0000-000000000000/providers/Microsoft.ContainerService/locations/westus2/operations/50be9505-5465-4cc0-9bbf-a6deaa5716db?api-version=2016-03-30
  response:
    body:
      string: "{\n  \"name\": \"0595be50-6554-c04c-9bbf-a6deaa5716db\",\n  \"status\":
        \"InProgress\",\n  \"startTime\": \"2023-06-29T09:50:46.7383219Z\"\n }"
    headers:
      cache-control:
      - no-cache
      content-length:
      - '126'
      content-type:
      - application/json
      date:
      - Thu, 29 Jun 2023 09:55:18 GMT
      expires:
      - '-1'
      pragma:
      - no-cache
      server:
      - nginx
      strict-transport-security:
      - max-age=31536000; includeSubDomains
      transfer-encoding:
      - chunked
      vary:
      - Accept-Encoding
      x-content-type-options:
      - nosniff
    status:
      code: 200
      message: OK
- request:
    body: null
    headers:
      Accept:
      - '*/*'
      Accept-Encoding:
      - gzip, deflate
      CommandName:
      - aks scale
      Connection:
      - keep-alive
      ParameterSetName:
      - -g -n --node-count
      User-Agent:
      - AZURECLI/2.49.0 azsdk-python-azure-mgmt-containerservice/24.0.0 Python/3.8.10
        (Linux-5.15.0-1039-azure-x86_64-with-glibc2.29)
    method: GET
    uri: https://management.azure.com/subscriptions/00000000-0000-0000-0000-000000000000/providers/Microsoft.ContainerService/locations/westus2/operations/50be9505-5465-4cc0-9bbf-a6deaa5716db?api-version=2016-03-30
  response:
    body:
      string: "{\n  \"name\": \"0595be50-6554-c04c-9bbf-a6deaa5716db\",\n  \"status\":
        \"Succeeded\",\n  \"startTime\": \"2023-06-29T09:50:46.7383219Z\",\n  \"endTime\":
        \"2023-06-29T09:55:25.0113511Z\"\n }"
    headers:
      cache-control:
      - no-cache
      content-length:
      - '170'
      content-type:
      - application/json
      date:
      - Thu, 29 Jun 2023 09:55:48 GMT
      expires:
      - '-1'
      pragma:
      - no-cache
      server:
      - nginx
      strict-transport-security:
      - max-age=31536000; includeSubDomains
      transfer-encoding:
      - chunked
      vary:
      - Accept-Encoding
      x-content-type-options:
      - nosniff
    status:
      code: 200
      message: OK
- request:
    body: null
    headers:
      Accept:
      - '*/*'
      Accept-Encoding:
      - gzip, deflate
      CommandName:
      - aks scale
      Connection:
      - keep-alive
      ParameterSetName:
      - -g -n --node-count
      User-Agent:
      - AZURECLI/2.49.0 azsdk-python-azure-mgmt-containerservice/24.0.0 Python/3.8.10
        (Linux-5.15.0-1039-azure-x86_64-with-glibc2.29)
    method: GET
    uri: https://management.azure.com/subscriptions/00000000-0000-0000-0000-000000000000/resourceGroups/clitest000001/providers/Microsoft.ContainerService/managedClusters/cliakstest000003?api-version=2023-10-01
  response:
    body:
      string: "{\n  \"id\": \"/subscriptions/00000000-0000-0000-0000-000000000000/resourcegroups/clitest000001/providers/Microsoft.ContainerService/managedClusters/cliakstest000003\",\n
        \ \"location\": \"westus2\",\n  \"name\": \"cliakstest000003\",\n  \"tags\":
        {\n   \"key1\": \"value1\"\n  },\n  \"type\": \"Microsoft.ContainerService/ManagedClusters\",\n
        \ \"properties\": {\n   \"provisioningState\": \"Succeeded\",\n   \"powerState\":
        {\n    \"code\": \"Running\"\n   },\n   \"kubernetesVersion\": \"1.25.6\",\n
        \  \"currentKubernetesVersion\": \"1.25.6\",\n   \"dnsPrefix\": \"cliakstest-clitesteadxcxjgz-79a739\",\n
        \  \"fqdn\": \"cliakstest-clitesteadxcxjgz-79a739-cth0i53l.hcp.westus2.azmk8s.io\",\n
        \  \"azurePortalFQDN\": \"cliakstest-clitesteadxcxjgz-79a739-cth0i53l.portal.hcp.westus2.azmk8s.io\",\n
        \  \"agentPoolProfiles\": [\n    {\n     \"name\": \"nodepool1\",\n     \"count\":
        3,\n     \"vmSize\": \"Standard_DS2_v2\",\n     \"osDiskSizeGB\": 128,\n     \"osDiskType\":
        \"Managed\",\n     \"kubeletDiskType\": \"OS\",\n     \"maxPods\": 110,\n
        \    \"type\": \"VirtualMachineScaleSets\",\n     \"enableAutoScaling\": false,\n
        \    \"provisioningState\": \"Succeeded\",\n     \"powerState\": {\n      \"code\":
        \"Running\"\n     },\n     \"orchestratorVersion\": \"1.25.6\",\n     \"currentOrchestratorVersion\":
        \"1.25.6\",\n     \"enableNodePublicIP\": false,\n     \"tags\": {\n      \"tag1\":
        \"tv1\",\n      \"tag2\": \"tv2\"\n     },\n     \"nodeLabels\": {\n      \"label1\":
        \"value1\",\n      \"label2\": \"value2\"\n     },\n     \"mode\": \"System\",\n
        \    \"enableEncryptionAtHost\": false,\n     \"enableUltraSSD\": false,\n
        \    \"osType\": \"Linux\",\n     \"osSKU\": \"Ubuntu\",\n     \"nodeImageVersion\":
        \"AKSUbuntu-2204gen2containerd-202306.19.0\",\n     \"upgradeSettings\": {},\n
        \    \"enableFIPS\": false\n    }\n   ],\n   \"linuxProfile\": {\n    \"adminUsername\":
        \"azureuser\",\n    \"ssh\": {\n     \"publicKeys\": [\n      {\n       \"keyData\":
        \"ssh-rsa AAAAB3NzaC1yc2EAAAADAQABAAABAQCw4P22/hE86EX0l2HMO+M6Gw+CW6O4Yl84NLjVqF7NtK8xwQKcZwGeIwNBv/HxJ0uMJlOCG1ZMPPvSZHDp07QvAjYKKryIkIGilxLUh4fNOEQiZqAXB2badERUdwLRB4f6kHc0vb35GHw3tlyjjDjvQTO7UgZQxnbipxyrJAYfMHxfXjST1tvmln3v87WvBGsY2hr1Iqx/gMO3AIqaNoJntl1sIeAcg8xXdYW3PP6N1gYToFsDxsQZU2rfefIRDniuP4fYy2J4shtEAkyzv1BlOBJGHBqCzyrhXVqFElLSFV99QhLUi43zXL4Ge1QKJBztH/q48ohMBt3WenkP2KsT
        azcli_aks_live_test@example.com\\n\"\n      }\n     ]\n    }\n   },\n   \"servicePrincipalProfile\":
        {\n    \"clientId\":\"00000000-0000-0000-0000-000000000001\"\n   },\n   \"nodeResourceGroup\":
        \"MC_clitest000001_cliakstest000003_westus2\",\n   \"enableRBAC\": true,\n
        \  \"supportPlan\": \"KubernetesOfficial\",\n   \"networkProfile\": {\n    \"networkPlugin\":
        \"kubenet\",\n    \"loadBalancerSku\": \"Standard\",\n    \"loadBalancerProfile\":
        {\n     \"managedOutboundIPs\": {\n      \"count\": 1\n     },\n     \"effectiveOutboundIPs\":
        [\n      {\n       \"id\": \"/subscriptions/00000000-0000-0000-0000-000000000000/resourceGroups/MC_clitest000001_cliakstest000003_westus2/providers/Microsoft.Network/publicIPAddresses/45bbbe87-41ae-4692-80a7-ea4f544d6b4e\"\n
        \     }\n     ]\n    },\n    \"podCidr\": \"10.244.0.0/16\",\n    \"serviceCidr\":
        \"10.0.0.0/16\",\n    \"dnsServiceIP\": \"10.0.0.10\",\n    \"outboundType\":
        \"loadBalancer\",\n    \"podCidrs\": [\n     \"10.244.0.0/16\"\n    ],\n    \"serviceCidrs\":
        [\n     \"10.0.0.0/16\"\n    ],\n    \"ipFamilies\": [\n     \"IPv4\"\n    ]\n
        \  },\n   \"maxAgentPools\": 100,\n   \"disableLocalAccounts\": false,\n   \"securityProfile\":
        {},\n   \"storageProfile\": {\n    \"diskCSIDriver\": {\n     \"enabled\":
        true\n    },\n    \"fileCSIDriver\": {\n     \"enabled\": true\n    },\n    \"snapshotController\":
        {\n     \"enabled\": true\n    }\n   },\n   \"oidcIssuerProfile\": {\n    \"enabled\":
        false\n   },\n   \"workloadAutoScalerProfile\": {}\n  },\n  \"sku\": {\n   \"name\":
        \"Base\",\n   \"tier\": \"Free\"\n  }\n }"
    headers:
      cache-control:
      - no-cache
      content-length:
      - '3551'
      content-type:
      - application/json
      date:
      - Thu, 29 Jun 2023 09:55:49 GMT
      expires:
      - '-1'
      pragma:
      - no-cache
      server:
      - nginx
      strict-transport-security:
      - max-age=31536000; includeSubDomains
      transfer-encoding:
      - chunked
      vary:
      - Accept-Encoding
      x-content-type-options:
      - nosniff
    status:
      code: 200
      message: OK
- request:
    body: null
    headers:
      Accept:
      - application/json
      Accept-Encoding:
      - gzip, deflate
      CommandName:
      - aks show
      Connection:
      - keep-alive
      ParameterSetName:
      - -g -n
      User-Agent:
      - AZURECLI/2.49.0 azsdk-python-azure-mgmt-containerservice/24.0.0 Python/3.8.10
        (Linux-5.15.0-1039-azure-x86_64-with-glibc2.29)
    method: GET
    uri: https://management.azure.com/subscriptions/00000000-0000-0000-0000-000000000000/resourceGroups/clitest000001/providers/Microsoft.ContainerService/managedClusters/cliakstest000003?api-version=2023-10-01
  response:
    body:
      string: "{\n  \"id\": \"/subscriptions/00000000-0000-0000-0000-000000000000/resourcegroups/clitest000001/providers/Microsoft.ContainerService/managedClusters/cliakstest000003\",\n
        \ \"location\": \"westus2\",\n  \"name\": \"cliakstest000003\",\n  \"tags\":
        {\n   \"key1\": \"value1\"\n  },\n  \"type\": \"Microsoft.ContainerService/ManagedClusters\",\n
        \ \"properties\": {\n   \"provisioningState\": \"Succeeded\",\n   \"powerState\":
        {\n    \"code\": \"Running\"\n   },\n   \"kubernetesVersion\": \"1.25.6\",\n
        \  \"currentKubernetesVersion\": \"1.25.6\",\n   \"dnsPrefix\": \"cliakstest-clitesteadxcxjgz-79a739\",\n
        \  \"fqdn\": \"cliakstest-clitesteadxcxjgz-79a739-cth0i53l.hcp.westus2.azmk8s.io\",\n
        \  \"azurePortalFQDN\": \"cliakstest-clitesteadxcxjgz-79a739-cth0i53l.portal.hcp.westus2.azmk8s.io\",\n
        \  \"agentPoolProfiles\": [\n    {\n     \"name\": \"nodepool1\",\n     \"count\":
        3,\n     \"vmSize\": \"Standard_DS2_v2\",\n     \"osDiskSizeGB\": 128,\n     \"osDiskType\":
        \"Managed\",\n     \"kubeletDiskType\": \"OS\",\n     \"maxPods\": 110,\n
        \    \"type\": \"VirtualMachineScaleSets\",\n     \"enableAutoScaling\": false,\n
        \    \"provisioningState\": \"Succeeded\",\n     \"powerState\": {\n      \"code\":
        \"Running\"\n     },\n     \"orchestratorVersion\": \"1.25.6\",\n     \"currentOrchestratorVersion\":
        \"1.25.6\",\n     \"enableNodePublicIP\": false,\n     \"tags\": {\n      \"tag1\":
        \"tv1\",\n      \"tag2\": \"tv2\"\n     },\n     \"nodeLabels\": {\n      \"label1\":
        \"value1\",\n      \"label2\": \"value2\"\n     },\n     \"mode\": \"System\",\n
        \    \"enableEncryptionAtHost\": false,\n     \"enableUltraSSD\": false,\n
        \    \"osType\": \"Linux\",\n     \"osSKU\": \"Ubuntu\",\n     \"nodeImageVersion\":
        \"AKSUbuntu-2204gen2containerd-202306.19.0\",\n     \"upgradeSettings\": {},\n
        \    \"enableFIPS\": false\n    }\n   ],\n   \"linuxProfile\": {\n    \"adminUsername\":
        \"azureuser\",\n    \"ssh\": {\n     \"publicKeys\": [\n      {\n       \"keyData\":
        \"ssh-rsa AAAAB3NzaC1yc2EAAAADAQABAAABAQCw4P22/hE86EX0l2HMO+M6Gw+CW6O4Yl84NLjVqF7NtK8xwQKcZwGeIwNBv/HxJ0uMJlOCG1ZMPPvSZHDp07QvAjYKKryIkIGilxLUh4fNOEQiZqAXB2badERUdwLRB4f6kHc0vb35GHw3tlyjjDjvQTO7UgZQxnbipxyrJAYfMHxfXjST1tvmln3v87WvBGsY2hr1Iqx/gMO3AIqaNoJntl1sIeAcg8xXdYW3PP6N1gYToFsDxsQZU2rfefIRDniuP4fYy2J4shtEAkyzv1BlOBJGHBqCzyrhXVqFElLSFV99QhLUi43zXL4Ge1QKJBztH/q48ohMBt3WenkP2KsT
        azcli_aks_live_test@example.com\\n\"\n      }\n     ]\n    }\n   },\n   \"servicePrincipalProfile\":
        {\n    \"clientId\":\"00000000-0000-0000-0000-000000000001\"\n   },\n   \"nodeResourceGroup\":
        \"MC_clitest000001_cliakstest000003_westus2\",\n   \"enableRBAC\": true,\n
        \  \"supportPlan\": \"KubernetesOfficial\",\n   \"networkProfile\": {\n    \"networkPlugin\":
        \"kubenet\",\n    \"loadBalancerSku\": \"Standard\",\n    \"loadBalancerProfile\":
        {\n     \"managedOutboundIPs\": {\n      \"count\": 1\n     },\n     \"effectiveOutboundIPs\":
        [\n      {\n       \"id\": \"/subscriptions/00000000-0000-0000-0000-000000000000/resourceGroups/MC_clitest000001_cliakstest000003_westus2/providers/Microsoft.Network/publicIPAddresses/45bbbe87-41ae-4692-80a7-ea4f544d6b4e\"\n
        \     }\n     ]\n    },\n    \"podCidr\": \"10.244.0.0/16\",\n    \"serviceCidr\":
        \"10.0.0.0/16\",\n    \"dnsServiceIP\": \"10.0.0.10\",\n    \"outboundType\":
        \"loadBalancer\",\n    \"podCidrs\": [\n     \"10.244.0.0/16\"\n    ],\n    \"serviceCidrs\":
        [\n     \"10.0.0.0/16\"\n    ],\n    \"ipFamilies\": [\n     \"IPv4\"\n    ]\n
        \  },\n   \"maxAgentPools\": 100,\n   \"disableLocalAccounts\": false,\n   \"securityProfile\":
        {},\n   \"storageProfile\": {\n    \"diskCSIDriver\": {\n     \"enabled\":
        true\n    },\n    \"fileCSIDriver\": {\n     \"enabled\": true\n    },\n    \"snapshotController\":
        {\n     \"enabled\": true\n    }\n   },\n   \"oidcIssuerProfile\": {\n    \"enabled\":
        false\n   },\n   \"workloadAutoScalerProfile\": {}\n  },\n  \"sku\": {\n   \"name\":
        \"Base\",\n   \"tier\": \"Free\"\n  }\n }"
    headers:
      cache-control:
      - no-cache
      content-length:
      - '3551'
      content-type:
      - application/json
      date:
      - Thu, 29 Jun 2023 09:55:50 GMT
      expires:
      - '-1'
      pragma:
      - no-cache
      server:
      - nginx
      strict-transport-security:
      - max-age=31536000; includeSubDomains
      transfer-encoding:
      - chunked
      vary:
      - Accept-Encoding
      x-content-type-options:
      - nosniff
    status:
      code: 200
      message: OK
- request:
    body: null
    headers:
      Accept:
      - application/json
      Accept-Encoding:
      - gzip, deflate
      CommandName:
      - aks delete
      Connection:
      - keep-alive
      Content-Length:
      - '0'
      ParameterSetName:
      - -g -n --yes --no-wait
      User-Agent:
      - AZURECLI/2.49.0 azsdk-python-azure-mgmt-containerservice/24.0.0 Python/3.8.10
        (Linux-5.15.0-1039-azure-x86_64-with-glibc2.29)
    method: DELETE
    uri: https://management.azure.com/subscriptions/00000000-0000-0000-0000-000000000000/resourceGroups/clitest000001/providers/Microsoft.ContainerService/managedClusters/cliakstest000003?api-version=2023-10-01
  response:
    body:
      string: ''
    headers:
      azure-asyncoperation:
      - https://management.azure.com/subscriptions/00000000-0000-0000-0000-000000000000/providers/Microsoft.ContainerService/locations/westus2/operations/a0ab23c3-1049-4fbd-81e6-e2aba1a04505?api-version=2016-03-30
      cache-control:
      - no-cache
      content-length:
      - '0'
      date:
      - Thu, 29 Jun 2023 09:55:52 GMT
      expires:
      - '-1'
      location:
      - https://management.azure.com/subscriptions/00000000-0000-0000-0000-000000000000/providers/Microsoft.ContainerService/locations/westus2/operationresults/a0ab23c3-1049-4fbd-81e6-e2aba1a04505?api-version=2016-03-30
      pragma:
      - no-cache
      server:
      - nginx
      strict-transport-security:
      - max-age=31536000; includeSubDomains
      x-content-type-options:
      - nosniff
      x-ms-ratelimit-remaining-subscription-deletes:
      - '14998'
    status:
      code: 202
      message: Accepted
version: 1
