interactions:
- request:
    body: null
    headers:
      Accept:
      - application/json
      Accept-Encoding:
      - gzip, deflate
      CommandName:
      - aks get-versions
      Connection:
      - keep-alive
      ParameterSetName:
      - -l --query
      User-Agent:
      - AZURECLI/2.34.1 (DOCKER) azsdk-python-azure-mgmt-containerservice/18.0.0 Python/3.10.2
        (Linux-5.4.0-1055-azure-x86_64-with)
    method: GET
    uri: https://management.azure.com/subscriptions/00000000-0000-0000-0000-000000000000/providers/Microsoft.ContainerService/locations/westus2/orchestrators?api-version=2019-04-01&resource-type=managedClusters
  response:
    body:
      string: "{\n  \"id\": \"/subscriptions/00000000-0000-0000-0000-000000000000/providers/Microsoft.ContainerService/locations/westus2/orchestrators\"\
        ,\n  \"name\": \"default\",\n  \"type\": \"Microsoft.ContainerService/locations/orchestrators\"\
        ,\n  \"properties\": {\n   \"orchestrators\": [\n    {\n     \"orchestratorType\"\
        : \"Kubernetes\",\n     \"orchestratorVersion\": \"1.20.13\",\n     \"upgrades\"\
        : [\n      {\n       \"orchestratorType\": \"Kubernetes\",\n       \"orchestratorVersion\"\
        : \"1.20.15\"\n      },\n      {\n       \"orchestratorType\": \"Kubernetes\"\
        ,\n       \"orchestratorVersion\": \"1.21.7\"\n      },\n      {\n       \"\
        orchestratorType\": \"Kubernetes\",\n       \"orchestratorVersion\": \"1.21.9\"\
        \n      }\n     ]\n    },\n    {\n     \"orchestratorType\": \"Kubernetes\"\
        ,\n     \"orchestratorVersion\": \"1.20.15\",\n     \"upgrades\": [\n    \
        \  {\n       \"orchestratorType\": \"Kubernetes\",\n       \"orchestratorVersion\"\
        : \"1.21.7\"\n      },\n      {\n       \"orchestratorType\": \"Kubernetes\"\
        ,\n       \"orchestratorVersion\": \"1.21.9\"\n      }\n     ]\n    },\n \
        \   {\n     \"orchestratorType\": \"Kubernetes\",\n     \"orchestratorVersion\"\
        : \"1.21.7\",\n     \"upgrades\": [\n      {\n       \"orchestratorType\"\
        : \"Kubernetes\",\n       \"orchestratorVersion\": \"1.21.9\"\n      },\n\
        \      {\n       \"orchestratorType\": \"Kubernetes\",\n       \"orchestratorVersion\"\
        : \"1.22.4\"\n      },\n      {\n       \"orchestratorType\": \"Kubernetes\"\
        ,\n       \"orchestratorVersion\": \"1.22.6\"\n      }\n     ]\n    },\n \
        \   {\n     \"orchestratorType\": \"Kubernetes\",\n     \"orchestratorVersion\"\
        : \"1.21.9\",\n     \"default\": true,\n     \"upgrades\": [\n      {\n  \
        \     \"orchestratorType\": \"Kubernetes\",\n       \"orchestratorVersion\"\
        : \"1.22.4\"\n      },\n      {\n       \"orchestratorType\": \"Kubernetes\"\
        ,\n       \"orchestratorVersion\": \"1.22.6\"\n      }\n     ]\n    },\n \
        \   {\n     \"orchestratorType\": \"Kubernetes\",\n     \"orchestratorVersion\"\
        : \"1.22.4\",\n     \"upgrades\": [\n      {\n       \"orchestratorType\"\
        : \"Kubernetes\",\n       \"orchestratorVersion\": \"1.22.6\"\n      },\n\
        \      {\n       \"orchestratorType\": \"Kubernetes\",\n       \"orchestratorVersion\"\
        : \"1.23.3\",\n       \"isPreview\": true\n      }\n     ]\n    },\n    {\n\
        \     \"orchestratorType\": \"Kubernetes\",\n     \"orchestratorVersion\"\
        : \"1.22.6\",\n     \"upgrades\": [\n      {\n       \"orchestratorType\"\
        : \"Kubernetes\",\n       \"orchestratorVersion\": \"1.23.3\",\n       \"\
        isPreview\": true\n      }\n     ]\n    },\n    {\n     \"orchestratorType\"\
        : \"Kubernetes\",\n     \"orchestratorVersion\": \"1.23.3\",\n     \"isPreview\"\
        : true\n    }\n   ]\n  }\n }"
    headers:
      cache-control:
      - no-cache
      content-length:
      - '2410'
      content-type:
      - application/json
      date:
      - Tue, 29 Mar 2022 04:48:20 GMT
      expires:
      - '-1'
      pragma:
      - no-cache
      server:
      - nginx
      strict-transport-security:
      - max-age=31536000; includeSubDomains
      transfer-encoding:
      - chunked
      vary:
      - Accept-Encoding
      x-content-type-options:
      - nosniff
    status:
      code: 200
      message: OK
- request:
    body: '{"location": "westus2", "identity": {"type": "SystemAssigned"}, "properties":
      {"kubernetesVersion": "", "dnsPrefix": "cliakstest-clitestbnsqwuwyr-8ecadf",
      "agentPoolProfiles": [{"count": 1, "vmSize": "Standard_DS2_v2", "osType": "Linux",
      "enableAutoScaling": false, "type": "VirtualMachineScaleSets", "mode": "System",
      "enableNodePublicIP": false, "scaleSetPriority": "Regular", "scaleSetEvictionPolicy":
      "Delete", "spotMaxPrice": -1.0, "enableEncryptionAtHost": false, "enableUltraSSD":
      false, "enableFIPS": false, "name": "c000004"}], "linuxProfile": {"adminUsername":
      "azureuser", "ssh": {"publicKeys": [{"keyData": "ssh-rsa AAAAB3NzaC1yc2EAAAADAQABAAACAQCbIg1guRHbI0lV11wWDt1r2cUdcNd27CJsg+SfgC7miZeubtwUhbsPdhMQsfDyhOWHq1+ZL0M+nJZV63d/1dhmhtgyOqejUwrPlzKhydsbrsdUor+JmNJDdW01v7BXHyuymT8G4s09jCasNOwiufbP/qp72ruu0bIA1nySsvlf9pCQAuFkAnVnf/rFhUlOkhtRpwcq8SUNY2zRHR/EKb/4NWY1JzR4sa3q2fWIJdrrX0DvLoa5g9bIEd4Df79ba7v+yiUBOS0zT2ll+z4g9izHK3EO5d8hL4jYxcjKs+wcslSYRWrascfscLgMlMGh0CdKeNTDjHpGPncaf3Z+FwwwjWeuiNBxv7bJo13/8B/098KlVDl4GZqsoBCEjPyJfV6hO0y/LkRGkk7oHWKgeWAfKtfLItRp00eZ4fcJNK9kCaSMmEugoZWcI7NGbZXzqFWqbpRI7NcDP9+WIQ+i9U5vqWsqd/zng4kbuAJ6UuKqIzB0upYrLShfQE3SAck8oaLhJqqq56VfDuASNpJKidV+zq27HfSBmbXnkR/5AK337dc3MXKJypoK/QPMLKUAP5XLPbs+NddJQV7EZXd29DLgp+fRIg3edpKdO7ZErWhv7d+3Kws+e1Y+ypmR2WIVSwVyBEUfgv2C8Ts9gnTF4pNcEY/S2aBicz5Ew2+jdyGNQQ==
      test@example.com\n"}]}}, "addonProfiles": {}, "enableRBAC": true, "networkProfile":
      {"networkPlugin": "kubenet", "podCidr": "10.244.0.0/16", "serviceCidr": "10.0.0.0/16",
      "dnsServiceIP": "10.0.0.10", "dockerBridgeCidr": "172.17.0.1/16", "outboundType":
      "loadBalancer", "loadBalancerSku": "standard"}, "disableLocalAccounts": false}}'
    headers:
      Accept:
      - application/json
      Accept-Encoding:
      - gzip, deflate
      CommandName:
      - aks create
      Connection:
      - keep-alive
      Content-Length:
      - '1677'
      Content-Type:
      - application/json
      ParameterSetName:
      - --resource-group --name --location --nodepool-name --node-count --ssh-key-value
        -o
      User-Agent:
      - AZURECLI/2.34.1 (DOCKER) azsdk-python-azure-mgmt-containerservice/18.0.0 Python/3.10.2
        (Linux-5.4.0-1055-azure-x86_64-with)
    method: PUT
    uri: https://management.azure.com/subscriptions/00000000-0000-0000-0000-000000000000/resourceGroups/clitest000001/providers/Microsoft.ContainerService/managedClusters/cliakstest000002?api-version=2022-02-01
  response:
    body:
      string: "{\n  \"id\": \"/subscriptions/00000000-0000-0000-0000-000000000000/resourcegroups/clitest000001/providers/Microsoft.ContainerService/managedClusters/cliakstest000002\"\
        ,\n  \"location\": \"westus2\",\n  \"name\": \"cliakstest000002\",\n  \"type\"\
        : \"Microsoft.ContainerService/ManagedClusters\",\n  \"properties\": {\n \
        \  \"provisioningState\": \"Creating\",\n   \"powerState\": {\n    \"code\"\
        : \"Running\"\n   },\n   \"kubernetesVersion\": \"1.21.9\",\n   \"currentKubernetesVersion\"\
        : \"1.21.9\",\n   \"dnsPrefix\": \"cliakstest-clitestbnsqwuwyr-8ecadf\",\n\
        \   \"fqdn\": \"cliakstest-clitestbnsqwuwyr-8ecadf-48d73bf2.hcp.westus2.azmk8s.io\"\
        ,\n   \"azurePortalFQDN\": \"cliakstest-clitestbnsqwuwyr-8ecadf-48d73bf2.portal.hcp.westus2.azmk8s.io\"\
        ,\n   \"agentPoolProfiles\": [\n    {\n     \"name\": \"c000004\",\n     \"\
        count\": 1,\n     \"vmSize\": \"Standard_DS2_v2\",\n     \"osDiskSizeGB\"\
        : 128,\n     \"osDiskType\": \"Managed\",\n     \"kubeletDiskType\": \"OS\"\
        ,\n     \"maxPods\": 110,\n     \"type\": \"VirtualMachineScaleSets\",\n \
        \    \"enableAutoScaling\": false,\n     \"provisioningState\": \"Creating\"\
        ,\n     \"powerState\": {\n      \"code\": \"Running\"\n     },\n     \"orchestratorVersion\"\
        : \"1.21.9\",\n     \"enableNodePublicIP\": false,\n     \"mode\": \"System\"\
        ,\n     \"enableEncryptionAtHost\": false,\n     \"enableUltraSSD\": false,\n\
        \     \"osType\": \"Linux\",\n     \"osSKU\": \"Ubuntu\",\n     \"nodeImageVersion\"\
        : \"AKSUbuntu-1804gen2containerd-2022.03.21\",\n     \"enableFIPS\": false\n\
        \    }\n   ],\n   \"linuxProfile\": {\n    \"adminUsername\": \"azureuser\"\
        ,\n    \"ssh\": {\n     \"publicKeys\": [\n      {\n       \"keyData\": \"\
        ssh-rsa AAAAB3NzaC1yc2EAAAADAQABAAACAQCbIg1guRHbI0lV11wWDt1r2cUdcNd27CJsg+SfgC7miZeubtwUhbsPdhMQsfDyhOWHq1+ZL0M+nJZV63d/1dhmhtgyOqejUwrPlzKhydsbrsdUor+JmNJDdW01v7BXHyuymT8G4s09jCasNOwiufbP/qp72ruu0bIA1nySsvlf9pCQAuFkAnVnf/rFhUlOkhtRpwcq8SUNY2zRHR/EKb/4NWY1JzR4sa3q2fWIJdrrX0DvLoa5g9bIEd4Df79ba7v+yiUBOS0zT2ll+z4g9izHK3EO5d8hL4jYxcjKs+wcslSYRWrascfscLgMlMGh0CdKeNTDjHpGPncaf3Z+FwwwjWeuiNBxv7bJo13/8B/098KlVDl4GZqsoBCEjPyJfV6hO0y/LkRGkk7oHWKgeWAfKtfLItRp00eZ4fcJNK9kCaSMmEugoZWcI7NGbZXzqFWqbpRI7NcDP9+WIQ+i9U5vqWsqd/zng4kbuAJ6UuKqIzB0upYrLShfQE3SAck8oaLhJqqq56VfDuASNpJKidV+zq27HfSBmbXnkR/5AK337dc3MXKJypoK/QPMLKUAP5XLPbs+NddJQV7EZXd29DLgp+fRIg3edpKdO7ZErWhv7d+3Kws+e1Y+ypmR2WIVSwVyBEUfgv2C8Ts9gnTF4pNcEY/S2aBicz5Ew2+jdyGNQQ==\
        \ test@example.com\\n\"\n      }\n     ]\n    }\n   },\n   \"servicePrincipalProfile\"\
        : {\n    \"clientId\":\"00000000-0000-0000-0000-000000000001\"\n   },\n  \
        \ \"nodeResourceGroup\": \"MC_clitest000001_cliakstest000002_westus2\",\n\
        \   \"enableRBAC\": true,\n   \"networkProfile\": {\n    \"networkPlugin\"\
        : \"kubenet\",\n    \"loadBalancerSku\": \"standard\",\n    \"loadBalancerProfile\"\
        : {\n     \"managedOutboundIPs\": {\n      \"count\": 1\n     }\n    },\n\
        \    \"podCidr\": \"10.244.0.0/16\",\n    \"serviceCidr\": \"10.0.0.0/16\"\
        ,\n    \"dnsServiceIP\": \"10.0.0.10\",\n    \"dockerBridgeCidr\": \"172.17.0.1/16\"\
        ,\n    \"outboundType\": \"loadBalancer\",\n    \"podCidrs\": [\n     \"10.244.0.0/16\"\
        \n    ],\n    \"serviceCidrs\": [\n     \"10.0.0.0/16\"\n    ],\n    \"ipFamilies\"\
        : [\n     \"IPv4\"\n    ]\n   },\n   \"maxAgentPools\": 100,\n   \"disableLocalAccounts\"\
        : false\n  },\n  \"identity\": {\n   \"type\": \"SystemAssigned\",\n   \"\
        principalId\":\"00000000-0000-0000-0000-000000000001\",\n   \"tenantId\":\
        \ \"72f988bf-86f1-41af-91ab-2d7cd011db47\"\n  },\n  \"sku\": {\n   \"name\"\
        : \"Basic\",\n   \"tier\": \"Free\"\n  }\n }"
    headers:
      azure-asyncoperation:
      - https://management.azure.com/subscriptions/00000000-0000-0000-0000-000000000000/providers/Microsoft.ContainerService/locations/westus2/operations/a2086448-3e95-4d95-8b80-f65083d26c85?api-version=2016-03-30
      cache-control:
      - no-cache
      content-length:
      - '3221'
      content-type:
      - application/json
      date:
      - Tue, 29 Mar 2022 04:48:25 GMT
      expires:
      - '-1'
      pragma:
      - no-cache
      server:
      - nginx
      strict-transport-security:
      - max-age=31536000; includeSubDomains
      x-content-type-options:
      - nosniff
      x-ms-ratelimit-remaining-subscription-writes:
      - '1199'
    status:
      code: 201
      message: Created
- request:
    body: null
    headers:
      Accept:
      - '*/*'
      Accept-Encoding:
      - gzip, deflate
      CommandName:
      - aks create
      Connection:
      - keep-alive
      ParameterSetName:
      - --resource-group --name --location --nodepool-name --node-count --ssh-key-value
        -o
      User-Agent:
      - AZURECLI/2.34.1 (DOCKER) azsdk-python-azure-mgmt-containerservice/18.0.0 Python/3.10.2
        (Linux-5.4.0-1055-azure-x86_64-with)
    method: GET
    uri: https://management.azure.com/subscriptions/00000000-0000-0000-0000-000000000000/providers/Microsoft.ContainerService/locations/westus2/operations/a2086448-3e95-4d95-8b80-f65083d26c85?api-version=2016-03-30
  response:
    body:
      string: "{\n  \"name\": \"486408a2-953e-954d-8b80-f65083d26c85\",\n  \"status\"\
        : \"InProgress\",\n  \"startTime\": \"2022-03-29T04:48:26.2Z\"\n }"
    headers:
      cache-control:
      - no-cache
      content-length:
      - '120'
      content-type:
      - application/json
      date:
      - Tue, 29 Mar 2022 04:48:56 GMT
      expires:
      - '-1'
      pragma:
      - no-cache
      server:
      - nginx
      strict-transport-security:
      - max-age=31536000; includeSubDomains
      transfer-encoding:
      - chunked
      vary:
      - Accept-Encoding
      x-content-type-options:
      - nosniff
    status:
      code: 200
      message: OK
- request:
    body: null
    headers:
      Accept:
      - '*/*'
      Accept-Encoding:
      - gzip, deflate
      CommandName:
      - aks create
      Connection:
      - keep-alive
      ParameterSetName:
      - --resource-group --name --location --nodepool-name --node-count --ssh-key-value
        -o
      User-Agent:
      - AZURECLI/2.34.1 (DOCKER) azsdk-python-azure-mgmt-containerservice/18.0.0 Python/3.10.2
        (Linux-5.4.0-1055-azure-x86_64-with)
    method: GET
    uri: https://management.azure.com/subscriptions/00000000-0000-0000-0000-000000000000/providers/Microsoft.ContainerService/locations/westus2/operations/a2086448-3e95-4d95-8b80-f65083d26c85?api-version=2016-03-30
  response:
    body:
      string: "{\n  \"name\": \"486408a2-953e-954d-8b80-f65083d26c85\",\n  \"status\"\
        : \"InProgress\",\n  \"startTime\": \"2022-03-29T04:48:26.2Z\"\n }"
    headers:
      cache-control:
      - no-cache
      content-length:
      - '120'
      content-type:
      - application/json
      date:
      - Tue, 29 Mar 2022 04:49:26 GMT
      expires:
      - '-1'
      pragma:
      - no-cache
      server:
      - nginx
      strict-transport-security:
      - max-age=31536000; includeSubDomains
      transfer-encoding:
      - chunked
      vary:
      - Accept-Encoding
      x-content-type-options:
      - nosniff
    status:
      code: 200
      message: OK
- request:
    body: null
    headers:
      Accept:
      - '*/*'
      Accept-Encoding:
      - gzip, deflate
      CommandName:
      - aks create
      Connection:
      - keep-alive
      ParameterSetName:
      - --resource-group --name --location --nodepool-name --node-count --ssh-key-value
        -o
      User-Agent:
      - AZURECLI/2.34.1 (DOCKER) azsdk-python-azure-mgmt-containerservice/18.0.0 Python/3.10.2
        (Linux-5.4.0-1055-azure-x86_64-with)
    method: GET
    uri: https://management.azure.com/subscriptions/00000000-0000-0000-0000-000000000000/providers/Microsoft.ContainerService/locations/westus2/operations/a2086448-3e95-4d95-8b80-f65083d26c85?api-version=2016-03-30
  response:
    body:
      string: "{\n  \"name\": \"486408a2-953e-954d-8b80-f65083d26c85\",\n  \"status\"\
        : \"InProgress\",\n  \"startTime\": \"2022-03-29T04:48:26.2Z\"\n }"
    headers:
      cache-control:
      - no-cache
      content-length:
      - '120'
      content-type:
      - application/json
      date:
      - Tue, 29 Mar 2022 04:49:56 GMT
      expires:
      - '-1'
      pragma:
      - no-cache
      server:
      - nginx
      strict-transport-security:
      - max-age=31536000; includeSubDomains
      transfer-encoding:
      - chunked
      vary:
      - Accept-Encoding
      x-content-type-options:
      - nosniff
    status:
      code: 200
      message: OK
- request:
    body: null
    headers:
      Accept:
      - '*/*'
      Accept-Encoding:
      - gzip, deflate
      CommandName:
      - aks create
      Connection:
      - keep-alive
      ParameterSetName:
      - --resource-group --name --location --nodepool-name --node-count --ssh-key-value
        -o
      User-Agent:
      - AZURECLI/2.34.1 (DOCKER) azsdk-python-azure-mgmt-containerservice/18.0.0 Python/3.10.2
        (Linux-5.4.0-1055-azure-x86_64-with)
    method: GET
    uri: https://management.azure.com/subscriptions/00000000-0000-0000-0000-000000000000/providers/Microsoft.ContainerService/locations/westus2/operations/a2086448-3e95-4d95-8b80-f65083d26c85?api-version=2016-03-30
  response:
    body:
      string: "{\n  \"name\": \"486408a2-953e-954d-8b80-f65083d26c85\",\n  \"status\"\
        : \"InProgress\",\n  \"startTime\": \"2022-03-29T04:48:26.2Z\"\n }"
    headers:
      cache-control:
      - no-cache
      content-length:
      - '120'
      content-type:
      - application/json
      date:
      - Tue, 29 Mar 2022 04:50:26 GMT
      expires:
      - '-1'
      pragma:
      - no-cache
      server:
      - nginx
      strict-transport-security:
      - max-age=31536000; includeSubDomains
      transfer-encoding:
      - chunked
      vary:
      - Accept-Encoding
      x-content-type-options:
      - nosniff
    status:
      code: 200
      message: OK
- request:
    body: null
    headers:
      Accept:
      - '*/*'
      Accept-Encoding:
      - gzip, deflate
      CommandName:
      - aks create
      Connection:
      - keep-alive
      ParameterSetName:
      - --resource-group --name --location --nodepool-name --node-count --ssh-key-value
        -o
      User-Agent:
      - AZURECLI/2.34.1 (DOCKER) azsdk-python-azure-mgmt-containerservice/18.0.0 Python/3.10.2
        (Linux-5.4.0-1055-azure-x86_64-with)
    method: GET
    uri: https://management.azure.com/subscriptions/00000000-0000-0000-0000-000000000000/providers/Microsoft.ContainerService/locations/westus2/operations/a2086448-3e95-4d95-8b80-f65083d26c85?api-version=2016-03-30
  response:
    body:
      string: "{\n  \"name\": \"486408a2-953e-954d-8b80-f65083d26c85\",\n  \"status\"\
        : \"InProgress\",\n  \"startTime\": \"2022-03-29T04:48:26.2Z\"\n }"
    headers:
      cache-control:
      - no-cache
      content-length:
      - '120'
      content-type:
      - application/json
      date:
      - Tue, 29 Mar 2022 04:50:56 GMT
      expires:
      - '-1'
      pragma:
      - no-cache
      server:
      - nginx
      strict-transport-security:
      - max-age=31536000; includeSubDomains
      transfer-encoding:
      - chunked
      vary:
      - Accept-Encoding
      x-content-type-options:
      - nosniff
    status:
      code: 200
      message: OK
- request:
    body: null
    headers:
      Accept:
      - '*/*'
      Accept-Encoding:
      - gzip, deflate
      CommandName:
      - aks create
      Connection:
      - keep-alive
      ParameterSetName:
      - --resource-group --name --location --nodepool-name --node-count --ssh-key-value
        -o
      User-Agent:
      - AZURECLI/2.34.1 (DOCKER) azsdk-python-azure-mgmt-containerservice/18.0.0 Python/3.10.2
        (Linux-5.4.0-1055-azure-x86_64-with)
    method: GET
    uri: https://management.azure.com/subscriptions/00000000-0000-0000-0000-000000000000/providers/Microsoft.ContainerService/locations/westus2/operations/a2086448-3e95-4d95-8b80-f65083d26c85?api-version=2016-03-30
  response:
    body:
      string: "{\n  \"name\": \"486408a2-953e-954d-8b80-f65083d26c85\",\n  \"status\"\
        : \"InProgress\",\n  \"startTime\": \"2022-03-29T04:48:26.2Z\"\n }"
    headers:
      cache-control:
      - no-cache
      content-length:
      - '120'
      content-type:
      - application/json
      date:
      - Tue, 29 Mar 2022 04:51:26 GMT
      expires:
      - '-1'
      pragma:
      - no-cache
      server:
      - nginx
      strict-transport-security:
      - max-age=31536000; includeSubDomains
      transfer-encoding:
      - chunked
      vary:
      - Accept-Encoding
      x-content-type-options:
      - nosniff
    status:
      code: 200
      message: OK
- request:
    body: null
    headers:
      Accept:
      - '*/*'
      Accept-Encoding:
      - gzip, deflate
      CommandName:
      - aks create
      Connection:
      - keep-alive
      ParameterSetName:
      - --resource-group --name --location --nodepool-name --node-count --ssh-key-value
        -o
      User-Agent:
      - AZURECLI/2.34.1 (DOCKER) azsdk-python-azure-mgmt-containerservice/18.0.0 Python/3.10.2
        (Linux-5.4.0-1055-azure-x86_64-with)
    method: GET
    uri: https://management.azure.com/subscriptions/00000000-0000-0000-0000-000000000000/providers/Microsoft.ContainerService/locations/westus2/operations/a2086448-3e95-4d95-8b80-f65083d26c85?api-version=2016-03-30
  response:
    body:
      string: "{\n  \"name\": \"486408a2-953e-954d-8b80-f65083d26c85\",\n  \"status\"\
        : \"InProgress\",\n  \"startTime\": \"2022-03-29T04:48:26.2Z\"\n }"
    headers:
      cache-control:
      - no-cache
      content-length:
      - '120'
      content-type:
      - application/json
      date:
      - Tue, 29 Mar 2022 04:51:58 GMT
      expires:
      - '-1'
      pragma:
      - no-cache
      server:
      - nginx
      strict-transport-security:
      - max-age=31536000; includeSubDomains
      transfer-encoding:
      - chunked
      vary:
      - Accept-Encoding
      x-content-type-options:
      - nosniff
    status:
      code: 200
      message: OK
- request:
    body: null
    headers:
      Accept:
      - '*/*'
      Accept-Encoding:
      - gzip, deflate
      CommandName:
      - aks create
      Connection:
      - keep-alive
      ParameterSetName:
      - --resource-group --name --location --nodepool-name --node-count --ssh-key-value
        -o
      User-Agent:
      - AZURECLI/2.34.1 (DOCKER) azsdk-python-azure-mgmt-containerservice/18.0.0 Python/3.10.2
        (Linux-5.4.0-1055-azure-x86_64-with)
    method: GET
    uri: https://management.azure.com/subscriptions/00000000-0000-0000-0000-000000000000/providers/Microsoft.ContainerService/locations/westus2/operations/a2086448-3e95-4d95-8b80-f65083d26c85?api-version=2016-03-30
  response:
    body:
      string: "{\n  \"name\": \"486408a2-953e-954d-8b80-f65083d26c85\",\n  \"status\"\
        : \"Succeeded\",\n  \"startTime\": \"2022-03-29T04:48:26.2Z\",\n  \"endTime\"\
        : \"2022-03-29T04:52:18.8380628Z\"\n }"
    headers:
      cache-control:
      - no-cache
      content-length:
      - '164'
      content-type:
      - application/json
      date:
      - Tue, 29 Mar 2022 04:52:28 GMT
      expires:
      - '-1'
      pragma:
      - no-cache
      server:
      - nginx
      strict-transport-security:
      - max-age=31536000; includeSubDomains
      transfer-encoding:
      - chunked
      vary:
      - Accept-Encoding
      x-content-type-options:
      - nosniff
    status:
      code: 200
      message: OK
- request:
    body: null
    headers:
      Accept:
      - '*/*'
      Accept-Encoding:
      - gzip, deflate
      CommandName:
      - aks create
      Connection:
      - keep-alive
      ParameterSetName:
      - --resource-group --name --location --nodepool-name --node-count --ssh-key-value
        -o
      User-Agent:
      - AZURECLI/2.34.1 (DOCKER) azsdk-python-azure-mgmt-containerservice/18.0.0 Python/3.10.2
        (Linux-5.4.0-1055-azure-x86_64-with)
    method: GET
    uri: https://management.azure.com/subscriptions/00000000-0000-0000-0000-000000000000/resourceGroups/clitest000001/providers/Microsoft.ContainerService/managedClusters/cliakstest000002?api-version=2022-02-01
  response:
    body:
      string: "{\n  \"id\": \"/subscriptions/00000000-0000-0000-0000-000000000000/resourcegroups/clitest000001/providers/Microsoft.ContainerService/managedClusters/cliakstest000002\"\
        ,\n  \"location\": \"westus2\",\n  \"name\": \"cliakstest000002\",\n  \"type\"\
        : \"Microsoft.ContainerService/ManagedClusters\",\n  \"properties\": {\n \
        \  \"provisioningState\": \"Succeeded\",\n   \"powerState\": {\n    \"code\"\
        : \"Running\"\n   },\n   \"kubernetesVersion\": \"1.21.9\",\n   \"currentKubernetesVersion\"\
        : \"1.21.9\",\n   \"dnsPrefix\": \"cliakstest-clitestbnsqwuwyr-8ecadf\",\n\
        \   \"fqdn\": \"cliakstest-clitestbnsqwuwyr-8ecadf-48d73bf2.hcp.westus2.azmk8s.io\"\
        ,\n   \"azurePortalFQDN\": \"cliakstest-clitestbnsqwuwyr-8ecadf-48d73bf2.portal.hcp.westus2.azmk8s.io\"\
        ,\n   \"agentPoolProfiles\": [\n    {\n     \"name\": \"c000004\",\n     \"\
        count\": 1,\n     \"vmSize\": \"Standard_DS2_v2\",\n     \"osDiskSizeGB\"\
        : 128,\n     \"osDiskType\": \"Managed\",\n     \"kubeletDiskType\": \"OS\"\
        ,\n     \"maxPods\": 110,\n     \"type\": \"VirtualMachineScaleSets\",\n \
        \    \"enableAutoScaling\": false,\n     \"provisioningState\": \"Succeeded\"\
        ,\n     \"powerState\": {\n      \"code\": \"Running\"\n     },\n     \"orchestratorVersion\"\
        : \"1.21.9\",\n     \"enableNodePublicIP\": false,\n     \"mode\": \"System\"\
        ,\n     \"enableEncryptionAtHost\": false,\n     \"enableUltraSSD\": false,\n\
        \     \"osType\": \"Linux\",\n     \"osSKU\": \"Ubuntu\",\n     \"nodeImageVersion\"\
        : \"AKSUbuntu-1804gen2containerd-2022.03.21\",\n     \"enableFIPS\": false\n\
        \    }\n   ],\n   \"linuxProfile\": {\n    \"adminUsername\": \"azureuser\"\
        ,\n    \"ssh\": {\n     \"publicKeys\": [\n      {\n       \"keyData\": \"\
        ssh-rsa AAAAB3NzaC1yc2EAAAADAQABAAACAQCbIg1guRHbI0lV11wWDt1r2cUdcNd27CJsg+SfgC7miZeubtwUhbsPdhMQsfDyhOWHq1+ZL0M+nJZV63d/1dhmhtgyOqejUwrPlzKhydsbrsdUor+JmNJDdW01v7BXHyuymT8G4s09jCasNOwiufbP/qp72ruu0bIA1nySsvlf9pCQAuFkAnVnf/rFhUlOkhtRpwcq8SUNY2zRHR/EKb/4NWY1JzR4sa3q2fWIJdrrX0DvLoa5g9bIEd4Df79ba7v+yiUBOS0zT2ll+z4g9izHK3EO5d8hL4jYxcjKs+wcslSYRWrascfscLgMlMGh0CdKeNTDjHpGPncaf3Z+FwwwjWeuiNBxv7bJo13/8B/098KlVDl4GZqsoBCEjPyJfV6hO0y/LkRGkk7oHWKgeWAfKtfLItRp00eZ4fcJNK9kCaSMmEugoZWcI7NGbZXzqFWqbpRI7NcDP9+WIQ+i9U5vqWsqd/zng4kbuAJ6UuKqIzB0upYrLShfQE3SAck8oaLhJqqq56VfDuASNpJKidV+zq27HfSBmbXnkR/5AK337dc3MXKJypoK/QPMLKUAP5XLPbs+NddJQV7EZXd29DLgp+fRIg3edpKdO7ZErWhv7d+3Kws+e1Y+ypmR2WIVSwVyBEUfgv2C8Ts9gnTF4pNcEY/S2aBicz5Ew2+jdyGNQQ==\
        \ test@example.com\\n\"\n      }\n     ]\n    }\n   },\n   \"servicePrincipalProfile\"\
        : {\n    \"clientId\":\"00000000-0000-0000-0000-000000000001\"\n   },\n  \
        \ \"nodeResourceGroup\": \"MC_clitest000001_cliakstest000002_westus2\",\n\
        \   \"enableRBAC\": true,\n   \"networkProfile\": {\n    \"networkPlugin\"\
        : \"kubenet\",\n    \"loadBalancerSku\": \"Standard\",\n    \"loadBalancerProfile\"\
        : {\n     \"managedOutboundIPs\": {\n      \"count\": 1\n     },\n     \"\
        effectiveOutboundIPs\": [\n      {\n       \"id\": \"/subscriptions/00000000-0000-0000-0000-000000000000/resourceGroups/MC_clitest000001_cliakstest000002_westus2/providers/Microsoft.Network/publicIPAddresses/446ed057-8aa9-4aa4-94d1-0d51fabe419a\"\
        \n      }\n     ]\n    },\n    \"podCidr\": \"10.244.0.0/16\",\n    \"serviceCidr\"\
        : \"10.0.0.0/16\",\n    \"dnsServiceIP\": \"10.0.0.10\",\n    \"dockerBridgeCidr\"\
        : \"172.17.0.1/16\",\n    \"outboundType\": \"loadBalancer\",\n    \"podCidrs\"\
        : [\n     \"10.244.0.0/16\"\n    ],\n    \"serviceCidrs\": [\n     \"10.0.0.0/16\"\
        \n    ],\n    \"ipFamilies\": [\n     \"IPv4\"\n    ]\n   },\n   \"maxAgentPools\"\
        : 100,\n   \"identityProfile\": {\n    \"kubeletidentity\": {\n     \"resourceId\"\
        : \"/subscriptions/00000000-0000-0000-0000-000000000000/resourcegroups/MC_clitest000001_cliakstest000002_westus2/providers/Microsoft.ManagedIdentity/userAssignedIdentities/cliakstest000002-agentpool\"\
        ,\n     \"clientId\":\"00000000-0000-0000-0000-000000000001\",\n     \"objectId\"\
        :\"00000000-0000-0000-0000-000000000001\"\n    }\n   },\n   \"disableLocalAccounts\"\
        : false\n  },\n  \"identity\": {\n   \"type\": \"SystemAssigned\",\n   \"\
        principalId\":\"00000000-0000-0000-0000-000000000001\",\n   \"tenantId\":\
        \ \"72f988bf-86f1-41af-91ab-2d7cd011db47\"\n  },\n  \"sku\": {\n   \"name\"\
        : \"Basic\",\n   \"tier\": \"Free\"\n  }\n }"
    headers:
      cache-control:
      - no-cache
      content-length:
      - '3874'
      content-type:
      - application/json
      date:
      - Tue, 29 Mar 2022 04:52:29 GMT
      expires:
      - '-1'
      pragma:
      - no-cache
      server:
      - nginx
      strict-transport-security:
      - max-age=31536000; includeSubDomains
      transfer-encoding:
      - chunked
      vary:
      - Accept-Encoding
      x-content-type-options:
      - nosniff
    status:
      code: 200
      message: OK
- request:
    body: null
    headers:
      Accept:
      - application/json
      Accept-Encoding:
      - gzip, deflate
      CommandName:
      - aks nodepool snapshot create
      Connection:
      - keep-alive
      ParameterSetName:
      - --resource-group --name --location --nodepool-id -o
      User-Agent:
      - AZURECLI/2.34.1 (DOCKER) azsdk-python-azure-mgmt-resource/20.0.0 Python/3.10.2
        (Linux-5.4.0-1055-azure-x86_64-with)
    method: GET
    uri: https://management.azure.com/subscriptions/00000000-0000-0000-0000-000000000000/resourcegroups/clitest000001?api-version=2021-04-01
  response:
    body:
      string: '{"id":"/subscriptions/00000000-0000-0000-0000-000000000000/resourceGroups/clitest000001","name":"clitest000001","type":"Microsoft.Resources/resourceGroups","location":"westus2","tags":{"cause":"automation","date":"2022-03-29T04:48:19Z","deletion_due_time":"1648788625","deletion_marked_by":"gc","product":"azurecli"},"properties":{"provisioningState":"Succeeded"}}'
    headers:
      cache-control:
      - no-cache
      content-length:
      - '364'
      content-type:
      - application/json; charset=utf-8
      date:
      - Tue, 29 Mar 2022 04:52:29 GMT
      expires:
      - '-1'
      pragma:
      - no-cache
      strict-transport-security:
      - max-age=31536000; includeSubDomains
      vary:
      - Accept-Encoding
      x-content-type-options:
      - nosniff
    status:
      code: 200
      message: OK
- request:
    body: '{"location": "westus2", "properties": {"creationData": {"sourceResourceId":
      "/subscriptions/00000000-0000-0000-0000-000000000000/resourcegroups/clitest000001/providers/Microsoft.ContainerService/managedClusters/cliakstest000002/agentPools/c000004"},
      "snapshotType": "NodePool"}}'
    headers:
      Accept:
      - application/json
      Accept-Encoding:
      - gzip, deflate
      CommandName:
      - aks nodepool snapshot create
      Connection:
      - keep-alive
      Content-Length:
      - '278'
      Content-Type:
      - application/json
      ParameterSetName:
      - --resource-group --name --location --nodepool-id -o
      User-Agent:
      - AZURECLI/2.34.1 (DOCKER) azsdk-python-azure-mgmt-containerservice/18.0.0 Python/3.10.2
        (Linux-5.4.0-1055-azure-x86_64-with)
    method: PUT
    uri: https://management.azure.com/subscriptions/00000000-0000-0000-0000-000000000000/resourceGroups/clitest000001/providers/Microsoft.ContainerService/snapshots/s000006?api-version=2022-02-01
  response:
    body:
      string: "{\n  \"name\": \"s000006\",\n  \"id\": \"/subscriptions/00000000-0000-0000-0000-000000000000/resourceGroups/clitest000001/providers/Microsoft.ContainerService/snapshots/s000006\"\
        ,\n  \"type\": \"Microsoft.ContainerService/Snapshots\",\n  \"location\":\
        \ \"westus2\",\n  \"systemData\": {\n   \"createdBy\": \"charlili@microsoft.com\"\
        ,\n   \"createdByType\": \"User\",\n   \"createdAt\": \"2022-03-29T04:52:31.7803091Z\"\
        ,\n   \"lastModifiedBy\": \"charlili@microsoft.com\",\n   \"lastModifiedByType\"\
        : \"User\",\n   \"lastModifiedAt\": \"2022-03-29T04:52:31.7803091Z\"\n  },\n\
        \  \"properties\": {\n   \"creationData\": {\n    \"sourceResourceId\": \"\
        /subscriptions/00000000-0000-0000-0000-000000000000/resourcegroups/clitest000001/providers/Microsoft.ContainerService/managedClusters/cliakstest000002/agentPools/c000004\"\
        \n   },\n   \"snapshotType\": \"NodePool\",\n   \"kubernetesVersion\": \"\
        1.21.9\",\n   \"nodeImageVersion\": \"AKSUbuntu-1804gen2containerd-2022.03.21\"\
        ,\n   \"osType\": \"Linux\",\n   \"osSku\": \"Ubuntu\",\n   \"vmSize\": \"\
        Standard_DS2_v2\"\n  }\n }"
    headers:
      cache-control:
      - no-cache
      content-length:
      - '971'
      content-type:
      - application/json
      date:
      - Tue, 29 Mar 2022 04:52:31 GMT
      expires:
      - '-1'
      pragma:
      - no-cache
      server:
      - nginx
      strict-transport-security:
      - max-age=31536000; includeSubDomains
      transfer-encoding:
      - chunked
      vary:
      - Accept-Encoding
      x-content-type-options:
      - nosniff
      x-ms-ratelimit-remaining-subscription-writes:
      - '1199'
    status:
      code: 200
      message: OK
- request:
    body: null
    headers:
      Accept:
      - application/json
      Accept-Encoding:
      - gzip, deflate
      CommandName:
      - aks delete
      Connection:
      - keep-alive
      Content-Length:
      - '0'
      ParameterSetName:
      - -g -n --yes --no-wait
      User-Agent:
      - AZURECLI/2.34.1 (DOCKER) azsdk-python-azure-mgmt-containerservice/18.0.0 Python/3.10.2
        (Linux-5.4.0-1055-azure-x86_64-with)
    method: DELETE
    uri: https://management.azure.com/subscriptions/00000000-0000-0000-0000-000000000000/resourceGroups/clitest000001/providers/Microsoft.ContainerService/managedClusters/cliakstest000002?api-version=2022-02-01
  response:
    body:
      string: ''
    headers:
      azure-asyncoperation:
      - https://management.azure.com/subscriptions/00000000-0000-0000-0000-000000000000/providers/Microsoft.ContainerService/locations/westus2/operations/95f38c91-5f4c-4746-b761-948d9dd7e9e1?api-version=2016-03-30
      cache-control:
      - no-cache
      content-length:
      - '0'
      date:
      - Tue, 29 Mar 2022 04:52:33 GMT
      expires:
      - '-1'
      location:
      - https://management.azure.com/subscriptions/00000000-0000-0000-0000-000000000000/providers/Microsoft.ContainerService/locations/westus2/operationresults/95f38c91-5f4c-4746-b761-948d9dd7e9e1?api-version=2016-03-30
      pragma:
      - no-cache
      server:
      - nginx
      strict-transport-security:
      - max-age=31536000; includeSubDomains
      x-content-type-options:
      - nosniff
      x-ms-ratelimit-remaining-subscription-deletes:
      - '14999'
    status:
      code: 202
      message: Accepted
- request:
    body: null
    headers:
      Accept:
      - application/json
      Accept-Encoding:
      - gzip, deflate
      CommandName:
      - aks nodepool snapshot show
      Connection:
      - keep-alive
      ParameterSetName:
      - --resource-group --name -o
      User-Agent:
      - AZURECLI/2.34.1 (DOCKER) azsdk-python-azure-mgmt-containerservice/18.0.0 Python/3.10.2
        (Linux-5.4.0-1055-azure-x86_64-with)
    method: GET
    uri: https://management.azure.com/subscriptions/00000000-0000-0000-0000-000000000000/resourceGroups/clitest000001/providers/Microsoft.ContainerService/snapshots/s000006?api-version=2022-02-01
  response:
    body:
      string: "{\n  \"name\": \"s000006\",\n  \"id\": \"/subscriptions/00000000-0000-0000-0000-000000000000/resourceGroups/clitest000001/providers/Microsoft.ContainerService/snapshots/s000006\"\
        ,\n  \"type\": \"Microsoft.ContainerService/Snapshots\",\n  \"location\":\
        \ \"westus2\",\n  \"systemData\": {\n   \"createdBy\": \"charlili@microsoft.com\"\
        ,\n   \"createdByType\": \"User\",\n   \"createdAt\": \"2022-03-29T04:52:31.7803091Z\"\
        ,\n   \"lastModifiedBy\": \"charlili@microsoft.com\",\n   \"lastModifiedByType\"\
        : \"User\",\n   \"lastModifiedAt\": \"2022-03-29T04:52:31.7803091Z\"\n  },\n\
        \  \"properties\": {\n   \"creationData\": {\n    \"sourceResourceId\": \"\
        /subscriptions/00000000-0000-0000-0000-000000000000/resourcegroups/clitest000001/providers/Microsoft.ContainerService/managedClusters/cliakstest000002/agentPools/c000004\"\
        \n   },\n   \"snapshotType\": \"NodePool\",\n   \"kubernetesVersion\": \"\
        1.21.9\",\n   \"nodeImageVersion\": \"AKSUbuntu-1804gen2containerd-2022.03.21\"\
        ,\n   \"osType\": \"Linux\",\n   \"osSku\": \"Ubuntu\",\n   \"vmSize\": \"\
        Standard_DS2_v2\"\n  }\n }"
    headers:
      cache-control:
      - no-cache
      content-length:
      - '971'
      content-type:
      - application/json
      date:
      - Tue, 29 Mar 2022 04:52:34 GMT
      expires:
      - '-1'
      pragma:
      - no-cache
      server:
      - nginx
      strict-transport-security:
      - max-age=31536000; includeSubDomains
      transfer-encoding:
      - chunked
      vary:
      - Accept-Encoding
      x-content-type-options:
      - nosniff
    status:
      code: 200
      message: OK
- request:
    body: null
    headers:
      Accept:
      - application/json
      Accept-Encoding:
      - gzip, deflate
      CommandName:
      - aks nodepool snapshot list
      Connection:
      - keep-alive
      ParameterSetName:
      - --resource-group -o
      User-Agent:
      - AZURECLI/2.34.1 (DOCKER) azsdk-python-azure-mgmt-containerservice/18.0.0 Python/3.10.2
        (Linux-5.4.0-1055-azure-x86_64-with)
    method: GET
    uri: https://management.azure.com/subscriptions/00000000-0000-0000-0000-000000000000/resourceGroups/clitest000001/providers/Microsoft.ContainerService/snapshots?api-version=2022-02-01
  response:
    body:
      string: "{\n  \"value\": [\n   {\n    \"name\": \"s000006\",\n    \"id\": \"\
        /subscriptions/00000000-0000-0000-0000-000000000000/resourceGroups/clitest000001/providers/Microsoft.ContainerService/snapshots/s000006\"\
        ,\n    \"type\": \"Microsoft.ContainerService/Snapshots\",\n    \"location\"\
        : \"westus2\",\n    \"systemData\": {\n     \"createdBy\": \"charlili@microsoft.com\"\
        ,\n     \"createdByType\": \"User\",\n     \"createdAt\": \"2022-03-29T04:52:31.7803091Z\"\
        ,\n     \"lastModifiedBy\": \"charlili@microsoft.com\",\n     \"lastModifiedByType\"\
        : \"User\",\n     \"lastModifiedAt\": \"2022-03-29T04:52:31.7803091Z\"\n \
        \   },\n    \"properties\": {\n     \"creationData\": {\n      \"sourceResourceId\"\
        : \"/subscriptions/00000000-0000-0000-0000-000000000000/resourcegroups/clitest000001/providers/Microsoft.ContainerService/managedClusters/cliakstest000002/agentPools/c000004\"\
        \n     },\n     \"snapshotType\": \"NodePool\",\n     \"kubernetesVersion\"\
        : \"1.21.9\",\n     \"nodeImageVersion\": \"AKSUbuntu-1804gen2containerd-2022.03.21\"\
        ,\n     \"osType\": \"Linux\",\n     \"osSku\": \"Ubuntu\",\n     \"vmSize\"\
        : \"Standard_DS2_v2\"\n    }\n   }\n  ]\n }"
    headers:
      cache-control:
      - no-cache
      content-length:
      - '1044'
      content-type:
      - application/json
      date:
      - Tue, 29 Mar 2022 04:52:34 GMT
      expires:
      - '-1'
      pragma:
      - no-cache
      server:
      - nginx
      strict-transport-security:
      - max-age=31536000; includeSubDomains
      transfer-encoding:
      - chunked
      vary:
      - Accept-Encoding
      x-content-type-options:
      - nosniff
    status:
      code: 200
      message: OK
- request:
    body: null
    headers:
      Accept:
      - application/json
      Accept-Encoding:
      - gzip, deflate
      CommandName:
      - aks create
      Connection:
      - keep-alive
      ParameterSetName:
      - --resource-group --name --location --nodepool-name --node-count --snapshot-id
        --aks-custom-headers -k --ssh-key-value -o
      User-Agent:
      - AZURECLI/2.34.1 (DOCKER) azsdk-python-azure-mgmt-containerservice/18.0.0 Python/3.10.2
        (Linux-5.4.0-1055-azure-x86_64-with)
    method: GET
    uri: https://management.azure.com/subscriptions/00000000-0000-0000-0000-000000000000/resourceGroups/clitest000001/providers/Microsoft.ContainerService/snapshots/s000006?api-version=2022-02-01
  response:
    body:
      string: "{\n  \"name\": \"s000006\",\n  \"id\": \"/subscriptions/00000000-0000-0000-0000-000000000000/resourceGroups/clitest000001/providers/Microsoft.ContainerService/snapshots/s000006\"\
        ,\n  \"type\": \"Microsoft.ContainerService/Snapshots\",\n  \"location\":\
        \ \"westus2\",\n  \"systemData\": {\n   \"createdBy\": \"charlili@microsoft.com\"\
        ,\n   \"createdByType\": \"User\",\n   \"createdAt\": \"2022-03-29T04:52:31.7803091Z\"\
        ,\n   \"lastModifiedBy\": \"charlili@microsoft.com\",\n   \"lastModifiedByType\"\
        : \"User\",\n   \"lastModifiedAt\": \"2022-03-29T04:52:31.7803091Z\"\n  },\n\
        \  \"properties\": {\n   \"creationData\": {\n    \"sourceResourceId\": \"\
        /subscriptions/00000000-0000-0000-0000-000000000000/resourcegroups/clitest000001/providers/Microsoft.ContainerService/managedClusters/cliakstest000002/agentPools/c000004\"\
        \n   },\n   \"snapshotType\": \"NodePool\",\n   \"kubernetesVersion\": \"\
        1.21.9\",\n   \"nodeImageVersion\": \"AKSUbuntu-1804gen2containerd-2022.03.21\"\
        ,\n   \"osType\": \"Linux\",\n   \"osSku\": \"Ubuntu\",\n   \"vmSize\": \"\
        Standard_DS2_v2\"\n  }\n }"
    headers:
      cache-control:
      - no-cache
      content-length:
      - '971'
      content-type:
      - application/json
      date:
      - Tue, 29 Mar 2022 04:52:34 GMT
      expires:
      - '-1'
      pragma:
      - no-cache
      server:
      - nginx
      strict-transport-security:
      - max-age=31536000; includeSubDomains
      transfer-encoding:
      - chunked
      vary:
      - Accept-Encoding
      x-content-type-options:
      - nosniff
    status:
      code: 200
      message: OK
- request:
    body: '{"location": "westus2", "identity": {"type": "SystemAssigned"}, "properties":
      {"kubernetesVersion": "1.22.6", "dnsPrefix": "cliakstest-clitestbnsqwuwyr-8ecadf",
      "agentPoolProfiles": [{"count": 1, "vmSize": "Standard_DS2_v2", "osType": "Linux",
      "osSKU": "Ubuntu", "enableAutoScaling": false, "type": "VirtualMachineScaleSets",
      "mode": "System", "enableNodePublicIP": false, "scaleSetPriority": "Regular",
      "scaleSetEvictionPolicy": "Delete", "spotMaxPrice": -1.0, "enableEncryptionAtHost":
      false, "enableUltraSSD": false, "enableFIPS": false, "creationData": {"sourceResourceId":
      "/subscriptions/00000000-0000-0000-0000-000000000000/resourceGroups/clitest000001/providers/Microsoft.ContainerService/snapshots/s000006"},
      "name": "c000004"}], "linuxProfile": {"adminUsername": "azureuser", "ssh": {"publicKeys":
      [{"keyData": "ssh-rsa AAAAB3NzaC1yc2EAAAADAQABAAACAQCbIg1guRHbI0lV11wWDt1r2cUdcNd27CJsg+SfgC7miZeubtwUhbsPdhMQsfDyhOWHq1+ZL0M+nJZV63d/1dhmhtgyOqejUwrPlzKhydsbrsdUor+JmNJDdW01v7BXHyuymT8G4s09jCasNOwiufbP/qp72ruu0bIA1nySsvlf9pCQAuFkAnVnf/rFhUlOkhtRpwcq8SUNY2zRHR/EKb/4NWY1JzR4sa3q2fWIJdrrX0DvLoa5g9bIEd4Df79ba7v+yiUBOS0zT2ll+z4g9izHK3EO5d8hL4jYxcjKs+wcslSYRWrascfscLgMlMGh0CdKeNTDjHpGPncaf3Z+FwwwjWeuiNBxv7bJo13/8B/098KlVDl4GZqsoBCEjPyJfV6hO0y/LkRGkk7oHWKgeWAfKtfLItRp00eZ4fcJNK9kCaSMmEugoZWcI7NGbZXzqFWqbpRI7NcDP9+WIQ+i9U5vqWsqd/zng4kbuAJ6UuKqIzB0upYrLShfQE3SAck8oaLhJqqq56VfDuASNpJKidV+zq27HfSBmbXnkR/5AK337dc3MXKJypoK/QPMLKUAP5XLPbs+NddJQV7EZXd29DLgp+fRIg3edpKdO7ZErWhv7d+3Kws+e1Y+ypmR2WIVSwVyBEUfgv2C8Ts9gnTF4pNcEY/S2aBicz5Ew2+jdyGNQQ==
      test@example.com\n"}]}}, "addonProfiles": {}, "enableRBAC": true, "networkProfile":
      {"networkPlugin": "kubenet", "podCidr": "10.244.0.0/16", "serviceCidr": "10.0.0.0/16",
      "dnsServiceIP": "10.0.0.10", "dockerBridgeCidr": "172.17.0.1/16", "outboundType":
      "loadBalancer", "loadBalancerSku": "standard"}, "disableLocalAccounts": false}}'
    headers:
      AKSHTTPCustomFeatures:
      - Microsoft.ContainerService/SnapshotPreview
      Accept:
      - application/json
      Accept-Encoding:
      - gzip, deflate
      CommandName:
      - aks create
      Connection:
      - keep-alive
      Content-Length:
      - '1879'
      Content-Type:
      - application/json
      ParameterSetName:
      - --resource-group --name --location --nodepool-name --node-count --snapshot-id
        --aks-custom-headers -k --ssh-key-value -o
      User-Agent:
      - AZURECLI/2.34.1 (DOCKER) azsdk-python-azure-mgmt-containerservice/18.0.0 Python/3.10.2
        (Linux-5.4.0-1055-azure-x86_64-with)
    method: PUT
    uri: https://management.azure.com/subscriptions/00000000-0000-0000-0000-000000000000/resourceGroups/clitest000001/providers/Microsoft.ContainerService/managedClusters/cliakstest000003?api-version=2022-02-01
  response:
    body:
      string: "{\n  \"id\": \"/subscriptions/00000000-0000-0000-0000-000000000000/resourcegroups/clitest000001/providers/Microsoft.ContainerService/managedClusters/cliakstest000003\"\
        ,\n  \"location\": \"westus2\",\n  \"name\": \"cliakstest000003\",\n  \"type\"\
        : \"Microsoft.ContainerService/ManagedClusters\",\n  \"properties\": {\n \
        \  \"provisioningState\": \"Creating\",\n   \"powerState\": {\n    \"code\"\
        : \"Running\"\n   },\n   \"kubernetesVersion\": \"1.22.6\",\n   \"currentKubernetesVersion\"\
        : \"1.22.6\",\n   \"dnsPrefix\": \"cliakstest-clitestbnsqwuwyr-8ecadf\",\n\
        \   \"fqdn\": \"cliakstest-clitestbnsqwuwyr-8ecadf-217ea47b.hcp.westus2.azmk8s.io\"\
        ,\n   \"azurePortalFQDN\": \"cliakstest-clitestbnsqwuwyr-8ecadf-217ea47b.portal.hcp.westus2.azmk8s.io\"\
        ,\n   \"agentPoolProfiles\": [\n    {\n     \"name\": \"c000004\",\n     \"\
        count\": 1,\n     \"vmSize\": \"Standard_DS2_v2\",\n     \"osDiskSizeGB\"\
        : 128,\n     \"osDiskType\": \"Managed\",\n     \"kubeletDiskType\": \"OS\"\
        ,\n     \"maxPods\": 110,\n     \"type\": \"VirtualMachineScaleSets\",\n \
        \    \"enableAutoScaling\": false,\n     \"provisioningState\": \"Creating\"\
        ,\n     \"powerState\": {\n      \"code\": \"Running\"\n     },\n     \"orchestratorVersion\"\
        : \"1.22.6\",\n     \"enableNodePublicIP\": false,\n     \"mode\": \"System\"\
        ,\n     \"enableEncryptionAtHost\": false,\n     \"enableUltraSSD\": false,\n\
        \     \"osType\": \"Linux\",\n     \"osSKU\": \"Ubuntu\",\n     \"nodeImageVersion\"\
        : \"AKSUbuntu-1804gen2containerd-2022.03.21\",\n     \"enableFIPS\": false,\n\
        \     \"creationData\": {\n      \"sourceResourceId\": \"/subscriptions/00000000-0000-0000-0000-000000000000/resourceGroups/clitest000001/providers/Microsoft.ContainerService/snapshots/s000006\"\
        \n     }\n    }\n   ],\n   \"linuxProfile\": {\n    \"adminUsername\": \"\
        azureuser\",\n    \"ssh\": {\n     \"publicKeys\": [\n      {\n       \"keyData\"\
        : \"ssh-rsa AAAAB3NzaC1yc2EAAAADAQABAAACAQCbIg1guRHbI0lV11wWDt1r2cUdcNd27CJsg+SfgC7miZeubtwUhbsPdhMQsfDyhOWHq1+ZL0M+nJZV63d/1dhmhtgyOqejUwrPlzKhydsbrsdUor+JmNJDdW01v7BXHyuymT8G4s09jCasNOwiufbP/qp72ruu0bIA1nySsvlf9pCQAuFkAnVnf/rFhUlOkhtRpwcq8SUNY2zRHR/EKb/4NWY1JzR4sa3q2fWIJdrrX0DvLoa5g9bIEd4Df79ba7v+yiUBOS0zT2ll+z4g9izHK3EO5d8hL4jYxcjKs+wcslSYRWrascfscLgMlMGh0CdKeNTDjHpGPncaf3Z+FwwwjWeuiNBxv7bJo13/8B/098KlVDl4GZqsoBCEjPyJfV6hO0y/LkRGkk7oHWKgeWAfKtfLItRp00eZ4fcJNK9kCaSMmEugoZWcI7NGbZXzqFWqbpRI7NcDP9+WIQ+i9U5vqWsqd/zng4kbuAJ6UuKqIzB0upYrLShfQE3SAck8oaLhJqqq56VfDuASNpJKidV+zq27HfSBmbXnkR/5AK337dc3MXKJypoK/QPMLKUAP5XLPbs+NddJQV7EZXd29DLgp+fRIg3edpKdO7ZErWhv7d+3Kws+e1Y+ypmR2WIVSwVyBEUfgv2C8Ts9gnTF4pNcEY/S2aBicz5Ew2+jdyGNQQ==\
        \ test@example.com\\n\"\n      }\n     ]\n    }\n   },\n   \"servicePrincipalProfile\"\
        : {\n    \"clientId\":\"00000000-0000-0000-0000-000000000001\"\n   },\n  \
        \ \"nodeResourceGroup\": \"MC_clitest000001_cliakstest000003_westus2\",\n\
        \   \"enableRBAC\": true,\n   \"networkProfile\": {\n    \"networkPlugin\"\
        : \"kubenet\",\n    \"loadBalancerSku\": \"standard\",\n    \"loadBalancerProfile\"\
        : {\n     \"managedOutboundIPs\": {\n      \"count\": 1\n     }\n    },\n\
        \    \"podCidr\": \"10.244.0.0/16\",\n    \"serviceCidr\": \"10.0.0.0/16\"\
        ,\n    \"dnsServiceIP\": \"10.0.0.10\",\n    \"dockerBridgeCidr\": \"172.17.0.1/16\"\
        ,\n    \"outboundType\": \"loadBalancer\",\n    \"podCidrs\": [\n     \"10.244.0.0/16\"\
        \n    ],\n    \"serviceCidrs\": [\n     \"10.0.0.0/16\"\n    ],\n    \"ipFamilies\"\
        : [\n     \"IPv4\"\n    ]\n   },\n   \"maxAgentPools\": 100,\n   \"disableLocalAccounts\"\
        : false\n  },\n  \"identity\": {\n   \"type\": \"SystemAssigned\",\n   \"\
        principalId\":\"00000000-0000-0000-0000-000000000001\",\n   \"tenantId\":\
        \ \"72f988bf-86f1-41af-91ab-2d7cd011db47\"\n  },\n  \"sku\": {\n   \"name\"\
        : \"Basic\",\n   \"tier\": \"Free\"\n  }\n }"
    headers:
      azure-asyncoperation:
      - https://management.azure.com/subscriptions/00000000-0000-0000-0000-000000000000/providers/Microsoft.ContainerService/locations/westus2/operations/6ddfc4e3-efeb-40d3-8929-10e3160565a8?api-version=2016-03-30
      cache-control:
      - no-cache
      content-length:
      - '3416'
      content-type:
      - application/json
      date:
      - Tue, 29 Mar 2022 04:52:39 GMT
      expires:
      - '-1'
      pragma:
      - no-cache
      server:
      - nginx
      strict-transport-security:
      - max-age=31536000; includeSubDomains
      x-content-type-options:
      - nosniff
      x-ms-ratelimit-remaining-subscription-writes:
      - '1199'
    status:
      code: 201
      message: Created
- request:
    body: null
    headers:
      AKSHTTPCustomFeatures:
      - Microsoft.ContainerService/SnapshotPreview
      Accept:
      - '*/*'
      Accept-Encoding:
      - gzip, deflate
      CommandName:
      - aks create
      Connection:
      - keep-alive
      ParameterSetName:
      - --resource-group --name --location --nodepool-name --node-count --snapshot-id
        --aks-custom-headers -k --ssh-key-value -o
      User-Agent:
      - AZURECLI/2.34.1 (DOCKER) azsdk-python-azure-mgmt-containerservice/18.0.0 Python/3.10.2
        (Linux-5.4.0-1055-azure-x86_64-with)
    method: GET
    uri: https://management.azure.com/subscriptions/00000000-0000-0000-0000-000000000000/providers/Microsoft.ContainerService/locations/westus2/operations/6ddfc4e3-efeb-40d3-8929-10e3160565a8?api-version=2016-03-30
  response:
    body:
      string: "{\n  \"name\": \"e3c4df6d-ebef-d340-8929-10e3160565a8\",\n  \"status\"\
        : \"InProgress\",\n  \"startTime\": \"2022-03-29T04:52:39.0766666Z\"\n }"
    headers:
      cache-control:
      - no-cache
      content-length:
      - '126'
      content-type:
      - application/json
      date:
      - Tue, 29 Mar 2022 04:53:09 GMT
      expires:
      - '-1'
      pragma:
      - no-cache
      server:
      - nginx
      strict-transport-security:
      - max-age=31536000; includeSubDomains
      transfer-encoding:
      - chunked
      vary:
      - Accept-Encoding
      x-content-type-options:
      - nosniff
    status:
      code: 200
      message: OK
- request:
    body: null
    headers:
      AKSHTTPCustomFeatures:
      - Microsoft.ContainerService/SnapshotPreview
      Accept:
      - '*/*'
      Accept-Encoding:
      - gzip, deflate
      CommandName:
      - aks create
      Connection:
      - keep-alive
      ParameterSetName:
      - --resource-group --name --location --nodepool-name --node-count --snapshot-id
        --aks-custom-headers -k --ssh-key-value -o
      User-Agent:
      - AZURECLI/2.34.1 (DOCKER) azsdk-python-azure-mgmt-containerservice/18.0.0 Python/3.10.2
        (Linux-5.4.0-1055-azure-x86_64-with)
    method: GET
    uri: https://management.azure.com/subscriptions/00000000-0000-0000-0000-000000000000/providers/Microsoft.ContainerService/locations/westus2/operations/6ddfc4e3-efeb-40d3-8929-10e3160565a8?api-version=2016-03-30
  response:
    body:
      string: "{\n  \"name\": \"e3c4df6d-ebef-d340-8929-10e3160565a8\",\n  \"status\"\
        : \"InProgress\",\n  \"startTime\": \"2022-03-29T04:52:39.0766666Z\"\n }"
    headers:
      cache-control:
      - no-cache
      content-length:
      - '126'
      content-type:
      - application/json
      date:
      - Tue, 29 Mar 2022 04:53:38 GMT
      expires:
      - '-1'
      pragma:
      - no-cache
      server:
      - nginx
      strict-transport-security:
      - max-age=31536000; includeSubDomains
      transfer-encoding:
      - chunked
      vary:
      - Accept-Encoding
      x-content-type-options:
      - nosniff
    status:
      code: 200
      message: OK
- request:
    body: null
    headers:
      AKSHTTPCustomFeatures:
      - Microsoft.ContainerService/SnapshotPreview
      Accept:
      - '*/*'
      Accept-Encoding:
      - gzip, deflate
      CommandName:
      - aks create
      Connection:
      - keep-alive
      ParameterSetName:
      - --resource-group --name --location --nodepool-name --node-count --snapshot-id
        --aks-custom-headers -k --ssh-key-value -o
      User-Agent:
      - AZURECLI/2.34.1 (DOCKER) azsdk-python-azure-mgmt-containerservice/18.0.0 Python/3.10.2
        (Linux-5.4.0-1055-azure-x86_64-with)
    method: GET
    uri: https://management.azure.com/subscriptions/00000000-0000-0000-0000-000000000000/providers/Microsoft.ContainerService/locations/westus2/operations/6ddfc4e3-efeb-40d3-8929-10e3160565a8?api-version=2016-03-30
  response:
    body:
      string: "{\n  \"name\": \"e3c4df6d-ebef-d340-8929-10e3160565a8\",\n  \"status\"\
        : \"InProgress\",\n  \"startTime\": \"2022-03-29T04:52:39.0766666Z\"\n }"
    headers:
      cache-control:
      - no-cache
      content-length:
      - '126'
      content-type:
      - application/json
      date:
      - Tue, 29 Mar 2022 04:54:09 GMT
      expires:
      - '-1'
      pragma:
      - no-cache
      server:
      - nginx
      strict-transport-security:
      - max-age=31536000; includeSubDomains
      transfer-encoding:
      - chunked
      vary:
      - Accept-Encoding
      x-content-type-options:
      - nosniff
    status:
      code: 200
      message: OK
- request:
    body: null
    headers:
      AKSHTTPCustomFeatures:
      - Microsoft.ContainerService/SnapshotPreview
      Accept:
      - '*/*'
      Accept-Encoding:
      - gzip, deflate
      CommandName:
      - aks create
      Connection:
      - keep-alive
      ParameterSetName:
      - --resource-group --name --location --nodepool-name --node-count --snapshot-id
        --aks-custom-headers -k --ssh-key-value -o
      User-Agent:
      - AZURECLI/2.34.1 (DOCKER) azsdk-python-azure-mgmt-containerservice/18.0.0 Python/3.10.2
        (Linux-5.4.0-1055-azure-x86_64-with)
    method: GET
    uri: https://management.azure.com/subscriptions/00000000-0000-0000-0000-000000000000/providers/Microsoft.ContainerService/locations/westus2/operations/6ddfc4e3-efeb-40d3-8929-10e3160565a8?api-version=2016-03-30
  response:
    body:
      string: "{\n  \"name\": \"e3c4df6d-ebef-d340-8929-10e3160565a8\",\n  \"status\"\
        : \"InProgress\",\n  \"startTime\": \"2022-03-29T04:52:39.0766666Z\"\n }"
    headers:
      cache-control:
      - no-cache
      content-length:
      - '126'
      content-type:
      - application/json
      date:
      - Tue, 29 Mar 2022 04:54:39 GMT
      expires:
      - '-1'
      pragma:
      - no-cache
      server:
      - nginx
      strict-transport-security:
      - max-age=31536000; includeSubDomains
      transfer-encoding:
      - chunked
      vary:
      - Accept-Encoding
      x-content-type-options:
      - nosniff
    status:
      code: 200
      message: OK
- request:
    body: null
    headers:
      AKSHTTPCustomFeatures:
      - Microsoft.ContainerService/SnapshotPreview
      Accept:
      - '*/*'
      Accept-Encoding:
      - gzip, deflate
      CommandName:
      - aks create
      Connection:
      - keep-alive
      ParameterSetName:
      - --resource-group --name --location --nodepool-name --node-count --snapshot-id
        --aks-custom-headers -k --ssh-key-value -o
      User-Agent:
      - AZURECLI/2.34.1 (DOCKER) azsdk-python-azure-mgmt-containerservice/18.0.0 Python/3.10.2
        (Linux-5.4.0-1055-azure-x86_64-with)
    method: GET
    uri: https://management.azure.com/subscriptions/00000000-0000-0000-0000-000000000000/providers/Microsoft.ContainerService/locations/westus2/operations/6ddfc4e3-efeb-40d3-8929-10e3160565a8?api-version=2016-03-30
  response:
    body:
      string: "{\n  \"name\": \"e3c4df6d-ebef-d340-8929-10e3160565a8\",\n  \"status\"\
        : \"InProgress\",\n  \"startTime\": \"2022-03-29T04:52:39.0766666Z\"\n }"
    headers:
      cache-control:
      - no-cache
      content-length:
      - '126'
      content-type:
      - application/json
      date:
      - Tue, 29 Mar 2022 04:55:09 GMT
      expires:
      - '-1'
      pragma:
      - no-cache
      server:
      - nginx
      strict-transport-security:
      - max-age=31536000; includeSubDomains
      transfer-encoding:
      - chunked
      vary:
      - Accept-Encoding
      x-content-type-options:
      - nosniff
    status:
      code: 200
      message: OK
- request:
    body: null
    headers:
      AKSHTTPCustomFeatures:
      - Microsoft.ContainerService/SnapshotPreview
      Accept:
      - '*/*'
      Accept-Encoding:
      - gzip, deflate
      CommandName:
      - aks create
      Connection:
      - keep-alive
      ParameterSetName:
      - --resource-group --name --location --nodepool-name --node-count --snapshot-id
        --aks-custom-headers -k --ssh-key-value -o
      User-Agent:
      - AZURECLI/2.34.1 (DOCKER) azsdk-python-azure-mgmt-containerservice/18.0.0 Python/3.10.2
        (Linux-5.4.0-1055-azure-x86_64-with)
    method: GET
    uri: https://management.azure.com/subscriptions/00000000-0000-0000-0000-000000000000/providers/Microsoft.ContainerService/locations/westus2/operations/6ddfc4e3-efeb-40d3-8929-10e3160565a8?api-version=2016-03-30
  response:
    body:
      string: "{\n  \"name\": \"e3c4df6d-ebef-d340-8929-10e3160565a8\",\n  \"status\"\
        : \"InProgress\",\n  \"startTime\": \"2022-03-29T04:52:39.0766666Z\"\n }"
    headers:
      cache-control:
      - no-cache
      content-length:
      - '126'
      content-type:
      - application/json
      date:
      - Tue, 29 Mar 2022 04:55:39 GMT
      expires:
      - '-1'
      pragma:
      - no-cache
      server:
      - nginx
      strict-transport-security:
      - max-age=31536000; includeSubDomains
      transfer-encoding:
      - chunked
      vary:
      - Accept-Encoding
      x-content-type-options:
      - nosniff
    status:
      code: 200
      message: OK
- request:
    body: null
    headers:
      AKSHTTPCustomFeatures:
      - Microsoft.ContainerService/SnapshotPreview
      Accept:
      - '*/*'
      Accept-Encoding:
      - gzip, deflate
      CommandName:
      - aks create
      Connection:
      - keep-alive
      ParameterSetName:
      - --resource-group --name --location --nodepool-name --node-count --snapshot-id
        --aks-custom-headers -k --ssh-key-value -o
      User-Agent:
      - AZURECLI/2.34.1 (DOCKER) azsdk-python-azure-mgmt-containerservice/18.0.0 Python/3.10.2
        (Linux-5.4.0-1055-azure-x86_64-with)
    method: GET
    uri: https://management.azure.com/subscriptions/00000000-0000-0000-0000-000000000000/providers/Microsoft.ContainerService/locations/westus2/operations/6ddfc4e3-efeb-40d3-8929-10e3160565a8?api-version=2016-03-30
  response:
    body:
      string: "{\n  \"name\": \"e3c4df6d-ebef-d340-8929-10e3160565a8\",\n  \"status\"\
        : \"InProgress\",\n  \"startTime\": \"2022-03-29T04:52:39.0766666Z\"\n }"
    headers:
      cache-control:
      - no-cache
      content-length:
      - '126'
      content-type:
      - application/json
      date:
      - Tue, 29 Mar 2022 04:56:10 GMT
      expires:
      - '-1'
      pragma:
      - no-cache
      server:
      - nginx
      strict-transport-security:
      - max-age=31536000; includeSubDomains
      transfer-encoding:
      - chunked
      vary:
      - Accept-Encoding
      x-content-type-options:
      - nosniff
    status:
      code: 200
      message: OK
- request:
    body: null
    headers:
      AKSHTTPCustomFeatures:
      - Microsoft.ContainerService/SnapshotPreview
      Accept:
      - '*/*'
      Accept-Encoding:
      - gzip, deflate
      CommandName:
      - aks create
      Connection:
      - keep-alive
      ParameterSetName:
      - --resource-group --name --location --nodepool-name --node-count --snapshot-id
        --aks-custom-headers -k --ssh-key-value -o
      User-Agent:
      - AZURECLI/2.34.1 (DOCKER) azsdk-python-azure-mgmt-containerservice/18.0.0 Python/3.10.2
        (Linux-5.4.0-1055-azure-x86_64-with)
    method: GET
    uri: https://management.azure.com/subscriptions/00000000-0000-0000-0000-000000000000/providers/Microsoft.ContainerService/locations/westus2/operations/6ddfc4e3-efeb-40d3-8929-10e3160565a8?api-version=2016-03-30
  response:
    body:
      string: "{\n  \"name\": \"e3c4df6d-ebef-d340-8929-10e3160565a8\",\n  \"status\"\
        : \"InProgress\",\n  \"startTime\": \"2022-03-29T04:52:39.0766666Z\"\n }"
    headers:
      cache-control:
      - no-cache
      content-length:
      - '126'
      content-type:
      - application/json
      date:
      - Tue, 29 Mar 2022 04:56:39 GMT
      expires:
      - '-1'
      pragma:
      - no-cache
      server:
      - nginx
      strict-transport-security:
      - max-age=31536000; includeSubDomains
      transfer-encoding:
      - chunked
      vary:
      - Accept-Encoding
      x-content-type-options:
      - nosniff
    status:
      code: 200
      message: OK
- request:
    body: null
    headers:
      AKSHTTPCustomFeatures:
      - Microsoft.ContainerService/SnapshotPreview
      Accept:
      - '*/*'
      Accept-Encoding:
      - gzip, deflate
      CommandName:
      - aks create
      Connection:
      - keep-alive
      ParameterSetName:
      - --resource-group --name --location --nodepool-name --node-count --snapshot-id
        --aks-custom-headers -k --ssh-key-value -o
      User-Agent:
      - AZURECLI/2.34.1 (DOCKER) azsdk-python-azure-mgmt-containerservice/18.0.0 Python/3.10.2
        (Linux-5.4.0-1055-azure-x86_64-with)
    method: GET
    uri: https://management.azure.com/subscriptions/00000000-0000-0000-0000-000000000000/providers/Microsoft.ContainerService/locations/westus2/operations/6ddfc4e3-efeb-40d3-8929-10e3160565a8?api-version=2016-03-30
  response:
    body:
      string: "{\n  \"name\": \"e3c4df6d-ebef-d340-8929-10e3160565a8\",\n  \"status\"\
        : \"Succeeded\",\n  \"startTime\": \"2022-03-29T04:52:39.0766666Z\",\n  \"\
        endTime\": \"2022-03-29T04:56:43.8146762Z\"\n }"
    headers:
      cache-control:
      - no-cache
      content-length:
      - '170'
      content-type:
      - application/json
      date:
      - Tue, 29 Mar 2022 04:57:10 GMT
      expires:
      - '-1'
      pragma:
      - no-cache
      server:
      - nginx
      strict-transport-security:
      - max-age=31536000; includeSubDomains
      transfer-encoding:
      - chunked
      vary:
      - Accept-Encoding
      x-content-type-options:
      - nosniff
    status:
      code: 200
      message: OK
- request:
    body: null
    headers:
      AKSHTTPCustomFeatures:
      - Microsoft.ContainerService/SnapshotPreview
      Accept:
      - '*/*'
      Accept-Encoding:
      - gzip, deflate
      CommandName:
      - aks create
      Connection:
      - keep-alive
      ParameterSetName:
      - --resource-group --name --location --nodepool-name --node-count --snapshot-id
        --aks-custom-headers -k --ssh-key-value -o
      User-Agent:
      - AZURECLI/2.34.1 (DOCKER) azsdk-python-azure-mgmt-containerservice/18.0.0 Python/3.10.2
        (Linux-5.4.0-1055-azure-x86_64-with)
    method: GET
    uri: https://management.azure.com/subscriptions/00000000-0000-0000-0000-000000000000/resourceGroups/clitest000001/providers/Microsoft.ContainerService/managedClusters/cliakstest000003?api-version=2022-02-01
  response:
    body:
      string: "{\n  \"id\": \"/subscriptions/00000000-0000-0000-0000-000000000000/resourcegroups/clitest000001/providers/Microsoft.ContainerService/managedClusters/cliakstest000003\"\
        ,\n  \"location\": \"westus2\",\n  \"name\": \"cliakstest000003\",\n  \"type\"\
        : \"Microsoft.ContainerService/ManagedClusters\",\n  \"properties\": {\n \
        \  \"provisioningState\": \"Succeeded\",\n   \"powerState\": {\n    \"code\"\
        : \"Running\"\n   },\n   \"kubernetesVersion\": \"1.22.6\",\n   \"currentKubernetesVersion\"\
        : \"1.22.6\",\n   \"dnsPrefix\": \"cliakstest-clitestbnsqwuwyr-8ecadf\",\n\
        \   \"fqdn\": \"cliakstest-clitestbnsqwuwyr-8ecadf-217ea47b.hcp.westus2.azmk8s.io\"\
        ,\n   \"azurePortalFQDN\": \"cliakstest-clitestbnsqwuwyr-8ecadf-217ea47b.portal.hcp.westus2.azmk8s.io\"\
        ,\n   \"agentPoolProfiles\": [\n    {\n     \"name\": \"c000004\",\n     \"\
        count\": 1,\n     \"vmSize\": \"Standard_DS2_v2\",\n     \"osDiskSizeGB\"\
        : 128,\n     \"osDiskType\": \"Managed\",\n     \"kubeletDiskType\": \"OS\"\
        ,\n     \"maxPods\": 110,\n     \"type\": \"VirtualMachineScaleSets\",\n \
        \    \"enableAutoScaling\": false,\n     \"provisioningState\": \"Succeeded\"\
        ,\n     \"powerState\": {\n      \"code\": \"Running\"\n     },\n     \"orchestratorVersion\"\
        : \"1.22.6\",\n     \"enableNodePublicIP\": false,\n     \"mode\": \"System\"\
        ,\n     \"enableEncryptionAtHost\": false,\n     \"enableUltraSSD\": false,\n\
        \     \"osType\": \"Linux\",\n     \"osSKU\": \"Ubuntu\",\n     \"nodeImageVersion\"\
        : \"AKSUbuntu-1804gen2containerd-2022.03.21\",\n     \"enableFIPS\": false,\n\
        \     \"creationData\": {\n      \"sourceResourceId\": \"/subscriptions/00000000-0000-0000-0000-000000000000/resourceGroups/clitest000001/providers/Microsoft.ContainerService/snapshots/s000006\"\
        \n     }\n    }\n   ],\n   \"linuxProfile\": {\n    \"adminUsername\": \"\
        azureuser\",\n    \"ssh\": {\n     \"publicKeys\": [\n      {\n       \"keyData\"\
        : \"ssh-rsa AAAAB3NzaC1yc2EAAAADAQABAAACAQCbIg1guRHbI0lV11wWDt1r2cUdcNd27CJsg+SfgC7miZeubtwUhbsPdhMQsfDyhOWHq1+ZL0M+nJZV63d/1dhmhtgyOqejUwrPlzKhydsbrsdUor+JmNJDdW01v7BXHyuymT8G4s09jCasNOwiufbP/qp72ruu0bIA1nySsvlf9pCQAuFkAnVnf/rFhUlOkhtRpwcq8SUNY2zRHR/EKb/4NWY1JzR4sa3q2fWIJdrrX0DvLoa5g9bIEd4Df79ba7v+yiUBOS0zT2ll+z4g9izHK3EO5d8hL4jYxcjKs+wcslSYRWrascfscLgMlMGh0CdKeNTDjHpGPncaf3Z+FwwwjWeuiNBxv7bJo13/8B/098KlVDl4GZqsoBCEjPyJfV6hO0y/LkRGkk7oHWKgeWAfKtfLItRp00eZ4fcJNK9kCaSMmEugoZWcI7NGbZXzqFWqbpRI7NcDP9+WIQ+i9U5vqWsqd/zng4kbuAJ6UuKqIzB0upYrLShfQE3SAck8oaLhJqqq56VfDuASNpJKidV+zq27HfSBmbXnkR/5AK337dc3MXKJypoK/QPMLKUAP5XLPbs+NddJQV7EZXd29DLgp+fRIg3edpKdO7ZErWhv7d+3Kws+e1Y+ypmR2WIVSwVyBEUfgv2C8Ts9gnTF4pNcEY/S2aBicz5Ew2+jdyGNQQ==\
        \ test@example.com\\n\"\n      }\n     ]\n    }\n   },\n   \"servicePrincipalProfile\"\
        : {\n    \"clientId\":\"00000000-0000-0000-0000-000000000001\"\n   },\n  \
        \ \"nodeResourceGroup\": \"MC_clitest000001_cliakstest000003_westus2\",\n\
        \   \"enableRBAC\": true,\n   \"networkProfile\": {\n    \"networkPlugin\"\
        : \"kubenet\",\n    \"loadBalancerSku\": \"Standard\",\n    \"loadBalancerProfile\"\
        : {\n     \"managedOutboundIPs\": {\n      \"count\": 1\n     },\n     \"\
        effectiveOutboundIPs\": [\n      {\n       \"id\": \"/subscriptions/00000000-0000-0000-0000-000000000000/resourceGroups/MC_clitest000001_cliakstest000003_westus2/providers/Microsoft.Network/publicIPAddresses/a65a1de2-9ef2-4048-8eb2-cfe302ef933b\"\
        \n      }\n     ]\n    },\n    \"podCidr\": \"10.244.0.0/16\",\n    \"serviceCidr\"\
        : \"10.0.0.0/16\",\n    \"dnsServiceIP\": \"10.0.0.10\",\n    \"dockerBridgeCidr\"\
        : \"172.17.0.1/16\",\n    \"outboundType\": \"loadBalancer\",\n    \"podCidrs\"\
        : [\n     \"10.244.0.0/16\"\n    ],\n    \"serviceCidrs\": [\n     \"10.0.0.0/16\"\
        \n    ],\n    \"ipFamilies\": [\n     \"IPv4\"\n    ]\n   },\n   \"maxAgentPools\"\
        : 100,\n   \"identityProfile\": {\n    \"kubeletidentity\": {\n     \"resourceId\"\
        : \"/subscriptions/00000000-0000-0000-0000-000000000000/resourcegroups/MC_clitest000001_cliakstest000003_westus2/providers/Microsoft.ManagedIdentity/userAssignedIdentities/cliakstest000003-agentpool\"\
        ,\n     \"clientId\":\"00000000-0000-0000-0000-000000000001\",\n     \"objectId\"\
        :\"00000000-0000-0000-0000-000000000001\"\n    }\n   },\n   \"disableLocalAccounts\"\
        : false\n  },\n  \"identity\": {\n   \"type\": \"SystemAssigned\",\n   \"\
        principalId\":\"00000000-0000-0000-0000-000000000001\",\n   \"tenantId\":\
        \ \"72f988bf-86f1-41af-91ab-2d7cd011db47\"\n  },\n  \"sku\": {\n   \"name\"\
        : \"Basic\",\n   \"tier\": \"Free\"\n  }\n }"
    headers:
      cache-control:
      - no-cache
      content-length:
      - '4069'
      content-type:
      - application/json
      date:
      - Tue, 29 Mar 2022 04:57:11 GMT
      expires:
      - '-1'
      pragma:
      - no-cache
      server:
      - nginx
      strict-transport-security:
      - max-age=31536000; includeSubDomains
      transfer-encoding:
      - chunked
      vary:
      - Accept-Encoding
      x-content-type-options:
      - nosniff
    status:
      code: 200
      message: OK
- request:
    body: null
    headers:
      Accept:
      - application/json
      Accept-Encoding:
      - gzip, deflate
      CommandName:
      - aks nodepool add
      Connection:
      - keep-alive
      ParameterSetName:
      - --resource-group --cluster-name --name --node-count --aks-custom-headers -k
        --snapshot-id -o
      User-Agent:
      - AZURECLI/2.34.1 (DOCKER) azsdk-python-azure-mgmt-containerservice/18.0.0 Python/3.10.2
        (Linux-5.4.0-1055-azure-x86_64-with)
    method: GET
    uri: https://management.azure.com/subscriptions/00000000-0000-0000-0000-000000000000/resourceGroups/clitest000001/providers/Microsoft.ContainerService/managedClusters/cliakstest000003/agentPools?api-version=2022-02-01
  response:
    body:
      string: "{\n  \"value\": [\n   {\n    \"id\": \"/subscriptions/00000000-0000-0000-0000-000000000000/resourcegroups/clitest000001/providers/Microsoft.ContainerService/managedClusters/cliakstest000003/agentPools/c000004\"\
        ,\n    \"name\": \"c000004\",\n    \"type\": \"Microsoft.ContainerService/managedClusters/agentPools\"\
        ,\n    \"properties\": {\n     \"count\": 1,\n     \"vmSize\": \"Standard_DS2_v2\"\
        ,\n     \"osDiskSizeGB\": 128,\n     \"osDiskType\": \"Managed\",\n     \"\
        kubeletDiskType\": \"OS\",\n     \"maxPods\": 110,\n     \"type\": \"VirtualMachineScaleSets\"\
        ,\n     \"enableAutoScaling\": false,\n     \"provisioningState\": \"Succeeded\"\
        ,\n     \"powerState\": {\n      \"code\": \"Running\"\n     },\n     \"orchestratorVersion\"\
        : \"1.22.6\",\n     \"enableNodePublicIP\": false,\n     \"mode\": \"System\"\
        ,\n     \"enableEncryptionAtHost\": false,\n     \"enableUltraSSD\": false,\n\
        \     \"osType\": \"Linux\",\n     \"osSKU\": \"Ubuntu\",\n     \"nodeImageVersion\"\
        : \"AKSUbuntu-1804gen2containerd-2022.03.21\",\n     \"enableFIPS\": false,\n\
        \     \"creationData\": {\n      \"sourceResourceId\": \"/subscriptions/00000000-0000-0000-0000-000000000000/resourceGroups/clitest000001/providers/Microsoft.ContainerService/snapshots/s000006\"\
        \n     }\n    }\n   }\n  ]\n }"
    headers:
      cache-control:
      - no-cache
      content-length:
      - '1154'
      content-type:
      - application/json
      date:
      - Tue, 29 Mar 2022 04:57:11 GMT
      expires:
      - '-1'
      pragma:
      - no-cache
      server:
      - nginx
      strict-transport-security:
      - max-age=31536000; includeSubDomains
      transfer-encoding:
      - chunked
      vary:
      - Accept-Encoding
      x-content-type-options:
      - nosniff
    status:
      code: 200
      message: OK
- request:
    body: null
    headers:
      Accept:
      - application/json
      Accept-Encoding:
      - gzip, deflate
      CommandName:
      - aks nodepool add
      Connection:
      - keep-alive
      ParameterSetName:
      - --resource-group --cluster-name --name --node-count --aks-custom-headers -k
        --snapshot-id -o
      User-Agent:
      - AZURECLI/2.34.1 (DOCKER) azsdk-python-azure-mgmt-containerservice/18.0.0 Python/3.10.2
        (Linux-5.4.0-1055-azure-x86_64-with)
    method: GET
    uri: https://management.azure.com/subscriptions/00000000-0000-0000-0000-000000000000/resourceGroups/clitest000001/providers/Microsoft.ContainerService/snapshots/s000006?api-version=2022-02-01
  response:
    body:
      string: "{\n  \"name\": \"s000006\",\n  \"id\": \"/subscriptions/00000000-0000-0000-0000-000000000000/resourceGroups/clitest000001/providers/Microsoft.ContainerService/snapshots/s000006\"\
        ,\n  \"type\": \"Microsoft.ContainerService/Snapshots\",\n  \"location\":\
        \ \"westus2\",\n  \"systemData\": {\n   \"createdBy\": \"charlili@microsoft.com\"\
        ,\n   \"createdByType\": \"User\",\n   \"createdAt\": \"2022-03-29T04:52:31.7803091Z\"\
        ,\n   \"lastModifiedBy\": \"charlili@microsoft.com\",\n   \"lastModifiedByType\"\
        : \"User\",\n   \"lastModifiedAt\": \"2022-03-29T04:52:31.7803091Z\"\n  },\n\
        \  \"properties\": {\n   \"creationData\": {\n    \"sourceResourceId\": \"\
        /subscriptions/00000000-0000-0000-0000-000000000000/resourcegroups/clitest000001/providers/Microsoft.ContainerService/managedClusters/cliakstest000002/agentPools/c000004\"\
        \n   },\n   \"snapshotType\": \"NodePool\",\n   \"kubernetesVersion\": \"\
        1.21.9\",\n   \"nodeImageVersion\": \"AKSUbuntu-1804gen2containerd-2022.03.21\"\
        ,\n   \"osType\": \"Linux\",\n   \"osSku\": \"Ubuntu\",\n   \"vmSize\": \"\
        Standard_DS2_v2\"\n  }\n }"
    headers:
      cache-control:
      - no-cache
      content-length:
      - '971'
      content-type:
      - application/json
      date:
      - Tue, 29 Mar 2022 04:57:12 GMT
      expires:
      - '-1'
      pragma:
      - no-cache
      server:
      - nginx
      strict-transport-security:
      - max-age=31536000; includeSubDomains
      transfer-encoding:
      - chunked
      vary:
      - Accept-Encoding
      x-content-type-options:
      - nosniff
    status:
      code: 200
      message: OK
- request:
    body: '{"properties": {"count": 1, "vmSize": "Standard_DS2_v2", "osType": "Linux",
      "osSKU": "Ubuntu", "scaleDownMode": "Delete", "mode": "User", "orchestratorVersion":
      "1.22.6", "upgradeSettings": {}, "enableNodePublicIP": false, "scaleSetPriority":
      "Regular", "scaleSetEvictionPolicy": "Delete", "spotMaxPrice": -1.0, "nodeTaints":
      [], "enableEncryptionAtHost": false, "enableUltraSSD": false, "enableFIPS":
      false, "creationData": {"sourceResourceId": "/subscriptions/00000000-0000-0000-0000-000000000000/resourceGroups/clitest000001/providers/Microsoft.ContainerService/snapshots/s000006"}}}'
    headers:
      AKSHTTPCustomFeatures:
      - Microsoft.ContainerService/SnapshotPreview
      Accept:
      - application/json
      Accept-Encoding:
      - gzip, deflate
      CommandName:
      - aks nodepool add
      Connection:
      - keep-alive
      Content-Length:
      - '586'
      Content-Type:
      - application/json
      ParameterSetName:
      - --resource-group --cluster-name --name --node-count --aks-custom-headers -k
        --snapshot-id -o
      User-Agent:
      - AZURECLI/2.34.1 (DOCKER) azsdk-python-azure-mgmt-containerservice/18.0.0 Python/3.10.2
        (Linux-5.4.0-1055-azure-x86_64-with)
    method: PUT
    uri: https://management.azure.com/subscriptions/00000000-0000-0000-0000-000000000000/resourceGroups/clitest000001/providers/Microsoft.ContainerService/managedClusters/cliakstest000003/agentPools/c000005?api-version=2022-02-01
  response:
    body:
      string: "{\n  \"id\": \"/subscriptions/00000000-0000-0000-0000-000000000000/resourcegroups/clitest000001/providers/Microsoft.ContainerService/managedClusters/cliakstest000003/agentPools/c000005\"\
        ,\n  \"name\": \"c000005\",\n  \"type\": \"Microsoft.ContainerService/managedClusters/agentPools\"\
        ,\n  \"properties\": {\n   \"count\": 1,\n   \"vmSize\": \"Standard_DS2_v2\"\
        ,\n   \"osDiskSizeGB\": 128,\n   \"osDiskType\": \"Managed\",\n   \"kubeletDiskType\"\
        : \"OS\",\n   \"maxPods\": 110,\n   \"type\": \"VirtualMachineScaleSets\"\
        ,\n   \"scaleDownMode\": \"Delete\",\n   \"provisioningState\": \"Creating\"\
        ,\n   \"powerState\": {\n    \"code\": \"Running\"\n   },\n   \"orchestratorVersion\"\
        : \"1.22.6\",\n   \"enableNodePublicIP\": false,\n   \"mode\": \"User\",\n\
        \   \"enableEncryptionAtHost\": false,\n   \"enableUltraSSD\": false,\n  \
        \ \"osType\": \"Linux\",\n   \"osSKU\": \"Ubuntu\",\n   \"nodeImageVersion\"\
        : \"AKSUbuntu-1804gen2containerd-2022.03.21\",\n   \"upgradeSettings\": {},\n\
        \   \"enableFIPS\": false,\n   \"creationData\": {\n    \"sourceResourceId\"\
        : \"/subscriptions/00000000-0000-0000-0000-000000000000/resourceGroups/clitest000001/providers/Microsoft.ContainerService/snapshots/s000006\"\
        \n   }\n  }\n }"
    headers:
      azure-asyncoperation:
      - https://management.azure.com/subscriptions/00000000-0000-0000-0000-000000000000/providers/Microsoft.ContainerService/locations/westus2/operations/0056389c-ceba-4c13-a14c-ac5ead701b65?api-version=2016-03-30
      cache-control:
      - no-cache
      content-length:
      - '1091'
      content-type:
      - application/json
      date:
      - Tue, 29 Mar 2022 04:57:16 GMT
      expires:
      - '-1'
      pragma:
      - no-cache
      server:
      - nginx
      strict-transport-security:
      - max-age=31536000; includeSubDomains
      x-content-type-options:
      - nosniff
      x-ms-ratelimit-remaining-subscription-writes:
      - '1199'
    status:
      code: 201
      message: Created
- request:
    body: null
    headers:
      AKSHTTPCustomFeatures:
      - Microsoft.ContainerService/SnapshotPreview
      Accept:
      - '*/*'
      Accept-Encoding:
      - gzip, deflate
      CommandName:
      - aks nodepool add
      Connection:
      - keep-alive
      ParameterSetName:
      - --resource-group --cluster-name --name --node-count --aks-custom-headers -k
        --snapshot-id -o
      User-Agent:
      - AZURECLI/2.34.1 (DOCKER) azsdk-python-azure-mgmt-containerservice/18.0.0 Python/3.10.2
        (Linux-5.4.0-1055-azure-x86_64-with)
    method: GET
    uri: https://management.azure.com/subscriptions/00000000-0000-0000-0000-000000000000/providers/Microsoft.ContainerService/locations/westus2/operations/0056389c-ceba-4c13-a14c-ac5ead701b65?api-version=2016-03-30
  response:
    body:
      string: "{\n  \"name\": \"9c385600-bace-134c-a14c-ac5ead701b65\",\n  \"status\"\
        : \"InProgress\",\n  \"startTime\": \"2022-03-29T04:57:15.96Z\"\n }"
    headers:
      cache-control:
      - no-cache
      content-length:
      - '121'
      content-type:
      - application/json
      date:
      - Tue, 29 Mar 2022 04:57:45 GMT
      expires:
      - '-1'
      pragma:
      - no-cache
      server:
      - nginx
      strict-transport-security:
      - max-age=31536000; includeSubDomains
      transfer-encoding:
      - chunked
      vary:
      - Accept-Encoding
      x-content-type-options:
      - nosniff
    status:
      code: 200
      message: OK
- request:
    body: null
    headers:
      AKSHTTPCustomFeatures:
      - Microsoft.ContainerService/SnapshotPreview
      Accept:
      - '*/*'
      Accept-Encoding:
      - gzip, deflate
      CommandName:
      - aks nodepool add
      Connection:
      - keep-alive
      ParameterSetName:
      - --resource-group --cluster-name --name --node-count --aks-custom-headers -k
        --snapshot-id -o
      User-Agent:
      - AZURECLI/2.34.1 (DOCKER) azsdk-python-azure-mgmt-containerservice/18.0.0 Python/3.10.2
        (Linux-5.4.0-1055-azure-x86_64-with)
    method: GET
    uri: https://management.azure.com/subscriptions/00000000-0000-0000-0000-000000000000/providers/Microsoft.ContainerService/locations/westus2/operations/0056389c-ceba-4c13-a14c-ac5ead701b65?api-version=2016-03-30
  response:
    body:
      string: "{\n  \"name\": \"9c385600-bace-134c-a14c-ac5ead701b65\",\n  \"status\"\
        : \"InProgress\",\n  \"startTime\": \"2022-03-29T04:57:15.96Z\"\n }"
    headers:
      cache-control:
      - no-cache
      content-length:
      - '121'
      content-type:
      - application/json
      date:
      - Tue, 29 Mar 2022 04:58:15 GMT
      expires:
      - '-1'
      pragma:
      - no-cache
      server:
      - nginx
      strict-transport-security:
      - max-age=31536000; includeSubDomains
      transfer-encoding:
      - chunked
      vary:
      - Accept-Encoding
      x-content-type-options:
      - nosniff
    status:
      code: 200
      message: OK
- request:
    body: null
    headers:
      AKSHTTPCustomFeatures:
      - Microsoft.ContainerService/SnapshotPreview
      Accept:
      - '*/*'
      Accept-Encoding:
      - gzip, deflate
      CommandName:
      - aks nodepool add
      Connection:
      - keep-alive
      ParameterSetName:
      - --resource-group --cluster-name --name --node-count --aks-custom-headers -k
        --snapshot-id -o
      User-Agent:
      - AZURECLI/2.34.1 (DOCKER) azsdk-python-azure-mgmt-containerservice/18.0.0 Python/3.10.2
        (Linux-5.4.0-1055-azure-x86_64-with)
    method: GET
    uri: https://management.azure.com/subscriptions/00000000-0000-0000-0000-000000000000/providers/Microsoft.ContainerService/locations/westus2/operations/0056389c-ceba-4c13-a14c-ac5ead701b65?api-version=2016-03-30
  response:
    body:
      string: "{\n  \"name\": \"9c385600-bace-134c-a14c-ac5ead701b65\",\n  \"status\"\
        : \"InProgress\",\n  \"startTime\": \"2022-03-29T04:57:15.96Z\"\n }"
    headers:
      cache-control:
      - no-cache
      content-length:
      - '121'
      content-type:
      - application/json
      date:
      - Tue, 29 Mar 2022 04:58:46 GMT
      expires:
      - '-1'
      pragma:
      - no-cache
      server:
      - nginx
      strict-transport-security:
      - max-age=31536000; includeSubDomains
      transfer-encoding:
      - chunked
      vary:
      - Accept-Encoding
      x-content-type-options:
      - nosniff
    status:
      code: 200
      message: OK
- request:
    body: null
    headers:
      AKSHTTPCustomFeatures:
      - Microsoft.ContainerService/SnapshotPreview
      Accept:
      - '*/*'
      Accept-Encoding:
      - gzip, deflate
      CommandName:
      - aks nodepool add
      Connection:
      - keep-alive
      ParameterSetName:
      - --resource-group --cluster-name --name --node-count --aks-custom-headers -k
        --snapshot-id -o
      User-Agent:
      - AZURECLI/2.34.1 (DOCKER) azsdk-python-azure-mgmt-containerservice/18.0.0 Python/3.10.2
        (Linux-5.4.0-1055-azure-x86_64-with)
    method: GET
    uri: https://management.azure.com/subscriptions/00000000-0000-0000-0000-000000000000/providers/Microsoft.ContainerService/locations/westus2/operations/0056389c-ceba-4c13-a14c-ac5ead701b65?api-version=2016-03-30
  response:
    body:
      string: "{\n  \"name\": \"9c385600-bace-134c-a14c-ac5ead701b65\",\n  \"status\"\
        : \"InProgress\",\n  \"startTime\": \"2022-03-29T04:57:15.96Z\"\n }"
    headers:
      cache-control:
      - no-cache
      content-length:
      - '121'
      content-type:
      - application/json
      date:
      - Tue, 29 Mar 2022 04:59:15 GMT
      expires:
      - '-1'
      pragma:
      - no-cache
      server:
      - nginx
      strict-transport-security:
      - max-age=31536000; includeSubDomains
      transfer-encoding:
      - chunked
      vary:
      - Accept-Encoding
      x-content-type-options:
      - nosniff
    status:
      code: 200
      message: OK
- request:
    body: null
    headers:
      AKSHTTPCustomFeatures:
      - Microsoft.ContainerService/SnapshotPreview
      Accept:
      - '*/*'
      Accept-Encoding:
      - gzip, deflate
      CommandName:
      - aks nodepool add
      Connection:
      - keep-alive
      ParameterSetName:
      - --resource-group --cluster-name --name --node-count --aks-custom-headers -k
        --snapshot-id -o
      User-Agent:
      - AZURECLI/2.34.1 (DOCKER) azsdk-python-azure-mgmt-containerservice/18.0.0 Python/3.10.2
        (Linux-5.4.0-1055-azure-x86_64-with)
    method: GET
    uri: https://management.azure.com/subscriptions/00000000-0000-0000-0000-000000000000/providers/Microsoft.ContainerService/locations/westus2/operations/0056389c-ceba-4c13-a14c-ac5ead701b65?api-version=2016-03-30
  response:
    body:
      string: "{\n  \"name\": \"9c385600-bace-134c-a14c-ac5ead701b65\",\n  \"status\"\
        : \"InProgress\",\n  \"startTime\": \"2022-03-29T04:57:15.96Z\"\n }"
    headers:
      cache-control:
      - no-cache
      content-length:
      - '121'
      content-type:
      - application/json
      date:
      - Tue, 29 Mar 2022 04:59:46 GMT
      expires:
      - '-1'
      pragma:
      - no-cache
      server:
      - nginx
      strict-transport-security:
      - max-age=31536000; includeSubDomains
      transfer-encoding:
      - chunked
      vary:
      - Accept-Encoding
      x-content-type-options:
      - nosniff
    status:
      code: 200
      message: OK
- request:
    body: null
    headers:
      AKSHTTPCustomFeatures:
      - Microsoft.ContainerService/SnapshotPreview
      Accept:
      - '*/*'
      Accept-Encoding:
      - gzip, deflate
      CommandName:
      - aks nodepool add
      Connection:
      - keep-alive
      ParameterSetName:
      - --resource-group --cluster-name --name --node-count --aks-custom-headers -k
        --snapshot-id -o
      User-Agent:
      - AZURECLI/2.34.1 (DOCKER) azsdk-python-azure-mgmt-containerservice/18.0.0 Python/3.10.2
        (Linux-5.4.0-1055-azure-x86_64-with)
    method: GET
    uri: https://management.azure.com/subscriptions/00000000-0000-0000-0000-000000000000/providers/Microsoft.ContainerService/locations/westus2/operations/0056389c-ceba-4c13-a14c-ac5ead701b65?api-version=2016-03-30
  response:
    body:
      string: "{\n  \"name\": \"9c385600-bace-134c-a14c-ac5ead701b65\",\n  \"status\"\
        : \"InProgress\",\n  \"startTime\": \"2022-03-29T04:57:15.96Z\"\n }"
    headers:
      cache-control:
      - no-cache
      content-length:
      - '121'
      content-type:
      - application/json
      date:
      - Tue, 29 Mar 2022 05:00:16 GMT
      expires:
      - '-1'
      pragma:
      - no-cache
      server:
      - nginx
      strict-transport-security:
      - max-age=31536000; includeSubDomains
      transfer-encoding:
      - chunked
      vary:
      - Accept-Encoding
      x-content-type-options:
      - nosniff
    status:
      code: 200
      message: OK
- request:
    body: null
    headers:
      AKSHTTPCustomFeatures:
      - Microsoft.ContainerService/SnapshotPreview
      Accept:
      - '*/*'
      Accept-Encoding:
      - gzip, deflate
      CommandName:
      - aks nodepool add
      Connection:
      - keep-alive
      ParameterSetName:
      - --resource-group --cluster-name --name --node-count --aks-custom-headers -k
        --snapshot-id -o
      User-Agent:
      - AZURECLI/2.34.1 (DOCKER) azsdk-python-azure-mgmt-containerservice/18.0.0 Python/3.10.2
        (Linux-5.4.0-1055-azure-x86_64-with)
    method: GET
    uri: https://management.azure.com/subscriptions/00000000-0000-0000-0000-000000000000/providers/Microsoft.ContainerService/locations/westus2/operations/0056389c-ceba-4c13-a14c-ac5ead701b65?api-version=2016-03-30
  response:
    body:
      string: "{\n  \"name\": \"9c385600-bace-134c-a14c-ac5ead701b65\",\n  \"status\"\
        : \"Succeeded\",\n  \"startTime\": \"2022-03-29T04:57:15.96Z\",\n  \"endTime\"\
        : \"2022-03-29T05:00:43.5254469Z\"\n }"
    headers:
      cache-control:
      - no-cache
      content-length:
      - '165'
      content-type:
      - application/json
      date:
      - Tue, 29 Mar 2022 05:00:46 GMT
      expires:
      - '-1'
      pragma:
      - no-cache
      server:
      - nginx
      strict-transport-security:
      - max-age=31536000; includeSubDomains
      transfer-encoding:
      - chunked
      vary:
      - Accept-Encoding
      x-content-type-options:
      - nosniff
    status:
      code: 200
      message: OK
- request:
    body: null
    headers:
      AKSHTTPCustomFeatures:
      - Microsoft.ContainerService/SnapshotPreview
      Accept:
      - '*/*'
      Accept-Encoding:
      - gzip, deflate
      CommandName:
      - aks nodepool add
      Connection:
      - keep-alive
      ParameterSetName:
      - --resource-group --cluster-name --name --node-count --aks-custom-headers -k
        --snapshot-id -o
      User-Agent:
      - AZURECLI/2.34.1 (DOCKER) azsdk-python-azure-mgmt-containerservice/18.0.0 Python/3.10.2
        (Linux-5.4.0-1055-azure-x86_64-with)
    method: GET
    uri: https://management.azure.com/subscriptions/00000000-0000-0000-0000-000000000000/resourceGroups/clitest000001/providers/Microsoft.ContainerService/managedClusters/cliakstest000003/agentPools/c000005?api-version=2022-02-01
  response:
    body:
      string: "{\n  \"id\": \"/subscriptions/00000000-0000-0000-0000-000000000000/resourcegroups/clitest000001/providers/Microsoft.ContainerService/managedClusters/cliakstest000003/agentPools/c000005\"\
        ,\n  \"name\": \"c000005\",\n  \"type\": \"Microsoft.ContainerService/managedClusters/agentPools\"\
        ,\n  \"properties\": {\n   \"count\": 1,\n   \"vmSize\": \"Standard_DS2_v2\"\
        ,\n   \"osDiskSizeGB\": 128,\n   \"osDiskType\": \"Managed\",\n   \"kubeletDiskType\"\
        : \"OS\",\n   \"maxPods\": 110,\n   \"type\": \"VirtualMachineScaleSets\"\
        ,\n   \"scaleDownMode\": \"Delete\",\n   \"provisioningState\": \"Succeeded\"\
        ,\n   \"powerState\": {\n    \"code\": \"Running\"\n   },\n   \"orchestratorVersion\"\
        : \"1.22.6\",\n   \"enableNodePublicIP\": false,\n   \"mode\": \"User\",\n\
        \   \"enableEncryptionAtHost\": false,\n   \"enableUltraSSD\": false,\n  \
        \ \"osType\": \"Linux\",\n   \"osSKU\": \"Ubuntu\",\n   \"nodeImageVersion\"\
        : \"AKSUbuntu-1804gen2containerd-2022.03.21\",\n   \"upgradeSettings\": {},\n\
        \   \"enableFIPS\": false,\n   \"creationData\": {\n    \"sourceResourceId\"\
        : \"/subscriptions/00000000-0000-0000-0000-000000000000/resourceGroups/clitest000001/providers/Microsoft.ContainerService/snapshots/s000006\"\
        \n   }\n  }\n }"
    headers:
      cache-control:
      - no-cache
      content-length:
      - '1092'
      content-type:
      - application/json
      date:
      - Tue, 29 Mar 2022 05:00:47 GMT
      expires:
      - '-1'
      pragma:
      - no-cache
      server:
      - nginx
      strict-transport-security:
      - max-age=31536000; includeSubDomains
      transfer-encoding:
      - chunked
      vary:
      - Accept-Encoding
      x-content-type-options:
      - nosniff
    status:
      code: 200
      message: OK
- request:
    body: null
    headers:
      Accept:
      - application/json
      Accept-Encoding:
      - gzip, deflate
      CommandName:
      - aks upgrade
      Connection:
      - keep-alive
      ParameterSetName:
      - --resource-group --name -k --yes -o
      User-Agent:
      - AZURECLI/2.34.1 (DOCKER) azsdk-python-azure-mgmt-containerservice/18.0.0 Python/3.10.2
        (Linux-5.4.0-1055-azure-x86_64-with)
    method: GET
    uri: https://management.azure.com/subscriptions/00000000-0000-0000-0000-000000000000/resourceGroups/clitest000001/providers/Microsoft.ContainerService/managedClusters/cliakstest000003?api-version=2022-02-01
  response:
    body:
      string: "{\n  \"id\": \"/subscriptions/00000000-0000-0000-0000-000000000000/resourcegroups/clitest000001/providers/Microsoft.ContainerService/managedClusters/cliakstest000003\"\
        ,\n  \"location\": \"westus2\",\n  \"name\": \"cliakstest000003\",\n  \"type\"\
        : \"Microsoft.ContainerService/ManagedClusters\",\n  \"properties\": {\n \
        \  \"provisioningState\": \"Succeeded\",\n   \"powerState\": {\n    \"code\"\
        : \"Running\"\n   },\n   \"kubernetesVersion\": \"1.22.6\",\n   \"currentKubernetesVersion\"\
        : \"1.22.6\",\n   \"dnsPrefix\": \"cliakstest-clitestbnsqwuwyr-8ecadf\",\n\
        \   \"fqdn\": \"cliakstest-clitestbnsqwuwyr-8ecadf-217ea47b.hcp.westus2.azmk8s.io\"\
        ,\n   \"azurePortalFQDN\": \"cliakstest-clitestbnsqwuwyr-8ecadf-217ea47b.portal.hcp.westus2.azmk8s.io\"\
        ,\n   \"agentPoolProfiles\": [\n    {\n     \"name\": \"c000005\",\n     \"\
        count\": 1,\n     \"vmSize\": \"Standard_DS2_v2\",\n     \"osDiskSizeGB\"\
        : 128,\n     \"osDiskType\": \"Managed\",\n     \"kubeletDiskType\": \"OS\"\
        ,\n     \"maxPods\": 110,\n     \"type\": \"VirtualMachineScaleSets\",\n \
        \    \"scaleDownMode\": \"Delete\",\n     \"provisioningState\": \"Succeeded\"\
        ,\n     \"powerState\": {\n      \"code\": \"Running\"\n     },\n     \"orchestratorVersion\"\
        : \"1.22.6\",\n     \"enableNodePublicIP\": false,\n     \"mode\": \"User\"\
        ,\n     \"enableEncryptionAtHost\": false,\n     \"enableUltraSSD\": false,\n\
        \     \"osType\": \"Linux\",\n     \"osSKU\": \"Ubuntu\",\n     \"nodeImageVersion\"\
        : \"AKSUbuntu-1804gen2containerd-2022.03.21\",\n     \"upgradeSettings\":\
        \ {},\n     \"enableFIPS\": false,\n     \"creationData\": {\n      \"sourceResourceId\"\
        : \"/subscriptions/00000000-0000-0000-0000-000000000000/resourceGroups/clitest000001/providers/Microsoft.ContainerService/snapshots/s000006\"\
        \n     }\n    },\n    {\n     \"name\": \"c000004\",\n     \"count\": 1,\n\
        \     \"vmSize\": \"Standard_DS2_v2\",\n     \"osDiskSizeGB\": 128,\n    \
        \ \"osDiskType\": \"Managed\",\n     \"kubeletDiskType\": \"OS\",\n     \"\
        maxPods\": 110,\n     \"type\": \"VirtualMachineScaleSets\",\n     \"enableAutoScaling\"\
        : false,\n     \"provisioningState\": \"Succeeded\",\n     \"powerState\"\
        : {\n      \"code\": \"Running\"\n     },\n     \"orchestratorVersion\": \"\
        1.22.6\",\n     \"enableNodePublicIP\": false,\n     \"mode\": \"System\"\
        ,\n     \"enableEncryptionAtHost\": false,\n     \"enableUltraSSD\": false,\n\
        \     \"osType\": \"Linux\",\n     \"osSKU\": \"Ubuntu\",\n     \"nodeImageVersion\"\
        : \"AKSUbuntu-1804gen2containerd-2022.03.21\",\n     \"enableFIPS\": false,\n\
        \     \"creationData\": {\n      \"sourceResourceId\": \"/subscriptions/00000000-0000-0000-0000-000000000000/resourceGroups/clitest000001/providers/Microsoft.ContainerService/snapshots/s000006\"\
        \n     }\n    }\n   ],\n   \"linuxProfile\": {\n    \"adminUsername\": \"\
        azureuser\",\n    \"ssh\": {\n     \"publicKeys\": [\n      {\n       \"keyData\"\
        : \"ssh-rsa AAAAB3NzaC1yc2EAAAADAQABAAACAQCbIg1guRHbI0lV11wWDt1r2cUdcNd27CJsg+SfgC7miZeubtwUhbsPdhMQsfDyhOWHq1+ZL0M+nJZV63d/1dhmhtgyOqejUwrPlzKhydsbrsdUor+JmNJDdW01v7BXHyuymT8G4s09jCasNOwiufbP/qp72ruu0bIA1nySsvlf9pCQAuFkAnVnf/rFhUlOkhtRpwcq8SUNY2zRHR/EKb/4NWY1JzR4sa3q2fWIJdrrX0DvLoa5g9bIEd4Df79ba7v+yiUBOS0zT2ll+z4g9izHK3EO5d8hL4jYxcjKs+wcslSYRWrascfscLgMlMGh0CdKeNTDjHpGPncaf3Z+FwwwjWeuiNBxv7bJo13/8B/098KlVDl4GZqsoBCEjPyJfV6hO0y/LkRGkk7oHWKgeWAfKtfLItRp00eZ4fcJNK9kCaSMmEugoZWcI7NGbZXzqFWqbpRI7NcDP9+WIQ+i9U5vqWsqd/zng4kbuAJ6UuKqIzB0upYrLShfQE3SAck8oaLhJqqq56VfDuASNpJKidV+zq27HfSBmbXnkR/5AK337dc3MXKJypoK/QPMLKUAP5XLPbs+NddJQV7EZXd29DLgp+fRIg3edpKdO7ZErWhv7d+3Kws+e1Y+ypmR2WIVSwVyBEUfgv2C8Ts9gnTF4pNcEY/S2aBicz5Ew2+jdyGNQQ==\
        \ test@example.com\\n\"\n      }\n     ]\n    }\n   },\n   \"servicePrincipalProfile\"\
        : {\n    \"clientId\":\"00000000-0000-0000-0000-000000000001\"\n   },\n  \
        \ \"nodeResourceGroup\": \"MC_clitest000001_cliakstest000003_westus2\",\n\
        \   \"enableRBAC\": true,\n   \"networkProfile\": {\n    \"networkPlugin\"\
        : \"kubenet\",\n    \"loadBalancerSku\": \"Standard\",\n    \"loadBalancerProfile\"\
        : {\n     \"managedOutboundIPs\": {\n      \"count\": 1\n     },\n     \"\
        effectiveOutboundIPs\": [\n      {\n       \"id\": \"/subscriptions/00000000-0000-0000-0000-000000000000/resourceGroups/MC_clitest000001_cliakstest000003_westus2/providers/Microsoft.Network/publicIPAddresses/a65a1de2-9ef2-4048-8eb2-cfe302ef933b\"\
        \n      }\n     ]\n    },\n    \"podCidr\": \"10.244.0.0/16\",\n    \"serviceCidr\"\
        : \"10.0.0.0/16\",\n    \"dnsServiceIP\": \"10.0.0.10\",\n    \"dockerBridgeCidr\"\
        : \"172.17.0.1/16\",\n    \"outboundType\": \"loadBalancer\",\n    \"podCidrs\"\
        : [\n     \"10.244.0.0/16\"\n    ],\n    \"serviceCidrs\": [\n     \"10.0.0.0/16\"\
        \n    ],\n    \"ipFamilies\": [\n     \"IPv4\"\n    ]\n   },\n   \"maxAgentPools\"\
        : 100,\n   \"identityProfile\": {\n    \"kubeletidentity\": {\n     \"resourceId\"\
        : \"/subscriptions/00000000-0000-0000-0000-000000000000/resourcegroups/MC_clitest000001_cliakstest000003_westus2/providers/Microsoft.ManagedIdentity/userAssignedIdentities/cliakstest000003-agentpool\"\
        ,\n     \"clientId\":\"00000000-0000-0000-0000-000000000001\",\n     \"objectId\"\
        :\"00000000-0000-0000-0000-000000000001\"\n    }\n   },\n   \"disableLocalAccounts\"\
        : false\n  },\n  \"identity\": {\n   \"type\": \"SystemAssigned\",\n   \"\
        principalId\":\"00000000-0000-0000-0000-000000000001\",\n   \"tenantId\":\
        \ \"72f988bf-86f1-41af-91ab-2d7cd011db47\"\n  },\n  \"sku\": {\n   \"name\"\
        : \"Basic\",\n   \"tier\": \"Free\"\n  }\n }"
    headers:
      cache-control:
      - no-cache
      content-length:
      - '4953'
      content-type:
      - application/json
      date:
      - Tue, 29 Mar 2022 05:00:48 GMT
      expires:
      - '-1'
      pragma:
      - no-cache
      server:
      - nginx
      strict-transport-security:
      - max-age=31536000; includeSubDomains
      transfer-encoding:
      - chunked
      vary:
      - Accept-Encoding
      x-content-type-options:
      - nosniff
    status:
      code: 200
      message: OK
- request:
    body: '{"location": "westus2", "sku": {"name": "Basic", "tier": "Free"}, "identity":
      {"type": "SystemAssigned"}, "properties": {"kubernetesVersion": "1.23.3", "dnsPrefix":
      "cliakstest-clitestbnsqwuwyr-8ecadf", "agentPoolProfiles": [{"count": 1, "vmSize":
      "Standard_DS2_v2", "osDiskSizeGB": 128, "osDiskType": "Managed", "kubeletDiskType":
      "OS", "maxPods": 110, "osType": "Linux", "osSKU": "Ubuntu", "scaleDownMode":
      "Delete", "type": "VirtualMachineScaleSets", "mode": "User", "orchestratorVersion":
      "1.23.3", "upgradeSettings": {}, "powerState": {"code": "Running"}, "enableNodePublicIP":
      false, "enableEncryptionAtHost": false, "enableUltraSSD": false, "enableFIPS":
      false, "name": "c000005"}, {"count": 1, "vmSize": "Standard_DS2_v2", "osDiskSizeGB":
      128, "osDiskType": "Managed", "kubeletDiskType": "OS", "maxPods": 110, "osType":
      "Linux", "osSKU": "Ubuntu", "enableAutoScaling": false, "type": "VirtualMachineScaleSets",
      "mode": "System", "orchestratorVersion": "1.23.3", "powerState": {"code": "Running"},
      "enableNodePublicIP": false, "enableEncryptionAtHost": false, "enableUltraSSD":
      false, "enableFIPS": false, "name": "c000004"}], "linuxProfile": {"adminUsername":
      "azureuser", "ssh": {"publicKeys": [{"keyData": "ssh-rsa AAAAB3NzaC1yc2EAAAADAQABAAACAQCbIg1guRHbI0lV11wWDt1r2cUdcNd27CJsg+SfgC7miZeubtwUhbsPdhMQsfDyhOWHq1+ZL0M+nJZV63d/1dhmhtgyOqejUwrPlzKhydsbrsdUor+JmNJDdW01v7BXHyuymT8G4s09jCasNOwiufbP/qp72ruu0bIA1nySsvlf9pCQAuFkAnVnf/rFhUlOkhtRpwcq8SUNY2zRHR/EKb/4NWY1JzR4sa3q2fWIJdrrX0DvLoa5g9bIEd4Df79ba7v+yiUBOS0zT2ll+z4g9izHK3EO5d8hL4jYxcjKs+wcslSYRWrascfscLgMlMGh0CdKeNTDjHpGPncaf3Z+FwwwjWeuiNBxv7bJo13/8B/098KlVDl4GZqsoBCEjPyJfV6hO0y/LkRGkk7oHWKgeWAfKtfLItRp00eZ4fcJNK9kCaSMmEugoZWcI7NGbZXzqFWqbpRI7NcDP9+WIQ+i9U5vqWsqd/zng4kbuAJ6UuKqIzB0upYrLShfQE3SAck8oaLhJqqq56VfDuASNpJKidV+zq27HfSBmbXnkR/5AK337dc3MXKJypoK/QPMLKUAP5XLPbs+NddJQV7EZXd29DLgp+fRIg3edpKdO7ZErWhv7d+3Kws+e1Y+ypmR2WIVSwVyBEUfgv2C8Ts9gnTF4pNcEY/S2aBicz5Ew2+jdyGNQQ==
      test@example.com\n"}]}}, "nodeResourceGroup": "MC_clitest000001_cliakstest000003_westus2",
      "enableRBAC": true, "networkProfile": {"networkPlugin": "kubenet", "podCidr":
      "10.244.0.0/16", "serviceCidr": "10.0.0.0/16", "dnsServiceIP": "10.0.0.10",
      "dockerBridgeCidr": "172.17.0.1/16", "outboundType": "loadBalancer", "loadBalancerSku":
      "Standard", "loadBalancerProfile": {"managedOutboundIPs": {"count": 1}, "effectiveOutboundIPs":
      [{"id": "/subscriptions/00000000-0000-0000-0000-000000000000/resourceGroups/MC_clitest000001_cliakstest000003_westus2/providers/Microsoft.Network/publicIPAddresses/a65a1de2-9ef2-4048-8eb2-cfe302ef933b"}]},
      "podCidrs": ["10.244.0.0/16"], "serviceCidrs": ["10.0.0.0/16"], "ipFamilies":
      ["IPv4"]}, "identityProfile": {"kubeletidentity": {"resourceId": "/subscriptions/00000000-0000-0000-0000-000000000000/resourcegroups/MC_clitest000001_cliakstest000003_westus2/providers/Microsoft.ManagedIdentity/userAssignedIdentities/cliakstest000003-agentpool",
      "clientId":"00000000-0000-0000-0000-000000000001", "objectId":"00000000-0000-0000-0000-000000000001"}},
      "disableLocalAccounts": false}}'
    headers:
      Accept:
      - application/json
      Accept-Encoding:
      - gzip, deflate
      CommandName:
      - aks upgrade
      Connection:
      - keep-alive
      Content-Length:
      - '3053'
      Content-Type:
      - application/json
      ParameterSetName:
      - --resource-group --name -k --yes -o
      User-Agent:
      - AZURECLI/2.34.1 (DOCKER) azsdk-python-azure-mgmt-containerservice/18.0.0 Python/3.10.2
        (Linux-5.4.0-1055-azure-x86_64-with)
    method: PUT
    uri: https://management.azure.com/subscriptions/00000000-0000-0000-0000-000000000000/resourceGroups/clitest000001/providers/Microsoft.ContainerService/managedClusters/cliakstest000003?api-version=2022-02-01
  response:
    body:
      string: "{\n  \"id\": \"/subscriptions/00000000-0000-0000-0000-000000000000/resourcegroups/clitest000001/providers/Microsoft.ContainerService/managedClusters/cliakstest000003\"\
        ,\n  \"location\": \"westus2\",\n  \"name\": \"cliakstest000003\",\n  \"type\"\
        : \"Microsoft.ContainerService/ManagedClusters\",\n  \"properties\": {\n \
        \  \"provisioningState\": \"Upgrading\",\n   \"powerState\": {\n    \"code\"\
        : \"Running\"\n   },\n   \"kubernetesVersion\": \"1.23.3\",\n   \"currentKubernetesVersion\"\
        : \"1.23.3\",\n   \"dnsPrefix\": \"cliakstest-clitestbnsqwuwyr-8ecadf\",\n\
        \   \"fqdn\": \"cliakstest-clitestbnsqwuwyr-8ecadf-217ea47b.hcp.westus2.azmk8s.io\"\
        ,\n   \"azurePortalFQDN\": \"cliakstest-clitestbnsqwuwyr-8ecadf-217ea47b.portal.hcp.westus2.azmk8s.io\"\
        ,\n   \"agentPoolProfiles\": [\n    {\n     \"name\": \"c000005\",\n     \"\
        count\": 1,\n     \"vmSize\": \"Standard_DS2_v2\",\n     \"osDiskSizeGB\"\
        : 128,\n     \"osDiskType\": \"Managed\",\n     \"kubeletDiskType\": \"OS\"\
        ,\n     \"maxPods\": 110,\n     \"type\": \"VirtualMachineScaleSets\",\n \
        \    \"scaleDownMode\": \"Delete\",\n     \"provisioningState\": \"Upgrading\"\
        ,\n     \"powerState\": {\n      \"code\": \"Running\"\n     },\n     \"orchestratorVersion\"\
        : \"1.23.3\",\n     \"enableNodePublicIP\": false,\n     \"mode\": \"User\"\
        ,\n     \"enableEncryptionAtHost\": false,\n     \"enableUltraSSD\": false,\n\
        \     \"osType\": \"Linux\",\n     \"osSKU\": \"Ubuntu\",\n     \"nodeImageVersion\"\
        : \"AKSUbuntu-1804gen2containerd-2022.03.21\",\n     \"upgradeSettings\":\
        \ {},\n     \"enableFIPS\": false\n    },\n    {\n     \"name\": \"c000004\"\
        ,\n     \"count\": 1,\n     \"vmSize\": \"Standard_DS2_v2\",\n     \"osDiskSizeGB\"\
        : 128,\n     \"osDiskType\": \"Managed\",\n     \"kubeletDiskType\": \"OS\"\
        ,\n     \"maxPods\": 110,\n     \"type\": \"VirtualMachineScaleSets\",\n \
        \    \"enableAutoScaling\": false,\n     \"provisioningState\": \"Upgrading\"\
        ,\n     \"powerState\": {\n      \"code\": \"Running\"\n     },\n     \"orchestratorVersion\"\
        : \"1.23.3\",\n     \"enableNodePublicIP\": false,\n     \"mode\": \"System\"\
        ,\n     \"enableEncryptionAtHost\": false,\n     \"enableUltraSSD\": false,\n\
        \     \"osType\": \"Linux\",\n     \"osSKU\": \"Ubuntu\",\n     \"nodeImageVersion\"\
        : \"AKSUbuntu-1804gen2containerd-2022.03.21\",\n     \"enableFIPS\": false\n\
        \    }\n   ],\n   \"linuxProfile\": {\n    \"adminUsername\": \"azureuser\"\
        ,\n    \"ssh\": {\n     \"publicKeys\": [\n      {\n       \"keyData\": \"\
        ssh-rsa AAAAB3NzaC1yc2EAAAADAQABAAACAQCbIg1guRHbI0lV11wWDt1r2cUdcNd27CJsg+SfgC7miZeubtwUhbsPdhMQsfDyhOWHq1+ZL0M+nJZV63d/1dhmhtgyOqejUwrPlzKhydsbrsdUor+JmNJDdW01v7BXHyuymT8G4s09jCasNOwiufbP/qp72ruu0bIA1nySsvlf9pCQAuFkAnVnf/rFhUlOkhtRpwcq8SUNY2zRHR/EKb/4NWY1JzR4sa3q2fWIJdrrX0DvLoa5g9bIEd4Df79ba7v+yiUBOS0zT2ll+z4g9izHK3EO5d8hL4jYxcjKs+wcslSYRWrascfscLgMlMGh0CdKeNTDjHpGPncaf3Z+FwwwjWeuiNBxv7bJo13/8B/098KlVDl4GZqsoBCEjPyJfV6hO0y/LkRGkk7oHWKgeWAfKtfLItRp00eZ4fcJNK9kCaSMmEugoZWcI7NGbZXzqFWqbpRI7NcDP9+WIQ+i9U5vqWsqd/zng4kbuAJ6UuKqIzB0upYrLShfQE3SAck8oaLhJqqq56VfDuASNpJKidV+zq27HfSBmbXnkR/5AK337dc3MXKJypoK/QPMLKUAP5XLPbs+NddJQV7EZXd29DLgp+fRIg3edpKdO7ZErWhv7d+3Kws+e1Y+ypmR2WIVSwVyBEUfgv2C8Ts9gnTF4pNcEY/S2aBicz5Ew2+jdyGNQQ==\
        \ test@example.com\\n\"\n      }\n     ]\n    }\n   },\n   \"servicePrincipalProfile\"\
        : {\n    \"clientId\":\"00000000-0000-0000-0000-000000000001\"\n   },\n  \
        \ \"nodeResourceGroup\": \"MC_clitest000001_cliakstest000003_westus2\",\n\
        \   \"enableRBAC\": true,\n   \"networkProfile\": {\n    \"networkPlugin\"\
        : \"kubenet\",\n    \"loadBalancerSku\": \"Standard\",\n    \"loadBalancerProfile\"\
        : {\n     \"managedOutboundIPs\": {\n      \"count\": 1\n     },\n     \"\
        effectiveOutboundIPs\": [\n      {\n       \"id\": \"/subscriptions/00000000-0000-0000-0000-000000000000/resourceGroups/MC_clitest000001_cliakstest000003_westus2/providers/Microsoft.Network/publicIPAddresses/a65a1de2-9ef2-4048-8eb2-cfe302ef933b\"\
        \n      }\n     ]\n    },\n    \"podCidr\": \"10.244.0.0/16\",\n    \"serviceCidr\"\
        : \"10.0.0.0/16\",\n    \"dnsServiceIP\": \"10.0.0.10\",\n    \"dockerBridgeCidr\"\
        : \"172.17.0.1/16\",\n    \"outboundType\": \"loadBalancer\",\n    \"podCidrs\"\
        : [\n     \"10.244.0.0/16\"\n    ],\n    \"serviceCidrs\": [\n     \"10.0.0.0/16\"\
        \n    ],\n    \"ipFamilies\": [\n     \"IPv4\"\n    ]\n   },\n   \"maxAgentPools\"\
        : 100,\n   \"identityProfile\": {\n    \"kubeletidentity\": {\n     \"resourceId\"\
        : \"/subscriptions/00000000-0000-0000-0000-000000000000/resourcegroups/MC_clitest000001_cliakstest000003_westus2/providers/Microsoft.ManagedIdentity/userAssignedIdentities/cliakstest000003-agentpool\"\
        ,\n     \"clientId\":\"00000000-0000-0000-0000-000000000001\",\n     \"objectId\"\
        :\"00000000-0000-0000-0000-000000000001\"\n    }\n   },\n   \"disableLocalAccounts\"\
        : false\n  },\n  \"identity\": {\n   \"type\": \"SystemAssigned\",\n   \"\
        principalId\":\"00000000-0000-0000-0000-000000000001\",\n   \"tenantId\":\
        \ \"72f988bf-86f1-41af-91ab-2d7cd011db47\"\n  },\n  \"sku\": {\n   \"name\"\
        : \"Basic\",\n   \"tier\": \"Free\"\n  }\n }"
    headers:
      azure-asyncoperation:
      - https://management.azure.com/subscriptions/00000000-0000-0000-0000-000000000000/providers/Microsoft.ContainerService/locations/westus2/operations/deb3c40d-424a-49e6-bbf6-b6f897784877?api-version=2016-03-30
      cache-control:
      - no-cache
      content-length:
      - '4563'
      content-type:
      - application/json
      date:
      - Tue, 29 Mar 2022 05:00:51 GMT
      expires:
      - '-1'
      pragma:
      - no-cache
      server:
      - nginx
      strict-transport-security:
      - max-age=31536000; includeSubDomains
      transfer-encoding:
      - chunked
      vary:
      - Accept-Encoding
      x-content-type-options:
      - nosniff
      x-ms-ratelimit-remaining-subscription-writes:
      - '1199'
    status:
      code: 200
      message: OK
- request:
    body: null
    headers:
      Accept:
      - '*/*'
      Accept-Encoding:
      - gzip, deflate
      CommandName:
      - aks upgrade
      Connection:
      - keep-alive
      ParameterSetName:
      - --resource-group --name -k --yes -o
      User-Agent:
      - AZURECLI/2.34.1 (DOCKER) azsdk-python-azure-mgmt-containerservice/18.0.0 Python/3.10.2
        (Linux-5.4.0-1055-azure-x86_64-with)
    method: GET
    uri: https://management.azure.com/subscriptions/00000000-0000-0000-0000-000000000000/providers/Microsoft.ContainerService/locations/westus2/operations/deb3c40d-424a-49e6-bbf6-b6f897784877?api-version=2016-03-30
  response:
    body:
      string: "{\n  \"name\": \"0dc4b3de-4a42-e649-bbf6-b6f897784877\",\n  \"status\"\
        : \"InProgress\",\n  \"startTime\": \"2022-03-29T05:00:51.7133333Z\"\n }"
    headers:
      cache-control:
      - no-cache
      content-length:
      - '126'
      content-type:
      - application/json
      date:
      - Tue, 29 Mar 2022 05:01:22 GMT
      expires:
      - '-1'
      pragma:
      - no-cache
      server:
      - nginx
      strict-transport-security:
      - max-age=31536000; includeSubDomains
      transfer-encoding:
      - chunked
      vary:
      - Accept-Encoding
      x-content-type-options:
      - nosniff
    status:
      code: 200
      message: OK
- request:
    body: null
    headers:
      Accept:
      - '*/*'
      Accept-Encoding:
      - gzip, deflate
      CommandName:
      - aks upgrade
      Connection:
      - keep-alive
      ParameterSetName:
      - --resource-group --name -k --yes -o
      User-Agent:
      - AZURECLI/2.34.1 (DOCKER) azsdk-python-azure-mgmt-containerservice/18.0.0 Python/3.10.2
        (Linux-5.4.0-1055-azure-x86_64-with)
    method: GET
    uri: https://management.azure.com/subscriptions/00000000-0000-0000-0000-000000000000/providers/Microsoft.ContainerService/locations/westus2/operations/deb3c40d-424a-49e6-bbf6-b6f897784877?api-version=2016-03-30
  response:
    body:
      string: "{\n  \"name\": \"0dc4b3de-4a42-e649-bbf6-b6f897784877\",\n  \"status\"\
        : \"InProgress\",\n  \"startTime\": \"2022-03-29T05:00:51.7133333Z\"\n }"
    headers:
      cache-control:
      - no-cache
      content-length:
      - '126'
      content-type:
      - application/json
      date:
      - Tue, 29 Mar 2022 05:01:52 GMT
      expires:
      - '-1'
      pragma:
      - no-cache
      server:
      - nginx
      strict-transport-security:
      - max-age=31536000; includeSubDomains
      transfer-encoding:
      - chunked
      vary:
      - Accept-Encoding
      x-content-type-options:
      - nosniff
    status:
      code: 200
      message: OK
- request:
    body: null
    headers:
      Accept:
      - '*/*'
      Accept-Encoding:
      - gzip, deflate
      CommandName:
      - aks upgrade
      Connection:
      - keep-alive
      ParameterSetName:
      - --resource-group --name -k --yes -o
      User-Agent:
      - AZURECLI/2.34.1 (DOCKER) azsdk-python-azure-mgmt-containerservice/18.0.0 Python/3.10.2
        (Linux-5.4.0-1055-azure-x86_64-with)
    method: GET
    uri: https://management.azure.com/subscriptions/00000000-0000-0000-0000-000000000000/providers/Microsoft.ContainerService/locations/westus2/operations/deb3c40d-424a-49e6-bbf6-b6f897784877?api-version=2016-03-30
  response:
    body:
      string: "{\n  \"name\": \"0dc4b3de-4a42-e649-bbf6-b6f897784877\",\n  \"status\"\
        : \"InProgress\",\n  \"startTime\": \"2022-03-29T05:00:51.7133333Z\"\n }"
    headers:
      cache-control:
      - no-cache
      content-length:
      - '126'
      content-type:
      - application/json
      date:
      - Tue, 29 Mar 2022 05:02:21 GMT
      expires:
      - '-1'
      pragma:
      - no-cache
      server:
      - nginx
      strict-transport-security:
      - max-age=31536000; includeSubDomains
      transfer-encoding:
      - chunked
      vary:
      - Accept-Encoding
      x-content-type-options:
      - nosniff
    status:
      code: 200
      message: OK
- request:
    body: null
    headers:
      Accept:
      - '*/*'
      Accept-Encoding:
      - gzip, deflate
      CommandName:
      - aks upgrade
      Connection:
      - keep-alive
      ParameterSetName:
      - --resource-group --name -k --yes -o
      User-Agent:
      - AZURECLI/2.34.1 (DOCKER) azsdk-python-azure-mgmt-containerservice/18.0.0 Python/3.10.2
        (Linux-5.4.0-1055-azure-x86_64-with)
    method: GET
    uri: https://management.azure.com/subscriptions/00000000-0000-0000-0000-000000000000/providers/Microsoft.ContainerService/locations/westus2/operations/deb3c40d-424a-49e6-bbf6-b6f897784877?api-version=2016-03-30
  response:
    body:
      string: "{\n  \"name\": \"0dc4b3de-4a42-e649-bbf6-b6f897784877\",\n  \"status\"\
        : \"InProgress\",\n  \"startTime\": \"2022-03-29T05:00:51.7133333Z\"\n }"
    headers:
      cache-control:
      - no-cache
      content-length:
      - '126'
      content-type:
      - application/json
      date:
      - Tue, 29 Mar 2022 05:02:52 GMT
      expires:
      - '-1'
      pragma:
      - no-cache
      server:
      - nginx
      strict-transport-security:
      - max-age=31536000; includeSubDomains
      transfer-encoding:
      - chunked
      vary:
      - Accept-Encoding
      x-content-type-options:
      - nosniff
    status:
      code: 200
      message: OK
- request:
    body: null
    headers:
      Accept:
      - '*/*'
      Accept-Encoding:
      - gzip, deflate
      CommandName:
      - aks upgrade
      Connection:
      - keep-alive
      ParameterSetName:
      - --resource-group --name -k --yes -o
      User-Agent:
      - AZURECLI/2.34.1 (DOCKER) azsdk-python-azure-mgmt-containerservice/18.0.0 Python/3.10.2
        (Linux-5.4.0-1055-azure-x86_64-with)
    method: GET
    uri: https://management.azure.com/subscriptions/00000000-0000-0000-0000-000000000000/providers/Microsoft.ContainerService/locations/westus2/operations/deb3c40d-424a-49e6-bbf6-b6f897784877?api-version=2016-03-30
  response:
    body:
      string: "{\n  \"name\": \"0dc4b3de-4a42-e649-bbf6-b6f897784877\",\n  \"status\"\
        : \"InProgress\",\n  \"startTime\": \"2022-03-29T05:00:51.7133333Z\"\n }"
    headers:
      cache-control:
      - no-cache
      content-length:
      - '126'
      content-type:
      - application/json
      date:
      - Tue, 29 Mar 2022 05:03:22 GMT
      expires:
      - '-1'
      pragma:
      - no-cache
      server:
      - nginx
      strict-transport-security:
      - max-age=31536000; includeSubDomains
      transfer-encoding:
      - chunked
      vary:
      - Accept-Encoding
      x-content-type-options:
      - nosniff
    status:
      code: 200
      message: OK
- request:
    body: null
    headers:
      Accept:
      - '*/*'
      Accept-Encoding:
      - gzip, deflate
      CommandName:
      - aks upgrade
      Connection:
      - keep-alive
      ParameterSetName:
      - --resource-group --name -k --yes -o
      User-Agent:
      - AZURECLI/2.34.1 (DOCKER) azsdk-python-azure-mgmt-containerservice/18.0.0 Python/3.10.2
        (Linux-5.4.0-1055-azure-x86_64-with)
    method: GET
    uri: https://management.azure.com/subscriptions/00000000-0000-0000-0000-000000000000/providers/Microsoft.ContainerService/locations/westus2/operations/deb3c40d-424a-49e6-bbf6-b6f897784877?api-version=2016-03-30
  response:
    body:
      string: "{\n  \"name\": \"0dc4b3de-4a42-e649-bbf6-b6f897784877\",\n  \"status\"\
        : \"InProgress\",\n  \"startTime\": \"2022-03-29T05:00:51.7133333Z\"\n }"
    headers:
      cache-control:
      - no-cache
      content-length:
      - '126'
      content-type:
      - application/json
      date:
      - Tue, 29 Mar 2022 05:03:52 GMT
      expires:
      - '-1'
      pragma:
      - no-cache
      server:
      - nginx
      strict-transport-security:
      - max-age=31536000; includeSubDomains
      transfer-encoding:
      - chunked
      vary:
      - Accept-Encoding
      x-content-type-options:
      - nosniff
    status:
      code: 200
      message: OK
- request:
    body: null
    headers:
      Accept:
      - '*/*'
      Accept-Encoding:
      - gzip, deflate
      CommandName:
      - aks upgrade
      Connection:
      - keep-alive
      ParameterSetName:
      - --resource-group --name -k --yes -o
      User-Agent:
      - AZURECLI/2.34.1 (DOCKER) azsdk-python-azure-mgmt-containerservice/18.0.0 Python/3.10.2
        (Linux-5.4.0-1055-azure-x86_64-with)
    method: GET
    uri: https://management.azure.com/subscriptions/00000000-0000-0000-0000-000000000000/providers/Microsoft.ContainerService/locations/westus2/operations/deb3c40d-424a-49e6-bbf6-b6f897784877?api-version=2016-03-30
  response:
    body:
      string: "{\n  \"name\": \"0dc4b3de-4a42-e649-bbf6-b6f897784877\",\n  \"status\"\
        : \"InProgress\",\n  \"startTime\": \"2022-03-29T05:00:51.7133333Z\"\n }"
    headers:
      cache-control:
      - no-cache
      content-length:
      - '126'
      content-type:
      - application/json
      date:
      - Tue, 29 Mar 2022 05:04:22 GMT
      expires:
      - '-1'
      pragma:
      - no-cache
      server:
      - nginx
      strict-transport-security:
      - max-age=31536000; includeSubDomains
      transfer-encoding:
      - chunked
      vary:
      - Accept-Encoding
      x-content-type-options:
      - nosniff
    status:
      code: 200
      message: OK
- request:
    body: null
    headers:
      Accept:
      - '*/*'
      Accept-Encoding:
      - gzip, deflate
      CommandName:
      - aks upgrade
      Connection:
      - keep-alive
      ParameterSetName:
      - --resource-group --name -k --yes -o
      User-Agent:
      - AZURECLI/2.34.1 (DOCKER) azsdk-python-azure-mgmt-containerservice/18.0.0 Python/3.10.2
        (Linux-5.4.0-1055-azure-x86_64-with)
    method: GET
    uri: https://management.azure.com/subscriptions/00000000-0000-0000-0000-000000000000/providers/Microsoft.ContainerService/locations/westus2/operations/deb3c40d-424a-49e6-bbf6-b6f897784877?api-version=2016-03-30
  response:
    body:
      string: "{\n  \"name\": \"0dc4b3de-4a42-e649-bbf6-b6f897784877\",\n  \"status\"\
        : \"InProgress\",\n  \"startTime\": \"2022-03-29T05:00:51.7133333Z\"\n }"
    headers:
      cache-control:
      - no-cache
      content-length:
      - '126'
      content-type:
      - application/json
      date:
      - Tue, 29 Mar 2022 05:04:52 GMT
      expires:
      - '-1'
      pragma:
      - no-cache
      server:
      - nginx
      strict-transport-security:
      - max-age=31536000; includeSubDomains
      transfer-encoding:
      - chunked
      vary:
      - Accept-Encoding
      x-content-type-options:
      - nosniff
    status:
      code: 200
      message: OK
- request:
    body: null
    headers:
      Accept:
      - '*/*'
      Accept-Encoding:
      - gzip, deflate
      CommandName:
      - aks upgrade
      Connection:
      - keep-alive
      ParameterSetName:
      - --resource-group --name -k --yes -o
      User-Agent:
      - AZURECLI/2.34.1 (DOCKER) azsdk-python-azure-mgmt-containerservice/18.0.0 Python/3.10.2
        (Linux-5.4.0-1055-azure-x86_64-with)
    method: GET
    uri: https://management.azure.com/subscriptions/00000000-0000-0000-0000-000000000000/providers/Microsoft.ContainerService/locations/westus2/operations/deb3c40d-424a-49e6-bbf6-b6f897784877?api-version=2016-03-30
  response:
    body:
      string: "{\n  \"name\": \"0dc4b3de-4a42-e649-bbf6-b6f897784877\",\n  \"status\"\
        : \"InProgress\",\n  \"startTime\": \"2022-03-29T05:00:51.7133333Z\"\n }"
    headers:
      cache-control:
      - no-cache
      content-length:
      - '126'
      content-type:
      - application/json
      date:
      - Tue, 29 Mar 2022 05:05:23 GMT
      expires:
      - '-1'
      pragma:
      - no-cache
      server:
      - nginx
      strict-transport-security:
      - max-age=31536000; includeSubDomains
      transfer-encoding:
      - chunked
      vary:
      - Accept-Encoding
      x-content-type-options:
      - nosniff
    status:
      code: 200
      message: OK
- request:
    body: null
    headers:
      Accept:
      - '*/*'
      Accept-Encoding:
      - gzip, deflate
      CommandName:
      - aks upgrade
      Connection:
      - keep-alive
      ParameterSetName:
      - --resource-group --name -k --yes -o
      User-Agent:
      - AZURECLI/2.34.1 (DOCKER) azsdk-python-azure-mgmt-containerservice/18.0.0 Python/3.10.2
        (Linux-5.4.0-1055-azure-x86_64-with)
    method: GET
    uri: https://management.azure.com/subscriptions/00000000-0000-0000-0000-000000000000/providers/Microsoft.ContainerService/locations/westus2/operations/deb3c40d-424a-49e6-bbf6-b6f897784877?api-version=2016-03-30
  response:
    body:
      string: "{\n  \"name\": \"0dc4b3de-4a42-e649-bbf6-b6f897784877\",\n  \"status\"\
        : \"InProgress\",\n  \"startTime\": \"2022-03-29T05:00:51.7133333Z\"\n }"
    headers:
      cache-control:
      - no-cache
      content-length:
      - '126'
      content-type:
      - application/json
      date:
      - Tue, 29 Mar 2022 05:05:53 GMT
      expires:
      - '-1'
      pragma:
      - no-cache
      server:
      - nginx
      strict-transport-security:
      - max-age=31536000; includeSubDomains
      transfer-encoding:
      - chunked
      vary:
      - Accept-Encoding
      x-content-type-options:
      - nosniff
    status:
      code: 200
      message: OK
- request:
    body: null
    headers:
      Accept:
      - '*/*'
      Accept-Encoding:
      - gzip, deflate
      CommandName:
      - aks upgrade
      Connection:
      - keep-alive
      ParameterSetName:
      - --resource-group --name -k --yes -o
      User-Agent:
      - AZURECLI/2.34.1 (DOCKER) azsdk-python-azure-mgmt-containerservice/18.0.0 Python/3.10.2
        (Linux-5.4.0-1055-azure-x86_64-with)
    method: GET
    uri: https://management.azure.com/subscriptions/00000000-0000-0000-0000-000000000000/providers/Microsoft.ContainerService/locations/westus2/operations/deb3c40d-424a-49e6-bbf6-b6f897784877?api-version=2016-03-30
  response:
    body:
      string: "{\n  \"name\": \"0dc4b3de-4a42-e649-bbf6-b6f897784877\",\n  \"status\"\
        : \"InProgress\",\n  \"startTime\": \"2022-03-29T05:00:51.7133333Z\"\n }"
    headers:
      cache-control:
      - no-cache
      content-length:
      - '126'
      content-type:
      - application/json
      date:
      - Tue, 29 Mar 2022 05:06:23 GMT
      expires:
      - '-1'
      pragma:
      - no-cache
      server:
      - nginx
      strict-transport-security:
      - max-age=31536000; includeSubDomains
      transfer-encoding:
      - chunked
      vary:
      - Accept-Encoding
      x-content-type-options:
      - nosniff
    status:
      code: 200
      message: OK
- request:
    body: null
    headers:
      Accept:
      - '*/*'
      Accept-Encoding:
      - gzip, deflate
      CommandName:
      - aks upgrade
      Connection:
      - keep-alive
      ParameterSetName:
      - --resource-group --name -k --yes -o
      User-Agent:
      - AZURECLI/2.34.1 (DOCKER) azsdk-python-azure-mgmt-containerservice/18.0.0 Python/3.10.2
        (Linux-5.4.0-1055-azure-x86_64-with)
    method: GET
    uri: https://management.azure.com/subscriptions/00000000-0000-0000-0000-000000000000/providers/Microsoft.ContainerService/locations/westus2/operations/deb3c40d-424a-49e6-bbf6-b6f897784877?api-version=2016-03-30
  response:
    body:
      string: "{\n  \"name\": \"0dc4b3de-4a42-e649-bbf6-b6f897784877\",\n  \"status\"\
        : \"InProgress\",\n  \"startTime\": \"2022-03-29T05:00:51.7133333Z\"\n }"
    headers:
      cache-control:
      - no-cache
      content-length:
      - '126'
      content-type:
      - application/json
      date:
      - Tue, 29 Mar 2022 05:06:53 GMT
      expires:
      - '-1'
      pragma:
      - no-cache
      server:
      - nginx
      strict-transport-security:
      - max-age=31536000; includeSubDomains
      transfer-encoding:
      - chunked
      vary:
      - Accept-Encoding
      x-content-type-options:
      - nosniff
    status:
      code: 200
      message: OK
- request:
    body: null
    headers:
      Accept:
      - '*/*'
      Accept-Encoding:
      - gzip, deflate
      CommandName:
      - aks upgrade
      Connection:
      - keep-alive
      ParameterSetName:
      - --resource-group --name -k --yes -o
      User-Agent:
      - AZURECLI/2.34.1 (DOCKER) azsdk-python-azure-mgmt-containerservice/18.0.0 Python/3.10.2
        (Linux-5.4.0-1055-azure-x86_64-with)
    method: GET
    uri: https://management.azure.com/subscriptions/00000000-0000-0000-0000-000000000000/providers/Microsoft.ContainerService/locations/westus2/operations/deb3c40d-424a-49e6-bbf6-b6f897784877?api-version=2016-03-30
  response:
    body:
      string: "{\n  \"name\": \"0dc4b3de-4a42-e649-bbf6-b6f897784877\",\n  \"status\"\
        : \"InProgress\",\n  \"startTime\": \"2022-03-29T05:00:51.7133333Z\"\n }"
    headers:
      cache-control:
      - no-cache
      content-length:
      - '126'
      content-type:
      - application/json
      date:
      - Tue, 29 Mar 2022 05:07:23 GMT
      expires:
      - '-1'
      pragma:
      - no-cache
      server:
      - nginx
      strict-transport-security:
      - max-age=31536000; includeSubDomains
      transfer-encoding:
      - chunked
      vary:
      - Accept-Encoding
      x-content-type-options:
      - nosniff
    status:
      code: 200
      message: OK
- request:
    body: null
    headers:
      Accept:
      - '*/*'
      Accept-Encoding:
      - gzip, deflate
      CommandName:
      - aks upgrade
      Connection:
      - keep-alive
      ParameterSetName:
      - --resource-group --name -k --yes -o
      User-Agent:
      - AZURECLI/2.34.1 (DOCKER) azsdk-python-azure-mgmt-containerservice/18.0.0 Python/3.10.2
        (Linux-5.4.0-1055-azure-x86_64-with)
    method: GET
    uri: https://management.azure.com/subscriptions/00000000-0000-0000-0000-000000000000/providers/Microsoft.ContainerService/locations/westus2/operations/deb3c40d-424a-49e6-bbf6-b6f897784877?api-version=2016-03-30
  response:
    body:
      string: "{\n  \"name\": \"0dc4b3de-4a42-e649-bbf6-b6f897784877\",\n  \"status\"\
        : \"InProgress\",\n  \"startTime\": \"2022-03-29T05:00:51.7133333Z\"\n }"
    headers:
      cache-control:
      - no-cache
      content-length:
      - '126'
      content-type:
      - application/json
      date:
      - Tue, 29 Mar 2022 05:07:54 GMT
      expires:
      - '-1'
      pragma:
      - no-cache
      server:
      - nginx
      strict-transport-security:
      - max-age=31536000; includeSubDomains
      transfer-encoding:
      - chunked
      vary:
      - Accept-Encoding
      x-content-type-options:
      - nosniff
    status:
      code: 200
      message: OK
- request:
    body: null
    headers:
      Accept:
      - '*/*'
      Accept-Encoding:
      - gzip, deflate
      CommandName:
      - aks upgrade
      Connection:
      - keep-alive
      ParameterSetName:
      - --resource-group --name -k --yes -o
      User-Agent:
      - AZURECLI/2.34.1 (DOCKER) azsdk-python-azure-mgmt-containerservice/18.0.0 Python/3.10.2
        (Linux-5.4.0-1055-azure-x86_64-with)
    method: GET
    uri: https://management.azure.com/subscriptions/00000000-0000-0000-0000-000000000000/providers/Microsoft.ContainerService/locations/westus2/operations/deb3c40d-424a-49e6-bbf6-b6f897784877?api-version=2016-03-30
  response:
    body:
      string: "{\n  \"name\": \"0dc4b3de-4a42-e649-bbf6-b6f897784877\",\n  \"status\"\
        : \"InProgress\",\n  \"startTime\": \"2022-03-29T05:00:51.7133333Z\"\n }"
    headers:
      cache-control:
      - no-cache
      content-length:
      - '126'
      content-type:
      - application/json
      date:
      - Tue, 29 Mar 2022 05:08:23 GMT
      expires:
      - '-1'
      pragma:
      - no-cache
      server:
      - nginx
      strict-transport-security:
      - max-age=31536000; includeSubDomains
      transfer-encoding:
      - chunked
      vary:
      - Accept-Encoding
      x-content-type-options:
      - nosniff
    status:
      code: 200
      message: OK
- request:
    body: null
    headers:
      Accept:
      - '*/*'
      Accept-Encoding:
      - gzip, deflate
      CommandName:
      - aks upgrade
      Connection:
      - keep-alive
      ParameterSetName:
      - --resource-group --name -k --yes -o
      User-Agent:
      - AZURECLI/2.34.1 (DOCKER) azsdk-python-azure-mgmt-containerservice/18.0.0 Python/3.10.2
        (Linux-5.4.0-1055-azure-x86_64-with)
    method: GET
    uri: https://management.azure.com/subscriptions/00000000-0000-0000-0000-000000000000/providers/Microsoft.ContainerService/locations/westus2/operations/deb3c40d-424a-49e6-bbf6-b6f897784877?api-version=2016-03-30
  response:
    body:
      string: "{\n  \"name\": \"0dc4b3de-4a42-e649-bbf6-b6f897784877\",\n  \"status\"\
        : \"InProgress\",\n  \"startTime\": \"2022-03-29T05:00:51.7133333Z\"\n }"
    headers:
      cache-control:
      - no-cache
      content-length:
      - '126'
      content-type:
      - application/json
      date:
      - Tue, 29 Mar 2022 05:08:54 GMT
      expires:
      - '-1'
      pragma:
      - no-cache
      server:
      - nginx
      strict-transport-security:
      - max-age=31536000; includeSubDomains
      transfer-encoding:
      - chunked
      vary:
      - Accept-Encoding
      x-content-type-options:
      - nosniff
    status:
      code: 200
      message: OK
- request:
    body: null
    headers:
      Accept:
      - '*/*'
      Accept-Encoding:
      - gzip, deflate
      CommandName:
      - aks upgrade
      Connection:
      - keep-alive
      ParameterSetName:
      - --resource-group --name -k --yes -o
      User-Agent:
      - AZURECLI/2.34.1 (DOCKER) azsdk-python-azure-mgmt-containerservice/18.0.0 Python/3.10.2
        (Linux-5.4.0-1055-azure-x86_64-with)
    method: GET
    uri: https://management.azure.com/subscriptions/00000000-0000-0000-0000-000000000000/providers/Microsoft.ContainerService/locations/westus2/operations/deb3c40d-424a-49e6-bbf6-b6f897784877?api-version=2016-03-30
  response:
    body:
      string: "{\n  \"name\": \"0dc4b3de-4a42-e649-bbf6-b6f897784877\",\n  \"status\"\
        : \"InProgress\",\n  \"startTime\": \"2022-03-29T05:00:51.7133333Z\"\n }"
    headers:
      cache-control:
      - no-cache
      content-length:
      - '126'
      content-type:
      - application/json
      date:
      - Tue, 29 Mar 2022 05:09:24 GMT
      expires:
      - '-1'
      pragma:
      - no-cache
      server:
      - nginx
      strict-transport-security:
      - max-age=31536000; includeSubDomains
      transfer-encoding:
      - chunked
      vary:
      - Accept-Encoding
      x-content-type-options:
      - nosniff
    status:
      code: 200
      message: OK
- request:
    body: null
    headers:
      Accept:
      - '*/*'
      Accept-Encoding:
      - gzip, deflate
      CommandName:
      - aks upgrade
      Connection:
      - keep-alive
      ParameterSetName:
      - --resource-group --name -k --yes -o
      User-Agent:
      - AZURECLI/2.34.1 (DOCKER) azsdk-python-azure-mgmt-containerservice/18.0.0 Python/3.10.2
        (Linux-5.4.0-1055-azure-x86_64-with)
    method: GET
    uri: https://management.azure.com/subscriptions/00000000-0000-0000-0000-000000000000/providers/Microsoft.ContainerService/locations/westus2/operations/deb3c40d-424a-49e6-bbf6-b6f897784877?api-version=2016-03-30
  response:
    body:
      string: "{\n  \"name\": \"0dc4b3de-4a42-e649-bbf6-b6f897784877\",\n  \"status\"\
        : \"InProgress\",\n  \"startTime\": \"2022-03-29T05:00:51.7133333Z\"\n }"
    headers:
      cache-control:
      - no-cache
      content-length:
      - '126'
      content-type:
      - application/json
      date:
      - Tue, 29 Mar 2022 05:09:54 GMT
      expires:
      - '-1'
      pragma:
      - no-cache
      server:
      - nginx
      strict-transport-security:
      - max-age=31536000; includeSubDomains
      transfer-encoding:
      - chunked
      vary:
      - Accept-Encoding
      x-content-type-options:
      - nosniff
    status:
      code: 200
      message: OK
- request:
    body: null
    headers:
      Accept:
      - '*/*'
      Accept-Encoding:
      - gzip, deflate
      CommandName:
      - aks upgrade
      Connection:
      - keep-alive
      ParameterSetName:
      - --resource-group --name -k --yes -o
      User-Agent:
      - AZURECLI/2.34.1 (DOCKER) azsdk-python-azure-mgmt-containerservice/18.0.0 Python/3.10.2
        (Linux-5.4.0-1055-azure-x86_64-with)
    method: GET
    uri: https://management.azure.com/subscriptions/00000000-0000-0000-0000-000000000000/providers/Microsoft.ContainerService/locations/westus2/operations/deb3c40d-424a-49e6-bbf6-b6f897784877?api-version=2016-03-30
  response:
    body:
      string: "{\n  \"name\": \"0dc4b3de-4a42-e649-bbf6-b6f897784877\",\n  \"status\"\
        : \"InProgress\",\n  \"startTime\": \"2022-03-29T05:00:51.7133333Z\"\n }"
    headers:
      cache-control:
      - no-cache
      content-length:
      - '126'
      content-type:
      - application/json
      date:
      - Tue, 29 Mar 2022 05:10:25 GMT
      expires:
      - '-1'
      pragma:
      - no-cache
      server:
      - nginx
      strict-transport-security:
      - max-age=31536000; includeSubDomains
      transfer-encoding:
      - chunked
      vary:
      - Accept-Encoding
      x-content-type-options:
      - nosniff
    status:
      code: 200
      message: OK
- request:
    body: null
    headers:
      Accept:
      - '*/*'
      Accept-Encoding:
      - gzip, deflate
      CommandName:
      - aks upgrade
      Connection:
      - keep-alive
      ParameterSetName:
      - --resource-group --name -k --yes -o
      User-Agent:
      - AZURECLI/2.34.1 (DOCKER) azsdk-python-azure-mgmt-containerservice/18.0.0 Python/3.10.2
        (Linux-5.4.0-1055-azure-x86_64-with)
    method: GET
    uri: https://management.azure.com/subscriptions/00000000-0000-0000-0000-000000000000/providers/Microsoft.ContainerService/locations/westus2/operations/deb3c40d-424a-49e6-bbf6-b6f897784877?api-version=2016-03-30
  response:
    body:
      string: "{\n  \"name\": \"0dc4b3de-4a42-e649-bbf6-b6f897784877\",\n  \"status\"\
        : \"InProgress\",\n  \"startTime\": \"2022-03-29T05:00:51.7133333Z\"\n }"
    headers:
      cache-control:
      - no-cache
      content-length:
      - '126'
      content-type:
      - application/json
      date:
      - Tue, 29 Mar 2022 05:10:54 GMT
      expires:
      - '-1'
      pragma:
      - no-cache
      server:
      - nginx
      strict-transport-security:
      - max-age=31536000; includeSubDomains
      transfer-encoding:
      - chunked
      vary:
      - Accept-Encoding
      x-content-type-options:
      - nosniff
    status:
      code: 200
      message: OK
- request:
    body: null
    headers:
      Accept:
      - '*/*'
      Accept-Encoding:
      - gzip, deflate
      CommandName:
      - aks upgrade
      Connection:
      - keep-alive
      ParameterSetName:
      - --resource-group --name -k --yes -o
      User-Agent:
      - AZURECLI/2.34.1 (DOCKER) azsdk-python-azure-mgmt-containerservice/18.0.0 Python/3.10.2
        (Linux-5.4.0-1055-azure-x86_64-with)
    method: GET
    uri: https://management.azure.com/subscriptions/00000000-0000-0000-0000-000000000000/providers/Microsoft.ContainerService/locations/westus2/operations/deb3c40d-424a-49e6-bbf6-b6f897784877?api-version=2016-03-30
  response:
    body:
      string: "{\n  \"name\": \"0dc4b3de-4a42-e649-bbf6-b6f897784877\",\n  \"status\"\
        : \"InProgress\",\n  \"startTime\": \"2022-03-29T05:00:51.7133333Z\"\n }"
    headers:
      cache-control:
      - no-cache
      content-length:
      - '126'
      content-type:
      - application/json
      date:
      - Tue, 29 Mar 2022 05:11:24 GMT
      expires:
      - '-1'
      pragma:
      - no-cache
      server:
      - nginx
      strict-transport-security:
      - max-age=31536000; includeSubDomains
      transfer-encoding:
      - chunked
      vary:
      - Accept-Encoding
      x-content-type-options:
      - nosniff
    status:
      code: 200
      message: OK
- request:
    body: null
    headers:
      Accept:
      - '*/*'
      Accept-Encoding:
      - gzip, deflate
      CommandName:
      - aks upgrade
      Connection:
      - keep-alive
      ParameterSetName:
      - --resource-group --name -k --yes -o
      User-Agent:
      - AZURECLI/2.34.1 (DOCKER) azsdk-python-azure-mgmt-containerservice/18.0.0 Python/3.10.2
        (Linux-5.4.0-1055-azure-x86_64-with)
    method: GET
    uri: https://management.azure.com/subscriptions/00000000-0000-0000-0000-000000000000/providers/Microsoft.ContainerService/locations/westus2/operations/deb3c40d-424a-49e6-bbf6-b6f897784877?api-version=2016-03-30
  response:
    body:
      string: "{\n  \"name\": \"0dc4b3de-4a42-e649-bbf6-b6f897784877\",\n  \"status\"\
        : \"InProgress\",\n  \"startTime\": \"2022-03-29T05:00:51.7133333Z\"\n }"
    headers:
      cache-control:
      - no-cache
      content-length:
      - '126'
      content-type:
      - application/json
      date:
      - Tue, 29 Mar 2022 05:11:55 GMT
      expires:
      - '-1'
      pragma:
      - no-cache
      server:
      - nginx
      strict-transport-security:
      - max-age=31536000; includeSubDomains
      transfer-encoding:
      - chunked
      vary:
      - Accept-Encoding
      x-content-type-options:
      - nosniff
    status:
      code: 200
      message: OK
- request:
    body: null
    headers:
      Accept:
      - '*/*'
      Accept-Encoding:
      - gzip, deflate
      CommandName:
      - aks upgrade
      Connection:
      - keep-alive
      ParameterSetName:
      - --resource-group --name -k --yes -o
      User-Agent:
      - AZURECLI/2.34.1 (DOCKER) azsdk-python-azure-mgmt-containerservice/18.0.0 Python/3.10.2
        (Linux-5.4.0-1055-azure-x86_64-with)
    method: GET
    uri: https://management.azure.com/subscriptions/00000000-0000-0000-0000-000000000000/providers/Microsoft.ContainerService/locations/westus2/operations/deb3c40d-424a-49e6-bbf6-b6f897784877?api-version=2016-03-30
  response:
    body:
      string: "{\n  \"name\": \"0dc4b3de-4a42-e649-bbf6-b6f897784877\",\n  \"status\"\
        : \"InProgress\",\n  \"startTime\": \"2022-03-29T05:00:51.7133333Z\"\n }"
    headers:
      cache-control:
      - no-cache
      content-length:
      - '126'
      content-type:
      - application/json
      date:
      - Tue, 29 Mar 2022 05:12:24 GMT
      expires:
      - '-1'
      pragma:
      - no-cache
      server:
      - nginx
      strict-transport-security:
      - max-age=31536000; includeSubDomains
      transfer-encoding:
      - chunked
      vary:
      - Accept-Encoding
      x-content-type-options:
      - nosniff
    status:
      code: 200
      message: OK
- request:
    body: null
    headers:
      Accept:
      - '*/*'
      Accept-Encoding:
      - gzip, deflate
      CommandName:
      - aks upgrade
      Connection:
      - keep-alive
      ParameterSetName:
      - --resource-group --name -k --yes -o
      User-Agent:
      - AZURECLI/2.34.1 (DOCKER) azsdk-python-azure-mgmt-containerservice/18.0.0 Python/3.10.2
        (Linux-5.4.0-1055-azure-x86_64-with)
    method: GET
    uri: https://management.azure.com/subscriptions/00000000-0000-0000-0000-000000000000/providers/Microsoft.ContainerService/locations/westus2/operations/deb3c40d-424a-49e6-bbf6-b6f897784877?api-version=2016-03-30
  response:
    body:
      string: "{\n  \"name\": \"0dc4b3de-4a42-e649-bbf6-b6f897784877\",\n  \"status\"\
        : \"InProgress\",\n  \"startTime\": \"2022-03-29T05:00:51.7133333Z\"\n }"
    headers:
      cache-control:
      - no-cache
      content-length:
      - '126'
      content-type:
      - application/json
      date:
      - Tue, 29 Mar 2022 05:12:55 GMT
      expires:
      - '-1'
      pragma:
      - no-cache
      server:
      - nginx
      strict-transport-security:
      - max-age=31536000; includeSubDomains
      transfer-encoding:
      - chunked
      vary:
      - Accept-Encoding
      x-content-type-options:
      - nosniff
    status:
      code: 200
      message: OK
- request:
    body: null
    headers:
      Accept:
      - '*/*'
      Accept-Encoding:
      - gzip, deflate
      CommandName:
      - aks upgrade
      Connection:
      - keep-alive
      ParameterSetName:
      - --resource-group --name -k --yes -o
      User-Agent:
      - AZURECLI/2.34.1 (DOCKER) azsdk-python-azure-mgmt-containerservice/18.0.0 Python/3.10.2
        (Linux-5.4.0-1055-azure-x86_64-with)
    method: GET
    uri: https://management.azure.com/subscriptions/00000000-0000-0000-0000-000000000000/providers/Microsoft.ContainerService/locations/westus2/operations/deb3c40d-424a-49e6-bbf6-b6f897784877?api-version=2016-03-30
  response:
    body:
      string: "{\n  \"name\": \"0dc4b3de-4a42-e649-bbf6-b6f897784877\",\n  \"status\"\
        : \"InProgress\",\n  \"startTime\": \"2022-03-29T05:00:51.7133333Z\"\n }"
    headers:
      cache-control:
      - no-cache
      content-length:
      - '126'
      content-type:
      - application/json
      date:
      - Tue, 29 Mar 2022 05:13:25 GMT
      expires:
      - '-1'
      pragma:
      - no-cache
      server:
      - nginx
      strict-transport-security:
      - max-age=31536000; includeSubDomains
      transfer-encoding:
      - chunked
      vary:
      - Accept-Encoding
      x-content-type-options:
      - nosniff
    status:
      code: 200
      message: OK
- request:
    body: null
    headers:
      Accept:
      - '*/*'
      Accept-Encoding:
      - gzip, deflate
      CommandName:
      - aks upgrade
      Connection:
      - keep-alive
      ParameterSetName:
      - --resource-group --name -k --yes -o
      User-Agent:
      - AZURECLI/2.34.1 (DOCKER) azsdk-python-azure-mgmt-containerservice/18.0.0 Python/3.10.2
        (Linux-5.4.0-1055-azure-x86_64-with)
    method: GET
    uri: https://management.azure.com/subscriptions/00000000-0000-0000-0000-000000000000/providers/Microsoft.ContainerService/locations/westus2/operations/deb3c40d-424a-49e6-bbf6-b6f897784877?api-version=2016-03-30
  response:
    body:
      string: "{\n  \"name\": \"0dc4b3de-4a42-e649-bbf6-b6f897784877\",\n  \"status\"\
        : \"InProgress\",\n  \"startTime\": \"2022-03-29T05:00:51.7133333Z\"\n }"
    headers:
      cache-control:
      - no-cache
      content-length:
      - '126'
      content-type:
      - application/json
      date:
      - Tue, 29 Mar 2022 05:13:55 GMT
      expires:
      - '-1'
      pragma:
      - no-cache
      server:
      - nginx
      strict-transport-security:
      - max-age=31536000; includeSubDomains
      transfer-encoding:
      - chunked
      vary:
      - Accept-Encoding
      x-content-type-options:
      - nosniff
    status:
      code: 200
      message: OK
- request:
    body: null
    headers:
      Accept:
      - '*/*'
      Accept-Encoding:
      - gzip, deflate
      CommandName:
      - aks upgrade
      Connection:
      - keep-alive
      ParameterSetName:
      - --resource-group --name -k --yes -o
      User-Agent:
      - AZURECLI/2.34.1 (DOCKER) azsdk-python-azure-mgmt-containerservice/18.0.0 Python/3.10.2
        (Linux-5.4.0-1055-azure-x86_64-with)
    method: GET
    uri: https://management.azure.com/subscriptions/00000000-0000-0000-0000-000000000000/providers/Microsoft.ContainerService/locations/westus2/operations/deb3c40d-424a-49e6-bbf6-b6f897784877?api-version=2016-03-30
  response:
    body:
      string: "{\n  \"name\": \"0dc4b3de-4a42-e649-bbf6-b6f897784877\",\n  \"status\"\
        : \"InProgress\",\n  \"startTime\": \"2022-03-29T05:00:51.7133333Z\"\n }"
    headers:
      cache-control:
      - no-cache
      content-length:
      - '126'
      content-type:
      - application/json
      date:
      - Tue, 29 Mar 2022 05:14:25 GMT
      expires:
      - '-1'
      pragma:
      - no-cache
      server:
      - nginx
      strict-transport-security:
      - max-age=31536000; includeSubDomains
      transfer-encoding:
      - chunked
      vary:
      - Accept-Encoding
      x-content-type-options:
      - nosniff
    status:
      code: 200
      message: OK
- request:
    body: null
    headers:
      Accept:
      - '*/*'
      Accept-Encoding:
      - gzip, deflate
      CommandName:
      - aks upgrade
      Connection:
      - keep-alive
      ParameterSetName:
      - --resource-group --name -k --yes -o
      User-Agent:
      - AZURECLI/2.34.1 (DOCKER) azsdk-python-azure-mgmt-containerservice/18.0.0 Python/3.10.2
        (Linux-5.4.0-1055-azure-x86_64-with)
    method: GET
    uri: https://management.azure.com/subscriptions/00000000-0000-0000-0000-000000000000/providers/Microsoft.ContainerService/locations/westus2/operations/deb3c40d-424a-49e6-bbf6-b6f897784877?api-version=2016-03-30
  response:
    body:
      string: "{\n  \"name\": \"0dc4b3de-4a42-e649-bbf6-b6f897784877\",\n  \"status\"\
        : \"InProgress\",\n  \"startTime\": \"2022-03-29T05:00:51.7133333Z\"\n }"
    headers:
      cache-control:
      - no-cache
      content-length:
      - '126'
      content-type:
      - application/json
      date:
      - Tue, 29 Mar 2022 05:14:56 GMT
      expires:
      - '-1'
      pragma:
      - no-cache
      server:
      - nginx
      strict-transport-security:
      - max-age=31536000; includeSubDomains
      transfer-encoding:
      - chunked
      vary:
      - Accept-Encoding
      x-content-type-options:
      - nosniff
    status:
      code: 200
      message: OK
- request:
    body: null
    headers:
      Accept:
      - '*/*'
      Accept-Encoding:
      - gzip, deflate
      CommandName:
      - aks upgrade
      Connection:
      - keep-alive
      ParameterSetName:
      - --resource-group --name -k --yes -o
      User-Agent:
      - AZURECLI/2.34.1 (DOCKER) azsdk-python-azure-mgmt-containerservice/18.0.0 Python/3.10.2
        (Linux-5.4.0-1055-azure-x86_64-with)
    method: GET
    uri: https://management.azure.com/subscriptions/00000000-0000-0000-0000-000000000000/providers/Microsoft.ContainerService/locations/westus2/operations/deb3c40d-424a-49e6-bbf6-b6f897784877?api-version=2016-03-30
  response:
    body:
      string: "{\n  \"name\": \"0dc4b3de-4a42-e649-bbf6-b6f897784877\",\n  \"status\"\
        : \"InProgress\",\n  \"startTime\": \"2022-03-29T05:00:51.7133333Z\"\n }"
    headers:
      cache-control:
      - no-cache
      content-length:
      - '126'
      content-type:
      - application/json
      date:
      - Tue, 29 Mar 2022 05:15:25 GMT
      expires:
      - '-1'
      pragma:
      - no-cache
      server:
      - nginx
      strict-transport-security:
      - max-age=31536000; includeSubDomains
      transfer-encoding:
      - chunked
      vary:
      - Accept-Encoding
      x-content-type-options:
      - nosniff
    status:
      code: 200
      message: OK
- request:
    body: null
    headers:
      Accept:
      - '*/*'
      Accept-Encoding:
      - gzip, deflate
      CommandName:
      - aks upgrade
      Connection:
      - keep-alive
      ParameterSetName:
      - --resource-group --name -k --yes -o
      User-Agent:
      - AZURECLI/2.34.1 (DOCKER) azsdk-python-azure-mgmt-containerservice/18.0.0 Python/3.10.2
        (Linux-5.4.0-1055-azure-x86_64-with)
    method: GET
    uri: https://management.azure.com/subscriptions/00000000-0000-0000-0000-000000000000/providers/Microsoft.ContainerService/locations/westus2/operations/deb3c40d-424a-49e6-bbf6-b6f897784877?api-version=2016-03-30
  response:
    body:
      string: "{\n  \"name\": \"0dc4b3de-4a42-e649-bbf6-b6f897784877\",\n  \"status\"\
        : \"InProgress\",\n  \"startTime\": \"2022-03-29T05:00:51.7133333Z\"\n }"
    headers:
      cache-control:
      - no-cache
      content-length:
      - '126'
      content-type:
      - application/json
      date:
      - Tue, 29 Mar 2022 05:15:56 GMT
      expires:
      - '-1'
      pragma:
      - no-cache
      server:
      - nginx
      strict-transport-security:
      - max-age=31536000; includeSubDomains
      transfer-encoding:
      - chunked
      vary:
      - Accept-Encoding
      x-content-type-options:
      - nosniff
    status:
      code: 200
      message: OK
- request:
    body: null
    headers:
      Accept:
      - '*/*'
      Accept-Encoding:
      - gzip, deflate
      CommandName:
      - aks upgrade
      Connection:
      - keep-alive
      ParameterSetName:
      - --resource-group --name -k --yes -o
      User-Agent:
      - AZURECLI/2.34.1 (DOCKER) azsdk-python-azure-mgmt-containerservice/18.0.0 Python/3.10.2
        (Linux-5.4.0-1055-azure-x86_64-with)
    method: GET
    uri: https://management.azure.com/subscriptions/00000000-0000-0000-0000-000000000000/providers/Microsoft.ContainerService/locations/westus2/operations/deb3c40d-424a-49e6-bbf6-b6f897784877?api-version=2016-03-30
  response:
    body:
      string: "{\n  \"name\": \"0dc4b3de-4a42-e649-bbf6-b6f897784877\",\n  \"status\"\
        : \"InProgress\",\n  \"startTime\": \"2022-03-29T05:00:51.7133333Z\"\n }"
    headers:
      cache-control:
      - no-cache
      content-length:
      - '126'
      content-type:
      - application/json
      date:
      - Tue, 29 Mar 2022 05:16:25 GMT
      expires:
      - '-1'
      pragma:
      - no-cache
      server:
      - nginx
      strict-transport-security:
      - max-age=31536000; includeSubDomains
      transfer-encoding:
      - chunked
      vary:
      - Accept-Encoding
      x-content-type-options:
      - nosniff
    status:
      code: 200
      message: OK
- request:
    body: null
    headers:
      Accept:
      - '*/*'
      Accept-Encoding:
      - gzip, deflate
      CommandName:
      - aks upgrade
      Connection:
      - keep-alive
      ParameterSetName:
      - --resource-group --name -k --yes -o
      User-Agent:
      - AZURECLI/2.34.1 (DOCKER) azsdk-python-azure-mgmt-containerservice/18.0.0 Python/3.10.2
        (Linux-5.4.0-1055-azure-x86_64-with)
    method: GET
    uri: https://management.azure.com/subscriptions/00000000-0000-0000-0000-000000000000/providers/Microsoft.ContainerService/locations/westus2/operations/deb3c40d-424a-49e6-bbf6-b6f897784877?api-version=2016-03-30
  response:
    body:
      string: "{\n  \"name\": \"0dc4b3de-4a42-e649-bbf6-b6f897784877\",\n  \"status\"\
        : \"InProgress\",\n  \"startTime\": \"2022-03-29T05:00:51.7133333Z\"\n }"
    headers:
      cache-control:
      - no-cache
      content-length:
      - '126'
      content-type:
      - application/json
      date:
      - Tue, 29 Mar 2022 05:16:56 GMT
      expires:
      - '-1'
      pragma:
      - no-cache
      server:
      - nginx
      strict-transport-security:
      - max-age=31536000; includeSubDomains
      transfer-encoding:
      - chunked
      vary:
      - Accept-Encoding
      x-content-type-options:
      - nosniff
    status:
      code: 200
      message: OK
- request:
    body: null
    headers:
      Accept:
      - '*/*'
      Accept-Encoding:
      - gzip, deflate
      CommandName:
      - aks upgrade
      Connection:
      - keep-alive
      ParameterSetName:
      - --resource-group --name -k --yes -o
      User-Agent:
      - AZURECLI/2.34.1 (DOCKER) azsdk-python-azure-mgmt-containerservice/18.0.0 Python/3.10.2
        (Linux-5.4.0-1055-azure-x86_64-with)
    method: GET
    uri: https://management.azure.com/subscriptions/00000000-0000-0000-0000-000000000000/providers/Microsoft.ContainerService/locations/westus2/operations/deb3c40d-424a-49e6-bbf6-b6f897784877?api-version=2016-03-30
  response:
    body:
      string: "{\n  \"name\": \"0dc4b3de-4a42-e649-bbf6-b6f897784877\",\n  \"status\"\
        : \"Succeeded\",\n  \"startTime\": \"2022-03-29T05:00:51.7133333Z\",\n  \"\
        endTime\": \"2022-03-29T05:16:59.5756935Z\"\n }"
    headers:
      cache-control:
      - no-cache
      content-length:
      - '170'
      content-type:
      - application/json
      date:
      - Tue, 29 Mar 2022 05:17:26 GMT
      expires:
      - '-1'
      pragma:
      - no-cache
      server:
      - nginx
      strict-transport-security:
      - max-age=31536000; includeSubDomains
      transfer-encoding:
      - chunked
      vary:
      - Accept-Encoding
      x-content-type-options:
      - nosniff
    status:
      code: 200
      message: OK
- request:
    body: null
    headers:
      Accept:
      - '*/*'
      Accept-Encoding:
      - gzip, deflate
      CommandName:
      - aks upgrade
      Connection:
      - keep-alive
      ParameterSetName:
      - --resource-group --name -k --yes -o
      User-Agent:
      - AZURECLI/2.34.1 (DOCKER) azsdk-python-azure-mgmt-containerservice/18.0.0 Python/3.10.2
        (Linux-5.4.0-1055-azure-x86_64-with)
    method: GET
    uri: https://management.azure.com/subscriptions/00000000-0000-0000-0000-000000000000/resourceGroups/clitest000001/providers/Microsoft.ContainerService/managedClusters/cliakstest000003?api-version=2022-02-01
  response:
    body:
      string: "{\n  \"id\": \"/subscriptions/00000000-0000-0000-0000-000000000000/resourcegroups/clitest000001/providers/Microsoft.ContainerService/managedClusters/cliakstest000003\"\
        ,\n  \"location\": \"westus2\",\n  \"name\": \"cliakstest000003\",\n  \"type\"\
        : \"Microsoft.ContainerService/ManagedClusters\",\n  \"properties\": {\n \
        \  \"provisioningState\": \"Succeeded\",\n   \"powerState\": {\n    \"code\"\
        : \"Running\"\n   },\n   \"kubernetesVersion\": \"1.23.3\",\n   \"dnsPrefix\"\
        : \"cliakstest-clitestbnsqwuwyr-8ecadf\",\n   \"fqdn\": \"cliakstest-clitestbnsqwuwyr-8ecadf-217ea47b.hcp.westus2.azmk8s.io\"\
        ,\n   \"azurePortalFQDN\": \"cliakstest-clitestbnsqwuwyr-8ecadf-217ea47b.portal.hcp.westus2.azmk8s.io\"\
        ,\n   \"agentPoolProfiles\": [\n    {\n     \"name\": \"c000005\",\n     \"\
        count\": 1,\n     \"vmSize\": \"Standard_DS2_v2\",\n     \"osDiskSizeGB\"\
        : 128,\n     \"osDiskType\": \"Managed\",\n     \"kubeletDiskType\": \"OS\"\
        ,\n     \"maxPods\": 110,\n     \"type\": \"VirtualMachineScaleSets\",\n \
        \    \"scaleDownMode\": \"Delete\",\n     \"provisioningState\": \"Succeeded\"\
        ,\n     \"powerState\": {\n      \"code\": \"Running\"\n     },\n     \"orchestratorVersion\"\
        : \"1.23.3\",\n     \"enableNodePublicIP\": false,\n     \"mode\": \"User\"\
        ,\n     \"enableEncryptionAtHost\": false,\n     \"enableUltraSSD\": false,\n\
        \     \"osType\": \"Linux\",\n     \"osSKU\": \"Ubuntu\",\n     \"nodeImageVersion\"\
        : \"AKSUbuntu-1804gen2containerd-2022.03.21\",\n     \"upgradeSettings\":\
        \ {},\n     \"enableFIPS\": false\n    },\n    {\n     \"name\": \"c000004\"\
        ,\n     \"count\": 1,\n     \"vmSize\": \"Standard_DS2_v2\",\n     \"osDiskSizeGB\"\
        : 128,\n     \"osDiskType\": \"Managed\",\n     \"kubeletDiskType\": \"OS\"\
        ,\n     \"maxPods\": 110,\n     \"type\": \"VirtualMachineScaleSets\",\n \
        \    \"enableAutoScaling\": false,\n     \"provisioningState\": \"Succeeded\"\
        ,\n     \"powerState\": {\n      \"code\": \"Running\"\n     },\n     \"orchestratorVersion\"\
        : \"1.23.3\",\n     \"enableNodePublicIP\": false,\n     \"mode\": \"System\"\
        ,\n     \"enableEncryptionAtHost\": false,\n     \"enableUltraSSD\": false,\n\
        \     \"osType\": \"Linux\",\n     \"osSKU\": \"Ubuntu\",\n     \"nodeImageVersion\"\
        : \"AKSUbuntu-1804gen2containerd-2022.03.21\",\n     \"enableFIPS\": false\n\
        \    }\n   ],\n   \"linuxProfile\": {\n    \"adminUsername\": \"azureuser\"\
        ,\n    \"ssh\": {\n     \"publicKeys\": [\n      {\n       \"keyData\": \"\
        ssh-rsa AAAAB3NzaC1yc2EAAAADAQABAAACAQCbIg1guRHbI0lV11wWDt1r2cUdcNd27CJsg+SfgC7miZeubtwUhbsPdhMQsfDyhOWHq1+ZL0M+nJZV63d/1dhmhtgyOqejUwrPlzKhydsbrsdUor+JmNJDdW01v7BXHyuymT8G4s09jCasNOwiufbP/qp72ruu0bIA1nySsvlf9pCQAuFkAnVnf/rFhUlOkhtRpwcq8SUNY2zRHR/EKb/4NWY1JzR4sa3q2fWIJdrrX0DvLoa5g9bIEd4Df79ba7v+yiUBOS0zT2ll+z4g9izHK3EO5d8hL4jYxcjKs+wcslSYRWrascfscLgMlMGh0CdKeNTDjHpGPncaf3Z+FwwwjWeuiNBxv7bJo13/8B/098KlVDl4GZqsoBCEjPyJfV6hO0y/LkRGkk7oHWKgeWAfKtfLItRp00eZ4fcJNK9kCaSMmEugoZWcI7NGbZXzqFWqbpRI7NcDP9+WIQ+i9U5vqWsqd/zng4kbuAJ6UuKqIzB0upYrLShfQE3SAck8oaLhJqqq56VfDuASNpJKidV+zq27HfSBmbXnkR/5AK337dc3MXKJypoK/QPMLKUAP5XLPbs+NddJQV7EZXd29DLgp+fRIg3edpKdO7ZErWhv7d+3Kws+e1Y+ypmR2WIVSwVyBEUfgv2C8Ts9gnTF4pNcEY/S2aBicz5Ew2+jdyGNQQ==\
        \ test@example.com\\n\"\n      }\n     ]\n    }\n   },\n   \"servicePrincipalProfile\"\
        : {\n    \"clientId\":\"00000000-0000-0000-0000-000000000001\"\n   },\n  \
        \ \"nodeResourceGroup\": \"MC_clitest000001_cliakstest000003_westus2\",\n\
        \   \"enableRBAC\": true,\n   \"networkProfile\": {\n    \"networkPlugin\"\
        : \"kubenet\",\n    \"loadBalancerSku\": \"Standard\",\n    \"loadBalancerProfile\"\
        : {\n     \"managedOutboundIPs\": {\n      \"count\": 1\n     },\n     \"\
        effectiveOutboundIPs\": [\n      {\n       \"id\": \"/subscriptions/00000000-0000-0000-0000-000000000000/resourceGroups/MC_clitest000001_cliakstest000003_westus2/providers/Microsoft.Network/publicIPAddresses/a65a1de2-9ef2-4048-8eb2-cfe302ef933b\"\
        \n      }\n     ]\n    },\n    \"podCidr\": \"10.244.0.0/16\",\n    \"serviceCidr\"\
        : \"10.0.0.0/16\",\n    \"dnsServiceIP\": \"10.0.0.10\",\n    \"dockerBridgeCidr\"\
        : \"172.17.0.1/16\",\n    \"outboundType\": \"loadBalancer\",\n    \"podCidrs\"\
        : [\n     \"10.244.0.0/16\"\n    ],\n    \"serviceCidrs\": [\n     \"10.0.0.0/16\"\
        \n    ],\n    \"ipFamilies\": [\n     \"IPv4\"\n    ]\n   },\n   \"maxAgentPools\"\
        : 100,\n   \"identityProfile\": {\n    \"kubeletidentity\": {\n     \"resourceId\"\
        : \"/subscriptions/00000000-0000-0000-0000-000000000000/resourcegroups/MC_clitest000001_cliakstest000003_westus2/providers/Microsoft.ManagedIdentity/userAssignedIdentities/cliakstest000003-agentpool\"\
        ,\n     \"clientId\":\"00000000-0000-0000-0000-000000000001\",\n     \"objectId\"\
        :\"00000000-0000-0000-0000-000000000001\"\n    }\n   },\n   \"disableLocalAccounts\"\
        : false\n  },\n  \"identity\": {\n   \"type\": \"SystemAssigned\",\n   \"\
        principalId\":\"00000000-0000-0000-0000-000000000001\",\n   \"tenantId\":\
        \ \"72f988bf-86f1-41af-91ab-2d7cd011db47\"\n  },\n  \"sku\": {\n   \"name\"\
        : \"Basic\",\n   \"tier\": \"Free\"\n  }\n }"
    headers:
      cache-control:
      - no-cache
      content-length:
      - '4522'
      content-type:
      - application/json
      date:
      - Tue, 29 Mar 2022 05:17:26 GMT
      expires:
      - '-1'
      pragma:
      - no-cache
      server:
      - nginx
      strict-transport-security:
      - max-age=31536000; includeSubDomains
      transfer-encoding:
      - chunked
      vary:
      - Accept-Encoding
      x-content-type-options:
      - nosniff
    status:
      code: 200
      message: OK
- request:
    body: null
    headers:
      AKSSnapshotId:
      - /subscriptions/8ecadfc9-d1a3-4ea4-b844-0d9f87e4d7c8/resourceGroups/clitestbnsqwuwyro/providers/Microsoft.ContainerService/snapshots/s3qucx4ulmdbtt2k
      Accept:
      - application/json
      Accept-Encoding:
      - gzip, deflate
      CommandName:
      - aks nodepool upgrade
      Connection:
      - keep-alive
      Content-Length:
      - '0'
      ParameterSetName:
      - --resource-group --cluster-name -n --node-image-only --no-wait --snapshot-id
        -o
      User-Agent:
      - AZURECLI/2.34.1 (DOCKER) azsdk-python-azure-mgmt-containerservice/18.0.0 Python/3.10.2
        (Linux-5.4.0-1055-azure-x86_64-with)
    method: POST
    uri: https://management.azure.com/subscriptions/00000000-0000-0000-0000-000000000000/resourceGroups/clitest000001/providers/Microsoft.ContainerService/managedClusters/cliakstest000003/agentPools/c000005/upgradeNodeImageVersion?api-version=2022-02-01
  response:
    body:
      string: "{\n  \"id\": \"/subscriptions/00000000-0000-0000-0000-000000000000/resourcegroups/clitest000001/providers/Microsoft.ContainerService/managedClusters/cliakstest000003/agentPools/c000005\"\
        ,\n  \"name\": \"c000005\",\n  \"type\": \"Microsoft.ContainerService/managedClusters/agentPools\"\
        ,\n  \"properties\": {\n   \"count\": 1,\n   \"vmSize\": \"Standard_DS2_v2\"\
        ,\n   \"osDiskSizeGB\": 128,\n   \"osDiskType\": \"Managed\",\n   \"kubeletDiskType\"\
        : \"OS\",\n   \"maxPods\": 110,\n   \"type\": \"VirtualMachineScaleSets\"\
        ,\n   \"scaleDownMode\": \"Delete\",\n   \"provisioningState\": \"UpgradingNodeImageVersion\"\
        ,\n   \"powerState\": {\n    \"code\": \"Running\"\n   },\n   \"orchestratorVersion\"\
        : \"1.23.3\",\n   \"enableNodePublicIP\": false,\n   \"mode\": \"User\",\n\
        \   \"enableEncryptionAtHost\": false,\n   \"enableUltraSSD\": false,\n  \
        \ \"osType\": \"Linux\",\n   \"osSKU\": \"Ubuntu\",\n   \"nodeImageVersion\"\
        : \"AKSUbuntu-1804gen2containerd-2022.03.21\",\n   \"upgradeSettings\": {},\n\
        \   \"enableFIPS\": false,\n   \"creationData\": {\n    \"sourceResourceId\"\
        : \"/subscriptions/00000000-0000-0000-0000-000000000000/resourceGroups/clitest000001/providers/Microsoft.ContainerService/snapshots/s000006\"\
        \n   }\n  }\n }"
    headers:
      azure-asyncoperation:
      - https://management.azure.com/subscriptions/00000000-0000-0000-0000-000000000000/providers/Microsoft.ContainerService/locations/westus2/operations/5b9782a0-c98a-4600-88f5-da84b9ae6133?api-version=2016-03-30
      cache-control:
      - no-cache
      content-length:
      - '1108'
      content-type:
      - application/json
      date:
      - Tue, 29 Mar 2022 05:17:27 GMT
      expires:
      - '-1'
      location:
      - https://management.azure.com/subscriptions/00000000-0000-0000-0000-000000000000/providers/Microsoft.ContainerService/locations/westus2/operationresults/5b9782a0-c98a-4600-88f5-da84b9ae6133?api-version=2016-03-30
      pragma:
      - no-cache
      server:
      - nginx
      strict-transport-security:
      - max-age=31536000; includeSubDomains
      x-content-type-options:
      - nosniff
      x-ms-ratelimit-remaining-subscription-writes:
      - '1199'
    status:
      code: 202
      message: Accepted
- request:
    body: null
    headers:
      Accept:
      - application/json
      Accept-Encoding:
      - gzip, deflate
      CommandName:
      - aks nodepool show
      Connection:
      - keep-alive
      ParameterSetName:
      - --resource-group --cluster-name -n
      User-Agent:
      - AZURECLI/2.34.1 (DOCKER) azsdk-python-azure-mgmt-containerservice/18.0.0 Python/3.10.2
        (Linux-5.4.0-1055-azure-x86_64-with)
    method: GET
    uri: https://management.azure.com/subscriptions/00000000-0000-0000-0000-000000000000/resourceGroups/clitest000001/providers/Microsoft.ContainerService/managedClusters/cliakstest000003/agentPools/c000005?api-version=2022-02-01
  response:
    body:
      string: "{\n  \"id\": \"/subscriptions/00000000-0000-0000-0000-000000000000/resourcegroups/clitest000001/providers/Microsoft.ContainerService/managedClusters/cliakstest000003/agentPools/c000005\"\
        ,\n  \"name\": \"c000005\",\n  \"type\": \"Microsoft.ContainerService/managedClusters/agentPools\"\
        ,\n  \"properties\": {\n   \"count\": 1,\n   \"vmSize\": \"Standard_DS2_v2\"\
        ,\n   \"osDiskSizeGB\": 128,\n   \"osDiskType\": \"Managed\",\n   \"kubeletDiskType\"\
        : \"OS\",\n   \"maxPods\": 110,\n   \"type\": \"VirtualMachineScaleSets\"\
        ,\n   \"scaleDownMode\": \"Delete\",\n   \"provisioningState\": \"UpgradingNodeImageVersion\"\
        ,\n   \"powerState\": {\n    \"code\": \"Running\"\n   },\n   \"orchestratorVersion\"\
        : \"1.23.3\",\n   \"enableNodePublicIP\": false,\n   \"mode\": \"User\",\n\
        \   \"enableEncryptionAtHost\": false,\n   \"enableUltraSSD\": false,\n  \
        \ \"osType\": \"Linux\",\n   \"osSKU\": \"Ubuntu\",\n   \"nodeImageVersion\"\
        : \"AKSUbuntu-1804gen2containerd-2022.03.21\",\n   \"upgradeSettings\": {},\n\
        \   \"enableFIPS\": false,\n   \"creationData\": {\n    \"sourceResourceId\"\
        : \"/subscriptions/00000000-0000-0000-0000-000000000000/resourceGroups/clitest000001/providers/Microsoft.ContainerService/snapshots/s000006\"\
        \n   }\n  }\n }"
    headers:
      cache-control:
      - no-cache
      content-length:
      - '1108'
      content-type:
      - application/json
      date:
      - Tue, 29 Mar 2022 05:17:28 GMT
      expires:
      - '-1'
      pragma:
      - no-cache
      server:
      - nginx
      strict-transport-security:
      - max-age=31536000; includeSubDomains
      transfer-encoding:
      - chunked
      vary:
      - Accept-Encoding
      x-content-type-options:
      - nosniff
    status:
      code: 200
      message: OK
- request:
    body: null
    headers:
      Accept:
      - application/json
      Accept-Encoding:
      - gzip, deflate
      CommandName:
      - aks delete
      Connection:
      - keep-alive
      Content-Length:
      - '0'
      ParameterSetName:
      - -g -n --yes --no-wait
      User-Agent:
      - AZURECLI/2.34.1 (DOCKER) azsdk-python-azure-mgmt-containerservice/18.0.0 Python/3.10.2
        (Linux-5.4.0-1055-azure-x86_64-with)
    method: DELETE
    uri: https://management.azure.com/subscriptions/00000000-0000-0000-0000-000000000000/resourceGroups/clitest000001/providers/Microsoft.ContainerService/managedClusters/cliakstest000003?api-version=2022-02-01
  response:
    body:
      string: ''
    headers:
      azure-asyncoperation:
      - https://management.azure.com/subscriptions/00000000-0000-0000-0000-000000000000/providers/Microsoft.ContainerService/locations/westus2/operations/301a0dfd-baf6-46bf-ad30-f7c0f427db2f?api-version=2016-03-30
      cache-control:
      - no-cache
      content-length:
      - '0'
      date:
      - Tue, 29 Mar 2022 05:17:29 GMT
      expires:
      - '-1'
      location:
      - https://management.azure.com/subscriptions/00000000-0000-0000-0000-000000000000/providers/Microsoft.ContainerService/locations/westus2/operationresults/301a0dfd-baf6-46bf-ad30-f7c0f427db2f?api-version=2016-03-30
      pragma:
      - no-cache
      server:
      - nginx
      strict-transport-security:
      - max-age=31536000; includeSubDomains
      x-content-type-options:
      - nosniff
      x-ms-ratelimit-remaining-subscription-deletes:
      - '14999'
    status:
      code: 202
      message: Accepted
- request:
    body: null
    headers:
      Accept:
      - application/json
      Accept-Encoding:
      - gzip, deflate
      CommandName:
      - aks nodepool snapshot delete
      Connection:
      - keep-alive
      Content-Length:
      - '0'
      ParameterSetName:
      - --resource-group --name --yes --no-wait
      User-Agent:
      - AZURECLI/2.34.1 (DOCKER) azsdk-python-azure-mgmt-containerservice/18.0.0 Python/3.10.2
        (Linux-5.4.0-1055-azure-x86_64-with)
    method: DELETE
    uri: https://management.azure.com/subscriptions/00000000-0000-0000-0000-000000000000/resourceGroups/clitest000001/providers/Microsoft.ContainerService/snapshots/s000006?api-version=2022-02-01
  response:
    body:
      string: ''
    headers:
      cache-control:
      - no-cache
      content-length:
      - '0'
      date:
      - Tue, 29 Mar 2022 05:17:30 GMT
      expires:
      - '-1'
      pragma:
      - no-cache
      server:
      - nginx
      strict-transport-security:
      - max-age=31536000; includeSubDomains
      x-content-type-options:
      - nosniff
      x-ms-ratelimit-remaining-subscription-deletes:
      - '14999'
    status:
      code: 200
      message: OK
version: 1
