interactions:
- request:
    body: null
    headers:
      Accept:
      - application/json
      Accept-Encoding:
      - gzip, deflate
      CommandName:
      - aks create
      Connection:
      - keep-alive
      ParameterSetName:
      - --resource-group --name --generate-ssh-keys --kubelet-config --linux-os-config
        -o
      User-Agent:
      - AZURECLI/2.34.1 azsdk-python-azure-mgmt-resource/20.0.0 Python/3.8.10 (Linux-5.11.0-1027-azure-x86_64-with-glibc2.29)
    method: GET
    uri: https://management.azure.com/subscriptions/00000000-0000-0000-0000-000000000000/resourcegroups/clitest000001?api-version=2021-04-01
  response:
    body:
      string: '{"id":"/subscriptions/00000000-0000-0000-0000-000000000000/resourceGroups/clitest000001","name":"clitest000001","type":"Microsoft.Resources/resourceGroups","location":"westus2","tags":{"product":"azurecli","cause":"automation","date":"2022-03-21T20:22:52Z"},"properties":{"provisioningState":"Succeeded"}}'
    headers:
      cache-control:
      - no-cache
      content-length:
      - '305'
      content-type:
      - application/json; charset=utf-8
      date:
      - Mon, 21 Mar 2022 20:22:54 GMT
      expires:
      - '-1'
      pragma:
      - no-cache
      strict-transport-security:
      - max-age=31536000; includeSubDomains
      vary:
      - Accept-Encoding
      x-content-type-options:
      - nosniff
    status:
      code: 200
      message: OK
- request:
    body: '{"location": "westus2", "identity": {"type": "SystemAssigned"}, "properties":
      {"kubernetesVersion": "", "dnsPrefix": "cliakstest-clitestdhwkygp7h-8ecadf",
      "agentPoolProfiles": [{"count": 3, "vmSize": "Standard_DS2_v2", "osType": "Linux",
      "enableAutoScaling": false, "type": "VirtualMachineScaleSets", "mode": "System",
      "enableNodePublicIP": false, "scaleSetPriority": "Regular", "scaleSetEvictionPolicy":
      "Delete", "spotMaxPrice": -1.0, "kubeletConfig": {"cpuManagerPolicy": "static",
      "cpuCfsQuota": true, "cpuCfsQuotaPeriod": "200ms", "imageGcHighThreshold": 90,
      "imageGcLowThreshold": 70, "topologyManagerPolicy": "best-effort", "allowedUnsafeSysctls":
      ["kernel.msg*", "net.*"], "failSwapOn": false}, "linuxOSConfig": {"sysctls":
      {"netCoreSomaxconn": 163849, "netIpv4TcpTwReuse": true, "netIpv4IpLocalPortRange":
      "32000 60000"}, "transparentHugePageEnabled": "madvise", "transparentHugePageDefrag":
      "defer+madvise", "swapFileSizeMB": 1500}, "enableEncryptionAtHost": false, "enableUltraSSD":
      false, "enableFIPS": false, "name": "nodepool1"}], "linuxProfile": {"adminUsername":
      "azureuser", "ssh": {"publicKeys": [{"keyData": "ssh-rsa AAAAB3NzaC1yc2EAAAADAQABAAABgQDA2GfUuqJHoEOajQ5SMJKvkz/8p0SSFdqOjZ8WLdKBs6d1BwIhCbEnisYS/BaFPeJfgajd76atgYlCy4O/8bzYxHt40SqO6hNOPsmUktcB11hMJstMBtAm6vdEUu5xt7cCy/ZTbxiD2Yqk8BSh2pfQvWSjmnve9g/GoUjZfV1PQAp1WiZ+MPcRdxxiQHaM+WlZFGH6smUR1/XhfeCcPX00dmr/B6CzP8OY78NlMNS1PgWyd594T2SpBXXBUYpdKF45uy45PCOmwotrNdAHBs8pJOCSWDxZxX+YkJrJRgcNL5e9/kRkLtK3ikBbL2Bz+d0YUMJaGqovkyXRzDEOro/QBKRPWDWc6wdSgeXY1wNQsS8ibzE8ObvbWsSPYst4yYUd2zsf4fu8qBFsb70FchR0Zo+p8CZUljDZGBGBKLhTzGuDXbdEH5RYz4i1bp6JWlog3NqS3CZMEQd8cuuz70GHNXLF1/IAtqH30SV4yGRTuRBczYOcLlfPRnIQK2o3IGU=
      azureuser@ace-vm\n"}]}}, "addonProfiles": {}, "enableRBAC": true, "networkProfile":
      {"networkPlugin": "kubenet", "podCidr": "10.244.0.0/16", "serviceCidr": "10.0.0.0/16",
      "dnsServiceIP": "10.0.0.10", "dockerBridgeCidr": "172.17.0.1/16", "outboundType":
      "loadBalancer", "loadBalancerSku": "standard"}, "disableLocalAccounts": false}}'
    headers:
      Accept:
      - application/json
      Accept-Encoding:
      - gzip, deflate
      CommandName:
      - aks create
      Connection:
      - keep-alive
      Content-Length:
      - '2013'
      Content-Type:
      - application/json
      ParameterSetName:
      - --resource-group --name --generate-ssh-keys --kubelet-config --linux-os-config
        -o
      User-Agent:
      - AZURECLI/2.34.1 azsdk-python-azure-mgmt-containerservice/17.0.0 Python/3.8.10
        (Linux-5.11.0-1027-azure-x86_64-with-glibc2.29)
    method: PUT
    uri: https://management.azure.com/subscriptions/00000000-0000-0000-0000-000000000000/resourceGroups/clitest000001/providers/Microsoft.ContainerService/managedClusters/cliakstest000002?api-version=2022-01-01
  response:
    body:
      string: "{\n  \"id\": \"/subscriptions/00000000-0000-0000-0000-000000000000/resourcegroups/clitest000001/providers/Microsoft.ContainerService/managedClusters/cliakstest000002\",\n
        \ \"location\": \"westus2\",\n  \"name\": \"cliakstest000002\",\n  \"type\":
        \"Microsoft.ContainerService/ManagedClusters\",\n  \"properties\": {\n   \"provisioningState\":
        \"Creating\",\n   \"powerState\": {\n    \"code\": \"Running\"\n   },\n   \"kubernetesVersion\":
        \"1.21.9\",\n   \"dnsPrefix\": \"cliakstest-clitestdhwkygp7h-8ecadf\",\n   \"fqdn\":
        \"cliakstest-clitestdhwkygp7h-8ecadf-1631c44b.hcp.westus2.azmk8s.io\",\n   \"azurePortalFQDN\":
        \"cliakstest-clitestdhwkygp7h-8ecadf-1631c44b.portal.hcp.westus2.azmk8s.io\",\n
        \  \"agentPoolProfiles\": [\n    {\n     \"name\": \"nodepool1\",\n     \"count\":
        3,\n     \"vmSize\": \"Standard_DS2_v2\",\n     \"osDiskSizeGB\": 128,\n     \"osDiskType\":
        \"Managed\",\n     \"kubeletDiskType\": \"OS\",\n     \"maxPods\": 110,\n
        \    \"type\": \"VirtualMachineScaleSets\",\n     \"enableAutoScaling\": false,\n
        \    \"provisioningState\": \"Creating\",\n     \"powerState\": {\n      \"code\":
        \"Running\"\n     },\n     \"orchestratorVersion\": \"1.21.9\",\n     \"enableNodePublicIP\":
        false,\n     \"mode\": \"System\",\n     \"kubeletConfig\": {\n      \"cpuManagerPolicy\":
        \"static\",\n      \"cpuCfsQuota\": true,\n      \"cpuCfsQuotaPeriod\": \"200ms\",\n
        \     \"imageGcHighThreshold\": 90,\n      \"imageGcLowThreshold\": 70,\n
        \     \"topologyManagerPolicy\": \"best-effort\",\n      \"allowedUnsafeSysctls\":
        [\n       \"kernel.msg*\",\n       \"net.*\"\n      ],\n      \"failSwapOn\":
        false\n     },\n     \"linuxOSConfig\": {\n      \"sysctls\": {\n       \"netCoreSomaxconn\":
        163849,\n       \"netIpv4TcpTwReuse\": true,\n       \"netIpv4IpLocalPortRange\":
        \"32000 60000\"\n      },\n      \"transparentHugePageEnabled\": \"madvise\",\n
        \     \"transparentHugePageDefrag\": \"defer+madvise\",\n      \"swapFileSizeMB\":
        1500\n     },\n     \"enableEncryptionAtHost\": false,\n     \"enableUltraSSD\":
        false,\n     \"osType\": \"Linux\",\n     \"osSKU\": \"Ubuntu\",\n     \"nodeImageVersion\":
        \"AKSUbuntu-1804gen2containerd-2022.03.02\",\n     \"enableFIPS\": false\n
        \   }\n   ],\n   \"linuxProfile\": {\n    \"adminUsername\": \"azureuser\",\n
        \   \"ssh\": {\n     \"publicKeys\": [\n      {\n       \"keyData\": \"ssh-rsa
        AAAAB3NzaC1yc2EAAAADAQABAAABgQDA2GfUuqJHoEOajQ5SMJKvkz/8p0SSFdqOjZ8WLdKBs6d1BwIhCbEnisYS/BaFPeJfgajd76atgYlCy4O/8bzYxHt40SqO6hNOPsmUktcB11hMJstMBtAm6vdEUu5xt7cCy/ZTbxiD2Yqk8BSh2pfQvWSjmnve9g/GoUjZfV1PQAp1WiZ+MPcRdxxiQHaM+WlZFGH6smUR1/XhfeCcPX00dmr/B6CzP8OY78NlMNS1PgWyd594T2SpBXXBUYpdKF45uy45PCOmwotrNdAHBs8pJOCSWDxZxX+YkJrJRgcNL5e9/kRkLtK3ikBbL2Bz+d0YUMJaGqovkyXRzDEOro/QBKRPWDWc6wdSgeXY1wNQsS8ibzE8ObvbWsSPYst4yYUd2zsf4fu8qBFsb70FchR0Zo+p8CZUljDZGBGBKLhTzGuDXbdEH5RYz4i1bp6JWlog3NqS3CZMEQd8cuuz70GHNXLF1/IAtqH30SV4yGRTuRBczYOcLlfPRnIQK2o3IGU=
        azureuser@ace-vm\\n\"\n      }\n     ]\n    }\n   },\n   \"servicePrincipalProfile\":
        {\n    \"clientId\":\"00000000-0000-0000-0000-000000000001\"\n   },\n   \"nodeResourceGroup\":
        \"MC_clitest000001_cliakstest000002_westus2\",\n   \"enableRBAC\": true,\n
        \  \"networkProfile\": {\n    \"networkPlugin\": \"kubenet\",\n    \"loadBalancerSku\":
        \"standard\",\n    \"loadBalancerProfile\": {\n     \"managedOutboundIPs\":
        {\n      \"count\": 1\n     }\n    },\n    \"podCidr\": \"10.244.0.0/16\",\n
        \   \"serviceCidr\": \"10.0.0.0/16\",\n    \"dnsServiceIP\": \"10.0.0.10\",\n
        \   \"dockerBridgeCidr\": \"172.17.0.1/16\",\n    \"outboundType\": \"loadBalancer\",\n
        \   \"podCidrs\": [\n     \"10.244.0.0/16\"\n    ],\n    \"serviceCidrs\":
        [\n     \"10.0.0.0/16\"\n    ],\n    \"ipFamilies\": [\n     \"IPv4\"\n    ]\n
        \  },\n   \"maxAgentPools\": 100,\n   \"disableLocalAccounts\": false\n  },\n
        \ \"identity\": {\n   \"type\": \"SystemAssigned\",\n   \"principalId\":\"00000000-0000-0000-0000-000000000001\",\n
        \  \"tenantId\": \"72f988bf-86f1-41af-91ab-2d7cd011db47\"\n  },\n  \"sku\":
        {\n   \"name\": \"Basic\",\n   \"tier\": \"Free\"\n  }\n }"
    headers:
      azure-asyncoperation:
      - https://management.azure.com/subscriptions/00000000-0000-0000-0000-000000000000/providers/Microsoft.ContainerService/locations/westus2/operations/3855ad51-14ee-4c83-82b4-5cbb34826caf?api-version=2016-03-30
      cache-control:
      - no-cache
      content-length:
      - '3663'
      content-type:
      - application/json
      date:
      - Mon, 21 Mar 2022 20:23:02 GMT
      expires:
      - '-1'
      pragma:
      - no-cache
      server:
      - nginx
      strict-transport-security:
      - max-age=31536000; includeSubDomains
      x-content-type-options:
      - nosniff
      x-ms-ratelimit-remaining-subscription-writes:
      - '1199'
    status:
      code: 201
      message: Created
- request:
    body: null
    headers:
      Accept:
      - '*/*'
      Accept-Encoding:
      - gzip, deflate
      CommandName:
      - aks create
      Connection:
      - keep-alive
      ParameterSetName:
      - --resource-group --name --generate-ssh-keys --kubelet-config --linux-os-config
        -o
      User-Agent:
      - AZURECLI/2.34.1 azsdk-python-azure-mgmt-containerservice/17.0.0 Python/3.8.10
        (Linux-5.11.0-1027-azure-x86_64-with-glibc2.29)
    method: GET
    uri: https://management.azure.com/subscriptions/00000000-0000-0000-0000-000000000000/providers/Microsoft.ContainerService/locations/westus2/operations/3855ad51-14ee-4c83-82b4-5cbb34826caf?api-version=2016-03-30
  response:
    body:
      string: "{\n  \"name\": \"51ad5538-ee14-834c-82b4-5cbb34826caf\",\n  \"status\":
        \"InProgress\",\n  \"startTime\": \"2022-03-21T20:23:03.09Z\"\n }"
    headers:
      cache-control:
      - no-cache
      content-length:
      - '121'
      content-type:
      - application/json
      date:
      - Mon, 21 Mar 2022 20:23:33 GMT
      expires:
      - '-1'
      pragma:
      - no-cache
      server:
      - nginx
      strict-transport-security:
      - max-age=31536000; includeSubDomains
      transfer-encoding:
      - chunked
      vary:
      - Accept-Encoding
      x-content-type-options:
      - nosniff
    status:
      code: 200
      message: OK
- request:
    body: null
    headers:
      Accept:
      - '*/*'
      Accept-Encoding:
      - gzip, deflate
      CommandName:
      - aks create
      Connection:
      - keep-alive
      ParameterSetName:
      - --resource-group --name --generate-ssh-keys --kubelet-config --linux-os-config
        -o
      User-Agent:
      - AZURECLI/2.34.1 azsdk-python-azure-mgmt-containerservice/17.0.0 Python/3.8.10
        (Linux-5.11.0-1027-azure-x86_64-with-glibc2.29)
    method: GET
    uri: https://management.azure.com/subscriptions/00000000-0000-0000-0000-000000000000/providers/Microsoft.ContainerService/locations/westus2/operations/3855ad51-14ee-4c83-82b4-5cbb34826caf?api-version=2016-03-30
  response:
    body:
      string: "{\n  \"name\": \"51ad5538-ee14-834c-82b4-5cbb34826caf\",\n  \"status\":
        \"InProgress\",\n  \"startTime\": \"2022-03-21T20:23:03.09Z\"\n }"
    headers:
      cache-control:
      - no-cache
      content-length:
      - '121'
      content-type:
      - application/json
      date:
      - Mon, 21 Mar 2022 20:24:04 GMT
      expires:
      - '-1'
      pragma:
      - no-cache
      server:
      - nginx
      strict-transport-security:
      - max-age=31536000; includeSubDomains
      transfer-encoding:
      - chunked
      vary:
      - Accept-Encoding
      x-content-type-options:
      - nosniff
    status:
      code: 200
      message: OK
- request:
    body: null
    headers:
      Accept:
      - '*/*'
      Accept-Encoding:
      - gzip, deflate
      CommandName:
      - aks create
      Connection:
      - keep-alive
      ParameterSetName:
      - --resource-group --name --generate-ssh-keys --kubelet-config --linux-os-config
        -o
      User-Agent:
      - AZURECLI/2.34.1 azsdk-python-azure-mgmt-containerservice/17.0.0 Python/3.8.10
        (Linux-5.11.0-1027-azure-x86_64-with-glibc2.29)
    method: GET
    uri: https://management.azure.com/subscriptions/00000000-0000-0000-0000-000000000000/providers/Microsoft.ContainerService/locations/westus2/operations/3855ad51-14ee-4c83-82b4-5cbb34826caf?api-version=2016-03-30
  response:
    body:
      string: "{\n  \"name\": \"51ad5538-ee14-834c-82b4-5cbb34826caf\",\n  \"status\":
        \"InProgress\",\n  \"startTime\": \"2022-03-21T20:23:03.09Z\"\n }"
    headers:
      cache-control:
      - no-cache
      content-length:
      - '121'
      content-type:
      - application/json
      date:
      - Mon, 21 Mar 2022 20:24:34 GMT
      expires:
      - '-1'
      pragma:
      - no-cache
      server:
      - nginx
      strict-transport-security:
      - max-age=31536000; includeSubDomains
      transfer-encoding:
      - chunked
      vary:
      - Accept-Encoding
      x-content-type-options:
      - nosniff
    status:
      code: 200
      message: OK
- request:
    body: null
    headers:
      Accept:
      - '*/*'
      Accept-Encoding:
      - gzip, deflate
      CommandName:
      - aks create
      Connection:
      - keep-alive
      ParameterSetName:
      - --resource-group --name --generate-ssh-keys --kubelet-config --linux-os-config
        -o
      User-Agent:
      - AZURECLI/2.34.1 azsdk-python-azure-mgmt-containerservice/17.0.0 Python/3.8.10
        (Linux-5.11.0-1027-azure-x86_64-with-glibc2.29)
    method: GET
    uri: https://management.azure.com/subscriptions/00000000-0000-0000-0000-000000000000/providers/Microsoft.ContainerService/locations/westus2/operations/3855ad51-14ee-4c83-82b4-5cbb34826caf?api-version=2016-03-30
  response:
    body:
      string: "{\n  \"name\": \"51ad5538-ee14-834c-82b4-5cbb34826caf\",\n  \"status\":
        \"InProgress\",\n  \"startTime\": \"2022-03-21T20:23:03.09Z\"\n }"
    headers:
      cache-control:
      - no-cache
      content-length:
      - '121'
      content-type:
      - application/json
      date:
      - Mon, 21 Mar 2022 20:25:04 GMT
      expires:
      - '-1'
      pragma:
      - no-cache
      server:
      - nginx
      strict-transport-security:
      - max-age=31536000; includeSubDomains
      transfer-encoding:
      - chunked
      vary:
      - Accept-Encoding
      x-content-type-options:
      - nosniff
    status:
      code: 200
      message: OK
- request:
    body: null
    headers:
      Accept:
      - '*/*'
      Accept-Encoding:
      - gzip, deflate
      CommandName:
      - aks create
      Connection:
      - keep-alive
      ParameterSetName:
      - --resource-group --name --generate-ssh-keys --kubelet-config --linux-os-config
        -o
      User-Agent:
      - AZURECLI/2.34.1 azsdk-python-azure-mgmt-containerservice/17.0.0 Python/3.8.10
        (Linux-5.11.0-1027-azure-x86_64-with-glibc2.29)
    method: GET
    uri: https://management.azure.com/subscriptions/00000000-0000-0000-0000-000000000000/providers/Microsoft.ContainerService/locations/westus2/operations/3855ad51-14ee-4c83-82b4-5cbb34826caf?api-version=2016-03-30
  response:
    body:
      string: "{\n  \"name\": \"51ad5538-ee14-834c-82b4-5cbb34826caf\",\n  \"status\":
        \"InProgress\",\n  \"startTime\": \"2022-03-21T20:23:03.09Z\"\n }"
    headers:
      cache-control:
      - no-cache
      content-length:
      - '121'
      content-type:
      - application/json
      date:
      - Mon, 21 Mar 2022 20:25:34 GMT
      expires:
      - '-1'
      pragma:
      - no-cache
      server:
      - nginx
      strict-transport-security:
      - max-age=31536000; includeSubDomains
      transfer-encoding:
      - chunked
      vary:
      - Accept-Encoding
      x-content-type-options:
      - nosniff
    status:
      code: 200
      message: OK
- request:
    body: null
    headers:
      Accept:
      - '*/*'
      Accept-Encoding:
      - gzip, deflate
      CommandName:
      - aks create
      Connection:
      - keep-alive
      ParameterSetName:
      - --resource-group --name --generate-ssh-keys --kubelet-config --linux-os-config
        -o
      User-Agent:
      - AZURECLI/2.34.1 azsdk-python-azure-mgmt-containerservice/17.0.0 Python/3.8.10
        (Linux-5.11.0-1027-azure-x86_64-with-glibc2.29)
    method: GET
    uri: https://management.azure.com/subscriptions/00000000-0000-0000-0000-000000000000/providers/Microsoft.ContainerService/locations/westus2/operations/3855ad51-14ee-4c83-82b4-5cbb34826caf?api-version=2016-03-30
  response:
    body:
      string: "{\n  \"name\": \"51ad5538-ee14-834c-82b4-5cbb34826caf\",\n  \"status\":
        \"InProgress\",\n  \"startTime\": \"2022-03-21T20:23:03.09Z\"\n }"
    headers:
      cache-control:
      - no-cache
      content-length:
      - '121'
      content-type:
      - application/json
      date:
      - Mon, 21 Mar 2022 20:26:04 GMT
      expires:
      - '-1'
      pragma:
      - no-cache
      server:
      - nginx
      strict-transport-security:
      - max-age=31536000; includeSubDomains
      transfer-encoding:
      - chunked
      vary:
      - Accept-Encoding
      x-content-type-options:
      - nosniff
    status:
      code: 200
      message: OK
- request:
    body: null
    headers:
      Accept:
      - '*/*'
      Accept-Encoding:
      - gzip, deflate
      CommandName:
      - aks create
      Connection:
      - keep-alive
      ParameterSetName:
      - --resource-group --name --generate-ssh-keys --kubelet-config --linux-os-config
        -o
      User-Agent:
      - AZURECLI/2.34.1 azsdk-python-azure-mgmt-containerservice/17.0.0 Python/3.8.10
        (Linux-5.11.0-1027-azure-x86_64-with-glibc2.29)
    method: GET
    uri: https://management.azure.com/subscriptions/00000000-0000-0000-0000-000000000000/providers/Microsoft.ContainerService/locations/westus2/operations/3855ad51-14ee-4c83-82b4-5cbb34826caf?api-version=2016-03-30
  response:
    body:
      string: "{\n  \"name\": \"51ad5538-ee14-834c-82b4-5cbb34826caf\",\n  \"status\":
        \"InProgress\",\n  \"startTime\": \"2022-03-21T20:23:03.09Z\"\n }"
    headers:
      cache-control:
      - no-cache
      content-length:
      - '121'
      content-type:
      - application/json
      date:
      - Mon, 21 Mar 2022 20:26:35 GMT
      expires:
      - '-1'
      pragma:
      - no-cache
      server:
      - nginx
      strict-transport-security:
      - max-age=31536000; includeSubDomains
      transfer-encoding:
      - chunked
      vary:
      - Accept-Encoding
      x-content-type-options:
      - nosniff
    status:
      code: 200
      message: OK
- request:
    body: null
    headers:
      Accept:
      - '*/*'
      Accept-Encoding:
      - gzip, deflate
      CommandName:
      - aks create
      Connection:
      - keep-alive
      ParameterSetName:
      - --resource-group --name --generate-ssh-keys --kubelet-config --linux-os-config
        -o
      User-Agent:
      - AZURECLI/2.34.1 azsdk-python-azure-mgmt-containerservice/17.0.0 Python/3.8.10
        (Linux-5.11.0-1027-azure-x86_64-with-glibc2.29)
    method: GET
    uri: https://management.azure.com/subscriptions/00000000-0000-0000-0000-000000000000/providers/Microsoft.ContainerService/locations/westus2/operations/3855ad51-14ee-4c83-82b4-5cbb34826caf?api-version=2016-03-30
  response:
    body:
      string: "{\n  \"name\": \"51ad5538-ee14-834c-82b4-5cbb34826caf\",\n  \"status\":
        \"Succeeded\",\n  \"startTime\": \"2022-03-21T20:23:03.09Z\",\n  \"endTime\":
        \"2022-03-21T20:26:58.7673221Z\"\n }"
    headers:
      cache-control:
      - no-cache
      content-length:
      - '165'
      content-type:
      - application/json
      date:
      - Mon, 21 Mar 2022 20:27:05 GMT
      expires:
      - '-1'
      pragma:
      - no-cache
      server:
      - nginx
      strict-transport-security:
      - max-age=31536000; includeSubDomains
      transfer-encoding:
      - chunked
      vary:
      - Accept-Encoding
      x-content-type-options:
      - nosniff
    status:
      code: 200
      message: OK
- request:
    body: null
    headers:
      Accept:
      - '*/*'
      Accept-Encoding:
      - gzip, deflate
      CommandName:
      - aks create
      Connection:
      - keep-alive
      ParameterSetName:
      - --resource-group --name --generate-ssh-keys --kubelet-config --linux-os-config
        -o
      User-Agent:
      - AZURECLI/2.34.1 azsdk-python-azure-mgmt-containerservice/17.0.0 Python/3.8.10
        (Linux-5.11.0-1027-azure-x86_64-with-glibc2.29)
    method: GET
    uri: https://management.azure.com/subscriptions/00000000-0000-0000-0000-000000000000/resourceGroups/clitest000001/providers/Microsoft.ContainerService/managedClusters/cliakstest000002?api-version=2022-01-01
  response:
    body:
      string: "{\n  \"id\": \"/subscriptions/00000000-0000-0000-0000-000000000000/resourcegroups/clitest000001/providers/Microsoft.ContainerService/managedClusters/cliakstest000002\",\n
        \ \"location\": \"westus2\",\n  \"name\": \"cliakstest000002\",\n  \"type\":
        \"Microsoft.ContainerService/ManagedClusters\",\n  \"properties\": {\n   \"provisioningState\":
        \"Succeeded\",\n   \"powerState\": {\n    \"code\": \"Running\"\n   },\n   \"kubernetesVersion\":
        \"1.21.9\",\n   \"dnsPrefix\": \"cliakstest-clitestdhwkygp7h-8ecadf\",\n   \"fqdn\":
        \"cliakstest-clitestdhwkygp7h-8ecadf-1631c44b.hcp.westus2.azmk8s.io\",\n   \"azurePortalFQDN\":
        \"cliakstest-clitestdhwkygp7h-8ecadf-1631c44b.portal.hcp.westus2.azmk8s.io\",\n
        \  \"agentPoolProfiles\": [\n    {\n     \"name\": \"nodepool1\",\n     \"count\":
        3,\n     \"vmSize\": \"Standard_DS2_v2\",\n     \"osDiskSizeGB\": 128,\n     \"osDiskType\":
        \"Managed\",\n     \"kubeletDiskType\": \"OS\",\n     \"maxPods\": 110,\n
        \    \"type\": \"VirtualMachineScaleSets\",\n     \"enableAutoScaling\": false,\n
        \    \"provisioningState\": \"Succeeded\",\n     \"powerState\": {\n      \"code\":
        \"Running\"\n     },\n     \"orchestratorVersion\": \"1.21.9\",\n     \"enableNodePublicIP\":
        false,\n     \"mode\": \"System\",\n     \"kubeletConfig\": {\n      \"cpuManagerPolicy\":
        \"static\",\n      \"cpuCfsQuota\": true,\n      \"cpuCfsQuotaPeriod\": \"200ms\",\n
        \     \"imageGcHighThreshold\": 90,\n      \"imageGcLowThreshold\": 70,\n
        \     \"topologyManagerPolicy\": \"best-effort\",\n      \"allowedUnsafeSysctls\":
        [\n       \"kernel.msg*\",\n       \"net.*\"\n      ],\n      \"failSwapOn\":
        false\n     },\n     \"linuxOSConfig\": {\n      \"sysctls\": {\n       \"netCoreSomaxconn\":
        163849,\n       \"netIpv4TcpTwReuse\": true,\n       \"netIpv4IpLocalPortRange\":
        \"32000 60000\"\n      },\n      \"transparentHugePageEnabled\": \"madvise\",\n
        \     \"transparentHugePageDefrag\": \"defer+madvise\",\n      \"swapFileSizeMB\":
        1500\n     },\n     \"enableEncryptionAtHost\": false,\n     \"enableUltraSSD\":
        false,\n     \"osType\": \"Linux\",\n     \"osSKU\": \"Ubuntu\",\n     \"nodeImageVersion\":
        \"AKSUbuntu-1804gen2containerd-2022.03.02\",\n     \"enableFIPS\": false\n
        \   }\n   ],\n   \"linuxProfile\": {\n    \"adminUsername\": \"azureuser\",\n
        \   \"ssh\": {\n     \"publicKeys\": [\n      {\n       \"keyData\": \"ssh-rsa
        AAAAB3NzaC1yc2EAAAADAQABAAABgQDA2GfUuqJHoEOajQ5SMJKvkz/8p0SSFdqOjZ8WLdKBs6d1BwIhCbEnisYS/BaFPeJfgajd76atgYlCy4O/8bzYxHt40SqO6hNOPsmUktcB11hMJstMBtAm6vdEUu5xt7cCy/ZTbxiD2Yqk8BSh2pfQvWSjmnve9g/GoUjZfV1PQAp1WiZ+MPcRdxxiQHaM+WlZFGH6smUR1/XhfeCcPX00dmr/B6CzP8OY78NlMNS1PgWyd594T2SpBXXBUYpdKF45uy45PCOmwotrNdAHBs8pJOCSWDxZxX+YkJrJRgcNL5e9/kRkLtK3ikBbL2Bz+d0YUMJaGqovkyXRzDEOro/QBKRPWDWc6wdSgeXY1wNQsS8ibzE8ObvbWsSPYst4yYUd2zsf4fu8qBFsb70FchR0Zo+p8CZUljDZGBGBKLhTzGuDXbdEH5RYz4i1bp6JWlog3NqS3CZMEQd8cuuz70GHNXLF1/IAtqH30SV4yGRTuRBczYOcLlfPRnIQK2o3IGU=
        azureuser@ace-vm\\n\"\n      }\n     ]\n    }\n   },\n   \"servicePrincipalProfile\":
        {\n    \"clientId\":\"00000000-0000-0000-0000-000000000001\"\n   },\n   \"nodeResourceGroup\":
        \"MC_clitest000001_cliakstest000002_westus2\",\n   \"enableRBAC\": true,\n
        \  \"networkProfile\": {\n    \"networkPlugin\": \"kubenet\",\n    \"loadBalancerSku\":
        \"Standard\",\n    \"loadBalancerProfile\": {\n     \"managedOutboundIPs\":
        {\n      \"count\": 1\n     },\n     \"effectiveOutboundIPs\": [\n      {\n
        \      \"id\": \"/subscriptions/00000000-0000-0000-0000-000000000000/resourceGroups/MC_clitest000001_cliakstest000002_westus2/providers/Microsoft.Network/publicIPAddresses/86c9aaa1-1b0b-4c9c-a976-25a9b30b9299\"\n
        \     }\n     ]\n    },\n    \"podCidr\": \"10.244.0.0/16\",\n    \"serviceCidr\":
        \"10.0.0.0/16\",\n    \"dnsServiceIP\": \"10.0.0.10\",\n    \"dockerBridgeCidr\":
        \"172.17.0.1/16\",\n    \"outboundType\": \"loadBalancer\",\n    \"podCidrs\":
        [\n     \"10.244.0.0/16\"\n    ],\n    \"serviceCidrs\": [\n     \"10.0.0.0/16\"\n
        \   ],\n    \"ipFamilies\": [\n     \"IPv4\"\n    ]\n   },\n   \"maxAgentPools\":
        100,\n   \"identityProfile\": {\n    \"kubeletidentity\": {\n     \"resourceId\":
        \"/subscriptions/00000000-0000-0000-0000-000000000000/resourcegroups/MC_clitest000001_cliakstest000002_westus2/providers/Microsoft.ManagedIdentity/userAssignedIdentities/cliakstest000002-agentpool\",\n
        \    \"clientId\":\"00000000-0000-0000-0000-000000000001\",\n     \"objectId\":\"00000000-0000-0000-0000-000000000001\"\n
        \   }\n   },\n   \"disableLocalAccounts\": false\n  },\n  \"identity\": {\n
        \  \"type\": \"SystemAssigned\",\n   \"principalId\":\"00000000-0000-0000-0000-000000000001\",\n
        \  \"tenantId\": \"72f988bf-86f1-41af-91ab-2d7cd011db47\"\n  },\n  \"sku\":
        {\n   \"name\": \"Basic\",\n   \"tier\": \"Free\"\n  }\n }"
    headers:
      cache-control:
      - no-cache
      content-length:
      - '4316'
      content-type:
      - application/json
      date:
      - Mon, 21 Mar 2022 20:27:06 GMT
      expires:
      - '-1'
      pragma:
      - no-cache
      server:
      - nginx
      strict-transport-security:
      - max-age=31536000; includeSubDomains
      transfer-encoding:
      - chunked
      vary:
      - Accept-Encoding
      x-content-type-options:
      - nosniff
    status:
      code: 200
      message: OK
- request:
    body: null
    headers:
      Accept:
      - application/json
      Accept-Encoding:
      - gzip, deflate
      CommandName:
      - aks nodepool add
      Connection:
      - keep-alive
      ParameterSetName:
      - --resource-group --cluster-name --name --node-count --kubelet-config --linux-os-config
      User-Agent:
      - AZURECLI/2.34.1 azsdk-python-azure-mgmt-containerservice/17.0.0 Python/3.8.10
        (Linux-5.11.0-1027-azure-x86_64-with-glibc2.29)
    method: GET
    uri: https://management.azure.com/subscriptions/00000000-0000-0000-0000-000000000000/resourceGroups/clitest000001/providers/Microsoft.ContainerService/managedClusters/cliakstest000002/agentPools?api-version=2022-01-01
  response:
    body:
      string: "{\n  \"value\": [\n   {\n    \"id\": \"/subscriptions/00000000-0000-0000-0000-000000000000/resourcegroups/clitest000001/providers/Microsoft.ContainerService/managedClusters/cliakstest000002/agentPools/nodepool1\",\n
        \   \"name\": \"nodepool1\",\n    \"type\": \"Microsoft.ContainerService/managedClusters/agentPools\",\n
        \   \"properties\": {\n     \"count\": 3,\n     \"vmSize\": \"Standard_DS2_v2\",\n
        \    \"osDiskSizeGB\": 128,\n     \"osDiskType\": \"Managed\",\n     \"kubeletDiskType\":
        \"OS\",\n     \"maxPods\": 110,\n     \"type\": \"VirtualMachineScaleSets\",\n
        \    \"enableAutoScaling\": false,\n     \"provisioningState\": \"Succeeded\",\n
        \    \"powerState\": {\n      \"code\": \"Running\"\n     },\n     \"orchestratorVersion\":
        \"1.21.9\",\n     \"enableNodePublicIP\": false,\n     \"mode\": \"System\",\n
        \    \"kubeletConfig\": {\n      \"cpuManagerPolicy\": \"static\",\n      \"cpuCfsQuota\":
        true,\n      \"cpuCfsQuotaPeriod\": \"200ms\",\n      \"imageGcHighThreshold\":
        90,\n      \"imageGcLowThreshold\": 70,\n      \"topologyManagerPolicy\":
        \"best-effort\",\n      \"allowedUnsafeSysctls\": [\n       \"kernel.msg*\",\n
        \      \"net.*\"\n      ],\n      \"failSwapOn\": false\n     },\n     \"linuxOSConfig\":
        {\n      \"sysctls\": {\n       \"netCoreSomaxconn\": 163849,\n       \"netIpv4TcpTwReuse\":
        true,\n       \"netIpv4IpLocalPortRange\": \"32000 60000\"\n      },\n      \"transparentHugePageEnabled\":
        \"madvise\",\n      \"transparentHugePageDefrag\": \"defer+madvise\",\n      \"swapFileSizeMB\":
        1500\n     },\n     \"enableEncryptionAtHost\": false,\n     \"enableUltraSSD\":
        false,\n     \"osType\": \"Linux\",\n     \"osSKU\": \"Ubuntu\",\n     \"nodeImageVersion\":
        \"AKSUbuntu-1804gen2containerd-2022.03.02\",\n     \"enableFIPS\": false\n
        \   }\n   }\n  ]\n }"
    headers:
      cache-control:
      - no-cache
      content-length:
      - '1616'
      content-type:
      - application/json
      date:
      - Mon, 21 Mar 2022 20:27:07 GMT
      expires:
      - '-1'
      pragma:
      - no-cache
      server:
      - nginx
      strict-transport-security:
      - max-age=31536000; includeSubDomains
      transfer-encoding:
      - chunked
      vary:
      - Accept-Encoding
      x-content-type-options:
      - nosniff
    status:
      code: 200
      message: OK
- request:
    body: '{"properties": {"count": 1, "vmSize": "Standard_DS2_v2", "osType": "Linux",
      "scaleDownMode": "Delete", "mode": "User", "upgradeSettings": {}, "enableNodePublicIP":
      false, "scaleSetPriority": "Regular", "scaleSetEvictionPolicy": "Delete", "spotMaxPrice":
      -1.0, "nodeTaints": [], "kubeletConfig": {"cpuManagerPolicy": "static", "cpuCfsQuota":
      true, "cpuCfsQuotaPeriod": "200ms", "imageGcHighThreshold": 90, "imageGcLowThreshold":
      70, "topologyManagerPolicy": "best-effort", "allowedUnsafeSysctls": ["kernel.msg*",
      "net.*"], "failSwapOn": false}, "linuxOSConfig": {"sysctls": {"netCoreSomaxconn":
      163849, "netIpv4TcpTwReuse": true, "netIpv4IpLocalPortRange": "32000 60000"},
      "transparentHugePageEnabled": "madvise", "transparentHugePageDefrag": "defer+madvise",
      "swapFileSizeMB": 1500}, "enableEncryptionAtHost": false, "enableUltraSSD":
      false, "enableFIPS": false}}'
    headers:
      Accept:
      - application/json
      Accept-Encoding:
      - gzip, deflate
      CommandName:
      - aks nodepool add
      Connection:
      - keep-alive
      Content-Length:
      - '863'
      Content-Type:
      - application/json
      ParameterSetName:
      - --resource-group --cluster-name --name --node-count --kubelet-config --linux-os-config
      User-Agent:
      - AZURECLI/2.34.1 azsdk-python-azure-mgmt-containerservice/17.0.0 Python/3.8.10
        (Linux-5.11.0-1027-azure-x86_64-with-glibc2.29)
    method: PUT
    uri: https://management.azure.com/subscriptions/00000000-0000-0000-0000-000000000000/resourceGroups/clitest000001/providers/Microsoft.ContainerService/managedClusters/cliakstest000002/agentPools/nodepool2?api-version=2022-01-01
  response:
    body:
      string: "{\n  \"id\": \"/subscriptions/00000000-0000-0000-0000-000000000000/resourcegroups/clitest000001/providers/Microsoft.ContainerService/managedClusters/cliakstest000002/agentPools/nodepool2\",\n
        \ \"name\": \"nodepool2\",\n  \"type\": \"Microsoft.ContainerService/managedClusters/agentPools\",\n
        \ \"properties\": {\n   \"count\": 1,\n   \"vmSize\": \"Standard_DS2_v2\",\n
        \  \"osDiskSizeGB\": 128,\n   \"osDiskType\": \"Managed\",\n   \"kubeletDiskType\":
        \"OS\",\n   \"maxPods\": 110,\n   \"type\": \"VirtualMachineScaleSets\",\n
        \  \"scaleDownMode\": \"Delete\",\n   \"provisioningState\": \"Creating\",\n
        \  \"powerState\": {\n    \"code\": \"Running\"\n   },\n   \"orchestratorVersion\":
        \"1.21.9\",\n   \"enableNodePublicIP\": false,\n   \"mode\": \"User\",\n   \"kubeletConfig\":
        {\n    \"cpuManagerPolicy\": \"static\",\n    \"cpuCfsQuota\": true,\n    \"cpuCfsQuotaPeriod\":
        \"200ms\",\n    \"imageGcHighThreshold\": 90,\n    \"imageGcLowThreshold\":
        70,\n    \"topologyManagerPolicy\": \"best-effort\",\n    \"allowedUnsafeSysctls\":
        [\n     \"kernel.msg*\",\n     \"net.*\"\n    ],\n    \"failSwapOn\": false\n
        \  },\n   \"linuxOSConfig\": {\n    \"sysctls\": {\n     \"netCoreSomaxconn\":
        163849,\n     \"netIpv4TcpTwReuse\": true,\n     \"netIpv4IpLocalPortRange\":
        \"32000 60000\"\n    },\n    \"transparentHugePageEnabled\": \"madvise\",\n
        \   \"transparentHugePageDefrag\": \"defer+madvise\",\n    \"swapFileSizeMB\":
        1500\n   },\n   \"enableEncryptionAtHost\": false,\n   \"enableUltraSSD\":
        false,\n   \"osType\": \"Linux\",\n   \"osSKU\": \"Ubuntu\",\n   \"nodeImageVersion\":
        \"AKSUbuntu-1804gen2containerd-2022.03.02\",\n   \"upgradeSettings\": {},\n
        \  \"enableFIPS\": false\n  }\n }"
    headers:
      azure-asyncoperation:
      - https://management.azure.com/subscriptions/00000000-0000-0000-0000-000000000000/providers/Microsoft.ContainerService/locations/westus2/operations/7693f656-af08-4428-bfb1-2613f9281a32?api-version=2016-03-30
      cache-control:
      - no-cache
      content-length:
      - '1513'
      content-type:
      - application/json
      date:
      - Mon, 21 Mar 2022 20:27:11 GMT
      expires:
      - '-1'
      pragma:
      - no-cache
      server:
      - nginx
      strict-transport-security:
      - max-age=31536000; includeSubDomains
      x-content-type-options:
      - nosniff
      x-ms-ratelimit-remaining-subscription-writes:
      - '1199'
    status:
      code: 201
      message: Created
- request:
    body: null
    headers:
      Accept:
      - '*/*'
      Accept-Encoding:
      - gzip, deflate
      CommandName:
      - aks nodepool add
      Connection:
      - keep-alive
      ParameterSetName:
      - --resource-group --cluster-name --name --node-count --kubelet-config --linux-os-config
      User-Agent:
      - AZURECLI/2.34.1 azsdk-python-azure-mgmt-containerservice/17.0.0 Python/3.8.10
        (Linux-5.11.0-1027-azure-x86_64-with-glibc2.29)
    method: GET
    uri: https://management.azure.com/subscriptions/00000000-0000-0000-0000-000000000000/providers/Microsoft.ContainerService/locations/westus2/operations/7693f656-af08-4428-bfb1-2613f9281a32?api-version=2016-03-30
  response:
    body:
      string: "{\n  \"name\": \"56f69376-08af-2844-bfb1-2613f9281a32\",\n  \"status\":
        \"InProgress\",\n  \"startTime\": \"2022-03-21T20:27:11.7633333Z\"\n }"
    headers:
      cache-control:
      - no-cache
      content-length:
      - '126'
      content-type:
      - application/json
      date:
      - Mon, 21 Mar 2022 20:27:42 GMT
      expires:
      - '-1'
      pragma:
      - no-cache
      server:
      - nginx
      strict-transport-security:
      - max-age=31536000; includeSubDomains
      transfer-encoding:
      - chunked
      vary:
      - Accept-Encoding
      x-content-type-options:
      - nosniff
    status:
      code: 200
      message: OK
- request:
    body: null
    headers:
      Accept:
      - '*/*'
      Accept-Encoding:
      - gzip, deflate
      CommandName:
      - aks nodepool add
      Connection:
      - keep-alive
      ParameterSetName:
      - --resource-group --cluster-name --name --node-count --kubelet-config --linux-os-config
      User-Agent:
      - AZURECLI/2.34.1 azsdk-python-azure-mgmt-containerservice/17.0.0 Python/3.8.10
        (Linux-5.11.0-1027-azure-x86_64-with-glibc2.29)
    method: GET
    uri: https://management.azure.com/subscriptions/00000000-0000-0000-0000-000000000000/providers/Microsoft.ContainerService/locations/westus2/operations/7693f656-af08-4428-bfb1-2613f9281a32?api-version=2016-03-30
  response:
    body:
      string: "{\n  \"name\": \"56f69376-08af-2844-bfb1-2613f9281a32\",\n  \"status\":
        \"InProgress\",\n  \"startTime\": \"2022-03-21T20:27:11.7633333Z\"\n }"
    headers:
      cache-control:
      - no-cache
      content-length:
      - '126'
      content-type:
      - application/json
      date:
      - Mon, 21 Mar 2022 20:28:12 GMT
      expires:
      - '-1'
      pragma:
      - no-cache
      server:
      - nginx
      strict-transport-security:
      - max-age=31536000; includeSubDomains
      transfer-encoding:
      - chunked
      vary:
      - Accept-Encoding
      x-content-type-options:
      - nosniff
    status:
      code: 200
      message: OK
- request:
    body: null
    headers:
      Accept:
      - '*/*'
      Accept-Encoding:
      - gzip, deflate
      CommandName:
      - aks nodepool add
      Connection:
      - keep-alive
      ParameterSetName:
      - --resource-group --cluster-name --name --node-count --kubelet-config --linux-os-config
      User-Agent:
      - AZURECLI/2.34.1 azsdk-python-azure-mgmt-containerservice/17.0.0 Python/3.8.10
        (Linux-5.11.0-1027-azure-x86_64-with-glibc2.29)
    method: GET
    uri: https://management.azure.com/subscriptions/00000000-0000-0000-0000-000000000000/providers/Microsoft.ContainerService/locations/westus2/operations/7693f656-af08-4428-bfb1-2613f9281a32?api-version=2016-03-30
  response:
    body:
      string: "{\n  \"name\": \"56f69376-08af-2844-bfb1-2613f9281a32\",\n  \"status\":
        \"InProgress\",\n  \"startTime\": \"2022-03-21T20:27:11.7633333Z\"\n }"
    headers:
      cache-control:
      - no-cache
      content-length:
      - '126'
      content-type:
      - application/json
      date:
      - Mon, 21 Mar 2022 20:28:42 GMT
      expires:
      - '-1'
      pragma:
      - no-cache
      server:
      - nginx
      strict-transport-security:
      - max-age=31536000; includeSubDomains
      transfer-encoding:
      - chunked
      vary:
      - Accept-Encoding
      x-content-type-options:
      - nosniff
    status:
      code: 200
      message: OK
- request:
    body: null
    headers:
      Accept:
      - '*/*'
      Accept-Encoding:
      - gzip, deflate
      CommandName:
      - aks nodepool add
      Connection:
      - keep-alive
      ParameterSetName:
      - --resource-group --cluster-name --name --node-count --kubelet-config --linux-os-config
      User-Agent:
      - AZURECLI/2.34.1 azsdk-python-azure-mgmt-containerservice/17.0.0 Python/3.8.10
        (Linux-5.11.0-1027-azure-x86_64-with-glibc2.29)
    method: GET
    uri: https://management.azure.com/subscriptions/00000000-0000-0000-0000-000000000000/providers/Microsoft.ContainerService/locations/westus2/operations/7693f656-af08-4428-bfb1-2613f9281a32?api-version=2016-03-30
  response:
    body:
      string: "{\n  \"name\": \"56f69376-08af-2844-bfb1-2613f9281a32\",\n  \"status\":
        \"InProgress\",\n  \"startTime\": \"2022-03-21T20:27:11.7633333Z\"\n }"
    headers:
      cache-control:
      - no-cache
      content-length:
      - '126'
      content-type:
      - application/json
      date:
      - Mon, 21 Mar 2022 20:29:11 GMT
      expires:
      - '-1'
      pragma:
      - no-cache
      server:
      - nginx
      strict-transport-security:
      - max-age=31536000; includeSubDomains
      transfer-encoding:
      - chunked
      vary:
      - Accept-Encoding
      x-content-type-options:
      - nosniff
    status:
      code: 200
      message: OK
- request:
    body: null
    headers:
      Accept:
      - '*/*'
      Accept-Encoding:
      - gzip, deflate
      CommandName:
      - aks nodepool add
      Connection:
      - keep-alive
      ParameterSetName:
      - --resource-group --cluster-name --name --node-count --kubelet-config --linux-os-config
      User-Agent:
      - AZURECLI/2.34.1 azsdk-python-azure-mgmt-containerservice/17.0.0 Python/3.8.10
        (Linux-5.11.0-1027-azure-x86_64-with-glibc2.29)
    method: GET
    uri: https://management.azure.com/subscriptions/00000000-0000-0000-0000-000000000000/providers/Microsoft.ContainerService/locations/westus2/operations/7693f656-af08-4428-bfb1-2613f9281a32?api-version=2016-03-30
  response:
    body:
      string: "{\n  \"name\": \"56f69376-08af-2844-bfb1-2613f9281a32\",\n  \"status\":
        \"InProgress\",\n  \"startTime\": \"2022-03-21T20:27:11.7633333Z\"\n }"
    headers:
      cache-control:
      - no-cache
      content-length:
      - '126'
      content-type:
      - application/json
      date:
      - Mon, 21 Mar 2022 20:29:41 GMT
      expires:
      - '-1'
      pragma:
      - no-cache
      server:
      - nginx
      strict-transport-security:
      - max-age=31536000; includeSubDomains
      transfer-encoding:
      - chunked
      vary:
      - Accept-Encoding
      x-content-type-options:
      - nosniff
    status:
      code: 200
      message: OK
- request:
    body: null
    headers:
      Accept:
      - '*/*'
      Accept-Encoding:
      - gzip, deflate
      CommandName:
      - aks nodepool add
      Connection:
      - keep-alive
      ParameterSetName:
      - --resource-group --cluster-name --name --node-count --kubelet-config --linux-os-config
      User-Agent:
      - AZURECLI/2.34.1 azsdk-python-azure-mgmt-containerservice/17.0.0 Python/3.8.10
        (Linux-5.11.0-1027-azure-x86_64-with-glibc2.29)
    method: GET
    uri: https://management.azure.com/subscriptions/00000000-0000-0000-0000-000000000000/providers/Microsoft.ContainerService/locations/westus2/operations/7693f656-af08-4428-bfb1-2613f9281a32?api-version=2016-03-30
  response:
    body:
      string: "{\n  \"name\": \"56f69376-08af-2844-bfb1-2613f9281a32\",\n  \"status\":
        \"Succeeded\",\n  \"startTime\": \"2022-03-21T20:27:11.7633333Z\",\n  \"endTime\":
        \"2022-03-21T20:30:12.6876001Z\"\n }"
    headers:
      cache-control:
      - no-cache
      content-length:
      - '170'
      content-type:
      - application/json
      date:
      - Mon, 21 Mar 2022 20:30:12 GMT
      expires:
      - '-1'
      pragma:
      - no-cache
      server:
      - nginx
      strict-transport-security:
      - max-age=31536000; includeSubDomains
      transfer-encoding:
      - chunked
      vary:
      - Accept-Encoding
      x-content-type-options:
      - nosniff
    status:
      code: 200
      message: OK
- request:
    body: null
    headers:
      Accept:
      - '*/*'
      Accept-Encoding:
      - gzip, deflate
      CommandName:
      - aks nodepool add
      Connection:
      - keep-alive
      ParameterSetName:
      - --resource-group --cluster-name --name --node-count --kubelet-config --linux-os-config
      User-Agent:
      - AZURECLI/2.34.1 azsdk-python-azure-mgmt-containerservice/17.0.0 Python/3.8.10
        (Linux-5.11.0-1027-azure-x86_64-with-glibc2.29)
    method: GET
    uri: https://management.azure.com/subscriptions/00000000-0000-0000-0000-000000000000/resourceGroups/clitest000001/providers/Microsoft.ContainerService/managedClusters/cliakstest000002/agentPools/nodepool2?api-version=2022-01-01
  response:
    body:
      string: "{\n  \"id\": \"/subscriptions/00000000-0000-0000-0000-000000000000/resourcegroups/clitest000001/providers/Microsoft.ContainerService/managedClusters/cliakstest000002/agentPools/nodepool2\",\n
        \ \"name\": \"nodepool2\",\n  \"type\": \"Microsoft.ContainerService/managedClusters/agentPools\",\n
        \ \"properties\": {\n   \"count\": 1,\n   \"vmSize\": \"Standard_DS2_v2\",\n
        \  \"osDiskSizeGB\": 128,\n   \"osDiskType\": \"Managed\",\n   \"kubeletDiskType\":
        \"OS\",\n   \"maxPods\": 110,\n   \"type\": \"VirtualMachineScaleSets\",\n
        \  \"scaleDownMode\": \"Delete\",\n   \"provisioningState\": \"Succeeded\",\n
        \  \"powerState\": {\n    \"code\": \"Running\"\n   },\n   \"orchestratorVersion\":
        \"1.21.9\",\n   \"enableNodePublicIP\": false,\n   \"mode\": \"User\",\n   \"kubeletConfig\":
        {\n    \"cpuManagerPolicy\": \"static\",\n    \"cpuCfsQuota\": true,\n    \"cpuCfsQuotaPeriod\":
        \"200ms\",\n    \"imageGcHighThreshold\": 90,\n    \"imageGcLowThreshold\":
        70,\n    \"topologyManagerPolicy\": \"best-effort\",\n    \"allowedUnsafeSysctls\":
        [\n     \"kernel.msg*\",\n     \"net.*\"\n    ],\n    \"failSwapOn\": false\n
        \  },\n   \"linuxOSConfig\": {\n    \"sysctls\": {\n     \"netCoreSomaxconn\":
        163849,\n     \"netIpv4TcpTwReuse\": true,\n     \"netIpv4IpLocalPortRange\":
        \"32000 60000\"\n    },\n    \"transparentHugePageEnabled\": \"madvise\",\n
        \   \"transparentHugePageDefrag\": \"defer+madvise\",\n    \"swapFileSizeMB\":
        1500\n   },\n   \"enableEncryptionAtHost\": false,\n   \"enableUltraSSD\":
        false,\n   \"osType\": \"Linux\",\n   \"osSKU\": \"Ubuntu\",\n   \"nodeImageVersion\":
        \"AKSUbuntu-1804gen2containerd-2022.03.02\",\n   \"upgradeSettings\": {},\n
        \  \"enableFIPS\": false\n  }\n }"
    headers:
      cache-control:
      - no-cache
      content-length:
      - '1514'
      content-type:
      - application/json
      date:
      - Mon, 21 Mar 2022 20:30:12 GMT
      expires:
      - '-1'
      pragma:
      - no-cache
      server:
      - nginx
      strict-transport-security:
      - max-age=31536000; includeSubDomains
      transfer-encoding:
      - chunked
      vary:
      - Accept-Encoding
      x-content-type-options:
      - nosniff
    status:
      code: 200
      message: OK
version: 1
