interactions:
- request:
    body: null
    headers:
      Accept:
      - application/json
      Accept-Encoding:
      - gzip, deflate
      CommandName:
      - aks create
      Connection:
      - keep-alive
      ParameterSetName:
      - --resource-group --name --location --dns-name-prefix --node-count --ssh-key-value
        --tags --nodepool-labels
      User-Agent:
      - AZURECLI/2.49.0 azsdk-python-azure-mgmt-containerservice/23.0.0 Python/3.8.16
        (macOS-13.4-arm64-arm-64bit)
    method: GET
    uri: https://management.azure.com/subscriptions/00000000-0000-0000-0000-000000000000/resourceGroups/clitest000001/providers/Microsoft.ContainerService/managedClusters/cliakstest000001?api-version=2023-04-01
  response:
    body:
      string: '{"error":{"code":"ResourceNotFound","message":"The Resource ''Microsoft.ContainerService/managedClusters/cliakstest000001''
        under resource group ''clitest000001'' was not found. For more details please
        go to https://aka.ms/ARMResourceNotFoundFix"}}'
    headers:
      cache-control:
      - no-cache
      content-length:
      - '244'
      content-type:
      - application/json; charset=utf-8
      date:
      - Wed, 14 Jun 2023 20:47:56 GMT
      expires:
      - '-1'
      pragma:
      - no-cache
      strict-transport-security:
      - max-age=31536000; includeSubDomains
      x-content-type-options:
      - nosniff
      x-ms-failure-cause:
      - gateway
    status:
      code: 404
      message: Not Found
- request:
    body: '{"tags": {"key1": "value1"}, "location": "westus2", "identity": {"type":
      "SystemAssigned"}, "properties": {"kubernetesVersion": "", "dnsPrefix": "cliaksdns000002",
      "agentPoolProfiles": [{"count": 1, "vmSize": "Standard_DS2_v2", "osDiskSizeGB":
      0, "osType": "Linux", "enableAutoScaling": false, "type": "VirtualMachineScaleSets",
      "mode": "System", "orchestratorVersion": "", "upgradeSettings": {}, "enableNodePublicIP":
      false, "scaleSetPriority": "Regular", "scaleSetEvictionPolicy": "Delete", "spotMaxPrice":
      -1.0, "nodeLabels": {"label1": "value1", "label2": "value2"}, "nodeTaints":
      [], "enableEncryptionAtHost": false, "enableUltraSSD": false, "enableFIPS":
      false, "name": "nodepool1"}], "linuxProfile": {"adminUsername": "azureuser",
      "ssh": {"publicKeys": [{"keyData": "ssh-rsa AAAAB3NzaC1yc2EAAAADAQABAAACAQCbIg1guRHbI0lV11wWDt1r2cUdcNd27CJsg+SfgC7miZeubtwUhbsPdhMQsfDyhOWHq1+ZL0M+nJZV63d/1dhmhtgyOqejUwrPlzKhydsbrsdUor+JmNJDdW01v7BXHyuymT8G4s09jCasNOwiufbP/qp72ruu0bIA1nySsvlf9pCQAuFkAnVnf/rFhUlOkhtRpwcq8SUNY2zRHR/EKb/4NWY1JzR4sa3q2fWIJdrrX0DvLoa5g9bIEd4Df79ba7v+yiUBOS0zT2ll+z4g9izHK3EO5d8hL4jYxcjKs+wcslSYRWrascfscLgMlMGh0CdKeNTDjHpGPncaf3Z+FwwwjWeuiNBxv7bJo13/8B/098KlVDl4GZqsoBCEjPyJfV6hO0y/LkRGkk7oHWKgeWAfKtfLItRp00eZ4fcJNK9kCaSMmEugoZWcI7NGbZXzqFWqbpRI7NcDP9+WIQ+i9U5vqWsqd/zng4kbuAJ6UuKqIzB0upYrLShfQE3SAck8oaLhJqqq56VfDuASNpJKidV+zq27HfSBmbXnkR/5AK337dc3MXKJypoK/QPMLKUAP5XLPbs+NddJQV7EZXd29DLgp+fRIg3edpKdO7ZErWhv7d+3Kws+e1Y+ypmR2WIVSwVyBEUfgv2C8Ts9gnTF4pNcEY/S2aBicz5Ew2+jdyGNQQ==
      test@example.com\n"}]}}, "addonProfiles": {}, "enableRBAC": true, "networkProfile":
      {"networkPlugin": "kubenet", "podCidr": "10.244.0.0/16", "serviceCidr": "10.0.0.0/16",
      "dnsServiceIP": "10.0.0.10", "outboundType": "loadBalancer", "loadBalancerSku":
      "standard"}, "disableLocalAccounts": false, "storageProfile": {}}}'
    headers:
      Accept:
      - application/json
      Accept-Encoding:
      - gzip, deflate
      CommandName:
      - aks create
      Connection:
      - keep-alive
      Content-Length:
      - '1816'
      Content-Type:
      - application/json
      ParameterSetName:
      - --resource-group --name --location --dns-name-prefix --node-count --ssh-key-value
        --tags --nodepool-labels
      User-Agent:
      - AZURECLI/2.49.0 azsdk-python-azure-mgmt-containerservice/23.0.0 Python/3.8.16
        (macOS-13.4-arm64-arm-64bit)
    method: PUT
    uri: https://management.azure.com/subscriptions/00000000-0000-0000-0000-000000000000/resourceGroups/clitest000001/providers/Microsoft.ContainerService/managedClusters/cliakstest000001?api-version=2023-04-01
  response:
    body:
      string: "{\n  \"id\": \"/subscriptions/00000000-0000-0000-0000-000000000000/resourcegroups/clitest000001/providers/Microsoft.ContainerService/managedClusters/cliakstest000001\"\
        ,\n  \"location\": \"westus2\",\n  \"name\": \"cliakstest000001\",\n  \"tags\"\
        : {\n   \"key1\": \"value1\"\n  },\n  \"type\": \"Microsoft.ContainerService/ManagedClusters\"\
        ,\n  \"properties\": {\n   \"provisioningState\": \"Creating\",\n   \"powerState\"\
        : {\n    \"code\": \"Running\"\n   },\n   \"kubernetesVersion\": \"1.25.6\"\
        ,\n   \"currentKubernetesVersion\": \"1.25.6\",\n   \"dnsPrefix\": \"cliaksdns000002\"\
        ,\n   \"fqdn\": \"cliaksdns000002-8a577wh4.hcp.westus2.azmk8s.io\",\n   \"\
        azurePortalFQDN\": \"cliaksdns000002-8a577wh4.portal.hcp.westus2.azmk8s.io\"\
        ,\n   \"agentPoolProfiles\": [\n    {\n     \"name\": \"nodepool1\",\n   \
        \  \"count\": 1,\n     \"vmSize\": \"Standard_DS2_v2\",\n     \"osDiskSizeGB\"\
        : 128,\n     \"osDiskType\": \"Managed\",\n     \"kubeletDiskType\": \"OS\"\
        ,\n     \"maxPods\": 110,\n     \"type\": \"VirtualMachineScaleSets\",\n \
        \    \"enableAutoScaling\": false,\n     \"provisioningState\": \"Creating\"\
        ,\n     \"powerState\": {\n      \"code\": \"Running\"\n     },\n     \"orchestratorVersion\"\
        : \"1.25.6\",\n     \"currentOrchestratorVersion\": \"1.25.6\",\n     \"enableNodePublicIP\"\
        : false,\n     \"nodeLabels\": {\n      \"label1\": \"value1\",\n      \"\
        label2\": \"value2\"\n     },\n     \"mode\": \"System\",\n     \"enableEncryptionAtHost\"\
        : false,\n     \"enableUltraSSD\": false,\n     \"osType\": \"Linux\",\n \
        \    \"osSKU\": \"Ubuntu\",\n     \"nodeImageVersion\": \"AKSUbuntu-2204gen2containerd-202306.01.0\"\
        ,\n     \"upgradeSettings\": {},\n     \"enableFIPS\": false\n    }\n   ],\n\
        \   \"linuxProfile\": {\n    \"adminUsername\": \"azureuser\",\n    \"ssh\"\
        : {\n     \"publicKeys\": [\n      {\n       \"keyData\": \"ssh-rsa AAAAB3NzaC1yc2EAAAADAQABAAACAQCbIg1guRHbI0lV11wWDt1r2cUdcNd27CJsg+SfgC7miZeubtwUhbsPdhMQsfDyhOWHq1+ZL0M+nJZV63d/1dhmhtgyOqejUwrPlzKhydsbrsdUor+JmNJDdW01v7BXHyuymT8G4s09jCasNOwiufbP/qp72ruu0bIA1nySsvlf9pCQAuFkAnVnf/rFhUlOkhtRpwcq8SUNY2zRHR/EKb/4NWY1JzR4sa3q2fWIJdrrX0DvLoa5g9bIEd4Df79ba7v+yiUBOS0zT2ll+z4g9izHK3EO5d8hL4jYxcjKs+wcslSYRWrascfscLgMlMGh0CdKeNTDjHpGPncaf3Z+FwwwjWeuiNBxv7bJo13/8B/098KlVDl4GZqsoBCEjPyJfV6hO0y/LkRGkk7oHWKgeWAfKtfLItRp00eZ4fcJNK9kCaSMmEugoZWcI7NGbZXzqFWqbpRI7NcDP9+WIQ+i9U5vqWsqd/zng4kbuAJ6UuKqIzB0upYrLShfQE3SAck8oaLhJqqq56VfDuASNpJKidV+zq27HfSBmbXnkR/5AK337dc3MXKJypoK/QPMLKUAP5XLPbs+NddJQV7EZXd29DLgp+fRIg3edpKdO7ZErWhv7d+3Kws+e1Y+ypmR2WIVSwVyBEUfgv2C8Ts9gnTF4pNcEY/S2aBicz5Ew2+jdyGNQQ==\
        \ test@example.com\\n\"\n      }\n     ]\n    }\n   },\n   \"servicePrincipalProfile\"\
        : {\n    \"clientId\":\"00000000-0000-0000-0000-000000000001\"\n   },\n  \
        \ \"nodeResourceGroup\": \"MC_clitest000001_cliakstest000001_westus2\",\n\
        \   \"enableRBAC\": true,\n   \"supportPlan\": \"KubernetesOfficial\",\n \
        \  \"networkProfile\": {\n    \"networkPlugin\": \"kubenet\",\n    \"loadBalancerSku\"\
        : \"standard\",\n    \"loadBalancerProfile\": {\n     \"managedOutboundIPs\"\
        : {\n      \"count\": 1\n     }\n    },\n    \"podCidr\": \"10.244.0.0/16\"\
        ,\n    \"serviceCidr\": \"10.0.0.0/16\",\n    \"dnsServiceIP\": \"10.0.0.10\"\
        ,\n    \"outboundType\": \"loadBalancer\",\n    \"podCidrs\": [\n     \"10.244.0.0/16\"\
        \n    ],\n    \"serviceCidrs\": [\n     \"10.0.0.0/16\"\n    ],\n    \"ipFamilies\"\
        : [\n     \"IPv4\"\n    ]\n   },\n   \"maxAgentPools\": 100,\n   \"disableLocalAccounts\"\
        : false,\n   \"securityProfile\": {},\n   \"storageProfile\": {\n    \"diskCSIDriver\"\
        : {\n     \"enabled\": true\n    },\n    \"fileCSIDriver\": {\n     \"enabled\"\
        : true\n    },\n    \"snapshotController\": {\n     \"enabled\": true\n  \
        \  }\n   },\n   \"oidcIssuerProfile\": {\n    \"enabled\": false\n   },\n\
        \   \"workloadAutoScalerProfile\": {}\n  },\n  \"identity\": {\n   \"type\"\
        : \"SystemAssigned\",\n   \"principalId\":\"00000000-0000-0000-0000-000000000001\"\
        ,\n   \"tenantId\": \"72f988bf-86f1-41af-91ab-2d7cd011db47\"\n  },\n  \"sku\"\
        : {\n   \"name\": \"Base\",\n   \"tier\": \"Free\"\n  }\n }"
    headers:
      azure-asyncoperation:
      - https://management.azure.com/subscriptions/00000000-0000-0000-0000-000000000000/providers/Microsoft.ContainerService/locations/westus2/operations/47b45d38-b50c-4d7b-af1b-fdd7e1bf9568?api-version=2016-03-30
      cache-control:
      - no-cache
      content-length:
      - '3656'
      content-type:
      - application/json
      date:
      - Wed, 14 Jun 2023 20:48:02 GMT
      expires:
      - '-1'
      pragma:
      - no-cache
      server:
      - nginx
      strict-transport-security:
      - max-age=31536000; includeSubDomains
      x-content-type-options:
      - nosniff
      x-ms-ratelimit-remaining-subscription-writes:
      - '1199'
    status:
      code: 201
      message: Created
- request:
    body: null
    headers:
      Accept:
      - '*/*'
      Accept-Encoding:
      - gzip, deflate
      CommandName:
      - aks create
      Connection:
      - keep-alive
      ParameterSetName:
      - --resource-group --name --location --dns-name-prefix --node-count --ssh-key-value
        --tags --nodepool-labels
      User-Agent:
      - AZURECLI/2.49.0 azsdk-python-azure-mgmt-containerservice/23.0.0 Python/3.8.16
        (macOS-13.4-arm64-arm-64bit)
    method: GET
    uri: https://management.azure.com/subscriptions/00000000-0000-0000-0000-000000000000/providers/Microsoft.ContainerService/locations/westus2/operations/47b45d38-b50c-4d7b-af1b-fdd7e1bf9568?api-version=2016-03-30
  response:
    body:
      string: "{\n  \"name\": \"385db447-0cb5-7b4d-af1b-fdd7e1bf9568\",\n  \"status\"\
        : \"InProgress\",\n  \"startTime\": \"2023-06-14T20:48:02.7132093Z\"\n }"
    headers:
      cache-control:
      - no-cache
      content-length:
      - '126'
      content-type:
      - application/json
      date:
      - Wed, 14 Jun 2023 20:48:03 GMT
      expires:
      - '-1'
      pragma:
      - no-cache
      server:
      - nginx
      strict-transport-security:
      - max-age=31536000; includeSubDomains
      transfer-encoding:
      - chunked
      vary:
      - Accept-Encoding
      x-content-type-options:
      - nosniff
    status:
      code: 200
      message: OK
- request:
    body: null
    headers:
      Accept:
      - '*/*'
      Accept-Encoding:
      - gzip, deflate
      CommandName:
      - aks create
      Connection:
      - keep-alive
      ParameterSetName:
      - --resource-group --name --location --dns-name-prefix --node-count --ssh-key-value
        --tags --nodepool-labels
      User-Agent:
      - AZURECLI/2.49.0 azsdk-python-azure-mgmt-containerservice/23.0.0 Python/3.8.16
        (macOS-13.4-arm64-arm-64bit)
    method: GET
    uri: https://management.azure.com/subscriptions/00000000-0000-0000-0000-000000000000/providers/Microsoft.ContainerService/locations/westus2/operations/47b45d38-b50c-4d7b-af1b-fdd7e1bf9568?api-version=2016-03-30
  response:
    body:
      string: "{\n  \"name\": \"385db447-0cb5-7b4d-af1b-fdd7e1bf9568\",\n  \"status\"\
        : \"InProgress\",\n  \"startTime\": \"2023-06-14T20:48:02.7132093Z\"\n }"
    headers:
      cache-control:
      - no-cache
      content-length:
      - '126'
      content-type:
      - application/json
      date:
      - Wed, 14 Jun 2023 20:48:34 GMT
      expires:
      - '-1'
      pragma:
      - no-cache
      server:
      - nginx
      strict-transport-security:
      - max-age=31536000; includeSubDomains
      transfer-encoding:
      - chunked
      vary:
      - Accept-Encoding
      x-content-type-options:
      - nosniff
    status:
      code: 200
      message: OK
- request:
    body: null
    headers:
      Accept:
      - '*/*'
      Accept-Encoding:
      - gzip, deflate
      CommandName:
      - aks create
      Connection:
      - keep-alive
      ParameterSetName:
      - --resource-group --name --location --dns-name-prefix --node-count --ssh-key-value
        --tags --nodepool-labels
      User-Agent:
      - AZURECLI/2.49.0 azsdk-python-azure-mgmt-containerservice/23.0.0 Python/3.8.16
        (macOS-13.4-arm64-arm-64bit)
    method: GET
    uri: https://management.azure.com/subscriptions/00000000-0000-0000-0000-000000000000/providers/Microsoft.ContainerService/locations/westus2/operations/47b45d38-b50c-4d7b-af1b-fdd7e1bf9568?api-version=2016-03-30
  response:
    body:
      string: "{\n  \"name\": \"385db447-0cb5-7b4d-af1b-fdd7e1bf9568\",\n  \"status\"\
        : \"InProgress\",\n  \"startTime\": \"2023-06-14T20:48:02.7132093Z\"\n }"
    headers:
      cache-control:
      - no-cache
      content-length:
      - '126'
      content-type:
      - application/json
      date:
      - Wed, 14 Jun 2023 20:49:03 GMT
      expires:
      - '-1'
      pragma:
      - no-cache
      server:
      - nginx
      strict-transport-security:
      - max-age=31536000; includeSubDomains
      transfer-encoding:
      - chunked
      vary:
      - Accept-Encoding
      x-content-type-options:
      - nosniff
    status:
      code: 200
      message: OK
- request:
    body: null
    headers:
      Accept:
      - '*/*'
      Accept-Encoding:
      - gzip, deflate
      CommandName:
      - aks create
      Connection:
      - keep-alive
      ParameterSetName:
      - --resource-group --name --location --dns-name-prefix --node-count --ssh-key-value
        --tags --nodepool-labels
      User-Agent:
      - AZURECLI/2.49.0 azsdk-python-azure-mgmt-containerservice/23.0.0 Python/3.8.16
        (macOS-13.4-arm64-arm-64bit)
    method: GET
    uri: https://management.azure.com/subscriptions/00000000-0000-0000-0000-000000000000/providers/Microsoft.ContainerService/locations/westus2/operations/47b45d38-b50c-4d7b-af1b-fdd7e1bf9568?api-version=2016-03-30
  response:
    body:
      string: "{\n  \"name\": \"385db447-0cb5-7b4d-af1b-fdd7e1bf9568\",\n  \"status\"\
        : \"InProgress\",\n  \"startTime\": \"2023-06-14T20:48:02.7132093Z\"\n }"
    headers:
      cache-control:
      - no-cache
      content-length:
      - '126'
      content-type:
      - application/json
      date:
      - Wed, 14 Jun 2023 20:49:33 GMT
      expires:
      - '-1'
      pragma:
      - no-cache
      server:
      - nginx
      strict-transport-security:
      - max-age=31536000; includeSubDomains
      transfer-encoding:
      - chunked
      vary:
      - Accept-Encoding
      x-content-type-options:
      - nosniff
    status:
      code: 200
      message: OK
- request:
    body: null
    headers:
      Accept:
      - '*/*'
      Accept-Encoding:
      - gzip, deflate
      CommandName:
      - aks create
      Connection:
      - keep-alive
      ParameterSetName:
      - --resource-group --name --location --dns-name-prefix --node-count --ssh-key-value
        --tags --nodepool-labels
      User-Agent:
      - AZURECLI/2.49.0 azsdk-python-azure-mgmt-containerservice/23.0.0 Python/3.8.16
        (macOS-13.4-arm64-arm-64bit)
    method: GET
    uri: https://management.azure.com/subscriptions/00000000-0000-0000-0000-000000000000/providers/Microsoft.ContainerService/locations/westus2/operations/47b45d38-b50c-4d7b-af1b-fdd7e1bf9568?api-version=2016-03-30
  response:
    body:
      string: "{\n  \"name\": \"385db447-0cb5-7b4d-af1b-fdd7e1bf9568\",\n  \"status\"\
        : \"InProgress\",\n  \"startTime\": \"2023-06-14T20:48:02.7132093Z\"\n }"
    headers:
      cache-control:
      - no-cache
      content-length:
      - '126'
      content-type:
      - application/json
      date:
      - Wed, 14 Jun 2023 20:50:04 GMT
      expires:
      - '-1'
      pragma:
      - no-cache
      server:
      - nginx
      strict-transport-security:
      - max-age=31536000; includeSubDomains
      transfer-encoding:
      - chunked
      vary:
      - Accept-Encoding
      x-content-type-options:
      - nosniff
    status:
      code: 200
      message: OK
- request:
    body: null
    headers:
      Accept:
      - '*/*'
      Accept-Encoding:
      - gzip, deflate
      CommandName:
      - aks create
      Connection:
      - keep-alive
      ParameterSetName:
      - --resource-group --name --location --dns-name-prefix --node-count --ssh-key-value
        --tags --nodepool-labels
      User-Agent:
      - AZURECLI/2.49.0 azsdk-python-azure-mgmt-containerservice/23.0.0 Python/3.8.16
        (macOS-13.4-arm64-arm-64bit)
    method: GET
    uri: https://management.azure.com/subscriptions/00000000-0000-0000-0000-000000000000/providers/Microsoft.ContainerService/locations/westus2/operations/47b45d38-b50c-4d7b-af1b-fdd7e1bf9568?api-version=2016-03-30
  response:
    body:
      string: "{\n  \"name\": \"385db447-0cb5-7b4d-af1b-fdd7e1bf9568\",\n  \"status\"\
        : \"InProgress\",\n  \"startTime\": \"2023-06-14T20:48:02.7132093Z\"\n }"
    headers:
      cache-control:
      - no-cache
      content-length:
      - '126'
      content-type:
      - application/json
      date:
      - Wed, 14 Jun 2023 20:50:34 GMT
      expires:
      - '-1'
      pragma:
      - no-cache
      server:
      - nginx
      strict-transport-security:
      - max-age=31536000; includeSubDomains
      transfer-encoding:
      - chunked
      vary:
      - Accept-Encoding
      x-content-type-options:
      - nosniff
    status:
      code: 200
      message: OK
- request:
    body: null
    headers:
      Accept:
      - '*/*'
      Accept-Encoding:
      - gzip, deflate
      CommandName:
      - aks create
      Connection:
      - keep-alive
      ParameterSetName:
      - --resource-group --name --location --dns-name-prefix --node-count --ssh-key-value
        --tags --nodepool-labels
      User-Agent:
      - AZURECLI/2.49.0 azsdk-python-azure-mgmt-containerservice/23.0.0 Python/3.8.16
        (macOS-13.4-arm64-arm-64bit)
    method: GET
    uri: https://management.azure.com/subscriptions/00000000-0000-0000-0000-000000000000/providers/Microsoft.ContainerService/locations/westus2/operations/47b45d38-b50c-4d7b-af1b-fdd7e1bf9568?api-version=2016-03-30
  response:
    body:
      string: "{\n  \"name\": \"385db447-0cb5-7b4d-af1b-fdd7e1bf9568\",\n  \"status\"\
        : \"InProgress\",\n  \"startTime\": \"2023-06-14T20:48:02.7132093Z\"\n }"
    headers:
      cache-control:
      - no-cache
      content-length:
      - '126'
      content-type:
      - application/json
      date:
      - Wed, 14 Jun 2023 20:51:04 GMT
      expires:
      - '-1'
      pragma:
      - no-cache
      server:
      - nginx
      strict-transport-security:
      - max-age=31536000; includeSubDomains
      transfer-encoding:
      - chunked
      vary:
      - Accept-Encoding
      x-content-type-options:
      - nosniff
    status:
      code: 200
      message: OK
- request:
    body: null
    headers:
      Accept:
      - '*/*'
      Accept-Encoding:
      - gzip, deflate
      CommandName:
      - aks create
      Connection:
      - keep-alive
      ParameterSetName:
      - --resource-group --name --location --dns-name-prefix --node-count --ssh-key-value
        --tags --nodepool-labels
      User-Agent:
      - AZURECLI/2.49.0 azsdk-python-azure-mgmt-containerservice/23.0.0 Python/3.8.16
        (macOS-13.4-arm64-arm-64bit)
    method: GET
    uri: https://management.azure.com/subscriptions/00000000-0000-0000-0000-000000000000/providers/Microsoft.ContainerService/locations/westus2/operations/47b45d38-b50c-4d7b-af1b-fdd7e1bf9568?api-version=2016-03-30
  response:
    body:
      string: "{\n  \"name\": \"385db447-0cb5-7b4d-af1b-fdd7e1bf9568\",\n  \"status\"\
        : \"Succeeded\",\n  \"startTime\": \"2023-06-14T20:48:02.7132093Z\",\n  \"\
        endTime\": \"2023-06-14T20:51:25.2779665Z\"\n }"
    headers:
      cache-control:
      - no-cache
      content-length:
      - '170'
      content-type:
      - application/json
      date:
      - Wed, 14 Jun 2023 20:51:34 GMT
      expires:
      - '-1'
      pragma:
      - no-cache
      server:
      - nginx
      strict-transport-security:
      - max-age=31536000; includeSubDomains
      transfer-encoding:
      - chunked
      vary:
      - Accept-Encoding
      x-content-type-options:
      - nosniff
    status:
      code: 200
      message: OK
- request:
    body: null
    headers:
      Accept:
      - '*/*'
      Accept-Encoding:
      - gzip, deflate
      CommandName:
      - aks create
      Connection:
      - keep-alive
      ParameterSetName:
      - --resource-group --name --location --dns-name-prefix --node-count --ssh-key-value
        --tags --nodepool-labels
      User-Agent:
      - AZURECLI/2.49.0 azsdk-python-azure-mgmt-containerservice/23.0.0 Python/3.8.16
        (macOS-13.4-arm64-arm-64bit)
    method: GET
    uri: https://management.azure.com/subscriptions/00000000-0000-0000-0000-000000000000/resourceGroups/clitest000001/providers/Microsoft.ContainerService/managedClusters/cliakstest000001?api-version=2023-04-01
  response:
    body:
      string: "{\n  \"id\": \"/subscriptions/00000000-0000-0000-0000-000000000000/resourcegroups/clitest000001/providers/Microsoft.ContainerService/managedClusters/cliakstest000001\"\
        ,\n  \"location\": \"westus2\",\n  \"name\": \"cliakstest000001\",\n  \"tags\"\
        : {\n   \"key1\": \"value1\"\n  },\n  \"type\": \"Microsoft.ContainerService/ManagedClusters\"\
        ,\n  \"properties\": {\n   \"provisioningState\": \"Succeeded\",\n   \"powerState\"\
        : {\n    \"code\": \"Running\"\n   },\n   \"kubernetesVersion\": \"1.25.6\"\
        ,\n   \"currentKubernetesVersion\": \"1.25.6\",\n   \"dnsPrefix\": \"cliaksdns000002\"\
        ,\n   \"fqdn\": \"cliaksdns000002-8a577wh4.hcp.westus2.azmk8s.io\",\n   \"\
        azurePortalFQDN\": \"cliaksdns000002-8a577wh4.portal.hcp.westus2.azmk8s.io\"\
        ,\n   \"agentPoolProfiles\": [\n    {\n     \"name\": \"nodepool1\",\n   \
        \  \"count\": 1,\n     \"vmSize\": \"Standard_DS2_v2\",\n     \"osDiskSizeGB\"\
        : 128,\n     \"osDiskType\": \"Managed\",\n     \"kubeletDiskType\": \"OS\"\
        ,\n     \"maxPods\": 110,\n     \"type\": \"VirtualMachineScaleSets\",\n \
        \    \"enableAutoScaling\": false,\n     \"provisioningState\": \"Succeeded\"\
        ,\n     \"powerState\": {\n      \"code\": \"Running\"\n     },\n     \"orchestratorVersion\"\
        : \"1.25.6\",\n     \"currentOrchestratorVersion\": \"1.25.6\",\n     \"enableNodePublicIP\"\
        : false,\n     \"nodeLabels\": {\n      \"label1\": \"value1\",\n      \"\
        label2\": \"value2\"\n     },\n     \"mode\": \"System\",\n     \"enableEncryptionAtHost\"\
        : false,\n     \"enableUltraSSD\": false,\n     \"osType\": \"Linux\",\n \
        \    \"osSKU\": \"Ubuntu\",\n     \"nodeImageVersion\": \"AKSUbuntu-2204gen2containerd-202306.01.0\"\
        ,\n     \"upgradeSettings\": {},\n     \"enableFIPS\": false\n    }\n   ],\n\
        \   \"linuxProfile\": {\n    \"adminUsername\": \"azureuser\",\n    \"ssh\"\
        : {\n     \"publicKeys\": [\n      {\n       \"keyData\": \"ssh-rsa AAAAB3NzaC1yc2EAAAADAQABAAACAQCbIg1guRHbI0lV11wWDt1r2cUdcNd27CJsg+SfgC7miZeubtwUhbsPdhMQsfDyhOWHq1+ZL0M+nJZV63d/1dhmhtgyOqejUwrPlzKhydsbrsdUor+JmNJDdW01v7BXHyuymT8G4s09jCasNOwiufbP/qp72ruu0bIA1nySsvlf9pCQAuFkAnVnf/rFhUlOkhtRpwcq8SUNY2zRHR/EKb/4NWY1JzR4sa3q2fWIJdrrX0DvLoa5g9bIEd4Df79ba7v+yiUBOS0zT2ll+z4g9izHK3EO5d8hL4jYxcjKs+wcslSYRWrascfscLgMlMGh0CdKeNTDjHpGPncaf3Z+FwwwjWeuiNBxv7bJo13/8B/098KlVDl4GZqsoBCEjPyJfV6hO0y/LkRGkk7oHWKgeWAfKtfLItRp00eZ4fcJNK9kCaSMmEugoZWcI7NGbZXzqFWqbpRI7NcDP9+WIQ+i9U5vqWsqd/zng4kbuAJ6UuKqIzB0upYrLShfQE3SAck8oaLhJqqq56VfDuASNpJKidV+zq27HfSBmbXnkR/5AK337dc3MXKJypoK/QPMLKUAP5XLPbs+NddJQV7EZXd29DLgp+fRIg3edpKdO7ZErWhv7d+3Kws+e1Y+ypmR2WIVSwVyBEUfgv2C8Ts9gnTF4pNcEY/S2aBicz5Ew2+jdyGNQQ==\
        \ test@example.com\\n\"\n      }\n     ]\n    }\n   },\n   \"servicePrincipalProfile\"\
        : {\n    \"clientId\":\"00000000-0000-0000-0000-000000000001\"\n   },\n  \
        \ \"nodeResourceGroup\": \"MC_clitest000001_cliakstest000001_westus2\",\n\
        \   \"enableRBAC\": true,\n   \"supportPlan\": \"KubernetesOfficial\",\n \
        \  \"networkProfile\": {\n    \"networkPlugin\": \"kubenet\",\n    \"loadBalancerSku\"\
        : \"Standard\",\n    \"loadBalancerProfile\": {\n     \"managedOutboundIPs\"\
        : {\n      \"count\": 1\n     },\n     \"effectiveOutboundIPs\": [\n     \
        \ {\n       \"id\": \"/subscriptions/00000000-0000-0000-0000-000000000000/resourceGroups/MC_clitest000001_cliakstest000001_westus2/providers/Microsoft.Network/publicIPAddresses/7a1b08b3-3453-4b93-bbcc-2a52b7ea0f2c\"\
        \n      }\n     ]\n    },\n    \"podCidr\": \"10.244.0.0/16\",\n    \"serviceCidr\"\
        : \"10.0.0.0/16\",\n    \"dnsServiceIP\": \"10.0.0.10\",\n    \"outboundType\"\
        : \"loadBalancer\",\n    \"podCidrs\": [\n     \"10.244.0.0/16\"\n    ],\n\
        \    \"serviceCidrs\": [\n     \"10.0.0.0/16\"\n    ],\n    \"ipFamilies\"\
        : [\n     \"IPv4\"\n    ]\n   },\n   \"maxAgentPools\": 100,\n   \"identityProfile\"\
        : {\n    \"kubeletidentity\": {\n     \"resourceId\": \"/subscriptions/00000000-0000-0000-0000-000000000000/resourcegroups/MC_clitest000001_cliakstest000001_westus2/providers/Microsoft.ManagedIdentity/userAssignedIdentities/cliakstest000001-agentpool\"\
        ,\n     \"clientId\":\"00000000-0000-0000-0000-000000000001\",\n     \"objectId\"\
        :\"00000000-0000-0000-0000-000000000001\"\n    }\n   },\n   \"disableLocalAccounts\"\
        : false,\n   \"securityProfile\": {},\n   \"storageProfile\": {\n    \"diskCSIDriver\"\
        : {\n     \"enabled\": true\n    },\n    \"fileCSIDriver\": {\n     \"enabled\"\
        : true\n    },\n    \"snapshotController\": {\n     \"enabled\": true\n  \
        \  }\n   },\n   \"oidcIssuerProfile\": {\n    \"enabled\": false\n   },\n\
        \   \"workloadAutoScalerProfile\": {}\n  },\n  \"identity\": {\n   \"type\"\
        : \"SystemAssigned\",\n   \"principalId\":\"00000000-0000-0000-0000-000000000001\"\
        ,\n   \"tenantId\": \"72f988bf-86f1-41af-91ab-2d7cd011db47\"\n  },\n  \"sku\"\
        : {\n   \"name\": \"Base\",\n   \"tier\": \"Free\"\n  }\n }"
    headers:
      cache-control:
      - no-cache
      content-length:
      - '4309'
      content-type:
      - application/json
      date:
      - Wed, 14 Jun 2023 20:51:36 GMT
      expires:
      - '-1'
      pragma:
      - no-cache
      server:
      - nginx
      strict-transport-security:
      - max-age=31536000; includeSubDomains
      transfer-encoding:
      - chunked
      vary:
      - Accept-Encoding
      x-content-type-options:
      - nosniff
    status:
      code: 200
      message: OK
- request:
    body: null
    headers:
      Accept:
      - application/json
      Accept-Encoding:
      - gzip, deflate
      CommandName:
      - aks list
      Connection:
      - keep-alive
      ParameterSetName:
      - -g
      User-Agent:
      - AZURECLI/2.49.0 azsdk-python-azure-mgmt-containerservice/23.0.0 Python/3.8.16
        (macOS-13.4-arm64-arm-64bit)
    method: GET
    uri: https://management.azure.com/subscriptions/00000000-0000-0000-0000-000000000000/resourceGroups/clitest000001/providers/Microsoft.ContainerService/managedClusters?api-version=2023-04-01
  response:
    body:
      string: "{\n  \"value\": [\n   {\n    \"id\": \"/subscriptions/00000000-0000-0000-0000-000000000000/resourcegroups/clitest000001/providers/Microsoft.ContainerService/managedClusters/cliakstest000001\"\
        ,\n    \"location\": \"westus2\",\n    \"name\": \"cliakstest000001\",\n \
        \   \"tags\": {\n     \"key1\": \"value1\"\n    },\n    \"type\": \"Microsoft.ContainerService/ManagedClusters\"\
        ,\n    \"properties\": {\n     \"provisioningState\": \"Succeeded\",\n   \
        \  \"powerState\": {\n      \"code\": \"Running\"\n     },\n     \"kubernetesVersion\"\
        : \"1.25.6\",\n     \"currentKubernetesVersion\": \"1.25.6\",\n     \"dnsPrefix\"\
        : \"cliaksdns000002\",\n     \"fqdn\": \"cliaksdns000002-8a577wh4.hcp.westus2.azmk8s.io\"\
        ,\n     \"azurePortalFQDN\": \"cliaksdns000002-8a577wh4.portal.hcp.westus2.azmk8s.io\"\
        ,\n     \"agentPoolProfiles\": [\n      {\n       \"name\": \"nodepool1\"\
        ,\n       \"count\": 1,\n       \"vmSize\": \"Standard_DS2_v2\",\n       \"\
        osDiskSizeGB\": 128,\n       \"osDiskType\": \"Managed\",\n       \"kubeletDiskType\"\
        : \"OS\",\n       \"maxPods\": 110,\n       \"type\": \"VirtualMachineScaleSets\"\
        ,\n       \"enableAutoScaling\": false,\n       \"provisioningState\": \"\
        Succeeded\",\n       \"powerState\": {\n        \"code\": \"Running\"\n  \
        \     },\n       \"orchestratorVersion\": \"1.25.6\",\n       \"currentOrchestratorVersion\"\
        : \"1.25.6\",\n       \"enableNodePublicIP\": false,\n       \"nodeLabels\"\
        : {\n        \"label1\": \"value1\",\n        \"label2\": \"value2\"\n   \
        \    },\n       \"mode\": \"System\",\n       \"enableEncryptionAtHost\":\
        \ false,\n       \"enableUltraSSD\": false,\n       \"osType\": \"Linux\"\
        ,\n       \"osSKU\": \"Ubuntu\",\n       \"nodeImageVersion\": \"AKSUbuntu-2204gen2containerd-202306.01.0\"\
        ,\n       \"upgradeSettings\": {},\n       \"enableFIPS\": false\n      }\n\
        \     ],\n     \"linuxProfile\": {\n      \"adminUsername\": \"azureuser\"\
        ,\n      \"ssh\": {\n       \"publicKeys\": [\n        {\n         \"keyData\"\
        : \"ssh-rsa AAAAB3NzaC1yc2EAAAADAQABAAACAQCbIg1guRHbI0lV11wWDt1r2cUdcNd27CJsg+SfgC7miZeubtwUhbsPdhMQsfDyhOWHq1+ZL0M+nJZV63d/1dhmhtgyOqejUwrPlzKhydsbrsdUor+JmNJDdW01v7BXHyuymT8G4s09jCasNOwiufbP/qp72ruu0bIA1nySsvlf9pCQAuFkAnVnf/rFhUlOkhtRpwcq8SUNY2zRHR/EKb/4NWY1JzR4sa3q2fWIJdrrX0DvLoa5g9bIEd4Df79ba7v+yiUBOS0zT2ll+z4g9izHK3EO5d8hL4jYxcjKs+wcslSYRWrascfscLgMlMGh0CdKeNTDjHpGPncaf3Z+FwwwjWeuiNBxv7bJo13/8B/098KlVDl4GZqsoBCEjPyJfV6hO0y/LkRGkk7oHWKgeWAfKtfLItRp00eZ4fcJNK9kCaSMmEugoZWcI7NGbZXzqFWqbpRI7NcDP9+WIQ+i9U5vqWsqd/zng4kbuAJ6UuKqIzB0upYrLShfQE3SAck8oaLhJqqq56VfDuASNpJKidV+zq27HfSBmbXnkR/5AK337dc3MXKJypoK/QPMLKUAP5XLPbs+NddJQV7EZXd29DLgp+fRIg3edpKdO7ZErWhv7d+3Kws+e1Y+ypmR2WIVSwVyBEUfgv2C8Ts9gnTF4pNcEY/S2aBicz5Ew2+jdyGNQQ==\
        \ test@example.com\\n\"\n        }\n       ]\n      }\n     },\n     \"servicePrincipalProfile\"\
        : {\n      \"clientId\":\"00000000-0000-0000-0000-000000000001\"\n     },\n\
        \     \"nodeResourceGroup\": \"MC_clitest000001_cliakstest000001_westus2\"\
        ,\n     \"enableRBAC\": true,\n     \"supportPlan\": \"KubernetesOfficial\"\
        ,\n     \"networkProfile\": {\n      \"networkPlugin\": \"kubenet\",\n   \
        \   \"loadBalancerSku\": \"Standard\",\n      \"loadBalancerProfile\": {\n\
        \       \"managedOutboundIPs\": {\n        \"count\": 1\n       },\n     \
        \  \"effectiveOutboundIPs\": [\n        {\n         \"id\": \"/subscriptions/00000000-0000-0000-0000-000000000000/resourceGroups/MC_clitest000001_cliakstest000001_westus2/providers/Microsoft.Network/publicIPAddresses/7a1b08b3-3453-4b93-bbcc-2a52b7ea0f2c\"\
        \n        }\n       ]\n      },\n      \"podCidr\": \"10.244.0.0/16\",\n \
        \     \"serviceCidr\": \"10.0.0.0/16\",\n      \"dnsServiceIP\": \"10.0.0.10\"\
        ,\n      \"outboundType\": \"loadBalancer\",\n      \"podCidrs\": [\n    \
        \   \"10.244.0.0/16\"\n      ],\n      \"serviceCidrs\": [\n       \"10.0.0.0/16\"\
        \n      ],\n      \"ipFamilies\": [\n       \"IPv4\"\n      ]\n     },\n \
        \    \"maxAgentPools\": 100,\n     \"identityProfile\": {\n      \"kubeletidentity\"\
        : {\n       \"resourceId\": \"/subscriptions/00000000-0000-0000-0000-000000000000/resourcegroups/MC_clitest000001_cliakstest000001_westus2/providers/Microsoft.ManagedIdentity/userAssignedIdentities/cliakstest000001-agentpool\"\
        ,\n       \"clientId\":\"00000000-0000-0000-0000-000000000001\",\n       \"\
        objectId\":\"00000000-0000-0000-0000-000000000001\"\n      }\n     },\n  \
        \   \"disableLocalAccounts\": false,\n     \"securityProfile\": {},\n    \
        \ \"storageProfile\": {\n      \"diskCSIDriver\": {\n       \"enabled\": true\n\
        \      },\n      \"fileCSIDriver\": {\n       \"enabled\": true\n      },\n\
        \      \"snapshotController\": {\n       \"enabled\": true\n      }\n    \
        \ },\n     \"oidcIssuerProfile\": {\n      \"enabled\": false\n     },\n \
        \    \"workloadAutoScalerProfile\": {}\n    },\n    \"identity\": {\n    \
        \ \"type\": \"SystemAssigned\",\n     \"principalId\":\"00000000-0000-0000-0000-000000000001\"\
        ,\n     \"tenantId\": \"72f988bf-86f1-41af-91ab-2d7cd011db47\"\n    },\n \
        \   \"sku\": {\n     \"name\": \"Base\",\n     \"tier\": \"Free\"\n    }\n\
        \   }\n  ]\n }"
    headers:
      cache-control:
      - no-cache
      content-length:
      - '4590'
      content-type:
      - application/json
      date:
      - Wed, 14 Jun 2023 20:51:37 GMT
      expires:
      - '-1'
      pragma:
      - no-cache
      server:
      - nginx
      strict-transport-security:
      - max-age=31536000; includeSubDomains
      transfer-encoding:
      - chunked
      vary:
      - Accept-Encoding
      x-content-type-options:
      - nosniff
    status:
      code: 200
      message: OK
- request:
    body: null
    headers:
      Accept:
      - application/json
      Accept-Encoding:
      - gzip, deflate
      CommandName:
      - aks list
      Connection:
      - keep-alive
      ParameterSetName:
      - -g -o
      User-Agent:
      - AZURECLI/2.49.0 azsdk-python-azure-mgmt-containerservice/23.0.0 Python/3.8.16
        (macOS-13.4-arm64-arm-64bit)
    method: GET
    uri: https://management.azure.com/subscriptions/00000000-0000-0000-0000-000000000000/resourceGroups/clitest000001/providers/Microsoft.ContainerService/managedClusters?api-version=2023-04-01
  response:
    body:
      string: "{\n  \"value\": [\n   {\n    \"id\": \"/subscriptions/00000000-0000-0000-0000-000000000000/resourcegroups/clitest000001/providers/Microsoft.ContainerService/managedClusters/cliakstest000001\"\
        ,\n    \"location\": \"westus2\",\n    \"name\": \"cliakstest000001\",\n \
        \   \"tags\": {\n     \"key1\": \"value1\"\n    },\n    \"type\": \"Microsoft.ContainerService/ManagedClusters\"\
        ,\n    \"properties\": {\n     \"provisioningState\": \"Succeeded\",\n   \
        \  \"powerState\": {\n      \"code\": \"Running\"\n     },\n     \"kubernetesVersion\"\
        : \"1.25.6\",\n     \"currentKubernetesVersion\": \"1.25.6\",\n     \"dnsPrefix\"\
        : \"cliaksdns000002\",\n     \"fqdn\": \"cliaksdns000002-8a577wh4.hcp.westus2.azmk8s.io\"\
        ,\n     \"azurePortalFQDN\": \"cliaksdns000002-8a577wh4.portal.hcp.westus2.azmk8s.io\"\
        ,\n     \"agentPoolProfiles\": [\n      {\n       \"name\": \"nodepool1\"\
        ,\n       \"count\": 1,\n       \"vmSize\": \"Standard_DS2_v2\",\n       \"\
        osDiskSizeGB\": 128,\n       \"osDiskType\": \"Managed\",\n       \"kubeletDiskType\"\
        : \"OS\",\n       \"maxPods\": 110,\n       \"type\": \"VirtualMachineScaleSets\"\
        ,\n       \"enableAutoScaling\": false,\n       \"provisioningState\": \"\
        Succeeded\",\n       \"powerState\": {\n        \"code\": \"Running\"\n  \
        \     },\n       \"orchestratorVersion\": \"1.25.6\",\n       \"currentOrchestratorVersion\"\
        : \"1.25.6\",\n       \"enableNodePublicIP\": false,\n       \"nodeLabels\"\
        : {\n        \"label1\": \"value1\",\n        \"label2\": \"value2\"\n   \
        \    },\n       \"mode\": \"System\",\n       \"enableEncryptionAtHost\":\
        \ false,\n       \"enableUltraSSD\": false,\n       \"osType\": \"Linux\"\
        ,\n       \"osSKU\": \"Ubuntu\",\n       \"nodeImageVersion\": \"AKSUbuntu-2204gen2containerd-202306.01.0\"\
        ,\n       \"upgradeSettings\": {},\n       \"enableFIPS\": false\n      }\n\
        \     ],\n     \"linuxProfile\": {\n      \"adminUsername\": \"azureuser\"\
        ,\n      \"ssh\": {\n       \"publicKeys\": [\n        {\n         \"keyData\"\
        : \"ssh-rsa AAAAB3NzaC1yc2EAAAADAQABAAACAQCbIg1guRHbI0lV11wWDt1r2cUdcNd27CJsg+SfgC7miZeubtwUhbsPdhMQsfDyhOWHq1+ZL0M+nJZV63d/1dhmhtgyOqejUwrPlzKhydsbrsdUor+JmNJDdW01v7BXHyuymT8G4s09jCasNOwiufbP/qp72ruu0bIA1nySsvlf9pCQAuFkAnVnf/rFhUlOkhtRpwcq8SUNY2zRHR/EKb/4NWY1JzR4sa3q2fWIJdrrX0DvLoa5g9bIEd4Df79ba7v+yiUBOS0zT2ll+z4g9izHK3EO5d8hL4jYxcjKs+wcslSYRWrascfscLgMlMGh0CdKeNTDjHpGPncaf3Z+FwwwjWeuiNBxv7bJo13/8B/098KlVDl4GZqsoBCEjPyJfV6hO0y/LkRGkk7oHWKgeWAfKtfLItRp00eZ4fcJNK9kCaSMmEugoZWcI7NGbZXzqFWqbpRI7NcDP9+WIQ+i9U5vqWsqd/zng4kbuAJ6UuKqIzB0upYrLShfQE3SAck8oaLhJqqq56VfDuASNpJKidV+zq27HfSBmbXnkR/5AK337dc3MXKJypoK/QPMLKUAP5XLPbs+NddJQV7EZXd29DLgp+fRIg3edpKdO7ZErWhv7d+3Kws+e1Y+ypmR2WIVSwVyBEUfgv2C8Ts9gnTF4pNcEY/S2aBicz5Ew2+jdyGNQQ==\
        \ test@example.com\\n\"\n        }\n       ]\n      }\n     },\n     \"servicePrincipalProfile\"\
        : {\n      \"clientId\":\"00000000-0000-0000-0000-000000000001\"\n     },\n\
        \     \"nodeResourceGroup\": \"MC_clitest000001_cliakstest000001_westus2\"\
        ,\n     \"enableRBAC\": true,\n     \"supportPlan\": \"KubernetesOfficial\"\
        ,\n     \"networkProfile\": {\n      \"networkPlugin\": \"kubenet\",\n   \
        \   \"loadBalancerSku\": \"Standard\",\n      \"loadBalancerProfile\": {\n\
        \       \"managedOutboundIPs\": {\n        \"count\": 1\n       },\n     \
        \  \"effectiveOutboundIPs\": [\n        {\n         \"id\": \"/subscriptions/00000000-0000-0000-0000-000000000000/resourceGroups/MC_clitest000001_cliakstest000001_westus2/providers/Microsoft.Network/publicIPAddresses/7a1b08b3-3453-4b93-bbcc-2a52b7ea0f2c\"\
        \n        }\n       ]\n      },\n      \"podCidr\": \"10.244.0.0/16\",\n \
        \     \"serviceCidr\": \"10.0.0.0/16\",\n      \"dnsServiceIP\": \"10.0.0.10\"\
        ,\n      \"outboundType\": \"loadBalancer\",\n      \"podCidrs\": [\n    \
        \   \"10.244.0.0/16\"\n      ],\n      \"serviceCidrs\": [\n       \"10.0.0.0/16\"\
        \n      ],\n      \"ipFamilies\": [\n       \"IPv4\"\n      ]\n     },\n \
        \    \"maxAgentPools\": 100,\n     \"identityProfile\": {\n      \"kubeletidentity\"\
        : {\n       \"resourceId\": \"/subscriptions/00000000-0000-0000-0000-000000000000/resourcegroups/MC_clitest000001_cliakstest000001_westus2/providers/Microsoft.ManagedIdentity/userAssignedIdentities/cliakstest000001-agentpool\"\
        ,\n       \"clientId\":\"00000000-0000-0000-0000-000000000001\",\n       \"\
        objectId\":\"00000000-0000-0000-0000-000000000001\"\n      }\n     },\n  \
        \   \"disableLocalAccounts\": false,\n     \"securityProfile\": {},\n    \
        \ \"storageProfile\": {\n      \"diskCSIDriver\": {\n       \"enabled\": true\n\
        \      },\n      \"fileCSIDriver\": {\n       \"enabled\": true\n      },\n\
        \      \"snapshotController\": {\n       \"enabled\": true\n      }\n    \
        \ },\n     \"oidcIssuerProfile\": {\n      \"enabled\": false\n     },\n \
        \    \"workloadAutoScalerProfile\": {}\n    },\n    \"identity\": {\n    \
        \ \"type\": \"SystemAssigned\",\n     \"principalId\":\"00000000-0000-0000-0000-000000000001\"\
        ,\n     \"tenantId\": \"72f988bf-86f1-41af-91ab-2d7cd011db47\"\n    },\n \
        \   \"sku\": {\n     \"name\": \"Base\",\n     \"tier\": \"Free\"\n    }\n\
        \   }\n  ]\n }"
    headers:
      cache-control:
      - no-cache
      content-length:
      - '4590'
      content-type:
      - application/json
      date:
      - Wed, 14 Jun 2023 20:51:38 GMT
      expires:
      - '-1'
      pragma:
      - no-cache
      server:
      - nginx
      strict-transport-security:
      - max-age=31536000; includeSubDomains
      transfer-encoding:
      - chunked
      vary:
      - Accept-Encoding
      x-content-type-options:
      - nosniff
    status:
      code: 200
      message: OK
- request:
    body: null
    headers:
      Accept:
      - application/json
      Accept-Encoding:
      - gzip, deflate
      CommandName:
      - aks show
      Connection:
      - keep-alive
      ParameterSetName:
      - -g -n
      User-Agent:
      - AZURECLI/2.49.0 azsdk-python-azure-mgmt-containerservice/23.0.0 Python/3.8.16
        (macOS-13.4-arm64-arm-64bit)
    method: GET
    uri: https://management.azure.com/subscriptions/00000000-0000-0000-0000-000000000000/resourceGroups/clitest000001/providers/Microsoft.ContainerService/managedClusters/cliakstest000001?api-version=2023-04-01
  response:
    body:
      string: "{\n  \"id\": \"/subscriptions/00000000-0000-0000-0000-000000000000/resourcegroups/clitest000001/providers/Microsoft.ContainerService/managedClusters/cliakstest000001\"\
        ,\n  \"location\": \"westus2\",\n  \"name\": \"cliakstest000001\",\n  \"tags\"\
        : {\n   \"key1\": \"value1\"\n  },\n  \"type\": \"Microsoft.ContainerService/ManagedClusters\"\
        ,\n  \"properties\": {\n   \"provisioningState\": \"Succeeded\",\n   \"powerState\"\
        : {\n    \"code\": \"Running\"\n   },\n   \"kubernetesVersion\": \"1.25.6\"\
        ,\n   \"currentKubernetesVersion\": \"1.25.6\",\n   \"dnsPrefix\": \"cliaksdns000002\"\
        ,\n   \"fqdn\": \"cliaksdns000002-8a577wh4.hcp.westus2.azmk8s.io\",\n   \"\
        azurePortalFQDN\": \"cliaksdns000002-8a577wh4.portal.hcp.westus2.azmk8s.io\"\
        ,\n   \"agentPoolProfiles\": [\n    {\n     \"name\": \"nodepool1\",\n   \
        \  \"count\": 1,\n     \"vmSize\": \"Standard_DS2_v2\",\n     \"osDiskSizeGB\"\
        : 128,\n     \"osDiskType\": \"Managed\",\n     \"kubeletDiskType\": \"OS\"\
        ,\n     \"maxPods\": 110,\n     \"type\": \"VirtualMachineScaleSets\",\n \
        \    \"enableAutoScaling\": false,\n     \"provisioningState\": \"Succeeded\"\
        ,\n     \"powerState\": {\n      \"code\": \"Running\"\n     },\n     \"orchestratorVersion\"\
        : \"1.25.6\",\n     \"currentOrchestratorVersion\": \"1.25.6\",\n     \"enableNodePublicIP\"\
        : false,\n     \"nodeLabels\": {\n      \"label1\": \"value1\",\n      \"\
        label2\": \"value2\"\n     },\n     \"mode\": \"System\",\n     \"enableEncryptionAtHost\"\
        : false,\n     \"enableUltraSSD\": false,\n     \"osType\": \"Linux\",\n \
        \    \"osSKU\": \"Ubuntu\",\n     \"nodeImageVersion\": \"AKSUbuntu-2204gen2containerd-202306.01.0\"\
        ,\n     \"upgradeSettings\": {},\n     \"enableFIPS\": false\n    }\n   ],\n\
        \   \"linuxProfile\": {\n    \"adminUsername\": \"azureuser\",\n    \"ssh\"\
        : {\n     \"publicKeys\": [\n      {\n       \"keyData\": \"ssh-rsa AAAAB3NzaC1yc2EAAAADAQABAAACAQCbIg1guRHbI0lV11wWDt1r2cUdcNd27CJsg+SfgC7miZeubtwUhbsPdhMQsfDyhOWHq1+ZL0M+nJZV63d/1dhmhtgyOqejUwrPlzKhydsbrsdUor+JmNJDdW01v7BXHyuymT8G4s09jCasNOwiufbP/qp72ruu0bIA1nySsvlf9pCQAuFkAnVnf/rFhUlOkhtRpwcq8SUNY2zRHR/EKb/4NWY1JzR4sa3q2fWIJdrrX0DvLoa5g9bIEd4Df79ba7v+yiUBOS0zT2ll+z4g9izHK3EO5d8hL4jYxcjKs+wcslSYRWrascfscLgMlMGh0CdKeNTDjHpGPncaf3Z+FwwwjWeuiNBxv7bJo13/8B/098KlVDl4GZqsoBCEjPyJfV6hO0y/LkRGkk7oHWKgeWAfKtfLItRp00eZ4fcJNK9kCaSMmEugoZWcI7NGbZXzqFWqbpRI7NcDP9+WIQ+i9U5vqWsqd/zng4kbuAJ6UuKqIzB0upYrLShfQE3SAck8oaLhJqqq56VfDuASNpJKidV+zq27HfSBmbXnkR/5AK337dc3MXKJypoK/QPMLKUAP5XLPbs+NddJQV7EZXd29DLgp+fRIg3edpKdO7ZErWhv7d+3Kws+e1Y+ypmR2WIVSwVyBEUfgv2C8Ts9gnTF4pNcEY/S2aBicz5Ew2+jdyGNQQ==\
        \ test@example.com\\n\"\n      }\n     ]\n    }\n   },\n   \"servicePrincipalProfile\"\
        : {\n    \"clientId\":\"00000000-0000-0000-0000-000000000001\"\n   },\n  \
        \ \"nodeResourceGroup\": \"MC_clitest000001_cliakstest000001_westus2\",\n\
        \   \"enableRBAC\": true,\n   \"supportPlan\": \"KubernetesOfficial\",\n \
        \  \"networkProfile\": {\n    \"networkPlugin\": \"kubenet\",\n    \"loadBalancerSku\"\
        : \"Standard\",\n    \"loadBalancerProfile\": {\n     \"managedOutboundIPs\"\
        : {\n      \"count\": 1\n     },\n     \"effectiveOutboundIPs\": [\n     \
        \ {\n       \"id\": \"/subscriptions/00000000-0000-0000-0000-000000000000/resourceGroups/MC_clitest000001_cliakstest000001_westus2/providers/Microsoft.Network/publicIPAddresses/7a1b08b3-3453-4b93-bbcc-2a52b7ea0f2c\"\
        \n      }\n     ]\n    },\n    \"podCidr\": \"10.244.0.0/16\",\n    \"serviceCidr\"\
        : \"10.0.0.0/16\",\n    \"dnsServiceIP\": \"10.0.0.10\",\n    \"outboundType\"\
        : \"loadBalancer\",\n    \"podCidrs\": [\n     \"10.244.0.0/16\"\n    ],\n\
        \    \"serviceCidrs\": [\n     \"10.0.0.0/16\"\n    ],\n    \"ipFamilies\"\
        : [\n     \"IPv4\"\n    ]\n   },\n   \"maxAgentPools\": 100,\n   \"identityProfile\"\
        : {\n    \"kubeletidentity\": {\n     \"resourceId\": \"/subscriptions/00000000-0000-0000-0000-000000000000/resourcegroups/MC_clitest000001_cliakstest000001_westus2/providers/Microsoft.ManagedIdentity/userAssignedIdentities/cliakstest000001-agentpool\"\
        ,\n     \"clientId\":\"00000000-0000-0000-0000-000000000001\",\n     \"objectId\"\
        :\"00000000-0000-0000-0000-000000000001\"\n    }\n   },\n   \"disableLocalAccounts\"\
        : false,\n   \"securityProfile\": {},\n   \"storageProfile\": {\n    \"diskCSIDriver\"\
        : {\n     \"enabled\": true\n    },\n    \"fileCSIDriver\": {\n     \"enabled\"\
        : true\n    },\n    \"snapshotController\": {\n     \"enabled\": true\n  \
        \  }\n   },\n   \"oidcIssuerProfile\": {\n    \"enabled\": false\n   },\n\
        \   \"workloadAutoScalerProfile\": {}\n  },\n  \"identity\": {\n   \"type\"\
        : \"SystemAssigned\",\n   \"principalId\":\"00000000-0000-0000-0000-000000000001\"\
        ,\n   \"tenantId\": \"72f988bf-86f1-41af-91ab-2d7cd011db47\"\n  },\n  \"sku\"\
        : {\n   \"name\": \"Base\",\n   \"tier\": \"Free\"\n  }\n }"
    headers:
      cache-control:
      - no-cache
      content-length:
      - '4309'
      content-type:
      - application/json
      date:
      - Wed, 14 Jun 2023 20:51:40 GMT
      expires:
      - '-1'
      pragma:
      - no-cache
      server:
      - nginx
      strict-transport-security:
      - max-age=31536000; includeSubDomains
      transfer-encoding:
      - chunked
      vary:
      - Accept-Encoding
      x-content-type-options:
      - nosniff
    status:
      code: 200
      message: OK
- request:
    body: null
    headers:
      Accept:
      - application/json
      Accept-Encoding:
      - gzip, deflate
      CommandName:
      - aks get-credentials
      Connection:
      - keep-alive
      Content-Length:
      - '0'
      ParameterSetName:
      - -g -n --file
      User-Agent:
      - AZURECLI/2.49.0 azsdk-python-azure-mgmt-containerservice/23.0.0 Python/3.8.16
        (macOS-13.4-arm64-arm-64bit)
    method: POST
    uri: https://management.azure.com/subscriptions/00000000-0000-0000-0000-000000000000/resourceGroups/clitest000001/providers/Microsoft.ContainerService/managedClusters/cliakstest000001/listClusterUserCredential?api-version=2023-04-01
  response:
    body:
      string: "{\n  \"kubeconfigs\": [\n   {\n    \"name\": \"clusterUser\",\n   \
        \ \"value\": \"YXBpVmVyc2lvbjogdjEKY2x1c3RlcnM6Ci0gY2x1c3RlcjoKICAgIGNlcnRpZmljYXRlLWF1dGhvcml0eS1kYXRhOiBMUzB0TFMxQ1JVZEpUaUJEUlZKVVNVWkpRMEZVUlMwdExTMHRDazFKU1VVMlJFTkRRWFJEWjBGM1NVSkJaMGxSVEhSTFoxWlhhMU4wYVVaUWQzZGhTbHBMTlZWVmFrRk9RbWRyY1docmFVYzVkekJDUVZGelJrRkVRVTRLVFZGemQwTlJXVVJXVVZGRVJYZEthbGxVUVdkR2R6QjVUWHBCTWsxVVVYbE5SRTAwVGtSa1lVZEJPSGxOUkZWNlRVUlplRTVFU1hkT1JHY3dUakZ2ZHdwRVZFVk1UVUZyUjBFeFZVVkJlRTFEV1RKRmQyZG5TV2xOUVRCSFExTnhSMU5KWWpORVVVVkNRVkZWUVVFMFNVTkVkMEYzWjJkSlMwRnZTVU5CVVVOM0NqRlljR2xxVFhjcmNqZE5UMDFGV2pKV1FqZHVXbUZhZVVOQlVTdHZNVXgzWjJoRFRFRXdNVEZzZEVsME1XUjFia280T1cwNGFYa3hTMjVLTHpOWE4wMEtUR2RNVEhoUFp6RXlhR00xYjJ4TlpHWnZZMXBpUnpGclRWZDVUVEJxTkd0emVrRlVWSGx3YzAxV1duZERjVVJVV0d0bU4xSnJTVkJITlZkbVR6aFNNd3B4VlVaQ2NVRlJjbWhDTUdsV2NVbE5OMEkxTW05NFYzWldRM280VVRJclJIaHVkR0U0TVc5bWFUaGtjR1ExZFhKNVIzQkxNV2REUVdGb2VtaFJVVTloQ21NdlUzWmhWV1pKVERSS1kwMVdjR1JoV1ZoallqTldTazh4TW5saWQxSjNhRFkxZUdOTE9YZHNka1JKVDFWQlltb3JRM0JyV0RoUmMxTmFUVTF5TVVJS1dtWkVNMGhJYjFWUGRqQkpNRlpsUjJ4alpVVnFTVFE0V0dnclNITnFlR05zVFc1S2IxbFRlVU41WWt4c2JWVjBOR1E1YzNZeFF5OXBVVXg1VjFGQ1Z3cDRSazlvT0RkRlpXNTVXRTQ1WWtWRU1HZFdVM2x1Tld3eFoxcFZVVkJYUW1Sd056ZE5TV013WmtWM1JTOUtTR0ZHTkdWVE9XRnRhREpoWm5KdlRtcHpDamhNZUZBdmRqZGlPRlpNVW0xdE1WTkxMME53V2xkR2IyVnhLMEpUV0hwNmNIbDJXV2d4Vm10amN6bFliM3BTVlN0U2VqZG1jRkkwUkZwSGFFb3dOMlVLUjBRM1dHSlVNVEZGUVdGVlFsbFFkM0Z1Yml0RGFsZFhaMjU0Vm5sSFRGRkRiME5QVlcxaU9VaHZaRkkyZGpoV1NTOHlVRmc0VmpkeGFFeFJVMUYwYmdwYVNYaFFSVUZrTjJKdlF6SjVWSFJPV1M5SmNVZFpXRnBuYzIweFpsbENkM0pDVXpoTllucERNU3RGU0VSdVdVbG5iRTlPVnpCSmVGWk9TMUV4Um1Gb0NrWTJiR05pWWpodlJrMTRSVk5YTmpGRmEydDVkRGhOY2xreE5tMUVTMXAwWXpOb1NVeHlTbXh4YTJ3MGVFbzBObUUxVVROeE1UQnJhMGd3V2pGVmJtZ0taM3BMYVdOYUx6VXJPRTFSUVVaVE4xWTJUWGxIT1dOTVJETnVhV2gzYTNoaU0zWkNZWGxGY1VwUlNVUkJVVUZDYnpCSmQxRkVRVTlDWjA1V1NGRTRRZ3BCWmpoRlFrRk5RMEZ4VVhkRWQxbEVWbEl3VkVGUlNDOUNRVlYzUVhkRlFpOTZRV1JDWjA1V1NGRTBSVVpuVVZWRFZEbDRjbVZMUkhsUFVsTjFSbE16Q21odFRrdzFiakJITW05bmQwUlJXVXBMYjFwSmFIWmpUa0ZSUlV4Q1VVRkVaMmRKUWtGSVMwZGxVakZoVmt3NGVtWnJOR3RUZDJ3d1JqVlhTRVJMWkVJS1l6UlRaVmxCVUZwVlIxaFBjMmxrV0VWc09XaFVTRmdyVDFFMmVEbERUVUZEV0cxTVZFdEZXR041YlhoNVEybzBhV3RET0VkR2JtRkxWakJzWmt4aWRRb3hOMFJ3Tm1ONVMxTlpWVGd2VkZWVEwzVkxVa013V0N0b1V6SnFUa2c0Wlc0eFMxSjFaRmxaVjJ4a1RHTm5jR3BxUVc5dWMzTklPR2h1TkdkeWR6aHpDa1ZrUzBWT2JrUTVaSE5JUlc5TloxQm5UakZvWlVsRFRTczRZMjF4ZVVzeVdXUkxXRll2ZEVaM01XUXdXVEZtYTFoWGJVdG5aRlkzVEUxUVdXbExjelFLTHpZMmFreHFZekEyTVZGeU9VSlNVbTgwTVRCWGFtUXhXRFl6ZWxKT2NubE5abk5FZVVSbU9GTTBZVVkzVjBKVVpXUlRWMGRuTmpCRU5HTkVOMGQ0YlFwVE5qZzJVWGQ0YjJSRFRrTnNObVJFYjJvdk1TOXBiWFZUVDJKM1FVMTNNamR3U1drMFpUUlZZbmh2V20xVFoyZFhRekJzYjFOS1QwUmhlSEZpTTJWeENuaFVVSGhhYUZNNFNFSkZNSFJwZUZNeVJEaDZPSFZTTWxWcE0zaHZkVll6Tm1NNE0ydHFTR0owZWxWUlZFUjNMMnhYWWtWalZHeE5aek4zVlRodmQwNEtlbnBvVTFCNFZUaE9hMkpRTjNkeVVXSkNkV0pNVFVGYVExRnNTVTVHVEdacFNrSkxaVFpNVW5SYU5sUjRNRGhtWVdJMVJtdDBVV2xwY2xaRmMyaG1ad3BQTUZZMFducGFaVFV6ZWtsM1IwTjVSVTVDVGxkSFNIWlVUSE5OY0VORmFGbGFWVGR2YzI4MGRqQm9TblZwZW5aVlFYRnhiR1F4WmtOVVdYRm1iblF2Q25WR1NHSlRSRk5OWTB0d1NYQnBiVWxHZHpCd1IxSk1WbkZFVFhGa1oyaGlSelprU2xreFlsbzBWV2c1TUdOalUwNUtia3hpUzBKa1oxQmxhRU4zT1U4S01Vc3dkMEUyZVhkTk5EWnNjR0pTZUdFNWJEZHdhMVZPTms1VmMwOXNhVGxCVkRsVE1uaE5kRXB1TDFGWWVtUm9WV3A2VVVkTlRuWjBjMG94YlhGbFRRcDFPVzF4T0had2VtVjZNU3N4VXpCSUNpMHRMUzB0UlU1RUlFTkZVbFJKUmtsRFFWUkZMUzB0TFMwSwogICAgc2VydmVyOiBodHRwczovL2NsaWFrc2Ruc2pzeXc0YzItOGE1Nzd3aDQuaGNwLndlc3R1czIuYXptazhzLmlvOjQ0MwogIG5hbWU6IGNsaWFrc3Rlc3RnY3RkYzIKY29udGV4dHM6Ci0gY29udGV4dDoKICAgIGNsdXN0ZXI6IGNsaWFrc3Rlc3RnY3RkYzIKICAgIHVzZXI6IGNsdXN0ZXJVc2VyX2NsaXRlc3R3bXhlZmQ3bXF6X2NsaWFrc3Rlc3RnY3RkYzIKICBuYW1lOiBjbGlha3N0ZXN0Z2N0ZGMyCmN1cnJlbnQtY29udGV4dDogY2xpYWtzdGVzdGdjdGRjMgpraW5kOiBDb25maWcKcHJlZmVyZW5jZXM6IHt9CnVzZXJzOgotIG5hbWU6IGNsdXN0ZXJVc2VyX2NsaXRlc3R3bXhlZmQ3bXF6X2NsaWFrc3Rlc3RnY3RkYzIKICB1c2VyOgogICAgY2xpZW50LWNlcnRpZmljYXRlLWRhdGE6IExTMHRMUzFDUlVkSlRpQkRSVkpVU1VaSlEwRlVSUzB0TFMwdENrMUpTVVpJVkVORFFYZFhaMEYzU1VKQlowbFJUbkpqTlRKNFNqTkpiWFl2Y1dwM1dDOUJSemwyUkVGT1FtZHJjV2hyYVVjNWR6QkNRVkZ6UmtGRVFVNEtUVkZ6ZDBOUldVUldVVkZFUlhkS2FsbFVRV1ZHZHpCNVRYcEJNazFVVVhsTlJFMDBUa1JrWVVaM01IbE9WRUV5VFZSUmVVMUVVVFJPUkdSaFRVUkJlQXBHZWtGV1FtZE9Wa0pCYjFSRWJrNDFZek5TYkdKVWNIUlpXRTR3V2xoS2VrMVNWWGRGZDFsRVZsRlJSRVYzZUhSWldFNHdXbGhLYW1KSGJHeGlibEYzQ21kblNXbE5RVEJIUTFOeFIxTkpZak5FVVVWQ1FWRlZRVUUwU1VORWQwRjNaMmRKUzBGdlNVTkJVVVJKYURSblpIQndZVmRLYURSQk1IbHlkbTFPZEhnS2NVY3ZOR3BLTWtOcFVIZFhjMDB4VVZoc01VNUJiRUZGSzIxMVVWRm5LM3BtUkdObGJHeHNRMlp0TjNod1IyWktlVVZSTWtoYWFHRjVTRWRFY0hWaFR3cG9TbmxOWldFclRtdDFiemhWUVhsaVUycGtheTlaY0c0NWIxRmtlSGQ0YmpKV1lWcGtWSE14T0c5WGR6TnJOak5YWjI1TGFDOVNiSFE1ZDNwTGJYRkdDbmhaTlRCVlZXb3JaM0IxV0dWWGFFRjNORXhVWkVOQ2FqRlhNMm93V1hWMVRrZG1TMk5RUzNsUGQzUXZOekptV0ZsclFXMXlWbEpNZFZKMFFrVnhOV3NLZEdKeWNYQlZXbEl4YXl0b2R6Vk5hR3RNU1dkbmFVY3JXRXB0ZVhRMmJEQXZTR1prUkcxeGRVVkdOM2hrY1VaeFdrVjZlbGRHTnpsYU16TmlWelZKWndwQ1JHZHVXVEJLY1RrMGIwaFdPVUpqWW5vclpuTkhhMUZ4UlRWWWQxUkVTbEYyYTBzNWEwdENiR1pYYjIxVlZWSnBSelozZVV4SlZVdDZXbE4yT0dOVENrZFRPUzlGTW5kVlRFcEVLMXBDY0ZaT1EzVmxjR1JhV25aQmRsQmtOVGhPVG5SbE5URk1aVlJoZW1GbFFraEtSa3hoYW1GMkswSnhiRWRIVW5nelNVMEtRV0kzYjNRdmIweFNhalJST1VoYVpUbDNXa3hUY0Rkd1VUSTJaV2t2TW5kbU1sRldSMHc0UzFJclowUlZjMUJQWm10ak1IRTFiR2t4T1N0bFJtRnhRUXAyVVd4VVpVTmhiM0JCTkdGMGR6SnhSVTlTWTBKVVpWQkxOVUZFVTAxbVFqY3JURVpZT1RKb0szZE1MM1V5VDBWM1VEaEhXRE00WVdsdU1WZ3JVQ3RSQ25CU1ZTOUNRVmx6Um14SlEyZFdhemhJZWxkSVdYQmxhV3hSWkVreGNuQnBUMHRrVlM4ck9GTnRhMlpMYTNFd1Z6QldWMlZDV1dWa1pGTmpjbTluVlhvS1FsRm1hSG8wTDFobFFuZGhjSGQxVkd0NGQxRjFWVTlLZEd4YWVrdFdaakJxTVZWS1lYUkhWMW96UlhadGJHTlFRVlF5WW5WTk9VaEdUR3RtYjFoRVlnb3Zka2xNVlRsamFWZDVWbU5UUVZFd1FsRkJZbU4zU1VSQlVVRkNiekZaZDFaRVFVOUNaMDVXU0ZFNFFrRm1PRVZDUVUxRFFtRkJkMFYzV1VSV1VqQnNDa0pCZDNkRFoxbEpTM2RaUWtKUlZVaEJkMGwzUkVGWlJGWlNNRlJCVVVndlFrRkpkMEZFUVdaQ1owNVdTRk5OUlVkRVFWZG5RbEZLVUROSGREUnZVRWtLTlVaTE5GWk1aVWRaTUhadFpsRmlZV2xFUVU1Q1oydHhhR3RwUnpsM01FSkJVWE5HUVVGUFEwRm5SVUZITjNONmJucHRTV3MwVm1vd1NEaFVSVTVsVlFweFdYZGFjR1JVYnpWUGRFVk5ZblF3VldoT1ZqbE9WWGhZWlZwMVVtcDZiV0Z4YjFab1lsQXJWRVpDUzBZdmMwMU9iakpJZVRoc2VFSnFlVmc1TnpCVENrOXlOVk16WlRCR1dHRnZTMDlLVVU5clRsQlFka0ZPZGtSbmVuWk9RVEpXTTI5ck9VRjBUbEZOUVhkTU5FZG1XVGxZWlZsdksxUTBlbnAzV1RocWJFTUthMFlyUjFjeE9ESnpSM0JXZFdkWFYzWnBjMDAyYjFSbFYwcG1Ra2xoVXpKVlRWTkxTVTVhWlcxMFJtcFdTbmxNWVdoSlkyWkVaaXM0VGpKUmIzZGFTQXB3Uml0MFJYbDJWRTl4VjBOMlNFMUdhRmR4VTBWMFZuRk1lVFV5T1hFNFR6UkZZa1pFVDFwM1dYZERkbkZWTVVnMVJEQTRXRzF3WTB4TlV6UndWa0V2Q21wSU9ITlNZbEpKUmxscU5EQXdkRUZZV25SeU0wdDJLM055ZDNVME5qRTFTVGxYTHpKMFZuUldkamRxTTNnMFZEbFZSM2RqTTFkQlYxVnZXSEoxWmxrS1RrVjJhVFpNYUN0YWRrWlVUbXRCY0RjdlltaFVWMUozUkdwUlJFVmFia2t2VWpCbE5VOHlXRFpKVm5Od1lWWkNXRlJoZFhwdlNVRmxZMmt2UkRVMlV3cGxkMGswUzNoTFpqSnhVek0zV25OWVdtMTNOVTF6ZEhKeVFYcEhjRkJFV1RRNWEwNVVWU3ROUTNRck1tSkdhekI1TURCeFNGaDRRbmx2Um1OVEx6bERDbUphWVUxRFVIaHFlREI0ZG1jck5YUm5RV2RqYVVGbVRGZzNOalZPYjJWa1VFWmlaSEpOUVdOdE56UndRVWN2U2preGNpdHJVbWxDU2xCdGRrSklRM1VLWjJaMVFtYzNRa1JvYzJaR1pWWnZablJJTUVOalpIUjZRMEkwVEdaelZqVnZNa0pzT1hscmEzZEdUMnhKWjFsamNucFRUV1F4TkVRemFteFFaMk5HU2dwRFFqWk9jbkJMU21JNFl6QTNaWFJOWW1aWk5GSkpXamxGUXpkWU5raENhV0Z1VW5wdU1uUXpXRlJ1V0hselpuTTVOVUprWVRVeGF6TmpUMUYzYVhsRUNqTm9abWhMZW5VeFdrdDNhamhHVDBwbU9XbEtiM1JOUFFvdExTMHRMVVZPUkNCRFJWSlVTVVpKUTBGVVJTMHRMUzB0Q2c9PQogICAgY2xpZW50LWtleS1kYXRhOiBMUzB0TFMxQ1JVZEpUaUJTVTBFZ1VGSkpWa0ZVUlNCTFJWa3RMUzB0TFFwTlNVbEtTMEZKUWtGQlMwTkJaMFZCZVVsbFNVaGhZVmRzYVZsbFFVNU5jVGMxYW1KallXaDJLMGw1WkdkdmFqaEdja1JPVlVZMVpGUlJTbEZDVUhCeUNtdEZTVkJ6TTNjelNIQmFXbEZ1TlhVNFlWSnVlV05vUlU1b01sbFhjMmg0WnpaaWJXcHZVMk5xU0cxMmFscE1jVkJHUVUxdE1HOHpXbEF5UzFvdllVVUtTR05qVFZvNWJGZHRXRlUzVG1aTFJuTk9OVTkwTVc5S2VXOW1NRnBpWm1OTmVYQnhhR05YVDJSR1Jra3ZiMHRpYkROc2IxRk5UME13TTFGbldUbFdkQW8wT1VkTWNtcFNibmx1UkhsemFuTk1aaXM1YmpFeVNrRktjVEZWVXpkcllsRlNTM1ZhVEZjMk5uRldSMVZrV2xCdlkwOVVTVnBEZVVsSlNXaDJiSGxhQ25OeVpYQmtVSGd6TTFFMWNYSm9RbVU0V0dGb1lXMVNUVGd4YUdVdlYyUTVNakYxVTBsQlVUUktNazVEWVhabFMwSXhabEZZUnpndmJqZENjRVZMYUU4S1ZqaEZkM2xWVERWRGRscERaMXBZTVhGS2JFWkZXV2gxYzAxcGVVWkRjekpWY2k5SVJXaHJkbVo0VG5OR1EzbFJMMjFSWVZaVVVYSnVjVmhYVjJKM1RBcDZNMlZtUkZSaVdIVmtVek5yTW5NeWJtZFNlVkpUTW04eWNpOW5ZWEJTYUd0alpIbEVRVWNyTmt4bU5rTXdXU3RGVUZJeVdIWmpSMU13Y1dVMlZVNTFDbTV2ZGpselNEbHJSbEpwTDBOclptOUJNVXhFZW00MVNFNUxkVnBaZEdabWJtaFhjV2RNTUVwVk0yZHRjVXRSVDBkeVkwNXhhRVJyV0VGVk0ycDVkVkVLUVRCcVNIZGxMMmw0Vmk5a2IyWnpReTgzZEdwb1RVUXZRbXc1TDBkdmNEbFdMMm92YTB0VlZsQjNVVWRNUWxwVFFXOUdXbEJDT0RGb01rdFliM0JWU0FwVFRtRTJXV3BwYmxaUUwzWkZjSEJJZVhCTGRFWjBSbFp1WjFkSWJsaFZia3MyU1VaTmQxVklOR01yVURFeloyTkhjV05NYXpWTlkwVk1iRVJwWWxwWENtTjViRmc1U1RsV1ExZHlVbXh0WkhoTU5YQllSSGRGT1cwM2FsQlNlRk0xU0RaR2R6SXZOM2xETVZCWVNXeHpiRmhGWjBWT1FWVkJSek5OUTBGM1JVRUtRVkZMUTBGblFUVTNXVEJSYnpkTlZYQlBXVGszYzB0VlprWXZTVTFhVWtoQ1RHWnliMWszVWt4NmJtZFpZVWx4VVU5VVJYa3lTMUJTWTFseVdERkxPQW8zTUc1U2RqVjRiRU5qTVVKeFUzbHlVbFpzYUhkRk1uRmliV2hxS3pCTlQwRlphMHBMVFhWd2NVdFpOM0JtUkdsd05uUXpOVTl4T1dZeVlrTkRWRXhRQ2tkbFMwVTNkelZZZW1GRFNISjFZblJNZFVWWVJWVnVNMHhsVjJaNGVsbHFkU3RsVDFCclUyTlBWMGswWXpCSmVuVXpVWFkwZEZCbU5FRlRkSGxyTTBJS1YxZGxRM1pVVUZKUVYwOVBRVXd2ZG1KR2NsSnNVMDlsV2t4emEwNUxkRTlhV0dkMU5DczBWa2RPTlVRM0wzcEdSREZMV1VoNkx6Tk9URGh5U1VaUGRnbzVRalF4VFd3eE5pc3pOR1J6WlZCWk1rVndOR2RhUlVZNFUyOUNVR0ppVEVObk1rSjNVV2xMYm00NUsyUkdVelF5VFd4Q1IzQXlia1pDVURONkwxVktDbWxoU1d0MFUwWkhSbmxEZDNNcmVtd3ZUbEZWY0ROalJqWkphV3N5Y0ZCaFZXTnlWVkJ2Tm1wVWNGWkNSbVZhTlZsNVQyaEJjRnBoVXk5S2VqbExjVElLWjJ0eE0yb3pSVlpWTjNOWVEwZHVLMVZxTVVobmQyVktlVzV4WTFneFltczFRa3RKYlhBNEwyRlphMmhGZUhFck9WRXljRGxXY3pOTGFsVnFVM1pJU3dwWmRtSldkRVpKU1dWME1UTnpNekJ0UjJSRWVXd3dWVFowZEVsV1QyNUNTelppTms0Mk9VbENjamRUUzFadGJEZEZlbTU2WjNGdllWQnNjVTFXWVhZeENqUnllSEpPUVZrNFEyazFkRUZNY21aNGQwc3pkR3h5Um5SNVUyMUlWVXRSYjJoR1ZISkhVblZMZEU5cGJVUTBaMHd5TTB4WFdWbFdMMHBLYkRWUlNqZ0tTbk5CZDJjd1RtSlpRMkpYZVd4TFlYQTNWVVZDTkV0Wk5FSTVPWEJxVDNoa1lWb3JTV1k1VG1ZM2RFMVdObWxLYW1aWFRrZFJVbk5oVmtsT1NsUlJlZ3BvYmlzeGFUWTVUMDl5ZEdGemNHY3JVMmdyWmtOb1MxZG5ZM3BNT0Vad2RHTkNZeTlZV1U0eU1VUTNZa1ZvYkhrMFVVdERRVkZGUVRod1pFb3dVRzgzQ2xsclpXbEZjRmt6VGtwSmIxUjNhbGxFTlhRNVJHUmFVbTlHWWtOWmRXNTZkVXhXTjFsdmJVcG5kbVpaYjNCbk1rNUxNVk0wZEU5WldrOTFkMlZyZWtVS1kxVTVTeTlOY1c1NGRURXZOVlJZTkZoQ0wxUkxPWGRsUkZsVlluRk9jRWcwWTNaMUsybE1OakpNUmxFcmRtcFlLMkUzY0cxTFFteFlNV3MwVDJsRU5BcDZORTVsTldadVdXVXliVlJSVkcxQ01FWTNkM1ptZFhCcUwxUlFjVFZ6V2xwdWFVeEhhRmxEZFU1eE9HSmFTM0ZoWnpCRFpHTnVMM1ZKWmtGUlRGaGtDbUppY0VjNGRtTldjR1JEVTNwV1JrNHpNRGRzTkZkWVMycHlUSE5VTkM5a1VWUXdXVnAwVEN0clpIbGlRbWhqVURBclMxRkNOMUZTWjJzM1YxTnBlbFlLWWpkWGRVUkVkbkJFVlZWeFdXTTNibFJ4YkhnME1tdGFSMlJrVUVWWVVuaEhWRlJRVEdkdkwyUnJSR3hhTDB0dlptSlFOVFo0TjNodVJrRkJTa2xqVFFwa1YyUXljM2xYTVhsUmEwMDFVVXREUVZGRlFUQTFNRkZYVm5wV1VWaFdVRXRLUWt0dlpuRkNibmxxUVZsMFZrc3JUbHB5U0dOMmVITndWMlZETmtsbENscDNOSFI2VFVSU2N6aE1ZV0UzYkRkTVNuSnNkRzF6TUdGcFZYVmlRbmxRUVUwemNrUnBLMWhvZWxSeU5IWmpRV2h0ZG5OV2NWcG9Vbk5WWWpCWWNVSUtkMVJXZEZCeFZGcHpjRnBSWTNoclMzQnZUM2xZTlRGU2VXcE5SV05yVDNsQlQzQmpRWEJSUmlzclptdHVjRUprU0RkRlVtNUdaVnB4WkdkQ05WQk9hUW94UmxGeUwxSjNRbkZHVW5CMWRGQk9USGd2UVZrd1VucFRZVkl2ZWxSWFNFZGlObVpSVlhWSVRXZDZUVXBYVTNGSGExSXJjblE0YVRnNVF5ODNaa3hqQ21nelMxWm5SRXRVVmtGdVNpOUZUbUo1Tnl0d01rTnZTMUZyVDBsRWNHNVJiMGxwYkhFd1J6Rk5hR1UxVFdjeUx6WlVSU3RxZHpaRVRXeExURTR4YUZFS1pteG5XV2xUYlZnNFRHbFZkVkpNWjNadk1FTjBZVUpzYkdsQlpERnZPRTVQTTBFeldGcHVXbVIzUzBOQlVVSjNLMUJPZGxad2EwSkZPSEoxVkZCWk5BcHFWR2R2Vm1vMFNWSnhhbVZKVFdsNWJYSlROM2syWlhOb1VtVkpjeTlTVDBGWk0zQmhiV3RVTjNkUFEycHVaVko1UWtSUVdUWkRORUVyTUhZdlJrSldDakkxVTB3NFlUVlFaVXRMYlRoclRYTnRTMmhuTkdkYVNIRlBhMHB2TDBOa2NWUllSa3R6TW5CblZVNVllVXB3Y3pWUFprTmhhMmd3YlhkRkszRkVUMmNLYUZoSlIwWm1ibGRTSzBKc1IxTllSak5KVVRWeWJXdE9lREpXUVV0TEwzSXhha2RhT1ZsMFdFSXJaakZaY2xOelFYTjNUbFp4VW1aNlZHWjBVR2hRWlFwMlJuTm9UWEJRU2xGeWVtSlZjMUZhTkVWclkxcERjblJxY2pSdFdrZDNXa1ZXZEVGWmN6QkZTalphWW1OQloxaFlkems0VXpWVE5rTlRiV050VDI1WUNsQkVZVmxvWm5CRFREZGlValpOWlM5MVVEQm9ZVGxEWm5CSVFUTlRTalV4VHpWUFdqZFBPVFpYY1RSM1UwdEVURFJ3VjNWaVVsaHZUblEyV1ZoNE9XZ0tSamd6YUVGdlNVSkJSRVZRV25WNmR6UjBaM05PUlM4MVRTOVNaSFZhVDBkNFUwOXJkelUzZUZKNVFTOVhhV1pJU0VRNGFVNU9ORGR2VlRad1NGaFZTZ3B3WXpNek1FdEVSWGRMUlUxT1ltbDFTMmhqVTJZcmVqRXdTbk5ZVjFwQlZrdDFUVkl4VDA1V1VHaFFVWFY0YWtoT1pUTlpPSGxCZVVoTlR6ZFJSMVo0Q2tJdlNFaFRibkpWWVZwU1ZsTjBUVkZDVDFobk15OUljVmsyTms1V2RETlRTVEpVU0c0eU9YSm5LMDh4VVRSRWJTOVliSGhISzJGVFNsTnBibEkxVFZvS1JIWkpjbXBLVW5sVVp6UXhibTE2YVZsSFlscEdRblJhTkVZMGJ5OXZNRkl2Ym5Cck0ycE1PREJyYjBWdVdIWmtWamhJTkROcWRtZDVkSGhRTTFkNFRRcFpURWhHYUVKRE1uWk5MMHN6TVc5Q1oyaGxkMlpZWm1Ga2JEUXZLelY0UkdRNFNYUkJaVTB3WTFsaFJraE9SMkkxV0RkT1ZVMTNXamRKV2xGVFJrOWpDakUwTkZrelJsbFNTbmxIYjNORFUyZERXWEp0TWpOQ0sxVmlaVE53V0RCRFoyZEZRa0ZPYkVGUmFGUXlVbEpDZEhwNmJXVkxabWxHT0ZBM1VtNVVaSEFLTmxodVdtSmFRMEZKWTI4elNrNURaa0ZpTkVWT2FITlpZelJ2TTB4MllsWlJXSFUxU0RGUGRGVXpXU3RUWm1aSFJXZ3JNelV3VjNwemRHTkZia1YzWWdwMmIzVnpkREpDYW14TmNXVklaRWwzTkdkUU5raEVUVFpxWTFvd05tOXBVVGxaTXpOMGJEVldUM1ZzVlUxeE9HUk5WVVZHWkVZeVJsRktXVTEyWm0xNUNuRlVlbWhtTmsxclIzUlViRXR1VUhCMVdUQlRja1JQVUZkcmRWcGhWV1ZaUkRGYVdWaG9kekp0VVc5a01VbHJUVzlFVlhOdVdVUlRZalExUXpNeGRVY0tUMUl5WTJGa1ozUlFSVXN4TjNSeVptaElWbmxEVkVoQ1RqUmpXVFpzUXk5TFJqUkRVMmRLU1Zsb1RUVndabkYyWjB4NVJIaFpLM1YxV0ROeVozSlZVUW96ZGk4emFrNWpjVkoxVW1wemFUY3pObTFtYVU5Nk5tb3dWalZSUkZCbE9HNHJWbVpOYjNKRGRsQnBlRXB0WWxoSE5qSjNkVTV2YWxOcWN6MEtMUzB0TFMxRlRrUWdVbE5CSUZCU1NWWkJWRVVnUzBWWkxTMHRMUzBLCiAgICB0b2tlbjogM2pxdzc0OHdpNTU1djRzeW81NG8zeDBwajhuNTN3bXp4aG5pMHF4Zmo0ODkxYmZvYThqaDEwam4zeWQ5bmZwNmNyNmNnbDNnOTJtbXI2bDF5bXBzcjQyb25pbGVsbjh3eXUyZmg5ZGt1ODBiMjl4Yjlvb3Rpb3NqMWg0dmRvNTYK\"\
        \n   }\n  ]\n }"
    headers:
      cache-control:
      - no-cache
      content-length:
      - '13072'
      content-type:
      - application/json
      date:
      - Wed, 14 Jun 2023 20:51:41 GMT
      expires:
      - '-1'
      pragma:
      - no-cache
      server:
      - nginx
      strict-transport-security:
      - max-age=31536000; includeSubDomains
      transfer-encoding:
      - chunked
      vary:
      - Accept-Encoding
      x-content-type-options:
      - nosniff
      x-ms-ratelimit-remaining-subscription-writes:
      - '1199'
    status:
      code: 200
      message: OK
- request:
    body: null
    headers:
      Accept:
      - application/json
      Accept-Encoding:
      - gzip, deflate
      CommandName:
      - aks get-credentials
      Connection:
      - keep-alive
      Content-Length:
      - '0'
      ParameterSetName:
      - -g -n -f
      User-Agent:
      - AZURECLI/2.49.0 azsdk-python-azure-mgmt-containerservice/23.0.0 Python/3.8.16
        (macOS-13.4-arm64-arm-64bit)
    method: POST
    uri: https://management.azure.com/subscriptions/00000000-0000-0000-0000-000000000000/resourceGroups/clitest000001/providers/Microsoft.ContainerService/managedClusters/cliakstest000001/listClusterUserCredential?api-version=2023-04-01
  response:
    body:
      string: "{\n  \"kubeconfigs\": [\n   {\n    \"name\": \"clusterUser\",\n   \
        \ \"value\": \"YXBpVmVyc2lvbjogdjEKY2x1c3RlcnM6Ci0gY2x1c3RlcjoKICAgIGNlcnRpZmljYXRlLWF1dGhvcml0eS1kYXRhOiBMUzB0TFMxQ1JVZEpUaUJEUlZKVVNVWkpRMEZVUlMwdExTMHRDazFKU1VVMlJFTkRRWFJEWjBGM1NVSkJaMGxSVEhSTFoxWlhhMU4wYVVaUWQzZGhTbHBMTlZWVmFrRk9RbWRyY1docmFVYzVkekJDUVZGelJrRkVRVTRLVFZGemQwTlJXVVJXVVZGRVJYZEthbGxVUVdkR2R6QjVUWHBCTWsxVVVYbE5SRTAwVGtSa1lVZEJPSGxOUkZWNlRVUlplRTVFU1hkT1JHY3dUakZ2ZHdwRVZFVk1UVUZyUjBFeFZVVkJlRTFEV1RKRmQyZG5TV2xOUVRCSFExTnhSMU5KWWpORVVVVkNRVkZWUVVFMFNVTkVkMEYzWjJkSlMwRnZTVU5CVVVOM0NqRlljR2xxVFhjcmNqZE5UMDFGV2pKV1FqZHVXbUZhZVVOQlVTdHZNVXgzWjJoRFRFRXdNVEZzZEVsME1XUjFia280T1cwNGFYa3hTMjVLTHpOWE4wMEtUR2RNVEhoUFp6RXlhR00xYjJ4TlpHWnZZMXBpUnpGclRWZDVUVEJxTkd0emVrRlVWSGx3YzAxV1duZERjVVJVV0d0bU4xSnJTVkJITlZkbVR6aFNNd3B4VlVaQ2NVRlJjbWhDTUdsV2NVbE5OMEkxTW05NFYzWldRM280VVRJclJIaHVkR0U0TVc5bWFUaGtjR1ExZFhKNVIzQkxNV2REUVdGb2VtaFJVVTloQ21NdlUzWmhWV1pKVERSS1kwMVdjR1JoV1ZoallqTldTazh4TW5saWQxSjNhRFkxZUdOTE9YZHNka1JKVDFWQlltb3JRM0JyV0RoUmMxTmFUVTF5TVVJS1dtWkVNMGhJYjFWUGRqQkpNRlpsUjJ4alpVVnFTVFE0V0dnclNITnFlR05zVFc1S2IxbFRlVU41WWt4c2JWVjBOR1E1YzNZeFF5OXBVVXg1VjFGQ1Z3cDRSazlvT0RkRlpXNTVXRTQ1WWtWRU1HZFdVM2x1Tld3eFoxcFZVVkJYUW1Sd056ZE5TV013WmtWM1JTOUtTR0ZHTkdWVE9XRnRhREpoWm5KdlRtcHpDamhNZUZBdmRqZGlPRlpNVW0xdE1WTkxMME53V2xkR2IyVnhLMEpUV0hwNmNIbDJXV2d4Vm10amN6bFliM3BTVlN0U2VqZG1jRkkwUkZwSGFFb3dOMlVLUjBRM1dHSlVNVEZGUVdGVlFsbFFkM0Z1Yml0RGFsZFhaMjU0Vm5sSFRGRkRiME5QVlcxaU9VaHZaRkkyZGpoV1NTOHlVRmc0VmpkeGFFeFJVMUYwYmdwYVNYaFFSVUZrTjJKdlF6SjVWSFJPV1M5SmNVZFpXRnBuYzIweFpsbENkM0pDVXpoTllucERNU3RGU0VSdVdVbG5iRTlPVnpCSmVGWk9TMUV4Um1Gb0NrWTJiR05pWWpodlJrMTRSVk5YTmpGRmEydDVkRGhOY2xreE5tMUVTMXAwWXpOb1NVeHlTbXh4YTJ3MGVFbzBObUUxVVROeE1UQnJhMGd3V2pGVmJtZ0taM3BMYVdOYUx6VXJPRTFSUVVaVE4xWTJUWGxIT1dOTVJETnVhV2gzYTNoaU0zWkNZWGxGY1VwUlNVUkJVVUZDYnpCSmQxRkVRVTlDWjA1V1NGRTRRZ3BCWmpoRlFrRk5RMEZ4VVhkRWQxbEVWbEl3VkVGUlNDOUNRVlYzUVhkRlFpOTZRV1JDWjA1V1NGRTBSVVpuVVZWRFZEbDRjbVZMUkhsUFVsTjFSbE16Q21odFRrdzFiakJITW05bmQwUlJXVXBMYjFwSmFIWmpUa0ZSUlV4Q1VVRkVaMmRKUWtGSVMwZGxVakZoVmt3NGVtWnJOR3RUZDJ3d1JqVlhTRVJMWkVJS1l6UlRaVmxCVUZwVlIxaFBjMmxrV0VWc09XaFVTRmdyVDFFMmVEbERUVUZEV0cxTVZFdEZXR041YlhoNVEybzBhV3RET0VkR2JtRkxWakJzWmt4aWRRb3hOMFJ3Tm1ONVMxTlpWVGd2VkZWVEwzVkxVa013V0N0b1V6SnFUa2c0Wlc0eFMxSjFaRmxaVjJ4a1RHTm5jR3BxUVc5dWMzTklPR2h1TkdkeWR6aHpDa1ZrUzBWT2JrUTVaSE5JUlc5TloxQm5UakZvWlVsRFRTczRZMjF4ZVVzeVdXUkxXRll2ZEVaM01XUXdXVEZtYTFoWGJVdG5aRlkzVEUxUVdXbExjelFLTHpZMmFreHFZekEyTVZGeU9VSlNVbTgwTVRCWGFtUXhXRFl6ZWxKT2NubE5abk5FZVVSbU9GTTBZVVkzVjBKVVpXUlRWMGRuTmpCRU5HTkVOMGQ0YlFwVE5qZzJVWGQ0YjJSRFRrTnNObVJFYjJvdk1TOXBiWFZUVDJKM1FVMTNNamR3U1drMFpUUlZZbmh2V20xVFoyZFhRekJzYjFOS1QwUmhlSEZpTTJWeENuaFVVSGhhYUZNNFNFSkZNSFJwZUZNeVJEaDZPSFZTTWxWcE0zaHZkVll6Tm1NNE0ydHFTR0owZWxWUlZFUjNMMnhYWWtWalZHeE5aek4zVlRodmQwNEtlbnBvVTFCNFZUaE9hMkpRTjNkeVVXSkNkV0pNVFVGYVExRnNTVTVHVEdacFNrSkxaVFpNVW5SYU5sUjRNRGhtWVdJMVJtdDBVV2xwY2xaRmMyaG1ad3BQTUZZMFducGFaVFV6ZWtsM1IwTjVSVTVDVGxkSFNIWlVUSE5OY0VORmFGbGFWVGR2YzI4MGRqQm9TblZwZW5aVlFYRnhiR1F4WmtOVVdYRm1iblF2Q25WR1NHSlRSRk5OWTB0d1NYQnBiVWxHZHpCd1IxSk1WbkZFVFhGa1oyaGlSelprU2xreFlsbzBWV2c1TUdOalUwNUtia3hpUzBKa1oxQmxhRU4zT1U4S01Vc3dkMEUyZVhkTk5EWnNjR0pTZUdFNWJEZHdhMVZPTms1VmMwOXNhVGxCVkRsVE1uaE5kRXB1TDFGWWVtUm9WV3A2VVVkTlRuWjBjMG94YlhGbFRRcDFPVzF4T0had2VtVjZNU3N4VXpCSUNpMHRMUzB0UlU1RUlFTkZVbFJKUmtsRFFWUkZMUzB0TFMwSwogICAgc2VydmVyOiBodHRwczovL2NsaWFrc2Ruc2pzeXc0YzItOGE1Nzd3aDQuaGNwLndlc3R1czIuYXptazhzLmlvOjQ0MwogIG5hbWU6IGNsaWFrc3Rlc3RnY3RkYzIKY29udGV4dHM6Ci0gY29udGV4dDoKICAgIGNsdXN0ZXI6IGNsaWFrc3Rlc3RnY3RkYzIKICAgIHVzZXI6IGNsdXN0ZXJVc2VyX2NsaXRlc3R3bXhlZmQ3bXF6X2NsaWFrc3Rlc3RnY3RkYzIKICBuYW1lOiBjbGlha3N0ZXN0Z2N0ZGMyCmN1cnJlbnQtY29udGV4dDogY2xpYWtzdGVzdGdjdGRjMgpraW5kOiBDb25maWcKcHJlZmVyZW5jZXM6IHt9CnVzZXJzOgotIG5hbWU6IGNsdXN0ZXJVc2VyX2NsaXRlc3R3bXhlZmQ3bXF6X2NsaWFrc3Rlc3RnY3RkYzIKICB1c2VyOgogICAgY2xpZW50LWNlcnRpZmljYXRlLWRhdGE6IExTMHRMUzFDUlVkSlRpQkRSVkpVU1VaSlEwRlVSUzB0TFMwdENrMUpTVVpJVkVORFFYZFhaMEYzU1VKQlowbFJUbkpqTlRKNFNqTkpiWFl2Y1dwM1dDOUJSemwyUkVGT1FtZHJjV2hyYVVjNWR6QkNRVkZ6UmtGRVFVNEtUVkZ6ZDBOUldVUldVVkZFUlhkS2FsbFVRV1ZHZHpCNVRYcEJNazFVVVhsTlJFMDBUa1JrWVVaM01IbE9WRUV5VFZSUmVVMUVVVFJPUkdSaFRVUkJlQXBHZWtGV1FtZE9Wa0pCYjFSRWJrNDFZek5TYkdKVWNIUlpXRTR3V2xoS2VrMVNWWGRGZDFsRVZsRlJSRVYzZUhSWldFNHdXbGhLYW1KSGJHeGlibEYzQ21kblNXbE5RVEJIUTFOeFIxTkpZak5FVVVWQ1FWRlZRVUUwU1VORWQwRjNaMmRKUzBGdlNVTkJVVVJKYURSblpIQndZVmRLYURSQk1IbHlkbTFPZEhnS2NVY3ZOR3BLTWtOcFVIZFhjMDB4VVZoc01VNUJiRUZGSzIxMVVWRm5LM3BtUkdObGJHeHNRMlp0TjNod1IyWktlVVZSTWtoYWFHRjVTRWRFY0hWaFR3cG9TbmxOWldFclRtdDFiemhWUVhsaVUycGtheTlaY0c0NWIxRmtlSGQ0YmpKV1lWcGtWSE14T0c5WGR6TnJOak5YWjI1TGFDOVNiSFE1ZDNwTGJYRkdDbmhaTlRCVlZXb3JaM0IxV0dWWGFFRjNORXhVWkVOQ2FqRlhNMm93V1hWMVRrZG1TMk5RUzNsUGQzUXZOekptV0ZsclFXMXlWbEpNZFZKMFFrVnhOV3NLZEdKeWNYQlZXbEl4YXl0b2R6Vk5hR3RNU1dkbmFVY3JXRXB0ZVhRMmJEQXZTR1prUkcxeGRVVkdOM2hrY1VaeFdrVjZlbGRHTnpsYU16TmlWelZKWndwQ1JHZHVXVEJLY1RrMGIwaFdPVUpqWW5vclpuTkhhMUZ4UlRWWWQxUkVTbEYyYTBzNWEwdENiR1pYYjIxVlZWSnBSelozZVV4SlZVdDZXbE4yT0dOVENrZFRPUzlGTW5kVlRFcEVLMXBDY0ZaT1EzVmxjR1JhV25aQmRsQmtOVGhPVG5SbE5URk1aVlJoZW1GbFFraEtSa3hoYW1GMkswSnhiRWRIVW5nelNVMEtRV0kzYjNRdmIweFNhalJST1VoYVpUbDNXa3hUY0Rkd1VUSTJaV2t2TW5kbU1sRldSMHc0UzFJclowUlZjMUJQWm10ak1IRTFiR2t4T1N0bFJtRnhRUXAyVVd4VVpVTmhiM0JCTkdGMGR6SnhSVTlTWTBKVVpWQkxOVUZFVTAxbVFqY3JURVpZT1RKb0szZE1MM1V5VDBWM1VEaEhXRE00WVdsdU1WZ3JVQ3RSQ25CU1ZTOUNRVmx6Um14SlEyZFdhemhJZWxkSVdYQmxhV3hSWkVreGNuQnBUMHRrVlM4ck9GTnRhMlpMYTNFd1Z6QldWMlZDV1dWa1pGTmpjbTluVlhvS1FsRm1hSG8wTDFobFFuZGhjSGQxVkd0NGQxRjFWVTlLZEd4YWVrdFdaakJxTVZWS1lYUkhWMW96UlhadGJHTlFRVlF5WW5WTk9VaEdUR3RtYjFoRVlnb3Zka2xNVlRsamFWZDVWbU5UUVZFd1FsRkJZbU4zU1VSQlVVRkNiekZaZDFaRVFVOUNaMDVXU0ZFNFFrRm1PRVZDUVUxRFFtRkJkMFYzV1VSV1VqQnNDa0pCZDNkRFoxbEpTM2RaUWtKUlZVaEJkMGwzUkVGWlJGWlNNRlJCVVVndlFrRkpkMEZFUVdaQ1owNVdTRk5OUlVkRVFWZG5RbEZLVUROSGREUnZVRWtLTlVaTE5GWk1aVWRaTUhadFpsRmlZV2xFUVU1Q1oydHhhR3RwUnpsM01FSkJVWE5HUVVGUFEwRm5SVUZITjNONmJucHRTV3MwVm1vd1NEaFVSVTVsVlFweFdYZGFjR1JVYnpWUGRFVk5ZblF3VldoT1ZqbE9WWGhZWlZwMVVtcDZiV0Z4YjFab1lsQXJWRVpDUzBZdmMwMU9iakpJZVRoc2VFSnFlVmc1TnpCVENrOXlOVk16WlRCR1dHRnZTMDlLVVU5clRsQlFka0ZPZGtSbmVuWk9RVEpXTTI5ck9VRjBUbEZOUVhkTU5FZG1XVGxZWlZsdksxUTBlbnAzV1RocWJFTUthMFlyUjFjeE9ESnpSM0JXZFdkWFYzWnBjMDAyYjFSbFYwcG1Ra2xoVXpKVlRWTkxTVTVhWlcxMFJtcFdTbmxNWVdoSlkyWkVaaXM0VGpKUmIzZGFTQXB3Uml0MFJYbDJWRTl4VjBOMlNFMUdhRmR4VTBWMFZuRk1lVFV5T1hFNFR6UkZZa1pFVDFwM1dYZERkbkZWTVVnMVJEQTRXRzF3WTB4TlV6UndWa0V2Q21wSU9ITlNZbEpKUmxscU5EQXdkRUZZV25SeU0wdDJLM055ZDNVME5qRTFTVGxYTHpKMFZuUldkamRxTTNnMFZEbFZSM2RqTTFkQlYxVnZXSEoxWmxrS1RrVjJhVFpNYUN0YWRrWlVUbXRCY0RjdlltaFVWMUozUkdwUlJFVmFia2t2VWpCbE5VOHlXRFpKVm5Od1lWWkNXRlJoZFhwdlNVRmxZMmt2UkRVMlV3cGxkMGswUzNoTFpqSnhVek0zV25OWVdtMTNOVTF6ZEhKeVFYcEhjRkJFV1RRNWEwNVVWU3ROUTNRck1tSkdhekI1TURCeFNGaDRRbmx2Um1OVEx6bERDbUphWVUxRFVIaHFlREI0ZG1jck5YUm5RV2RqYVVGbVRGZzNOalZPYjJWa1VFWmlaSEpOUVdOdE56UndRVWN2U2preGNpdHJVbWxDU2xCdGRrSklRM1VLWjJaMVFtYzNRa1JvYzJaR1pWWnZablJJTUVOalpIUjZRMEkwVEdaelZqVnZNa0pzT1hscmEzZEdUMnhKWjFsamNucFRUV1F4TkVRemFteFFaMk5HU2dwRFFqWk9jbkJMU21JNFl6QTNaWFJOWW1aWk5GSkpXamxGUXpkWU5raENhV0Z1VW5wdU1uUXpXRlJ1V0hselpuTTVOVUprWVRVeGF6TmpUMUYzYVhsRUNqTm9abWhMZW5VeFdrdDNhamhHVDBwbU9XbEtiM1JOUFFvdExTMHRMVVZPUkNCRFJWSlVTVVpKUTBGVVJTMHRMUzB0Q2c9PQogICAgY2xpZW50LWtleS1kYXRhOiBMUzB0TFMxQ1JVZEpUaUJTVTBFZ1VGSkpWa0ZVUlNCTFJWa3RMUzB0TFFwTlNVbEtTMEZKUWtGQlMwTkJaMFZCZVVsbFNVaGhZVmRzYVZsbFFVNU5jVGMxYW1KallXaDJLMGw1WkdkdmFqaEdja1JPVlVZMVpGUlJTbEZDVUhCeUNtdEZTVkJ6TTNjelNIQmFXbEZ1TlhVNFlWSnVlV05vUlU1b01sbFhjMmg0WnpaaWJXcHZVMk5xU0cxMmFscE1jVkJHUVUxdE1HOHpXbEF5UzFvdllVVUtTR05qVFZvNWJGZHRXRlUzVG1aTFJuTk9OVTkwTVc5S2VXOW1NRnBpWm1OTmVYQnhhR05YVDJSR1Jra3ZiMHRpYkROc2IxRk5UME13TTFGbldUbFdkQW8wT1VkTWNtcFNibmx1UkhsemFuTk1aaXM1YmpFeVNrRktjVEZWVXpkcllsRlNTM1ZhVEZjMk5uRldSMVZrV2xCdlkwOVVTVnBEZVVsSlNXaDJiSGxhQ25OeVpYQmtVSGd6TTFFMWNYSm9RbVU0V0dGb1lXMVNUVGd4YUdVdlYyUTVNakYxVTBsQlVUUktNazVEWVhabFMwSXhabEZZUnpndmJqZENjRVZMYUU4S1ZqaEZkM2xWVERWRGRscERaMXBZTVhGS2JFWkZXV2gxYzAxcGVVWkRjekpWY2k5SVJXaHJkbVo0VG5OR1EzbFJMMjFSWVZaVVVYSnVjVmhYVjJKM1RBcDZNMlZtUkZSaVdIVmtVek5yTW5NeWJtZFNlVkpUTW04eWNpOW5ZWEJTYUd0alpIbEVRVWNyTmt4bU5rTXdXU3RGVUZJeVdIWmpSMU13Y1dVMlZVNTFDbTV2ZGpselNEbHJSbEpwTDBOclptOUJNVXhFZW00MVNFNUxkVnBaZEdabWJtaFhjV2RNTUVwVk0yZHRjVXRSVDBkeVkwNXhhRVJyV0VGVk0ycDVkVkVLUVRCcVNIZGxMMmw0Vmk5a2IyWnpReTgzZEdwb1RVUXZRbXc1TDBkdmNEbFdMMm92YTB0VlZsQjNVVWRNUWxwVFFXOUdXbEJDT0RGb01rdFliM0JWU0FwVFRtRTJXV3BwYmxaUUwzWkZjSEJJZVhCTGRFWjBSbFp1WjFkSWJsaFZia3MyU1VaTmQxVklOR01yVURFeloyTkhjV05NYXpWTlkwVk1iRVJwWWxwWENtTjViRmc1U1RsV1ExZHlVbXh0WkhoTU5YQllSSGRGT1cwM2FsQlNlRk0xU0RaR2R6SXZOM2xETVZCWVNXeHpiRmhGWjBWT1FWVkJSek5OUTBGM1JVRUtRVkZMUTBGblFUVTNXVEJSYnpkTlZYQlBXVGszYzB0VlprWXZTVTFhVWtoQ1RHWnliMWszVWt4NmJtZFpZVWx4VVU5VVJYa3lTMUJTWTFseVdERkxPQW8zTUc1U2RqVjRiRU5qTVVKeFUzbHlVbFpzYUhkRk1uRmliV2hxS3pCTlQwRlphMHBMVFhWd2NVdFpOM0JtUkdsd05uUXpOVTl4T1dZeVlrTkRWRXhRQ2tkbFMwVTNkelZZZW1GRFNISjFZblJNZFVWWVJWVnVNMHhsVjJaNGVsbHFkU3RsVDFCclUyTlBWMGswWXpCSmVuVXpVWFkwZEZCbU5FRlRkSGxyTTBJS1YxZGxRM1pVVUZKUVYwOVBRVXd2ZG1KR2NsSnNVMDlsV2t4emEwNUxkRTlhV0dkMU5DczBWa2RPTlVRM0wzcEdSREZMV1VoNkx6Tk9URGh5U1VaUGRnbzVRalF4VFd3eE5pc3pOR1J6WlZCWk1rVndOR2RhUlVZNFUyOUNVR0ppVEVObk1rSjNVV2xMYm00NUsyUkdVelF5VFd4Q1IzQXlia1pDVURONkwxVktDbWxoU1d0MFUwWkhSbmxEZDNNcmVtd3ZUbEZWY0ROalJqWkphV3N5Y0ZCaFZXTnlWVkJ2Tm1wVWNGWkNSbVZhTlZsNVQyaEJjRnBoVXk5S2VqbExjVElLWjJ0eE0yb3pSVlpWTjNOWVEwZHVLMVZxTVVobmQyVktlVzV4WTFneFltczFRa3RKYlhBNEwyRlphMmhGZUhFck9WRXljRGxXY3pOTGFsVnFVM1pJU3dwWmRtSldkRVpKU1dWME1UTnpNekJ0UjJSRWVXd3dWVFowZEVsV1QyNUNTelppTms0Mk9VbENjamRUUzFadGJEZEZlbTU2WjNGdllWQnNjVTFXWVhZeENqUnllSEpPUVZrNFEyazFkRUZNY21aNGQwc3pkR3h5Um5SNVUyMUlWVXRSYjJoR1ZISkhVblZMZEU5cGJVUTBaMHd5TTB4WFdWbFdMMHBLYkRWUlNqZ0tTbk5CZDJjd1RtSlpRMkpYZVd4TFlYQTNWVVZDTkV0Wk5FSTVPWEJxVDNoa1lWb3JTV1k1VG1ZM2RFMVdObWxLYW1aWFRrZFJVbk5oVmtsT1NsUlJlZ3BvYmlzeGFUWTVUMDl5ZEdGemNHY3JVMmdyWmtOb1MxZG5ZM3BNT0Vad2RHTkNZeTlZV1U0eU1VUTNZa1ZvYkhrMFVVdERRVkZGUVRod1pFb3dVRzgzQ2xsclpXbEZjRmt6VGtwSmIxUjNhbGxFTlhRNVJHUmFVbTlHWWtOWmRXNTZkVXhXTjFsdmJVcG5kbVpaYjNCbk1rNUxNVk0wZEU5WldrOTFkMlZyZWtVS1kxVTVTeTlOY1c1NGRURXZOVlJZTkZoQ0wxUkxPWGRsUkZsVlluRk9jRWcwWTNaMUsybE1OakpNUmxFcmRtcFlLMkUzY0cxTFFteFlNV3MwVDJsRU5BcDZORTVsTldadVdXVXliVlJSVkcxQ01FWTNkM1ptZFhCcUwxUlFjVFZ6V2xwdWFVeEhhRmxEZFU1eE9HSmFTM0ZoWnpCRFpHTnVMM1ZKWmtGUlRGaGtDbUppY0VjNGRtTldjR1JEVTNwV1JrNHpNRGRzTkZkWVMycHlUSE5VTkM5a1VWUXdXVnAwVEN0clpIbGlRbWhqVURBclMxRkNOMUZTWjJzM1YxTnBlbFlLWWpkWGRVUkVkbkJFVlZWeFdXTTNibFJ4YkhnME1tdGFSMlJrVUVWWVVuaEhWRlJRVEdkdkwyUnJSR3hhTDB0dlptSlFOVFo0TjNodVJrRkJTa2xqVFFwa1YyUXljM2xYTVhsUmEwMDFVVXREUVZGRlFUQTFNRkZYVm5wV1VWaFdVRXRLUWt0dlpuRkNibmxxUVZsMFZrc3JUbHB5U0dOMmVITndWMlZETmtsbENscDNOSFI2VFVSU2N6aE1ZV0UzYkRkTVNuSnNkRzF6TUdGcFZYVmlRbmxRUVUwemNrUnBLMWhvZWxSeU5IWmpRV2h0ZG5OV2NWcG9Vbk5WWWpCWWNVSUtkMVJXZEZCeFZGcHpjRnBSWTNoclMzQnZUM2xZTlRGU2VXcE5SV05yVDNsQlQzQmpRWEJSUmlzclptdHVjRUprU0RkRlVtNUdaVnB4WkdkQ05WQk9hUW94UmxGeUwxSjNRbkZHVW5CMWRGQk9USGd2UVZrd1VucFRZVkl2ZWxSWFNFZGlObVpSVlhWSVRXZDZUVXBYVTNGSGExSXJjblE0YVRnNVF5ODNaa3hqQ21nelMxWm5SRXRVVmtGdVNpOUZUbUo1Tnl0d01rTnZTMUZyVDBsRWNHNVJiMGxwYkhFd1J6Rk5hR1UxVFdjeUx6WlVSU3RxZHpaRVRXeExURTR4YUZFS1pteG5XV2xUYlZnNFRHbFZkVkpNWjNadk1FTjBZVUpzYkdsQlpERnZPRTVQTTBFeldGcHVXbVIzUzBOQlVVSjNLMUJPZGxad2EwSkZPSEoxVkZCWk5BcHFWR2R2Vm1vMFNWSnhhbVZKVFdsNWJYSlROM2syWlhOb1VtVkpjeTlTVDBGWk0zQmhiV3RVTjNkUFEycHVaVko1UWtSUVdUWkRORUVyTUhZdlJrSldDakkxVTB3NFlUVlFaVXRMYlRoclRYTnRTMmhuTkdkYVNIRlBhMHB2TDBOa2NWUllSa3R6TW5CblZVNVllVXB3Y3pWUFprTmhhMmd3YlhkRkszRkVUMmNLYUZoSlIwWm1ibGRTSzBKc1IxTllSak5KVVRWeWJXdE9lREpXUVV0TEwzSXhha2RhT1ZsMFdFSXJaakZaY2xOelFYTjNUbFp4VW1aNlZHWjBVR2hRWlFwMlJuTm9UWEJRU2xGeWVtSlZjMUZhTkVWclkxcERjblJxY2pSdFdrZDNXa1ZXZEVGWmN6QkZTalphWW1OQloxaFlkems0VXpWVE5rTlRiV050VDI1WUNsQkVZVmxvWm5CRFREZGlValpOWlM5MVVEQm9ZVGxEWm5CSVFUTlRTalV4VHpWUFdqZFBPVFpYY1RSM1UwdEVURFJ3VjNWaVVsaHZUblEyV1ZoNE9XZ0tSamd6YUVGdlNVSkJSRVZRV25WNmR6UjBaM05PUlM4MVRTOVNaSFZhVDBkNFUwOXJkelUzZUZKNVFTOVhhV1pJU0VRNGFVNU9ORGR2VlRad1NGaFZTZ3B3WXpNek1FdEVSWGRMUlUxT1ltbDFTMmhqVTJZcmVqRXdTbk5ZVjFwQlZrdDFUVkl4VDA1V1VHaFFVWFY0YWtoT1pUTlpPSGxCZVVoTlR6ZFJSMVo0Q2tJdlNFaFRibkpWWVZwU1ZsTjBUVkZDVDFobk15OUljVmsyTms1V2RETlRTVEpVU0c0eU9YSm5LMDh4VVRSRWJTOVliSGhISzJGVFNsTnBibEkxVFZvS1JIWkpjbXBLVW5sVVp6UXhibTE2YVZsSFlscEdRblJhTkVZMGJ5OXZNRkl2Ym5Cck0ycE1PREJyYjBWdVdIWmtWamhJTkROcWRtZDVkSGhRTTFkNFRRcFpURWhHYUVKRE1uWk5MMHN6TVc5Q1oyaGxkMlpZWm1Ga2JEUXZLelY0UkdRNFNYUkJaVTB3WTFsaFJraE9SMkkxV0RkT1ZVMTNXamRKV2xGVFJrOWpDakUwTkZrelJsbFNTbmxIYjNORFUyZERXWEp0TWpOQ0sxVmlaVE53V0RCRFoyZEZRa0ZPYkVGUmFGUXlVbEpDZEhwNmJXVkxabWxHT0ZBM1VtNVVaSEFLTmxodVdtSmFRMEZKWTI4elNrNURaa0ZpTkVWT2FITlpZelJ2TTB4MllsWlJXSFUxU0RGUGRGVXpXU3RUWm1aSFJXZ3JNelV3VjNwemRHTkZia1YzWWdwMmIzVnpkREpDYW14TmNXVklaRWwzTkdkUU5raEVUVFpxWTFvd05tOXBVVGxaTXpOMGJEVldUM1ZzVlUxeE9HUk5WVVZHWkVZeVJsRktXVTEyWm0xNUNuRlVlbWhtTmsxclIzUlViRXR1VUhCMVdUQlRja1JQVUZkcmRWcGhWV1ZaUkRGYVdWaG9kekp0VVc5a01VbHJUVzlFVlhOdVdVUlRZalExUXpNeGRVY0tUMUl5WTJGa1ozUlFSVXN4TjNSeVptaElWbmxEVkVoQ1RqUmpXVFpzUXk5TFJqUkRVMmRLU1Zsb1RUVndabkYyWjB4NVJIaFpLM1YxV0ROeVozSlZVUW96ZGk4emFrNWpjVkoxVW1wemFUY3pObTFtYVU5Nk5tb3dWalZSUkZCbE9HNHJWbVpOYjNKRGRsQnBlRXB0WWxoSE5qSjNkVTV2YWxOcWN6MEtMUzB0TFMxRlRrUWdVbE5CSUZCU1NWWkJWRVVnUzBWWkxTMHRMUzBLCiAgICB0b2tlbjogM2pxdzc0OHdpNTU1djRzeW81NG8zeDBwajhuNTN3bXp4aG5pMHF4Zmo0ODkxYmZvYThqaDEwam4zeWQ5bmZwNmNyNmNnbDNnOTJtbXI2bDF5bXBzcjQyb25pbGVsbjh3eXUyZmg5ZGt1ODBiMjl4Yjlvb3Rpb3NqMWg0dmRvNTYK\"\
        \n   }\n  ]\n }"
    headers:
      cache-control:
      - no-cache
      content-length:
      - '13072'
      content-type:
      - application/json
      date:
      - Wed, 14 Jun 2023 20:51:41 GMT
      expires:
      - '-1'
      pragma:
      - no-cache
      server:
      - nginx
      strict-transport-security:
      - max-age=31536000; includeSubDomains
      transfer-encoding:
      - chunked
      vary:
      - Accept-Encoding
      x-content-type-options:
      - nosniff
      x-ms-ratelimit-remaining-subscription-writes:
      - '1199'
    status:
      code: 200
      message: OK
- request:
    body: null
    headers:
      Accept:
      - application/json
      Accept-Encoding:
      - gzip, deflate
      CommandName:
      - aks scale
      Connection:
      - keep-alive
      ParameterSetName:
      - -g -n --node-count
      User-Agent:
      - AZURECLI/2.49.0 azsdk-python-azure-mgmt-containerservice/23.0.0 Python/3.8.16
        (macOS-13.4-arm64-arm-64bit)
    method: GET
    uri: https://management.azure.com/subscriptions/00000000-0000-0000-0000-000000000000/resourceGroups/clitest000001/providers/Microsoft.ContainerService/managedClusters/cliakstest000001?api-version=2023-04-01
  response:
    body:
      string: "{\n  \"id\": \"/subscriptions/00000000-0000-0000-0000-000000000000/resourcegroups/clitest000001/providers/Microsoft.ContainerService/managedClusters/cliakstest000001\"\
        ,\n  \"location\": \"westus2\",\n  \"name\": \"cliakstest000001\",\n  \"tags\"\
        : {\n   \"key1\": \"value1\"\n  },\n  \"type\": \"Microsoft.ContainerService/ManagedClusters\"\
        ,\n  \"properties\": {\n   \"provisioningState\": \"Succeeded\",\n   \"powerState\"\
        : {\n    \"code\": \"Running\"\n   },\n   \"kubernetesVersion\": \"1.25.6\"\
        ,\n   \"currentKubernetesVersion\": \"1.25.6\",\n   \"dnsPrefix\": \"cliaksdns000002\"\
        ,\n   \"fqdn\": \"cliaksdns000002-8a577wh4.hcp.westus2.azmk8s.io\",\n   \"\
        azurePortalFQDN\": \"cliaksdns000002-8a577wh4.portal.hcp.westus2.azmk8s.io\"\
        ,\n   \"agentPoolProfiles\": [\n    {\n     \"name\": \"nodepool1\",\n   \
        \  \"count\": 1,\n     \"vmSize\": \"Standard_DS2_v2\",\n     \"osDiskSizeGB\"\
        : 128,\n     \"osDiskType\": \"Managed\",\n     \"kubeletDiskType\": \"OS\"\
        ,\n     \"maxPods\": 110,\n     \"type\": \"VirtualMachineScaleSets\",\n \
        \    \"enableAutoScaling\": false,\n     \"provisioningState\": \"Succeeded\"\
        ,\n     \"powerState\": {\n      \"code\": \"Running\"\n     },\n     \"orchestratorVersion\"\
        : \"1.25.6\",\n     \"currentOrchestratorVersion\": \"1.25.6\",\n     \"enableNodePublicIP\"\
        : false,\n     \"nodeLabels\": {\n      \"label1\": \"value1\",\n      \"\
        label2\": \"value2\"\n     },\n     \"mode\": \"System\",\n     \"enableEncryptionAtHost\"\
        : false,\n     \"enableUltraSSD\": false,\n     \"osType\": \"Linux\",\n \
        \    \"osSKU\": \"Ubuntu\",\n     \"nodeImageVersion\": \"AKSUbuntu-2204gen2containerd-202306.01.0\"\
        ,\n     \"upgradeSettings\": {},\n     \"enableFIPS\": false\n    }\n   ],\n\
        \   \"linuxProfile\": {\n    \"adminUsername\": \"azureuser\",\n    \"ssh\"\
        : {\n     \"publicKeys\": [\n      {\n       \"keyData\": \"ssh-rsa AAAAB3NzaC1yc2EAAAADAQABAAACAQCbIg1guRHbI0lV11wWDt1r2cUdcNd27CJsg+SfgC7miZeubtwUhbsPdhMQsfDyhOWHq1+ZL0M+nJZV63d/1dhmhtgyOqejUwrPlzKhydsbrsdUor+JmNJDdW01v7BXHyuymT8G4s09jCasNOwiufbP/qp72ruu0bIA1nySsvlf9pCQAuFkAnVnf/rFhUlOkhtRpwcq8SUNY2zRHR/EKb/4NWY1JzR4sa3q2fWIJdrrX0DvLoa5g9bIEd4Df79ba7v+yiUBOS0zT2ll+z4g9izHK3EO5d8hL4jYxcjKs+wcslSYRWrascfscLgMlMGh0CdKeNTDjHpGPncaf3Z+FwwwjWeuiNBxv7bJo13/8B/098KlVDl4GZqsoBCEjPyJfV6hO0y/LkRGkk7oHWKgeWAfKtfLItRp00eZ4fcJNK9kCaSMmEugoZWcI7NGbZXzqFWqbpRI7NcDP9+WIQ+i9U5vqWsqd/zng4kbuAJ6UuKqIzB0upYrLShfQE3SAck8oaLhJqqq56VfDuASNpJKidV+zq27HfSBmbXnkR/5AK337dc3MXKJypoK/QPMLKUAP5XLPbs+NddJQV7EZXd29DLgp+fRIg3edpKdO7ZErWhv7d+3Kws+e1Y+ypmR2WIVSwVyBEUfgv2C8Ts9gnTF4pNcEY/S2aBicz5Ew2+jdyGNQQ==\
        \ test@example.com\\n\"\n      }\n     ]\n    }\n   },\n   \"servicePrincipalProfile\"\
        : {\n    \"clientId\":\"00000000-0000-0000-0000-000000000001\"\n   },\n  \
        \ \"nodeResourceGroup\": \"MC_clitest000001_cliakstest000001_westus2\",\n\
        \   \"enableRBAC\": true,\n   \"supportPlan\": \"KubernetesOfficial\",\n \
        \  \"networkProfile\": {\n    \"networkPlugin\": \"kubenet\",\n    \"loadBalancerSku\"\
        : \"Standard\",\n    \"loadBalancerProfile\": {\n     \"managedOutboundIPs\"\
        : {\n      \"count\": 1\n     },\n     \"effectiveOutboundIPs\": [\n     \
        \ {\n       \"id\": \"/subscriptions/00000000-0000-0000-0000-000000000000/resourceGroups/MC_clitest000001_cliakstest000001_westus2/providers/Microsoft.Network/publicIPAddresses/7a1b08b3-3453-4b93-bbcc-2a52b7ea0f2c\"\
        \n      }\n     ]\n    },\n    \"podCidr\": \"10.244.0.0/16\",\n    \"serviceCidr\"\
        : \"10.0.0.0/16\",\n    \"dnsServiceIP\": \"10.0.0.10\",\n    \"outboundType\"\
        : \"loadBalancer\",\n    \"podCidrs\": [\n     \"10.244.0.0/16\"\n    ],\n\
        \    \"serviceCidrs\": [\n     \"10.0.0.0/16\"\n    ],\n    \"ipFamilies\"\
        : [\n     \"IPv4\"\n    ]\n   },\n   \"maxAgentPools\": 100,\n   \"identityProfile\"\
        : {\n    \"kubeletidentity\": {\n     \"resourceId\": \"/subscriptions/00000000-0000-0000-0000-000000000000/resourcegroups/MC_clitest000001_cliakstest000001_westus2/providers/Microsoft.ManagedIdentity/userAssignedIdentities/cliakstest000001-agentpool\"\
        ,\n     \"clientId\":\"00000000-0000-0000-0000-000000000001\",\n     \"objectId\"\
        :\"00000000-0000-0000-0000-000000000001\"\n    }\n   },\n   \"disableLocalAccounts\"\
        : false,\n   \"securityProfile\": {},\n   \"storageProfile\": {\n    \"diskCSIDriver\"\
        : {\n     \"enabled\": true\n    },\n    \"fileCSIDriver\": {\n     \"enabled\"\
        : true\n    },\n    \"snapshotController\": {\n     \"enabled\": true\n  \
        \  }\n   },\n   \"oidcIssuerProfile\": {\n    \"enabled\": false\n   },\n\
        \   \"workloadAutoScalerProfile\": {}\n  },\n  \"identity\": {\n   \"type\"\
        : \"SystemAssigned\",\n   \"principalId\":\"00000000-0000-0000-0000-000000000001\"\
        ,\n   \"tenantId\": \"72f988bf-86f1-41af-91ab-2d7cd011db47\"\n  },\n  \"sku\"\
        : {\n   \"name\": \"Base\",\n   \"tier\": \"Free\"\n  }\n }"
    headers:
      cache-control:
      - no-cache
      content-length:
      - '4309'
      content-type:
      - application/json
      date:
      - Wed, 14 Jun 2023 20:51:42 GMT
      expires:
      - '-1'
      pragma:
      - no-cache
      server:
      - nginx
      strict-transport-security:
      - max-age=31536000; includeSubDomains
      transfer-encoding:
      - chunked
      vary:
      - Accept-Encoding
      x-content-type-options:
      - nosniff
    status:
      code: 200
      message: OK
- request:
    body: '{"tags": {"key1": "value1"}, "location": "westus2", "sku": {"name": "Base",
      "tier": "Free"}, "identity": {"type": "SystemAssigned"}, "properties": {"kubernetesVersion":
      "1.25.6", "dnsPrefix": "cliaksdns000002", "agentPoolProfiles": [{"count": 3,
      "vmSize": "Standard_DS2_v2", "osDiskSizeGB": 128, "osDiskType": "Managed", "kubeletDiskType":
      "OS", "maxPods": 110, "osType": "Linux", "osSKU": "Ubuntu", "enableAutoScaling":
      false, "type": "VirtualMachineScaleSets", "mode": "System", "orchestratorVersion":
      "1.25.6", "upgradeSettings": {}, "powerState": {"code": "Running"}, "enableNodePublicIP":
      false, "nodeLabels": {"label1": "value1", "label2": "value2"}, "enableEncryptionAtHost":
      false, "enableUltraSSD": false, "enableFIPS": false, "name": "nodepool1"}],
      "linuxProfile": {"adminUsername": "azureuser", "ssh": {"publicKeys": [{"keyData":
      "ssh-rsa AAAAB3NzaC1yc2EAAAADAQABAAACAQCbIg1guRHbI0lV11wWDt1r2cUdcNd27CJsg+SfgC7miZeubtwUhbsPdhMQsfDyhOWHq1+ZL0M+nJZV63d/1dhmhtgyOqejUwrPlzKhydsbrsdUor+JmNJDdW01v7BXHyuymT8G4s09jCasNOwiufbP/qp72ruu0bIA1nySsvlf9pCQAuFkAnVnf/rFhUlOkhtRpwcq8SUNY2zRHR/EKb/4NWY1JzR4sa3q2fWIJdrrX0DvLoa5g9bIEd4Df79ba7v+yiUBOS0zT2ll+z4g9izHK3EO5d8hL4jYxcjKs+wcslSYRWrascfscLgMlMGh0CdKeNTDjHpGPncaf3Z+FwwwjWeuiNBxv7bJo13/8B/098KlVDl4GZqsoBCEjPyJfV6hO0y/LkRGkk7oHWKgeWAfKtfLItRp00eZ4fcJNK9kCaSMmEugoZWcI7NGbZXzqFWqbpRI7NcDP9+WIQ+i9U5vqWsqd/zng4kbuAJ6UuKqIzB0upYrLShfQE3SAck8oaLhJqqq56VfDuASNpJKidV+zq27HfSBmbXnkR/5AK337dc3MXKJypoK/QPMLKUAP5XLPbs+NddJQV7EZXd29DLgp+fRIg3edpKdO7ZErWhv7d+3Kws+e1Y+ypmR2WIVSwVyBEUfgv2C8Ts9gnTF4pNcEY/S2aBicz5Ew2+jdyGNQQ==
      test@example.com\n"}]}}, "oidcIssuerProfile": {"enabled": false}, "nodeResourceGroup":
      "MC_clitest000001_cliakstest000001_westus2", "enableRBAC": true, "supportPlan":
      "KubernetesOfficial", "networkProfile": {"networkPlugin": "kubenet", "podCidr":
      "10.244.0.0/16", "serviceCidr": "10.0.0.0/16", "dnsServiceIP": "10.0.0.10",
      "outboundType": "loadBalancer", "loadBalancerSku": "Standard", "loadBalancerProfile":
      {"managedOutboundIPs": {"count": 1}, "effectiveOutboundIPs": [{"id": "/subscriptions/00000000-0000-0000-0000-000000000000/resourceGroups/MC_clitest000001_cliakstest000001_westus2/providers/Microsoft.Network/publicIPAddresses/7a1b08b3-3453-4b93-bbcc-2a52b7ea0f2c"}]},
      "podCidrs": ["10.244.0.0/16"], "serviceCidrs": ["10.0.0.0/16"], "ipFamilies":
      ["IPv4"]}, "identityProfile": {"kubeletidentity": {"resourceId": "/subscriptions/00000000-0000-0000-0000-000000000000/resourcegroups/MC_clitest000001_cliakstest000001_westus2/providers/Microsoft.ManagedIdentity/userAssignedIdentities/cliakstest000001-agentpool",
      "clientId":"00000000-0000-0000-0000-000000000001", "objectId":"00000000-0000-0000-0000-000000000001"}},
      "disableLocalAccounts": false, "securityProfile": {}, "storageProfile": {"diskCSIDriver":
      {"enabled": true}, "fileCSIDriver": {"enabled": true}, "snapshotController":
      {"enabled": true}}, "workloadAutoScalerProfile": {}}}'
    headers:
      Accept:
      - application/json
      Accept-Encoding:
      - gzip, deflate
      CommandName:
      - aks scale
      Connection:
      - keep-alive
      Content-Length:
      - '2908'
      Content-Type:
      - application/json
      ParameterSetName:
      - -g -n --node-count
      User-Agent:
      - AZURECLI/2.49.0 azsdk-python-azure-mgmt-containerservice/23.0.0 Python/3.8.16
        (macOS-13.4-arm64-arm-64bit)
    method: PUT
    uri: https://management.azure.com/subscriptions/00000000-0000-0000-0000-000000000000/resourceGroups/clitest000001/providers/Microsoft.ContainerService/managedClusters/cliakstest000001?api-version=2023-04-01
  response:
    body:
      string: "{\n  \"id\": \"/subscriptions/00000000-0000-0000-0000-000000000000/resourcegroups/clitest000001/providers/Microsoft.ContainerService/managedClusters/cliakstest000001\"\
        ,\n  \"location\": \"westus2\",\n  \"name\": \"cliakstest000001\",\n  \"tags\"\
        : {\n   \"key1\": \"value1\"\n  },\n  \"type\": \"Microsoft.ContainerService/ManagedClusters\"\
        ,\n  \"properties\": {\n   \"provisioningState\": \"Updating\",\n   \"powerState\"\
        : {\n    \"code\": \"Running\"\n   },\n   \"kubernetesVersion\": \"1.25.6\"\
        ,\n   \"currentKubernetesVersion\": \"1.25.6\",\n   \"dnsPrefix\": \"cliaksdns000002\"\
        ,\n   \"fqdn\": \"cliaksdns000002-8a577wh4.hcp.westus2.azmk8s.io\",\n   \"\
        azurePortalFQDN\": \"cliaksdns000002-8a577wh4.portal.hcp.westus2.azmk8s.io\"\
        ,\n   \"agentPoolProfiles\": [\n    {\n     \"name\": \"nodepool1\",\n   \
        \  \"count\": 3,\n     \"vmSize\": \"Standard_DS2_v2\",\n     \"osDiskSizeGB\"\
        : 128,\n     \"osDiskType\": \"Managed\",\n     \"kubeletDiskType\": \"OS\"\
        ,\n     \"maxPods\": 110,\n     \"type\": \"VirtualMachineScaleSets\",\n \
        \    \"enableAutoScaling\": false,\n     \"provisioningState\": \"Updating\"\
        ,\n     \"powerState\": {\n      \"code\": \"Running\"\n     },\n     \"orchestratorVersion\"\
        : \"1.25.6\",\n     \"currentOrchestratorVersion\": \"1.25.6\",\n     \"enableNodePublicIP\"\
        : false,\n     \"nodeLabels\": {\n      \"label1\": \"value1\",\n      \"\
        label2\": \"value2\"\n     },\n     \"mode\": \"System\",\n     \"enableEncryptionAtHost\"\
        : false,\n     \"enableUltraSSD\": false,\n     \"osType\": \"Linux\",\n \
        \    \"osSKU\": \"Ubuntu\",\n     \"nodeImageVersion\": \"AKSUbuntu-2204gen2containerd-202306.01.0\"\
        ,\n     \"upgradeSettings\": {},\n     \"enableFIPS\": false\n    }\n   ],\n\
        \   \"linuxProfile\": {\n    \"adminUsername\": \"azureuser\",\n    \"ssh\"\
        : {\n     \"publicKeys\": [\n      {\n       \"keyData\": \"ssh-rsa AAAAB3NzaC1yc2EAAAADAQABAAACAQCbIg1guRHbI0lV11wWDt1r2cUdcNd27CJsg+SfgC7miZeubtwUhbsPdhMQsfDyhOWHq1+ZL0M+nJZV63d/1dhmhtgyOqejUwrPlzKhydsbrsdUor+JmNJDdW01v7BXHyuymT8G4s09jCasNOwiufbP/qp72ruu0bIA1nySsvlf9pCQAuFkAnVnf/rFhUlOkhtRpwcq8SUNY2zRHR/EKb/4NWY1JzR4sa3q2fWIJdrrX0DvLoa5g9bIEd4Df79ba7v+yiUBOS0zT2ll+z4g9izHK3EO5d8hL4jYxcjKs+wcslSYRWrascfscLgMlMGh0CdKeNTDjHpGPncaf3Z+FwwwjWeuiNBxv7bJo13/8B/098KlVDl4GZqsoBCEjPyJfV6hO0y/LkRGkk7oHWKgeWAfKtfLItRp00eZ4fcJNK9kCaSMmEugoZWcI7NGbZXzqFWqbpRI7NcDP9+WIQ+i9U5vqWsqd/zng4kbuAJ6UuKqIzB0upYrLShfQE3SAck8oaLhJqqq56VfDuASNpJKidV+zq27HfSBmbXnkR/5AK337dc3MXKJypoK/QPMLKUAP5XLPbs+NddJQV7EZXd29DLgp+fRIg3edpKdO7ZErWhv7d+3Kws+e1Y+ypmR2WIVSwVyBEUfgv2C8Ts9gnTF4pNcEY/S2aBicz5Ew2+jdyGNQQ==\
        \ test@example.com\\n\"\n      }\n     ]\n    }\n   },\n   \"servicePrincipalProfile\"\
        : {\n    \"clientId\":\"00000000-0000-0000-0000-000000000001\"\n   },\n  \
        \ \"nodeResourceGroup\": \"MC_clitest000001_cliakstest000001_westus2\",\n\
        \   \"enableRBAC\": true,\n   \"supportPlan\": \"KubernetesOfficial\",\n \
        \  \"networkProfile\": {\n    \"networkPlugin\": \"kubenet\",\n    \"loadBalancerSku\"\
        : \"Standard\",\n    \"loadBalancerProfile\": {\n     \"managedOutboundIPs\"\
        : {\n      \"count\": 1\n     },\n     \"effectiveOutboundIPs\": [\n     \
        \ {\n       \"id\": \"/subscriptions/00000000-0000-0000-0000-000000000000/resourceGroups/MC_clitest000001_cliakstest000001_westus2/providers/Microsoft.Network/publicIPAddresses/7a1b08b3-3453-4b93-bbcc-2a52b7ea0f2c\"\
        \n      }\n     ]\n    },\n    \"podCidr\": \"10.244.0.0/16\",\n    \"serviceCidr\"\
        : \"10.0.0.0/16\",\n    \"dnsServiceIP\": \"10.0.0.10\",\n    \"outboundType\"\
        : \"loadBalancer\",\n    \"podCidrs\": [\n     \"10.244.0.0/16\"\n    ],\n\
        \    \"serviceCidrs\": [\n     \"10.0.0.0/16\"\n    ],\n    \"ipFamilies\"\
        : [\n     \"IPv4\"\n    ]\n   },\n   \"maxAgentPools\": 100,\n   \"identityProfile\"\
        : {\n    \"kubeletidentity\": {\n     \"resourceId\": \"/subscriptions/00000000-0000-0000-0000-000000000000/resourcegroups/MC_clitest000001_cliakstest000001_westus2/providers/Microsoft.ManagedIdentity/userAssignedIdentities/cliakstest000001-agentpool\"\
        ,\n     \"clientId\":\"00000000-0000-0000-0000-000000000001\",\n     \"objectId\"\
        :\"00000000-0000-0000-0000-000000000001\"\n    }\n   },\n   \"disableLocalAccounts\"\
        : false,\n   \"securityProfile\": {},\n   \"storageProfile\": {\n    \"diskCSIDriver\"\
        : {\n     \"enabled\": true\n    },\n    \"fileCSIDriver\": {\n     \"enabled\"\
        : true\n    },\n    \"snapshotController\": {\n     \"enabled\": true\n  \
        \  }\n   },\n   \"oidcIssuerProfile\": {\n    \"enabled\": false\n   },\n\
        \   \"workloadAutoScalerProfile\": {}\n  },\n  \"identity\": {\n   \"type\"\
        : \"SystemAssigned\",\n   \"principalId\":\"00000000-0000-0000-0000-000000000001\"\
        ,\n   \"tenantId\": \"72f988bf-86f1-41af-91ab-2d7cd011db47\"\n  },\n  \"sku\"\
        : {\n   \"name\": \"Base\",\n   \"tier\": \"Free\"\n  }\n }"
    headers:
      azure-asyncoperation:
      - https://management.azure.com/subscriptions/00000000-0000-0000-0000-000000000000/providers/Microsoft.ContainerService/locations/westus2/operations/af84a5e8-fd70-4b96-bd6c-a599a11027f8?api-version=2016-03-30
      cache-control:
      - no-cache
      content-length:
      - '4307'
      content-type:
      - application/json
      date:
      - Wed, 14 Jun 2023 20:51:49 GMT
      expires:
      - '-1'
      pragma:
      - no-cache
      server:
      - nginx
      strict-transport-security:
      - max-age=31536000; includeSubDomains
      transfer-encoding:
      - chunked
      vary:
      - Accept-Encoding
      x-content-type-options:
      - nosniff
      x-ms-ratelimit-remaining-subscription-writes:
      - '1199'
    status:
      code: 200
      message: OK
- request:
    body: null
    headers:
      Accept:
      - '*/*'
      Accept-Encoding:
      - gzip, deflate
      CommandName:
      - aks scale
      Connection:
      - keep-alive
      ParameterSetName:
      - -g -n --node-count
      User-Agent:
      - AZURECLI/2.49.0 azsdk-python-azure-mgmt-containerservice/23.0.0 Python/3.8.16
        (macOS-13.4-arm64-arm-64bit)
    method: GET
    uri: https://management.azure.com/subscriptions/00000000-0000-0000-0000-000000000000/providers/Microsoft.ContainerService/locations/westus2/operations/af84a5e8-fd70-4b96-bd6c-a599a11027f8?api-version=2016-03-30
  response:
    body:
      string: "{\n  \"name\": \"e8a584af-70fd-964b-bd6c-a599a11027f8\",\n  \"status\"\
        : \"InProgress\",\n  \"startTime\": \"2023-06-14T20:51:49.2920493Z\"\n }"
    headers:
      cache-control:
      - no-cache
      content-length:
      - '126'
      content-type:
      - application/json
      date:
      - Wed, 14 Jun 2023 20:51:49 GMT
      expires:
      - '-1'
      pragma:
      - no-cache
      server:
      - nginx
      strict-transport-security:
      - max-age=31536000; includeSubDomains
      transfer-encoding:
      - chunked
      vary:
      - Accept-Encoding
      x-content-type-options:
      - nosniff
    status:
      code: 200
      message: OK
- request:
    body: null
    headers:
      Accept:
      - '*/*'
      Accept-Encoding:
      - gzip, deflate
      CommandName:
      - aks scale
      Connection:
      - keep-alive
      ParameterSetName:
      - -g -n --node-count
      User-Agent:
      - AZURECLI/2.49.0 azsdk-python-azure-mgmt-containerservice/23.0.0 Python/3.8.16
        (macOS-13.4-arm64-arm-64bit)
    method: GET
    uri: https://management.azure.com/subscriptions/00000000-0000-0000-0000-000000000000/providers/Microsoft.ContainerService/locations/westus2/operations/af84a5e8-fd70-4b96-bd6c-a599a11027f8?api-version=2016-03-30
  response:
    body:
      string: "{\n  \"name\": \"e8a584af-70fd-964b-bd6c-a599a11027f8\",\n  \"status\"\
        : \"InProgress\",\n  \"startTime\": \"2023-06-14T20:51:49.2920493Z\"\n }"
    headers:
      cache-control:
      - no-cache
      content-length:
      - '126'
      content-type:
      - application/json
      date:
      - Wed, 14 Jun 2023 20:52:20 GMT
      expires:
      - '-1'
      pragma:
      - no-cache
      server:
      - nginx
      strict-transport-security:
      - max-age=31536000; includeSubDomains
      transfer-encoding:
      - chunked
      vary:
      - Accept-Encoding
      x-content-type-options:
      - nosniff
    status:
      code: 200
      message: OK
- request:
    body: null
    headers:
      Accept:
      - '*/*'
      Accept-Encoding:
      - gzip, deflate
      CommandName:
      - aks scale
      Connection:
      - keep-alive
      ParameterSetName:
      - -g -n --node-count
      User-Agent:
      - AZURECLI/2.49.0 azsdk-python-azure-mgmt-containerservice/23.0.0 Python/3.8.16
        (macOS-13.4-arm64-arm-64bit)
    method: GET
    uri: https://management.azure.com/subscriptions/00000000-0000-0000-0000-000000000000/providers/Microsoft.ContainerService/locations/westus2/operations/af84a5e8-fd70-4b96-bd6c-a599a11027f8?api-version=2016-03-30
  response:
    body:
      string: "{\n  \"name\": \"e8a584af-70fd-964b-bd6c-a599a11027f8\",\n  \"status\"\
        : \"InProgress\",\n  \"startTime\": \"2023-06-14T20:51:49.2920493Z\"\n }"
    headers:
      cache-control:
      - no-cache
      content-length:
      - '126'
      content-type:
      - application/json
      date:
      - Wed, 14 Jun 2023 20:52:50 GMT
      expires:
      - '-1'
      pragma:
      - no-cache
      server:
      - nginx
      strict-transport-security:
      - max-age=31536000; includeSubDomains
      transfer-encoding:
      - chunked
      vary:
      - Accept-Encoding
      x-content-type-options:
      - nosniff
    status:
      code: 200
      message: OK
- request:
    body: null
    headers:
      Accept:
      - '*/*'
      Accept-Encoding:
      - gzip, deflate
      CommandName:
      - aks scale
      Connection:
      - keep-alive
      ParameterSetName:
      - -g -n --node-count
      User-Agent:
      - AZURECLI/2.49.0 azsdk-python-azure-mgmt-containerservice/23.0.0 Python/3.8.16
        (macOS-13.4-arm64-arm-64bit)
    method: GET
    uri: https://management.azure.com/subscriptions/00000000-0000-0000-0000-000000000000/providers/Microsoft.ContainerService/locations/westus2/operations/af84a5e8-fd70-4b96-bd6c-a599a11027f8?api-version=2016-03-30
  response:
    body:
      string: "{\n  \"name\": \"e8a584af-70fd-964b-bd6c-a599a11027f8\",\n  \"status\"\
        : \"InProgress\",\n  \"startTime\": \"2023-06-14T20:51:49.2920493Z\"\n }"
    headers:
      cache-control:
      - no-cache
      content-length:
      - '126'
      content-type:
      - application/json
      date:
      - Wed, 14 Jun 2023 20:53:20 GMT
      expires:
      - '-1'
      pragma:
      - no-cache
      server:
      - nginx
      strict-transport-security:
      - max-age=31536000; includeSubDomains
      transfer-encoding:
      - chunked
      vary:
      - Accept-Encoding
      x-content-type-options:
      - nosniff
    status:
      code: 200
      message: OK
- request:
    body: null
    headers:
      Accept:
      - '*/*'
      Accept-Encoding:
      - gzip, deflate
      CommandName:
      - aks scale
      Connection:
      - keep-alive
      ParameterSetName:
      - -g -n --node-count
      User-Agent:
      - AZURECLI/2.49.0 azsdk-python-azure-mgmt-containerservice/23.0.0 Python/3.8.16
        (macOS-13.4-arm64-arm-64bit)
    method: GET
    uri: https://management.azure.com/subscriptions/00000000-0000-0000-0000-000000000000/providers/Microsoft.ContainerService/locations/westus2/operations/af84a5e8-fd70-4b96-bd6c-a599a11027f8?api-version=2016-03-30
  response:
    body:
      string: "{\n  \"name\": \"e8a584af-70fd-964b-bd6c-a599a11027f8\",\n  \"status\"\
        : \"InProgress\",\n  \"startTime\": \"2023-06-14T20:51:49.2920493Z\"\n }"
    headers:
      cache-control:
      - no-cache
      content-length:
      - '126'
      content-type:
      - application/json
      date:
      - Wed, 14 Jun 2023 20:53:51 GMT
      expires:
      - '-1'
      pragma:
      - no-cache
      server:
      - nginx
      strict-transport-security:
      - max-age=31536000; includeSubDomains
      transfer-encoding:
      - chunked
      vary:
      - Accept-Encoding
      x-content-type-options:
      - nosniff
    status:
      code: 200
      message: OK
- request:
    body: null
    headers:
      Accept:
      - '*/*'
      Accept-Encoding:
      - gzip, deflate
      CommandName:
      - aks scale
      Connection:
      - keep-alive
      ParameterSetName:
      - -g -n --node-count
      User-Agent:
      - AZURECLI/2.49.0 azsdk-python-azure-mgmt-containerservice/23.0.0 Python/3.8.16
        (macOS-13.4-arm64-arm-64bit)
    method: GET
    uri: https://management.azure.com/subscriptions/00000000-0000-0000-0000-000000000000/providers/Microsoft.ContainerService/locations/westus2/operations/af84a5e8-fd70-4b96-bd6c-a599a11027f8?api-version=2016-03-30
  response:
    body:
      string: "{\n  \"name\": \"e8a584af-70fd-964b-bd6c-a599a11027f8\",\n  \"status\"\
        : \"InProgress\",\n  \"startTime\": \"2023-06-14T20:51:49.2920493Z\"\n }"
    headers:
      cache-control:
      - no-cache
      content-length:
      - '126'
      content-type:
      - application/json
      date:
      - Wed, 14 Jun 2023 20:54:21 GMT
      expires:
      - '-1'
      pragma:
      - no-cache
      server:
      - nginx
      strict-transport-security:
      - max-age=31536000; includeSubDomains
      transfer-encoding:
      - chunked
      vary:
      - Accept-Encoding
      x-content-type-options:
      - nosniff
    status:
      code: 200
      message: OK
- request:
    body: null
    headers:
      Accept:
      - '*/*'
      Accept-Encoding:
      - gzip, deflate
      CommandName:
      - aks scale
      Connection:
      - keep-alive
      ParameterSetName:
      - -g -n --node-count
      User-Agent:
      - AZURECLI/2.49.0 azsdk-python-azure-mgmt-containerservice/23.0.0 Python/3.8.16
        (macOS-13.4-arm64-arm-64bit)
    method: GET
    uri: https://management.azure.com/subscriptions/00000000-0000-0000-0000-000000000000/providers/Microsoft.ContainerService/locations/westus2/operations/af84a5e8-fd70-4b96-bd6c-a599a11027f8?api-version=2016-03-30
  response:
    body:
      string: "{\n  \"name\": \"e8a584af-70fd-964b-bd6c-a599a11027f8\",\n  \"status\"\
        : \"Succeeded\",\n  \"startTime\": \"2023-06-14T20:51:49.2920493Z\",\n  \"\
        endTime\": \"2023-06-14T20:54:34.1690892Z\"\n }"
    headers:
      cache-control:
      - no-cache
      content-length:
      - '170'
      content-type:
      - application/json
      date:
      - Wed, 14 Jun 2023 20:54:50 GMT
      expires:
      - '-1'
      pragma:
      - no-cache
      server:
      - nginx
      strict-transport-security:
      - max-age=31536000; includeSubDomains
      transfer-encoding:
      - chunked
      vary:
      - Accept-Encoding
      x-content-type-options:
      - nosniff
    status:
      code: 200
      message: OK
- request:
    body: null
    headers:
      Accept:
      - '*/*'
      Accept-Encoding:
      - gzip, deflate
      CommandName:
      - aks scale
      Connection:
      - keep-alive
      ParameterSetName:
      - -g -n --node-count
      User-Agent:
      - AZURECLI/2.49.0 azsdk-python-azure-mgmt-containerservice/23.0.0 Python/3.8.16
        (macOS-13.4-arm64-arm-64bit)
    method: GET
    uri: https://management.azure.com/subscriptions/00000000-0000-0000-0000-000000000000/resourceGroups/clitest000001/providers/Microsoft.ContainerService/managedClusters/cliakstest000001?api-version=2023-04-01
  response:
    body:
      string: "{\n  \"id\": \"/subscriptions/00000000-0000-0000-0000-000000000000/resourcegroups/clitest000001/providers/Microsoft.ContainerService/managedClusters/cliakstest000001\"\
        ,\n  \"location\": \"westus2\",\n  \"name\": \"cliakstest000001\",\n  \"tags\"\
        : {\n   \"key1\": \"value1\"\n  },\n  \"type\": \"Microsoft.ContainerService/ManagedClusters\"\
        ,\n  \"properties\": {\n   \"provisioningState\": \"Succeeded\",\n   \"powerState\"\
        : {\n    \"code\": \"Running\"\n   },\n   \"kubernetesVersion\": \"1.25.6\"\
        ,\n   \"currentKubernetesVersion\": \"1.25.6\",\n   \"dnsPrefix\": \"cliaksdns000002\"\
        ,\n   \"fqdn\": \"cliaksdns000002-8a577wh4.hcp.westus2.azmk8s.io\",\n   \"\
        azurePortalFQDN\": \"cliaksdns000002-8a577wh4.portal.hcp.westus2.azmk8s.io\"\
        ,\n   \"agentPoolProfiles\": [\n    {\n     \"name\": \"nodepool1\",\n   \
        \  \"count\": 3,\n     \"vmSize\": \"Standard_DS2_v2\",\n     \"osDiskSizeGB\"\
        : 128,\n     \"osDiskType\": \"Managed\",\n     \"kubeletDiskType\": \"OS\"\
        ,\n     \"maxPods\": 110,\n     \"type\": \"VirtualMachineScaleSets\",\n \
        \    \"enableAutoScaling\": false,\n     \"provisioningState\": \"Succeeded\"\
        ,\n     \"powerState\": {\n      \"code\": \"Running\"\n     },\n     \"orchestratorVersion\"\
        : \"1.25.6\",\n     \"currentOrchestratorVersion\": \"1.25.6\",\n     \"enableNodePublicIP\"\
        : false,\n     \"nodeLabels\": {\n      \"label1\": \"value1\",\n      \"\
        label2\": \"value2\"\n     },\n     \"mode\": \"System\",\n     \"enableEncryptionAtHost\"\
        : false,\n     \"enableUltraSSD\": false,\n     \"osType\": \"Linux\",\n \
        \    \"osSKU\": \"Ubuntu\",\n     \"nodeImageVersion\": \"AKSUbuntu-2204gen2containerd-202306.01.0\"\
        ,\n     \"upgradeSettings\": {},\n     \"enableFIPS\": false\n    }\n   ],\n\
        \   \"linuxProfile\": {\n    \"adminUsername\": \"azureuser\",\n    \"ssh\"\
        : {\n     \"publicKeys\": [\n      {\n       \"keyData\": \"ssh-rsa AAAAB3NzaC1yc2EAAAADAQABAAACAQCbIg1guRHbI0lV11wWDt1r2cUdcNd27CJsg+SfgC7miZeubtwUhbsPdhMQsfDyhOWHq1+ZL0M+nJZV63d/1dhmhtgyOqejUwrPlzKhydsbrsdUor+JmNJDdW01v7BXHyuymT8G4s09jCasNOwiufbP/qp72ruu0bIA1nySsvlf9pCQAuFkAnVnf/rFhUlOkhtRpwcq8SUNY2zRHR/EKb/4NWY1JzR4sa3q2fWIJdrrX0DvLoa5g9bIEd4Df79ba7v+yiUBOS0zT2ll+z4g9izHK3EO5d8hL4jYxcjKs+wcslSYRWrascfscLgMlMGh0CdKeNTDjHpGPncaf3Z+FwwwjWeuiNBxv7bJo13/8B/098KlVDl4GZqsoBCEjPyJfV6hO0y/LkRGkk7oHWKgeWAfKtfLItRp00eZ4fcJNK9kCaSMmEugoZWcI7NGbZXzqFWqbpRI7NcDP9+WIQ+i9U5vqWsqd/zng4kbuAJ6UuKqIzB0upYrLShfQE3SAck8oaLhJqqq56VfDuASNpJKidV+zq27HfSBmbXnkR/5AK337dc3MXKJypoK/QPMLKUAP5XLPbs+NddJQV7EZXd29DLgp+fRIg3edpKdO7ZErWhv7d+3Kws+e1Y+ypmR2WIVSwVyBEUfgv2C8Ts9gnTF4pNcEY/S2aBicz5Ew2+jdyGNQQ==\
        \ test@example.com\\n\"\n      }\n     ]\n    }\n   },\n   \"servicePrincipalProfile\"\
        : {\n    \"clientId\":\"00000000-0000-0000-0000-000000000001\"\n   },\n  \
        \ \"nodeResourceGroup\": \"MC_clitest000001_cliakstest000001_westus2\",\n\
        \   \"enableRBAC\": true,\n   \"supportPlan\": \"KubernetesOfficial\",\n \
        \  \"networkProfile\": {\n    \"networkPlugin\": \"kubenet\",\n    \"loadBalancerSku\"\
        : \"Standard\",\n    \"loadBalancerProfile\": {\n     \"managedOutboundIPs\"\
        : {\n      \"count\": 1\n     },\n     \"effectiveOutboundIPs\": [\n     \
        \ {\n       \"id\": \"/subscriptions/00000000-0000-0000-0000-000000000000/resourceGroups/MC_clitest000001_cliakstest000001_westus2/providers/Microsoft.Network/publicIPAddresses/7a1b08b3-3453-4b93-bbcc-2a52b7ea0f2c\"\
        \n      }\n     ]\n    },\n    \"podCidr\": \"10.244.0.0/16\",\n    \"serviceCidr\"\
        : \"10.0.0.0/16\",\n    \"dnsServiceIP\": \"10.0.0.10\",\n    \"outboundType\"\
        : \"loadBalancer\",\n    \"podCidrs\": [\n     \"10.244.0.0/16\"\n    ],\n\
        \    \"serviceCidrs\": [\n     \"10.0.0.0/16\"\n    ],\n    \"ipFamilies\"\
        : [\n     \"IPv4\"\n    ]\n   },\n   \"maxAgentPools\": 100,\n   \"identityProfile\"\
        : {\n    \"kubeletidentity\": {\n     \"resourceId\": \"/subscriptions/00000000-0000-0000-0000-000000000000/resourcegroups/MC_clitest000001_cliakstest000001_westus2/providers/Microsoft.ManagedIdentity/userAssignedIdentities/cliakstest000001-agentpool\"\
        ,\n     \"clientId\":\"00000000-0000-0000-0000-000000000001\",\n     \"objectId\"\
        :\"00000000-0000-0000-0000-000000000001\"\n    }\n   },\n   \"disableLocalAccounts\"\
        : false,\n   \"securityProfile\": {},\n   \"storageProfile\": {\n    \"diskCSIDriver\"\
        : {\n     \"enabled\": true\n    },\n    \"fileCSIDriver\": {\n     \"enabled\"\
        : true\n    },\n    \"snapshotController\": {\n     \"enabled\": true\n  \
        \  }\n   },\n   \"oidcIssuerProfile\": {\n    \"enabled\": false\n   },\n\
        \   \"workloadAutoScalerProfile\": {}\n  },\n  \"identity\": {\n   \"type\"\
        : \"SystemAssigned\",\n   \"principalId\":\"00000000-0000-0000-0000-000000000001\"\
        ,\n   \"tenantId\": \"72f988bf-86f1-41af-91ab-2d7cd011db47\"\n  },\n  \"sku\"\
        : {\n   \"name\": \"Base\",\n   \"tier\": \"Free\"\n  }\n }"
    headers:
      cache-control:
      - no-cache
      content-length:
      - '4309'
      content-type:
      - application/json
      date:
      - Wed, 14 Jun 2023 20:54:51 GMT
      expires:
      - '-1'
      pragma:
      - no-cache
      server:
      - nginx
      strict-transport-security:
      - max-age=31536000; includeSubDomains
      transfer-encoding:
      - chunked
      vary:
      - Accept-Encoding
      x-content-type-options:
      - nosniff
    status:
      code: 200
      message: OK
- request:
    body: null
    headers:
      Accept:
      - application/json
      Accept-Encoding:
      - gzip, deflate
      CommandName:
      - aks show
      Connection:
      - keep-alive
      ParameterSetName:
      - -g -n
      User-Agent:
      - AZURECLI/2.49.0 azsdk-python-azure-mgmt-containerservice/23.0.0 Python/3.8.16
        (macOS-13.4-arm64-arm-64bit)
    method: GET
    uri: https://management.azure.com/subscriptions/00000000-0000-0000-0000-000000000000/resourceGroups/clitest000001/providers/Microsoft.ContainerService/managedClusters/cliakstest000001?api-version=2023-04-01
  response:
    body:
      string: "{\n  \"id\": \"/subscriptions/00000000-0000-0000-0000-000000000000/resourcegroups/clitest000001/providers/Microsoft.ContainerService/managedClusters/cliakstest000001\"\
        ,\n  \"location\": \"westus2\",\n  \"name\": \"cliakstest000001\",\n  \"tags\"\
        : {\n   \"key1\": \"value1\"\n  },\n  \"type\": \"Microsoft.ContainerService/ManagedClusters\"\
        ,\n  \"properties\": {\n   \"provisioningState\": \"Succeeded\",\n   \"powerState\"\
        : {\n    \"code\": \"Running\"\n   },\n   \"kubernetesVersion\": \"1.25.6\"\
        ,\n   \"currentKubernetesVersion\": \"1.25.6\",\n   \"dnsPrefix\": \"cliaksdns000002\"\
        ,\n   \"fqdn\": \"cliaksdns000002-8a577wh4.hcp.westus2.azmk8s.io\",\n   \"\
        azurePortalFQDN\": \"cliaksdns000002-8a577wh4.portal.hcp.westus2.azmk8s.io\"\
        ,\n   \"agentPoolProfiles\": [\n    {\n     \"name\": \"nodepool1\",\n   \
        \  \"count\": 3,\n     \"vmSize\": \"Standard_DS2_v2\",\n     \"osDiskSizeGB\"\
        : 128,\n     \"osDiskType\": \"Managed\",\n     \"kubeletDiskType\": \"OS\"\
        ,\n     \"maxPods\": 110,\n     \"type\": \"VirtualMachineScaleSets\",\n \
        \    \"enableAutoScaling\": false,\n     \"provisioningState\": \"Succeeded\"\
        ,\n     \"powerState\": {\n      \"code\": \"Running\"\n     },\n     \"orchestratorVersion\"\
        : \"1.25.6\",\n     \"currentOrchestratorVersion\": \"1.25.6\",\n     \"enableNodePublicIP\"\
        : false,\n     \"nodeLabels\": {\n      \"label1\": \"value1\",\n      \"\
        label2\": \"value2\"\n     },\n     \"mode\": \"System\",\n     \"enableEncryptionAtHost\"\
        : false,\n     \"enableUltraSSD\": false,\n     \"osType\": \"Linux\",\n \
        \    \"osSKU\": \"Ubuntu\",\n     \"nodeImageVersion\": \"AKSUbuntu-2204gen2containerd-202306.01.0\"\
        ,\n     \"upgradeSettings\": {},\n     \"enableFIPS\": false\n    }\n   ],\n\
        \   \"linuxProfile\": {\n    \"adminUsername\": \"azureuser\",\n    \"ssh\"\
        : {\n     \"publicKeys\": [\n      {\n       \"keyData\": \"ssh-rsa AAAAB3NzaC1yc2EAAAADAQABAAACAQCbIg1guRHbI0lV11wWDt1r2cUdcNd27CJsg+SfgC7miZeubtwUhbsPdhMQsfDyhOWHq1+ZL0M+nJZV63d/1dhmhtgyOqejUwrPlzKhydsbrsdUor+JmNJDdW01v7BXHyuymT8G4s09jCasNOwiufbP/qp72ruu0bIA1nySsvlf9pCQAuFkAnVnf/rFhUlOkhtRpwcq8SUNY2zRHR/EKb/4NWY1JzR4sa3q2fWIJdrrX0DvLoa5g9bIEd4Df79ba7v+yiUBOS0zT2ll+z4g9izHK3EO5d8hL4jYxcjKs+wcslSYRWrascfscLgMlMGh0CdKeNTDjHpGPncaf3Z+FwwwjWeuiNBxv7bJo13/8B/098KlVDl4GZqsoBCEjPyJfV6hO0y/LkRGkk7oHWKgeWAfKtfLItRp00eZ4fcJNK9kCaSMmEugoZWcI7NGbZXzqFWqbpRI7NcDP9+WIQ+i9U5vqWsqd/zng4kbuAJ6UuKqIzB0upYrLShfQE3SAck8oaLhJqqq56VfDuASNpJKidV+zq27HfSBmbXnkR/5AK337dc3MXKJypoK/QPMLKUAP5XLPbs+NddJQV7EZXd29DLgp+fRIg3edpKdO7ZErWhv7d+3Kws+e1Y+ypmR2WIVSwVyBEUfgv2C8Ts9gnTF4pNcEY/S2aBicz5Ew2+jdyGNQQ==\
        \ test@example.com\\n\"\n      }\n     ]\n    }\n   },\n   \"servicePrincipalProfile\"\
        : {\n    \"clientId\":\"00000000-0000-0000-0000-000000000001\"\n   },\n  \
        \ \"nodeResourceGroup\": \"MC_clitest000001_cliakstest000001_westus2\",\n\
        \   \"enableRBAC\": true,\n   \"supportPlan\": \"KubernetesOfficial\",\n \
        \  \"networkProfile\": {\n    \"networkPlugin\": \"kubenet\",\n    \"loadBalancerSku\"\
        : \"Standard\",\n    \"loadBalancerProfile\": {\n     \"managedOutboundIPs\"\
        : {\n      \"count\": 1\n     },\n     \"effectiveOutboundIPs\": [\n     \
        \ {\n       \"id\": \"/subscriptions/00000000-0000-0000-0000-000000000000/resourceGroups/MC_clitest000001_cliakstest000001_westus2/providers/Microsoft.Network/publicIPAddresses/7a1b08b3-3453-4b93-bbcc-2a52b7ea0f2c\"\
        \n      }\n     ]\n    },\n    \"podCidr\": \"10.244.0.0/16\",\n    \"serviceCidr\"\
        : \"10.0.0.0/16\",\n    \"dnsServiceIP\": \"10.0.0.10\",\n    \"outboundType\"\
        : \"loadBalancer\",\n    \"podCidrs\": [\n     \"10.244.0.0/16\"\n    ],\n\
        \    \"serviceCidrs\": [\n     \"10.0.0.0/16\"\n    ],\n    \"ipFamilies\"\
        : [\n     \"IPv4\"\n    ]\n   },\n   \"maxAgentPools\": 100,\n   \"identityProfile\"\
        : {\n    \"kubeletidentity\": {\n     \"resourceId\": \"/subscriptions/00000000-0000-0000-0000-000000000000/resourcegroups/MC_clitest000001_cliakstest000001_westus2/providers/Microsoft.ManagedIdentity/userAssignedIdentities/cliakstest000001-agentpool\"\
        ,\n     \"clientId\":\"00000000-0000-0000-0000-000000000001\",\n     \"objectId\"\
        :\"00000000-0000-0000-0000-000000000001\"\n    }\n   },\n   \"disableLocalAccounts\"\
        : false,\n   \"securityProfile\": {},\n   \"storageProfile\": {\n    \"diskCSIDriver\"\
        : {\n     \"enabled\": true\n    },\n    \"fileCSIDriver\": {\n     \"enabled\"\
        : true\n    },\n    \"snapshotController\": {\n     \"enabled\": true\n  \
        \  }\n   },\n   \"oidcIssuerProfile\": {\n    \"enabled\": false\n   },\n\
        \   \"workloadAutoScalerProfile\": {}\n  },\n  \"identity\": {\n   \"type\"\
        : \"SystemAssigned\",\n   \"principalId\":\"00000000-0000-0000-0000-000000000001\"\
        ,\n   \"tenantId\": \"72f988bf-86f1-41af-91ab-2d7cd011db47\"\n  },\n  \"sku\"\
        : {\n   \"name\": \"Base\",\n   \"tier\": \"Free\"\n  }\n }"
    headers:
      cache-control:
      - no-cache
      content-length:
      - '4309'
      content-type:
      - application/json
      date:
      - Wed, 14 Jun 2023 20:54:53 GMT
      expires:
      - '-1'
      pragma:
      - no-cache
      server:
      - nginx
      strict-transport-security:
      - max-age=31536000; includeSubDomains
      transfer-encoding:
      - chunked
      vary:
      - Accept-Encoding
      x-content-type-options:
      - nosniff
    status:
      code: 200
      message: OK
- request:
    body: null
    headers:
      Accept:
      - application/json
      Accept-Encoding:
      - gzip, deflate
      CommandName:
      - aks delete
      Connection:
      - keep-alive
      Content-Length:
      - '0'
      ParameterSetName:
      - -g -n --yes --no-wait
      User-Agent:
      - AZURECLI/2.49.0 azsdk-python-azure-mgmt-containerservice/23.0.0 Python/3.8.16
        (macOS-13.4-arm64-arm-64bit)
    method: DELETE
    uri: https://management.azure.com/subscriptions/00000000-0000-0000-0000-000000000000/resourceGroups/clitest000001/providers/Microsoft.ContainerService/managedClusters/cliakstest000001?api-version=2023-04-01
  response:
    body:
      string: ''
    headers:
      azure-asyncoperation:
      - https://management.azure.com/subscriptions/00000000-0000-0000-0000-000000000000/providers/Microsoft.ContainerService/locations/westus2/operations/5f813d62-cc40-4121-85da-1ab4849610e4?api-version=2016-03-30
      cache-control:
      - no-cache
      content-length:
      - '0'
      date:
      - Wed, 14 Jun 2023 20:54:56 GMT
      expires:
      - '-1'
      location:
      - https://management.azure.com/subscriptions/00000000-0000-0000-0000-000000000000/providers/Microsoft.ContainerService/locations/westus2/operationresults/5f813d62-cc40-4121-85da-1ab4849610e4?api-version=2016-03-30
      pragma:
      - no-cache
      server:
      - nginx
      strict-transport-security:
      - max-age=31536000; includeSubDomains
      x-content-type-options:
      - nosniff
      x-ms-ratelimit-remaining-subscription-deletes:
      - '14999'
    status:
      code: 202
      message: Accepted
version: 1
