interactions:
- request:
    body: null
    headers:
      Accept:
      - application/json
      Accept-Encoding:
      - gzip, deflate
      CommandName:
      - aks create
      Connection:
      - keep-alive
      ParameterSetName:
      - --resource-group --name --ssh-key-value --enable-managed-identity --disable-local-accounts
      User-Agent:
      - AZURECLI/2.30.0 azsdk-python-azure-mgmt-resource/19.0.0 Python/3.8.11 (Linux-5.11.0-1020-azure-x86_64-with-glibc2.27)
    method: GET
    uri: https://management.azure.com/subscriptions/00000000-0000-0000-0000-000000000000/resourcegroups/clitest000001?api-version=2021-04-01
  response:
    body:
      string: '{"id":"/subscriptions/00000000-0000-0000-0000-000000000000/resourceGroups/clitest000001","name":"clitest000001","type":"Microsoft.Resources/resourceGroups","location":"westus2","tags":{"product":"azurecli","cause":"automation","date":"2021-11-22T09:21:46Z"},"properties":{"provisioningState":"Succeeded"}}'
    headers:
      cache-control:
      - no-cache
      content-length:
      - '313'
      content-type:
      - application/json; charset=utf-8
      date:
      - Mon, 22 Nov 2021 09:21:47 GMT
      expires:
      - '-1'
      pragma:
      - no-cache
      strict-transport-security:
      - max-age=31536000; includeSubDomains
      vary:
      - Accept-Encoding
      x-content-type-options:
      - nosniff
    status:
      code: 200
      message: OK
- request:
    body: '{"location": "westus2", "identity": {"type": "SystemAssigned"}, "properties":
      {"kubernetesVersion": "", "dnsPrefix": "cliakstest-clitestvumiszfha-79a739",
      "agentPoolProfiles": [{"count": 3, "vmSize": "Standard_DS2_v2", "osType": "Linux",
      "enableAutoScaling": false, "type": "VirtualMachineScaleSets", "mode": "System",
      "enableNodePublicIP": false, "scaleSetPriority": "Regular", "scaleSetEvictionPolicy":
      "Delete", "spotMaxPrice": -1.0, "enableEncryptionAtHost": false, "enableUltraSSD":
      false, "name": "nodepool1"}], "linuxProfile": {"adminUsername": "azureuser",
      "ssh": {"publicKeys": [{"keyData": "ssh-rsa AAAAB3NzaC1yc2EAAAADAQABAAABAQDtM6YKUkjiybc9N8EtMhRqPDj75sbZu4XqdP42+g70hQZLO3uR79eHs06TtbwMWl9UlfMPfSekJtFx1fvbs/FxOlFtLANSBkahz7I2xzObyBxQjZvnIPe3pyzwc6S174RDUv+lTBri7nPern8p6A4AiXce2TlbRcR2BlSt8rScPfvhOjAl//YZ1p5Z9xXHTAWY2rXgqGd3LXtmoqDxCmsArq0gTuop0Oe5CCS3I3xtYFjU9G4nFkT7/zweP83dzTyp4gLMwDz8T1FffhPyzrIYunGabz2opO/V3mlOxrXKQzk5T2KVbGJntn+BIniJD2WkSTehTP14vjyhGy6HnwIp
      azcli_aks_live_test@example.com\n"}]}}, "addonProfiles": {}, "enableRBAC": true,
      "networkProfile": {"networkPlugin": "kubenet", "podCidr": "10.244.0.0/16", "serviceCidr":
      "10.0.0.0/16", "dnsServiceIP": "10.0.0.10", "dockerBridgeCidr": "172.17.0.1/16",
      "outboundType": "loadBalancer", "loadBalancerSku": "standard"}, "disableLocalAccounts":
      true}}'
    headers:
      Accept:
      - application/json
      Accept-Encoding:
      - gzip, deflate
      CommandName:
      - aks create
      Connection:
      - keep-alive
      Content-Length:
      - '1328'
      Content-Type:
      - application/json
      ParameterSetName:
      - --resource-group --name --ssh-key-value --enable-managed-identity --disable-local-accounts
      User-Agent:
      - AZURECLI/2.30.0 azsdk-python-azure-mgmt-containerservice/16.1.0 Python/3.8.11
        (Linux-5.11.0-1020-azure-x86_64-with-glibc2.27)
    method: PUT
    uri: https://management.azure.com/subscriptions/00000000-0000-0000-0000-000000000000/resourceGroups/clitest000001/providers/Microsoft.ContainerService/managedClusters/cliakstest000002?api-version=2021-07-01
  response:
    body:
      string: "{\n  \"id\": \"/subscriptions/00000000-0000-0000-0000-000000000000/resourcegroups/clitest000001/providers/Microsoft.ContainerService/managedClusters/cliakstest000002\",\n
        \ \"location\": \"westus2\",\n  \"name\": \"cliakstest000002\",\n  \"type\":
        \"Microsoft.ContainerService/ManagedClusters\",\n  \"properties\": {\n   \"provisioningState\":
        \"Creating\",\n   \"powerState\": {\n    \"code\": \"Running\"\n   },\n   \"kubernetesVersion\":
        \"1.20.9\",\n   \"dnsPrefix\": \"cliakstest-clitestvumiszfha-79a739\",\n   \"fqdn\":
        \"cliakstest-clitestvumiszfha-79a739-30539190.hcp.westus2.azmk8s.io\",\n   \"azurePortalFQDN\":
        \"cliakstest-clitestvumiszfha-79a739-30539190.portal.hcp.westus2.azmk8s.io\",\n
        \  \"agentPoolProfiles\": [\n    {\n     \"name\": \"nodepool1\",\n     \"count\":
        3,\n     \"vmSize\": \"Standard_DS2_v2\",\n     \"osDiskSizeGB\": 128,\n     \"osDiskType\":
        \"Managed\",\n     \"kubeletDiskType\": \"OS\",\n     \"maxPods\": 110,\n
        \    \"type\": \"VirtualMachineScaleSets\",\n     \"enableAutoScaling\": false,\n
        \    \"provisioningState\": \"Creating\",\n     \"powerState\": {\n      \"code\":
        \"Running\"\n     },\n     \"orchestratorVersion\": \"1.20.9\",\n     \"enableNodePublicIP\":
        false,\n     \"mode\": \"System\",\n     \"enableEncryptionAtHost\": false,\n
        \    \"enableUltraSSD\": false,\n     \"osType\": \"Linux\",\n     \"osSKU\":
        \"Ubuntu\",\n     \"nodeImageVersion\": \"AKSUbuntu-1804gen2containerd-2021.11.06\",\n
        \    \"enableFIPS\": false\n    }\n   ],\n   \"linuxProfile\": {\n    \"adminUsername\":
        \"azureuser\",\n    \"ssh\": {\n     \"publicKeys\": [\n      {\n       \"keyData\":
        \"ssh-rsa AAAAB3NzaC1yc2EAAAADAQABAAABAQDtM6YKUkjiybc9N8EtMhRqPDj75sbZu4XqdP42+g70hQZLO3uR79eHs06TtbwMWl9UlfMPfSekJtFx1fvbs/FxOlFtLANSBkahz7I2xzObyBxQjZvnIPe3pyzwc6S174RDUv+lTBri7nPern8p6A4AiXce2TlbRcR2BlSt8rScPfvhOjAl//YZ1p5Z9xXHTAWY2rXgqGd3LXtmoqDxCmsArq0gTuop0Oe5CCS3I3xtYFjU9G4nFkT7/zweP83dzTyp4gLMwDz8T1FffhPyzrIYunGabz2opO/V3mlOxrXKQzk5T2KVbGJntn+BIniJD2WkSTehTP14vjyhGy6HnwIp
        azcli_aks_live_test@example.com\\n\"\n      }\n     ]\n    }\n   },\n   \"servicePrincipalProfile\":
        {\n    \"clientId\":\"00000000-0000-0000-0000-000000000001\"\n   },\n   \"nodeResourceGroup\":
        \"MC_clitest000001_cliakstest000002_westus2\",\n   \"enableRBAC\": true,\n
        \  \"networkProfile\": {\n    \"networkPlugin\": \"kubenet\",\n    \"loadBalancerSku\":
        \"standard\",\n    \"loadBalancerProfile\": {\n     \"managedOutboundIPs\":
        {\n      \"count\": 1\n     }\n    },\n    \"podCidr\": \"10.244.0.0/16\",\n
        \   \"serviceCidr\": \"10.0.0.0/16\",\n    \"dnsServiceIP\": \"10.0.0.10\",\n
        \   \"dockerBridgeCidr\": \"172.17.0.1/16\",\n    \"outboundType\": \"loadBalancer\"\n
        \  },\n   \"maxAgentPools\": 100,\n   \"disableLocalAccounts\": true\n  },\n
        \ \"identity\": {\n   \"type\": \"SystemAssigned\",\n   \"principalId\":\"00000000-0000-0000-0000-000000000001\",\n
        \  \"tenantId\": \"72f988bf-86f1-41af-91ab-2d7cd011db47\"\n  },\n  \"sku\":
        {\n   \"name\": \"Basic\",\n   \"tier\": \"Free\"\n  }\n }"
    headers:
      azure-asyncoperation:
      - https://management.azure.com/subscriptions/00000000-0000-0000-0000-000000000000/providers/Microsoft.ContainerService/locations/westus2/operations/4635446b-6799-464a-8b62-60ec9b48b9b2?api-version=2016-03-30
      cache-control:
      - no-cache
      content-length:
      - '2696'
      content-type:
      - application/json
      date:
      - Mon, 22 Nov 2021 09:21:51 GMT
      expires:
      - '-1'
      pragma:
      - no-cache
      server:
      - nginx
      strict-transport-security:
      - max-age=31536000; includeSubDomains
      x-content-type-options:
      - nosniff
      x-ms-ratelimit-remaining-subscription-writes:
      - '1199'
    status:
      code: 201
      message: Created
- request:
    body: null
    headers:
      Accept:
      - '*/*'
      Accept-Encoding:
      - gzip, deflate
      CommandName:
      - aks create
      Connection:
      - keep-alive
      ParameterSetName:
      - --resource-group --name --ssh-key-value --enable-managed-identity --disable-local-accounts
      User-Agent:
      - AZURECLI/2.30.0 azsdk-python-azure-mgmt-containerservice/16.1.0 Python/3.8.11
        (Linux-5.11.0-1020-azure-x86_64-with-glibc2.27)
    method: GET
    uri: https://management.azure.com/subscriptions/00000000-0000-0000-0000-000000000000/providers/Microsoft.ContainerService/locations/westus2/operations/4635446b-6799-464a-8b62-60ec9b48b9b2?api-version=2016-03-30
  response:
    body:
      string: "{\n  \"name\": \"6b443546-9967-4a46-8b62-60ec9b48b9b2\",\n  \"status\":
        \"InProgress\",\n  \"startTime\": \"2021-11-22T09:21:51.4933333Z\"\n }"
    headers:
      cache-control:
      - no-cache
      content-length:
      - '126'
      content-type:
      - application/json
      date:
      - Mon, 22 Nov 2021 09:22:21 GMT
      expires:
      - '-1'
      pragma:
      - no-cache
      server:
      - nginx
      strict-transport-security:
      - max-age=31536000; includeSubDomains
      transfer-encoding:
      - chunked
      vary:
      - Accept-Encoding
      x-content-type-options:
      - nosniff
    status:
      code: 200
      message: OK
- request:
    body: null
    headers:
      Accept:
      - '*/*'
      Accept-Encoding:
      - gzip, deflate
      CommandName:
      - aks create
      Connection:
      - keep-alive
      ParameterSetName:
      - --resource-group --name --ssh-key-value --enable-managed-identity --disable-local-accounts
      User-Agent:
      - AZURECLI/2.30.0 azsdk-python-azure-mgmt-containerservice/16.1.0 Python/3.8.11
        (Linux-5.11.0-1020-azure-x86_64-with-glibc2.27)
    method: GET
    uri: https://management.azure.com/subscriptions/00000000-0000-0000-0000-000000000000/providers/Microsoft.ContainerService/locations/westus2/operations/4635446b-6799-464a-8b62-60ec9b48b9b2?api-version=2016-03-30
  response:
    body:
      string: "{\n  \"name\": \"6b443546-9967-4a46-8b62-60ec9b48b9b2\",\n  \"status\":
        \"InProgress\",\n  \"startTime\": \"2021-11-22T09:21:51.4933333Z\"\n }"
    headers:
      cache-control:
      - no-cache
      content-length:
      - '126'
      content-type:
      - application/json
      date:
      - Mon, 22 Nov 2021 09:22:51 GMT
      expires:
      - '-1'
      pragma:
      - no-cache
      server:
      - nginx
      strict-transport-security:
      - max-age=31536000; includeSubDomains
      transfer-encoding:
      - chunked
      vary:
      - Accept-Encoding
      x-content-type-options:
      - nosniff
    status:
      code: 200
      message: OK
- request:
    body: null
    headers:
      Accept:
      - '*/*'
      Accept-Encoding:
      - gzip, deflate
      CommandName:
      - aks create
      Connection:
      - keep-alive
      ParameterSetName:
      - --resource-group --name --ssh-key-value --enable-managed-identity --disable-local-accounts
      User-Agent:
      - AZURECLI/2.30.0 azsdk-python-azure-mgmt-containerservice/16.1.0 Python/3.8.11
        (Linux-5.11.0-1020-azure-x86_64-with-glibc2.27)
    method: GET
    uri: https://management.azure.com/subscriptions/00000000-0000-0000-0000-000000000000/providers/Microsoft.ContainerService/locations/westus2/operations/4635446b-6799-464a-8b62-60ec9b48b9b2?api-version=2016-03-30
  response:
    body:
      string: "{\n  \"name\": \"6b443546-9967-4a46-8b62-60ec9b48b9b2\",\n  \"status\":
        \"InProgress\",\n  \"startTime\": \"2021-11-22T09:21:51.4933333Z\"\n }"
    headers:
      cache-control:
      - no-cache
      content-length:
      - '126'
      content-type:
      - application/json
      date:
      - Mon, 22 Nov 2021 09:23:21 GMT
      expires:
      - '-1'
      pragma:
      - no-cache
      server:
      - nginx
      strict-transport-security:
      - max-age=31536000; includeSubDomains
      transfer-encoding:
      - chunked
      vary:
      - Accept-Encoding
      x-content-type-options:
      - nosniff
    status:
      code: 200
      message: OK
- request:
    body: null
    headers:
      Accept:
      - '*/*'
      Accept-Encoding:
      - gzip, deflate
      CommandName:
      - aks create
      Connection:
      - keep-alive
      ParameterSetName:
      - --resource-group --name --ssh-key-value --enable-managed-identity --disable-local-accounts
      User-Agent:
      - AZURECLI/2.30.0 azsdk-python-azure-mgmt-containerservice/16.1.0 Python/3.8.11
        (Linux-5.11.0-1020-azure-x86_64-with-glibc2.27)
    method: GET
    uri: https://management.azure.com/subscriptions/00000000-0000-0000-0000-000000000000/providers/Microsoft.ContainerService/locations/westus2/operations/4635446b-6799-464a-8b62-60ec9b48b9b2?api-version=2016-03-30
  response:
    body:
      string: "{\n  \"name\": \"6b443546-9967-4a46-8b62-60ec9b48b9b2\",\n  \"status\":
        \"InProgress\",\n  \"startTime\": \"2021-11-22T09:21:51.4933333Z\"\n }"
    headers:
      cache-control:
      - no-cache
      content-length:
      - '126'
      content-type:
      - application/json
      date:
      - Mon, 22 Nov 2021 09:23:51 GMT
      expires:
      - '-1'
      pragma:
      - no-cache
      server:
      - nginx
      strict-transport-security:
      - max-age=31536000; includeSubDomains
      transfer-encoding:
      - chunked
      vary:
      - Accept-Encoding
      x-content-type-options:
      - nosniff
    status:
      code: 200
      message: OK
- request:
    body: null
    headers:
      Accept:
      - '*/*'
      Accept-Encoding:
      - gzip, deflate
      CommandName:
      - aks create
      Connection:
      - keep-alive
      ParameterSetName:
      - --resource-group --name --ssh-key-value --enable-managed-identity --disable-local-accounts
      User-Agent:
      - AZURECLI/2.30.0 azsdk-python-azure-mgmt-containerservice/16.1.0 Python/3.8.11
        (Linux-5.11.0-1020-azure-x86_64-with-glibc2.27)
    method: GET
    uri: https://management.azure.com/subscriptions/00000000-0000-0000-0000-000000000000/providers/Microsoft.ContainerService/locations/westus2/operations/4635446b-6799-464a-8b62-60ec9b48b9b2?api-version=2016-03-30
  response:
    body:
      string: "{\n  \"name\": \"6b443546-9967-4a46-8b62-60ec9b48b9b2\",\n  \"status\":
        \"InProgress\",\n  \"startTime\": \"2021-11-22T09:21:51.4933333Z\"\n }"
    headers:
      cache-control:
      - no-cache
      content-length:
      - '126'
      content-type:
      - application/json
      date:
      - Mon, 22 Nov 2021 09:24:21 GMT
      expires:
      - '-1'
      pragma:
      - no-cache
      server:
      - nginx
      strict-transport-security:
      - max-age=31536000; includeSubDomains
      transfer-encoding:
      - chunked
      vary:
      - Accept-Encoding
      x-content-type-options:
      - nosniff
    status:
      code: 200
      message: OK
- request:
    body: null
    headers:
      Accept:
      - '*/*'
      Accept-Encoding:
      - gzip, deflate
      CommandName:
      - aks create
      Connection:
      - keep-alive
      ParameterSetName:
      - --resource-group --name --ssh-key-value --enable-managed-identity --disable-local-accounts
      User-Agent:
      - AZURECLI/2.30.0 azsdk-python-azure-mgmt-containerservice/16.1.0 Python/3.8.11
        (Linux-5.11.0-1020-azure-x86_64-with-glibc2.27)
    method: GET
    uri: https://management.azure.com/subscriptions/00000000-0000-0000-0000-000000000000/providers/Microsoft.ContainerService/locations/westus2/operations/4635446b-6799-464a-8b62-60ec9b48b9b2?api-version=2016-03-30
  response:
    body:
      string: "{\n  \"name\": \"6b443546-9967-4a46-8b62-60ec9b48b9b2\",\n  \"status\":
        \"InProgress\",\n  \"startTime\": \"2021-11-22T09:21:51.4933333Z\"\n }"
    headers:
      cache-control:
      - no-cache
      content-length:
      - '126'
      content-type:
      - application/json
      date:
      - Mon, 22 Nov 2021 09:24:51 GMT
      expires:
      - '-1'
      pragma:
      - no-cache
      server:
      - nginx
      strict-transport-security:
      - max-age=31536000; includeSubDomains
      transfer-encoding:
      - chunked
      vary:
      - Accept-Encoding
      x-content-type-options:
      - nosniff
    status:
      code: 200
      message: OK
- request:
    body: null
    headers:
      Accept:
      - '*/*'
      Accept-Encoding:
      - gzip, deflate
      CommandName:
      - aks create
      Connection:
      - keep-alive
      ParameterSetName:
      - --resource-group --name --ssh-key-value --enable-managed-identity --disable-local-accounts
      User-Agent:
      - AZURECLI/2.30.0 azsdk-python-azure-mgmt-containerservice/16.1.0 Python/3.8.11
        (Linux-5.11.0-1020-azure-x86_64-with-glibc2.27)
    method: GET
    uri: https://management.azure.com/subscriptions/00000000-0000-0000-0000-000000000000/providers/Microsoft.ContainerService/locations/westus2/operations/4635446b-6799-464a-8b62-60ec9b48b9b2?api-version=2016-03-30
  response:
    body:
      string: "{\n  \"name\": \"6b443546-9967-4a46-8b62-60ec9b48b9b2\",\n  \"status\":
        \"InProgress\",\n  \"startTime\": \"2021-11-22T09:21:51.4933333Z\"\n }"
    headers:
      cache-control:
      - no-cache
      content-length:
      - '126'
      content-type:
      - application/json
      date:
      - Mon, 22 Nov 2021 09:25:21 GMT
      expires:
      - '-1'
      pragma:
      - no-cache
      server:
      - nginx
      strict-transport-security:
      - max-age=31536000; includeSubDomains
      transfer-encoding:
      - chunked
      vary:
      - Accept-Encoding
      x-content-type-options:
      - nosniff
    status:
      code: 200
      message: OK
- request:
    body: null
    headers:
      Accept:
      - '*/*'
      Accept-Encoding:
      - gzip, deflate
      CommandName:
      - aks create
      Connection:
      - keep-alive
      ParameterSetName:
      - --resource-group --name --ssh-key-value --enable-managed-identity --disable-local-accounts
      User-Agent:
      - AZURECLI/2.30.0 azsdk-python-azure-mgmt-containerservice/16.1.0 Python/3.8.11
        (Linux-5.11.0-1020-azure-x86_64-with-glibc2.27)
    method: GET
    uri: https://management.azure.com/subscriptions/00000000-0000-0000-0000-000000000000/providers/Microsoft.ContainerService/locations/westus2/operations/4635446b-6799-464a-8b62-60ec9b48b9b2?api-version=2016-03-30
  response:
    body:
      string: "{\n  \"name\": \"6b443546-9967-4a46-8b62-60ec9b48b9b2\",\n  \"status\":
        \"Succeeded\",\n  \"startTime\": \"2021-11-22T09:21:51.4933333Z\",\n  \"endTime\":
        \"2021-11-22T09:25:43.2859216Z\"\n }"
    headers:
      cache-control:
      - no-cache
      content-length:
      - '170'
      content-type:
      - application/json
      date:
      - Mon, 22 Nov 2021 09:25:52 GMT
      expires:
      - '-1'
      pragma:
      - no-cache
      server:
      - nginx
      strict-transport-security:
      - max-age=31536000; includeSubDomains
      transfer-encoding:
      - chunked
      vary:
      - Accept-Encoding
      x-content-type-options:
      - nosniff
    status:
      code: 200
      message: OK
- request:
    body: null
    headers:
      Accept:
      - '*/*'
      Accept-Encoding:
      - gzip, deflate
      CommandName:
      - aks create
      Connection:
      - keep-alive
      ParameterSetName:
      - --resource-group --name --ssh-key-value --enable-managed-identity --disable-local-accounts
      User-Agent:
      - AZURECLI/2.30.0 azsdk-python-azure-mgmt-containerservice/16.1.0 Python/3.8.11
        (Linux-5.11.0-1020-azure-x86_64-with-glibc2.27)
    method: GET
    uri: https://management.azure.com/subscriptions/00000000-0000-0000-0000-000000000000/resourceGroups/clitest000001/providers/Microsoft.ContainerService/managedClusters/cliakstest000002?api-version=2021-07-01
  response:
    body:
      string: "{\n  \"id\": \"/subscriptions/00000000-0000-0000-0000-000000000000/resourcegroups/clitest000001/providers/Microsoft.ContainerService/managedClusters/cliakstest000002\",\n
        \ \"location\": \"westus2\",\n  \"name\": \"cliakstest000002\",\n  \"type\":
        \"Microsoft.ContainerService/ManagedClusters\",\n  \"properties\": {\n   \"provisioningState\":
        \"Succeeded\",\n   \"powerState\": {\n    \"code\": \"Running\"\n   },\n   \"kubernetesVersion\":
        \"1.20.9\",\n   \"dnsPrefix\": \"cliakstest-clitestvumiszfha-79a739\",\n   \"fqdn\":
        \"cliakstest-clitestvumiszfha-79a739-30539190.hcp.westus2.azmk8s.io\",\n   \"azurePortalFQDN\":
        \"cliakstest-clitestvumiszfha-79a739-30539190.portal.hcp.westus2.azmk8s.io\",\n
        \  \"agentPoolProfiles\": [\n    {\n     \"name\": \"nodepool1\",\n     \"count\":
        3,\n     \"vmSize\": \"Standard_DS2_v2\",\n     \"osDiskSizeGB\": 128,\n     \"osDiskType\":
        \"Managed\",\n     \"kubeletDiskType\": \"OS\",\n     \"maxPods\": 110,\n
        \    \"type\": \"VirtualMachineScaleSets\",\n     \"enableAutoScaling\": false,\n
        \    \"provisioningState\": \"Succeeded\",\n     \"powerState\": {\n      \"code\":
        \"Running\"\n     },\n     \"orchestratorVersion\": \"1.20.9\",\n     \"enableNodePublicIP\":
        false,\n     \"mode\": \"System\",\n     \"enableEncryptionAtHost\": false,\n
        \    \"enableUltraSSD\": false,\n     \"osType\": \"Linux\",\n     \"osSKU\":
        \"Ubuntu\",\n     \"nodeImageVersion\": \"AKSUbuntu-1804gen2containerd-2021.11.06\",\n
        \    \"enableFIPS\": false\n    }\n   ],\n   \"linuxProfile\": {\n    \"adminUsername\":
        \"azureuser\",\n    \"ssh\": {\n     \"publicKeys\": [\n      {\n       \"keyData\":
        \"ssh-rsa AAAAB3NzaC1yc2EAAAADAQABAAABAQDtM6YKUkjiybc9N8EtMhRqPDj75sbZu4XqdP42+g70hQZLO3uR79eHs06TtbwMWl9UlfMPfSekJtFx1fvbs/FxOlFtLANSBkahz7I2xzObyBxQjZvnIPe3pyzwc6S174RDUv+lTBri7nPern8p6A4AiXce2TlbRcR2BlSt8rScPfvhOjAl//YZ1p5Z9xXHTAWY2rXgqGd3LXtmoqDxCmsArq0gTuop0Oe5CCS3I3xtYFjU9G4nFkT7/zweP83dzTyp4gLMwDz8T1FffhPyzrIYunGabz2opO/V3mlOxrXKQzk5T2KVbGJntn+BIniJD2WkSTehTP14vjyhGy6HnwIp
        azcli_aks_live_test@example.com\\n\"\n      }\n     ]\n    }\n   },\n   \"servicePrincipalProfile\":
        {\n    \"clientId\":\"00000000-0000-0000-0000-000000000001\"\n   },\n   \"nodeResourceGroup\":
        \"MC_clitest000001_cliakstest000002_westus2\",\n   \"enableRBAC\": true,\n
        \  \"networkProfile\": {\n    \"networkPlugin\": \"kubenet\",\n    \"loadBalancerSku\":
        \"Standard\",\n    \"loadBalancerProfile\": {\n     \"managedOutboundIPs\":
        {\n      \"count\": 1\n     },\n     \"effectiveOutboundIPs\": [\n      {\n
        \      \"id\": \"/subscriptions/00000000-0000-0000-0000-000000000000/resourceGroups/MC_clitest000001_cliakstest000002_westus2/providers/Microsoft.Network/publicIPAddresses/652a590a-0bd4-4fa1-b02a-749d5b096cb9\"\n
        \     }\n     ]\n    },\n    \"podCidr\": \"10.244.0.0/16\",\n    \"serviceCidr\":
        \"10.0.0.0/16\",\n    \"dnsServiceIP\": \"10.0.0.10\",\n    \"dockerBridgeCidr\":
        \"172.17.0.1/16\",\n    \"outboundType\": \"loadBalancer\"\n   },\n   \"maxAgentPools\":
        100,\n   \"identityProfile\": {\n    \"kubeletidentity\": {\n     \"resourceId\":
        \"/subscriptions/00000000-0000-0000-0000-000000000000/resourcegroups/MC_clitest000001_cliakstest000002_westus2/providers/Microsoft.ManagedIdentity/userAssignedIdentities/cliakstest000002-agentpool\",\n
        \    \"clientId\":\"00000000-0000-0000-0000-000000000001\",\n     \"objectId\":\"00000000-0000-0000-0000-000000000001\"\n
        \   }\n   },\n   \"disableLocalAccounts\": true\n  },\n  \"identity\": {\n
        \  \"type\": \"SystemAssigned\",\n   \"principalId\":\"00000000-0000-0000-0000-000000000001\",\n
        \  \"tenantId\": \"72f988bf-86f1-41af-91ab-2d7cd011db47\"\n  },\n  \"sku\":
        {\n   \"name\": \"Basic\",\n   \"tier\": \"Free\"\n  }\n }"
    headers:
      cache-control:
      - no-cache
      content-length:
      - '3359'
      content-type:
      - application/json
      date:
      - Mon, 22 Nov 2021 09:25:52 GMT
      expires:
      - '-1'
      pragma:
      - no-cache
      server:
      - nginx
      strict-transport-security:
      - max-age=31536000; includeSubDomains
      transfer-encoding:
      - chunked
      vary:
      - Accept-Encoding
      x-content-type-options:
      - nosniff
    status:
      code: 200
      message: OK
- request:
    body: null
    headers:
      Accept:
      - application/json
      Accept-Encoding:
      - gzip, deflate
      CommandName:
      - aks update
      Connection:
      - keep-alive
      ParameterSetName:
      - --resource-group --name --enable-local-accounts
      User-Agent:
      - AZURECLI/2.30.0 azsdk-python-azure-mgmt-containerservice/16.1.0 Python/3.8.11
        (Linux-5.11.0-1020-azure-x86_64-with-glibc2.27)
    method: GET
    uri: https://management.azure.com/subscriptions/00000000-0000-0000-0000-000000000000/resourceGroups/clitest000001/providers/Microsoft.ContainerService/managedClusters/cliakstest000002?api-version=2021-07-01
  response:
    body:
      string: "{\n  \"id\": \"/subscriptions/00000000-0000-0000-0000-000000000000/resourcegroups/clitest000001/providers/Microsoft.ContainerService/managedClusters/cliakstest000002\",\n
        \ \"location\": \"westus2\",\n  \"name\": \"cliakstest000002\",\n  \"type\":
        \"Microsoft.ContainerService/ManagedClusters\",\n  \"properties\": {\n   \"provisioningState\":
        \"Succeeded\",\n   \"powerState\": {\n    \"code\": \"Running\"\n   },\n   \"kubernetesVersion\":
        \"1.20.9\",\n   \"dnsPrefix\": \"cliakstest-clitestvumiszfha-79a739\",\n   \"fqdn\":
        \"cliakstest-clitestvumiszfha-79a739-30539190.hcp.westus2.azmk8s.io\",\n   \"azurePortalFQDN\":
        \"cliakstest-clitestvumiszfha-79a739-30539190.portal.hcp.westus2.azmk8s.io\",\n
        \  \"agentPoolProfiles\": [\n    {\n     \"name\": \"nodepool1\",\n     \"count\":
        3,\n     \"vmSize\": \"Standard_DS2_v2\",\n     \"osDiskSizeGB\": 128,\n     \"osDiskType\":
        \"Managed\",\n     \"kubeletDiskType\": \"OS\",\n     \"maxPods\": 110,\n
        \    \"type\": \"VirtualMachineScaleSets\",\n     \"enableAutoScaling\": false,\n
        \    \"provisioningState\": \"Succeeded\",\n     \"powerState\": {\n      \"code\":
        \"Running\"\n     },\n     \"orchestratorVersion\": \"1.20.9\",\n     \"enableNodePublicIP\":
        false,\n     \"mode\": \"System\",\n     \"enableEncryptionAtHost\": false,\n
        \    \"enableUltraSSD\": false,\n     \"osType\": \"Linux\",\n     \"osSKU\":
        \"Ubuntu\",\n     \"nodeImageVersion\": \"AKSUbuntu-1804gen2containerd-2021.11.06\",\n
        \    \"enableFIPS\": false\n    }\n   ],\n   \"linuxProfile\": {\n    \"adminUsername\":
        \"azureuser\",\n    \"ssh\": {\n     \"publicKeys\": [\n      {\n       \"keyData\":
        \"ssh-rsa AAAAB3NzaC1yc2EAAAADAQABAAABAQDtM6YKUkjiybc9N8EtMhRqPDj75sbZu4XqdP42+g70hQZLO3uR79eHs06TtbwMWl9UlfMPfSekJtFx1fvbs/FxOlFtLANSBkahz7I2xzObyBxQjZvnIPe3pyzwc6S174RDUv+lTBri7nPern8p6A4AiXce2TlbRcR2BlSt8rScPfvhOjAl//YZ1p5Z9xXHTAWY2rXgqGd3LXtmoqDxCmsArq0gTuop0Oe5CCS3I3xtYFjU9G4nFkT7/zweP83dzTyp4gLMwDz8T1FffhPyzrIYunGabz2opO/V3mlOxrXKQzk5T2KVbGJntn+BIniJD2WkSTehTP14vjyhGy6HnwIp
        azcli_aks_live_test@example.com\\n\"\n      }\n     ]\n    }\n   },\n   \"servicePrincipalProfile\":
        {\n    \"clientId\":\"00000000-0000-0000-0000-000000000001\"\n   },\n   \"nodeResourceGroup\":
        \"MC_clitest000001_cliakstest000002_westus2\",\n   \"enableRBAC\": true,\n
        \  \"networkProfile\": {\n    \"networkPlugin\": \"kubenet\",\n    \"loadBalancerSku\":
        \"Standard\",\n    \"loadBalancerProfile\": {\n     \"managedOutboundIPs\":
        {\n      \"count\": 1\n     },\n     \"effectiveOutboundIPs\": [\n      {\n
        \      \"id\": \"/subscriptions/00000000-0000-0000-0000-000000000000/resourceGroups/MC_clitest000001_cliakstest000002_westus2/providers/Microsoft.Network/publicIPAddresses/652a590a-0bd4-4fa1-b02a-749d5b096cb9\"\n
        \     }\n     ]\n    },\n    \"podCidr\": \"10.244.0.0/16\",\n    \"serviceCidr\":
        \"10.0.0.0/16\",\n    \"dnsServiceIP\": \"10.0.0.10\",\n    \"dockerBridgeCidr\":
        \"172.17.0.1/16\",\n    \"outboundType\": \"loadBalancer\"\n   },\n   \"maxAgentPools\":
        100,\n   \"identityProfile\": {\n    \"kubeletidentity\": {\n     \"resourceId\":
        \"/subscriptions/00000000-0000-0000-0000-000000000000/resourcegroups/MC_clitest000001_cliakstest000002_westus2/providers/Microsoft.ManagedIdentity/userAssignedIdentities/cliakstest000002-agentpool\",\n
        \    \"clientId\":\"00000000-0000-0000-0000-000000000001\",\n     \"objectId\":\"00000000-0000-0000-0000-000000000001\"\n
        \   }\n   },\n   \"disableLocalAccounts\": true\n  },\n  \"identity\": {\n
        \  \"type\": \"SystemAssigned\",\n   \"principalId\":\"00000000-0000-0000-0000-000000000001\",\n
        \  \"tenantId\": \"72f988bf-86f1-41af-91ab-2d7cd011db47\"\n  },\n  \"sku\":
        {\n   \"name\": \"Basic\",\n   \"tier\": \"Free\"\n  }\n }"
    headers:
      cache-control:
      - no-cache
      content-length:
      - '3359'
      content-type:
      - application/json
      date:
      - Mon, 22 Nov 2021 09:25:52 GMT
      expires:
      - '-1'
      pragma:
      - no-cache
      server:
      - nginx
      strict-transport-security:
      - max-age=31536000; includeSubDomains
      transfer-encoding:
      - chunked
      vary:
      - Accept-Encoding
      x-content-type-options:
      - nosniff
    status:
      code: 200
      message: OK
- request:
    body: '{"location": "westus2", "sku": {"name": "Basic", "tier": "Free"}, "identity":
      {"type": "SystemAssigned"}, "properties": {"kubernetesVersion": "1.20.9", "dnsPrefix":
      "cliakstest-clitestvumiszfha-79a739", "agentPoolProfiles": [{"count": 3, "vmSize":
      "Standard_DS2_v2", "osDiskSizeGB": 128, "osDiskType": "Managed", "kubeletDiskType":
      "OS", "maxPods": 110, "osType": "Linux", "osSKU": "Ubuntu", "enableAutoScaling":
      false, "type": "VirtualMachineScaleSets", "mode": "System", "orchestratorVersion":
      "1.20.9", "enableNodePublicIP": false, "enableEncryptionAtHost": false, "enableUltraSSD":
      false, "enableFIPS": false, "name": "nodepool1"}], "linuxProfile": {"adminUsername":
      "azureuser", "ssh": {"publicKeys": [{"keyData": "ssh-rsa AAAAB3NzaC1yc2EAAAADAQABAAABAQDtM6YKUkjiybc9N8EtMhRqPDj75sbZu4XqdP42+g70hQZLO3uR79eHs06TtbwMWl9UlfMPfSekJtFx1fvbs/FxOlFtLANSBkahz7I2xzObyBxQjZvnIPe3pyzwc6S174RDUv+lTBri7nPern8p6A4AiXce2TlbRcR2BlSt8rScPfvhOjAl//YZ1p5Z9xXHTAWY2rXgqGd3LXtmoqDxCmsArq0gTuop0Oe5CCS3I3xtYFjU9G4nFkT7/zweP83dzTyp4gLMwDz8T1FffhPyzrIYunGabz2opO/V3mlOxrXKQzk5T2KVbGJntn+BIniJD2WkSTehTP14vjyhGy6HnwIp
      azcli_aks_live_test@example.com\n"}]}}, "servicePrincipalProfile": {"clientId":"00000000-0000-0000-0000-000000000001"},
      "nodeResourceGroup": "MC_clitest000001_cliakstest000002_westus2", "enableRBAC":
      true, "networkProfile": {"networkPlugin": "kubenet", "podCidr": "10.244.0.0/16",
      "serviceCidr": "10.0.0.0/16", "dnsServiceIP": "10.0.0.10", "dockerBridgeCidr":
      "172.17.0.1/16", "outboundType": "loadBalancer", "loadBalancerSku": "Standard",
      "loadBalancerProfile": {"managedOutboundIPs": {"count": 1}, "effectiveOutboundIPs":
      [{"id": "/subscriptions/00000000-0000-0000-0000-000000000000/resourceGroups/MC_clitest000001_cliakstest000002_westus2/providers/Microsoft.Network/publicIPAddresses/652a590a-0bd4-4fa1-b02a-749d5b096cb9"}]}},
      "identityProfile": {"kubeletidentity": {"resourceId": "/subscriptions/00000000-0000-0000-0000-000000000000/resourcegroups/MC_clitest000001_cliakstest000002_westus2/providers/Microsoft.ManagedIdentity/userAssignedIdentities/cliakstest000002-agentpool",
      "clientId":"00000000-0000-0000-0000-000000000001", "objectId":"00000000-0000-0000-0000-000000000001"}},
      "disableLocalAccounts": false}}'
    headers:
      Accept:
      - application/json
      Accept-Encoding:
      - gzip, deflate
      CommandName:
      - aks update
      Connection:
      - keep-alive
      Content-Length:
      - '2201'
      Content-Type:
      - application/json
      ParameterSetName:
      - --resource-group --name --enable-local-accounts
      User-Agent:
      - AZURECLI/2.30.0 azsdk-python-azure-mgmt-containerservice/16.1.0 Python/3.8.11
        (Linux-5.11.0-1020-azure-x86_64-with-glibc2.27)
    method: PUT
    uri: https://management.azure.com/subscriptions/00000000-0000-0000-0000-000000000000/resourceGroups/clitest000001/providers/Microsoft.ContainerService/managedClusters/cliakstest000002?api-version=2021-07-01
  response:
    body:
      string: "{\n  \"id\": \"/subscriptions/00000000-0000-0000-0000-000000000000/resourcegroups/clitest000001/providers/Microsoft.ContainerService/managedClusters/cliakstest000002\",\n
        \ \"location\": \"westus2\",\n  \"name\": \"cliakstest000002\",\n  \"type\":
        \"Microsoft.ContainerService/ManagedClusters\",\n  \"properties\": {\n   \"provisioningState\":
        \"Updating\",\n   \"powerState\": {\n    \"code\": \"Running\"\n   },\n   \"kubernetesVersion\":
        \"1.20.9\",\n   \"dnsPrefix\": \"cliakstest-clitestvumiszfha-79a739\",\n   \"fqdn\":
        \"cliakstest-clitestvumiszfha-79a739-30539190.hcp.westus2.azmk8s.io\",\n   \"azurePortalFQDN\":
        \"cliakstest-clitestvumiszfha-79a739-30539190.portal.hcp.westus2.azmk8s.io\",\n
        \  \"agentPoolProfiles\": [\n    {\n     \"name\": \"nodepool1\",\n     \"count\":
        3,\n     \"vmSize\": \"Standard_DS2_v2\",\n     \"osDiskSizeGB\": 128,\n     \"osDiskType\":
        \"Managed\",\n     \"kubeletDiskType\": \"OS\",\n     \"maxPods\": 110,\n
        \    \"type\": \"VirtualMachineScaleSets\",\n     \"enableAutoScaling\": false,\n
        \    \"provisioningState\": \"Updating\",\n     \"powerState\": {\n      \"code\":
        \"Running\"\n     },\n     \"orchestratorVersion\": \"1.20.9\",\n     \"enableNodePublicIP\":
        false,\n     \"mode\": \"System\",\n     \"enableEncryptionAtHost\": false,\n
        \    \"enableUltraSSD\": false,\n     \"osType\": \"Linux\",\n     \"osSKU\":
        \"Ubuntu\",\n     \"nodeImageVersion\": \"AKSUbuntu-1804gen2containerd-2021.11.06\",\n
        \    \"enableFIPS\": false\n    }\n   ],\n   \"linuxProfile\": {\n    \"adminUsername\":
        \"azureuser\",\n    \"ssh\": {\n     \"publicKeys\": [\n      {\n       \"keyData\":
        \"ssh-rsa AAAAB3NzaC1yc2EAAAADAQABAAABAQDtM6YKUkjiybc9N8EtMhRqPDj75sbZu4XqdP42+g70hQZLO3uR79eHs06TtbwMWl9UlfMPfSekJtFx1fvbs/FxOlFtLANSBkahz7I2xzObyBxQjZvnIPe3pyzwc6S174RDUv+lTBri7nPern8p6A4AiXce2TlbRcR2BlSt8rScPfvhOjAl//YZ1p5Z9xXHTAWY2rXgqGd3LXtmoqDxCmsArq0gTuop0Oe5CCS3I3xtYFjU9G4nFkT7/zweP83dzTyp4gLMwDz8T1FffhPyzrIYunGabz2opO/V3mlOxrXKQzk5T2KVbGJntn+BIniJD2WkSTehTP14vjyhGy6HnwIp
        azcli_aks_live_test@example.com\\n\"\n      }\n     ]\n    }\n   },\n   \"servicePrincipalProfile\":
        {\n    \"clientId\":\"00000000-0000-0000-0000-000000000001\"\n   },\n   \"nodeResourceGroup\":
        \"MC_clitest000001_cliakstest000002_westus2\",\n   \"enableRBAC\": true,\n
        \  \"networkProfile\": {\n    \"networkPlugin\": \"kubenet\",\n    \"loadBalancerSku\":
        \"Standard\",\n    \"loadBalancerProfile\": {\n     \"managedOutboundIPs\":
        {\n      \"count\": 1\n     },\n     \"effectiveOutboundIPs\": [\n      {\n
        \      \"id\": \"/subscriptions/00000000-0000-0000-0000-000000000000/resourceGroups/MC_clitest000001_cliakstest000002_westus2/providers/Microsoft.Network/publicIPAddresses/652a590a-0bd4-4fa1-b02a-749d5b096cb9\"\n
        \     }\n     ]\n    },\n    \"podCidr\": \"10.244.0.0/16\",\n    \"serviceCidr\":
        \"10.0.0.0/16\",\n    \"dnsServiceIP\": \"10.0.0.10\",\n    \"dockerBridgeCidr\":
        \"172.17.0.1/16\",\n    \"outboundType\": \"loadBalancer\"\n   },\n   \"maxAgentPools\":
        100,\n   \"identityProfile\": {\n    \"kubeletidentity\": {\n     \"resourceId\":
        \"/subscriptions/00000000-0000-0000-0000-000000000000/resourcegroups/MC_clitest000001_cliakstest000002_westus2/providers/Microsoft.ManagedIdentity/userAssignedIdentities/cliakstest000002-agentpool\",\n
        \    \"clientId\":\"00000000-0000-0000-0000-000000000001\",\n     \"objectId\":\"00000000-0000-0000-0000-000000000001\"\n
        \   }\n   },\n   \"disableLocalAccounts\": false\n  },\n  \"identity\": {\n
        \  \"type\": \"SystemAssigned\",\n   \"principalId\":\"00000000-0000-0000-0000-000000000001\",\n
        \  \"tenantId\": \"72f988bf-86f1-41af-91ab-2d7cd011db47\"\n  },\n  \"sku\":
        {\n   \"name\": \"Basic\",\n   \"tier\": \"Free\"\n  }\n }"
    headers:
      azure-asyncoperation:
      - https://management.azure.com/subscriptions/00000000-0000-0000-0000-000000000000/providers/Microsoft.ContainerService/locations/westus2/operations/b776bea6-3ba5-443f-a6b1-759134213814?api-version=2016-03-30
      cache-control:
      - no-cache
      content-length:
      - '3358'
      content-type:
      - application/json
      date:
      - Mon, 22 Nov 2021 09:25:54 GMT
      expires:
      - '-1'
      pragma:
      - no-cache
      server:
      - nginx
      strict-transport-security:
      - max-age=31536000; includeSubDomains
      transfer-encoding:
      - chunked
      vary:
      - Accept-Encoding
      x-content-type-options:
      - nosniff
      x-ms-ratelimit-remaining-subscription-writes:
      - '1198'
    status:
      code: 200
      message: OK
- request:
    body: null
    headers:
      Accept:
      - '*/*'
      Accept-Encoding:
      - gzip, deflate
      CommandName:
      - aks update
      Connection:
      - keep-alive
      ParameterSetName:
      - --resource-group --name --enable-local-accounts
      User-Agent:
      - AZURECLI/2.30.0 azsdk-python-azure-mgmt-containerservice/16.1.0 Python/3.8.11
        (Linux-5.11.0-1020-azure-x86_64-with-glibc2.27)
    method: GET
    uri: https://management.azure.com/subscriptions/00000000-0000-0000-0000-000000000000/providers/Microsoft.ContainerService/locations/westus2/operations/b776bea6-3ba5-443f-a6b1-759134213814?api-version=2016-03-30
  response:
    body:
      string: "{\n  \"name\": \"a6be76b7-a53b-3f44-a6b1-759134213814\",\n  \"status\":
        \"InProgress\",\n  \"startTime\": \"2021-11-22T09:25:55.4066666Z\"\n }"
    headers:
      cache-control:
      - no-cache
      content-length:
      - '126'
      content-type:
      - application/json
      date:
      - Mon, 22 Nov 2021 09:26:25 GMT
      expires:
      - '-1'
      pragma:
      - no-cache
      server:
      - nginx
      strict-transport-security:
      - max-age=31536000; includeSubDomains
      transfer-encoding:
      - chunked
      vary:
      - Accept-Encoding
      x-content-type-options:
      - nosniff
    status:
      code: 200
      message: OK
- request:
    body: null
    headers:
      Accept:
      - '*/*'
      Accept-Encoding:
      - gzip, deflate
      CommandName:
      - aks update
      Connection:
      - keep-alive
      ParameterSetName:
      - --resource-group --name --enable-local-accounts
      User-Agent:
      - AZURECLI/2.30.0 azsdk-python-azure-mgmt-containerservice/16.1.0 Python/3.8.11
        (Linux-5.11.0-1020-azure-x86_64-with-glibc2.27)
    method: GET
    uri: https://management.azure.com/subscriptions/00000000-0000-0000-0000-000000000000/providers/Microsoft.ContainerService/locations/westus2/operations/b776bea6-3ba5-443f-a6b1-759134213814?api-version=2016-03-30
  response:
    body:
      string: "{\n  \"name\": \"a6be76b7-a53b-3f44-a6b1-759134213814\",\n  \"status\":
        \"Succeeded\",\n  \"startTime\": \"2021-11-22T09:25:55.4066666Z\",\n  \"endTime\":
        \"2021-11-22T09:26:55.5109215Z\"\n }"
    headers:
      cache-control:
      - no-cache
      content-length:
      - '170'
      content-type:
      - application/json
      date:
      - Mon, 22 Nov 2021 09:26:55 GMT
      expires:
      - '-1'
      pragma:
      - no-cache
      server:
      - nginx
      strict-transport-security:
      - max-age=31536000; includeSubDomains
      transfer-encoding:
      - chunked
      vary:
      - Accept-Encoding
      x-content-type-options:
      - nosniff
    status:
      code: 200
      message: OK
- request:
    body: null
    headers:
      Accept:
      - '*/*'
      Accept-Encoding:
      - gzip, deflate
      CommandName:
      - aks update
      Connection:
      - keep-alive
      ParameterSetName:
      - --resource-group --name --enable-local-accounts
      User-Agent:
      - AZURECLI/2.30.0 azsdk-python-azure-mgmt-containerservice/16.1.0 Python/3.8.11
        (Linux-5.11.0-1020-azure-x86_64-with-glibc2.27)
    method: GET
    uri: https://management.azure.com/subscriptions/00000000-0000-0000-0000-000000000000/resourceGroups/clitest000001/providers/Microsoft.ContainerService/managedClusters/cliakstest000002?api-version=2021-07-01
  response:
    body:
      string: "{\n  \"id\": \"/subscriptions/00000000-0000-0000-0000-000000000000/resourcegroups/clitest000001/providers/Microsoft.ContainerService/managedClusters/cliakstest000002\",\n
        \ \"location\": \"westus2\",\n  \"name\": \"cliakstest000002\",\n  \"type\":
        \"Microsoft.ContainerService/ManagedClusters\",\n  \"properties\": {\n   \"provisioningState\":
        \"Succeeded\",\n   \"powerState\": {\n    \"code\": \"Running\"\n   },\n   \"kubernetesVersion\":
        \"1.20.9\",\n   \"dnsPrefix\": \"cliakstest-clitestvumiszfha-79a739\",\n   \"fqdn\":
        \"cliakstest-clitestvumiszfha-79a739-30539190.hcp.westus2.azmk8s.io\",\n   \"azurePortalFQDN\":
        \"cliakstest-clitestvumiszfha-79a739-30539190.portal.hcp.westus2.azmk8s.io\",\n
        \  \"agentPoolProfiles\": [\n    {\n     \"name\": \"nodepool1\",\n     \"count\":
        3,\n     \"vmSize\": \"Standard_DS2_v2\",\n     \"osDiskSizeGB\": 128,\n     \"osDiskType\":
        \"Managed\",\n     \"kubeletDiskType\": \"OS\",\n     \"maxPods\": 110,\n
        \    \"type\": \"VirtualMachineScaleSets\",\n     \"enableAutoScaling\": false,\n
        \    \"provisioningState\": \"Succeeded\",\n     \"powerState\": {\n      \"code\":
        \"Running\"\n     },\n     \"orchestratorVersion\": \"1.20.9\",\n     \"enableNodePublicIP\":
        false,\n     \"mode\": \"System\",\n     \"enableEncryptionAtHost\": false,\n
        \    \"enableUltraSSD\": false,\n     \"osType\": \"Linux\",\n     \"osSKU\":
        \"Ubuntu\",\n     \"nodeImageVersion\": \"AKSUbuntu-1804gen2containerd-2021.11.06\",\n
        \    \"enableFIPS\": false\n    }\n   ],\n   \"linuxProfile\": {\n    \"adminUsername\":
        \"azureuser\",\n    \"ssh\": {\n     \"publicKeys\": [\n      {\n       \"keyData\":
        \"ssh-rsa AAAAB3NzaC1yc2EAAAADAQABAAABAQDtM6YKUkjiybc9N8EtMhRqPDj75sbZu4XqdP42+g70hQZLO3uR79eHs06TtbwMWl9UlfMPfSekJtFx1fvbs/FxOlFtLANSBkahz7I2xzObyBxQjZvnIPe3pyzwc6S174RDUv+lTBri7nPern8p6A4AiXce2TlbRcR2BlSt8rScPfvhOjAl//YZ1p5Z9xXHTAWY2rXgqGd3LXtmoqDxCmsArq0gTuop0Oe5CCS3I3xtYFjU9G4nFkT7/zweP83dzTyp4gLMwDz8T1FffhPyzrIYunGabz2opO/V3mlOxrXKQzk5T2KVbGJntn+BIniJD2WkSTehTP14vjyhGy6HnwIp
        azcli_aks_live_test@example.com\\n\"\n      }\n     ]\n    }\n   },\n   \"servicePrincipalProfile\":
        {\n    \"clientId\":\"00000000-0000-0000-0000-000000000001\"\n   },\n   \"nodeResourceGroup\":
        \"MC_clitest000001_cliakstest000002_westus2\",\n   \"enableRBAC\": true,\n
        \  \"networkProfile\": {\n    \"networkPlugin\": \"kubenet\",\n    \"loadBalancerSku\":
        \"Standard\",\n    \"loadBalancerProfile\": {\n     \"managedOutboundIPs\":
        {\n      \"count\": 1\n     },\n     \"effectiveOutboundIPs\": [\n      {\n
        \      \"id\": \"/subscriptions/00000000-0000-0000-0000-000000000000/resourceGroups/MC_clitest000001_cliakstest000002_westus2/providers/Microsoft.Network/publicIPAddresses/652a590a-0bd4-4fa1-b02a-749d5b096cb9\"\n
        \     }\n     ]\n    },\n    \"podCidr\": \"10.244.0.0/16\",\n    \"serviceCidr\":
        \"10.0.0.0/16\",\n    \"dnsServiceIP\": \"10.0.0.10\",\n    \"dockerBridgeCidr\":
        \"172.17.0.1/16\",\n    \"outboundType\": \"loadBalancer\"\n   },\n   \"maxAgentPools\":
        100,\n   \"identityProfile\": {\n    \"kubeletidentity\": {\n     \"resourceId\":
        \"/subscriptions/00000000-0000-0000-0000-000000000000/resourcegroups/MC_clitest000001_cliakstest000002_westus2/providers/Microsoft.ManagedIdentity/userAssignedIdentities/cliakstest000002-agentpool\",\n
        \    \"clientId\":\"00000000-0000-0000-0000-000000000001\",\n     \"objectId\":\"00000000-0000-0000-0000-000000000001\"\n
        \   }\n   },\n   \"disableLocalAccounts\": false\n  },\n  \"identity\": {\n
        \  \"type\": \"SystemAssigned\",\n   \"principalId\":\"00000000-0000-0000-0000-000000000001\",\n
        \  \"tenantId\": \"72f988bf-86f1-41af-91ab-2d7cd011db47\"\n  },\n  \"sku\":
        {\n   \"name\": \"Basic\",\n   \"tier\": \"Free\"\n  }\n }"
    headers:
      cache-control:
      - no-cache
      content-length:
      - '3360'
      content-type:
      - application/json
      date:
      - Mon, 22 Nov 2021 09:26:56 GMT
      expires:
      - '-1'
      pragma:
      - no-cache
      server:
      - nginx
      strict-transport-security:
      - max-age=31536000; includeSubDomains
      transfer-encoding:
      - chunked
      vary:
      - Accept-Encoding
      x-content-type-options:
      - nosniff
    status:
      code: 200
      message: OK
- request:
    body: null
    headers:
      Accept:
      - application/json
      Accept-Encoding:
      - gzip, deflate
      CommandName:
      - aks update
      Connection:
      - keep-alive
      ParameterSetName:
      - --resource-group --name --disable-local-accounts
      User-Agent:
      - AZURECLI/2.30.0 azsdk-python-azure-mgmt-containerservice/16.1.0 Python/3.8.11
        (Linux-5.11.0-1020-azure-x86_64-with-glibc2.27)
    method: GET
    uri: https://management.azure.com/subscriptions/00000000-0000-0000-0000-000000000000/resourceGroups/clitest000001/providers/Microsoft.ContainerService/managedClusters/cliakstest000002?api-version=2021-07-01
  response:
    body:
      string: "{\n  \"id\": \"/subscriptions/00000000-0000-0000-0000-000000000000/resourcegroups/clitest000001/providers/Microsoft.ContainerService/managedClusters/cliakstest000002\",\n
        \ \"location\": \"westus2\",\n  \"name\": \"cliakstest000002\",\n  \"type\":
        \"Microsoft.ContainerService/ManagedClusters\",\n  \"properties\": {\n   \"provisioningState\":
        \"Succeeded\",\n   \"powerState\": {\n    \"code\": \"Running\"\n   },\n   \"kubernetesVersion\":
        \"1.20.9\",\n   \"dnsPrefix\": \"cliakstest-clitestvumiszfha-79a739\",\n   \"fqdn\":
        \"cliakstest-clitestvumiszfha-79a739-30539190.hcp.westus2.azmk8s.io\",\n   \"azurePortalFQDN\":
        \"cliakstest-clitestvumiszfha-79a739-30539190.portal.hcp.westus2.azmk8s.io\",\n
        \  \"agentPoolProfiles\": [\n    {\n     \"name\": \"nodepool1\",\n     \"count\":
        3,\n     \"vmSize\": \"Standard_DS2_v2\",\n     \"osDiskSizeGB\": 128,\n     \"osDiskType\":
        \"Managed\",\n     \"kubeletDiskType\": \"OS\",\n     \"maxPods\": 110,\n
        \    \"type\": \"VirtualMachineScaleSets\",\n     \"enableAutoScaling\": false,\n
        \    \"provisioningState\": \"Succeeded\",\n     \"powerState\": {\n      \"code\":
        \"Running\"\n     },\n     \"orchestratorVersion\": \"1.20.9\",\n     \"enableNodePublicIP\":
        false,\n     \"mode\": \"System\",\n     \"enableEncryptionAtHost\": false,\n
        \    \"enableUltraSSD\": false,\n     \"osType\": \"Linux\",\n     \"osSKU\":
        \"Ubuntu\",\n     \"nodeImageVersion\": \"AKSUbuntu-1804gen2containerd-2021.11.06\",\n
        \    \"enableFIPS\": false\n    }\n   ],\n   \"linuxProfile\": {\n    \"adminUsername\":
        \"azureuser\",\n    \"ssh\": {\n     \"publicKeys\": [\n      {\n       \"keyData\":
        \"ssh-rsa AAAAB3NzaC1yc2EAAAADAQABAAABAQDtM6YKUkjiybc9N8EtMhRqPDj75sbZu4XqdP42+g70hQZLO3uR79eHs06TtbwMWl9UlfMPfSekJtFx1fvbs/FxOlFtLANSBkahz7I2xzObyBxQjZvnIPe3pyzwc6S174RDUv+lTBri7nPern8p6A4AiXce2TlbRcR2BlSt8rScPfvhOjAl//YZ1p5Z9xXHTAWY2rXgqGd3LXtmoqDxCmsArq0gTuop0Oe5CCS3I3xtYFjU9G4nFkT7/zweP83dzTyp4gLMwDz8T1FffhPyzrIYunGabz2opO/V3mlOxrXKQzk5T2KVbGJntn+BIniJD2WkSTehTP14vjyhGy6HnwIp
        azcli_aks_live_test@example.com\\n\"\n      }\n     ]\n    }\n   },\n   \"servicePrincipalProfile\":
        {\n    \"clientId\":\"00000000-0000-0000-0000-000000000001\"\n   },\n   \"nodeResourceGroup\":
        \"MC_clitest000001_cliakstest000002_westus2\",\n   \"enableRBAC\": true,\n
        \  \"networkProfile\": {\n    \"networkPlugin\": \"kubenet\",\n    \"loadBalancerSku\":
        \"Standard\",\n    \"loadBalancerProfile\": {\n     \"managedOutboundIPs\":
        {\n      \"count\": 1\n     },\n     \"effectiveOutboundIPs\": [\n      {\n
        \      \"id\": \"/subscriptions/00000000-0000-0000-0000-000000000000/resourceGroups/MC_clitest000001_cliakstest000002_westus2/providers/Microsoft.Network/publicIPAddresses/652a590a-0bd4-4fa1-b02a-749d5b096cb9\"\n
        \     }\n     ]\n    },\n    \"podCidr\": \"10.244.0.0/16\",\n    \"serviceCidr\":
        \"10.0.0.0/16\",\n    \"dnsServiceIP\": \"10.0.0.10\",\n    \"dockerBridgeCidr\":
        \"172.17.0.1/16\",\n    \"outboundType\": \"loadBalancer\"\n   },\n   \"maxAgentPools\":
        100,\n   \"identityProfile\": {\n    \"kubeletidentity\": {\n     \"resourceId\":
        \"/subscriptions/00000000-0000-0000-0000-000000000000/resourcegroups/MC_clitest000001_cliakstest000002_westus2/providers/Microsoft.ManagedIdentity/userAssignedIdentities/cliakstest000002-agentpool\",\n
        \    \"clientId\":\"00000000-0000-0000-0000-000000000001\",\n     \"objectId\":\"00000000-0000-0000-0000-000000000001\"\n
        \   }\n   },\n   \"disableLocalAccounts\": false\n  },\n  \"identity\": {\n
        \  \"type\": \"SystemAssigned\",\n   \"principalId\":\"00000000-0000-0000-0000-000000000001\",\n
        \  \"tenantId\": \"72f988bf-86f1-41af-91ab-2d7cd011db47\"\n  },\n  \"sku\":
        {\n   \"name\": \"Basic\",\n   \"tier\": \"Free\"\n  }\n }"
    headers:
      cache-control:
      - no-cache
      content-length:
      - '3360'
      content-type:
      - application/json
      date:
      - Mon, 22 Nov 2021 09:26:56 GMT
      expires:
      - '-1'
      pragma:
      - no-cache
      server:
      - nginx
      strict-transport-security:
      - max-age=31536000; includeSubDomains
      transfer-encoding:
      - chunked
      vary:
      - Accept-Encoding
      x-content-type-options:
      - nosniff
    status:
      code: 200
      message: OK
- request:
    body: '{"location": "westus2", "sku": {"name": "Basic", "tier": "Free"}, "identity":
      {"type": "SystemAssigned"}, "properties": {"kubernetesVersion": "1.20.9", "dnsPrefix":
      "cliakstest-clitestvumiszfha-79a739", "agentPoolProfiles": [{"count": 3, "vmSize":
      "Standard_DS2_v2", "osDiskSizeGB": 128, "osDiskType": "Managed", "kubeletDiskType":
      "OS", "maxPods": 110, "osType": "Linux", "osSKU": "Ubuntu", "enableAutoScaling":
      false, "type": "VirtualMachineScaleSets", "mode": "System", "orchestratorVersion":
      "1.20.9", "enableNodePublicIP": false, "enableEncryptionAtHost": false, "enableUltraSSD":
      false, "enableFIPS": false, "name": "nodepool1"}], "linuxProfile": {"adminUsername":
      "azureuser", "ssh": {"publicKeys": [{"keyData": "ssh-rsa AAAAB3NzaC1yc2EAAAADAQABAAABAQDtM6YKUkjiybc9N8EtMhRqPDj75sbZu4XqdP42+g70hQZLO3uR79eHs06TtbwMWl9UlfMPfSekJtFx1fvbs/FxOlFtLANSBkahz7I2xzObyBxQjZvnIPe3pyzwc6S174RDUv+lTBri7nPern8p6A4AiXce2TlbRcR2BlSt8rScPfvhOjAl//YZ1p5Z9xXHTAWY2rXgqGd3LXtmoqDxCmsArq0gTuop0Oe5CCS3I3xtYFjU9G4nFkT7/zweP83dzTyp4gLMwDz8T1FffhPyzrIYunGabz2opO/V3mlOxrXKQzk5T2KVbGJntn+BIniJD2WkSTehTP14vjyhGy6HnwIp
      azcli_aks_live_test@example.com\n"}]}}, "servicePrincipalProfile": {"clientId":"00000000-0000-0000-0000-000000000001"},
      "nodeResourceGroup": "MC_clitest000001_cliakstest000002_westus2", "enableRBAC":
      true, "networkProfile": {"networkPlugin": "kubenet", "podCidr": "10.244.0.0/16",
      "serviceCidr": "10.0.0.0/16", "dnsServiceIP": "10.0.0.10", "dockerBridgeCidr":
      "172.17.0.1/16", "outboundType": "loadBalancer", "loadBalancerSku": "Standard",
      "loadBalancerProfile": {"managedOutboundIPs": {"count": 1}, "effectiveOutboundIPs":
      [{"id": "/subscriptions/00000000-0000-0000-0000-000000000000/resourceGroups/MC_clitest000001_cliakstest000002_westus2/providers/Microsoft.Network/publicIPAddresses/652a590a-0bd4-4fa1-b02a-749d5b096cb9"}]}},
      "identityProfile": {"kubeletidentity": {"resourceId": "/subscriptions/00000000-0000-0000-0000-000000000000/resourcegroups/MC_clitest000001_cliakstest000002_westus2/providers/Microsoft.ManagedIdentity/userAssignedIdentities/cliakstest000002-agentpool",
      "clientId":"00000000-0000-0000-0000-000000000001", "objectId":"00000000-0000-0000-0000-000000000001"}},
      "disableLocalAccounts": true}}'
    headers:
      Accept:
      - application/json
      Accept-Encoding:
      - gzip, deflate
      CommandName:
      - aks update
      Connection:
      - keep-alive
      Content-Length:
      - '2200'
      Content-Type:
      - application/json
      ParameterSetName:
      - --resource-group --name --disable-local-accounts
      User-Agent:
      - AZURECLI/2.30.0 azsdk-python-azure-mgmt-containerservice/16.1.0 Python/3.8.11
        (Linux-5.11.0-1020-azure-x86_64-with-glibc2.27)
    method: PUT
    uri: https://management.azure.com/subscriptions/00000000-0000-0000-0000-000000000000/resourceGroups/clitest000001/providers/Microsoft.ContainerService/managedClusters/cliakstest000002?api-version=2021-07-01
  response:
    body:
      string: "{\n  \"id\": \"/subscriptions/00000000-0000-0000-0000-000000000000/resourcegroups/clitest000001/providers/Microsoft.ContainerService/managedClusters/cliakstest000002\",\n
        \ \"location\": \"westus2\",\n  \"name\": \"cliakstest000002\",\n  \"type\":
        \"Microsoft.ContainerService/ManagedClusters\",\n  \"properties\": {\n   \"provisioningState\":
        \"Updating\",\n   \"powerState\": {\n    \"code\": \"Running\"\n   },\n   \"kubernetesVersion\":
        \"1.20.9\",\n   \"dnsPrefix\": \"cliakstest-clitestvumiszfha-79a739\",\n   \"fqdn\":
        \"cliakstest-clitestvumiszfha-79a739-30539190.hcp.westus2.azmk8s.io\",\n   \"azurePortalFQDN\":
        \"cliakstest-clitestvumiszfha-79a739-30539190.portal.hcp.westus2.azmk8s.io\",\n
        \  \"agentPoolProfiles\": [\n    {\n     \"name\": \"nodepool1\",\n     \"count\":
        3,\n     \"vmSize\": \"Standard_DS2_v2\",\n     \"osDiskSizeGB\": 128,\n     \"osDiskType\":
        \"Managed\",\n     \"kubeletDiskType\": \"OS\",\n     \"maxPods\": 110,\n
        \    \"type\": \"VirtualMachineScaleSets\",\n     \"enableAutoScaling\": false,\n
        \    \"provisioningState\": \"Updating\",\n     \"powerState\": {\n      \"code\":
        \"Running\"\n     },\n     \"orchestratorVersion\": \"1.20.9\",\n     \"enableNodePublicIP\":
        false,\n     \"mode\": \"System\",\n     \"enableEncryptionAtHost\": false,\n
        \    \"enableUltraSSD\": false,\n     \"osType\": \"Linux\",\n     \"osSKU\":
        \"Ubuntu\",\n     \"nodeImageVersion\": \"AKSUbuntu-1804gen2containerd-2021.11.06\",\n
        \    \"enableFIPS\": false\n    }\n   ],\n   \"linuxProfile\": {\n    \"adminUsername\":
        \"azureuser\",\n    \"ssh\": {\n     \"publicKeys\": [\n      {\n       \"keyData\":
        \"ssh-rsa AAAAB3NzaC1yc2EAAAADAQABAAABAQDtM6YKUkjiybc9N8EtMhRqPDj75sbZu4XqdP42+g70hQZLO3uR79eHs06TtbwMWl9UlfMPfSekJtFx1fvbs/FxOlFtLANSBkahz7I2xzObyBxQjZvnIPe3pyzwc6S174RDUv+lTBri7nPern8p6A4AiXce2TlbRcR2BlSt8rScPfvhOjAl//YZ1p5Z9xXHTAWY2rXgqGd3LXtmoqDxCmsArq0gTuop0Oe5CCS3I3xtYFjU9G4nFkT7/zweP83dzTyp4gLMwDz8T1FffhPyzrIYunGabz2opO/V3mlOxrXKQzk5T2KVbGJntn+BIniJD2WkSTehTP14vjyhGy6HnwIp
        azcli_aks_live_test@example.com\\n\"\n      }\n     ]\n    }\n   },\n   \"servicePrincipalProfile\":
        {\n    \"clientId\":\"00000000-0000-0000-0000-000000000001\"\n   },\n   \"nodeResourceGroup\":
        \"MC_clitest000001_cliakstest000002_westus2\",\n   \"enableRBAC\": true,\n
        \  \"networkProfile\": {\n    \"networkPlugin\": \"kubenet\",\n    \"loadBalancerSku\":
        \"Standard\",\n    \"loadBalancerProfile\": {\n     \"managedOutboundIPs\":
        {\n      \"count\": 1\n     },\n     \"effectiveOutboundIPs\": [\n      {\n
        \      \"id\": \"/subscriptions/00000000-0000-0000-0000-000000000000/resourceGroups/MC_clitest000001_cliakstest000002_westus2/providers/Microsoft.Network/publicIPAddresses/652a590a-0bd4-4fa1-b02a-749d5b096cb9\"\n
        \     }\n     ]\n    },\n    \"podCidr\": \"10.244.0.0/16\",\n    \"serviceCidr\":
        \"10.0.0.0/16\",\n    \"dnsServiceIP\": \"10.0.0.10\",\n    \"dockerBridgeCidr\":
        \"172.17.0.1/16\",\n    \"outboundType\": \"loadBalancer\"\n   },\n   \"maxAgentPools\":
        100,\n   \"identityProfile\": {\n    \"kubeletidentity\": {\n     \"resourceId\":
        \"/subscriptions/00000000-0000-0000-0000-000000000000/resourcegroups/MC_clitest000001_cliakstest000002_westus2/providers/Microsoft.ManagedIdentity/userAssignedIdentities/cliakstest000002-agentpool\",\n
        \    \"clientId\":\"00000000-0000-0000-0000-000000000001\",\n     \"objectId\":\"00000000-0000-0000-0000-000000000001\"\n
        \   }\n   },\n   \"disableLocalAccounts\": true\n  },\n  \"identity\": {\n
        \  \"type\": \"SystemAssigned\",\n   \"principalId\":\"00000000-0000-0000-0000-000000000001\",\n
        \  \"tenantId\": \"72f988bf-86f1-41af-91ab-2d7cd011db47\"\n  },\n  \"sku\":
        {\n   \"name\": \"Basic\",\n   \"tier\": \"Free\"\n  }\n }"
    headers:
      azure-asyncoperation:
      - https://management.azure.com/subscriptions/00000000-0000-0000-0000-000000000000/providers/Microsoft.ContainerService/locations/westus2/operations/c4c8b56c-ff31-43eb-b412-a1774cd99c01?api-version=2016-03-30
      cache-control:
      - no-cache
      content-length:
      - '3357'
      content-type:
      - application/json
      date:
      - Mon, 22 Nov 2021 09:26:58 GMT
      expires:
      - '-1'
      pragma:
      - no-cache
      server:
      - nginx
      strict-transport-security:
      - max-age=31536000; includeSubDomains
      transfer-encoding:
      - chunked
      vary:
      - Accept-Encoding
      x-content-type-options:
      - nosniff
      x-ms-ratelimit-remaining-subscription-writes:
      - '1198'
    status:
      code: 200
      message: OK
- request:
    body: null
    headers:
      Accept:
      - '*/*'
      Accept-Encoding:
      - gzip, deflate
      CommandName:
      - aks update
      Connection:
      - keep-alive
      ParameterSetName:
      - --resource-group --name --disable-local-accounts
      User-Agent:
      - AZURECLI/2.30.0 azsdk-python-azure-mgmt-containerservice/16.1.0 Python/3.8.11
        (Linux-5.11.0-1020-azure-x86_64-with-glibc2.27)
    method: GET
    uri: https://management.azure.com/subscriptions/00000000-0000-0000-0000-000000000000/providers/Microsoft.ContainerService/locations/westus2/operations/c4c8b56c-ff31-43eb-b412-a1774cd99c01?api-version=2016-03-30
  response:
    body:
      string: "{\n  \"name\": \"6cb5c8c4-31ff-eb43-b412-a1774cd99c01\",\n  \"status\":
        \"InProgress\",\n  \"startTime\": \"2021-11-22T09:26:58.5633333Z\"\n }"
    headers:
      cache-control:
      - no-cache
      content-length:
      - '126'
      content-type:
      - application/json
      date:
      - Mon, 22 Nov 2021 09:27:28 GMT
      expires:
      - '-1'
      pragma:
      - no-cache
      server:
      - nginx
      strict-transport-security:
      - max-age=31536000; includeSubDomains
      transfer-encoding:
      - chunked
      vary:
      - Accept-Encoding
      x-content-type-options:
      - nosniff
    status:
      code: 200
      message: OK
- request:
    body: null
    headers:
      Accept:
      - '*/*'
      Accept-Encoding:
      - gzip, deflate
      CommandName:
      - aks update
      Connection:
      - keep-alive
      ParameterSetName:
      - --resource-group --name --disable-local-accounts
      User-Agent:
      - AZURECLI/2.30.0 azsdk-python-azure-mgmt-containerservice/16.1.0 Python/3.8.11
        (Linux-5.11.0-1020-azure-x86_64-with-glibc2.27)
    method: GET
    uri: https://management.azure.com/subscriptions/00000000-0000-0000-0000-000000000000/providers/Microsoft.ContainerService/locations/westus2/operations/c4c8b56c-ff31-43eb-b412-a1774cd99c01?api-version=2016-03-30
  response:
    body:
      string: "{\n  \"name\": \"6cb5c8c4-31ff-eb43-b412-a1774cd99c01\",\n  \"status\":
        \"InProgress\",\n  \"startTime\": \"2021-11-22T09:26:58.5633333Z\"\n }"
    headers:
      cache-control:
      - no-cache
      content-length:
      - '126'
      content-type:
      - application/json
      date:
      - Mon, 22 Nov 2021 09:27:58 GMT
      expires:
      - '-1'
      pragma:
      - no-cache
      server:
      - nginx
      strict-transport-security:
      - max-age=31536000; includeSubDomains
      transfer-encoding:
      - chunked
      vary:
      - Accept-Encoding
      x-content-type-options:
      - nosniff
    status:
      code: 200
      message: OK
- request:
    body: null
    headers:
      Accept:
      - '*/*'
      Accept-Encoding:
      - gzip, deflate
      CommandName:
      - aks update
      Connection:
      - keep-alive
      ParameterSetName:
      - --resource-group --name --disable-local-accounts
      User-Agent:
      - AZURECLI/2.30.0 azsdk-python-azure-mgmt-containerservice/16.1.0 Python/3.8.11
        (Linux-5.11.0-1020-azure-x86_64-with-glibc2.27)
    method: GET
    uri: https://management.azure.com/subscriptions/00000000-0000-0000-0000-000000000000/providers/Microsoft.ContainerService/locations/westus2/operations/c4c8b56c-ff31-43eb-b412-a1774cd99c01?api-version=2016-03-30
  response:
    body:
      string: "{\n  \"name\": \"6cb5c8c4-31ff-eb43-b412-a1774cd99c01\",\n  \"status\":
        \"Succeeded\",\n  \"startTime\": \"2021-11-22T09:26:58.5633333Z\",\n  \"endTime\":
        \"2021-11-22T09:28:02.6515538Z\"\n }"
    headers:
      cache-control:
      - no-cache
      content-length:
      - '170'
      content-type:
      - application/json
      date:
      - Mon, 22 Nov 2021 09:28:28 GMT
      expires:
      - '-1'
      pragma:
      - no-cache
      server:
      - nginx
      strict-transport-security:
      - max-age=31536000; includeSubDomains
      transfer-encoding:
      - chunked
      vary:
      - Accept-Encoding
      x-content-type-options:
      - nosniff
    status:
      code: 200
      message: OK
- request:
    body: null
    headers:
      Accept:
      - '*/*'
      Accept-Encoding:
      - gzip, deflate
      CommandName:
      - aks update
      Connection:
      - keep-alive
      ParameterSetName:
      - --resource-group --name --disable-local-accounts
      User-Agent:
      - AZURECLI/2.30.0 azsdk-python-azure-mgmt-containerservice/16.1.0 Python/3.8.11
        (Linux-5.11.0-1020-azure-x86_64-with-glibc2.27)
    method: GET
    uri: https://management.azure.com/subscriptions/00000000-0000-0000-0000-000000000000/resourceGroups/clitest000001/providers/Microsoft.ContainerService/managedClusters/cliakstest000002?api-version=2021-07-01
  response:
    body:
      string: "{\n  \"id\": \"/subscriptions/00000000-0000-0000-0000-000000000000/resourcegroups/clitest000001/providers/Microsoft.ContainerService/managedClusters/cliakstest000002\",\n
        \ \"location\": \"westus2\",\n  \"name\": \"cliakstest000002\",\n  \"type\":
        \"Microsoft.ContainerService/ManagedClusters\",\n  \"properties\": {\n   \"provisioningState\":
        \"Succeeded\",\n   \"powerState\": {\n    \"code\": \"Running\"\n   },\n   \"kubernetesVersion\":
        \"1.20.9\",\n   \"dnsPrefix\": \"cliakstest-clitestvumiszfha-79a739\",\n   \"fqdn\":
        \"cliakstest-clitestvumiszfha-79a739-30539190.hcp.westus2.azmk8s.io\",\n   \"azurePortalFQDN\":
        \"cliakstest-clitestvumiszfha-79a739-30539190.portal.hcp.westus2.azmk8s.io\",\n
        \  \"agentPoolProfiles\": [\n    {\n     \"name\": \"nodepool1\",\n     \"count\":
        3,\n     \"vmSize\": \"Standard_DS2_v2\",\n     \"osDiskSizeGB\": 128,\n     \"osDiskType\":
        \"Managed\",\n     \"kubeletDiskType\": \"OS\",\n     \"maxPods\": 110,\n
        \    \"type\": \"VirtualMachineScaleSets\",\n     \"enableAutoScaling\": false,\n
        \    \"provisioningState\": \"Succeeded\",\n     \"powerState\": {\n      \"code\":
        \"Running\"\n     },\n     \"orchestratorVersion\": \"1.20.9\",\n     \"enableNodePublicIP\":
        false,\n     \"mode\": \"System\",\n     \"enableEncryptionAtHost\": false,\n
        \    \"enableUltraSSD\": false,\n     \"osType\": \"Linux\",\n     \"osSKU\":
        \"Ubuntu\",\n     \"nodeImageVersion\": \"AKSUbuntu-1804gen2containerd-2021.11.06\",\n
        \    \"enableFIPS\": false\n    }\n   ],\n   \"linuxProfile\": {\n    \"adminUsername\":
        \"azureuser\",\n    \"ssh\": {\n     \"publicKeys\": [\n      {\n       \"keyData\":
        \"ssh-rsa AAAAB3NzaC1yc2EAAAADAQABAAABAQDtM6YKUkjiybc9N8EtMhRqPDj75sbZu4XqdP42+g70hQZLO3uR79eHs06TtbwMWl9UlfMPfSekJtFx1fvbs/FxOlFtLANSBkahz7I2xzObyBxQjZvnIPe3pyzwc6S174RDUv+lTBri7nPern8p6A4AiXce2TlbRcR2BlSt8rScPfvhOjAl//YZ1p5Z9xXHTAWY2rXgqGd3LXtmoqDxCmsArq0gTuop0Oe5CCS3I3xtYFjU9G4nFkT7/zweP83dzTyp4gLMwDz8T1FffhPyzrIYunGabz2opO/V3mlOxrXKQzk5T2KVbGJntn+BIniJD2WkSTehTP14vjyhGy6HnwIp
        azcli_aks_live_test@example.com\\n\"\n      }\n     ]\n    }\n   },\n   \"servicePrincipalProfile\":
        {\n    \"clientId\":\"00000000-0000-0000-0000-000000000001\"\n   },\n   \"nodeResourceGroup\":
        \"MC_clitest000001_cliakstest000002_westus2\",\n   \"enableRBAC\": true,\n
        \  \"networkProfile\": {\n    \"networkPlugin\": \"kubenet\",\n    \"loadBalancerSku\":
        \"Standard\",\n    \"loadBalancerProfile\": {\n     \"managedOutboundIPs\":
        {\n      \"count\": 1\n     },\n     \"effectiveOutboundIPs\": [\n      {\n
        \      \"id\": \"/subscriptions/00000000-0000-0000-0000-000000000000/resourceGroups/MC_clitest000001_cliakstest000002_westus2/providers/Microsoft.Network/publicIPAddresses/652a590a-0bd4-4fa1-b02a-749d5b096cb9\"\n
        \     }\n     ]\n    },\n    \"podCidr\": \"10.244.0.0/16\",\n    \"serviceCidr\":
        \"10.0.0.0/16\",\n    \"dnsServiceIP\": \"10.0.0.10\",\n    \"dockerBridgeCidr\":
        \"172.17.0.1/16\",\n    \"outboundType\": \"loadBalancer\"\n   },\n   \"maxAgentPools\":
        100,\n   \"identityProfile\": {\n    \"kubeletidentity\": {\n     \"resourceId\":
        \"/subscriptions/00000000-0000-0000-0000-000000000000/resourcegroups/MC_clitest000001_cliakstest000002_westus2/providers/Microsoft.ManagedIdentity/userAssignedIdentities/cliakstest000002-agentpool\",\n
        \    \"clientId\":\"00000000-0000-0000-0000-000000000001\",\n     \"objectId\":\"00000000-0000-0000-0000-000000000001\"\n
        \   }\n   },\n   \"disableLocalAccounts\": true\n  },\n  \"identity\": {\n
        \  \"type\": \"SystemAssigned\",\n   \"principalId\":\"00000000-0000-0000-0000-000000000001\",\n
        \  \"tenantId\": \"72f988bf-86f1-41af-91ab-2d7cd011db47\"\n  },\n  \"sku\":
        {\n   \"name\": \"Basic\",\n   \"tier\": \"Free\"\n  }\n }"
    headers:
      cache-control:
      - no-cache
      content-length:
      - '3359'
      content-type:
      - application/json
      date:
      - Mon, 22 Nov 2021 09:28:29 GMT
      expires:
      - '-1'
      pragma:
      - no-cache
      server:
      - nginx
      strict-transport-security:
      - max-age=31536000; includeSubDomains
      transfer-encoding:
      - chunked
      vary:
      - Accept-Encoding
      x-content-type-options:
      - nosniff
    status:
      code: 200
      message: OK
- request:
    body: null
    headers:
      Accept:
      - application/json
      Accept-Encoding:
      - gzip, deflate
      CommandName:
      - aks delete
      Connection:
      - keep-alive
      Content-Length:
      - '0'
      ParameterSetName:
      - -g -n --yes --no-wait
      User-Agent:
      - AZURECLI/2.30.0 azsdk-python-azure-mgmt-containerservice/16.1.0 Python/3.8.11
        (Linux-5.11.0-1020-azure-x86_64-with-glibc2.27)
    method: DELETE
    uri: https://management.azure.com/subscriptions/00000000-0000-0000-0000-000000000000/resourceGroups/clitest000001/providers/Microsoft.ContainerService/managedClusters/cliakstest000002?api-version=2021-07-01
  response:
    body:
      string: ''
    headers:
      azure-asyncoperation:
      - https://management.azure.com/subscriptions/00000000-0000-0000-0000-000000000000/providers/Microsoft.ContainerService/locations/westus2/operations/69991465-55b9-4728-8c9d-4e834f5257ba?api-version=2016-03-30
      cache-control:
      - no-cache
      content-length:
      - '0'
      date:
      - Mon, 22 Nov 2021 09:28:30 GMT
      expires:
      - '-1'
      location:
      - https://management.azure.com/subscriptions/00000000-0000-0000-0000-000000000000/providers/Microsoft.ContainerService/locations/westus2/operationresults/69991465-55b9-4728-8c9d-4e834f5257ba?api-version=2016-03-30
      pragma:
      - no-cache
      server:
      - nginx
      strict-transport-security:
      - max-age=31536000; includeSubDomains
      x-content-type-options:
      - nosniff
      x-ms-ratelimit-remaining-subscription-deletes:
      - '14999'
    status:
      code: 202
      message: Accepted
version: 1
