interactions:
- request:
    body: null
    headers:
      Accept:
      - application/json
      Accept-Encoding:
      - gzip, deflate
      CommandName:
      - aks create
      Connection:
      - keep-alive
      ParameterSetName:
      - --resource-group --name --enable-private-cluster --disable-public-fqdn --node-count
        --ssh-key-value
      User-Agent:
      - AZURECLI/2.27.2 azsdk-python-azure-mgmt-resource/19.0.0 Python/3.8.11 (Linux-5.4.0-1056-azure-x86_64-with-glibc2.27)
    method: GET
    uri: https://management.azure.com/subscriptions/00000000-0000-0000-0000-000000000000/resourcegroups/clitest000001?api-version=2021-04-01
  response:
    body:
      string: '{"id":"/subscriptions/00000000-0000-0000-0000-000000000000/resourceGroups/clitest000001","name":"clitest000001","type":"Microsoft.Resources/resourceGroups","location":"westus2","tags":{"product":"azurecli","cause":"automation","date":"2021-09-02T06:16:53Z"},"properties":{"provisioningState":"Succeeded"}}'
    headers:
      cache-control:
      - no-cache
      content-length:
      - '313'
      content-type:
      - application/json; charset=utf-8
      date:
      - Thu, 02 Sep 2021 06:16:55 GMT
      expires:
      - '-1'
      pragma:
      - no-cache
      strict-transport-security:
      - max-age=31536000; includeSubDomains
      vary:
      - Accept-Encoding
      x-content-type-options:
      - nosniff
    status:
      code: 200
      message: OK
- request:
    body: '{"location": "westus2", "identity": {"type": "SystemAssigned"}, "properties":
      {"kubernetesVersion": "", "dnsPrefix": "cliakstest-clitestcbif57bwc-79a739",
      "agentPoolProfiles": [{"count": 1, "vmSize": "Standard_DS2_v2", "osType": "Linux",
      "type": "VirtualMachineScaleSets", "mode": "System", "enableNodePublicIP": false,
      "scaleSetPriority": "Regular", "scaleSetEvictionPolicy": "Delete", "spotMaxPrice":
      -1.0, "enableEncryptionAtHost": false, "enableUltraSSD": false, "name": "nodepool1"}],
      "linuxProfile": {"adminUsername": "azureuser", "ssh": {"publicKeys": [{"keyData":
      "ssh-rsa AAAAB3NzaC1yc2EAAAADAQABAAABAQCqSzSzHlYbuG5grPq+7lwzksPep6S0NUi1IokwlJbuY/+ttVpzczimQy2OQms/T6vB60hS8O+SFGE7o4NflkLuu/NcHiwVNKBBMZfzPozk11bipCgqJ5g63Gc99uenMbl/CQAmWNTf4oYTUtBnNVZdNo40s+mWabONyLbdZ3kXPX2ElQhJhjwsu30+uFXoXOqsl+iij3Vc3Ok9u8xUYV6lgOAHoU+90hKcm58IeWL6FxfFl3mV3Y8e1EHZk4YokJbXwHVYRUgDPyGSu+1nQtVtoNjT6VViCUjxBi7jldcaIRRw2AxbijcHoZ/IOJ8u5cexMbBPiDJtA1EA9ykY3uAr
      azcli_aks_live_test@example.com\n"}]}}, "addonProfiles": {}, "enableRBAC": true,
      "networkProfile": {"networkPlugin": "kubenet", "podCidr": "10.244.0.0/16", "serviceCidr":
      "10.0.0.0/16", "dnsServiceIP": "10.0.0.10", "dockerBridgeCidr": "172.17.0.1/16",
      "outboundType": "loadBalancer", "loadBalancerSku": "standard"}, "apiServerAccessProfile":
      {"authorizedIPRanges": [], "enablePrivateCluster": true, "enablePrivateClusterPublicFQDN":
      false}}}'
    headers:
      Accept:
      - application/json
      Accept-Encoding:
      - gzip, deflate
      CommandName:
      - aks create
      Connection:
      - keep-alive
      Content-Length:
      - '1395'
      Content-Type:
      - application/json
      ParameterSetName:
      - --resource-group --name --enable-private-cluster --disable-public-fqdn --node-count
        --ssh-key-value
      User-Agent:
      - AZURECLI/2.27.2 azsdk-python-azure-mgmt-containerservice/16.1.0 Python/3.8.11
        (Linux-5.4.0-1056-azure-x86_64-with-glibc2.27)
    method: PUT
    uri: https://management.azure.com/subscriptions/00000000-0000-0000-0000-000000000000/resourceGroups/clitest000001/providers/Microsoft.ContainerService/managedClusters/cliakstest000001?api-version=2021-07-01
  response:
    body:
      string: "{\n  \"id\": \"/subscriptions/00000000-0000-0000-0000-000000000000/resourcegroups/clitest000001/providers/Microsoft.ContainerService/managedClusters/cliakstest000001\",\n
        \ \"location\": \"westus2\",\n  \"name\": \"cliakstest000001\",\n  \"type\":
        \"Microsoft.ContainerService/ManagedClusters\",\n  \"properties\": {\n   \"provisioningState\":
        \"Creating\",\n   \"powerState\": {\n    \"code\": \"Running\"\n   },\n   \"kubernetesVersion\":
        \"1.20.9\",\n   \"dnsPrefix\": \"cliakstest-clitestcbif57bwc-79a739\",\n   \"azurePortalFQDN\":
        \"89d51a0b0302efb8a21044b7ac04df03-priv.portal.hcp.westus2.azmk8s.io\",\n
        \  \"privateFQDN\": \"cliakstest-clitestcbif57bwc-79a739-0c7be15b.067d0e38-f024-4a50-8d41-ccc78b935cc4.privatelink.westus2.azmk8s.io\",\n
        \  \"agentPoolProfiles\": [\n    {\n     \"name\": \"nodepool1\",\n     \"count\":
        1,\n     \"vmSize\": \"Standard_DS2_v2\",\n     \"osDiskSizeGB\": 128,\n     \"osDiskType\":
        \"Managed\",\n     \"kubeletDiskType\": \"OS\",\n     \"maxPods\": 110,\n
        \    \"type\": \"VirtualMachineScaleSets\",\n     \"provisioningState\": \"Creating\",\n
        \    \"powerState\": {\n      \"code\": \"Running\"\n     },\n     \"orchestratorVersion\":
        \"1.20.9\",\n     \"enableNodePublicIP\": false,\n     \"mode\": \"System\",\n
        \    \"enableEncryptionAtHost\": false,\n     \"enableUltraSSD\": false,\n
        \    \"osType\": \"Linux\",\n     \"osSKU\": \"Ubuntu\",\n     \"nodeImageVersion\":
        \"AKSUbuntu-1804gen2containerd-2021.08.14\",\n     \"enableFIPS\": false\n
        \   }\n   ],\n   \"linuxProfile\": {\n    \"adminUsername\": \"azureuser\",\n
        \   \"ssh\": {\n     \"publicKeys\": [\n      {\n       \"keyData\": \"ssh-rsa
        AAAAB3NzaC1yc2EAAAADAQABAAABAQCqSzSzHlYbuG5grPq+7lwzksPep6S0NUi1IokwlJbuY/+ttVpzczimQy2OQms/T6vB60hS8O+SFGE7o4NflkLuu/NcHiwVNKBBMZfzPozk11bipCgqJ5g63Gc99uenMbl/CQAmWNTf4oYTUtBnNVZdNo40s+mWabONyLbdZ3kXPX2ElQhJhjwsu30+uFXoXOqsl+iij3Vc3Ok9u8xUYV6lgOAHoU+90hKcm58IeWL6FxfFl3mV3Y8e1EHZk4YokJbXwHVYRUgDPyGSu+1nQtVtoNjT6VViCUjxBi7jldcaIRRw2AxbijcHoZ/IOJ8u5cexMbBPiDJtA1EA9ykY3uAr
        azcli_aks_live_test@example.com\\n\"\n      }\n     ]\n    }\n   },\n   \"servicePrincipalProfile\":
        {\n    \"clientId\":\"00000000-0000-0000-0000-000000000001\"\n   },\n   \"nodeResourceGroup\":
        \"MC_clitest000001_cliakstest000001_westus2\",\n   \"enableRBAC\": true,\n
        \  \"networkProfile\": {\n    \"networkPlugin\": \"kubenet\",\n    \"loadBalancerSku\":
        \"standard\",\n    \"loadBalancerProfile\": {\n     \"managedOutboundIPs\":
        {\n      \"count\": 1\n     }\n    },\n    \"podCidr\": \"10.244.0.0/16\",\n
        \   \"serviceCidr\": \"10.0.0.0/16\",\n    \"dnsServiceIP\": \"10.0.0.10\",\n
        \   \"dockerBridgeCidr\": \"172.17.0.1/16\",\n    \"outboundType\": \"loadBalancer\"\n
        \  },\n   \"maxAgentPools\": 100,\n   \"privateLinkResources\": [\n    {\n
        \    \"name\": \"management\",\n     \"type\": \"Microsoft.ContainerService/managedClusters/privateLinkResources\",\n
        \    \"groupId\": \"management\",\n     \"requiredMembers\": [\n      \"management\"\n
        \    ]\n    }\n   ],\n   \"apiServerAccessProfile\": {\n    \"enablePrivateCluster\":
        true,\n    \"privateDNSZone\": \"system\",\n    \"enablePrivateClusterPublicFQDN\":
        false,\n    \"privateClusterVersion\": \"v1\"\n   }\n  },\n  \"identity\":
        {\n   \"type\": \"SystemAssigned\",\n   \"principalId\":\"00000000-0000-0000-0000-000000000001\",\n
        \  \"tenantId\": \"72f988bf-86f1-41af-91ab-2d7cd011db47\"\n  },\n  \"sku\":
        {\n   \"name\": \"Basic\",\n   \"tier\": \"Free\"\n  }\n }"
    headers:
      azure-asyncoperation:
      - https://management.azure.com/subscriptions/00000000-0000-0000-0000-000000000000/providers/Microsoft.ContainerService/locations/westus2/operations/982957e7-d4d6-465b-8e04-fde408ed66ba?api-version=2016-03-30
      cache-control:
      - no-cache
      content-length:
      - '3094'
      content-type:
      - application/json
      date:
      - Thu, 02 Sep 2021 06:17:04 GMT
      expires:
      - '-1'
      pragma:
      - no-cache
      server:
      - nginx
      strict-transport-security:
      - max-age=31536000; includeSubDomains
      x-content-type-options:
      - nosniff
      x-ms-ratelimit-remaining-subscription-writes:
      - '1199'
    status:
      code: 201
      message: Created
- request:
    body: null
    headers:
      Accept:
      - '*/*'
      Accept-Encoding:
      - gzip, deflate
      CommandName:
      - aks create
      Connection:
      - keep-alive
      ParameterSetName:
      - --resource-group --name --enable-private-cluster --disable-public-fqdn --node-count
        --ssh-key-value
      User-Agent:
      - AZURECLI/2.27.2 azsdk-python-azure-mgmt-containerservice/16.1.0 Python/3.8.11
        (Linux-5.4.0-1056-azure-x86_64-with-glibc2.27)
    method: GET
    uri: https://management.azure.com/subscriptions/00000000-0000-0000-0000-000000000000/providers/Microsoft.ContainerService/locations/westus2/operations/982957e7-d4d6-465b-8e04-fde408ed66ba?api-version=2016-03-30
  response:
    body:
      string: "{\n  \"name\": \"e7572998-d6d4-5b46-8e04-fde408ed66ba\",\n  \"status\":
        \"InProgress\",\n  \"startTime\": \"2021-09-02T06:17:04.3Z\"\n }"
    headers:
      cache-control:
      - no-cache
      content-length:
      - '120'
      content-type:
      - application/json
      date:
      - Thu, 02 Sep 2021 06:17:34 GMT
      expires:
      - '-1'
      pragma:
      - no-cache
      server:
      - nginx
      strict-transport-security:
      - max-age=31536000; includeSubDomains
      transfer-encoding:
      - chunked
      vary:
      - Accept-Encoding
      x-content-type-options:
      - nosniff
    status:
      code: 200
      message: OK
- request:
    body: null
    headers:
      Accept:
      - '*/*'
      Accept-Encoding:
      - gzip, deflate
      CommandName:
      - aks create
      Connection:
      - keep-alive
      ParameterSetName:
      - --resource-group --name --enable-private-cluster --disable-public-fqdn --node-count
        --ssh-key-value
      User-Agent:
      - AZURECLI/2.27.2 azsdk-python-azure-mgmt-containerservice/16.1.0 Python/3.8.11
        (Linux-5.4.0-1056-azure-x86_64-with-glibc2.27)
    method: GET
    uri: https://management.azure.com/subscriptions/00000000-0000-0000-0000-000000000000/providers/Microsoft.ContainerService/locations/westus2/operations/982957e7-d4d6-465b-8e04-fde408ed66ba?api-version=2016-03-30
  response:
    body:
      string: "{\n  \"name\": \"e7572998-d6d4-5b46-8e04-fde408ed66ba\",\n  \"status\":
        \"InProgress\",\n  \"startTime\": \"2021-09-02T06:17:04.3Z\"\n }"
    headers:
      cache-control:
      - no-cache
      content-length:
      - '120'
      content-type:
      - application/json
      date:
      - Thu, 02 Sep 2021 06:18:04 GMT
      expires:
      - '-1'
      pragma:
      - no-cache
      server:
      - nginx
      strict-transport-security:
      - max-age=31536000; includeSubDomains
      transfer-encoding:
      - chunked
      vary:
      - Accept-Encoding
      x-content-type-options:
      - nosniff
    status:
      code: 200
      message: OK
- request:
    body: null
    headers:
      Accept:
      - '*/*'
      Accept-Encoding:
      - gzip, deflate
      CommandName:
      - aks create
      Connection:
      - keep-alive
      ParameterSetName:
      - --resource-group --name --enable-private-cluster --disable-public-fqdn --node-count
        --ssh-key-value
      User-Agent:
      - AZURECLI/2.27.2 azsdk-python-azure-mgmt-containerservice/16.1.0 Python/3.8.11
        (Linux-5.4.0-1056-azure-x86_64-with-glibc2.27)
    method: GET
    uri: https://management.azure.com/subscriptions/00000000-0000-0000-0000-000000000000/providers/Microsoft.ContainerService/locations/westus2/operations/982957e7-d4d6-465b-8e04-fde408ed66ba?api-version=2016-03-30
  response:
    body:
      string: "{\n  \"name\": \"e7572998-d6d4-5b46-8e04-fde408ed66ba\",\n  \"status\":
        \"InProgress\",\n  \"startTime\": \"2021-09-02T06:17:04.3Z\"\n }"
    headers:
      cache-control:
      - no-cache
      content-length:
      - '120'
      content-type:
      - application/json
      date:
      - Thu, 02 Sep 2021 06:18:34 GMT
      expires:
      - '-1'
      pragma:
      - no-cache
      server:
      - nginx
      strict-transport-security:
      - max-age=31536000; includeSubDomains
      transfer-encoding:
      - chunked
      vary:
      - Accept-Encoding
      x-content-type-options:
      - nosniff
    status:
      code: 200
      message: OK
- request:
    body: null
    headers:
      Accept:
      - '*/*'
      Accept-Encoding:
      - gzip, deflate
      CommandName:
      - aks create
      Connection:
      - keep-alive
      ParameterSetName:
      - --resource-group --name --enable-private-cluster --disable-public-fqdn --node-count
        --ssh-key-value
      User-Agent:
      - AZURECLI/2.27.2 azsdk-python-azure-mgmt-containerservice/16.1.0 Python/3.8.11
        (Linux-5.4.0-1056-azure-x86_64-with-glibc2.27)
    method: GET
    uri: https://management.azure.com/subscriptions/00000000-0000-0000-0000-000000000000/providers/Microsoft.ContainerService/locations/westus2/operations/982957e7-d4d6-465b-8e04-fde408ed66ba?api-version=2016-03-30
  response:
    body:
      string: "{\n  \"name\": \"e7572998-d6d4-5b46-8e04-fde408ed66ba\",\n  \"status\":
        \"InProgress\",\n  \"startTime\": \"2021-09-02T06:17:04.3Z\"\n }"
    headers:
      cache-control:
      - no-cache
      content-length:
      - '120'
      content-type:
      - application/json
      date:
      - Thu, 02 Sep 2021 06:19:05 GMT
      expires:
      - '-1'
      pragma:
      - no-cache
      server:
      - nginx
      strict-transport-security:
      - max-age=31536000; includeSubDomains
      transfer-encoding:
      - chunked
      vary:
      - Accept-Encoding
      x-content-type-options:
      - nosniff
    status:
      code: 200
      message: OK
- request:
    body: null
    headers:
      Accept:
      - '*/*'
      Accept-Encoding:
      - gzip, deflate
      CommandName:
      - aks create
      Connection:
      - keep-alive
      ParameterSetName:
      - --resource-group --name --enable-private-cluster --disable-public-fqdn --node-count
        --ssh-key-value
      User-Agent:
      - AZURECLI/2.27.2 azsdk-python-azure-mgmt-containerservice/16.1.0 Python/3.8.11
        (Linux-5.4.0-1056-azure-x86_64-with-glibc2.27)
    method: GET
    uri: https://management.azure.com/subscriptions/00000000-0000-0000-0000-000000000000/providers/Microsoft.ContainerService/locations/westus2/operations/982957e7-d4d6-465b-8e04-fde408ed66ba?api-version=2016-03-30
  response:
    body:
      string: "{\n  \"name\": \"e7572998-d6d4-5b46-8e04-fde408ed66ba\",\n  \"status\":
        \"InProgress\",\n  \"startTime\": \"2021-09-02T06:17:04.3Z\"\n }"
    headers:
      cache-control:
      - no-cache
      content-length:
      - '120'
      content-type:
      - application/json
      date:
      - Thu, 02 Sep 2021 06:19:35 GMT
      expires:
      - '-1'
      pragma:
      - no-cache
      server:
      - nginx
      strict-transport-security:
      - max-age=31536000; includeSubDomains
      transfer-encoding:
      - chunked
      vary:
      - Accept-Encoding
      x-content-type-options:
      - nosniff
    status:
      code: 200
      message: OK
- request:
    body: null
    headers:
      Accept:
      - '*/*'
      Accept-Encoding:
      - gzip, deflate
      CommandName:
      - aks create
      Connection:
      - keep-alive
      ParameterSetName:
      - --resource-group --name --enable-private-cluster --disable-public-fqdn --node-count
        --ssh-key-value
      User-Agent:
      - AZURECLI/2.27.2 azsdk-python-azure-mgmt-containerservice/16.1.0 Python/3.8.11
        (Linux-5.4.0-1056-azure-x86_64-with-glibc2.27)
    method: GET
    uri: https://management.azure.com/subscriptions/00000000-0000-0000-0000-000000000000/providers/Microsoft.ContainerService/locations/westus2/operations/982957e7-d4d6-465b-8e04-fde408ed66ba?api-version=2016-03-30
  response:
    body:
      string: "{\n  \"name\": \"e7572998-d6d4-5b46-8e04-fde408ed66ba\",\n  \"status\":
        \"InProgress\",\n  \"startTime\": \"2021-09-02T06:17:04.3Z\"\n }"
    headers:
      cache-control:
      - no-cache
      content-length:
      - '120'
      content-type:
      - application/json
      date:
      - Thu, 02 Sep 2021 06:20:04 GMT
      expires:
      - '-1'
      pragma:
      - no-cache
      server:
      - nginx
      strict-transport-security:
      - max-age=31536000; includeSubDomains
      transfer-encoding:
      - chunked
      vary:
      - Accept-Encoding
      x-content-type-options:
      - nosniff
    status:
      code: 200
      message: OK
- request:
    body: null
    headers:
      Accept:
      - '*/*'
      Accept-Encoding:
      - gzip, deflate
      CommandName:
      - aks create
      Connection:
      - keep-alive
      ParameterSetName:
      - --resource-group --name --enable-private-cluster --disable-public-fqdn --node-count
        --ssh-key-value
      User-Agent:
      - AZURECLI/2.27.2 azsdk-python-azure-mgmt-containerservice/16.1.0 Python/3.8.11
        (Linux-5.4.0-1056-azure-x86_64-with-glibc2.27)
    method: GET
    uri: https://management.azure.com/subscriptions/00000000-0000-0000-0000-000000000000/providers/Microsoft.ContainerService/locations/westus2/operations/982957e7-d4d6-465b-8e04-fde408ed66ba?api-version=2016-03-30
  response:
    body:
      string: "{\n  \"name\": \"e7572998-d6d4-5b46-8e04-fde408ed66ba\",\n  \"status\":
        \"InProgress\",\n  \"startTime\": \"2021-09-02T06:17:04.3Z\"\n }"
    headers:
      cache-control:
      - no-cache
      content-length:
      - '120'
      content-type:
      - application/json
      date:
      - Thu, 02 Sep 2021 06:20:34 GMT
      expires:
      - '-1'
      pragma:
      - no-cache
      server:
      - nginx
      strict-transport-security:
      - max-age=31536000; includeSubDomains
      transfer-encoding:
      - chunked
      vary:
      - Accept-Encoding
      x-content-type-options:
      - nosniff
    status:
      code: 200
      message: OK
- request:
    body: null
    headers:
      Accept:
      - '*/*'
      Accept-Encoding:
      - gzip, deflate
      CommandName:
      - aks create
      Connection:
      - keep-alive
      ParameterSetName:
      - --resource-group --name --enable-private-cluster --disable-public-fqdn --node-count
        --ssh-key-value
      User-Agent:
      - AZURECLI/2.27.2 azsdk-python-azure-mgmt-containerservice/16.1.0 Python/3.8.11
        (Linux-5.4.0-1056-azure-x86_64-with-glibc2.27)
    method: GET
    uri: https://management.azure.com/subscriptions/00000000-0000-0000-0000-000000000000/providers/Microsoft.ContainerService/locations/westus2/operations/982957e7-d4d6-465b-8e04-fde408ed66ba?api-version=2016-03-30
  response:
    body:
      string: "{\n  \"name\": \"e7572998-d6d4-5b46-8e04-fde408ed66ba\",\n  \"status\":
        \"InProgress\",\n  \"startTime\": \"2021-09-02T06:17:04.3Z\"\n }"
    headers:
      cache-control:
      - no-cache
      content-length:
      - '120'
      content-type:
      - application/json
      date:
      - Thu, 02 Sep 2021 06:21:05 GMT
      expires:
      - '-1'
      pragma:
      - no-cache
      server:
      - nginx
      strict-transport-security:
      - max-age=31536000; includeSubDomains
      transfer-encoding:
      - chunked
      vary:
      - Accept-Encoding
      x-content-type-options:
      - nosniff
    status:
      code: 200
      message: OK
- request:
    body: null
    headers:
      Accept:
      - '*/*'
      Accept-Encoding:
      - gzip, deflate
      CommandName:
      - aks create
      Connection:
      - keep-alive
      ParameterSetName:
      - --resource-group --name --enable-private-cluster --disable-public-fqdn --node-count
        --ssh-key-value
      User-Agent:
      - AZURECLI/2.27.2 azsdk-python-azure-mgmt-containerservice/16.1.0 Python/3.8.11
        (Linux-5.4.0-1056-azure-x86_64-with-glibc2.27)
    method: GET
    uri: https://management.azure.com/subscriptions/00000000-0000-0000-0000-000000000000/providers/Microsoft.ContainerService/locations/westus2/operations/982957e7-d4d6-465b-8e04-fde408ed66ba?api-version=2016-03-30
  response:
    body:
      string: "{\n  \"name\": \"e7572998-d6d4-5b46-8e04-fde408ed66ba\",\n  \"status\":
        \"InProgress\",\n  \"startTime\": \"2021-09-02T06:17:04.3Z\"\n }"
    headers:
      cache-control:
      - no-cache
      content-length:
      - '120'
      content-type:
      - application/json
      date:
      - Thu, 02 Sep 2021 06:21:35 GMT
      expires:
      - '-1'
      pragma:
      - no-cache
      server:
      - nginx
      strict-transport-security:
      - max-age=31536000; includeSubDomains
      transfer-encoding:
      - chunked
      vary:
      - Accept-Encoding
      x-content-type-options:
      - nosniff
    status:
      code: 200
      message: OK
- request:
    body: null
    headers:
      Accept:
      - '*/*'
      Accept-Encoding:
      - gzip, deflate
      CommandName:
      - aks create
      Connection:
      - keep-alive
      ParameterSetName:
      - --resource-group --name --enable-private-cluster --disable-public-fqdn --node-count
        --ssh-key-value
      User-Agent:
      - AZURECLI/2.27.2 azsdk-python-azure-mgmt-containerservice/16.1.0 Python/3.8.11
        (Linux-5.4.0-1056-azure-x86_64-with-glibc2.27)
    method: GET
    uri: https://management.azure.com/subscriptions/00000000-0000-0000-0000-000000000000/providers/Microsoft.ContainerService/locations/westus2/operations/982957e7-d4d6-465b-8e04-fde408ed66ba?api-version=2016-03-30
  response:
    body:
      string: "{\n  \"name\": \"e7572998-d6d4-5b46-8e04-fde408ed66ba\",\n  \"status\":
        \"InProgress\",\n  \"startTime\": \"2021-09-02T06:17:04.3Z\"\n }"
    headers:
      cache-control:
      - no-cache
      content-length:
      - '120'
      content-type:
      - application/json
      date:
      - Thu, 02 Sep 2021 06:22:05 GMT
      expires:
      - '-1'
      pragma:
      - no-cache
      server:
      - nginx
      strict-transport-security:
      - max-age=31536000; includeSubDomains
      transfer-encoding:
      - chunked
      vary:
      - Accept-Encoding
      x-content-type-options:
      - nosniff
    status:
      code: 200
      message: OK
- request:
    body: null
    headers:
      Accept:
      - '*/*'
      Accept-Encoding:
      - gzip, deflate
      CommandName:
      - aks create
      Connection:
      - keep-alive
      ParameterSetName:
      - --resource-group --name --enable-private-cluster --disable-public-fqdn --node-count
        --ssh-key-value
      User-Agent:
      - AZURECLI/2.27.2 azsdk-python-azure-mgmt-containerservice/16.1.0 Python/3.8.11
        (Linux-5.4.0-1056-azure-x86_64-with-glibc2.27)
    method: GET
    uri: https://management.azure.com/subscriptions/00000000-0000-0000-0000-000000000000/providers/Microsoft.ContainerService/locations/westus2/operations/982957e7-d4d6-465b-8e04-fde408ed66ba?api-version=2016-03-30
  response:
    body:
      string: "{\n  \"name\": \"e7572998-d6d4-5b46-8e04-fde408ed66ba\",\n  \"status\":
        \"InProgress\",\n  \"startTime\": \"2021-09-02T06:17:04.3Z\"\n }"
    headers:
      cache-control:
      - no-cache
      content-length:
      - '120'
      content-type:
      - application/json
      date:
      - Thu, 02 Sep 2021 06:22:36 GMT
      expires:
      - '-1'
      pragma:
      - no-cache
      server:
      - nginx
      strict-transport-security:
      - max-age=31536000; includeSubDomains
      transfer-encoding:
      - chunked
      vary:
      - Accept-Encoding
      x-content-type-options:
      - nosniff
    status:
      code: 200
      message: OK
- request:
    body: null
    headers:
      Accept:
      - '*/*'
      Accept-Encoding:
      - gzip, deflate
      CommandName:
      - aks create
      Connection:
      - keep-alive
      ParameterSetName:
      - --resource-group --name --enable-private-cluster --disable-public-fqdn --node-count
        --ssh-key-value
      User-Agent:
      - AZURECLI/2.27.2 azsdk-python-azure-mgmt-containerservice/16.1.0 Python/3.8.11
        (Linux-5.4.0-1056-azure-x86_64-with-glibc2.27)
    method: GET
    uri: https://management.azure.com/subscriptions/00000000-0000-0000-0000-000000000000/providers/Microsoft.ContainerService/locations/westus2/operations/982957e7-d4d6-465b-8e04-fde408ed66ba?api-version=2016-03-30
  response:
    body:
      string: "{\n  \"name\": \"e7572998-d6d4-5b46-8e04-fde408ed66ba\",\n  \"status\":
        \"InProgress\",\n  \"startTime\": \"2021-09-02T06:17:04.3Z\"\n }"
    headers:
      cache-control:
      - no-cache
      content-length:
      - '120'
      content-type:
      - application/json
      date:
      - Thu, 02 Sep 2021 06:23:05 GMT
      expires:
      - '-1'
      pragma:
      - no-cache
      server:
      - nginx
      strict-transport-security:
      - max-age=31536000; includeSubDomains
      transfer-encoding:
      - chunked
      vary:
      - Accept-Encoding
      x-content-type-options:
      - nosniff
    status:
      code: 200
      message: OK
- request:
    body: null
    headers:
      Accept:
      - '*/*'
      Accept-Encoding:
      - gzip, deflate
      CommandName:
      - aks create
      Connection:
      - keep-alive
      ParameterSetName:
      - --resource-group --name --enable-private-cluster --disable-public-fqdn --node-count
        --ssh-key-value
      User-Agent:
      - AZURECLI/2.27.2 azsdk-python-azure-mgmt-containerservice/16.1.0 Python/3.8.11
        (Linux-5.4.0-1056-azure-x86_64-with-glibc2.27)
    method: GET
    uri: https://management.azure.com/subscriptions/00000000-0000-0000-0000-000000000000/providers/Microsoft.ContainerService/locations/westus2/operations/982957e7-d4d6-465b-8e04-fde408ed66ba?api-version=2016-03-30
  response:
    body:
      string: "{\n  \"name\": \"e7572998-d6d4-5b46-8e04-fde408ed66ba\",\n  \"status\":
        \"Succeeded\",\n  \"startTime\": \"2021-09-02T06:17:04.3Z\",\n  \"endTime\":
        \"2021-09-02T06:23:23.8591442Z\"\n }"
    headers:
      cache-control:
      - no-cache
      content-length:
      - '164'
      content-type:
      - application/json
      date:
      - Thu, 02 Sep 2021 06:23:35 GMT
      expires:
      - '-1'
      pragma:
      - no-cache
      server:
      - nginx
      strict-transport-security:
      - max-age=31536000; includeSubDomains
      transfer-encoding:
      - chunked
      vary:
      - Accept-Encoding
      x-content-type-options:
      - nosniff
    status:
      code: 200
      message: OK
- request:
    body: null
    headers:
      Accept:
      - '*/*'
      Accept-Encoding:
      - gzip, deflate
      CommandName:
      - aks create
      Connection:
      - keep-alive
      ParameterSetName:
      - --resource-group --name --enable-private-cluster --disable-public-fqdn --node-count
        --ssh-key-value
      User-Agent:
      - AZURECLI/2.27.2 azsdk-python-azure-mgmt-containerservice/16.1.0 Python/3.8.11
        (Linux-5.4.0-1056-azure-x86_64-with-glibc2.27)
    method: GET
    uri: https://management.azure.com/subscriptions/00000000-0000-0000-0000-000000000000/resourceGroups/clitest000001/providers/Microsoft.ContainerService/managedClusters/cliakstest000001?api-version=2021-07-01
  response:
    body:
      string: "{\n  \"id\": \"/subscriptions/00000000-0000-0000-0000-000000000000/resourcegroups/clitest000001/providers/Microsoft.ContainerService/managedClusters/cliakstest000001\",\n
        \ \"location\": \"westus2\",\n  \"name\": \"cliakstest000001\",\n  \"type\":
        \"Microsoft.ContainerService/ManagedClusters\",\n  \"properties\": {\n   \"provisioningState\":
        \"Succeeded\",\n   \"powerState\": {\n    \"code\": \"Running\"\n   },\n   \"kubernetesVersion\":
        \"1.20.9\",\n   \"dnsPrefix\": \"cliakstest-clitestcbif57bwc-79a739\",\n   \"azurePortalFQDN\":
        \"89d51a0b0302efb8a21044b7ac04df03-priv.portal.hcp.westus2.azmk8s.io\",\n
        \  \"privateFQDN\": \"cliakstest-clitestcbif57bwc-79a739-0c7be15b.067d0e38-f024-4a50-8d41-ccc78b935cc4.privatelink.westus2.azmk8s.io\",\n
        \  \"agentPoolProfiles\": [\n    {\n     \"name\": \"nodepool1\",\n     \"count\":
        1,\n     \"vmSize\": \"Standard_DS2_v2\",\n     \"osDiskSizeGB\": 128,\n     \"osDiskType\":
        \"Managed\",\n     \"kubeletDiskType\": \"OS\",\n     \"maxPods\": 110,\n
        \    \"type\": \"VirtualMachineScaleSets\",\n     \"provisioningState\": \"Succeeded\",\n
        \    \"powerState\": {\n      \"code\": \"Running\"\n     },\n     \"orchestratorVersion\":
        \"1.20.9\",\n     \"enableNodePublicIP\": false,\n     \"mode\": \"System\",\n
        \    \"enableEncryptionAtHost\": false,\n     \"enableUltraSSD\": false,\n
        \    \"osType\": \"Linux\",\n     \"osSKU\": \"Ubuntu\",\n     \"nodeImageVersion\":
        \"AKSUbuntu-1804gen2containerd-2021.08.14\",\n     \"enableFIPS\": false\n
        \   }\n   ],\n   \"linuxProfile\": {\n    \"adminUsername\": \"azureuser\",\n
        \   \"ssh\": {\n     \"publicKeys\": [\n      {\n       \"keyData\": \"ssh-rsa
        AAAAB3NzaC1yc2EAAAADAQABAAABAQCqSzSzHlYbuG5grPq+7lwzksPep6S0NUi1IokwlJbuY/+ttVpzczimQy2OQms/T6vB60hS8O+SFGE7o4NflkLuu/NcHiwVNKBBMZfzPozk11bipCgqJ5g63Gc99uenMbl/CQAmWNTf4oYTUtBnNVZdNo40s+mWabONyLbdZ3kXPX2ElQhJhjwsu30+uFXoXOqsl+iij3Vc3Ok9u8xUYV6lgOAHoU+90hKcm58IeWL6FxfFl3mV3Y8e1EHZk4YokJbXwHVYRUgDPyGSu+1nQtVtoNjT6VViCUjxBi7jldcaIRRw2AxbijcHoZ/IOJ8u5cexMbBPiDJtA1EA9ykY3uAr
        azcli_aks_live_test@example.com\\n\"\n      }\n     ]\n    }\n   },\n   \"servicePrincipalProfile\":
        {\n    \"clientId\":\"00000000-0000-0000-0000-000000000001\"\n   },\n   \"nodeResourceGroup\":
        \"MC_clitest000001_cliakstest000001_westus2\",\n   \"enableRBAC\": true,\n
        \  \"networkProfile\": {\n    \"networkPlugin\": \"kubenet\",\n    \"loadBalancerSku\":
        \"Standard\",\n    \"loadBalancerProfile\": {\n     \"managedOutboundIPs\":
        {\n      \"count\": 1\n     },\n     \"effectiveOutboundIPs\": [\n      {\n
        \      \"id\": \"/subscriptions/00000000-0000-0000-0000-000000000000/resourceGroups/MC_clitest000001_cliakstest000001_westus2/providers/Microsoft.Network/publicIPAddresses/62038a88-6959-4418-a6e8-1b22c4b7576e\"\n
        \     }\n     ]\n    },\n    \"podCidr\": \"10.244.0.0/16\",\n    \"serviceCidr\":
        \"10.0.0.0/16\",\n    \"dnsServiceIP\": \"10.0.0.10\",\n    \"dockerBridgeCidr\":
        \"172.17.0.1/16\",\n    \"outboundType\": \"loadBalancer\"\n   },\n   \"maxAgentPools\":
        100,\n   \"privateLinkResources\": [\n    {\n     \"id\": \"/subscriptions/00000000-0000-0000-0000-000000000000/resourcegroups/clitest000001/providers/Microsoft.ContainerService/managedClusters/cliakstest000001/privateLinkResources/management\",\n
        \    \"name\": \"management\",\n     \"type\": \"Microsoft.ContainerService/managedClusters/privateLinkResources\",\n
        \    \"groupId\": \"management\",\n     \"requiredMembers\": [\n      \"management\"\n
        \    ]\n    }\n   ],\n   \"apiServerAccessProfile\": {\n    \"enablePrivateCluster\":
        true,\n    \"privateDNSZone\": \"system\",\n    \"enablePrivateClusterPublicFQDN\":
        false,\n    \"privateClusterVersion\": \"v1\"\n   },\n   \"identityProfile\":
        {\n    \"kubeletidentity\": {\n     \"resourceId\": \"/subscriptions/00000000-0000-0000-0000-000000000000/resourcegroups/MC_clitest000001_cliakstest000001_westus2/providers/Microsoft.ManagedIdentity/userAssignedIdentities/cliakstest000001-agentpool\",\n
        \    \"clientId\":\"00000000-0000-0000-0000-000000000001\",\n     \"objectId\":\"00000000-0000-0000-0000-000000000001\"\n
        \   }\n   }\n  },\n  \"identity\": {\n   \"type\": \"SystemAssigned\",\n   \"principalId\":\"00000000-0000-0000-0000-000000000001\",\n
        \  \"tenantId\": \"72f988bf-86f1-41af-91ab-2d7cd011db47\"\n  },\n  \"sku\":
        {\n   \"name\": \"Basic\",\n   \"tier\": \"Free\"\n  }\n }"
    headers:
      cache-control:
      - no-cache
      content-length:
      - '3958'
      content-type:
      - application/json
      date:
      - Thu, 02 Sep 2021 06:23:36 GMT
      expires:
      - '-1'
      pragma:
      - no-cache
      server:
      - nginx
      strict-transport-security:
      - max-age=31536000; includeSubDomains
      transfer-encoding:
      - chunked
      vary:
      - Accept-Encoding
      x-content-type-options:
      - nosniff
    status:
      code: 200
      message: OK
- request:
    body: null
    headers:
      Accept:
      - application/json
      Accept-Encoding:
      - gzip, deflate
      CommandName:
      - aks update
      Connection:
      - keep-alive
      ParameterSetName:
      - --resource-group --name --enable-public-fqdn
      User-Agent:
      - AZURECLI/2.27.2 azsdk-python-azure-mgmt-containerservice/16.1.0 Python/3.8.11
        (Linux-5.4.0-1056-azure-x86_64-with-glibc2.27)
    method: GET
    uri: https://management.azure.com/subscriptions/00000000-0000-0000-0000-000000000000/resourceGroups/clitest000001/providers/Microsoft.ContainerService/managedClusters/cliakstest000001?api-version=2021-07-01
  response:
    body:
      string: "{\n  \"id\": \"/subscriptions/00000000-0000-0000-0000-000000000000/resourcegroups/clitest000001/providers/Microsoft.ContainerService/managedClusters/cliakstest000001\",\n
        \ \"location\": \"westus2\",\n  \"name\": \"cliakstest000001\",\n  \"type\":
        \"Microsoft.ContainerService/ManagedClusters\",\n  \"properties\": {\n   \"provisioningState\":
        \"Succeeded\",\n   \"powerState\": {\n    \"code\": \"Running\"\n   },\n   \"kubernetesVersion\":
        \"1.20.9\",\n   \"dnsPrefix\": \"cliakstest-clitestcbif57bwc-79a739\",\n   \"azurePortalFQDN\":
        \"89d51a0b0302efb8a21044b7ac04df03-priv.portal.hcp.westus2.azmk8s.io\",\n
        \  \"privateFQDN\": \"cliakstest-clitestcbif57bwc-79a739-0c7be15b.067d0e38-f024-4a50-8d41-ccc78b935cc4.privatelink.westus2.azmk8s.io\",\n
        \  \"agentPoolProfiles\": [\n    {\n     \"name\": \"nodepool1\",\n     \"count\":
        1,\n     \"vmSize\": \"Standard_DS2_v2\",\n     \"osDiskSizeGB\": 128,\n     \"osDiskType\":
        \"Managed\",\n     \"kubeletDiskType\": \"OS\",\n     \"maxPods\": 110,\n
        \    \"type\": \"VirtualMachineScaleSets\",\n     \"provisioningState\": \"Succeeded\",\n
        \    \"powerState\": {\n      \"code\": \"Running\"\n     },\n     \"orchestratorVersion\":
        \"1.20.9\",\n     \"enableNodePublicIP\": false,\n     \"mode\": \"System\",\n
        \    \"enableEncryptionAtHost\": false,\n     \"enableUltraSSD\": false,\n
        \    \"osType\": \"Linux\",\n     \"osSKU\": \"Ubuntu\",\n     \"nodeImageVersion\":
        \"AKSUbuntu-1804gen2containerd-2021.08.14\",\n     \"enableFIPS\": false\n
        \   }\n   ],\n   \"linuxProfile\": {\n    \"adminUsername\": \"azureuser\",\n
        \   \"ssh\": {\n     \"publicKeys\": [\n      {\n       \"keyData\": \"ssh-rsa
        AAAAB3NzaC1yc2EAAAADAQABAAABAQCqSzSzHlYbuG5grPq+7lwzksPep6S0NUi1IokwlJbuY/+ttVpzczimQy2OQms/T6vB60hS8O+SFGE7o4NflkLuu/NcHiwVNKBBMZfzPozk11bipCgqJ5g63Gc99uenMbl/CQAmWNTf4oYTUtBnNVZdNo40s+mWabONyLbdZ3kXPX2ElQhJhjwsu30+uFXoXOqsl+iij3Vc3Ok9u8xUYV6lgOAHoU+90hKcm58IeWL6FxfFl3mV3Y8e1EHZk4YokJbXwHVYRUgDPyGSu+1nQtVtoNjT6VViCUjxBi7jldcaIRRw2AxbijcHoZ/IOJ8u5cexMbBPiDJtA1EA9ykY3uAr
        azcli_aks_live_test@example.com\\n\"\n      }\n     ]\n    }\n   },\n   \"servicePrincipalProfile\":
        {\n    \"clientId\":\"00000000-0000-0000-0000-000000000001\"\n   },\n   \"nodeResourceGroup\":
        \"MC_clitest000001_cliakstest000001_westus2\",\n   \"enableRBAC\": true,\n
        \  \"networkProfile\": {\n    \"networkPlugin\": \"kubenet\",\n    \"loadBalancerSku\":
        \"Standard\",\n    \"loadBalancerProfile\": {\n     \"managedOutboundIPs\":
        {\n      \"count\": 1\n     },\n     \"effectiveOutboundIPs\": [\n      {\n
        \      \"id\": \"/subscriptions/00000000-0000-0000-0000-000000000000/resourceGroups/MC_clitest000001_cliakstest000001_westus2/providers/Microsoft.Network/publicIPAddresses/62038a88-6959-4418-a6e8-1b22c4b7576e\"\n
        \     }\n     ]\n    },\n    \"podCidr\": \"10.244.0.0/16\",\n    \"serviceCidr\":
        \"10.0.0.0/16\",\n    \"dnsServiceIP\": \"10.0.0.10\",\n    \"dockerBridgeCidr\":
        \"172.17.0.1/16\",\n    \"outboundType\": \"loadBalancer\"\n   },\n   \"maxAgentPools\":
        100,\n   \"privateLinkResources\": [\n    {\n     \"id\": \"/subscriptions/00000000-0000-0000-0000-000000000000/resourcegroups/clitest000001/providers/Microsoft.ContainerService/managedClusters/cliakstest000001/privateLinkResources/management\",\n
        \    \"name\": \"management\",\n     \"type\": \"Microsoft.ContainerService/managedClusters/privateLinkResources\",\n
        \    \"groupId\": \"management\",\n     \"requiredMembers\": [\n      \"management\"\n
        \    ]\n    }\n   ],\n   \"apiServerAccessProfile\": {\n    \"enablePrivateCluster\":
        true,\n    \"privateDNSZone\": \"system\",\n    \"enablePrivateClusterPublicFQDN\":
        false,\n    \"privateClusterVersion\": \"v1\"\n   },\n   \"identityProfile\":
        {\n    \"kubeletidentity\": {\n     \"resourceId\": \"/subscriptions/00000000-0000-0000-0000-000000000000/resourcegroups/MC_clitest000001_cliakstest000001_westus2/providers/Microsoft.ManagedIdentity/userAssignedIdentities/cliakstest000001-agentpool\",\n
        \    \"clientId\":\"00000000-0000-0000-0000-000000000001\",\n     \"objectId\":\"00000000-0000-0000-0000-000000000001\"\n
        \   }\n   }\n  },\n  \"identity\": {\n   \"type\": \"SystemAssigned\",\n   \"principalId\":\"00000000-0000-0000-0000-000000000001\",\n
        \  \"tenantId\": \"72f988bf-86f1-41af-91ab-2d7cd011db47\"\n  },\n  \"sku\":
        {\n   \"name\": \"Basic\",\n   \"tier\": \"Free\"\n  }\n }"
    headers:
      cache-control:
      - no-cache
      content-length:
      - '3958'
      content-type:
      - application/json
      date:
      - Thu, 02 Sep 2021 06:23:37 GMT
      expires:
      - '-1'
      pragma:
      - no-cache
      server:
      - nginx
      strict-transport-security:
      - max-age=31536000; includeSubDomains
      transfer-encoding:
      - chunked
      vary:
      - Accept-Encoding
      x-content-type-options:
      - nosniff
    status:
      code: 200
      message: OK
- request:
    body: '{"location": "westus2", "sku": {"name": "Basic", "tier": "Free"}, "identity":
      {"type": "SystemAssigned"}, "properties": {"kubernetesVersion": "1.20.9", "dnsPrefix":
      "cliakstest-clitestcbif57bwc-79a739", "agentPoolProfiles": [{"count": 1, "vmSize":
      "Standard_DS2_v2", "osDiskSizeGB": 128, "osDiskType": "Managed", "kubeletDiskType":
      "OS", "maxPods": 110, "osType": "Linux", "osSKU": "Ubuntu", "type": "VirtualMachineScaleSets",
      "mode": "System", "orchestratorVersion": "1.20.9", "enableNodePublicIP": false,
      "enableEncryptionAtHost": false, "enableUltraSSD": false, "enableFIPS": false,
      "name": "nodepool1"}], "linuxProfile": {"adminUsername": "azureuser", "ssh":
      {"publicKeys": [{"keyData": "ssh-rsa AAAAB3NzaC1yc2EAAAADAQABAAABAQCqSzSzHlYbuG5grPq+7lwzksPep6S0NUi1IokwlJbuY/+ttVpzczimQy2OQms/T6vB60hS8O+SFGE7o4NflkLuu/NcHiwVNKBBMZfzPozk11bipCgqJ5g63Gc99uenMbl/CQAmWNTf4oYTUtBnNVZdNo40s+mWabONyLbdZ3kXPX2ElQhJhjwsu30+uFXoXOqsl+iij3Vc3Ok9u8xUYV6lgOAHoU+90hKcm58IeWL6FxfFl3mV3Y8e1EHZk4YokJbXwHVYRUgDPyGSu+1nQtVtoNjT6VViCUjxBi7jldcaIRRw2AxbijcHoZ/IOJ8u5cexMbBPiDJtA1EA9ykY3uAr
      azcli_aks_live_test@example.com\n"}]}}, "servicePrincipalProfile": {"clientId":"00000000-0000-0000-0000-000000000001"},
      "nodeResourceGroup": "MC_clitest000001_cliakstest000001_westus2", "enableRBAC":
      true, "networkProfile": {"networkPlugin": "kubenet", "podCidr": "10.244.0.0/16",
      "serviceCidr": "10.0.0.0/16", "dnsServiceIP": "10.0.0.10", "dockerBridgeCidr":
      "172.17.0.1/16", "outboundType": "loadBalancer", "loadBalancerSku": "Standard",
      "loadBalancerProfile": {"managedOutboundIPs": {"count": 1}, "effectiveOutboundIPs":
      [{"id": "/subscriptions/00000000-0000-0000-0000-000000000000/resourceGroups/MC_clitest000001_cliakstest000001_westus2/providers/Microsoft.Network/publicIPAddresses/62038a88-6959-4418-a6e8-1b22c4b7576e"}]}},
      "apiServerAccessProfile": {"enablePrivateCluster": true, "privateDNSZone": "system",
      "enablePrivateClusterPublicFQDN": true}, "identityProfile": {"kubeletidentity":
      {"resourceId": "/subscriptions/00000000-0000-0000-0000-000000000000/resourcegroups/MC_clitest000001_cliakstest000001_westus2/providers/Microsoft.ManagedIdentity/userAssignedIdentities/cliakstest000001-agentpool",
      "clientId":"00000000-0000-0000-0000-000000000001", "objectId":"00000000-0000-0000-0000-000000000001"}},
      "privateLinkResources": [{"id": "/subscriptions/00000000-0000-0000-0000-000000000000/resourcegroups/clitest000001/providers/Microsoft.ContainerService/managedClusters/cliakstest000001/privateLinkResources/management",
      "name": "management", "type": "Microsoft.ContainerService/managedClusters/privateLinkResources",
      "groupId": "management", "requiredMembers": ["management"]}]}}'
    headers:
      Accept:
      - application/json
      Accept-Encoding:
      - gzip, deflate
      CommandName:
      - aks update
      Connection:
      - keep-alive
      Content-Length:
      - '2649'
      Content-Type:
      - application/json
      ParameterSetName:
      - --resource-group --name --enable-public-fqdn
      User-Agent:
      - AZURECLI/2.27.2 azsdk-python-azure-mgmt-containerservice/16.1.0 Python/3.8.11
        (Linux-5.4.0-1056-azure-x86_64-with-glibc2.27)
    method: PUT
    uri: https://management.azure.com/subscriptions/00000000-0000-0000-0000-000000000000/resourceGroups/clitest000001/providers/Microsoft.ContainerService/managedClusters/cliakstest000001?api-version=2021-07-01
  response:
    body:
      string: "{\n  \"id\": \"/subscriptions/00000000-0000-0000-0000-000000000000/resourcegroups/clitest000001/providers/Microsoft.ContainerService/managedClusters/cliakstest000001\",\n
        \ \"location\": \"westus2\",\n  \"name\": \"cliakstest000001\",\n  \"type\":
        \"Microsoft.ContainerService/ManagedClusters\",\n  \"properties\": {\n   \"provisioningState\":
        \"Updating\",\n   \"powerState\": {\n    \"code\": \"Running\"\n   },\n   \"kubernetesVersion\":
        \"1.20.9\",\n   \"dnsPrefix\": \"cliakstest-clitestcbif57bwc-79a739\",\n   \"fqdn\":
        \"cliakstest-clitestcbif57bwc-79a739-69798c8b.hcp.westus2.azmk8s.io\",\n   \"azurePortalFQDN\":
        \"89d51a0b0302efb8a21044b7ac04df03-priv.portal.hcp.westus2.azmk8s.io\",\n
        \  \"privateFQDN\": \"cliakstest-clitestcbif57bwc-79a739-0c7be15b.067d0e38-f024-4a50-8d41-ccc78b935cc4.privatelink.westus2.azmk8s.io\",\n
        \  \"agentPoolProfiles\": [\n    {\n     \"name\": \"nodepool1\",\n     \"count\":
        1,\n     \"vmSize\": \"Standard_DS2_v2\",\n     \"osDiskSizeGB\": 128,\n     \"osDiskType\":
        \"Managed\",\n     \"kubeletDiskType\": \"OS\",\n     \"maxPods\": 110,\n
        \    \"type\": \"VirtualMachineScaleSets\",\n     \"provisioningState\": \"Updating\",\n
        \    \"powerState\": {\n      \"code\": \"Running\"\n     },\n     \"orchestratorVersion\":
        \"1.20.9\",\n     \"enableNodePublicIP\": false,\n     \"mode\": \"System\",\n
        \    \"enableEncryptionAtHost\": false,\n     \"enableUltraSSD\": false,\n
        \    \"osType\": \"Linux\",\n     \"osSKU\": \"Ubuntu\",\n     \"nodeImageVersion\":
        \"AKSUbuntu-1804gen2containerd-2021.08.14\",\n     \"enableFIPS\": false\n
        \   }\n   ],\n   \"linuxProfile\": {\n    \"adminUsername\": \"azureuser\",\n
        \   \"ssh\": {\n     \"publicKeys\": [\n      {\n       \"keyData\": \"ssh-rsa
        AAAAB3NzaC1yc2EAAAADAQABAAABAQCqSzSzHlYbuG5grPq+7lwzksPep6S0NUi1IokwlJbuY/+ttVpzczimQy2OQms/T6vB60hS8O+SFGE7o4NflkLuu/NcHiwVNKBBMZfzPozk11bipCgqJ5g63Gc99uenMbl/CQAmWNTf4oYTUtBnNVZdNo40s+mWabONyLbdZ3kXPX2ElQhJhjwsu30+uFXoXOqsl+iij3Vc3Ok9u8xUYV6lgOAHoU+90hKcm58IeWL6FxfFl3mV3Y8e1EHZk4YokJbXwHVYRUgDPyGSu+1nQtVtoNjT6VViCUjxBi7jldcaIRRw2AxbijcHoZ/IOJ8u5cexMbBPiDJtA1EA9ykY3uAr
        azcli_aks_live_test@example.com\\n\"\n      }\n     ]\n    }\n   },\n   \"servicePrincipalProfile\":
        {\n    \"clientId\":\"00000000-0000-0000-0000-000000000001\"\n   },\n   \"nodeResourceGroup\":
        \"MC_clitest000001_cliakstest000001_westus2\",\n   \"enableRBAC\": true,\n
        \  \"networkProfile\": {\n    \"networkPlugin\": \"kubenet\",\n    \"loadBalancerSku\":
        \"Standard\",\n    \"loadBalancerProfile\": {\n     \"managedOutboundIPs\":
        {\n      \"count\": 1\n     },\n     \"effectiveOutboundIPs\": [\n      {\n
        \      \"id\": \"/subscriptions/00000000-0000-0000-0000-000000000000/resourceGroups/MC_clitest000001_cliakstest000001_westus2/providers/Microsoft.Network/publicIPAddresses/62038a88-6959-4418-a6e8-1b22c4b7576e\"\n
        \     }\n     ]\n    },\n    \"podCidr\": \"10.244.0.0/16\",\n    \"serviceCidr\":
        \"10.0.0.0/16\",\n    \"dnsServiceIP\": \"10.0.0.10\",\n    \"dockerBridgeCidr\":
        \"172.17.0.1/16\",\n    \"outboundType\": \"loadBalancer\"\n   },\n   \"maxAgentPools\":
        100,\n   \"privateLinkResources\": [\n    {\n     \"name\": \"management\",\n
        \    \"type\": \"Microsoft.ContainerService/managedClusters/privateLinkResources\",\n
        \    \"groupId\": \"management\",\n     \"requiredMembers\": [\n      \"management\"\n
        \    ],\n     \"privateLinkServiceID\": \"/subscriptions/00000000-0000-0000-0000-000000000000/resourceGroups/hcp-underlay-westus2-cx-179/providers/Microsoft.Network/privateLinkServices/a01cacbf0fad445fa8cd4619b4237b59\"\n
        \   }\n   ],\n   \"apiServerAccessProfile\": {\n    \"enablePrivateCluster\":
        true,\n    \"privateDNSZone\": \"system\",\n    \"enablePrivateClusterPublicFQDN\":
        true,\n    \"privateClusterVersion\": \"v1\"\n   },\n   \"identityProfile\":
        {\n    \"kubeletidentity\": {\n     \"resourceId\": \"/subscriptions/00000000-0000-0000-0000-000000000000/resourcegroups/MC_clitest000001_cliakstest000001_westus2/providers/Microsoft.ManagedIdentity/userAssignedIdentities/cliakstest000001-agentpool\",\n
        \    \"clientId\":\"00000000-0000-0000-0000-000000000001\",\n     \"objectId\":\"00000000-0000-0000-0000-000000000001\"\n
        \   }\n   }\n  },\n  \"identity\": {\n   \"type\": \"SystemAssigned\",\n   \"principalId\":\"00000000-0000-0000-0000-000000000001\",\n
        \  \"tenantId\": \"72f988bf-86f1-41af-91ab-2d7cd011db47\"\n  },\n  \"sku\":
        {\n   \"name\": \"Basic\",\n   \"tier\": \"Free\"\n  }\n }"
    headers:
      azure-asyncoperation:
      - https://management.azure.com/subscriptions/00000000-0000-0000-0000-000000000000/providers/Microsoft.ContainerService/locations/westus2/operations/28b7eb1e-8057-4f9a-8316-05a2601bafb7?api-version=2016-03-30
      cache-control:
      - no-cache
      content-length:
      - '4042'
      content-type:
      - application/json
      date:
      - Thu, 02 Sep 2021 06:23:41 GMT
      expires:
      - '-1'
      pragma:
      - no-cache
      server:
      - nginx
      strict-transport-security:
      - max-age=31536000; includeSubDomains
      transfer-encoding:
      - chunked
      vary:
      - Accept-Encoding
      x-content-type-options:
      - nosniff
      x-ms-ratelimit-remaining-subscription-writes:
      - '1198'
    status:
      code: 200
      message: OK
- request:
    body: null
    headers:
      Accept:
      - '*/*'
      Accept-Encoding:
      - gzip, deflate
      CommandName:
      - aks update
      Connection:
      - keep-alive
      ParameterSetName:
      - --resource-group --name --enable-public-fqdn
      User-Agent:
      - AZURECLI/2.27.2 azsdk-python-azure-mgmt-containerservice/16.1.0 Python/3.8.11
        (Linux-5.4.0-1056-azure-x86_64-with-glibc2.27)
    method: GET
    uri: https://management.azure.com/subscriptions/00000000-0000-0000-0000-000000000000/providers/Microsoft.ContainerService/locations/westus2/operations/28b7eb1e-8057-4f9a-8316-05a2601bafb7?api-version=2016-03-30
  response:
    body:
      string: "{\n  \"name\": \"1eebb728-5780-9a4f-8316-05a2601bafb7\",\n  \"status\":
        \"InProgress\",\n  \"startTime\": \"2021-09-02T06:23:40.6633333Z\"\n }"
    headers:
      cache-control:
      - no-cache
      content-length:
      - '126'
      content-type:
      - application/json
      date:
      - Thu, 02 Sep 2021 06:24:11 GMT
      expires:
      - '-1'
      pragma:
      - no-cache
      server:
      - nginx
      strict-transport-security:
      - max-age=31536000; includeSubDomains
      transfer-encoding:
      - chunked
      vary:
      - Accept-Encoding
      x-content-type-options:
      - nosniff
    status:
      code: 200
      message: OK
- request:
    body: null
    headers:
      Accept:
      - '*/*'
      Accept-Encoding:
      - gzip, deflate
      CommandName:
      - aks update
      Connection:
      - keep-alive
      ParameterSetName:
      - --resource-group --name --enable-public-fqdn
      User-Agent:
      - AZURECLI/2.27.2 azsdk-python-azure-mgmt-containerservice/16.1.0 Python/3.8.11
        (Linux-5.4.0-1056-azure-x86_64-with-glibc2.27)
    method: GET
    uri: https://management.azure.com/subscriptions/00000000-0000-0000-0000-000000000000/providers/Microsoft.ContainerService/locations/westus2/operations/28b7eb1e-8057-4f9a-8316-05a2601bafb7?api-version=2016-03-30
  response:
    body:
      string: "{\n  \"name\": \"1eebb728-5780-9a4f-8316-05a2601bafb7\",\n  \"status\":
        \"InProgress\",\n  \"startTime\": \"2021-09-02T06:23:40.6633333Z\"\n }"
    headers:
      cache-control:
      - no-cache
      content-length:
      - '126'
      content-type:
      - application/json
      date:
      - Thu, 02 Sep 2021 06:24:41 GMT
      expires:
      - '-1'
      pragma:
      - no-cache
      server:
      - nginx
      strict-transport-security:
      - max-age=31536000; includeSubDomains
      transfer-encoding:
      - chunked
      vary:
      - Accept-Encoding
      x-content-type-options:
      - nosniff
    status:
      code: 200
      message: OK
- request:
    body: null
    headers:
      Accept:
      - '*/*'
      Accept-Encoding:
      - gzip, deflate
      CommandName:
      - aks update
      Connection:
      - keep-alive
      ParameterSetName:
      - --resource-group --name --enable-public-fqdn
      User-Agent:
      - AZURECLI/2.27.2 azsdk-python-azure-mgmt-containerservice/16.1.0 Python/3.8.11
        (Linux-5.4.0-1056-azure-x86_64-with-glibc2.27)
    method: GET
    uri: https://management.azure.com/subscriptions/00000000-0000-0000-0000-000000000000/providers/Microsoft.ContainerService/locations/westus2/operations/28b7eb1e-8057-4f9a-8316-05a2601bafb7?api-version=2016-03-30
  response:
    body:
      string: "{\n  \"name\": \"1eebb728-5780-9a4f-8316-05a2601bafb7\",\n  \"status\":
        \"InProgress\",\n  \"startTime\": \"2021-09-02T06:23:40.6633333Z\"\n }"
    headers:
      cache-control:
      - no-cache
      content-length:
      - '126'
      content-type:
      - application/json
      date:
      - Thu, 02 Sep 2021 06:25:12 GMT
      expires:
      - '-1'
      pragma:
      - no-cache
      server:
      - nginx
      strict-transport-security:
      - max-age=31536000; includeSubDomains
      transfer-encoding:
      - chunked
      vary:
      - Accept-Encoding
      x-content-type-options:
      - nosniff
    status:
      code: 200
      message: OK
- request:
    body: null
    headers:
      Accept:
      - '*/*'
      Accept-Encoding:
      - gzip, deflate
      CommandName:
      - aks update
      Connection:
      - keep-alive
      ParameterSetName:
      - --resource-group --name --enable-public-fqdn
      User-Agent:
      - AZURECLI/2.27.2 azsdk-python-azure-mgmt-containerservice/16.1.0 Python/3.8.11
        (Linux-5.4.0-1056-azure-x86_64-with-glibc2.27)
    method: GET
    uri: https://management.azure.com/subscriptions/00000000-0000-0000-0000-000000000000/providers/Microsoft.ContainerService/locations/westus2/operations/28b7eb1e-8057-4f9a-8316-05a2601bafb7?api-version=2016-03-30
  response:
    body:
      string: "{\n  \"name\": \"1eebb728-5780-9a4f-8316-05a2601bafb7\",\n  \"status\":
        \"InProgress\",\n  \"startTime\": \"2021-09-02T06:23:40.6633333Z\"\n }"
    headers:
      cache-control:
      - no-cache
      content-length:
      - '126'
      content-type:
      - application/json
      date:
      - Thu, 02 Sep 2021 06:25:42 GMT
      expires:
      - '-1'
      pragma:
      - no-cache
      server:
      - nginx
      strict-transport-security:
      - max-age=31536000; includeSubDomains
      transfer-encoding:
      - chunked
      vary:
      - Accept-Encoding
      x-content-type-options:
      - nosniff
    status:
      code: 200
      message: OK
- request:
    body: null
    headers:
      Accept:
      - '*/*'
      Accept-Encoding:
      - gzip, deflate
      CommandName:
      - aks update
      Connection:
      - keep-alive
      ParameterSetName:
      - --resource-group --name --enable-public-fqdn
      User-Agent:
      - AZURECLI/2.27.2 azsdk-python-azure-mgmt-containerservice/16.1.0 Python/3.8.11
        (Linux-5.4.0-1056-azure-x86_64-with-glibc2.27)
    method: GET
    uri: https://management.azure.com/subscriptions/00000000-0000-0000-0000-000000000000/providers/Microsoft.ContainerService/locations/westus2/operations/28b7eb1e-8057-4f9a-8316-05a2601bafb7?api-version=2016-03-30
  response:
    body:
      string: "{\n  \"name\": \"1eebb728-5780-9a4f-8316-05a2601bafb7\",\n  \"status\":
        \"Succeeded\",\n  \"startTime\": \"2021-09-02T06:23:40.6633333Z\",\n  \"endTime\":
        \"2021-09-02T06:25:42.4827022Z\"\n }"
    headers:
      cache-control:
      - no-cache
      content-length:
      - '170'
      content-type:
      - application/json
      date:
      - Thu, 02 Sep 2021 06:26:12 GMT
      expires:
      - '-1'
      pragma:
      - no-cache
      server:
      - nginx
      strict-transport-security:
      - max-age=31536000; includeSubDomains
      transfer-encoding:
      - chunked
      vary:
      - Accept-Encoding
      x-content-type-options:
      - nosniff
    status:
      code: 200
      message: OK
- request:
    body: null
    headers:
      Accept:
      - '*/*'
      Accept-Encoding:
      - gzip, deflate
      CommandName:
      - aks update
      Connection:
      - keep-alive
      ParameterSetName:
      - --resource-group --name --enable-public-fqdn
      User-Agent:
      - AZURECLI/2.27.2 azsdk-python-azure-mgmt-containerservice/16.1.0 Python/3.8.11
        (Linux-5.4.0-1056-azure-x86_64-with-glibc2.27)
    method: GET
    uri: https://management.azure.com/subscriptions/00000000-0000-0000-0000-000000000000/resourceGroups/clitest000001/providers/Microsoft.ContainerService/managedClusters/cliakstest000001?api-version=2021-07-01
  response:
    body:
      string: "{\n  \"id\": \"/subscriptions/00000000-0000-0000-0000-000000000000/resourcegroups/clitest000001/providers/Microsoft.ContainerService/managedClusters/cliakstest000001\",\n
        \ \"location\": \"westus2\",\n  \"name\": \"cliakstest000001\",\n  \"type\":
        \"Microsoft.ContainerService/ManagedClusters\",\n  \"properties\": {\n   \"provisioningState\":
        \"Succeeded\",\n   \"powerState\": {\n    \"code\": \"Running\"\n   },\n   \"kubernetesVersion\":
        \"1.20.9\",\n   \"dnsPrefix\": \"cliakstest-clitestcbif57bwc-79a739\",\n   \"fqdn\":
        \"cliakstest-clitestcbif57bwc-79a739-69798c8b.hcp.westus2.azmk8s.io\",\n   \"azurePortalFQDN\":
        \"89d51a0b0302efb8a21044b7ac04df03-priv.portal.hcp.westus2.azmk8s.io\",\n
        \  \"privateFQDN\": \"cliakstest-clitestcbif57bwc-79a739-0c7be15b.067d0e38-f024-4a50-8d41-ccc78b935cc4.privatelink.westus2.azmk8s.io\",\n
        \  \"agentPoolProfiles\": [\n    {\n     \"name\": \"nodepool1\",\n     \"count\":
        1,\n     \"vmSize\": \"Standard_DS2_v2\",\n     \"osDiskSizeGB\": 128,\n     \"osDiskType\":
        \"Managed\",\n     \"kubeletDiskType\": \"OS\",\n     \"maxPods\": 110,\n
        \    \"type\": \"VirtualMachineScaleSets\",\n     \"provisioningState\": \"Succeeded\",\n
        \    \"powerState\": {\n      \"code\": \"Running\"\n     },\n     \"orchestratorVersion\":
        \"1.20.9\",\n     \"enableNodePublicIP\": false,\n     \"mode\": \"System\",\n
        \    \"enableEncryptionAtHost\": false,\n     \"enableUltraSSD\": false,\n
        \    \"osType\": \"Linux\",\n     \"osSKU\": \"Ubuntu\",\n     \"nodeImageVersion\":
        \"AKSUbuntu-1804gen2containerd-2021.08.14\",\n     \"enableFIPS\": false\n
        \   }\n   ],\n   \"linuxProfile\": {\n    \"adminUsername\": \"azureuser\",\n
        \   \"ssh\": {\n     \"publicKeys\": [\n      {\n       \"keyData\": \"ssh-rsa
        AAAAB3NzaC1yc2EAAAADAQABAAABAQCqSzSzHlYbuG5grPq+7lwzksPep6S0NUi1IokwlJbuY/+ttVpzczimQy2OQms/T6vB60hS8O+SFGE7o4NflkLuu/NcHiwVNKBBMZfzPozk11bipCgqJ5g63Gc99uenMbl/CQAmWNTf4oYTUtBnNVZdNo40s+mWabONyLbdZ3kXPX2ElQhJhjwsu30+uFXoXOqsl+iij3Vc3Ok9u8xUYV6lgOAHoU+90hKcm58IeWL6FxfFl3mV3Y8e1EHZk4YokJbXwHVYRUgDPyGSu+1nQtVtoNjT6VViCUjxBi7jldcaIRRw2AxbijcHoZ/IOJ8u5cexMbBPiDJtA1EA9ykY3uAr
        azcli_aks_live_test@example.com\\n\"\n      }\n     ]\n    }\n   },\n   \"servicePrincipalProfile\":
        {\n    \"clientId\":\"00000000-0000-0000-0000-000000000001\"\n   },\n   \"nodeResourceGroup\":
        \"MC_clitest000001_cliakstest000001_westus2\",\n   \"enableRBAC\": true,\n
        \  \"networkProfile\": {\n    \"networkPlugin\": \"kubenet\",\n    \"loadBalancerSku\":
        \"Standard\",\n    \"loadBalancerProfile\": {\n     \"managedOutboundIPs\":
        {\n      \"count\": 1\n     },\n     \"effectiveOutboundIPs\": [\n      {\n
        \      \"id\": \"/subscriptions/00000000-0000-0000-0000-000000000000/resourceGroups/MC_clitest000001_cliakstest000001_westus2/providers/Microsoft.Network/publicIPAddresses/62038a88-6959-4418-a6e8-1b22c4b7576e\"\n
        \     }\n     ]\n    },\n    \"podCidr\": \"10.244.0.0/16\",\n    \"serviceCidr\":
        \"10.0.0.0/16\",\n    \"dnsServiceIP\": \"10.0.0.10\",\n    \"dockerBridgeCidr\":
        \"172.17.0.1/16\",\n    \"outboundType\": \"loadBalancer\"\n   },\n   \"maxAgentPools\":
        100,\n   \"privateLinkResources\": [\n    {\n     \"id\": \"/subscriptions/00000000-0000-0000-0000-000000000000/resourcegroups/clitest000001/providers/Microsoft.ContainerService/managedClusters/cliakstest000001/privateLinkResources/management\",\n
        \    \"name\": \"management\",\n     \"type\": \"Microsoft.ContainerService/managedClusters/privateLinkResources\",\n
        \    \"groupId\": \"management\",\n     \"requiredMembers\": [\n      \"management\"\n
        \    ]\n    }\n   ],\n   \"apiServerAccessProfile\": {\n    \"enablePrivateCluster\":
        true,\n    \"privateDNSZone\": \"system\",\n    \"enablePrivateClusterPublicFQDN\":
        true,\n    \"privateClusterVersion\": \"v1\"\n   },\n   \"identityProfile\":
        {\n    \"kubeletidentity\": {\n     \"resourceId\": \"/subscriptions/00000000-0000-0000-0000-000000000000/resourcegroups/MC_clitest000001_cliakstest000001_westus2/providers/Microsoft.ManagedIdentity/userAssignedIdentities/cliakstest000001-agentpool\",\n
        \    \"clientId\":\"00000000-0000-0000-0000-000000000001\",\n     \"objectId\":\"00000000-0000-0000-0000-000000000001\"\n
        \   }\n   }\n  },\n  \"identity\": {\n   \"type\": \"SystemAssigned\",\n   \"principalId\":\"00000000-0000-0000-0000-000000000001\",\n
        \  \"tenantId\": \"72f988bf-86f1-41af-91ab-2d7cd011db47\"\n  },\n  \"sku\":
        {\n   \"name\": \"Basic\",\n   \"tier\": \"Free\"\n  }\n }"
    headers:
      cache-control:
      - no-cache
      content-length:
      - '4037'
      content-type:
      - application/json
      date:
      - Thu, 02 Sep 2021 06:26:12 GMT
      expires:
      - '-1'
      pragma:
      - no-cache
      server:
      - nginx
      strict-transport-security:
      - max-age=31536000; includeSubDomains
      transfer-encoding:
      - chunked
      vary:
      - Accept-Encoding
      x-content-type-options:
      - nosniff
    status:
      code: 200
      message: OK
- request:
    body: null
    headers:
      Accept:
      - application/json
      Accept-Encoding:
      - gzip, deflate
      CommandName:
      - aks delete
      Connection:
      - keep-alive
      Content-Length:
      - '0'
      ParameterSetName:
      - -g -n --yes --no-wait
      User-Agent:
      - AZURECLI/2.27.2 azsdk-python-azure-mgmt-containerservice/16.1.0 Python/3.8.11
        (Linux-5.4.0-1056-azure-x86_64-with-glibc2.27)
    method: DELETE
    uri: https://management.azure.com/subscriptions/00000000-0000-0000-0000-000000000000/resourceGroups/clitest000001/providers/Microsoft.ContainerService/managedClusters/cliakstest000001?api-version=2021-07-01
  response:
    body:
      string: ''
    headers:
      azure-asyncoperation:
      - https://management.azure.com/subscriptions/00000000-0000-0000-0000-000000000000/providers/Microsoft.ContainerService/locations/westus2/operations/d9cc22d2-d89f-47b5-9898-4b9561976a39?api-version=2016-03-30
      cache-control:
      - no-cache
      content-length:
      - '0'
      date:
      - Thu, 02 Sep 2021 06:26:14 GMT
      expires:
      - '-1'
      location:
      - https://management.azure.com/subscriptions/00000000-0000-0000-0000-000000000000/providers/Microsoft.ContainerService/locations/westus2/operationresults/d9cc22d2-d89f-47b5-9898-4b9561976a39?api-version=2016-03-30
      pragma:
      - no-cache
      server:
      - nginx
      strict-transport-security:
      - max-age=31536000; includeSubDomains
      x-content-type-options:
      - nosniff
      x-ms-ratelimit-remaining-subscription-deletes:
      - '14999'
    status:
      code: 202
      message: Accepted
version: 1
