interactions:
- request:
    body: '{"location": "westus2", "properties": {"kubernetesVersion": "", "dnsPrefix":
      "cliaksdns000002", "agentPoolProfiles": [{"count": 1, "vmSize": "Standard_DS2_v2",
      "osDiskSizeGB": 0, "osType": "Linux", "enableAutoScaling": false, "type": "VirtualMachineScaleSets",
      "mode": "System", "orchestratorVersion": "", "upgradeSettings": {}, "enableNodePublicIP":
      false, "scaleSetPriority": "Regular", "scaleSetEvictionPolicy": "Delete", "spotMaxPrice":
      -1.0, "nodeTaints": [], "enableEncryptionAtHost": false, "enableUltraSSD": false,
      "enableFIPS": false, "name": "nodepool1"}], "linuxProfile": {"adminUsername":
      "azureuser", "ssh": {"publicKeys": [{"keyData": "ssh-rsa AAAAB3NzaC1yc2EAAAADAQABAAABAQDERxHFMvtfO/J7fRynxkHbIk5BUCHLqksWicg3tdvkWeAjqbxEyZi1Xw9QEXgwmXuFaUEUuMIPjPIWQjuhAlxJfesHNWKfdbIXVgayGOaENXTSkbthN3cCBKDTlQ3DFmahsYooXWCiIYWTNs+Da9K6/e2xXkVmxaVgjPCdxkfnGL/TbD5weHQP78ae9EWIqbOcwSjptiLQ4vXIP51fieoLdj960jj2YelYLmyi69CqkGXDpSEZ/3dOzISdPEUkk2T5uoPxnaer/+1X0VYURhnB8AOKTZyGn2o9TvQk3UkW3zKMYDhh6OES5dzx7g0Rp0V2dFYlJyAORZ3aVNdEpGFd
      azcli_aks_live_test@example.com\n"}]}}, "servicePrincipalProfile": {"clientId":"00000000-0000-0000-0000-000000000001",
      "secret":"fake-secret"}, "addonProfiles": {}, "enableRBAC": true, "networkProfile":
      {"networkPlugin": "kubenet", "podCidr": "10.244.0.0/16", "serviceCidr": "10.0.0.0/16",
      "dnsServiceIP": "10.0.0.10", "dockerBridgeCidr": "172.17.0.1/16", "outboundType":
      "loadBalancer", "loadBalancerSku": "standard"}, "disableLocalAccounts": false}}'
    headers:
      Accept:
      - application/json
      Accept-Encoding:
      - gzip, deflate
      CommandName:
      - aks create
      Connection:
      - keep-alive
      Content-Length:
      - '1482'
      Content-Type:
      - application/json
      ParameterSetName:
      - --resource-group --name --location --dns-name-prefix --node-count --ssh-key-value
        --service-principal --client-secret --load-balancer-sku --vm-set-type --no-wait
      User-Agent:
      - AZURECLI/2.36.0 azsdk-python-azure-mgmt-containerservice/19.1.0 Python/3.8.10
        (Linux-5.13.0-1023-azure-x86_64-with-glibc2.29)
    method: PUT
    uri: https://management.azure.com/subscriptions/00000000-0000-0000-0000-000000000000/resourceGroups/clitest000001/providers/Microsoft.ContainerService/managedClusters/cliakstest000001?api-version=2022-04-01
  response:
    body:
      string: "{\n  \"id\": \"/subscriptions/00000000-0000-0000-0000-000000000000/resourcegroups/clitest000001/providers/Microsoft.ContainerService/managedClusters/cliakstest000001\",\n
        \ \"location\": \"westus2\",\n  \"name\": \"cliakstest000001\",\n  \"type\":
        \"Microsoft.ContainerService/ManagedClusters\",\n  \"properties\": {\n   \"provisioningState\":
        \"Creating\",\n   \"powerState\": {\n    \"code\": \"Running\"\n   },\n   \"kubernetesVersion\":
        \"1.22.6\",\n   \"currentKubernetesVersion\": \"1.22.6\",\n   \"dnsPrefix\":
        \"cliaksdns000002\",\n   \"fqdn\": \"cliaksdns000002-8476a451.hcp.westus2.azmk8s.io\",\n
        \  \"azurePortalFQDN\": \"cliaksdns000002-8476a451.portal.hcp.westus2.azmk8s.io\",\n
        \  \"agentPoolProfiles\": [\n    {\n     \"name\": \"nodepool1\",\n     \"count\":
        1,\n     \"vmSize\": \"Standard_DS2_v2\",\n     \"osDiskSizeGB\": 128,\n     \"osDiskType\":
        \"Managed\",\n     \"kubeletDiskType\": \"OS\",\n     \"maxPods\": 110,\n
        \    \"type\": \"VirtualMachineScaleSets\",\n     \"enableAutoScaling\": false,\n
        \    \"provisioningState\": \"Creating\",\n     \"powerState\": {\n      \"code\":
        \"Running\"\n     },\n     \"orchestratorVersion\": \"1.22.6\",\n     \"currentOrchestratorVersion\":
        \"1.22.6\",\n     \"enableNodePublicIP\": false,\n     \"mode\": \"System\",\n
        \    \"enableEncryptionAtHost\": false,\n     \"enableUltraSSD\": false,\n
        \    \"osType\": \"Linux\",\n     \"osSKU\": \"Ubuntu\",\n     \"nodeImageVersion\":
        \"AKSUbuntu-1804gen2containerd-2022.04.27\",\n     \"upgradeSettings\": {},\n
        \    \"enableFIPS\": false\n    }\n   ],\n   \"linuxProfile\": {\n    \"adminUsername\":
        \"azureuser\",\n    \"ssh\": {\n     \"publicKeys\": [\n      {\n       \"keyData\":
        \"ssh-rsa AAAAB3NzaC1yc2EAAAADAQABAAABAQDERxHFMvtfO/J7fRynxkHbIk5BUCHLqksWicg3tdvkWeAjqbxEyZi1Xw9QEXgwmXuFaUEUuMIPjPIWQjuhAlxJfesHNWKfdbIXVgayGOaENXTSkbthN3cCBKDTlQ3DFmahsYooXWCiIYWTNs+Da9K6/e2xXkVmxaVgjPCdxkfnGL/TbD5weHQP78ae9EWIqbOcwSjptiLQ4vXIP51fieoLdj960jj2YelYLmyi69CqkGXDpSEZ/3dOzISdPEUkk2T5uoPxnaer/+1X0VYURhnB8AOKTZyGn2o9TvQk3UkW3zKMYDhh6OES5dzx7g0Rp0V2dFYlJyAORZ3aVNdEpGFd
        azcli_aks_live_test@example.com\\n\"\n      }\n     ]\n    }\n   },\n   \"servicePrincipalProfile\":
        {\n    \"clientId\":\"00000000-0000-0000-0000-000000000001\"\n   },\n   \"nodeResourceGroup\":
        \"MC_clitest000001_cliakstest000001_westus2\",\n   \"enableRBAC\": true,\n
        \  \"networkProfile\": {\n    \"networkPlugin\": \"kubenet\",\n    \"loadBalancerSku\":
        \"standard\",\n    \"loadBalancerProfile\": {\n     \"managedOutboundIPs\":
        {\n      \"count\": 1\n     }\n    },\n    \"podCidr\": \"10.244.0.0/16\",\n
        \   \"serviceCidr\": \"10.0.0.0/16\",\n    \"dnsServiceIP\": \"10.0.0.10\",\n
        \   \"dockerBridgeCidr\": \"172.17.0.1/16\",\n    \"outboundType\": \"loadBalancer\",\n
        \   \"podCidrs\": [\n     \"10.244.0.0/16\"\n    ],\n    \"serviceCidrs\":
        [\n     \"10.0.0.0/16\"\n    ],\n    \"ipFamilies\": [\n     \"IPv4\"\n    ]\n
        \  },\n   \"maxAgentPools\": 100,\n   \"disableLocalAccounts\": false,\n   \"securityProfile\":
        {}\n  },\n  \"sku\": {\n   \"name\": \"Basic\",\n   \"tier\": \"Free\"\n  }\n
        }"
    headers:
      azure-asyncoperation:
      - https://management.azure.com/subscriptions/00000000-0000-0000-0000-000000000000/providers/Microsoft.ContainerService/locations/westus2/operations/67532b2c-9544-4e07-a903-5aa41dd0c2b1?api-version=2016-03-30
      cache-control:
      - no-cache
      content-length:
      - '2775'
      content-type:
      - application/json
      date:
      - Fri, 13 May 2022 07:05:49 GMT
      expires:
      - '-1'
      pragma:
      - no-cache
      server:
      - nginx
      strict-transport-security:
      - max-age=31536000; includeSubDomains
      x-content-type-options:
      - nosniff
      x-ms-ratelimit-remaining-subscription-writes:
      - '1196'
    status:
      code: 201
      message: Created
- request:
    body: null
    headers:
      Accept:
      - application/json
      Accept-Encoding:
      - gzip, deflate
      CommandName:
      - aks wait
      Connection:
      - keep-alive
      ParameterSetName:
      - -g -n --created
      User-Agent:
      - AZURECLI/2.36.0 azsdk-python-azure-mgmt-containerservice/19.1.0 Python/3.8.10
        (Linux-5.13.0-1023-azure-x86_64-with-glibc2.29)
    method: GET
    uri: https://management.azure.com/subscriptions/00000000-0000-0000-0000-000000000000/resourceGroups/clitest000001/providers/Microsoft.ContainerService/managedClusters/cliakstest000001?api-version=2022-04-01
  response:
    body:
      string: "{\n  \"id\": \"/subscriptions/00000000-0000-0000-0000-000000000000/resourcegroups/clitest000001/providers/Microsoft.ContainerService/managedClusters/cliakstest000001\",\n
        \ \"location\": \"westus2\",\n  \"name\": \"cliakstest000001\",\n  \"type\":
        \"Microsoft.ContainerService/ManagedClusters\",\n  \"properties\": {\n   \"provisioningState\":
        \"Creating\",\n   \"powerState\": {\n    \"code\": \"Running\"\n   },\n   \"kubernetesVersion\":
        \"1.22.6\",\n   \"currentKubernetesVersion\": \"1.22.6\",\n   \"dnsPrefix\":
        \"cliaksdns000002\",\n   \"fqdn\": \"cliaksdns000002-8476a451.hcp.westus2.azmk8s.io\",\n
        \  \"azurePortalFQDN\": \"cliaksdns000002-8476a451.portal.hcp.westus2.azmk8s.io\",\n
        \  \"agentPoolProfiles\": [\n    {\n     \"name\": \"nodepool1\",\n     \"count\":
        1,\n     \"vmSize\": \"Standard_DS2_v2\",\n     \"osDiskSizeGB\": 128,\n     \"osDiskType\":
        \"Managed\",\n     \"kubeletDiskType\": \"OS\",\n     \"maxPods\": 110,\n
        \    \"type\": \"VirtualMachineScaleSets\",\n     \"enableAutoScaling\": false,\n
        \    \"provisioningState\": \"Creating\",\n     \"powerState\": {\n      \"code\":
        \"Running\"\n     },\n     \"orchestratorVersion\": \"1.22.6\",\n     \"currentOrchestratorVersion\":
        \"1.22.6\",\n     \"enableNodePublicIP\": false,\n     \"mode\": \"System\",\n
        \    \"enableEncryptionAtHost\": false,\n     \"enableUltraSSD\": false,\n
        \    \"osType\": \"Linux\",\n     \"osSKU\": \"Ubuntu\",\n     \"nodeImageVersion\":
        \"AKSUbuntu-1804gen2containerd-2022.04.27\",\n     \"upgradeSettings\": {},\n
        \    \"enableFIPS\": false\n    }\n   ],\n   \"linuxProfile\": {\n    \"adminUsername\":
        \"azureuser\",\n    \"ssh\": {\n     \"publicKeys\": [\n      {\n       \"keyData\":
        \"ssh-rsa AAAAB3NzaC1yc2EAAAADAQABAAABAQDERxHFMvtfO/J7fRynxkHbIk5BUCHLqksWicg3tdvkWeAjqbxEyZi1Xw9QEXgwmXuFaUEUuMIPjPIWQjuhAlxJfesHNWKfdbIXVgayGOaENXTSkbthN3cCBKDTlQ3DFmahsYooXWCiIYWTNs+Da9K6/e2xXkVmxaVgjPCdxkfnGL/TbD5weHQP78ae9EWIqbOcwSjptiLQ4vXIP51fieoLdj960jj2YelYLmyi69CqkGXDpSEZ/3dOzISdPEUkk2T5uoPxnaer/+1X0VYURhnB8AOKTZyGn2o9TvQk3UkW3zKMYDhh6OES5dzx7g0Rp0V2dFYlJyAORZ3aVNdEpGFd
        azcli_aks_live_test@example.com\\n\"\n      }\n     ]\n    }\n   },\n   \"servicePrincipalProfile\":
        {\n    \"clientId\":\"00000000-0000-0000-0000-000000000001\"\n   },\n   \"nodeResourceGroup\":
        \"MC_clitest000001_cliakstest000001_westus2\",\n   \"enableRBAC\": true,\n
        \  \"networkProfile\": {\n    \"networkPlugin\": \"kubenet\",\n    \"loadBalancerSku\":
        \"standard\",\n    \"loadBalancerProfile\": {\n     \"managedOutboundIPs\":
        {\n      \"count\": 1\n     }\n    },\n    \"podCidr\": \"10.244.0.0/16\",\n
        \   \"serviceCidr\": \"10.0.0.0/16\",\n    \"dnsServiceIP\": \"10.0.0.10\",\n
        \   \"dockerBridgeCidr\": \"172.17.0.1/16\",\n    \"outboundType\": \"loadBalancer\",\n
        \   \"podCidrs\": [\n     \"10.244.0.0/16\"\n    ],\n    \"serviceCidrs\":
        [\n     \"10.0.0.0/16\"\n    ],\n    \"ipFamilies\": [\n     \"IPv4\"\n    ]\n
        \  },\n   \"maxAgentPools\": 100,\n   \"disableLocalAccounts\": false,\n   \"securityProfile\":
        {}\n  },\n  \"sku\": {\n   \"name\": \"Basic\",\n   \"tier\": \"Free\"\n  }\n
        }"
    headers:
      cache-control:
      - no-cache
      content-length:
      - '2775'
      content-type:
      - application/json
      date:
      - Fri, 13 May 2022 07:05:50 GMT
      expires:
      - '-1'
      pragma:
      - no-cache
      server:
      - nginx
      strict-transport-security:
      - max-age=31536000; includeSubDomains
      transfer-encoding:
      - chunked
      vary:
      - Accept-Encoding
      x-content-type-options:
      - nosniff
    status:
      code: 200
      message: OK
- request:
    body: null
    headers:
      Accept:
      - application/json
      Accept-Encoding:
      - gzip, deflate
      CommandName:
      - aks wait
      Connection:
      - keep-alive
      ParameterSetName:
      - -g -n --created
      User-Agent:
      - AZURECLI/2.36.0 azsdk-python-azure-mgmt-containerservice/19.1.0 Python/3.8.10
        (Linux-5.13.0-1023-azure-x86_64-with-glibc2.29)
    method: GET
    uri: https://management.azure.com/subscriptions/00000000-0000-0000-0000-000000000000/resourceGroups/clitest000001/providers/Microsoft.ContainerService/managedClusters/cliakstest000001?api-version=2022-04-01
  response:
    body:
      string: "{\n  \"id\": \"/subscriptions/00000000-0000-0000-0000-000000000000/resourcegroups/clitest000001/providers/Microsoft.ContainerService/managedClusters/cliakstest000001\",\n
        \ \"location\": \"westus2\",\n  \"name\": \"cliakstest000001\",\n  \"type\":
        \"Microsoft.ContainerService/ManagedClusters\",\n  \"properties\": {\n   \"provisioningState\":
        \"Creating\",\n   \"powerState\": {\n    \"code\": \"Running\"\n   },\n   \"kubernetesVersion\":
        \"1.22.6\",\n   \"currentKubernetesVersion\": \"1.22.6\",\n   \"dnsPrefix\":
        \"cliaksdns000002\",\n   \"fqdn\": \"cliaksdns000002-8476a451.hcp.westus2.azmk8s.io\",\n
        \  \"azurePortalFQDN\": \"cliaksdns000002-8476a451.portal.hcp.westus2.azmk8s.io\",\n
        \  \"agentPoolProfiles\": [\n    {\n     \"name\": \"nodepool1\",\n     \"count\":
        1,\n     \"vmSize\": \"Standard_DS2_v2\",\n     \"osDiskSizeGB\": 128,\n     \"osDiskType\":
        \"Managed\",\n     \"kubeletDiskType\": \"OS\",\n     \"maxPods\": 110,\n
        \    \"type\": \"VirtualMachineScaleSets\",\n     \"enableAutoScaling\": false,\n
        \    \"provisioningState\": \"Creating\",\n     \"powerState\": {\n      \"code\":
        \"Running\"\n     },\n     \"orchestratorVersion\": \"1.22.6\",\n     \"currentOrchestratorVersion\":
        \"1.22.6\",\n     \"enableNodePublicIP\": false,\n     \"mode\": \"System\",\n
        \    \"enableEncryptionAtHost\": false,\n     \"enableUltraSSD\": false,\n
        \    \"osType\": \"Linux\",\n     \"osSKU\": \"Ubuntu\",\n     \"nodeImageVersion\":
        \"AKSUbuntu-1804gen2containerd-2022.04.27\",\n     \"upgradeSettings\": {},\n
        \    \"enableFIPS\": false\n    }\n   ],\n   \"linuxProfile\": {\n    \"adminUsername\":
        \"azureuser\",\n    \"ssh\": {\n     \"publicKeys\": [\n      {\n       \"keyData\":
        \"ssh-rsa AAAAB3NzaC1yc2EAAAADAQABAAABAQDERxHFMvtfO/J7fRynxkHbIk5BUCHLqksWicg3tdvkWeAjqbxEyZi1Xw9QEXgwmXuFaUEUuMIPjPIWQjuhAlxJfesHNWKfdbIXVgayGOaENXTSkbthN3cCBKDTlQ3DFmahsYooXWCiIYWTNs+Da9K6/e2xXkVmxaVgjPCdxkfnGL/TbD5weHQP78ae9EWIqbOcwSjptiLQ4vXIP51fieoLdj960jj2YelYLmyi69CqkGXDpSEZ/3dOzISdPEUkk2T5uoPxnaer/+1X0VYURhnB8AOKTZyGn2o9TvQk3UkW3zKMYDhh6OES5dzx7g0Rp0V2dFYlJyAORZ3aVNdEpGFd
        azcli_aks_live_test@example.com\\n\"\n      }\n     ]\n    }\n   },\n   \"servicePrincipalProfile\":
        {\n    \"clientId\":\"00000000-0000-0000-0000-000000000001\"\n   },\n   \"nodeResourceGroup\":
        \"MC_clitest000001_cliakstest000001_westus2\",\n   \"enableRBAC\": true,\n
        \  \"networkProfile\": {\n    \"networkPlugin\": \"kubenet\",\n    \"loadBalancerSku\":
        \"standard\",\n    \"loadBalancerProfile\": {\n     \"managedOutboundIPs\":
        {\n      \"count\": 1\n     }\n    },\n    \"podCidr\": \"10.244.0.0/16\",\n
        \   \"serviceCidr\": \"10.0.0.0/16\",\n    \"dnsServiceIP\": \"10.0.0.10\",\n
        \   \"dockerBridgeCidr\": \"172.17.0.1/16\",\n    \"outboundType\": \"loadBalancer\",\n
        \   \"podCidrs\": [\n     \"10.244.0.0/16\"\n    ],\n    \"serviceCidrs\":
        [\n     \"10.0.0.0/16\"\n    ],\n    \"ipFamilies\": [\n     \"IPv4\"\n    ]\n
        \  },\n   \"maxAgentPools\": 100,\n   \"disableLocalAccounts\": false,\n   \"securityProfile\":
        {}\n  },\n  \"sku\": {\n   \"name\": \"Basic\",\n   \"tier\": \"Free\"\n  }\n
        }"
    headers:
      cache-control:
      - no-cache
      content-length:
      - '2775'
      content-type:
      - application/json
      date:
      - Fri, 13 May 2022 07:06:20 GMT
      expires:
      - '-1'
      pragma:
      - no-cache
      server:
      - nginx
      strict-transport-security:
      - max-age=31536000; includeSubDomains
      transfer-encoding:
      - chunked
      vary:
      - Accept-Encoding
      x-content-type-options:
      - nosniff
    status:
      code: 200
      message: OK
- request:
    body: null
    headers:
      Accept:
      - application/json
      Accept-Encoding:
      - gzip, deflate
      CommandName:
      - aks wait
      Connection:
      - keep-alive
      ParameterSetName:
      - -g -n --created
      User-Agent:
      - AZURECLI/2.36.0 azsdk-python-azure-mgmt-containerservice/19.1.0 Python/3.8.10
        (Linux-5.13.0-1023-azure-x86_64-with-glibc2.29)
    method: GET
    uri: https://management.azure.com/subscriptions/00000000-0000-0000-0000-000000000000/resourceGroups/clitest000001/providers/Microsoft.ContainerService/managedClusters/cliakstest000001?api-version=2022-04-01
  response:
    body:
      string: "{\n  \"id\": \"/subscriptions/00000000-0000-0000-0000-000000000000/resourcegroups/clitest000001/providers/Microsoft.ContainerService/managedClusters/cliakstest000001\",\n
        \ \"location\": \"westus2\",\n  \"name\": \"cliakstest000001\",\n  \"type\":
        \"Microsoft.ContainerService/ManagedClusters\",\n  \"properties\": {\n   \"provisioningState\":
        \"Creating\",\n   \"powerState\": {\n    \"code\": \"Running\"\n   },\n   \"kubernetesVersion\":
        \"1.22.6\",\n   \"currentKubernetesVersion\": \"1.22.6\",\n   \"dnsPrefix\":
        \"cliaksdns000002\",\n   \"fqdn\": \"cliaksdns000002-8476a451.hcp.westus2.azmk8s.io\",\n
        \  \"azurePortalFQDN\": \"cliaksdns000002-8476a451.portal.hcp.westus2.azmk8s.io\",\n
        \  \"agentPoolProfiles\": [\n    {\n     \"name\": \"nodepool1\",\n     \"count\":
        1,\n     \"vmSize\": \"Standard_DS2_v2\",\n     \"osDiskSizeGB\": 128,\n     \"osDiskType\":
        \"Managed\",\n     \"kubeletDiskType\": \"OS\",\n     \"maxPods\": 110,\n
        \    \"type\": \"VirtualMachineScaleSets\",\n     \"enableAutoScaling\": false,\n
        \    \"provisioningState\": \"Creating\",\n     \"powerState\": {\n      \"code\":
        \"Running\"\n     },\n     \"orchestratorVersion\": \"1.22.6\",\n     \"currentOrchestratorVersion\":
        \"1.22.6\",\n     \"enableNodePublicIP\": false,\n     \"mode\": \"System\",\n
        \    \"enableEncryptionAtHost\": false,\n     \"enableUltraSSD\": false,\n
        \    \"osType\": \"Linux\",\n     \"osSKU\": \"Ubuntu\",\n     \"nodeImageVersion\":
        \"AKSUbuntu-1804gen2containerd-2022.04.27\",\n     \"upgradeSettings\": {},\n
        \    \"enableFIPS\": false\n    }\n   ],\n   \"linuxProfile\": {\n    \"adminUsername\":
        \"azureuser\",\n    \"ssh\": {\n     \"publicKeys\": [\n      {\n       \"keyData\":
        \"ssh-rsa AAAAB3NzaC1yc2EAAAADAQABAAABAQDERxHFMvtfO/J7fRynxkHbIk5BUCHLqksWicg3tdvkWeAjqbxEyZi1Xw9QEXgwmXuFaUEUuMIPjPIWQjuhAlxJfesHNWKfdbIXVgayGOaENXTSkbthN3cCBKDTlQ3DFmahsYooXWCiIYWTNs+Da9K6/e2xXkVmxaVgjPCdxkfnGL/TbD5weHQP78ae9EWIqbOcwSjptiLQ4vXIP51fieoLdj960jj2YelYLmyi69CqkGXDpSEZ/3dOzISdPEUkk2T5uoPxnaer/+1X0VYURhnB8AOKTZyGn2o9TvQk3UkW3zKMYDhh6OES5dzx7g0Rp0V2dFYlJyAORZ3aVNdEpGFd
        azcli_aks_live_test@example.com\\n\"\n      }\n     ]\n    }\n   },\n   \"servicePrincipalProfile\":
        {\n    \"clientId\":\"00000000-0000-0000-0000-000000000001\"\n   },\n   \"nodeResourceGroup\":
        \"MC_clitest000001_cliakstest000001_westus2\",\n   \"enableRBAC\": true,\n
        \  \"networkProfile\": {\n    \"networkPlugin\": \"kubenet\",\n    \"loadBalancerSku\":
        \"standard\",\n    \"loadBalancerProfile\": {\n     \"managedOutboundIPs\":
        {\n      \"count\": 1\n     },\n     \"effectiveOutboundIPs\": [\n      {\n
        \      \"id\": \"/subscriptions/00000000-0000-0000-0000-000000000000/resourceGroups/MC_clitest000001_cliakstest000001_westus2/providers/Microsoft.Network/publicIPAddresses/4733cb40-6904-4eee-8738-0544c26dbacf\"\n
        \     }\n     ]\n    },\n    \"podCidr\": \"10.244.0.0/16\",\n    \"serviceCidr\":
        \"10.0.0.0/16\",\n    \"dnsServiceIP\": \"10.0.0.10\",\n    \"dockerBridgeCidr\":
        \"172.17.0.1/16\",\n    \"outboundType\": \"loadBalancer\",\n    \"podCidrs\":
        [\n     \"10.244.0.0/16\"\n    ],\n    \"serviceCidrs\": [\n     \"10.0.0.0/16\"\n
        \   ],\n    \"ipFamilies\": [\n     \"IPv4\"\n    ]\n   },\n   \"maxAgentPools\":
        100,\n   \"disableLocalAccounts\": false,\n   \"securityProfile\": {}\n  },\n
        \ \"sku\": {\n   \"name\": \"Basic\",\n   \"tier\": \"Free\"\n  }\n }"
    headers:
      cache-control:
      - no-cache
      content-length:
      - '3037'
      content-type:
      - application/json
      date:
      - Fri, 13 May 2022 07:06:51 GMT
      expires:
      - '-1'
      pragma:
      - no-cache
      server:
      - nginx
      strict-transport-security:
      - max-age=31536000; includeSubDomains
      transfer-encoding:
      - chunked
      vary:
      - Accept-Encoding
      x-content-type-options:
      - nosniff
    status:
      code: 200
      message: OK
- request:
    body: null
    headers:
      Accept:
      - application/json
      Accept-Encoding:
      - gzip, deflate
      CommandName:
      - aks wait
      Connection:
      - keep-alive
      ParameterSetName:
      - -g -n --created
      User-Agent:
      - AZURECLI/2.36.0 azsdk-python-azure-mgmt-containerservice/19.1.0 Python/3.8.10
        (Linux-5.13.0-1023-azure-x86_64-with-glibc2.29)
    method: GET
    uri: https://management.azure.com/subscriptions/00000000-0000-0000-0000-000000000000/resourceGroups/clitest000001/providers/Microsoft.ContainerService/managedClusters/cliakstest000001?api-version=2022-04-01
  response:
    body:
      string: "{\n  \"id\": \"/subscriptions/00000000-0000-0000-0000-000000000000/resourcegroups/clitest000001/providers/Microsoft.ContainerService/managedClusters/cliakstest000001\",\n
        \ \"location\": \"westus2\",\n  \"name\": \"cliakstest000001\",\n  \"type\":
        \"Microsoft.ContainerService/ManagedClusters\",\n  \"properties\": {\n   \"provisioningState\":
        \"Creating\",\n   \"powerState\": {\n    \"code\": \"Running\"\n   },\n   \"kubernetesVersion\":
        \"1.22.6\",\n   \"currentKubernetesVersion\": \"1.22.6\",\n   \"dnsPrefix\":
        \"cliaksdns000002\",\n   \"fqdn\": \"cliaksdns000002-8476a451.hcp.westus2.azmk8s.io\",\n
        \  \"azurePortalFQDN\": \"cliaksdns000002-8476a451.portal.hcp.westus2.azmk8s.io\",\n
        \  \"agentPoolProfiles\": [\n    {\n     \"name\": \"nodepool1\",\n     \"count\":
        1,\n     \"vmSize\": \"Standard_DS2_v2\",\n     \"osDiskSizeGB\": 128,\n     \"osDiskType\":
        \"Managed\",\n     \"kubeletDiskType\": \"OS\",\n     \"maxPods\": 110,\n
        \    \"type\": \"VirtualMachineScaleSets\",\n     \"enableAutoScaling\": false,\n
        \    \"provisioningState\": \"Creating\",\n     \"powerState\": {\n      \"code\":
        \"Running\"\n     },\n     \"orchestratorVersion\": \"1.22.6\",\n     \"currentOrchestratorVersion\":
        \"1.22.6\",\n     \"enableNodePublicIP\": false,\n     \"mode\": \"System\",\n
        \    \"enableEncryptionAtHost\": false,\n     \"enableUltraSSD\": false,\n
        \    \"osType\": \"Linux\",\n     \"osSKU\": \"Ubuntu\",\n     \"nodeImageVersion\":
        \"AKSUbuntu-1804gen2containerd-2022.04.27\",\n     \"upgradeSettings\": {},\n
        \    \"enableFIPS\": false\n    }\n   ],\n   \"linuxProfile\": {\n    \"adminUsername\":
        \"azureuser\",\n    \"ssh\": {\n     \"publicKeys\": [\n      {\n       \"keyData\":
        \"ssh-rsa AAAAB3NzaC1yc2EAAAADAQABAAABAQDERxHFMvtfO/J7fRynxkHbIk5BUCHLqksWicg3tdvkWeAjqbxEyZi1Xw9QEXgwmXuFaUEUuMIPjPIWQjuhAlxJfesHNWKfdbIXVgayGOaENXTSkbthN3cCBKDTlQ3DFmahsYooXWCiIYWTNs+Da9K6/e2xXkVmxaVgjPCdxkfnGL/TbD5weHQP78ae9EWIqbOcwSjptiLQ4vXIP51fieoLdj960jj2YelYLmyi69CqkGXDpSEZ/3dOzISdPEUkk2T5uoPxnaer/+1X0VYURhnB8AOKTZyGn2o9TvQk3UkW3zKMYDhh6OES5dzx7g0Rp0V2dFYlJyAORZ3aVNdEpGFd
        azcli_aks_live_test@example.com\\n\"\n      }\n     ]\n    }\n   },\n   \"servicePrincipalProfile\":
        {\n    \"clientId\":\"00000000-0000-0000-0000-000000000001\"\n   },\n   \"nodeResourceGroup\":
        \"MC_clitest000001_cliakstest000001_westus2\",\n   \"enableRBAC\": true,\n
        \  \"networkProfile\": {\n    \"networkPlugin\": \"kubenet\",\n    \"loadBalancerSku\":
        \"standard\",\n    \"loadBalancerProfile\": {\n     \"managedOutboundIPs\":
        {\n      \"count\": 1\n     },\n     \"effectiveOutboundIPs\": [\n      {\n
        \      \"id\": \"/subscriptions/00000000-0000-0000-0000-000000000000/resourceGroups/MC_clitest000001_cliakstest000001_westus2/providers/Microsoft.Network/publicIPAddresses/4733cb40-6904-4eee-8738-0544c26dbacf\"\n
        \     }\n     ]\n    },\n    \"podCidr\": \"10.244.0.0/16\",\n    \"serviceCidr\":
        \"10.0.0.0/16\",\n    \"dnsServiceIP\": \"10.0.0.10\",\n    \"dockerBridgeCidr\":
        \"172.17.0.1/16\",\n    \"outboundType\": \"loadBalancer\",\n    \"podCidrs\":
        [\n     \"10.244.0.0/16\"\n    ],\n    \"serviceCidrs\": [\n     \"10.0.0.0/16\"\n
        \   ],\n    \"ipFamilies\": [\n     \"IPv4\"\n    ]\n   },\n   \"maxAgentPools\":
        100,\n   \"disableLocalAccounts\": false,\n   \"securityProfile\": {}\n  },\n
        \ \"sku\": {\n   \"name\": \"Basic\",\n   \"tier\": \"Free\"\n  }\n }"
    headers:
      cache-control:
      - no-cache
      content-length:
      - '3037'
      content-type:
      - application/json
      date:
      - Fri, 13 May 2022 07:07:21 GMT
      expires:
      - '-1'
      pragma:
      - no-cache
      server:
      - nginx
      strict-transport-security:
      - max-age=31536000; includeSubDomains
      transfer-encoding:
      - chunked
      vary:
      - Accept-Encoding
      x-content-type-options:
      - nosniff
    status:
      code: 200
      message: OK
- request:
    body: null
    headers:
      Accept:
      - application/json
      Accept-Encoding:
      - gzip, deflate
      CommandName:
      - aks wait
      Connection:
      - keep-alive
      ParameterSetName:
      - -g -n --created
      User-Agent:
      - AZURECLI/2.36.0 azsdk-python-azure-mgmt-containerservice/19.1.0 Python/3.8.10
        (Linux-5.13.0-1023-azure-x86_64-with-glibc2.29)
    method: GET
    uri: https://management.azure.com/subscriptions/00000000-0000-0000-0000-000000000000/resourceGroups/clitest000001/providers/Microsoft.ContainerService/managedClusters/cliakstest000001?api-version=2022-04-01
  response:
    body:
      string: "{\n  \"id\": \"/subscriptions/00000000-0000-0000-0000-000000000000/resourcegroups/clitest000001/providers/Microsoft.ContainerService/managedClusters/cliakstest000001\",\n
        \ \"location\": \"westus2\",\n  \"name\": \"cliakstest000001\",\n  \"type\":
        \"Microsoft.ContainerService/ManagedClusters\",\n  \"properties\": {\n   \"provisioningState\":
        \"Creating\",\n   \"powerState\": {\n    \"code\": \"Running\"\n   },\n   \"kubernetesVersion\":
        \"1.22.6\",\n   \"currentKubernetesVersion\": \"1.22.6\",\n   \"dnsPrefix\":
        \"cliaksdns000002\",\n   \"fqdn\": \"cliaksdns000002-8476a451.hcp.westus2.azmk8s.io\",\n
        \  \"azurePortalFQDN\": \"cliaksdns000002-8476a451.portal.hcp.westus2.azmk8s.io\",\n
        \  \"agentPoolProfiles\": [\n    {\n     \"name\": \"nodepool1\",\n     \"count\":
        1,\n     \"vmSize\": \"Standard_DS2_v2\",\n     \"osDiskSizeGB\": 128,\n     \"osDiskType\":
        \"Managed\",\n     \"kubeletDiskType\": \"OS\",\n     \"maxPods\": 110,\n
        \    \"type\": \"VirtualMachineScaleSets\",\n     \"enableAutoScaling\": false,\n
        \    \"provisioningState\": \"Creating\",\n     \"powerState\": {\n      \"code\":
        \"Running\"\n     },\n     \"orchestratorVersion\": \"1.22.6\",\n     \"currentOrchestratorVersion\":
        \"1.22.6\",\n     \"enableNodePublicIP\": false,\n     \"mode\": \"System\",\n
        \    \"enableEncryptionAtHost\": false,\n     \"enableUltraSSD\": false,\n
        \    \"osType\": \"Linux\",\n     \"osSKU\": \"Ubuntu\",\n     \"nodeImageVersion\":
        \"AKSUbuntu-1804gen2containerd-2022.04.27\",\n     \"upgradeSettings\": {},\n
        \    \"enableFIPS\": false\n    }\n   ],\n   \"linuxProfile\": {\n    \"adminUsername\":
        \"azureuser\",\n    \"ssh\": {\n     \"publicKeys\": [\n      {\n       \"keyData\":
        \"ssh-rsa AAAAB3NzaC1yc2EAAAADAQABAAABAQDERxHFMvtfO/J7fRynxkHbIk5BUCHLqksWicg3tdvkWeAjqbxEyZi1Xw9QEXgwmXuFaUEUuMIPjPIWQjuhAlxJfesHNWKfdbIXVgayGOaENXTSkbthN3cCBKDTlQ3DFmahsYooXWCiIYWTNs+Da9K6/e2xXkVmxaVgjPCdxkfnGL/TbD5weHQP78ae9EWIqbOcwSjptiLQ4vXIP51fieoLdj960jj2YelYLmyi69CqkGXDpSEZ/3dOzISdPEUkk2T5uoPxnaer/+1X0VYURhnB8AOKTZyGn2o9TvQk3UkW3zKMYDhh6OES5dzx7g0Rp0V2dFYlJyAORZ3aVNdEpGFd
        azcli_aks_live_test@example.com\\n\"\n      }\n     ]\n    }\n   },\n   \"servicePrincipalProfile\":
        {\n    \"clientId\":\"00000000-0000-0000-0000-000000000001\"\n   },\n   \"nodeResourceGroup\":
        \"MC_clitest000001_cliakstest000001_westus2\",\n   \"enableRBAC\": true,\n
        \  \"networkProfile\": {\n    \"networkPlugin\": \"kubenet\",\n    \"loadBalancerSku\":
        \"standard\",\n    \"loadBalancerProfile\": {\n     \"managedOutboundIPs\":
        {\n      \"count\": 1\n     },\n     \"effectiveOutboundIPs\": [\n      {\n
        \      \"id\": \"/subscriptions/00000000-0000-0000-0000-000000000000/resourceGroups/MC_clitest000001_cliakstest000001_westus2/providers/Microsoft.Network/publicIPAddresses/4733cb40-6904-4eee-8738-0544c26dbacf\"\n
        \     }\n     ]\n    },\n    \"podCidr\": \"10.244.0.0/16\",\n    \"serviceCidr\":
        \"10.0.0.0/16\",\n    \"dnsServiceIP\": \"10.0.0.10\",\n    \"dockerBridgeCidr\":
        \"172.17.0.1/16\",\n    \"outboundType\": \"loadBalancer\",\n    \"podCidrs\":
        [\n     \"10.244.0.0/16\"\n    ],\n    \"serviceCidrs\": [\n     \"10.0.0.0/16\"\n
        \   ],\n    \"ipFamilies\": [\n     \"IPv4\"\n    ]\n   },\n   \"maxAgentPools\":
        100,\n   \"disableLocalAccounts\": false,\n   \"securityProfile\": {}\n  },\n
        \ \"sku\": {\n   \"name\": \"Basic\",\n   \"tier\": \"Free\"\n  }\n }"
    headers:
      cache-control:
      - no-cache
      content-length:
      - '3037'
      content-type:
      - application/json
      date:
      - Fri, 13 May 2022 07:07:52 GMT
      expires:
      - '-1'
      pragma:
      - no-cache
      server:
      - nginx
      strict-transport-security:
      - max-age=31536000; includeSubDomains
      transfer-encoding:
      - chunked
      vary:
      - Accept-Encoding
      x-content-type-options:
      - nosniff
    status:
      code: 200
      message: OK
- request:
    body: null
    headers:
      Accept:
      - application/json
      Accept-Encoding:
      - gzip, deflate
      CommandName:
      - aks wait
      Connection:
      - keep-alive
      ParameterSetName:
      - -g -n --created
      User-Agent:
      - AZURECLI/2.36.0 azsdk-python-azure-mgmt-containerservice/19.1.0 Python/3.8.10
        (Linux-5.13.0-1023-azure-x86_64-with-glibc2.29)
    method: GET
    uri: https://management.azure.com/subscriptions/00000000-0000-0000-0000-000000000000/resourceGroups/clitest000001/providers/Microsoft.ContainerService/managedClusters/cliakstest000001?api-version=2022-04-01
  response:
    body:
      string: "{\n  \"id\": \"/subscriptions/00000000-0000-0000-0000-000000000000/resourcegroups/clitest000001/providers/Microsoft.ContainerService/managedClusters/cliakstest000001\",\n
        \ \"location\": \"westus2\",\n  \"name\": \"cliakstest000001\",\n  \"type\":
        \"Microsoft.ContainerService/ManagedClusters\",\n  \"properties\": {\n   \"provisioningState\":
        \"Creating\",\n   \"powerState\": {\n    \"code\": \"Running\"\n   },\n   \"kubernetesVersion\":
        \"1.22.6\",\n   \"currentKubernetesVersion\": \"1.22.6\",\n   \"dnsPrefix\":
        \"cliaksdns000002\",\n   \"fqdn\": \"cliaksdns000002-8476a451.hcp.westus2.azmk8s.io\",\n
        \  \"azurePortalFQDN\": \"cliaksdns000002-8476a451.portal.hcp.westus2.azmk8s.io\",\n
        \  \"agentPoolProfiles\": [\n    {\n     \"name\": \"nodepool1\",\n     \"count\":
        1,\n     \"vmSize\": \"Standard_DS2_v2\",\n     \"osDiskSizeGB\": 128,\n     \"osDiskType\":
        \"Managed\",\n     \"kubeletDiskType\": \"OS\",\n     \"maxPods\": 110,\n
        \    \"type\": \"VirtualMachineScaleSets\",\n     \"enableAutoScaling\": false,\n
        \    \"provisioningState\": \"Creating\",\n     \"powerState\": {\n      \"code\":
        \"Running\"\n     },\n     \"orchestratorVersion\": \"1.22.6\",\n     \"currentOrchestratorVersion\":
        \"1.22.6\",\n     \"enableNodePublicIP\": false,\n     \"mode\": \"System\",\n
        \    \"enableEncryptionAtHost\": false,\n     \"enableUltraSSD\": false,\n
        \    \"osType\": \"Linux\",\n     \"osSKU\": \"Ubuntu\",\n     \"nodeImageVersion\":
        \"AKSUbuntu-1804gen2containerd-2022.04.27\",\n     \"upgradeSettings\": {},\n
        \    \"enableFIPS\": false\n    }\n   ],\n   \"linuxProfile\": {\n    \"adminUsername\":
        \"azureuser\",\n    \"ssh\": {\n     \"publicKeys\": [\n      {\n       \"keyData\":
        \"ssh-rsa AAAAB3NzaC1yc2EAAAADAQABAAABAQDERxHFMvtfO/J7fRynxkHbIk5BUCHLqksWicg3tdvkWeAjqbxEyZi1Xw9QEXgwmXuFaUEUuMIPjPIWQjuhAlxJfesHNWKfdbIXVgayGOaENXTSkbthN3cCBKDTlQ3DFmahsYooXWCiIYWTNs+Da9K6/e2xXkVmxaVgjPCdxkfnGL/TbD5weHQP78ae9EWIqbOcwSjptiLQ4vXIP51fieoLdj960jj2YelYLmyi69CqkGXDpSEZ/3dOzISdPEUkk2T5uoPxnaer/+1X0VYURhnB8AOKTZyGn2o9TvQk3UkW3zKMYDhh6OES5dzx7g0Rp0V2dFYlJyAORZ3aVNdEpGFd
        azcli_aks_live_test@example.com\\n\"\n      }\n     ]\n    }\n   },\n   \"servicePrincipalProfile\":
        {\n    \"clientId\":\"00000000-0000-0000-0000-000000000001\"\n   },\n   \"nodeResourceGroup\":
        \"MC_clitest000001_cliakstest000001_westus2\",\n   \"enableRBAC\": true,\n
        \  \"networkProfile\": {\n    \"networkPlugin\": \"kubenet\",\n    \"loadBalancerSku\":
        \"standard\",\n    \"loadBalancerProfile\": {\n     \"managedOutboundIPs\":
        {\n      \"count\": 1\n     },\n     \"effectiveOutboundIPs\": [\n      {\n
        \      \"id\": \"/subscriptions/00000000-0000-0000-0000-000000000000/resourceGroups/MC_clitest000001_cliakstest000001_westus2/providers/Microsoft.Network/publicIPAddresses/4733cb40-6904-4eee-8738-0544c26dbacf\"\n
        \     }\n     ]\n    },\n    \"podCidr\": \"10.244.0.0/16\",\n    \"serviceCidr\":
        \"10.0.0.0/16\",\n    \"dnsServiceIP\": \"10.0.0.10\",\n    \"dockerBridgeCidr\":
        \"172.17.0.1/16\",\n    \"outboundType\": \"loadBalancer\",\n    \"podCidrs\":
        [\n     \"10.244.0.0/16\"\n    ],\n    \"serviceCidrs\": [\n     \"10.0.0.0/16\"\n
        \   ],\n    \"ipFamilies\": [\n     \"IPv4\"\n    ]\n   },\n   \"maxAgentPools\":
        100,\n   \"disableLocalAccounts\": false,\n   \"securityProfile\": {}\n  },\n
        \ \"sku\": {\n   \"name\": \"Basic\",\n   \"tier\": \"Free\"\n  }\n }"
    headers:
      cache-control:
      - no-cache
      content-length:
      - '3037'
      content-type:
      - application/json
      date:
      - Fri, 13 May 2022 07:08:21 GMT
      expires:
      - '-1'
      pragma:
      - no-cache
      server:
      - nginx
      strict-transport-security:
      - max-age=31536000; includeSubDomains
      transfer-encoding:
      - chunked
      vary:
      - Accept-Encoding
      x-content-type-options:
      - nosniff
    status:
      code: 200
      message: OK
- request:
    body: null
    headers:
      Accept:
      - application/json
      Accept-Encoding:
      - gzip, deflate
      CommandName:
      - aks wait
      Connection:
      - keep-alive
      ParameterSetName:
      - -g -n --created
      User-Agent:
      - AZURECLI/2.36.0 azsdk-python-azure-mgmt-containerservice/19.1.0 Python/3.8.10
        (Linux-5.13.0-1023-azure-x86_64-with-glibc2.29)
    method: GET
    uri: https://management.azure.com/subscriptions/00000000-0000-0000-0000-000000000000/resourceGroups/clitest000001/providers/Microsoft.ContainerService/managedClusters/cliakstest000001?api-version=2022-04-01
  response:
    body:
      string: "{\n  \"id\": \"/subscriptions/00000000-0000-0000-0000-000000000000/resourcegroups/clitest000001/providers/Microsoft.ContainerService/managedClusters/cliakstest000001\",\n
        \ \"location\": \"westus2\",\n  \"name\": \"cliakstest000001\",\n  \"type\":
        \"Microsoft.ContainerService/ManagedClusters\",\n  \"properties\": {\n   \"provisioningState\":
        \"Creating\",\n   \"powerState\": {\n    \"code\": \"Running\"\n   },\n   \"kubernetesVersion\":
        \"1.22.6\",\n   \"currentKubernetesVersion\": \"1.22.6\",\n   \"dnsPrefix\":
        \"cliaksdns000002\",\n   \"fqdn\": \"cliaksdns000002-8476a451.hcp.westus2.azmk8s.io\",\n
        \  \"azurePortalFQDN\": \"cliaksdns000002-8476a451.portal.hcp.westus2.azmk8s.io\",\n
        \  \"agentPoolProfiles\": [\n    {\n     \"name\": \"nodepool1\",\n     \"count\":
        1,\n     \"vmSize\": \"Standard_DS2_v2\",\n     \"osDiskSizeGB\": 128,\n     \"osDiskType\":
        \"Managed\",\n     \"kubeletDiskType\": \"OS\",\n     \"maxPods\": 110,\n
        \    \"type\": \"VirtualMachineScaleSets\",\n     \"enableAutoScaling\": false,\n
        \    \"provisioningState\": \"Creating\",\n     \"powerState\": {\n      \"code\":
        \"Running\"\n     },\n     \"orchestratorVersion\": \"1.22.6\",\n     \"currentOrchestratorVersion\":
        \"1.22.6\",\n     \"enableNodePublicIP\": false,\n     \"mode\": \"System\",\n
        \    \"enableEncryptionAtHost\": false,\n     \"enableUltraSSD\": false,\n
        \    \"osType\": \"Linux\",\n     \"osSKU\": \"Ubuntu\",\n     \"nodeImageVersion\":
        \"AKSUbuntu-1804gen2containerd-2022.04.27\",\n     \"upgradeSettings\": {},\n
        \    \"enableFIPS\": false\n    }\n   ],\n   \"linuxProfile\": {\n    \"adminUsername\":
        \"azureuser\",\n    \"ssh\": {\n     \"publicKeys\": [\n      {\n       \"keyData\":
        \"ssh-rsa AAAAB3NzaC1yc2EAAAADAQABAAABAQDERxHFMvtfO/J7fRynxkHbIk5BUCHLqksWicg3tdvkWeAjqbxEyZi1Xw9QEXgwmXuFaUEUuMIPjPIWQjuhAlxJfesHNWKfdbIXVgayGOaENXTSkbthN3cCBKDTlQ3DFmahsYooXWCiIYWTNs+Da9K6/e2xXkVmxaVgjPCdxkfnGL/TbD5weHQP78ae9EWIqbOcwSjptiLQ4vXIP51fieoLdj960jj2YelYLmyi69CqkGXDpSEZ/3dOzISdPEUkk2T5uoPxnaer/+1X0VYURhnB8AOKTZyGn2o9TvQk3UkW3zKMYDhh6OES5dzx7g0Rp0V2dFYlJyAORZ3aVNdEpGFd
        azcli_aks_live_test@example.com\\n\"\n      }\n     ]\n    }\n   },\n   \"servicePrincipalProfile\":
        {\n    \"clientId\":\"00000000-0000-0000-0000-000000000001\"\n   },\n   \"nodeResourceGroup\":
        \"MC_clitest000001_cliakstest000001_westus2\",\n   \"enableRBAC\": true,\n
        \  \"networkProfile\": {\n    \"networkPlugin\": \"kubenet\",\n    \"loadBalancerSku\":
        \"standard\",\n    \"loadBalancerProfile\": {\n     \"managedOutboundIPs\":
        {\n      \"count\": 1\n     },\n     \"effectiveOutboundIPs\": [\n      {\n
        \      \"id\": \"/subscriptions/00000000-0000-0000-0000-000000000000/resourceGroups/MC_clitest000001_cliakstest000001_westus2/providers/Microsoft.Network/publicIPAddresses/4733cb40-6904-4eee-8738-0544c26dbacf\"\n
        \     }\n     ]\n    },\n    \"podCidr\": \"10.244.0.0/16\",\n    \"serviceCidr\":
        \"10.0.0.0/16\",\n    \"dnsServiceIP\": \"10.0.0.10\",\n    \"dockerBridgeCidr\":
        \"172.17.0.1/16\",\n    \"outboundType\": \"loadBalancer\",\n    \"podCidrs\":
        [\n     \"10.244.0.0/16\"\n    ],\n    \"serviceCidrs\": [\n     \"10.0.0.0/16\"\n
        \   ],\n    \"ipFamilies\": [\n     \"IPv4\"\n    ]\n   },\n   \"maxAgentPools\":
        100,\n   \"disableLocalAccounts\": false,\n   \"securityProfile\": {}\n  },\n
        \ \"sku\": {\n   \"name\": \"Basic\",\n   \"tier\": \"Free\"\n  }\n }"
    headers:
      cache-control:
      - no-cache
      content-length:
      - '3037'
      content-type:
      - application/json
      date:
      - Fri, 13 May 2022 07:08:52 GMT
      expires:
      - '-1'
      pragma:
      - no-cache
      server:
      - nginx
      strict-transport-security:
      - max-age=31536000; includeSubDomains
      transfer-encoding:
      - chunked
      vary:
      - Accept-Encoding
      x-content-type-options:
      - nosniff
    status:
      code: 200
      message: OK
- request:
    body: null
    headers:
      Accept:
      - application/json
      Accept-Encoding:
      - gzip, deflate
      CommandName:
      - aks wait
      Connection:
      - keep-alive
      ParameterSetName:
      - -g -n --created
      User-Agent:
      - AZURECLI/2.36.0 azsdk-python-azure-mgmt-containerservice/19.1.0 Python/3.8.10
        (Linux-5.13.0-1023-azure-x86_64-with-glibc2.29)
    method: GET
    uri: https://management.azure.com/subscriptions/00000000-0000-0000-0000-000000000000/resourceGroups/clitest000001/providers/Microsoft.ContainerService/managedClusters/cliakstest000001?api-version=2022-04-01
  response:
    body:
      string: "{\n  \"id\": \"/subscriptions/00000000-0000-0000-0000-000000000000/resourcegroups/clitest000001/providers/Microsoft.ContainerService/managedClusters/cliakstest000001\",\n
        \ \"location\": \"westus2\",\n  \"name\": \"cliakstest000001\",\n  \"type\":
        \"Microsoft.ContainerService/ManagedClusters\",\n  \"properties\": {\n   \"provisioningState\":
        \"Succeeded\",\n   \"powerState\": {\n    \"code\": \"Running\"\n   },\n   \"kubernetesVersion\":
        \"1.22.6\",\n   \"currentKubernetesVersion\": \"1.22.6\",\n   \"dnsPrefix\":
        \"cliaksdns000002\",\n   \"fqdn\": \"cliaksdns000002-8476a451.hcp.westus2.azmk8s.io\",\n
        \  \"azurePortalFQDN\": \"cliaksdns000002-8476a451.portal.hcp.westus2.azmk8s.io\",\n
        \  \"agentPoolProfiles\": [\n    {\n     \"name\": \"nodepool1\",\n     \"count\":
        1,\n     \"vmSize\": \"Standard_DS2_v2\",\n     \"osDiskSizeGB\": 128,\n     \"osDiskType\":
        \"Managed\",\n     \"kubeletDiskType\": \"OS\",\n     \"maxPods\": 110,\n
        \    \"type\": \"VirtualMachineScaleSets\",\n     \"enableAutoScaling\": false,\n
        \    \"provisioningState\": \"Succeeded\",\n     \"powerState\": {\n      \"code\":
        \"Running\"\n     },\n     \"orchestratorVersion\": \"1.22.6\",\n     \"currentOrchestratorVersion\":
        \"1.22.6\",\n     \"enableNodePublicIP\": false,\n     \"mode\": \"System\",\n
        \    \"enableEncryptionAtHost\": false,\n     \"enableUltraSSD\": false,\n
        \    \"osType\": \"Linux\",\n     \"osSKU\": \"Ubuntu\",\n     \"nodeImageVersion\":
        \"AKSUbuntu-1804gen2containerd-2022.04.27\",\n     \"upgradeSettings\": {},\n
        \    \"enableFIPS\": false\n    }\n   ],\n   \"linuxProfile\": {\n    \"adminUsername\":
        \"azureuser\",\n    \"ssh\": {\n     \"publicKeys\": [\n      {\n       \"keyData\":
        \"ssh-rsa AAAAB3NzaC1yc2EAAAADAQABAAABAQDERxHFMvtfO/J7fRynxkHbIk5BUCHLqksWicg3tdvkWeAjqbxEyZi1Xw9QEXgwmXuFaUEUuMIPjPIWQjuhAlxJfesHNWKfdbIXVgayGOaENXTSkbthN3cCBKDTlQ3DFmahsYooXWCiIYWTNs+Da9K6/e2xXkVmxaVgjPCdxkfnGL/TbD5weHQP78ae9EWIqbOcwSjptiLQ4vXIP51fieoLdj960jj2YelYLmyi69CqkGXDpSEZ/3dOzISdPEUkk2T5uoPxnaer/+1X0VYURhnB8AOKTZyGn2o9TvQk3UkW3zKMYDhh6OES5dzx7g0Rp0V2dFYlJyAORZ3aVNdEpGFd
        azcli_aks_live_test@example.com\\n\"\n      }\n     ]\n    }\n   },\n   \"servicePrincipalProfile\":
        {\n    \"clientId\":\"00000000-0000-0000-0000-000000000001\"\n   },\n   \"nodeResourceGroup\":
        \"MC_clitest000001_cliakstest000001_westus2\",\n   \"enableRBAC\": true,\n
        \  \"networkProfile\": {\n    \"networkPlugin\": \"kubenet\",\n    \"loadBalancerSku\":
        \"Standard\",\n    \"loadBalancerProfile\": {\n     \"managedOutboundIPs\":
        {\n      \"count\": 1\n     },\n     \"effectiveOutboundIPs\": [\n      {\n
        \      \"id\": \"/subscriptions/00000000-0000-0000-0000-000000000000/resourceGroups/MC_clitest000001_cliakstest000001_westus2/providers/Microsoft.Network/publicIPAddresses/4733cb40-6904-4eee-8738-0544c26dbacf\"\n
        \     }\n     ]\n    },\n    \"podCidr\": \"10.244.0.0/16\",\n    \"serviceCidr\":
        \"10.0.0.0/16\",\n    \"dnsServiceIP\": \"10.0.0.10\",\n    \"dockerBridgeCidr\":
        \"172.17.0.1/16\",\n    \"outboundType\": \"loadBalancer\",\n    \"podCidrs\":
        [\n     \"10.244.0.0/16\"\n    ],\n    \"serviceCidrs\": [\n     \"10.0.0.0/16\"\n
        \   ],\n    \"ipFamilies\": [\n     \"IPv4\"\n    ]\n   },\n   \"maxAgentPools\":
        100,\n   \"disableLocalAccounts\": false,\n   \"securityProfile\": {}\n  },\n
        \ \"sku\": {\n   \"name\": \"Basic\",\n   \"tier\": \"Free\"\n  }\n }"
    headers:
      cache-control:
      - no-cache
      content-length:
      - '3039'
      content-type:
      - application/json
      date:
      - Fri, 13 May 2022 07:09:22 GMT
      expires:
      - '-1'
      pragma:
      - no-cache
      server:
      - nginx
      strict-transport-security:
      - max-age=31536000; includeSubDomains
      transfer-encoding:
      - chunked
      vary:
      - Accept-Encoding
      x-content-type-options:
      - nosniff
    status:
      code: 200
      message: OK
- request:
    body: null
    headers:
      Accept:
      - application/json
      Accept-Encoding:
      - gzip, deflate
      CommandName:
      - aks list
      Connection:
      - keep-alive
      ParameterSetName:
      - -g
      User-Agent:
      - AZURECLI/2.36.0 azsdk-python-azure-mgmt-containerservice/19.1.0 Python/3.8.10
        (Linux-5.13.0-1023-azure-x86_64-with-glibc2.29)
    method: GET
    uri: https://management.azure.com/subscriptions/00000000-0000-0000-0000-000000000000/resourceGroups/clitest000001/providers/Microsoft.ContainerService/managedClusters?api-version=2022-04-01
  response:
    body:
      string: "{\n  \"value\": [\n   {\n    \"id\": \"/subscriptions/00000000-0000-0000-0000-000000000000/resourcegroups/clitest000001/providers/Microsoft.ContainerService/managedClusters/cliakstest000001\",\n
        \   \"location\": \"westus2\",\n    \"name\": \"cliakstest000001\",\n    \"type\":
        \"Microsoft.ContainerService/ManagedClusters\",\n    \"properties\": {\n     \"provisioningState\":
        \"Succeeded\",\n     \"powerState\": {\n      \"code\": \"Running\"\n     },\n
        \    \"kubernetesVersion\": \"1.22.6\",\n     \"currentKubernetesVersion\":
        \"1.22.6\",\n     \"dnsPrefix\": \"cliaksdns000002\",\n     \"fqdn\": \"cliaksdns000002-8476a451.hcp.westus2.azmk8s.io\",\n
        \    \"azurePortalFQDN\": \"cliaksdns000002-8476a451.portal.hcp.westus2.azmk8s.io\",\n
        \    \"agentPoolProfiles\": [\n      {\n       \"name\": \"nodepool1\",\n
        \      \"count\": 1,\n       \"vmSize\": \"Standard_DS2_v2\",\n       \"osDiskSizeGB\":
        128,\n       \"osDiskType\": \"Managed\",\n       \"kubeletDiskType\": \"OS\",\n
        \      \"maxPods\": 110,\n       \"type\": \"VirtualMachineScaleSets\",\n
        \      \"enableAutoScaling\": false,\n       \"provisioningState\": \"Succeeded\",\n
        \      \"powerState\": {\n        \"code\": \"Running\"\n       },\n       \"orchestratorVersion\":
        \"1.22.6\",\n       \"currentOrchestratorVersion\": \"1.22.6\",\n       \"enableNodePublicIP\":
        false,\n       \"mode\": \"System\",\n       \"enableEncryptionAtHost\": false,\n
        \      \"enableUltraSSD\": false,\n       \"osType\": \"Linux\",\n       \"osSKU\":
        \"Ubuntu\",\n       \"nodeImageVersion\": \"AKSUbuntu-1804gen2containerd-2022.04.27\",\n
        \      \"upgradeSettings\": {},\n       \"enableFIPS\": false\n      }\n     ],\n
        \    \"linuxProfile\": {\n      \"adminUsername\": \"azureuser\",\n      \"ssh\":
        {\n       \"publicKeys\": [\n        {\n         \"keyData\": \"ssh-rsa AAAAB3NzaC1yc2EAAAADAQABAAABAQDERxHFMvtfO/J7fRynxkHbIk5BUCHLqksWicg3tdvkWeAjqbxEyZi1Xw9QEXgwmXuFaUEUuMIPjPIWQjuhAlxJfesHNWKfdbIXVgayGOaENXTSkbthN3cCBKDTlQ3DFmahsYooXWCiIYWTNs+Da9K6/e2xXkVmxaVgjPCdxkfnGL/TbD5weHQP78ae9EWIqbOcwSjptiLQ4vXIP51fieoLdj960jj2YelYLmyi69CqkGXDpSEZ/3dOzISdPEUkk2T5uoPxnaer/+1X0VYURhnB8AOKTZyGn2o9TvQk3UkW3zKMYDhh6OES5dzx7g0Rp0V2dFYlJyAORZ3aVNdEpGFd
        azcli_aks_live_test@example.com\\n\"\n        }\n       ]\n      }\n     },\n
        \    \"servicePrincipalProfile\": {\n      \"clientId\":\"00000000-0000-0000-0000-000000000001\"\n
        \    },\n     \"nodeResourceGroup\": \"MC_clitest000001_cliakstest000001_westus2\",\n
        \    \"enableRBAC\": true,\n     \"networkProfile\": {\n      \"networkPlugin\":
        \"kubenet\",\n      \"loadBalancerSku\": \"Standard\",\n      \"loadBalancerProfile\":
        {\n       \"managedOutboundIPs\": {\n        \"count\": 1\n       },\n       \"effectiveOutboundIPs\":
        [\n        {\n         \"id\": \"/subscriptions/00000000-0000-0000-0000-000000000000/resourceGroups/MC_clitest000001_cliakstest000001_westus2/providers/Microsoft.Network/publicIPAddresses/4733cb40-6904-4eee-8738-0544c26dbacf\"\n
        \       }\n       ]\n      },\n      \"podCidr\": \"10.244.0.0/16\",\n      \"serviceCidr\":
        \"10.0.0.0/16\",\n      \"dnsServiceIP\": \"10.0.0.10\",\n      \"dockerBridgeCidr\":
        \"172.17.0.1/16\",\n      \"outboundType\": \"loadBalancer\",\n      \"podCidrs\":
        [\n       \"10.244.0.0/16\"\n      ],\n      \"serviceCidrs\": [\n       \"10.0.0.0/16\"\n
        \     ],\n      \"ipFamilies\": [\n       \"IPv4\"\n      ]\n     },\n     \"maxAgentPools\":
        100,\n     \"disableLocalAccounts\": false,\n     \"securityProfile\": {}\n
        \   },\n    \"sku\": {\n     \"name\": \"Basic\",\n     \"tier\": \"Free\"\n
        \   }\n   }\n  ]\n }"
    headers:
      cache-control:
      - no-cache
      content-length:
      - '3252'
      content-type:
      - application/json
      date:
      - Fri, 13 May 2022 07:09:23 GMT
      expires:
      - '-1'
      pragma:
      - no-cache
      server:
      - nginx
      strict-transport-security:
      - max-age=31536000; includeSubDomains
      transfer-encoding:
      - chunked
      vary:
      - Accept-Encoding
      x-content-type-options:
      - nosniff
    status:
      code: 200
      message: OK
- request:
    body: null
    headers:
      Accept:
      - application/json
      Accept-Encoding:
      - gzip, deflate
      CommandName:
      - aks list
      Connection:
      - keep-alive
      ParameterSetName:
      - -g -o
      User-Agent:
      - AZURECLI/2.36.0 azsdk-python-azure-mgmt-containerservice/19.1.0 Python/3.8.10
        (Linux-5.13.0-1023-azure-x86_64-with-glibc2.29)
    method: GET
    uri: https://management.azure.com/subscriptions/00000000-0000-0000-0000-000000000000/resourceGroups/clitest000001/providers/Microsoft.ContainerService/managedClusters?api-version=2022-04-01
  response:
    body:
      string: "{\n  \"value\": [\n   {\n    \"id\": \"/subscriptions/00000000-0000-0000-0000-000000000000/resourcegroups/clitest000001/providers/Microsoft.ContainerService/managedClusters/cliakstest000001\",\n
        \   \"location\": \"westus2\",\n    \"name\": \"cliakstest000001\",\n    \"type\":
        \"Microsoft.ContainerService/ManagedClusters\",\n    \"properties\": {\n     \"provisioningState\":
        \"Succeeded\",\n     \"powerState\": {\n      \"code\": \"Running\"\n     },\n
        \    \"kubernetesVersion\": \"1.22.6\",\n     \"currentKubernetesVersion\":
        \"1.22.6\",\n     \"dnsPrefix\": \"cliaksdns000002\",\n     \"fqdn\": \"cliaksdns000002-8476a451.hcp.westus2.azmk8s.io\",\n
        \    \"azurePortalFQDN\": \"cliaksdns000002-8476a451.portal.hcp.westus2.azmk8s.io\",\n
        \    \"agentPoolProfiles\": [\n      {\n       \"name\": \"nodepool1\",\n
        \      \"count\": 1,\n       \"vmSize\": \"Standard_DS2_v2\",\n       \"osDiskSizeGB\":
        128,\n       \"osDiskType\": \"Managed\",\n       \"kubeletDiskType\": \"OS\",\n
        \      \"maxPods\": 110,\n       \"type\": \"VirtualMachineScaleSets\",\n
        \      \"enableAutoScaling\": false,\n       \"provisioningState\": \"Succeeded\",\n
        \      \"powerState\": {\n        \"code\": \"Running\"\n       },\n       \"orchestratorVersion\":
        \"1.22.6\",\n       \"currentOrchestratorVersion\": \"1.22.6\",\n       \"enableNodePublicIP\":
        false,\n       \"mode\": \"System\",\n       \"enableEncryptionAtHost\": false,\n
        \      \"enableUltraSSD\": false,\n       \"osType\": \"Linux\",\n       \"osSKU\":
        \"Ubuntu\",\n       \"nodeImageVersion\": \"AKSUbuntu-1804gen2containerd-2022.04.27\",\n
        \      \"upgradeSettings\": {},\n       \"enableFIPS\": false\n      }\n     ],\n
        \    \"linuxProfile\": {\n      \"adminUsername\": \"azureuser\",\n      \"ssh\":
        {\n       \"publicKeys\": [\n        {\n         \"keyData\": \"ssh-rsa AAAAB3NzaC1yc2EAAAADAQABAAABAQDERxHFMvtfO/J7fRynxkHbIk5BUCHLqksWicg3tdvkWeAjqbxEyZi1Xw9QEXgwmXuFaUEUuMIPjPIWQjuhAlxJfesHNWKfdbIXVgayGOaENXTSkbthN3cCBKDTlQ3DFmahsYooXWCiIYWTNs+Da9K6/e2xXkVmxaVgjPCdxkfnGL/TbD5weHQP78ae9EWIqbOcwSjptiLQ4vXIP51fieoLdj960jj2YelYLmyi69CqkGXDpSEZ/3dOzISdPEUkk2T5uoPxnaer/+1X0VYURhnB8AOKTZyGn2o9TvQk3UkW3zKMYDhh6OES5dzx7g0Rp0V2dFYlJyAORZ3aVNdEpGFd
        azcli_aks_live_test@example.com\\n\"\n        }\n       ]\n      }\n     },\n
        \    \"servicePrincipalProfile\": {\n      \"clientId\":\"00000000-0000-0000-0000-000000000001\"\n
        \    },\n     \"nodeResourceGroup\": \"MC_clitest000001_cliakstest000001_westus2\",\n
        \    \"enableRBAC\": true,\n     \"networkProfile\": {\n      \"networkPlugin\":
        \"kubenet\",\n      \"loadBalancerSku\": \"Standard\",\n      \"loadBalancerProfile\":
        {\n       \"managedOutboundIPs\": {\n        \"count\": 1\n       },\n       \"effectiveOutboundIPs\":
        [\n        {\n         \"id\": \"/subscriptions/00000000-0000-0000-0000-000000000000/resourceGroups/MC_clitest000001_cliakstest000001_westus2/providers/Microsoft.Network/publicIPAddresses/4733cb40-6904-4eee-8738-0544c26dbacf\"\n
        \       }\n       ]\n      },\n      \"podCidr\": \"10.244.0.0/16\",\n      \"serviceCidr\":
        \"10.0.0.0/16\",\n      \"dnsServiceIP\": \"10.0.0.10\",\n      \"dockerBridgeCidr\":
        \"172.17.0.1/16\",\n      \"outboundType\": \"loadBalancer\",\n      \"podCidrs\":
        [\n       \"10.244.0.0/16\"\n      ],\n      \"serviceCidrs\": [\n       \"10.0.0.0/16\"\n
        \     ],\n      \"ipFamilies\": [\n       \"IPv4\"\n      ]\n     },\n     \"maxAgentPools\":
        100,\n     \"disableLocalAccounts\": false,\n     \"securityProfile\": {}\n
        \   },\n    \"sku\": {\n     \"name\": \"Basic\",\n     \"tier\": \"Free\"\n
        \   }\n   }\n  ]\n }"
    headers:
      cache-control:
      - no-cache
      content-length:
      - '3252'
      content-type:
      - application/json
      date:
      - Fri, 13 May 2022 07:09:24 GMT
      expires:
      - '-1'
      pragma:
      - no-cache
      server:
      - nginx
      strict-transport-security:
      - max-age=31536000; includeSubDomains
      transfer-encoding:
      - chunked
      vary:
      - Accept-Encoding
      x-content-type-options:
      - nosniff
    status:
      code: 200
      message: OK
- request:
    body: null
    headers:
      Accept:
      - application/json
      Accept-Encoding:
      - gzip, deflate
      CommandName:
      - aks show
      Connection:
      - keep-alive
      ParameterSetName:
      - -g -n
      User-Agent:
      - AZURECLI/2.36.0 azsdk-python-azure-mgmt-containerservice/19.1.0 Python/3.8.10
        (Linux-5.13.0-1023-azure-x86_64-with-glibc2.29)
    method: GET
    uri: https://management.azure.com/subscriptions/00000000-0000-0000-0000-000000000000/resourceGroups/clitest000001/providers/Microsoft.ContainerService/managedClusters/cliakstest000001?api-version=2022-04-01
  response:
    body:
      string: "{\n  \"id\": \"/subscriptions/00000000-0000-0000-0000-000000000000/resourcegroups/clitest000001/providers/Microsoft.ContainerService/managedClusters/cliakstest000001\",\n
        \ \"location\": \"westus2\",\n  \"name\": \"cliakstest000001\",\n  \"type\":
        \"Microsoft.ContainerService/ManagedClusters\",\n  \"properties\": {\n   \"provisioningState\":
        \"Succeeded\",\n   \"powerState\": {\n    \"code\": \"Running\"\n   },\n   \"kubernetesVersion\":
        \"1.22.6\",\n   \"currentKubernetesVersion\": \"1.22.6\",\n   \"dnsPrefix\":
        \"cliaksdns000002\",\n   \"fqdn\": \"cliaksdns000002-8476a451.hcp.westus2.azmk8s.io\",\n
        \  \"azurePortalFQDN\": \"cliaksdns000002-8476a451.portal.hcp.westus2.azmk8s.io\",\n
        \  \"agentPoolProfiles\": [\n    {\n     \"name\": \"nodepool1\",\n     \"count\":
        1,\n     \"vmSize\": \"Standard_DS2_v2\",\n     \"osDiskSizeGB\": 128,\n     \"osDiskType\":
        \"Managed\",\n     \"kubeletDiskType\": \"OS\",\n     \"maxPods\": 110,\n
        \    \"type\": \"VirtualMachineScaleSets\",\n     \"enableAutoScaling\": false,\n
        \    \"provisioningState\": \"Succeeded\",\n     \"powerState\": {\n      \"code\":
        \"Running\"\n     },\n     \"orchestratorVersion\": \"1.22.6\",\n     \"currentOrchestratorVersion\":
        \"1.22.6\",\n     \"enableNodePublicIP\": false,\n     \"mode\": \"System\",\n
        \    \"enableEncryptionAtHost\": false,\n     \"enableUltraSSD\": false,\n
        \    \"osType\": \"Linux\",\n     \"osSKU\": \"Ubuntu\",\n     \"nodeImageVersion\":
        \"AKSUbuntu-1804gen2containerd-2022.04.27\",\n     \"upgradeSettings\": {},\n
        \    \"enableFIPS\": false\n    }\n   ],\n   \"linuxProfile\": {\n    \"adminUsername\":
        \"azureuser\",\n    \"ssh\": {\n     \"publicKeys\": [\n      {\n       \"keyData\":
        \"ssh-rsa AAAAB3NzaC1yc2EAAAADAQABAAABAQDERxHFMvtfO/J7fRynxkHbIk5BUCHLqksWicg3tdvkWeAjqbxEyZi1Xw9QEXgwmXuFaUEUuMIPjPIWQjuhAlxJfesHNWKfdbIXVgayGOaENXTSkbthN3cCBKDTlQ3DFmahsYooXWCiIYWTNs+Da9K6/e2xXkVmxaVgjPCdxkfnGL/TbD5weHQP78ae9EWIqbOcwSjptiLQ4vXIP51fieoLdj960jj2YelYLmyi69CqkGXDpSEZ/3dOzISdPEUkk2T5uoPxnaer/+1X0VYURhnB8AOKTZyGn2o9TvQk3UkW3zKMYDhh6OES5dzx7g0Rp0V2dFYlJyAORZ3aVNdEpGFd
        azcli_aks_live_test@example.com\\n\"\n      }\n     ]\n    }\n   },\n   \"servicePrincipalProfile\":
        {\n    \"clientId\":\"00000000-0000-0000-0000-000000000001\"\n   },\n   \"nodeResourceGroup\":
        \"MC_clitest000001_cliakstest000001_westus2\",\n   \"enableRBAC\": true,\n
        \  \"networkProfile\": {\n    \"networkPlugin\": \"kubenet\",\n    \"loadBalancerSku\":
        \"Standard\",\n    \"loadBalancerProfile\": {\n     \"managedOutboundIPs\":
        {\n      \"count\": 1\n     },\n     \"effectiveOutboundIPs\": [\n      {\n
        \      \"id\": \"/subscriptions/00000000-0000-0000-0000-000000000000/resourceGroups/MC_clitest000001_cliakstest000001_westus2/providers/Microsoft.Network/publicIPAddresses/4733cb40-6904-4eee-8738-0544c26dbacf\"\n
        \     }\n     ]\n    },\n    \"podCidr\": \"10.244.0.0/16\",\n    \"serviceCidr\":
        \"10.0.0.0/16\",\n    \"dnsServiceIP\": \"10.0.0.10\",\n    \"dockerBridgeCidr\":
        \"172.17.0.1/16\",\n    \"outboundType\": \"loadBalancer\",\n    \"podCidrs\":
        [\n     \"10.244.0.0/16\"\n    ],\n    \"serviceCidrs\": [\n     \"10.0.0.0/16\"\n
        \   ],\n    \"ipFamilies\": [\n     \"IPv4\"\n    ]\n   },\n   \"maxAgentPools\":
        100,\n   \"disableLocalAccounts\": false,\n   \"securityProfile\": {}\n  },\n
        \ \"sku\": {\n   \"name\": \"Basic\",\n   \"tier\": \"Free\"\n  }\n }"
    headers:
      cache-control:
      - no-cache
      content-length:
      - '3039'
      content-type:
      - application/json
      date:
      - Fri, 13 May 2022 07:09:24 GMT
      expires:
      - '-1'
      pragma:
      - no-cache
      server:
      - nginx
      strict-transport-security:
      - max-age=31536000; includeSubDomains
      transfer-encoding:
      - chunked
      vary:
      - Accept-Encoding
      x-content-type-options:
      - nosniff
    status:
      code: 200
      message: OK
- request:
    body: null
    headers:
      Accept:
      - application/json
      Accept-Encoding:
      - gzip, deflate
      CommandName:
      - aks get-credentials
      Connection:
      - keep-alive
      Content-Length:
      - '0'
      ParameterSetName:
      - -g -n --file
      User-Agent:
      - AZURECLI/2.36.0 azsdk-python-azure-mgmt-containerservice/19.1.0 Python/3.8.10
        (Linux-5.13.0-1023-azure-x86_64-with-glibc2.29)
    method: POST
    uri: https://management.azure.com/subscriptions/00000000-0000-0000-0000-000000000000/resourceGroups/clitest000001/providers/Microsoft.ContainerService/managedClusters/cliakstest000001/listClusterUserCredential?api-version=2022-04-01
  response:
    body:
      string: "{\n  \"kubeconfigs\": [\n   {\n    \"name\": \"clusterUser\",\n    \"value\":
        \"YXBpVmVyc2lvbjogdjEKY2x1c3RlcnM6Ci0gY2x1c3RlcjoKICAgIGNlcnRpZmljYXRlLWF1dGhvcml0eS1kYXRhOiBMUzB0TFMxQ1JVZEpUaUJEUlZKVVNVWkpRMEZVUlMwdExTMHRDazFKU1VVMlJFTkRRWFJEWjBGM1NVSkJaMGxSU1VST1JYaGpiakpUYms1eU0wcE5lQzlpVlZWWWVrRk9RbWRyY1docmFVYzVkekJDUVZGelJrRkVRVTRLVFZGemQwTlJXVVJXVVZGRVJYZEthbGxVUVdkR2R6QjVUV3BCTVUxVVRYZE9hbFV5VFVSR1lVZEJPSGxOUkZWNVRVUlZlRTE2UVROTlJGbDNUVlp2ZHdwRVZFVk1UVUZyUjBFeFZVVkJlRTFEV1RKRmQyZG5TV2xOUVRCSFExTnhSMU5KWWpORVVVVkNRVkZWUVVFMFNVTkVkMEYzWjJkSlMwRnZTVU5CVVVSTUNpOTJSblJxZHk4elZrMDRVRUlyZDBodlMybDVSbTg1TkdaeFVIaFRUVEJhUjNoNU9XeDFPVlY1SzFKVFMzTktRalp2VERONFJISTFSRFp4SzJzdlYya0tNRWh6VWtSVGVqaFRaSHBTVWtKa1RXdEZSaXQzTHpaMVIwdExiRmd2Wm5oSk9YUXhjbGhHTjA4eGFFaEhOVmd6TWpaeFEwaEVPRTU1VmxOMmJISjBhQXB5ZDJVMmRHSjNkV1ZUUjJ4TllVOXNlRnBXT1ZOa2VrSmpjblkwVjNWT1NVY3pMMHB0VFdFM1ZWcERUbmwyVUdFME1WTlhkMHd6Y0RkbFNXbHJTRWxOQ2xORk1sZzBiMUZJY0ZWT1UwbHRaalJ5Y2tOWGFsTnpLMk5EWWxRMVVVUlBWV2RMV2tSTVQzbEdTR0k0UW5GelZqRTVaR2xUTlRJNVkwSllZbm8xVGpFS2RYQm9UalZ5TVRsb0x5OTNSemRCZFRCSVQxcExkMmhMVlcxaVJXcDJPRk5IVWxJdll6ZENWMDQ1V21GbE9GYzVPVzFKT1dzNFYwSlBXRnB4YzJreFVBcFJXbFJsVW5sRWJYazJOblJqVDJkcFlWcGpSRkZUVm1OaVpqQjFLeXRHYjA1MVdqTmhZMnAxTjBod1JXcFhSbTAwWTB0dlpVeFBTbFJVWlhOd1lUVjJDbWgzTDJGMFpVNDNaVlptU2xkRlRYbHZVMFl3T1RSVlIyNDFiWFk1WWpkT2VscHpUV0p6UzI1VFltUTVNMWxFZFc4eVFuUmtiVTVtY0RjeFZHSXdObEFLTkhBNVUwY3lSMWg0Y210d1NtMUZiRFpZUVdReVlXY3JUMnhYTlhsQmNYTmhhVEp3ZW1SVFJHNUthVlZTVDFWaVkwbFRTVEZ1V1ZOaldDdFpiMWQ1UlFwWVRWRlVRVlJ1Y0dkblQwSmlMMVJET1dONGRpczFlVk5xYkdScU1rdFlUSEZyTTBKNWVEVkVlVzQ0WW5KeE9YQlRTRXAwYkRkbVQxQlJkMlJ4SzJvMkNrMDRaU3RMVDNOemEyeDZNRVlyVjBkeFVUZDJVMFJhVERrNVNXWldRV3QzV1hZMVdFZzJaa3BhY205YWMwWkxXVVpPUm5KaVlVZFJTa05vTUdNemFFc0tiR3A0VUdSWFdWTk5hbk5ITUV4VFJuaHVjV1JsY0ZobldTOTNVV1JFS3pKRlkxVnFiVmRDWldaM1NVUkJVVUZDYnpCSmQxRkVRVTlDWjA1V1NGRTRRZ3BCWmpoRlFrRk5RMEZ4VVhkRWQxbEVWbEl3VkVGUlNDOUNRVlYzUVhkRlFpOTZRV1JDWjA1V1NGRTBSVVpuVVZWeWNVMWpVbU5sTlVoQ1ZrY3lSMk5VQ2xRNGR6SnlZVGMzUzFscmQwUlJXVXBMYjFwSmFIWmpUa0ZSUlV4Q1VVRkVaMmRKUWtGRGVIVk5VWEpSY21NNWFGUkdXbE52Wm5wWU5IQk1ORmRJZWpVS1dGVXpia1UwTVdOeGNTczJkREZTV21kRVRUVmpORzEwVXl0S1kyUmllVU5pT1M5WlYybHBVV1YzZW5sTFlsUm1haXM1TnpSVGVGZG9SVmxLUTNoWlRncHpTakZWSzFGT2FHdzVhMUJYUVdSTFpFTnFVRnB4ZW5GTlVUZHdSa2RvYURKb1NUTlJaV3BOVTFwQlJDOW9lWFF5S3pod2RqZFRiMnA1WVU1aFJXNVZDa2hSSzJ4VmVHWkxjSGx3TmtWVFEwVlFNR1Y1YTNWeFRtZFpSR2tyWWxwUlRHdFFUVmQ2ZUd4clIwNVBiWGxRWm5GdFVXdENiR3M1WTBWV1VUZENiRzhLYnpab1pHUnRRVGRoYjIwMVdtaHNjMnBCVjBOR1lrTlpiRFkxVGxCUlVVZG9TRnB3TkRWeFdIQjNiemhFYjI5TkwyMDRXa0ZFYjB3eVlqTmFOazlhY3dvMGQzZDRWbmt3ZGxKMlJrbHVWbFJtWmtoa2NrbFRha292YkRGa2NrTjZNelZUWnpoYVVISTViSGxpSzBWd2RrWndMMVo1T0RCMlRXcFRRMHRMZUM5eENuWnNSM1Z2ZFc1aFZYZE9TMkZKWTBKVmJYSlpXazFvU1hSQlowZE9NekI2VUZCRUwycEljM2hLYjNGakswTk1kRFJqVVhSR1RUaFFkMUoyZEhwclpXZ0tkV3MwTTIxWlptZ3hhRXQ2UTAxaWFuZHlSWEUwTmxoMlExVlFSMDFQTkVONFRFTkdNRUpNUTFoSFJYUkhLME0wVGtOUU5tOHdSRGhqUWs5Vk0wcFNVQW8wT0RsVWJuQlpWbGx6Tm14bWVGZG1aMVJuTm05RGNsRkpZbnB1WWpCVU0ydFlORlI1UmxkdldUQjFWMmR5TDBoMGJYQlJRVE41WjNwa01IRmpka2hoQ2psdU5WcG9XSGxuVUVkU1RpOUJZWGx6Wm5walpqUkRUVEUzUlZaYU1FWmxkMlpXTVhoa2JWWnNRVVZzTWxGRVZtaEpWelY2WVdONlR5OUdTR1J2YkZjS1dGRXlWVFJ3TjJaT2VXbEZiMGd3TUZWdWFUbE1lSEpIU0dFMFdsbE5RekZxV1hCTmMwNXliME0yTkdkbmVUSXpaSEpxVlRaWGEzUTNjMmhZV0M5ak5ncERaV3d4U0dRNVVtWnVaMEU0VEVjMkNpMHRMUzB0UlU1RUlFTkZVbFJKUmtsRFFWUkZMUzB0TFMwSwogICAgc2VydmVyOiBodHRwczovL2NsaWFrc2Ruc2s2bGJsYWgtODQ3NmE0NTEuaGNwLndlc3R1czIuYXptazhzLmlvOjQ0MwogIG5hbWU6IGNsaWFrc3Rlc3RwdnB5YWcKY29udGV4dHM6Ci0gY29udGV4dDoKICAgIGNsdXN0ZXI6IGNsaWFrc3Rlc3RwdnB5YWcKICAgIHVzZXI6IGNsdXN0ZXJVc2VyX2NsaXRlc3RxZmNndG81aWV5X2NsaWFrc3Rlc3RwdnB5YWcKICBuYW1lOiBjbGlha3N0ZXN0cHZweWFnCmN1cnJlbnQtY29udGV4dDogY2xpYWtzdGVzdHB2cHlhZwpraW5kOiBDb25maWcKcHJlZmVyZW5jZXM6IHt9CnVzZXJzOgotIG5hbWU6IGNsdXN0ZXJVc2VyX2NsaXRlc3RxZmNndG81aWV5X2NsaWFrc3Rlc3RwdnB5YWcKICB1c2VyOgogICAgY2xpZW50LWNlcnRpZmljYXRlLWRhdGE6IExTMHRMUzFDUlVkSlRpQkRSVkpVU1VaSlEwRlVSUzB0TFMwdENrMUpTVVpJVkVORFFYZFhaMEYzU1VKQlowbFJTRzlJVkdWTlRtSTNZbGN5VFdsdGFqQlJWRzh5VkVGT1FtZHJjV2hyYVVjNWR6QkNRVkZ6UmtGRVFVNEtUVkZ6ZDBOUldVUldVVkZFUlhkS2FsbFVRV1ZHZHpCNVRXcEJNVTFVVFhkT2FsVXlUVVJHWVVaM01IbE9SRUV4VFZSTmQwNTZRVEpOUkVaaFRVUkJlQXBHZWtGV1FtZE9Wa0pCYjFSRWJrNDFZek5TYkdKVWNIUlpXRTR3V2xoS2VrMVNWWGRGZDFsRVZsRlJSRVYzZUhSWldFNHdXbGhLYW1KSGJHeGlibEYzQ21kblNXbE5RVEJIUTFOeFIxTkpZak5FVVVWQ1FWRlZRVUUwU1VORWQwRjNaMmRKUzBGdlNVTkJVVU56T0RCS09XZHhZMUUxUmtwUGRXZHdSSFIxYUZJS2VGaE1PVTlKV1hNclFraFZjblpMVVdFNWNGZDNVVTR4V1dKcVFqaFJVbWxPZVRGTFNYRTNRbWx1ZFZkRmFtTlRUelpyWkNzNGExcElkRWQ0TDAxalpnbzFTMEZKYVZKdmRsbFViMGRSUm5OdFVWVTRXSEpLU0dGWmFDdFZkbUpJV1RGYVRWTnVVblJ3YUhNMWFYZDFjM1JxZGtRMVIya3hlSEkzVlhWUWVXZFBDakZMU0ZWTlQwSkVlVmRwWXpGUVVraHpXbWRETkVWcmJIaEpRazVCYjNGRVJVWmlSSGxRYXpaeksxRm5Ua05hVHpnNFptTnZOQzlSUTJaeFdGZzNSMm9LZVZwd05sUm9kREEwTm14alFUVldORVZvWlVZMFpuUmlZV3BzU0VWS1VVWjZiRE5WYVRCRE1qWXdUbUpzUXk5RFZVMW9UMVpoUm1zMFVtRnJiRGN5VndveGVIcFVLMk5rWkZOb1MxUXdWMUJ2UVVVNGRVWjBSMWhNU1ZWb1ZHVkxiekJpV0ZSa1kxQldlWGxDT0dGc1RUbHNVV3hGYUhvcldGbDVaV2RKTXpSSUNrTjBSV05TTlZSbFMzbDViVGxwVGtOaE1rSTVUVEZ1TXpoQmNIcHBhRlkySzJOdVZWTnNaRW92VEVOMGN6VTRkRU41TDJWdmIySkpXVkp6Vm1vdksyOEtWRGxrUmpZNVJYUllaRzV5Wm1KTU5sZFNOaTkzT0UwNWJFcDFaMmxQVDFrNVpqSjRORlkxV0ZwUWFtRjNjek12YUdwRmRVZzFkRmRoY3pCcFVqVjFRd3BYYTNVek1sVmhjSEpoVFN0UWFqWkJRalpxTjJOMllqbFpPR3hVWTIxV1RqWjNRbU5IVWs1SmVXcGpUbWxZUm05WFVXUllTa1pzVlZodEwwRkVla2xMQ21SU1lVOVBTekZxYWs1dmFXVm9Ta3gyYWxkVmVpOUhOVEZxUTFCT1EwdEhkMnczY0ZZNGJFMXFkMmxyWnpoYU5rZFBZaXR0Y2k5eGQyZDVaMlZCY0VzS1pIcDRjVTR3UW5KaGIyRmljM00yUWtKM1VFRnZOa1F4VFVRdlZWVjVWa3hNWm5kaVJVaG5XVXAxTW5ScU5sUkJVazFzUVZrclNUWnVjbU5wUlhSb1RBcHJRa0kyVkV4WU5XWXhabkJIYWpkdE1HMTNiMWQzU1VSQlVVRkNiekZaZDFaRVFVOUNaMDVXU0ZFNFFrRm1PRVZDUVUxRFFtRkJkMFYzV1VSV1VqQnNDa0pCZDNkRFoxbEpTM2RaUWtKUlZVaEJkMGwzUkVGWlJGWlNNRlJCVVVndlFrRkpkMEZFUVdaQ1owNVdTRk5OUlVkRVFWZG5RbE4xYjNoNFJuZzNhMk1LUmxWaVdWcDRUbEI2UkdGMGNuWnpjR2xVUVU1Q1oydHhhR3RwUnpsM01FSkJVWE5HUVVGUFEwRm5SVUYxY1ZSaVJYbzJiWE5aYTJwQ2JtVlhhaTlRUXdvMWFsSTNiVGQ0Y1N0dk9FVTBRVlk0U1RaeGN6UXhkblpXVUU5VE1WWlFjRmxtUm5OcGN6ZEpOVFoyY0dkUVZFMVRjR3QyTkZjdlNuZEVZMEZSTkVwUUNrSm1NbTAxTlhkWFJFeDNWSEkxUzFock5tWXpNRUoyYlV4cWFubG5NMlUwV1VJd1JrYzJhbWhNYUd0aWNFOXhTWFJzYW1rMmFYWjRia2haVGxwVFowSUthVUZzTDFCSVpWRnFaakpXVEV0Wk1GY3dOekpWUVdKYWFrcFJTVmgyV0dKaE0weElOVmhuVlVoYVducDViMUJSUWtWdE4xWnZaekJrZERVeWVGWkNWUXBOYUZJNFozZzVabEpUY3k5Uk9GRlFja0lyWlZBNVZ6QXZaR3MzTTFsMFYyMDJRMDEzZDNONVYyVTFiSEZVWm5jMFNrOHJSR05KV1hKbE5IZHpOMkpuQ2pSbE1HeFZiSEJ0UTFadVVHNTNhQzkxTkRWdFZGRmpUVFJ1Tld4TlJDdE5OMDFGUVU4NFoyczBLM0JxZDFWNWVEVXlhV0Z0TTNwS1NVdDVlSEY1ZWxZS1pqaDNOMVV3VXpKbE9XSXlSWGxHWVZKRWNFUjFTbE5YUnpRemNrUlphak5YYlRselZsVkxRelEzY1U4eU1uaDZZbE0yWlhaWU1WRk1hblZDWW1KM2NRcGhPRmh6ZW1WMk1WTndRamQxZDFacFYwUldUSEF2T0hKVWRrdFRhMkZTTTBKT1lXRm1XbVZEZWpkUWIxTlhXVUo2T1RGQ01VTnVMMjFMVWxGS1JuaFZDa2cwZERad1IzSnZNM1kzVjBReFVWUXlhV2xUTjA5dU9IbEhObm8yUW5KUVIyUklSRk5hTUdRM2VrMTVUVFkyTjNoQ09YVXZaRkZqTUZOMVlsUlhVbklLVVRKcFVIRnJSSEZxTkRGS1JHTjFiMWMxTTJwNk1Ha3llalZ4VVVWaVFuRlJjblppUjB4U09GZ3hWVFJ2YkV4SFVtMVpjbUZVVWtOMk56Sm5ObWszU3dwM1QxaHJlVTFyTVRsSFRGUjJOVlZRZG5vd2FsUm1UREJXTVdkMGVFeFpTRVZ6U2twWVUxUXpjV2w1V1dGeFF6aHdNSEV4UjFnclpsRm9NMWhMT0Vkc0NtNXlaemQ2UjNkQlFUUkVjVUYwTW14aWVGWklaR0ozUFFvdExTMHRMVVZPUkNCRFJWSlVTVVpKUTBGVVJTMHRMUzB0Q2c9PQogICAgY2xpZW50LWtleS1kYXRhOiBMUzB0TFMxQ1JVZEpUaUJTVTBFZ1VGSkpWa0ZVUlNCTFJWa3RMUzB0TFFwTlNVbEtTMEZKUWtGQlMwTkJaMFZCY2xCT1EyWlpTMjVGVDFKVFZISnZTMUUzWW05VlkxWjVMMVJwUjB4UVoxSXhTemQ1YTBkMllWWnpSVVJrVjBjMENuZG1SVVZaYW1OMFUybExkWGRaY0Rkc2FFa3pSV3AxY0VobWRrcEhVamRTYzJaNlNFZ3JVMmREU1d0aFRESkZOa0pyUW1KS2EwWlFSalo1VWpKdFNXWUtiRXd5ZURKT1YxUkZjREJpWVZsaVQxbHpUSEpNV1RkM0sxSnZkR05oS3pGTWFqaHZSSFJUYURGRVJHZFJPR3h2Yms1VU1GSTNSMWxCZFVKS1NtTlRRUXBVVVV0TFozaENWM2M0YWpWUGNsQnJTVVJSYlZSMlVFZ3pTMDlRTUVGdU5td3hLM2h2T0cxaFpXczBZbVJQVDNCWVFVOVdaVUpKV0dobFNEZFhNbTgxQ2xKNFExVkNZelZrTVVsMFFYUjFkRVJYTlZGMmQyeEVTVlJzVjJoYVQwVlhjRXBsT1d4MFkyTXdMMjVJV0ZWdlUyczVSbW8yUVVKUVRHaGlVbXg1ZVVZS1NWVXphWEZPUnpFd00xaEVNV056WjJaSGNGUlFXbFZLVWtsakwyd3lUVzV2UTA0clFuZHlVa2hGWlZVemFYTnpjSFpaYWxGdGRHZG1WRTVhT1M5QlN3cGpORzlXWlhadVNqRkZjRmhUWm5sM2NtSlBaa3hSYzNZemNVdEhlVWRGWWtaWkx5OXhSUzlZVW1WMlVreFdNMW8yTXpKNUsyeHJaWFk0VUVSUVdsTmlDbTlKYW1wdFVGZzVjMlZHWlZZeVZEUXljMHhPTHpSWmVFeG9LMkpXYlhKT1NXdGxZbWRzY0V4ME9XeEhjV0V5YWxCcU5DdG5RV1Z2S3pOTU1pOVhVRW9LVlROS2JGUmxjMEZZUW10VVUwMXZNMFJaYkhoaFJtdElWbmxTV2xaR05YWjNRVGg1UTI1VlYycHFhWFJaTkhwaFNXNXZVMU0zTkRGc1RTOTRkV1JaZHdwcWVsRnBhSE5LWlRaV1prcFVTVGhKY0VsUVIyVm9hbTB2Y0hFdk5uTkpUVzlJWjB0VGJtTTRZV3BrUVdFeWNVZHROMHhQWjFGalJIZExUMmM1VkVFdkNqRkdUV3hUZVRNNFIzaENORWREWW5SeVdTdHJkMFZVU2xGSFVHbFBjRFl6U1doTVdWTTFRVkZsYTNreEsxZzVXRFpTYnlzMWRFcHpTMFp6UTBGM1JVRUtRVkZMUTBGblFVNHpRMFJFT1dsb01WUm9ZbUZuUlZrMlZIWnZiazB5SzFodk1sQTVWSEJRTDA4eFdIUkNVR1Z0V2tOc2JYbHpTVWh4VFhveFNXWTNZZ3BLYUZKcVNtcHVjRTlQVWpRM1dtTk1PVUpYVm10allUQlJUa2RyVjB0dlMyaFNTVFJKWXpaSmJXSmxNRkpTSzFabmFISmxTMWRpYldkS01EQkNNRzFYQ2tGRmEyMUdPSFZMVm5CNVMwNW9OVkp0UTNRd1NrOVRZMHBEZFU1d1RGTnFWVXBrYjFZd1pYVTJaRWcxZGs0eU1YWlZkV1pZZWxBME9TczRjSFZpUmpZS1ZubDZRalkxUTI5c1FWWk9OVzVPY0RGNVJ6ZFNiRVo1ZFVKVFFWUTNUekZuV0ZSd01WTlVTbGgyUVc1bmVYVnVZWGRwT1hSeVIwbGFSMlUwV0RKV1pBcHNlSFJGYWxjMFJXUk5aWFpDZEVwSGJFMDBkVk15ZFVwSVV5OTNWM0ZVVVhndksxZEdhekpQTUhkVWVXNXlUelYxWkVweFJIZE9UVTh2VjJsSFkzYzRDbVZtSzB4eWJ5dFlOazR4Y1RObWNUQktla3RPWVRCRVRuTkpjREF6UlZwd1JsRTBTalZLYUhCVU4xcHFlbkZJWjNWcU4wRTJRbTlxV0ZwVlVIYzNUV01LT1RrMmNDOHJiVVpDVEd0NWNqWnRPWGQyTkZBcmVpdHRlVU0wTW1SNVJUSXJTV1J1UWtwbUsyUXZjRzFJVmtKblRHWXJPRXQxWm1NclkyZHhWRXd2Tmdwck4xZFBOakJUY210bVNGaERSSFJxWVRJMFFXUnBOVkkyTkhjd1YyUnNWVTlYZFVkcWRETTJRMW96VmpKNE1YUk1WMnhEV25WYWRsUlZiM1J1TVhZckNqYzFWR2RqU2pKT2JXSnRSMnd6V2toWk1YZ3djREF4VFVweWFXeExlakZRT1ZoamRWSmtUalpFU2pCcFZESmFjM0ExVERWNVltODFXRTVEYldkcVVFMEtjRUZCY2twM01FeFVVV0ZWTUM5cVpFTndaVmN4Vmt0d1UwbGFiMmg1YlVGalozSkVNMEpHVlVjeldrSkNUa05tSzFoSlF5OXhjRmRtTDJweFpVb3pNd3BoTVhweU5FOHpXRFJQYTBsaE5tTk1aRXNyUWtaaE5FSTRRMlEwTDNGT1VVRTVjbkkxUTFkNk1HTk9jSE4wZFVRMFVVdERRVkZGUVRKaE4yaFhWMnB3Q25Sc016RkhlbUpZVnpOQmFFbzFTWGhWUVVocmNtOXBTME5RYW00MUsxRnNVMEZRWmtaWll5OWFWM0l6U0VOcVMxcDRVMjFhZUc0eWFHOURSV00zY1hJS2NHVktiVnBXTnpaa2FtTlVka1ZPTW1oWllYTTVkM2xNVUV4UU1IaGtjelp4WVZVMVlXazBOM2MzUVN0bFMwZHNlbTVWTW1waGVtVkRNbE5EUjJzeFpBcFJUV2x3V0dKeFNtSldOalpGVGsxcFpsZzBVSFpYSzFGcGJVVnBPVzltWTI0ME1FUk1ZazFJU2tOVVRWWlNjbTVxTWpjemRucHdZMEZPUWxRcmJsbG9DbU56YVVFd1dUbEphVVppTmpGcFFuUlRTalo1VDA0ck9XVjJWM2hQYm1GbWN6UllaWFJQY0dkdFZVWmxiSFF4UVhGeU9Fd3dXSFZKZW5GUlYybE9SSFFLT1RCNFUzbFRiWEU1YVRaeWNHZFNkVmRtUlU1Mk9HeHNWVEpUYUdsUFdYRjBkbGd6ZGpkQlExVllTRll5YUhwRFRDdDZZWGh3YkZORE9FNXdTR3BPYkFwbFoyWlhVa2xrTHk5emEyeElkMHREUVZGRlFYa3lVMjFaZDBSeGVHcEhiRGxMZVhaamNsWlJWak5UVVZOSmJESklRa1JtVjNsSFkwZDFiVmxzZERSWUNrTmpOVUl4V1ZKTlprUjVlbTlNTjBoeU5VNUtZVkZ0YW1wYU1VSlpTM0V2UVU5UFdIbE9iMnhaWTJGcllUTTVjSEJNU214Q2RtbHdiMEphYVZSQlVsWUtUR1J6ZGtaek9HcE1jekYyY2xCdEsxcHpWV1ZGVVZCR1NFMVRiMHBDY0V4TmJXdFdTM042Wm10RWNtVXZTSEp6T1ZGcE1HZ3haa0ZTWVZscFFWRnRjUXBGTmxadldERnFRV2wwUkZwaE5uRm9aM2RNSzNsbVJWRk5SR2NyTjNWVU9VZExiRWh1Y25FMVVrOWFPRVkxZHpsMlF5c3lUMnAzT0cwNVNUWndRMFExQ2psalRTOWFUbkJ3TVhSRVlVNUlibTlXV0dFMVRYSjBkemg0Y2toYWRVeDBiMGR1ZFZOaE9ETXZRMXBhT1dSUlZYQmlZMGQxYzI5eFowTlVOV0l6Tld3S2RsUkhNRXQ1UmtKNlZXaHVMekE1UlRKc1FWUnBiRk5MYzAwelduRXJMekJFYUc1cWMyRmlOVkpSUzBOQlVVVkJjMWRGZVcxbFVFZG9aV000U1d0bWJRbzFjMmxTUXpacGVEZERjMDk1UkZoVmJsRnJUMFk0VTNSeFIyZFlUVmhwTmpkUk5XcG1RblV4UTNCbmJVaEdPVzl3YVUweFUzZFNlV1ZGVEhKQk0wZEpDbXREYmtSUFEyRlZMM0YwUjJGRE1XUnFSVXB5YXpSd1dETkJUVnB5VHpoMGJtZEZVV1J6V0hBd1ZHeHpSV0puY1ZjMFp6QkNMMFJCY1RGcFdIZG9kVTRLWm05VGVFRTJTelJQVTBGMUwxVk9ZWFZhWmpkdlNEUklRbXBCYlhobFpHSlRNVlk0T1RKQ2MwUnNTSHBMVnpCS2NWWlJXa05xSzFkakszb3dTVEE0Y0FwWlNXWllPRUZKVDJGNE1UbDRjVUo1ZVhrMVNHczBZekJFVm5Cd2NHMTRVaXRMTDNWMmRYQmtiRzlWUlhkV1pIcHVSV0pVV1daek1UTmplbWR5VEVRMkNtTlpOa2xMYTJvd1JIWkNRa3gxVjFOWWIycHBjRU5hUWpaclN6RTVaMjlpWVZob2EwNVZORE0wYTNWVU0ybzNlbEF3YVd4alNXMWlRaTkzTkRKcVF6Y0tNazFpV2t0M1MwTkJVVUZWZDAxV1ZtSnlLMFo2TkZWUFlsSjRUbmxSUWxWdVFtdHZkbHBZYld0VVdYQkdNRzVXVjFOYWRuQnRUMVphV1RGRlIzZGhkUW95YjJFNWFsSnVWVFpYVG1oTE1VZGlNMjlNVVU5VWRsb3ZSamM1WVVoNlRpdEVXRWx1YVhsTFYwbFhSV0UxVkhKT056RTFOR2wwUzNwWlYwWm1NR052Q25aR09UZDBPVkJqY1hCd1FuaERLekZ0Y2psS1VqaEhTMlZFZUc1eVNsaFlTWEJ4YTBOdGNuQkxZVlUxT1doTmVGTkNNVXRIT1VaV2VHUm1ZbVZ5VUZNS2RHcExjRVZNVlVGTFEzTldUV1J4YTBGUGEza3JVSGd5UzNKbFlrVTFVbG95YldGd1FtaEZjV2hZWmtSbk1tWjJkMnRwYm1aS1NHdHhURXB6VDFCcU5RcHhWQzlMWjFCSVlUTnZNVkpDZERCcloxRlFPV3hKVVVscVUxbzJUVVF5TTBwaVlXbEtZWGxvY1VGWmQzZDJXVXBOZW5salUzSndXWHB3ZVVOc2FHTm1DblZvWVdGaU1UQnZTbGR0U2tGTk1WSTRkamhXTUhoelJUUldSbWhVUW1NNVFXOUpRa0ZEZVZCdmJVUk5USGd5ZWxwWGMxRk1lR2wyT0hreFlXTTJaWFlLWnpsUFRIbFRXamh0U0RCNlpUUnBPRkIwUkRoc1ExQkJUMkZZYjJsdlF6VXpjVlZZZG1Zd05rbDRTekJQTlV0WWIwcElUbEZsTkRaemRtTjVaMGszVWdwTlQwUkZkRGd2YTNGU1NXOTVTSEkwWVVSS1pqTkdTblIwVUZOb2NtRTJOVE5OV1VVNVExUmxTUzlLZEdRNGVXWXhNV1ZGYnpaelNrVlBXRFZJV21rM0NtSk5kR296WWtaVlVrUlVlSEJzZDNGTFpqaHFkVzUyZW0xdmVXVmlRekpISzJGbmNqVktiVVpyU2pFMU0zQmlWV3RJT1dOSk5IaHJTRkI0UVUxbE9USUtlbGx3SzJwUmFsRkNZMHRrVmtOWmJIUkdVMlF6Wm1oMlVXcG1hWFp3ZFVwdFVrTmpLMEp0V2t4blEzbElVekEwVDNkR2JUZDNRbkJMZVdRMk1HdEZUZ3B6TkZwamVTOUZRM0l4VTNkWWNYZGpRWFZtUXpKdWJFMHJlbFo0V0VWdk0xQmhTSFkzYUZwU2JFMVRWRGRsUmxKUkwzQkhZbVkyWTJaWVl6MEtMUzB0TFMxRlRrUWdVbE5CSUZCU1NWWkJWRVVnUzBWWkxTMHRMUzBLCiAgICB0b2tlbjogZjQyZjM0NGY4NDcxNDg0YmViNGZkYmUyNDM5OTdkZjk4ZmQ2YTIzZjI4NjVjN2FjZjVhMDY2OWQwNGYwZWJhZmMxNWI5OTg4MjZmZWZiMWE2ZjM3YzJhZWU1YmZiZGM0MTY0NjAwMzMxNDdlNjFlNDFhZTcyMTkxMzE4NzlhMTAK\"\n
        \  }\n  ]\n }"
    headers:
      cache-control:
      - no-cache
      content-length:
      - '13072'
      content-type:
      - application/json
      date:
      - Fri, 13 May 2022 07:09:25 GMT
      expires:
      - '-1'
      pragma:
      - no-cache
      server:
      - nginx
      strict-transport-security:
      - max-age=31536000; includeSubDomains
      transfer-encoding:
      - chunked
      vary:
      - Accept-Encoding
      x-content-type-options:
      - nosniff
      x-ms-ratelimit-remaining-subscription-writes:
      - '1199'
    status:
      code: 200
      message: OK
- request:
    body: null
    headers:
      Accept:
      - application/json
      Accept-Encoding:
      - gzip, deflate
      CommandName:
      - aks update
      Connection:
      - keep-alive
      ParameterSetName:
      - -g -n --load-balancer-managed-outbound-ip-count
      User-Agent:
      - AZURECLI/2.36.0 azsdk-python-azure-mgmt-containerservice/19.1.0 Python/3.8.10
        (Linux-5.13.0-1023-azure-x86_64-with-glibc2.29)
    method: GET
    uri: https://management.azure.com/subscriptions/00000000-0000-0000-0000-000000000000/resourceGroups/clitest000001/providers/Microsoft.ContainerService/managedClusters/cliakstest000001?api-version=2022-04-01
  response:
    body:
      string: "{\n  \"id\": \"/subscriptions/00000000-0000-0000-0000-000000000000/resourcegroups/clitest000001/providers/Microsoft.ContainerService/managedClusters/cliakstest000001\",\n
        \ \"location\": \"westus2\",\n  \"name\": \"cliakstest000001\",\n  \"type\":
        \"Microsoft.ContainerService/ManagedClusters\",\n  \"properties\": {\n   \"provisioningState\":
        \"Succeeded\",\n   \"powerState\": {\n    \"code\": \"Running\"\n   },\n   \"kubernetesVersion\":
        \"1.22.6\",\n   \"currentKubernetesVersion\": \"1.22.6\",\n   \"dnsPrefix\":
        \"cliaksdns000002\",\n   \"fqdn\": \"cliaksdns000002-8476a451.hcp.westus2.azmk8s.io\",\n
        \  \"azurePortalFQDN\": \"cliaksdns000002-8476a451.portal.hcp.westus2.azmk8s.io\",\n
        \  \"agentPoolProfiles\": [\n    {\n     \"name\": \"nodepool1\",\n     \"count\":
        1,\n     \"vmSize\": \"Standard_DS2_v2\",\n     \"osDiskSizeGB\": 128,\n     \"osDiskType\":
        \"Managed\",\n     \"kubeletDiskType\": \"OS\",\n     \"maxPods\": 110,\n
        \    \"type\": \"VirtualMachineScaleSets\",\n     \"enableAutoScaling\": false,\n
        \    \"provisioningState\": \"Succeeded\",\n     \"powerState\": {\n      \"code\":
        \"Running\"\n     },\n     \"orchestratorVersion\": \"1.22.6\",\n     \"currentOrchestratorVersion\":
        \"1.22.6\",\n     \"enableNodePublicIP\": false,\n     \"mode\": \"System\",\n
        \    \"enableEncryptionAtHost\": false,\n     \"enableUltraSSD\": false,\n
        \    \"osType\": \"Linux\",\n     \"osSKU\": \"Ubuntu\",\n     \"nodeImageVersion\":
        \"AKSUbuntu-1804gen2containerd-2022.04.27\",\n     \"upgradeSettings\": {},\n
        \    \"enableFIPS\": false\n    }\n   ],\n   \"linuxProfile\": {\n    \"adminUsername\":
        \"azureuser\",\n    \"ssh\": {\n     \"publicKeys\": [\n      {\n       \"keyData\":
        \"ssh-rsa AAAAB3NzaC1yc2EAAAADAQABAAABAQDERxHFMvtfO/J7fRynxkHbIk5BUCHLqksWicg3tdvkWeAjqbxEyZi1Xw9QEXgwmXuFaUEUuMIPjPIWQjuhAlxJfesHNWKfdbIXVgayGOaENXTSkbthN3cCBKDTlQ3DFmahsYooXWCiIYWTNs+Da9K6/e2xXkVmxaVgjPCdxkfnGL/TbD5weHQP78ae9EWIqbOcwSjptiLQ4vXIP51fieoLdj960jj2YelYLmyi69CqkGXDpSEZ/3dOzISdPEUkk2T5uoPxnaer/+1X0VYURhnB8AOKTZyGn2o9TvQk3UkW3zKMYDhh6OES5dzx7g0Rp0V2dFYlJyAORZ3aVNdEpGFd
        azcli_aks_live_test@example.com\\n\"\n      }\n     ]\n    }\n   },\n   \"servicePrincipalProfile\":
        {\n    \"clientId\":\"00000000-0000-0000-0000-000000000001\"\n   },\n   \"nodeResourceGroup\":
        \"MC_clitest000001_cliakstest000001_westus2\",\n   \"enableRBAC\": true,\n
        \  \"networkProfile\": {\n    \"networkPlugin\": \"kubenet\",\n    \"loadBalancerSku\":
        \"Standard\",\n    \"loadBalancerProfile\": {\n     \"managedOutboundIPs\":
        {\n      \"count\": 1\n     },\n     \"effectiveOutboundIPs\": [\n      {\n
        \      \"id\": \"/subscriptions/00000000-0000-0000-0000-000000000000/resourceGroups/MC_clitest000001_cliakstest000001_westus2/providers/Microsoft.Network/publicIPAddresses/4733cb40-6904-4eee-8738-0544c26dbacf\"\n
        \     }\n     ]\n    },\n    \"podCidr\": \"10.244.0.0/16\",\n    \"serviceCidr\":
        \"10.0.0.0/16\",\n    \"dnsServiceIP\": \"10.0.0.10\",\n    \"dockerBridgeCidr\":
        \"172.17.0.1/16\",\n    \"outboundType\": \"loadBalancer\",\n    \"podCidrs\":
        [\n     \"10.244.0.0/16\"\n    ],\n    \"serviceCidrs\": [\n     \"10.0.0.0/16\"\n
        \   ],\n    \"ipFamilies\": [\n     \"IPv4\"\n    ]\n   },\n   \"maxAgentPools\":
        100,\n   \"disableLocalAccounts\": false,\n   \"securityProfile\": {}\n  },\n
        \ \"sku\": {\n   \"name\": \"Basic\",\n   \"tier\": \"Free\"\n  }\n }"
    headers:
      cache-control:
      - no-cache
      content-length:
      - '3039'
      content-type:
      - application/json
      date:
      - Fri, 13 May 2022 07:09:25 GMT
      expires:
      - '-1'
      pragma:
      - no-cache
      server:
      - nginx
      strict-transport-security:
      - max-age=31536000; includeSubDomains
      transfer-encoding:
      - chunked
      vary:
      - Accept-Encoding
      x-content-type-options:
      - nosniff
    status:
      code: 200
      message: OK
- request:
    body: '{"location": "westus2", "sku": {"name": "Basic", "tier": "Free"}, "properties":
      {"kubernetesVersion": "1.22.6", "dnsPrefix": "cliaksdns000002", "agentPoolProfiles":
      [{"count": 1, "vmSize": "Standard_DS2_v2", "osDiskSizeGB": 128, "osDiskType":
      "Managed", "kubeletDiskType": "OS", "maxPods": 110, "osType": "Linux", "osSKU":
      "Ubuntu", "enableAutoScaling": false, "type": "VirtualMachineScaleSets", "mode":
      "System", "orchestratorVersion": "1.22.6", "upgradeSettings": {}, "powerState":
      {"code": "Running"}, "enableNodePublicIP": false, "enableEncryptionAtHost":
      false, "enableUltraSSD": false, "enableFIPS": false, "name": "nodepool1"}],
      "linuxProfile": {"adminUsername": "azureuser", "ssh": {"publicKeys": [{"keyData":
      "ssh-rsa AAAAB3NzaC1yc2EAAAADAQABAAABAQDERxHFMvtfO/J7fRynxkHbIk5BUCHLqksWicg3tdvkWeAjqbxEyZi1Xw9QEXgwmXuFaUEUuMIPjPIWQjuhAlxJfesHNWKfdbIXVgayGOaENXTSkbthN3cCBKDTlQ3DFmahsYooXWCiIYWTNs+Da9K6/e2xXkVmxaVgjPCdxkfnGL/TbD5weHQP78ae9EWIqbOcwSjptiLQ4vXIP51fieoLdj960jj2YelYLmyi69CqkGXDpSEZ/3dOzISdPEUkk2T5uoPxnaer/+1X0VYURhnB8AOKTZyGn2o9TvQk3UkW3zKMYDhh6OES5dzx7g0Rp0V2dFYlJyAORZ3aVNdEpGFd
      azcli_aks_live_test@example.com\n"}]}}, "servicePrincipalProfile": {"clientId":"00000000-0000-0000-0000-000000000001"},
      "nodeResourceGroup": "MC_clitest000001_cliakstest000001_westus2", "enableRBAC":
      true, "networkProfile": {"networkPlugin": "kubenet", "podCidr": "10.244.0.0/16",
      "serviceCidr": "10.0.0.0/16", "dnsServiceIP": "10.0.0.10", "dockerBridgeCidr":
      "172.17.0.1/16", "outboundType": "loadBalancer", "loadBalancerSku": "Standard",
      "loadBalancerProfile": {"managedOutboundIPs": {"count": 2, "countIPv6": 0},
      "effectiveOutboundIPs": [{"id": "/subscriptions/00000000-0000-0000-0000-000000000000/resourceGroups/MC_clitest000001_cliakstest000001_westus2/providers/Microsoft.Network/publicIPAddresses/4733cb40-6904-4eee-8738-0544c26dbacf"}]},
      "podCidrs": ["10.244.0.0/16"], "serviceCidrs": ["10.0.0.0/16"], "ipFamilies":
      ["IPv4"]}, "disableLocalAccounts": false, "securityProfile": {}}}'
    headers:
      Accept:
      - application/json
      Accept-Encoding:
      - gzip, deflate
      CommandName:
      - aks update
      Connection:
      - keep-alive
      Content-Length:
      - '1989'
      Content-Type:
      - application/json
      ParameterSetName:
      - -g -n --load-balancer-managed-outbound-ip-count
      User-Agent:
      - AZURECLI/2.36.0 azsdk-python-azure-mgmt-containerservice/19.1.0 Python/3.8.10
        (Linux-5.13.0-1023-azure-x86_64-with-glibc2.29)
    method: PUT
    uri: https://management.azure.com/subscriptions/00000000-0000-0000-0000-000000000000/resourceGroups/clitest000001/providers/Microsoft.ContainerService/managedClusters/cliakstest000001?api-version=2022-04-01
  response:
    body:
      string: "{\n  \"id\": \"/subscriptions/00000000-0000-0000-0000-000000000000/resourcegroups/clitest000001/providers/Microsoft.ContainerService/managedClusters/cliakstest000001\",\n
        \ \"location\": \"westus2\",\n  \"name\": \"cliakstest000001\",\n  \"type\":
        \"Microsoft.ContainerService/ManagedClusters\",\n  \"properties\": {\n   \"provisioningState\":
        \"Updating\",\n   \"powerState\": {\n    \"code\": \"Running\"\n   },\n   \"kubernetesVersion\":
        \"1.22.6\",\n   \"currentKubernetesVersion\": \"1.22.6\",\n   \"dnsPrefix\":
        \"cliaksdns000002\",\n   \"fqdn\": \"cliaksdns000002-8476a451.hcp.westus2.azmk8s.io\",\n
        \  \"azurePortalFQDN\": \"cliaksdns000002-8476a451.portal.hcp.westus2.azmk8s.io\",\n
        \  \"agentPoolProfiles\": [\n    {\n     \"name\": \"nodepool1\",\n     \"count\":
        1,\n     \"vmSize\": \"Standard_DS2_v2\",\n     \"osDiskSizeGB\": 128,\n     \"osDiskType\":
        \"Managed\",\n     \"kubeletDiskType\": \"OS\",\n     \"maxPods\": 110,\n
        \    \"type\": \"VirtualMachineScaleSets\",\n     \"enableAutoScaling\": false,\n
        \    \"provisioningState\": \"Updating\",\n     \"powerState\": {\n      \"code\":
        \"Running\"\n     },\n     \"orchestratorVersion\": \"1.22.6\",\n     \"currentOrchestratorVersion\":
        \"1.22.6\",\n     \"enableNodePublicIP\": false,\n     \"mode\": \"System\",\n
        \    \"enableEncryptionAtHost\": false,\n     \"enableUltraSSD\": false,\n
        \    \"osType\": \"Linux\",\n     \"osSKU\": \"Ubuntu\",\n     \"nodeImageVersion\":
        \"AKSUbuntu-1804gen2containerd-2022.04.27\",\n     \"upgradeSettings\": {},\n
        \    \"enableFIPS\": false\n    }\n   ],\n   \"linuxProfile\": {\n    \"adminUsername\":
        \"azureuser\",\n    \"ssh\": {\n     \"publicKeys\": [\n      {\n       \"keyData\":
        \"ssh-rsa AAAAB3NzaC1yc2EAAAADAQABAAABAQDERxHFMvtfO/J7fRynxkHbIk5BUCHLqksWicg3tdvkWeAjqbxEyZi1Xw9QEXgwmXuFaUEUuMIPjPIWQjuhAlxJfesHNWKfdbIXVgayGOaENXTSkbthN3cCBKDTlQ3DFmahsYooXWCiIYWTNs+Da9K6/e2xXkVmxaVgjPCdxkfnGL/TbD5weHQP78ae9EWIqbOcwSjptiLQ4vXIP51fieoLdj960jj2YelYLmyi69CqkGXDpSEZ/3dOzISdPEUkk2T5uoPxnaer/+1X0VYURhnB8AOKTZyGn2o9TvQk3UkW3zKMYDhh6OES5dzx7g0Rp0V2dFYlJyAORZ3aVNdEpGFd
        azcli_aks_live_test@example.com\\n\"\n      }\n     ]\n    }\n   },\n   \"servicePrincipalProfile\":
        {\n    \"clientId\":\"00000000-0000-0000-0000-000000000001\"\n   },\n   \"nodeResourceGroup\":
        \"MC_clitest000001_cliakstest000001_westus2\",\n   \"enableRBAC\": true,\n
        \  \"networkProfile\": {\n    \"networkPlugin\": \"kubenet\",\n    \"loadBalancerSku\":
        \"Standard\",\n    \"loadBalancerProfile\": {\n     \"managedOutboundIPs\":
        {\n      \"count\": 2\n     },\n     \"effectiveOutboundIPs\": [\n      {\n
        \      \"id\": \"/subscriptions/00000000-0000-0000-0000-000000000000/resourceGroups/MC_clitest000001_cliakstest000001_westus2/providers/Microsoft.Network/publicIPAddresses/4733cb40-6904-4eee-8738-0544c26dbacf\"\n
        \     }\n     ]\n    },\n    \"podCidr\": \"10.244.0.0/16\",\n    \"serviceCidr\":
        \"10.0.0.0/16\",\n    \"dnsServiceIP\": \"10.0.0.10\",\n    \"dockerBridgeCidr\":
        \"172.17.0.1/16\",\n    \"outboundType\": \"loadBalancer\",\n    \"podCidrs\":
        [\n     \"10.244.0.0/16\"\n    ],\n    \"serviceCidrs\": [\n     \"10.0.0.0/16\"\n
        \   ],\n    \"ipFamilies\": [\n     \"IPv4\"\n    ]\n   },\n   \"maxAgentPools\":
        100,\n   \"disableLocalAccounts\": false,\n   \"securityProfile\": {},\n   \"storageProfile\":
        {\n    \"diskCSIDriver\": {\n     \"enabled\": true\n    },\n    \"fileCSIDriver\":
        {\n     \"enabled\": true\n    },\n    \"snapshotController\": {\n     \"enabled\":
        true\n    }\n   }\n  },\n  \"sku\": {\n   \"name\": \"Basic\",\n   \"tier\":
        \"Free\"\n  }\n }"
    headers:
      azure-asyncoperation:
      - https://management.azure.com/subscriptions/00000000-0000-0000-0000-000000000000/providers/Microsoft.ContainerService/locations/westus2/operations/ee3748cd-7264-407b-9af7-6c4d66dea552?api-version=2016-03-30
      cache-control:
      - no-cache
      content-length:
      - '3223'
      content-type:
      - application/json
      date:
      - Fri, 13 May 2022 07:09:28 GMT
      expires:
      - '-1'
      pragma:
      - no-cache
      server:
      - nginx
      strict-transport-security:
      - max-age=31536000; includeSubDomains
      transfer-encoding:
      - chunked
      vary:
      - Accept-Encoding
      x-content-type-options:
      - nosniff
      x-ms-ratelimit-remaining-subscription-writes:
      - '1197'
    status:
      code: 200
      message: OK
- request:
    body: null
    headers:
      Accept:
      - '*/*'
      Accept-Encoding:
      - gzip, deflate
      CommandName:
      - aks update
      Connection:
      - keep-alive
      ParameterSetName:
      - -g -n --load-balancer-managed-outbound-ip-count
      User-Agent:
      - AZURECLI/2.36.0 azsdk-python-azure-mgmt-containerservice/19.1.0 Python/3.8.10
        (Linux-5.13.0-1023-azure-x86_64-with-glibc2.29)
    method: GET
    uri: https://management.azure.com/subscriptions/00000000-0000-0000-0000-000000000000/providers/Microsoft.ContainerService/locations/westus2/operations/ee3748cd-7264-407b-9af7-6c4d66dea552?api-version=2016-03-30
  response:
    body:
      string: "{\n  \"name\": \"cd4837ee-6472-7b40-9af7-6c4d66dea552\",\n  \"status\":
        \"InProgress\",\n  \"startTime\": \"2022-05-13T07:09:28.5933333Z\"\n }"
    headers:
      cache-control:
      - no-cache
      content-length:
      - '126'
      content-type:
      - application/json
      date:
      - Fri, 13 May 2022 07:09:58 GMT
      expires:
      - '-1'
      pragma:
      - no-cache
      server:
      - nginx
      strict-transport-security:
      - max-age=31536000; includeSubDomains
      transfer-encoding:
      - chunked
      vary:
      - Accept-Encoding
      x-content-type-options:
      - nosniff
    status:
      code: 200
      message: OK
- request:
    body: null
    headers:
      Accept:
      - '*/*'
      Accept-Encoding:
      - gzip, deflate
      CommandName:
      - aks update
      Connection:
      - keep-alive
      ParameterSetName:
      - -g -n --load-balancer-managed-outbound-ip-count
      User-Agent:
      - AZURECLI/2.36.0 azsdk-python-azure-mgmt-containerservice/19.1.0 Python/3.8.10
        (Linux-5.13.0-1023-azure-x86_64-with-glibc2.29)
    method: GET
    uri: https://management.azure.com/subscriptions/00000000-0000-0000-0000-000000000000/providers/Microsoft.ContainerService/locations/westus2/operations/ee3748cd-7264-407b-9af7-6c4d66dea552?api-version=2016-03-30
  response:
    body:
      string: "{\n  \"name\": \"cd4837ee-6472-7b40-9af7-6c4d66dea552\",\n  \"status\":
        \"InProgress\",\n  \"startTime\": \"2022-05-13T07:09:28.5933333Z\"\n }"
    headers:
      cache-control:
      - no-cache
      content-length:
      - '126'
      content-type:
      - application/json
      date:
      - Fri, 13 May 2022 07:10:28 GMT
      expires:
      - '-1'
      pragma:
      - no-cache
      server:
      - nginx
      strict-transport-security:
      - max-age=31536000; includeSubDomains
      transfer-encoding:
      - chunked
      vary:
      - Accept-Encoding
      x-content-type-options:
      - nosniff
    status:
      code: 200
      message: OK
- request:
    body: null
    headers:
      Accept:
      - '*/*'
      Accept-Encoding:
      - gzip, deflate
      CommandName:
      - aks update
      Connection:
      - keep-alive
      ParameterSetName:
      - -g -n --load-balancer-managed-outbound-ip-count
      User-Agent:
      - AZURECLI/2.36.0 azsdk-python-azure-mgmt-containerservice/19.1.0 Python/3.8.10
        (Linux-5.13.0-1023-azure-x86_64-with-glibc2.29)
    method: GET
    uri: https://management.azure.com/subscriptions/00000000-0000-0000-0000-000000000000/providers/Microsoft.ContainerService/locations/westus2/operations/ee3748cd-7264-407b-9af7-6c4d66dea552?api-version=2016-03-30
  response:
    body:
      string: "{\n  \"name\": \"cd4837ee-6472-7b40-9af7-6c4d66dea552\",\n  \"status\":
        \"Succeeded\",\n  \"startTime\": \"2022-05-13T07:09:28.5933333Z\",\n  \"endTime\":
        \"2022-05-13T07:10:48.7470134Z\"\n }"
    headers:
      cache-control:
      - no-cache
      content-length:
      - '170'
      content-type:
      - application/json
      date:
      - Fri, 13 May 2022 07:10:58 GMT
      expires:
      - '-1'
      pragma:
      - no-cache
      server:
      - nginx
      strict-transport-security:
      - max-age=31536000; includeSubDomains
      transfer-encoding:
      - chunked
      vary:
      - Accept-Encoding
      x-content-type-options:
      - nosniff
    status:
      code: 200
      message: OK
- request:
    body: null
    headers:
      Accept:
      - '*/*'
      Accept-Encoding:
      - gzip, deflate
      CommandName:
      - aks update
      Connection:
      - keep-alive
      ParameterSetName:
      - -g -n --load-balancer-managed-outbound-ip-count
      User-Agent:
      - AZURECLI/2.36.0 azsdk-python-azure-mgmt-containerservice/19.1.0 Python/3.8.10
        (Linux-5.13.0-1023-azure-x86_64-with-glibc2.29)
    method: GET
    uri: https://management.azure.com/subscriptions/00000000-0000-0000-0000-000000000000/resourceGroups/clitest000001/providers/Microsoft.ContainerService/managedClusters/cliakstest000001?api-version=2022-04-01
  response:
    body:
      string: "{\n  \"id\": \"/subscriptions/00000000-0000-0000-0000-000000000000/resourcegroups/clitest000001/providers/Microsoft.ContainerService/managedClusters/cliakstest000001\",\n
        \ \"location\": \"westus2\",\n  \"name\": \"cliakstest000001\",\n  \"type\":
        \"Microsoft.ContainerService/ManagedClusters\",\n  \"properties\": {\n   \"provisioningState\":
        \"Succeeded\",\n   \"powerState\": {\n    \"code\": \"Running\"\n   },\n   \"kubernetesVersion\":
        \"1.22.6\",\n   \"currentKubernetesVersion\": \"1.22.6\",\n   \"dnsPrefix\":
        \"cliaksdns000002\",\n   \"fqdn\": \"cliaksdns000002-8476a451.hcp.westus2.azmk8s.io\",\n
        \  \"azurePortalFQDN\": \"cliaksdns000002-8476a451.portal.hcp.westus2.azmk8s.io\",\n
        \  \"agentPoolProfiles\": [\n    {\n     \"name\": \"nodepool1\",\n     \"count\":
        1,\n     \"vmSize\": \"Standard_DS2_v2\",\n     \"osDiskSizeGB\": 128,\n     \"osDiskType\":
        \"Managed\",\n     \"kubeletDiskType\": \"OS\",\n     \"maxPods\": 110,\n
        \    \"type\": \"VirtualMachineScaleSets\",\n     \"enableAutoScaling\": false,\n
        \    \"provisioningState\": \"Succeeded\",\n     \"powerState\": {\n      \"code\":
        \"Running\"\n     },\n     \"orchestratorVersion\": \"1.22.6\",\n     \"currentOrchestratorVersion\":
        \"1.22.6\",\n     \"enableNodePublicIP\": false,\n     \"mode\": \"System\",\n
        \    \"enableEncryptionAtHost\": false,\n     \"enableUltraSSD\": false,\n
        \    \"osType\": \"Linux\",\n     \"osSKU\": \"Ubuntu\",\n     \"nodeImageVersion\":
        \"AKSUbuntu-1804gen2containerd-2022.04.27\",\n     \"upgradeSettings\": {},\n
        \    \"enableFIPS\": false\n    }\n   ],\n   \"linuxProfile\": {\n    \"adminUsername\":
        \"azureuser\",\n    \"ssh\": {\n     \"publicKeys\": [\n      {\n       \"keyData\":
        \"ssh-rsa AAAAB3NzaC1yc2EAAAADAQABAAABAQDERxHFMvtfO/J7fRynxkHbIk5BUCHLqksWicg3tdvkWeAjqbxEyZi1Xw9QEXgwmXuFaUEUuMIPjPIWQjuhAlxJfesHNWKfdbIXVgayGOaENXTSkbthN3cCBKDTlQ3DFmahsYooXWCiIYWTNs+Da9K6/e2xXkVmxaVgjPCdxkfnGL/TbD5weHQP78ae9EWIqbOcwSjptiLQ4vXIP51fieoLdj960jj2YelYLmyi69CqkGXDpSEZ/3dOzISdPEUkk2T5uoPxnaer/+1X0VYURhnB8AOKTZyGn2o9TvQk3UkW3zKMYDhh6OES5dzx7g0Rp0V2dFYlJyAORZ3aVNdEpGFd
        azcli_aks_live_test@example.com\\n\"\n      }\n     ]\n    }\n   },\n   \"servicePrincipalProfile\":
        {\n    \"clientId\":\"00000000-0000-0000-0000-000000000001\"\n   },\n   \"nodeResourceGroup\":
        \"MC_clitest000001_cliakstest000001_westus2\",\n   \"enableRBAC\": true,\n
        \  \"networkProfile\": {\n    \"networkPlugin\": \"kubenet\",\n    \"loadBalancerSku\":
        \"Standard\",\n    \"loadBalancerProfile\": {\n     \"managedOutboundIPs\":
        {\n      \"count\": 2\n     },\n     \"effectiveOutboundIPs\": [\n      {\n
        \      \"id\": \"/subscriptions/00000000-0000-0000-0000-000000000000/resourceGroups/MC_clitest000001_cliakstest000001_westus2/providers/Microsoft.Network/publicIPAddresses/4733cb40-6904-4eee-8738-0544c26dbacf\"\n
        \     },\n      {\n       \"id\": \"/subscriptions/00000000-0000-0000-0000-000000000000/resourceGroups/MC_clitest000001_cliakstest000001_westus2/providers/Microsoft.Network/publicIPAddresses/33c173ad-946f-4155-bed1-9737eb65fee6\"\n
        \     }\n     ]\n    },\n    \"podCidr\": \"10.244.0.0/16\",\n    \"serviceCidr\":
        \"10.0.0.0/16\",\n    \"dnsServiceIP\": \"10.0.0.10\",\n    \"dockerBridgeCidr\":
        \"172.17.0.1/16\",\n    \"outboundType\": \"loadBalancer\",\n    \"podCidrs\":
        [\n     \"10.244.0.0/16\"\n    ],\n    \"serviceCidrs\": [\n     \"10.0.0.0/16\"\n
        \   ],\n    \"ipFamilies\": [\n     \"IPv4\"\n    ]\n   },\n   \"maxAgentPools\":
        100,\n   \"disableLocalAccounts\": false,\n   \"securityProfile\": {},\n   \"storageProfile\":
        {\n    \"diskCSIDriver\": {\n     \"enabled\": true\n    },\n    \"fileCSIDriver\":
        {\n     \"enabled\": true\n    },\n    \"snapshotController\": {\n     \"enabled\":
        true\n    }\n   }\n  },\n  \"sku\": {\n   \"name\": \"Basic\",\n   \"tier\":
        \"Free\"\n  }\n }"
    headers:
      cache-control:
      - no-cache
      content-length:
      - '3449'
      content-type:
      - application/json
      date:
      - Fri, 13 May 2022 07:10:58 GMT
      expires:
      - '-1'
      pragma:
      - no-cache
      server:
      - nginx
      strict-transport-security:
      - max-age=31536000; includeSubDomains
      transfer-encoding:
      - chunked
      vary:
      - Accept-Encoding
      x-content-type-options:
      - nosniff
    status:
      code: 200
      message: OK
- request:
    body: null
    headers:
      Accept:
      - application/json
      Accept-Encoding:
      - gzip, deflate
      CommandName:
      - aks show
      Connection:
      - keep-alive
      ParameterSetName:
      - -g -n
      User-Agent:
      - AZURECLI/2.36.0 azsdk-python-azure-mgmt-containerservice/19.1.0 Python/3.8.10
        (Linux-5.13.0-1023-azure-x86_64-with-glibc2.29)
    method: GET
    uri: https://management.azure.com/subscriptions/00000000-0000-0000-0000-000000000000/resourceGroups/clitest000001/providers/Microsoft.ContainerService/managedClusters/cliakstest000001?api-version=2022-04-01
  response:
    body:
      string: "{\n  \"id\": \"/subscriptions/00000000-0000-0000-0000-000000000000/resourcegroups/clitest000001/providers/Microsoft.ContainerService/managedClusters/cliakstest000001\",\n
        \ \"location\": \"westus2\",\n  \"name\": \"cliakstest000001\",\n  \"type\":
        \"Microsoft.ContainerService/ManagedClusters\",\n  \"properties\": {\n   \"provisioningState\":
        \"Succeeded\",\n   \"powerState\": {\n    \"code\": \"Running\"\n   },\n   \"kubernetesVersion\":
        \"1.22.6\",\n   \"currentKubernetesVersion\": \"1.22.6\",\n   \"dnsPrefix\":
        \"cliaksdns000002\",\n   \"fqdn\": \"cliaksdns000002-8476a451.hcp.westus2.azmk8s.io\",\n
        \  \"azurePortalFQDN\": \"cliaksdns000002-8476a451.portal.hcp.westus2.azmk8s.io\",\n
        \  \"agentPoolProfiles\": [\n    {\n     \"name\": \"nodepool1\",\n     \"count\":
        1,\n     \"vmSize\": \"Standard_DS2_v2\",\n     \"osDiskSizeGB\": 128,\n     \"osDiskType\":
        \"Managed\",\n     \"kubeletDiskType\": \"OS\",\n     \"maxPods\": 110,\n
        \    \"type\": \"VirtualMachineScaleSets\",\n     \"enableAutoScaling\": false,\n
        \    \"provisioningState\": \"Succeeded\",\n     \"powerState\": {\n      \"code\":
        \"Running\"\n     },\n     \"orchestratorVersion\": \"1.22.6\",\n     \"currentOrchestratorVersion\":
        \"1.22.6\",\n     \"enableNodePublicIP\": false,\n     \"mode\": \"System\",\n
        \    \"enableEncryptionAtHost\": false,\n     \"enableUltraSSD\": false,\n
        \    \"osType\": \"Linux\",\n     \"osSKU\": \"Ubuntu\",\n     \"nodeImageVersion\":
        \"AKSUbuntu-1804gen2containerd-2022.04.27\",\n     \"upgradeSettings\": {},\n
        \    \"enableFIPS\": false\n    }\n   ],\n   \"linuxProfile\": {\n    \"adminUsername\":
        \"azureuser\",\n    \"ssh\": {\n     \"publicKeys\": [\n      {\n       \"keyData\":
        \"ssh-rsa AAAAB3NzaC1yc2EAAAADAQABAAABAQDERxHFMvtfO/J7fRynxkHbIk5BUCHLqksWicg3tdvkWeAjqbxEyZi1Xw9QEXgwmXuFaUEUuMIPjPIWQjuhAlxJfesHNWKfdbIXVgayGOaENXTSkbthN3cCBKDTlQ3DFmahsYooXWCiIYWTNs+Da9K6/e2xXkVmxaVgjPCdxkfnGL/TbD5weHQP78ae9EWIqbOcwSjptiLQ4vXIP51fieoLdj960jj2YelYLmyi69CqkGXDpSEZ/3dOzISdPEUkk2T5uoPxnaer/+1X0VYURhnB8AOKTZyGn2o9TvQk3UkW3zKMYDhh6OES5dzx7g0Rp0V2dFYlJyAORZ3aVNdEpGFd
        azcli_aks_live_test@example.com\\n\"\n      }\n     ]\n    }\n   },\n   \"servicePrincipalProfile\":
        {\n    \"clientId\":\"00000000-0000-0000-0000-000000000001\"\n   },\n   \"nodeResourceGroup\":
        \"MC_clitest000001_cliakstest000001_westus2\",\n   \"enableRBAC\": true,\n
        \  \"networkProfile\": {\n    \"networkPlugin\": \"kubenet\",\n    \"loadBalancerSku\":
        \"Standard\",\n    \"loadBalancerProfile\": {\n     \"managedOutboundIPs\":
        {\n      \"count\": 2\n     },\n     \"effectiveOutboundIPs\": [\n      {\n
        \      \"id\": \"/subscriptions/00000000-0000-0000-0000-000000000000/resourceGroups/MC_clitest000001_cliakstest000001_westus2/providers/Microsoft.Network/publicIPAddresses/4733cb40-6904-4eee-8738-0544c26dbacf\"\n
        \     },\n      {\n       \"id\": \"/subscriptions/00000000-0000-0000-0000-000000000000/resourceGroups/MC_clitest000001_cliakstest000001_westus2/providers/Microsoft.Network/publicIPAddresses/33c173ad-946f-4155-bed1-9737eb65fee6\"\n
        \     }\n     ]\n    },\n    \"podCidr\": \"10.244.0.0/16\",\n    \"serviceCidr\":
        \"10.0.0.0/16\",\n    \"dnsServiceIP\": \"10.0.0.10\",\n    \"dockerBridgeCidr\":
        \"172.17.0.1/16\",\n    \"outboundType\": \"loadBalancer\",\n    \"podCidrs\":
        [\n     \"10.244.0.0/16\"\n    ],\n    \"serviceCidrs\": [\n     \"10.0.0.0/16\"\n
        \   ],\n    \"ipFamilies\": [\n     \"IPv4\"\n    ]\n   },\n   \"maxAgentPools\":
        100,\n   \"disableLocalAccounts\": false,\n   \"securityProfile\": {},\n   \"storageProfile\":
        {\n    \"diskCSIDriver\": {\n     \"enabled\": true\n    },\n    \"fileCSIDriver\":
        {\n     \"enabled\": true\n    },\n    \"snapshotController\": {\n     \"enabled\":
        true\n    }\n   }\n  },\n  \"sku\": {\n   \"name\": \"Basic\",\n   \"tier\":
        \"Free\"\n  }\n }"
    headers:
      cache-control:
      - no-cache
      content-length:
      - '3449'
      content-type:
      - application/json
      date:
      - Fri, 13 May 2022 07:10:59 GMT
      expires:
      - '-1'
      pragma:
      - no-cache
      server:
      - nginx
      strict-transport-security:
      - max-age=31536000; includeSubDomains
      transfer-encoding:
      - chunked
      vary:
      - Accept-Encoding
      x-content-type-options:
      - nosniff
    status:
      code: 200
      message: OK
- request:
    body: null
    headers:
      Accept:
      - application/json
      Accept-Encoding:
      - gzip, deflate
      CommandName:
      - aks scale
      Connection:
      - keep-alive
      ParameterSetName:
      - -g -n --node-count
      User-Agent:
      - AZURECLI/2.36.0 azsdk-python-azure-mgmt-containerservice/19.1.0 Python/3.8.10
        (Linux-5.13.0-1023-azure-x86_64-with-glibc2.29)
    method: GET
    uri: https://management.azure.com/subscriptions/00000000-0000-0000-0000-000000000000/resourceGroups/clitest000001/providers/Microsoft.ContainerService/managedClusters/cliakstest000001?api-version=2022-04-01
  response:
    body:
      string: "{\n  \"id\": \"/subscriptions/00000000-0000-0000-0000-000000000000/resourcegroups/clitest000001/providers/Microsoft.ContainerService/managedClusters/cliakstest000001\",\n
        \ \"location\": \"westus2\",\n  \"name\": \"cliakstest000001\",\n  \"type\":
        \"Microsoft.ContainerService/ManagedClusters\",\n  \"properties\": {\n   \"provisioningState\":
        \"Succeeded\",\n   \"powerState\": {\n    \"code\": \"Running\"\n   },\n   \"kubernetesVersion\":
        \"1.22.6\",\n   \"currentKubernetesVersion\": \"1.22.6\",\n   \"dnsPrefix\":
        \"cliaksdns000002\",\n   \"fqdn\": \"cliaksdns000002-8476a451.hcp.westus2.azmk8s.io\",\n
        \  \"azurePortalFQDN\": \"cliaksdns000002-8476a451.portal.hcp.westus2.azmk8s.io\",\n
        \  \"agentPoolProfiles\": [\n    {\n     \"name\": \"nodepool1\",\n     \"count\":
        1,\n     \"vmSize\": \"Standard_DS2_v2\",\n     \"osDiskSizeGB\": 128,\n     \"osDiskType\":
        \"Managed\",\n     \"kubeletDiskType\": \"OS\",\n     \"maxPods\": 110,\n
        \    \"type\": \"VirtualMachineScaleSets\",\n     \"enableAutoScaling\": false,\n
        \    \"provisioningState\": \"Succeeded\",\n     \"powerState\": {\n      \"code\":
        \"Running\"\n     },\n     \"orchestratorVersion\": \"1.22.6\",\n     \"currentOrchestratorVersion\":
        \"1.22.6\",\n     \"enableNodePublicIP\": false,\n     \"mode\": \"System\",\n
        \    \"enableEncryptionAtHost\": false,\n     \"enableUltraSSD\": false,\n
        \    \"osType\": \"Linux\",\n     \"osSKU\": \"Ubuntu\",\n     \"nodeImageVersion\":
        \"AKSUbuntu-1804gen2containerd-2022.04.27\",\n     \"upgradeSettings\": {},\n
        \    \"enableFIPS\": false\n    }\n   ],\n   \"linuxProfile\": {\n    \"adminUsername\":
        \"azureuser\",\n    \"ssh\": {\n     \"publicKeys\": [\n      {\n       \"keyData\":
        \"ssh-rsa AAAAB3NzaC1yc2EAAAADAQABAAABAQDERxHFMvtfO/J7fRynxkHbIk5BUCHLqksWicg3tdvkWeAjqbxEyZi1Xw9QEXgwmXuFaUEUuMIPjPIWQjuhAlxJfesHNWKfdbIXVgayGOaENXTSkbthN3cCBKDTlQ3DFmahsYooXWCiIYWTNs+Da9K6/e2xXkVmxaVgjPCdxkfnGL/TbD5weHQP78ae9EWIqbOcwSjptiLQ4vXIP51fieoLdj960jj2YelYLmyi69CqkGXDpSEZ/3dOzISdPEUkk2T5uoPxnaer/+1X0VYURhnB8AOKTZyGn2o9TvQk3UkW3zKMYDhh6OES5dzx7g0Rp0V2dFYlJyAORZ3aVNdEpGFd
        azcli_aks_live_test@example.com\\n\"\n      }\n     ]\n    }\n   },\n   \"servicePrincipalProfile\":
        {\n    \"clientId\":\"00000000-0000-0000-0000-000000000001\"\n   },\n   \"nodeResourceGroup\":
        \"MC_clitest000001_cliakstest000001_westus2\",\n   \"enableRBAC\": true,\n
        \  \"networkProfile\": {\n    \"networkPlugin\": \"kubenet\",\n    \"loadBalancerSku\":
        \"Standard\",\n    \"loadBalancerProfile\": {\n     \"managedOutboundIPs\":
        {\n      \"count\": 2\n     },\n     \"effectiveOutboundIPs\": [\n      {\n
        \      \"id\": \"/subscriptions/00000000-0000-0000-0000-000000000000/resourceGroups/MC_clitest000001_cliakstest000001_westus2/providers/Microsoft.Network/publicIPAddresses/4733cb40-6904-4eee-8738-0544c26dbacf\"\n
        \     },\n      {\n       \"id\": \"/subscriptions/00000000-0000-0000-0000-000000000000/resourceGroups/MC_clitest000001_cliakstest000001_westus2/providers/Microsoft.Network/publicIPAddresses/33c173ad-946f-4155-bed1-9737eb65fee6\"\n
        \     }\n     ]\n    },\n    \"podCidr\": \"10.244.0.0/16\",\n    \"serviceCidr\":
        \"10.0.0.0/16\",\n    \"dnsServiceIP\": \"10.0.0.10\",\n    \"dockerBridgeCidr\":
        \"172.17.0.1/16\",\n    \"outboundType\": \"loadBalancer\",\n    \"podCidrs\":
        [\n     \"10.244.0.0/16\"\n    ],\n    \"serviceCidrs\": [\n     \"10.0.0.0/16\"\n
        \   ],\n    \"ipFamilies\": [\n     \"IPv4\"\n    ]\n   },\n   \"maxAgentPools\":
        100,\n   \"disableLocalAccounts\": false,\n   \"securityProfile\": {},\n   \"storageProfile\":
        {\n    \"diskCSIDriver\": {\n     \"enabled\": true\n    },\n    \"fileCSIDriver\":
        {\n     \"enabled\": true\n    },\n    \"snapshotController\": {\n     \"enabled\":
        true\n    }\n   }\n  },\n  \"sku\": {\n   \"name\": \"Basic\",\n   \"tier\":
        \"Free\"\n  }\n }"
    headers:
      cache-control:
      - no-cache
      content-length:
      - '3449'
      content-type:
      - application/json
      date:
      - Fri, 13 May 2022 07:11:00 GMT
      expires:
      - '-1'
      pragma:
      - no-cache
      server:
      - nginx
      strict-transport-security:
      - max-age=31536000; includeSubDomains
      transfer-encoding:
      - chunked
      vary:
      - Accept-Encoding
      x-content-type-options:
      - nosniff
    status:
      code: 200
      message: OK
- request:
    body: '{"location": "westus2", "sku": {"name": "Basic", "tier": "Free"}, "properties":
      {"kubernetesVersion": "1.22.6", "dnsPrefix": "cliaksdns000002", "agentPoolProfiles":
      [{"count": 3, "vmSize": "Standard_DS2_v2", "osDiskSizeGB": 128, "osDiskType":
      "Managed", "kubeletDiskType": "OS", "maxPods": 110, "osType": "Linux", "osSKU":
      "Ubuntu", "enableAutoScaling": false, "type": "VirtualMachineScaleSets", "mode":
      "System", "orchestratorVersion": "1.22.6", "upgradeSettings": {}, "powerState":
      {"code": "Running"}, "enableNodePublicIP": false, "enableEncryptionAtHost":
      false, "enableUltraSSD": false, "enableFIPS": false, "name": "nodepool1"}],
      "linuxProfile": {"adminUsername": "azureuser", "ssh": {"publicKeys": [{"keyData":
      "ssh-rsa AAAAB3NzaC1yc2EAAAADAQABAAABAQDERxHFMvtfO/J7fRynxkHbIk5BUCHLqksWicg3tdvkWeAjqbxEyZi1Xw9QEXgwmXuFaUEUuMIPjPIWQjuhAlxJfesHNWKfdbIXVgayGOaENXTSkbthN3cCBKDTlQ3DFmahsYooXWCiIYWTNs+Da9K6/e2xXkVmxaVgjPCdxkfnGL/TbD5weHQP78ae9EWIqbOcwSjptiLQ4vXIP51fieoLdj960jj2YelYLmyi69CqkGXDpSEZ/3dOzISdPEUkk2T5uoPxnaer/+1X0VYURhnB8AOKTZyGn2o9TvQk3UkW3zKMYDhh6OES5dzx7g0Rp0V2dFYlJyAORZ3aVNdEpGFd
      azcli_aks_live_test@example.com\n"}]}}, "nodeResourceGroup": "MC_clitest000001_cliakstest000001_westus2",
      "enableRBAC": true, "networkProfile": {"networkPlugin": "kubenet", "podCidr":
      "10.244.0.0/16", "serviceCidr": "10.0.0.0/16", "dnsServiceIP": "10.0.0.10",
      "dockerBridgeCidr": "172.17.0.1/16", "outboundType": "loadBalancer", "loadBalancerSku":
      "Standard", "loadBalancerProfile": {"managedOutboundIPs": {"count": 2}, "effectiveOutboundIPs":
      [{"id": "/subscriptions/00000000-0000-0000-0000-000000000000/resourceGroups/MC_clitest000001_cliakstest000001_westus2/providers/Microsoft.Network/publicIPAddresses/4733cb40-6904-4eee-8738-0544c26dbacf"},
      {"id": "/subscriptions/00000000-0000-0000-0000-000000000000/resourceGroups/MC_clitest000001_cliakstest000001_westus2/providers/Microsoft.Network/publicIPAddresses/33c173ad-946f-4155-bed1-9737eb65fee6"}]},
      "podCidrs": ["10.244.0.0/16"], "serviceCidrs": ["10.0.0.0/16"], "ipFamilies":
      ["IPv4"]}, "disableLocalAccounts": false, "securityProfile": {}, "storageProfile":
      {"diskCSIDriver": {"enabled": true}, "fileCSIDriver": {"enabled": true}, "snapshotController":
      {"enabled": true}}}}'
    headers:
      Accept:
      - application/json
      Accept-Encoding:
      - gzip, deflate
      CommandName:
      - aks scale
      Connection:
      - keep-alive
      Content-Length:
      - '2229'
      Content-Type:
      - application/json
      ParameterSetName:
      - -g -n --node-count
      User-Agent:
      - AZURECLI/2.36.0 azsdk-python-azure-mgmt-containerservice/19.1.0 Python/3.8.10
        (Linux-5.13.0-1023-azure-x86_64-with-glibc2.29)
    method: PUT
    uri: https://management.azure.com/subscriptions/00000000-0000-0000-0000-000000000000/resourceGroups/clitest000001/providers/Microsoft.ContainerService/managedClusters/cliakstest000001?api-version=2022-04-01
  response:
    body:
      string: "{\n  \"id\": \"/subscriptions/00000000-0000-0000-0000-000000000000/resourcegroups/clitest000001/providers/Microsoft.ContainerService/managedClusters/cliakstest000001\",\n
        \ \"location\": \"westus2\",\n  \"name\": \"cliakstest000001\",\n  \"type\":
        \"Microsoft.ContainerService/ManagedClusters\",\n  \"properties\": {\n   \"provisioningState\":
        \"Updating\",\n   \"powerState\": {\n    \"code\": \"Running\"\n   },\n   \"kubernetesVersion\":
        \"1.22.6\",\n   \"currentKubernetesVersion\": \"1.22.6\",\n   \"dnsPrefix\":
        \"cliaksdns000002\",\n   \"fqdn\": \"cliaksdns000002-8476a451.hcp.westus2.azmk8s.io\",\n
        \  \"azurePortalFQDN\": \"cliaksdns000002-8476a451.portal.hcp.westus2.azmk8s.io\",\n
        \  \"agentPoolProfiles\": [\n    {\n     \"name\": \"nodepool1\",\n     \"count\":
        3,\n     \"vmSize\": \"Standard_DS2_v2\",\n     \"osDiskSizeGB\": 128,\n     \"osDiskType\":
        \"Managed\",\n     \"kubeletDiskType\": \"OS\",\n     \"maxPods\": 110,\n
        \    \"type\": \"VirtualMachineScaleSets\",\n     \"enableAutoScaling\": false,\n
        \    \"provisioningState\": \"Updating\",\n     \"powerState\": {\n      \"code\":
        \"Running\"\n     },\n     \"orchestratorVersion\": \"1.22.6\",\n     \"currentOrchestratorVersion\":
        \"1.22.6\",\n     \"enableNodePublicIP\": false,\n     \"mode\": \"System\",\n
        \    \"enableEncryptionAtHost\": false,\n     \"enableUltraSSD\": false,\n
        \    \"osType\": \"Linux\",\n     \"osSKU\": \"Ubuntu\",\n     \"nodeImageVersion\":
        \"AKSUbuntu-1804gen2containerd-2022.04.27\",\n     \"upgradeSettings\": {},\n
        \    \"enableFIPS\": false\n    }\n   ],\n   \"linuxProfile\": {\n    \"adminUsername\":
        \"azureuser\",\n    \"ssh\": {\n     \"publicKeys\": [\n      {\n       \"keyData\":
        \"ssh-rsa AAAAB3NzaC1yc2EAAAADAQABAAABAQDERxHFMvtfO/J7fRynxkHbIk5BUCHLqksWicg3tdvkWeAjqbxEyZi1Xw9QEXgwmXuFaUEUuMIPjPIWQjuhAlxJfesHNWKfdbIXVgayGOaENXTSkbthN3cCBKDTlQ3DFmahsYooXWCiIYWTNs+Da9K6/e2xXkVmxaVgjPCdxkfnGL/TbD5weHQP78ae9EWIqbOcwSjptiLQ4vXIP51fieoLdj960jj2YelYLmyi69CqkGXDpSEZ/3dOzISdPEUkk2T5uoPxnaer/+1X0VYURhnB8AOKTZyGn2o9TvQk3UkW3zKMYDhh6OES5dzx7g0Rp0V2dFYlJyAORZ3aVNdEpGFd
        azcli_aks_live_test@example.com\\n\"\n      }\n     ]\n    }\n   },\n   \"servicePrincipalProfile\":
        {\n    \"clientId\":\"00000000-0000-0000-0000-000000000001\"\n   },\n   \"nodeResourceGroup\":
        \"MC_clitest000001_cliakstest000001_westus2\",\n   \"enableRBAC\": true,\n
        \  \"networkProfile\": {\n    \"networkPlugin\": \"kubenet\",\n    \"loadBalancerSku\":
        \"Standard\",\n    \"loadBalancerProfile\": {\n     \"managedOutboundIPs\":
        {\n      \"count\": 2\n     },\n     \"effectiveOutboundIPs\": [\n      {\n
        \      \"id\": \"/subscriptions/00000000-0000-0000-0000-000000000000/resourceGroups/MC_clitest000001_cliakstest000001_westus2/providers/Microsoft.Network/publicIPAddresses/4733cb40-6904-4eee-8738-0544c26dbacf\"\n
        \     },\n      {\n       \"id\": \"/subscriptions/00000000-0000-0000-0000-000000000000/resourceGroups/MC_clitest000001_cliakstest000001_westus2/providers/Microsoft.Network/publicIPAddresses/33c173ad-946f-4155-bed1-9737eb65fee6\"\n
        \     }\n     ]\n    },\n    \"podCidr\": \"10.244.0.0/16\",\n    \"serviceCidr\":
        \"10.0.0.0/16\",\n    \"dnsServiceIP\": \"10.0.0.10\",\n    \"dockerBridgeCidr\":
        \"172.17.0.1/16\",\n    \"outboundType\": \"loadBalancer\",\n    \"podCidrs\":
        [\n     \"10.244.0.0/16\"\n    ],\n    \"serviceCidrs\": [\n     \"10.0.0.0/16\"\n
        \   ],\n    \"ipFamilies\": [\n     \"IPv4\"\n    ]\n   },\n   \"maxAgentPools\":
        100,\n   \"disableLocalAccounts\": false,\n   \"securityProfile\": {},\n   \"storageProfile\":
        {\n    \"diskCSIDriver\": {\n     \"enabled\": true\n    },\n    \"fileCSIDriver\":
        {\n     \"enabled\": true\n    },\n    \"snapshotController\": {\n     \"enabled\":
        true\n    }\n   }\n  },\n  \"sku\": {\n   \"name\": \"Basic\",\n   \"tier\":
        \"Free\"\n  }\n }"
    headers:
      azure-asyncoperation:
      - https://management.azure.com/subscriptions/00000000-0000-0000-0000-000000000000/providers/Microsoft.ContainerService/locations/westus2/operations/f1348ba8-440f-4b33-9f13-efdfde7c0bb0?api-version=2016-03-30
      cache-control:
      - no-cache
      content-length:
      - '3447'
      content-type:
      - application/json
      date:
      - Fri, 13 May 2022 07:11:04 GMT
      expires:
      - '-1'
      pragma:
      - no-cache
      server:
      - nginx
      strict-transport-security:
      - max-age=31536000; includeSubDomains
      transfer-encoding:
      - chunked
      vary:
      - Accept-Encoding
      x-content-type-options:
      - nosniff
      x-ms-ratelimit-remaining-subscription-writes:
      - '1199'
    status:
      code: 200
      message: OK
- request:
    body: null
    headers:
      Accept:
      - '*/*'
      Accept-Encoding:
      - gzip, deflate
      CommandName:
      - aks scale
      Connection:
      - keep-alive
      ParameterSetName:
      - -g -n --node-count
      User-Agent:
      - AZURECLI/2.36.0 azsdk-python-azure-mgmt-containerservice/19.1.0 Python/3.8.10
        (Linux-5.13.0-1023-azure-x86_64-with-glibc2.29)
    method: GET
    uri: https://management.azure.com/subscriptions/00000000-0000-0000-0000-000000000000/providers/Microsoft.ContainerService/locations/westus2/operations/f1348ba8-440f-4b33-9f13-efdfde7c0bb0?api-version=2016-03-30
  response:
    body:
      string: "{\n  \"name\": \"a88b34f1-0f44-334b-9f13-efdfde7c0bb0\",\n  \"status\":
        \"InProgress\",\n  \"startTime\": \"2022-05-13T07:11:04.2533333Z\"\n }"
    headers:
      cache-control:
      - no-cache
      content-length:
      - '126'
      content-type:
      - application/json
      date:
      - Fri, 13 May 2022 07:11:34 GMT
      expires:
      - '-1'
      pragma:
      - no-cache
      server:
      - nginx
      strict-transport-security:
      - max-age=31536000; includeSubDomains
      transfer-encoding:
      - chunked
      vary:
      - Accept-Encoding
      x-content-type-options:
      - nosniff
    status:
      code: 200
      message: OK
- request:
    body: null
    headers:
      Accept:
      - '*/*'
      Accept-Encoding:
      - gzip, deflate
      CommandName:
      - aks scale
      Connection:
      - keep-alive
      ParameterSetName:
      - -g -n --node-count
      User-Agent:
      - AZURECLI/2.36.0 azsdk-python-azure-mgmt-containerservice/19.1.0 Python/3.8.10
        (Linux-5.13.0-1023-azure-x86_64-with-glibc2.29)
    method: GET
    uri: https://management.azure.com/subscriptions/00000000-0000-0000-0000-000000000000/providers/Microsoft.ContainerService/locations/westus2/operations/f1348ba8-440f-4b33-9f13-efdfde7c0bb0?api-version=2016-03-30
  response:
    body:
      string: "{\n  \"name\": \"a88b34f1-0f44-334b-9f13-efdfde7c0bb0\",\n  \"status\":
        \"InProgress\",\n  \"startTime\": \"2022-05-13T07:11:04.2533333Z\"\n }"
    headers:
      cache-control:
      - no-cache
      content-length:
      - '126'
      content-type:
      - application/json
      date:
      - Fri, 13 May 2022 07:12:04 GMT
      expires:
      - '-1'
      pragma:
      - no-cache
      server:
      - nginx
      strict-transport-security:
      - max-age=31536000; includeSubDomains
      transfer-encoding:
      - chunked
      vary:
      - Accept-Encoding
      x-content-type-options:
      - nosniff
    status:
      code: 200
      message: OK
- request:
    body: null
    headers:
      Accept:
      - '*/*'
      Accept-Encoding:
      - gzip, deflate
      CommandName:
      - aks scale
      Connection:
      - keep-alive
      ParameterSetName:
      - -g -n --node-count
      User-Agent:
      - AZURECLI/2.36.0 azsdk-python-azure-mgmt-containerservice/19.1.0 Python/3.8.10
        (Linux-5.13.0-1023-azure-x86_64-with-glibc2.29)
    method: GET
    uri: https://management.azure.com/subscriptions/00000000-0000-0000-0000-000000000000/providers/Microsoft.ContainerService/locations/westus2/operations/f1348ba8-440f-4b33-9f13-efdfde7c0bb0?api-version=2016-03-30
  response:
    body:
      string: "{\n  \"name\": \"a88b34f1-0f44-334b-9f13-efdfde7c0bb0\",\n  \"status\":
        \"InProgress\",\n  \"startTime\": \"2022-05-13T07:11:04.2533333Z\"\n }"
    headers:
      cache-control:
      - no-cache
      content-length:
      - '126'
      content-type:
      - application/json
      date:
      - Fri, 13 May 2022 07:12:34 GMT
      expires:
      - '-1'
      pragma:
      - no-cache
      server:
      - nginx
      strict-transport-security:
      - max-age=31536000; includeSubDomains
      transfer-encoding:
      - chunked
      vary:
      - Accept-Encoding
      x-content-type-options:
      - nosniff
    status:
      code: 200
      message: OK
- request:
    body: null
    headers:
      Accept:
      - '*/*'
      Accept-Encoding:
      - gzip, deflate
      CommandName:
      - aks scale
      Connection:
      - keep-alive
      ParameterSetName:
      - -g -n --node-count
      User-Agent:
      - AZURECLI/2.36.0 azsdk-python-azure-mgmt-containerservice/19.1.0 Python/3.8.10
        (Linux-5.13.0-1023-azure-x86_64-with-glibc2.29)
    method: GET
    uri: https://management.azure.com/subscriptions/00000000-0000-0000-0000-000000000000/providers/Microsoft.ContainerService/locations/westus2/operations/f1348ba8-440f-4b33-9f13-efdfde7c0bb0?api-version=2016-03-30
  response:
    body:
      string: "{\n  \"name\": \"a88b34f1-0f44-334b-9f13-efdfde7c0bb0\",\n  \"status\":
        \"InProgress\",\n  \"startTime\": \"2022-05-13T07:11:04.2533333Z\"\n }"
    headers:
      cache-control:
      - no-cache
      content-length:
      - '126'
      content-type:
      - application/json
      date:
      - Fri, 13 May 2022 07:13:04 GMT
      expires:
      - '-1'
      pragma:
      - no-cache
      server:
      - nginx
      strict-transport-security:
      - max-age=31536000; includeSubDomains
      transfer-encoding:
      - chunked
      vary:
      - Accept-Encoding
      x-content-type-options:
      - nosniff
    status:
      code: 200
      message: OK
- request:
    body: null
    headers:
      Accept:
      - '*/*'
      Accept-Encoding:
      - gzip, deflate
      CommandName:
      - aks scale
      Connection:
      - keep-alive
      ParameterSetName:
      - -g -n --node-count
      User-Agent:
      - AZURECLI/2.36.0 azsdk-python-azure-mgmt-containerservice/19.1.0 Python/3.8.10
        (Linux-5.13.0-1023-azure-x86_64-with-glibc2.29)
    method: GET
    uri: https://management.azure.com/subscriptions/00000000-0000-0000-0000-000000000000/providers/Microsoft.ContainerService/locations/westus2/operations/f1348ba8-440f-4b33-9f13-efdfde7c0bb0?api-version=2016-03-30
  response:
    body:
      string: "{\n  \"name\": \"a88b34f1-0f44-334b-9f13-efdfde7c0bb0\",\n  \"status\":
        \"InProgress\",\n  \"startTime\": \"2022-05-13T07:11:04.2533333Z\"\n }"
    headers:
      cache-control:
      - no-cache
      content-length:
      - '126'
      content-type:
      - application/json
      date:
      - Fri, 13 May 2022 07:13:35 GMT
      expires:
      - '-1'
      pragma:
      - no-cache
      server:
      - nginx
      strict-transport-security:
      - max-age=31536000; includeSubDomains
      transfer-encoding:
      - chunked
      vary:
      - Accept-Encoding
      x-content-type-options:
      - nosniff
    status:
      code: 200
      message: OK
- request:
    body: null
    headers:
      Accept:
      - '*/*'
      Accept-Encoding:
      - gzip, deflate
      CommandName:
      - aks scale
      Connection:
      - keep-alive
      ParameterSetName:
      - -g -n --node-count
      User-Agent:
      - AZURECLI/2.36.0 azsdk-python-azure-mgmt-containerservice/19.1.0 Python/3.8.10
        (Linux-5.13.0-1023-azure-x86_64-with-glibc2.29)
    method: GET
    uri: https://management.azure.com/subscriptions/00000000-0000-0000-0000-000000000000/providers/Microsoft.ContainerService/locations/westus2/operations/f1348ba8-440f-4b33-9f13-efdfde7c0bb0?api-version=2016-03-30
  response:
    body:
      string: "{\n  \"name\": \"a88b34f1-0f44-334b-9f13-efdfde7c0bb0\",\n  \"status\":
        \"InProgress\",\n  \"startTime\": \"2022-05-13T07:11:04.2533333Z\"\n }"
    headers:
      cache-control:
      - no-cache
      content-length:
      - '126'
      content-type:
      - application/json
      date:
      - Fri, 13 May 2022 07:14:04 GMT
      expires:
      - '-1'
      pragma:
      - no-cache
      server:
      - nginx
      strict-transport-security:
      - max-age=31536000; includeSubDomains
      transfer-encoding:
      - chunked
      vary:
      - Accept-Encoding
      x-content-type-options:
      - nosniff
    status:
      code: 200
      message: OK
- request:
    body: null
    headers:
      Accept:
      - '*/*'
      Accept-Encoding:
      - gzip, deflate
      CommandName:
      - aks scale
      Connection:
      - keep-alive
      ParameterSetName:
      - -g -n --node-count
      User-Agent:
      - AZURECLI/2.36.0 azsdk-python-azure-mgmt-containerservice/19.1.0 Python/3.8.10
        (Linux-5.13.0-1023-azure-x86_64-with-glibc2.29)
    method: GET
    uri: https://management.azure.com/subscriptions/00000000-0000-0000-0000-000000000000/providers/Microsoft.ContainerService/locations/westus2/operations/f1348ba8-440f-4b33-9f13-efdfde7c0bb0?api-version=2016-03-30
  response:
    body:
      string: "{\n  \"name\": \"a88b34f1-0f44-334b-9f13-efdfde7c0bb0\",\n  \"status\":
        \"InProgress\",\n  \"startTime\": \"2022-05-13T07:11:04.2533333Z\"\n }"
    headers:
      cache-control:
      - no-cache
      content-length:
      - '126'
      content-type:
      - application/json
      date:
      - Fri, 13 May 2022 07:14:34 GMT
      expires:
      - '-1'
      pragma:
      - no-cache
      server:
      - nginx
      strict-transport-security:
      - max-age=31536000; includeSubDomains
      transfer-encoding:
      - chunked
      vary:
      - Accept-Encoding
      x-content-type-options:
      - nosniff
    status:
      code: 200
      message: OK
- request:
    body: null
    headers:
      Accept:
      - '*/*'
      Accept-Encoding:
      - gzip, deflate
      CommandName:
      - aks scale
      Connection:
      - keep-alive
      ParameterSetName:
      - -g -n --node-count
      User-Agent:
      - AZURECLI/2.36.0 azsdk-python-azure-mgmt-containerservice/19.1.0 Python/3.8.10
        (Linux-5.13.0-1023-azure-x86_64-with-glibc2.29)
    method: GET
    uri: https://management.azure.com/subscriptions/00000000-0000-0000-0000-000000000000/providers/Microsoft.ContainerService/locations/westus2/operations/f1348ba8-440f-4b33-9f13-efdfde7c0bb0?api-version=2016-03-30
  response:
    body:
      string: "{\n  \"name\": \"a88b34f1-0f44-334b-9f13-efdfde7c0bb0\",\n  \"status\":
        \"Succeeded\",\n  \"startTime\": \"2022-05-13T07:11:04.2533333Z\",\n  \"endTime\":
        \"2022-05-13T07:14:41.9439758Z\"\n }"
    headers:
      cache-control:
      - no-cache
      content-length:
      - '170'
      content-type:
      - application/json
      date:
      - Fri, 13 May 2022 07:15:04 GMT
      expires:
      - '-1'
      pragma:
      - no-cache
      server:
      - nginx
      strict-transport-security:
      - max-age=31536000; includeSubDomains
      transfer-encoding:
      - chunked
      vary:
      - Accept-Encoding
      x-content-type-options:
      - nosniff
    status:
      code: 200
      message: OK
- request:
    body: null
    headers:
      Accept:
      - '*/*'
      Accept-Encoding:
      - gzip, deflate
      CommandName:
      - aks scale
      Connection:
      - keep-alive
      ParameterSetName:
      - -g -n --node-count
      User-Agent:
      - AZURECLI/2.36.0 azsdk-python-azure-mgmt-containerservice/19.1.0 Python/3.8.10
        (Linux-5.13.0-1023-azure-x86_64-with-glibc2.29)
    method: GET
    uri: https://management.azure.com/subscriptions/00000000-0000-0000-0000-000000000000/resourceGroups/clitest000001/providers/Microsoft.ContainerService/managedClusters/cliakstest000001?api-version=2022-04-01
  response:
    body:
      string: "{\n  \"id\": \"/subscriptions/00000000-0000-0000-0000-000000000000/resourcegroups/clitest000001/providers/Microsoft.ContainerService/managedClusters/cliakstest000001\",\n
        \ \"location\": \"westus2\",\n  \"name\": \"cliakstest000001\",\n  \"type\":
        \"Microsoft.ContainerService/ManagedClusters\",\n  \"properties\": {\n   \"provisioningState\":
        \"Succeeded\",\n   \"powerState\": {\n    \"code\": \"Running\"\n   },\n   \"kubernetesVersion\":
        \"1.22.6\",\n   \"currentKubernetesVersion\": \"1.22.6\",\n   \"dnsPrefix\":
        \"cliaksdns000002\",\n   \"fqdn\": \"cliaksdns000002-8476a451.hcp.westus2.azmk8s.io\",\n
        \  \"azurePortalFQDN\": \"cliaksdns000002-8476a451.portal.hcp.westus2.azmk8s.io\",\n
        \  \"agentPoolProfiles\": [\n    {\n     \"name\": \"nodepool1\",\n     \"count\":
        3,\n     \"vmSize\": \"Standard_DS2_v2\",\n     \"osDiskSizeGB\": 128,\n     \"osDiskType\":
        \"Managed\",\n     \"kubeletDiskType\": \"OS\",\n     \"maxPods\": 110,\n
        \    \"type\": \"VirtualMachineScaleSets\",\n     \"enableAutoScaling\": false,\n
        \    \"provisioningState\": \"Succeeded\",\n     \"powerState\": {\n      \"code\":
        \"Running\"\n     },\n     \"orchestratorVersion\": \"1.22.6\",\n     \"currentOrchestratorVersion\":
        \"1.22.6\",\n     \"enableNodePublicIP\": false,\n     \"mode\": \"System\",\n
        \    \"enableEncryptionAtHost\": false,\n     \"enableUltraSSD\": false,\n
        \    \"osType\": \"Linux\",\n     \"osSKU\": \"Ubuntu\",\n     \"nodeImageVersion\":
        \"AKSUbuntu-1804gen2containerd-2022.04.27\",\n     \"upgradeSettings\": {},\n
        \    \"enableFIPS\": false\n    }\n   ],\n   \"linuxProfile\": {\n    \"adminUsername\":
        \"azureuser\",\n    \"ssh\": {\n     \"publicKeys\": [\n      {\n       \"keyData\":
        \"ssh-rsa AAAAB3NzaC1yc2EAAAADAQABAAABAQDERxHFMvtfO/J7fRynxkHbIk5BUCHLqksWicg3tdvkWeAjqbxEyZi1Xw9QEXgwmXuFaUEUuMIPjPIWQjuhAlxJfesHNWKfdbIXVgayGOaENXTSkbthN3cCBKDTlQ3DFmahsYooXWCiIYWTNs+Da9K6/e2xXkVmxaVgjPCdxkfnGL/TbD5weHQP78ae9EWIqbOcwSjptiLQ4vXIP51fieoLdj960jj2YelYLmyi69CqkGXDpSEZ/3dOzISdPEUkk2T5uoPxnaer/+1X0VYURhnB8AOKTZyGn2o9TvQk3UkW3zKMYDhh6OES5dzx7g0Rp0V2dFYlJyAORZ3aVNdEpGFd
        azcli_aks_live_test@example.com\\n\"\n      }\n     ]\n    }\n   },\n   \"servicePrincipalProfile\":
        {\n    \"clientId\":\"00000000-0000-0000-0000-000000000001\"\n   },\n   \"nodeResourceGroup\":
        \"MC_clitest000001_cliakstest000001_westus2\",\n   \"enableRBAC\": true,\n
        \  \"networkProfile\": {\n    \"networkPlugin\": \"kubenet\",\n    \"loadBalancerSku\":
        \"Standard\",\n    \"loadBalancerProfile\": {\n     \"managedOutboundIPs\":
        {\n      \"count\": 2\n     },\n     \"effectiveOutboundIPs\": [\n      {\n
        \      \"id\": \"/subscriptions/00000000-0000-0000-0000-000000000000/resourceGroups/MC_clitest000001_cliakstest000001_westus2/providers/Microsoft.Network/publicIPAddresses/4733cb40-6904-4eee-8738-0544c26dbacf\"\n
        \     },\n      {\n       \"id\": \"/subscriptions/00000000-0000-0000-0000-000000000000/resourceGroups/MC_clitest000001_cliakstest000001_westus2/providers/Microsoft.Network/publicIPAddresses/33c173ad-946f-4155-bed1-9737eb65fee6\"\n
        \     }\n     ]\n    },\n    \"podCidr\": \"10.244.0.0/16\",\n    \"serviceCidr\":
        \"10.0.0.0/16\",\n    \"dnsServiceIP\": \"10.0.0.10\",\n    \"dockerBridgeCidr\":
        \"172.17.0.1/16\",\n    \"outboundType\": \"loadBalancer\",\n    \"podCidrs\":
        [\n     \"10.244.0.0/16\"\n    ],\n    \"serviceCidrs\": [\n     \"10.0.0.0/16\"\n
        \   ],\n    \"ipFamilies\": [\n     \"IPv4\"\n    ]\n   },\n   \"maxAgentPools\":
        100,\n   \"disableLocalAccounts\": false,\n   \"securityProfile\": {},\n   \"storageProfile\":
        {\n    \"diskCSIDriver\": {\n     \"enabled\": true\n    },\n    \"fileCSIDriver\":
        {\n     \"enabled\": true\n    },\n    \"snapshotController\": {\n     \"enabled\":
        true\n    }\n   }\n  },\n  \"sku\": {\n   \"name\": \"Basic\",\n   \"tier\":
        \"Free\"\n  }\n }"
    headers:
      cache-control:
      - no-cache
      content-length:
      - '3449'
      content-type:
      - application/json
      date:
      - Fri, 13 May 2022 07:15:05 GMT
      expires:
      - '-1'
      pragma:
      - no-cache
      server:
      - nginx
      strict-transport-security:
      - max-age=31536000; includeSubDomains
      transfer-encoding:
      - chunked
      vary:
      - Accept-Encoding
      x-content-type-options:
      - nosniff
    status:
      code: 200
      message: OK
- request:
    body: null
    headers:
      Accept:
      - application/json
      Accept-Encoding:
      - gzip, deflate
      CommandName:
      - aks show
      Connection:
      - keep-alive
      ParameterSetName:
      - -g -n
      User-Agent:
      - AZURECLI/2.36.0 azsdk-python-azure-mgmt-containerservice/19.1.0 Python/3.8.10
        (Linux-5.13.0-1023-azure-x86_64-with-glibc2.29)
    method: GET
    uri: https://management.azure.com/subscriptions/00000000-0000-0000-0000-000000000000/resourceGroups/clitest000001/providers/Microsoft.ContainerService/managedClusters/cliakstest000001?api-version=2022-04-01
  response:
    body:
      string: "{\n  \"id\": \"/subscriptions/00000000-0000-0000-0000-000000000000/resourcegroups/clitest000001/providers/Microsoft.ContainerService/managedClusters/cliakstest000001\",\n
        \ \"location\": \"westus2\",\n  \"name\": \"cliakstest000001\",\n  \"type\":
        \"Microsoft.ContainerService/ManagedClusters\",\n  \"properties\": {\n   \"provisioningState\":
        \"Succeeded\",\n   \"powerState\": {\n    \"code\": \"Running\"\n   },\n   \"kubernetesVersion\":
        \"1.22.6\",\n   \"currentKubernetesVersion\": \"1.22.6\",\n   \"dnsPrefix\":
        \"cliaksdns000002\",\n   \"fqdn\": \"cliaksdns000002-8476a451.hcp.westus2.azmk8s.io\",\n
        \  \"azurePortalFQDN\": \"cliaksdns000002-8476a451.portal.hcp.westus2.azmk8s.io\",\n
        \  \"agentPoolProfiles\": [\n    {\n     \"name\": \"nodepool1\",\n     \"count\":
        3,\n     \"vmSize\": \"Standard_DS2_v2\",\n     \"osDiskSizeGB\": 128,\n     \"osDiskType\":
        \"Managed\",\n     \"kubeletDiskType\": \"OS\",\n     \"maxPods\": 110,\n
        \    \"type\": \"VirtualMachineScaleSets\",\n     \"enableAutoScaling\": false,\n
        \    \"provisioningState\": \"Succeeded\",\n     \"powerState\": {\n      \"code\":
        \"Running\"\n     },\n     \"orchestratorVersion\": \"1.22.6\",\n     \"currentOrchestratorVersion\":
        \"1.22.6\",\n     \"enableNodePublicIP\": false,\n     \"mode\": \"System\",\n
        \    \"enableEncryptionAtHost\": false,\n     \"enableUltraSSD\": false,\n
        \    \"osType\": \"Linux\",\n     \"osSKU\": \"Ubuntu\",\n     \"nodeImageVersion\":
        \"AKSUbuntu-1804gen2containerd-2022.04.27\",\n     \"upgradeSettings\": {},\n
        \    \"enableFIPS\": false\n    }\n   ],\n   \"linuxProfile\": {\n    \"adminUsername\":
        \"azureuser\",\n    \"ssh\": {\n     \"publicKeys\": [\n      {\n       \"keyData\":
        \"ssh-rsa AAAAB3NzaC1yc2EAAAADAQABAAABAQDERxHFMvtfO/J7fRynxkHbIk5BUCHLqksWicg3tdvkWeAjqbxEyZi1Xw9QEXgwmXuFaUEUuMIPjPIWQjuhAlxJfesHNWKfdbIXVgayGOaENXTSkbthN3cCBKDTlQ3DFmahsYooXWCiIYWTNs+Da9K6/e2xXkVmxaVgjPCdxkfnGL/TbD5weHQP78ae9EWIqbOcwSjptiLQ4vXIP51fieoLdj960jj2YelYLmyi69CqkGXDpSEZ/3dOzISdPEUkk2T5uoPxnaer/+1X0VYURhnB8AOKTZyGn2o9TvQk3UkW3zKMYDhh6OES5dzx7g0Rp0V2dFYlJyAORZ3aVNdEpGFd
        azcli_aks_live_test@example.com\\n\"\n      }\n     ]\n    }\n   },\n   \"servicePrincipalProfile\":
        {\n    \"clientId\":\"00000000-0000-0000-0000-000000000001\"\n   },\n   \"nodeResourceGroup\":
        \"MC_clitest000001_cliakstest000001_westus2\",\n   \"enableRBAC\": true,\n
        \  \"networkProfile\": {\n    \"networkPlugin\": \"kubenet\",\n    \"loadBalancerSku\":
        \"Standard\",\n    \"loadBalancerProfile\": {\n     \"managedOutboundIPs\":
        {\n      \"count\": 2\n     },\n     \"effectiveOutboundIPs\": [\n      {\n
        \      \"id\": \"/subscriptions/00000000-0000-0000-0000-000000000000/resourceGroups/MC_clitest000001_cliakstest000001_westus2/providers/Microsoft.Network/publicIPAddresses/4733cb40-6904-4eee-8738-0544c26dbacf\"\n
        \     },\n      {\n       \"id\": \"/subscriptions/00000000-0000-0000-0000-000000000000/resourceGroups/MC_clitest000001_cliakstest000001_westus2/providers/Microsoft.Network/publicIPAddresses/33c173ad-946f-4155-bed1-9737eb65fee6\"\n
        \     }\n     ]\n    },\n    \"podCidr\": \"10.244.0.0/16\",\n    \"serviceCidr\":
        \"10.0.0.0/16\",\n    \"dnsServiceIP\": \"10.0.0.10\",\n    \"dockerBridgeCidr\":
        \"172.17.0.1/16\",\n    \"outboundType\": \"loadBalancer\",\n    \"podCidrs\":
        [\n     \"10.244.0.0/16\"\n    ],\n    \"serviceCidrs\": [\n     \"10.0.0.0/16\"\n
        \   ],\n    \"ipFamilies\": [\n     \"IPv4\"\n    ]\n   },\n   \"maxAgentPools\":
        100,\n   \"disableLocalAccounts\": false,\n   \"securityProfile\": {},\n   \"storageProfile\":
        {\n    \"diskCSIDriver\": {\n     \"enabled\": true\n    },\n    \"fileCSIDriver\":
        {\n     \"enabled\": true\n    },\n    \"snapshotController\": {\n     \"enabled\":
        true\n    }\n   }\n  },\n  \"sku\": {\n   \"name\": \"Basic\",\n   \"tier\":
        \"Free\"\n  }\n }"
    headers:
      cache-control:
      - no-cache
      content-length:
      - '3449'
      content-type:
      - application/json
      date:
      - Fri, 13 May 2022 07:15:06 GMT
      expires:
      - '-1'
      pragma:
      - no-cache
      server:
      - nginx
      strict-transport-security:
      - max-age=31536000; includeSubDomains
      transfer-encoding:
      - chunked
      vary:
      - Accept-Encoding
      x-content-type-options:
      - nosniff
    status:
      code: 200
      message: OK
- request:
    body: null
    headers:
      Accept:
      - application/json
      Accept-Encoding:
      - gzip, deflate
      CommandName:
      - aks delete
      Connection:
      - keep-alive
      Content-Length:
      - '0'
      ParameterSetName:
      - -g -n --yes --no-wait
      User-Agent:
      - AZURECLI/2.36.0 azsdk-python-azure-mgmt-containerservice/19.1.0 Python/3.8.10
        (Linux-5.13.0-1023-azure-x86_64-with-glibc2.29)
    method: DELETE
    uri: https://management.azure.com/subscriptions/00000000-0000-0000-0000-000000000000/resourceGroups/clitest000001/providers/Microsoft.ContainerService/managedClusters/cliakstest000001?api-version=2022-04-01
  response:
    body:
      string: ''
    headers:
      azure-asyncoperation:
      - https://management.azure.com/subscriptions/00000000-0000-0000-0000-000000000000/providers/Microsoft.ContainerService/locations/westus2/operations/c4acbdac-e712-4266-b1f5-09869225713d?api-version=2016-03-30
      cache-control:
      - no-cache
      content-length:
      - '0'
      date:
      - Fri, 13 May 2022 07:15:06 GMT
      expires:
      - '-1'
      location:
      - https://management.azure.com/subscriptions/00000000-0000-0000-0000-000000000000/providers/Microsoft.ContainerService/locations/westus2/operationresults/c4acbdac-e712-4266-b1f5-09869225713d?api-version=2016-03-30
      pragma:
      - no-cache
      server:
      - nginx
      strict-transport-security:
      - max-age=31536000; includeSubDomains
      x-content-type-options:
      - nosniff
      x-ms-ratelimit-remaining-subscription-deletes:
      - '14998'
    status:
      code: 202
      message: Accepted
version: 1
