interactions:
- request:
    body: null
    headers:
      Accept:
      - application/json
      Accept-Encoding:
      - gzip, deflate
      CommandName:
      - network vnet create
      Connection:
      - keep-alive
      ParameterSetName:
      - --resource-group --name --address-prefix --subnet-name --subnet-prefix -o
      User-Agent:
      - python/3.6.10 (Linux-4.15.0-122-generic-x86_64-with) msrest/0.6.21 msrest_azure/0.6.3
        azure-mgmt-resource/12.0.0 Azure-SDK-For-Python AZURECLI/2.20.0 (DOCKER)
      accept-language:
      - en-US
    method: GET
    uri: https://management.azure.com/subscriptions/00000000-0000-0000-0000-000000000000/resourcegroups/clitest000001?api-version=2020-10-01
  response:
    body:
      string: '{"id":"/subscriptions/00000000-0000-0000-0000-000000000000/resourceGroups/clitest000001","name":"clitest000001","type":"Microsoft.Resources/resourceGroups","location":"westus2","tags":{"product":"azurecli","cause":"automation","date":"2021-03-08T06:42:54Z"},"properties":{"provisioningState":"Succeeded"}}'
    headers:
      cache-control:
      - no-cache
      content-length:
      - '313'
      content-type:
      - application/json; charset=utf-8
      date:
      - Mon, 08 Mar 2021 06:42:56 GMT
      expires:
      - '-1'
      pragma:
      - no-cache
      strict-transport-security:
      - max-age=31536000; includeSubDomains
      vary:
      - Accept-Encoding
      x-content-type-options:
      - nosniff
    status:
      code: 200
      message: OK
- request:
    body: '{"location": "westus2", "tags": {}, "properties": {"addressSpace": {"addressPrefixes":
      ["11.0.0.0/16"]}, "dhcpOptions": {}, "subnets": [{"name": "aks-subnet", "properties":
      {"addressPrefix": "11.0.0.0/24"}}]}}'
    headers:
      Accept:
      - application/json
      Accept-Encoding:
      - gzip, deflate
      CommandName:
      - network vnet create
      Connection:
      - keep-alive
      Content-Length:
      - '209'
      Content-Type:
      - application/json
      ParameterSetName:
      - --resource-group --name --address-prefix --subnet-name --subnet-prefix -o
      User-Agent:
      - AZURECLI/2.20.0 (DOCKER) azsdk-python-azure-mgmt-network/17.1.0 Python/3.6.10
        (Linux-4.15.0-122-generic-x86_64-with)
    method: PUT
    uri: https://management.azure.com/subscriptions/00000000-0000-0000-0000-000000000000/resourceGroups/clitest000001/providers/Microsoft.Network/virtualNetworks/cliakstest000003?api-version=2020-08-01
  response:
    body:
      string: "{\r\n  \"name\": \"cliakstest000003\",\r\n  \"id\": \"/subscriptions/00000000-0000-0000-0000-000000000000/resourceGroups/clitest000001/providers/Microsoft.Network/virtualNetworks/cliakstest000003\"\
        ,\r\n  \"etag\": \"W/\\\"8981f3b3-da0b-4df1-b173-f32f4ddc304c\\\"\",\r\n \
        \ \"type\": \"Microsoft.Network/virtualNetworks\",\r\n  \"location\": \"westus2\"\
        ,\r\n  \"tags\": {},\r\n  \"properties\": {\r\n    \"provisioningState\":\
        \ \"Updating\",\r\n    \"resourceGuid\": \"74073d82-c557-4a55-abb4-f08a486c0b3f\"\
        ,\r\n    \"addressSpace\": {\r\n      \"addressPrefixes\": [\r\n        \"\
        11.0.0.0/16\"\r\n      ]\r\n    },\r\n    \"dhcpOptions\": {\r\n      \"dnsServers\"\
        : []\r\n    },\r\n    \"subnets\": [\r\n      {\r\n        \"name\": \"aks-subnet\"\
        ,\r\n        \"id\": \"/subscriptions/00000000-0000-0000-0000-000000000000/resourceGroups/clitest000001/providers/Microsoft.Network/virtualNetworks/cliakstest000003/subnets/aks-subnet\"\
        ,\r\n        \"etag\": \"W/\\\"8981f3b3-da0b-4df1-b173-f32f4ddc304c\\\"\"\
        ,\r\n        \"properties\": {\r\n          \"provisioningState\": \"Updating\"\
        ,\r\n          \"addressPrefix\": \"11.0.0.0/24\",\r\n          \"delegations\"\
        : [],\r\n          \"privateEndpointNetworkPolicies\": \"Enabled\",\r\n  \
        \        \"privateLinkServiceNetworkPolicies\": \"Enabled\"\r\n        },\r\
        \n        \"type\": \"Microsoft.Network/virtualNetworks/subnets\"\r\n    \
        \  }\r\n    ],\r\n    \"virtualNetworkPeerings\": [],\r\n    \"enableDdosProtection\"\
        : false\r\n  }\r\n}"
    headers:
      azure-asyncnotification:
      - Enabled
      azure-asyncoperation:
      - https://management.azure.com/subscriptions/00000000-0000-0000-0000-000000000000/providers/Microsoft.Network/locations/westus2/operations/184ee1dd-9b34-40e5-bdc7-7d2899cb5bbe?api-version=2020-08-01
      cache-control:
      - no-cache
      content-length:
      - '1327'
      content-type:
      - application/json; charset=utf-8
      date:
      - Mon, 08 Mar 2021 06:42:57 GMT
      expires:
      - '-1'
      pragma:
      - no-cache
      server:
      - Microsoft-HTTPAPI/2.0
      - Microsoft-HTTPAPI/2.0
      strict-transport-security:
      - max-age=31536000; includeSubDomains
      x-content-type-options:
      - nosniff
      x-ms-arm-service-request-id:
      - d36120d4-b07a-484c-8ead-f91fdf0e21df
      x-ms-ratelimit-remaining-subscription-writes:
      - '1199'
    status:
      code: 201
      message: Created
- request:
    body: null
    headers:
      Accept:
      - '*/*'
      Accept-Encoding:
      - gzip, deflate
      CommandName:
      - network vnet create
      Connection:
      - keep-alive
      ParameterSetName:
      - --resource-group --name --address-prefix --subnet-name --subnet-prefix -o
      User-Agent:
      - AZURECLI/2.20.0 (DOCKER) azsdk-python-azure-mgmt-network/17.1.0 Python/3.6.10
        (Linux-4.15.0-122-generic-x86_64-with)
    method: GET
    uri: https://management.azure.com/subscriptions/00000000-0000-0000-0000-000000000000/providers/Microsoft.Network/locations/westus2/operations/184ee1dd-9b34-40e5-bdc7-7d2899cb5bbe?api-version=2020-08-01
  response:
    body:
      string: "{\r\n  \"status\": \"Succeeded\"\r\n}"
    headers:
      cache-control:
      - no-cache
      content-length:
      - '29'
      content-type:
      - application/json; charset=utf-8
      date:
      - Mon, 08 Mar 2021 06:43:00 GMT
      expires:
      - '-1'
      pragma:
      - no-cache
      server:
      - Microsoft-HTTPAPI/2.0
      - Microsoft-HTTPAPI/2.0
      strict-transport-security:
      - max-age=31536000; includeSubDomains
      transfer-encoding:
      - chunked
      vary:
      - Accept-Encoding
      x-content-type-options:
      - nosniff
      x-ms-arm-service-request-id:
      - 3ce90c01-c7ae-444f-ba81-01e269983550
    status:
      code: 200
      message: OK
- request:
    body: null
    headers:
      Accept:
      - '*/*'
      Accept-Encoding:
      - gzip, deflate
      CommandName:
      - network vnet create
      Connection:
      - keep-alive
      ParameterSetName:
      - --resource-group --name --address-prefix --subnet-name --subnet-prefix -o
      User-Agent:
      - AZURECLI/2.20.0 (DOCKER) azsdk-python-azure-mgmt-network/17.1.0 Python/3.6.10
        (Linux-4.15.0-122-generic-x86_64-with)
    method: GET
    uri: https://management.azure.com/subscriptions/00000000-0000-0000-0000-000000000000/resourceGroups/clitest000001/providers/Microsoft.Network/virtualNetworks/cliakstest000003?api-version=2020-08-01
  response:
    body:
      string: "{\r\n  \"name\": \"cliakstest000003\",\r\n  \"id\": \"/subscriptions/00000000-0000-0000-0000-000000000000/resourceGroups/clitest000001/providers/Microsoft.Network/virtualNetworks/cliakstest000003\"\
        ,\r\n  \"etag\": \"W/\\\"3e8885d3-6dba-42e6-8ea0-c187fbd697bf\\\"\",\r\n \
        \ \"type\": \"Microsoft.Network/virtualNetworks\",\r\n  \"location\": \"westus2\"\
        ,\r\n  \"tags\": {},\r\n  \"properties\": {\r\n    \"provisioningState\":\
        \ \"Succeeded\",\r\n    \"resourceGuid\": \"74073d82-c557-4a55-abb4-f08a486c0b3f\"\
        ,\r\n    \"addressSpace\": {\r\n      \"addressPrefixes\": [\r\n        \"\
        11.0.0.0/16\"\r\n      ]\r\n    },\r\n    \"dhcpOptions\": {\r\n      \"dnsServers\"\
        : []\r\n    },\r\n    \"subnets\": [\r\n      {\r\n        \"name\": \"aks-subnet\"\
        ,\r\n        \"id\": \"/subscriptions/00000000-0000-0000-0000-000000000000/resourceGroups/clitest000001/providers/Microsoft.Network/virtualNetworks/cliakstest000003/subnets/aks-subnet\"\
        ,\r\n        \"etag\": \"W/\\\"3e8885d3-6dba-42e6-8ea0-c187fbd697bf\\\"\"\
        ,\r\n        \"properties\": {\r\n          \"provisioningState\": \"Succeeded\"\
        ,\r\n          \"addressPrefix\": \"11.0.0.0/24\",\r\n          \"delegations\"\
        : [],\r\n          \"privateEndpointNetworkPolicies\": \"Enabled\",\r\n  \
        \        \"privateLinkServiceNetworkPolicies\": \"Enabled\"\r\n        },\r\
        \n        \"type\": \"Microsoft.Network/virtualNetworks/subnets\"\r\n    \
        \  }\r\n    ],\r\n    \"virtualNetworkPeerings\": [],\r\n    \"enableDdosProtection\"\
        : false\r\n  }\r\n}"
    headers:
      cache-control:
      - no-cache
      content-length:
      - '1329'
      content-type:
      - application/json; charset=utf-8
      date:
      - Mon, 08 Mar 2021 06:43:00 GMT
      etag:
      - W/"3e8885d3-6dba-42e6-8ea0-c187fbd697bf"
      expires:
      - '-1'
      pragma:
      - no-cache
      server:
      - Microsoft-HTTPAPI/2.0
      - Microsoft-HTTPAPI/2.0
      strict-transport-security:
      - max-age=31536000; includeSubDomains
      transfer-encoding:
      - chunked
      vary:
      - Accept-Encoding
      x-content-type-options:
      - nosniff
      x-ms-arm-service-request-id:
      - 2ce85cb9-88f1-456e-91da-5bf5c7edc137
    status:
      code: 200
      message: OK
- request:
    body: null
    headers:
      Accept:
      - application/json
      Accept-Encoding:
      - gzip, deflate
      CommandName:
      - network vnet subnet create
      Connection:
      - keep-alive
      ParameterSetName:
      - -n --resource-group --vnet-name --address-prefixes -o
      User-Agent:
      - AZURECLI/2.20.0 (DOCKER) azsdk-python-azure-mgmt-network/17.1.0 Python/3.6.10
        (Linux-4.15.0-122-generic-x86_64-with)
    method: GET
    uri: https://management.azure.com/subscriptions/00000000-0000-0000-0000-000000000000/resourceGroups/clitest000001/providers/Microsoft.Network/virtualNetworks/cliakstest000003?api-version=2020-08-01
  response:
    body:
      string: "{\r\n  \"name\": \"cliakstest000003\",\r\n  \"id\": \"/subscriptions/00000000-0000-0000-0000-000000000000/resourceGroups/clitest000001/providers/Microsoft.Network/virtualNetworks/cliakstest000003\"\
        ,\r\n  \"etag\": \"W/\\\"3e8885d3-6dba-42e6-8ea0-c187fbd697bf\\\"\",\r\n \
        \ \"type\": \"Microsoft.Network/virtualNetworks\",\r\n  \"location\": \"westus2\"\
        ,\r\n  \"tags\": {},\r\n  \"properties\": {\r\n    \"provisioningState\":\
        \ \"Succeeded\",\r\n    \"resourceGuid\": \"74073d82-c557-4a55-abb4-f08a486c0b3f\"\
        ,\r\n    \"addressSpace\": {\r\n      \"addressPrefixes\": [\r\n        \"\
        11.0.0.0/16\"\r\n      ]\r\n    },\r\n    \"dhcpOptions\": {\r\n      \"dnsServers\"\
        : []\r\n    },\r\n    \"subnets\": [\r\n      {\r\n        \"name\": \"aks-subnet\"\
        ,\r\n        \"id\": \"/subscriptions/00000000-0000-0000-0000-000000000000/resourceGroups/clitest000001/providers/Microsoft.Network/virtualNetworks/cliakstest000003/subnets/aks-subnet\"\
        ,\r\n        \"etag\": \"W/\\\"3e8885d3-6dba-42e6-8ea0-c187fbd697bf\\\"\"\
        ,\r\n        \"properties\": {\r\n          \"provisioningState\": \"Succeeded\"\
        ,\r\n          \"addressPrefix\": \"11.0.0.0/24\",\r\n          \"delegations\"\
        : [],\r\n          \"privateEndpointNetworkPolicies\": \"Enabled\",\r\n  \
        \        \"privateLinkServiceNetworkPolicies\": \"Enabled\"\r\n        },\r\
        \n        \"type\": \"Microsoft.Network/virtualNetworks/subnets\"\r\n    \
        \  }\r\n    ],\r\n    \"virtualNetworkPeerings\": [],\r\n    \"enableDdosProtection\"\
        : false\r\n  }\r\n}"
    headers:
      cache-control:
      - no-cache
      content-length:
      - '1329'
      content-type:
      - application/json; charset=utf-8
      date:
      - Mon, 08 Mar 2021 06:43:01 GMT
      etag:
      - W/"3e8885d3-6dba-42e6-8ea0-c187fbd697bf"
      expires:
      - '-1'
      pragma:
      - no-cache
      server:
      - Microsoft-HTTPAPI/2.0
      - Microsoft-HTTPAPI/2.0
      strict-transport-security:
      - max-age=31536000; includeSubDomains
      transfer-encoding:
      - chunked
      vary:
      - Accept-Encoding
      x-content-type-options:
      - nosniff
      x-ms-arm-service-request-id:
      - 466eb2a6-4d47-4298-a359-fd1b3ba1ff8a
    status:
      code: 200
      message: OK
- request:
    body: '{"id": "/subscriptions/00000000-0000-0000-0000-000000000000/resourceGroups/clitest000001/providers/Microsoft.Network/virtualNetworks/cliakstest000003",
      "location": "westus2", "tags": {}, "properties": {"addressSpace": {"addressPrefixes":
      ["11.0.0.0/16"]}, "dhcpOptions": {"dnsServers": []}, "subnets": [{"id": "/subscriptions/00000000-0000-0000-0000-000000000000/resourceGroups/clitest000001/providers/Microsoft.Network/virtualNetworks/cliakstest000003/subnets/aks-subnet",
      "name": "aks-subnet", "properties": {"addressPrefix": "11.0.0.0/24", "delegations":
      [], "privateEndpointNetworkPolicies": "Enabled", "privateLinkServiceNetworkPolicies":
      "Enabled"}}, {"name": "appgw-subnet", "properties": {"addressPrefix": "11.0.1.0/24"}}],
      "virtualNetworkPeerings": [], "enableDdosProtection": false}}'
    headers:
      Accept:
      - application/json
      Accept-Encoding:
      - gzip, deflate
      CommandName:
      - network vnet subnet create
      Connection:
      - keep-alive
      Content-Length:
      - '801'
      Content-Type:
      - application/json
      ParameterSetName:
      - -n --resource-group --vnet-name --address-prefixes -o
      User-Agent:
      - AZURECLI/2.20.0 (DOCKER) azsdk-python-azure-mgmt-network/17.1.0 Python/3.6.10
        (Linux-4.15.0-122-generic-x86_64-with)
    method: PUT
    uri: https://management.azure.com/subscriptions/00000000-0000-0000-0000-000000000000/resourceGroups/clitest000001/providers/Microsoft.Network/virtualNetworks/cliakstest000003?api-version=2020-08-01
  response:
    body:
      string: "{\r\n  \"name\": \"cliakstest000003\",\r\n  \"id\": \"/subscriptions/00000000-0000-0000-0000-000000000000/resourceGroups/clitest000001/providers/Microsoft.Network/virtualNetworks/cliakstest000003\"\
        ,\r\n  \"etag\": \"W/\\\"8a427a11-e5e5-48ac-88a4-0eeb1dbfe162\\\"\",\r\n \
        \ \"type\": \"Microsoft.Network/virtualNetworks\",\r\n  \"location\": \"westus2\"\
        ,\r\n  \"tags\": {},\r\n  \"properties\": {\r\n    \"provisioningState\":\
        \ \"Updating\",\r\n    \"resourceGuid\": \"74073d82-c557-4a55-abb4-f08a486c0b3f\"\
        ,\r\n    \"addressSpace\": {\r\n      \"addressPrefixes\": [\r\n        \"\
        11.0.0.0/16\"\r\n      ]\r\n    },\r\n    \"dhcpOptions\": {\r\n      \"dnsServers\"\
        : []\r\n    },\r\n    \"subnets\": [\r\n      {\r\n        \"name\": \"aks-subnet\"\
        ,\r\n        \"id\": \"/subscriptions/00000000-0000-0000-0000-000000000000/resourceGroups/clitest000001/providers/Microsoft.Network/virtualNetworks/cliakstest000003/subnets/aks-subnet\"\
        ,\r\n        \"etag\": \"W/\\\"8a427a11-e5e5-48ac-88a4-0eeb1dbfe162\\\"\"\
        ,\r\n        \"properties\": {\r\n          \"provisioningState\": \"Updating\"\
        ,\r\n          \"addressPrefix\": \"11.0.0.0/24\",\r\n          \"delegations\"\
        : [],\r\n          \"privateEndpointNetworkPolicies\": \"Enabled\",\r\n  \
        \        \"privateLinkServiceNetworkPolicies\": \"Enabled\"\r\n        },\r\
        \n        \"type\": \"Microsoft.Network/virtualNetworks/subnets\"\r\n    \
        \  },\r\n      {\r\n        \"name\": \"appgw-subnet\",\r\n        \"id\"\
        : \"/subscriptions/00000000-0000-0000-0000-000000000000/resourceGroups/clitest000001/providers/Microsoft.Network/virtualNetworks/cliakstest000003/subnets/appgw-subnet\"\
        ,\r\n        \"etag\": \"W/\\\"8a427a11-e5e5-48ac-88a4-0eeb1dbfe162\\\"\"\
        ,\r\n        \"properties\": {\r\n          \"provisioningState\": \"Updating\"\
        ,\r\n          \"addressPrefix\": \"11.0.1.0/24\",\r\n          \"delegations\"\
        : [],\r\n          \"privateEndpointNetworkPolicies\": \"Enabled\",\r\n  \
        \        \"privateLinkServiceNetworkPolicies\": \"Enabled\"\r\n        },\r\
        \n        \"type\": \"Microsoft.Network/virtualNetworks/subnets\"\r\n    \
        \  }\r\n    ],\r\n    \"virtualNetworkPeerings\": [],\r\n    \"enableDdosProtection\"\
        : false\r\n  }\r\n}"
    headers:
      azure-asyncoperation:
      - https://management.azure.com/subscriptions/00000000-0000-0000-0000-000000000000/providers/Microsoft.Network/locations/westus2/operations/fb34165f-98a2-4047-80eb-dbd660b84153?api-version=2020-08-01
      cache-control:
      - no-cache
      content-length:
      - '1956'
      content-type:
      - application/json; charset=utf-8
      date:
      - Mon, 08 Mar 2021 06:43:02 GMT
      expires:
      - '-1'
      pragma:
      - no-cache
      server:
      - Microsoft-HTTPAPI/2.0
      - Microsoft-HTTPAPI/2.0
      strict-transport-security:
      - max-age=31536000; includeSubDomains
      transfer-encoding:
      - chunked
      vary:
      - Accept-Encoding
      x-content-type-options:
      - nosniff
      x-ms-arm-service-request-id:
      - 570c0f70-15fb-4082-82b3-6654145ac04e
      x-ms-ratelimit-remaining-subscription-writes:
      - '1199'
    status:
      code: 200
      message: OK
- request:
    body: null
    headers:
      Accept:
      - '*/*'
      Accept-Encoding:
      - gzip, deflate
      CommandName:
      - network vnet subnet create
      Connection:
      - keep-alive
      ParameterSetName:
      - -n --resource-group --vnet-name --address-prefixes -o
      User-Agent:
      - AZURECLI/2.20.0 (DOCKER) azsdk-python-azure-mgmt-network/17.1.0 Python/3.6.10
        (Linux-4.15.0-122-generic-x86_64-with)
    method: GET
    uri: https://management.azure.com/subscriptions/00000000-0000-0000-0000-000000000000/providers/Microsoft.Network/locations/westus2/operations/fb34165f-98a2-4047-80eb-dbd660b84153?api-version=2020-08-01
  response:
    body:
      string: "{\r\n  \"status\": \"Succeeded\"\r\n}"
    headers:
      cache-control:
      - no-cache
      content-length:
      - '29'
      content-type:
      - application/json; charset=utf-8
      date:
      - Mon, 08 Mar 2021 06:43:05 GMT
      expires:
      - '-1'
      pragma:
      - no-cache
      server:
      - Microsoft-HTTPAPI/2.0
      - Microsoft-HTTPAPI/2.0
      strict-transport-security:
      - max-age=31536000; includeSubDomains
      transfer-encoding:
      - chunked
      vary:
      - Accept-Encoding
      x-content-type-options:
      - nosniff
      x-ms-arm-service-request-id:
      - 835fbb7d-3e8a-43d5-b156-2e1fd2148f20
    status:
      code: 200
      message: OK
- request:
    body: null
    headers:
      Accept:
      - '*/*'
      Accept-Encoding:
      - gzip, deflate
      CommandName:
      - network vnet subnet create
      Connection:
      - keep-alive
      ParameterSetName:
      - -n --resource-group --vnet-name --address-prefixes -o
      User-Agent:
      - AZURECLI/2.20.0 (DOCKER) azsdk-python-azure-mgmt-network/17.1.0 Python/3.6.10
        (Linux-4.15.0-122-generic-x86_64-with)
    method: GET
    uri: https://management.azure.com/subscriptions/00000000-0000-0000-0000-000000000000/resourceGroups/clitest000001/providers/Microsoft.Network/virtualNetworks/cliakstest000003?api-version=2020-08-01
  response:
    body:
      string: "{\r\n  \"name\": \"cliakstest000003\",\r\n  \"id\": \"/subscriptions/00000000-0000-0000-0000-000000000000/resourceGroups/clitest000001/providers/Microsoft.Network/virtualNetworks/cliakstest000003\"\
        ,\r\n  \"etag\": \"W/\\\"b6962adc-232d-4e37-b7dd-7aec578374e7\\\"\",\r\n \
        \ \"type\": \"Microsoft.Network/virtualNetworks\",\r\n  \"location\": \"westus2\"\
        ,\r\n  \"tags\": {},\r\n  \"properties\": {\r\n    \"provisioningState\":\
        \ \"Succeeded\",\r\n    \"resourceGuid\": \"74073d82-c557-4a55-abb4-f08a486c0b3f\"\
        ,\r\n    \"addressSpace\": {\r\n      \"addressPrefixes\": [\r\n        \"\
        11.0.0.0/16\"\r\n      ]\r\n    },\r\n    \"dhcpOptions\": {\r\n      \"dnsServers\"\
        : []\r\n    },\r\n    \"subnets\": [\r\n      {\r\n        \"name\": \"aks-subnet\"\
        ,\r\n        \"id\": \"/subscriptions/00000000-0000-0000-0000-000000000000/resourceGroups/clitest000001/providers/Microsoft.Network/virtualNetworks/cliakstest000003/subnets/aks-subnet\"\
        ,\r\n        \"etag\": \"W/\\\"b6962adc-232d-4e37-b7dd-7aec578374e7\\\"\"\
        ,\r\n        \"properties\": {\r\n          \"provisioningState\": \"Succeeded\"\
        ,\r\n          \"addressPrefix\": \"11.0.0.0/24\",\r\n          \"delegations\"\
        : [],\r\n          \"privateEndpointNetworkPolicies\": \"Enabled\",\r\n  \
        \        \"privateLinkServiceNetworkPolicies\": \"Enabled\"\r\n        },\r\
        \n        \"type\": \"Microsoft.Network/virtualNetworks/subnets\"\r\n    \
        \  },\r\n      {\r\n        \"name\": \"appgw-subnet\",\r\n        \"id\"\
        : \"/subscriptions/00000000-0000-0000-0000-000000000000/resourceGroups/clitest000001/providers/Microsoft.Network/virtualNetworks/cliakstest000003/subnets/appgw-subnet\"\
        ,\r\n        \"etag\": \"W/\\\"b6962adc-232d-4e37-b7dd-7aec578374e7\\\"\"\
        ,\r\n        \"properties\": {\r\n          \"provisioningState\": \"Succeeded\"\
        ,\r\n          \"addressPrefix\": \"11.0.1.0/24\",\r\n          \"delegations\"\
        : [],\r\n          \"privateEndpointNetworkPolicies\": \"Enabled\",\r\n  \
        \        \"privateLinkServiceNetworkPolicies\": \"Enabled\"\r\n        },\r\
        \n        \"type\": \"Microsoft.Network/virtualNetworks/subnets\"\r\n    \
        \  }\r\n    ],\r\n    \"virtualNetworkPeerings\": [],\r\n    \"enableDdosProtection\"\
        : false\r\n  }\r\n}"
    headers:
      cache-control:
      - no-cache
      content-length:
      - '1959'
      content-type:
      - application/json; charset=utf-8
      date:
      - Mon, 08 Mar 2021 06:43:05 GMT
      etag:
      - W/"b6962adc-232d-4e37-b7dd-7aec578374e7"
      expires:
      - '-1'
      pragma:
      - no-cache
      server:
      - Microsoft-HTTPAPI/2.0
      - Microsoft-HTTPAPI/2.0
      strict-transport-security:
      - max-age=31536000; includeSubDomains
      transfer-encoding:
      - chunked
      vary:
      - Accept-Encoding
      x-content-type-options:
      - nosniff
      x-ms-arm-service-request-id:
      - b4abe897-67d6-40e9-aac7-8b655e420887
    status:
      code: 200
      message: OK
- request:
    body: null
    headers:
      Accept:
      - application/json
      Accept-Encoding:
      - gzip, deflate
      CommandName:
      - aks create
      Connection:
      - keep-alive
      ParameterSetName:
      - --resource-group --name --enable-managed-identity --generate-ssh-keys --vnet-subnet-id
        -a --appgw-name --appgw-subnet-id --yes -o
      User-Agent:
      - python/3.6.10 (Linux-4.15.0-122-generic-x86_64-with) msrest/0.6.21 msrest_azure/0.6.3
        azure-mgmt-resource/12.0.0 Azure-SDK-For-Python AZURECLI/2.20.0 (DOCKER)
      accept-language:
      - en-US
    method: GET
    uri: https://management.azure.com/subscriptions/00000000-0000-0000-0000-000000000000/resourcegroups/clitest000001?api-version=2020-10-01
  response:
    body:
      string: '{"id":"/subscriptions/00000000-0000-0000-0000-000000000000/resourceGroups/clitest000001","name":"clitest000001","type":"Microsoft.Resources/resourceGroups","location":"westus2","tags":{"product":"azurecli","cause":"automation","date":"2021-03-08T06:42:54Z"},"properties":{"provisioningState":"Succeeded"}}'
    headers:
      cache-control:
      - no-cache
      content-length:
      - '313'
      content-type:
      - application/json; charset=utf-8
      date:
      - Mon, 08 Mar 2021 06:43:05 GMT
      expires:
      - '-1'
      pragma:
      - no-cache
      strict-transport-security:
      - max-age=31536000; includeSubDomains
      vary:
      - Accept-Encoding
      x-content-type-options:
      - nosniff
    status:
      code: 200
      message: OK
- request:
    body: null
    headers:
      Accept:
      - application/json
      Accept-Encoding:
      - gzip, deflate
      CommandName:
      - aks create
      Connection:
      - keep-alive
      ParameterSetName:
      - --resource-group --name --enable-managed-identity --generate-ssh-keys --vnet-subnet-id
        -a --appgw-name --appgw-subnet-id --yes -o
      User-Agent:
      - python/3.6.10 (Linux-4.15.0-122-generic-x86_64-with) msrest/0.6.21 msrest_azure/0.6.3
        azure-mgmt-authorization/0.61.0 Azure-SDK-For-Python AZURECLI/2.20.0 (DOCKER)
      accept-language:
      - en-US
    method: GET
    uri: https://management.azure.com/subscriptions/00000000-0000-0000-0000-000000000000/resourceGroups/clitest000001/providers/Microsoft.Network/virtualNetworks/cliakstest000003/subnets/aks-subnet/providers/Microsoft.Authorization/roleAssignments?$filter=atScope%28%29&api-version=2020-04-01-preview
  response:
    body:
      string: '{"value":[{"properties":{"roleDefinitionId":"/subscriptions/00000000-0000-0000-0000-000000000000/providers/Microsoft.Authorization/roleDefinitions/18d7d88d-d35e-4fb5-a5c3-7773c20a72d9","principalId":"0dc34429-f3e4-4eb7-9e99-96cc510dde3f","principalType":"ServicePrincipal","scope":"/subscriptions/00000000-0000-0000-0000-000000000000","condition":null,"conditionVersion":null,"createdOn":"2019-04-25T23:39:01.4608602Z","updatedOn":"2019-04-25T23:39:01.4608602Z","createdBy":"579a5a8e-a3ce-45fc-97d6-4356669fe2db","updatedBy":"579a5a8e-a3ce-45fc-97d6-4356669fe2db","delegatedManagedIdentityResourceId":null,"description":null},"id":"/subscriptions/00000000-0000-0000-0000-000000000000/providers/Microsoft.Authorization/roleAssignments/c569ad07-cadf-4951-a98f-5f4c0b86de89","type":"Microsoft.Authorization/roleAssignments","name":"c569ad07-cadf-4951-a98f-5f4c0b86de89"},{"properties":{"roleDefinitionId":"/subscriptions/00000000-0000-0000-0000-000000000000/providers/Microsoft.Authorization/roleDefinitions/18d7d88d-d35e-4fb5-a5c3-7773c20a72d9","principalId":"0e0af172-50a4-482d-baff-e7de31252918","principalType":"ServicePrincipal","scope":"/subscriptions/00000000-0000-0000-0000-000000000000","condition":null,"conditionVersion":null,"createdOn":"2019-07-30T23:00:11.7069498Z","updatedOn":"2019-07-30T23:00:11.7069498Z","createdBy":"4f13a41d-23b0-408e-9600-3997e0e9cce8","updatedBy":"4f13a41d-23b0-408e-9600-3997e0e9cce8","delegatedManagedIdentityResourceId":null,"description":null},"id":"/subscriptions/00000000-0000-0000-0000-000000000000/providers/Microsoft.Authorization/roleAssignments/3005301d-53e0-4af2-a698-841cec3ecfeb","type":"Microsoft.Authorization/roleAssignments","name":"3005301d-53e0-4af2-a698-841cec3ecfeb"},{"properties":{"roleDefinitionId":"/subscriptions/00000000-0000-0000-0000-000000000000/providers/Microsoft.Authorization/roleDefinitions/18d7d88d-d35e-4fb5-a5c3-7773c20a72d9","principalId":"35b8c616-20e4-46aa-9920-c135923cca43","principalType":"ServicePrincipal","scope":"/subscriptions/00000000-0000-0000-0000-000000000000","condition":null,"conditionVersion":null,"createdOn":"2019-09-11T17:14:38.9010980Z","updatedOn":"2019-09-11T17:14:38.9010980Z","createdBy":"4f13a41d-23b0-408e-9600-3997e0e9cce8","updatedBy":"4f13a41d-23b0-408e-9600-3997e0e9cce8","delegatedManagedIdentityResourceId":null,"description":null},"id":"/subscriptions/00000000-0000-0000-0000-000000000000/providers/Microsoft.Authorization/roleAssignments/51ee7fb4-c18e-4922-9813-c71243ed85bb","type":"Microsoft.Authorization/roleAssignments","name":"51ee7fb4-c18e-4922-9813-c71243ed85bb"},{"properties":{"roleDefinitionId":"/subscriptions/00000000-0000-0000-0000-000000000000/providers/Microsoft.Authorization/roleDefinitions/18d7d88d-d35e-4fb5-a5c3-7773c20a72d9","principalId":"56638617-ff62-4428-8659-f84cafa8dd5c","principalType":"ServicePrincipal","scope":"/subscriptions/00000000-0000-0000-0000-000000000000","condition":null,"conditionVersion":null,"createdOn":"2019-08-05T21:39:58.5225526Z","updatedOn":"2019-08-05T21:39:58.5225526Z","createdBy":"4f13a41d-23b0-408e-9600-3997e0e9cce8","updatedBy":"4f13a41d-23b0-408e-9600-3997e0e9cce8","delegatedManagedIdentityResourceId":null,"description":null},"id":"/subscriptions/00000000-0000-0000-0000-000000000000/providers/Microsoft.Authorization/roleAssignments/52979cac-8601-4f2c-b315-7feb1cea83a8","type":"Microsoft.Authorization/roleAssignments","name":"52979cac-8601-4f2c-b315-7feb1cea83a8"},{"properties":{"roleDefinitionId":"/subscriptions/00000000-0000-0000-0000-000000000000/providers/Microsoft.Authorization/roleDefinitions/18d7d88d-d35e-4fb5-a5c3-7773c20a72d9","principalId":"65add242-96e5-49f2-8961-a022ef995c4b","principalType":"ServicePrincipal","scope":"/subscriptions/00000000-0000-0000-0000-000000000000","condition":null,"conditionVersion":null,"createdOn":"2019-08-08T00:46:28.8635434Z","updatedOn":"2019-08-08T00:46:28.8635434Z","createdBy":"4f13a41d-23b0-408e-9600-3997e0e9cce8","updatedBy":"4f13a41d-23b0-408e-9600-3997e0e9cce8","delegatedManagedIdentityResourceId":null,"description":null},"id":"/subscriptions/00000000-0000-0000-0000-000000000000/providers/Microsoft.Authorization/roleAssignments/8f5c7217-176f-438a-b454-581c10881143","type":"Microsoft.Authorization/roleAssignments","name":"8f5c7217-176f-438a-b454-581c10881143"},{"properties":{"roleDefinitionId":"/subscriptions/00000000-0000-0000-0000-000000000000/providers/Microsoft.Authorization/roleDefinitions/18d7d88d-d35e-4fb5-a5c3-7773c20a72d9","principalId":"7a542727-2fef-4dd7-8ae2-277337bcbca6","principalType":"ServicePrincipal","scope":"/subscriptions/00000000-0000-0000-0000-000000000000","condition":null,"conditionVersion":null,"createdOn":"2019-09-11T17:17:18.8151421Z","updatedOn":"2019-09-11T17:17:18.8151421Z","createdBy":"4f13a41d-23b0-408e-9600-3997e0e9cce8","updatedBy":"4f13a41d-23b0-408e-9600-3997e0e9cce8","delegatedManagedIdentityResourceId":null,"description":null},"id":"/subscriptions/00000000-0000-0000-0000-000000000000/providers/Microsoft.Authorization/roleAssignments/cb9c3c91-4f54-42d6-a9ca-143c7a184f75","type":"Microsoft.Authorization/roleAssignments","name":"cb9c3c91-4f54-42d6-a9ca-143c7a184f75"},{"properties":{"roleDefinitionId":"/subscriptions/00000000-0000-0000-0000-000000000000/providers/Microsoft.Authorization/roleDefinitions/18d7d88d-d35e-4fb5-a5c3-7773c20a72d9","principalId":"7c0f6018-3fc3-42db-837c-c77673a4e4e2","principalType":"ServicePrincipal","scope":"/subscriptions/00000000-0000-0000-0000-000000000000","condition":null,"conditionVersion":null,"createdOn":"2019-09-11T00:15:46.9330730Z","updatedOn":"2019-09-11T00:15:46.9330730Z","createdBy":"4f13a41d-23b0-408e-9600-3997e0e9cce8","updatedBy":"4f13a41d-23b0-408e-9600-3997e0e9cce8","delegatedManagedIdentityResourceId":null,"description":null},"id":"/subscriptions/00000000-0000-0000-0000-000000000000/providers/Microsoft.Authorization/roleAssignments/84d0ea8f-3bde-428e-8190-bbd786d4cb28","type":"Microsoft.Authorization/roleAssignments","name":"84d0ea8f-3bde-428e-8190-bbd786d4cb28"},{"properties":{"roleDefinitionId":"/subscriptions/00000000-0000-0000-0000-000000000000/providers/Microsoft.Authorization/roleDefinitions/18d7d88d-d35e-4fb5-a5c3-7773c20a72d9","principalId":"7f93c512-94b4-45bb-b142-39a8eb271c74","principalType":"ServicePrincipal","scope":"/subscriptions/00000000-0000-0000-0000-000000000000","condition":null,"conditionVersion":null,"createdOn":"2019-09-11T00:50:08.0338629Z","updatedOn":"2019-09-11T00:50:08.0338629Z","createdBy":"4f13a41d-23b0-408e-9600-3997e0e9cce8","updatedBy":"4f13a41d-23b0-408e-9600-3997e0e9cce8","delegatedManagedIdentityResourceId":null,"description":null},"id":"/subscriptions/00000000-0000-0000-0000-000000000000/providers/Microsoft.Authorization/roleAssignments/3a743578-72ea-4847-9681-59d3f2575065","type":"Microsoft.Authorization/roleAssignments","name":"3a743578-72ea-4847-9681-59d3f2575065"},{"properties":{"roleDefinitionId":"/subscriptions/00000000-0000-0000-0000-000000000000/providers/Microsoft.Authorization/roleDefinitions/18d7d88d-d35e-4fb5-a5c3-7773c20a72d9","principalId":"81c0d959-16ef-42f2-9746-3aac22c84f0b","principalType":"ServicePrincipal","scope":"/subscriptions/00000000-0000-0000-0000-000000000000","condition":null,"conditionVersion":null,"createdOn":"2019-08-01T17:55:22.0959469Z","updatedOn":"2019-08-01T17:55:22.0959469Z","createdBy":"4f13a41d-23b0-408e-9600-3997e0e9cce8","updatedBy":"4f13a41d-23b0-408e-9600-3997e0e9cce8","delegatedManagedIdentityResourceId":null,"description":null},"id":"/subscriptions/00000000-0000-0000-0000-000000000000/providers/Microsoft.Authorization/roleAssignments/29d255af-1548-4111-83a4-ffe123e549aa","type":"Microsoft.Authorization/roleAssignments","name":"29d255af-1548-4111-83a4-ffe123e549aa"},{"properties":{"roleDefinitionId":"/subscriptions/00000000-0000-0000-0000-000000000000/providers/Microsoft.Authorization/roleDefinitions/18d7d88d-d35e-4fb5-a5c3-7773c20a72d9","principalId":"827809a9-d7d4-40de-a880-693a5ca489a8","principalType":"ServicePrincipal","scope":"/subscriptions/00000000-0000-0000-0000-000000000000","condition":null,"conditionVersion":null,"createdOn":"2019-09-05T18:02:13.3265468Z","updatedOn":"2019-09-05T18:02:13.3265468Z","createdBy":"4f13a41d-23b0-408e-9600-3997e0e9cce8","updatedBy":"4f13a41d-23b0-408e-9600-3997e0e9cce8","delegatedManagedIdentityResourceId":null,"description":null},"id":"/subscriptions/00000000-0000-0000-0000-000000000000/providers/Microsoft.Authorization/roleAssignments/9dc12925-75a2-4d66-b06f-ba0de0d44aea","type":"Microsoft.Authorization/roleAssignments","name":"9dc12925-75a2-4d66-b06f-ba0de0d44aea"},{"properties":{"roleDefinitionId":"/subscriptions/00000000-0000-0000-0000-000000000000/providers/Microsoft.Authorization/roleDefinitions/18d7d88d-d35e-4fb5-a5c3-7773c20a72d9","principalId":"860e580f-d014-42ea-bf49-75aee226007e","principalType":"ServicePrincipal","scope":"/subscriptions/00000000-0000-0000-0000-000000000000","condition":null,"conditionVersion":null,"createdOn":"2019-06-04T20:36:23.7991210Z","updatedOn":"2019-06-04T20:36:23.7991210Z","createdBy":"579a5a8e-a3ce-45fc-97d6-4356669fe2db","updatedBy":"579a5a8e-a3ce-45fc-97d6-4356669fe2db","delegatedManagedIdentityResourceId":null,"description":null},"id":"/subscriptions/00000000-0000-0000-0000-000000000000/providers/Microsoft.Authorization/roleAssignments/f5d1253f-50a6-4087-82e4-a9897c308c97","type":"Microsoft.Authorization/roleAssignments","name":"f5d1253f-50a6-4087-82e4-a9897c308c97"},{"properties":{"roleDefinitionId":"/subscriptions/00000000-0000-0000-0000-000000000000/providers/Microsoft.Authorization/roleDefinitions/18d7d88d-d35e-4fb5-a5c3-7773c20a72d9","principalId":"a8e5709c-59fa-4c1c-b1c9-359f46d0b915","principalType":"ServicePrincipal","scope":"/subscriptions/00000000-0000-0000-0000-000000000000","condition":null,"conditionVersion":null,"createdOn":"2019-09-03T20:47:29.1558676Z","updatedOn":"2019-09-03T20:47:29.1558676Z","createdBy":"4f13a41d-23b0-408e-9600-3997e0e9cce8","updatedBy":"4f13a41d-23b0-408e-9600-3997e0e9cce8","delegatedManagedIdentityResourceId":null,"description":null},"id":"/subscriptions/00000000-0000-0000-0000-000000000000/providers/Microsoft.Authorization/roleAssignments/6dc58dd0-840a-4736-8987-9006bc104786","type":"Microsoft.Authorization/roleAssignments","name":"6dc58dd0-840a-4736-8987-9006bc104786"},{"properties":{"roleDefinitionId":"/subscriptions/00000000-0000-0000-0000-000000000000/providers/Microsoft.Authorization/roleDefinitions/18d7d88d-d35e-4fb5-a5c3-7773c20a72d9","principalId":"d467d529-bc4c-4835-a23e-d109109f9fec","principalType":"ServicePrincipal","scope":"/subscriptions/00000000-0000-0000-0000-000000000000","condition":null,"conditionVersion":null,"createdOn":"2019-08-08T01:42:45.3270623Z","updatedOn":"2019-08-08T01:42:45.3270623Z","createdBy":"4f13a41d-23b0-408e-9600-3997e0e9cce8","updatedBy":"4f13a41d-23b0-408e-9600-3997e0e9cce8","delegatedManagedIdentityResourceId":null,"description":null},"id":"/subscriptions/00000000-0000-0000-0000-000000000000/providers/Microsoft.Authorization/roleAssignments/55148204-0734-453c-937c-523090eb0f37","type":"Microsoft.Authorization/roleAssignments","name":"55148204-0734-453c-937c-523090eb0f37"},{"properties":{"roleDefinitionId":"/subscriptions/00000000-0000-0000-0000-000000000000/providers/Microsoft.Authorization/roleDefinitions/18d7d88d-d35e-4fb5-a5c3-7773c20a72d9","principalId":"d83667fc-5929-4e64-ac26-50df3f986eb5","principalType":"ServicePrincipal","scope":"/subscriptions/00000000-0000-0000-0000-000000000000","condition":null,"conditionVersion":null,"createdOn":"2019-07-31T20:03:31.0528655Z","updatedOn":"2019-07-31T20:03:31.0528655Z","createdBy":"4f13a41d-23b0-408e-9600-3997e0e9cce8","updatedBy":"4f13a41d-23b0-408e-9600-3997e0e9cce8","delegatedManagedIdentityResourceId":null,"description":null},"id":"/subscriptions/00000000-0000-0000-0000-000000000000/providers/Microsoft.Authorization/roleAssignments/d1756ca7-3c70-4ec9-af64-decbe1820de3","type":"Microsoft.Authorization/roleAssignments","name":"d1756ca7-3c70-4ec9-af64-decbe1820de3"},{"properties":{"roleDefinitionId":"/subscriptions/00000000-0000-0000-0000-000000000000/providers/Microsoft.Authorization/roleDefinitions/18d7d88d-d35e-4fb5-a5c3-7773c20a72d9","principalId":"f21dffc1-bfc5-4317-8b7e-f9dc067cbe06","principalType":"ServicePrincipal","scope":"/subscriptions/00000000-0000-0000-0000-000000000000","condition":null,"conditionVersion":null,"createdOn":"2019-09-11T17:05:08.0283653Z","updatedOn":"2019-09-11T17:05:08.0283653Z","createdBy":"4f13a41d-23b0-408e-9600-3997e0e9cce8","updatedBy":"4f13a41d-23b0-408e-9600-3997e0e9cce8","delegatedManagedIdentityResourceId":null,"description":null},"id":"/subscriptions/00000000-0000-0000-0000-000000000000/providers/Microsoft.Authorization/roleAssignments/a9a139ae-2681-4efb-a2c9-0c173da02b54","type":"Microsoft.Authorization/roleAssignments","name":"a9a139ae-2681-4efb-a2c9-0c173da02b54"},{"properties":{"roleDefinitionId":"/subscriptions/00000000-0000-0000-0000-000000000000/providers/Microsoft.Authorization/roleDefinitions/18d7d88d-d35e-4fb5-a5c3-7773c20a72d9","principalId":"fa858b9b-9f9e-464f-a65b-3fc4ec8a52b7","principalType":"ServicePrincipal","scope":"/subscriptions/00000000-0000-0000-0000-000000000000","condition":null,"conditionVersion":null,"createdOn":"2019-08-08T19:27:26.9577173Z","updatedOn":"2019-08-08T19:27:26.9577173Z","createdBy":"4f13a41d-23b0-408e-9600-3997e0e9cce8","updatedBy":"4f13a41d-23b0-408e-9600-3997e0e9cce8","delegatedManagedIdentityResourceId":null,"description":null},"id":"/subscriptions/00000000-0000-0000-0000-000000000000/providers/Microsoft.Authorization/roleAssignments/5d53c83e-6b7c-4e33-9daa-e435346ccde6","type":"Microsoft.Authorization/roleAssignments","name":"5d53c83e-6b7c-4e33-9daa-e435346ccde6"},{"properties":{"roleDefinitionId":"/subscriptions/00000000-0000-0000-0000-000000000000/providers/Microsoft.Authorization/roleDefinitions/18d7d88d-d35e-4fb5-a5c3-7773c20a72d9","principalId":"feba15c2-dca2-4c56-af6b-5aef2befe595","principalType":"ServicePrincipal","scope":"/subscriptions/00000000-0000-0000-0000-000000000000","condition":null,"conditionVersion":null,"createdOn":"2019-07-31T22:45:34.9410038Z","updatedOn":"2019-07-31T22:45:34.9410038Z","createdBy":"dda3d874-a760-4faa-8607-8f0ab3be80d1","updatedBy":"dda3d874-a760-4faa-8607-8f0ab3be80d1","delegatedManagedIdentityResourceId":null,"description":null},"id":"/subscriptions/00000000-0000-0000-0000-000000000000/providers/Microsoft.Authorization/roleAssignments/28cf901f-54bf-4e57-8c96-a7ab1f77b9d1","type":"Microsoft.Authorization/roleAssignments","name":"28cf901f-54bf-4e57-8c96-a7ab1f77b9d1"},{"properties":{"roleDefinitionId":"/subscriptions/00000000-0000-0000-0000-000000000000/providers/Microsoft.Authorization/roleDefinitions/4d97b98b-1d4f-4787-a291-c67834d212e7","principalId":"0a39b0f5-666e-417b-8a57-f11e615fe75d","principalType":"ServicePrincipal","scope":"/subscriptions/00000000-0000-0000-0000-000000000000","condition":null,"conditionVersion":null,"createdOn":"2018-01-29T20:08:06.3958170Z","updatedOn":"2018-01-29T20:08:06.3958170Z","createdBy":"0bc722e2-e05a-4927-8811-e280b69228f6","updatedBy":"0bc722e2-e05a-4927-8811-e280b69228f6","delegatedManagedIdentityResourceId":null,"description":null},"id":"/subscriptions/00000000-0000-0000-0000-000000000000/providers/Microsoft.Authorization/roleAssignments/eef63458-1b6c-4cc0-9d2b-850772d79b7c","type":"Microsoft.Authorization/roleAssignments","name":"eef63458-1b6c-4cc0-9d2b-850772d79b7c"},{"properties":{"roleDefinitionId":"/subscriptions/00000000-0000-0000-0000-000000000000/providers/Microsoft.Authorization/roleDefinitions/4d97b98b-1d4f-4787-a291-c67834d212e7","principalId":"319b68fb-87e4-4da0-940b-8aaffadd614a","principalType":"ServicePrincipal","scope":"/subscriptions/00000000-0000-0000-0000-000000000000","condition":null,"conditionVersion":null,"createdOn":"2019-04-05T20:56:28.0657509Z","updatedOn":"2019-04-05T20:56:28.0657509Z","createdBy":"50ee185f-0eb1-4577-ae14-4ecf59cfa8f7","updatedBy":"50ee185f-0eb1-4577-ae14-4ecf59cfa8f7","delegatedManagedIdentityResourceId":null,"description":null},"id":"/subscriptions/00000000-0000-0000-0000-000000000000/providers/Microsoft.Authorization/roleAssignments/c73372a3-b800-4606-b771-64bca4b1fe5d","type":"Microsoft.Authorization/roleAssignments","name":"c73372a3-b800-4606-b771-64bca4b1fe5d"},{"properties":{"roleDefinitionId":"/subscriptions/00000000-0000-0000-0000-000000000000/providers/Microsoft.Authorization/roleDefinitions/7f951dda-4ed3-4680-a7ca-43fe172d538d","principalId":"2b2ce926-56c1-4032-972e-87467d11a094","principalType":"ServicePrincipal","scope":"/subscriptions/00000000-0000-0000-0000-000000000000","condition":null,"conditionVersion":null,"createdOn":"2019-04-17T21:20:37.4170895Z","updatedOn":"2019-04-17T21:20:37.4170895Z","createdBy":"80a6e936-2bdc-4927-b49e-2a7a19943b90","updatedBy":"80a6e936-2bdc-4927-b49e-2a7a19943b90","delegatedManagedIdentityResourceId":null,"description":null},"id":"/subscriptions/00000000-0000-0000-0000-000000000000/providers/Microsoft.Authorization/roleAssignments/5b3242cf-fb91-4208-887c-d6fcd579364c","type":"Microsoft.Authorization/roleAssignments","name":"5b3242cf-fb91-4208-887c-d6fcd579364c"},{"properties":{"roleDefinitionId":"/subscriptions/00000000-0000-0000-0000-000000000000/providers/Microsoft.Authorization/roleDefinitions/81a9662b-bebf-436f-a333-f67b29880f12","principalId":"ceaba3ec-eed4-42d8-99ac-e96fd78a579b","principalType":"ServicePrincipal","scope":"/subscriptions/00000000-0000-0000-0000-000000000000","condition":null,"conditionVersion":null,"createdOn":"2019-01-26T02:15:50.6439113Z","updatedOn":"2019-01-26T02:15:50.6439113Z","createdBy":"53bb8815-874d-4b05-9953-1158e05aa080","updatedBy":"53bb8815-874d-4b05-9953-1158e05aa080","delegatedManagedIdentityResourceId":null,"description":null},"id":"/subscriptions/00000000-0000-0000-0000-000000000000/providers/Microsoft.Authorization/roleAssignments/4a9a7564-2f96-4dbc-9f95-43842bb744a8","type":"Microsoft.Authorization/roleAssignments","name":"4a9a7564-2f96-4dbc-9f95-43842bb744a8"},{"properties":{"roleDefinitionId":"/subscriptions/00000000-0000-0000-0000-000000000000/providers/Microsoft.Authorization/roleDefinitions/8e3af657-a8ff-443c-a75c-2fe8c4bcb635","principalId":"1006dc49-5a4c-4fce-b6f7-af027e6f1c1a","principalType":"ServicePrincipal","scope":"/subscriptions/00000000-0000-0000-0000-000000000000","condition":null,"conditionVersion":null,"createdOn":"2019-09-06T22:45:24.7365168Z","updatedOn":"2019-09-06T22:45:24.7365168Z","createdBy":"4744d4c9-1026-421b-87ce-b102213af921","updatedBy":"4744d4c9-1026-421b-87ce-b102213af921","delegatedManagedIdentityResourceId":null,"description":null},"id":"/subscriptions/00000000-0000-0000-0000-000000000000/providers/Microsoft.Authorization/roleAssignments/5980c7f4-a9ab-461b-881e-a820a5f47ffd","type":"Microsoft.Authorization/roleAssignments","name":"5980c7f4-a9ab-461b-881e-a820a5f47ffd"},{"properties":{"roleDefinitionId":"/subscriptions/00000000-0000-0000-0000-000000000000/providers/Microsoft.Authorization/roleDefinitions/8e3af657-a8ff-443c-a75c-2fe8c4bcb635","principalId":"18d650bc-2e22-4fb1-a7b4-b73900348968","principalType":"ServicePrincipal","scope":"/subscriptions/00000000-0000-0000-0000-000000000000","condition":null,"conditionVersion":null,"createdOn":"2019-06-21T06:27:20.6606210Z","updatedOn":"2019-06-21T06:27:20.6606210Z","createdBy":"756a1e87-e758-4b77-836c-b19b83ca0c72","updatedBy":"756a1e87-e758-4b77-836c-b19b83ca0c72","delegatedManagedIdentityResourceId":null,"description":null},"id":"/subscriptions/00000000-0000-0000-0000-000000000000/providers/Microsoft.Authorization/roleAssignments/4d16a7ef-9c35-44e3-a645-84d53514b124","type":"Microsoft.Authorization/roleAssignments","name":"4d16a7ef-9c35-44e3-a645-84d53514b124"},{"properties":{"roleDefinitionId":"/subscriptions/00000000-0000-0000-0000-000000000000/providers/Microsoft.Authorization/roleDefinitions/8e3af657-a8ff-443c-a75c-2fe8c4bcb635","principalId":"2117878a-4cc3-492d-bb92-03c54e5bb96f","principalType":"User","scope":"/subscriptions/00000000-0000-0000-0000-000000000000","condition":null,"conditionVersion":null,"createdOn":"2020-06-15T11:57:48.0976769Z","updatedOn":"2020-06-15T11:57:48.0976769Z","createdBy":"7e9cc714-bfe4-4eea-acb2-d53ced88ab8b","updatedBy":"7e9cc714-bfe4-4eea-acb2-d53ced88ab8b","delegatedManagedIdentityResourceId":null,"description":null},"id":"/subscriptions/00000000-0000-0000-0000-000000000000/providers/Microsoft.Authorization/roleAssignments/366afa7f-351b-4b5a-83f9-97f7e6f4eb5b","type":"Microsoft.Authorization/roleAssignments","name":"366afa7f-351b-4b5a-83f9-97f7e6f4eb5b"},{"properties":{"roleDefinitionId":"/subscriptions/00000000-0000-0000-0000-000000000000/providers/Microsoft.Authorization/roleDefinitions/8e3af657-a8ff-443c-a75c-2fe8c4bcb635","principalId":"29b7d2ff-3903-4db2-bddf-584aca644648","principalType":"ServicePrincipal","scope":"/subscriptions/00000000-0000-0000-0000-000000000000","condition":null,"conditionVersion":null,"createdOn":"2019-05-09T01:31:21.8530426Z","updatedOn":"2019-05-09T01:31:21.8530426Z","createdBy":"dadf8177-aa96-4224-bf1e-0ed3d66a8c48","updatedBy":"dadf8177-aa96-4224-bf1e-0ed3d66a8c48","delegatedManagedIdentityResourceId":null,"description":null},"id":"/subscriptions/00000000-0000-0000-0000-000000000000/providers/Microsoft.Authorization/roleAssignments/5884b58d-bf5a-4c58-8e4a-ccc0b7a6f0ae","type":"Microsoft.Authorization/roleAssignments","name":"5884b58d-bf5a-4c58-8e4a-ccc0b7a6f0ae"},{"properties":{"roleDefinitionId":"/subscriptions/00000000-0000-0000-0000-000000000000/providers/Microsoft.Authorization/roleDefinitions/8e3af657-a8ff-443c-a75c-2fe8c4bcb635","principalId":"305c679a-dc49-43a7-b913-996069f10c61","principalType":"ServicePrincipal","scope":"/subscriptions/00000000-0000-0000-0000-000000000000","condition":null,"conditionVersion":null,"createdOn":"2020-09-17T06:46:07.8721371Z","updatedOn":"2020-09-17T06:46:07.8721371Z","createdBy":"c212dea8-d0da-4832-bdb1-d9e2b7672c76","updatedBy":"c212dea8-d0da-4832-bdb1-d9e2b7672c76","delegatedManagedIdentityResourceId":null,"description":null},"id":"/subscriptions/00000000-0000-0000-0000-000000000000/providers/Microsoft.Authorization/roleAssignments/fcc58c06-0943-4764-a9d7-7883420c68be","type":"Microsoft.Authorization/roleAssignments","name":"fcc58c06-0943-4764-a9d7-7883420c68be"},{"properties":{"roleDefinitionId":"/subscriptions/00000000-0000-0000-0000-000000000000/providers/Microsoft.Authorization/roleDefinitions/8e3af657-a8ff-443c-a75c-2fe8c4bcb635","principalId":"33d87b59-68e3-40cb-a9e7-99fbf8d86408","principalType":"User","scope":"/subscriptions/00000000-0000-0000-0000-000000000000","condition":null,"conditionVersion":null,"createdOn":"2020-08-11T05:23:46.3878122Z","updatedOn":"2020-08-11T05:23:46.3878122Z","createdBy":"0276227b-f99f-4db3-b016-9eebbdfe5dd9","updatedBy":"0276227b-f99f-4db3-b016-9eebbdfe5dd9","delegatedManagedIdentityResourceId":null,"description":null},"id":"/subscriptions/00000000-0000-0000-0000-000000000000/providers/Microsoft.Authorization/roleAssignments/2bfac3cf-0299-4ee6-b432-830f0e9fcb42","type":"Microsoft.Authorization/roleAssignments","name":"2bfac3cf-0299-4ee6-b432-830f0e9fcb42"},{"properties":{"roleDefinitionId":"/subscriptions/00000000-0000-0000-0000-000000000000/providers/Microsoft.Authorization/roleDefinitions/8e3af657-a8ff-443c-a75c-2fe8c4bcb635","principalId":"35b8fced-ab2b-42c4-b654-6ca411a7dc40","principalType":"ServicePrincipal","scope":"/subscriptions/00000000-0000-0000-0000-000000000000","condition":null,"conditionVersion":null,"createdOn":"2018-12-11T19:02:43.5042805Z","updatedOn":"2018-12-11T19:02:43.5042805Z","createdBy":"","updatedBy":"","delegatedManagedIdentityResourceId":null,"description":null},"id":"/subscriptions/00000000-0000-0000-0000-000000000000/providers/Microsoft.Authorization/roleAssignments/74418809-205c-4656-8e32-4d6190d31e0a","type":"Microsoft.Authorization/roleAssignments","name":"74418809-205c-4656-8e32-4d6190d31e0a"},{"properties":{"roleDefinitionId":"/subscriptions/00000000-0000-0000-0000-000000000000/providers/Microsoft.Authorization/roleDefinitions/8e3af657-a8ff-443c-a75c-2fe8c4bcb635","principalId":"39fc5957-4b28-4245-a1ca-0c05574dd32b","principalType":"User","scope":"/subscriptions/00000000-0000-0000-0000-000000000000","condition":null,"conditionVersion":null,"createdOn":"2020-08-24T17:53:29.5962353Z","updatedOn":"2020-08-24T17:53:29.5962353Z","createdBy":"97c2e3e1-0d86-4ef6-918d-b4a3668eb893","updatedBy":"97c2e3e1-0d86-4ef6-918d-b4a3668eb893","delegatedManagedIdentityResourceId":null,"description":null},"id":"/subscriptions/00000000-0000-0000-0000-000000000000/providers/Microsoft.Authorization/roleAssignments/2ea23647-adc4-46e1-a19f-a28e2d1ae62b","type":"Microsoft.Authorization/roleAssignments","name":"2ea23647-adc4-46e1-a19f-a28e2d1ae62b"},{"properties":{"roleDefinitionId":"/subscriptions/00000000-0000-0000-0000-000000000000/providers/Microsoft.Authorization/roleDefinitions/8e3af657-a8ff-443c-a75c-2fe8c4bcb635","principalId":"3db3923d-6344-4a57-9662-339cb7c67324","principalType":"ServicePrincipal","scope":"/subscriptions/00000000-0000-0000-0000-000000000000","condition":null,"conditionVersion":null,"createdOn":"2019-05-24T22:17:00.3112007Z","updatedOn":"2019-05-24T22:17:00.3112007Z","createdBy":"7375cbec-5c23-4650-b2cb-397a68e39519","updatedBy":"7375cbec-5c23-4650-b2cb-397a68e39519","delegatedManagedIdentityResourceId":null,"description":null},"id":"/subscriptions/00000000-0000-0000-0000-000000000000/providers/Microsoft.Authorization/roleAssignments/7bde286d-cd60-4894-9bea-ff0a79443c86","type":"Microsoft.Authorization/roleAssignments","name":"7bde286d-cd60-4894-9bea-ff0a79443c86"},{"properties":{"roleDefinitionId":"/subscriptions/00000000-0000-0000-0000-000000000000/providers/Microsoft.Authorization/roleDefinitions/8e3af657-a8ff-443c-a75c-2fe8c4bcb635","principalId":"3e301224-20db-4d49-977f-5a3520827949","principalType":"User","scope":"/subscriptions/00000000-0000-0000-0000-000000000000","condition":null,"conditionVersion":null,"createdOn":"2020-05-18T16:51:49.5253976Z","updatedOn":"2020-05-18T16:51:49.5253976Z","createdBy":"01e2b341-56ec-43fb-9f53-f6332d30df93","updatedBy":"01e2b341-56ec-43fb-9f53-f6332d30df93","delegatedManagedIdentityResourceId":null,"description":null},"id":"/subscriptions/00000000-0000-0000-0000-000000000000/providers/Microsoft.Authorization/roleAssignments/9eae11e0-9312-4950-bdd3-06b66c018d0c","type":"Microsoft.Authorization/roleAssignments","name":"9eae11e0-9312-4950-bdd3-06b66c018d0c"},{"properties":{"roleDefinitionId":"/subscriptions/00000000-0000-0000-0000-000000000000/providers/Microsoft.Authorization/roleDefinitions/8e3af657-a8ff-443c-a75c-2fe8c4bcb635","principalId":"44d2f8c7-d87d-45b0-87db-4cb97b40417d","principalType":"Group","scope":"/subscriptions/00000000-0000-0000-0000-000000000000","condition":null,"conditionVersion":null,"createdOn":"2018-05-18T21:39:38.0957095Z","updatedOn":"2018-05-18T21:39:38.0957095Z","createdBy":"01e2b341-56ec-43fb-9f53-f6332d30df93","updatedBy":"01e2b341-56ec-43fb-9f53-f6332d30df93","delegatedManagedIdentityResourceId":null,"description":null},"id":"/subscriptions/00000000-0000-0000-0000-000000000000/providers/Microsoft.Authorization/roleAssignments/6c85d328-1046-486f-9838-25549ecd4a6b","type":"Microsoft.Authorization/roleAssignments","name":"6c85d328-1046-486f-9838-25549ecd4a6b"},{"properties":{"roleDefinitionId":"/subscriptions/00000000-0000-0000-0000-000000000000/providers/Microsoft.Authorization/roleDefinitions/8e3af657-a8ff-443c-a75c-2fe8c4bcb635","principalId":"55f1abda-87ca-4804-a48b-4467615eb5e0","principalType":"User","scope":"/subscriptions/00000000-0000-0000-0000-000000000000","condition":null,"conditionVersion":null,"createdOn":"2020-11-12T21:30:41.0126268Z","updatedOn":"2020-11-12T21:30:41.0126268Z","createdBy":"19263705-0667-497e-85e7-a930fa3441ec","updatedBy":"19263705-0667-497e-85e7-a930fa3441ec","delegatedManagedIdentityResourceId":null,"description":null},"id":"/subscriptions/00000000-0000-0000-0000-000000000000/providers/Microsoft.Authorization/roleAssignments/e3b2459c-5fd2-404b-a07c-4e9748ecb89e","type":"Microsoft.Authorization/roleAssignments","name":"e3b2459c-5fd2-404b-a07c-4e9748ecb89e"},{"properties":{"roleDefinitionId":"/subscriptions/00000000-0000-0000-0000-000000000000/providers/Microsoft.Authorization/roleDefinitions/8e3af657-a8ff-443c-a75c-2fe8c4bcb635","principalId":"5a8e714e-c10b-483b-8b20-cce6b30d5ca2","principalType":"ServicePrincipal","scope":"/subscriptions/00000000-0000-0000-0000-000000000000","condition":null,"conditionVersion":null,"createdOn":"2020-07-14T12:32:17.3700047Z","updatedOn":"2020-07-14T12:32:17.3700047Z","createdBy":"0276227b-f99f-4db3-b016-9eebbdfe5dd9","updatedBy":"0276227b-f99f-4db3-b016-9eebbdfe5dd9","delegatedManagedIdentityResourceId":null,"description":null},"id":"/subscriptions/00000000-0000-0000-0000-000000000000/providers/Microsoft.Authorization/roleAssignments/3efcf6b7-fb45-4ac6-8b91-83e8246dbe1d","type":"Microsoft.Authorization/roleAssignments","name":"3efcf6b7-fb45-4ac6-8b91-83e8246dbe1d"},{"properties":{"roleDefinitionId":"/subscriptions/00000000-0000-0000-0000-000000000000/providers/Microsoft.Authorization/roleDefinitions/8e3af657-a8ff-443c-a75c-2fe8c4bcb635","principalId":"5ecb1531-0d8c-4a89-93cb-1b48b2224358","principalType":"User","scope":"/subscriptions/00000000-0000-0000-0000-000000000000","condition":null,"conditionVersion":null,"createdOn":"2020-04-30T22:13:52.0054368Z","updatedOn":"2020-04-30T22:13:52.0054368Z","createdBy":"53bb8815-874d-4b05-9953-1158e05aa080","updatedBy":"53bb8815-874d-4b05-9953-1158e05aa080","delegatedManagedIdentityResourceId":null,"description":null},"id":"/subscriptions/00000000-0000-0000-0000-000000000000/providers/Microsoft.Authorization/roleAssignments/1e8e82d8-537d-41a7-985e-1ac23f4c9113","type":"Microsoft.Authorization/roleAssignments","name":"1e8e82d8-537d-41a7-985e-1ac23f4c9113"},{"properties":{"roleDefinitionId":"/subscriptions/00000000-0000-0000-0000-000000000000/providers/Microsoft.Authorization/roleDefinitions/8e3af657-a8ff-443c-a75c-2fe8c4bcb635","principalId":"88d2a37e-a1ac-41b5-abf7-ca9304036eb5","principalType":"ServicePrincipal","scope":"/subscriptions/00000000-0000-0000-0000-000000000000","condition":null,"conditionVersion":null,"createdOn":"2019-03-19T02:50:30.5165038Z","updatedOn":"2019-03-19T02:50:30.5165038Z","createdBy":"b47f071a-d6c9-4297-954e-83151fff489b","updatedBy":"b47f071a-d6c9-4297-954e-83151fff489b","delegatedManagedIdentityResourceId":null,"description":null},"id":"/subscriptions/00000000-0000-0000-0000-000000000000/providers/Microsoft.Authorization/roleAssignments/d65c13d5-1f6b-433d-b157-c0f188eea40f","type":"Microsoft.Authorization/roleAssignments","name":"d65c13d5-1f6b-433d-b157-c0f188eea40f"},{"properties":{"roleDefinitionId":"/subscriptions/00000000-0000-0000-0000-000000000000/providers/Microsoft.Authorization/roleDefinitions/8e3af657-a8ff-443c-a75c-2fe8c4bcb635","principalId":"8ff738a5-abcd-4864-a162-6c18f7c9cbd9","principalType":"ServicePrincipal","scope":"/subscriptions/00000000-0000-0000-0000-000000000000","condition":null,"conditionVersion":null,"createdOn":"2019-04-02T02:19:36.2521632Z","updatedOn":"2019-04-02T02:19:36.2521632Z","createdBy":"7e9cc714-bfe4-4eea-acb2-d53ced88ab8b","updatedBy":"7e9cc714-bfe4-4eea-acb2-d53ced88ab8b","delegatedManagedIdentityResourceId":null,"description":null},"id":"/subscriptions/00000000-0000-0000-0000-000000000000/providers/Microsoft.Authorization/roleAssignments/9a26cbcf-68ae-4dd8-9faa-ca83fc975993","type":"Microsoft.Authorization/roleAssignments","name":"9a26cbcf-68ae-4dd8-9faa-ca83fc975993"},{"properties":{"roleDefinitionId":"/subscriptions/00000000-0000-0000-0000-000000000000/providers/Microsoft.Authorization/roleDefinitions/8e3af657-a8ff-443c-a75c-2fe8c4bcb635","principalId":"95ee81aa-468a-4376-82c4-a9fe7c9331fe","principalType":"User","scope":"/subscriptions/00000000-0000-0000-0000-000000000000","condition":null,"conditionVersion":null,"createdOn":"2020-05-14T02:12:10.3592100Z","updatedOn":"2020-05-14T02:12:10.3592100Z","createdBy":"e29d79eb-7dfc-4583-b360-d45d39625c97","updatedBy":"e29d79eb-7dfc-4583-b360-d45d39625c97","delegatedManagedIdentityResourceId":null,"description":null},"id":"/subscriptions/00000000-0000-0000-0000-000000000000/providers/Microsoft.Authorization/roleAssignments/9e565129-254f-4575-839e-9b8933e26c2a","type":"Microsoft.Authorization/roleAssignments","name":"9e565129-254f-4575-839e-9b8933e26c2a"},{"properties":{"roleDefinitionId":"/subscriptions/00000000-0000-0000-0000-000000000000/providers/Microsoft.Authorization/roleDefinitions/8e3af657-a8ff-443c-a75c-2fe8c4bcb635","principalId":"9ecae641-7f9d-466d-a8e8-4a152238a8f1","principalType":"ServicePrincipal","scope":"/subscriptions/00000000-0000-0000-0000-000000000000","condition":null,"conditionVersion":null,"createdOn":"2020-09-01T15:34:30.7181488Z","updatedOn":"2020-09-01T15:34:30.7181488Z","createdBy":"478fdd79-cb11-45ed-8725-382321c0f7fd","updatedBy":"478fdd79-cb11-45ed-8725-382321c0f7fd","delegatedManagedIdentityResourceId":null,"description":null},"id":"/subscriptions/00000000-0000-0000-0000-000000000000/providers/Microsoft.Authorization/roleAssignments/ea38a1ec-4089-42c4-8e45-28a7ffa2423b","type":"Microsoft.Authorization/roleAssignments","name":"ea38a1ec-4089-42c4-8e45-28a7ffa2423b"},{"properties":{"roleDefinitionId":"/subscriptions/00000000-0000-0000-0000-000000000000/providers/Microsoft.Authorization/roleDefinitions/8e3af657-a8ff-443c-a75c-2fe8c4bcb635","principalId":"b3a165ed-2328-4042-a39d-f0dd8c4cb988","principalType":"ServicePrincipal","scope":"/subscriptions/00000000-0000-0000-0000-000000000000","condition":null,"conditionVersion":null,"createdOn":"2019-06-04T16:01:24.5790637Z","updatedOn":"2019-06-04T16:01:24.5790637Z","createdBy":"4b5234ab-8f8d-429e-9e1c-ea5799b66ffa","updatedBy":"4b5234ab-8f8d-429e-9e1c-ea5799b66ffa","delegatedManagedIdentityResourceId":null,"description":null},"id":"/subscriptions/00000000-0000-0000-0000-000000000000/providers/Microsoft.Authorization/roleAssignments/8cac468c-1b19-4614-b15b-212f6e8be518","type":"Microsoft.Authorization/roleAssignments","name":"8cac468c-1b19-4614-b15b-212f6e8be518"},{"properties":{"roleDefinitionId":"/subscriptions/00000000-0000-0000-0000-000000000000/providers/Microsoft.Authorization/roleDefinitions/8e3af657-a8ff-443c-a75c-2fe8c4bcb635","principalId":"c6979a71-063b-4a70-9fe0-5f85efe26f75","principalType":"ServicePrincipal","scope":"/subscriptions/00000000-0000-0000-0000-000000000000","condition":null,"conditionVersion":null,"createdOn":"2019-06-24T22:07:21.1459361Z","updatedOn":"2019-06-24T22:07:21.1459361Z","createdBy":"756a1e87-e758-4b77-836c-b19b83ca0c72","updatedBy":"756a1e87-e758-4b77-836c-b19b83ca0c72","delegatedManagedIdentityResourceId":null,"description":null},"id":"/subscriptions/00000000-0000-0000-0000-000000000000/providers/Microsoft.Authorization/roleAssignments/944be4d0-d44d-4eab-88d7-701759d265cf","type":"Microsoft.Authorization/roleAssignments","name":"944be4d0-d44d-4eab-88d7-701759d265cf"},{"properties":{"roleDefinitionId":"/subscriptions/00000000-0000-0000-0000-000000000000/providers/Microsoft.Authorization/roleDefinitions/8e3af657-a8ff-443c-a75c-2fe8c4bcb635","principalId":"e5ad6d43-d6ac-4061-84cc-f7cb826200a0","principalType":"User","scope":"/subscriptions/00000000-0000-0000-0000-000000000000","condition":null,"conditionVersion":null,"createdOn":"2020-09-21T22:43:06.2601250Z","updatedOn":"2020-09-21T22:43:06.2601250Z","createdBy":"97c2e3e1-0d86-4ef6-918d-b4a3668eb893","updatedBy":"97c2e3e1-0d86-4ef6-918d-b4a3668eb893","delegatedManagedIdentityResourceId":null,"description":null},"id":"/subscriptions/00000000-0000-0000-0000-000000000000/providers/Microsoft.Authorization/roleAssignments/eab4ed43-f31f-4e53-a8f0-bf8d04cc0013","type":"Microsoft.Authorization/roleAssignments","name":"eab4ed43-f31f-4e53-a8f0-bf8d04cc0013"},{"properties":{"roleDefinitionId":"/subscriptions/00000000-0000-0000-0000-000000000000/providers/Microsoft.Authorization/roleDefinitions/985d6b00-f706-48f5-a6fe-d0ca12fb668d","principalId":"ceaba3ec-eed4-42d8-99ac-e96fd78a579b","principalType":"ServicePrincipal","scope":"/subscriptions/00000000-0000-0000-0000-000000000000","condition":null,"conditionVersion":null,"createdOn":"2019-01-26T02:15:35.1298267Z","updatedOn":"2019-01-26T02:15:35.1298267Z","createdBy":"53bb8815-874d-4b05-9953-1158e05aa080","updatedBy":"53bb8815-874d-4b05-9953-1158e05aa080","delegatedManagedIdentityResourceId":null,"description":null},"id":"/subscriptions/00000000-0000-0000-0000-000000000000/providers/Microsoft.Authorization/roleAssignments/59aa9b2b-afaf-4eba-9f9d-cbc79f280b83","type":"Microsoft.Authorization/roleAssignments","name":"59aa9b2b-afaf-4eba-9f9d-cbc79f280b83"},{"properties":{"roleDefinitionId":"/subscriptions/00000000-0000-0000-0000-000000000000/providers/Microsoft.Authorization/roleDefinitions/9f15f5f5-77bd-413a-aa88-4b9c68b1e7bc","principalId":"3c2f3efc-0197-4fd5-b566-0e3f07a17f0c","principalType":"ServicePrincipal","scope":"/subscriptions/00000000-0000-0000-0000-000000000000","condition":null,"conditionVersion":null,"createdOn":"2017-08-31T18:42:01.3513775Z","updatedOn":"2017-08-31T18:42:01.3513775Z","createdBy":"f115a02a-6f42-4297-aabb-f0f6022ee60b","updatedBy":"f115a02a-6f42-4297-aabb-f0f6022ee60b","delegatedManagedIdentityResourceId":null,"description":null},"id":"/subscriptions/00000000-0000-0000-0000-000000000000/providers/Microsoft.Authorization/roleAssignments/8d6d2b55-e14b-47ba-bf45-85d90f69cd4c","type":"Microsoft.Authorization/roleAssignments","name":"8d6d2b55-e14b-47ba-bf45-85d90f69cd4c"},{"properties":{"roleDefinitionId":"/subscriptions/00000000-0000-0000-0000-000000000000/providers/Microsoft.Authorization/roleDefinitions/9f15f5f5-77bd-413a-aa88-4b9c68b1e7bc","principalId":"f20f5b45-5e3e-409f-a400-dfa2e9374384","principalType":"ServicePrincipal","scope":"/subscriptions/00000000-0000-0000-0000-000000000000","condition":null,"conditionVersion":null,"createdOn":"2017-03-22T23:03:37.9278545Z","updatedOn":"2017-03-22T23:03:37.9278545Z","createdBy":"f115a02a-6f42-4297-aabb-f0f6022ee60b","updatedBy":"f115a02a-6f42-4297-aabb-f0f6022ee60b","delegatedManagedIdentityResourceId":null,"description":null},"id":"/subscriptions/00000000-0000-0000-0000-000000000000/providers/Microsoft.Authorization/roleAssignments/956d22f8-5d90-473e-9e9b-a332375bed90","type":"Microsoft.Authorization/roleAssignments","name":"956d22f8-5d90-473e-9e9b-a332375bed90"},{"properties":{"roleDefinitionId":"/subscriptions/00000000-0000-0000-0000-000000000000/providers/Microsoft.Authorization/roleDefinitions/a48d7896-14b4-4889-afef-fbb65a96e5a2","principalId":"af201c0e-e698-46d7-a1e5-0971ba35342b","principalType":"ServicePrincipal","scope":"/subscriptions/00000000-0000-0000-0000-000000000000","condition":null,"conditionVersion":null,"createdOn":"2020-11-13T20:34:43.1527324Z","updatedOn":"2020-11-13T20:34:43.1527324Z","createdBy":"392e7e76-1ee5-4c86-b0c3-cd3ebc5fe4a8","updatedBy":"392e7e76-1ee5-4c86-b0c3-cd3ebc5fe4a8","delegatedManagedIdentityResourceId":null,"description":null},"id":"/subscriptions/00000000-0000-0000-0000-000000000000/providers/Microsoft.Authorization/roleAssignments/a084e4e0-02d6-40f9-bdc6-d2efb6a40e31","type":"Microsoft.Authorization/roleAssignments","name":"a084e4e0-02d6-40f9-bdc6-d2efb6a40e31"},{"properties":{"roleDefinitionId":"/subscriptions/00000000-0000-0000-0000-000000000000/providers/Microsoft.Authorization/roleDefinitions/acdd72a7-3385-48ef-bd42-f606fba81ae7","principalId":"086ce7ae-a165-416a-abb3-72f29b6331f0","principalType":"ServicePrincipal","scope":"/subscriptions/00000000-0000-0000-0000-000000000000","condition":null,"conditionVersion":null,"createdOn":"2019-06-13T05:22:27.2411812Z","updatedOn":"2019-06-13T05:22:27.2411812Z","createdBy":"4b5234ab-8f8d-429e-9e1c-ea5799b66ffa","updatedBy":"4b5234ab-8f8d-429e-9e1c-ea5799b66ffa","delegatedManagedIdentityResourceId":null,"description":null},"id":"/subscriptions/00000000-0000-0000-0000-000000000000/providers/Microsoft.Authorization/roleAssignments/fe0e0c53-30dd-43e2-a4bd-b7fc92fd1f0b","type":"Microsoft.Authorization/roleAssignments","name":"fe0e0c53-30dd-43e2-a4bd-b7fc92fd1f0b"},{"properties":{"roleDefinitionId":"/subscriptions/00000000-0000-0000-0000-000000000000/providers/Microsoft.Authorization/roleDefinitions/acdd72a7-3385-48ef-bd42-f606fba81ae7","principalId":"0a39b0f5-666e-417b-8a57-f11e615fe75d","principalType":"ServicePrincipal","scope":"/subscriptions/00000000-0000-0000-0000-000000000000","condition":null,"conditionVersion":null,"createdOn":"2018-01-29T20:07:57.8193040Z","updatedOn":"2018-01-29T20:07:57.8193040Z","createdBy":"0bc722e2-e05a-4927-8811-e280b69228f6","updatedBy":"0bc722e2-e05a-4927-8811-e280b69228f6","delegatedManagedIdentityResourceId":null,"description":null},"id":"/subscriptions/00000000-0000-0000-0000-000000000000/providers/Microsoft.Authorization/roleAssignments/4e8c6420-7fe0-423f-8b8f-2604991daa51","type":"Microsoft.Authorization/roleAssignments","name":"4e8c6420-7fe0-423f-8b8f-2604991daa51"},{"properties":{"roleDefinitionId":"/subscriptions/00000000-0000-0000-0000-000000000000/providers/Microsoft.Authorization/roleDefinitions/acdd72a7-3385-48ef-bd42-f606fba81ae7","principalId":"49facfd4-19c2-4b38-91af-6263b285ca29","principalType":"ServicePrincipal","scope":"/subscriptions/00000000-0000-0000-0000-000000000000","condition":null,"conditionVersion":null,"createdOn":"2020-04-03T00:31:44.9089543Z","updatedOn":"2020-04-03T00:31:44.9089543Z","createdBy":"ed4707f4-8b58-42fe-9afd-0045d7a9b262","updatedBy":"ed4707f4-8b58-42fe-9afd-0045d7a9b262","delegatedManagedIdentityResourceId":null,"description":null},"id":"/subscriptions/00000000-0000-0000-0000-000000000000/providers/Microsoft.Authorization/roleAssignments/d74a9e1a-bc0d-450a-a324-0a8674f6c9f4","type":"Microsoft.Authorization/roleAssignments","name":"d74a9e1a-bc0d-450a-a324-0a8674f6c9f4"},{"properties":{"roleDefinitionId":"/subscriptions/00000000-0000-0000-0000-000000000000/providers/Microsoft.Authorization/roleDefinitions/acdd72a7-3385-48ef-bd42-f606fba81ae7","principalId":"7d24045a-3445-4bda-abe5-232e2bccd01a","principalType":"ServicePrincipal","scope":"/subscriptions/00000000-0000-0000-0000-000000000000","condition":null,"conditionVersion":null,"createdOn":"2019-08-28T15:43:10.5461496Z","updatedOn":"2019-08-28T15:43:10.5461496Z","createdBy":"7e9cc714-bfe4-4eea-acb2-d53ced88ab8b","updatedBy":"7e9cc714-bfe4-4eea-acb2-d53ced88ab8b","delegatedManagedIdentityResourceId":null,"description":null},"id":"/subscriptions/00000000-0000-0000-0000-000000000000/providers/Microsoft.Authorization/roleAssignments/baafb0f8-7708-4400-abe8-325de210dbad","type":"Microsoft.Authorization/roleAssignments","name":"baafb0f8-7708-4400-abe8-325de210dbad"},{"properties":{"roleDefinitionId":"/subscriptions/00000000-0000-0000-0000-000000000000/providers/Microsoft.Authorization/roleDefinitions/acdd72a7-3385-48ef-bd42-f606fba81ae7","principalId":"85c33f6f-5d69-4b0e-bc06-95a7d3193519","principalType":"ServicePrincipal","scope":"/subscriptions/00000000-0000-0000-0000-000000000000","condition":null,"conditionVersion":null,"createdOn":"2020-04-15T00:29:36.9375090Z","updatedOn":"2020-04-15T00:29:36.9375090Z","createdBy":"01e2b341-56ec-43fb-9f53-f6332d30df93","updatedBy":"01e2b341-56ec-43fb-9f53-f6332d30df93","delegatedManagedIdentityResourceId":null,"description":null},"id":"/subscriptions/00000000-0000-0000-0000-000000000000/providers/Microsoft.Authorization/roleAssignments/0b5b09d7-8a3a-49ae-9a2f-879275319dff","type":"Microsoft.Authorization/roleAssignments","name":"0b5b09d7-8a3a-49ae-9a2f-879275319dff"},{"properties":{"roleDefinitionId":"/subscriptions/00000000-0000-0000-0000-000000000000/providers/Microsoft.Authorization/roleDefinitions/acdd72a7-3385-48ef-bd42-f606fba81ae7","principalId":"ca34c2cd-dc55-4c91-9d20-e118a0f3e1d1","principalType":"ServicePrincipal","scope":"/subscriptions/00000000-0000-0000-0000-000000000000","condition":null,"conditionVersion":null,"createdOn":"2018-10-10T21:20:26.9511268Z","updatedOn":"2018-10-10T21:20:26.9511268Z","createdBy":"1dbafcda-bc6d-4bef-b6e6-bdc1dff2d1c9","updatedBy":"1dbafcda-bc6d-4bef-b6e6-bdc1dff2d1c9","delegatedManagedIdentityResourceId":null,"description":null},"id":"/subscriptions/00000000-0000-0000-0000-000000000000/providers/Microsoft.Authorization/roleAssignments/b5d8d119-0e22-43b7-8f64-b13bc33a8f00","type":"Microsoft.Authorization/roleAssignments","name":"b5d8d119-0e22-43b7-8f64-b13bc33a8f00"},{"properties":{"roleDefinitionId":"/subscriptions/00000000-0000-0000-0000-000000000000/providers/Microsoft.Authorization/roleDefinitions/b24988ac-6180-42a0-ab88-20f7382dd24c","principalId":"060e1baf-ae5f-4599-b6ee-9feba207de2c","principalType":"User","scope":"/subscriptions/00000000-0000-0000-0000-000000000000","condition":null,"conditionVersion":null,"createdOn":"2020-05-18T17:57:33.6774645Z","updatedOn":"2020-05-18T17:57:33.6774645Z","createdBy":"3e301224-20db-4d49-977f-5a3520827949","updatedBy":"3e301224-20db-4d49-977f-5a3520827949","delegatedManagedIdentityResourceId":null,"description":null},"id":"/subscriptions/00000000-0000-0000-0000-000000000000/providers/Microsoft.Authorization/roleAssignments/c4b68441-45a5-496e-ba3e-72c284fd55c6","type":"Microsoft.Authorization/roleAssignments","name":"c4b68441-45a5-496e-ba3e-72c284fd55c6"},{"properties":{"roleDefinitionId":"/subscriptions/00000000-0000-0000-0000-000000000000/providers/Microsoft.Authorization/roleDefinitions/b24988ac-6180-42a0-ab88-20f7382dd24c","principalId":"0dc34429-f3e4-4eb7-9e99-96cc510dde3f","principalType":"ServicePrincipal","scope":"/subscriptions/00000000-0000-0000-0000-000000000000","condition":null,"conditionVersion":null,"createdOn":"2019-07-30T15:59:22.1626998Z","updatedOn":"2019-07-30T15:59:22.1626998Z","createdBy":"579a5a8e-a3ce-45fc-97d6-4356669fe2db","updatedBy":"579a5a8e-a3ce-45fc-97d6-4356669fe2db","delegatedManagedIdentityResourceId":null,"description":null},"id":"/subscriptions/00000000-0000-0000-0000-000000000000/providers/Microsoft.Authorization/roleAssignments/70fe4bd6-fc0a-4dc8-be69-954ac38fa578","type":"Microsoft.Authorization/roleAssignments","name":"70fe4bd6-fc0a-4dc8-be69-954ac38fa578"},{"properties":{"roleDefinitionId":"/subscriptions/00000000-0000-0000-0000-000000000000/providers/Microsoft.Authorization/roleDefinitions/b24988ac-6180-42a0-ab88-20f7382dd24c","principalId":"175890fa-bd80-4743-86d9-faed7653f078","principalType":"ServicePrincipal","scope":"/subscriptions/00000000-0000-0000-0000-000000000000","condition":null,"conditionVersion":null,"createdOn":"2017-10-04T15:39:13.8361595Z","updatedOn":"2017-10-04T15:39:13.8361595Z","createdBy":"01e2b341-56ec-43fb-9f53-f6332d30df93","updatedBy":"01e2b341-56ec-43fb-9f53-f6332d30df93","delegatedManagedIdentityResourceId":null,"description":null},"id":"/subscriptions/00000000-0000-0000-0000-000000000000/providers/Microsoft.Authorization/roleAssignments/4fc674e8-5054-48be-9ad4-da5b28121c4f","type":"Microsoft.Authorization/roleAssignments","name":"4fc674e8-5054-48be-9ad4-da5b28121c4f"},{"properties":{"roleDefinitionId":"/subscriptions/00000000-0000-0000-0000-000000000000/providers/Microsoft.Authorization/roleDefinitions/b24988ac-6180-42a0-ab88-20f7382dd24c","principalId":"17f09542-c300-4090-aff2-4b7303486809","principalType":"ServicePrincipal","scope":"/subscriptions/00000000-0000-0000-0000-000000000000","condition":null,"conditionVersion":null,"createdOn":"2020-09-30T20:27:20.5025412Z","updatedOn":"2020-09-30T20:27:20.5025412Z","createdBy":"ed4707f4-8b58-42fe-9afd-0045d7a9b262","updatedBy":"ed4707f4-8b58-42fe-9afd-0045d7a9b262","delegatedManagedIdentityResourceId":null,"description":null},"id":"/subscriptions/00000000-0000-0000-0000-000000000000/providers/Microsoft.Authorization/roleAssignments/9b03682e-449a-4964-b0de-81865a08fc63","type":"Microsoft.Authorization/roleAssignments","name":"9b03682e-449a-4964-b0de-81865a08fc63"},{"properties":{"roleDefinitionId":"/subscriptions/00000000-0000-0000-0000-000000000000/providers/Microsoft.Authorization/roleDefinitions/b24988ac-6180-42a0-ab88-20f7382dd24c","principalId":"18faf9c8-a208-420e-961c-ad92d9ac94fa","principalType":"ServicePrincipal","scope":"/subscriptions/00000000-0000-0000-0000-000000000000","condition":null,"conditionVersion":null,"createdOn":"2019-11-21T05:31:15.8970870Z","updatedOn":"2019-11-21T05:31:15.8970870Z","createdBy":"3452d015-48ec-48db-8c4c-80d9205ef053","updatedBy":"3452d015-48ec-48db-8c4c-80d9205ef053","delegatedManagedIdentityResourceId":null,"description":null},"id":"/subscriptions/00000000-0000-0000-0000-000000000000/providers/Microsoft.Authorization/roleAssignments/1568a1a9-93c4-4e3b-a92b-9d3cac61bba4","type":"Microsoft.Authorization/roleAssignments","name":"1568a1a9-93c4-4e3b-a92b-9d3cac61bba4"},{"properties":{"roleDefinitionId":"/subscriptions/00000000-0000-0000-0000-000000000000/providers/Microsoft.Authorization/roleDefinitions/b24988ac-6180-42a0-ab88-20f7382dd24c","principalId":"205ebd9a-a4b8-45fb-8ecb-eb7598f7390d","principalType":"ServicePrincipal","scope":"/subscriptions/00000000-0000-0000-0000-000000000000","condition":null,"conditionVersion":null,"createdOn":"2019-06-04T02:22:36.2084308Z","updatedOn":"2019-06-04T02:22:36.2084308Z","createdBy":"579a5a8e-a3ce-45fc-97d6-4356669fe2db","updatedBy":"579a5a8e-a3ce-45fc-97d6-4356669fe2db","delegatedManagedIdentityResourceId":null,"description":null},"id":"/subscriptions/00000000-0000-0000-0000-000000000000/providers/Microsoft.Authorization/roleAssignments/d8ea80d3-867e-4886-9311-7d2e5e080028","type":"Microsoft.Authorization/roleAssignments","name":"d8ea80d3-867e-4886-9311-7d2e5e080028"},{"properties":{"roleDefinitionId":"/subscriptions/00000000-0000-0000-0000-000000000000/providers/Microsoft.Authorization/roleDefinitions/b24988ac-6180-42a0-ab88-20f7382dd24c","principalId":"207714c3-3eea-43f3-aba7-aa2346f4c7e1","principalType":"ServicePrincipal","scope":"/subscriptions/00000000-0000-0000-0000-000000000000","condition":null,"conditionVersion":null,"createdOn":"2019-11-21T05:31:25.6872298Z","updatedOn":"2019-11-21T05:31:25.6872298Z","createdBy":"3452d015-48ec-48db-8c4c-80d9205ef053","updatedBy":"3452d015-48ec-48db-8c4c-80d9205ef053","delegatedManagedIdentityResourceId":null,"description":null},"id":"/subscriptions/00000000-0000-0000-0000-000000000000/providers/Microsoft.Authorization/roleAssignments/e4c2a25f-72a2-45b7-81c7-196e21945c48","type":"Microsoft.Authorization/roleAssignments","name":"e4c2a25f-72a2-45b7-81c7-196e21945c48"},{"properties":{"roleDefinitionId":"/subscriptions/00000000-0000-0000-0000-000000000000/providers/Microsoft.Authorization/roleDefinitions/b24988ac-6180-42a0-ab88-20f7382dd24c","principalId":"245e8632-08da-45a6-8566-92d1de42df14","principalType":"ServicePrincipal","scope":"/subscriptions/00000000-0000-0000-0000-000000000000","condition":null,"conditionVersion":null,"createdOn":"2019-10-25T19:00:54.3596296Z","updatedOn":"2019-10-25T19:00:54.3596296Z","createdBy":"579a5a8e-a3ce-45fc-97d6-4356669fe2db","updatedBy":"579a5a8e-a3ce-45fc-97d6-4356669fe2db","delegatedManagedIdentityResourceId":null,"description":null},"id":"/subscriptions/00000000-0000-0000-0000-000000000000/providers/Microsoft.Authorization/roleAssignments/82a03611-8194-421b-8328-80a48cf7b71b","type":"Microsoft.Authorization/roleAssignments","name":"82a03611-8194-421b-8328-80a48cf7b71b"},{"properties":{"roleDefinitionId":"/subscriptions/00000000-0000-0000-0000-000000000000/providers/Microsoft.Authorization/roleDefinitions/b24988ac-6180-42a0-ab88-20f7382dd24c","principalId":"26d4f162-463e-48c5-80fe-dd027f67f3ab","principalType":"ServicePrincipal","scope":"/subscriptions/00000000-0000-0000-0000-000000000000","condition":null,"conditionVersion":null,"createdOn":"2020-02-24T20:42:52.9009177Z","updatedOn":"2020-02-24T20:42:52.9009177Z","createdBy":"19263705-0667-497e-85e7-a930fa3441ec","updatedBy":"19263705-0667-497e-85e7-a930fa3441ec","delegatedManagedIdentityResourceId":null,"description":null},"id":"/subscriptions/00000000-0000-0000-0000-000000000000/providers/Microsoft.Authorization/roleAssignments/5a14c435-998c-45ae-9a94-eca7c988ecdf","type":"Microsoft.Authorization/roleAssignments","name":"5a14c435-998c-45ae-9a94-eca7c988ecdf"},{"properties":{"roleDefinitionId":"/subscriptions/00000000-0000-0000-0000-000000000000/providers/Microsoft.Authorization/roleDefinitions/b24988ac-6180-42a0-ab88-20f7382dd24c","principalId":"2b5a071d-f565-49e6-8b61-4a9606c34e60","principalType":"ServicePrincipal","scope":"/subscriptions/00000000-0000-0000-0000-000000000000","condition":null,"conditionVersion":null,"createdOn":"2020-03-25T04:16:45.3618189Z","updatedOn":"2020-03-25T04:16:45.3618189Z","createdBy":"0276227b-f99f-4db3-b016-9eebbdfe5dd9","updatedBy":"0276227b-f99f-4db3-b016-9eebbdfe5dd9","delegatedManagedIdentityResourceId":null,"description":null},"id":"/subscriptions/00000000-0000-0000-0000-000000000000/providers/Microsoft.Authorization/roleAssignments/d1f631c7-9f84-4e32-b047-e37ffc0c9165","type":"Microsoft.Authorization/roleAssignments","name":"d1f631c7-9f84-4e32-b047-e37ffc0c9165"},{"properties":{"roleDefinitionId":"/subscriptions/00000000-0000-0000-0000-000000000000/providers/Microsoft.Authorization/roleDefinitions/b24988ac-6180-42a0-ab88-20f7382dd24c","principalId":"2c424919-14f9-494d-88c2-71d68799ac74","principalType":"ServicePrincipal","scope":"/subscriptions/00000000-0000-0000-0000-000000000000","condition":null,"conditionVersion":null,"createdOn":"2021-01-17T08:52:15.2283213Z","updatedOn":"2021-01-17T08:52:15.2283213Z","createdBy":"a75ea823-3748-4855-a4df-f4ba5383d006","updatedBy":"a75ea823-3748-4855-a4df-f4ba5383d006","delegatedManagedIdentityResourceId":null,"description":null},"id":"/subscriptions/00000000-0000-0000-0000-000000000000/providers/Microsoft.Authorization/roleAssignments/82c27814-70bc-407b-a02b-baf8a21a97cb","type":"Microsoft.Authorization/roleAssignments","name":"82c27814-70bc-407b-a02b-baf8a21a97cb"},{"properties":{"roleDefinitionId":"/subscriptions/00000000-0000-0000-0000-000000000000/providers/Microsoft.Authorization/roleDefinitions/b24988ac-6180-42a0-ab88-20f7382dd24c","principalId":"2c8b61d5-f149-49ee-972e-9563bce6c692","principalType":"ServicePrincipal","scope":"/subscriptions/00000000-0000-0000-0000-000000000000","condition":null,"conditionVersion":null,"createdOn":"2021-01-05T18:33:28.8931431Z","updatedOn":"2021-01-05T18:33:28.8931431Z","createdBy":"19263705-0667-497e-85e7-a930fa3441ec","updatedBy":"19263705-0667-497e-85e7-a930fa3441ec","delegatedManagedIdentityResourceId":null,"description":null},"id":"/subscriptions/00000000-0000-0000-0000-000000000000/providers/Microsoft.Authorization/roleAssignments/221e9d08-df2d-4c34-a3ea-0a5a67b3edbb","type":"Microsoft.Authorization/roleAssignments","name":"221e9d08-df2d-4c34-a3ea-0a5a67b3edbb"},{"properties":{"roleDefinitionId":"/subscriptions/00000000-0000-0000-0000-000000000000/providers/Microsoft.Authorization/roleDefinitions/b24988ac-6180-42a0-ab88-20f7382dd24c","principalId":"2d36972c-06f7-4ee4-9e91-73957849e734","principalType":"ServicePrincipal","scope":"/subscriptions/00000000-0000-0000-0000-000000000000","condition":null,"conditionVersion":null,"createdOn":"2019-01-30T21:50:50.1345089Z","updatedOn":"2019-01-30T21:50:50.1345089Z","createdBy":"f115a02a-6f42-4297-aabb-f0f6022ee60b","updatedBy":"f115a02a-6f42-4297-aabb-f0f6022ee60b","delegatedManagedIdentityResourceId":null,"description":null},"id":"/subscriptions/00000000-0000-0000-0000-000000000000/providers/Microsoft.Authorization/roleAssignments/3dd09f08-6245-4554-a56e-e62f636d1611","type":"Microsoft.Authorization/roleAssignments","name":"3dd09f08-6245-4554-a56e-e62f636d1611"},{"properties":{"roleDefinitionId":"/subscriptions/00000000-0000-0000-0000-000000000000/providers/Microsoft.Authorization/roleDefinitions/b24988ac-6180-42a0-ab88-20f7382dd24c","principalId":"31196b55-d0f7-470c-ac1d-4473dda4deaf","principalType":"ServicePrincipal","scope":"/subscriptions/00000000-0000-0000-0000-000000000000","condition":null,"conditionVersion":null,"createdOn":"2021-03-06T21:39:50.8825615Z","updatedOn":"2021-03-06T21:39:50.8825615Z","createdBy":"53bb8815-874d-4b05-9953-1158e05aa080","updatedBy":"53bb8815-874d-4b05-9953-1158e05aa080","delegatedManagedIdentityResourceId":null,"description":null},"id":"/subscriptions/00000000-0000-0000-0000-000000000000/providers/Microsoft.Authorization/roleAssignments/6e58e367-0fb0-41f3-b3d5-a1039b6cf938","type":"Microsoft.Authorization/roleAssignments","name":"6e58e367-0fb0-41f3-b3d5-a1039b6cf938"},{"properties":{"roleDefinitionId":"/subscriptions/00000000-0000-0000-0000-000000000000/providers/Microsoft.Authorization/roleDefinitions/b24988ac-6180-42a0-ab88-20f7382dd24c","principalId":"343bb108-2faa-4784-a68b-8dacaa1e40b3","principalType":"ServicePrincipal","scope":"/subscriptions/00000000-0000-0000-0000-000000000000","condition":null,"conditionVersion":null,"createdOn":"2018-12-19T00:04:46.8990781Z","updatedOn":"2018-12-19T00:04:46.8990781Z","createdBy":"3de0be6c-de3f-4fd5-a8f3-4498cdf25140","updatedBy":"3de0be6c-de3f-4fd5-a8f3-4498cdf25140","delegatedManagedIdentityResourceId":null,"description":null},"id":"/subscriptions/00000000-0000-0000-0000-000000000000/providers/Microsoft.Authorization/roleAssignments/9229fbc1-4613-4635-89f5-11e306112875","type":"Microsoft.Authorization/roleAssignments","name":"9229fbc1-4613-4635-89f5-11e306112875"},{"properties":{"roleDefinitionId":"/subscriptions/00000000-0000-0000-0000-000000000000/providers/Microsoft.Authorization/roleDefinitions/b24988ac-6180-42a0-ab88-20f7382dd24c","principalId":"378c42c0-e9e0-49f3-a4e1-85d504867554","principalType":"ServicePrincipal","scope":"/subscriptions/00000000-0000-0000-0000-000000000000","condition":null,"conditionVersion":null,"createdOn":"2020-09-08T07:39:15.0766648Z","updatedOn":"2020-09-08T07:39:15.0766648Z","createdBy":"0276227b-f99f-4db3-b016-9eebbdfe5dd9","updatedBy":"0276227b-f99f-4db3-b016-9eebbdfe5dd9","delegatedManagedIdentityResourceId":null,"description":null},"id":"/subscriptions/00000000-0000-0000-0000-000000000000/providers/Microsoft.Authorization/roleAssignments/d81a8d97-79d3-46ae-b97e-c054cdbb3f2d","type":"Microsoft.Authorization/roleAssignments","name":"d81a8d97-79d3-46ae-b97e-c054cdbb3f2d"},{"properties":{"roleDefinitionId":"/subscriptions/00000000-0000-0000-0000-000000000000/providers/Microsoft.Authorization/roleDefinitions/b24988ac-6180-42a0-ab88-20f7382dd24c","principalId":"3c5e52d1-1e78-4c0e-b069-1c07c6ed52d6","principalType":"ServicePrincipal","scope":"/subscriptions/00000000-0000-0000-0000-000000000000","condition":null,"conditionVersion":null,"createdOn":"2020-09-07T06:44:59.5743379Z","updatedOn":"2020-09-07T06:44:59.5743379Z","createdBy":"a70eb664-13f1-42a8-8cfc-86a61770d75f","updatedBy":"a70eb664-13f1-42a8-8cfc-86a61770d75f","delegatedManagedIdentityResourceId":null,"description":null},"id":"/subscriptions/00000000-0000-0000-0000-000000000000/providers/Microsoft.Authorization/roleAssignments/0b9a8f74-da1f-4c80-9989-b95289d0c488","type":"Microsoft.Authorization/roleAssignments","name":"0b9a8f74-da1f-4c80-9989-b95289d0c488"},{"properties":{"roleDefinitionId":"/subscriptions/00000000-0000-0000-0000-000000000000/providers/Microsoft.Authorization/roleDefinitions/b24988ac-6180-42a0-ab88-20f7382dd24c","principalId":"3d316d5d-6b6e-42b8-96b3-dbebb29b55cc","principalType":"ServicePrincipal","scope":"/subscriptions/00000000-0000-0000-0000-000000000000","condition":null,"conditionVersion":null,"createdOn":"2020-04-09T22:24:58.9412723Z","updatedOn":"2020-04-09T22:24:58.9412723Z","createdBy":"dadf8177-aa96-4224-bf1e-0ed3d66a8c48","updatedBy":"dadf8177-aa96-4224-bf1e-0ed3d66a8c48","delegatedManagedIdentityResourceId":null,"description":null},"id":"/subscriptions/00000000-0000-0000-0000-000000000000/providers/Microsoft.Authorization/roleAssignments/759d8652-8175-4168-99b9-d88472c62ff4","type":"Microsoft.Authorization/roleAssignments","name":"759d8652-8175-4168-99b9-d88472c62ff4"},{"properties":{"roleDefinitionId":"/subscriptions/00000000-0000-0000-0000-000000000000/providers/Microsoft.Authorization/roleDefinitions/b24988ac-6180-42a0-ab88-20f7382dd24c","principalId":"433b39e4-d731-4c3f-855b-327c980d393d","principalType":"ServicePrincipal","scope":"/subscriptions/00000000-0000-0000-0000-000000000000","condition":null,"conditionVersion":null,"createdOn":"2019-03-14T00:59:12.9311633Z","updatedOn":"2019-03-14T00:59:12.9311633Z","createdBy":"4b5234ab-8f8d-429e-9e1c-ea5799b66ffa","updatedBy":"4b5234ab-8f8d-429e-9e1c-ea5799b66ffa","delegatedManagedIdentityResourceId":null,"description":null},"id":"/subscriptions/00000000-0000-0000-0000-000000000000/providers/Microsoft.Authorization/roleAssignments/076bd1c6-6bbd-4a94-9010-9b8506665ce8","type":"Microsoft.Authorization/roleAssignments","name":"076bd1c6-6bbd-4a94-9010-9b8506665ce8"},{"properties":{"roleDefinitionId":"/subscriptions/00000000-0000-0000-0000-000000000000/providers/Microsoft.Authorization/roleDefinitions/b24988ac-6180-42a0-ab88-20f7382dd24c","principalId":"46d5ca96-fdd8-46eb-a1b8-b6f00259f1c2","principalType":"ServicePrincipal","scope":"/subscriptions/00000000-0000-0000-0000-000000000000","condition":null,"conditionVersion":null,"createdOn":"2020-09-22T15:48:46.4256621Z","updatedOn":"2020-09-22T15:48:46.4256621Z","createdBy":"97c2e3e1-0d86-4ef6-918d-b4a3668eb893","updatedBy":"97c2e3e1-0d86-4ef6-918d-b4a3668eb893","delegatedManagedIdentityResourceId":null,"description":null},"id":"/subscriptions/00000000-0000-0000-0000-000000000000/providers/Microsoft.Authorization/roleAssignments/173ead83-0c11-469b-81b5-6f5ef9d9b8a1","type":"Microsoft.Authorization/roleAssignments","name":"173ead83-0c11-469b-81b5-6f5ef9d9b8a1"},{"properties":{"roleDefinitionId":"/subscriptions/00000000-0000-0000-0000-000000000000/providers/Microsoft.Authorization/roleDefinitions/b24988ac-6180-42a0-ab88-20f7382dd24c","principalId":"493c9fba-03b0-415c-bac6-ba44eb01ed58","principalType":"ServicePrincipal","scope":"/subscriptions/00000000-0000-0000-0000-000000000000","condition":null,"conditionVersion":null,"createdOn":"2020-03-08T05:22:15.7316114Z","updatedOn":"2020-03-08T05:22:15.7316114Z","createdBy":"a75ea823-3748-4855-a4df-f4ba5383d006","updatedBy":"a75ea823-3748-4855-a4df-f4ba5383d006","delegatedManagedIdentityResourceId":null,"description":null},"id":"/subscriptions/00000000-0000-0000-0000-000000000000/providers/Microsoft.Authorization/roleAssignments/b707d312-2a2d-428b-8ad5-3b1855039639","type":"Microsoft.Authorization/roleAssignments","name":"b707d312-2a2d-428b-8ad5-3b1855039639"},{"properties":{"roleDefinitionId":"/subscriptions/00000000-0000-0000-0000-000000000000/providers/Microsoft.Authorization/roleDefinitions/b24988ac-6180-42a0-ab88-20f7382dd24c","principalId":"50b766d0-01e2-44a4-b053-3ca901a00f1a","principalType":"ServicePrincipal","scope":"/subscriptions/00000000-0000-0000-0000-000000000000","condition":null,"conditionVersion":null,"createdOn":"2019-10-30T01:42:27.6345297Z","updatedOn":"2019-10-30T01:42:27.6345297Z","createdBy":"7a69ab46-a41e-4e40-873c-bd130b5badd8","updatedBy":"7a69ab46-a41e-4e40-873c-bd130b5badd8","delegatedManagedIdentityResourceId":null,"description":null},"id":"/subscriptions/00000000-0000-0000-0000-000000000000/providers/Microsoft.Authorization/roleAssignments/7543ea21-90be-4ced-a127-e432c11caf06","type":"Microsoft.Authorization/roleAssignments","name":"7543ea21-90be-4ced-a127-e432c11caf06"},{"properties":{"roleDefinitionId":"/subscriptions/00000000-0000-0000-0000-000000000000/providers/Microsoft.Authorization/roleDefinitions/b24988ac-6180-42a0-ab88-20f7382dd24c","principalId":"55f1abda-87ca-4804-a48b-4467615eb5e0","principalType":"User","scope":"/subscriptions/00000000-0000-0000-0000-000000000000","condition":null,"conditionVersion":null,"createdOn":"2020-11-09T16:52:20.1928909Z","updatedOn":"2020-11-09T16:52:20.1928909Z","createdBy":"97c2e3e1-0d86-4ef6-918d-b4a3668eb893","updatedBy":"97c2e3e1-0d86-4ef6-918d-b4a3668eb893","delegatedManagedIdentityResourceId":null,"description":null},"id":"/subscriptions/00000000-0000-0000-0000-000000000000/providers/Microsoft.Authorization/roleAssignments/e3e73959-3a40-4c34-9651-c944c272e63b","type":"Microsoft.Authorization/roleAssignments","name":"e3e73959-3a40-4c34-9651-c944c272e63b"},{"properties":{"roleDefinitionId":"/subscriptions/00000000-0000-0000-0000-000000000000/providers/Microsoft.Authorization/roleDefinitions/b24988ac-6180-42a0-ab88-20f7382dd24c","principalId":"5a7d980c-f837-42a4-8dd0-c28c043f9f53","principalType":"ServicePrincipal","scope":"/subscriptions/00000000-0000-0000-0000-000000000000","condition":null,"conditionVersion":null,"createdOn":"2021-03-04T00:56:35.8913643Z","updatedOn":"2021-03-04T00:56:35.8913643Z","createdBy":"478fdd79-cb11-45ed-8725-382321c0f7fd","updatedBy":"478fdd79-cb11-45ed-8725-382321c0f7fd","delegatedManagedIdentityResourceId":null,"description":null},"id":"/subscriptions/00000000-0000-0000-0000-000000000000/providers/Microsoft.Authorization/roleAssignments/bee3b24a-3f65-4efd-bbae-ed42e96830c5","type":"Microsoft.Authorization/roleAssignments","name":"bee3b24a-3f65-4efd-bbae-ed42e96830c5"},{"properties":{"roleDefinitionId":"/subscriptions/00000000-0000-0000-0000-000000000000/providers/Microsoft.Authorization/roleDefinitions/b24988ac-6180-42a0-ab88-20f7382dd24c","principalId":"683ce920-48f0-470b-a6a5-527a298a9241","principalType":"ServicePrincipal","scope":"/subscriptions/00000000-0000-0000-0000-000000000000","condition":null,"conditionVersion":null,"createdOn":"2020-03-02T22:20:00.0609319Z","updatedOn":"2020-03-02T22:20:00.0609319Z","createdBy":"01e2b341-56ec-43fb-9f53-f6332d30df93","updatedBy":"01e2b341-56ec-43fb-9f53-f6332d30df93","delegatedManagedIdentityResourceId":null,"description":null},"id":"/subscriptions/00000000-0000-0000-0000-000000000000/providers/Microsoft.Authorization/roleAssignments/6fe7c2c7-c844-4aee-ad97-2cc03f4555d2","type":"Microsoft.Authorization/roleAssignments","name":"6fe7c2c7-c844-4aee-ad97-2cc03f4555d2"},{"properties":{"roleDefinitionId":"/subscriptions/00000000-0000-0000-0000-000000000000/providers/Microsoft.Authorization/roleDefinitions/b24988ac-6180-42a0-ab88-20f7382dd24c","principalId":"693efe39-f7c6-4eac-8f0d-98d58058070d","principalType":"ServicePrincipal","scope":"/subscriptions/00000000-0000-0000-0000-000000000000","condition":null,"conditionVersion":null,"createdOn":"2020-03-25T04:16:36.1164051Z","updatedOn":"2020-03-25T04:16:36.1164051Z","createdBy":"0276227b-f99f-4db3-b016-9eebbdfe5dd9","updatedBy":"0276227b-f99f-4db3-b016-9eebbdfe5dd9","delegatedManagedIdentityResourceId":null,"description":null},"id":"/subscriptions/00000000-0000-0000-0000-000000000000/providers/Microsoft.Authorization/roleAssignments/6fa4a2a6-e302-449c-89aa-fcd8b1fb5cf3","type":"Microsoft.Authorization/roleAssignments","name":"6fa4a2a6-e302-449c-89aa-fcd8b1fb5cf3"},{"properties":{"roleDefinitionId":"/subscriptions/00000000-0000-0000-0000-000000000000/providers/Microsoft.Authorization/roleDefinitions/b24988ac-6180-42a0-ab88-20f7382dd24c","principalId":"69658537-1ebd-4007-b4e2-26bacb2d1c23","principalType":"ServicePrincipal","scope":"/subscriptions/00000000-0000-0000-0000-000000000000","condition":null,"conditionVersion":null,"createdOn":"2020-08-31T19:08:41.1373539Z","updatedOn":"2020-08-31T19:08:41.1373539Z","createdBy":"5abe6647-6d0a-42a5-9378-28457904e05f","updatedBy":"5abe6647-6d0a-42a5-9378-28457904e05f","delegatedManagedIdentityResourceId":null,"description":null},"id":"/subscriptions/00000000-0000-0000-0000-000000000000/providers/Microsoft.Authorization/roleAssignments/cc8f9e92-f228-4cc5-ac72-86bf04ceefb8","type":"Microsoft.Authorization/roleAssignments","name":"cc8f9e92-f228-4cc5-ac72-86bf04ceefb8"},{"properties":{"roleDefinitionId":"/subscriptions/00000000-0000-0000-0000-000000000000/providers/Microsoft.Authorization/roleDefinitions/b24988ac-6180-42a0-ab88-20f7382dd24c","principalId":"6b83bfa2-0af9-4f08-a887-d6145eef4405","principalType":"ServicePrincipal","scope":"/subscriptions/00000000-0000-0000-0000-000000000000","condition":null,"conditionVersion":null,"createdOn":"2019-10-30T08:39:56.4054031Z","updatedOn":"2019-10-30T08:39:56.4054031Z","createdBy":"f058371f-0c0e-46bb-a5d4-f8aec637a467","updatedBy":"f058371f-0c0e-46bb-a5d4-f8aec637a467","delegatedManagedIdentityResourceId":null,"description":null},"id":"/subscriptions/00000000-0000-0000-0000-000000000000/providers/Microsoft.Authorization/roleAssignments/526722c9-9f8b-489f-8f71-eec2a35eaf1e","type":"Microsoft.Authorization/roleAssignments","name":"526722c9-9f8b-489f-8f71-eec2a35eaf1e"},{"properties":{"roleDefinitionId":"/subscriptions/00000000-0000-0000-0000-000000000000/providers/Microsoft.Authorization/roleDefinitions/b24988ac-6180-42a0-ab88-20f7382dd24c","principalId":"6c72b719-4fcb-400f-8dc6-16520830aa66","principalType":"ServicePrincipal","scope":"/subscriptions/00000000-0000-0000-0000-000000000000","condition":null,"conditionVersion":null,"createdOn":"2020-07-23T23:22:50.1179887Z","updatedOn":"2020-07-23T23:22:50.1179887Z","createdBy":"97c2e3e1-0d86-4ef6-918d-b4a3668eb893","updatedBy":"97c2e3e1-0d86-4ef6-918d-b4a3668eb893","delegatedManagedIdentityResourceId":null,"description":null},"id":"/subscriptions/00000000-0000-0000-0000-000000000000/providers/Microsoft.Authorization/roleAssignments/a9096625-5d95-47ba-a2a2-434281e22f8d","type":"Microsoft.Authorization/roleAssignments","name":"a9096625-5d95-47ba-a2a2-434281e22f8d"},{"properties":{"roleDefinitionId":"/subscriptions/00000000-0000-0000-0000-000000000000/providers/Microsoft.Authorization/roleDefinitions/b24988ac-6180-42a0-ab88-20f7382dd24c","principalId":"6d167b4a-511c-4243-bced-9e46d98ea1d1","principalType":"ServicePrincipal","scope":"/subscriptions/00000000-0000-0000-0000-000000000000","condition":null,"conditionVersion":null,"createdOn":"2021-01-17T08:35:28.1234595Z","updatedOn":"2021-01-17T08:35:28.1234595Z","createdBy":"a75ea823-3748-4855-a4df-f4ba5383d006","updatedBy":"a75ea823-3748-4855-a4df-f4ba5383d006","delegatedManagedIdentityResourceId":null,"description":null},"id":"/subscriptions/00000000-0000-0000-0000-000000000000/providers/Microsoft.Authorization/roleAssignments/89a3eeee-1808-4d1e-a170-a0d8f71fcdc7","type":"Microsoft.Authorization/roleAssignments","name":"89a3eeee-1808-4d1e-a170-a0d8f71fcdc7"},{"properties":{"roleDefinitionId":"/subscriptions/00000000-0000-0000-0000-000000000000/providers/Microsoft.Authorization/roleDefinitions/b24988ac-6180-42a0-ab88-20f7382dd24c","principalId":"7360d165-98e1-4bbe-bb25-5e28b24a6695","principalType":"User","scope":"/subscriptions/00000000-0000-0000-0000-000000000000","condition":null,"conditionVersion":null,"createdOn":"2020-01-24T23:21:30.5773151Z","updatedOn":"2020-01-24T23:21:30.5773151Z","createdBy":"1ec25b73-94d5-4bf9-a56f-ca7d9bd4164c","updatedBy":"1ec25b73-94d5-4bf9-a56f-ca7d9bd4164c","delegatedManagedIdentityResourceId":null,"description":null},"id":"/subscriptions/00000000-0000-0000-0000-000000000000/providers/Microsoft.Authorization/roleAssignments/508cd6ad-98d5-4f46-a31f-3645dde83440","type":"Microsoft.Authorization/roleAssignments","name":"508cd6ad-98d5-4f46-a31f-3645dde83440"},{"properties":{"roleDefinitionId":"/subscriptions/00000000-0000-0000-0000-000000000000/providers/Microsoft.Authorization/roleDefinitions/b24988ac-6180-42a0-ab88-20f7382dd24c","principalId":"7d24045a-3445-4bda-abe5-232e2bccd01a","principalType":"ServicePrincipal","scope":"/subscriptions/00000000-0000-0000-0000-000000000000","condition":null,"conditionVersion":null,"createdOn":"2019-08-29T15:59:02.2660334Z","updatedOn":"2019-08-29T15:59:02.2660334Z","createdBy":"7e9cc714-bfe4-4eea-acb2-d53ced88ab8b","updatedBy":"7e9cc714-bfe4-4eea-acb2-d53ced88ab8b","delegatedManagedIdentityResourceId":null,"description":null},"id":"/subscriptions/00000000-0000-0000-0000-000000000000/providers/Microsoft.Authorization/roleAssignments/939f40b8-cae0-4748-b7ed-43f95bbaf792","type":"Microsoft.Authorization/roleAssignments","name":"939f40b8-cae0-4748-b7ed-43f95bbaf792"},{"properties":{"roleDefinitionId":"/subscriptions/00000000-0000-0000-0000-000000000000/providers/Microsoft.Authorization/roleDefinitions/b24988ac-6180-42a0-ab88-20f7382dd24c","principalId":"82995bae-0813-4a75-b74b-c94f8e3752da","principalType":"ServicePrincipal","scope":"/subscriptions/00000000-0000-0000-0000-000000000000","condition":null,"conditionVersion":null,"createdOn":"2020-04-30T23:54:47.1684578Z","updatedOn":"2020-04-30T23:54:47.1684578Z","createdBy":"5ecb1531-0d8c-4a89-93cb-1b48b2224358","updatedBy":"5ecb1531-0d8c-4a89-93cb-1b48b2224358","delegatedManagedIdentityResourceId":null,"description":null},"id":"/subscriptions/00000000-0000-0000-0000-000000000000/providers/Microsoft.Authorization/roleAssignments/f78cd76c-8b3d-11ea-b3d3-acde48001122","type":"Microsoft.Authorization/roleAssignments","name":"f78cd76c-8b3d-11ea-b3d3-acde48001122"},{"properties":{"roleDefinitionId":"/subscriptions/00000000-0000-0000-0000-000000000000/providers/Microsoft.Authorization/roleDefinitions/b24988ac-6180-42a0-ab88-20f7382dd24c","principalId":"8351b1d1-152c-4fd3-b3c1-14a817cdfd75","principalType":"ServicePrincipal","scope":"/subscriptions/00000000-0000-0000-0000-000000000000","condition":null,"conditionVersion":null,"createdOn":"2020-05-22T08:23:28.8706414Z","updatedOn":"2020-05-22T08:23:28.8706414Z","createdBy":"b6a20139-a8c7-4fb9-b338-ef31c2ad4d72","updatedBy":"b6a20139-a8c7-4fb9-b338-ef31c2ad4d72","delegatedManagedIdentityResourceId":null,"description":null},"id":"/subscriptions/00000000-0000-0000-0000-000000000000/providers/Microsoft.Authorization/roleAssignments/4e127edf-aba5-4129-af09-9dc6d598c372","type":"Microsoft.Authorization/roleAssignments","name":"4e127edf-aba5-4129-af09-9dc6d598c372"},{"properties":{"roleDefinitionId":"/subscriptions/00000000-0000-0000-0000-000000000000/providers/Microsoft.Authorization/roleDefinitions/b24988ac-6180-42a0-ab88-20f7382dd24c","principalId":"858add92-ed68-426f-938b-8824b8431173","principalType":"ServicePrincipal","scope":"/subscriptions/00000000-0000-0000-0000-000000000000","condition":null,"conditionVersion":null,"createdOn":"2020-11-25T06:56:07.0377061Z","updatedOn":"2020-11-25T06:56:07.0377061Z","createdBy":"0276227b-f99f-4db3-b016-9eebbdfe5dd9","updatedBy":"0276227b-f99f-4db3-b016-9eebbdfe5dd9","delegatedManagedIdentityResourceId":null,"description":null},"id":"/subscriptions/00000000-0000-0000-0000-000000000000/providers/Microsoft.Authorization/roleAssignments/0a592358-67a2-4ef4-9cf3-eaef1e2832c2","type":"Microsoft.Authorization/roleAssignments","name":"0a592358-67a2-4ef4-9cf3-eaef1e2832c2"},{"properties":{"roleDefinitionId":"/subscriptions/00000000-0000-0000-0000-000000000000/providers/Microsoft.Authorization/roleDefinitions/b24988ac-6180-42a0-ab88-20f7382dd24c","principalId":"860e580f-d014-42ea-bf49-75aee226007e","principalType":"ServicePrincipal","scope":"/subscriptions/00000000-0000-0000-0000-000000000000","condition":null,"conditionVersion":null,"createdOn":"2019-07-31T22:22:44.2290304Z","updatedOn":"2019-07-31T22:22:44.2290304Z","createdBy":"579a5a8e-a3ce-45fc-97d6-4356669fe2db","updatedBy":"579a5a8e-a3ce-45fc-97d6-4356669fe2db","delegatedManagedIdentityResourceId":null,"description":null},"id":"/subscriptions/00000000-0000-0000-0000-000000000000/providers/Microsoft.Authorization/roleAssignments/eb255e80-dc42-4e1a-a90d-46db2df01008","type":"Microsoft.Authorization/roleAssignments","name":"eb255e80-dc42-4e1a-a90d-46db2df01008"},{"properties":{"roleDefinitionId":"/subscriptions/00000000-0000-0000-0000-000000000000/providers/Microsoft.Authorization/roleDefinitions/b24988ac-6180-42a0-ab88-20f7382dd24c","principalId":"86937344-57ec-432d-bf57-8537cb3e27e4","principalType":"ServicePrincipal","scope":"/subscriptions/00000000-0000-0000-0000-000000000000","condition":null,"conditionVersion":null,"createdOn":"2019-11-21T05:31:08.1082448Z","updatedOn":"2019-11-21T05:31:08.1082448Z","createdBy":"3452d015-48ec-48db-8c4c-80d9205ef053","updatedBy":"3452d015-48ec-48db-8c4c-80d9205ef053","delegatedManagedIdentityResourceId":null,"description":null},"id":"/subscriptions/00000000-0000-0000-0000-000000000000/providers/Microsoft.Authorization/roleAssignments/7a5c2032-a19f-4b2b-9dda-107f9eba8d87","type":"Microsoft.Authorization/roleAssignments","name":"7a5c2032-a19f-4b2b-9dda-107f9eba8d87"},{"properties":{"roleDefinitionId":"/subscriptions/00000000-0000-0000-0000-000000000000/providers/Microsoft.Authorization/roleDefinitions/b24988ac-6180-42a0-ab88-20f7382dd24c","principalId":"897f3a40-60a6-4493-83a3-382983c27059","principalType":"ServicePrincipal","scope":"/subscriptions/00000000-0000-0000-0000-000000000000","condition":null,"conditionVersion":null,"createdOn":"2020-03-02T23:35:27.5174228Z","updatedOn":"2020-03-02T23:35:27.5174228Z","createdBy":"01e2b341-56ec-43fb-9f53-f6332d30df93","updatedBy":"01e2b341-56ec-43fb-9f53-f6332d30df93","delegatedManagedIdentityResourceId":null,"description":null},"id":"/subscriptions/00000000-0000-0000-0000-000000000000/providers/Microsoft.Authorization/roleAssignments/1dacd0d8-e935-4cfb-8033-d9042f4d01f5","type":"Microsoft.Authorization/roleAssignments","name":"1dacd0d8-e935-4cfb-8033-d9042f4d01f5"},{"properties":{"roleDefinitionId":"/subscriptions/00000000-0000-0000-0000-000000000000/providers/Microsoft.Authorization/roleDefinitions/b24988ac-6180-42a0-ab88-20f7382dd24c","principalId":"8b6d62f7-9c93-4a5d-99b4-41e9f1170198","principalType":"ServicePrincipal","scope":"/subscriptions/00000000-0000-0000-0000-000000000000","condition":null,"conditionVersion":null,"createdOn":"2021-01-20T04:03:54.6702865Z","updatedOn":"2021-01-20T04:03:54.6702865Z","createdBy":"a70eb664-13f1-42a8-8cfc-86a61770d75f","updatedBy":"a70eb664-13f1-42a8-8cfc-86a61770d75f","delegatedManagedIdentityResourceId":null,"description":null},"id":"/subscriptions/00000000-0000-0000-0000-000000000000/providers/Microsoft.Authorization/roleAssignments/fa9a933d-11cf-4c75-a197-8aae47dd9f76","type":"Microsoft.Authorization/roleAssignments","name":"fa9a933d-11cf-4c75-a197-8aae47dd9f76"},{"properties":{"roleDefinitionId":"/subscriptions/00000000-0000-0000-0000-000000000000/providers/Microsoft.Authorization/roleDefinitions/b24988ac-6180-42a0-ab88-20f7382dd24c","principalId":"8d849499-e112-4d84-a3e5-3dc6eeb139d2","principalType":"ServicePrincipal","scope":"/subscriptions/00000000-0000-0000-0000-000000000000","condition":null,"conditionVersion":null,"createdOn":"2017-02-16T23:07:09.8391765Z","updatedOn":"2017-02-16T23:07:09.8391765Z","createdBy":"b09a0928-3846-4efb-a579-8540fb78b0a3","updatedBy":"b09a0928-3846-4efb-a579-8540fb78b0a3","delegatedManagedIdentityResourceId":null,"description":null},"id":"/subscriptions/00000000-0000-0000-0000-000000000000/providers/Microsoft.Authorization/roleAssignments/5c436c1e-eadf-4bc9-b2f4-5b41698f5d1d","type":"Microsoft.Authorization/roleAssignments","name":"5c436c1e-eadf-4bc9-b2f4-5b41698f5d1d"},{"properties":{"roleDefinitionId":"/subscriptions/00000000-0000-0000-0000-000000000000/providers/Microsoft.Authorization/roleDefinitions/b24988ac-6180-42a0-ab88-20f7382dd24c","principalId":"8fd170b5-c1c3-45a0-bb2f-c845a6af3f87","principalType":"ServicePrincipal","scope":"/subscriptions/00000000-0000-0000-0000-000000000000","condition":null,"conditionVersion":null,"createdOn":"2019-10-25T21:39:48.0962463Z","updatedOn":"2019-10-25T21:39:48.0962463Z","createdBy":"579a5a8e-a3ce-45fc-97d6-4356669fe2db","updatedBy":"579a5a8e-a3ce-45fc-97d6-4356669fe2db","delegatedManagedIdentityResourceId":null,"description":null},"id":"/subscriptions/00000000-0000-0000-0000-000000000000/providers/Microsoft.Authorization/roleAssignments/1c59303f-7272-4f28-a278-ba3c029f3783","type":"Microsoft.Authorization/roleAssignments","name":"1c59303f-7272-4f28-a278-ba3c029f3783"},{"properties":{"roleDefinitionId":"/subscriptions/00000000-0000-0000-0000-000000000000/providers/Microsoft.Authorization/roleDefinitions/b24988ac-6180-42a0-ab88-20f7382dd24c","principalId":"8ff738a5-abcd-4864-a162-6c18f7c9cbd9","principalType":"ServicePrincipal","scope":"/subscriptions/00000000-0000-0000-0000-000000000000","condition":null,"conditionVersion":null,"createdOn":"2020-04-01T07:56:49.7749574Z","updatedOn":"2020-04-01T07:56:49.7749574Z","createdBy":"7e9cc714-bfe4-4eea-acb2-d53ced88ab8b","updatedBy":"7e9cc714-bfe4-4eea-acb2-d53ced88ab8b","delegatedManagedIdentityResourceId":null,"description":null},"id":"/subscriptions/00000000-0000-0000-0000-000000000000/providers/Microsoft.Authorization/roleAssignments/0dfa5ba0-121b-46f2-8a26-48b4329e654d","type":"Microsoft.Authorization/roleAssignments","name":"0dfa5ba0-121b-46f2-8a26-48b4329e654d"},{"properties":{"roleDefinitionId":"/subscriptions/00000000-0000-0000-0000-000000000000/providers/Microsoft.Authorization/roleDefinitions/b24988ac-6180-42a0-ab88-20f7382dd24c","principalId":"93f4f99a-9f2c-4836-83c6-285ea53f3500","principalType":"ServicePrincipal","scope":"/subscriptions/00000000-0000-0000-0000-000000000000","condition":null,"conditionVersion":null,"createdOn":"2020-06-19T02:58:21.8305113Z","updatedOn":"2020-06-19T02:58:21.8305113Z","createdBy":"0276227b-f99f-4db3-b016-9eebbdfe5dd9","updatedBy":"0276227b-f99f-4db3-b016-9eebbdfe5dd9","delegatedManagedIdentityResourceId":null,"description":null},"id":"/subscriptions/00000000-0000-0000-0000-000000000000/providers/Microsoft.Authorization/roleAssignments/99d7556a-ae57-4797-8689-08b3b40ef2c4","type":"Microsoft.Authorization/roleAssignments","name":"99d7556a-ae57-4797-8689-08b3b40ef2c4"},{"properties":{"roleDefinitionId":"/subscriptions/00000000-0000-0000-0000-000000000000/providers/Microsoft.Authorization/roleDefinitions/b24988ac-6180-42a0-ab88-20f7382dd24c","principalId":"95ee81aa-468a-4376-82c4-a9fe7c9331fe","principalType":"User","scope":"/subscriptions/00000000-0000-0000-0000-000000000000","condition":null,"conditionVersion":null,"createdOn":"2020-05-14T01:01:13.4987474Z","updatedOn":"2020-05-14T01:01:13.4987474Z","createdBy":"e29d79eb-7dfc-4583-b360-d45d39625c97","updatedBy":"e29d79eb-7dfc-4583-b360-d45d39625c97","delegatedManagedIdentityResourceId":null,"description":null},"id":"/subscriptions/00000000-0000-0000-0000-000000000000/providers/Microsoft.Authorization/roleAssignments/c3f72456-7906-4f11-a30c-6bcbd6ff0467","type":"Microsoft.Authorization/roleAssignments","name":"c3f72456-7906-4f11-a30c-6bcbd6ff0467"},{"properties":{"roleDefinitionId":"/subscriptions/00000000-0000-0000-0000-000000000000/providers/Microsoft.Authorization/roleDefinitions/b24988ac-6180-42a0-ab88-20f7382dd24c","principalId":"97c2e3e1-0d86-4ef6-918d-b4a3668eb893","principalType":"User","scope":"/subscriptions/00000000-0000-0000-0000-000000000000","condition":null,"conditionVersion":null,"createdOn":"2020-07-13T23:25:29.7926416Z","updatedOn":"2020-07-13T23:25:29.7926416Z","createdBy":"fa632582-666a-4b8b-bca5-6d9ac7508aff","updatedBy":"fa632582-666a-4b8b-bca5-6d9ac7508aff","delegatedManagedIdentityResourceId":null,"description":null},"id":"/subscriptions/00000000-0000-0000-0000-000000000000/providers/Microsoft.Authorization/roleAssignments/330b1c0e-fc85-402e-8aed-5ede5fe2df75","type":"Microsoft.Authorization/roleAssignments","name":"330b1c0e-fc85-402e-8aed-5ede5fe2df75"},{"properties":{"roleDefinitionId":"/subscriptions/00000000-0000-0000-0000-000000000000/providers/Microsoft.Authorization/roleDefinitions/b24988ac-6180-42a0-ab88-20f7382dd24c","principalId":"9a4d6f2d-5434-49e7-9faa-b1d708299f91","principalType":"ServicePrincipal","scope":"/subscriptions/00000000-0000-0000-0000-000000000000","condition":null,"conditionVersion":null,"createdOn":"2020-06-09T04:05:39.8243292Z","updatedOn":"2020-06-09T04:05:39.8243292Z","createdBy":"9404195a-2cde-4a10-b88c-e7b41572bf31","updatedBy":"9404195a-2cde-4a10-b88c-e7b41572bf31","delegatedManagedIdentityResourceId":null,"description":null},"id":"/subscriptions/00000000-0000-0000-0000-000000000000/providers/Microsoft.Authorization/roleAssignments/a0dc1d15-29a9-4935-bdcc-6e37698294e4","type":"Microsoft.Authorization/roleAssignments","name":"a0dc1d15-29a9-4935-bdcc-6e37698294e4"},{"properties":{"roleDefinitionId":"/subscriptions/00000000-0000-0000-0000-000000000000/providers/Microsoft.Authorization/roleDefinitions/b24988ac-6180-42a0-ab88-20f7382dd24c","principalId":"9ecae641-7f9d-466d-a8e8-4a152238a8f1","principalType":"ServicePrincipal","scope":"/subscriptions/00000000-0000-0000-0000-000000000000","condition":null,"conditionVersion":null,"createdOn":"2020-08-18T05:56:12.8998181Z","updatedOn":"2020-08-18T05:56:12.8998181Z","createdBy":"0276227b-f99f-4db3-b016-9eebbdfe5dd9","updatedBy":"0276227b-f99f-4db3-b016-9eebbdfe5dd9","delegatedManagedIdentityResourceId":null,"description":null},"id":"/subscriptions/00000000-0000-0000-0000-000000000000/providers/Microsoft.Authorization/roleAssignments/32ee4ad7-5f80-46dc-a1a7-a09b7b3319d0","type":"Microsoft.Authorization/roleAssignments","name":"32ee4ad7-5f80-46dc-a1a7-a09b7b3319d0"},{"properties":{"roleDefinitionId":"/subscriptions/00000000-0000-0000-0000-000000000000/providers/Microsoft.Authorization/roleDefinitions/b24988ac-6180-42a0-ab88-20f7382dd24c","principalId":"a0ae8b22-7269-44a0-9be6-efa1f73e3141","principalType":"User","scope":"/subscriptions/00000000-0000-0000-0000-000000000000","condition":null,"conditionVersion":null,"createdOn":"2020-05-18T17:57:33.3679403Z","updatedOn":"2020-05-18T17:57:33.3679403Z","createdBy":"3e301224-20db-4d49-977f-5a3520827949","updatedBy":"3e301224-20db-4d49-977f-5a3520827949","delegatedManagedIdentityResourceId":null,"description":null},"id":"/subscriptions/00000000-0000-0000-0000-000000000000/providers/Microsoft.Authorization/roleAssignments/dcd7667e-077c-45fc-80af-ca5b4e9ace93","type":"Microsoft.Authorization/roleAssignments","name":"dcd7667e-077c-45fc-80af-ca5b4e9ace93"},{"properties":{"roleDefinitionId":"/subscriptions/00000000-0000-0000-0000-000000000000/providers/Microsoft.Authorization/roleDefinitions/b24988ac-6180-42a0-ab88-20f7382dd24c","principalId":"a38ba38c-d0e7-487c-b2f5-dc7110406e7a","principalType":"ServicePrincipal","scope":"/subscriptions/00000000-0000-0000-0000-000000000000","condition":null,"conditionVersion":null,"createdOn":"2020-01-16T20:36:16.3706225Z","updatedOn":"2020-01-16T20:36:16.3706225Z","createdBy":"579a5a8e-a3ce-45fc-97d6-4356669fe2db","updatedBy":"579a5a8e-a3ce-45fc-97d6-4356669fe2db","delegatedManagedIdentityResourceId":null,"description":null},"id":"/subscriptions/00000000-0000-0000-0000-000000000000/providers/Microsoft.Authorization/roleAssignments/c26840fc-e464-445b-a774-b928204841a8","type":"Microsoft.Authorization/roleAssignments","name":"c26840fc-e464-445b-a774-b928204841a8"},{"properties":{"roleDefinitionId":"/subscriptions/00000000-0000-0000-0000-000000000000/providers/Microsoft.Authorization/roleDefinitions/b24988ac-6180-42a0-ab88-20f7382dd24c","principalId":"a56cfdc0-40f8-4077-8843-a8bf0067cd4d","principalType":"User","scope":"/subscriptions/00000000-0000-0000-0000-000000000000","condition":null,"conditionVersion":null,"createdOn":"2020-05-12T21:22:20.1763197Z","updatedOn":"2020-05-12T21:22:20.1763197Z","createdBy":"e29d79eb-7dfc-4583-b360-d45d39625c97","updatedBy":"e29d79eb-7dfc-4583-b360-d45d39625c97","delegatedManagedIdentityResourceId":null,"description":null},"id":"/subscriptions/00000000-0000-0000-0000-000000000000/providers/Microsoft.Authorization/roleAssignments/aeada922-1d98-4d27-a047-f9df6998dc36","type":"Microsoft.Authorization/roleAssignments","name":"aeada922-1d98-4d27-a047-f9df6998dc36"},{"properties":{"roleDefinitionId":"/subscriptions/00000000-0000-0000-0000-000000000000/providers/Microsoft.Authorization/roleDefinitions/b24988ac-6180-42a0-ab88-20f7382dd24c","principalId":"ad6aef1a-28c9-4beb-be47-c1a2f4b40300","principalType":"ServicePrincipal","scope":"/subscriptions/00000000-0000-0000-0000-000000000000","condition":null,"conditionVersion":null,"createdOn":"2020-10-20T18:11:27.0523578Z","updatedOn":"2020-10-20T18:11:27.0523578Z","createdBy":"ed4707f4-8b58-42fe-9afd-0045d7a9b262","updatedBy":"ed4707f4-8b58-42fe-9afd-0045d7a9b262","delegatedManagedIdentityResourceId":null,"description":null},"id":"/subscriptions/00000000-0000-0000-0000-000000000000/providers/Microsoft.Authorization/roleAssignments/9c790bc9-68fb-4f34-9534-b14828662801","type":"Microsoft.Authorization/roleAssignments","name":"9c790bc9-68fb-4f34-9534-b14828662801"},{"properties":{"roleDefinitionId":"/subscriptions/00000000-0000-0000-0000-000000000000/providers/Microsoft.Authorization/roleDefinitions/b24988ac-6180-42a0-ab88-20f7382dd24c","principalId":"af021e52-31c8-4310-a6d5-05e84a57c2bc","principalType":"User","scope":"/subscriptions/00000000-0000-0000-0000-000000000000","condition":null,"conditionVersion":null,"createdOn":"2020-10-18T22:19:59.7957866Z","updatedOn":"2020-10-18T22:19:59.7957866Z","createdBy":"e29d79eb-7dfc-4583-b360-d45d39625c97","updatedBy":"e29d79eb-7dfc-4583-b360-d45d39625c97","delegatedManagedIdentityResourceId":null,"description":null},"id":"/subscriptions/00000000-0000-0000-0000-000000000000/providers/Microsoft.Authorization/roleAssignments/d01ec48b-ff7d-426b-a97e-2d8108910d11","type":"Microsoft.Authorization/roleAssignments","name":"d01ec48b-ff7d-426b-a97e-2d8108910d11"},{"properties":{"roleDefinitionId":"/subscriptions/00000000-0000-0000-0000-000000000000/providers/Microsoft.Authorization/roleDefinitions/b24988ac-6180-42a0-ab88-20f7382dd24c","principalId":"af4b5be4-2ddc-40ee-879a-dba2d3d614e6","principalType":"User","scope":"/subscriptions/00000000-0000-0000-0000-000000000000","condition":null,"conditionVersion":null,"createdOn":"2020-11-12T02:38:56.0031109Z","updatedOn":"2020-11-12T02:38:56.0031109Z","createdBy":"97c2e3e1-0d86-4ef6-918d-b4a3668eb893","updatedBy":"97c2e3e1-0d86-4ef6-918d-b4a3668eb893","delegatedManagedIdentityResourceId":null,"description":null},"id":"/subscriptions/00000000-0000-0000-0000-000000000000/providers/Microsoft.Authorization/roleAssignments/53bb0440-7d74-42b1-838e-db2c4fe02fb9","type":"Microsoft.Authorization/roleAssignments","name":"53bb0440-7d74-42b1-838e-db2c4fe02fb9"},{"properties":{"roleDefinitionId":"/subscriptions/00000000-0000-0000-0000-000000000000/providers/Microsoft.Authorization/roleDefinitions/b24988ac-6180-42a0-ab88-20f7382dd24c","principalId":"b6a20139-a8c7-4fb9-b338-ef31c2ad4d72","principalType":"User","scope":"/subscriptions/00000000-0000-0000-0000-000000000000","condition":null,"conditionVersion":null,"createdOn":"2020-05-18T17:57:33.3902675Z","updatedOn":"2020-05-18T17:57:33.3902675Z","createdBy":"3e301224-20db-4d49-977f-5a3520827949","updatedBy":"3e301224-20db-4d49-977f-5a3520827949","delegatedManagedIdentityResourceId":null,"description":null},"id":"/subscriptions/00000000-0000-0000-0000-000000000000/providers/Microsoft.Authorization/roleAssignments/b149853c-108a-4891-b43a-2b7b2144903a","type":"Microsoft.Authorization/roleAssignments","name":"b149853c-108a-4891-b43a-2b7b2144903a"},{"properties":{"roleDefinitionId":"/subscriptions/00000000-0000-0000-0000-000000000000/providers/Microsoft.Authorization/roleDefinitions/b24988ac-6180-42a0-ab88-20f7382dd24c","principalId":"b9cb0b1b-60ae-422e-b951-fefdb15c6ae8","principalType":"ServicePrincipal","scope":"/subscriptions/00000000-0000-0000-0000-000000000000","condition":null,"conditionVersion":null,"createdOn":"2020-11-09T06:48:39.6411123Z","updatedOn":"2020-11-09T06:48:39.6411123Z","createdBy":"0276227b-f99f-4db3-b016-9eebbdfe5dd9","updatedBy":"0276227b-f99f-4db3-b016-9eebbdfe5dd9","delegatedManagedIdentityResourceId":null,"description":null},"id":"/subscriptions/00000000-0000-0000-0000-000000000000/providers/Microsoft.Authorization/roleAssignments/e2573511-8fc0-4d87-8f8f-64462ecccb31","type":"Microsoft.Authorization/roleAssignments","name":"e2573511-8fc0-4d87-8f8f-64462ecccb31"},{"properties":{"roleDefinitionId":"/subscriptions/00000000-0000-0000-0000-000000000000/providers/Microsoft.Authorization/roleDefinitions/b24988ac-6180-42a0-ab88-20f7382dd24c","principalId":"ba819494-4d2d-4d29-87e8-ced2e2dfc39d","principalType":"User","scope":"/subscriptions/00000000-0000-0000-0000-000000000000","condition":null,"conditionVersion":null,"createdOn":"2020-05-05T02:04:59.9950080Z","updatedOn":"2020-05-05T02:04:59.9950080Z","createdBy":"cef7a366-befe-48c5-83f4-0b5a1a597939","updatedBy":"cef7a366-befe-48c5-83f4-0b5a1a597939","delegatedManagedIdentityResourceId":null,"description":null},"id":"/subscriptions/00000000-0000-0000-0000-000000000000/providers/Microsoft.Authorization/roleAssignments/a7ad6c7c-3db7-47ec-83b7-9e9c428886c5","type":"Microsoft.Authorization/roleAssignments","name":"a7ad6c7c-3db7-47ec-83b7-9e9c428886c5"},{"properties":{"roleDefinitionId":"/subscriptions/00000000-0000-0000-0000-000000000000/providers/Microsoft.Authorization/roleDefinitions/b24988ac-6180-42a0-ab88-20f7382dd24c","principalId":"c37522e1-1ac6-476e-bab9-df85748fa0db","principalType":"ServicePrincipal","scope":"/subscriptions/00000000-0000-0000-0000-000000000000","condition":null,"conditionVersion":null,"createdOn":"2020-03-25T04:16:23.3720082Z","updatedOn":"2020-03-25T04:16:23.3720082Z","createdBy":"0276227b-f99f-4db3-b016-9eebbdfe5dd9","updatedBy":"0276227b-f99f-4db3-b016-9eebbdfe5dd9","delegatedManagedIdentityResourceId":null,"description":null},"id":"/subscriptions/00000000-0000-0000-0000-000000000000/providers/Microsoft.Authorization/roleAssignments/9ca433aa-8d7f-48cd-91ed-c5578672c54f","type":"Microsoft.Authorization/roleAssignments","name":"9ca433aa-8d7f-48cd-91ed-c5578672c54f"},{"properties":{"roleDefinitionId":"/subscriptions/00000000-0000-0000-0000-000000000000/providers/Microsoft.Authorization/roleDefinitions/b24988ac-6180-42a0-ab88-20f7382dd24c","principalId":"ca5a6c3c-5d06-44e0-9396-ac157c4835e3","principalType":"ServicePrincipal","scope":"/subscriptions/00000000-0000-0000-0000-000000000000","condition":null,"conditionVersion":null,"createdOn":"2019-04-30T21:28:25.2702559Z","updatedOn":"2019-04-30T21:28:25.2702559Z","createdBy":"579a5a8e-a3ce-45fc-97d6-4356669fe2db","updatedBy":"579a5a8e-a3ce-45fc-97d6-4356669fe2db","delegatedManagedIdentityResourceId":null,"description":null},"id":"/subscriptions/00000000-0000-0000-0000-000000000000/providers/Microsoft.Authorization/roleAssignments/5824c128-1954-453d-9be5-165fd8c440fc","type":"Microsoft.Authorization/roleAssignments","name":"5824c128-1954-453d-9be5-165fd8c440fc"},{"properties":{"roleDefinitionId":"/subscriptions/00000000-0000-0000-0000-000000000000/providers/Microsoft.Authorization/roleDefinitions/b24988ac-6180-42a0-ab88-20f7382dd24c","principalId":"cd00527a-7491-4ee9-9f79-8209067a98b3","principalType":"ServicePrincipal","scope":"/subscriptions/00000000-0000-0000-0000-000000000000","condition":null,"conditionVersion":null,"createdOn":"2020-04-01T04:31:22.8777608Z","updatedOn":"2020-04-01T04:31:22.8777608Z","createdBy":"53bb8815-874d-4b05-9953-1158e05aa080","updatedBy":"53bb8815-874d-4b05-9953-1158e05aa080","delegatedManagedIdentityResourceId":null,"description":null},"id":"/subscriptions/00000000-0000-0000-0000-000000000000/providers/Microsoft.Authorization/roleAssignments/4204eac3-913c-4788-bdfa-244b71a8df28","type":"Microsoft.Authorization/roleAssignments","name":"4204eac3-913c-4788-bdfa-244b71a8df28"},{"properties":{"roleDefinitionId":"/subscriptions/00000000-0000-0000-0000-000000000000/providers/Microsoft.Authorization/roleDefinitions/b24988ac-6180-42a0-ab88-20f7382dd24c","principalId":"cf160b9f-bebe-416b-81c7-8505b1008b51","principalType":"ServicePrincipal","scope":"/subscriptions/00000000-0000-0000-0000-000000000000","condition":null,"conditionVersion":null,"createdOn":"2021-02-22T10:36:20.6755923Z","updatedOn":"2021-02-22T10:36:20.6755923Z","createdBy":"9ecae641-7f9d-466d-a8e8-4a152238a8f1","updatedBy":"9ecae641-7f9d-466d-a8e8-4a152238a8f1","delegatedManagedIdentityResourceId":null,"description":null},"id":"/subscriptions/00000000-0000-0000-0000-000000000000/providers/Microsoft.Authorization/roleAssignments/d7530846-0b84-48a5-8a8e-100826fd748b","type":"Microsoft.Authorization/roleAssignments","name":"d7530846-0b84-48a5-8a8e-100826fd748b"},{"properties":{"roleDefinitionId":"/subscriptions/00000000-0000-0000-0000-000000000000/providers/Microsoft.Authorization/roleDefinitions/b24988ac-6180-42a0-ab88-20f7382dd24c","principalId":"cf941632-374a-436d-aadb-32209709ed1e","principalType":"ServicePrincipal","scope":"/subscriptions/00000000-0000-0000-0000-000000000000","condition":null,"conditionVersion":null,"createdOn":"2017-01-26T22:26:31.5175020Z","updatedOn":"2017-01-26T22:26:31.5175020Z","createdBy":"b09a0928-3846-4efb-a579-8540fb78b0a3","updatedBy":"b09a0928-3846-4efb-a579-8540fb78b0a3","delegatedManagedIdentityResourceId":null,"description":null},"id":"/subscriptions/00000000-0000-0000-0000-000000000000/providers/Microsoft.Authorization/roleAssignments/e54e0cc1-1c1a-4ff6-9cb4-ee6282f41ab7","type":"Microsoft.Authorization/roleAssignments","name":"e54e0cc1-1c1a-4ff6-9cb4-ee6282f41ab7"},{"properties":{"roleDefinitionId":"/subscriptions/00000000-0000-0000-0000-000000000000/providers/Microsoft.Authorization/roleDefinitions/b24988ac-6180-42a0-ab88-20f7382dd24c","principalId":"cfbddbad-62bb-40ff-9739-db9fddbb48e5","principalType":"ServicePrincipal","scope":"/subscriptions/00000000-0000-0000-0000-000000000000","condition":null,"conditionVersion":null,"createdOn":"2020-04-22T23:28:55.2849983Z","updatedOn":"2020-04-22T23:28:55.2849983Z","createdBy":"d69d1d49-5dc8-4c8e-afb6-325d83ddcee8","updatedBy":"d69d1d49-5dc8-4c8e-afb6-325d83ddcee8","delegatedManagedIdentityResourceId":null,"description":null},"id":"/subscriptions/00000000-0000-0000-0000-000000000000/providers/Microsoft.Authorization/roleAssignments/cd72224b-1d66-45e1-871b-1b48bad104f5","type":"Microsoft.Authorization/roleAssignments","name":"cd72224b-1d66-45e1-871b-1b48bad104f5"},{"properties":{"roleDefinitionId":"/subscriptions/00000000-0000-0000-0000-000000000000/providers/Microsoft.Authorization/roleDefinitions/b24988ac-6180-42a0-ab88-20f7382dd24c","principalId":"d2bea76a-b3fc-44c8-a15c-a8aa5980e268","principalType":"ServicePrincipal","scope":"/subscriptions/00000000-0000-0000-0000-000000000000","condition":null,"conditionVersion":null,"createdOn":"2017-09-06T16:18:32.9047983Z","updatedOn":"2017-09-06T16:18:32.9047983Z","createdBy":"5ed2f708-9641-4ed1-9f46-257d7f29002b","updatedBy":"5ed2f708-9641-4ed1-9f46-257d7f29002b","delegatedManagedIdentityResourceId":null,"description":null},"id":"/subscriptions/00000000-0000-0000-0000-000000000000/providers/Microsoft.Authorization/roleAssignments/19c54542-b1b5-47ba-b348-4f0c00cce4af","type":"Microsoft.Authorization/roleAssignments","name":"19c54542-b1b5-47ba-b348-4f0c00cce4af"},{"properties":{"roleDefinitionId":"/subscriptions/00000000-0000-0000-0000-000000000000/providers/Microsoft.Authorization/roleDefinitions/b24988ac-6180-42a0-ab88-20f7382dd24c","principalId":"d9ad0505-c4e5-4554-8229-480e3c49fa22","principalType":"ServicePrincipal","scope":"/subscriptions/00000000-0000-0000-0000-000000000000","condition":null,"conditionVersion":null,"createdOn":"2019-07-30T12:31:35.6260079Z","updatedOn":"2019-07-30T12:31:35.6260079Z","createdBy":"0276227b-f99f-4db3-b016-9eebbdfe5dd9","updatedBy":"0276227b-f99f-4db3-b016-9eebbdfe5dd9","delegatedManagedIdentityResourceId":null,"description":null},"id":"/subscriptions/00000000-0000-0000-0000-000000000000/providers/Microsoft.Authorization/roleAssignments/625f2b1e-9ca0-4221-93d6-843be0205574","type":"Microsoft.Authorization/roleAssignments","name":"625f2b1e-9ca0-4221-93d6-843be0205574"},{"properties":{"roleDefinitionId":"/subscriptions/00000000-0000-0000-0000-000000000000/providers/Microsoft.Authorization/roleDefinitions/b24988ac-6180-42a0-ab88-20f7382dd24c","principalId":"de6c436d-474a-49e3-b5cb-afa3d06a7ae9","principalType":"User","scope":"/subscriptions/00000000-0000-0000-0000-000000000000","condition":null,"conditionVersion":null,"createdOn":"2020-09-21T16:59:43.6402581Z","updatedOn":"2020-09-21T16:59:43.6402581Z","createdBy":"5c5bf73a-cf87-440b-b2c8-16407dfcfe8c","updatedBy":"5c5bf73a-cf87-440b-b2c8-16407dfcfe8c","delegatedManagedIdentityResourceId":null,"description":null},"id":"/subscriptions/00000000-0000-0000-0000-000000000000/providers/Microsoft.Authorization/roleAssignments/2e219cd8-f412-4974-a850-dfac63a0140a","type":"Microsoft.Authorization/roleAssignments","name":"2e219cd8-f412-4974-a850-dfac63a0140a"},{"properties":{"roleDefinitionId":"/subscriptions/00000000-0000-0000-0000-000000000000/providers/Microsoft.Authorization/roleDefinitions/b24988ac-6180-42a0-ab88-20f7382dd24c","principalId":"ded62fb3-3af7-4896-b0f5-e60fd27d737f","principalType":"ServicePrincipal","scope":"/subscriptions/00000000-0000-0000-0000-000000000000","condition":null,"conditionVersion":null,"createdOn":"2020-09-22T15:49:46.2859681Z","updatedOn":"2020-09-22T15:49:46.2859681Z","createdBy":"97c2e3e1-0d86-4ef6-918d-b4a3668eb893","updatedBy":"97c2e3e1-0d86-4ef6-918d-b4a3668eb893","delegatedManagedIdentityResourceId":null,"description":null},"id":"/subscriptions/00000000-0000-0000-0000-000000000000/providers/Microsoft.Authorization/roleAssignments/c3aa1472-5370-48f7-8a78-6cbcbe7dc808","type":"Microsoft.Authorization/roleAssignments","name":"c3aa1472-5370-48f7-8a78-6cbcbe7dc808"},{"properties":{"roleDefinitionId":"/subscriptions/00000000-0000-0000-0000-000000000000/providers/Microsoft.Authorization/roleDefinitions/b24988ac-6180-42a0-ab88-20f7382dd24c","principalId":"df14be5c-de57-43ad-97c5-955b6698e5be","principalType":"ServicePrincipal","scope":"/subscriptions/00000000-0000-0000-0000-000000000000","condition":null,"conditionVersion":null,"createdOn":"2019-05-21T11:59:53.8140309Z","updatedOn":"2019-05-21T11:59:53.8140309Z","createdBy":"3452d015-48ec-48db-8c4c-80d9205ef053","updatedBy":"3452d015-48ec-48db-8c4c-80d9205ef053","delegatedManagedIdentityResourceId":null,"description":null},"id":"/subscriptions/00000000-0000-0000-0000-000000000000/providers/Microsoft.Authorization/roleAssignments/e16aea00-85d7-4c24-9cb8-45cd8990a04a","type":"Microsoft.Authorization/roleAssignments","name":"e16aea00-85d7-4c24-9cb8-45cd8990a04a"},{"properties":{"roleDefinitionId":"/subscriptions/00000000-0000-0000-0000-000000000000/providers/Microsoft.Authorization/roleDefinitions/b24988ac-6180-42a0-ab88-20f7382dd24c","principalId":"e12c1f98-17f5-44db-a96a-7b944b022fc3","principalType":"ServicePrincipal","scope":"/subscriptions/00000000-0000-0000-0000-000000000000","condition":null,"conditionVersion":null,"createdOn":"2018-01-12T21:35:55.4527188Z","updatedOn":"2018-01-12T21:35:55.4527188Z","createdBy":"f115a02a-6f42-4297-aabb-f0f6022ee60b","updatedBy":"f115a02a-6f42-4297-aabb-f0f6022ee60b","delegatedManagedIdentityResourceId":null,"description":null},"id":"/subscriptions/00000000-0000-0000-0000-000000000000/providers/Microsoft.Authorization/roleAssignments/5489f7a7-7b71-415c-98f0-908d8d2f2ef1","type":"Microsoft.Authorization/roleAssignments","name":"5489f7a7-7b71-415c-98f0-908d8d2f2ef1"},{"properties":{"roleDefinitionId":"/subscriptions/00000000-0000-0000-0000-000000000000/providers/Microsoft.Authorization/roleDefinitions/b24988ac-6180-42a0-ab88-20f7382dd24c","principalId":"e48edc49-012a-4d97-a0cc-a37c940033f5","principalType":"ServicePrincipal","scope":"/subscriptions/00000000-0000-0000-0000-000000000000","condition":null,"conditionVersion":null,"createdOn":"2020-04-28T13:57:48.0244949Z","updatedOn":"2020-04-28T13:57:48.0244949Z","createdBy":"7e9cc714-bfe4-4eea-acb2-d53ced88ab8b","updatedBy":"7e9cc714-bfe4-4eea-acb2-d53ced88ab8b","delegatedManagedIdentityResourceId":null,"description":null},"id":"/subscriptions/00000000-0000-0000-0000-000000000000/providers/Microsoft.Authorization/roleAssignments/bf19a936-1190-4756-a4c3-3fd247bbdccb","type":"Microsoft.Authorization/roleAssignments","name":"bf19a936-1190-4756-a4c3-3fd247bbdccb"},{"properties":{"roleDefinitionId":"/subscriptions/00000000-0000-0000-0000-000000000000/providers/Microsoft.Authorization/roleDefinitions/b24988ac-6180-42a0-ab88-20f7382dd24c","principalId":"e4ed2f88-5de3-4672-91f2-f10a5d65b183","principalType":"ServicePrincipal","scope":"/subscriptions/00000000-0000-0000-0000-000000000000","condition":null,"conditionVersion":null,"createdOn":"2020-09-30T04:37:43.2360172Z","updatedOn":"2020-09-30T04:37:43.2360172Z","createdBy":"a70eb664-13f1-42a8-8cfc-86a61770d75f","updatedBy":"a70eb664-13f1-42a8-8cfc-86a61770d75f","delegatedManagedIdentityResourceId":null,"description":null},"id":"/subscriptions/00000000-0000-0000-0000-000000000000/providers/Microsoft.Authorization/roleAssignments/4e9cb1f5-521b-4b1b-91b3-dc0cfd01ea7e","type":"Microsoft.Authorization/roleAssignments","name":"4e9cb1f5-521b-4b1b-91b3-dc0cfd01ea7e"},{"properties":{"roleDefinitionId":"/subscriptions/00000000-0000-0000-0000-000000000000/providers/Microsoft.Authorization/roleDefinitions/b24988ac-6180-42a0-ab88-20f7382dd24c","principalId":"e5ad6d43-d6ac-4061-84cc-f7cb826200a0","principalType":"User","scope":"/subscriptions/00000000-0000-0000-0000-000000000000","condition":null,"conditionVersion":null,"createdOn":"2020-07-20T16:32:10.4352406Z","updatedOn":"2020-07-20T16:32:10.4352406Z","createdBy":"7e9cc714-bfe4-4eea-acb2-d53ced88ab8b","updatedBy":"7e9cc714-bfe4-4eea-acb2-d53ced88ab8b","delegatedManagedIdentityResourceId":null,"description":null},"id":"/subscriptions/00000000-0000-0000-0000-000000000000/providers/Microsoft.Authorization/roleAssignments/e7d57c57-d9ff-40e6-8248-7d71338a18f6","type":"Microsoft.Authorization/roleAssignments","name":"e7d57c57-d9ff-40e6-8248-7d71338a18f6"},{"properties":{"roleDefinitionId":"/subscriptions/00000000-0000-0000-0000-000000000000/providers/Microsoft.Authorization/roleDefinitions/b24988ac-6180-42a0-ab88-20f7382dd24c","principalId":"ea902314-a0b2-4c4a-bb34-32bfd52ff8fd","principalType":"User","scope":"/subscriptions/00000000-0000-0000-0000-000000000000","condition":null,"conditionVersion":null,"createdOn":"2020-08-18T02:36:40.9593284Z","updatedOn":"2020-08-18T02:36:40.9593284Z","createdBy":"e29d79eb-7dfc-4583-b360-d45d39625c97","updatedBy":"e29d79eb-7dfc-4583-b360-d45d39625c97","delegatedManagedIdentityResourceId":null,"description":null},"id":"/subscriptions/00000000-0000-0000-0000-000000000000/providers/Microsoft.Authorization/roleAssignments/6d39a84d-9bd7-4a3a-bf15-698a32381e24","type":"Microsoft.Authorization/roleAssignments","name":"6d39a84d-9bd7-4a3a-bf15-698a32381e24"},{"properties":{"roleDefinitionId":"/subscriptions/00000000-0000-0000-0000-000000000000/providers/Microsoft.Authorization/roleDefinitions/b24988ac-6180-42a0-ab88-20f7382dd24c","principalId":"ef55f49b-9760-4be5-b7cb-f3cd55fe5961","principalType":"ServicePrincipal","scope":"/subscriptions/00000000-0000-0000-0000-000000000000","condition":null,"conditionVersion":null,"createdOn":"2020-10-15T21:18:24.3556160Z","updatedOn":"2020-10-15T21:18:24.3556160Z","createdBy":"d69d1d49-5dc8-4c8e-afb6-325d83ddcee8","updatedBy":"d69d1d49-5dc8-4c8e-afb6-325d83ddcee8","delegatedManagedIdentityResourceId":null,"description":null},"id":"/subscriptions/00000000-0000-0000-0000-000000000000/providers/Microsoft.Authorization/roleAssignments/4dfcd9ab-62ff-4caf-8f85-78775a5605cb","type":"Microsoft.Authorization/roleAssignments","name":"4dfcd9ab-62ff-4caf-8f85-78775a5605cb"},{"properties":{"roleDefinitionId":"/subscriptions/00000000-0000-0000-0000-000000000000/providers/Microsoft.Authorization/roleDefinitions/b24988ac-6180-42a0-ab88-20f7382dd24c","principalId":"f033e452-b6a2-4661-90e8-c2512618f1b8","principalType":"User","scope":"/subscriptions/00000000-0000-0000-0000-000000000000","condition":null,"conditionVersion":null,"createdOn":"2020-02-24T03:12:25.2751600Z","updatedOn":"2020-02-24T03:12:25.2751600Z","createdBy":"2fda9054-fc12-457c-bb93-614f1f13426b","updatedBy":"2fda9054-fc12-457c-bb93-614f1f13426b","delegatedManagedIdentityResourceId":null,"description":null},"id":"/subscriptions/00000000-0000-0000-0000-000000000000/providers/Microsoft.Authorization/roleAssignments/eedf6d57-1623-448b-a663-eaf5711ba077","type":"Microsoft.Authorization/roleAssignments","name":"eedf6d57-1623-448b-a663-eaf5711ba077"},{"properties":{"roleDefinitionId":"/subscriptions/00000000-0000-0000-0000-000000000000/providers/Microsoft.Authorization/roleDefinitions/b24988ac-6180-42a0-ab88-20f7382dd24c","principalId":"f121a445-2fd5-423e-9578-849fcd72b63e","principalType":"ServicePrincipal","scope":"/subscriptions/00000000-0000-0000-0000-000000000000","condition":null,"conditionVersion":null,"createdOn":"2020-04-30T08:25:40.2403231Z","updatedOn":"2020-04-30T08:25:40.2403231Z","createdBy":"53bb8815-874d-4b05-9953-1158e05aa080","updatedBy":"53bb8815-874d-4b05-9953-1158e05aa080","delegatedManagedIdentityResourceId":null,"description":null},"id":"/subscriptions/00000000-0000-0000-0000-000000000000/providers/Microsoft.Authorization/roleAssignments/2c34c28d-8abc-11ea-a489-480fcf5dba40","type":"Microsoft.Authorization/roleAssignments","name":"2c34c28d-8abc-11ea-a489-480fcf5dba40"},{"properties":{"roleDefinitionId":"/subscriptions/00000000-0000-0000-0000-000000000000/providers/Microsoft.Authorization/roleDefinitions/b24988ac-6180-42a0-ab88-20f7382dd24c","principalId":"f92a944d-693a-4fcf-a705-82031d13114a","principalType":"User","scope":"/subscriptions/00000000-0000-0000-0000-000000000000","condition":null,"conditionVersion":null,"createdOn":"2020-08-18T02:36:41.7714562Z","updatedOn":"2020-08-18T02:36:41.7714562Z","createdBy":"e29d79eb-7dfc-4583-b360-d45d39625c97","updatedBy":"e29d79eb-7dfc-4583-b360-d45d39625c97","delegatedManagedIdentityResourceId":null,"description":null},"id":"/subscriptions/00000000-0000-0000-0000-000000000000/providers/Microsoft.Authorization/roleAssignments/5d9c8ce7-71fa-4c7c-a92d-935b7002a3e2","type":"Microsoft.Authorization/roleAssignments","name":"5d9c8ce7-71fa-4c7c-a92d-935b7002a3e2"},{"properties":{"roleDefinitionId":"/subscriptions/00000000-0000-0000-0000-000000000000/providers/Microsoft.Authorization/roleDefinitions/b24988ac-6180-42a0-ab88-20f7382dd24c","principalId":"fda369a6-6e51-4fdc-89f6-e1088ca8c92a","principalType":"User","scope":"/subscriptions/00000000-0000-0000-0000-000000000000","condition":null,"conditionVersion":null,"createdOn":"2020-11-12T02:38:55.7137422Z","updatedOn":"2020-11-12T02:38:55.7137422Z","createdBy":"97c2e3e1-0d86-4ef6-918d-b4a3668eb893","updatedBy":"97c2e3e1-0d86-4ef6-918d-b4a3668eb893","delegatedManagedIdentityResourceId":null,"description":null},"id":"/subscriptions/00000000-0000-0000-0000-000000000000/providers/Microsoft.Authorization/roleAssignments/6f7aecac-0230-4621-8dda-96b89904f07a","type":"Microsoft.Authorization/roleAssignments","name":"6f7aecac-0230-4621-8dda-96b89904f07a"},{"properties":{"roleDefinitionId":"/subscriptions/00000000-0000-0000-0000-000000000000/providers/Microsoft.Authorization/roleDefinitions/b24988ac-6180-42a0-ab88-20f7382dd24c","principalId":"feabe7ff-5f4e-459b-b47b-487b4989c2a8","principalType":"ServicePrincipal","scope":"/subscriptions/00000000-0000-0000-0000-000000000000","condition":null,"conditionVersion":null,"createdOn":"2020-09-18T18:29:20.2423953Z","updatedOn":"2020-09-18T18:29:20.2423953Z","createdBy":"579a5a8e-a3ce-45fc-97d6-4356669fe2db","updatedBy":"579a5a8e-a3ce-45fc-97d6-4356669fe2db","delegatedManagedIdentityResourceId":null,"description":null},"id":"/subscriptions/00000000-0000-0000-0000-000000000000/providers/Microsoft.Authorization/roleAssignments/e08e8653-df18-4827-a1da-ea5bba91c903","type":"Microsoft.Authorization/roleAssignments","name":"e08e8653-df18-4827-a1da-ea5bba91c903"},{"properties":{"roleDefinitionId":"/subscriptions/00000000-0000-0000-0000-000000000000/providers/Microsoft.Authorization/roleDefinitions/d73bb868-a0df-4d4d-bd69-98a00b01fccb","principalId":"0a39b0f5-666e-417b-8a57-f11e615fe75d","principalType":"ServicePrincipal","scope":"/subscriptions/00000000-0000-0000-0000-000000000000","condition":null,"conditionVersion":null,"createdOn":"2020-01-08T01:39:23.1639151Z","updatedOn":"2020-01-08T01:39:23.1639151Z","createdBy":"4744d4c9-1026-421b-87ce-b102213af921","updatedBy":"4744d4c9-1026-421b-87ce-b102213af921","delegatedManagedIdentityResourceId":null,"description":null},"id":"/subscriptions/00000000-0000-0000-0000-000000000000/providers/Microsoft.Authorization/roleAssignments/e89d1616-846f-4ddc-ba06-d3e472ae06fb","type":"Microsoft.Authorization/roleAssignments","name":"e89d1616-846f-4ddc-ba06-d3e472ae06fb"},{"properties":{"roleDefinitionId":"/subscriptions/00000000-0000-0000-0000-000000000000/providers/Microsoft.Authorization/roleDefinitions/e1f30bc7-b46d-4581-b157-ab92f5af2537","principalId":"01e2b341-56ec-43fb-9f53-f6332d30df93","principalType":"User","scope":"/subscriptions/00000000-0000-0000-0000-000000000000","condition":null,"conditionVersion":null,"createdOn":"2020-06-09T15:44:05.4252842Z","updatedOn":"2020-06-09T15:44:05.4252842Z","createdBy":"01e2b341-56ec-43fb-9f53-f6332d30df93","updatedBy":"01e2b341-56ec-43fb-9f53-f6332d30df93","delegatedManagedIdentityResourceId":null,"description":null},"id":"/subscriptions/00000000-0000-0000-0000-000000000000/providers/Microsoft.Authorization/roleAssignments/449f0afb-1e6c-405e-b760-aab0eb4be51f","type":"Microsoft.Authorization/roleAssignments","name":"449f0afb-1e6c-405e-b760-aab0eb4be51f"},{"properties":{"roleDefinitionId":"/subscriptions/00000000-0000-0000-0000-000000000000/providers/Microsoft.Authorization/roleDefinitions/acdd72a7-3385-48ef-bd42-f606fba81ae7","principalId":"5c617d2b-99f8-4c90-98fe-dfe040fa33c1","principalType":"ServicePrincipal","scope":"/","condition":null,"conditionVersion":null,"createdOn":"2018-02-27T19:19:50.2663941Z","updatedOn":"2018-02-27T19:19:50.2663941Z","createdBy":null,"updatedBy":null,"delegatedManagedIdentityResourceId":null,"description":null},"id":"/providers/Microsoft.Authorization/roleAssignments/3e883d24-b106-42ff-ad13-d7bf271b964d","type":"Microsoft.Authorization/roleAssignments","name":"3e883d24-b106-42ff-ad13-d7bf271b964d"},{"properties":{"roleDefinitionId":"/subscriptions/00000000-0000-0000-0000-000000000000/providers/Microsoft.Authorization/roleDefinitions/18d7d88d-d35e-4fb5-a5c3-7773c20a72d9","principalId":"1c8b3602-77a2-4e8a-8c1e-f127f2af5ca2","principalType":"ServicePrincipal","scope":"/providers/Microsoft.Management/managementGroups/c92f8fe1-e3cb-47e8-a01d-0771814c0dad","condition":null,"conditionVersion":null,"createdOn":"2019-03-26T22:01:02.8423155Z","updatedOn":"2019-03-26T22:01:02.8423155Z","createdBy":"8701e34d-d7c2-459c-b2d7-f3a9c5204818","updatedBy":"8701e34d-d7c2-459c-b2d7-f3a9c5204818","delegatedManagedIdentityResourceId":null,"description":null},"id":"/providers/Microsoft.Management/managementGroups/c92f8fe1-e3cb-47e8-a01d-0771814c0dad/providers/Microsoft.Authorization/roleAssignments/3d069c98-e792-47bd-b58a-399e2d42dbab","type":"Microsoft.Authorization/roleAssignments","name":"3d069c98-e792-47bd-b58a-399e2d42dbab"},{"properties":{"roleDefinitionId":"/subscriptions/00000000-0000-0000-0000-000000000000/providers/Microsoft.Authorization/roleDefinitions/18d7d88d-d35e-4fb5-a5c3-7773c20a72d9","principalId":"1c8b3602-77a2-4e8a-8c1e-f127f2af5ca2","principalType":"ServicePrincipal","scope":"/providers/Microsoft.Management/managementGroups/CnAIOrchestrationServicePublicCorpprod","condition":null,"conditionVersion":null,"createdOn":"2019-03-26T22:01:02.9176787Z","updatedOn":"2019-03-26T22:01:02.9176787Z","createdBy":"8701e34d-d7c2-459c-b2d7-f3a9c5204818","updatedBy":"8701e34d-d7c2-459c-b2d7-f3a9c5204818","delegatedManagedIdentityResourceId":null,"description":null},"id":"/providers/Microsoft.Management/managementGroups/CnAIOrchestrationServicePublicCorpprod/providers/Microsoft.Authorization/roleAssignments/4b771ea9-81de-4fc4-aa28-a3a0b9b4a320","type":"Microsoft.Authorization/roleAssignments","name":"4b771ea9-81de-4fc4-aa28-a3a0b9b4a320"},{"properties":{"roleDefinitionId":"/subscriptions/00000000-0000-0000-0000-000000000000/providers/Microsoft.Authorization/roleDefinitions/36243c78-bf99-498c-9df9-86d9f8d28608","principalId":"1f75b9dd-4f1d-4e80-9521-321a8b1f5764","principalType":"ServicePrincipal","scope":"/providers/Microsoft.Management/managementGroups/CnAIOrchestrationServicePublicCorpprod","condition":null,"conditionVersion":null,"createdOn":"2019-03-27T00:49:37.3000523Z","updatedOn":"2019-03-27T00:49:37.3000523Z","createdBy":"820ba717-9ea7-4147-bc13-1e35af4cc27c","updatedBy":"820ba717-9ea7-4147-bc13-1e35af4cc27c","delegatedManagedIdentityResourceId":null,"description":null},"id":"/providers/Microsoft.Management/managementGroups/CnAIOrchestrationServicePublicCorpprod/providers/Microsoft.Authorization/roleAssignments/e6e1fffd-83f7-40c7-9f33-e56e2cf75b29","type":"Microsoft.Authorization/roleAssignments","name":"e6e1fffd-83f7-40c7-9f33-e56e2cf75b29"},{"properties":{"roleDefinitionId":"/subscriptions/00000000-0000-0000-0000-000000000000/providers/Microsoft.Authorization/roleDefinitions/5d58bcaf-24a5-4b20-bdb6-eed9f69fbe4c","principalId":"1f75b9dd-4f1d-4e80-9521-321a8b1f5764","principalType":"ServicePrincipal","scope":"/providers/Microsoft.Management/managementGroups/CnAIOrchestrationServicePublicCorpprod","condition":null,"conditionVersion":null,"createdOn":"2019-03-27T00:50:08.3039053Z","updatedOn":"2019-03-27T00:50:08.3039053Z","createdBy":"820ba717-9ea7-4147-bc13-1e35af4cc27c","updatedBy":"820ba717-9ea7-4147-bc13-1e35af4cc27c","delegatedManagedIdentityResourceId":null,"description":null},"id":"/providers/Microsoft.Management/managementGroups/CnAIOrchestrationServicePublicCorpprod/providers/Microsoft.Authorization/roleAssignments/3d01f56e-ee3a-41ed-a775-0e067546cb12","type":"Microsoft.Authorization/roleAssignments","name":"3d01f56e-ee3a-41ed-a775-0e067546cb12"},{"properties":{"roleDefinitionId":"/subscriptions/00000000-0000-0000-0000-000000000000/providers/Microsoft.Authorization/roleDefinitions/acdd72a7-3385-48ef-bd42-f606fba81ae7","principalId":"ce2366a6-64d7-441b-939c-c9d23f91cccd","principalType":"ServicePrincipal","scope":"/providers/Microsoft.Management/managementGroups/72f988bf-86f1-41af-91ab-2d7cd011db47","condition":null,"conditionVersion":null,"createdOn":"2020-03-12T20:43:06.5941189Z","updatedOn":"2020-03-12T20:43:06.5941189Z","createdBy":"606f48c8-d219-4875-991d-ae6befaf0756","updatedBy":"606f48c8-d219-4875-991d-ae6befaf0756","delegatedManagedIdentityResourceId":null,"description":null},"id":"/providers/Microsoft.Management/managementGroups/72f988bf-86f1-41af-91ab-2d7cd011db47/providers/Microsoft.Authorization/roleAssignments/ad9e2cd7-0ff7-4931-9b17-656c8f17934b","type":"Microsoft.Authorization/roleAssignments","name":"ad9e2cd7-0ff7-4931-9b17-656c8f17934b"}]}'
    headers:
      cache-control:
      - no-cache
      content-length:
      - '118203'
      content-type:
      - application/json; charset=utf-8
      date:
      - Mon, 08 Mar 2021 06:43:05 GMT
      expires:
      - '-1'
      pragma:
      - no-cache
      set-cookie:
      - x-ms-gateway-slice=Production; path=/; secure; samesite=none; httponly
      strict-transport-security:
      - max-age=31536000; includeSubDomains
      transfer-encoding:
      - chunked
      vary:
      - Accept-Encoding
      x-content-type-options:
      - nosniff
    status:
      code: 200
      message: OK
- request:
    body: '{"location": "westus2", "properties": {"kubernetesVersion": "", "dnsPrefix":
      "cliakstest-clitestlr2kz3toe-c10894", "agentPoolProfiles": [{"count": 3, "vmSize":
      "Standard_DS2_v2", "vnetSubnetID": "/subscriptions/00000000-0000-0000-0000-000000000000/resourceGroups/clitest000001/providers/Microsoft.Network/virtualNetworks/cliakstest000003/subnets/aks-subnet",
      "osType": "Linux", "type": "VirtualMachineScaleSets", "mode": "System", "enableNodePublicIP":
      false, "scaleSetPriority": "Regular", "scaleSetEvictionPolicy": "Delete", "name":
      "nodepool1"}], "linuxProfile": {"adminUsername": "azureuser", "ssh": {"publicKeys":
      [{"keyData": "ssh-rsa AAAAB3NzaC1yc2EAAAADAQABAAABAQDj1Pby5Vyh2EjB4J5EFuNqM0JPG2uNoVNA2O4hSIsPKjrdJwPtODIHv3ZHhYsi0Wlm0ELx2i9RJt9m54v7KVWgUmBTqAFmT6qAaQ9nl8xKRpwUXGpnUkmaRB0AWwgUPxkWpvfhAiAey/zySquyEgi5sEbupHb+fufiekHq1naF8Z25Z2Q7JtZHGGzTQtwbfKKs3eIZybdMGX8Crm+yJ4h8GuIqqHA+LOeloYFXKvniUw+nA5ojN79bGV4M6hQTZWT0fYrOIGdecmVZnjRFvdj9HM3ZkKE2PGpDWGMlSfXTzPnKDoUJ+dMOydBxTnARr4pGJIr3Ce6IbkW7bCQcjo4J"}]}},
      "addonProfiles": {"ingressApplicationGateway": {"enabled": true, "config": {"applicationGatewayName":
      "gateway", "subnetId": "/subscriptions/00000000-0000-0000-0000-000000000000/resourceGroups/clitest000001/providers/Microsoft.Network/virtualNetworks/cliakstest000003/subnets/appgw-subnet"}}},
      "enableRBAC": true, "networkProfile": {"networkPlugin": "kubenet", "podCidr":
      "10.244.0.0/16", "serviceCidr": "10.0.0.0/16", "dnsServiceIP": "10.0.0.10",
      "dockerBridgeCidr": "172.17.0.1/16", "outboundType": "loadBalancer", "loadBalancerSku":
      "standard"}}, "identity": {"type": "SystemAssigned"}}'
    headers:
      Accept:
      - application/json
      Accept-Encoding:
      - gzip, deflate
      CommandName:
      - aks create
      Connection:
      - keep-alive
      Content-Length:
      - '1617'
      Content-Type:
      - application/json; charset=utf-8
      ParameterSetName:
      - --resource-group --name --enable-managed-identity --generate-ssh-keys --vnet-subnet-id
        -a --appgw-name --appgw-subnet-id --yes -o
      User-Agent:
      - python/3.6.10 (Linux-4.15.0-122-generic-x86_64-with) msrest/0.6.21 msrest_azure/0.6.3
        azure-mgmt-containerservice/11.1.0 Azure-SDK-For-Python AZURECLI/2.20.0 (DOCKER)
      accept-language:
      - en-US
    method: PUT
    uri: https://management.azure.com/subscriptions/00000000-0000-0000-0000-000000000000/resourceGroups/clitest000001/providers/Microsoft.ContainerService/managedClusters/cliakstest000002?api-version=2021-02-01
  response:
    body:
      string: "{\n  \"id\": \"/subscriptions/00000000-0000-0000-0000-000000000000/resourcegroups/clitest000001/providers/Microsoft.ContainerService/managedClusters/cliakstest000002\"\
        ,\n  \"location\": \"westus2\",\n  \"name\": \"cliakstest000002\",\n  \"type\"\
        : \"Microsoft.ContainerService/ManagedClusters\",\n  \"properties\": {\n \
        \  \"provisioningState\": \"Creating\",\n   \"powerState\": {\n    \"code\"\
        : \"Running\"\n   },\n   \"kubernetesVersion\": \"1.18.14\",\n   \"dnsPrefix\"\
        : \"cliakstest-clitestlr2kz3toe-c10894\",\n   \"fqdn\": \"cliakstest-clitestlr2kz3toe-c10894-3035e817.hcp.westus2.azmk8s.io\"\
        ,\n   \"azurePortalFQDN\": \"cliakstest-clitestlr2kz3toe-c10894-3035e817.portal.hcp.westus2.azmk8s.io\"\
        ,\n   \"agentPoolProfiles\": [\n    {\n     \"name\": \"nodepool1\",\n   \
        \  \"count\": 3,\n     \"vmSize\": \"Standard_DS2_v2\",\n     \"osDiskSizeGB\"\
        : 128,\n     \"osDiskType\": \"Managed\",\n     \"kubeletDiskType\": \"OS\"\
        ,\n     \"vnetSubnetID\": \"/subscriptions/00000000-0000-0000-0000-000000000000/resourceGroups/clitest000001/providers/Microsoft.Network/virtualNetworks/cliakstest000003/subnets/aks-subnet\"\
        ,\n     \"maxPods\": 110,\n     \"type\": \"VirtualMachineScaleSets\",\n \
        \    \"provisioningState\": \"Creating\",\n     \"powerState\": {\n      \"\
        code\": \"Running\"\n     },\n     \"orchestratorVersion\": \"1.18.14\",\n\
        \     \"enableNodePublicIP\": false,\n     \"nodeLabels\": {},\n     \"mode\"\
        : \"System\",\n     \"osType\": \"Linux\",\n     \"nodeImageVersion\": \"\
        AKSUbuntu-1804gen2-2021.02.17\"\n    }\n   ],\n   \"linuxProfile\": {\n  \
        \  \"adminUsername\": \"azureuser\",\n    \"ssh\": {\n     \"publicKeys\"\
        : [\n      {\n       \"keyData\": \"ssh-rsa AAAAB3NzaC1yc2EAAAADAQABAAABAQDj1Pby5Vyh2EjB4J5EFuNqM0JPG2uNoVNA2O4hSIsPKjrdJwPtODIHv3ZHhYsi0Wlm0ELx2i9RJt9m54v7KVWgUmBTqAFmT6qAaQ9nl8xKRpwUXGpnUkmaRB0AWwgUPxkWpvfhAiAey/zySquyEgi5sEbupHb+fufiekHq1naF8Z25Z2Q7JtZHGGzTQtwbfKKs3eIZybdMGX8Crm+yJ4h8GuIqqHA+LOeloYFXKvniUw+nA5ojN79bGV4M6hQTZWT0fYrOIGdecmVZnjRFvdj9HM3ZkKE2PGpDWGMlSfXTzPnKDoUJ+dMOydBxTnARr4pGJIr3Ce6IbkW7bCQcjo4J\"\
        \n      }\n     ]\n    }\n   },\n   \"servicePrincipalProfile\": {\n    \"\
        clientId\": \"msi\"\n   },\n   \"addonProfiles\": {\n    \"KubeDashboard\"\
        : {\n     \"enabled\": false,\n     \"config\": null\n    },\n    \"ingressApplicationGateway\"\
        : {\n     \"enabled\": true,\n     \"config\": {\n      \"applicationGatewayName\"\
        : \"gateway\",\n      \"effectiveApplicationGatewayId\": \"/subscriptions/00000000-0000-0000-0000-000000000000/resourceGroups/MC_clitest000001_cliakstest000002_westus2/providers/Microsoft.Network/applicationGateways/gateway\"\
        ,\n      \"subnetId\": \"/subscriptions/00000000-0000-0000-0000-000000000000/resourceGroups/clitest000001/providers/Microsoft.Network/virtualNetworks/cliakstest000003/subnets/appgw-subnet\"\
        \n     }\n    }\n   },\n   \"nodeResourceGroup\": \"MC_clitest000001_cliakstest000002_westus2\"\
        ,\n   \"enableRBAC\": true,\n   \"networkProfile\": {\n    \"networkPlugin\"\
        : \"kubenet\",\n    \"loadBalancerSku\": \"standard\",\n    \"loadBalancerProfile\"\
        : {\n     \"managedOutboundIPs\": {\n      \"count\": 1\n     }\n    },\n\
        \    \"podCidr\": \"10.244.0.0/16\",\n    \"serviceCidr\": \"10.0.0.0/16\"\
        ,\n    \"dnsServiceIP\": \"10.0.0.10\",\n    \"dockerBridgeCidr\": \"172.17.0.1/16\"\
        ,\n    \"outboundType\": \"loadBalancer\"\n   },\n   \"maxAgentPools\": 10\n\
        \  },\n  \"identity\": {\n   \"type\": \"SystemAssigned\",\n   \"principalId\"\
        : \"711efd42-f2d9-4b68-810a-fcebfd2e2b7d\",\n   \"tenantId\": \"72f988bf-86f1-41af-91ab-2d7cd011db47\"\
        \n  },\n  \"sku\": {\n   \"name\": \"Basic\",\n   \"tier\": \"Free\"\n  }\n\
        \ }"
    headers:
      azure-asyncoperation:
      - https://management.azure.com/subscriptions/00000000-0000-0000-0000-000000000000/providers/Microsoft.ContainerService/locations/westus2/operations/b2b4ec72-2b5a-48fd-952a-cf7d81b28adb?api-version=2016-03-30
      cache-control:
      - no-cache
      content-length:
      - '3310'
      content-type:
      - application/json
      date:
      - Mon, 08 Mar 2021 06:43:12 GMT
      expires:
      - '-1'
      pragma:
      - no-cache
      server:
      - nginx
      strict-transport-security:
      - max-age=31536000; includeSubDomains
      x-content-type-options:
      - nosniff
      x-ms-ratelimit-remaining-subscription-writes:
      - '1199'
    status:
      code: 201
      message: Created
- request:
    body: null
    headers:
      Accept:
      - application/json
      Accept-Encoding:
      - gzip, deflate
      CommandName:
      - aks create
      Connection:
      - keep-alive
      ParameterSetName:
      - --resource-group --name --enable-managed-identity --generate-ssh-keys --vnet-subnet-id
        -a --appgw-name --appgw-subnet-id --yes -o
      User-Agent:
      - python/3.6.10 (Linux-4.15.0-122-generic-x86_64-with) msrest/0.6.21 msrest_azure/0.6.3
        azure-mgmt-containerservice/11.1.0 Azure-SDK-For-Python AZURECLI/2.20.0 (DOCKER)
    method: GET
    uri: https://management.azure.com/subscriptions/00000000-0000-0000-0000-000000000000/providers/Microsoft.ContainerService/locations/westus2/operations/b2b4ec72-2b5a-48fd-952a-cf7d81b28adb?api-version=2016-03-30
  response:
    body:
      string: "{\n  \"name\": \"72ecb4b2-5a2b-fd48-952a-cf7d81b28adb\",\n  \"status\"\
        : \"InProgress\",\n  \"startTime\": \"2021-03-08T06:43:13.1233333Z\"\n }"
    headers:
      cache-control:
      - no-cache
      content-length:
      - '126'
      content-type:
      - application/json
      date:
      - Mon, 08 Mar 2021 06:43:42 GMT
      expires:
      - '-1'
      pragma:
      - no-cache
      server:
      - nginx
      strict-transport-security:
      - max-age=31536000; includeSubDomains
      transfer-encoding:
      - chunked
      vary:
      - Accept-Encoding
      x-content-type-options:
      - nosniff
    status:
      code: 200
      message: OK
- request:
    body: null
    headers:
      Accept:
      - application/json
      Accept-Encoding:
      - gzip, deflate
      CommandName:
      - aks create
      Connection:
      - keep-alive
      ParameterSetName:
      - --resource-group --name --enable-managed-identity --generate-ssh-keys --vnet-subnet-id
        -a --appgw-name --appgw-subnet-id --yes -o
      User-Agent:
      - python/3.6.10 (Linux-4.15.0-122-generic-x86_64-with) msrest/0.6.21 msrest_azure/0.6.3
        azure-mgmt-containerservice/11.1.0 Azure-SDK-For-Python AZURECLI/2.20.0 (DOCKER)
    method: GET
    uri: https://management.azure.com/subscriptions/00000000-0000-0000-0000-000000000000/providers/Microsoft.ContainerService/locations/westus2/operations/b2b4ec72-2b5a-48fd-952a-cf7d81b28adb?api-version=2016-03-30
  response:
    body:
      string: "{\n  \"name\": \"72ecb4b2-5a2b-fd48-952a-cf7d81b28adb\",\n  \"status\"\
        : \"InProgress\",\n  \"startTime\": \"2021-03-08T06:43:13.1233333Z\"\n }"
    headers:
      cache-control:
      - no-cache
      content-length:
      - '126'
      content-type:
      - application/json
      date:
      - Mon, 08 Mar 2021 06:44:13 GMT
      expires:
      - '-1'
      pragma:
      - no-cache
      server:
      - nginx
      strict-transport-security:
      - max-age=31536000; includeSubDomains
      transfer-encoding:
      - chunked
      vary:
      - Accept-Encoding
      x-content-type-options:
      - nosniff
    status:
      code: 200
      message: OK
- request:
    body: null
    headers:
      Accept:
      - application/json
      Accept-Encoding:
      - gzip, deflate
      CommandName:
      - aks create
      Connection:
      - keep-alive
      ParameterSetName:
      - --resource-group --name --enable-managed-identity --generate-ssh-keys --vnet-subnet-id
        -a --appgw-name --appgw-subnet-id --yes -o
      User-Agent:
      - python/3.6.10 (Linux-4.15.0-122-generic-x86_64-with) msrest/0.6.21 msrest_azure/0.6.3
        azure-mgmt-containerservice/11.1.0 Azure-SDK-For-Python AZURECLI/2.20.0 (DOCKER)
    method: GET
    uri: https://management.azure.com/subscriptions/00000000-0000-0000-0000-000000000000/providers/Microsoft.ContainerService/locations/westus2/operations/b2b4ec72-2b5a-48fd-952a-cf7d81b28adb?api-version=2016-03-30
  response:
    body:
      string: "{\n  \"name\": \"72ecb4b2-5a2b-fd48-952a-cf7d81b28adb\",\n  \"status\"\
        : \"InProgress\",\n  \"startTime\": \"2021-03-08T06:43:13.1233333Z\"\n }"
    headers:
      cache-control:
      - no-cache
      content-length:
      - '126'
      content-type:
      - application/json
      date:
      - Mon, 08 Mar 2021 06:44:42 GMT
      expires:
      - '-1'
      pragma:
      - no-cache
      server:
      - nginx
      strict-transport-security:
      - max-age=31536000; includeSubDomains
      transfer-encoding:
      - chunked
      vary:
      - Accept-Encoding
      x-content-type-options:
      - nosniff
    status:
      code: 200
      message: OK
- request:
    body: null
    headers:
      Accept:
      - application/json
      Accept-Encoding:
      - gzip, deflate
      CommandName:
      - aks create
      Connection:
      - keep-alive
      ParameterSetName:
      - --resource-group --name --enable-managed-identity --generate-ssh-keys --vnet-subnet-id
        -a --appgw-name --appgw-subnet-id --yes -o
      User-Agent:
      - python/3.6.10 (Linux-4.15.0-122-generic-x86_64-with) msrest/0.6.21 msrest_azure/0.6.3
        azure-mgmt-containerservice/11.1.0 Azure-SDK-For-Python AZURECLI/2.20.0 (DOCKER)
    method: GET
    uri: https://management.azure.com/subscriptions/00000000-0000-0000-0000-000000000000/providers/Microsoft.ContainerService/locations/westus2/operations/b2b4ec72-2b5a-48fd-952a-cf7d81b28adb?api-version=2016-03-30
  response:
    body:
      string: "{\n  \"name\": \"72ecb4b2-5a2b-fd48-952a-cf7d81b28adb\",\n  \"status\"\
        : \"InProgress\",\n  \"startTime\": \"2021-03-08T06:43:13.1233333Z\"\n }"
    headers:
      cache-control:
      - no-cache
      content-length:
      - '126'
      content-type:
      - application/json
      date:
      - Mon, 08 Mar 2021 06:45:13 GMT
      expires:
      - '-1'
      pragma:
      - no-cache
      server:
      - nginx
      strict-transport-security:
      - max-age=31536000; includeSubDomains
      transfer-encoding:
      - chunked
      vary:
      - Accept-Encoding
      x-content-type-options:
      - nosniff
    status:
      code: 200
      message: OK
- request:
    body: null
    headers:
      Accept:
      - application/json
      Accept-Encoding:
      - gzip, deflate
      CommandName:
      - aks create
      Connection:
      - keep-alive
      ParameterSetName:
      - --resource-group --name --enable-managed-identity --generate-ssh-keys --vnet-subnet-id
        -a --appgw-name --appgw-subnet-id --yes -o
      User-Agent:
      - python/3.6.10 (Linux-4.15.0-122-generic-x86_64-with) msrest/0.6.21 msrest_azure/0.6.3
        azure-mgmt-containerservice/11.1.0 Azure-SDK-For-Python AZURECLI/2.20.0 (DOCKER)
    method: GET
    uri: https://management.azure.com/subscriptions/00000000-0000-0000-0000-000000000000/providers/Microsoft.ContainerService/locations/westus2/operations/b2b4ec72-2b5a-48fd-952a-cf7d81b28adb?api-version=2016-03-30
  response:
    body:
      string: "{\n  \"name\": \"72ecb4b2-5a2b-fd48-952a-cf7d81b28adb\",\n  \"status\"\
        : \"InProgress\",\n  \"startTime\": \"2021-03-08T06:43:13.1233333Z\"\n }"
    headers:
      cache-control:
      - no-cache
      content-length:
      - '126'
      content-type:
      - application/json
      date:
      - Mon, 08 Mar 2021 06:45:43 GMT
      expires:
      - '-1'
      pragma:
      - no-cache
      server:
      - nginx
      strict-transport-security:
      - max-age=31536000; includeSubDomains
      transfer-encoding:
      - chunked
      vary:
      - Accept-Encoding
      x-content-type-options:
      - nosniff
    status:
      code: 200
      message: OK
- request:
    body: null
    headers:
      Accept:
      - application/json
      Accept-Encoding:
      - gzip, deflate
      CommandName:
      - aks create
      Connection:
      - keep-alive
      ParameterSetName:
      - --resource-group --name --enable-managed-identity --generate-ssh-keys --vnet-subnet-id
        -a --appgw-name --appgw-subnet-id --yes -o
      User-Agent:
      - python/3.6.10 (Linux-4.15.0-122-generic-x86_64-with) msrest/0.6.21 msrest_azure/0.6.3
        azure-mgmt-containerservice/11.1.0 Azure-SDK-For-Python AZURECLI/2.20.0 (DOCKER)
    method: GET
    uri: https://management.azure.com/subscriptions/00000000-0000-0000-0000-000000000000/providers/Microsoft.ContainerService/locations/westus2/operations/b2b4ec72-2b5a-48fd-952a-cf7d81b28adb?api-version=2016-03-30
  response:
    body:
      string: "{\n  \"name\": \"72ecb4b2-5a2b-fd48-952a-cf7d81b28adb\",\n  \"status\"\
        : \"InProgress\",\n  \"startTime\": \"2021-03-08T06:43:13.1233333Z\"\n }"
    headers:
      cache-control:
      - no-cache
      content-length:
      - '126'
      content-type:
      - application/json
      date:
      - Mon, 08 Mar 2021 06:46:13 GMT
      expires:
      - '-1'
      pragma:
      - no-cache
      server:
      - nginx
      strict-transport-security:
      - max-age=31536000; includeSubDomains
      transfer-encoding:
      - chunked
      vary:
      - Accept-Encoding
      x-content-type-options:
      - nosniff
    status:
      code: 200
      message: OK
- request:
    body: null
    headers:
      Accept:
      - application/json
      Accept-Encoding:
      - gzip, deflate
      CommandName:
      - aks create
      Connection:
      - keep-alive
      ParameterSetName:
      - --resource-group --name --enable-managed-identity --generate-ssh-keys --vnet-subnet-id
        -a --appgw-name --appgw-subnet-id --yes -o
      User-Agent:
      - python/3.6.10 (Linux-4.15.0-122-generic-x86_64-with) msrest/0.6.21 msrest_azure/0.6.3
        azure-mgmt-containerservice/11.1.0 Azure-SDK-For-Python AZURECLI/2.20.0 (DOCKER)
    method: GET
    uri: https://management.azure.com/subscriptions/00000000-0000-0000-0000-000000000000/providers/Microsoft.ContainerService/locations/westus2/operations/b2b4ec72-2b5a-48fd-952a-cf7d81b28adb?api-version=2016-03-30
  response:
    body:
      string: "{\n  \"name\": \"72ecb4b2-5a2b-fd48-952a-cf7d81b28adb\",\n  \"status\"\
        : \"InProgress\",\n  \"startTime\": \"2021-03-08T06:43:13.1233333Z\"\n }"
    headers:
      cache-control:
      - no-cache
      content-length:
      - '126'
      content-type:
      - application/json
      date:
      - Mon, 08 Mar 2021 06:46:43 GMT
      expires:
      - '-1'
      pragma:
      - no-cache
      server:
      - nginx
      strict-transport-security:
      - max-age=31536000; includeSubDomains
      transfer-encoding:
      - chunked
      vary:
      - Accept-Encoding
      x-content-type-options:
      - nosniff
    status:
      code: 200
      message: OK
- request:
    body: null
    headers:
      Accept:
      - application/json
      Accept-Encoding:
      - gzip, deflate
      CommandName:
      - aks create
      Connection:
      - keep-alive
      ParameterSetName:
      - --resource-group --name --enable-managed-identity --generate-ssh-keys --vnet-subnet-id
        -a --appgw-name --appgw-subnet-id --yes -o
      User-Agent:
      - python/3.6.10 (Linux-4.15.0-122-generic-x86_64-with) msrest/0.6.21 msrest_azure/0.6.3
        azure-mgmt-containerservice/11.1.0 Azure-SDK-For-Python AZURECLI/2.20.0 (DOCKER)
    method: GET
    uri: https://management.azure.com/subscriptions/00000000-0000-0000-0000-000000000000/providers/Microsoft.ContainerService/locations/westus2/operations/b2b4ec72-2b5a-48fd-952a-cf7d81b28adb?api-version=2016-03-30
  response:
    body:
      string: "{\n  \"name\": \"72ecb4b2-5a2b-fd48-952a-cf7d81b28adb\",\n  \"status\"\
        : \"Succeeded\",\n  \"startTime\": \"2021-03-08T06:43:13.1233333Z\",\n  \"\
        endTime\": \"2021-03-08T06:46:54.1209046Z\"\n }"
    headers:
      cache-control:
      - no-cache
      content-length:
      - '170'
      content-type:
      - application/json
      date:
      - Mon, 08 Mar 2021 06:47:14 GMT
      expires:
      - '-1'
      pragma:
      - no-cache
      server:
      - nginx
      strict-transport-security:
      - max-age=31536000; includeSubDomains
      transfer-encoding:
      - chunked
      vary:
      - Accept-Encoding
      x-content-type-options:
      - nosniff
    status:
      code: 200
      message: OK
- request:
    body: null
    headers:
      Accept:
      - application/json
      Accept-Encoding:
      - gzip, deflate
      CommandName:
      - aks create
      Connection:
      - keep-alive
      ParameterSetName:
      - --resource-group --name --enable-managed-identity --generate-ssh-keys --vnet-subnet-id
        -a --appgw-name --appgw-subnet-id --yes -o
      User-Agent:
      - python/3.6.10 (Linux-4.15.0-122-generic-x86_64-with) msrest/0.6.21 msrest_azure/0.6.3
        azure-mgmt-containerservice/11.1.0 Azure-SDK-For-Python AZURECLI/2.20.0 (DOCKER)
    method: GET
    uri: https://management.azure.com/subscriptions/00000000-0000-0000-0000-000000000000/resourceGroups/clitest000001/providers/Microsoft.ContainerService/managedClusters/cliakstest000002?api-version=2021-02-01
  response:
    body:
      string: "{\n  \"id\": \"/subscriptions/00000000-0000-0000-0000-000000000000/resourcegroups/clitest000001/providers/Microsoft.ContainerService/managedClusters/cliakstest000002\"\
        ,\n  \"location\": \"westus2\",\n  \"name\": \"cliakstest000002\",\n  \"type\"\
        : \"Microsoft.ContainerService/ManagedClusters\",\n  \"properties\": {\n \
        \  \"provisioningState\": \"Succeeded\",\n   \"powerState\": {\n    \"code\"\
        : \"Running\"\n   },\n   \"kubernetesVersion\": \"1.18.14\",\n   \"dnsPrefix\"\
        : \"cliakstest-clitestlr2kz3toe-c10894\",\n   \"fqdn\": \"cliakstest-clitestlr2kz3toe-c10894-3035e817.hcp.westus2.azmk8s.io\"\
        ,\n   \"azurePortalFQDN\": \"cliakstest-clitestlr2kz3toe-c10894-3035e817.portal.hcp.westus2.azmk8s.io\"\
        ,\n   \"agentPoolProfiles\": [\n    {\n     \"name\": \"nodepool1\",\n   \
        \  \"count\": 3,\n     \"vmSize\": \"Standard_DS2_v2\",\n     \"osDiskSizeGB\"\
        : 128,\n     \"osDiskType\": \"Managed\",\n     \"kubeletDiskType\": \"OS\"\
        ,\n     \"vnetSubnetID\": \"/subscriptions/00000000-0000-0000-0000-000000000000/resourceGroups/clitest000001/providers/Microsoft.Network/virtualNetworks/cliakstest000003/subnets/aks-subnet\"\
        ,\n     \"maxPods\": 110,\n     \"type\": \"VirtualMachineScaleSets\",\n \
        \    \"provisioningState\": \"Succeeded\",\n     \"powerState\": {\n     \
        \ \"code\": \"Running\"\n     },\n     \"orchestratorVersion\": \"1.18.14\"\
        ,\n     \"enableNodePublicIP\": false,\n     \"nodeLabels\": {},\n     \"\
        mode\": \"System\",\n     \"osType\": \"Linux\",\n     \"nodeImageVersion\"\
        : \"AKSUbuntu-1804gen2-2021.02.17\"\n    }\n   ],\n   \"linuxProfile\": {\n\
        \    \"adminUsername\": \"azureuser\",\n    \"ssh\": {\n     \"publicKeys\"\
        : [\n      {\n       \"keyData\": \"ssh-rsa AAAAB3NzaC1yc2EAAAADAQABAAABAQDj1Pby5Vyh2EjB4J5EFuNqM0JPG2uNoVNA2O4hSIsPKjrdJwPtODIHv3ZHhYsi0Wlm0ELx2i9RJt9m54v7KVWgUmBTqAFmT6qAaQ9nl8xKRpwUXGpnUkmaRB0AWwgUPxkWpvfhAiAey/zySquyEgi5sEbupHb+fufiekHq1naF8Z25Z2Q7JtZHGGzTQtwbfKKs3eIZybdMGX8Crm+yJ4h8GuIqqHA+LOeloYFXKvniUw+nA5ojN79bGV4M6hQTZWT0fYrOIGdecmVZnjRFvdj9HM3ZkKE2PGpDWGMlSfXTzPnKDoUJ+dMOydBxTnARr4pGJIr3Ce6IbkW7bCQcjo4J\"\
        \n      }\n     ]\n    }\n   },\n   \"servicePrincipalProfile\": {\n    \"\
        clientId\": \"msi\"\n   },\n   \"addonProfiles\": {\n    \"KubeDashboard\"\
        : {\n     \"enabled\": false,\n     \"config\": null\n    },\n    \"ingressApplicationGateway\"\
        : {\n     \"enabled\": true,\n     \"config\": {\n      \"applicationGatewayName\"\
        : \"gateway\",\n      \"effectiveApplicationGatewayId\": \"/subscriptions/00000000-0000-0000-0000-000000000000/resourceGroups/MC_clitest000001_cliakstest000002_westus2/providers/Microsoft.Network/applicationGateways/gateway\"\
        ,\n      \"subnetId\": \"/subscriptions/00000000-0000-0000-0000-000000000000/resourceGroups/clitest000001/providers/Microsoft.Network/virtualNetworks/cliakstest000003/subnets/appgw-subnet\"\
        \n     },\n     \"identity\": {\n      \"resourceId\": \"/subscriptions/00000000-0000-0000-0000-000000000000/resourcegroups/MC_clitest000001_cliakstest000002_westus2/providers/Microsoft.ManagedIdentity/userAssignedIdentities/ingressapplicationgateway-cliakstest000002\"\
        ,\n      \"clientId\": \"90004e75-01aa-4d57-9941-3439fc5d0799\",\n      \"\
        objectId\": \"470e1c9d-c74e-434f-9b04-de148cfd88a1\"\n     }\n    }\n   },\n\
        \   \"nodeResourceGroup\": \"MC_clitest000001_cliakstest000002_westus2\",\n\
        \   \"enableRBAC\": true,\n   \"networkProfile\": {\n    \"networkPlugin\"\
        : \"kubenet\",\n    \"loadBalancerSku\": \"Standard\",\n    \"loadBalancerProfile\"\
        : {\n     \"managedOutboundIPs\": {\n      \"count\": 1\n     },\n     \"\
        effectiveOutboundIPs\": [\n      {\n       \"id\": \"/subscriptions/00000000-0000-0000-0000-000000000000/resourceGroups/MC_clitest000001_cliakstest000002_westus2/providers/Microsoft.Network/publicIPAddresses/294c6ad3-87ef-4b62-a019-7ea12852e01b\"\
        \n      }\n     ]\n    },\n    \"podCidr\": \"10.244.0.0/16\",\n    \"serviceCidr\"\
        : \"10.0.0.0/16\",\n    \"dnsServiceIP\": \"10.0.0.10\",\n    \"dockerBridgeCidr\"\
        : \"172.17.0.1/16\",\n    \"outboundType\": \"loadBalancer\"\n   },\n   \"\
        maxAgentPools\": 10,\n   \"identityProfile\": {\n    \"kubeletidentity\":\
        \ {\n     \"resourceId\": \"/subscriptions/00000000-0000-0000-0000-000000000000/resourcegroups/MC_clitest000001_cliakstest000002_westus2/providers/Microsoft.ManagedIdentity/userAssignedIdentities/cliakstest000002-agentpool\"\
        ,\n     \"clientId\": \"c24da9d6-28fe-4e72-b47d-9ef326138db7\",\n     \"objectId\"\
        : \"58794f9c-2d5b-4ce5-99eb-fb392000b2d7\"\n    }\n   }\n  },\n  \"identity\"\
        : {\n   \"type\": \"SystemAssigned\",\n   \"principalId\": \"711efd42-f2d9-4b68-810a-fcebfd2e2b7d\"\
        ,\n   \"tenantId\": \"72f988bf-86f1-41af-91ab-2d7cd011db47\"\n  },\n  \"sku\"\
        : {\n   \"name\": \"Basic\",\n   \"tier\": \"Free\"\n  }\n }"
    headers:
      cache-control:
      - no-cache
      content-length:
      - '4353'
      content-type:
      - application/json
      date:
      - Mon, 08 Mar 2021 06:47:14 GMT
      expires:
      - '-1'
      pragma:
      - no-cache
      server:
      - nginx
      strict-transport-security:
      - max-age=31536000; includeSubDomains
      transfer-encoding:
      - chunked
      vary:
      - Accept-Encoding
      x-content-type-options:
      - nosniff
    status:
      code: 200
      message: OK
- request:
    body: null
    headers:
      Accept:
      - application/json
      Accept-Encoding:
      - gzip, deflate
      CommandName:
      - aks create
      Connection:
      - keep-alive
      ParameterSetName:
      - --resource-group --name --enable-managed-identity --generate-ssh-keys --vnet-subnet-id
        -a --appgw-name --appgw-subnet-id --yes -o
      User-Agent:
      - python/3.6.10 (Linux-4.15.0-122-generic-x86_64-with) msrest/0.6.21 msrest_azure/0.6.3
        azure-mgmt-authorization/0.61.0 Azure-SDK-For-Python AZURECLI/2.20.0 (DOCKER)
      accept-language:
      - en-US
    method: GET
    uri: https://management.azure.com/subscriptions/00000000-0000-0000-0000-000000000000/resourceGroups/clitest000001/providers/Microsoft.Network/virtualNetworks/cliakstest000003/subnets/appgw-subnet/providers/Microsoft.Authorization/roleDefinitions?$filter=roleName%20eq%20%27Network%20Contributor%27&api-version=2018-01-01-preview
  response:
    body:
      string: '{"value":[{"properties":{"roleName":"Network Contributor","type":"BuiltInRole","description":"Lets
        you manage networks, but not access to them.","assignableScopes":["/"],"permissions":[{"actions":["Microsoft.Authorization/*/read","Microsoft.Insights/alertRules/*","Microsoft.Network/*","Microsoft.ResourceHealth/availabilityStatuses/read","Microsoft.Resources/deployments/*","Microsoft.Resources/subscriptions/resourceGroups/read","Microsoft.Support/*"],"notActions":[],"dataActions":[],"notDataActions":[]}],"createdOn":"2015-06-02T00:18:27.3542698Z","updatedOn":"2016-05-31T23:14:00.3326359Z","createdBy":null,"updatedBy":null},"id":"/subscriptions/00000000-0000-0000-0000-000000000000/providers/Microsoft.Authorization/roleDefinitions/4d97b98b-1d4f-4787-a291-c67834d212e7","type":"Microsoft.Authorization/roleDefinitions","name":"4d97b98b-1d4f-4787-a291-c67834d212e7"}]}'
    headers:
      cache-control:
      - no-cache
      content-length:
      - '873'
      content-type:
      - application/json; charset=utf-8
      date:
      - Mon, 08 Mar 2021 06:47:15 GMT
      expires:
      - '-1'
      pragma:
      - no-cache
      set-cookie:
      - x-ms-gateway-slice=Production; path=/; secure; samesite=none; httponly
      strict-transport-security:
      - max-age=31536000; includeSubDomains
      transfer-encoding:
      - chunked
      vary:
      - Accept-Encoding
      x-content-type-options:
      - nosniff
    status:
      code: 200
      message: OK
- request:
    body: '{"properties": {"roleDefinitionId": "/subscriptions/00000000-0000-0000-0000-000000000000/providers/Microsoft.Authorization/roleDefinitions/4d97b98b-1d4f-4787-a291-c67834d212e7",
      "principalId": "470e1c9d-c74e-434f-9b04-de148cfd88a1"}}'
    headers:
      Accept:
      - application/json
      Accept-Encoding:
      - gzip, deflate
      CommandName:
      - aks create
      Connection:
      - keep-alive
      Content-Length:
      - '233'
      Content-Type:
      - application/json; charset=utf-8
      Cookie:
      - x-ms-gateway-slice=Production
      ParameterSetName:
      - --resource-group --name --enable-managed-identity --generate-ssh-keys --vnet-subnet-id
        -a --appgw-name --appgw-subnet-id --yes -o
      User-Agent:
      - python/3.6.10 (Linux-4.15.0-122-generic-x86_64-with) msrest/0.6.21 msrest_azure/0.6.3
        azure-mgmt-authorization/0.61.0 Azure-SDK-For-Python AZURECLI/2.20.0 (DOCKER)
      accept-language:
      - en-US
    method: PUT
    uri: https://management.azure.com/subscriptions/00000000-0000-0000-0000-000000000000/resourceGroups/clitest000001/providers/Microsoft.Network/virtualNetworks/cliakstest000003/subnets/appgw-subnet/providers/Microsoft.Authorization/roleAssignments/643524a6-a298-48cc-a769-63f9754f31a5?api-version=2020-04-01-preview
  response:
    body:
      string: '{"properties":{"roleDefinitionId":"/subscriptions/00000000-0000-0000-0000-000000000000/providers/Microsoft.Authorization/roleDefinitions/4d97b98b-1d4f-4787-a291-c67834d212e7","principalId":"470e1c9d-c74e-434f-9b04-de148cfd88a1","principalType":"ServicePrincipal","scope":"/subscriptions/00000000-0000-0000-0000-000000000000/resourceGroups/clitest000001/providers/Microsoft.Network/virtualNetworks/cliakstest000003/subnets/appgw-subnet","condition":null,"conditionVersion":null,"createdOn":"2021-03-08T06:47:16.1628892Z","updatedOn":"2021-03-08T06:47:16.4128902Z","createdBy":null,"updatedBy":"1ec25b73-94d5-4bf9-a56f-ca7d9bd4164c","delegatedManagedIdentityResourceId":null,"description":null},"id":"/subscriptions/00000000-0000-0000-0000-000000000000/resourceGroups/clitest000001/providers/Microsoft.Network/virtualNetworks/cliakstest000003/subnets/appgw-subnet/providers/Microsoft.Authorization/roleAssignments/643524a6-a298-48cc-a769-63f9754f31a5","type":"Microsoft.Authorization/roleAssignments","name":"643524a6-a298-48cc-a769-63f9754f31a5"}'
    headers:
      cache-control:
      - no-cache
      content-length:
      - '1053'
      content-type:
      - application/json; charset=utf-8
      date:
      - Mon, 08 Mar 2021 06:47:17 GMT
      expires:
      - '-1'
      pragma:
      - no-cache
      set-cookie:
      - x-ms-gateway-slice=Production; path=/; secure; samesite=none; httponly
      strict-transport-security:
      - max-age=31536000; includeSubDomains
      x-content-type-options:
      - nosniff
      x-ms-ratelimit-remaining-subscription-writes:
      - '1199'
    status:
      code: 201
      message: Created
- request:
    body: null
    headers:
      Accept:
      - application/json
      Accept-Encoding:
      - gzip, deflate
      CommandName:
      - aks create
      Connection:
      - keep-alive
      ParameterSetName:
      - --resource-group --name --enable-managed-identity --generate-ssh-keys --vnet-subnet-id
        -a --appgw-name --appgw-subnet-id --yes -o
      User-Agent:
      - python/3.6.10 (Linux-4.15.0-122-generic-x86_64-with) msrest/0.6.21 msrest_azure/0.6.3
        azure-mgmt-authorization/0.61.0 Azure-SDK-For-Python AZURECLI/2.20.0 (DOCKER)
      accept-language:
      - en-US
    method: GET
    uri: https://management.azure.com/subscriptions/00000000-0000-0000-0000-000000000000/resourceGroups/clitest000001/providers/Microsoft.Network/virtualNetworks/cliakstest000003/subnets/aks-subnet/providers/Microsoft.Authorization/roleDefinitions?$filter=roleName%20eq%20%27Network%20Contributor%27&api-version=2018-01-01-preview
  response:
    body:
      string: '{"value":[{"properties":{"roleName":"Network Contributor","type":"BuiltInRole","description":"Lets
        you manage networks, but not access to them.","assignableScopes":["/"],"permissions":[{"actions":["Microsoft.Authorization/*/read","Microsoft.Insights/alertRules/*","Microsoft.Network/*","Microsoft.ResourceHealth/availabilityStatuses/read","Microsoft.Resources/deployments/*","Microsoft.Resources/subscriptions/resourceGroups/read","Microsoft.Support/*"],"notActions":[],"dataActions":[],"notDataActions":[]}],"createdOn":"2015-06-02T00:18:27.3542698Z","updatedOn":"2016-05-31T23:14:00.3326359Z","createdBy":null,"updatedBy":null},"id":"/subscriptions/00000000-0000-0000-0000-000000000000/providers/Microsoft.Authorization/roleDefinitions/4d97b98b-1d4f-4787-a291-c67834d212e7","type":"Microsoft.Authorization/roleDefinitions","name":"4d97b98b-1d4f-4787-a291-c67834d212e7"}]}'
    headers:
      cache-control:
      - no-cache
      content-length:
      - '873'
      content-type:
      - application/json; charset=utf-8
      date:
      - Mon, 08 Mar 2021 06:47:19 GMT
      expires:
      - '-1'
      pragma:
      - no-cache
      set-cookie:
      - x-ms-gateway-slice=Production; path=/; secure; samesite=none; httponly
      strict-transport-security:
      - max-age=31536000; includeSubDomains
      transfer-encoding:
      - chunked
      vary:
      - Accept-Encoding
      x-content-type-options:
      - nosniff
    status:
      code: 200
      message: OK
- request:
    body: '{"properties": {"roleDefinitionId": "/subscriptions/00000000-0000-0000-0000-000000000000/providers/Microsoft.Authorization/roleDefinitions/4d97b98b-1d4f-4787-a291-c67834d212e7",
      "principalId": "711efd42-f2d9-4b68-810a-fcebfd2e2b7d"}}'
    headers:
      Accept:
      - application/json
      Accept-Encoding:
      - gzip, deflate
      CommandName:
      - aks create
      Connection:
      - keep-alive
      Content-Length:
      - '233'
      Content-Type:
      - application/json; charset=utf-8
      Cookie:
      - x-ms-gateway-slice=Production
      ParameterSetName:
      - --resource-group --name --enable-managed-identity --generate-ssh-keys --vnet-subnet-id
        -a --appgw-name --appgw-subnet-id --yes -o
      User-Agent:
      - python/3.6.10 (Linux-4.15.0-122-generic-x86_64-with) msrest/0.6.21 msrest_azure/0.6.3
        azure-mgmt-authorization/0.61.0 Azure-SDK-For-Python AZURECLI/2.20.0 (DOCKER)
      accept-language:
      - en-US
    method: PUT
    uri: https://management.azure.com/subscriptions/00000000-0000-0000-0000-000000000000/resourceGroups/clitest000001/providers/Microsoft.Network/virtualNetworks/cliakstest000003/subnets/aks-subnet/providers/Microsoft.Authorization/roleAssignments/d41a016c-4364-4117-ad13-5f2ad459c2ec?api-version=2020-04-01-preview
  response:
    body:
      string: '{"properties":{"roleDefinitionId":"/subscriptions/00000000-0000-0000-0000-000000000000/providers/Microsoft.Authorization/roleDefinitions/4d97b98b-1d4f-4787-a291-c67834d212e7","principalId":"711efd42-f2d9-4b68-810a-fcebfd2e2b7d","principalType":"ServicePrincipal","scope":"/subscriptions/00000000-0000-0000-0000-000000000000/resourceGroups/clitest000001/providers/Microsoft.Network/virtualNetworks/cliakstest000003/subnets/aks-subnet","condition":null,"conditionVersion":null,"createdOn":"2021-03-08T06:47:20.1130398Z","updatedOn":"2021-03-08T06:47:20.5525504Z","createdBy":null,"updatedBy":"1ec25b73-94d5-4bf9-a56f-ca7d9bd4164c","delegatedManagedIdentityResourceId":null,"description":null},"id":"/subscriptions/00000000-0000-0000-0000-000000000000/resourceGroups/clitest000001/providers/Microsoft.Network/virtualNetworks/cliakstest000003/subnets/aks-subnet/providers/Microsoft.Authorization/roleAssignments/d41a016c-4364-4117-ad13-5f2ad459c2ec","type":"Microsoft.Authorization/roleAssignments","name":"d41a016c-4364-4117-ad13-5f2ad459c2ec"}'
    headers:
      cache-control:
      - no-cache
      content-length:
      - '1049'
      content-type:
      - application/json; charset=utf-8
      date:
      - Mon, 08 Mar 2021 06:47:21 GMT
      expires:
      - '-1'
      pragma:
      - no-cache
      set-cookie:
      - x-ms-gateway-slice=Production; path=/; secure; samesite=none; httponly
      strict-transport-security:
      - max-age=31536000; includeSubDomains
      x-content-type-options:
      - nosniff
      x-ms-ratelimit-remaining-subscription-writes:
      - '1198'
    status:
      code: 201
      message: Created
version: 1
