interactions:
- request:
    body: '{"location": "westus2", "sku": {"name": "Basic", "tier": "Paid"}, "identity":
      {"type": "SystemAssigned"}, "properties": {"kubernetesVersion": "", "dnsPrefix":
      "cliaksdns000002", "agentPoolProfiles": [{"count": 1, "vmSize": "Standard_DS2_v2",
      "osType": "Linux", "enableAutoScaling": false, "type": "VirtualMachineScaleSets",
      "mode": "System", "enableNodePublicIP": false, "scaleSetPriority": "Regular",
      "scaleSetEvictionPolicy": "Delete", "spotMaxPrice": -1.0, "enableEncryptionAtHost":
      false, "enableUltraSSD": false, "enableFIPS": false, "name": "nodepool1"}],
      "linuxProfile": {"adminUsername": "azureuser", "ssh": {"publicKeys": [{"keyData":
      "ssh-rsa AAAAB3NzaC1yc2EAAAADAQABAAABAQC9Mn81dw0jaancv5sQo9kQAJKWQ9BtlyS0y4bBlVN3lxJXSiS5Dq189mgBY7JiURWHcwQ3VXCKRJZjHYIKj31PTAL2H+jU5a/4ty2z++omM2G4OCFu71jusuRYs4P9jLdfMatQ43Zp+wsYV1NmzNF9o/14ltu3piQAs44c81CW0GJGG1b0wKe1ujYx/TI+J8gfqHjo+HiLpHHjshCiWyK8GC64ueZguzG45fWZHRcmpYTWOPFH5Jl3ZuUeTkRo3012wINMAIpXzBX4wYaV2tPbsSbsivCdgPOq2zBkTJJ1PqQRCwAbd0XFAHpUzMCX70GdstCowb7YHliyp7FA6DZB
      azcli_aks_live_test@example.com\n"}]}}, "addonProfiles": {}, "enableRBAC": true,
      "networkProfile": {"networkPlugin": "kubenet", "podCidr": "10.244.0.0/16", "serviceCidr":
      "10.0.0.0/16", "dnsServiceIP": "10.0.0.10", "dockerBridgeCidr": "172.17.0.1/16",
      "outboundType": "loadBalancer", "loadBalancerSku": "standard"}, "disableLocalAccounts":
      false}}'
    headers:
      Accept:
      - application/json
      Accept-Encoding:
      - gzip, deflate
      CommandName:
      - aks create
      Connection:
      - keep-alive
      Content-Length:
      - '1373'
      Content-Type:
      - application/json
      ParameterSetName:
      - --resource-group --name --location --dns-name-prefix --node-count --ssh-key-value
        --uptime-sla
      User-Agent:
      - AZURECLI/2.35.0 azsdk-python-azure-mgmt-containerservice/19.0.0 Python/3.8.10
        (Linux-5.13.0-1021-azure-x86_64-with-glibc2.29)
    method: PUT
    uri: https://management.azure.com/subscriptions/00000000-0000-0000-0000-000000000000/resourceGroups/clitest000001/providers/Microsoft.ContainerService/managedClusters/cliakstest000001?api-version=2022-03-01
  response:
    body:
      string: "{\n  \"id\": \"/subscriptions/00000000-0000-0000-0000-000000000000/resourcegroups/clitest000001/providers/Microsoft.ContainerService/managedClusters/cliakstest000001\",\n
        \ \"location\": \"westus2\",\n  \"name\": \"cliakstest000001\",\n  \"type\":
        \"Microsoft.ContainerService/ManagedClusters\",\n  \"properties\": {\n   \"provisioningState\":
        \"Creating\",\n   \"powerState\": {\n    \"code\": \"Running\"\n   },\n   \"kubernetesVersion\":
        \"1.21.9\",\n   \"currentKubernetesVersion\": \"1.21.9\",\n   \"dnsPrefix\":
        \"cliaksdns000002\",\n   \"fqdn\": \"cliaksdns000002-25198f51.hcp.westus2.azmk8s.io\",\n
        \  \"azurePortalFQDN\": \"cliaksdns000002-25198f51.portal.hcp.westus2.azmk8s.io\",\n
        \  \"agentPoolProfiles\": [\n    {\n     \"name\": \"nodepool1\",\n     \"count\":
        1,\n     \"vmSize\": \"Standard_DS2_v2\",\n     \"osDiskSizeGB\": 128,\n     \"osDiskType\":
        \"Managed\",\n     \"kubeletDiskType\": \"OS\",\n     \"maxPods\": 110,\n
        \    \"type\": \"VirtualMachineScaleSets\",\n     \"enableAutoScaling\": false,\n
        \    \"provisioningState\": \"Creating\",\n     \"powerState\": {\n      \"code\":
        \"Running\"\n     },\n     \"orchestratorVersion\": \"1.21.9\",\n     \"enableNodePublicIP\":
        false,\n     \"mode\": \"System\",\n     \"enableEncryptionAtHost\": false,\n
        \    \"enableUltraSSD\": false,\n     \"osType\": \"Linux\",\n     \"osSKU\":
        \"Ubuntu\",\n     \"nodeImageVersion\": \"AKSUbuntu-1804gen2containerd-2022.03.29\",\n
        \    \"enableFIPS\": false\n    }\n   ],\n   \"linuxProfile\": {\n    \"adminUsername\":
        \"azureuser\",\n    \"ssh\": {\n     \"publicKeys\": [\n      {\n       \"keyData\":
        \"ssh-rsa AAAAB3NzaC1yc2EAAAADAQABAAABAQC9Mn81dw0jaancv5sQo9kQAJKWQ9BtlyS0y4bBlVN3lxJXSiS5Dq189mgBY7JiURWHcwQ3VXCKRJZjHYIKj31PTAL2H+jU5a/4ty2z++omM2G4OCFu71jusuRYs4P9jLdfMatQ43Zp+wsYV1NmzNF9o/14ltu3piQAs44c81CW0GJGG1b0wKe1ujYx/TI+J8gfqHjo+HiLpHHjshCiWyK8GC64ueZguzG45fWZHRcmpYTWOPFH5Jl3ZuUeTkRo3012wINMAIpXzBX4wYaV2tPbsSbsivCdgPOq2zBkTJJ1PqQRCwAbd0XFAHpUzMCX70GdstCowb7YHliyp7FA6DZB
        azcli_aks_live_test@example.com\\n\"\n      }\n     ]\n    }\n   },\n   \"servicePrincipalProfile\":
        {\n    \"clientId\":\"00000000-0000-0000-0000-000000000001\"\n   },\n   \"nodeResourceGroup\":
        \"MC_clitest000001_cliakstest000001_westus2\",\n   \"enableRBAC\": true,\n
        \  \"networkProfile\": {\n    \"networkPlugin\": \"kubenet\",\n    \"loadBalancerSku\":
        \"standard\",\n    \"loadBalancerProfile\": {\n     \"managedOutboundIPs\":
        {\n      \"count\": 1\n     }\n    },\n    \"podCidr\": \"10.244.0.0/16\",\n
        \   \"serviceCidr\": \"10.0.0.0/16\",\n    \"dnsServiceIP\": \"10.0.0.10\",\n
        \   \"dockerBridgeCidr\": \"172.17.0.1/16\",\n    \"outboundType\": \"loadBalancer\",\n
        \   \"podCidrs\": [\n     \"10.244.0.0/16\"\n    ],\n    \"serviceCidrs\":
        [\n     \"10.0.0.0/16\"\n    ],\n    \"ipFamilies\": [\n     \"IPv4\"\n    ]\n
        \  },\n   \"maxAgentPools\": 100,\n   \"disableLocalAccounts\": false,\n   \"securityProfile\":
        {}\n  },\n  \"identity\": {\n   \"type\": \"SystemAssigned\",\n   \"principalId\":\"00000000-0000-0000-0000-000000000001\",\n
        \  \"tenantId\": \"72f988bf-86f1-41af-91ab-2d7cd011db47\"\n  },\n  \"sku\":
        {\n   \"name\": \"Basic\",\n   \"tier\": \"Paid\"\n  }\n }"
    headers:
      azure-asyncoperation:
      - https://management.azure.com/subscriptions/00000000-0000-0000-0000-000000000000/providers/Microsoft.ContainerService/locations/westus2/operations/efaeddfa-23e5-485c-86ce-b3e75820619a?api-version=2016-03-30
      cache-control:
      - no-cache
      content-length:
      - '2863'
      content-type:
      - application/json
      date:
      - Mon, 18 Apr 2022 03:13:34 GMT
      expires:
      - '-1'
      pragma:
      - no-cache
      server:
      - nginx
      strict-transport-security:
      - max-age=31536000; includeSubDomains
      x-content-type-options:
      - nosniff
      x-ms-ratelimit-remaining-subscription-writes:
      - '1189'
    status:
      code: 201
      message: Created
- request:
    body: null
    headers:
      Accept:
      - '*/*'
      Accept-Encoding:
      - gzip, deflate
      CommandName:
      - aks create
      Connection:
      - keep-alive
      ParameterSetName:
      - --resource-group --name --location --dns-name-prefix --node-count --ssh-key-value
        --uptime-sla
      User-Agent:
      - AZURECLI/2.35.0 azsdk-python-azure-mgmt-containerservice/19.0.0 Python/3.8.10
        (Linux-5.13.0-1021-azure-x86_64-with-glibc2.29)
    method: GET
    uri: https://management.azure.com/subscriptions/00000000-0000-0000-0000-000000000000/providers/Microsoft.ContainerService/locations/westus2/operations/efaeddfa-23e5-485c-86ce-b3e75820619a?api-version=2016-03-30
  response:
    body:
      string: "{\n  \"name\": \"faddaeef-e523-5c48-86ce-b3e75820619a\",\n  \"status\":
        \"InProgress\",\n  \"startTime\": \"2022-04-18T03:13:34.18Z\"\n }"
    headers:
      cache-control:
      - no-cache
      content-length:
      - '121'
      content-type:
      - application/json
      date:
      - Mon, 18 Apr 2022 03:14:04 GMT
      expires:
      - '-1'
      pragma:
      - no-cache
      server:
      - nginx
      strict-transport-security:
      - max-age=31536000; includeSubDomains
      transfer-encoding:
      - chunked
      vary:
      - Accept-Encoding
      x-content-type-options:
      - nosniff
    status:
      code: 200
      message: OK
- request:
    body: null
    headers:
      Accept:
      - '*/*'
      Accept-Encoding:
      - gzip, deflate
      CommandName:
      - aks create
      Connection:
      - keep-alive
      ParameterSetName:
      - --resource-group --name --location --dns-name-prefix --node-count --ssh-key-value
        --uptime-sla
      User-Agent:
      - AZURECLI/2.35.0 azsdk-python-azure-mgmt-containerservice/19.0.0 Python/3.8.10
        (Linux-5.13.0-1021-azure-x86_64-with-glibc2.29)
    method: GET
    uri: https://management.azure.com/subscriptions/00000000-0000-0000-0000-000000000000/providers/Microsoft.ContainerService/locations/westus2/operations/efaeddfa-23e5-485c-86ce-b3e75820619a?api-version=2016-03-30
  response:
    body:
      string: "{\n  \"name\": \"faddaeef-e523-5c48-86ce-b3e75820619a\",\n  \"status\":
        \"InProgress\",\n  \"startTime\": \"2022-04-18T03:13:34.18Z\"\n }"
    headers:
      cache-control:
      - no-cache
      content-length:
      - '121'
      content-type:
      - application/json
      date:
      - Mon, 18 Apr 2022 03:14:34 GMT
      expires:
      - '-1'
      pragma:
      - no-cache
      server:
      - nginx
      strict-transport-security:
      - max-age=31536000; includeSubDomains
      transfer-encoding:
      - chunked
      vary:
      - Accept-Encoding
      x-content-type-options:
      - nosniff
    status:
      code: 200
      message: OK
- request:
    body: null
    headers:
      Accept:
      - '*/*'
      Accept-Encoding:
      - gzip, deflate
      CommandName:
      - aks create
      Connection:
      - keep-alive
      ParameterSetName:
      - --resource-group --name --location --dns-name-prefix --node-count --ssh-key-value
        --uptime-sla
      User-Agent:
      - AZURECLI/2.35.0 azsdk-python-azure-mgmt-containerservice/19.0.0 Python/3.8.10
        (Linux-5.13.0-1021-azure-x86_64-with-glibc2.29)
    method: GET
    uri: https://management.azure.com/subscriptions/00000000-0000-0000-0000-000000000000/providers/Microsoft.ContainerService/locations/westus2/operations/efaeddfa-23e5-485c-86ce-b3e75820619a?api-version=2016-03-30
  response:
    body:
      string: "{\n  \"name\": \"faddaeef-e523-5c48-86ce-b3e75820619a\",\n  \"status\":
        \"InProgress\",\n  \"startTime\": \"2022-04-18T03:13:34.18Z\"\n }"
    headers:
      cache-control:
      - no-cache
      content-length:
      - '121'
      content-type:
      - application/json
      date:
      - Mon, 18 Apr 2022 03:15:03 GMT
      expires:
      - '-1'
      pragma:
      - no-cache
      server:
      - nginx
      strict-transport-security:
      - max-age=31536000; includeSubDomains
      transfer-encoding:
      - chunked
      vary:
      - Accept-Encoding
      x-content-type-options:
      - nosniff
    status:
      code: 200
      message: OK
- request:
    body: null
    headers:
      Accept:
      - '*/*'
      Accept-Encoding:
      - gzip, deflate
      CommandName:
      - aks create
      Connection:
      - keep-alive
      ParameterSetName:
      - --resource-group --name --location --dns-name-prefix --node-count --ssh-key-value
        --uptime-sla
      User-Agent:
      - AZURECLI/2.35.0 azsdk-python-azure-mgmt-containerservice/19.0.0 Python/3.8.10
        (Linux-5.13.0-1021-azure-x86_64-with-glibc2.29)
    method: GET
    uri: https://management.azure.com/subscriptions/00000000-0000-0000-0000-000000000000/providers/Microsoft.ContainerService/locations/westus2/operations/efaeddfa-23e5-485c-86ce-b3e75820619a?api-version=2016-03-30
  response:
    body:
      string: "{\n  \"name\": \"faddaeef-e523-5c48-86ce-b3e75820619a\",\n  \"status\":
        \"InProgress\",\n  \"startTime\": \"2022-04-18T03:13:34.18Z\"\n }"
    headers:
      cache-control:
      - no-cache
      content-length:
      - '121'
      content-type:
      - application/json
      date:
      - Mon, 18 Apr 2022 03:15:34 GMT
      expires:
      - '-1'
      pragma:
      - no-cache
      server:
      - nginx
      strict-transport-security:
      - max-age=31536000; includeSubDomains
      transfer-encoding:
      - chunked
      vary:
      - Accept-Encoding
      x-content-type-options:
      - nosniff
    status:
      code: 200
      message: OK
- request:
    body: null
    headers:
      Accept:
      - '*/*'
      Accept-Encoding:
      - gzip, deflate
      CommandName:
      - aks create
      Connection:
      - keep-alive
      ParameterSetName:
      - --resource-group --name --location --dns-name-prefix --node-count --ssh-key-value
        --uptime-sla
      User-Agent:
      - AZURECLI/2.35.0 azsdk-python-azure-mgmt-containerservice/19.0.0 Python/3.8.10
        (Linux-5.13.0-1021-azure-x86_64-with-glibc2.29)
    method: GET
    uri: https://management.azure.com/subscriptions/00000000-0000-0000-0000-000000000000/providers/Microsoft.ContainerService/locations/westus2/operations/efaeddfa-23e5-485c-86ce-b3e75820619a?api-version=2016-03-30
  response:
    body:
      string: "{\n  \"name\": \"faddaeef-e523-5c48-86ce-b3e75820619a\",\n  \"status\":
        \"InProgress\",\n  \"startTime\": \"2022-04-18T03:13:34.18Z\"\n }"
    headers:
      cache-control:
      - no-cache
      content-length:
      - '121'
      content-type:
      - application/json
      date:
      - Mon, 18 Apr 2022 03:16:04 GMT
      expires:
      - '-1'
      pragma:
      - no-cache
      server:
      - nginx
      strict-transport-security:
      - max-age=31536000; includeSubDomains
      transfer-encoding:
      - chunked
      vary:
      - Accept-Encoding
      x-content-type-options:
      - nosniff
    status:
      code: 200
      message: OK
- request:
    body: null
    headers:
      Accept:
      - '*/*'
      Accept-Encoding:
      - gzip, deflate
      CommandName:
      - aks create
      Connection:
      - keep-alive
      ParameterSetName:
      - --resource-group --name --location --dns-name-prefix --node-count --ssh-key-value
        --uptime-sla
      User-Agent:
      - AZURECLI/2.35.0 azsdk-python-azure-mgmt-containerservice/19.0.0 Python/3.8.10
        (Linux-5.13.0-1021-azure-x86_64-with-glibc2.29)
    method: GET
    uri: https://management.azure.com/subscriptions/00000000-0000-0000-0000-000000000000/providers/Microsoft.ContainerService/locations/westus2/operations/efaeddfa-23e5-485c-86ce-b3e75820619a?api-version=2016-03-30
  response:
    body:
      string: "{\n  \"name\": \"faddaeef-e523-5c48-86ce-b3e75820619a\",\n  \"status\":
        \"Succeeded\",\n  \"startTime\": \"2022-04-18T03:13:34.18Z\",\n  \"endTime\":
        \"2022-04-18T03:16:34.1175686Z\"\n }"
    headers:
      cache-control:
      - no-cache
      content-length:
      - '165'
      content-type:
      - application/json
      date:
      - Mon, 18 Apr 2022 03:16:34 GMT
      expires:
      - '-1'
      pragma:
      - no-cache
      server:
      - nginx
      strict-transport-security:
      - max-age=31536000; includeSubDomains
      transfer-encoding:
      - chunked
      vary:
      - Accept-Encoding
      x-content-type-options:
      - nosniff
    status:
      code: 200
      message: OK
- request:
    body: null
    headers:
      Accept:
      - '*/*'
      Accept-Encoding:
      - gzip, deflate
      CommandName:
      - aks create
      Connection:
      - keep-alive
      ParameterSetName:
      - --resource-group --name --location --dns-name-prefix --node-count --ssh-key-value
        --uptime-sla
      User-Agent:
      - AZURECLI/2.35.0 azsdk-python-azure-mgmt-containerservice/19.0.0 Python/3.8.10
        (Linux-5.13.0-1021-azure-x86_64-with-glibc2.29)
    method: GET
    uri: https://management.azure.com/subscriptions/00000000-0000-0000-0000-000000000000/resourceGroups/clitest000001/providers/Microsoft.ContainerService/managedClusters/cliakstest000001?api-version=2022-03-01
  response:
    body:
      string: "{\n  \"id\": \"/subscriptions/00000000-0000-0000-0000-000000000000/resourcegroups/clitest000001/providers/Microsoft.ContainerService/managedClusters/cliakstest000001\",\n
        \ \"location\": \"westus2\",\n  \"name\": \"cliakstest000001\",\n  \"type\":
        \"Microsoft.ContainerService/ManagedClusters\",\n  \"properties\": {\n   \"provisioningState\":
        \"Succeeded\",\n   \"powerState\": {\n    \"code\": \"Running\"\n   },\n   \"kubernetesVersion\":
        \"1.21.9\",\n   \"currentKubernetesVersion\": \"1.21.9\",\n   \"dnsPrefix\":
        \"cliaksdns000002\",\n   \"fqdn\": \"cliaksdns000002-25198f51.hcp.westus2.azmk8s.io\",\n
        \  \"azurePortalFQDN\": \"cliaksdns000002-25198f51.portal.hcp.westus2.azmk8s.io\",\n
        \  \"agentPoolProfiles\": [\n    {\n     \"name\": \"nodepool1\",\n     \"count\":
        1,\n     \"vmSize\": \"Standard_DS2_v2\",\n     \"osDiskSizeGB\": 128,\n     \"osDiskType\":
        \"Managed\",\n     \"kubeletDiskType\": \"OS\",\n     \"maxPods\": 110,\n
        \    \"type\": \"VirtualMachineScaleSets\",\n     \"enableAutoScaling\": false,\n
        \    \"provisioningState\": \"Succeeded\",\n     \"powerState\": {\n      \"code\":
        \"Running\"\n     },\n     \"orchestratorVersion\": \"1.21.9\",\n     \"enableNodePublicIP\":
        false,\n     \"mode\": \"System\",\n     \"enableEncryptionAtHost\": false,\n
        \    \"enableUltraSSD\": false,\n     \"osType\": \"Linux\",\n     \"osSKU\":
        \"Ubuntu\",\n     \"nodeImageVersion\": \"AKSUbuntu-1804gen2containerd-2022.03.29\",\n
        \    \"enableFIPS\": false\n    }\n   ],\n   \"linuxProfile\": {\n    \"adminUsername\":
        \"azureuser\",\n    \"ssh\": {\n     \"publicKeys\": [\n      {\n       \"keyData\":
        \"ssh-rsa AAAAB3NzaC1yc2EAAAADAQABAAABAQC9Mn81dw0jaancv5sQo9kQAJKWQ9BtlyS0y4bBlVN3lxJXSiS5Dq189mgBY7JiURWHcwQ3VXCKRJZjHYIKj31PTAL2H+jU5a/4ty2z++omM2G4OCFu71jusuRYs4P9jLdfMatQ43Zp+wsYV1NmzNF9o/14ltu3piQAs44c81CW0GJGG1b0wKe1ujYx/TI+J8gfqHjo+HiLpHHjshCiWyK8GC64ueZguzG45fWZHRcmpYTWOPFH5Jl3ZuUeTkRo3012wINMAIpXzBX4wYaV2tPbsSbsivCdgPOq2zBkTJJ1PqQRCwAbd0XFAHpUzMCX70GdstCowb7YHliyp7FA6DZB
        azcli_aks_live_test@example.com\\n\"\n      }\n     ]\n    }\n   },\n   \"servicePrincipalProfile\":
        {\n    \"clientId\":\"00000000-0000-0000-0000-000000000001\"\n   },\n   \"nodeResourceGroup\":
        \"MC_clitest000001_cliakstest000001_westus2\",\n   \"enableRBAC\": true,\n
        \  \"networkProfile\": {\n    \"networkPlugin\": \"kubenet\",\n    \"loadBalancerSku\":
        \"Standard\",\n    \"loadBalancerProfile\": {\n     \"managedOutboundIPs\":
        {\n      \"count\": 1\n     },\n     \"effectiveOutboundIPs\": [\n      {\n
        \      \"id\": \"/subscriptions/00000000-0000-0000-0000-000000000000/resourceGroups/MC_clitest000001_cliakstest000001_westus2/providers/Microsoft.Network/publicIPAddresses/c3beece1-c2fe-4427-937f-cbabd18f0ec4\"\n
        \     }\n     ]\n    },\n    \"podCidr\": \"10.244.0.0/16\",\n    \"serviceCidr\":
        \"10.0.0.0/16\",\n    \"dnsServiceIP\": \"10.0.0.10\",\n    \"dockerBridgeCidr\":
        \"172.17.0.1/16\",\n    \"outboundType\": \"loadBalancer\",\n    \"podCidrs\":
        [\n     \"10.244.0.0/16\"\n    ],\n    \"serviceCidrs\": [\n     \"10.0.0.0/16\"\n
        \   ],\n    \"ipFamilies\": [\n     \"IPv4\"\n    ]\n   },\n   \"maxAgentPools\":
        100,\n   \"identityProfile\": {\n    \"kubeletidentity\": {\n     \"resourceId\":
        \"/subscriptions/00000000-0000-0000-0000-000000000000/resourcegroups/MC_clitest000001_cliakstest000001_westus2/providers/Microsoft.ManagedIdentity/userAssignedIdentities/cliakstest000001-agentpool\",\n
        \    \"clientId\":\"00000000-0000-0000-0000-000000000001\",\n     \"objectId\":\"00000000-0000-0000-0000-000000000001\"\n
        \   }\n   },\n   \"disableLocalAccounts\": false,\n   \"securityProfile\":
        {}\n  },\n  \"identity\": {\n   \"type\": \"SystemAssigned\",\n   \"principalId\":\"00000000-0000-0000-0000-000000000001\",\n
        \  \"tenantId\": \"72f988bf-86f1-41af-91ab-2d7cd011db47\"\n  },\n  \"sku\":
        {\n   \"name\": \"Basic\",\n   \"tier\": \"Paid\"\n  }\n }"
    headers:
      cache-control:
      - no-cache
      content-length:
      - '3516'
      content-type:
      - application/json
      date:
      - Mon, 18 Apr 2022 03:16:34 GMT
      expires:
      - '-1'
      pragma:
      - no-cache
      server:
      - nginx
      strict-transport-security:
      - max-age=31536000; includeSubDomains
      transfer-encoding:
      - chunked
      vary:
      - Accept-Encoding
      x-content-type-options:
      - nosniff
    status:
      code: 200
      message: OK
- request:
    body: null
    headers:
      Accept:
      - application/json
      Accept-Encoding:
      - gzip, deflate
      CommandName:
      - aks update
      Connection:
      - keep-alive
      ParameterSetName:
      - --resource-group --name --no-uptime-sla
      User-Agent:
      - AZURECLI/2.35.0 azsdk-python-azure-mgmt-containerservice/19.0.0 Python/3.8.10
        (Linux-5.13.0-1021-azure-x86_64-with-glibc2.29)
    method: GET
    uri: https://management.azure.com/subscriptions/00000000-0000-0000-0000-000000000000/resourceGroups/clitest000001/providers/Microsoft.ContainerService/managedClusters/cliakstest000001?api-version=2022-03-01
  response:
    body:
      string: "{\n  \"id\": \"/subscriptions/00000000-0000-0000-0000-000000000000/resourcegroups/clitest000001/providers/Microsoft.ContainerService/managedClusters/cliakstest000001\",\n
        \ \"location\": \"westus2\",\n  \"name\": \"cliakstest000001\",\n  \"type\":
        \"Microsoft.ContainerService/ManagedClusters\",\n  \"properties\": {\n   \"provisioningState\":
        \"Succeeded\",\n   \"powerState\": {\n    \"code\": \"Running\"\n   },\n   \"kubernetesVersion\":
        \"1.21.9\",\n   \"currentKubernetesVersion\": \"1.21.9\",\n   \"dnsPrefix\":
        \"cliaksdns000002\",\n   \"fqdn\": \"cliaksdns000002-25198f51.hcp.westus2.azmk8s.io\",\n
        \  \"azurePortalFQDN\": \"cliaksdns000002-25198f51.portal.hcp.westus2.azmk8s.io\",\n
        \  \"agentPoolProfiles\": [\n    {\n     \"name\": \"nodepool1\",\n     \"count\":
        1,\n     \"vmSize\": \"Standard_DS2_v2\",\n     \"osDiskSizeGB\": 128,\n     \"osDiskType\":
        \"Managed\",\n     \"kubeletDiskType\": \"OS\",\n     \"maxPods\": 110,\n
        \    \"type\": \"VirtualMachineScaleSets\",\n     \"enableAutoScaling\": false,\n
        \    \"provisioningState\": \"Succeeded\",\n     \"powerState\": {\n      \"code\":
        \"Running\"\n     },\n     \"orchestratorVersion\": \"1.21.9\",\n     \"enableNodePublicIP\":
        false,\n     \"mode\": \"System\",\n     \"enableEncryptionAtHost\": false,\n
        \    \"enableUltraSSD\": false,\n     \"osType\": \"Linux\",\n     \"osSKU\":
        \"Ubuntu\",\n     \"nodeImageVersion\": \"AKSUbuntu-1804gen2containerd-2022.03.29\",\n
        \    \"enableFIPS\": false\n    }\n   ],\n   \"linuxProfile\": {\n    \"adminUsername\":
        \"azureuser\",\n    \"ssh\": {\n     \"publicKeys\": [\n      {\n       \"keyData\":
        \"ssh-rsa AAAAB3NzaC1yc2EAAAADAQABAAABAQC9Mn81dw0jaancv5sQo9kQAJKWQ9BtlyS0y4bBlVN3lxJXSiS5Dq189mgBY7JiURWHcwQ3VXCKRJZjHYIKj31PTAL2H+jU5a/4ty2z++omM2G4OCFu71jusuRYs4P9jLdfMatQ43Zp+wsYV1NmzNF9o/14ltu3piQAs44c81CW0GJGG1b0wKe1ujYx/TI+J8gfqHjo+HiLpHHjshCiWyK8GC64ueZguzG45fWZHRcmpYTWOPFH5Jl3ZuUeTkRo3012wINMAIpXzBX4wYaV2tPbsSbsivCdgPOq2zBkTJJ1PqQRCwAbd0XFAHpUzMCX70GdstCowb7YHliyp7FA6DZB
        azcli_aks_live_test@example.com\\n\"\n      }\n     ]\n    }\n   },\n   \"servicePrincipalProfile\":
        {\n    \"clientId\":\"00000000-0000-0000-0000-000000000001\"\n   },\n   \"nodeResourceGroup\":
        \"MC_clitest000001_cliakstest000001_westus2\",\n   \"enableRBAC\": true,\n
        \  \"networkProfile\": {\n    \"networkPlugin\": \"kubenet\",\n    \"loadBalancerSku\":
        \"Standard\",\n    \"loadBalancerProfile\": {\n     \"managedOutboundIPs\":
        {\n      \"count\": 1\n     },\n     \"effectiveOutboundIPs\": [\n      {\n
        \      \"id\": \"/subscriptions/00000000-0000-0000-0000-000000000000/resourceGroups/MC_clitest000001_cliakstest000001_westus2/providers/Microsoft.Network/publicIPAddresses/c3beece1-c2fe-4427-937f-cbabd18f0ec4\"\n
        \     }\n     ]\n    },\n    \"podCidr\": \"10.244.0.0/16\",\n    \"serviceCidr\":
        \"10.0.0.0/16\",\n    \"dnsServiceIP\": \"10.0.0.10\",\n    \"dockerBridgeCidr\":
        \"172.17.0.1/16\",\n    \"outboundType\": \"loadBalancer\",\n    \"podCidrs\":
        [\n     \"10.244.0.0/16\"\n    ],\n    \"serviceCidrs\": [\n     \"10.0.0.0/16\"\n
        \   ],\n    \"ipFamilies\": [\n     \"IPv4\"\n    ]\n   },\n   \"maxAgentPools\":
        100,\n   \"identityProfile\": {\n    \"kubeletidentity\": {\n     \"resourceId\":
        \"/subscriptions/00000000-0000-0000-0000-000000000000/resourcegroups/MC_clitest000001_cliakstest000001_westus2/providers/Microsoft.ManagedIdentity/userAssignedIdentities/cliakstest000001-agentpool\",\n
        \    \"clientId\":\"00000000-0000-0000-0000-000000000001\",\n     \"objectId\":\"00000000-0000-0000-0000-000000000001\"\n
        \   }\n   },\n   \"disableLocalAccounts\": false,\n   \"securityProfile\":
        {}\n  },\n  \"identity\": {\n   \"type\": \"SystemAssigned\",\n   \"principalId\":\"00000000-0000-0000-0000-000000000001\",\n
        \  \"tenantId\": \"72f988bf-86f1-41af-91ab-2d7cd011db47\"\n  },\n  \"sku\":
        {\n   \"name\": \"Basic\",\n   \"tier\": \"Paid\"\n  }\n }"
    headers:
      cache-control:
      - no-cache
      content-length:
      - '3516'
      content-type:
      - application/json
      date:
      - Mon, 18 Apr 2022 03:16:36 GMT
      expires:
      - '-1'
      pragma:
      - no-cache
      server:
      - nginx
      strict-transport-security:
      - max-age=31536000; includeSubDomains
      transfer-encoding:
      - chunked
      vary:
      - Accept-Encoding
      x-content-type-options:
      - nosniff
    status:
      code: 200
      message: OK
- request:
    body: '{"location": "westus2", "sku": {"name": "Basic", "tier": "Free"}, "identity":
      {"type": "SystemAssigned"}, "properties": {"kubernetesVersion": "1.21.9", "dnsPrefix":
      "cliaksdns000002", "agentPoolProfiles": [{"count": 1, "vmSize": "Standard_DS2_v2",
      "osDiskSizeGB": 128, "osDiskType": "Managed", "kubeletDiskType": "OS", "maxPods":
      110, "osType": "Linux", "osSKU": "Ubuntu", "enableAutoScaling": false, "type":
      "VirtualMachineScaleSets", "mode": "System", "orchestratorVersion": "1.21.9",
      "powerState": {"code": "Running"}, "enableNodePublicIP": false, "enableEncryptionAtHost":
      false, "enableUltraSSD": false, "enableFIPS": false, "name": "nodepool1"}],
      "linuxProfile": {"adminUsername": "azureuser", "ssh": {"publicKeys": [{"keyData":
      "ssh-rsa AAAAB3NzaC1yc2EAAAADAQABAAABAQC9Mn81dw0jaancv5sQo9kQAJKWQ9BtlyS0y4bBlVN3lxJXSiS5Dq189mgBY7JiURWHcwQ3VXCKRJZjHYIKj31PTAL2H+jU5a/4ty2z++omM2G4OCFu71jusuRYs4P9jLdfMatQ43Zp+wsYV1NmzNF9o/14ltu3piQAs44c81CW0GJGG1b0wKe1ujYx/TI+J8gfqHjo+HiLpHHjshCiWyK8GC64ueZguzG45fWZHRcmpYTWOPFH5Jl3ZuUeTkRo3012wINMAIpXzBX4wYaV2tPbsSbsivCdgPOq2zBkTJJ1PqQRCwAbd0XFAHpUzMCX70GdstCowb7YHliyp7FA6DZB
      azcli_aks_live_test@example.com\n"}]}}, "servicePrincipalProfile": {"clientId":"00000000-0000-0000-0000-000000000001"},
      "nodeResourceGroup": "MC_clitest000001_cliakstest000001_westus2", "enableRBAC":
      true, "networkProfile": {"networkPlugin": "kubenet", "podCidr": "10.244.0.0/16",
      "serviceCidr": "10.0.0.0/16", "dnsServiceIP": "10.0.0.10", "dockerBridgeCidr":
      "172.17.0.1/16", "outboundType": "loadBalancer", "loadBalancerSku": "Standard",
      "loadBalancerProfile": {"managedOutboundIPs": {"count": 1}, "effectiveOutboundIPs":
      [{"id": "/subscriptions/00000000-0000-0000-0000-000000000000/resourceGroups/MC_clitest000001_cliakstest000001_westus2/providers/Microsoft.Network/publicIPAddresses/c3beece1-c2fe-4427-937f-cbabd18f0ec4"}]},
      "podCidrs": ["10.244.0.0/16"], "serviceCidrs": ["10.0.0.0/16"], "ipFamilies":
      ["IPv4"]}, "identityProfile": {"kubeletidentity": {"resourceId": "/subscriptions/00000000-0000-0000-0000-000000000000/resourcegroups/MC_clitest000001_cliakstest000001_westus2/providers/Microsoft.ManagedIdentity/userAssignedIdentities/cliakstest000001-agentpool",
      "clientId":"00000000-0000-0000-0000-000000000001", "objectId":"00000000-0000-0000-0000-000000000001"}},
      "disableLocalAccounts": false, "securityProfile": {}}}'
    headers:
      Accept:
      - application/json
      Accept-Encoding:
      - gzip, deflate
      CommandName:
      - aks update
      Connection:
      - keep-alive
      Content-Length:
      - '2346'
      Content-Type:
      - application/json
      ParameterSetName:
      - --resource-group --name --no-uptime-sla
      User-Agent:
      - AZURECLI/2.35.0 azsdk-python-azure-mgmt-containerservice/19.0.0 Python/3.8.10
        (Linux-5.13.0-1021-azure-x86_64-with-glibc2.29)
    method: PUT
    uri: https://management.azure.com/subscriptions/00000000-0000-0000-0000-000000000000/resourceGroups/clitest000001/providers/Microsoft.ContainerService/managedClusters/cliakstest000001?api-version=2022-03-01
  response:
    body:
      string: "{\n  \"id\": \"/subscriptions/00000000-0000-0000-0000-000000000000/resourcegroups/clitest000001/providers/Microsoft.ContainerService/managedClusters/cliakstest000001\",\n
        \ \"location\": \"westus2\",\n  \"name\": \"cliakstest000001\",\n  \"type\":
        \"Microsoft.ContainerService/ManagedClusters\",\n  \"properties\": {\n   \"provisioningState\":
        \"Updating\",\n   \"powerState\": {\n    \"code\": \"Running\"\n   },\n   \"kubernetesVersion\":
        \"1.21.9\",\n   \"currentKubernetesVersion\": \"1.21.9\",\n   \"dnsPrefix\":
        \"cliaksdns000002\",\n   \"fqdn\": \"cliaksdns000002-25198f51.hcp.westus2.azmk8s.io\",\n
        \  \"azurePortalFQDN\": \"cliaksdns000002-25198f51.portal.hcp.westus2.azmk8s.io\",\n
        \  \"agentPoolProfiles\": [\n    {\n     \"name\": \"nodepool1\",\n     \"count\":
        1,\n     \"vmSize\": \"Standard_DS2_v2\",\n     \"osDiskSizeGB\": 128,\n     \"osDiskType\":
        \"Managed\",\n     \"kubeletDiskType\": \"OS\",\n     \"maxPods\": 110,\n
        \    \"type\": \"VirtualMachineScaleSets\",\n     \"enableAutoScaling\": false,\n
        \    \"provisioningState\": \"Updating\",\n     \"powerState\": {\n      \"code\":
        \"Running\"\n     },\n     \"orchestratorVersion\": \"1.21.9\",\n     \"enableNodePublicIP\":
        false,\n     \"mode\": \"System\",\n     \"enableEncryptionAtHost\": false,\n
        \    \"enableUltraSSD\": false,\n     \"osType\": \"Linux\",\n     \"osSKU\":
        \"Ubuntu\",\n     \"nodeImageVersion\": \"AKSUbuntu-1804gen2containerd-2022.03.29\",\n
        \    \"enableFIPS\": false\n    }\n   ],\n   \"linuxProfile\": {\n    \"adminUsername\":
        \"azureuser\",\n    \"ssh\": {\n     \"publicKeys\": [\n      {\n       \"keyData\":
        \"ssh-rsa AAAAB3NzaC1yc2EAAAADAQABAAABAQC9Mn81dw0jaancv5sQo9kQAJKWQ9BtlyS0y4bBlVN3lxJXSiS5Dq189mgBY7JiURWHcwQ3VXCKRJZjHYIKj31PTAL2H+jU5a/4ty2z++omM2G4OCFu71jusuRYs4P9jLdfMatQ43Zp+wsYV1NmzNF9o/14ltu3piQAs44c81CW0GJGG1b0wKe1ujYx/TI+J8gfqHjo+HiLpHHjshCiWyK8GC64ueZguzG45fWZHRcmpYTWOPFH5Jl3ZuUeTkRo3012wINMAIpXzBX4wYaV2tPbsSbsivCdgPOq2zBkTJJ1PqQRCwAbd0XFAHpUzMCX70GdstCowb7YHliyp7FA6DZB
        azcli_aks_live_test@example.com\\n\"\n      }\n     ]\n    }\n   },\n   \"servicePrincipalProfile\":
        {\n    \"clientId\":\"00000000-0000-0000-0000-000000000001\"\n   },\n   \"nodeResourceGroup\":
        \"MC_clitest000001_cliakstest000001_westus2\",\n   \"enableRBAC\": true,\n
        \  \"networkProfile\": {\n    \"networkPlugin\": \"kubenet\",\n    \"loadBalancerSku\":
        \"Standard\",\n    \"loadBalancerProfile\": {\n     \"managedOutboundIPs\":
        {\n      \"count\": 1\n     },\n     \"effectiveOutboundIPs\": [\n      {\n
        \      \"id\": \"/subscriptions/00000000-0000-0000-0000-000000000000/resourceGroups/MC_clitest000001_cliakstest000001_westus2/providers/Microsoft.Network/publicIPAddresses/c3beece1-c2fe-4427-937f-cbabd18f0ec4\"\n
        \     }\n     ]\n    },\n    \"podCidr\": \"10.244.0.0/16\",\n    \"serviceCidr\":
        \"10.0.0.0/16\",\n    \"dnsServiceIP\": \"10.0.0.10\",\n    \"dockerBridgeCidr\":
        \"172.17.0.1/16\",\n    \"outboundType\": \"loadBalancer\",\n    \"podCidrs\":
        [\n     \"10.244.0.0/16\"\n    ],\n    \"serviceCidrs\": [\n     \"10.0.0.0/16\"\n
        \   ],\n    \"ipFamilies\": [\n     \"IPv4\"\n    ]\n   },\n   \"maxAgentPools\":
        100,\n   \"identityProfile\": {\n    \"kubeletidentity\": {\n     \"resourceId\":
        \"/subscriptions/00000000-0000-0000-0000-000000000000/resourcegroups/MC_clitest000001_cliakstest000001_westus2/providers/Microsoft.ManagedIdentity/userAssignedIdentities/cliakstest000001-agentpool\",\n
        \    \"clientId\":\"00000000-0000-0000-0000-000000000001\",\n     \"objectId\":\"00000000-0000-0000-0000-000000000001\"\n
        \   }\n   },\n   \"disableLocalAccounts\": false,\n   \"securityProfile\":
        {}\n  },\n  \"identity\": {\n   \"type\": \"SystemAssigned\",\n   \"principalId\":\"00000000-0000-0000-0000-000000000001\",\n
        \  \"tenantId\": \"72f988bf-86f1-41af-91ab-2d7cd011db47\"\n  },\n  \"sku\":
        {\n   \"name\": \"Basic\",\n   \"tier\": \"Free\"\n  }\n }"
    headers:
      azure-asyncoperation:
      - https://management.azure.com/subscriptions/00000000-0000-0000-0000-000000000000/providers/Microsoft.ContainerService/locations/westus2/operations/c3710ad4-4ff7-4472-9cfb-a8b8419ddad1?api-version=2016-03-30
      cache-control:
      - no-cache
      content-length:
      - '3514'
      content-type:
      - application/json
      date:
      - Mon, 18 Apr 2022 03:16:38 GMT
      expires:
      - '-1'
      pragma:
      - no-cache
      server:
      - nginx
      strict-transport-security:
      - max-age=31536000; includeSubDomains
      transfer-encoding:
      - chunked
      vary:
      - Accept-Encoding
      x-content-type-options:
      - nosniff
      x-ms-ratelimit-remaining-subscription-writes:
      - '1197'
    status:
      code: 200
      message: OK
- request:
    body: null
    headers:
      Accept:
      - '*/*'
      Accept-Encoding:
      - gzip, deflate
      CommandName:
      - aks update
      Connection:
      - keep-alive
      ParameterSetName:
      - --resource-group --name --no-uptime-sla
      User-Agent:
      - AZURECLI/2.35.0 azsdk-python-azure-mgmt-containerservice/19.0.0 Python/3.8.10
        (Linux-5.13.0-1021-azure-x86_64-with-glibc2.29)
    method: GET
    uri: https://management.azure.com/subscriptions/00000000-0000-0000-0000-000000000000/providers/Microsoft.ContainerService/locations/westus2/operations/c3710ad4-4ff7-4472-9cfb-a8b8419ddad1?api-version=2016-03-30
  response:
    body:
      string: "{\n  \"name\": \"d40a71c3-f74f-7244-9cfb-a8b8419ddad1\",\n  \"status\":
        \"InProgress\",\n  \"startTime\": \"2022-04-18T03:16:38.5266666Z\"\n }"
    headers:
      cache-control:
      - no-cache
      content-length:
      - '126'
      content-type:
      - application/json
      date:
      - Mon, 18 Apr 2022 03:17:08 GMT
      expires:
      - '-1'
      pragma:
      - no-cache
      server:
      - nginx
      strict-transport-security:
      - max-age=31536000; includeSubDomains
      transfer-encoding:
      - chunked
      vary:
      - Accept-Encoding
      x-content-type-options:
      - nosniff
    status:
      code: 200
      message: OK
- request:
    body: null
    headers:
      Accept:
      - '*/*'
      Accept-Encoding:
      - gzip, deflate
      CommandName:
      - aks update
      Connection:
      - keep-alive
      ParameterSetName:
      - --resource-group --name --no-uptime-sla
      User-Agent:
      - AZURECLI/2.35.0 azsdk-python-azure-mgmt-containerservice/19.0.0 Python/3.8.10
        (Linux-5.13.0-1021-azure-x86_64-with-glibc2.29)
    method: GET
    uri: https://management.azure.com/subscriptions/00000000-0000-0000-0000-000000000000/providers/Microsoft.ContainerService/locations/westus2/operations/c3710ad4-4ff7-4472-9cfb-a8b8419ddad1?api-version=2016-03-30
  response:
    body:
      string: "{\n  \"name\": \"d40a71c3-f74f-7244-9cfb-a8b8419ddad1\",\n  \"status\":
        \"InProgress\",\n  \"startTime\": \"2022-04-18T03:16:38.5266666Z\"\n }"
    headers:
      cache-control:
      - no-cache
      content-length:
      - '126'
      content-type:
      - application/json
      date:
      - Mon, 18 Apr 2022 03:17:38 GMT
      expires:
      - '-1'
      pragma:
      - no-cache
      server:
      - nginx
      strict-transport-security:
      - max-age=31536000; includeSubDomains
      transfer-encoding:
      - chunked
      vary:
      - Accept-Encoding
      x-content-type-options:
      - nosniff
    status:
      code: 200
      message: OK
- request:
    body: null
    headers:
      Accept:
      - '*/*'
      Accept-Encoding:
      - gzip, deflate
      CommandName:
      - aks update
      Connection:
      - keep-alive
      ParameterSetName:
      - --resource-group --name --no-uptime-sla
      User-Agent:
      - AZURECLI/2.35.0 azsdk-python-azure-mgmt-containerservice/19.0.0 Python/3.8.10
        (Linux-5.13.0-1021-azure-x86_64-with-glibc2.29)
    method: GET
    uri: https://management.azure.com/subscriptions/00000000-0000-0000-0000-000000000000/providers/Microsoft.ContainerService/locations/westus2/operations/c3710ad4-4ff7-4472-9cfb-a8b8419ddad1?api-version=2016-03-30
  response:
    body:
      string: "{\n  \"name\": \"d40a71c3-f74f-7244-9cfb-a8b8419ddad1\",\n  \"status\":
        \"InProgress\",\n  \"startTime\": \"2022-04-18T03:16:38.5266666Z\"\n }"
    headers:
      cache-control:
      - no-cache
      content-length:
      - '126'
      content-type:
      - application/json
      date:
      - Mon, 18 Apr 2022 03:18:08 GMT
      expires:
      - '-1'
      pragma:
      - no-cache
      server:
      - nginx
      strict-transport-security:
      - max-age=31536000; includeSubDomains
      transfer-encoding:
      - chunked
      vary:
      - Accept-Encoding
      x-content-type-options:
      - nosniff
    status:
      code: 200
      message: OK
- request:
    body: null
    headers:
      Accept:
      - '*/*'
      Accept-Encoding:
      - gzip, deflate
      CommandName:
      - aks update
      Connection:
      - keep-alive
      ParameterSetName:
      - --resource-group --name --no-uptime-sla
      User-Agent:
      - AZURECLI/2.35.0 azsdk-python-azure-mgmt-containerservice/19.0.0 Python/3.8.10
        (Linux-5.13.0-1021-azure-x86_64-with-glibc2.29)
    method: GET
    uri: https://management.azure.com/subscriptions/00000000-0000-0000-0000-000000000000/providers/Microsoft.ContainerService/locations/westus2/operations/c3710ad4-4ff7-4472-9cfb-a8b8419ddad1?api-version=2016-03-30
  response:
    body:
      string: "{\n  \"name\": \"d40a71c3-f74f-7244-9cfb-a8b8419ddad1\",\n  \"status\":
        \"Succeeded\",\n  \"startTime\": \"2022-04-18T03:16:38.5266666Z\",\n  \"endTime\":
        \"2022-04-18T03:18:22.9068063Z\"\n }"
    headers:
      cache-control:
      - no-cache
      content-length:
      - '170'
      content-type:
      - application/json
      date:
      - Mon, 18 Apr 2022 03:18:38 GMT
      expires:
      - '-1'
      pragma:
      - no-cache
      server:
      - nginx
      strict-transport-security:
      - max-age=31536000; includeSubDomains
      transfer-encoding:
      - chunked
      vary:
      - Accept-Encoding
      x-content-type-options:
      - nosniff
    status:
      code: 200
      message: OK
- request:
    body: null
    headers:
      Accept:
      - '*/*'
      Accept-Encoding:
      - gzip, deflate
      CommandName:
      - aks update
      Connection:
      - keep-alive
      ParameterSetName:
      - --resource-group --name --no-uptime-sla
      User-Agent:
      - AZURECLI/2.35.0 azsdk-python-azure-mgmt-containerservice/19.0.0 Python/3.8.10
        (Linux-5.13.0-1021-azure-x86_64-with-glibc2.29)
    method: GET
    uri: https://management.azure.com/subscriptions/00000000-0000-0000-0000-000000000000/resourceGroups/clitest000001/providers/Microsoft.ContainerService/managedClusters/cliakstest000001?api-version=2022-03-01
  response:
    body:
      string: "{\n  \"id\": \"/subscriptions/00000000-0000-0000-0000-000000000000/resourcegroups/clitest000001/providers/Microsoft.ContainerService/managedClusters/cliakstest000001\",\n
        \ \"location\": \"westus2\",\n  \"name\": \"cliakstest000001\",\n  \"type\":
        \"Microsoft.ContainerService/ManagedClusters\",\n  \"properties\": {\n   \"provisioningState\":
        \"Succeeded\",\n   \"powerState\": {\n    \"code\": \"Running\"\n   },\n   \"kubernetesVersion\":
        \"1.21.9\",\n   \"currentKubernetesVersion\": \"1.21.9\",\n   \"dnsPrefix\":
        \"cliaksdns000002\",\n   \"fqdn\": \"cliaksdns000002-25198f51.hcp.westus2.azmk8s.io\",\n
        \  \"azurePortalFQDN\": \"cliaksdns000002-25198f51.portal.hcp.westus2.azmk8s.io\",\n
        \  \"agentPoolProfiles\": [\n    {\n     \"name\": \"nodepool1\",\n     \"count\":
        1,\n     \"vmSize\": \"Standard_DS2_v2\",\n     \"osDiskSizeGB\": 128,\n     \"osDiskType\":
        \"Managed\",\n     \"kubeletDiskType\": \"OS\",\n     \"maxPods\": 110,\n
        \    \"type\": \"VirtualMachineScaleSets\",\n     \"enableAutoScaling\": false,\n
        \    \"provisioningState\": \"Succeeded\",\n     \"powerState\": {\n      \"code\":
        \"Running\"\n     },\n     \"orchestratorVersion\": \"1.21.9\",\n     \"enableNodePublicIP\":
        false,\n     \"mode\": \"System\",\n     \"enableEncryptionAtHost\": false,\n
        \    \"enableUltraSSD\": false,\n     \"osType\": \"Linux\",\n     \"osSKU\":
        \"Ubuntu\",\n     \"nodeImageVersion\": \"AKSUbuntu-1804gen2containerd-2022.03.29\",\n
        \    \"enableFIPS\": false\n    }\n   ],\n   \"linuxProfile\": {\n    \"adminUsername\":
        \"azureuser\",\n    \"ssh\": {\n     \"publicKeys\": [\n      {\n       \"keyData\":
        \"ssh-rsa AAAAB3NzaC1yc2EAAAADAQABAAABAQC9Mn81dw0jaancv5sQo9kQAJKWQ9BtlyS0y4bBlVN3lxJXSiS5Dq189mgBY7JiURWHcwQ3VXCKRJZjHYIKj31PTAL2H+jU5a/4ty2z++omM2G4OCFu71jusuRYs4P9jLdfMatQ43Zp+wsYV1NmzNF9o/14ltu3piQAs44c81CW0GJGG1b0wKe1ujYx/TI+J8gfqHjo+HiLpHHjshCiWyK8GC64ueZguzG45fWZHRcmpYTWOPFH5Jl3ZuUeTkRo3012wINMAIpXzBX4wYaV2tPbsSbsivCdgPOq2zBkTJJ1PqQRCwAbd0XFAHpUzMCX70GdstCowb7YHliyp7FA6DZB
        azcli_aks_live_test@example.com\\n\"\n      }\n     ]\n    }\n   },\n   \"servicePrincipalProfile\":
        {\n    \"clientId\":\"00000000-0000-0000-0000-000000000001\"\n   },\n   \"nodeResourceGroup\":
        \"MC_clitest000001_cliakstest000001_westus2\",\n   \"enableRBAC\": true,\n
        \  \"networkProfile\": {\n    \"networkPlugin\": \"kubenet\",\n    \"loadBalancerSku\":
        \"Standard\",\n    \"loadBalancerProfile\": {\n     \"managedOutboundIPs\":
        {\n      \"count\": 1\n     },\n     \"effectiveOutboundIPs\": [\n      {\n
        \      \"id\": \"/subscriptions/00000000-0000-0000-0000-000000000000/resourceGroups/MC_clitest000001_cliakstest000001_westus2/providers/Microsoft.Network/publicIPAddresses/c3beece1-c2fe-4427-937f-cbabd18f0ec4\"\n
        \     }\n     ]\n    },\n    \"podCidr\": \"10.244.0.0/16\",\n    \"serviceCidr\":
        \"10.0.0.0/16\",\n    \"dnsServiceIP\": \"10.0.0.10\",\n    \"dockerBridgeCidr\":
        \"172.17.0.1/16\",\n    \"outboundType\": \"loadBalancer\",\n    \"podCidrs\":
        [\n     \"10.244.0.0/16\"\n    ],\n    \"serviceCidrs\": [\n     \"10.0.0.0/16\"\n
        \   ],\n    \"ipFamilies\": [\n     \"IPv4\"\n    ]\n   },\n   \"maxAgentPools\":
        100,\n   \"identityProfile\": {\n    \"kubeletidentity\": {\n     \"resourceId\":
        \"/subscriptions/00000000-0000-0000-0000-000000000000/resourcegroups/MC_clitest000001_cliakstest000001_westus2/providers/Microsoft.ManagedIdentity/userAssignedIdentities/cliakstest000001-agentpool\",\n
        \    \"clientId\":\"00000000-0000-0000-0000-000000000001\",\n     \"objectId\":\"00000000-0000-0000-0000-000000000001\"\n
        \   }\n   },\n   \"disableLocalAccounts\": false,\n   \"securityProfile\":
        {}\n  },\n  \"identity\": {\n   \"type\": \"SystemAssigned\",\n   \"principalId\":\"00000000-0000-0000-0000-000000000001\",\n
        \  \"tenantId\": \"72f988bf-86f1-41af-91ab-2d7cd011db47\"\n  },\n  \"sku\":
        {\n   \"name\": \"Basic\",\n   \"tier\": \"Free\"\n  }\n }"
    headers:
      cache-control:
      - no-cache
      content-length:
      - '3516'
      content-type:
      - application/json
      date:
      - Mon, 18 Apr 2022 03:18:39 GMT
      expires:
      - '-1'
      pragma:
      - no-cache
      server:
      - nginx
      strict-transport-security:
      - max-age=31536000; includeSubDomains
      transfer-encoding:
      - chunked
      vary:
      - Accept-Encoding
      x-content-type-options:
      - nosniff
    status:
      code: 200
      message: OK
- request:
    body: null
    headers:
      Accept:
      - application/json
      Accept-Encoding:
      - gzip, deflate
      CommandName:
      - aks update
      Connection:
      - keep-alive
      ParameterSetName:
      - --resource-group --name --uptime-sla --no-wait
      User-Agent:
      - AZURECLI/2.35.0 azsdk-python-azure-mgmt-containerservice/19.0.0 Python/3.8.10
        (Linux-5.13.0-1021-azure-x86_64-with-glibc2.29)
    method: GET
    uri: https://management.azure.com/subscriptions/00000000-0000-0000-0000-000000000000/resourceGroups/clitest000001/providers/Microsoft.ContainerService/managedClusters/cliakstest000001?api-version=2022-03-01
  response:
    body:
      string: "{\n  \"id\": \"/subscriptions/00000000-0000-0000-0000-000000000000/resourcegroups/clitest000001/providers/Microsoft.ContainerService/managedClusters/cliakstest000001\",\n
        \ \"location\": \"westus2\",\n  \"name\": \"cliakstest000001\",\n  \"type\":
        \"Microsoft.ContainerService/ManagedClusters\",\n  \"properties\": {\n   \"provisioningState\":
        \"Succeeded\",\n   \"powerState\": {\n    \"code\": \"Running\"\n   },\n   \"kubernetesVersion\":
        \"1.21.9\",\n   \"currentKubernetesVersion\": \"1.21.9\",\n   \"dnsPrefix\":
        \"cliaksdns000002\",\n   \"fqdn\": \"cliaksdns000002-25198f51.hcp.westus2.azmk8s.io\",\n
        \  \"azurePortalFQDN\": \"cliaksdns000002-25198f51.portal.hcp.westus2.azmk8s.io\",\n
        \  \"agentPoolProfiles\": [\n    {\n     \"name\": \"nodepool1\",\n     \"count\":
        1,\n     \"vmSize\": \"Standard_DS2_v2\",\n     \"osDiskSizeGB\": 128,\n     \"osDiskType\":
        \"Managed\",\n     \"kubeletDiskType\": \"OS\",\n     \"maxPods\": 110,\n
        \    \"type\": \"VirtualMachineScaleSets\",\n     \"enableAutoScaling\": false,\n
        \    \"provisioningState\": \"Succeeded\",\n     \"powerState\": {\n      \"code\":
        \"Running\"\n     },\n     \"orchestratorVersion\": \"1.21.9\",\n     \"enableNodePublicIP\":
        false,\n     \"mode\": \"System\",\n     \"enableEncryptionAtHost\": false,\n
        \    \"enableUltraSSD\": false,\n     \"osType\": \"Linux\",\n     \"osSKU\":
        \"Ubuntu\",\n     \"nodeImageVersion\": \"AKSUbuntu-1804gen2containerd-2022.03.29\",\n
        \    \"enableFIPS\": false\n    }\n   ],\n   \"linuxProfile\": {\n    \"adminUsername\":
        \"azureuser\",\n    \"ssh\": {\n     \"publicKeys\": [\n      {\n       \"keyData\":
        \"ssh-rsa AAAAB3NzaC1yc2EAAAADAQABAAABAQC9Mn81dw0jaancv5sQo9kQAJKWQ9BtlyS0y4bBlVN3lxJXSiS5Dq189mgBY7JiURWHcwQ3VXCKRJZjHYIKj31PTAL2H+jU5a/4ty2z++omM2G4OCFu71jusuRYs4P9jLdfMatQ43Zp+wsYV1NmzNF9o/14ltu3piQAs44c81CW0GJGG1b0wKe1ujYx/TI+J8gfqHjo+HiLpHHjshCiWyK8GC64ueZguzG45fWZHRcmpYTWOPFH5Jl3ZuUeTkRo3012wINMAIpXzBX4wYaV2tPbsSbsivCdgPOq2zBkTJJ1PqQRCwAbd0XFAHpUzMCX70GdstCowb7YHliyp7FA6DZB
        azcli_aks_live_test@example.com\\n\"\n      }\n     ]\n    }\n   },\n   \"servicePrincipalProfile\":
        {\n    \"clientId\":\"00000000-0000-0000-0000-000000000001\"\n   },\n   \"nodeResourceGroup\":
        \"MC_clitest000001_cliakstest000001_westus2\",\n   \"enableRBAC\": true,\n
        \  \"networkProfile\": {\n    \"networkPlugin\": \"kubenet\",\n    \"loadBalancerSku\":
        \"Standard\",\n    \"loadBalancerProfile\": {\n     \"managedOutboundIPs\":
        {\n      \"count\": 1\n     },\n     \"effectiveOutboundIPs\": [\n      {\n
        \      \"id\": \"/subscriptions/00000000-0000-0000-0000-000000000000/resourceGroups/MC_clitest000001_cliakstest000001_westus2/providers/Microsoft.Network/publicIPAddresses/c3beece1-c2fe-4427-937f-cbabd18f0ec4\"\n
        \     }\n     ]\n    },\n    \"podCidr\": \"10.244.0.0/16\",\n    \"serviceCidr\":
        \"10.0.0.0/16\",\n    \"dnsServiceIP\": \"10.0.0.10\",\n    \"dockerBridgeCidr\":
        \"172.17.0.1/16\",\n    \"outboundType\": \"loadBalancer\",\n    \"podCidrs\":
        [\n     \"10.244.0.0/16\"\n    ],\n    \"serviceCidrs\": [\n     \"10.0.0.0/16\"\n
        \   ],\n    \"ipFamilies\": [\n     \"IPv4\"\n    ]\n   },\n   \"maxAgentPools\":
        100,\n   \"identityProfile\": {\n    \"kubeletidentity\": {\n     \"resourceId\":
        \"/subscriptions/00000000-0000-0000-0000-000000000000/resourcegroups/MC_clitest000001_cliakstest000001_westus2/providers/Microsoft.ManagedIdentity/userAssignedIdentities/cliakstest000001-agentpool\",\n
        \    \"clientId\":\"00000000-0000-0000-0000-000000000001\",\n     \"objectId\":\"00000000-0000-0000-0000-000000000001\"\n
        \   }\n   },\n   \"disableLocalAccounts\": false,\n   \"securityProfile\":
        {}\n  },\n  \"identity\": {\n   \"type\": \"SystemAssigned\",\n   \"principalId\":\"00000000-0000-0000-0000-000000000001\",\n
        \  \"tenantId\": \"72f988bf-86f1-41af-91ab-2d7cd011db47\"\n  },\n  \"sku\":
        {\n   \"name\": \"Basic\",\n   \"tier\": \"Free\"\n  }\n }"
    headers:
      cache-control:
      - no-cache
      content-length:
      - '3516'
      content-type:
      - application/json
      date:
      - Mon, 18 Apr 2022 03:18:39 GMT
      expires:
      - '-1'
      pragma:
      - no-cache
      server:
      - nginx
      strict-transport-security:
      - max-age=31536000; includeSubDomains
      transfer-encoding:
      - chunked
      vary:
      - Accept-Encoding
      x-content-type-options:
      - nosniff
    status:
      code: 200
      message: OK
- request:
    body: '{"location": "westus2", "sku": {"name": "Basic", "tier": "Paid"}, "identity":
      {"type": "SystemAssigned"}, "properties": {"kubernetesVersion": "1.21.9", "dnsPrefix":
      "cliaksdns000002", "agentPoolProfiles": [{"count": 1, "vmSize": "Standard_DS2_v2",
      "osDiskSizeGB": 128, "osDiskType": "Managed", "kubeletDiskType": "OS", "maxPods":
      110, "osType": "Linux", "osSKU": "Ubuntu", "enableAutoScaling": false, "type":
      "VirtualMachineScaleSets", "mode": "System", "orchestratorVersion": "1.21.9",
      "powerState": {"code": "Running"}, "enableNodePublicIP": false, "enableEncryptionAtHost":
      false, "enableUltraSSD": false, "enableFIPS": false, "name": "nodepool1"}],
      "linuxProfile": {"adminUsername": "azureuser", "ssh": {"publicKeys": [{"keyData":
      "ssh-rsa AAAAB3NzaC1yc2EAAAADAQABAAABAQC9Mn81dw0jaancv5sQo9kQAJKWQ9BtlyS0y4bBlVN3lxJXSiS5Dq189mgBY7JiURWHcwQ3VXCKRJZjHYIKj31PTAL2H+jU5a/4ty2z++omM2G4OCFu71jusuRYs4P9jLdfMatQ43Zp+wsYV1NmzNF9o/14ltu3piQAs44c81CW0GJGG1b0wKe1ujYx/TI+J8gfqHjo+HiLpHHjshCiWyK8GC64ueZguzG45fWZHRcmpYTWOPFH5Jl3ZuUeTkRo3012wINMAIpXzBX4wYaV2tPbsSbsivCdgPOq2zBkTJJ1PqQRCwAbd0XFAHpUzMCX70GdstCowb7YHliyp7FA6DZB
      azcli_aks_live_test@example.com\n"}]}}, "servicePrincipalProfile": {"clientId":"00000000-0000-0000-0000-000000000001"},
      "nodeResourceGroup": "MC_clitest000001_cliakstest000001_westus2", "enableRBAC":
      true, "networkProfile": {"networkPlugin": "kubenet", "podCidr": "10.244.0.0/16",
      "serviceCidr": "10.0.0.0/16", "dnsServiceIP": "10.0.0.10", "dockerBridgeCidr":
      "172.17.0.1/16", "outboundType": "loadBalancer", "loadBalancerSku": "Standard",
      "loadBalancerProfile": {"managedOutboundIPs": {"count": 1}, "effectiveOutboundIPs":
      [{"id": "/subscriptions/00000000-0000-0000-0000-000000000000/resourceGroups/MC_clitest000001_cliakstest000001_westus2/providers/Microsoft.Network/publicIPAddresses/c3beece1-c2fe-4427-937f-cbabd18f0ec4"}]},
      "podCidrs": ["10.244.0.0/16"], "serviceCidrs": ["10.0.0.0/16"], "ipFamilies":
      ["IPv4"]}, "identityProfile": {"kubeletidentity": {"resourceId": "/subscriptions/00000000-0000-0000-0000-000000000000/resourcegroups/MC_clitest000001_cliakstest000001_westus2/providers/Microsoft.ManagedIdentity/userAssignedIdentities/cliakstest000001-agentpool",
      "clientId":"00000000-0000-0000-0000-000000000001", "objectId":"00000000-0000-0000-0000-000000000001"}},
      "disableLocalAccounts": false, "securityProfile": {}}}'
    headers:
      Accept:
      - application/json
      Accept-Encoding:
      - gzip, deflate
      CommandName:
      - aks update
      Connection:
      - keep-alive
      Content-Length:
      - '2346'
      Content-Type:
      - application/json
      ParameterSetName:
      - --resource-group --name --uptime-sla --no-wait
      User-Agent:
      - AZURECLI/2.35.0 azsdk-python-azure-mgmt-containerservice/19.0.0 Python/3.8.10
        (Linux-5.13.0-1021-azure-x86_64-with-glibc2.29)
    method: PUT
    uri: https://management.azure.com/subscriptions/00000000-0000-0000-0000-000000000000/resourceGroups/clitest000001/providers/Microsoft.ContainerService/managedClusters/cliakstest000001?api-version=2022-03-01
  response:
    body:
      string: "{\n  \"id\": \"/subscriptions/00000000-0000-0000-0000-000000000000/resourcegroups/clitest000001/providers/Microsoft.ContainerService/managedClusters/cliakstest000001\",\n
        \ \"location\": \"westus2\",\n  \"name\": \"cliakstest000001\",\n  \"type\":
        \"Microsoft.ContainerService/ManagedClusters\",\n  \"properties\": {\n   \"provisioningState\":
        \"Updating\",\n   \"powerState\": {\n    \"code\": \"Running\"\n   },\n   \"kubernetesVersion\":
        \"1.21.9\",\n   \"currentKubernetesVersion\": \"1.21.9\",\n   \"dnsPrefix\":
        \"cliaksdns000002\",\n   \"fqdn\": \"cliaksdns000002-25198f51.hcp.westus2.azmk8s.io\",\n
        \  \"azurePortalFQDN\": \"cliaksdns000002-25198f51.portal.hcp.westus2.azmk8s.io\",\n
        \  \"agentPoolProfiles\": [\n    {\n     \"name\": \"nodepool1\",\n     \"count\":
        1,\n     \"vmSize\": \"Standard_DS2_v2\",\n     \"osDiskSizeGB\": 128,\n     \"osDiskType\":
        \"Managed\",\n     \"kubeletDiskType\": \"OS\",\n     \"maxPods\": 110,\n
        \    \"type\": \"VirtualMachineScaleSets\",\n     \"enableAutoScaling\": false,\n
        \    \"provisioningState\": \"Updating\",\n     \"powerState\": {\n      \"code\":
        \"Running\"\n     },\n     \"orchestratorVersion\": \"1.21.9\",\n     \"enableNodePublicIP\":
        false,\n     \"mode\": \"System\",\n     \"enableEncryptionAtHost\": false,\n
        \    \"enableUltraSSD\": false,\n     \"osType\": \"Linux\",\n     \"osSKU\":
        \"Ubuntu\",\n     \"nodeImageVersion\": \"AKSUbuntu-1804gen2containerd-2022.03.29\",\n
        \    \"enableFIPS\": false\n    }\n   ],\n   \"linuxProfile\": {\n    \"adminUsername\":
        \"azureuser\",\n    \"ssh\": {\n     \"publicKeys\": [\n      {\n       \"keyData\":
        \"ssh-rsa AAAAB3NzaC1yc2EAAAADAQABAAABAQC9Mn81dw0jaancv5sQo9kQAJKWQ9BtlyS0y4bBlVN3lxJXSiS5Dq189mgBY7JiURWHcwQ3VXCKRJZjHYIKj31PTAL2H+jU5a/4ty2z++omM2G4OCFu71jusuRYs4P9jLdfMatQ43Zp+wsYV1NmzNF9o/14ltu3piQAs44c81CW0GJGG1b0wKe1ujYx/TI+J8gfqHjo+HiLpHHjshCiWyK8GC64ueZguzG45fWZHRcmpYTWOPFH5Jl3ZuUeTkRo3012wINMAIpXzBX4wYaV2tPbsSbsivCdgPOq2zBkTJJ1PqQRCwAbd0XFAHpUzMCX70GdstCowb7YHliyp7FA6DZB
        azcli_aks_live_test@example.com\\n\"\n      }\n     ]\n    }\n   },\n   \"servicePrincipalProfile\":
        {\n    \"clientId\":\"00000000-0000-0000-0000-000000000001\"\n   },\n   \"nodeResourceGroup\":
        \"MC_clitest000001_cliakstest000001_westus2\",\n   \"enableRBAC\": true,\n
        \  \"networkProfile\": {\n    \"networkPlugin\": \"kubenet\",\n    \"loadBalancerSku\":
        \"Standard\",\n    \"loadBalancerProfile\": {\n     \"managedOutboundIPs\":
        {\n      \"count\": 1\n     },\n     \"effectiveOutboundIPs\": [\n      {\n
        \      \"id\": \"/subscriptions/00000000-0000-0000-0000-000000000000/resourceGroups/MC_clitest000001_cliakstest000001_westus2/providers/Microsoft.Network/publicIPAddresses/c3beece1-c2fe-4427-937f-cbabd18f0ec4\"\n
        \     }\n     ]\n    },\n    \"podCidr\": \"10.244.0.0/16\",\n    \"serviceCidr\":
        \"10.0.0.0/16\",\n    \"dnsServiceIP\": \"10.0.0.10\",\n    \"dockerBridgeCidr\":
        \"172.17.0.1/16\",\n    \"outboundType\": \"loadBalancer\",\n    \"podCidrs\":
        [\n     \"10.244.0.0/16\"\n    ],\n    \"serviceCidrs\": [\n     \"10.0.0.0/16\"\n
        \   ],\n    \"ipFamilies\": [\n     \"IPv4\"\n    ]\n   },\n   \"maxAgentPools\":
        100,\n   \"identityProfile\": {\n    \"kubeletidentity\": {\n     \"resourceId\":
        \"/subscriptions/00000000-0000-0000-0000-000000000000/resourcegroups/MC_clitest000001_cliakstest000001_westus2/providers/Microsoft.ManagedIdentity/userAssignedIdentities/cliakstest000001-agentpool\",\n
        \    \"clientId\":\"00000000-0000-0000-0000-000000000001\",\n     \"objectId\":\"00000000-0000-0000-0000-000000000001\"\n
        \   }\n   },\n   \"disableLocalAccounts\": false,\n   \"securityProfile\":
        {}\n  },\n  \"identity\": {\n   \"type\": \"SystemAssigned\",\n   \"principalId\":\"00000000-0000-0000-0000-000000000001\",\n
        \  \"tenantId\": \"72f988bf-86f1-41af-91ab-2d7cd011db47\"\n  },\n  \"sku\":
        {\n   \"name\": \"Basic\",\n   \"tier\": \"Paid\"\n  }\n }"
    headers:
      azure-asyncoperation:
      - https://management.azure.com/subscriptions/00000000-0000-0000-0000-000000000000/providers/Microsoft.ContainerService/locations/westus2/operations/62e3b5dc-77b3-4e91-adf3-2b05dec0aced?api-version=2016-03-30
      cache-control:
      - no-cache
      content-length:
      - '3514'
      content-type:
      - application/json
      date:
      - Mon, 18 Apr 2022 03:18:41 GMT
      expires:
      - '-1'
      pragma:
      - no-cache
      server:
      - nginx
      strict-transport-security:
      - max-age=31536000; includeSubDomains
      transfer-encoding:
      - chunked
      vary:
      - Accept-Encoding
      x-content-type-options:
      - nosniff
      x-ms-ratelimit-remaining-subscription-writes:
      - '1190'
    status:
      code: 200
      message: OK
- request:
    body: null
    headers:
      Accept:
      - application/json
      Accept-Encoding:
      - gzip, deflate
      CommandName:
      - aks delete
      Connection:
      - keep-alive
      Content-Length:
      - '0'
      ParameterSetName:
      - -g -n --yes --no-wait
      User-Agent:
      - AZURECLI/2.35.0 azsdk-python-azure-mgmt-containerservice/19.0.0 Python/3.8.10
        (Linux-5.13.0-1021-azure-x86_64-with-glibc2.29)
    method: DELETE
    uri: https://management.azure.com/subscriptions/00000000-0000-0000-0000-000000000000/resourceGroups/clitest000001/providers/Microsoft.ContainerService/managedClusters/cliakstest000001?api-version=2022-03-01
  response:
    body:
      string: ''
    headers:
      azure-asyncoperation:
      - https://management.azure.com/subscriptions/00000000-0000-0000-0000-000000000000/providers/Microsoft.ContainerService/locations/westus2/operations/3f639356-e798-41e3-9666-91794bc22c19?api-version=2016-03-30
      cache-control:
      - no-cache
      content-length:
      - '0'
      date:
      - Mon, 18 Apr 2022 03:18:42 GMT
      expires:
      - '-1'
      location:
      - https://management.azure.com/subscriptions/00000000-0000-0000-0000-000000000000/providers/Microsoft.ContainerService/locations/westus2/operationresults/3f639356-e798-41e3-9666-91794bc22c19?api-version=2016-03-30
      pragma:
      - no-cache
      server:
      - nginx
      strict-transport-security:
      - max-age=31536000; includeSubDomains
      x-content-type-options:
      - nosniff
      x-ms-ratelimit-remaining-subscription-deletes:
      - '14996'
    status:
      code: 202
      message: Accepted
version: 1
