interactions:
- request:
    body: null
    headers:
      Accept:
      - application/json
      Accept-Encoding:
      - gzip, deflate
      CommandName:
      - aks get-versions
      Connection:
      - keep-alive
      ParameterSetName:
      - -l --query
      User-Agent:
      - AZURECLI/2.46.0 azsdk-python-azure-mgmt-containerservice/21.2.0 Python/3.8.10
        (Linux-5.15.0-1033-azure-x86_64-with-glibc2.29)
    method: GET
    uri: https://management.azure.com/subscriptions/00000000-0000-0000-0000-000000000000/providers/Microsoft.ContainerService/locations/westus2/orchestrators?api-version=2019-04-01&resource-type=managedClusters
  response:
    body:
      string: "{\n  \"id\": \"/subscriptions/00000000-0000-0000-0000-000000000000/providers/Microsoft.ContainerService/locations/westus2/orchestrators\",\n
        \ \"name\": \"default\",\n  \"type\": \"Microsoft.ContainerService/locations/orchestrators\",\n
        \ \"properties\": {\n   \"orchestrators\": [\n    {\n     \"orchestratorType\":
        \"Kubernetes\",\n     \"orchestratorVersion\": \"1.23.12\",\n     \"upgrades\":
        [\n      {\n       \"orchestratorType\": \"Kubernetes\",\n       \"orchestratorVersion\":
        \"1.23.15\"\n      },\n      {\n       \"orchestratorType\": \"Kubernetes\",\n
        \      \"orchestratorVersion\": \"1.24.6\"\n      },\n      {\n       \"orchestratorType\":
        \"Kubernetes\",\n       \"orchestratorVersion\": \"1.24.9\"\n      }\n     ]\n
        \   },\n    {\n     \"orchestratorType\": \"Kubernetes\",\n     \"orchestratorVersion\":
        \"1.23.15\",\n     \"upgrades\": [\n      {\n       \"orchestratorType\":
        \"Kubernetes\",\n       \"orchestratorVersion\": \"1.24.6\"\n      },\n      {\n
        \      \"orchestratorType\": \"Kubernetes\",\n       \"orchestratorVersion\":
        \"1.24.9\"\n      }\n     ]\n    },\n    {\n     \"orchestratorType\": \"Kubernetes\",\n
        \    \"orchestratorVersion\": \"1.24.6\",\n     \"upgrades\": [\n      {\n
        \      \"orchestratorType\": \"Kubernetes\",\n       \"orchestratorVersion\":
        \"1.24.9\"\n      },\n      {\n       \"orchestratorType\": \"Kubernetes\",\n
        \      \"orchestratorVersion\": \"1.25.4\"\n      },\n      {\n       \"orchestratorType\":
        \"Kubernetes\",\n       \"orchestratorVersion\": \"1.25.5\"\n      }\n     ]\n
        \   },\n    {\n     \"orchestratorType\": \"Kubernetes\",\n     \"orchestratorVersion\":
        \"1.24.9\",\n     \"default\": true,\n     \"upgrades\": [\n      {\n       \"orchestratorType\":
        \"Kubernetes\",\n       \"orchestratorVersion\": \"1.25.4\"\n      },\n      {\n
        \      \"orchestratorType\": \"Kubernetes\",\n       \"orchestratorVersion\":
        \"1.25.5\"\n      }\n     ]\n    },\n    {\n     \"orchestratorType\": \"Kubernetes\",\n
        \    \"orchestratorVersion\": \"1.25.4\",\n     \"upgrades\": [\n      {\n
        \      \"orchestratorType\": \"Kubernetes\",\n       \"orchestratorVersion\":
        \"1.25.5\"\n      },\n      {\n       \"orchestratorType\": \"Kubernetes\",\n
        \      \"orchestratorVersion\": \"1.26.0\",\n       \"isPreview\": true\n
        \     }\n     ]\n    },\n    {\n     \"orchestratorType\": \"Kubernetes\",\n
        \    \"orchestratorVersion\": \"1.25.5\",\n     \"upgrades\": [\n      {\n
        \      \"orchestratorType\": \"Kubernetes\",\n       \"orchestratorVersion\":
        \"1.26.0\",\n       \"isPreview\": true\n      }\n     ]\n    },\n    {\n
        \    \"orchestratorType\": \"Kubernetes\",\n     \"orchestratorVersion\":
        \"1.26.0\",\n     \"isPreview\": true\n    }\n   ]\n  }\n }"
    headers:
      cache-control:
      - no-cache
      content-length:
      - '2410'
      content-type:
      - application/json
      date:
      - Wed, 15 Mar 2023 10:22:37 GMT
      expires:
      - '-1'
      pragma:
      - no-cache
      server:
      - nginx
      strict-transport-security:
      - max-age=31536000; includeSubDomains
      transfer-encoding:
      - chunked
      vary:
      - Accept-Encoding
      x-content-type-options:
      - nosniff
    status:
      code: 200
      message: OK
- request:
    body: null
    headers:
      Accept:
      - application/json
      Accept-Encoding:
      - gzip, deflate
      CommandName:
      - aks create
      Connection:
      - keep-alive
      ParameterSetName:
      - -g -n -p --nodepool-name -l --service-principal --client-secret -k --ssh-key-value
        --tags -c
      User-Agent:
      - AZURECLI/2.46.0 azsdk-python-azure-mgmt-containerservice/21.2.0 Python/3.8.10
        (Linux-5.15.0-1033-azure-x86_64-with-glibc2.29)
    method: GET
    uri: https://management.azure.com/subscriptions/00000000-0000-0000-0000-000000000000/resourceGroups/clitest000001/providers/Microsoft.ContainerService/managedClusters/cliakstest000003?api-version=2023-04-01
  response:
    body:
      string: '{"error":{"code":"ResourceNotFound","message":"The Resource ''Microsoft.ContainerService/managedClusters/cliakstest000003''
        under resource group ''clitest000001'' was not found. For more details please
        go to https://aka.ms/ARMResourceNotFoundFix"}}'
    headers:
      cache-control:
      - no-cache
      content-length:
      - '244'
      content-type:
      - application/json; charset=utf-8
      date:
      - Wed, 15 Mar 2023 10:22:37 GMT
      expires:
      - '-1'
      pragma:
      - no-cache
      strict-transport-security:
      - max-age=31536000; includeSubDomains
      x-content-type-options:
      - nosniff
      x-ms-failure-cause:
      - gateway
    status:
      code: 404
      message: Not Found
- request:
    body: '{"tags": {"scenario_test": ""}, "location": "westus2", "properties": {"kubernetesVersion":
      "1.25.5", "dnsPrefix": "cliaksdns000004", "agentPoolProfiles": [{"count": 1,
      "vmSize": "Standard_DS2_v2", "osDiskSizeGB": 0, "osType": "Linux", "enableAutoScaling":
      false, "type": "VirtualMachineScaleSets", "mode": "System", "orchestratorVersion":
      "1.25.5", "upgradeSettings": {}, "enableNodePublicIP": false, "scaleSetPriority":
      "Regular", "scaleSetEvictionPolicy": "Delete", "spotMaxPrice": -1.0, "nodeTaints":
      [], "enableEncryptionAtHost": false, "enableUltraSSD": false, "enableFIPS":
      false, "name": "np000005"}], "linuxProfile": {"adminUsername": "azureuser",
      "ssh": {"publicKeys": [{"keyData": "ssh-rsa AAAAB3NzaC1yc2EAAAADAQABAAABAQC+Tw5fQ1llhTaOQkrl1FxV1VswmtYGwgleHCPi7kNYtIZ2kdobxPHgVkhlxcSy2u6aAvjV7idMzxJ0nSl0MrLqF1GVtyO+SMx+iDXJomtEN6hscMcn8S6DJCm4XyPZyur50Qn6K4KGrmSQ4ZK0VXShfteE6THR2+DoYBsWbD86+XOLOrPr8H5DOQxEYYq0K2usPpntyItOJ2RtolEo9Y9nzxSsioEvb31B4vFX0LfssWX/yFJorU1OLMSxgIXOZ0xzEPOV//GzqeOjBx5s5OIueUYevzSLR3qskiQkE/6JT0YSkVKLfF5z4N8ptZ+7vqZteZTaAZld9zYnsBx7cKob
      azcli_aks_live_test@example.com\n"}]}}, "servicePrincipalProfile": {"clientId":"00000000-0000-0000-0000-000000000001",
      "secret":"fake-secret"}, "addonProfiles": {}, "enableRBAC": true, "networkProfile":
      {"networkPlugin": "kubenet", "podCidr": "10.244.0.0/16", "serviceCidr": "10.0.0.0/16",
      "dnsServiceIP": "10.0.0.10", "dockerBridgeCidr": "172.17.0.1/16", "outboundType":
      "loadBalancer", "loadBalancerSku": "standard"}, "disableLocalAccounts": false,
      "storageProfile": {}}}'
    headers:
      Accept:
      - application/json
      Accept-Encoding:
      - gzip, deflate
      CommandName:
      - aks create
      Connection:
      - keep-alive
      Content-Length:
      - '1546'
      Content-Type:
      - application/json
      ParameterSetName:
      - -g -n -p --nodepool-name -l --service-principal --client-secret -k --ssh-key-value
        --tags -c
      User-Agent:
      - AZURECLI/2.46.0 azsdk-python-azure-mgmt-containerservice/21.2.0 Python/3.8.10
        (Linux-5.15.0-1033-azure-x86_64-with-glibc2.29)
    method: PUT
    uri: https://management.azure.com/subscriptions/00000000-0000-0000-0000-000000000000/resourceGroups/clitest000001/providers/Microsoft.ContainerService/managedClusters/cliakstest000003?api-version=2023-04-01
  response:
    body:
      string: "{\n  \"id\": \"/subscriptions/00000000-0000-0000-0000-000000000000/resourcegroups/clitest000001/providers/Microsoft.ContainerService/managedClusters/cliakstest000003\",\n
        \ \"location\": \"westus2\",\n  \"name\": \"cliakstest000003\",\n  \"tags\":
        {\n   \"scenario_test\": \"\"\n  },\n  \"type\": \"Microsoft.ContainerService/ManagedClusters\",\n
        \ \"properties\": {\n   \"provisioningState\": \"Creating\",\n   \"powerState\":
        {\n    \"code\": \"Running\"\n   },\n   \"kubernetesVersion\": \"1.25.5\",\n
        \  \"currentKubernetesVersion\": \"1.25.5\",\n   \"dnsPrefix\": \"cliaksdns000004\",\n
        \  \"fqdn\": \"cliaksdns000004-dtwua7dk.hcp.westus2.azmk8s.io\",\n   \"azurePortalFQDN\":
        \"cliaksdns000004-dtwua7dk.portal.hcp.westus2.azmk8s.io\",\n   \"agentPoolProfiles\":
        [\n    {\n     \"name\": \"np000005\",\n     \"count\": 1,\n     \"vmSize\":
        \"Standard_DS2_v2\",\n     \"osDiskSizeGB\": 128,\n     \"osDiskType\": \"Managed\",\n
        \    \"kubeletDiskType\": \"OS\",\n     \"maxPods\": 110,\n     \"type\":
        \"VirtualMachineScaleSets\",\n     \"enableAutoScaling\": false,\n     \"provisioningState\":
        \"Creating\",\n     \"powerState\": {\n      \"code\": \"Running\"\n     },\n
        \    \"orchestratorVersion\": \"1.25.5\",\n     \"currentOrchestratorVersion\":
        \"1.25.5\",\n     \"enableNodePublicIP\": false,\n     \"mode\": \"System\",\n
        \    \"enableEncryptionAtHost\": false,\n     \"enableUltraSSD\": false,\n
        \    \"osType\": \"Linux\",\n     \"osSKU\": \"Ubuntu\",\n     \"nodeImageVersion\":
        \"AKSUbuntu-2204gen2containerd-2023.02.15\",\n     \"upgradeSettings\": {},\n
        \    \"enableFIPS\": false\n    }\n   ],\n   \"linuxProfile\": {\n    \"adminUsername\":
        \"azureuser\",\n    \"ssh\": {\n     \"publicKeys\": [\n      {\n       \"keyData\":
        \"ssh-rsa AAAAB3NzaC1yc2EAAAADAQABAAABAQC+Tw5fQ1llhTaOQkrl1FxV1VswmtYGwgleHCPi7kNYtIZ2kdobxPHgVkhlxcSy2u6aAvjV7idMzxJ0nSl0MrLqF1GVtyO+SMx+iDXJomtEN6hscMcn8S6DJCm4XyPZyur50Qn6K4KGrmSQ4ZK0VXShfteE6THR2+DoYBsWbD86+XOLOrPr8H5DOQxEYYq0K2usPpntyItOJ2RtolEo9Y9nzxSsioEvb31B4vFX0LfssWX/yFJorU1OLMSxgIXOZ0xzEPOV//GzqeOjBx5s5OIueUYevzSLR3qskiQkE/6JT0YSkVKLfF5z4N8ptZ+7vqZteZTaAZld9zYnsBx7cKob
        azcli_aks_live_test@example.com\\n\"\n      }\n     ]\n    }\n   },\n   \"servicePrincipalProfile\":
        {\n    \"clientId\":\"00000000-0000-0000-0000-000000000001\"\n   },\n   \"nodeResourceGroup\":
        \"MC_clitest000001_cliakstest000003_westus2\",\n   \"enableRBAC\": true,\n
        \  \"networkProfile\": {\n    \"networkPlugin\": \"kubenet\",\n    \"loadBalancerSku\":
        \"standard\",\n    \"loadBalancerProfile\": {\n     \"managedOutboundIPs\":
        {\n      \"count\": 1\n     }\n    },\n    \"podCidr\": \"10.244.0.0/16\",\n
        \   \"serviceCidr\": \"10.0.0.0/16\",\n    \"dnsServiceIP\": \"10.0.0.10\",\n
        \   \"dockerBridgeCidr\": \"172.17.0.1/16\",\n    \"outboundType\": \"loadBalancer\",\n
        \   \"podCidrs\": [\n     \"10.244.0.0/16\"\n    ],\n    \"serviceCidrs\":
        [\n     \"10.0.0.0/16\"\n    ],\n    \"ipFamilies\": [\n     \"IPv4\"\n    ]\n
        \  },\n   \"maxAgentPools\": 100,\n   \"disableLocalAccounts\": false,\n   \"securityProfile\":
        {},\n   \"storageProfile\": {\n    \"diskCSIDriver\": {\n     \"enabled\":
        true\n    },\n    \"fileCSIDriver\": {\n     \"enabled\": true\n    },\n    \"snapshotController\":
        {\n     \"enabled\": true\n    }\n   },\n   \"oidcIssuerProfile\": {\n    \"enabled\":
        false\n   },\n   \"workloadAutoScalerProfile\": {}\n  },\n  \"sku\": {\n   \"name\":
        \"Basic\",\n   \"tier\": \"Free\"\n  }\n }"
    headers:
      azure-asyncoperation:
      - https://management.azure.com/subscriptions/00000000-0000-0000-0000-000000000000/providers/Microsoft.ContainerService/locations/westus2/operations/9d75accd-7d88-4891-ae37-179731230f5d?api-version=2016-03-30
      cache-control:
      - no-cache
      content-length:
      - '3089'
      content-type:
      - application/json
      date:
      - Wed, 15 Mar 2023 10:22:41 GMT
      expires:
      - '-1'
      pragma:
      - no-cache
      server:
      - nginx
      strict-transport-security:
      - max-age=31536000; includeSubDomains
      x-content-type-options:
      - nosniff
      x-ms-ratelimit-remaining-subscription-writes:
      - '1198'
    status:
      code: 201
      message: Created
- request:
    body: null
    headers:
      Accept:
      - '*/*'
      Accept-Encoding:
      - gzip, deflate
      CommandName:
      - aks create
      Connection:
      - keep-alive
      ParameterSetName:
      - -g -n -p --nodepool-name -l --service-principal --client-secret -k --ssh-key-value
        --tags -c
      User-Agent:
      - AZURECLI/2.46.0 azsdk-python-azure-mgmt-containerservice/21.2.0 Python/3.8.10
        (Linux-5.15.0-1033-azure-x86_64-with-glibc2.29)
    method: GET
    uri: https://management.azure.com/subscriptions/00000000-0000-0000-0000-000000000000/providers/Microsoft.ContainerService/locations/westus2/operations/9d75accd-7d88-4891-ae37-179731230f5d?api-version=2016-03-30
  response:
    body:
      string: "{\n  \"name\": \"cdac759d-887d-9148-ae37-179731230f5d\",\n  \"status\":
        \"InProgress\",\n  \"startTime\": \"2023-03-15T10:22:42.3878255Z\"\n }"
    headers:
      cache-control:
      - no-cache
      content-length:
      - '126'
      content-type:
      - application/json
      date:
      - Wed, 15 Mar 2023 10:23:12 GMT
      expires:
      - '-1'
      pragma:
      - no-cache
      server:
      - nginx
      strict-transport-security:
      - max-age=31536000; includeSubDomains
      transfer-encoding:
      - chunked
      vary:
      - Accept-Encoding
      x-content-type-options:
      - nosniff
    status:
      code: 200
      message: OK
- request:
    body: null
    headers:
      Accept:
      - '*/*'
      Accept-Encoding:
      - gzip, deflate
      CommandName:
      - aks create
      Connection:
      - keep-alive
      ParameterSetName:
      - -g -n -p --nodepool-name -l --service-principal --client-secret -k --ssh-key-value
        --tags -c
      User-Agent:
      - AZURECLI/2.46.0 azsdk-python-azure-mgmt-containerservice/21.2.0 Python/3.8.10
        (Linux-5.15.0-1033-azure-x86_64-with-glibc2.29)
    method: GET
    uri: https://management.azure.com/subscriptions/00000000-0000-0000-0000-000000000000/providers/Microsoft.ContainerService/locations/westus2/operations/9d75accd-7d88-4891-ae37-179731230f5d?api-version=2016-03-30
  response:
    body:
      string: "{\n  \"name\": \"cdac759d-887d-9148-ae37-179731230f5d\",\n  \"status\":
        \"InProgress\",\n  \"startTime\": \"2023-03-15T10:22:42.3878255Z\"\n }"
    headers:
      cache-control:
      - no-cache
      content-length:
      - '126'
      content-type:
      - application/json
      date:
      - Wed, 15 Mar 2023 10:23:42 GMT
      expires:
      - '-1'
      pragma:
      - no-cache
      server:
      - nginx
      strict-transport-security:
      - max-age=31536000; includeSubDomains
      transfer-encoding:
      - chunked
      vary:
      - Accept-Encoding
      x-content-type-options:
      - nosniff
    status:
      code: 200
      message: OK
- request:
    body: null
    headers:
      Accept:
      - '*/*'
      Accept-Encoding:
      - gzip, deflate
      CommandName:
      - aks create
      Connection:
      - keep-alive
      ParameterSetName:
      - -g -n -p --nodepool-name -l --service-principal --client-secret -k --ssh-key-value
        --tags -c
      User-Agent:
      - AZURECLI/2.46.0 azsdk-python-azure-mgmt-containerservice/21.2.0 Python/3.8.10
        (Linux-5.15.0-1033-azure-x86_64-with-glibc2.29)
    method: GET
    uri: https://management.azure.com/subscriptions/00000000-0000-0000-0000-000000000000/providers/Microsoft.ContainerService/locations/westus2/operations/9d75accd-7d88-4891-ae37-179731230f5d?api-version=2016-03-30
  response:
    body:
      string: "{\n  \"name\": \"cdac759d-887d-9148-ae37-179731230f5d\",\n  \"status\":
        \"InProgress\",\n  \"startTime\": \"2023-03-15T10:22:42.3878255Z\"\n }"
    headers:
      cache-control:
      - no-cache
      content-length:
      - '126'
      content-type:
      - application/json
      date:
      - Wed, 15 Mar 2023 10:24:12 GMT
      expires:
      - '-1'
      pragma:
      - no-cache
      server:
      - nginx
      strict-transport-security:
      - max-age=31536000; includeSubDomains
      transfer-encoding:
      - chunked
      vary:
      - Accept-Encoding
      x-content-type-options:
      - nosniff
    status:
      code: 200
      message: OK
- request:
    body: null
    headers:
      Accept:
      - '*/*'
      Accept-Encoding:
      - gzip, deflate
      CommandName:
      - aks create
      Connection:
      - keep-alive
      ParameterSetName:
      - -g -n -p --nodepool-name -l --service-principal --client-secret -k --ssh-key-value
        --tags -c
      User-Agent:
      - AZURECLI/2.46.0 azsdk-python-azure-mgmt-containerservice/21.2.0 Python/3.8.10
        (Linux-5.15.0-1033-azure-x86_64-with-glibc2.29)
    method: GET
    uri: https://management.azure.com/subscriptions/00000000-0000-0000-0000-000000000000/providers/Microsoft.ContainerService/locations/westus2/operations/9d75accd-7d88-4891-ae37-179731230f5d?api-version=2016-03-30
  response:
    body:
      string: "{\n  \"name\": \"cdac759d-887d-9148-ae37-179731230f5d\",\n  \"status\":
        \"InProgress\",\n  \"startTime\": \"2023-03-15T10:22:42.3878255Z\"\n }"
    headers:
      cache-control:
      - no-cache
      content-length:
      - '126'
      content-type:
      - application/json
      date:
      - Wed, 15 Mar 2023 10:24:42 GMT
      expires:
      - '-1'
      pragma:
      - no-cache
      server:
      - nginx
      strict-transport-security:
      - max-age=31536000; includeSubDomains
      transfer-encoding:
      - chunked
      vary:
      - Accept-Encoding
      x-content-type-options:
      - nosniff
    status:
      code: 200
      message: OK
- request:
    body: null
    headers:
      Accept:
      - '*/*'
      Accept-Encoding:
      - gzip, deflate
      CommandName:
      - aks create
      Connection:
      - keep-alive
      ParameterSetName:
      - -g -n -p --nodepool-name -l --service-principal --client-secret -k --ssh-key-value
        --tags -c
      User-Agent:
      - AZURECLI/2.46.0 azsdk-python-azure-mgmt-containerservice/21.2.0 Python/3.8.10
        (Linux-5.15.0-1033-azure-x86_64-with-glibc2.29)
    method: GET
    uri: https://management.azure.com/subscriptions/00000000-0000-0000-0000-000000000000/providers/Microsoft.ContainerService/locations/westus2/operations/9d75accd-7d88-4891-ae37-179731230f5d?api-version=2016-03-30
  response:
    body:
      string: "{\n  \"name\": \"cdac759d-887d-9148-ae37-179731230f5d\",\n  \"status\":
        \"InProgress\",\n  \"startTime\": \"2023-03-15T10:22:42.3878255Z\"\n }"
    headers:
      cache-control:
      - no-cache
      content-length:
      - '126'
      content-type:
      - application/json
      date:
      - Wed, 15 Mar 2023 10:25:12 GMT
      expires:
      - '-1'
      pragma:
      - no-cache
      server:
      - nginx
      strict-transport-security:
      - max-age=31536000; includeSubDomains
      transfer-encoding:
      - chunked
      vary:
      - Accept-Encoding
      x-content-type-options:
      - nosniff
    status:
      code: 200
      message: OK
- request:
    body: null
    headers:
      Accept:
      - '*/*'
      Accept-Encoding:
      - gzip, deflate
      CommandName:
      - aks create
      Connection:
      - keep-alive
      ParameterSetName:
      - -g -n -p --nodepool-name -l --service-principal --client-secret -k --ssh-key-value
        --tags -c
      User-Agent:
      - AZURECLI/2.46.0 azsdk-python-azure-mgmt-containerservice/21.2.0 Python/3.8.10
        (Linux-5.15.0-1033-azure-x86_64-with-glibc2.29)
    method: GET
    uri: https://management.azure.com/subscriptions/00000000-0000-0000-0000-000000000000/providers/Microsoft.ContainerService/locations/westus2/operations/9d75accd-7d88-4891-ae37-179731230f5d?api-version=2016-03-30
  response:
    body:
      string: "{\n  \"name\": \"cdac759d-887d-9148-ae37-179731230f5d\",\n  \"status\":
        \"InProgress\",\n  \"startTime\": \"2023-03-15T10:22:42.3878255Z\"\n }"
    headers:
      cache-control:
      - no-cache
      content-length:
      - '126'
      content-type:
      - application/json
      date:
      - Wed, 15 Mar 2023 10:25:42 GMT
      expires:
      - '-1'
      pragma:
      - no-cache
      server:
      - nginx
      strict-transport-security:
      - max-age=31536000; includeSubDomains
      transfer-encoding:
      - chunked
      vary:
      - Accept-Encoding
      x-content-type-options:
      - nosniff
    status:
      code: 200
      message: OK
- request:
    body: null
    headers:
      Accept:
      - '*/*'
      Accept-Encoding:
      - gzip, deflate
      CommandName:
      - aks create
      Connection:
      - keep-alive
      ParameterSetName:
      - -g -n -p --nodepool-name -l --service-principal --client-secret -k --ssh-key-value
        --tags -c
      User-Agent:
      - AZURECLI/2.46.0 azsdk-python-azure-mgmt-containerservice/21.2.0 Python/3.8.10
        (Linux-5.15.0-1033-azure-x86_64-with-glibc2.29)
    method: GET
    uri: https://management.azure.com/subscriptions/00000000-0000-0000-0000-000000000000/providers/Microsoft.ContainerService/locations/westus2/operations/9d75accd-7d88-4891-ae37-179731230f5d?api-version=2016-03-30
  response:
    body:
      string: "{\n  \"name\": \"cdac759d-887d-9148-ae37-179731230f5d\",\n  \"status\":
        \"Succeeded\",\n  \"startTime\": \"2023-03-15T10:22:42.3878255Z\",\n  \"endTime\":
        \"2023-03-15T10:25:52.2777854Z\"\n }"
    headers:
      cache-control:
      - no-cache
      content-length:
      - '170'
      content-type:
      - application/json
      date:
      - Wed, 15 Mar 2023 10:26:12 GMT
      expires:
      - '-1'
      pragma:
      - no-cache
      server:
      - nginx
      strict-transport-security:
      - max-age=31536000; includeSubDomains
      transfer-encoding:
      - chunked
      vary:
      - Accept-Encoding
      x-content-type-options:
      - nosniff
    status:
      code: 200
      message: OK
- request:
    body: null
    headers:
      Accept:
      - '*/*'
      Accept-Encoding:
      - gzip, deflate
      CommandName:
      - aks create
      Connection:
      - keep-alive
      ParameterSetName:
      - -g -n -p --nodepool-name -l --service-principal --client-secret -k --ssh-key-value
        --tags -c
      User-Agent:
      - AZURECLI/2.46.0 azsdk-python-azure-mgmt-containerservice/21.2.0 Python/3.8.10
        (Linux-5.15.0-1033-azure-x86_64-with-glibc2.29)
    method: GET
    uri: https://management.azure.com/subscriptions/00000000-0000-0000-0000-000000000000/resourceGroups/clitest000001/providers/Microsoft.ContainerService/managedClusters/cliakstest000003?api-version=2023-04-01
  response:
    body:
      string: "{\n  \"id\": \"/subscriptions/00000000-0000-0000-0000-000000000000/resourcegroups/clitest000001/providers/Microsoft.ContainerService/managedClusters/cliakstest000003\",\n
        \ \"location\": \"westus2\",\n  \"name\": \"cliakstest000003\",\n  \"tags\":
        {\n   \"scenario_test\": \"\"\n  },\n  \"type\": \"Microsoft.ContainerService/ManagedClusters\",\n
        \ \"properties\": {\n   \"provisioningState\": \"Succeeded\",\n   \"powerState\":
        {\n    \"code\": \"Running\"\n   },\n   \"kubernetesVersion\": \"1.25.5\",\n
        \  \"currentKubernetesVersion\": \"1.25.5\",\n   \"dnsPrefix\": \"cliaksdns000004\",\n
        \  \"fqdn\": \"cliaksdns000004-dtwua7dk.hcp.westus2.azmk8s.io\",\n   \"azurePortalFQDN\":
        \"cliaksdns000004-dtwua7dk.portal.hcp.westus2.azmk8s.io\",\n   \"agentPoolProfiles\":
        [\n    {\n     \"name\": \"np000005\",\n     \"count\": 1,\n     \"vmSize\":
        \"Standard_DS2_v2\",\n     \"osDiskSizeGB\": 128,\n     \"osDiskType\": \"Managed\",\n
        \    \"kubeletDiskType\": \"OS\",\n     \"maxPods\": 110,\n     \"type\":
        \"VirtualMachineScaleSets\",\n     \"enableAutoScaling\": false,\n     \"provisioningState\":
        \"Succeeded\",\n     \"powerState\": {\n      \"code\": \"Running\"\n     },\n
        \    \"orchestratorVersion\": \"1.25.5\",\n     \"currentOrchestratorVersion\":
        \"1.25.5\",\n     \"enableNodePublicIP\": false,\n     \"mode\": \"System\",\n
        \    \"enableEncryptionAtHost\": false,\n     \"enableUltraSSD\": false,\n
        \    \"osType\": \"Linux\",\n     \"osSKU\": \"Ubuntu\",\n     \"nodeImageVersion\":
        \"AKSUbuntu-2204gen2containerd-2023.02.15\",\n     \"upgradeSettings\": {},\n
        \    \"enableFIPS\": false\n    }\n   ],\n   \"linuxProfile\": {\n    \"adminUsername\":
        \"azureuser\",\n    \"ssh\": {\n     \"publicKeys\": [\n      {\n       \"keyData\":
        \"ssh-rsa AAAAB3NzaC1yc2EAAAADAQABAAABAQC+Tw5fQ1llhTaOQkrl1FxV1VswmtYGwgleHCPi7kNYtIZ2kdobxPHgVkhlxcSy2u6aAvjV7idMzxJ0nSl0MrLqF1GVtyO+SMx+iDXJomtEN6hscMcn8S6DJCm4XyPZyur50Qn6K4KGrmSQ4ZK0VXShfteE6THR2+DoYBsWbD86+XOLOrPr8H5DOQxEYYq0K2usPpntyItOJ2RtolEo9Y9nzxSsioEvb31B4vFX0LfssWX/yFJorU1OLMSxgIXOZ0xzEPOV//GzqeOjBx5s5OIueUYevzSLR3qskiQkE/6JT0YSkVKLfF5z4N8ptZ+7vqZteZTaAZld9zYnsBx7cKob
        azcli_aks_live_test@example.com\\n\"\n      }\n     ]\n    }\n   },\n   \"servicePrincipalProfile\":
        {\n    \"clientId\":\"00000000-0000-0000-0000-000000000001\"\n   },\n   \"nodeResourceGroup\":
        \"MC_clitest000001_cliakstest000003_westus2\",\n   \"enableRBAC\": true,\n
        \  \"networkProfile\": {\n    \"networkPlugin\": \"kubenet\",\n    \"loadBalancerSku\":
        \"Standard\",\n    \"loadBalancerProfile\": {\n     \"managedOutboundIPs\":
        {\n      \"count\": 1\n     },\n     \"effectiveOutboundIPs\": [\n      {\n
        \      \"id\": \"/subscriptions/00000000-0000-0000-0000-000000000000/resourceGroups/MC_clitest000001_cliakstest000003_westus2/providers/Microsoft.Network/publicIPAddresses/f0bedb8c-4058-4cf8-8d4a-353f60f5b536\"\n
        \     }\n     ]\n    },\n    \"podCidr\": \"10.244.0.0/16\",\n    \"serviceCidr\":
        \"10.0.0.0/16\",\n    \"dnsServiceIP\": \"10.0.0.10\",\n    \"dockerBridgeCidr\":
        \"172.17.0.1/16\",\n    \"outboundType\": \"loadBalancer\",\n    \"podCidrs\":
        [\n     \"10.244.0.0/16\"\n    ],\n    \"serviceCidrs\": [\n     \"10.0.0.0/16\"\n
        \   ],\n    \"ipFamilies\": [\n     \"IPv4\"\n    ]\n   },\n   \"maxAgentPools\":
        100,\n   \"disableLocalAccounts\": false,\n   \"securityProfile\": {},\n   \"storageProfile\":
        {\n    \"diskCSIDriver\": {\n     \"enabled\": true\n    },\n    \"fileCSIDriver\":
        {\n     \"enabled\": true\n    },\n    \"snapshotController\": {\n     \"enabled\":
        true\n    }\n   },\n   \"oidcIssuerProfile\": {\n    \"enabled\": false\n
        \  },\n   \"workloadAutoScalerProfile\": {}\n  },\n  \"sku\": {\n   \"name\":
        \"Basic\",\n   \"tier\": \"Free\"\n  }\n }"
    headers:
      cache-control:
      - no-cache
      content-length:
      - '3353'
      content-type:
      - application/json
      date:
      - Wed, 15 Mar 2023 10:26:13 GMT
      expires:
      - '-1'
      pragma:
      - no-cache
      server:
      - nginx
      strict-transport-security:
      - max-age=31536000; includeSubDomains
      transfer-encoding:
      - chunked
      vary:
      - Accept-Encoding
      x-content-type-options:
      - nosniff
    status:
      code: 200
      message: OK
- request:
    body: null
    headers:
      Accept:
      - application/json
      Accept-Encoding:
      - gzip, deflate
      CommandName:
      - aks list
      Connection:
      - keep-alive
      ParameterSetName:
      - -g
      User-Agent:
      - AZURECLI/2.46.0 azsdk-python-azure-mgmt-containerservice/21.2.0 Python/3.8.10
        (Linux-5.15.0-1033-azure-x86_64-with-glibc2.29)
    method: GET
    uri: https://management.azure.com/subscriptions/00000000-0000-0000-0000-000000000000/resourceGroups/clitest000001/providers/Microsoft.ContainerService/managedClusters?api-version=2023-04-01
  response:
    body:
      string: "{\n  \"value\": [\n   {\n    \"id\": \"/subscriptions/00000000-0000-0000-0000-000000000000/resourcegroups/clitest000001/providers/Microsoft.ContainerService/managedClusters/cliakstest000003\",\n
        \   \"location\": \"westus2\",\n    \"name\": \"cliakstest000003\",\n    \"tags\":
        {\n     \"scenario_test\": \"\"\n    },\n    \"type\": \"Microsoft.ContainerService/ManagedClusters\",\n
        \   \"properties\": {\n     \"provisioningState\": \"Succeeded\",\n     \"powerState\":
        {\n      \"code\": \"Running\"\n     },\n     \"kubernetesVersion\": \"1.25.5\",\n
        \    \"currentKubernetesVersion\": \"1.25.5\",\n     \"dnsPrefix\": \"cliaksdns000004\",\n
        \    \"fqdn\": \"cliaksdns000004-dtwua7dk.hcp.westus2.azmk8s.io\",\n     \"azurePortalFQDN\":
        \"cliaksdns000004-dtwua7dk.portal.hcp.westus2.azmk8s.io\",\n     \"agentPoolProfiles\":
        [\n      {\n       \"name\": \"np000005\",\n       \"count\": 1,\n       \"vmSize\":
        \"Standard_DS2_v2\",\n       \"osDiskSizeGB\": 128,\n       \"osDiskType\":
        \"Managed\",\n       \"kubeletDiskType\": \"OS\",\n       \"maxPods\": 110,\n
        \      \"type\": \"VirtualMachineScaleSets\",\n       \"enableAutoScaling\":
        false,\n       \"provisioningState\": \"Succeeded\",\n       \"powerState\":
        {\n        \"code\": \"Running\"\n       },\n       \"orchestratorVersion\":
        \"1.25.5\",\n       \"currentOrchestratorVersion\": \"1.25.5\",\n       \"enableNodePublicIP\":
        false,\n       \"mode\": \"System\",\n       \"enableEncryptionAtHost\": false,\n
        \      \"enableUltraSSD\": false,\n       \"osType\": \"Linux\",\n       \"osSKU\":
        \"Ubuntu\",\n       \"nodeImageVersion\": \"AKSUbuntu-2204gen2containerd-2023.02.15\",\n
        \      \"upgradeSettings\": {},\n       \"enableFIPS\": false\n      }\n     ],\n
        \    \"linuxProfile\": {\n      \"adminUsername\": \"azureuser\",\n      \"ssh\":
        {\n       \"publicKeys\": [\n        {\n         \"keyData\": \"ssh-rsa AAAAB3NzaC1yc2EAAAADAQABAAABAQC+Tw5fQ1llhTaOQkrl1FxV1VswmtYGwgleHCPi7kNYtIZ2kdobxPHgVkhlxcSy2u6aAvjV7idMzxJ0nSl0MrLqF1GVtyO+SMx+iDXJomtEN6hscMcn8S6DJCm4XyPZyur50Qn6K4KGrmSQ4ZK0VXShfteE6THR2+DoYBsWbD86+XOLOrPr8H5DOQxEYYq0K2usPpntyItOJ2RtolEo9Y9nzxSsioEvb31B4vFX0LfssWX/yFJorU1OLMSxgIXOZ0xzEPOV//GzqeOjBx5s5OIueUYevzSLR3qskiQkE/6JT0YSkVKLfF5z4N8ptZ+7vqZteZTaAZld9zYnsBx7cKob
        azcli_aks_live_test@example.com\\n\"\n        }\n       ]\n      }\n     },\n
        \    \"servicePrincipalProfile\": {\n      \"clientId\":\"00000000-0000-0000-0000-000000000001\"\n
        \    },\n     \"nodeResourceGroup\": \"MC_clitest000001_cliakstest000003_westus2\",\n
        \    \"enableRBAC\": true,\n     \"networkProfile\": {\n      \"networkPlugin\":
        \"kubenet\",\n      \"loadBalancerSku\": \"Standard\",\n      \"loadBalancerProfile\":
        {\n       \"managedOutboundIPs\": {\n        \"count\": 1\n       },\n       \"effectiveOutboundIPs\":
        [\n        {\n         \"id\": \"/subscriptions/00000000-0000-0000-0000-000000000000/resourceGroups/MC_clitest000001_cliakstest000003_westus2/providers/Microsoft.Network/publicIPAddresses/f0bedb8c-4058-4cf8-8d4a-353f60f5b536\"\n
        \       }\n       ]\n      },\n      \"podCidr\": \"10.244.0.0/16\",\n      \"serviceCidr\":
        \"10.0.0.0/16\",\n      \"dnsServiceIP\": \"10.0.0.10\",\n      \"dockerBridgeCidr\":
        \"172.17.0.1/16\",\n      \"outboundType\": \"loadBalancer\",\n      \"podCidrs\":
        [\n       \"10.244.0.0/16\"\n      ],\n      \"serviceCidrs\": [\n       \"10.0.0.0/16\"\n
        \     ],\n      \"ipFamilies\": [\n       \"IPv4\"\n      ]\n     },\n     \"maxAgentPools\":
        100,\n     \"disableLocalAccounts\": false,\n     \"securityProfile\": {},\n
        \    \"storageProfile\": {\n      \"diskCSIDriver\": {\n       \"enabled\":
        true\n      },\n      \"fileCSIDriver\": {\n       \"enabled\": true\n      },\n
        \     \"snapshotController\": {\n       \"enabled\": true\n      }\n     },\n
        \    \"oidcIssuerProfile\": {\n      \"enabled\": false\n     },\n     \"workloadAutoScalerProfile\":
        {}\n    },\n    \"sku\": {\n     \"name\": \"Basic\",\n     \"tier\": \"Free\"\n
        \   }\n   }\n  ]\n }"
    headers:
      cache-control:
      - no-cache
      content-length:
      - '3602'
      content-type:
      - application/json
      date:
      - Wed, 15 Mar 2023 10:26:13 GMT
      expires:
      - '-1'
      pragma:
      - no-cache
      server:
      - nginx
      strict-transport-security:
      - max-age=31536000; includeSubDomains
      transfer-encoding:
      - chunked
      vary:
      - Accept-Encoding
      x-content-type-options:
      - nosniff
    status:
      code: 200
      message: OK
- request:
    body: null
    headers:
      Accept:
      - application/json
      Accept-Encoding:
      - gzip, deflate
      CommandName:
      - aks show
      Connection:
      - keep-alive
      ParameterSetName:
      - -g -n
      User-Agent:
      - AZURECLI/2.46.0 azsdk-python-azure-mgmt-containerservice/21.2.0 Python/3.8.10
        (Linux-5.15.0-1033-azure-x86_64-with-glibc2.29)
    method: GET
    uri: https://management.azure.com/subscriptions/00000000-0000-0000-0000-000000000000/resourceGroups/clitest000001/providers/Microsoft.ContainerService/managedClusters/cliakstest000003?api-version=2023-04-01
  response:
    body:
      string: "{\n  \"id\": \"/subscriptions/00000000-0000-0000-0000-000000000000/resourcegroups/clitest000001/providers/Microsoft.ContainerService/managedClusters/cliakstest000003\",\n
        \ \"location\": \"westus2\",\n  \"name\": \"cliakstest000003\",\n  \"tags\":
        {\n   \"scenario_test\": \"\"\n  },\n  \"type\": \"Microsoft.ContainerService/ManagedClusters\",\n
        \ \"properties\": {\n   \"provisioningState\": \"Succeeded\",\n   \"powerState\":
        {\n    \"code\": \"Running\"\n   },\n   \"kubernetesVersion\": \"1.25.5\",\n
        \  \"currentKubernetesVersion\": \"1.25.5\",\n   \"dnsPrefix\": \"cliaksdns000004\",\n
        \  \"fqdn\": \"cliaksdns000004-dtwua7dk.hcp.westus2.azmk8s.io\",\n   \"azurePortalFQDN\":
        \"cliaksdns000004-dtwua7dk.portal.hcp.westus2.azmk8s.io\",\n   \"agentPoolProfiles\":
        [\n    {\n     \"name\": \"np000005\",\n     \"count\": 1,\n     \"vmSize\":
        \"Standard_DS2_v2\",\n     \"osDiskSizeGB\": 128,\n     \"osDiskType\": \"Managed\",\n
        \    \"kubeletDiskType\": \"OS\",\n     \"maxPods\": 110,\n     \"type\":
        \"VirtualMachineScaleSets\",\n     \"enableAutoScaling\": false,\n     \"provisioningState\":
        \"Succeeded\",\n     \"powerState\": {\n      \"code\": \"Running\"\n     },\n
        \    \"orchestratorVersion\": \"1.25.5\",\n     \"currentOrchestratorVersion\":
        \"1.25.5\",\n     \"enableNodePublicIP\": false,\n     \"mode\": \"System\",\n
        \    \"enableEncryptionAtHost\": false,\n     \"enableUltraSSD\": false,\n
        \    \"osType\": \"Linux\",\n     \"osSKU\": \"Ubuntu\",\n     \"nodeImageVersion\":
        \"AKSUbuntu-2204gen2containerd-2023.02.15\",\n     \"upgradeSettings\": {},\n
        \    \"enableFIPS\": false\n    }\n   ],\n   \"linuxProfile\": {\n    \"adminUsername\":
        \"azureuser\",\n    \"ssh\": {\n     \"publicKeys\": [\n      {\n       \"keyData\":
        \"ssh-rsa AAAAB3NzaC1yc2EAAAADAQABAAABAQC+Tw5fQ1llhTaOQkrl1FxV1VswmtYGwgleHCPi7kNYtIZ2kdobxPHgVkhlxcSy2u6aAvjV7idMzxJ0nSl0MrLqF1GVtyO+SMx+iDXJomtEN6hscMcn8S6DJCm4XyPZyur50Qn6K4KGrmSQ4ZK0VXShfteE6THR2+DoYBsWbD86+XOLOrPr8H5DOQxEYYq0K2usPpntyItOJ2RtolEo9Y9nzxSsioEvb31B4vFX0LfssWX/yFJorU1OLMSxgIXOZ0xzEPOV//GzqeOjBx5s5OIueUYevzSLR3qskiQkE/6JT0YSkVKLfF5z4N8ptZ+7vqZteZTaAZld9zYnsBx7cKob
        azcli_aks_live_test@example.com\\n\"\n      }\n     ]\n    }\n   },\n   \"servicePrincipalProfile\":
        {\n    \"clientId\":\"00000000-0000-0000-0000-000000000001\"\n   },\n   \"nodeResourceGroup\":
        \"MC_clitest000001_cliakstest000003_westus2\",\n   \"enableRBAC\": true,\n
        \  \"networkProfile\": {\n    \"networkPlugin\": \"kubenet\",\n    \"loadBalancerSku\":
        \"Standard\",\n    \"loadBalancerProfile\": {\n     \"managedOutboundIPs\":
        {\n      \"count\": 1\n     },\n     \"effectiveOutboundIPs\": [\n      {\n
        \      \"id\": \"/subscriptions/00000000-0000-0000-0000-000000000000/resourceGroups/MC_clitest000001_cliakstest000003_westus2/providers/Microsoft.Network/publicIPAddresses/f0bedb8c-4058-4cf8-8d4a-353f60f5b536\"\n
        \     }\n     ]\n    },\n    \"podCidr\": \"10.244.0.0/16\",\n    \"serviceCidr\":
        \"10.0.0.0/16\",\n    \"dnsServiceIP\": \"10.0.0.10\",\n    \"dockerBridgeCidr\":
        \"172.17.0.1/16\",\n    \"outboundType\": \"loadBalancer\",\n    \"podCidrs\":
        [\n     \"10.244.0.0/16\"\n    ],\n    \"serviceCidrs\": [\n     \"10.0.0.0/16\"\n
        \   ],\n    \"ipFamilies\": [\n     \"IPv4\"\n    ]\n   },\n   \"maxAgentPools\":
        100,\n   \"disableLocalAccounts\": false,\n   \"securityProfile\": {},\n   \"storageProfile\":
        {\n    \"diskCSIDriver\": {\n     \"enabled\": true\n    },\n    \"fileCSIDriver\":
        {\n     \"enabled\": true\n    },\n    \"snapshotController\": {\n     \"enabled\":
        true\n    }\n   },\n   \"oidcIssuerProfile\": {\n    \"enabled\": false\n
        \  },\n   \"workloadAutoScalerProfile\": {}\n  },\n  \"sku\": {\n   \"name\":
        \"Basic\",\n   \"tier\": \"Free\"\n  }\n }"
    headers:
      cache-control:
      - no-cache
      content-length:
      - '3353'
      content-type:
      - application/json
      date:
      - Wed, 15 Mar 2023 10:26:14 GMT
      expires:
      - '-1'
      pragma:
      - no-cache
      server:
      - nginx
      strict-transport-security:
      - max-age=31536000; includeSubDomains
      transfer-encoding:
      - chunked
      vary:
      - Accept-Encoding
      x-content-type-options:
      - nosniff
    status:
      code: 200
      message: OK
- request:
    body: null
    headers:
      Accept:
      - application/json
      Accept-Encoding:
      - gzip, deflate
      CommandName:
      - aks scale
      Connection:
      - keep-alive
      ParameterSetName:
      - -g -n --nodepool-name --node-count
      User-Agent:
      - AZURECLI/2.46.0 azsdk-python-azure-mgmt-containerservice/21.2.0 Python/3.8.10
        (Linux-5.15.0-1033-azure-x86_64-with-glibc2.29)
    method: GET
    uri: https://management.azure.com/subscriptions/00000000-0000-0000-0000-000000000000/resourceGroups/clitest000001/providers/Microsoft.ContainerService/managedClusters/cliakstest000003?api-version=2023-04-01
  response:
    body:
      string: "{\n  \"id\": \"/subscriptions/00000000-0000-0000-0000-000000000000/resourcegroups/clitest000001/providers/Microsoft.ContainerService/managedClusters/cliakstest000003\",\n
        \ \"location\": \"westus2\",\n  \"name\": \"cliakstest000003\",\n  \"tags\":
        {\n   \"scenario_test\": \"\"\n  },\n  \"type\": \"Microsoft.ContainerService/ManagedClusters\",\n
        \ \"properties\": {\n   \"provisioningState\": \"Succeeded\",\n   \"powerState\":
        {\n    \"code\": \"Running\"\n   },\n   \"kubernetesVersion\": \"1.25.5\",\n
        \  \"currentKubernetesVersion\": \"1.25.5\",\n   \"dnsPrefix\": \"cliaksdns000004\",\n
        \  \"fqdn\": \"cliaksdns000004-dtwua7dk.hcp.westus2.azmk8s.io\",\n   \"azurePortalFQDN\":
        \"cliaksdns000004-dtwua7dk.portal.hcp.westus2.azmk8s.io\",\n   \"agentPoolProfiles\":
        [\n    {\n     \"name\": \"np000005\",\n     \"count\": 1,\n     \"vmSize\":
        \"Standard_DS2_v2\",\n     \"osDiskSizeGB\": 128,\n     \"osDiskType\": \"Managed\",\n
        \    \"kubeletDiskType\": \"OS\",\n     \"maxPods\": 110,\n     \"type\":
        \"VirtualMachineScaleSets\",\n     \"enableAutoScaling\": false,\n     \"provisioningState\":
        \"Succeeded\",\n     \"powerState\": {\n      \"code\": \"Running\"\n     },\n
        \    \"orchestratorVersion\": \"1.25.5\",\n     \"currentOrchestratorVersion\":
        \"1.25.5\",\n     \"enableNodePublicIP\": false,\n     \"mode\": \"System\",\n
        \    \"enableEncryptionAtHost\": false,\n     \"enableUltraSSD\": false,\n
        \    \"osType\": \"Linux\",\n     \"osSKU\": \"Ubuntu\",\n     \"nodeImageVersion\":
        \"AKSUbuntu-2204gen2containerd-2023.02.15\",\n     \"upgradeSettings\": {},\n
        \    \"enableFIPS\": false\n    }\n   ],\n   \"linuxProfile\": {\n    \"adminUsername\":
        \"azureuser\",\n    \"ssh\": {\n     \"publicKeys\": [\n      {\n       \"keyData\":
        \"ssh-rsa AAAAB3NzaC1yc2EAAAADAQABAAABAQC+Tw5fQ1llhTaOQkrl1FxV1VswmtYGwgleHCPi7kNYtIZ2kdobxPHgVkhlxcSy2u6aAvjV7idMzxJ0nSl0MrLqF1GVtyO+SMx+iDXJomtEN6hscMcn8S6DJCm4XyPZyur50Qn6K4KGrmSQ4ZK0VXShfteE6THR2+DoYBsWbD86+XOLOrPr8H5DOQxEYYq0K2usPpntyItOJ2RtolEo9Y9nzxSsioEvb31B4vFX0LfssWX/yFJorU1OLMSxgIXOZ0xzEPOV//GzqeOjBx5s5OIueUYevzSLR3qskiQkE/6JT0YSkVKLfF5z4N8ptZ+7vqZteZTaAZld9zYnsBx7cKob
        azcli_aks_live_test@example.com\\n\"\n      }\n     ]\n    }\n   },\n   \"servicePrincipalProfile\":
        {\n    \"clientId\":\"00000000-0000-0000-0000-000000000001\"\n   },\n   \"nodeResourceGroup\":
        \"MC_clitest000001_cliakstest000003_westus2\",\n   \"enableRBAC\": true,\n
        \  \"networkProfile\": {\n    \"networkPlugin\": \"kubenet\",\n    \"loadBalancerSku\":
        \"Standard\",\n    \"loadBalancerProfile\": {\n     \"managedOutboundIPs\":
        {\n      \"count\": 1\n     },\n     \"effectiveOutboundIPs\": [\n      {\n
        \      \"id\": \"/subscriptions/00000000-0000-0000-0000-000000000000/resourceGroups/MC_clitest000001_cliakstest000003_westus2/providers/Microsoft.Network/publicIPAddresses/f0bedb8c-4058-4cf8-8d4a-353f60f5b536\"\n
        \     }\n     ]\n    },\n    \"podCidr\": \"10.244.0.0/16\",\n    \"serviceCidr\":
        \"10.0.0.0/16\",\n    \"dnsServiceIP\": \"10.0.0.10\",\n    \"dockerBridgeCidr\":
        \"172.17.0.1/16\",\n    \"outboundType\": \"loadBalancer\",\n    \"podCidrs\":
        [\n     \"10.244.0.0/16\"\n    ],\n    \"serviceCidrs\": [\n     \"10.0.0.0/16\"\n
        \   ],\n    \"ipFamilies\": [\n     \"IPv4\"\n    ]\n   },\n   \"maxAgentPools\":
        100,\n   \"disableLocalAccounts\": false,\n   \"securityProfile\": {},\n   \"storageProfile\":
        {\n    \"diskCSIDriver\": {\n     \"enabled\": true\n    },\n    \"fileCSIDriver\":
        {\n     \"enabled\": true\n    },\n    \"snapshotController\": {\n     \"enabled\":
        true\n    }\n   },\n   \"oidcIssuerProfile\": {\n    \"enabled\": false\n
        \  },\n   \"workloadAutoScalerProfile\": {}\n  },\n  \"sku\": {\n   \"name\":
        \"Basic\",\n   \"tier\": \"Free\"\n  }\n }"
    headers:
      cache-control:
      - no-cache
      content-length:
      - '3353'
      content-type:
      - application/json
      date:
      - Wed, 15 Mar 2023 10:26:14 GMT
      expires:
      - '-1'
      pragma:
      - no-cache
      server:
      - nginx
      strict-transport-security:
      - max-age=31536000; includeSubDomains
      transfer-encoding:
      - chunked
      vary:
      - Accept-Encoding
      x-content-type-options:
      - nosniff
    status:
      code: 200
      message: OK
- request:
    body: '{"tags": {"scenario_test": ""}, "location": "westus2", "sku": {"name":
      "Basic", "tier": "Free"}, "properties": {"kubernetesVersion": "1.25.5", "dnsPrefix":
      "cliaksdns000004", "agentPoolProfiles": [{"count": 3, "vmSize": "Standard_DS2_v2",
      "osDiskSizeGB": 128, "osDiskType": "Managed", "kubeletDiskType": "OS", "maxPods":
      110, "osType": "Linux", "osSKU": "Ubuntu", "enableAutoScaling": false, "type":
      "VirtualMachineScaleSets", "mode": "System", "orchestratorVersion": "1.25.5",
      "upgradeSettings": {}, "powerState": {"code": "Running"}, "enableNodePublicIP":
      false, "enableEncryptionAtHost": false, "enableUltraSSD": false, "enableFIPS":
      false, "name": "np000005"}], "linuxProfile": {"adminUsername": "azureuser",
      "ssh": {"publicKeys": [{"keyData": "ssh-rsa AAAAB3NzaC1yc2EAAAADAQABAAABAQC+Tw5fQ1llhTaOQkrl1FxV1VswmtYGwgleHCPi7kNYtIZ2kdobxPHgVkhlxcSy2u6aAvjV7idMzxJ0nSl0MrLqF1GVtyO+SMx+iDXJomtEN6hscMcn8S6DJCm4XyPZyur50Qn6K4KGrmSQ4ZK0VXShfteE6THR2+DoYBsWbD86+XOLOrPr8H5DOQxEYYq0K2usPpntyItOJ2RtolEo9Y9nzxSsioEvb31B4vFX0LfssWX/yFJorU1OLMSxgIXOZ0xzEPOV//GzqeOjBx5s5OIueUYevzSLR3qskiQkE/6JT0YSkVKLfF5z4N8ptZ+7vqZteZTaAZld9zYnsBx7cKob
      azcli_aks_live_test@example.com\n"}]}}, "oidcIssuerProfile": {"enabled": false},
      "nodeResourceGroup": "MC_clitest000001_cliakstest000003_westus2", "enableRBAC":
      true, "networkProfile": {"networkPlugin": "kubenet", "podCidr": "10.244.0.0/16",
      "serviceCidr": "10.0.0.0/16", "dnsServiceIP": "10.0.0.10", "dockerBridgeCidr":
      "172.17.0.1/16", "outboundType": "loadBalancer", "loadBalancerSku": "Standard",
      "loadBalancerProfile": {"managedOutboundIPs": {"count": 1}, "effectiveOutboundIPs":
      [{"id": "/subscriptions/00000000-0000-0000-0000-000000000000/resourceGroups/MC_clitest000001_cliakstest000003_westus2/providers/Microsoft.Network/publicIPAddresses/f0bedb8c-4058-4cf8-8d4a-353f60f5b536"}]},
      "podCidrs": ["10.244.0.0/16"], "serviceCidrs": ["10.0.0.0/16"], "ipFamilies":
      ["IPv4"]}, "disableLocalAccounts": false, "securityProfile": {}, "storageProfile":
      {"diskCSIDriver": {"enabled": true}, "fileCSIDriver": {"enabled": true}, "snapshotController":
      {"enabled": true}}, "workloadAutoScalerProfile": {}}}'
    headers:
      Accept:
      - application/json
      Accept-Encoding:
      - gzip, deflate
      CommandName:
      - aks scale
      Connection:
      - keep-alive
      Content-Length:
      - '2130'
      Content-Type:
      - application/json
      ParameterSetName:
      - -g -n --nodepool-name --node-count
      User-Agent:
      - AZURECLI/2.46.0 azsdk-python-azure-mgmt-containerservice/21.2.0 Python/3.8.10
        (Linux-5.15.0-1033-azure-x86_64-with-glibc2.29)
    method: PUT
    uri: https://management.azure.com/subscriptions/00000000-0000-0000-0000-000000000000/resourceGroups/clitest000001/providers/Microsoft.ContainerService/managedClusters/cliakstest000003?api-version=2023-04-01
  response:
    body:
      string: "{\n  \"id\": \"/subscriptions/00000000-0000-0000-0000-000000000000/resourcegroups/clitest000001/providers/Microsoft.ContainerService/managedClusters/cliakstest000003\",\n
        \ \"location\": \"westus2\",\n  \"name\": \"cliakstest000003\",\n  \"tags\":
        {\n   \"scenario_test\": \"\"\n  },\n  \"type\": \"Microsoft.ContainerService/ManagedClusters\",\n
        \ \"properties\": {\n   \"provisioningState\": \"Updating\",\n   \"powerState\":
        {\n    \"code\": \"Running\"\n   },\n   \"kubernetesVersion\": \"1.25.5\",\n
        \  \"currentKubernetesVersion\": \"1.25.5\",\n   \"dnsPrefix\": \"cliaksdns000004\",\n
        \  \"fqdn\": \"cliaksdns000004-dtwua7dk.hcp.westus2.azmk8s.io\",\n   \"azurePortalFQDN\":
        \"cliaksdns000004-dtwua7dk.portal.hcp.westus2.azmk8s.io\",\n   \"agentPoolProfiles\":
        [\n    {\n     \"name\": \"np000005\",\n     \"count\": 3,\n     \"vmSize\":
        \"Standard_DS2_v2\",\n     \"osDiskSizeGB\": 128,\n     \"osDiskType\": \"Managed\",\n
        \    \"kubeletDiskType\": \"OS\",\n     \"maxPods\": 110,\n     \"type\":
        \"VirtualMachineScaleSets\",\n     \"enableAutoScaling\": false,\n     \"provisioningState\":
        \"Updating\",\n     \"powerState\": {\n      \"code\": \"Running\"\n     },\n
        \    \"orchestratorVersion\": \"1.25.5\",\n     \"currentOrchestratorVersion\":
        \"1.25.5\",\n     \"enableNodePublicIP\": false,\n     \"mode\": \"System\",\n
        \    \"enableEncryptionAtHost\": false,\n     \"enableUltraSSD\": false,\n
        \    \"osType\": \"Linux\",\n     \"osSKU\": \"Ubuntu\",\n     \"nodeImageVersion\":
        \"AKSUbuntu-2204gen2containerd-2023.02.15\",\n     \"upgradeSettings\": {},\n
        \    \"enableFIPS\": false\n    }\n   ],\n   \"linuxProfile\": {\n    \"adminUsername\":
        \"azureuser\",\n    \"ssh\": {\n     \"publicKeys\": [\n      {\n       \"keyData\":
        \"ssh-rsa AAAAB3NzaC1yc2EAAAADAQABAAABAQC+Tw5fQ1llhTaOQkrl1FxV1VswmtYGwgleHCPi7kNYtIZ2kdobxPHgVkhlxcSy2u6aAvjV7idMzxJ0nSl0MrLqF1GVtyO+SMx+iDXJomtEN6hscMcn8S6DJCm4XyPZyur50Qn6K4KGrmSQ4ZK0VXShfteE6THR2+DoYBsWbD86+XOLOrPr8H5DOQxEYYq0K2usPpntyItOJ2RtolEo9Y9nzxSsioEvb31B4vFX0LfssWX/yFJorU1OLMSxgIXOZ0xzEPOV//GzqeOjBx5s5OIueUYevzSLR3qskiQkE/6JT0YSkVKLfF5z4N8ptZ+7vqZteZTaAZld9zYnsBx7cKob
        azcli_aks_live_test@example.com\\n\"\n      }\n     ]\n    }\n   },\n   \"servicePrincipalProfile\":
        {\n    \"clientId\":\"00000000-0000-0000-0000-000000000001\"\n   },\n   \"nodeResourceGroup\":
        \"MC_clitest000001_cliakstest000003_westus2\",\n   \"enableRBAC\": true,\n
        \  \"networkProfile\": {\n    \"networkPlugin\": \"kubenet\",\n    \"loadBalancerSku\":
        \"Standard\",\n    \"loadBalancerProfile\": {\n     \"managedOutboundIPs\":
        {\n      \"count\": 1\n     },\n     \"effectiveOutboundIPs\": [\n      {\n
        \      \"id\": \"/subscriptions/00000000-0000-0000-0000-000000000000/resourceGroups/MC_clitest000001_cliakstest000003_westus2/providers/Microsoft.Network/publicIPAddresses/f0bedb8c-4058-4cf8-8d4a-353f60f5b536\"\n
        \     }\n     ]\n    },\n    \"podCidr\": \"10.244.0.0/16\",\n    \"serviceCidr\":
        \"10.0.0.0/16\",\n    \"dnsServiceIP\": \"10.0.0.10\",\n    \"dockerBridgeCidr\":
        \"172.17.0.1/16\",\n    \"outboundType\": \"loadBalancer\",\n    \"podCidrs\":
        [\n     \"10.244.0.0/16\"\n    ],\n    \"serviceCidrs\": [\n     \"10.0.0.0/16\"\n
        \   ],\n    \"ipFamilies\": [\n     \"IPv4\"\n    ]\n   },\n   \"maxAgentPools\":
        100,\n   \"disableLocalAccounts\": false,\n   \"securityProfile\": {},\n   \"storageProfile\":
        {\n    \"diskCSIDriver\": {\n     \"enabled\": true\n    },\n    \"fileCSIDriver\":
        {\n     \"enabled\": true\n    },\n    \"snapshotController\": {\n     \"enabled\":
        true\n    }\n   },\n   \"oidcIssuerProfile\": {\n    \"enabled\": false\n
        \  },\n   \"workloadAutoScalerProfile\": {}\n  },\n  \"sku\": {\n   \"name\":
        \"Basic\",\n   \"tier\": \"Free\"\n  }\n }"
    headers:
      azure-asyncoperation:
      - https://management.azure.com/subscriptions/00000000-0000-0000-0000-000000000000/providers/Microsoft.ContainerService/locations/westus2/operations/deeb48ce-b84e-4a31-b29f-c5ec0259ef14?api-version=2016-03-30
      cache-control:
      - no-cache
      content-length:
      - '3351'
      content-type:
      - application/json
      date:
      - Wed, 15 Mar 2023 10:26:18 GMT
      expires:
      - '-1'
      pragma:
      - no-cache
      server:
      - nginx
      strict-transport-security:
      - max-age=31536000; includeSubDomains
      transfer-encoding:
      - chunked
      vary:
      - Accept-Encoding
      x-content-type-options:
      - nosniff
      x-ms-ratelimit-remaining-subscription-writes:
      - '1199'
    status:
      code: 200
      message: OK
- request:
    body: null
    headers:
      Accept:
      - '*/*'
      Accept-Encoding:
      - gzip, deflate
      CommandName:
      - aks scale
      Connection:
      - keep-alive
      ParameterSetName:
      - -g -n --nodepool-name --node-count
      User-Agent:
      - AZURECLI/2.46.0 azsdk-python-azure-mgmt-containerservice/21.2.0 Python/3.8.10
        (Linux-5.15.0-1033-azure-x86_64-with-glibc2.29)
    method: GET
    uri: https://management.azure.com/subscriptions/00000000-0000-0000-0000-000000000000/providers/Microsoft.ContainerService/locations/westus2/operations/deeb48ce-b84e-4a31-b29f-c5ec0259ef14?api-version=2016-03-30
  response:
    body:
      string: "{\n  \"name\": \"ce48ebde-4eb8-314a-b29f-c5ec0259ef14\",\n  \"status\":
        \"InProgress\",\n  \"startTime\": \"2023-03-15T10:26:18.8107064Z\"\n }"
    headers:
      cache-control:
      - no-cache
      content-length:
      - '126'
      content-type:
      - application/json
      date:
      - Wed, 15 Mar 2023 10:26:48 GMT
      expires:
      - '-1'
      pragma:
      - no-cache
      server:
      - nginx
      strict-transport-security:
      - max-age=31536000; includeSubDomains
      transfer-encoding:
      - chunked
      vary:
      - Accept-Encoding
      x-content-type-options:
      - nosniff
    status:
      code: 200
      message: OK
- request:
    body: null
    headers:
      Accept:
      - '*/*'
      Accept-Encoding:
      - gzip, deflate
      CommandName:
      - aks scale
      Connection:
      - keep-alive
      ParameterSetName:
      - -g -n --nodepool-name --node-count
      User-Agent:
      - AZURECLI/2.46.0 azsdk-python-azure-mgmt-containerservice/21.2.0 Python/3.8.10
        (Linux-5.15.0-1033-azure-x86_64-with-glibc2.29)
    method: GET
    uri: https://management.azure.com/subscriptions/00000000-0000-0000-0000-000000000000/providers/Microsoft.ContainerService/locations/westus2/operations/deeb48ce-b84e-4a31-b29f-c5ec0259ef14?api-version=2016-03-30
  response:
    body:
      string: "{\n  \"name\": \"ce48ebde-4eb8-314a-b29f-c5ec0259ef14\",\n  \"status\":
        \"InProgress\",\n  \"startTime\": \"2023-03-15T10:26:18.8107064Z\"\n }"
    headers:
      cache-control:
      - no-cache
      content-length:
      - '126'
      content-type:
      - application/json
      date:
      - Wed, 15 Mar 2023 10:27:18 GMT
      expires:
      - '-1'
      pragma:
      - no-cache
      server:
      - nginx
      strict-transport-security:
      - max-age=31536000; includeSubDomains
      transfer-encoding:
      - chunked
      vary:
      - Accept-Encoding
      x-content-type-options:
      - nosniff
    status:
      code: 200
      message: OK
- request:
    body: null
    headers:
      Accept:
      - '*/*'
      Accept-Encoding:
      - gzip, deflate
      CommandName:
      - aks scale
      Connection:
      - keep-alive
      ParameterSetName:
      - -g -n --nodepool-name --node-count
      User-Agent:
      - AZURECLI/2.46.0 azsdk-python-azure-mgmt-containerservice/21.2.0 Python/3.8.10
        (Linux-5.15.0-1033-azure-x86_64-with-glibc2.29)
    method: GET
    uri: https://management.azure.com/subscriptions/00000000-0000-0000-0000-000000000000/providers/Microsoft.ContainerService/locations/westus2/operations/deeb48ce-b84e-4a31-b29f-c5ec0259ef14?api-version=2016-03-30
  response:
    body:
      string: "{\n  \"name\": \"ce48ebde-4eb8-314a-b29f-c5ec0259ef14\",\n  \"status\":
        \"InProgress\",\n  \"startTime\": \"2023-03-15T10:26:18.8107064Z\"\n }"
    headers:
      cache-control:
      - no-cache
      content-length:
      - '126'
      content-type:
      - application/json
      date:
      - Wed, 15 Mar 2023 10:27:48 GMT
      expires:
      - '-1'
      pragma:
      - no-cache
      server:
      - nginx
      strict-transport-security:
      - max-age=31536000; includeSubDomains
      transfer-encoding:
      - chunked
      vary:
      - Accept-Encoding
      x-content-type-options:
      - nosniff
    status:
      code: 200
      message: OK
- request:
    body: null
    headers:
      Accept:
      - '*/*'
      Accept-Encoding:
      - gzip, deflate
      CommandName:
      - aks scale
      Connection:
      - keep-alive
      ParameterSetName:
      - -g -n --nodepool-name --node-count
      User-Agent:
      - AZURECLI/2.46.0 azsdk-python-azure-mgmt-containerservice/21.2.0 Python/3.8.10
        (Linux-5.15.0-1033-azure-x86_64-with-glibc2.29)
    method: GET
    uri: https://management.azure.com/subscriptions/00000000-0000-0000-0000-000000000000/providers/Microsoft.ContainerService/locations/westus2/operations/deeb48ce-b84e-4a31-b29f-c5ec0259ef14?api-version=2016-03-30
  response:
    body:
      string: "{\n  \"name\": \"ce48ebde-4eb8-314a-b29f-c5ec0259ef14\",\n  \"status\":
        \"InProgress\",\n  \"startTime\": \"2023-03-15T10:26:18.8107064Z\"\n }"
    headers:
      cache-control:
      - no-cache
      content-length:
      - '126'
      content-type:
      - application/json
      date:
      - Wed, 15 Mar 2023 10:28:19 GMT
      expires:
      - '-1'
      pragma:
      - no-cache
      server:
      - nginx
      strict-transport-security:
      - max-age=31536000; includeSubDomains
      transfer-encoding:
      - chunked
      vary:
      - Accept-Encoding
      x-content-type-options:
      - nosniff
    status:
      code: 200
      message: OK
- request:
    body: null
    headers:
      Accept:
      - '*/*'
      Accept-Encoding:
      - gzip, deflate
      CommandName:
      - aks scale
      Connection:
      - keep-alive
      ParameterSetName:
      - -g -n --nodepool-name --node-count
      User-Agent:
      - AZURECLI/2.46.0 azsdk-python-azure-mgmt-containerservice/21.2.0 Python/3.8.10
        (Linux-5.15.0-1033-azure-x86_64-with-glibc2.29)
    method: GET
    uri: https://management.azure.com/subscriptions/00000000-0000-0000-0000-000000000000/providers/Microsoft.ContainerService/locations/westus2/operations/deeb48ce-b84e-4a31-b29f-c5ec0259ef14?api-version=2016-03-30
  response:
    body:
      string: "{\n  \"name\": \"ce48ebde-4eb8-314a-b29f-c5ec0259ef14\",\n  \"status\":
        \"InProgress\",\n  \"startTime\": \"2023-03-15T10:26:18.8107064Z\"\n }"
    headers:
      cache-control:
      - no-cache
      content-length:
      - '126'
      content-type:
      - application/json
      date:
      - Wed, 15 Mar 2023 10:28:48 GMT
      expires:
      - '-1'
      pragma:
      - no-cache
      server:
      - nginx
      strict-transport-security:
      - max-age=31536000; includeSubDomains
      transfer-encoding:
      - chunked
      vary:
      - Accept-Encoding
      x-content-type-options:
      - nosniff
    status:
      code: 200
      message: OK
- request:
    body: null
    headers:
      Accept:
      - '*/*'
      Accept-Encoding:
      - gzip, deflate
      CommandName:
      - aks scale
      Connection:
      - keep-alive
      ParameterSetName:
      - -g -n --nodepool-name --node-count
      User-Agent:
      - AZURECLI/2.46.0 azsdk-python-azure-mgmt-containerservice/21.2.0 Python/3.8.10
        (Linux-5.15.0-1033-azure-x86_64-with-glibc2.29)
    method: GET
    uri: https://management.azure.com/subscriptions/00000000-0000-0000-0000-000000000000/providers/Microsoft.ContainerService/locations/westus2/operations/deeb48ce-b84e-4a31-b29f-c5ec0259ef14?api-version=2016-03-30
  response:
    body:
      string: "{\n  \"name\": \"ce48ebde-4eb8-314a-b29f-c5ec0259ef14\",\n  \"status\":
        \"Succeeded\",\n  \"startTime\": \"2023-03-15T10:26:18.8107064Z\",\n  \"endTime\":
        \"2023-03-15T10:29:17.1255358Z\"\n }"
    headers:
      cache-control:
      - no-cache
      content-length:
      - '170'
      content-type:
      - application/json
      date:
      - Wed, 15 Mar 2023 10:29:19 GMT
      expires:
      - '-1'
      pragma:
      - no-cache
      server:
      - nginx
      strict-transport-security:
      - max-age=31536000; includeSubDomains
      transfer-encoding:
      - chunked
      vary:
      - Accept-Encoding
      x-content-type-options:
      - nosniff
    status:
      code: 200
      message: OK
- request:
    body: null
    headers:
      Accept:
      - '*/*'
      Accept-Encoding:
      - gzip, deflate
      CommandName:
      - aks scale
      Connection:
      - keep-alive
      ParameterSetName:
      - -g -n --nodepool-name --node-count
      User-Agent:
      - AZURECLI/2.46.0 azsdk-python-azure-mgmt-containerservice/21.2.0 Python/3.8.10
        (Linux-5.15.0-1033-azure-x86_64-with-glibc2.29)
    method: GET
    uri: https://management.azure.com/subscriptions/00000000-0000-0000-0000-000000000000/resourceGroups/clitest000001/providers/Microsoft.ContainerService/managedClusters/cliakstest000003?api-version=2023-04-01
  response:
    body:
      string: "{\n  \"id\": \"/subscriptions/00000000-0000-0000-0000-000000000000/resourcegroups/clitest000001/providers/Microsoft.ContainerService/managedClusters/cliakstest000003\",\n
        \ \"location\": \"westus2\",\n  \"name\": \"cliakstest000003\",\n  \"tags\":
        {\n   \"scenario_test\": \"\"\n  },\n  \"type\": \"Microsoft.ContainerService/ManagedClusters\",\n
        \ \"properties\": {\n   \"provisioningState\": \"Succeeded\",\n   \"powerState\":
        {\n    \"code\": \"Running\"\n   },\n   \"kubernetesVersion\": \"1.25.5\",\n
        \  \"currentKubernetesVersion\": \"1.25.5\",\n   \"dnsPrefix\": \"cliaksdns000004\",\n
        \  \"fqdn\": \"cliaksdns000004-dtwua7dk.hcp.westus2.azmk8s.io\",\n   \"azurePortalFQDN\":
        \"cliaksdns000004-dtwua7dk.portal.hcp.westus2.azmk8s.io\",\n   \"agentPoolProfiles\":
        [\n    {\n     \"name\": \"np000005\",\n     \"count\": 3,\n     \"vmSize\":
        \"Standard_DS2_v2\",\n     \"osDiskSizeGB\": 128,\n     \"osDiskType\": \"Managed\",\n
        \    \"kubeletDiskType\": \"OS\",\n     \"maxPods\": 110,\n     \"type\":
        \"VirtualMachineScaleSets\",\n     \"enableAutoScaling\": false,\n     \"provisioningState\":
        \"Succeeded\",\n     \"powerState\": {\n      \"code\": \"Running\"\n     },\n
        \    \"orchestratorVersion\": \"1.25.5\",\n     \"currentOrchestratorVersion\":
        \"1.25.5\",\n     \"enableNodePublicIP\": false,\n     \"mode\": \"System\",\n
        \    \"enableEncryptionAtHost\": false,\n     \"enableUltraSSD\": false,\n
        \    \"osType\": \"Linux\",\n     \"osSKU\": \"Ubuntu\",\n     \"nodeImageVersion\":
        \"AKSUbuntu-2204gen2containerd-2023.02.15\",\n     \"upgradeSettings\": {},\n
        \    \"enableFIPS\": false\n    }\n   ],\n   \"linuxProfile\": {\n    \"adminUsername\":
        \"azureuser\",\n    \"ssh\": {\n     \"publicKeys\": [\n      {\n       \"keyData\":
        \"ssh-rsa AAAAB3NzaC1yc2EAAAADAQABAAABAQC+Tw5fQ1llhTaOQkrl1FxV1VswmtYGwgleHCPi7kNYtIZ2kdobxPHgVkhlxcSy2u6aAvjV7idMzxJ0nSl0MrLqF1GVtyO+SMx+iDXJomtEN6hscMcn8S6DJCm4XyPZyur50Qn6K4KGrmSQ4ZK0VXShfteE6THR2+DoYBsWbD86+XOLOrPr8H5DOQxEYYq0K2usPpntyItOJ2RtolEo9Y9nzxSsioEvb31B4vFX0LfssWX/yFJorU1OLMSxgIXOZ0xzEPOV//GzqeOjBx5s5OIueUYevzSLR3qskiQkE/6JT0YSkVKLfF5z4N8ptZ+7vqZteZTaAZld9zYnsBx7cKob
        azcli_aks_live_test@example.com\\n\"\n      }\n     ]\n    }\n   },\n   \"servicePrincipalProfile\":
        {\n    \"clientId\":\"00000000-0000-0000-0000-000000000001\"\n   },\n   \"nodeResourceGroup\":
        \"MC_clitest000001_cliakstest000003_westus2\",\n   \"enableRBAC\": true,\n
        \  \"networkProfile\": {\n    \"networkPlugin\": \"kubenet\",\n    \"loadBalancerSku\":
        \"Standard\",\n    \"loadBalancerProfile\": {\n     \"managedOutboundIPs\":
        {\n      \"count\": 1\n     },\n     \"effectiveOutboundIPs\": [\n      {\n
        \      \"id\": \"/subscriptions/00000000-0000-0000-0000-000000000000/resourceGroups/MC_clitest000001_cliakstest000003_westus2/providers/Microsoft.Network/publicIPAddresses/f0bedb8c-4058-4cf8-8d4a-353f60f5b536\"\n
        \     }\n     ]\n    },\n    \"podCidr\": \"10.244.0.0/16\",\n    \"serviceCidr\":
        \"10.0.0.0/16\",\n    \"dnsServiceIP\": \"10.0.0.10\",\n    \"dockerBridgeCidr\":
        \"172.17.0.1/16\",\n    \"outboundType\": \"loadBalancer\",\n    \"podCidrs\":
        [\n     \"10.244.0.0/16\"\n    ],\n    \"serviceCidrs\": [\n     \"10.0.0.0/16\"\n
        \   ],\n    \"ipFamilies\": [\n     \"IPv4\"\n    ]\n   },\n   \"maxAgentPools\":
        100,\n   \"disableLocalAccounts\": false,\n   \"securityProfile\": {},\n   \"storageProfile\":
        {\n    \"diskCSIDriver\": {\n     \"enabled\": true\n    },\n    \"fileCSIDriver\":
        {\n     \"enabled\": true\n    },\n    \"snapshotController\": {\n     \"enabled\":
        true\n    }\n   },\n   \"oidcIssuerProfile\": {\n    \"enabled\": false\n
        \  },\n   \"workloadAutoScalerProfile\": {}\n  },\n  \"sku\": {\n   \"name\":
        \"Basic\",\n   \"tier\": \"Free\"\n  }\n }"
    headers:
      cache-control:
      - no-cache
      content-length:
      - '3353'
      content-type:
      - application/json
      date:
      - Wed, 15 Mar 2023 10:29:19 GMT
      expires:
      - '-1'
      pragma:
      - no-cache
      server:
      - nginx
      strict-transport-security:
      - max-age=31536000; includeSubDomains
      transfer-encoding:
      - chunked
      vary:
      - Accept-Encoding
      x-content-type-options:
      - nosniff
    status:
      code: 200
      message: OK
- request:
    body: null
    headers:
      Accept:
      - application/json
      Accept-Encoding:
      - gzip, deflate
      CommandName:
      - aks show
      Connection:
      - keep-alive
      ParameterSetName:
      - -g -n
      User-Agent:
      - AZURECLI/2.46.0 azsdk-python-azure-mgmt-containerservice/21.2.0 Python/3.8.10
        (Linux-5.15.0-1033-azure-x86_64-with-glibc2.29)
    method: GET
    uri: https://management.azure.com/subscriptions/00000000-0000-0000-0000-000000000000/resourceGroups/clitest000001/providers/Microsoft.ContainerService/managedClusters/cliakstest000003?api-version=2023-04-01
  response:
    body:
      string: "{\n  \"id\": \"/subscriptions/00000000-0000-0000-0000-000000000000/resourcegroups/clitest000001/providers/Microsoft.ContainerService/managedClusters/cliakstest000003\",\n
        \ \"location\": \"westus2\",\n  \"name\": \"cliakstest000003\",\n  \"tags\":
        {\n   \"scenario_test\": \"\"\n  },\n  \"type\": \"Microsoft.ContainerService/ManagedClusters\",\n
        \ \"properties\": {\n   \"provisioningState\": \"Succeeded\",\n   \"powerState\":
        {\n    \"code\": \"Running\"\n   },\n   \"kubernetesVersion\": \"1.25.5\",\n
        \  \"currentKubernetesVersion\": \"1.25.5\",\n   \"dnsPrefix\": \"cliaksdns000004\",\n
        \  \"fqdn\": \"cliaksdns000004-dtwua7dk.hcp.westus2.azmk8s.io\",\n   \"azurePortalFQDN\":
        \"cliaksdns000004-dtwua7dk.portal.hcp.westus2.azmk8s.io\",\n   \"agentPoolProfiles\":
        [\n    {\n     \"name\": \"np000005\",\n     \"count\": 3,\n     \"vmSize\":
        \"Standard_DS2_v2\",\n     \"osDiskSizeGB\": 128,\n     \"osDiskType\": \"Managed\",\n
        \    \"kubeletDiskType\": \"OS\",\n     \"maxPods\": 110,\n     \"type\":
        \"VirtualMachineScaleSets\",\n     \"enableAutoScaling\": false,\n     \"provisioningState\":
        \"Succeeded\",\n     \"powerState\": {\n      \"code\": \"Running\"\n     },\n
        \    \"orchestratorVersion\": \"1.25.5\",\n     \"currentOrchestratorVersion\":
        \"1.25.5\",\n     \"enableNodePublicIP\": false,\n     \"mode\": \"System\",\n
        \    \"enableEncryptionAtHost\": false,\n     \"enableUltraSSD\": false,\n
        \    \"osType\": \"Linux\",\n     \"osSKU\": \"Ubuntu\",\n     \"nodeImageVersion\":
        \"AKSUbuntu-2204gen2containerd-2023.02.15\",\n     \"upgradeSettings\": {},\n
        \    \"enableFIPS\": false\n    }\n   ],\n   \"linuxProfile\": {\n    \"adminUsername\":
        \"azureuser\",\n    \"ssh\": {\n     \"publicKeys\": [\n      {\n       \"keyData\":
        \"ssh-rsa AAAAB3NzaC1yc2EAAAADAQABAAABAQC+Tw5fQ1llhTaOQkrl1FxV1VswmtYGwgleHCPi7kNYtIZ2kdobxPHgVkhlxcSy2u6aAvjV7idMzxJ0nSl0MrLqF1GVtyO+SMx+iDXJomtEN6hscMcn8S6DJCm4XyPZyur50Qn6K4KGrmSQ4ZK0VXShfteE6THR2+DoYBsWbD86+XOLOrPr8H5DOQxEYYq0K2usPpntyItOJ2RtolEo9Y9nzxSsioEvb31B4vFX0LfssWX/yFJorU1OLMSxgIXOZ0xzEPOV//GzqeOjBx5s5OIueUYevzSLR3qskiQkE/6JT0YSkVKLfF5z4N8ptZ+7vqZteZTaAZld9zYnsBx7cKob
        azcli_aks_live_test@example.com\\n\"\n      }\n     ]\n    }\n   },\n   \"servicePrincipalProfile\":
        {\n    \"clientId\":\"00000000-0000-0000-0000-000000000001\"\n   },\n   \"nodeResourceGroup\":
        \"MC_clitest000001_cliakstest000003_westus2\",\n   \"enableRBAC\": true,\n
        \  \"networkProfile\": {\n    \"networkPlugin\": \"kubenet\",\n    \"loadBalancerSku\":
        \"Standard\",\n    \"loadBalancerProfile\": {\n     \"managedOutboundIPs\":
        {\n      \"count\": 1\n     },\n     \"effectiveOutboundIPs\": [\n      {\n
        \      \"id\": \"/subscriptions/00000000-0000-0000-0000-000000000000/resourceGroups/MC_clitest000001_cliakstest000003_westus2/providers/Microsoft.Network/publicIPAddresses/f0bedb8c-4058-4cf8-8d4a-353f60f5b536\"\n
        \     }\n     ]\n    },\n    \"podCidr\": \"10.244.0.0/16\",\n    \"serviceCidr\":
        \"10.0.0.0/16\",\n    \"dnsServiceIP\": \"10.0.0.10\",\n    \"dockerBridgeCidr\":
        \"172.17.0.1/16\",\n    \"outboundType\": \"loadBalancer\",\n    \"podCidrs\":
        [\n     \"10.244.0.0/16\"\n    ],\n    \"serviceCidrs\": [\n     \"10.0.0.0/16\"\n
        \   ],\n    \"ipFamilies\": [\n     \"IPv4\"\n    ]\n   },\n   \"maxAgentPools\":
        100,\n   \"disableLocalAccounts\": false,\n   \"securityProfile\": {},\n   \"storageProfile\":
        {\n    \"diskCSIDriver\": {\n     \"enabled\": true\n    },\n    \"fileCSIDriver\":
        {\n     \"enabled\": true\n    },\n    \"snapshotController\": {\n     \"enabled\":
        true\n    }\n   },\n   \"oidcIssuerProfile\": {\n    \"enabled\": false\n
        \  },\n   \"workloadAutoScalerProfile\": {}\n  },\n  \"sku\": {\n   \"name\":
        \"Basic\",\n   \"tier\": \"Free\"\n  }\n }"
    headers:
      cache-control:
      - no-cache
      content-length:
      - '3353'
      content-type:
      - application/json
      date:
      - Wed, 15 Mar 2023 10:29:20 GMT
      expires:
      - '-1'
      pragma:
      - no-cache
      server:
      - nginx
      strict-transport-security:
      - max-age=31536000; includeSubDomains
      transfer-encoding:
      - chunked
      vary:
      - Accept-Encoding
      x-content-type-options:
      - nosniff
    status:
      code: 200
      message: OK
- request:
    body: null
    headers:
      Accept:
      - application/json
      Accept-Encoding:
      - gzip, deflate
      CommandName:
      - aks delete
      Connection:
      - keep-alive
      Content-Length:
      - '0'
      ParameterSetName:
      - -g -n --yes
      User-Agent:
      - AZURECLI/2.46.0 azsdk-python-azure-mgmt-containerservice/21.2.0 Python/3.8.10
        (Linux-5.15.0-1033-azure-x86_64-with-glibc2.29)
    method: DELETE
    uri: https://management.azure.com/subscriptions/00000000-0000-0000-0000-000000000000/resourceGroups/clitest000001/providers/Microsoft.ContainerService/managedClusters/cliakstest000003?api-version=2023-04-01
  response:
    body:
      string: ''
    headers:
      azure-asyncoperation:
      - https://management.azure.com/subscriptions/00000000-0000-0000-0000-000000000000/providers/Microsoft.ContainerService/locations/westus2/operations/7f97f9f6-f94e-4969-a4e9-b5cbde41e5b3?api-version=2016-03-30
      cache-control:
      - no-cache
      content-length:
      - '0'
      date:
      - Wed, 15 Mar 2023 10:29:20 GMT
      expires:
      - '-1'
      location:
      - https://management.azure.com/subscriptions/00000000-0000-0000-0000-000000000000/providers/Microsoft.ContainerService/locations/westus2/operationresults/7f97f9f6-f94e-4969-a4e9-b5cbde41e5b3?api-version=2016-03-30
      pragma:
      - no-cache
      server:
      - nginx
      strict-transport-security:
      - max-age=31536000; includeSubDomains
      x-content-type-options:
      - nosniff
      x-ms-ratelimit-remaining-subscription-deletes:
      - '14999'
    status:
      code: 202
      message: Accepted
- request:
    body: null
    headers:
      Accept:
      - '*/*'
      Accept-Encoding:
      - gzip, deflate
      CommandName:
      - aks delete
      Connection:
      - keep-alive
      ParameterSetName:
      - -g -n --yes
      User-Agent:
      - AZURECLI/2.46.0 azsdk-python-azure-mgmt-containerservice/21.2.0 Python/3.8.10
        (Linux-5.15.0-1033-azure-x86_64-with-glibc2.29)
    method: GET
    uri: https://management.azure.com/subscriptions/00000000-0000-0000-0000-000000000000/providers/Microsoft.ContainerService/locations/westus2/operations/7f97f9f6-f94e-4969-a4e9-b5cbde41e5b3?api-version=2016-03-30
  response:
    body:
      string: "{\n  \"name\": \"f6f9977f-4ef9-6949-a4e9-b5cbde41e5b3\",\n  \"status\":
        \"InProgress\",\n  \"startTime\": \"2023-03-15T10:29:21.4832684Z\"\n }"
    headers:
      cache-control:
      - no-cache
      content-length:
      - '126'
      content-type:
      - application/json
      date:
      - Wed, 15 Mar 2023 10:29:51 GMT
      expires:
      - '-1'
      pragma:
      - no-cache
      server:
      - nginx
      strict-transport-security:
      - max-age=31536000; includeSubDomains
      transfer-encoding:
      - chunked
      vary:
      - Accept-Encoding
      x-content-type-options:
      - nosniff
    status:
      code: 200
      message: OK
- request:
    body: null
    headers:
      Accept:
      - '*/*'
      Accept-Encoding:
      - gzip, deflate
      CommandName:
      - aks delete
      Connection:
      - keep-alive
      ParameterSetName:
      - -g -n --yes
      User-Agent:
      - AZURECLI/2.46.0 azsdk-python-azure-mgmt-containerservice/21.2.0 Python/3.8.10
        (Linux-5.15.0-1033-azure-x86_64-with-glibc2.29)
    method: GET
    uri: https://management.azure.com/subscriptions/00000000-0000-0000-0000-000000000000/providers/Microsoft.ContainerService/locations/westus2/operations/7f97f9f6-f94e-4969-a4e9-b5cbde41e5b3?api-version=2016-03-30
  response:
    body:
      string: "{\n  \"name\": \"f6f9977f-4ef9-6949-a4e9-b5cbde41e5b3\",\n  \"status\":
        \"InProgress\",\n  \"startTime\": \"2023-03-15T10:29:21.4832684Z\"\n }"
    headers:
      cache-control:
      - no-cache
      content-length:
      - '126'
      content-type:
      - application/json
      date:
      - Wed, 15 Mar 2023 10:30:21 GMT
      expires:
      - '-1'
      pragma:
      - no-cache
      server:
      - nginx
      strict-transport-security:
      - max-age=31536000; includeSubDomains
      transfer-encoding:
      - chunked
      vary:
      - Accept-Encoding
      x-content-type-options:
      - nosniff
    status:
      code: 200
      message: OK
- request:
    body: null
    headers:
      Accept:
      - '*/*'
      Accept-Encoding:
      - gzip, deflate
      CommandName:
      - aks delete
      Connection:
      - keep-alive
      ParameterSetName:
      - -g -n --yes
      User-Agent:
      - AZURECLI/2.46.0 azsdk-python-azure-mgmt-containerservice/21.2.0 Python/3.8.10
        (Linux-5.15.0-1033-azure-x86_64-with-glibc2.29)
    method: GET
    uri: https://management.azure.com/subscriptions/00000000-0000-0000-0000-000000000000/providers/Microsoft.ContainerService/locations/westus2/operations/7f97f9f6-f94e-4969-a4e9-b5cbde41e5b3?api-version=2016-03-30
  response:
    body:
      string: "{\n  \"name\": \"f6f9977f-4ef9-6949-a4e9-b5cbde41e5b3\",\n  \"status\":
        \"InProgress\",\n  \"startTime\": \"2023-03-15T10:29:21.4832684Z\"\n }"
    headers:
      cache-control:
      - no-cache
      content-length:
      - '126'
      content-type:
      - application/json
      date:
      - Wed, 15 Mar 2023 10:30:51 GMT
      expires:
      - '-1'
      pragma:
      - no-cache
      server:
      - nginx
      strict-transport-security:
      - max-age=31536000; includeSubDomains
      transfer-encoding:
      - chunked
      vary:
      - Accept-Encoding
      x-content-type-options:
      - nosniff
    status:
      code: 200
      message: OK
- request:
    body: null
    headers:
      Accept:
      - '*/*'
      Accept-Encoding:
      - gzip, deflate
      CommandName:
      - aks delete
      Connection:
      - keep-alive
      ParameterSetName:
      - -g -n --yes
      User-Agent:
      - AZURECLI/2.46.0 azsdk-python-azure-mgmt-containerservice/21.2.0 Python/3.8.10
        (Linux-5.15.0-1033-azure-x86_64-with-glibc2.29)
    method: GET
    uri: https://management.azure.com/subscriptions/00000000-0000-0000-0000-000000000000/providers/Microsoft.ContainerService/locations/westus2/operations/7f97f9f6-f94e-4969-a4e9-b5cbde41e5b3?api-version=2016-03-30
  response:
    body:
      string: "{\n  \"name\": \"f6f9977f-4ef9-6949-a4e9-b5cbde41e5b3\",\n  \"status\":
        \"InProgress\",\n  \"startTime\": \"2023-03-15T10:29:21.4832684Z\"\n }"
    headers:
      cache-control:
      - no-cache
      content-length:
      - '126'
      content-type:
      - application/json
      date:
      - Wed, 15 Mar 2023 10:31:21 GMT
      expires:
      - '-1'
      pragma:
      - no-cache
      server:
      - nginx
      strict-transport-security:
      - max-age=31536000; includeSubDomains
      transfer-encoding:
      - chunked
      vary:
      - Accept-Encoding
      x-content-type-options:
      - nosniff
    status:
      code: 200
      message: OK
- request:
    body: null
    headers:
      Accept:
      - '*/*'
      Accept-Encoding:
      - gzip, deflate
      CommandName:
      - aks delete
      Connection:
      - keep-alive
      ParameterSetName:
      - -g -n --yes
      User-Agent:
      - AZURECLI/2.46.0 azsdk-python-azure-mgmt-containerservice/21.2.0 Python/3.8.10
        (Linux-5.15.0-1033-azure-x86_64-with-glibc2.29)
    method: GET
    uri: https://management.azure.com/subscriptions/00000000-0000-0000-0000-000000000000/providers/Microsoft.ContainerService/locations/westus2/operations/7f97f9f6-f94e-4969-a4e9-b5cbde41e5b3?api-version=2016-03-30
  response:
    body:
      string: "{\n  \"name\": \"f6f9977f-4ef9-6949-a4e9-b5cbde41e5b3\",\n  \"status\":
        \"Succeeded\",\n  \"startTime\": \"2023-03-15T10:29:21.4832684Z\",\n  \"endTime\":
        \"2023-03-15T10:31:27.0524842Z\"\n }"
    headers:
      cache-control:
      - no-cache
      content-length:
      - '170'
      content-type:
      - application/json
      date:
      - Wed, 15 Mar 2023 10:31:52 GMT
      expires:
      - '-1'
      pragma:
      - no-cache
      server:
      - nginx
      strict-transport-security:
      - max-age=31536000; includeSubDomains
      transfer-encoding:
      - chunked
      vary:
      - Accept-Encoding
      x-content-type-options:
      - nosniff
    status:
      code: 200
      message: OK
- request:
    body: null
    headers:
      Accept:
      - application/json
      Accept-Encoding:
      - gzip, deflate
      CommandName:
      - aks show
      Connection:
      - keep-alive
      ParameterSetName:
      - -g -n
      User-Agent:
      - AZURECLI/2.46.0 azsdk-python-azure-mgmt-containerservice/21.2.0 Python/3.8.10
        (Linux-5.15.0-1033-azure-x86_64-with-glibc2.29)
    method: GET
    uri: https://management.azure.com/subscriptions/00000000-0000-0000-0000-000000000000/resourceGroups/clitest000001/providers/Microsoft.ContainerService/managedClusters/cliakstest000003?api-version=2023-04-01
  response:
    body:
      string: '{"error":{"code":"ResourceNotFound","message":"The Resource ''Microsoft.ContainerService/managedClusters/cliakstest000003''
        under resource group ''clitest000001'' was not found. For more details please
        go to https://aka.ms/ARMResourceNotFoundFix"}}'
    headers:
      cache-control:
      - no-cache
      content-length:
      - '244'
      content-type:
      - application/json; charset=utf-8
      date:
      - Wed, 15 Mar 2023 10:31:51 GMT
      expires:
      - '-1'
      pragma:
      - no-cache
      strict-transport-security:
      - max-age=31536000; includeSubDomains
      x-content-type-options:
      - nosniff
      x-ms-failure-cause:
      - gateway
    status:
      code: 404
      message: Not Found
version: 1
