interactions:
- request:
    body: null
    headers:
      Accept:
      - application/json
      Accept-Encoding:
      - gzip, deflate
      CommandName:
      - aks create
      Connection:
      - keep-alive
      ParameterSetName:
      - --resource-group --name --enable-private-cluster --disable-public-fqdn --node-count
        --ssh-key-value
      User-Agent:
      - AZURECLI/2.34.1 azsdk-python-azure-mgmt-resource/20.0.0 Python/3.8.10 (Linux-5.13.0-1017-azure-x86_64-with-glibc2.29)
    method: GET
    uri: https://management.azure.com/subscriptions/00000000-0000-0000-0000-000000000000/resourcegroups/clitest000001?api-version=2021-04-01
  response:
    body:
      string: '{"id":"/subscriptions/00000000-0000-0000-0000-000000000000/resourceGroups/clitest000001","name":"clitest000001","type":"Microsoft.Resources/resourceGroups","location":"westus2","tags":{"product":"azurecli","cause":"automation","date":"2022-03-25T04:37:25Z"},"properties":{"provisioningState":"Succeeded"}}'
    headers:
      cache-control:
      - no-cache
      content-length:
      - '305'
      content-type:
      - application/json; charset=utf-8
      date:
      - Fri, 25 Mar 2022 04:37:24 GMT
      expires:
      - '-1'
      pragma:
      - no-cache
      strict-transport-security:
      - max-age=31536000; includeSubDomains
      vary:
      - Accept-Encoding
      x-content-type-options:
      - nosniff
    status:
      code: 200
      message: OK
- request:
    body: '{"location": "westus2", "identity": {"type": "SystemAssigned"}, "properties":
      {"kubernetesVersion": "", "dnsPrefix": "cliakstest-clitest3d222fegp-79a739",
      "agentPoolProfiles": [{"count": 1, "vmSize": "Standard_DS2_v2", "osType": "Linux",
      "enableAutoScaling": false, "type": "VirtualMachineScaleSets", "mode": "System",
      "enableNodePublicIP": false, "scaleSetPriority": "Regular", "scaleSetEvictionPolicy":
      "Delete", "spotMaxPrice": -1.0, "enableEncryptionAtHost": false, "enableUltraSSD":
      false, "enableFIPS": false, "name": "nodepool1"}], "linuxProfile": {"adminUsername":
      "azureuser", "ssh": {"publicKeys": [{"keyData": "ssh-rsa AAAAB3NzaC1yc2EAAAADAQABAAABAQDb7ZVBup3y1RYbGDyGyuOQrULWhQSzhTifTEMKG0Lc5hnGPJY8GGKIRx4MDxX03aVBY3izux3vtYV9U+fwqoj6MmhK8uFMXq62IoY5wDlE1dLqsSGkt486bYqIIlWw0JcMRTI2uqCgkFvOvi8yKgFg41Vhg8yxJNrH5xNpE8+a6bLxOezjYx6niDEZYR+lASfdWpAr9C8HftZ9UMC93JPRqgI/iswHkQiz7AjeBnw8dhek0PJ/sLausN27KVhcH0pbTxpX9eQntAeHAKRQAJyWmdQ+7gueqE/VDukCjanQi0zKQvAhaeFiMsthqM6vNzAlqT4gpEzqwJLQgz8vjGFt
      azcli_aks_live_test@example.com\n"}]}}, "addonProfiles": {}, "enableRBAC": true,
      "networkProfile": {"networkPlugin": "kubenet", "podCidr": "10.244.0.0/16", "serviceCidr":
      "10.0.0.0/16", "dnsServiceIP": "10.0.0.10", "dockerBridgeCidr": "172.17.0.1/16",
      "outboundType": "loadBalancer", "loadBalancerSku": "standard"}, "apiServerAccessProfile":
      {"authorizedIPRanges": [], "enablePrivateCluster": true, "enablePrivateClusterPublicFQDN":
      false}, "disableLocalAccounts": false}}'
    headers:
      Accept:
      - application/json
      Accept-Encoding:
      - gzip, deflate
      CommandName:
      - aks create
      Connection:
      - keep-alive
      Content-Length:
      - '1475'
      Content-Type:
      - application/json
      ParameterSetName:
      - --resource-group --name --enable-private-cluster --disable-public-fqdn --node-count
        --ssh-key-value
      User-Agent:
      - AZURECLI/2.34.1 azsdk-python-azure-mgmt-containerservice/18.0.0 Python/3.8.10
        (Linux-5.13.0-1017-azure-x86_64-with-glibc2.29)
    method: PUT
    uri: https://management.azure.com/subscriptions/00000000-0000-0000-0000-000000000000/resourceGroups/clitest000001/providers/Microsoft.ContainerService/managedClusters/cliakstest000001?api-version=2022-02-01
  response:
    body:
      string: "{\n  \"id\": \"/subscriptions/00000000-0000-0000-0000-000000000000/resourcegroups/clitest000001/providers/Microsoft.ContainerService/managedClusters/cliakstest000001\",\n
        \ \"location\": \"westus2\",\n  \"name\": \"cliakstest000001\",\n  \"type\":
        \"Microsoft.ContainerService/ManagedClusters\",\n  \"properties\": {\n   \"provisioningState\":
        \"Creating\",\n   \"powerState\": {\n    \"code\": \"Running\"\n   },\n   \"kubernetesVersion\":
        \"1.21.9\",\n   \"currentKubernetesVersion\": \"1.21.9\",\n   \"dnsPrefix\":
        \"cliakstest-clitest3d222fegp-79a739\",\n   \"azurePortalFQDN\": \"50846ce8baec09adf19df2090071b93f-priv.portal.hcp.westus2.azmk8s.io\",\n
        \  \"privateFQDN\": \"cliakstest-clitest3d222fegp-79a739-965ae065.47bb7c66-c52f-423c-b1ae-eaabd264c50b.privatelink.westus2.azmk8s.io\",\n
        \  \"agentPoolProfiles\": [\n    {\n     \"name\": \"nodepool1\",\n     \"count\":
        1,\n     \"vmSize\": \"Standard_DS2_v2\",\n     \"osDiskSizeGB\": 128,\n     \"osDiskType\":
        \"Managed\",\n     \"kubeletDiskType\": \"OS\",\n     \"maxPods\": 110,\n
        \    \"type\": \"VirtualMachineScaleSets\",\n     \"enableAutoScaling\": false,\n
        \    \"provisioningState\": \"Creating\",\n     \"powerState\": {\n      \"code\":
        \"Running\"\n     },\n     \"orchestratorVersion\": \"1.21.9\",\n     \"enableNodePublicIP\":
        false,\n     \"mode\": \"System\",\n     \"enableEncryptionAtHost\": false,\n
        \    \"enableUltraSSD\": false,\n     \"osType\": \"Linux\",\n     \"osSKU\":
        \"Ubuntu\",\n     \"nodeImageVersion\": \"AKSUbuntu-1804gen2containerd-2022.03.21\",\n
        \    \"enableFIPS\": false\n    }\n   ],\n   \"linuxProfile\": {\n    \"adminUsername\":
        \"azureuser\",\n    \"ssh\": {\n     \"publicKeys\": [\n      {\n       \"keyData\":
        \"ssh-rsa AAAAB3NzaC1yc2EAAAADAQABAAABAQDb7ZVBup3y1RYbGDyGyuOQrULWhQSzhTifTEMKG0Lc5hnGPJY8GGKIRx4MDxX03aVBY3izux3vtYV9U+fwqoj6MmhK8uFMXq62IoY5wDlE1dLqsSGkt486bYqIIlWw0JcMRTI2uqCgkFvOvi8yKgFg41Vhg8yxJNrH5xNpE8+a6bLxOezjYx6niDEZYR+lASfdWpAr9C8HftZ9UMC93JPRqgI/iswHkQiz7AjeBnw8dhek0PJ/sLausN27KVhcH0pbTxpX9eQntAeHAKRQAJyWmdQ+7gueqE/VDukCjanQi0zKQvAhaeFiMsthqM6vNzAlqT4gpEzqwJLQgz8vjGFt
        azcli_aks_live_test@example.com\\n\"\n      }\n     ]\n    }\n   },\n   \"servicePrincipalProfile\":
        {\n    \"clientId\":\"00000000-0000-0000-0000-000000000001\"\n   },\n   \"nodeResourceGroup\":
        \"MC_clitest000001_cliakstest000001_westus2\",\n   \"enableRBAC\": true,\n
        \  \"networkProfile\": {\n    \"networkPlugin\": \"kubenet\",\n    \"loadBalancerSku\":
        \"standard\",\n    \"loadBalancerProfile\": {\n     \"managedOutboundIPs\":
        {\n      \"count\": 1\n     }\n    },\n    \"podCidr\": \"10.244.0.0/16\",\n
        \   \"serviceCidr\": \"10.0.0.0/16\",\n    \"dnsServiceIP\": \"10.0.0.10\",\n
        \   \"dockerBridgeCidr\": \"172.17.0.1/16\",\n    \"outboundType\": \"loadBalancer\",\n
        \   \"podCidrs\": [\n     \"10.244.0.0/16\"\n    ],\n    \"serviceCidrs\":
        [\n     \"10.0.0.0/16\"\n    ],\n    \"ipFamilies\": [\n     \"IPv4\"\n    ]\n
        \  },\n   \"maxAgentPools\": 100,\n   \"privateLinkResources\": [\n    {\n
        \    \"name\": \"management\",\n     \"type\": \"Microsoft.ContainerService/managedClusters/privateLinkResources\",\n
        \    \"groupId\": \"management\",\n     \"requiredMembers\": [\n      \"management\"\n
        \    ]\n    }\n   ],\n   \"apiServerAccessProfile\": {\n    \"enablePrivateCluster\":
        true,\n    \"privateDNSZone\": \"system\",\n    \"enablePrivateClusterPublicFQDN\":
        false,\n    \"privateClusterVersion\": \"v1\"\n   },\n   \"disableLocalAccounts\":
        false\n  },\n  \"identity\": {\n   \"type\": \"SystemAssigned\",\n   \"principalId\":\"00000000-0000-0000-0000-000000000001\",\n
        \  \"tenantId\": \"72f988bf-86f1-41af-91ab-2d7cd011db47\"\n  },\n  \"sku\":
        {\n   \"name\": \"Basic\",\n   \"tier\": \"Free\"\n  }\n }"
    headers:
      azure-asyncoperation:
      - https://management.azure.com/subscriptions/00000000-0000-0000-0000-000000000000/providers/Microsoft.ContainerService/locations/westus2/operations/c738909e-7977-42d5-a9ca-4809984e7cac?api-version=2016-03-30
      cache-control:
      - no-cache
      content-length:
      - '3358'
      content-type:
      - application/json
      date:
      - Fri, 25 Mar 2022 04:37:27 GMT
      expires:
      - '-1'
      pragma:
      - no-cache
      server:
      - nginx
      strict-transport-security:
      - max-age=31536000; includeSubDomains
      x-content-type-options:
      - nosniff
      x-ms-ratelimit-remaining-subscription-writes:
      - '1197'
    status:
      code: 201
      message: Created
- request:
    body: null
    headers:
      Accept:
      - '*/*'
      Accept-Encoding:
      - gzip, deflate
      CommandName:
      - aks create
      Connection:
      - keep-alive
      ParameterSetName:
      - --resource-group --name --enable-private-cluster --disable-public-fqdn --node-count
        --ssh-key-value
      User-Agent:
      - AZURECLI/2.34.1 azsdk-python-azure-mgmt-containerservice/18.0.0 Python/3.8.10
        (Linux-5.13.0-1017-azure-x86_64-with-glibc2.29)
    method: GET
    uri: https://management.azure.com/subscriptions/00000000-0000-0000-0000-000000000000/providers/Microsoft.ContainerService/locations/westus2/operations/c738909e-7977-42d5-a9ca-4809984e7cac?api-version=2016-03-30
  response:
    body:
      string: "{\n  \"name\": \"9e9038c7-7779-d542-a9ca-4809984e7cac\",\n  \"status\":
        \"InProgress\",\n  \"startTime\": \"2022-03-25T04:37:28.6766666Z\"\n }"
    headers:
      cache-control:
      - no-cache
      content-length:
      - '126'
      content-type:
      - application/json
      date:
      - Fri, 25 Mar 2022 04:37:58 GMT
      expires:
      - '-1'
      pragma:
      - no-cache
      server:
      - nginx
      strict-transport-security:
      - max-age=31536000; includeSubDomains
      transfer-encoding:
      - chunked
      vary:
      - Accept-Encoding
      x-content-type-options:
      - nosniff
    status:
      code: 200
      message: OK
- request:
    body: null
    headers:
      Accept:
      - '*/*'
      Accept-Encoding:
      - gzip, deflate
      CommandName:
      - aks create
      Connection:
      - keep-alive
      ParameterSetName:
      - --resource-group --name --enable-private-cluster --disable-public-fqdn --node-count
        --ssh-key-value
      User-Agent:
      - AZURECLI/2.34.1 azsdk-python-azure-mgmt-containerservice/18.0.0 Python/3.8.10
        (Linux-5.13.0-1017-azure-x86_64-with-glibc2.29)
    method: GET
    uri: https://management.azure.com/subscriptions/00000000-0000-0000-0000-000000000000/providers/Microsoft.ContainerService/locations/westus2/operations/c738909e-7977-42d5-a9ca-4809984e7cac?api-version=2016-03-30
  response:
    body:
      string: "{\n  \"name\": \"9e9038c7-7779-d542-a9ca-4809984e7cac\",\n  \"status\":
        \"InProgress\",\n  \"startTime\": \"2022-03-25T04:37:28.6766666Z\"\n }"
    headers:
      cache-control:
      - no-cache
      content-length:
      - '126'
      content-type:
      - application/json
      date:
      - Fri, 25 Mar 2022 04:38:28 GMT
      expires:
      - '-1'
      pragma:
      - no-cache
      server:
      - nginx
      strict-transport-security:
      - max-age=31536000; includeSubDomains
      transfer-encoding:
      - chunked
      vary:
      - Accept-Encoding
      x-content-type-options:
      - nosniff
    status:
      code: 200
      message: OK
- request:
    body: null
    headers:
      Accept:
      - '*/*'
      Accept-Encoding:
      - gzip, deflate
      CommandName:
      - aks create
      Connection:
      - keep-alive
      ParameterSetName:
      - --resource-group --name --enable-private-cluster --disable-public-fqdn --node-count
        --ssh-key-value
      User-Agent:
      - AZURECLI/2.34.1 azsdk-python-azure-mgmt-containerservice/18.0.0 Python/3.8.10
        (Linux-5.13.0-1017-azure-x86_64-with-glibc2.29)
    method: GET
    uri: https://management.azure.com/subscriptions/00000000-0000-0000-0000-000000000000/providers/Microsoft.ContainerService/locations/westus2/operations/c738909e-7977-42d5-a9ca-4809984e7cac?api-version=2016-03-30
  response:
    body:
      string: "{\n  \"name\": \"9e9038c7-7779-d542-a9ca-4809984e7cac\",\n  \"status\":
        \"InProgress\",\n  \"startTime\": \"2022-03-25T04:37:28.6766666Z\"\n }"
    headers:
      cache-control:
      - no-cache
      content-length:
      - '126'
      content-type:
      - application/json
      date:
      - Fri, 25 Mar 2022 04:38:58 GMT
      expires:
      - '-1'
      pragma:
      - no-cache
      server:
      - nginx
      strict-transport-security:
      - max-age=31536000; includeSubDomains
      transfer-encoding:
      - chunked
      vary:
      - Accept-Encoding
      x-content-type-options:
      - nosniff
    status:
      code: 200
      message: OK
- request:
    body: null
    headers:
      Accept:
      - '*/*'
      Accept-Encoding:
      - gzip, deflate
      CommandName:
      - aks create
      Connection:
      - keep-alive
      ParameterSetName:
      - --resource-group --name --enable-private-cluster --disable-public-fqdn --node-count
        --ssh-key-value
      User-Agent:
      - AZURECLI/2.34.1 azsdk-python-azure-mgmt-containerservice/18.0.0 Python/3.8.10
        (Linux-5.13.0-1017-azure-x86_64-with-glibc2.29)
    method: GET
    uri: https://management.azure.com/subscriptions/00000000-0000-0000-0000-000000000000/providers/Microsoft.ContainerService/locations/westus2/operations/c738909e-7977-42d5-a9ca-4809984e7cac?api-version=2016-03-30
  response:
    body:
      string: "{\n  \"name\": \"9e9038c7-7779-d542-a9ca-4809984e7cac\",\n  \"status\":
        \"InProgress\",\n  \"startTime\": \"2022-03-25T04:37:28.6766666Z\"\n }"
    headers:
      cache-control:
      - no-cache
      content-length:
      - '126'
      content-type:
      - application/json
      date:
      - Fri, 25 Mar 2022 04:39:28 GMT
      expires:
      - '-1'
      pragma:
      - no-cache
      server:
      - nginx
      strict-transport-security:
      - max-age=31536000; includeSubDomains
      transfer-encoding:
      - chunked
      vary:
      - Accept-Encoding
      x-content-type-options:
      - nosniff
    status:
      code: 200
      message: OK
- request:
    body: null
    headers:
      Accept:
      - '*/*'
      Accept-Encoding:
      - gzip, deflate
      CommandName:
      - aks create
      Connection:
      - keep-alive
      ParameterSetName:
      - --resource-group --name --enable-private-cluster --disable-public-fqdn --node-count
        --ssh-key-value
      User-Agent:
      - AZURECLI/2.34.1 azsdk-python-azure-mgmt-containerservice/18.0.0 Python/3.8.10
        (Linux-5.13.0-1017-azure-x86_64-with-glibc2.29)
    method: GET
    uri: https://management.azure.com/subscriptions/00000000-0000-0000-0000-000000000000/providers/Microsoft.ContainerService/locations/westus2/operations/c738909e-7977-42d5-a9ca-4809984e7cac?api-version=2016-03-30
  response:
    body:
      string: "{\n  \"name\": \"9e9038c7-7779-d542-a9ca-4809984e7cac\",\n  \"status\":
        \"InProgress\",\n  \"startTime\": \"2022-03-25T04:37:28.6766666Z\"\n }"
    headers:
      cache-control:
      - no-cache
      content-length:
      - '126'
      content-type:
      - application/json
      date:
      - Fri, 25 Mar 2022 04:39:58 GMT
      expires:
      - '-1'
      pragma:
      - no-cache
      server:
      - nginx
      strict-transport-security:
      - max-age=31536000; includeSubDomains
      transfer-encoding:
      - chunked
      vary:
      - Accept-Encoding
      x-content-type-options:
      - nosniff
    status:
      code: 200
      message: OK
- request:
    body: null
    headers:
      Accept:
      - '*/*'
      Accept-Encoding:
      - gzip, deflate
      CommandName:
      - aks create
      Connection:
      - keep-alive
      ParameterSetName:
      - --resource-group --name --enable-private-cluster --disable-public-fqdn --node-count
        --ssh-key-value
      User-Agent:
      - AZURECLI/2.34.1 azsdk-python-azure-mgmt-containerservice/18.0.0 Python/3.8.10
        (Linux-5.13.0-1017-azure-x86_64-with-glibc2.29)
    method: GET
    uri: https://management.azure.com/subscriptions/00000000-0000-0000-0000-000000000000/providers/Microsoft.ContainerService/locations/westus2/operations/c738909e-7977-42d5-a9ca-4809984e7cac?api-version=2016-03-30
  response:
    body:
      string: "{\n  \"name\": \"9e9038c7-7779-d542-a9ca-4809984e7cac\",\n  \"status\":
        \"InProgress\",\n  \"startTime\": \"2022-03-25T04:37:28.6766666Z\"\n }"
    headers:
      cache-control:
      - no-cache
      content-length:
      - '126'
      content-type:
      - application/json
      date:
      - Fri, 25 Mar 2022 04:40:28 GMT
      expires:
      - '-1'
      pragma:
      - no-cache
      server:
      - nginx
      strict-transport-security:
      - max-age=31536000; includeSubDomains
      transfer-encoding:
      - chunked
      vary:
      - Accept-Encoding
      x-content-type-options:
      - nosniff
    status:
      code: 200
      message: OK
- request:
    body: null
    headers:
      Accept:
      - '*/*'
      Accept-Encoding:
      - gzip, deflate
      CommandName:
      - aks create
      Connection:
      - keep-alive
      ParameterSetName:
      - --resource-group --name --enable-private-cluster --disable-public-fqdn --node-count
        --ssh-key-value
      User-Agent:
      - AZURECLI/2.34.1 azsdk-python-azure-mgmt-containerservice/18.0.0 Python/3.8.10
        (Linux-5.13.0-1017-azure-x86_64-with-glibc2.29)
    method: GET
    uri: https://management.azure.com/subscriptions/00000000-0000-0000-0000-000000000000/providers/Microsoft.ContainerService/locations/westus2/operations/c738909e-7977-42d5-a9ca-4809984e7cac?api-version=2016-03-30
  response:
    body:
      string: "{\n  \"name\": \"9e9038c7-7779-d542-a9ca-4809984e7cac\",\n  \"status\":
        \"InProgress\",\n  \"startTime\": \"2022-03-25T04:37:28.6766666Z\"\n }"
    headers:
      cache-control:
      - no-cache
      content-length:
      - '126'
      content-type:
      - application/json
      date:
      - Fri, 25 Mar 2022 04:40:58 GMT
      expires:
      - '-1'
      pragma:
      - no-cache
      server:
      - nginx
      strict-transport-security:
      - max-age=31536000; includeSubDomains
      transfer-encoding:
      - chunked
      vary:
      - Accept-Encoding
      x-content-type-options:
      - nosniff
    status:
      code: 200
      message: OK
- request:
    body: null
    headers:
      Accept:
      - '*/*'
      Accept-Encoding:
      - gzip, deflate
      CommandName:
      - aks create
      Connection:
      - keep-alive
      ParameterSetName:
      - --resource-group --name --enable-private-cluster --disable-public-fqdn --node-count
        --ssh-key-value
      User-Agent:
      - AZURECLI/2.34.1 azsdk-python-azure-mgmt-containerservice/18.0.0 Python/3.8.10
        (Linux-5.13.0-1017-azure-x86_64-with-glibc2.29)
    method: GET
    uri: https://management.azure.com/subscriptions/00000000-0000-0000-0000-000000000000/providers/Microsoft.ContainerService/locations/westus2/operations/c738909e-7977-42d5-a9ca-4809984e7cac?api-version=2016-03-30
  response:
    body:
      string: "{\n  \"name\": \"9e9038c7-7779-d542-a9ca-4809984e7cac\",\n  \"status\":
        \"InProgress\",\n  \"startTime\": \"2022-03-25T04:37:28.6766666Z\"\n }"
    headers:
      cache-control:
      - no-cache
      content-length:
      - '126'
      content-type:
      - application/json
      date:
      - Fri, 25 Mar 2022 04:41:28 GMT
      expires:
      - '-1'
      pragma:
      - no-cache
      server:
      - nginx
      strict-transport-security:
      - max-age=31536000; includeSubDomains
      transfer-encoding:
      - chunked
      vary:
      - Accept-Encoding
      x-content-type-options:
      - nosniff
    status:
      code: 200
      message: OK
- request:
    body: null
    headers:
      Accept:
      - '*/*'
      Accept-Encoding:
      - gzip, deflate
      CommandName:
      - aks create
      Connection:
      - keep-alive
      ParameterSetName:
      - --resource-group --name --enable-private-cluster --disable-public-fqdn --node-count
        --ssh-key-value
      User-Agent:
      - AZURECLI/2.34.1 azsdk-python-azure-mgmt-containerservice/18.0.0 Python/3.8.10
        (Linux-5.13.0-1017-azure-x86_64-with-glibc2.29)
    method: GET
    uri: https://management.azure.com/subscriptions/00000000-0000-0000-0000-000000000000/providers/Microsoft.ContainerService/locations/westus2/operations/c738909e-7977-42d5-a9ca-4809984e7cac?api-version=2016-03-30
  response:
    body:
      string: "{\n  \"name\": \"9e9038c7-7779-d542-a9ca-4809984e7cac\",\n  \"status\":
        \"InProgress\",\n  \"startTime\": \"2022-03-25T04:37:28.6766666Z\"\n }"
    headers:
      cache-control:
      - no-cache
      content-length:
      - '126'
      content-type:
      - application/json
      date:
      - Fri, 25 Mar 2022 04:41:59 GMT
      expires:
      - '-1'
      pragma:
      - no-cache
      server:
      - nginx
      strict-transport-security:
      - max-age=31536000; includeSubDomains
      transfer-encoding:
      - chunked
      vary:
      - Accept-Encoding
      x-content-type-options:
      - nosniff
    status:
      code: 200
      message: OK
- request:
    body: null
    headers:
      Accept:
      - '*/*'
      Accept-Encoding:
      - gzip, deflate
      CommandName:
      - aks create
      Connection:
      - keep-alive
      ParameterSetName:
      - --resource-group --name --enable-private-cluster --disable-public-fqdn --node-count
        --ssh-key-value
      User-Agent:
      - AZURECLI/2.34.1 azsdk-python-azure-mgmt-containerservice/18.0.0 Python/3.8.10
        (Linux-5.13.0-1017-azure-x86_64-with-glibc2.29)
    method: GET
    uri: https://management.azure.com/subscriptions/00000000-0000-0000-0000-000000000000/providers/Microsoft.ContainerService/locations/westus2/operations/c738909e-7977-42d5-a9ca-4809984e7cac?api-version=2016-03-30
  response:
    body:
      string: "{\n  \"name\": \"9e9038c7-7779-d542-a9ca-4809984e7cac\",\n  \"status\":
        \"InProgress\",\n  \"startTime\": \"2022-03-25T04:37:28.6766666Z\"\n }"
    headers:
      cache-control:
      - no-cache
      content-length:
      - '126'
      content-type:
      - application/json
      date:
      - Fri, 25 Mar 2022 04:42:28 GMT
      expires:
      - '-1'
      pragma:
      - no-cache
      server:
      - nginx
      strict-transport-security:
      - max-age=31536000; includeSubDomains
      transfer-encoding:
      - chunked
      vary:
      - Accept-Encoding
      x-content-type-options:
      - nosniff
    status:
      code: 200
      message: OK
- request:
    body: null
    headers:
      Accept:
      - '*/*'
      Accept-Encoding:
      - gzip, deflate
      CommandName:
      - aks create
      Connection:
      - keep-alive
      ParameterSetName:
      - --resource-group --name --enable-private-cluster --disable-public-fqdn --node-count
        --ssh-key-value
      User-Agent:
      - AZURECLI/2.34.1 azsdk-python-azure-mgmt-containerservice/18.0.0 Python/3.8.10
        (Linux-5.13.0-1017-azure-x86_64-with-glibc2.29)
    method: GET
    uri: https://management.azure.com/subscriptions/00000000-0000-0000-0000-000000000000/providers/Microsoft.ContainerService/locations/westus2/operations/c738909e-7977-42d5-a9ca-4809984e7cac?api-version=2016-03-30
  response:
    body:
      string: "{\n  \"name\": \"9e9038c7-7779-d542-a9ca-4809984e7cac\",\n  \"status\":
        \"InProgress\",\n  \"startTime\": \"2022-03-25T04:37:28.6766666Z\"\n }"
    headers:
      cache-control:
      - no-cache
      content-length:
      - '126'
      content-type:
      - application/json
      date:
      - Fri, 25 Mar 2022 04:42:59 GMT
      expires:
      - '-1'
      pragma:
      - no-cache
      server:
      - nginx
      strict-transport-security:
      - max-age=31536000; includeSubDomains
      transfer-encoding:
      - chunked
      vary:
      - Accept-Encoding
      x-content-type-options:
      - nosniff
    status:
      code: 200
      message: OK
- request:
    body: null
    headers:
      Accept:
      - '*/*'
      Accept-Encoding:
      - gzip, deflate
      CommandName:
      - aks create
      Connection:
      - keep-alive
      ParameterSetName:
      - --resource-group --name --enable-private-cluster --disable-public-fqdn --node-count
        --ssh-key-value
      User-Agent:
      - AZURECLI/2.34.1 azsdk-python-azure-mgmt-containerservice/18.0.0 Python/3.8.10
        (Linux-5.13.0-1017-azure-x86_64-with-glibc2.29)
    method: GET
    uri: https://management.azure.com/subscriptions/00000000-0000-0000-0000-000000000000/providers/Microsoft.ContainerService/locations/westus2/operations/c738909e-7977-42d5-a9ca-4809984e7cac?api-version=2016-03-30
  response:
    body:
      string: "{\n  \"name\": \"9e9038c7-7779-d542-a9ca-4809984e7cac\",\n  \"status\":
        \"InProgress\",\n  \"startTime\": \"2022-03-25T04:37:28.6766666Z\"\n }"
    headers:
      cache-control:
      - no-cache
      content-length:
      - '126'
      content-type:
      - application/json
      date:
      - Fri, 25 Mar 2022 04:43:28 GMT
      expires:
      - '-1'
      pragma:
      - no-cache
      server:
      - nginx
      strict-transport-security:
      - max-age=31536000; includeSubDomains
      transfer-encoding:
      - chunked
      vary:
      - Accept-Encoding
      x-content-type-options:
      - nosniff
    status:
      code: 200
      message: OK
- request:
    body: null
    headers:
      Accept:
      - '*/*'
      Accept-Encoding:
      - gzip, deflate
      CommandName:
      - aks create
      Connection:
      - keep-alive
      ParameterSetName:
      - --resource-group --name --enable-private-cluster --disable-public-fqdn --node-count
        --ssh-key-value
      User-Agent:
      - AZURECLI/2.34.1 azsdk-python-azure-mgmt-containerservice/18.0.0 Python/3.8.10
        (Linux-5.13.0-1017-azure-x86_64-with-glibc2.29)
    method: GET
    uri: https://management.azure.com/subscriptions/00000000-0000-0000-0000-000000000000/providers/Microsoft.ContainerService/locations/westus2/operations/c738909e-7977-42d5-a9ca-4809984e7cac?api-version=2016-03-30
  response:
    body:
      string: "{\n  \"name\": \"9e9038c7-7779-d542-a9ca-4809984e7cac\",\n  \"status\":
        \"InProgress\",\n  \"startTime\": \"2022-03-25T04:37:28.6766666Z\"\n }"
    headers:
      cache-control:
      - no-cache
      content-length:
      - '126'
      content-type:
      - application/json
      date:
      - Fri, 25 Mar 2022 04:43:58 GMT
      expires:
      - '-1'
      pragma:
      - no-cache
      server:
      - nginx
      strict-transport-security:
      - max-age=31536000; includeSubDomains
      transfer-encoding:
      - chunked
      vary:
      - Accept-Encoding
      x-content-type-options:
      - nosniff
    status:
      code: 200
      message: OK
- request:
    body: null
    headers:
      Accept:
      - '*/*'
      Accept-Encoding:
      - gzip, deflate
      CommandName:
      - aks create
      Connection:
      - keep-alive
      ParameterSetName:
      - --resource-group --name --enable-private-cluster --disable-public-fqdn --node-count
        --ssh-key-value
      User-Agent:
      - AZURECLI/2.34.1 azsdk-python-azure-mgmt-containerservice/18.0.0 Python/3.8.10
        (Linux-5.13.0-1017-azure-x86_64-with-glibc2.29)
    method: GET
    uri: https://management.azure.com/subscriptions/00000000-0000-0000-0000-000000000000/providers/Microsoft.ContainerService/locations/westus2/operations/c738909e-7977-42d5-a9ca-4809984e7cac?api-version=2016-03-30
  response:
    body:
      string: "{\n  \"name\": \"9e9038c7-7779-d542-a9ca-4809984e7cac\",\n  \"status\":
        \"InProgress\",\n  \"startTime\": \"2022-03-25T04:37:28.6766666Z\"\n }"
    headers:
      cache-control:
      - no-cache
      content-length:
      - '126'
      content-type:
      - application/json
      date:
      - Fri, 25 Mar 2022 04:44:29 GMT
      expires:
      - '-1'
      pragma:
      - no-cache
      server:
      - nginx
      strict-transport-security:
      - max-age=31536000; includeSubDomains
      transfer-encoding:
      - chunked
      vary:
      - Accept-Encoding
      x-content-type-options:
      - nosniff
    status:
      code: 200
      message: OK
- request:
    body: null
    headers:
      Accept:
      - '*/*'
      Accept-Encoding:
      - gzip, deflate
      CommandName:
      - aks create
      Connection:
      - keep-alive
      ParameterSetName:
      - --resource-group --name --enable-private-cluster --disable-public-fqdn --node-count
        --ssh-key-value
      User-Agent:
      - AZURECLI/2.34.1 azsdk-python-azure-mgmt-containerservice/18.0.0 Python/3.8.10
        (Linux-5.13.0-1017-azure-x86_64-with-glibc2.29)
    method: GET
    uri: https://management.azure.com/subscriptions/00000000-0000-0000-0000-000000000000/providers/Microsoft.ContainerService/locations/westus2/operations/c738909e-7977-42d5-a9ca-4809984e7cac?api-version=2016-03-30
  response:
    body:
      string: "{\n  \"name\": \"9e9038c7-7779-d542-a9ca-4809984e7cac\",\n  \"status\":
        \"InProgress\",\n  \"startTime\": \"2022-03-25T04:37:28.6766666Z\"\n }"
    headers:
      cache-control:
      - no-cache
      content-length:
      - '126'
      content-type:
      - application/json
      date:
      - Fri, 25 Mar 2022 04:44:59 GMT
      expires:
      - '-1'
      pragma:
      - no-cache
      server:
      - nginx
      strict-transport-security:
      - max-age=31536000; includeSubDomains
      transfer-encoding:
      - chunked
      vary:
      - Accept-Encoding
      x-content-type-options:
      - nosniff
    status:
      code: 200
      message: OK
- request:
    body: null
    headers:
      Accept:
      - '*/*'
      Accept-Encoding:
      - gzip, deflate
      CommandName:
      - aks create
      Connection:
      - keep-alive
      ParameterSetName:
      - --resource-group --name --enable-private-cluster --disable-public-fqdn --node-count
        --ssh-key-value
      User-Agent:
      - AZURECLI/2.34.1 azsdk-python-azure-mgmt-containerservice/18.0.0 Python/3.8.10
        (Linux-5.13.0-1017-azure-x86_64-with-glibc2.29)
    method: GET
    uri: https://management.azure.com/subscriptions/00000000-0000-0000-0000-000000000000/providers/Microsoft.ContainerService/locations/westus2/operations/c738909e-7977-42d5-a9ca-4809984e7cac?api-version=2016-03-30
  response:
    body:
      string: "{\n  \"name\": \"9e9038c7-7779-d542-a9ca-4809984e7cac\",\n  \"status\":
        \"InProgress\",\n  \"startTime\": \"2022-03-25T04:37:28.6766666Z\"\n }"
    headers:
      cache-control:
      - no-cache
      content-length:
      - '126'
      content-type:
      - application/json
      date:
      - Fri, 25 Mar 2022 04:45:29 GMT
      expires:
      - '-1'
      pragma:
      - no-cache
      server:
      - nginx
      strict-transport-security:
      - max-age=31536000; includeSubDomains
      transfer-encoding:
      - chunked
      vary:
      - Accept-Encoding
      x-content-type-options:
      - nosniff
    status:
      code: 200
      message: OK
- request:
    body: null
    headers:
      Accept:
      - '*/*'
      Accept-Encoding:
      - gzip, deflate
      CommandName:
      - aks create
      Connection:
      - keep-alive
      ParameterSetName:
      - --resource-group --name --enable-private-cluster --disable-public-fqdn --node-count
        --ssh-key-value
      User-Agent:
      - AZURECLI/2.34.1 azsdk-python-azure-mgmt-containerservice/18.0.0 Python/3.8.10
        (Linux-5.13.0-1017-azure-x86_64-with-glibc2.29)
    method: GET
    uri: https://management.azure.com/subscriptions/00000000-0000-0000-0000-000000000000/providers/Microsoft.ContainerService/locations/westus2/operations/c738909e-7977-42d5-a9ca-4809984e7cac?api-version=2016-03-30
  response:
    body:
      string: "{\n  \"name\": \"9e9038c7-7779-d542-a9ca-4809984e7cac\",\n  \"status\":
        \"InProgress\",\n  \"startTime\": \"2022-03-25T04:37:28.6766666Z\"\n }"
    headers:
      cache-control:
      - no-cache
      content-length:
      - '126'
      content-type:
      - application/json
      date:
      - Fri, 25 Mar 2022 04:45:59 GMT
      expires:
      - '-1'
      pragma:
      - no-cache
      server:
      - nginx
      strict-transport-security:
      - max-age=31536000; includeSubDomains
      transfer-encoding:
      - chunked
      vary:
      - Accept-Encoding
      x-content-type-options:
      - nosniff
    status:
      code: 200
      message: OK
- request:
    body: null
    headers:
      Accept:
      - '*/*'
      Accept-Encoding:
      - gzip, deflate
      CommandName:
      - aks create
      Connection:
      - keep-alive
      ParameterSetName:
      - --resource-group --name --enable-private-cluster --disable-public-fqdn --node-count
        --ssh-key-value
      User-Agent:
      - AZURECLI/2.34.1 azsdk-python-azure-mgmt-containerservice/18.0.0 Python/3.8.10
        (Linux-5.13.0-1017-azure-x86_64-with-glibc2.29)
    method: GET
    uri: https://management.azure.com/subscriptions/00000000-0000-0000-0000-000000000000/providers/Microsoft.ContainerService/locations/westus2/operations/c738909e-7977-42d5-a9ca-4809984e7cac?api-version=2016-03-30
  response:
    body:
      string: "{\n  \"name\": \"9e9038c7-7779-d542-a9ca-4809984e7cac\",\n  \"status\":
        \"InProgress\",\n  \"startTime\": \"2022-03-25T04:37:28.6766666Z\"\n }"
    headers:
      cache-control:
      - no-cache
      content-length:
      - '126'
      content-type:
      - application/json
      date:
      - Fri, 25 Mar 2022 04:46:29 GMT
      expires:
      - '-1'
      pragma:
      - no-cache
      server:
      - nginx
      strict-transport-security:
      - max-age=31536000; includeSubDomains
      transfer-encoding:
      - chunked
      vary:
      - Accept-Encoding
      x-content-type-options:
      - nosniff
    status:
      code: 200
      message: OK
- request:
    body: null
    headers:
      Accept:
      - '*/*'
      Accept-Encoding:
      - gzip, deflate
      CommandName:
      - aks create
      Connection:
      - keep-alive
      ParameterSetName:
      - --resource-group --name --enable-private-cluster --disable-public-fqdn --node-count
        --ssh-key-value
      User-Agent:
      - AZURECLI/2.34.1 azsdk-python-azure-mgmt-containerservice/18.0.0 Python/3.8.10
        (Linux-5.13.0-1017-azure-x86_64-with-glibc2.29)
    method: GET
    uri: https://management.azure.com/subscriptions/00000000-0000-0000-0000-000000000000/providers/Microsoft.ContainerService/locations/westus2/operations/c738909e-7977-42d5-a9ca-4809984e7cac?api-version=2016-03-30
  response:
    body:
      string: "{\n  \"name\": \"9e9038c7-7779-d542-a9ca-4809984e7cac\",\n  \"status\":
        \"InProgress\",\n  \"startTime\": \"2022-03-25T04:37:28.6766666Z\"\n }"
    headers:
      cache-control:
      - no-cache
      content-length:
      - '126'
      content-type:
      - application/json
      date:
      - Fri, 25 Mar 2022 04:46:59 GMT
      expires:
      - '-1'
      pragma:
      - no-cache
      server:
      - nginx
      strict-transport-security:
      - max-age=31536000; includeSubDomains
      transfer-encoding:
      - chunked
      vary:
      - Accept-Encoding
      x-content-type-options:
      - nosniff
    status:
      code: 200
      message: OK
- request:
    body: null
    headers:
      Accept:
      - '*/*'
      Accept-Encoding:
      - gzip, deflate
      CommandName:
      - aks create
      Connection:
      - keep-alive
      ParameterSetName:
      - --resource-group --name --enable-private-cluster --disable-public-fqdn --node-count
        --ssh-key-value
      User-Agent:
      - AZURECLI/2.34.1 azsdk-python-azure-mgmt-containerservice/18.0.0 Python/3.8.10
        (Linux-5.13.0-1017-azure-x86_64-with-glibc2.29)
    method: GET
    uri: https://management.azure.com/subscriptions/00000000-0000-0000-0000-000000000000/providers/Microsoft.ContainerService/locations/westus2/operations/c738909e-7977-42d5-a9ca-4809984e7cac?api-version=2016-03-30
  response:
    body:
      string: "{\n  \"name\": \"9e9038c7-7779-d542-a9ca-4809984e7cac\",\n  \"status\":
        \"Succeeded\",\n  \"startTime\": \"2022-03-25T04:37:28.6766666Z\",\n  \"endTime\":
        \"2022-03-25T04:47:22.4576125Z\"\n }"
    headers:
      cache-control:
      - no-cache
      content-length:
      - '170'
      content-type:
      - application/json
      date:
      - Fri, 25 Mar 2022 04:47:29 GMT
      expires:
      - '-1'
      pragma:
      - no-cache
      server:
      - nginx
      strict-transport-security:
      - max-age=31536000; includeSubDomains
      transfer-encoding:
      - chunked
      vary:
      - Accept-Encoding
      x-content-type-options:
      - nosniff
    status:
      code: 200
      message: OK
- request:
    body: null
    headers:
      Accept:
      - '*/*'
      Accept-Encoding:
      - gzip, deflate
      CommandName:
      - aks create
      Connection:
      - keep-alive
      ParameterSetName:
      - --resource-group --name --enable-private-cluster --disable-public-fqdn --node-count
        --ssh-key-value
      User-Agent:
      - AZURECLI/2.34.1 azsdk-python-azure-mgmt-containerservice/18.0.0 Python/3.8.10
        (Linux-5.13.0-1017-azure-x86_64-with-glibc2.29)
    method: GET
    uri: https://management.azure.com/subscriptions/00000000-0000-0000-0000-000000000000/resourceGroups/clitest000001/providers/Microsoft.ContainerService/managedClusters/cliakstest000001?api-version=2022-02-01
  response:
    body:
      string: "{\n  \"id\": \"/subscriptions/00000000-0000-0000-0000-000000000000/resourcegroups/clitest000001/providers/Microsoft.ContainerService/managedClusters/cliakstest000001\",\n
        \ \"location\": \"westus2\",\n  \"name\": \"cliakstest000001\",\n  \"type\":
        \"Microsoft.ContainerService/ManagedClusters\",\n  \"properties\": {\n   \"provisioningState\":
        \"Succeeded\",\n   \"powerState\": {\n    \"code\": \"Running\"\n   },\n   \"kubernetesVersion\":
        \"1.21.9\",\n   \"currentKubernetesVersion\": \"1.21.9\",\n   \"dnsPrefix\":
        \"cliakstest-clitest3d222fegp-79a739\",\n   \"azurePortalFQDN\": \"50846ce8baec09adf19df2090071b93f-priv.portal.hcp.westus2.azmk8s.io\",\n
        \  \"privateFQDN\": \"cliakstest-clitest3d222fegp-79a739-965ae065.47bb7c66-c52f-423c-b1ae-eaabd264c50b.privatelink.westus2.azmk8s.io\",\n
        \  \"agentPoolProfiles\": [\n    {\n     \"name\": \"nodepool1\",\n     \"count\":
        1,\n     \"vmSize\": \"Standard_DS2_v2\",\n     \"osDiskSizeGB\": 128,\n     \"osDiskType\":
        \"Managed\",\n     \"kubeletDiskType\": \"OS\",\n     \"maxPods\": 110,\n
        \    \"type\": \"VirtualMachineScaleSets\",\n     \"enableAutoScaling\": false,\n
        \    \"provisioningState\": \"Succeeded\",\n     \"powerState\": {\n      \"code\":
        \"Running\"\n     },\n     \"orchestratorVersion\": \"1.21.9\",\n     \"enableNodePublicIP\":
        false,\n     \"mode\": \"System\",\n     \"enableEncryptionAtHost\": false,\n
        \    \"enableUltraSSD\": false,\n     \"osType\": \"Linux\",\n     \"osSKU\":
        \"Ubuntu\",\n     \"nodeImageVersion\": \"AKSUbuntu-1804gen2containerd-2022.03.21\",\n
        \    \"enableFIPS\": false\n    }\n   ],\n   \"linuxProfile\": {\n    \"adminUsername\":
        \"azureuser\",\n    \"ssh\": {\n     \"publicKeys\": [\n      {\n       \"keyData\":
        \"ssh-rsa AAAAB3NzaC1yc2EAAAADAQABAAABAQDb7ZVBup3y1RYbGDyGyuOQrULWhQSzhTifTEMKG0Lc5hnGPJY8GGKIRx4MDxX03aVBY3izux3vtYV9U+fwqoj6MmhK8uFMXq62IoY5wDlE1dLqsSGkt486bYqIIlWw0JcMRTI2uqCgkFvOvi8yKgFg41Vhg8yxJNrH5xNpE8+a6bLxOezjYx6niDEZYR+lASfdWpAr9C8HftZ9UMC93JPRqgI/iswHkQiz7AjeBnw8dhek0PJ/sLausN27KVhcH0pbTxpX9eQntAeHAKRQAJyWmdQ+7gueqE/VDukCjanQi0zKQvAhaeFiMsthqM6vNzAlqT4gpEzqwJLQgz8vjGFt
        azcli_aks_live_test@example.com\\n\"\n      }\n     ]\n    }\n   },\n   \"servicePrincipalProfile\":
        {\n    \"clientId\":\"00000000-0000-0000-0000-000000000001\"\n   },\n   \"nodeResourceGroup\":
        \"MC_clitest000001_cliakstest000001_westus2\",\n   \"enableRBAC\": true,\n
        \  \"networkProfile\": {\n    \"networkPlugin\": \"kubenet\",\n    \"loadBalancerSku\":
        \"Standard\",\n    \"loadBalancerProfile\": {\n     \"managedOutboundIPs\":
        {\n      \"count\": 1\n     },\n     \"effectiveOutboundIPs\": [\n      {\n
        \      \"id\": \"/subscriptions/00000000-0000-0000-0000-000000000000/resourceGroups/MC_clitest000001_cliakstest000001_westus2/providers/Microsoft.Network/publicIPAddresses/07fa58c8-44a7-40b8-a690-38ab808231cd\"\n
        \     }\n     ]\n    },\n    \"podCidr\": \"10.244.0.0/16\",\n    \"serviceCidr\":
        \"10.0.0.0/16\",\n    \"dnsServiceIP\": \"10.0.0.10\",\n    \"dockerBridgeCidr\":
        \"172.17.0.1/16\",\n    \"outboundType\": \"loadBalancer\",\n    \"podCidrs\":
        [\n     \"10.244.0.0/16\"\n    ],\n    \"serviceCidrs\": [\n     \"10.0.0.0/16\"\n
        \   ],\n    \"ipFamilies\": [\n     \"IPv4\"\n    ]\n   },\n   \"maxAgentPools\":
        100,\n   \"privateLinkResources\": [\n    {\n     \"id\": \"/subscriptions/00000000-0000-0000-0000-000000000000/resourcegroups/clitest000001/providers/Microsoft.ContainerService/managedClusters/cliakstest000001/privateLinkResources/management\",\n
        \    \"name\": \"management\",\n     \"type\": \"Microsoft.ContainerService/managedClusters/privateLinkResources\",\n
        \    \"groupId\": \"management\",\n     \"requiredMembers\": [\n      \"management\"\n
        \    ]\n    }\n   ],\n   \"apiServerAccessProfile\": {\n    \"enablePrivateCluster\":
        true,\n    \"privateDNSZone\": \"system\",\n    \"enablePrivateClusterPublicFQDN\":
        false,\n    \"privateClusterVersion\": \"v1\"\n   },\n   \"identityProfile\":
        {\n    \"kubeletidentity\": {\n     \"resourceId\": \"/subscriptions/00000000-0000-0000-0000-000000000000/resourcegroups/MC_clitest000001_cliakstest000001_westus2/providers/Microsoft.ManagedIdentity/userAssignedIdentities/cliakstest000001-agentpool\",\n
        \    \"clientId\":\"00000000-0000-0000-0000-000000000001\",\n     \"objectId\":\"00000000-0000-0000-0000-000000000001\"\n
        \   }\n   },\n   \"disableLocalAccounts\": false\n  },\n  \"identity\": {\n
        \  \"type\": \"SystemAssigned\",\n   \"principalId\":\"00000000-0000-0000-0000-000000000001\",\n
        \  \"tenantId\": \"72f988bf-86f1-41af-91ab-2d7cd011db47\"\n  },\n  \"sku\":
        {\n   \"name\": \"Basic\",\n   \"tier\": \"Free\"\n  }\n }"
    headers:
      cache-control:
      - no-cache
      content-length:
      - '4208'
      content-type:
      - application/json
      date:
      - Fri, 25 Mar 2022 04:47:29 GMT
      expires:
      - '-1'
      pragma:
      - no-cache
      server:
      - nginx
      strict-transport-security:
      - max-age=31536000; includeSubDomains
      transfer-encoding:
      - chunked
      vary:
      - Accept-Encoding
      x-content-type-options:
      - nosniff
    status:
      code: 200
      message: OK
- request:
    body: null
    headers:
      Accept:
      - application/json
      Accept-Encoding:
      - gzip, deflate
      CommandName:
      - aks update
      Connection:
      - keep-alive
      ParameterSetName:
      - --resource-group --name --enable-public-fqdn
      User-Agent:
      - AZURECLI/2.34.1 azsdk-python-azure-mgmt-containerservice/18.0.0 Python/3.8.10
        (Linux-5.13.0-1017-azure-x86_64-with-glibc2.29)
    method: GET
    uri: https://management.azure.com/subscriptions/00000000-0000-0000-0000-000000000000/resourceGroups/clitest000001/providers/Microsoft.ContainerService/managedClusters/cliakstest000001?api-version=2022-02-01
  response:
    body:
      string: "{\n  \"id\": \"/subscriptions/00000000-0000-0000-0000-000000000000/resourcegroups/clitest000001/providers/Microsoft.ContainerService/managedClusters/cliakstest000001\",\n
        \ \"location\": \"westus2\",\n  \"name\": \"cliakstest000001\",\n  \"type\":
        \"Microsoft.ContainerService/ManagedClusters\",\n  \"properties\": {\n   \"provisioningState\":
        \"Succeeded\",\n   \"powerState\": {\n    \"code\": \"Running\"\n   },\n   \"kubernetesVersion\":
        \"1.21.9\",\n   \"currentKubernetesVersion\": \"1.21.9\",\n   \"dnsPrefix\":
        \"cliakstest-clitest3d222fegp-79a739\",\n   \"azurePortalFQDN\": \"50846ce8baec09adf19df2090071b93f-priv.portal.hcp.westus2.azmk8s.io\",\n
        \  \"privateFQDN\": \"cliakstest-clitest3d222fegp-79a739-965ae065.47bb7c66-c52f-423c-b1ae-eaabd264c50b.privatelink.westus2.azmk8s.io\",\n
        \  \"agentPoolProfiles\": [\n    {\n     \"name\": \"nodepool1\",\n     \"count\":
        1,\n     \"vmSize\": \"Standard_DS2_v2\",\n     \"osDiskSizeGB\": 128,\n     \"osDiskType\":
        \"Managed\",\n     \"kubeletDiskType\": \"OS\",\n     \"maxPods\": 110,\n
        \    \"type\": \"VirtualMachineScaleSets\",\n     \"enableAutoScaling\": false,\n
        \    \"provisioningState\": \"Succeeded\",\n     \"powerState\": {\n      \"code\":
        \"Running\"\n     },\n     \"orchestratorVersion\": \"1.21.9\",\n     \"enableNodePublicIP\":
        false,\n     \"mode\": \"System\",\n     \"enableEncryptionAtHost\": false,\n
        \    \"enableUltraSSD\": false,\n     \"osType\": \"Linux\",\n     \"osSKU\":
        \"Ubuntu\",\n     \"nodeImageVersion\": \"AKSUbuntu-1804gen2containerd-2022.03.21\",\n
        \    \"enableFIPS\": false\n    }\n   ],\n   \"linuxProfile\": {\n    \"adminUsername\":
        \"azureuser\",\n    \"ssh\": {\n     \"publicKeys\": [\n      {\n       \"keyData\":
        \"ssh-rsa AAAAB3NzaC1yc2EAAAADAQABAAABAQDb7ZVBup3y1RYbGDyGyuOQrULWhQSzhTifTEMKG0Lc5hnGPJY8GGKIRx4MDxX03aVBY3izux3vtYV9U+fwqoj6MmhK8uFMXq62IoY5wDlE1dLqsSGkt486bYqIIlWw0JcMRTI2uqCgkFvOvi8yKgFg41Vhg8yxJNrH5xNpE8+a6bLxOezjYx6niDEZYR+lASfdWpAr9C8HftZ9UMC93JPRqgI/iswHkQiz7AjeBnw8dhek0PJ/sLausN27KVhcH0pbTxpX9eQntAeHAKRQAJyWmdQ+7gueqE/VDukCjanQi0zKQvAhaeFiMsthqM6vNzAlqT4gpEzqwJLQgz8vjGFt
        azcli_aks_live_test@example.com\\n\"\n      }\n     ]\n    }\n   },\n   \"servicePrincipalProfile\":
        {\n    \"clientId\":\"00000000-0000-0000-0000-000000000001\"\n   },\n   \"nodeResourceGroup\":
        \"MC_clitest000001_cliakstest000001_westus2\",\n   \"enableRBAC\": true,\n
        \  \"networkProfile\": {\n    \"networkPlugin\": \"kubenet\",\n    \"loadBalancerSku\":
        \"Standard\",\n    \"loadBalancerProfile\": {\n     \"managedOutboundIPs\":
        {\n      \"count\": 1\n     },\n     \"effectiveOutboundIPs\": [\n      {\n
        \      \"id\": \"/subscriptions/00000000-0000-0000-0000-000000000000/resourceGroups/MC_clitest000001_cliakstest000001_westus2/providers/Microsoft.Network/publicIPAddresses/07fa58c8-44a7-40b8-a690-38ab808231cd\"\n
        \     }\n     ]\n    },\n    \"podCidr\": \"10.244.0.0/16\",\n    \"serviceCidr\":
        \"10.0.0.0/16\",\n    \"dnsServiceIP\": \"10.0.0.10\",\n    \"dockerBridgeCidr\":
        \"172.17.0.1/16\",\n    \"outboundType\": \"loadBalancer\",\n    \"podCidrs\":
        [\n     \"10.244.0.0/16\"\n    ],\n    \"serviceCidrs\": [\n     \"10.0.0.0/16\"\n
        \   ],\n    \"ipFamilies\": [\n     \"IPv4\"\n    ]\n   },\n   \"maxAgentPools\":
        100,\n   \"privateLinkResources\": [\n    {\n     \"id\": \"/subscriptions/00000000-0000-0000-0000-000000000000/resourcegroups/clitest000001/providers/Microsoft.ContainerService/managedClusters/cliakstest000001/privateLinkResources/management\",\n
        \    \"name\": \"management\",\n     \"type\": \"Microsoft.ContainerService/managedClusters/privateLinkResources\",\n
        \    \"groupId\": \"management\",\n     \"requiredMembers\": [\n      \"management\"\n
        \    ]\n    }\n   ],\n   \"apiServerAccessProfile\": {\n    \"enablePrivateCluster\":
        true,\n    \"privateDNSZone\": \"system\",\n    \"enablePrivateClusterPublicFQDN\":
        false,\n    \"privateClusterVersion\": \"v1\"\n   },\n   \"identityProfile\":
        {\n    \"kubeletidentity\": {\n     \"resourceId\": \"/subscriptions/00000000-0000-0000-0000-000000000000/resourcegroups/MC_clitest000001_cliakstest000001_westus2/providers/Microsoft.ManagedIdentity/userAssignedIdentities/cliakstest000001-agentpool\",\n
        \    \"clientId\":\"00000000-0000-0000-0000-000000000001\",\n     \"objectId\":\"00000000-0000-0000-0000-000000000001\"\n
        \   }\n   },\n   \"disableLocalAccounts\": false\n  },\n  \"identity\": {\n
        \  \"type\": \"SystemAssigned\",\n   \"principalId\":\"00000000-0000-0000-0000-000000000001\",\n
        \  \"tenantId\": \"72f988bf-86f1-41af-91ab-2d7cd011db47\"\n  },\n  \"sku\":
        {\n   \"name\": \"Basic\",\n   \"tier\": \"Free\"\n  }\n }"
    headers:
      cache-control:
      - no-cache
      content-length:
      - '4208'
      content-type:
      - application/json
      date:
      - Fri, 25 Mar 2022 04:47:30 GMT
      expires:
      - '-1'
      pragma:
      - no-cache
      server:
      - nginx
      strict-transport-security:
      - max-age=31536000; includeSubDomains
      transfer-encoding:
      - chunked
      vary:
      - Accept-Encoding
      x-content-type-options:
      - nosniff
    status:
      code: 200
      message: OK
- request:
    body: '{"location": "westus2", "sku": {"name": "Basic", "tier": "Free"}, "identity":
      {"type": "SystemAssigned"}, "properties": {"kubernetesVersion": "1.21.9", "dnsPrefix":
      "cliakstest-clitest3d222fegp-79a739", "agentPoolProfiles": [{"count": 1, "vmSize":
      "Standard_DS2_v2", "osDiskSizeGB": 128, "osDiskType": "Managed", "kubeletDiskType":
      "OS", "maxPods": 110, "osType": "Linux", "osSKU": "Ubuntu", "enableAutoScaling":
      false, "type": "VirtualMachineScaleSets", "mode": "System", "orchestratorVersion":
      "1.21.9", "powerState": {"code": "Running"}, "enableNodePublicIP": false, "enableEncryptionAtHost":
      false, "enableUltraSSD": false, "enableFIPS": false, "name": "nodepool1"}],
      "linuxProfile": {"adminUsername": "azureuser", "ssh": {"publicKeys": [{"keyData":
      "ssh-rsa AAAAB3NzaC1yc2EAAAADAQABAAABAQDb7ZVBup3y1RYbGDyGyuOQrULWhQSzhTifTEMKG0Lc5hnGPJY8GGKIRx4MDxX03aVBY3izux3vtYV9U+fwqoj6MmhK8uFMXq62IoY5wDlE1dLqsSGkt486bYqIIlWw0JcMRTI2uqCgkFvOvi8yKgFg41Vhg8yxJNrH5xNpE8+a6bLxOezjYx6niDEZYR+lASfdWpAr9C8HftZ9UMC93JPRqgI/iswHkQiz7AjeBnw8dhek0PJ/sLausN27KVhcH0pbTxpX9eQntAeHAKRQAJyWmdQ+7gueqE/VDukCjanQi0zKQvAhaeFiMsthqM6vNzAlqT4gpEzqwJLQgz8vjGFt
      azcli_aks_live_test@example.com\n"}]}}, "servicePrincipalProfile": {"clientId":"00000000-0000-0000-0000-000000000001"},
      "nodeResourceGroup": "MC_clitest000001_cliakstest000001_westus2", "enableRBAC":
      true, "networkProfile": {"networkPlugin": "kubenet", "podCidr": "10.244.0.0/16",
      "serviceCidr": "10.0.0.0/16", "dnsServiceIP": "10.0.0.10", "dockerBridgeCidr":
      "172.17.0.1/16", "outboundType": "loadBalancer", "loadBalancerSku": "Standard",
      "loadBalancerProfile": {"managedOutboundIPs": {"count": 1}, "effectiveOutboundIPs":
      [{"id": "/subscriptions/00000000-0000-0000-0000-000000000000/resourceGroups/MC_clitest000001_cliakstest000001_westus2/providers/Microsoft.Network/publicIPAddresses/07fa58c8-44a7-40b8-a690-38ab808231cd"}]},
      "podCidrs": ["10.244.0.0/16"], "serviceCidrs": ["10.0.0.0/16"], "ipFamilies":
      ["IPv4"]}, "apiServerAccessProfile": {"enablePrivateCluster": true, "privateDNSZone":
      "system", "enablePrivateClusterPublicFQDN": true}, "identityProfile": {"kubeletidentity":
      {"resourceId": "/subscriptions/00000000-0000-0000-0000-000000000000/resourcegroups/MC_clitest000001_cliakstest000001_westus2/providers/Microsoft.ManagedIdentity/userAssignedIdentities/cliakstest000001-agentpool",
      "clientId":"00000000-0000-0000-0000-000000000001", "objectId":"00000000-0000-0000-0000-000000000001"}},
      "privateLinkResources": [{"id": "/subscriptions/00000000-0000-0000-0000-000000000000/resourcegroups/clitest000001/providers/Microsoft.ContainerService/managedClusters/cliakstest000001/privateLinkResources/management",
      "name": "management", "type": "Microsoft.ContainerService/managedClusters/privateLinkResources",
      "groupId": "management", "requiredMembers": ["management"]}], "disableLocalAccounts":
      false}}'
    headers:
      Accept:
      - application/json
      Accept-Encoding:
      - gzip, deflate
      CommandName:
      - aks update
      Connection:
      - keep-alive
      Content-Length:
      - '2845'
      Content-Type:
      - application/json
      ParameterSetName:
      - --resource-group --name --enable-public-fqdn
      User-Agent:
      - AZURECLI/2.34.1 azsdk-python-azure-mgmt-containerservice/18.0.0 Python/3.8.10
        (Linux-5.13.0-1017-azure-x86_64-with-glibc2.29)
    method: PUT
    uri: https://management.azure.com/subscriptions/00000000-0000-0000-0000-000000000000/resourceGroups/clitest000001/providers/Microsoft.ContainerService/managedClusters/cliakstest000001?api-version=2022-02-01
  response:
    body:
      string: "{\n  \"id\": \"/subscriptions/00000000-0000-0000-0000-000000000000/resourcegroups/clitest000001/providers/Microsoft.ContainerService/managedClusters/cliakstest000001\",\n
        \ \"location\": \"westus2\",\n  \"name\": \"cliakstest000001\",\n  \"type\":
        \"Microsoft.ContainerService/ManagedClusters\",\n  \"properties\": {\n   \"provisioningState\":
        \"Updating\",\n   \"powerState\": {\n    \"code\": \"Running\"\n   },\n   \"kubernetesVersion\":
        \"1.21.9\",\n   \"currentKubernetesVersion\": \"1.21.9\",\n   \"dnsPrefix\":
        \"cliakstest-clitest3d222fegp-79a739\",\n   \"fqdn\": \"cliakstest-clitest3d222fegp-79a739-71c0b40e.hcp.westus2.azmk8s.io\",\n
        \  \"azurePortalFQDN\": \"50846ce8baec09adf19df2090071b93f-priv.portal.hcp.westus2.azmk8s.io\",\n
        \  \"privateFQDN\": \"cliakstest-clitest3d222fegp-79a739-965ae065.47bb7c66-c52f-423c-b1ae-eaabd264c50b.privatelink.westus2.azmk8s.io\",\n
        \  \"agentPoolProfiles\": [\n    {\n     \"name\": \"nodepool1\",\n     \"count\":
        1,\n     \"vmSize\": \"Standard_DS2_v2\",\n     \"osDiskSizeGB\": 128,\n     \"osDiskType\":
        \"Managed\",\n     \"kubeletDiskType\": \"OS\",\n     \"maxPods\": 110,\n
        \    \"type\": \"VirtualMachineScaleSets\",\n     \"enableAutoScaling\": false,\n
        \    \"provisioningState\": \"Updating\",\n     \"powerState\": {\n      \"code\":
        \"Running\"\n     },\n     \"orchestratorVersion\": \"1.21.9\",\n     \"enableNodePublicIP\":
        false,\n     \"mode\": \"System\",\n     \"enableEncryptionAtHost\": false,\n
        \    \"enableUltraSSD\": false,\n     \"osType\": \"Linux\",\n     \"osSKU\":
        \"Ubuntu\",\n     \"nodeImageVersion\": \"AKSUbuntu-1804gen2containerd-2022.03.21\",\n
        \    \"enableFIPS\": false\n    }\n   ],\n   \"linuxProfile\": {\n    \"adminUsername\":
        \"azureuser\",\n    \"ssh\": {\n     \"publicKeys\": [\n      {\n       \"keyData\":
        \"ssh-rsa AAAAB3NzaC1yc2EAAAADAQABAAABAQDb7ZVBup3y1RYbGDyGyuOQrULWhQSzhTifTEMKG0Lc5hnGPJY8GGKIRx4MDxX03aVBY3izux3vtYV9U+fwqoj6MmhK8uFMXq62IoY5wDlE1dLqsSGkt486bYqIIlWw0JcMRTI2uqCgkFvOvi8yKgFg41Vhg8yxJNrH5xNpE8+a6bLxOezjYx6niDEZYR+lASfdWpAr9C8HftZ9UMC93JPRqgI/iswHkQiz7AjeBnw8dhek0PJ/sLausN27KVhcH0pbTxpX9eQntAeHAKRQAJyWmdQ+7gueqE/VDukCjanQi0zKQvAhaeFiMsthqM6vNzAlqT4gpEzqwJLQgz8vjGFt
        azcli_aks_live_test@example.com\\n\"\n      }\n     ]\n    }\n   },\n   \"servicePrincipalProfile\":
        {\n    \"clientId\":\"00000000-0000-0000-0000-000000000001\"\n   },\n   \"nodeResourceGroup\":
        \"MC_clitest000001_cliakstest000001_westus2\",\n   \"enableRBAC\": true,\n
        \  \"networkProfile\": {\n    \"networkPlugin\": \"kubenet\",\n    \"loadBalancerSku\":
        \"Standard\",\n    \"loadBalancerProfile\": {\n     \"managedOutboundIPs\":
        {\n      \"count\": 1\n     },\n     \"effectiveOutboundIPs\": [\n      {\n
        \      \"id\": \"/subscriptions/00000000-0000-0000-0000-000000000000/resourceGroups/MC_clitest000001_cliakstest000001_westus2/providers/Microsoft.Network/publicIPAddresses/07fa58c8-44a7-40b8-a690-38ab808231cd\"\n
        \     }\n     ]\n    },\n    \"podCidr\": \"10.244.0.0/16\",\n    \"serviceCidr\":
        \"10.0.0.0/16\",\n    \"dnsServiceIP\": \"10.0.0.10\",\n    \"dockerBridgeCidr\":
        \"172.17.0.1/16\",\n    \"outboundType\": \"loadBalancer\",\n    \"podCidrs\":
        [\n     \"10.244.0.0/16\"\n    ],\n    \"serviceCidrs\": [\n     \"10.0.0.0/16\"\n
        \   ],\n    \"ipFamilies\": [\n     \"IPv4\"\n    ]\n   },\n   \"maxAgentPools\":
        100,\n   \"privateLinkResources\": [\n    {\n     \"name\": \"management\",\n
        \    \"type\": \"Microsoft.ContainerService/managedClusters/privateLinkResources\",\n
        \    \"groupId\": \"management\",\n     \"requiredMembers\": [\n      \"management\"\n
        \    ],\n     \"privateLinkServiceID\": \"/subscriptions/00000000-0000-0000-0000-000000000000/resourceGroups/hcp-underlay-westus2-cx-154/providers/Microsoft.Network/privateLinkServices/a734dcfe0b69347b79b376b5b0300a20\"\n
        \   }\n   ],\n   \"apiServerAccessProfile\": {\n    \"enablePrivateCluster\":
        true,\n    \"privateDNSZone\": \"system\",\n    \"enablePrivateClusterPublicFQDN\":
        true,\n    \"privateClusterVersion\": \"v1\"\n   },\n   \"identityProfile\":
        {\n    \"kubeletidentity\": {\n     \"resourceId\": \"/subscriptions/00000000-0000-0000-0000-000000000000/resourcegroups/MC_clitest000001_cliakstest000001_westus2/providers/Microsoft.ManagedIdentity/userAssignedIdentities/cliakstest000001-agentpool\",\n
        \    \"clientId\":\"00000000-0000-0000-0000-000000000001\",\n     \"objectId\":\"00000000-0000-0000-0000-000000000001\"\n
        \   }\n   },\n   \"disableLocalAccounts\": false\n  },\n  \"identity\": {\n
        \  \"type\": \"SystemAssigned\",\n   \"principalId\":\"00000000-0000-0000-0000-000000000001\",\n
        \  \"tenantId\": \"72f988bf-86f1-41af-91ab-2d7cd011db47\"\n  },\n  \"sku\":
        {\n   \"name\": \"Basic\",\n   \"tier\": \"Free\"\n  }\n }"
    headers:
      azure-asyncoperation:
      - https://management.azure.com/subscriptions/00000000-0000-0000-0000-000000000000/providers/Microsoft.ContainerService/locations/westus2/operations/94c2973a-8fc1-4ca5-80e6-46d6943b6617?api-version=2016-03-30
      cache-control:
      - no-cache
      content-length:
      - '4296'
      content-type:
      - application/json
      date:
      - Fri, 25 Mar 2022 04:47:33 GMT
      expires:
      - '-1'
      pragma:
      - no-cache
      server:
      - nginx
      strict-transport-security:
      - max-age=31536000; includeSubDomains
      transfer-encoding:
      - chunked
      vary:
      - Accept-Encoding
      x-content-type-options:
      - nosniff
      x-ms-ratelimit-remaining-subscription-writes:
      - '1196'
    status:
      code: 200
      message: OK
- request:
    body: null
    headers:
      Accept:
      - '*/*'
      Accept-Encoding:
      - gzip, deflate
      CommandName:
      - aks update
      Connection:
      - keep-alive
      ParameterSetName:
      - --resource-group --name --enable-public-fqdn
      User-Agent:
      - AZURECLI/2.34.1 azsdk-python-azure-mgmt-containerservice/18.0.0 Python/3.8.10
        (Linux-5.13.0-1017-azure-x86_64-with-glibc2.29)
    method: GET
    uri: https://management.azure.com/subscriptions/00000000-0000-0000-0000-000000000000/providers/Microsoft.ContainerService/locations/westus2/operations/94c2973a-8fc1-4ca5-80e6-46d6943b6617?api-version=2016-03-30
  response:
    body:
      string: "{\n  \"name\": \"3a97c294-c18f-a54c-80e6-46d6943b6617\",\n  \"status\":
        \"InProgress\",\n  \"startTime\": \"2022-03-25T04:47:34.0566666Z\"\n }"
    headers:
      cache-control:
      - no-cache
      content-length:
      - '126'
      content-type:
      - application/json
      date:
      - Fri, 25 Mar 2022 04:48:04 GMT
      expires:
      - '-1'
      pragma:
      - no-cache
      server:
      - nginx
      strict-transport-security:
      - max-age=31536000; includeSubDomains
      transfer-encoding:
      - chunked
      vary:
      - Accept-Encoding
      x-content-type-options:
      - nosniff
    status:
      code: 200
      message: OK
- request:
    body: null
    headers:
      Accept:
      - '*/*'
      Accept-Encoding:
      - gzip, deflate
      CommandName:
      - aks update
      Connection:
      - keep-alive
      ParameterSetName:
      - --resource-group --name --enable-public-fqdn
      User-Agent:
      - AZURECLI/2.34.1 azsdk-python-azure-mgmt-containerservice/18.0.0 Python/3.8.10
        (Linux-5.13.0-1017-azure-x86_64-with-glibc2.29)
    method: GET
    uri: https://management.azure.com/subscriptions/00000000-0000-0000-0000-000000000000/providers/Microsoft.ContainerService/locations/westus2/operations/94c2973a-8fc1-4ca5-80e6-46d6943b6617?api-version=2016-03-30
  response:
    body:
      string: "{\n  \"name\": \"3a97c294-c18f-a54c-80e6-46d6943b6617\",\n  \"status\":
        \"InProgress\",\n  \"startTime\": \"2022-03-25T04:47:34.0566666Z\"\n }"
    headers:
      cache-control:
      - no-cache
      content-length:
      - '126'
      content-type:
      - application/json
      date:
      - Fri, 25 Mar 2022 04:48:34 GMT
      expires:
      - '-1'
      pragma:
      - no-cache
      server:
      - nginx
      strict-transport-security:
      - max-age=31536000; includeSubDomains
      transfer-encoding:
      - chunked
      vary:
      - Accept-Encoding
      x-content-type-options:
      - nosniff
    status:
      code: 200
      message: OK
- request:
    body: null
    headers:
      Accept:
      - '*/*'
      Accept-Encoding:
      - gzip, deflate
      CommandName:
      - aks update
      Connection:
      - keep-alive
      ParameterSetName:
      - --resource-group --name --enable-public-fqdn
      User-Agent:
      - AZURECLI/2.34.1 azsdk-python-azure-mgmt-containerservice/18.0.0 Python/3.8.10
        (Linux-5.13.0-1017-azure-x86_64-with-glibc2.29)
    method: GET
    uri: https://management.azure.com/subscriptions/00000000-0000-0000-0000-000000000000/providers/Microsoft.ContainerService/locations/westus2/operations/94c2973a-8fc1-4ca5-80e6-46d6943b6617?api-version=2016-03-30
  response:
    body:
      string: "{\n  \"name\": \"3a97c294-c18f-a54c-80e6-46d6943b6617\",\n  \"status\":
        \"InProgress\",\n  \"startTime\": \"2022-03-25T04:47:34.0566666Z\"\n }"
    headers:
      cache-control:
      - no-cache
      content-length:
      - '126'
      content-type:
      - application/json
      date:
      - Fri, 25 Mar 2022 04:49:04 GMT
      expires:
      - '-1'
      pragma:
      - no-cache
      server:
      - nginx
      strict-transport-security:
      - max-age=31536000; includeSubDomains
      transfer-encoding:
      - chunked
      vary:
      - Accept-Encoding
      x-content-type-options:
      - nosniff
    status:
      code: 200
      message: OK
- request:
    body: null
    headers:
      Accept:
      - '*/*'
      Accept-Encoding:
      - gzip, deflate
      CommandName:
      - aks update
      Connection:
      - keep-alive
      ParameterSetName:
      - --resource-group --name --enable-public-fqdn
      User-Agent:
      - AZURECLI/2.34.1 azsdk-python-azure-mgmt-containerservice/18.0.0 Python/3.8.10
        (Linux-5.13.0-1017-azure-x86_64-with-glibc2.29)
    method: GET
    uri: https://management.azure.com/subscriptions/00000000-0000-0000-0000-000000000000/providers/Microsoft.ContainerService/locations/westus2/operations/94c2973a-8fc1-4ca5-80e6-46d6943b6617?api-version=2016-03-30
  response:
    body:
      string: "{\n  \"name\": \"3a97c294-c18f-a54c-80e6-46d6943b6617\",\n  \"status\":
        \"InProgress\",\n  \"startTime\": \"2022-03-25T04:47:34.0566666Z\"\n }"
    headers:
      cache-control:
      - no-cache
      content-length:
      - '126'
      content-type:
      - application/json
      date:
      - Fri, 25 Mar 2022 04:49:34 GMT
      expires:
      - '-1'
      pragma:
      - no-cache
      server:
      - nginx
      strict-transport-security:
      - max-age=31536000; includeSubDomains
      transfer-encoding:
      - chunked
      vary:
      - Accept-Encoding
      x-content-type-options:
      - nosniff
    status:
      code: 200
      message: OK
- request:
    body: null
    headers:
      Accept:
      - '*/*'
      Accept-Encoding:
      - gzip, deflate
      CommandName:
      - aks update
      Connection:
      - keep-alive
      ParameterSetName:
      - --resource-group --name --enable-public-fqdn
      User-Agent:
      - AZURECLI/2.34.1 azsdk-python-azure-mgmt-containerservice/18.0.0 Python/3.8.10
        (Linux-5.13.0-1017-azure-x86_64-with-glibc2.29)
    method: GET
    uri: https://management.azure.com/subscriptions/00000000-0000-0000-0000-000000000000/providers/Microsoft.ContainerService/locations/westus2/operations/94c2973a-8fc1-4ca5-80e6-46d6943b6617?api-version=2016-03-30
  response:
    body:
      string: "{\n  \"name\": \"3a97c294-c18f-a54c-80e6-46d6943b6617\",\n  \"status\":
        \"InProgress\",\n  \"startTime\": \"2022-03-25T04:47:34.0566666Z\"\n }"
    headers:
      cache-control:
      - no-cache
      content-length:
      - '126'
      content-type:
      - application/json
      date:
      - Fri, 25 Mar 2022 04:50:04 GMT
      expires:
      - '-1'
      pragma:
      - no-cache
      server:
      - nginx
      strict-transport-security:
      - max-age=31536000; includeSubDomains
      transfer-encoding:
      - chunked
      vary:
      - Accept-Encoding
      x-content-type-options:
      - nosniff
    status:
      code: 200
      message: OK
- request:
    body: null
    headers:
      Accept:
      - '*/*'
      Accept-Encoding:
      - gzip, deflate
      CommandName:
      - aks update
      Connection:
      - keep-alive
      ParameterSetName:
      - --resource-group --name --enable-public-fqdn
      User-Agent:
      - AZURECLI/2.34.1 azsdk-python-azure-mgmt-containerservice/18.0.0 Python/3.8.10
        (Linux-5.13.0-1017-azure-x86_64-with-glibc2.29)
    method: GET
    uri: https://management.azure.com/subscriptions/00000000-0000-0000-0000-000000000000/providers/Microsoft.ContainerService/locations/westus2/operations/94c2973a-8fc1-4ca5-80e6-46d6943b6617?api-version=2016-03-30
  response:
    body:
      string: "{\n  \"name\": \"3a97c294-c18f-a54c-80e6-46d6943b6617\",\n  \"status\":
        \"InProgress\",\n  \"startTime\": \"2022-03-25T04:47:34.0566666Z\"\n }"
    headers:
      cache-control:
      - no-cache
      content-length:
      - '126'
      content-type:
      - application/json
      date:
      - Fri, 25 Mar 2022 04:50:34 GMT
      expires:
      - '-1'
      pragma:
      - no-cache
      server:
      - nginx
      strict-transport-security:
      - max-age=31536000; includeSubDomains
      transfer-encoding:
      - chunked
      vary:
      - Accept-Encoding
      x-content-type-options:
      - nosniff
    status:
      code: 200
      message: OK
- request:
    body: null
    headers:
      Accept:
      - '*/*'
      Accept-Encoding:
      - gzip, deflate
      CommandName:
      - aks update
      Connection:
      - keep-alive
      ParameterSetName:
      - --resource-group --name --enable-public-fqdn
      User-Agent:
      - AZURECLI/2.34.1 azsdk-python-azure-mgmt-containerservice/18.0.0 Python/3.8.10
        (Linux-5.13.0-1017-azure-x86_64-with-glibc2.29)
    method: GET
    uri: https://management.azure.com/subscriptions/00000000-0000-0000-0000-000000000000/providers/Microsoft.ContainerService/locations/westus2/operations/94c2973a-8fc1-4ca5-80e6-46d6943b6617?api-version=2016-03-30
  response:
    body:
      string: "{\n  \"name\": \"3a97c294-c18f-a54c-80e6-46d6943b6617\",\n  \"status\":
        \"InProgress\",\n  \"startTime\": \"2022-03-25T04:47:34.0566666Z\"\n }"
    headers:
      cache-control:
      - no-cache
      content-length:
      - '126'
      content-type:
      - application/json
      date:
      - Fri, 25 Mar 2022 04:51:04 GMT
      expires:
      - '-1'
      pragma:
      - no-cache
      server:
      - nginx
      strict-transport-security:
      - max-age=31536000; includeSubDomains
      transfer-encoding:
      - chunked
      vary:
      - Accept-Encoding
      x-content-type-options:
      - nosniff
    status:
      code: 200
      message: OK
- request:
    body: null
    headers:
      Accept:
      - '*/*'
      Accept-Encoding:
      - gzip, deflate
      CommandName:
      - aks update
      Connection:
      - keep-alive
      ParameterSetName:
      - --resource-group --name --enable-public-fqdn
      User-Agent:
      - AZURECLI/2.34.1 azsdk-python-azure-mgmt-containerservice/18.0.0 Python/3.8.10
        (Linux-5.13.0-1017-azure-x86_64-with-glibc2.29)
    method: GET
    uri: https://management.azure.com/subscriptions/00000000-0000-0000-0000-000000000000/providers/Microsoft.ContainerService/locations/westus2/operations/94c2973a-8fc1-4ca5-80e6-46d6943b6617?api-version=2016-03-30
  response:
    body:
      string: "{\n  \"name\": \"3a97c294-c18f-a54c-80e6-46d6943b6617\",\n  \"status\":
        \"Succeeded\",\n  \"startTime\": \"2022-03-25T04:47:34.0566666Z\",\n  \"endTime\":
        \"2022-03-25T04:51:26.7135146Z\"\n }"
    headers:
      cache-control:
      - no-cache
      content-length:
      - '170'
      content-type:
      - application/json
      date:
      - Fri, 25 Mar 2022 04:51:34 GMT
      expires:
      - '-1'
      pragma:
      - no-cache
      server:
      - nginx
      strict-transport-security:
      - max-age=31536000; includeSubDomains
      transfer-encoding:
      - chunked
      vary:
      - Accept-Encoding
      x-content-type-options:
      - nosniff
    status:
      code: 200
      message: OK
- request:
    body: null
    headers:
      Accept:
      - '*/*'
      Accept-Encoding:
      - gzip, deflate
      CommandName:
      - aks update
      Connection:
      - keep-alive
      ParameterSetName:
      - --resource-group --name --enable-public-fqdn
      User-Agent:
      - AZURECLI/2.34.1 azsdk-python-azure-mgmt-containerservice/18.0.0 Python/3.8.10
        (Linux-5.13.0-1017-azure-x86_64-with-glibc2.29)
    method: GET
    uri: https://management.azure.com/subscriptions/00000000-0000-0000-0000-000000000000/resourceGroups/clitest000001/providers/Microsoft.ContainerService/managedClusters/cliakstest000001?api-version=2022-02-01
  response:
    body:
      string: "{\n  \"id\": \"/subscriptions/00000000-0000-0000-0000-000000000000/resourcegroups/clitest000001/providers/Microsoft.ContainerService/managedClusters/cliakstest000001\",\n
        \ \"location\": \"westus2\",\n  \"name\": \"cliakstest000001\",\n  \"type\":
        \"Microsoft.ContainerService/ManagedClusters\",\n  \"properties\": {\n   \"provisioningState\":
        \"Succeeded\",\n   \"powerState\": {\n    \"code\": \"Running\"\n   },\n   \"kubernetesVersion\":
        \"1.21.9\",\n   \"currentKubernetesVersion\": \"1.21.9\",\n   \"dnsPrefix\":
        \"cliakstest-clitest3d222fegp-79a739\",\n   \"fqdn\": \"cliakstest-clitest3d222fegp-79a739-71c0b40e.hcp.westus2.azmk8s.io\",\n
        \  \"azurePortalFQDN\": \"50846ce8baec09adf19df2090071b93f-priv.portal.hcp.westus2.azmk8s.io\",\n
        \  \"privateFQDN\": \"cliakstest-clitest3d222fegp-79a739-965ae065.47bb7c66-c52f-423c-b1ae-eaabd264c50b.privatelink.westus2.azmk8s.io\",\n
        \  \"agentPoolProfiles\": [\n    {\n     \"name\": \"nodepool1\",\n     \"count\":
        1,\n     \"vmSize\": \"Standard_DS2_v2\",\n     \"osDiskSizeGB\": 128,\n     \"osDiskType\":
        \"Managed\",\n     \"kubeletDiskType\": \"OS\",\n     \"maxPods\": 110,\n
        \    \"type\": \"VirtualMachineScaleSets\",\n     \"enableAutoScaling\": false,\n
        \    \"provisioningState\": \"Succeeded\",\n     \"powerState\": {\n      \"code\":
        \"Running\"\n     },\n     \"orchestratorVersion\": \"1.21.9\",\n     \"enableNodePublicIP\":
        false,\n     \"mode\": \"System\",\n     \"enableEncryptionAtHost\": false,\n
        \    \"enableUltraSSD\": false,\n     \"osType\": \"Linux\",\n     \"osSKU\":
        \"Ubuntu\",\n     \"nodeImageVersion\": \"AKSUbuntu-1804gen2containerd-2022.03.21\",\n
        \    \"enableFIPS\": false\n    }\n   ],\n   \"linuxProfile\": {\n    \"adminUsername\":
        \"azureuser\",\n    \"ssh\": {\n     \"publicKeys\": [\n      {\n       \"keyData\":
        \"ssh-rsa AAAAB3NzaC1yc2EAAAADAQABAAABAQDb7ZVBup3y1RYbGDyGyuOQrULWhQSzhTifTEMKG0Lc5hnGPJY8GGKIRx4MDxX03aVBY3izux3vtYV9U+fwqoj6MmhK8uFMXq62IoY5wDlE1dLqsSGkt486bYqIIlWw0JcMRTI2uqCgkFvOvi8yKgFg41Vhg8yxJNrH5xNpE8+a6bLxOezjYx6niDEZYR+lASfdWpAr9C8HftZ9UMC93JPRqgI/iswHkQiz7AjeBnw8dhek0PJ/sLausN27KVhcH0pbTxpX9eQntAeHAKRQAJyWmdQ+7gueqE/VDukCjanQi0zKQvAhaeFiMsthqM6vNzAlqT4gpEzqwJLQgz8vjGFt
        azcli_aks_live_test@example.com\\n\"\n      }\n     ]\n    }\n   },\n   \"servicePrincipalProfile\":
        {\n    \"clientId\":\"00000000-0000-0000-0000-000000000001\"\n   },\n   \"nodeResourceGroup\":
        \"MC_clitest000001_cliakstest000001_westus2\",\n   \"enableRBAC\": true,\n
        \  \"networkProfile\": {\n    \"networkPlugin\": \"kubenet\",\n    \"loadBalancerSku\":
        \"Standard\",\n    \"loadBalancerProfile\": {\n     \"managedOutboundIPs\":
        {\n      \"count\": 1\n     },\n     \"effectiveOutboundIPs\": [\n      {\n
        \      \"id\": \"/subscriptions/00000000-0000-0000-0000-000000000000/resourceGroups/MC_clitest000001_cliakstest000001_westus2/providers/Microsoft.Network/publicIPAddresses/07fa58c8-44a7-40b8-a690-38ab808231cd\"\n
        \     }\n     ]\n    },\n    \"podCidr\": \"10.244.0.0/16\",\n    \"serviceCidr\":
        \"10.0.0.0/16\",\n    \"dnsServiceIP\": \"10.0.0.10\",\n    \"dockerBridgeCidr\":
        \"172.17.0.1/16\",\n    \"outboundType\": \"loadBalancer\",\n    \"podCidrs\":
        [\n     \"10.244.0.0/16\"\n    ],\n    \"serviceCidrs\": [\n     \"10.0.0.0/16\"\n
        \   ],\n    \"ipFamilies\": [\n     \"IPv4\"\n    ]\n   },\n   \"maxAgentPools\":
        100,\n   \"privateLinkResources\": [\n    {\n     \"id\": \"/subscriptions/00000000-0000-0000-0000-000000000000/resourcegroups/clitest000001/providers/Microsoft.ContainerService/managedClusters/cliakstest000001/privateLinkResources/management\",\n
        \    \"name\": \"management\",\n     \"type\": \"Microsoft.ContainerService/managedClusters/privateLinkResources\",\n
        \    \"groupId\": \"management\",\n     \"requiredMembers\": [\n      \"management\"\n
        \    ]\n    }\n   ],\n   \"apiServerAccessProfile\": {\n    \"enablePrivateCluster\":
        true,\n    \"privateDNSZone\": \"system\",\n    \"enablePrivateClusterPublicFQDN\":
        true,\n    \"privateClusterVersion\": \"v1\"\n   },\n   \"identityProfile\":
        {\n    \"kubeletidentity\": {\n     \"resourceId\": \"/subscriptions/00000000-0000-0000-0000-000000000000/resourcegroups/MC_clitest000001_cliakstest000001_westus2/providers/Microsoft.ManagedIdentity/userAssignedIdentities/cliakstest000001-agentpool\",\n
        \    \"clientId\":\"00000000-0000-0000-0000-000000000001\",\n     \"objectId\":\"00000000-0000-0000-0000-000000000001\"\n
        \   }\n   },\n   \"disableLocalAccounts\": false\n  },\n  \"identity\": {\n
        \  \"type\": \"SystemAssigned\",\n   \"principalId\":\"00000000-0000-0000-0000-000000000001\",\n
        \  \"tenantId\": \"72f988bf-86f1-41af-91ab-2d7cd011db47\"\n  },\n  \"sku\":
        {\n   \"name\": \"Basic\",\n   \"tier\": \"Free\"\n  }\n }"
    headers:
      cache-control:
      - no-cache
      content-length:
      - '4287'
      content-type:
      - application/json
      date:
      - Fri, 25 Mar 2022 04:51:34 GMT
      expires:
      - '-1'
      pragma:
      - no-cache
      server:
      - nginx
      strict-transport-security:
      - max-age=31536000; includeSubDomains
      transfer-encoding:
      - chunked
      vary:
      - Accept-Encoding
      x-content-type-options:
      - nosniff
    status:
      code: 200
      message: OK
- request:
    body: null
    headers:
      Accept:
      - application/json
      Accept-Encoding:
      - gzip, deflate
      CommandName:
      - aks delete
      Connection:
      - keep-alive
      Content-Length:
      - '0'
      ParameterSetName:
      - -g -n --yes --no-wait
      User-Agent:
      - AZURECLI/2.34.1 azsdk-python-azure-mgmt-containerservice/18.0.0 Python/3.8.10
        (Linux-5.13.0-1017-azure-x86_64-with-glibc2.29)
    method: DELETE
    uri: https://management.azure.com/subscriptions/00000000-0000-0000-0000-000000000000/resourceGroups/clitest000001/providers/Microsoft.ContainerService/managedClusters/cliakstest000001?api-version=2022-02-01
  response:
    body:
      string: ''
    headers:
      azure-asyncoperation:
      - https://management.azure.com/subscriptions/00000000-0000-0000-0000-000000000000/providers/Microsoft.ContainerService/locations/westus2/operations/ee51abe8-24e8-4731-87b4-74913751393f?api-version=2016-03-30
      cache-control:
      - no-cache
      content-length:
      - '0'
      date:
      - Fri, 25 Mar 2022 04:51:35 GMT
      expires:
      - '-1'
      location:
      - https://management.azure.com/subscriptions/00000000-0000-0000-0000-000000000000/providers/Microsoft.ContainerService/locations/westus2/operationresults/ee51abe8-24e8-4731-87b4-74913751393f?api-version=2016-03-30
      pragma:
      - no-cache
      server:
      - nginx
      strict-transport-security:
      - max-age=31536000; includeSubDomains
      x-content-type-options:
      - nosniff
      x-ms-ratelimit-remaining-subscription-deletes:
      - '14994'
    status:
      code: 202
      message: Accepted
version: 1
