interactions:
- request:
    body: '{"location": "westus2", "properties": {"kubernetesVersion": "", "dnsPrefix":
      "cliaksdns000002", "agentPoolProfiles": [{"count": 1, "vmSize": "Standard_DS2_v2",
      "workloadRuntime": "OCIContainer", "osType": "Linux", "enableAutoScaling": false,
      "type": "VirtualMachineScaleSets", "mode": "System", "enableNodePublicIP": false,
      "scaleSetPriority": "Regular", "scaleSetEvictionPolicy": "Delete", "spotMaxPrice":
      -1.0, "enableEncryptionAtHost": false, "enableUltraSSD": false, "enableFIPS":
      false, "name": "nodepool1"}], "linuxProfile": {"adminUsername": "azureuser",
      "ssh": {"publicKeys": [{"keyData": "ssh-rsa AAAAB3NzaC1yc2EAAAADAQABAAACAQCbIg1guRHbI0lV11wWDt1r2cUdcNd27CJsg+SfgC7miZeubtwUhbsPdhMQsfDyhOWHq1+ZL0M+nJZV63d/1dhmhtgyOqejUwrPlzKhydsbrsdUor+JmNJDdW01v7BXHyuymT8G4s09jCasNOwiufbP/qp72ruu0bIA1nySsvlf9pCQAuFkAnVnf/rFhUlOkhtRpwcq8SUNY2zRHR/EKb/4NWY1JzR4sa3q2fWIJdrrX0DvLoa5g9bIEd4Df79ba7v+yiUBOS0zT2ll+z4g9izHK3EO5d8hL4jYxcjKs+wcslSYRWrascfscLgMlMGh0CdKeNTDjHpGPncaf3Z+FwwwjWeuiNBxv7bJo13/8B/098KlVDl4GZqsoBCEjPyJfV6hO0y/LkRGkk7oHWKgeWAfKtfLItRp00eZ4fcJNK9kCaSMmEugoZWcI7NGbZXzqFWqbpRI7NcDP9+WIQ+i9U5vqWsqd/zng4kbuAJ6UuKqIzB0upYrLShfQE3SAck8oaLhJqqq56VfDuASNpJKidV+zq27HfSBmbXnkR/5AK337dc3MXKJypoK/QPMLKUAP5XLPbs+NddJQV7EZXd29DLgp+fRIg3edpKdO7ZErWhv7d+3Kws+e1Y+ypmR2WIVSwVyBEUfgv2C8Ts9gnTF4pNcEY/S2aBicz5Ew2+jdyGNQQ==
      test@example.com\n"}]}}, "servicePrincipalProfile": {"clientId":"00000000-0000-0000-0000-000000000001",
      "secret":"fake-secret"}, "addonProfiles": {}, "enableRBAC": true, "enablePodSecurityPolicy":
      false, "networkProfile": {"networkPlugin": "kubenet", "podCidr": "10.244.0.0/16",
      "serviceCidr": "10.0.0.0/16", "dnsServiceIP": "10.0.0.10", "dockerBridgeCidr":
      "172.17.0.1/16", "outboundType": "loadBalancer", "loadBalancerSku": "standard"},
      "disableLocalAccounts": false, "storageProfile": {}}}'
    headers:
      Accept:
      - application/json
      Accept-Encoding:
      - gzip, deflate
      CommandName:
      - aks create
      Connection:
      - keep-alive
      Content-Length:
      - '1815'
      Content-Type:
      - application/json
      ParameterSetName:
      - --resource-group --name --location --dns-name-prefix --node-count --ssh-key-value
        --service-principal --client-secret --enable-managed-identity
      User-Agent:
      - AZURECLI/2.37.0 azsdk-python-azure-mgmt-containerservice/19.0.0b Python/3.9.5
        (Windows-10-10.0.19044-SP0)
    method: PUT
    uri: https://management.azure.com/subscriptions/00000000-0000-0000-0000-000000000000/resourceGroups/clitest000001/providers/Microsoft.ContainerService/managedClusters/cliakstest000001?api-version=2022-04-02-preview
  response:
    body:
      string: "{\n  \"id\": \"/subscriptions/00000000-0000-0000-0000-000000000000/resourcegroups/clitest000001/providers/Microsoft.ContainerService/managedClusters/cliakstest000001\",\n
        \ \"location\": \"westus2\",\n  \"name\": \"cliakstest000001\",\n  \"type\":
        \"Microsoft.ContainerService/ManagedClusters\",\n  \"properties\": {\n   \"provisioningState\":
        \"Creating\",\n   \"powerState\": {\n    \"code\": \"Running\"\n   },\n   \"kubernetesVersion\":
        \"1.22.6\",\n   \"currentKubernetesVersion\": \"1.22.6\",\n   \"dnsPrefix\":
        \"cliaksdns000002\",\n   \"fqdn\": \"cliaksdns000002-fbd7b54b.hcp.westus2.azmk8s.io\",\n
        \  \"azurePortalFQDN\": \"cliaksdns000002-fbd7b54b.portal.hcp.westus2.azmk8s.io\",\n
        \  \"agentPoolProfiles\": [\n    {\n     \"name\": \"nodepool1\",\n     \"count\":
        1,\n     \"vmSize\": \"Standard_DS2_v2\",\n     \"osDiskSizeGB\": 128,\n     \"osDiskType\":
        \"Managed\",\n     \"kubeletDiskType\": \"OS\",\n     \"workloadRuntime\":
        \"OCIContainer\",\n     \"maxPods\": 110,\n     \"type\": \"VirtualMachineScaleSets\",\n
        \    \"enableAutoScaling\": false,\n     \"provisioningState\": \"Creating\",\n
        \    \"powerState\": {\n      \"code\": \"Running\"\n     },\n     \"orchestratorVersion\":
        \"1.22.6\",\n     \"enableNodePublicIP\": false,\n     \"mode\": \"System\",\n
        \    \"enableEncryptionAtHost\": false,\n     \"enableUltraSSD\": false,\n
        \    \"osType\": \"Linux\",\n     \"osSKU\": \"Ubuntu\",\n     \"nodeImageVersion\":
        \"AKSUbuntu-1804gen2containerd-2022.05.10\",\n     \"enableFIPS\": false\n
        \   }\n   ],\n   \"linuxProfile\": {\n    \"adminUsername\": \"azureuser\",\n
        \   \"ssh\": {\n     \"publicKeys\": [\n      {\n       \"keyData\": \"ssh-rsa
        AAAAB3NzaC1yc2EAAAADAQABAAACAQCbIg1guRHbI0lV11wWDt1r2cUdcNd27CJsg+SfgC7miZeubtwUhbsPdhMQsfDyhOWHq1+ZL0M+nJZV63d/1dhmhtgyOqejUwrPlzKhydsbrsdUor+JmNJDdW01v7BXHyuymT8G4s09jCasNOwiufbP/qp72ruu0bIA1nySsvlf9pCQAuFkAnVnf/rFhUlOkhtRpwcq8SUNY2zRHR/EKb/4NWY1JzR4sa3q2fWIJdrrX0DvLoa5g9bIEd4Df79ba7v+yiUBOS0zT2ll+z4g9izHK3EO5d8hL4jYxcjKs+wcslSYRWrascfscLgMlMGh0CdKeNTDjHpGPncaf3Z+FwwwjWeuiNBxv7bJo13/8B/098KlVDl4GZqsoBCEjPyJfV6hO0y/LkRGkk7oHWKgeWAfKtfLItRp00eZ4fcJNK9kCaSMmEugoZWcI7NGbZXzqFWqbpRI7NcDP9+WIQ+i9U5vqWsqd/zng4kbuAJ6UuKqIzB0upYrLShfQE3SAck8oaLhJqqq56VfDuASNpJKidV+zq27HfSBmbXnkR/5AK337dc3MXKJypoK/QPMLKUAP5XLPbs+NddJQV7EZXd29DLgp+fRIg3edpKdO7ZErWhv7d+3Kws+e1Y+ypmR2WIVSwVyBEUfgv2C8Ts9gnTF4pNcEY/S2aBicz5Ew2+jdyGNQQ==
        test@example.com\\n\"\n      }\n     ]\n    }\n   },\n   \"servicePrincipalProfile\":
        {\n    \"clientId\":\"00000000-0000-0000-0000-000000000001\"\n   },\n   \"nodeResourceGroup\":
        \"MC_clitest000001_cliakstest000001_westus2\",\n   \"enableRBAC\": true,\n
        \  \"enablePodSecurityPolicy\": false,\n   \"networkProfile\": {\n    \"networkPlugin\":
        \"kubenet\",\n    \"loadBalancerSku\": \"standard\",\n    \"loadBalancerProfile\":
        {\n     \"managedOutboundIPs\": {\n      \"count\": 1\n     }\n    },\n    \"podCidr\":
        \"10.244.0.0/16\",\n    \"serviceCidr\": \"10.0.0.0/16\",\n    \"dnsServiceIP\":
        \"10.0.0.10\",\n    \"dockerBridgeCidr\": \"172.17.0.1/16\",\n    \"outboundType\":
        \"loadBalancer\",\n    \"podCidrs\": [\n     \"10.244.0.0/16\"\n    ],\n    \"serviceCidrs\":
        [\n     \"10.0.0.0/16\"\n    ],\n    \"ipFamilies\": [\n     \"IPv4\"\n    ]\n
        \  },\n   \"maxAgentPools\": 100,\n   \"disableLocalAccounts\": false,\n   \"securityProfile\":
        {},\n   \"storageProfile\": {\n    \"diskCSIDriver\": {\n     \"enabled\":
        true\n    },\n    \"fileCSIDriver\": {\n     \"enabled\": true\n    },\n    \"snapshotController\":
        {\n     \"enabled\": true\n    }\n   },\n   \"oidcIssuerProfile\": {\n    \"enabled\":
        false\n   }\n  },\n  \"sku\": {\n   \"name\": \"Basic\",\n   \"tier\": \"Free\"\n
        \ }\n }"
    headers:
      azure-asyncoperation:
      - https://management.azure.com/subscriptions/00000000-0000-0000-0000-000000000000/providers/Microsoft.ContainerService/locations/westus2/operations/7bf772c7-2340-4120-9409-31fe36b550f1?api-version=2016-03-30
      cache-control:
      - no-cache
      content-length:
      - '3347'
      content-type:
      - application/json
      date:
      - Fri, 27 May 2022 08:30:09 GMT
      expires:
      - '-1'
      pragma:
      - no-cache
      server:
      - nginx
      strict-transport-security:
      - max-age=31536000; includeSubDomains
      x-content-type-options:
      - nosniff
      x-ms-ratelimit-remaining-subscription-writes:
      - '1195'
    status:
      code: 201
      message: Created
- request:
    body: null
    headers:
      Accept:
      - '*/*'
      Accept-Encoding:
      - gzip, deflate
      CommandName:
      - aks create
      Connection:
      - keep-alive
      ParameterSetName:
      - --resource-group --name --location --dns-name-prefix --node-count --ssh-key-value
        --service-principal --client-secret --enable-managed-identity
      User-Agent:
      - AZURECLI/2.37.0 azsdk-python-azure-mgmt-containerservice/19.0.0b Python/3.9.5
        (Windows-10-10.0.19044-SP0)
    method: GET
    uri: https://management.azure.com/subscriptions/00000000-0000-0000-0000-000000000000/providers/Microsoft.ContainerService/locations/westus2/operations/7bf772c7-2340-4120-9409-31fe36b550f1?api-version=2016-03-30
  response:
    body:
      string: "{\n  \"name\": \"c772f77b-4023-2041-9409-31fe36b550f1\",\n  \"status\":
        \"InProgress\",\n  \"startTime\": \"2022-05-27T08:30:09.3066666Z\"\n }"
    headers:
      cache-control:
      - no-cache
      content-length:
      - '126'
      content-type:
      - application/json
      date:
      - Fri, 27 May 2022 08:30:40 GMT
      expires:
      - '-1'
      pragma:
      - no-cache
      server:
      - nginx
      strict-transport-security:
      - max-age=31536000; includeSubDomains
      transfer-encoding:
      - chunked
      vary:
      - Accept-Encoding
      x-content-type-options:
      - nosniff
    status:
      code: 200
      message: OK
- request:
    body: null
    headers:
      Accept:
      - '*/*'
      Accept-Encoding:
      - gzip, deflate
      CommandName:
      - aks create
      Connection:
      - keep-alive
      ParameterSetName:
      - --resource-group --name --location --dns-name-prefix --node-count --ssh-key-value
        --service-principal --client-secret --enable-managed-identity
      User-Agent:
      - AZURECLI/2.37.0 azsdk-python-azure-mgmt-containerservice/19.0.0b Python/3.9.5
        (Windows-10-10.0.19044-SP0)
    method: GET
    uri: https://management.azure.com/subscriptions/00000000-0000-0000-0000-000000000000/providers/Microsoft.ContainerService/locations/westus2/operations/7bf772c7-2340-4120-9409-31fe36b550f1?api-version=2016-03-30
  response:
    body:
      string: "{\n  \"name\": \"c772f77b-4023-2041-9409-31fe36b550f1\",\n  \"status\":
        \"InProgress\",\n  \"startTime\": \"2022-05-27T08:30:09.3066666Z\"\n }"
    headers:
      cache-control:
      - no-cache
      content-length:
      - '126'
      content-type:
      - application/json
      date:
      - Fri, 27 May 2022 08:31:11 GMT
      expires:
      - '-1'
      pragma:
      - no-cache
      server:
      - nginx
      strict-transport-security:
      - max-age=31536000; includeSubDomains
      transfer-encoding:
      - chunked
      vary:
      - Accept-Encoding
      x-content-type-options:
      - nosniff
    status:
      code: 200
      message: OK
- request:
    body: null
    headers:
      Accept:
      - '*/*'
      Accept-Encoding:
      - gzip, deflate
      CommandName:
      - aks create
      Connection:
      - keep-alive
      ParameterSetName:
      - --resource-group --name --location --dns-name-prefix --node-count --ssh-key-value
        --service-principal --client-secret --enable-managed-identity
      User-Agent:
      - AZURECLI/2.37.0 azsdk-python-azure-mgmt-containerservice/19.0.0b Python/3.9.5
        (Windows-10-10.0.19044-SP0)
    method: GET
    uri: https://management.azure.com/subscriptions/00000000-0000-0000-0000-000000000000/providers/Microsoft.ContainerService/locations/westus2/operations/7bf772c7-2340-4120-9409-31fe36b550f1?api-version=2016-03-30
  response:
    body:
      string: "{\n  \"name\": \"c772f77b-4023-2041-9409-31fe36b550f1\",\n  \"status\":
        \"InProgress\",\n  \"startTime\": \"2022-05-27T08:30:09.3066666Z\"\n }"
    headers:
      cache-control:
      - no-cache
      content-length:
      - '126'
      content-type:
      - application/json
      date:
      - Fri, 27 May 2022 08:31:41 GMT
      expires:
      - '-1'
      pragma:
      - no-cache
      server:
      - nginx
      strict-transport-security:
      - max-age=31536000; includeSubDomains
      transfer-encoding:
      - chunked
      vary:
      - Accept-Encoding
      x-content-type-options:
      - nosniff
    status:
      code: 200
      message: OK
- request:
    body: null
    headers:
      Accept:
      - '*/*'
      Accept-Encoding:
      - gzip, deflate
      CommandName:
      - aks create
      Connection:
      - keep-alive
      ParameterSetName:
      - --resource-group --name --location --dns-name-prefix --node-count --ssh-key-value
        --service-principal --client-secret --enable-managed-identity
      User-Agent:
      - AZURECLI/2.37.0 azsdk-python-azure-mgmt-containerservice/19.0.0b Python/3.9.5
        (Windows-10-10.0.19044-SP0)
    method: GET
    uri: https://management.azure.com/subscriptions/00000000-0000-0000-0000-000000000000/providers/Microsoft.ContainerService/locations/westus2/operations/7bf772c7-2340-4120-9409-31fe36b550f1?api-version=2016-03-30
  response:
    body:
      string: "{\n  \"name\": \"c772f77b-4023-2041-9409-31fe36b550f1\",\n  \"status\":
        \"InProgress\",\n  \"startTime\": \"2022-05-27T08:30:09.3066666Z\"\n }"
    headers:
      cache-control:
      - no-cache
      content-length:
      - '126'
      content-type:
      - application/json
      date:
      - Fri, 27 May 2022 08:32:11 GMT
      expires:
      - '-1'
      pragma:
      - no-cache
      server:
      - nginx
      strict-transport-security:
      - max-age=31536000; includeSubDomains
      transfer-encoding:
      - chunked
      vary:
      - Accept-Encoding
      x-content-type-options:
      - nosniff
    status:
      code: 200
      message: OK
- request:
    body: null
    headers:
      Accept:
      - '*/*'
      Accept-Encoding:
      - gzip, deflate
      CommandName:
      - aks create
      Connection:
      - keep-alive
      ParameterSetName:
      - --resource-group --name --location --dns-name-prefix --node-count --ssh-key-value
        --service-principal --client-secret --enable-managed-identity
      User-Agent:
      - AZURECLI/2.37.0 azsdk-python-azure-mgmt-containerservice/19.0.0b Python/3.9.5
        (Windows-10-10.0.19044-SP0)
    method: GET
    uri: https://management.azure.com/subscriptions/00000000-0000-0000-0000-000000000000/providers/Microsoft.ContainerService/locations/westus2/operations/7bf772c7-2340-4120-9409-31fe36b550f1?api-version=2016-03-30
  response:
    body:
      string: "{\n  \"name\": \"c772f77b-4023-2041-9409-31fe36b550f1\",\n  \"status\":
        \"InProgress\",\n  \"startTime\": \"2022-05-27T08:30:09.3066666Z\"\n }"
    headers:
      cache-control:
      - no-cache
      content-length:
      - '126'
      content-type:
      - application/json
      date:
      - Fri, 27 May 2022 08:32:41 GMT
      expires:
      - '-1'
      pragma:
      - no-cache
      server:
      - nginx
      strict-transport-security:
      - max-age=31536000; includeSubDomains
      transfer-encoding:
      - chunked
      vary:
      - Accept-Encoding
      x-content-type-options:
      - nosniff
    status:
      code: 200
      message: OK
- request:
    body: null
    headers:
      Accept:
      - '*/*'
      Accept-Encoding:
      - gzip, deflate
      CommandName:
      - aks create
      Connection:
      - keep-alive
      ParameterSetName:
      - --resource-group --name --location --dns-name-prefix --node-count --ssh-key-value
        --service-principal --client-secret --enable-managed-identity
      User-Agent:
      - AZURECLI/2.37.0 azsdk-python-azure-mgmt-containerservice/19.0.0b Python/3.9.5
        (Windows-10-10.0.19044-SP0)
    method: GET
    uri: https://management.azure.com/subscriptions/00000000-0000-0000-0000-000000000000/providers/Microsoft.ContainerService/locations/westus2/operations/7bf772c7-2340-4120-9409-31fe36b550f1?api-version=2016-03-30
  response:
    body:
      string: "{\n  \"name\": \"c772f77b-4023-2041-9409-31fe36b550f1\",\n  \"status\":
        \"InProgress\",\n  \"startTime\": \"2022-05-27T08:30:09.3066666Z\"\n }"
    headers:
      cache-control:
      - no-cache
      content-length:
      - '126'
      content-type:
      - application/json
      date:
      - Fri, 27 May 2022 08:33:12 GMT
      expires:
      - '-1'
      pragma:
      - no-cache
      server:
      - nginx
      strict-transport-security:
      - max-age=31536000; includeSubDomains
      transfer-encoding:
      - chunked
      vary:
      - Accept-Encoding
      x-content-type-options:
      - nosniff
    status:
      code: 200
      message: OK
- request:
    body: null
    headers:
      Accept:
      - '*/*'
      Accept-Encoding:
      - gzip, deflate
      CommandName:
      - aks create
      Connection:
      - keep-alive
      ParameterSetName:
      - --resource-group --name --location --dns-name-prefix --node-count --ssh-key-value
        --service-principal --client-secret --enable-managed-identity
      User-Agent:
      - AZURECLI/2.37.0 azsdk-python-azure-mgmt-containerservice/19.0.0b Python/3.9.5
        (Windows-10-10.0.19044-SP0)
    method: GET
    uri: https://management.azure.com/subscriptions/00000000-0000-0000-0000-000000000000/providers/Microsoft.ContainerService/locations/westus2/operations/7bf772c7-2340-4120-9409-31fe36b550f1?api-version=2016-03-30
  response:
    body:
      string: "{\n  \"name\": \"c772f77b-4023-2041-9409-31fe36b550f1\",\n  \"status\":
        \"InProgress\",\n  \"startTime\": \"2022-05-27T08:30:09.3066666Z\"\n }"
    headers:
      cache-control:
      - no-cache
      content-length:
      - '126'
      content-type:
      - application/json
      date:
      - Fri, 27 May 2022 08:33:42 GMT
      expires:
      - '-1'
      pragma:
      - no-cache
      server:
      - nginx
      strict-transport-security:
      - max-age=31536000; includeSubDomains
      transfer-encoding:
      - chunked
      vary:
      - Accept-Encoding
      x-content-type-options:
      - nosniff
    status:
      code: 200
      message: OK
- request:
    body: null
    headers:
      Accept:
      - '*/*'
      Accept-Encoding:
      - gzip, deflate
      CommandName:
      - aks create
      Connection:
      - keep-alive
      ParameterSetName:
      - --resource-group --name --location --dns-name-prefix --node-count --ssh-key-value
        --service-principal --client-secret --enable-managed-identity
      User-Agent:
      - AZURECLI/2.37.0 azsdk-python-azure-mgmt-containerservice/19.0.0b Python/3.9.5
        (Windows-10-10.0.19044-SP0)
    method: GET
    uri: https://management.azure.com/subscriptions/00000000-0000-0000-0000-000000000000/providers/Microsoft.ContainerService/locations/westus2/operations/7bf772c7-2340-4120-9409-31fe36b550f1?api-version=2016-03-30
  response:
    body:
      string: "{\n  \"name\": \"c772f77b-4023-2041-9409-31fe36b550f1\",\n  \"status\":
        \"InProgress\",\n  \"startTime\": \"2022-05-27T08:30:09.3066666Z\"\n }"
    headers:
      cache-control:
      - no-cache
      content-length:
      - '126'
      content-type:
      - application/json
      date:
      - Fri, 27 May 2022 08:34:12 GMT
      expires:
      - '-1'
      pragma:
      - no-cache
      server:
      - nginx
      strict-transport-security:
      - max-age=31536000; includeSubDomains
      transfer-encoding:
      - chunked
      vary:
      - Accept-Encoding
      x-content-type-options:
      - nosniff
    status:
      code: 200
      message: OK
- request:
    body: null
    headers:
      Accept:
      - '*/*'
      Accept-Encoding:
      - gzip, deflate
      CommandName:
      - aks create
      Connection:
      - keep-alive
      ParameterSetName:
      - --resource-group --name --location --dns-name-prefix --node-count --ssh-key-value
        --service-principal --client-secret --enable-managed-identity
      User-Agent:
      - AZURECLI/2.37.0 azsdk-python-azure-mgmt-containerservice/19.0.0b Python/3.9.5
        (Windows-10-10.0.19044-SP0)
    method: GET
    uri: https://management.azure.com/subscriptions/00000000-0000-0000-0000-000000000000/providers/Microsoft.ContainerService/locations/westus2/operations/7bf772c7-2340-4120-9409-31fe36b550f1?api-version=2016-03-30
  response:
    body:
      string: "{\n  \"name\": \"c772f77b-4023-2041-9409-31fe36b550f1\",\n  \"status\":
        \"Succeeded\",\n  \"startTime\": \"2022-05-27T08:30:09.3066666Z\",\n  \"endTime\":
        \"2022-05-27T08:34:25.0037795Z\"\n }"
    headers:
      cache-control:
      - no-cache
      content-length:
      - '170'
      content-type:
      - application/json
      date:
      - Fri, 27 May 2022 08:34:43 GMT
      expires:
      - '-1'
      pragma:
      - no-cache
      server:
      - nginx
      strict-transport-security:
      - max-age=31536000; includeSubDomains
      transfer-encoding:
      - chunked
      vary:
      - Accept-Encoding
      x-content-type-options:
      - nosniff
    status:
      code: 200
      message: OK
- request:
    body: null
    headers:
      Accept:
      - '*/*'
      Accept-Encoding:
      - gzip, deflate
      CommandName:
      - aks create
      Connection:
      - keep-alive
      ParameterSetName:
      - --resource-group --name --location --dns-name-prefix --node-count --ssh-key-value
        --service-principal --client-secret --enable-managed-identity
      User-Agent:
      - AZURECLI/2.37.0 azsdk-python-azure-mgmt-containerservice/19.0.0b Python/3.9.5
        (Windows-10-10.0.19044-SP0)
    method: GET
    uri: https://management.azure.com/subscriptions/00000000-0000-0000-0000-000000000000/resourceGroups/clitest000001/providers/Microsoft.ContainerService/managedClusters/cliakstest000001?api-version=2022-04-02-preview
  response:
    body:
      string: "{\n  \"id\": \"/subscriptions/00000000-0000-0000-0000-000000000000/resourcegroups/clitest000001/providers/Microsoft.ContainerService/managedClusters/cliakstest000001\",\n
        \ \"location\": \"westus2\",\n  \"name\": \"cliakstest000001\",\n  \"type\":
        \"Microsoft.ContainerService/ManagedClusters\",\n  \"properties\": {\n   \"provisioningState\":
        \"Succeeded\",\n   \"powerState\": {\n    \"code\": \"Running\"\n   },\n   \"kubernetesVersion\":
        \"1.22.6\",\n   \"currentKubernetesVersion\": \"1.22.6\",\n   \"dnsPrefix\":
        \"cliaksdns000002\",\n   \"fqdn\": \"cliaksdns000002-fbd7b54b.hcp.westus2.azmk8s.io\",\n
        \  \"azurePortalFQDN\": \"cliaksdns000002-fbd7b54b.portal.hcp.westus2.azmk8s.io\",\n
        \  \"agentPoolProfiles\": [\n    {\n     \"name\": \"nodepool1\",\n     \"count\":
        1,\n     \"vmSize\": \"Standard_DS2_v2\",\n     \"osDiskSizeGB\": 128,\n     \"osDiskType\":
        \"Managed\",\n     \"kubeletDiskType\": \"OS\",\n     \"workloadRuntime\":
        \"OCIContainer\",\n     \"maxPods\": 110,\n     \"type\": \"VirtualMachineScaleSets\",\n
        \    \"enableAutoScaling\": false,\n     \"provisioningState\": \"Succeeded\",\n
        \    \"powerState\": {\n      \"code\": \"Running\"\n     },\n     \"orchestratorVersion\":
        \"1.22.6\",\n     \"enableNodePublicIP\": false,\n     \"mode\": \"System\",\n
        \    \"enableEncryptionAtHost\": false,\n     \"enableUltraSSD\": false,\n
        \    \"osType\": \"Linux\",\n     \"osSKU\": \"Ubuntu\",\n     \"nodeImageVersion\":
        \"AKSUbuntu-1804gen2containerd-2022.05.10\",\n     \"enableFIPS\": false\n
        \   }\n   ],\n   \"linuxProfile\": {\n    \"adminUsername\": \"azureuser\",\n
        \   \"ssh\": {\n     \"publicKeys\": [\n      {\n       \"keyData\": \"ssh-rsa
        AAAAB3NzaC1yc2EAAAADAQABAAACAQCbIg1guRHbI0lV11wWDt1r2cUdcNd27CJsg+SfgC7miZeubtwUhbsPdhMQsfDyhOWHq1+ZL0M+nJZV63d/1dhmhtgyOqejUwrPlzKhydsbrsdUor+JmNJDdW01v7BXHyuymT8G4s09jCasNOwiufbP/qp72ruu0bIA1nySsvlf9pCQAuFkAnVnf/rFhUlOkhtRpwcq8SUNY2zRHR/EKb/4NWY1JzR4sa3q2fWIJdrrX0DvLoa5g9bIEd4Df79ba7v+yiUBOS0zT2ll+z4g9izHK3EO5d8hL4jYxcjKs+wcslSYRWrascfscLgMlMGh0CdKeNTDjHpGPncaf3Z+FwwwjWeuiNBxv7bJo13/8B/098KlVDl4GZqsoBCEjPyJfV6hO0y/LkRGkk7oHWKgeWAfKtfLItRp00eZ4fcJNK9kCaSMmEugoZWcI7NGbZXzqFWqbpRI7NcDP9+WIQ+i9U5vqWsqd/zng4kbuAJ6UuKqIzB0upYrLShfQE3SAck8oaLhJqqq56VfDuASNpJKidV+zq27HfSBmbXnkR/5AK337dc3MXKJypoK/QPMLKUAP5XLPbs+NddJQV7EZXd29DLgp+fRIg3edpKdO7ZErWhv7d+3Kws+e1Y+ypmR2WIVSwVyBEUfgv2C8Ts9gnTF4pNcEY/S2aBicz5Ew2+jdyGNQQ==
        test@example.com\\n\"\n      }\n     ]\n    }\n   },\n   \"servicePrincipalProfile\":
        {\n    \"clientId\":\"00000000-0000-0000-0000-000000000001\"\n   },\n   \"nodeResourceGroup\":
        \"MC_clitest000001_cliakstest000001_westus2\",\n   \"enableRBAC\": true,\n
        \  \"enablePodSecurityPolicy\": false,\n   \"networkProfile\": {\n    \"networkPlugin\":
        \"kubenet\",\n    \"loadBalancerSku\": \"Standard\",\n    \"loadBalancerProfile\":
        {\n     \"managedOutboundIPs\": {\n      \"count\": 1\n     },\n     \"effectiveOutboundIPs\":
        [\n      {\n       \"id\": \"/subscriptions/00000000-0000-0000-0000-000000000000/resourceGroups/MC_clitest000001_cliakstest000001_westus2/providers/Microsoft.Network/publicIPAddresses/3a2d64f2-468f-4594-9f3f-a7f5b76f9df2\"\n
        \     }\n     ]\n    },\n    \"podCidr\": \"10.244.0.0/16\",\n    \"serviceCidr\":
        \"10.0.0.0/16\",\n    \"dnsServiceIP\": \"10.0.0.10\",\n    \"dockerBridgeCidr\":
        \"172.17.0.1/16\",\n    \"outboundType\": \"loadBalancer\",\n    \"podCidrs\":
        [\n     \"10.244.0.0/16\"\n    ],\n    \"serviceCidrs\": [\n     \"10.0.0.0/16\"\n
        \   ],\n    \"ipFamilies\": [\n     \"IPv4\"\n    ]\n   },\n   \"maxAgentPools\":
        100,\n   \"disableLocalAccounts\": false,\n   \"securityProfile\": {},\n   \"storageProfile\":
        {\n    \"diskCSIDriver\": {\n     \"enabled\": true\n    },\n    \"fileCSIDriver\":
        {\n     \"enabled\": true\n    },\n    \"snapshotController\": {\n     \"enabled\":
        true\n    }\n   },\n   \"oidcIssuerProfile\": {\n    \"enabled\": false\n
        \  }\n  },\n  \"sku\": {\n   \"name\": \"Basic\",\n   \"tier\": \"Free\"\n
        \ }\n }"
    headers:
      cache-control:
      - no-cache
      content-length:
      - '3611'
      content-type:
      - application/json
      date:
      - Fri, 27 May 2022 08:34:44 GMT
      expires:
      - '-1'
      pragma:
      - no-cache
      server:
      - nginx
      strict-transport-security:
      - max-age=31536000; includeSubDomains
      transfer-encoding:
      - chunked
      vary:
      - Accept-Encoding
      x-content-type-options:
      - nosniff
    status:
      code: 200
      message: OK
- request:
    body: null
    headers:
      Accept:
      - application/json
      Accept-Encoding:
      - gzip, deflate
      CommandName:
      - aks list
      Connection:
      - keep-alive
      ParameterSetName:
      - -g
      User-Agent:
      - AZURECLI/2.37.0 azsdk-python-azure-mgmt-containerservice/19.1.0 Python/3.9.5
        (Windows-10-10.0.19044-SP0)
    method: GET
    uri: https://management.azure.com/subscriptions/00000000-0000-0000-0000-000000000000/resourceGroups/clitest000001/providers/Microsoft.ContainerService/managedClusters?api-version=2022-04-01
  response:
    body:
      string: "{\n  \"value\": [\n   {\n    \"id\": \"/subscriptions/00000000-0000-0000-0000-000000000000/resourcegroups/clitest000001/providers/Microsoft.ContainerService/managedClusters/cliakstest000001\",\n
        \   \"location\": \"westus2\",\n    \"name\": \"cliakstest000001\",\n    \"type\":
        \"Microsoft.ContainerService/ManagedClusters\",\n    \"properties\": {\n     \"provisioningState\":
        \"Succeeded\",\n     \"powerState\": {\n      \"code\": \"Running\"\n     },\n
        \    \"kubernetesVersion\": \"1.22.6\",\n     \"currentKubernetesVersion\":
        \"1.22.6\",\n     \"dnsPrefix\": \"cliaksdns000002\",\n     \"fqdn\": \"cliaksdns000002-fbd7b54b.hcp.westus2.azmk8s.io\",\n
        \    \"azurePortalFQDN\": \"cliaksdns000002-fbd7b54b.portal.hcp.westus2.azmk8s.io\",\n
        \    \"agentPoolProfiles\": [\n      {\n       \"name\": \"nodepool1\",\n
        \      \"count\": 1,\n       \"vmSize\": \"Standard_DS2_v2\",\n       \"osDiskSizeGB\":
        128,\n       \"osDiskType\": \"Managed\",\n       \"kubeletDiskType\": \"OS\",\n
        \      \"workloadRuntime\": \"OCIContainer\",\n       \"maxPods\": 110,\n
        \      \"type\": \"VirtualMachineScaleSets\",\n       \"enableAutoScaling\":
        false,\n       \"provisioningState\": \"Succeeded\",\n       \"powerState\":
        {\n        \"code\": \"Running\"\n       },\n       \"orchestratorVersion\":
        \"1.22.6\",\n       \"currentOrchestratorVersion\": \"1.22.6\",\n       \"enableNodePublicIP\":
        false,\n       \"mode\": \"System\",\n       \"enableEncryptionAtHost\": false,\n
        \      \"enableUltraSSD\": false,\n       \"osType\": \"Linux\",\n       \"osSKU\":
        \"Ubuntu\",\n       \"nodeImageVersion\": \"AKSUbuntu-1804gen2containerd-2022.05.10\",\n
        \      \"enableFIPS\": false\n      }\n     ],\n     \"linuxProfile\": {\n
        \     \"adminUsername\": \"azureuser\",\n      \"ssh\": {\n       \"publicKeys\":
        [\n        {\n         \"keyData\": \"ssh-rsa AAAAB3NzaC1yc2EAAAADAQABAAACAQCbIg1guRHbI0lV11wWDt1r2cUdcNd27CJsg+SfgC7miZeubtwUhbsPdhMQsfDyhOWHq1+ZL0M+nJZV63d/1dhmhtgyOqejUwrPlzKhydsbrsdUor+JmNJDdW01v7BXHyuymT8G4s09jCasNOwiufbP/qp72ruu0bIA1nySsvlf9pCQAuFkAnVnf/rFhUlOkhtRpwcq8SUNY2zRHR/EKb/4NWY1JzR4sa3q2fWIJdrrX0DvLoa5g9bIEd4Df79ba7v+yiUBOS0zT2ll+z4g9izHK3EO5d8hL4jYxcjKs+wcslSYRWrascfscLgMlMGh0CdKeNTDjHpGPncaf3Z+FwwwjWeuiNBxv7bJo13/8B/098KlVDl4GZqsoBCEjPyJfV6hO0y/LkRGkk7oHWKgeWAfKtfLItRp00eZ4fcJNK9kCaSMmEugoZWcI7NGbZXzqFWqbpRI7NcDP9+WIQ+i9U5vqWsqd/zng4kbuAJ6UuKqIzB0upYrLShfQE3SAck8oaLhJqqq56VfDuASNpJKidV+zq27HfSBmbXnkR/5AK337dc3MXKJypoK/QPMLKUAP5XLPbs+NddJQV7EZXd29DLgp+fRIg3edpKdO7ZErWhv7d+3Kws+e1Y+ypmR2WIVSwVyBEUfgv2C8Ts9gnTF4pNcEY/S2aBicz5Ew2+jdyGNQQ==
        test@example.com\\n\"\n        }\n       ]\n      }\n     },\n     \"servicePrincipalProfile\":
        {\n      \"clientId\":\"00000000-0000-0000-0000-000000000001\"\n     },\n
        \    \"nodeResourceGroup\": \"MC_clitest000001_cliakstest000001_westus2\",\n
        \    \"enableRBAC\": true,\n     \"enablePodSecurityPolicy\": false,\n     \"networkProfile\":
        {\n      \"networkPlugin\": \"kubenet\",\n      \"loadBalancerSku\": \"Standard\",\n
        \     \"loadBalancerProfile\": {\n       \"managedOutboundIPs\": {\n        \"count\":
        1\n       },\n       \"effectiveOutboundIPs\": [\n        {\n         \"id\":
        \"/subscriptions/00000000-0000-0000-0000-000000000000/resourceGroups/MC_clitest000001_cliakstest000001_westus2/providers/Microsoft.Network/publicIPAddresses/3a2d64f2-468f-4594-9f3f-a7f5b76f9df2\"\n
        \       }\n       ]\n      },\n      \"podCidr\": \"10.244.0.0/16\",\n      \"serviceCidr\":
        \"10.0.0.0/16\",\n      \"dnsServiceIP\": \"10.0.0.10\",\n      \"dockerBridgeCidr\":
        \"172.17.0.1/16\",\n      \"outboundType\": \"loadBalancer\",\n      \"podCidrs\":
        [\n       \"10.244.0.0/16\"\n      ],\n      \"serviceCidrs\": [\n       \"10.0.0.0/16\"\n
        \     ],\n      \"ipFamilies\": [\n       \"IPv4\"\n      ]\n     },\n     \"maxAgentPools\":
        100,\n     \"disableLocalAccounts\": false,\n     \"securityProfile\": {},\n
        \    \"storageProfile\": {\n      \"diskCSIDriver\": {\n       \"enabled\":
        true\n      },\n      \"fileCSIDriver\": {\n       \"enabled\": true\n      },\n
        \     \"snapshotController\": {\n       \"enabled\": true\n      }\n     }\n
        \   },\n    \"sku\": {\n     \"name\": \"Basic\",\n     \"tier\": \"Free\"\n
        \   }\n   }\n  ]\n }"
    headers:
      cache-control:
      - no-cache
      content-length:
      - '3840'
      content-type:
      - application/json
      date:
      - Fri, 27 May 2022 08:34:46 GMT
      expires:
      - '-1'
      pragma:
      - no-cache
      server:
      - nginx
      strict-transport-security:
      - max-age=31536000; includeSubDomains
      transfer-encoding:
      - chunked
      vary:
      - Accept-Encoding
      x-content-type-options:
      - nosniff
    status:
      code: 200
      message: OK
- request:
    body: null
    headers:
      Accept:
      - application/json
      Accept-Encoding:
      - gzip, deflate
      CommandName:
      - aks list
      Connection:
      - keep-alive
      ParameterSetName:
      - -g -o
      User-Agent:
      - AZURECLI/2.37.0 azsdk-python-azure-mgmt-containerservice/19.1.0 Python/3.9.5
        (Windows-10-10.0.19044-SP0)
    method: GET
    uri: https://management.azure.com/subscriptions/00000000-0000-0000-0000-000000000000/resourceGroups/clitest000001/providers/Microsoft.ContainerService/managedClusters?api-version=2022-04-01
  response:
    body:
      string: "{\n  \"value\": [\n   {\n    \"id\": \"/subscriptions/00000000-0000-0000-0000-000000000000/resourcegroups/clitest000001/providers/Microsoft.ContainerService/managedClusters/cliakstest000001\",\n
        \   \"location\": \"westus2\",\n    \"name\": \"cliakstest000001\",\n    \"type\":
        \"Microsoft.ContainerService/ManagedClusters\",\n    \"properties\": {\n     \"provisioningState\":
        \"Succeeded\",\n     \"powerState\": {\n      \"code\": \"Running\"\n     },\n
        \    \"kubernetesVersion\": \"1.22.6\",\n     \"currentKubernetesVersion\":
        \"1.22.6\",\n     \"dnsPrefix\": \"cliaksdns000002\",\n     \"fqdn\": \"cliaksdns000002-fbd7b54b.hcp.westus2.azmk8s.io\",\n
        \    \"azurePortalFQDN\": \"cliaksdns000002-fbd7b54b.portal.hcp.westus2.azmk8s.io\",\n
        \    \"agentPoolProfiles\": [\n      {\n       \"name\": \"nodepool1\",\n
        \      \"count\": 1,\n       \"vmSize\": \"Standard_DS2_v2\",\n       \"osDiskSizeGB\":
        128,\n       \"osDiskType\": \"Managed\",\n       \"kubeletDiskType\": \"OS\",\n
        \      \"workloadRuntime\": \"OCIContainer\",\n       \"maxPods\": 110,\n
        \      \"type\": \"VirtualMachineScaleSets\",\n       \"enableAutoScaling\":
        false,\n       \"provisioningState\": \"Succeeded\",\n       \"powerState\":
        {\n        \"code\": \"Running\"\n       },\n       \"orchestratorVersion\":
        \"1.22.6\",\n       \"currentOrchestratorVersion\": \"1.22.6\",\n       \"enableNodePublicIP\":
        false,\n       \"mode\": \"System\",\n       \"enableEncryptionAtHost\": false,\n
        \      \"enableUltraSSD\": false,\n       \"osType\": \"Linux\",\n       \"osSKU\":
        \"Ubuntu\",\n       \"nodeImageVersion\": \"AKSUbuntu-1804gen2containerd-2022.05.10\",\n
        \      \"enableFIPS\": false\n      }\n     ],\n     \"linuxProfile\": {\n
        \     \"adminUsername\": \"azureuser\",\n      \"ssh\": {\n       \"publicKeys\":
        [\n        {\n         \"keyData\": \"ssh-rsa AAAAB3NzaC1yc2EAAAADAQABAAACAQCbIg1guRHbI0lV11wWDt1r2cUdcNd27CJsg+SfgC7miZeubtwUhbsPdhMQsfDyhOWHq1+ZL0M+nJZV63d/1dhmhtgyOqejUwrPlzKhydsbrsdUor+JmNJDdW01v7BXHyuymT8G4s09jCasNOwiufbP/qp72ruu0bIA1nySsvlf9pCQAuFkAnVnf/rFhUlOkhtRpwcq8SUNY2zRHR/EKb/4NWY1JzR4sa3q2fWIJdrrX0DvLoa5g9bIEd4Df79ba7v+yiUBOS0zT2ll+z4g9izHK3EO5d8hL4jYxcjKs+wcslSYRWrascfscLgMlMGh0CdKeNTDjHpGPncaf3Z+FwwwjWeuiNBxv7bJo13/8B/098KlVDl4GZqsoBCEjPyJfV6hO0y/LkRGkk7oHWKgeWAfKtfLItRp00eZ4fcJNK9kCaSMmEugoZWcI7NGbZXzqFWqbpRI7NcDP9+WIQ+i9U5vqWsqd/zng4kbuAJ6UuKqIzB0upYrLShfQE3SAck8oaLhJqqq56VfDuASNpJKidV+zq27HfSBmbXnkR/5AK337dc3MXKJypoK/QPMLKUAP5XLPbs+NddJQV7EZXd29DLgp+fRIg3edpKdO7ZErWhv7d+3Kws+e1Y+ypmR2WIVSwVyBEUfgv2C8Ts9gnTF4pNcEY/S2aBicz5Ew2+jdyGNQQ==
        test@example.com\\n\"\n        }\n       ]\n      }\n     },\n     \"servicePrincipalProfile\":
        {\n      \"clientId\":\"00000000-0000-0000-0000-000000000001\"\n     },\n
        \    \"nodeResourceGroup\": \"MC_clitest000001_cliakstest000001_westus2\",\n
        \    \"enableRBAC\": true,\n     \"enablePodSecurityPolicy\": false,\n     \"networkProfile\":
        {\n      \"networkPlugin\": \"kubenet\",\n      \"loadBalancerSku\": \"Standard\",\n
        \     \"loadBalancerProfile\": {\n       \"managedOutboundIPs\": {\n        \"count\":
        1\n       },\n       \"effectiveOutboundIPs\": [\n        {\n         \"id\":
        \"/subscriptions/00000000-0000-0000-0000-000000000000/resourceGroups/MC_clitest000001_cliakstest000001_westus2/providers/Microsoft.Network/publicIPAddresses/3a2d64f2-468f-4594-9f3f-a7f5b76f9df2\"\n
        \       }\n       ]\n      },\n      \"podCidr\": \"10.244.0.0/16\",\n      \"serviceCidr\":
        \"10.0.0.0/16\",\n      \"dnsServiceIP\": \"10.0.0.10\",\n      \"dockerBridgeCidr\":
        \"172.17.0.1/16\",\n      \"outboundType\": \"loadBalancer\",\n      \"podCidrs\":
        [\n       \"10.244.0.0/16\"\n      ],\n      \"serviceCidrs\": [\n       \"10.0.0.0/16\"\n
        \     ],\n      \"ipFamilies\": [\n       \"IPv4\"\n      ]\n     },\n     \"maxAgentPools\":
        100,\n     \"disableLocalAccounts\": false,\n     \"securityProfile\": {},\n
        \    \"storageProfile\": {\n      \"diskCSIDriver\": {\n       \"enabled\":
        true\n      },\n      \"fileCSIDriver\": {\n       \"enabled\": true\n      },\n
        \     \"snapshotController\": {\n       \"enabled\": true\n      }\n     }\n
        \   },\n    \"sku\": {\n     \"name\": \"Basic\",\n     \"tier\": \"Free\"\n
        \   }\n   }\n  ]\n }"
    headers:
      cache-control:
      - no-cache
      content-length:
      - '3840'
      content-type:
      - application/json
      date:
      - Fri, 27 May 2022 08:34:48 GMT
      expires:
      - '-1'
      pragma:
      - no-cache
      server:
      - nginx
      strict-transport-security:
      - max-age=31536000; includeSubDomains
      transfer-encoding:
      - chunked
      vary:
      - Accept-Encoding
      x-content-type-options:
      - nosniff
    status:
      code: 200
      message: OK
- request:
    body: null
    headers:
      Accept:
      - application/json
      Accept-Encoding:
      - gzip, deflate
      CommandName:
      - aks show
      Connection:
      - keep-alive
      ParameterSetName:
      - -g -n
      User-Agent:
      - AZURECLI/2.37.0 azsdk-python-azure-mgmt-containerservice/19.0.0b Python/3.9.5
        (Windows-10-10.0.19044-SP0)
    method: GET
    uri: https://management.azure.com/subscriptions/00000000-0000-0000-0000-000000000000/resourceGroups/clitest000001/providers/Microsoft.ContainerService/managedClusters/cliakstest000001?api-version=2022-04-02-preview
  response:
    body:
      string: "{\n  \"id\": \"/subscriptions/00000000-0000-0000-0000-000000000000/resourcegroups/clitest000001/providers/Microsoft.ContainerService/managedClusters/cliakstest000001\",\n
        \ \"location\": \"westus2\",\n  \"name\": \"cliakstest000001\",\n  \"type\":
        \"Microsoft.ContainerService/ManagedClusters\",\n  \"properties\": {\n   \"provisioningState\":
        \"Succeeded\",\n   \"powerState\": {\n    \"code\": \"Running\"\n   },\n   \"kubernetesVersion\":
        \"1.22.6\",\n   \"currentKubernetesVersion\": \"1.22.6\",\n   \"dnsPrefix\":
        \"cliaksdns000002\",\n   \"fqdn\": \"cliaksdns000002-fbd7b54b.hcp.westus2.azmk8s.io\",\n
        \  \"azurePortalFQDN\": \"cliaksdns000002-fbd7b54b.portal.hcp.westus2.azmk8s.io\",\n
        \  \"agentPoolProfiles\": [\n    {\n     \"name\": \"nodepool1\",\n     \"count\":
        1,\n     \"vmSize\": \"Standard_DS2_v2\",\n     \"osDiskSizeGB\": 128,\n     \"osDiskType\":
        \"Managed\",\n     \"kubeletDiskType\": \"OS\",\n     \"workloadRuntime\":
        \"OCIContainer\",\n     \"maxPods\": 110,\n     \"type\": \"VirtualMachineScaleSets\",\n
        \    \"enableAutoScaling\": false,\n     \"provisioningState\": \"Succeeded\",\n
        \    \"powerState\": {\n      \"code\": \"Running\"\n     },\n     \"orchestratorVersion\":
        \"1.22.6\",\n     \"enableNodePublicIP\": false,\n     \"mode\": \"System\",\n
        \    \"enableEncryptionAtHost\": false,\n     \"enableUltraSSD\": false,\n
        \    \"osType\": \"Linux\",\n     \"osSKU\": \"Ubuntu\",\n     \"nodeImageVersion\":
        \"AKSUbuntu-1804gen2containerd-2022.05.10\",\n     \"enableFIPS\": false\n
        \   }\n   ],\n   \"linuxProfile\": {\n    \"adminUsername\": \"azureuser\",\n
        \   \"ssh\": {\n     \"publicKeys\": [\n      {\n       \"keyData\": \"ssh-rsa
        AAAAB3NzaC1yc2EAAAADAQABAAACAQCbIg1guRHbI0lV11wWDt1r2cUdcNd27CJsg+SfgC7miZeubtwUhbsPdhMQsfDyhOWHq1+ZL0M+nJZV63d/1dhmhtgyOqejUwrPlzKhydsbrsdUor+JmNJDdW01v7BXHyuymT8G4s09jCasNOwiufbP/qp72ruu0bIA1nySsvlf9pCQAuFkAnVnf/rFhUlOkhtRpwcq8SUNY2zRHR/EKb/4NWY1JzR4sa3q2fWIJdrrX0DvLoa5g9bIEd4Df79ba7v+yiUBOS0zT2ll+z4g9izHK3EO5d8hL4jYxcjKs+wcslSYRWrascfscLgMlMGh0CdKeNTDjHpGPncaf3Z+FwwwjWeuiNBxv7bJo13/8B/098KlVDl4GZqsoBCEjPyJfV6hO0y/LkRGkk7oHWKgeWAfKtfLItRp00eZ4fcJNK9kCaSMmEugoZWcI7NGbZXzqFWqbpRI7NcDP9+WIQ+i9U5vqWsqd/zng4kbuAJ6UuKqIzB0upYrLShfQE3SAck8oaLhJqqq56VfDuASNpJKidV+zq27HfSBmbXnkR/5AK337dc3MXKJypoK/QPMLKUAP5XLPbs+NddJQV7EZXd29DLgp+fRIg3edpKdO7ZErWhv7d+3Kws+e1Y+ypmR2WIVSwVyBEUfgv2C8Ts9gnTF4pNcEY/S2aBicz5Ew2+jdyGNQQ==
        test@example.com\\n\"\n      }\n     ]\n    }\n   },\n   \"servicePrincipalProfile\":
        {\n    \"clientId\":\"00000000-0000-0000-0000-000000000001\"\n   },\n   \"nodeResourceGroup\":
        \"MC_clitest000001_cliakstest000001_westus2\",\n   \"enableRBAC\": true,\n
        \  \"enablePodSecurityPolicy\": false,\n   \"networkProfile\": {\n    \"networkPlugin\":
        \"kubenet\",\n    \"loadBalancerSku\": \"Standard\",\n    \"loadBalancerProfile\":
        {\n     \"managedOutboundIPs\": {\n      \"count\": 1\n     },\n     \"effectiveOutboundIPs\":
        [\n      {\n       \"id\": \"/subscriptions/00000000-0000-0000-0000-000000000000/resourceGroups/MC_clitest000001_cliakstest000001_westus2/providers/Microsoft.Network/publicIPAddresses/3a2d64f2-468f-4594-9f3f-a7f5b76f9df2\"\n
        \     }\n     ]\n    },\n    \"podCidr\": \"10.244.0.0/16\",\n    \"serviceCidr\":
        \"10.0.0.0/16\",\n    \"dnsServiceIP\": \"10.0.0.10\",\n    \"dockerBridgeCidr\":
        \"172.17.0.1/16\",\n    \"outboundType\": \"loadBalancer\",\n    \"podCidrs\":
        [\n     \"10.244.0.0/16\"\n    ],\n    \"serviceCidrs\": [\n     \"10.0.0.0/16\"\n
        \   ],\n    \"ipFamilies\": [\n     \"IPv4\"\n    ]\n   },\n   \"maxAgentPools\":
        100,\n   \"disableLocalAccounts\": false,\n   \"securityProfile\": {},\n   \"storageProfile\":
        {\n    \"diskCSIDriver\": {\n     \"enabled\": true\n    },\n    \"fileCSIDriver\":
        {\n     \"enabled\": true\n    },\n    \"snapshotController\": {\n     \"enabled\":
        true\n    }\n   },\n   \"oidcIssuerProfile\": {\n    \"enabled\": false\n
        \  }\n  },\n  \"sku\": {\n   \"name\": \"Basic\",\n   \"tier\": \"Free\"\n
        \ }\n }"
    headers:
      cache-control:
      - no-cache
      content-length:
      - '3611'
      content-type:
      - application/json
      date:
      - Fri, 27 May 2022 08:34:49 GMT
      expires:
      - '-1'
      pragma:
      - no-cache
      server:
      - nginx
      strict-transport-security:
      - max-age=31536000; includeSubDomains
      transfer-encoding:
      - chunked
      vary:
      - Accept-Encoding
      x-content-type-options:
      - nosniff
    status:
      code: 200
      message: OK
- request:
    body: null
    headers:
      Accept:
      - application/json
      Accept-Encoding:
      - gzip, deflate
      CommandName:
      - aks get-credentials
      Connection:
      - keep-alive
      Content-Length:
      - '0'
      ParameterSetName:
      - -g -n --file
      User-Agent:
      - AZURECLI/2.37.0 azsdk-python-azure-mgmt-containerservice/19.0.0b Python/3.9.5
        (Windows-10-10.0.19044-SP0)
    method: POST
    uri: https://management.azure.com/subscriptions/00000000-0000-0000-0000-000000000000/resourceGroups/clitest000001/providers/Microsoft.ContainerService/managedClusters/cliakstest000001/listClusterUserCredential?api-version=2022-04-02-preview
  response:
    body:
      string: "{\n  \"kubeconfigs\": [\n   {\n    \"name\": \"clusterUser\",\n    \"value\":
        \"YXBpVmVyc2lvbjogdjEKY2x1c3RlcnM6Ci0gY2x1c3RlcjoKICAgIGNlcnRpZmljYXRlLWF1dGhvcml0eS1kYXRhOiBMUzB0TFMxQ1JVZEpUaUJEUlZKVVNVWkpRMEZVUlMwdExTMHRDazFKU1VVMlZFTkRRWFJIWjBGM1NVSkJaMGxTUVV0SVNVWjFlakZHU2xVME9FZzFRa1prZDJka1pXZDNSRkZaU2t0dldrbG9kbU5PUVZGRlRFSlJRWGNLUkZSRlRFMUJhMGRCTVZWRlFYaE5RMWt5UlhkSlFtTk9UV3BKZDA1VVNUTk5SR2Q1VFVSSmQxZG9aMUJOYWtFeFRXcEJNVTFxWTNkUFJFMTNUV3BDWVFwTlFUQjRRM3BCU2tKblRsWkNRVTFVUVcxT2FFMUpTVU5KYWtGT1FtZHJjV2hyYVVjNWR6QkNRVkZGUmtGQlQwTkJaemhCVFVsSlEwTm5TME5CWjBWQkNua3dkV3RGVXpkelkyWnpVVWx0VUdWeFlWaExMM3ByZUc5VFYyd3dlV3gyWkcxQk4zWXZNa2x0UkVNNFNIRktjME5WVkVZNE5XaE9Wa05RTWtoT1VFWUtSRzVwWldWNmFIbGpTemszUTNweFVXRXpPR1I0Vldsb1FqRktUMjF0Y21VMGVHeGtabkF3VGxWRVVGWkdRbVpIU0ZGNGNEVk9hWGxSVW1vMlNHTTRiZ3BtYm5CNlIyNU1lSEpTU1ZBeFJuVXpURFJGTDBsbUszSlNXbEp4VjFWcmRuWXlVM2hRY3pBeGJXTmlabHB1Y2pSSFdERkxOMHBJY1ZrMWF6WlBTbGxuQ2swMk9WSkRSbEJUWXk4eGJXNHZRa1ZXTmxSdVVrWjNOU3RDYWtGbmNVMXFhbXRpWmtKMWVXVTJlRXRJVm5vemFqbFFhMlZrVkVKSVluTTRkbXBMWTNNS1NHdFVUVU5VVW5GWllXbHVUemszYVc4MlFYTkpTMUJZVlZsbVlrWlRjekp0VjFSWlJWQnZkbWsyV1ZOU05qQnRSMFpqTjBjdk9ESjJkVEJEVFdkclR3cG9WRkpYWmpkNFZYSmpiblUwZVdKeU4wNVViV1JoWlRGbWFUbEVVVWx3UjJoamFEZ3ZUVWhRVlZZcmRTdG5Tbk5HT0VsaFdWaE5SRUZ2YjIxR1kwaHBDa1ZQYWl0dFNqSlZlRzVRZDFBeE0zbHVNVkUwVkZGMlJHWldNR1E0Ym1Kck5sRmhZMFJoYlM5NE9DOUtiMEY0Wml0RWRrNWtVMnczTnk4NU1XUnNaMmNLYmtwdFVuRmpXSFJyYVVkdk5UaDJabGxLUVVJM1pFbDZRWGhaYzFveVJYVXlXbGxNYlV0clltUjJSMWhaWjBOd1N6RXlVRUpKWlhWM00ySkhkbTVRVVFwNWRXNWxWV3hhVkZKcGJrUldhMjlJVEc4elJVODNRM0ZMUXpjMmFYWTRORFV4U2sxaVFWWm5VRGxNYVdaRE1XWkVNbE5UVkdKa1ltSmFjVmxqVERkT0NtTXlZbkJSYm5Gckt6UlZlV0kwTjFFeFFVWXhSM2M0ZURCQ1VGRTRRVEF5U1dWSlVHNUpja3RLUjAwck1HODFMMU4wWVM5SldtSlpRbk5tZVhwNlJWWUtSMGxDWVRCbE5uZHdhV2xKYjNscFRXTnhkV2d6WVdoaFVsZGthMmxXVkdZeE1IRkhkMjVETmxSNE9FTkJkMFZCUVdGT1EwMUZRWGRFWjFsRVZsSXdVQXBCVVVndlFrRlJSRUZuUzJ0TlFUaEhRVEZWWkVWM1JVSXZkMUZHVFVGTlFrRm1PSGRJVVZsRVZsSXdUMEpDV1VWR1NtcElOakZIU2pCVlEzUmxUVFp1Q21kdWNYY3ZSWEZaV1VkbVowMUJNRWREVTNGSFUwbGlNMFJSUlVKRGQxVkJRVFJKUTBGUlFtaFplVGx1U0RCMWMza3laMWRNZWxKalFXWllXRFJLY3pRS2JGaFdjV3hIVTJWV2IyNVRhMFZ2UVVGTVMxazJkakZGYVZaaWVIZHdRazFSWVhkNFREVnNaRmRGWTFkb2F6RllXVkEyUWxKRWNrNWliVW9yZUVwaGNncHpXRFZ5VkhaWlpISTRVbXhMT1hWeVluaE5UVE5aU3pocVp6SmlkbEoxWjBGMloyMURTWHBaYm5ORVdEVkhhbloxTjBFMVkyaFNTRXhVT0hSbWNsWXdDblF5ZURkdVYwVkVZMnc0YVM5R1JYTjZja1pZU1dsbk5qUkNSRFp6WVdaTVoza3hNWEZoT1UxWWRWbHplbk5JV25GWlZVaHViRWhNZUdRemFpc3pLMDhLV0VGWGFsZElhR0Y2WW1oUVdGbFJSMjE1UldadlkyNXNXRVpFWjNsRFNWZE5RMVpNZDNCdGVVSTBRVmx2Ukc1ckszTkJNblZFVUhCaVdVbGtNa2hKU3dvek4wbGtOVkpyY1ZSNFltWkNjaXN4TjJFMVNXa3ZTbUZUVXpNNGNHOURNRkF2TkhoNmVUTkpiR2x0VVZkeE1Gb3paa0VyTTAxU05YWXJOVk5OVVdScUNtVnNjRWRyY0V3MlpWUjJSbVkxWTBGbWJuSm5kMHd2WjBOblozTlpOSFZIVm1kd2VFTnFWa1Z3YVRob01qQkRUREJ0T0RsWWNrVmtZMHR4U0UxQlUzRUtaSEY2VUZoeE5IVnRRVlpzZGtSeGFXeFJZbFI0WlUxbVRHY3dRMHhRVGxaQk5TdEpRemRoVkdWMWNrbE9aRzR6Ylc0MFR6RkNLM0Z6WlVGUllYWXhMd3BhUzFGVloxRkpWMVEzVDNkTFUzbEZMMDlaYTFSTlEwNVlja2hRWlRCMU9YZEdWVVUzVWs5QlpWTXdSMUJEVG0wemMzWnVPR0ZwVDJzeU9WVTBkREJHQ25JeU9HRXpNR2g0UjFWM1oyRm9aRTF1YjJReE1UZDRja2hLZDBwaWNsbGFha0ZGTWpGTWExZFNNa2d2ZFVkSmIwaHJaM0JIVW5sM1VYRnNia3R6YWtjS1IxUjVTUzlyWjNWVFRVMU1WRGRtVmpsaVZHWkpORTExVW05QkszUk5SbVJWUTBGc1ZGVTJiRVZQYkdKblMxZFJUMWh6Tm5sTU1rOTRUMncyTVhSWFF3cFVkVXRtUVdGYU1EWnNZbFZwTW5Wbk5IYzlQUW90TFMwdExVVk9SQ0JEUlZKVVNVWkpRMEZVUlMwdExTMHRDZz09CiAgICBzZXJ2ZXI6IGh0dHBzOi8vY2xpYWtzZG5zNHprbW40ay1mYmQ3YjU0Yi5oY3Aud2VzdHVzMi5hem1rOHMuaW86NDQzCiAgbmFtZTogY2xpYWtzdGVzdG1iNnF1eQpjb250ZXh0czoKLSBjb250ZXh0OgogICAgY2x1c3RlcjogY2xpYWtzdGVzdG1iNnF1eQogICAgdXNlcjogY2x1c3RlclVzZXJfY2xpdGVzdHdqdmRjNWR2ZmxfY2xpYWtzdGVzdG1iNnF1eQogIG5hbWU6IGNsaWFrc3Rlc3RtYjZxdXkKY3VycmVudC1jb250ZXh0OiBjbGlha3N0ZXN0bWI2cXV5CmtpbmQ6IENvbmZpZwpwcmVmZXJlbmNlczoge30KdXNlcnM6Ci0gbmFtZTogY2x1c3RlclVzZXJfY2xpdGVzdHdqdmRjNWR2ZmxfY2xpYWtzdGVzdG1iNnF1eQogIHVzZXI6CiAgICBjbGllbnQtY2VydGlmaWNhdGUtZGF0YTogTFMwdExTMUNSVWRKVGlCRFJWSlVTVVpKUTBGVVJTMHRMUzB0Q2sxSlNVWklha05EUVhkaFowRjNTVUpCWjBsU1FWQm9UakkzYmpkc00zWnlaR2cwWkVWcmRVRndUemgzUkZGWlNrdHZXa2xvZG1OT1FWRkZURUpSUVhjS1JGUkZURTFCYTBkQk1WVkZRWGhOUTFreVJYZElhR05PVFdwSmQwNVVTVE5OUkdkNVRVUkpkMWRvWTA1TmFsRjNUbFJKTTAxRVozcE5SRWwzVjJwQmR3cE5VbU4zUmxGWlJGWlJVVXRGZHpWNlpWaE9NRnBYTURaaVYwWjZaRWRXZVdONlJWWk5RazFIUVRGVlJVRjRUVTFpVjBaNlpFZFdlVmt5ZUhCYVZ6VXdDazFKU1VOSmFrRk9RbWRyY1docmFVYzVkekJDUVZGRlJrRkJUME5CWnpoQlRVbEpRME5uUzBOQlowVkJNVWt2ZWxCTlZUZHZaSGN4VVZKT1UyNUlTRmNLZVhFMk9YbFRkbUYwZGt0U1pqZ3lkbnBDVmpCNmNHSjJZVTgwTHk5WE16QlJNRU5NTjNOSlRqSjNNME5LY1VNeE5IUlhlSFpGY2pWUlV6aEJWVVZVY2dwV1JXSlNNR3d2TWs5UVZUaGlRMGhNU0dGSEszbEZWbTVpYVZSSGJGRlJUMlpLYTJ0RVpUaGtSVkJITW5kQk5XaFlORlV5UTA1eGVGaHhabms1TVVoQ0NrZFVaRTVaVURZd2VWcFdWMDFxWkVseFJpOUJVbWc1VmpSTGVuaFNibTR3T0hsdGJERjZORTFIVjFKcmRHUnRhUzgwZWtaSmJGQkhhMUpZZG5CVU4xY0tWbEE0YlhabFMwOTBTbk5EU1hSM1ZVb3hWRXh0UkdsU1NXaEVlRzFQYmpsSkwxUTJRV1p4ZHpGQmRHcFdRMHB4YlRkTk1WRTBhV1ZEV1c1T1RYWnRWQW95ZW1aaFFqbFRkbWR5V1hGNFJXaG5jMk5PWWxsYVFuWlRZMmx2WW5weVNIbGtkV2RxU1d0TVRHOHlVV0pyVTJsdVNEUmtRMVJrVkdGaGFWZHlZa2RzQ21Kck9VSjZObmxLWmxSV2JXTmpPVTlHUzNkUlNFdHdUVVU1ZVhNd1JqaE1hR281YWpCcVVYZ3dNVlozZDI5M2QwSkdaSEozUkdseUwxcFVSRmhwVVhnS1puZ3hlbkJNVW0xVFZIQllaRk41VUhkUFEwRkNibGgyYmxOVWFuZDFRV2w0VTBseVVreDFRMDB4ZVdGNFR6ZHVPV1p4T1dOb1kxQkVUVmQ0ZDBoWU9RcHBWMUJDV0hneldIQnNka2d6UjFwQlJXVjJTMWs0UzJkTVRXVTFjVlV5S3pCU1VtTlFPRTUxVGt0MGNuQkJiRlF4Tm5CR05FMDVUSFp2T1ZORmJTOW1Da281TUdOa1JsTXpXR3hxY0RKNVJtTXJWM1p5VlVoR2J5OTBjekJRTHpsQlRsQXlTWFZ2TkhrMmJYUnpXVzVRYUV4VGRFTkJaMUZPWm1GaFpUaEZURk1LV2tKQlRrOVNTVlJ6TTFkdGNrTnpjMHhtTmk5NVJITXJaR05MVjFadk1HbG1LMDk0ZVhkT2MwWnJlbWxUVVhOSVpXaEdVVGg2ZUdSRVVHMVlWSFV2ZVFwaFREbHpZWE5vVERsQ2R5dE5VbmhXWVdVeFR6VkJZME5CZDBWQlFXRk9WMDFHVVhkRVoxbEVWbEl3VUVGUlNDOUNRVkZFUVdkWFowMUNUVWRCTVZWa0NrcFJVVTFOUVc5SFEwTnpSMEZSVlVaQ2QwMURUVUYzUjBFeFZXUkZkMFZDTDNkUlEwMUJRWGRJZDFsRVZsSXdha0pDWjNkR2IwRlZiVTFtY2xWWmJsSUtVVXN4TkhweFpVTmxja1E0VTNCb1oxb3JRWGRFVVZsS1MyOWFTV2gyWTA1QlVVVk1RbEZCUkdkblNVSkJURVV6VVdOcVoycEdkMlp1UWt0c09VWldhQXBsUlZOdllrRllZVEZDTW1ORVJsYzVlbkUxWXpKTmFuQnhWamxKT0dVeU5XRk9jR05rY1hkWUszUk1Lek5OZFhaQlFYcGxkelIzYzNGd01tMDFUbk0zQ204d1NVWjRVRVUxY1ZGNVFuRmhOVUkwZGtvNE5ISlhjMGhuWVhKbVRuSnBSbTVOT1ZCc2VXVkhjMjFCTVVoVlZIbFNhemRvSzBVMWJUbEJNR2d5UlZvS00xRlhlWGMzZFc5QlIzbHZaRTFYWm1ZNFZWQkJNVEYyYVhsck1sUm5hVkVyWlVKeGJHaFFZMU5YV0hWcVdFSmhTVXRhV2tVMVVYUjFaSGczVkdORlJRb3dOalZxUTI1T1pFWm5iMFp2ZWtGME9VMTViV3B4UW13NEwwSmhVamx0Vkcwd1pGb3pOR1YxYUdKRVlXazRSeXRoZVhFemVGUjJNbU5xU2pJeE4yaDRDbTFTYVhGaVlWWXJiMVphU1V4VVpUUnNNVzFpVlRsa2RpdEJXRXBSWW1kWmNEbENTVXBSTDNjd1EwcGFkRWhRYWxBclpVSnFaalJrYkdobWJXcHpWa2dLSzA4clJFUm9XRXgzYVU5VE0yWm9UbHBxWlROamNVSjFVek40WjJoTllXVnVjMHBVVFVScU4yMUdTa3gwVWs5RFFVVnVXSFJzUkVWRmJteFFWSFJHYmdwS1dsWnNORFZPYm1adk0zRnVRMlIzU1dRM05tSXJOR1puTDFaTVVXZDZPV3hTY2xsM1JHWTRiMGRyTW1sYVZUaFJTVlZwYWtsTlNXd3ZibGwzVDNWeENsWmxXQzlIZUhsUmFXZFVUazFJVW01bFZsSXhiM1IwUkdwbFNqWXhXVEl4YXpCWlRUWm1WV2gzTlZkVmQwTTFZbWhVTm1OQ1ZpdDFaMjlQWmtzMFZXSUtWV3hWWXpoWWFYTTVVbm95ZHk5cGVXTlZia1ZpZEc4MWQzRnBSM2xYU2tOd1NYQjJValZLVjJkWFRFZFlObE5tU21kRVpsbHpUazFDTlN0cmNFZDFhd3BSZFdacUsxTkliaXRVU0ZCQ2RHbHFObkp1YldOU1FWUnFlbGh1VVRkWU1GQkRPVzFpUkhkc1VWUTRaVXBWVjJoV1J6ZDRZakJzVDBkVU5XcG5hVzlJQ2xneFpFNWlTSEZHVEc4eVRrRkZkVGxEZGtKNk5UaEVXQW90TFMwdExVVk9SQ0JEUlZKVVNVWkpRMEZVUlMwdExTMHRDZz09CiAgICBjbGllbnQta2V5LWRhdGE6IExTMHRMUzFDUlVkSlRpQlNVMEVnVUZKSlZrRlVSU0JMUlZrdExTMHRMUXBOU1VsS1NuZEpRa0ZCUzBOQlowVkJNVWt2ZWxCTlZUZHZaSGN4VVZKT1UyNUlTRmQ1Y1RZNWVWTjJZWFIyUzFKbU9ESjJla0pXTUhwd1luWmhUelF2Q2k5WE16QlJNRU5NTjNOSlRqSjNNME5LY1VNeE5IUlhlSFpGY2pWUlV6aEJWVVZVY2xaRllsSXdiQzh5VDFCVk9HSkRTRXhJWVVjcmVVVldibUpwVkVjS2JGRlJUMlpLYTJ0RVpUaGtSVkJITW5kQk5XaFlORlV5UTA1eGVGaHhabms1TVVoQ1IxUmtUbGxRTmpCNVdsWlhUV3BrU1hGR0wwRlNhRGxXTkV0NmVBcFNibTR3T0hsdGJERjZORTFIVjFKcmRHUnRhUzgwZWtaSmJGQkhhMUpZZG5CVU4xZFdVRGh0ZG1WTFQzUktjME5KZEhkVlNqRlVURzFFYVZKSmFFUjRDbTFQYmpsSkwxUTJRV1p4ZHpGQmRHcFdRMHB4YlRkTk1WRTBhV1ZEV1c1T1RYWnRWREo2Wm1GQ09WTjJaM0paY1hoRmFHZHpZMDVpV1ZwQ2RsTmphVzhLWW5weVNIbGtkV2RxU1d0TVRHOHlVV0pyVTJsdVNEUmtRMVJrVkdGaGFWZHlZa2RzWW1zNVFubzJlVXBtVkZadFkyTTVUMFpMZDFGSVMzQk5SVGw1Y3dvd1JqaE1hR281YWpCcVVYZ3dNVlozZDI5M2QwSkdaSEozUkdseUwxcFVSRmhwVVhobWVERjZjRXhTYlZOVWNGaGtVM2xRZDA5RFFVSnVXSFp1VTFScUNuZDFRV2w0VTBseVVreDFRMDB4ZVdGNFR6ZHVPV1p4T1dOb1kxQkVUVmQ0ZDBoWU9XbFhVRUpZZUROWWNHeDJTRE5IV2tGRlpYWkxXVGhMWjB4TlpUVUtjVlV5S3pCU1VtTlFPRTUxVGt0MGNuQkJiRlF4Tm5CR05FMDVUSFp2T1ZORmJTOW1Tamt3WTJSR1V6TlliR3B3TW5sR1l5dFhkbkpWU0VadkwzUnpNQXBRTHpsQlRsQXlTWFZ2TkhrMmJYUnpXVzVRYUV4VGRFTkJaMUZPWm1GaFpUaEZURk5hUWtGT1QxSkpWSE16VjIxeVEzTnpUR1kyTDNsRWN5dGtZMHRYQ2xadk1HbG1LMDk0ZVhkT2MwWnJlbWxUVVhOSVpXaEdVVGg2ZUdSRVVHMVlWSFV2ZVdGTU9YTmhjMmhNT1VKM0swMVNlRlpoWlRGUE5VRmpRMEYzUlVFS1FWRkxRMEZtT0c1Q2EyRm9ORnBSVWtreGVXcHNaV2xWTUVaSFpUVklXSHBsVW0xMVprNXZOVzVKYlhBM2EyRkVjSHBLVGtWWVEzVkdiMGhDTVhobVdncDJZMkpPWTB4ck1GaHJNRWRYUkZaS1dFaHdiV1pVY1ZKbmFGZDVXVEEwYVZWWWRta3JVMDFsZEhoWFZGZDRObkp3YUVwWVNtMXNUemh0S3pKalIyTjFDa28zWjNWYVJFbHdSVWh5VVVSeFZHTXJNRzFXUmpCRFJVb3pOVTFKZEhOU09EZEZPVlZUTWtORGNWSk5VbFZuU0d3M2EzTm9jRkJHV0VvMlkwSm5iSE1LWlhabE9YTmlSRXh6YVdzMmQxb3hkbkl2U0VWelZVcFBSa1IwUmxnMVN6bFRaSEp3VkZsM1Z6SnNSRmsxTjJnMVQyVnNjbFkzUlVSWlprbFljQ3RKS3dwbGMyWTRTbWh6VjFaNmN6ZFhjWFJ6ZFhGb1NrZEJUMVZYUkROT1FWaFJSaTlCV1RnclZGUm5NVWRxYzA5bVIwMDVMMlF5YkVkQ1dVTXpTMmx1U3k5a0NraFZkbmRSUVRGRlRWWlhjRnBZTTNaTmVtdGtURTVhT1VSVFFsSjVia28zT0RSWGVrWTRibXA2UlZkaGVuTlJZMGN2WWtreVZIRmhTRlZhT0dkbVpqZ0tNa0lyUzJGRVpXcFFLMU5HYVZsRFpTOVVVWEZhZWtSRFVsZEtRVVZ4TWpKTmN5OTZSMkZWVkZKeE1qTkRkemQwU1VZM2J6RmtlbmxDVlRKV1JVZERLd29yTmpSaloyWnNVMU40V0dkdk5XUjNWVTFrTUhVeWFXRndXVzF4Y1hOVWVtbHhha1JaVmpkMVdrRlJkMnRSVW5aTVRtZElXQ3RrTlZsMWFVUlhWRkoxQ25FM2NFODVNVlJVTTNaSWEzQnpMMjF3VDFwaWRWWnliMUpKZWxoallrUnZkMFJ2TVV4WmFWSnFhRmRUTVZvNVJHWnFPRGxGZEdod1NERlFheTlNY1RrS1lreG9UVzVLV1ZGck0wSjBVbFp5VEZReGIwcHNOblJ1TVd0MGF6aENTMEZWUjAxRVEzSnJjWGQzU1ZoMGRGUktiVWhKYlRBclNDdG9hWFZRVFhGT013b3haWHBsVmxoSGJFNUpUM2xzVFdwR1J6SlVVbkpKVnl0V1VDdENSVlZRWWpCSU9HZ3ZPVW80UXpkTVJWa3pNVFZCYjBsQ1FWRkVZM2xCVERJeE5UaFVDa0o0T1hoaGQwNUlWMUkzYUU0elozcE1VbE12VjFrMU5WaFNXVzFTYkVSS1dIWlBkbTh2VWxNeUwwbGlTbWhvU0ZwdGNFRkdjbTQzVldaS1UxaENRa1VLZDJKRGJXTjVkRUpUUVZKUU1HODRRa2MwZDJKamNuQlpkVmd6TVdZd05YWkJVVXB5VVVSWlJrRjRUa1JuWVNzMlFWVldkbU5PWmpOTlZraFBaVEJRY0FwTWMweFVNbVpKTlVNM01WaFhUbUpwU1Zsa01VaDBjV3RHWjFsQmJtZEdUMUV4TWpaM2JIUkJNbU5pUWs5RU1sUXllRGhTYkhkaFkzUnRTV1l6Vms5UENuQjFaVTVwU1ZaeVFuWldjSGx0U0RNeVowcHZhVlYyYzFoeGFYZEllbkpQWVc4elVrZDRkbmxMTW1rd1ptTkVhR1ZXTXpkYU4wZEhUMnR4ZDI5NFJXVUtSV1paYm5wVU4xRXhibFZ4T0ZONlJXVjJPRGRpYms1amFHMUNXRkV5V2pSTWQwMDVZUzl0Y3pSYVJqZG9iM05UZFUxV1VGYzRiR2czU2prNE0yVlpRd3BDT1VOS1NrVm5SVWN6YkV4QmIwbENRVkZFTW1WRk1VUlNkRlpYVEcxVU1XaEZaSFJzYzB0TmR6TjNRV3Q0Ukc1TEwyb3dhMkZrU2s5NE1tUjFiWEJIQ20xRVVFNDViVGRZY1hrMVFXZzJWV1pRWnpkdGJYSk5UbVU0ZUM4NWRIRTVOalY1Vm1veFRGbFFXWEJNU21kRWRUWkxkM2hLYnpWWGQxRlRWaTlNZFdNS2NrVlJka1p2Y205S2VEVlpjbkZhVFd4bFJsVmFielZYTjJOdE5ISlVRMjlsVEM5MGFVTXlTMk5qZVVwWVVYQTFPR3BhYlRaMFRIazVia1I1VEhSb1JRbzJaWFZNZEZacWRXVjJjbU5YUldObU5FRjBLekl2YjBSR2FUWXhOR3R2SzJ0dFVXSkVNbFpNY0ZsV1lYVmhWa0V2WVVOTVEzVkJRbk41VjJwRkt6YzRDbTRyZVhOeFZUZG9NVXRrU21Rd2FURXZTVUpCWlZkUllsQmtXalYwUlVRNEswUjZlV0ZXUXpsV1FuWjBiRU5SVlRWS01sZGljR3RqV21waFdFWlhNMWdLYjFod2MzUkZZMk5wY1dWd1IwTXpWRUpJVG5aSFRGVlVRblJ3YUZKQ1ZVdENjRkJUUVhsaE1VRnZTVUpCVVVSTlMzQlpOMHROYVhSTmRrRk1NVlpqZUFveWNVNXZlQzh2TmpZeGVEbFhNV05oZFdzNWNWVTJiMUJ1YVZGb2NqWXJXVVpHWkN0aVlYTlZSa0Y0TjJWamFrSk9WbGQxWm1ZMU5WcDBhSGxDU25wcENtZE1UMnRGVjFrelRYWTVUWFp5Y1N0dk9FcHphbE0ySzBScFVISm9TRk4zUXpscU4yMHlhMmw2Um5kdGIzbGlSVXhFUzI1cVIzZFFjbXBPZVRjclFrVUthWEYxYzI4M1dVeGFaRUUzUzJFMGRFRlZWRXAxTVZGbWVVMUtZbTAzU1VKa1lVdE5UMlpOVURCU2JWcEVXakpMZGtWd1ptaDVMMjVCYTJWMFNtRjFhZ3BtYzNKb05uTnlVVUpwV1d3dk5XeGlWekp2U21aTlprZzNUbVEyYjA5UmJDOWhhVlpEU20xbGNVeHhWbUUxTTB0TlFYVjZOM2RuT0ZVMFdHSTFjbmxLQ2t0V2EzVjJaSEZXVlRsNlJsY3JNa2xwWVdRM05uaE9UMWh6VGxSUlNTdHBTbEJMUWxaaWF6Qk9abEZaTkVKMVNqRXJWR2M1ZERkc2VqZzBlbXhJTmxrS1pHTlBha0Z2U1VKQlJUQkRXamR0TW01NEwxQllWRWwwVVRWbmJFOHJTalZxWm5keU9USk5WSEJVVkdSallsSTJObEpWU1ZWMk5UbDJaVzlFY25KNGNRcFBkMmhyYlZvME5tRk1Ualk0UzJ0ek0ydGxOVmhNTVhOeFlqZzVVMlpvVVhWcE5Ha3dURmhXVFRCQmEwOVBUVFJoWms1dVVsVk9PWFU0ZDNWelpsazFDbWx6ZWxGMlVuTXJNVmR1YlhCWFJGbzJWMXAyYW5JeVJrSlJjakYxY1RCQlVUVldSRFJsYzJGWFFUaDFTR1l4VjB4U1NYVjFkSEJHWTBwb01XTkVWVXdLWW1Wb09VZE1VVWczS3l0VFZXWnhNalp3T1dZNWFYazBNWFJvZUhCblprNTZkVE0zUWxoNFlVRjBhVTgzUmtRM2NHRXpabTgxVDBKalNsTXJWR1Y0V0FvMGJrVmpLMVJaVEd0Q1RWWkhjMk00VDJoQ1N6RjFaSHAwU3psV1dYRnVWbHAxYVVSdFoyRkNURUV2T1haSk9WbEVTVk5IWVVsNWQxbHhNRzFaZGxkNkNrTlNTRmhuVkVodGRWSTJhMVJMWlVkUk5rOVRabnBTYW5VM2IzQjVLMVZEWjJkRlFVNTZUVk42Vm00d1V6UmhNbXAxY0RCTFVEbE1PRkZxTTBoa1dsRUthV3RWVEdzNVEwZFhPREpwVVVoYWVXOVlkRVUyZUhacVMwaEhhVGxQZDFkaVducFRZblptVERoVVJ6Z3lURVZKU21sbFZVNDViR0k1VFd4cE5UWlZSUXB4Ykd4eFR6bDJjbkJOZG5vemQweFRkWFJWTmxsWWFITmllWFpWY2tsMVRHZEthSFpuTWtaeVZsZGhhVEZMV1hkc1RIZDNlRTluTVdaNloxRnFiMkpWQ21kSVYyRkJTemxSWWtGV0wxRmxNMFIzZW1wd2VXWlRNWEp5U1RVMFEzQlFhRUZQSzFWSVlVcFlaR1YzVFRoRGFXMXRVMDE1TjBRM2NEazJOakZ0WW1NS1RrSkxhSEF3YVVSNlZEQk5UekJ3UldvNE0weFBPVGhGU0c4eVUxb3dMMVpOWVNzelRrRjFOMmhKUkhKdVIzbG1aVGhPVkhaNGVuVlJVbFp1YlV4bGR3cFlWa05sVFVkeVlraDBkRXhSVjI1dlUwUnpXVTFKWjFKcFdWRnpRbVpvWmsweWVYTm9XRWszZVhvemJFbGpURXRDYldJME9ERm5aR0puUFQwS0xTMHRMUzFGVGtRZ1VsTkJJRkJTU1ZaQlZFVWdTMFZaTFMwdExTMEsKICAgIHRva2VuOiBkODY3NmIzNTE2MGY0MTVlOTk2NmM2YTlkNzZlZjEyNmEwZmJhNjUzMjE5OGQ5ODE3OWQ4M2YwY2UyY2UxN2U5MWExMmIwYTYzYmEyYTExMGE4NDkyYWQyNDllYmY0YzlkNzk4NmRiNGU4MDFjZWQ0ZjgzMjBkYzIwYzUzY2RlMAo=\"\n
        \  }\n  ]\n }"
    headers:
      cache-control:
      - no-cache
      content-length:
      - '13084'
      content-type:
      - application/json
      date:
      - Fri, 27 May 2022 08:34:51 GMT
      expires:
      - '-1'
      pragma:
      - no-cache
      server:
      - nginx
      strict-transport-security:
      - max-age=31536000; includeSubDomains
      transfer-encoding:
      - chunked
      vary:
      - Accept-Encoding
      x-content-type-options:
      - nosniff
      x-ms-ratelimit-remaining-subscription-writes:
      - '1198'
    status:
      code: 200
      message: OK
- request:
    body: null
    headers:
      Accept:
      - application/json
      Accept-Encoding:
      - gzip, deflate
      CommandName:
      - aks scale
      Connection:
      - keep-alive
      ParameterSetName:
      - -g -n --node-count
      User-Agent:
      - AZURECLI/2.37.0 azsdk-python-azure-mgmt-containerservice/19.0.0b Python/3.9.5
        (Windows-10-10.0.19044-SP0)
    method: GET
    uri: https://management.azure.com/subscriptions/00000000-0000-0000-0000-000000000000/resourceGroups/clitest000001/providers/Microsoft.ContainerService/managedClusters/cliakstest000001?api-version=2022-04-02-preview
  response:
    body:
      string: "{\n  \"id\": \"/subscriptions/00000000-0000-0000-0000-000000000000/resourcegroups/clitest000001/providers/Microsoft.ContainerService/managedClusters/cliakstest000001\",\n
        \ \"location\": \"westus2\",\n  \"name\": \"cliakstest000001\",\n  \"type\":
        \"Microsoft.ContainerService/ManagedClusters\",\n  \"properties\": {\n   \"provisioningState\":
        \"Succeeded\",\n   \"powerState\": {\n    \"code\": \"Running\"\n   },\n   \"kubernetesVersion\":
        \"1.22.6\",\n   \"currentKubernetesVersion\": \"1.22.6\",\n   \"dnsPrefix\":
        \"cliaksdns000002\",\n   \"fqdn\": \"cliaksdns000002-fbd7b54b.hcp.westus2.azmk8s.io\",\n
        \  \"azurePortalFQDN\": \"cliaksdns000002-fbd7b54b.portal.hcp.westus2.azmk8s.io\",\n
        \  \"agentPoolProfiles\": [\n    {\n     \"name\": \"nodepool1\",\n     \"count\":
        1,\n     \"vmSize\": \"Standard_DS2_v2\",\n     \"osDiskSizeGB\": 128,\n     \"osDiskType\":
        \"Managed\",\n     \"kubeletDiskType\": \"OS\",\n     \"workloadRuntime\":
        \"OCIContainer\",\n     \"maxPods\": 110,\n     \"type\": \"VirtualMachineScaleSets\",\n
        \    \"enableAutoScaling\": false,\n     \"provisioningState\": \"Succeeded\",\n
        \    \"powerState\": {\n      \"code\": \"Running\"\n     },\n     \"orchestratorVersion\":
        \"1.22.6\",\n     \"enableNodePublicIP\": false,\n     \"mode\": \"System\",\n
        \    \"enableEncryptionAtHost\": false,\n     \"enableUltraSSD\": false,\n
        \    \"osType\": \"Linux\",\n     \"osSKU\": \"Ubuntu\",\n     \"nodeImageVersion\":
        \"AKSUbuntu-1804gen2containerd-2022.05.10\",\n     \"enableFIPS\": false\n
        \   }\n   ],\n   \"linuxProfile\": {\n    \"adminUsername\": \"azureuser\",\n
        \   \"ssh\": {\n     \"publicKeys\": [\n      {\n       \"keyData\": \"ssh-rsa
        AAAAB3NzaC1yc2EAAAADAQABAAACAQCbIg1guRHbI0lV11wWDt1r2cUdcNd27CJsg+SfgC7miZeubtwUhbsPdhMQsfDyhOWHq1+ZL0M+nJZV63d/1dhmhtgyOqejUwrPlzKhydsbrsdUor+JmNJDdW01v7BXHyuymT8G4s09jCasNOwiufbP/qp72ruu0bIA1nySsvlf9pCQAuFkAnVnf/rFhUlOkhtRpwcq8SUNY2zRHR/EKb/4NWY1JzR4sa3q2fWIJdrrX0DvLoa5g9bIEd4Df79ba7v+yiUBOS0zT2ll+z4g9izHK3EO5d8hL4jYxcjKs+wcslSYRWrascfscLgMlMGh0CdKeNTDjHpGPncaf3Z+FwwwjWeuiNBxv7bJo13/8B/098KlVDl4GZqsoBCEjPyJfV6hO0y/LkRGkk7oHWKgeWAfKtfLItRp00eZ4fcJNK9kCaSMmEugoZWcI7NGbZXzqFWqbpRI7NcDP9+WIQ+i9U5vqWsqd/zng4kbuAJ6UuKqIzB0upYrLShfQE3SAck8oaLhJqqq56VfDuASNpJKidV+zq27HfSBmbXnkR/5AK337dc3MXKJypoK/QPMLKUAP5XLPbs+NddJQV7EZXd29DLgp+fRIg3edpKdO7ZErWhv7d+3Kws+e1Y+ypmR2WIVSwVyBEUfgv2C8Ts9gnTF4pNcEY/S2aBicz5Ew2+jdyGNQQ==
        test@example.com\\n\"\n      }\n     ]\n    }\n   },\n   \"servicePrincipalProfile\":
        {\n    \"clientId\":\"00000000-0000-0000-0000-000000000001\"\n   },\n   \"nodeResourceGroup\":
        \"MC_clitest000001_cliakstest000001_westus2\",\n   \"enableRBAC\": true,\n
        \  \"enablePodSecurityPolicy\": false,\n   \"networkProfile\": {\n    \"networkPlugin\":
        \"kubenet\",\n    \"loadBalancerSku\": \"Standard\",\n    \"loadBalancerProfile\":
        {\n     \"managedOutboundIPs\": {\n      \"count\": 1\n     },\n     \"effectiveOutboundIPs\":
        [\n      {\n       \"id\": \"/subscriptions/00000000-0000-0000-0000-000000000000/resourceGroups/MC_clitest000001_cliakstest000001_westus2/providers/Microsoft.Network/publicIPAddresses/3a2d64f2-468f-4594-9f3f-a7f5b76f9df2\"\n
        \     }\n     ]\n    },\n    \"podCidr\": \"10.244.0.0/16\",\n    \"serviceCidr\":
        \"10.0.0.0/16\",\n    \"dnsServiceIP\": \"10.0.0.10\",\n    \"dockerBridgeCidr\":
        \"172.17.0.1/16\",\n    \"outboundType\": \"loadBalancer\",\n    \"podCidrs\":
        [\n     \"10.244.0.0/16\"\n    ],\n    \"serviceCidrs\": [\n     \"10.0.0.0/16\"\n
        \   ],\n    \"ipFamilies\": [\n     \"IPv4\"\n    ]\n   },\n   \"maxAgentPools\":
        100,\n   \"disableLocalAccounts\": false,\n   \"securityProfile\": {},\n   \"storageProfile\":
        {\n    \"diskCSIDriver\": {\n     \"enabled\": true\n    },\n    \"fileCSIDriver\":
        {\n     \"enabled\": true\n    },\n    \"snapshotController\": {\n     \"enabled\":
        true\n    }\n   },\n   \"oidcIssuerProfile\": {\n    \"enabled\": false\n
        \  }\n  },\n  \"sku\": {\n   \"name\": \"Basic\",\n   \"tier\": \"Free\"\n
        \ }\n }"
    headers:
      cache-control:
      - no-cache
      content-length:
      - '3611'
      content-type:
      - application/json
      date:
      - Fri, 27 May 2022 08:34:52 GMT
      expires:
      - '-1'
      pragma:
      - no-cache
      server:
      - nginx
      strict-transport-security:
      - max-age=31536000; includeSubDomains
      transfer-encoding:
      - chunked
      vary:
      - Accept-Encoding
      x-content-type-options:
      - nosniff
    status:
      code: 200
      message: OK
- request:
    body: '{"location": "westus2", "sku": {"name": "Basic", "tier": "Free"}, "properties":
      {"kubernetesVersion": "1.22.6", "dnsPrefix": "cliaksdns000002", "agentPoolProfiles":
      [{"count": 3, "vmSize": "Standard_DS2_v2", "osDiskSizeGB": 128, "osDiskType":
      "Managed", "kubeletDiskType": "OS", "workloadRuntime": "OCIContainer", "maxPods":
      110, "osType": "Linux", "osSKU": "Ubuntu", "enableAutoScaling": false, "type":
      "VirtualMachineScaleSets", "mode": "System", "orchestratorVersion": "1.22.6",
      "powerState": {"code": "Running"}, "enableNodePublicIP": false, "enableEncryptionAtHost":
      false, "enableUltraSSD": false, "enableFIPS": false, "name": "nodepool1"}],
      "linuxProfile": {"adminUsername": "azureuser", "ssh": {"publicKeys": [{"keyData":
      "ssh-rsa AAAAB3NzaC1yc2EAAAADAQABAAACAQCbIg1guRHbI0lV11wWDt1r2cUdcNd27CJsg+SfgC7miZeubtwUhbsPdhMQsfDyhOWHq1+ZL0M+nJZV63d/1dhmhtgyOqejUwrPlzKhydsbrsdUor+JmNJDdW01v7BXHyuymT8G4s09jCasNOwiufbP/qp72ruu0bIA1nySsvlf9pCQAuFkAnVnf/rFhUlOkhtRpwcq8SUNY2zRHR/EKb/4NWY1JzR4sa3q2fWIJdrrX0DvLoa5g9bIEd4Df79ba7v+yiUBOS0zT2ll+z4g9izHK3EO5d8hL4jYxcjKs+wcslSYRWrascfscLgMlMGh0CdKeNTDjHpGPncaf3Z+FwwwjWeuiNBxv7bJo13/8B/098KlVDl4GZqsoBCEjPyJfV6hO0y/LkRGkk7oHWKgeWAfKtfLItRp00eZ4fcJNK9kCaSMmEugoZWcI7NGbZXzqFWqbpRI7NcDP9+WIQ+i9U5vqWsqd/zng4kbuAJ6UuKqIzB0upYrLShfQE3SAck8oaLhJqqq56VfDuASNpJKidV+zq27HfSBmbXnkR/5AK337dc3MXKJypoK/QPMLKUAP5XLPbs+NddJQV7EZXd29DLgp+fRIg3edpKdO7ZErWhv7d+3Kws+e1Y+ypmR2WIVSwVyBEUfgv2C8Ts9gnTF4pNcEY/S2aBicz5Ew2+jdyGNQQ==
      test@example.com\n"}]}}, "oidcIssuerProfile": {"enabled": false}, "nodeResourceGroup":
      "MC_clitest000001_cliakstest000001_westus2", "enableRBAC": true, "enablePodSecurityPolicy":
      false, "networkProfile": {"networkPlugin": "kubenet", "podCidr": "10.244.0.0/16",
      "serviceCidr": "10.0.0.0/16", "dnsServiceIP": "10.0.0.10", "dockerBridgeCidr":
      "172.17.0.1/16", "outboundType": "loadBalancer", "loadBalancerSku": "Standard",
      "loadBalancerProfile": {"managedOutboundIPs": {"count": 1}, "effectiveOutboundIPs":
      [{"id": "/subscriptions/00000000-0000-0000-0000-000000000000/resourceGroups/MC_clitest000001_cliakstest000001_westus2/providers/Microsoft.Network/publicIPAddresses/3a2d64f2-468f-4594-9f3f-a7f5b76f9df2"}]},
      "podCidrs": ["10.244.0.0/16"], "serviceCidrs": ["10.0.0.0/16"], "ipFamilies":
      ["IPv4"]}, "disableLocalAccounts": false, "securityProfile": {}, "storageProfile":
      {"diskCSIDriver": {"enabled": true}, "fileCSIDriver": {"enabled": true}, "snapshotController":
      {"enabled": true}}}}'
    headers:
      Accept:
      - application/json
      Accept-Encoding:
      - gzip, deflate
      CommandName:
      - aks scale
      Connection:
      - keep-alive
      Content-Length:
      - '2442'
      Content-Type:
      - application/json
      ParameterSetName:
      - -g -n --node-count
      User-Agent:
      - AZURECLI/2.37.0 azsdk-python-azure-mgmt-containerservice/19.0.0b Python/3.9.5
        (Windows-10-10.0.19044-SP0)
    method: PUT
    uri: https://management.azure.com/subscriptions/00000000-0000-0000-0000-000000000000/resourceGroups/clitest000001/providers/Microsoft.ContainerService/managedClusters/cliakstest000001?api-version=2022-04-02-preview
  response:
    body:
      string: "{\n  \"id\": \"/subscriptions/00000000-0000-0000-0000-000000000000/resourcegroups/clitest000001/providers/Microsoft.ContainerService/managedClusters/cliakstest000001\",\n
        \ \"location\": \"westus2\",\n  \"name\": \"cliakstest000001\",\n  \"type\":
        \"Microsoft.ContainerService/ManagedClusters\",\n  \"properties\": {\n   \"provisioningState\":
        \"Updating\",\n   \"powerState\": {\n    \"code\": \"Running\"\n   },\n   \"kubernetesVersion\":
        \"1.22.6\",\n   \"currentKubernetesVersion\": \"1.22.6\",\n   \"dnsPrefix\":
        \"cliaksdns000002\",\n   \"fqdn\": \"cliaksdns000002-fbd7b54b.hcp.westus2.azmk8s.io\",\n
        \  \"azurePortalFQDN\": \"cliaksdns000002-fbd7b54b.portal.hcp.westus2.azmk8s.io\",\n
        \  \"agentPoolProfiles\": [\n    {\n     \"name\": \"nodepool1\",\n     \"count\":
        3,\n     \"vmSize\": \"Standard_DS2_v2\",\n     \"osDiskSizeGB\": 128,\n     \"osDiskType\":
        \"Managed\",\n     \"kubeletDiskType\": \"OS\",\n     \"workloadRuntime\":
        \"OCIContainer\",\n     \"maxPods\": 110,\n     \"type\": \"VirtualMachineScaleSets\",\n
        \    \"enableAutoScaling\": false,\n     \"provisioningState\": \"Updating\",\n
        \    \"powerState\": {\n      \"code\": \"Running\"\n     },\n     \"orchestratorVersion\":
        \"1.22.6\",\n     \"enableNodePublicIP\": false,\n     \"mode\": \"System\",\n
        \    \"enableEncryptionAtHost\": false,\n     \"enableUltraSSD\": false,\n
        \    \"osType\": \"Linux\",\n     \"osSKU\": \"Ubuntu\",\n     \"nodeImageVersion\":
        \"AKSUbuntu-1804gen2containerd-2022.05.10\",\n     \"enableFIPS\": false\n
        \   }\n   ],\n   \"linuxProfile\": {\n    \"adminUsername\": \"azureuser\",\n
        \   \"ssh\": {\n     \"publicKeys\": [\n      {\n       \"keyData\": \"ssh-rsa
        AAAAB3NzaC1yc2EAAAADAQABAAACAQCbIg1guRHbI0lV11wWDt1r2cUdcNd27CJsg+SfgC7miZeubtwUhbsPdhMQsfDyhOWHq1+ZL0M+nJZV63d/1dhmhtgyOqejUwrPlzKhydsbrsdUor+JmNJDdW01v7BXHyuymT8G4s09jCasNOwiufbP/qp72ruu0bIA1nySsvlf9pCQAuFkAnVnf/rFhUlOkhtRpwcq8SUNY2zRHR/EKb/4NWY1JzR4sa3q2fWIJdrrX0DvLoa5g9bIEd4Df79ba7v+yiUBOS0zT2ll+z4g9izHK3EO5d8hL4jYxcjKs+wcslSYRWrascfscLgMlMGh0CdKeNTDjHpGPncaf3Z+FwwwjWeuiNBxv7bJo13/8B/098KlVDl4GZqsoBCEjPyJfV6hO0y/LkRGkk7oHWKgeWAfKtfLItRp00eZ4fcJNK9kCaSMmEugoZWcI7NGbZXzqFWqbpRI7NcDP9+WIQ+i9U5vqWsqd/zng4kbuAJ6UuKqIzB0upYrLShfQE3SAck8oaLhJqqq56VfDuASNpJKidV+zq27HfSBmbXnkR/5AK337dc3MXKJypoK/QPMLKUAP5XLPbs+NddJQV7EZXd29DLgp+fRIg3edpKdO7ZErWhv7d+3Kws+e1Y+ypmR2WIVSwVyBEUfgv2C8Ts9gnTF4pNcEY/S2aBicz5Ew2+jdyGNQQ==
        test@example.com\\n\"\n      }\n     ]\n    }\n   },\n   \"servicePrincipalProfile\":
        {\n    \"clientId\":\"00000000-0000-0000-0000-000000000001\"\n   },\n   \"nodeResourceGroup\":
        \"MC_clitest000001_cliakstest000001_westus2\",\n   \"enableRBAC\": true,\n
        \  \"enablePodSecurityPolicy\": false,\n   \"networkProfile\": {\n    \"networkPlugin\":
        \"kubenet\",\n    \"loadBalancerSku\": \"Standard\",\n    \"loadBalancerProfile\":
        {\n     \"managedOutboundIPs\": {\n      \"count\": 1\n     },\n     \"effectiveOutboundIPs\":
        [\n      {\n       \"id\": \"/subscriptions/00000000-0000-0000-0000-000000000000/resourceGroups/MC_clitest000001_cliakstest000001_westus2/providers/Microsoft.Network/publicIPAddresses/3a2d64f2-468f-4594-9f3f-a7f5b76f9df2\"\n
        \     }\n     ]\n    },\n    \"podCidr\": \"10.244.0.0/16\",\n    \"serviceCidr\":
        \"10.0.0.0/16\",\n    \"dnsServiceIP\": \"10.0.0.10\",\n    \"dockerBridgeCidr\":
        \"172.17.0.1/16\",\n    \"outboundType\": \"loadBalancer\",\n    \"podCidrs\":
        [\n     \"10.244.0.0/16\"\n    ],\n    \"serviceCidrs\": [\n     \"10.0.0.0/16\"\n
        \   ],\n    \"ipFamilies\": [\n     \"IPv4\"\n    ]\n   },\n   \"maxAgentPools\":
        100,\n   \"disableLocalAccounts\": false,\n   \"securityProfile\": {},\n   \"storageProfile\":
        {\n    \"diskCSIDriver\": {\n     \"enabled\": true\n    },\n    \"fileCSIDriver\":
        {\n     \"enabled\": true\n    },\n    \"snapshotController\": {\n     \"enabled\":
        true\n    }\n   },\n   \"oidcIssuerProfile\": {\n    \"enabled\": false\n
        \  }\n  },\n  \"sku\": {\n   \"name\": \"Basic\",\n   \"tier\": \"Free\"\n
        \ }\n }"
    headers:
      azure-asyncoperation:
      - https://management.azure.com/subscriptions/00000000-0000-0000-0000-000000000000/providers/Microsoft.ContainerService/locations/westus2/operations/1796dedb-a47c-484d-bfe9-6653fc2c52e5?api-version=2016-03-30
      cache-control:
      - no-cache
      content-length:
      - '3609'
      content-type:
      - application/json
      date:
      - Fri, 27 May 2022 08:35:02 GMT
      expires:
      - '-1'
      pragma:
      - no-cache
      server:
      - nginx
      strict-transport-security:
      - max-age=31536000; includeSubDomains
      transfer-encoding:
      - chunked
      vary:
      - Accept-Encoding
      x-content-type-options:
      - nosniff
      x-ms-ratelimit-remaining-subscription-writes:
      - '1195'
    status:
      code: 200
      message: OK
- request:
    body: null
    headers:
      Accept:
      - '*/*'
      Accept-Encoding:
      - gzip, deflate
      CommandName:
      - aks scale
      Connection:
      - keep-alive
      ParameterSetName:
      - -g -n --node-count
      User-Agent:
      - AZURECLI/2.37.0 azsdk-python-azure-mgmt-containerservice/19.0.0b Python/3.9.5
        (Windows-10-10.0.19044-SP0)
    method: GET
    uri: https://management.azure.com/subscriptions/00000000-0000-0000-0000-000000000000/providers/Microsoft.ContainerService/locations/westus2/operations/1796dedb-a47c-484d-bfe9-6653fc2c52e5?api-version=2016-03-30
  response:
    body:
      string: "{\n  \"name\": \"dbde9617-7ca4-4d48-bfe9-6653fc2c52e5\",\n  \"status\":
        \"InProgress\",\n  \"startTime\": \"2022-05-27T08:34:58.5933333Z\"\n }"
    headers:
      cache-control:
      - no-cache
      content-length:
      - '126'
      content-type:
      - application/json
      date:
      - Fri, 27 May 2022 08:35:32 GMT
      expires:
      - '-1'
      pragma:
      - no-cache
      server:
      - nginx
      strict-transport-security:
      - max-age=31536000; includeSubDomains
      transfer-encoding:
      - chunked
      vary:
      - Accept-Encoding
      x-content-type-options:
      - nosniff
    status:
      code: 200
      message: OK
- request:
    body: null
    headers:
      Accept:
      - '*/*'
      Accept-Encoding:
      - gzip, deflate
      CommandName:
      - aks scale
      Connection:
      - keep-alive
      ParameterSetName:
      - -g -n --node-count
      User-Agent:
      - AZURECLI/2.37.0 azsdk-python-azure-mgmt-containerservice/19.0.0b Python/3.9.5
        (Windows-10-10.0.19044-SP0)
    method: GET
    uri: https://management.azure.com/subscriptions/00000000-0000-0000-0000-000000000000/providers/Microsoft.ContainerService/locations/westus2/operations/1796dedb-a47c-484d-bfe9-6653fc2c52e5?api-version=2016-03-30
  response:
    body:
      string: "{\n  \"name\": \"dbde9617-7ca4-4d48-bfe9-6653fc2c52e5\",\n  \"status\":
        \"InProgress\",\n  \"startTime\": \"2022-05-27T08:34:58.5933333Z\"\n }"
    headers:
      cache-control:
      - no-cache
      content-length:
      - '126'
      content-type:
      - application/json
      date:
      - Fri, 27 May 2022 08:36:03 GMT
      expires:
      - '-1'
      pragma:
      - no-cache
      server:
      - nginx
      strict-transport-security:
      - max-age=31536000; includeSubDomains
      transfer-encoding:
      - chunked
      vary:
      - Accept-Encoding
      x-content-type-options:
      - nosniff
    status:
      code: 200
      message: OK
- request:
    body: null
    headers:
      Accept:
      - '*/*'
      Accept-Encoding:
      - gzip, deflate
      CommandName:
      - aks scale
      Connection:
      - keep-alive
      ParameterSetName:
      - -g -n --node-count
      User-Agent:
      - AZURECLI/2.37.0 azsdk-python-azure-mgmt-containerservice/19.0.0b Python/3.9.5
        (Windows-10-10.0.19044-SP0)
    method: GET
    uri: https://management.azure.com/subscriptions/00000000-0000-0000-0000-000000000000/providers/Microsoft.ContainerService/locations/westus2/operations/1796dedb-a47c-484d-bfe9-6653fc2c52e5?api-version=2016-03-30
  response:
    body:
      string: "{\n  \"name\": \"dbde9617-7ca4-4d48-bfe9-6653fc2c52e5\",\n  \"status\":
        \"InProgress\",\n  \"startTime\": \"2022-05-27T08:34:58.5933333Z\"\n }"
    headers:
      cache-control:
      - no-cache
      content-length:
      - '126'
      content-type:
      - application/json
      date:
      - Fri, 27 May 2022 08:36:33 GMT
      expires:
      - '-1'
      pragma:
      - no-cache
      server:
      - nginx
      strict-transport-security:
      - max-age=31536000; includeSubDomains
      transfer-encoding:
      - chunked
      vary:
      - Accept-Encoding
      x-content-type-options:
      - nosniff
    status:
      code: 200
      message: OK
- request:
    body: null
    headers:
      Accept:
      - '*/*'
      Accept-Encoding:
      - gzip, deflate
      CommandName:
      - aks scale
      Connection:
      - keep-alive
      ParameterSetName:
      - -g -n --node-count
      User-Agent:
      - AZURECLI/2.37.0 azsdk-python-azure-mgmt-containerservice/19.0.0b Python/3.9.5
        (Windows-10-10.0.19044-SP0)
    method: GET
    uri: https://management.azure.com/subscriptions/00000000-0000-0000-0000-000000000000/providers/Microsoft.ContainerService/locations/westus2/operations/1796dedb-a47c-484d-bfe9-6653fc2c52e5?api-version=2016-03-30
  response:
    body:
      string: "{\n  \"name\": \"dbde9617-7ca4-4d48-bfe9-6653fc2c52e5\",\n  \"status\":
        \"InProgress\",\n  \"startTime\": \"2022-05-27T08:34:58.5933333Z\"\n }"
    headers:
      cache-control:
      - no-cache
      content-length:
      - '126'
      content-type:
      - application/json
      date:
      - Fri, 27 May 2022 08:37:03 GMT
      expires:
      - '-1'
      pragma:
      - no-cache
      server:
      - nginx
      strict-transport-security:
      - max-age=31536000; includeSubDomains
      transfer-encoding:
      - chunked
      vary:
      - Accept-Encoding
      x-content-type-options:
      - nosniff
    status:
      code: 200
      message: OK
- request:
    body: null
    headers:
      Accept:
      - '*/*'
      Accept-Encoding:
      - gzip, deflate
      CommandName:
      - aks scale
      Connection:
      - keep-alive
      ParameterSetName:
      - -g -n --node-count
      User-Agent:
      - AZURECLI/2.37.0 azsdk-python-azure-mgmt-containerservice/19.0.0b Python/3.9.5
        (Windows-10-10.0.19044-SP0)
    method: GET
    uri: https://management.azure.com/subscriptions/00000000-0000-0000-0000-000000000000/providers/Microsoft.ContainerService/locations/westus2/operations/1796dedb-a47c-484d-bfe9-6653fc2c52e5?api-version=2016-03-30
  response:
    body:
      string: "{\n  \"name\": \"dbde9617-7ca4-4d48-bfe9-6653fc2c52e5\",\n  \"status\":
        \"InProgress\",\n  \"startTime\": \"2022-05-27T08:34:58.5933333Z\"\n }"
    headers:
      cache-control:
      - no-cache
      content-length:
      - '126'
      content-type:
      - application/json
      date:
      - Fri, 27 May 2022 08:37:34 GMT
      expires:
      - '-1'
      pragma:
      - no-cache
      server:
      - nginx
      strict-transport-security:
      - max-age=31536000; includeSubDomains
      transfer-encoding:
      - chunked
      vary:
      - Accept-Encoding
      x-content-type-options:
      - nosniff
    status:
      code: 200
      message: OK
- request:
    body: null
    headers:
      Accept:
      - '*/*'
      Accept-Encoding:
      - gzip, deflate
      CommandName:
      - aks scale
      Connection:
      - keep-alive
      ParameterSetName:
      - -g -n --node-count
      User-Agent:
      - AZURECLI/2.37.0 azsdk-python-azure-mgmt-containerservice/19.0.0b Python/3.9.5
        (Windows-10-10.0.19044-SP0)
    method: GET
    uri: https://management.azure.com/subscriptions/00000000-0000-0000-0000-000000000000/providers/Microsoft.ContainerService/locations/westus2/operations/1796dedb-a47c-484d-bfe9-6653fc2c52e5?api-version=2016-03-30
  response:
    body:
      string: "{\n  \"name\": \"dbde9617-7ca4-4d48-bfe9-6653fc2c52e5\",\n  \"status\":
        \"InProgress\",\n  \"startTime\": \"2022-05-27T08:34:58.5933333Z\"\n }"
    headers:
      cache-control:
      - no-cache
      content-length:
      - '126'
      content-type:
      - application/json
      date:
      - Fri, 27 May 2022 08:38:04 GMT
      expires:
      - '-1'
      pragma:
      - no-cache
      server:
      - nginx
      strict-transport-security:
      - max-age=31536000; includeSubDomains
      transfer-encoding:
      - chunked
      vary:
      - Accept-Encoding
      x-content-type-options:
      - nosniff
    status:
      code: 200
      message: OK
- request:
    body: null
    headers:
      Accept:
      - '*/*'
      Accept-Encoding:
      - gzip, deflate
      CommandName:
      - aks scale
      Connection:
      - keep-alive
      ParameterSetName:
      - -g -n --node-count
      User-Agent:
      - AZURECLI/2.37.0 azsdk-python-azure-mgmt-containerservice/19.0.0b Python/3.9.5
        (Windows-10-10.0.19044-SP0)
    method: GET
    uri: https://management.azure.com/subscriptions/00000000-0000-0000-0000-000000000000/providers/Microsoft.ContainerService/locations/westus2/operations/1796dedb-a47c-484d-bfe9-6653fc2c52e5?api-version=2016-03-30
  response:
    body:
      string: "{\n  \"name\": \"dbde9617-7ca4-4d48-bfe9-6653fc2c52e5\",\n  \"status\":
        \"InProgress\",\n  \"startTime\": \"2022-05-27T08:34:58.5933333Z\"\n }"
    headers:
      cache-control:
      - no-cache
      content-length:
      - '126'
      content-type:
      - application/json
      date:
      - Fri, 27 May 2022 08:38:34 GMT
      expires:
      - '-1'
      pragma:
      - no-cache
      server:
      - nginx
      strict-transport-security:
      - max-age=31536000; includeSubDomains
      transfer-encoding:
      - chunked
      vary:
      - Accept-Encoding
      x-content-type-options:
      - nosniff
    status:
      code: 200
      message: OK
- request:
    body: null
    headers:
      Accept:
      - '*/*'
      Accept-Encoding:
      - gzip, deflate
      CommandName:
      - aks scale
      Connection:
      - keep-alive
      ParameterSetName:
      - -g -n --node-count
      User-Agent:
      - AZURECLI/2.37.0 azsdk-python-azure-mgmt-containerservice/19.0.0b Python/3.9.5
        (Windows-10-10.0.19044-SP0)
    method: GET
    uri: https://management.azure.com/subscriptions/00000000-0000-0000-0000-000000000000/providers/Microsoft.ContainerService/locations/westus2/operations/1796dedb-a47c-484d-bfe9-6653fc2c52e5?api-version=2016-03-30
  response:
    body:
      string: "{\n  \"name\": \"dbde9617-7ca4-4d48-bfe9-6653fc2c52e5\",\n  \"status\":
        \"Succeeded\",\n  \"startTime\": \"2022-05-27T08:34:58.5933333Z\",\n  \"endTime\":
        \"2022-05-27T08:38:42.3981665Z\"\n }"
    headers:
      cache-control:
      - no-cache
      content-length:
      - '170'
      content-type:
      - application/json
      date:
      - Fri, 27 May 2022 08:39:05 GMT
      expires:
      - '-1'
      pragma:
      - no-cache
      server:
      - nginx
      strict-transport-security:
      - max-age=31536000; includeSubDomains
      transfer-encoding:
      - chunked
      vary:
      - Accept-Encoding
      x-content-type-options:
      - nosniff
    status:
      code: 200
      message: OK
- request:
    body: null
    headers:
      Accept:
      - '*/*'
      Accept-Encoding:
      - gzip, deflate
      CommandName:
      - aks scale
      Connection:
      - keep-alive
      ParameterSetName:
      - -g -n --node-count
      User-Agent:
      - AZURECLI/2.37.0 azsdk-python-azure-mgmt-containerservice/19.0.0b Python/3.9.5
        (Windows-10-10.0.19044-SP0)
    method: GET
    uri: https://management.azure.com/subscriptions/00000000-0000-0000-0000-000000000000/resourceGroups/clitest000001/providers/Microsoft.ContainerService/managedClusters/cliakstest000001?api-version=2022-04-02-preview
  response:
    body:
      string: "{\n  \"id\": \"/subscriptions/00000000-0000-0000-0000-000000000000/resourcegroups/clitest000001/providers/Microsoft.ContainerService/managedClusters/cliakstest000001\",\n
        \ \"location\": \"westus2\",\n  \"name\": \"cliakstest000001\",\n  \"type\":
        \"Microsoft.ContainerService/ManagedClusters\",\n  \"properties\": {\n   \"provisioningState\":
        \"Succeeded\",\n   \"powerState\": {\n    \"code\": \"Running\"\n   },\n   \"kubernetesVersion\":
        \"1.22.6\",\n   \"currentKubernetesVersion\": \"1.22.6\",\n   \"dnsPrefix\":
        \"cliaksdns000002\",\n   \"fqdn\": \"cliaksdns000002-fbd7b54b.hcp.westus2.azmk8s.io\",\n
        \  \"azurePortalFQDN\": \"cliaksdns000002-fbd7b54b.portal.hcp.westus2.azmk8s.io\",\n
        \  \"agentPoolProfiles\": [\n    {\n     \"name\": \"nodepool1\",\n     \"count\":
        3,\n     \"vmSize\": \"Standard_DS2_v2\",\n     \"osDiskSizeGB\": 128,\n     \"osDiskType\":
        \"Managed\",\n     \"kubeletDiskType\": \"OS\",\n     \"workloadRuntime\":
        \"OCIContainer\",\n     \"maxPods\": 110,\n     \"type\": \"VirtualMachineScaleSets\",\n
        \    \"enableAutoScaling\": false,\n     \"provisioningState\": \"Succeeded\",\n
        \    \"powerState\": {\n      \"code\": \"Running\"\n     },\n     \"orchestratorVersion\":
        \"1.22.6\",\n     \"enableNodePublicIP\": false,\n     \"mode\": \"System\",\n
        \    \"enableEncryptionAtHost\": false,\n     \"enableUltraSSD\": false,\n
        \    \"osType\": \"Linux\",\n     \"osSKU\": \"Ubuntu\",\n     \"nodeImageVersion\":
        \"AKSUbuntu-1804gen2containerd-2022.05.10\",\n     \"enableFIPS\": false\n
        \   }\n   ],\n   \"linuxProfile\": {\n    \"adminUsername\": \"azureuser\",\n
        \   \"ssh\": {\n     \"publicKeys\": [\n      {\n       \"keyData\": \"ssh-rsa
        AAAAB3NzaC1yc2EAAAADAQABAAACAQCbIg1guRHbI0lV11wWDt1r2cUdcNd27CJsg+SfgC7miZeubtwUhbsPdhMQsfDyhOWHq1+ZL0M+nJZV63d/1dhmhtgyOqejUwrPlzKhydsbrsdUor+JmNJDdW01v7BXHyuymT8G4s09jCasNOwiufbP/qp72ruu0bIA1nySsvlf9pCQAuFkAnVnf/rFhUlOkhtRpwcq8SUNY2zRHR/EKb/4NWY1JzR4sa3q2fWIJdrrX0DvLoa5g9bIEd4Df79ba7v+yiUBOS0zT2ll+z4g9izHK3EO5d8hL4jYxcjKs+wcslSYRWrascfscLgMlMGh0CdKeNTDjHpGPncaf3Z+FwwwjWeuiNBxv7bJo13/8B/098KlVDl4GZqsoBCEjPyJfV6hO0y/LkRGkk7oHWKgeWAfKtfLItRp00eZ4fcJNK9kCaSMmEugoZWcI7NGbZXzqFWqbpRI7NcDP9+WIQ+i9U5vqWsqd/zng4kbuAJ6UuKqIzB0upYrLShfQE3SAck8oaLhJqqq56VfDuASNpJKidV+zq27HfSBmbXnkR/5AK337dc3MXKJypoK/QPMLKUAP5XLPbs+NddJQV7EZXd29DLgp+fRIg3edpKdO7ZErWhv7d+3Kws+e1Y+ypmR2WIVSwVyBEUfgv2C8Ts9gnTF4pNcEY/S2aBicz5Ew2+jdyGNQQ==
        test@example.com\\n\"\n      }\n     ]\n    }\n   },\n   \"servicePrincipalProfile\":
        {\n    \"clientId\":\"00000000-0000-0000-0000-000000000001\"\n   },\n   \"nodeResourceGroup\":
        \"MC_clitest000001_cliakstest000001_westus2\",\n   \"enableRBAC\": true,\n
        \  \"enablePodSecurityPolicy\": false,\n   \"networkProfile\": {\n    \"networkPlugin\":
        \"kubenet\",\n    \"loadBalancerSku\": \"Standard\",\n    \"loadBalancerProfile\":
        {\n     \"managedOutboundIPs\": {\n      \"count\": 1\n     },\n     \"effectiveOutboundIPs\":
        [\n      {\n       \"id\": \"/subscriptions/00000000-0000-0000-0000-000000000000/resourceGroups/MC_clitest000001_cliakstest000001_westus2/providers/Microsoft.Network/publicIPAddresses/3a2d64f2-468f-4594-9f3f-a7f5b76f9df2\"\n
        \     }\n     ]\n    },\n    \"podCidr\": \"10.244.0.0/16\",\n    \"serviceCidr\":
        \"10.0.0.0/16\",\n    \"dnsServiceIP\": \"10.0.0.10\",\n    \"dockerBridgeCidr\":
        \"172.17.0.1/16\",\n    \"outboundType\": \"loadBalancer\",\n    \"podCidrs\":
        [\n     \"10.244.0.0/16\"\n    ],\n    \"serviceCidrs\": [\n     \"10.0.0.0/16\"\n
        \   ],\n    \"ipFamilies\": [\n     \"IPv4\"\n    ]\n   },\n   \"maxAgentPools\":
        100,\n   \"disableLocalAccounts\": false,\n   \"securityProfile\": {},\n   \"storageProfile\":
        {\n    \"diskCSIDriver\": {\n     \"enabled\": true\n    },\n    \"fileCSIDriver\":
        {\n     \"enabled\": true\n    },\n    \"snapshotController\": {\n     \"enabled\":
        true\n    }\n   },\n   \"oidcIssuerProfile\": {\n    \"enabled\": false\n
        \  }\n  },\n  \"sku\": {\n   \"name\": \"Basic\",\n   \"tier\": \"Free\"\n
        \ }\n }"
    headers:
      cache-control:
      - no-cache
      content-length:
      - '3611'
      content-type:
      - application/json
      date:
      - Fri, 27 May 2022 08:39:05 GMT
      expires:
      - '-1'
      pragma:
      - no-cache
      server:
      - nginx
      strict-transport-security:
      - max-age=31536000; includeSubDomains
      transfer-encoding:
      - chunked
      vary:
      - Accept-Encoding
      x-content-type-options:
      - nosniff
    status:
      code: 200
      message: OK
- request:
    body: null
    headers:
      Accept:
      - application/json
      Accept-Encoding:
      - gzip, deflate
      CommandName:
      - aks show
      Connection:
      - keep-alive
      ParameterSetName:
      - -g -n
      User-Agent:
      - AZURECLI/2.37.0 azsdk-python-azure-mgmt-containerservice/19.0.0b Python/3.9.5
        (Windows-10-10.0.19044-SP0)
    method: GET
    uri: https://management.azure.com/subscriptions/00000000-0000-0000-0000-000000000000/resourceGroups/clitest000001/providers/Microsoft.ContainerService/managedClusters/cliakstest000001?api-version=2022-04-02-preview
  response:
    body:
      string: "{\n  \"id\": \"/subscriptions/00000000-0000-0000-0000-000000000000/resourcegroups/clitest000001/providers/Microsoft.ContainerService/managedClusters/cliakstest000001\",\n
        \ \"location\": \"westus2\",\n  \"name\": \"cliakstest000001\",\n  \"type\":
        \"Microsoft.ContainerService/ManagedClusters\",\n  \"properties\": {\n   \"provisioningState\":
        \"Succeeded\",\n   \"powerState\": {\n    \"code\": \"Running\"\n   },\n   \"kubernetesVersion\":
        \"1.22.6\",\n   \"currentKubernetesVersion\": \"1.22.6\",\n   \"dnsPrefix\":
        \"cliaksdns000002\",\n   \"fqdn\": \"cliaksdns000002-fbd7b54b.hcp.westus2.azmk8s.io\",\n
        \  \"azurePortalFQDN\": \"cliaksdns000002-fbd7b54b.portal.hcp.westus2.azmk8s.io\",\n
        \  \"agentPoolProfiles\": [\n    {\n     \"name\": \"nodepool1\",\n     \"count\":
        3,\n     \"vmSize\": \"Standard_DS2_v2\",\n     \"osDiskSizeGB\": 128,\n     \"osDiskType\":
        \"Managed\",\n     \"kubeletDiskType\": \"OS\",\n     \"workloadRuntime\":
        \"OCIContainer\",\n     \"maxPods\": 110,\n     \"type\": \"VirtualMachineScaleSets\",\n
        \    \"enableAutoScaling\": false,\n     \"provisioningState\": \"Succeeded\",\n
        \    \"powerState\": {\n      \"code\": \"Running\"\n     },\n     \"orchestratorVersion\":
        \"1.22.6\",\n     \"enableNodePublicIP\": false,\n     \"mode\": \"System\",\n
        \    \"enableEncryptionAtHost\": false,\n     \"enableUltraSSD\": false,\n
        \    \"osType\": \"Linux\",\n     \"osSKU\": \"Ubuntu\",\n     \"nodeImageVersion\":
        \"AKSUbuntu-1804gen2containerd-2022.05.10\",\n     \"enableFIPS\": false\n
        \   }\n   ],\n   \"linuxProfile\": {\n    \"adminUsername\": \"azureuser\",\n
        \   \"ssh\": {\n     \"publicKeys\": [\n      {\n       \"keyData\": \"ssh-rsa
        AAAAB3NzaC1yc2EAAAADAQABAAACAQCbIg1guRHbI0lV11wWDt1r2cUdcNd27CJsg+SfgC7miZeubtwUhbsPdhMQsfDyhOWHq1+ZL0M+nJZV63d/1dhmhtgyOqejUwrPlzKhydsbrsdUor+JmNJDdW01v7BXHyuymT8G4s09jCasNOwiufbP/qp72ruu0bIA1nySsvlf9pCQAuFkAnVnf/rFhUlOkhtRpwcq8SUNY2zRHR/EKb/4NWY1JzR4sa3q2fWIJdrrX0DvLoa5g9bIEd4Df79ba7v+yiUBOS0zT2ll+z4g9izHK3EO5d8hL4jYxcjKs+wcslSYRWrascfscLgMlMGh0CdKeNTDjHpGPncaf3Z+FwwwjWeuiNBxv7bJo13/8B/098KlVDl4GZqsoBCEjPyJfV6hO0y/LkRGkk7oHWKgeWAfKtfLItRp00eZ4fcJNK9kCaSMmEugoZWcI7NGbZXzqFWqbpRI7NcDP9+WIQ+i9U5vqWsqd/zng4kbuAJ6UuKqIzB0upYrLShfQE3SAck8oaLhJqqq56VfDuASNpJKidV+zq27HfSBmbXnkR/5AK337dc3MXKJypoK/QPMLKUAP5XLPbs+NddJQV7EZXd29DLgp+fRIg3edpKdO7ZErWhv7d+3Kws+e1Y+ypmR2WIVSwVyBEUfgv2C8Ts9gnTF4pNcEY/S2aBicz5Ew2+jdyGNQQ==
        test@example.com\\n\"\n      }\n     ]\n    }\n   },\n   \"servicePrincipalProfile\":
        {\n    \"clientId\":\"00000000-0000-0000-0000-000000000001\"\n   },\n   \"nodeResourceGroup\":
        \"MC_clitest000001_cliakstest000001_westus2\",\n   \"enableRBAC\": true,\n
        \  \"enablePodSecurityPolicy\": false,\n   \"networkProfile\": {\n    \"networkPlugin\":
        \"kubenet\",\n    \"loadBalancerSku\": \"Standard\",\n    \"loadBalancerProfile\":
        {\n     \"managedOutboundIPs\": {\n      \"count\": 1\n     },\n     \"effectiveOutboundIPs\":
        [\n      {\n       \"id\": \"/subscriptions/00000000-0000-0000-0000-000000000000/resourceGroups/MC_clitest000001_cliakstest000001_westus2/providers/Microsoft.Network/publicIPAddresses/3a2d64f2-468f-4594-9f3f-a7f5b76f9df2\"\n
        \     }\n     ]\n    },\n    \"podCidr\": \"10.244.0.0/16\",\n    \"serviceCidr\":
        \"10.0.0.0/16\",\n    \"dnsServiceIP\": \"10.0.0.10\",\n    \"dockerBridgeCidr\":
        \"172.17.0.1/16\",\n    \"outboundType\": \"loadBalancer\",\n    \"podCidrs\":
        [\n     \"10.244.0.0/16\"\n    ],\n    \"serviceCidrs\": [\n     \"10.0.0.0/16\"\n
        \   ],\n    \"ipFamilies\": [\n     \"IPv4\"\n    ]\n   },\n   \"maxAgentPools\":
        100,\n   \"disableLocalAccounts\": false,\n   \"securityProfile\": {},\n   \"storageProfile\":
        {\n    \"diskCSIDriver\": {\n     \"enabled\": true\n    },\n    \"fileCSIDriver\":
        {\n     \"enabled\": true\n    },\n    \"snapshotController\": {\n     \"enabled\":
        true\n    }\n   },\n   \"oidcIssuerProfile\": {\n    \"enabled\": false\n
        \  }\n  },\n  \"sku\": {\n   \"name\": \"Basic\",\n   \"tier\": \"Free\"\n
        \ }\n }"
    headers:
      cache-control:
      - no-cache
      content-length:
      - '3611'
      content-type:
      - application/json
      date:
      - Fri, 27 May 2022 08:39:08 GMT
      expires:
      - '-1'
      pragma:
      - no-cache
      server:
      - nginx
      strict-transport-security:
      - max-age=31536000; includeSubDomains
      transfer-encoding:
      - chunked
      vary:
      - Accept-Encoding
      x-content-type-options:
      - nosniff
    status:
      code: 200
      message: OK
- request:
    body: null
    headers:
      Accept:
      - application/json
      Accept-Encoding:
      - gzip, deflate
      CommandName:
      - aks delete
      Connection:
      - keep-alive
      Content-Length:
      - '0'
      ParameterSetName:
      - -g -n --yes --no-wait
      User-Agent:
      - AZURECLI/2.37.0 azsdk-python-azure-mgmt-containerservice/19.0.0b Python/3.9.5
        (Windows-10-10.0.19044-SP0)
    method: DELETE
    uri: https://management.azure.com/subscriptions/00000000-0000-0000-0000-000000000000/resourceGroups/clitest000001/providers/Microsoft.ContainerService/managedClusters/cliakstest000001?api-version=2022-04-02-preview
  response:
    body:
      string: ''
    headers:
      azure-asyncoperation:
      - https://management.azure.com/subscriptions/00000000-0000-0000-0000-000000000000/providers/Microsoft.ContainerService/locations/westus2/operations/88ddf264-d787-4c7f-9c91-ee42e3d22a57?api-version=2016-03-30
      cache-control:
      - no-cache
      content-length:
      - '0'
      date:
      - Fri, 27 May 2022 08:39:10 GMT
      expires:
      - '-1'
      location:
      - https://management.azure.com/subscriptions/00000000-0000-0000-0000-000000000000/providers/Microsoft.ContainerService/locations/westus2/operationresults/88ddf264-d787-4c7f-9c91-ee42e3d22a57?api-version=2016-03-30
      pragma:
      - no-cache
      server:
      - nginx
      strict-transport-security:
      - max-age=31536000; includeSubDomains
      x-content-type-options:
      - nosniff
      x-ms-ratelimit-remaining-subscription-deletes:
      - '14998'
    status:
      code: 202
      message: Accepted
version: 1
