interactions:
- request:
    body: null
    headers:
      Accept:
      - application/json
      Accept-Encoding:
      - gzip, deflate
      CommandName:
      - aks create
      Connection:
      - keep-alive
      ParameterSetName:
      - --resource-group --name --nodepool-name --generate-ssh-keys --vm-set-type
        --node-count -o
      User-Agent:
      - AZURECLI/2.44.0 azsdk-python-azure-mgmt-resource/22.0.0 Python/3.10.8 (Linux-5.15.0-1023-azure-x86_64-with-glibc2.31)
        VSTS_7b238909-6802-4b65-b90d-184bca47f458_build_220_0
    method: GET
    uri: https://management.azure.com/subscriptions/00000000-0000-0000-0000-000000000000/resourcegroups/clitest000001?api-version=2022-09-01
  response:
    body:
      string: '{"id":"/subscriptions/00000000-0000-0000-0000-000000000000/resourceGroups/clitest000001","name":"clitest000001","type":"Microsoft.Resources/resourceGroups","location":"westus2","tags":{"product":"azurecli","cause":"automation","date":"2023-01-09T13:37:31Z"},"properties":{"provisioningState":"Succeeded"}}'
    headers:
      cache-control:
      - no-cache
      content-length:
      - '305'
      content-type:
      - application/json; charset=utf-8
      date:
      - Mon, 09 Jan 2023 13:37:32 GMT
      expires:
      - '-1'
      pragma:
      - no-cache
      strict-transport-security:
      - max-age=31536000; includeSubDomains
      vary:
      - Accept-Encoding
      x-content-type-options:
      - nosniff
    status:
      code: 200
      message: OK
- request:
    body: '{"location": "westus2", "identity": {"type": "SystemAssigned"}, "properties":
      {"kubernetesVersion": "", "dnsPrefix": "cmdtestvtw-clitestm6pxihg44-0b1f64",
      "agentPoolProfiles": [{"count": 1, "vmSize": "Standard_DS2_v2", "osDiskSizeGB":
      0, "osType": "Linux", "enableAutoScaling": false, "type": "VirtualMachineScaleSets",
      "mode": "System", "orchestratorVersion": "", "upgradeSettings": {}, "enableNodePublicIP":
      false, "scaleSetPriority": "Regular", "scaleSetEvictionPolicy": "Delete", "spotMaxPrice":
      -1.0, "nodeTaints": [], "enableEncryptionAtHost": false, "enableUltraSSD": false,
      "enableFIPS": false, "name": "c000003"}], "linuxProfile": {"adminUsername":
      "azureuser", "ssh": {"publicKeys": [{"keyData": "ssh-rsa AAAAB3NzaC1yc2EAAAADAQABAAABAQC3tbfsuuXFb+baUYkrpJHt4ZyWH6logn5ywYI01l8AUutf7skZYJCM3p9Lm8bV2XZ8OEhMMRqydYQ0W7q2sev14BAzZ7GT3zUrWnj+0CjXkNmF3e6JrEeo2oNaoKfWu9g1Wpvg1X6cT+7pCE+vvKlIpKfDgH4kQhhxI8bmpm6CxLqocvqGVa8nM6UdPJT4UCH3eHOy37BwSz+4SiiN/BxCvx0uJptlV/mKHuW82LWfdB3fU+m4OF+CU1H+3SCH67xeAsl0nBjww8ZdmozR+a7s3Wy/k33/zpKfMEDWlLsRUy1APVMo0ssP7YAOsMzIU+bvR6GeyZ1Vb2t9Av8iJVM3"}]}},
      "addonProfiles": {}, "enableRBAC": true, "networkProfile": {"networkPlugin":
      "kubenet", "podCidr": "10.244.0.0/16", "serviceCidr": "10.0.0.0/16", "dnsServiceIP":
      "10.0.0.10", "dockerBridgeCidr": "172.17.0.1/16", "outboundType": "loadBalancer",
      "loadBalancerSku": "standard"}, "disableLocalAccounts": false, "storageProfile":
      {}}}'
    headers:
      Accept:
      - application/json
      Accept-Encoding:
      - gzip, deflate
      CommandName:
      - aks create
      Connection:
      - keep-alive
      Content-Length:
      - '1423'
      Content-Type:
      - application/json
      ParameterSetName:
      - --resource-group --name --nodepool-name --generate-ssh-keys --vm-set-type
        --node-count -o
      User-Agent:
      - AZURECLI/2.44.0 azsdk-python-azure-mgmt-containerservice/21.1.0 Python/3.10.8
        (Linux-5.15.0-1023-azure-x86_64-with-glibc2.31) VSTS_7b238909-6802-4b65-b90d-184bca47f458_build_220_0
    method: PUT
    uri: https://management.azure.com/subscriptions/00000000-0000-0000-0000-000000000000/resourceGroups/clitest000001/providers/Microsoft.ContainerService/managedClusters/cmdtest000002?api-version=2022-11-01
  response:
    body:
      string: "{\n  \"id\": \"/subscriptions/00000000-0000-0000-0000-000000000000/resourcegroups/clitest000001/providers/Microsoft.ContainerService/managedClusters/cmdtest000002\",\n
        \ \"location\": \"westus2\",\n  \"name\": \"cmdtest000002\",\n  \"type\":
        \"Microsoft.ContainerService/ManagedClusters\",\n  \"properties\": {\n   \"provisioningState\":
        \"Creating\",\n   \"powerState\": {\n    \"code\": \"Running\"\n   },\n   \"kubernetesVersion\":
        \"1.23.12\",\n   \"currentKubernetesVersion\": \"1.23.12\",\n   \"dnsPrefix\":
        \"cmdtestvtw-clitestm6pxihg44-0b1f64\",\n   \"fqdn\": \"cmdtestvtw-clitestm6pxihg44-0b1f64-696d248a.hcp.westus2.azmk8s.io\",\n
        \  \"azurePortalFQDN\": \"cmdtestvtw-clitestm6pxihg44-0b1f64-696d248a.portal.hcp.westus2.azmk8s.io\",\n
        \  \"agentPoolProfiles\": [\n    {\n     \"name\": \"c000003\",\n     \"count\":
        1,\n     \"vmSize\": \"Standard_DS2_v2\",\n     \"osDiskSizeGB\": 128,\n     \"osDiskType\":
        \"Managed\",\n     \"kubeletDiskType\": \"OS\",\n     \"maxPods\": 110,\n
        \    \"type\": \"VirtualMachineScaleSets\",\n     \"enableAutoScaling\": false,\n
        \    \"provisioningState\": \"Creating\",\n     \"powerState\": {\n      \"code\":
        \"Running\"\n     },\n     \"orchestratorVersion\": \"1.23.12\",\n     \"currentOrchestratorVersion\":
        \"1.23.12\",\n     \"enableNodePublicIP\": false,\n     \"mode\": \"System\",\n
        \    \"enableEncryptionAtHost\": false,\n     \"enableUltraSSD\": false,\n
        \    \"osType\": \"Linux\",\n     \"osSKU\": \"Ubuntu\",\n     \"nodeImageVersion\":
        \"AKSUbuntu-1804gen2containerd-2022.12.13\",\n     \"upgradeSettings\": {},\n
        \    \"enableFIPS\": false\n    }\n   ],\n   \"linuxProfile\": {\n    \"adminUsername\":
        \"azureuser\",\n    \"ssh\": {\n     \"publicKeys\": [\n      {\n       \"keyData\":
        \"ssh-rsa AAAAB3NzaC1yc2EAAAADAQABAAABAQC3tbfsuuXFb+baUYkrpJHt4ZyWH6logn5ywYI01l8AUutf7skZYJCM3p9Lm8bV2XZ8OEhMMRqydYQ0W7q2sev14BAzZ7GT3zUrWnj+0CjXkNmF3e6JrEeo2oNaoKfWu9g1Wpvg1X6cT+7pCE+vvKlIpKfDgH4kQhhxI8bmpm6CxLqocvqGVa8nM6UdPJT4UCH3eHOy37BwSz+4SiiN/BxCvx0uJptlV/mKHuW82LWfdB3fU+m4OF+CU1H+3SCH67xeAsl0nBjww8ZdmozR+a7s3Wy/k33/zpKfMEDWlLsRUy1APVMo0ssP7YAOsMzIU+bvR6GeyZ1Vb2t9Av8iJVM3\"\n
        \     }\n     ]\n    }\n   },\n   \"servicePrincipalProfile\": {\n    \"clientId\":\"00000000-0000-0000-0000-000000000001\"\n
        \  },\n   \"nodeResourceGroup\": \"MC_clitest000001_cmdtest000002_westus2\",\n
        \  \"enableRBAC\": true,\n   \"networkProfile\": {\n    \"networkPlugin\":
        \"kubenet\",\n    \"loadBalancerSku\": \"standard\",\n    \"loadBalancerProfile\":
        {\n     \"managedOutboundIPs\": {\n      \"count\": 1\n     }\n    },\n    \"podCidr\":
        \"10.244.0.0/16\",\n    \"serviceCidr\": \"10.0.0.0/16\",\n    \"dnsServiceIP\":
        \"10.0.0.10\",\n    \"dockerBridgeCidr\": \"172.17.0.1/16\",\n    \"outboundType\":
        \"loadBalancer\",\n    \"podCidrs\": [\n     \"10.244.0.0/16\"\n    ],\n    \"serviceCidrs\":
        [\n     \"10.0.0.0/16\"\n    ],\n    \"ipFamilies\": [\n     \"IPv4\"\n    ]\n
        \  },\n   \"maxAgentPools\": 100,\n   \"disableLocalAccounts\": false,\n   \"securityProfile\":
        {},\n   \"storageProfile\": {\n    \"diskCSIDriver\": {\n     \"enabled\":
        true\n    },\n    \"fileCSIDriver\": {\n     \"enabled\": true\n    },\n    \"snapshotController\":
        {\n     \"enabled\": true\n    }\n   },\n   \"oidcIssuerProfile\": {\n    \"enabled\":
        false\n   }\n  },\n  \"identity\": {\n   \"type\": \"SystemAssigned\",\n   \"principalId\":\"00000000-0000-0000-0000-000000000001\",\n
        \  \"tenantId\": \"54826b22-38d6-4fb2-bad9-b7b93a3e9c5a\"\n  },\n  \"sku\":
        {\n   \"name\": \"Basic\",\n   \"tier\": \"Free\"\n  }\n }"
    headers:
      azure-asyncoperation:
      - https://management.azure.com/subscriptions/00000000-0000-0000-0000-000000000000/providers/Microsoft.ContainerService/locations/westus2/operations/9ba625cd-7c12-45c7-9b8b-f5eb00606654?api-version=2016-03-30
      cache-control:
      - no-cache
      content-length:
      - '3191'
      content-type:
      - application/json
      date:
      - Mon, 09 Jan 2023 13:37:38 GMT
      expires:
      - '-1'
      pragma:
      - no-cache
      server:
      - nginx
      strict-transport-security:
      - max-age=31536000; includeSubDomains
      x-content-type-options:
      - nosniff
      x-ms-ratelimit-remaining-subscription-writes:
      - '1193'
    status:
      code: 201
      message: Created
- request:
    body: null
    headers:
      Accept:
      - '*/*'
      Accept-Encoding:
      - gzip, deflate
      CommandName:
      - aks create
      Connection:
      - keep-alive
      ParameterSetName:
      - --resource-group --name --nodepool-name --generate-ssh-keys --vm-set-type
        --node-count -o
      User-Agent:
      - AZURECLI/2.44.0 azsdk-python-azure-mgmt-containerservice/21.1.0 Python/3.10.8
        (Linux-5.15.0-1023-azure-x86_64-with-glibc2.31) VSTS_7b238909-6802-4b65-b90d-184bca47f458_build_220_0
    method: GET
    uri: https://management.azure.com/subscriptions/00000000-0000-0000-0000-000000000000/providers/Microsoft.ContainerService/locations/westus2/operations/9ba625cd-7c12-45c7-9b8b-f5eb00606654?api-version=2016-03-30
  response:
    body:
      string: "{\n  \"name\": \"cd25a69b-127c-c745-9b8b-f5eb00606654\",\n  \"status\":
        \"InProgress\",\n  \"startTime\": \"2023-01-09T13:37:38.4338945Z\"\n }"
    headers:
      cache-control:
      - no-cache
      content-length:
      - '126'
      content-type:
      - application/json
      date:
      - Mon, 09 Jan 2023 13:38:08 GMT
      expires:
      - '-1'
      pragma:
      - no-cache
      server:
      - nginx
      strict-transport-security:
      - max-age=31536000; includeSubDomains
      transfer-encoding:
      - chunked
      vary:
      - Accept-Encoding
      x-content-type-options:
      - nosniff
    status:
      code: 200
      message: OK
- request:
    body: null
    headers:
      Accept:
      - '*/*'
      Accept-Encoding:
      - gzip, deflate
      CommandName:
      - aks create
      Connection:
      - keep-alive
      ParameterSetName:
      - --resource-group --name --nodepool-name --generate-ssh-keys --vm-set-type
        --node-count -o
      User-Agent:
      - AZURECLI/2.44.0 azsdk-python-azure-mgmt-containerservice/21.1.0 Python/3.10.8
        (Linux-5.15.0-1023-azure-x86_64-with-glibc2.31) VSTS_7b238909-6802-4b65-b90d-184bca47f458_build_220_0
    method: GET
    uri: https://management.azure.com/subscriptions/00000000-0000-0000-0000-000000000000/providers/Microsoft.ContainerService/locations/westus2/operations/9ba625cd-7c12-45c7-9b8b-f5eb00606654?api-version=2016-03-30
  response:
    body:
      string: "{\n  \"name\": \"cd25a69b-127c-c745-9b8b-f5eb00606654\",\n  \"status\":
        \"InProgress\",\n  \"startTime\": \"2023-01-09T13:37:38.4338945Z\"\n }"
    headers:
      cache-control:
      - no-cache
      content-length:
      - '126'
      content-type:
      - application/json
      date:
      - Mon, 09 Jan 2023 13:38:38 GMT
      expires:
      - '-1'
      pragma:
      - no-cache
      server:
      - nginx
      strict-transport-security:
      - max-age=31536000; includeSubDomains
      transfer-encoding:
      - chunked
      vary:
      - Accept-Encoding
      x-content-type-options:
      - nosniff
    status:
      code: 200
      message: OK
- request:
    body: null
    headers:
      Accept:
      - '*/*'
      Accept-Encoding:
      - gzip, deflate
      CommandName:
      - aks create
      Connection:
      - keep-alive
      ParameterSetName:
      - --resource-group --name --nodepool-name --generate-ssh-keys --vm-set-type
        --node-count -o
      User-Agent:
      - AZURECLI/2.44.0 azsdk-python-azure-mgmt-containerservice/21.1.0 Python/3.10.8
        (Linux-5.15.0-1023-azure-x86_64-with-glibc2.31) VSTS_7b238909-6802-4b65-b90d-184bca47f458_build_220_0
    method: GET
    uri: https://management.azure.com/subscriptions/00000000-0000-0000-0000-000000000000/providers/Microsoft.ContainerService/locations/westus2/operations/9ba625cd-7c12-45c7-9b8b-f5eb00606654?api-version=2016-03-30
  response:
    body:
      string: "{\n  \"name\": \"cd25a69b-127c-c745-9b8b-f5eb00606654\",\n  \"status\":
        \"InProgress\",\n  \"startTime\": \"2023-01-09T13:37:38.4338945Z\"\n }"
    headers:
      cache-control:
      - no-cache
      content-length:
      - '126'
      content-type:
      - application/json
      date:
      - Mon, 09 Jan 2023 13:39:08 GMT
      expires:
      - '-1'
      pragma:
      - no-cache
      server:
      - nginx
      strict-transport-security:
      - max-age=31536000; includeSubDomains
      transfer-encoding:
      - chunked
      vary:
      - Accept-Encoding
      x-content-type-options:
      - nosniff
    status:
      code: 200
      message: OK
- request:
    body: null
    headers:
      Accept:
      - '*/*'
      Accept-Encoding:
      - gzip, deflate
      CommandName:
      - aks create
      Connection:
      - keep-alive
      ParameterSetName:
      - --resource-group --name --nodepool-name --generate-ssh-keys --vm-set-type
        --node-count -o
      User-Agent:
      - AZURECLI/2.44.0 azsdk-python-azure-mgmt-containerservice/21.1.0 Python/3.10.8
        (Linux-5.15.0-1023-azure-x86_64-with-glibc2.31) VSTS_7b238909-6802-4b65-b90d-184bca47f458_build_220_0
    method: GET
    uri: https://management.azure.com/subscriptions/00000000-0000-0000-0000-000000000000/providers/Microsoft.ContainerService/locations/westus2/operations/9ba625cd-7c12-45c7-9b8b-f5eb00606654?api-version=2016-03-30
  response:
    body:
      string: "{\n  \"name\": \"cd25a69b-127c-c745-9b8b-f5eb00606654\",\n  \"status\":
        \"InProgress\",\n  \"startTime\": \"2023-01-09T13:37:38.4338945Z\"\n }"
    headers:
      cache-control:
      - no-cache
      content-length:
      - '126'
      content-type:
      - application/json
      date:
      - Mon, 09 Jan 2023 13:39:38 GMT
      expires:
      - '-1'
      pragma:
      - no-cache
      server:
      - nginx
      strict-transport-security:
      - max-age=31536000; includeSubDomains
      transfer-encoding:
      - chunked
      vary:
      - Accept-Encoding
      x-content-type-options:
      - nosniff
    status:
      code: 200
      message: OK
- request:
    body: null
    headers:
      Accept:
      - '*/*'
      Accept-Encoding:
      - gzip, deflate
      CommandName:
      - aks create
      Connection:
      - keep-alive
      ParameterSetName:
      - --resource-group --name --nodepool-name --generate-ssh-keys --vm-set-type
        --node-count -o
      User-Agent:
      - AZURECLI/2.44.0 azsdk-python-azure-mgmt-containerservice/21.1.0 Python/3.10.8
        (Linux-5.15.0-1023-azure-x86_64-with-glibc2.31) VSTS_7b238909-6802-4b65-b90d-184bca47f458_build_220_0
    method: GET
    uri: https://management.azure.com/subscriptions/00000000-0000-0000-0000-000000000000/providers/Microsoft.ContainerService/locations/westus2/operations/9ba625cd-7c12-45c7-9b8b-f5eb00606654?api-version=2016-03-30
  response:
    body:
      string: "{\n  \"name\": \"cd25a69b-127c-c745-9b8b-f5eb00606654\",\n  \"status\":
        \"InProgress\",\n  \"startTime\": \"2023-01-09T13:37:38.4338945Z\"\n }"
    headers:
      cache-control:
      - no-cache
      content-length:
      - '126'
      content-type:
      - application/json
      date:
      - Mon, 09 Jan 2023 13:40:09 GMT
      expires:
      - '-1'
      pragma:
      - no-cache
      server:
      - nginx
      strict-transport-security:
      - max-age=31536000; includeSubDomains
      transfer-encoding:
      - chunked
      vary:
      - Accept-Encoding
      x-content-type-options:
      - nosniff
    status:
      code: 200
      message: OK
- request:
    body: null
    headers:
      Accept:
      - '*/*'
      Accept-Encoding:
      - gzip, deflate
      CommandName:
      - aks create
      Connection:
      - keep-alive
      ParameterSetName:
      - --resource-group --name --nodepool-name --generate-ssh-keys --vm-set-type
        --node-count -o
      User-Agent:
      - AZURECLI/2.44.0 azsdk-python-azure-mgmt-containerservice/21.1.0 Python/3.10.8
        (Linux-5.15.0-1023-azure-x86_64-with-glibc2.31) VSTS_7b238909-6802-4b65-b90d-184bca47f458_build_220_0
    method: GET
    uri: https://management.azure.com/subscriptions/00000000-0000-0000-0000-000000000000/providers/Microsoft.ContainerService/locations/westus2/operations/9ba625cd-7c12-45c7-9b8b-f5eb00606654?api-version=2016-03-30
  response:
    body:
      string: "{\n  \"name\": \"cd25a69b-127c-c745-9b8b-f5eb00606654\",\n  \"status\":
        \"InProgress\",\n  \"startTime\": \"2023-01-09T13:37:38.4338945Z\"\n }"
    headers:
      cache-control:
      - no-cache
      content-length:
      - '126'
      content-type:
      - application/json
      date:
      - Mon, 09 Jan 2023 13:40:39 GMT
      expires:
      - '-1'
      pragma:
      - no-cache
      server:
      - nginx
      strict-transport-security:
      - max-age=31536000; includeSubDomains
      transfer-encoding:
      - chunked
      vary:
      - Accept-Encoding
      x-content-type-options:
      - nosniff
    status:
      code: 200
      message: OK
- request:
    body: null
    headers:
      Accept:
      - '*/*'
      Accept-Encoding:
      - gzip, deflate
      CommandName:
      - aks create
      Connection:
      - keep-alive
      ParameterSetName:
      - --resource-group --name --nodepool-name --generate-ssh-keys --vm-set-type
        --node-count -o
      User-Agent:
      - AZURECLI/2.44.0 azsdk-python-azure-mgmt-containerservice/21.1.0 Python/3.10.8
        (Linux-5.15.0-1023-azure-x86_64-with-glibc2.31) VSTS_7b238909-6802-4b65-b90d-184bca47f458_build_220_0
    method: GET
    uri: https://management.azure.com/subscriptions/00000000-0000-0000-0000-000000000000/providers/Microsoft.ContainerService/locations/westus2/operations/9ba625cd-7c12-45c7-9b8b-f5eb00606654?api-version=2016-03-30
  response:
    body:
      string: "{\n  \"name\": \"cd25a69b-127c-c745-9b8b-f5eb00606654\",\n  \"status\":
        \"Succeeded\",\n  \"startTime\": \"2023-01-09T13:37:38.4338945Z\",\n  \"endTime\":
        \"2023-01-09T13:41:04.421002Z\"\n }"
    headers:
      cache-control:
      - no-cache
      content-length:
      - '169'
      content-type:
      - application/json
      date:
      - Mon, 09 Jan 2023 13:41:09 GMT
      expires:
      - '-1'
      pragma:
      - no-cache
      server:
      - nginx
      strict-transport-security:
      - max-age=31536000; includeSubDomains
      transfer-encoding:
      - chunked
      vary:
      - Accept-Encoding
      x-content-type-options:
      - nosniff
    status:
      code: 200
      message: OK
- request:
    body: null
    headers:
      Accept:
      - '*/*'
      Accept-Encoding:
      - gzip, deflate
      CommandName:
      - aks create
      Connection:
      - keep-alive
      ParameterSetName:
      - --resource-group --name --nodepool-name --generate-ssh-keys --vm-set-type
        --node-count -o
      User-Agent:
      - AZURECLI/2.44.0 azsdk-python-azure-mgmt-containerservice/21.1.0 Python/3.10.8
        (Linux-5.15.0-1023-azure-x86_64-with-glibc2.31) VSTS_7b238909-6802-4b65-b90d-184bca47f458_build_220_0
    method: GET
    uri: https://management.azure.com/subscriptions/00000000-0000-0000-0000-000000000000/resourceGroups/clitest000001/providers/Microsoft.ContainerService/managedClusters/cmdtest000002?api-version=2022-11-01
  response:
    body:
      string: "{\n  \"id\": \"/subscriptions/00000000-0000-0000-0000-000000000000/resourcegroups/clitest000001/providers/Microsoft.ContainerService/managedClusters/cmdtest000002\",\n
        \ \"location\": \"westus2\",\n  \"name\": \"cmdtest000002\",\n  \"type\":
        \"Microsoft.ContainerService/ManagedClusters\",\n  \"properties\": {\n   \"provisioningState\":
        \"Succeeded\",\n   \"powerState\": {\n    \"code\": \"Running\"\n   },\n   \"kubernetesVersion\":
        \"1.23.12\",\n   \"currentKubernetesVersion\": \"1.23.12\",\n   \"dnsPrefix\":
        \"cmdtestvtw-clitestm6pxihg44-0b1f64\",\n   \"fqdn\": \"cmdtestvtw-clitestm6pxihg44-0b1f64-696d248a.hcp.westus2.azmk8s.io\",\n
        \  \"azurePortalFQDN\": \"cmdtestvtw-clitestm6pxihg44-0b1f64-696d248a.portal.hcp.westus2.azmk8s.io\",\n
        \  \"agentPoolProfiles\": [\n    {\n     \"name\": \"c000003\",\n     \"count\":
        1,\n     \"vmSize\": \"Standard_DS2_v2\",\n     \"osDiskSizeGB\": 128,\n     \"osDiskType\":
        \"Managed\",\n     \"kubeletDiskType\": \"OS\",\n     \"maxPods\": 110,\n
        \    \"type\": \"VirtualMachineScaleSets\",\n     \"enableAutoScaling\": false,\n
        \    \"provisioningState\": \"Succeeded\",\n     \"powerState\": {\n      \"code\":
        \"Running\"\n     },\n     \"orchestratorVersion\": \"1.23.12\",\n     \"currentOrchestratorVersion\":
        \"1.23.12\",\n     \"enableNodePublicIP\": false,\n     \"mode\": \"System\",\n
        \    \"enableEncryptionAtHost\": false,\n     \"enableUltraSSD\": false,\n
        \    \"osType\": \"Linux\",\n     \"osSKU\": \"Ubuntu\",\n     \"nodeImageVersion\":
        \"AKSUbuntu-1804gen2containerd-2022.12.13\",\n     \"upgradeSettings\": {},\n
        \    \"enableFIPS\": false\n    }\n   ],\n   \"linuxProfile\": {\n    \"adminUsername\":
        \"azureuser\",\n    \"ssh\": {\n     \"publicKeys\": [\n      {\n       \"keyData\":
        \"ssh-rsa AAAAB3NzaC1yc2EAAAADAQABAAABAQC3tbfsuuXFb+baUYkrpJHt4ZyWH6logn5ywYI01l8AUutf7skZYJCM3p9Lm8bV2XZ8OEhMMRqydYQ0W7q2sev14BAzZ7GT3zUrWnj+0CjXkNmF3e6JrEeo2oNaoKfWu9g1Wpvg1X6cT+7pCE+vvKlIpKfDgH4kQhhxI8bmpm6CxLqocvqGVa8nM6UdPJT4UCH3eHOy37BwSz+4SiiN/BxCvx0uJptlV/mKHuW82LWfdB3fU+m4OF+CU1H+3SCH67xeAsl0nBjww8ZdmozR+a7s3Wy/k33/zpKfMEDWlLsRUy1APVMo0ssP7YAOsMzIU+bvR6GeyZ1Vb2t9Av8iJVM3\"\n
        \     }\n     ]\n    }\n   },\n   \"servicePrincipalProfile\": {\n    \"clientId\":\"00000000-0000-0000-0000-000000000001\"\n
        \  },\n   \"nodeResourceGroup\": \"MC_clitest000001_cmdtest000002_westus2\",\n
        \  \"enableRBAC\": true,\n   \"networkProfile\": {\n    \"networkPlugin\":
        \"kubenet\",\n    \"loadBalancerSku\": \"Standard\",\n    \"loadBalancerProfile\":
        {\n     \"managedOutboundIPs\": {\n      \"count\": 1\n     },\n     \"effectiveOutboundIPs\":
        [\n      {\n       \"id\": \"/subscriptions/00000000-0000-0000-0000-000000000000/resourceGroups/MC_clitest000001_cmdtest000002_westus2/providers/Microsoft.Network/publicIPAddresses/fc310dfa-4db3-4565-848f-dc760b682a4a\"\n
        \     }\n     ]\n    },\n    \"podCidr\": \"10.244.0.0/16\",\n    \"serviceCidr\":
        \"10.0.0.0/16\",\n    \"dnsServiceIP\": \"10.0.0.10\",\n    \"dockerBridgeCidr\":
        \"172.17.0.1/16\",\n    \"outboundType\": \"loadBalancer\",\n    \"podCidrs\":
        [\n     \"10.244.0.0/16\"\n    ],\n    \"serviceCidrs\": [\n     \"10.0.0.0/16\"\n
        \   ],\n    \"ipFamilies\": [\n     \"IPv4\"\n    ]\n   },\n   \"maxAgentPools\":
        100,\n   \"identityProfile\": {\n    \"kubeletidentity\": {\n     \"resourceId\":
        \"/subscriptions/00000000-0000-0000-0000-000000000000/resourcegroups/MC_clitest000001_cmdtest000002_westus2/providers/Microsoft.ManagedIdentity/userAssignedIdentities/cmdtest000002-agentpool\",\n
        \    \"clientId\":\"00000000-0000-0000-0000-000000000001\",\n     \"objectId\":\"00000000-0000-0000-0000-000000000001\"\n
        \   }\n   },\n   \"disableLocalAccounts\": false,\n   \"securityProfile\":
        {},\n   \"storageProfile\": {\n    \"diskCSIDriver\": {\n     \"enabled\":
        true\n    },\n    \"fileCSIDriver\": {\n     \"enabled\": true\n    },\n    \"snapshotController\":
        {\n     \"enabled\": true\n    }\n   },\n   \"oidcIssuerProfile\": {\n    \"enabled\":
        false\n   }\n  },\n  \"identity\": {\n   \"type\": \"SystemAssigned\",\n   \"principalId\":\"00000000-0000-0000-0000-000000000001\",\n
        \  \"tenantId\": \"54826b22-38d6-4fb2-bad9-b7b93a3e9c5a\"\n  },\n  \"sku\":
        {\n   \"name\": \"Basic\",\n   \"tier\": \"Free\"\n  }\n }"
    headers:
      cache-control:
      - no-cache
      content-length:
      - '3835'
      content-type:
      - application/json
      date:
      - Mon, 09 Jan 2023 13:41:10 GMT
      expires:
      - '-1'
      pragma:
      - no-cache
      server:
      - nginx
      strict-transport-security:
      - max-age=31536000; includeSubDomains
      transfer-encoding:
      - chunked
      vary:
      - Accept-Encoding
      x-content-type-options:
      - nosniff
    status:
      code: 200
      message: OK
- request:
    body: null
    headers:
      Accept:
      - application/json
      Accept-Encoding:
      - gzip, deflate
      CommandName:
      - aks command invoke
      Connection:
      - keep-alive
      ParameterSetName:
      - -g -n -o -c
      User-Agent:
      - AZURECLI/2.44.0 azsdk-python-azure-mgmt-containerservice/21.1.0 Python/3.10.8
        (Linux-5.15.0-1023-azure-x86_64-with-glibc2.31) VSTS_7b238909-6802-4b65-b90d-184bca47f458_build_220_0
    method: GET
    uri: https://management.azure.com/subscriptions/00000000-0000-0000-0000-000000000000/resourceGroups/clitest000001/providers/Microsoft.ContainerService/managedClusters/cmdtest000002?api-version=2022-11-01
  response:
    body:
      string: "{\n  \"id\": \"/subscriptions/00000000-0000-0000-0000-000000000000/resourcegroups/clitest000001/providers/Microsoft.ContainerService/managedClusters/cmdtest000002\",\n
        \ \"location\": \"westus2\",\n  \"name\": \"cmdtest000002\",\n  \"type\":
        \"Microsoft.ContainerService/ManagedClusters\",\n  \"properties\": {\n   \"provisioningState\":
        \"Succeeded\",\n   \"powerState\": {\n    \"code\": \"Running\"\n   },\n   \"kubernetesVersion\":
        \"1.23.12\",\n   \"currentKubernetesVersion\": \"1.23.12\",\n   \"dnsPrefix\":
        \"cmdtestvtw-clitestm6pxihg44-0b1f64\",\n   \"fqdn\": \"cmdtestvtw-clitestm6pxihg44-0b1f64-696d248a.hcp.westus2.azmk8s.io\",\n
        \  \"azurePortalFQDN\": \"cmdtestvtw-clitestm6pxihg44-0b1f64-696d248a.portal.hcp.westus2.azmk8s.io\",\n
        \  \"agentPoolProfiles\": [\n    {\n     \"name\": \"c000003\",\n     \"count\":
        1,\n     \"vmSize\": \"Standard_DS2_v2\",\n     \"osDiskSizeGB\": 128,\n     \"osDiskType\":
        \"Managed\",\n     \"kubeletDiskType\": \"OS\",\n     \"maxPods\": 110,\n
        \    \"type\": \"VirtualMachineScaleSets\",\n     \"enableAutoScaling\": false,\n
        \    \"provisioningState\": \"Succeeded\",\n     \"powerState\": {\n      \"code\":
        \"Running\"\n     },\n     \"orchestratorVersion\": \"1.23.12\",\n     \"currentOrchestratorVersion\":
        \"1.23.12\",\n     \"enableNodePublicIP\": false,\n     \"mode\": \"System\",\n
        \    \"enableEncryptionAtHost\": false,\n     \"enableUltraSSD\": false,\n
        \    \"osType\": \"Linux\",\n     \"osSKU\": \"Ubuntu\",\n     \"nodeImageVersion\":
        \"AKSUbuntu-1804gen2containerd-2022.12.13\",\n     \"upgradeSettings\": {},\n
        \    \"enableFIPS\": false\n    }\n   ],\n   \"linuxProfile\": {\n    \"adminUsername\":
        \"azureuser\",\n    \"ssh\": {\n     \"publicKeys\": [\n      {\n       \"keyData\":
        \"ssh-rsa AAAAB3NzaC1yc2EAAAADAQABAAABAQC3tbfsuuXFb+baUYkrpJHt4ZyWH6logn5ywYI01l8AUutf7skZYJCM3p9Lm8bV2XZ8OEhMMRqydYQ0W7q2sev14BAzZ7GT3zUrWnj+0CjXkNmF3e6JrEeo2oNaoKfWu9g1Wpvg1X6cT+7pCE+vvKlIpKfDgH4kQhhxI8bmpm6CxLqocvqGVa8nM6UdPJT4UCH3eHOy37BwSz+4SiiN/BxCvx0uJptlV/mKHuW82LWfdB3fU+m4OF+CU1H+3SCH67xeAsl0nBjww8ZdmozR+a7s3Wy/k33/zpKfMEDWlLsRUy1APVMo0ssP7YAOsMzIU+bvR6GeyZ1Vb2t9Av8iJVM3\"\n
        \     }\n     ]\n    }\n   },\n   \"servicePrincipalProfile\": {\n    \"clientId\":\"00000000-0000-0000-0000-000000000001\"\n
        \  },\n   \"nodeResourceGroup\": \"MC_clitest000001_cmdtest000002_westus2\",\n
        \  \"enableRBAC\": true,\n   \"networkProfile\": {\n    \"networkPlugin\":
        \"kubenet\",\n    \"loadBalancerSku\": \"Standard\",\n    \"loadBalancerProfile\":
        {\n     \"managedOutboundIPs\": {\n      \"count\": 1\n     },\n     \"effectiveOutboundIPs\":
        [\n      {\n       \"id\": \"/subscriptions/00000000-0000-0000-0000-000000000000/resourceGroups/MC_clitest000001_cmdtest000002_westus2/providers/Microsoft.Network/publicIPAddresses/fc310dfa-4db3-4565-848f-dc760b682a4a\"\n
        \     }\n     ]\n    },\n    \"podCidr\": \"10.244.0.0/16\",\n    \"serviceCidr\":
        \"10.0.0.0/16\",\n    \"dnsServiceIP\": \"10.0.0.10\",\n    \"dockerBridgeCidr\":
        \"172.17.0.1/16\",\n    \"outboundType\": \"loadBalancer\",\n    \"podCidrs\":
        [\n     \"10.244.0.0/16\"\n    ],\n    \"serviceCidrs\": [\n     \"10.0.0.0/16\"\n
        \   ],\n    \"ipFamilies\": [\n     \"IPv4\"\n    ]\n   },\n   \"maxAgentPools\":
        100,\n   \"identityProfile\": {\n    \"kubeletidentity\": {\n     \"resourceId\":
        \"/subscriptions/00000000-0000-0000-0000-000000000000/resourcegroups/MC_clitest000001_cmdtest000002_westus2/providers/Microsoft.ManagedIdentity/userAssignedIdentities/cmdtest000002-agentpool\",\n
        \    \"clientId\":\"00000000-0000-0000-0000-000000000001\",\n     \"objectId\":\"00000000-0000-0000-0000-000000000001\"\n
        \   }\n   },\n   \"disableLocalAccounts\": false,\n   \"securityProfile\":
        {},\n   \"storageProfile\": {\n    \"diskCSIDriver\": {\n     \"enabled\":
        true\n    },\n    \"fileCSIDriver\": {\n     \"enabled\": true\n    },\n    \"snapshotController\":
        {\n     \"enabled\": true\n    }\n   },\n   \"oidcIssuerProfile\": {\n    \"enabled\":
        false\n   }\n  },\n  \"identity\": {\n   \"type\": \"SystemAssigned\",\n   \"principalId\":\"00000000-0000-0000-0000-000000000001\",\n
        \  \"tenantId\": \"54826b22-38d6-4fb2-bad9-b7b93a3e9c5a\"\n  },\n  \"sku\":
        {\n   \"name\": \"Basic\",\n   \"tier\": \"Free\"\n  }\n }"
    headers:
      cache-control:
      - no-cache
      content-length:
      - '3835'
      content-type:
      - application/json
      date:
      - Mon, 09 Jan 2023 13:41:11 GMT
      expires:
      - '-1'
      pragma:
      - no-cache
      server:
      - nginx
      strict-transport-security:
      - max-age=31536000; includeSubDomains
      transfer-encoding:
      - chunked
      vary:
      - Accept-Encoding
      x-content-type-options:
      - nosniff
    status:
      code: 200
      message: OK
- request:
    body: '{"command": "kubectl get pods -A", "context": ""}'
    headers:
      Accept:
      - application/json
      Accept-Encoding:
      - gzip, deflate
      CommandName:
      - aks command invoke
      Connection:
      - keep-alive
      Content-Length:
      - '49'
      Content-Type:
      - application/json
      ParameterSetName:
      - -g -n -o -c
      User-Agent:
      - AZURECLI/2.44.0 azsdk-python-azure-mgmt-containerservice/21.1.0 Python/3.10.8
        (Linux-5.15.0-1023-azure-x86_64-with-glibc2.31) VSTS_7b238909-6802-4b65-b90d-184bca47f458_build_220_0
    method: POST
    uri: https://management.azure.com/subscriptions/00000000-0000-0000-0000-000000000000/resourceGroups/clitest000001/providers/Microsoft.ContainerService/managedClusters/cmdtest000002/runCommand?api-version=2022-11-01
  response:
    body:
      string: ''
    headers:
      cache-control:
      - no-cache
      content-length:
      - '0'
      date:
      - Mon, 09 Jan 2023 13:41:12 GMT
      expires:
      - '-1'
      location:
      - https://management.azure.com/subscriptions/00000000-0000-0000-0000-000000000000/resourceGroups/clitest000001/providers/Microsoft.ContainerService/managedclusters/cmdtest000002/commandResults/8221092e7fd6489e873862d28abd806a?api-version=2022-11-01
      pragma:
      - no-cache
      server:
      - nginx
      strict-transport-security:
      - max-age=31536000; includeSubDomains
      x-content-type-options:
      - nosniff
      x-ms-ratelimit-remaining-subscription-writes:
      - '1199'
    status:
      code: 202
      message: Accepted
- request:
    body: null
    headers:
      Accept:
      - '*/*'
      Accept-Encoding:
      - gzip, deflate
      CommandName:
      - aks command invoke
      Connection:
      - keep-alive
      ParameterSetName:
      - -g -n -o -c
      User-Agent:
      - AZURECLI/2.44.0 azsdk-python-azure-mgmt-containerservice/21.1.0 Python/3.10.8
        (Linux-5.15.0-1023-azure-x86_64-with-glibc2.31) VSTS_7b238909-6802-4b65-b90d-184bca47f458_build_220_0
    method: GET
    uri: https://management.azure.com/subscriptions/00000000-0000-0000-0000-000000000000/resourceGroups/clitest000001/providers/Microsoft.ContainerService/managedclusters/cmdtest000002/commandResults/8221092e7fd6489e873862d28abd806a?api-version=2022-11-01
  response:
    body:
      string: "{\n  \"id\": \"8221092e7fd6489e873862d28abd806a\",\n  \"properties\":
        {\n   \"provisioningState\": \"Running\",\n   \"startedAt\": \"2023-01-09T13:41:15Z\"\n
        \ }\n }"
    headers:
      cache-control:
      - no-cache
      content-length:
      - '144'
      content-type:
      - application/json
      date:
      - Mon, 09 Jan 2023 13:41:17 GMT
      expires:
      - '-1'
      location:
      - https://management.azure.com/subscriptions/00000000-0000-0000-0000-000000000000/resourceGroups/clitest000001/providers/Microsoft.ContainerService/managedclusters/cmdtest000002/commandResults/8221092e7fd6489e873862d28abd806a?api-version=2022-11-01
      pragma:
      - no-cache
      server:
      - nginx
      strict-transport-security:
      - max-age=31536000; includeSubDomains
      x-content-type-options:
      - nosniff
    status:
      code: 202
      message: Accepted
- request:
    body: null
    headers:
      Accept:
      - '*/*'
      Accept-Encoding:
      - gzip, deflate
      CommandName:
      - aks command invoke
      Connection:
      - keep-alive
      ParameterSetName:
      - -g -n -o -c
      User-Agent:
      - AZURECLI/2.44.0 azsdk-python-azure-mgmt-containerservice/21.1.0 Python/3.10.8
        (Linux-5.15.0-1023-azure-x86_64-with-glibc2.31) VSTS_7b238909-6802-4b65-b90d-184bca47f458_build_220_0
    method: GET
    uri: https://management.azure.com/subscriptions/00000000-0000-0000-0000-000000000000/resourceGroups/clitest000001/providers/Microsoft.ContainerService/managedclusters/cmdtest000002/commandResults/8221092e7fd6489e873862d28abd806a?api-version=2022-11-01
  response:
    body:
      string: "{\n  \"id\": \"8221092e7fd6489e873862d28abd806a\",\n  \"properties\":
        {\n   \"provisioningState\": \"Succeeded\",\n   \"exitCode\": 0,\n   \"startedAt\":
        \"2023-01-09T13:41:15Z\",\n   \"finishedAt\": \"2023-01-09T13:41:16Z\",\n
        \  \"logs\": \"NAMESPACE     NAME                                       READY
        \  STATUS    RESTARTS   AGE\\naks-command   command-8221092e7fd6489e873862d28abd806a
        \  1/1     Running   0          4s\\nkube-system   azure-ip-masq-agent-6n9ss
        \                 1/1     Running   0          63s\\nkube-system   cloud-node-manager-78fqt
        \                  1/1     Running   0          63s\\nkube-system   coredns-autoscaler-5589fb5654-8gqzt
        \       1/1     Running   0          80s\\nkube-system   coredns-b4854dd98-d6pxv
        \                   1/1     Running   0          13s\\nkube-system   coredns-b4854dd98-p8dpg
        \                   1/1     Running   0          80s\\nkube-system   csi-azuredisk-node-zb79s
        \                  3/3     Running   0          63s\\nkube-system   csi-azurefile-node-96cvm
        \                  3/3     Running   0          63s\\nkube-system   konnectivity-agent-867b768799-flnck
        \       1/1     Running   0          80s\\nkube-system   konnectivity-agent-867b768799-gqqgq
        \       1/1     Running   0          80s\\nkube-system   kube-proxy-rtnmk
        \                          1/1     Running   0          63s\\nkube-system
        \  metrics-server-f77b4cd8-5bwwj              0/1     Running   0          80s\\nkube-system
        \  metrics-server-f77b4cd8-dd6tx              0/1     Running   0          80s\\n\"\n
        \ }\n }"
    headers:
      cache-control:
      - no-cache
      content-length:
      - '1493'
      content-type:
      - application/json
      date:
      - Mon, 09 Jan 2023 13:41:22 GMT
      expires:
      - '-1'
      pragma:
      - no-cache
      server:
      - nginx
      strict-transport-security:
      - max-age=31536000; includeSubDomains
      transfer-encoding:
      - chunked
      vary:
      - Accept-Encoding
      x-content-type-options:
      - nosniff
    status:
      code: 200
      message: OK
version: 1
