interactions:
- request:
    body: null
    headers:
      Accept:
      - application/json
      Accept-Encoding:
      - gzip, deflate
      CommandName:
      - aks create
      Connection:
      - keep-alive
      ParameterSetName:
      - --resource-group --name --location --network-plugin --network-plugin-mode
        --ssh-key-value --pod-cidr --node-count --network-dataplane --aks-custom-headers
      User-Agent:
      - AZURECLI/2.49.0 azsdk-python-azure-mgmt-containerservice/23.0.0 Python/3.8.16
        (macOS-13.4-arm64-arm-64bit)
    method: GET
    uri: https://management.azure.com/subscriptions/00000000-0000-0000-0000-000000000000/resourceGroups/clitest000001/providers/Microsoft.ContainerService/managedClusters/cliakstest000001?api-version=2023-05-01
  response:
    body:
      string: '{"error":{"code":"ResourceNotFound","message":"The Resource ''Microsoft.ContainerService/managedClusters/cliakstest000001''
        under resource group ''clitest000001'' was not found. For more details please
        go to https://aka.ms/ARMResourceNotFoundFix"}}'
    headers:
      cache-control:
      - no-cache
      content-length:
      - '244'
      content-type:
      - application/json; charset=utf-8
      date:
      - Thu, 15 Jun 2023 15:56:59 GMT
      expires:
      - '-1'
      pragma:
      - no-cache
      strict-transport-security:
      - max-age=31536000; includeSubDomains
      x-content-type-options:
      - nosniff
      x-ms-failure-cause:
      - gateway
    status:
      code: 404
      message: Not Found
- request:
    body: '{"location": "eastus", "identity": {"type": "SystemAssigned"}, "properties":
      {"kubernetesVersion": "", "dnsPrefix": "cliakstest-clitestylyznwqlq-8ecadf",
      "agentPoolProfiles": [{"count": 1, "vmSize": "Standard_DS2_v2", "osDiskSizeGB":
      0, "osType": "Linux", "enableAutoScaling": false, "type": "VirtualMachineScaleSets",
      "mode": "System", "orchestratorVersion": "", "upgradeSettings": {}, "enableNodePublicIP":
      false, "scaleSetPriority": "Regular", "scaleSetEvictionPolicy": "Delete", "spotMaxPrice":
      -1.0, "nodeTaints": [], "enableEncryptionAtHost": false, "enableUltraSSD": false,
      "enableFIPS": false, "name": "nodepool1"}], "linuxProfile": {"adminUsername":
      "azureuser", "ssh": {"publicKeys": [{"keyData": "ssh-rsa AAAAB3NzaC1yc2EAAAADAQABAAABAQCvBk9v4/Qo7XJWIY7AItmm8ohKhV9Y2z/SA5RKWk4BUCpK4ElHu8ia+QREfb7nmO5LtydRi7glVKNjUWUeaSC1PTmk2Z421whqvLRgF6XquFUcEC+VZG54EiS7j6hc2G3Af76vCZQQIQ7fKB8gngJXVb4QjbKVkoORamBKaSQ5MoAPF9GeSPfDesETM/jcE60BguHKjSTXhfsvgs6/iuUSPQ7duXwFtlpQy8WwA6ymGj4ehF0y8NXP6fjEajHDhPjPDkyuKBFTScflrLRryURmRyyICLt40vd+gaiyYCmREJxZNT/7J1pKmlpLNJejqDgXJ97xeyv4flTL7XRSgWV5
      azcli_aks_live_test@example.com\n"}]}}, "addonProfiles": {}, "enableRBAC": true,
      "networkProfile": {"networkPlugin": "azure", "networkPluginMode": "overlay",
      "networkDataplane": "cilium", "podCidr": "10.244.0.0/16", "outboundType": "loadBalancer",
      "loadBalancerSku": "standard"}, "disableLocalAccounts": false, "storageProfile":
      {}}}'
    headers:
      AKSHTTPCustomFeatures:
      - Microsoft.ContainerService/CiliumDataplanePreview,Microsoft.ContainerService/AzureOverlayPreview
      Accept:
      - application/json
      Accept-Encoding:
      - gzip, deflate
      CommandName:
      - aks create
      Connection:
      - keep-alive
      Content-Length:
      - '1422'
      Content-Type:
      - application/json
      ParameterSetName:
      - --resource-group --name --location --network-plugin --network-plugin-mode
        --ssh-key-value --pod-cidr --node-count --network-dataplane --aks-custom-headers
      User-Agent:
      - AZURECLI/2.49.0 azsdk-python-azure-mgmt-containerservice/23.0.0 Python/3.8.16
        (macOS-13.4-arm64-arm-64bit)
    method: PUT
    uri: https://management.azure.com/subscriptions/00000000-0000-0000-0000-000000000000/resourceGroups/clitest000001/providers/Microsoft.ContainerService/managedClusters/cliakstest000001?api-version=2023-05-01
  response:
    body:
      string: "{\n  \"id\": \"/subscriptions/00000000-0000-0000-0000-000000000000/resourcegroups/clitest000001/providers/Microsoft.ContainerService/managedClusters/cliakstest000001\"\
        ,\n  \"location\": \"eastus\",\n  \"name\": \"cliakstest000001\",\n  \"type\"\
        : \"Microsoft.ContainerService/ManagedClusters\",\n  \"properties\": {\n \
        \  \"provisioningState\": \"Creating\",\n   \"powerState\": {\n    \"code\"\
        : \"Running\"\n   },\n   \"kubernetesVersion\": \"1.25.6\",\n   \"currentKubernetesVersion\"\
        : \"1.25.6\",\n   \"dnsPrefix\": \"cliakstest-clitestylyznwqlq-8ecadf\",\n\
        \   \"fqdn\": \"cliakstest-clitestylyznwqlq-8ecadf-mzlzum6g.hcp.eastus.azmk8s.io\"\
        ,\n   \"azurePortalFQDN\": \"cliakstest-clitestylyznwqlq-8ecadf-mzlzum6g.portal.hcp.eastus.azmk8s.io\"\
        ,\n   \"agentPoolProfiles\": [\n    {\n     \"name\": \"nodepool1\",\n   \
        \  \"count\": 1,\n     \"vmSize\": \"Standard_DS2_v2\",\n     \"osDiskSizeGB\"\
        : 128,\n     \"osDiskType\": \"Managed\",\n     \"kubeletDiskType\": \"OS\"\
        ,\n     \"maxPods\": 250,\n     \"type\": \"VirtualMachineScaleSets\",\n \
        \    \"enableAutoScaling\": false,\n     \"provisioningState\": \"Creating\"\
        ,\n     \"powerState\": {\n      \"code\": \"Running\"\n     },\n     \"orchestratorVersion\"\
        : \"1.25.6\",\n     \"currentOrchestratorVersion\": \"1.25.6\",\n     \"enableNodePublicIP\"\
        : false,\n     \"mode\": \"System\",\n     \"enableEncryptionAtHost\": false,\n\
        \     \"enableUltraSSD\": false,\n     \"osType\": \"Linux\",\n     \"osSKU\"\
        : \"Ubuntu\",\n     \"nodeImageVersion\": \"AKSUbuntu-2204gen2containerd-202306.01.0\"\
        ,\n     \"upgradeSettings\": {},\n     \"enableFIPS\": false\n    }\n   ],\n\
        \   \"linuxProfile\": {\n    \"adminUsername\": \"azureuser\",\n    \"ssh\"\
        : {\n     \"publicKeys\": [\n      {\n       \"keyData\": \"ssh-rsa AAAAB3NzaC1yc2EAAAADAQABAAACAQCbIg1guRHbI0lV11wWDt1r2cUdcNd27CJsg+SfgC7miZeubtwUhbsPdhMQsfDyhOWHq1+ZL0M+nJZV63d/1dhmhtgyOqejUwrPlzKhydsbrsdUor+JmNJDdW01v7BXHyuymT8G4s09jCasNOwiufbP/qp72ruu0bIA1nySsvlf9pCQAuFkAnVnf/rFhUlOkhtRpwcq8SUNY2zRHR/EKb/4NWY1JzR4sa3q2fWIJdrrX0DvLoa5g9bIEd4Df79ba7v+yiUBOS0zT2ll+z4g9izHK3EO5d8hL4jYxcjKs+wcslSYRWrascfscLgMlMGh0CdKeNTDjHpGPncaf3Z+FwwwjWeuiNBxv7bJo13/8B/098KlVDl4GZqsoBCEjPyJfV6hO0y/LkRGkk7oHWKgeWAfKtfLItRp00eZ4fcJNK9kCaSMmEugoZWcI7NGbZXzqFWqbpRI7NcDP9+WIQ+i9U5vqWsqd/zng4kbuAJ6UuKqIzB0upYrLShfQE3SAck8oaLhJqqq56VfDuASNpJKidV+zq27HfSBmbXnkR/5AK337dc3MXKJypoK/QPMLKUAP5XLPbs+NddJQV7EZXd29DLgp+fRIg3edpKdO7ZErWhv7d+3Kws+e1Y+ypmR2WIVSwVyBEUfgv2C8Ts9gnTF4pNcEY/S2aBicz5Ew2+jdyGNQQ==\
        \ test@example.com\\n\"\n      }\n     ]\n    }\n   },\n   \"windowsProfile\"\
        : {\n    \"adminUsername\": \"azureuser\",\n    \"enableCSIProxy\": true\n\
        \   },\n   \"servicePrincipalProfile\": {\n    \"clientId\":\"00000000-0000-0000-0000-000000000001\"\
        \n   },\n   \"nodeResourceGroup\": \"MC_clitest000001_cliakstest000001_eastus\"\
        ,\n   \"enableRBAC\": true,\n   \"supportPlan\": \"KubernetesOfficial\",\n\
        \   \"networkProfile\": {\n    \"networkPlugin\": \"azure\",\n    \"networkPluginMode\"\
        : \"overlay\",\n    \"networkPolicy\": \"cilium\",\n    \"networkDataplane\"\
        : \"cilium\",\n    \"loadBalancerSku\": \"standard\",\n    \"loadBalancerProfile\"\
        : {\n     \"managedOutboundIPs\": {\n      \"count\": 1\n     }\n    },\n\
        \    \"podCidr\": \"10.244.0.0/16\",\n    \"serviceCidr\": \"10.0.0.0/16\"\
        ,\n    \"dnsServiceIP\": \"10.0.0.10\",\n    \"outboundType\": \"loadBalancer\"\
        ,\n    \"podCidrs\": [\n     \"10.244.0.0/16\"\n    ],\n    \"serviceCidrs\"\
        : [\n     \"10.0.0.0/16\"\n    ],\n    \"ipFamilies\": [\n     \"IPv4\"\n\
        \    ]\n   },\n   \"maxAgentPools\": 100,\n   \"disableLocalAccounts\": false,\n\
        \   \"securityProfile\": {},\n   \"storageProfile\": {\n    \"diskCSIDriver\"\
        : {\n     \"enabled\": true\n    },\n    \"fileCSIDriver\": {\n     \"enabled\"\
        : true\n    },\n    \"snapshotController\": {\n     \"enabled\": true\n  \
        \  }\n   },\n   \"oidcIssuerProfile\": {\n    \"enabled\": false\n   },\n\
        \   \"workloadAutoScalerProfile\": {}\n  },\n  \"identity\": {\n   \"type\"\
        : \"SystemAssigned\",\n   \"principalId\":\"00000000-0000-0000-0000-000000000001\"\
        ,\n   \"tenantId\": \"72f988bf-86f1-41af-91ab-2d7cd011db47\"\n  },\n  \"sku\"\
        : {\n   \"name\": \"Base\",\n   \"tier\": \"Free\"\n  }\n }"
    headers:
      azure-asyncoperation:
      - https://management.azure.com/subscriptions/00000000-0000-0000-0000-000000000000/providers/Microsoft.ContainerService/locations/eastus/operations/5de661cc-f5b1-4046-acef-becce064337e?api-version=2017-08-31
      cache-control:
      - no-cache
      content-length:
      - '3781'
      content-type:
      - application/json
      date:
      - Thu, 15 Jun 2023 15:57:04 GMT
      expires:
      - '-1'
      pragma:
      - no-cache
      server:
      - nginx
      strict-transport-security:
      - max-age=31536000; includeSubDomains
      x-content-type-options:
      - nosniff
      x-ms-ratelimit-remaining-subscription-writes:
      - '1195'
    status:
      code: 201
      message: Created
- request:
    body: null
    headers:
      Accept:
      - '*/*'
      Accept-Encoding:
      - gzip, deflate
      CommandName:
      - aks create
      Connection:
      - keep-alive
      ParameterSetName:
      - --resource-group --name --location --network-plugin --network-plugin-mode
        --ssh-key-value --pod-cidr --node-count --network-dataplane --aks-custom-headers
      User-Agent:
      - AZURECLI/2.49.0 azsdk-python-azure-mgmt-containerservice/23.0.0 Python/3.8.16
        (macOS-13.4-arm64-arm-64bit)
    method: GET
    uri: https://management.azure.com/subscriptions/00000000-0000-0000-0000-000000000000/providers/Microsoft.ContainerService/locations/eastus/operations/5de661cc-f5b1-4046-acef-becce064337e?api-version=2017-08-31
  response:
    body:
      string: "{\n  \"name\": \"cc61e65d-b1f5-4640-acef-becce064337e\",\n  \"status\"\
        : \"InProgress\",\n  \"startTime\": \"2023-06-15T15:57:04.7386589Z\"\n }"
    headers:
      cache-control:
      - no-cache
      content-length:
      - '126'
      content-type:
      - application/json
      date:
      - Thu, 15 Jun 2023 15:57:04 GMT
      expires:
      - '-1'
      pragma:
      - no-cache
      server:
      - nginx
      strict-transport-security:
      - max-age=31536000; includeSubDomains
      transfer-encoding:
      - chunked
      vary:
      - Accept-Encoding
      x-content-type-options:
      - nosniff
    status:
      code: 200
      message: OK
- request:
    body: null
    headers:
      Accept:
      - '*/*'
      Accept-Encoding:
      - gzip, deflate
      CommandName:
      - aks create
      Connection:
      - keep-alive
      ParameterSetName:
      - --resource-group --name --location --network-plugin --network-plugin-mode
        --ssh-key-value --pod-cidr --node-count --network-dataplane --aks-custom-headers
      User-Agent:
      - AZURECLI/2.49.0 azsdk-python-azure-mgmt-containerservice/23.0.0 Python/3.8.16
        (macOS-13.4-arm64-arm-64bit)
    method: GET
    uri: https://management.azure.com/subscriptions/00000000-0000-0000-0000-000000000000/providers/Microsoft.ContainerService/locations/eastus/operations/5de661cc-f5b1-4046-acef-becce064337e?api-version=2017-08-31
  response:
    body:
      string: "{\n  \"name\": \"cc61e65d-b1f5-4640-acef-becce064337e\",\n  \"status\"\
        : \"InProgress\",\n  \"startTime\": \"2023-06-15T15:57:04.7386589Z\"\n }"
    headers:
      cache-control:
      - no-cache
      content-length:
      - '126'
      content-type:
      - application/json
      date:
      - Thu, 15 Jun 2023 15:57:35 GMT
      expires:
      - '-1'
      pragma:
      - no-cache
      server:
      - nginx
      strict-transport-security:
      - max-age=31536000; includeSubDomains
      transfer-encoding:
      - chunked
      vary:
      - Accept-Encoding
      x-content-type-options:
      - nosniff
    status:
      code: 200
      message: OK
- request:
    body: null
    headers:
      Accept:
      - '*/*'
      Accept-Encoding:
      - gzip, deflate
      CommandName:
      - aks create
      Connection:
      - keep-alive
      ParameterSetName:
      - --resource-group --name --location --network-plugin --network-plugin-mode
        --ssh-key-value --pod-cidr --node-count --network-dataplane --aks-custom-headers
      User-Agent:
      - AZURECLI/2.49.0 azsdk-python-azure-mgmt-containerservice/23.0.0 Python/3.8.16
        (macOS-13.4-arm64-arm-64bit)
    method: GET
    uri: https://management.azure.com/subscriptions/00000000-0000-0000-0000-000000000000/providers/Microsoft.ContainerService/locations/eastus/operations/5de661cc-f5b1-4046-acef-becce064337e?api-version=2017-08-31
  response:
    body:
      string: "{\n  \"name\": \"cc61e65d-b1f5-4640-acef-becce064337e\",\n  \"status\"\
        : \"InProgress\",\n  \"startTime\": \"2023-06-15T15:57:04.7386589Z\"\n }"
    headers:
      cache-control:
      - no-cache
      content-length:
      - '126'
      content-type:
      - application/json
      date:
      - Thu, 15 Jun 2023 15:58:06 GMT
      expires:
      - '-1'
      pragma:
      - no-cache
      server:
      - nginx
      strict-transport-security:
      - max-age=31536000; includeSubDomains
      transfer-encoding:
      - chunked
      vary:
      - Accept-Encoding
      x-content-type-options:
      - nosniff
    status:
      code: 200
      message: OK
- request:
    body: null
    headers:
      Accept:
      - '*/*'
      Accept-Encoding:
      - gzip, deflate
      CommandName:
      - aks create
      Connection:
      - keep-alive
      ParameterSetName:
      - --resource-group --name --location --network-plugin --network-plugin-mode
        --ssh-key-value --pod-cidr --node-count --network-dataplane --aks-custom-headers
      User-Agent:
      - AZURECLI/2.49.0 azsdk-python-azure-mgmt-containerservice/23.0.0 Python/3.8.16
        (macOS-13.4-arm64-arm-64bit)
    method: GET
    uri: https://management.azure.com/subscriptions/00000000-0000-0000-0000-000000000000/providers/Microsoft.ContainerService/locations/eastus/operations/5de661cc-f5b1-4046-acef-becce064337e?api-version=2017-08-31
  response:
    body:
      string: "{\n  \"name\": \"cc61e65d-b1f5-4640-acef-becce064337e\",\n  \"status\"\
        : \"InProgress\",\n  \"startTime\": \"2023-06-15T15:57:04.7386589Z\"\n }"
    headers:
      cache-control:
      - no-cache
      content-length:
      - '126'
      content-type:
      - application/json
      date:
      - Thu, 15 Jun 2023 15:58:36 GMT
      expires:
      - '-1'
      pragma:
      - no-cache
      server:
      - nginx
      strict-transport-security:
      - max-age=31536000; includeSubDomains
      transfer-encoding:
      - chunked
      vary:
      - Accept-Encoding
      x-content-type-options:
      - nosniff
    status:
      code: 200
      message: OK
- request:
    body: null
    headers:
      Accept:
      - '*/*'
      Accept-Encoding:
      - gzip, deflate
      CommandName:
      - aks create
      Connection:
      - keep-alive
      ParameterSetName:
      - --resource-group --name --location --network-plugin --network-plugin-mode
        --ssh-key-value --pod-cidr --node-count --network-dataplane --aks-custom-headers
      User-Agent:
      - AZURECLI/2.49.0 azsdk-python-azure-mgmt-containerservice/23.0.0 Python/3.8.16
        (macOS-13.4-arm64-arm-64bit)
    method: GET
    uri: https://management.azure.com/subscriptions/00000000-0000-0000-0000-000000000000/providers/Microsoft.ContainerService/locations/eastus/operations/5de661cc-f5b1-4046-acef-becce064337e?api-version=2017-08-31
  response:
    body:
      string: "{\n  \"name\": \"cc61e65d-b1f5-4640-acef-becce064337e\",\n  \"status\"\
        : \"InProgress\",\n  \"startTime\": \"2023-06-15T15:57:04.7386589Z\"\n }"
    headers:
      cache-control:
      - no-cache
      content-length:
      - '126'
      content-type:
      - application/json
      date:
      - Thu, 15 Jun 2023 15:59:06 GMT
      expires:
      - '-1'
      pragma:
      - no-cache
      server:
      - nginx
      strict-transport-security:
      - max-age=31536000; includeSubDomains
      transfer-encoding:
      - chunked
      vary:
      - Accept-Encoding
      x-content-type-options:
      - nosniff
    status:
      code: 200
      message: OK
- request:
    body: null
    headers:
      Accept:
      - '*/*'
      Accept-Encoding:
      - gzip, deflate
      CommandName:
      - aks create
      Connection:
      - keep-alive
      ParameterSetName:
      - --resource-group --name --location --network-plugin --network-plugin-mode
        --ssh-key-value --pod-cidr --node-count --network-dataplane --aks-custom-headers
      User-Agent:
      - AZURECLI/2.49.0 azsdk-python-azure-mgmt-containerservice/23.0.0 Python/3.8.16
        (macOS-13.4-arm64-arm-64bit)
    method: GET
    uri: https://management.azure.com/subscriptions/00000000-0000-0000-0000-000000000000/providers/Microsoft.ContainerService/locations/eastus/operations/5de661cc-f5b1-4046-acef-becce064337e?api-version=2017-08-31
  response:
    body:
      string: "{\n  \"name\": \"cc61e65d-b1f5-4640-acef-becce064337e\",\n  \"status\"\
        : \"InProgress\",\n  \"startTime\": \"2023-06-15T15:57:04.7386589Z\"\n }"
    headers:
      cache-control:
      - no-cache
      content-length:
      - '126'
      content-type:
      - application/json
      date:
      - Thu, 15 Jun 2023 15:59:36 GMT
      expires:
      - '-1'
      pragma:
      - no-cache
      server:
      - nginx
      strict-transport-security:
      - max-age=31536000; includeSubDomains
      transfer-encoding:
      - chunked
      vary:
      - Accept-Encoding
      x-content-type-options:
      - nosniff
    status:
      code: 200
      message: OK
- request:
    body: null
    headers:
      Accept:
      - '*/*'
      Accept-Encoding:
      - gzip, deflate
      CommandName:
      - aks create
      Connection:
      - keep-alive
      ParameterSetName:
      - --resource-group --name --location --network-plugin --network-plugin-mode
        --ssh-key-value --pod-cidr --node-count --network-dataplane --aks-custom-headers
      User-Agent:
      - AZURECLI/2.49.0 azsdk-python-azure-mgmt-containerservice/23.0.0 Python/3.8.16
        (macOS-13.4-arm64-arm-64bit)
    method: GET
    uri: https://management.azure.com/subscriptions/00000000-0000-0000-0000-000000000000/providers/Microsoft.ContainerService/locations/eastus/operations/5de661cc-f5b1-4046-acef-becce064337e?api-version=2017-08-31
  response:
    body:
      string: "{\n  \"name\": \"cc61e65d-b1f5-4640-acef-becce064337e\",\n  \"status\"\
        : \"InProgress\",\n  \"startTime\": \"2023-06-15T15:57:04.7386589Z\"\n }"
    headers:
      cache-control:
      - no-cache
      content-length:
      - '126'
      content-type:
      - application/json
      date:
      - Thu, 15 Jun 2023 16:00:06 GMT
      expires:
      - '-1'
      pragma:
      - no-cache
      server:
      - nginx
      strict-transport-security:
      - max-age=31536000; includeSubDomains
      transfer-encoding:
      - chunked
      vary:
      - Accept-Encoding
      x-content-type-options:
      - nosniff
    status:
      code: 200
      message: OK
- request:
    body: null
    headers:
      Accept:
      - '*/*'
      Accept-Encoding:
      - gzip, deflate
      CommandName:
      - aks create
      Connection:
      - keep-alive
      ParameterSetName:
      - --resource-group --name --location --network-plugin --network-plugin-mode
        --ssh-key-value --pod-cidr --node-count --network-dataplane --aks-custom-headers
      User-Agent:
      - AZURECLI/2.49.0 azsdk-python-azure-mgmt-containerservice/23.0.0 Python/3.8.16
        (macOS-13.4-arm64-arm-64bit)
    method: GET
    uri: https://management.azure.com/subscriptions/00000000-0000-0000-0000-000000000000/providers/Microsoft.ContainerService/locations/eastus/operations/5de661cc-f5b1-4046-acef-becce064337e?api-version=2017-08-31
  response:
    body:
      string: "{\n  \"name\": \"cc61e65d-b1f5-4640-acef-becce064337e\",\n  \"status\"\
        : \"InProgress\",\n  \"startTime\": \"2023-06-15T15:57:04.7386589Z\"\n }"
    headers:
      cache-control:
      - no-cache
      content-length:
      - '126'
      content-type:
      - application/json
      date:
      - Thu, 15 Jun 2023 16:00:36 GMT
      expires:
      - '-1'
      pragma:
      - no-cache
      server:
      - nginx
      strict-transport-security:
      - max-age=31536000; includeSubDomains
      transfer-encoding:
      - chunked
      vary:
      - Accept-Encoding
      x-content-type-options:
      - nosniff
    status:
      code: 200
      message: OK
- request:
    body: null
    headers:
      Accept:
      - '*/*'
      Accept-Encoding:
      - gzip, deflate
      CommandName:
      - aks create
      Connection:
      - keep-alive
      ParameterSetName:
      - --resource-group --name --location --network-plugin --network-plugin-mode
        --ssh-key-value --pod-cidr --node-count --network-dataplane --aks-custom-headers
      User-Agent:
      - AZURECLI/2.49.0 azsdk-python-azure-mgmt-containerservice/23.0.0 Python/3.8.16
        (macOS-13.4-arm64-arm-64bit)
    method: GET
    uri: https://management.azure.com/subscriptions/00000000-0000-0000-0000-000000000000/providers/Microsoft.ContainerService/locations/eastus/operations/5de661cc-f5b1-4046-acef-becce064337e?api-version=2017-08-31
  response:
    body:
      string: "{\n  \"name\": \"cc61e65d-b1f5-4640-acef-becce064337e\",\n  \"status\"\
        : \"InProgress\",\n  \"startTime\": \"2023-06-15T15:57:04.7386589Z\"\n }"
    headers:
      cache-control:
      - no-cache
      content-length:
      - '126'
      content-type:
      - application/json
      date:
      - Thu, 15 Jun 2023 16:01:06 GMT
      expires:
      - '-1'
      pragma:
      - no-cache
      server:
      - nginx
      strict-transport-security:
      - max-age=31536000; includeSubDomains
      transfer-encoding:
      - chunked
      vary:
      - Accept-Encoding
      x-content-type-options:
      - nosniff
    status:
      code: 200
      message: OK
- request:
    body: null
    headers:
      Accept:
      - '*/*'
      Accept-Encoding:
      - gzip, deflate
      CommandName:
      - aks create
      Connection:
      - keep-alive
      ParameterSetName:
      - --resource-group --name --location --network-plugin --network-plugin-mode
        --ssh-key-value --pod-cidr --node-count --network-dataplane --aks-custom-headers
      User-Agent:
      - AZURECLI/2.49.0 azsdk-python-azure-mgmt-containerservice/23.0.0 Python/3.8.16
        (macOS-13.4-arm64-arm-64bit)
    method: GET
    uri: https://management.azure.com/subscriptions/00000000-0000-0000-0000-000000000000/providers/Microsoft.ContainerService/locations/eastus/operations/5de661cc-f5b1-4046-acef-becce064337e?api-version=2017-08-31
  response:
    body:
      string: "{\n  \"name\": \"cc61e65d-b1f5-4640-acef-becce064337e\",\n  \"status\"\
        : \"InProgress\",\n  \"startTime\": \"2023-06-15T15:57:04.7386589Z\"\n }"
    headers:
      cache-control:
      - no-cache
      content-length:
      - '126'
      content-type:
      - application/json
      date:
      - Thu, 15 Jun 2023 16:01:36 GMT
      expires:
      - '-1'
      pragma:
      - no-cache
      server:
      - nginx
      strict-transport-security:
      - max-age=31536000; includeSubDomains
      transfer-encoding:
      - chunked
      vary:
      - Accept-Encoding
      x-content-type-options:
      - nosniff
    status:
      code: 200
      message: OK
- request:
    body: null
    headers:
      Accept:
      - '*/*'
      Accept-Encoding:
      - gzip, deflate
      CommandName:
      - aks create
      Connection:
      - keep-alive
      ParameterSetName:
      - --resource-group --name --location --network-plugin --network-plugin-mode
        --ssh-key-value --pod-cidr --node-count --network-dataplane --aks-custom-headers
      User-Agent:
      - AZURECLI/2.49.0 azsdk-python-azure-mgmt-containerservice/23.0.0 Python/3.8.16
        (macOS-13.4-arm64-arm-64bit)
    method: GET
    uri: https://management.azure.com/subscriptions/00000000-0000-0000-0000-000000000000/providers/Microsoft.ContainerService/locations/eastus/operations/5de661cc-f5b1-4046-acef-becce064337e?api-version=2017-08-31
  response:
    body:
      string: "{\n  \"name\": \"cc61e65d-b1f5-4640-acef-becce064337e\",\n  \"status\"\
        : \"Succeeded\",\n  \"startTime\": \"2023-06-15T15:57:04.7386589Z\",\n  \"\
        endTime\": \"2023-06-15T16:01:41.5418415Z\"\n }"
    headers:
      cache-control:
      - no-cache
      content-length:
      - '170'
      content-type:
      - application/json
      date:
      - Thu, 15 Jun 2023 16:02:06 GMT
      expires:
      - '-1'
      pragma:
      - no-cache
      server:
      - nginx
      strict-transport-security:
      - max-age=31536000; includeSubDomains
      transfer-encoding:
      - chunked
      vary:
      - Accept-Encoding
      x-content-type-options:
      - nosniff
    status:
      code: 200
      message: OK
- request:
    body: null
    headers:
      Accept:
      - '*/*'
      Accept-Encoding:
      - gzip, deflate
      CommandName:
      - aks create
      Connection:
      - keep-alive
      ParameterSetName:
      - --resource-group --name --location --network-plugin --network-plugin-mode
        --ssh-key-value --pod-cidr --node-count --network-dataplane --aks-custom-headers
      User-Agent:
      - AZURECLI/2.49.0 azsdk-python-azure-mgmt-containerservice/23.0.0 Python/3.8.16
        (macOS-13.4-arm64-arm-64bit)
    method: GET
    uri: https://management.azure.com/subscriptions/00000000-0000-0000-0000-000000000000/resourceGroups/clitest000001/providers/Microsoft.ContainerService/managedClusters/cliakstest000001?api-version=2023-05-01
  response:
    body:
      string: "{\n  \"id\": \"/subscriptions/00000000-0000-0000-0000-000000000000/resourcegroups/clitest000001/providers/Microsoft.ContainerService/managedClusters/cliakstest000001\"\
        ,\n  \"location\": \"eastus\",\n  \"name\": \"cliakstest000001\",\n  \"type\"\
        : \"Microsoft.ContainerService/ManagedClusters\",\n  \"properties\": {\n \
        \  \"provisioningState\": \"Succeeded\",\n   \"powerState\": {\n    \"code\"\
        : \"Running\"\n   },\n   \"kubernetesVersion\": \"1.25.6\",\n   \"currentKubernetesVersion\"\
        : \"1.25.6\",\n   \"dnsPrefix\": \"cliakstest-clitestylyznwqlq-8ecadf\",\n\
        \   \"fqdn\": \"cliakstest-clitestylyznwqlq-8ecadf-mzlzum6g.hcp.eastus.azmk8s.io\"\
        ,\n   \"azurePortalFQDN\": \"cliakstest-clitestylyznwqlq-8ecadf-mzlzum6g.portal.hcp.eastus.azmk8s.io\"\
        ,\n   \"agentPoolProfiles\": [\n    {\n     \"name\": \"nodepool1\",\n   \
        \  \"count\": 1,\n     \"vmSize\": \"Standard_DS2_v2\",\n     \"osDiskSizeGB\"\
        : 128,\n     \"osDiskType\": \"Managed\",\n     \"kubeletDiskType\": \"OS\"\
        ,\n     \"maxPods\": 250,\n     \"type\": \"VirtualMachineScaleSets\",\n \
        \    \"enableAutoScaling\": false,\n     \"provisioningState\": \"Succeeded\"\
        ,\n     \"powerState\": {\n      \"code\": \"Running\"\n     },\n     \"orchestratorVersion\"\
        : \"1.25.6\",\n     \"currentOrchestratorVersion\": \"1.25.6\",\n     \"enableNodePublicIP\"\
        : false,\n     \"mode\": \"System\",\n     \"enableEncryptionAtHost\": false,\n\
        \     \"enableUltraSSD\": false,\n     \"osType\": \"Linux\",\n     \"osSKU\"\
        : \"Ubuntu\",\n     \"nodeImageVersion\": \"AKSUbuntu-2204gen2containerd-202306.01.0\"\
        ,\n     \"upgradeSettings\": {},\n     \"enableFIPS\": false\n    }\n   ],\n\
        \   \"linuxProfile\": {\n    \"adminUsername\": \"azureuser\",\n    \"ssh\"\
        : {\n     \"publicKeys\": [\n      {\n       \"keyData\": \"ssh-rsa AAAAB3NzaC1yc2EAAAADAQABAAACAQCbIg1guRHbI0lV11wWDt1r2cUdcNd27CJsg+SfgC7miZeubtwUhbsPdhMQsfDyhOWHq1+ZL0M+nJZV63d/1dhmhtgyOqejUwrPlzKhydsbrsdUor+JmNJDdW01v7BXHyuymT8G4s09jCasNOwiufbP/qp72ruu0bIA1nySsvlf9pCQAuFkAnVnf/rFhUlOkhtRpwcq8SUNY2zRHR/EKb/4NWY1JzR4sa3q2fWIJdrrX0DvLoa5g9bIEd4Df79ba7v+yiUBOS0zT2ll+z4g9izHK3EO5d8hL4jYxcjKs+wcslSYRWrascfscLgMlMGh0CdKeNTDjHpGPncaf3Z+FwwwjWeuiNBxv7bJo13/8B/098KlVDl4GZqsoBCEjPyJfV6hO0y/LkRGkk7oHWKgeWAfKtfLItRp00eZ4fcJNK9kCaSMmEugoZWcI7NGbZXzqFWqbpRI7NcDP9+WIQ+i9U5vqWsqd/zng4kbuAJ6UuKqIzB0upYrLShfQE3SAck8oaLhJqqq56VfDuASNpJKidV+zq27HfSBmbXnkR/5AK337dc3MXKJypoK/QPMLKUAP5XLPbs+NddJQV7EZXd29DLgp+fRIg3edpKdO7ZErWhv7d+3Kws+e1Y+ypmR2WIVSwVyBEUfgv2C8Ts9gnTF4pNcEY/S2aBicz5Ew2+jdyGNQQ==\
        \ test@example.com\\n\"\n      }\n     ]\n    }\n   },\n   \"windowsProfile\"\
        : {\n    \"adminUsername\": \"azureuser\",\n    \"enableCSIProxy\": true\n\
        \   },\n   \"servicePrincipalProfile\": {\n    \"clientId\":\"00000000-0000-0000-0000-000000000001\"\
        \n   },\n   \"nodeResourceGroup\": \"MC_clitest000001_cliakstest000001_eastus\"\
        ,\n   \"enableRBAC\": true,\n   \"supportPlan\": \"KubernetesOfficial\",\n\
        \   \"networkProfile\": {\n    \"networkPlugin\": \"azure\",\n    \"networkPluginMode\"\
        : \"overlay\",\n    \"networkPolicy\": \"cilium\",\n    \"networkDataplane\"\
        : \"cilium\",\n    \"loadBalancerSku\": \"Standard\",\n    \"loadBalancerProfile\"\
        : {\n     \"managedOutboundIPs\": {\n      \"count\": 1\n     },\n     \"\
        effectiveOutboundIPs\": [\n      {\n       \"id\": \"/subscriptions/00000000-0000-0000-0000-000000000000/resourceGroups/MC_clitest000001_cliakstest000001_eastus/providers/Microsoft.Network/publicIPAddresses/9dd8caa1-4144-473f-ad99-590ce06b218a\"\
        \n      }\n     ]\n    },\n    \"podCidr\": \"10.244.0.0/16\",\n    \"serviceCidr\"\
        : \"10.0.0.0/16\",\n    \"dnsServiceIP\": \"10.0.0.10\",\n    \"outboundType\"\
        : \"loadBalancer\",\n    \"podCidrs\": [\n     \"10.244.0.0/16\"\n    ],\n\
        \    \"serviceCidrs\": [\n     \"10.0.0.0/16\"\n    ],\n    \"ipFamilies\"\
        : [\n     \"IPv4\"\n    ]\n   },\n   \"maxAgentPools\": 100,\n   \"identityProfile\"\
        : {\n    \"kubeletidentity\": {\n     \"resourceId\": \"/subscriptions/00000000-0000-0000-0000-000000000000/resourcegroups/MC_clitest000001_cliakstest000001_eastus/providers/Microsoft.ManagedIdentity/userAssignedIdentities/cliakstest000001-agentpool\"\
        ,\n     \"clientId\":\"00000000-0000-0000-0000-000000000001\",\n     \"objectId\"\
        :\"00000000-0000-0000-0000-000000000001\"\n    }\n   },\n   \"disableLocalAccounts\"\
        : false,\n   \"securityProfile\": {},\n   \"storageProfile\": {\n    \"diskCSIDriver\"\
        : {\n     \"enabled\": true\n    },\n    \"fileCSIDriver\": {\n     \"enabled\"\
        : true\n    },\n    \"snapshotController\": {\n     \"enabled\": true\n  \
        \  }\n   },\n   \"oidcIssuerProfile\": {\n    \"enabled\": false\n   },\n\
        \   \"workloadAutoScalerProfile\": {}\n  },\n  \"identity\": {\n   \"type\"\
        : \"SystemAssigned\",\n   \"principalId\":\"00000000-0000-0000-0000-000000000001\"\
        ,\n   \"tenantId\": \"72f988bf-86f1-41af-91ab-2d7cd011db47\"\n  },\n  \"sku\"\
        : {\n   \"name\": \"Base\",\n   \"tier\": \"Free\"\n  }\n }"
    headers:
      cache-control:
      - no-cache
      content-length:
      - '4432'
      content-type:
      - application/json
      date:
      - Thu, 15 Jun 2023 16:02:07 GMT
      expires:
      - '-1'
      pragma:
      - no-cache
      server:
      - nginx
      strict-transport-security:
      - max-age=31536000; includeSubDomains
      transfer-encoding:
      - chunked
      vary:
      - Accept-Encoding
      x-content-type-options:
      - nosniff
    status:
      code: 200
      message: OK
- request:
    body: null
    headers:
      Accept:
      - application/json
      Accept-Encoding:
      - gzip, deflate
      CommandName:
      - aks delete
      Connection:
      - keep-alive
      Content-Length:
      - '0'
      ParameterSetName:
      - -g -n --yes --no-wait
      User-Agent:
      - AZURECLI/2.49.0 azsdk-python-azure-mgmt-containerservice/23.0.0 Python/3.8.16
        (macOS-13.4-arm64-arm-64bit)
    method: DELETE
    uri: https://management.azure.com/subscriptions/00000000-0000-0000-0000-000000000000/resourceGroups/clitest000001/providers/Microsoft.ContainerService/managedClusters/cliakstest000001?api-version=2023-05-01
  response:
    body:
      string: ''
    headers:
      azure-asyncoperation:
      - https://management.azure.com/subscriptions/00000000-0000-0000-0000-000000000000/providers/Microsoft.ContainerService/locations/eastus/operations/be614f7b-ff8c-48d9-9fb6-f814eead6e9a?api-version=2017-08-31
      cache-control:
      - no-cache
      content-length:
      - '0'
      date:
      - Thu, 15 Jun 2023 16:02:08 GMT
      expires:
      - '-1'
      location:
      - https://management.azure.com/subscriptions/00000000-0000-0000-0000-000000000000/providers/Microsoft.ContainerService/locations/eastus/operationresults/be614f7b-ff8c-48d9-9fb6-f814eead6e9a?api-version=2017-08-31
      pragma:
      - no-cache
      server:
      - nginx
      strict-transport-security:
      - max-age=31536000; includeSubDomains
      x-content-type-options:
      - nosniff
      x-ms-ratelimit-remaining-subscription-deletes:
      - '14999'
    status:
      code: 202
      message: Accepted
version: 1
