interactions:
- request:
    body: '{"location": "westus2", "properties": {"kubernetesVersion": "", "dnsPrefix":
      "cliaksdns000002", "agentPoolProfiles": [{"count": 1, "vmSize": "Standard_DS2_v2",
      "osDiskSizeGB": 0, "osType": "Linux", "enableAutoScaling": false, "type": "VirtualMachineScaleSets",
      "mode": "System", "orchestratorVersion": "", "upgradeSettings": {}, "enableNodePublicIP":
      false, "scaleSetPriority": "Regular", "scaleSetEvictionPolicy": "Delete", "spotMaxPrice":
      -1.0, "nodeTaints": [], "enableEncryptionAtHost": false, "enableUltraSSD": false,
      "enableFIPS": false, "name": "nodepool1"}], "linuxProfile": {"adminUsername":
      "azureuser", "ssh": {"publicKeys": [{"keyData": "ssh-rsa AAAAB3NzaC1yc2EAAAADAQABAAABAQDBl2c+b7bD+BIdYP9Oy6t6Bw6F+kOuHoidX0nkbAS1Z4NLdvcpPz6fm6Emm9yE6o4sTZLmcQSW7vh8UyFeNwCb+YMi/AJj+3Zzc1/3tedcZc8FpxlmiNx3HrW88ufXNaDVH9JBwBosoZzQdEmZczxdo8/FSxP28gPKscnCJJ5bS+Gz35FJYTZ4k5Rb8mvifWYtw5txrVSBe6Gi6mql3XzBE17C3aVuRjksOSRbpWczmZfF1FjqsuC90vOS2stUOq70ISMA+/austV7gY03BJUIoepNlv0jqce5s3/x14/lokvwa27ZiGeDRK8WoR6xo6ZPXuBL4S9Rx8UAgN5T8/5b
      azcli_aks_live_test@example.com\n"}]}}, "servicePrincipalProfile": {"clientId":"00000000-0000-0000-0000-000000000001",
      "secret":"fake-secret"}, "addonProfiles": {}, "enableRBAC": true, "networkProfile":
      {"networkPlugin": "kubenet", "podCidr": "10.244.0.0/16", "serviceCidr": "10.0.0.0/16",
      "dnsServiceIP": "10.0.0.10", "dockerBridgeCidr": "172.17.0.1/16", "outboundType":
      "loadBalancer", "loadBalancerSku": "standard"}, "disableLocalAccounts": false}}'
    headers:
      Accept:
      - application/json
      Accept-Encoding:
      - gzip, deflate
      CommandName:
      - aks create
      Connection:
      - keep-alive
      Content-Length:
      - '1482'
      Content-Type:
      - application/json
      ParameterSetName:
      - --resource-group --name --location --dns-name-prefix --node-count --ssh-key-value
        --service-principal --client-secret --no-wait
      User-Agent:
      - AZURECLI/2.38.0 azsdk-python-azure-mgmt-containerservice/20.2.0 Python/3.8.10
        (Linux-5.15.0-1014-azure-x86_64-with-glibc2.29)
    method: PUT
    uri: https://management.azure.com/subscriptions/00000000-0000-0000-0000-000000000000/resourceGroups/clitest000001/providers/Microsoft.ContainerService/managedClusters/cliakstest000001?api-version=2022-06-01
  response:
    body:
      string: "{\n  \"id\": \"/subscriptions/00000000-0000-0000-0000-000000000000/resourcegroups/clitest000001/providers/Microsoft.ContainerService/managedClusters/cliakstest000001\",\n
        \ \"location\": \"westus2\",\n  \"name\": \"cliakstest000001\",\n  \"type\":
        \"Microsoft.ContainerService/ManagedClusters\",\n  \"properties\": {\n   \"provisioningState\":
        \"Creating\",\n   \"powerState\": {\n    \"code\": \"Running\"\n   },\n   \"kubernetesVersion\":
        \"1.22.11\",\n   \"currentKubernetesVersion\": \"1.22.11\",\n   \"dnsPrefix\":
        \"cliaksdns000002\",\n   \"fqdn\": \"cliaksdns000002-d357e7bc.hcp.westus2.azmk8s.io\",\n
        \  \"azurePortalFQDN\": \"cliaksdns000002-d357e7bc.portal.hcp.westus2.azmk8s.io\",\n
        \  \"agentPoolProfiles\": [\n    {\n     \"name\": \"nodepool1\",\n     \"count\":
        1,\n     \"vmSize\": \"Standard_DS2_v2\",\n     \"osDiskSizeGB\": 128,\n     \"osDiskType\":
        \"Managed\",\n     \"kubeletDiskType\": \"OS\",\n     \"maxPods\": 110,\n
        \    \"type\": \"VirtualMachineScaleSets\",\n     \"enableAutoScaling\": false,\n
        \    \"provisioningState\": \"Creating\",\n     \"powerState\": {\n      \"code\":
        \"Running\"\n     },\n     \"orchestratorVersion\": \"1.22.11\",\n     \"currentOrchestratorVersion\":
        \"1.22.11\",\n     \"enableNodePublicIP\": false,\n     \"mode\": \"System\",\n
        \    \"enableEncryptionAtHost\": false,\n     \"enableUltraSSD\": false,\n
        \    \"osType\": \"Linux\",\n     \"osSKU\": \"Ubuntu\",\n     \"nodeImageVersion\":
        \"AKSUbuntu-1804gen2containerd-2022.07.04\",\n     \"upgradeSettings\": {},\n
        \    \"enableFIPS\": false\n    }\n   ],\n   \"linuxProfile\": {\n    \"adminUsername\":
        \"azureuser\",\n    \"ssh\": {\n     \"publicKeys\": [\n      {\n       \"keyData\":
        \"ssh-rsa AAAAB3NzaC1yc2EAAAADAQABAAABAQDBl2c+b7bD+BIdYP9Oy6t6Bw6F+kOuHoidX0nkbAS1Z4NLdvcpPz6fm6Emm9yE6o4sTZLmcQSW7vh8UyFeNwCb+YMi/AJj+3Zzc1/3tedcZc8FpxlmiNx3HrW88ufXNaDVH9JBwBosoZzQdEmZczxdo8/FSxP28gPKscnCJJ5bS+Gz35FJYTZ4k5Rb8mvifWYtw5txrVSBe6Gi6mql3XzBE17C3aVuRjksOSRbpWczmZfF1FjqsuC90vOS2stUOq70ISMA+/austV7gY03BJUIoepNlv0jqce5s3/x14/lokvwa27ZiGeDRK8WoR6xo6ZPXuBL4S9Rx8UAgN5T8/5b
        azcli_aks_live_test@example.com\\n\"\n      }\n     ]\n    }\n   },\n   \"servicePrincipalProfile\":
        {\n    \"clientId\":\"00000000-0000-0000-0000-000000000001\"\n   },\n   \"nodeResourceGroup\":
        \"MC_clitest000001_cliakstest000001_westus2\",\n   \"enableRBAC\": true,\n
        \  \"networkProfile\": {\n    \"networkPlugin\": \"kubenet\",\n    \"loadBalancerSku\":
        \"standard\",\n    \"loadBalancerProfile\": {\n     \"managedOutboundIPs\":
        {\n      \"count\": 1\n     }\n    },\n    \"podCidr\": \"10.244.0.0/16\",\n
        \   \"serviceCidr\": \"10.0.0.0/16\",\n    \"dnsServiceIP\": \"10.0.0.10\",\n
        \   \"dockerBridgeCidr\": \"172.17.0.1/16\",\n    \"outboundType\": \"loadBalancer\",\n
        \   \"podCidrs\": [\n     \"10.244.0.0/16\"\n    ],\n    \"serviceCidrs\":
        [\n     \"10.0.0.0/16\"\n    ],\n    \"ipFamilies\": [\n     \"IPv4\"\n    ]\n
        \  },\n   \"maxAgentPools\": 100,\n   \"disableLocalAccounts\": false,\n   \"securityProfile\":
        {},\n   \"storageProfile\": {\n    \"diskCSIDriver\": {\n     \"enabled\":
        true\n    },\n    \"fileCSIDriver\": {\n     \"enabled\": true\n    },\n    \"snapshotController\":
        {\n     \"enabled\": true\n    }\n   }\n  },\n  \"sku\": {\n   \"name\": \"Basic\",\n
        \  \"tier\": \"Free\"\n  }\n }"
    headers:
      azure-asyncoperation:
      - https://management.azure.com/subscriptions/00000000-0000-0000-0000-000000000000/providers/Microsoft.ContainerService/locations/westus2/operations/da7d1b67-9910-4814-b3c4-07fed3a411de?api-version=2016-03-30
      cache-control:
      - no-cache
      content-length:
      - '2965'
      content-type:
      - application/json
      date:
      - Mon, 25 Jul 2022 06:28:03 GMT
      expires:
      - '-1'
      pragma:
      - no-cache
      server:
      - nginx
      strict-transport-security:
      - max-age=31536000; includeSubDomains
      x-content-type-options:
      - nosniff
      x-ms-ratelimit-remaining-subscription-writes:
      - '1195'
    status:
      code: 201
      message: Created
- request:
    body: null
    headers:
      Accept:
      - application/json
      Accept-Encoding:
      - gzip, deflate
      CommandName:
      - aks wait
      Connection:
      - keep-alive
      ParameterSetName:
      - -g -n --created
      User-Agent:
      - AZURECLI/2.38.0 azsdk-python-azure-mgmt-containerservice/20.2.0 Python/3.8.10
        (Linux-5.15.0-1014-azure-x86_64-with-glibc2.29)
    method: GET
    uri: https://management.azure.com/subscriptions/00000000-0000-0000-0000-000000000000/resourceGroups/clitest000001/providers/Microsoft.ContainerService/managedClusters/cliakstest000001?api-version=2022-06-01
  response:
    body:
      string: "{\n  \"id\": \"/subscriptions/00000000-0000-0000-0000-000000000000/resourcegroups/clitest000001/providers/Microsoft.ContainerService/managedClusters/cliakstest000001\",\n
        \ \"location\": \"westus2\",\n  \"name\": \"cliakstest000001\",\n  \"type\":
        \"Microsoft.ContainerService/ManagedClusters\",\n  \"properties\": {\n   \"provisioningState\":
        \"Creating\",\n   \"powerState\": {\n    \"code\": \"Running\"\n   },\n   \"kubernetesVersion\":
        \"1.22.11\",\n   \"currentKubernetesVersion\": \"1.22.11\",\n   \"dnsPrefix\":
        \"cliaksdns000002\",\n   \"fqdn\": \"cliaksdns000002-d357e7bc.hcp.westus2.azmk8s.io\",\n
        \  \"azurePortalFQDN\": \"cliaksdns000002-d357e7bc.portal.hcp.westus2.azmk8s.io\",\n
        \  \"agentPoolProfiles\": [\n    {\n     \"name\": \"nodepool1\",\n     \"count\":
        1,\n     \"vmSize\": \"Standard_DS2_v2\",\n     \"osDiskSizeGB\": 128,\n     \"osDiskType\":
        \"Managed\",\n     \"kubeletDiskType\": \"OS\",\n     \"maxPods\": 110,\n
        \    \"type\": \"VirtualMachineScaleSets\",\n     \"enableAutoScaling\": false,\n
        \    \"provisioningState\": \"Creating\",\n     \"powerState\": {\n      \"code\":
        \"Running\"\n     },\n     \"orchestratorVersion\": \"1.22.11\",\n     \"currentOrchestratorVersion\":
        \"1.22.11\",\n     \"enableNodePublicIP\": false,\n     \"mode\": \"System\",\n
        \    \"enableEncryptionAtHost\": false,\n     \"enableUltraSSD\": false,\n
        \    \"osType\": \"Linux\",\n     \"osSKU\": \"Ubuntu\",\n     \"nodeImageVersion\":
        \"AKSUbuntu-1804gen2containerd-2022.07.04\",\n     \"upgradeSettings\": {},\n
        \    \"enableFIPS\": false\n    }\n   ],\n   \"linuxProfile\": {\n    \"adminUsername\":
        \"azureuser\",\n    \"ssh\": {\n     \"publicKeys\": [\n      {\n       \"keyData\":
        \"ssh-rsa AAAAB3NzaC1yc2EAAAADAQABAAABAQDBl2c+b7bD+BIdYP9Oy6t6Bw6F+kOuHoidX0nkbAS1Z4NLdvcpPz6fm6Emm9yE6o4sTZLmcQSW7vh8UyFeNwCb+YMi/AJj+3Zzc1/3tedcZc8FpxlmiNx3HrW88ufXNaDVH9JBwBosoZzQdEmZczxdo8/FSxP28gPKscnCJJ5bS+Gz35FJYTZ4k5Rb8mvifWYtw5txrVSBe6Gi6mql3XzBE17C3aVuRjksOSRbpWczmZfF1FjqsuC90vOS2stUOq70ISMA+/austV7gY03BJUIoepNlv0jqce5s3/x14/lokvwa27ZiGeDRK8WoR6xo6ZPXuBL4S9Rx8UAgN5T8/5b
        azcli_aks_live_test@example.com\\n\"\n      }\n     ]\n    }\n   },\n   \"servicePrincipalProfile\":
        {\n    \"clientId\":\"00000000-0000-0000-0000-000000000001\"\n   },\n   \"nodeResourceGroup\":
        \"MC_clitest000001_cliakstest000001_westus2\",\n   \"enableRBAC\": true,\n
        \  \"networkProfile\": {\n    \"networkPlugin\": \"kubenet\",\n    \"loadBalancerSku\":
        \"standard\",\n    \"loadBalancerProfile\": {\n     \"managedOutboundIPs\":
        {\n      \"count\": 1\n     }\n    },\n    \"podCidr\": \"10.244.0.0/16\",\n
        \   \"serviceCidr\": \"10.0.0.0/16\",\n    \"dnsServiceIP\": \"10.0.0.10\",\n
        \   \"dockerBridgeCidr\": \"172.17.0.1/16\",\n    \"outboundType\": \"loadBalancer\",\n
        \   \"podCidrs\": [\n     \"10.244.0.0/16\"\n    ],\n    \"serviceCidrs\":
        [\n     \"10.0.0.0/16\"\n    ],\n    \"ipFamilies\": [\n     \"IPv4\"\n    ]\n
        \  },\n   \"maxAgentPools\": 100,\n   \"disableLocalAccounts\": false,\n   \"securityProfile\":
        {},\n   \"storageProfile\": {\n    \"diskCSIDriver\": {\n     \"enabled\":
        true\n    },\n    \"fileCSIDriver\": {\n     \"enabled\": true\n    },\n    \"snapshotController\":
        {\n     \"enabled\": true\n    }\n   }\n  },\n  \"sku\": {\n   \"name\": \"Basic\",\n
        \  \"tier\": \"Free\"\n  }\n }"
    headers:
      cache-control:
      - no-cache
      content-length:
      - '2965'
      content-type:
      - application/json
      date:
      - Mon, 25 Jul 2022 06:28:04 GMT
      expires:
      - '-1'
      pragma:
      - no-cache
      server:
      - nginx
      strict-transport-security:
      - max-age=31536000; includeSubDomains
      transfer-encoding:
      - chunked
      vary:
      - Accept-Encoding
      x-content-type-options:
      - nosniff
    status:
      code: 200
      message: OK
- request:
    body: null
    headers:
      Accept:
      - application/json
      Accept-Encoding:
      - gzip, deflate
      CommandName:
      - aks wait
      Connection:
      - keep-alive
      ParameterSetName:
      - -g -n --created
      User-Agent:
      - AZURECLI/2.38.0 azsdk-python-azure-mgmt-containerservice/20.2.0 Python/3.8.10
        (Linux-5.15.0-1014-azure-x86_64-with-glibc2.29)
    method: GET
    uri: https://management.azure.com/subscriptions/00000000-0000-0000-0000-000000000000/resourceGroups/clitest000001/providers/Microsoft.ContainerService/managedClusters/cliakstest000001?api-version=2022-06-01
  response:
    body:
      string: "{\n  \"id\": \"/subscriptions/00000000-0000-0000-0000-000000000000/resourcegroups/clitest000001/providers/Microsoft.ContainerService/managedClusters/cliakstest000001\",\n
        \ \"location\": \"westus2\",\n  \"name\": \"cliakstest000001\",\n  \"type\":
        \"Microsoft.ContainerService/ManagedClusters\",\n  \"properties\": {\n   \"provisioningState\":
        \"Creating\",\n   \"powerState\": {\n    \"code\": \"Running\"\n   },\n   \"kubernetesVersion\":
        \"1.22.11\",\n   \"currentKubernetesVersion\": \"1.22.11\",\n   \"dnsPrefix\":
        \"cliaksdns000002\",\n   \"fqdn\": \"cliaksdns000002-d357e7bc.hcp.westus2.azmk8s.io\",\n
        \  \"azurePortalFQDN\": \"cliaksdns000002-d357e7bc.portal.hcp.westus2.azmk8s.io\",\n
        \  \"agentPoolProfiles\": [\n    {\n     \"name\": \"nodepool1\",\n     \"count\":
        1,\n     \"vmSize\": \"Standard_DS2_v2\",\n     \"osDiskSizeGB\": 128,\n     \"osDiskType\":
        \"Managed\",\n     \"kubeletDiskType\": \"OS\",\n     \"maxPods\": 110,\n
        \    \"type\": \"VirtualMachineScaleSets\",\n     \"enableAutoScaling\": false,\n
        \    \"provisioningState\": \"Creating\",\n     \"powerState\": {\n      \"code\":
        \"Running\"\n     },\n     \"orchestratorVersion\": \"1.22.11\",\n     \"currentOrchestratorVersion\":
        \"1.22.11\",\n     \"enableNodePublicIP\": false,\n     \"mode\": \"System\",\n
        \    \"enableEncryptionAtHost\": false,\n     \"enableUltraSSD\": false,\n
        \    \"osType\": \"Linux\",\n     \"osSKU\": \"Ubuntu\",\n     \"nodeImageVersion\":
        \"AKSUbuntu-1804gen2containerd-2022.07.04\",\n     \"upgradeSettings\": {},\n
        \    \"enableFIPS\": false\n    }\n   ],\n   \"linuxProfile\": {\n    \"adminUsername\":
        \"azureuser\",\n    \"ssh\": {\n     \"publicKeys\": [\n      {\n       \"keyData\":
        \"ssh-rsa AAAAB3NzaC1yc2EAAAADAQABAAABAQDBl2c+b7bD+BIdYP9Oy6t6Bw6F+kOuHoidX0nkbAS1Z4NLdvcpPz6fm6Emm9yE6o4sTZLmcQSW7vh8UyFeNwCb+YMi/AJj+3Zzc1/3tedcZc8FpxlmiNx3HrW88ufXNaDVH9JBwBosoZzQdEmZczxdo8/FSxP28gPKscnCJJ5bS+Gz35FJYTZ4k5Rb8mvifWYtw5txrVSBe6Gi6mql3XzBE17C3aVuRjksOSRbpWczmZfF1FjqsuC90vOS2stUOq70ISMA+/austV7gY03BJUIoepNlv0jqce5s3/x14/lokvwa27ZiGeDRK8WoR6xo6ZPXuBL4S9Rx8UAgN5T8/5b
        azcli_aks_live_test@example.com\\n\"\n      }\n     ]\n    }\n   },\n   \"servicePrincipalProfile\":
        {\n    \"clientId\":\"00000000-0000-0000-0000-000000000001\"\n   },\n   \"nodeResourceGroup\":
        \"MC_clitest000001_cliakstest000001_westus2\",\n   \"enableRBAC\": true,\n
        \  \"networkProfile\": {\n    \"networkPlugin\": \"kubenet\",\n    \"loadBalancerSku\":
        \"standard\",\n    \"loadBalancerProfile\": {\n     \"managedOutboundIPs\":
        {\n      \"count\": 1\n     }\n    },\n    \"podCidr\": \"10.244.0.0/16\",\n
        \   \"serviceCidr\": \"10.0.0.0/16\",\n    \"dnsServiceIP\": \"10.0.0.10\",\n
        \   \"dockerBridgeCidr\": \"172.17.0.1/16\",\n    \"outboundType\": \"loadBalancer\",\n
        \   \"podCidrs\": [\n     \"10.244.0.0/16\"\n    ],\n    \"serviceCidrs\":
        [\n     \"10.0.0.0/16\"\n    ],\n    \"ipFamilies\": [\n     \"IPv4\"\n    ]\n
        \  },\n   \"maxAgentPools\": 100,\n   \"disableLocalAccounts\": false,\n   \"securityProfile\":
        {},\n   \"storageProfile\": {\n    \"diskCSIDriver\": {\n     \"enabled\":
        true\n    },\n    \"fileCSIDriver\": {\n     \"enabled\": true\n    },\n    \"snapshotController\":
        {\n     \"enabled\": true\n    }\n   }\n  },\n  \"sku\": {\n   \"name\": \"Basic\",\n
        \  \"tier\": \"Free\"\n  }\n }"
    headers:
      cache-control:
      - no-cache
      content-length:
      - '2965'
      content-type:
      - application/json
      date:
      - Mon, 25 Jul 2022 06:28:34 GMT
      expires:
      - '-1'
      pragma:
      - no-cache
      server:
      - nginx
      strict-transport-security:
      - max-age=31536000; includeSubDomains
      transfer-encoding:
      - chunked
      vary:
      - Accept-Encoding
      x-content-type-options:
      - nosniff
    status:
      code: 200
      message: OK
- request:
    body: null
    headers:
      Accept:
      - application/json
      Accept-Encoding:
      - gzip, deflate
      CommandName:
      - aks wait
      Connection:
      - keep-alive
      ParameterSetName:
      - -g -n --created
      User-Agent:
      - AZURECLI/2.38.0 azsdk-python-azure-mgmt-containerservice/20.2.0 Python/3.8.10
        (Linux-5.15.0-1014-azure-x86_64-with-glibc2.29)
    method: GET
    uri: https://management.azure.com/subscriptions/00000000-0000-0000-0000-000000000000/resourceGroups/clitest000001/providers/Microsoft.ContainerService/managedClusters/cliakstest000001?api-version=2022-06-01
  response:
    body:
      string: "{\n  \"id\": \"/subscriptions/00000000-0000-0000-0000-000000000000/resourcegroups/clitest000001/providers/Microsoft.ContainerService/managedClusters/cliakstest000001\",\n
        \ \"location\": \"westus2\",\n  \"name\": \"cliakstest000001\",\n  \"type\":
        \"Microsoft.ContainerService/ManagedClusters\",\n  \"properties\": {\n   \"provisioningState\":
        \"Creating\",\n   \"powerState\": {\n    \"code\": \"Running\"\n   },\n   \"kubernetesVersion\":
        \"1.22.11\",\n   \"currentKubernetesVersion\": \"1.22.11\",\n   \"dnsPrefix\":
        \"cliaksdns000002\",\n   \"fqdn\": \"cliaksdns000002-d357e7bc.hcp.westus2.azmk8s.io\",\n
        \  \"azurePortalFQDN\": \"cliaksdns000002-d357e7bc.portal.hcp.westus2.azmk8s.io\",\n
        \  \"agentPoolProfiles\": [\n    {\n     \"name\": \"nodepool1\",\n     \"count\":
        1,\n     \"vmSize\": \"Standard_DS2_v2\",\n     \"osDiskSizeGB\": 128,\n     \"osDiskType\":
        \"Managed\",\n     \"kubeletDiskType\": \"OS\",\n     \"maxPods\": 110,\n
        \    \"type\": \"VirtualMachineScaleSets\",\n     \"enableAutoScaling\": false,\n
        \    \"provisioningState\": \"Creating\",\n     \"powerState\": {\n      \"code\":
        \"Running\"\n     },\n     \"orchestratorVersion\": \"1.22.11\",\n     \"currentOrchestratorVersion\":
        \"1.22.11\",\n     \"enableNodePublicIP\": false,\n     \"mode\": \"System\",\n
        \    \"enableEncryptionAtHost\": false,\n     \"enableUltraSSD\": false,\n
        \    \"osType\": \"Linux\",\n     \"osSKU\": \"Ubuntu\",\n     \"nodeImageVersion\":
        \"AKSUbuntu-1804gen2containerd-2022.07.04\",\n     \"upgradeSettings\": {},\n
        \    \"enableFIPS\": false\n    }\n   ],\n   \"linuxProfile\": {\n    \"adminUsername\":
        \"azureuser\",\n    \"ssh\": {\n     \"publicKeys\": [\n      {\n       \"keyData\":
        \"ssh-rsa AAAAB3NzaC1yc2EAAAADAQABAAABAQDBl2c+b7bD+BIdYP9Oy6t6Bw6F+kOuHoidX0nkbAS1Z4NLdvcpPz6fm6Emm9yE6o4sTZLmcQSW7vh8UyFeNwCb+YMi/AJj+3Zzc1/3tedcZc8FpxlmiNx3HrW88ufXNaDVH9JBwBosoZzQdEmZczxdo8/FSxP28gPKscnCJJ5bS+Gz35FJYTZ4k5Rb8mvifWYtw5txrVSBe6Gi6mql3XzBE17C3aVuRjksOSRbpWczmZfF1FjqsuC90vOS2stUOq70ISMA+/austV7gY03BJUIoepNlv0jqce5s3/x14/lokvwa27ZiGeDRK8WoR6xo6ZPXuBL4S9Rx8UAgN5T8/5b
        azcli_aks_live_test@example.com\\n\"\n      }\n     ]\n    }\n   },\n   \"servicePrincipalProfile\":
        {\n    \"clientId\":\"00000000-0000-0000-0000-000000000001\"\n   },\n   \"nodeResourceGroup\":
        \"MC_clitest000001_cliakstest000001_westus2\",\n   \"enableRBAC\": true,\n
        \  \"networkProfile\": {\n    \"networkPlugin\": \"kubenet\",\n    \"loadBalancerSku\":
        \"standard\",\n    \"loadBalancerProfile\": {\n     \"managedOutboundIPs\":
        {\n      \"count\": 1\n     },\n     \"effectiveOutboundIPs\": [\n      {\n
        \      \"id\": \"/subscriptions/00000000-0000-0000-0000-000000000000/resourceGroups/MC_clitest000001_cliakstest000001_westus2/providers/Microsoft.Network/publicIPAddresses/578608d5-b640-49d9-9edc-913b9151b79b\"\n
        \     }\n     ]\n    },\n    \"podCidr\": \"10.244.0.0/16\",\n    \"serviceCidr\":
        \"10.0.0.0/16\",\n    \"dnsServiceIP\": \"10.0.0.10\",\n    \"dockerBridgeCidr\":
        \"172.17.0.1/16\",\n    \"outboundType\": \"loadBalancer\",\n    \"podCidrs\":
        [\n     \"10.244.0.0/16\"\n    ],\n    \"serviceCidrs\": [\n     \"10.0.0.0/16\"\n
        \   ],\n    \"ipFamilies\": [\n     \"IPv4\"\n    ]\n   },\n   \"maxAgentPools\":
        100,\n   \"disableLocalAccounts\": false,\n   \"securityProfile\": {},\n   \"storageProfile\":
        {\n    \"diskCSIDriver\": {\n     \"enabled\": true\n    },\n    \"fileCSIDriver\":
        {\n     \"enabled\": true\n    },\n    \"snapshotController\": {\n     \"enabled\":
        true\n    }\n   }\n  },\n  \"sku\": {\n   \"name\": \"Basic\",\n   \"tier\":
        \"Free\"\n  }\n }"
    headers:
      cache-control:
      - no-cache
      content-length:
      - '3227'
      content-type:
      - application/json
      date:
      - Mon, 25 Jul 2022 06:29:05 GMT
      expires:
      - '-1'
      pragma:
      - no-cache
      server:
      - nginx
      strict-transport-security:
      - max-age=31536000; includeSubDomains
      transfer-encoding:
      - chunked
      vary:
      - Accept-Encoding
      x-content-type-options:
      - nosniff
    status:
      code: 200
      message: OK
- request:
    body: null
    headers:
      Accept:
      - application/json
      Accept-Encoding:
      - gzip, deflate
      CommandName:
      - aks wait
      Connection:
      - keep-alive
      ParameterSetName:
      - -g -n --created
      User-Agent:
      - AZURECLI/2.38.0 azsdk-python-azure-mgmt-containerservice/20.2.0 Python/3.8.10
        (Linux-5.15.0-1014-azure-x86_64-with-glibc2.29)
    method: GET
    uri: https://management.azure.com/subscriptions/00000000-0000-0000-0000-000000000000/resourceGroups/clitest000001/providers/Microsoft.ContainerService/managedClusters/cliakstest000001?api-version=2022-06-01
  response:
    body:
      string: "{\n  \"id\": \"/subscriptions/00000000-0000-0000-0000-000000000000/resourcegroups/clitest000001/providers/Microsoft.ContainerService/managedClusters/cliakstest000001\",\n
        \ \"location\": \"westus2\",\n  \"name\": \"cliakstest000001\",\n  \"type\":
        \"Microsoft.ContainerService/ManagedClusters\",\n  \"properties\": {\n   \"provisioningState\":
        \"Creating\",\n   \"powerState\": {\n    \"code\": \"Running\"\n   },\n   \"kubernetesVersion\":
        \"1.22.11\",\n   \"currentKubernetesVersion\": \"1.22.11\",\n   \"dnsPrefix\":
        \"cliaksdns000002\",\n   \"fqdn\": \"cliaksdns000002-d357e7bc.hcp.westus2.azmk8s.io\",\n
        \  \"azurePortalFQDN\": \"cliaksdns000002-d357e7bc.portal.hcp.westus2.azmk8s.io\",\n
        \  \"agentPoolProfiles\": [\n    {\n     \"name\": \"nodepool1\",\n     \"count\":
        1,\n     \"vmSize\": \"Standard_DS2_v2\",\n     \"osDiskSizeGB\": 128,\n     \"osDiskType\":
        \"Managed\",\n     \"kubeletDiskType\": \"OS\",\n     \"maxPods\": 110,\n
        \    \"type\": \"VirtualMachineScaleSets\",\n     \"enableAutoScaling\": false,\n
        \    \"provisioningState\": \"Creating\",\n     \"powerState\": {\n      \"code\":
        \"Running\"\n     },\n     \"orchestratorVersion\": \"1.22.11\",\n     \"currentOrchestratorVersion\":
        \"1.22.11\",\n     \"enableNodePublicIP\": false,\n     \"mode\": \"System\",\n
        \    \"enableEncryptionAtHost\": false,\n     \"enableUltraSSD\": false,\n
        \    \"osType\": \"Linux\",\n     \"osSKU\": \"Ubuntu\",\n     \"nodeImageVersion\":
        \"AKSUbuntu-1804gen2containerd-2022.07.04\",\n     \"upgradeSettings\": {},\n
        \    \"enableFIPS\": false\n    }\n   ],\n   \"linuxProfile\": {\n    \"adminUsername\":
        \"azureuser\",\n    \"ssh\": {\n     \"publicKeys\": [\n      {\n       \"keyData\":
        \"ssh-rsa AAAAB3NzaC1yc2EAAAADAQABAAABAQDBl2c+b7bD+BIdYP9Oy6t6Bw6F+kOuHoidX0nkbAS1Z4NLdvcpPz6fm6Emm9yE6o4sTZLmcQSW7vh8UyFeNwCb+YMi/AJj+3Zzc1/3tedcZc8FpxlmiNx3HrW88ufXNaDVH9JBwBosoZzQdEmZczxdo8/FSxP28gPKscnCJJ5bS+Gz35FJYTZ4k5Rb8mvifWYtw5txrVSBe6Gi6mql3XzBE17C3aVuRjksOSRbpWczmZfF1FjqsuC90vOS2stUOq70ISMA+/austV7gY03BJUIoepNlv0jqce5s3/x14/lokvwa27ZiGeDRK8WoR6xo6ZPXuBL4S9Rx8UAgN5T8/5b
        azcli_aks_live_test@example.com\\n\"\n      }\n     ]\n    }\n   },\n   \"servicePrincipalProfile\":
        {\n    \"clientId\":\"00000000-0000-0000-0000-000000000001\"\n   },\n   \"nodeResourceGroup\":
        \"MC_clitest000001_cliakstest000001_westus2\",\n   \"enableRBAC\": true,\n
        \  \"networkProfile\": {\n    \"networkPlugin\": \"kubenet\",\n    \"loadBalancerSku\":
        \"standard\",\n    \"loadBalancerProfile\": {\n     \"managedOutboundIPs\":
        {\n      \"count\": 1\n     },\n     \"effectiveOutboundIPs\": [\n      {\n
        \      \"id\": \"/subscriptions/00000000-0000-0000-0000-000000000000/resourceGroups/MC_clitest000001_cliakstest000001_westus2/providers/Microsoft.Network/publicIPAddresses/578608d5-b640-49d9-9edc-913b9151b79b\"\n
        \     }\n     ]\n    },\n    \"podCidr\": \"10.244.0.0/16\",\n    \"serviceCidr\":
        \"10.0.0.0/16\",\n    \"dnsServiceIP\": \"10.0.0.10\",\n    \"dockerBridgeCidr\":
        \"172.17.0.1/16\",\n    \"outboundType\": \"loadBalancer\",\n    \"podCidrs\":
        [\n     \"10.244.0.0/16\"\n    ],\n    \"serviceCidrs\": [\n     \"10.0.0.0/16\"\n
        \   ],\n    \"ipFamilies\": [\n     \"IPv4\"\n    ]\n   },\n   \"maxAgentPools\":
        100,\n   \"disableLocalAccounts\": false,\n   \"securityProfile\": {},\n   \"storageProfile\":
        {\n    \"diskCSIDriver\": {\n     \"enabled\": true\n    },\n    \"fileCSIDriver\":
        {\n     \"enabled\": true\n    },\n    \"snapshotController\": {\n     \"enabled\":
        true\n    }\n   }\n  },\n  \"sku\": {\n   \"name\": \"Basic\",\n   \"tier\":
        \"Free\"\n  }\n }"
    headers:
      cache-control:
      - no-cache
      content-length:
      - '3227'
      content-type:
      - application/json
      date:
      - Mon, 25 Jul 2022 06:29:35 GMT
      expires:
      - '-1'
      pragma:
      - no-cache
      server:
      - nginx
      strict-transport-security:
      - max-age=31536000; includeSubDomains
      transfer-encoding:
      - chunked
      vary:
      - Accept-Encoding
      x-content-type-options:
      - nosniff
    status:
      code: 200
      message: OK
- request:
    body: null
    headers:
      Accept:
      - application/json
      Accept-Encoding:
      - gzip, deflate
      CommandName:
      - aks wait
      Connection:
      - keep-alive
      ParameterSetName:
      - -g -n --created
      User-Agent:
      - AZURECLI/2.38.0 azsdk-python-azure-mgmt-containerservice/20.2.0 Python/3.8.10
        (Linux-5.15.0-1014-azure-x86_64-with-glibc2.29)
    method: GET
    uri: https://management.azure.com/subscriptions/00000000-0000-0000-0000-000000000000/resourceGroups/clitest000001/providers/Microsoft.ContainerService/managedClusters/cliakstest000001?api-version=2022-06-01
  response:
    body:
      string: "{\n  \"id\": \"/subscriptions/00000000-0000-0000-0000-000000000000/resourcegroups/clitest000001/providers/Microsoft.ContainerService/managedClusters/cliakstest000001\",\n
        \ \"location\": \"westus2\",\n  \"name\": \"cliakstest000001\",\n  \"type\":
        \"Microsoft.ContainerService/ManagedClusters\",\n  \"properties\": {\n   \"provisioningState\":
        \"Creating\",\n   \"powerState\": {\n    \"code\": \"Running\"\n   },\n   \"kubernetesVersion\":
        \"1.22.11\",\n   \"currentKubernetesVersion\": \"1.22.11\",\n   \"dnsPrefix\":
        \"cliaksdns000002\",\n   \"fqdn\": \"cliaksdns000002-d357e7bc.hcp.westus2.azmk8s.io\",\n
        \  \"azurePortalFQDN\": \"cliaksdns000002-d357e7bc.portal.hcp.westus2.azmk8s.io\",\n
        \  \"agentPoolProfiles\": [\n    {\n     \"name\": \"nodepool1\",\n     \"count\":
        1,\n     \"vmSize\": \"Standard_DS2_v2\",\n     \"osDiskSizeGB\": 128,\n     \"osDiskType\":
        \"Managed\",\n     \"kubeletDiskType\": \"OS\",\n     \"maxPods\": 110,\n
        \    \"type\": \"VirtualMachineScaleSets\",\n     \"enableAutoScaling\": false,\n
        \    \"provisioningState\": \"Creating\",\n     \"powerState\": {\n      \"code\":
        \"Running\"\n     },\n     \"orchestratorVersion\": \"1.22.11\",\n     \"currentOrchestratorVersion\":
        \"1.22.11\",\n     \"enableNodePublicIP\": false,\n     \"mode\": \"System\",\n
        \    \"enableEncryptionAtHost\": false,\n     \"enableUltraSSD\": false,\n
        \    \"osType\": \"Linux\",\n     \"osSKU\": \"Ubuntu\",\n     \"nodeImageVersion\":
        \"AKSUbuntu-1804gen2containerd-2022.07.04\",\n     \"upgradeSettings\": {},\n
        \    \"enableFIPS\": false\n    }\n   ],\n   \"linuxProfile\": {\n    \"adminUsername\":
        \"azureuser\",\n    \"ssh\": {\n     \"publicKeys\": [\n      {\n       \"keyData\":
        \"ssh-rsa AAAAB3NzaC1yc2EAAAADAQABAAABAQDBl2c+b7bD+BIdYP9Oy6t6Bw6F+kOuHoidX0nkbAS1Z4NLdvcpPz6fm6Emm9yE6o4sTZLmcQSW7vh8UyFeNwCb+YMi/AJj+3Zzc1/3tedcZc8FpxlmiNx3HrW88ufXNaDVH9JBwBosoZzQdEmZczxdo8/FSxP28gPKscnCJJ5bS+Gz35FJYTZ4k5Rb8mvifWYtw5txrVSBe6Gi6mql3XzBE17C3aVuRjksOSRbpWczmZfF1FjqsuC90vOS2stUOq70ISMA+/austV7gY03BJUIoepNlv0jqce5s3/x14/lokvwa27ZiGeDRK8WoR6xo6ZPXuBL4S9Rx8UAgN5T8/5b
        azcli_aks_live_test@example.com\\n\"\n      }\n     ]\n    }\n   },\n   \"servicePrincipalProfile\":
        {\n    \"clientId\":\"00000000-0000-0000-0000-000000000001\"\n   },\n   \"nodeResourceGroup\":
        \"MC_clitest000001_cliakstest000001_westus2\",\n   \"enableRBAC\": true,\n
        \  \"networkProfile\": {\n    \"networkPlugin\": \"kubenet\",\n    \"loadBalancerSku\":
        \"standard\",\n    \"loadBalancerProfile\": {\n     \"managedOutboundIPs\":
        {\n      \"count\": 1\n     },\n     \"effectiveOutboundIPs\": [\n      {\n
        \      \"id\": \"/subscriptions/00000000-0000-0000-0000-000000000000/resourceGroups/MC_clitest000001_cliakstest000001_westus2/providers/Microsoft.Network/publicIPAddresses/578608d5-b640-49d9-9edc-913b9151b79b\"\n
        \     }\n     ]\n    },\n    \"podCidr\": \"10.244.0.0/16\",\n    \"serviceCidr\":
        \"10.0.0.0/16\",\n    \"dnsServiceIP\": \"10.0.0.10\",\n    \"dockerBridgeCidr\":
        \"172.17.0.1/16\",\n    \"outboundType\": \"loadBalancer\",\n    \"podCidrs\":
        [\n     \"10.244.0.0/16\"\n    ],\n    \"serviceCidrs\": [\n     \"10.0.0.0/16\"\n
        \   ],\n    \"ipFamilies\": [\n     \"IPv4\"\n    ]\n   },\n   \"maxAgentPools\":
        100,\n   \"disableLocalAccounts\": false,\n   \"securityProfile\": {},\n   \"storageProfile\":
        {\n    \"diskCSIDriver\": {\n     \"enabled\": true\n    },\n    \"fileCSIDriver\":
        {\n     \"enabled\": true\n    },\n    \"snapshotController\": {\n     \"enabled\":
        true\n    }\n   }\n  },\n  \"sku\": {\n   \"name\": \"Basic\",\n   \"tier\":
        \"Free\"\n  }\n }"
    headers:
      cache-control:
      - no-cache
      content-length:
      - '3227'
      content-type:
      - application/json
      date:
      - Mon, 25 Jul 2022 06:30:06 GMT
      expires:
      - '-1'
      pragma:
      - no-cache
      server:
      - nginx
      strict-transport-security:
      - max-age=31536000; includeSubDomains
      transfer-encoding:
      - chunked
      vary:
      - Accept-Encoding
      x-content-type-options:
      - nosniff
    status:
      code: 200
      message: OK
- request:
    body: null
    headers:
      Accept:
      - application/json
      Accept-Encoding:
      - gzip, deflate
      CommandName:
      - aks wait
      Connection:
      - keep-alive
      ParameterSetName:
      - -g -n --created
      User-Agent:
      - AZURECLI/2.38.0 azsdk-python-azure-mgmt-containerservice/20.2.0 Python/3.8.10
        (Linux-5.15.0-1014-azure-x86_64-with-glibc2.29)
    method: GET
    uri: https://management.azure.com/subscriptions/00000000-0000-0000-0000-000000000000/resourceGroups/clitest000001/providers/Microsoft.ContainerService/managedClusters/cliakstest000001?api-version=2022-06-01
  response:
    body:
      string: "{\n  \"id\": \"/subscriptions/00000000-0000-0000-0000-000000000000/resourcegroups/clitest000001/providers/Microsoft.ContainerService/managedClusters/cliakstest000001\",\n
        \ \"location\": \"westus2\",\n  \"name\": \"cliakstest000001\",\n  \"type\":
        \"Microsoft.ContainerService/ManagedClusters\",\n  \"properties\": {\n   \"provisioningState\":
        \"Creating\",\n   \"powerState\": {\n    \"code\": \"Running\"\n   },\n   \"kubernetesVersion\":
        \"1.22.11\",\n   \"currentKubernetesVersion\": \"1.22.11\",\n   \"dnsPrefix\":
        \"cliaksdns000002\",\n   \"fqdn\": \"cliaksdns000002-d357e7bc.hcp.westus2.azmk8s.io\",\n
        \  \"azurePortalFQDN\": \"cliaksdns000002-d357e7bc.portal.hcp.westus2.azmk8s.io\",\n
        \  \"agentPoolProfiles\": [\n    {\n     \"name\": \"nodepool1\",\n     \"count\":
        1,\n     \"vmSize\": \"Standard_DS2_v2\",\n     \"osDiskSizeGB\": 128,\n     \"osDiskType\":
        \"Managed\",\n     \"kubeletDiskType\": \"OS\",\n     \"maxPods\": 110,\n
        \    \"type\": \"VirtualMachineScaleSets\",\n     \"enableAutoScaling\": false,\n
        \    \"provisioningState\": \"Creating\",\n     \"powerState\": {\n      \"code\":
        \"Running\"\n     },\n     \"orchestratorVersion\": \"1.22.11\",\n     \"currentOrchestratorVersion\":
        \"1.22.11\",\n     \"enableNodePublicIP\": false,\n     \"mode\": \"System\",\n
        \    \"enableEncryptionAtHost\": false,\n     \"enableUltraSSD\": false,\n
        \    \"osType\": \"Linux\",\n     \"osSKU\": \"Ubuntu\",\n     \"nodeImageVersion\":
        \"AKSUbuntu-1804gen2containerd-2022.07.04\",\n     \"upgradeSettings\": {},\n
        \    \"enableFIPS\": false\n    }\n   ],\n   \"linuxProfile\": {\n    \"adminUsername\":
        \"azureuser\",\n    \"ssh\": {\n     \"publicKeys\": [\n      {\n       \"keyData\":
        \"ssh-rsa AAAAB3NzaC1yc2EAAAADAQABAAABAQDBl2c+b7bD+BIdYP9Oy6t6Bw6F+kOuHoidX0nkbAS1Z4NLdvcpPz6fm6Emm9yE6o4sTZLmcQSW7vh8UyFeNwCb+YMi/AJj+3Zzc1/3tedcZc8FpxlmiNx3HrW88ufXNaDVH9JBwBosoZzQdEmZczxdo8/FSxP28gPKscnCJJ5bS+Gz35FJYTZ4k5Rb8mvifWYtw5txrVSBe6Gi6mql3XzBE17C3aVuRjksOSRbpWczmZfF1FjqsuC90vOS2stUOq70ISMA+/austV7gY03BJUIoepNlv0jqce5s3/x14/lokvwa27ZiGeDRK8WoR6xo6ZPXuBL4S9Rx8UAgN5T8/5b
        azcli_aks_live_test@example.com\\n\"\n      }\n     ]\n    }\n   },\n   \"servicePrincipalProfile\":
        {\n    \"clientId\":\"00000000-0000-0000-0000-000000000001\"\n   },\n   \"nodeResourceGroup\":
        \"MC_clitest000001_cliakstest000001_westus2\",\n   \"enableRBAC\": true,\n
        \  \"networkProfile\": {\n    \"networkPlugin\": \"kubenet\",\n    \"loadBalancerSku\":
        \"standard\",\n    \"loadBalancerProfile\": {\n     \"managedOutboundIPs\":
        {\n      \"count\": 1\n     },\n     \"effectiveOutboundIPs\": [\n      {\n
        \      \"id\": \"/subscriptions/00000000-0000-0000-0000-000000000000/resourceGroups/MC_clitest000001_cliakstest000001_westus2/providers/Microsoft.Network/publicIPAddresses/578608d5-b640-49d9-9edc-913b9151b79b\"\n
        \     }\n     ]\n    },\n    \"podCidr\": \"10.244.0.0/16\",\n    \"serviceCidr\":
        \"10.0.0.0/16\",\n    \"dnsServiceIP\": \"10.0.0.10\",\n    \"dockerBridgeCidr\":
        \"172.17.0.1/16\",\n    \"outboundType\": \"loadBalancer\",\n    \"podCidrs\":
        [\n     \"10.244.0.0/16\"\n    ],\n    \"serviceCidrs\": [\n     \"10.0.0.0/16\"\n
        \   ],\n    \"ipFamilies\": [\n     \"IPv4\"\n    ]\n   },\n   \"maxAgentPools\":
        100,\n   \"disableLocalAccounts\": false,\n   \"securityProfile\": {},\n   \"storageProfile\":
        {\n    \"diskCSIDriver\": {\n     \"enabled\": true\n    },\n    \"fileCSIDriver\":
        {\n     \"enabled\": true\n    },\n    \"snapshotController\": {\n     \"enabled\":
        true\n    }\n   }\n  },\n  \"sku\": {\n   \"name\": \"Basic\",\n   \"tier\":
        \"Free\"\n  }\n }"
    headers:
      cache-control:
      - no-cache
      content-length:
      - '3227'
      content-type:
      - application/json
      date:
      - Mon, 25 Jul 2022 06:30:36 GMT
      expires:
      - '-1'
      pragma:
      - no-cache
      server:
      - nginx
      strict-transport-security:
      - max-age=31536000; includeSubDomains
      transfer-encoding:
      - chunked
      vary:
      - Accept-Encoding
      x-content-type-options:
      - nosniff
    status:
      code: 200
      message: OK
- request:
    body: null
    headers:
      Accept:
      - application/json
      Accept-Encoding:
      - gzip, deflate
      CommandName:
      - aks wait
      Connection:
      - keep-alive
      ParameterSetName:
      - -g -n --created
      User-Agent:
      - AZURECLI/2.38.0 azsdk-python-azure-mgmt-containerservice/20.2.0 Python/3.8.10
        (Linux-5.15.0-1014-azure-x86_64-with-glibc2.29)
    method: GET
    uri: https://management.azure.com/subscriptions/00000000-0000-0000-0000-000000000000/resourceGroups/clitest000001/providers/Microsoft.ContainerService/managedClusters/cliakstest000001?api-version=2022-06-01
  response:
    body:
      string: "{\n  \"id\": \"/subscriptions/00000000-0000-0000-0000-000000000000/resourcegroups/clitest000001/providers/Microsoft.ContainerService/managedClusters/cliakstest000001\",\n
        \ \"location\": \"westus2\",\n  \"name\": \"cliakstest000001\",\n  \"type\":
        \"Microsoft.ContainerService/ManagedClusters\",\n  \"properties\": {\n   \"provisioningState\":
        \"Creating\",\n   \"powerState\": {\n    \"code\": \"Running\"\n   },\n   \"kubernetesVersion\":
        \"1.22.11\",\n   \"currentKubernetesVersion\": \"1.22.11\",\n   \"dnsPrefix\":
        \"cliaksdns000002\",\n   \"fqdn\": \"cliaksdns000002-d357e7bc.hcp.westus2.azmk8s.io\",\n
        \  \"azurePortalFQDN\": \"cliaksdns000002-d357e7bc.portal.hcp.westus2.azmk8s.io\",\n
        \  \"agentPoolProfiles\": [\n    {\n     \"name\": \"nodepool1\",\n     \"count\":
        1,\n     \"vmSize\": \"Standard_DS2_v2\",\n     \"osDiskSizeGB\": 128,\n     \"osDiskType\":
        \"Managed\",\n     \"kubeletDiskType\": \"OS\",\n     \"maxPods\": 110,\n
        \    \"type\": \"VirtualMachineScaleSets\",\n     \"enableAutoScaling\": false,\n
        \    \"provisioningState\": \"Creating\",\n     \"powerState\": {\n      \"code\":
        \"Running\"\n     },\n     \"orchestratorVersion\": \"1.22.11\",\n     \"currentOrchestratorVersion\":
        \"1.22.11\",\n     \"enableNodePublicIP\": false,\n     \"mode\": \"System\",\n
        \    \"enableEncryptionAtHost\": false,\n     \"enableUltraSSD\": false,\n
        \    \"osType\": \"Linux\",\n     \"osSKU\": \"Ubuntu\",\n     \"nodeImageVersion\":
        \"AKSUbuntu-1804gen2containerd-2022.07.04\",\n     \"upgradeSettings\": {},\n
        \    \"enableFIPS\": false\n    }\n   ],\n   \"linuxProfile\": {\n    \"adminUsername\":
        \"azureuser\",\n    \"ssh\": {\n     \"publicKeys\": [\n      {\n       \"keyData\":
        \"ssh-rsa AAAAB3NzaC1yc2EAAAADAQABAAABAQDBl2c+b7bD+BIdYP9Oy6t6Bw6F+kOuHoidX0nkbAS1Z4NLdvcpPz6fm6Emm9yE6o4sTZLmcQSW7vh8UyFeNwCb+YMi/AJj+3Zzc1/3tedcZc8FpxlmiNx3HrW88ufXNaDVH9JBwBosoZzQdEmZczxdo8/FSxP28gPKscnCJJ5bS+Gz35FJYTZ4k5Rb8mvifWYtw5txrVSBe6Gi6mql3XzBE17C3aVuRjksOSRbpWczmZfF1FjqsuC90vOS2stUOq70ISMA+/austV7gY03BJUIoepNlv0jqce5s3/x14/lokvwa27ZiGeDRK8WoR6xo6ZPXuBL4S9Rx8UAgN5T8/5b
        azcli_aks_live_test@example.com\\n\"\n      }\n     ]\n    }\n   },\n   \"servicePrincipalProfile\":
        {\n    \"clientId\":\"00000000-0000-0000-0000-000000000001\"\n   },\n   \"nodeResourceGroup\":
        \"MC_clitest000001_cliakstest000001_westus2\",\n   \"enableRBAC\": true,\n
        \  \"networkProfile\": {\n    \"networkPlugin\": \"kubenet\",\n    \"loadBalancerSku\":
        \"standard\",\n    \"loadBalancerProfile\": {\n     \"managedOutboundIPs\":
        {\n      \"count\": 1\n     },\n     \"effectiveOutboundIPs\": [\n      {\n
        \      \"id\": \"/subscriptions/00000000-0000-0000-0000-000000000000/resourceGroups/MC_clitest000001_cliakstest000001_westus2/providers/Microsoft.Network/publicIPAddresses/578608d5-b640-49d9-9edc-913b9151b79b\"\n
        \     }\n     ]\n    },\n    \"podCidr\": \"10.244.0.0/16\",\n    \"serviceCidr\":
        \"10.0.0.0/16\",\n    \"dnsServiceIP\": \"10.0.0.10\",\n    \"dockerBridgeCidr\":
        \"172.17.0.1/16\",\n    \"outboundType\": \"loadBalancer\",\n    \"podCidrs\":
        [\n     \"10.244.0.0/16\"\n    ],\n    \"serviceCidrs\": [\n     \"10.0.0.0/16\"\n
        \   ],\n    \"ipFamilies\": [\n     \"IPv4\"\n    ]\n   },\n   \"maxAgentPools\":
        100,\n   \"disableLocalAccounts\": false,\n   \"securityProfile\": {},\n   \"storageProfile\":
        {\n    \"diskCSIDriver\": {\n     \"enabled\": true\n    },\n    \"fileCSIDriver\":
        {\n     \"enabled\": true\n    },\n    \"snapshotController\": {\n     \"enabled\":
        true\n    }\n   }\n  },\n  \"sku\": {\n   \"name\": \"Basic\",\n   \"tier\":
        \"Free\"\n  }\n }"
    headers:
      cache-control:
      - no-cache
      content-length:
      - '3227'
      content-type:
      - application/json
      date:
      - Mon, 25 Jul 2022 06:31:06 GMT
      expires:
      - '-1'
      pragma:
      - no-cache
      server:
      - nginx
      strict-transport-security:
      - max-age=31536000; includeSubDomains
      transfer-encoding:
      - chunked
      vary:
      - Accept-Encoding
      x-content-type-options:
      - nosniff
    status:
      code: 200
      message: OK
- request:
    body: null
    headers:
      Accept:
      - application/json
      Accept-Encoding:
      - gzip, deflate
      CommandName:
      - aks wait
      Connection:
      - keep-alive
      ParameterSetName:
      - -g -n --created
      User-Agent:
      - AZURECLI/2.38.0 azsdk-python-azure-mgmt-containerservice/20.2.0 Python/3.8.10
        (Linux-5.15.0-1014-azure-x86_64-with-glibc2.29)
    method: GET
    uri: https://management.azure.com/subscriptions/00000000-0000-0000-0000-000000000000/resourceGroups/clitest000001/providers/Microsoft.ContainerService/managedClusters/cliakstest000001?api-version=2022-06-01
  response:
    body:
      string: "{\n  \"id\": \"/subscriptions/00000000-0000-0000-0000-000000000000/resourcegroups/clitest000001/providers/Microsoft.ContainerService/managedClusters/cliakstest000001\",\n
        \ \"location\": \"westus2\",\n  \"name\": \"cliakstest000001\",\n  \"type\":
        \"Microsoft.ContainerService/ManagedClusters\",\n  \"properties\": {\n   \"provisioningState\":
        \"Succeeded\",\n   \"powerState\": {\n    \"code\": \"Running\"\n   },\n   \"kubernetesVersion\":
        \"1.22.11\",\n   \"currentKubernetesVersion\": \"1.22.11\",\n   \"dnsPrefix\":
        \"cliaksdns000002\",\n   \"fqdn\": \"cliaksdns000002-d357e7bc.hcp.westus2.azmk8s.io\",\n
        \  \"azurePortalFQDN\": \"cliaksdns000002-d357e7bc.portal.hcp.westus2.azmk8s.io\",\n
        \  \"agentPoolProfiles\": [\n    {\n     \"name\": \"nodepool1\",\n     \"count\":
        1,\n     \"vmSize\": \"Standard_DS2_v2\",\n     \"osDiskSizeGB\": 128,\n     \"osDiskType\":
        \"Managed\",\n     \"kubeletDiskType\": \"OS\",\n     \"maxPods\": 110,\n
        \    \"type\": \"VirtualMachineScaleSets\",\n     \"enableAutoScaling\": false,\n
        \    \"provisioningState\": \"Succeeded\",\n     \"powerState\": {\n      \"code\":
        \"Running\"\n     },\n     \"orchestratorVersion\": \"1.22.11\",\n     \"currentOrchestratorVersion\":
        \"1.22.11\",\n     \"enableNodePublicIP\": false,\n     \"mode\": \"System\",\n
        \    \"enableEncryptionAtHost\": false,\n     \"enableUltraSSD\": false,\n
        \    \"osType\": \"Linux\",\n     \"osSKU\": \"Ubuntu\",\n     \"nodeImageVersion\":
        \"AKSUbuntu-1804gen2containerd-2022.07.04\",\n     \"upgradeSettings\": {},\n
        \    \"enableFIPS\": false\n    }\n   ],\n   \"linuxProfile\": {\n    \"adminUsername\":
        \"azureuser\",\n    \"ssh\": {\n     \"publicKeys\": [\n      {\n       \"keyData\":
        \"ssh-rsa AAAAB3NzaC1yc2EAAAADAQABAAABAQDBl2c+b7bD+BIdYP9Oy6t6Bw6F+kOuHoidX0nkbAS1Z4NLdvcpPz6fm6Emm9yE6o4sTZLmcQSW7vh8UyFeNwCb+YMi/AJj+3Zzc1/3tedcZc8FpxlmiNx3HrW88ufXNaDVH9JBwBosoZzQdEmZczxdo8/FSxP28gPKscnCJJ5bS+Gz35FJYTZ4k5Rb8mvifWYtw5txrVSBe6Gi6mql3XzBE17C3aVuRjksOSRbpWczmZfF1FjqsuC90vOS2stUOq70ISMA+/austV7gY03BJUIoepNlv0jqce5s3/x14/lokvwa27ZiGeDRK8WoR6xo6ZPXuBL4S9Rx8UAgN5T8/5b
        azcli_aks_live_test@example.com\\n\"\n      }\n     ]\n    }\n   },\n   \"servicePrincipalProfile\":
        {\n    \"clientId\":\"00000000-0000-0000-0000-000000000001\"\n   },\n   \"nodeResourceGroup\":
        \"MC_clitest000001_cliakstest000001_westus2\",\n   \"enableRBAC\": true,\n
        \  \"networkProfile\": {\n    \"networkPlugin\": \"kubenet\",\n    \"loadBalancerSku\":
        \"Standard\",\n    \"loadBalancerProfile\": {\n     \"managedOutboundIPs\":
        {\n      \"count\": 1\n     },\n     \"effectiveOutboundIPs\": [\n      {\n
        \      \"id\": \"/subscriptions/00000000-0000-0000-0000-000000000000/resourceGroups/MC_clitest000001_cliakstest000001_westus2/providers/Microsoft.Network/publicIPAddresses/578608d5-b640-49d9-9edc-913b9151b79b\"\n
        \     }\n     ]\n    },\n    \"podCidr\": \"10.244.0.0/16\",\n    \"serviceCidr\":
        \"10.0.0.0/16\",\n    \"dnsServiceIP\": \"10.0.0.10\",\n    \"dockerBridgeCidr\":
        \"172.17.0.1/16\",\n    \"outboundType\": \"loadBalancer\",\n    \"podCidrs\":
        [\n     \"10.244.0.0/16\"\n    ],\n    \"serviceCidrs\": [\n     \"10.0.0.0/16\"\n
        \   ],\n    \"ipFamilies\": [\n     \"IPv4\"\n    ]\n   },\n   \"maxAgentPools\":
        100,\n   \"disableLocalAccounts\": false,\n   \"securityProfile\": {},\n   \"storageProfile\":
        {\n    \"diskCSIDriver\": {\n     \"enabled\": true\n    },\n    \"fileCSIDriver\":
        {\n     \"enabled\": true\n    },\n    \"snapshotController\": {\n     \"enabled\":
        true\n    }\n   }\n  },\n  \"sku\": {\n   \"name\": \"Basic\",\n   \"tier\":
        \"Free\"\n  }\n }"
    headers:
      cache-control:
      - no-cache
      content-length:
      - '3229'
      content-type:
      - application/json
      date:
      - Mon, 25 Jul 2022 06:31:37 GMT
      expires:
      - '-1'
      pragma:
      - no-cache
      server:
      - nginx
      strict-transport-security:
      - max-age=31536000; includeSubDomains
      transfer-encoding:
      - chunked
      vary:
      - Accept-Encoding
      x-content-type-options:
      - nosniff
    status:
      code: 200
      message: OK
- request:
    body: null
    headers:
      Accept:
      - application/json
      Accept-Encoding:
      - gzip, deflate
      CommandName:
      - aks list
      Connection:
      - keep-alive
      ParameterSetName:
      - -g
      User-Agent:
      - AZURECLI/2.38.0 azsdk-python-azure-mgmt-containerservice/20.2.0 Python/3.8.10
        (Linux-5.15.0-1014-azure-x86_64-with-glibc2.29)
    method: GET
    uri: https://management.azure.com/subscriptions/00000000-0000-0000-0000-000000000000/resourceGroups/clitest000001/providers/Microsoft.ContainerService/managedClusters?api-version=2022-06-01
  response:
    body:
      string: "{\n  \"value\": [\n   {\n    \"id\": \"/subscriptions/00000000-0000-0000-0000-000000000000/resourcegroups/clitest000001/providers/Microsoft.ContainerService/managedClusters/cliakstest000001\",\n
        \   \"location\": \"westus2\",\n    \"name\": \"cliakstest000001\",\n    \"type\":
        \"Microsoft.ContainerService/ManagedClusters\",\n    \"properties\": {\n     \"provisioningState\":
        \"Succeeded\",\n     \"powerState\": {\n      \"code\": \"Running\"\n     },\n
        \    \"kubernetesVersion\": \"1.22.11\",\n     \"currentKubernetesVersion\":
        \"1.22.11\",\n     \"dnsPrefix\": \"cliaksdns000002\",\n     \"fqdn\": \"cliaksdns000002-d357e7bc.hcp.westus2.azmk8s.io\",\n
        \    \"azurePortalFQDN\": \"cliaksdns000002-d357e7bc.portal.hcp.westus2.azmk8s.io\",\n
        \    \"agentPoolProfiles\": [\n      {\n       \"name\": \"nodepool1\",\n
        \      \"count\": 1,\n       \"vmSize\": \"Standard_DS2_v2\",\n       \"osDiskSizeGB\":
        128,\n       \"osDiskType\": \"Managed\",\n       \"kubeletDiskType\": \"OS\",\n
        \      \"maxPods\": 110,\n       \"type\": \"VirtualMachineScaleSets\",\n
        \      \"enableAutoScaling\": false,\n       \"provisioningState\": \"Succeeded\",\n
        \      \"powerState\": {\n        \"code\": \"Running\"\n       },\n       \"orchestratorVersion\":
        \"1.22.11\",\n       \"currentOrchestratorVersion\": \"1.22.11\",\n       \"enableNodePublicIP\":
        false,\n       \"mode\": \"System\",\n       \"enableEncryptionAtHost\": false,\n
        \      \"enableUltraSSD\": false,\n       \"osType\": \"Linux\",\n       \"osSKU\":
        \"Ubuntu\",\n       \"nodeImageVersion\": \"AKSUbuntu-1804gen2containerd-2022.07.04\",\n
        \      \"upgradeSettings\": {},\n       \"enableFIPS\": false\n      }\n     ],\n
        \    \"linuxProfile\": {\n      \"adminUsername\": \"azureuser\",\n      \"ssh\":
        {\n       \"publicKeys\": [\n        {\n         \"keyData\": \"ssh-rsa AAAAB3NzaC1yc2EAAAADAQABAAABAQDBl2c+b7bD+BIdYP9Oy6t6Bw6F+kOuHoidX0nkbAS1Z4NLdvcpPz6fm6Emm9yE6o4sTZLmcQSW7vh8UyFeNwCb+YMi/AJj+3Zzc1/3tedcZc8FpxlmiNx3HrW88ufXNaDVH9JBwBosoZzQdEmZczxdo8/FSxP28gPKscnCJJ5bS+Gz35FJYTZ4k5Rb8mvifWYtw5txrVSBe6Gi6mql3XzBE17C3aVuRjksOSRbpWczmZfF1FjqsuC90vOS2stUOq70ISMA+/austV7gY03BJUIoepNlv0jqce5s3/x14/lokvwa27ZiGeDRK8WoR6xo6ZPXuBL4S9Rx8UAgN5T8/5b
        azcli_aks_live_test@example.com\\n\"\n        }\n       ]\n      }\n     },\n
        \    \"servicePrincipalProfile\": {\n      \"clientId\":\"00000000-0000-0000-0000-000000000001\"\n
        \    },\n     \"nodeResourceGroup\": \"MC_clitest000001_cliakstest000001_westus2\",\n
        \    \"enableRBAC\": true,\n     \"networkProfile\": {\n      \"networkPlugin\":
        \"kubenet\",\n      \"loadBalancerSku\": \"Standard\",\n      \"loadBalancerProfile\":
        {\n       \"managedOutboundIPs\": {\n        \"count\": 1\n       },\n       \"effectiveOutboundIPs\":
        [\n        {\n         \"id\": \"/subscriptions/00000000-0000-0000-0000-000000000000/resourceGroups/MC_clitest000001_cliakstest000001_westus2/providers/Microsoft.Network/publicIPAddresses/578608d5-b640-49d9-9edc-913b9151b79b\"\n
        \       }\n       ]\n      },\n      \"podCidr\": \"10.244.0.0/16\",\n      \"serviceCidr\":
        \"10.0.0.0/16\",\n      \"dnsServiceIP\": \"10.0.0.10\",\n      \"dockerBridgeCidr\":
        \"172.17.0.1/16\",\n      \"outboundType\": \"loadBalancer\",\n      \"podCidrs\":
        [\n       \"10.244.0.0/16\"\n      ],\n      \"serviceCidrs\": [\n       \"10.0.0.0/16\"\n
        \     ],\n      \"ipFamilies\": [\n       \"IPv4\"\n      ]\n     },\n     \"maxAgentPools\":
        100,\n     \"disableLocalAccounts\": false,\n     \"securityProfile\": {},\n
        \    \"storageProfile\": {\n      \"diskCSIDriver\": {\n       \"enabled\":
        true\n      },\n      \"fileCSIDriver\": {\n       \"enabled\": true\n      },\n
        \     \"snapshotController\": {\n       \"enabled\": true\n      }\n     }\n
        \   },\n    \"sku\": {\n     \"name\": \"Basic\",\n     \"tier\": \"Free\"\n
        \   }\n   }\n  ]\n }"
    headers:
      cache-control:
      - no-cache
      content-length:
      - '3464'
      content-type:
      - application/json
      date:
      - Mon, 25 Jul 2022 06:31:37 GMT
      expires:
      - '-1'
      pragma:
      - no-cache
      server:
      - nginx
      strict-transport-security:
      - max-age=31536000; includeSubDomains
      transfer-encoding:
      - chunked
      vary:
      - Accept-Encoding
      x-content-type-options:
      - nosniff
    status:
      code: 200
      message: OK
- request:
    body: null
    headers:
      Accept:
      - application/json
      Accept-Encoding:
      - gzip, deflate
      CommandName:
      - aks list
      Connection:
      - keep-alive
      ParameterSetName:
      - -g -o
      User-Agent:
      - AZURECLI/2.38.0 azsdk-python-azure-mgmt-containerservice/20.2.0 Python/3.8.10
        (Linux-5.15.0-1014-azure-x86_64-with-glibc2.29)
    method: GET
    uri: https://management.azure.com/subscriptions/00000000-0000-0000-0000-000000000000/resourceGroups/clitest000001/providers/Microsoft.ContainerService/managedClusters?api-version=2022-06-01
  response:
    body:
      string: "{\n  \"value\": [\n   {\n    \"id\": \"/subscriptions/00000000-0000-0000-0000-000000000000/resourcegroups/clitest000001/providers/Microsoft.ContainerService/managedClusters/cliakstest000001\",\n
        \   \"location\": \"westus2\",\n    \"name\": \"cliakstest000001\",\n    \"type\":
        \"Microsoft.ContainerService/ManagedClusters\",\n    \"properties\": {\n     \"provisioningState\":
        \"Succeeded\",\n     \"powerState\": {\n      \"code\": \"Running\"\n     },\n
        \    \"kubernetesVersion\": \"1.22.11\",\n     \"currentKubernetesVersion\":
        \"1.22.11\",\n     \"dnsPrefix\": \"cliaksdns000002\",\n     \"fqdn\": \"cliaksdns000002-d357e7bc.hcp.westus2.azmk8s.io\",\n
        \    \"azurePortalFQDN\": \"cliaksdns000002-d357e7bc.portal.hcp.westus2.azmk8s.io\",\n
        \    \"agentPoolProfiles\": [\n      {\n       \"name\": \"nodepool1\",\n
        \      \"count\": 1,\n       \"vmSize\": \"Standard_DS2_v2\",\n       \"osDiskSizeGB\":
        128,\n       \"osDiskType\": \"Managed\",\n       \"kubeletDiskType\": \"OS\",\n
        \      \"maxPods\": 110,\n       \"type\": \"VirtualMachineScaleSets\",\n
        \      \"enableAutoScaling\": false,\n       \"provisioningState\": \"Succeeded\",\n
        \      \"powerState\": {\n        \"code\": \"Running\"\n       },\n       \"orchestratorVersion\":
        \"1.22.11\",\n       \"currentOrchestratorVersion\": \"1.22.11\",\n       \"enableNodePublicIP\":
        false,\n       \"mode\": \"System\",\n       \"enableEncryptionAtHost\": false,\n
        \      \"enableUltraSSD\": false,\n       \"osType\": \"Linux\",\n       \"osSKU\":
        \"Ubuntu\",\n       \"nodeImageVersion\": \"AKSUbuntu-1804gen2containerd-2022.07.04\",\n
        \      \"upgradeSettings\": {},\n       \"enableFIPS\": false\n      }\n     ],\n
        \    \"linuxProfile\": {\n      \"adminUsername\": \"azureuser\",\n      \"ssh\":
        {\n       \"publicKeys\": [\n        {\n         \"keyData\": \"ssh-rsa AAAAB3NzaC1yc2EAAAADAQABAAABAQDBl2c+b7bD+BIdYP9Oy6t6Bw6F+kOuHoidX0nkbAS1Z4NLdvcpPz6fm6Emm9yE6o4sTZLmcQSW7vh8UyFeNwCb+YMi/AJj+3Zzc1/3tedcZc8FpxlmiNx3HrW88ufXNaDVH9JBwBosoZzQdEmZczxdo8/FSxP28gPKscnCJJ5bS+Gz35FJYTZ4k5Rb8mvifWYtw5txrVSBe6Gi6mql3XzBE17C3aVuRjksOSRbpWczmZfF1FjqsuC90vOS2stUOq70ISMA+/austV7gY03BJUIoepNlv0jqce5s3/x14/lokvwa27ZiGeDRK8WoR6xo6ZPXuBL4S9Rx8UAgN5T8/5b
        azcli_aks_live_test@example.com\\n\"\n        }\n       ]\n      }\n     },\n
        \    \"servicePrincipalProfile\": {\n      \"clientId\":\"00000000-0000-0000-0000-000000000001\"\n
        \    },\n     \"nodeResourceGroup\": \"MC_clitest000001_cliakstest000001_westus2\",\n
        \    \"enableRBAC\": true,\n     \"networkProfile\": {\n      \"networkPlugin\":
        \"kubenet\",\n      \"loadBalancerSku\": \"Standard\",\n      \"loadBalancerProfile\":
        {\n       \"managedOutboundIPs\": {\n        \"count\": 1\n       },\n       \"effectiveOutboundIPs\":
        [\n        {\n         \"id\": \"/subscriptions/00000000-0000-0000-0000-000000000000/resourceGroups/MC_clitest000001_cliakstest000001_westus2/providers/Microsoft.Network/publicIPAddresses/578608d5-b640-49d9-9edc-913b9151b79b\"\n
        \       }\n       ]\n      },\n      \"podCidr\": \"10.244.0.0/16\",\n      \"serviceCidr\":
        \"10.0.0.0/16\",\n      \"dnsServiceIP\": \"10.0.0.10\",\n      \"dockerBridgeCidr\":
        \"172.17.0.1/16\",\n      \"outboundType\": \"loadBalancer\",\n      \"podCidrs\":
        [\n       \"10.244.0.0/16\"\n      ],\n      \"serviceCidrs\": [\n       \"10.0.0.0/16\"\n
        \     ],\n      \"ipFamilies\": [\n       \"IPv4\"\n      ]\n     },\n     \"maxAgentPools\":
        100,\n     \"disableLocalAccounts\": false,\n     \"securityProfile\": {},\n
        \    \"storageProfile\": {\n      \"diskCSIDriver\": {\n       \"enabled\":
        true\n      },\n      \"fileCSIDriver\": {\n       \"enabled\": true\n      },\n
        \     \"snapshotController\": {\n       \"enabled\": true\n      }\n     }\n
        \   },\n    \"sku\": {\n     \"name\": \"Basic\",\n     \"tier\": \"Free\"\n
        \   }\n   }\n  ]\n }"
    headers:
      cache-control:
      - no-cache
      content-length:
      - '3464'
      content-type:
      - application/json
      date:
      - Mon, 25 Jul 2022 06:31:38 GMT
      expires:
      - '-1'
      pragma:
      - no-cache
      server:
      - nginx
      strict-transport-security:
      - max-age=31536000; includeSubDomains
      transfer-encoding:
      - chunked
      vary:
      - Accept-Encoding
      x-content-type-options:
      - nosniff
    status:
      code: 200
      message: OK
- request:
    body: null
    headers:
      Accept:
      - application/json
      Accept-Encoding:
      - gzip, deflate
      CommandName:
      - aks show
      Connection:
      - keep-alive
      ParameterSetName:
      - -g -n
      User-Agent:
      - AZURECLI/2.38.0 azsdk-python-azure-mgmt-containerservice/20.2.0 Python/3.8.10
        (Linux-5.15.0-1014-azure-x86_64-with-glibc2.29)
    method: GET
    uri: https://management.azure.com/subscriptions/00000000-0000-0000-0000-000000000000/resourceGroups/clitest000001/providers/Microsoft.ContainerService/managedClusters/cliakstest000001?api-version=2022-06-01
  response:
    body:
      string: "{\n  \"id\": \"/subscriptions/00000000-0000-0000-0000-000000000000/resourcegroups/clitest000001/providers/Microsoft.ContainerService/managedClusters/cliakstest000001\",\n
        \ \"location\": \"westus2\",\n  \"name\": \"cliakstest000001\",\n  \"type\":
        \"Microsoft.ContainerService/ManagedClusters\",\n  \"properties\": {\n   \"provisioningState\":
        \"Succeeded\",\n   \"powerState\": {\n    \"code\": \"Running\"\n   },\n   \"kubernetesVersion\":
        \"1.22.11\",\n   \"currentKubernetesVersion\": \"1.22.11\",\n   \"dnsPrefix\":
        \"cliaksdns000002\",\n   \"fqdn\": \"cliaksdns000002-d357e7bc.hcp.westus2.azmk8s.io\",\n
        \  \"azurePortalFQDN\": \"cliaksdns000002-d357e7bc.portal.hcp.westus2.azmk8s.io\",\n
        \  \"agentPoolProfiles\": [\n    {\n     \"name\": \"nodepool1\",\n     \"count\":
        1,\n     \"vmSize\": \"Standard_DS2_v2\",\n     \"osDiskSizeGB\": 128,\n     \"osDiskType\":
        \"Managed\",\n     \"kubeletDiskType\": \"OS\",\n     \"maxPods\": 110,\n
        \    \"type\": \"VirtualMachineScaleSets\",\n     \"enableAutoScaling\": false,\n
        \    \"provisioningState\": \"Succeeded\",\n     \"powerState\": {\n      \"code\":
        \"Running\"\n     },\n     \"orchestratorVersion\": \"1.22.11\",\n     \"currentOrchestratorVersion\":
        \"1.22.11\",\n     \"enableNodePublicIP\": false,\n     \"mode\": \"System\",\n
        \    \"enableEncryptionAtHost\": false,\n     \"enableUltraSSD\": false,\n
        \    \"osType\": \"Linux\",\n     \"osSKU\": \"Ubuntu\",\n     \"nodeImageVersion\":
        \"AKSUbuntu-1804gen2containerd-2022.07.04\",\n     \"upgradeSettings\": {},\n
        \    \"enableFIPS\": false\n    }\n   ],\n   \"linuxProfile\": {\n    \"adminUsername\":
        \"azureuser\",\n    \"ssh\": {\n     \"publicKeys\": [\n      {\n       \"keyData\":
        \"ssh-rsa AAAAB3NzaC1yc2EAAAADAQABAAABAQDBl2c+b7bD+BIdYP9Oy6t6Bw6F+kOuHoidX0nkbAS1Z4NLdvcpPz6fm6Emm9yE6o4sTZLmcQSW7vh8UyFeNwCb+YMi/AJj+3Zzc1/3tedcZc8FpxlmiNx3HrW88ufXNaDVH9JBwBosoZzQdEmZczxdo8/FSxP28gPKscnCJJ5bS+Gz35FJYTZ4k5Rb8mvifWYtw5txrVSBe6Gi6mql3XzBE17C3aVuRjksOSRbpWczmZfF1FjqsuC90vOS2stUOq70ISMA+/austV7gY03BJUIoepNlv0jqce5s3/x14/lokvwa27ZiGeDRK8WoR6xo6ZPXuBL4S9Rx8UAgN5T8/5b
        azcli_aks_live_test@example.com\\n\"\n      }\n     ]\n    }\n   },\n   \"servicePrincipalProfile\":
        {\n    \"clientId\":\"00000000-0000-0000-0000-000000000001\"\n   },\n   \"nodeResourceGroup\":
        \"MC_clitest000001_cliakstest000001_westus2\",\n   \"enableRBAC\": true,\n
        \  \"networkProfile\": {\n    \"networkPlugin\": \"kubenet\",\n    \"loadBalancerSku\":
        \"Standard\",\n    \"loadBalancerProfile\": {\n     \"managedOutboundIPs\":
        {\n      \"count\": 1\n     },\n     \"effectiveOutboundIPs\": [\n      {\n
        \      \"id\": \"/subscriptions/00000000-0000-0000-0000-000000000000/resourceGroups/MC_clitest000001_cliakstest000001_westus2/providers/Microsoft.Network/publicIPAddresses/578608d5-b640-49d9-9edc-913b9151b79b\"\n
        \     }\n     ]\n    },\n    \"podCidr\": \"10.244.0.0/16\",\n    \"serviceCidr\":
        \"10.0.0.0/16\",\n    \"dnsServiceIP\": \"10.0.0.10\",\n    \"dockerBridgeCidr\":
        \"172.17.0.1/16\",\n    \"outboundType\": \"loadBalancer\",\n    \"podCidrs\":
        [\n     \"10.244.0.0/16\"\n    ],\n    \"serviceCidrs\": [\n     \"10.0.0.0/16\"\n
        \   ],\n    \"ipFamilies\": [\n     \"IPv4\"\n    ]\n   },\n   \"maxAgentPools\":
        100,\n   \"disableLocalAccounts\": false,\n   \"securityProfile\": {},\n   \"storageProfile\":
        {\n    \"diskCSIDriver\": {\n     \"enabled\": true\n    },\n    \"fileCSIDriver\":
        {\n     \"enabled\": true\n    },\n    \"snapshotController\": {\n     \"enabled\":
        true\n    }\n   }\n  },\n  \"sku\": {\n   \"name\": \"Basic\",\n   \"tier\":
        \"Free\"\n  }\n }"
    headers:
      cache-control:
      - no-cache
      content-length:
      - '3229'
      content-type:
      - application/json
      date:
      - Mon, 25 Jul 2022 06:31:38 GMT
      expires:
      - '-1'
      pragma:
      - no-cache
      server:
      - nginx
      strict-transport-security:
      - max-age=31536000; includeSubDomains
      transfer-encoding:
      - chunked
      vary:
      - Accept-Encoding
      x-content-type-options:
      - nosniff
    status:
      code: 200
      message: OK
- request:
    body: null
    headers:
      Accept:
      - application/json
      Accept-Encoding:
      - gzip, deflate
      CommandName:
      - aks get-credentials
      Connection:
      - keep-alive
      Content-Length:
      - '0'
      ParameterSetName:
      - -g -n --file
      User-Agent:
      - AZURECLI/2.38.0 azsdk-python-azure-mgmt-containerservice/20.2.0 Python/3.8.10
        (Linux-5.15.0-1014-azure-x86_64-with-glibc2.29)
    method: POST
    uri: https://management.azure.com/subscriptions/00000000-0000-0000-0000-000000000000/resourceGroups/clitest000001/providers/Microsoft.ContainerService/managedClusters/cliakstest000001/listClusterUserCredential?api-version=2022-06-01
  response:
    body:
      string: "{\n  \"kubeconfigs\": [\n   {\n    \"name\": \"clusterUser\",\n    \"value\":
        \"YXBpVmVyc2lvbjogdjEKY2x1c3RlcnM6Ci0gY2x1c3RlcjoKICAgIGNlcnRpZmljYXRlLWF1dGhvcml0eS1kYXRhOiBMUzB0TFMxQ1JVZEpUaUJEUlZKVVNVWkpRMEZVUlMwdExTMHRDazFKU1VVMlJFTkRRWFJEWjBGM1NVSkJaMGxSV0Vkc2VXNTRlVTlWYkdKaUwzVkdSMnB2YjJKeFZFRk9RbWRyY1docmFVYzVkekJDUVZGelJrRkVRVTRLVFZGemQwTlJXVVJXVVZGRVJYZEthbGxVUVdkR2R6QjVUV3BCTTAxcVZYZE9ha1UwVFdwa1lVZEJPSGxOUkZWNVRVUmplVTVVUVRKTmFtZDVUakZ2ZHdwRVZFVk1UVUZyUjBFeFZVVkJlRTFEV1RKRmQyZG5TV2xOUVRCSFExTnhSMU5KWWpORVVVVkNRVkZWUVVFMFNVTkVkMEYzWjJkSlMwRnZTVU5CVVVOeUNrTndRM1EwYTA1eldVWkVOMUZ0ZW5SdE0zUXZlRGd4V2psQmRXMVljWGs0WkRCdmVGUnlUbUYxZDBsWmQyOW1VbEZqT0dzMWQwSnZka1Y0TkVvMWNub0tRVVE0TkhGeWNVcGFUMDgzYTJjNWRUVmpOMkpMYmtGc1NDOU1OVWxLZUhOUFptdEdWbVJEY1dSRlF5OWtXWEo2WjNST05IQjBlRm92YVhWWlRUVXhjQW94TjJaSlpEUjNNVGR2WlZsTk9IRnhRM05CU2tRMVZXczJUSEJTVm5oTGVHaEpMMGh6TTNaWVlUWmFkRkJPYld0UGIyWXdlVGRvY21reWFGUmlOVzVvQ2pSYVlUWk9WelZPTkV4TFZWbFZaRmMxYVRaNlpESkpZMk5VTW5oVFEzTjVLMVV5V1ZORVNUUTRkMDAzTTNORWRXdE1TV2RXVm1Sd1VsazJhMU5oWm1nS09ETm9RMWR4V25SUWVGTTRZM05YVDJ0VVlYTkdhazVCUVZsNlpuaDFlWGwzYkZaaVVrbFliM041U1hkeVRqQlhjMVJ3WjFsWU1ITkplVnBKVG5ONVVRcFZWRUppWjFFcmRXMTFkVmhJVm1OWGQxWm5UR2RaYWxOUGVFNTNiRWR0UzAxYVJsUkthV1pqYlM5UmJuVndTbkZGWkVVd2REZEpaMlJMZW5WaUwxRnpDbmd4UkVaREt6SmhabHBsU0ZWWFYwdHBkVTEzTVhaVEx6WlhNV1ZMS3pkYVFVeEhjVzFWVldaM1YwUlZNbGcyTlU5YU56bFJLM1pwZURSS04weGxNRlFLTW5rNVJWZFhOR2xXYkRCdGNsWkNZVU5JVlZGMk5UbG5Oa1V4V0RCUFMxQnVjM2wzWkd4bU5GZGtWMFExZW1RM2VXeHFORVEyU0hWMlZtb3hjeTlYVWdwcGVUVjVkR1l5VlM5aFNGQm1OV2RKU3pWSk1HRmxlbHAxZERkT1dHVXlZMlJRVlN0TGMzTjJhMGRKVTNwcFVqRXhjbUZTVjFSS2JpdFZlQ3RNTmxwbkNtOXNTR1JXY0VwaGMzbE1UamxaWW5CWmFsY3hOVFJuZWs5Q2VVTk5Oa3BXVWs4MksxTndZa1kwVDBGTVJuaEtSMEZyU0RJelNqSlFZVGR5VmpNck9IQUthbHAwTDJodFEyaHFiRUVyU0hsM01GbG9NVzlqV0UxSlQxRm5jbmx1YTNkRVNGaFpZemRwUVZCM1NVUkJVVUZDYnpCSmQxRkVRVTlDWjA1V1NGRTRRZ3BCWmpoRlFrRk5RMEZ4VVhkRWQxbEVWbEl3VkVGUlNDOUNRVlYzUVhkRlFpOTZRV1JDWjA1V1NGRTBSVVpuVVZWeFV6SkJaRFpFSzFWVWMweEtOWEozQ2tGQlZsZ3pURGxVUVVwemQwUlJXVXBMYjFwSmFIWmpUa0ZSUlV4Q1VVRkVaMmRKUWtGRVZFUTRXVlJvTm1Oc01FRlVTMHQwZEdGUk1IZ3dXRTR6ZFhVS1JWQnFhMngwYUVaNUwxVlJkRWQ1THpOVmJIUkxWRWhsU1ZsMmNVRmpSaXMzZW1sMGNrVlJaSEJrYldjdlJHbE9iR0o0TW1sVVNtWjBNMmhTTTJJeFJRb3JkWFZhWWpGb1QzVnhTa3hpU0VoMlVEWm5SbXByZG1oRFIyeE1ZVEZEZERsUGVsSndSeTk2YWpOWVVtcHZaRGg2YzNGTmFIcERiVVV6VDFSMGVTOWFDa2w1S3pOaGVYUXpVblZyWml0dk9VZExaVnBNTjJscVFucDFZMDAyZURkeFkyTjFORE5EY0ZCTVRrbEdhSGwxZFVsamFqaFllWEE1WTBWc1FXVnhlR0VLVFVaMksyRXZTM0I2VEZKcFpVSnBTblJwWTJ4U0wwRTRMMjAxYjJaV0t6azRUVXBXSzFWMk4ybEtZa2x5WVU5S1J6VmhNRFZ0YVVscFUyNW9la0ZLTHdwT09HVnhMM0J5UkVWblNGbFpXRzgwZURSYWVIUlNTVlEzVTBNeWNHVjROMVZwU1hObVZUWmhUVEJoWVhSS1JEWnFVMWRYWmtaMVpFSXZjbTgyZFZkeUNqaDZTR1JwT1RObWFVcDJNVVkwV25CNWJTdGxRVkp0YlZodlRGaDVXbXhQZDBkWksyVjBSMFJsY2xscVdub3dUM2cyTVN0d056SnNjR0k1ZDBSc1kyd0tSREIyZEdvcllTdGtjWEF5U3pKeGFDdHVPVzUzU0hacFVVbG5ia1E1WTNaa2NWWmxNRXBGVUZkSmJYTmtXRXRXZWxGeUwzcG9VRk13VTFRcmJVbFViUW8wVTBaYWIySTFNR012TUVrMWExVnRZbGxNYmtsREwxbG9UbGRpY1VwUU1FNVlNbkZIZVdselVtbG1ZbkpDTjJsUlVEZGpXREJUVkZsS1NuUXdaVUZxQ25jeldWUXpWbTAxWldOQ1NXNXdXbGREUkdWRVIwdzRNR3huZUZJclNpdFVTVlUyTlhOd1dYbFBlSGcyUlhWa01ISlJjWEo2U1VRMFNIVjZkVTFMYTNZS1MxVlljVFZTWTJ3emVHeGtkVWhWTUdwbE1ERlVTMDkxWVVkd1VYY3lNWGw1Tm5oUmQyZGtiM1ZrUkVZeVMxVllhMU01ZVRGT2NHSm5VbGN6UXpoRVVnbzVXblpaUzFKd2VGSTFOMVZ5VWtFekNpMHRMUzB0UlU1RUlFTkZVbFJKUmtsRFFWUkZMUzB0TFMwSwogICAgc2VydmVyOiBodHRwczovL2NsaWFrc2Ruc212cmFoNG0tZDM1N2U3YmMuaGNwLndlc3R1czIuYXptazhzLmlvOjQ0MwogIG5hbWU6IGNsaWFrc3Rlc3RnNXFlMmkKY29udGV4dHM6Ci0gY29udGV4dDoKICAgIGNsdXN0ZXI6IGNsaWFrc3Rlc3RnNXFlMmkKICAgIHVzZXI6IGNsdXN0ZXJVc2VyX2NsaXRlc3RnZHZxbzQ0a3diX2NsaWFrc3Rlc3RnNXFlMmkKICBuYW1lOiBjbGlha3N0ZXN0ZzVxZTJpCmN1cnJlbnQtY29udGV4dDogY2xpYWtzdGVzdGc1cWUyaQpraW5kOiBDb25maWcKcHJlZmVyZW5jZXM6IHt9CnVzZXJzOgotIG5hbWU6IGNsdXN0ZXJVc2VyX2NsaXRlc3RnZHZxbzQ0a3diX2NsaWFrc3Rlc3RnNXFlMmkKICB1c2VyOgogICAgY2xpZW50LWNlcnRpZmljYXRlLWRhdGE6IExTMHRMUzFDUlVkSlRpQkRSVkpVU1VaSlEwRlVSUzB0TFMwdENrMUpTVVpJYWtORFFYZGhaMEYzU1VKQlowbFNRVTFWT0ZjMmQwWnZjM1J0V1dOd1RGcERSVVpPTDAxM1JGRlpTa3R2V2tsb2RtTk9RVkZGVEVKUlFYY0tSRlJGVEUxQmEwZEJNVlZGUVhoTlExa3lSWGRJYUdOT1RXcEpkMDU2U1RGTlJGbDRUMFJKTTFkb1kwNU5hbEYzVG5wSk1VMUVXWGxQUkVrelYycEJkd3BOVW1OM1JsRlpSRlpSVVV0RmR6VjZaVmhPTUZwWE1EWmlWMFo2WkVkV2VXTjZSVlpOUWsxSFFURlZSVUY0VFUxaVYwWjZaRWRXZVZreWVIQmFWelV3Q2sxSlNVTkpha0ZPUW1kcmNXaHJhVWM1ZHpCQ1FWRkZSa0ZCVDBOQlp6aEJUVWxKUTBOblMwTkJaMFZCTW5RclpXUjJSa0kzTkhNNVkyRnlPRGxOYUdNS2JVbHlWVkprVldKSlREbE5SbFYyUlRod1pFaFFOR2s1Y0d0WU4wbDFjVzVLY0dnMmVEVkhhVFJCTVhrM1ZETnBORTUyTVdRNGIxWm5kVUk1V0ZCSldRb3hNR2wwZW1aQlIxazBSM2g0U0d0TmVXYzVjM2xHYkRrd05XRnZXRlJOUVZsbmFsQXhjMDlaVmxOVWN6bHRVR3MzY1dWdVEwOWpLMk5NU25kcEwyOWtDbXB6WjJabVFtRnFMMHgwVFRodFJVNUJVSGhaYzB4dmJubDFWbUZhVlhkbFIwbE1Ua0YyUkdGRlNXTXhSM3BFYVNzMGR5dHVaMHBrZEdwVWNHdGtVWFlLVDIwMFFYUXpielFyUWtodWJYWTVaQ3M0YlRCRlpFSkRWMHA2V0VaVU5uUlJVVlEyWTFFeWVXUlBWbGs1VkdwMWNtdFFia2g1YWpCNEswcGtOSEJyTVFwbFYyUkxUM1pNYVRsR05GbDRZV1puTkVwNWVYaDJOV3hxWW14eFRHNW9iVTF2ZDFsa2EycFBjMVJ6Y0ZoWVMwdDNSV3htZEUxa1VEQnNlbGxLTkZKNUNsUTNNSEV6TlRkM2NWUkdXRFF5TTNCak1VZG1WMU13V0hwNFdsSm5TekpyV1dGb1NYTlJabFpCZVRsTE0yaHNVMmd6Y25ORFVUUlpVRkJQYW10QlVuUUtLMDlVTlcxdlQxZG1PRWx0WlRGaldHcDFaRWR1VEVvelJsY3dkM0ZOY0VSVVkyMUxRbGxuY2pWRmIzaFZOa1JDTW1sRlNGWnFORGRNVmpkUmNGWlFOZ3B1UkZneWNEUTJNM1JwY1c1TFRTODNhbTgxYlhCS2Fta3lRblZWYkhodVp6Vm9iSGRZTm5OWGQxSjBaMFozVjFoRk9XTlZVRFY1ZVdoVk5HOHhTR3h6Q25WQ1ZIWlJWMncxUkZkd2Nrc3lkR0pxVTBsTlRuaFhaVzVWZDBOSE0xQnZUbEpWUVdoNVExTkpVM1pwTm1wTFNVZG9OMnh4WkU0M2MyaHdRblkxTDJNS2VsQlllSGhhVEc1S2FUUjNLMnBxTmtad1lTdFFkREJVUm0xRk5ITllWSGt3U2pGNE1WbElObTVXUjJwNFRWZFZUMDAxU0hOWFJEUlZTVVp6YmpWVVpBcE9VbVpRYW5sMGQxTlVRamQzV1ZsWFZFaHFMeTgxVlVOQmQwVkJRV0ZPVjAxR1VYZEVaMWxFVmxJd1VFRlJTQzlDUVZGRVFXZFhaMDFDVFVkQk1WVmtDa3BSVVUxTlFXOUhRME56UjBGUlZVWkNkMDFEVFVGM1IwRXhWV1JGZDBWQ0wzZFJRMDFCUVhkSWQxbEVWbEl3YWtKQ1ozZEdiMEZWY1ZNeVFXUTJSQ3NLVlZSelRFbzFjbmRCUVZaWU0wdzVWRUZLYzNkRVVWbEtTMjlhU1doMlkwNUJVVVZNUWxGQlJHZG5TVUpCUVRSb2NtTjJkVFZ4V2xGRlRGUXlRMDFQZEFwRGVVUmhWVGc0UkRCUFFrdG5Xa1F5UzNnNGRIZHpiMnA0WjBKVWNXRlZPSE50VkdobVdqUkNWVGM0VEhCdGMyeElhR1phUm1aNWJUTkVSM0JvVkdWbkNtOXhaMDVPZDFreGVrNXNOVTk1ZW0xRGFtTnBVbEJ4UW1VNFRYWm5WWFI2VmtsUWJHOVFlR05qUVhkeGVYRlZTbTQ0YkdacGNrUnNka2xCYkRJdk1WTUtjaXRvSzFwSGJVdzBWVUV3VFROWFpFazJUMUpzU0U5SlRXRm9UREZYTUM5MGVYWlBaelZ2YVhWNGVYQllNbFJFVm5SRFFsTXlWMkpUTkVObkswOU1Sd3BGZUc4eVZsZENVRXA0WlN0UWVGZG1XbG80TmtoUmJVa3ZNR3A2ZFRWRmNuZGhSM05RUlZOWmIzSXpjbWwxTlhkMmNUZHpWMjFYY1VwR1VYb3dkbHB0Q21wbmNXNUxRMnhaU0RWeFp6QkJRak5rY21aeWRFTlRlRUZCVjFveU1uaGlWVWxMUldSaWVuY3dielU0TjNSblNuUnBkM0ZwVDFaMmFITTNUVXhMTTFJS2RVWk9ZVkJ5Y1hCWFlUZFhSRlY1U1doTWFGcFhjSGt5WlZZMFRHaGlia3d6VTNaMlFrNHdaV1JUTjNkcGRsQk9iV3hMYkU1S2VEY3pRMmxGTWsxaWFRbzRZMDFXTlhWSlYxazRNRmd2UkhGd1ltbzVTRElyV2t4dGNuWnlhemxZTldwdGJsTlJZM1ZZVEdseFZYUmFVbU01VjJkb05IcFBlSFZxYm05RGFuQldDbVptYUdWaVJscHJUMmR5ZG05alpFWnRTRmRpT0VaVVdGWXhUbkpNU0ZveWRtdDZUVzEyTmxWc05uQjNjWFZDYmxkRlJGUllRME5vUkV4d1ozQnhMMUFLVFdOVlZWQTVSR3RrSzNvMFZ6RlFRVXgxTVVKclpXZHZiMU5oVkZWVlpXRnVRakV3WTA1UVJHeE5kR1ZEY1M5TmNUQXplbmg1TVV0WmFHVTVXVXMzV0FwSVNHVlNhbVpKWm5FemEyOHphVEJPVTNjNWRHOVVOeXRSVEhRMWQzQjVVWFZ2WWxkaVdTOHpWM04wZUVKUGNVVmpiSEV5UVdscE5UbGlRemt6ZERKQkNuQjFhWEo0YlRoeWFFMTBTbXc0V1dOblNHcFNablJhTmdvdExTMHRMVVZPUkNCRFJWSlVTVVpKUTBGVVJTMHRMUzB0Q2c9PQogICAgY2xpZW50LWtleS1kYXRhOiBMUzB0TFMxQ1JVZEpUaUJTVTBFZ1VGSkpWa0ZVUlNCTFJWa3RMUzB0TFFwTlNVbEtTMEZKUWtGQlMwTkJaMFZCTW5RclpXUjJSa0kzTkhNNVkyRnlPRGxOYUdOdFNYSlZVbVJWWWtsTU9VMUdWWFpGT0hCa1NGQTBhVGx3YTFnM0NrbDFjVzVLY0dnMmVEVkhhVFJCTVhrM1ZETnBORTUyTVdRNGIxWm5kVUk1V0ZCSldURXdhWFI2WmtGSFdUUkhlSGhJYTAxNVp6bHplVVpzT1RBMVlXOEtXRlJOUVZsbmFsQXhjMDlaVmxOVWN6bHRVR3MzY1dWdVEwOWpLMk5NU25kcEwyOWthbk5uWm1aQ1lXb3ZUSFJOT0cxRlRrRlFlRmx6VEc5dWVYVldZUXBhVlhkbFIwbE1Ua0YyUkdGRlNXTXhSM3BFYVNzMGR5dHVaMHBrZEdwVWNHdGtVWFpQYlRSQmRETnZOQ3RDU0c1dGRqbGtLemh0TUVWa1FrTlhTbnBZQ2taVU5uUlJVVlEyWTFFeWVXUlBWbGs1VkdwMWNtdFFia2g1YWpCNEswcGtOSEJyTVdWWFpFdFBka3hwT1VZMFdYaGhabWMwU25sNWVIWTFiR3BpYkhFS1RHNW9iVTF2ZDFsa2EycFBjMVJ6Y0ZoWVMwdDNSV3htZEUxa1VEQnNlbGxLTkZKNVZEY3djVE0xTjNkeFZFWllOREl6Y0dNeFIyWlhVekJZZW5oYVVncG5TekpyV1dGb1NYTlJabFpCZVRsTE0yaHNVMmd6Y25ORFVUUlpVRkJQYW10QlVuUXJUMVExYlc5UFYyWTRTVzFsTVdOWWFuVmtSMjVNU2pOR1Z6QjNDbkZOY0VSVVkyMUxRbGxuY2pWRmIzaFZOa1JDTW1sRlNGWnFORGRNVmpkUmNGWlFObTVFV0RKd05EWXpkR2x4Ymt0Tkx6ZHFielZ0Y0VwcWFUSkNkVlVLYkhodVp6Vm9iSGRZTm5OWGQxSjBaMFozVjFoRk9XTlZVRFY1ZVdoVk5HOHhTR3h6ZFVKVWRsRlhiRFZFVjNCeVN6SjBZbXBUU1UxT2VGZGxibFYzUXdwSE0xQnZUbEpWUVdoNVExTkpVM1pwTm1wTFNVZG9OMnh4WkU0M2MyaHdRblkxTDJONlVGaDRlRnBNYmtwcE5IY3JhbW8yUm5CaEsxQjBNRlJHYlVVMENuTllWSGt3U2pGNE1WbElObTVXUjJwNFRWZFZUMDAxU0hOWFJEUlZTVVp6YmpWVVpFNVNabEJxZVhSM1UxUkNOM2RaV1ZkVVNHb3ZMelZWUTBGM1JVRUtRVkZMUTBGblFXOXBTM1JJUzJONmJFOVBjM0pLZEdoeU1rMU9WazlNYVhoTGFFMDFSVVpTWkhsVlpIcERaRTFZUlVKTVdGQlVVMU5PWkZNME1FSndSUW8xVmtzNWJtRkJRVVZoY2pOeE5sTmtRalUzVDA5NFltTmFURll6UVZNeU1qWjBSekJGWlhaRVJVRjJkbE00V1VGdlNtOTBNbXRRV2pWeU1GZGhjakZoQ2pjMlVrSmxTRWwwSzNwblJtWnhWSFpuUTNaUVNWTjVOSEkxZUZSMVptOXBkQ3R4YzNac09EQnpRV0ZDWmxSd1RHMUdORkZPUlU0eVlWRTVWbmxNZFVFS05VOTJkR3BoZVc1SFdHMW1lbXQzTWxwUlprZ3lObkUxTmtGeVRFUnNOSGh1U0M4MllWRTFNRnBSUTFwNFlsRkZZa2xaY3psUVltTktNWGhqYjNwb2FRcFJXVUZuU2lzd0syeE5iVmhIYkc5MVMyZzJVeXRtWjJKSkwyRkZVV295T0VKM2JFTTJhalEyVGt0dWRucDJWa2sxZDI5V2IyaFlieTh3Uld3NFZUUkRDbU5rT1dSalZFSnhOM1pEUmxKa1JtdHZSbXBJUVRSNlFWaE5XSGxoVFhKWE0wWnVkemh3UzBWTUwzVXhVV1JQWkVkelFqbDJlbWszTjIxbFRucERhWElLVkRZeVNXdzRjVkZoZG1GTGEzWmhlREJNU0ZaTVNHZG1UbFpwT1NzeFVtVktUMU5wWWpWdUsxYzRiRVExUlRselRVMW5iV3h4TVRNMFJUQmhORlZoUndvM2VFbHdUSEpsV0RGMWJIUkdiVlpyZVVsRFNIcHViWEo0WkVwbVNUZGFXakk1UTNad016VllXbWRFZEVaM1dHdHJNVWt4TW1sRVdqWTNNRlJTVGxSc0Ntb3pPV28zUXpKd2IzbFlhMk14UVZjelpHbGpabTlRVjJsSVNHTkNOalJ3U25OSmJsbFVXV2czZEZwcWFGQkhUVlZWWlhvMFlXRXJZMEUwUjBkRlYwb0tUVUU0UlRkdmFtOVdPSEZzZWpabVEyMXBlUzh2YldWV2FESTFRbXgwVDNaSFltbDBZMlJ3WmtOR1RXVktVemxXVDFCaVlWcERLMHA1TVdNM05EQTJPQXB4TlRaWk1WVlBTRTlTWXpSR09WTklUSFV2VFVSNVpIcGxjbUZDWWpaTWRtWjJXa2RZTWtGV0x6UTRNa3RKTlUwM1VVdERRVkZGUVRVMUsyUk5TbEozQ2pWd1ZFeHFXR2xZUm1SQ09XcHlPQ3RVY1dselpHcDVabGhYSzFKcVFWbFVTMDAwVUVWSGIyaG9TV05LTWtkVVRWVXZlVWRSVEZkcVpVNUlhVWN4TTFZS2NYQlhOVE5qZDJGMWRVdHZNMmhaVTBsWE5qWXJSeXN3VVVkd0sycEVTRW8yTDFveWF6QTFOVFYzVWs4NWJra3ZaVk5UUVd0VVJuWlJNbWhxY0RaU1ZRcGhPRGROYURkd0sybFJaSEZWU0RVMVFVUlFSRE5HTmxKT1lYUlFXR2RNTkZrMU9HbGFTVmMyYWxwNVVuVmFPSGt2ZG1oaVQxbDVVbnB2V0dFNVVHazRDbTVVVjNCRlYwMDRLeTl1VlVOcVlXYzVhMHN3VUZveWNHeEpkamwzYm1KWlFXeG9lWEJpY1ZaWWNETnNiRkowYTFJeFpFNVZhM2gyV0VWSlEwNVBWMHdLWldwWGRVMVphRWRPY0M5R05FWklUVWR0YzBkVE1UWTBMMjFyU0VWNVRVVk9ibTB3ZFRGS1VXZG5XRk5LUnl0dllWTTJhRWh6YmxWUFZITTJkMEpEZGdwbFdYTlhWamMwYkhWQ1RFUlJkMHREUVZGRlFUaGxhQ3MyTmtsSWNFVXJiM0l2TlZsRFVsWlBPR1IzWWpkMlNGcEhNa3BoTkdKMk1tc3ZSVVZrVVdVMENsQnRXVFZ0UTBKWllrVmFWWGRSYTJ4amRuRmFaSGxvTkZCUVkyRkdjVVJhY0c5YWNVTlhOelZMVjFaUE1WQmhWakpRYjNndlFVWnpaME5SU0dzNFVqY0tRVkJ4TmtKWVFuQkdja2x3T1M5TldEa3JiekZGVUhSa1dtMWFXbXhFU1ROcFEwd3lTMkZHYUROdVRHMXFiR0UwYUd4SlUxaGhhakY2VUVSNmEwNXFSZ296ZG5ZMFRFUk9iVWxpUW5CV2RtTnhRMjlaTkRKS055ODVPWFp4TlZac2FXTkhabGg0UlU5emRFRndabkIyV1RSb1NHbDRUbGxCVEVoalZXWm1hWEpuQ2pGRlR6RldORmhYU1dGc2RHOU5PRkl6YURKVldsb3ZZMXBVTjJ4VE9EZzRjelJQYkN0U01EUk9URnBCVldaRlZsZEZSbmxoWTAwMEwwTkxiMHBsVTA0S1kxaFJkMHRNYkhndlVYVXdXSGdyVjBZMGIxRkhiV3M0U2s5TlZtcHRVQ3R3ZEVsSWNYZDBTVkozUzBOQlVVRkVUbGxpYzBGWFNpOUVNV2w1YjFKVlZ3cDZSV2w0UkZveFJGbGljbWdyU0RCTmQyeHlNVFJoSzNGU1VrTlpXR0ZCVWxGbU1qQTNaRU5YTmxWNlF6Uk5SbVpFZVd4bGVqZEpRMHAzYW05T1kyVTFDa0o1VEc0d1RUVXpaMEl3TDBNck1HNWFNVXBTYUhVNFVsRmtlbkYwV1N0cGVqaENORlZoVkc1bVRWZzNVRkZCV205MmVXVmxabmhvWTJkQlRHTldORWdLWWk4M1pFWnhUaXRwVkd0U1pVa3plV1pIYTJoSFJrWjNjaXRsSzBaTmR6ZzBaM0I1TUNzelZUaHZVSGhFUXpKSkszWnVTbTk0YVZvMVVVSjFjVlF4VkFwRlIyTk1jbE0wVm5VeE4ySTJOamxLZVRWaE9HUjNSVkJLTUV0UVdWVktiMmxUSzBKSVZuZExWVkE1VmxGS1NHRmhWaXN5WXl0bE1ucGlLMWxIUW1SQkNqaHVNaTlYWlV4SFEzVXlVRnBqVTFOWlkyOXFWR0o2YkU1R1NqUjBaVGd2Ym1Vd1NHSkVVMlJKU0ZKRVFsQkVXSGxwV2t0UGRrUjZZMmxZYUVkV1ZsVUtZelEwV2tGdlNVSkJVVU55ZVcwd1pucDVRbGxMYnpOcU9XUTNNVVJIU0ZVeGJtZHlNWGx3VlVSVFVETlFURWRsV0VWSVRFUnRSbXRTZEhCT01ESkxXQW9yWkZwRlp6aGtTbWRRWlhSTVJuTXZRMFZvU20wME9GWmxSVEJxVWl0REx6Wm5Zbmx4S3pZNFpVOXJORk53WVZBMVdWcFJRazg1U2xGalZVeERZM0JJQ21GT2VuWkVXRFpQS3pRNFZqaFVlR2c1VUhSWGFEbGllRFJqYjI5NFJXVndXSEpYYldwaFZtSkdhblZsYzJSa2F6VkNVa1ZZTHpCa1NIQnJaVmx3TXpjS0wweHFRMGh4UzBobFRYZDZOR0UxY21sWmVXeDBWRlkwUmk5aFpHeFhWek5OWTNFNU1tZDBSelJEVFZGdFJUZE5jRWRzTmtGME9VcFFjRUYzYVVsWlNncDJOMVoyZUhJeWMyNUNjaTlzUjJoRGNXdHFVamR0YW5kSWRWTnRTbGczT1hsQ1QycFlWemRKUkhsdkswOHpjR3BpUVZVellUZHBZWGR0VmxVNWJWVm9Dbms0WTJFMmJWb3ZZblpsUTIxbmMzaE5kV0pxUTA1WlYwSXZLMVZGTVRSUVFXOUpRa0ZIVTNSallrWTBhVEZSZDFkTFNuRkdkMDFMVGxaNlIyWkpOeklLVFZWcGNYSkpZMFpFVUZkSFpEVlFRek5sUVdGbWFGa3pSMWxaYURWaGNHOXRNbWhpZEVJMkx6TTNWRk5oTTFOQk9WUlZOMXBKWWxab2VIaFVXbU5yY0FvclJsSnpWR3N6TWxkT2QwZ3pWbUZ3WmpKakwyNUNkMjlrYzBkWlNWVlhPWGMzUWpNMFZXMW1aMDkwZUVGMmFETnJaRVZwWVdZeldXMXhkVzU0WmtwVkNsY3hUbkV4WkRRNVVXUjVNVGhQVTJWTk9XdFlka3hJVTBwdmMwaDVZVmhKVnpkd1VUSkNSV3cyYW14NWIyVTVSRWxtTTFCdmRXMTNOekE1T0dKa2Nub0taekZUUTFaNk1uVmllazlCVG13eU1YQTVObXBPY1hOblV6aHZWelpLYUU5RFIzcG1WVTlMVUVOTFpsUTBiazV1Y1c5RFRFSklTbTR5Ym1GSmNYWktPUXBhUmxsNFVITnJZMWh5Tkdod01YVmhlSEl3TlVWbGVWcFNhV05tYVRkS1NuTjVZVEZqYjNsc1ZHWnNXV0Z6YVVWSGVIZFNhbXRNWTJSNE9EMEtMUzB0TFMxRlRrUWdVbE5CSUZCU1NWWkJWRVVnUzBWWkxTMHRMUzBLCiAgICB0b2tlbjogNDJmMTUwMGUxNTJiODQyNDEwOTE5OTRlMTdkOGM1NTgzZjU5NDE4MzQ3NzU0NjY2NmU5ZDc1MjdjMzgyZGUzM2NiMGZjZmFlZmU0M2JlZmM5NWUwNDYxNTM0Yjk2OTQzZWU2MDllOGRlOGQ1ZmI4ZjczY2JmNmY2ZmMyYzBiYWEK\"\n
        \  }\n  ]\n }"
    headers:
      cache-control:
      - no-cache
      content-length:
      - '13072'
      content-type:
      - application/json
      date:
      - Mon, 25 Jul 2022 06:31:38 GMT
      expires:
      - '-1'
      pragma:
      - no-cache
      server:
      - nginx
      strict-transport-security:
      - max-age=31536000; includeSubDomains
      transfer-encoding:
      - chunked
      vary:
      - Accept-Encoding
      x-content-type-options:
      - nosniff
      x-ms-ratelimit-remaining-subscription-writes:
      - '1199'
    status:
      code: 200
      message: OK
- request:
    body: null
    headers:
      Accept:
      - application/json
      Accept-Encoding:
      - gzip, deflate
      CommandName:
      - aks get-credentials
      Connection:
      - keep-alive
      Content-Length:
      - '0'
      ParameterSetName:
      - -g -n -f
      User-Agent:
      - AZURECLI/2.38.0 azsdk-python-azure-mgmt-containerservice/20.2.0 Python/3.8.10
        (Linux-5.15.0-1014-azure-x86_64-with-glibc2.29)
    method: POST
    uri: https://management.azure.com/subscriptions/00000000-0000-0000-0000-000000000000/resourceGroups/clitest000001/providers/Microsoft.ContainerService/managedClusters/cliakstest000001/listClusterUserCredential?api-version=2022-06-01
  response:
    body:
      string: "{\n  \"kubeconfigs\": [\n   {\n    \"name\": \"clusterUser\",\n    \"value\":
        \"YXBpVmVyc2lvbjogdjEKY2x1c3RlcnM6Ci0gY2x1c3RlcjoKICAgIGNlcnRpZmljYXRlLWF1dGhvcml0eS1kYXRhOiBMUzB0TFMxQ1JVZEpUaUJEUlZKVVNVWkpRMEZVUlMwdExTMHRDazFKU1VVMlJFTkRRWFJEWjBGM1NVSkJaMGxSV0Vkc2VXNTRlVTlWYkdKaUwzVkdSMnB2YjJKeFZFRk9RbWRyY1docmFVYzVkekJDUVZGelJrRkVRVTRLVFZGemQwTlJXVVJXVVZGRVJYZEthbGxVUVdkR2R6QjVUV3BCTTAxcVZYZE9ha1UwVFdwa1lVZEJPSGxOUkZWNVRVUmplVTVVUVRKTmFtZDVUakZ2ZHdwRVZFVk1UVUZyUjBFeFZVVkJlRTFEV1RKRmQyZG5TV2xOUVRCSFExTnhSMU5KWWpORVVVVkNRVkZWUVVFMFNVTkVkMEYzWjJkSlMwRnZTVU5CVVVOeUNrTndRM1EwYTA1eldVWkVOMUZ0ZW5SdE0zUXZlRGd4V2psQmRXMVljWGs0WkRCdmVGUnlUbUYxZDBsWmQyOW1VbEZqT0dzMWQwSnZka1Y0TkVvMWNub0tRVVE0TkhGeWNVcGFUMDgzYTJjNWRUVmpOMkpMYmtGc1NDOU1OVWxLZUhOUFptdEdWbVJEY1dSRlF5OWtXWEo2WjNST05IQjBlRm92YVhWWlRUVXhjQW94TjJaSlpEUjNNVGR2WlZsTk9IRnhRM05CU2tRMVZXczJUSEJTVm5oTGVHaEpMMGh6TTNaWVlUWmFkRkJPYld0UGIyWXdlVGRvY21reWFGUmlOVzVvQ2pSYVlUWk9WelZPTkV4TFZWbFZaRmMxYVRaNlpESkpZMk5VTW5oVFEzTjVLMVV5V1ZORVNUUTRkMDAzTTNORWRXdE1TV2RXVm1Sd1VsazJhMU5oWm1nS09ETm9RMWR4V25SUWVGTTRZM05YVDJ0VVlYTkdhazVCUVZsNlpuaDFlWGwzYkZaaVVrbFliM041U1hkeVRqQlhjMVJ3WjFsWU1ITkplVnBKVG5ONVVRcFZWRUppWjFFcmRXMTFkVmhJVm1OWGQxWm5UR2RaYWxOUGVFNTNiRWR0UzAxYVJsUkthV1pqYlM5UmJuVndTbkZGWkVVd2REZEpaMlJMZW5WaUwxRnpDbmd4UkVaREt6SmhabHBsU0ZWWFYwdHBkVTEzTVhaVEx6WlhNV1ZMS3pkYVFVeEhjVzFWVldaM1YwUlZNbGcyTlU5YU56bFJLM1pwZURSS04weGxNRlFLTW5rNVJWZFhOR2xXYkRCdGNsWkNZVU5JVlZGMk5UbG5Oa1V4V0RCUFMxQnVjM2wzWkd4bU5GZGtWMFExZW1RM2VXeHFORVEyU0hWMlZtb3hjeTlYVWdwcGVUVjVkR1l5VlM5aFNGQm1OV2RKU3pWSk1HRmxlbHAxZERkT1dHVXlZMlJRVlN0TGMzTjJhMGRKVTNwcFVqRXhjbUZTVjFSS2JpdFZlQ3RNTmxwbkNtOXNTR1JXY0VwaGMzbE1UamxaWW5CWmFsY3hOVFJuZWs5Q2VVTk5Oa3BXVWs4MksxTndZa1kwVDBGTVJuaEtSMEZyU0RJelNqSlFZVGR5VmpNck9IQUthbHAwTDJodFEyaHFiRUVyU0hsM01GbG9NVzlqV0UxSlQxRm5jbmx1YTNkRVNGaFpZemRwUVZCM1NVUkJVVUZDYnpCSmQxRkVRVTlDWjA1V1NGRTRRZ3BCWmpoRlFrRk5RMEZ4VVhkRWQxbEVWbEl3VkVGUlNDOUNRVlYzUVhkRlFpOTZRV1JDWjA1V1NGRTBSVVpuVVZWeFV6SkJaRFpFSzFWVWMweEtOWEozQ2tGQlZsZ3pURGxVUVVwemQwUlJXVXBMYjFwSmFIWmpUa0ZSUlV4Q1VVRkVaMmRKUWtGRVZFUTRXVlJvTm1Oc01FRlVTMHQwZEdGUk1IZ3dXRTR6ZFhVS1JWQnFhMngwYUVaNUwxVlJkRWQ1THpOVmJIUkxWRWhsU1ZsMmNVRmpSaXMzZW1sMGNrVlJaSEJrYldjdlJHbE9iR0o0TW1sVVNtWjBNMmhTTTJJeFJRb3JkWFZhWWpGb1QzVnhTa3hpU0VoMlVEWm5SbXByZG1oRFIyeE1ZVEZEZERsUGVsSndSeTk2YWpOWVVtcHZaRGg2YzNGTmFIcERiVVV6VDFSMGVTOWFDa2w1S3pOaGVYUXpVblZyWml0dk9VZExaVnBNTjJscVFucDFZMDAyZURkeFkyTjFORE5EY0ZCTVRrbEdhSGwxZFVsamFqaFllWEE1WTBWc1FXVnhlR0VLVFVaMksyRXZTM0I2VEZKcFpVSnBTblJwWTJ4U0wwRTRMMjAxYjJaV0t6azRUVXBXSzFWMk4ybEtZa2x5WVU5S1J6VmhNRFZ0YVVscFUyNW9la0ZLTHdwT09HVnhMM0J5UkVWblNGbFpXRzgwZURSYWVIUlNTVlEzVTBNeWNHVjROMVZwU1hObVZUWmhUVEJoWVhSS1JEWnFVMWRYWmtaMVpFSXZjbTgyZFZkeUNqaDZTR1JwT1RObWFVcDJNVVkwV25CNWJTdGxRVkp0YlZodlRGaDVXbXhQZDBkWksyVjBSMFJsY2xscVdub3dUM2cyTVN0d056SnNjR0k1ZDBSc1kyd0tSREIyZEdvcllTdGtjWEF5U3pKeGFDdHVPVzUzU0hacFVVbG5ia1E1WTNaa2NWWmxNRXBGVUZkSmJYTmtXRXRXZWxGeUwzcG9VRk13VTFRcmJVbFViUW8wVTBaYWIySTFNR012TUVrMWExVnRZbGxNYmtsREwxbG9UbGRpY1VwUU1FNVlNbkZIZVdselVtbG1ZbkpDTjJsUlVEZGpXREJUVkZsS1NuUXdaVUZxQ25jeldWUXpWbTAxWldOQ1NXNXdXbGREUkdWRVIwdzRNR3huZUZJclNpdFVTVlUyTlhOd1dYbFBlSGcyUlhWa01ISlJjWEo2U1VRMFNIVjZkVTFMYTNZS1MxVlljVFZTWTJ3emVHeGtkVWhWTUdwbE1ERlVTMDkxWVVkd1VYY3lNWGw1Tm5oUmQyZGtiM1ZrUkVZeVMxVllhMU01ZVRGT2NHSm5VbGN6UXpoRVVnbzVXblpaUzFKd2VGSTFOMVZ5VWtFekNpMHRMUzB0UlU1RUlFTkZVbFJKUmtsRFFWUkZMUzB0TFMwSwogICAgc2VydmVyOiBodHRwczovL2NsaWFrc2Ruc212cmFoNG0tZDM1N2U3YmMuaGNwLndlc3R1czIuYXptazhzLmlvOjQ0MwogIG5hbWU6IGNsaWFrc3Rlc3RnNXFlMmkKY29udGV4dHM6Ci0gY29udGV4dDoKICAgIGNsdXN0ZXI6IGNsaWFrc3Rlc3RnNXFlMmkKICAgIHVzZXI6IGNsdXN0ZXJVc2VyX2NsaXRlc3RnZHZxbzQ0a3diX2NsaWFrc3Rlc3RnNXFlMmkKICBuYW1lOiBjbGlha3N0ZXN0ZzVxZTJpCmN1cnJlbnQtY29udGV4dDogY2xpYWtzdGVzdGc1cWUyaQpraW5kOiBDb25maWcKcHJlZmVyZW5jZXM6IHt9CnVzZXJzOgotIG5hbWU6IGNsdXN0ZXJVc2VyX2NsaXRlc3RnZHZxbzQ0a3diX2NsaWFrc3Rlc3RnNXFlMmkKICB1c2VyOgogICAgY2xpZW50LWNlcnRpZmljYXRlLWRhdGE6IExTMHRMUzFDUlVkSlRpQkRSVkpVU1VaSlEwRlVSUzB0TFMwdENrMUpTVVpJYWtORFFYZGhaMEYzU1VKQlowbFNRVTFWT0ZjMmQwWnZjM1J0V1dOd1RGcERSVVpPTDAxM1JGRlpTa3R2V2tsb2RtTk9RVkZGVEVKUlFYY0tSRlJGVEUxQmEwZEJNVlZGUVhoTlExa3lSWGRJYUdOT1RXcEpkMDU2U1RGTlJGbDRUMFJKTTFkb1kwNU5hbEYzVG5wSk1VMUVXWGxQUkVrelYycEJkd3BOVW1OM1JsRlpSRlpSVVV0RmR6VjZaVmhPTUZwWE1EWmlWMFo2WkVkV2VXTjZSVlpOUWsxSFFURlZSVUY0VFUxaVYwWjZaRWRXZVZreWVIQmFWelV3Q2sxSlNVTkpha0ZPUW1kcmNXaHJhVWM1ZHpCQ1FWRkZSa0ZCVDBOQlp6aEJUVWxKUTBOblMwTkJaMFZCTW5RclpXUjJSa0kzTkhNNVkyRnlPRGxOYUdNS2JVbHlWVkprVldKSlREbE5SbFYyUlRod1pFaFFOR2s1Y0d0WU4wbDFjVzVLY0dnMmVEVkhhVFJCTVhrM1ZETnBORTUyTVdRNGIxWm5kVUk1V0ZCSldRb3hNR2wwZW1aQlIxazBSM2g0U0d0TmVXYzVjM2xHYkRrd05XRnZXRlJOUVZsbmFsQXhjMDlaVmxOVWN6bHRVR3MzY1dWdVEwOWpLMk5NU25kcEwyOWtDbXB6WjJabVFtRnFMMHgwVFRodFJVNUJVSGhaYzB4dmJubDFWbUZhVlhkbFIwbE1Ua0YyUkdGRlNXTXhSM3BFYVNzMGR5dHVaMHBrZEdwVWNHdGtVWFlLVDIwMFFYUXpielFyUWtodWJYWTVaQ3M0YlRCRlpFSkRWMHA2V0VaVU5uUlJVVlEyWTFFeWVXUlBWbGs1VkdwMWNtdFFia2g1YWpCNEswcGtOSEJyTVFwbFYyUkxUM1pNYVRsR05GbDRZV1puTkVwNWVYaDJOV3hxWW14eFRHNW9iVTF2ZDFsa2EycFBjMVJ6Y0ZoWVMwdDNSV3htZEUxa1VEQnNlbGxLTkZKNUNsUTNNSEV6TlRkM2NWUkdXRFF5TTNCak1VZG1WMU13V0hwNFdsSm5TekpyV1dGb1NYTlJabFpCZVRsTE0yaHNVMmd6Y25ORFVUUlpVRkJQYW10QlVuUUtLMDlVTlcxdlQxZG1PRWx0WlRGaldHcDFaRWR1VEVvelJsY3dkM0ZOY0VSVVkyMUxRbGxuY2pWRmIzaFZOa1JDTW1sRlNGWnFORGRNVmpkUmNGWlFOZ3B1UkZneWNEUTJNM1JwY1c1TFRTODNhbTgxYlhCS2Fta3lRblZWYkhodVp6Vm9iSGRZTm5OWGQxSjBaMFozVjFoRk9XTlZVRFY1ZVdoVk5HOHhTR3h6Q25WQ1ZIWlJWMncxUkZkd2Nrc3lkR0pxVTBsTlRuaFhaVzVWZDBOSE0xQnZUbEpWUVdoNVExTkpVM1pwTm1wTFNVZG9OMnh4WkU0M2MyaHdRblkxTDJNS2VsQlllSGhhVEc1S2FUUjNLMnBxTmtad1lTdFFkREJVUm0xRk5ITllWSGt3U2pGNE1WbElObTVXUjJwNFRWZFZUMDAxU0hOWFJEUlZTVVp6YmpWVVpBcE9VbVpRYW5sMGQxTlVRamQzV1ZsWFZFaHFMeTgxVlVOQmQwVkJRV0ZPVjAxR1VYZEVaMWxFVmxJd1VFRlJTQzlDUVZGRVFXZFhaMDFDVFVkQk1WVmtDa3BSVVUxTlFXOUhRME56UjBGUlZVWkNkMDFEVFVGM1IwRXhWV1JGZDBWQ0wzZFJRMDFCUVhkSWQxbEVWbEl3YWtKQ1ozZEdiMEZWY1ZNeVFXUTJSQ3NLVlZSelRFbzFjbmRCUVZaWU0wdzVWRUZLYzNkRVVWbEtTMjlhU1doMlkwNUJVVVZNUWxGQlJHZG5TVUpCUVRSb2NtTjJkVFZ4V2xGRlRGUXlRMDFQZEFwRGVVUmhWVGc0UkRCUFFrdG5Xa1F5UzNnNGRIZHpiMnA0WjBKVWNXRlZPSE50VkdobVdqUkNWVGM0VEhCdGMyeElhR1phUm1aNWJUTkVSM0JvVkdWbkNtOXhaMDVPZDFreGVrNXNOVTk1ZW0xRGFtTnBVbEJ4UW1VNFRYWm5WWFI2VmtsUWJHOVFlR05qUVhkeGVYRlZTbTQ0YkdacGNrUnNka2xCYkRJdk1WTUtjaXRvSzFwSGJVdzBWVUV3VFROWFpFazJUMUpzU0U5SlRXRm9UREZYTUM5MGVYWlBaelZ2YVhWNGVYQllNbFJFVm5SRFFsTXlWMkpUTkVObkswOU1Sd3BGZUc4eVZsZENVRXA0WlN0UWVGZG1XbG80TmtoUmJVa3ZNR3A2ZFRWRmNuZGhSM05RUlZOWmIzSXpjbWwxTlhkMmNUZHpWMjFYY1VwR1VYb3dkbHB0Q21wbmNXNUxRMnhaU0RWeFp6QkJRak5rY21aeWRFTlRlRUZCVjFveU1uaGlWVWxMUldSaWVuY3dielU0TjNSblNuUnBkM0ZwVDFaMmFITTNUVXhMTTFJS2RVWk9ZVkJ5Y1hCWFlUZFhSRlY1U1doTWFGcFhjSGt5WlZZMFRHaGlia3d6VTNaMlFrNHdaV1JUTjNkcGRsQk9iV3hMYkU1S2VEY3pRMmxGTWsxaWFRbzRZMDFXTlhWSlYxazRNRmd2UkhGd1ltbzVTRElyV2t4dGNuWnlhemxZTldwdGJsTlJZM1ZZVEdseFZYUmFVbU01VjJkb05IcFBlSFZxYm05RGFuQldDbVptYUdWaVJscHJUMmR5ZG05alpFWnRTRmRpT0VaVVdGWXhUbkpNU0ZveWRtdDZUVzEyTmxWc05uQjNjWFZDYmxkRlJGUllRME5vUkV4d1ozQnhMMUFLVFdOVlZWQTVSR3RrSzNvMFZ6RlFRVXgxTVVKclpXZHZiMU5oVkZWVlpXRnVRakV3WTA1UVJHeE5kR1ZEY1M5TmNUQXplbmg1TVV0WmFHVTVXVXMzV0FwSVNHVlNhbVpKWm5FemEyOHphVEJPVTNjNWRHOVVOeXRSVEhRMWQzQjVVWFZ2WWxkaVdTOHpWM04wZUVKUGNVVmpiSEV5UVdscE5UbGlRemt6ZERKQkNuQjFhWEo0YlRoeWFFMTBTbXc0V1dOblNHcFNablJhTmdvdExTMHRMVVZPUkNCRFJWSlVTVVpKUTBGVVJTMHRMUzB0Q2c9PQogICAgY2xpZW50LWtleS1kYXRhOiBMUzB0TFMxQ1JVZEpUaUJTVTBFZ1VGSkpWa0ZVUlNCTFJWa3RMUzB0TFFwTlNVbEtTMEZKUWtGQlMwTkJaMFZCTW5RclpXUjJSa0kzTkhNNVkyRnlPRGxOYUdOdFNYSlZVbVJWWWtsTU9VMUdWWFpGT0hCa1NGQTBhVGx3YTFnM0NrbDFjVzVLY0dnMmVEVkhhVFJCTVhrM1ZETnBORTUyTVdRNGIxWm5kVUk1V0ZCSldURXdhWFI2WmtGSFdUUkhlSGhJYTAxNVp6bHplVVpzT1RBMVlXOEtXRlJOUVZsbmFsQXhjMDlaVmxOVWN6bHRVR3MzY1dWdVEwOWpLMk5NU25kcEwyOWthbk5uWm1aQ1lXb3ZUSFJOT0cxRlRrRlFlRmx6VEc5dWVYVldZUXBhVlhkbFIwbE1Ua0YyUkdGRlNXTXhSM3BFYVNzMGR5dHVaMHBrZEdwVWNHdGtVWFpQYlRSQmRETnZOQ3RDU0c1dGRqbGtLemh0TUVWa1FrTlhTbnBZQ2taVU5uUlJVVlEyWTFFeWVXUlBWbGs1VkdwMWNtdFFia2g1YWpCNEswcGtOSEJyTVdWWFpFdFBka3hwT1VZMFdYaGhabWMwU25sNWVIWTFiR3BpYkhFS1RHNW9iVTF2ZDFsa2EycFBjMVJ6Y0ZoWVMwdDNSV3htZEUxa1VEQnNlbGxLTkZKNVZEY3djVE0xTjNkeFZFWllOREl6Y0dNeFIyWlhVekJZZW5oYVVncG5TekpyV1dGb1NYTlJabFpCZVRsTE0yaHNVMmd6Y25ORFVUUlpVRkJQYW10QlVuUXJUMVExYlc5UFYyWTRTVzFsTVdOWWFuVmtSMjVNU2pOR1Z6QjNDbkZOY0VSVVkyMUxRbGxuY2pWRmIzaFZOa1JDTW1sRlNGWnFORGRNVmpkUmNGWlFObTVFV0RKd05EWXpkR2x4Ymt0Tkx6ZHFielZ0Y0VwcWFUSkNkVlVLYkhodVp6Vm9iSGRZTm5OWGQxSjBaMFozVjFoRk9XTlZVRFY1ZVdoVk5HOHhTR3h6ZFVKVWRsRlhiRFZFVjNCeVN6SjBZbXBUU1UxT2VGZGxibFYzUXdwSE0xQnZUbEpWUVdoNVExTkpVM1pwTm1wTFNVZG9OMnh4WkU0M2MyaHdRblkxTDJONlVGaDRlRnBNYmtwcE5IY3JhbW8yUm5CaEsxQjBNRlJHYlVVMENuTllWSGt3U2pGNE1WbElObTVXUjJwNFRWZFZUMDAxU0hOWFJEUlZTVVp6YmpWVVpFNVNabEJxZVhSM1UxUkNOM2RaV1ZkVVNHb3ZMelZWUTBGM1JVRUtRVkZMUTBGblFXOXBTM1JJUzJONmJFOVBjM0pLZEdoeU1rMU9WazlNYVhoTGFFMDFSVVpTWkhsVlpIcERaRTFZUlVKTVdGQlVVMU5PWkZNME1FSndSUW8xVmtzNWJtRkJRVVZoY2pOeE5sTmtRalUzVDA5NFltTmFURll6UVZNeU1qWjBSekJGWlhaRVJVRjJkbE00V1VGdlNtOTBNbXRRV2pWeU1GZGhjakZoQ2pjMlVrSmxTRWwwSzNwblJtWnhWSFpuUTNaUVNWTjVOSEkxZUZSMVptOXBkQ3R4YzNac09EQnpRV0ZDWmxSd1RHMUdORkZPUlU0eVlWRTVWbmxNZFVFS05VOTJkR3BoZVc1SFdHMW1lbXQzTWxwUlprZ3lObkUxTmtGeVRFUnNOSGh1U0M4MllWRTFNRnBSUTFwNFlsRkZZa2xaY3psUVltTktNWGhqYjNwb2FRcFJXVUZuU2lzd0syeE5iVmhIYkc5MVMyZzJVeXRtWjJKSkwyRkZVV295T0VKM2JFTTJhalEyVGt0dWRucDJWa2sxZDI5V2IyaFlieTh3Uld3NFZUUkRDbU5rT1dSalZFSnhOM1pEUmxKa1JtdHZSbXBJUVRSNlFWaE5XSGxoVFhKWE0wWnVkemh3UzBWTUwzVXhVV1JQWkVkelFqbDJlbWszTjIxbFRucERhWElLVkRZeVNXdzRjVkZoZG1GTGEzWmhlREJNU0ZaTVNHZG1UbFpwT1NzeFVtVktUMU5wWWpWdUsxYzRiRVExUlRselRVMW5iV3h4TVRNMFJUQmhORlZoUndvM2VFbHdUSEpsV0RGMWJIUkdiVlpyZVVsRFNIcHViWEo0WkVwbVNUZGFXakk1UTNad016VllXbWRFZEVaM1dHdHJNVWt4TW1sRVdqWTNNRlJTVGxSc0Ntb3pPV28zUXpKd2IzbFlhMk14UVZjelpHbGpabTlRVjJsSVNHTkNOalJ3U25OSmJsbFVXV2czZEZwcWFGQkhUVlZWWlhvMFlXRXJZMEUwUjBkRlYwb0tUVUU0UlRkdmFtOVdPSEZzZWpabVEyMXBlUzh2YldWV2FESTFRbXgwVDNaSFltbDBZMlJ3WmtOR1RXVktVemxXVDFCaVlWcERLMHA1TVdNM05EQTJPQXB4TlRaWk1WVlBTRTlTWXpSR09WTklUSFV2VFVSNVpIcGxjbUZDWWpaTWRtWjJXa2RZTWtGV0x6UTRNa3RKTlUwM1VVdERRVkZGUVRVMUsyUk5TbEozQ2pWd1ZFeHFXR2xZUm1SQ09XcHlPQ3RVY1dselpHcDVabGhYSzFKcVFWbFVTMDAwVUVWSGIyaG9TV05LTWtkVVRWVXZlVWRSVEZkcVpVNUlhVWN4TTFZS2NYQlhOVE5qZDJGMWRVdHZNMmhaVTBsWE5qWXJSeXN3VVVkd0sycEVTRW8yTDFveWF6QTFOVFYzVWs4NWJra3ZaVk5UUVd0VVJuWlJNbWhxY0RaU1ZRcGhPRGROYURkd0sybFJaSEZWU0RVMVFVUlFSRE5HTmxKT1lYUlFXR2RNTkZrMU9HbGFTVmMyYWxwNVVuVmFPSGt2ZG1oaVQxbDVVbnB2V0dFNVVHazRDbTVVVjNCRlYwMDRLeTl1VlVOcVlXYzVhMHN3VUZveWNHeEpkamwzYm1KWlFXeG9lWEJpY1ZaWWNETnNiRkowYTFJeFpFNVZhM2gyV0VWSlEwNVBWMHdLWldwWGRVMVphRWRPY0M5R05FWklUVWR0YzBkVE1UWTBMMjFyU0VWNVRVVk9ibTB3ZFRGS1VXZG5XRk5LUnl0dllWTTJhRWh6YmxWUFZITTJkMEpEZGdwbFdYTlhWamMwYkhWQ1RFUlJkMHREUVZGRlFUaGxhQ3MyTmtsSWNFVXJiM0l2TlZsRFVsWlBPR1IzWWpkMlNGcEhNa3BoTkdKMk1tc3ZSVVZrVVdVMENsQnRXVFZ0UTBKWllrVmFWWGRSYTJ4amRuRmFaSGxvTkZCUVkyRkdjVVJhY0c5YWNVTlhOelZMVjFaUE1WQmhWakpRYjNndlFVWnpaME5SU0dzNFVqY0tRVkJ4TmtKWVFuQkdja2x3T1M5TldEa3JiekZGVUhSa1dtMWFXbXhFU1ROcFEwd3lTMkZHYUROdVRHMXFiR0UwYUd4SlUxaGhhakY2VUVSNmEwNXFSZ296ZG5ZMFRFUk9iVWxpUW5CV2RtTnhRMjlaTkRKS055ODVPWFp4TlZac2FXTkhabGg0UlU5emRFRndabkIyV1RSb1NHbDRUbGxCVEVoalZXWm1hWEpuQ2pGRlR6RldORmhYU1dGc2RHOU5PRkl6YURKVldsb3ZZMXBVTjJ4VE9EZzRjelJQYkN0U01EUk9URnBCVldaRlZsZEZSbmxoWTAwMEwwTkxiMHBsVTA0S1kxaFJkMHRNYkhndlVYVXdXSGdyVjBZMGIxRkhiV3M0U2s5TlZtcHRVQ3R3ZEVsSWNYZDBTVkozUzBOQlVVRkVUbGxpYzBGWFNpOUVNV2w1YjFKVlZ3cDZSV2w0UkZveFJGbGljbWdyU0RCTmQyeHlNVFJoSzNGU1VrTlpXR0ZCVWxGbU1qQTNaRU5YTmxWNlF6Uk5SbVpFZVd4bGVqZEpRMHAzYW05T1kyVTFDa0o1VEc0d1RUVXpaMEl3TDBNck1HNWFNVXBTYUhVNFVsRmtlbkYwV1N0cGVqaENORlZoVkc1bVRWZzNVRkZCV205MmVXVmxabmhvWTJkQlRHTldORWdLWWk4M1pFWnhUaXRwVkd0U1pVa3plV1pIYTJoSFJrWjNjaXRsSzBaTmR6ZzBaM0I1TUNzelZUaHZVSGhFUXpKSkszWnVTbTk0YVZvMVVVSjFjVlF4VkFwRlIyTk1jbE0wVm5VeE4ySTJOamxLZVRWaE9HUjNSVkJLTUV0UVdWVktiMmxUSzBKSVZuZExWVkE1VmxGS1NHRmhWaXN5WXl0bE1ucGlLMWxIUW1SQkNqaHVNaTlYWlV4SFEzVXlVRnBqVTFOWlkyOXFWR0o2YkU1R1NqUjBaVGd2Ym1Vd1NHSkVVMlJKU0ZKRVFsQkVXSGxwV2t0UGRrUjZZMmxZYUVkV1ZsVUtZelEwV2tGdlNVSkJVVU55ZVcwd1pucDVRbGxMYnpOcU9XUTNNVVJIU0ZVeGJtZHlNWGx3VlVSVFVETlFURWRsV0VWSVRFUnRSbXRTZEhCT01ESkxXQW9yWkZwRlp6aGtTbWRRWlhSTVJuTXZRMFZvU20wME9GWmxSVEJxVWl0REx6Wm5Zbmx4S3pZNFpVOXJORk53WVZBMVdWcFJRazg1U2xGalZVeERZM0JJQ21GT2VuWkVXRFpQS3pRNFZqaFVlR2c1VUhSWGFEbGllRFJqYjI5NFJXVndXSEpYYldwaFZtSkdhblZsYzJSa2F6VkNVa1ZZTHpCa1NIQnJaVmx3TXpjS0wweHFRMGh4UzBobFRYZDZOR0UxY21sWmVXeDBWRlkwUmk5aFpHeFhWek5OWTNFNU1tZDBSelJEVFZGdFJUZE5jRWRzTmtGME9VcFFjRUYzYVVsWlNncDJOMVoyZUhJeWMyNUNjaTlzUjJoRGNXdHFVamR0YW5kSWRWTnRTbGczT1hsQ1QycFlWemRKUkhsdkswOHpjR3BpUVZVellUZHBZWGR0VmxVNWJWVm9Dbms0WTJFMmJWb3ZZblpsUTIxbmMzaE5kV0pxUTA1WlYwSXZLMVZGTVRSUVFXOUpRa0ZIVTNSallrWTBhVEZSZDFkTFNuRkdkMDFMVGxaNlIyWkpOeklLVFZWcGNYSkpZMFpFVUZkSFpEVlFRek5sUVdGbWFGa3pSMWxaYURWaGNHOXRNbWhpZEVJMkx6TTNWRk5oTTFOQk9WUlZOMXBKWWxab2VIaFVXbU5yY0FvclJsSnpWR3N6TWxkT2QwZ3pWbUZ3WmpKakwyNUNkMjlrYzBkWlNWVlhPWGMzUWpNMFZXMW1aMDkwZUVGMmFETnJaRVZwWVdZeldXMXhkVzU0WmtwVkNsY3hUbkV4WkRRNVVXUjVNVGhQVTJWTk9XdFlka3hJVTBwdmMwaDVZVmhKVnpkd1VUSkNSV3cyYW14NWIyVTVSRWxtTTFCdmRXMTNOekE1T0dKa2Nub0taekZUUTFaNk1uVmllazlCVG13eU1YQTVObXBPY1hOblV6aHZWelpLYUU5RFIzcG1WVTlMVUVOTFpsUTBiazV1Y1c5RFRFSklTbTR5Ym1GSmNYWktPUXBhUmxsNFVITnJZMWh5Tkdod01YVmhlSEl3TlVWbGVWcFNhV05tYVRkS1NuTjVZVEZqYjNsc1ZHWnNXV0Z6YVVWSGVIZFNhbXRNWTJSNE9EMEtMUzB0TFMxRlRrUWdVbE5CSUZCU1NWWkJWRVVnUzBWWkxTMHRMUzBLCiAgICB0b2tlbjogNDJmMTUwMGUxNTJiODQyNDEwOTE5OTRlMTdkOGM1NTgzZjU5NDE4MzQ3NzU0NjY2NmU5ZDc1MjdjMzgyZGUzM2NiMGZjZmFlZmU0M2JlZmM5NWUwNDYxNTM0Yjk2OTQzZWU2MDllOGRlOGQ1ZmI4ZjczY2JmNmY2ZmMyYzBiYWEK\"\n
        \  }\n  ]\n }"
    headers:
      cache-control:
      - no-cache
      content-length:
      - '13072'
      content-type:
      - application/json
      date:
      - Mon, 25 Jul 2022 06:31:38 GMT
      expires:
      - '-1'
      pragma:
      - no-cache
      server:
      - nginx
      strict-transport-security:
      - max-age=31536000; includeSubDomains
      transfer-encoding:
      - chunked
      vary:
      - Accept-Encoding
      x-content-type-options:
      - nosniff
      x-ms-ratelimit-remaining-subscription-writes:
      - '1199'
    status:
      code: 200
      message: OK
- request:
    body: null
    headers:
      Accept:
      - application/json
      Accept-Encoding:
      - gzip, deflate
      CommandName:
      - aks get-credentials
      Connection:
      - keep-alive
      Content-Length:
      - '0'
      ParameterSetName:
      - -g -n -f
      User-Agent:
      - AZURECLI/2.38.0 azsdk-python-azure-mgmt-containerservice/20.2.0 Python/3.8.10
        (Linux-5.15.0-1014-azure-x86_64-with-glibc2.29)
    method: POST
    uri: https://management.azure.com/subscriptions/00000000-0000-0000-0000-000000000000/resourceGroups/clitest000001/providers/Microsoft.ContainerService/managedClusters/cliakstest000001/listClusterUserCredential?api-version=2022-06-01
  response:
    body:
      string: "{\n  \"kubeconfigs\": [\n   {\n    \"name\": \"clusterUser\",\n    \"value\":
        \"YXBpVmVyc2lvbjogdjEKY2x1c3RlcnM6Ci0gY2x1c3RlcjoKICAgIGNlcnRpZmljYXRlLWF1dGhvcml0eS1kYXRhOiBMUzB0TFMxQ1JVZEpUaUJEUlZKVVNVWkpRMEZVUlMwdExTMHRDazFKU1VVMlJFTkRRWFJEWjBGM1NVSkJaMGxSV0Vkc2VXNTRlVTlWYkdKaUwzVkdSMnB2YjJKeFZFRk9RbWRyY1docmFVYzVkekJDUVZGelJrRkVRVTRLVFZGemQwTlJXVVJXVVZGRVJYZEthbGxVUVdkR2R6QjVUV3BCTTAxcVZYZE9ha1UwVFdwa1lVZEJPSGxOUkZWNVRVUmplVTVVUVRKTmFtZDVUakZ2ZHdwRVZFVk1UVUZyUjBFeFZVVkJlRTFEV1RKRmQyZG5TV2xOUVRCSFExTnhSMU5KWWpORVVVVkNRVkZWUVVFMFNVTkVkMEYzWjJkSlMwRnZTVU5CVVVOeUNrTndRM1EwYTA1eldVWkVOMUZ0ZW5SdE0zUXZlRGd4V2psQmRXMVljWGs0WkRCdmVGUnlUbUYxZDBsWmQyOW1VbEZqT0dzMWQwSnZka1Y0TkVvMWNub0tRVVE0TkhGeWNVcGFUMDgzYTJjNWRUVmpOMkpMYmtGc1NDOU1OVWxLZUhOUFptdEdWbVJEY1dSRlF5OWtXWEo2WjNST05IQjBlRm92YVhWWlRUVXhjQW94TjJaSlpEUjNNVGR2WlZsTk9IRnhRM05CU2tRMVZXczJUSEJTVm5oTGVHaEpMMGh6TTNaWVlUWmFkRkJPYld0UGIyWXdlVGRvY21reWFGUmlOVzVvQ2pSYVlUWk9WelZPTkV4TFZWbFZaRmMxYVRaNlpESkpZMk5VTW5oVFEzTjVLMVV5V1ZORVNUUTRkMDAzTTNORWRXdE1TV2RXVm1Sd1VsazJhMU5oWm1nS09ETm9RMWR4V25SUWVGTTRZM05YVDJ0VVlYTkdhazVCUVZsNlpuaDFlWGwzYkZaaVVrbFliM041U1hkeVRqQlhjMVJ3WjFsWU1ITkplVnBKVG5ONVVRcFZWRUppWjFFcmRXMTFkVmhJVm1OWGQxWm5UR2RaYWxOUGVFNTNiRWR0UzAxYVJsUkthV1pqYlM5UmJuVndTbkZGWkVVd2REZEpaMlJMZW5WaUwxRnpDbmd4UkVaREt6SmhabHBsU0ZWWFYwdHBkVTEzTVhaVEx6WlhNV1ZMS3pkYVFVeEhjVzFWVldaM1YwUlZNbGcyTlU5YU56bFJLM1pwZURSS04weGxNRlFLTW5rNVJWZFhOR2xXYkRCdGNsWkNZVU5JVlZGMk5UbG5Oa1V4V0RCUFMxQnVjM2wzWkd4bU5GZGtWMFExZW1RM2VXeHFORVEyU0hWMlZtb3hjeTlYVWdwcGVUVjVkR1l5VlM5aFNGQm1OV2RKU3pWSk1HRmxlbHAxZERkT1dHVXlZMlJRVlN0TGMzTjJhMGRKVTNwcFVqRXhjbUZTVjFSS2JpdFZlQ3RNTmxwbkNtOXNTR1JXY0VwaGMzbE1UamxaWW5CWmFsY3hOVFJuZWs5Q2VVTk5Oa3BXVWs4MksxTndZa1kwVDBGTVJuaEtSMEZyU0RJelNqSlFZVGR5VmpNck9IQUthbHAwTDJodFEyaHFiRUVyU0hsM01GbG9NVzlqV0UxSlQxRm5jbmx1YTNkRVNGaFpZemRwUVZCM1NVUkJVVUZDYnpCSmQxRkVRVTlDWjA1V1NGRTRRZ3BCWmpoRlFrRk5RMEZ4VVhkRWQxbEVWbEl3VkVGUlNDOUNRVlYzUVhkRlFpOTZRV1JDWjA1V1NGRTBSVVpuVVZWeFV6SkJaRFpFSzFWVWMweEtOWEozQ2tGQlZsZ3pURGxVUVVwemQwUlJXVXBMYjFwSmFIWmpUa0ZSUlV4Q1VVRkVaMmRKUWtGRVZFUTRXVlJvTm1Oc01FRlVTMHQwZEdGUk1IZ3dXRTR6ZFhVS1JWQnFhMngwYUVaNUwxVlJkRWQ1THpOVmJIUkxWRWhsU1ZsMmNVRmpSaXMzZW1sMGNrVlJaSEJrYldjdlJHbE9iR0o0TW1sVVNtWjBNMmhTTTJJeFJRb3JkWFZhWWpGb1QzVnhTa3hpU0VoMlVEWm5SbXByZG1oRFIyeE1ZVEZEZERsUGVsSndSeTk2YWpOWVVtcHZaRGg2YzNGTmFIcERiVVV6VDFSMGVTOWFDa2w1S3pOaGVYUXpVblZyWml0dk9VZExaVnBNTjJscVFucDFZMDAyZURkeFkyTjFORE5EY0ZCTVRrbEdhSGwxZFVsamFqaFllWEE1WTBWc1FXVnhlR0VLVFVaMksyRXZTM0I2VEZKcFpVSnBTblJwWTJ4U0wwRTRMMjAxYjJaV0t6azRUVXBXSzFWMk4ybEtZa2x5WVU5S1J6VmhNRFZ0YVVscFUyNW9la0ZLTHdwT09HVnhMM0J5UkVWblNGbFpXRzgwZURSYWVIUlNTVlEzVTBNeWNHVjROMVZwU1hObVZUWmhUVEJoWVhSS1JEWnFVMWRYWmtaMVpFSXZjbTgyZFZkeUNqaDZTR1JwT1RObWFVcDJNVVkwV25CNWJTdGxRVkp0YlZodlRGaDVXbXhQZDBkWksyVjBSMFJsY2xscVdub3dUM2cyTVN0d056SnNjR0k1ZDBSc1kyd0tSREIyZEdvcllTdGtjWEF5U3pKeGFDdHVPVzUzU0hacFVVbG5ia1E1WTNaa2NWWmxNRXBGVUZkSmJYTmtXRXRXZWxGeUwzcG9VRk13VTFRcmJVbFViUW8wVTBaYWIySTFNR012TUVrMWExVnRZbGxNYmtsREwxbG9UbGRpY1VwUU1FNVlNbkZIZVdselVtbG1ZbkpDTjJsUlVEZGpXREJUVkZsS1NuUXdaVUZxQ25jeldWUXpWbTAxWldOQ1NXNXdXbGREUkdWRVIwdzRNR3huZUZJclNpdFVTVlUyTlhOd1dYbFBlSGcyUlhWa01ISlJjWEo2U1VRMFNIVjZkVTFMYTNZS1MxVlljVFZTWTJ3emVHeGtkVWhWTUdwbE1ERlVTMDkxWVVkd1VYY3lNWGw1Tm5oUmQyZGtiM1ZrUkVZeVMxVllhMU01ZVRGT2NHSm5VbGN6UXpoRVVnbzVXblpaUzFKd2VGSTFOMVZ5VWtFekNpMHRMUzB0UlU1RUlFTkZVbFJKUmtsRFFWUkZMUzB0TFMwSwogICAgc2VydmVyOiBodHRwczovL2NsaWFrc2Ruc212cmFoNG0tZDM1N2U3YmMuaGNwLndlc3R1czIuYXptazhzLmlvOjQ0MwogIG5hbWU6IGNsaWFrc3Rlc3RnNXFlMmkKY29udGV4dHM6Ci0gY29udGV4dDoKICAgIGNsdXN0ZXI6IGNsaWFrc3Rlc3RnNXFlMmkKICAgIHVzZXI6IGNsdXN0ZXJVc2VyX2NsaXRlc3RnZHZxbzQ0a3diX2NsaWFrc3Rlc3RnNXFlMmkKICBuYW1lOiBjbGlha3N0ZXN0ZzVxZTJpCmN1cnJlbnQtY29udGV4dDogY2xpYWtzdGVzdGc1cWUyaQpraW5kOiBDb25maWcKcHJlZmVyZW5jZXM6IHt9CnVzZXJzOgotIG5hbWU6IGNsdXN0ZXJVc2VyX2NsaXRlc3RnZHZxbzQ0a3diX2NsaWFrc3Rlc3RnNXFlMmkKICB1c2VyOgogICAgY2xpZW50LWNlcnRpZmljYXRlLWRhdGE6IExTMHRMUzFDUlVkSlRpQkRSVkpVU1VaSlEwRlVSUzB0TFMwdENrMUpTVVpJYWtORFFYZGhaMEYzU1VKQlowbFNRVTFWT0ZjMmQwWnZjM1J0V1dOd1RGcERSVVpPTDAxM1JGRlpTa3R2V2tsb2RtTk9RVkZGVEVKUlFYY0tSRlJGVEUxQmEwZEJNVlZGUVhoTlExa3lSWGRJYUdOT1RXcEpkMDU2U1RGTlJGbDRUMFJKTTFkb1kwNU5hbEYzVG5wSk1VMUVXWGxQUkVrelYycEJkd3BOVW1OM1JsRlpSRlpSVVV0RmR6VjZaVmhPTUZwWE1EWmlWMFo2WkVkV2VXTjZSVlpOUWsxSFFURlZSVUY0VFUxaVYwWjZaRWRXZVZreWVIQmFWelV3Q2sxSlNVTkpha0ZPUW1kcmNXaHJhVWM1ZHpCQ1FWRkZSa0ZCVDBOQlp6aEJUVWxKUTBOblMwTkJaMFZCTW5RclpXUjJSa0kzTkhNNVkyRnlPRGxOYUdNS2JVbHlWVkprVldKSlREbE5SbFYyUlRod1pFaFFOR2s1Y0d0WU4wbDFjVzVLY0dnMmVEVkhhVFJCTVhrM1ZETnBORTUyTVdRNGIxWm5kVUk1V0ZCSldRb3hNR2wwZW1aQlIxazBSM2g0U0d0TmVXYzVjM2xHYkRrd05XRnZXRlJOUVZsbmFsQXhjMDlaVmxOVWN6bHRVR3MzY1dWdVEwOWpLMk5NU25kcEwyOWtDbXB6WjJabVFtRnFMMHgwVFRodFJVNUJVSGhaYzB4dmJubDFWbUZhVlhkbFIwbE1Ua0YyUkdGRlNXTXhSM3BFYVNzMGR5dHVaMHBrZEdwVWNHdGtVWFlLVDIwMFFYUXpielFyUWtodWJYWTVaQ3M0YlRCRlpFSkRWMHA2V0VaVU5uUlJVVlEyWTFFeWVXUlBWbGs1VkdwMWNtdFFia2g1YWpCNEswcGtOSEJyTVFwbFYyUkxUM1pNYVRsR05GbDRZV1puTkVwNWVYaDJOV3hxWW14eFRHNW9iVTF2ZDFsa2EycFBjMVJ6Y0ZoWVMwdDNSV3htZEUxa1VEQnNlbGxLTkZKNUNsUTNNSEV6TlRkM2NWUkdXRFF5TTNCak1VZG1WMU13V0hwNFdsSm5TekpyV1dGb1NYTlJabFpCZVRsTE0yaHNVMmd6Y25ORFVUUlpVRkJQYW10QlVuUUtLMDlVTlcxdlQxZG1PRWx0WlRGaldHcDFaRWR1VEVvelJsY3dkM0ZOY0VSVVkyMUxRbGxuY2pWRmIzaFZOa1JDTW1sRlNGWnFORGRNVmpkUmNGWlFOZ3B1UkZneWNEUTJNM1JwY1c1TFRTODNhbTgxYlhCS2Fta3lRblZWYkhodVp6Vm9iSGRZTm5OWGQxSjBaMFozVjFoRk9XTlZVRFY1ZVdoVk5HOHhTR3h6Q25WQ1ZIWlJWMncxUkZkd2Nrc3lkR0pxVTBsTlRuaFhaVzVWZDBOSE0xQnZUbEpWUVdoNVExTkpVM1pwTm1wTFNVZG9OMnh4WkU0M2MyaHdRblkxTDJNS2VsQlllSGhhVEc1S2FUUjNLMnBxTmtad1lTdFFkREJVUm0xRk5ITllWSGt3U2pGNE1WbElObTVXUjJwNFRWZFZUMDAxU0hOWFJEUlZTVVp6YmpWVVpBcE9VbVpRYW5sMGQxTlVRamQzV1ZsWFZFaHFMeTgxVlVOQmQwVkJRV0ZPVjAxR1VYZEVaMWxFVmxJd1VFRlJTQzlDUVZGRVFXZFhaMDFDVFVkQk1WVmtDa3BSVVUxTlFXOUhRME56UjBGUlZVWkNkMDFEVFVGM1IwRXhWV1JGZDBWQ0wzZFJRMDFCUVhkSWQxbEVWbEl3YWtKQ1ozZEdiMEZWY1ZNeVFXUTJSQ3NLVlZSelRFbzFjbmRCUVZaWU0wdzVWRUZLYzNkRVVWbEtTMjlhU1doMlkwNUJVVVZNUWxGQlJHZG5TVUpCUVRSb2NtTjJkVFZ4V2xGRlRGUXlRMDFQZEFwRGVVUmhWVGc0UkRCUFFrdG5Xa1F5UzNnNGRIZHpiMnA0WjBKVWNXRlZPSE50VkdobVdqUkNWVGM0VEhCdGMyeElhR1phUm1aNWJUTkVSM0JvVkdWbkNtOXhaMDVPZDFreGVrNXNOVTk1ZW0xRGFtTnBVbEJ4UW1VNFRYWm5WWFI2VmtsUWJHOVFlR05qUVhkeGVYRlZTbTQ0YkdacGNrUnNka2xCYkRJdk1WTUtjaXRvSzFwSGJVdzBWVUV3VFROWFpFazJUMUpzU0U5SlRXRm9UREZYTUM5MGVYWlBaelZ2YVhWNGVYQllNbFJFVm5SRFFsTXlWMkpUTkVObkswOU1Sd3BGZUc4eVZsZENVRXA0WlN0UWVGZG1XbG80TmtoUmJVa3ZNR3A2ZFRWRmNuZGhSM05RUlZOWmIzSXpjbWwxTlhkMmNUZHpWMjFYY1VwR1VYb3dkbHB0Q21wbmNXNUxRMnhaU0RWeFp6QkJRak5rY21aeWRFTlRlRUZCVjFveU1uaGlWVWxMUldSaWVuY3dielU0TjNSblNuUnBkM0ZwVDFaMmFITTNUVXhMTTFJS2RVWk9ZVkJ5Y1hCWFlUZFhSRlY1U1doTWFGcFhjSGt5WlZZMFRHaGlia3d6VTNaMlFrNHdaV1JUTjNkcGRsQk9iV3hMYkU1S2VEY3pRMmxGTWsxaWFRbzRZMDFXTlhWSlYxazRNRmd2UkhGd1ltbzVTRElyV2t4dGNuWnlhemxZTldwdGJsTlJZM1ZZVEdseFZYUmFVbU01VjJkb05IcFBlSFZxYm05RGFuQldDbVptYUdWaVJscHJUMmR5ZG05alpFWnRTRmRpT0VaVVdGWXhUbkpNU0ZveWRtdDZUVzEyTmxWc05uQjNjWFZDYmxkRlJGUllRME5vUkV4d1ozQnhMMUFLVFdOVlZWQTVSR3RrSzNvMFZ6RlFRVXgxTVVKclpXZHZiMU5oVkZWVlpXRnVRakV3WTA1UVJHeE5kR1ZEY1M5TmNUQXplbmg1TVV0WmFHVTVXVXMzV0FwSVNHVlNhbVpKWm5FemEyOHphVEJPVTNjNWRHOVVOeXRSVEhRMWQzQjVVWFZ2WWxkaVdTOHpWM04wZUVKUGNVVmpiSEV5UVdscE5UbGlRemt6ZERKQkNuQjFhWEo0YlRoeWFFMTBTbXc0V1dOblNHcFNablJhTmdvdExTMHRMVVZPUkNCRFJWSlVTVVpKUTBGVVJTMHRMUzB0Q2c9PQogICAgY2xpZW50LWtleS1kYXRhOiBMUzB0TFMxQ1JVZEpUaUJTVTBFZ1VGSkpWa0ZVUlNCTFJWa3RMUzB0TFFwTlNVbEtTMEZKUWtGQlMwTkJaMFZCTW5RclpXUjJSa0kzTkhNNVkyRnlPRGxOYUdOdFNYSlZVbVJWWWtsTU9VMUdWWFpGT0hCa1NGQTBhVGx3YTFnM0NrbDFjVzVLY0dnMmVEVkhhVFJCTVhrM1ZETnBORTUyTVdRNGIxWm5kVUk1V0ZCSldURXdhWFI2WmtGSFdUUkhlSGhJYTAxNVp6bHplVVpzT1RBMVlXOEtXRlJOUVZsbmFsQXhjMDlaVmxOVWN6bHRVR3MzY1dWdVEwOWpLMk5NU25kcEwyOWthbk5uWm1aQ1lXb3ZUSFJOT0cxRlRrRlFlRmx6VEc5dWVYVldZUXBhVlhkbFIwbE1Ua0YyUkdGRlNXTXhSM3BFYVNzMGR5dHVaMHBrZEdwVWNHdGtVWFpQYlRSQmRETnZOQ3RDU0c1dGRqbGtLemh0TUVWa1FrTlhTbnBZQ2taVU5uUlJVVlEyWTFFeWVXUlBWbGs1VkdwMWNtdFFia2g1YWpCNEswcGtOSEJyTVdWWFpFdFBka3hwT1VZMFdYaGhabWMwU25sNWVIWTFiR3BpYkhFS1RHNW9iVTF2ZDFsa2EycFBjMVJ6Y0ZoWVMwdDNSV3htZEUxa1VEQnNlbGxLTkZKNVZEY3djVE0xTjNkeFZFWllOREl6Y0dNeFIyWlhVekJZZW5oYVVncG5TekpyV1dGb1NYTlJabFpCZVRsTE0yaHNVMmd6Y25ORFVUUlpVRkJQYW10QlVuUXJUMVExYlc5UFYyWTRTVzFsTVdOWWFuVmtSMjVNU2pOR1Z6QjNDbkZOY0VSVVkyMUxRbGxuY2pWRmIzaFZOa1JDTW1sRlNGWnFORGRNVmpkUmNGWlFObTVFV0RKd05EWXpkR2x4Ymt0Tkx6ZHFielZ0Y0VwcWFUSkNkVlVLYkhodVp6Vm9iSGRZTm5OWGQxSjBaMFozVjFoRk9XTlZVRFY1ZVdoVk5HOHhTR3h6ZFVKVWRsRlhiRFZFVjNCeVN6SjBZbXBUU1UxT2VGZGxibFYzUXdwSE0xQnZUbEpWUVdoNVExTkpVM1pwTm1wTFNVZG9OMnh4WkU0M2MyaHdRblkxTDJONlVGaDRlRnBNYmtwcE5IY3JhbW8yUm5CaEsxQjBNRlJHYlVVMENuTllWSGt3U2pGNE1WbElObTVXUjJwNFRWZFZUMDAxU0hOWFJEUlZTVVp6YmpWVVpFNVNabEJxZVhSM1UxUkNOM2RaV1ZkVVNHb3ZMelZWUTBGM1JVRUtRVkZMUTBGblFXOXBTM1JJUzJONmJFOVBjM0pLZEdoeU1rMU9WazlNYVhoTGFFMDFSVVpTWkhsVlpIcERaRTFZUlVKTVdGQlVVMU5PWkZNME1FSndSUW8xVmtzNWJtRkJRVVZoY2pOeE5sTmtRalUzVDA5NFltTmFURll6UVZNeU1qWjBSekJGWlhaRVJVRjJkbE00V1VGdlNtOTBNbXRRV2pWeU1GZGhjakZoQ2pjMlVrSmxTRWwwSzNwblJtWnhWSFpuUTNaUVNWTjVOSEkxZUZSMVptOXBkQ3R4YzNac09EQnpRV0ZDWmxSd1RHMUdORkZPUlU0eVlWRTVWbmxNZFVFS05VOTJkR3BoZVc1SFdHMW1lbXQzTWxwUlprZ3lObkUxTmtGeVRFUnNOSGh1U0M4MllWRTFNRnBSUTFwNFlsRkZZa2xaY3psUVltTktNWGhqYjNwb2FRcFJXVUZuU2lzd0syeE5iVmhIYkc5MVMyZzJVeXRtWjJKSkwyRkZVV295T0VKM2JFTTJhalEyVGt0dWRucDJWa2sxZDI5V2IyaFlieTh3Uld3NFZUUkRDbU5rT1dSalZFSnhOM1pEUmxKa1JtdHZSbXBJUVRSNlFWaE5XSGxoVFhKWE0wWnVkemh3UzBWTUwzVXhVV1JQWkVkelFqbDJlbWszTjIxbFRucERhWElLVkRZeVNXdzRjVkZoZG1GTGEzWmhlREJNU0ZaTVNHZG1UbFpwT1NzeFVtVktUMU5wWWpWdUsxYzRiRVExUlRselRVMW5iV3h4TVRNMFJUQmhORlZoUndvM2VFbHdUSEpsV0RGMWJIUkdiVlpyZVVsRFNIcHViWEo0WkVwbVNUZGFXakk1UTNad016VllXbWRFZEVaM1dHdHJNVWt4TW1sRVdqWTNNRlJTVGxSc0Ntb3pPV28zUXpKd2IzbFlhMk14UVZjelpHbGpabTlRVjJsSVNHTkNOalJ3U25OSmJsbFVXV2czZEZwcWFGQkhUVlZWWlhvMFlXRXJZMEUwUjBkRlYwb0tUVUU0UlRkdmFtOVdPSEZzZWpabVEyMXBlUzh2YldWV2FESTFRbXgwVDNaSFltbDBZMlJ3WmtOR1RXVktVemxXVDFCaVlWcERLMHA1TVdNM05EQTJPQXB4TlRaWk1WVlBTRTlTWXpSR09WTklUSFV2VFVSNVpIcGxjbUZDWWpaTWRtWjJXa2RZTWtGV0x6UTRNa3RKTlUwM1VVdERRVkZGUVRVMUsyUk5TbEozQ2pWd1ZFeHFXR2xZUm1SQ09XcHlPQ3RVY1dselpHcDVabGhYSzFKcVFWbFVTMDAwVUVWSGIyaG9TV05LTWtkVVRWVXZlVWRSVEZkcVpVNUlhVWN4TTFZS2NYQlhOVE5qZDJGMWRVdHZNMmhaVTBsWE5qWXJSeXN3VVVkd0sycEVTRW8yTDFveWF6QTFOVFYzVWs4NWJra3ZaVk5UUVd0VVJuWlJNbWhxY0RaU1ZRcGhPRGROYURkd0sybFJaSEZWU0RVMVFVUlFSRE5HTmxKT1lYUlFXR2RNTkZrMU9HbGFTVmMyYWxwNVVuVmFPSGt2ZG1oaVQxbDVVbnB2V0dFNVVHazRDbTVVVjNCRlYwMDRLeTl1VlVOcVlXYzVhMHN3VUZveWNHeEpkamwzYm1KWlFXeG9lWEJpY1ZaWWNETnNiRkowYTFJeFpFNVZhM2gyV0VWSlEwNVBWMHdLWldwWGRVMVphRWRPY0M5R05FWklUVWR0YzBkVE1UWTBMMjFyU0VWNVRVVk9ibTB3ZFRGS1VXZG5XRk5LUnl0dllWTTJhRWh6YmxWUFZITTJkMEpEZGdwbFdYTlhWamMwYkhWQ1RFUlJkMHREUVZGRlFUaGxhQ3MyTmtsSWNFVXJiM0l2TlZsRFVsWlBPR1IzWWpkMlNGcEhNa3BoTkdKMk1tc3ZSVVZrVVdVMENsQnRXVFZ0UTBKWllrVmFWWGRSYTJ4amRuRmFaSGxvTkZCUVkyRkdjVVJhY0c5YWNVTlhOelZMVjFaUE1WQmhWakpRYjNndlFVWnpaME5SU0dzNFVqY0tRVkJ4TmtKWVFuQkdja2x3T1M5TldEa3JiekZGVUhSa1dtMWFXbXhFU1ROcFEwd3lTMkZHYUROdVRHMXFiR0UwYUd4SlUxaGhhakY2VUVSNmEwNXFSZ296ZG5ZMFRFUk9iVWxpUW5CV2RtTnhRMjlaTkRKS055ODVPWFp4TlZac2FXTkhabGg0UlU5emRFRndabkIyV1RSb1NHbDRUbGxCVEVoalZXWm1hWEpuQ2pGRlR6RldORmhYU1dGc2RHOU5PRkl6YURKVldsb3ZZMXBVTjJ4VE9EZzRjelJQYkN0U01EUk9URnBCVldaRlZsZEZSbmxoWTAwMEwwTkxiMHBsVTA0S1kxaFJkMHRNYkhndlVYVXdXSGdyVjBZMGIxRkhiV3M0U2s5TlZtcHRVQ3R3ZEVsSWNYZDBTVkozUzBOQlVVRkVUbGxpYzBGWFNpOUVNV2w1YjFKVlZ3cDZSV2w0UkZveFJGbGljbWdyU0RCTmQyeHlNVFJoSzNGU1VrTlpXR0ZCVWxGbU1qQTNaRU5YTmxWNlF6Uk5SbVpFZVd4bGVqZEpRMHAzYW05T1kyVTFDa0o1VEc0d1RUVXpaMEl3TDBNck1HNWFNVXBTYUhVNFVsRmtlbkYwV1N0cGVqaENORlZoVkc1bVRWZzNVRkZCV205MmVXVmxabmhvWTJkQlRHTldORWdLWWk4M1pFWnhUaXRwVkd0U1pVa3plV1pIYTJoSFJrWjNjaXRsSzBaTmR6ZzBaM0I1TUNzelZUaHZVSGhFUXpKSkszWnVTbTk0YVZvMVVVSjFjVlF4VkFwRlIyTk1jbE0wVm5VeE4ySTJOamxLZVRWaE9HUjNSVkJLTUV0UVdWVktiMmxUSzBKSVZuZExWVkE1VmxGS1NHRmhWaXN5WXl0bE1ucGlLMWxIUW1SQkNqaHVNaTlYWlV4SFEzVXlVRnBqVTFOWlkyOXFWR0o2YkU1R1NqUjBaVGd2Ym1Vd1NHSkVVMlJKU0ZKRVFsQkVXSGxwV2t0UGRrUjZZMmxZYUVkV1ZsVUtZelEwV2tGdlNVSkJVVU55ZVcwd1pucDVRbGxMYnpOcU9XUTNNVVJIU0ZVeGJtZHlNWGx3VlVSVFVETlFURWRsV0VWSVRFUnRSbXRTZEhCT01ESkxXQW9yWkZwRlp6aGtTbWRRWlhSTVJuTXZRMFZvU20wME9GWmxSVEJxVWl0REx6Wm5Zbmx4S3pZNFpVOXJORk53WVZBMVdWcFJRazg1U2xGalZVeERZM0JJQ21GT2VuWkVXRFpQS3pRNFZqaFVlR2c1VUhSWGFEbGllRFJqYjI5NFJXVndXSEpYYldwaFZtSkdhblZsYzJSa2F6VkNVa1ZZTHpCa1NIQnJaVmx3TXpjS0wweHFRMGh4UzBobFRYZDZOR0UxY21sWmVXeDBWRlkwUmk5aFpHeFhWek5OWTNFNU1tZDBSelJEVFZGdFJUZE5jRWRzTmtGME9VcFFjRUYzYVVsWlNncDJOMVoyZUhJeWMyNUNjaTlzUjJoRGNXdHFVamR0YW5kSWRWTnRTbGczT1hsQ1QycFlWemRKUkhsdkswOHpjR3BpUVZVellUZHBZWGR0VmxVNWJWVm9Dbms0WTJFMmJWb3ZZblpsUTIxbmMzaE5kV0pxUTA1WlYwSXZLMVZGTVRSUVFXOUpRa0ZIVTNSallrWTBhVEZSZDFkTFNuRkdkMDFMVGxaNlIyWkpOeklLVFZWcGNYSkpZMFpFVUZkSFpEVlFRek5sUVdGbWFGa3pSMWxaYURWaGNHOXRNbWhpZEVJMkx6TTNWRk5oTTFOQk9WUlZOMXBKWWxab2VIaFVXbU5yY0FvclJsSnpWR3N6TWxkT2QwZ3pWbUZ3WmpKakwyNUNkMjlrYzBkWlNWVlhPWGMzUWpNMFZXMW1aMDkwZUVGMmFETnJaRVZwWVdZeldXMXhkVzU0WmtwVkNsY3hUbkV4WkRRNVVXUjVNVGhQVTJWTk9XdFlka3hJVTBwdmMwaDVZVmhKVnpkd1VUSkNSV3cyYW14NWIyVTVSRWxtTTFCdmRXMTNOekE1T0dKa2Nub0taekZUUTFaNk1uVmllazlCVG13eU1YQTVObXBPY1hOblV6aHZWelpLYUU5RFIzcG1WVTlMVUVOTFpsUTBiazV1Y1c5RFRFSklTbTR5Ym1GSmNYWktPUXBhUmxsNFVITnJZMWh5Tkdod01YVmhlSEl3TlVWbGVWcFNhV05tYVRkS1NuTjVZVEZqYjNsc1ZHWnNXV0Z6YVVWSGVIZFNhbXRNWTJSNE9EMEtMUzB0TFMxRlRrUWdVbE5CSUZCU1NWWkJWRVVnUzBWWkxTMHRMUzBLCiAgICB0b2tlbjogNDJmMTUwMGUxNTJiODQyNDEwOTE5OTRlMTdkOGM1NTgzZjU5NDE4MzQ3NzU0NjY2NmU5ZDc1MjdjMzgyZGUzM2NiMGZjZmFlZmU0M2JlZmM5NWUwNDYxNTM0Yjk2OTQzZWU2MDllOGRlOGQ1ZmI4ZjczY2JmNmY2ZmMyYzBiYWEK\"\n
        \  }\n  ]\n }"
    headers:
      cache-control:
      - no-cache
      content-length:
      - '13072'
      content-type:
      - application/json
      date:
      - Mon, 25 Jul 2022 06:31:39 GMT
      expires:
      - '-1'
      pragma:
      - no-cache
      server:
      - nginx
      strict-transport-security:
      - max-age=31536000; includeSubDomains
      transfer-encoding:
      - chunked
      vary:
      - Accept-Encoding
      x-content-type-options:
      - nosniff
      x-ms-ratelimit-remaining-subscription-writes:
      - '1199'
    status:
      code: 200
      message: OK
- request:
    body: null
    headers:
      Accept:
      - application/json
      Accept-Encoding:
      - gzip, deflate
      CommandName:
      - aks delete
      Connection:
      - keep-alive
      Content-Length:
      - '0'
      ParameterSetName:
      - -g -n --yes --no-wait
      User-Agent:
      - AZURECLI/2.38.0 azsdk-python-azure-mgmt-containerservice/20.2.0 Python/3.8.10
        (Linux-5.15.0-1014-azure-x86_64-with-glibc2.29)
    method: DELETE
    uri: https://management.azure.com/subscriptions/00000000-0000-0000-0000-000000000000/resourceGroups/clitest000001/providers/Microsoft.ContainerService/managedClusters/cliakstest000001?api-version=2022-06-01
  response:
    body:
      string: ''
    headers:
      azure-asyncoperation:
      - https://management.azure.com/subscriptions/00000000-0000-0000-0000-000000000000/providers/Microsoft.ContainerService/locations/westus2/operations/0578d9e1-2e92-41a7-80d3-76aecbc74390?api-version=2016-03-30
      cache-control:
      - no-cache
      content-length:
      - '0'
      date:
      - Mon, 25 Jul 2022 06:31:39 GMT
      expires:
      - '-1'
      location:
      - https://management.azure.com/subscriptions/00000000-0000-0000-0000-000000000000/providers/Microsoft.ContainerService/locations/westus2/operationresults/0578d9e1-2e92-41a7-80d3-76aecbc74390?api-version=2016-03-30
      pragma:
      - no-cache
      server:
      - nginx
      strict-transport-security:
      - max-age=31536000; includeSubDomains
      x-content-type-options:
      - nosniff
      x-ms-ratelimit-remaining-subscription-deletes:
      - '14999'
    status:
      code: 202
      message: Accepted
version: 1
