interactions:
- request:
    body: null
    headers:
      Accept:
      - application/json
      Accept-Encoding:
      - gzip, deflate
      CommandName:
      - aks create
      Connection:
      - keep-alive
      ParameterSetName:
      - --resource-group --name --nodepool-name -c --ssh-key-value
      User-Agent:
      - AZURECLI/2.34.1 azsdk-python-azure-mgmt-resource/20.0.0 Python/3.8.10 (Linux-5.13.0-1017-azure-x86_64-with-glibc2.29)
    method: GET
    uri: https://management.azure.com/subscriptions/00000000-0000-0000-0000-000000000000/resourcegroups/clitest000001?api-version=2021-04-01
  response:
    body:
      string: '{"id":"/subscriptions/00000000-0000-0000-0000-000000000000/resourceGroups/clitest000001","name":"clitest000001","type":"Microsoft.Resources/resourceGroups","location":"westus2","tags":{"product":"azurecli","cause":"automation","date":"2022-03-25T05:39:56Z"},"properties":{"provisioningState":"Succeeded"}}'
    headers:
      cache-control:
      - no-cache
      content-length:
      - '305'
      content-type:
      - application/json; charset=utf-8
      date:
      - Fri, 25 Mar 2022 05:39:57 GMT
      expires:
      - '-1'
      pragma:
      - no-cache
      strict-transport-security:
      - max-age=31536000; includeSubDomains
      vary:
      - Accept-Encoding
      x-content-type-options:
      - nosniff
    status:
      code: 200
      message: OK
- request:
    body: '{"location": "westus2", "identity": {"type": "SystemAssigned"}, "properties":
      {"kubernetesVersion": "", "dnsPrefix": "cliakstest-clitestm3mndddjw-79a739",
      "agentPoolProfiles": [{"count": 1, "vmSize": "Standard_DS2_v2", "osType": "Linux",
      "enableAutoScaling": false, "type": "VirtualMachineScaleSets", "mode": "System",
      "enableNodePublicIP": false, "scaleSetPriority": "Regular", "scaleSetEvictionPolicy":
      "Delete", "spotMaxPrice": -1.0, "enableEncryptionAtHost": false, "enableUltraSSD":
      false, "enableFIPS": false, "name": "c000003"}], "linuxProfile": {"adminUsername":
      "azureuser", "ssh": {"publicKeys": [{"keyData": "ssh-rsa AAAAB3NzaC1yc2EAAAADAQABAAABAQDb7ZVBup3y1RYbGDyGyuOQrULWhQSzhTifTEMKG0Lc5hnGPJY8GGKIRx4MDxX03aVBY3izux3vtYV9U+fwqoj6MmhK8uFMXq62IoY5wDlE1dLqsSGkt486bYqIIlWw0JcMRTI2uqCgkFvOvi8yKgFg41Vhg8yxJNrH5xNpE8+a6bLxOezjYx6niDEZYR+lASfdWpAr9C8HftZ9UMC93JPRqgI/iswHkQiz7AjeBnw8dhek0PJ/sLausN27KVhcH0pbTxpX9eQntAeHAKRQAJyWmdQ+7gueqE/VDukCjanQi0zKQvAhaeFiMsthqM6vNzAlqT4gpEzqwJLQgz8vjGFt
      azcli_aks_live_test@example.com\n"}]}}, "addonProfiles": {}, "enableRBAC": true,
      "networkProfile": {"networkPlugin": "kubenet", "podCidr": "10.244.0.0/16", "serviceCidr":
      "10.0.0.0/16", "dnsServiceIP": "10.0.0.10", "dockerBridgeCidr": "172.17.0.1/16",
      "outboundType": "loadBalancer", "loadBalancerSku": "standard"}, "disableLocalAccounts":
      false}}'
    headers:
      Accept:
      - application/json
      Accept-Encoding:
      - gzip, deflate
      CommandName:
      - aks create
      Connection:
      - keep-alive
      Content-Length:
      - '1348'
      Content-Type:
      - application/json
      ParameterSetName:
      - --resource-group --name --nodepool-name -c --ssh-key-value
      User-Agent:
      - AZURECLI/2.34.1 azsdk-python-azure-mgmt-containerservice/18.0.0 Python/3.8.10
        (Linux-5.13.0-1017-azure-x86_64-with-glibc2.29)
    method: PUT
    uri: https://management.azure.com/subscriptions/00000000-0000-0000-0000-000000000000/resourceGroups/clitest000001/providers/Microsoft.ContainerService/managedClusters/cliakstest000002?api-version=2022-02-01
  response:
    body:
      string: "{\n  \"id\": \"/subscriptions/00000000-0000-0000-0000-000000000000/resourcegroups/clitest000001/providers/Microsoft.ContainerService/managedClusters/cliakstest000002\",\n
        \ \"location\": \"westus2\",\n  \"name\": \"cliakstest000002\",\n  \"type\":
        \"Microsoft.ContainerService/ManagedClusters\",\n  \"properties\": {\n   \"provisioningState\":
        \"Creating\",\n   \"powerState\": {\n    \"code\": \"Running\"\n   },\n   \"kubernetesVersion\":
        \"1.21.9\",\n   \"currentKubernetesVersion\": \"1.21.9\",\n   \"dnsPrefix\":
        \"cliakstest-clitestm3mndddjw-79a739\",\n   \"fqdn\": \"cliakstest-clitestm3mndddjw-79a739-d7a598b2.hcp.westus2.azmk8s.io\",\n
        \  \"azurePortalFQDN\": \"cliakstest-clitestm3mndddjw-79a739-d7a598b2.portal.hcp.westus2.azmk8s.io\",\n
        \  \"agentPoolProfiles\": [\n    {\n     \"name\": \"c000003\",\n     \"count\":
        1,\n     \"vmSize\": \"Standard_DS2_v2\",\n     \"osDiskSizeGB\": 128,\n     \"osDiskType\":
        \"Managed\",\n     \"kubeletDiskType\": \"OS\",\n     \"maxPods\": 110,\n
        \    \"type\": \"VirtualMachineScaleSets\",\n     \"enableAutoScaling\": false,\n
        \    \"provisioningState\": \"Creating\",\n     \"powerState\": {\n      \"code\":
        \"Running\"\n     },\n     \"orchestratorVersion\": \"1.21.9\",\n     \"enableNodePublicIP\":
        false,\n     \"mode\": \"System\",\n     \"enableEncryptionAtHost\": false,\n
        \    \"enableUltraSSD\": false,\n     \"osType\": \"Linux\",\n     \"osSKU\":
        \"Ubuntu\",\n     \"nodeImageVersion\": \"AKSUbuntu-1804gen2containerd-2022.03.21\",\n
        \    \"enableFIPS\": false\n    }\n   ],\n   \"linuxProfile\": {\n    \"adminUsername\":
        \"azureuser\",\n    \"ssh\": {\n     \"publicKeys\": [\n      {\n       \"keyData\":
        \"ssh-rsa AAAAB3NzaC1yc2EAAAADAQABAAABAQDb7ZVBup3y1RYbGDyGyuOQrULWhQSzhTifTEMKG0Lc5hnGPJY8GGKIRx4MDxX03aVBY3izux3vtYV9U+fwqoj6MmhK8uFMXq62IoY5wDlE1dLqsSGkt486bYqIIlWw0JcMRTI2uqCgkFvOvi8yKgFg41Vhg8yxJNrH5xNpE8+a6bLxOezjYx6niDEZYR+lASfdWpAr9C8HftZ9UMC93JPRqgI/iswHkQiz7AjeBnw8dhek0PJ/sLausN27KVhcH0pbTxpX9eQntAeHAKRQAJyWmdQ+7gueqE/VDukCjanQi0zKQvAhaeFiMsthqM6vNzAlqT4gpEzqwJLQgz8vjGFt
        azcli_aks_live_test@example.com\\n\"\n      }\n     ]\n    }\n   },\n   \"servicePrincipalProfile\":
        {\n    \"clientId\":\"00000000-0000-0000-0000-000000000001\"\n   },\n   \"nodeResourceGroup\":
        \"MC_clitest000001_cliakstest000002_westus2\",\n   \"enableRBAC\": true,\n
        \  \"networkProfile\": {\n    \"networkPlugin\": \"kubenet\",\n    \"loadBalancerSku\":
        \"standard\",\n    \"loadBalancerProfile\": {\n     \"managedOutboundIPs\":
        {\n      \"count\": 1\n     }\n    },\n    \"podCidr\": \"10.244.0.0/16\",\n
        \   \"serviceCidr\": \"10.0.0.0/16\",\n    \"dnsServiceIP\": \"10.0.0.10\",\n
        \   \"dockerBridgeCidr\": \"172.17.0.1/16\",\n    \"outboundType\": \"loadBalancer\",\n
        \   \"podCidrs\": [\n     \"10.244.0.0/16\"\n    ],\n    \"serviceCidrs\":
        [\n     \"10.0.0.0/16\"\n    ],\n    \"ipFamilies\": [\n     \"IPv4\"\n    ]\n
        \  },\n   \"maxAgentPools\": 100,\n   \"disableLocalAccounts\": false\n  },\n
        \ \"identity\": {\n   \"type\": \"SystemAssigned\",\n   \"principalId\":\"00000000-0000-0000-0000-000000000001\",\n
        \  \"tenantId\": \"72f988bf-86f1-41af-91ab-2d7cd011db47\"\n  },\n  \"sku\":
        {\n   \"name\": \"Basic\",\n   \"tier\": \"Free\"\n  }\n }"
    headers:
      azure-asyncoperation:
      - https://management.azure.com/subscriptions/00000000-0000-0000-0000-000000000000/providers/Microsoft.ContainerService/locations/westus2/operations/b8038ba3-9dfa-423e-a468-0df45384f8d7?api-version=2016-03-30
      cache-control:
      - no-cache
      content-length:
      - '2892'
      content-type:
      - application/json
      date:
      - Fri, 25 Mar 2022 05:39:59 GMT
      expires:
      - '-1'
      pragma:
      - no-cache
      server:
      - nginx
      strict-transport-security:
      - max-age=31536000; includeSubDomains
      x-content-type-options:
      - nosniff
      x-ms-ratelimit-remaining-subscription-writes:
      - '1195'
    status:
      code: 201
      message: Created
- request:
    body: null
    headers:
      Accept:
      - '*/*'
      Accept-Encoding:
      - gzip, deflate
      CommandName:
      - aks create
      Connection:
      - keep-alive
      ParameterSetName:
      - --resource-group --name --nodepool-name -c --ssh-key-value
      User-Agent:
      - AZURECLI/2.34.1 azsdk-python-azure-mgmt-containerservice/18.0.0 Python/3.8.10
        (Linux-5.13.0-1017-azure-x86_64-with-glibc2.29)
    method: GET
    uri: https://management.azure.com/subscriptions/00000000-0000-0000-0000-000000000000/providers/Microsoft.ContainerService/locations/westus2/operations/b8038ba3-9dfa-423e-a468-0df45384f8d7?api-version=2016-03-30
  response:
    body:
      string: "{\n  \"name\": \"a38b03b8-fa9d-3e42-a468-0df45384f8d7\",\n  \"status\":
        \"InProgress\",\n  \"startTime\": \"2022-03-25T05:40:00.2Z\"\n }"
    headers:
      cache-control:
      - no-cache
      content-length:
      - '120'
      content-type:
      - application/json
      date:
      - Fri, 25 Mar 2022 05:40:30 GMT
      expires:
      - '-1'
      pragma:
      - no-cache
      server:
      - nginx
      strict-transport-security:
      - max-age=31536000; includeSubDomains
      transfer-encoding:
      - chunked
      vary:
      - Accept-Encoding
      x-content-type-options:
      - nosniff
    status:
      code: 200
      message: OK
- request:
    body: null
    headers:
      Accept:
      - '*/*'
      Accept-Encoding:
      - gzip, deflate
      CommandName:
      - aks create
      Connection:
      - keep-alive
      ParameterSetName:
      - --resource-group --name --nodepool-name -c --ssh-key-value
      User-Agent:
      - AZURECLI/2.34.1 azsdk-python-azure-mgmt-containerservice/18.0.0 Python/3.8.10
        (Linux-5.13.0-1017-azure-x86_64-with-glibc2.29)
    method: GET
    uri: https://management.azure.com/subscriptions/00000000-0000-0000-0000-000000000000/providers/Microsoft.ContainerService/locations/westus2/operations/b8038ba3-9dfa-423e-a468-0df45384f8d7?api-version=2016-03-30
  response:
    body:
      string: "{\n  \"name\": \"a38b03b8-fa9d-3e42-a468-0df45384f8d7\",\n  \"status\":
        \"InProgress\",\n  \"startTime\": \"2022-03-25T05:40:00.2Z\"\n }"
    headers:
      cache-control:
      - no-cache
      content-length:
      - '120'
      content-type:
      - application/json
      date:
      - Fri, 25 Mar 2022 05:41:00 GMT
      expires:
      - '-1'
      pragma:
      - no-cache
      server:
      - nginx
      strict-transport-security:
      - max-age=31536000; includeSubDomains
      transfer-encoding:
      - chunked
      vary:
      - Accept-Encoding
      x-content-type-options:
      - nosniff
    status:
      code: 200
      message: OK
- request:
    body: null
    headers:
      Accept:
      - '*/*'
      Accept-Encoding:
      - gzip, deflate
      CommandName:
      - aks create
      Connection:
      - keep-alive
      ParameterSetName:
      - --resource-group --name --nodepool-name -c --ssh-key-value
      User-Agent:
      - AZURECLI/2.34.1 azsdk-python-azure-mgmt-containerservice/18.0.0 Python/3.8.10
        (Linux-5.13.0-1017-azure-x86_64-with-glibc2.29)
    method: GET
    uri: https://management.azure.com/subscriptions/00000000-0000-0000-0000-000000000000/providers/Microsoft.ContainerService/locations/westus2/operations/b8038ba3-9dfa-423e-a468-0df45384f8d7?api-version=2016-03-30
  response:
    body:
      string: "{\n  \"name\": \"a38b03b8-fa9d-3e42-a468-0df45384f8d7\",\n  \"status\":
        \"InProgress\",\n  \"startTime\": \"2022-03-25T05:40:00.2Z\"\n }"
    headers:
      cache-control:
      - no-cache
      content-length:
      - '120'
      content-type:
      - application/json
      date:
      - Fri, 25 Mar 2022 05:41:29 GMT
      expires:
      - '-1'
      pragma:
      - no-cache
      server:
      - nginx
      strict-transport-security:
      - max-age=31536000; includeSubDomains
      transfer-encoding:
      - chunked
      vary:
      - Accept-Encoding
      x-content-type-options:
      - nosniff
    status:
      code: 200
      message: OK
- request:
    body: null
    headers:
      Accept:
      - '*/*'
      Accept-Encoding:
      - gzip, deflate
      CommandName:
      - aks create
      Connection:
      - keep-alive
      ParameterSetName:
      - --resource-group --name --nodepool-name -c --ssh-key-value
      User-Agent:
      - AZURECLI/2.34.1 azsdk-python-azure-mgmt-containerservice/18.0.0 Python/3.8.10
        (Linux-5.13.0-1017-azure-x86_64-with-glibc2.29)
    method: GET
    uri: https://management.azure.com/subscriptions/00000000-0000-0000-0000-000000000000/providers/Microsoft.ContainerService/locations/westus2/operations/b8038ba3-9dfa-423e-a468-0df45384f8d7?api-version=2016-03-30
  response:
    body:
      string: "{\n  \"name\": \"a38b03b8-fa9d-3e42-a468-0df45384f8d7\",\n  \"status\":
        \"InProgress\",\n  \"startTime\": \"2022-03-25T05:40:00.2Z\"\n }"
    headers:
      cache-control:
      - no-cache
      content-length:
      - '120'
      content-type:
      - application/json
      date:
      - Fri, 25 Mar 2022 05:41:59 GMT
      expires:
      - '-1'
      pragma:
      - no-cache
      server:
      - nginx
      strict-transport-security:
      - max-age=31536000; includeSubDomains
      transfer-encoding:
      - chunked
      vary:
      - Accept-Encoding
      x-content-type-options:
      - nosniff
    status:
      code: 200
      message: OK
- request:
    body: null
    headers:
      Accept:
      - '*/*'
      Accept-Encoding:
      - gzip, deflate
      CommandName:
      - aks create
      Connection:
      - keep-alive
      ParameterSetName:
      - --resource-group --name --nodepool-name -c --ssh-key-value
      User-Agent:
      - AZURECLI/2.34.1 azsdk-python-azure-mgmt-containerservice/18.0.0 Python/3.8.10
        (Linux-5.13.0-1017-azure-x86_64-with-glibc2.29)
    method: GET
    uri: https://management.azure.com/subscriptions/00000000-0000-0000-0000-000000000000/providers/Microsoft.ContainerService/locations/westus2/operations/b8038ba3-9dfa-423e-a468-0df45384f8d7?api-version=2016-03-30
  response:
    body:
      string: "{\n  \"name\": \"a38b03b8-fa9d-3e42-a468-0df45384f8d7\",\n  \"status\":
        \"InProgress\",\n  \"startTime\": \"2022-03-25T05:40:00.2Z\"\n }"
    headers:
      cache-control:
      - no-cache
      content-length:
      - '120'
      content-type:
      - application/json
      date:
      - Fri, 25 Mar 2022 05:42:30 GMT
      expires:
      - '-1'
      pragma:
      - no-cache
      server:
      - nginx
      strict-transport-security:
      - max-age=31536000; includeSubDomains
      transfer-encoding:
      - chunked
      vary:
      - Accept-Encoding
      x-content-type-options:
      - nosniff
    status:
      code: 200
      message: OK
- request:
    body: null
    headers:
      Accept:
      - '*/*'
      Accept-Encoding:
      - gzip, deflate
      CommandName:
      - aks create
      Connection:
      - keep-alive
      ParameterSetName:
      - --resource-group --name --nodepool-name -c --ssh-key-value
      User-Agent:
      - AZURECLI/2.34.1 azsdk-python-azure-mgmt-containerservice/18.0.0 Python/3.8.10
        (Linux-5.13.0-1017-azure-x86_64-with-glibc2.29)
    method: GET
    uri: https://management.azure.com/subscriptions/00000000-0000-0000-0000-000000000000/providers/Microsoft.ContainerService/locations/westus2/operations/b8038ba3-9dfa-423e-a468-0df45384f8d7?api-version=2016-03-30
  response:
    body:
      string: "{\n  \"name\": \"a38b03b8-fa9d-3e42-a468-0df45384f8d7\",\n  \"status\":
        \"InProgress\",\n  \"startTime\": \"2022-03-25T05:40:00.2Z\"\n }"
    headers:
      cache-control:
      - no-cache
      content-length:
      - '120'
      content-type:
      - application/json
      date:
      - Fri, 25 Mar 2022 05:43:00 GMT
      expires:
      - '-1'
      pragma:
      - no-cache
      server:
      - nginx
      strict-transport-security:
      - max-age=31536000; includeSubDomains
      transfer-encoding:
      - chunked
      vary:
      - Accept-Encoding
      x-content-type-options:
      - nosniff
    status:
      code: 200
      message: OK
- request:
    body: null
    headers:
      Accept:
      - '*/*'
      Accept-Encoding:
      - gzip, deflate
      CommandName:
      - aks create
      Connection:
      - keep-alive
      ParameterSetName:
      - --resource-group --name --nodepool-name -c --ssh-key-value
      User-Agent:
      - AZURECLI/2.34.1 azsdk-python-azure-mgmt-containerservice/18.0.0 Python/3.8.10
        (Linux-5.13.0-1017-azure-x86_64-with-glibc2.29)
    method: GET
    uri: https://management.azure.com/subscriptions/00000000-0000-0000-0000-000000000000/providers/Microsoft.ContainerService/locations/westus2/operations/b8038ba3-9dfa-423e-a468-0df45384f8d7?api-version=2016-03-30
  response:
    body:
      string: "{\n  \"name\": \"a38b03b8-fa9d-3e42-a468-0df45384f8d7\",\n  \"status\":
        \"InProgress\",\n  \"startTime\": \"2022-03-25T05:40:00.2Z\"\n }"
    headers:
      cache-control:
      - no-cache
      content-length:
      - '120'
      content-type:
      - application/json
      date:
      - Fri, 25 Mar 2022 05:43:30 GMT
      expires:
      - '-1'
      pragma:
      - no-cache
      server:
      - nginx
      strict-transport-security:
      - max-age=31536000; includeSubDomains
      transfer-encoding:
      - chunked
      vary:
      - Accept-Encoding
      x-content-type-options:
      - nosniff
    status:
      code: 200
      message: OK
- request:
    body: null
    headers:
      Accept:
      - '*/*'
      Accept-Encoding:
      - gzip, deflate
      CommandName:
      - aks create
      Connection:
      - keep-alive
      ParameterSetName:
      - --resource-group --name --nodepool-name -c --ssh-key-value
      User-Agent:
      - AZURECLI/2.34.1 azsdk-python-azure-mgmt-containerservice/18.0.0 Python/3.8.10
        (Linux-5.13.0-1017-azure-x86_64-with-glibc2.29)
    method: GET
    uri: https://management.azure.com/subscriptions/00000000-0000-0000-0000-000000000000/providers/Microsoft.ContainerService/locations/westus2/operations/b8038ba3-9dfa-423e-a468-0df45384f8d7?api-version=2016-03-30
  response:
    body:
      string: "{\n  \"name\": \"a38b03b8-fa9d-3e42-a468-0df45384f8d7\",\n  \"status\":
        \"InProgress\",\n  \"startTime\": \"2022-03-25T05:40:00.2Z\"\n }"
    headers:
      cache-control:
      - no-cache
      content-length:
      - '120'
      content-type:
      - application/json
      date:
      - Fri, 25 Mar 2022 05:43:59 GMT
      expires:
      - '-1'
      pragma:
      - no-cache
      server:
      - nginx
      strict-transport-security:
      - max-age=31536000; includeSubDomains
      transfer-encoding:
      - chunked
      vary:
      - Accept-Encoding
      x-content-type-options:
      - nosniff
    status:
      code: 200
      message: OK
- request:
    body: null
    headers:
      Accept:
      - '*/*'
      Accept-Encoding:
      - gzip, deflate
      CommandName:
      - aks create
      Connection:
      - keep-alive
      ParameterSetName:
      - --resource-group --name --nodepool-name -c --ssh-key-value
      User-Agent:
      - AZURECLI/2.34.1 azsdk-python-azure-mgmt-containerservice/18.0.0 Python/3.8.10
        (Linux-5.13.0-1017-azure-x86_64-with-glibc2.29)
    method: GET
    uri: https://management.azure.com/subscriptions/00000000-0000-0000-0000-000000000000/providers/Microsoft.ContainerService/locations/westus2/operations/b8038ba3-9dfa-423e-a468-0df45384f8d7?api-version=2016-03-30
  response:
    body:
      string: "{\n  \"name\": \"a38b03b8-fa9d-3e42-a468-0df45384f8d7\",\n  \"status\":
        \"Succeeded\",\n  \"startTime\": \"2022-03-25T05:40:00.2Z\",\n  \"endTime\":
        \"2022-03-25T05:44:06.2380565Z\"\n }"
    headers:
      cache-control:
      - no-cache
      content-length:
      - '164'
      content-type:
      - application/json
      date:
      - Fri, 25 Mar 2022 05:44:30 GMT
      expires:
      - '-1'
      pragma:
      - no-cache
      server:
      - nginx
      strict-transport-security:
      - max-age=31536000; includeSubDomains
      transfer-encoding:
      - chunked
      vary:
      - Accept-Encoding
      x-content-type-options:
      - nosniff
    status:
      code: 200
      message: OK
- request:
    body: null
    headers:
      Accept:
      - '*/*'
      Accept-Encoding:
      - gzip, deflate
      CommandName:
      - aks create
      Connection:
      - keep-alive
      ParameterSetName:
      - --resource-group --name --nodepool-name -c --ssh-key-value
      User-Agent:
      - AZURECLI/2.34.1 azsdk-python-azure-mgmt-containerservice/18.0.0 Python/3.8.10
        (Linux-5.13.0-1017-azure-x86_64-with-glibc2.29)
    method: GET
    uri: https://management.azure.com/subscriptions/00000000-0000-0000-0000-000000000000/resourceGroups/clitest000001/providers/Microsoft.ContainerService/managedClusters/cliakstest000002?api-version=2022-02-01
  response:
    body:
      string: "{\n  \"id\": \"/subscriptions/00000000-0000-0000-0000-000000000000/resourcegroups/clitest000001/providers/Microsoft.ContainerService/managedClusters/cliakstest000002\",\n
        \ \"location\": \"westus2\",\n  \"name\": \"cliakstest000002\",\n  \"type\":
        \"Microsoft.ContainerService/ManagedClusters\",\n  \"properties\": {\n   \"provisioningState\":
        \"Succeeded\",\n   \"powerState\": {\n    \"code\": \"Running\"\n   },\n   \"kubernetesVersion\":
        \"1.21.9\",\n   \"currentKubernetesVersion\": \"1.21.9\",\n   \"dnsPrefix\":
        \"cliakstest-clitestm3mndddjw-79a739\",\n   \"fqdn\": \"cliakstest-clitestm3mndddjw-79a739-d7a598b2.hcp.westus2.azmk8s.io\",\n
        \  \"azurePortalFQDN\": \"cliakstest-clitestm3mndddjw-79a739-d7a598b2.portal.hcp.westus2.azmk8s.io\",\n
        \  \"agentPoolProfiles\": [\n    {\n     \"name\": \"c000003\",\n     \"count\":
        1,\n     \"vmSize\": \"Standard_DS2_v2\",\n     \"osDiskSizeGB\": 128,\n     \"osDiskType\":
        \"Managed\",\n     \"kubeletDiskType\": \"OS\",\n     \"maxPods\": 110,\n
        \    \"type\": \"VirtualMachineScaleSets\",\n     \"enableAutoScaling\": false,\n
        \    \"provisioningState\": \"Succeeded\",\n     \"powerState\": {\n      \"code\":
        \"Running\"\n     },\n     \"orchestratorVersion\": \"1.21.9\",\n     \"enableNodePublicIP\":
        false,\n     \"mode\": \"System\",\n     \"enableEncryptionAtHost\": false,\n
        \    \"enableUltraSSD\": false,\n     \"osType\": \"Linux\",\n     \"osSKU\":
        \"Ubuntu\",\n     \"nodeImageVersion\": \"AKSUbuntu-1804gen2containerd-2022.03.21\",\n
        \    \"enableFIPS\": false\n    }\n   ],\n   \"linuxProfile\": {\n    \"adminUsername\":
        \"azureuser\",\n    \"ssh\": {\n     \"publicKeys\": [\n      {\n       \"keyData\":
        \"ssh-rsa AAAAB3NzaC1yc2EAAAADAQABAAABAQDb7ZVBup3y1RYbGDyGyuOQrULWhQSzhTifTEMKG0Lc5hnGPJY8GGKIRx4MDxX03aVBY3izux3vtYV9U+fwqoj6MmhK8uFMXq62IoY5wDlE1dLqsSGkt486bYqIIlWw0JcMRTI2uqCgkFvOvi8yKgFg41Vhg8yxJNrH5xNpE8+a6bLxOezjYx6niDEZYR+lASfdWpAr9C8HftZ9UMC93JPRqgI/iswHkQiz7AjeBnw8dhek0PJ/sLausN27KVhcH0pbTxpX9eQntAeHAKRQAJyWmdQ+7gueqE/VDukCjanQi0zKQvAhaeFiMsthqM6vNzAlqT4gpEzqwJLQgz8vjGFt
        azcli_aks_live_test@example.com\\n\"\n      }\n     ]\n    }\n   },\n   \"servicePrincipalProfile\":
        {\n    \"clientId\":\"00000000-0000-0000-0000-000000000001\"\n   },\n   \"nodeResourceGroup\":
        \"MC_clitest000001_cliakstest000002_westus2\",\n   \"enableRBAC\": true,\n
        \  \"networkProfile\": {\n    \"networkPlugin\": \"kubenet\",\n    \"loadBalancerSku\":
        \"Standard\",\n    \"loadBalancerProfile\": {\n     \"managedOutboundIPs\":
        {\n      \"count\": 1\n     },\n     \"effectiveOutboundIPs\": [\n      {\n
        \      \"id\": \"/subscriptions/00000000-0000-0000-0000-000000000000/resourceGroups/MC_clitest000001_cliakstest000002_westus2/providers/Microsoft.Network/publicIPAddresses/3d70a1f7-bb7d-4ba9-b1e4-756dc07a280a\"\n
        \     }\n     ]\n    },\n    \"podCidr\": \"10.244.0.0/16\",\n    \"serviceCidr\":
        \"10.0.0.0/16\",\n    \"dnsServiceIP\": \"10.0.0.10\",\n    \"dockerBridgeCidr\":
        \"172.17.0.1/16\",\n    \"outboundType\": \"loadBalancer\",\n    \"podCidrs\":
        [\n     \"10.244.0.0/16\"\n    ],\n    \"serviceCidrs\": [\n     \"10.0.0.0/16\"\n
        \   ],\n    \"ipFamilies\": [\n     \"IPv4\"\n    ]\n   },\n   \"maxAgentPools\":
        100,\n   \"identityProfile\": {\n    \"kubeletidentity\": {\n     \"resourceId\":
        \"/subscriptions/00000000-0000-0000-0000-000000000000/resourcegroups/MC_clitest000001_cliakstest000002_westus2/providers/Microsoft.ManagedIdentity/userAssignedIdentities/cliakstest000002-agentpool\",\n
        \    \"clientId\":\"00000000-0000-0000-0000-000000000001\",\n     \"objectId\":\"00000000-0000-0000-0000-000000000001\"\n
        \   }\n   },\n   \"disableLocalAccounts\": false\n  },\n  \"identity\": {\n
        \  \"type\": \"SystemAssigned\",\n   \"principalId\":\"00000000-0000-0000-0000-000000000001\",\n
        \  \"tenantId\": \"72f988bf-86f1-41af-91ab-2d7cd011db47\"\n  },\n  \"sku\":
        {\n   \"name\": \"Basic\",\n   \"tier\": \"Free\"\n  }\n }"
    headers:
      cache-control:
      - no-cache
      content-length:
      - '3545'
      content-type:
      - application/json
      date:
      - Fri, 25 Mar 2022 05:44:30 GMT
      expires:
      - '-1'
      pragma:
      - no-cache
      server:
      - nginx
      strict-transport-security:
      - max-age=31536000; includeSubDomains
      transfer-encoding:
      - chunked
      vary:
      - Accept-Encoding
      x-content-type-options:
      - nosniff
    status:
      code: 200
      message: OK
- request:
    body: null
    headers:
      Accept:
      - application/json
      Accept-Encoding:
      - gzip, deflate
      CommandName:
      - aks nodepool add
      Connection:
      - keep-alive
      ParameterSetName:
      - --resource-group --cluster-name --name --os-sku
      User-Agent:
      - AZURECLI/2.34.1 azsdk-python-azure-mgmt-containerservice/18.0.0 Python/3.8.10
        (Linux-5.13.0-1017-azure-x86_64-with-glibc2.29)
    method: GET
    uri: https://management.azure.com/subscriptions/00000000-0000-0000-0000-000000000000/resourceGroups/clitest000001/providers/Microsoft.ContainerService/managedClusters/cliakstest000002/agentPools?api-version=2022-02-01
  response:
    body:
      string: "{\n  \"value\": [\n   {\n    \"id\": \"/subscriptions/00000000-0000-0000-0000-000000000000/resourcegroups/clitest000001/providers/Microsoft.ContainerService/managedClusters/cliakstest000002/agentPools/c000003\",\n
        \   \"name\": \"c000003\",\n    \"type\": \"Microsoft.ContainerService/managedClusters/agentPools\",\n
        \   \"properties\": {\n     \"count\": 1,\n     \"vmSize\": \"Standard_DS2_v2\",\n
        \    \"osDiskSizeGB\": 128,\n     \"osDiskType\": \"Managed\",\n     \"kubeletDiskType\":
        \"OS\",\n     \"maxPods\": 110,\n     \"type\": \"VirtualMachineScaleSets\",\n
        \    \"enableAutoScaling\": false,\n     \"provisioningState\": \"Succeeded\",\n
        \    \"powerState\": {\n      \"code\": \"Running\"\n     },\n     \"orchestratorVersion\":
        \"1.21.9\",\n     \"enableNodePublicIP\": false,\n     \"mode\": \"System\",\n
        \    \"enableEncryptionAtHost\": false,\n     \"enableUltraSSD\": false,\n
        \    \"osType\": \"Linux\",\n     \"osSKU\": \"Ubuntu\",\n     \"nodeImageVersion\":
        \"AKSUbuntu-1804gen2containerd-2022.03.21\",\n     \"enableFIPS\": false\n
        \   }\n   }\n  ]\n }"
    headers:
      cache-control:
      - no-cache
      content-length:
      - '959'
      content-type:
      - application/json
      date:
      - Fri, 25 Mar 2022 05:44:31 GMT
      expires:
      - '-1'
      pragma:
      - no-cache
      server:
      - nginx
      strict-transport-security:
      - max-age=31536000; includeSubDomains
      transfer-encoding:
      - chunked
      vary:
      - Accept-Encoding
      x-content-type-options:
      - nosniff
    status:
      code: 200
      message: OK
- request:
    body: '{"properties": {"count": 3, "vmSize": "Standard_DS2_v2", "osType": "Linux",
      "osSKU": "CBLMariner", "scaleDownMode": "Delete", "mode": "User", "upgradeSettings":
      {}, "enableNodePublicIP": false, "scaleSetPriority": "Regular", "scaleSetEvictionPolicy":
      "Delete", "spotMaxPrice": -1.0, "nodeTaints": [], "enableEncryptionAtHost":
      false, "enableUltraSSD": false, "enableFIPS": false}}'
    headers:
      Accept:
      - application/json
      Accept-Encoding:
      - gzip, deflate
      CommandName:
      - aks nodepool add
      Connection:
      - keep-alive
      Content-Length:
      - '380'
      Content-Type:
      - application/json
      ParameterSetName:
      - --resource-group --cluster-name --name --os-sku
      User-Agent:
      - AZURECLI/2.34.1 azsdk-python-azure-mgmt-containerservice/18.0.0 Python/3.8.10
        (Linux-5.13.0-1017-azure-x86_64-with-glibc2.29)
    method: PUT
    uri: https://management.azure.com/subscriptions/00000000-0000-0000-0000-000000000000/resourceGroups/clitest000001/providers/Microsoft.ContainerService/managedClusters/cliakstest000002/agentPools/c000004?api-version=2022-02-01
  response:
    body:
      string: "{\n  \"id\": \"/subscriptions/00000000-0000-0000-0000-000000000000/resourcegroups/clitest000001/providers/Microsoft.ContainerService/managedClusters/cliakstest000002/agentPools/c000004\",\n
        \ \"name\": \"c000004\",\n  \"type\": \"Microsoft.ContainerService/managedClusters/agentPools\",\n
        \ \"properties\": {\n   \"count\": 3,\n   \"vmSize\": \"Standard_DS2_v2\",\n
        \  \"osDiskSizeGB\": 128,\n   \"osDiskType\": \"Managed\",\n   \"kubeletDiskType\":
        \"OS\",\n   \"maxPods\": 110,\n   \"type\": \"VirtualMachineScaleSets\",\n
        \  \"scaleDownMode\": \"Delete\",\n   \"provisioningState\": \"Creating\",\n
        \  \"powerState\": {\n    \"code\": \"Running\"\n   },\n   \"orchestratorVersion\":
        \"1.21.9\",\n   \"enableNodePublicIP\": false,\n   \"mode\": \"User\",\n   \"enableEncryptionAtHost\":
        false,\n   \"enableUltraSSD\": false,\n   \"osType\": \"Linux\",\n   \"osSKU\":
        \"CBLMariner\",\n   \"nodeImageVersion\": \"AKSCBLMariner-V1-2022.02.19\",\n
        \  \"upgradeSettings\": {},\n   \"enableFIPS\": false\n  }\n }"
    headers:
      azure-asyncoperation:
      - https://management.azure.com/subscriptions/00000000-0000-0000-0000-000000000000/providers/Microsoft.ContainerService/locations/westus2/operations/1c600ad8-58d7-4ce5-8bf5-603432dd362d?api-version=2016-03-30
      cache-control:
      - no-cache
      content-length:
      - '894'
      content-type:
      - application/json
      date:
      - Fri, 25 Mar 2022 05:44:34 GMT
      expires:
      - '-1'
      pragma:
      - no-cache
      server:
      - nginx
      strict-transport-security:
      - max-age=31536000; includeSubDomains
      x-content-type-options:
      - nosniff
      x-ms-ratelimit-remaining-subscription-writes:
      - '1192'
    status:
      code: 201
      message: Created
- request:
    body: null
    headers:
      Accept:
      - '*/*'
      Accept-Encoding:
      - gzip, deflate
      CommandName:
      - aks nodepool add
      Connection:
      - keep-alive
      ParameterSetName:
      - --resource-group --cluster-name --name --os-sku
      User-Agent:
      - AZURECLI/2.34.1 azsdk-python-azure-mgmt-containerservice/18.0.0 Python/3.8.10
        (Linux-5.13.0-1017-azure-x86_64-with-glibc2.29)
    method: GET
    uri: https://management.azure.com/subscriptions/00000000-0000-0000-0000-000000000000/providers/Microsoft.ContainerService/locations/westus2/operations/1c600ad8-58d7-4ce5-8bf5-603432dd362d?api-version=2016-03-30
  response:
    body:
      string: "{\n  \"name\": \"d80a601c-d758-e54c-8bf5-603432dd362d\",\n  \"status\":
        \"InProgress\",\n  \"startTime\": \"2022-03-25T05:44:35.2033333Z\"\n }"
    headers:
      cache-control:
      - no-cache
      content-length:
      - '126'
      content-type:
      - application/json
      date:
      - Fri, 25 Mar 2022 05:45:04 GMT
      expires:
      - '-1'
      pragma:
      - no-cache
      server:
      - nginx
      strict-transport-security:
      - max-age=31536000; includeSubDomains
      transfer-encoding:
      - chunked
      vary:
      - Accept-Encoding
      x-content-type-options:
      - nosniff
    status:
      code: 200
      message: OK
- request:
    body: null
    headers:
      Accept:
      - '*/*'
      Accept-Encoding:
      - gzip, deflate
      CommandName:
      - aks nodepool add
      Connection:
      - keep-alive
      ParameterSetName:
      - --resource-group --cluster-name --name --os-sku
      User-Agent:
      - AZURECLI/2.34.1 azsdk-python-azure-mgmt-containerservice/18.0.0 Python/3.8.10
        (Linux-5.13.0-1017-azure-x86_64-with-glibc2.29)
    method: GET
    uri: https://management.azure.com/subscriptions/00000000-0000-0000-0000-000000000000/providers/Microsoft.ContainerService/locations/westus2/operations/1c600ad8-58d7-4ce5-8bf5-603432dd362d?api-version=2016-03-30
  response:
    body:
      string: "{\n  \"name\": \"d80a601c-d758-e54c-8bf5-603432dd362d\",\n  \"status\":
        \"InProgress\",\n  \"startTime\": \"2022-03-25T05:44:35.2033333Z\"\n }"
    headers:
      cache-control:
      - no-cache
      content-length:
      - '126'
      content-type:
      - application/json
      date:
      - Fri, 25 Mar 2022 05:45:35 GMT
      expires:
      - '-1'
      pragma:
      - no-cache
      server:
      - nginx
      strict-transport-security:
      - max-age=31536000; includeSubDomains
      transfer-encoding:
      - chunked
      vary:
      - Accept-Encoding
      x-content-type-options:
      - nosniff
    status:
      code: 200
      message: OK
- request:
    body: null
    headers:
      Accept:
      - '*/*'
      Accept-Encoding:
      - gzip, deflate
      CommandName:
      - aks nodepool add
      Connection:
      - keep-alive
      ParameterSetName:
      - --resource-group --cluster-name --name --os-sku
      User-Agent:
      - AZURECLI/2.34.1 azsdk-python-azure-mgmt-containerservice/18.0.0 Python/3.8.10
        (Linux-5.13.0-1017-azure-x86_64-with-glibc2.29)
    method: GET
    uri: https://management.azure.com/subscriptions/00000000-0000-0000-0000-000000000000/providers/Microsoft.ContainerService/locations/westus2/operations/1c600ad8-58d7-4ce5-8bf5-603432dd362d?api-version=2016-03-30
  response:
    body:
      string: "{\n  \"name\": \"d80a601c-d758-e54c-8bf5-603432dd362d\",\n  \"status\":
        \"InProgress\",\n  \"startTime\": \"2022-03-25T05:44:35.2033333Z\"\n }"
    headers:
      cache-control:
      - no-cache
      content-length:
      - '126'
      content-type:
      - application/json
      date:
      - Fri, 25 Mar 2022 05:46:05 GMT
      expires:
      - '-1'
      pragma:
      - no-cache
      server:
      - nginx
      strict-transport-security:
      - max-age=31536000; includeSubDomains
      transfer-encoding:
      - chunked
      vary:
      - Accept-Encoding
      x-content-type-options:
      - nosniff
    status:
      code: 200
      message: OK
- request:
    body: null
    headers:
      Accept:
      - '*/*'
      Accept-Encoding:
      - gzip, deflate
      CommandName:
      - aks nodepool add
      Connection:
      - keep-alive
      ParameterSetName:
      - --resource-group --cluster-name --name --os-sku
      User-Agent:
      - AZURECLI/2.34.1 azsdk-python-azure-mgmt-containerservice/18.0.0 Python/3.8.10
        (Linux-5.13.0-1017-azure-x86_64-with-glibc2.29)
    method: GET
    uri: https://management.azure.com/subscriptions/00000000-0000-0000-0000-000000000000/providers/Microsoft.ContainerService/locations/westus2/operations/1c600ad8-58d7-4ce5-8bf5-603432dd362d?api-version=2016-03-30
  response:
    body:
      string: "{\n  \"name\": \"d80a601c-d758-e54c-8bf5-603432dd362d\",\n  \"status\":
        \"InProgress\",\n  \"startTime\": \"2022-03-25T05:44:35.2033333Z\"\n }"
    headers:
      cache-control:
      - no-cache
      content-length:
      - '126'
      content-type:
      - application/json
      date:
      - Fri, 25 Mar 2022 05:46:34 GMT
      expires:
      - '-1'
      pragma:
      - no-cache
      server:
      - nginx
      strict-transport-security:
      - max-age=31536000; includeSubDomains
      transfer-encoding:
      - chunked
      vary:
      - Accept-Encoding
      x-content-type-options:
      - nosniff
    status:
      code: 200
      message: OK
- request:
    body: null
    headers:
      Accept:
      - '*/*'
      Accept-Encoding:
      - gzip, deflate
      CommandName:
      - aks nodepool add
      Connection:
      - keep-alive
      ParameterSetName:
      - --resource-group --cluster-name --name --os-sku
      User-Agent:
      - AZURECLI/2.34.1 azsdk-python-azure-mgmt-containerservice/18.0.0 Python/3.8.10
        (Linux-5.13.0-1017-azure-x86_64-with-glibc2.29)
    method: GET
    uri: https://management.azure.com/subscriptions/00000000-0000-0000-0000-000000000000/providers/Microsoft.ContainerService/locations/westus2/operations/1c600ad8-58d7-4ce5-8bf5-603432dd362d?api-version=2016-03-30
  response:
    body:
      string: "{\n  \"name\": \"d80a601c-d758-e54c-8bf5-603432dd362d\",\n  \"status\":
        \"InProgress\",\n  \"startTime\": \"2022-03-25T05:44:35.2033333Z\"\n }"
    headers:
      cache-control:
      - no-cache
      content-length:
      - '126'
      content-type:
      - application/json
      date:
      - Fri, 25 Mar 2022 05:47:05 GMT
      expires:
      - '-1'
      pragma:
      - no-cache
      server:
      - nginx
      strict-transport-security:
      - max-age=31536000; includeSubDomains
      transfer-encoding:
      - chunked
      vary:
      - Accept-Encoding
      x-content-type-options:
      - nosniff
    status:
      code: 200
      message: OK
- request:
    body: null
    headers:
      Accept:
      - '*/*'
      Accept-Encoding:
      - gzip, deflate
      CommandName:
      - aks nodepool add
      Connection:
      - keep-alive
      ParameterSetName:
      - --resource-group --cluster-name --name --os-sku
      User-Agent:
      - AZURECLI/2.34.1 azsdk-python-azure-mgmt-containerservice/18.0.0 Python/3.8.10
        (Linux-5.13.0-1017-azure-x86_64-with-glibc2.29)
    method: GET
    uri: https://management.azure.com/subscriptions/00000000-0000-0000-0000-000000000000/providers/Microsoft.ContainerService/locations/westus2/operations/1c600ad8-58d7-4ce5-8bf5-603432dd362d?api-version=2016-03-30
  response:
    body:
      string: "{\n  \"name\": \"d80a601c-d758-e54c-8bf5-603432dd362d\",\n  \"status\":
        \"InProgress\",\n  \"startTime\": \"2022-03-25T05:44:35.2033333Z\"\n }"
    headers:
      cache-control:
      - no-cache
      content-length:
      - '126'
      content-type:
      - application/json
      date:
      - Fri, 25 Mar 2022 05:47:35 GMT
      expires:
      - '-1'
      pragma:
      - no-cache
      server:
      - nginx
      strict-transport-security:
      - max-age=31536000; includeSubDomains
      transfer-encoding:
      - chunked
      vary:
      - Accept-Encoding
      x-content-type-options:
      - nosniff
    status:
      code: 200
      message: OK
- request:
    body: null
    headers:
      Accept:
      - '*/*'
      Accept-Encoding:
      - gzip, deflate
      CommandName:
      - aks nodepool add
      Connection:
      - keep-alive
      ParameterSetName:
      - --resource-group --cluster-name --name --os-sku
      User-Agent:
      - AZURECLI/2.34.1 azsdk-python-azure-mgmt-containerservice/18.0.0 Python/3.8.10
        (Linux-5.13.0-1017-azure-x86_64-with-glibc2.29)
    method: GET
    uri: https://management.azure.com/subscriptions/00000000-0000-0000-0000-000000000000/providers/Microsoft.ContainerService/locations/westus2/operations/1c600ad8-58d7-4ce5-8bf5-603432dd362d?api-version=2016-03-30
  response:
    body:
      string: "{\n  \"name\": \"d80a601c-d758-e54c-8bf5-603432dd362d\",\n  \"status\":
        \"Succeeded\",\n  \"startTime\": \"2022-03-25T05:44:35.2033333Z\",\n  \"endTime\":
        \"2022-03-25T05:47:55.9735585Z\"\n }"
    headers:
      cache-control:
      - no-cache
      content-length:
      - '170'
      content-type:
      - application/json
      date:
      - Fri, 25 Mar 2022 05:48:05 GMT
      expires:
      - '-1'
      pragma:
      - no-cache
      server:
      - nginx
      strict-transport-security:
      - max-age=31536000; includeSubDomains
      transfer-encoding:
      - chunked
      vary:
      - Accept-Encoding
      x-content-type-options:
      - nosniff
    status:
      code: 200
      message: OK
- request:
    body: null
    headers:
      Accept:
      - '*/*'
      Accept-Encoding:
      - gzip, deflate
      CommandName:
      - aks nodepool add
      Connection:
      - keep-alive
      ParameterSetName:
      - --resource-group --cluster-name --name --os-sku
      User-Agent:
      - AZURECLI/2.34.1 azsdk-python-azure-mgmt-containerservice/18.0.0 Python/3.8.10
        (Linux-5.13.0-1017-azure-x86_64-with-glibc2.29)
    method: GET
    uri: https://management.azure.com/subscriptions/00000000-0000-0000-0000-000000000000/resourceGroups/clitest000001/providers/Microsoft.ContainerService/managedClusters/cliakstest000002/agentPools/c000004?api-version=2022-02-01
  response:
    body:
      string: "{\n  \"id\": \"/subscriptions/00000000-0000-0000-0000-000000000000/resourcegroups/clitest000001/providers/Microsoft.ContainerService/managedClusters/cliakstest000002/agentPools/c000004\",\n
        \ \"name\": \"c000004\",\n  \"type\": \"Microsoft.ContainerService/managedClusters/agentPools\",\n
        \ \"properties\": {\n   \"count\": 3,\n   \"vmSize\": \"Standard_DS2_v2\",\n
        \  \"osDiskSizeGB\": 128,\n   \"osDiskType\": \"Managed\",\n   \"kubeletDiskType\":
        \"OS\",\n   \"maxPods\": 110,\n   \"type\": \"VirtualMachineScaleSets\",\n
        \  \"scaleDownMode\": \"Delete\",\n   \"provisioningState\": \"Succeeded\",\n
        \  \"powerState\": {\n    \"code\": \"Running\"\n   },\n   \"orchestratorVersion\":
        \"1.21.9\",\n   \"enableNodePublicIP\": false,\n   \"mode\": \"User\",\n   \"enableEncryptionAtHost\":
        false,\n   \"enableUltraSSD\": false,\n   \"osType\": \"Linux\",\n   \"osSKU\":
        \"CBLMariner\",\n   \"nodeImageVersion\": \"AKSCBLMariner-V1-2022.02.19\",\n
        \  \"upgradeSettings\": {},\n   \"enableFIPS\": false\n  }\n }"
    headers:
      cache-control:
      - no-cache
      content-length:
      - '895'
      content-type:
      - application/json
      date:
      - Fri, 25 Mar 2022 05:48:05 GMT
      expires:
      - '-1'
      pragma:
      - no-cache
      server:
      - nginx
      strict-transport-security:
      - max-age=31536000; includeSubDomains
      transfer-encoding:
      - chunked
      vary:
      - Accept-Encoding
      x-content-type-options:
      - nosniff
    status:
      code: 200
      message: OK
- request:
    body: null
    headers:
      Accept:
      - application/json
      Accept-Encoding:
      - gzip, deflate
      CommandName:
      - aks delete
      Connection:
      - keep-alive
      Content-Length:
      - '0'
      ParameterSetName:
      - -g -n --yes --no-wait
      User-Agent:
      - AZURECLI/2.34.1 azsdk-python-azure-mgmt-containerservice/18.0.0 Python/3.8.10
        (Linux-5.13.0-1017-azure-x86_64-with-glibc2.29)
    method: DELETE
    uri: https://management.azure.com/subscriptions/00000000-0000-0000-0000-000000000000/resourceGroups/clitest000001/providers/Microsoft.ContainerService/managedClusters/cliakstest000002?api-version=2022-02-01
  response:
    body:
      string: ''
    headers:
      azure-asyncoperation:
      - https://management.azure.com/subscriptions/00000000-0000-0000-0000-000000000000/providers/Microsoft.ContainerService/locations/westus2/operations/b62660ee-1d81-4fd8-87f1-1a731a1710f2?api-version=2016-03-30
      cache-control:
      - no-cache
      content-length:
      - '0'
      date:
      - Fri, 25 Mar 2022 05:48:06 GMT
      expires:
      - '-1'
      location:
      - https://management.azure.com/subscriptions/00000000-0000-0000-0000-000000000000/providers/Microsoft.ContainerService/locations/westus2/operationresults/b62660ee-1d81-4fd8-87f1-1a731a1710f2?api-version=2016-03-30
      pragma:
      - no-cache
      server:
      - nginx
      strict-transport-security:
      - max-age=31536000; includeSubDomains
      x-content-type-options:
      - nosniff
      x-ms-ratelimit-remaining-subscription-deletes:
      - '14996'
    status:
      code: 202
      message: Accepted
version: 1
