interactions:
- request:
    body: null
    headers:
      Accept:
      - application/json
      Accept-Encoding:
      - gzip, deflate
      CommandName:
      - aks create
      Connection:
      - keep-alive
      ParameterSetName:
      - --resource-group --name --enable-fips-image --generate-ssh-keys
      User-Agent:
      - AZURECLI/2.32.0 azsdk-python-azure-mgmt-resource/20.0.0 Python/3.8.10 (Linux-5.11.0-1027-azure-x86_64-with-glibc2.29)
    method: GET
    uri: https://management.azure.com/subscriptions/00000000-0000-0000-0000-000000000000/resourcegroups/clitest000001?api-version=2021-04-01
  response:
    body:
      string: '{"id":"/subscriptions/00000000-0000-0000-0000-000000000000/resourceGroups/clitest000001","name":"clitest000001","type":"Microsoft.Resources/resourceGroups","location":"westus2","tags":{"product":"azurecli","cause":"automation","date":"2022-01-25T04:06:14Z"},"properties":{"provisioningState":"Succeeded"}}'
    headers:
      cache-control:
      - no-cache
      content-length:
      - '305'
      content-type:
      - application/json; charset=utf-8
      date:
      - Tue, 25 Jan 2022 04:06:14 GMT
      expires:
      - '-1'
      pragma:
      - no-cache
      strict-transport-security:
      - max-age=31536000; includeSubDomains
      vary:
      - Accept-Encoding
      x-content-type-options:
      - nosniff
    status:
      code: 200
      message: OK
- request:
    body: '{"location": "westus2", "identity": {"type": "SystemAssigned"}, "properties":
      {"kubernetesVersion": "", "dnsPrefix": "cliakstest-clitest5qoslt73f-8ecadf",
      "agentPoolProfiles": [{"count": 3, "vmSize": "Standard_DS2_v2", "osType": "Linux",
      "enableAutoScaling": false, "type": "VirtualMachineScaleSets", "mode": "System",
      "enableNodePublicIP": false, "scaleSetPriority": "Regular", "scaleSetEvictionPolicy":
      "Delete", "spotMaxPrice": -1.0, "enableEncryptionAtHost": false, "enableUltraSSD":
      false, "enableFIPS": true, "name": "nodepool1"}], "linuxProfile": {"adminUsername":
      "azureuser", "ssh": {"publicKeys": [{"keyData": "ssh-rsa AAAAB3NzaC1yc2EAAAADAQABAAABAQDRtcZtjFHIBOitr3K/u3iOEXdRabpp1bJUGB/chsKtHVRduT6UWbwxQ0k8OiE09jTkn4/R5SPHyqyNBOE5dHSXRsHwgZcKwDdd0v+v1VFHzyA0Yd8aSbXgKiLX9bf/YLZDhM0fv3Wcl9uX/MWJBYg7NzepRjUc7xXtFaid1URCEHBw/sE3XXtpVJ0LsOuSWD9+pDt8NnFgfg/0eGWGLvX9SevCG+tQnljRkiSlFkU3W1ptGAIR3xaEnfSZWExBZDRglK/YUtgOpqSejwMtYSWGCZWNkgs23HNi+AiHe2nNZZy4P4KG7DuBSOd2YlFuDceS3dDNfM1IPcmLoTY77vWJ"}]}},
      "addonProfiles": {}, "enableRBAC": true, "networkProfile": {"networkPlugin":
      "kubenet", "podCidr": "10.244.0.0/16", "serviceCidr": "10.0.0.0/16", "dnsServiceIP":
      "10.0.0.10", "dockerBridgeCidr": "172.17.0.1/16", "outboundType": "loadBalancer",
      "loadBalancerSku": "standard"}, "disableLocalAccounts": false}}'
    headers:
      Accept:
      - application/json
      Accept-Encoding:
      - gzip, deflate
      CommandName:
      - aks create
      Connection:
      - keep-alive
      Content-Length:
      - '1315'
      Content-Type:
      - application/json
      ParameterSetName:
      - --resource-group --name --enable-fips-image --generate-ssh-keys
      User-Agent:
      - AZURECLI/2.32.0 azsdk-python-azure-mgmt-containerservice/16.4.0 Python/3.8.10
        (Linux-5.11.0-1027-azure-x86_64-with-glibc2.29)
    method: PUT
    uri: https://management.azure.com/subscriptions/00000000-0000-0000-0000-000000000000/resourceGroups/clitest000001/providers/Microsoft.ContainerService/managedClusters/cliakstest000001?api-version=2021-10-01
  response:
    body:
      string: "{\n  \"id\": \"/subscriptions/00000000-0000-0000-0000-000000000000/resourcegroups/clitest000001/providers/Microsoft.ContainerService/managedClusters/cliakstest000001\",\n
        \ \"location\": \"westus2\",\n  \"name\": \"cliakstest000001\",\n  \"type\":
        \"Microsoft.ContainerService/ManagedClusters\",\n  \"properties\": {\n   \"provisioningState\":
        \"Creating\",\n   \"powerState\": {\n    \"code\": \"Running\"\n   },\n   \"kubernetesVersion\":
        \"1.21.7\",\n   \"dnsPrefix\": \"cliakstest-clitest5qoslt73f-8ecadf\",\n   \"fqdn\":
        \"cliakstest-clitest5qoslt73f-8ecadf-c7f77918.hcp.westus2.azmk8s.io\",\n   \"azurePortalFQDN\":
        \"cliakstest-clitest5qoslt73f-8ecadf-c7f77918.portal.hcp.westus2.azmk8s.io\",\n
        \  \"agentPoolProfiles\": [\n    {\n     \"name\": \"nodepool1\",\n     \"count\":
        3,\n     \"vmSize\": \"Standard_DS2_v2\",\n     \"osDiskSizeGB\": 128,\n     \"osDiskType\":
        \"Managed\",\n     \"kubeletDiskType\": \"OS\",\n     \"maxPods\": 110,\n
        \    \"type\": \"VirtualMachineScaleSets\",\n     \"enableAutoScaling\": false,\n
        \    \"provisioningState\": \"Creating\",\n     \"powerState\": {\n      \"code\":
        \"Running\"\n     },\n     \"orchestratorVersion\": \"1.21.7\",\n     \"enableNodePublicIP\":
        false,\n     \"mode\": \"System\",\n     \"enableEncryptionAtHost\": false,\n
        \    \"enableUltraSSD\": false,\n     \"osType\": \"Linux\",\n     \"osSKU\":
        \"Ubuntu\",\n     \"nodeImageVersion\": \"AKSUbuntu-1804gen2fipscontainerd-2022.01.07\",\n
        \    \"enableFIPS\": true\n    }\n   ],\n   \"linuxProfile\": {\n    \"adminUsername\":
        \"azureuser\",\n    \"ssh\": {\n     \"publicKeys\": [\n      {\n       \"keyData\":
        \"ssh-rsa AAAAB3NzaC1yc2EAAAADAQABAAABAQDRtcZtjFHIBOitr3K/u3iOEXdRabpp1bJUGB/chsKtHVRduT6UWbwxQ0k8OiE09jTkn4/R5SPHyqyNBOE5dHSXRsHwgZcKwDdd0v+v1VFHzyA0Yd8aSbXgKiLX9bf/YLZDhM0fv3Wcl9uX/MWJBYg7NzepRjUc7xXtFaid1URCEHBw/sE3XXtpVJ0LsOuSWD9+pDt8NnFgfg/0eGWGLvX9SevCG+tQnljRkiSlFkU3W1ptGAIR3xaEnfSZWExBZDRglK/YUtgOpqSejwMtYSWGCZWNkgs23HNi+AiHe2nNZZy4P4KG7DuBSOd2YlFuDceS3dDNfM1IPcmLoTY77vWJ\"\n
        \     }\n     ]\n    }\n   },\n   \"servicePrincipalProfile\": {\n    \"clientId\":\"00000000-0000-0000-0000-000000000001\"\n
        \  },\n   \"nodeResourceGroup\": \"MC_clitest000001_cliakstest000001_westus2\",\n
        \  \"enableRBAC\": true,\n   \"networkProfile\": {\n    \"networkPlugin\":
        \"kubenet\",\n    \"loadBalancerSku\": \"standard\",\n    \"loadBalancerProfile\":
        {\n     \"managedOutboundIPs\": {\n      \"count\": 1\n     }\n    },\n    \"podCidr\":
        \"10.244.0.0/16\",\n    \"serviceCidr\": \"10.0.0.0/16\",\n    \"dnsServiceIP\":
        \"10.0.0.10\",\n    \"dockerBridgeCidr\": \"172.17.0.1/16\",\n    \"outboundType\":
        \"loadBalancer\",\n    \"podCidrs\": [\n     \"10.244.0.0/16\"\n    ],\n    \"serviceCidrs\":
        [\n     \"10.0.0.0/16\"\n    ],\n    \"ipFamilies\": [\n     \"IPv4\"\n    ]\n
        \  },\n   \"maxAgentPools\": 100,\n   \"disableLocalAccounts\": false\n  },\n
        \ \"identity\": {\n   \"type\": \"SystemAssigned\",\n   \"principalId\":\"00000000-0000-0000-0000-000000000001\",\n
        \  \"tenantId\": \"72f988bf-86f1-41af-91ab-2d7cd011db47\"\n  },\n  \"sku\":
        {\n   \"name\": \"Basic\",\n   \"tier\": \"Free\"\n  }\n }"
    headers:
      azure-asyncoperation:
      - https://management.azure.com/subscriptions/00000000-0000-0000-0000-000000000000/providers/Microsoft.ContainerService/locations/westus2/operations/0e8266f9-ecc1-4d71-b9f6-63738b468e92?api-version=2016-03-30
      cache-control:
      - no-cache
      content-length:
      - '2822'
      content-type:
      - application/json
      date:
      - Tue, 25 Jan 2022 04:06:16 GMT
      expires:
      - '-1'
      pragma:
      - no-cache
      server:
      - nginx
      strict-transport-security:
      - max-age=31536000; includeSubDomains
      x-content-type-options:
      - nosniff
      x-ms-ratelimit-remaining-subscription-writes:
      - '1194'
    status:
      code: 201
      message: Created
- request:
    body: null
    headers:
      Accept:
      - '*/*'
      Accept-Encoding:
      - gzip, deflate
      CommandName:
      - aks create
      Connection:
      - keep-alive
      ParameterSetName:
      - --resource-group --name --enable-fips-image --generate-ssh-keys
      User-Agent:
      - AZURECLI/2.32.0 azsdk-python-azure-mgmt-containerservice/16.4.0 Python/3.8.10
        (Linux-5.11.0-1027-azure-x86_64-with-glibc2.29)
    method: GET
    uri: https://management.azure.com/subscriptions/00000000-0000-0000-0000-000000000000/providers/Microsoft.ContainerService/locations/westus2/operations/0e8266f9-ecc1-4d71-b9f6-63738b468e92?api-version=2016-03-30
  response:
    body:
      string: "{\n  \"name\": \"f966820e-c1ec-714d-b9f6-63738b468e92\",\n  \"status\":
        \"InProgress\",\n  \"startTime\": \"2022-01-25T04:06:17.12Z\"\n }"
    headers:
      cache-control:
      - no-cache
      content-length:
      - '121'
      content-type:
      - application/json
      date:
      - Tue, 25 Jan 2022 04:06:46 GMT
      expires:
      - '-1'
      pragma:
      - no-cache
      server:
      - nginx
      strict-transport-security:
      - max-age=31536000; includeSubDomains
      transfer-encoding:
      - chunked
      vary:
      - Accept-Encoding
      x-content-type-options:
      - nosniff
    status:
      code: 200
      message: OK
- request:
    body: null
    headers:
      Accept:
      - '*/*'
      Accept-Encoding:
      - gzip, deflate
      CommandName:
      - aks create
      Connection:
      - keep-alive
      ParameterSetName:
      - --resource-group --name --enable-fips-image --generate-ssh-keys
      User-Agent:
      - AZURECLI/2.32.0 azsdk-python-azure-mgmt-containerservice/16.4.0 Python/3.8.10
        (Linux-5.11.0-1027-azure-x86_64-with-glibc2.29)
    method: GET
    uri: https://management.azure.com/subscriptions/00000000-0000-0000-0000-000000000000/providers/Microsoft.ContainerService/locations/westus2/operations/0e8266f9-ecc1-4d71-b9f6-63738b468e92?api-version=2016-03-30
  response:
    body:
      string: "{\n  \"name\": \"f966820e-c1ec-714d-b9f6-63738b468e92\",\n  \"status\":
        \"InProgress\",\n  \"startTime\": \"2022-01-25T04:06:17.12Z\"\n }"
    headers:
      cache-control:
      - no-cache
      content-length:
      - '121'
      content-type:
      - application/json
      date:
      - Tue, 25 Jan 2022 04:07:16 GMT
      expires:
      - '-1'
      pragma:
      - no-cache
      server:
      - nginx
      strict-transport-security:
      - max-age=31536000; includeSubDomains
      transfer-encoding:
      - chunked
      vary:
      - Accept-Encoding
      x-content-type-options:
      - nosniff
    status:
      code: 200
      message: OK
- request:
    body: null
    headers:
      Accept:
      - '*/*'
      Accept-Encoding:
      - gzip, deflate
      CommandName:
      - aks create
      Connection:
      - keep-alive
      ParameterSetName:
      - --resource-group --name --enable-fips-image --generate-ssh-keys
      User-Agent:
      - AZURECLI/2.32.0 azsdk-python-azure-mgmt-containerservice/16.4.0 Python/3.8.10
        (Linux-5.11.0-1027-azure-x86_64-with-glibc2.29)
    method: GET
    uri: https://management.azure.com/subscriptions/00000000-0000-0000-0000-000000000000/providers/Microsoft.ContainerService/locations/westus2/operations/0e8266f9-ecc1-4d71-b9f6-63738b468e92?api-version=2016-03-30
  response:
    body:
      string: "{\n  \"name\": \"f966820e-c1ec-714d-b9f6-63738b468e92\",\n  \"status\":
        \"InProgress\",\n  \"startTime\": \"2022-01-25T04:06:17.12Z\"\n }"
    headers:
      cache-control:
      - no-cache
      content-length:
      - '121'
      content-type:
      - application/json
      date:
      - Tue, 25 Jan 2022 04:07:46 GMT
      expires:
      - '-1'
      pragma:
      - no-cache
      server:
      - nginx
      strict-transport-security:
      - max-age=31536000; includeSubDomains
      transfer-encoding:
      - chunked
      vary:
      - Accept-Encoding
      x-content-type-options:
      - nosniff
    status:
      code: 200
      message: OK
- request:
    body: null
    headers:
      Accept:
      - '*/*'
      Accept-Encoding:
      - gzip, deflate
      CommandName:
      - aks create
      Connection:
      - keep-alive
      ParameterSetName:
      - --resource-group --name --enable-fips-image --generate-ssh-keys
      User-Agent:
      - AZURECLI/2.32.0 azsdk-python-azure-mgmt-containerservice/16.4.0 Python/3.8.10
        (Linux-5.11.0-1027-azure-x86_64-with-glibc2.29)
    method: GET
    uri: https://management.azure.com/subscriptions/00000000-0000-0000-0000-000000000000/providers/Microsoft.ContainerService/locations/westus2/operations/0e8266f9-ecc1-4d71-b9f6-63738b468e92?api-version=2016-03-30
  response:
    body:
      string: "{\n  \"name\": \"f966820e-c1ec-714d-b9f6-63738b468e92\",\n  \"status\":
        \"InProgress\",\n  \"startTime\": \"2022-01-25T04:06:17.12Z\"\n }"
    headers:
      cache-control:
      - no-cache
      content-length:
      - '121'
      content-type:
      - application/json
      date:
      - Tue, 25 Jan 2022 04:08:17 GMT
      expires:
      - '-1'
      pragma:
      - no-cache
      server:
      - nginx
      strict-transport-security:
      - max-age=31536000; includeSubDomains
      transfer-encoding:
      - chunked
      vary:
      - Accept-Encoding
      x-content-type-options:
      - nosniff
    status:
      code: 200
      message: OK
- request:
    body: null
    headers:
      Accept:
      - '*/*'
      Accept-Encoding:
      - gzip, deflate
      CommandName:
      - aks create
      Connection:
      - keep-alive
      ParameterSetName:
      - --resource-group --name --enable-fips-image --generate-ssh-keys
      User-Agent:
      - AZURECLI/2.32.0 azsdk-python-azure-mgmt-containerservice/16.4.0 Python/3.8.10
        (Linux-5.11.0-1027-azure-x86_64-with-glibc2.29)
    method: GET
    uri: https://management.azure.com/subscriptions/00000000-0000-0000-0000-000000000000/providers/Microsoft.ContainerService/locations/westus2/operations/0e8266f9-ecc1-4d71-b9f6-63738b468e92?api-version=2016-03-30
  response:
    body:
      string: "{\n  \"name\": \"f966820e-c1ec-714d-b9f6-63738b468e92\",\n  \"status\":
        \"InProgress\",\n  \"startTime\": \"2022-01-25T04:06:17.12Z\"\n }"
    headers:
      cache-control:
      - no-cache
      content-length:
      - '121'
      content-type:
      - application/json
      date:
      - Tue, 25 Jan 2022 04:08:47 GMT
      expires:
      - '-1'
      pragma:
      - no-cache
      server:
      - nginx
      strict-transport-security:
      - max-age=31536000; includeSubDomains
      transfer-encoding:
      - chunked
      vary:
      - Accept-Encoding
      x-content-type-options:
      - nosniff
    status:
      code: 200
      message: OK
- request:
    body: null
    headers:
      Accept:
      - '*/*'
      Accept-Encoding:
      - gzip, deflate
      CommandName:
      - aks create
      Connection:
      - keep-alive
      ParameterSetName:
      - --resource-group --name --enable-fips-image --generate-ssh-keys
      User-Agent:
      - AZURECLI/2.32.0 azsdk-python-azure-mgmt-containerservice/16.4.0 Python/3.8.10
        (Linux-5.11.0-1027-azure-x86_64-with-glibc2.29)
    method: GET
    uri: https://management.azure.com/subscriptions/00000000-0000-0000-0000-000000000000/providers/Microsoft.ContainerService/locations/westus2/operations/0e8266f9-ecc1-4d71-b9f6-63738b468e92?api-version=2016-03-30
  response:
    body:
      string: "{\n  \"name\": \"f966820e-c1ec-714d-b9f6-63738b468e92\",\n  \"status\":
        \"InProgress\",\n  \"startTime\": \"2022-01-25T04:06:17.12Z\"\n }"
    headers:
      cache-control:
      - no-cache
      content-length:
      - '121'
      content-type:
      - application/json
      date:
      - Tue, 25 Jan 2022 04:09:17 GMT
      expires:
      - '-1'
      pragma:
      - no-cache
      server:
      - nginx
      strict-transport-security:
      - max-age=31536000; includeSubDomains
      transfer-encoding:
      - chunked
      vary:
      - Accept-Encoding
      x-content-type-options:
      - nosniff
    status:
      code: 200
      message: OK
- request:
    body: null
    headers:
      Accept:
      - '*/*'
      Accept-Encoding:
      - gzip, deflate
      CommandName:
      - aks create
      Connection:
      - keep-alive
      ParameterSetName:
      - --resource-group --name --enable-fips-image --generate-ssh-keys
      User-Agent:
      - AZURECLI/2.32.0 azsdk-python-azure-mgmt-containerservice/16.4.0 Python/3.8.10
        (Linux-5.11.0-1027-azure-x86_64-with-glibc2.29)
    method: GET
    uri: https://management.azure.com/subscriptions/00000000-0000-0000-0000-000000000000/providers/Microsoft.ContainerService/locations/westus2/operations/0e8266f9-ecc1-4d71-b9f6-63738b468e92?api-version=2016-03-30
  response:
    body:
      string: "{\n  \"name\": \"f966820e-c1ec-714d-b9f6-63738b468e92\",\n  \"status\":
        \"InProgress\",\n  \"startTime\": \"2022-01-25T04:06:17.12Z\"\n }"
    headers:
      cache-control:
      - no-cache
      content-length:
      - '121'
      content-type:
      - application/json
      date:
      - Tue, 25 Jan 2022 04:09:47 GMT
      expires:
      - '-1'
      pragma:
      - no-cache
      server:
      - nginx
      strict-transport-security:
      - max-age=31536000; includeSubDomains
      transfer-encoding:
      - chunked
      vary:
      - Accept-Encoding
      x-content-type-options:
      - nosniff
    status:
      code: 200
      message: OK
- request:
    body: null
    headers:
      Accept:
      - '*/*'
      Accept-Encoding:
      - gzip, deflate
      CommandName:
      - aks create
      Connection:
      - keep-alive
      ParameterSetName:
      - --resource-group --name --enable-fips-image --generate-ssh-keys
      User-Agent:
      - AZURECLI/2.32.0 azsdk-python-azure-mgmt-containerservice/16.4.0 Python/3.8.10
        (Linux-5.11.0-1027-azure-x86_64-with-glibc2.29)
    method: GET
    uri: https://management.azure.com/subscriptions/00000000-0000-0000-0000-000000000000/providers/Microsoft.ContainerService/locations/westus2/operations/0e8266f9-ecc1-4d71-b9f6-63738b468e92?api-version=2016-03-30
  response:
    body:
      string: "{\n  \"name\": \"f966820e-c1ec-714d-b9f6-63738b468e92\",\n  \"status\":
        \"InProgress\",\n  \"startTime\": \"2022-01-25T04:06:17.12Z\"\n }"
    headers:
      cache-control:
      - no-cache
      content-length:
      - '121'
      content-type:
      - application/json
      date:
      - Tue, 25 Jan 2022 04:10:17 GMT
      expires:
      - '-1'
      pragma:
      - no-cache
      server:
      - nginx
      strict-transport-security:
      - max-age=31536000; includeSubDomains
      transfer-encoding:
      - chunked
      vary:
      - Accept-Encoding
      x-content-type-options:
      - nosniff
    status:
      code: 200
      message: OK
- request:
    body: null
    headers:
      Accept:
      - '*/*'
      Accept-Encoding:
      - gzip, deflate
      CommandName:
      - aks create
      Connection:
      - keep-alive
      ParameterSetName:
      - --resource-group --name --enable-fips-image --generate-ssh-keys
      User-Agent:
      - AZURECLI/2.32.0 azsdk-python-azure-mgmt-containerservice/16.4.0 Python/3.8.10
        (Linux-5.11.0-1027-azure-x86_64-with-glibc2.29)
    method: GET
    uri: https://management.azure.com/subscriptions/00000000-0000-0000-0000-000000000000/providers/Microsoft.ContainerService/locations/westus2/operations/0e8266f9-ecc1-4d71-b9f6-63738b468e92?api-version=2016-03-30
  response:
    body:
      string: "{\n  \"name\": \"f966820e-c1ec-714d-b9f6-63738b468e92\",\n  \"status\":
        \"InProgress\",\n  \"startTime\": \"2022-01-25T04:06:17.12Z\"\n }"
    headers:
      cache-control:
      - no-cache
      content-length:
      - '121'
      content-type:
      - application/json
      date:
      - Tue, 25 Jan 2022 04:10:47 GMT
      expires:
      - '-1'
      pragma:
      - no-cache
      server:
      - nginx
      strict-transport-security:
      - max-age=31536000; includeSubDomains
      transfer-encoding:
      - chunked
      vary:
      - Accept-Encoding
      x-content-type-options:
      - nosniff
    status:
      code: 200
      message: OK
- request:
    body: null
    headers:
      Accept:
      - '*/*'
      Accept-Encoding:
      - gzip, deflate
      CommandName:
      - aks create
      Connection:
      - keep-alive
      ParameterSetName:
      - --resource-group --name --enable-fips-image --generate-ssh-keys
      User-Agent:
      - AZURECLI/2.32.0 azsdk-python-azure-mgmt-containerservice/16.4.0 Python/3.8.10
        (Linux-5.11.0-1027-azure-x86_64-with-glibc2.29)
    method: GET
    uri: https://management.azure.com/subscriptions/00000000-0000-0000-0000-000000000000/providers/Microsoft.ContainerService/locations/westus2/operations/0e8266f9-ecc1-4d71-b9f6-63738b468e92?api-version=2016-03-30
  response:
    body:
      string: "{\n  \"name\": \"f966820e-c1ec-714d-b9f6-63738b468e92\",\n  \"status\":
        \"InProgress\",\n  \"startTime\": \"2022-01-25T04:06:17.12Z\"\n }"
    headers:
      cache-control:
      - no-cache
      content-length:
      - '121'
      content-type:
      - application/json
      date:
      - Tue, 25 Jan 2022 04:11:17 GMT
      expires:
      - '-1'
      pragma:
      - no-cache
      server:
      - nginx
      strict-transport-security:
      - max-age=31536000; includeSubDomains
      transfer-encoding:
      - chunked
      vary:
      - Accept-Encoding
      x-content-type-options:
      - nosniff
    status:
      code: 200
      message: OK
- request:
    body: null
    headers:
      Accept:
      - '*/*'
      Accept-Encoding:
      - gzip, deflate
      CommandName:
      - aks create
      Connection:
      - keep-alive
      ParameterSetName:
      - --resource-group --name --enable-fips-image --generate-ssh-keys
      User-Agent:
      - AZURECLI/2.32.0 azsdk-python-azure-mgmt-containerservice/16.4.0 Python/3.8.10
        (Linux-5.11.0-1027-azure-x86_64-with-glibc2.29)
    method: GET
    uri: https://management.azure.com/subscriptions/00000000-0000-0000-0000-000000000000/providers/Microsoft.ContainerService/locations/westus2/operations/0e8266f9-ecc1-4d71-b9f6-63738b468e92?api-version=2016-03-30
  response:
    body:
      string: "{\n  \"name\": \"f966820e-c1ec-714d-b9f6-63738b468e92\",\n  \"status\":
        \"InProgress\",\n  \"startTime\": \"2022-01-25T04:06:17.12Z\"\n }"
    headers:
      cache-control:
      - no-cache
      content-length:
      - '121'
      content-type:
      - application/json
      date:
      - Tue, 25 Jan 2022 04:11:47 GMT
      expires:
      - '-1'
      pragma:
      - no-cache
      server:
      - nginx
      strict-transport-security:
      - max-age=31536000; includeSubDomains
      transfer-encoding:
      - chunked
      vary:
      - Accept-Encoding
      x-content-type-options:
      - nosniff
    status:
      code: 200
      message: OK
- request:
    body: null
    headers:
      Accept:
      - '*/*'
      Accept-Encoding:
      - gzip, deflate
      CommandName:
      - aks create
      Connection:
      - keep-alive
      ParameterSetName:
      - --resource-group --name --enable-fips-image --generate-ssh-keys
      User-Agent:
      - AZURECLI/2.32.0 azsdk-python-azure-mgmt-containerservice/16.4.0 Python/3.8.10
        (Linux-5.11.0-1027-azure-x86_64-with-glibc2.29)
    method: GET
    uri: https://management.azure.com/subscriptions/00000000-0000-0000-0000-000000000000/providers/Microsoft.ContainerService/locations/westus2/operations/0e8266f9-ecc1-4d71-b9f6-63738b468e92?api-version=2016-03-30
  response:
    body:
      string: "{\n  \"name\": \"f966820e-c1ec-714d-b9f6-63738b468e92\",\n  \"status\":
        \"InProgress\",\n  \"startTime\": \"2022-01-25T04:06:17.12Z\"\n }"
    headers:
      cache-control:
      - no-cache
      content-length:
      - '121'
      content-type:
      - application/json
      date:
      - Tue, 25 Jan 2022 04:12:18 GMT
      expires:
      - '-1'
      pragma:
      - no-cache
      server:
      - nginx
      strict-transport-security:
      - max-age=31536000; includeSubDomains
      transfer-encoding:
      - chunked
      vary:
      - Accept-Encoding
      x-content-type-options:
      - nosniff
    status:
      code: 200
      message: OK
- request:
    body: null
    headers:
      Accept:
      - '*/*'
      Accept-Encoding:
      - gzip, deflate
      CommandName:
      - aks create
      Connection:
      - keep-alive
      ParameterSetName:
      - --resource-group --name --enable-fips-image --generate-ssh-keys
      User-Agent:
      - AZURECLI/2.32.0 azsdk-python-azure-mgmt-containerservice/16.4.0 Python/3.8.10
        (Linux-5.11.0-1027-azure-x86_64-with-glibc2.29)
    method: GET
    uri: https://management.azure.com/subscriptions/00000000-0000-0000-0000-000000000000/providers/Microsoft.ContainerService/locations/westus2/operations/0e8266f9-ecc1-4d71-b9f6-63738b468e92?api-version=2016-03-30
  response:
    body:
      string: "{\n  \"name\": \"f966820e-c1ec-714d-b9f6-63738b468e92\",\n  \"status\":
        \"InProgress\",\n  \"startTime\": \"2022-01-25T04:06:17.12Z\"\n }"
    headers:
      cache-control:
      - no-cache
      content-length:
      - '121'
      content-type:
      - application/json
      date:
      - Tue, 25 Jan 2022 04:12:48 GMT
      expires:
      - '-1'
      pragma:
      - no-cache
      server:
      - nginx
      strict-transport-security:
      - max-age=31536000; includeSubDomains
      transfer-encoding:
      - chunked
      vary:
      - Accept-Encoding
      x-content-type-options:
      - nosniff
    status:
      code: 200
      message: OK
- request:
    body: null
    headers:
      Accept:
      - '*/*'
      Accept-Encoding:
      - gzip, deflate
      CommandName:
      - aks create
      Connection:
      - keep-alive
      ParameterSetName:
      - --resource-group --name --enable-fips-image --generate-ssh-keys
      User-Agent:
      - AZURECLI/2.32.0 azsdk-python-azure-mgmt-containerservice/16.4.0 Python/3.8.10
        (Linux-5.11.0-1027-azure-x86_64-with-glibc2.29)
    method: GET
    uri: https://management.azure.com/subscriptions/00000000-0000-0000-0000-000000000000/providers/Microsoft.ContainerService/locations/westus2/operations/0e8266f9-ecc1-4d71-b9f6-63738b468e92?api-version=2016-03-30
  response:
    body:
      string: "{\n  \"name\": \"f966820e-c1ec-714d-b9f6-63738b468e92\",\n  \"status\":
        \"InProgress\",\n  \"startTime\": \"2022-01-25T04:06:17.12Z\"\n }"
    headers:
      cache-control:
      - no-cache
      content-length:
      - '121'
      content-type:
      - application/json
      date:
      - Tue, 25 Jan 2022 04:13:18 GMT
      expires:
      - '-1'
      pragma:
      - no-cache
      server:
      - nginx
      strict-transport-security:
      - max-age=31536000; includeSubDomains
      transfer-encoding:
      - chunked
      vary:
      - Accept-Encoding
      x-content-type-options:
      - nosniff
    status:
      code: 200
      message: OK
- request:
    body: null
    headers:
      Accept:
      - '*/*'
      Accept-Encoding:
      - gzip, deflate
      CommandName:
      - aks create
      Connection:
      - keep-alive
      ParameterSetName:
      - --resource-group --name --enable-fips-image --generate-ssh-keys
      User-Agent:
      - AZURECLI/2.32.0 azsdk-python-azure-mgmt-containerservice/16.4.0 Python/3.8.10
        (Linux-5.11.0-1027-azure-x86_64-with-glibc2.29)
    method: GET
    uri: https://management.azure.com/subscriptions/00000000-0000-0000-0000-000000000000/providers/Microsoft.ContainerService/locations/westus2/operations/0e8266f9-ecc1-4d71-b9f6-63738b468e92?api-version=2016-03-30
  response:
    body:
      string: "{\n  \"name\": \"f966820e-c1ec-714d-b9f6-63738b468e92\",\n  \"status\":
        \"InProgress\",\n  \"startTime\": \"2022-01-25T04:06:17.12Z\"\n }"
    headers:
      cache-control:
      - no-cache
      content-length:
      - '121'
      content-type:
      - application/json
      date:
      - Tue, 25 Jan 2022 04:13:48 GMT
      expires:
      - '-1'
      pragma:
      - no-cache
      server:
      - nginx
      strict-transport-security:
      - max-age=31536000; includeSubDomains
      transfer-encoding:
      - chunked
      vary:
      - Accept-Encoding
      x-content-type-options:
      - nosniff
    status:
      code: 200
      message: OK
- request:
    body: null
    headers:
      Accept:
      - '*/*'
      Accept-Encoding:
      - gzip, deflate
      CommandName:
      - aks create
      Connection:
      - keep-alive
      ParameterSetName:
      - --resource-group --name --enable-fips-image --generate-ssh-keys
      User-Agent:
      - AZURECLI/2.32.0 azsdk-python-azure-mgmt-containerservice/16.4.0 Python/3.8.10
        (Linux-5.11.0-1027-azure-x86_64-with-glibc2.29)
    method: GET
    uri: https://management.azure.com/subscriptions/00000000-0000-0000-0000-000000000000/providers/Microsoft.ContainerService/locations/westus2/operations/0e8266f9-ecc1-4d71-b9f6-63738b468e92?api-version=2016-03-30
  response:
    body:
      string: "{\n  \"name\": \"f966820e-c1ec-714d-b9f6-63738b468e92\",\n  \"status\":
        \"InProgress\",\n  \"startTime\": \"2022-01-25T04:06:17.12Z\"\n }"
    headers:
      cache-control:
      - no-cache
      content-length:
      - '121'
      content-type:
      - application/json
      date:
      - Tue, 25 Jan 2022 04:14:18 GMT
      expires:
      - '-1'
      pragma:
      - no-cache
      server:
      - nginx
      strict-transport-security:
      - max-age=31536000; includeSubDomains
      transfer-encoding:
      - chunked
      vary:
      - Accept-Encoding
      x-content-type-options:
      - nosniff
    status:
      code: 200
      message: OK
- request:
    body: null
    headers:
      Accept:
      - '*/*'
      Accept-Encoding:
      - gzip, deflate
      CommandName:
      - aks create
      Connection:
      - keep-alive
      ParameterSetName:
      - --resource-group --name --enable-fips-image --generate-ssh-keys
      User-Agent:
      - AZURECLI/2.32.0 azsdk-python-azure-mgmt-containerservice/16.4.0 Python/3.8.10
        (Linux-5.11.0-1027-azure-x86_64-with-glibc2.29)
    method: GET
    uri: https://management.azure.com/subscriptions/00000000-0000-0000-0000-000000000000/providers/Microsoft.ContainerService/locations/westus2/operations/0e8266f9-ecc1-4d71-b9f6-63738b468e92?api-version=2016-03-30
  response:
    body:
      string: "{\n  \"name\": \"f966820e-c1ec-714d-b9f6-63738b468e92\",\n  \"status\":
        \"InProgress\",\n  \"startTime\": \"2022-01-25T04:06:17.12Z\"\n }"
    headers:
      cache-control:
      - no-cache
      content-length:
      - '121'
      content-type:
      - application/json
      date:
      - Tue, 25 Jan 2022 04:14:47 GMT
      expires:
      - '-1'
      pragma:
      - no-cache
      server:
      - nginx
      strict-transport-security:
      - max-age=31536000; includeSubDomains
      transfer-encoding:
      - chunked
      vary:
      - Accept-Encoding
      x-content-type-options:
      - nosniff
    status:
      code: 200
      message: OK
- request:
    body: null
    headers:
      Accept:
      - '*/*'
      Accept-Encoding:
      - gzip, deflate
      CommandName:
      - aks create
      Connection:
      - keep-alive
      ParameterSetName:
      - --resource-group --name --enable-fips-image --generate-ssh-keys
      User-Agent:
      - AZURECLI/2.32.0 azsdk-python-azure-mgmt-containerservice/16.4.0 Python/3.8.10
        (Linux-5.11.0-1027-azure-x86_64-with-glibc2.29)
    method: GET
    uri: https://management.azure.com/subscriptions/00000000-0000-0000-0000-000000000000/providers/Microsoft.ContainerService/locations/westus2/operations/0e8266f9-ecc1-4d71-b9f6-63738b468e92?api-version=2016-03-30
  response:
    body:
      string: "{\n  \"name\": \"f966820e-c1ec-714d-b9f6-63738b468e92\",\n  \"status\":
        \"InProgress\",\n  \"startTime\": \"2022-01-25T04:06:17.12Z\"\n }"
    headers:
      cache-control:
      - no-cache
      content-length:
      - '121'
      content-type:
      - application/json
      date:
      - Tue, 25 Jan 2022 04:15:18 GMT
      expires:
      - '-1'
      pragma:
      - no-cache
      server:
      - nginx
      strict-transport-security:
      - max-age=31536000; includeSubDomains
      transfer-encoding:
      - chunked
      vary:
      - Accept-Encoding
      x-content-type-options:
      - nosniff
    status:
      code: 200
      message: OK
- request:
    body: null
    headers:
      Accept:
      - '*/*'
      Accept-Encoding:
      - gzip, deflate
      CommandName:
      - aks create
      Connection:
      - keep-alive
      ParameterSetName:
      - --resource-group --name --enable-fips-image --generate-ssh-keys
      User-Agent:
      - AZURECLI/2.32.0 azsdk-python-azure-mgmt-containerservice/16.4.0 Python/3.8.10
        (Linux-5.11.0-1027-azure-x86_64-with-glibc2.29)
    method: GET
    uri: https://management.azure.com/subscriptions/00000000-0000-0000-0000-000000000000/providers/Microsoft.ContainerService/locations/westus2/operations/0e8266f9-ecc1-4d71-b9f6-63738b468e92?api-version=2016-03-30
  response:
    body:
      string: "{\n  \"name\": \"f966820e-c1ec-714d-b9f6-63738b468e92\",\n  \"status\":
        \"Succeeded\",\n  \"startTime\": \"2022-01-25T04:06:17.12Z\",\n  \"endTime\":
        \"2022-01-25T04:15:34.9738391Z\"\n }"
    headers:
      cache-control:
      - no-cache
      content-length:
      - '165'
      content-type:
      - application/json
      date:
      - Tue, 25 Jan 2022 04:15:48 GMT
      expires:
      - '-1'
      pragma:
      - no-cache
      server:
      - nginx
      strict-transport-security:
      - max-age=31536000; includeSubDomains
      transfer-encoding:
      - chunked
      vary:
      - Accept-Encoding
      x-content-type-options:
      - nosniff
    status:
      code: 200
      message: OK
- request:
    body: null
    headers:
      Accept:
      - '*/*'
      Accept-Encoding:
      - gzip, deflate
      CommandName:
      - aks create
      Connection:
      - keep-alive
      ParameterSetName:
      - --resource-group --name --enable-fips-image --generate-ssh-keys
      User-Agent:
      - AZURECLI/2.32.0 azsdk-python-azure-mgmt-containerservice/16.4.0 Python/3.8.10
        (Linux-5.11.0-1027-azure-x86_64-with-glibc2.29)
    method: GET
    uri: https://management.azure.com/subscriptions/00000000-0000-0000-0000-000000000000/resourceGroups/clitest000001/providers/Microsoft.ContainerService/managedClusters/cliakstest000001?api-version=2021-10-01
  response:
    body:
      string: "{\n  \"id\": \"/subscriptions/00000000-0000-0000-0000-000000000000/resourcegroups/clitest000001/providers/Microsoft.ContainerService/managedClusters/cliakstest000001\",\n
        \ \"location\": \"westus2\",\n  \"name\": \"cliakstest000001\",\n  \"type\":
        \"Microsoft.ContainerService/ManagedClusters\",\n  \"properties\": {\n   \"provisioningState\":
        \"Succeeded\",\n   \"powerState\": {\n    \"code\": \"Running\"\n   },\n   \"kubernetesVersion\":
        \"1.21.7\",\n   \"dnsPrefix\": \"cliakstest-clitest5qoslt73f-8ecadf\",\n   \"fqdn\":
        \"cliakstest-clitest5qoslt73f-8ecadf-c7f77918.hcp.westus2.azmk8s.io\",\n   \"azurePortalFQDN\":
        \"cliakstest-clitest5qoslt73f-8ecadf-c7f77918.portal.hcp.westus2.azmk8s.io\",\n
        \  \"agentPoolProfiles\": [\n    {\n     \"name\": \"nodepool1\",\n     \"count\":
        3,\n     \"vmSize\": \"Standard_DS2_v2\",\n     \"osDiskSizeGB\": 128,\n     \"osDiskType\":
        \"Managed\",\n     \"kubeletDiskType\": \"OS\",\n     \"maxPods\": 110,\n
        \    \"type\": \"VirtualMachineScaleSets\",\n     \"enableAutoScaling\": false,\n
        \    \"provisioningState\": \"Succeeded\",\n     \"powerState\": {\n      \"code\":
        \"Running\"\n     },\n     \"orchestratorVersion\": \"1.21.7\",\n     \"enableNodePublicIP\":
        false,\n     \"mode\": \"System\",\n     \"enableEncryptionAtHost\": false,\n
        \    \"enableUltraSSD\": false,\n     \"osType\": \"Linux\",\n     \"osSKU\":
        \"Ubuntu\",\n     \"nodeImageVersion\": \"AKSUbuntu-1804gen2fipscontainerd-2022.01.07\",\n
        \    \"enableFIPS\": true\n    }\n   ],\n   \"linuxProfile\": {\n    \"adminUsername\":
        \"azureuser\",\n    \"ssh\": {\n     \"publicKeys\": [\n      {\n       \"keyData\":
        \"ssh-rsa AAAAB3NzaC1yc2EAAAADAQABAAABAQDRtcZtjFHIBOitr3K/u3iOEXdRabpp1bJUGB/chsKtHVRduT6UWbwxQ0k8OiE09jTkn4/R5SPHyqyNBOE5dHSXRsHwgZcKwDdd0v+v1VFHzyA0Yd8aSbXgKiLX9bf/YLZDhM0fv3Wcl9uX/MWJBYg7NzepRjUc7xXtFaid1URCEHBw/sE3XXtpVJ0LsOuSWD9+pDt8NnFgfg/0eGWGLvX9SevCG+tQnljRkiSlFkU3W1ptGAIR3xaEnfSZWExBZDRglK/YUtgOpqSejwMtYSWGCZWNkgs23HNi+AiHe2nNZZy4P4KG7DuBSOd2YlFuDceS3dDNfM1IPcmLoTY77vWJ\"\n
        \     }\n     ]\n    }\n   },\n   \"servicePrincipalProfile\": {\n    \"clientId\":\"00000000-0000-0000-0000-000000000001\"\n
        \  },\n   \"nodeResourceGroup\": \"MC_clitest000001_cliakstest000001_westus2\",\n
        \  \"enableRBAC\": true,\n   \"networkProfile\": {\n    \"networkPlugin\":
        \"kubenet\",\n    \"loadBalancerSku\": \"Standard\",\n    \"loadBalancerProfile\":
        {\n     \"managedOutboundIPs\": {\n      \"count\": 1\n     },\n     \"effectiveOutboundIPs\":
        [\n      {\n       \"id\": \"/subscriptions/00000000-0000-0000-0000-000000000000/resourceGroups/MC_clitest000001_cliakstest000001_westus2/providers/Microsoft.Network/publicIPAddresses/716cf25c-bffa-4b3b-afa9-f1d179c68968\"\n
        \     }\n     ]\n    },\n    \"podCidr\": \"10.244.0.0/16\",\n    \"serviceCidr\":
        \"10.0.0.0/16\",\n    \"dnsServiceIP\": \"10.0.0.10\",\n    \"dockerBridgeCidr\":
        \"172.17.0.1/16\",\n    \"outboundType\": \"loadBalancer\",\n    \"podCidrs\":
        [\n     \"10.244.0.0/16\"\n    ],\n    \"serviceCidrs\": [\n     \"10.0.0.0/16\"\n
        \   ],\n    \"ipFamilies\": [\n     \"IPv4\"\n    ]\n   },\n   \"maxAgentPools\":
        100,\n   \"identityProfile\": {\n    \"kubeletidentity\": {\n     \"resourceId\":
        \"/subscriptions/00000000-0000-0000-0000-000000000000/resourcegroups/MC_clitest000001_cliakstest000001_westus2/providers/Microsoft.ManagedIdentity/userAssignedIdentities/cliakstest000001-agentpool\",\n
        \    \"clientId\":\"00000000-0000-0000-0000-000000000001\",\n     \"objectId\":\"00000000-0000-0000-0000-000000000001\"\n
        \   }\n   },\n   \"disableLocalAccounts\": false\n  },\n  \"identity\": {\n
        \  \"type\": \"SystemAssigned\",\n   \"principalId\":\"00000000-0000-0000-0000-000000000001\",\n
        \  \"tenantId\": \"72f988bf-86f1-41af-91ab-2d7cd011db47\"\n  },\n  \"sku\":
        {\n   \"name\": \"Basic\",\n   \"tier\": \"Free\"\n  }\n }"
    headers:
      cache-control:
      - no-cache
      content-length:
      - '3475'
      content-type:
      - application/json
      date:
      - Tue, 25 Jan 2022 04:15:49 GMT
      expires:
      - '-1'
      pragma:
      - no-cache
      server:
      - nginx
      strict-transport-security:
      - max-age=31536000; includeSubDomains
      transfer-encoding:
      - chunked
      vary:
      - Accept-Encoding
      x-content-type-options:
      - nosniff
    status:
      code: 200
      message: OK
- request:
    body: null
    headers:
      Accept:
      - application/json
      Accept-Encoding:
      - gzip, deflate
      CommandName:
      - aks nodepool add
      Connection:
      - keep-alive
      ParameterSetName:
      - --resource-group --cluster-name --name --enable-fips-image
      User-Agent:
      - AZURECLI/2.32.0 azsdk-python-azure-mgmt-containerservice/16.4.0 Python/3.8.10
        (Linux-5.11.0-1027-azure-x86_64-with-glibc2.29)
    method: GET
    uri: https://management.azure.com/subscriptions/00000000-0000-0000-0000-000000000000/resourceGroups/clitest000001/providers/Microsoft.ContainerService/managedClusters/cliakstest000001/agentPools?api-version=2021-10-01
  response:
    body:
      string: "{\n  \"value\": [\n   {\n    \"id\": \"/subscriptions/00000000-0000-0000-0000-000000000000/resourcegroups/clitest000001/providers/Microsoft.ContainerService/managedClusters/cliakstest000001/agentPools/nodepool1\",\n
        \   \"name\": \"nodepool1\",\n    \"type\": \"Microsoft.ContainerService/managedClusters/agentPools\",\n
        \   \"properties\": {\n     \"count\": 3,\n     \"vmSize\": \"Standard_DS2_v2\",\n
        \    \"osDiskSizeGB\": 128,\n     \"osDiskType\": \"Managed\",\n     \"kubeletDiskType\":
        \"OS\",\n     \"maxPods\": 110,\n     \"type\": \"VirtualMachineScaleSets\",\n
        \    \"enableAutoScaling\": false,\n     \"provisioningState\": \"Succeeded\",\n
        \    \"powerState\": {\n      \"code\": \"Running\"\n     },\n     \"orchestratorVersion\":
        \"1.21.7\",\n     \"enableNodePublicIP\": false,\n     \"mode\": \"System\",\n
        \    \"enableEncryptionAtHost\": false,\n     \"enableUltraSSD\": false,\n
        \    \"osType\": \"Linux\",\n     \"osSKU\": \"Ubuntu\",\n     \"nodeImageVersion\":
        \"AKSUbuntu-1804gen2fipscontainerd-2022.01.07\",\n     \"enableFIPS\": true\n
        \   }\n   }\n  ]\n }"
    headers:
      cache-control:
      - no-cache
      content-length:
      - '966'
      content-type:
      - application/json
      date:
      - Tue, 25 Jan 2022 04:15:49 GMT
      expires:
      - '-1'
      pragma:
      - no-cache
      server:
      - nginx
      strict-transport-security:
      - max-age=31536000; includeSubDomains
      transfer-encoding:
      - chunked
      vary:
      - Accept-Encoding
      x-content-type-options:
      - nosniff
    status:
      code: 200
      message: OK
- request:
    body: '{"properties": {"count": 3, "vmSize": "Standard_DS2_v2", "osType": "Linux",
      "mode": "User", "upgradeSettings": {}, "enableNodePublicIP": false, "scaleSetPriority":
      "Regular", "scaleSetEvictionPolicy": "Delete", "spotMaxPrice": -1.0, "nodeTaints":
      [], "enableEncryptionAtHost": false, "enableUltraSSD": false, "enableFIPS":
      true}}'
    headers:
      Accept:
      - application/json
      Accept-Encoding:
      - gzip, deflate
      CommandName:
      - aks nodepool add
      Connection:
      - keep-alive
      Content-Length:
      - '329'
      Content-Type:
      - application/json
      ParameterSetName:
      - --resource-group --cluster-name --name --enable-fips-image
      User-Agent:
      - AZURECLI/2.32.0 azsdk-python-azure-mgmt-containerservice/16.4.0 Python/3.8.10
        (Linux-5.11.0-1027-azure-x86_64-with-glibc2.29)
    method: PUT
    uri: https://management.azure.com/subscriptions/00000000-0000-0000-0000-000000000000/resourceGroups/clitest000001/providers/Microsoft.ContainerService/managedClusters/cliakstest000001/agentPools/np2?api-version=2021-10-01
  response:
    body:
      string: "{\n  \"id\": \"/subscriptions/00000000-0000-0000-0000-000000000000/resourcegroups/clitest000001/providers/Microsoft.ContainerService/managedClusters/cliakstest000001/agentPools/np2\",\n
        \ \"name\": \"np2\",\n  \"type\": \"Microsoft.ContainerService/managedClusters/agentPools\",\n
        \ \"properties\": {\n   \"count\": 3,\n   \"vmSize\": \"Standard_DS2_v2\",\n
        \  \"osDiskSizeGB\": 128,\n   \"osDiskType\": \"Managed\",\n   \"kubeletDiskType\":
        \"OS\",\n   \"maxPods\": 110,\n   \"type\": \"VirtualMachineScaleSets\",\n
        \  \"scaleDownMode\": \"Delete\",\n   \"provisioningState\": \"Creating\",\n
        \  \"powerState\": {\n    \"code\": \"Running\"\n   },\n   \"orchestratorVersion\":
        \"1.21.7\",\n   \"enableNodePublicIP\": false,\n   \"mode\": \"User\",\n   \"enableEncryptionAtHost\":
        false,\n   \"enableUltraSSD\": false,\n   \"osType\": \"Linux\",\n   \"osSKU\":
        \"Ubuntu\",\n   \"nodeImageVersion\": \"AKSUbuntu-1804gen2fipscontainerd-2022.01.07\",\n
        \  \"upgradeSettings\": {},\n   \"enableFIPS\": true\n  }\n }"
    headers:
      azure-asyncoperation:
      - https://management.azure.com/subscriptions/00000000-0000-0000-0000-000000000000/providers/Microsoft.ContainerService/locations/westus2/operations/9f9ac32d-78a1-4a33-a5e4-02052424d9a8?api-version=2016-03-30
      cache-control:
      - no-cache
      content-length:
      - '897'
      content-type:
      - application/json
      date:
      - Tue, 25 Jan 2022 04:15:51 GMT
      expires:
      - '-1'
      pragma:
      - no-cache
      server:
      - nginx
      strict-transport-security:
      - max-age=31536000; includeSubDomains
      x-content-type-options:
      - nosniff
      x-ms-ratelimit-remaining-subscription-writes:
      - '1191'
    status:
      code: 201
      message: Created
- request:
    body: null
    headers:
      Accept:
      - '*/*'
      Accept-Encoding:
      - gzip, deflate
      CommandName:
      - aks nodepool add
      Connection:
      - keep-alive
      ParameterSetName:
      - --resource-group --cluster-name --name --enable-fips-image
      User-Agent:
      - AZURECLI/2.32.0 azsdk-python-azure-mgmt-containerservice/16.4.0 Python/3.8.10
        (Linux-5.11.0-1027-azure-x86_64-with-glibc2.29)
    method: GET
    uri: https://management.azure.com/subscriptions/00000000-0000-0000-0000-000000000000/providers/Microsoft.ContainerService/locations/westus2/operations/9f9ac32d-78a1-4a33-a5e4-02052424d9a8?api-version=2016-03-30
  response:
    body:
      string: "{\n  \"name\": \"2dc39a9f-a178-334a-a5e4-02052424d9a8\",\n  \"status\":
        \"InProgress\",\n  \"startTime\": \"2022-01-25T04:15:52.1866666Z\"\n }"
    headers:
      cache-control:
      - no-cache
      content-length:
      - '126'
      content-type:
      - application/json
      date:
      - Tue, 25 Jan 2022 04:16:21 GMT
      expires:
      - '-1'
      pragma:
      - no-cache
      server:
      - nginx
      strict-transport-security:
      - max-age=31536000; includeSubDomains
      transfer-encoding:
      - chunked
      vary:
      - Accept-Encoding
      x-content-type-options:
      - nosniff
    status:
      code: 200
      message: OK
- request:
    body: null
    headers:
      Accept:
      - '*/*'
      Accept-Encoding:
      - gzip, deflate
      CommandName:
      - aks nodepool add
      Connection:
      - keep-alive
      ParameterSetName:
      - --resource-group --cluster-name --name --enable-fips-image
      User-Agent:
      - AZURECLI/2.32.0 azsdk-python-azure-mgmt-containerservice/16.4.0 Python/3.8.10
        (Linux-5.11.0-1027-azure-x86_64-with-glibc2.29)
    method: GET
    uri: https://management.azure.com/subscriptions/00000000-0000-0000-0000-000000000000/providers/Microsoft.ContainerService/locations/westus2/operations/9f9ac32d-78a1-4a33-a5e4-02052424d9a8?api-version=2016-03-30
  response:
    body:
      string: "{\n  \"name\": \"2dc39a9f-a178-334a-a5e4-02052424d9a8\",\n  \"status\":
        \"InProgress\",\n  \"startTime\": \"2022-01-25T04:15:52.1866666Z\"\n }"
    headers:
      cache-control:
      - no-cache
      content-length:
      - '126'
      content-type:
      - application/json
      date:
      - Tue, 25 Jan 2022 04:16:52 GMT
      expires:
      - '-1'
      pragma:
      - no-cache
      server:
      - nginx
      strict-transport-security:
      - max-age=31536000; includeSubDomains
      transfer-encoding:
      - chunked
      vary:
      - Accept-Encoding
      x-content-type-options:
      - nosniff
    status:
      code: 200
      message: OK
- request:
    body: null
    headers:
      Accept:
      - '*/*'
      Accept-Encoding:
      - gzip, deflate
      CommandName:
      - aks nodepool add
      Connection:
      - keep-alive
      ParameterSetName:
      - --resource-group --cluster-name --name --enable-fips-image
      User-Agent:
      - AZURECLI/2.32.0 azsdk-python-azure-mgmt-containerservice/16.4.0 Python/3.8.10
        (Linux-5.11.0-1027-azure-x86_64-with-glibc2.29)
    method: GET
    uri: https://management.azure.com/subscriptions/00000000-0000-0000-0000-000000000000/providers/Microsoft.ContainerService/locations/westus2/operations/9f9ac32d-78a1-4a33-a5e4-02052424d9a8?api-version=2016-03-30
  response:
    body:
      string: "{\n  \"name\": \"2dc39a9f-a178-334a-a5e4-02052424d9a8\",\n  \"status\":
        \"InProgress\",\n  \"startTime\": \"2022-01-25T04:15:52.1866666Z\"\n }"
    headers:
      cache-control:
      - no-cache
      content-length:
      - '126'
      content-type:
      - application/json
      date:
      - Tue, 25 Jan 2022 04:17:22 GMT
      expires:
      - '-1'
      pragma:
      - no-cache
      server:
      - nginx
      strict-transport-security:
      - max-age=31536000; includeSubDomains
      transfer-encoding:
      - chunked
      vary:
      - Accept-Encoding
      x-content-type-options:
      - nosniff
    status:
      code: 200
      message: OK
- request:
    body: null
    headers:
      Accept:
      - '*/*'
      Accept-Encoding:
      - gzip, deflate
      CommandName:
      - aks nodepool add
      Connection:
      - keep-alive
      ParameterSetName:
      - --resource-group --cluster-name --name --enable-fips-image
      User-Agent:
      - AZURECLI/2.32.0 azsdk-python-azure-mgmt-containerservice/16.4.0 Python/3.8.10
        (Linux-5.11.0-1027-azure-x86_64-with-glibc2.29)
    method: GET
    uri: https://management.azure.com/subscriptions/00000000-0000-0000-0000-000000000000/providers/Microsoft.ContainerService/locations/westus2/operations/9f9ac32d-78a1-4a33-a5e4-02052424d9a8?api-version=2016-03-30
  response:
    body:
      string: "{\n  \"name\": \"2dc39a9f-a178-334a-a5e4-02052424d9a8\",\n  \"status\":
        \"InProgress\",\n  \"startTime\": \"2022-01-25T04:15:52.1866666Z\"\n }"
    headers:
      cache-control:
      - no-cache
      content-length:
      - '126'
      content-type:
      - application/json
      date:
      - Tue, 25 Jan 2022 04:17:52 GMT
      expires:
      - '-1'
      pragma:
      - no-cache
      server:
      - nginx
      strict-transport-security:
      - max-age=31536000; includeSubDomains
      transfer-encoding:
      - chunked
      vary:
      - Accept-Encoding
      x-content-type-options:
      - nosniff
    status:
      code: 200
      message: OK
- request:
    body: null
    headers:
      Accept:
      - '*/*'
      Accept-Encoding:
      - gzip, deflate
      CommandName:
      - aks nodepool add
      Connection:
      - keep-alive
      ParameterSetName:
      - --resource-group --cluster-name --name --enable-fips-image
      User-Agent:
      - AZURECLI/2.32.0 azsdk-python-azure-mgmt-containerservice/16.4.0 Python/3.8.10
        (Linux-5.11.0-1027-azure-x86_64-with-glibc2.29)
    method: GET
    uri: https://management.azure.com/subscriptions/00000000-0000-0000-0000-000000000000/providers/Microsoft.ContainerService/locations/westus2/operations/9f9ac32d-78a1-4a33-a5e4-02052424d9a8?api-version=2016-03-30
  response:
    body:
      string: "{\n  \"name\": \"2dc39a9f-a178-334a-a5e4-02052424d9a8\",\n  \"status\":
        \"InProgress\",\n  \"startTime\": \"2022-01-25T04:15:52.1866666Z\"\n }"
    headers:
      cache-control:
      - no-cache
      content-length:
      - '126'
      content-type:
      - application/json
      date:
      - Tue, 25 Jan 2022 04:18:22 GMT
      expires:
      - '-1'
      pragma:
      - no-cache
      server:
      - nginx
      strict-transport-security:
      - max-age=31536000; includeSubDomains
      transfer-encoding:
      - chunked
      vary:
      - Accept-Encoding
      x-content-type-options:
      - nosniff
    status:
      code: 200
      message: OK
- request:
    body: null
    headers:
      Accept:
      - '*/*'
      Accept-Encoding:
      - gzip, deflate
      CommandName:
      - aks nodepool add
      Connection:
      - keep-alive
      ParameterSetName:
      - --resource-group --cluster-name --name --enable-fips-image
      User-Agent:
      - AZURECLI/2.32.0 azsdk-python-azure-mgmt-containerservice/16.4.0 Python/3.8.10
        (Linux-5.11.0-1027-azure-x86_64-with-glibc2.29)
    method: GET
    uri: https://management.azure.com/subscriptions/00000000-0000-0000-0000-000000000000/providers/Microsoft.ContainerService/locations/westus2/operations/9f9ac32d-78a1-4a33-a5e4-02052424d9a8?api-version=2016-03-30
  response:
    body:
      string: "{\n  \"name\": \"2dc39a9f-a178-334a-a5e4-02052424d9a8\",\n  \"status\":
        \"InProgress\",\n  \"startTime\": \"2022-01-25T04:15:52.1866666Z\"\n }"
    headers:
      cache-control:
      - no-cache
      content-length:
      - '126'
      content-type:
      - application/json
      date:
      - Tue, 25 Jan 2022 04:18:52 GMT
      expires:
      - '-1'
      pragma:
      - no-cache
      server:
      - nginx
      strict-transport-security:
      - max-age=31536000; includeSubDomains
      transfer-encoding:
      - chunked
      vary:
      - Accept-Encoding
      x-content-type-options:
      - nosniff
    status:
      code: 200
      message: OK
- request:
    body: null
    headers:
      Accept:
      - '*/*'
      Accept-Encoding:
      - gzip, deflate
      CommandName:
      - aks nodepool add
      Connection:
      - keep-alive
      ParameterSetName:
      - --resource-group --cluster-name --name --enable-fips-image
      User-Agent:
      - AZURECLI/2.32.0 azsdk-python-azure-mgmt-containerservice/16.4.0 Python/3.8.10
        (Linux-5.11.0-1027-azure-x86_64-with-glibc2.29)
    method: GET
    uri: https://management.azure.com/subscriptions/00000000-0000-0000-0000-000000000000/providers/Microsoft.ContainerService/locations/westus2/operations/9f9ac32d-78a1-4a33-a5e4-02052424d9a8?api-version=2016-03-30
  response:
    body:
      string: "{\n  \"name\": \"2dc39a9f-a178-334a-a5e4-02052424d9a8\",\n  \"status\":
        \"Succeeded\",\n  \"startTime\": \"2022-01-25T04:15:52.1866666Z\",\n  \"endTime\":
        \"2022-01-25T04:19:08.7785288Z\"\n }"
    headers:
      cache-control:
      - no-cache
      content-length:
      - '170'
      content-type:
      - application/json
      date:
      - Tue, 25 Jan 2022 04:19:22 GMT
      expires:
      - '-1'
      pragma:
      - no-cache
      server:
      - nginx
      strict-transport-security:
      - max-age=31536000; includeSubDomains
      transfer-encoding:
      - chunked
      vary:
      - Accept-Encoding
      x-content-type-options:
      - nosniff
    status:
      code: 200
      message: OK
- request:
    body: null
    headers:
      Accept:
      - '*/*'
      Accept-Encoding:
      - gzip, deflate
      CommandName:
      - aks nodepool add
      Connection:
      - keep-alive
      ParameterSetName:
      - --resource-group --cluster-name --name --enable-fips-image
      User-Agent:
      - AZURECLI/2.32.0 azsdk-python-azure-mgmt-containerservice/16.4.0 Python/3.8.10
        (Linux-5.11.0-1027-azure-x86_64-with-glibc2.29)
    method: GET
    uri: https://management.azure.com/subscriptions/00000000-0000-0000-0000-000000000000/resourceGroups/clitest000001/providers/Microsoft.ContainerService/managedClusters/cliakstest000001/agentPools/np2?api-version=2021-10-01
  response:
    body:
      string: "{\n  \"id\": \"/subscriptions/00000000-0000-0000-0000-000000000000/resourcegroups/clitest000001/providers/Microsoft.ContainerService/managedClusters/cliakstest000001/agentPools/np2\",\n
        \ \"name\": \"np2\",\n  \"type\": \"Microsoft.ContainerService/managedClusters/agentPools\",\n
        \ \"properties\": {\n   \"count\": 3,\n   \"vmSize\": \"Standard_DS2_v2\",\n
        \  \"osDiskSizeGB\": 128,\n   \"osDiskType\": \"Managed\",\n   \"kubeletDiskType\":
        \"OS\",\n   \"maxPods\": 110,\n   \"type\": \"VirtualMachineScaleSets\",\n
        \  \"scaleDownMode\": \"Delete\",\n   \"provisioningState\": \"Succeeded\",\n
        \  \"powerState\": {\n    \"code\": \"Running\"\n   },\n   \"orchestratorVersion\":
        \"1.21.7\",\n   \"enableNodePublicIP\": false,\n   \"mode\": \"User\",\n   \"enableEncryptionAtHost\":
        false,\n   \"enableUltraSSD\": false,\n   \"osType\": \"Linux\",\n   \"osSKU\":
        \"Ubuntu\",\n   \"nodeImageVersion\": \"AKSUbuntu-1804gen2fipscontainerd-2022.01.07\",\n
        \  \"upgradeSettings\": {},\n   \"enableFIPS\": true\n  }\n }"
    headers:
      cache-control:
      - no-cache
      content-length:
      - '898'
      content-type:
      - application/json
      date:
      - Tue, 25 Jan 2022 04:19:22 GMT
      expires:
      - '-1'
      pragma:
      - no-cache
      server:
      - nginx
      strict-transport-security:
      - max-age=31536000; includeSubDomains
      transfer-encoding:
      - chunked
      vary:
      - Accept-Encoding
      x-content-type-options:
      - nosniff
    status:
      code: 200
      message: OK
- request:
    body: null
    headers:
      Accept:
      - application/json
      Accept-Encoding:
      - gzip, deflate
      CommandName:
      - aks delete
      Connection:
      - keep-alive
      Content-Length:
      - '0'
      ParameterSetName:
      - -g -n --yes --no-wait
      User-Agent:
      - AZURECLI/2.32.0 azsdk-python-azure-mgmt-containerservice/16.4.0 Python/3.8.10
        (Linux-5.11.0-1027-azure-x86_64-with-glibc2.29)
    method: DELETE
    uri: https://management.azure.com/subscriptions/00000000-0000-0000-0000-000000000000/resourceGroups/clitest000001/providers/Microsoft.ContainerService/managedClusters/cliakstest000001?api-version=2021-10-01
  response:
    body:
      string: ''
    headers:
      azure-asyncoperation:
      - https://management.azure.com/subscriptions/00000000-0000-0000-0000-000000000000/providers/Microsoft.ContainerService/locations/westus2/operations/db4fbd82-acfd-4dfd-9d16-169cc0dae560?api-version=2016-03-30
      cache-control:
      - no-cache
      content-length:
      - '0'
      date:
      - Tue, 25 Jan 2022 04:19:24 GMT
      expires:
      - '-1'
      location:
      - https://management.azure.com/subscriptions/00000000-0000-0000-0000-000000000000/providers/Microsoft.ContainerService/locations/westus2/operationresults/db4fbd82-acfd-4dfd-9d16-169cc0dae560?api-version=2016-03-30
      pragma:
      - no-cache
      server:
      - nginx
      strict-transport-security:
      - max-age=31536000; includeSubDomains
      x-content-type-options:
      - nosniff
      x-ms-ratelimit-remaining-subscription-deletes:
      - '14996'
    status:
      code: 202
      message: Accepted
version: 1
