interactions:
- request:
    body: '{"tags": {"key1": "value1"}, "location": "westus2", "properties": {"kubernetesVersion":
      "", "dnsPrefix": "cliaksdns000002", "agentPoolProfiles": [{"count": 1, "vmSize":
      "Standard_DS2_v2", "maxPods": 100, "osType": "Linux", "enableAutoScaling": false,
      "type": "VirtualMachineScaleSets", "mode": "System", "enableNodePublicIP": false,
      "scaleSetPriority": "Regular", "scaleSetEvictionPolicy": "Delete", "spotMaxPrice":
      -1.0, "tags": {"tag1": "tv1", "tag2": "tv2"}, "nodeLabels": {"label1": "value1",
      "label2": "value2"}, "enableEncryptionAtHost": false, "enableUltraSSD": false,
      "enableFIPS": false, "name": "nodepool1"}], "linuxProfile": {"adminUsername":
      "adminuser", "ssh": {"publicKeys": [{"keyData": "ssh-rsa AAAAB3NzaC1yc2EAAAADAQABAAABAQC9Mn81dw0jaancv5sQo9kQAJKWQ9BtlyS0y4bBlVN3lxJXSiS5Dq189mgBY7JiURWHcwQ3VXCKRJZjHYIKj31PTAL2H+jU5a/4ty2z++omM2G4OCFu71jusuRYs4P9jLdfMatQ43Zp+wsYV1NmzNF9o/14ltu3piQAs44c81CW0GJGG1b0wKe1ujYx/TI+J8gfqHjo+HiLpHHjshCiWyK8GC64ueZguzG45fWZHRcmpYTWOPFH5Jl3ZuUeTkRo3012wINMAIpXzBX4wYaV2tPbsSbsivCdgPOq2zBkTJJ1PqQRCwAbd0XFAHpUzMCX70GdstCowb7YHliyp7FA6DZB
      azcli_aks_live_test@example.com\n"}]}}, "servicePrincipalProfile": {"clientId":"00000000-0000-0000-0000-000000000001",
      "secret":"fake-secret"}, "addonProfiles": {}, "enableRBAC": true, "networkProfile":
      {"networkPlugin": "kubenet", "podCidr": "10.244.0.0/16", "serviceCidr": "10.0.0.0/16",
      "dnsServiceIP": "10.0.0.10", "dockerBridgeCidr": "172.17.0.1/16", "outboundType":
      "loadBalancer", "loadBalancerSku": "standard"}, "disableLocalAccounts": false}}'
    headers:
      Accept:
      - application/json
      Accept-Encoding:
      - gzip, deflate
      CommandName:
      - aks create
      Connection:
      - keep-alive
      Content-Length:
      - '1535'
      Content-Type:
      - application/json
      ParameterSetName:
      - --resource-group --name --location --dns-name-prefix --node-count --ssh-key-value
        --service-principal --client-secret --tags --nodepool-labels --nodepool-tags
        --max-pods --enable-rbac --admin-username
      User-Agent:
      - AZURECLI/2.35.0 azsdk-python-azure-mgmt-containerservice/19.0.0 Python/3.8.10
        (Linux-5.13.0-1021-azure-x86_64-with-glibc2.29)
    method: PUT
    uri: https://management.azure.com/subscriptions/00000000-0000-0000-0000-000000000000/resourceGroups/clitest000001/providers/Microsoft.ContainerService/managedClusters/cliakstest000001?api-version=2022-03-01
  response:
    body:
      string: "{\n  \"id\": \"/subscriptions/00000000-0000-0000-0000-000000000000/resourcegroups/clitest000001/providers/Microsoft.ContainerService/managedClusters/cliakstest000001\",\n
        \ \"location\": \"westus2\",\n  \"name\": \"cliakstest000001\",\n  \"tags\":
        {\n   \"key1\": \"value1\"\n  },\n  \"type\": \"Microsoft.ContainerService/ManagedClusters\",\n
        \ \"properties\": {\n   \"provisioningState\": \"Creating\",\n   \"powerState\":
        {\n    \"code\": \"Running\"\n   },\n   \"kubernetesVersion\": \"1.21.9\",\n
        \  \"currentKubernetesVersion\": \"1.21.9\",\n   \"dnsPrefix\": \"cliaksdns000002\",\n
        \  \"fqdn\": \"cliaksdns000002-f7ddeb18.hcp.westus2.azmk8s.io\",\n   \"azurePortalFQDN\":
        \"cliaksdns000002-f7ddeb18.portal.hcp.westus2.azmk8s.io\",\n   \"agentPoolProfiles\":
        [\n    {\n     \"name\": \"nodepool1\",\n     \"count\": 1,\n     \"vmSize\":
        \"Standard_DS2_v2\",\n     \"osDiskSizeGB\": 128,\n     \"osDiskType\": \"Managed\",\n
        \    \"kubeletDiskType\": \"OS\",\n     \"maxPods\": 100,\n     \"type\":
        \"VirtualMachineScaleSets\",\n     \"enableAutoScaling\": false,\n     \"provisioningState\":
        \"Creating\",\n     \"powerState\": {\n      \"code\": \"Running\"\n     },\n
        \    \"orchestratorVersion\": \"1.21.9\",\n     \"enableNodePublicIP\": false,\n
        \    \"tags\": {\n      \"tag1\": \"tv1\",\n      \"tag2\": \"tv2\"\n     },\n
        \    \"nodeLabels\": {\n      \"label1\": \"value1\",\n      \"label2\": \"value2\"\n
        \    },\n     \"mode\": \"System\",\n     \"enableEncryptionAtHost\": false,\n
        \    \"enableUltraSSD\": false,\n     \"osType\": \"Linux\",\n     \"osSKU\":
        \"Ubuntu\",\n     \"nodeImageVersion\": \"AKSUbuntu-1804gen2containerd-2022.03.29\",\n
        \    \"enableFIPS\": false\n    }\n   ],\n   \"linuxProfile\": {\n    \"adminUsername\":
        \"adminuser\",\n    \"ssh\": {\n     \"publicKeys\": [\n      {\n       \"keyData\":
        \"ssh-rsa AAAAB3NzaC1yc2EAAAADAQABAAABAQC9Mn81dw0jaancv5sQo9kQAJKWQ9BtlyS0y4bBlVN3lxJXSiS5Dq189mgBY7JiURWHcwQ3VXCKRJZjHYIKj31PTAL2H+jU5a/4ty2z++omM2G4OCFu71jusuRYs4P9jLdfMatQ43Zp+wsYV1NmzNF9o/14ltu3piQAs44c81CW0GJGG1b0wKe1ujYx/TI+J8gfqHjo+HiLpHHjshCiWyK8GC64ueZguzG45fWZHRcmpYTWOPFH5Jl3ZuUeTkRo3012wINMAIpXzBX4wYaV2tPbsSbsivCdgPOq2zBkTJJ1PqQRCwAbd0XFAHpUzMCX70GdstCowb7YHliyp7FA6DZB
        azcli_aks_live_test@example.com\\n\"\n      }\n     ]\n    }\n   },\n   \"servicePrincipalProfile\":
        {\n    \"clientId\":\"00000000-0000-0000-0000-000000000001\"\n   },\n   \"nodeResourceGroup\":
        \"MC_clitest000001_cliakstest000001_westus2\",\n   \"enableRBAC\": true,\n
        \  \"networkProfile\": {\n    \"networkPlugin\": \"kubenet\",\n    \"loadBalancerSku\":
        \"standard\",\n    \"loadBalancerProfile\": {\n     \"managedOutboundIPs\":
        {\n      \"count\": 1\n     }\n    },\n    \"podCidr\": \"10.244.0.0/16\",\n
        \   \"serviceCidr\": \"10.0.0.0/16\",\n    \"dnsServiceIP\": \"10.0.0.10\",\n
        \   \"dockerBridgeCidr\": \"172.17.0.1/16\",\n    \"outboundType\": \"loadBalancer\",\n
        \   \"podCidrs\": [\n     \"10.244.0.0/16\"\n    ],\n    \"serviceCidrs\":
        [\n     \"10.0.0.0/16\"\n    ],\n    \"ipFamilies\": [\n     \"IPv4\"\n    ]\n
        \  },\n   \"maxAgentPools\": 100,\n   \"disableLocalAccounts\": false,\n   \"securityProfile\":
        {}\n  },\n  \"sku\": {\n   \"name\": \"Basic\",\n   \"tier\": \"Free\"\n  }\n
        }"
    headers:
      azure-asyncoperation:
      - https://management.azure.com/subscriptions/00000000-0000-0000-0000-000000000000/providers/Microsoft.ContainerService/locations/westus2/operations/aca2fb79-e31a-4c19-86d2-b3719da027dc?api-version=2016-03-30
      cache-control:
      - no-cache
      content-length:
      - '2883'
      content-type:
      - application/json
      date:
      - Mon, 18 Apr 2022 02:30:55 GMT
      expires:
      - '-1'
      pragma:
      - no-cache
      server:
      - nginx
      strict-transport-security:
      - max-age=31536000; includeSubDomains
      x-content-type-options:
      - nosniff
      x-ms-ratelimit-remaining-subscription-writes:
      - '1197'
    status:
      code: 201
      message: Created
- request:
    body: null
    headers:
      Accept:
      - '*/*'
      Accept-Encoding:
      - gzip, deflate
      CommandName:
      - aks create
      Connection:
      - keep-alive
      ParameterSetName:
      - --resource-group --name --location --dns-name-prefix --node-count --ssh-key-value
        --service-principal --client-secret --tags --nodepool-labels --nodepool-tags
        --max-pods --enable-rbac --admin-username
      User-Agent:
      - AZURECLI/2.35.0 azsdk-python-azure-mgmt-containerservice/19.0.0 Python/3.8.10
        (Linux-5.13.0-1021-azure-x86_64-with-glibc2.29)
    method: GET
    uri: https://management.azure.com/subscriptions/00000000-0000-0000-0000-000000000000/providers/Microsoft.ContainerService/locations/westus2/operations/aca2fb79-e31a-4c19-86d2-b3719da027dc?api-version=2016-03-30
  response:
    body:
      string: "{\n  \"name\": \"79fba2ac-1ae3-194c-86d2-b3719da027dc\",\n  \"status\":
        \"InProgress\",\n  \"startTime\": \"2022-04-18T02:30:56.17Z\"\n }"
    headers:
      cache-control:
      - no-cache
      content-length:
      - '121'
      content-type:
      - application/json
      date:
      - Mon, 18 Apr 2022 02:31:25 GMT
      expires:
      - '-1'
      pragma:
      - no-cache
      server:
      - nginx
      strict-transport-security:
      - max-age=31536000; includeSubDomains
      transfer-encoding:
      - chunked
      vary:
      - Accept-Encoding
      x-content-type-options:
      - nosniff
    status:
      code: 200
      message: OK
- request:
    body: null
    headers:
      Accept:
      - '*/*'
      Accept-Encoding:
      - gzip, deflate
      CommandName:
      - aks create
      Connection:
      - keep-alive
      ParameterSetName:
      - --resource-group --name --location --dns-name-prefix --node-count --ssh-key-value
        --service-principal --client-secret --tags --nodepool-labels --nodepool-tags
        --max-pods --enable-rbac --admin-username
      User-Agent:
      - AZURECLI/2.35.0 azsdk-python-azure-mgmt-containerservice/19.0.0 Python/3.8.10
        (Linux-5.13.0-1021-azure-x86_64-with-glibc2.29)
    method: GET
    uri: https://management.azure.com/subscriptions/00000000-0000-0000-0000-000000000000/providers/Microsoft.ContainerService/locations/westus2/operations/aca2fb79-e31a-4c19-86d2-b3719da027dc?api-version=2016-03-30
  response:
    body:
      string: "{\n  \"name\": \"79fba2ac-1ae3-194c-86d2-b3719da027dc\",\n  \"status\":
        \"InProgress\",\n  \"startTime\": \"2022-04-18T02:30:56.17Z\"\n }"
    headers:
      cache-control:
      - no-cache
      content-length:
      - '121'
      content-type:
      - application/json
      date:
      - Mon, 18 Apr 2022 02:31:56 GMT
      expires:
      - '-1'
      pragma:
      - no-cache
      server:
      - nginx
      strict-transport-security:
      - max-age=31536000; includeSubDomains
      transfer-encoding:
      - chunked
      vary:
      - Accept-Encoding
      x-content-type-options:
      - nosniff
    status:
      code: 200
      message: OK
- request:
    body: null
    headers:
      Accept:
      - '*/*'
      Accept-Encoding:
      - gzip, deflate
      CommandName:
      - aks create
      Connection:
      - keep-alive
      ParameterSetName:
      - --resource-group --name --location --dns-name-prefix --node-count --ssh-key-value
        --service-principal --client-secret --tags --nodepool-labels --nodepool-tags
        --max-pods --enable-rbac --admin-username
      User-Agent:
      - AZURECLI/2.35.0 azsdk-python-azure-mgmt-containerservice/19.0.0 Python/3.8.10
        (Linux-5.13.0-1021-azure-x86_64-with-glibc2.29)
    method: GET
    uri: https://management.azure.com/subscriptions/00000000-0000-0000-0000-000000000000/providers/Microsoft.ContainerService/locations/westus2/operations/aca2fb79-e31a-4c19-86d2-b3719da027dc?api-version=2016-03-30
  response:
    body:
      string: "{\n  \"name\": \"79fba2ac-1ae3-194c-86d2-b3719da027dc\",\n  \"status\":
        \"InProgress\",\n  \"startTime\": \"2022-04-18T02:30:56.17Z\"\n }"
    headers:
      cache-control:
      - no-cache
      content-length:
      - '121'
      content-type:
      - application/json
      date:
      - Mon, 18 Apr 2022 02:32:26 GMT
      expires:
      - '-1'
      pragma:
      - no-cache
      server:
      - nginx
      strict-transport-security:
      - max-age=31536000; includeSubDomains
      transfer-encoding:
      - chunked
      vary:
      - Accept-Encoding
      x-content-type-options:
      - nosniff
    status:
      code: 200
      message: OK
- request:
    body: null
    headers:
      Accept:
      - '*/*'
      Accept-Encoding:
      - gzip, deflate
      CommandName:
      - aks create
      Connection:
      - keep-alive
      ParameterSetName:
      - --resource-group --name --location --dns-name-prefix --node-count --ssh-key-value
        --service-principal --client-secret --tags --nodepool-labels --nodepool-tags
        --max-pods --enable-rbac --admin-username
      User-Agent:
      - AZURECLI/2.35.0 azsdk-python-azure-mgmt-containerservice/19.0.0 Python/3.8.10
        (Linux-5.13.0-1021-azure-x86_64-with-glibc2.29)
    method: GET
    uri: https://management.azure.com/subscriptions/00000000-0000-0000-0000-000000000000/providers/Microsoft.ContainerService/locations/westus2/operations/aca2fb79-e31a-4c19-86d2-b3719da027dc?api-version=2016-03-30
  response:
    body:
      string: "{\n  \"name\": \"79fba2ac-1ae3-194c-86d2-b3719da027dc\",\n  \"status\":
        \"InProgress\",\n  \"startTime\": \"2022-04-18T02:30:56.17Z\"\n }"
    headers:
      cache-control:
      - no-cache
      content-length:
      - '121'
      content-type:
      - application/json
      date:
      - Mon, 18 Apr 2022 02:32:56 GMT
      expires:
      - '-1'
      pragma:
      - no-cache
      server:
      - nginx
      strict-transport-security:
      - max-age=31536000; includeSubDomains
      transfer-encoding:
      - chunked
      vary:
      - Accept-Encoding
      x-content-type-options:
      - nosniff
    status:
      code: 200
      message: OK
- request:
    body: null
    headers:
      Accept:
      - '*/*'
      Accept-Encoding:
      - gzip, deflate
      CommandName:
      - aks create
      Connection:
      - keep-alive
      ParameterSetName:
      - --resource-group --name --location --dns-name-prefix --node-count --ssh-key-value
        --service-principal --client-secret --tags --nodepool-labels --nodepool-tags
        --max-pods --enable-rbac --admin-username
      User-Agent:
      - AZURECLI/2.35.0 azsdk-python-azure-mgmt-containerservice/19.0.0 Python/3.8.10
        (Linux-5.13.0-1021-azure-x86_64-with-glibc2.29)
    method: GET
    uri: https://management.azure.com/subscriptions/00000000-0000-0000-0000-000000000000/providers/Microsoft.ContainerService/locations/westus2/operations/aca2fb79-e31a-4c19-86d2-b3719da027dc?api-version=2016-03-30
  response:
    body:
      string: "{\n  \"name\": \"79fba2ac-1ae3-194c-86d2-b3719da027dc\",\n  \"status\":
        \"InProgress\",\n  \"startTime\": \"2022-04-18T02:30:56.17Z\"\n }"
    headers:
      cache-control:
      - no-cache
      content-length:
      - '121'
      content-type:
      - application/json
      date:
      - Mon, 18 Apr 2022 02:33:25 GMT
      expires:
      - '-1'
      pragma:
      - no-cache
      server:
      - nginx
      strict-transport-security:
      - max-age=31536000; includeSubDomains
      transfer-encoding:
      - chunked
      vary:
      - Accept-Encoding
      x-content-type-options:
      - nosniff
    status:
      code: 200
      message: OK
- request:
    body: null
    headers:
      Accept:
      - '*/*'
      Accept-Encoding:
      - gzip, deflate
      CommandName:
      - aks create
      Connection:
      - keep-alive
      ParameterSetName:
      - --resource-group --name --location --dns-name-prefix --node-count --ssh-key-value
        --service-principal --client-secret --tags --nodepool-labels --nodepool-tags
        --max-pods --enable-rbac --admin-username
      User-Agent:
      - AZURECLI/2.35.0 azsdk-python-azure-mgmt-containerservice/19.0.0 Python/3.8.10
        (Linux-5.13.0-1021-azure-x86_64-with-glibc2.29)
    method: GET
    uri: https://management.azure.com/subscriptions/00000000-0000-0000-0000-000000000000/providers/Microsoft.ContainerService/locations/westus2/operations/aca2fb79-e31a-4c19-86d2-b3719da027dc?api-version=2016-03-30
  response:
    body:
      string: "{\n  \"name\": \"79fba2ac-1ae3-194c-86d2-b3719da027dc\",\n  \"status\":
        \"InProgress\",\n  \"startTime\": \"2022-04-18T02:30:56.17Z\"\n }"
    headers:
      cache-control:
      - no-cache
      content-length:
      - '121'
      content-type:
      - application/json
      date:
      - Mon, 18 Apr 2022 02:33:55 GMT
      expires:
      - '-1'
      pragma:
      - no-cache
      server:
      - nginx
      strict-transport-security:
      - max-age=31536000; includeSubDomains
      transfer-encoding:
      - chunked
      vary:
      - Accept-Encoding
      x-content-type-options:
      - nosniff
    status:
      code: 200
      message: OK
- request:
    body: null
    headers:
      Accept:
      - '*/*'
      Accept-Encoding:
      - gzip, deflate
      CommandName:
      - aks create
      Connection:
      - keep-alive
      ParameterSetName:
      - --resource-group --name --location --dns-name-prefix --node-count --ssh-key-value
        --service-principal --client-secret --tags --nodepool-labels --nodepool-tags
        --max-pods --enable-rbac --admin-username
      User-Agent:
      - AZURECLI/2.35.0 azsdk-python-azure-mgmt-containerservice/19.0.0 Python/3.8.10
        (Linux-5.13.0-1021-azure-x86_64-with-glibc2.29)
    method: GET
    uri: https://management.azure.com/subscriptions/00000000-0000-0000-0000-000000000000/providers/Microsoft.ContainerService/locations/westus2/operations/aca2fb79-e31a-4c19-86d2-b3719da027dc?api-version=2016-03-30
  response:
    body:
      string: "{\n  \"name\": \"79fba2ac-1ae3-194c-86d2-b3719da027dc\",\n  \"status\":
        \"Succeeded\",\n  \"startTime\": \"2022-04-18T02:30:56.17Z\",\n  \"endTime\":
        \"2022-04-18T02:34:03.9413797Z\"\n }"
    headers:
      cache-control:
      - no-cache
      content-length:
      - '165'
      content-type:
      - application/json
      date:
      - Mon, 18 Apr 2022 02:34:26 GMT
      expires:
      - '-1'
      pragma:
      - no-cache
      server:
      - nginx
      strict-transport-security:
      - max-age=31536000; includeSubDomains
      transfer-encoding:
      - chunked
      vary:
      - Accept-Encoding
      x-content-type-options:
      - nosniff
    status:
      code: 200
      message: OK
- request:
    body: null
    headers:
      Accept:
      - '*/*'
      Accept-Encoding:
      - gzip, deflate
      CommandName:
      - aks create
      Connection:
      - keep-alive
      ParameterSetName:
      - --resource-group --name --location --dns-name-prefix --node-count --ssh-key-value
        --service-principal --client-secret --tags --nodepool-labels --nodepool-tags
        --max-pods --enable-rbac --admin-username
      User-Agent:
      - AZURECLI/2.35.0 azsdk-python-azure-mgmt-containerservice/19.0.0 Python/3.8.10
        (Linux-5.13.0-1021-azure-x86_64-with-glibc2.29)
    method: GET
    uri: https://management.azure.com/subscriptions/00000000-0000-0000-0000-000000000000/resourceGroups/clitest000001/providers/Microsoft.ContainerService/managedClusters/cliakstest000001?api-version=2022-03-01
  response:
    body:
      string: "{\n  \"id\": \"/subscriptions/00000000-0000-0000-0000-000000000000/resourcegroups/clitest000001/providers/Microsoft.ContainerService/managedClusters/cliakstest000001\",\n
        \ \"location\": \"westus2\",\n  \"name\": \"cliakstest000001\",\n  \"tags\":
        {\n   \"key1\": \"value1\"\n  },\n  \"type\": \"Microsoft.ContainerService/ManagedClusters\",\n
        \ \"properties\": {\n   \"provisioningState\": \"Succeeded\",\n   \"powerState\":
        {\n    \"code\": \"Running\"\n   },\n   \"kubernetesVersion\": \"1.21.9\",\n
        \  \"currentKubernetesVersion\": \"1.21.9\",\n   \"dnsPrefix\": \"cliaksdns000002\",\n
        \  \"fqdn\": \"cliaksdns000002-f7ddeb18.hcp.westus2.azmk8s.io\",\n   \"azurePortalFQDN\":
        \"cliaksdns000002-f7ddeb18.portal.hcp.westus2.azmk8s.io\",\n   \"agentPoolProfiles\":
        [\n    {\n     \"name\": \"nodepool1\",\n     \"count\": 1,\n     \"vmSize\":
        \"Standard_DS2_v2\",\n     \"osDiskSizeGB\": 128,\n     \"osDiskType\": \"Managed\",\n
        \    \"kubeletDiskType\": \"OS\",\n     \"maxPods\": 100,\n     \"type\":
        \"VirtualMachineScaleSets\",\n     \"enableAutoScaling\": false,\n     \"provisioningState\":
        \"Succeeded\",\n     \"powerState\": {\n      \"code\": \"Running\"\n     },\n
        \    \"orchestratorVersion\": \"1.21.9\",\n     \"enableNodePublicIP\": false,\n
        \    \"tags\": {\n      \"tag1\": \"tv1\",\n      \"tag2\": \"tv2\"\n     },\n
        \    \"nodeLabels\": {\n      \"label1\": \"value1\",\n      \"label2\": \"value2\"\n
        \    },\n     \"mode\": \"System\",\n     \"enableEncryptionAtHost\": false,\n
        \    \"enableUltraSSD\": false,\n     \"osType\": \"Linux\",\n     \"osSKU\":
        \"Ubuntu\",\n     \"nodeImageVersion\": \"AKSUbuntu-1804gen2containerd-2022.03.29\",\n
        \    \"enableFIPS\": false\n    }\n   ],\n   \"linuxProfile\": {\n    \"adminUsername\":
        \"adminuser\",\n    \"ssh\": {\n     \"publicKeys\": [\n      {\n       \"keyData\":
        \"ssh-rsa AAAAB3NzaC1yc2EAAAADAQABAAABAQC9Mn81dw0jaancv5sQo9kQAJKWQ9BtlyS0y4bBlVN3lxJXSiS5Dq189mgBY7JiURWHcwQ3VXCKRJZjHYIKj31PTAL2H+jU5a/4ty2z++omM2G4OCFu71jusuRYs4P9jLdfMatQ43Zp+wsYV1NmzNF9o/14ltu3piQAs44c81CW0GJGG1b0wKe1ujYx/TI+J8gfqHjo+HiLpHHjshCiWyK8GC64ueZguzG45fWZHRcmpYTWOPFH5Jl3ZuUeTkRo3012wINMAIpXzBX4wYaV2tPbsSbsivCdgPOq2zBkTJJ1PqQRCwAbd0XFAHpUzMCX70GdstCowb7YHliyp7FA6DZB
        azcli_aks_live_test@example.com\\n\"\n      }\n     ]\n    }\n   },\n   \"servicePrincipalProfile\":
        {\n    \"clientId\":\"00000000-0000-0000-0000-000000000001\"\n   },\n   \"nodeResourceGroup\":
        \"MC_clitest000001_cliakstest000001_westus2\",\n   \"enableRBAC\": true,\n
        \  \"networkProfile\": {\n    \"networkPlugin\": \"kubenet\",\n    \"loadBalancerSku\":
        \"Standard\",\n    \"loadBalancerProfile\": {\n     \"managedOutboundIPs\":
        {\n      \"count\": 1\n     },\n     \"effectiveOutboundIPs\": [\n      {\n
        \      \"id\": \"/subscriptions/00000000-0000-0000-0000-000000000000/resourceGroups/MC_clitest000001_cliakstest000001_westus2/providers/Microsoft.Network/publicIPAddresses/a9ca8e7f-132a-4ce3-9cd2-47ff020a2813\"\n
        \     }\n     ]\n    },\n    \"podCidr\": \"10.244.0.0/16\",\n    \"serviceCidr\":
        \"10.0.0.0/16\",\n    \"dnsServiceIP\": \"10.0.0.10\",\n    \"dockerBridgeCidr\":
        \"172.17.0.1/16\",\n    \"outboundType\": \"loadBalancer\",\n    \"podCidrs\":
        [\n     \"10.244.0.0/16\"\n    ],\n    \"serviceCidrs\": [\n     \"10.0.0.0/16\"\n
        \   ],\n    \"ipFamilies\": [\n     \"IPv4\"\n    ]\n   },\n   \"maxAgentPools\":
        100,\n   \"disableLocalAccounts\": false,\n   \"securityProfile\": {}\n  },\n
        \ \"sku\": {\n   \"name\": \"Basic\",\n   \"tier\": \"Free\"\n  }\n }"
    headers:
      cache-control:
      - no-cache
      content-length:
      - '3147'
      content-type:
      - application/json
      date:
      - Mon, 18 Apr 2022 02:34:27 GMT
      expires:
      - '-1'
      pragma:
      - no-cache
      server:
      - nginx
      strict-transport-security:
      - max-age=31536000; includeSubDomains
      transfer-encoding:
      - chunked
      vary:
      - Accept-Encoding
      x-content-type-options:
      - nosniff
    status:
      code: 200
      message: OK
- request:
    body: null
    headers:
      Accept:
      - application/json
      Accept-Encoding:
      - gzip, deflate
      CommandName:
      - aks list
      Connection:
      - keep-alive
      ParameterSetName:
      - -g
      User-Agent:
      - AZURECLI/2.35.0 azsdk-python-azure-mgmt-containerservice/19.0.0 Python/3.8.10
        (Linux-5.13.0-1021-azure-x86_64-with-glibc2.29)
    method: GET
    uri: https://management.azure.com/subscriptions/00000000-0000-0000-0000-000000000000/resourceGroups/clitest000001/providers/Microsoft.ContainerService/managedClusters?api-version=2022-03-01
  response:
    body:
      string: "{\n  \"value\": [\n   {\n    \"id\": \"/subscriptions/00000000-0000-0000-0000-000000000000/resourcegroups/clitest000001/providers/Microsoft.ContainerService/managedClusters/cliakstest000001\",\n
        \   \"location\": \"westus2\",\n    \"name\": \"cliakstest000001\",\n    \"tags\":
        {\n     \"key1\": \"value1\"\n    },\n    \"type\": \"Microsoft.ContainerService/ManagedClusters\",\n
        \   \"properties\": {\n     \"provisioningState\": \"Succeeded\",\n     \"powerState\":
        {\n      \"code\": \"Running\"\n     },\n     \"kubernetesVersion\": \"1.21.9\",\n
        \    \"currentKubernetesVersion\": \"1.21.9\",\n     \"dnsPrefix\": \"cliaksdns000002\",\n
        \    \"fqdn\": \"cliaksdns000002-f7ddeb18.hcp.westus2.azmk8s.io\",\n     \"azurePortalFQDN\":
        \"cliaksdns000002-f7ddeb18.portal.hcp.westus2.azmk8s.io\",\n     \"agentPoolProfiles\":
        [\n      {\n       \"name\": \"nodepool1\",\n       \"count\": 1,\n       \"vmSize\":
        \"Standard_DS2_v2\",\n       \"osDiskSizeGB\": 128,\n       \"osDiskType\":
        \"Managed\",\n       \"kubeletDiskType\": \"OS\",\n       \"maxPods\": 100,\n
        \      \"type\": \"VirtualMachineScaleSets\",\n       \"enableAutoScaling\":
        false,\n       \"provisioningState\": \"Succeeded\",\n       \"powerState\":
        {\n        \"code\": \"Running\"\n       },\n       \"orchestratorVersion\":
        \"1.21.9\",\n       \"enableNodePublicIP\": false,\n       \"tags\": {\n        \"tag1\":
        \"tv1\",\n        \"tag2\": \"tv2\"\n       },\n       \"nodeLabels\": {\n
        \       \"label1\": \"value1\",\n        \"label2\": \"value2\"\n       },\n
        \      \"mode\": \"System\",\n       \"enableEncryptionAtHost\": false,\n
        \      \"enableUltraSSD\": false,\n       \"osType\": \"Linux\",\n       \"osSKU\":
        \"Ubuntu\",\n       \"nodeImageVersion\": \"AKSUbuntu-1804gen2containerd-2022.03.29\",\n
        \      \"enableFIPS\": false\n      }\n     ],\n     \"linuxProfile\": {\n
        \     \"adminUsername\": \"adminuser\",\n      \"ssh\": {\n       \"publicKeys\":
        [\n        {\n         \"keyData\": \"ssh-rsa AAAAB3NzaC1yc2EAAAADAQABAAABAQC9Mn81dw0jaancv5sQo9kQAJKWQ9BtlyS0y4bBlVN3lxJXSiS5Dq189mgBY7JiURWHcwQ3VXCKRJZjHYIKj31PTAL2H+jU5a/4ty2z++omM2G4OCFu71jusuRYs4P9jLdfMatQ43Zp+wsYV1NmzNF9o/14ltu3piQAs44c81CW0GJGG1b0wKe1ujYx/TI+J8gfqHjo+HiLpHHjshCiWyK8GC64ueZguzG45fWZHRcmpYTWOPFH5Jl3ZuUeTkRo3012wINMAIpXzBX4wYaV2tPbsSbsivCdgPOq2zBkTJJ1PqQRCwAbd0XFAHpUzMCX70GdstCowb7YHliyp7FA6DZB
        azcli_aks_live_test@example.com\\n\"\n        }\n       ]\n      }\n     },\n
        \    \"servicePrincipalProfile\": {\n      \"clientId\":\"00000000-0000-0000-0000-000000000001\"\n
        \    },\n     \"nodeResourceGroup\": \"MC_clitest000001_cliakstest000001_westus2\",\n
        \    \"enableRBAC\": true,\n     \"networkProfile\": {\n      \"networkPlugin\":
        \"kubenet\",\n      \"loadBalancerSku\": \"Standard\",\n      \"loadBalancerProfile\":
        {\n       \"managedOutboundIPs\": {\n        \"count\": 1\n       },\n       \"effectiveOutboundIPs\":
        [\n        {\n         \"id\": \"/subscriptions/00000000-0000-0000-0000-000000000000/resourceGroups/MC_clitest000001_cliakstest000001_westus2/providers/Microsoft.Network/publicIPAddresses/a9ca8e7f-132a-4ce3-9cd2-47ff020a2813\"\n
        \       }\n       ]\n      },\n      \"podCidr\": \"10.244.0.0/16\",\n      \"serviceCidr\":
        \"10.0.0.0/16\",\n      \"dnsServiceIP\": \"10.0.0.10\",\n      \"dockerBridgeCidr\":
        \"172.17.0.1/16\",\n      \"outboundType\": \"loadBalancer\",\n      \"podCidrs\":
        [\n       \"10.244.0.0/16\"\n      ],\n      \"serviceCidrs\": [\n       \"10.0.0.0/16\"\n
        \     ],\n      \"ipFamilies\": [\n       \"IPv4\"\n      ]\n     },\n     \"maxAgentPools\":
        100,\n     \"disableLocalAccounts\": false,\n     \"securityProfile\": {}\n
        \   },\n    \"sku\": {\n     \"name\": \"Basic\",\n     \"tier\": \"Free\"\n
        \   }\n   }\n  ]\n }"
    headers:
      cache-control:
      - no-cache
      content-length:
      - '3378'
      content-type:
      - application/json
      date:
      - Mon, 18 Apr 2022 02:34:27 GMT
      expires:
      - '-1'
      pragma:
      - no-cache
      server:
      - nginx
      strict-transport-security:
      - max-age=31536000; includeSubDomains
      transfer-encoding:
      - chunked
      vary:
      - Accept-Encoding
      x-content-type-options:
      - nosniff
    status:
      code: 200
      message: OK
- request:
    body: null
    headers:
      Accept:
      - application/json
      Accept-Encoding:
      - gzip, deflate
      CommandName:
      - aks list
      Connection:
      - keep-alive
      ParameterSetName:
      - -g -o
      User-Agent:
      - AZURECLI/2.35.0 azsdk-python-azure-mgmt-containerservice/19.0.0 Python/3.8.10
        (Linux-5.13.0-1021-azure-x86_64-with-glibc2.29)
    method: GET
    uri: https://management.azure.com/subscriptions/00000000-0000-0000-0000-000000000000/resourceGroups/clitest000001/providers/Microsoft.ContainerService/managedClusters?api-version=2022-03-01
  response:
    body:
      string: "{\n  \"value\": [\n   {\n    \"id\": \"/subscriptions/00000000-0000-0000-0000-000000000000/resourcegroups/clitest000001/providers/Microsoft.ContainerService/managedClusters/cliakstest000001\",\n
        \   \"location\": \"westus2\",\n    \"name\": \"cliakstest000001\",\n    \"tags\":
        {\n     \"key1\": \"value1\"\n    },\n    \"type\": \"Microsoft.ContainerService/ManagedClusters\",\n
        \   \"properties\": {\n     \"provisioningState\": \"Succeeded\",\n     \"powerState\":
        {\n      \"code\": \"Running\"\n     },\n     \"kubernetesVersion\": \"1.21.9\",\n
        \    \"currentKubernetesVersion\": \"1.21.9\",\n     \"dnsPrefix\": \"cliaksdns000002\",\n
        \    \"fqdn\": \"cliaksdns000002-f7ddeb18.hcp.westus2.azmk8s.io\",\n     \"azurePortalFQDN\":
        \"cliaksdns000002-f7ddeb18.portal.hcp.westus2.azmk8s.io\",\n     \"agentPoolProfiles\":
        [\n      {\n       \"name\": \"nodepool1\",\n       \"count\": 1,\n       \"vmSize\":
        \"Standard_DS2_v2\",\n       \"osDiskSizeGB\": 128,\n       \"osDiskType\":
        \"Managed\",\n       \"kubeletDiskType\": \"OS\",\n       \"maxPods\": 100,\n
        \      \"type\": \"VirtualMachineScaleSets\",\n       \"enableAutoScaling\":
        false,\n       \"provisioningState\": \"Succeeded\",\n       \"powerState\":
        {\n        \"code\": \"Running\"\n       },\n       \"orchestratorVersion\":
        \"1.21.9\",\n       \"enableNodePublicIP\": false,\n       \"tags\": {\n        \"tag1\":
        \"tv1\",\n        \"tag2\": \"tv2\"\n       },\n       \"nodeLabels\": {\n
        \       \"label1\": \"value1\",\n        \"label2\": \"value2\"\n       },\n
        \      \"mode\": \"System\",\n       \"enableEncryptionAtHost\": false,\n
        \      \"enableUltraSSD\": false,\n       \"osType\": \"Linux\",\n       \"osSKU\":
        \"Ubuntu\",\n       \"nodeImageVersion\": \"AKSUbuntu-1804gen2containerd-2022.03.29\",\n
        \      \"enableFIPS\": false\n      }\n     ],\n     \"linuxProfile\": {\n
        \     \"adminUsername\": \"adminuser\",\n      \"ssh\": {\n       \"publicKeys\":
        [\n        {\n         \"keyData\": \"ssh-rsa AAAAB3NzaC1yc2EAAAADAQABAAABAQC9Mn81dw0jaancv5sQo9kQAJKWQ9BtlyS0y4bBlVN3lxJXSiS5Dq189mgBY7JiURWHcwQ3VXCKRJZjHYIKj31PTAL2H+jU5a/4ty2z++omM2G4OCFu71jusuRYs4P9jLdfMatQ43Zp+wsYV1NmzNF9o/14ltu3piQAs44c81CW0GJGG1b0wKe1ujYx/TI+J8gfqHjo+HiLpHHjshCiWyK8GC64ueZguzG45fWZHRcmpYTWOPFH5Jl3ZuUeTkRo3012wINMAIpXzBX4wYaV2tPbsSbsivCdgPOq2zBkTJJ1PqQRCwAbd0XFAHpUzMCX70GdstCowb7YHliyp7FA6DZB
        azcli_aks_live_test@example.com\\n\"\n        }\n       ]\n      }\n     },\n
        \    \"servicePrincipalProfile\": {\n      \"clientId\":\"00000000-0000-0000-0000-000000000001\"\n
        \    },\n     \"nodeResourceGroup\": \"MC_clitest000001_cliakstest000001_westus2\",\n
        \    \"enableRBAC\": true,\n     \"networkProfile\": {\n      \"networkPlugin\":
        \"kubenet\",\n      \"loadBalancerSku\": \"Standard\",\n      \"loadBalancerProfile\":
        {\n       \"managedOutboundIPs\": {\n        \"count\": 1\n       },\n       \"effectiveOutboundIPs\":
        [\n        {\n         \"id\": \"/subscriptions/00000000-0000-0000-0000-000000000000/resourceGroups/MC_clitest000001_cliakstest000001_westus2/providers/Microsoft.Network/publicIPAddresses/a9ca8e7f-132a-4ce3-9cd2-47ff020a2813\"\n
        \       }\n       ]\n      },\n      \"podCidr\": \"10.244.0.0/16\",\n      \"serviceCidr\":
        \"10.0.0.0/16\",\n      \"dnsServiceIP\": \"10.0.0.10\",\n      \"dockerBridgeCidr\":
        \"172.17.0.1/16\",\n      \"outboundType\": \"loadBalancer\",\n      \"podCidrs\":
        [\n       \"10.244.0.0/16\"\n      ],\n      \"serviceCidrs\": [\n       \"10.0.0.0/16\"\n
        \     ],\n      \"ipFamilies\": [\n       \"IPv4\"\n      ]\n     },\n     \"maxAgentPools\":
        100,\n     \"disableLocalAccounts\": false,\n     \"securityProfile\": {}\n
        \   },\n    \"sku\": {\n     \"name\": \"Basic\",\n     \"tier\": \"Free\"\n
        \   }\n   }\n  ]\n }"
    headers:
      cache-control:
      - no-cache
      content-length:
      - '3378'
      content-type:
      - application/json
      date:
      - Mon, 18 Apr 2022 02:34:27 GMT
      expires:
      - '-1'
      pragma:
      - no-cache
      server:
      - nginx
      strict-transport-security:
      - max-age=31536000; includeSubDomains
      transfer-encoding:
      - chunked
      vary:
      - Accept-Encoding
      x-content-type-options:
      - nosniff
    status:
      code: 200
      message: OK
- request:
    body: null
    headers:
      Accept:
      - application/json
      Accept-Encoding:
      - gzip, deflate
      CommandName:
      - aks show
      Connection:
      - keep-alive
      ParameterSetName:
      - -g -n
      User-Agent:
      - AZURECLI/2.35.0 azsdk-python-azure-mgmt-containerservice/19.0.0 Python/3.8.10
        (Linux-5.13.0-1021-azure-x86_64-with-glibc2.29)
    method: GET
    uri: https://management.azure.com/subscriptions/00000000-0000-0000-0000-000000000000/resourceGroups/clitest000001/providers/Microsoft.ContainerService/managedClusters/cliakstest000001?api-version=2022-03-01
  response:
    body:
      string: "{\n  \"id\": \"/subscriptions/00000000-0000-0000-0000-000000000000/resourcegroups/clitest000001/providers/Microsoft.ContainerService/managedClusters/cliakstest000001\",\n
        \ \"location\": \"westus2\",\n  \"name\": \"cliakstest000001\",\n  \"tags\":
        {\n   \"key1\": \"value1\"\n  },\n  \"type\": \"Microsoft.ContainerService/ManagedClusters\",\n
        \ \"properties\": {\n   \"provisioningState\": \"Succeeded\",\n   \"powerState\":
        {\n    \"code\": \"Running\"\n   },\n   \"kubernetesVersion\": \"1.21.9\",\n
        \  \"currentKubernetesVersion\": \"1.21.9\",\n   \"dnsPrefix\": \"cliaksdns000002\",\n
        \  \"fqdn\": \"cliaksdns000002-f7ddeb18.hcp.westus2.azmk8s.io\",\n   \"azurePortalFQDN\":
        \"cliaksdns000002-f7ddeb18.portal.hcp.westus2.azmk8s.io\",\n   \"agentPoolProfiles\":
        [\n    {\n     \"name\": \"nodepool1\",\n     \"count\": 1,\n     \"vmSize\":
        \"Standard_DS2_v2\",\n     \"osDiskSizeGB\": 128,\n     \"osDiskType\": \"Managed\",\n
        \    \"kubeletDiskType\": \"OS\",\n     \"maxPods\": 100,\n     \"type\":
        \"VirtualMachineScaleSets\",\n     \"enableAutoScaling\": false,\n     \"provisioningState\":
        \"Succeeded\",\n     \"powerState\": {\n      \"code\": \"Running\"\n     },\n
        \    \"orchestratorVersion\": \"1.21.9\",\n     \"enableNodePublicIP\": false,\n
        \    \"tags\": {\n      \"tag1\": \"tv1\",\n      \"tag2\": \"tv2\"\n     },\n
        \    \"nodeLabels\": {\n      \"label1\": \"value1\",\n      \"label2\": \"value2\"\n
        \    },\n     \"mode\": \"System\",\n     \"enableEncryptionAtHost\": false,\n
        \    \"enableUltraSSD\": false,\n     \"osType\": \"Linux\",\n     \"osSKU\":
        \"Ubuntu\",\n     \"nodeImageVersion\": \"AKSUbuntu-1804gen2containerd-2022.03.29\",\n
        \    \"enableFIPS\": false\n    }\n   ],\n   \"linuxProfile\": {\n    \"adminUsername\":
        \"adminuser\",\n    \"ssh\": {\n     \"publicKeys\": [\n      {\n       \"keyData\":
        \"ssh-rsa AAAAB3NzaC1yc2EAAAADAQABAAABAQC9Mn81dw0jaancv5sQo9kQAJKWQ9BtlyS0y4bBlVN3lxJXSiS5Dq189mgBY7JiURWHcwQ3VXCKRJZjHYIKj31PTAL2H+jU5a/4ty2z++omM2G4OCFu71jusuRYs4P9jLdfMatQ43Zp+wsYV1NmzNF9o/14ltu3piQAs44c81CW0GJGG1b0wKe1ujYx/TI+J8gfqHjo+HiLpHHjshCiWyK8GC64ueZguzG45fWZHRcmpYTWOPFH5Jl3ZuUeTkRo3012wINMAIpXzBX4wYaV2tPbsSbsivCdgPOq2zBkTJJ1PqQRCwAbd0XFAHpUzMCX70GdstCowb7YHliyp7FA6DZB
        azcli_aks_live_test@example.com\\n\"\n      }\n     ]\n    }\n   },\n   \"servicePrincipalProfile\":
        {\n    \"clientId\":\"00000000-0000-0000-0000-000000000001\"\n   },\n   \"nodeResourceGroup\":
        \"MC_clitest000001_cliakstest000001_westus2\",\n   \"enableRBAC\": true,\n
        \  \"networkProfile\": {\n    \"networkPlugin\": \"kubenet\",\n    \"loadBalancerSku\":
        \"Standard\",\n    \"loadBalancerProfile\": {\n     \"managedOutboundIPs\":
        {\n      \"count\": 1\n     },\n     \"effectiveOutboundIPs\": [\n      {\n
        \      \"id\": \"/subscriptions/00000000-0000-0000-0000-000000000000/resourceGroups/MC_clitest000001_cliakstest000001_westus2/providers/Microsoft.Network/publicIPAddresses/a9ca8e7f-132a-4ce3-9cd2-47ff020a2813\"\n
        \     }\n     ]\n    },\n    \"podCidr\": \"10.244.0.0/16\",\n    \"serviceCidr\":
        \"10.0.0.0/16\",\n    \"dnsServiceIP\": \"10.0.0.10\",\n    \"dockerBridgeCidr\":
        \"172.17.0.1/16\",\n    \"outboundType\": \"loadBalancer\",\n    \"podCidrs\":
        [\n     \"10.244.0.0/16\"\n    ],\n    \"serviceCidrs\": [\n     \"10.0.0.0/16\"\n
        \   ],\n    \"ipFamilies\": [\n     \"IPv4\"\n    ]\n   },\n   \"maxAgentPools\":
        100,\n   \"disableLocalAccounts\": false,\n   \"securityProfile\": {}\n  },\n
        \ \"sku\": {\n   \"name\": \"Basic\",\n   \"tier\": \"Free\"\n  }\n }"
    headers:
      cache-control:
      - no-cache
      content-length:
      - '3147'
      content-type:
      - application/json
      date:
      - Mon, 18 Apr 2022 02:34:28 GMT
      expires:
      - '-1'
      pragma:
      - no-cache
      server:
      - nginx
      strict-transport-security:
      - max-age=31536000; includeSubDomains
      transfer-encoding:
      - chunked
      vary:
      - Accept-Encoding
      x-content-type-options:
      - nosniff
    status:
      code: 200
      message: OK
- request:
    body: null
    headers:
      Accept:
      - application/json
      Accept-Encoding:
      - gzip, deflate
      CommandName:
      - aks get-credentials
      Connection:
      - keep-alive
      Content-Length:
      - '0'
      ParameterSetName:
      - -g -n --file
      User-Agent:
      - AZURECLI/2.35.0 azsdk-python-azure-mgmt-containerservice/19.0.0 Python/3.8.10
        (Linux-5.13.0-1021-azure-x86_64-with-glibc2.29)
    method: POST
    uri: https://management.azure.com/subscriptions/00000000-0000-0000-0000-000000000000/resourceGroups/clitest000001/providers/Microsoft.ContainerService/managedClusters/cliakstest000001/listClusterUserCredential?api-version=2022-03-01
  response:
    body:
      string: "{\n  \"kubeconfigs\": [\n   {\n    \"name\": \"clusterUser\",\n    \"value\":
        \"YXBpVmVyc2lvbjogdjEKY2x1c3RlcnM6Ci0gY2x1c3RlcjoKICAgIGNlcnRpZmljYXRlLWF1dGhvcml0eS1kYXRhOiBMUzB0TFMxQ1JVZEpUaUJEUlZKVVNVWkpRMEZVUlMwdExTMHRDazFKU1VVMlJFTkRRWFJEWjBGM1NVSkJaMGxSVW14b1UzcHpXRFZhVm5CaWQyZG9aSGxzU25NMWFrRk9RbWRyY1docmFVYzVkekJDUVZGelJrRkVRVTRLVFZGemQwTlJXVVJXVVZGRVJYZEthbGxVUVdkR2R6QjVUV3BCTUUxVVozZE5ha2w0VFVSV1lVZEJPSGxOUkZWNVRVUlJlRTlFUVhsTmVrVjNUbFp2ZHdwRVZFVk1UVUZyUjBFeFZVVkJlRTFEV1RKRmQyZG5TV2xOUVRCSFExTnhSMU5KWWpORVVVVkNRVkZWUVVFMFNVTkVkMEYzWjJkSlMwRnZTVU5CVVVSc0NqSmFhWGRDVkU1eE56Rm9jVUZOTnpKcVFrZE5aVlJFUTJGWWFsaG9OMlpRTm1GVWVqVlpkbFZEUVd0amRuRndlWGt2UVdaM2JHaFdOMVEzZDNOVlR6a0tOR3hxUzJaVU9HUkZkVWR1ZEN0SmIzWlNZMjVSTUhVNE5reGxkaXRrYWtGTkszUXpkVlJISzA1dE4yY3JSbTlMUVM5RVZGUmFXSE5oYjI4MVVHZHdlZ3B2WTFaUEsyNTVRWEYwTjBobGFHSnFXalJITURrd2FHTTRXbVF4WTJOWU5raEtaVUpNYVVaM1RVdEhiM05tYTJkeFZWbG9XVzVRV0dSeVVIcFhhazFwQ205dFprRm9UeXQyZUhkRmNUZzNjbXB1YjFkdFluSnhPRVJpUmtWaFNtdEJWbmRLVFhwTGJrc3pkbmRPUVRNdk1IVjVjM0UzTjJOWFpGcHJOSFZCTTAwS1dEVkVja2huZUZKV2NFUk9SVzlpVkVSWlVEWTJVemRxYlc1S1JtRnhSM1ZQVjJNd09VMTJjVU52UTNGTWVFRXJWV1FyU0c5UFN5OXlRbm81VmtWMVJ3cFNZemRZUTBGdWRtVlFlVEJ5U0ZGTGRUZE9TRkJXTlVWR2VuUnljWE41WTBoS2FYbEhhVTlsU0hOUFMwbElTSEJtWm5GbGFWTjFPVGN4TW5CeU5HRjNDblJCU0RKWmRGWTJZVEkyVG5CNWQyZG5RV1JIZGxvdlVuTkZRVlJQUjJKTWRuQjVUMU0yTlhoS09VSXlNRVJxV1VGbldYVlNiQzlKVURSQlFXMVlUVElLVG5CbllWZHNURk0xUTJsRVQyUndObWhHU1VvM2EweFVaRTk1U21GcFVrVmlkWFZKTlRCdFdsbHlSV3BoUVRaWVRqazFkMWh0VEhSQ2VUbG5NMGhuWndwR2JGcHVPV0lyWkVsSk1uQkpPRFY0VlRjelNHZ3dZMmQzVEZaMk5GcHZTek5KZEdVeEsybGhNUzgxUkhWaVUzSjNabkpCUm01RmEzaG1abUpOSzBkaUNsTkNOMVJ6VUdzdlUydEVOamxqVVdOcVNtOWxXbFJRU2tSRmVHNU5aSHBLWTJwT0wzTnplbXR1VkRKWlZuQk5UbUYyV1RWM2NHTk1ZV0k0Um5wVE5qZ0tkMk5PT1U1SVZERkpNa3g2TmxkUGNFaEJSRWhQUmpJeGQybDJWSGhKYmpsWWNXVkpUSEl3ZEdkUlNVUkJVVUZDYnpCSmQxRkVRVTlDWjA1V1NGRTRRZ3BCWmpoRlFrRk5RMEZ4VVhkRWQxbEVWbEl3VkVGUlNDOUNRVlYzUVhkRlFpOTZRV1JDWjA1V1NGRTBSVVpuVVZWdVIyZEtWbkJSZEVZNVlqUjNkbTUzQ210ck1YQkdjR1ZTYlVRMGQwUlJXVXBMYjFwSmFIWmpUa0ZSUlV4Q1VVRkVaMmRKUWtGSk1UZFRUVVZWZFZGWldFa3JSa1Z4TkRaRVpGaHhVVVZTUmpnS09XVXlOV0l3TmxkUE9XSlFSamxQTUVsek1rSkhOMGxJTUdNNU5rNTFhMnB3TVZScVUzUktOR1JPVEhaR2JqUlNRaXRRTTJGTFpGaHFjVVpDWjIxM2JRcGhRMnAxTWpBMk0wcEhZbFJqWWxGbmVubHVielpvYmxSek5VeHBLMHAwVUZCbVRsVlRkRFJaVGs1SlpXWjRXWEoxZUdkSmJrZEpiWGxOTHpSb056VnhDakZVV2tReEsyZDRUWGxVVW5NNFkyNU1ORzE0V25sRWJuTnRhbmhzWTNrd2J6QlpUVzFoY2pKb2RUUjVWbEJ3UkVOdGNWWndjaTlGTURKM1UyeHNURFFLU2xWVU1sTkJabTR6TmxKQmNpc3pSRVZXYlVablFXNWhZemt3VlRVeVFUTkVNRVZwTjJWWmJFaFNLMWhqWm1ONldYVlFWRmgxVFZneGFXbE9WM0pDWWdwa0wxSkZVMmQwYmxGRU5HTldUM1pPWWxoWVJFSlNlREZCT1V4b09VMUlhaXRTUzBGUlUwSXdiR3d5ZWpCM2QxUXJOMnRLUTJwR01ubFpVMFp4Y1ZSSENsSnpNeXN3VUZSb1VpdENiVGhJVjNwd2NWRk1NVnBqVVdkbmJtTmpSbmhGU0ZjeVdpOXZabmMzYUZOa01HTnRWSFF3YXpGbFJFVlBRV1owVjJGR1ZYWUthak42Yms1SU0yRjViSHBtUkZOcVR6Wk9NVlIwYVM4M1IyeEJWME5vT0c1dmJDdHFMemt2WTJwUmRHMUhURGRPY1V0cFQwSnFaMjlOVnpsbVV6SXpRZ3AyTkdNdlIwNHlWMVpZYTBVeFIwaEZOMGx5TVdaVmJ6bE9aMlkxZUhaUmQzRmhabGhXUkU5TEszcFBValV3WjBRMFVXSlliVTl4WjA5VlRYcHpiekEyQ2pWc1VGaHJVR0pDZVZWNmRtbHZZbVF6TkhGclIxQmxZbEZYVEZaT00wNUhNV0UzTTFBMlFYVjBhRmxTYUVOdGR6WkROR2R0YmtWbVR6UkthMVJDVVhZS1dEazNRVFk1YVZVMWIxUkpkRk5CTmtSNmVrNXpPVTFzY2pkVkwyaDZlbEJDZVRadGNXMVdRVGhCV1VkRU56VlViSGhqUTBabVExQXdPWHAxUmtWa1ZncEhiMHBvVTBoaFRYTklhR3hOVTJOb0NpMHRMUzB0UlU1RUlFTkZVbFJKUmtsRFFWUkZMUzB0TFMwSwogICAgc2VydmVyOiBodHRwczovL2NsaWFrc2Ruc2p2YWdmdWctZjdkZGViMTguaGNwLndlc3R1czIuYXptazhzLmlvOjQ0MwogIG5hbWU6IGNsaWFrc3Rlc3R5djUycXkKY29udGV4dHM6Ci0gY29udGV4dDoKICAgIGNsdXN0ZXI6IGNsaWFrc3Rlc3R5djUycXkKICAgIHVzZXI6IGNsdXN0ZXJVc2VyX2NsaXRlc3RjNXl4bDR4aWhiX2NsaWFrc3Rlc3R5djUycXkKICBuYW1lOiBjbGlha3N0ZXN0eXY1MnF5CmN1cnJlbnQtY29udGV4dDogY2xpYWtzdGVzdHl2NTJxeQpraW5kOiBDb25maWcKcHJlZmVyZW5jZXM6IHt9CnVzZXJzOgotIG5hbWU6IGNsdXN0ZXJVc2VyX2NsaXRlc3RjNXl4bDR4aWhiX2NsaWFrc3Rlc3R5djUycXkKICB1c2VyOgogICAgY2xpZW50LWNlcnRpZmljYXRlLWRhdGE6IExTMHRMUzFDUlVkSlRpQkRSVkpVU1VaSlEwRlVSUzB0TFMwdENrMUpTVVpJVkVORFFYZFhaMEYzU1VKQlowbFJSMDFpZVZadVdYZHdUamh0Vm1kalRrcHRUa2c1VkVGT1FtZHJjV2hyYVVjNWR6QkNRVkZ6UmtGRVFVNEtUVkZ6ZDBOUldVUldVVkZFUlhkS2FsbFVRV1ZHZHpCNVRXcEJNRTFVWjNkTmFrbDRUVVJXWVVaM01IbE9SRUV3VFZSbmQwMXFUWGhOUkZaaFRVUkJlQXBHZWtGV1FtZE9Wa0pCYjFSRWJrNDFZek5TYkdKVWNIUlpXRTR3V2xoS2VrMVNWWGRGZDFsRVZsRlJSRVYzZUhSWldFNHdXbGhLYW1KSGJHeGlibEYzQ21kblNXbE5RVEJIUTFOeFIxTkpZak5FVVVWQ1FWRlZRVUUwU1VORWQwRjNaMmRKUzBGdlNVTkJVVU01Y2pGWE9Xa3hObWhKWTBKSWExZFlLMFZTUVhJS1dVTmpZMEl4WTNCUFNEWmlWRXBCWTFaS1pXSkZkM2N2WjNCNlNHVTROVUp1YmpGRmJuSmhLMDlZVkU1bE4xQkJNR2hEYUVaaEx6SnBhRVExYlc0cmNncHlSbVI2SzNkcldVTm1LM0pFTW1SdmFVRnJVMlJtZEVGUU9XNDJha053WlhkSWMyTldSRlZuWlhkWVZIWkdVRWhQVHpaNk9ERjRNU3M0ZVdNMGRpOHZDazE1TUhBcmRHVlNjVFJqWVhKeFdWTjNkRzkyY1hRNFJUbG5MMnhaUzNKalUwSkRLM2R6VkV4R2NURTFObmM1VVdKSlVrUXZla2Q0YVZaVWJWbG5MM1VLUXpGRlUyVjBURmQxWldSSldVTk9RMnROTm5SRVNVWjZjR0ZXVVZORGRHbE5RV3hRUTBRcmVHOURlbUV4UkM4d2RsQmtZa3B3VnpCbkszbEtOVEE1ZWdwNlRqSjVkMkp5UjNVcmNXMVlUWGRGV0dKS2VuTkthR0ZRVURORFVubHFhbGxtZEc1dU1ERktlRnBMTUhVeFMwMXFVMjByZDJ0b01qQlZPSGR2TjFsM0NsaHhTM3BFVW05SVpWUkdZbXRxTUZKS1RFNVdOWFk0VkdwSFdYWmhkMVJNYml0WlRqWTJOVmxNTlRONGFWY3pVWFJDYTBJM2MyZHJUbGgyTWxwTlJXUUthRlY0VldaTFdsbE9hbmRSUW05bVMyZEViRmxtZGpoQ09XaHNSVk55YkZCamJqVnZhakJ2YmtOUmJtbHVlazkxUm01RlR6aEthRmgzV0RKS09IRlJWZ292UkZWSmMyaEhUak5ZUlVKT00yWkdjRTR2TTJOUVlsVlZjSGR0VUZKcE0wdzNUMHgyVWk5d2RuTjRSV0phYlZkUVZqRk1lRkJDT0VkSGQzUlZaRXQ0Q2xZNVNXdDVka3BrYTJWbVJGWkRNa2hHZWsxUmEyUkhNMlpvTjFOU2JGUjNTVmRFYzNkV1UyVm9ZM3AxTmtSdVJrZHVVSGxYU2tWVWFWRm1lVGR5Y1d3S2MwZEZVVmxPWkhKTlYwOTFOR1ZFUWpCaE1HODFlVmhPSzFKd1MwUmlZMkpyTlcxTWVscGFRWGhuYm5WNlNsTlRVbU5MYUd0V1YySkZkR0pPS3l0bFFncGphekp0YUUxcmExZDZPRGRCWW1oM2RtMUdWbWxSU1VSQlVVRkNiekZaZDFaRVFVOUNaMDVXU0ZFNFFrRm1PRVZDUVUxRFFtRkJkMFYzV1VSV1VqQnNDa0pCZDNkRFoxbEpTM2RaUWtKUlZVaEJkMGwzUkVGWlJGWlNNRlJCVVVndlFrRkpkMEZFUVdaQ1owNVdTRk5OUlVkRVFWZG5RbE5qWVVGc1YyeERNRmdLTVhacVF5dG1RMU5VVjJ0WGJEVkhXVkJxUVU1Q1oydHhhR3RwUnpsM01FSkJVWE5HUVVGUFEwRm5SVUZrZDBreWJESm9UMnRLVWtWT01pdERSRVVyYWdwa1VuWkphbk5xYzJoaGJXOVVMMmhVVmxwQk5VTTNXbEZSTjBKMFExRjNXWElyVUhoVmNYVnNPRWd3TjFwVVVYaE5aMjloU2s1cVRIaHJlR2R3YVRNMUNtNHJjVVZMU0M5WWVrcEJkWHBCYVdwNFJEWnBiVWs0TUhWUWVqVnhXVkZRV0docFJGVTRUMnBFU1ZoWk1sUjNhbEZtU0dWYVVIQTVUVVZrYlhCNFRIVUtXbEpEWVZobk1WUjNlR1V4Ykd4TU9FdE1Ta3RwZFZRMFJHSkdiMUpaUlVWSVZtTjJTa1UwVm1aR2NrWnZkRzgzTlZreVlYVjFhMkZ1YjNsMFNucFNUQW9yTUVSTFNtVlJWMk5FU0VFeGRIUnRaSEp3ZUV4RVYxVnVUbFEwTTJScFdHdDBaV0o1Y1ZweldtMVhiMmxMZGtJelRtcFFTSEJVTUhwVlUzVlJTMUo0Q2t0SE1FTmpTSGhtV2l0UlZIUjFSbnBpUVc5M1kydDZkbloxU1hRMWJESXJRMnBNVkZWVVpscEpSM1p2Y2t4MmEwYzBRMWR6Y1N0WlFUSmtPWHBoYUU4S2QzRTNNa2gwZGxOTlEySXdXamRrUmxkalRHWTNhbVZoVkdOdk1rSlpiemx6ZEV0UGJ6Qk1RM2w2Tlc5cGMzaHRkV1IyWjNkcWJsQjBka2h0U1c5cU5RcHpRbUprWkRjM01XcHFZM1JPTDFKbWRXeEhjekZWVDBOblVscFFlVmx2UW5reFEzbDJZbHAyUWtKR0swdG1iak51YTFab2FpOVVNbWd5TkcweGNIbFFDakkxWWpWa1luTXlRM1IyWkhoS09HdHdMMWh0U1hVclYwNVZTVmxoWjBOS1VGaFdUMlkyU2pkUmJFWldUMUUyWVVSa2NIQlRVVmhQZGtadVRrc3JiV1lLVmt4R1IxZzFTME5rVkdaeVRXcGxjWEkwUTNCUFdsSkdOMVJMZFU0d2MyZ3liblJDU2pobVExWndVREkwWm1KNlpuWlZhbFZPVjJzNVlVVkNXR2huVXdwRlZXOVFTMWRIYzI1d1FrTkdkbGxTU1RVeFZ6aDNZazVTVkZoalJsaHJiV0kyVnk5MkwwcE9lVlYyUzJwRlFYUlphRkJsVVc5c2EzcDBUR1o2UlVRNUNrNURVbUpyV0ZwR1pHcFRRM0pQUmtVMmMwVTFRMWRuUFFvdExTMHRMVVZPUkNCRFJWSlVTVVpKUTBGVVJTMHRMUzB0Q2c9PQogICAgY2xpZW50LWtleS1kYXRhOiBMUzB0TFMxQ1JVZEpUaUJTVTBFZ1VGSkpWa0ZVUlNCTFJWa3RMUzB0TFFwTlNVbEtTMUZKUWtGQlMwTkJaMFZCZG1FNVZuWlpkR1Z2VTBoQlVqVkdiQzlvUlZGTE1rRnVTRUZrV0V0VWFDdHRNSGxSU0VaVFdHMTRUVTFRTkV0akNuZ3pkazlSV2pVNVVrbzJNblpxYkRCNldIVjZkMDVKVVc5U1YzWTViMjlSSzFwd0wzRTJlRmhqTDNOS1IwRnVMM0YzT1c1aFNXZEtSVzVZTjFGRUwxb0tLMjkzY1ZoelFqZElSbEV4U1VoelJqQTNlRlI0ZW1wMWN5OU9ZMlJtZGsxdVQwd3ZMM3BOZEV0bWNsaHJZWFZJUjNFMmJVVnpUR0ZNTm5KbVFsQlpVQW8xVjBOeE0wVm5VWFp6VEVWNWVHRjBaV1Z6VUZWSGVVVlJMemg0YzFsc1ZUVnRTVkEzWjNSU1JXNXlVekZ5Ym01VFIwRnFVWEJFVDNKUmVVSmpObGRzQ2xWRlozSlpha0ZLVkhkbkwzTmhRWE15ZEZFdk9VeDZNMWQ1WVZaMFNWQnphV1ZrVUdNNGVtUnpjMGMyZUhKMmNYQnNlazFDUmpKNVl6ZERXVmRxZWprS2QydGpielF5U0RkYU5UbE9VMk5YVTNSTWRGTnFTVEJ3ZG5OS1NXUjBSbEJOUzA4eVRVWTJhWE4zTUdGQ00ydDRWelZKT1VWVFUzcFdaV0l2UlRSNGJRcE1Nbk5GZVRVdmJVUmxkWFZYUXl0a09GbHNkREJNVVZwQlpUZEpTa1JXTnpsdFZFSklXVlpOVmtoNWJWZEVXVGhGUVdGSWVXOUJOVmRJTnk5QlpsbGFDbEpGY1RWVU0wb3JZVWs1UzBwM2EwbzBjRGg2Y21oYWVFUjJRMWxXT0VZNWFXWkxhMFptZHpGRFRFbFNhbVF4ZUVGVVpETjRZVlJtT1RORU1qRkdTMk1LU21vd1dYUjVLM3BwTnpCbU5tSTNUVkpITWxwc2FqRmtVemhVZDJaQ2FITk1Wa2hUYzFabVUwcE5jbmxZV2todWR6RlJkR2g0WTNwRlNraFNkRE0wWlFvd2ExcFZPRU5HWnpkTlJsVnViMWhOTjNWbk5YaFNjSG80YkdsU1JUUnJTRGgxTmpad1lrSm9SVWRFV0dGNlJtcHlkVWhuZDJSSGRFdFBZMng2Wm10aENsTm5Nak5ITlU5YWFUZ3lWMUZOV1VvM2MzbFZhMnRZUTI5YVJsWnRlRXhYZW1aMmJtZFlTazV3YjFSS1NrWnpMMDkzUnpSalREVm9WbGxyUTBGM1JVRUtRVkZMUTBGblJVRnVOUzluWVVoNlZHRnZaa3hzY1RaUFFsRjBORGQyWldkclpEWXZaelp1VDB0WlVqVjBZekpsVFRGelNrMUtNRXR6U0dwSlluTkpad3BMZEVob1pWSXhRelZRVlZod1RXeHBVWGg2VFVWdk0waHJWRlp4UVZJNGMwUlRZMUpXVWtJNEwyZG5aR1p2VFZWR01YWXZlblZoY3pKclMwRkhXRXRxQ2xvMGFWcHRUR0pQYUZsMGVtVlVRelE1SzJoNFVUZDRaRk5TTVdsVWRrWlVURmxQZUZONE0zTjFVa05IU1hveWEyWlFOblphVXpWdk0wSXZTVk5WTTBFS1FXSm9TVUZhZDFrMmIwNWpVazVMT1ZRM1pDdHhlV1ZzYzJGaFQxQXdWalIxVkU1NFNVWkJZbWxRVjFkV2NITnFkMk0zU0ZaWWJuUk1lVEE0YWxGc1pBcHVRWFZYUW1wWFJEWmlZelpDZDNaTGIxRk9UV05xWldWdk9FcHlVVEJyUVhaRlFqVnVSM0JvU1doVWRtWjZSVmRVYmsxeVJYRXhSelIxYjJSU05WTmhDa015Tm5OcVRYUmxSbEZsWVdoVWNqWkRWbFJZZUVZeVNqVmhWM1pXTTNka1FrNU5iM0IwVUc1UGIzTmhUbUkwV2tZdlMxVlhaRWxHVlZCcWVYWnpiVW9LTDBoRmVqZE5SR1pCVTFrNWFHeHNZbFZETjIxSFJFWlBjVkZ2TWtwaVV6Wm1LMHhqYUVZMU1HSnNiakJxYUZZd2JXcExTbTFoY1ZwMFNWSm1OR3htTVFwQ2RYWXpXRWhaTkdkclZrTlNNbnBETjFwRVMyWTVMMnRvU1RCbk1YaFFlRFJ2Tm01ek56WlBNRmN4VW5sYVoweG1ZMWxoVmxaaE5GcHdTV3BuWVc0MkNtTnZVRnAzV0U4NVNWWTNkbkpCVGxoWmRITk5kRzU1ZDJ4c2JtTjJUM1p1TmtRM0wwdzVibmhFWms1bU9IcElRbVJhUTFkSFVHZ3ZXVWxaZERGRE9WUUtja3BZVDFCdFpVVkZNSGhFTnpVeE9ISjFaemRxYkhkdVdVeGtlWFYxVjFOeWNsSk1lbWN5UVZFelVGZDVjRTlIVm1kcWF5dHFMMnBJZVRGeFIwdFBSQXByVkRGNmFVeEpjbWh6VkVOQ2VWSjFWVEZETjFsWWFWQndiV1ZqWTFBMmVWVkZha3BRWmxoSE0zUnJiMjF2Tm1kS1REQkRaMmRGUWtGT1kwaGtZV3d6Q25KNk5WTTVVM2hxTlZnMWNHa3diamsyWkVzcmJXUnNjRTFyV25oU1UyNVZRazluWW1kS09WbFFNR0pFVkVJMlNVbEVVRnBRY1hWMmIweFNha3BVYm5FS1FubHdia3hCUzB3clMwTm1ZVFZNWnpsWlYxbExaRXhpZDNaNEsyZHdPVmRCVFRodlZrUnhRMlI2WVhkb1prOHZiV2RqZUdSNlF6Rk1ZbThyWkhjM1dBb3JSVUUyUmxCeFdXTlJhMHB1VkN0M1dqbEdXazFUTDNsMFpsTmFNMk5pUVZKWk5GVlZNR1kwYkdnM1pFZ3hVMVp1TUVKdWVtcG5LeXRYTTFjeVdGQm9Da3BIUlVnNWQxbFpTVVZSZW5ocVRtMXJlakpNUjJwVUszaE1XRXR2YzJWeVIxVjVjekZRYzJsT04xSlVTbUpzVTFkTFUyZERkVWRzVVN0dGRYaDFXblVLU21wNVJqZzJVVzF4WlVVMVdrOHhUM3BJU25wd2IwTnVhalZQVWtkRVFtTjZXRVZvYzIxcFZYRTNXR2tyWlROVlpFUTBWRTFEZGpsVVMwNUxjRWxhTVFwQmVHczFiWGh0YzFwMFdsVnRZMDFEWjJkRlFrRlBTRlJ3ZFUxcFExUnNVMjlQTTNVMEsxVndhSEV4Y1hCRVZIRjNjWGRGVEdoalN6RjJOR3czUVVVNUNrTlhhMDVxZFdjMldYUlRPSGhrTms4MWJsQmFWVlZtTjFCcVdGUkxMMlV6UWl0a05FMXNkV1ZLUlM5NlJsVm1ObmwwVmtkaloySlJSa1JRUTJoSFlXa0tRVTFqVjBzMWVtbHZkM2hPZEZCQ1oyZFRTRWh5U0RKdEsyMHljakpHZVhSVVdVSm1WMmM0WVVwWmQweG9kRUk1VFZOSVp6TmlaMFpJUVU1Nk9EbFpkd292SzIxS1RUaEtWaXR2ZGpWNFNVb3lkRUpyTWpkT1pIRlRkMGRtY0dkU2VHWmhVMlpDVDJKNE1WSndVRzFYV1ROUVdWSldObUZIWWpVcmVXSkRSV3RaQ21WalV6WXZkRU5VZDFvNFUwNXRSV2R5ZFd4T1lrOXdRMWhPVWpJMVYxUjVSVFUzWTAxbFZVOXNlR3RTTkdOU01HSmFOamxrWjFONmJ6QlNUbUp6YzFvS2NqSXJNVU5qU1ROaFpsbzJXbHA1WWxvMWJIWlVSQzlGTW5GdE56VjZhWEphYVdOeVRtRXZWbXR6VFVOblowVkJaVVpSYVZWa01EVTBZMU5IYTI1eGN3cGxRbk5VTmxOdUx6WlJSR3RGZW1VNEwwcEtlVkUzTDNwd2RtVk5LMG8xYm1WdEwySmlkRW8yVVhOc01VOXdiMnBqWnpWNFZFbEdZakZUZVRkQloyNVdDamRtZVVsT1JEbFROVnB0U3k5bldXZHFVemd5V2xobE5VdEVVRWhRY0RZemJUVkZXWGhLWjFveE5rTnJkRVZ6VHpsalVIa3lRVzFtVlVWSGQySTNUbE1LZG1Rek1XTjVhVU5WUkVvM1VtWjFjVTkxUkVoeVIzSTBRVlpRTm1KeVNEZFFMMWsxYWtKdVYySnFTVzkzYlhweVNUYzBlRWhhYlVaNFFUWjVLekpSVVFveWJHMXRkR2xxVjJsSlFVcEJSa3cxVUZWdVVqUmhOSEpyUXpZdlYwaEhSR1p3VG5jM2N6TllPRkJtYlZoMlRXVnNLM2hKVUdKaGVVTjJhR2x4VWpsQ0NuWldiR2t3ZWtabVZUQlVTV3BuU1RKYVJIVjZjalI1WmtsdmJtRjZiemg2Y2paeUsyUlZjVWxoYUhoUGRuRTRWMkpsU21SUmVXcEVkbEl2ZUZoWFMwOEtaMkUwUTBKUlMwTkJVVUpNUlVOamR6WkhaRmxtYm1GMmJpOUNkMmM1VlZsWU5VbHNXazFPUVcxclRWaDBZWEYzTXpkdlMzb3hZMHBpUmtKTlRVNTNXZ3BEYjFwaE5pOVVLMGhSV1M5bWRYVXllVWhMWXpkSFNHTk9jaTlIV2taS09XOU1ZelpNWTNGMVEySlNkRkF3ZWpONE0yaHlRbEExZEV4d2JHZHNTbFJPQ25scFlWTnZRVVpOVlZOeGMzVlpkMVZYUlV0aGVUWkJkbEUwUzFRNGIxUTBaaTk0V0RSTlZYTkdZWEZrVDBaWFVHTkZUbXQwZGxSYWF6VnNOSGd3ZERRS2NUVlVLMHRMWWtWdGRGVjFOVlV6TlZKREwxTXlhMkZDUzJKd1ptRmFUVVZKSzBaQ1kwdHpjVU5qVTFkNU1WQlVLMlJTVUU0MmRVTkZVVmxUU0c5elJncGlVRUpYWVVvMk4xQmthM1ZLVGtSdFltNDNhR2gyVjNWdlJrdFdZVXgzWjNkVGFtbFFSRVZVZVhKWmJqWmxOR3BFWm00NU1rcFFVRGxqVmtGdlZuRXZDbUYyTDB4b2JuaDRTeXRYVldKTlMybEhTM1JMTUhVMGNIQjBjelZxZVhkNFFXOUpRa0ZSUXprNWFteHNWblEwZEhadFpqbE1VRVppVFVkbWVXRndWM2dLUVc5eGVUWm1kVWRXSzFFNFFqbG5kSEptV1ZNNE1ucENXSFZHWVdwemNFWTRWbkJwZEdVM1ZVNXBMMDVuYlZaaVFXSXhVeTgyUlU0dllWUjZTbFpqTlFwSWNFcFpLMjh4VHpkMWRuRm1UMGd3Wlc1SlMxY3pXbTgzVjNOUk4yMVJOVVk1ZEZkVldFRlBVbHAwZFhwV0wweGpXbmMxVERkak5HdFFSMFZXWm5vMENtVndlWFJwWVRndlpIbEJlVWgxY0U4MGFuTkthRTl4WkZBNGJHNVVaakJLSzBObWVUaDVTRUZ0Y1VoaFYwRlZhSGN5ZFVaRmNVUlljbGc1ZFZSdlZHNEtSMFpQUVRsc2NUY3djVGd4WnpCMmJEUXhSa2hWTTJJdlRFdHpUM0p0WWpKdlFqaEJaR2xVZUc1dmFHVXlURlZ2VkV4WFdsSk9WMnMyYWt4bFVtNDJPUXBQV2pOYVJFTjNhRFJtUXpka2JGY3ZZV3MyWVVwMFZYZHZRaXRzV1dvellXczNORVpuTVdOVWRXSjBVMk0xZG1vemRFcHdSR0ozVVVkQ1Yyd0tMUzB0TFMxRlRrUWdVbE5CSUZCU1NWWkJWRVVnUzBWWkxTMHRMUzBLCiAgICB0b2tlbjogZjdlNGViOWU2ZGRjOTYzYWI2ZGFmYjZmZjZiYzhhMTRiYzM3MTFkNGYwNTg5ZmM4NDA3MWY1MGQzOWQ4MDIzNTU1OGQ0ZWQ1YTQyZjliMTQ5MWEwMmRlM2JlMjM0MTAyZGUxZmMxOWUzN2MxZDZiZWQ2YWNmZWFiNDM1Y2MwN2IK\"\n
        \  }\n  ]\n }"
    headers:
      cache-control:
      - no-cache
      content-length:
      - '13072'
      content-type:
      - application/json
      date:
      - Mon, 18 Apr 2022 02:34:28 GMT
      expires:
      - '-1'
      pragma:
      - no-cache
      server:
      - nginx
      strict-transport-security:
      - max-age=31536000; includeSubDomains
      transfer-encoding:
      - chunked
      vary:
      - Accept-Encoding
      x-content-type-options:
      - nosniff
      x-ms-ratelimit-remaining-subscription-writes:
      - '1199'
    status:
      code: 200
      message: OK
- request:
    body: null
    headers:
      Accept:
      - application/json
      Accept-Encoding:
      - gzip, deflate
      CommandName:
      - aks get-credentials
      Connection:
      - keep-alive
      Content-Length:
      - '0'
      ParameterSetName:
      - -g -n -f
      User-Agent:
      - AZURECLI/2.35.0 azsdk-python-azure-mgmt-containerservice/19.0.0 Python/3.8.10
        (Linux-5.13.0-1021-azure-x86_64-with-glibc2.29)
    method: POST
    uri: https://management.azure.com/subscriptions/00000000-0000-0000-0000-000000000000/resourceGroups/clitest000001/providers/Microsoft.ContainerService/managedClusters/cliakstest000001/listClusterUserCredential?api-version=2022-03-01
  response:
    body:
      string: "{\n  \"kubeconfigs\": [\n   {\n    \"name\": \"clusterUser\",\n    \"value\":
        \"YXBpVmVyc2lvbjogdjEKY2x1c3RlcnM6Ci0gY2x1c3RlcjoKICAgIGNlcnRpZmljYXRlLWF1dGhvcml0eS1kYXRhOiBMUzB0TFMxQ1JVZEpUaUJEUlZKVVNVWkpRMEZVUlMwdExTMHRDazFKU1VVMlJFTkRRWFJEWjBGM1NVSkJaMGxSVW14b1UzcHpXRFZhVm5CaWQyZG9aSGxzU25NMWFrRk9RbWRyY1docmFVYzVkekJDUVZGelJrRkVRVTRLVFZGemQwTlJXVVJXVVZGRVJYZEthbGxVUVdkR2R6QjVUV3BCTUUxVVozZE5ha2w0VFVSV1lVZEJPSGxOUkZWNVRVUlJlRTlFUVhsTmVrVjNUbFp2ZHdwRVZFVk1UVUZyUjBFeFZVVkJlRTFEV1RKRmQyZG5TV2xOUVRCSFExTnhSMU5KWWpORVVVVkNRVkZWUVVFMFNVTkVkMEYzWjJkSlMwRnZTVU5CVVVSc0NqSmFhWGRDVkU1eE56Rm9jVUZOTnpKcVFrZE5aVlJFUTJGWWFsaG9OMlpRTm1GVWVqVlpkbFZEUVd0amRuRndlWGt2UVdaM2JHaFdOMVEzZDNOVlR6a0tOR3hxUzJaVU9HUkZkVWR1ZEN0SmIzWlNZMjVSTUhVNE5reGxkaXRrYWtGTkszUXpkVlJISzA1dE4yY3JSbTlMUVM5RVZGUmFXSE5oYjI4MVVHZHdlZ3B2WTFaUEsyNTVRWEYwTjBobGFHSnFXalJITURrd2FHTTRXbVF4WTJOWU5raEtaVUpNYVVaM1RVdEhiM05tYTJkeFZWbG9XVzVRV0dSeVVIcFhhazFwQ205dFprRm9UeXQyZUhkRmNUZzNjbXB1YjFkdFluSnhPRVJpUmtWaFNtdEJWbmRLVFhwTGJrc3pkbmRPUVRNdk1IVjVjM0UzTjJOWFpGcHJOSFZCTTAwS1dEVkVja2huZUZKV2NFUk9SVzlpVkVSWlVEWTJVemRxYlc1S1JtRnhSM1ZQVjJNd09VMTJjVU52UTNGTWVFRXJWV1FyU0c5UFN5OXlRbm81VmtWMVJ3cFNZemRZUTBGdWRtVlFlVEJ5U0ZGTGRUZE9TRkJXTlVWR2VuUnljWE41WTBoS2FYbEhhVTlsU0hOUFMwbElTSEJtWm5GbGFWTjFPVGN4TW5CeU5HRjNDblJCU0RKWmRGWTJZVEkyVG5CNWQyZG5RV1JIZGxvdlVuTkZRVlJQUjJKTWRuQjVUMU0yTlhoS09VSXlNRVJxV1VGbldYVlNiQzlKVURSQlFXMVlUVElLVG5CbllWZHNURk0xUTJsRVQyUndObWhHU1VvM2EweFVaRTk1U21GcFVrVmlkWFZKTlRCdFdsbHlSV3BoUVRaWVRqazFkMWh0VEhSQ2VUbG5NMGhuWndwR2JGcHVPV0lyWkVsSk1uQkpPRFY0VlRjelNHZ3dZMmQzVEZaMk5GcHZTek5KZEdVeEsybGhNUzgxUkhWaVUzSjNabkpCUm01RmEzaG1abUpOSzBkaUNsTkNOMVJ6VUdzdlUydEVOamxqVVdOcVNtOWxXbFJRU2tSRmVHNU5aSHBLWTJwT0wzTnplbXR1VkRKWlZuQk5UbUYyV1RWM2NHTk1ZV0k0Um5wVE5qZ0tkMk5PT1U1SVZERkpNa3g2TmxkUGNFaEJSRWhQUmpJeGQybDJWSGhKYmpsWWNXVkpUSEl3ZEdkUlNVUkJVVUZDYnpCSmQxRkVRVTlDWjA1V1NGRTRRZ3BCWmpoRlFrRk5RMEZ4VVhkRWQxbEVWbEl3VkVGUlNDOUNRVlYzUVhkRlFpOTZRV1JDWjA1V1NGRTBSVVpuVVZWdVIyZEtWbkJSZEVZNVlqUjNkbTUzQ210ck1YQkdjR1ZTYlVRMGQwUlJXVXBMYjFwSmFIWmpUa0ZSUlV4Q1VVRkVaMmRKUWtGSk1UZFRUVVZWZFZGWldFa3JSa1Z4TkRaRVpGaHhVVVZTUmpnS09XVXlOV0l3TmxkUE9XSlFSamxQTUVsek1rSkhOMGxJTUdNNU5rNTFhMnB3TVZScVUzUktOR1JPVEhaR2JqUlNRaXRRTTJGTFpGaHFjVVpDWjIxM2JRcGhRMnAxTWpBMk0wcEhZbFJqWWxGbmVubHVielpvYmxSek5VeHBLMHAwVUZCbVRsVlRkRFJaVGs1SlpXWjRXWEoxZUdkSmJrZEpiWGxOTHpSb056VnhDakZVV2tReEsyZDRUWGxVVW5NNFkyNU1ORzE0V25sRWJuTnRhbmhzWTNrd2J6QlpUVzFoY2pKb2RUUjVWbEJ3UkVOdGNWWndjaTlGTURKM1UyeHNURFFLU2xWVU1sTkJabTR6TmxKQmNpc3pSRVZXYlVablFXNWhZemt3VlRVeVFUTkVNRVZwTjJWWmJFaFNLMWhqWm1ONldYVlFWRmgxVFZneGFXbE9WM0pDWWdwa0wxSkZVMmQwYmxGRU5HTldUM1pPWWxoWVJFSlNlREZCT1V4b09VMUlhaXRTUzBGUlUwSXdiR3d5ZWpCM2QxUXJOMnRLUTJwR01ubFpVMFp4Y1ZSSENsSnpNeXN3VUZSb1VpdENiVGhJVjNwd2NWRk1NVnBqVVdkbmJtTmpSbmhGU0ZjeVdpOXZabmMzYUZOa01HTnRWSFF3YXpGbFJFVlBRV1owVjJGR1ZYWUthak42Yms1SU0yRjViSHBtUkZOcVR6Wk9NVlIwYVM4M1IyeEJWME5vT0c1dmJDdHFMemt2WTJwUmRHMUhURGRPY1V0cFQwSnFaMjlOVnpsbVV6SXpRZ3AyTkdNdlIwNHlWMVpZYTBVeFIwaEZOMGx5TVdaVmJ6bE9aMlkxZUhaUmQzRmhabGhXUkU5TEszcFBValV3WjBRMFVXSlliVTl4WjA5VlRYcHpiekEyQ2pWc1VGaHJVR0pDZVZWNmRtbHZZbVF6TkhGclIxQmxZbEZYVEZaT00wNUhNV0UzTTFBMlFYVjBhRmxTYUVOdGR6WkROR2R0YmtWbVR6UkthMVJDVVhZS1dEazNRVFk1YVZVMWIxUkpkRk5CTmtSNmVrNXpPVTFzY2pkVkwyaDZlbEJDZVRadGNXMVdRVGhCV1VkRU56VlViSGhqUTBabVExQXdPWHAxUmtWa1ZncEhiMHBvVTBoaFRYTklhR3hOVTJOb0NpMHRMUzB0UlU1RUlFTkZVbFJKUmtsRFFWUkZMUzB0TFMwSwogICAgc2VydmVyOiBodHRwczovL2NsaWFrc2Ruc2p2YWdmdWctZjdkZGViMTguaGNwLndlc3R1czIuYXptazhzLmlvOjQ0MwogIG5hbWU6IGNsaWFrc3Rlc3R5djUycXkKY29udGV4dHM6Ci0gY29udGV4dDoKICAgIGNsdXN0ZXI6IGNsaWFrc3Rlc3R5djUycXkKICAgIHVzZXI6IGNsdXN0ZXJVc2VyX2NsaXRlc3RjNXl4bDR4aWhiX2NsaWFrc3Rlc3R5djUycXkKICBuYW1lOiBjbGlha3N0ZXN0eXY1MnF5CmN1cnJlbnQtY29udGV4dDogY2xpYWtzdGVzdHl2NTJxeQpraW5kOiBDb25maWcKcHJlZmVyZW5jZXM6IHt9CnVzZXJzOgotIG5hbWU6IGNsdXN0ZXJVc2VyX2NsaXRlc3RjNXl4bDR4aWhiX2NsaWFrc3Rlc3R5djUycXkKICB1c2VyOgogICAgY2xpZW50LWNlcnRpZmljYXRlLWRhdGE6IExTMHRMUzFDUlVkSlRpQkRSVkpVU1VaSlEwRlVSUzB0TFMwdENrMUpTVVpJVkVORFFYZFhaMEYzU1VKQlowbFJSMDFpZVZadVdYZHdUamh0Vm1kalRrcHRUa2c1VkVGT1FtZHJjV2hyYVVjNWR6QkNRVkZ6UmtGRVFVNEtUVkZ6ZDBOUldVUldVVkZFUlhkS2FsbFVRV1ZHZHpCNVRXcEJNRTFVWjNkTmFrbDRUVVJXWVVaM01IbE9SRUV3VFZSbmQwMXFUWGhOUkZaaFRVUkJlQXBHZWtGV1FtZE9Wa0pCYjFSRWJrNDFZek5TYkdKVWNIUlpXRTR3V2xoS2VrMVNWWGRGZDFsRVZsRlJSRVYzZUhSWldFNHdXbGhLYW1KSGJHeGlibEYzQ21kblNXbE5RVEJIUTFOeFIxTkpZak5FVVVWQ1FWRlZRVUUwU1VORWQwRjNaMmRKUzBGdlNVTkJVVU01Y2pGWE9Xa3hObWhKWTBKSWExZFlLMFZTUVhJS1dVTmpZMEl4WTNCUFNEWmlWRXBCWTFaS1pXSkZkM2N2WjNCNlNHVTROVUp1YmpGRmJuSmhLMDlZVkU1bE4xQkJNR2hEYUVaaEx6SnBhRVExYlc0cmNncHlSbVI2SzNkcldVTm1LM0pFTW1SdmFVRnJVMlJtZEVGUU9XNDJha053WlhkSWMyTldSRlZuWlhkWVZIWkdVRWhQVHpaNk9ERjRNU3M0ZVdNMGRpOHZDazE1TUhBcmRHVlNjVFJqWVhKeFdWTjNkRzkyY1hRNFJUbG5MMnhaUzNKalUwSkRLM2R6VkV4R2NURTFObmM1VVdKSlVrUXZla2Q0YVZaVWJWbG5MM1VLUXpGRlUyVjBURmQxWldSSldVTk9RMnROTm5SRVNVWjZjR0ZXVVZORGRHbE5RV3hRUTBRcmVHOURlbUV4UkM4d2RsQmtZa3B3VnpCbkszbEtOVEE1ZWdwNlRqSjVkMkp5UjNVcmNXMVlUWGRGV0dKS2VuTkthR0ZRVURORFVubHFhbGxtZEc1dU1ERktlRnBMTUhVeFMwMXFVMjByZDJ0b01qQlZPSGR2TjFsM0NsaHhTM3BFVW05SVpWUkdZbXRxTUZKS1RFNVdOWFk0VkdwSFdYWmhkMVJNYml0WlRqWTJOVmxNTlRONGFWY3pVWFJDYTBJM2MyZHJUbGgyTWxwTlJXUUthRlY0VldaTFdsbE9hbmRSUW05bVMyZEViRmxtZGpoQ09XaHNSVk55YkZCamJqVnZhakJ2YmtOUmJtbHVlazkxUm01RlR6aEthRmgzV0RKS09IRlJWZ292UkZWSmMyaEhUak5ZUlVKT00yWkdjRTR2TTJOUVlsVlZjSGR0VUZKcE0wdzNUMHgyVWk5d2RuTjRSV0phYlZkUVZqRk1lRkJDT0VkSGQzUlZaRXQ0Q2xZNVNXdDVka3BrYTJWbVJGWkRNa2hHZWsxUmEyUkhNMlpvTjFOU2JGUjNTVmRFYzNkV1UyVm9ZM3AxTmtSdVJrZHVVSGxYU2tWVWFWRm1lVGR5Y1d3S2MwZEZVVmxPWkhKTlYwOTFOR1ZFUWpCaE1HODFlVmhPSzFKd1MwUmlZMkpyTlcxTWVscGFRWGhuYm5WNlNsTlRVbU5MYUd0V1YySkZkR0pPS3l0bFFncGphekp0YUUxcmExZDZPRGRCWW1oM2RtMUdWbWxSU1VSQlVVRkNiekZaZDFaRVFVOUNaMDVXU0ZFNFFrRm1PRVZDUVUxRFFtRkJkMFYzV1VSV1VqQnNDa0pCZDNkRFoxbEpTM2RaUWtKUlZVaEJkMGwzUkVGWlJGWlNNRlJCVVVndlFrRkpkMEZFUVdaQ1owNVdTRk5OUlVkRVFWZG5RbE5qWVVGc1YyeERNRmdLTVhacVF5dG1RMU5VVjJ0WGJEVkhXVkJxUVU1Q1oydHhhR3RwUnpsM01FSkJVWE5HUVVGUFEwRm5SVUZrZDBreWJESm9UMnRLVWtWT01pdERSRVVyYWdwa1VuWkphbk5xYzJoaGJXOVVMMmhVVmxwQk5VTTNXbEZSTjBKMFExRjNXWElyVUhoVmNYVnNPRWd3TjFwVVVYaE5aMjloU2s1cVRIaHJlR2R3YVRNMUNtNHJjVVZMU0M5WWVrcEJkWHBCYVdwNFJEWnBiVWs0TUhWUWVqVnhXVkZRV0docFJGVTRUMnBFU1ZoWk1sUjNhbEZtU0dWYVVIQTVUVVZrYlhCNFRIVUtXbEpEWVZobk1WUjNlR1V4Ykd4TU9FdE1Ta3RwZFZRMFJHSkdiMUpaUlVWSVZtTjJTa1UwVm1aR2NrWnZkRzgzTlZreVlYVjFhMkZ1YjNsMFNucFNUQW9yTUVSTFNtVlJWMk5FU0VFeGRIUnRaSEp3ZUV4RVYxVnVUbFEwTTJScFdHdDBaV0o1Y1ZweldtMVhiMmxMZGtJelRtcFFTSEJVTUhwVlUzVlJTMUo0Q2t0SE1FTmpTSGhtV2l0UlZIUjFSbnBpUVc5M1kydDZkbloxU1hRMWJESXJRMnBNVkZWVVpscEpSM1p2Y2t4MmEwYzBRMWR6Y1N0WlFUSmtPWHBoYUU4S2QzRTNNa2gwZGxOTlEySXdXamRrUmxkalRHWTNhbVZoVkdOdk1rSlpiemx6ZEV0UGJ6Qk1RM2w2Tlc5cGMzaHRkV1IyWjNkcWJsQjBka2h0U1c5cU5RcHpRbUprWkRjM01XcHFZM1JPTDFKbWRXeEhjekZWVDBOblVscFFlVmx2UW5reFEzbDJZbHAyUWtKR0swdG1iak51YTFab2FpOVVNbWd5TkcweGNIbFFDakkxWWpWa1luTXlRM1IyWkhoS09HdHdMMWh0U1hVclYwNVZTVmxoWjBOS1VGaFdUMlkyU2pkUmJFWldUMUUyWVVSa2NIQlRVVmhQZGtadVRrc3JiV1lLVmt4R1IxZzFTME5rVkdaeVRXcGxjWEkwUTNCUFdsSkdOMVJMZFU0d2MyZ3liblJDU2pobVExWndVREkwWm1KNlpuWlZhbFZPVjJzNVlVVkNXR2huVXdwRlZXOVFTMWRIYzI1d1FrTkdkbGxTU1RVeFZ6aDNZazVTVkZoalJsaHJiV0kyVnk5MkwwcE9lVlYyUzJwRlFYUlphRkJsVVc5c2EzcDBUR1o2UlVRNUNrNURVbUpyV0ZwR1pHcFRRM0pQUmtVMmMwVTFRMWRuUFFvdExTMHRMVVZPUkNCRFJWSlVTVVpKUTBGVVJTMHRMUzB0Q2c9PQogICAgY2xpZW50LWtleS1kYXRhOiBMUzB0TFMxQ1JVZEpUaUJTVTBFZ1VGSkpWa0ZVUlNCTFJWa3RMUzB0TFFwTlNVbEtTMUZKUWtGQlMwTkJaMFZCZG1FNVZuWlpkR1Z2VTBoQlVqVkdiQzlvUlZGTE1rRnVTRUZrV0V0VWFDdHRNSGxSU0VaVFdHMTRUVTFRTkV0akNuZ3pkazlSV2pVNVVrbzJNblpxYkRCNldIVjZkMDVKVVc5U1YzWTViMjlSSzFwd0wzRTJlRmhqTDNOS1IwRnVMM0YzT1c1aFNXZEtSVzVZTjFGRUwxb0tLMjkzY1ZoelFqZElSbEV4U1VoelJqQTNlRlI0ZW1wMWN5OU9ZMlJtZGsxdVQwd3ZMM3BOZEV0bWNsaHJZWFZJUjNFMmJVVnpUR0ZNTm5KbVFsQlpVQW8xVjBOeE0wVm5VWFp6VEVWNWVHRjBaV1Z6VUZWSGVVVlJMemg0YzFsc1ZUVnRTVkEzWjNSU1JXNXlVekZ5Ym01VFIwRnFVWEJFVDNKUmVVSmpObGRzQ2xWRlozSlpha0ZLVkhkbkwzTmhRWE15ZEZFdk9VeDZNMWQ1WVZaMFNWQnphV1ZrVUdNNGVtUnpjMGMyZUhKMmNYQnNlazFDUmpKNVl6ZERXVmRxZWprS2QydGpielF5U0RkYU5UbE9VMk5YVTNSTWRGTnFTVEJ3ZG5OS1NXUjBSbEJOUzA4eVRVWTJhWE4zTUdGQ00ydDRWelZKT1VWVFUzcFdaV0l2UlRSNGJRcE1Nbk5GZVRVdmJVUmxkWFZYUXl0a09GbHNkREJNVVZwQlpUZEpTa1JXTnpsdFZFSklXVlpOVmtoNWJWZEVXVGhGUVdGSWVXOUJOVmRJTnk5QlpsbGFDbEpGY1RWVU0wb3JZVWs1UzBwM2EwbzBjRGg2Y21oYWVFUjJRMWxXT0VZNWFXWkxhMFptZHpGRFRFbFNhbVF4ZUVGVVpETjRZVlJtT1RORU1qRkdTMk1LU21vd1dYUjVLM3BwTnpCbU5tSTNUVkpITWxwc2FqRmtVemhVZDJaQ2FITk1Wa2hUYzFabVUwcE5jbmxZV2todWR6RlJkR2g0WTNwRlNraFNkRE0wWlFvd2ExcFZPRU5HWnpkTlJsVnViMWhOTjNWbk5YaFNjSG80YkdsU1JUUnJTRGgxTmpad1lrSm9SVWRFV0dGNlJtcHlkVWhuZDJSSGRFdFBZMng2Wm10aENsTm5Nak5ITlU5YWFUZ3lWMUZOV1VvM2MzbFZhMnRZUTI5YVJsWnRlRXhYZW1aMmJtZFlTazV3YjFSS1NrWnpMMDkzUnpSalREVm9WbGxyUTBGM1JVRUtRVkZMUTBGblJVRnVOUzluWVVoNlZHRnZaa3hzY1RaUFFsRjBORGQyWldkclpEWXZaelp1VDB0WlVqVjBZekpsVFRGelNrMUtNRXR6U0dwSlluTkpad3BMZEVob1pWSXhRelZRVlZod1RXeHBVWGg2VFVWdk0waHJWRlp4UVZJNGMwUlRZMUpXVWtJNEwyZG5aR1p2VFZWR01YWXZlblZoY3pKclMwRkhXRXRxQ2xvMGFWcHRUR0pQYUZsMGVtVlVRelE1SzJoNFVUZDRaRk5TTVdsVWRrWlVURmxQZUZONE0zTjFVa05IU1hveWEyWlFOblphVXpWdk0wSXZTVk5WTTBFS1FXSm9TVUZhZDFrMmIwNWpVazVMT1ZRM1pDdHhlV1ZzYzJGaFQxQXdWalIxVkU1NFNVWkJZbWxRVjFkV2NITnFkMk0zU0ZaWWJuUk1lVEE0YWxGc1pBcHVRWFZYUW1wWFJEWmlZelpDZDNaTGIxRk9UV05xWldWdk9FcHlVVEJyUVhaRlFqVnVSM0JvU1doVWRtWjZSVmRVYmsxeVJYRXhSelIxYjJSU05WTmhDa015Tm5OcVRYUmxSbEZsWVdoVWNqWkRWbFJZZUVZeVNqVmhWM1pXTTNka1FrNU5iM0IwVUc1UGIzTmhUbUkwV2tZdlMxVlhaRWxHVlZCcWVYWnpiVW9LTDBoRmVqZE5SR1pCVTFrNWFHeHNZbFZETjIxSFJFWlBjVkZ2TWtwaVV6Wm1LMHhqYUVZMU1HSnNiakJxYUZZd2JXcExTbTFoY1ZwMFNWSm1OR3htTVFwQ2RYWXpXRWhaTkdkclZrTlNNbnBETjFwRVMyWTVMMnRvU1RCbk1YaFFlRFJ2Tm01ek56WlBNRmN4VW5sYVoweG1ZMWxoVmxaaE5GcHdTV3BuWVc0MkNtTnZVRnAzV0U4NVNWWTNkbkpCVGxoWmRITk5kRzU1ZDJ4c2JtTjJUM1p1TmtRM0wwdzVibmhFWms1bU9IcElRbVJhUTFkSFVHZ3ZXVWxaZERGRE9WUUtja3BZVDFCdFpVVkZNSGhFTnpVeE9ISjFaemRxYkhkdVdVeGtlWFYxVjFOeWNsSk1lbWN5UVZFelVGZDVjRTlIVm1kcWF5dHFMMnBJZVRGeFIwdFBSQXByVkRGNmFVeEpjbWh6VkVOQ2VWSjFWVEZETjFsWWFWQndiV1ZqWTFBMmVWVkZha3BRWmxoSE0zUnJiMjF2Tm1kS1REQkRaMmRGUWtGT1kwaGtZV3d6Q25KNk5WTTVVM2hxTlZnMWNHa3diamsyWkVzcmJXUnNjRTFyV25oU1UyNVZRazluWW1kS09WbFFNR0pFVkVJMlNVbEVVRnBRY1hWMmIweFNha3BVYm5FS1FubHdia3hCUzB3clMwTm1ZVFZNWnpsWlYxbExaRXhpZDNaNEsyZHdPVmRCVFRodlZrUnhRMlI2WVhkb1prOHZiV2RqZUdSNlF6Rk1ZbThyWkhjM1dBb3JSVUUyUmxCeFdXTlJhMHB1VkN0M1dqbEdXazFUTDNsMFpsTmFNMk5pUVZKWk5GVlZNR1kwYkdnM1pFZ3hVMVp1TUVKdWVtcG5LeXRYTTFjeVdGQm9Da3BIUlVnNWQxbFpTVVZSZW5ocVRtMXJlakpNUjJwVUszaE1XRXR2YzJWeVIxVjVjekZRYzJsT04xSlVTbUpzVTFkTFUyZERkVWRzVVN0dGRYaDFXblVLU21wNVJqZzJVVzF4WlVVMVdrOHhUM3BJU25wd2IwTnVhalZQVWtkRVFtTjZXRVZvYzIxcFZYRTNXR2tyWlROVlpFUTBWRTFEZGpsVVMwNUxjRWxhTVFwQmVHczFiWGh0YzFwMFdsVnRZMDFEWjJkRlFrRlBTRlJ3ZFUxcFExUnNVMjlQTTNVMEsxVndhSEV4Y1hCRVZIRjNjWGRGVEdoalN6RjJOR3czUVVVNUNrTlhhMDVxZFdjMldYUlRPSGhrTms4MWJsQmFWVlZtTjFCcVdGUkxMMlV6UWl0a05FMXNkV1ZLUlM5NlJsVm1ObmwwVmtkaloySlJSa1JRUTJoSFlXa0tRVTFqVjBzMWVtbHZkM2hPZEZCQ1oyZFRTRWh5U0RKdEsyMHljakpHZVhSVVdVSm1WMmM0WVVwWmQweG9kRUk1VFZOSVp6TmlaMFpJUVU1Nk9EbFpkd292SzIxS1RUaEtWaXR2ZGpWNFNVb3lkRUpyTWpkT1pIRlRkMGRtY0dkU2VHWmhVMlpDVDJKNE1WSndVRzFYV1ROUVdWSldObUZIWWpVcmVXSkRSV3RaQ21WalV6WXZkRU5VZDFvNFUwNXRSV2R5ZFd4T1lrOXdRMWhPVWpJMVYxUjVSVFUzWTAxbFZVOXNlR3RTTkdOU01HSmFOamxrWjFONmJ6QlNUbUp6YzFvS2NqSXJNVU5qU1ROaFpsbzJXbHA1WWxvMWJIWlVSQzlGTW5GdE56VjZhWEphYVdOeVRtRXZWbXR6VFVOblowVkJaVVpSYVZWa01EVTBZMU5IYTI1eGN3cGxRbk5VTmxOdUx6WlJSR3RGZW1VNEwwcEtlVkUzTDNwd2RtVk5LMG8xYm1WdEwySmlkRW8yVVhOc01VOXdiMnBqWnpWNFZFbEdZakZUZVRkQloyNVdDamRtZVVsT1JEbFROVnB0U3k5bldXZHFVemd5V2xobE5VdEVVRWhRY0RZemJUVkZXWGhLWjFveE5rTnJkRVZ6VHpsalVIa3lRVzFtVlVWSGQySTNUbE1LZG1Rek1XTjVhVU5WUkVvM1VtWjFjVTkxUkVoeVIzSTBRVlpRTm1KeVNEZFFMMWsxYWtKdVYySnFTVzkzYlhweVNUYzBlRWhhYlVaNFFUWjVLekpSVVFveWJHMXRkR2xxVjJsSlFVcEJSa3cxVUZWdVVqUmhOSEpyUXpZdlYwaEhSR1p3VG5jM2N6TllPRkJtYlZoMlRXVnNLM2hKVUdKaGVVTjJhR2x4VWpsQ0NuWldiR2t3ZWtabVZUQlVTV3BuU1RKYVJIVjZjalI1WmtsdmJtRjZiemg2Y2paeUsyUlZjVWxoYUhoUGRuRTRWMkpsU21SUmVXcEVkbEl2ZUZoWFMwOEtaMkUwUTBKUlMwTkJVVUpNUlVOamR6WkhaRmxtYm1GMmJpOUNkMmM1VlZsWU5VbHNXazFPUVcxclRWaDBZWEYzTXpkdlMzb3hZMHBpUmtKTlRVNTNXZ3BEYjFwaE5pOVVLMGhSV1M5bWRYVXllVWhMWXpkSFNHTk9jaTlIV2taS09XOU1ZelpNWTNGMVEySlNkRkF3ZWpONE0yaHlRbEExZEV4d2JHZHNTbFJPQ25scFlWTnZRVVpOVlZOeGMzVlpkMVZYUlV0aGVUWkJkbEUwUzFRNGIxUTBaaTk0V0RSTlZYTkdZWEZrVDBaWFVHTkZUbXQwZGxSYWF6VnNOSGd3ZERRS2NUVlVLMHRMWWtWdGRGVjFOVlV6TlZKREwxTXlhMkZDUzJKd1ptRmFUVVZKSzBaQ1kwdHpjVU5qVTFkNU1WQlVLMlJTVUU0MmRVTkZVVmxUU0c5elJncGlVRUpYWVVvMk4xQmthM1ZLVGtSdFltNDNhR2gyVjNWdlJrdFdZVXgzWjNkVGFtbFFSRVZVZVhKWmJqWmxOR3BFWm00NU1rcFFVRGxqVmtGdlZuRXZDbUYyTDB4b2JuaDRTeXRYVldKTlMybEhTM1JMTUhVMGNIQjBjelZxZVhkNFFXOUpRa0ZSUXprNWFteHNWblEwZEhadFpqbE1VRVppVFVkbWVXRndWM2dLUVc5eGVUWm1kVWRXSzFFNFFqbG5kSEptV1ZNNE1ucENXSFZHWVdwemNFWTRWbkJwZEdVM1ZVNXBMMDVuYlZaaVFXSXhVeTgyUlU0dllWUjZTbFpqTlFwSWNFcFpLMjh4VHpkMWRuRm1UMGd3Wlc1SlMxY3pXbTgzVjNOUk4yMVJOVVk1ZEZkVldFRlBVbHAwZFhwV0wweGpXbmMxVERkak5HdFFSMFZXWm5vMENtVndlWFJwWVRndlpIbEJlVWgxY0U4MGFuTkthRTl4WkZBNGJHNVVaakJLSzBObWVUaDVTRUZ0Y1VoaFYwRlZhSGN5ZFVaRmNVUlljbGc1ZFZSdlZHNEtSMFpQUVRsc2NUY3djVGd4WnpCMmJEUXhSa2hWTTJJdlRFdHpUM0p0WWpKdlFqaEJaR2xVZUc1dmFHVXlURlZ2VkV4WFdsSk9WMnMyYWt4bFVtNDJPUXBQV2pOYVJFTjNhRFJtUXpka2JGY3ZZV3MyWVVwMFZYZHZRaXRzV1dvellXczNORVpuTVdOVWRXSjBVMk0xZG1vemRFcHdSR0ozVVVkQ1Yyd0tMUzB0TFMxRlRrUWdVbE5CSUZCU1NWWkJWRVVnUzBWWkxTMHRMUzBLCiAgICB0b2tlbjogZjdlNGViOWU2ZGRjOTYzYWI2ZGFmYjZmZjZiYzhhMTRiYzM3MTFkNGYwNTg5ZmM4NDA3MWY1MGQzOWQ4MDIzNTU1OGQ0ZWQ1YTQyZjliMTQ5MWEwMmRlM2JlMjM0MTAyZGUxZmMxOWUzN2MxZDZiZWQ2YWNmZWFiNDM1Y2MwN2IK\"\n
        \  }\n  ]\n }"
    headers:
      cache-control:
      - no-cache
      content-length:
      - '13072'
      content-type:
      - application/json
      date:
      - Mon, 18 Apr 2022 02:34:28 GMT
      expires:
      - '-1'
      pragma:
      - no-cache
      server:
      - nginx
      strict-transport-security:
      - max-age=31536000; includeSubDomains
      transfer-encoding:
      - chunked
      vary:
      - Accept-Encoding
      x-content-type-options:
      - nosniff
      x-ms-ratelimit-remaining-subscription-writes:
      - '1199'
    status:
      code: 200
      message: OK
- request:
    body: null
    headers:
      Accept:
      - application/json
      Accept-Encoding:
      - gzip, deflate
      CommandName:
      - aks scale
      Connection:
      - keep-alive
      ParameterSetName:
      - -g -n --node-count
      User-Agent:
      - AZURECLI/2.35.0 azsdk-python-azure-mgmt-containerservice/19.0.0 Python/3.8.10
        (Linux-5.13.0-1021-azure-x86_64-with-glibc2.29)
    method: GET
    uri: https://management.azure.com/subscriptions/00000000-0000-0000-0000-000000000000/resourceGroups/clitest000001/providers/Microsoft.ContainerService/managedClusters/cliakstest000001?api-version=2022-03-01
  response:
    body:
      string: "{\n  \"id\": \"/subscriptions/00000000-0000-0000-0000-000000000000/resourcegroups/clitest000001/providers/Microsoft.ContainerService/managedClusters/cliakstest000001\",\n
        \ \"location\": \"westus2\",\n  \"name\": \"cliakstest000001\",\n  \"tags\":
        {\n   \"key1\": \"value1\"\n  },\n  \"type\": \"Microsoft.ContainerService/ManagedClusters\",\n
        \ \"properties\": {\n   \"provisioningState\": \"Succeeded\",\n   \"powerState\":
        {\n    \"code\": \"Running\"\n   },\n   \"kubernetesVersion\": \"1.21.9\",\n
        \  \"currentKubernetesVersion\": \"1.21.9\",\n   \"dnsPrefix\": \"cliaksdns000002\",\n
        \  \"fqdn\": \"cliaksdns000002-f7ddeb18.hcp.westus2.azmk8s.io\",\n   \"azurePortalFQDN\":
        \"cliaksdns000002-f7ddeb18.portal.hcp.westus2.azmk8s.io\",\n   \"agentPoolProfiles\":
        [\n    {\n     \"name\": \"nodepool1\",\n     \"count\": 1,\n     \"vmSize\":
        \"Standard_DS2_v2\",\n     \"osDiskSizeGB\": 128,\n     \"osDiskType\": \"Managed\",\n
        \    \"kubeletDiskType\": \"OS\",\n     \"maxPods\": 100,\n     \"type\":
        \"VirtualMachineScaleSets\",\n     \"enableAutoScaling\": false,\n     \"provisioningState\":
        \"Succeeded\",\n     \"powerState\": {\n      \"code\": \"Running\"\n     },\n
        \    \"orchestratorVersion\": \"1.21.9\",\n     \"enableNodePublicIP\": false,\n
        \    \"tags\": {\n      \"tag1\": \"tv1\",\n      \"tag2\": \"tv2\"\n     },\n
        \    \"nodeLabels\": {\n      \"label1\": \"value1\",\n      \"label2\": \"value2\"\n
        \    },\n     \"mode\": \"System\",\n     \"enableEncryptionAtHost\": false,\n
        \    \"enableUltraSSD\": false,\n     \"osType\": \"Linux\",\n     \"osSKU\":
        \"Ubuntu\",\n     \"nodeImageVersion\": \"AKSUbuntu-1804gen2containerd-2022.03.29\",\n
        \    \"enableFIPS\": false\n    }\n   ],\n   \"linuxProfile\": {\n    \"adminUsername\":
        \"adminuser\",\n    \"ssh\": {\n     \"publicKeys\": [\n      {\n       \"keyData\":
        \"ssh-rsa AAAAB3NzaC1yc2EAAAADAQABAAABAQC9Mn81dw0jaancv5sQo9kQAJKWQ9BtlyS0y4bBlVN3lxJXSiS5Dq189mgBY7JiURWHcwQ3VXCKRJZjHYIKj31PTAL2H+jU5a/4ty2z++omM2G4OCFu71jusuRYs4P9jLdfMatQ43Zp+wsYV1NmzNF9o/14ltu3piQAs44c81CW0GJGG1b0wKe1ujYx/TI+J8gfqHjo+HiLpHHjshCiWyK8GC64ueZguzG45fWZHRcmpYTWOPFH5Jl3ZuUeTkRo3012wINMAIpXzBX4wYaV2tPbsSbsivCdgPOq2zBkTJJ1PqQRCwAbd0XFAHpUzMCX70GdstCowb7YHliyp7FA6DZB
        azcli_aks_live_test@example.com\\n\"\n      }\n     ]\n    }\n   },\n   \"servicePrincipalProfile\":
        {\n    \"clientId\":\"00000000-0000-0000-0000-000000000001\"\n   },\n   \"nodeResourceGroup\":
        \"MC_clitest000001_cliakstest000001_westus2\",\n   \"enableRBAC\": true,\n
        \  \"networkProfile\": {\n    \"networkPlugin\": \"kubenet\",\n    \"loadBalancerSku\":
        \"Standard\",\n    \"loadBalancerProfile\": {\n     \"managedOutboundIPs\":
        {\n      \"count\": 1\n     },\n     \"effectiveOutboundIPs\": [\n      {\n
        \      \"id\": \"/subscriptions/00000000-0000-0000-0000-000000000000/resourceGroups/MC_clitest000001_cliakstest000001_westus2/providers/Microsoft.Network/publicIPAddresses/a9ca8e7f-132a-4ce3-9cd2-47ff020a2813\"\n
        \     }\n     ]\n    },\n    \"podCidr\": \"10.244.0.0/16\",\n    \"serviceCidr\":
        \"10.0.0.0/16\",\n    \"dnsServiceIP\": \"10.0.0.10\",\n    \"dockerBridgeCidr\":
        \"172.17.0.1/16\",\n    \"outboundType\": \"loadBalancer\",\n    \"podCidrs\":
        [\n     \"10.244.0.0/16\"\n    ],\n    \"serviceCidrs\": [\n     \"10.0.0.0/16\"\n
        \   ],\n    \"ipFamilies\": [\n     \"IPv4\"\n    ]\n   },\n   \"maxAgentPools\":
        100,\n   \"disableLocalAccounts\": false,\n   \"securityProfile\": {}\n  },\n
        \ \"sku\": {\n   \"name\": \"Basic\",\n   \"tier\": \"Free\"\n  }\n }"
    headers:
      cache-control:
      - no-cache
      content-length:
      - '3147'
      content-type:
      - application/json
      date:
      - Mon, 18 Apr 2022 02:34:29 GMT
      expires:
      - '-1'
      pragma:
      - no-cache
      server:
      - nginx
      strict-transport-security:
      - max-age=31536000; includeSubDomains
      transfer-encoding:
      - chunked
      vary:
      - Accept-Encoding
      x-content-type-options:
      - nosniff
    status:
      code: 200
      message: OK
- request:
    body: '{"tags": {"key1": "value1"}, "location": "westus2", "sku": {"name": "Basic",
      "tier": "Free"}, "properties": {"kubernetesVersion": "1.21.9", "dnsPrefix":
      "cliaksdns000002", "agentPoolProfiles": [{"count": 3, "vmSize": "Standard_DS2_v2",
      "osDiskSizeGB": 128, "osDiskType": "Managed", "kubeletDiskType": "OS", "maxPods":
      100, "osType": "Linux", "osSKU": "Ubuntu", "enableAutoScaling": false, "type":
      "VirtualMachineScaleSets", "mode": "System", "orchestratorVersion": "1.21.9",
      "powerState": {"code": "Running"}, "enableNodePublicIP": false, "tags": {"tag1":
      "tv1", "tag2": "tv2"}, "nodeLabels": {"label1": "value1", "label2": "value2"},
      "enableEncryptionAtHost": false, "enableUltraSSD": false, "enableFIPS": false,
      "name": "nodepool1"}], "linuxProfile": {"adminUsername": "adminuser", "ssh":
      {"publicKeys": [{"keyData": "ssh-rsa AAAAB3NzaC1yc2EAAAADAQABAAABAQC9Mn81dw0jaancv5sQo9kQAJKWQ9BtlyS0y4bBlVN3lxJXSiS5Dq189mgBY7JiURWHcwQ3VXCKRJZjHYIKj31PTAL2H+jU5a/4ty2z++omM2G4OCFu71jusuRYs4P9jLdfMatQ43Zp+wsYV1NmzNF9o/14ltu3piQAs44c81CW0GJGG1b0wKe1ujYx/TI+J8gfqHjo+HiLpHHjshCiWyK8GC64ueZguzG45fWZHRcmpYTWOPFH5Jl3ZuUeTkRo3012wINMAIpXzBX4wYaV2tPbsSbsivCdgPOq2zBkTJJ1PqQRCwAbd0XFAHpUzMCX70GdstCowb7YHliyp7FA6DZB
      azcli_aks_live_test@example.com\n"}]}}, "nodeResourceGroup": "MC_clitest000001_cliakstest000001_westus2",
      "enableRBAC": true, "networkProfile": {"networkPlugin": "kubenet", "podCidr":
      "10.244.0.0/16", "serviceCidr": "10.0.0.0/16", "dnsServiceIP": "10.0.0.10",
      "dockerBridgeCidr": "172.17.0.1/16", "outboundType": "loadBalancer", "loadBalancerSku":
      "Standard", "loadBalancerProfile": {"managedOutboundIPs": {"count": 1}, "effectiveOutboundIPs":
      [{"id": "/subscriptions/00000000-0000-0000-0000-000000000000/resourceGroups/MC_clitest000001_cliakstest000001_westus2/providers/Microsoft.Network/publicIPAddresses/a9ca8e7f-132a-4ce3-9cd2-47ff020a2813"}]},
      "podCidrs": ["10.244.0.0/16"], "serviceCidrs": ["10.0.0.0/16"], "ipFamilies":
      ["IPv4"]}, "disableLocalAccounts": false, "securityProfile": {}}}'
    headers:
      Accept:
      - application/json
      Accept-Encoding:
      - gzip, deflate
      CommandName:
      - aks scale
      Connection:
      - keep-alive
      Content-Length:
      - '1994'
      Content-Type:
      - application/json
      ParameterSetName:
      - -g -n --node-count
      User-Agent:
      - AZURECLI/2.35.0 azsdk-python-azure-mgmt-containerservice/19.0.0 Python/3.8.10
        (Linux-5.13.0-1021-azure-x86_64-with-glibc2.29)
    method: PUT
    uri: https://management.azure.com/subscriptions/00000000-0000-0000-0000-000000000000/resourceGroups/clitest000001/providers/Microsoft.ContainerService/managedClusters/cliakstest000001?api-version=2022-03-01
  response:
    body:
      string: "{\n  \"id\": \"/subscriptions/00000000-0000-0000-0000-000000000000/resourcegroups/clitest000001/providers/Microsoft.ContainerService/managedClusters/cliakstest000001\",\n
        \ \"location\": \"westus2\",\n  \"name\": \"cliakstest000001\",\n  \"tags\":
        {\n   \"key1\": \"value1\"\n  },\n  \"type\": \"Microsoft.ContainerService/ManagedClusters\",\n
        \ \"properties\": {\n   \"provisioningState\": \"Updating\",\n   \"powerState\":
        {\n    \"code\": \"Running\"\n   },\n   \"kubernetesVersion\": \"1.21.9\",\n
        \  \"currentKubernetesVersion\": \"1.21.9\",\n   \"dnsPrefix\": \"cliaksdns000002\",\n
        \  \"fqdn\": \"cliaksdns000002-f7ddeb18.hcp.westus2.azmk8s.io\",\n   \"azurePortalFQDN\":
        \"cliaksdns000002-f7ddeb18.portal.hcp.westus2.azmk8s.io\",\n   \"agentPoolProfiles\":
        [\n    {\n     \"name\": \"nodepool1\",\n     \"count\": 3,\n     \"vmSize\":
        \"Standard_DS2_v2\",\n     \"osDiskSizeGB\": 128,\n     \"osDiskType\": \"Managed\",\n
        \    \"kubeletDiskType\": \"OS\",\n     \"maxPods\": 100,\n     \"type\":
        \"VirtualMachineScaleSets\",\n     \"enableAutoScaling\": false,\n     \"provisioningState\":
        \"Updating\",\n     \"powerState\": {\n      \"code\": \"Running\"\n     },\n
        \    \"orchestratorVersion\": \"1.21.9\",\n     \"enableNodePublicIP\": false,\n
        \    \"tags\": {\n      \"tag1\": \"tv1\",\n      \"tag2\": \"tv2\"\n     },\n
        \    \"nodeLabels\": {\n      \"label1\": \"value1\",\n      \"label2\": \"value2\"\n
        \    },\n     \"mode\": \"System\",\n     \"enableEncryptionAtHost\": false,\n
        \    \"enableUltraSSD\": false,\n     \"osType\": \"Linux\",\n     \"osSKU\":
        \"Ubuntu\",\n     \"nodeImageVersion\": \"AKSUbuntu-1804gen2containerd-2022.03.29\",\n
        \    \"enableFIPS\": false\n    }\n   ],\n   \"linuxProfile\": {\n    \"adminUsername\":
        \"adminuser\",\n    \"ssh\": {\n     \"publicKeys\": [\n      {\n       \"keyData\":
        \"ssh-rsa AAAAB3NzaC1yc2EAAAADAQABAAABAQC9Mn81dw0jaancv5sQo9kQAJKWQ9BtlyS0y4bBlVN3lxJXSiS5Dq189mgBY7JiURWHcwQ3VXCKRJZjHYIKj31PTAL2H+jU5a/4ty2z++omM2G4OCFu71jusuRYs4P9jLdfMatQ43Zp+wsYV1NmzNF9o/14ltu3piQAs44c81CW0GJGG1b0wKe1ujYx/TI+J8gfqHjo+HiLpHHjshCiWyK8GC64ueZguzG45fWZHRcmpYTWOPFH5Jl3ZuUeTkRo3012wINMAIpXzBX4wYaV2tPbsSbsivCdgPOq2zBkTJJ1PqQRCwAbd0XFAHpUzMCX70GdstCowb7YHliyp7FA6DZB
        azcli_aks_live_test@example.com\\n\"\n      }\n     ]\n    }\n   },\n   \"servicePrincipalProfile\":
        {\n    \"clientId\":\"00000000-0000-0000-0000-000000000001\"\n   },\n   \"nodeResourceGroup\":
        \"MC_clitest000001_cliakstest000001_westus2\",\n   \"enableRBAC\": true,\n
        \  \"networkProfile\": {\n    \"networkPlugin\": \"kubenet\",\n    \"loadBalancerSku\":
        \"Standard\",\n    \"loadBalancerProfile\": {\n     \"managedOutboundIPs\":
        {\n      \"count\": 1\n     },\n     \"effectiveOutboundIPs\": [\n      {\n
        \      \"id\": \"/subscriptions/00000000-0000-0000-0000-000000000000/resourceGroups/MC_clitest000001_cliakstest000001_westus2/providers/Microsoft.Network/publicIPAddresses/a9ca8e7f-132a-4ce3-9cd2-47ff020a2813\"\n
        \     }\n     ]\n    },\n    \"podCidr\": \"10.244.0.0/16\",\n    \"serviceCidr\":
        \"10.0.0.0/16\",\n    \"dnsServiceIP\": \"10.0.0.10\",\n    \"dockerBridgeCidr\":
        \"172.17.0.1/16\",\n    \"outboundType\": \"loadBalancer\",\n    \"podCidrs\":
        [\n     \"10.244.0.0/16\"\n    ],\n    \"serviceCidrs\": [\n     \"10.0.0.0/16\"\n
        \   ],\n    \"ipFamilies\": [\n     \"IPv4\"\n    ]\n   },\n   \"maxAgentPools\":
        100,\n   \"disableLocalAccounts\": false,\n   \"securityProfile\": {}\n  },\n
        \ \"sku\": {\n   \"name\": \"Basic\",\n   \"tier\": \"Free\"\n  }\n }"
    headers:
      azure-asyncoperation:
      - https://management.azure.com/subscriptions/00000000-0000-0000-0000-000000000000/providers/Microsoft.ContainerService/locations/westus2/operations/fb610b1d-5742-4848-b8da-72a9cccd85f4?api-version=2016-03-30
      cache-control:
      - no-cache
      content-length:
      - '3145'
      content-type:
      - application/json
      date:
      - Mon, 18 Apr 2022 02:34:33 GMT
      expires:
      - '-1'
      pragma:
      - no-cache
      server:
      - nginx
      strict-transport-security:
      - max-age=31536000; includeSubDomains
      transfer-encoding:
      - chunked
      vary:
      - Accept-Encoding
      x-content-type-options:
      - nosniff
      x-ms-ratelimit-remaining-subscription-writes:
      - '1197'
    status:
      code: 200
      message: OK
- request:
    body: null
    headers:
      Accept:
      - '*/*'
      Accept-Encoding:
      - gzip, deflate
      CommandName:
      - aks scale
      Connection:
      - keep-alive
      ParameterSetName:
      - -g -n --node-count
      User-Agent:
      - AZURECLI/2.35.0 azsdk-python-azure-mgmt-containerservice/19.0.0 Python/3.8.10
        (Linux-5.13.0-1021-azure-x86_64-with-glibc2.29)
    method: GET
    uri: https://management.azure.com/subscriptions/00000000-0000-0000-0000-000000000000/providers/Microsoft.ContainerService/locations/westus2/operations/fb610b1d-5742-4848-b8da-72a9cccd85f4?api-version=2016-03-30
  response:
    body:
      string: "{\n  \"name\": \"1d0b61fb-4257-4848-b8da-72a9cccd85f4\",\n  \"status\":
        \"InProgress\",\n  \"startTime\": \"2022-04-18T02:34:33.0333333Z\"\n }"
    headers:
      cache-control:
      - no-cache
      content-length:
      - '126'
      content-type:
      - application/json
      date:
      - Mon, 18 Apr 2022 02:35:03 GMT
      expires:
      - '-1'
      pragma:
      - no-cache
      server:
      - nginx
      strict-transport-security:
      - max-age=31536000; includeSubDomains
      transfer-encoding:
      - chunked
      vary:
      - Accept-Encoding
      x-content-type-options:
      - nosniff
    status:
      code: 200
      message: OK
- request:
    body: null
    headers:
      Accept:
      - '*/*'
      Accept-Encoding:
      - gzip, deflate
      CommandName:
      - aks scale
      Connection:
      - keep-alive
      ParameterSetName:
      - -g -n --node-count
      User-Agent:
      - AZURECLI/2.35.0 azsdk-python-azure-mgmt-containerservice/19.0.0 Python/3.8.10
        (Linux-5.13.0-1021-azure-x86_64-with-glibc2.29)
    method: GET
    uri: https://management.azure.com/subscriptions/00000000-0000-0000-0000-000000000000/providers/Microsoft.ContainerService/locations/westus2/operations/fb610b1d-5742-4848-b8da-72a9cccd85f4?api-version=2016-03-30
  response:
    body:
      string: "{\n  \"name\": \"1d0b61fb-4257-4848-b8da-72a9cccd85f4\",\n  \"status\":
        \"InProgress\",\n  \"startTime\": \"2022-04-18T02:34:33.0333333Z\"\n }"
    headers:
      cache-control:
      - no-cache
      content-length:
      - '126'
      content-type:
      - application/json
      date:
      - Mon, 18 Apr 2022 02:35:32 GMT
      expires:
      - '-1'
      pragma:
      - no-cache
      server:
      - nginx
      strict-transport-security:
      - max-age=31536000; includeSubDomains
      transfer-encoding:
      - chunked
      vary:
      - Accept-Encoding
      x-content-type-options:
      - nosniff
    status:
      code: 200
      message: OK
- request:
    body: null
    headers:
      Accept:
      - '*/*'
      Accept-Encoding:
      - gzip, deflate
      CommandName:
      - aks scale
      Connection:
      - keep-alive
      ParameterSetName:
      - -g -n --node-count
      User-Agent:
      - AZURECLI/2.35.0 azsdk-python-azure-mgmt-containerservice/19.0.0 Python/3.8.10
        (Linux-5.13.0-1021-azure-x86_64-with-glibc2.29)
    method: GET
    uri: https://management.azure.com/subscriptions/00000000-0000-0000-0000-000000000000/providers/Microsoft.ContainerService/locations/westus2/operations/fb610b1d-5742-4848-b8da-72a9cccd85f4?api-version=2016-03-30
  response:
    body:
      string: "{\n  \"name\": \"1d0b61fb-4257-4848-b8da-72a9cccd85f4\",\n  \"status\":
        \"InProgress\",\n  \"startTime\": \"2022-04-18T02:34:33.0333333Z\"\n }"
    headers:
      cache-control:
      - no-cache
      content-length:
      - '126'
      content-type:
      - application/json
      date:
      - Mon, 18 Apr 2022 02:36:02 GMT
      expires:
      - '-1'
      pragma:
      - no-cache
      server:
      - nginx
      strict-transport-security:
      - max-age=31536000; includeSubDomains
      transfer-encoding:
      - chunked
      vary:
      - Accept-Encoding
      x-content-type-options:
      - nosniff
    status:
      code: 200
      message: OK
- request:
    body: null
    headers:
      Accept:
      - '*/*'
      Accept-Encoding:
      - gzip, deflate
      CommandName:
      - aks scale
      Connection:
      - keep-alive
      ParameterSetName:
      - -g -n --node-count
      User-Agent:
      - AZURECLI/2.35.0 azsdk-python-azure-mgmt-containerservice/19.0.0 Python/3.8.10
        (Linux-5.13.0-1021-azure-x86_64-with-glibc2.29)
    method: GET
    uri: https://management.azure.com/subscriptions/00000000-0000-0000-0000-000000000000/providers/Microsoft.ContainerService/locations/westus2/operations/fb610b1d-5742-4848-b8da-72a9cccd85f4?api-version=2016-03-30
  response:
    body:
      string: "{\n  \"name\": \"1d0b61fb-4257-4848-b8da-72a9cccd85f4\",\n  \"status\":
        \"InProgress\",\n  \"startTime\": \"2022-04-18T02:34:33.0333333Z\"\n }"
    headers:
      cache-control:
      - no-cache
      content-length:
      - '126'
      content-type:
      - application/json
      date:
      - Mon, 18 Apr 2022 02:36:32 GMT
      expires:
      - '-1'
      pragma:
      - no-cache
      server:
      - nginx
      strict-transport-security:
      - max-age=31536000; includeSubDomains
      transfer-encoding:
      - chunked
      vary:
      - Accept-Encoding
      x-content-type-options:
      - nosniff
    status:
      code: 200
      message: OK
- request:
    body: null
    headers:
      Accept:
      - '*/*'
      Accept-Encoding:
      - gzip, deflate
      CommandName:
      - aks scale
      Connection:
      - keep-alive
      ParameterSetName:
      - -g -n --node-count
      User-Agent:
      - AZURECLI/2.35.0 azsdk-python-azure-mgmt-containerservice/19.0.0 Python/3.8.10
        (Linux-5.13.0-1021-azure-x86_64-with-glibc2.29)
    method: GET
    uri: https://management.azure.com/subscriptions/00000000-0000-0000-0000-000000000000/providers/Microsoft.ContainerService/locations/westus2/operations/fb610b1d-5742-4848-b8da-72a9cccd85f4?api-version=2016-03-30
  response:
    body:
      string: "{\n  \"name\": \"1d0b61fb-4257-4848-b8da-72a9cccd85f4\",\n  \"status\":
        \"InProgress\",\n  \"startTime\": \"2022-04-18T02:34:33.0333333Z\"\n }"
    headers:
      cache-control:
      - no-cache
      content-length:
      - '126'
      content-type:
      - application/json
      date:
      - Mon, 18 Apr 2022 02:37:03 GMT
      expires:
      - '-1'
      pragma:
      - no-cache
      server:
      - nginx
      strict-transport-security:
      - max-age=31536000; includeSubDomains
      transfer-encoding:
      - chunked
      vary:
      - Accept-Encoding
      x-content-type-options:
      - nosniff
    status:
      code: 200
      message: OK
- request:
    body: null
    headers:
      Accept:
      - '*/*'
      Accept-Encoding:
      - gzip, deflate
      CommandName:
      - aks scale
      Connection:
      - keep-alive
      ParameterSetName:
      - -g -n --node-count
      User-Agent:
      - AZURECLI/2.35.0 azsdk-python-azure-mgmt-containerservice/19.0.0 Python/3.8.10
        (Linux-5.13.0-1021-azure-x86_64-with-glibc2.29)
    method: GET
    uri: https://management.azure.com/subscriptions/00000000-0000-0000-0000-000000000000/providers/Microsoft.ContainerService/locations/westus2/operations/fb610b1d-5742-4848-b8da-72a9cccd85f4?api-version=2016-03-30
  response:
    body:
      string: "{\n  \"name\": \"1d0b61fb-4257-4848-b8da-72a9cccd85f4\",\n  \"status\":
        \"Succeeded\",\n  \"startTime\": \"2022-04-18T02:34:33.0333333Z\",\n  \"endTime\":
        \"2022-04-18T02:37:31.1110891Z\"\n }"
    headers:
      cache-control:
      - no-cache
      content-length:
      - '170'
      content-type:
      - application/json
      date:
      - Mon, 18 Apr 2022 02:37:33 GMT
      expires:
      - '-1'
      pragma:
      - no-cache
      server:
      - nginx
      strict-transport-security:
      - max-age=31536000; includeSubDomains
      transfer-encoding:
      - chunked
      vary:
      - Accept-Encoding
      x-content-type-options:
      - nosniff
    status:
      code: 200
      message: OK
- request:
    body: null
    headers:
      Accept:
      - '*/*'
      Accept-Encoding:
      - gzip, deflate
      CommandName:
      - aks scale
      Connection:
      - keep-alive
      ParameterSetName:
      - -g -n --node-count
      User-Agent:
      - AZURECLI/2.35.0 azsdk-python-azure-mgmt-containerservice/19.0.0 Python/3.8.10
        (Linux-5.13.0-1021-azure-x86_64-with-glibc2.29)
    method: GET
    uri: https://management.azure.com/subscriptions/00000000-0000-0000-0000-000000000000/resourceGroups/clitest000001/providers/Microsoft.ContainerService/managedClusters/cliakstest000001?api-version=2022-03-01
  response:
    body:
      string: "{\n  \"id\": \"/subscriptions/00000000-0000-0000-0000-000000000000/resourcegroups/clitest000001/providers/Microsoft.ContainerService/managedClusters/cliakstest000001\",\n
        \ \"location\": \"westus2\",\n  \"name\": \"cliakstest000001\",\n  \"tags\":
        {\n   \"key1\": \"value1\"\n  },\n  \"type\": \"Microsoft.ContainerService/ManagedClusters\",\n
        \ \"properties\": {\n   \"provisioningState\": \"Succeeded\",\n   \"powerState\":
        {\n    \"code\": \"Running\"\n   },\n   \"kubernetesVersion\": \"1.21.9\",\n
        \  \"currentKubernetesVersion\": \"1.21.9\",\n   \"dnsPrefix\": \"cliaksdns000002\",\n
        \  \"fqdn\": \"cliaksdns000002-f7ddeb18.hcp.westus2.azmk8s.io\",\n   \"azurePortalFQDN\":
        \"cliaksdns000002-f7ddeb18.portal.hcp.westus2.azmk8s.io\",\n   \"agentPoolProfiles\":
        [\n    {\n     \"name\": \"nodepool1\",\n     \"count\": 3,\n     \"vmSize\":
        \"Standard_DS2_v2\",\n     \"osDiskSizeGB\": 128,\n     \"osDiskType\": \"Managed\",\n
        \    \"kubeletDiskType\": \"OS\",\n     \"maxPods\": 100,\n     \"type\":
        \"VirtualMachineScaleSets\",\n     \"enableAutoScaling\": false,\n     \"provisioningState\":
        \"Succeeded\",\n     \"powerState\": {\n      \"code\": \"Running\"\n     },\n
        \    \"orchestratorVersion\": \"1.21.9\",\n     \"enableNodePublicIP\": false,\n
        \    \"tags\": {\n      \"tag1\": \"tv1\",\n      \"tag2\": \"tv2\"\n     },\n
        \    \"nodeLabels\": {\n      \"label1\": \"value1\",\n      \"label2\": \"value2\"\n
        \    },\n     \"mode\": \"System\",\n     \"enableEncryptionAtHost\": false,\n
        \    \"enableUltraSSD\": false,\n     \"osType\": \"Linux\",\n     \"osSKU\":
        \"Ubuntu\",\n     \"nodeImageVersion\": \"AKSUbuntu-1804gen2containerd-2022.03.29\",\n
        \    \"enableFIPS\": false\n    }\n   ],\n   \"linuxProfile\": {\n    \"adminUsername\":
        \"adminuser\",\n    \"ssh\": {\n     \"publicKeys\": [\n      {\n       \"keyData\":
        \"ssh-rsa AAAAB3NzaC1yc2EAAAADAQABAAABAQC9Mn81dw0jaancv5sQo9kQAJKWQ9BtlyS0y4bBlVN3lxJXSiS5Dq189mgBY7JiURWHcwQ3VXCKRJZjHYIKj31PTAL2H+jU5a/4ty2z++omM2G4OCFu71jusuRYs4P9jLdfMatQ43Zp+wsYV1NmzNF9o/14ltu3piQAs44c81CW0GJGG1b0wKe1ujYx/TI+J8gfqHjo+HiLpHHjshCiWyK8GC64ueZguzG45fWZHRcmpYTWOPFH5Jl3ZuUeTkRo3012wINMAIpXzBX4wYaV2tPbsSbsivCdgPOq2zBkTJJ1PqQRCwAbd0XFAHpUzMCX70GdstCowb7YHliyp7FA6DZB
        azcli_aks_live_test@example.com\\n\"\n      }\n     ]\n    }\n   },\n   \"servicePrincipalProfile\":
        {\n    \"clientId\":\"00000000-0000-0000-0000-000000000001\"\n   },\n   \"nodeResourceGroup\":
        \"MC_clitest000001_cliakstest000001_westus2\",\n   \"enableRBAC\": true,\n
        \  \"networkProfile\": {\n    \"networkPlugin\": \"kubenet\",\n    \"loadBalancerSku\":
        \"Standard\",\n    \"loadBalancerProfile\": {\n     \"managedOutboundIPs\":
        {\n      \"count\": 1\n     },\n     \"effectiveOutboundIPs\": [\n      {\n
        \      \"id\": \"/subscriptions/00000000-0000-0000-0000-000000000000/resourceGroups/MC_clitest000001_cliakstest000001_westus2/providers/Microsoft.Network/publicIPAddresses/a9ca8e7f-132a-4ce3-9cd2-47ff020a2813\"\n
        \     }\n     ]\n    },\n    \"podCidr\": \"10.244.0.0/16\",\n    \"serviceCidr\":
        \"10.0.0.0/16\",\n    \"dnsServiceIP\": \"10.0.0.10\",\n    \"dockerBridgeCidr\":
        \"172.17.0.1/16\",\n    \"outboundType\": \"loadBalancer\",\n    \"podCidrs\":
        [\n     \"10.244.0.0/16\"\n    ],\n    \"serviceCidrs\": [\n     \"10.0.0.0/16\"\n
        \   ],\n    \"ipFamilies\": [\n     \"IPv4\"\n    ]\n   },\n   \"maxAgentPools\":
        100,\n   \"disableLocalAccounts\": false,\n   \"securityProfile\": {}\n  },\n
        \ \"sku\": {\n   \"name\": \"Basic\",\n   \"tier\": \"Free\"\n  }\n }"
    headers:
      cache-control:
      - no-cache
      content-length:
      - '3147'
      content-type:
      - application/json
      date:
      - Mon, 18 Apr 2022 02:37:33 GMT
      expires:
      - '-1'
      pragma:
      - no-cache
      server:
      - nginx
      strict-transport-security:
      - max-age=31536000; includeSubDomains
      transfer-encoding:
      - chunked
      vary:
      - Accept-Encoding
      x-content-type-options:
      - nosniff
    status:
      code: 200
      message: OK
- request:
    body: null
    headers:
      Accept:
      - application/json
      Accept-Encoding:
      - gzip, deflate
      CommandName:
      - aks show
      Connection:
      - keep-alive
      ParameterSetName:
      - -g -n
      User-Agent:
      - AZURECLI/2.35.0 azsdk-python-azure-mgmt-containerservice/19.0.0 Python/3.8.10
        (Linux-5.13.0-1021-azure-x86_64-with-glibc2.29)
    method: GET
    uri: https://management.azure.com/subscriptions/00000000-0000-0000-0000-000000000000/resourceGroups/clitest000001/providers/Microsoft.ContainerService/managedClusters/cliakstest000001?api-version=2022-03-01
  response:
    body:
      string: "{\n  \"id\": \"/subscriptions/00000000-0000-0000-0000-000000000000/resourcegroups/clitest000001/providers/Microsoft.ContainerService/managedClusters/cliakstest000001\",\n
        \ \"location\": \"westus2\",\n  \"name\": \"cliakstest000001\",\n  \"tags\":
        {\n   \"key1\": \"value1\"\n  },\n  \"type\": \"Microsoft.ContainerService/ManagedClusters\",\n
        \ \"properties\": {\n   \"provisioningState\": \"Succeeded\",\n   \"powerState\":
        {\n    \"code\": \"Running\"\n   },\n   \"kubernetesVersion\": \"1.21.9\",\n
        \  \"currentKubernetesVersion\": \"1.21.9\",\n   \"dnsPrefix\": \"cliaksdns000002\",\n
        \  \"fqdn\": \"cliaksdns000002-f7ddeb18.hcp.westus2.azmk8s.io\",\n   \"azurePortalFQDN\":
        \"cliaksdns000002-f7ddeb18.portal.hcp.westus2.azmk8s.io\",\n   \"agentPoolProfiles\":
        [\n    {\n     \"name\": \"nodepool1\",\n     \"count\": 3,\n     \"vmSize\":
        \"Standard_DS2_v2\",\n     \"osDiskSizeGB\": 128,\n     \"osDiskType\": \"Managed\",\n
        \    \"kubeletDiskType\": \"OS\",\n     \"maxPods\": 100,\n     \"type\":
        \"VirtualMachineScaleSets\",\n     \"enableAutoScaling\": false,\n     \"provisioningState\":
        \"Succeeded\",\n     \"powerState\": {\n      \"code\": \"Running\"\n     },\n
        \    \"orchestratorVersion\": \"1.21.9\",\n     \"enableNodePublicIP\": false,\n
        \    \"tags\": {\n      \"tag1\": \"tv1\",\n      \"tag2\": \"tv2\"\n     },\n
        \    \"nodeLabels\": {\n      \"label1\": \"value1\",\n      \"label2\": \"value2\"\n
        \    },\n     \"mode\": \"System\",\n     \"enableEncryptionAtHost\": false,\n
        \    \"enableUltraSSD\": false,\n     \"osType\": \"Linux\",\n     \"osSKU\":
        \"Ubuntu\",\n     \"nodeImageVersion\": \"AKSUbuntu-1804gen2containerd-2022.03.29\",\n
        \    \"enableFIPS\": false\n    }\n   ],\n   \"linuxProfile\": {\n    \"adminUsername\":
        \"adminuser\",\n    \"ssh\": {\n     \"publicKeys\": [\n      {\n       \"keyData\":
        \"ssh-rsa AAAAB3NzaC1yc2EAAAADAQABAAABAQC9Mn81dw0jaancv5sQo9kQAJKWQ9BtlyS0y4bBlVN3lxJXSiS5Dq189mgBY7JiURWHcwQ3VXCKRJZjHYIKj31PTAL2H+jU5a/4ty2z++omM2G4OCFu71jusuRYs4P9jLdfMatQ43Zp+wsYV1NmzNF9o/14ltu3piQAs44c81CW0GJGG1b0wKe1ujYx/TI+J8gfqHjo+HiLpHHjshCiWyK8GC64ueZguzG45fWZHRcmpYTWOPFH5Jl3ZuUeTkRo3012wINMAIpXzBX4wYaV2tPbsSbsivCdgPOq2zBkTJJ1PqQRCwAbd0XFAHpUzMCX70GdstCowb7YHliyp7FA6DZB
        azcli_aks_live_test@example.com\\n\"\n      }\n     ]\n    }\n   },\n   \"servicePrincipalProfile\":
        {\n    \"clientId\":\"00000000-0000-0000-0000-000000000001\"\n   },\n   \"nodeResourceGroup\":
        \"MC_clitest000001_cliakstest000001_westus2\",\n   \"enableRBAC\": true,\n
        \  \"networkProfile\": {\n    \"networkPlugin\": \"kubenet\",\n    \"loadBalancerSku\":
        \"Standard\",\n    \"loadBalancerProfile\": {\n     \"managedOutboundIPs\":
        {\n      \"count\": 1\n     },\n     \"effectiveOutboundIPs\": [\n      {\n
        \      \"id\": \"/subscriptions/00000000-0000-0000-0000-000000000000/resourceGroups/MC_clitest000001_cliakstest000001_westus2/providers/Microsoft.Network/publicIPAddresses/a9ca8e7f-132a-4ce3-9cd2-47ff020a2813\"\n
        \     }\n     ]\n    },\n    \"podCidr\": \"10.244.0.0/16\",\n    \"serviceCidr\":
        \"10.0.0.0/16\",\n    \"dnsServiceIP\": \"10.0.0.10\",\n    \"dockerBridgeCidr\":
        \"172.17.0.1/16\",\n    \"outboundType\": \"loadBalancer\",\n    \"podCidrs\":
        [\n     \"10.244.0.0/16\"\n    ],\n    \"serviceCidrs\": [\n     \"10.0.0.0/16\"\n
        \   ],\n    \"ipFamilies\": [\n     \"IPv4\"\n    ]\n   },\n   \"maxAgentPools\":
        100,\n   \"disableLocalAccounts\": false,\n   \"securityProfile\": {}\n  },\n
        \ \"sku\": {\n   \"name\": \"Basic\",\n   \"tier\": \"Free\"\n  }\n }"
    headers:
      cache-control:
      - no-cache
      content-length:
      - '3147'
      content-type:
      - application/json
      date:
      - Mon, 18 Apr 2022 02:37:33 GMT
      expires:
      - '-1'
      pragma:
      - no-cache
      server:
      - nginx
      strict-transport-security:
      - max-age=31536000; includeSubDomains
      transfer-encoding:
      - chunked
      vary:
      - Accept-Encoding
      x-content-type-options:
      - nosniff
    status:
      code: 200
      message: OK
- request:
    body: null
    headers:
      Accept:
      - application/json
      Accept-Encoding:
      - gzip, deflate
      CommandName:
      - aks delete
      Connection:
      - keep-alive
      Content-Length:
      - '0'
      ParameterSetName:
      - -g -n --yes --no-wait
      User-Agent:
      - AZURECLI/2.35.0 azsdk-python-azure-mgmt-containerservice/19.0.0 Python/3.8.10
        (Linux-5.13.0-1021-azure-x86_64-with-glibc2.29)
    method: DELETE
    uri: https://management.azure.com/subscriptions/00000000-0000-0000-0000-000000000000/resourceGroups/clitest000001/providers/Microsoft.ContainerService/managedClusters/cliakstest000001?api-version=2022-03-01
  response:
    body:
      string: ''
    headers:
      azure-asyncoperation:
      - https://management.azure.com/subscriptions/00000000-0000-0000-0000-000000000000/providers/Microsoft.ContainerService/locations/westus2/operations/c94708db-6ed8-4192-b1b8-d04b456fc23e?api-version=2016-03-30
      cache-control:
      - no-cache
      content-length:
      - '0'
      date:
      - Mon, 18 Apr 2022 02:37:34 GMT
      expires:
      - '-1'
      location:
      - https://management.azure.com/subscriptions/00000000-0000-0000-0000-000000000000/providers/Microsoft.ContainerService/locations/westus2/operationresults/c94708db-6ed8-4192-b1b8-d04b456fc23e?api-version=2016-03-30
      pragma:
      - no-cache
      server:
      - nginx
      strict-transport-security:
      - max-age=31536000; includeSubDomains
      x-content-type-options:
      - nosniff
      x-ms-ratelimit-remaining-subscription-deletes:
      - '14997'
    status:
      code: 202
      message: Accepted
version: 1
