interactions:
- request:
    body: null
    headers:
      Accept:
      - application/json
      Accept-Encoding:
      - gzip, deflate
      CommandName:
      - aks get-versions
      Connection:
      - keep-alive
      ParameterSetName:
      - -l --query
      User-Agent:
      - AZURECLI/2.48.1 azsdk-python-azure-mgmt-containerservice/22.1.0 Python/3.8.10
        (Linux-5.15.0-1033-azure-x86_64-with-glibc2.29)
    method: GET
    uri: https://management.azure.com/subscriptions/00000000-0000-0000-0000-000000000000/providers/Microsoft.ContainerService/locations/westus2/kubernetesVersions?api-version=2023-04-01
  response:
    body:
      string: "{\n  \"values\": [\n   {\n    \"version\": \"1.25\",\n    \"capabilities\":
        {\n     \"supportPlan\": [\n      \"KubernetesOfficial\"\n     ]\n    },\n
        \   \"patchVersions\": {\n     \"1.25.5\": {\n      \"upgrades\": [\n       \"1.26.0\",\n
        \      \"1.26.3\",\n       \"1.25.6\"\n      ]\n     },\n     \"1.25.6\":
        {\n      \"upgrades\": [\n       \"1.26.0\",\n       \"1.26.3\"\n      ]\n
        \    }\n    }\n   },\n   {\n    \"version\": \"1.26\",\n    \"capabilities\":
        {\n     \"supportPlan\": [\n      \"KubernetesOfficial\"\n     ]\n    },\n
        \   \"patchVersions\": {\n     \"1.26.0\": {\n      \"upgrades\": [\n       \"1.26.3\"\n
        \     ]\n     },\n     \"1.26.3\": {\n      \"upgrades\": []\n     }\n    }\n
        \  },\n   {\n    \"version\": \"1.24\",\n    \"capabilities\": {\n     \"supportPlan\":
        [\n      \"KubernetesOfficial\"\n     ]\n    },\n    \"patchVersions\": {\n
        \    \"1.24.10\": {\n      \"upgrades\": [\n       \"1.25.5\",\n       \"1.25.6\"\n
        \     ]\n     },\n     \"1.24.9\": {\n      \"upgrades\": [\n       \"1.24.10\",\n
        \      \"1.25.5\",\n       \"1.25.6\"\n      ]\n     }\n    }\n   }\n  ]\n
        }"
    headers:
      cache-control:
      - no-cache
      content-length:
      - '957'
      content-type:
      - application/json
      date:
      - Sat, 29 Apr 2023 09:36:36 GMT
      expires:
      - '-1'
      pragma:
      - no-cache
      server:
      - nginx
      strict-transport-security:
      - max-age=31536000; includeSubDomains
      transfer-encoding:
      - chunked
      vary:
      - Accept-Encoding
      x-content-type-options:
      - nosniff
    status:
      code: 200
      message: OK
- request:
    body: null
    headers:
      Accept:
      - application/json
      Accept-Encoding:
      - gzip, deflate
      CommandName:
      - aks create
      Connection:
      - keep-alive
      ParameterSetName:
      - -g -n -p --ssh-key-value -l --service-principal --client-secret -k --node-vm-size
        --tags -c --no-wait
      User-Agent:
      - AZURECLI/2.48.1 azsdk-python-azure-mgmt-containerservice/22.1.0 Python/3.8.10
        (Linux-5.15.0-1033-azure-x86_64-with-glibc2.29)
    method: GET
    uri: https://management.azure.com/subscriptions/00000000-0000-0000-0000-000000000000/resourceGroups/clitest000001/providers/Microsoft.ContainerService/managedClusters/cliakstest000001?api-version=2023-04-01
  response:
    body:
      string: '{"error":{"code":"ResourceNotFound","message":"The Resource ''Microsoft.ContainerService/managedClusters/cliakstest000001''
        under resource group ''clitest000001'' was not found. For more details please
        go to https://aka.ms/ARMResourceNotFoundFix"}}'
    headers:
      cache-control:
      - no-cache
      content-length:
      - '244'
      content-type:
      - application/json; charset=utf-8
      date:
      - Sat, 29 Apr 2023 09:36:35 GMT
      expires:
      - '-1'
      pragma:
      - no-cache
      strict-transport-security:
      - max-age=31536000; includeSubDomains
      x-content-type-options:
      - nosniff
      x-ms-failure-cause:
      - gateway
    status:
      code: 404
      message: Not Found
- request:
    body: '{"tags": {"scenario_test": ""}, "location": "westus2", "properties": {"kubernetesVersion":
      "1.25.6", "dnsPrefix": "cliaksdns000002", "agentPoolProfiles": [{"count": 1,
      "vmSize": "Standard_DS2_v2", "osDiskSizeGB": 0, "osType": "Linux", "enableAutoScaling":
      false, "type": "VirtualMachineScaleSets", "mode": "System", "orchestratorVersion":
      "1.25.6", "upgradeSettings": {}, "enableNodePublicIP": false, "scaleSetPriority":
      "Regular", "scaleSetEvictionPolicy": "Delete", "spotMaxPrice": -1.0, "nodeTaints":
      [], "enableEncryptionAtHost": false, "enableUltraSSD": false, "enableFIPS":
      false, "name": "nodepool1"}], "linuxProfile": {"adminUsername": "azureuser",
      "ssh": {"publicKeys": [{"keyData": "ssh-rsa AAAAB3NzaC1yc2EAAAADAQABAAABAQCvBk9v4/Qo7XJWIY7AItmm8ohKhV9Y2z/SA5RKWk4BUCpK4ElHu8ia+QREfb7nmO5LtydRi7glVKNjUWUeaSC1PTmk2Z421whqvLRgF6XquFUcEC+VZG54EiS7j6hc2G3Af76vCZQQIQ7fKB8gngJXVb4QjbKVkoORamBKaSQ5MoAPF9GeSPfDesETM/jcE60BguHKjSTXhfsvgs6/iuUSPQ7duXwFtlpQy8WwA6ymGj4ehF0y8NXP6fjEajHDhPjPDkyuKBFTScflrLRryURmRyyICLt40vd+gaiyYCmREJxZNT/7J1pKmlpLNJejqDgXJ97xeyv4flTL7XRSgWV5
      azcli_aks_live_test@example.com\n"}]}}, "servicePrincipalProfile": {"clientId":"00000000-0000-0000-0000-000000000001",
      "secret":"fake-secret"}, "addonProfiles": {}, "enableRBAC": true, "networkProfile":
      {"networkPlugin": "kubenet", "podCidr": "10.244.0.0/16", "serviceCidr": "10.0.0.0/16",
      "dnsServiceIP": "10.0.0.10", "dockerBridgeCidr": "172.17.0.1/16", "outboundType":
      "loadBalancer", "loadBalancerSku": "standard"}, "disableLocalAccounts": false,
      "storageProfile": {}}}'
    headers:
      Accept:
      - application/json
      Accept-Encoding:
      - gzip, deflate
      CommandName:
      - aks create
      Connection:
      - keep-alive
      Content-Length:
      - '1547'
      Content-Type:
      - application/json
      ParameterSetName:
      - -g -n -p --ssh-key-value -l --service-principal --client-secret -k --node-vm-size
        --tags -c --no-wait
      User-Agent:
      - AZURECLI/2.48.1 azsdk-python-azure-mgmt-containerservice/22.1.0 Python/3.8.10
        (Linux-5.15.0-1033-azure-x86_64-with-glibc2.29)
    method: PUT
    uri: https://management.azure.com/subscriptions/00000000-0000-0000-0000-000000000000/resourceGroups/clitest000001/providers/Microsoft.ContainerService/managedClusters/cliakstest000001?api-version=2023-04-01
  response:
    body:
      string: "{\n  \"id\": \"/subscriptions/00000000-0000-0000-0000-000000000000/resourcegroups/clitest000001/providers/Microsoft.ContainerService/managedClusters/cliakstest000001\",\n
        \ \"location\": \"westus2\",\n  \"name\": \"cliakstest000001\",\n  \"tags\":
        {\n   \"scenario_test\": \"\"\n  },\n  \"type\": \"Microsoft.ContainerService/ManagedClusters\",\n
        \ \"properties\": {\n   \"provisioningState\": \"Creating\",\n   \"powerState\":
        {\n    \"code\": \"Running\"\n   },\n   \"kubernetesVersion\": \"1.25.6\",\n
        \  \"currentKubernetesVersion\": \"1.25.6\",\n   \"dnsPrefix\": \"cliaksdns000002\",\n
        \  \"fqdn\": \"cliaksdns000002-dd4p0faz.hcp.westus2.azmk8s.io\",\n   \"azurePortalFQDN\":
        \"cliaksdns000002-dd4p0faz.portal.hcp.westus2.azmk8s.io\",\n   \"agentPoolProfiles\":
        [\n    {\n     \"name\": \"nodepool1\",\n     \"count\": 1,\n     \"vmSize\":
        \"Standard_DS2_v2\",\n     \"osDiskSizeGB\": 128,\n     \"osDiskType\": \"Managed\",\n
        \    \"kubeletDiskType\": \"OS\",\n     \"maxPods\": 110,\n     \"type\":
        \"VirtualMachineScaleSets\",\n     \"enableAutoScaling\": false,\n     \"provisioningState\":
        \"Creating\",\n     \"powerState\": {\n      \"code\": \"Running\"\n     },\n
        \    \"orchestratorVersion\": \"1.25.6\",\n     \"currentOrchestratorVersion\":
        \"1.25.6\",\n     \"enableNodePublicIP\": false,\n     \"mode\": \"System\",\n
        \    \"enableEncryptionAtHost\": false,\n     \"enableUltraSSD\": false,\n
        \    \"osType\": \"Linux\",\n     \"osSKU\": \"Ubuntu\",\n     \"nodeImageVersion\":
        \"AKSUbuntu-2204gen2containerd-202304.10.0\",\n     \"upgradeSettings\": {},\n
        \    \"enableFIPS\": false\n    }\n   ],\n   \"linuxProfile\": {\n    \"adminUsername\":
        \"azureuser\",\n    \"ssh\": {\n     \"publicKeys\": [\n      {\n       \"keyData\":
        \"ssh-rsa AAAAB3NzaC1yc2EAAAADAQABAAABAQCvBk9v4/Qo7XJWIY7AItmm8ohKhV9Y2z/SA5RKWk4BUCpK4ElHu8ia+QREfb7nmO5LtydRi7glVKNjUWUeaSC1PTmk2Z421whqvLRgF6XquFUcEC+VZG54EiS7j6hc2G3Af76vCZQQIQ7fKB8gngJXVb4QjbKVkoORamBKaSQ5MoAPF9GeSPfDesETM/jcE60BguHKjSTXhfsvgs6/iuUSPQ7duXwFtlpQy8WwA6ymGj4ehF0y8NXP6fjEajHDhPjPDkyuKBFTScflrLRryURmRyyICLt40vd+gaiyYCmREJxZNT/7J1pKmlpLNJejqDgXJ97xeyv4flTL7XRSgWV5
        azcli_aks_live_test@example.com\\n\"\n      }\n     ]\n    }\n   },\n   \"servicePrincipalProfile\":
        {\n    \"clientId\":\"00000000-0000-0000-0000-000000000001\"\n   },\n   \"nodeResourceGroup\":
        \"MC_clitest000001_cliakstest000001_westus2\",\n   \"enableRBAC\": true,\n
        \  \"enableLTS\": \"KubernetesOfficial\",\n   \"networkProfile\": {\n    \"networkPlugin\":
        \"kubenet\",\n    \"loadBalancerSku\": \"standard\",\n    \"loadBalancerProfile\":
        {\n     \"managedOutboundIPs\": {\n      \"count\": 1\n     }\n    },\n    \"podCidr\":
        \"10.244.0.0/16\",\n    \"serviceCidr\": \"10.0.0.0/16\",\n    \"dnsServiceIP\":
        \"10.0.0.10\",\n    \"dockerBridgeCidr\": \"172.17.0.1/16\",\n    \"outboundType\":
        \"loadBalancer\",\n    \"podCidrs\": [\n     \"10.244.0.0/16\"\n    ],\n    \"serviceCidrs\":
        [\n     \"10.0.0.0/16\"\n    ],\n    \"ipFamilies\": [\n     \"IPv4\"\n    ]\n
        \  },\n   \"maxAgentPools\": 100,\n   \"disableLocalAccounts\": false,\n   \"securityProfile\":
        {},\n   \"storageProfile\": {\n    \"diskCSIDriver\": {\n     \"enabled\":
        true\n    },\n    \"fileCSIDriver\": {\n     \"enabled\": true\n    },\n    \"snapshotController\":
        {\n     \"enabled\": true\n    }\n   },\n   \"oidcIssuerProfile\": {\n    \"enabled\":
        false\n   },\n   \"workloadAutoScalerProfile\": {}\n  },\n  \"sku\": {\n   \"name\":
        \"Base\",\n   \"tier\": \"Free\"\n  }\n }"
    headers:
      azure-asyncoperation:
      - https://management.azure.com/subscriptions/00000000-0000-0000-0000-000000000000/providers/Microsoft.ContainerService/locations/westus2/operations/525f33d1-3a8a-4f49-bdee-7cc8abdf05df?api-version=2016-03-30
      cache-control:
      - no-cache
      content-length:
      - '3128'
      content-type:
      - application/json
      date:
      - Sat, 29 Apr 2023 09:36:39 GMT
      expires:
      - '-1'
      pragma:
      - no-cache
      server:
      - nginx
      strict-transport-security:
      - max-age=31536000; includeSubDomains
      x-content-type-options:
      - nosniff
      x-ms-ratelimit-remaining-subscription-writes:
      - '1192'
    status:
      code: 201
      message: Created
- request:
    body: null
    headers:
      Accept:
      - application/json
      Accept-Encoding:
      - gzip, deflate
      CommandName:
      - aks wait
      Connection:
      - keep-alive
      ParameterSetName:
      - -g -n --created
      User-Agent:
      - AZURECLI/2.48.1 azsdk-python-azure-mgmt-containerservice/22.1.0 Python/3.8.10
        (Linux-5.15.0-1033-azure-x86_64-with-glibc2.29)
    method: GET
    uri: https://management.azure.com/subscriptions/00000000-0000-0000-0000-000000000000/resourceGroups/clitest000001/providers/Microsoft.ContainerService/managedClusters/cliakstest000001?api-version=2023-04-01
  response:
    body:
      string: "{\n  \"id\": \"/subscriptions/00000000-0000-0000-0000-000000000000/resourcegroups/clitest000001/providers/Microsoft.ContainerService/managedClusters/cliakstest000001\",\n
        \ \"location\": \"westus2\",\n  \"name\": \"cliakstest000001\",\n  \"tags\":
        {\n   \"scenario_test\": \"\"\n  },\n  \"type\": \"Microsoft.ContainerService/ManagedClusters\",\n
        \ \"properties\": {\n   \"provisioningState\": \"Creating\",\n   \"powerState\":
        {\n    \"code\": \"Running\"\n   },\n   \"kubernetesVersion\": \"1.25.6\",\n
        \  \"currentKubernetesVersion\": \"1.25.6\",\n   \"dnsPrefix\": \"cliaksdns000002\",\n
        \  \"fqdn\": \"cliaksdns000002-dd4p0faz.hcp.westus2.azmk8s.io\",\n   \"azurePortalFQDN\":
        \"cliaksdns000002-dd4p0faz.portal.hcp.westus2.azmk8s.io\",\n   \"agentPoolProfiles\":
        [\n    {\n     \"name\": \"nodepool1\",\n     \"count\": 1,\n     \"vmSize\":
        \"Standard_DS2_v2\",\n     \"osDiskSizeGB\": 128,\n     \"osDiskType\": \"Managed\",\n
        \    \"kubeletDiskType\": \"OS\",\n     \"maxPods\": 110,\n     \"type\":
        \"VirtualMachineScaleSets\",\n     \"enableAutoScaling\": false,\n     \"provisioningState\":
        \"Creating\",\n     \"powerState\": {\n      \"code\": \"Running\"\n     },\n
        \    \"orchestratorVersion\": \"1.25.6\",\n     \"currentOrchestratorVersion\":
        \"1.25.6\",\n     \"enableNodePublicIP\": false,\n     \"mode\": \"System\",\n
        \    \"enableEncryptionAtHost\": false,\n     \"enableUltraSSD\": false,\n
        \    \"osType\": \"Linux\",\n     \"osSKU\": \"Ubuntu\",\n     \"nodeImageVersion\":
        \"AKSUbuntu-2204gen2containerd-202304.10.0\",\n     \"upgradeSettings\": {},\n
        \    \"enableFIPS\": false\n    }\n   ],\n   \"linuxProfile\": {\n    \"adminUsername\":
        \"azureuser\",\n    \"ssh\": {\n     \"publicKeys\": [\n      {\n       \"keyData\":
        \"ssh-rsa AAAAB3NzaC1yc2EAAAADAQABAAABAQCvBk9v4/Qo7XJWIY7AItmm8ohKhV9Y2z/SA5RKWk4BUCpK4ElHu8ia+QREfb7nmO5LtydRi7glVKNjUWUeaSC1PTmk2Z421whqvLRgF6XquFUcEC+VZG54EiS7j6hc2G3Af76vCZQQIQ7fKB8gngJXVb4QjbKVkoORamBKaSQ5MoAPF9GeSPfDesETM/jcE60BguHKjSTXhfsvgs6/iuUSPQ7duXwFtlpQy8WwA6ymGj4ehF0y8NXP6fjEajHDhPjPDkyuKBFTScflrLRryURmRyyICLt40vd+gaiyYCmREJxZNT/7J1pKmlpLNJejqDgXJ97xeyv4flTL7XRSgWV5
        azcli_aks_live_test@example.com\\n\"\n      }\n     ]\n    }\n   },\n   \"servicePrincipalProfile\":
        {\n    \"clientId\":\"00000000-0000-0000-0000-000000000001\"\n   },\n   \"nodeResourceGroup\":
        \"MC_clitest000001_cliakstest000001_westus2\",\n   \"enableRBAC\": true,\n
        \  \"enableLTS\": \"KubernetesOfficial\",\n   \"networkProfile\": {\n    \"networkPlugin\":
        \"kubenet\",\n    \"loadBalancerSku\": \"standard\",\n    \"loadBalancerProfile\":
        {\n     \"managedOutboundIPs\": {\n      \"count\": 1\n     }\n    },\n    \"podCidr\":
        \"10.244.0.0/16\",\n    \"serviceCidr\": \"10.0.0.0/16\",\n    \"dnsServiceIP\":
        \"10.0.0.10\",\n    \"dockerBridgeCidr\": \"172.17.0.1/16\",\n    \"outboundType\":
        \"loadBalancer\",\n    \"podCidrs\": [\n     \"10.244.0.0/16\"\n    ],\n    \"serviceCidrs\":
        [\n     \"10.0.0.0/16\"\n    ],\n    \"ipFamilies\": [\n     \"IPv4\"\n    ]\n
        \  },\n   \"maxAgentPools\": 100,\n   \"disableLocalAccounts\": false,\n   \"securityProfile\":
        {},\n   \"storageProfile\": {\n    \"diskCSIDriver\": {\n     \"enabled\":
        true\n    },\n    \"fileCSIDriver\": {\n     \"enabled\": true\n    },\n    \"snapshotController\":
        {\n     \"enabled\": true\n    }\n   },\n   \"oidcIssuerProfile\": {\n    \"enabled\":
        false\n   },\n   \"workloadAutoScalerProfile\": {}\n  },\n  \"sku\": {\n   \"name\":
        \"Base\",\n   \"tier\": \"Free\"\n  }\n }"
    headers:
      cache-control:
      - no-cache
      content-length:
      - '3128'
      content-type:
      - application/json
      date:
      - Sat, 29 Apr 2023 09:36:40 GMT
      expires:
      - '-1'
      pragma:
      - no-cache
      server:
      - nginx
      strict-transport-security:
      - max-age=31536000; includeSubDomains
      transfer-encoding:
      - chunked
      vary:
      - Accept-Encoding
      x-content-type-options:
      - nosniff
    status:
      code: 200
      message: OK
- request:
    body: null
    headers:
      Accept:
      - application/json
      Accept-Encoding:
      - gzip, deflate
      CommandName:
      - aks wait
      Connection:
      - keep-alive
      ParameterSetName:
      - -g -n --created
      User-Agent:
      - AZURECLI/2.48.1 azsdk-python-azure-mgmt-containerservice/22.1.0 Python/3.8.10
        (Linux-5.15.0-1033-azure-x86_64-with-glibc2.29)
    method: GET
    uri: https://management.azure.com/subscriptions/00000000-0000-0000-0000-000000000000/resourceGroups/clitest000001/providers/Microsoft.ContainerService/managedClusters/cliakstest000001?api-version=2023-04-01
  response:
    body:
      string: "{\n  \"id\": \"/subscriptions/00000000-0000-0000-0000-000000000000/resourcegroups/clitest000001/providers/Microsoft.ContainerService/managedClusters/cliakstest000001\",\n
        \ \"location\": \"westus2\",\n  \"name\": \"cliakstest000001\",\n  \"tags\":
        {\n   \"scenario_test\": \"\"\n  },\n  \"type\": \"Microsoft.ContainerService/ManagedClusters\",\n
        \ \"properties\": {\n   \"provisioningState\": \"Creating\",\n   \"powerState\":
        {\n    \"code\": \"Running\"\n   },\n   \"kubernetesVersion\": \"1.25.6\",\n
        \  \"currentKubernetesVersion\": \"1.25.6\",\n   \"dnsPrefix\": \"cliaksdns000002\",\n
        \  \"fqdn\": \"cliaksdns000002-dd4p0faz.hcp.westus2.azmk8s.io\",\n   \"azurePortalFQDN\":
        \"cliaksdns000002-dd4p0faz.portal.hcp.westus2.azmk8s.io\",\n   \"agentPoolProfiles\":
        [\n    {\n     \"name\": \"nodepool1\",\n     \"count\": 1,\n     \"vmSize\":
        \"Standard_DS2_v2\",\n     \"osDiskSizeGB\": 128,\n     \"osDiskType\": \"Managed\",\n
        \    \"kubeletDiskType\": \"OS\",\n     \"maxPods\": 110,\n     \"type\":
        \"VirtualMachineScaleSets\",\n     \"enableAutoScaling\": false,\n     \"provisioningState\":
        \"Creating\",\n     \"powerState\": {\n      \"code\": \"Running\"\n     },\n
        \    \"orchestratorVersion\": \"1.25.6\",\n     \"currentOrchestratorVersion\":
        \"1.25.6\",\n     \"enableNodePublicIP\": false,\n     \"mode\": \"System\",\n
        \    \"enableEncryptionAtHost\": false,\n     \"enableUltraSSD\": false,\n
        \    \"osType\": \"Linux\",\n     \"osSKU\": \"Ubuntu\",\n     \"nodeImageVersion\":
        \"AKSUbuntu-2204gen2containerd-202304.10.0\",\n     \"upgradeSettings\": {},\n
        \    \"enableFIPS\": false\n    }\n   ],\n   \"linuxProfile\": {\n    \"adminUsername\":
        \"azureuser\",\n    \"ssh\": {\n     \"publicKeys\": [\n      {\n       \"keyData\":
        \"ssh-rsa AAAAB3NzaC1yc2EAAAADAQABAAABAQCvBk9v4/Qo7XJWIY7AItmm8ohKhV9Y2z/SA5RKWk4BUCpK4ElHu8ia+QREfb7nmO5LtydRi7glVKNjUWUeaSC1PTmk2Z421whqvLRgF6XquFUcEC+VZG54EiS7j6hc2G3Af76vCZQQIQ7fKB8gngJXVb4QjbKVkoORamBKaSQ5MoAPF9GeSPfDesETM/jcE60BguHKjSTXhfsvgs6/iuUSPQ7duXwFtlpQy8WwA6ymGj4ehF0y8NXP6fjEajHDhPjPDkyuKBFTScflrLRryURmRyyICLt40vd+gaiyYCmREJxZNT/7J1pKmlpLNJejqDgXJ97xeyv4flTL7XRSgWV5
        azcli_aks_live_test@example.com\\n\"\n      }\n     ]\n    }\n   },\n   \"servicePrincipalProfile\":
        {\n    \"clientId\":\"00000000-0000-0000-0000-000000000001\"\n   },\n   \"nodeResourceGroup\":
        \"MC_clitest000001_cliakstest000001_westus2\",\n   \"enableRBAC\": true,\n
        \  \"enableLTS\": \"KubernetesOfficial\",\n   \"networkProfile\": {\n    \"networkPlugin\":
        \"kubenet\",\n    \"loadBalancerSku\": \"standard\",\n    \"loadBalancerProfile\":
        {\n     \"managedOutboundIPs\": {\n      \"count\": 1\n     },\n     \"effectiveOutboundIPs\":
        [\n      {\n       \"id\": \"/subscriptions/00000000-0000-0000-0000-000000000000/resourceGroups/MC_clitest000001_cliakstest000001_westus2/providers/Microsoft.Network/publicIPAddresses/97f4ad21-6adf-495f-bf5e-a811e6225810\"\n
        \     }\n     ]\n    },\n    \"podCidr\": \"10.244.0.0/16\",\n    \"serviceCidr\":
        \"10.0.0.0/16\",\n    \"dnsServiceIP\": \"10.0.0.10\",\n    \"dockerBridgeCidr\":
        \"172.17.0.1/16\",\n    \"outboundType\": \"loadBalancer\",\n    \"podCidrs\":
        [\n     \"10.244.0.0/16\"\n    ],\n    \"serviceCidrs\": [\n     \"10.0.0.0/16\"\n
        \   ],\n    \"ipFamilies\": [\n     \"IPv4\"\n    ]\n   },\n   \"maxAgentPools\":
        100,\n   \"disableLocalAccounts\": false,\n   \"securityProfile\": {},\n   \"storageProfile\":
        {\n    \"diskCSIDriver\": {\n     \"enabled\": true\n    },\n    \"fileCSIDriver\":
        {\n     \"enabled\": true\n    },\n    \"snapshotController\": {\n     \"enabled\":
        true\n    }\n   },\n   \"oidcIssuerProfile\": {\n    \"enabled\": false\n
        \  },\n   \"workloadAutoScalerProfile\": {}\n  },\n  \"sku\": {\n   \"name\":
        \"Base\",\n   \"tier\": \"Free\"\n  }\n }"
    headers:
      cache-control:
      - no-cache
      content-length:
      - '3390'
      content-type:
      - application/json
      date:
      - Sat, 29 Apr 2023 09:37:11 GMT
      expires:
      - '-1'
      pragma:
      - no-cache
      server:
      - nginx
      strict-transport-security:
      - max-age=31536000; includeSubDomains
      transfer-encoding:
      - chunked
      vary:
      - Accept-Encoding
      x-content-type-options:
      - nosniff
    status:
      code: 200
      message: OK
- request:
    body: null
    headers:
      Accept:
      - application/json
      Accept-Encoding:
      - gzip, deflate
      CommandName:
      - aks wait
      Connection:
      - keep-alive
      ParameterSetName:
      - -g -n --created
      User-Agent:
      - AZURECLI/2.48.1 azsdk-python-azure-mgmt-containerservice/22.1.0 Python/3.8.10
        (Linux-5.15.0-1033-azure-x86_64-with-glibc2.29)
    method: GET
    uri: https://management.azure.com/subscriptions/00000000-0000-0000-0000-000000000000/resourceGroups/clitest000001/providers/Microsoft.ContainerService/managedClusters/cliakstest000001?api-version=2023-04-01
  response:
    body:
      string: "{\n  \"id\": \"/subscriptions/00000000-0000-0000-0000-000000000000/resourcegroups/clitest000001/providers/Microsoft.ContainerService/managedClusters/cliakstest000001\",\n
        \ \"location\": \"westus2\",\n  \"name\": \"cliakstest000001\",\n  \"tags\":
        {\n   \"scenario_test\": \"\"\n  },\n  \"type\": \"Microsoft.ContainerService/ManagedClusters\",\n
        \ \"properties\": {\n   \"provisioningState\": \"Creating\",\n   \"powerState\":
        {\n    \"code\": \"Running\"\n   },\n   \"kubernetesVersion\": \"1.25.6\",\n
        \  \"currentKubernetesVersion\": \"1.25.6\",\n   \"dnsPrefix\": \"cliaksdns000002\",\n
        \  \"fqdn\": \"cliaksdns000002-dd4p0faz.hcp.westus2.azmk8s.io\",\n   \"azurePortalFQDN\":
        \"cliaksdns000002-dd4p0faz.portal.hcp.westus2.azmk8s.io\",\n   \"agentPoolProfiles\":
        [\n    {\n     \"name\": \"nodepool1\",\n     \"count\": 1,\n     \"vmSize\":
        \"Standard_DS2_v2\",\n     \"osDiskSizeGB\": 128,\n     \"osDiskType\": \"Managed\",\n
        \    \"kubeletDiskType\": \"OS\",\n     \"maxPods\": 110,\n     \"type\":
        \"VirtualMachineScaleSets\",\n     \"enableAutoScaling\": false,\n     \"provisioningState\":
        \"Creating\",\n     \"powerState\": {\n      \"code\": \"Running\"\n     },\n
        \    \"orchestratorVersion\": \"1.25.6\",\n     \"currentOrchestratorVersion\":
        \"1.25.6\",\n     \"enableNodePublicIP\": false,\n     \"mode\": \"System\",\n
        \    \"enableEncryptionAtHost\": false,\n     \"enableUltraSSD\": false,\n
        \    \"osType\": \"Linux\",\n     \"osSKU\": \"Ubuntu\",\n     \"nodeImageVersion\":
        \"AKSUbuntu-2204gen2containerd-202304.10.0\",\n     \"upgradeSettings\": {},\n
        \    \"enableFIPS\": false\n    }\n   ],\n   \"linuxProfile\": {\n    \"adminUsername\":
        \"azureuser\",\n    \"ssh\": {\n     \"publicKeys\": [\n      {\n       \"keyData\":
        \"ssh-rsa AAAAB3NzaC1yc2EAAAADAQABAAABAQCvBk9v4/Qo7XJWIY7AItmm8ohKhV9Y2z/SA5RKWk4BUCpK4ElHu8ia+QREfb7nmO5LtydRi7glVKNjUWUeaSC1PTmk2Z421whqvLRgF6XquFUcEC+VZG54EiS7j6hc2G3Af76vCZQQIQ7fKB8gngJXVb4QjbKVkoORamBKaSQ5MoAPF9GeSPfDesETM/jcE60BguHKjSTXhfsvgs6/iuUSPQ7duXwFtlpQy8WwA6ymGj4ehF0y8NXP6fjEajHDhPjPDkyuKBFTScflrLRryURmRyyICLt40vd+gaiyYCmREJxZNT/7J1pKmlpLNJejqDgXJ97xeyv4flTL7XRSgWV5
        azcli_aks_live_test@example.com\\n\"\n      }\n     ]\n    }\n   },\n   \"servicePrincipalProfile\":
        {\n    \"clientId\":\"00000000-0000-0000-0000-000000000001\"\n   },\n   \"nodeResourceGroup\":
        \"MC_clitest000001_cliakstest000001_westus2\",\n   \"enableRBAC\": true,\n
        \  \"enableLTS\": \"KubernetesOfficial\",\n   \"networkProfile\": {\n    \"networkPlugin\":
        \"kubenet\",\n    \"loadBalancerSku\": \"standard\",\n    \"loadBalancerProfile\":
        {\n     \"managedOutboundIPs\": {\n      \"count\": 1\n     },\n     \"effectiveOutboundIPs\":
        [\n      {\n       \"id\": \"/subscriptions/00000000-0000-0000-0000-000000000000/resourceGroups/MC_clitest000001_cliakstest000001_westus2/providers/Microsoft.Network/publicIPAddresses/97f4ad21-6adf-495f-bf5e-a811e6225810\"\n
        \     }\n     ]\n    },\n    \"podCidr\": \"10.244.0.0/16\",\n    \"serviceCidr\":
        \"10.0.0.0/16\",\n    \"dnsServiceIP\": \"10.0.0.10\",\n    \"dockerBridgeCidr\":
        \"172.17.0.1/16\",\n    \"outboundType\": \"loadBalancer\",\n    \"podCidrs\":
        [\n     \"10.244.0.0/16\"\n    ],\n    \"serviceCidrs\": [\n     \"10.0.0.0/16\"\n
        \   ],\n    \"ipFamilies\": [\n     \"IPv4\"\n    ]\n   },\n   \"maxAgentPools\":
        100,\n   \"disableLocalAccounts\": false,\n   \"securityProfile\": {},\n   \"storageProfile\":
        {\n    \"diskCSIDriver\": {\n     \"enabled\": true\n    },\n    \"fileCSIDriver\":
        {\n     \"enabled\": true\n    },\n    \"snapshotController\": {\n     \"enabled\":
        true\n    }\n   },\n   \"oidcIssuerProfile\": {\n    \"enabled\": false\n
        \  },\n   \"workloadAutoScalerProfile\": {}\n  },\n  \"sku\": {\n   \"name\":
        \"Base\",\n   \"tier\": \"Free\"\n  }\n }"
    headers:
      cache-control:
      - no-cache
      content-length:
      - '3390'
      content-type:
      - application/json
      date:
      - Sat, 29 Apr 2023 09:37:42 GMT
      expires:
      - '-1'
      pragma:
      - no-cache
      server:
      - nginx
      strict-transport-security:
      - max-age=31536000; includeSubDomains
      transfer-encoding:
      - chunked
      vary:
      - Accept-Encoding
      x-content-type-options:
      - nosniff
    status:
      code: 200
      message: OK
- request:
    body: null
    headers:
      Accept:
      - application/json
      Accept-Encoding:
      - gzip, deflate
      CommandName:
      - aks wait
      Connection:
      - keep-alive
      ParameterSetName:
      - -g -n --created
      User-Agent:
      - AZURECLI/2.48.1 azsdk-python-azure-mgmt-containerservice/22.1.0 Python/3.8.10
        (Linux-5.15.0-1033-azure-x86_64-with-glibc2.29)
    method: GET
    uri: https://management.azure.com/subscriptions/00000000-0000-0000-0000-000000000000/resourceGroups/clitest000001/providers/Microsoft.ContainerService/managedClusters/cliakstest000001?api-version=2023-04-01
  response:
    body:
      string: "{\n  \"id\": \"/subscriptions/00000000-0000-0000-0000-000000000000/resourcegroups/clitest000001/providers/Microsoft.ContainerService/managedClusters/cliakstest000001\",\n
        \ \"location\": \"westus2\",\n  \"name\": \"cliakstest000001\",\n  \"tags\":
        {\n   \"scenario_test\": \"\"\n  },\n  \"type\": \"Microsoft.ContainerService/ManagedClusters\",\n
        \ \"properties\": {\n   \"provisioningState\": \"Creating\",\n   \"powerState\":
        {\n    \"code\": \"Running\"\n   },\n   \"kubernetesVersion\": \"1.25.6\",\n
        \  \"currentKubernetesVersion\": \"1.25.6\",\n   \"dnsPrefix\": \"cliaksdns000002\",\n
        \  \"fqdn\": \"cliaksdns000002-dd4p0faz.hcp.westus2.azmk8s.io\",\n   \"azurePortalFQDN\":
        \"cliaksdns000002-dd4p0faz.portal.hcp.westus2.azmk8s.io\",\n   \"agentPoolProfiles\":
        [\n    {\n     \"name\": \"nodepool1\",\n     \"count\": 1,\n     \"vmSize\":
        \"Standard_DS2_v2\",\n     \"osDiskSizeGB\": 128,\n     \"osDiskType\": \"Managed\",\n
        \    \"kubeletDiskType\": \"OS\",\n     \"maxPods\": 110,\n     \"type\":
        \"VirtualMachineScaleSets\",\n     \"enableAutoScaling\": false,\n     \"provisioningState\":
        \"Creating\",\n     \"powerState\": {\n      \"code\": \"Running\"\n     },\n
        \    \"orchestratorVersion\": \"1.25.6\",\n     \"currentOrchestratorVersion\":
        \"1.25.6\",\n     \"enableNodePublicIP\": false,\n     \"mode\": \"System\",\n
        \    \"enableEncryptionAtHost\": false,\n     \"enableUltraSSD\": false,\n
        \    \"osType\": \"Linux\",\n     \"osSKU\": \"Ubuntu\",\n     \"nodeImageVersion\":
        \"AKSUbuntu-2204gen2containerd-202304.10.0\",\n     \"upgradeSettings\": {},\n
        \    \"enableFIPS\": false\n    }\n   ],\n   \"linuxProfile\": {\n    \"adminUsername\":
        \"azureuser\",\n    \"ssh\": {\n     \"publicKeys\": [\n      {\n       \"keyData\":
        \"ssh-rsa AAAAB3NzaC1yc2EAAAADAQABAAABAQCvBk9v4/Qo7XJWIY7AItmm8ohKhV9Y2z/SA5RKWk4BUCpK4ElHu8ia+QREfb7nmO5LtydRi7glVKNjUWUeaSC1PTmk2Z421whqvLRgF6XquFUcEC+VZG54EiS7j6hc2G3Af76vCZQQIQ7fKB8gngJXVb4QjbKVkoORamBKaSQ5MoAPF9GeSPfDesETM/jcE60BguHKjSTXhfsvgs6/iuUSPQ7duXwFtlpQy8WwA6ymGj4ehF0y8NXP6fjEajHDhPjPDkyuKBFTScflrLRryURmRyyICLt40vd+gaiyYCmREJxZNT/7J1pKmlpLNJejqDgXJ97xeyv4flTL7XRSgWV5
        azcli_aks_live_test@example.com\\n\"\n      }\n     ]\n    }\n   },\n   \"servicePrincipalProfile\":
        {\n    \"clientId\":\"00000000-0000-0000-0000-000000000001\"\n   },\n   \"nodeResourceGroup\":
        \"MC_clitest000001_cliakstest000001_westus2\",\n   \"enableRBAC\": true,\n
        \  \"enableLTS\": \"KubernetesOfficial\",\n   \"networkProfile\": {\n    \"networkPlugin\":
        \"kubenet\",\n    \"loadBalancerSku\": \"standard\",\n    \"loadBalancerProfile\":
        {\n     \"managedOutboundIPs\": {\n      \"count\": 1\n     },\n     \"effectiveOutboundIPs\":
        [\n      {\n       \"id\": \"/subscriptions/00000000-0000-0000-0000-000000000000/resourceGroups/MC_clitest000001_cliakstest000001_westus2/providers/Microsoft.Network/publicIPAddresses/97f4ad21-6adf-495f-bf5e-a811e6225810\"\n
        \     }\n     ]\n    },\n    \"podCidr\": \"10.244.0.0/16\",\n    \"serviceCidr\":
        \"10.0.0.0/16\",\n    \"dnsServiceIP\": \"10.0.0.10\",\n    \"dockerBridgeCidr\":
        \"172.17.0.1/16\",\n    \"outboundType\": \"loadBalancer\",\n    \"podCidrs\":
        [\n     \"10.244.0.0/16\"\n    ],\n    \"serviceCidrs\": [\n     \"10.0.0.0/16\"\n
        \   ],\n    \"ipFamilies\": [\n     \"IPv4\"\n    ]\n   },\n   \"maxAgentPools\":
        100,\n   \"disableLocalAccounts\": false,\n   \"securityProfile\": {},\n   \"storageProfile\":
        {\n    \"diskCSIDriver\": {\n     \"enabled\": true\n    },\n    \"fileCSIDriver\":
        {\n     \"enabled\": true\n    },\n    \"snapshotController\": {\n     \"enabled\":
        true\n    }\n   },\n   \"oidcIssuerProfile\": {\n    \"enabled\": false\n
        \  },\n   \"workloadAutoScalerProfile\": {}\n  },\n  \"sku\": {\n   \"name\":
        \"Base\",\n   \"tier\": \"Free\"\n  }\n }"
    headers:
      cache-control:
      - no-cache
      content-length:
      - '3390'
      content-type:
      - application/json
      date:
      - Sat, 29 Apr 2023 09:38:12 GMT
      expires:
      - '-1'
      pragma:
      - no-cache
      server:
      - nginx
      strict-transport-security:
      - max-age=31536000; includeSubDomains
      transfer-encoding:
      - chunked
      vary:
      - Accept-Encoding
      x-content-type-options:
      - nosniff
    status:
      code: 200
      message: OK
- request:
    body: null
    headers:
      Accept:
      - application/json
      Accept-Encoding:
      - gzip, deflate
      CommandName:
      - aks wait
      Connection:
      - keep-alive
      ParameterSetName:
      - -g -n --created
      User-Agent:
      - AZURECLI/2.48.1 azsdk-python-azure-mgmt-containerservice/22.1.0 Python/3.8.10
        (Linux-5.15.0-1033-azure-x86_64-with-glibc2.29)
    method: GET
    uri: https://management.azure.com/subscriptions/00000000-0000-0000-0000-000000000000/resourceGroups/clitest000001/providers/Microsoft.ContainerService/managedClusters/cliakstest000001?api-version=2023-04-01
  response:
    body:
      string: "{\n  \"id\": \"/subscriptions/00000000-0000-0000-0000-000000000000/resourcegroups/clitest000001/providers/Microsoft.ContainerService/managedClusters/cliakstest000001\",\n
        \ \"location\": \"westus2\",\n  \"name\": \"cliakstest000001\",\n  \"tags\":
        {\n   \"scenario_test\": \"\"\n  },\n  \"type\": \"Microsoft.ContainerService/ManagedClusters\",\n
        \ \"properties\": {\n   \"provisioningState\": \"Creating\",\n   \"powerState\":
        {\n    \"code\": \"Running\"\n   },\n   \"kubernetesVersion\": \"1.25.6\",\n
        \  \"currentKubernetesVersion\": \"1.25.6\",\n   \"dnsPrefix\": \"cliaksdns000002\",\n
        \  \"fqdn\": \"cliaksdns000002-dd4p0faz.hcp.westus2.azmk8s.io\",\n   \"azurePortalFQDN\":
        \"cliaksdns000002-dd4p0faz.portal.hcp.westus2.azmk8s.io\",\n   \"agentPoolProfiles\":
        [\n    {\n     \"name\": \"nodepool1\",\n     \"count\": 1,\n     \"vmSize\":
        \"Standard_DS2_v2\",\n     \"osDiskSizeGB\": 128,\n     \"osDiskType\": \"Managed\",\n
        \    \"kubeletDiskType\": \"OS\",\n     \"maxPods\": 110,\n     \"type\":
        \"VirtualMachineScaleSets\",\n     \"enableAutoScaling\": false,\n     \"provisioningState\":
        \"Creating\",\n     \"powerState\": {\n      \"code\": \"Running\"\n     },\n
        \    \"orchestratorVersion\": \"1.25.6\",\n     \"currentOrchestratorVersion\":
        \"1.25.6\",\n     \"enableNodePublicIP\": false,\n     \"mode\": \"System\",\n
        \    \"enableEncryptionAtHost\": false,\n     \"enableUltraSSD\": false,\n
        \    \"osType\": \"Linux\",\n     \"osSKU\": \"Ubuntu\",\n     \"nodeImageVersion\":
        \"AKSUbuntu-2204gen2containerd-202304.10.0\",\n     \"upgradeSettings\": {},\n
        \    \"enableFIPS\": false\n    }\n   ],\n   \"linuxProfile\": {\n    \"adminUsername\":
        \"azureuser\",\n    \"ssh\": {\n     \"publicKeys\": [\n      {\n       \"keyData\":
        \"ssh-rsa AAAAB3NzaC1yc2EAAAADAQABAAABAQCvBk9v4/Qo7XJWIY7AItmm8ohKhV9Y2z/SA5RKWk4BUCpK4ElHu8ia+QREfb7nmO5LtydRi7glVKNjUWUeaSC1PTmk2Z421whqvLRgF6XquFUcEC+VZG54EiS7j6hc2G3Af76vCZQQIQ7fKB8gngJXVb4QjbKVkoORamBKaSQ5MoAPF9GeSPfDesETM/jcE60BguHKjSTXhfsvgs6/iuUSPQ7duXwFtlpQy8WwA6ymGj4ehF0y8NXP6fjEajHDhPjPDkyuKBFTScflrLRryURmRyyICLt40vd+gaiyYCmREJxZNT/7J1pKmlpLNJejqDgXJ97xeyv4flTL7XRSgWV5
        azcli_aks_live_test@example.com\\n\"\n      }\n     ]\n    }\n   },\n   \"servicePrincipalProfile\":
        {\n    \"clientId\":\"00000000-0000-0000-0000-000000000001\"\n   },\n   \"nodeResourceGroup\":
        \"MC_clitest000001_cliakstest000001_westus2\",\n   \"enableRBAC\": true,\n
        \  \"enableLTS\": \"KubernetesOfficial\",\n   \"networkProfile\": {\n    \"networkPlugin\":
        \"kubenet\",\n    \"loadBalancerSku\": \"standard\",\n    \"loadBalancerProfile\":
        {\n     \"managedOutboundIPs\": {\n      \"count\": 1\n     },\n     \"effectiveOutboundIPs\":
        [\n      {\n       \"id\": \"/subscriptions/00000000-0000-0000-0000-000000000000/resourceGroups/MC_clitest000001_cliakstest000001_westus2/providers/Microsoft.Network/publicIPAddresses/97f4ad21-6adf-495f-bf5e-a811e6225810\"\n
        \     }\n     ]\n    },\n    \"podCidr\": \"10.244.0.0/16\",\n    \"serviceCidr\":
        \"10.0.0.0/16\",\n    \"dnsServiceIP\": \"10.0.0.10\",\n    \"dockerBridgeCidr\":
        \"172.17.0.1/16\",\n    \"outboundType\": \"loadBalancer\",\n    \"podCidrs\":
        [\n     \"10.244.0.0/16\"\n    ],\n    \"serviceCidrs\": [\n     \"10.0.0.0/16\"\n
        \   ],\n    \"ipFamilies\": [\n     \"IPv4\"\n    ]\n   },\n   \"maxAgentPools\":
        100,\n   \"disableLocalAccounts\": false,\n   \"securityProfile\": {},\n   \"storageProfile\":
        {\n    \"diskCSIDriver\": {\n     \"enabled\": true\n    },\n    \"fileCSIDriver\":
        {\n     \"enabled\": true\n    },\n    \"snapshotController\": {\n     \"enabled\":
        true\n    }\n   },\n   \"oidcIssuerProfile\": {\n    \"enabled\": false\n
        \  },\n   \"workloadAutoScalerProfile\": {}\n  },\n  \"sku\": {\n   \"name\":
        \"Base\",\n   \"tier\": \"Free\"\n  }\n }"
    headers:
      cache-control:
      - no-cache
      content-length:
      - '3390'
      content-type:
      - application/json
      date:
      - Sat, 29 Apr 2023 09:38:43 GMT
      expires:
      - '-1'
      pragma:
      - no-cache
      server:
      - nginx
      strict-transport-security:
      - max-age=31536000; includeSubDomains
      transfer-encoding:
      - chunked
      vary:
      - Accept-Encoding
      x-content-type-options:
      - nosniff
    status:
      code: 200
      message: OK
- request:
    body: null
    headers:
      Accept:
      - application/json
      Accept-Encoding:
      - gzip, deflate
      CommandName:
      - aks wait
      Connection:
      - keep-alive
      ParameterSetName:
      - -g -n --created
      User-Agent:
      - AZURECLI/2.48.1 azsdk-python-azure-mgmt-containerservice/22.1.0 Python/3.8.10
        (Linux-5.15.0-1033-azure-x86_64-with-glibc2.29)
    method: GET
    uri: https://management.azure.com/subscriptions/00000000-0000-0000-0000-000000000000/resourceGroups/clitest000001/providers/Microsoft.ContainerService/managedClusters/cliakstest000001?api-version=2023-04-01
  response:
    body:
      string: "{\n  \"id\": \"/subscriptions/00000000-0000-0000-0000-000000000000/resourcegroups/clitest000001/providers/Microsoft.ContainerService/managedClusters/cliakstest000001\",\n
        \ \"location\": \"westus2\",\n  \"name\": \"cliakstest000001\",\n  \"tags\":
        {\n   \"scenario_test\": \"\"\n  },\n  \"type\": \"Microsoft.ContainerService/ManagedClusters\",\n
        \ \"properties\": {\n   \"provisioningState\": \"Creating\",\n   \"powerState\":
        {\n    \"code\": \"Running\"\n   },\n   \"kubernetesVersion\": \"1.25.6\",\n
        \  \"currentKubernetesVersion\": \"1.25.6\",\n   \"dnsPrefix\": \"cliaksdns000002\",\n
        \  \"fqdn\": \"cliaksdns000002-dd4p0faz.hcp.westus2.azmk8s.io\",\n   \"azurePortalFQDN\":
        \"cliaksdns000002-dd4p0faz.portal.hcp.westus2.azmk8s.io\",\n   \"agentPoolProfiles\":
        [\n    {\n     \"name\": \"nodepool1\",\n     \"count\": 1,\n     \"vmSize\":
        \"Standard_DS2_v2\",\n     \"osDiskSizeGB\": 128,\n     \"osDiskType\": \"Managed\",\n
        \    \"kubeletDiskType\": \"OS\",\n     \"maxPods\": 110,\n     \"type\":
        \"VirtualMachineScaleSets\",\n     \"enableAutoScaling\": false,\n     \"provisioningState\":
        \"Creating\",\n     \"powerState\": {\n      \"code\": \"Running\"\n     },\n
        \    \"orchestratorVersion\": \"1.25.6\",\n     \"currentOrchestratorVersion\":
        \"1.25.6\",\n     \"enableNodePublicIP\": false,\n     \"mode\": \"System\",\n
        \    \"enableEncryptionAtHost\": false,\n     \"enableUltraSSD\": false,\n
        \    \"osType\": \"Linux\",\n     \"osSKU\": \"Ubuntu\",\n     \"nodeImageVersion\":
        \"AKSUbuntu-2204gen2containerd-202304.10.0\",\n     \"upgradeSettings\": {},\n
        \    \"enableFIPS\": false\n    }\n   ],\n   \"linuxProfile\": {\n    \"adminUsername\":
        \"azureuser\",\n    \"ssh\": {\n     \"publicKeys\": [\n      {\n       \"keyData\":
        \"ssh-rsa AAAAB3NzaC1yc2EAAAADAQABAAABAQCvBk9v4/Qo7XJWIY7AItmm8ohKhV9Y2z/SA5RKWk4BUCpK4ElHu8ia+QREfb7nmO5LtydRi7glVKNjUWUeaSC1PTmk2Z421whqvLRgF6XquFUcEC+VZG54EiS7j6hc2G3Af76vCZQQIQ7fKB8gngJXVb4QjbKVkoORamBKaSQ5MoAPF9GeSPfDesETM/jcE60BguHKjSTXhfsvgs6/iuUSPQ7duXwFtlpQy8WwA6ymGj4ehF0y8NXP6fjEajHDhPjPDkyuKBFTScflrLRryURmRyyICLt40vd+gaiyYCmREJxZNT/7J1pKmlpLNJejqDgXJ97xeyv4flTL7XRSgWV5
        azcli_aks_live_test@example.com\\n\"\n      }\n     ]\n    }\n   },\n   \"servicePrincipalProfile\":
        {\n    \"clientId\":\"00000000-0000-0000-0000-000000000001\"\n   },\n   \"nodeResourceGroup\":
        \"MC_clitest000001_cliakstest000001_westus2\",\n   \"enableRBAC\": true,\n
        \  \"enableLTS\": \"KubernetesOfficial\",\n   \"networkProfile\": {\n    \"networkPlugin\":
        \"kubenet\",\n    \"loadBalancerSku\": \"standard\",\n    \"loadBalancerProfile\":
        {\n     \"managedOutboundIPs\": {\n      \"count\": 1\n     },\n     \"effectiveOutboundIPs\":
        [\n      {\n       \"id\": \"/subscriptions/00000000-0000-0000-0000-000000000000/resourceGroups/MC_clitest000001_cliakstest000001_westus2/providers/Microsoft.Network/publicIPAddresses/97f4ad21-6adf-495f-bf5e-a811e6225810\"\n
        \     }\n     ]\n    },\n    \"podCidr\": \"10.244.0.0/16\",\n    \"serviceCidr\":
        \"10.0.0.0/16\",\n    \"dnsServiceIP\": \"10.0.0.10\",\n    \"dockerBridgeCidr\":
        \"172.17.0.1/16\",\n    \"outboundType\": \"loadBalancer\",\n    \"podCidrs\":
        [\n     \"10.244.0.0/16\"\n    ],\n    \"serviceCidrs\": [\n     \"10.0.0.0/16\"\n
        \   ],\n    \"ipFamilies\": [\n     \"IPv4\"\n    ]\n   },\n   \"maxAgentPools\":
        100,\n   \"disableLocalAccounts\": false,\n   \"securityProfile\": {},\n   \"storageProfile\":
        {\n    \"diskCSIDriver\": {\n     \"enabled\": true\n    },\n    \"fileCSIDriver\":
        {\n     \"enabled\": true\n    },\n    \"snapshotController\": {\n     \"enabled\":
        true\n    }\n   },\n   \"oidcIssuerProfile\": {\n    \"enabled\": false\n
        \  },\n   \"workloadAutoScalerProfile\": {}\n  },\n  \"sku\": {\n   \"name\":
        \"Base\",\n   \"tier\": \"Free\"\n  }\n }"
    headers:
      cache-control:
      - no-cache
      content-length:
      - '3390'
      content-type:
      - application/json
      date:
      - Sat, 29 Apr 2023 09:39:13 GMT
      expires:
      - '-1'
      pragma:
      - no-cache
      server:
      - nginx
      strict-transport-security:
      - max-age=31536000; includeSubDomains
      transfer-encoding:
      - chunked
      vary:
      - Accept-Encoding
      x-content-type-options:
      - nosniff
    status:
      code: 200
      message: OK
- request:
    body: null
    headers:
      Accept:
      - application/json
      Accept-Encoding:
      - gzip, deflate
      CommandName:
      - aks wait
      Connection:
      - keep-alive
      ParameterSetName:
      - -g -n --created
      User-Agent:
      - AZURECLI/2.48.1 azsdk-python-azure-mgmt-containerservice/22.1.0 Python/3.8.10
        (Linux-5.15.0-1033-azure-x86_64-with-glibc2.29)
    method: PUT
    uri: https://management.azure.com/subscriptions/00000000-0000-0000-0000-000000000000/resourceGroups/clitest000001/providers/Microsoft.ContainerService/managedClusters/cliakstest000001?api-version=2023-04-01
  response:
    body:
      string: "{\n  \"id\": \"/subscriptions/00000000-0000-0000-0000-000000000000/resourcegroups/clitest000001/providers/Microsoft.ContainerService/managedClusters/cliakstest000001\",\n
        \ \"location\": \"westus2\",\n  \"name\": \"cliakstest000001\",\n  \"tags\":
        {\n   \"scenario_test\": \"\"\n  },\n  \"type\": \"Microsoft.ContainerService/ManagedClusters\",\n
        \ \"properties\": {\n   \"provisioningState\": \"Creating\",\n   \"powerState\":
        {\n    \"code\": \"Running\"\n   },\n   \"kubernetesVersion\": \"1.25.6\",\n
        \  \"currentKubernetesVersion\": \"1.25.6\",\n   \"dnsPrefix\": \"cliaksdns000002\",\n
        \  \"fqdn\": \"cliaksdns000002-dd4p0faz.hcp.westus2.azmk8s.io\",\n   \"azurePortalFQDN\":
        \"cliaksdns000002-dd4p0faz.portal.hcp.westus2.azmk8s.io\",\n   \"agentPoolProfiles\":
        [\n    {\n     \"name\": \"nodepool1\",\n     \"count\": 1,\n     \"vmSize\":
        \"Standard_DS2_v2\",\n     \"osDiskSizeGB\": 128,\n     \"osDiskType\": \"Managed\",\n
        \    \"kubeletDiskType\": \"OS\",\n     \"maxPods\": 110,\n     \"type\":
        \"VirtualMachineScaleSets\",\n     \"enableAutoScaling\": false,\n     \"provisioningState\":
        \"Creating\",\n     \"powerState\": {\n      \"code\": \"Running\"\n     },\n
        \    \"orchestratorVersion\": \"1.25.6\",\n     \"currentOrchestratorVersion\":
        \"1.25.6\",\n     \"enableNodePublicIP\": false,\n     \"mode\": \"System\",\n
        \    \"enableEncryptionAtHost\": false,\n     \"enableUltraSSD\": false,\n
        \    \"osType\": \"Linux\",\n     \"osSKU\": \"Ubuntu\",\n     \"nodeImageVersion\":
        \"AKSUbuntu-2204gen2containerd-202304.10.0\",\n     \"upgradeSettings\": {},\n
        \    \"enableFIPS\": false\n    }\n   ],\n   \"linuxProfile\": {\n    \"adminUsername\":
        \"azureuser\",\n    \"ssh\": {\n     \"publicKeys\": [\n      {\n       \"keyData\":
        \"ssh-rsa AAAAB3NzaC1yc2EAAAADAQABAAABAQCvBk9v4/Qo7XJWIY7AItmm8ohKhV9Y2z/SA5RKWk4BUCpK4ElHu8ia+QREfb7nmO5LtydRi7glVKNjUWUeaSC1PTmk2Z421whqvLRgF6XquFUcEC+VZG54EiS7j6hc2G3Af76vCZQQIQ7fKB8gngJXVb4QjbKVkoORamBKaSQ5MoAPF9GeSPfDesETM/jcE60BguHKjSTXhfsvgs6/iuUSPQ7duXwFtlpQy8WwA6ymGj4ehF0y8NXP6fjEajHDhPjPDkyuKBFTScflrLRryURmRyyICLt40vd+gaiyYCmREJxZNT/7J1pKmlpLNJejqDgXJ97xeyv4flTL7XRSgWV5
        azcli_aks_live_test@example.com\\n\"\n      }\n     ]\n    }\n   },\n   \"servicePrincipalProfile\":
        {\n    \"clientId\":\"00000000-0000-0000-0000-000000000001\"\n   },\n   \"nodeResourceGroup\":
        \"MC_clitest000001_cliakstest000001_westus2\",\n   \"enableRBAC\": true,\n
        \  \"enableLTS\": \"KubernetesOfficial\",\n   \"networkProfile\": {\n    \"networkPlugin\":
        \"kubenet\",\n    \"loadBalancerSku\": \"standard\",\n    \"loadBalancerProfile\":
        {\n     \"managedOutboundIPs\": {\n      \"count\": 1\n     },\n     \"effectiveOutboundIPs\":
        [\n      {\n       \"id\": \"/subscriptions/00000000-0000-0000-0000-000000000000/resourceGroups/MC_clitest000001_cliakstest000001_westus2/providers/Microsoft.Network/publicIPAddresses/97f4ad21-6adf-495f-bf5e-a811e6225810\"\n
        \     }\n     ]\n    },\n    \"podCidr\": \"10.244.0.0/16\",\n    \"serviceCidr\":
        \"10.0.0.0/16\",\n    \"dnsServiceIP\": \"10.0.0.10\",\n    \"dockerBridgeCidr\":
        \"172.17.0.1/16\",\n    \"outboundType\": \"loadBalancer\",\n    \"podCidrs\":
        [\n     \"10.244.0.0/16\"\n    ],\n    \"serviceCidrs\": [\n     \"10.0.0.0/16\"\n
        \   ],\n    \"ipFamilies\": [\n     \"IPv4\"\n    ]\n   },\n   \"maxAgentPools\":
        100,\n   \"disableLocalAccounts\": false,\n   \"securityProfile\": {},\n   \"storageProfile\":
        {\n    \"diskCSIDriver\": {\n     \"enabled\": true\n    },\n    \"fileCSIDriver\":
        {\n     \"enabled\": true\n    },\n    \"snapshotController\": {\n     \"enabled\":
        true\n    }\n   },\n   \"oidcIssuerProfile\": {\n    \"enabled\": false\n
        \  },\n   \"workloadAutoScalerProfile\": {}\n  },\n  \"sku\": {\n   \"name\":
        \"Base\",\n   \"tier\": \"Free\"\n  }\n }"
    headers:
      cache-control:
      - no-cache
      content-length:
      - '3390'
      content-type:
      - application/json
      date:
      - Sat, 29 Apr 2023 09:39:43 GMT
      expires:
      - '-1'
      pragma:
      - no-cache
      server:
      - nginx
      strict-transport-security:
      - max-age=31536000; includeSubDomains
      transfer-encoding:
      - chunked
      vary:
      - Accept-Encoding
      x-content-type-options:
      - nosniff
    status:
      code: 200
      message: OK
- request:
    body: null
    headers:
      Accept:
      - application/json
      Accept-Encoding:
      - gzip, deflate
      CommandName:
      - aks wait
      Connection:
      - keep-alive
      ParameterSetName:
      - -g -n --created
      User-Agent:
      - AZURECLI/2.48.1 azsdk-python-azure-mgmt-containerservice/22.1.0 Python/3.8.10
        (Linux-5.15.0-1033-azure-x86_64-with-glibc2.29)
    method: GET
    uri: https://management.azure.com/subscriptions/00000000-0000-0000-0000-000000000000/resourceGroups/clitest000001/providers/Microsoft.ContainerService/managedClusters/cliakstest000001?api-version=2023-04-01
  response:
    body:
      string: "{\n  \"id\": \"/subscriptions/00000000-0000-0000-0000-000000000000/resourcegroups/clitest000001/providers/Microsoft.ContainerService/managedClusters/cliakstest000001\",\n
        \ \"location\": \"westus2\",\n  \"name\": \"cliakstest000001\",\n  \"tags\":
        {\n   \"scenario_test\": \"\"\n  },\n  \"type\": \"Microsoft.ContainerService/ManagedClusters\",\n
        \ \"properties\": {\n   \"provisioningState\": \"Creating\",\n   \"powerState\":
        {\n    \"code\": \"Running\"\n   },\n   \"kubernetesVersion\": \"1.25.6\",\n
        \  \"currentKubernetesVersion\": \"1.25.6\",\n   \"dnsPrefix\": \"cliaksdns000002\",\n
        \  \"fqdn\": \"cliaksdns000002-dd4p0faz.hcp.westus2.azmk8s.io\",\n   \"azurePortalFQDN\":
        \"cliaksdns000002-dd4p0faz.portal.hcp.westus2.azmk8s.io\",\n   \"agentPoolProfiles\":
        [\n    {\n     \"name\": \"nodepool1\",\n     \"count\": 1,\n     \"vmSize\":
        \"Standard_DS2_v2\",\n     \"osDiskSizeGB\": 128,\n     \"osDiskType\": \"Managed\",\n
        \    \"kubeletDiskType\": \"OS\",\n     \"maxPods\": 110,\n     \"type\":
        \"VirtualMachineScaleSets\",\n     \"enableAutoScaling\": false,\n     \"provisioningState\":
        \"Creating\",\n     \"powerState\": {\n      \"code\": \"Running\"\n     },\n
        \    \"orchestratorVersion\": \"1.25.6\",\n     \"currentOrchestratorVersion\":
        \"1.25.6\",\n     \"enableNodePublicIP\": false,\n     \"mode\": \"System\",\n
        \    \"enableEncryptionAtHost\": false,\n     \"enableUltraSSD\": false,\n
        \    \"osType\": \"Linux\",\n     \"osSKU\": \"Ubuntu\",\n     \"nodeImageVersion\":
        \"AKSUbuntu-2204gen2containerd-202304.10.0\",\n     \"upgradeSettings\": {},\n
        \    \"enableFIPS\": false\n    }\n   ],\n   \"linuxProfile\": {\n    \"adminUsername\":
        \"azureuser\",\n    \"ssh\": {\n     \"publicKeys\": [\n      {\n       \"keyData\":
        \"ssh-rsa AAAAB3NzaC1yc2EAAAADAQABAAABAQCvBk9v4/Qo7XJWIY7AItmm8ohKhV9Y2z/SA5RKWk4BUCpK4ElHu8ia+QREfb7nmO5LtydRi7glVKNjUWUeaSC1PTmk2Z421whqvLRgF6XquFUcEC+VZG54EiS7j6hc2G3Af76vCZQQIQ7fKB8gngJXVb4QjbKVkoORamBKaSQ5MoAPF9GeSPfDesETM/jcE60BguHKjSTXhfsvgs6/iuUSPQ7duXwFtlpQy8WwA6ymGj4ehF0y8NXP6fjEajHDhPjPDkyuKBFTScflrLRryURmRyyICLt40vd+gaiyYCmREJxZNT/7J1pKmlpLNJejqDgXJ97xeyv4flTL7XRSgWV5
        azcli_aks_live_test@example.com\\n\"\n      }\n     ]\n    }\n   },\n   \"servicePrincipalProfile\":
        {\n    \"clientId\":\"00000000-0000-0000-0000-000000000001\"\n   },\n   \"nodeResourceGroup\":
        \"MC_clitest000001_cliakstest000001_westus2\",\n   \"enableRBAC\": true,\n
        \  \"enableLTS\": \"KubernetesOfficial\",\n   \"networkProfile\": {\n    \"networkPlugin\":
        \"kubenet\",\n    \"loadBalancerSku\": \"standard\",\n    \"loadBalancerProfile\":
        {\n     \"managedOutboundIPs\": {\n      \"count\": 1\n     },\n     \"effectiveOutboundIPs\":
        [\n      {\n       \"id\": \"/subscriptions/00000000-0000-0000-0000-000000000000/resourceGroups/MC_clitest000001_cliakstest000001_westus2/providers/Microsoft.Network/publicIPAddresses/97f4ad21-6adf-495f-bf5e-a811e6225810\"\n
        \     }\n     ]\n    },\n    \"podCidr\": \"10.244.0.0/16\",\n    \"serviceCidr\":
        \"10.0.0.0/16\",\n    \"dnsServiceIP\": \"10.0.0.10\",\n    \"dockerBridgeCidr\":
        \"172.17.0.1/16\",\n    \"outboundType\": \"loadBalancer\",\n    \"podCidrs\":
        [\n     \"10.244.0.0/16\"\n    ],\n    \"serviceCidrs\": [\n     \"10.0.0.0/16\"\n
        \   ],\n    \"ipFamilies\": [\n     \"IPv4\"\n    ]\n   },\n   \"maxAgentPools\":
        100,\n   \"disableLocalAccounts\": false,\n   \"securityProfile\": {},\n   \"storageProfile\":
        {\n    \"diskCSIDriver\": {\n     \"enabled\": true\n    },\n    \"fileCSIDriver\":
        {\n     \"enabled\": true\n    },\n    \"snapshotController\": {\n     \"enabled\":
        true\n    }\n   },\n   \"oidcIssuerProfile\": {\n    \"enabled\": false\n
        \  },\n   \"workloadAutoScalerProfile\": {}\n  },\n  \"sku\": {\n   \"name\":
        \"Base\",\n   \"tier\": \"Free\"\n  }\n }"
    headers:
      cache-control:
      - no-cache
      content-length:
      - '3390'
      content-type:
      - application/json
      date:
      - Sat, 29 Apr 2023 09:40:14 GMT
      expires:
      - '-1'
      pragma:
      - no-cache
      server:
      - nginx
      strict-transport-security:
      - max-age=31536000; includeSubDomains
      transfer-encoding:
      - chunked
      vary:
      - Accept-Encoding
      x-content-type-options:
      - nosniff
    status:
      code: 200
      message: OK
- request:
    body: null
    headers:
      Accept:
      - application/json
      Accept-Encoding:
      - gzip, deflate
      CommandName:
      - aks wait
      Connection:
      - keep-alive
      ParameterSetName:
      - -g -n --created
      User-Agent:
      - AZURECLI/2.48.1 azsdk-python-azure-mgmt-containerservice/22.1.0 Python/3.8.10
        (Linux-5.15.0-1033-azure-x86_64-with-glibc2.29)
    method: GET
    uri: https://management.azure.com/subscriptions/00000000-0000-0000-0000-000000000000/resourceGroups/clitest000001/providers/Microsoft.ContainerService/managedClusters/cliakstest000001?api-version=2023-04-01
  response:
    body:
      string: "{\n  \"id\": \"/subscriptions/00000000-0000-0000-0000-000000000000/resourcegroups/clitest000001/providers/Microsoft.ContainerService/managedClusters/cliakstest000001\",\n
        \ \"location\": \"westus2\",\n  \"name\": \"cliakstest000001\",\n  \"tags\":
        {\n   \"scenario_test\": \"\"\n  },\n  \"type\": \"Microsoft.ContainerService/ManagedClusters\",\n
        \ \"properties\": {\n   \"provisioningState\": \"Creating\",\n   \"powerState\":
        {\n    \"code\": \"Running\"\n   },\n   \"kubernetesVersion\": \"1.25.6\",\n
        \  \"currentKubernetesVersion\": \"1.25.6\",\n   \"dnsPrefix\": \"cliaksdns000002\",\n
        \  \"fqdn\": \"cliaksdns000002-dd4p0faz.hcp.westus2.azmk8s.io\",\n   \"azurePortalFQDN\":
        \"cliaksdns000002-dd4p0faz.portal.hcp.westus2.azmk8s.io\",\n   \"agentPoolProfiles\":
        [\n    {\n     \"name\": \"nodepool1\",\n     \"count\": 1,\n     \"vmSize\":
        \"Standard_DS2_v2\",\n     \"osDiskSizeGB\": 128,\n     \"osDiskType\": \"Managed\",\n
        \    \"kubeletDiskType\": \"OS\",\n     \"maxPods\": 110,\n     \"type\":
        \"VirtualMachineScaleSets\",\n     \"enableAutoScaling\": false,\n     \"provisioningState\":
        \"Creating\",\n     \"powerState\": {\n      \"code\": \"Running\"\n     },\n
        \    \"orchestratorVersion\": \"1.25.6\",\n     \"currentOrchestratorVersion\":
        \"1.25.6\",\n     \"enableNodePublicIP\": false,\n     \"mode\": \"System\",\n
        \    \"enableEncryptionAtHost\": false,\n     \"enableUltraSSD\": false,\n
        \    \"osType\": \"Linux\",\n     \"osSKU\": \"Ubuntu\",\n     \"nodeImageVersion\":
        \"AKSUbuntu-2204gen2containerd-202304.10.0\",\n     \"upgradeSettings\": {},\n
        \    \"enableFIPS\": false\n    }\n   ],\n   \"linuxProfile\": {\n    \"adminUsername\":
        \"azureuser\",\n    \"ssh\": {\n     \"publicKeys\": [\n      {\n       \"keyData\":
        \"ssh-rsa AAAAB3NzaC1yc2EAAAADAQABAAABAQCvBk9v4/Qo7XJWIY7AItmm8ohKhV9Y2z/SA5RKWk4BUCpK4ElHu8ia+QREfb7nmO5LtydRi7glVKNjUWUeaSC1PTmk2Z421whqvLRgF6XquFUcEC+VZG54EiS7j6hc2G3Af76vCZQQIQ7fKB8gngJXVb4QjbKVkoORamBKaSQ5MoAPF9GeSPfDesETM/jcE60BguHKjSTXhfsvgs6/iuUSPQ7duXwFtlpQy8WwA6ymGj4ehF0y8NXP6fjEajHDhPjPDkyuKBFTScflrLRryURmRyyICLt40vd+gaiyYCmREJxZNT/7J1pKmlpLNJejqDgXJ97xeyv4flTL7XRSgWV5
        azcli_aks_live_test@example.com\\n\"\n      }\n     ]\n    }\n   },\n   \"servicePrincipalProfile\":
        {\n    \"clientId\":\"00000000-0000-0000-0000-000000000001\"\n   },\n   \"nodeResourceGroup\":
        \"MC_clitest000001_cliakstest000001_westus2\",\n   \"enableRBAC\": true,\n
        \  \"enableLTS\": \"KubernetesOfficial\",\n   \"networkProfile\": {\n    \"networkPlugin\":
        \"kubenet\",\n    \"loadBalancerSku\": \"standard\",\n    \"loadBalancerProfile\":
        {\n     \"managedOutboundIPs\": {\n      \"count\": 1\n     },\n     \"effectiveOutboundIPs\":
        [\n      {\n       \"id\": \"/subscriptions/00000000-0000-0000-0000-000000000000/resourceGroups/MC_clitest000001_cliakstest000001_westus2/providers/Microsoft.Network/publicIPAddresses/97f4ad21-6adf-495f-bf5e-a811e6225810\"\n
        \     }\n     ]\n    },\n    \"podCidr\": \"10.244.0.0/16\",\n    \"serviceCidr\":
        \"10.0.0.0/16\",\n    \"dnsServiceIP\": \"10.0.0.10\",\n    \"dockerBridgeCidr\":
        \"172.17.0.1/16\",\n    \"outboundType\": \"loadBalancer\",\n    \"podCidrs\":
        [\n     \"10.244.0.0/16\"\n    ],\n    \"serviceCidrs\": [\n     \"10.0.0.0/16\"\n
        \   ],\n    \"ipFamilies\": [\n     \"IPv4\"\n    ]\n   },\n   \"maxAgentPools\":
        100,\n   \"disableLocalAccounts\": false,\n   \"securityProfile\": {},\n   \"storageProfile\":
        {\n    \"diskCSIDriver\": {\n     \"enabled\": true\n    },\n    \"fileCSIDriver\":
        {\n     \"enabled\": true\n    },\n    \"snapshotController\": {\n     \"enabled\":
        true\n    }\n   },\n   \"oidcIssuerProfile\": {\n    \"enabled\": false\n
        \  },\n   \"workloadAutoScalerProfile\": {}\n  },\n  \"sku\": {\n   \"name\":
        \"Base\",\n   \"tier\": \"Free\"\n  }\n }"
    headers:
      cache-control:
      - no-cache
      content-length:
      - '3390'
      content-type:
      - application/json
      date:
      - Sat, 29 Apr 2023 09:40:45 GMT
      expires:
      - '-1'
      pragma:
      - no-cache
      server:
      - nginx
      strict-transport-security:
      - max-age=31536000; includeSubDomains
      transfer-encoding:
      - chunked
      vary:
      - Accept-Encoding
      x-content-type-options:
      - nosniff
    status:
      code: 200
      message: OK
- request:
    body: null
    headers:
      Accept:
      - application/json
      Accept-Encoding:
      - gzip, deflate
      CommandName:
      - aks wait
      Connection:
      - keep-alive
      ParameterSetName:
      - -g -n --created
      User-Agent:
      - AZURECLI/2.48.1 azsdk-python-azure-mgmt-containerservice/22.1.0 Python/3.8.10
        (Linux-5.15.0-1033-azure-x86_64-with-glibc2.29)
    method: GET
    uri: https://management.azure.com/subscriptions/00000000-0000-0000-0000-000000000000/resourceGroups/clitest000001/providers/Microsoft.ContainerService/managedClusters/cliakstest000001?api-version=2023-04-01
  response:
    body:
      string: "{\n  \"id\": \"/subscriptions/00000000-0000-0000-0000-000000000000/resourcegroups/clitest000001/providers/Microsoft.ContainerService/managedClusters/cliakstest000001\",\n
        \ \"location\": \"westus2\",\n  \"name\": \"cliakstest000001\",\n  \"tags\":
        {\n   \"scenario_test\": \"\"\n  },\n  \"type\": \"Microsoft.ContainerService/ManagedClusters\",\n
        \ \"properties\": {\n   \"provisioningState\": \"Creating\",\n   \"powerState\":
        {\n    \"code\": \"Running\"\n   },\n   \"kubernetesVersion\": \"1.25.6\",\n
        \  \"currentKubernetesVersion\": \"1.25.6\",\n   \"dnsPrefix\": \"cliaksdns000002\",\n
        \  \"fqdn\": \"cliaksdns000002-dd4p0faz.hcp.westus2.azmk8s.io\",\n   \"azurePortalFQDN\":
        \"cliaksdns000002-dd4p0faz.portal.hcp.westus2.azmk8s.io\",\n   \"agentPoolProfiles\":
        [\n    {\n     \"name\": \"nodepool1\",\n     \"count\": 1,\n     \"vmSize\":
        \"Standard_DS2_v2\",\n     \"osDiskSizeGB\": 128,\n     \"osDiskType\": \"Managed\",\n
        \    \"kubeletDiskType\": \"OS\",\n     \"maxPods\": 110,\n     \"type\":
        \"VirtualMachineScaleSets\",\n     \"enableAutoScaling\": false,\n     \"provisioningState\":
        \"Creating\",\n     \"powerState\": {\n      \"code\": \"Running\"\n     },\n
        \    \"orchestratorVersion\": \"1.25.6\",\n     \"currentOrchestratorVersion\":
        \"1.25.6\",\n     \"enableNodePublicIP\": false,\n     \"mode\": \"System\",\n
        \    \"enableEncryptionAtHost\": false,\n     \"enableUltraSSD\": false,\n
        \    \"osType\": \"Linux\",\n     \"osSKU\": \"Ubuntu\",\n     \"nodeImageVersion\":
        \"AKSUbuntu-2204gen2containerd-202304.10.0\",\n     \"upgradeSettings\": {},\n
        \    \"enableFIPS\": false\n    }\n   ],\n   \"linuxProfile\": {\n    \"adminUsername\":
        \"azureuser\",\n    \"ssh\": {\n     \"publicKeys\": [\n      {\n       \"keyData\":
        \"ssh-rsa AAAAB3NzaC1yc2EAAAADAQABAAABAQCvBk9v4/Qo7XJWIY7AItmm8ohKhV9Y2z/SA5RKWk4BUCpK4ElHu8ia+QREfb7nmO5LtydRi7glVKNjUWUeaSC1PTmk2Z421whqvLRgF6XquFUcEC+VZG54EiS7j6hc2G3Af76vCZQQIQ7fKB8gngJXVb4QjbKVkoORamBKaSQ5MoAPF9GeSPfDesETM/jcE60BguHKjSTXhfsvgs6/iuUSPQ7duXwFtlpQy8WwA6ymGj4ehF0y8NXP6fjEajHDhPjPDkyuKBFTScflrLRryURmRyyICLt40vd+gaiyYCmREJxZNT/7J1pKmlpLNJejqDgXJ97xeyv4flTL7XRSgWV5
        azcli_aks_live_test@example.com\\n\"\n      }\n     ]\n    }\n   },\n   \"servicePrincipalProfile\":
        {\n    \"clientId\":\"00000000-0000-0000-0000-000000000001\"\n   },\n   \"nodeResourceGroup\":
        \"MC_clitest000001_cliakstest000001_westus2\",\n   \"enableRBAC\": true,\n
        \  \"enableLTS\": \"KubernetesOfficial\",\n   \"networkProfile\": {\n    \"networkPlugin\":
        \"kubenet\",\n    \"loadBalancerSku\": \"standard\",\n    \"loadBalancerProfile\":
        {\n     \"managedOutboundIPs\": {\n      \"count\": 1\n     },\n     \"effectiveOutboundIPs\":
        [\n      {\n       \"id\": \"/subscriptions/00000000-0000-0000-0000-000000000000/resourceGroups/MC_clitest000001_cliakstest000001_westus2/providers/Microsoft.Network/publicIPAddresses/97f4ad21-6adf-495f-bf5e-a811e6225810\"\n
        \     }\n     ]\n    },\n    \"podCidr\": \"10.244.0.0/16\",\n    \"serviceCidr\":
        \"10.0.0.0/16\",\n    \"dnsServiceIP\": \"10.0.0.10\",\n    \"dockerBridgeCidr\":
        \"172.17.0.1/16\",\n    \"outboundType\": \"loadBalancer\",\n    \"podCidrs\":
        [\n     \"10.244.0.0/16\"\n    ],\n    \"serviceCidrs\": [\n     \"10.0.0.0/16\"\n
        \   ],\n    \"ipFamilies\": [\n     \"IPv4\"\n    ]\n   },\n   \"maxAgentPools\":
        100,\n   \"disableLocalAccounts\": false,\n   \"securityProfile\": {},\n   \"storageProfile\":
        {\n    \"diskCSIDriver\": {\n     \"enabled\": true\n    },\n    \"fileCSIDriver\":
        {\n     \"enabled\": true\n    },\n    \"snapshotController\": {\n     \"enabled\":
        true\n    }\n   },\n   \"oidcIssuerProfile\": {\n    \"enabled\": false\n
        \  },\n   \"workloadAutoScalerProfile\": {}\n  },\n  \"sku\": {\n   \"name\":
        \"Base\",\n   \"tier\": \"Free\"\n  }\n }"
    headers:
      cache-control:
      - no-cache
      content-length:
      - '3390'
      content-type:
      - application/json
      date:
      - Sat, 29 Apr 2023 09:41:15 GMT
      expires:
      - '-1'
      pragma:
      - no-cache
      server:
      - nginx
      strict-transport-security:
      - max-age=31536000; includeSubDomains
      transfer-encoding:
      - chunked
      vary:
      - Accept-Encoding
      x-content-type-options:
      - nosniff
    status:
      code: 200
      message: OK
- request:
    body: null
    headers:
      Accept:
      - application/json
      Accept-Encoding:
      - gzip, deflate
      CommandName:
      - aks wait
      Connection:
      - keep-alive
      ParameterSetName:
      - -g -n --created
      User-Agent:
      - AZURECLI/2.48.1 azsdk-python-azure-mgmt-containerservice/22.1.0 Python/3.8.10
        (Linux-5.15.0-1033-azure-x86_64-with-glibc2.29)
    method: GET
    uri: https://management.azure.com/subscriptions/00000000-0000-0000-0000-000000000000/resourceGroups/clitest000001/providers/Microsoft.ContainerService/managedClusters/cliakstest000001?api-version=2023-04-01
  response:
    body:
      string: "{\n  \"id\": \"/subscriptions/00000000-0000-0000-0000-000000000000/resourcegroups/clitest000001/providers/Microsoft.ContainerService/managedClusters/cliakstest000001\",\n
        \ \"location\": \"westus2\",\n  \"name\": \"cliakstest000001\",\n  \"tags\":
        {\n   \"scenario_test\": \"\"\n  },\n  \"type\": \"Microsoft.ContainerService/ManagedClusters\",\n
        \ \"properties\": {\n   \"provisioningState\": \"Creating\",\n   \"powerState\":
        {\n    \"code\": \"Running\"\n   },\n   \"kubernetesVersion\": \"1.25.6\",\n
        \  \"currentKubernetesVersion\": \"1.25.6\",\n   \"dnsPrefix\": \"cliaksdns000002\",\n
        \  \"fqdn\": \"cliaksdns000002-dd4p0faz.hcp.westus2.azmk8s.io\",\n   \"azurePortalFQDN\":
        \"cliaksdns000002-dd4p0faz.portal.hcp.westus2.azmk8s.io\",\n   \"agentPoolProfiles\":
        [\n    {\n     \"name\": \"nodepool1\",\n     \"count\": 1,\n     \"vmSize\":
        \"Standard_DS2_v2\",\n     \"osDiskSizeGB\": 128,\n     \"osDiskType\": \"Managed\",\n
        \    \"kubeletDiskType\": \"OS\",\n     \"maxPods\": 110,\n     \"type\":
        \"VirtualMachineScaleSets\",\n     \"enableAutoScaling\": false,\n     \"provisioningState\":
        \"Creating\",\n     \"powerState\": {\n      \"code\": \"Running\"\n     },\n
        \    \"orchestratorVersion\": \"1.25.6\",\n     \"currentOrchestratorVersion\":
        \"1.25.6\",\n     \"enableNodePublicIP\": false,\n     \"mode\": \"System\",\n
        \    \"enableEncryptionAtHost\": false,\n     \"enableUltraSSD\": false,\n
        \    \"osType\": \"Linux\",\n     \"osSKU\": \"Ubuntu\",\n     \"nodeImageVersion\":
        \"AKSUbuntu-2204gen2containerd-202304.10.0\",\n     \"upgradeSettings\": {},\n
        \    \"enableFIPS\": false\n    }\n   ],\n   \"linuxProfile\": {\n    \"adminUsername\":
        \"azureuser\",\n    \"ssh\": {\n     \"publicKeys\": [\n      {\n       \"keyData\":
        \"ssh-rsa AAAAB3NzaC1yc2EAAAADAQABAAABAQCvBk9v4/Qo7XJWIY7AItmm8ohKhV9Y2z/SA5RKWk4BUCpK4ElHu8ia+QREfb7nmO5LtydRi7glVKNjUWUeaSC1PTmk2Z421whqvLRgF6XquFUcEC+VZG54EiS7j6hc2G3Af76vCZQQIQ7fKB8gngJXVb4QjbKVkoORamBKaSQ5MoAPF9GeSPfDesETM/jcE60BguHKjSTXhfsvgs6/iuUSPQ7duXwFtlpQy8WwA6ymGj4ehF0y8NXP6fjEajHDhPjPDkyuKBFTScflrLRryURmRyyICLt40vd+gaiyYCmREJxZNT/7J1pKmlpLNJejqDgXJ97xeyv4flTL7XRSgWV5
        azcli_aks_live_test@example.com\\n\"\n      }\n     ]\n    }\n   },\n   \"servicePrincipalProfile\":
        {\n    \"clientId\":\"00000000-0000-0000-0000-000000000001\"\n   },\n   \"nodeResourceGroup\":
        \"MC_clitest000001_cliakstest000001_westus2\",\n   \"enableRBAC\": true,\n
        \  \"enableLTS\": \"KubernetesOfficial\",\n   \"networkProfile\": {\n    \"networkPlugin\":
        \"kubenet\",\n    \"loadBalancerSku\": \"standard\",\n    \"loadBalancerProfile\":
        {\n     \"managedOutboundIPs\": {\n      \"count\": 1\n     },\n     \"effectiveOutboundIPs\":
        [\n      {\n       \"id\": \"/subscriptions/00000000-0000-0000-0000-000000000000/resourceGroups/MC_clitest000001_cliakstest000001_westus2/providers/Microsoft.Network/publicIPAddresses/97f4ad21-6adf-495f-bf5e-a811e6225810\"\n
        \     }\n     ]\n    },\n    \"podCidr\": \"10.244.0.0/16\",\n    \"serviceCidr\":
        \"10.0.0.0/16\",\n    \"dnsServiceIP\": \"10.0.0.10\",\n    \"dockerBridgeCidr\":
        \"172.17.0.1/16\",\n    \"outboundType\": \"loadBalancer\",\n    \"podCidrs\":
        [\n     \"10.244.0.0/16\"\n    ],\n    \"serviceCidrs\": [\n     \"10.0.0.0/16\"\n
        \   ],\n    \"ipFamilies\": [\n     \"IPv4\"\n    ]\n   },\n   \"maxAgentPools\":
        100,\n   \"disableLocalAccounts\": false,\n   \"securityProfile\": {},\n   \"storageProfile\":
        {\n    \"diskCSIDriver\": {\n     \"enabled\": true\n    },\n    \"fileCSIDriver\":
        {\n     \"enabled\": true\n    },\n    \"snapshotController\": {\n     \"enabled\":
        true\n    }\n   },\n   \"oidcIssuerProfile\": {\n    \"enabled\": false\n
        \  },\n   \"workloadAutoScalerProfile\": {}\n  },\n  \"sku\": {\n   \"name\":
        \"Base\",\n   \"tier\": \"Free\"\n  }\n }"
    headers:
      cache-control:
      - no-cache
      content-length:
      - '3390'
      content-type:
      - application/json
      date:
      - Sat, 29 Apr 2023 09:41:46 GMT
      expires:
      - '-1'
      pragma:
      - no-cache
      server:
      - nginx
      strict-transport-security:
      - max-age=31536000; includeSubDomains
      transfer-encoding:
      - chunked
      vary:
      - Accept-Encoding
      x-content-type-options:
      - nosniff
    status:
      code: 200
      message: OK
- request:
    body: null
    headers:
      Accept:
      - application/json
      Accept-Encoding:
      - gzip, deflate
      CommandName:
      - aks wait
      Connection:
      - keep-alive
      ParameterSetName:
      - -g -n --created
      User-Agent:
      - AZURECLI/2.48.1 azsdk-python-azure-mgmt-containerservice/22.1.0 Python/3.8.10
        (Linux-5.15.0-1033-azure-x86_64-with-glibc2.29)
    method: GET
    uri: https://management.azure.com/subscriptions/00000000-0000-0000-0000-000000000000/resourceGroups/clitest000001/providers/Microsoft.ContainerService/managedClusters/cliakstest000001?api-version=2023-04-01
  response:
    body:
      string: "{\n  \"id\": \"/subscriptions/00000000-0000-0000-0000-000000000000/resourcegroups/clitest000001/providers/Microsoft.ContainerService/managedClusters/cliakstest000001\",\n
        \ \"location\": \"westus2\",\n  \"name\": \"cliakstest000001\",\n  \"tags\":
        {\n   \"scenario_test\": \"\"\n  },\n  \"type\": \"Microsoft.ContainerService/ManagedClusters\",\n
        \ \"properties\": {\n   \"provisioningState\": \"Creating\",\n   \"powerState\":
        {\n    \"code\": \"Running\"\n   },\n   \"kubernetesVersion\": \"1.25.6\",\n
        \  \"currentKubernetesVersion\": \"1.25.6\",\n   \"dnsPrefix\": \"cliaksdns000002\",\n
        \  \"fqdn\": \"cliaksdns000002-dd4p0faz.hcp.westus2.azmk8s.io\",\n   \"azurePortalFQDN\":
        \"cliaksdns000002-dd4p0faz.portal.hcp.westus2.azmk8s.io\",\n   \"agentPoolProfiles\":
        [\n    {\n     \"name\": \"nodepool1\",\n     \"count\": 1,\n     \"vmSize\":
        \"Standard_DS2_v2\",\n     \"osDiskSizeGB\": 128,\n     \"osDiskType\": \"Managed\",\n
        \    \"kubeletDiskType\": \"OS\",\n     \"maxPods\": 110,\n     \"type\":
        \"VirtualMachineScaleSets\",\n     \"enableAutoScaling\": false,\n     \"provisioningState\":
        \"Creating\",\n     \"powerState\": {\n      \"code\": \"Running\"\n     },\n
        \    \"orchestratorVersion\": \"1.25.6\",\n     \"currentOrchestratorVersion\":
        \"1.25.6\",\n     \"enableNodePublicIP\": false,\n     \"mode\": \"System\",\n
        \    \"enableEncryptionAtHost\": false,\n     \"enableUltraSSD\": false,\n
        \    \"osType\": \"Linux\",\n     \"osSKU\": \"Ubuntu\",\n     \"nodeImageVersion\":
        \"AKSUbuntu-2204gen2containerd-202304.10.0\",\n     \"upgradeSettings\": {},\n
        \    \"enableFIPS\": false\n    }\n   ],\n   \"linuxProfile\": {\n    \"adminUsername\":
        \"azureuser\",\n    \"ssh\": {\n     \"publicKeys\": [\n      {\n       \"keyData\":
        \"ssh-rsa AAAAB3NzaC1yc2EAAAADAQABAAABAQCvBk9v4/Qo7XJWIY7AItmm8ohKhV9Y2z/SA5RKWk4BUCpK4ElHu8ia+QREfb7nmO5LtydRi7glVKNjUWUeaSC1PTmk2Z421whqvLRgF6XquFUcEC+VZG54EiS7j6hc2G3Af76vCZQQIQ7fKB8gngJXVb4QjbKVkoORamBKaSQ5MoAPF9GeSPfDesETM/jcE60BguHKjSTXhfsvgs6/iuUSPQ7duXwFtlpQy8WwA6ymGj4ehF0y8NXP6fjEajHDhPjPDkyuKBFTScflrLRryURmRyyICLt40vd+gaiyYCmREJxZNT/7J1pKmlpLNJejqDgXJ97xeyv4flTL7XRSgWV5
        azcli_aks_live_test@example.com\\n\"\n      }\n     ]\n    }\n   },\n   \"servicePrincipalProfile\":
        {\n    \"clientId\":\"00000000-0000-0000-0000-000000000001\"\n   },\n   \"nodeResourceGroup\":
        \"MC_clitest000001_cliakstest000001_westus2\",\n   \"enableRBAC\": true,\n
        \  \"enableLTS\": \"KubernetesOfficial\",\n   \"networkProfile\": {\n    \"networkPlugin\":
        \"kubenet\",\n    \"loadBalancerSku\": \"standard\",\n    \"loadBalancerProfile\":
        {\n     \"managedOutboundIPs\": {\n      \"count\": 1\n     },\n     \"effectiveOutboundIPs\":
        [\n      {\n       \"id\": \"/subscriptions/00000000-0000-0000-0000-000000000000/resourceGroups/MC_clitest000001_cliakstest000001_westus2/providers/Microsoft.Network/publicIPAddresses/97f4ad21-6adf-495f-bf5e-a811e6225810\"\n
        \     }\n     ]\n    },\n    \"podCidr\": \"10.244.0.0/16\",\n    \"serviceCidr\":
        \"10.0.0.0/16\",\n    \"dnsServiceIP\": \"10.0.0.10\",\n    \"dockerBridgeCidr\":
        \"172.17.0.1/16\",\n    \"outboundType\": \"loadBalancer\",\n    \"podCidrs\":
        [\n     \"10.244.0.0/16\"\n    ],\n    \"serviceCidrs\": [\n     \"10.0.0.0/16\"\n
        \   ],\n    \"ipFamilies\": [\n     \"IPv4\"\n    ]\n   },\n   \"maxAgentPools\":
        100,\n   \"disableLocalAccounts\": false,\n   \"securityProfile\": {},\n   \"storageProfile\":
        {\n    \"diskCSIDriver\": {\n     \"enabled\": true\n    },\n    \"fileCSIDriver\":
        {\n     \"enabled\": true\n    },\n    \"snapshotController\": {\n     \"enabled\":
        true\n    }\n   },\n   \"oidcIssuerProfile\": {\n    \"enabled\": false\n
        \  },\n   \"workloadAutoScalerProfile\": {}\n  },\n  \"sku\": {\n   \"name\":
        \"Base\",\n   \"tier\": \"Free\"\n  }\n }"
    headers:
      cache-control:
      - no-cache
      content-length:
      - '3390'
      content-type:
      - application/json
      date:
      - Sat, 29 Apr 2023 09:42:16 GMT
      expires:
      - '-1'
      pragma:
      - no-cache
      server:
      - nginx
      strict-transport-security:
      - max-age=31536000; includeSubDomains
      transfer-encoding:
      - chunked
      vary:
      - Accept-Encoding
      x-content-type-options:
      - nosniff
    status:
      code: 200
      message: OK
- request:
    body: null
    headers:
      Accept:
      - application/json
      Accept-Encoding:
      - gzip, deflate
      CommandName:
      - aks wait
      Connection:
      - keep-alive
      ParameterSetName:
      - -g -n --created
      User-Agent:
      - AZURECLI/2.48.1 azsdk-python-azure-mgmt-containerservice/22.1.0 Python/3.8.10
        (Linux-5.15.0-1033-azure-x86_64-with-glibc2.29)
    method: GET
    uri: https://management.azure.com/subscriptions/00000000-0000-0000-0000-000000000000/resourceGroups/clitest000001/providers/Microsoft.ContainerService/managedClusters/cliakstest000001?api-version=2023-04-01
  response:
    body:
      string: "{\n  \"id\": \"/subscriptions/00000000-0000-0000-0000-000000000000/resourcegroups/clitest000001/providers/Microsoft.ContainerService/managedClusters/cliakstest000001\",\n
        \ \"location\": \"westus2\",\n  \"name\": \"cliakstest000001\",\n  \"tags\":
        {\n   \"scenario_test\": \"\"\n  },\n  \"type\": \"Microsoft.ContainerService/ManagedClusters\",\n
        \ \"properties\": {\n   \"provisioningState\": \"Creating\",\n   \"powerState\":
        {\n    \"code\": \"Running\"\n   },\n   \"kubernetesVersion\": \"1.25.6\",\n
        \  \"currentKubernetesVersion\": \"1.25.6\",\n   \"dnsPrefix\": \"cliaksdns000002\",\n
        \  \"fqdn\": \"cliaksdns000002-dd4p0faz.hcp.westus2.azmk8s.io\",\n   \"azurePortalFQDN\":
        \"cliaksdns000002-dd4p0faz.portal.hcp.westus2.azmk8s.io\",\n   \"agentPoolProfiles\":
        [\n    {\n     \"name\": \"nodepool1\",\n     \"count\": 1,\n     \"vmSize\":
        \"Standard_DS2_v2\",\n     \"osDiskSizeGB\": 128,\n     \"osDiskType\": \"Managed\",\n
        \    \"kubeletDiskType\": \"OS\",\n     \"maxPods\": 110,\n     \"type\":
        \"VirtualMachineScaleSets\",\n     \"enableAutoScaling\": false,\n     \"provisioningState\":
        \"Creating\",\n     \"powerState\": {\n      \"code\": \"Running\"\n     },\n
        \    \"orchestratorVersion\": \"1.25.6\",\n     \"currentOrchestratorVersion\":
        \"1.25.6\",\n     \"enableNodePublicIP\": false,\n     \"mode\": \"System\",\n
        \    \"enableEncryptionAtHost\": false,\n     \"enableUltraSSD\": false,\n
        \    \"osType\": \"Linux\",\n     \"osSKU\": \"Ubuntu\",\n     \"nodeImageVersion\":
        \"AKSUbuntu-2204gen2containerd-202304.10.0\",\n     \"upgradeSettings\": {},\n
        \    \"enableFIPS\": false\n    }\n   ],\n   \"linuxProfile\": {\n    \"adminUsername\":
        \"azureuser\",\n    \"ssh\": {\n     \"publicKeys\": [\n      {\n       \"keyData\":
        \"ssh-rsa AAAAB3NzaC1yc2EAAAADAQABAAABAQCvBk9v4/Qo7XJWIY7AItmm8ohKhV9Y2z/SA5RKWk4BUCpK4ElHu8ia+QREfb7nmO5LtydRi7glVKNjUWUeaSC1PTmk2Z421whqvLRgF6XquFUcEC+VZG54EiS7j6hc2G3Af76vCZQQIQ7fKB8gngJXVb4QjbKVkoORamBKaSQ5MoAPF9GeSPfDesETM/jcE60BguHKjSTXhfsvgs6/iuUSPQ7duXwFtlpQy8WwA6ymGj4ehF0y8NXP6fjEajHDhPjPDkyuKBFTScflrLRryURmRyyICLt40vd+gaiyYCmREJxZNT/7J1pKmlpLNJejqDgXJ97xeyv4flTL7XRSgWV5
        azcli_aks_live_test@example.com\\n\"\n      }\n     ]\n    }\n   },\n   \"servicePrincipalProfile\":
        {\n    \"clientId\":\"00000000-0000-0000-0000-000000000001\"\n   },\n   \"nodeResourceGroup\":
        \"MC_clitest000001_cliakstest000001_westus2\",\n   \"enableRBAC\": true,\n
        \  \"enableLTS\": \"KubernetesOfficial\",\n   \"networkProfile\": {\n    \"networkPlugin\":
        \"kubenet\",\n    \"loadBalancerSku\": \"standard\",\n    \"loadBalancerProfile\":
        {\n     \"managedOutboundIPs\": {\n      \"count\": 1\n     },\n     \"effectiveOutboundIPs\":
        [\n      {\n       \"id\": \"/subscriptions/00000000-0000-0000-0000-000000000000/resourceGroups/MC_clitest000001_cliakstest000001_westus2/providers/Microsoft.Network/publicIPAddresses/97f4ad21-6adf-495f-bf5e-a811e6225810\"\n
        \     }\n     ]\n    },\n    \"podCidr\": \"10.244.0.0/16\",\n    \"serviceCidr\":
        \"10.0.0.0/16\",\n    \"dnsServiceIP\": \"10.0.0.10\",\n    \"dockerBridgeCidr\":
        \"172.17.0.1/16\",\n    \"outboundType\": \"loadBalancer\",\n    \"podCidrs\":
        [\n     \"10.244.0.0/16\"\n    ],\n    \"serviceCidrs\": [\n     \"10.0.0.0/16\"\n
        \   ],\n    \"ipFamilies\": [\n     \"IPv4\"\n    ]\n   },\n   \"maxAgentPools\":
        100,\n   \"disableLocalAccounts\": false,\n   \"securityProfile\": {},\n   \"storageProfile\":
        {\n    \"diskCSIDriver\": {\n     \"enabled\": true\n    },\n    \"fileCSIDriver\":
        {\n     \"enabled\": true\n    },\n    \"snapshotController\": {\n     \"enabled\":
        true\n    }\n   },\n   \"oidcIssuerProfile\": {\n    \"enabled\": false\n
        \  },\n   \"workloadAutoScalerProfile\": {}\n  },\n  \"sku\": {\n   \"name\":
        \"Base\",\n   \"tier\": \"Free\"\n  }\n }"
    headers:
      cache-control:
      - no-cache
      content-length:
      - '3390'
      content-type:
      - application/json
      date:
      - Sat, 29 Apr 2023 09:42:46 GMT
      expires:
      - '-1'
      pragma:
      - no-cache
      server:
      - nginx
      strict-transport-security:
      - max-age=31536000; includeSubDomains
      transfer-encoding:
      - chunked
      vary:
      - Accept-Encoding
      x-content-type-options:
      - nosniff
    status:
      code: 200
      message: OK
- request:
    body: null
    headers:
      Accept:
      - application/json
      Accept-Encoding:
      - gzip, deflate
      CommandName:
      - aks wait
      Connection:
      - keep-alive
      ParameterSetName:
      - -g -n --created
      User-Agent:
      - AZURECLI/2.48.1 azsdk-python-azure-mgmt-containerservice/22.1.0 Python/3.8.10
        (Linux-5.15.0-1033-azure-x86_64-with-glibc2.29)
    method: GET
    uri: https://management.azure.com/subscriptions/00000000-0000-0000-0000-000000000000/resourceGroups/clitest000001/providers/Microsoft.ContainerService/managedClusters/cliakstest000001?api-version=2023-04-01
  response:
    body:
      string: "{\n  \"id\": \"/subscriptions/00000000-0000-0000-0000-000000000000/resourcegroups/clitest000001/providers/Microsoft.ContainerService/managedClusters/cliakstest000001\",\n
        \ \"location\": \"westus2\",\n  \"name\": \"cliakstest000001\",\n  \"tags\":
        {\n   \"scenario_test\": \"\"\n  },\n  \"type\": \"Microsoft.ContainerService/ManagedClusters\",\n
        \ \"properties\": {\n   \"provisioningState\": \"Creating\",\n   \"powerState\":
        {\n    \"code\": \"Running\"\n   },\n   \"kubernetesVersion\": \"1.25.6\",\n
        \  \"currentKubernetesVersion\": \"1.25.6\",\n   \"dnsPrefix\": \"cliaksdns000002\",\n
        \  \"fqdn\": \"cliaksdns000002-dd4p0faz.hcp.westus2.azmk8s.io\",\n   \"azurePortalFQDN\":
        \"cliaksdns000002-dd4p0faz.portal.hcp.westus2.azmk8s.io\",\n   \"agentPoolProfiles\":
        [\n    {\n     \"name\": \"nodepool1\",\n     \"count\": 1,\n     \"vmSize\":
        \"Standard_DS2_v2\",\n     \"osDiskSizeGB\": 128,\n     \"osDiskType\": \"Managed\",\n
        \    \"kubeletDiskType\": \"OS\",\n     \"maxPods\": 110,\n     \"type\":
        \"VirtualMachineScaleSets\",\n     \"enableAutoScaling\": false,\n     \"provisioningState\":
        \"Creating\",\n     \"powerState\": {\n      \"code\": \"Running\"\n     },\n
        \    \"orchestratorVersion\": \"1.25.6\",\n     \"currentOrchestratorVersion\":
        \"1.25.6\",\n     \"enableNodePublicIP\": false,\n     \"mode\": \"System\",\n
        \    \"enableEncryptionAtHost\": false,\n     \"enableUltraSSD\": false,\n
        \    \"osType\": \"Linux\",\n     \"osSKU\": \"Ubuntu\",\n     \"nodeImageVersion\":
        \"AKSUbuntu-2204gen2containerd-202304.10.0\",\n     \"upgradeSettings\": {},\n
        \    \"enableFIPS\": false\n    }\n   ],\n   \"linuxProfile\": {\n    \"adminUsername\":
        \"azureuser\",\n    \"ssh\": {\n     \"publicKeys\": [\n      {\n       \"keyData\":
        \"ssh-rsa AAAAB3NzaC1yc2EAAAADAQABAAABAQCvBk9v4/Qo7XJWIY7AItmm8ohKhV9Y2z/SA5RKWk4BUCpK4ElHu8ia+QREfb7nmO5LtydRi7glVKNjUWUeaSC1PTmk2Z421whqvLRgF6XquFUcEC+VZG54EiS7j6hc2G3Af76vCZQQIQ7fKB8gngJXVb4QjbKVkoORamBKaSQ5MoAPF9GeSPfDesETM/jcE60BguHKjSTXhfsvgs6/iuUSPQ7duXwFtlpQy8WwA6ymGj4ehF0y8NXP6fjEajHDhPjPDkyuKBFTScflrLRryURmRyyICLt40vd+gaiyYCmREJxZNT/7J1pKmlpLNJejqDgXJ97xeyv4flTL7XRSgWV5
        azcli_aks_live_test@example.com\\n\"\n      }\n     ]\n    }\n   },\n   \"servicePrincipalProfile\":
        {\n    \"clientId\":\"00000000-0000-0000-0000-000000000001\"\n   },\n   \"nodeResourceGroup\":
        \"MC_clitest000001_cliakstest000001_westus2\",\n   \"enableRBAC\": true,\n
        \  \"enableLTS\": \"KubernetesOfficial\",\n   \"networkProfile\": {\n    \"networkPlugin\":
        \"kubenet\",\n    \"loadBalancerSku\": \"standard\",\n    \"loadBalancerProfile\":
        {\n     \"managedOutboundIPs\": {\n      \"count\": 1\n     },\n     \"effectiveOutboundIPs\":
        [\n      {\n       \"id\": \"/subscriptions/00000000-0000-0000-0000-000000000000/resourceGroups/MC_clitest000001_cliakstest000001_westus2/providers/Microsoft.Network/publicIPAddresses/97f4ad21-6adf-495f-bf5e-a811e6225810\"\n
        \     }\n     ]\n    },\n    \"podCidr\": \"10.244.0.0/16\",\n    \"serviceCidr\":
        \"10.0.0.0/16\",\n    \"dnsServiceIP\": \"10.0.0.10\",\n    \"dockerBridgeCidr\":
        \"172.17.0.1/16\",\n    \"outboundType\": \"loadBalancer\",\n    \"podCidrs\":
        [\n     \"10.244.0.0/16\"\n    ],\n    \"serviceCidrs\": [\n     \"10.0.0.0/16\"\n
        \   ],\n    \"ipFamilies\": [\n     \"IPv4\"\n    ]\n   },\n   \"maxAgentPools\":
        100,\n   \"disableLocalAccounts\": false,\n   \"securityProfile\": {},\n   \"storageProfile\":
        {\n    \"diskCSIDriver\": {\n     \"enabled\": true\n    },\n    \"fileCSIDriver\":
        {\n     \"enabled\": true\n    },\n    \"snapshotController\": {\n     \"enabled\":
        true\n    }\n   },\n   \"oidcIssuerProfile\": {\n    \"enabled\": false\n
        \  },\n   \"workloadAutoScalerProfile\": {}\n  },\n  \"sku\": {\n   \"name\":
        \"Base\",\n   \"tier\": \"Free\"\n  }\n }"
    headers:
      cache-control:
      - no-cache
      content-length:
      - '3390'
      content-type:
      - application/json
      date:
      - Sat, 29 Apr 2023 09:43:17 GMT
      expires:
      - '-1'
      pragma:
      - no-cache
      server:
      - nginx
      strict-transport-security:
      - max-age=31536000; includeSubDomains
      transfer-encoding:
      - chunked
      vary:
      - Accept-Encoding
      x-content-type-options:
      - nosniff
    status:
      code: 200
      message: OK
- request:
    body: null
    headers:
      Accept:
      - application/json
      Accept-Encoding:
      - gzip, deflate
      CommandName:
      - aks wait
      Connection:
      - keep-alive
      ParameterSetName:
      - -g -n --created
      User-Agent:
      - AZURECLI/2.48.1 azsdk-python-azure-mgmt-containerservice/22.1.0 Python/3.8.10
        (Linux-5.15.0-1033-azure-x86_64-with-glibc2.29)
    method: GET
    uri: https://management.azure.com/subscriptions/00000000-0000-0000-0000-000000000000/resourceGroups/clitest000001/providers/Microsoft.ContainerService/managedClusters/cliakstest000001?api-version=2023-04-01
  response:
    body:
      string: "{\n  \"id\": \"/subscriptions/00000000-0000-0000-0000-000000000000/resourcegroups/clitest000001/providers/Microsoft.ContainerService/managedClusters/cliakstest000001\",\n
        \ \"location\": \"westus2\",\n  \"name\": \"cliakstest000001\",\n  \"tags\":
        {\n   \"scenario_test\": \"\"\n  },\n  \"type\": \"Microsoft.ContainerService/ManagedClusters\",\n
        \ \"properties\": {\n   \"provisioningState\": \"Succeeded\",\n   \"powerState\":
        {\n    \"code\": \"Running\"\n   },\n   \"kubernetesVersion\": \"1.25.6\",\n
        \  \"currentKubernetesVersion\": \"1.25.6\",\n   \"dnsPrefix\": \"cliaksdns000002\",\n
        \  \"fqdn\": \"cliaksdns000002-dd4p0faz.hcp.westus2.azmk8s.io\",\n   \"azurePortalFQDN\":
        \"cliaksdns000002-dd4p0faz.portal.hcp.westus2.azmk8s.io\",\n   \"agentPoolProfiles\":
        [\n    {\n     \"name\": \"nodepool1\",\n     \"count\": 1,\n     \"vmSize\":
        \"Standard_DS2_v2\",\n     \"osDiskSizeGB\": 128,\n     \"osDiskType\": \"Managed\",\n
        \    \"kubeletDiskType\": \"OS\",\n     \"maxPods\": 110,\n     \"type\":
        \"VirtualMachineScaleSets\",\n     \"enableAutoScaling\": false,\n     \"provisioningState\":
        \"Succeeded\",\n     \"powerState\": {\n      \"code\": \"Running\"\n     },\n
        \    \"orchestratorVersion\": \"1.25.6\",\n     \"currentOrchestratorVersion\":
        \"1.25.6\",\n     \"enableNodePublicIP\": false,\n     \"mode\": \"System\",\n
        \    \"enableEncryptionAtHost\": false,\n     \"enableUltraSSD\": false,\n
        \    \"osType\": \"Linux\",\n     \"osSKU\": \"Ubuntu\",\n     \"nodeImageVersion\":
        \"AKSUbuntu-2204gen2containerd-202304.10.0\",\n     \"upgradeSettings\": {},\n
        \    \"enableFIPS\": false\n    }\n   ],\n   \"linuxProfile\": {\n    \"adminUsername\":
        \"azureuser\",\n    \"ssh\": {\n     \"publicKeys\": [\n      {\n       \"keyData\":
        \"ssh-rsa AAAAB3NzaC1yc2EAAAADAQABAAABAQCvBk9v4/Qo7XJWIY7AItmm8ohKhV9Y2z/SA5RKWk4BUCpK4ElHu8ia+QREfb7nmO5LtydRi7glVKNjUWUeaSC1PTmk2Z421whqvLRgF6XquFUcEC+VZG54EiS7j6hc2G3Af76vCZQQIQ7fKB8gngJXVb4QjbKVkoORamBKaSQ5MoAPF9GeSPfDesETM/jcE60BguHKjSTXhfsvgs6/iuUSPQ7duXwFtlpQy8WwA6ymGj4ehF0y8NXP6fjEajHDhPjPDkyuKBFTScflrLRryURmRyyICLt40vd+gaiyYCmREJxZNT/7J1pKmlpLNJejqDgXJ97xeyv4flTL7XRSgWV5
        azcli_aks_live_test@example.com\\n\"\n      }\n     ]\n    }\n   },\n   \"servicePrincipalProfile\":
        {\n    \"clientId\":\"00000000-0000-0000-0000-000000000001\"\n   },\n   \"nodeResourceGroup\":
        \"MC_clitest000001_cliakstest000001_westus2\",\n   \"enableRBAC\": true,\n
        \  \"enableLTS\": \"KubernetesOfficial\",\n   \"networkProfile\": {\n    \"networkPlugin\":
        \"kubenet\",\n    \"loadBalancerSku\": \"Standard\",\n    \"loadBalancerProfile\":
        {\n     \"managedOutboundIPs\": {\n      \"count\": 1\n     },\n     \"effectiveOutboundIPs\":
        [\n      {\n       \"id\": \"/subscriptions/00000000-0000-0000-0000-000000000000/resourceGroups/MC_clitest000001_cliakstest000001_westus2/providers/Microsoft.Network/publicIPAddresses/97f4ad21-6adf-495f-bf5e-a811e6225810\"\n
        \     }\n     ]\n    },\n    \"podCidr\": \"10.244.0.0/16\",\n    \"serviceCidr\":
        \"10.0.0.0/16\",\n    \"dnsServiceIP\": \"10.0.0.10\",\n    \"dockerBridgeCidr\":
        \"172.17.0.1/16\",\n    \"outboundType\": \"loadBalancer\",\n    \"podCidrs\":
        [\n     \"10.244.0.0/16\"\n    ],\n    \"serviceCidrs\": [\n     \"10.0.0.0/16\"\n
        \   ],\n    \"ipFamilies\": [\n     \"IPv4\"\n    ]\n   },\n   \"maxAgentPools\":
        100,\n   \"disableLocalAccounts\": false,\n   \"securityProfile\": {},\n   \"storageProfile\":
        {\n    \"diskCSIDriver\": {\n     \"enabled\": true\n    },\n    \"fileCSIDriver\":
        {\n     \"enabled\": true\n    },\n    \"snapshotController\": {\n     \"enabled\":
        true\n    }\n   },\n   \"oidcIssuerProfile\": {\n    \"enabled\": false\n
        \  },\n   \"workloadAutoScalerProfile\": {}\n  },\n  \"sku\": {\n   \"name\":
        \"Base\",\n   \"tier\": \"Free\"\n  }\n }"
    headers:
      cache-control:
      - no-cache
      content-length:
      - '3392'
      content-type:
      - application/json
      date:
      - Sat, 29 Apr 2023 09:43:47 GMT
      expires:
      - '-1'
      pragma:
      - no-cache
      server:
      - nginx
      strict-transport-security:
      - max-age=31536000; includeSubDomains
      transfer-encoding:
      - chunked
      vary:
      - Accept-Encoding
      x-content-type-options:
      - nosniff
    status:
      code: 200
      message: OK
- request:
    body: null
    headers:
      Accept:
      - application/json
      Accept-Encoding:
      - gzip, deflate
      CommandName:
      - aks show
      Connection:
      - keep-alive
      ParameterSetName:
      - -g -n
      User-Agent:
      - AZURECLI/2.48.1 azsdk-python-azure-mgmt-containerservice/22.1.0 Python/3.8.10
        (Linux-5.15.0-1033-azure-x86_64-with-glibc2.29)
    method: GET
    uri: https://management.azure.com/subscriptions/00000000-0000-0000-0000-000000000000/resourceGroups/clitest000001/providers/Microsoft.ContainerService/managedClusters/cliakstest000001?api-version=2023-04-01
  response:
    body:
      string: "{\n  \"id\": \"/subscriptions/00000000-0000-0000-0000-000000000000/resourcegroups/clitest000001/providers/Microsoft.ContainerService/managedClusters/cliakstest000001\",\n
        \ \"location\": \"westus2\",\n  \"name\": \"cliakstest000001\",\n  \"tags\":
        {\n   \"scenario_test\": \"\"\n  },\n  \"type\": \"Microsoft.ContainerService/ManagedClusters\",\n
        \ \"properties\": {\n   \"provisioningState\": \"Succeeded\",\n   \"powerState\":
        {\n    \"code\": \"Running\"\n   },\n   \"kubernetesVersion\": \"1.25.6\",\n
        \  \"currentKubernetesVersion\": \"1.25.6\",\n   \"dnsPrefix\": \"cliaksdns000002\",\n
        \  \"fqdn\": \"cliaksdns000002-dd4p0faz.hcp.westus2.azmk8s.io\",\n   \"azurePortalFQDN\":
        \"cliaksdns000002-dd4p0faz.portal.hcp.westus2.azmk8s.io\",\n   \"agentPoolProfiles\":
        [\n    {\n     \"name\": \"nodepool1\",\n     \"count\": 1,\n     \"vmSize\":
        \"Standard_DS2_v2\",\n     \"osDiskSizeGB\": 128,\n     \"osDiskType\": \"Managed\",\n
        \    \"kubeletDiskType\": \"OS\",\n     \"maxPods\": 110,\n     \"type\":
        \"VirtualMachineScaleSets\",\n     \"enableAutoScaling\": false,\n     \"provisioningState\":
        \"Succeeded\",\n     \"powerState\": {\n      \"code\": \"Running\"\n     },\n
        \    \"orchestratorVersion\": \"1.25.6\",\n     \"currentOrchestratorVersion\":
        \"1.25.6\",\n     \"enableNodePublicIP\": false,\n     \"mode\": \"System\",\n
        \    \"enableEncryptionAtHost\": false,\n     \"enableUltraSSD\": false,\n
        \    \"osType\": \"Linux\",\n     \"osSKU\": \"Ubuntu\",\n     \"nodeImageVersion\":
        \"AKSUbuntu-2204gen2containerd-202304.10.0\",\n     \"upgradeSettings\": {},\n
        \    \"enableFIPS\": false\n    }\n   ],\n   \"linuxProfile\": {\n    \"adminUsername\":
        \"azureuser\",\n    \"ssh\": {\n     \"publicKeys\": [\n      {\n       \"keyData\":
        \"ssh-rsa AAAAB3NzaC1yc2EAAAADAQABAAABAQCvBk9v4/Qo7XJWIY7AItmm8ohKhV9Y2z/SA5RKWk4BUCpK4ElHu8ia+QREfb7nmO5LtydRi7glVKNjUWUeaSC1PTmk2Z421whqvLRgF6XquFUcEC+VZG54EiS7j6hc2G3Af76vCZQQIQ7fKB8gngJXVb4QjbKVkoORamBKaSQ5MoAPF9GeSPfDesETM/jcE60BguHKjSTXhfsvgs6/iuUSPQ7duXwFtlpQy8WwA6ymGj4ehF0y8NXP6fjEajHDhPjPDkyuKBFTScflrLRryURmRyyICLt40vd+gaiyYCmREJxZNT/7J1pKmlpLNJejqDgXJ97xeyv4flTL7XRSgWV5
        azcli_aks_live_test@example.com\\n\"\n      }\n     ]\n    }\n   },\n   \"servicePrincipalProfile\":
        {\n    \"clientId\":\"00000000-0000-0000-0000-000000000001\"\n   },\n   \"nodeResourceGroup\":
        \"MC_clitest000001_cliakstest000001_westus2\",\n   \"enableRBAC\": true,\n
        \  \"enableLTS\": \"KubernetesOfficial\",\n   \"networkProfile\": {\n    \"networkPlugin\":
        \"kubenet\",\n    \"loadBalancerSku\": \"Standard\",\n    \"loadBalancerProfile\":
        {\n     \"managedOutboundIPs\": {\n      \"count\": 1\n     },\n     \"effectiveOutboundIPs\":
        [\n      {\n       \"id\": \"/subscriptions/00000000-0000-0000-0000-000000000000/resourceGroups/MC_clitest000001_cliakstest000001_westus2/providers/Microsoft.Network/publicIPAddresses/97f4ad21-6adf-495f-bf5e-a811e6225810\"\n
        \     }\n     ]\n    },\n    \"podCidr\": \"10.244.0.0/16\",\n    \"serviceCidr\":
        \"10.0.0.0/16\",\n    \"dnsServiceIP\": \"10.0.0.10\",\n    \"dockerBridgeCidr\":
        \"172.17.0.1/16\",\n    \"outboundType\": \"loadBalancer\",\n    \"podCidrs\":
        [\n     \"10.244.0.0/16\"\n    ],\n    \"serviceCidrs\": [\n     \"10.0.0.0/16\"\n
        \   ],\n    \"ipFamilies\": [\n     \"IPv4\"\n    ]\n   },\n   \"maxAgentPools\":
        100,\n   \"disableLocalAccounts\": false,\n   \"securityProfile\": {},\n   \"storageProfile\":
        {\n    \"diskCSIDriver\": {\n     \"enabled\": true\n    },\n    \"fileCSIDriver\":
        {\n     \"enabled\": true\n    },\n    \"snapshotController\": {\n     \"enabled\":
        true\n    }\n   },\n   \"oidcIssuerProfile\": {\n    \"enabled\": false\n
        \  },\n   \"workloadAutoScalerProfile\": {}\n  },\n  \"sku\": {\n   \"name\":
        \"Base\",\n   \"tier\": \"Free\"\n  }\n }"
    headers:
      cache-control:
      - no-cache
      content-length:
      - '3392'
      content-type:
      - application/json
      date:
      - Sat, 29 Apr 2023 09:43:48 GMT
      expires:
      - '-1'
      pragma:
      - no-cache
      server:
      - nginx
      strict-transport-security:
      - max-age=31536000; includeSubDomains
      transfer-encoding:
      - chunked
      vary:
      - Accept-Encoding
      x-content-type-options:
      - nosniff
    status:
      code: 200
      message: OK
- request:
    body: null
    headers:
      Accept:
      - application/json
      Accept-Encoding:
      - gzip, deflate
      CommandName:
      - aks get-versions
      Connection:
      - keep-alive
      ParameterSetName:
      - -l
      User-Agent:
      - AZURECLI/2.48.1 azsdk-python-azure-mgmt-containerservice/22.1.0 Python/3.8.10
        (Linux-5.15.0-1033-azure-x86_64-with-glibc2.29)
    method: GET
    uri: https://management.azure.com/subscriptions/00000000-0000-0000-0000-000000000000/providers/Microsoft.ContainerService/locations/westus2/kubernetesVersions?api-version=2023-04-01
  response:
    body:
      string: "{\n  \"values\": [\n   {\n    \"version\": \"1.24\",\n    \"capabilities\":
        {\n     \"supportPlan\": [\n      \"KubernetesOfficial\"\n     ]\n    },\n
        \   \"patchVersions\": {\n     \"1.24.10\": {\n      \"upgrades\": [\n       \"1.25.6\",\n
        \      \"1.25.5\"\n      ]\n     },\n     \"1.24.9\": {\n      \"upgrades\":
        [\n       \"1.25.6\",\n       \"1.24.10\",\n       \"1.25.5\"\n      ]\n     }\n
        \   }\n   },\n   {\n    \"version\": \"1.25\",\n    \"capabilities\": {\n
        \    \"supportPlan\": [\n      \"KubernetesOfficial\"\n     ]\n    },\n    \"patchVersions\":
        {\n     \"1.25.5\": {\n      \"upgrades\": [\n       \"1.25.6\",\n       \"1.26.0\",\n
        \      \"1.26.3\"\n      ]\n     },\n     \"1.25.6\": {\n      \"upgrades\":
        [\n       \"1.26.0\",\n       \"1.26.3\"\n      ]\n     }\n    }\n   },\n
        \  {\n    \"version\": \"1.26\",\n    \"capabilities\": {\n     \"supportPlan\":
        [\n      \"KubernetesOfficial\"\n     ]\n    },\n    \"patchVersions\": {\n
        \    \"1.26.0\": {\n      \"upgrades\": [\n       \"1.26.3\"\n      ]\n     },\n
        \    \"1.26.3\": {\n      \"upgrades\": []\n     }\n    }\n   }\n  ]\n }"
    headers:
      cache-control:
      - no-cache
      content-length:
      - '957'
      content-type:
      - application/json
      date:
      - Sat, 29 Apr 2023 09:43:48 GMT
      expires:
      - '-1'
      pragma:
      - no-cache
      server:
      - nginx
      strict-transport-security:
      - max-age=31536000; includeSubDomains
      transfer-encoding:
      - chunked
      vary:
      - Accept-Encoding
      x-content-type-options:
      - nosniff
    status:
      code: 200
      message: OK
- request:
    body: null
    headers:
      Accept:
      - application/json
      Accept-Encoding:
      - gzip, deflate
      CommandName:
      - aks get-versions
      Connection:
      - keep-alive
      ParameterSetName:
      - -l -o
      User-Agent:
      - AZURECLI/2.48.1 azsdk-python-azure-mgmt-containerservice/22.1.0 Python/3.8.10
        (Linux-5.15.0-1033-azure-x86_64-with-glibc2.29)
    method: GET
    uri: https://management.azure.com/subscriptions/00000000-0000-0000-0000-000000000000/providers/Microsoft.ContainerService/locations/westus2/kubernetesVersions?api-version=2023-04-01
  response:
    body:
      string: "{\n  \"values\": [\n   {\n    \"version\": \"1.24\",\n    \"capabilities\":
        {\n     \"supportPlan\": [\n      \"KubernetesOfficial\"\n     ]\n    },\n
        \   \"patchVersions\": {\n     \"1.24.10\": {\n      \"upgrades\": [\n       \"1.25.5\",\n
        \      \"1.25.6\"\n      ]\n     },\n     \"1.24.9\": {\n      \"upgrades\":
        [\n       \"1.24.10\",\n       \"1.25.5\",\n       \"1.25.6\"\n      ]\n     }\n
        \   }\n   },\n   {\n    \"version\": \"1.25\",\n    \"capabilities\": {\n
        \    \"supportPlan\": [\n      \"KubernetesOfficial\"\n     ]\n    },\n    \"patchVersions\":
        {\n     \"1.25.5\": {\n      \"upgrades\": [\n       \"1.25.6\",\n       \"1.26.0\",\n
        \      \"1.26.3\"\n      ]\n     },\n     \"1.25.6\": {\n      \"upgrades\":
        [\n       \"1.26.0\",\n       \"1.26.3\"\n      ]\n     }\n    }\n   },\n
        \  {\n    \"version\": \"1.26\",\n    \"capabilities\": {\n     \"supportPlan\":
        [\n      \"KubernetesOfficial\"\n     ]\n    },\n    \"patchVersions\": {\n
        \    \"1.26.0\": {\n      \"upgrades\": [\n       \"1.26.3\"\n      ]\n     },\n
        \    \"1.26.3\": {\n      \"upgrades\": []\n     }\n    }\n   }\n  ]\n }"
    headers:
      cache-control:
      - no-cache
      content-length:
      - '957'
      content-type:
      - application/json
      date:
      - Sat, 29 Apr 2023 09:43:48 GMT
      expires:
      - '-1'
      pragma:
      - no-cache
      server:
      - nginx
      strict-transport-security:
      - max-age=31536000; includeSubDomains
      transfer-encoding:
      - chunked
      vary:
      - Accept-Encoding
      x-content-type-options:
      - nosniff
    status:
      code: 200
      message: OK
- request:
    body: null
    headers:
      Accept:
      - application/json
      Accept-Encoding:
      - gzip, deflate
      CommandName:
      - aks get-upgrades
      Connection:
      - keep-alive
      ParameterSetName:
      - -g -n
      User-Agent:
      - AZURECLI/2.48.1 azsdk-python-azure-mgmt-containerservice/22.1.0 Python/3.8.10
        (Linux-5.15.0-1033-azure-x86_64-with-glibc2.29)
    method: GET
    uri: https://management.azure.com/subscriptions/00000000-0000-0000-0000-000000000000/resourceGroups/clitest000001/providers/Microsoft.ContainerService/managedClusters/cliakstest000001/upgradeProfiles/default?api-version=2023-04-01
  response:
    body:
      string: "{\n  \"id\": \"/subscriptions/00000000-0000-0000-0000-000000000000/resourcegroups/clitest000001/providers/Microsoft.ContainerService/managedClusters/cliakstest000001/upgradeprofiles/default\",\n
        \ \"name\": \"default\",\n  \"type\": \"Microsoft.ContainerService/managedClusters/upgradeprofiles\",\n
        \ \"properties\": {\n   \"controlPlaneProfile\": {\n    \"kubernetesVersion\":
        \"1.25.6\",\n    \"osType\": \"Linux\",\n    \"upgrades\": [\n     {\n      \"kubernetesVersion\":
        \"1.26.0\"\n     },\n     {\n      \"kubernetesVersion\": \"1.26.3\"\n     }\n
        \   ]\n   },\n   \"agentPoolProfiles\": null\n  }\n }"
    headers:
      cache-control:
      - no-cache
      content-length:
      - '551'
      content-type:
      - application/json
      date:
      - Sat, 29 Apr 2023 09:43:49 GMT
      expires:
      - '-1'
      pragma:
      - no-cache
      server:
      - nginx
      strict-transport-security:
      - max-age=31536000; includeSubDomains
      transfer-encoding:
      - chunked
      vary:
      - Accept-Encoding
      x-content-type-options:
      - nosniff
    status:
      code: 200
      message: OK
- request:
    body: null
    headers:
      Accept:
      - application/json
      Accept-Encoding:
      - gzip, deflate
      CommandName:
      - aks get-upgrades
      Connection:
      - keep-alive
      ParameterSetName:
      - -g -n --output
      User-Agent:
      - AZURECLI/2.48.1 azsdk-python-azure-mgmt-containerservice/22.1.0 Python/3.8.10
        (Linux-5.15.0-1033-azure-x86_64-with-glibc2.29)
    method: GET
    uri: https://management.azure.com/subscriptions/00000000-0000-0000-0000-000000000000/resourceGroups/clitest000001/providers/Microsoft.ContainerService/managedClusters/cliakstest000001/upgradeProfiles/default?api-version=2023-04-01
  response:
    body:
      string: "{\n  \"id\": \"/subscriptions/00000000-0000-0000-0000-000000000000/resourcegroups/clitest000001/providers/Microsoft.ContainerService/managedClusters/cliakstest000001/upgradeprofiles/default\",\n
        \ \"name\": \"default\",\n  \"type\": \"Microsoft.ContainerService/managedClusters/upgradeprofiles\",\n
        \ \"properties\": {\n   \"controlPlaneProfile\": {\n    \"kubernetesVersion\":
        \"1.25.6\",\n    \"osType\": \"Linux\",\n    \"upgrades\": [\n     {\n      \"kubernetesVersion\":
        \"1.26.0\"\n     },\n     {\n      \"kubernetesVersion\": \"1.26.3\"\n     }\n
        \   ]\n   },\n   \"agentPoolProfiles\": null\n  }\n }"
    headers:
      cache-control:
      - no-cache
      content-length:
      - '551'
      content-type:
      - application/json
      date:
      - Sat, 29 Apr 2023 09:43:49 GMT
      expires:
      - '-1'
      pragma:
      - no-cache
      server:
      - nginx
      strict-transport-security:
      - max-age=31536000; includeSubDomains
      transfer-encoding:
      - chunked
      vary:
      - Accept-Encoding
      x-content-type-options:
      - nosniff
    status:
      code: 200
      message: OK
- request:
    body: null
    headers:
      Accept:
      - application/json
      Accept-Encoding:
      - gzip, deflate
      CommandName:
      - aks enable-addons
      Connection:
      - keep-alive
      ParameterSetName:
      - -g -n --addons
      User-Agent:
      - AZURECLI/2.48.1 azsdk-python-azure-mgmt-containerservice/22.1.0 Python/3.8.10
        (Linux-5.15.0-1033-azure-x86_64-with-glibc2.29)
    method: GET
    uri: https://management.azure.com/subscriptions/00000000-0000-0000-0000-000000000000/resourceGroups/clitest000001/providers/Microsoft.ContainerService/managedClusters/cliakstest000001?api-version=2023-04-01
  response:
    body:
      string: "{\n  \"id\": \"/subscriptions/00000000-0000-0000-0000-000000000000/resourcegroups/clitest000001/providers/Microsoft.ContainerService/managedClusters/cliakstest000001\",\n
        \ \"location\": \"westus2\",\n  \"name\": \"cliakstest000001\",\n  \"tags\":
        {\n   \"scenario_test\": \"\"\n  },\n  \"type\": \"Microsoft.ContainerService/ManagedClusters\",\n
        \ \"properties\": {\n   \"provisioningState\": \"Succeeded\",\n   \"powerState\":
        {\n    \"code\": \"Running\"\n   },\n   \"kubernetesVersion\": \"1.25.6\",\n
        \  \"currentKubernetesVersion\": \"1.25.6\",\n   \"dnsPrefix\": \"cliaksdns000002\",\n
        \  \"fqdn\": \"cliaksdns000002-dd4p0faz.hcp.westus2.azmk8s.io\",\n   \"azurePortalFQDN\":
        \"cliaksdns000002-dd4p0faz.portal.hcp.westus2.azmk8s.io\",\n   \"agentPoolProfiles\":
        [\n    {\n     \"name\": \"nodepool1\",\n     \"count\": 1,\n     \"vmSize\":
        \"Standard_DS2_v2\",\n     \"osDiskSizeGB\": 128,\n     \"osDiskType\": \"Managed\",\n
        \    \"kubeletDiskType\": \"OS\",\n     \"maxPods\": 110,\n     \"type\":
        \"VirtualMachineScaleSets\",\n     \"enableAutoScaling\": false,\n     \"provisioningState\":
        \"Succeeded\",\n     \"powerState\": {\n      \"code\": \"Running\"\n     },\n
        \    \"orchestratorVersion\": \"1.25.6\",\n     \"currentOrchestratorVersion\":
        \"1.25.6\",\n     \"enableNodePublicIP\": false,\n     \"mode\": \"System\",\n
        \    \"enableEncryptionAtHost\": false,\n     \"enableUltraSSD\": false,\n
        \    \"osType\": \"Linux\",\n     \"osSKU\": \"Ubuntu\",\n     \"nodeImageVersion\":
        \"AKSUbuntu-2204gen2containerd-202304.10.0\",\n     \"upgradeSettings\": {},\n
        \    \"enableFIPS\": false\n    }\n   ],\n   \"linuxProfile\": {\n    \"adminUsername\":
        \"azureuser\",\n    \"ssh\": {\n     \"publicKeys\": [\n      {\n       \"keyData\":
        \"ssh-rsa AAAAB3NzaC1yc2EAAAADAQABAAABAQCvBk9v4/Qo7XJWIY7AItmm8ohKhV9Y2z/SA5RKWk4BUCpK4ElHu8ia+QREfb7nmO5LtydRi7glVKNjUWUeaSC1PTmk2Z421whqvLRgF6XquFUcEC+VZG54EiS7j6hc2G3Af76vCZQQIQ7fKB8gngJXVb4QjbKVkoORamBKaSQ5MoAPF9GeSPfDesETM/jcE60BguHKjSTXhfsvgs6/iuUSPQ7duXwFtlpQy8WwA6ymGj4ehF0y8NXP6fjEajHDhPjPDkyuKBFTScflrLRryURmRyyICLt40vd+gaiyYCmREJxZNT/7J1pKmlpLNJejqDgXJ97xeyv4flTL7XRSgWV5
        azcli_aks_live_test@example.com\\n\"\n      }\n     ]\n    }\n   },\n   \"servicePrincipalProfile\":
        {\n    \"clientId\":\"00000000-0000-0000-0000-000000000001\"\n   },\n   \"nodeResourceGroup\":
        \"MC_clitest000001_cliakstest000001_westus2\",\n   \"enableRBAC\": true,\n
        \  \"enableLTS\": \"KubernetesOfficial\",\n   \"networkProfile\": {\n    \"networkPlugin\":
        \"kubenet\",\n    \"loadBalancerSku\": \"Standard\",\n    \"loadBalancerProfile\":
        {\n     \"managedOutboundIPs\": {\n      \"count\": 1\n     },\n     \"effectiveOutboundIPs\":
        [\n      {\n       \"id\": \"/subscriptions/00000000-0000-0000-0000-000000000000/resourceGroups/MC_clitest000001_cliakstest000001_westus2/providers/Microsoft.Network/publicIPAddresses/97f4ad21-6adf-495f-bf5e-a811e6225810\"\n
        \     }\n     ]\n    },\n    \"podCidr\": \"10.244.0.0/16\",\n    \"serviceCidr\":
        \"10.0.0.0/16\",\n    \"dnsServiceIP\": \"10.0.0.10\",\n    \"dockerBridgeCidr\":
        \"172.17.0.1/16\",\n    \"outboundType\": \"loadBalancer\",\n    \"podCidrs\":
        [\n     \"10.244.0.0/16\"\n    ],\n    \"serviceCidrs\": [\n     \"10.0.0.0/16\"\n
        \   ],\n    \"ipFamilies\": [\n     \"IPv4\"\n    ]\n   },\n   \"maxAgentPools\":
        100,\n   \"disableLocalAccounts\": false,\n   \"securityProfile\": {},\n   \"storageProfile\":
        {\n    \"diskCSIDriver\": {\n     \"enabled\": true\n    },\n    \"fileCSIDriver\":
        {\n     \"enabled\": true\n    },\n    \"snapshotController\": {\n     \"enabled\":
        true\n    }\n   },\n   \"oidcIssuerProfile\": {\n    \"enabled\": false\n
        \  },\n   \"workloadAutoScalerProfile\": {}\n  },\n  \"sku\": {\n   \"name\":
        \"Base\",\n   \"tier\": \"Free\"\n  }\n }"
    headers:
      cache-control:
      - no-cache
      content-length:
      - '3392'
      content-type:
      - application/json
      date:
      - Sat, 29 Apr 2023 09:43:50 GMT
      expires:
      - '-1'
      pragma:
      - no-cache
      server:
      - nginx
      strict-transport-security:
      - max-age=31536000; includeSubDomains
      transfer-encoding:
      - chunked
      vary:
      - Accept-Encoding
      x-content-type-options:
      - nosniff
    status:
      code: 200
      message: OK
- request:
    body: '{"tags": {"scenario_test": ""}, "location": "westus2", "sku": {"name":
      "Base", "tier": "Free"}, "properties": {"kubernetesVersion": "1.25.6", "dnsPrefix":
      "cliaksdns000002", "agentPoolProfiles": [{"count": 1, "vmSize": "Standard_DS2_v2",
      "osDiskSizeGB": 128, "osDiskType": "Managed", "kubeletDiskType": "OS", "maxPods":
      110, "osType": "Linux", "osSKU": "Ubuntu", "enableAutoScaling": false, "type":
      "VirtualMachineScaleSets", "mode": "System", "orchestratorVersion": "1.25.6",
      "upgradeSettings": {}, "powerState": {"code": "Running"}, "enableNodePublicIP":
      false, "enableEncryptionAtHost": false, "enableUltraSSD": false, "enableFIPS":
      false, "name": "nodepool1"}], "linuxProfile": {"adminUsername": "azureuser",
      "ssh": {"publicKeys": [{"keyData": "ssh-rsa AAAAB3NzaC1yc2EAAAADAQABAAABAQCvBk9v4/Qo7XJWIY7AItmm8ohKhV9Y2z/SA5RKWk4BUCpK4ElHu8ia+QREfb7nmO5LtydRi7glVKNjUWUeaSC1PTmk2Z421whqvLRgF6XquFUcEC+VZG54EiS7j6hc2G3Af76vCZQQIQ7fKB8gngJXVb4QjbKVkoORamBKaSQ5MoAPF9GeSPfDesETM/jcE60BguHKjSTXhfsvgs6/iuUSPQ7duXwFtlpQy8WwA6ymGj4ehF0y8NXP6fjEajHDhPjPDkyuKBFTScflrLRryURmRyyICLt40vd+gaiyYCmREJxZNT/7J1pKmlpLNJejqDgXJ97xeyv4flTL7XRSgWV5
      azcli_aks_live_test@example.com\n"}]}}, "addonProfiles": {"httpApplicationRouting":
      {"enabled": true}}, "oidcIssuerProfile": {"enabled": false}, "nodeResourceGroup":
      "MC_clitest000001_cliakstest000001_westus2", "enableRBAC": true, "networkProfile":
      {"networkPlugin": "kubenet", "podCidr": "10.244.0.0/16", "serviceCidr": "10.0.0.0/16",
      "dnsServiceIP": "10.0.0.10", "dockerBridgeCidr": "172.17.0.1/16", "outboundType":
      "loadBalancer", "loadBalancerSku": "Standard", "loadBalancerProfile": {"managedOutboundIPs":
      {"count": 1}, "effectiveOutboundIPs": [{"id": "/subscriptions/00000000-0000-0000-0000-000000000000/resourceGroups/MC_clitest000001_cliakstest000001_westus2/providers/Microsoft.Network/publicIPAddresses/97f4ad21-6adf-495f-bf5e-a811e6225810"}]},
      "podCidrs": ["10.244.0.0/16"], "serviceCidrs": ["10.0.0.0/16"], "ipFamilies":
      ["IPv4"]}, "disableLocalAccounts": false, "securityProfile": {}, "storageProfile":
      {"diskCSIDriver": {"enabled": true}, "fileCSIDriver": {"enabled": true}, "snapshotController":
      {"enabled": true}}, "workloadAutoScalerProfile": {}}}'
    headers:
      Accept:
      - application/json
      Accept-Encoding:
      - gzip, deflate
      CommandName:
      - aks enable-addons
      Connection:
      - keep-alive
      Content-Length:
      - '2194'
      Content-Type:
      - application/json
      ParameterSetName:
      - -g -n --addons
      User-Agent:
      - AZURECLI/2.48.1 azsdk-python-azure-mgmt-containerservice/22.1.0 Python/3.8.10
        (Linux-5.15.0-1033-azure-x86_64-with-glibc2.29)
    method: PUT
    uri: https://management.azure.com/subscriptions/00000000-0000-0000-0000-000000000000/resourceGroups/clitest000001/providers/Microsoft.ContainerService/managedClusters/cliakstest000001?api-version=2023-04-01
  response:
    body:
      string: "{\n  \"id\": \"/subscriptions/00000000-0000-0000-0000-000000000000/resourcegroups/clitest000001/providers/Microsoft.ContainerService/managedClusters/cliakstest000001\",\n
        \ \"location\": \"westus2\",\n  \"name\": \"cliakstest000001\",\n  \"tags\":
        {\n   \"scenario_test\": \"\"\n  },\n  \"type\": \"Microsoft.ContainerService/ManagedClusters\",\n
        \ \"properties\": {\n   \"provisioningState\": \"Updating\",\n   \"powerState\":
        {\n    \"code\": \"Running\"\n   },\n   \"kubernetesVersion\": \"1.25.6\",\n
        \  \"currentKubernetesVersion\": \"1.25.6\",\n   \"dnsPrefix\": \"cliaksdns000002\",\n
        \  \"fqdn\": \"cliaksdns000002-dd4p0faz.hcp.westus2.azmk8s.io\",\n   \"azurePortalFQDN\":
        \"cliaksdns000002-dd4p0faz.portal.hcp.westus2.azmk8s.io\",\n   \"agentPoolProfiles\":
        [\n    {\n     \"name\": \"nodepool1\",\n     \"count\": 1,\n     \"vmSize\":
        \"Standard_DS2_v2\",\n     \"osDiskSizeGB\": 128,\n     \"osDiskType\": \"Managed\",\n
        \    \"kubeletDiskType\": \"OS\",\n     \"maxPods\": 110,\n     \"type\":
        \"VirtualMachineScaleSets\",\n     \"enableAutoScaling\": false,\n     \"provisioningState\":
        \"Updating\",\n     \"powerState\": {\n      \"code\": \"Running\"\n     },\n
        \    \"orchestratorVersion\": \"1.25.6\",\n     \"currentOrchestratorVersion\":
        \"1.25.6\",\n     \"enableNodePublicIP\": false,\n     \"mode\": \"System\",\n
        \    \"enableEncryptionAtHost\": false,\n     \"enableUltraSSD\": false,\n
        \    \"osType\": \"Linux\",\n     \"osSKU\": \"Ubuntu\",\n     \"nodeImageVersion\":
        \"AKSUbuntu-2204gen2containerd-202304.10.0\",\n     \"upgradeSettings\": {},\n
        \    \"enableFIPS\": false\n    }\n   ],\n   \"linuxProfile\": {\n    \"adminUsername\":
        \"azureuser\",\n    \"ssh\": {\n     \"publicKeys\": [\n      {\n       \"keyData\":
        \"ssh-rsa AAAAB3NzaC1yc2EAAAADAQABAAABAQCvBk9v4/Qo7XJWIY7AItmm8ohKhV9Y2z/SA5RKWk4BUCpK4ElHu8ia+QREfb7nmO5LtydRi7glVKNjUWUeaSC1PTmk2Z421whqvLRgF6XquFUcEC+VZG54EiS7j6hc2G3Af76vCZQQIQ7fKB8gngJXVb4QjbKVkoORamBKaSQ5MoAPF9GeSPfDesETM/jcE60BguHKjSTXhfsvgs6/iuUSPQ7duXwFtlpQy8WwA6ymGj4ehF0y8NXP6fjEajHDhPjPDkyuKBFTScflrLRryURmRyyICLt40vd+gaiyYCmREJxZNT/7J1pKmlpLNJejqDgXJ97xeyv4flTL7XRSgWV5
        azcli_aks_live_test@example.com\\n\"\n      }\n     ]\n    }\n   },\n   \"servicePrincipalProfile\":
        {\n    \"clientId\":\"00000000-0000-0000-0000-000000000001\"\n   },\n   \"addonProfiles\":
        {\n    \"httpApplicationRouting\": {\n     \"enabled\": true,\n     \"config\":
        {\n      \"HTTPApplicationRoutingZoneName\": \"4f4cfda7cd364c8fbdf2.westus2.aksapp.io\"\n
        \    }\n    }\n   },\n   \"nodeResourceGroup\": \"MC_clitest000001_cliakstest000001_westus2\",\n
        \  \"enableRBAC\": true,\n   \"enableLTS\": \"KubernetesOfficial\",\n   \"networkProfile\":
        {\n    \"networkPlugin\": \"kubenet\",\n    \"loadBalancerSku\": \"Standard\",\n
        \   \"loadBalancerProfile\": {\n     \"managedOutboundIPs\": {\n      \"count\":
        1\n     },\n     \"effectiveOutboundIPs\": [\n      {\n       \"id\": \"/subscriptions/00000000-0000-0000-0000-000000000000/resourceGroups/MC_clitest000001_cliakstest000001_westus2/providers/Microsoft.Network/publicIPAddresses/97f4ad21-6adf-495f-bf5e-a811e6225810\"\n
        \     }\n     ]\n    },\n    \"podCidr\": \"10.244.0.0/16\",\n    \"serviceCidr\":
        \"10.0.0.0/16\",\n    \"dnsServiceIP\": \"10.0.0.10\",\n    \"dockerBridgeCidr\":
        \"172.17.0.1/16\",\n    \"outboundType\": \"loadBalancer\",\n    \"podCidrs\":
        [\n     \"10.244.0.0/16\"\n    ],\n    \"serviceCidrs\": [\n     \"10.0.0.0/16\"\n
        \   ],\n    \"ipFamilies\": [\n     \"IPv4\"\n    ]\n   },\n   \"maxAgentPools\":
        100,\n   \"disableLocalAccounts\": false,\n   \"securityProfile\": {},\n   \"storageProfile\":
        {\n    \"diskCSIDriver\": {\n     \"enabled\": true\n    },\n    \"fileCSIDriver\":
        {\n     \"enabled\": true\n    },\n    \"snapshotController\": {\n     \"enabled\":
        true\n    }\n   },\n   \"oidcIssuerProfile\": {\n    \"enabled\": false\n
        \  },\n   \"workloadAutoScalerProfile\": {}\n  },\n  \"sku\": {\n   \"name\":
        \"Base\",\n   \"tier\": \"Free\"\n  }\n }"
    headers:
      azure-asyncoperation:
      - https://management.azure.com/subscriptions/00000000-0000-0000-0000-000000000000/providers/Microsoft.ContainerService/locations/westus2/operations/4cddc57e-b2a6-4b10-8c83-d414ad48a763?api-version=2016-03-30
      cache-control:
      - no-cache
      content-length:
      - '3583'
      content-type:
      - application/json
      date:
      - Sat, 29 Apr 2023 09:43:53 GMT
      expires:
      - '-1'
      pragma:
      - no-cache
      server:
      - nginx
      strict-transport-security:
      - max-age=31536000; includeSubDomains
      transfer-encoding:
      - chunked
      vary:
      - Accept-Encoding
      x-content-type-options:
      - nosniff
      x-ms-ratelimit-remaining-subscription-writes:
      - '1192'
    status:
      code: 200
      message: OK
- request:
    body: null
    headers:
      Accept:
      - '*/*'
      Accept-Encoding:
      - gzip, deflate
      CommandName:
      - aks enable-addons
      Connection:
      - keep-alive
      ParameterSetName:
      - -g -n --addons
      User-Agent:
      - AZURECLI/2.48.1 azsdk-python-azure-mgmt-containerservice/22.1.0 Python/3.8.10
        (Linux-5.15.0-1033-azure-x86_64-with-glibc2.29)
    method: GET
    uri: https://management.azure.com/subscriptions/00000000-0000-0000-0000-000000000000/providers/Microsoft.ContainerService/locations/westus2/operations/4cddc57e-b2a6-4b10-8c83-d414ad48a763?api-version=2016-03-30
  response:
    body:
      string: "{\n  \"name\": \"7ec5dd4c-a6b2-104b-8c83-d414ad48a763\",\n  \"status\":
        \"InProgress\",\n  \"startTime\": \"2023-04-29T09:43:53.8809455Z\"\n }"
    headers:
      cache-control:
      - no-cache
      content-length:
      - '126'
      content-type:
      - application/json
      date:
      - Sat, 29 Apr 2023 09:43:54 GMT
      expires:
      - '-1'
      pragma:
      - no-cache
      server:
      - nginx
      strict-transport-security:
      - max-age=31536000; includeSubDomains
      transfer-encoding:
      - chunked
      vary:
      - Accept-Encoding
      x-content-type-options:
      - nosniff
    status:
      code: 200
      message: OK
- request:
    body: null
    headers:
      Accept:
      - '*/*'
      Accept-Encoding:
      - gzip, deflate
      CommandName:
      - aks enable-addons
      Connection:
      - keep-alive
      ParameterSetName:
      - -g -n --addons
      User-Agent:
      - AZURECLI/2.48.1 azsdk-python-azure-mgmt-containerservice/22.1.0 Python/3.8.10
        (Linux-5.15.0-1033-azure-x86_64-with-glibc2.29)
    method: GET
    uri: https://management.azure.com/subscriptions/00000000-0000-0000-0000-000000000000/providers/Microsoft.ContainerService/locations/westus2/operations/4cddc57e-b2a6-4b10-8c83-d414ad48a763?api-version=2016-03-30
  response:
    body:
      string: "{\n  \"name\": \"7ec5dd4c-a6b2-104b-8c83-d414ad48a763\",\n  \"status\":
        \"InProgress\",\n  \"startTime\": \"2023-04-29T09:43:53.8809455Z\"\n }"
    headers:
      cache-control:
      - no-cache
      content-length:
      - '126'
      content-type:
      - application/json
      date:
      - Sat, 29 Apr 2023 09:44:23 GMT
      expires:
      - '-1'
      pragma:
      - no-cache
      server:
      - nginx
      strict-transport-security:
      - max-age=31536000; includeSubDomains
      transfer-encoding:
      - chunked
      vary:
      - Accept-Encoding
      x-content-type-options:
      - nosniff
    status:
      code: 200
      message: OK
- request:
    body: null
    headers:
      Accept:
      - '*/*'
      Accept-Encoding:
      - gzip, deflate
      CommandName:
      - aks enable-addons
      Connection:
      - keep-alive
      ParameterSetName:
      - -g -n --addons
      User-Agent:
      - AZURECLI/2.48.1 azsdk-python-azure-mgmt-containerservice/22.1.0 Python/3.8.10
        (Linux-5.15.0-1033-azure-x86_64-with-glibc2.29)
    method: GET
    uri: https://management.azure.com/subscriptions/00000000-0000-0000-0000-000000000000/providers/Microsoft.ContainerService/locations/westus2/operations/4cddc57e-b2a6-4b10-8c83-d414ad48a763?api-version=2016-03-30
  response:
    body:
      string: "{\n  \"name\": \"7ec5dd4c-a6b2-104b-8c83-d414ad48a763\",\n  \"status\":
        \"InProgress\",\n  \"startTime\": \"2023-04-29T09:43:53.8809455Z\"\n }"
    headers:
      cache-control:
      - no-cache
      content-length:
      - '126'
      content-type:
      - application/json
      date:
      - Sat, 29 Apr 2023 09:44:53 GMT
      expires:
      - '-1'
      pragma:
      - no-cache
      server:
      - nginx
      strict-transport-security:
      - max-age=31536000; includeSubDomains
      transfer-encoding:
      - chunked
      vary:
      - Accept-Encoding
      x-content-type-options:
      - nosniff
    status:
      code: 200
      message: OK
- request:
    body: null
    headers:
      Accept:
      - '*/*'
      Accept-Encoding:
      - gzip, deflate
      CommandName:
      - aks enable-addons
      Connection:
      - keep-alive
      ParameterSetName:
      - -g -n --addons
      User-Agent:
      - AZURECLI/2.48.1 azsdk-python-azure-mgmt-containerservice/22.1.0 Python/3.8.10
        (Linux-5.15.0-1033-azure-x86_64-with-glibc2.29)
    method: GET
    uri: https://management.azure.com/subscriptions/00000000-0000-0000-0000-000000000000/providers/Microsoft.ContainerService/locations/westus2/operations/4cddc57e-b2a6-4b10-8c83-d414ad48a763?api-version=2016-03-30
  response:
    body:
      string: "{\n  \"name\": \"7ec5dd4c-a6b2-104b-8c83-d414ad48a763\",\n  \"status\":
        \"InProgress\",\n  \"startTime\": \"2023-04-29T09:43:53.8809455Z\"\n }"
    headers:
      cache-control:
      - no-cache
      content-length:
      - '126'
      content-type:
      - application/json
      date:
      - Sat, 29 Apr 2023 09:45:24 GMT
      expires:
      - '-1'
      pragma:
      - no-cache
      server:
      - nginx
      strict-transport-security:
      - max-age=31536000; includeSubDomains
      transfer-encoding:
      - chunked
      vary:
      - Accept-Encoding
      x-content-type-options:
      - nosniff
    status:
      code: 200
      message: OK
- request:
    body: null
    headers:
      Accept:
      - '*/*'
      Accept-Encoding:
      - gzip, deflate
      CommandName:
      - aks enable-addons
      Connection:
      - keep-alive
      ParameterSetName:
      - -g -n --addons
      User-Agent:
      - AZURECLI/2.48.1 azsdk-python-azure-mgmt-containerservice/22.1.0 Python/3.8.10
        (Linux-5.15.0-1033-azure-x86_64-with-glibc2.29)
    method: GET
    uri: https://management.azure.com/subscriptions/00000000-0000-0000-0000-000000000000/providers/Microsoft.ContainerService/locations/westus2/operations/4cddc57e-b2a6-4b10-8c83-d414ad48a763?api-version=2016-03-30
  response:
    body:
      string: "{\n  \"name\": \"7ec5dd4c-a6b2-104b-8c83-d414ad48a763\",\n  \"status\":
        \"Succeeded\",\n  \"startTime\": \"2023-04-29T09:43:53.8809455Z\",\n  \"endTime\":
        \"2023-04-29T09:45:29.1352036Z\"\n }"
    headers:
      cache-control:
      - no-cache
      content-length:
      - '170'
      content-type:
      - application/json
      date:
      - Sat, 29 Apr 2023 09:45:53 GMT
      expires:
      - '-1'
      pragma:
      - no-cache
      server:
      - nginx
      strict-transport-security:
      - max-age=31536000; includeSubDomains
      transfer-encoding:
      - chunked
      vary:
      - Accept-Encoding
      x-content-type-options:
      - nosniff
    status:
      code: 200
      message: OK
- request:
    body: null
    headers:
      Accept:
      - '*/*'
      Accept-Encoding:
      - gzip, deflate
      CommandName:
      - aks enable-addons
      Connection:
      - keep-alive
      ParameterSetName:
      - -g -n --addons
      User-Agent:
      - AZURECLI/2.48.1 azsdk-python-azure-mgmt-containerservice/22.1.0 Python/3.8.10
        (Linux-5.15.0-1033-azure-x86_64-with-glibc2.29)
    method: GET
    uri: https://management.azure.com/subscriptions/00000000-0000-0000-0000-000000000000/resourceGroups/clitest000001/providers/Microsoft.ContainerService/managedClusters/cliakstest000001?api-version=2023-04-01
  response:
    body:
      string: "{\n  \"id\": \"/subscriptions/00000000-0000-0000-0000-000000000000/resourcegroups/clitest000001/providers/Microsoft.ContainerService/managedClusters/cliakstest000001\",\n
        \ \"location\": \"westus2\",\n  \"name\": \"cliakstest000001\",\n  \"tags\":
        {\n   \"scenario_test\": \"\"\n  },\n  \"type\": \"Microsoft.ContainerService/ManagedClusters\",\n
        \ \"properties\": {\n   \"provisioningState\": \"Succeeded\",\n   \"powerState\":
        {\n    \"code\": \"Running\"\n   },\n   \"kubernetesVersion\": \"1.25.6\",\n
        \  \"currentKubernetesVersion\": \"1.25.6\",\n   \"dnsPrefix\": \"cliaksdns000002\",\n
        \  \"fqdn\": \"cliaksdns000002-dd4p0faz.hcp.westus2.azmk8s.io\",\n   \"azurePortalFQDN\":
        \"cliaksdns000002-dd4p0faz.portal.hcp.westus2.azmk8s.io\",\n   \"agentPoolProfiles\":
        [\n    {\n     \"name\": \"nodepool1\",\n     \"count\": 1,\n     \"vmSize\":
        \"Standard_DS2_v2\",\n     \"osDiskSizeGB\": 128,\n     \"osDiskType\": \"Managed\",\n
        \    \"kubeletDiskType\": \"OS\",\n     \"maxPods\": 110,\n     \"type\":
        \"VirtualMachineScaleSets\",\n     \"enableAutoScaling\": false,\n     \"provisioningState\":
        \"Succeeded\",\n     \"powerState\": {\n      \"code\": \"Running\"\n     },\n
        \    \"orchestratorVersion\": \"1.25.6\",\n     \"currentOrchestratorVersion\":
        \"1.25.6\",\n     \"enableNodePublicIP\": false,\n     \"mode\": \"System\",\n
        \    \"enableEncryptionAtHost\": false,\n     \"enableUltraSSD\": false,\n
        \    \"osType\": \"Linux\",\n     \"osSKU\": \"Ubuntu\",\n     \"nodeImageVersion\":
        \"AKSUbuntu-2204gen2containerd-202304.10.0\",\n     \"upgradeSettings\": {},\n
        \    \"enableFIPS\": false\n    }\n   ],\n   \"linuxProfile\": {\n    \"adminUsername\":
        \"azureuser\",\n    \"ssh\": {\n     \"publicKeys\": [\n      {\n       \"keyData\":
        \"ssh-rsa AAAAB3NzaC1yc2EAAAADAQABAAABAQCvBk9v4/Qo7XJWIY7AItmm8ohKhV9Y2z/SA5RKWk4BUCpK4ElHu8ia+QREfb7nmO5LtydRi7glVKNjUWUeaSC1PTmk2Z421whqvLRgF6XquFUcEC+VZG54EiS7j6hc2G3Af76vCZQQIQ7fKB8gngJXVb4QjbKVkoORamBKaSQ5MoAPF9GeSPfDesETM/jcE60BguHKjSTXhfsvgs6/iuUSPQ7duXwFtlpQy8WwA6ymGj4ehF0y8NXP6fjEajHDhPjPDkyuKBFTScflrLRryURmRyyICLt40vd+gaiyYCmREJxZNT/7J1pKmlpLNJejqDgXJ97xeyv4flTL7XRSgWV5
        azcli_aks_live_test@example.com\\n\"\n      }\n     ]\n    }\n   },\n   \"servicePrincipalProfile\":
        {\n    \"clientId\":\"00000000-0000-0000-0000-000000000001\"\n   },\n   \"addonProfiles\":
        {\n    \"httpApplicationRouting\": {\n     \"enabled\": true,\n     \"config\":
        {\n      \"HTTPApplicationRoutingZoneName\": \"4f4cfda7cd364c8fbdf2.westus2.aksapp.io\"\n
        \    }\n    }\n   },\n   \"nodeResourceGroup\": \"MC_clitest000001_cliakstest000001_westus2\",\n
        \  \"enableRBAC\": true,\n   \"enableLTS\": \"KubernetesOfficial\",\n   \"networkProfile\":
        {\n    \"networkPlugin\": \"kubenet\",\n    \"loadBalancerSku\": \"Standard\",\n
        \   \"loadBalancerProfile\": {\n     \"managedOutboundIPs\": {\n      \"count\":
        1\n     },\n     \"effectiveOutboundIPs\": [\n      {\n       \"id\": \"/subscriptions/00000000-0000-0000-0000-000000000000/resourceGroups/MC_clitest000001_cliakstest000001_westus2/providers/Microsoft.Network/publicIPAddresses/97f4ad21-6adf-495f-bf5e-a811e6225810\"\n
        \     }\n     ]\n    },\n    \"podCidr\": \"10.244.0.0/16\",\n    \"serviceCidr\":
        \"10.0.0.0/16\",\n    \"dnsServiceIP\": \"10.0.0.10\",\n    \"dockerBridgeCidr\":
        \"172.17.0.1/16\",\n    \"outboundType\": \"loadBalancer\",\n    \"podCidrs\":
        [\n     \"10.244.0.0/16\"\n    ],\n    \"serviceCidrs\": [\n     \"10.0.0.0/16\"\n
        \   ],\n    \"ipFamilies\": [\n     \"IPv4\"\n    ]\n   },\n   \"maxAgentPools\":
        100,\n   \"disableLocalAccounts\": false,\n   \"securityProfile\": {},\n   \"storageProfile\":
        {\n    \"diskCSIDriver\": {\n     \"enabled\": true\n    },\n    \"fileCSIDriver\":
        {\n     \"enabled\": true\n    },\n    \"snapshotController\": {\n     \"enabled\":
        true\n    }\n   },\n   \"oidcIssuerProfile\": {\n    \"enabled\": false\n
        \  },\n   \"workloadAutoScalerProfile\": {}\n  },\n  \"sku\": {\n   \"name\":
        \"Base\",\n   \"tier\": \"Free\"\n  }\n }"
    headers:
      cache-control:
      - no-cache
      content-length:
      - '3585'
      content-type:
      - application/json
      date:
      - Sat, 29 Apr 2023 09:45:54 GMT
      expires:
      - '-1'
      pragma:
      - no-cache
      server:
      - nginx
      strict-transport-security:
      - max-age=31536000; includeSubDomains
      transfer-encoding:
      - chunked
      vary:
      - Accept-Encoding
      x-content-type-options:
      - nosniff
    status:
      code: 200
      message: OK
- request:
    body: null
    headers:
      Accept:
      - application/json
      Accept-Encoding:
      - gzip, deflate
      CommandName:
      - aks delete
      Connection:
      - keep-alive
      Content-Length:
      - '0'
      ParameterSetName:
      - -g -n --yes
      User-Agent:
      - AZURECLI/2.48.1 azsdk-python-azure-mgmt-containerservice/22.1.0 Python/3.8.10
        (Linux-5.15.0-1033-azure-x86_64-with-glibc2.29)
    method: DELETE
    uri: https://management.azure.com/subscriptions/00000000-0000-0000-0000-000000000000/resourceGroups/clitest000001/providers/Microsoft.ContainerService/managedClusters/cliakstest000001?api-version=2023-04-01
  response:
    body:
      string: ''
    headers:
      azure-asyncoperation:
      - https://management.azure.com/subscriptions/00000000-0000-0000-0000-000000000000/providers/Microsoft.ContainerService/locations/westus2/operations/16cdcf88-a4a0-4fc2-ab2a-1ac4fcdeebc2?api-version=2016-03-30
      cache-control:
      - no-cache
      content-length:
      - '0'
      date:
      - Sat, 29 Apr 2023 09:45:55 GMT
      expires:
      - '-1'
      location:
      - https://management.azure.com/subscriptions/00000000-0000-0000-0000-000000000000/providers/Microsoft.ContainerService/locations/westus2/operationresults/16cdcf88-a4a0-4fc2-ab2a-1ac4fcdeebc2?api-version=2016-03-30
      pragma:
      - no-cache
      server:
      - nginx
      strict-transport-security:
      - max-age=31536000; includeSubDomains
      x-content-type-options:
      - nosniff
      x-ms-ratelimit-remaining-subscription-deletes:
      - '14999'
    status:
      code: 202
      message: Accepted
- request:
    body: null
    headers:
      Accept:
      - '*/*'
      Accept-Encoding:
      - gzip, deflate
      CommandName:
      - aks delete
      Connection:
      - keep-alive
      ParameterSetName:
      - -g -n --yes
      User-Agent:
      - AZURECLI/2.48.1 azsdk-python-azure-mgmt-containerservice/22.1.0 Python/3.8.10
        (Linux-5.15.0-1033-azure-x86_64-with-glibc2.29)
    method: GET
    uri: https://management.azure.com/subscriptions/00000000-0000-0000-0000-000000000000/providers/Microsoft.ContainerService/locations/westus2/operations/16cdcf88-a4a0-4fc2-ab2a-1ac4fcdeebc2?api-version=2016-03-30
  response:
    body:
      string: "{\n  \"name\": \"88cfcd16-a0a4-c24f-ab2a-1ac4fcdeebc2\",\n  \"status\":
        \"InProgress\",\n  \"startTime\": \"2023-04-29T09:45:56.0226032Z\"\n }"
    headers:
      cache-control:
      - no-cache
      content-length:
      - '126'
      content-type:
      - application/json
      date:
      - Sat, 29 Apr 2023 09:45:55 GMT
      expires:
      - '-1'
      pragma:
      - no-cache
      server:
      - nginx
      strict-transport-security:
      - max-age=31536000; includeSubDomains
      transfer-encoding:
      - chunked
      vary:
      - Accept-Encoding
      x-content-type-options:
      - nosniff
    status:
      code: 200
      message: OK
- request:
    body: null
    headers:
      Accept:
      - '*/*'
      Accept-Encoding:
      - gzip, deflate
      CommandName:
      - aks delete
      Connection:
      - keep-alive
      ParameterSetName:
      - -g -n --yes
      User-Agent:
      - AZURECLI/2.48.1 azsdk-python-azure-mgmt-containerservice/22.1.0 Python/3.8.10
        (Linux-5.15.0-1033-azure-x86_64-with-glibc2.29)
    method: GET
    uri: https://management.azure.com/subscriptions/00000000-0000-0000-0000-000000000000/providers/Microsoft.ContainerService/locations/westus2/operations/16cdcf88-a4a0-4fc2-ab2a-1ac4fcdeebc2?api-version=2016-03-30
  response:
    body:
      string: "{\n  \"name\": \"88cfcd16-a0a4-c24f-ab2a-1ac4fcdeebc2\",\n  \"status\":
        \"InProgress\",\n  \"startTime\": \"2023-04-29T09:45:56.0226032Z\"\n }"
    headers:
      cache-control:
      - no-cache
      content-length:
      - '126'
      content-type:
      - application/json
      date:
      - Sat, 29 Apr 2023 09:46:26 GMT
      expires:
      - '-1'
      pragma:
      - no-cache
      server:
      - nginx
      strict-transport-security:
      - max-age=31536000; includeSubDomains
      transfer-encoding:
      - chunked
      vary:
      - Accept-Encoding
      x-content-type-options:
      - nosniff
    status:
      code: 200
      message: OK
- request:
    body: null
    headers:
      Accept:
      - '*/*'
      Accept-Encoding:
      - gzip, deflate
      CommandName:
      - aks delete
      Connection:
      - keep-alive
      ParameterSetName:
      - -g -n --yes
      User-Agent:
      - AZURECLI/2.48.1 azsdk-python-azure-mgmt-containerservice/22.1.0 Python/3.8.10
        (Linux-5.15.0-1033-azure-x86_64-with-glibc2.29)
    method: GET
    uri: https://management.azure.com/subscriptions/00000000-0000-0000-0000-000000000000/providers/Microsoft.ContainerService/locations/westus2/operations/16cdcf88-a4a0-4fc2-ab2a-1ac4fcdeebc2?api-version=2016-03-30
  response:
    body:
      string: "{\n  \"name\": \"88cfcd16-a0a4-c24f-ab2a-1ac4fcdeebc2\",\n  \"status\":
        \"InProgress\",\n  \"startTime\": \"2023-04-29T09:45:56.0226032Z\"\n }"
    headers:
      cache-control:
      - no-cache
      content-length:
      - '126'
      content-type:
      - application/json
      date:
      - Sat, 29 Apr 2023 09:46:56 GMT
      expires:
      - '-1'
      pragma:
      - no-cache
      server:
      - nginx
      strict-transport-security:
      - max-age=31536000; includeSubDomains
      transfer-encoding:
      - chunked
      vary:
      - Accept-Encoding
      x-content-type-options:
      - nosniff
    status:
      code: 200
      message: OK
- request:
    body: null
    headers:
      Accept:
      - '*/*'
      Accept-Encoding:
      - gzip, deflate
      CommandName:
      - aks delete
      Connection:
      - keep-alive
      ParameterSetName:
      - -g -n --yes
      User-Agent:
      - AZURECLI/2.48.1 azsdk-python-azure-mgmt-containerservice/22.1.0 Python/3.8.10
        (Linux-5.15.0-1033-azure-x86_64-with-glibc2.29)
    method: GET
    uri: https://management.azure.com/subscriptions/00000000-0000-0000-0000-000000000000/providers/Microsoft.ContainerService/locations/westus2/operations/16cdcf88-a4a0-4fc2-ab2a-1ac4fcdeebc2?api-version=2016-03-30
  response:
    body:
      string: "{\n  \"name\": \"88cfcd16-a0a4-c24f-ab2a-1ac4fcdeebc2\",\n  \"status\":
        \"InProgress\",\n  \"startTime\": \"2023-04-29T09:45:56.0226032Z\"\n }"
    headers:
      cache-control:
      - no-cache
      content-length:
      - '126'
      content-type:
      - application/json
      date:
      - Sat, 29 Apr 2023 09:47:26 GMT
      expires:
      - '-1'
      pragma:
      - no-cache
      server:
      - nginx
      strict-transport-security:
      - max-age=31536000; includeSubDomains
      transfer-encoding:
      - chunked
      vary:
      - Accept-Encoding
      x-content-type-options:
      - nosniff
    status:
      code: 200
      message: OK
- request:
    body: null
    headers:
      Accept:
      - '*/*'
      Accept-Encoding:
      - gzip, deflate
      CommandName:
      - aks delete
      Connection:
      - keep-alive
      ParameterSetName:
      - -g -n --yes
      User-Agent:
      - AZURECLI/2.48.1 azsdk-python-azure-mgmt-containerservice/22.1.0 Python/3.8.10
        (Linux-5.15.0-1033-azure-x86_64-with-glibc2.29)
    method: GET
    uri: https://management.azure.com/subscriptions/00000000-0000-0000-0000-000000000000/providers/Microsoft.ContainerService/locations/westus2/operations/16cdcf88-a4a0-4fc2-ab2a-1ac4fcdeebc2?api-version=2016-03-30
  response:
    body:
      string: "{\n  \"name\": \"88cfcd16-a0a4-c24f-ab2a-1ac4fcdeebc2\",\n  \"status\":
        \"InProgress\",\n  \"startTime\": \"2023-04-29T09:45:56.0226032Z\"\n }"
    headers:
      cache-control:
      - no-cache
      content-length:
      - '126'
      content-type:
      - application/json
      date:
      - Sat, 29 Apr 2023 09:47:55 GMT
      expires:
      - '-1'
      pragma:
      - no-cache
      server:
      - nginx
      strict-transport-security:
      - max-age=31536000; includeSubDomains
      transfer-encoding:
      - chunked
      vary:
      - Accept-Encoding
      x-content-type-options:
      - nosniff
    status:
      code: 200
      message: OK
- request:
    body: null
    headers:
      Accept:
      - '*/*'
      Accept-Encoding:
      - gzip, deflate
      CommandName:
      - aks delete
      Connection:
      - keep-alive
      ParameterSetName:
      - -g -n --yes
      User-Agent:
      - AZURECLI/2.48.1 azsdk-python-azure-mgmt-containerservice/22.1.0 Python/3.8.10
        (Linux-5.15.0-1033-azure-x86_64-with-glibc2.29)
    method: GET
    uri: https://management.azure.com/subscriptions/00000000-0000-0000-0000-000000000000/providers/Microsoft.ContainerService/locations/westus2/operations/16cdcf88-a4a0-4fc2-ab2a-1ac4fcdeebc2?api-version=2016-03-30
  response:
    body:
      string: "{\n  \"name\": \"88cfcd16-a0a4-c24f-ab2a-1ac4fcdeebc2\",\n  \"status\":
        \"InProgress\",\n  \"startTime\": \"2023-04-29T09:45:56.0226032Z\"\n }"
    headers:
      cache-control:
      - no-cache
      content-length:
      - '126'
      content-type:
      - application/json
      date:
      - Sat, 29 Apr 2023 09:48:25 GMT
      expires:
      - '-1'
      pragma:
      - no-cache
      server:
      - nginx
      strict-transport-security:
      - max-age=31536000; includeSubDomains
      transfer-encoding:
      - chunked
      vary:
      - Accept-Encoding
      x-content-type-options:
      - nosniff
    status:
      code: 200
      message: OK
- request:
    body: null
    headers:
      Accept:
      - '*/*'
      Accept-Encoding:
      - gzip, deflate
      CommandName:
      - aks delete
      Connection:
      - keep-alive
      ParameterSetName:
      - -g -n --yes
      User-Agent:
      - AZURECLI/2.48.1 azsdk-python-azure-mgmt-containerservice/22.1.0 Python/3.8.10
        (Linux-5.15.0-1033-azure-x86_64-with-glibc2.29)
    method: GET
    uri: https://management.azure.com/subscriptions/00000000-0000-0000-0000-000000000000/providers/Microsoft.ContainerService/locations/westus2/operations/16cdcf88-a4a0-4fc2-ab2a-1ac4fcdeebc2?api-version=2016-03-30
  response:
    body:
      string: "{\n  \"name\": \"88cfcd16-a0a4-c24f-ab2a-1ac4fcdeebc2\",\n  \"status\":
        \"InProgress\",\n  \"startTime\": \"2023-04-29T09:45:56.0226032Z\"\n }"
    headers:
      cache-control:
      - no-cache
      content-length:
      - '126'
      content-type:
      - application/json
      date:
      - Sat, 29 Apr 2023 09:48:56 GMT
      expires:
      - '-1'
      pragma:
      - no-cache
      server:
      - nginx
      strict-transport-security:
      - max-age=31536000; includeSubDomains
      transfer-encoding:
      - chunked
      vary:
      - Accept-Encoding
      x-content-type-options:
      - nosniff
    status:
      code: 200
      message: OK
- request:
    body: null
    headers:
      Accept:
      - '*/*'
      Accept-Encoding:
      - gzip, deflate
      CommandName:
      - aks delete
      Connection:
      - keep-alive
      ParameterSetName:
      - -g -n --yes
      User-Agent:
      - AZURECLI/2.48.1 azsdk-python-azure-mgmt-containerservice/22.1.0 Python/3.8.10
        (Linux-5.15.0-1033-azure-x86_64-with-glibc2.29)
    method: GET
    uri: https://management.azure.com/subscriptions/00000000-0000-0000-0000-000000000000/providers/Microsoft.ContainerService/locations/westus2/operations/16cdcf88-a4a0-4fc2-ab2a-1ac4fcdeebc2?api-version=2016-03-30
  response:
    body:
      string: "{\n  \"name\": \"88cfcd16-a0a4-c24f-ab2a-1ac4fcdeebc2\",\n  \"status\":
        \"Succeeded\",\n  \"startTime\": \"2023-04-29T09:45:56.0226032Z\",\n  \"endTime\":
        \"2023-04-29T09:49:10.1599935Z\"\n }"
    headers:
      cache-control:
      - no-cache
      content-length:
      - '170'
      content-type:
      - application/json
      date:
      - Sat, 29 Apr 2023 09:49:26 GMT
      expires:
      - '-1'
      pragma:
      - no-cache
      server:
      - nginx
      strict-transport-security:
      - max-age=31536000; includeSubDomains
      transfer-encoding:
      - chunked
      vary:
      - Accept-Encoding
      x-content-type-options:
      - nosniff
    status:
      code: 200
      message: OK
- request:
    body: null
    headers:
      Accept:
      - application/json
      Accept-Encoding:
      - gzip, deflate
      CommandName:
      - aks show
      Connection:
      - keep-alive
      ParameterSetName:
      - -g -n
      User-Agent:
      - AZURECLI/2.48.1 azsdk-python-azure-mgmt-containerservice/22.1.0 Python/3.8.10
        (Linux-5.15.0-1033-azure-x86_64-with-glibc2.29)
    method: GET
    uri: https://management.azure.com/subscriptions/00000000-0000-0000-0000-000000000000/resourceGroups/clitest000001/providers/Microsoft.ContainerService/managedClusters/cliakstest000001?api-version=2023-04-01
  response:
    body:
      string: '{"error":{"code":"ResourceNotFound","message":"The Resource ''Microsoft.ContainerService/managedClusters/cliakstest000001''
        under resource group ''clitest000001'' was not found. For more details please
        go to https://aka.ms/ARMResourceNotFoundFix"}}'
    headers:
      cache-control:
      - no-cache
      content-length:
      - '244'
      content-type:
      - application/json; charset=utf-8
      date:
      - Sat, 29 Apr 2023 09:49:26 GMT
      expires:
      - '-1'
      pragma:
      - no-cache
      strict-transport-security:
      - max-age=31536000; includeSubDomains
      x-content-type-options:
      - nosniff
      x-ms-failure-cause:
      - gateway
    status:
      code: 404
      message: Not Found
version: 1
