interactions:
- request:
    body: null
    headers:
      Accept:
      - application/json
      Accept-Encoding:
      - gzip, deflate
      CommandName:
      - aks create
      Connection:
      - keep-alive
      ParameterSetName:
      - --resource-group --name --location --dns-name-prefix --node-count --windows-admin-username
        --windows-admin-password --load-balancer-sku --vm-set-type --network-plugin
        --ssh-key-value --enable-windows-gmsa --yes --aks-custom-headers
      User-Agent:
      - AZURECLI/2.49.0 azsdk-python-azure-mgmt-containerservice/24.0.0 Python/3.8.10
        (Linux-5.15.0-1039-azure-x86_64-with-glibc2.29)
    method: GET
    uri: https://management.azure.com/subscriptions/00000000-0000-0000-0000-000000000000/resourceGroups/clitest000001/providers/Microsoft.ContainerService/managedClusters/cliakstest000001?api-version=2023-10-01
  response:
    body:
      string: '{"error":{"code":"ResourceNotFound","message":"The Resource ''Microsoft.ContainerService/managedClusters/cliakstest000001''
        under resource group ''clitest000001'' was not found. For more details please
        go to https://aka.ms/ARMResourceNotFoundFix"}}'
    headers:
      cache-control:
      - no-cache
      content-length:
      - '244'
      content-type:
      - application/json; charset=utf-8
      date:
      - Thu, 29 Jun 2023 11:18:05 GMT
      expires:
      - '-1'
      pragma:
      - no-cache
      strict-transport-security:
      - max-age=31536000; includeSubDomains
      x-content-type-options:
      - nosniff
      x-ms-failure-cause:
      - gateway
    status:
      code: 404
      message: Not Found
- request:
    body: '{"location": "westus2", "identity": {"type": "SystemAssigned"}, "properties":
      {"kubernetesVersion": "", "dnsPrefix": "cliaksdns000002", "agentPoolProfiles":
      [{"count": 1, "vmSize": "Standard_DS2_v2", "osDiskSizeGB": 0, "osType": "Linux",
      "enableAutoScaling": false, "type": "VirtualMachineScaleSets", "mode": "System",
      "orchestratorVersion": "", "upgradeSettings": {}, "enableNodePublicIP": false,
      "scaleSetPriority": "Regular", "scaleSetEvictionPolicy": "Delete", "spotMaxPrice":
      -1.0, "nodeTaints": [], "enableEncryptionAtHost": false, "enableUltraSSD": false,
      "enableFIPS": false, "name": "nodepool1"}], "linuxProfile": {"adminUsername":
      "azureuser", "ssh": {"publicKeys": [{"keyData": "ssh-rsa AAAAB3NzaC1yc2EAAAADAQABAAABAQCw4P22/hE86EX0l2HMO+M6Gw+CW6O4Yl84NLjVqF7NtK8xwQKcZwGeIwNBv/HxJ0uMJlOCG1ZMPPvSZHDp07QvAjYKKryIkIGilxLUh4fNOEQiZqAXB2badERUdwLRB4f6kHc0vb35GHw3tlyjjDjvQTO7UgZQxnbipxyrJAYfMHxfXjST1tvmln3v87WvBGsY2hr1Iqx/gMO3AIqaNoJntl1sIeAcg8xXdYW3PP6N1gYToFsDxsQZU2rfefIRDniuP4fYy2J4shtEAkyzv1BlOBJGHBqCzyrhXVqFElLSFV99QhLUi43zXL4Ge1QKJBztH/q48ohMBt3WenkP2KsT
      azcli_aks_live_test@example.com\n"}]}}, "windowsProfile": {"adminUsername":
      "azureuser1", "adminPassword": "replace-Password1234$", "gmsaProfile": {"enabled":
      true}}, "addonProfiles": {}, "enableRBAC": true, "networkProfile": {"networkPlugin":
      "azure", "outboundType": "loadBalancer", "loadBalancerSku": "standard"}, "disableLocalAccounts":
      false, "storageProfile": {}}}'
    headers:
      AKSHTTPCustomFeatures:
      - Microsoft.ContainerService/AKSWindowsGmsaPreview
      Accept:
      - application/json
      Accept-Encoding:
      - gzip, deflate
      CommandName:
      - aks create
      Connection:
      - keep-alive
      Content-Length:
      - '1441'
      Content-Type:
      - application/json
      ParameterSetName:
      - --resource-group --name --location --dns-name-prefix --node-count --windows-admin-username
        --windows-admin-password --load-balancer-sku --vm-set-type --network-plugin
        --ssh-key-value --enable-windows-gmsa --yes --aks-custom-headers
      User-Agent:
      - AZURECLI/2.49.0 azsdk-python-azure-mgmt-containerservice/24.0.0 Python/3.8.10
        (Linux-5.15.0-1039-azure-x86_64-with-glibc2.29)
    method: PUT
    uri: https://management.azure.com/subscriptions/00000000-0000-0000-0000-000000000000/resourceGroups/clitest000001/providers/Microsoft.ContainerService/managedClusters/cliakstest000001?api-version=2023-10-01
  response:
    body:
      string: "{\n  \"id\": \"/subscriptions/00000000-0000-0000-0000-000000000000/resourcegroups/clitest000001/providers/Microsoft.ContainerService/managedClusters/cliakstest000001\",\n
        \ \"location\": \"westus2\",\n  \"name\": \"cliakstest000001\",\n  \"type\":
        \"Microsoft.ContainerService/ManagedClusters\",\n  \"properties\": {\n   \"provisioningState\":
        \"Creating\",\n   \"powerState\": {\n    \"code\": \"Running\"\n   },\n   \"kubernetesVersion\":
        \"1.25.6\",\n   \"currentKubernetesVersion\": \"1.25.6\",\n   \"dnsPrefix\":
        \"cliaksdns000002\",\n   \"fqdn\": \"cliaksdns000002-60thmx8n.hcp.westus2.azmk8s.io\",\n
        \  \"azurePortalFQDN\": \"cliaksdns000002-60thmx8n.portal.hcp.westus2.azmk8s.io\",\n
        \  \"agentPoolProfiles\": [\n    {\n     \"name\": \"nodepool1\",\n     \"count\":
        1,\n     \"vmSize\": \"Standard_DS2_v2\",\n     \"osDiskSizeGB\": 128,\n     \"osDiskType\":
        \"Managed\",\n     \"kubeletDiskType\": \"OS\",\n     \"maxPods\": 30,\n     \"type\":
        \"VirtualMachineScaleSets\",\n     \"enableAutoScaling\": false,\n     \"provisioningState\":
        \"Creating\",\n     \"powerState\": {\n      \"code\": \"Running\"\n     },\n
        \    \"orchestratorVersion\": \"1.25.6\",\n     \"currentOrchestratorVersion\":
        \"1.25.6\",\n     \"enableNodePublicIP\": false,\n     \"mode\": \"System\",\n
        \    \"enableEncryptionAtHost\": false,\n     \"enableUltraSSD\": false,\n
        \    \"osType\": \"Linux\",\n     \"osSKU\": \"Ubuntu\",\n     \"nodeImageVersion\":
        \"AKSUbuntu-2204gen2containerd-202306.19.0\",\n     \"upgradeSettings\": {},\n
        \    \"enableFIPS\": false\n    }\n   ],\n   \"linuxProfile\": {\n    \"adminUsername\":
        \"azureuser\",\n    \"ssh\": {\n     \"publicKeys\": [\n      {\n       \"keyData\":
        \"ssh-rsa AAAAB3NzaC1yc2EAAAADAQABAAABAQCw4P22/hE86EX0l2HMO+M6Gw+CW6O4Yl84NLjVqF7NtK8xwQKcZwGeIwNBv/HxJ0uMJlOCG1ZMPPvSZHDp07QvAjYKKryIkIGilxLUh4fNOEQiZqAXB2badERUdwLRB4f6kHc0vb35GHw3tlyjjDjvQTO7UgZQxnbipxyrJAYfMHxfXjST1tvmln3v87WvBGsY2hr1Iqx/gMO3AIqaNoJntl1sIeAcg8xXdYW3PP6N1gYToFsDxsQZU2rfefIRDniuP4fYy2J4shtEAkyzv1BlOBJGHBqCzyrhXVqFElLSFV99QhLUi43zXL4Ge1QKJBztH/q48ohMBt3WenkP2KsT
        azcli_aks_live_test@example.com\\n\"\n      }\n     ]\n    }\n   },\n   \"windowsProfile\":
        {\n    \"adminUsername\": \"azureuser1\",\n    \"enableCSIProxy\": true,\n
        \   \"gmsaProfile\": {\n     \"enabled\": true,\n     \"dnsServer\": \"\",\n
        \    \"rootDomainName\": \"\"\n    }\n   },\n   \"servicePrincipalProfile\":
        {\n    \"clientId\":\"00000000-0000-0000-0000-000000000001\"\n   },\n   \"nodeResourceGroup\":
        \"MC_clitest000001_cliakstest000001_westus2\",\n   \"enableRBAC\": true,\n
        \  \"supportPlan\": \"KubernetesOfficial\",\n   \"networkProfile\": {\n    \"networkPlugin\":
        \"azure\",\n    \"networkDataplane\": \"azure\",\n    \"loadBalancerSku\":
        \"standard\",\n    \"loadBalancerProfile\": {\n     \"managedOutboundIPs\":
        {\n      \"count\": 1\n     }\n    },\n    \"serviceCidr\": \"10.0.0.0/16\",\n
        \   \"dnsServiceIP\": \"10.0.0.10\",\n    \"outboundType\": \"loadBalancer\",\n
        \   \"serviceCidrs\": [\n     \"10.0.0.0/16\"\n    ],\n    \"ipFamilies\":
        [\n     \"IPv4\"\n    ]\n   },\n   \"maxAgentPools\": 100,\n   \"disableLocalAccounts\":
        false,\n   \"securityProfile\": {},\n   \"storageProfile\": {\n    \"diskCSIDriver\":
        {\n     \"enabled\": true\n    },\n    \"fileCSIDriver\": {\n     \"enabled\":
        true\n    },\n    \"snapshotController\": {\n     \"enabled\": true\n    }\n
        \  },\n   \"oidcIssuerProfile\": {\n    \"enabled\": false\n   },\n   \"workloadAutoScalerProfile\":
        {}\n  },\n  \"identity\": {\n   \"type\": \"SystemAssigned\",\n   \"principalId\":\"00000000-0000-0000-0000-000000000001\",\n
        \  \"tenantId\": \"72f988bf-86f1-41af-91ab-2d7cd011db47\"\n  },\n  \"sku\":
        {\n   \"name\": \"Base\",\n   \"tier\": \"Free\"\n  }\n }"
    headers:
      azure-asyncoperation:
      - https://management.azure.com/subscriptions/00000000-0000-0000-0000-000000000000/providers/Microsoft.ContainerService/locations/westus2/operations/41749469-a923-4076-9611-5d3182319ac9?api-version=2016-03-30
      cache-control:
      - no-cache
      content-length:
      - '3351'
      content-type:
      - application/json
      date:
      - Thu, 29 Jun 2023 11:18:11 GMT
      expires:
      - '-1'
      pragma:
      - no-cache
      server:
      - nginx
      strict-transport-security:
      - max-age=31536000; includeSubDomains
      x-content-type-options:
      - nosniff
      x-ms-ratelimit-remaining-subscription-writes:
      - '1199'
    status:
      code: 201
      message: Created
- request:
    body: null
    headers:
      Accept:
      - '*/*'
      Accept-Encoding:
      - gzip, deflate
      CommandName:
      - aks create
      Connection:
      - keep-alive
      ParameterSetName:
      - --resource-group --name --location --dns-name-prefix --node-count --windows-admin-username
        --windows-admin-password --load-balancer-sku --vm-set-type --network-plugin
        --ssh-key-value --enable-windows-gmsa --yes --aks-custom-headers
      User-Agent:
      - AZURECLI/2.49.0 azsdk-python-azure-mgmt-containerservice/24.0.0 Python/3.8.10
        (Linux-5.15.0-1039-azure-x86_64-with-glibc2.29)
    method: GET
    uri: https://management.azure.com/subscriptions/00000000-0000-0000-0000-000000000000/providers/Microsoft.ContainerService/locations/westus2/operations/41749469-a923-4076-9611-5d3182319ac9?api-version=2016-03-30
  response:
    body:
      string: "{\n  \"name\": \"69947441-23a9-7640-9611-5d3182319ac9\",\n  \"status\":
        \"InProgress\",\n  \"startTime\": \"2023-06-29T11:18:11.4391007Z\"\n }"
    headers:
      cache-control:
      - no-cache
      content-length:
      - '126'
      content-type:
      - application/json
      date:
      - Thu, 29 Jun 2023 11:18:11 GMT
      expires:
      - '-1'
      pragma:
      - no-cache
      server:
      - nginx
      strict-transport-security:
      - max-age=31536000; includeSubDomains
      transfer-encoding:
      - chunked
      vary:
      - Accept-Encoding
      x-content-type-options:
      - nosniff
    status:
      code: 200
      message: OK
- request:
    body: null
    headers:
      Accept:
      - '*/*'
      Accept-Encoding:
      - gzip, deflate
      CommandName:
      - aks create
      Connection:
      - keep-alive
      ParameterSetName:
      - --resource-group --name --location --dns-name-prefix --node-count --windows-admin-username
        --windows-admin-password --load-balancer-sku --vm-set-type --network-plugin
        --ssh-key-value --enable-windows-gmsa --yes --aks-custom-headers
      User-Agent:
      - AZURECLI/2.49.0 azsdk-python-azure-mgmt-containerservice/24.0.0 Python/3.8.10
        (Linux-5.15.0-1039-azure-x86_64-with-glibc2.29)
    method: GET
    uri: https://management.azure.com/subscriptions/00000000-0000-0000-0000-000000000000/providers/Microsoft.ContainerService/locations/westus2/operations/41749469-a923-4076-9611-5d3182319ac9?api-version=2016-03-30
  response:
    body:
      string: "{\n  \"name\": \"69947441-23a9-7640-9611-5d3182319ac9\",\n  \"status\":
        \"InProgress\",\n  \"startTime\": \"2023-06-29T11:18:11.4391007Z\"\n }"
    headers:
      cache-control:
      - no-cache
      content-length:
      - '126'
      content-type:
      - application/json
      date:
      - Thu, 29 Jun 2023 11:18:41 GMT
      expires:
      - '-1'
      pragma:
      - no-cache
      server:
      - nginx
      strict-transport-security:
      - max-age=31536000; includeSubDomains
      transfer-encoding:
      - chunked
      vary:
      - Accept-Encoding
      x-content-type-options:
      - nosniff
    status:
      code: 200
      message: OK
- request:
    body: null
    headers:
      Accept:
      - '*/*'
      Accept-Encoding:
      - gzip, deflate
      CommandName:
      - aks create
      Connection:
      - keep-alive
      ParameterSetName:
      - --resource-group --name --location --dns-name-prefix --node-count --windows-admin-username
        --windows-admin-password --load-balancer-sku --vm-set-type --network-plugin
        --ssh-key-value --enable-windows-gmsa --yes --aks-custom-headers
      User-Agent:
      - AZURECLI/2.49.0 azsdk-python-azure-mgmt-containerservice/24.0.0 Python/3.8.10
        (Linux-5.15.0-1039-azure-x86_64-with-glibc2.29)
    method: GET
    uri: https://management.azure.com/subscriptions/00000000-0000-0000-0000-000000000000/providers/Microsoft.ContainerService/locations/westus2/operations/41749469-a923-4076-9611-5d3182319ac9?api-version=2016-03-30
  response:
    body:
      string: "{\n  \"name\": \"69947441-23a9-7640-9611-5d3182319ac9\",\n  \"status\":
        \"InProgress\",\n  \"startTime\": \"2023-06-29T11:18:11.4391007Z\"\n }"
    headers:
      cache-control:
      - no-cache
      content-length:
      - '126'
      content-type:
      - application/json
      date:
      - Thu, 29 Jun 2023 11:19:11 GMT
      expires:
      - '-1'
      pragma:
      - no-cache
      server:
      - nginx
      strict-transport-security:
      - max-age=31536000; includeSubDomains
      transfer-encoding:
      - chunked
      vary:
      - Accept-Encoding
      x-content-type-options:
      - nosniff
    status:
      code: 200
      message: OK
- request:
    body: null
    headers:
      Accept:
      - '*/*'
      Accept-Encoding:
      - gzip, deflate
      CommandName:
      - aks create
      Connection:
      - keep-alive
      ParameterSetName:
      - --resource-group --name --location --dns-name-prefix --node-count --windows-admin-username
        --windows-admin-password --load-balancer-sku --vm-set-type --network-plugin
        --ssh-key-value --enable-windows-gmsa --yes --aks-custom-headers
      User-Agent:
      - AZURECLI/2.49.0 azsdk-python-azure-mgmt-containerservice/24.0.0 Python/3.8.10
        (Linux-5.15.0-1039-azure-x86_64-with-glibc2.29)
    method: GET
    uri: https://management.azure.com/subscriptions/00000000-0000-0000-0000-000000000000/providers/Microsoft.ContainerService/locations/westus2/operations/41749469-a923-4076-9611-5d3182319ac9?api-version=2016-03-30
  response:
    body:
      string: "{\n  \"name\": \"69947441-23a9-7640-9611-5d3182319ac9\",\n  \"status\":
        \"InProgress\",\n  \"startTime\": \"2023-06-29T11:18:11.4391007Z\"\n }"
    headers:
      cache-control:
      - no-cache
      content-length:
      - '126'
      content-type:
      - application/json
      date:
      - Thu, 29 Jun 2023 11:19:42 GMT
      expires:
      - '-1'
      pragma:
      - no-cache
      server:
      - nginx
      strict-transport-security:
      - max-age=31536000; includeSubDomains
      transfer-encoding:
      - chunked
      vary:
      - Accept-Encoding
      x-content-type-options:
      - nosniff
    status:
      code: 200
      message: OK
- request:
    body: null
    headers:
      Accept:
      - '*/*'
      Accept-Encoding:
      - gzip, deflate
      CommandName:
      - aks create
      Connection:
      - keep-alive
      ParameterSetName:
      - --resource-group --name --location --dns-name-prefix --node-count --windows-admin-username
        --windows-admin-password --load-balancer-sku --vm-set-type --network-plugin
        --ssh-key-value --enable-windows-gmsa --yes --aks-custom-headers
      User-Agent:
      - AZURECLI/2.49.0 azsdk-python-azure-mgmt-containerservice/24.0.0 Python/3.8.10
        (Linux-5.15.0-1039-azure-x86_64-with-glibc2.29)
    method: GET
    uri: https://management.azure.com/subscriptions/00000000-0000-0000-0000-000000000000/providers/Microsoft.ContainerService/locations/westus2/operations/41749469-a923-4076-9611-5d3182319ac9?api-version=2016-03-30
  response:
    body:
      string: "{\n  \"name\": \"69947441-23a9-7640-9611-5d3182319ac9\",\n  \"status\":
        \"InProgress\",\n  \"startTime\": \"2023-06-29T11:18:11.4391007Z\"\n }"
    headers:
      cache-control:
      - no-cache
      content-length:
      - '126'
      content-type:
      - application/json
      date:
      - Thu, 29 Jun 2023 11:20:12 GMT
      expires:
      - '-1'
      pragma:
      - no-cache
      server:
      - nginx
      strict-transport-security:
      - max-age=31536000; includeSubDomains
      transfer-encoding:
      - chunked
      vary:
      - Accept-Encoding
      x-content-type-options:
      - nosniff
    status:
      code: 200
      message: OK
- request:
    body: null
    headers:
      Accept:
      - '*/*'
      Accept-Encoding:
      - gzip, deflate
      CommandName:
      - aks create
      Connection:
      - keep-alive
      ParameterSetName:
      - --resource-group --name --location --dns-name-prefix --node-count --windows-admin-username
        --windows-admin-password --load-balancer-sku --vm-set-type --network-plugin
        --ssh-key-value --enable-windows-gmsa --yes --aks-custom-headers
      User-Agent:
      - AZURECLI/2.49.0 azsdk-python-azure-mgmt-containerservice/24.0.0 Python/3.8.10
        (Linux-5.15.0-1039-azure-x86_64-with-glibc2.29)
    method: GET
    uri: https://management.azure.com/subscriptions/00000000-0000-0000-0000-000000000000/providers/Microsoft.ContainerService/locations/westus2/operations/41749469-a923-4076-9611-5d3182319ac9?api-version=2016-03-30
  response:
    body:
      string: "{\n  \"name\": \"69947441-23a9-7640-9611-5d3182319ac9\",\n  \"status\":
        \"InProgress\",\n  \"startTime\": \"2023-06-29T11:18:11.4391007Z\"\n }"
    headers:
      cache-control:
      - no-cache
      content-length:
      - '126'
      content-type:
      - application/json
      date:
      - Thu, 29 Jun 2023 11:20:42 GMT
      expires:
      - '-1'
      pragma:
      - no-cache
      server:
      - nginx
      strict-transport-security:
      - max-age=31536000; includeSubDomains
      transfer-encoding:
      - chunked
      vary:
      - Accept-Encoding
      x-content-type-options:
      - nosniff
    status:
      code: 200
      message: OK
- request:
    body: null
    headers:
      Accept:
      - '*/*'
      Accept-Encoding:
      - gzip, deflate
      CommandName:
      - aks create
      Connection:
      - keep-alive
      ParameterSetName:
      - --resource-group --name --location --dns-name-prefix --node-count --windows-admin-username
        --windows-admin-password --load-balancer-sku --vm-set-type --network-plugin
        --ssh-key-value --enable-windows-gmsa --yes --aks-custom-headers
      User-Agent:
      - AZURECLI/2.49.0 azsdk-python-azure-mgmt-containerservice/24.0.0 Python/3.8.10
        (Linux-5.15.0-1039-azure-x86_64-with-glibc2.29)
    method: GET
    uri: https://management.azure.com/subscriptions/00000000-0000-0000-0000-000000000000/providers/Microsoft.ContainerService/locations/westus2/operations/41749469-a923-4076-9611-5d3182319ac9?api-version=2016-03-30
  response:
    body:
      string: "{\n  \"name\": \"69947441-23a9-7640-9611-5d3182319ac9\",\n  \"status\":
        \"InProgress\",\n  \"startTime\": \"2023-06-29T11:18:11.4391007Z\"\n }"
    headers:
      cache-control:
      - no-cache
      content-length:
      - '126'
      content-type:
      - application/json
      date:
      - Thu, 29 Jun 2023 11:21:12 GMT
      expires:
      - '-1'
      pragma:
      - no-cache
      server:
      - nginx
      strict-transport-security:
      - max-age=31536000; includeSubDomains
      transfer-encoding:
      - chunked
      vary:
      - Accept-Encoding
      x-content-type-options:
      - nosniff
    status:
      code: 200
      message: OK
- request:
    body: null
    headers:
      Accept:
      - '*/*'
      Accept-Encoding:
      - gzip, deflate
      CommandName:
      - aks create
      Connection:
      - keep-alive
      ParameterSetName:
      - --resource-group --name --location --dns-name-prefix --node-count --windows-admin-username
        --windows-admin-password --load-balancer-sku --vm-set-type --network-plugin
        --ssh-key-value --enable-windows-gmsa --yes --aks-custom-headers
      User-Agent:
      - AZURECLI/2.49.0 azsdk-python-azure-mgmt-containerservice/24.0.0 Python/3.8.10
        (Linux-5.15.0-1039-azure-x86_64-with-glibc2.29)
    method: GET
    uri: https://management.azure.com/subscriptions/00000000-0000-0000-0000-000000000000/providers/Microsoft.ContainerService/locations/westus2/operations/41749469-a923-4076-9611-5d3182319ac9?api-version=2016-03-30
  response:
    body:
      string: "{\n  \"name\": \"69947441-23a9-7640-9611-5d3182319ac9\",\n  \"status\":
        \"InProgress\",\n  \"startTime\": \"2023-06-29T11:18:11.4391007Z\"\n }"
    headers:
      cache-control:
      - no-cache
      content-length:
      - '126'
      content-type:
      - application/json
      date:
      - Thu, 29 Jun 2023 11:21:43 GMT
      expires:
      - '-1'
      pragma:
      - no-cache
      server:
      - nginx
      strict-transport-security:
      - max-age=31536000; includeSubDomains
      transfer-encoding:
      - chunked
      vary:
      - Accept-Encoding
      x-content-type-options:
      - nosniff
    status:
      code: 200
      message: OK
- request:
    body: null
    headers:
      Accept:
      - '*/*'
      Accept-Encoding:
      - gzip, deflate
      CommandName:
      - aks create
      Connection:
      - keep-alive
      ParameterSetName:
      - --resource-group --name --location --dns-name-prefix --node-count --windows-admin-username
        --windows-admin-password --load-balancer-sku --vm-set-type --network-plugin
        --ssh-key-value --enable-windows-gmsa --yes --aks-custom-headers
      User-Agent:
      - AZURECLI/2.49.0 azsdk-python-azure-mgmt-containerservice/24.0.0 Python/3.8.10
        (Linux-5.15.0-1039-azure-x86_64-with-glibc2.29)
    method: GET
    uri: https://management.azure.com/subscriptions/00000000-0000-0000-0000-000000000000/providers/Microsoft.ContainerService/locations/westus2/operations/41749469-a923-4076-9611-5d3182319ac9?api-version=2016-03-30
  response:
    body:
      string: "{\n  \"name\": \"69947441-23a9-7640-9611-5d3182319ac9\",\n  \"status\":
        \"InProgress\",\n  \"startTime\": \"2023-06-29T11:18:11.4391007Z\"\n }"
    headers:
      cache-control:
      - no-cache
      content-length:
      - '126'
      content-type:
      - application/json
      date:
      - Thu, 29 Jun 2023 11:22:13 GMT
      expires:
      - '-1'
      pragma:
      - no-cache
      server:
      - nginx
      strict-transport-security:
      - max-age=31536000; includeSubDomains
      transfer-encoding:
      - chunked
      vary:
      - Accept-Encoding
      x-content-type-options:
      - nosniff
    status:
      code: 200
      message: OK
- request:
    body: null
    headers:
      Accept:
      - '*/*'
      Accept-Encoding:
      - gzip, deflate
      CommandName:
      - aks create
      Connection:
      - keep-alive
      ParameterSetName:
      - --resource-group --name --location --dns-name-prefix --node-count --windows-admin-username
        --windows-admin-password --load-balancer-sku --vm-set-type --network-plugin
        --ssh-key-value --enable-windows-gmsa --yes --aks-custom-headers
      User-Agent:
      - AZURECLI/2.49.0 azsdk-python-azure-mgmt-containerservice/24.0.0 Python/3.8.10
        (Linux-5.15.0-1039-azure-x86_64-with-glibc2.29)
    method: GET
    uri: https://management.azure.com/subscriptions/00000000-0000-0000-0000-000000000000/providers/Microsoft.ContainerService/locations/westus2/operations/41749469-a923-4076-9611-5d3182319ac9?api-version=2016-03-30
  response:
    body:
      string: "{\n  \"name\": \"69947441-23a9-7640-9611-5d3182319ac9\",\n  \"status\":
        \"InProgress\",\n  \"startTime\": \"2023-06-29T11:18:11.4391007Z\"\n }"
    headers:
      cache-control:
      - no-cache
      content-length:
      - '126'
      content-type:
      - application/json
      date:
      - Thu, 29 Jun 2023 11:22:43 GMT
      expires:
      - '-1'
      pragma:
      - no-cache
      server:
      - nginx
      strict-transport-security:
      - max-age=31536000; includeSubDomains
      transfer-encoding:
      - chunked
      vary:
      - Accept-Encoding
      x-content-type-options:
      - nosniff
    status:
      code: 200
      message: OK
- request:
    body: null
    headers:
      Accept:
      - '*/*'
      Accept-Encoding:
      - gzip, deflate
      CommandName:
      - aks create
      Connection:
      - keep-alive
      ParameterSetName:
      - --resource-group --name --location --dns-name-prefix --node-count --windows-admin-username
        --windows-admin-password --load-balancer-sku --vm-set-type --network-plugin
        --ssh-key-value --enable-windows-gmsa --yes --aks-custom-headers
      User-Agent:
      - AZURECLI/2.49.0 azsdk-python-azure-mgmt-containerservice/24.0.0 Python/3.8.10
        (Linux-5.15.0-1039-azure-x86_64-with-glibc2.29)
    method: GET
    uri: https://management.azure.com/subscriptions/00000000-0000-0000-0000-000000000000/providers/Microsoft.ContainerService/locations/westus2/operations/41749469-a923-4076-9611-5d3182319ac9?api-version=2016-03-30
  response:
    body:
      string: "{\n  \"name\": \"69947441-23a9-7640-9611-5d3182319ac9\",\n  \"status\":
        \"InProgress\",\n  \"startTime\": \"2023-06-29T11:18:11.4391007Z\"\n }"
    headers:
      cache-control:
      - no-cache
      content-length:
      - '126'
      content-type:
      - application/json
      date:
      - Thu, 29 Jun 2023 11:23:13 GMT
      expires:
      - '-1'
      pragma:
      - no-cache
      server:
      - nginx
      strict-transport-security:
      - max-age=31536000; includeSubDomains
      transfer-encoding:
      - chunked
      vary:
      - Accept-Encoding
      x-content-type-options:
      - nosniff
    status:
      code: 200
      message: OK
- request:
    body: null
    headers:
      Accept:
      - '*/*'
      Accept-Encoding:
      - gzip, deflate
      CommandName:
      - aks create
      Connection:
      - keep-alive
      ParameterSetName:
      - --resource-group --name --location --dns-name-prefix --node-count --windows-admin-username
        --windows-admin-password --load-balancer-sku --vm-set-type --network-plugin
        --ssh-key-value --enable-windows-gmsa --yes --aks-custom-headers
      User-Agent:
      - AZURECLI/2.49.0 azsdk-python-azure-mgmt-containerservice/24.0.0 Python/3.8.10
        (Linux-5.15.0-1039-azure-x86_64-with-glibc2.29)
    method: GET
    uri: https://management.azure.com/subscriptions/00000000-0000-0000-0000-000000000000/providers/Microsoft.ContainerService/locations/westus2/operations/41749469-a923-4076-9611-5d3182319ac9?api-version=2016-03-30
  response:
    body:
      string: "{\n  \"name\": \"69947441-23a9-7640-9611-5d3182319ac9\",\n  \"status\":
        \"Succeeded\",\n  \"startTime\": \"2023-06-29T11:18:11.4391007Z\",\n  \"endTime\":
        \"2023-06-29T11:23:37.3944735Z\"\n }"
    headers:
      cache-control:
      - no-cache
      content-length:
      - '170'
      content-type:
      - application/json
      date:
      - Thu, 29 Jun 2023 11:23:43 GMT
      expires:
      - '-1'
      pragma:
      - no-cache
      server:
      - nginx
      strict-transport-security:
      - max-age=31536000; includeSubDomains
      transfer-encoding:
      - chunked
      vary:
      - Accept-Encoding
      x-content-type-options:
      - nosniff
    status:
      code: 200
      message: OK
- request:
    body: null
    headers:
      Accept:
      - '*/*'
      Accept-Encoding:
      - gzip, deflate
      CommandName:
      - aks create
      Connection:
      - keep-alive
      ParameterSetName:
      - --resource-group --name --location --dns-name-prefix --node-count --windows-admin-username
        --windows-admin-password --load-balancer-sku --vm-set-type --network-plugin
        --ssh-key-value --enable-windows-gmsa --yes --aks-custom-headers
      User-Agent:
      - AZURECLI/2.49.0 azsdk-python-azure-mgmt-containerservice/24.0.0 Python/3.8.10
        (Linux-5.15.0-1039-azure-x86_64-with-glibc2.29)
    method: GET
    uri: https://management.azure.com/subscriptions/00000000-0000-0000-0000-000000000000/resourceGroups/clitest000001/providers/Microsoft.ContainerService/managedClusters/cliakstest000001?api-version=2023-10-01
  response:
    body:
      string: "{\n  \"id\": \"/subscriptions/00000000-0000-0000-0000-000000000000/resourcegroups/clitest000001/providers/Microsoft.ContainerService/managedClusters/cliakstest000001\",\n
        \ \"location\": \"westus2\",\n  \"name\": \"cliakstest000001\",\n  \"type\":
        \"Microsoft.ContainerService/ManagedClusters\",\n  \"properties\": {\n   \"provisioningState\":
        \"Succeeded\",\n   \"powerState\": {\n    \"code\": \"Running\"\n   },\n   \"kubernetesVersion\":
        \"1.25.6\",\n   \"currentKubernetesVersion\": \"1.25.6\",\n   \"dnsPrefix\":
        \"cliaksdns000002\",\n   \"fqdn\": \"cliaksdns000002-60thmx8n.hcp.westus2.azmk8s.io\",\n
        \  \"azurePortalFQDN\": \"cliaksdns000002-60thmx8n.portal.hcp.westus2.azmk8s.io\",\n
        \  \"agentPoolProfiles\": [\n    {\n     \"name\": \"nodepool1\",\n     \"count\":
        1,\n     \"vmSize\": \"Standard_DS2_v2\",\n     \"osDiskSizeGB\": 128,\n     \"osDiskType\":
        \"Managed\",\n     \"kubeletDiskType\": \"OS\",\n     \"maxPods\": 30,\n     \"type\":
        \"VirtualMachineScaleSets\",\n     \"enableAutoScaling\": false,\n     \"provisioningState\":
        \"Succeeded\",\n     \"powerState\": {\n      \"code\": \"Running\"\n     },\n
        \    \"orchestratorVersion\": \"1.25.6\",\n     \"currentOrchestratorVersion\":
        \"1.25.6\",\n     \"enableNodePublicIP\": false,\n     \"mode\": \"System\",\n
        \    \"enableEncryptionAtHost\": false,\n     \"enableUltraSSD\": false,\n
        \    \"osType\": \"Linux\",\n     \"osSKU\": \"Ubuntu\",\n     \"nodeImageVersion\":
        \"AKSUbuntu-2204gen2containerd-202306.19.0\",\n     \"upgradeSettings\": {},\n
        \    \"enableFIPS\": false\n    }\n   ],\n   \"linuxProfile\": {\n    \"adminUsername\":
        \"azureuser\",\n    \"ssh\": {\n     \"publicKeys\": [\n      {\n       \"keyData\":
        \"ssh-rsa AAAAB3NzaC1yc2EAAAADAQABAAABAQCw4P22/hE86EX0l2HMO+M6Gw+CW6O4Yl84NLjVqF7NtK8xwQKcZwGeIwNBv/HxJ0uMJlOCG1ZMPPvSZHDp07QvAjYKKryIkIGilxLUh4fNOEQiZqAXB2badERUdwLRB4f6kHc0vb35GHw3tlyjjDjvQTO7UgZQxnbipxyrJAYfMHxfXjST1tvmln3v87WvBGsY2hr1Iqx/gMO3AIqaNoJntl1sIeAcg8xXdYW3PP6N1gYToFsDxsQZU2rfefIRDniuP4fYy2J4shtEAkyzv1BlOBJGHBqCzyrhXVqFElLSFV99QhLUi43zXL4Ge1QKJBztH/q48ohMBt3WenkP2KsT
        azcli_aks_live_test@example.com\\n\"\n      }\n     ]\n    }\n   },\n   \"windowsProfile\":
        {\n    \"adminUsername\": \"azureuser1\",\n    \"enableCSIProxy\": true,\n
        \   \"gmsaProfile\": {\n     \"enabled\": true,\n     \"dnsServer\": \"\",\n
        \    \"rootDomainName\": \"\"\n    }\n   },\n   \"servicePrincipalProfile\":
        {\n    \"clientId\":\"00000000-0000-0000-0000-000000000001\"\n   },\n   \"nodeResourceGroup\":
        \"MC_clitest000001_cliakstest000001_westus2\",\n   \"enableRBAC\": true,\n
        \  \"supportPlan\": \"KubernetesOfficial\",\n   \"networkProfile\": {\n    \"networkPlugin\":
        \"azure\",\n    \"networkDataplane\": \"azure\",\n    \"loadBalancerSku\":
        \"Standard\",\n    \"loadBalancerProfile\": {\n     \"managedOutboundIPs\":
        {\n      \"count\": 1\n     },\n     \"effectiveOutboundIPs\": [\n      {\n
        \      \"id\": \"/subscriptions/00000000-0000-0000-0000-000000000000/resourceGroups/MC_clitest000001_cliakstest000001_westus2/providers/Microsoft.Network/publicIPAddresses/0f7cd4c4-a8d7-4fe8-9083-a073fdfc0107\"\n
        \     }\n     ]\n    },\n    \"serviceCidr\": \"10.0.0.0/16\",\n    \"dnsServiceIP\":
        \"10.0.0.10\",\n    \"outboundType\": \"loadBalancer\",\n    \"serviceCidrs\":
        [\n     \"10.0.0.0/16\"\n    ],\n    \"ipFamilies\": [\n     \"IPv4\"\n    ]\n
        \  },\n   \"maxAgentPools\": 100,\n   \"identityProfile\": {\n    \"kubeletidentity\":
        {\n     \"resourceId\": \"/subscriptions/00000000-0000-0000-0000-000000000000/resourcegroups/MC_clitest000001_cliakstest000001_westus2/providers/Microsoft.ManagedIdentity/userAssignedIdentities/cliakstest000001-agentpool\",\n
        \    \"clientId\":\"00000000-0000-0000-0000-000000000001\",\n     \"objectId\":\"00000000-0000-0000-0000-000000000001\"\n
        \   }\n   },\n   \"disableLocalAccounts\": false,\n   \"securityProfile\":
        {},\n   \"storageProfile\": {\n    \"diskCSIDriver\": {\n     \"enabled\":
        true\n    },\n    \"fileCSIDriver\": {\n     \"enabled\": true\n    },\n    \"snapshotController\":
        {\n     \"enabled\": true\n    }\n   },\n   \"oidcIssuerProfile\": {\n    \"enabled\":
        false\n   },\n   \"workloadAutoScalerProfile\": {}\n  },\n  \"identity\":
        {\n   \"type\": \"SystemAssigned\",\n   \"principalId\":\"00000000-0000-0000-0000-000000000001\",\n
        \  \"tenantId\": \"72f988bf-86f1-41af-91ab-2d7cd011db47\"\n  },\n  \"sku\":
        {\n   \"name\": \"Base\",\n   \"tier\": \"Free\"\n  }\n }"
    headers:
      cache-control:
      - no-cache
      content-length:
      - '4004'
      content-type:
      - application/json
      date:
      - Thu, 29 Jun 2023 11:23:43 GMT
      expires:
      - '-1'
      pragma:
      - no-cache
      server:
      - nginx
      strict-transport-security:
      - max-age=31536000; includeSubDomains
      transfer-encoding:
      - chunked
      vary:
      - Accept-Encoding
      x-content-type-options:
      - nosniff
    status:
      code: 200
      message: OK
- request:
    body: null
    headers:
      Accept:
      - application/json
      Accept-Encoding:
      - gzip, deflate
      CommandName:
      - aks nodepool add
      Connection:
      - keep-alive
      ParameterSetName:
      - --resource-group --cluster-name --name --os-type --node-count
      User-Agent:
      - AZURECLI/2.49.0 azsdk-python-azure-mgmt-containerservice/24.0.0 Python/3.8.10
        (Linux-5.15.0-1039-azure-x86_64-with-glibc2.29)
    method: GET
    uri: https://management.azure.com/subscriptions/00000000-0000-0000-0000-000000000000/resourceGroups/clitest000001/providers/Microsoft.ContainerService/managedClusters/cliakstest000001/agentPools?api-version=2023-10-01
  response:
    body:
      string: "{\n  \"value\": [\n   {\n    \"id\": \"/subscriptions/00000000-0000-0000-0000-000000000000/resourcegroups/clitest000001/providers/Microsoft.ContainerService/managedClusters/cliakstest000001/agentPools/nodepool1\",\n
        \   \"name\": \"nodepool1\",\n    \"type\": \"Microsoft.ContainerService/managedClusters/agentPools\",\n
        \   \"properties\": {\n     \"count\": 1,\n     \"vmSize\": \"Standard_DS2_v2\",\n
        \    \"osDiskSizeGB\": 128,\n     \"osDiskType\": \"Managed\",\n     \"kubeletDiskType\":
        \"OS\",\n     \"maxPods\": 30,\n     \"type\": \"VirtualMachineScaleSets\",\n
        \    \"enableAutoScaling\": false,\n     \"provisioningState\": \"Succeeded\",\n
        \    \"powerState\": {\n      \"code\": \"Running\"\n     },\n     \"orchestratorVersion\":
        \"1.25.6\",\n     \"currentOrchestratorVersion\": \"1.25.6\",\n     \"enableNodePublicIP\":
        false,\n     \"mode\": \"System\",\n     \"enableEncryptionAtHost\": false,\n
        \    \"enableUltraSSD\": false,\n     \"osType\": \"Linux\",\n     \"osSKU\":
        \"Ubuntu\",\n     \"nodeImageVersion\": \"AKSUbuntu-2204gen2containerd-202306.19.0\",\n
        \    \"upgradeSettings\": {},\n     \"enableFIPS\": false\n    }\n   }\n  ]\n
        }"
    headers:
      cache-control:
      - no-cache
      content-length:
      - '1036'
      content-type:
      - application/json
      date:
      - Thu, 29 Jun 2023 11:23:45 GMT
      expires:
      - '-1'
      pragma:
      - no-cache
      server:
      - nginx
      strict-transport-security:
      - max-age=31536000; includeSubDomains
      transfer-encoding:
      - chunked
      vary:
      - Accept-Encoding
      x-content-type-options:
      - nosniff
    status:
      code: 200
      message: OK
- request:
    body: '{"properties": {"count": 1, "vmSize": "Standard_D2s_v3", "osDiskSizeGB":
      0, "osType": "Windows", "enableAutoScaling": false, "scaleDownMode": "Delete",
      "type": "VirtualMachineScaleSets", "mode": "User", "upgradeSettings": {}, "enableNodePublicIP":
      false, "scaleSetPriority": "Regular", "scaleSetEvictionPolicy": "Delete", "spotMaxPrice":
      -1.0, "nodeTaints": [], "enableEncryptionAtHost": false, "enableUltraSSD": false,
      "enableFIPS": false}}'
    headers:
      Accept:
      - application/json
      Accept-Encoding:
      - gzip, deflate
      CommandName:
      - aks nodepool add
      Connection:
      - keep-alive
      Content-Length:
      - '441'
      Content-Type:
      - application/json
      ParameterSetName:
      - --resource-group --cluster-name --name --os-type --node-count
      User-Agent:
      - AZURECLI/2.49.0 azsdk-python-azure-mgmt-containerservice/24.0.0 Python/3.8.10
        (Linux-5.15.0-1039-azure-x86_64-with-glibc2.29)
    method: PUT
    uri: https://management.azure.com/subscriptions/00000000-0000-0000-0000-000000000000/resourceGroups/clitest000001/providers/Microsoft.ContainerService/managedClusters/cliakstest000001/agentPools/npwin?api-version=2023-10-01
  response:
    body:
      string: "{\n  \"id\": \"/subscriptions/00000000-0000-0000-0000-000000000000/resourcegroups/clitest000001/providers/Microsoft.ContainerService/managedClusters/cliakstest000001/agentPools/npwin\",\n
        \ \"name\": \"npwin\",\n  \"type\": \"Microsoft.ContainerService/managedClusters/agentPools\",\n
        \ \"properties\": {\n   \"count\": 1,\n   \"vmSize\": \"Standard_D2s_v3\",\n
        \  \"osDiskSizeGB\": 128,\n   \"osDiskType\": \"Managed\",\n   \"kubeletDiskType\":
        \"OS\",\n   \"maxPods\": 30,\n   \"type\": \"VirtualMachineScaleSets\",\n
        \  \"enableAutoScaling\": false,\n   \"scaleDownMode\": \"Delete\",\n   \"provisioningState\":
        \"Creating\",\n   \"powerState\": {\n    \"code\": \"Running\"\n   },\n   \"orchestratorVersion\":
        \"1.25.6\",\n   \"currentOrchestratorVersion\": \"1.25.6\",\n   \"enableNodePublicIP\":
        false,\n   \"mode\": \"User\",\n   \"enableEncryptionAtHost\": false,\n   \"enableUltraSSD\":
        false,\n   \"osType\": \"Windows\",\n   \"osSKU\": \"Windows2022\",\n   \"nodeImageVersion\":
        \"AKSWindows-2022-containerd-20348.1787.230614\",\n   \"upgradeSettings\":
        {},\n   \"enableFIPS\": false\n  }\n }"
    headers:
      azure-asyncoperation:
      - https://management.azure.com/subscriptions/00000000-0000-0000-0000-000000000000/providers/Microsoft.ContainerService/locations/westus2/operations/a71906af-e439-43a9-8faf-a32249a2c326?api-version=2016-03-30
      cache-control:
      - no-cache
      content-length:
      - '983'
      content-type:
      - application/json
      date:
      - Thu, 29 Jun 2023 11:23:49 GMT
      expires:
      - '-1'
      pragma:
      - no-cache
      server:
      - nginx
      strict-transport-security:
      - max-age=31536000; includeSubDomains
      x-content-type-options:
      - nosniff
      x-ms-ratelimit-remaining-subscription-writes:
      - '1196'
    status:
      code: 201
      message: Created
- request:
    body: null
    headers:
      Accept:
      - '*/*'
      Accept-Encoding:
      - gzip, deflate
      CommandName:
      - aks nodepool add
      Connection:
      - keep-alive
      ParameterSetName:
      - --resource-group --cluster-name --name --os-type --node-count
      User-Agent:
      - AZURECLI/2.49.0 azsdk-python-azure-mgmt-containerservice/24.0.0 Python/3.8.10
        (Linux-5.15.0-1039-azure-x86_64-with-glibc2.29)
    method: GET
    uri: https://management.azure.com/subscriptions/00000000-0000-0000-0000-000000000000/providers/Microsoft.ContainerService/locations/westus2/operations/a71906af-e439-43a9-8faf-a32249a2c326?api-version=2016-03-30
  response:
    body:
      string: "{\n  \"name\": \"af0619a7-39e4-a943-8faf-a32249a2c326\",\n  \"status\":
        \"InProgress\",\n  \"startTime\": \"2023-06-29T11:23:49.8149665Z\"\n }"
    headers:
      cache-control:
      - no-cache
      content-length:
      - '126'
      content-type:
      - application/json
      date:
      - Thu, 29 Jun 2023 11:23:49 GMT
      expires:
      - '-1'
      pragma:
      - no-cache
      server:
      - nginx
      strict-transport-security:
      - max-age=31536000; includeSubDomains
      transfer-encoding:
      - chunked
      vary:
      - Accept-Encoding
      x-content-type-options:
      - nosniff
    status:
      code: 200
      message: OK
- request:
    body: null
    headers:
      Accept:
      - '*/*'
      Accept-Encoding:
      - gzip, deflate
      CommandName:
      - aks nodepool add
      Connection:
      - keep-alive
      ParameterSetName:
      - --resource-group --cluster-name --name --os-type --node-count
      User-Agent:
      - AZURECLI/2.49.0 azsdk-python-azure-mgmt-containerservice/24.0.0 Python/3.8.10
        (Linux-5.15.0-1039-azure-x86_64-with-glibc2.29)
    method: GET
    uri: https://management.azure.com/subscriptions/00000000-0000-0000-0000-000000000000/providers/Microsoft.ContainerService/locations/westus2/operations/a71906af-e439-43a9-8faf-a32249a2c326?api-version=2016-03-30
  response:
    body:
      string: "{\n  \"name\": \"af0619a7-39e4-a943-8faf-a32249a2c326\",\n  \"status\":
        \"InProgress\",\n  \"startTime\": \"2023-06-29T11:23:49.8149665Z\"\n }"
    headers:
      cache-control:
      - no-cache
      content-length:
      - '126'
      content-type:
      - application/json
      date:
      - Thu, 29 Jun 2023 11:24:20 GMT
      expires:
      - '-1'
      pragma:
      - no-cache
      server:
      - nginx
      strict-transport-security:
      - max-age=31536000; includeSubDomains
      transfer-encoding:
      - chunked
      vary:
      - Accept-Encoding
      x-content-type-options:
      - nosniff
    status:
      code: 200
      message: OK
- request:
    body: null
    headers:
      Accept:
      - '*/*'
      Accept-Encoding:
      - gzip, deflate
      CommandName:
      - aks nodepool add
      Connection:
      - keep-alive
      ParameterSetName:
      - --resource-group --cluster-name --name --os-type --node-count
      User-Agent:
      - AZURECLI/2.49.0 azsdk-python-azure-mgmt-containerservice/24.0.0 Python/3.8.10
        (Linux-5.15.0-1039-azure-x86_64-with-glibc2.29)
    method: GET
    uri: https://management.azure.com/subscriptions/00000000-0000-0000-0000-000000000000/providers/Microsoft.ContainerService/locations/westus2/operations/a71906af-e439-43a9-8faf-a32249a2c326?api-version=2016-03-30
  response:
    body:
      string: "{\n  \"name\": \"af0619a7-39e4-a943-8faf-a32249a2c326\",\n  \"status\":
        \"InProgress\",\n  \"startTime\": \"2023-06-29T11:23:49.8149665Z\"\n }"
    headers:
      cache-control:
      - no-cache
      content-length:
      - '126'
      content-type:
      - application/json
      date:
      - Thu, 29 Jun 2023 11:24:50 GMT
      expires:
      - '-1'
      pragma:
      - no-cache
      server:
      - nginx
      strict-transport-security:
      - max-age=31536000; includeSubDomains
      transfer-encoding:
      - chunked
      vary:
      - Accept-Encoding
      x-content-type-options:
      - nosniff
    status:
      code: 200
      message: OK
- request:
    body: null
    headers:
      Accept:
      - '*/*'
      Accept-Encoding:
      - gzip, deflate
      CommandName:
      - aks nodepool add
      Connection:
      - keep-alive
      ParameterSetName:
      - --resource-group --cluster-name --name --os-type --node-count
      User-Agent:
      - AZURECLI/2.49.0 azsdk-python-azure-mgmt-containerservice/24.0.0 Python/3.8.10
        (Linux-5.15.0-1039-azure-x86_64-with-glibc2.29)
    method: GET
    uri: https://management.azure.com/subscriptions/00000000-0000-0000-0000-000000000000/providers/Microsoft.ContainerService/locations/westus2/operations/a71906af-e439-43a9-8faf-a32249a2c326?api-version=2016-03-30
  response:
    body:
      string: "{\n  \"name\": \"af0619a7-39e4-a943-8faf-a32249a2c326\",\n  \"status\":
        \"InProgress\",\n  \"startTime\": \"2023-06-29T11:23:49.8149665Z\"\n }"
    headers:
      cache-control:
      - no-cache
      content-length:
      - '126'
      content-type:
      - application/json
      date:
      - Thu, 29 Jun 2023 11:25:20 GMT
      expires:
      - '-1'
      pragma:
      - no-cache
      server:
      - nginx
      strict-transport-security:
      - max-age=31536000; includeSubDomains
      transfer-encoding:
      - chunked
      vary:
      - Accept-Encoding
      x-content-type-options:
      - nosniff
    status:
      code: 200
      message: OK
- request:
    body: null
    headers:
      Accept:
      - '*/*'
      Accept-Encoding:
      - gzip, deflate
      CommandName:
      - aks nodepool add
      Connection:
      - keep-alive
      ParameterSetName:
      - --resource-group --cluster-name --name --os-type --node-count
      User-Agent:
      - AZURECLI/2.49.0 azsdk-python-azure-mgmt-containerservice/24.0.0 Python/3.8.10
        (Linux-5.15.0-1039-azure-x86_64-with-glibc2.29)
    method: GET
    uri: https://management.azure.com/subscriptions/00000000-0000-0000-0000-000000000000/providers/Microsoft.ContainerService/locations/westus2/operations/a71906af-e439-43a9-8faf-a32249a2c326?api-version=2016-03-30
  response:
    body:
      string: "{\n  \"name\": \"af0619a7-39e4-a943-8faf-a32249a2c326\",\n  \"status\":
        \"InProgress\",\n  \"startTime\": \"2023-06-29T11:23:49.8149665Z\"\n }"
    headers:
      cache-control:
      - no-cache
      content-length:
      - '126'
      content-type:
      - application/json
      date:
      - Thu, 29 Jun 2023 11:25:49 GMT
      expires:
      - '-1'
      pragma:
      - no-cache
      server:
      - nginx
      strict-transport-security:
      - max-age=31536000; includeSubDomains
      transfer-encoding:
      - chunked
      vary:
      - Accept-Encoding
      x-content-type-options:
      - nosniff
    status:
      code: 200
      message: OK
- request:
    body: null
    headers:
      Accept:
      - '*/*'
      Accept-Encoding:
      - gzip, deflate
      CommandName:
      - aks nodepool add
      Connection:
      - keep-alive
      ParameterSetName:
      - --resource-group --cluster-name --name --os-type --node-count
      User-Agent:
      - AZURECLI/2.49.0 azsdk-python-azure-mgmt-containerservice/24.0.0 Python/3.8.10
        (Linux-5.15.0-1039-azure-x86_64-with-glibc2.29)
    method: GET
    uri: https://management.azure.com/subscriptions/00000000-0000-0000-0000-000000000000/providers/Microsoft.ContainerService/locations/westus2/operations/a71906af-e439-43a9-8faf-a32249a2c326?api-version=2016-03-30
  response:
    body:
      string: "{\n  \"name\": \"af0619a7-39e4-a943-8faf-a32249a2c326\",\n  \"status\":
        \"InProgress\",\n  \"startTime\": \"2023-06-29T11:23:49.8149665Z\"\n }"
    headers:
      cache-control:
      - no-cache
      content-length:
      - '126'
      content-type:
      - application/json
      date:
      - Thu, 29 Jun 2023 11:26:19 GMT
      expires:
      - '-1'
      pragma:
      - no-cache
      server:
      - nginx
      strict-transport-security:
      - max-age=31536000; includeSubDomains
      transfer-encoding:
      - chunked
      vary:
      - Accept-Encoding
      x-content-type-options:
      - nosniff
    status:
      code: 200
      message: OK
- request:
    body: null
    headers:
      Accept:
      - '*/*'
      Accept-Encoding:
      - gzip, deflate
      CommandName:
      - aks nodepool add
      Connection:
      - keep-alive
      ParameterSetName:
      - --resource-group --cluster-name --name --os-type --node-count
      User-Agent:
      - AZURECLI/2.49.0 azsdk-python-azure-mgmt-containerservice/24.0.0 Python/3.8.10
        (Linux-5.15.0-1039-azure-x86_64-with-glibc2.29)
    method: GET
    uri: https://management.azure.com/subscriptions/00000000-0000-0000-0000-000000000000/providers/Microsoft.ContainerService/locations/westus2/operations/a71906af-e439-43a9-8faf-a32249a2c326?api-version=2016-03-30
  response:
    body:
      string: "{\n  \"name\": \"af0619a7-39e4-a943-8faf-a32249a2c326\",\n  \"status\":
        \"InProgress\",\n  \"startTime\": \"2023-06-29T11:23:49.8149665Z\"\n }"
    headers:
      cache-control:
      - no-cache
      content-length:
      - '126'
      content-type:
      - application/json
      date:
      - Thu, 29 Jun 2023 11:26:49 GMT
      expires:
      - '-1'
      pragma:
      - no-cache
      server:
      - nginx
      strict-transport-security:
      - max-age=31536000; includeSubDomains
      transfer-encoding:
      - chunked
      vary:
      - Accept-Encoding
      x-content-type-options:
      - nosniff
    status:
      code: 200
      message: OK
- request:
    body: null
    headers:
      Accept:
      - '*/*'
      Accept-Encoding:
      - gzip, deflate
      CommandName:
      - aks nodepool add
      Connection:
      - keep-alive
      ParameterSetName:
      - --resource-group --cluster-name --name --os-type --node-count
      User-Agent:
      - AZURECLI/2.49.0 azsdk-python-azure-mgmt-containerservice/24.0.0 Python/3.8.10
        (Linux-5.15.0-1039-azure-x86_64-with-glibc2.29)
    method: GET
    uri: https://management.azure.com/subscriptions/00000000-0000-0000-0000-000000000000/providers/Microsoft.ContainerService/locations/westus2/operations/a71906af-e439-43a9-8faf-a32249a2c326?api-version=2016-03-30
  response:
    body:
      string: "{\n  \"name\": \"af0619a7-39e4-a943-8faf-a32249a2c326\",\n  \"status\":
        \"InProgress\",\n  \"startTime\": \"2023-06-29T11:23:49.8149665Z\"\n }"
    headers:
      cache-control:
      - no-cache
      content-length:
      - '126'
      content-type:
      - application/json
      date:
      - Thu, 29 Jun 2023 11:27:20 GMT
      expires:
      - '-1'
      pragma:
      - no-cache
      server:
      - nginx
      strict-transport-security:
      - max-age=31536000; includeSubDomains
      transfer-encoding:
      - chunked
      vary:
      - Accept-Encoding
      x-content-type-options:
      - nosniff
    status:
      code: 200
      message: OK
- request:
    body: null
    headers:
      Accept:
      - '*/*'
      Accept-Encoding:
      - gzip, deflate
      CommandName:
      - aks nodepool add
      Connection:
      - keep-alive
      ParameterSetName:
      - --resource-group --cluster-name --name --os-type --node-count
      User-Agent:
      - AZURECLI/2.49.0 azsdk-python-azure-mgmt-containerservice/24.0.0 Python/3.8.10
        (Linux-5.15.0-1039-azure-x86_64-with-glibc2.29)
    method: GET
    uri: https://management.azure.com/subscriptions/00000000-0000-0000-0000-000000000000/providers/Microsoft.ContainerService/locations/westus2/operations/a71906af-e439-43a9-8faf-a32249a2c326?api-version=2016-03-30
  response:
    body:
      string: "{\n  \"name\": \"af0619a7-39e4-a943-8faf-a32249a2c326\",\n  \"status\":
        \"InProgress\",\n  \"startTime\": \"2023-06-29T11:23:49.8149665Z\"\n }"
    headers:
      cache-control:
      - no-cache
      content-length:
      - '126'
      content-type:
      - application/json
      date:
      - Thu, 29 Jun 2023 11:27:50 GMT
      expires:
      - '-1'
      pragma:
      - no-cache
      server:
      - nginx
      strict-transport-security:
      - max-age=31536000; includeSubDomains
      transfer-encoding:
      - chunked
      vary:
      - Accept-Encoding
      x-content-type-options:
      - nosniff
    status:
      code: 200
      message: OK
- request:
    body: null
    headers:
      Accept:
      - '*/*'
      Accept-Encoding:
      - gzip, deflate
      CommandName:
      - aks nodepool add
      Connection:
      - keep-alive
      ParameterSetName:
      - --resource-group --cluster-name --name --os-type --node-count
      User-Agent:
      - AZURECLI/2.49.0 azsdk-python-azure-mgmt-containerservice/24.0.0 Python/3.8.10
        (Linux-5.15.0-1039-azure-x86_64-with-glibc2.29)
    method: GET
    uri: https://management.azure.com/subscriptions/00000000-0000-0000-0000-000000000000/providers/Microsoft.ContainerService/locations/westus2/operations/a71906af-e439-43a9-8faf-a32249a2c326?api-version=2016-03-30
  response:
    body:
      string: "{\n  \"name\": \"af0619a7-39e4-a943-8faf-a32249a2c326\",\n  \"status\":
        \"InProgress\",\n  \"startTime\": \"2023-06-29T11:23:49.8149665Z\"\n }"
    headers:
      cache-control:
      - no-cache
      content-length:
      - '126'
      content-type:
      - application/json
      date:
      - Thu, 29 Jun 2023 11:28:20 GMT
      expires:
      - '-1'
      pragma:
      - no-cache
      server:
      - nginx
      strict-transport-security:
      - max-age=31536000; includeSubDomains
      transfer-encoding:
      - chunked
      vary:
      - Accept-Encoding
      x-content-type-options:
      - nosniff
    status:
      code: 200
      message: OK
- request:
    body: null
    headers:
      Accept:
      - '*/*'
      Accept-Encoding:
      - gzip, deflate
      CommandName:
      - aks nodepool add
      Connection:
      - keep-alive
      ParameterSetName:
      - --resource-group --cluster-name --name --os-type --node-count
      User-Agent:
      - AZURECLI/2.49.0 azsdk-python-azure-mgmt-containerservice/24.0.0 Python/3.8.10
        (Linux-5.15.0-1039-azure-x86_64-with-glibc2.29)
    method: GET
    uri: https://management.azure.com/subscriptions/00000000-0000-0000-0000-000000000000/providers/Microsoft.ContainerService/locations/westus2/operations/a71906af-e439-43a9-8faf-a32249a2c326?api-version=2016-03-30
  response:
    body:
      string: "{\n  \"name\": \"af0619a7-39e4-a943-8faf-a32249a2c326\",\n  \"status\":
        \"InProgress\",\n  \"startTime\": \"2023-06-29T11:23:49.8149665Z\"\n }"
    headers:
      cache-control:
      - no-cache
      content-length:
      - '126'
      content-type:
      - application/json
      date:
      - Thu, 29 Jun 2023 11:28:51 GMT
      expires:
      - '-1'
      pragma:
      - no-cache
      server:
      - nginx
      strict-transport-security:
      - max-age=31536000; includeSubDomains
      transfer-encoding:
      - chunked
      vary:
      - Accept-Encoding
      x-content-type-options:
      - nosniff
    status:
      code: 200
      message: OK
- request:
    body: null
    headers:
      Accept:
      - '*/*'
      Accept-Encoding:
      - gzip, deflate
      CommandName:
      - aks nodepool add
      Connection:
      - keep-alive
      ParameterSetName:
      - --resource-group --cluster-name --name --os-type --node-count
      User-Agent:
      - AZURECLI/2.49.0 azsdk-python-azure-mgmt-containerservice/24.0.0 Python/3.8.10
        (Linux-5.15.0-1039-azure-x86_64-with-glibc2.29)
    method: GET
    uri: https://management.azure.com/subscriptions/00000000-0000-0000-0000-000000000000/providers/Microsoft.ContainerService/locations/westus2/operations/a71906af-e439-43a9-8faf-a32249a2c326?api-version=2016-03-30
  response:
    body:
      string: "{\n  \"name\": \"af0619a7-39e4-a943-8faf-a32249a2c326\",\n  \"status\":
        \"InProgress\",\n  \"startTime\": \"2023-06-29T11:23:49.8149665Z\"\n }"
    headers:
      cache-control:
      - no-cache
      content-length:
      - '126'
      content-type:
      - application/json
      date:
      - Thu, 29 Jun 2023 11:29:21 GMT
      expires:
      - '-1'
      pragma:
      - no-cache
      server:
      - nginx
      strict-transport-security:
      - max-age=31536000; includeSubDomains
      transfer-encoding:
      - chunked
      vary:
      - Accept-Encoding
      x-content-type-options:
      - nosniff
    status:
      code: 200
      message: OK
- request:
    body: null
    headers:
      Accept:
      - '*/*'
      Accept-Encoding:
      - gzip, deflate
      CommandName:
      - aks nodepool add
      Connection:
      - keep-alive
      ParameterSetName:
      - --resource-group --cluster-name --name --os-type --node-count
      User-Agent:
      - AZURECLI/2.49.0 azsdk-python-azure-mgmt-containerservice/24.0.0 Python/3.8.10
        (Linux-5.15.0-1039-azure-x86_64-with-glibc2.29)
    method: GET
    uri: https://management.azure.com/subscriptions/00000000-0000-0000-0000-000000000000/providers/Microsoft.ContainerService/locations/westus2/operations/a71906af-e439-43a9-8faf-a32249a2c326?api-version=2016-03-30
  response:
    body:
      string: "{\n  \"name\": \"af0619a7-39e4-a943-8faf-a32249a2c326\",\n  \"status\":
        \"InProgress\",\n  \"startTime\": \"2023-06-29T11:23:49.8149665Z\"\n }"
    headers:
      cache-control:
      - no-cache
      content-length:
      - '126'
      content-type:
      - application/json
      date:
      - Thu, 29 Jun 2023 11:29:51 GMT
      expires:
      - '-1'
      pragma:
      - no-cache
      server:
      - nginx
      strict-transport-security:
      - max-age=31536000; includeSubDomains
      transfer-encoding:
      - chunked
      vary:
      - Accept-Encoding
      x-content-type-options:
      - nosniff
    status:
      code: 200
      message: OK
- request:
    body: null
    headers:
      Accept:
      - '*/*'
      Accept-Encoding:
      - gzip, deflate
      CommandName:
      - aks nodepool add
      Connection:
      - keep-alive
      ParameterSetName:
      - --resource-group --cluster-name --name --os-type --node-count
      User-Agent:
      - AZURECLI/2.49.0 azsdk-python-azure-mgmt-containerservice/24.0.0 Python/3.8.10
        (Linux-5.15.0-1039-azure-x86_64-with-glibc2.29)
    method: GET
    uri: https://management.azure.com/subscriptions/00000000-0000-0000-0000-000000000000/providers/Microsoft.ContainerService/locations/westus2/operations/a71906af-e439-43a9-8faf-a32249a2c326?api-version=2016-03-30
  response:
    body:
      string: "{\n  \"name\": \"af0619a7-39e4-a943-8faf-a32249a2c326\",\n  \"status\":
        \"Succeeded\",\n  \"startTime\": \"2023-06-29T11:23:49.8149665Z\",\n  \"endTime\":
        \"2023-06-29T11:29:53.8329354Z\"\n }"
    headers:
      cache-control:
      - no-cache
      content-length:
      - '170'
      content-type:
      - application/json
      date:
      - Thu, 29 Jun 2023 11:30:21 GMT
      expires:
      - '-1'
      pragma:
      - no-cache
      server:
      - nginx
      strict-transport-security:
      - max-age=31536000; includeSubDomains
      transfer-encoding:
      - chunked
      vary:
      - Accept-Encoding
      x-content-type-options:
      - nosniff
    status:
      code: 200
      message: OK
- request:
    body: null
    headers:
      Accept:
      - '*/*'
      Accept-Encoding:
      - gzip, deflate
      CommandName:
      - aks nodepool add
      Connection:
      - keep-alive
      ParameterSetName:
      - --resource-group --cluster-name --name --os-type --node-count
      User-Agent:
      - AZURECLI/2.49.0 azsdk-python-azure-mgmt-containerservice/24.0.0 Python/3.8.10
        (Linux-5.15.0-1039-azure-x86_64-with-glibc2.29)
    method: GET
    uri: https://management.azure.com/subscriptions/00000000-0000-0000-0000-000000000000/resourceGroups/clitest000001/providers/Microsoft.ContainerService/managedClusters/cliakstest000001/agentPools/npwin?api-version=2023-10-01
  response:
    body:
      string: "{\n  \"id\": \"/subscriptions/00000000-0000-0000-0000-000000000000/resourcegroups/clitest000001/providers/Microsoft.ContainerService/managedClusters/cliakstest000001/agentPools/npwin\",\n
        \ \"name\": \"npwin\",\n  \"type\": \"Microsoft.ContainerService/managedClusters/agentPools\",\n
        \ \"properties\": {\n   \"count\": 1,\n   \"vmSize\": \"Standard_D2s_v3\",\n
        \  \"osDiskSizeGB\": 128,\n   \"osDiskType\": \"Managed\",\n   \"kubeletDiskType\":
        \"OS\",\n   \"maxPods\": 30,\n   \"type\": \"VirtualMachineScaleSets\",\n
        \  \"enableAutoScaling\": false,\n   \"scaleDownMode\": \"Delete\",\n   \"provisioningState\":
        \"Succeeded\",\n   \"powerState\": {\n    \"code\": \"Running\"\n   },\n   \"orchestratorVersion\":
        \"1.25.6\",\n   \"currentOrchestratorVersion\": \"1.25.6\",\n   \"enableNodePublicIP\":
        false,\n   \"mode\": \"User\",\n   \"enableEncryptionAtHost\": false,\n   \"enableUltraSSD\":
        false,\n   \"osType\": \"Windows\",\n   \"osSKU\": \"Windows2022\",\n   \"nodeImageVersion\":
        \"AKSWindows-2022-containerd-20348.1787.230614\",\n   \"upgradeSettings\":
        {},\n   \"enableFIPS\": false\n  }\n }"
    headers:
      cache-control:
      - no-cache
      content-length:
      - '984'
      content-type:
      - application/json
      date:
      - Thu, 29 Jun 2023 11:30:22 GMT
      expires:
      - '-1'
      pragma:
      - no-cache
      server:
      - nginx
      strict-transport-security:
      - max-age=31536000; includeSubDomains
      transfer-encoding:
      - chunked
      vary:
      - Accept-Encoding
      x-content-type-options:
      - nosniff
    status:
      code: 200
      message: OK
- request:
    body: null
    headers:
      Accept:
      - application/json
      Accept-Encoding:
      - gzip, deflate
      CommandName:
      - aks nodepool delete
      Connection:
      - keep-alive
      ParameterSetName:
      - --resource-group --cluster-name --name --no-wait
      User-Agent:
      - AZURECLI/2.49.0 azsdk-python-azure-mgmt-containerservice/24.0.0 Python/3.8.10
        (Linux-5.15.0-1039-azure-x86_64-with-glibc2.29)
    method: GET
    uri: https://management.azure.com/subscriptions/00000000-0000-0000-0000-000000000000/resourceGroups/clitest000001/providers/Microsoft.ContainerService/managedClusters/cliakstest000001/agentPools?api-version=2023-10-01
  response:
    body:
      string: "{\n  \"value\": [\n   {\n    \"id\": \"/subscriptions/00000000-0000-0000-0000-000000000000/resourcegroups/clitest000001/providers/Microsoft.ContainerService/managedClusters/cliakstest000001/agentPools/nodepool1\",\n
        \   \"name\": \"nodepool1\",\n    \"type\": \"Microsoft.ContainerService/managedClusters/agentPools\",\n
        \   \"properties\": {\n     \"count\": 1,\n     \"vmSize\": \"Standard_DS2_v2\",\n
        \    \"osDiskSizeGB\": 128,\n     \"osDiskType\": \"Managed\",\n     \"kubeletDiskType\":
        \"OS\",\n     \"maxPods\": 30,\n     \"type\": \"VirtualMachineScaleSets\",\n
        \    \"enableAutoScaling\": false,\n     \"provisioningState\": \"Succeeded\",\n
        \    \"powerState\": {\n      \"code\": \"Running\"\n     },\n     \"orchestratorVersion\":
        \"1.25.6\",\n     \"currentOrchestratorVersion\": \"1.25.6\",\n     \"enableNodePublicIP\":
        false,\n     \"mode\": \"System\",\n     \"enableEncryptionAtHost\": false,\n
        \    \"enableUltraSSD\": false,\n     \"osType\": \"Linux\",\n     \"osSKU\":
        \"Ubuntu\",\n     \"nodeImageVersion\": \"AKSUbuntu-2204gen2containerd-202306.19.0\",\n
        \    \"upgradeSettings\": {},\n     \"enableFIPS\": false\n    }\n   },\n
        \  {\n    \"id\": \"/subscriptions/00000000-0000-0000-0000-000000000000/resourcegroups/clitest000001/providers/Microsoft.ContainerService/managedClusters/cliakstest000001/agentPools/npwin\",\n
        \   \"name\": \"npwin\",\n    \"type\": \"Microsoft.ContainerService/managedClusters/agentPools\",\n
        \   \"properties\": {\n     \"count\": 1,\n     \"vmSize\": \"Standard_D2s_v3\",\n
        \    \"osDiskSizeGB\": 128,\n     \"osDiskType\": \"Managed\",\n     \"kubeletDiskType\":
        \"OS\",\n     \"maxPods\": 30,\n     \"type\": \"VirtualMachineScaleSets\",\n
        \    \"enableAutoScaling\": false,\n     \"scaleDownMode\": \"Delete\",\n
        \    \"provisioningState\": \"Succeeded\",\n     \"powerState\": {\n      \"code\":
        \"Running\"\n     },\n     \"orchestratorVersion\": \"1.25.6\",\n     \"currentOrchestratorVersion\":
        \"1.25.6\",\n     \"enableNodePublicIP\": false,\n     \"mode\": \"User\",\n
        \    \"enableEncryptionAtHost\": false,\n     \"enableUltraSSD\": false,\n
        \    \"osType\": \"Windows\",\n     \"osSKU\": \"Windows2022\",\n     \"nodeImageVersion\":
        \"AKSWindows-2022-containerd-20348.1787.230614\",\n     \"upgradeSettings\":
        {},\n     \"enableFIPS\": false\n    }\n   }\n  ]\n }"
    headers:
      cache-control:
      - no-cache
      content-length:
      - '2085'
      content-type:
      - application/json
      date:
      - Thu, 29 Jun 2023 11:30:23 GMT
      expires:
      - '-1'
      pragma:
      - no-cache
      server:
      - nginx
      strict-transport-security:
      - max-age=31536000; includeSubDomains
      transfer-encoding:
      - chunked
      vary:
      - Accept-Encoding
      x-content-type-options:
      - nosniff
    status:
      code: 200
      message: OK
- request:
    body: null
    headers:
      Accept:
      - application/json
      Accept-Encoding:
      - gzip, deflate
      CommandName:
      - aks nodepool delete
      Connection:
      - keep-alive
      Content-Length:
      - '0'
      ParameterSetName:
      - --resource-group --cluster-name --name --no-wait
      User-Agent:
      - AZURECLI/2.49.0 azsdk-python-azure-mgmt-containerservice/24.0.0 Python/3.8.10
        (Linux-5.15.0-1039-azure-x86_64-with-glibc2.29)
    method: DELETE
    uri: https://management.azure.com/subscriptions/00000000-0000-0000-0000-000000000000/resourceGroups/clitest000001/providers/Microsoft.ContainerService/managedClusters/cliakstest000001/agentPools/npwin?api-version=2023-10-01
  response:
    body:
      string: ''
    headers:
      azure-asyncoperation:
      - https://management.azure.com/subscriptions/00000000-0000-0000-0000-000000000000/providers/Microsoft.ContainerService/locations/westus2/operations/e7a4cdcf-6f99-4733-8b2b-03a57001b644?api-version=2016-03-30
      cache-control:
      - no-cache
      content-length:
      - '0'
      date:
      - Thu, 29 Jun 2023 11:30:23 GMT
      expires:
      - '-1'
      location:
      - https://management.azure.com/subscriptions/00000000-0000-0000-0000-000000000000/providers/Microsoft.ContainerService/locations/westus2/operationresults/e7a4cdcf-6f99-4733-8b2b-03a57001b644?api-version=2016-03-30
      pragma:
      - no-cache
      server:
      - nginx
      strict-transport-security:
      - max-age=31536000; includeSubDomains
      x-content-type-options:
      - nosniff
      x-ms-ratelimit-remaining-subscription-deletes:
      - '14999'
    status:
      code: 202
      message: Accepted
- request:
    body: null
    headers:
      Accept:
      - application/json
      Accept-Encoding:
      - gzip, deflate
      CommandName:
      - aks delete
      Connection:
      - keep-alive
      Content-Length:
      - '0'
      ParameterSetName:
      - -g -n --yes --no-wait
      User-Agent:
      - AZURECLI/2.49.0 azsdk-python-azure-mgmt-containerservice/24.0.0 Python/3.8.10
        (Linux-5.15.0-1039-azure-x86_64-with-glibc2.29)
    method: DELETE
    uri: https://management.azure.com/subscriptions/00000000-0000-0000-0000-000000000000/resourceGroups/clitest000001/providers/Microsoft.ContainerService/managedClusters/cliakstest000001?api-version=2023-10-01
  response:
    body:
      string: ''
    headers:
      azure-asyncoperation:
      - https://management.azure.com/subscriptions/00000000-0000-0000-0000-000000000000/providers/Microsoft.ContainerService/locations/westus2/operations/35c311ae-bcc6-423e-b0c2-7f9b6a1ccb27?api-version=2016-03-30
      cache-control:
      - no-cache
      content-length:
      - '0'
      date:
      - Thu, 29 Jun 2023 11:30:30 GMT
      expires:
      - '-1'
      location:
      - https://management.azure.com/subscriptions/00000000-0000-0000-0000-000000000000/providers/Microsoft.ContainerService/locations/westus2/operationresults/35c311ae-bcc6-423e-b0c2-7f9b6a1ccb27?api-version=2016-03-30
      pragma:
      - no-cache
      server:
      - nginx
      strict-transport-security:
      - max-age=31536000; includeSubDomains
      x-content-type-options:
      - nosniff
      x-ms-ratelimit-remaining-subscription-deletes:
      - '14999'
    status:
      code: 202
      message: Accepted
version: 1
