interactions:
- request:
    body: '{"location": "westus", "tags": {"use": "az-test"}}'
    headers:
      Accept: [application/json]
      Accept-Encoding: ['gzip, deflate']
      CommandName: [group create]
      Connection: [keep-alive]
      Content-Length: ['50']
      Content-Type: [application/json; charset=utf-8]
      User-Agent: [python/3.5.3 (Windows-10-10.0.15063-SP0) requests/2.9.1 msrest/0.4.7
          msrest_azure/0.4.7 resourcemanagementclient/1.0.0rc1 Azure-SDK-For-Python
          AZURECLI/2.0.3+dev]
      accept-language: [en-US]
    method: PUT
    uri: https://management.azure.com/subscriptions/00000000-0000-0000-0000-000000000000/resourcegroups/clitest.rg000001?api-version=2016-09-01
  response:
    body: {string: '{"id":"/subscriptions/00000000-0000-0000-0000-000000000000/resourceGroups/clitest.rg000001","name":"clitest.rg000001","location":"westus","tags":{"use":"az-test"},"properties":{"provisioningState":"Succeeded"}}'}
    headers:
      cache-control: [no-cache]
      content-length: ['328']
      content-type: [application/json; charset=utf-8]
      date: ['Thu, 27 Apr 2017 22:32:47 GMT']
      expires: ['-1']
      pragma: [no-cache]
      strict-transport-security: [max-age=31536000; includeSubDomains]
      x-ms-ratelimit-remaining-subscription-writes: ['1199']
    status: {code: 201, message: Created}
- request:
    body: '{"properties": {"administratorLogin": "admin123", "administratorLoginPassword":
      "SecretPassword123"}, "location": "westus"}'
    headers:
      Accept: [application/json]
      Accept-Encoding: ['gzip, deflate']
      CommandName: [sql server create]
      Connection: [keep-alive]
      Content-Length: ['123']
      Content-Type: [application/json; charset=utf-8]
      User-Agent: [python/3.5.3 (Windows-10-10.0.15063-SP0) requests/2.9.1 msrest/0.4.7
          msrest_azure/0.4.7 sqlmanagementclient/0.4.0 Azure-SDK-For-Python AZURECLI/2.0.3+dev]
      accept-language: [en-US]
    method: PUT
    uri: https://management.azure.com/subscriptions/00000000-0000-0000-0000-000000000000/resourceGroups/clitest.rg000001/providers/Microsoft.Sql/servers/clitestserver000002?api-version=2014-04-01
  response:
    body: {string: '{"id":"/subscriptions/00000000-0000-0000-0000-000000000000/resourceGroups/clitest.rg000001/providers/Microsoft.Sql/servers/clitestserver000002","name":"clitestserver000002","type":"Microsoft.Sql/servers","location":"West
        US","kind":"v12.0","properties":{"fullyQualifiedDomainName":"clitestserver000002.database.windows.net","administratorLogin":"admin123","administratorLoginPassword":"SecretPassword123","externalAdministratorLogin":null,"externalAdministratorSid":null,"version":"12.0","state":"Ready"}}'}
    headers:
      cache-control: ['no-store, no-cache']
      content-length: ['696']
      content-type: [application/json; odata=minimalmetadata; streaming=true; charset=utf-8]
      dataserviceversion: [3.0;]
      date: ['Thu, 27 Apr 2017 22:33:19 GMT']
      preference-applied: [return-content]
      server: [Microsoft-HTTPAPI/2.0]
      strict-transport-security: [max-age=31536000; includeSubDomains]
      x-content-type-options: [nosniff]
      x-ms-ratelimit-remaining-subscription-writes: ['1199']
    status: {code: 201, message: Created}
- request:
    body: null
    headers:
      Accept: [application/json]
      Accept-Encoding: ['gzip, deflate']
      CommandName: [sql server list]
      Connection: [keep-alive]
      Content-Type: [application/json; charset=utf-8]
      User-Agent: [python/3.5.3 (Windows-10-10.0.15063-SP0) requests/2.9.1 msrest/0.4.7
          msrest_azure/0.4.7 sqlmanagementclient/0.4.0 Azure-SDK-For-Python AZURECLI/2.0.3+dev]
      accept-language: [en-US]
    method: GET
    uri: https://management.azure.com/subscriptions/00000000-0000-0000-0000-000000000000/resourceGroups/clitest.rg000001/providers/Microsoft.Sql/servers?api-version=2014-04-01
  response:
    body: {string: '{"value":[{"id":"/subscriptions/00000000-0000-0000-0000-000000000000/resourceGroups/clitest.rg000001/providers/Microsoft.Sql/servers/clitestserver000002","name":"clitestserver000002","type":"Microsoft.Sql/servers","location":"West
        US","kind":"v12.0","properties":{"fullyQualifiedDomainName":"clitestserver000002.database.windows.net","administratorLogin":"admin123","administratorLoginPassword":null,"externalAdministratorLogin":null,"externalAdministratorSid":null,"version":"12.0","state":"Ready"}}]}'}
    headers:
      cache-control: ['no-store, no-cache']
      content-length: ['693']
      content-type: [application/json; odata=minimalmetadata; streaming=true; charset=utf-8]
      dataserviceversion: [3.0;]
      date: ['Thu, 27 Apr 2017 22:33:20 GMT']
      server: [Microsoft-HTTPAPI/2.0]
      strict-transport-security: [max-age=31536000; includeSubDomains]
      transfer-encoding: [chunked]
      vary: [Accept-Encoding]
      x-content-type-options: [nosniff]
    status: {code: 200, message: OK}
- request:
    body: null
    headers:
      Accept: [application/json]
      Accept-Encoding: ['gzip, deflate']
      CommandName: [sql server update]
      Connection: [keep-alive]
      Content-Type: [application/json; charset=utf-8]
      User-Agent: [python/3.5.3 (Windows-10-10.0.15063-SP0) requests/2.9.1 msrest/0.4.7
          msrest_azure/0.4.7 sqlmanagementclient/0.4.0 Azure-SDK-For-Python AZURECLI/2.0.3+dev]
      accept-language: [en-US]
    method: GET
    uri: https://management.azure.com/subscriptions/00000000-0000-0000-0000-000000000000/resourceGroups/clitest.rg000001/providers/Microsoft.Sql/servers/clitestserver000002?api-version=2014-04-01
  response:
    body: {string: '{"id":"/subscriptions/00000000-0000-0000-0000-000000000000/resourceGroups/clitest.rg000001/providers/Microsoft.Sql/servers/clitestserver000002","name":"clitestserver000002","type":"Microsoft.Sql/servers","location":"West
        US","kind":"v12.0","properties":{"fullyQualifiedDomainName":"clitestserver000002.database.windows.net","administratorLogin":"admin123","administratorLoginPassword":null,"externalAdministratorLogin":null,"externalAdministratorSid":null,"version":"12.0","state":"Ready"}}'}
    headers:
      cache-control: ['no-store, no-cache']
      content-length: ['681']
      content-type: [application/json; odata=minimalmetadata; streaming=true; charset=utf-8]
      dataserviceversion: [3.0;]
      date: ['Thu, 27 Apr 2017 22:33:20 GMT']
      server: [Microsoft-HTTPAPI/2.0]
      strict-transport-security: [max-age=31536000; includeSubDomains]
      transfer-encoding: [chunked]
      vary: [Accept-Encoding]
      x-content-type-options: [nosniff]
    status: {code: 200, message: OK}
- request:
    body: '{"properties": {"version": "12.0", "administratorLoginPassword": "SecretPassword456",
      "administratorLogin": "admin123"}, "location": "West US"}'
    headers:
      Accept: [application/json]
      Accept-Encoding: ['gzip, deflate']
      CommandName: [sql server update]
      Connection: [keep-alive]
      Content-Length: ['143']
      Content-Type: [application/json; charset=utf-8]
      User-Agent: [python/3.5.3 (Windows-10-10.0.15063-SP0) requests/2.9.1 msrest/0.4.7
          msrest_azure/0.4.7 sqlmanagementclient/0.4.0 Azure-SDK-For-Python AZURECLI/2.0.3+dev]
      accept-language: [en-US]
    method: PUT
    uri: https://management.azure.com/subscriptions/00000000-0000-0000-0000-000000000000/resourceGroups/clitest.rg000001/providers/Microsoft.Sql/servers/clitestserver000002?api-version=2014-04-01
  response:
    body: {string: '{"id":"/subscriptions/00000000-0000-0000-0000-000000000000/resourceGroups/clitest.rg000001/providers/Microsoft.Sql/servers/clitestserver000002","name":"clitestserver000002","type":"Microsoft.Sql/servers","location":"West
        US","kind":"v12.0","properties":{"fullyQualifiedDomainName":"clitestserver000002.database.windows.net","administratorLogin":"admin123","administratorLoginPassword":"SecretPassword456","externalAdministratorLogin":null,"externalAdministratorSid":null,"version":"12.0","state":"Ready"}}'}
    headers:
      cache-control: ['no-store, no-cache']
      content-length: ['696']
      content-type: [application/json; odata=minimalmetadata; streaming=true; charset=utf-8]
      dataserviceversion: [3.0;]
      date: ['Thu, 27 Apr 2017 22:33:22 GMT']
      preference-applied: [return-content]
      server: [Microsoft-HTTPAPI/2.0]
      strict-transport-security: [max-age=31536000; includeSubDomains]
      transfer-encoding: [chunked]
      vary: [Accept-Encoding]
      x-content-type-options: [nosniff]
      x-ms-ratelimit-remaining-subscription-writes: ['1199']
    status: {code: 200, message: OK}
- request:
    body: '{"properties": {"administratorLogin": "admin123", "administratorLoginPassword":
      "SecretPassword123"}, "location": "westus"}'
    headers:
      Accept: [application/json]
      Accept-Encoding: ['gzip, deflate']
      CommandName: [sql server create]
      Connection: [keep-alive]
      Content-Length: ['123']
      Content-Type: [application/json; charset=utf-8]
      User-Agent: [python/3.5.3 (Windows-10-10.0.15063-SP0) requests/2.9.1 msrest/0.4.7
          msrest_azure/0.4.7 sqlmanagementclient/0.4.0 Azure-SDK-For-Python AZURECLI/2.0.3+dev]
      accept-language: [en-US]
    method: PUT
    uri: https://management.azure.com/subscriptions/00000000-0000-0000-0000-000000000000/resourceGroups/clitest.rg000001/providers/Microsoft.Sql/servers/clitestserver000003?api-version=2014-04-01
  response:
    body: {string: '{"id":"/subscriptions/00000000-0000-0000-0000-000000000000/resourceGroups/clitest.rg000001/providers/Microsoft.Sql/servers/clitestserver000003","name":"clitestserver000003","type":"Microsoft.Sql/servers","location":"West
        US","kind":"v12.0","properties":{"fullyQualifiedDomainName":"clitestserver000003.database.windows.net","administratorLogin":"admin123","administratorLoginPassword":"SecretPassword123","externalAdministratorLogin":null,"externalAdministratorSid":null,"version":"12.0","state":"Ready"}}'}
    headers:
      cache-control: ['no-store, no-cache']
      content-length: ['696']
      content-type: [application/json; odata=minimalmetadata; streaming=true; charset=utf-8]
      dataserviceversion: [3.0;]
      date: ['Thu, 27 Apr 2017 22:33:47 GMT']
      preference-applied: [return-content]
      server: [Microsoft-HTTPAPI/2.0]
      strict-transport-security: [max-age=31536000; includeSubDomains]
      x-content-type-options: [nosniff]
      x-ms-ratelimit-remaining-subscription-writes: ['1199']
    status: {code: 201, message: Created}
- request:
    body: null
    headers:
      Accept: [application/json]
      Accept-Encoding: ['gzip, deflate']
      CommandName: [sql server list]
      Connection: [keep-alive]
      Content-Type: [application/json; charset=utf-8]
      User-Agent: [python/3.5.3 (Windows-10-10.0.15063-SP0) requests/2.9.1 msrest/0.4.7
          msrest_azure/0.4.7 sqlmanagementclient/0.4.0 Azure-SDK-For-Python AZURECLI/2.0.3+dev]
      accept-language: [en-US]
    method: GET
    uri: https://management.azure.com/subscriptions/00000000-0000-0000-0000-000000000000/resourceGroups/clitest.rg000001/providers/Microsoft.Sql/servers?api-version=2014-04-01
  response:
    body: {string: '{"value":[{"id":"/subscriptions/00000000-0000-0000-0000-000000000000/resourceGroups/clitest.rg000001/providers/Microsoft.Sql/servers/clitestserver000003","name":"clitestserver000003","type":"Microsoft.Sql/servers","location":"West
        US","kind":"v12.0","properties":{"fullyQualifiedDomainName":"clitestserver000003.database.windows.net","administratorLogin":"admin123","administratorLoginPassword":null,"externalAdministratorLogin":null,"externalAdministratorSid":null,"version":"12.0","state":"Ready"}},{"id":"/subscriptions/00000000-0000-0000-0000-000000000000/resourceGroups/clitest.rg000001/providers/Microsoft.Sql/servers/clitestserver000002","name":"clitestserver000002","type":"Microsoft.Sql/servers","location":"West
        US","kind":"v12.0","properties":{"fullyQualifiedDomainName":"clitestserver000002.database.windows.net","administratorLogin":"admin123","administratorLoginPassword":null,"externalAdministratorLogin":null,"externalAdministratorSid":null,"version":"12.0","state":"Ready"}}]}'}
    headers:
      cache-control: ['no-store, no-cache']
      content-length: ['1375']
      content-type: [application/json; odata=minimalmetadata; streaming=true; charset=utf-8]
      dataserviceversion: [3.0;]
      date: ['Thu, 27 Apr 2017 22:33:48 GMT']
      server: [Microsoft-HTTPAPI/2.0]
      strict-transport-security: [max-age=31536000; includeSubDomains]
      transfer-encoding: [chunked]
      vary: [Accept-Encoding]
      x-content-type-options: [nosniff]
    status: {code: 200, message: OK}
- request:
    body: null
    headers:
      Accept: [application/json]
      Accept-Encoding: ['gzip, deflate']
      CommandName: [sql server show]
      Connection: [keep-alive]
      Content-Type: [application/json; charset=utf-8]
      User-Agent: [python/3.5.3 (Windows-10-10.0.15063-SP0) requests/2.9.1 msrest/0.4.7
          msrest_azure/0.4.7 sqlmanagementclient/0.4.0 Azure-SDK-For-Python AZURECLI/2.0.3+dev]
      accept-language: [en-US]
    method: GET
    uri: https://management.azure.com/subscriptions/00000000-0000-0000-0000-000000000000/resourceGroups/clitest.rg000001/providers/Microsoft.Sql/servers/clitestserver000002?api-version=2014-04-01
  response:
    body: {string: '{"id":"/subscriptions/00000000-0000-0000-0000-000000000000/resourceGroups/clitest.rg000001/providers/Microsoft.Sql/servers/clitestserver000002","name":"clitestserver000002","type":"Microsoft.Sql/servers","location":"West
        US","kind":"v12.0","properties":{"fullyQualifiedDomainName":"clitestserver000002.database.windows.net","administratorLogin":"admin123","administratorLoginPassword":null,"externalAdministratorLogin":null,"externalAdministratorSid":null,"version":"12.0","state":"Ready"}}'}
    headers:
      cache-control: ['no-store, no-cache']
      content-length: ['681']
      content-type: [application/json; odata=minimalmetadata; streaming=true; charset=utf-8]
      dataserviceversion: [3.0;]
      date: ['Thu, 27 Apr 2017 22:33:48 GMT']
      server: [Microsoft-HTTPAPI/2.0]
      strict-transport-security: [max-age=31536000; includeSubDomains]
      transfer-encoding: [chunked]
      vary: [Accept-Encoding]
      x-content-type-options: [nosniff]
    status: {code: 200, message: OK}
- request:
    body: null
    headers:
      Accept: [application/json]
      Accept-Encoding: ['gzip, deflate']
      CommandName: [sql server list-usages]
      Connection: [keep-alive]
      Content-Type: [application/json; charset=utf-8]
      User-Agent: [python/3.5.3 (Windows-10-10.0.15063-SP0) requests/2.9.1 msrest/0.4.7
          msrest_azure/0.4.7 sqlmanagementclient/0.4.0 Azure-SDK-For-Python AZURECLI/2.0.3+dev]
      accept-language: [en-US]
    method: GET
    uri: https://management.azure.com/subscriptions/00000000-0000-0000-0000-000000000000/resourceGroups/clitest.rg000001/providers/Microsoft.Sql/servers/clitestserver000002/usages?api-version=2014-04-01
  response:
    body: {string: '{"value":[{"name":"server_dtu_quota","resourceName":"clitestserver000002","displayName":"Database
        Throughput Unit Quota","currentValue":0.0,"limit":45000.0,"unit":"DTUs","nextResetTime":null},{"name":"server_dtu_quota_current","resourceName":"clitestserver000002","displayName":"Database
        Throughput Unit Quota","currentValue":0.0,"limit":45000.0,"unit":"DTUs","nextResetTime":null}]}'}
    headers:
      cache-control: ['no-store, no-cache']
      content-length: ['471']
      content-type: [application/json; odata=minimalmetadata; streaming=true; charset=utf-8]
      dataserviceversion: [3.0;]
      date: ['Thu, 27 Apr 2017 22:33:48 GMT']
      server: [Microsoft-HTTPAPI/2.0]
      strict-transport-security: [max-age=31536000; includeSubDomains]
      transfer-encoding: [chunked]
      vary: [Accept-Encoding]
      x-content-type-options: [nosniff]
    status: {code: 200, message: OK}
- request:
    body: null
    headers:
      Accept: [application/json]
      Accept-Encoding: ['gzip, deflate']
      CommandName: [sql server delete]
      Connection: [keep-alive]
      Content-Length: ['0']
      Content-Type: [application/json; charset=utf-8]
      User-Agent: [python/3.5.3 (Windows-10-10.0.15063-SP0) requests/2.9.1 msrest/0.4.7
          msrest_azure/0.4.7 sqlmanagementclient/0.4.0 Azure-SDK-For-Python AZURECLI/2.0.3+dev]
      accept-language: [en-US]
    method: DELETE
    uri: https://management.azure.com/subscriptions/00000000-0000-0000-0000-000000000000/resourceGroups/clitest.rg000001/providers/Microsoft.Sql/servers/clitestserver000002?api-version=2014-04-01
  response:
    body: {string: ''}
    headers:
      cache-control: ['no-store, no-cache']
      content-length: ['0']
      content-type: [application/xml; charset=utf-8]
      dataserviceversion: [1.0;]
      date: ['Thu, 27 Apr 2017 22:33:50 GMT']
      server: [Microsoft-HTTPAPI/2.0]
      strict-transport-security: [max-age=31536000; includeSubDomains]
      x-content-type-options: [nosniff]
      x-ms-ratelimit-remaining-subscription-writes: ['1199']
    status: {code: 200, message: OK}
- request:
    body: null
    headers:
      Accept: [application/json]
      Accept-Encoding: ['gzip, deflate']
      CommandName: [sql server delete]
      Connection: [keep-alive]
      Content-Length: ['0']
      Content-Type: [application/json; charset=utf-8]
      User-Agent: [python/3.5.3 (Windows-10-10.0.15063-SP0) requests/2.9.1 msrest/0.4.7
          msrest_azure/0.4.7 sqlmanagementclient/0.4.0 Azure-SDK-For-Python AZURECLI/2.0.3+dev]
      accept-language: [en-US]
    method: DELETE
    uri: https://management.azure.com/subscriptions/00000000-0000-0000-0000-000000000000/resourceGroups/clitest.rg000001/providers/Microsoft.Sql/servers/clitestserver000003?api-version=2014-04-01
  response:
    body: {string: ''}
    headers:
      cache-control: ['no-store, no-cache']
      content-length: ['0']
      content-type: [application/xml; charset=utf-8]
      dataserviceversion: [1.0;]
      date: ['Thu, 27 Apr 2017 22:33:53 GMT']
      server: [Microsoft-HTTPAPI/2.0]
      strict-transport-security: [max-age=31536000; includeSubDomains]
      x-content-type-options: [nosniff]
      x-ms-ratelimit-remaining-subscription-writes: ['1199']
    status: {code: 200, message: OK}
- request:
    body: null
    headers:
      Accept: [application/json]
      Accept-Encoding: ['gzip, deflate']
      CommandName: [sql server list]
      Connection: [keep-alive]
      Content-Type: [application/json; charset=utf-8]
      User-Agent: [python/3.5.3 (Windows-10-10.0.15063-SP0) requests/2.9.1 msrest/0.4.7
          msrest_azure/0.4.7 sqlmanagementclient/0.4.0 Azure-SDK-For-Python AZURECLI/2.0.3+dev]
      accept-language: [en-US]
    method: GET
    uri: https://management.azure.com/subscriptions/00000000-0000-0000-0000-000000000000/resourceGroups/clitest.rg000001/providers/Microsoft.Sql/servers?api-version=2014-04-01
  response:
    body: {string: '{"value":[]}'}
    headers:
      cache-control: [no-cache]
      content-length: ['12']
      content-type: [application/json; charset=utf-8]
      date: ['Thu, 27 Apr 2017 22:33:53 GMT']
      expires: ['-1']
      pragma: [no-cache]
      strict-transport-security: [max-age=31536000; includeSubDomains]
      vary: [Accept-Encoding]
    status: {code: 200, message: OK}
- request:
    body: null
    headers:
      Accept: [application/json]
      Accept-Encoding: ['gzip, deflate']
      CommandName: [group delete]
      Connection: [keep-alive]
      Content-Length: ['0']
      Content-Type: [application/json; charset=utf-8]
      User-Agent: [python/3.5.3 (Windows-10-10.0.15063-SP0) requests/2.9.1 msrest/0.4.7
          msrest_azure/0.4.7 resourcemanagementclient/1.0.0rc1 Azure-SDK-For-Python
          AZURECLI/2.0.3+dev]
      accept-language: [en-US]
    method: DELETE
    uri: https://management.azure.com/subscriptions/00000000-0000-0000-0000-000000000000/resourcegroups/clitest.rg000001?api-version=2016-09-01
  response:
    body: {string: ''}
    headers:
      cache-control: [no-cache]
      content-length: ['0']
      date: ['Thu, 27 Apr 2017 22:33:53 GMT']
      expires: ['-1']
      location: ['https://management.azure.com/subscriptions/00000000-0000-0000-0000-000000000000/operationresults/eyJqb2JJZCI6IlJFU09VUkNFR1JPVVBERUxFVElPTkpPQi1DTElURVNUOjJFUkdXQkNFNU1OTUlOTlJGUUNQSlpITUlIMkNONFNMT0xaWkFOUXxDNTNEM0VCQzc3RENDNENELVdFU1RVUyIsImpvYkxvY2F0aW9uIjoid2VzdHVzIn0?api-version=2016-09-01']
      pragma: [no-cache]
      retry-after: ['15']
      strict-transport-security: [max-age=31536000; includeSubDomains]
      x-ms-ratelimit-remaining-subscription-writes: ['1199']
    status: {code: 202, message: Accepted}
version: 1
