interactions:
- request:
    body: null
    headers:
      Accept:
      - application/json
      Accept-Encoding:
      - gzip, deflate
      CommandName:
      - sf managed-cluster create
      Connection:
      - keep-alive
      ParameterSetName:
      - -g -c -l --cert-thumbprint --cert-is-admin --admin-password
      User-Agent:
      - python/3.8.6 (Windows-10-10.0.19041-SP0) msrest/0.6.18 msrest_azure/0.6.3
        azure-mgmt-resource/12.0.0 Azure-SDK-For-Python AZURECLI/2.16.0
      accept-language:
      - en-US
    method: GET
    uri: https://management.azure.com/subscriptions/00000000-0000-0000-0000-000000000000/resourcegroups/clitest.rg000001?api-version=2020-10-01
  response:
    body:
      string: '{"id":"/subscriptions/00000000-0000-0000-0000-000000000000/resourceGroups/clitest.rg000001","name":"clitest.rg000001","type":"Microsoft.Resources/resourceGroups","location":"westus","tags":{"product":"azurecli","cause":"automation","date":"2020-12-19T00:53:52Z"},"properties":{"provisioningState":"Succeeded"}}'
    headers:
      cache-control:
      - no-cache
      content-length:
      - '428'
      content-type:
      - application/json; charset=utf-8
      date:
      - Sat, 19 Dec 2020 00:53:54 GMT
      expires:
      - '-1'
      pragma:
      - no-cache
      strict-transport-security:
      - max-age=31536000; includeSubDomains
      vary:
      - Accept-Encoding
      x-content-type-options:
      - nosniff
    status:
      code: 200
      message: OK
- request:
    body: null
    headers:
      Accept:
      - application/json
      Accept-Encoding:
      - gzip, deflate
      CommandName:
      - sf managed-cluster create
      Connection:
      - keep-alive
      ParameterSetName:
      - -g -c -l --cert-thumbprint --cert-is-admin --admin-password
      User-Agent:
      - python/3.8.6 (Windows-10-10.0.19041-SP0) msrest/0.6.18 msrest_azure/0.6.3
        azure-mgmt-resource/12.0.0 Azure-SDK-For-Python AZURECLI/2.16.0
      accept-language:
      - en-US
    method: GET
    uri: https://management.azure.com/subscriptions/00000000-0000-0000-0000-000000000000/resourcegroups/clitest.rg000001?api-version=2020-10-01
  response:
    body:
      string: '{"id":"/subscriptions/00000000-0000-0000-0000-000000000000/resourceGroups/clitest.rg000001","name":"clitest.rg000001","type":"Microsoft.Resources/resourceGroups","location":"westus","tags":{"product":"azurecli","cause":"automation","date":"2020-12-19T00:53:52Z"},"properties":{"provisioningState":"Succeeded"}}'
    headers:
      cache-control:
      - no-cache
      content-length:
      - '428'
      content-type:
      - application/json; charset=utf-8
      date:
      - Sat, 19 Dec 2020 00:53:55 GMT
      expires:
      - '-1'
      pragma:
      - no-cache
      strict-transport-security:
      - max-age=31536000; includeSubDomains
      vary:
      - Accept-Encoding
      x-content-type-options:
      - nosniff
    status:
      code: 200
      message: OK
- request:
    body: null
    headers:
      Accept:
      - application/json
      Accept-Encoding:
      - gzip, deflate
      CommandName:
      - sf managed-cluster create
      Connection:
      - keep-alive
      ParameterSetName:
      - -g -c -l --cert-thumbprint --cert-is-admin --admin-password
      User-Agent:
      - python/3.8.6 (Windows-10-10.0.19041-SP0) msrest/0.6.18 msrest_azure/0.6.3
        azure-mgmt-resource/12.0.0 Azure-SDK-For-Python AZURECLI/2.16.0
      accept-language:
      - en-US
    method: GET
    uri: https://management.azure.com/subscriptions/00000000-0000-0000-0000-000000000000/resourcegroups/clitest.rg000001?api-version=2020-10-01
  response:
    body:
      string: '{"id":"/subscriptions/00000000-0000-0000-0000-000000000000/resourceGroups/clitest.rg000001","name":"clitest.rg000001","type":"Microsoft.Resources/resourceGroups","location":"westus","tags":{"product":"azurecli","cause":"automation","date":"2020-12-19T00:53:52Z"},"properties":{"provisioningState":"Succeeded"}}'
    headers:
      cache-control:
      - no-cache
      content-length:
      - '428'
      content-type:
      - application/json; charset=utf-8
      date:
      - Sat, 19 Dec 2020 00:53:55 GMT
      expires:
      - '-1'
      pragma:
      - no-cache
      strict-transport-security:
      - max-age=31536000; includeSubDomains
      vary:
      - Accept-Encoding
      x-content-type-options:
      - nosniff
    status:
      code: 200
      message: OK
- request:
    body: null
    headers:
      Accept:
      - application/json
      Accept-Encoding:
      - gzip, deflate
      CommandName:
      - sf managed-cluster create
      Connection:
      - keep-alive
      ParameterSetName:
      - -g -c -l --cert-thumbprint --cert-is-admin --admin-password
      User-Agent:
      - python/3.8.6 (Windows-10-10.0.19041-SP0) msrest/0.6.18 msrest_azure/0.6.3
        azure-mgmt-resource/12.0.0 Azure-SDK-For-Python AZURECLI/2.16.0
      accept-language:
      - en-US
    method: GET
    uri: https://management.azure.com/subscriptions/00000000-0000-0000-0000-000000000000/resourcegroups/clitest.rg000001?api-version=2020-10-01
  response:
    body:
      string: '{"id":"/subscriptions/00000000-0000-0000-0000-000000000000/resourceGroups/clitest.rg000001","name":"clitest.rg000001","type":"Microsoft.Resources/resourceGroups","location":"westus","tags":{"product":"azurecli","cause":"automation","date":"2020-12-19T00:53:52Z"},"properties":{"provisioningState":"Succeeded"}}'
    headers:
      cache-control:
      - no-cache
      content-length:
      - '428'
      content-type:
      - application/json; charset=utf-8
      date:
      - Sat, 19 Dec 2020 00:53:56 GMT
      expires:
      - '-1'
      pragma:
      - no-cache
      strict-transport-security:
      - max-age=31536000; includeSubDomains
      vary:
      - Accept-Encoding
      x-content-type-options:
      - nosniff
    status:
      code: 200
      message: OK
- request:
    body: null
    headers:
      Accept:
      - application/json
      Accept-Encoding:
      - gzip, deflate
      CommandName:
      - sf managed-cluster create
      Connection:
      - keep-alive
      ParameterSetName:
      - -g -c -l --cert-thumbprint --cert-is-admin --admin-password
      User-Agent:
      - python/3.8.6 (Windows-10-10.0.19041-SP0) msrest/0.6.18 msrest_azure/0.6.3
        azure-mgmt-resource/12.0.0 Azure-SDK-For-Python AZURECLI/2.16.0
      accept-language:
      - en-US
    method: GET
    uri: https://management.azure.com/subscriptions/00000000-0000-0000-0000-000000000000/resourcegroups/clitest.rg000001?api-version=2020-10-01
  response:
    body:
      string: '{"id":"/subscriptions/00000000-0000-0000-0000-000000000000/resourceGroups/clitest.rg000001","name":"clitest.rg000001","type":"Microsoft.Resources/resourceGroups","location":"westus","tags":{"product":"azurecli","cause":"automation","date":"2020-12-19T00:53:52Z"},"properties":{"provisioningState":"Succeeded"}}'
    headers:
      cache-control:
      - no-cache
      content-length:
      - '428'
      content-type:
      - application/json; charset=utf-8
      date:
      - Sat, 19 Dec 2020 00:53:56 GMT
      expires:
      - '-1'
      pragma:
      - no-cache
      strict-transport-security:
      - max-age=31536000; includeSubDomains
      vary:
      - Accept-Encoding
      x-content-type-options:
      - nosniff
    status:
      code: 200
      message: OK
- request:
    body: null
    headers:
      Accept:
      - application/json
      Accept-Encoding:
      - gzip, deflate
      CommandName:
      - sf managed-cluster create
      Connection:
      - keep-alive
      ParameterSetName:
      - -g -c -l --cert-thumbprint --cert-is-admin --admin-password
      User-Agent:
      - python/3.8.6 (Windows-10-10.0.19041-SP0) msrest/0.6.18 msrest_azure/0.6.3
        azure-mgmt-resource/12.0.0 Azure-SDK-For-Python AZURECLI/2.16.0
      accept-language:
      - en-US
    method: GET
    uri: https://management.azure.com/subscriptions/00000000-0000-0000-0000-000000000000/resourcegroups/clitest.rg000001?api-version=2020-10-01
  response:
    body:
      string: '{"id":"/subscriptions/00000000-0000-0000-0000-000000000000/resourceGroups/clitest.rg000001","name":"clitest.rg000001","type":"Microsoft.Resources/resourceGroups","location":"westus","tags":{"product":"azurecli","cause":"automation","date":"2020-12-19T00:53:52Z"},"properties":{"provisioningState":"Succeeded"}}'
    headers:
      cache-control:
      - no-cache
      content-length:
      - '428'
      content-type:
      - application/json; charset=utf-8
      date:
      - Sat, 19 Dec 2020 00:53:56 GMT
      expires:
      - '-1'
      pragma:
      - no-cache
      strict-transport-security:
      - max-age=31536000; includeSubDomains
      vary:
      - Accept-Encoding
      x-content-type-options:
      - nosniff
    status:
      code: 200
      message: OK
- request:
    body: null
    headers:
      Accept:
      - application/json
      Accept-Encoding:
      - gzip, deflate
      CommandName:
      - sf managed-cluster create
      Connection:
      - keep-alive
      ParameterSetName:
      - -g -c -l --cert-thumbprint --cert-is-admin --admin-password
      User-Agent:
      - python/3.8.6 (Windows-10-10.0.19041-SP0) msrest/0.6.18 msrest_azure/0.6.3
        azure-mgmt-resource/12.0.0 Azure-SDK-For-Python AZURECLI/2.16.0
      accept-language:
      - en-US
    method: GET
    uri: https://management.azure.com/subscriptions/00000000-0000-0000-0000-000000000000/resourcegroups/clitest.rg000001?api-version=2020-10-01
  response:
    body:
      string: '{"id":"/subscriptions/00000000-0000-0000-0000-000000000000/resourceGroups/clitest.rg000001","name":"clitest.rg000001","type":"Microsoft.Resources/resourceGroups","location":"westus","tags":{"product":"azurecli","cause":"automation","date":"2020-12-19T00:53:52Z"},"properties":{"provisioningState":"Succeeded"}}'
    headers:
      cache-control:
      - no-cache
      content-length:
      - '428'
      content-type:
      - application/json; charset=utf-8
      date:
      - Sat, 19 Dec 2020 00:53:56 GMT
      expires:
      - '-1'
      pragma:
      - no-cache
      strict-transport-security:
      - max-age=31536000; includeSubDomains
      vary:
      - Accept-Encoding
      x-content-type-options:
      - nosniff
    status:
      code: 200
      message: OK
- request:
    body: null
    headers:
      Accept:
      - application/json
      Accept-Encoding:
      - gzip, deflate
      CommandName:
      - sf managed-cluster create
      Connection:
      - keep-alive
      ParameterSetName:
      - -g -c -l --cert-thumbprint --cert-is-admin --admin-password
      User-Agent:
      - python/3.8.6 (Windows-10-10.0.19041-SP0) msrest/0.6.18 msrest_azure/0.6.3
        azure-mgmt-resource/12.0.0 Azure-SDK-For-Python AZURECLI/2.16.0
      accept-language:
      - en-US
    method: GET
    uri: https://management.azure.com/subscriptions/00000000-0000-0000-0000-000000000000/resourcegroups/clitest.rg000001?api-version=2020-10-01
  response:
    body:
      string: '{"id":"/subscriptions/00000000-0000-0000-0000-000000000000/resourceGroups/clitest.rg000001","name":"clitest.rg000001","type":"Microsoft.Resources/resourceGroups","location":"westus","tags":{"product":"azurecli","cause":"automation","date":"2020-12-19T00:53:52Z"},"properties":{"provisioningState":"Succeeded"}}'
    headers:
      cache-control:
      - no-cache
      content-length:
      - '428'
      content-type:
      - application/json; charset=utf-8
      date:
      - Sat, 19 Dec 2020 00:53:57 GMT
      expires:
      - '-1'
      pragma:
      - no-cache
      strict-transport-security:
      - max-age=31536000; includeSubDomains
      vary:
      - Accept-Encoding
      x-content-type-options:
      - nosniff
    status:
      code: 200
      message: OK
- request:
    body: null
    headers:
      Accept:
      - application/json
      Accept-Encoding:
      - gzip, deflate
      CommandName:
      - sf managed-cluster create
      Connection:
      - keep-alive
      ParameterSetName:
      - -g -c -l --cert-thumbprint --cert-is-admin --admin-password
      User-Agent:
      - python/3.8.6 (Windows-10-10.0.19041-SP0) msrest/0.6.18 msrest_azure/0.6.3
        azure-mgmt-resource/12.0.0 Azure-SDK-For-Python AZURECLI/2.16.0
      accept-language:
      - en-US
    method: GET
    uri: https://management.azure.com/subscriptions/00000000-0000-0000-0000-000000000000/resourcegroups/clitest.rg000001?api-version=2020-10-01
  response:
    body:
      string: '{"id":"/subscriptions/00000000-0000-0000-0000-000000000000/resourceGroups/clitest.rg000001","name":"clitest.rg000001","type":"Microsoft.Resources/resourceGroups","location":"westus","tags":{"product":"azurecli","cause":"automation","date":"2020-12-19T00:53:52Z"},"properties":{"provisioningState":"Succeeded"}}'
    headers:
      cache-control:
      - no-cache
      content-length:
      - '428'
      content-type:
      - application/json; charset=utf-8
      date:
      - Sat, 19 Dec 2020 00:53:57 GMT
      expires:
      - '-1'
      pragma:
      - no-cache
      strict-transport-security:
      - max-age=31536000; includeSubDomains
      vary:
      - Accept-Encoding
      x-content-type-options:
      - nosniff
    status:
      code: 200
      message: OK
- request:
    body: null
    headers:
      Accept:
      - application/json
      Accept-Encoding:
      - gzip, deflate
      CommandName:
      - sf managed-cluster create
      Connection:
      - keep-alive
      ParameterSetName:
      - -g -c -l --cert-thumbprint --cert-is-admin --admin-password
      User-Agent:
      - python/3.8.6 (Windows-10-10.0.19041-SP0) msrest/0.6.18 msrest_azure/0.6.3
        azure-mgmt-resource/12.0.0 Azure-SDK-For-Python AZURECLI/2.16.0
      accept-language:
      - en-US
    method: GET
    uri: https://management.azure.com/subscriptions/00000000-0000-0000-0000-000000000000/resourcegroups/clitest.rg000001?api-version=2020-10-01
  response:
    body:
      string: '{"id":"/subscriptions/00000000-0000-0000-0000-000000000000/resourceGroups/clitest.rg000001","name":"clitest.rg000001","type":"Microsoft.Resources/resourceGroups","location":"westus","tags":{"product":"azurecli","cause":"automation","date":"2020-12-19T00:53:52Z"},"properties":{"provisioningState":"Succeeded"}}'
    headers:
      cache-control:
      - no-cache
      content-length:
      - '428'
      content-type:
      - application/json; charset=utf-8
      date:
      - Sat, 19 Dec 2020 00:53:58 GMT
      expires:
      - '-1'
      pragma:
      - no-cache
      strict-transport-security:
      - max-age=31536000; includeSubDomains
      vary:
      - Accept-Encoding
      x-content-type-options:
      - nosniff
    status:
      code: 200
      message: OK
- request:
    body: null
    headers:
      Accept:
      - application/json
      Accept-Encoding:
      - gzip, deflate
      CommandName:
      - sf managed-cluster create
      Connection:
      - keep-alive
      ParameterSetName:
      - -g -c -l --cert-thumbprint --cert-is-admin --admin-password
      User-Agent:
      - python/3.8.6 (Windows-10-10.0.19041-SP0) msrest/0.6.18 msrest_azure/0.6.3
        azure-mgmt-resource/12.0.0 Azure-SDK-For-Python AZURECLI/2.16.0
      accept-language:
      - en-US
    method: GET
    uri: https://management.azure.com/subscriptions/00000000-0000-0000-0000-000000000000/resourcegroups/clitest.rg000001?api-version=2020-10-01
  response:
    body:
      string: '{"id":"/subscriptions/00000000-0000-0000-0000-000000000000/resourceGroups/clitest.rg000001","name":"clitest.rg000001","type":"Microsoft.Resources/resourceGroups","location":"westus","tags":{"product":"azurecli","cause":"automation","date":"2020-12-19T00:53:52Z"},"properties":{"provisioningState":"Succeeded"}}'
    headers:
      cache-control:
      - no-cache
      content-length:
      - '428'
      content-type:
      - application/json; charset=utf-8
      date:
      - Sat, 19 Dec 2020 00:53:58 GMT
      expires:
      - '-1'
      pragma:
      - no-cache
      strict-transport-security:
      - max-age=31536000; includeSubDomains
      vary:
      - Accept-Encoding
      x-content-type-options:
      - nosniff
    status:
      code: 200
      message: OK
- request:
    body: null
    headers:
      Accept:
      - application/json
      Accept-Encoding:
      - gzip, deflate
      CommandName:
      - sf managed-cluster create
      Connection:
      - keep-alive
      ParameterSetName:
      - -g -c -l --cert-thumbprint --cert-is-admin --admin-password
      User-Agent:
      - python/3.8.6 (Windows-10-10.0.19041-SP0) msrest/0.6.18 msrest_azure/0.6.3
        azure-mgmt-resource/12.0.0 Azure-SDK-For-Python AZURECLI/2.16.0
      accept-language:
      - en-US
    method: GET
    uri: https://management.azure.com/subscriptions/00000000-0000-0000-0000-000000000000/resourcegroups/clitest.rg000001?api-version=2020-10-01
  response:
    body:
      string: '{"id":"/subscriptions/00000000-0000-0000-0000-000000000000/resourceGroups/clitest.rg000001","name":"clitest.rg000001","type":"Microsoft.Resources/resourceGroups","location":"westus","tags":{"product":"azurecli","cause":"automation","date":"2020-12-19T00:53:52Z"},"properties":{"provisioningState":"Succeeded"}}'
    headers:
      cache-control:
      - no-cache
      content-length:
      - '428'
      content-type:
      - application/json; charset=utf-8
      date:
      - Sat, 19 Dec 2020 00:53:59 GMT
      expires:
      - '-1'
      pragma:
      - no-cache
      strict-transport-security:
      - max-age=31536000; includeSubDomains
      vary:
      - Accept-Encoding
      x-content-type-options:
      - nosniff
    status:
      code: 200
      message: OK
- request:
    body: '{"location": "eastasia", "properties": {"dnsName": "sfrp-cli-000002", "clientConnectionPort":
      19000, "httpGatewayConnectionPort": 19080, "adminUserName": "vmadmin", "adminPassword":
      "Pass@000003", "clients": [{"isAdmin": true, "thumbprint": "123BDACDCDFB2C7B250192C6078E47D1E1DB119B"}]},
      "sku": {"name": "Basic"}}'
    headers:
      Accept:
      - application/json
      Accept-Encoding:
      - gzip, deflate
      CommandName:
      - sf managed-cluster create
      Connection:
      - keep-alive
      Content-Length:
      - '320'
      Content-Type:
      - application/json; charset=utf-8
      ParameterSetName:
      - -g -c -l --cert-thumbprint --cert-is-admin --admin-password
      User-Agent:
      - python/3.8.6 (Windows-10-10.0.19041-SP0) msrest/0.6.18 msrest_azure/0.6.3
        azure-mgmt-servicefabric/0.5.0 Azure-SDK-For-Python AZURECLI/2.16.0
      accept-language:
      - en-US
    method: PUT
    uri: https://management.azure.com/subscriptions/00000000-0000-0000-0000-000000000000/resourceGroups/clitest.rg000001/providers/Microsoft.ServiceFabric/managedClusters/sfrp-cli-000002?api-version=2020-01-01-preview
  response:
    body:
      string: "{\r\n  \"id\": \"/subscriptions/00000000-0000-0000-0000-000000000000/resourcegroups/clitest.rg000001/providers/Microsoft.ServiceFabric/managedClusters/sfrp-cli-000002\",\r\n
        \ \"type\": \"Microsoft.ServiceFabric/managedclusters\",\r\n  \"location\":
        \"eastasia\",\r\n  \"name\": \"sfrp-cli-000002\",\r\n  \"tags\": {},\r\n  \"sku\":
        {\r\n    \"name\": \"Basic\"\r\n  },\r\n  \"properties\": {\r\n    \"provisioningState\":
        \"Creating\",\r\n    \"clusterId\": \"457d4df4-365b-41ab-9667-a087aa39b853\",\r\n
        \   \"clusterUpgradeCadence\": \"Wave0\",\r\n    \"adminUserName\": \"vmadmin\",\r\n
        \   \"dnsName\": \"sfrp-cli-000002\",\r\n    \"clusterCertificateThumbprint\":
        \"\",\r\n    \"clientConnectionPort\": 19000,\r\n    \"httpGatewayConnectionPort\":
        19080,\r\n    \"clients\": [\r\n      {\r\n        \"isAdmin\": true,\r\n
        \       \"thumbprint\": \"123BDACDCDFB2C7B250192C6078E47D1E1DB119B\"\r\n      }\r\n
        \   ]\r\n  }\r\n}"
    headers:
      azure-asyncoperation:
      - https://management.azure.com/subscriptions/00000000-0000-0000-0000-000000000000/providers/Microsoft.ServiceFabric/locations/eastasia/managedclusteroperations/664d0003-0e8a-4e46-b51e-6e5befbb5508?api-version=2020-01-01-preview
      cache-control:
      - no-cache
      content-length:
      - '897'
      content-type:
      - application/json; charset=utf-8
      date:
      - Sat, 19 Dec 2020 00:54:03 GMT
      expires:
      - '-1'
      pragma:
      - no-cache
      server:
      - Microsoft-HTTPAPI/2.0,Microsoft-HTTPAPI/2.0 Microsoft-HTTPAPI/2.0
      strict-transport-security:
      - max-age=31536000; includeSubDomains
      transfer-encoding:
      - chunked
      vary:
      - Accept-Encoding
      x-content-type-options:
      - nosniff
      x-ms-ratelimit-remaining-subscription-writes:
      - '1199'
    status:
      code: 200
      message: OK
- request:
    body: null
    headers:
      Accept:
      - application/json
      Accept-Encoding:
      - gzip, deflate
      CommandName:
      - sf managed-cluster create
      Connection:
      - keep-alive
      ParameterSetName:
      - -g -c -l --cert-thumbprint --cert-is-admin --admin-password
      User-Agent:
      - python/3.8.6 (Windows-10-10.0.19041-SP0) msrest/0.6.18 msrest_azure/0.6.3
        azure-mgmt-servicefabric/0.5.0 Azure-SDK-For-Python AZURECLI/2.16.0
    method: GET
    uri: https://management.azure.com/subscriptions/00000000-0000-0000-0000-000000000000/providers/Microsoft.ServiceFabric/locations/eastasia/managedclusteroperations/664d0003-0e8a-4e46-b51e-6e5befbb5508?api-version=2020-01-01-preview
  response:
    body:
      string: "{\r\n  \"name\": \"664d0003-0e8a-4e46-b51e-6e5befbb5508\",\r\n  \"startTime\":
        \"2020-12-19T00:54:03.4764008Z\",\r\n  \"endTime\": \"0001-01-01T00:00:00\",\r\n
        \ \"percentComplete\": 30.0,\r\n  \"status\": \"Created\",\r\n  \"error\":
        {\r\n    \"code\": \"OperationFailed\",\r\n    \"message\": \"\",\r\n    \"details\":
        []\r\n  }\r\n}"
    headers:
      cache-control:
      - no-cache
      content-length:
      - '282'
      content-type:
      - application/json; charset=utf-8
      date:
      - Sat, 19 Dec 2020 00:54:35 GMT
      expires:
      - '-1'
      pragma:
      - no-cache
      server:
      - Microsoft-HTTPAPI/2.0
      - Microsoft-HTTPAPI/2.0
      strict-transport-security:
      - max-age=31536000; includeSubDomains
      transfer-encoding:
      - chunked
      vary:
      - Accept-Encoding
      x-content-type-options:
      - nosniff
    status:
      code: 200
      message: OK
- request:
    body: null
    headers:
      Accept:
      - application/json
      Accept-Encoding:
      - gzip, deflate
      CommandName:
      - sf managed-cluster create
      Connection:
      - keep-alive
      ParameterSetName:
      - -g -c -l --cert-thumbprint --cert-is-admin --admin-password
      User-Agent:
      - python/3.8.6 (Windows-10-10.0.19041-SP0) msrest/0.6.18 msrest_azure/0.6.3
        azure-mgmt-servicefabric/0.5.0 Azure-SDK-For-Python AZURECLI/2.16.0
    method: GET
    uri: https://management.azure.com/subscriptions/00000000-0000-0000-0000-000000000000/providers/Microsoft.ServiceFabric/locations/eastasia/managedclusteroperations/664d0003-0e8a-4e46-b51e-6e5befbb5508?api-version=2020-01-01-preview
  response:
    body:
      string: "{\r\n  \"name\": \"664d0003-0e8a-4e46-b51e-6e5befbb5508\",\r\n  \"startTime\":
        \"2020-12-19T00:54:03.4764008Z\",\r\n  \"endTime\": \"0001-01-01T00:00:00\",\r\n
        \ \"percentComplete\": 40.0,\r\n  \"status\": \"Created\",\r\n  \"error\":
        {\r\n    \"code\": \"OperationFailed\",\r\n    \"message\": \"\",\r\n    \"details\":
        []\r\n  }\r\n}"
    headers:
      cache-control:
      - no-cache
      content-length:
      - '282'
      content-type:
      - application/json; charset=utf-8
      date:
      - Sat, 19 Dec 2020 00:55:05 GMT
      expires:
      - '-1'
      pragma:
      - no-cache
      server:
      - Microsoft-HTTPAPI/2.0
      - Microsoft-HTTPAPI/2.0
      strict-transport-security:
      - max-age=31536000; includeSubDomains
      transfer-encoding:
      - chunked
      vary:
      - Accept-Encoding
      x-content-type-options:
      - nosniff
    status:
      code: 200
      message: OK
- request:
    body: null
    headers:
      Accept:
      - application/json
      Accept-Encoding:
      - gzip, deflate
      CommandName:
      - sf managed-cluster create
      Connection:
      - keep-alive
      ParameterSetName:
      - -g -c -l --cert-thumbprint --cert-is-admin --admin-password
      User-Agent:
      - python/3.8.6 (Windows-10-10.0.19041-SP0) msrest/0.6.18 msrest_azure/0.6.3
        azure-mgmt-servicefabric/0.5.0 Azure-SDK-For-Python AZURECLI/2.16.0
    method: GET
    uri: https://management.azure.com/subscriptions/00000000-0000-0000-0000-000000000000/providers/Microsoft.ServiceFabric/locations/eastasia/managedclusteroperations/664d0003-0e8a-4e46-b51e-6e5befbb5508?api-version=2020-01-01-preview
  response:
    body:
      string: "{\r\n  \"name\": \"664d0003-0e8a-4e46-b51e-6e5befbb5508\",\r\n  \"startTime\":
        \"2020-12-19T00:54:03.4764008Z\",\r\n  \"endTime\": \"0001-01-01T00:00:00\",\r\n
        \ \"percentComplete\": 40.0,\r\n  \"status\": \"Created\",\r\n  \"error\":
        {\r\n    \"code\": \"OperationFailed\",\r\n    \"message\": \"\",\r\n    \"details\":
        []\r\n  }\r\n}"
    headers:
      cache-control:
      - no-cache
      content-length:
      - '282'
      content-type:
      - application/json; charset=utf-8
      date:
      - Sat, 19 Dec 2020 00:55:35 GMT
      expires:
      - '-1'
      pragma:
      - no-cache
      server:
      - Microsoft-HTTPAPI/2.0
      - Microsoft-HTTPAPI/2.0
      strict-transport-security:
      - max-age=31536000; includeSubDomains
      transfer-encoding:
      - chunked
      vary:
      - Accept-Encoding
      x-content-type-options:
      - nosniff
    status:
      code: 200
      message: OK
- request:
    body: null
    headers:
      Accept:
      - application/json
      Accept-Encoding:
      - gzip, deflate
      CommandName:
      - sf managed-cluster create
      Connection:
      - keep-alive
      ParameterSetName:
      - -g -c -l --cert-thumbprint --cert-is-admin --admin-password
      User-Agent:
      - python/3.8.6 (Windows-10-10.0.19041-SP0) msrest/0.6.18 msrest_azure/0.6.3
        azure-mgmt-servicefabric/0.5.0 Azure-SDK-For-Python AZURECLI/2.16.0
    method: GET
    uri: https://management.azure.com/subscriptions/00000000-0000-0000-0000-000000000000/providers/Microsoft.ServiceFabric/locations/eastasia/managedclusteroperations/664d0003-0e8a-4e46-b51e-6e5befbb5508?api-version=2020-01-01-preview
  response:
    body:
      string: "{\r\n  \"name\": \"664d0003-0e8a-4e46-b51e-6e5befbb5508\",\r\n  \"startTime\":
        \"2020-12-19T00:54:03.4764008Z\",\r\n  \"endTime\": \"0001-01-01T00:00:00\",\r\n
        \ \"percentComplete\": 40.0,\r\n  \"status\": \"Created\",\r\n  \"error\":
        {\r\n    \"code\": \"OperationFailed\",\r\n    \"message\": \"\",\r\n    \"details\":
        []\r\n  }\r\n}"
    headers:
      cache-control:
      - no-cache
      content-length:
      - '282'
      content-type:
      - application/json; charset=utf-8
      date:
      - Sat, 19 Dec 2020 00:56:06 GMT
      expires:
      - '-1'
      pragma:
      - no-cache
      server:
      - Microsoft-HTTPAPI/2.0
      - Microsoft-HTTPAPI/2.0
      strict-transport-security:
      - max-age=31536000; includeSubDomains
      transfer-encoding:
      - chunked
      vary:
      - Accept-Encoding
      x-content-type-options:
      - nosniff
    status:
      code: 200
      message: OK
- request:
    body: null
    headers:
      Accept:
      - application/json
      Accept-Encoding:
      - gzip, deflate
      CommandName:
      - sf managed-cluster create
      Connection:
      - keep-alive
      ParameterSetName:
      - -g -c -l --cert-thumbprint --cert-is-admin --admin-password
      User-Agent:
      - python/3.8.6 (Windows-10-10.0.19041-SP0) msrest/0.6.18 msrest_azure/0.6.3
        azure-mgmt-servicefabric/0.5.0 Azure-SDK-For-Python AZURECLI/2.16.0
    method: GET
    uri: https://management.azure.com/subscriptions/00000000-0000-0000-0000-000000000000/providers/Microsoft.ServiceFabric/locations/eastasia/managedclusteroperations/664d0003-0e8a-4e46-b51e-6e5befbb5508?api-version=2020-01-01-preview
  response:
    body:
      string: "{\r\n  \"name\": \"664d0003-0e8a-4e46-b51e-6e5befbb5508\",\r\n  \"startTime\":
        \"2020-12-19T00:54:03.4764008Z\",\r\n  \"endTime\": \"0001-01-01T00:00:00\",\r\n
        \ \"percentComplete\": 51.0,\r\n  \"status\": \"Created\",\r\n  \"error\":
        {\r\n    \"code\": \"OperationFailed\",\r\n    \"message\": \"\",\r\n    \"details\":
        []\r\n  }\r\n}"
    headers:
      cache-control:
      - no-cache
      content-length:
      - '282'
      content-type:
      - application/json; charset=utf-8
      date:
      - Sat, 19 Dec 2020 00:56:36 GMT
      expires:
      - '-1'
      pragma:
      - no-cache
      server:
      - Microsoft-HTTPAPI/2.0
      - Microsoft-HTTPAPI/2.0
      strict-transport-security:
      - max-age=31536000; includeSubDomains
      transfer-encoding:
      - chunked
      vary:
      - Accept-Encoding
      x-content-type-options:
      - nosniff
    status:
      code: 200
      message: OK
- request:
    body: null
    headers:
      Accept:
      - application/json
      Accept-Encoding:
      - gzip, deflate
      CommandName:
      - sf managed-cluster create
      Connection:
      - keep-alive
      ParameterSetName:
      - -g -c -l --cert-thumbprint --cert-is-admin --admin-password
      User-Agent:
      - python/3.8.6 (Windows-10-10.0.19041-SP0) msrest/0.6.18 msrest_azure/0.6.3
        azure-mgmt-servicefabric/0.5.0 Azure-SDK-For-Python AZURECLI/2.16.0
    method: GET
    uri: https://management.azure.com/subscriptions/00000000-0000-0000-0000-000000000000/providers/Microsoft.ServiceFabric/locations/eastasia/managedclusteroperations/664d0003-0e8a-4e46-b51e-6e5befbb5508?api-version=2020-01-01-preview
  response:
    body:
      string: "{\r\n  \"name\": \"664d0003-0e8a-4e46-b51e-6e5befbb5508\",\r\n  \"startTime\":
        \"2020-12-19T00:54:03.4764008Z\",\r\n  \"endTime\": \"2020-12-19T00:56:51.3445458Z\",\r\n
        \ \"percentComplete\": 100.0,\r\n  \"status\": \"Succeeded\",\r\n  \"error\":
        {\r\n    \"code\": \"OperationFailed\",\r\n    \"message\": \"\",\r\n    \"details\":
        []\r\n  }\r\n}"
    headers:
      cache-control:
      - no-cache
      content-length:
      - '294'
      content-type:
      - application/json; charset=utf-8
      date:
      - Sat, 19 Dec 2020 00:57:06 GMT
      expires:
      - '-1'
      pragma:
      - no-cache
      server:
      - Microsoft-HTTPAPI/2.0
      - Microsoft-HTTPAPI/2.0
      strict-transport-security:
      - max-age=31536000; includeSubDomains
      transfer-encoding:
      - chunked
      vary:
      - Accept-Encoding
      x-content-type-options:
      - nosniff
    status:
      code: 200
      message: OK
- request:
    body: null
    headers:
      Accept:
      - application/json
      Accept-Encoding:
      - gzip, deflate
      CommandName:
      - sf managed-cluster create
      Connection:
      - keep-alive
      ParameterSetName:
      - -g -c -l --cert-thumbprint --cert-is-admin --admin-password
      User-Agent:
      - python/3.8.6 (Windows-10-10.0.19041-SP0) msrest/0.6.18 msrest_azure/0.6.3
        azure-mgmt-servicefabric/0.5.0 Azure-SDK-For-Python AZURECLI/2.16.0
    method: GET
    uri: https://management.azure.com/subscriptions/00000000-0000-0000-0000-000000000000/resourceGroups/clitest.rg000001/providers/Microsoft.ServiceFabric/managedClusters/sfrp-cli-000002?api-version=2020-01-01-preview
  response:
    body:
      string: "{\r\n  \"id\": \"/subscriptions/00000000-0000-0000-0000-000000000000/resourcegroups/clitest.rg000001/providers/Microsoft.ServiceFabric/managedClusters/sfrp-cli-000002\",\r\n
        \ \"type\": \"Microsoft.ServiceFabric/managedclusters\",\r\n  \"location\":
        \"eastasia\",\r\n  \"name\": \"sfrp-cli-000002\",\r\n  \"tags\": {},\r\n  \"sku\":
        {\r\n    \"name\": \"Basic\"\r\n  },\r\n  \"properties\": {\r\n    \"provisioningState\":
        \"Succeeded\",\r\n    \"clusterId\": \"457d4df4-365b-41ab-9667-a087aa39b853\",\r\n
        \   \"clusterState\": \"WaitingForNodes\",\r\n    \"clusterUpgradeCadence\":
        \"Wave0\",\r\n    \"adminUserName\": \"vmadmin\",\r\n    \"dnsName\": \"sfrp-cli-000002\",\r\n
        \   \"fqdn\": \"sfrp-cli-000002.eastasia.cloudapp.azure.com\",\r\n    \"clusterCertificateThumbprint\":
        \"DF862EBCDE1E04476DE07C660CB523AD11367D68\",\r\n    \"clientConnectionPort\":
        19000,\r\n    \"httpGatewayConnectionPort\": 19080,\r\n    \"clients\": [\r\n
        \     {\r\n        \"isAdmin\": true,\r\n        \"thumbprint\": \"123BDACDCDFB2C7B250192C6078E47D1E1DB119B\"\r\n
        \     }\r\n    ]\r\n  }\r\n}"
    headers:
      cache-control:
      - no-cache
      content-length:
      - '1047'
      content-type:
      - application/json; charset=utf-8
      date:
      - Sat, 19 Dec 2020 00:57:07 GMT
      expires:
      - '-1'
      pragma:
      - no-cache
      server:
      - Microsoft-HTTPAPI/2.0
      - Microsoft-HTTPAPI/2.0
      strict-transport-security:
      - max-age=31536000; includeSubDomains
      transfer-encoding:
      - chunked
      vary:
      - Accept-Encoding
      x-content-type-options:
      - nosniff
    status:
      code: 200
      message: OK
- request:
    body: '{"properties": {"isPrimary": true, "vmInstanceCount": 5, "dataDiskSizeGB":
      100, "vmSize": "Standard_D2", "vmImagePublisher": "MicrosoftWindowsServer",
      "vmImageOffer": "WindowsServer", "vmImageSku": "2019-Datacenter", "vmImageVersion":
      "latest"}}'
    headers:
      Accept:
      - application/json
      Accept-Encoding:
      - gzip, deflate
      CommandName:
      - sf managed-node-type create
      Connection:
      - keep-alive
      Content-Length:
      - '245'
      Content-Type:
      - application/json; charset=utf-8
      ParameterSetName:
      - -g -c -n --instance-count --primary
      User-Agent:
      - python/3.8.6 (Windows-10-10.0.19041-SP0) msrest/0.6.18 msrest_azure/0.6.3
        azure-mgmt-servicefabric/0.5.0 Azure-SDK-For-Python AZURECLI/2.16.0
      accept-language:
      - en-US
    method: PUT
    uri: https://management.azure.com/subscriptions/00000000-0000-0000-0000-000000000000/resourceGroups/clitest.rg000001/providers/Microsoft.ServiceFabric/managedClusters/sfrp-cli-000002/nodeTypes/pnt?api-version=2020-01-01-preview
  response:
    body:
      string: "{\r\n  \"id\": \"/subscriptions/00000000-0000-0000-0000-000000000000/resourcegroups/clitest.rg000001/providers/Microsoft.ServiceFabric/managedClusters/sfrp-cli-000002/nodetypes/pnt\",\r\n
        \ \"type\": \"Microsoft.ServiceFabric/managedclusters/nodetypes\",\r\n  \"location\":
        \"eastasia\",\r\n  \"name\": \"pnt\",\r\n  \"tags\": {},\r\n  \"properties\":
        {\r\n    \"provisioningState\": \"Creating\",\r\n    \"isPrimary\": true,\r\n
        \   \"vmImagePublisher\": \"MicrosoftWindowsServer\",\r\n    \"vmImageOffer\":
        \"WindowsServer\",\r\n    \"vmImageSku\": \"2019-Datacenter\",\r\n    \"vmImageVersion\":
        \"latest\",\r\n    \"vmSize\": \"Standard_D2\",\r\n    \"vmInstanceCount\":
        5,\r\n    \"dataDiskSizeGB\": 100,\r\n    \"placementProperties\": {},\r\n
        \   \"capacities\": {}\r\n  }\r\n}"
    headers:
      azure-asyncoperation:
      - https://management.azure.com/subscriptions/00000000-0000-0000-0000-000000000000/providers/Microsoft.ServiceFabric/locations/eastasia/managedclusteroperations/b6d70003-5334-4cf4-95f3-c502b455a49a?api-version=2020-01-01-preview
      cache-control:
      - no-cache
      content-length:
      - '757'
      content-type:
      - application/json; charset=utf-8
      date:
      - Sat, 19 Dec 2020 00:57:08 GMT
      expires:
      - '-1'
      pragma:
      - no-cache
      server:
      - Microsoft-HTTPAPI/2.0
      - Microsoft-HTTPAPI/2.0
      strict-transport-security:
      - max-age=31536000; includeSubDomains
      transfer-encoding:
      - chunked
      vary:
      - Accept-Encoding
      x-content-type-options:
      - nosniff
      x-ms-ratelimit-remaining-subscription-writes:
      - '1197'
    status:
      code: 200
      message: OK
- request:
    body: null
    headers:
      Accept:
      - application/json
      Accept-Encoding:
      - gzip, deflate
      CommandName:
      - sf managed-node-type create
      Connection:
      - keep-alive
      ParameterSetName:
      - -g -c -n --instance-count --primary
      User-Agent:
      - python/3.8.6 (Windows-10-10.0.19041-SP0) msrest/0.6.18 msrest_azure/0.6.3
        azure-mgmt-servicefabric/0.5.0 Azure-SDK-For-Python AZURECLI/2.16.0
    method: GET
    uri: https://management.azure.com/subscriptions/00000000-0000-0000-0000-000000000000/providers/Microsoft.ServiceFabric/locations/eastasia/managedclusteroperations/b6d70003-5334-4cf4-95f3-c502b455a49a?api-version=2020-01-01-preview
  response:
    body:
      string: "{\r\n  \"name\": \"b6d70003-5334-4cf4-95f3-c502b455a49a\",\r\n  \"startTime\":
        \"2020-12-19T00:57:09.2704454Z\",\r\n  \"endTime\": \"2020-12-19T00:57:40.2229346Z\",\r\n
        \ \"percentComplete\": 100.0,\r\n  \"status\": \"Failed\",\r\n  \"error\":
        {\r\n    \"code\": \"OperationFailed\",\r\n    \"message\": \"Deployment failed
        with exception: The template deployment failed with error: 'The resource with
        id: '/subscriptions/00000000-0000-0000-0000-000000000000/resourceGroups/SFC_457d4df4-365b-41ab-9667-a087aa39b853/providers/Microsoft.Compute/virtualMachineScaleSets/pnt'
        failed validation with message: 'The requested size for resource '/subscriptions/00000000-0000-0000-0000-000000000000/resourceGroups/SFC_457d4df4-365b-41ab-9667-a087aa39b853/providers/Microsoft.Compute/virtualMachineScaleSets/pnt'
        is currently not available in location 'eastasia' zones '' for subscription
        'a1bfa635-f2bf-42f1-86b5-848c674fc321'. Please try another size or deploy
        to a different location or zones. See https://aka.ms/azureskunotavailable
        for details.'.'.. \",\r\n    \"details\": []\r\n  }\r\n}"
    headers:
      cache-control:
      - no-cache
      content-length:
      - '1030'
      content-type:
      - application/json; charset=utf-8
      date:
      - Sat, 19 Dec 2020 00:57:40 GMT
      expires:
      - '-1'
      pragma:
      - no-cache
      server:
      - Microsoft-HTTPAPI/2.0
      - Microsoft-HTTPAPI/2.0
      strict-transport-security:
      - max-age=31536000; includeSubDomains
      transfer-encoding:
      - chunked
      vary:
      - Accept-Encoding
      x-content-type-options:
      - nosniff
    status:
      code: 200
      message: OK
version: 1
