interactions:
- request:
    body: '{"location": "westus", "tags": {"product": "azurecli", "date": "2018-04-03T21:32:36Z",
      "cause": "automation"}}'
    headers:
      Accept: [application/json]
      Accept-Encoding: ['gzip, deflate']
      CommandName: [group create]
      Connection: [keep-alive]
      Content-Length: ['110']
      Content-Type: [application/json; charset=utf-8]
      User-Agent: [python/3.5.3 (Windows-10-10.0.16299-SP0) requests/2.18.4 msrest/0.4.27
          msrest_azure/0.4.24 resourcemanagementclient/1.2.1 Azure-SDK-For-Python
          AZURECLI/2.0.31]
      accept-language: [en-US]
    method: PUT
    uri: https://management.azure.com/subscriptions/00000000-0000-0000-0000-000000000000/resourcegroups/clitest.rg000001?api-version=2016-02-01
  response:
    body: {string: '{"id":"/subscriptions/00000000-0000-0000-0000-000000000000/resourceGroups/clitest.rg000001","name":"clitest.rg000001","location":"westus","tags":{"product":"azurecli","date":"2018-04-03T21:32:36Z","cause":"automation"},"properties":{"provisioningState":"Succeeded"}}'}
    headers:
      cache-control: [no-cache]
      content-length: ['384']
      content-type: [application/json; charset=utf-8]
      date: ['Tue, 03 Apr 2018 21:32:36 GMT']
      expires: ['-1']
      pragma: [no-cache]
      strict-transport-security: [max-age=31536000; includeSubDomains]
      x-content-type-options: [nosniff]
      x-ms-ratelimit-remaining-subscription-writes: ['1198']
    status: {code: 201, message: Created}
- request:
    body: null
    headers:
      Accept: [application/json]
      Accept-Encoding: ['gzip, deflate']
      CommandName: [vmss create]
      Connection: [keep-alive]
      Content-Type: [application/json; charset=utf-8]
      User-Agent: [python/3.5.3 (Windows-10-10.0.16299-SP0) requests/2.18.4 msrest/0.4.27
          msrest_azure/0.4.24 resourcemanagementclient/1.2.1 Azure-SDK-For-Python
          AZURECLI/2.0.31]
      accept-language: [en-US]
    method: GET
    uri: https://management.azure.com/subscriptions/00000000-0000-0000-0000-000000000000/resourcegroups/clitest.rg000001?api-version=2016-02-01
  response:
    body: {string: '{"id":"/subscriptions/00000000-0000-0000-0000-000000000000/resourceGroups/clitest.rg000001","name":"clitest.rg000001","location":"westus","tags":{"product":"azurecli","date":"2018-04-03T21:32:36Z","cause":"automation"},"properties":{"provisioningState":"Succeeded"}}'}
    headers:
      cache-control: [no-cache]
      content-length: ['384']
      content-type: [application/json; charset=utf-8]
      date: ['Tue, 03 Apr 2018 21:32:37 GMT']
      expires: ['-1']
      pragma: [no-cache]
      strict-transport-security: [max-age=31536000; includeSubDomains]
      vary: [Accept-Encoding]
      x-content-type-options: [nosniff]
    status: {code: 200, message: OK}
- request:
    body: null
    headers:
      Accept: ['*/*']
      Accept-Encoding: ['gzip, deflate']
      Connection: [keep-alive]
      User-Agent: [python-requests/2.18.4]
    method: GET
    uri: https://raw.githubusercontent.com/Azure/azure-rest-api-specs/master/arm-compute/quickstart-templates/aliases.json
  response:
    body: {string: "{\n  \"$schema\":\"http://schema.management.azure.com/schemas/2015-01-01/deploymentTemplate.json\"\
        ,\n  \"contentVersion\":\"1.0.0.0\",\n  \"parameters\":{},\n  \"variables\"\
        :{},\n  \"resources\":[],\n\n  \"outputs\":{\n    \"aliases\":{\n      \"\
        type\":\"object\",\n      \"value\":{\n\n        \"Linux\":{\n          \"\
        CentOS\":{\n            \"publisher\":\"OpenLogic\",\n            \"offer\"\
        :\"CentOS\",\n            \"sku\":\"7.3\",\n            \"version\":\"latest\"\
        \n          },\n          \"CoreOS\":{\n            \"publisher\":\"CoreOS\"\
        ,\n            \"offer\":\"CoreOS\",\n            \"sku\":\"Stable\",\n  \
        \          \"version\":\"latest\"\n          },\n          \"Debian\":{\n\
        \            \"publisher\":\"credativ\",\n            \"offer\":\"Debian\"\
        ,\n            \"sku\":\"8\",\n            \"version\":\"latest\"\n      \
        \    },\n          \"openSUSE-Leap\": {\n            \"publisher\":\"SUSE\"\
        ,\n            \"offer\":\"openSUSE-Leap\",\n            \"sku\":\"42.3\"\
        ,\n            \"version\": \"latest\"\n          },\n          \"RHEL\":{\n\
        \            \"publisher\":\"RedHat\",\n            \"offer\":\"RHEL\",\n\
        \            \"sku\":\"7.3\",\n            \"version\":\"latest\"\n      \
        \    },\n          \"SLES\":{\n            \"publisher\":\"SUSE\",\n     \
        \       \"offer\":\"SLES\",\n            \"sku\":\"12-SP2\",\n           \
        \ \"version\":\"latest\"\n          },\n          \"UbuntuLTS\":{\n      \
        \      \"publisher\":\"Canonical\",\n            \"offer\":\"UbuntuServer\"\
        ,\n            \"sku\":\"16.04-LTS\",\n            \"version\":\"latest\"\n\
        \          }\n        },\n\n        \"Windows\":{\n          \"Win2016Datacenter\"\
        :{\n            \"publisher\":\"MicrosoftWindowsServer\",\n            \"\
        offer\":\"WindowsServer\",\n            \"sku\":\"2016-Datacenter\",\n   \
        \         \"version\":\"latest\"\n          },\n          \"Win2012R2Datacenter\"\
        :{\n            \"publisher\":\"MicrosoftWindowsServer\",\n            \"\
        offer\":\"WindowsServer\",\n            \"sku\":\"2012-R2-Datacenter\",\n\
        \            \"version\":\"latest\"\n          },\n          \"Win2012Datacenter\"\
        :{\n            \"publisher\":\"MicrosoftWindowsServer\",\n            \"\
        offer\":\"WindowsServer\",\n            \"sku\":\"2012-Datacenter\",\n   \
        \         \"version\":\"latest\"\n          },\n          \"Win2008R2SP1\"\
        :{\n            \"publisher\":\"MicrosoftWindowsServer\",\n            \"\
        offer\":\"WindowsServer\",\n            \"sku\":\"2008-R2-SP1\",\n       \
        \     \"version\":\"latest\"\n          }\n        }\n      }\n    }\n  }\n\
        }\n"}
    headers:
      accept-ranges: [bytes]
      access-control-allow-origin: ['*']
      cache-control: [max-age=300]
      connection: [keep-alive]
      content-length: ['2235']
      content-security-policy: [default-src 'none'; style-src 'unsafe-inline'; sandbox]
      content-type: [text/plain; charset=utf-8]
      date: ['Tue, 03 Apr 2018 21:32:38 GMT']
      etag: ['"60d07919b4224266adafb81340896eea100dc887"']
      expires: ['Tue, 03 Apr 2018 21:37:38 GMT']
      source-age: ['0']
      strict-transport-security: [max-age=31536000]
      vary: ['Authorization,Accept-Encoding']
      via: [1.1 varnish]
      x-cache: [MISS]
      x-cache-hits: ['0']
      x-content-type-options: [nosniff]
      x-fastly-request-id: [227a212b2088d3692a9eb3da42d6cd1718abda54]
      x-frame-options: [deny]
      x-geo-block-list: ['']
      x-github-request-id: ['8CBE:55EB:123773:13799A:5AC3F2F3']
      x-served-by: [cache-sea1028-SEA]
      x-timer: ['S1522791158.489608,VS0,VE2']
      x-xss-protection: [1; mode=block]
    status: {code: 200, message: OK}
- request:
    body: null
    headers:
      Accept: [application/json]
      Accept-Encoding: ['gzip, deflate']
      CommandName: [vmss create]
      Connection: [keep-alive]
      Content-Type: [application/json; charset=utf-8]
      User-Agent: [python/3.5.3 (Windows-10-10.0.16299-SP0) requests/2.18.4 msrest/0.4.27
          msrest_azure/0.4.24 networkmanagementclient/2.0.0rc1 Azure-SDK-For-Python
          AZURECLI/2.0.31]
      accept-language: [en-US]
    method: GET
    uri: https://management.azure.com/subscriptions/00000000-0000-0000-0000-000000000000/resourceGroups/clitest.rg000001/providers/Microsoft.Network/virtualnetworks?api-version=2015-06-15
  response:
    body: {string: '{"value":[]}'}
    headers:
      cache-control: [no-cache]
      content-length: ['12']
      content-type: [application/json; charset=utf-8]
      date: ['Tue, 03 Apr 2018 21:32:38 GMT']
      expires: ['-1']
      pragma: [no-cache]
      strict-transport-security: [max-age=31536000; includeSubDomains]
      vary: [Accept-Encoding]
      x-content-type-options: [nosniff]
    status: {code: 200, message: OK}
- request:
    body: 'b''{"properties": {"mode": "Incremental", "parameters": {}, "template":
      {"contentVersion": "1.0.0.0", "outputs": {"VMSS": {"type": "object", "value":
      "[reference(resourceId(\''Microsoft.Compute/virtualMachineScaleSets\'', \''vmss1\''),providers(\''Microsoft.Compute\'',
      \''virtualMachineScaleSets\'').apiVersions[0])]"}}, "resources": [{"location":
      "westus", "type": "Microsoft.Network/virtualNetworks", "properties": {"addressSpace":
      {"addressPrefixes": ["10.0.0.0/16"]}, "subnets": [{"name": "vmss1Subnet", "properties":
      {"addressPrefix": "10.0.0.0/24"}}, {"name": "appGwSubnet", "properties": {"addressPrefix":
      "10.0.1.0/24"}}]}, "dependsOn": [], "apiVersion": "2015-06-15", "name": "vmss1VNET",
      "tags": {}}, {"location": "westus", "type": "Microsoft.Network/publicIPAddresses",
      "properties": {"publicIPAllocationMethod": "Dynamic"}, "tags": {}, "apiVersion":
      "2015-06-15", "name": "vmss1AGPublicIP", "dependsOn": []}, {"location": "westus",
      "type": "Microsoft.Network/applicationGateways", "properties": {"frontendIPConfigurations":
      [{"name": "appGwFrontendIP", "properties": {"publicIPAddress": {"id": "/subscriptions/00000000-0000-0000-0000-000000000000/resourceGroups/clitest.rg000001/providers/Microsoft.Network/publicIPAddresses/vmss1AGPublicIP"}}}],
      "backendHttpSettingsCollection": [{"name": "appGwBackendHttpSettings", "properties":
      {"Protocol": "Http", "Port": 80, "CookieBasedAffinity": "Disabled"}}], "httpListeners":
      [{"name": "appGwHttpListener", "properties": {"FrontendPort": {"Id": "[concat(variables(\''appGwID\''),
      \''/frontendPorts/appGwFrontendPort\'')]"}, "FrontendIPConfiguration": {"Id":
      "[concat(variables(\''appGwID\''), \''/frontendIPConfigurations/appGwFrontendIP\'')]"},
      "Protocol": "Http", "SslCertificate": null}}], "frontendPorts": [{"name": "appGwFrontendPort",
      "properties": {"Port": 80}}], "requestRoutingRules": [{"Name": "rule1", "properties":
      {"backendHttpSettings": {"id": "[concat(variables(\''appGwID\''), \''/backendHttpSettingsCollection/appGwBackendHttpSettings\'')]"},
      "backendAddressPool": {"id": "[concat(variables(\''appGwID\''), \''/backendAddressPools/vmss1LBBEPool\'')]"},
      "httpListener": {"id": "[concat(variables(\''appGwID\''), \''/httpListeners/appGwHttpListener\'')]"},
      "RuleType": "Basic"}}], "gatewayIPConfigurations": [{"name": "appGwIpConfig",
      "properties": {"subnet": {"id": "/subscriptions/00000000-0000-0000-0000-000000000000/resourceGroups/clitest.rg000001/providers/Microsoft.Network/virtualNetworks/vmss1VNET/subnets/appGwSubnet"}}}],
      "backendAddressPools": [{"name": "vmss1LBBEPool"}], "sku": {"name": "Standard_Large",
      "tier": "Standard", "capacity": 10}}, "tags": {}, "apiVersion": "2015-06-15",
      "name": "vmss1AG", "dependsOn": ["Microsoft.Network/virtualNetworks/vmss1VNET",
      "Microsoft.Network/publicIpAddresses/vmss1AGPublicIP"]}, {"location": "westus",
      "type": "Microsoft.Compute/virtualMachineScaleSets", "sku": {"name": "Standard_D1_v2",
      "capacity": 101}, "tags": {}, "apiVersion": "2016-03-30", "name": "vmss1", "dependsOn":
      ["Microsoft.Network/virtualNetworks/vmss1VNET", "Microsoft.Network/applicationGateways/vmss1AG"],
      "properties": {"upgradePolicy": {"mode": "manual"}, "overprovision": true, "virtualMachineProfile":
      {"storageProfile": {"imageReference": {"offer": "UbuntuServer", "publisher":
      "Canonical", "version": "latest", "sku": "16.04-LTS"}, "osDisk": {"caching":
      "ReadWrite", "managedDisk": {"storageAccountType": null}, "createOption": "FromImage"}},
      "osProfile": {"linuxConfiguration": {"disablePasswordAuthentication": true,
      "ssh": {"publicKeys": [{"keyData": "ssh-rsa AAAAB3NzaC1yc2EAAAADAQABAAABAQCaQ1KLeMgSuB7YfE9J8CIFBgyXuaUTjh2mcJL8F8PKS+ad3czClma99lDBSmXaIrdPcdyn/A5RfauijgTKPNbC64FgnbtNjTWjyb4NSJyXKP9BlbGqvz8xxO+CPOTvNe7GOPi9l0pZZLq8uXB1D4G6h54BBaEqpLIWGNDusllfRyy2Z9zIOCSuVmpss+zq1nWmiB3mrDTm36DO1jQFnOaytYYBrluulJ6fAn6vHI3vW/mDugwCb5KzT0hcKT2UeuM75odM/OS8I4YneDxdCz0Gu456o4izTHchGXWZURxJlSUD1znIMMJDJmxHbD+bhnfcZ8Xu5KxNDPhUCTYeN/oH
      yugangw@YUGANGW1\\n", "path": "/home/ubuntuadmin/.ssh/authorized_keys"}]}},
      "adminUsername": "ubuntuadmin", "computerNamePrefix": "vmss166f8"}, "networkProfile":
      {"networkInterfaceConfigurations": [{"name": "vmss166f8Nic", "properties": {"ipConfigurations":
      [{"name": "vmss166f8IPConfig", "properties": {"subnet": {"id": "/subscriptions/00000000-0000-0000-0000-000000000000/resourceGroups/clitest.rg000001/providers/Microsoft.Network/virtualNetworks/vmss1VNET/subnets/vmss1Subnet"},
      "ApplicationGatewayBackendAddressPools": [{"id": "/subscriptions/00000000-0000-0000-0000-000000000000/resourceGroups/clitest.rg000001/providers/Microsoft.Network/applicationGateways/vmss1AG/backendAddressPools/vmss1LBBEPool"}]}}],
      "primary": "true"}}]}}}}], "$schema": "https://schema.management.azure.com/schemas/2015-01-01/deploymentTemplate.json#",
      "parameters": {}, "variables": {"appGwID": "[resourceId(\''Microsoft.Network/applicationGateways\'',
      \''vmss1AG\'')]"}}}}'''
    headers:
      Accept: [application/json]
      Accept-Encoding: ['gzip, deflate']
      CommandName: [vmss create]
      Connection: [keep-alive]
      Content-Length: ['5061']
      Content-Type: [application/json; charset=utf-8]
      User-Agent: [python/3.5.3 (Windows-10-10.0.16299-SP0) requests/2.18.4 msrest/0.4.27
          msrest_azure/0.4.24 resourcemanagementclient/1.2.1 Azure-SDK-For-Python
          AZURECLI/2.0.31]
      accept-language: [en-US]
    method: POST
    uri: https://management.azure.com/subscriptions/00000000-0000-0000-0000-000000000000/resourcegroups/clitest.rg000001/providers/Microsoft.Resources/deployments/mock-deployment/validate?api-version=2016-02-01
  response:
    body: {string: '{"id":"/subscriptions/00000000-0000-0000-0000-000000000000/resourceGroups/clitest.rg000001/providers/Microsoft.Resources/deployments/vmss_deploy_uGUIY132s30iCBQ8eKoxMTbPbkzGd9KF","name":"vmss_deploy_uGUIY132s30iCBQ8eKoxMTbPbkzGd9KF","properties":{"templateHash":"13719569721914479730","parameters":{},"mode":"Incremental","provisioningState":"Succeeded","timestamp":"2018-04-03T21:32:40.0014533Z","duration":"PT0S","correlationId":"363df43a-4479-4c42-9363-1404cc857acb","providers":[{"namespace":"Microsoft.Network","resourceTypes":[{"resourceType":"virtualNetworks","locations":["westus"]},{"resourceType":"publicIPAddresses","locations":["westus"]},{"resourceType":"applicationGateways","locations":["westus"]}]},{"namespace":"Microsoft.Compute","resourceTypes":[{"resourceType":"virtualMachineScaleSets","locations":["westus"]}]}],"dependencies":[{"dependsOn":[{"id":"/subscriptions/00000000-0000-0000-0000-000000000000/resourceGroups/clitest.rg000001/providers/Microsoft.Network/virtualNetworks/vmss1VNET","resourceType":"Microsoft.Network/virtualNetworks","resourceName":"vmss1VNET"},{"id":"/subscriptions/00000000-0000-0000-0000-000000000000/resourceGroups/clitest.rg000001/providers/Microsoft.Network/publicIPAddresses/vmss1AGPublicIP","resourceType":"Microsoft.Network/publicIPAddresses","resourceName":"vmss1AGPublicIP"}],"id":"/subscriptions/00000000-0000-0000-0000-000000000000/resourceGroups/clitest.rg000001/providers/Microsoft.Network/applicationGateways/vmss1AG","resourceType":"Microsoft.Network/applicationGateways","resourceName":"vmss1AG"},{"dependsOn":[{"id":"/subscriptions/00000000-0000-0000-0000-000000000000/resourceGroups/clitest.rg000001/providers/Microsoft.Network/virtualNetworks/vmss1VNET","resourceType":"Microsoft.Network/virtualNetworks","resourceName":"vmss1VNET"},{"id":"/subscriptions/00000000-0000-0000-0000-000000000000/resourceGroups/clitest.rg000001/providers/Microsoft.Network/applicationGateways/vmss1AG","resourceType":"Microsoft.Network/applicationGateways","resourceName":"vmss1AG"}],"id":"/subscriptions/00000000-0000-0000-0000-000000000000/resourceGroups/clitest.rg000001/providers/Microsoft.Compute/virtualMachineScaleSets/vmss1","resourceType":"Microsoft.Compute/virtualMachineScaleSets","resourceName":"vmss1"}],"validatedResources":[{"apiVersion":"2015-06-15","id":"/subscriptions/00000000-0000-0000-0000-000000000000/resourceGroups/clitest.rg000001/providers/Microsoft.Network/virtualNetworks/vmss1VNET","name":"vmss1VNET","type":"Microsoft.Network/virtualNetworks","location":"westus","tags":{},"properties":{"addressSpace":{"addressPrefixes":["10.0.0.0/16"]},"subnets":[{"name":"vmss1Subnet","properties":{"addressPrefix":"10.0.0.0/24"}},{"name":"appGwSubnet","properties":{"addressPrefix":"10.0.1.0/24"}}]}},{"apiVersion":"2015-06-15","id":"/subscriptions/00000000-0000-0000-0000-000000000000/resourceGroups/clitest.rg000001/providers/Microsoft.Network/publicIPAddresses/vmss1AGPublicIP","name":"vmss1AGPublicIP","type":"Microsoft.Network/publicIPAddresses","location":"westus","tags":{},"properties":{"publicIPAllocationMethod":"Dynamic"}},{"dependsOn":["/subscriptions/00000000-0000-0000-0000-000000000000/resourceGroups/clitest.rg000001/providers/Microsoft.Network/virtualNetworks/vmss1VNET","/subscriptions/00000000-0000-0000-0000-000000000000/resourceGroups/clitest.rg000001/providers/Microsoft.Network/publicIPAddresses/vmss1AGPublicIP"],"apiVersion":"2015-06-15","id":"/subscriptions/00000000-0000-0000-0000-000000000000/resourceGroups/clitest.rg000001/providers/Microsoft.Network/applicationGateways/vmss1AG","name":"vmss1AG","type":"Microsoft.Network/applicationGateways","location":"westus","tags":{},"properties":{"frontendIPConfigurations":[{"name":"appGwFrontendIP","properties":{"publicIPAddress":{"id":"/subscriptions/00000000-0000-0000-0000-000000000000/resourceGroups/clitest.rg000001/providers/Microsoft.Network/publicIPAddresses/vmss1AGPublicIP"}}}],"backendHttpSettingsCollection":[{"name":"appGwBackendHttpSettings","properties":{"Protocol":"Http","Port":80,"CookieBasedAffinity":"Disabled"}}],"httpListeners":[{"name":"appGwHttpListener","properties":{"FrontendPort":{"Id":"/subscriptions/00000000-0000-0000-0000-000000000000/resourceGroups/clitest.rg000001/providers/Microsoft.Network/applicationGateways/vmss1AG/frontendPorts/appGwFrontendPort"},"FrontendIPConfiguration":{"Id":"/subscriptions/00000000-0000-0000-0000-000000000000/resourceGroups/clitest.rg000001/providers/Microsoft.Network/applicationGateways/vmss1AG/frontendIPConfigurations/appGwFrontendIP"},"Protocol":"Http","SslCertificate":null}}],"frontendPorts":[{"name":"appGwFrontendPort","properties":{"Port":80}}],"requestRoutingRules":[{"Name":"rule1","properties":{"backendHttpSettings":{"id":"/subscriptions/00000000-0000-0000-0000-000000000000/resourceGroups/clitest.rg000001/providers/Microsoft.Network/applicationGateways/vmss1AG/backendHttpSettingsCollection/appGwBackendHttpSettings"},"backendAddressPool":{"id":"/subscriptions/00000000-0000-0000-0000-000000000000/resourceGroups/clitest.rg000001/providers/Microsoft.Network/applicationGateways/vmss1AG/backendAddressPools/vmss1LBBEPool"},"httpListener":{"id":"/subscriptions/00000000-0000-0000-0000-000000000000/resourceGroups/clitest.rg000001/providers/Microsoft.Network/applicationGateways/vmss1AG/httpListeners/appGwHttpListener"},"RuleType":"Basic"}}],"gatewayIPConfigurations":[{"name":"appGwIpConfig","properties":{"subnet":{"id":"/subscriptions/00000000-0000-0000-0000-000000000000/resourceGroups/clitest.rg000001/providers/Microsoft.Network/virtualNetworks/vmss1VNET/subnets/appGwSubnet"}}}],"backendAddressPools":[{"name":"vmss1LBBEPool"}],"sku":{"name":"Standard_Large","tier":"Standard","capacity":10}}},{"dependsOn":["/subscriptions/00000000-0000-0000-0000-000000000000/resourceGroups/clitest.rg000001/providers/Microsoft.Network/virtualNetworks/vmss1VNET","/subscriptions/00000000-0000-0000-0000-000000000000/resourceGroups/clitest.rg000001/providers/Microsoft.Network/applicationGateways/vmss1AG"],"apiVersion":"2016-03-30","id":"/subscriptions/00000000-0000-0000-0000-000000000000/resourceGroups/clitest.rg000001/providers/Microsoft.Compute/virtualMachineScaleSets/vmss1","name":"vmss1","type":"Microsoft.Compute/virtualMachineScaleSets","sku":{"name":"Standard_D1_v2","capacity":101},"location":"westus","tags":{},"properties":{"upgradePolicy":{"mode":"manual"},"overprovision":true,"virtualMachineProfile":{"storageProfile":{"imageReference":{"offer":"UbuntuServer","publisher":"Canonical","version":"latest","sku":"16.04-LTS"},"osDisk":{"caching":"ReadWrite","managedDisk":{"storageAccountType":null},"createOption":"FromImage"}},"osProfile":{"linuxConfiguration":{"disablePasswordAuthentication":true,"ssh":{"publicKeys":[{"keyData":"ssh-rsa
        AAAAB3NzaC1yc2EAAAADAQABAAABAQCaQ1KLeMgSuB7YfE9J8CIFBgyXuaUTjh2mcJL8F8PKS+ad3czClma99lDBSmXaIrdPcdyn/A5RfauijgTKPNbC64FgnbtNjTWjyb4NSJyXKP9BlbGqvz8xxO+CPOTvNe7GOPi9l0pZZLq8uXB1D4G6h54BBaEqpLIWGNDusllfRyy2Z9zIOCSuVmpss+zq1nWmiB3mrDTm36DO1jQFnOaytYYBrluulJ6fAn6vHI3vW/mDugwCb5KzT0hcKT2UeuM75odM/OS8I4YneDxdCz0Gu456o4izTHchGXWZURxJlSUD1znIMMJDJmxHbD+bhnfcZ8Xu5KxNDPhUCTYeN/oH
        yugangw@YUGANGW1\n","path":"/home/ubuntuadmin/.ssh/authorized_keys"}]}},"adminUsername":"ubuntuadmin","computerNamePrefix":"vmss166f8"},"networkProfile":{"networkInterfaceConfigurations":[{"name":"vmss166f8Nic","properties":{"ipConfigurations":[{"name":"vmss166f8IPConfig","properties":{"subnet":{"id":"/subscriptions/00000000-0000-0000-0000-000000000000/resourceGroups/clitest.rg000001/providers/Microsoft.Network/virtualNetworks/vmss1VNET/subnets/vmss1Subnet"},"ApplicationGatewayBackendAddressPools":[{"id":"/subscriptions/00000000-0000-0000-0000-000000000000/resourceGroups/clitest.rg000001/providers/Microsoft.Network/applicationGateways/vmss1AG/backendAddressPools/vmss1LBBEPool"}]}}],"primary":"true"}}]}}}}]}}'}
    headers:
      cache-control: [no-cache]
      content-length: ['9267']
      content-type: [application/json; charset=utf-8]
      date: ['Tue, 03 Apr 2018 21:32:40 GMT']
      expires: ['-1']
      pragma: [no-cache]
      strict-transport-security: [max-age=31536000; includeSubDomains]
      transfer-encoding: [chunked]
      vary: [Accept-Encoding]
      x-content-type-options: [nosniff]
      x-ms-ratelimit-remaining-subscription-writes: ['1198']
    status: {code: 200, message: OK}
- request:
    body: null
    headers:
      Accept: [application/json]
      Accept-Encoding: ['gzip, deflate']
      CommandName: [group delete]
      Connection: [keep-alive]
      Content-Length: ['0']
      Content-Type: [application/json; charset=utf-8]
      User-Agent: [python/3.5.3 (Windows-10-10.0.16299-SP0) requests/2.18.4 msrest/0.4.27
          msrest_azure/0.4.24 resourcemanagementclient/1.2.1 Azure-SDK-For-Python
          AZURECLI/2.0.31]
      accept-language: [en-US]
    method: DELETE
    uri: https://management.azure.com/subscriptions/00000000-0000-0000-0000-000000000000/resourcegroups/clitest.rg000001?api-version=2016-02-01
  response:
    body: {string: ''}
    headers:
      cache-control: [no-cache]
      content-length: ['0']
      date: ['Tue, 03 Apr 2018 21:32:40 GMT']
      expires: ['-1']
      location: ['https://management.azure.com/subscriptions/00000000-0000-0000-0000-000000000000/operationresults/eyJqb2JJZCI6IlJFU09VUkNFR1JPVVBERUxFVElPTkpPQi1DTElURVNUOjJFUkdCU1NaVU5NMk1KWlc2UlhaSEdLNjJONlNNSEs1STRPM1FYRHw3NERCNzhFMjBGMEZEOEEzLVdFU1RVUyIsImpvYkxvY2F0aW9uIjoid2VzdHVzIn0?api-version=2016-02-01']
      pragma: [no-cache]
      strict-transport-security: [max-age=31536000; includeSubDomains]
      x-content-type-options: [nosniff]
      x-ms-ratelimit-remaining-subscription-writes: ['1196']
    status: {code: 202, message: Accepted}
version: 1
