interactions:
- request:
    body: '{"location": "westus", "tags": {"product": "azurecli", "cause": "automation",
      "date": "2018-09-12T08:23:45Z"}}'
    headers:
      Accept: [application/json]
      Accept-Encoding: ['gzip, deflate']
      CommandName: [group create]
      Connection: [keep-alive]
      Content-Length: ['110']
      Content-Type: [application/json; charset=utf-8]
      User-Agent: [python/3.5.3 (Windows-10-10.0.17134-SP0) requests/2.18.4 msrest/0.5.5
          msrest_azure/0.4.34 resourcemanagementclient/2.0.0 Azure-SDK-For-Python
          AZURECLI/2.0.46]
      accept-language: [en-US]
    method: PUT
    uri: https://management.azure.com/subscriptions/00000000-0000-0000-0000-000000000000/resourcegroups/clitest.rg000001?api-version=2018-05-01
  response:
    body: {string: '{"id":"/subscriptions/00000000-0000-0000-0000-000000000000/resourceGroups/clitest.rg000001","name":"clitest.rg000001","location":"westus","tags":{"product":"azurecli","cause":"automation","date":"2018-09-12T08:23:45Z"},"properties":{"provisioningState":"Succeeded"}}'}
    headers:
      cache-control: [no-cache]
      content-length: ['384']
      content-type: [application/json; charset=utf-8]
      date: ['Wed, 12 Sep 2018 08:23:50 GMT']
      expires: ['-1']
      pragma: [no-cache]
      strict-transport-security: [max-age=31536000; includeSubDomains]
      x-content-type-options: [nosniff]
      x-ms-ratelimit-remaining-subscription-writes: ['1199']
    status: {code: 201, message: Created}
- request:
    body: '{"location": "brazilsouth", "sku": {"name": "GP_Gen4_2"}, "properties":
      {"administratorLoginPassword": "SecretPassword123", "storageProfile": {}, "createMode":
      "Default", "administratorLogin": "cloudsa"}}'
    headers:
      Accept: [application/json]
      Accept-Encoding: ['gzip, deflate']
      CommandName: [mysql server create]
      Connection: [keep-alive]
      Content-Length: ['204']
      Content-Type: [application/json; charset=utf-8]
      User-Agent: [python/3.5.3 (Windows-10-10.0.17134-SP0) requests/2.18.4 msrest/0.5.5
          msrest_azure/0.4.34 mysqlmanagementclient/2017-12-01 Azure-SDK-For-Python
          AZURECLI/2.0.46]
      accept-language: [en-US]
    method: PUT
    uri: https://management.azure.com/subscriptions/00000000-0000-0000-0000-000000000000/resourceGroups/clitest.rg000001/providers/Microsoft.DBforMySQL/servers/azuredbclitest000002?api-version=2017-12-01
  response:
    body: {string: '{"operation":"UpsertElasticServer","startTime":"2018-09-12T08:23:55.1Z"}'}
    headers:
      azure-asyncoperation: ['https://management.azure.com/subscriptions/00000000-0000-0000-0000-000000000000/providers/Microsoft.DBforMySQL/locations/brazilsouth/azureAsyncOperation/1efafc8e-cfc2-4449-9ded-1b88fb89297b?api-version=2017-12-01']
      cache-control: [no-cache]
      content-length: ['72']
      content-type: [application/json; charset=utf-8]
      date: ['Wed, 12 Sep 2018 08:23:55 GMT']
      expires: ['-1']
      location: ['https://management.azure.com/subscriptions/00000000-0000-0000-0000-000000000000/providers/Microsoft.DBforMySQL/locations/brazilsouth/operationResults/1efafc8e-cfc2-4449-9ded-1b88fb89297b?api-version=2017-12-01']
      pragma: [no-cache]
      server: [Microsoft-HTTPAPI/2.0]
      strict-transport-security: [max-age=31536000; includeSubDomains]
      x-content-type-options: [nosniff]
      x-ms-ratelimit-remaining-subscription-writes: ['1199']
    status: {code: 202, message: Accepted}
- request:
    body: null
    headers:
      Accept: [application/json]
      Accept-Encoding: ['gzip, deflate']
      CommandName: [mysql server create]
      Connection: [keep-alive]
      User-Agent: [python/3.5.3 (Windows-10-10.0.17134-SP0) requests/2.18.4 msrest/0.5.5
          msrest_azure/0.4.34 mysqlmanagementclient/2017-12-01 Azure-SDK-For-Python
          AZURECLI/2.0.46]
    method: GET
    uri: https://management.azure.com/subscriptions/00000000-0000-0000-0000-000000000000/providers/Microsoft.DBforMySQL/locations/brazilsouth/azureAsyncOperation/1efafc8e-cfc2-4449-9ded-1b88fb89297b?api-version=2017-12-01
  response:
    body: {string: '{"name":"1efafc8e-cfc2-4449-9ded-1b88fb89297b","status":"InProgress","startTime":"2018-09-12T08:23:55.1Z"}'}
    headers:
      cache-control: [no-cache]
      content-length: ['106']
      content-type: [application/json; charset=utf-8]
      date: ['Wed, 12 Sep 2018 08:24:56 GMT']
      expires: ['-1']
      pragma: [no-cache]
      server: [Microsoft-HTTPAPI/2.0]
      strict-transport-security: [max-age=31536000; includeSubDomains]
      transfer-encoding: [chunked]
      vary: [Accept-Encoding]
      x-content-type-options: [nosniff]
    status: {code: 200, message: OK}
- request:
    body: null
    headers:
      Accept: [application/json]
      Accept-Encoding: ['gzip, deflate']
      CommandName: [mysql server create]
      Connection: [keep-alive]
      User-Agent: [python/3.5.3 (Windows-10-10.0.17134-SP0) requests/2.18.4 msrest/0.5.5
          msrest_azure/0.4.34 mysqlmanagementclient/2017-12-01 Azure-SDK-For-Python
          AZURECLI/2.0.46]
    method: GET
    uri: https://management.azure.com/subscriptions/00000000-0000-0000-0000-000000000000/providers/Microsoft.DBforMySQL/locations/brazilsouth/azureAsyncOperation/1efafc8e-cfc2-4449-9ded-1b88fb89297b?api-version=2017-12-01
  response:
    body: {string: '{"name":"1efafc8e-cfc2-4449-9ded-1b88fb89297b","status":"InProgress","startTime":"2018-09-12T08:23:55.1Z"}'}
    headers:
      cache-control: [no-cache]
      content-length: ['106']
      content-type: [application/json; charset=utf-8]
      date: ['Wed, 12 Sep 2018 08:25:58 GMT']
      expires: ['-1']
      pragma: [no-cache]
      server: [Microsoft-HTTPAPI/2.0]
      strict-transport-security: [max-age=31536000; includeSubDomains]
      transfer-encoding: [chunked]
      vary: [Accept-Encoding]
      x-content-type-options: [nosniff]
    status: {code: 200, message: OK}
- request:
    body: null
    headers:
      Accept: [application/json]
      Accept-Encoding: ['gzip, deflate']
      CommandName: [mysql server create]
      Connection: [keep-alive]
      User-Agent: [python/3.5.3 (Windows-10-10.0.17134-SP0) requests/2.18.4 msrest/0.5.5
          msrest_azure/0.4.34 mysqlmanagementclient/2017-12-01 Azure-SDK-For-Python
          AZURECLI/2.0.46]
    method: GET
    uri: https://management.azure.com/subscriptions/00000000-0000-0000-0000-000000000000/providers/Microsoft.DBforMySQL/locations/brazilsouth/azureAsyncOperation/1efafc8e-cfc2-4449-9ded-1b88fb89297b?api-version=2017-12-01
  response:
    body: {string: '{"name":"1efafc8e-cfc2-4449-9ded-1b88fb89297b","status":"InProgress","startTime":"2018-09-12T08:23:55.1Z"}'}
    headers:
      cache-control: [no-cache]
      content-length: ['106']
      content-type: [application/json; charset=utf-8]
      date: ['Wed, 12 Sep 2018 08:27:00 GMT']
      expires: ['-1']
      pragma: [no-cache]
      server: [Microsoft-HTTPAPI/2.0]
      strict-transport-security: [max-age=31536000; includeSubDomains]
      transfer-encoding: [chunked]
      vary: [Accept-Encoding]
      x-content-type-options: [nosniff]
    status: {code: 200, message: OK}
- request:
    body: null
    headers:
      Accept: [application/json]
      Accept-Encoding: ['gzip, deflate']
      CommandName: [mysql server create]
      Connection: [keep-alive]
      User-Agent: [python/3.5.3 (Windows-10-10.0.17134-SP0) requests/2.18.4 msrest/0.5.5
          msrest_azure/0.4.34 mysqlmanagementclient/2017-12-01 Azure-SDK-For-Python
          AZURECLI/2.0.46]
    method: GET
    uri: https://management.azure.com/subscriptions/00000000-0000-0000-0000-000000000000/providers/Microsoft.DBforMySQL/locations/brazilsouth/azureAsyncOperation/1efafc8e-cfc2-4449-9ded-1b88fb89297b?api-version=2017-12-01
  response:
    body: {string: '{"name":"1efafc8e-cfc2-4449-9ded-1b88fb89297b","status":"Succeeded","startTime":"2018-09-12T08:23:55.1Z"}'}
    headers:
      cache-control: [no-cache]
      content-length: ['105']
      content-type: [application/json; charset=utf-8]
      date: ['Wed, 12 Sep 2018 08:28:02 GMT']
      expires: ['-1']
      pragma: [no-cache]
      server: [Microsoft-HTTPAPI/2.0]
      strict-transport-security: [max-age=31536000; includeSubDomains]
      transfer-encoding: [chunked]
      vary: [Accept-Encoding]
      x-content-type-options: [nosniff]
    status: {code: 200, message: OK}
- request:
    body: null
    headers:
      Accept: [application/json]
      Accept-Encoding: ['gzip, deflate']
      CommandName: [mysql server create]
      Connection: [keep-alive]
      User-Agent: [python/3.5.3 (Windows-10-10.0.17134-SP0) requests/2.18.4 msrest/0.5.5
          msrest_azure/0.4.34 mysqlmanagementclient/2017-12-01 Azure-SDK-For-Python
          AZURECLI/2.0.46]
    method: GET
    uri: https://management.azure.com/subscriptions/00000000-0000-0000-0000-000000000000/resourceGroups/clitest.rg000001/providers/Microsoft.DBforMySQL/servers/azuredbclitest000002?api-version=2017-12-01
  response:
    body: {string: '{"sku":{"name":"GP_Gen4_2","tier":"GeneralPurpose","family":"Gen4","capacity":2},"properties":{"administratorLogin":"cloudsa","storageProfile":{"storageMB":5120,"backupRetentionDays":7,"geoRedundantBackup":"Disabled"},"version":"5.7","sslEnforcement":"Enabled","userVisibleState":"Ready","fullyQualifiedDomainName":"azuredbclitest000002.mysql.database.azure.com","earliestRestoreDate":"2018-09-12T08:33:55.537+00:00","replicationRole":"None","masterServerId":"","replicaCapacity":5},"location":"brazilsouth","id":"/subscriptions/00000000-0000-0000-0000-000000000000/resourceGroups/clitest.rg000001/providers/Microsoft.DBforMySQL/servers/azuredbclitest000002","name":"azuredbclitest000002","type":"Microsoft.DBforMySQL/servers"}'}
    headers:
      cache-control: [no-cache]
      content-length: ['822']
      content-type: [application/json; charset=utf-8]
      date: ['Wed, 12 Sep 2018 08:28:03 GMT']
      expires: ['-1']
      pragma: [no-cache]
      server: [Microsoft-HTTPAPI/2.0]
      strict-transport-security: [max-age=31536000; includeSubDomains]
      transfer-encoding: [chunked]
      vary: [Accept-Encoding]
      x-content-type-options: [nosniff]
    status: {code: 200, message: OK}
- request:
    body: null
    headers:
      Accept: [application/json]
      Accept-Encoding: ['gzip, deflate']
      CommandName: [mysql server replica create]
      Connection: [keep-alive]
      Content-Type: [application/json; charset=utf-8]
      User-Agent: [python/3.5.3 (Windows-10-10.0.17134-SP0) requests/2.18.4 msrest/0.5.5
          msrest_azure/0.4.34 mysqlmanagementclient/2017-12-01 Azure-SDK-For-Python
          AZURECLI/2.0.46]
      accept-language: [en-US]
    method: GET
    uri: https://management.azure.com/subscriptions/00000000-0000-0000-0000-000000000000/resourceGroups/clitest.rg000001/providers/Microsoft.DBforMySQL/servers/azuredbclitest000002?api-version=2017-12-01
  response:
    body: {string: '{"sku":{"name":"GP_Gen4_2","tier":"GeneralPurpose","family":"Gen4","capacity":2},"properties":{"administratorLogin":"cloudsa","storageProfile":{"storageMB":5120,"backupRetentionDays":7,"geoRedundantBackup":"Disabled"},"version":"5.7","sslEnforcement":"Enabled","userVisibleState":"Ready","fullyQualifiedDomainName":"azuredbclitest000002.mysql.database.azure.com","earliestRestoreDate":"2018-09-12T08:33:55.537+00:00","replicationRole":"None","masterServerId":"","replicaCapacity":5},"location":"brazilsouth","id":"/subscriptions/00000000-0000-0000-0000-000000000000/resourceGroups/clitest.rg000001/providers/Microsoft.DBforMySQL/servers/azuredbclitest000002","name":"azuredbclitest000002","type":"Microsoft.DBforMySQL/servers"}'}
    headers:
      cache-control: [no-cache]
      content-length: ['822']
      content-type: [application/json; charset=utf-8]
      date: ['Wed, 12 Sep 2018 08:33:06 GMT']
      expires: ['-1']
      pragma: [no-cache]
      server: [Microsoft-HTTPAPI/2.0]
      strict-transport-security: [max-age=31536000; includeSubDomains]
      transfer-encoding: [chunked]
      vary: [Accept-Encoding]
      x-content-type-options: [nosniff]
    status: {code: 200, message: OK}
- request:
    body: 'b''b\''{"location": "brazilsouth", "sku": {"name": "GP_Gen4_2"}, "properties":
      {"sourceServerId": "/subscriptions/00000000-0000-0000-0000-000000000000/resourceGroups/clitest.rg000001/providers/Microsoft.DBforMySQL/servers/azuredbclitest000002",
      "createMode": "Replica"}}\'''''
    headers:
      Accept: [application/json]
      Accept-Encoding: ['gzip, deflate']
      CommandName: [mysql server replica create]
      Connection: [keep-alive]
      Content-Length: ['334']
      Content-Type: [application/json; charset=utf-8]
      User-Agent: [python/3.5.3 (Windows-10-10.0.17134-SP0) requests/2.18.4 msrest/0.5.5
          msrest_azure/0.4.34 mysqlmanagementclient/2017-12-01 Azure-SDK-For-Python
          AZURECLI/2.0.46]
      accept-language: [en-US]
    method: PUT
    uri: https://management.azure.com/subscriptions/00000000-0000-0000-0000-000000000000/resourceGroups/clitest.rg000001/providers/Microsoft.DBforMySQL/servers/azuredbclirep1000003?api-version=2017-12-01
  response:
    body: {string: '{"operation":"CreateElasticServerContinuousCopy","startTime":"2018-09-12T08:33:10.41Z"}'}
    headers:
      azure-asyncoperation: ['https://management.azure.com/subscriptions/00000000-0000-0000-0000-000000000000/providers/Microsoft.DBforMySQL/locations/brazilsouth/azureAsyncOperation/7e523186-b664-4f27-9425-a7e1d372b619?api-version=2017-12-01']
      cache-control: [no-cache]
      content-length: ['87']
      content-type: [application/json; charset=utf-8]
      date: ['Wed, 12 Sep 2018 08:33:09 GMT']
      expires: ['-1']
      location: ['https://management.azure.com/subscriptions/00000000-0000-0000-0000-000000000000/providers/Microsoft.DBforMySQL/locations/brazilsouth/operationResults/7e523186-b664-4f27-9425-a7e1d372b619?api-version=2017-12-01']
      pragma: [no-cache]
      server: [Microsoft-HTTPAPI/2.0]
      strict-transport-security: [max-age=31536000; includeSubDomains]
      x-content-type-options: [nosniff]
      x-ms-ratelimit-remaining-subscription-writes: ['1199']
    status: {code: 202, message: Accepted}
- request:
    body: null
    headers:
      Accept: [application/json]
      Accept-Encoding: ['gzip, deflate']
      CommandName: [mysql server replica create]
      Connection: [keep-alive]
      User-Agent: [python/3.5.3 (Windows-10-10.0.17134-SP0) requests/2.18.4 msrest/0.5.5
          msrest_azure/0.4.34 mysqlmanagementclient/2017-12-01 Azure-SDK-For-Python
          AZURECLI/2.0.46]
    method: GET
    uri: https://management.azure.com/subscriptions/00000000-0000-0000-0000-000000000000/providers/Microsoft.DBforMySQL/locations/brazilsouth/azureAsyncOperation/7e523186-b664-4f27-9425-a7e1d372b619?api-version=2017-12-01
  response:
    body: {string: '{"name":"7e523186-b664-4f27-9425-a7e1d372b619","status":"InProgress","startTime":"2018-09-12T08:33:10.41Z"}'}
    headers:
      cache-control: [no-cache]
      content-length: ['107']
      content-type: [application/json; charset=utf-8]
      date: ['Wed, 12 Sep 2018 08:33:41 GMT']
      expires: ['-1']
      pragma: [no-cache]
      server: [Microsoft-HTTPAPI/2.0]
      strict-transport-security: [max-age=31536000; includeSubDomains]
      transfer-encoding: [chunked]
      vary: [Accept-Encoding]
      x-content-type-options: [nosniff]
    status: {code: 200, message: OK}
- request:
    body: null
    headers:
      Accept: [application/json]
      Accept-Encoding: ['gzip, deflate']
      CommandName: [mysql server replica create]
      Connection: [keep-alive]
      User-Agent: [python/3.5.3 (Windows-10-10.0.17134-SP0) requests/2.18.4 msrest/0.5.5
          msrest_azure/0.4.34 mysqlmanagementclient/2017-12-01 Azure-SDK-For-Python
          AZURECLI/2.0.46]
    method: GET
    uri: https://management.azure.com/subscriptions/00000000-0000-0000-0000-000000000000/providers/Microsoft.DBforMySQL/locations/brazilsouth/azureAsyncOperation/7e523186-b664-4f27-9425-a7e1d372b619?api-version=2017-12-01
  response:
    body: {string: '{"name":"7e523186-b664-4f27-9425-a7e1d372b619","status":"InProgress","startTime":"2018-09-12T08:33:10.41Z"}'}
    headers:
      cache-control: [no-cache]
      content-length: ['107']
      content-type: [application/json; charset=utf-8]
      date: ['Wed, 12 Sep 2018 08:34:13 GMT']
      expires: ['-1']
      pragma: [no-cache]
      server: [Microsoft-HTTPAPI/2.0]
      strict-transport-security: [max-age=31536000; includeSubDomains]
      transfer-encoding: [chunked]
      vary: [Accept-Encoding]
      x-content-type-options: [nosniff]
    status: {code: 200, message: OK}
- request:
    body: null
    headers:
      Accept: [application/json]
      Accept-Encoding: ['gzip, deflate']
      CommandName: [mysql server replica create]
      Connection: [keep-alive]
      User-Agent: [python/3.5.3 (Windows-10-10.0.17134-SP0) requests/2.18.4 msrest/0.5.5
          msrest_azure/0.4.34 mysqlmanagementclient/2017-12-01 Azure-SDK-For-Python
          AZURECLI/2.0.46]
    method: GET
    uri: https://management.azure.com/subscriptions/00000000-0000-0000-0000-000000000000/providers/Microsoft.DBforMySQL/locations/brazilsouth/azureAsyncOperation/7e523186-b664-4f27-9425-a7e1d372b619?api-version=2017-12-01
  response:
    body: {string: '{"name":"7e523186-b664-4f27-9425-a7e1d372b619","status":"InProgress","startTime":"2018-09-12T08:33:10.41Z"}'}
    headers:
      cache-control: [no-cache]
      content-length: ['107']
      content-type: [application/json; charset=utf-8]
      date: ['Wed, 12 Sep 2018 08:34:45 GMT']
      expires: ['-1']
      pragma: [no-cache]
      server: [Microsoft-HTTPAPI/2.0]
      strict-transport-security: [max-age=31536000; includeSubDomains]
      transfer-encoding: [chunked]
      vary: [Accept-Encoding]
      x-content-type-options: [nosniff]
    status: {code: 200, message: OK}
- request:
    body: null
    headers:
      Accept: [application/json]
      Accept-Encoding: ['gzip, deflate']
      CommandName: [mysql server replica create]
      Connection: [keep-alive]
      User-Agent: [python/3.5.3 (Windows-10-10.0.17134-SP0) requests/2.18.4 msrest/0.5.5
          msrest_azure/0.4.34 mysqlmanagementclient/2017-12-01 Azure-SDK-For-Python
          AZURECLI/2.0.46]
    method: GET
    uri: https://management.azure.com/subscriptions/00000000-0000-0000-0000-000000000000/providers/Microsoft.DBforMySQL/locations/brazilsouth/azureAsyncOperation/7e523186-b664-4f27-9425-a7e1d372b619?api-version=2017-12-01
  response:
    body: {string: '{"name":"7e523186-b664-4f27-9425-a7e1d372b619","status":"InProgress","startTime":"2018-09-12T08:33:10.41Z"}'}
    headers:
      cache-control: [no-cache]
      content-length: ['107']
      content-type: [application/json; charset=utf-8]
      date: ['Wed, 12 Sep 2018 08:35:16 GMT']
      expires: ['-1']
      pragma: [no-cache]
      server: [Microsoft-HTTPAPI/2.0]
      strict-transport-security: [max-age=31536000; includeSubDomains]
      transfer-encoding: [chunked]
      vary: [Accept-Encoding]
      x-content-type-options: [nosniff]
    status: {code: 200, message: OK}
- request:
    body: null
    headers:
      Accept: [application/json]
      Accept-Encoding: ['gzip, deflate']
      CommandName: [mysql server replica create]
      Connection: [keep-alive]
      User-Agent: [python/3.5.3 (Windows-10-10.0.17134-SP0) requests/2.18.4 msrest/0.5.5
          msrest_azure/0.4.34 mysqlmanagementclient/2017-12-01 Azure-SDK-For-Python
          AZURECLI/2.0.46]
    method: GET
    uri: https://management.azure.com/subscriptions/00000000-0000-0000-0000-000000000000/providers/Microsoft.DBforMySQL/locations/brazilsouth/azureAsyncOperation/7e523186-b664-4f27-9425-a7e1d372b619?api-version=2017-12-01
  response:
    body: {string: '{"name":"7e523186-b664-4f27-9425-a7e1d372b619","status":"InProgress","startTime":"2018-09-12T08:33:10.41Z"}'}
    headers:
      cache-control: [no-cache]
      content-length: ['107']
      content-type: [application/json; charset=utf-8]
      date: ['Wed, 12 Sep 2018 08:35:48 GMT']
      expires: ['-1']
      pragma: [no-cache]
      server: [Microsoft-HTTPAPI/2.0]
      strict-transport-security: [max-age=31536000; includeSubDomains]
      transfer-encoding: [chunked]
      vary: [Accept-Encoding]
      x-content-type-options: [nosniff]
    status: {code: 200, message: OK}
- request:
    body: null
    headers:
      Accept: [application/json]
      Accept-Encoding: ['gzip, deflate']
      CommandName: [mysql server replica create]
      Connection: [keep-alive]
      User-Agent: [python/3.5.3 (Windows-10-10.0.17134-SP0) requests/2.18.4 msrest/0.5.5
          msrest_azure/0.4.34 mysqlmanagementclient/2017-12-01 Azure-SDK-For-Python
          AZURECLI/2.0.46]
    method: GET
    uri: https://management.azure.com/subscriptions/00000000-0000-0000-0000-000000000000/providers/Microsoft.DBforMySQL/locations/brazilsouth/azureAsyncOperation/7e523186-b664-4f27-9425-a7e1d372b619?api-version=2017-12-01
  response:
    body: {string: '{"name":"7e523186-b664-4f27-9425-a7e1d372b619","status":"InProgress","startTime":"2018-09-12T08:33:10.41Z"}'}
    headers:
      cache-control: [no-cache]
      content-length: ['107']
      content-type: [application/json; charset=utf-8]
      date: ['Wed, 12 Sep 2018 08:36:20 GMT']
      expires: ['-1']
      pragma: [no-cache]
      server: [Microsoft-HTTPAPI/2.0]
      strict-transport-security: [max-age=31536000; includeSubDomains]
      transfer-encoding: [chunked]
      vary: [Accept-Encoding]
      x-content-type-options: [nosniff]
    status: {code: 200, message: OK}
- request:
    body: null
    headers:
      Accept: [application/json]
      Accept-Encoding: ['gzip, deflate']
      CommandName: [mysql server replica create]
      Connection: [keep-alive]
      User-Agent: [python/3.5.3 (Windows-10-10.0.17134-SP0) requests/2.18.4 msrest/0.5.5
          msrest_azure/0.4.34 mysqlmanagementclient/2017-12-01 Azure-SDK-For-Python
          AZURECLI/2.0.46]
    method: GET
    uri: https://management.azure.com/subscriptions/00000000-0000-0000-0000-000000000000/providers/Microsoft.DBforMySQL/locations/brazilsouth/azureAsyncOperation/7e523186-b664-4f27-9425-a7e1d372b619?api-version=2017-12-01
  response:
    body: {string: '{"name":"7e523186-b664-4f27-9425-a7e1d372b619","status":"InProgress","startTime":"2018-09-12T08:33:10.41Z"}'}
    headers:
      cache-control: [no-cache]
      content-length: ['107']
      content-type: [application/json; charset=utf-8]
      date: ['Wed, 12 Sep 2018 08:36:51 GMT']
      expires: ['-1']
      pragma: [no-cache]
      server: [Microsoft-HTTPAPI/2.0]
      strict-transport-security: [max-age=31536000; includeSubDomains]
      transfer-encoding: [chunked]
      vary: [Accept-Encoding]
      x-content-type-options: [nosniff]
    status: {code: 200, message: OK}
- request:
    body: null
    headers:
      Accept: [application/json]
      Accept-Encoding: ['gzip, deflate']
      CommandName: [mysql server replica create]
      Connection: [keep-alive]
      User-Agent: [python/3.5.3 (Windows-10-10.0.17134-SP0) requests/2.18.4 msrest/0.5.5
          msrest_azure/0.4.34 mysqlmanagementclient/2017-12-01 Azure-SDK-For-Python
          AZURECLI/2.0.46]
    method: GET
    uri: https://management.azure.com/subscriptions/00000000-0000-0000-0000-000000000000/providers/Microsoft.DBforMySQL/locations/brazilsouth/azureAsyncOperation/7e523186-b664-4f27-9425-a7e1d372b619?api-version=2017-12-01
  response:
    body: {string: '{"name":"7e523186-b664-4f27-9425-a7e1d372b619","status":"InProgress","startTime":"2018-09-12T08:33:10.41Z"}'}
    headers:
      cache-control: [no-cache]
      content-length: ['107']
      content-type: [application/json; charset=utf-8]
      date: ['Wed, 12 Sep 2018 08:37:23 GMT']
      expires: ['-1']
      pragma: [no-cache]
      server: [Microsoft-HTTPAPI/2.0]
      strict-transport-security: [max-age=31536000; includeSubDomains]
      transfer-encoding: [chunked]
      vary: [Accept-Encoding]
      x-content-type-options: [nosniff]
    status: {code: 200, message: OK}
- request:
    body: null
    headers:
      Accept: [application/json]
      Accept-Encoding: ['gzip, deflate']
      CommandName: [mysql server replica create]
      Connection: [keep-alive]
      User-Agent: [python/3.5.3 (Windows-10-10.0.17134-SP0) requests/2.18.4 msrest/0.5.5
          msrest_azure/0.4.34 mysqlmanagementclient/2017-12-01 Azure-SDK-For-Python
          AZURECLI/2.0.46]
    method: GET
    uri: https://management.azure.com/subscriptions/00000000-0000-0000-0000-000000000000/providers/Microsoft.DBforMySQL/locations/brazilsouth/azureAsyncOperation/7e523186-b664-4f27-9425-a7e1d372b619?api-version=2017-12-01
  response:
    body: {string: '{"name":"7e523186-b664-4f27-9425-a7e1d372b619","status":"InProgress","startTime":"2018-09-12T08:33:10.41Z"}'}
    headers:
      cache-control: [no-cache]
      content-length: ['107']
      content-type: [application/json; charset=utf-8]
      date: ['Wed, 12 Sep 2018 08:37:56 GMT']
      expires: ['-1']
      pragma: [no-cache]
      server: [Microsoft-HTTPAPI/2.0]
      strict-transport-security: [max-age=31536000; includeSubDomains]
      transfer-encoding: [chunked]
      vary: [Accept-Encoding]
      x-content-type-options: [nosniff]
    status: {code: 200, message: OK}
- request:
    body: null
    headers:
      Accept: [application/json]
      Accept-Encoding: ['gzip, deflate']
      CommandName: [mysql server replica create]
      Connection: [keep-alive]
      User-Agent: [python/3.5.3 (Windows-10-10.0.17134-SP0) requests/2.18.4 msrest/0.5.5
          msrest_azure/0.4.34 mysqlmanagementclient/2017-12-01 Azure-SDK-For-Python
          AZURECLI/2.0.46]
    method: GET
    uri: https://management.azure.com/subscriptions/00000000-0000-0000-0000-000000000000/providers/Microsoft.DBforMySQL/locations/brazilsouth/azureAsyncOperation/7e523186-b664-4f27-9425-a7e1d372b619?api-version=2017-12-01
  response:
    body: {string: '{"name":"7e523186-b664-4f27-9425-a7e1d372b619","status":"InProgress","startTime":"2018-09-12T08:33:10.41Z"}'}
    headers:
      cache-control: [no-cache]
      content-length: ['107']
      content-type: [application/json; charset=utf-8]
      date: ['Wed, 12 Sep 2018 08:38:27 GMT']
      expires: ['-1']
      pragma: [no-cache]
      server: [Microsoft-HTTPAPI/2.0]
      strict-transport-security: [max-age=31536000; includeSubDomains]
      transfer-encoding: [chunked]
      vary: [Accept-Encoding]
      x-content-type-options: [nosniff]
    status: {code: 200, message: OK}
- request:
    body: null
    headers:
      Accept: [application/json]
      Accept-Encoding: ['gzip, deflate']
      CommandName: [mysql server replica create]
      Connection: [keep-alive]
      User-Agent: [python/3.5.3 (Windows-10-10.0.17134-SP0) requests/2.18.4 msrest/0.5.5
          msrest_azure/0.4.34 mysqlmanagementclient/2017-12-01 Azure-SDK-For-Python
          AZURECLI/2.0.46]
    method: GET
    uri: https://management.azure.com/subscriptions/00000000-0000-0000-0000-000000000000/providers/Microsoft.DBforMySQL/locations/brazilsouth/azureAsyncOperation/7e523186-b664-4f27-9425-a7e1d372b619?api-version=2017-12-01
  response:
    body: {string: '{"name":"7e523186-b664-4f27-9425-a7e1d372b619","status":"InProgress","startTime":"2018-09-12T08:33:10.41Z"}'}
    headers:
      cache-control: [no-cache]
      content-length: ['107']
      content-type: [application/json; charset=utf-8]
      date: ['Wed, 12 Sep 2018 08:38:58 GMT']
      expires: ['-1']
      pragma: [no-cache]
      server: [Microsoft-HTTPAPI/2.0]
      strict-transport-security: [max-age=31536000; includeSubDomains]
      transfer-encoding: [chunked]
      vary: [Accept-Encoding]
      x-content-type-options: [nosniff]
    status: {code: 200, message: OK}
- request:
    body: null
    headers:
      Accept: [application/json]
      Accept-Encoding: ['gzip, deflate']
      CommandName: [mysql server replica create]
      Connection: [keep-alive]
      User-Agent: [python/3.5.3 (Windows-10-10.0.17134-SP0) requests/2.18.4 msrest/0.5.5
          msrest_azure/0.4.34 mysqlmanagementclient/2017-12-01 Azure-SDK-For-Python
          AZURECLI/2.0.46]
    method: GET
    uri: https://management.azure.com/subscriptions/00000000-0000-0000-0000-000000000000/providers/Microsoft.DBforMySQL/locations/brazilsouth/azureAsyncOperation/7e523186-b664-4f27-9425-a7e1d372b619?api-version=2017-12-01
  response:
    body: {string: '{"name":"7e523186-b664-4f27-9425-a7e1d372b619","status":"InProgress","startTime":"2018-09-12T08:33:10.41Z"}'}
    headers:
      cache-control: [no-cache]
      content-length: ['107']
      content-type: [application/json; charset=utf-8]
      date: ['Wed, 12 Sep 2018 08:39:31 GMT']
      expires: ['-1']
      pragma: [no-cache]
      server: [Microsoft-HTTPAPI/2.0]
      strict-transport-security: [max-age=31536000; includeSubDomains]
      transfer-encoding: [chunked]
      vary: [Accept-Encoding]
      x-content-type-options: [nosniff]
    status: {code: 200, message: OK}
- request:
    body: null
    headers:
      Accept: [application/json]
      Accept-Encoding: ['gzip, deflate']
      CommandName: [mysql server replica create]
      Connection: [keep-alive]
      User-Agent: [python/3.5.3 (Windows-10-10.0.17134-SP0) requests/2.18.4 msrest/0.5.5
          msrest_azure/0.4.34 mysqlmanagementclient/2017-12-01 Azure-SDK-For-Python
          AZURECLI/2.0.46]
    method: GET
    uri: https://management.azure.com/subscriptions/00000000-0000-0000-0000-000000000000/providers/Microsoft.DBforMySQL/locations/brazilsouth/azureAsyncOperation/7e523186-b664-4f27-9425-a7e1d372b619?api-version=2017-12-01
  response:
    body: {string: '{"name":"7e523186-b664-4f27-9425-a7e1d372b619","status":"InProgress","startTime":"2018-09-12T08:33:10.41Z"}'}
    headers:
      cache-control: [no-cache]
      content-length: ['107']
      content-type: [application/json; charset=utf-8]
      date: ['Wed, 12 Sep 2018 08:40:02 GMT']
      expires: ['-1']
      pragma: [no-cache]
      server: [Microsoft-HTTPAPI/2.0]
      strict-transport-security: [max-age=31536000; includeSubDomains]
      transfer-encoding: [chunked]
      vary: [Accept-Encoding]
      x-content-type-options: [nosniff]
    status: {code: 200, message: OK}
- request:
    body: null
    headers:
      Accept: [application/json]
      Accept-Encoding: ['gzip, deflate']
      CommandName: [mysql server replica create]
      Connection: [keep-alive]
      User-Agent: [python/3.5.3 (Windows-10-10.0.17134-SP0) requests/2.18.4 msrest/0.5.5
          msrest_azure/0.4.34 mysqlmanagementclient/2017-12-01 Azure-SDK-For-Python
          AZURECLI/2.0.46]
    method: GET
    uri: https://management.azure.com/subscriptions/00000000-0000-0000-0000-000000000000/providers/Microsoft.DBforMySQL/locations/brazilsouth/azureAsyncOperation/7e523186-b664-4f27-9425-a7e1d372b619?api-version=2017-12-01
  response:
    body: {string: '{"name":"7e523186-b664-4f27-9425-a7e1d372b619","status":"InProgress","startTime":"2018-09-12T08:33:10.41Z"}'}
    headers:
      cache-control: [no-cache]
      content-length: ['107']
      content-type: [application/json; charset=utf-8]
      date: ['Wed, 12 Sep 2018 08:40:33 GMT']
      expires: ['-1']
      pragma: [no-cache]
      server: [Microsoft-HTTPAPI/2.0]
      strict-transport-security: [max-age=31536000; includeSubDomains]
      transfer-encoding: [chunked]
      vary: [Accept-Encoding]
      x-content-type-options: [nosniff]
    status: {code: 200, message: OK}
- request:
    body: null
    headers:
      Accept: [application/json]
      Accept-Encoding: ['gzip, deflate']
      CommandName: [mysql server replica create]
      Connection: [keep-alive]
      User-Agent: [python/3.5.3 (Windows-10-10.0.17134-SP0) requests/2.18.4 msrest/0.5.5
          msrest_azure/0.4.34 mysqlmanagementclient/2017-12-01 Azure-SDK-For-Python
          AZURECLI/2.0.46]
    method: GET
    uri: https://management.azure.com/subscriptions/00000000-0000-0000-0000-000000000000/providers/Microsoft.DBforMySQL/locations/brazilsouth/azureAsyncOperation/7e523186-b664-4f27-9425-a7e1d372b619?api-version=2017-12-01
  response:
    body: {string: '{"name":"7e523186-b664-4f27-9425-a7e1d372b619","status":"InProgress","startTime":"2018-09-12T08:33:10.41Z"}'}
    headers:
      cache-control: [no-cache]
      content-length: ['107']
      content-type: [application/json; charset=utf-8]
      date: ['Wed, 12 Sep 2018 08:41:05 GMT']
      expires: ['-1']
      pragma: [no-cache]
      server: [Microsoft-HTTPAPI/2.0]
      strict-transport-security: [max-age=31536000; includeSubDomains]
      transfer-encoding: [chunked]
      vary: [Accept-Encoding]
      x-content-type-options: [nosniff]
    status: {code: 200, message: OK}
- request:
    body: null
    headers:
      Accept: [application/json]
      Accept-Encoding: ['gzip, deflate']
      CommandName: [mysql server replica create]
      Connection: [keep-alive]
      User-Agent: [python/3.5.3 (Windows-10-10.0.17134-SP0) requests/2.18.4 msrest/0.5.5
          msrest_azure/0.4.34 mysqlmanagementclient/2017-12-01 Azure-SDK-For-Python
          AZURECLI/2.0.46]
    method: GET
    uri: https://management.azure.com/subscriptions/00000000-0000-0000-0000-000000000000/providers/Microsoft.DBforMySQL/locations/brazilsouth/azureAsyncOperation/7e523186-b664-4f27-9425-a7e1d372b619?api-version=2017-12-01
  response:
    body: {string: '{"name":"7e523186-b664-4f27-9425-a7e1d372b619","status":"InProgress","startTime":"2018-09-12T08:33:10.41Z"}'}
    headers:
      cache-control: [no-cache]
      content-length: ['107']
      content-type: [application/json; charset=utf-8]
      date: ['Wed, 12 Sep 2018 08:41:36 GMT']
      expires: ['-1']
      pragma: [no-cache]
      server: [Microsoft-HTTPAPI/2.0]
      strict-transport-security: [max-age=31536000; includeSubDomains]
      transfer-encoding: [chunked]
      vary: [Accept-Encoding]
      x-content-type-options: [nosniff]
    status: {code: 200, message: OK}
- request:
    body: null
    headers:
      Accept: [application/json]
      Accept-Encoding: ['gzip, deflate']
      CommandName: [mysql server replica create]
      Connection: [keep-alive]
      User-Agent: [python/3.5.3 (Windows-10-10.0.17134-SP0) requests/2.18.4 msrest/0.5.5
          msrest_azure/0.4.34 mysqlmanagementclient/2017-12-01 Azure-SDK-For-Python
          AZURECLI/2.0.46]
    method: GET
    uri: https://management.azure.com/subscriptions/00000000-0000-0000-0000-000000000000/providers/Microsoft.DBforMySQL/locations/brazilsouth/azureAsyncOperation/7e523186-b664-4f27-9425-a7e1d372b619?api-version=2017-12-01
  response:
    body: {string: '{"name":"7e523186-b664-4f27-9425-a7e1d372b619","status":"InProgress","startTime":"2018-09-12T08:33:10.41Z"}'}
    headers:
      cache-control: [no-cache]
      content-length: ['107']
      content-type: [application/json; charset=utf-8]
      date: ['Wed, 12 Sep 2018 08:42:08 GMT']
      expires: ['-1']
      pragma: [no-cache]
      server: [Microsoft-HTTPAPI/2.0]
      strict-transport-security: [max-age=31536000; includeSubDomains]
      transfer-encoding: [chunked]
      vary: [Accept-Encoding]
      x-content-type-options: [nosniff]
    status: {code: 200, message: OK}
- request:
    body: null
    headers:
      Accept: [application/json]
      Accept-Encoding: ['gzip, deflate']
      CommandName: [mysql server replica create]
      Connection: [keep-alive]
      User-Agent: [python/3.5.3 (Windows-10-10.0.17134-SP0) requests/2.18.4 msrest/0.5.5
          msrest_azure/0.4.34 mysqlmanagementclient/2017-12-01 Azure-SDK-For-Python
          AZURECLI/2.0.46]
    method: GET
    uri: https://management.azure.com/subscriptions/00000000-0000-0000-0000-000000000000/providers/Microsoft.DBforMySQL/locations/brazilsouth/azureAsyncOperation/7e523186-b664-4f27-9425-a7e1d372b619?api-version=2017-12-01
  response:
    body: {string: '{"name":"7e523186-b664-4f27-9425-a7e1d372b619","status":"InProgress","startTime":"2018-09-12T08:33:10.41Z"}'}
    headers:
      cache-control: [no-cache]
      content-length: ['107']
      content-type: [application/json; charset=utf-8]
      date: ['Wed, 12 Sep 2018 08:42:40 GMT']
      expires: ['-1']
      pragma: [no-cache]
      server: [Microsoft-HTTPAPI/2.0]
      strict-transport-security: [max-age=31536000; includeSubDomains]
      transfer-encoding: [chunked]
      vary: [Accept-Encoding]
      x-content-type-options: [nosniff]
    status: {code: 200, message: OK}
- request:
    body: null
    headers:
      Accept: [application/json]
      Accept-Encoding: ['gzip, deflate']
      CommandName: [mysql server replica create]
      Connection: [keep-alive]
      User-Agent: [python/3.5.3 (Windows-10-10.0.17134-SP0) requests/2.18.4 msrest/0.5.5
          msrest_azure/0.4.34 mysqlmanagementclient/2017-12-01 Azure-SDK-For-Python
          AZURECLI/2.0.46]
    method: GET
    uri: https://management.azure.com/subscriptions/00000000-0000-0000-0000-000000000000/providers/Microsoft.DBforMySQL/locations/brazilsouth/azureAsyncOperation/7e523186-b664-4f27-9425-a7e1d372b619?api-version=2017-12-01
  response:
    body: {string: '{"name":"7e523186-b664-4f27-9425-a7e1d372b619","status":"InProgress","startTime":"2018-09-12T08:33:10.41Z"}'}
    headers:
      cache-control: [no-cache]
      content-length: ['107']
      content-type: [application/json; charset=utf-8]
      date: ['Wed, 12 Sep 2018 08:43:11 GMT']
      expires: ['-1']
      pragma: [no-cache]
      server: [Microsoft-HTTPAPI/2.0]
      strict-transport-security: [max-age=31536000; includeSubDomains]
      transfer-encoding: [chunked]
      vary: [Accept-Encoding]
      x-content-type-options: [nosniff]
    status: {code: 200, message: OK}
- request:
    body: null
    headers:
      Accept: [application/json]
      Accept-Encoding: ['gzip, deflate']
      CommandName: [mysql server replica create]
      Connection: [keep-alive]
      User-Agent: [python/3.5.3 (Windows-10-10.0.17134-SP0) requests/2.18.4 msrest/0.5.5
          msrest_azure/0.4.34 mysqlmanagementclient/2017-12-01 Azure-SDK-For-Python
          AZURECLI/2.0.46]
    method: GET
    uri: https://management.azure.com/subscriptions/00000000-0000-0000-0000-000000000000/providers/Microsoft.DBforMySQL/locations/brazilsouth/azureAsyncOperation/7e523186-b664-4f27-9425-a7e1d372b619?api-version=2017-12-01
  response:
    body: {string: '{"name":"7e523186-b664-4f27-9425-a7e1d372b619","status":"InProgress","startTime":"2018-09-12T08:33:10.41Z"}'}
    headers:
      cache-control: [no-cache]
      content-length: ['107']
      content-type: [application/json; charset=utf-8]
      date: ['Wed, 12 Sep 2018 08:43:43 GMT']
      expires: ['-1']
      pragma: [no-cache]
      server: [Microsoft-HTTPAPI/2.0]
      strict-transport-security: [max-age=31536000; includeSubDomains]
      transfer-encoding: [chunked]
      vary: [Accept-Encoding]
      x-content-type-options: [nosniff]
    status: {code: 200, message: OK}
- request:
    body: null
    headers:
      Accept: [application/json]
      Accept-Encoding: ['gzip, deflate']
      CommandName: [mysql server replica create]
      Connection: [keep-alive]
      User-Agent: [python/3.5.3 (Windows-10-10.0.17134-SP0) requests/2.18.4 msrest/0.5.5
          msrest_azure/0.4.34 mysqlmanagementclient/2017-12-01 Azure-SDK-For-Python
          AZURECLI/2.0.46]
    method: GET
    uri: https://management.azure.com/subscriptions/00000000-0000-0000-0000-000000000000/providers/Microsoft.DBforMySQL/locations/brazilsouth/azureAsyncOperation/7e523186-b664-4f27-9425-a7e1d372b619?api-version=2017-12-01
  response:
    body: {string: '{"name":"7e523186-b664-4f27-9425-a7e1d372b619","status":"InProgress","startTime":"2018-09-12T08:33:10.41Z"}'}
    headers:
      cache-control: [no-cache]
      content-length: ['107']
      content-type: [application/json; charset=utf-8]
      date: ['Wed, 12 Sep 2018 08:44:16 GMT']
      expires: ['-1']
      pragma: [no-cache]
      server: [Microsoft-HTTPAPI/2.0]
      strict-transport-security: [max-age=31536000; includeSubDomains]
      transfer-encoding: [chunked]
      vary: [Accept-Encoding]
      x-content-type-options: [nosniff]
    status: {code: 200, message: OK}
- request:
    body: null
    headers:
      Accept: [application/json]
      Accept-Encoding: ['gzip, deflate']
      CommandName: [mysql server replica create]
      Connection: [keep-alive]
      User-Agent: [python/3.5.3 (Windows-10-10.0.17134-SP0) requests/2.18.4 msrest/0.5.5
          msrest_azure/0.4.34 mysqlmanagementclient/2017-12-01 Azure-SDK-For-Python
          AZURECLI/2.0.46]
    method: GET
    uri: https://management.azure.com/subscriptions/00000000-0000-0000-0000-000000000000/providers/Microsoft.DBforMySQL/locations/brazilsouth/azureAsyncOperation/7e523186-b664-4f27-9425-a7e1d372b619?api-version=2017-12-01
  response:
    body: {string: '{"name":"7e523186-b664-4f27-9425-a7e1d372b619","status":"InProgress","startTime":"2018-09-12T08:33:10.41Z"}'}
    headers:
      cache-control: [no-cache]
      content-length: ['107']
      content-type: [application/json; charset=utf-8]
      date: ['Wed, 12 Sep 2018 08:44:47 GMT']
      expires: ['-1']
      pragma: [no-cache]
      server: [Microsoft-HTTPAPI/2.0]
      strict-transport-security: [max-age=31536000; includeSubDomains]
      transfer-encoding: [chunked]
      vary: [Accept-Encoding]
      x-content-type-options: [nosniff]
    status: {code: 200, message: OK}
- request:
    body: null
    headers:
      Accept: [application/json]
      Accept-Encoding: ['gzip, deflate']
      CommandName: [mysql server replica create]
      Connection: [keep-alive]
      User-Agent: [python/3.5.3 (Windows-10-10.0.17134-SP0) requests/2.18.4 msrest/0.5.5
          msrest_azure/0.4.34 mysqlmanagementclient/2017-12-01 Azure-SDK-For-Python
          AZURECLI/2.0.46]
    method: GET
    uri: https://management.azure.com/subscriptions/00000000-0000-0000-0000-000000000000/providers/Microsoft.DBforMySQL/locations/brazilsouth/azureAsyncOperation/7e523186-b664-4f27-9425-a7e1d372b619?api-version=2017-12-01
  response:
    body: {string: '{"name":"7e523186-b664-4f27-9425-a7e1d372b619","status":"InProgress","startTime":"2018-09-12T08:33:10.41Z"}'}
    headers:
      cache-control: [no-cache]
      content-length: ['107']
      content-type: [application/json; charset=utf-8]
      date: ['Wed, 12 Sep 2018 08:45:18 GMT']
      expires: ['-1']
      pragma: [no-cache]
      server: [Microsoft-HTTPAPI/2.0]
      strict-transport-security: [max-age=31536000; includeSubDomains]
      transfer-encoding: [chunked]
      vary: [Accept-Encoding]
      x-content-type-options: [nosniff]
    status: {code: 200, message: OK}
- request:
    body: null
    headers:
      Accept: [application/json]
      Accept-Encoding: ['gzip, deflate']
      CommandName: [mysql server replica create]
      Connection: [keep-alive]
      User-Agent: [python/3.5.3 (Windows-10-10.0.17134-SP0) requests/2.18.4 msrest/0.5.5
          msrest_azure/0.4.34 mysqlmanagementclient/2017-12-01 Azure-SDK-For-Python
          AZURECLI/2.0.46]
    method: GET
    uri: https://management.azure.com/subscriptions/00000000-0000-0000-0000-000000000000/providers/Microsoft.DBforMySQL/locations/brazilsouth/azureAsyncOperation/7e523186-b664-4f27-9425-a7e1d372b619?api-version=2017-12-01
  response:
    body: {string: '{"name":"7e523186-b664-4f27-9425-a7e1d372b619","status":"InProgress","startTime":"2018-09-12T08:33:10.41Z"}'}
    headers:
      cache-control: [no-cache]
      content-length: ['107']
      content-type: [application/json; charset=utf-8]
      date: ['Wed, 12 Sep 2018 08:45:49 GMT']
      expires: ['-1']
      pragma: [no-cache]
      server: [Microsoft-HTTPAPI/2.0]
      strict-transport-security: [max-age=31536000; includeSubDomains]
      transfer-encoding: [chunked]
      vary: [Accept-Encoding]
      x-content-type-options: [nosniff]
    status: {code: 200, message: OK}
- request:
    body: null
    headers:
      Accept: [application/json]
      Accept-Encoding: ['gzip, deflate']
      CommandName: [mysql server replica create]
      Connection: [keep-alive]
      User-Agent: [python/3.5.3 (Windows-10-10.0.17134-SP0) requests/2.18.4 msrest/0.5.5
          msrest_azure/0.4.34 mysqlmanagementclient/2017-12-01 Azure-SDK-For-Python
          AZURECLI/2.0.46]
    method: GET
    uri: https://management.azure.com/subscriptions/00000000-0000-0000-0000-000000000000/providers/Microsoft.DBforMySQL/locations/brazilsouth/azureAsyncOperation/7e523186-b664-4f27-9425-a7e1d372b619?api-version=2017-12-01
  response:
    body: {string: '{"name":"7e523186-b664-4f27-9425-a7e1d372b619","status":"InProgress","startTime":"2018-09-12T08:33:10.41Z"}'}
    headers:
      cache-control: [no-cache]
      content-length: ['107']
      content-type: [application/json; charset=utf-8]
      date: ['Wed, 12 Sep 2018 08:46:20 GMT']
      expires: ['-1']
      pragma: [no-cache]
      server: [Microsoft-HTTPAPI/2.0]
      strict-transport-security: [max-age=31536000; includeSubDomains]
      transfer-encoding: [chunked]
      vary: [Accept-Encoding]
      x-content-type-options: [nosniff]
    status: {code: 200, message: OK}
- request:
    body: null
    headers:
      Accept: [application/json]
      Accept-Encoding: ['gzip, deflate']
      CommandName: [mysql server replica create]
      Connection: [keep-alive]
      User-Agent: [python/3.5.3 (Windows-10-10.0.17134-SP0) requests/2.18.4 msrest/0.5.5
          msrest_azure/0.4.34 mysqlmanagementclient/2017-12-01 Azure-SDK-For-Python
          AZURECLI/2.0.46]
    method: GET
    uri: https://management.azure.com/subscriptions/00000000-0000-0000-0000-000000000000/providers/Microsoft.DBforMySQL/locations/brazilsouth/azureAsyncOperation/7e523186-b664-4f27-9425-a7e1d372b619?api-version=2017-12-01
  response:
    body: {string: '{"name":"7e523186-b664-4f27-9425-a7e1d372b619","status":"InProgress","startTime":"2018-09-12T08:33:10.41Z"}'}
    headers:
      cache-control: [no-cache]
      content-length: ['107']
      content-type: [application/json; charset=utf-8]
      date: ['Wed, 12 Sep 2018 08:46:53 GMT']
      expires: ['-1']
      pragma: [no-cache]
      server: [Microsoft-HTTPAPI/2.0]
      strict-transport-security: [max-age=31536000; includeSubDomains]
      transfer-encoding: [chunked]
      vary: [Accept-Encoding]
      x-content-type-options: [nosniff]
    status: {code: 200, message: OK}
- request:
    body: null
    headers:
      Accept: [application/json]
      Accept-Encoding: ['gzip, deflate']
      CommandName: [mysql server replica create]
      Connection: [keep-alive]
      User-Agent: [python/3.5.3 (Windows-10-10.0.17134-SP0) requests/2.18.4 msrest/0.5.5
          msrest_azure/0.4.34 mysqlmanagementclient/2017-12-01 Azure-SDK-For-Python
          AZURECLI/2.0.46]
    method: GET
    uri: https://management.azure.com/subscriptions/00000000-0000-0000-0000-000000000000/providers/Microsoft.DBforMySQL/locations/brazilsouth/azureAsyncOperation/7e523186-b664-4f27-9425-a7e1d372b619?api-version=2017-12-01
  response:
    body: {string: '{"name":"7e523186-b664-4f27-9425-a7e1d372b619","status":"InProgress","startTime":"2018-09-12T08:33:10.41Z"}'}
    headers:
      cache-control: [no-cache]
      content-length: ['107']
      content-type: [application/json; charset=utf-8]
      date: ['Wed, 12 Sep 2018 08:47:24 GMT']
      expires: ['-1']
      pragma: [no-cache]
      server: [Microsoft-HTTPAPI/2.0]
      strict-transport-security: [max-age=31536000; includeSubDomains]
      transfer-encoding: [chunked]
      vary: [Accept-Encoding]
      x-content-type-options: [nosniff]
    status: {code: 200, message: OK}
- request:
    body: null
    headers:
      Accept: [application/json]
      Accept-Encoding: ['gzip, deflate']
      CommandName: [mysql server replica create]
      Connection: [keep-alive]
      User-Agent: [python/3.5.3 (Windows-10-10.0.17134-SP0) requests/2.18.4 msrest/0.5.5
          msrest_azure/0.4.34 mysqlmanagementclient/2017-12-01 Azure-SDK-For-Python
          AZURECLI/2.0.46]
    method: GET
    uri: https://management.azure.com/subscriptions/00000000-0000-0000-0000-000000000000/providers/Microsoft.DBforMySQL/locations/brazilsouth/azureAsyncOperation/7e523186-b664-4f27-9425-a7e1d372b619?api-version=2017-12-01
  response:
    body: {string: '{"name":"7e523186-b664-4f27-9425-a7e1d372b619","status":"InProgress","startTime":"2018-09-12T08:33:10.41Z"}'}
    headers:
      cache-control: [no-cache]
      content-length: ['107']
      content-type: [application/json; charset=utf-8]
      date: ['Wed, 12 Sep 2018 08:47:56 GMT']
      expires: ['-1']
      pragma: [no-cache]
      server: [Microsoft-HTTPAPI/2.0]
      strict-transport-security: [max-age=31536000; includeSubDomains]
      transfer-encoding: [chunked]
      vary: [Accept-Encoding]
      x-content-type-options: [nosniff]
    status: {code: 200, message: OK}
- request:
    body: null
    headers:
      Accept: [application/json]
      Accept-Encoding: ['gzip, deflate']
      CommandName: [mysql server replica create]
      Connection: [keep-alive]
      User-Agent: [python/3.5.3 (Windows-10-10.0.17134-SP0) requests/2.18.4 msrest/0.5.5
          msrest_azure/0.4.34 mysqlmanagementclient/2017-12-01 Azure-SDK-For-Python
          AZURECLI/2.0.46]
    method: GET
    uri: https://management.azure.com/subscriptions/00000000-0000-0000-0000-000000000000/providers/Microsoft.DBforMySQL/locations/brazilsouth/azureAsyncOperation/7e523186-b664-4f27-9425-a7e1d372b619?api-version=2017-12-01
  response:
    body: {string: '{"name":"7e523186-b664-4f27-9425-a7e1d372b619","status":"InProgress","startTime":"2018-09-12T08:33:10.41Z"}'}
    headers:
      cache-control: [no-cache]
      content-length: ['107']
      content-type: [application/json; charset=utf-8]
      date: ['Wed, 12 Sep 2018 08:48:27 GMT']
      expires: ['-1']
      pragma: [no-cache]
      server: [Microsoft-HTTPAPI/2.0]
      strict-transport-security: [max-age=31536000; includeSubDomains]
      transfer-encoding: [chunked]
      vary: [Accept-Encoding]
      x-content-type-options: [nosniff]
    status: {code: 200, message: OK}
- request:
    body: null
    headers:
      Accept: [application/json]
      Accept-Encoding: ['gzip, deflate']
      CommandName: [mysql server replica create]
      Connection: [keep-alive]
      User-Agent: [python/3.5.3 (Windows-10-10.0.17134-SP0) requests/2.18.4 msrest/0.5.5
          msrest_azure/0.4.34 mysqlmanagementclient/2017-12-01 Azure-SDK-For-Python
          AZURECLI/2.0.46]
    method: GET
    uri: https://management.azure.com/subscriptions/00000000-0000-0000-0000-000000000000/providers/Microsoft.DBforMySQL/locations/brazilsouth/azureAsyncOperation/7e523186-b664-4f27-9425-a7e1d372b619?api-version=2017-12-01
  response:
    body: {string: '{"name":"7e523186-b664-4f27-9425-a7e1d372b619","status":"InProgress","startTime":"2018-09-12T08:33:10.41Z"}'}
    headers:
      cache-control: [no-cache]
      content-length: ['107']
      content-type: [application/json; charset=utf-8]
      date: ['Wed, 12 Sep 2018 08:48:58 GMT']
      expires: ['-1']
      pragma: [no-cache]
      server: [Microsoft-HTTPAPI/2.0]
      strict-transport-security: [max-age=31536000; includeSubDomains]
      transfer-encoding: [chunked]
      vary: [Accept-Encoding]
      x-content-type-options: [nosniff]
    status: {code: 200, message: OK}
- request:
    body: null
    headers:
      Accept: [application/json]
      Accept-Encoding: ['gzip, deflate']
      CommandName: [mysql server replica create]
      Connection: [keep-alive]
      User-Agent: [python/3.5.3 (Windows-10-10.0.17134-SP0) requests/2.18.4 msrest/0.5.5
          msrest_azure/0.4.34 mysqlmanagementclient/2017-12-01 Azure-SDK-For-Python
          AZURECLI/2.0.46]
    method: GET
    uri: https://management.azure.com/subscriptions/00000000-0000-0000-0000-000000000000/providers/Microsoft.DBforMySQL/locations/brazilsouth/azureAsyncOperation/7e523186-b664-4f27-9425-a7e1d372b619?api-version=2017-12-01
  response:
    body: {string: '{"name":"7e523186-b664-4f27-9425-a7e1d372b619","status":"InProgress","startTime":"2018-09-12T08:33:10.41Z"}'}
    headers:
      cache-control: [no-cache]
      content-length: ['107']
      content-type: [application/json; charset=utf-8]
      date: ['Wed, 12 Sep 2018 08:49:30 GMT']
      expires: ['-1']
      pragma: [no-cache]
      server: [Microsoft-HTTPAPI/2.0]
      strict-transport-security: [max-age=31536000; includeSubDomains]
      transfer-encoding: [chunked]
      vary: [Accept-Encoding]
      x-content-type-options: [nosniff]
    status: {code: 200, message: OK}
- request:
    body: null
    headers:
      Accept: [application/json]
      Accept-Encoding: ['gzip, deflate']
      CommandName: [mysql server replica create]
      Connection: [keep-alive]
      User-Agent: [python/3.5.3 (Windows-10-10.0.17134-SP0) requests/2.18.4 msrest/0.5.5
          msrest_azure/0.4.34 mysqlmanagementclient/2017-12-01 Azure-SDK-For-Python
          AZURECLI/2.0.46]
    method: GET
    uri: https://management.azure.com/subscriptions/00000000-0000-0000-0000-000000000000/providers/Microsoft.DBforMySQL/locations/brazilsouth/azureAsyncOperation/7e523186-b664-4f27-9425-a7e1d372b619?api-version=2017-12-01
  response:
    body: {string: '{"name":"7e523186-b664-4f27-9425-a7e1d372b619","status":"InProgress","startTime":"2018-09-12T08:33:10.41Z"}'}
    headers:
      cache-control: [no-cache]
      content-length: ['107']
      content-type: [application/json; charset=utf-8]
      date: ['Wed, 12 Sep 2018 08:50:02 GMT']
      expires: ['-1']
      pragma: [no-cache]
      server: [Microsoft-HTTPAPI/2.0]
      strict-transport-security: [max-age=31536000; includeSubDomains]
      transfer-encoding: [chunked]
      vary: [Accept-Encoding]
      x-content-type-options: [nosniff]
    status: {code: 200, message: OK}
- request:
    body: null
    headers:
      Accept: [application/json]
      Accept-Encoding: ['gzip, deflate']
      CommandName: [mysql server replica create]
      Connection: [keep-alive]
      User-Agent: [python/3.5.3 (Windows-10-10.0.17134-SP0) requests/2.18.4 msrest/0.5.5
          msrest_azure/0.4.34 mysqlmanagementclient/2017-12-01 Azure-SDK-For-Python
          AZURECLI/2.0.46]
    method: GET
    uri: https://management.azure.com/subscriptions/00000000-0000-0000-0000-000000000000/providers/Microsoft.DBforMySQL/locations/brazilsouth/azureAsyncOperation/7e523186-b664-4f27-9425-a7e1d372b619?api-version=2017-12-01
  response:
    body: {string: '{"name":"7e523186-b664-4f27-9425-a7e1d372b619","status":"InProgress","startTime":"2018-09-12T08:33:10.41Z"}'}
    headers:
      cache-control: [no-cache]
      content-length: ['107']
      content-type: [application/json; charset=utf-8]
      date: ['Wed, 12 Sep 2018 08:50:33 GMT']
      expires: ['-1']
      pragma: [no-cache]
      server: [Microsoft-HTTPAPI/2.0]
      strict-transport-security: [max-age=31536000; includeSubDomains]
      transfer-encoding: [chunked]
      vary: [Accept-Encoding]
      x-content-type-options: [nosniff]
    status: {code: 200, message: OK}
- request:
    body: null
    headers:
      Accept: [application/json]
      Accept-Encoding: ['gzip, deflate']
      CommandName: [mysql server replica create]
      Connection: [keep-alive]
      User-Agent: [python/3.5.3 (Windows-10-10.0.17134-SP0) requests/2.18.4 msrest/0.5.5
          msrest_azure/0.4.34 mysqlmanagementclient/2017-12-01 Azure-SDK-For-Python
          AZURECLI/2.0.46]
    method: GET
    uri: https://management.azure.com/subscriptions/00000000-0000-0000-0000-000000000000/providers/Microsoft.DBforMySQL/locations/brazilsouth/azureAsyncOperation/7e523186-b664-4f27-9425-a7e1d372b619?api-version=2017-12-01
  response:
    body: {string: '{"name":"7e523186-b664-4f27-9425-a7e1d372b619","status":"InProgress","startTime":"2018-09-12T08:33:10.41Z"}'}
    headers:
      cache-control: [no-cache]
      content-length: ['107']
      content-type: [application/json; charset=utf-8]
      date: ['Wed, 12 Sep 2018 08:51:05 GMT']
      expires: ['-1']
      pragma: [no-cache]
      server: [Microsoft-HTTPAPI/2.0]
      strict-transport-security: [max-age=31536000; includeSubDomains]
      transfer-encoding: [chunked]
      vary: [Accept-Encoding]
      x-content-type-options: [nosniff]
    status: {code: 200, message: OK}
- request:
    body: null
    headers:
      Accept: [application/json]
      Accept-Encoding: ['gzip, deflate']
      CommandName: [mysql server replica create]
      Connection: [keep-alive]
      User-Agent: [python/3.5.3 (Windows-10-10.0.17134-SP0) requests/2.18.4 msrest/0.5.5
          msrest_azure/0.4.34 mysqlmanagementclient/2017-12-01 Azure-SDK-For-Python
          AZURECLI/2.0.46]
    method: GET
    uri: https://management.azure.com/subscriptions/00000000-0000-0000-0000-000000000000/providers/Microsoft.DBforMySQL/locations/brazilsouth/azureAsyncOperation/7e523186-b664-4f27-9425-a7e1d372b619?api-version=2017-12-01
  response:
    body: {string: '{"name":"7e523186-b664-4f27-9425-a7e1d372b619","status":"InProgress","startTime":"2018-09-12T08:33:10.41Z"}'}
    headers:
      cache-control: [no-cache]
      content-length: ['107']
      content-type: [application/json; charset=utf-8]
      date: ['Wed, 12 Sep 2018 08:51:36 GMT']
      expires: ['-1']
      pragma: [no-cache]
      server: [Microsoft-HTTPAPI/2.0]
      strict-transport-security: [max-age=31536000; includeSubDomains]
      transfer-encoding: [chunked]
      vary: [Accept-Encoding]
      x-content-type-options: [nosniff]
    status: {code: 200, message: OK}
- request:
    body: null
    headers:
      Accept: [application/json]
      Accept-Encoding: ['gzip, deflate']
      CommandName: [mysql server replica create]
      Connection: [keep-alive]
      User-Agent: [python/3.5.3 (Windows-10-10.0.17134-SP0) requests/2.18.4 msrest/0.5.5
          msrest_azure/0.4.34 mysqlmanagementclient/2017-12-01 Azure-SDK-For-Python
          AZURECLI/2.0.46]
    method: GET
    uri: https://management.azure.com/subscriptions/00000000-0000-0000-0000-000000000000/providers/Microsoft.DBforMySQL/locations/brazilsouth/azureAsyncOperation/7e523186-b664-4f27-9425-a7e1d372b619?api-version=2017-12-01
  response:
    body: {string: '{"name":"7e523186-b664-4f27-9425-a7e1d372b619","status":"InProgress","startTime":"2018-09-12T08:33:10.41Z"}'}
    headers:
      cache-control: [no-cache]
      content-length: ['107']
      content-type: [application/json; charset=utf-8]
      date: ['Wed, 12 Sep 2018 08:52:09 GMT']
      expires: ['-1']
      pragma: [no-cache]
      server: [Microsoft-HTTPAPI/2.0]
      strict-transport-security: [max-age=31536000; includeSubDomains]
      transfer-encoding: [chunked]
      vary: [Accept-Encoding]
      x-content-type-options: [nosniff]
    status: {code: 200, message: OK}
- request:
    body: null
    headers:
      Accept: [application/json]
      Accept-Encoding: ['gzip, deflate']
      CommandName: [mysql server replica create]
      Connection: [keep-alive]
      User-Agent: [python/3.5.3 (Windows-10-10.0.17134-SP0) requests/2.18.4 msrest/0.5.5
          msrest_azure/0.4.34 mysqlmanagementclient/2017-12-01 Azure-SDK-For-Python
          AZURECLI/2.0.46]
    method: GET
    uri: https://management.azure.com/subscriptions/00000000-0000-0000-0000-000000000000/providers/Microsoft.DBforMySQL/locations/brazilsouth/azureAsyncOperation/7e523186-b664-4f27-9425-a7e1d372b619?api-version=2017-12-01
  response:
    body: {string: '{"name":"7e523186-b664-4f27-9425-a7e1d372b619","status":"InProgress","startTime":"2018-09-12T08:33:10.41Z"}'}
    headers:
      cache-control: [no-cache]
      content-length: ['107']
      content-type: [application/json; charset=utf-8]
      date: ['Wed, 12 Sep 2018 08:52:41 GMT']
      expires: ['-1']
      pragma: [no-cache]
      server: [Microsoft-HTTPAPI/2.0]
      strict-transport-security: [max-age=31536000; includeSubDomains]
      transfer-encoding: [chunked]
      vary: [Accept-Encoding]
      x-content-type-options: [nosniff]
    status: {code: 200, message: OK}
- request:
    body: null
    headers:
      Accept: [application/json]
      Accept-Encoding: ['gzip, deflate']
      CommandName: [mysql server replica create]
      Connection: [keep-alive]
      User-Agent: [python/3.5.3 (Windows-10-10.0.17134-SP0) requests/2.18.4 msrest/0.5.5
          msrest_azure/0.4.34 mysqlmanagementclient/2017-12-01 Azure-SDK-For-Python
          AZURECLI/2.0.46]
    method: GET
    uri: https://management.azure.com/subscriptions/00000000-0000-0000-0000-000000000000/providers/Microsoft.DBforMySQL/locations/brazilsouth/azureAsyncOperation/7e523186-b664-4f27-9425-a7e1d372b619?api-version=2017-12-01
  response:
    body: {string: '{"name":"7e523186-b664-4f27-9425-a7e1d372b619","status":"InProgress","startTime":"2018-09-12T08:33:10.41Z"}'}
    headers:
      cache-control: [no-cache]
      content-length: ['107']
      content-type: [application/json; charset=utf-8]
      date: ['Wed, 12 Sep 2018 08:53:12 GMT']
      expires: ['-1']
      pragma: [no-cache]
      server: [Microsoft-HTTPAPI/2.0]
      strict-transport-security: [max-age=31536000; includeSubDomains]
      transfer-encoding: [chunked]
      vary: [Accept-Encoding]
      x-content-type-options: [nosniff]
    status: {code: 200, message: OK}
- request:
    body: null
    headers:
      Accept: [application/json]
      Accept-Encoding: ['gzip, deflate']
      CommandName: [mysql server replica create]
      Connection: [keep-alive]
      User-Agent: [python/3.5.3 (Windows-10-10.0.17134-SP0) requests/2.18.4 msrest/0.5.5
          msrest_azure/0.4.34 mysqlmanagementclient/2017-12-01 Azure-SDK-For-Python
          AZURECLI/2.0.46]
    method: GET
    uri: https://management.azure.com/subscriptions/00000000-0000-0000-0000-000000000000/providers/Microsoft.DBforMySQL/locations/brazilsouth/azureAsyncOperation/7e523186-b664-4f27-9425-a7e1d372b619?api-version=2017-12-01
  response:
    body: {string: '{"name":"7e523186-b664-4f27-9425-a7e1d372b619","status":"InProgress","startTime":"2018-09-12T08:33:10.41Z"}'}
    headers:
      cache-control: [no-cache]
      content-length: ['107']
      content-type: [application/json; charset=utf-8]
      date: ['Wed, 12 Sep 2018 08:53:44 GMT']
      expires: ['-1']
      pragma: [no-cache]
      server: [Microsoft-HTTPAPI/2.0]
      strict-transport-security: [max-age=31536000; includeSubDomains]
      transfer-encoding: [chunked]
      vary: [Accept-Encoding]
      x-content-type-options: [nosniff]
    status: {code: 200, message: OK}
- request:
    body: null
    headers:
      Accept: [application/json]
      Accept-Encoding: ['gzip, deflate']
      CommandName: [mysql server replica create]
      Connection: [keep-alive]
      User-Agent: [python/3.5.3 (Windows-10-10.0.17134-SP0) requests/2.18.4 msrest/0.5.5
          msrest_azure/0.4.34 mysqlmanagementclient/2017-12-01 Azure-SDK-For-Python
          AZURECLI/2.0.46]
    method: GET
    uri: https://management.azure.com/subscriptions/00000000-0000-0000-0000-000000000000/providers/Microsoft.DBforMySQL/locations/brazilsouth/azureAsyncOperation/7e523186-b664-4f27-9425-a7e1d372b619?api-version=2017-12-01
  response:
    body: {string: '{"name":"7e523186-b664-4f27-9425-a7e1d372b619","status":"InProgress","startTime":"2018-09-12T08:33:10.41Z"}'}
    headers:
      cache-control: [no-cache]
      content-length: ['107']
      content-type: [application/json; charset=utf-8]
      date: ['Wed, 12 Sep 2018 08:54:16 GMT']
      expires: ['-1']
      pragma: [no-cache]
      server: [Microsoft-HTTPAPI/2.0]
      strict-transport-security: [max-age=31536000; includeSubDomains]
      transfer-encoding: [chunked]
      vary: [Accept-Encoding]
      x-content-type-options: [nosniff]
    status: {code: 200, message: OK}
- request:
    body: null
    headers:
      Accept: [application/json]
      Accept-Encoding: ['gzip, deflate']
      CommandName: [mysql server replica create]
      Connection: [keep-alive]
      User-Agent: [python/3.5.3 (Windows-10-10.0.17134-SP0) requests/2.18.4 msrest/0.5.5
          msrest_azure/0.4.34 mysqlmanagementclient/2017-12-01 Azure-SDK-For-Python
          AZURECLI/2.0.46]
    method: GET
    uri: https://management.azure.com/subscriptions/00000000-0000-0000-0000-000000000000/providers/Microsoft.DBforMySQL/locations/brazilsouth/azureAsyncOperation/7e523186-b664-4f27-9425-a7e1d372b619?api-version=2017-12-01
  response:
    body: {string: '{"name":"7e523186-b664-4f27-9425-a7e1d372b619","status":"InProgress","startTime":"2018-09-12T08:33:10.41Z"}'}
    headers:
      cache-control: [no-cache]
      content-length: ['107']
      content-type: [application/json; charset=utf-8]
      date: ['Wed, 12 Sep 2018 08:54:48 GMT']
      expires: ['-1']
      pragma: [no-cache]
      server: [Microsoft-HTTPAPI/2.0]
      strict-transport-security: [max-age=31536000; includeSubDomains]
      transfer-encoding: [chunked]
      vary: [Accept-Encoding]
      x-content-type-options: [nosniff]
    status: {code: 200, message: OK}
- request:
    body: null
    headers:
      Accept: [application/json]
      Accept-Encoding: ['gzip, deflate']
      CommandName: [mysql server replica create]
      Connection: [keep-alive]
      User-Agent: [python/3.5.3 (Windows-10-10.0.17134-SP0) requests/2.18.4 msrest/0.5.5
          msrest_azure/0.4.34 mysqlmanagementclient/2017-12-01 Azure-SDK-For-Python
          AZURECLI/2.0.46]
    method: GET
    uri: https://management.azure.com/subscriptions/00000000-0000-0000-0000-000000000000/providers/Microsoft.DBforMySQL/locations/brazilsouth/azureAsyncOperation/7e523186-b664-4f27-9425-a7e1d372b619?api-version=2017-12-01
  response:
    body: {string: '{"name":"7e523186-b664-4f27-9425-a7e1d372b619","status":"InProgress","startTime":"2018-09-12T08:33:10.41Z"}'}
    headers:
      cache-control: [no-cache]
      content-length: ['107']
      content-type: [application/json; charset=utf-8]
      date: ['Wed, 12 Sep 2018 08:55:19 GMT']
      expires: ['-1']
      pragma: [no-cache]
      server: [Microsoft-HTTPAPI/2.0]
      strict-transport-security: [max-age=31536000; includeSubDomains]
      transfer-encoding: [chunked]
      vary: [Accept-Encoding]
      x-content-type-options: [nosniff]
    status: {code: 200, message: OK}
- request:
    body: null
    headers:
      Accept: [application/json]
      Accept-Encoding: ['gzip, deflate']
      CommandName: [mysql server replica create]
      Connection: [keep-alive]
      User-Agent: [python/3.5.3 (Windows-10-10.0.17134-SP0) requests/2.18.4 msrest/0.5.5
          msrest_azure/0.4.34 mysqlmanagementclient/2017-12-01 Azure-SDK-For-Python
          AZURECLI/2.0.46]
    method: GET
    uri: https://management.azure.com/subscriptions/00000000-0000-0000-0000-000000000000/providers/Microsoft.DBforMySQL/locations/brazilsouth/azureAsyncOperation/7e523186-b664-4f27-9425-a7e1d372b619?api-version=2017-12-01
  response:
    body: {string: '{"name":"7e523186-b664-4f27-9425-a7e1d372b619","status":"InProgress","startTime":"2018-09-12T08:33:10.41Z"}'}
    headers:
      cache-control: [no-cache]
      content-length: ['107']
      content-type: [application/json; charset=utf-8]
      date: ['Wed, 12 Sep 2018 08:55:51 GMT']
      expires: ['-1']
      pragma: [no-cache]
      server: [Microsoft-HTTPAPI/2.0]
      strict-transport-security: [max-age=31536000; includeSubDomains]
      transfer-encoding: [chunked]
      vary: [Accept-Encoding]
      x-content-type-options: [nosniff]
    status: {code: 200, message: OK}
- request:
    body: null
    headers:
      Accept: [application/json]
      Accept-Encoding: ['gzip, deflate']
      CommandName: [mysql server replica create]
      Connection: [keep-alive]
      User-Agent: [python/3.5.3 (Windows-10-10.0.17134-SP0) requests/2.18.4 msrest/0.5.5
          msrest_azure/0.4.34 mysqlmanagementclient/2017-12-01 Azure-SDK-For-Python
          AZURECLI/2.0.46]
    method: GET
    uri: https://management.azure.com/subscriptions/00000000-0000-0000-0000-000000000000/providers/Microsoft.DBforMySQL/locations/brazilsouth/azureAsyncOperation/7e523186-b664-4f27-9425-a7e1d372b619?api-version=2017-12-01
  response:
    body: {string: '{"name":"7e523186-b664-4f27-9425-a7e1d372b619","status":"InProgress","startTime":"2018-09-12T08:33:10.41Z"}'}
    headers:
      cache-control: [no-cache]
      content-length: ['107']
      content-type: [application/json; charset=utf-8]
      date: ['Wed, 12 Sep 2018 08:56:22 GMT']
      expires: ['-1']
      pragma: [no-cache]
      server: [Microsoft-HTTPAPI/2.0]
      strict-transport-security: [max-age=31536000; includeSubDomains]
      transfer-encoding: [chunked]
      vary: [Accept-Encoding]
      x-content-type-options: [nosniff]
    status: {code: 200, message: OK}
- request:
    body: null
    headers:
      Accept: [application/json]
      Accept-Encoding: ['gzip, deflate']
      CommandName: [mysql server replica create]
      Connection: [keep-alive]
      User-Agent: [python/3.5.3 (Windows-10-10.0.17134-SP0) requests/2.18.4 msrest/0.5.5
          msrest_azure/0.4.34 mysqlmanagementclient/2017-12-01 Azure-SDK-For-Python
          AZURECLI/2.0.46]
    method: GET
    uri: https://management.azure.com/subscriptions/00000000-0000-0000-0000-000000000000/providers/Microsoft.DBforMySQL/locations/brazilsouth/azureAsyncOperation/7e523186-b664-4f27-9425-a7e1d372b619?api-version=2017-12-01
  response:
    body: {string: '{"name":"7e523186-b664-4f27-9425-a7e1d372b619","status":"InProgress","startTime":"2018-09-12T08:33:10.41Z"}'}
    headers:
      cache-control: [no-cache]
      content-length: ['107']
      content-type: [application/json; charset=utf-8]
      date: ['Wed, 12 Sep 2018 08:56:54 GMT']
      expires: ['-1']
      pragma: [no-cache]
      server: [Microsoft-HTTPAPI/2.0]
      strict-transport-security: [max-age=31536000; includeSubDomains]
      transfer-encoding: [chunked]
      vary: [Accept-Encoding]
      x-content-type-options: [nosniff]
    status: {code: 200, message: OK}
- request:
    body: null
    headers:
      Accept: [application/json]
      Accept-Encoding: ['gzip, deflate']
      CommandName: [mysql server replica create]
      Connection: [keep-alive]
      User-Agent: [python/3.5.3 (Windows-10-10.0.17134-SP0) requests/2.18.4 msrest/0.5.5
          msrest_azure/0.4.34 mysqlmanagementclient/2017-12-01 Azure-SDK-For-Python
          AZURECLI/2.0.46]
    method: GET
    uri: https://management.azure.com/subscriptions/00000000-0000-0000-0000-000000000000/providers/Microsoft.DBforMySQL/locations/brazilsouth/azureAsyncOperation/7e523186-b664-4f27-9425-a7e1d372b619?api-version=2017-12-01
  response:
    body: {string: '{"name":"7e523186-b664-4f27-9425-a7e1d372b619","status":"InProgress","startTime":"2018-09-12T08:33:10.41Z"}'}
    headers:
      cache-control: [no-cache]
      content-length: ['107']
      content-type: [application/json; charset=utf-8]
      date: ['Wed, 12 Sep 2018 08:57:25 GMT']
      expires: ['-1']
      pragma: [no-cache]
      server: [Microsoft-HTTPAPI/2.0]
      strict-transport-security: [max-age=31536000; includeSubDomains]
      transfer-encoding: [chunked]
      vary: [Accept-Encoding]
      x-content-type-options: [nosniff]
    status: {code: 200, message: OK}
- request:
    body: null
    headers:
      Accept: [application/json]
      Accept-Encoding: ['gzip, deflate']
      CommandName: [mysql server replica create]
      Connection: [keep-alive]
      User-Agent: [python/3.5.3 (Windows-10-10.0.17134-SP0) requests/2.18.4 msrest/0.5.5
          msrest_azure/0.4.34 mysqlmanagementclient/2017-12-01 Azure-SDK-For-Python
          AZURECLI/2.0.46]
    method: GET
    uri: https://management.azure.com/subscriptions/00000000-0000-0000-0000-000000000000/providers/Microsoft.DBforMySQL/locations/brazilsouth/azureAsyncOperation/7e523186-b664-4f27-9425-a7e1d372b619?api-version=2017-12-01
  response:
    body: {string: '{"name":"7e523186-b664-4f27-9425-a7e1d372b619","status":"Succeeded","startTime":"2018-09-12T08:33:10.41Z"}'}
    headers:
      cache-control: [no-cache]
      content-length: ['106']
      content-type: [application/json; charset=utf-8]
      date: ['Wed, 12 Sep 2018 08:57:58 GMT']
      expires: ['-1']
      pragma: [no-cache]
      server: [Microsoft-HTTPAPI/2.0]
      strict-transport-security: [max-age=31536000; includeSubDomains]
      transfer-encoding: [chunked]
      vary: [Accept-Encoding]
      x-content-type-options: [nosniff]
    status: {code: 200, message: OK}
- request:
    body: null
    headers:
      Accept: [application/json]
      Accept-Encoding: ['gzip, deflate']
      CommandName: [mysql server replica create]
      Connection: [keep-alive]
      User-Agent: [python/3.5.3 (Windows-10-10.0.17134-SP0) requests/2.18.4 msrest/0.5.5
          msrest_azure/0.4.34 mysqlmanagementclient/2017-12-01 Azure-SDK-For-Python
          AZURECLI/2.0.46]
    method: GET
    uri: https://management.azure.com/subscriptions/00000000-0000-0000-0000-000000000000/resourceGroups/clitest.rg000001/providers/Microsoft.DBforMySQL/servers/azuredbclirep1000003?api-version=2017-12-01
  response:
    body: {string: '{"sku":{"name":"GP_Gen4_2","tier":"GeneralPurpose","family":"Gen4","capacity":2},"properties":{"administratorLogin":"cloudsa","storageProfile":{"storageMB":5120,"backupRetentionDays":7,"geoRedundantBackup":"Disabled"},"version":"5.7","sslEnforcement":"Enabled","userVisibleState":"Ready","fullyQualifiedDomainName":"azuredbclirep1000003.mysql.database.azure.com","earliestRestoreDate":"2018-09-12T08:51:40.12+00:00","replicationRole":"Replica","masterServerId":"/subscriptions/00000000-0000-0000-0000-000000000000/resourceGroups/clitest.rg000001/providers/Microsoft.DBforMySQL/servers/azuredbclitest000002","replicaCapacity":0},"location":"brazilsouth","id":"/subscriptions/00000000-0000-0000-0000-000000000000/resourceGroups/clitest.rg000001/providers/Microsoft.DBforMySQL/servers/azuredbclirep1000003","name":"azuredbclirep1000003","type":"Microsoft.DBforMySQL/servers"}'}
    headers:
      cache-control: [no-cache]
      content-length: ['1131']
      content-type: [application/json; charset=utf-8]
      date: ['Wed, 12 Sep 2018 08:57:59 GMT']
      expires: ['-1']
      pragma: [no-cache]
      server: [Microsoft-HTTPAPI/2.0]
      strict-transport-security: [max-age=31536000; includeSubDomains]
      transfer-encoding: [chunked]
      vary: [Accept-Encoding]
      x-content-type-options: [nosniff]
    status: {code: 200, message: OK}
- request:
    body: null
    headers:
      Accept: [application/json]
      Accept-Encoding: ['gzip, deflate']
      CommandName: [mysql server show]
      Connection: [keep-alive]
      Content-Type: [application/json; charset=utf-8]
      User-Agent: [python/3.5.3 (Windows-10-10.0.17134-SP0) requests/2.18.4 msrest/0.5.5
          msrest_azure/0.4.34 mysqlmanagementclient/2017-12-01 Azure-SDK-For-Python
          AZURECLI/2.0.46]
      accept-language: [en-US]
    method: GET
    uri: https://management.azure.com/subscriptions/00000000-0000-0000-0000-000000000000/resourceGroups/clitest.rg000001/providers/Microsoft.DBforMySQL/servers/azuredbclitest000002?api-version=2017-12-01
  response:
    body: {string: '{"sku":{"name":"GP_Gen4_2","tier":"GeneralPurpose","family":"Gen4","capacity":2},"properties":{"administratorLogin":"cloudsa","storageProfile":{"storageMB":5120,"backupRetentionDays":7,"geoRedundantBackup":"Disabled"},"version":"5.7","sslEnforcement":"Enabled","userVisibleState":"Ready","fullyQualifiedDomainName":"azuredbclitest000002.mysql.database.azure.com","earliestRestoreDate":"2018-09-12T08:33:55.537+00:00","replicationRole":"Master","masterServerId":"","replicaCapacity":5},"location":"brazilsouth","id":"/subscriptions/00000000-0000-0000-0000-000000000000/resourceGroups/clitest.rg000001/providers/Microsoft.DBforMySQL/servers/azuredbclitest000002","name":"azuredbclitest000002","type":"Microsoft.DBforMySQL/servers"}'}
    headers:
      cache-control: [no-cache]
      content-length: ['824']
      content-type: [application/json; charset=utf-8]
      date: ['Wed, 12 Sep 2018 08:58:01 GMT']
      expires: ['-1']
      pragma: [no-cache]
      server: [Microsoft-HTTPAPI/2.0]
      strict-transport-security: [max-age=31536000; includeSubDomains]
      transfer-encoding: [chunked]
      vary: [Accept-Encoding]
      x-content-type-options: [nosniff]
    status: {code: 200, message: OK}
- request:
    body: null
    headers:
      Accept: [application/json]
      Accept-Encoding: ['gzip, deflate']
      CommandName: [mysql server replica list]
      Connection: [keep-alive]
      Content-Type: [application/json; charset=utf-8]
      User-Agent: [python/3.5.3 (Windows-10-10.0.17134-SP0) requests/2.18.4 msrest/0.5.5
          msrest_azure/0.4.34 mysqlmanagementclient/2017-12-01 Azure-SDK-For-Python
          AZURECLI/2.0.46]
      accept-language: [en-US]
    method: GET
    uri: https://management.azure.com/subscriptions/00000000-0000-0000-0000-000000000000/resourceGroups/clitest.rg000001/providers/Microsoft.DBforMySQL/servers/azuredbclitest000002/replicas?api-version=2017-12-01
  response:
    body: {string: '{"value":[{"sku":{"name":"GP_Gen4_2","tier":"GeneralPurpose","family":"Gen4","capacity":2},"properties":{"administratorLogin":"cloudsa","storageProfile":{"storageMB":5120,"backupRetentionDays":7,"geoRedundantBackup":"Disabled"},"version":"5.7","sslEnforcement":"Enabled","userVisibleState":"Ready","fullyQualifiedDomainName":"azuredbclirep1000003.mysql.database.azure.com","earliestRestoreDate":"2018-09-12T08:51:40.12+00:00","replicationRole":"Replica","masterServerId":"/subscriptions/00000000-0000-0000-0000-000000000000/resourceGroups/clitest.rg000001/providers/Microsoft.DBforMySQL/servers/azuredbclitest000002","replicaCapacity":0},"location":"brazilsouth","id":"/subscriptions/00000000-0000-0000-0000-000000000000/resourceGroups/clitest.rg000001/providers/Microsoft.DBforMySQL/servers/azuredbclirep1000003","name":"azuredbclirep1000003","type":"Microsoft.DBforMySQL/servers"}]}'}
    headers:
      cache-control: [no-cache]
      content-length: ['1143']
      content-type: [application/json; charset=utf-8]
      date: ['Wed, 12 Sep 2018 08:58:02 GMT']
      expires: ['-1']
      pragma: [no-cache]
      server: [Microsoft-HTTPAPI/2.0]
      strict-transport-security: [max-age=31536000; includeSubDomains]
      transfer-encoding: [chunked]
      vary: [Accept-Encoding]
      x-content-type-options: [nosniff]
    status: {code: 200, message: OK}
- request:
    body: null
    headers:
      Accept: [application/json]
      Accept-Encoding: ['gzip, deflate']
      CommandName: [mysql server replica stop]
      Connection: [keep-alive]
      Content-Type: [application/json; charset=utf-8]
      User-Agent: [python/3.5.3 (Windows-10-10.0.17134-SP0) requests/2.18.4 msrest/0.5.5
          msrest_azure/0.4.34 mysqlmanagementclient/2017-12-01 Azure-SDK-For-Python
          AZURECLI/2.0.46]
      accept-language: [en-US]
    method: GET
    uri: https://management.azure.com/subscriptions/00000000-0000-0000-0000-000000000000/resourceGroups/clitest.rg000001/providers/Microsoft.DBforMySQL/servers/azuredbclirep1000003?api-version=2017-12-01
  response:
    body: {string: '{"sku":{"name":"GP_Gen4_2","tier":"GeneralPurpose","family":"Gen4","capacity":2},"properties":{"administratorLogin":"cloudsa","storageProfile":{"storageMB":5120,"backupRetentionDays":7,"geoRedundantBackup":"Disabled"},"version":"5.7","sslEnforcement":"Enabled","userVisibleState":"Ready","fullyQualifiedDomainName":"azuredbclirep1000003.mysql.database.azure.com","earliestRestoreDate":"2018-09-12T08:51:40.12+00:00","replicationRole":"Replica","masterServerId":"/subscriptions/00000000-0000-0000-0000-000000000000/resourceGroups/clitest.rg000001/providers/Microsoft.DBforMySQL/servers/azuredbclitest000002","replicaCapacity":0},"location":"brazilsouth","id":"/subscriptions/00000000-0000-0000-0000-000000000000/resourceGroups/clitest.rg000001/providers/Microsoft.DBforMySQL/servers/azuredbclirep1000003","name":"azuredbclirep1000003","type":"Microsoft.DBforMySQL/servers"}'}
    headers:
      cache-control: [no-cache]
      content-length: ['1131']
      content-type: [application/json; charset=utf-8]
      date: ['Wed, 12 Sep 2018 08:58:04 GMT']
      expires: ['-1']
      pragma: [no-cache]
      server: [Microsoft-HTTPAPI/2.0]
      strict-transport-security: [max-age=31536000; includeSubDomains]
      transfer-encoding: [chunked]
      vary: [Accept-Encoding]
      x-content-type-options: [nosniff]
    status: {code: 200, message: OK}
- request:
    body: '{"properties": {"replicationRole": "None"}}'
    headers:
      Accept: [application/json]
      Accept-Encoding: ['gzip, deflate']
      CommandName: [mysql server replica stop]
      Connection: [keep-alive]
      Content-Length: ['43']
      Content-Type: [application/json; charset=utf-8]
      User-Agent: [python/3.5.3 (Windows-10-10.0.17134-SP0) requests/2.18.4 msrest/0.5.5
          msrest_azure/0.4.34 mysqlmanagementclient/2017-12-01 Azure-SDK-For-Python
          AZURECLI/2.0.46]
      accept-language: [en-US]
    method: PATCH
    uri: https://management.azure.com/subscriptions/00000000-0000-0000-0000-000000000000/resourceGroups/clitest.rg000001/providers/Microsoft.DBforMySQL/servers/azuredbclirep1000003?api-version=2017-12-01
  response:
    body: {string: '{"operation":"UpsertElasticServer","startTime":"2018-09-12T08:58:07.393Z"}'}
    headers:
      azure-asyncoperation: ['https://management.azure.com/subscriptions/00000000-0000-0000-0000-000000000000/providers/Microsoft.DBforMySQL/locations/brazilsouth/azureAsyncOperation/162d6980-9469-47c2-8fe2-4edf736fb364?api-version=2017-12-01']
      cache-control: [no-cache]
      content-length: ['74']
      content-type: [application/json; charset=utf-8]
      date: ['Wed, 12 Sep 2018 08:58:07 GMT']
      expires: ['-1']
      location: ['https://management.azure.com/subscriptions/00000000-0000-0000-0000-000000000000/providers/Microsoft.DBforMySQL/locations/brazilsouth/operationResults/162d6980-9469-47c2-8fe2-4edf736fb364?api-version=2017-12-01']
      pragma: [no-cache]
      server: [Microsoft-HTTPAPI/2.0]
      strict-transport-security: [max-age=31536000; includeSubDomains]
      x-content-type-options: [nosniff]
      x-ms-ratelimit-remaining-subscription-writes: ['1198']
    status: {code: 202, message: Accepted}
- request:
    body: null
    headers:
      Accept: [application/json]
      Accept-Encoding: ['gzip, deflate']
      CommandName: [mysql server replica stop]
      Connection: [keep-alive]
      User-Agent: [python/3.5.3 (Windows-10-10.0.17134-SP0) requests/2.18.4 msrest/0.5.5
          msrest_azure/0.4.34 mysqlmanagementclient/2017-12-01 Azure-SDK-For-Python
          AZURECLI/2.0.46]
    method: GET
    uri: https://management.azure.com/subscriptions/00000000-0000-0000-0000-000000000000/providers/Microsoft.DBforMySQL/locations/brazilsouth/azureAsyncOperation/162d6980-9469-47c2-8fe2-4edf736fb364?api-version=2017-12-01
  response:
    body: {string: '{"name":"162d6980-9469-47c2-8fe2-4edf736fb364","status":"Succeeded","startTime":"2018-09-12T08:58:07.393Z"}'}
    headers:
      cache-control: [no-cache]
      content-length: ['107']
      content-type: [application/json; charset=utf-8]
      date: ['Wed, 12 Sep 2018 08:59:08 GMT']
      expires: ['-1']
      pragma: [no-cache]
      server: [Microsoft-HTTPAPI/2.0]
      strict-transport-security: [max-age=31536000; includeSubDomains]
      transfer-encoding: [chunked]
      vary: [Accept-Encoding]
      x-content-type-options: [nosniff]
    status: {code: 200, message: OK}
- request:
    body: null
    headers:
      Accept: [application/json]
      Accept-Encoding: ['gzip, deflate']
      CommandName: [mysql server replica stop]
      Connection: [keep-alive]
      User-Agent: [python/3.5.3 (Windows-10-10.0.17134-SP0) requests/2.18.4 msrest/0.5.5
          msrest_azure/0.4.34 mysqlmanagementclient/2017-12-01 Azure-SDK-For-Python
          AZURECLI/2.0.46]
    method: GET
    uri: https://management.azure.com/subscriptions/00000000-0000-0000-0000-000000000000/resourceGroups/clitest.rg000001/providers/Microsoft.DBforMySQL/servers/azuredbclirep1000003?api-version=2017-12-01
  response:
    body: {string: '{"sku":{"name":"GP_Gen4_2","tier":"GeneralPurpose","family":"Gen4","capacity":2},"properties":{"administratorLogin":"cloudsa","storageProfile":{"storageMB":5120,"backupRetentionDays":7,"geoRedundantBackup":"Disabled"},"version":"5.7","sslEnforcement":"Enabled","userVisibleState":"Ready","fullyQualifiedDomainName":"azuredbclirep1000003.mysql.database.azure.com","earliestRestoreDate":"2018-09-12T08:51:40.12+00:00","replicationRole":"None","masterServerId":"","replicaCapacity":5},"location":"brazilsouth","id":"/subscriptions/00000000-0000-0000-0000-000000000000/resourceGroups/clitest.rg000001/providers/Microsoft.DBforMySQL/servers/azuredbclirep1000003","name":"azuredbclirep1000003","type":"Microsoft.DBforMySQL/servers"}'}
    headers:
      cache-control: [no-cache]
      content-length: ['914']
      content-type: [application/json; charset=utf-8]
      date: ['Wed, 12 Sep 2018 08:59:10 GMT']
      expires: ['-1']
      pragma: [no-cache]
      server: [Microsoft-HTTPAPI/2.0]
      strict-transport-security: [max-age=31536000; includeSubDomains]
      transfer-encoding: [chunked]
      vary: [Accept-Encoding]
      x-content-type-options: [nosniff]
    status: {code: 200, message: OK}
- request:
    body: null
    headers:
      Accept: [application/json]
      Accept-Encoding: ['gzip, deflate']
      CommandName: [mysql server show]
      Connection: [keep-alive]
      Content-Type: [application/json; charset=utf-8]
      User-Agent: [python/3.5.3 (Windows-10-10.0.17134-SP0) requests/2.18.4 msrest/0.5.5
          msrest_azure/0.4.34 mysqlmanagementclient/2017-12-01 Azure-SDK-For-Python
          AZURECLI/2.0.46]
      accept-language: [en-US]
    method: GET
    uri: https://management.azure.com/subscriptions/00000000-0000-0000-0000-000000000000/resourceGroups/clitest.rg000001/providers/Microsoft.DBforMySQL/servers/azuredbclitest000002?api-version=2017-12-01
  response:
    body: {string: '{"sku":{"name":"GP_Gen4_2","tier":"GeneralPurpose","family":"Gen4","capacity":2},"properties":{"administratorLogin":"cloudsa","storageProfile":{"storageMB":5120,"backupRetentionDays":7,"geoRedundantBackup":"Disabled"},"version":"5.7","sslEnforcement":"Enabled","userVisibleState":"Ready","fullyQualifiedDomainName":"azuredbclitest000002.mysql.database.azure.com","earliestRestoreDate":"2018-09-12T08:33:55.537+00:00","replicationRole":"None","masterServerId":"","replicaCapacity":5},"location":"brazilsouth","id":"/subscriptions/00000000-0000-0000-0000-000000000000/resourceGroups/clitest.rg000001/providers/Microsoft.DBforMySQL/servers/azuredbclitest000002","name":"azuredbclitest000002","type":"Microsoft.DBforMySQL/servers"}'}
    headers:
      cache-control: [no-cache]
      content-length: ['822']
      content-type: [application/json; charset=utf-8]
      date: ['Wed, 12 Sep 2018 08:59:12 GMT']
      expires: ['-1']
      pragma: [no-cache]
      server: [Microsoft-HTTPAPI/2.0]
      strict-transport-security: [max-age=31536000; includeSubDomains]
      transfer-encoding: [chunked]
      vary: [Accept-Encoding]
      x-content-type-options: [nosniff]
    status: {code: 200, message: OK}
- request:
    body: null
    headers:
      Accept: [application/json]
      Accept-Encoding: ['gzip, deflate']
      CommandName: [mysql server replica create]
      Connection: [keep-alive]
      Content-Type: [application/json; charset=utf-8]
      User-Agent: [python/3.5.3 (Windows-10-10.0.17134-SP0) requests/2.18.4 msrest/0.5.5
          msrest_azure/0.4.34 mysqlmanagementclient/2017-12-01 Azure-SDK-For-Python
          AZURECLI/2.0.46]
      accept-language: [en-US]
    method: GET
    uri: https://management.azure.com/subscriptions/00000000-0000-0000-0000-000000000000/resourceGroups/clitest.rg000001/providers/Microsoft.DBforMySQL/servers/azuredbclitest000002?api-version=2017-12-01
  response:
    body: {string: '{"sku":{"name":"GP_Gen4_2","tier":"GeneralPurpose","family":"Gen4","capacity":2},"properties":{"administratorLogin":"cloudsa","storageProfile":{"storageMB":5120,"backupRetentionDays":7,"geoRedundantBackup":"Disabled"},"version":"5.7","sslEnforcement":"Enabled","userVisibleState":"Ready","fullyQualifiedDomainName":"azuredbclitest000002.mysql.database.azure.com","earliestRestoreDate":"2018-09-12T08:33:55.537+00:00","replicationRole":"None","masterServerId":"","replicaCapacity":5},"location":"brazilsouth","id":"/subscriptions/00000000-0000-0000-0000-000000000000/resourceGroups/clitest.rg000001/providers/Microsoft.DBforMySQL/servers/azuredbclitest000002","name":"azuredbclitest000002","type":"Microsoft.DBforMySQL/servers"}'}
    headers:
      cache-control: [no-cache]
      content-length: ['822']
      content-type: [application/json; charset=utf-8]
      date: ['Wed, 12 Sep 2018 08:59:15 GMT']
      expires: ['-1']
      pragma: [no-cache]
      server: [Microsoft-HTTPAPI/2.0]
      strict-transport-security: [max-age=31536000; includeSubDomains]
      transfer-encoding: [chunked]
      vary: [Accept-Encoding]
      x-content-type-options: [nosniff]
    status: {code: 200, message: OK}
- request:
    body: 'b''b\''{"location": "brazilsouth", "sku": {"name": "GP_Gen4_2"}, "properties":
      {"sourceServerId": "/subscriptions/00000000-0000-0000-0000-000000000000/resourceGroups/clitest.rg000001/providers/Microsoft.DBforMySQL/servers/azuredbclitest000002",
      "createMode": "Replica"}}\'''''
    headers:
      Accept: [application/json]
      Accept-Encoding: ['gzip, deflate']
      CommandName: [mysql server replica create]
      Connection: [keep-alive]
      Content-Length: ['334']
      Content-Type: [application/json; charset=utf-8]
      User-Agent: [python/3.5.3 (Windows-10-10.0.17134-SP0) requests/2.18.4 msrest/0.5.5
          msrest_azure/0.4.34 mysqlmanagementclient/2017-12-01 Azure-SDK-For-Python
          AZURECLI/2.0.46]
      accept-language: [en-US]
    method: PUT
    uri: https://management.azure.com/subscriptions/00000000-0000-0000-0000-000000000000/resourceGroups/clitest.rg000001/providers/Microsoft.DBforMySQL/servers/azuredbclirep2000004?api-version=2017-12-01
  response:
    body: {string: '{"operation":"CreateElasticServerContinuousCopy","startTime":"2018-09-12T08:59:19.3Z"}'}
    headers:
      azure-asyncoperation: ['https://management.azure.com/subscriptions/00000000-0000-0000-0000-000000000000/providers/Microsoft.DBforMySQL/locations/brazilsouth/azureAsyncOperation/89122311-09f0-45e7-bbb4-aa7c03d53315?api-version=2017-12-01']
      cache-control: [no-cache]
      content-length: ['86']
      content-type: [application/json; charset=utf-8]
      date: ['Wed, 12 Sep 2018 08:59:19 GMT']
      expires: ['-1']
      location: ['https://management.azure.com/subscriptions/00000000-0000-0000-0000-000000000000/providers/Microsoft.DBforMySQL/locations/brazilsouth/operationResults/89122311-09f0-45e7-bbb4-aa7c03d53315?api-version=2017-12-01']
      pragma: [no-cache]
      server: [Microsoft-HTTPAPI/2.0]
      strict-transport-security: [max-age=31536000; includeSubDomains]
      x-content-type-options: [nosniff]
      x-ms-ratelimit-remaining-subscription-writes: ['1199']
    status: {code: 202, message: Accepted}
- request:
    body: null
    headers:
      Accept: [application/json]
      Accept-Encoding: ['gzip, deflate']
      CommandName: [mysql server replica create]
      Connection: [keep-alive]
      User-Agent: [python/3.5.3 (Windows-10-10.0.17134-SP0) requests/2.18.4 msrest/0.5.5
          msrest_azure/0.4.34 mysqlmanagementclient/2017-12-01 Azure-SDK-For-Python
          AZURECLI/2.0.46]
    method: GET
    uri: https://management.azure.com/subscriptions/00000000-0000-0000-0000-000000000000/providers/Microsoft.DBforMySQL/locations/brazilsouth/azureAsyncOperation/89122311-09f0-45e7-bbb4-aa7c03d53315?api-version=2017-12-01
  response:
    body: {string: '{"name":"89122311-09f0-45e7-bbb4-aa7c03d53315","status":"InProgress","startTime":"2018-09-12T08:59:19.3Z"}'}
    headers:
      cache-control: [no-cache]
      content-length: ['106']
      content-type: [application/json; charset=utf-8]
      date: ['Wed, 12 Sep 2018 08:59:51 GMT']
      expires: ['-1']
      pragma: [no-cache]
      server: [Microsoft-HTTPAPI/2.0]
      strict-transport-security: [max-age=31536000; includeSubDomains]
      transfer-encoding: [chunked]
      vary: [Accept-Encoding]
      x-content-type-options: [nosniff]
    status: {code: 200, message: OK}
- request:
    body: null
    headers:
      Accept: [application/json]
      Accept-Encoding: ['gzip, deflate']
      CommandName: [mysql server replica create]
      Connection: [keep-alive]
      User-Agent: [python/3.5.3 (Windows-10-10.0.17134-SP0) requests/2.18.4 msrest/0.5.5
          msrest_azure/0.4.34 mysqlmanagementclient/2017-12-01 Azure-SDK-For-Python
          AZURECLI/2.0.46]
    method: GET
    uri: https://management.azure.com/subscriptions/00000000-0000-0000-0000-000000000000/providers/Microsoft.DBforMySQL/locations/brazilsouth/azureAsyncOperation/89122311-09f0-45e7-bbb4-aa7c03d53315?api-version=2017-12-01
  response:
    body: {string: '{"name":"89122311-09f0-45e7-bbb4-aa7c03d53315","status":"InProgress","startTime":"2018-09-12T08:59:19.3Z"}'}
    headers:
      cache-control: [no-cache]
      content-length: ['106']
      content-type: [application/json; charset=utf-8]
      date: ['Wed, 12 Sep 2018 09:00:22 GMT']
      expires: ['-1']
      pragma: [no-cache]
      server: [Microsoft-HTTPAPI/2.0]
      strict-transport-security: [max-age=31536000; includeSubDomains]
      transfer-encoding: [chunked]
      vary: [Accept-Encoding]
      x-content-type-options: [nosniff]
    status: {code: 200, message: OK}
- request:
    body: null
    headers:
      Accept: [application/json]
      Accept-Encoding: ['gzip, deflate']
      CommandName: [mysql server replica create]
      Connection: [keep-alive]
      User-Agent: [python/3.5.3 (Windows-10-10.0.17134-SP0) requests/2.18.4 msrest/0.5.5
          msrest_azure/0.4.34 mysqlmanagementclient/2017-12-01 Azure-SDK-For-Python
          AZURECLI/2.0.46]
    method: GET
    uri: https://management.azure.com/subscriptions/00000000-0000-0000-0000-000000000000/providers/Microsoft.DBforMySQL/locations/brazilsouth/azureAsyncOperation/89122311-09f0-45e7-bbb4-aa7c03d53315?api-version=2017-12-01
  response:
    body: {string: '{"name":"89122311-09f0-45e7-bbb4-aa7c03d53315","status":"InProgress","startTime":"2018-09-12T08:59:19.3Z"}'}
    headers:
      cache-control: [no-cache]
      content-length: ['106']
      content-type: [application/json; charset=utf-8]
      date: ['Wed, 12 Sep 2018 09:00:53 GMT']
      expires: ['-1']
      pragma: [no-cache]
      server: [Microsoft-HTTPAPI/2.0]
      strict-transport-security: [max-age=31536000; includeSubDomains]
      transfer-encoding: [chunked]
      vary: [Accept-Encoding]
      x-content-type-options: [nosniff]
    status: {code: 200, message: OK}
- request:
    body: null
    headers:
      Accept: [application/json]
      Accept-Encoding: ['gzip, deflate']
      CommandName: [mysql server replica create]
      Connection: [keep-alive]
      User-Agent: [python/3.5.3 (Windows-10-10.0.17134-SP0) requests/2.18.4 msrest/0.5.5
          msrest_azure/0.4.34 mysqlmanagementclient/2017-12-01 Azure-SDK-For-Python
          AZURECLI/2.0.46]
    method: GET
    uri: https://management.azure.com/subscriptions/00000000-0000-0000-0000-000000000000/providers/Microsoft.DBforMySQL/locations/brazilsouth/azureAsyncOperation/89122311-09f0-45e7-bbb4-aa7c03d53315?api-version=2017-12-01
  response:
    body: {string: '{"name":"89122311-09f0-45e7-bbb4-aa7c03d53315","status":"InProgress","startTime":"2018-09-12T08:59:19.3Z"}'}
    headers:
      cache-control: [no-cache]
      content-length: ['106']
      content-type: [application/json; charset=utf-8]
      date: ['Wed, 12 Sep 2018 09:01:25 GMT']
      expires: ['-1']
      pragma: [no-cache]
      server: [Microsoft-HTTPAPI/2.0]
      strict-transport-security: [max-age=31536000; includeSubDomains]
      transfer-encoding: [chunked]
      vary: [Accept-Encoding]
      x-content-type-options: [nosniff]
    status: {code: 200, message: OK}
- request:
    body: null
    headers:
      Accept: [application/json]
      Accept-Encoding: ['gzip, deflate']
      CommandName: [mysql server replica create]
      Connection: [keep-alive]
      User-Agent: [python/3.5.3 (Windows-10-10.0.17134-SP0) requests/2.18.4 msrest/0.5.5
          msrest_azure/0.4.34 mysqlmanagementclient/2017-12-01 Azure-SDK-For-Python
          AZURECLI/2.0.46]
    method: GET
    uri: https://management.azure.com/subscriptions/00000000-0000-0000-0000-000000000000/providers/Microsoft.DBforMySQL/locations/brazilsouth/azureAsyncOperation/89122311-09f0-45e7-bbb4-aa7c03d53315?api-version=2017-12-01
  response:
    body: {string: '{"name":"89122311-09f0-45e7-bbb4-aa7c03d53315","status":"InProgress","startTime":"2018-09-12T08:59:19.3Z"}'}
    headers:
      cache-control: [no-cache]
      content-length: ['106']
      content-type: [application/json; charset=utf-8]
      date: ['Wed, 12 Sep 2018 09:01:57 GMT']
      expires: ['-1']
      pragma: [no-cache]
      server: [Microsoft-HTTPAPI/2.0]
      strict-transport-security: [max-age=31536000; includeSubDomains]
      transfer-encoding: [chunked]
      vary: [Accept-Encoding]
      x-content-type-options: [nosniff]
    status: {code: 200, message: OK}
- request:
    body: null
    headers:
      Accept: [application/json]
      Accept-Encoding: ['gzip, deflate']
      CommandName: [mysql server replica create]
      Connection: [keep-alive]
      User-Agent: [python/3.5.3 (Windows-10-10.0.17134-SP0) requests/2.18.4 msrest/0.5.5
          msrest_azure/0.4.34 mysqlmanagementclient/2017-12-01 Azure-SDK-For-Python
          AZURECLI/2.0.46]
    method: GET
    uri: https://management.azure.com/subscriptions/00000000-0000-0000-0000-000000000000/providers/Microsoft.DBforMySQL/locations/brazilsouth/azureAsyncOperation/89122311-09f0-45e7-bbb4-aa7c03d53315?api-version=2017-12-01
  response:
    body: {string: '{"name":"89122311-09f0-45e7-bbb4-aa7c03d53315","status":"InProgress","startTime":"2018-09-12T08:59:19.3Z"}'}
    headers:
      cache-control: [no-cache]
      content-length: ['106']
      content-type: [application/json; charset=utf-8]
      date: ['Wed, 12 Sep 2018 09:02:29 GMT']
      expires: ['-1']
      pragma: [no-cache]
      server: [Microsoft-HTTPAPI/2.0]
      strict-transport-security: [max-age=31536000; includeSubDomains]
      transfer-encoding: [chunked]
      vary: [Accept-Encoding]
      x-content-type-options: [nosniff]
    status: {code: 200, message: OK}
- request:
    body: null
    headers:
      Accept: [application/json]
      Accept-Encoding: ['gzip, deflate']
      CommandName: [mysql server replica create]
      Connection: [keep-alive]
      User-Agent: [python/3.5.3 (Windows-10-10.0.17134-SP0) requests/2.18.4 msrest/0.5.5
          msrest_azure/0.4.34 mysqlmanagementclient/2017-12-01 Azure-SDK-For-Python
          AZURECLI/2.0.46]
    method: GET
    uri: https://management.azure.com/subscriptions/00000000-0000-0000-0000-000000000000/providers/Microsoft.DBforMySQL/locations/brazilsouth/azureAsyncOperation/89122311-09f0-45e7-bbb4-aa7c03d53315?api-version=2017-12-01
  response:
    body: {string: '{"name":"89122311-09f0-45e7-bbb4-aa7c03d53315","status":"InProgress","startTime":"2018-09-12T08:59:19.3Z"}'}
    headers:
      cache-control: [no-cache]
      content-length: ['106']
      content-type: [application/json; charset=utf-8]
      date: ['Wed, 12 Sep 2018 09:03:00 GMT']
      expires: ['-1']
      pragma: [no-cache]
      server: [Microsoft-HTTPAPI/2.0]
      strict-transport-security: [max-age=31536000; includeSubDomains]
      transfer-encoding: [chunked]
      vary: [Accept-Encoding]
      x-content-type-options: [nosniff]
    status: {code: 200, message: OK}
- request:
    body: null
    headers:
      Accept: [application/json]
      Accept-Encoding: ['gzip, deflate']
      CommandName: [mysql server replica create]
      Connection: [keep-alive]
      User-Agent: [python/3.5.3 (Windows-10-10.0.17134-SP0) requests/2.18.4 msrest/0.5.5
          msrest_azure/0.4.34 mysqlmanagementclient/2017-12-01 Azure-SDK-For-Python
          AZURECLI/2.0.46]
    method: GET
    uri: https://management.azure.com/subscriptions/00000000-0000-0000-0000-000000000000/providers/Microsoft.DBforMySQL/locations/brazilsouth/azureAsyncOperation/89122311-09f0-45e7-bbb4-aa7c03d53315?api-version=2017-12-01
  response:
    body: {string: '{"name":"89122311-09f0-45e7-bbb4-aa7c03d53315","status":"InProgress","startTime":"2018-09-12T08:59:19.3Z"}'}
    headers:
      cache-control: [no-cache]
      content-length: ['106']
      content-type: [application/json; charset=utf-8]
      date: ['Wed, 12 Sep 2018 09:03:32 GMT']
      expires: ['-1']
      pragma: [no-cache]
      server: [Microsoft-HTTPAPI/2.0]
      strict-transport-security: [max-age=31536000; includeSubDomains]
      transfer-encoding: [chunked]
      vary: [Accept-Encoding]
      x-content-type-options: [nosniff]
    status: {code: 200, message: OK}
- request:
    body: null
    headers:
      Accept: [application/json]
      Accept-Encoding: ['gzip, deflate']
      CommandName: [mysql server replica create]
      Connection: [keep-alive]
      User-Agent: [python/3.5.3 (Windows-10-10.0.17134-SP0) requests/2.18.4 msrest/0.5.5
          msrest_azure/0.4.34 mysqlmanagementclient/2017-12-01 Azure-SDK-For-Python
          AZURECLI/2.0.46]
    method: GET
    uri: https://management.azure.com/subscriptions/00000000-0000-0000-0000-000000000000/providers/Microsoft.DBforMySQL/locations/brazilsouth/azureAsyncOperation/89122311-09f0-45e7-bbb4-aa7c03d53315?api-version=2017-12-01
  response:
    body: {string: '{"name":"89122311-09f0-45e7-bbb4-aa7c03d53315","status":"InProgress","startTime":"2018-09-12T08:59:19.3Z"}'}
    headers:
      cache-control: [no-cache]
      content-length: ['106']
      content-type: [application/json; charset=utf-8]
      date: ['Wed, 12 Sep 2018 09:04:05 GMT']
      expires: ['-1']
      pragma: [no-cache]
      server: [Microsoft-HTTPAPI/2.0]
      strict-transport-security: [max-age=31536000; includeSubDomains]
      transfer-encoding: [chunked]
      vary: [Accept-Encoding]
      x-content-type-options: [nosniff]
    status: {code: 200, message: OK}
- request:
    body: null
    headers:
      Accept: [application/json]
      Accept-Encoding: ['gzip, deflate']
      CommandName: [mysql server replica create]
      Connection: [keep-alive]
      User-Agent: [python/3.5.3 (Windows-10-10.0.17134-SP0) requests/2.18.4 msrest/0.5.5
          msrest_azure/0.4.34 mysqlmanagementclient/2017-12-01 Azure-SDK-For-Python
          AZURECLI/2.0.46]
    method: GET
    uri: https://management.azure.com/subscriptions/00000000-0000-0000-0000-000000000000/providers/Microsoft.DBforMySQL/locations/brazilsouth/azureAsyncOperation/89122311-09f0-45e7-bbb4-aa7c03d53315?api-version=2017-12-01
  response:
    body: {string: '{"name":"89122311-09f0-45e7-bbb4-aa7c03d53315","status":"InProgress","startTime":"2018-09-12T08:59:19.3Z"}'}
    headers:
      cache-control: [no-cache]
      content-length: ['106']
      content-type: [application/json; charset=utf-8]
      date: ['Wed, 12 Sep 2018 09:04:37 GMT']
      expires: ['-1']
      pragma: [no-cache]
      server: [Microsoft-HTTPAPI/2.0]
      strict-transport-security: [max-age=31536000; includeSubDomains]
      transfer-encoding: [chunked]
      vary: [Accept-Encoding]
      x-content-type-options: [nosniff]
    status: {code: 200, message: OK}
- request:
    body: null
    headers:
      Accept: [application/json]
      Accept-Encoding: ['gzip, deflate']
      CommandName: [mysql server replica create]
      Connection: [keep-alive]
      User-Agent: [python/3.5.3 (Windows-10-10.0.17134-SP0) requests/2.18.4 msrest/0.5.5
          msrest_azure/0.4.34 mysqlmanagementclient/2017-12-01 Azure-SDK-For-Python
          AZURECLI/2.0.46]
    method: GET
    uri: https://management.azure.com/subscriptions/00000000-0000-0000-0000-000000000000/providers/Microsoft.DBforMySQL/locations/brazilsouth/azureAsyncOperation/89122311-09f0-45e7-bbb4-aa7c03d53315?api-version=2017-12-01
  response:
    body: {string: '{"name":"89122311-09f0-45e7-bbb4-aa7c03d53315","status":"InProgress","startTime":"2018-09-12T08:59:19.3Z"}'}
    headers:
      cache-control: [no-cache]
      content-length: ['106']
      content-type: [application/json; charset=utf-8]
      date: ['Wed, 12 Sep 2018 09:05:08 GMT']
      expires: ['-1']
      pragma: [no-cache]
      server: [Microsoft-HTTPAPI/2.0]
      strict-transport-security: [max-age=31536000; includeSubDomains]
      transfer-encoding: [chunked]
      vary: [Accept-Encoding]
      x-content-type-options: [nosniff]
    status: {code: 200, message: OK}
- request:
    body: null
    headers:
      Accept: [application/json]
      Accept-Encoding: ['gzip, deflate']
      CommandName: [mysql server replica create]
      Connection: [keep-alive]
      User-Agent: [python/3.5.3 (Windows-10-10.0.17134-SP0) requests/2.18.4 msrest/0.5.5
          msrest_azure/0.4.34 mysqlmanagementclient/2017-12-01 Azure-SDK-For-Python
          AZURECLI/2.0.46]
    method: GET
    uri: https://management.azure.com/subscriptions/00000000-0000-0000-0000-000000000000/providers/Microsoft.DBforMySQL/locations/brazilsouth/azureAsyncOperation/89122311-09f0-45e7-bbb4-aa7c03d53315?api-version=2017-12-01
  response:
    body: {string: '{"name":"89122311-09f0-45e7-bbb4-aa7c03d53315","status":"InProgress","startTime":"2018-09-12T08:59:19.3Z"}'}
    headers:
      cache-control: [no-cache]
      content-length: ['106']
      content-type: [application/json; charset=utf-8]
      date: ['Wed, 12 Sep 2018 09:05:40 GMT']
      expires: ['-1']
      pragma: [no-cache]
      server: [Microsoft-HTTPAPI/2.0]
      strict-transport-security: [max-age=31536000; includeSubDomains]
      transfer-encoding: [chunked]
      vary: [Accept-Encoding]
      x-content-type-options: [nosniff]
    status: {code: 200, message: OK}
- request:
    body: null
    headers:
      Accept: [application/json]
      Accept-Encoding: ['gzip, deflate']
      CommandName: [mysql server replica create]
      Connection: [keep-alive]
      User-Agent: [python/3.5.3 (Windows-10-10.0.17134-SP0) requests/2.18.4 msrest/0.5.5
          msrest_azure/0.4.34 mysqlmanagementclient/2017-12-01 Azure-SDK-For-Python
          AZURECLI/2.0.46]
    method: GET
    uri: https://management.azure.com/subscriptions/00000000-0000-0000-0000-000000000000/providers/Microsoft.DBforMySQL/locations/brazilsouth/azureAsyncOperation/89122311-09f0-45e7-bbb4-aa7c03d53315?api-version=2017-12-01
  response:
    body: {string: '{"name":"89122311-09f0-45e7-bbb4-aa7c03d53315","status":"InProgress","startTime":"2018-09-12T08:59:19.3Z"}'}
    headers:
      cache-control: [no-cache]
      content-length: ['106']
      content-type: [application/json; charset=utf-8]
      date: ['Wed, 12 Sep 2018 09:06:12 GMT']
      expires: ['-1']
      pragma: [no-cache]
      server: [Microsoft-HTTPAPI/2.0]
      strict-transport-security: [max-age=31536000; includeSubDomains]
      transfer-encoding: [chunked]
      vary: [Accept-Encoding]
      x-content-type-options: [nosniff]
    status: {code: 200, message: OK}
- request:
    body: null
    headers:
      Accept: [application/json]
      Accept-Encoding: ['gzip, deflate']
      CommandName: [mysql server replica create]
      Connection: [keep-alive]
      User-Agent: [python/3.5.3 (Windows-10-10.0.17134-SP0) requests/2.18.4 msrest/0.5.5
          msrest_azure/0.4.34 mysqlmanagementclient/2017-12-01 Azure-SDK-For-Python
          AZURECLI/2.0.46]
    method: GET
    uri: https://management.azure.com/subscriptions/00000000-0000-0000-0000-000000000000/providers/Microsoft.DBforMySQL/locations/brazilsouth/azureAsyncOperation/89122311-09f0-45e7-bbb4-aa7c03d53315?api-version=2017-12-01
  response:
    body: {string: '{"name":"89122311-09f0-45e7-bbb4-aa7c03d53315","status":"InProgress","startTime":"2018-09-12T08:59:19.3Z"}'}
    headers:
      cache-control: [no-cache]
      content-length: ['106']
      content-type: [application/json; charset=utf-8]
      date: ['Wed, 12 Sep 2018 09:06:43 GMT']
      expires: ['-1']
      pragma: [no-cache]
      server: [Microsoft-HTTPAPI/2.0]
      strict-transport-security: [max-age=31536000; includeSubDomains]
      transfer-encoding: [chunked]
      vary: [Accept-Encoding]
      x-content-type-options: [nosniff]
    status: {code: 200, message: OK}
- request:
    body: null
    headers:
      Accept: [application/json]
      Accept-Encoding: ['gzip, deflate']
      CommandName: [mysql server replica create]
      Connection: [keep-alive]
      User-Agent: [python/3.5.3 (Windows-10-10.0.17134-SP0) requests/2.18.4 msrest/0.5.5
          msrest_azure/0.4.34 mysqlmanagementclient/2017-12-01 Azure-SDK-For-Python
          AZURECLI/2.0.46]
    method: GET
    uri: https://management.azure.com/subscriptions/00000000-0000-0000-0000-000000000000/providers/Microsoft.DBforMySQL/locations/brazilsouth/azureAsyncOperation/89122311-09f0-45e7-bbb4-aa7c03d53315?api-version=2017-12-01
  response:
    body: {string: '{"name":"89122311-09f0-45e7-bbb4-aa7c03d53315","status":"InProgress","startTime":"2018-09-12T08:59:19.3Z"}'}
    headers:
      cache-control: [no-cache]
      content-length: ['106']
      content-type: [application/json; charset=utf-8]
      date: ['Wed, 12 Sep 2018 09:07:15 GMT']
      expires: ['-1']
      pragma: [no-cache]
      server: [Microsoft-HTTPAPI/2.0]
      strict-transport-security: [max-age=31536000; includeSubDomains]
      transfer-encoding: [chunked]
      vary: [Accept-Encoding]
      x-content-type-options: [nosniff]
    status: {code: 200, message: OK}
- request:
    body: null
    headers:
      Accept: [application/json]
      Accept-Encoding: ['gzip, deflate']
      CommandName: [mysql server replica create]
      Connection: [keep-alive]
      User-Agent: [python/3.5.3 (Windows-10-10.0.17134-SP0) requests/2.18.4 msrest/0.5.5
          msrest_azure/0.4.34 mysqlmanagementclient/2017-12-01 Azure-SDK-For-Python
          AZURECLI/2.0.46]
    method: GET
    uri: https://management.azure.com/subscriptions/00000000-0000-0000-0000-000000000000/providers/Microsoft.DBforMySQL/locations/brazilsouth/azureAsyncOperation/89122311-09f0-45e7-bbb4-aa7c03d53315?api-version=2017-12-01
  response:
    body: {string: '{"name":"89122311-09f0-45e7-bbb4-aa7c03d53315","status":"InProgress","startTime":"2018-09-12T08:59:19.3Z"}'}
    headers:
      cache-control: [no-cache]
      content-length: ['106']
      content-type: [application/json; charset=utf-8]
      date: ['Wed, 12 Sep 2018 09:07:47 GMT']
      expires: ['-1']
      pragma: [no-cache]
      server: [Microsoft-HTTPAPI/2.0]
      strict-transport-security: [max-age=31536000; includeSubDomains]
      transfer-encoding: [chunked]
      vary: [Accept-Encoding]
      x-content-type-options: [nosniff]
    status: {code: 200, message: OK}
- request:
    body: null
    headers:
      Accept: [application/json]
      Accept-Encoding: ['gzip, deflate']
      CommandName: [mysql server replica create]
      Connection: [keep-alive]
      User-Agent: [python/3.5.3 (Windows-10-10.0.17134-SP0) requests/2.18.4 msrest/0.5.5
          msrest_azure/0.4.34 mysqlmanagementclient/2017-12-01 Azure-SDK-For-Python
          AZURECLI/2.0.46]
    method: GET
    uri: https://management.azure.com/subscriptions/00000000-0000-0000-0000-000000000000/providers/Microsoft.DBforMySQL/locations/brazilsouth/azureAsyncOperation/89122311-09f0-45e7-bbb4-aa7c03d53315?api-version=2017-12-01
  response:
    body: {string: '{"name":"89122311-09f0-45e7-bbb4-aa7c03d53315","status":"InProgress","startTime":"2018-09-12T08:59:19.3Z"}'}
    headers:
      cache-control: [no-cache]
      content-length: ['106']
      content-type: [application/json; charset=utf-8]
      date: ['Wed, 12 Sep 2018 09:08:18 GMT']
      expires: ['-1']
      pragma: [no-cache]
      server: [Microsoft-HTTPAPI/2.0]
      strict-transport-security: [max-age=31536000; includeSubDomains]
      transfer-encoding: [chunked]
      vary: [Accept-Encoding]
      x-content-type-options: [nosniff]
    status: {code: 200, message: OK}
- request:
    body: null
    headers:
      Accept: [application/json]
      Accept-Encoding: ['gzip, deflate']
      CommandName: [mysql server replica create]
      Connection: [keep-alive]
      User-Agent: [python/3.5.3 (Windows-10-10.0.17134-SP0) requests/2.18.4 msrest/0.5.5
          msrest_azure/0.4.34 mysqlmanagementclient/2017-12-01 Azure-SDK-For-Python
          AZURECLI/2.0.46]
    method: GET
    uri: https://management.azure.com/subscriptions/00000000-0000-0000-0000-000000000000/providers/Microsoft.DBforMySQL/locations/brazilsouth/azureAsyncOperation/89122311-09f0-45e7-bbb4-aa7c03d53315?api-version=2017-12-01
  response:
    body: {string: '{"name":"89122311-09f0-45e7-bbb4-aa7c03d53315","status":"InProgress","startTime":"2018-09-12T08:59:19.3Z"}'}
    headers:
      cache-control: [no-cache]
      content-length: ['106']
      content-type: [application/json; charset=utf-8]
      date: ['Wed, 12 Sep 2018 09:08:50 GMT']
      expires: ['-1']
      pragma: [no-cache]
      server: [Microsoft-HTTPAPI/2.0]
      strict-transport-security: [max-age=31536000; includeSubDomains]
      transfer-encoding: [chunked]
      vary: [Accept-Encoding]
      x-content-type-options: [nosniff]
    status: {code: 200, message: OK}
- request:
    body: null
    headers:
      Accept: [application/json]
      Accept-Encoding: ['gzip, deflate']
      CommandName: [mysql server replica create]
      Connection: [keep-alive]
      User-Agent: [python/3.5.3 (Windows-10-10.0.17134-SP0) requests/2.18.4 msrest/0.5.5
          msrest_azure/0.4.34 mysqlmanagementclient/2017-12-01 Azure-SDK-For-Python
          AZURECLI/2.0.46]
    method: GET
    uri: https://management.azure.com/subscriptions/00000000-0000-0000-0000-000000000000/providers/Microsoft.DBforMySQL/locations/brazilsouth/azureAsyncOperation/89122311-09f0-45e7-bbb4-aa7c03d53315?api-version=2017-12-01
  response:
    body: {string: '{"name":"89122311-09f0-45e7-bbb4-aa7c03d53315","status":"InProgress","startTime":"2018-09-12T08:59:19.3Z"}'}
    headers:
      cache-control: [no-cache]
      content-length: ['106']
      content-type: [application/json; charset=utf-8]
      date: ['Wed, 12 Sep 2018 09:09:22 GMT']
      expires: ['-1']
      pragma: [no-cache]
      server: [Microsoft-HTTPAPI/2.0]
      strict-transport-security: [max-age=31536000; includeSubDomains]
      transfer-encoding: [chunked]
      vary: [Accept-Encoding]
      x-content-type-options: [nosniff]
    status: {code: 200, message: OK}
- request:
    body: null
    headers:
      Accept: [application/json]
      Accept-Encoding: ['gzip, deflate']
      CommandName: [mysql server replica create]
      Connection: [keep-alive]
      User-Agent: [python/3.5.3 (Windows-10-10.0.17134-SP0) requests/2.18.4 msrest/0.5.5
          msrest_azure/0.4.34 mysqlmanagementclient/2017-12-01 Azure-SDK-For-Python
          AZURECLI/2.0.46]
    method: GET
    uri: https://management.azure.com/subscriptions/00000000-0000-0000-0000-000000000000/providers/Microsoft.DBforMySQL/locations/brazilsouth/azureAsyncOperation/89122311-09f0-45e7-bbb4-aa7c03d53315?api-version=2017-12-01
  response:
    body: {string: '{"name":"89122311-09f0-45e7-bbb4-aa7c03d53315","status":"InProgress","startTime":"2018-09-12T08:59:19.3Z"}'}
    headers:
      cache-control: [no-cache]
      content-length: ['106']
      content-type: [application/json; charset=utf-8]
      date: ['Wed, 12 Sep 2018 09:09:54 GMT']
      expires: ['-1']
      pragma: [no-cache]
      server: [Microsoft-HTTPAPI/2.0]
      strict-transport-security: [max-age=31536000; includeSubDomains]
      transfer-encoding: [chunked]
      vary: [Accept-Encoding]
      x-content-type-options: [nosniff]
    status: {code: 200, message: OK}
- request:
    body: null
    headers:
      Accept: [application/json]
      Accept-Encoding: ['gzip, deflate']
      CommandName: [mysql server replica create]
      Connection: [keep-alive]
      User-Agent: [python/3.5.3 (Windows-10-10.0.17134-SP0) requests/2.18.4 msrest/0.5.5
          msrest_azure/0.4.34 mysqlmanagementclient/2017-12-01 Azure-SDK-For-Python
          AZURECLI/2.0.46]
    method: GET
    uri: https://management.azure.com/subscriptions/00000000-0000-0000-0000-000000000000/providers/Microsoft.DBforMySQL/locations/brazilsouth/azureAsyncOperation/89122311-09f0-45e7-bbb4-aa7c03d53315?api-version=2017-12-01
  response:
    body: {string: '{"name":"89122311-09f0-45e7-bbb4-aa7c03d53315","status":"InProgress","startTime":"2018-09-12T08:59:19.3Z"}'}
    headers:
      cache-control: [no-cache]
      content-length: ['106']
      content-type: [application/json; charset=utf-8]
      date: ['Wed, 12 Sep 2018 09:10:25 GMT']
      expires: ['-1']
      pragma: [no-cache]
      server: [Microsoft-HTTPAPI/2.0]
      strict-transport-security: [max-age=31536000; includeSubDomains]
      transfer-encoding: [chunked]
      vary: [Accept-Encoding]
      x-content-type-options: [nosniff]
    status: {code: 200, message: OK}
- request:
    body: null
    headers:
      Accept: [application/json]
      Accept-Encoding: ['gzip, deflate']
      CommandName: [mysql server replica create]
      Connection: [keep-alive]
      User-Agent: [python/3.5.3 (Windows-10-10.0.17134-SP0) requests/2.18.4 msrest/0.5.5
          msrest_azure/0.4.34 mysqlmanagementclient/2017-12-01 Azure-SDK-For-Python
          AZURECLI/2.0.46]
    method: GET
    uri: https://management.azure.com/subscriptions/00000000-0000-0000-0000-000000000000/providers/Microsoft.DBforMySQL/locations/brazilsouth/azureAsyncOperation/89122311-09f0-45e7-bbb4-aa7c03d53315?api-version=2017-12-01
  response:
    body: {string: '{"name":"89122311-09f0-45e7-bbb4-aa7c03d53315","status":"InProgress","startTime":"2018-09-12T08:59:19.3Z"}'}
    headers:
      cache-control: [no-cache]
      content-length: ['106']
      content-type: [application/json; charset=utf-8]
      date: ['Wed, 12 Sep 2018 09:10:57 GMT']
      expires: ['-1']
      pragma: [no-cache]
      server: [Microsoft-HTTPAPI/2.0]
      strict-transport-security: [max-age=31536000; includeSubDomains]
      transfer-encoding: [chunked]
      vary: [Accept-Encoding]
      x-content-type-options: [nosniff]
    status: {code: 200, message: OK}
- request:
    body: null
    headers:
      Accept: [application/json]
      Accept-Encoding: ['gzip, deflate']
      CommandName: [mysql server replica create]
      Connection: [keep-alive]
      User-Agent: [python/3.5.3 (Windows-10-10.0.17134-SP0) requests/2.18.4 msrest/0.5.5
          msrest_azure/0.4.34 mysqlmanagementclient/2017-12-01 Azure-SDK-For-Python
          AZURECLI/2.0.46]
    method: GET
    uri: https://management.azure.com/subscriptions/00000000-0000-0000-0000-000000000000/providers/Microsoft.DBforMySQL/locations/brazilsouth/azureAsyncOperation/89122311-09f0-45e7-bbb4-aa7c03d53315?api-version=2017-12-01
  response:
    body: {string: '{"name":"89122311-09f0-45e7-bbb4-aa7c03d53315","status":"InProgress","startTime":"2018-09-12T08:59:19.3Z"}'}
    headers:
      cache-control: [no-cache]
      content-length: ['106']
      content-type: [application/json; charset=utf-8]
      date: ['Wed, 12 Sep 2018 09:11:29 GMT']
      expires: ['-1']
      pragma: [no-cache]
      server: [Microsoft-HTTPAPI/2.0]
      strict-transport-security: [max-age=31536000; includeSubDomains]
      transfer-encoding: [chunked]
      vary: [Accept-Encoding]
      x-content-type-options: [nosniff]
    status: {code: 200, message: OK}
- request:
    body: null
    headers:
      Accept: [application/json]
      Accept-Encoding: ['gzip, deflate']
      CommandName: [mysql server replica create]
      Connection: [keep-alive]
      User-Agent: [python/3.5.3 (Windows-10-10.0.17134-SP0) requests/2.18.4 msrest/0.5.5
          msrest_azure/0.4.34 mysqlmanagementclient/2017-12-01 Azure-SDK-For-Python
          AZURECLI/2.0.46]
    method: GET
    uri: https://management.azure.com/subscriptions/00000000-0000-0000-0000-000000000000/providers/Microsoft.DBforMySQL/locations/brazilsouth/azureAsyncOperation/89122311-09f0-45e7-bbb4-aa7c03d53315?api-version=2017-12-01
  response:
    body: {string: '{"name":"89122311-09f0-45e7-bbb4-aa7c03d53315","status":"InProgress","startTime":"2018-09-12T08:59:19.3Z"}'}
    headers:
      cache-control: [no-cache]
      content-length: ['106']
      content-type: [application/json; charset=utf-8]
      date: ['Wed, 12 Sep 2018 09:12:00 GMT']
      expires: ['-1']
      pragma: [no-cache]
      server: [Microsoft-HTTPAPI/2.0]
      strict-transport-security: [max-age=31536000; includeSubDomains]
      transfer-encoding: [chunked]
      vary: [Accept-Encoding]
      x-content-type-options: [nosniff]
    status: {code: 200, message: OK}
- request:
    body: null
    headers:
      Accept: [application/json]
      Accept-Encoding: ['gzip, deflate']
      CommandName: [mysql server replica create]
      Connection: [keep-alive]
      User-Agent: [python/3.5.3 (Windows-10-10.0.17134-SP0) requests/2.18.4 msrest/0.5.5
          msrest_azure/0.4.34 mysqlmanagementclient/2017-12-01 Azure-SDK-For-Python
          AZURECLI/2.0.46]
    method: GET
    uri: https://management.azure.com/subscriptions/00000000-0000-0000-0000-000000000000/providers/Microsoft.DBforMySQL/locations/brazilsouth/azureAsyncOperation/89122311-09f0-45e7-bbb4-aa7c03d53315?api-version=2017-12-01
  response:
    body: {string: '{"name":"89122311-09f0-45e7-bbb4-aa7c03d53315","status":"InProgress","startTime":"2018-09-12T08:59:19.3Z"}'}
    headers:
      cache-control: [no-cache]
      content-length: ['106']
      content-type: [application/json; charset=utf-8]
      date: ['Wed, 12 Sep 2018 09:12:33 GMT']
      expires: ['-1']
      pragma: [no-cache]
      server: [Microsoft-HTTPAPI/2.0]
      strict-transport-security: [max-age=31536000; includeSubDomains]
      transfer-encoding: [chunked]
      vary: [Accept-Encoding]
      x-content-type-options: [nosniff]
    status: {code: 200, message: OK}
- request:
    body: null
    headers:
      Accept: [application/json]
      Accept-Encoding: ['gzip, deflate']
      CommandName: [mysql server replica create]
      Connection: [keep-alive]
      User-Agent: [python/3.5.3 (Windows-10-10.0.17134-SP0) requests/2.18.4 msrest/0.5.5
          msrest_azure/0.4.34 mysqlmanagementclient/2017-12-01 Azure-SDK-For-Python
          AZURECLI/2.0.46]
    method: GET
    uri: https://management.azure.com/subscriptions/00000000-0000-0000-0000-000000000000/providers/Microsoft.DBforMySQL/locations/brazilsouth/azureAsyncOperation/89122311-09f0-45e7-bbb4-aa7c03d53315?api-version=2017-12-01
  response:
    body: {string: '{"name":"89122311-09f0-45e7-bbb4-aa7c03d53315","status":"InProgress","startTime":"2018-09-12T08:59:19.3Z"}'}
    headers:
      cache-control: [no-cache]
      content-length: ['106']
      content-type: [application/json; charset=utf-8]
      date: ['Wed, 12 Sep 2018 09:13:03 GMT']
      expires: ['-1']
      pragma: [no-cache]
      server: [Microsoft-HTTPAPI/2.0]
      strict-transport-security: [max-age=31536000; includeSubDomains]
      transfer-encoding: [chunked]
      vary: [Accept-Encoding]
      x-content-type-options: [nosniff]
    status: {code: 200, message: OK}
- request:
    body: null
    headers:
      Accept: [application/json]
      Accept-Encoding: ['gzip, deflate']
      CommandName: [mysql server replica create]
      Connection: [keep-alive]
      User-Agent: [python/3.5.3 (Windows-10-10.0.17134-SP0) requests/2.18.4 msrest/0.5.5
          msrest_azure/0.4.34 mysqlmanagementclient/2017-12-01 Azure-SDK-For-Python
          AZURECLI/2.0.46]
    method: GET
    uri: https://management.azure.com/subscriptions/00000000-0000-0000-0000-000000000000/providers/Microsoft.DBforMySQL/locations/brazilsouth/azureAsyncOperation/89122311-09f0-45e7-bbb4-aa7c03d53315?api-version=2017-12-01
  response:
    body: {string: '{"name":"89122311-09f0-45e7-bbb4-aa7c03d53315","status":"InProgress","startTime":"2018-09-12T08:59:19.3Z"}'}
    headers:
      cache-control: [no-cache]
      content-length: ['106']
      content-type: [application/json; charset=utf-8]
      date: ['Wed, 12 Sep 2018 09:13:34 GMT']
      expires: ['-1']
      pragma: [no-cache]
      server: [Microsoft-HTTPAPI/2.0]
      strict-transport-security: [max-age=31536000; includeSubDomains]
      transfer-encoding: [chunked]
      vary: [Accept-Encoding]
      x-content-type-options: [nosniff]
    status: {code: 200, message: OK}
- request:
    body: null
    headers:
      Accept: [application/json]
      Accept-Encoding: ['gzip, deflate']
      CommandName: [mysql server replica create]
      Connection: [keep-alive]
      User-Agent: [python/3.5.3 (Windows-10-10.0.17134-SP0) requests/2.18.4 msrest/0.5.5
          msrest_azure/0.4.34 mysqlmanagementclient/2017-12-01 Azure-SDK-For-Python
          AZURECLI/2.0.46]
    method: GET
    uri: https://management.azure.com/subscriptions/00000000-0000-0000-0000-000000000000/providers/Microsoft.DBforMySQL/locations/brazilsouth/azureAsyncOperation/89122311-09f0-45e7-bbb4-aa7c03d53315?api-version=2017-12-01
  response:
    body: {string: '{"name":"89122311-09f0-45e7-bbb4-aa7c03d53315","status":"InProgress","startTime":"2018-09-12T08:59:19.3Z"}'}
    headers:
      cache-control: [no-cache]
      content-length: ['106']
      content-type: [application/json; charset=utf-8]
      date: ['Wed, 12 Sep 2018 09:14:10 GMT']
      expires: ['-1']
      pragma: [no-cache]
      server: [Microsoft-HTTPAPI/2.0]
      strict-transport-security: [max-age=31536000; includeSubDomains]
      transfer-encoding: [chunked]
      vary: [Accept-Encoding]
      x-content-type-options: [nosniff]
    status: {code: 200, message: OK}
- request:
    body: null
    headers:
      Accept: [application/json]
      Accept-Encoding: ['gzip, deflate']
      CommandName: [mysql server replica create]
      Connection: [keep-alive]
      User-Agent: [python/3.5.3 (Windows-10-10.0.17134-SP0) requests/2.18.4 msrest/0.5.5
          msrest_azure/0.4.34 mysqlmanagementclient/2017-12-01 Azure-SDK-For-Python
          AZURECLI/2.0.46]
    method: GET
    uri: https://management.azure.com/subscriptions/00000000-0000-0000-0000-000000000000/providers/Microsoft.DBforMySQL/locations/brazilsouth/azureAsyncOperation/89122311-09f0-45e7-bbb4-aa7c03d53315?api-version=2017-12-01
  response:
    body: {string: '{"name":"89122311-09f0-45e7-bbb4-aa7c03d53315","status":"InProgress","startTime":"2018-09-12T08:59:19.3Z"}'}
    headers:
      cache-control: [no-cache]
      content-length: ['106']
      content-type: [application/json; charset=utf-8]
      date: ['Wed, 12 Sep 2018 09:14:42 GMT']
      expires: ['-1']
      pragma: [no-cache]
      server: [Microsoft-HTTPAPI/2.0]
      strict-transport-security: [max-age=31536000; includeSubDomains]
      transfer-encoding: [chunked]
      vary: [Accept-Encoding]
      x-content-type-options: [nosniff]
    status: {code: 200, message: OK}
- request:
    body: null
    headers:
      Accept: [application/json]
      Accept-Encoding: ['gzip, deflate']
      CommandName: [mysql server replica create]
      Connection: [keep-alive]
      User-Agent: [python/3.5.3 (Windows-10-10.0.17134-SP0) requests/2.18.4 msrest/0.5.5
          msrest_azure/0.4.34 mysqlmanagementclient/2017-12-01 Azure-SDK-For-Python
          AZURECLI/2.0.46]
    method: GET
    uri: https://management.azure.com/subscriptions/00000000-0000-0000-0000-000000000000/providers/Microsoft.DBforMySQL/locations/brazilsouth/azureAsyncOperation/89122311-09f0-45e7-bbb4-aa7c03d53315?api-version=2017-12-01
  response:
    body: {string: '{"name":"89122311-09f0-45e7-bbb4-aa7c03d53315","status":"InProgress","startTime":"2018-09-12T08:59:19.3Z"}'}
    headers:
      cache-control: [no-cache]
      content-length: ['106']
      content-type: [application/json; charset=utf-8]
      date: ['Wed, 12 Sep 2018 09:15:12 GMT']
      expires: ['-1']
      pragma: [no-cache]
      server: [Microsoft-HTTPAPI/2.0]
      strict-transport-security: [max-age=31536000; includeSubDomains]
      transfer-encoding: [chunked]
      vary: [Accept-Encoding]
      x-content-type-options: [nosniff]
    status: {code: 200, message: OK}
- request:
    body: null
    headers:
      Accept: [application/json]
      Accept-Encoding: ['gzip, deflate']
      CommandName: [mysql server replica create]
      Connection: [keep-alive]
      User-Agent: [python/3.5.3 (Windows-10-10.0.17134-SP0) requests/2.18.4 msrest/0.5.5
          msrest_azure/0.4.34 mysqlmanagementclient/2017-12-01 Azure-SDK-For-Python
          AZURECLI/2.0.46]
    method: GET
    uri: https://management.azure.com/subscriptions/00000000-0000-0000-0000-000000000000/providers/Microsoft.DBforMySQL/locations/brazilsouth/azureAsyncOperation/89122311-09f0-45e7-bbb4-aa7c03d53315?api-version=2017-12-01
  response:
    body: {string: '{"name":"89122311-09f0-45e7-bbb4-aa7c03d53315","status":"InProgress","startTime":"2018-09-12T08:59:19.3Z"}'}
    headers:
      cache-control: [no-cache]
      content-length: ['106']
      content-type: [application/json; charset=utf-8]
      date: ['Wed, 12 Sep 2018 09:15:44 GMT']
      expires: ['-1']
      pragma: [no-cache]
      server: [Microsoft-HTTPAPI/2.0]
      strict-transport-security: [max-age=31536000; includeSubDomains]
      transfer-encoding: [chunked]
      vary: [Accept-Encoding]
      x-content-type-options: [nosniff]
    status: {code: 200, message: OK}
- request:
    body: null
    headers:
      Accept: [application/json]
      Accept-Encoding: ['gzip, deflate']
      CommandName: [mysql server replica create]
      Connection: [keep-alive]
      User-Agent: [python/3.5.3 (Windows-10-10.0.17134-SP0) requests/2.18.4 msrest/0.5.5
          msrest_azure/0.4.34 mysqlmanagementclient/2017-12-01 Azure-SDK-For-Python
          AZURECLI/2.0.46]
    method: GET
    uri: https://management.azure.com/subscriptions/00000000-0000-0000-0000-000000000000/providers/Microsoft.DBforMySQL/locations/brazilsouth/azureAsyncOperation/89122311-09f0-45e7-bbb4-aa7c03d53315?api-version=2017-12-01
  response:
    body: {string: '{"name":"89122311-09f0-45e7-bbb4-aa7c03d53315","status":"InProgress","startTime":"2018-09-12T08:59:19.3Z"}'}
    headers:
      cache-control: [no-cache]
      content-length: ['106']
      content-type: [application/json; charset=utf-8]
      date: ['Wed, 12 Sep 2018 09:16:15 GMT']
      expires: ['-1']
      pragma: [no-cache]
      server: [Microsoft-HTTPAPI/2.0]
      strict-transport-security: [max-age=31536000; includeSubDomains]
      transfer-encoding: [chunked]
      vary: [Accept-Encoding]
      x-content-type-options: [nosniff]
    status: {code: 200, message: OK}
- request:
    body: null
    headers:
      Accept: [application/json]
      Accept-Encoding: ['gzip, deflate']
      CommandName: [mysql server replica create]
      Connection: [keep-alive]
      User-Agent: [python/3.5.3 (Windows-10-10.0.17134-SP0) requests/2.18.4 msrest/0.5.5
          msrest_azure/0.4.34 mysqlmanagementclient/2017-12-01 Azure-SDK-For-Python
          AZURECLI/2.0.46]
    method: GET
    uri: https://management.azure.com/subscriptions/00000000-0000-0000-0000-000000000000/providers/Microsoft.DBforMySQL/locations/brazilsouth/azureAsyncOperation/89122311-09f0-45e7-bbb4-aa7c03d53315?api-version=2017-12-01
  response:
    body: {string: '{"name":"89122311-09f0-45e7-bbb4-aa7c03d53315","status":"InProgress","startTime":"2018-09-12T08:59:19.3Z"}'}
    headers:
      cache-control: [no-cache]
      content-length: ['106']
      content-type: [application/json; charset=utf-8]
      date: ['Wed, 12 Sep 2018 09:16:47 GMT']
      expires: ['-1']
      pragma: [no-cache]
      server: [Microsoft-HTTPAPI/2.0]
      strict-transport-security: [max-age=31536000; includeSubDomains]
      transfer-encoding: [chunked]
      vary: [Accept-Encoding]
      x-content-type-options: [nosniff]
    status: {code: 200, message: OK}
- request:
    body: null
    headers:
      Accept: [application/json]
      Accept-Encoding: ['gzip, deflate']
      CommandName: [mysql server replica create]
      Connection: [keep-alive]
      User-Agent: [python/3.5.3 (Windows-10-10.0.17134-SP0) requests/2.18.4 msrest/0.5.5
          msrest_azure/0.4.34 mysqlmanagementclient/2017-12-01 Azure-SDK-For-Python
          AZURECLI/2.0.46]
    method: GET
    uri: https://management.azure.com/subscriptions/00000000-0000-0000-0000-000000000000/providers/Microsoft.DBforMySQL/locations/brazilsouth/azureAsyncOperation/89122311-09f0-45e7-bbb4-aa7c03d53315?api-version=2017-12-01
  response:
    body: {string: '{"name":"89122311-09f0-45e7-bbb4-aa7c03d53315","status":"Succeeded","startTime":"2018-09-12T08:59:19.3Z"}'}
    headers:
      cache-control: [no-cache]
      content-length: ['105']
      content-type: [application/json; charset=utf-8]
      date: ['Wed, 12 Sep 2018 09:17:19 GMT']
      expires: ['-1']
      pragma: [no-cache]
      server: [Microsoft-HTTPAPI/2.0]
      strict-transport-security: [max-age=31536000; includeSubDomains]
      transfer-encoding: [chunked]
      vary: [Accept-Encoding]
      x-content-type-options: [nosniff]
    status: {code: 200, message: OK}
- request:
    body: null
    headers:
      Accept: [application/json]
      Accept-Encoding: ['gzip, deflate']
      CommandName: [mysql server replica create]
      Connection: [keep-alive]
      User-Agent: [python/3.5.3 (Windows-10-10.0.17134-SP0) requests/2.18.4 msrest/0.5.5
          msrest_azure/0.4.34 mysqlmanagementclient/2017-12-01 Azure-SDK-For-Python
          AZURECLI/2.0.46]
    method: GET
    uri: https://management.azure.com/subscriptions/00000000-0000-0000-0000-000000000000/resourceGroups/clitest.rg000001/providers/Microsoft.DBforMySQL/servers/azuredbclirep2000004?api-version=2017-12-01
  response:
    body: {string: '{"sku":{"name":"GP_Gen4_2","tier":"GeneralPurpose","family":"Gen4","capacity":2},"properties":{"administratorLogin":"cloudsa","storageProfile":{"storageMB":5120,"backupRetentionDays":7,"geoRedundantBackup":"Disabled"},"version":"5.7","sslEnforcement":"Enabled","userVisibleState":"Ready","fullyQualifiedDomainName":"azuredbclirep2000004.mysql.database.azure.com","earliestRestoreDate":"2018-09-12T09:09:20.443+00:00","replicationRole":"Replica","masterServerId":"/subscriptions/00000000-0000-0000-0000-000000000000/resourceGroups/clitest.rg000001/providers/Microsoft.DBforMySQL/servers/azuredbclitest000002","replicaCapacity":0},"location":"brazilsouth","id":"/subscriptions/00000000-0000-0000-0000-000000000000/resourceGroups/clitest.rg000001/providers/Microsoft.DBforMySQL/servers/azuredbclirep2000004","name":"azuredbclirep2000004","type":"Microsoft.DBforMySQL/servers"}'}
    headers:
      cache-control: [no-cache]
      content-length: ['1132']
      content-type: [application/json; charset=utf-8]
      date: ['Wed, 12 Sep 2018 09:17:20 GMT']
      expires: ['-1']
      pragma: [no-cache]
      server: [Microsoft-HTTPAPI/2.0]
      strict-transport-security: [max-age=31536000; includeSubDomains]
      transfer-encoding: [chunked]
      vary: [Accept-Encoding]
      x-content-type-options: [nosniff]
    status: {code: 200, message: OK}
- request:
    body: null
    headers:
      Accept: [application/json]
      Accept-Encoding: ['gzip, deflate']
      CommandName: [mysql server delete]
      Connection: [keep-alive]
      Content-Length: ['0']
      Content-Type: [application/json; charset=utf-8]
      User-Agent: [python/3.5.3 (Windows-10-10.0.17134-SP0) requests/2.18.4 msrest/0.5.5
          msrest_azure/0.4.34 mysqlmanagementclient/2017-12-01 Azure-SDK-For-Python
          AZURECLI/2.0.46]
      accept-language: [en-US]
    method: DELETE
    uri: https://management.azure.com/subscriptions/00000000-0000-0000-0000-000000000000/resourceGroups/clitest.rg000001/providers/Microsoft.DBforMySQL/servers/azuredbclitest000002?api-version=2017-12-01
  response:
    body: {string: '{"operation":"DropElasticServer","startTime":"2018-09-12T09:17:22.23Z"}'}
    headers:
      azure-asyncoperation: ['https://management.azure.com/subscriptions/00000000-0000-0000-0000-000000000000/providers/Microsoft.DBforMySQL/locations/brazilsouth/azureAsyncOperation/833721f0-ba9d-4550-bed6-0ad402c942ba?api-version=2017-12-01']
      cache-control: [no-cache]
      content-length: ['71']
      content-type: [application/json; charset=utf-8]
      date: ['Wed, 12 Sep 2018 09:17:22 GMT']
      expires: ['-1']
      location: ['https://management.azure.com/subscriptions/00000000-0000-0000-0000-000000000000/providers/Microsoft.DBforMySQL/locations/brazilsouth/operationResults/833721f0-ba9d-4550-bed6-0ad402c942ba?api-version=2017-12-01']
      pragma: [no-cache]
      server: [Microsoft-HTTPAPI/2.0]
      strict-transport-security: [max-age=31536000; includeSubDomains]
      x-content-type-options: [nosniff]
      x-ms-ratelimit-remaining-subscription-deletes: ['14999']
    status: {code: 202, message: Accepted}
- request:
    body: null
    headers:
      Accept: [application/json]
      Accept-Encoding: ['gzip, deflate']
      CommandName: [mysql server delete]
      Connection: [keep-alive]
      User-Agent: [python/3.5.3 (Windows-10-10.0.17134-SP0) requests/2.18.4 msrest/0.5.5
          msrest_azure/0.4.34 mysqlmanagementclient/2017-12-01 Azure-SDK-For-Python
          AZURECLI/2.0.46]
    method: GET
    uri: https://management.azure.com/subscriptions/00000000-0000-0000-0000-000000000000/providers/Microsoft.DBforMySQL/locations/brazilsouth/azureAsyncOperation/833721f0-ba9d-4550-bed6-0ad402c942ba?api-version=2017-12-01
  response:
    body: {string: '{"name":"833721f0-ba9d-4550-bed6-0ad402c942ba","status":"Succeeded","startTime":"2018-09-12T09:17:22.23Z"}'}
    headers:
      cache-control: [no-cache]
      content-length: ['106']
      content-type: [application/json; charset=utf-8]
      date: ['Wed, 12 Sep 2018 09:17:37 GMT']
      expires: ['-1']
      pragma: [no-cache]
      server: [Microsoft-HTTPAPI/2.0]
      strict-transport-security: [max-age=31536000; includeSubDomains]
      transfer-encoding: [chunked]
      vary: [Accept-Encoding]
      x-content-type-options: [nosniff]
    status: {code: 200, message: OK}
- request:
    body: null
    headers:
      Accept: [application/json]
      Accept-Encoding: ['gzip, deflate']
      CommandName: [mysql server show]
      Connection: [keep-alive]
      Content-Type: [application/json; charset=utf-8]
      User-Agent: [python/3.5.3 (Windows-10-10.0.17134-SP0) requests/2.18.4 msrest/0.5.5
          msrest_azure/0.4.34 mysqlmanagementclient/2017-12-01 Azure-SDK-For-Python
          AZURECLI/2.0.46]
      accept-language: [en-US]
    method: GET
    uri: https://management.azure.com/subscriptions/00000000-0000-0000-0000-000000000000/resourceGroups/clitest.rg000001/providers/Microsoft.DBforMySQL/servers/azuredbclirep2000004?api-version=2017-12-01
  response:
    body: {string: '{"sku":{"name":"GP_Gen4_2","tier":"GeneralPurpose","family":"Gen4","capacity":2},"properties":{"administratorLogin":"cloudsa","storageProfile":{"storageMB":5120,"backupRetentionDays":7,"geoRedundantBackup":"Disabled"},"version":"5.7","sslEnforcement":"Enabled","userVisibleState":"Ready","fullyQualifiedDomainName":"azuredbclirep2000004.mysql.database.azure.com","earliestRestoreDate":"2018-09-12T09:09:20.443+00:00","replicationRole":"None","masterServerId":"","replicaCapacity":5},"location":"brazilsouth","id":"/subscriptions/00000000-0000-0000-0000-000000000000/resourceGroups/clitest.rg000001/providers/Microsoft.DBforMySQL/servers/azuredbclirep2000004","name":"azuredbclirep2000004","type":"Microsoft.DBforMySQL/servers"}'}
    headers:
      cache-control: [no-cache]
      content-length: ['915']
      content-type: [application/json; charset=utf-8]
      date: ['Wed, 12 Sep 2018 09:22:41 GMT']
      expires: ['-1']
      pragma: [no-cache]
      server: [Microsoft-HTTPAPI/2.0]
      strict-transport-security: [max-age=31536000; includeSubDomains]
      transfer-encoding: [chunked]
      vary: [Accept-Encoding]
      x-content-type-options: [nosniff]
    status: {code: 200, message: OK}
- request:
    body: null
    headers:
      Accept: [application/json]
      Accept-Encoding: ['gzip, deflate']
      CommandName: [mysql server delete]
      Connection: [keep-alive]
      Content-Length: ['0']
      Content-Type: [application/json; charset=utf-8]
      User-Agent: [python/3.5.3 (Windows-10-10.0.17134-SP0) requests/2.18.4 msrest/0.5.5
          msrest_azure/0.4.34 mysqlmanagementclient/2017-12-01 Azure-SDK-For-Python
          AZURECLI/2.0.46]
      accept-language: [en-US]
    method: DELETE
    uri: https://management.azure.com/subscriptions/00000000-0000-0000-0000-000000000000/resourceGroups/clitest.rg000001/providers/Microsoft.DBforMySQL/servers/azuredbclirep1000003?api-version=2017-12-01
  response:
    body: {string: '{"operation":"DropElasticServer","startTime":"2018-09-12T09:22:45.563Z"}'}
    headers:
      azure-asyncoperation: ['https://management.azure.com/subscriptions/00000000-0000-0000-0000-000000000000/providers/Microsoft.DBforMySQL/locations/brazilsouth/azureAsyncOperation/0d86bd5f-ff7c-4f03-9d25-0abf1e117fea?api-version=2017-12-01']
      cache-control: [no-cache]
      content-length: ['72']
      content-type: [application/json; charset=utf-8]
      date: ['Wed, 12 Sep 2018 09:22:45 GMT']
      expires: ['-1']
      location: ['https://management.azure.com/subscriptions/00000000-0000-0000-0000-000000000000/providers/Microsoft.DBforMySQL/locations/brazilsouth/operationResults/0d86bd5f-ff7c-4f03-9d25-0abf1e117fea?api-version=2017-12-01']
      pragma: [no-cache]
      server: [Microsoft-HTTPAPI/2.0]
      strict-transport-security: [max-age=31536000; includeSubDomains]
      x-content-type-options: [nosniff]
      x-ms-ratelimit-remaining-subscription-deletes: ['14999']
    status: {code: 202, message: Accepted}
- request:
    body: null
    headers:
      Accept: [application/json]
      Accept-Encoding: ['gzip, deflate']
      CommandName: [mysql server delete]
      Connection: [keep-alive]
      User-Agent: [python/3.5.3 (Windows-10-10.0.17134-SP0) requests/2.18.4 msrest/0.5.5
          msrest_azure/0.4.34 mysqlmanagementclient/2017-12-01 Azure-SDK-For-Python
          AZURECLI/2.0.46]
    method: GET
    uri: https://management.azure.com/subscriptions/00000000-0000-0000-0000-000000000000/providers/Microsoft.DBforMySQL/locations/brazilsouth/azureAsyncOperation/0d86bd5f-ff7c-4f03-9d25-0abf1e117fea?api-version=2017-12-01
  response:
    body: {string: '{"name":"0d86bd5f-ff7c-4f03-9d25-0abf1e117fea","status":"Succeeded","startTime":"2018-09-12T09:22:45.563Z"}'}
    headers:
      cache-control: [no-cache]
      content-length: ['107']
      content-type: [application/json; charset=utf-8]
      date: ['Wed, 12 Sep 2018 09:23:01 GMT']
      expires: ['-1']
      pragma: [no-cache]
      server: [Microsoft-HTTPAPI/2.0]
      strict-transport-security: [max-age=31536000; includeSubDomains]
      transfer-encoding: [chunked]
      vary: [Accept-Encoding]
      x-content-type-options: [nosniff]
    status: {code: 200, message: OK}
- request:
    body: null
    headers:
      Accept: [application/json]
      Accept-Encoding: ['gzip, deflate']
      CommandName: [mysql server delete]
      Connection: [keep-alive]
      Content-Length: ['0']
      Content-Type: [application/json; charset=utf-8]
      User-Agent: [python/3.5.3 (Windows-10-10.0.17134-SP0) requests/2.18.4 msrest/0.5.5
          msrest_azure/0.4.34 mysqlmanagementclient/2017-12-01 Azure-SDK-For-Python
          AZURECLI/2.0.46]
      accept-language: [en-US]
    method: DELETE
    uri: https://management.azure.com/subscriptions/00000000-0000-0000-0000-000000000000/resourceGroups/clitest.rg000001/providers/Microsoft.DBforMySQL/servers/azuredbclirep2000004?api-version=2017-12-01
  response:
    body: {string: '{"operation":"DropElasticServer","startTime":"2018-09-12T09:23:04.84Z"}'}
    headers:
      azure-asyncoperation: ['https://management.azure.com/subscriptions/00000000-0000-0000-0000-000000000000/providers/Microsoft.DBforMySQL/locations/brazilsouth/azureAsyncOperation/392e9257-e2c8-4df7-b86e-1e46e49b9fd0?api-version=2017-12-01']
      cache-control: [no-cache]
      content-length: ['71']
      content-type: [application/json; charset=utf-8]
      date: ['Wed, 12 Sep 2018 09:23:04 GMT']
      expires: ['-1']
      location: ['https://management.azure.com/subscriptions/00000000-0000-0000-0000-000000000000/providers/Microsoft.DBforMySQL/locations/brazilsouth/operationResults/392e9257-e2c8-4df7-b86e-1e46e49b9fd0?api-version=2017-12-01']
      pragma: [no-cache]
      server: [Microsoft-HTTPAPI/2.0]
      strict-transport-security: [max-age=31536000; includeSubDomains]
      x-content-type-options: [nosniff]
      x-ms-ratelimit-remaining-subscription-deletes: ['14999']
    status: {code: 202, message: Accepted}
- request:
    body: null
    headers:
      Accept: [application/json]
      Accept-Encoding: ['gzip, deflate']
      CommandName: [mysql server delete]
      Connection: [keep-alive]
      User-Agent: [python/3.5.3 (Windows-10-10.0.17134-SP0) requests/2.18.4 msrest/0.5.5
          msrest_azure/0.4.34 mysqlmanagementclient/2017-12-01 Azure-SDK-For-Python
          AZURECLI/2.0.46]
    method: GET
    uri: https://management.azure.com/subscriptions/00000000-0000-0000-0000-000000000000/providers/Microsoft.DBforMySQL/locations/brazilsouth/azureAsyncOperation/392e9257-e2c8-4df7-b86e-1e46e49b9fd0?api-version=2017-12-01
  response:
    body: {string: '{"name":"392e9257-e2c8-4df7-b86e-1e46e49b9fd0","status":"Succeeded","startTime":"2018-09-12T09:23:04.84Z"}'}
    headers:
      cache-control: [no-cache]
      content-length: ['106']
      content-type: [application/json; charset=utf-8]
      date: ['Wed, 12 Sep 2018 09:23:20 GMT']
      expires: ['-1']
      pragma: [no-cache]
      server: [Microsoft-HTTPAPI/2.0]
      strict-transport-security: [max-age=31536000; includeSubDomains]
      transfer-encoding: [chunked]
      vary: [Accept-Encoding]
      x-content-type-options: [nosniff]
    status: {code: 200, message: OK}
- request:
    body: null
    headers:
      Accept: [application/json]
      Accept-Encoding: ['gzip, deflate']
      CommandName: [group delete]
      Connection: [keep-alive]
      Content-Length: ['0']
      Content-Type: [application/json; charset=utf-8]
      User-Agent: [python/3.5.3 (Windows-10-10.0.17134-SP0) requests/2.18.4 msrest/0.5.5
          msrest_azure/0.4.34 resourcemanagementclient/2.0.0 Azure-SDK-For-Python
          AZURECLI/2.0.46]
      accept-language: [en-US]
    method: DELETE
    uri: https://management.azure.com/subscriptions/00000000-0000-0000-0000-000000000000/resourcegroups/clitest.rg000001?api-version=2018-05-01
  response:
    body: {string: ''}
    headers:
      cache-control: [no-cache]
      content-length: ['0']
      date: ['Wed, 12 Sep 2018 09:23:24 GMT']
      expires: ['-1']
      location: ['https://management.azure.com/subscriptions/00000000-0000-0000-0000-000000000000/operationresults/eyJqb2JJZCI6IlJFU09VUkNFR1JPVVBERUxFVElPTkpPQi1DTElURVNUOjJFUkdVSkFNQzc3NzJJTk9SVkE1UTZCQldaQ1RKNzZFV0JHV0VaWHxBMDM1NEFDNjgwRUE0NjU3LVdFU1RVUyIsImpvYkxvY2F0aW9uIjoid2VzdHVzIn0?api-version=2018-05-01']
      pragma: [no-cache]
      strict-transport-security: [max-age=31536000; includeSubDomains]
      x-content-type-options: [nosniff]
      x-ms-ratelimit-remaining-subscription-deletes: ['14999']
    status: {code: 202, message: Accepted}
version: 1
