interactions:
- request:
    body: !!python/unicode '{"location": "westus", "tags": {"date": "2019-05-10T09:13:47Z",
      "product": "azurecli", "cause": "automation"}}'
    headers:
      Accept: [application/json]
      Accept-Encoding: ['gzip, deflate']
      CommandName: [group create]
      Connection: [keep-alive]
      Content-Length: ['110']
      Content-Type: [application/json; charset=utf-8]
      ParameterSetName: [--location --name --tag]
      User-Agent: [python/2.7.10 (Darwin-16.7.0-x86_64-i386-64bit) msrest/0.6.3 msrest_azure/0.4.34
          resourcemanagementclient/2.1.0 Azure-SDK-For-Python AZURECLI/2.0.64]
      accept-language: [en-US]
    method: PUT
    uri: https://management.azure.com/subscriptions/00000000-0000-0000-0000-000000000000/resourcegroups/cli_tests_rg_000001?api-version=2018-05-01
  response:
    body: {string: !!python/unicode '{"id":"/subscriptions/00000000-0000-0000-0000-000000000000/resourceGroups/cli_tests_rg_000001","name":"cli_tests_rg_000001","location":"westus","tags":{"date":"2019-05-10T09:13:47Z","product":"azurecli","cause":"automation"},"properties":{"provisioningState":"Succeeded"}}'}
    headers:
      cache-control: [no-cache]
      content-length: ['384']
      content-type: [application/json; charset=utf-8]
      date: ['Fri, 10 May 2019 09:13:56 GMT']
      expires: ['-1']
      pragma: [no-cache]
      strict-transport-security: [max-age=31536000; includeSubDomains]
      x-content-type-options: [nosniff]
      x-ms-ratelimit-remaining-subscription-writes: ['1199']
    status: {code: 201, message: Created}
- request:
    body: !!python/unicode '{"location": "westus2", "tags": {"Tag1": "Value1", "Tag2":
      "Value2"}}'
    headers:
      Accept: [application/json]
      Accept-Encoding: ['gzip, deflate']
      CommandName: [netappfiles account create]
      Connection: [keep-alive]
      Content-Length: ['69']
      Content-Type: [application/json; charset=utf-8]
      ParameterSetName: [--resource-group --account-name -l --tags]
      User-Agent: [python/2.7.10 (Darwin-16.7.0-x86_64-i386-64bit) msrest/0.6.3 msrest_azure/0.4.34
          azure-mgmt-netapp/0.4.0 Azure-SDK-For-Python AZURECLI/2.0.64]
      accept-language: [en-US]
    method: PUT
    uri: https://management.azure.com/subscriptions/00000000-0000-0000-0000-000000000000/resourceGroups/cli_tests_rg_000001/providers/Microsoft.NetApp/netAppAccounts/cli000002?api-version=2019-05-01
  response:
    body: {string: !!python/unicode '{"id":"/subscriptions/00000000-0000-0000-0000-000000000000/resourceGroups/cli_tests_rg_000001/providers/Microsoft.NetApp/netAppAccounts/cli000002","name":"cli000002","type":"Microsoft.NetApp/netAppAccounts","etag":"W/\"datetime''2019-05-10T09%3A14%3A00.763234Z''\"","location":"westus2","tags":{"Tag1":"Value1","Tag2":"Value2"},"properties":{"provisioningState":"Succeeded","name":"cli000002"}}'}
    headers:
      access-control-expose-headers: [Request-Context]
      azure-asyncoperation: ['https://management.azure.com/subscriptions/00000000-0000-0000-0000-000000000000/providers/Microsoft.NetApp/locations/westus2/operationResults/337ed27e-302f-4183-b1a4-53051e5290a3?api-version=2019-05-01']
      cache-control: [no-cache]
      content-length: ['493']
      content-type: [application/json; charset=utf-8]
      date: ['Fri, 10 May 2019 09:14:00 GMT']
      etag: [W/"datetime'2019-05-10T09%3A14%3A00.763234Z'"]
      expires: ['-1']
      pragma: [no-cache]
      request-context: ['appId=cid-v1:2c4cb680-0a1f-424d-bb8d-8e650ba68d53']
      server: [Microsoft-IIS/10.0]
      strict-transport-security: [max-age=31536000; includeSubDomains]
      x-content-type-options: [nosniff]
      x-ms-ratelimit-remaining-subscription-writes: ['1199']
      x-powered-by: [ASP.NET]
    status: {code: 201, message: Created}
- request:
    body: null
    headers:
      Accept: [application/json]
      Accept-Encoding: ['gzip, deflate']
      CommandName: [netappfiles account create]
      Connection: [keep-alive]
      ParameterSetName: [--resource-group --account-name -l --tags]
      User-Agent: [python/2.7.10 (Darwin-16.7.0-x86_64-i386-64bit) msrest/0.6.3 msrest_azure/0.4.34
          azure-mgmt-netapp/0.4.0 Azure-SDK-For-Python AZURECLI/2.0.64]
    method: GET
    uri: https://management.azure.com/subscriptions/00000000-0000-0000-0000-000000000000/providers/Microsoft.NetApp/locations/westus2/operationResults/337ed27e-302f-4183-b1a4-53051e5290a3?api-version=2019-05-01
  response:
    body: {string: !!python/unicode '{"id":"/subscriptions/00000000-0000-0000-0000-000000000000/providers/Microsoft.NetApp/locations/westus2/operationResults/337ed27e-302f-4183-b1a4-53051e5290a3","name":"337ed27e-302f-4183-b1a4-53051e5290a3","status":"Succeeded","startTime":"2019-05-10T09:14:00.6722923Z","endTime":"2019-05-10T09:14:00.7816565Z","percentComplete":100.0,"properties":{"resourceName":"/subscriptions/00000000-0000-0000-0000-000000000000/resourceGroups/cli_tests_rg_000001/providers/Microsoft.NetApp/netAppAccounts/cli000002"}}'}
    headers:
      access-control-expose-headers: [Request-Context]
      cache-control: [no-cache]
      content-length: ['576']
      content-type: [application/json; charset=utf-8]
      date: ['Fri, 10 May 2019 09:14:32 GMT']
      expires: ['-1']
      pragma: [no-cache]
      request-context: ['appId=cid-v1:2c4cb680-0a1f-424d-bb8d-8e650ba68d53']
      server: [Microsoft-IIS/10.0]
      strict-transport-security: [max-age=31536000; includeSubDomains]
      transfer-encoding: [chunked]
      vary: [Accept-Encoding]
      x-content-type-options: [nosniff]
      x-powered-by: [ASP.NET]
    status: {code: 200, message: OK}
- request:
    body: null
    headers:
      Accept: [application/json]
      Accept-Encoding: ['gzip, deflate']
      CommandName: [netappfiles account create]
      Connection: [keep-alive]
      ParameterSetName: [--resource-group --account-name -l --tags]
      User-Agent: [python/2.7.10 (Darwin-16.7.0-x86_64-i386-64bit) msrest/0.6.3 msrest_azure/0.4.34
          azure-mgmt-netapp/0.4.0 Azure-SDK-For-Python AZURECLI/2.0.64]
    method: GET
    uri: https://management.azure.com/subscriptions/00000000-0000-0000-0000-000000000000/resourceGroups/cli_tests_rg_000001/providers/Microsoft.NetApp/netAppAccounts/cli000002?api-version=2019-05-01
  response:
    body: {string: !!python/unicode '{"id":"/subscriptions/00000000-0000-0000-0000-000000000000/resourceGroups/cli_tests_rg_000001/providers/Microsoft.NetApp/netAppAccounts/cli000002","name":"cli000002","type":"Microsoft.NetApp/netAppAccounts","etag":"W/\"datetime''2019-05-10T09%3A14%3A00.8342841Z''\"","location":"westus2","tags":{"Tag1":"Value1","Tag2":"Value2"},"properties":{"provisioningState":"Succeeded","name":"cli000002"}}'}
    headers:
      access-control-expose-headers: [Request-Context]
      cache-control: [no-cache]
      content-length: ['494']
      content-type: [application/json; charset=utf-8]
      date: ['Fri, 10 May 2019 09:14:32 GMT']
      etag: [W/"datetime'2019-05-10T09%3A14%3A00.8342841Z'"]
      expires: ['-1']
      pragma: [no-cache]
      request-context: ['appId=cid-v1:2c4cb680-0a1f-424d-bb8d-8e650ba68d53']
      server: [Microsoft-IIS/10.0]
      strict-transport-security: [max-age=31536000; includeSubDomains]
      transfer-encoding: [chunked]
      vary: [Accept-Encoding]
      x-content-type-options: [nosniff]
      x-powered-by: [ASP.NET]
    status: {code: 200, message: OK}
- request:
    body: null
    headers:
      Accept: [application/json]
      Accept-Encoding: ['gzip, deflate']
      CommandName: [netappfiles account list]
      Connection: [keep-alive]
      ParameterSetName: [--resource-group]
      User-Agent: [python/2.7.10 (Darwin-16.7.0-x86_64-i386-64bit) msrest/0.6.3 msrest_azure/0.4.34
          azure-mgmt-netapp/0.4.0 Azure-SDK-For-Python AZURECLI/2.0.64]
      accept-language: [en-US]
    method: GET
    uri: https://management.azure.com/subscriptions/00000000-0000-0000-0000-000000000000/resourceGroups/cli_tests_rg_000001/providers/Microsoft.NetApp/netAppAccounts?api-version=2019-05-01
  response:
    body: {string: !!python/unicode '{"value":[{"id":"/subscriptions/00000000-0000-0000-0000-000000000000/resourceGroups/cli_tests_rg_000001/providers/Microsoft.NetApp/netAppAccounts/cli000002","name":"cli000002","type":"Microsoft.NetApp/netAppAccounts","etag":"W/\"datetime''2019-05-10T09%3A14%3A00.8342841Z''\"","location":"westus2","tags":{"Tag1":"Value1","Tag2":"Value2"},"properties":{"provisioningState":"Succeeded","name":"cli000002"}}]}'}
    headers:
      access-control-expose-headers: [Request-Context]
      cache-control: [no-cache]
      content-length: ['506']
      content-type: [application/json; charset=utf-8]
      date: ['Fri, 10 May 2019 09:14:34 GMT']
      expires: ['-1']
      pragma: [no-cache]
      request-context: ['appId=cid-v1:2c4cb680-0a1f-424d-bb8d-8e650ba68d53']
      server: [Microsoft-IIS/10.0]
      strict-transport-security: [max-age=31536000; includeSubDomains]
      transfer-encoding: [chunked]
      vary: [Accept-Encoding]
      x-content-type-options: [nosniff]
      x-powered-by: [ASP.NET]
    status: {code: 200, message: OK}
- request:
    body: null
    headers:
      Accept: [application/json]
      Accept-Encoding: ['gzip, deflate']
      CommandName: [netappfiles account delete]
      Connection: [keep-alive]
      Content-Length: ['0']
      ParameterSetName: [--resource-group --account-name]
      User-Agent: [python/2.7.10 (Darwin-16.7.0-x86_64-i386-64bit) msrest/0.6.3 msrest_azure/0.4.34
          azure-mgmt-netapp/0.4.0 Azure-SDK-For-Python AZURECLI/2.0.64]
      accept-language: [en-US]
    method: DELETE
    uri: https://management.azure.com/subscriptions/00000000-0000-0000-0000-000000000000/resourceGroups/cli_tests_rg_000001/providers/Microsoft.NetApp/netAppAccounts/cli000002?api-version=2019-05-01
  response:
    body: {string: !!python/unicode ''}
    headers:
      access-control-expose-headers: [Request-Context]
      azure-asyncoperation: ['https://management.azure.com/subscriptions/00000000-0000-0000-0000-000000000000/providers/Microsoft.NetApp/locations/westus2/operationResults/fd2f78cb-426e-44f6-b5de-f62e8bc442b9?api-version=2019-05-01']
      cache-control: [no-cache]
      content-length: ['0']
      date: ['Fri, 10 May 2019 09:14:36 GMT']
      expires: ['-1']
      location: ['https://management.azure.com/subscriptions/00000000-0000-0000-0000-000000000000/providers/Microsoft.NetApp/locations/westus2/operationResults/fd2f78cb-426e-44f6-b5de-f62e8bc442b9?api-version=2019-05-01&operationResultResponseType=Location']
      pragma: [no-cache]
      request-context: ['appId=cid-v1:2c4cb680-0a1f-424d-bb8d-8e650ba68d53']
      server: [Microsoft-IIS/10.0]
      strict-transport-security: [max-age=31536000; includeSubDomains]
      x-content-type-options: [nosniff]
      x-ms-ratelimit-remaining-subscription-deletes: ['14999']
      x-powered-by: [ASP.NET]
    status: {code: 202, message: Accepted}
- request:
    body: null
    headers:
      Accept: [application/json]
      Accept-Encoding: ['gzip, deflate']
      CommandName: [netappfiles account delete]
      Connection: [keep-alive]
      ParameterSetName: [--resource-group --account-name]
      User-Agent: [python/2.7.10 (Darwin-16.7.0-x86_64-i386-64bit) msrest/0.6.3 msrest_azure/0.4.34
          azure-mgmt-netapp/0.4.0 Azure-SDK-For-Python AZURECLI/2.0.64]
    method: GET
    uri: https://management.azure.com/subscriptions/00000000-0000-0000-0000-000000000000/providers/Microsoft.NetApp/locations/westus2/operationResults/fd2f78cb-426e-44f6-b5de-f62e8bc442b9?api-version=2019-05-01
  response:
    body: {string: !!python/unicode '{"id":"/subscriptions/00000000-0000-0000-0000-000000000000/providers/Microsoft.NetApp/locations/westus2/operationResults/fd2f78cb-426e-44f6-b5de-f62e8bc442b9","name":"fd2f78cb-426e-44f6-b5de-f62e8bc442b9","status":"Succeeded","startTime":"2019-05-10T09:14:36.8880463Z","endTime":"2019-05-10T09:14:36.9661725Z","percentComplete":100.0,"properties":{"resourceName":"/subscriptions/00000000-0000-0000-0000-000000000000/resourceGroups/cli_tests_rg_000001/providers/Microsoft.NetApp/netAppAccounts/cli000002"}}'}
    headers:
      access-control-expose-headers: [Request-Context]
      cache-control: [no-cache]
      content-length: ['576']
      content-type: [application/json; charset=utf-8]
      date: ['Fri, 10 May 2019 09:15:08 GMT']
      expires: ['-1']
      pragma: [no-cache]
      request-context: ['appId=cid-v1:2c4cb680-0a1f-424d-bb8d-8e650ba68d53']
      server: [Microsoft-IIS/10.0]
      strict-transport-security: [max-age=31536000; includeSubDomains]
      transfer-encoding: [chunked]
      vary: [Accept-Encoding]
      x-content-type-options: [nosniff]
      x-powered-by: [ASP.NET]
    status: {code: 200, message: OK}
- request:
    body: null
    headers:
      Accept: [application/json]
      Accept-Encoding: ['gzip, deflate']
      CommandName: [netappfiles account list]
      Connection: [keep-alive]
      ParameterSetName: [--resource-group]
      User-Agent: [python/2.7.10 (Darwin-16.7.0-x86_64-i386-64bit) msrest/0.6.3 msrest_azure/0.4.34
          azure-mgmt-netapp/0.4.0 Azure-SDK-For-Python AZURECLI/2.0.64]
      accept-language: [en-US]
    method: GET
    uri: https://management.azure.com/subscriptions/00000000-0000-0000-0000-000000000000/resourceGroups/cli_tests_rg_000001/providers/Microsoft.NetApp/netAppAccounts?api-version=2019-05-01
  response:
    body: {string: !!python/unicode '{"value":[]}'}
    headers:
      cache-control: [no-cache]
      content-length: ['12']
      content-type: [application/json; charset=utf-8]
      date: ['Fri, 10 May 2019 09:15:11 GMT']
      expires: ['-1']
      pragma: [no-cache]
      strict-transport-security: [max-age=31536000; includeSubDomains]
      vary: [Accept-Encoding]
      x-content-type-options: [nosniff]
    status: {code: 200, message: OK}
- request:
    body: !!python/unicode '{"location": "westus2", "tags": {"Tag1": "Value1", "Tag2":
      "Value2"}}'
    headers:
      Accept: [application/json]
      Accept-Encoding: ['gzip, deflate']
      CommandName: [netappfiles account create]
      Connection: [keep-alive]
      Content-Length: ['69']
      Content-Type: [application/json; charset=utf-8]
      ParameterSetName: [-g -a -l --tags]
      User-Agent: [python/2.7.10 (Darwin-16.7.0-x86_64-i386-64bit) msrest/0.6.3 msrest_azure/0.4.34
          azure-mgmt-netapp/0.4.0 Azure-SDK-For-Python AZURECLI/2.0.64]
      accept-language: [en-US]
    method: PUT
    uri: https://management.azure.com/subscriptions/00000000-0000-0000-0000-000000000000/resourceGroups/cli_tests_rg_000001/providers/Microsoft.NetApp/netAppAccounts/cli000002?api-version=2019-05-01
  response:
    body: {string: !!python/unicode '{"id":"/subscriptions/00000000-0000-0000-0000-000000000000/resourceGroups/cli_tests_rg_000001/providers/Microsoft.NetApp/netAppAccounts/cli000002","name":"cli000002","type":"Microsoft.NetApp/netAppAccounts","etag":"W/\"datetime''2019-05-10T09%3A15%3A16.4202724Z''\"","location":"westus2","tags":{"Tag1":"Value1","Tag2":"Value2"},"properties":{"provisioningState":"Succeeded","name":"cli000002"}}'}
    headers:
      access-control-expose-headers: [Request-Context]
      azure-asyncoperation: ['https://management.azure.com/subscriptions/00000000-0000-0000-0000-000000000000/providers/Microsoft.NetApp/locations/westus2/operationResults/02c9749f-ee0e-4267-994e-ae85991307e5?api-version=2019-05-01']
      cache-control: [no-cache]
      content-length: ['494']
      content-type: [application/json; charset=utf-8]
      date: ['Fri, 10 May 2019 09:15:16 GMT']
      etag: [W/"datetime'2019-05-10T09%3A15%3A16.4202724Z'"]
      expires: ['-1']
      pragma: [no-cache]
      request-context: ['appId=cid-v1:2c4cb680-0a1f-424d-bb8d-8e650ba68d53']
      server: [Microsoft-IIS/10.0]
      strict-transport-security: [max-age=31536000; includeSubDomains]
      x-content-type-options: [nosniff]
      x-ms-ratelimit-remaining-subscription-writes: ['1199']
      x-powered-by: [ASP.NET]
    status: {code: 201, message: Created}
- request:
    body: null
    headers:
      Accept: [application/json]
      Accept-Encoding: ['gzip, deflate']
      CommandName: [netappfiles account create]
      Connection: [keep-alive]
      ParameterSetName: [-g -a -l --tags]
      User-Agent: [python/2.7.10 (Darwin-16.7.0-x86_64-i386-64bit) msrest/0.6.3 msrest_azure/0.4.34
          azure-mgmt-netapp/0.4.0 Azure-SDK-For-Python AZURECLI/2.0.64]
    method: GET
    uri: https://management.azure.com/subscriptions/00000000-0000-0000-0000-000000000000/providers/Microsoft.NetApp/locations/westus2/operationResults/02c9749f-ee0e-4267-994e-ae85991307e5?api-version=2019-05-01
  response:
    body: {string: !!python/unicode '{"id":"/subscriptions/00000000-0000-0000-0000-000000000000/providers/Microsoft.NetApp/locations/westus2/operationResults/02c9749f-ee0e-4267-994e-ae85991307e5","name":"02c9749f-ee0e-4267-994e-ae85991307e5","status":"Succeeded","startTime":"2019-05-10T09:15:16.3604574Z","endTime":"2019-05-10T09:15:16.4542042Z","percentComplete":100.0,"properties":{"resourceName":"/subscriptions/00000000-0000-0000-0000-000000000000/resourceGroups/cli_tests_rg_000001/providers/Microsoft.NetApp/netAppAccounts/cli000002"}}'}
    headers:
      access-control-expose-headers: [Request-Context]
      cache-control: [no-cache]
      content-length: ['576']
      content-type: [application/json; charset=utf-8]
      date: ['Fri, 10 May 2019 09:15:50 GMT']
      expires: ['-1']
      pragma: [no-cache]
      request-context: ['appId=cid-v1:2c4cb680-0a1f-424d-bb8d-8e650ba68d53']
      server: [Microsoft-IIS/10.0]
      strict-transport-security: [max-age=31536000; includeSubDomains]
      transfer-encoding: [chunked]
      vary: [Accept-Encoding]
      x-content-type-options: [nosniff]
      x-powered-by: [ASP.NET]
    status: {code: 200, message: OK}
- request:
    body: null
    headers:
      Accept: [application/json]
      Accept-Encoding: ['gzip, deflate']
      CommandName: [netappfiles account create]
      Connection: [keep-alive]
      ParameterSetName: [-g -a -l --tags]
      User-Agent: [python/2.7.10 (Darwin-16.7.0-x86_64-i386-64bit) msrest/0.6.3 msrest_azure/0.4.34
          azure-mgmt-netapp/0.4.0 Azure-SDK-For-Python AZURECLI/2.0.64]
    method: GET
    uri: https://management.azure.com/subscriptions/00000000-0000-0000-0000-000000000000/resourceGroups/cli_tests_rg_000001/providers/Microsoft.NetApp/netAppAccounts/cli000002?api-version=2019-05-01
  response:
    body: {string: !!python/unicode '{"id":"/subscriptions/00000000-0000-0000-0000-000000000000/resourceGroups/cli_tests_rg_000001/providers/Microsoft.NetApp/netAppAccounts/cli000002","name":"cli000002","type":"Microsoft.NetApp/netAppAccounts","etag":"W/\"datetime''2019-05-10T09%3A15%3A16.4973262Z''\"","location":"westus2","tags":{"Tag1":"Value1","Tag2":"Value2"},"properties":{"provisioningState":"Succeeded","name":"cli000002"}}'}
    headers:
      access-control-expose-headers: [Request-Context]
      cache-control: [no-cache]
      content-length: ['494']
      content-type: [application/json; charset=utf-8]
      date: ['Fri, 10 May 2019 09:15:51 GMT']
      etag: [W/"datetime'2019-05-10T09%3A15%3A16.4973262Z'"]
      expires: ['-1']
      pragma: [no-cache]
      request-context: ['appId=cid-v1:2c4cb680-0a1f-424d-bb8d-8e650ba68d53']
      server: [Microsoft-IIS/10.0]
      strict-transport-security: [max-age=31536000; includeSubDomains]
      transfer-encoding: [chunked]
      vary: [Accept-Encoding]
      x-content-type-options: [nosniff]
      x-powered-by: [ASP.NET]
    status: {code: 200, message: OK}
- request:
    body: null
    headers:
      Accept: [application/json]
      Accept-Encoding: ['gzip, deflate']
      CommandName: [netappfiles account list]
      Connection: [keep-alive]
      ParameterSetName: [--resource-group]
      User-Agent: [python/2.7.10 (Darwin-16.7.0-x86_64-i386-64bit) msrest/0.6.3 msrest_azure/0.4.34
          azure-mgmt-netapp/0.4.0 Azure-SDK-For-Python AZURECLI/2.0.64]
      accept-language: [en-US]
    method: GET
    uri: https://management.azure.com/subscriptions/00000000-0000-0000-0000-000000000000/resourceGroups/cli_tests_rg_000001/providers/Microsoft.NetApp/netAppAccounts?api-version=2019-05-01
  response:
    body: {string: !!python/unicode '{"value":[{"id":"/subscriptions/00000000-0000-0000-0000-000000000000/resourceGroups/cli_tests_rg_000001/providers/Microsoft.NetApp/netAppAccounts/cli000002","name":"cli000002","type":"Microsoft.NetApp/netAppAccounts","etag":"W/\"datetime''2019-05-10T09%3A15%3A16.4973262Z''\"","location":"westus2","tags":{"Tag1":"Value1","Tag2":"Value2"},"properties":{"provisioningState":"Succeeded","name":"cli000002"}}]}'}
    headers:
      access-control-expose-headers: [Request-Context]
      cache-control: [no-cache]
      content-length: ['506']
      content-type: [application/json; charset=utf-8]
      date: ['Fri, 10 May 2019 09:15:54 GMT']
      expires: ['-1']
      pragma: [no-cache]
      request-context: ['appId=cid-v1:2c4cb680-0a1f-424d-bb8d-8e650ba68d53']
      server: [Microsoft-IIS/10.0]
      strict-transport-security: [max-age=31536000; includeSubDomains]
      transfer-encoding: [chunked]
      vary: [Accept-Encoding]
      x-content-type-options: [nosniff]
      x-powered-by: [ASP.NET]
    status: {code: 200, message: OK}
- request:
    body: null
    headers:
      Accept: [application/json]
      Accept-Encoding: ['gzip, deflate']
      CommandName: [netappfiles account delete]
      Connection: [keep-alive]
      Content-Length: ['0']
      ParameterSetName: [--resource-group -a]
      User-Agent: [python/2.7.10 (Darwin-16.7.0-x86_64-i386-64bit) msrest/0.6.3 msrest_azure/0.4.34
          azure-mgmt-netapp/0.4.0 Azure-SDK-For-Python AZURECLI/2.0.64]
      accept-language: [en-US]
    method: DELETE
    uri: https://management.azure.com/subscriptions/00000000-0000-0000-0000-000000000000/resourceGroups/cli_tests_rg_000001/providers/Microsoft.NetApp/netAppAccounts/cli000002?api-version=2019-05-01
  response:
    body: {string: !!python/unicode ''}
    headers:
      access-control-expose-headers: [Request-Context]
      azure-asyncoperation: ['https://management.azure.com/subscriptions/00000000-0000-0000-0000-000000000000/providers/Microsoft.NetApp/locations/westus2/operationResults/258b2a6b-c113-431e-b734-8363139eb3ff?api-version=2019-05-01']
      cache-control: [no-cache]
      content-length: ['0']
      date: ['Fri, 10 May 2019 09:15:57 GMT']
      expires: ['-1']
      location: ['https://management.azure.com/subscriptions/00000000-0000-0000-0000-000000000000/providers/Microsoft.NetApp/locations/westus2/operationResults/258b2a6b-c113-431e-b734-8363139eb3ff?api-version=2019-05-01&operationResultResponseType=Location']
      pragma: [no-cache]
      request-context: ['appId=cid-v1:2c4cb680-0a1f-424d-bb8d-8e650ba68d53']
      server: [Microsoft-IIS/10.0]
      strict-transport-security: [max-age=31536000; includeSubDomains]
      x-content-type-options: [nosniff]
      x-ms-ratelimit-remaining-subscription-deletes: ['14999']
      x-powered-by: [ASP.NET]
    status: {code: 202, message: Accepted}
- request:
    body: null
    headers:
      Accept: [application/json]
      Accept-Encoding: ['gzip, deflate']
      CommandName: [netappfiles account delete]
      Connection: [keep-alive]
      ParameterSetName: [--resource-group -a]
      User-Agent: [python/2.7.10 (Darwin-16.7.0-x86_64-i386-64bit) msrest/0.6.3 msrest_azure/0.4.34
          azure-mgmt-netapp/0.4.0 Azure-SDK-For-Python AZURECLI/2.0.64]
    method: GET
    uri: https://management.azure.com/subscriptions/00000000-0000-0000-0000-000000000000/providers/Microsoft.NetApp/locations/westus2/operationResults/258b2a6b-c113-431e-b734-8363139eb3ff?api-version=2019-05-01
  response:
    body: {string: !!python/unicode '{"id":"/subscriptions/00000000-0000-0000-0000-000000000000/providers/Microsoft.NetApp/locations/westus2/operationResults/258b2a6b-c113-431e-b734-8363139eb3ff","name":"258b2a6b-c113-431e-b734-8363139eb3ff","status":"Succeeded","startTime":"2019-05-10T09:15:57.2304874Z","endTime":"2019-05-10T09:15:57.3086274Z","percentComplete":100.0,"properties":{"resourceName":"/subscriptions/00000000-0000-0000-0000-000000000000/resourceGroups/cli_tests_rg_000001/providers/Microsoft.NetApp/netAppAccounts/cli000002"}}'}
    headers:
      access-control-expose-headers: [Request-Context]
      cache-control: [no-cache]
      content-length: ['576']
      content-type: [application/json; charset=utf-8]
      date: ['Fri, 10 May 2019 09:16:28 GMT']
      expires: ['-1']
      pragma: [no-cache]
      request-context: ['appId=cid-v1:2c4cb680-0a1f-424d-bb8d-8e650ba68d53']
      server: [Microsoft-IIS/10.0]
      strict-transport-security: [max-age=31536000; includeSubDomains]
      transfer-encoding: [chunked]
      vary: [Accept-Encoding]
      x-content-type-options: [nosniff]
      x-powered-by: [ASP.NET]
    status: {code: 200, message: OK}
- request:
    body: null
    headers:
      Accept: [application/json]
      Accept-Encoding: ['gzip, deflate']
      CommandName: [netappfiles account list]
      Connection: [keep-alive]
      ParameterSetName: [--resource-group]
      User-Agent: [python/2.7.10 (Darwin-16.7.0-x86_64-i386-64bit) msrest/0.6.3 msrest_azure/0.4.34
          azure-mgmt-netapp/0.4.0 Azure-SDK-For-Python AZURECLI/2.0.64]
      accept-language: [en-US]
    method: GET
    uri: https://management.azure.com/subscriptions/00000000-0000-0000-0000-000000000000/resourceGroups/cli_tests_rg_000001/providers/Microsoft.NetApp/netAppAccounts?api-version=2019-05-01
  response:
    body: {string: !!python/unicode '{"value":[]}'}
    headers:
      cache-control: [no-cache]
      content-length: ['12']
      content-type: [application/json; charset=utf-8]
      date: ['Fri, 10 May 2019 09:16:30 GMT']
      expires: ['-1']
      pragma: [no-cache]
      strict-transport-security: [max-age=31536000; includeSubDomains]
      vary: [Accept-Encoding]
      x-content-type-options: [nosniff]
    status: {code: 200, message: OK}
- request:
    body: null
    headers:
      Accept: [application/json]
      Accept-Encoding: ['gzip, deflate']
      CommandName: [group delete]
      Connection: [keep-alive]
      Content-Length: ['0']
      ParameterSetName: [--name --yes --no-wait]
      User-Agent: [python/2.7.10 (Darwin-16.7.0-x86_64-i386-64bit) msrest/0.6.3 msrest_azure/0.4.34
          resourcemanagementclient/2.1.0 Azure-SDK-For-Python AZURECLI/2.0.64]
      accept-language: [en-US]
    method: DELETE
    uri: https://management.azure.com/subscriptions/00000000-0000-0000-0000-000000000000/resourcegroups/cli_tests_rg_000001?api-version=2018-05-01
  response:
    body: {string: !!python/unicode ''}
    headers:
      cache-control: [no-cache]
      content-length: ['0']
      date: ['Fri, 10 May 2019 09:16:34 GMT']
      expires: ['-1']
      location: ['https://management.azure.com/subscriptions/00000000-0000-0000-0000-000000000000/operationresults/eyJqb2JJZCI6IlJFU09VUkNFR1JPVVBERUxFVElPTkpPQi1DTEk6NUZURVNUUzo1RlJHOjVGSjRVMzRHRUVNM002TFlWWUVPTFFSSVVFWUhHVnxBRDlDN0YxQkYwRkU0OEJCLVdFU1RVUyIsImpvYkxvY2F0aW9uIjoid2VzdHVzIn0?api-version=2018-05-01']
      pragma: [no-cache]
      strict-transport-security: [max-age=31536000; includeSubDomains]
      x-content-type-options: [nosniff]
      x-ms-ratelimit-remaining-subscription-deletes: ['14999']
    status: {code: 202, message: Accepted}
version: 1
