interactions:
- request:
    body: !!python/unicode '{"location": "westus", "tags": {"date": "2019-05-10T10:35:24Z",
      "product": "azurecli", "cause": "automation"}}'
    headers:
      Accept: [application/json]
      Accept-Encoding: ['gzip, deflate']
      CommandName: [group create]
      Connection: [keep-alive]
      Content-Length: ['110']
      Content-Type: [application/json; charset=utf-8]
      ParameterSetName: [--location --name --tag]
      User-Agent: [python/2.7.10 (Darwin-16.7.0-x86_64-i386-64bit) msrest/0.6.3 msrest_azure/0.4.34
          resourcemanagementclient/2.1.0 Azure-SDK-For-Python AZURECLI/2.0.64]
      accept-language: [en-US]
    method: PUT
    uri: https://management.azure.com/subscriptions/00000000-0000-0000-0000-000000000000/resourcegroups/cli_tests_rg000001?api-version=2018-05-01
  response:
    body: {string: !!python/unicode '{"id":"/subscriptions/00000000-0000-0000-0000-000000000000/resourceGroups/cli_tests_rg000001","name":"cli_tests_rg000001","location":"westus","tags":{"date":"2019-05-10T10:35:24Z","product":"azurecli","cause":"automation"},"properties":{"provisioningState":"Succeeded"}}'}
    headers:
      cache-control: [no-cache]
      content-length: ['384']
      content-type: [application/json; charset=utf-8]
      date: ['Fri, 10 May 2019 10:35:34 GMT']
      expires: ['-1']
      pragma: [no-cache]
      strict-transport-security: [max-age=31536000; includeSubDomains]
      x-content-type-options: [nosniff]
      x-ms-ratelimit-remaining-subscription-writes: ['1199']
    status: {code: 201, message: Created}
- request:
    body: !!python/unicode '{"location": "westus2"}'
    headers:
      Accept: [application/json]
      Accept-Encoding: ['gzip, deflate']
      CommandName: [netappfiles account create]
      Connection: [keep-alive]
      Content-Length: ['23']
      Content-Type: [application/json; charset=utf-8]
      ParameterSetName: [--resource-group --account-name -l]
      User-Agent: [python/2.7.10 (Darwin-16.7.0-x86_64-i386-64bit) msrest/0.6.3 msrest_azure/0.4.34
          azure-mgmt-netapp/0.4.0 Azure-SDK-For-Python AZURECLI/2.0.64]
      accept-language: [en-US]
    method: PUT
    uri: https://management.azure.com/subscriptions/00000000-0000-0000-0000-000000000000/resourceGroups/cli_tests_rg000001/providers/Microsoft.NetApp/netAppAccounts/cli-acc-000002?api-version=2019-05-01
  response:
    body: {string: !!python/unicode '{"id":"/subscriptions/00000000-0000-0000-0000-000000000000/resourceGroups/cli_tests_rg000001/providers/Microsoft.NetApp/netAppAccounts/cli-acc-000002","name":"cli-acc-000002","type":"Microsoft.NetApp/netAppAccounts","etag":"W/\"datetime''2019-05-10T10%3A35%3A40.1049485Z''\"","location":"westus2","properties":{"provisioningState":"Succeeded","name":"cli-acc-000002"}}'}
    headers:
      access-control-expose-headers: [Request-Context]
      azure-asyncoperation: ['https://management.azure.com/subscriptions/00000000-0000-0000-0000-000000000000/providers/Microsoft.NetApp/locations/westus2/operationResults/797ecee0-46f0-4fcf-8292-396a10aa423f?api-version=2019-05-01']
      cache-control: [no-cache]
      content-length: ['453']
      content-type: [application/json; charset=utf-8]
      date: ['Fri, 10 May 2019 10:35:39 GMT']
      etag: [W/"datetime'2019-05-10T10%3A35%3A40.1049485Z'"]
      expires: ['-1']
      pragma: [no-cache]
      request-context: ['appId=cid-v1:2c4cb680-0a1f-424d-bb8d-8e650ba68d53']
      server: [Microsoft-IIS/10.0]
      strict-transport-security: [max-age=31536000; includeSubDomains]
      x-content-type-options: [nosniff]
      x-ms-ratelimit-remaining-subscription-writes: ['1198']
      x-powered-by: [ASP.NET]
    status: {code: 201, message: Created}
- request:
    body: null
    headers:
      Accept: [application/json]
      Accept-Encoding: ['gzip, deflate']
      CommandName: [netappfiles account create]
      Connection: [keep-alive]
      ParameterSetName: [--resource-group --account-name -l]
      User-Agent: [python/2.7.10 (Darwin-16.7.0-x86_64-i386-64bit) msrest/0.6.3 msrest_azure/0.4.34
          azure-mgmt-netapp/0.4.0 Azure-SDK-For-Python AZURECLI/2.0.64]
    method: GET
    uri: https://management.azure.com/subscriptions/00000000-0000-0000-0000-000000000000/providers/Microsoft.NetApp/locations/westus2/operationResults/797ecee0-46f0-4fcf-8292-396a10aa423f?api-version=2019-05-01
  response:
    body: {string: !!python/unicode '{"id":"/subscriptions/00000000-0000-0000-0000-000000000000/providers/Microsoft.NetApp/locations/westus2/operationResults/797ecee0-46f0-4fcf-8292-396a10aa423f","name":"797ecee0-46f0-4fcf-8292-396a10aa423f","status":"Succeeded","startTime":"2019-05-10T10:35:40.0370379Z","endTime":"2019-05-10T10:35:40.1307914Z","percentComplete":100.0,"properties":{"resourceName":"/subscriptions/00000000-0000-0000-0000-000000000000/resourceGroups/cli_tests_rg000001/providers/Microsoft.NetApp/netAppAccounts/cli-acc-000002"}}'}
    headers:
      access-control-expose-headers: [Request-Context]
      cache-control: [no-cache]
      content-length: ['576']
      content-type: [application/json; charset=utf-8]
      date: ['Fri, 10 May 2019 10:36:14 GMT']
      expires: ['-1']
      pragma: [no-cache]
      request-context: ['appId=cid-v1:2c4cb680-0a1f-424d-bb8d-8e650ba68d53']
      server: [Microsoft-IIS/10.0]
      strict-transport-security: [max-age=31536000; includeSubDomains]
      transfer-encoding: [chunked]
      vary: [Accept-Encoding]
      x-content-type-options: [nosniff]
      x-powered-by: [ASP.NET]
    status: {code: 200, message: OK}
- request:
    body: null
    headers:
      Accept: [application/json]
      Accept-Encoding: ['gzip, deflate']
      CommandName: [netappfiles account create]
      Connection: [keep-alive]
      ParameterSetName: [--resource-group --account-name -l]
      User-Agent: [python/2.7.10 (Darwin-16.7.0-x86_64-i386-64bit) msrest/0.6.3 msrest_azure/0.4.34
          azure-mgmt-netapp/0.4.0 Azure-SDK-For-Python AZURECLI/2.0.64]
    method: GET
    uri: https://management.azure.com/subscriptions/00000000-0000-0000-0000-000000000000/resourceGroups/cli_tests_rg000001/providers/Microsoft.NetApp/netAppAccounts/cli-acc-000002?api-version=2019-05-01
  response:
    body: {string: !!python/unicode '{"id":"/subscriptions/00000000-0000-0000-0000-000000000000/resourceGroups/cli_tests_rg000001/providers/Microsoft.NetApp/netAppAccounts/cli-acc-000002","name":"cli-acc-000002","type":"Microsoft.NetApp/netAppAccounts","etag":"W/\"datetime''2019-05-10T10%3A35%3A40.1860054Z''\"","location":"westus2","properties":{"provisioningState":"Succeeded","name":"cli-acc-000002"}}'}
    headers:
      access-control-expose-headers: [Request-Context]
      cache-control: [no-cache]
      content-length: ['453']
      content-type: [application/json; charset=utf-8]
      date: ['Fri, 10 May 2019 10:36:15 GMT']
      etag: [W/"datetime'2019-05-10T10%3A35%3A40.1860054Z'"]
      expires: ['-1']
      pragma: [no-cache]
      request-context: ['appId=cid-v1:2c4cb680-0a1f-424d-bb8d-8e650ba68d53']
      server: [Microsoft-IIS/10.0]
      strict-transport-security: [max-age=31536000; includeSubDomains]
      transfer-encoding: [chunked]
      vary: [Accept-Encoding]
      x-content-type-options: [nosniff]
      x-powered-by: [ASP.NET]
    status: {code: 200, message: OK}
- request:
    body: null
    headers:
      Accept: [application/json]
      Accept-Encoding: ['gzip, deflate']
      CommandName: [group delete]
      Connection: [keep-alive]
      Content-Length: ['0']
      ParameterSetName: [--name --yes --no-wait]
      User-Agent: [python/2.7.10 (Darwin-16.7.0-x86_64-i386-64bit) msrest/0.6.3 msrest_azure/0.4.34
          resourcemanagementclient/2.1.0 Azure-SDK-For-Python AZURECLI/2.0.64]
      accept-language: [en-US]
    method: DELETE
    uri: https://management.azure.com/subscriptions/00000000-0000-0000-0000-000000000000/resourcegroups/cli_tests_rg000001?api-version=2018-05-01
  response:
    body: {string: !!python/unicode ''}
    headers:
      cache-control: [no-cache]
      content-length: ['0']
      date: ['Fri, 10 May 2019 10:36:21 GMT']
      expires: ['-1']
      location: ['https://management.azure.com/subscriptions/00000000-0000-0000-0000-000000000000/operationresults/eyJqb2JJZCI6IlJFU09VUkNFR1JPVVBERUxFVElPTkpPQi1DTEk6NUZURVNUUzo1RlJHTEdOSDM3V0JDUDZXT1pKV1NYVzdLMzZLNDVXN1pFRXw2OEFGMzYwOURENUEwRTBELVdFU1RVUyIsImpvYkxvY2F0aW9uIjoid2VzdHVzIn0?api-version=2018-05-01']
      pragma: [no-cache]
      strict-transport-security: [max-age=31536000; includeSubDomains]
      x-content-type-options: [nosniff]
      x-ms-ratelimit-remaining-subscription-deletes: ['14999']
    status: {code: 202, message: Accepted}
version: 1
