interactions:
- request:
    body: null
    headers:
      Accept:
      - application/json
      Accept-Encoding:
      - gzip, deflate
      CommandName:
      - hdinsight create
      Connection:
      - keep-alive
      ParameterSetName:
      - -n -g -l -p -t --no-validation-timeout --storage-account --storage-container
        -t --edgenode-size -v
      User-Agent:
      - python/3.7.2 (Windows-10-10.0.17763-SP0) msrest/0.6.7 msrest_azure/0.6.1 resourcemanagementclient/2.1.0
        Azure-SDK-For-Python AZURECLI/2.0.69
      accept-language:
      - en-US
    method: GET
    uri: https://management.azure.com/subscriptions/00000000-0000-0000-0000-000000000000/resources?$filter=resourceType%20eq%20%27Microsoft.Storage%2FstorageAccounts%27%20and%20name%20eq%20%27hdicli000002%27&api-version=2018-05-01
  response:
    body:
      string: '{"value":[{"id":"/subscriptions/00000000-0000-0000-0000-000000000000/resourceGroups/hdicli-000001/providers/Microsoft.Storage/storageAccounts/hdicli000002","name":"hdicli000002","type":"Microsoft.Storage/storageAccounts","sku":{"name":"Standard_LRS","tier":"Standard"},"kind":"Storage","location":"eastus2","tags":{}}]}'
    headers:
      cache-control:
      - no-cache
      content-length:
      - '342'
      content-type:
      - application/json; charset=utf-8
      date:
      - Thu, 25 Jul 2019 02:54:56 GMT
      expires:
      - '-1'
      pragma:
      - no-cache
      strict-transport-security:
      - max-age=31536000; includeSubDomains
      vary:
      - Accept-Encoding
      x-content-type-options:
      - nosniff
    status:
      code: 200
      message: OK
- request:
    body: null
    headers:
      Accept:
      - application/json
      Accept-Encoding:
      - gzip, deflate
      CommandName:
      - hdinsight create
      Connection:
      - keep-alive
      ParameterSetName:
      - -n -g -l -p -t --no-validation-timeout --storage-account --storage-container
        -t --edgenode-size -v
      User-Agent:
      - python/3.7.2 (Windows-10-10.0.17763-SP0) msrest/0.6.7 msrest_azure/0.6.1 azure-mgmt-storage/3.3.0
        Azure-SDK-For-Python AZURECLI/2.0.69
      accept-language:
      - en-US
    method: GET
    uri: https://management.azure.com/subscriptions/00000000-0000-0000-0000-000000000000/resourceGroups/hdicli-000001/providers/Microsoft.Storage/storageAccounts/hdicli000002?api-version=2019-04-01
  response:
    body:
      string: '{"sku":{"name":"Standard_LRS","tier":"Standard"},"kind":"Storage","id":"/subscriptions/00000000-0000-0000-0000-000000000000/resourceGroups/hdicli-000001/providers/Microsoft.Storage/storageAccounts/hdicli000002","name":"hdicli000002","type":"Microsoft.Storage/storageAccounts","location":"eastus2","tags":{},"properties":{"networkAcls":{"bypass":"AzureServices","virtualNetworkRules":[],"ipRules":[],"defaultAction":"Allow"},"supportsHttpsTrafficOnly":true,"encryption":{"services":{"file":{"enabled":true,"lastEnabledTime":"2019-07-25T02:53:33.5553830Z"},"blob":{"enabled":true,"lastEnabledTime":"2019-07-25T02:53:33.5553830Z"}},"keySource":"Microsoft.Storage"},"provisioningState":"Succeeded","creationTime":"2019-07-25T02:53:33.4148813Z","primaryEndpoints":{"blob":"https://hdicli000002.blob.core.windows.net/","queue":"https://hdicli000002.queue.core.windows.net/","table":"https://hdicli000002.table.core.windows.net/","file":"https://hdicli000002.file.core.windows.net/"},"primaryLocation":"eastus2","statusOfPrimary":"available"}}'
    headers:
      cache-control:
      - no-cache
      content-length:
      - '1107'
      content-type:
      - application/json
      date:
      - Thu, 25 Jul 2019 02:54:57 GMT
      expires:
      - '-1'
      pragma:
      - no-cache
      server:
      - Microsoft-Azure-Storage-Resource-Provider/1.0,Microsoft-HTTPAPI/2.0 Microsoft-HTTPAPI/2.0
      strict-transport-security:
      - max-age=31536000; includeSubDomains
      transfer-encoding:
      - chunked
      vary:
      - Accept-Encoding
      x-content-type-options:
      - nosniff
    status:
      code: 200
      message: OK
- request:
    body: null
    headers:
      Accept:
      - application/json
      Accept-Encoding:
      - gzip, deflate
      CommandName:
      - hdinsight create
      Connection:
      - keep-alive
      Content-Length:
      - '0'
      ParameterSetName:
      - -n -g -l -p -t --no-validation-timeout --storage-account --storage-container
        -t --edgenode-size -v
      User-Agent:
      - python/3.7.2 (Windows-10-10.0.17763-SP0) msrest/0.6.7 msrest_azure/0.6.1 azure-mgmt-storage/3.3.0
        Azure-SDK-For-Python AZURECLI/2.0.69
      accept-language:
      - en-US
    method: POST
    uri: https://management.azure.com/subscriptions/00000000-0000-0000-0000-000000000000/resourceGroups/hdicli-000001/providers/Microsoft.Storage/storageAccounts/hdicli000002/listKeys?api-version=2019-04-01
  response:
    body:
      string: '{"keys":[{"keyName":"key1","value":"veryFakedStorageAccountKey==","permissions":"FULL"},{"keyName":"key2","value":"veryFakedStorageAccountKey==","permissions":"FULL"}]}'
    headers:
      cache-control:
      - no-cache
      content-length:
      - '288'
      content-type:
      - application/json
      date:
      - Thu, 25 Jul 2019 02:54:58 GMT
      expires:
      - '-1'
      pragma:
      - no-cache
      server:
      - Microsoft-Azure-Storage-Resource-Provider/1.0,Microsoft-HTTPAPI/2.0 Microsoft-HTTPAPI/2.0
      strict-transport-security:
      - max-age=31536000; includeSubDomains
      transfer-encoding:
      - chunked
      vary:
      - Accept-Encoding
      x-content-type-options:
      - nosniff
      x-ms-ratelimit-remaining-subscription-writes:
      - '1199'
    status:
      code: 200
      message: OK
- request:
    body: 'b''{"location": "eastus2", "properties": {"clusterVersion": "3.6", "osType":
      "Linux", "clusterDefinition": {"kind": "rserver", "configurations": {"gateway":
      {"restAuthCredential.isEnabled": "true", "restAuthCredential.username": "admin",
      "restAuthCredential.password": "Password1!"}}}, "computeProfile": {"roles":
      [{"name": "headnode", "targetInstanceCount": 2, "hardwareProfile": {"vmSize":
      "large"}, "osProfile": {"linuxOperatingSystemProfile": {"username": "sshuser",
      "password": "Password1!"}}}, {"name": "workernode", "targetInstanceCount": 3,
      "hardwareProfile": {"vmSize": "large"}, "osProfile": {"linuxOperatingSystemProfile":
      {"username": "sshuser", "password": "Password1!"}}}, {"name": "edgenode", "targetInstanceCount":
      1, "hardwareProfile": {"vmSize": "large"}, "osProfile": {"linuxOperatingSystemProfile":
      {"username": "sshuser", "password": "Password1!"}}}]}, "storageProfile": {"storageaccounts":
      [{"name": "hdicli000002.blob.core.windows.net", "isDefault": true, "container":
      "default", "key": "veryFakedStorageAccountKey=="}]}}}'''
    headers:
      Accept:
      - application/json
      Accept-Encoding:
      - gzip, deflate
      CommandName:
      - hdinsight create
      Connection:
      - keep-alive
      Content-Length:
      - '1114'
      Content-Type:
      - application/json; charset=utf-8
      ParameterSetName:
      - -n -g -l -p -t --no-validation-timeout --storage-account --storage-container
        -t --edgenode-size -v
      User-Agent:
      - python/3.7.2 (Windows-10-10.0.17763-SP0) msrest/0.6.7 msrest_azure/0.6.1 azure-mgmt-hdinsight/0.2.1
        Azure-SDK-For-Python AZURECLI/2.0.69
      accept-language:
      - en-US
    method: PUT
    uri: https://management.azure.com/subscriptions/00000000-0000-0000-0000-000000000000/resourceGroups/hdicli-000001/providers/Microsoft.HDInsight/clusters/hdicli-000003?api-version=2018-06-01-preview
  response:
    body:
      string: '{"error":{"code":"GatewayTimeout","message":"The gateway did not receive
        a response from ''Microsoft.HDInsight'' within the specified time period."}}'
    headers:
      cache-control:
      - no-cache
      connection:
      - close
      content-length:
      - '147'
      content-type:
      - application/json; charset=utf-8
      date:
      - Thu, 25 Jul 2019 02:55:20 GMT
      expires:
      - '-1'
      pragma:
      - no-cache
      strict-transport-security:
      - max-age=31536000; includeSubDomains
      x-content-type-options:
      - nosniff
      x-ms-failure-cause:
      - service
    status:
      code: 504
      message: Gateway Timeout
- request:
    body: 'b''{"location": "eastus2", "properties": {"clusterVersion": "3.6", "osType":
      "Linux", "clusterDefinition": {"kind": "rserver", "configurations": {"gateway":
      {"restAuthCredential.isEnabled": "true", "restAuthCredential.username": "admin",
      "restAuthCredential.password": "Password1!"}}}, "computeProfile": {"roles":
      [{"name": "headnode", "targetInstanceCount": 2, "hardwareProfile": {"vmSize":
      "large"}, "osProfile": {"linuxOperatingSystemProfile": {"username": "sshuser",
      "password": "Password1!"}}}, {"name": "workernode", "targetInstanceCount": 3,
      "hardwareProfile": {"vmSize": "large"}, "osProfile": {"linuxOperatingSystemProfile":
      {"username": "sshuser", "password": "Password1!"}}}, {"name": "edgenode", "targetInstanceCount":
      1, "hardwareProfile": {"vmSize": "large"}, "osProfile": {"linuxOperatingSystemProfile":
      {"username": "sshuser", "password": "Password1!"}}}]}, "storageProfile": {"storageaccounts":
      [{"name": "hdicli000002.blob.core.windows.net", "isDefault": true, "container":
      "default", "key": "veryFakedStorageAccountKey=="}]}}}'''
    headers:
      Accept:
      - application/json
      Accept-Encoding:
      - gzip, deflate
      CommandName:
      - hdinsight create
      Connection:
      - keep-alive
      Content-Length:
      - '1114'
      Content-Type:
      - application/json; charset=utf-8
      ParameterSetName:
      - -n -g -l -p -t --no-validation-timeout --storage-account --storage-container
        -t --edgenode-size -v
      User-Agent:
      - python/3.7.2 (Windows-10-10.0.17763-SP0) msrest/0.6.7 msrest_azure/0.6.1 azure-mgmt-hdinsight/0.2.1
        Azure-SDK-For-Python AZURECLI/2.0.69
      accept-language:
      - en-US
    method: PUT
    uri: https://management.azure.com/subscriptions/00000000-0000-0000-0000-000000000000/resourceGroups/hdicli-000001/providers/Microsoft.HDInsight/clusters/hdicli-000003?api-version=2018-06-01-preview
  response:
    body:
      string: '{"id":"/subscriptions/00000000-0000-0000-0000-000000000000/resourceGroups/hdicli-000001/providers/Microsoft.HDInsight/clusters/hdicli-000003","name":"hdicli-000003","type":"Microsoft.HDInsight/clusters","location":"East
        US 2","etag":"f8491034-a8b6-40af-98dc-0735109aec8f","tags":null,"properties":{"clusterVersion":"3.6.1000.0","clusterHdpVersion":"","osType":"Linux","clusterDefinition":{"blueprint":"https://blueprints.azurehdinsight.net/rserver-3.6.1000.0.1906270544.json","kind":"rserver","componentVersion":{"spark":"2.1"}},"computeProfile":{"roles":[{"name":"headnode","targetInstanceCount":2,"hardwareProfile":{"vmSize":"large"},"osProfile":{"linuxOperatingSystemProfile":{"username":"sshuser"}},"encryptDataDisks":false},{"name":"workernode","targetInstanceCount":3,"hardwareProfile":{"vmSize":"large"},"osProfile":{"linuxOperatingSystemProfile":{"username":"sshuser"}},"encryptDataDisks":false},{"name":"edgenode","targetInstanceCount":1,"hardwareProfile":{"vmSize":"large"},"osProfile":{"linuxOperatingSystemProfile":{"username":"sshuser"}},"encryptDataDisks":false}]},"provisioningState":"InProgress","clusterState":"Accepted","createdDate":"2019-07-25T02:55:21.717","quotaInfo":{"coresUsed":24},"tier":"standard","storageProfile":{"storageaccounts":[{"name":"hdicli000002.blob.core.windows.net","resourceId":null,"msiResourceId":null,"key":null,"fileSystem":null,"container":"default","saskey":null,"isDefault":true}]}}}'
    headers:
      azure-asyncoperation:
      - https://management.azure.com:443/subscriptions/00000000-0000-0000-0000-000000000000/resourceGroups/hdicli-000001/providers/Microsoft.HDInsight/clusters/hdicli-000003/azureasyncoperations/create?api-version=2018-06-01-preview
      cache-control:
      - no-cache
      content-length:
      - '1449'
      content-type:
      - application/json; charset=utf-8
      date:
      - Thu, 25 Jul 2019 02:55:24 GMT
      etag:
      - '"f8491034-a8b6-40af-98dc-0735109aec8f"'
      expires:
      - '-1'
      pragma:
      - no-cache
      strict-transport-security:
      - max-age=31536000; includeSubDomains
      transfer-encoding:
      - chunked
      vary:
      - Accept-Encoding
      x-content-type-options:
      - nosniff
      x-ms-hdi-clusteruri:
      - https://management.azure.com/subscriptions/04319d6d-4a66-4701-bb2f-e7dbbd9ae4db/resourceGroups/hdicli-4lkgh/providers/Microsoft.HDInsight/clusters/hdicli-k7w7tuzaj?api-version=2018-06-01-preview
      x-ms-hdi-served-by:
      - global
      x-ms-ratelimit-remaining-subscription-writes:
      - '1199'
    status:
      code: 200
      message: OK
- request:
    body: null
    headers:
      Accept:
      - application/json
      Accept-Encoding:
      - gzip, deflate
      CommandName:
      - hdinsight create
      Connection:
      - keep-alive
      ParameterSetName:
      - -n -g -l -p -t --no-validation-timeout --storage-account --storage-container
        -t --edgenode-size -v
      User-Agent:
      - python/3.7.2 (Windows-10-10.0.17763-SP0) msrest/0.6.7 msrest_azure/0.6.1 azure-mgmt-hdinsight/0.2.1
        Azure-SDK-For-Python AZURECLI/2.0.69
    method: GET
    uri: https://management.azure.com/subscriptions/00000000-0000-0000-0000-000000000000/resourceGroups/hdicli-000001/providers/Microsoft.HDInsight/clusters/hdicli-000003/azureasyncoperations/create?api-version=2018-06-01-preview
  response:
    body:
      string: '{"status":"InProgress"}'
    headers:
      cache-control:
      - no-cache
      content-length:
      - '23'
      content-type:
      - application/json; charset=utf-8
      date:
      - Thu, 25 Jul 2019 02:55:57 GMT
      expires:
      - '-1'
      pragma:
      - no-cache
      strict-transport-security:
      - max-age=31536000; includeSubDomains
      transfer-encoding:
      - chunked
      vary:
      - Accept-Encoding
      x-content-type-options:
      - nosniff
      x-ms-hdi-served-by:
      - global
    status:
      code: 200
      message: OK
- request:
    body: null
    headers:
      Accept:
      - application/json
      Accept-Encoding:
      - gzip, deflate
      CommandName:
      - hdinsight create
      Connection:
      - keep-alive
      ParameterSetName:
      - -n -g -l -p -t --no-validation-timeout --storage-account --storage-container
        -t --edgenode-size -v
      User-Agent:
      - python/3.7.2 (Windows-10-10.0.17763-SP0) msrest/0.6.7 msrest_azure/0.6.1 azure-mgmt-hdinsight/0.2.1
        Azure-SDK-For-Python AZURECLI/2.0.69
    method: GET
    uri: https://management.azure.com/subscriptions/00000000-0000-0000-0000-000000000000/resourceGroups/hdicli-000001/providers/Microsoft.HDInsight/clusters/hdicli-000003/azureasyncoperations/create?api-version=2018-06-01-preview
  response:
    body:
      string: '{"status":"InProgress"}'
    headers:
      cache-control:
      - no-cache
      content-length:
      - '23'
      content-type:
      - application/json; charset=utf-8
      date:
      - Thu, 25 Jul 2019 02:56:29 GMT
      expires:
      - '-1'
      pragma:
      - no-cache
      strict-transport-security:
      - max-age=31536000; includeSubDomains
      transfer-encoding:
      - chunked
      vary:
      - Accept-Encoding
      x-content-type-options:
      - nosniff
      x-ms-hdi-served-by:
      - global
    status:
      code: 200
      message: OK
- request:
    body: null
    headers:
      Accept:
      - application/json
      Accept-Encoding:
      - gzip, deflate
      CommandName:
      - hdinsight create
      Connection:
      - keep-alive
      ParameterSetName:
      - -n -g -l -p -t --no-validation-timeout --storage-account --storage-container
        -t --edgenode-size -v
      User-Agent:
      - python/3.7.2 (Windows-10-10.0.17763-SP0) msrest/0.6.7 msrest_azure/0.6.1 azure-mgmt-hdinsight/0.2.1
        Azure-SDK-For-Python AZURECLI/2.0.69
    method: GET
    uri: https://management.azure.com/subscriptions/00000000-0000-0000-0000-000000000000/resourceGroups/hdicli-000001/providers/Microsoft.HDInsight/clusters/hdicli-000003/azureasyncoperations/create?api-version=2018-06-01-preview
  response:
    body:
      string: '{"status":"InProgress"}'
    headers:
      cache-control:
      - no-cache
      content-length:
      - '23'
      content-type:
      - application/json; charset=utf-8
      date:
      - Thu, 25 Jul 2019 02:57:01 GMT
      expires:
      - '-1'
      pragma:
      - no-cache
      strict-transport-security:
      - max-age=31536000; includeSubDomains
      transfer-encoding:
      - chunked
      vary:
      - Accept-Encoding
      x-content-type-options:
      - nosniff
      x-ms-hdi-served-by:
      - global
    status:
      code: 200
      message: OK
- request:
    body: null
    headers:
      Accept:
      - application/json
      Accept-Encoding:
      - gzip, deflate
      CommandName:
      - hdinsight create
      Connection:
      - keep-alive
      ParameterSetName:
      - -n -g -l -p -t --no-validation-timeout --storage-account --storage-container
        -t --edgenode-size -v
      User-Agent:
      - python/3.7.2 (Windows-10-10.0.17763-SP0) msrest/0.6.7 msrest_azure/0.6.1 azure-mgmt-hdinsight/0.2.1
        Azure-SDK-For-Python AZURECLI/2.0.69
    method: GET
    uri: https://management.azure.com/subscriptions/00000000-0000-0000-0000-000000000000/resourceGroups/hdicli-000001/providers/Microsoft.HDInsight/clusters/hdicli-000003/azureasyncoperations/create?api-version=2018-06-01-preview
  response:
    body:
      string: '{"status":"InProgress"}'
    headers:
      cache-control:
      - no-cache
      content-length:
      - '23'
      content-type:
      - application/json; charset=utf-8
      date:
      - Thu, 25 Jul 2019 02:57:34 GMT
      expires:
      - '-1'
      pragma:
      - no-cache
      strict-transport-security:
      - max-age=31536000; includeSubDomains
      transfer-encoding:
      - chunked
      vary:
      - Accept-Encoding
      x-content-type-options:
      - nosniff
      x-ms-hdi-served-by:
      - global
    status:
      code: 200
      message: OK
- request:
    body: null
    headers:
      Accept:
      - application/json
      Accept-Encoding:
      - gzip, deflate
      CommandName:
      - hdinsight create
      Connection:
      - keep-alive
      ParameterSetName:
      - -n -g -l -p -t --no-validation-timeout --storage-account --storage-container
        -t --edgenode-size -v
      User-Agent:
      - python/3.7.2 (Windows-10-10.0.17763-SP0) msrest/0.6.7 msrest_azure/0.6.1 azure-mgmt-hdinsight/0.2.1
        Azure-SDK-For-Python AZURECLI/2.0.69
    method: GET
    uri: https://management.azure.com/subscriptions/00000000-0000-0000-0000-000000000000/resourceGroups/hdicli-000001/providers/Microsoft.HDInsight/clusters/hdicli-000003/azureasyncoperations/create?api-version=2018-06-01-preview
  response:
    body:
      string: '{"status":"InProgress"}'
    headers:
      cache-control:
      - no-cache
      content-length:
      - '23'
      content-type:
      - application/json; charset=utf-8
      date:
      - Thu, 25 Jul 2019 02:58:06 GMT
      expires:
      - '-1'
      pragma:
      - no-cache
      strict-transport-security:
      - max-age=31536000; includeSubDomains
      transfer-encoding:
      - chunked
      vary:
      - Accept-Encoding
      x-content-type-options:
      - nosniff
      x-ms-hdi-served-by:
      - global
    status:
      code: 200
      message: OK
- request:
    body: null
    headers:
      Accept:
      - application/json
      Accept-Encoding:
      - gzip, deflate
      CommandName:
      - hdinsight create
      Connection:
      - keep-alive
      ParameterSetName:
      - -n -g -l -p -t --no-validation-timeout --storage-account --storage-container
        -t --edgenode-size -v
      User-Agent:
      - python/3.7.2 (Windows-10-10.0.17763-SP0) msrest/0.6.7 msrest_azure/0.6.1 azure-mgmt-hdinsight/0.2.1
        Azure-SDK-For-Python AZURECLI/2.0.69
    method: GET
    uri: https://management.azure.com/subscriptions/00000000-0000-0000-0000-000000000000/resourceGroups/hdicli-000001/providers/Microsoft.HDInsight/clusters/hdicli-000003/azureasyncoperations/create?api-version=2018-06-01-preview
  response:
    body:
      string: '{"status":"InProgress"}'
    headers:
      cache-control:
      - no-cache
      content-length:
      - '23'
      content-type:
      - application/json; charset=utf-8
      date:
      - Thu, 25 Jul 2019 02:58:39 GMT
      expires:
      - '-1'
      pragma:
      - no-cache
      strict-transport-security:
      - max-age=31536000; includeSubDomains
      transfer-encoding:
      - chunked
      vary:
      - Accept-Encoding
      x-content-type-options:
      - nosniff
      x-ms-hdi-served-by:
      - global
    status:
      code: 200
      message: OK
- request:
    body: null
    headers:
      Accept:
      - application/json
      Accept-Encoding:
      - gzip, deflate
      CommandName:
      - hdinsight create
      Connection:
      - keep-alive
      ParameterSetName:
      - -n -g -l -p -t --no-validation-timeout --storage-account --storage-container
        -t --edgenode-size -v
      User-Agent:
      - python/3.7.2 (Windows-10-10.0.17763-SP0) msrest/0.6.7 msrest_azure/0.6.1 azure-mgmt-hdinsight/0.2.1
        Azure-SDK-For-Python AZURECLI/2.0.69
    method: GET
    uri: https://management.azure.com/subscriptions/00000000-0000-0000-0000-000000000000/resourceGroups/hdicli-000001/providers/Microsoft.HDInsight/clusters/hdicli-000003/azureasyncoperations/create?api-version=2018-06-01-preview
  response:
    body:
      string: '{"status":"InProgress"}'
    headers:
      cache-control:
      - no-cache
      content-length:
      - '23'
      content-type:
      - application/json; charset=utf-8
      date:
      - Thu, 25 Jul 2019 02:59:12 GMT
      expires:
      - '-1'
      pragma:
      - no-cache
      strict-transport-security:
      - max-age=31536000; includeSubDomains
      transfer-encoding:
      - chunked
      vary:
      - Accept-Encoding
      x-content-type-options:
      - nosniff
      x-ms-hdi-served-by:
      - global
    status:
      code: 200
      message: OK
- request:
    body: null
    headers:
      Accept:
      - application/json
      Accept-Encoding:
      - gzip, deflate
      CommandName:
      - hdinsight create
      Connection:
      - keep-alive
      ParameterSetName:
      - -n -g -l -p -t --no-validation-timeout --storage-account --storage-container
        -t --edgenode-size -v
      User-Agent:
      - python/3.7.2 (Windows-10-10.0.17763-SP0) msrest/0.6.7 msrest_azure/0.6.1 azure-mgmt-hdinsight/0.2.1
        Azure-SDK-For-Python AZURECLI/2.0.69
    method: GET
    uri: https://management.azure.com/subscriptions/00000000-0000-0000-0000-000000000000/resourceGroups/hdicli-000001/providers/Microsoft.HDInsight/clusters/hdicli-000003/azureasyncoperations/create?api-version=2018-06-01-preview
  response:
    body:
      string: '{"status":"InProgress"}'
    headers:
      cache-control:
      - no-cache
      content-length:
      - '23'
      content-type:
      - application/json; charset=utf-8
      date:
      - Thu, 25 Jul 2019 02:59:45 GMT
      expires:
      - '-1'
      pragma:
      - no-cache
      strict-transport-security:
      - max-age=31536000; includeSubDomains
      transfer-encoding:
      - chunked
      vary:
      - Accept-Encoding
      x-content-type-options:
      - nosniff
      x-ms-hdi-served-by:
      - global
    status:
      code: 200
      message: OK
- request:
    body: null
    headers:
      Accept:
      - application/json
      Accept-Encoding:
      - gzip, deflate
      CommandName:
      - hdinsight create
      Connection:
      - keep-alive
      ParameterSetName:
      - -n -g -l -p -t --no-validation-timeout --storage-account --storage-container
        -t --edgenode-size -v
      User-Agent:
      - python/3.7.2 (Windows-10-10.0.17763-SP0) msrest/0.6.7 msrest_azure/0.6.1 azure-mgmt-hdinsight/0.2.1
        Azure-SDK-For-Python AZURECLI/2.0.69
    method: GET
    uri: https://management.azure.com/subscriptions/00000000-0000-0000-0000-000000000000/resourceGroups/hdicli-000001/providers/Microsoft.HDInsight/clusters/hdicli-000003/azureasyncoperations/create?api-version=2018-06-01-preview
  response:
    body:
      string: '{"status":"InProgress"}'
    headers:
      cache-control:
      - no-cache
      content-length:
      - '23'
      content-type:
      - application/json; charset=utf-8
      date:
      - Thu, 25 Jul 2019 03:00:17 GMT
      expires:
      - '-1'
      pragma:
      - no-cache
      strict-transport-security:
      - max-age=31536000; includeSubDomains
      transfer-encoding:
      - chunked
      vary:
      - Accept-Encoding
      x-content-type-options:
      - nosniff
      x-ms-hdi-served-by:
      - global
    status:
      code: 200
      message: OK
- request:
    body: null
    headers:
      Accept:
      - application/json
      Accept-Encoding:
      - gzip, deflate
      CommandName:
      - hdinsight create
      Connection:
      - keep-alive
      ParameterSetName:
      - -n -g -l -p -t --no-validation-timeout --storage-account --storage-container
        -t --edgenode-size -v
      User-Agent:
      - python/3.7.2 (Windows-10-10.0.17763-SP0) msrest/0.6.7 msrest_azure/0.6.1 azure-mgmt-hdinsight/0.2.1
        Azure-SDK-For-Python AZURECLI/2.0.69
    method: GET
    uri: https://management.azure.com/subscriptions/00000000-0000-0000-0000-000000000000/resourceGroups/hdicli-000001/providers/Microsoft.HDInsight/clusters/hdicli-000003/azureasyncoperations/create?api-version=2018-06-01-preview
  response:
    body:
      string: '{"status":"InProgress"}'
    headers:
      cache-control:
      - no-cache
      content-length:
      - '23'
      content-type:
      - application/json; charset=utf-8
      date:
      - Thu, 25 Jul 2019 03:00:51 GMT
      expires:
      - '-1'
      pragma:
      - no-cache
      strict-transport-security:
      - max-age=31536000; includeSubDomains
      transfer-encoding:
      - chunked
      vary:
      - Accept-Encoding
      x-content-type-options:
      - nosniff
      x-ms-hdi-served-by:
      - global
    status:
      code: 200
      message: OK
- request:
    body: null
    headers:
      Accept:
      - application/json
      Accept-Encoding:
      - gzip, deflate
      CommandName:
      - hdinsight create
      Connection:
      - keep-alive
      ParameterSetName:
      - -n -g -l -p -t --no-validation-timeout --storage-account --storage-container
        -t --edgenode-size -v
      User-Agent:
      - python/3.7.2 (Windows-10-10.0.17763-SP0) msrest/0.6.7 msrest_azure/0.6.1 azure-mgmt-hdinsight/0.2.1
        Azure-SDK-For-Python AZURECLI/2.0.69
    method: GET
    uri: https://management.azure.com/subscriptions/00000000-0000-0000-0000-000000000000/resourceGroups/hdicli-000001/providers/Microsoft.HDInsight/clusters/hdicli-000003/azureasyncoperations/create?api-version=2018-06-01-preview
  response:
    body:
      string: '{"status":"InProgress"}'
    headers:
      cache-control:
      - no-cache
      content-length:
      - '23'
      content-type:
      - application/json; charset=utf-8
      date:
      - Thu, 25 Jul 2019 03:01:23 GMT
      expires:
      - '-1'
      pragma:
      - no-cache
      strict-transport-security:
      - max-age=31536000; includeSubDomains
      transfer-encoding:
      - chunked
      vary:
      - Accept-Encoding
      x-content-type-options:
      - nosniff
      x-ms-hdi-served-by:
      - global
    status:
      code: 200
      message: OK
- request:
    body: null
    headers:
      Accept:
      - application/json
      Accept-Encoding:
      - gzip, deflate
      CommandName:
      - hdinsight create
      Connection:
      - keep-alive
      ParameterSetName:
      - -n -g -l -p -t --no-validation-timeout --storage-account --storage-container
        -t --edgenode-size -v
      User-Agent:
      - python/3.7.2 (Windows-10-10.0.17763-SP0) msrest/0.6.7 msrest_azure/0.6.1 azure-mgmt-hdinsight/0.2.1
        Azure-SDK-For-Python AZURECLI/2.0.69
    method: GET
    uri: https://management.azure.com/subscriptions/00000000-0000-0000-0000-000000000000/resourceGroups/hdicli-000001/providers/Microsoft.HDInsight/clusters/hdicli-000003/azureasyncoperations/create?api-version=2018-06-01-preview
  response:
    body:
      string: '{"status":"InProgress"}'
    headers:
      cache-control:
      - no-cache
      content-length:
      - '23'
      content-type:
      - application/json; charset=utf-8
      date:
      - Thu, 25 Jul 2019 03:01:55 GMT
      expires:
      - '-1'
      pragma:
      - no-cache
      strict-transport-security:
      - max-age=31536000; includeSubDomains
      transfer-encoding:
      - chunked
      vary:
      - Accept-Encoding
      x-content-type-options:
      - nosniff
      x-ms-hdi-served-by:
      - global
    status:
      code: 200
      message: OK
- request:
    body: null
    headers:
      Accept:
      - application/json
      Accept-Encoding:
      - gzip, deflate
      CommandName:
      - hdinsight create
      Connection:
      - keep-alive
      ParameterSetName:
      - -n -g -l -p -t --no-validation-timeout --storage-account --storage-container
        -t --edgenode-size -v
      User-Agent:
      - python/3.7.2 (Windows-10-10.0.17763-SP0) msrest/0.6.7 msrest_azure/0.6.1 azure-mgmt-hdinsight/0.2.1
        Azure-SDK-For-Python AZURECLI/2.0.69
    method: GET
    uri: https://management.azure.com/subscriptions/00000000-0000-0000-0000-000000000000/resourceGroups/hdicli-000001/providers/Microsoft.HDInsight/clusters/hdicli-000003/azureasyncoperations/create?api-version=2018-06-01-preview
  response:
    body:
      string: '{"status":"InProgress"}'
    headers:
      cache-control:
      - no-cache
      content-length:
      - '23'
      content-type:
      - application/json; charset=utf-8
      date:
      - Thu, 25 Jul 2019 03:02:26 GMT
      expires:
      - '-1'
      pragma:
      - no-cache
      strict-transport-security:
      - max-age=31536000; includeSubDomains
      transfer-encoding:
      - chunked
      vary:
      - Accept-Encoding
      x-content-type-options:
      - nosniff
      x-ms-hdi-served-by:
      - global
    status:
      code: 200
      message: OK
- request:
    body: null
    headers:
      Accept:
      - application/json
      Accept-Encoding:
      - gzip, deflate
      CommandName:
      - hdinsight create
      Connection:
      - keep-alive
      ParameterSetName:
      - -n -g -l -p -t --no-validation-timeout --storage-account --storage-container
        -t --edgenode-size -v
      User-Agent:
      - python/3.7.2 (Windows-10-10.0.17763-SP0) msrest/0.6.7 msrest_azure/0.6.1 azure-mgmt-hdinsight/0.2.1
        Azure-SDK-For-Python AZURECLI/2.0.69
    method: GET
    uri: https://management.azure.com/subscriptions/00000000-0000-0000-0000-000000000000/resourceGroups/hdicli-000001/providers/Microsoft.HDInsight/clusters/hdicli-000003/azureasyncoperations/create?api-version=2018-06-01-preview
  response:
    body:
      string: '{"status":"InProgress"}'
    headers:
      cache-control:
      - no-cache
      content-length:
      - '23'
      content-type:
      - application/json; charset=utf-8
      date:
      - Thu, 25 Jul 2019 03:02:59 GMT
      expires:
      - '-1'
      pragma:
      - no-cache
      strict-transport-security:
      - max-age=31536000; includeSubDomains
      transfer-encoding:
      - chunked
      vary:
      - Accept-Encoding
      x-content-type-options:
      - nosniff
      x-ms-hdi-served-by:
      - global
    status:
      code: 200
      message: OK
- request:
    body: null
    headers:
      Accept:
      - application/json
      Accept-Encoding:
      - gzip, deflate
      CommandName:
      - hdinsight create
      Connection:
      - keep-alive
      ParameterSetName:
      - -n -g -l -p -t --no-validation-timeout --storage-account --storage-container
        -t --edgenode-size -v
      User-Agent:
      - python/3.7.2 (Windows-10-10.0.17763-SP0) msrest/0.6.7 msrest_azure/0.6.1 azure-mgmt-hdinsight/0.2.1
        Azure-SDK-For-Python AZURECLI/2.0.69
    method: GET
    uri: https://management.azure.com/subscriptions/00000000-0000-0000-0000-000000000000/resourceGroups/hdicli-000001/providers/Microsoft.HDInsight/clusters/hdicli-000003/azureasyncoperations/create?api-version=2018-06-01-preview
  response:
    body:
      string: '{"status":"InProgress"}'
    headers:
      cache-control:
      - no-cache
      content-length:
      - '23'
      content-type:
      - application/json; charset=utf-8
      date:
      - Thu, 25 Jul 2019 03:03:31 GMT
      expires:
      - '-1'
      pragma:
      - no-cache
      strict-transport-security:
      - max-age=31536000; includeSubDomains
      transfer-encoding:
      - chunked
      vary:
      - Accept-Encoding
      x-content-type-options:
      - nosniff
      x-ms-hdi-served-by:
      - global
    status:
      code: 200
      message: OK
- request:
    body: null
    headers:
      Accept:
      - application/json
      Accept-Encoding:
      - gzip, deflate
      CommandName:
      - hdinsight create
      Connection:
      - keep-alive
      ParameterSetName:
      - -n -g -l -p -t --no-validation-timeout --storage-account --storage-container
        -t --edgenode-size -v
      User-Agent:
      - python/3.7.2 (Windows-10-10.0.17763-SP0) msrest/0.6.7 msrest_azure/0.6.1 azure-mgmt-hdinsight/0.2.1
        Azure-SDK-For-Python AZURECLI/2.0.69
    method: GET
    uri: https://management.azure.com/subscriptions/00000000-0000-0000-0000-000000000000/resourceGroups/hdicli-000001/providers/Microsoft.HDInsight/clusters/hdicli-000003/azureasyncoperations/create?api-version=2018-06-01-preview
  response:
    body:
      string: '{"status":"InProgress"}'
    headers:
      cache-control:
      - no-cache
      content-length:
      - '23'
      content-type:
      - application/json; charset=utf-8
      date:
      - Thu, 25 Jul 2019 03:04:03 GMT
      expires:
      - '-1'
      pragma:
      - no-cache
      strict-transport-security:
      - max-age=31536000; includeSubDomains
      transfer-encoding:
      - chunked
      vary:
      - Accept-Encoding
      x-content-type-options:
      - nosniff
      x-ms-hdi-served-by:
      - global
    status:
      code: 200
      message: OK
- request:
    body: null
    headers:
      Accept:
      - application/json
      Accept-Encoding:
      - gzip, deflate
      CommandName:
      - hdinsight create
      Connection:
      - keep-alive
      ParameterSetName:
      - -n -g -l -p -t --no-validation-timeout --storage-account --storage-container
        -t --edgenode-size -v
      User-Agent:
      - python/3.7.2 (Windows-10-10.0.17763-SP0) msrest/0.6.7 msrest_azure/0.6.1 azure-mgmt-hdinsight/0.2.1
        Azure-SDK-For-Python AZURECLI/2.0.69
    method: GET
    uri: https://management.azure.com/subscriptions/00000000-0000-0000-0000-000000000000/resourceGroups/hdicli-000001/providers/Microsoft.HDInsight/clusters/hdicli-000003/azureasyncoperations/create?api-version=2018-06-01-preview
  response:
    body:
      string: '{"status":"InProgress"}'
    headers:
      cache-control:
      - no-cache
      content-length:
      - '23'
      content-type:
      - application/json; charset=utf-8
      date:
      - Thu, 25 Jul 2019 03:04:36 GMT
      expires:
      - '-1'
      pragma:
      - no-cache
      strict-transport-security:
      - max-age=31536000; includeSubDomains
      transfer-encoding:
      - chunked
      vary:
      - Accept-Encoding
      x-content-type-options:
      - nosniff
      x-ms-hdi-served-by:
      - global
    status:
      code: 200
      message: OK
- request:
    body: null
    headers:
      Accept:
      - application/json
      Accept-Encoding:
      - gzip, deflate
      CommandName:
      - hdinsight create
      Connection:
      - keep-alive
      ParameterSetName:
      - -n -g -l -p -t --no-validation-timeout --storage-account --storage-container
        -t --edgenode-size -v
      User-Agent:
      - python/3.7.2 (Windows-10-10.0.17763-SP0) msrest/0.6.7 msrest_azure/0.6.1 azure-mgmt-hdinsight/0.2.1
        Azure-SDK-For-Python AZURECLI/2.0.69
    method: GET
    uri: https://management.azure.com/subscriptions/00000000-0000-0000-0000-000000000000/resourceGroups/hdicli-000001/providers/Microsoft.HDInsight/clusters/hdicli-000003/azureasyncoperations/create?api-version=2018-06-01-preview
  response:
    body:
      string: '{"status":"InProgress"}'
    headers:
      cache-control:
      - no-cache
      content-length:
      - '23'
      content-type:
      - application/json; charset=utf-8
      date:
      - Thu, 25 Jul 2019 03:05:09 GMT
      expires:
      - '-1'
      pragma:
      - no-cache
      strict-transport-security:
      - max-age=31536000; includeSubDomains
      transfer-encoding:
      - chunked
      vary:
      - Accept-Encoding
      x-content-type-options:
      - nosniff
      x-ms-hdi-served-by:
      - global
    status:
      code: 200
      message: OK
- request:
    body: null
    headers:
      Accept:
      - application/json
      Accept-Encoding:
      - gzip, deflate
      CommandName:
      - hdinsight create
      Connection:
      - keep-alive
      ParameterSetName:
      - -n -g -l -p -t --no-validation-timeout --storage-account --storage-container
        -t --edgenode-size -v
      User-Agent:
      - python/3.7.2 (Windows-10-10.0.17763-SP0) msrest/0.6.7 msrest_azure/0.6.1 azure-mgmt-hdinsight/0.2.1
        Azure-SDK-For-Python AZURECLI/2.0.69
    method: GET
    uri: https://management.azure.com/subscriptions/00000000-0000-0000-0000-000000000000/resourceGroups/hdicli-000001/providers/Microsoft.HDInsight/clusters/hdicli-000003/azureasyncoperations/create?api-version=2018-06-01-preview
  response:
    body:
      string: '{"status":"InProgress"}'
    headers:
      cache-control:
      - no-cache
      content-length:
      - '23'
      content-type:
      - application/json; charset=utf-8
      date:
      - Thu, 25 Jul 2019 03:05:40 GMT
      expires:
      - '-1'
      pragma:
      - no-cache
      strict-transport-security:
      - max-age=31536000; includeSubDomains
      transfer-encoding:
      - chunked
      vary:
      - Accept-Encoding
      x-content-type-options:
      - nosniff
      x-ms-hdi-served-by:
      - global
    status:
      code: 200
      message: OK
- request:
    body: null
    headers:
      Accept:
      - application/json
      Accept-Encoding:
      - gzip, deflate
      CommandName:
      - hdinsight create
      Connection:
      - keep-alive
      ParameterSetName:
      - -n -g -l -p -t --no-validation-timeout --storage-account --storage-container
        -t --edgenode-size -v
      User-Agent:
      - python/3.7.2 (Windows-10-10.0.17763-SP0) msrest/0.6.7 msrest_azure/0.6.1 azure-mgmt-hdinsight/0.2.1
        Azure-SDK-For-Python AZURECLI/2.0.69
    method: GET
    uri: https://management.azure.com/subscriptions/00000000-0000-0000-0000-000000000000/resourceGroups/hdicli-000001/providers/Microsoft.HDInsight/clusters/hdicli-000003/azureasyncoperations/create?api-version=2018-06-01-preview
  response:
    body:
      string: '{"status":"InProgress"}'
    headers:
      cache-control:
      - no-cache
      content-length:
      - '23'
      content-type:
      - application/json; charset=utf-8
      date:
      - Thu, 25 Jul 2019 03:06:13 GMT
      expires:
      - '-1'
      pragma:
      - no-cache
      strict-transport-security:
      - max-age=31536000; includeSubDomains
      transfer-encoding:
      - chunked
      vary:
      - Accept-Encoding
      x-content-type-options:
      - nosniff
      x-ms-hdi-served-by:
      - global
    status:
      code: 200
      message: OK
- request:
    body: null
    headers:
      Accept:
      - application/json
      Accept-Encoding:
      - gzip, deflate
      CommandName:
      - hdinsight create
      Connection:
      - keep-alive
      ParameterSetName:
      - -n -g -l -p -t --no-validation-timeout --storage-account --storage-container
        -t --edgenode-size -v
      User-Agent:
      - python/3.7.2 (Windows-10-10.0.17763-SP0) msrest/0.6.7 msrest_azure/0.6.1 azure-mgmt-hdinsight/0.2.1
        Azure-SDK-For-Python AZURECLI/2.0.69
    method: GET
    uri: https://management.azure.com/subscriptions/00000000-0000-0000-0000-000000000000/resourceGroups/hdicli-000001/providers/Microsoft.HDInsight/clusters/hdicli-000003/azureasyncoperations/create?api-version=2018-06-01-preview
  response:
    body:
      string: '{"status":"InProgress"}'
    headers:
      cache-control:
      - no-cache
      content-length:
      - '23'
      content-type:
      - application/json; charset=utf-8
      date:
      - Thu, 25 Jul 2019 03:06:46 GMT
      expires:
      - '-1'
      pragma:
      - no-cache
      strict-transport-security:
      - max-age=31536000; includeSubDomains
      transfer-encoding:
      - chunked
      vary:
      - Accept-Encoding
      x-content-type-options:
      - nosniff
      x-ms-hdi-served-by:
      - global
    status:
      code: 200
      message: OK
- request:
    body: null
    headers:
      Accept:
      - application/json
      Accept-Encoding:
      - gzip, deflate
      CommandName:
      - hdinsight create
      Connection:
      - keep-alive
      ParameterSetName:
      - -n -g -l -p -t --no-validation-timeout --storage-account --storage-container
        -t --edgenode-size -v
      User-Agent:
      - python/3.7.2 (Windows-10-10.0.17763-SP0) msrest/0.6.7 msrest_azure/0.6.1 azure-mgmt-hdinsight/0.2.1
        Azure-SDK-For-Python AZURECLI/2.0.69
    method: GET
    uri: https://management.azure.com/subscriptions/00000000-0000-0000-0000-000000000000/resourceGroups/hdicli-000001/providers/Microsoft.HDInsight/clusters/hdicli-000003/azureasyncoperations/create?api-version=2018-06-01-preview
  response:
    body:
      string: '{"status":"InProgress"}'
    headers:
      cache-control:
      - no-cache
      content-length:
      - '23'
      content-type:
      - application/json; charset=utf-8
      date:
      - Thu, 25 Jul 2019 03:07:19 GMT
      expires:
      - '-1'
      pragma:
      - no-cache
      strict-transport-security:
      - max-age=31536000; includeSubDomains
      transfer-encoding:
      - chunked
      vary:
      - Accept-Encoding
      x-content-type-options:
      - nosniff
      x-ms-hdi-served-by:
      - global
    status:
      code: 200
      message: OK
- request:
    body: null
    headers:
      Accept:
      - application/json
      Accept-Encoding:
      - gzip, deflate
      CommandName:
      - hdinsight create
      Connection:
      - keep-alive
      ParameterSetName:
      - -n -g -l -p -t --no-validation-timeout --storage-account --storage-container
        -t --edgenode-size -v
      User-Agent:
      - python/3.7.2 (Windows-10-10.0.17763-SP0) msrest/0.6.7 msrest_azure/0.6.1 azure-mgmt-hdinsight/0.2.1
        Azure-SDK-For-Python AZURECLI/2.0.69
    method: GET
    uri: https://management.azure.com/subscriptions/00000000-0000-0000-0000-000000000000/resourceGroups/hdicli-000001/providers/Microsoft.HDInsight/clusters/hdicli-000003/azureasyncoperations/create?api-version=2018-06-01-preview
  response:
    body:
      string: '{"status":"InProgress"}'
    headers:
      cache-control:
      - no-cache
      content-length:
      - '23'
      content-type:
      - application/json; charset=utf-8
      date:
      - Thu, 25 Jul 2019 03:07:51 GMT
      expires:
      - '-1'
      pragma:
      - no-cache
      strict-transport-security:
      - max-age=31536000; includeSubDomains
      transfer-encoding:
      - chunked
      vary:
      - Accept-Encoding
      x-content-type-options:
      - nosniff
      x-ms-hdi-served-by:
      - global
    status:
      code: 200
      message: OK
- request:
    body: null
    headers:
      Accept:
      - application/json
      Accept-Encoding:
      - gzip, deflate
      CommandName:
      - hdinsight create
      Connection:
      - keep-alive
      ParameterSetName:
      - -n -g -l -p -t --no-validation-timeout --storage-account --storage-container
        -t --edgenode-size -v
      User-Agent:
      - python/3.7.2 (Windows-10-10.0.17763-SP0) msrest/0.6.7 msrest_azure/0.6.1 azure-mgmt-hdinsight/0.2.1
        Azure-SDK-For-Python AZURECLI/2.0.69
    method: GET
    uri: https://management.azure.com/subscriptions/00000000-0000-0000-0000-000000000000/resourceGroups/hdicli-000001/providers/Microsoft.HDInsight/clusters/hdicli-000003/azureasyncoperations/create?api-version=2018-06-01-preview
  response:
    body:
      string: '{"status":"InProgress"}'
    headers:
      cache-control:
      - no-cache
      content-length:
      - '23'
      content-type:
      - application/json; charset=utf-8
      date:
      - Thu, 25 Jul 2019 03:08:23 GMT
      expires:
      - '-1'
      pragma:
      - no-cache
      strict-transport-security:
      - max-age=31536000; includeSubDomains
      transfer-encoding:
      - chunked
      vary:
      - Accept-Encoding
      x-content-type-options:
      - nosniff
      x-ms-hdi-served-by:
      - global
    status:
      code: 200
      message: OK
- request:
    body: null
    headers:
      Accept:
      - application/json
      Accept-Encoding:
      - gzip, deflate
      CommandName:
      - hdinsight create
      Connection:
      - keep-alive
      ParameterSetName:
      - -n -g -l -p -t --no-validation-timeout --storage-account --storage-container
        -t --edgenode-size -v
      User-Agent:
      - python/3.7.2 (Windows-10-10.0.17763-SP0) msrest/0.6.7 msrest_azure/0.6.1 azure-mgmt-hdinsight/0.2.1
        Azure-SDK-For-Python AZURECLI/2.0.69
    method: GET
    uri: https://management.azure.com/subscriptions/00000000-0000-0000-0000-000000000000/resourceGroups/hdicli-000001/providers/Microsoft.HDInsight/clusters/hdicli-000003/azureasyncoperations/create?api-version=2018-06-01-preview
  response:
    body:
      string: '{"status":"InProgress"}'
    headers:
      cache-control:
      - no-cache
      content-length:
      - '23'
      content-type:
      - application/json; charset=utf-8
      date:
      - Thu, 25 Jul 2019 03:08:56 GMT
      expires:
      - '-1'
      pragma:
      - no-cache
      strict-transport-security:
      - max-age=31536000; includeSubDomains
      transfer-encoding:
      - chunked
      vary:
      - Accept-Encoding
      x-content-type-options:
      - nosniff
      x-ms-hdi-served-by:
      - global
    status:
      code: 200
      message: OK
- request:
    body: null
    headers:
      Accept:
      - application/json
      Accept-Encoding:
      - gzip, deflate
      CommandName:
      - hdinsight create
      Connection:
      - keep-alive
      ParameterSetName:
      - -n -g -l -p -t --no-validation-timeout --storage-account --storage-container
        -t --edgenode-size -v
      User-Agent:
      - python/3.7.2 (Windows-10-10.0.17763-SP0) msrest/0.6.7 msrest_azure/0.6.1 azure-mgmt-hdinsight/0.2.1
        Azure-SDK-For-Python AZURECLI/2.0.69
    method: GET
    uri: https://management.azure.com/subscriptions/00000000-0000-0000-0000-000000000000/resourceGroups/hdicli-000001/providers/Microsoft.HDInsight/clusters/hdicli-000003/azureasyncoperations/create?api-version=2018-06-01-preview
  response:
    body:
      string: '{"status":"InProgress"}'
    headers:
      cache-control:
      - no-cache
      content-length:
      - '23'
      content-type:
      - application/json; charset=utf-8
      date:
      - Thu, 25 Jul 2019 03:09:26 GMT
      expires:
      - '-1'
      pragma:
      - no-cache
      strict-transport-security:
      - max-age=31536000; includeSubDomains
      transfer-encoding:
      - chunked
      vary:
      - Accept-Encoding
      x-content-type-options:
      - nosniff
      x-ms-hdi-served-by:
      - global
    status:
      code: 200
      message: OK
- request:
    body: null
    headers:
      Accept:
      - application/json
      Accept-Encoding:
      - gzip, deflate
      CommandName:
      - hdinsight create
      Connection:
      - keep-alive
      ParameterSetName:
      - -n -g -l -p -t --no-validation-timeout --storage-account --storage-container
        -t --edgenode-size -v
      User-Agent:
      - python/3.7.2 (Windows-10-10.0.17763-SP0) msrest/0.6.7 msrest_azure/0.6.1 azure-mgmt-hdinsight/0.2.1
        Azure-SDK-For-Python AZURECLI/2.0.69
    method: GET
    uri: https://management.azure.com/subscriptions/00000000-0000-0000-0000-000000000000/resourceGroups/hdicli-000001/providers/Microsoft.HDInsight/clusters/hdicli-000003/azureasyncoperations/create?api-version=2018-06-01-preview
  response:
    body:
      string: '{"status":"InProgress"}'
    headers:
      cache-control:
      - no-cache
      content-length:
      - '23'
      content-type:
      - application/json; charset=utf-8
      date:
      - Thu, 25 Jul 2019 03:09:58 GMT
      expires:
      - '-1'
      pragma:
      - no-cache
      strict-transport-security:
      - max-age=31536000; includeSubDomains
      transfer-encoding:
      - chunked
      vary:
      - Accept-Encoding
      x-content-type-options:
      - nosniff
      x-ms-hdi-served-by:
      - global
    status:
      code: 200
      message: OK
- request:
    body: null
    headers:
      Accept:
      - application/json
      Accept-Encoding:
      - gzip, deflate
      CommandName:
      - hdinsight create
      Connection:
      - keep-alive
      ParameterSetName:
      - -n -g -l -p -t --no-validation-timeout --storage-account --storage-container
        -t --edgenode-size -v
      User-Agent:
      - python/3.7.2 (Windows-10-10.0.17763-SP0) msrest/0.6.7 msrest_azure/0.6.1 azure-mgmt-hdinsight/0.2.1
        Azure-SDK-For-Python AZURECLI/2.0.69
    method: GET
    uri: https://management.azure.com/subscriptions/00000000-0000-0000-0000-000000000000/resourceGroups/hdicli-000001/providers/Microsoft.HDInsight/clusters/hdicli-000003/azureasyncoperations/create?api-version=2018-06-01-preview
  response:
    body:
      string: '{"status":"InProgress"}'
    headers:
      cache-control:
      - no-cache
      content-length:
      - '23'
      content-type:
      - application/json; charset=utf-8
      date:
      - Thu, 25 Jul 2019 03:10:30 GMT
      expires:
      - '-1'
      pragma:
      - no-cache
      strict-transport-security:
      - max-age=31536000; includeSubDomains
      transfer-encoding:
      - chunked
      vary:
      - Accept-Encoding
      x-content-type-options:
      - nosniff
      x-ms-hdi-served-by:
      - global
    status:
      code: 200
      message: OK
- request:
    body: null
    headers:
      Accept:
      - application/json
      Accept-Encoding:
      - gzip, deflate
      CommandName:
      - hdinsight create
      Connection:
      - keep-alive
      ParameterSetName:
      - -n -g -l -p -t --no-validation-timeout --storage-account --storage-container
        -t --edgenode-size -v
      User-Agent:
      - python/3.7.2 (Windows-10-10.0.17763-SP0) msrest/0.6.7 msrest_azure/0.6.1 azure-mgmt-hdinsight/0.2.1
        Azure-SDK-For-Python AZURECLI/2.0.69
    method: GET
    uri: https://management.azure.com/subscriptions/00000000-0000-0000-0000-000000000000/resourceGroups/hdicli-000001/providers/Microsoft.HDInsight/clusters/hdicli-000003/azureasyncoperations/create?api-version=2018-06-01-preview
  response:
    body:
      string: '{"status":"InProgress"}'
    headers:
      cache-control:
      - no-cache
      content-length:
      - '23'
      content-type:
      - application/json; charset=utf-8
      date:
      - Thu, 25 Jul 2019 03:11:01 GMT
      expires:
      - '-1'
      pragma:
      - no-cache
      strict-transport-security:
      - max-age=31536000; includeSubDomains
      transfer-encoding:
      - chunked
      vary:
      - Accept-Encoding
      x-content-type-options:
      - nosniff
      x-ms-hdi-served-by:
      - global
    status:
      code: 200
      message: OK
- request:
    body: null
    headers:
      Accept:
      - application/json
      Accept-Encoding:
      - gzip, deflate
      CommandName:
      - hdinsight create
      Connection:
      - keep-alive
      ParameterSetName:
      - -n -g -l -p -t --no-validation-timeout --storage-account --storage-container
        -t --edgenode-size -v
      User-Agent:
      - python/3.7.2 (Windows-10-10.0.17763-SP0) msrest/0.6.7 msrest_azure/0.6.1 azure-mgmt-hdinsight/0.2.1
        Azure-SDK-For-Python AZURECLI/2.0.69
    method: GET
    uri: https://management.azure.com/subscriptions/00000000-0000-0000-0000-000000000000/resourceGroups/hdicli-000001/providers/Microsoft.HDInsight/clusters/hdicli-000003/azureasyncoperations/create?api-version=2018-06-01-preview
  response:
    body:
      string: '{"status":"InProgress"}'
    headers:
      cache-control:
      - no-cache
      content-length:
      - '23'
      content-type:
      - application/json; charset=utf-8
      date:
      - Thu, 25 Jul 2019 03:11:34 GMT
      expires:
      - '-1'
      pragma:
      - no-cache
      strict-transport-security:
      - max-age=31536000; includeSubDomains
      transfer-encoding:
      - chunked
      vary:
      - Accept-Encoding
      x-content-type-options:
      - nosniff
      x-ms-hdi-served-by:
      - global
    status:
      code: 200
      message: OK
- request:
    body: null
    headers:
      Accept:
      - application/json
      Accept-Encoding:
      - gzip, deflate
      CommandName:
      - hdinsight create
      Connection:
      - keep-alive
      ParameterSetName:
      - -n -g -l -p -t --no-validation-timeout --storage-account --storage-container
        -t --edgenode-size -v
      User-Agent:
      - python/3.7.2 (Windows-10-10.0.17763-SP0) msrest/0.6.7 msrest_azure/0.6.1 azure-mgmt-hdinsight/0.2.1
        Azure-SDK-For-Python AZURECLI/2.0.69
    method: GET
    uri: https://management.azure.com/subscriptions/00000000-0000-0000-0000-000000000000/resourceGroups/hdicli-000001/providers/Microsoft.HDInsight/clusters/hdicli-000003/azureasyncoperations/create?api-version=2018-06-01-preview
  response:
    body:
      string: '{"status":"InProgress"}'
    headers:
      cache-control:
      - no-cache
      content-length:
      - '23'
      content-type:
      - application/json; charset=utf-8
      date:
      - Thu, 25 Jul 2019 03:12:07 GMT
      expires:
      - '-1'
      pragma:
      - no-cache
      strict-transport-security:
      - max-age=31536000; includeSubDomains
      transfer-encoding:
      - chunked
      vary:
      - Accept-Encoding
      x-content-type-options:
      - nosniff
      x-ms-hdi-served-by:
      - global
    status:
      code: 200
      message: OK
- request:
    body: null
    headers:
      Accept:
      - application/json
      Accept-Encoding:
      - gzip, deflate
      CommandName:
      - hdinsight create
      Connection:
      - keep-alive
      ParameterSetName:
      - -n -g -l -p -t --no-validation-timeout --storage-account --storage-container
        -t --edgenode-size -v
      User-Agent:
      - python/3.7.2 (Windows-10-10.0.17763-SP0) msrest/0.6.7 msrest_azure/0.6.1 azure-mgmt-hdinsight/0.2.1
        Azure-SDK-For-Python AZURECLI/2.0.69
    method: GET
    uri: https://management.azure.com/subscriptions/00000000-0000-0000-0000-000000000000/resourceGroups/hdicli-000001/providers/Microsoft.HDInsight/clusters/hdicli-000003/azureasyncoperations/create?api-version=2018-06-01-preview
  response:
    body:
      string: '{"status":"InProgress"}'
    headers:
      cache-control:
      - no-cache
      content-length:
      - '23'
      content-type:
      - application/json; charset=utf-8
      date:
      - Thu, 25 Jul 2019 03:12:40 GMT
      expires:
      - '-1'
      pragma:
      - no-cache
      strict-transport-security:
      - max-age=31536000; includeSubDomains
      transfer-encoding:
      - chunked
      vary:
      - Accept-Encoding
      x-content-type-options:
      - nosniff
      x-ms-hdi-served-by:
      - global
    status:
      code: 200
      message: OK
- request:
    body: null
    headers:
      Accept:
      - application/json
      Accept-Encoding:
      - gzip, deflate
      CommandName:
      - hdinsight create
      Connection:
      - keep-alive
      ParameterSetName:
      - -n -g -l -p -t --no-validation-timeout --storage-account --storage-container
        -t --edgenode-size -v
      User-Agent:
      - python/3.7.2 (Windows-10-10.0.17763-SP0) msrest/0.6.7 msrest_azure/0.6.1 azure-mgmt-hdinsight/0.2.1
        Azure-SDK-For-Python AZURECLI/2.0.69
    method: GET
    uri: https://management.azure.com/subscriptions/00000000-0000-0000-0000-000000000000/resourceGroups/hdicli-000001/providers/Microsoft.HDInsight/clusters/hdicli-000003/azureasyncoperations/create?api-version=2018-06-01-preview
  response:
    body:
      string: '{"status":"InProgress"}'
    headers:
      cache-control:
      - no-cache
      content-length:
      - '23'
      content-type:
      - application/json; charset=utf-8
      date:
      - Thu, 25 Jul 2019 03:13:11 GMT
      expires:
      - '-1'
      pragma:
      - no-cache
      strict-transport-security:
      - max-age=31536000; includeSubDomains
      transfer-encoding:
      - chunked
      vary:
      - Accept-Encoding
      x-content-type-options:
      - nosniff
      x-ms-hdi-served-by:
      - global
    status:
      code: 200
      message: OK
- request:
    body: null
    headers:
      Accept:
      - application/json
      Accept-Encoding:
      - gzip, deflate
      CommandName:
      - hdinsight create
      Connection:
      - keep-alive
      ParameterSetName:
      - -n -g -l -p -t --no-validation-timeout --storage-account --storage-container
        -t --edgenode-size -v
      User-Agent:
      - python/3.7.2 (Windows-10-10.0.17763-SP0) msrest/0.6.7 msrest_azure/0.6.1 azure-mgmt-hdinsight/0.2.1
        Azure-SDK-For-Python AZURECLI/2.0.69
    method: GET
    uri: https://management.azure.com/subscriptions/00000000-0000-0000-0000-000000000000/resourceGroups/hdicli-000001/providers/Microsoft.HDInsight/clusters/hdicli-000003/azureasyncoperations/create?api-version=2018-06-01-preview
  response:
    body:
      string: '{"status":"InProgress"}'
    headers:
      cache-control:
      - no-cache
      content-length:
      - '23'
      content-type:
      - application/json; charset=utf-8
      date:
      - Thu, 25 Jul 2019 03:13:44 GMT
      expires:
      - '-1'
      pragma:
      - no-cache
      strict-transport-security:
      - max-age=31536000; includeSubDomains
      transfer-encoding:
      - chunked
      vary:
      - Accept-Encoding
      x-content-type-options:
      - nosniff
      x-ms-hdi-served-by:
      - global
    status:
      code: 200
      message: OK
- request:
    body: null
    headers:
      Accept:
      - application/json
      Accept-Encoding:
      - gzip, deflate
      CommandName:
      - hdinsight create
      Connection:
      - keep-alive
      ParameterSetName:
      - -n -g -l -p -t --no-validation-timeout --storage-account --storage-container
        -t --edgenode-size -v
      User-Agent:
      - python/3.7.2 (Windows-10-10.0.17763-SP0) msrest/0.6.7 msrest_azure/0.6.1 azure-mgmt-hdinsight/0.2.1
        Azure-SDK-For-Python AZURECLI/2.0.69
    method: GET
    uri: https://management.azure.com/subscriptions/00000000-0000-0000-0000-000000000000/resourceGroups/hdicli-000001/providers/Microsoft.HDInsight/clusters/hdicli-000003/azureasyncoperations/create?api-version=2018-06-01-preview
  response:
    body:
      string: '{"status":"InProgress"}'
    headers:
      cache-control:
      - no-cache
      content-length:
      - '23'
      content-type:
      - application/json; charset=utf-8
      date:
      - Thu, 25 Jul 2019 03:14:17 GMT
      expires:
      - '-1'
      pragma:
      - no-cache
      strict-transport-security:
      - max-age=31536000; includeSubDomains
      transfer-encoding:
      - chunked
      vary:
      - Accept-Encoding
      x-content-type-options:
      - nosniff
      x-ms-hdi-served-by:
      - global
    status:
      code: 200
      message: OK
- request:
    body: null
    headers:
      Accept:
      - application/json
      Accept-Encoding:
      - gzip, deflate
      CommandName:
      - hdinsight create
      Connection:
      - keep-alive
      ParameterSetName:
      - -n -g -l -p -t --no-validation-timeout --storage-account --storage-container
        -t --edgenode-size -v
      User-Agent:
      - python/3.7.2 (Windows-10-10.0.17763-SP0) msrest/0.6.7 msrest_azure/0.6.1 azure-mgmt-hdinsight/0.2.1
        Azure-SDK-For-Python AZURECLI/2.0.69
    method: GET
    uri: https://management.azure.com/subscriptions/00000000-0000-0000-0000-000000000000/resourceGroups/hdicli-000001/providers/Microsoft.HDInsight/clusters/hdicli-000003/azureasyncoperations/create?api-version=2018-06-01-preview
  response:
    body:
      string: '{"status":"Succeeded"}'
    headers:
      cache-control:
      - no-cache
      content-length:
      - '22'
      content-type:
      - application/json; charset=utf-8
      date:
      - Thu, 25 Jul 2019 03:14:49 GMT
      expires:
      - '-1'
      pragma:
      - no-cache
      strict-transport-security:
      - max-age=31536000; includeSubDomains
      transfer-encoding:
      - chunked
      vary:
      - Accept-Encoding
      x-content-type-options:
      - nosniff
      x-ms-hdi-served-by:
      - global
    status:
      code: 200
      message: OK
- request:
    body: null
    headers:
      Accept:
      - application/json
      Accept-Encoding:
      - gzip, deflate
      CommandName:
      - hdinsight create
      Connection:
      - keep-alive
      ParameterSetName:
      - -n -g -l -p -t --no-validation-timeout --storage-account --storage-container
        -t --edgenode-size -v
      User-Agent:
      - python/3.7.2 (Windows-10-10.0.17763-SP0) msrest/0.6.7 msrest_azure/0.6.1 azure-mgmt-hdinsight/0.2.1
        Azure-SDK-For-Python AZURECLI/2.0.69
    method: GET
    uri: https://management.azure.com/subscriptions/00000000-0000-0000-0000-000000000000/resourceGroups/hdicli-000001/providers/Microsoft.HDInsight/clusters/hdicli-000003?api-version=2018-06-01-preview
  response:
    body:
      string: '{"id":"/subscriptions/00000000-0000-0000-0000-000000000000/resourceGroups/hdicli-000001/providers/Microsoft.HDInsight/clusters/hdicli-000003","name":"hdicli-000003","type":"Microsoft.HDInsight/clusters","location":"East
        US 2","etag":"f8491034-a8b6-40af-98dc-0735109aec8f","tags":null,"properties":{"clusterVersion":"3.6.1000.0","clusterHdpVersion":"2.6.2.38-1","osType":"Linux","clusterDefinition":{"blueprint":"https://blueprints.azurehdinsight.net/rserver-3.6.1000.0.1906270544.json","kind":"rserver","componentVersion":{"spark":"2.1"}},"computeProfile":{"roles":[{"name":"headnode","targetInstanceCount":2,"hardwareProfile":{"vmSize":"large"},"osProfile":{"linuxOperatingSystemProfile":{"username":"sshuser"}},"encryptDataDisks":false},{"name":"workernode","targetInstanceCount":3,"hardwareProfile":{"vmSize":"large"},"osProfile":{"linuxOperatingSystemProfile":{"username":"sshuser"}},"encryptDataDisks":false},{"name":"edgenode","targetInstanceCount":1,"hardwareProfile":{"vmSize":"large"},"osProfile":{"linuxOperatingSystemProfile":{"username":"sshuser"}},"encryptDataDisks":false},{"name":"zookeepernode","targetInstanceCount":3,"hardwareProfile":{"vmSize":"Medium"},"osProfile":{"linuxOperatingSystemProfile":{"username":"sshuser"}},"encryptDataDisks":false}]},"provisioningState":"Succeeded","clusterState":"Running","createdDate":"2019-07-25T02:55:21.717","quotaInfo":{"coresUsed":24},"connectivityEndpoints":[{"name":"SSH","protocol":"TCP","location":"hdicli-000003-ssh.azurehdinsight.net","port":22},{"name":"EDGESSH","protocol":"TCP","location":"hdicli-000003-ed-ssh.azurehdinsight.net","port":22},{"name":"HTTPS","protocol":"TCP","location":"hdicli-000003.azurehdinsight.net","port":443}],"tier":"standard","storageProfile":{"storageaccounts":[{"name":"hdicli000002.blob.core.windows.net","resourceId":null,"msiResourceId":null,"key":null,"fileSystem":null,"container":"default","saskey":null,"isDefault":true}]}}}'
    headers:
      cache-control:
      - no-cache
      content-length:
      - '1953'
      content-type:
      - application/json; charset=utf-8
      date:
      - Thu, 25 Jul 2019 03:14:51 GMT
      expires:
      - '-1'
      pragma:
      - no-cache
      strict-transport-security:
      - max-age=31536000; includeSubDomains
      transfer-encoding:
      - chunked
      vary:
      - Accept-Encoding
      x-content-type-options:
      - nosniff
      x-ms-hdi-served-by:
      - global
    status:
      code: 200
      message: OK
- request:
    body: null
    headers:
      Accept:
      - application/json
      Accept-Encoding:
      - gzip, deflate
      CommandName:
      - hdinsight show
      Connection:
      - keep-alive
      ParameterSetName:
      - -n -g
      User-Agent:
      - python/3.7.2 (Windows-10-10.0.17763-SP0) msrest/0.6.7 msrest_azure/0.6.1 azure-mgmt-hdinsight/0.2.1
        Azure-SDK-For-Python AZURECLI/2.0.69
      accept-language:
      - en-US
    method: GET
    uri: https://management.azure.com/subscriptions/00000000-0000-0000-0000-000000000000/resourceGroups/hdicli-000001/providers/Microsoft.HDInsight/clusters/hdicli-000003?api-version=2018-06-01-preview
  response:
    body:
      string: '{"id":"/subscriptions/00000000-0000-0000-0000-000000000000/resourceGroups/hdicli-000001/providers/Microsoft.HDInsight/clusters/hdicli-000003","name":"hdicli-000003","type":"Microsoft.HDInsight/clusters","location":"East
        US 2","etag":"f8491034-a8b6-40af-98dc-0735109aec8f","tags":null,"properties":{"clusterVersion":"3.6.1000.0","clusterHdpVersion":"2.6.2.38-1","osType":"Linux","clusterDefinition":{"blueprint":"https://blueprints.azurehdinsight.net/rserver-3.6.1000.0.1906270544.json","kind":"rserver","componentVersion":{"spark":"2.1"}},"computeProfile":{"roles":[{"name":"headnode","targetInstanceCount":2,"hardwareProfile":{"vmSize":"large"},"osProfile":{"linuxOperatingSystemProfile":{"username":"sshuser"}},"encryptDataDisks":false},{"name":"workernode","targetInstanceCount":3,"hardwareProfile":{"vmSize":"large"},"osProfile":{"linuxOperatingSystemProfile":{"username":"sshuser"}},"encryptDataDisks":false},{"name":"edgenode","targetInstanceCount":1,"hardwareProfile":{"vmSize":"large"},"osProfile":{"linuxOperatingSystemProfile":{"username":"sshuser"}},"encryptDataDisks":false},{"name":"zookeepernode","targetInstanceCount":3,"hardwareProfile":{"vmSize":"Medium"},"osProfile":{"linuxOperatingSystemProfile":{"username":"sshuser"}},"encryptDataDisks":false}]},"provisioningState":"Succeeded","clusterState":"Running","createdDate":"2019-07-25T02:55:21.717","quotaInfo":{"coresUsed":24},"connectivityEndpoints":[{"name":"SSH","protocol":"TCP","location":"hdicli-000003-ssh.azurehdinsight.net","port":22},{"name":"EDGESSH","protocol":"TCP","location":"hdicli-000003-ed-ssh.azurehdinsight.net","port":22},{"name":"HTTPS","protocol":"TCP","location":"hdicli-000003.azurehdinsight.net","port":443}],"tier":"standard","storageProfile":{"storageaccounts":[{"name":"hdicli000002.blob.core.windows.net","resourceId":null,"msiResourceId":null,"key":null,"fileSystem":null,"container":"default","saskey":null,"isDefault":true}]}}}'
    headers:
      cache-control:
      - no-cache
      content-length:
      - '1953'
      content-type:
      - application/json; charset=utf-8
      date:
      - Thu, 25 Jul 2019 03:14:53 GMT
      expires:
      - '-1'
      pragma:
      - no-cache
      strict-transport-security:
      - max-age=31536000; includeSubDomains
      transfer-encoding:
      - chunked
      vary:
      - Accept-Encoding
      x-content-type-options:
      - nosniff
      x-ms-hdi-served-by:
      - global
    status:
      code: 200
      message: OK
version: 1
