interactions:
- request:
    body: null
    headers:
      Accept:
      - application/json
      Accept-Encoding:
      - gzip, deflate
      CommandName:
      - hdinsight create
      Connection:
      - keep-alive
      ParameterSetName:
      - -n -g -l -p -t --no-validation-timeout --storage-account --storage-container
        --workernode-size --headnode-size --zookeepernode-size --encryption-at-host
        --vnet-name --subnet --version
      User-Agent:
      - AZURECLI/2.69.0 azsdk-python-core/1.31.0 Python/3.12.9 (Windows-10-10.0.19045-SP0)
    method: GET
    uri: https://management.azure.com/subscriptions/00000000-0000-0000-0000-000000000000/resources?$filter=resourceType%20eq%20%27Microsoft.Storage%2FstorageAccounts%27%20and%20name%20eq%20%27hdicli000002%27&api-version=2022-09-01
  response:
    body:
      string: '{"value":[{"id":"/subscriptions/00000000-0000-0000-0000-000000000000/resourceGroups/hdicli-000001/providers/Microsoft.Storage/storageAccounts/hdicli000002","name":"hdicli000002","type":"Microsoft.Storage/storageAccounts","sku":{"name":"Standard_LRS","tier":"Standard"},"kind":"Storage","location":"eastus","tags":{}}],"nextLink":"https://management.azure.com/subscriptions/00000000-0000-0000-0000-000000000000/resources?%24filter=resourceType+eq+%27Microsoft.Storage%2fstorageAccounts%27+and+name+eq+%27hdicli000002%27&api-version=2022-09-01&%24skiptoken=rc9Ba4MwGIDh%2f%2fKdPURHL4VeNltr8UsRbF1CLuJkNski2MiaiP%2b9MgaFwSiUXt%2fDC88IprnY7GTUGZYjnLvBtnVjbF%2fpYS7QuN3A31tSlBtXRUeXyu5EkzTiSe72CVr2lYf8jRAsXmVWbjT1qUWvIvSfFyq1xJiFqSErCODu1rMFTdYLGjPL5eGFOkKYb3VWqBCL3PK4VRitHZYHR339%2fbOdghtgb7ad%2fpgZvxGrXjX9jBjFH5iApXgaTUAgbrj%2f1w%2fwBEwwXQE%3d"}'
    headers:
      cache-control:
      - no-cache
      content-length:
      - '845'
      content-type:
      - application/json; charset=utf-8
      date:
      - Thu, 20 Feb 2025 05:46:58 GMT
      expires:
      - '-1'
      pragma:
      - no-cache
      strict-transport-security:
      - max-age=31536000; includeSubDomains
      x-content-type-options:
      - nosniff
      x-ms-ratelimit-remaining-subscription-global-reads:
      - '3749'
    status:
      code: 200
      message: OK
- request:
    body: null
    headers:
      Accept:
      - '*/*'
      Accept-Encoding:
      - gzip, deflate
      CommandName:
      - hdinsight create
      Connection:
      - keep-alive
      ParameterSetName:
      - -n -g -l -p -t --no-validation-timeout --storage-account --storage-container
        --workernode-size --headnode-size --zookeepernode-size --encryption-at-host
        --vnet-name --subnet --version
      User-Agent:
      - AZURECLI/2.69.0 azsdk-python-core/1.31.0 Python/3.12.9 (Windows-10-10.0.19045-SP0)
    method: GET
    uri: https://management.azure.com/subscriptions/00000000-0000-0000-0000-000000000000/resources?$filter=resourceType%20eq%20%27Microsoft.Storage/storageAccounts%27%20and%20name%20eq%20%27hdicli000002%27&api-version=2022-09-01&$skiptoken=rc9Ba4MwGIDh/KdPURHL4VeNltr8UsRbF1CLuJkNski2MiaiP%2B9MgaFwSiUXt/DC88IprnY7GTUGZYjnLvBtnVjbF/pYS7QuN3A31tSlBtXRUeXyu5EkzTiSe72CVr2lYf8jRAsXmVWbjT1qUWvIvSfFyq1xJiFqSErCODu1rMFTdYLGjPL5eGFOkKYb3VWqBCL3PK4VRitHZYHR339/bOdghtgb7ad/pgZvxGrXjX9jBjFH5iApXgaTUAgbrj/1w/wBEwwXQE%3D
  response:
    body:
      string: '{"value":[]}'
    headers:
      cache-control:
      - no-cache
      content-length:
      - '12'
      content-type:
      - application/json; charset=utf-8
      date:
      - Thu, 20 Feb 2025 05:46:59 GMT
      expires:
      - '-1'
      pragma:
      - no-cache
      strict-transport-security:
      - max-age=31536000; includeSubDomains
      x-content-type-options:
      - nosniff
      x-ms-ratelimit-remaining-subscription-global-reads:
      - '3748'
    status:
      code: 200
      message: OK
- request:
    body: null
    headers:
      Accept:
      - application/json
      Accept-Encoding:
      - gzip, deflate
      CommandName:
      - hdinsight create
      Connection:
      - keep-alive
      ParameterSetName:
      - -n -g -l -p -t --no-validation-timeout --storage-account --storage-container
        --workernode-size --headnode-size --zookeepernode-size --encryption-at-host
        --vnet-name --subnet --version
      User-Agent:
      - AZURECLI/2.69.0 azsdk-python-core/1.31.0 Python/3.12.9 (Windows-10-10.0.19045-SP0)
    method: GET
    uri: https://management.azure.com/subscriptions/00000000-0000-0000-0000-000000000000/resourceGroups/hdicli-000001/providers/Microsoft.Storage/storageAccounts/hdicli000002?api-version=2024-01-01
  response:
    body:
      string: '{"sku":{"name":"Standard_LRS","tier":"Standard"},"kind":"Storage","id":"/subscriptions/00000000-0000-0000-0000-000000000000/resourceGroups/hdicli-000001/providers/Microsoft.Storage/storageAccounts/hdicli000002","name":"hdicli000002","type":"Microsoft.Storage/storageAccounts","location":"eastus","tags":{},"properties":{"keyCreationTime":{"key1":"2025-02-20T05:45:29.8842665Z","key2":"2025-02-20T05:45:29.8842665Z"},"allowCrossTenantReplication":false,"privateEndpointConnections":[],"minimumTlsVersion":"TLS1_0","allowBlobPublicAccess":false,"networkAcls":{"ipv6Rules":[],"bypass":"AzureServices","virtualNetworkRules":[],"ipRules":[],"defaultAction":"Allow"},"supportsHttpsTrafficOnly":true,"encryption":{"services":{"file":{"keyType":"Account","enabled":true,"lastEnabledTime":"2025-02-20T05:45:30.2592678Z"},"blob":{"keyType":"Account","enabled":true,"lastEnabledTime":"2025-02-20T05:45:30.2592678Z"}},"keySource":"Microsoft.Storage"},"provisioningState":"Succeeded","creationTime":"2025-02-20T05:45:29.7123893Z","primaryEndpoints":{"blob":"https://hdicli000002.blob.core.windows.net/","queue":"https://hdicli000002.queue.core.windows.net/","table":"https://hdicli000002.table.core.windows.net/","file":"https://hdicli000002.file.core.windows.net/"},"primaryLocation":"eastus","statusOfPrimary":"available"}}'
    headers:
      cache-control:
      - no-cache
      content-length:
      - '1312'
      content-type:
      - application/json
      date:
      - Thu, 20 Feb 2025 05:47:01 GMT
      expires:
      - '-1'
      pragma:
      - no-cache
      server:
      - Microsoft-Azure-Storage-Resource-Provider/1.0,Microsoft-HTTPAPI/2.0 Microsoft-HTTPAPI/2.0
      strict-transport-security:
      - max-age=31536000; includeSubDomains
      x-content-type-options:
      - nosniff
      x-ms-ratelimit-remaining-subscription-global-reads:
      - '3749'
    status:
      code: 200
      message: OK
- request:
    body: null
    headers:
      Accept:
      - application/json
      Accept-Encoding:
      - gzip, deflate
      CommandName:
      - hdinsight create
      Connection:
      - keep-alive
      Content-Length:
      - '0'
      ParameterSetName:
      - -n -g -l -p -t --no-validation-timeout --storage-account --storage-container
        --workernode-size --headnode-size --zookeepernode-size --encryption-at-host
        --vnet-name --subnet --version
      User-Agent:
      - AZURECLI/2.69.0 azsdk-python-core/1.31.0 Python/3.12.9 (Windows-10-10.0.19045-SP0)
    method: POST
    uri: https://management.azure.com/subscriptions/00000000-0000-0000-0000-000000000000/resourceGroups/hdicli-000001/providers/Microsoft.Storage/storageAccounts/hdicli000002/listKeys?api-version=2024-01-01&$expand=kerb
  response:
    body:
      string: '{"keys":[{"creationTime":"2025-02-20T05:45:29.8842665Z","keyName":"key1","value":"veryFakedStorageAccountKey==","permissions":"FULL"},{"creationTime":"2025-02-20T05:45:29.8842665Z","keyName":"key2","value":"veryFakedStorageAccountKey==","permissions":"FULL"}]}'
    headers:
      cache-control:
      - no-cache
      content-length:
      - '260'
      content-type:
      - application/json
      date:
      - Thu, 20 Feb 2025 05:47:02 GMT
      expires:
      - '-1'
      pragma:
      - no-cache
      server:
      - Microsoft-Azure-Storage-Resource-Provider/1.0,Microsoft-HTTPAPI/2.0 Microsoft-HTTPAPI/2.0
      strict-transport-security:
      - max-age=31536000; includeSubDomains
      x-content-type-options:
      - nosniff
      x-ms-operation-identifier:
      - tenantId=54826b22-38d6-4fb2-bad9-b7b93a3e9c5a,objectId=a7250e3a-0e5e-48e2-9a34-45f1f5e1a91e/eastus2euap/63924dbe-fe22-4ef0-a128-225b6376a966
      x-ms-ratelimit-remaining-subscription-resource-requests:
      - '11996'
    status:
      code: 200
      message: OK
- request:
    body: '{"location": "eastus", "properties": {"clusterVersion": "5.1", "osType":
      "Linux", "clusterDefinition": {"kind": "spark", "configurations": {"gateway":
      {"restAuthCredential.isEnabled": "true", "restAuthCredential.username": "admin",
      "restAuthCredential.password": "Password1!"}}}, "computeProfile": {"roles":
      [{"name": "headnode", "targetInstanceCount": 2, "hardwareProfile": {"vmSize":
      "Standard_DS14_V2"}, "osProfile": {"linuxOperatingSystemProfile": {"username":
      "sshuser", "password": "Password1!"}}, "virtualNetworkProfile": {"id": "/subscriptions/00000000-0000-0000-0000-000000000000/resourceGroups/yuchen-ps-test/providers/Microsoft.Network/virtualNetworks/hdi-vn-0",
      "subnet": "/subscriptions/00000000-0000-0000-0000-000000000000/resourceGroups/yuchen-ps-test/providers/Microsoft.Network/virtualNetworks/hdi-vn-0/subnets/default"},
      "encryptDataDisks": false}, {"name": "workernode", "targetInstanceCount": 3,
      "hardwareProfile": {"vmSize": "Standard_DS14_V2"}, "osProfile": {"linuxOperatingSystemProfile":
      {"username": "sshuser", "password": "Password1!"}}, "virtualNetworkProfile":
      {"id": "/subscriptions/00000000-0000-0000-0000-000000000000/resourceGroups/yuchen-ps-test/providers/Microsoft.Network/virtualNetworks/hdi-vn-0",
      "subnet": "/subscriptions/00000000-0000-0000-0000-000000000000/resourceGroups/yuchen-ps-test/providers/Microsoft.Network/virtualNetworks/hdi-vn-0/subnets/default"},
      "encryptDataDisks": false}, {"name": "zookeepernode", "targetInstanceCount":
      3, "hardwareProfile": {"vmSize": "Standard_DS14_V2"}, "osProfile": {"linuxOperatingSystemProfile":
      {"username": "sshuser", "password": "Password1!"}}, "virtualNetworkProfile":
      {"id": "/subscriptions/00000000-0000-0000-0000-000000000000/resourceGroups/yuchen-ps-test/providers/Microsoft.Network/virtualNetworks/hdi-vn-0",
      "subnet": "/subscriptions/00000000-0000-0000-0000-000000000000/resourceGroups/yuchen-ps-test/providers/Microsoft.Network/virtualNetworks/hdi-vn-0/subnets/default"},
      "encryptDataDisks": false}]}, "storageProfile": {"storageaccounts": [{"name":
      "hdicli000002.blob.core.windows.net", "isDefault": true, "container": "default",
      "key": "veryFakedStorageAccountKey==", "resourceId": "/subscriptions/00000000-0000-0000-0000-000000000000/resourceGroups/hdicli-000001/providers/Microsoft.Storage/storageAccounts/hdicli000002"}]},
      "diskEncryptionProperties": {"encryptionAtHost": true}}}'
    headers:
      Accept:
      - application/json
      Accept-Encoding:
      - gzip, deflate
      CommandName:
      - hdinsight create
      Connection:
      - keep-alive
      Content-Length:
      - '2374'
      Content-Type:
      - application/json
      ParameterSetName:
      - -n -g -l -p -t --no-validation-timeout --storage-account --storage-container
        --workernode-size --headnode-size --zookeepernode-size --encryption-at-host
        --vnet-name --subnet --version
      User-Agent:
      - AZURECLI/2.69.0 azsdk-python-core/1.31.0 Python/3.12.9 (Windows-10-10.0.19045-SP0)
    method: PUT
    uri: https://management.azure.com/subscriptions/00000000-0000-0000-0000-000000000000/resourceGroups/hdicli-000001/providers/Microsoft.HDInsight/clusters/hdicli-000003?api-version=2024-08-01-preview
  response:
    body:
      string: '{"code":"BadRequest","message":"Virtual Network ''/subscriptions/00000000-0000-0000-0000-000000000000/resourceGroups/yuchen-ps-test/providers/Microsoft.Network/virtualNetworks/hdi-vn-0''
        or Subnet ''/subscriptions/00000000-0000-0000-0000-000000000000/resourceGroups/yuchen-ps-test/providers/Microsoft.Network/virtualNetworks/hdi-vn-0/subnets/default''
        is not in user subscription ''0b1f6471-1bf0-4dda-aec3-cb9272f09590''"}'
    headers:
      cache-control:
      - no-cache
      content-length:
      - '416'
      content-type:
      - application/json; charset=utf-8
      date:
      - Thu, 20 Feb 2025 05:47:20 GMT
      expires:
      - '-1'
      pragma:
      - no-cache
      server:
      - Microsoft-HTTPAPI/2.0
      strict-transport-security:
      - max-age=31536000; includeSubDomains
      x-content-type-options:
      - nosniff
      x-ms-hdi-served-by:
      - eastus
      x-ms-ratelimit-remaining-subscription-global-writes:
      - '2999'
      x-ms-ratelimit-remaining-subscription-writes:
      - '199'
    status:
      code: 400
      message: Bad Request
version: 1
