interactions:
- request:
    body: null
    headers:
      Accept:
      - application/json
      Accept-Encoding:
      - gzip, deflate
      CommandName:
      - hdinsight create
      Connection:
      - keep-alive
      ParameterSetName:
      - -n -g -l -p -t --no-validation-timeout --storage-account --storage-container
        -t --edgenode-size -v
      User-Agent:
      - python/3.8.0 (Windows-10-10.0.19041-SP0) msrest/0.6.9 msrest_azure/0.6.3 azure-mgmt-resource/10.1.0
        Azure-SDK-For-Python AZURECLI/2.9.0
      accept-language:
      - en-US
    method: GET
    uri: https://management.azure.com/subscriptions/00000000-0000-0000-0000-000000000000/resources?$filter=resourceType%20eq%20%27Microsoft.Storage%2FstorageAccounts%27%20and%20name%20eq%20%27hdicli000002%27&api-version=2020-06-01
  response:
    body:
      string: '{"value":[{"id":"/subscriptions/00000000-0000-0000-0000-000000000000/resourceGroups/hdicli-000001/providers/Microsoft.Storage/storageAccounts/hdicli000002","name":"hdicli000002","type":"Microsoft.Storage/storageAccounts","sku":{"name":"Standard_LRS","tier":"Standard"},"kind":"Storage","location":"eastus2","tags":{}}]}'
    headers:
      cache-control:
      - no-cache
      content-length:
      - '342'
      content-type:
      - application/json; charset=utf-8
      date:
      - Tue, 14 Jul 2020 15:33:03 GMT
      expires:
      - '-1'
      pragma:
      - no-cache
      strict-transport-security:
      - max-age=31536000; includeSubDomains
      vary:
      - Accept-Encoding
      x-content-type-options:
      - nosniff
    status:
      code: 200
      message: OK
- request:
    body: null
    headers:
      Accept:
      - application/json
      Accept-Encoding:
      - gzip, deflate
      CommandName:
      - hdinsight create
      Connection:
      - keep-alive
      ParameterSetName:
      - -n -g -l -p -t --no-validation-timeout --storage-account --storage-container
        -t --edgenode-size -v
      User-Agent:
      - python/3.8.0 (Windows-10-10.0.19041-SP0) msrest/0.6.9 msrest_azure/0.6.3 azure-mgmt-storage/11.1.0
        Azure-SDK-For-Python AZURECLI/2.9.0
      accept-language:
      - en-US
    method: GET
    uri: https://management.azure.com/subscriptions/00000000-0000-0000-0000-000000000000/resourceGroups/hdicli-000001/providers/Microsoft.Storage/storageAccounts/hdicli000002?api-version=2019-06-01
  response:
    body:
      string: '{"sku":{"name":"Standard_LRS","tier":"Standard"},"kind":"Storage","id":"/subscriptions/00000000-0000-0000-0000-000000000000/resourceGroups/hdicli-000001/providers/Microsoft.Storage/storageAccounts/hdicli000002","name":"hdicli000002","type":"Microsoft.Storage/storageAccounts","location":"eastus2","tags":{},"properties":{"privateEndpointConnections":[],"networkAcls":{"bypass":"AzureServices","virtualNetworkRules":[],"ipRules":[],"defaultAction":"Allow"},"supportsHttpsTrafficOnly":true,"encryption":{"services":{"file":{"keyType":"Account","enabled":true,"lastEnabledTime":"2020-07-14T15:31:41.8221599Z"},"blob":{"keyType":"Account","enabled":true,"lastEnabledTime":"2020-07-14T15:31:41.8221599Z"}},"keySource":"Microsoft.Storage"},"provisioningState":"Succeeded","creationTime":"2020-07-14T15:31:41.7283934Z","primaryEndpoints":{"blob":"https://hdicli000002.blob.core.windows.net/","queue":"https://hdicli000002.queue.core.windows.net/","table":"https://hdicli000002.table.core.windows.net/","file":"https://hdicli000002.file.core.windows.net/"},"primaryLocation":"eastus2","statusOfPrimary":"available"}}'
    headers:
      cache-control:
      - no-cache
      content-length:
      - '1179'
      content-type:
      - application/json
      date:
      - Tue, 14 Jul 2020 15:33:03 GMT
      expires:
      - '-1'
      pragma:
      - no-cache
      server:
      - Microsoft-Azure-Storage-Resource-Provider/1.0,Microsoft-HTTPAPI/2.0 Microsoft-HTTPAPI/2.0
      strict-transport-security:
      - max-age=31536000; includeSubDomains
      transfer-encoding:
      - chunked
      vary:
      - Accept-Encoding
      x-content-type-options:
      - nosniff
    status:
      code: 200
      message: OK
- request:
    body: null
    headers:
      Accept:
      - application/json
      Accept-Encoding:
      - gzip, deflate
      CommandName:
      - hdinsight create
      Connection:
      - keep-alive
      Content-Length:
      - '0'
      ParameterSetName:
      - -n -g -l -p -t --no-validation-timeout --storage-account --storage-container
        -t --edgenode-size -v
      User-Agent:
      - python/3.8.0 (Windows-10-10.0.19041-SP0) msrest/0.6.9 msrest_azure/0.6.3 azure-mgmt-storage/11.1.0
        Azure-SDK-For-Python AZURECLI/2.9.0
      accept-language:
      - en-US
    method: POST
    uri: https://management.azure.com/subscriptions/00000000-0000-0000-0000-000000000000/resourceGroups/hdicli-000001/providers/Microsoft.Storage/storageAccounts/hdicli000002/listKeys?api-version=2019-06-01
  response:
    body:
      string: '{"keys":[{"keyName":"key1","value":"veryFakedStorageAccountKey==","permissions":"FULL"},{"keyName":"key2","value":"veryFakedStorageAccountKey==","permissions":"FULL"}]}'
    headers:
      cache-control:
      - no-cache
      content-length:
      - '288'
      content-type:
      - application/json
      date:
      - Tue, 14 Jul 2020 15:33:04 GMT
      expires:
      - '-1'
      pragma:
      - no-cache
      server:
      - Microsoft-Azure-Storage-Resource-Provider/1.0,Microsoft-HTTPAPI/2.0 Microsoft-HTTPAPI/2.0
      strict-transport-security:
      - max-age=31536000; includeSubDomains
      transfer-encoding:
      - chunked
      vary:
      - Accept-Encoding
      x-content-type-options:
      - nosniff
      x-ms-ratelimit-remaining-subscription-resource-requests:
      - '11999'
    status:
      code: 200
      message: OK
- request:
    body: 'b''{"location": "eastus2", "properties": {"clusterVersion": "3.6", "osType":
      "Linux", "clusterDefinition": {"kind": "rserver", "configurations": {"gateway":
      {"restAuthCredential.isEnabled": "true", "restAuthCredential.username": "admin",
      "restAuthCredential.password": "Password1!"}}}, "computeProfile": {"roles":
      [{"name": "headnode", "targetInstanceCount": 2, "hardwareProfile": {"vmSize":
      "large"}, "osProfile": {"linuxOperatingSystemProfile": {"username": "sshuser",
      "password": "Password1!"}}}, {"name": "workernode", "targetInstanceCount": 3,
      "hardwareProfile": {"vmSize": "large"}, "osProfile": {"linuxOperatingSystemProfile":
      {"username": "sshuser", "password": "Password1!"}}}, {"name": "edgenode", "targetInstanceCount":
      1, "hardwareProfile": {"vmSize": "large"}, "osProfile": {"linuxOperatingSystemProfile":
      {"username": "sshuser", "password": "Password1!"}}}]}, "storageProfile": {"storageaccounts":
      [{"name": "hdicli000002.blob.core.windows.net", "isDefault": true, "container":
      "default", "key": "veryFakedStorageAccountKey=="}]}}}'''
    headers:
      Accept:
      - application/json
      Accept-Encoding:
      - gzip, deflate
      CommandName:
      - hdinsight create
      Connection:
      - keep-alive
      Content-Length:
      - '1114'
      Content-Type:
      - application/json; charset=utf-8
      ParameterSetName:
      - -n -g -l -p -t --no-validation-timeout --storage-account --storage-container
        -t --edgenode-size -v
      User-Agent:
      - python/3.8.0 (Windows-10-10.0.19041-SP0) msrest/0.6.9 msrest_azure/0.6.3 azure-mgmt-hdinsight/1.5.1
        Azure-SDK-For-Python AZURECLI/2.9.0
      accept-language:
      - en-US
    method: PUT
    uri: https://management.azure.com/subscriptions/00000000-0000-0000-0000-000000000000/resourceGroups/hdicli-000001/providers/Microsoft.HDInsight/clusters/hdicli-000003?api-version=2018-06-01-preview
  response:
    body:
      string: '{"id":"/subscriptions/00000000-0000-0000-0000-000000000000/resourceGroups/hdicli-000001/providers/Microsoft.HDInsight/clusters/hdicli-000003","name":"hdicli-000003","type":"Microsoft.HDInsight/clusters","location":"East
        US 2","etag":"3fa40dcc-f7d1-40d9-afbd-b0630dc8d167","tags":null,"properties":{"clusterVersion":"3.6.1000.0","clusterHdpVersion":"","osType":"Linux","clusterDefinition":{"blueprint":"https://blueprints.azurehdinsight.net/rserver-3.6.1000.0.2006040535.json","kind":"rserver","componentVersion":{"spark":"2.1"}},"clusterId":"f63935c5da0b4371af9a3fa1f31d202d","computeProfile":{"roles":[{"name":"headnode","targetInstanceCount":2,"hardwareProfile":{"vmSize":"standard_a4_v2"},"osProfile":{"linuxOperatingSystemProfile":{"username":"sshuser"}},"encryptDataDisks":false},{"name":"workernode","targetInstanceCount":3,"hardwareProfile":{"vmSize":"standard_a4_v2"},"osProfile":{"linuxOperatingSystemProfile":{"username":"sshuser"}},"encryptDataDisks":false},{"name":"edgenode","targetInstanceCount":1,"hardwareProfile":{"vmSize":"standard_a4_v2"},"osProfile":{"linuxOperatingSystemProfile":{"username":"sshuser"}},"encryptDataDisks":false}]},"provisioningState":"InProgress","clusterState":"Accepted","createdDate":"2020-07-14T15:33:27.087","quotaInfo":{"coresUsed":24},"tier":"standard","encryptionInTransitProperties":{"isEncryptionInTransitEnabled":false},"storageProfile":{"storageaccounts":[{"name":"hdicli000002.blob.core.windows.net","resourceId":null,"msiResourceId":null,"key":null,"fileSystem":null,"container":"default","saskey":null,"isDefault":true,"fileshare":null}]},"excludedServicesConfig":{"m_Item1":"default","m_Item2":""}}}'
    headers:
      azure-asyncoperation:
      - https://management.azure.com:443/subscriptions/00000000-0000-0000-0000-000000000000/resourceGroups/hdicli-000001/providers/Microsoft.HDInsight/clusters/hdicli-000003/azureasyncoperations/create?api-version=2018-06-01-preview
      cache-control:
      - no-cache
      content-length:
      - '1671'
      content-type:
      - application/json; charset=utf-8
      date:
      - Tue, 14 Jul 2020 15:33:29 GMT
      etag:
      - '"3fa40dcc-f7d1-40d9-afbd-b0630dc8d167"'
      expires:
      - '-1'
      pragma:
      - no-cache
      strict-transport-security:
      - max-age=31536000; includeSubDomains
      transfer-encoding:
      - chunked
      vary:
      - Accept-Encoding
      x-content-type-options:
      - nosniff
      x-ms-hdi-clusteruri:
      - https://management.azure.com/subscriptions/0b1f6471-1bf0-4dda-aec3-cb9272f09590/resourceGroups/hdicli-uupqf/providers/Microsoft.HDInsight/clusters/hdicli-k2k4okp3o?api-version=2018-06-01-preview
      x-ms-hdi-served-by:
      - global
      x-ms-ratelimit-remaining-subscription-writes:
      - '1194'
    status:
      code: 200
      message: OK
- request:
    body: null
    headers:
      Accept:
      - application/json
      Accept-Encoding:
      - gzip, deflate
      CommandName:
      - hdinsight create
      Connection:
      - keep-alive
      ParameterSetName:
      - -n -g -l -p -t --no-validation-timeout --storage-account --storage-container
        -t --edgenode-size -v
      User-Agent:
      - python/3.8.0 (Windows-10-10.0.19041-SP0) msrest/0.6.9 msrest_azure/0.6.3 azure-mgmt-hdinsight/1.5.1
        Azure-SDK-For-Python AZURECLI/2.9.0
    method: GET
    uri: https://management.azure.com/subscriptions/00000000-0000-0000-0000-000000000000/resourceGroups/hdicli-000001/providers/Microsoft.HDInsight/clusters/hdicli-000003/azureasyncoperations/create?api-version=2018-06-01-preview
  response:
    body:
      string: '{"status":"InProgress"}'
    headers:
      cache-control:
      - no-cache
      content-length:
      - '23'
      content-type:
      - application/json; charset=utf-8
      date:
      - Tue, 14 Jul 2020 15:34:01 GMT
      expires:
      - '-1'
      pragma:
      - no-cache
      strict-transport-security:
      - max-age=31536000; includeSubDomains
      transfer-encoding:
      - chunked
      vary:
      - Accept-Encoding
      x-content-type-options:
      - nosniff
      x-ms-hdi-served-by:
      - global
    status:
      code: 200
      message: OK
- request:
    body: null
    headers:
      Accept:
      - application/json
      Accept-Encoding:
      - gzip, deflate
      CommandName:
      - hdinsight create
      Connection:
      - keep-alive
      ParameterSetName:
      - -n -g -l -p -t --no-validation-timeout --storage-account --storage-container
        -t --edgenode-size -v
      User-Agent:
      - python/3.8.0 (Windows-10-10.0.19041-SP0) msrest/0.6.9 msrest_azure/0.6.3 azure-mgmt-hdinsight/1.5.1
        Azure-SDK-For-Python AZURECLI/2.9.0
    method: GET
    uri: https://management.azure.com/subscriptions/00000000-0000-0000-0000-000000000000/resourceGroups/hdicli-000001/providers/Microsoft.HDInsight/clusters/hdicli-000003/azureasyncoperations/create?api-version=2018-06-01-preview
  response:
    body:
      string: '{"status":"InProgress"}'
    headers:
      cache-control:
      - no-cache
      content-length:
      - '23'
      content-type:
      - application/json; charset=utf-8
      date:
      - Tue, 14 Jul 2020 15:34:33 GMT
      expires:
      - '-1'
      pragma:
      - no-cache
      strict-transport-security:
      - max-age=31536000; includeSubDomains
      transfer-encoding:
      - chunked
      vary:
      - Accept-Encoding
      x-content-type-options:
      - nosniff
      x-ms-hdi-served-by:
      - global
    status:
      code: 200
      message: OK
- request:
    body: null
    headers:
      Accept:
      - application/json
      Accept-Encoding:
      - gzip, deflate
      CommandName:
      - hdinsight create
      Connection:
      - keep-alive
      ParameterSetName:
      - -n -g -l -p -t --no-validation-timeout --storage-account --storage-container
        -t --edgenode-size -v
      User-Agent:
      - python/3.8.0 (Windows-10-10.0.19041-SP0) msrest/0.6.9 msrest_azure/0.6.3 azure-mgmt-hdinsight/1.5.1
        Azure-SDK-For-Python AZURECLI/2.9.0
    method: GET
    uri: https://management.azure.com/subscriptions/00000000-0000-0000-0000-000000000000/resourceGroups/hdicli-000001/providers/Microsoft.HDInsight/clusters/hdicli-000003/azureasyncoperations/create?api-version=2018-06-01-preview
  response:
    body:
      string: '{"status":"InProgress"}'
    headers:
      cache-control:
      - no-cache
      content-length:
      - '23'
      content-type:
      - application/json; charset=utf-8
      date:
      - Tue, 14 Jul 2020 15:35:04 GMT
      expires:
      - '-1'
      pragma:
      - no-cache
      strict-transport-security:
      - max-age=31536000; includeSubDomains
      transfer-encoding:
      - chunked
      vary:
      - Accept-Encoding
      x-content-type-options:
      - nosniff
      x-ms-hdi-served-by:
      - global
    status:
      code: 200
      message: OK
- request:
    body: null
    headers:
      Accept:
      - application/json
      Accept-Encoding:
      - gzip, deflate
      CommandName:
      - hdinsight create
      Connection:
      - keep-alive
      ParameterSetName:
      - -n -g -l -p -t --no-validation-timeout --storage-account --storage-container
        -t --edgenode-size -v
      User-Agent:
      - python/3.8.0 (Windows-10-10.0.19041-SP0) msrest/0.6.9 msrest_azure/0.6.3 azure-mgmt-hdinsight/1.5.1
        Azure-SDK-For-Python AZURECLI/2.9.0
    method: GET
    uri: https://management.azure.com/subscriptions/00000000-0000-0000-0000-000000000000/resourceGroups/hdicli-000001/providers/Microsoft.HDInsight/clusters/hdicli-000003/azureasyncoperations/create?api-version=2018-06-01-preview
  response:
    body:
      string: '{"status":"InProgress"}'
    headers:
      cache-control:
      - no-cache
      content-length:
      - '23'
      content-type:
      - application/json; charset=utf-8
      date:
      - Tue, 14 Jul 2020 15:35:36 GMT
      expires:
      - '-1'
      pragma:
      - no-cache
      strict-transport-security:
      - max-age=31536000; includeSubDomains
      transfer-encoding:
      - chunked
      vary:
      - Accept-Encoding
      x-content-type-options:
      - nosniff
      x-ms-hdi-served-by:
      - global
    status:
      code: 200
      message: OK
- request:
    body: null
    headers:
      Accept:
      - application/json
      Accept-Encoding:
      - gzip, deflate
      CommandName:
      - hdinsight create
      Connection:
      - keep-alive
      ParameterSetName:
      - -n -g -l -p -t --no-validation-timeout --storage-account --storage-container
        -t --edgenode-size -v
      User-Agent:
      - python/3.8.0 (Windows-10-10.0.19041-SP0) msrest/0.6.9 msrest_azure/0.6.3 azure-mgmt-hdinsight/1.5.1
        Azure-SDK-For-Python AZURECLI/2.9.0
    method: GET
    uri: https://management.azure.com/subscriptions/00000000-0000-0000-0000-000000000000/resourceGroups/hdicli-000001/providers/Microsoft.HDInsight/clusters/hdicli-000003/azureasyncoperations/create?api-version=2018-06-01-preview
  response:
    body:
      string: '{"status":"InProgress"}'
    headers:
      cache-control:
      - no-cache
      content-length:
      - '23'
      content-type:
      - application/json; charset=utf-8
      date:
      - Tue, 14 Jul 2020 15:36:08 GMT
      expires:
      - '-1'
      pragma:
      - no-cache
      strict-transport-security:
      - max-age=31536000; includeSubDomains
      transfer-encoding:
      - chunked
      vary:
      - Accept-Encoding
      x-content-type-options:
      - nosniff
      x-ms-hdi-served-by:
      - global
    status:
      code: 200
      message: OK
- request:
    body: null
    headers:
      Accept:
      - application/json
      Accept-Encoding:
      - gzip, deflate
      CommandName:
      - hdinsight create
      Connection:
      - keep-alive
      ParameterSetName:
      - -n -g -l -p -t --no-validation-timeout --storage-account --storage-container
        -t --edgenode-size -v
      User-Agent:
      - python/3.8.0 (Windows-10-10.0.19041-SP0) msrest/0.6.9 msrest_azure/0.6.3 azure-mgmt-hdinsight/1.5.1
        Azure-SDK-For-Python AZURECLI/2.9.0
    method: GET
    uri: https://management.azure.com/subscriptions/00000000-0000-0000-0000-000000000000/resourceGroups/hdicli-000001/providers/Microsoft.HDInsight/clusters/hdicli-000003/azureasyncoperations/create?api-version=2018-06-01-preview
  response:
    body:
      string: '{"status":"InProgress"}'
    headers:
      cache-control:
      - no-cache
      content-length:
      - '23'
      content-type:
      - application/json; charset=utf-8
      date:
      - Tue, 14 Jul 2020 15:36:40 GMT
      expires:
      - '-1'
      pragma:
      - no-cache
      strict-transport-security:
      - max-age=31536000; includeSubDomains
      transfer-encoding:
      - chunked
      vary:
      - Accept-Encoding
      x-content-type-options:
      - nosniff
      x-ms-hdi-served-by:
      - global
    status:
      code: 200
      message: OK
- request:
    body: null
    headers:
      Accept:
      - application/json
      Accept-Encoding:
      - gzip, deflate
      CommandName:
      - hdinsight create
      Connection:
      - keep-alive
      ParameterSetName:
      - -n -g -l -p -t --no-validation-timeout --storage-account --storage-container
        -t --edgenode-size -v
      User-Agent:
      - python/3.8.0 (Windows-10-10.0.19041-SP0) msrest/0.6.9 msrest_azure/0.6.3 azure-mgmt-hdinsight/1.5.1
        Azure-SDK-For-Python AZURECLI/2.9.0
    method: GET
    uri: https://management.azure.com/subscriptions/00000000-0000-0000-0000-000000000000/resourceGroups/hdicli-000001/providers/Microsoft.HDInsight/clusters/hdicli-000003/azureasyncoperations/create?api-version=2018-06-01-preview
  response:
    body:
      string: '{"status":"InProgress"}'
    headers:
      cache-control:
      - no-cache
      content-length:
      - '23'
      content-type:
      - application/json; charset=utf-8
      date:
      - Tue, 14 Jul 2020 15:37:12 GMT
      expires:
      - '-1'
      pragma:
      - no-cache
      strict-transport-security:
      - max-age=31536000; includeSubDomains
      transfer-encoding:
      - chunked
      vary:
      - Accept-Encoding
      x-content-type-options:
      - nosniff
      x-ms-hdi-served-by:
      - global
    status:
      code: 200
      message: OK
- request:
    body: null
    headers:
      Accept:
      - application/json
      Accept-Encoding:
      - gzip, deflate
      CommandName:
      - hdinsight create
      Connection:
      - keep-alive
      ParameterSetName:
      - -n -g -l -p -t --no-validation-timeout --storage-account --storage-container
        -t --edgenode-size -v
      User-Agent:
      - python/3.8.0 (Windows-10-10.0.19041-SP0) msrest/0.6.9 msrest_azure/0.6.3 azure-mgmt-hdinsight/1.5.1
        Azure-SDK-For-Python AZURECLI/2.9.0
    method: GET
    uri: https://management.azure.com/subscriptions/00000000-0000-0000-0000-000000000000/resourceGroups/hdicli-000001/providers/Microsoft.HDInsight/clusters/hdicli-000003/azureasyncoperations/create?api-version=2018-06-01-preview
  response:
    body:
      string: '{"status":"InProgress"}'
    headers:
      cache-control:
      - no-cache
      content-length:
      - '23'
      content-type:
      - application/json; charset=utf-8
      date:
      - Tue, 14 Jul 2020 15:37:44 GMT
      expires:
      - '-1'
      pragma:
      - no-cache
      strict-transport-security:
      - max-age=31536000; includeSubDomains
      transfer-encoding:
      - chunked
      vary:
      - Accept-Encoding
      x-content-type-options:
      - nosniff
      x-ms-hdi-served-by:
      - global
    status:
      code: 200
      message: OK
- request:
    body: null
    headers:
      Accept:
      - application/json
      Accept-Encoding:
      - gzip, deflate
      CommandName:
      - hdinsight create
      Connection:
      - keep-alive
      ParameterSetName:
      - -n -g -l -p -t --no-validation-timeout --storage-account --storage-container
        -t --edgenode-size -v
      User-Agent:
      - python/3.8.0 (Windows-10-10.0.19041-SP0) msrest/0.6.9 msrest_azure/0.6.3 azure-mgmt-hdinsight/1.5.1
        Azure-SDK-For-Python AZURECLI/2.9.0
    method: GET
    uri: https://management.azure.com/subscriptions/00000000-0000-0000-0000-000000000000/resourceGroups/hdicli-000001/providers/Microsoft.HDInsight/clusters/hdicli-000003/azureasyncoperations/create?api-version=2018-06-01-preview
  response:
    body:
      string: '{"status":"InProgress"}'
    headers:
      cache-control:
      - no-cache
      content-length:
      - '23'
      content-type:
      - application/json; charset=utf-8
      date:
      - Tue, 14 Jul 2020 15:38:14 GMT
      expires:
      - '-1'
      pragma:
      - no-cache
      strict-transport-security:
      - max-age=31536000; includeSubDomains
      transfer-encoding:
      - chunked
      vary:
      - Accept-Encoding
      x-content-type-options:
      - nosniff
      x-ms-hdi-served-by:
      - global
    status:
      code: 200
      message: OK
- request:
    body: null
    headers:
      Accept:
      - application/json
      Accept-Encoding:
      - gzip, deflate
      CommandName:
      - hdinsight create
      Connection:
      - keep-alive
      ParameterSetName:
      - -n -g -l -p -t --no-validation-timeout --storage-account --storage-container
        -t --edgenode-size -v
      User-Agent:
      - python/3.8.0 (Windows-10-10.0.19041-SP0) msrest/0.6.9 msrest_azure/0.6.3 azure-mgmt-hdinsight/1.5.1
        Azure-SDK-For-Python AZURECLI/2.9.0
    method: GET
    uri: https://management.azure.com/subscriptions/00000000-0000-0000-0000-000000000000/resourceGroups/hdicli-000001/providers/Microsoft.HDInsight/clusters/hdicli-000003/azureasyncoperations/create?api-version=2018-06-01-preview
  response:
    body:
      string: '{"status":"InProgress"}'
    headers:
      cache-control:
      - no-cache
      content-length:
      - '23'
      content-type:
      - application/json; charset=utf-8
      date:
      - Tue, 14 Jul 2020 15:38:45 GMT
      expires:
      - '-1'
      pragma:
      - no-cache
      strict-transport-security:
      - max-age=31536000; includeSubDomains
      transfer-encoding:
      - chunked
      vary:
      - Accept-Encoding
      x-content-type-options:
      - nosniff
      x-ms-hdi-served-by:
      - global
    status:
      code: 200
      message: OK
- request:
    body: null
    headers:
      Accept:
      - application/json
      Accept-Encoding:
      - gzip, deflate
      CommandName:
      - hdinsight create
      Connection:
      - keep-alive
      ParameterSetName:
      - -n -g -l -p -t --no-validation-timeout --storage-account --storage-container
        -t --edgenode-size -v
      User-Agent:
      - python/3.8.0 (Windows-10-10.0.19041-SP0) msrest/0.6.9 msrest_azure/0.6.3 azure-mgmt-hdinsight/1.5.1
        Azure-SDK-For-Python AZURECLI/2.9.0
    method: GET
    uri: https://management.azure.com/subscriptions/00000000-0000-0000-0000-000000000000/resourceGroups/hdicli-000001/providers/Microsoft.HDInsight/clusters/hdicli-000003/azureasyncoperations/create?api-version=2018-06-01-preview
  response:
    body:
      string: '{"status":"InProgress"}'
    headers:
      cache-control:
      - no-cache
      content-length:
      - '23'
      content-type:
      - application/json; charset=utf-8
      date:
      - Tue, 14 Jul 2020 15:39:17 GMT
      expires:
      - '-1'
      pragma:
      - no-cache
      strict-transport-security:
      - max-age=31536000; includeSubDomains
      transfer-encoding:
      - chunked
      vary:
      - Accept-Encoding
      x-content-type-options:
      - nosniff
      x-ms-hdi-served-by:
      - global
    status:
      code: 200
      message: OK
- request:
    body: null
    headers:
      Accept:
      - application/json
      Accept-Encoding:
      - gzip, deflate
      CommandName:
      - hdinsight create
      Connection:
      - keep-alive
      ParameterSetName:
      - -n -g -l -p -t --no-validation-timeout --storage-account --storage-container
        -t --edgenode-size -v
      User-Agent:
      - python/3.8.0 (Windows-10-10.0.19041-SP0) msrest/0.6.9 msrest_azure/0.6.3 azure-mgmt-hdinsight/1.5.1
        Azure-SDK-For-Python AZURECLI/2.9.0
    method: GET
    uri: https://management.azure.com/subscriptions/00000000-0000-0000-0000-000000000000/resourceGroups/hdicli-000001/providers/Microsoft.HDInsight/clusters/hdicli-000003/azureasyncoperations/create?api-version=2018-06-01-preview
  response:
    body:
      string: '{"status":"InProgress"}'
    headers:
      cache-control:
      - no-cache
      content-length:
      - '23'
      content-type:
      - application/json; charset=utf-8
      date:
      - Tue, 14 Jul 2020 15:39:48 GMT
      expires:
      - '-1'
      pragma:
      - no-cache
      strict-transport-security:
      - max-age=31536000; includeSubDomains
      transfer-encoding:
      - chunked
      vary:
      - Accept-Encoding
      x-content-type-options:
      - nosniff
      x-ms-hdi-served-by:
      - global
    status:
      code: 200
      message: OK
- request:
    body: null
    headers:
      Accept:
      - application/json
      Accept-Encoding:
      - gzip, deflate
      CommandName:
      - hdinsight create
      Connection:
      - keep-alive
      ParameterSetName:
      - -n -g -l -p -t --no-validation-timeout --storage-account --storage-container
        -t --edgenode-size -v
      User-Agent:
      - python/3.8.0 (Windows-10-10.0.19041-SP0) msrest/0.6.9 msrest_azure/0.6.3 azure-mgmt-hdinsight/1.5.1
        Azure-SDK-For-Python AZURECLI/2.9.0
    method: GET
    uri: https://management.azure.com/subscriptions/00000000-0000-0000-0000-000000000000/resourceGroups/hdicli-000001/providers/Microsoft.HDInsight/clusters/hdicli-000003/azureasyncoperations/create?api-version=2018-06-01-preview
  response:
    body:
      string: '{"status":"InProgress"}'
    headers:
      cache-control:
      - no-cache
      content-length:
      - '23'
      content-type:
      - application/json; charset=utf-8
      date:
      - Tue, 14 Jul 2020 15:40:18 GMT
      expires:
      - '-1'
      pragma:
      - no-cache
      strict-transport-security:
      - max-age=31536000; includeSubDomains
      transfer-encoding:
      - chunked
      vary:
      - Accept-Encoding
      x-content-type-options:
      - nosniff
      x-ms-hdi-served-by:
      - global
    status:
      code: 200
      message: OK
- request:
    body: null
    headers:
      Accept:
      - application/json
      Accept-Encoding:
      - gzip, deflate
      CommandName:
      - hdinsight create
      Connection:
      - keep-alive
      ParameterSetName:
      - -n -g -l -p -t --no-validation-timeout --storage-account --storage-container
        -t --edgenode-size -v
      User-Agent:
      - python/3.8.0 (Windows-10-10.0.19041-SP0) msrest/0.6.9 msrest_azure/0.6.3 azure-mgmt-hdinsight/1.5.1
        Azure-SDK-For-Python AZURECLI/2.9.0
    method: GET
    uri: https://management.azure.com/subscriptions/00000000-0000-0000-0000-000000000000/resourceGroups/hdicli-000001/providers/Microsoft.HDInsight/clusters/hdicli-000003/azureasyncoperations/create?api-version=2018-06-01-preview
  response:
    body:
      string: '{"status":"InProgress"}'
    headers:
      cache-control:
      - no-cache
      content-length:
      - '23'
      content-type:
      - application/json; charset=utf-8
      date:
      - Tue, 14 Jul 2020 15:40:51 GMT
      expires:
      - '-1'
      pragma:
      - no-cache
      strict-transport-security:
      - max-age=31536000; includeSubDomains
      transfer-encoding:
      - chunked
      vary:
      - Accept-Encoding
      x-content-type-options:
      - nosniff
      x-ms-hdi-served-by:
      - global
    status:
      code: 200
      message: OK
- request:
    body: null
    headers:
      Accept:
      - application/json
      Accept-Encoding:
      - gzip, deflate
      CommandName:
      - hdinsight create
      Connection:
      - keep-alive
      ParameterSetName:
      - -n -g -l -p -t --no-validation-timeout --storage-account --storage-container
        -t --edgenode-size -v
      User-Agent:
      - python/3.8.0 (Windows-10-10.0.19041-SP0) msrest/0.6.9 msrest_azure/0.6.3 azure-mgmt-hdinsight/1.5.1
        Azure-SDK-For-Python AZURECLI/2.9.0
    method: GET
    uri: https://management.azure.com/subscriptions/00000000-0000-0000-0000-000000000000/resourceGroups/hdicli-000001/providers/Microsoft.HDInsight/clusters/hdicli-000003/azureasyncoperations/create?api-version=2018-06-01-preview
  response:
    body:
      string: '{"status":"InProgress"}'
    headers:
      cache-control:
      - no-cache
      content-length:
      - '23'
      content-type:
      - application/json; charset=utf-8
      date:
      - Tue, 14 Jul 2020 15:41:22 GMT
      expires:
      - '-1'
      pragma:
      - no-cache
      strict-transport-security:
      - max-age=31536000; includeSubDomains
      transfer-encoding:
      - chunked
      vary:
      - Accept-Encoding
      x-content-type-options:
      - nosniff
      x-ms-hdi-served-by:
      - global
    status:
      code: 200
      message: OK
- request:
    body: null
    headers:
      Accept:
      - application/json
      Accept-Encoding:
      - gzip, deflate
      CommandName:
      - hdinsight create
      Connection:
      - keep-alive
      ParameterSetName:
      - -n -g -l -p -t --no-validation-timeout --storage-account --storage-container
        -t --edgenode-size -v
      User-Agent:
      - python/3.8.0 (Windows-10-10.0.19041-SP0) msrest/0.6.9 msrest_azure/0.6.3 azure-mgmt-hdinsight/1.5.1
        Azure-SDK-For-Python AZURECLI/2.9.0
    method: GET
    uri: https://management.azure.com/subscriptions/00000000-0000-0000-0000-000000000000/resourceGroups/hdicli-000001/providers/Microsoft.HDInsight/clusters/hdicli-000003/azureasyncoperations/create?api-version=2018-06-01-preview
  response:
    body:
      string: '{"status":"InProgress"}'
    headers:
      cache-control:
      - no-cache
      content-length:
      - '23'
      content-type:
      - application/json; charset=utf-8
      date:
      - Tue, 14 Jul 2020 15:41:53 GMT
      expires:
      - '-1'
      pragma:
      - no-cache
      strict-transport-security:
      - max-age=31536000; includeSubDomains
      transfer-encoding:
      - chunked
      vary:
      - Accept-Encoding
      x-content-type-options:
      - nosniff
      x-ms-hdi-served-by:
      - global
    status:
      code: 200
      message: OK
- request:
    body: null
    headers:
      Accept:
      - application/json
      Accept-Encoding:
      - gzip, deflate
      CommandName:
      - hdinsight create
      Connection:
      - keep-alive
      ParameterSetName:
      - -n -g -l -p -t --no-validation-timeout --storage-account --storage-container
        -t --edgenode-size -v
      User-Agent:
      - python/3.8.0 (Windows-10-10.0.19041-SP0) msrest/0.6.9 msrest_azure/0.6.3 azure-mgmt-hdinsight/1.5.1
        Azure-SDK-For-Python AZURECLI/2.9.0
    method: GET
    uri: https://management.azure.com/subscriptions/00000000-0000-0000-0000-000000000000/resourceGroups/hdicli-000001/providers/Microsoft.HDInsight/clusters/hdicli-000003/azureasyncoperations/create?api-version=2018-06-01-preview
  response:
    body:
      string: '{"status":"InProgress"}'
    headers:
      cache-control:
      - no-cache
      content-length:
      - '23'
      content-type:
      - application/json; charset=utf-8
      date:
      - Tue, 14 Jul 2020 15:42:26 GMT
      expires:
      - '-1'
      pragma:
      - no-cache
      strict-transport-security:
      - max-age=31536000; includeSubDomains
      transfer-encoding:
      - chunked
      vary:
      - Accept-Encoding
      x-content-type-options:
      - nosniff
      x-ms-hdi-served-by:
      - global
    status:
      code: 200
      message: OK
- request:
    body: null
    headers:
      Accept:
      - application/json
      Accept-Encoding:
      - gzip, deflate
      CommandName:
      - hdinsight create
      Connection:
      - keep-alive
      ParameterSetName:
      - -n -g -l -p -t --no-validation-timeout --storage-account --storage-container
        -t --edgenode-size -v
      User-Agent:
      - python/3.8.0 (Windows-10-10.0.19041-SP0) msrest/0.6.9 msrest_azure/0.6.3 azure-mgmt-hdinsight/1.5.1
        Azure-SDK-For-Python AZURECLI/2.9.0
    method: GET
    uri: https://management.azure.com/subscriptions/00000000-0000-0000-0000-000000000000/resourceGroups/hdicli-000001/providers/Microsoft.HDInsight/clusters/hdicli-000003/azureasyncoperations/create?api-version=2018-06-01-preview
  response:
    body:
      string: '{"status":"InProgress"}'
    headers:
      cache-control:
      - no-cache
      content-length:
      - '23'
      content-type:
      - application/json; charset=utf-8
      date:
      - Tue, 14 Jul 2020 15:42:57 GMT
      expires:
      - '-1'
      pragma:
      - no-cache
      strict-transport-security:
      - max-age=31536000; includeSubDomains
      transfer-encoding:
      - chunked
      vary:
      - Accept-Encoding
      x-content-type-options:
      - nosniff
      x-ms-hdi-served-by:
      - global
    status:
      code: 200
      message: OK
- request:
    body: null
    headers:
      Accept:
      - application/json
      Accept-Encoding:
      - gzip, deflate
      CommandName:
      - hdinsight create
      Connection:
      - keep-alive
      ParameterSetName:
      - -n -g -l -p -t --no-validation-timeout --storage-account --storage-container
        -t --edgenode-size -v
      User-Agent:
      - python/3.8.0 (Windows-10-10.0.19041-SP0) msrest/0.6.9 msrest_azure/0.6.3 azure-mgmt-hdinsight/1.5.1
        Azure-SDK-For-Python AZURECLI/2.9.0
    method: GET
    uri: https://management.azure.com/subscriptions/00000000-0000-0000-0000-000000000000/resourceGroups/hdicli-000001/providers/Microsoft.HDInsight/clusters/hdicli-000003/azureasyncoperations/create?api-version=2018-06-01-preview
  response:
    body:
      string: '{"status":"InProgress"}'
    headers:
      cache-control:
      - no-cache
      content-length:
      - '23'
      content-type:
      - application/json; charset=utf-8
      date:
      - Tue, 14 Jul 2020 15:43:29 GMT
      expires:
      - '-1'
      pragma:
      - no-cache
      strict-transport-security:
      - max-age=31536000; includeSubDomains
      transfer-encoding:
      - chunked
      vary:
      - Accept-Encoding
      x-content-type-options:
      - nosniff
      x-ms-hdi-served-by:
      - global
    status:
      code: 200
      message: OK
- request:
    body: null
    headers:
      Accept:
      - application/json
      Accept-Encoding:
      - gzip, deflate
      CommandName:
      - hdinsight create
      Connection:
      - keep-alive
      ParameterSetName:
      - -n -g -l -p -t --no-validation-timeout --storage-account --storage-container
        -t --edgenode-size -v
      User-Agent:
      - python/3.8.0 (Windows-10-10.0.19041-SP0) msrest/0.6.9 msrest_azure/0.6.3 azure-mgmt-hdinsight/1.5.1
        Azure-SDK-For-Python AZURECLI/2.9.0
    method: GET
    uri: https://management.azure.com/subscriptions/00000000-0000-0000-0000-000000000000/resourceGroups/hdicli-000001/providers/Microsoft.HDInsight/clusters/hdicli-000003/azureasyncoperations/create?api-version=2018-06-01-preview
  response:
    body:
      string: '{"status":"InProgress"}'
    headers:
      cache-control:
      - no-cache
      content-length:
      - '23'
      content-type:
      - application/json; charset=utf-8
      date:
      - Tue, 14 Jul 2020 15:44:01 GMT
      expires:
      - '-1'
      pragma:
      - no-cache
      strict-transport-security:
      - max-age=31536000; includeSubDomains
      transfer-encoding:
      - chunked
      vary:
      - Accept-Encoding
      x-content-type-options:
      - nosniff
      x-ms-hdi-served-by:
      - global
    status:
      code: 200
      message: OK
- request:
    body: null
    headers:
      Accept:
      - application/json
      Accept-Encoding:
      - gzip, deflate
      CommandName:
      - hdinsight create
      Connection:
      - keep-alive
      ParameterSetName:
      - -n -g -l -p -t --no-validation-timeout --storage-account --storage-container
        -t --edgenode-size -v
      User-Agent:
      - python/3.8.0 (Windows-10-10.0.19041-SP0) msrest/0.6.9 msrest_azure/0.6.3 azure-mgmt-hdinsight/1.5.1
        Azure-SDK-For-Python AZURECLI/2.9.0
    method: GET
    uri: https://management.azure.com/subscriptions/00000000-0000-0000-0000-000000000000/resourceGroups/hdicli-000001/providers/Microsoft.HDInsight/clusters/hdicli-000003/azureasyncoperations/create?api-version=2018-06-01-preview
  response:
    body:
      string: '{"status":"InProgress"}'
    headers:
      cache-control:
      - no-cache
      content-length:
      - '23'
      content-type:
      - application/json; charset=utf-8
      date:
      - Tue, 14 Jul 2020 15:44:31 GMT
      expires:
      - '-1'
      pragma:
      - no-cache
      strict-transport-security:
      - max-age=31536000; includeSubDomains
      transfer-encoding:
      - chunked
      vary:
      - Accept-Encoding
      x-content-type-options:
      - nosniff
      x-ms-hdi-served-by:
      - global
    status:
      code: 200
      message: OK
- request:
    body: null
    headers:
      Accept:
      - application/json
      Accept-Encoding:
      - gzip, deflate
      CommandName:
      - hdinsight create
      Connection:
      - keep-alive
      ParameterSetName:
      - -n -g -l -p -t --no-validation-timeout --storage-account --storage-container
        -t --edgenode-size -v
      User-Agent:
      - python/3.8.0 (Windows-10-10.0.19041-SP0) msrest/0.6.9 msrest_azure/0.6.3 azure-mgmt-hdinsight/1.5.1
        Azure-SDK-For-Python AZURECLI/2.9.0
    method: GET
    uri: https://management.azure.com/subscriptions/00000000-0000-0000-0000-000000000000/resourceGroups/hdicli-000001/providers/Microsoft.HDInsight/clusters/hdicli-000003/azureasyncoperations/create?api-version=2018-06-01-preview
  response:
    body:
      string: '{"status":"InProgress"}'
    headers:
      cache-control:
      - no-cache
      content-length:
      - '23'
      content-type:
      - application/json; charset=utf-8
      date:
      - Tue, 14 Jul 2020 15:45:03 GMT
      expires:
      - '-1'
      pragma:
      - no-cache
      strict-transport-security:
      - max-age=31536000; includeSubDomains
      transfer-encoding:
      - chunked
      vary:
      - Accept-Encoding
      x-content-type-options:
      - nosniff
      x-ms-hdi-served-by:
      - global
    status:
      code: 200
      message: OK
- request:
    body: null
    headers:
      Accept:
      - application/json
      Accept-Encoding:
      - gzip, deflate
      CommandName:
      - hdinsight create
      Connection:
      - keep-alive
      ParameterSetName:
      - -n -g -l -p -t --no-validation-timeout --storage-account --storage-container
        -t --edgenode-size -v
      User-Agent:
      - python/3.8.0 (Windows-10-10.0.19041-SP0) msrest/0.6.9 msrest_azure/0.6.3 azure-mgmt-hdinsight/1.5.1
        Azure-SDK-For-Python AZURECLI/2.9.0
    method: GET
    uri: https://management.azure.com/subscriptions/00000000-0000-0000-0000-000000000000/resourceGroups/hdicli-000001/providers/Microsoft.HDInsight/clusters/hdicli-000003/azureasyncoperations/create?api-version=2018-06-01-preview
  response:
    body:
      string: '{"status":"InProgress"}'
    headers:
      cache-control:
      - no-cache
      content-length:
      - '23'
      content-type:
      - application/json; charset=utf-8
      date:
      - Tue, 14 Jul 2020 15:45:33 GMT
      expires:
      - '-1'
      pragma:
      - no-cache
      strict-transport-security:
      - max-age=31536000; includeSubDomains
      transfer-encoding:
      - chunked
      vary:
      - Accept-Encoding
      x-content-type-options:
      - nosniff
      x-ms-hdi-served-by:
      - global
    status:
      code: 200
      message: OK
- request:
    body: null
    headers:
      Accept:
      - application/json
      Accept-Encoding:
      - gzip, deflate
      CommandName:
      - hdinsight create
      Connection:
      - keep-alive
      ParameterSetName:
      - -n -g -l -p -t --no-validation-timeout --storage-account --storage-container
        -t --edgenode-size -v
      User-Agent:
      - python/3.8.0 (Windows-10-10.0.19041-SP0) msrest/0.6.9 msrest_azure/0.6.3 azure-mgmt-hdinsight/1.5.1
        Azure-SDK-For-Python AZURECLI/2.9.0
    method: GET
    uri: https://management.azure.com/subscriptions/00000000-0000-0000-0000-000000000000/resourceGroups/hdicli-000001/providers/Microsoft.HDInsight/clusters/hdicli-000003/azureasyncoperations/create?api-version=2018-06-01-preview
  response:
    body:
      string: '{"status":"InProgress"}'
    headers:
      cache-control:
      - no-cache
      content-length:
      - '23'
      content-type:
      - application/json; charset=utf-8
      date:
      - Tue, 14 Jul 2020 15:46:06 GMT
      expires:
      - '-1'
      pragma:
      - no-cache
      strict-transport-security:
      - max-age=31536000; includeSubDomains
      transfer-encoding:
      - chunked
      vary:
      - Accept-Encoding
      x-content-type-options:
      - nosniff
      x-ms-hdi-served-by:
      - global
    status:
      code: 200
      message: OK
- request:
    body: null
    headers:
      Accept:
      - application/json
      Accept-Encoding:
      - gzip, deflate
      CommandName:
      - hdinsight create
      Connection:
      - keep-alive
      ParameterSetName:
      - -n -g -l -p -t --no-validation-timeout --storage-account --storage-container
        -t --edgenode-size -v
      User-Agent:
      - python/3.8.0 (Windows-10-10.0.19041-SP0) msrest/0.6.9 msrest_azure/0.6.3 azure-mgmt-hdinsight/1.5.1
        Azure-SDK-For-Python AZURECLI/2.9.0
    method: GET
    uri: https://management.azure.com/subscriptions/00000000-0000-0000-0000-000000000000/resourceGroups/hdicli-000001/providers/Microsoft.HDInsight/clusters/hdicli-000003/azureasyncoperations/create?api-version=2018-06-01-preview
  response:
    body:
      string: '{"status":"InProgress"}'
    headers:
      cache-control:
      - no-cache
      content-length:
      - '23'
      content-type:
      - application/json; charset=utf-8
      date:
      - Tue, 14 Jul 2020 15:46:36 GMT
      expires:
      - '-1'
      pragma:
      - no-cache
      strict-transport-security:
      - max-age=31536000; includeSubDomains
      transfer-encoding:
      - chunked
      vary:
      - Accept-Encoding
      x-content-type-options:
      - nosniff
      x-ms-hdi-served-by:
      - global
    status:
      code: 200
      message: OK
- request:
    body: null
    headers:
      Accept:
      - application/json
      Accept-Encoding:
      - gzip, deflate
      CommandName:
      - hdinsight create
      Connection:
      - keep-alive
      ParameterSetName:
      - -n -g -l -p -t --no-validation-timeout --storage-account --storage-container
        -t --edgenode-size -v
      User-Agent:
      - python/3.8.0 (Windows-10-10.0.19041-SP0) msrest/0.6.9 msrest_azure/0.6.3 azure-mgmt-hdinsight/1.5.1
        Azure-SDK-For-Python AZURECLI/2.9.0
    method: GET
    uri: https://management.azure.com/subscriptions/00000000-0000-0000-0000-000000000000/resourceGroups/hdicli-000001/providers/Microsoft.HDInsight/clusters/hdicli-000003/azureasyncoperations/create?api-version=2018-06-01-preview
  response:
    body:
      string: '{"status":"InProgress"}'
    headers:
      cache-control:
      - no-cache
      content-length:
      - '23'
      content-type:
      - application/json; charset=utf-8
      date:
      - Tue, 14 Jul 2020 15:47:08 GMT
      expires:
      - '-1'
      pragma:
      - no-cache
      strict-transport-security:
      - max-age=31536000; includeSubDomains
      transfer-encoding:
      - chunked
      vary:
      - Accept-Encoding
      x-content-type-options:
      - nosniff
      x-ms-hdi-served-by:
      - global
    status:
      code: 200
      message: OK
- request:
    body: null
    headers:
      Accept:
      - application/json
      Accept-Encoding:
      - gzip, deflate
      CommandName:
      - hdinsight create
      Connection:
      - keep-alive
      ParameterSetName:
      - -n -g -l -p -t --no-validation-timeout --storage-account --storage-container
        -t --edgenode-size -v
      User-Agent:
      - python/3.8.0 (Windows-10-10.0.19041-SP0) msrest/0.6.9 msrest_azure/0.6.3 azure-mgmt-hdinsight/1.5.1
        Azure-SDK-For-Python AZURECLI/2.9.0
    method: GET
    uri: https://management.azure.com/subscriptions/00000000-0000-0000-0000-000000000000/resourceGroups/hdicli-000001/providers/Microsoft.HDInsight/clusters/hdicli-000003/azureasyncoperations/create?api-version=2018-06-01-preview
  response:
    body:
      string: '{"status":"InProgress"}'
    headers:
      cache-control:
      - no-cache
      content-length:
      - '23'
      content-type:
      - application/json; charset=utf-8
      date:
      - Tue, 14 Jul 2020 15:47:39 GMT
      expires:
      - '-1'
      pragma:
      - no-cache
      strict-transport-security:
      - max-age=31536000; includeSubDomains
      transfer-encoding:
      - chunked
      vary:
      - Accept-Encoding
      x-content-type-options:
      - nosniff
      x-ms-hdi-served-by:
      - global
    status:
      code: 200
      message: OK
- request:
    body: null
    headers:
      Accept:
      - application/json
      Accept-Encoding:
      - gzip, deflate
      CommandName:
      - hdinsight create
      Connection:
      - keep-alive
      ParameterSetName:
      - -n -g -l -p -t --no-validation-timeout --storage-account --storage-container
        -t --edgenode-size -v
      User-Agent:
      - python/3.8.0 (Windows-10-10.0.19041-SP0) msrest/0.6.9 msrest_azure/0.6.3 azure-mgmt-hdinsight/1.5.1
        Azure-SDK-For-Python AZURECLI/2.9.0
    method: GET
    uri: https://management.azure.com/subscriptions/00000000-0000-0000-0000-000000000000/resourceGroups/hdicli-000001/providers/Microsoft.HDInsight/clusters/hdicli-000003/azureasyncoperations/create?api-version=2018-06-01-preview
  response:
    body:
      string: '{"status":"InProgress"}'
    headers:
      cache-control:
      - no-cache
      content-length:
      - '23'
      content-type:
      - application/json; charset=utf-8
      date:
      - Tue, 14 Jul 2020 15:48:10 GMT
      expires:
      - '-1'
      pragma:
      - no-cache
      strict-transport-security:
      - max-age=31536000; includeSubDomains
      transfer-encoding:
      - chunked
      vary:
      - Accept-Encoding
      x-content-type-options:
      - nosniff
      x-ms-hdi-served-by:
      - global
    status:
      code: 200
      message: OK
- request:
    body: null
    headers:
      Accept:
      - application/json
      Accept-Encoding:
      - gzip, deflate
      CommandName:
      - hdinsight create
      Connection:
      - keep-alive
      ParameterSetName:
      - -n -g -l -p -t --no-validation-timeout --storage-account --storage-container
        -t --edgenode-size -v
      User-Agent:
      - python/3.8.0 (Windows-10-10.0.19041-SP0) msrest/0.6.9 msrest_azure/0.6.3 azure-mgmt-hdinsight/1.5.1
        Azure-SDK-For-Python AZURECLI/2.9.0
    method: GET
    uri: https://management.azure.com/subscriptions/00000000-0000-0000-0000-000000000000/resourceGroups/hdicli-000001/providers/Microsoft.HDInsight/clusters/hdicli-000003/azureasyncoperations/create?api-version=2018-06-01-preview
  response:
    body:
      string: '{"status":"InProgress"}'
    headers:
      cache-control:
      - no-cache
      content-length:
      - '23'
      content-type:
      - application/json; charset=utf-8
      date:
      - Tue, 14 Jul 2020 15:48:41 GMT
      expires:
      - '-1'
      pragma:
      - no-cache
      strict-transport-security:
      - max-age=31536000; includeSubDomains
      transfer-encoding:
      - chunked
      vary:
      - Accept-Encoding
      x-content-type-options:
      - nosniff
      x-ms-hdi-served-by:
      - global
    status:
      code: 200
      message: OK
- request:
    body: null
    headers:
      Accept:
      - application/json
      Accept-Encoding:
      - gzip, deflate
      CommandName:
      - hdinsight create
      Connection:
      - keep-alive
      ParameterSetName:
      - -n -g -l -p -t --no-validation-timeout --storage-account --storage-container
        -t --edgenode-size -v
      User-Agent:
      - python/3.8.0 (Windows-10-10.0.19041-SP0) msrest/0.6.9 msrest_azure/0.6.3 azure-mgmt-hdinsight/1.5.1
        Azure-SDK-For-Python AZURECLI/2.9.0
    method: GET
    uri: https://management.azure.com/subscriptions/00000000-0000-0000-0000-000000000000/resourceGroups/hdicli-000001/providers/Microsoft.HDInsight/clusters/hdicli-000003/azureasyncoperations/create?api-version=2018-06-01-preview
  response:
    body:
      string: '{"status":"InProgress"}'
    headers:
      cache-control:
      - no-cache
      content-length:
      - '23'
      content-type:
      - application/json; charset=utf-8
      date:
      - Tue, 14 Jul 2020 15:49:13 GMT
      expires:
      - '-1'
      pragma:
      - no-cache
      strict-transport-security:
      - max-age=31536000; includeSubDomains
      transfer-encoding:
      - chunked
      vary:
      - Accept-Encoding
      x-content-type-options:
      - nosniff
      x-ms-hdi-served-by:
      - global
    status:
      code: 200
      message: OK
- request:
    body: null
    headers:
      Accept:
      - application/json
      Accept-Encoding:
      - gzip, deflate
      CommandName:
      - hdinsight create
      Connection:
      - keep-alive
      ParameterSetName:
      - -n -g -l -p -t --no-validation-timeout --storage-account --storage-container
        -t --edgenode-size -v
      User-Agent:
      - python/3.8.0 (Windows-10-10.0.19041-SP0) msrest/0.6.9 msrest_azure/0.6.3 azure-mgmt-hdinsight/1.5.1
        Azure-SDK-For-Python AZURECLI/2.9.0
    method: GET
    uri: https://management.azure.com/subscriptions/00000000-0000-0000-0000-000000000000/resourceGroups/hdicli-000001/providers/Microsoft.HDInsight/clusters/hdicli-000003/azureasyncoperations/create?api-version=2018-06-01-preview
  response:
    body:
      string: '{"status":"InProgress"}'
    headers:
      cache-control:
      - no-cache
      content-length:
      - '23'
      content-type:
      - application/json; charset=utf-8
      date:
      - Tue, 14 Jul 2020 15:49:43 GMT
      expires:
      - '-1'
      pragma:
      - no-cache
      strict-transport-security:
      - max-age=31536000; includeSubDomains
      transfer-encoding:
      - chunked
      vary:
      - Accept-Encoding
      x-content-type-options:
      - nosniff
      x-ms-hdi-served-by:
      - global
    status:
      code: 200
      message: OK
- request:
    body: null
    headers:
      Accept:
      - application/json
      Accept-Encoding:
      - gzip, deflate
      CommandName:
      - hdinsight create
      Connection:
      - keep-alive
      ParameterSetName:
      - -n -g -l -p -t --no-validation-timeout --storage-account --storage-container
        -t --edgenode-size -v
      User-Agent:
      - python/3.8.0 (Windows-10-10.0.19041-SP0) msrest/0.6.9 msrest_azure/0.6.3 azure-mgmt-hdinsight/1.5.1
        Azure-SDK-For-Python AZURECLI/2.9.0
    method: GET
    uri: https://management.azure.com/subscriptions/00000000-0000-0000-0000-000000000000/resourceGroups/hdicli-000001/providers/Microsoft.HDInsight/clusters/hdicli-000003/azureasyncoperations/create?api-version=2018-06-01-preview
  response:
    body:
      string: '{"status":"InProgress"}'
    headers:
      cache-control:
      - no-cache
      content-length:
      - '23'
      content-type:
      - application/json; charset=utf-8
      date:
      - Tue, 14 Jul 2020 15:50:15 GMT
      expires:
      - '-1'
      pragma:
      - no-cache
      strict-transport-security:
      - max-age=31536000; includeSubDomains
      transfer-encoding:
      - chunked
      vary:
      - Accept-Encoding
      x-content-type-options:
      - nosniff
      x-ms-hdi-served-by:
      - global
    status:
      code: 200
      message: OK
- request:
    body: null
    headers:
      Accept:
      - application/json
      Accept-Encoding:
      - gzip, deflate
      CommandName:
      - hdinsight create
      Connection:
      - keep-alive
      ParameterSetName:
      - -n -g -l -p -t --no-validation-timeout --storage-account --storage-container
        -t --edgenode-size -v
      User-Agent:
      - python/3.8.0 (Windows-10-10.0.19041-SP0) msrest/0.6.9 msrest_azure/0.6.3 azure-mgmt-hdinsight/1.5.1
        Azure-SDK-For-Python AZURECLI/2.9.0
    method: GET
    uri: https://management.azure.com/subscriptions/00000000-0000-0000-0000-000000000000/resourceGroups/hdicli-000001/providers/Microsoft.HDInsight/clusters/hdicli-000003/azureasyncoperations/create?api-version=2018-06-01-preview
  response:
    body:
      string: '{"status":"InProgress"}'
    headers:
      cache-control:
      - no-cache
      content-length:
      - '23'
      content-type:
      - application/json; charset=utf-8
      date:
      - Tue, 14 Jul 2020 15:50:46 GMT
      expires:
      - '-1'
      pragma:
      - no-cache
      strict-transport-security:
      - max-age=31536000; includeSubDomains
      transfer-encoding:
      - chunked
      vary:
      - Accept-Encoding
      x-content-type-options:
      - nosniff
      x-ms-hdi-served-by:
      - global
    status:
      code: 200
      message: OK
- request:
    body: null
    headers:
      Accept:
      - application/json
      Accept-Encoding:
      - gzip, deflate
      CommandName:
      - hdinsight create
      Connection:
      - keep-alive
      ParameterSetName:
      - -n -g -l -p -t --no-validation-timeout --storage-account --storage-container
        -t --edgenode-size -v
      User-Agent:
      - python/3.8.0 (Windows-10-10.0.19041-SP0) msrest/0.6.9 msrest_azure/0.6.3 azure-mgmt-hdinsight/1.5.1
        Azure-SDK-For-Python AZURECLI/2.9.0
    method: GET
    uri: https://management.azure.com/subscriptions/00000000-0000-0000-0000-000000000000/resourceGroups/hdicli-000001/providers/Microsoft.HDInsight/clusters/hdicli-000003/azureasyncoperations/create?api-version=2018-06-01-preview
  response:
    body:
      string: '{"status":"InProgress"}'
    headers:
      cache-control:
      - no-cache
      content-length:
      - '23'
      content-type:
      - application/json; charset=utf-8
      date:
      - Tue, 14 Jul 2020 15:51:17 GMT
      expires:
      - '-1'
      pragma:
      - no-cache
      strict-transport-security:
      - max-age=31536000; includeSubDomains
      transfer-encoding:
      - chunked
      vary:
      - Accept-Encoding
      x-content-type-options:
      - nosniff
      x-ms-hdi-served-by:
      - global
    status:
      code: 200
      message: OK
- request:
    body: null
    headers:
      Accept:
      - application/json
      Accept-Encoding:
      - gzip, deflate
      CommandName:
      - hdinsight create
      Connection:
      - keep-alive
      ParameterSetName:
      - -n -g -l -p -t --no-validation-timeout --storage-account --storage-container
        -t --edgenode-size -v
      User-Agent:
      - python/3.8.0 (Windows-10-10.0.19041-SP0) msrest/0.6.9 msrest_azure/0.6.3 azure-mgmt-hdinsight/1.5.1
        Azure-SDK-For-Python AZURECLI/2.9.0
    method: GET
    uri: https://management.azure.com/subscriptions/00000000-0000-0000-0000-000000000000/resourceGroups/hdicli-000001/providers/Microsoft.HDInsight/clusters/hdicli-000003/azureasyncoperations/create?api-version=2018-06-01-preview
  response:
    body:
      string: '{"status":"InProgress"}'
    headers:
      cache-control:
      - no-cache
      content-length:
      - '23'
      content-type:
      - application/json; charset=utf-8
      date:
      - Tue, 14 Jul 2020 15:51:49 GMT
      expires:
      - '-1'
      pragma:
      - no-cache
      strict-transport-security:
      - max-age=31536000; includeSubDomains
      transfer-encoding:
      - chunked
      vary:
      - Accept-Encoding
      x-content-type-options:
      - nosniff
      x-ms-hdi-served-by:
      - global
    status:
      code: 200
      message: OK
- request:
    body: null
    headers:
      Accept:
      - application/json
      Accept-Encoding:
      - gzip, deflate
      CommandName:
      - hdinsight create
      Connection:
      - keep-alive
      ParameterSetName:
      - -n -g -l -p -t --no-validation-timeout --storage-account --storage-container
        -t --edgenode-size -v
      User-Agent:
      - python/3.8.0 (Windows-10-10.0.19041-SP0) msrest/0.6.9 msrest_azure/0.6.3 azure-mgmt-hdinsight/1.5.1
        Azure-SDK-For-Python AZURECLI/2.9.0
    method: GET
    uri: https://management.azure.com/subscriptions/00000000-0000-0000-0000-000000000000/resourceGroups/hdicli-000001/providers/Microsoft.HDInsight/clusters/hdicli-000003/azureasyncoperations/create?api-version=2018-06-01-preview
  response:
    body:
      string: '{"status":"InProgress"}'
    headers:
      cache-control:
      - no-cache
      content-length:
      - '23'
      content-type:
      - application/json; charset=utf-8
      date:
      - Tue, 14 Jul 2020 15:52:19 GMT
      expires:
      - '-1'
      pragma:
      - no-cache
      strict-transport-security:
      - max-age=31536000; includeSubDomains
      transfer-encoding:
      - chunked
      vary:
      - Accept-Encoding
      x-content-type-options:
      - nosniff
      x-ms-hdi-served-by:
      - global
    status:
      code: 200
      message: OK
- request:
    body: null
    headers:
      Accept:
      - application/json
      Accept-Encoding:
      - gzip, deflate
      CommandName:
      - hdinsight create
      Connection:
      - keep-alive
      ParameterSetName:
      - -n -g -l -p -t --no-validation-timeout --storage-account --storage-container
        -t --edgenode-size -v
      User-Agent:
      - python/3.8.0 (Windows-10-10.0.19041-SP0) msrest/0.6.9 msrest_azure/0.6.3 azure-mgmt-hdinsight/1.5.1
        Azure-SDK-For-Python AZURECLI/2.9.0
    method: GET
    uri: https://management.azure.com/subscriptions/00000000-0000-0000-0000-000000000000/resourceGroups/hdicli-000001/providers/Microsoft.HDInsight/clusters/hdicli-000003/azureasyncoperations/create?api-version=2018-06-01-preview
  response:
    body:
      string: '{"status":"InProgress"}'
    headers:
      cache-control:
      - no-cache
      content-length:
      - '23'
      content-type:
      - application/json; charset=utf-8
      date:
      - Tue, 14 Jul 2020 15:52:52 GMT
      expires:
      - '-1'
      pragma:
      - no-cache
      strict-transport-security:
      - max-age=31536000; includeSubDomains
      transfer-encoding:
      - chunked
      vary:
      - Accept-Encoding
      x-content-type-options:
      - nosniff
      x-ms-hdi-served-by:
      - global
    status:
      code: 200
      message: OK
- request:
    body: null
    headers:
      Accept:
      - application/json
      Accept-Encoding:
      - gzip, deflate
      CommandName:
      - hdinsight create
      Connection:
      - keep-alive
      ParameterSetName:
      - -n -g -l -p -t --no-validation-timeout --storage-account --storage-container
        -t --edgenode-size -v
      User-Agent:
      - python/3.8.0 (Windows-10-10.0.19041-SP0) msrest/0.6.9 msrest_azure/0.6.3 azure-mgmt-hdinsight/1.5.1
        Azure-SDK-For-Python AZURECLI/2.9.0
    method: GET
    uri: https://management.azure.com/subscriptions/00000000-0000-0000-0000-000000000000/resourceGroups/hdicli-000001/providers/Microsoft.HDInsight/clusters/hdicli-000003/azureasyncoperations/create?api-version=2018-06-01-preview
  response:
    body:
      string: '{"status":"InProgress"}'
    headers:
      cache-control:
      - no-cache
      content-length:
      - '23'
      content-type:
      - application/json; charset=utf-8
      date:
      - Tue, 14 Jul 2020 15:53:22 GMT
      expires:
      - '-1'
      pragma:
      - no-cache
      strict-transport-security:
      - max-age=31536000; includeSubDomains
      transfer-encoding:
      - chunked
      vary:
      - Accept-Encoding
      x-content-type-options:
      - nosniff
      x-ms-hdi-served-by:
      - global
    status:
      code: 200
      message: OK
- request:
    body: null
    headers:
      Accept:
      - application/json
      Accept-Encoding:
      - gzip, deflate
      CommandName:
      - hdinsight create
      Connection:
      - keep-alive
      ParameterSetName:
      - -n -g -l -p -t --no-validation-timeout --storage-account --storage-container
        -t --edgenode-size -v
      User-Agent:
      - python/3.8.0 (Windows-10-10.0.19041-SP0) msrest/0.6.9 msrest_azure/0.6.3 azure-mgmt-hdinsight/1.5.1
        Azure-SDK-For-Python AZURECLI/2.9.0
    method: GET
    uri: https://management.azure.com/subscriptions/00000000-0000-0000-0000-000000000000/resourceGroups/hdicli-000001/providers/Microsoft.HDInsight/clusters/hdicli-000003/azureasyncoperations/create?api-version=2018-06-01-preview
  response:
    body:
      string: '{"status":"InProgress"}'
    headers:
      cache-control:
      - no-cache
      content-length:
      - '23'
      content-type:
      - application/json; charset=utf-8
      date:
      - Tue, 14 Jul 2020 15:53:53 GMT
      expires:
      - '-1'
      pragma:
      - no-cache
      strict-transport-security:
      - max-age=31536000; includeSubDomains
      transfer-encoding:
      - chunked
      vary:
      - Accept-Encoding
      x-content-type-options:
      - nosniff
      x-ms-hdi-served-by:
      - global
    status:
      code: 200
      message: OK
- request:
    body: null
    headers:
      Accept:
      - application/json
      Accept-Encoding:
      - gzip, deflate
      CommandName:
      - hdinsight create
      Connection:
      - keep-alive
      ParameterSetName:
      - -n -g -l -p -t --no-validation-timeout --storage-account --storage-container
        -t --edgenode-size -v
      User-Agent:
      - python/3.8.0 (Windows-10-10.0.19041-SP0) msrest/0.6.9 msrest_azure/0.6.3 azure-mgmt-hdinsight/1.5.1
        Azure-SDK-For-Python AZURECLI/2.9.0
    method: GET
    uri: https://management.azure.com/subscriptions/00000000-0000-0000-0000-000000000000/resourceGroups/hdicli-000001/providers/Microsoft.HDInsight/clusters/hdicli-000003/azureasyncoperations/create?api-version=2018-06-01-preview
  response:
    body:
      string: '{"status":"InProgress"}'
    headers:
      cache-control:
      - no-cache
      content-length:
      - '23'
      content-type:
      - application/json; charset=utf-8
      date:
      - Tue, 14 Jul 2020 15:54:25 GMT
      expires:
      - '-1'
      pragma:
      - no-cache
      strict-transport-security:
      - max-age=31536000; includeSubDomains
      transfer-encoding:
      - chunked
      vary:
      - Accept-Encoding
      x-content-type-options:
      - nosniff
      x-ms-hdi-served-by:
      - global
    status:
      code: 200
      message: OK
- request:
    body: null
    headers:
      Accept:
      - application/json
      Accept-Encoding:
      - gzip, deflate
      CommandName:
      - hdinsight create
      Connection:
      - keep-alive
      ParameterSetName:
      - -n -g -l -p -t --no-validation-timeout --storage-account --storage-container
        -t --edgenode-size -v
      User-Agent:
      - python/3.8.0 (Windows-10-10.0.19041-SP0) msrest/0.6.9 msrest_azure/0.6.3 azure-mgmt-hdinsight/1.5.1
        Azure-SDK-For-Python AZURECLI/2.9.0
    method: GET
    uri: https://management.azure.com/subscriptions/00000000-0000-0000-0000-000000000000/resourceGroups/hdicli-000001/providers/Microsoft.HDInsight/clusters/hdicli-000003/azureasyncoperations/create?api-version=2018-06-01-preview
  response:
    body:
      string: '{"status":"InProgress"}'
    headers:
      cache-control:
      - no-cache
      content-length:
      - '23'
      content-type:
      - application/json; charset=utf-8
      date:
      - Tue, 14 Jul 2020 15:54:56 GMT
      expires:
      - '-1'
      pragma:
      - no-cache
      strict-transport-security:
      - max-age=31536000; includeSubDomains
      transfer-encoding:
      - chunked
      vary:
      - Accept-Encoding
      x-content-type-options:
      - nosniff
      x-ms-hdi-served-by:
      - global
    status:
      code: 200
      message: OK
- request:
    body: null
    headers:
      Accept:
      - application/json
      Accept-Encoding:
      - gzip, deflate
      CommandName:
      - hdinsight create
      Connection:
      - keep-alive
      ParameterSetName:
      - -n -g -l -p -t --no-validation-timeout --storage-account --storage-container
        -t --edgenode-size -v
      User-Agent:
      - python/3.8.0 (Windows-10-10.0.19041-SP0) msrest/0.6.9 msrest_azure/0.6.3 azure-mgmt-hdinsight/1.5.1
        Azure-SDK-For-Python AZURECLI/2.9.0
    method: GET
    uri: https://management.azure.com/subscriptions/00000000-0000-0000-0000-000000000000/resourceGroups/hdicli-000001/providers/Microsoft.HDInsight/clusters/hdicli-000003/azureasyncoperations/create?api-version=2018-06-01-preview
  response:
    body:
      string: '{"status":"InProgress"}'
    headers:
      cache-control:
      - no-cache
      content-length:
      - '23'
      content-type:
      - application/json; charset=utf-8
      date:
      - Tue, 14 Jul 2020 15:55:27 GMT
      expires:
      - '-1'
      pragma:
      - no-cache
      strict-transport-security:
      - max-age=31536000; includeSubDomains
      transfer-encoding:
      - chunked
      vary:
      - Accept-Encoding
      x-content-type-options:
      - nosniff
      x-ms-hdi-served-by:
      - global
    status:
      code: 200
      message: OK
- request:
    body: null
    headers:
      Accept:
      - application/json
      Accept-Encoding:
      - gzip, deflate
      CommandName:
      - hdinsight create
      Connection:
      - keep-alive
      ParameterSetName:
      - -n -g -l -p -t --no-validation-timeout --storage-account --storage-container
        -t --edgenode-size -v
      User-Agent:
      - python/3.8.0 (Windows-10-10.0.19041-SP0) msrest/0.6.9 msrest_azure/0.6.3 azure-mgmt-hdinsight/1.5.1
        Azure-SDK-For-Python AZURECLI/2.9.0
    method: GET
    uri: https://management.azure.com/subscriptions/00000000-0000-0000-0000-000000000000/resourceGroups/hdicli-000001/providers/Microsoft.HDInsight/clusters/hdicli-000003/azureasyncoperations/create?api-version=2018-06-01-preview
  response:
    body:
      string: '{"status":"InProgress"}'
    headers:
      cache-control:
      - no-cache
      content-length:
      - '23'
      content-type:
      - application/json; charset=utf-8
      date:
      - Tue, 14 Jul 2020 15:55:57 GMT
      expires:
      - '-1'
      pragma:
      - no-cache
      strict-transport-security:
      - max-age=31536000; includeSubDomains
      transfer-encoding:
      - chunked
      vary:
      - Accept-Encoding
      x-content-type-options:
      - nosniff
      x-ms-hdi-served-by:
      - global
    status:
      code: 200
      message: OK
- request:
    body: null
    headers:
      Accept:
      - application/json
      Accept-Encoding:
      - gzip, deflate
      CommandName:
      - hdinsight create
      Connection:
      - keep-alive
      ParameterSetName:
      - -n -g -l -p -t --no-validation-timeout --storage-account --storage-container
        -t --edgenode-size -v
      User-Agent:
      - python/3.8.0 (Windows-10-10.0.19041-SP0) msrest/0.6.9 msrest_azure/0.6.3 azure-mgmt-hdinsight/1.5.1
        Azure-SDK-For-Python AZURECLI/2.9.0
    method: GET
    uri: https://management.azure.com/subscriptions/00000000-0000-0000-0000-000000000000/resourceGroups/hdicli-000001/providers/Microsoft.HDInsight/clusters/hdicli-000003/azureasyncoperations/create?api-version=2018-06-01-preview
  response:
    body:
      string: '{"status":"InProgress"}'
    headers:
      cache-control:
      - no-cache
      content-length:
      - '23'
      content-type:
      - application/json; charset=utf-8
      date:
      - Tue, 14 Jul 2020 15:56:30 GMT
      expires:
      - '-1'
      pragma:
      - no-cache
      strict-transport-security:
      - max-age=31536000; includeSubDomains
      transfer-encoding:
      - chunked
      vary:
      - Accept-Encoding
      x-content-type-options:
      - nosniff
      x-ms-hdi-served-by:
      - global
    status:
      code: 200
      message: OK
- request:
    body: null
    headers:
      Accept:
      - application/json
      Accept-Encoding:
      - gzip, deflate
      CommandName:
      - hdinsight create
      Connection:
      - keep-alive
      ParameterSetName:
      - -n -g -l -p -t --no-validation-timeout --storage-account --storage-container
        -t --edgenode-size -v
      User-Agent:
      - python/3.8.0 (Windows-10-10.0.19041-SP0) msrest/0.6.9 msrest_azure/0.6.3 azure-mgmt-hdinsight/1.5.1
        Azure-SDK-For-Python AZURECLI/2.9.0
    method: GET
    uri: https://management.azure.com/subscriptions/00000000-0000-0000-0000-000000000000/resourceGroups/hdicli-000001/providers/Microsoft.HDInsight/clusters/hdicli-000003/azureasyncoperations/create?api-version=2018-06-01-preview
  response:
    body:
      string: '{"status":"InProgress"}'
    headers:
      cache-control:
      - no-cache
      content-length:
      - '23'
      content-type:
      - application/json; charset=utf-8
      date:
      - Tue, 14 Jul 2020 15:57:01 GMT
      expires:
      - '-1'
      pragma:
      - no-cache
      strict-transport-security:
      - max-age=31536000; includeSubDomains
      transfer-encoding:
      - chunked
      vary:
      - Accept-Encoding
      x-content-type-options:
      - nosniff
      x-ms-hdi-served-by:
      - global
    status:
      code: 200
      message: OK
- request:
    body: null
    headers:
      Accept:
      - application/json
      Accept-Encoding:
      - gzip, deflate
      CommandName:
      - hdinsight create
      Connection:
      - keep-alive
      ParameterSetName:
      - -n -g -l -p -t --no-validation-timeout --storage-account --storage-container
        -t --edgenode-size -v
      User-Agent:
      - python/3.8.0 (Windows-10-10.0.19041-SP0) msrest/0.6.9 msrest_azure/0.6.3 azure-mgmt-hdinsight/1.5.1
        Azure-SDK-For-Python AZURECLI/2.9.0
    method: GET
    uri: https://management.azure.com/subscriptions/00000000-0000-0000-0000-000000000000/resourceGroups/hdicli-000001/providers/Microsoft.HDInsight/clusters/hdicli-000003/azureasyncoperations/create?api-version=2018-06-01-preview
  response:
    body:
      string: '{"status":"InProgress"}'
    headers:
      cache-control:
      - no-cache
      content-length:
      - '23'
      content-type:
      - application/json; charset=utf-8
      date:
      - Tue, 14 Jul 2020 15:57:32 GMT
      expires:
      - '-1'
      pragma:
      - no-cache
      strict-transport-security:
      - max-age=31536000; includeSubDomains
      transfer-encoding:
      - chunked
      vary:
      - Accept-Encoding
      x-content-type-options:
      - nosniff
      x-ms-hdi-served-by:
      - global
    status:
      code: 200
      message: OK
- request:
    body: null
    headers:
      Accept:
      - application/json
      Accept-Encoding:
      - gzip, deflate
      CommandName:
      - hdinsight create
      Connection:
      - keep-alive
      ParameterSetName:
      - -n -g -l -p -t --no-validation-timeout --storage-account --storage-container
        -t --edgenode-size -v
      User-Agent:
      - python/3.8.0 (Windows-10-10.0.19041-SP0) msrest/0.6.9 msrest_azure/0.6.3 azure-mgmt-hdinsight/1.5.1
        Azure-SDK-For-Python AZURECLI/2.9.0
    method: GET
    uri: https://management.azure.com/subscriptions/00000000-0000-0000-0000-000000000000/resourceGroups/hdicli-000001/providers/Microsoft.HDInsight/clusters/hdicli-000003/azureasyncoperations/create?api-version=2018-06-01-preview
  response:
    body:
      string: '{"status":"InProgress"}'
    headers:
      cache-control:
      - no-cache
      content-length:
      - '23'
      content-type:
      - application/json; charset=utf-8
      date:
      - Tue, 14 Jul 2020 15:58:04 GMT
      expires:
      - '-1'
      pragma:
      - no-cache
      strict-transport-security:
      - max-age=31536000; includeSubDomains
      transfer-encoding:
      - chunked
      vary:
      - Accept-Encoding
      x-content-type-options:
      - nosniff
      x-ms-hdi-served-by:
      - global
    status:
      code: 200
      message: OK
- request:
    body: null
    headers:
      Accept:
      - application/json
      Accept-Encoding:
      - gzip, deflate
      CommandName:
      - hdinsight create
      Connection:
      - keep-alive
      ParameterSetName:
      - -n -g -l -p -t --no-validation-timeout --storage-account --storage-container
        -t --edgenode-size -v
      User-Agent:
      - python/3.8.0 (Windows-10-10.0.19041-SP0) msrest/0.6.9 msrest_azure/0.6.3 azure-mgmt-hdinsight/1.5.1
        Azure-SDK-For-Python AZURECLI/2.9.0
    method: GET
    uri: https://management.azure.com/subscriptions/00000000-0000-0000-0000-000000000000/resourceGroups/hdicli-000001/providers/Microsoft.HDInsight/clusters/hdicli-000003/azureasyncoperations/create?api-version=2018-06-01-preview
  response:
    body:
      string: '{"status":"InProgress"}'
    headers:
      cache-control:
      - no-cache
      content-length:
      - '23'
      content-type:
      - application/json; charset=utf-8
      date:
      - Tue, 14 Jul 2020 15:58:34 GMT
      expires:
      - '-1'
      pragma:
      - no-cache
      strict-transport-security:
      - max-age=31536000; includeSubDomains
      transfer-encoding:
      - chunked
      vary:
      - Accept-Encoding
      x-content-type-options:
      - nosniff
      x-ms-hdi-served-by:
      - global
    status:
      code: 200
      message: OK
- request:
    body: null
    headers:
      Accept:
      - application/json
      Accept-Encoding:
      - gzip, deflate
      CommandName:
      - hdinsight create
      Connection:
      - keep-alive
      ParameterSetName:
      - -n -g -l -p -t --no-validation-timeout --storage-account --storage-container
        -t --edgenode-size -v
      User-Agent:
      - python/3.8.0 (Windows-10-10.0.19041-SP0) msrest/0.6.9 msrest_azure/0.6.3 azure-mgmt-hdinsight/1.5.1
        Azure-SDK-For-Python AZURECLI/2.9.0
    method: GET
    uri: https://management.azure.com/subscriptions/00000000-0000-0000-0000-000000000000/resourceGroups/hdicli-000001/providers/Microsoft.HDInsight/clusters/hdicli-000003/azureasyncoperations/create?api-version=2018-06-01-preview
  response:
    body:
      string: '{"status":"InProgress"}'
    headers:
      cache-control:
      - no-cache
      content-length:
      - '23'
      content-type:
      - application/json; charset=utf-8
      date:
      - Tue, 14 Jul 2020 15:59:05 GMT
      expires:
      - '-1'
      pragma:
      - no-cache
      strict-transport-security:
      - max-age=31536000; includeSubDomains
      transfer-encoding:
      - chunked
      vary:
      - Accept-Encoding
      x-content-type-options:
      - nosniff
      x-ms-hdi-served-by:
      - global
    status:
      code: 200
      message: OK
- request:
    body: null
    headers:
      Accept:
      - application/json
      Accept-Encoding:
      - gzip, deflate
      CommandName:
      - hdinsight create
      Connection:
      - keep-alive
      ParameterSetName:
      - -n -g -l -p -t --no-validation-timeout --storage-account --storage-container
        -t --edgenode-size -v
      User-Agent:
      - python/3.8.0 (Windows-10-10.0.19041-SP0) msrest/0.6.9 msrest_azure/0.6.3 azure-mgmt-hdinsight/1.5.1
        Azure-SDK-For-Python AZURECLI/2.9.0
    method: GET
    uri: https://management.azure.com/subscriptions/00000000-0000-0000-0000-000000000000/resourceGroups/hdicli-000001/providers/Microsoft.HDInsight/clusters/hdicli-000003/azureasyncoperations/create?api-version=2018-06-01-preview
  response:
    body:
      string: '{"status":"InProgress"}'
    headers:
      cache-control:
      - no-cache
      content-length:
      - '23'
      content-type:
      - application/json; charset=utf-8
      date:
      - Tue, 14 Jul 2020 15:59:36 GMT
      expires:
      - '-1'
      pragma:
      - no-cache
      strict-transport-security:
      - max-age=31536000; includeSubDomains
      transfer-encoding:
      - chunked
      vary:
      - Accept-Encoding
      x-content-type-options:
      - nosniff
      x-ms-hdi-served-by:
      - global
    status:
      code: 200
      message: OK
- request:
    body: null
    headers:
      Accept:
      - application/json
      Accept-Encoding:
      - gzip, deflate
      CommandName:
      - hdinsight create
      Connection:
      - keep-alive
      ParameterSetName:
      - -n -g -l -p -t --no-validation-timeout --storage-account --storage-container
        -t --edgenode-size -v
      User-Agent:
      - python/3.8.0 (Windows-10-10.0.19041-SP0) msrest/0.6.9 msrest_azure/0.6.3 azure-mgmt-hdinsight/1.5.1
        Azure-SDK-For-Python AZURECLI/2.9.0
    method: GET
    uri: https://management.azure.com/subscriptions/00000000-0000-0000-0000-000000000000/resourceGroups/hdicli-000001/providers/Microsoft.HDInsight/clusters/hdicli-000003/azureasyncoperations/create?api-version=2018-06-01-preview
  response:
    body:
      string: '{"status":"Succeeded"}'
    headers:
      cache-control:
      - no-cache
      content-length:
      - '22'
      content-type:
      - application/json; charset=utf-8
      date:
      - Tue, 14 Jul 2020 16:00:08 GMT
      expires:
      - '-1'
      pragma:
      - no-cache
      strict-transport-security:
      - max-age=31536000; includeSubDomains
      transfer-encoding:
      - chunked
      vary:
      - Accept-Encoding
      x-content-type-options:
      - nosniff
      x-ms-hdi-served-by:
      - global
    status:
      code: 200
      message: OK
- request:
    body: null
    headers:
      Accept:
      - application/json
      Accept-Encoding:
      - gzip, deflate
      CommandName:
      - hdinsight create
      Connection:
      - keep-alive
      ParameterSetName:
      - -n -g -l -p -t --no-validation-timeout --storage-account --storage-container
        -t --edgenode-size -v
      User-Agent:
      - python/3.8.0 (Windows-10-10.0.19041-SP0) msrest/0.6.9 msrest_azure/0.6.3 azure-mgmt-hdinsight/1.5.1
        Azure-SDK-For-Python AZURECLI/2.9.0
    method: GET
    uri: https://management.azure.com/subscriptions/00000000-0000-0000-0000-000000000000/resourceGroups/hdicli-000001/providers/Microsoft.HDInsight/clusters/hdicli-000003?api-version=2018-06-01-preview
  response:
    body:
      string: '{"id":"/subscriptions/00000000-0000-0000-0000-000000000000/resourceGroups/hdicli-000001/providers/Microsoft.HDInsight/clusters/hdicli-000003","name":"hdicli-000003","type":"Microsoft.HDInsight/clusters","location":"East
        US 2","etag":"3fa40dcc-f7d1-40d9-afbd-b0630dc8d167","tags":null,"properties":{"clusterVersion":"3.6.1000.0","clusterHdpVersion":"2.6.2.38-1","osType":"Linux","clusterDefinition":{"blueprint":"https://blueprints.azurehdinsight.net/rserver-3.6.1000.0.2006040535.json","kind":"rserver","componentVersion":{"spark":"2.1"}},"clusterId":"f63935c5da0b4371af9a3fa1f31d202d","computeProfile":{"roles":[{"name":"headnode","targetInstanceCount":2,"hardwareProfile":{"vmSize":"standard_a4_v2"},"osProfile":{"linuxOperatingSystemProfile":{"username":"sshuser"}},"encryptDataDisks":false},{"name":"workernode","targetInstanceCount":3,"hardwareProfile":{"vmSize":"standard_a4_v2"},"osProfile":{"linuxOperatingSystemProfile":{"username":"sshuser"}},"encryptDataDisks":false},{"name":"edgenode","targetInstanceCount":1,"hardwareProfile":{"vmSize":"standard_a4_v2"},"osProfile":{"linuxOperatingSystemProfile":{"username":"sshuser"}},"encryptDataDisks":false},{"name":"zookeepernode","targetInstanceCount":3,"hardwareProfile":{"vmSize":"standard_A2_v2"},"osProfile":{"linuxOperatingSystemProfile":{"username":"sshuser"}},"encryptDataDisks":false}]},"provisioningState":"Succeeded","clusterState":"Running","createdDate":"2020-07-14T15:33:27.087","quotaInfo":{"coresUsed":24},"connectivityEndpoints":[{"name":"SSH","protocol":"TCP","location":"hdicli-000003-ssh.azurehdinsight.net","port":22},{"name":"EDGESSH","protocol":"TCP","location":"hdicli-000003-ed-ssh.azurehdinsight.net","port":22},{"name":"HTTPS","protocol":"TCP","location":"hdicli-000003.azurehdinsight.net","port":443}],"tier":"standard","encryptionInTransitProperties":{"isEncryptionInTransitEnabled":false},"storageProfile":{"storageaccounts":[{"name":"hdicli000002.blob.core.windows.net","resourceId":null,"msiResourceId":null,"key":null,"fileSystem":null,"container":"default","saskey":null,"isDefault":true,"fileshare":null}]},"excludedServicesConfig":{"m_Item1":"default","m_Item2":""}}}'
    headers:
      cache-control:
      - no-cache
      content-length:
      - '2183'
      content-type:
      - application/json; charset=utf-8
      date:
      - Tue, 14 Jul 2020 16:00:08 GMT
      expires:
      - '-1'
      pragma:
      - no-cache
      strict-transport-security:
      - max-age=31536000; includeSubDomains
      transfer-encoding:
      - chunked
      vary:
      - Accept-Encoding
      x-content-type-options:
      - nosniff
      x-ms-hdi-served-by:
      - global
    status:
      code: 200
      message: OK
- request:
    body: null
    headers:
      Accept:
      - application/json
      Accept-Encoding:
      - gzip, deflate
      CommandName:
      - hdinsight show
      Connection:
      - keep-alive
      ParameterSetName:
      - -n -g
      User-Agent:
      - python/3.8.0 (Windows-10-10.0.19041-SP0) msrest/0.6.9 msrest_azure/0.6.3 azure-mgmt-hdinsight/1.5.1
        Azure-SDK-For-Python AZURECLI/2.9.0
      accept-language:
      - en-US
    method: GET
    uri: https://management.azure.com/subscriptions/00000000-0000-0000-0000-000000000000/resourceGroups/hdicli-000001/providers/Microsoft.HDInsight/clusters/hdicli-000003?api-version=2018-06-01-preview
  response:
    body:
      string: '{"id":"/subscriptions/00000000-0000-0000-0000-000000000000/resourceGroups/hdicli-000001/providers/Microsoft.HDInsight/clusters/hdicli-000003","name":"hdicli-000003","type":"Microsoft.HDInsight/clusters","location":"East
        US 2","etag":"3fa40dcc-f7d1-40d9-afbd-b0630dc8d167","tags":null,"properties":{"clusterVersion":"3.6.1000.0","clusterHdpVersion":"2.6.2.38-1","osType":"Linux","clusterDefinition":{"blueprint":"https://blueprints.azurehdinsight.net/rserver-3.6.1000.0.2006040535.json","kind":"rserver","componentVersion":{"spark":"2.1"}},"clusterId":"f63935c5da0b4371af9a3fa1f31d202d","computeProfile":{"roles":[{"name":"headnode","targetInstanceCount":2,"hardwareProfile":{"vmSize":"standard_a4_v2"},"osProfile":{"linuxOperatingSystemProfile":{"username":"sshuser"}},"encryptDataDisks":false},{"name":"workernode","targetInstanceCount":3,"hardwareProfile":{"vmSize":"standard_a4_v2"},"osProfile":{"linuxOperatingSystemProfile":{"username":"sshuser"}},"encryptDataDisks":false},{"name":"edgenode","targetInstanceCount":1,"hardwareProfile":{"vmSize":"standard_a4_v2"},"osProfile":{"linuxOperatingSystemProfile":{"username":"sshuser"}},"encryptDataDisks":false},{"name":"zookeepernode","targetInstanceCount":3,"hardwareProfile":{"vmSize":"standard_A2_v2"},"osProfile":{"linuxOperatingSystemProfile":{"username":"sshuser"}},"encryptDataDisks":false}]},"provisioningState":"Succeeded","clusterState":"Running","createdDate":"2020-07-14T15:33:27.087","quotaInfo":{"coresUsed":24},"connectivityEndpoints":[{"name":"SSH","protocol":"TCP","location":"hdicli-000003-ssh.azurehdinsight.net","port":22},{"name":"EDGESSH","protocol":"TCP","location":"hdicli-000003-ed-ssh.azurehdinsight.net","port":22},{"name":"HTTPS","protocol":"TCP","location":"hdicli-000003.azurehdinsight.net","port":443}],"tier":"standard","encryptionInTransitProperties":{"isEncryptionInTransitEnabled":false},"storageProfile":{"storageaccounts":[{"name":"hdicli000002.blob.core.windows.net","resourceId":null,"msiResourceId":null,"key":null,"fileSystem":null,"container":"default","saskey":null,"isDefault":true,"fileshare":null}]},"excludedServicesConfig":{"m_Item1":"default","m_Item2":""}}}'
    headers:
      cache-control:
      - no-cache
      content-length:
      - '2183'
      content-type:
      - application/json; charset=utf-8
      date:
      - Tue, 14 Jul 2020 16:00:12 GMT
      expires:
      - '-1'
      pragma:
      - no-cache
      strict-transport-security:
      - max-age=31536000; includeSubDomains
      transfer-encoding:
      - chunked
      vary:
      - Accept-Encoding
      x-content-type-options:
      - nosniff
      x-ms-hdi-served-by:
      - global
    status:
      code: 200
      message: OK
version: 1
