interactions:
- request:
    body: '{"name": "cli000002", "type": "azurebot"}'
    headers:
      Accept:
      - application/json
      Accept-Encoding:
      - gzip, deflate
      CommandName:
      - bot create
      Connection:
      - keep-alive
      Content-Length:
      - '41'
      Content-Type:
      - application/json
      ParameterSetName:
      - -g -n -e --app-type --appid -l
      User-Agent:
      - AZURECLI/2.37.0 azsdk-python-mgmt-botservice/2.0.0b3 Python/3.8.10 (Windows-10-10.0.22000-SP0)
    method: POST
    uri: https://management.azure.com/providers/Microsoft.BotService/checkNameAvailability?api-version=2021-05-01-preview
  response:
    body:
      string: '{"valid":true,"message":"","absCode":null}'
    headers:
      cache-control:
      - no-cache
      content-length:
      - '42'
      content-type:
      - application/json; charset=utf-8
      date:
      - Fri, 24 Jun 2022 06:23:26 GMT
      expires:
      - '-1'
      pragma:
      - no-cache
      strict-transport-security:
      - max-age=31536000; includeSubDomains
      transfer-encoding:
      - chunked
      vary:
      - Accept-Encoding,Accept-Encoding
      x-content-type-options:
      - nosniff
      x-ms-ratelimit-remaining-tenant-writes:
      - '1199'
    status:
      code: 200
      message: OK
- request:
    body: '{"location": "global", "sku": {"name": "F0"}, "kind": "azurebot", "properties":
      {"displayName": "cli000002", "endpoint": "https://www.google.com/api/messages",
      "msaAppType": "MultiTenant", "msaAppId": "558a582e-dae8-400c-94e9-2f8d141528e1",
      "isCmekEnabled": false, "publicNetworkAccess": "Enabled", "isStreamingSupported":
      false}}'
    headers:
      Accept:
      - application/json
      Accept-Encoding:
      - gzip, deflate
      CommandName:
      - bot create
      Connection:
      - keep-alive
      Content-Length:
      - '330'
      Content-Type:
      - application/json
      ParameterSetName:
      - -g -n -e --app-type --appid -l
      User-Agent:
      - AZURECLI/2.37.0 azsdk-python-mgmt-botservice/2.0.0b3 Python/3.8.10 (Windows-10-10.0.22000-SP0)
    method: PUT
    uri: https://management.azure.com/subscriptions/00000000-0000-0000-0000-000000000000/resourceGroups/clitest.rg000001/providers/Microsoft.BotService/botServices/cli000002?api-version=2021-05-01-preview
  response:
    body:
      string: '{"id":"/subscriptions/00000000-0000-0000-0000-000000000000/resourceGroups/clitest.rg000001/providers/Microsoft.BotService/botServices/cli000002","name":"cli000002","type":"Microsoft.BotService/botServices","etag":"\"a8007510-0000-1800-0000-62b558640000\"","location":"global","sku":{"name":"F0"},"kind":"azurebot","tags":{},"properties":{"displayName":"cli000002","description":null,"iconUrl":"https://docs.botframework.com/static/devportal/client/images/bot-framework-default.png","endpoint":"https://www.google.com/api/messages","msaAppId":"558a582e-dae8-400c-94e9-2f8d141528e1","msaAppTenantId":null,"msaAppType":"MultiTenant","msaAppMSIResourceId":null,"developerAppInsightKey":null,"developerAppInsightsApplicationId":null,"luisAppIds":[],"endpointVersion":"3.0","configuredChannels":["webchat"],"enabledChannels":["webchat","directline"],"isDeveloperAppInsightsApiKeySet":false,"isStreamingSupported":false,"schemaTransformationVersion":"1.3","publishingCredentials":null,"parameters":null,"allSettings":null,"manifestUrl":null,"storageResourceId":null,"tenantId":"72f988bf-86f1-41af-91ab-2d7cd011db47","migrationToken":null,"isCmekEnabled":false,"cmekKeyVaultUrl":null,"openWithHint":null,"appPasswordHint":null,"publicNetworkAccess":"Enabled","disableLocalAuth":false,"cmekEncryptionStatus":"Off","provisioningState":"Succeeded"},"zones":[]}'
    headers:
      cache-control:
      - no-cache
      content-length:
      - '1349'
      content-type:
      - application/json; charset=utf-8
      date:
      - Fri, 24 Jun 2022 06:23:33 GMT
      etag:
      - '"a8007510-0000-1800-0000-62b558640000"'
      expires:
      - '-1'
      pragma:
      - no-cache
      strict-transport-security:
      - max-age=31536000; includeSubDomains
      x-content-type-options:
      - nosniff
      x-ms-ratelimit-remaining-subscription-writes:
      - '1199'
    status:
      code: 201
      message: Created
- request:
    body: null
    headers:
      Accept:
      - application/json
      Accept-Encoding:
      - gzip, deflate
      CommandName:
      - bot webchat show
      Connection:
      - keep-alive
      ParameterSetName:
      - -g -n
      User-Agent:
      - AZURECLI/2.37.0 azsdk-python-mgmt-botservice/2.0.0b3 Python/3.8.10 (Windows-10-10.0.22000-SP0)
    method: GET
    uri: https://management.azure.com/subscriptions/00000000-0000-0000-0000-000000000000/resourceGroups/clitest.rg000001/providers/Microsoft.BotService/botServices/cli000002/channels/WebChatChannel?api-version=2021-05-01-preview
  response:
    body:
      string: '{"id":"/subscriptions/00000000-0000-0000-0000-000000000000/resourceGroups/clitest.rg000001/providers/Microsoft.BotService/botServices/cli000002/channels/WebChatChannel","name":"cli000002/WebChatChannel","type":"Microsoft.BotService/botServices/channels","etag":"W/\"daa4987776a1fd5a0613854e66f8ce8c6/24/2022
        6:23:34 AM\"","location":"global","properties":{"properties":{"webChatEmbedCode":null,"sites":[{"siteId":"IUvseTEfDkI","siteName":"Default
        Site","key":null,"key2":null,"isEnabled":true,"isWebchatPreviewEnabled":true,"isDetailedLoggingEnabled":null,"isNoStorageEnabled":null,"isEndpointParametersEnabled":null,"isWebChatSpeechEnabled":null,"isBlockUserUploadEnabled":false,"appId":null,"tenantId":null,"isTokenEnabled":false}]},"etag":"W/\"daa4987776a1fd5a0613854e66f8ce8c6/24/2022
        6:23:34 AM\"","channelName":"WebChatChannel","location":"global","provisioningState":"Succeeded"},"zones":[]}'
    headers:
      cache-control:
      - no-cache
      content-length:
      - '898'
      content-type:
      - application/json; charset=utf-8
      date:
      - Fri, 24 Jun 2022 06:23:33 GMT
      etag:
      - W/"daa4987776a1fd5a0613854e66f8ce8c6/24/2022 6:23:34 AM"
      expires:
      - '-1'
      pragma:
      - no-cache
      strict-transport-security:
      - max-age=31536000; includeSubDomains
      transfer-encoding:
      - chunked
      vary:
      - Accept-Encoding,Accept-Encoding
      x-content-type-options:
      - nosniff
    status:
      code: 200
      message: OK
- request:
    body: null
    headers:
      Accept:
      - application/json
      Accept-Encoding:
      - gzip, deflate
      CommandName:
      - bot webchat show
      Connection:
      - keep-alive
      Content-Length:
      - '0'
      ParameterSetName:
      - -g -n --with-secrets
      User-Agent:
      - AZURECLI/2.37.0 azsdk-python-mgmt-botservice/2.0.0b3 Python/3.8.10 (Windows-10-10.0.22000-SP0)
    method: POST
    uri: https://management.azure.com/subscriptions/00000000-0000-0000-0000-000000000000/resourceGroups/clitest.rg000001/providers/Microsoft.BotService/botServices/cli000002/channels/WebChatChannel/listChannelWithKeys?api-version=2021-05-01-preview
  response:
    body:
      string: '{"resource":{"properties":{"sites":[{"siteId":"IUvseTEfDkI","siteName":"Default
        Site","key":"IUvseTEfDkI.oPQudGaAkexH3Dix5HCwv4jKr4xQ3ojqwMcyQktzV7I","key2":"IUvseTEfDkI.E_DjFlNzlw47l2JCB0qWhcRTxe7JBJn5WMj2uPGZuaY","isEnabled":true,"isWebchatPreviewEnabled":true,"isBlockUserUploadEnabled":false,"isTokenEnabled":false}]},"etag":"W/\"0ad16b811b687aa5433dfb2a8071c59d6/24/2022
        6:23:35 AM\"","channelName":"WebChatChannel","location":"global"},"setting":{"extensionKey1":"","extensionKey2":"","sites":[{"siteId":"IUvseTEfDkI","siteName":"Default
        Site","key":"IUvseTEfDkI.oPQudGaAkexH3Dix5HCwv4jKr4xQ3ojqwMcyQktzV7I","key2":"IUvseTEfDkI.E_DjFlNzlw47l2JCB0qWhcRTxe7JBJn5WMj2uPGZuaY","isEnabled":true,"isV1Enabled":true,"isV3Enabled":true,"isWebchatPreviewEnabled":true,"isSecureSiteEnabled":false,"isBlockUserUploadEnabled":false,"isTokenEnabled":false,"eTag":"\"4603d6b1-0000-1800-0000-62b558630000\""}],"channelId":"webchat","channelDisplayName":"Web
        Chat","botId":"cli000002","botIconUrl":"https://docs.botframework.com/static/devportal/client/images/bot-framework-default.png","isEnabled":true,"publicNetworkAccess":"Enabled","disableLocalAuth":false},"id":"/subscriptions/00000000-0000-0000-0000-000000000000/resourceGroups/clitest.rg000001/providers/Microsoft.BotService/botServices/cli000002/channels/WebChatChannel","location":"global","properties":{"properties":{"webChatEmbedCode":null,"sites":[{"siteId":"IUvseTEfDkI","siteName":"Default
        Site","key":"IUvseTEfDkI.oPQudGaAkexH3Dix5HCwv4jKr4xQ3ojqwMcyQktzV7I","key2":"IUvseTEfDkI.E_DjFlNzlw47l2JCB0qWhcRTxe7JBJn5WMj2uPGZuaY","isEnabled":true,"isWebchatPreviewEnabled":true,"isDetailedLoggingEnabled":null,"isNoStorageEnabled":null,"isEndpointParametersEnabled":null,"isWebChatSpeechEnabled":null,"isBlockUserUploadEnabled":false,"appId":null,"tenantId":null,"isTokenEnabled":false}]},"etag":"W/\"0ad16b811b687aa5433dfb2a8071c59d6/24/2022
        6:23:35 AM\"","channelName":"WebChatChannel","location":"global"},"provisioningState":"Accepted","entityTag":"W/\"0ad16b811b687aa5433dfb2a8071c59d6/24/2022
        6:23:35 AM\"","changedTime":"0001-01-01T00:00:00Z","zones":[]}'
    headers:
      cache-control:
      - no-cache
      content-length:
      - '2111'
      content-type:
      - application/json; charset=utf-8
      date:
      - Fri, 24 Jun 2022 06:23:34 GMT
      expires:
      - '-1'
      pragma:
      - no-cache
      strict-transport-security:
      - max-age=31536000; includeSubDomains
      transfer-encoding:
      - chunked
      vary:
      - Accept-Encoding,Accept-Encoding
      x-content-type-options:
      - nosniff
      x-ms-ratelimit-remaining-subscription-writes:
      - '1199'
    status:
      code: 200
      message: OK
- request:
    body: null
    headers:
      Accept:
      - application/json
      Accept-Encoding:
      - gzip, deflate
      CommandName:
      - bot delete
      Connection:
      - keep-alive
      Content-Length:
      - '0'
      ParameterSetName:
      - -g -n
      User-Agent:
      - AZURECLI/2.37.0 azsdk-python-mgmt-botservice/2.0.0b3 Python/3.8.10 (Windows-10-10.0.22000-SP0)
    method: DELETE
    uri: https://management.azure.com/subscriptions/00000000-0000-0000-0000-000000000000/resourceGroups/clitest.rg000001/providers/Microsoft.BotService/botServices/cli000002?api-version=2021-05-01-preview
  response:
    body:
      string: ''
    headers:
      cache-control:
      - no-cache
      content-length:
      - '0'
      date:
      - Fri, 24 Jun 2022 06:23:43 GMT
      expires:
      - '-1'
      pragma:
      - no-cache
      strict-transport-security:
      - max-age=31536000; includeSubDomains
      x-content-type-options:
      - nosniff
      x-ms-ratelimit-remaining-subscription-deletes:
      - '14997'
    status:
      code: 200
      message: OK
version: 1
