interactions:
- request:
    body: null
    headers:
      Accept:
      - application/json
      Accept-Encoding:
      - gzip, deflate
      CommandName:
      - bot delete
      Connection:
      - keep-alive
      Content-Length:
      - '0'
      ParameterSetName:
      - -g -n
      User-Agent:
      - AZURECLI/2.37.0 azsdk-python-mgmt-botservice/2.0.0b3 Python/3.8.10 (Windows-10-10.0.22000-SP0)
    method: DELETE
    uri: https://management.azure.com/subscriptions/00000000-0000-0000-0000-000000000000/resourceGroups/clitest.rg000001/providers/Microsoft.BotService/botServices/cli000002?api-version=2021-05-01-preview
  response:
    body:
      string: ''
    headers:
      cache-control:
      - no-cache
      date:
      - Fri, 24 Jun 2022 06:22:38 GMT
      expires:
      - '-1'
      pragma:
      - no-cache
      strict-transport-security:
      - max-age=31536000; includeSubDomains
      x-content-type-options:
      - nosniff
      x-ms-ratelimit-remaining-subscription-deletes:
      - '14999'
    status:
      code: 204
      message: No Content
- request:
    body: '{"name": "cli000002", "type": "azurebot"}'
    headers:
      Accept:
      - application/json
      Accept-Encoding:
      - gzip, deflate
      CommandName:
      - bot create
      Connection:
      - keep-alive
      Content-Length:
      - '41'
      Content-Type:
      - application/json
      ParameterSetName:
      - -g -n --appid --app-type
      User-Agent:
      - AZURECLI/2.37.0 azsdk-python-mgmt-botservice/2.0.0b3 Python/3.8.10 (Windows-10-10.0.22000-SP0)
    method: POST
    uri: https://management.azure.com/providers/Microsoft.BotService/checkNameAvailability?api-version=2021-05-01-preview
  response:
    body:
      string: '{"valid":true,"message":"","absCode":null}'
    headers:
      cache-control:
      - no-cache
      content-length:
      - '42'
      content-type:
      - application/json; charset=utf-8
      date:
      - Fri, 24 Jun 2022 06:22:39 GMT
      expires:
      - '-1'
      pragma:
      - no-cache
      strict-transport-security:
      - max-age=31536000; includeSubDomains
      vary:
      - Accept-Encoding
      x-content-type-options:
      - nosniff
      x-ms-ratelimit-remaining-tenant-writes:
      - '1199'
    status:
      code: 200
      message: OK
- request:
    body: '{"location": "global", "sku": {"name": "F0"}, "kind": "azurebot", "properties":
      {"displayName": "cli000002", "endpoint": "", "msaAppType": "MultiTenant", "msaAppId":
      "2b8ae937-0261-4319-8bde-3f6adfdc0334", "isCmekEnabled": false, "publicNetworkAccess":
      "Enabled", "isStreamingSupported": false}}'
    headers:
      Accept:
      - application/json
      Accept-Encoding:
      - gzip, deflate
      CommandName:
      - bot create
      Connection:
      - keep-alive
      Content-Length:
      - '295'
      Content-Type:
      - application/json
      ParameterSetName:
      - -g -n --appid --app-type
      User-Agent:
      - AZURECLI/2.37.0 azsdk-python-mgmt-botservice/2.0.0b3 Python/3.8.10 (Windows-10-10.0.22000-SP0)
    method: PUT
    uri: https://management.azure.com/subscriptions/00000000-0000-0000-0000-000000000000/resourceGroups/clitest.rg000001/providers/Microsoft.BotService/botServices/cli000002?api-version=2021-05-01-preview
  response:
    body:
      string: '{"id":"/subscriptions/00000000-0000-0000-0000-000000000000/resourceGroups/clitest.rg000001/providers/Microsoft.BotService/botServices/cli000002","name":"cli000002","type":"Microsoft.BotService/botServices","etag":"\"b70075c4-0000-1800-0000-62b558330000\"","location":"global","sku":{"name":"F0"},"kind":"azurebot","tags":{},"properties":{"displayName":"cli000002","description":null,"iconUrl":"https://docs.botframework.com/static/devportal/client/images/bot-framework-default.png","endpoint":"","msaAppId":"2b8ae937-0261-4319-8bde-3f6adfdc0334","msaAppTenantId":null,"msaAppType":"MultiTenant","msaAppMSIResourceId":null,"developerAppInsightKey":null,"developerAppInsightsApplicationId":null,"luisAppIds":[],"endpointVersion":"3.0","configuredChannels":["webchat"],"enabledChannels":["webchat","directline"],"isDeveloperAppInsightsApiKeySet":false,"isStreamingSupported":false,"schemaTransformationVersion":"1.3","publishingCredentials":null,"parameters":null,"allSettings":null,"manifestUrl":null,"storageResourceId":null,"tenantId":"72f988bf-86f1-41af-91ab-2d7cd011db47","migrationToken":null,"isCmekEnabled":false,"cmekKeyVaultUrl":null,"openWithHint":null,"appPasswordHint":null,"publicNetworkAccess":"Enabled","disableLocalAuth":false,"cmekEncryptionStatus":"Off","provisioningState":"Succeeded"},"zones":[]}'
    headers:
      cache-control:
      - no-cache
      content-length:
      - '1314'
      content-type:
      - application/json; charset=utf-8
      date:
      - Fri, 24 Jun 2022 06:22:44 GMT
      etag:
      - '"b70075c4-0000-1800-0000-62b558330000"'
      expires:
      - '-1'
      pragma:
      - no-cache
      strict-transport-security:
      - max-age=31536000; includeSubDomains
      x-content-type-options:
      - nosniff
      x-ms-ratelimit-remaining-subscription-writes:
      - '1193'
    status:
      code: 201
      message: Created
- request:
    body: null
    headers:
      Accept:
      - application/json
      Accept-Encoding:
      - gzip, deflate
      CommandName:
      - bot update
      Connection:
      - keep-alive
      ParameterSetName:
      - -g -n -e --description --sku -d --ai-key --ai-api-key --ai-app-id --tags --icon-url
      User-Agent:
      - AZURECLI/2.37.0 azsdk-python-mgmt-botservice/2.0.0b3 Python/3.8.10 (Windows-10-10.0.22000-SP0)
    method: GET
    uri: https://management.azure.com/subscriptions/00000000-0000-0000-0000-000000000000/resourceGroups/clitest.rg000001/providers/Microsoft.BotService/botServices/cli000002?api-version=2021-05-01-preview
  response:
    body:
      string: '{"id":"/subscriptions/00000000-0000-0000-0000-000000000000/resourceGroups/clitest.rg000001/providers/Microsoft.BotService/botServices/cli000002","name":"cli000002","type":"Microsoft.BotService/botServices","etag":"\"b70075c4-0000-1800-0000-62b558330000\"","location":"global","sku":{"name":"F0"},"kind":"azurebot","tags":{},"properties":{"displayName":"cli000002","description":null,"iconUrl":"https://docs.botframework.com/static/devportal/client/images/bot-framework-default.png","endpoint":"","msaAppId":"2b8ae937-0261-4319-8bde-3f6adfdc0334","msaAppTenantId":null,"msaAppType":"MultiTenant","msaAppMSIResourceId":null,"developerAppInsightKey":null,"developerAppInsightsApplicationId":null,"luisAppIds":[],"endpointVersion":"3.0","configuredChannels":["webchat"],"enabledChannels":["webchat","directline"],"isDeveloperAppInsightsApiKeySet":false,"isStreamingSupported":false,"schemaTransformationVersion":"1.3","publishingCredentials":null,"parameters":null,"allSettings":null,"manifestUrl":null,"storageResourceId":null,"tenantId":"72f988bf-86f1-41af-91ab-2d7cd011db47","migrationToken":null,"isCmekEnabled":false,"cmekKeyVaultUrl":null,"openWithHint":null,"appPasswordHint":null,"publicNetworkAccess":"Enabled","disableLocalAuth":false,"cmekEncryptionStatus":"Off","provisioningState":"Succeeded"},"zones":[]}'
    headers:
      cache-control:
      - no-cache
      content-length:
      - '1314'
      content-type:
      - application/json; charset=utf-8
      date:
      - Fri, 24 Jun 2022 06:22:45 GMT
      etag:
      - '"b70075c4-0000-1800-0000-62b558330000"'
      expires:
      - '-1'
      pragma:
      - no-cache
      strict-transport-security:
      - max-age=31536000; includeSubDomains
      transfer-encoding:
      - chunked
      vary:
      - Accept-Encoding,Accept-Encoding
      x-content-type-options:
      - nosniff
    status:
      code: 200
      message: OK
- request:
    body: '{"tags": {"Hello": "Microsoft!"}, "sku": {"name": "S1"}, "properties":
      {"displayName": "clitestbot", "description": "HelloWorld!", "iconUrl": "https://dev.botframework.com/client/images/channels/icons/directline.png",
      "endpoint": "https://dev.botframework.com/api/messages", "msaAppType": "MultiTenant",
      "msaAppId": "2b8ae937-0261-4319-8bde-3f6adfdc0334", "developerAppInsightKey":
      "24524494-20cf-44f2-9ce3-09b0bf7d10c6", "developerAppInsightsApiKey": "cli.000003",
      "developerAppInsightsApplicationId": "9d4105a4-764a-47de-9d28-f7670150111f",
      "luisAppIds": [], "isCmekEnabled": false, "publicNetworkAccess": "Enabled",
      "isStreamingSupported": false, "disableLocalAuth": false, "schemaTransformationVersion":
      "1.3"}}'
    headers:
      Accept:
      - application/json
      Accept-Encoding:
      - gzip, deflate
      CommandName:
      - bot update
      Connection:
      - keep-alive
      Content-Length:
      - '715'
      Content-Type:
      - application/json
      ParameterSetName:
      - -g -n -e --description --sku -d --ai-key --ai-api-key --ai-app-id --tags --icon-url
      User-Agent:
      - AZURECLI/2.37.0 azsdk-python-mgmt-botservice/2.0.0b3 Python/3.8.10 (Windows-10-10.0.22000-SP0)
    method: PATCH
    uri: https://management.azure.com/subscriptions/00000000-0000-0000-0000-000000000000/resourceGroups/clitest.rg000001/providers/Microsoft.BotService/botServices/cli000002?api-version=2021-05-01-preview
  response:
    body:
      string: '{"id":"/subscriptions/00000000-0000-0000-0000-000000000000/resourceGroups/clitest.rg000001/providers/Microsoft.BotService/botServices/cli000002","name":"cli000002","type":"Microsoft.BotService/botServices","etag":"\"b700bac4-0000-1800-0000-62b558370000\"","location":"global","sku":{"name":"S1"},"kind":"azurebot","tags":{"Hello":"Microsoft!"},"properties":{"displayName":"clitestbot","description":"HelloWorld!","iconUrl":"https://dev.botframework.com/client/images/channels/icons/directline.png","endpoint":"https://dev.botframework.com/api/messages","msaAppId":"2b8ae937-0261-4319-8bde-3f6adfdc0334","msaAppTenantId":null,"msaAppType":"MultiTenant","msaAppMSIResourceId":null,"developerAppInsightKey":"24524494-20cf-44f2-9ce3-09b0bf7d10c6","developerAppInsightsApplicationId":"9d4105a4-764a-47de-9d28-f7670150111f","luisAppIds":[],"endpointVersion":"3.0","configuredChannels":["webchat"],"enabledChannels":["webchat","directline"],"isDeveloperAppInsightsApiKeySet":true,"isStreamingSupported":false,"schemaTransformationVersion":"1.3","publishingCredentials":null,"parameters":null,"allSettings":null,"manifestUrl":null,"storageResourceId":null,"tenantId":"72f988bf-86f1-41af-91ab-2d7cd011db47","migrationToken":null,"isCmekEnabled":false,"cmekKeyVaultUrl":null,"openWithHint":null,"appPasswordHint":null,"publicNetworkAccess":"Enabled","disableLocalAuth":false,"cmekEncryptionStatus":"Off","provisioningState":"Succeeded"},"zones":[]}'
    headers:
      cache-control:
      - no-cache
      content-length:
      - '1438'
      content-type:
      - application/json; charset=utf-8
      date:
      - Fri, 24 Jun 2022 06:22:48 GMT
      etag:
      - '"b700bac4-0000-1800-0000-62b558370000"'
      expires:
      - '-1'
      pragma:
      - no-cache
      strict-transport-security:
      - max-age=31536000; includeSubDomains
      transfer-encoding:
      - chunked
      vary:
      - Accept-Encoding,Accept-Encoding
      x-content-type-options:
      - nosniff
      x-ms-ratelimit-remaining-subscription-writes:
      - '1196'
    status:
      code: 200
      message: OK
version: 1
