interactions:
- request:
    body: '{"name": "cli000002", "type": "azurebot"}'
    headers:
      Accept:
      - application/json
      Accept-Encoding:
      - gzip, deflate
      CommandName:
      - bot create
      Connection:
      - keep-alive
      Content-Length:
      - '41'
      Content-Type:
      - application/json
      ParameterSetName:
      - -g -n -e --app-type --appid -l
      User-Agent:
      - AZURECLI/2.37.0 azsdk-python-mgmt-botservice/2.0.0b2 Python/3.8.10 (Windows-10-10.0.19044-SP0)
    method: POST
    uri: https://management.azure.com/providers/Microsoft.BotService/checkNameAvailability?api-version=2021-05-01-preview
  response:
    body:
      string: '{"valid":true,"message":"","absCode":null}'
    headers:
      cache-control:
      - no-cache
      content-length:
      - '42'
      content-type:
      - application/json; charset=utf-8
      date:
      - Wed, 22 Jun 2022 09:39:46 GMT
      expires:
      - '-1'
      pragma:
      - no-cache
      strict-transport-security:
      - max-age=31536000; includeSubDomains
      transfer-encoding:
      - chunked
      vary:
      - Accept-Encoding,Accept-Encoding
      x-content-type-options:
      - nosniff
      x-ms-ratelimit-remaining-tenant-writes:
      - '1199'
    status:
      code: 200
      message: OK
- request:
    body: '{"location": "global", "sku": {"name": "F0"}, "kind": "azurebot", "properties":
      {"displayName": "cli000002", "endpoint": "https://www.google.com/api/messages",
      "msaAppType": "MultiTenant", "msaAppId": "e2f9eb3e-fae3-4a7d-9ac6-8bf711ac131b",
      "isCmekEnabled": false, "publicNetworkAccess": "Enabled", "isStreamingSupported":
      false}}'
    headers:
      Accept:
      - application/json
      Accept-Encoding:
      - gzip, deflate
      CommandName:
      - bot create
      Connection:
      - keep-alive
      Content-Length:
      - '330'
      Content-Type:
      - application/json
      ParameterSetName:
      - -g -n -e --app-type --appid -l
      User-Agent:
      - AZURECLI/2.37.0 azsdk-python-mgmt-botservice/2.0.0b2 Python/3.8.10 (Windows-10-10.0.19044-SP0)
    method: PUT
    uri: https://management.azure.com/subscriptions/00000000-0000-0000-0000-000000000000/resourceGroups/clitest.rg000001/providers/Microsoft.BotService/botServices/cli000002?api-version=2021-05-01-preview
  response:
    body:
      string: '{"id":"/subscriptions/00000000-0000-0000-0000-000000000000/resourceGroups/clitest.rg000001/providers/Microsoft.BotService/botServices/cli000002","name":"cli000002","type":"Microsoft.BotService/botServices","etag":"\"cf00d7ea-0000-1800-0000-62b2e3690000\"","location":"global","sku":{"name":"F0"},"kind":"azurebot","tags":{},"properties":{"displayName":"cli000002","description":null,"iconUrl":"https://docs.botframework.com/static/devportal/client/images/bot-framework-default.png","endpoint":"https://www.google.com/api/messages","msaAppId":"e2f9eb3e-fae3-4a7d-9ac6-8bf711ac131b","msaAppTenantId":null,"msaAppType":"MultiTenant","msaAppMSIResourceId":null,"developerAppInsightKey":null,"developerAppInsightsApplicationId":null,"luisAppIds":[],"endpointVersion":"3.0","configuredChannels":["webchat"],"enabledChannels":["webchat","directline"],"isDeveloperAppInsightsApiKeySet":false,"isStreamingSupported":false,"schemaTransformationVersion":"1.3","publishingCredentials":null,"parameters":null,"allSettings":null,"manifestUrl":null,"storageResourceId":null,"tenantId":"72f988bf-86f1-41af-91ab-2d7cd011db47","migrationToken":null,"isCmekEnabled":false,"cmekKeyVaultUrl":null,"openWithHint":null,"appPasswordHint":null,"publicNetworkAccess":"Enabled","disableLocalAuth":false,"cmekEncryptionStatus":"Off","provisioningState":"Succeeded"},"zones":[]}'
    headers:
      cache-control:
      - no-cache
      content-length:
      - '1349'
      content-type:
      - application/json; charset=utf-8
      date:
      - Wed, 22 Jun 2022 09:39:54 GMT
      etag:
      - '"cf00d7ea-0000-1800-0000-62b2e3690000"'
      expires:
      - '-1'
      pragma:
      - no-cache
      strict-transport-security:
      - max-age=31536000; includeSubDomains
      x-content-type-options:
      - nosniff
      x-ms-ratelimit-remaining-subscription-writes:
      - '1197'
    status:
      code: 201
      message: Created
- request:
    body: '{"location": "global", "properties": {"channelName": "DirectLineChannel",
      "location": "global", "properties": {"sites": [{"siteName": "Default Site",
      "isEnabled": true, "isV1Enabled": true, "isV3Enabled": true, "isSecureSiteEnabled":
      false, "trustedOrigins": []}]}}}'
    headers:
      Accept:
      - application/json
      Accept-Encoding:
      - gzip, deflate
      CommandName:
      - bot directline create
      Connection:
      - keep-alive
      Content-Length:
      - '266'
      Content-Type:
      - application/json
      ParameterSetName:
      - -g -n
      User-Agent:
      - AZURECLI/2.37.0 azsdk-python-mgmt-botservice/2.0.0b2 Python/3.8.10 (Windows-10-10.0.19044-SP0)
    method: PUT
    uri: https://management.azure.com/subscriptions/00000000-0000-0000-0000-000000000000/resourceGroups/clitest.rg000001/providers/Microsoft.BotService/botServices/cli000002/channels/DirectLineChannel?api-version=2021-05-01-preview
  response:
    body:
      string: '{"id":"/subscriptions/00000000-0000-0000-0000-000000000000/resourceGroups/clitest.rg000001/providers/Microsoft.BotService/botServices/cli000002/channels/DirectLineChannel","name":"cli000002/DirectLineChannel","type":"Microsoft.BotService/botServices/channels","etag":"W/\"0aaf8f8d9c02c071f8501b734bf304166/22/2022
        9:39:59 AM\"","location":"global","properties":{"properties":{"DirectLineEmbedCode":null,"sites":[{"siteId":"qDUVm1wdwec","siteName":"Default
        Site","key":"qDUVm1wdwec.ux7mrhx3Ku_RnEnI9uxmMBxbK1huy9OHrLuEkVeEmG0","key2":"qDUVm1wdwec.RwS1yqhDgMv8VZLccXr6EhLW5eCvM5aTGK6pQbjNwXQ","isEnabled":true,"isV1Enabled":true,"isV3Enabled":true,"isDetailedLoggingEnabled":null,"isNoStorageEnabled":null,"isEndpointParametersEnabled":null,"isSecureSiteEnabled":false,"isBlockUserUploadEnabled":false,"trustedOrigins":null,"appId":null,"tenantId":null,"isTokenEnabled":false}],"extensionKey1":"TJbQXzoAINE.UV5WQOYi7YkQy7Am7CROIeMRdlRepTwNxuQJj-yqWjk","extensionKey2":"TJbQXzoAINE.jT5AiqlGu0UlZtd8h0f-LUkQcXnDW_XogWRGQwtgmhg"},"etag":"W/\"0aaf8f8d9c02c071f8501b734bf304166/22/2022
        9:39:59 AM\"","channelName":"DirectLineChannel","location":"global","provisioningState":"Succeeded"},"zones":[]}'
    headers:
      cache-control:
      - no-cache
      content-length:
      - '1191'
      content-type:
      - application/json; charset=utf-8
      date:
      - Wed, 22 Jun 2022 09:39:58 GMT
      etag:
      - W/"0aaf8f8d9c02c071f8501b734bf304166/22/2022 9:39:59 AM"
      expires:
      - '-1'
      pragma:
      - no-cache
      strict-transport-security:
      - max-age=31536000; includeSubDomains
      transfer-encoding:
      - chunked
      vary:
      - Accept-Encoding,Accept-Encoding
      x-content-type-options:
      - nosniff
      x-ms-ratelimit-remaining-subscription-writes:
      - '1195'
    status:
      code: 200
      message: OK
- request:
    body: null
    headers:
      Accept:
      - application/json
      Accept-Encoding:
      - gzip, deflate
      CommandName:
      - bot directline show
      Connection:
      - keep-alive
      ParameterSetName:
      - -g -n
      User-Agent:
      - AZURECLI/2.37.0 azsdk-python-mgmt-botservice/2.0.0b2 Python/3.8.10 (Windows-10-10.0.19044-SP0)
    method: GET
    uri: https://management.azure.com/subscriptions/00000000-0000-0000-0000-000000000000/resourceGroups/clitest.rg000001/providers/Microsoft.BotService/botServices/cli000002/channels/DirectLineChannel?api-version=2021-05-01-preview
  response:
    body:
      string: '{"id":"/subscriptions/00000000-0000-0000-0000-000000000000/resourceGroups/clitest.rg000001/providers/Microsoft.BotService/botServices/cli000002/channels/DirectLineChannel","name":"cli000002/DirectLineChannel","type":"Microsoft.BotService/botServices/channels","etag":"W/\"8d9fb2fb6ce5e034a1f02db4bf5dd5886/22/2022
        9:40:00 AM\"","location":"global","properties":{"properties":{"DirectLineEmbedCode":null,"sites":[{"siteId":"qDUVm1wdwec","siteName":"Default
        Site","key":null,"key2":null,"isEnabled":true,"isV1Enabled":true,"isV3Enabled":true,"isDetailedLoggingEnabled":null,"isNoStorageEnabled":null,"isEndpointParametersEnabled":null,"isSecureSiteEnabled":false,"isBlockUserUploadEnabled":false,"trustedOrigins":null,"appId":null,"tenantId":null,"isTokenEnabled":false}],"extensionKey1":"TJbQXzoAINE.UV5WQOYi7YkQy7Am7CROIeMRdlRepTwNxuQJj-yqWjk","extensionKey2":"TJbQXzoAINE.jT5AiqlGu0UlZtd8h0f-LUkQcXnDW_XogWRGQwtgmhg"},"etag":"W/\"8d9fb2fb6ce5e034a1f02db4bf5dd5886/22/2022
        9:40:00 AM\"","channelName":"DirectLineChannel","location":"global","provisioningState":"Succeeded"},"zones":[]}'
    headers:
      cache-control:
      - no-cache
      content-length:
      - '1085'
      content-type:
      - application/json; charset=utf-8
      date:
      - Wed, 22 Jun 2022 09:39:59 GMT
      etag:
      - W/"8d9fb2fb6ce5e034a1f02db4bf5dd5886/22/2022 9:40:00 AM"
      expires:
      - '-1'
      pragma:
      - no-cache
      strict-transport-security:
      - max-age=31536000; includeSubDomains
      transfer-encoding:
      - chunked
      vary:
      - Accept-Encoding,Accept-Encoding
      x-content-type-options:
      - nosniff
    status:
      code: 200
      message: OK
- request:
    body: null
    headers:
      Accept:
      - application/json
      Accept-Encoding:
      - gzip, deflate
      CommandName:
      - bot directline show
      Connection:
      - keep-alive
      Content-Length:
      - '0'
      ParameterSetName:
      - -g -n --with-secrets
      User-Agent:
      - AZURECLI/2.37.0 azsdk-python-mgmt-botservice/2.0.0b2 Python/3.8.10 (Windows-10-10.0.19044-SP0)
    method: POST
    uri: https://management.azure.com/subscriptions/00000000-0000-0000-0000-000000000000/resourceGroups/clitest.rg000001/providers/Microsoft.BotService/botServices/cli000002/channels/DirectLineChannel/listChannelWithKeys?api-version=2021-05-01-preview
  response:
    body:
      string: '{"resource":{"properties":{"sites":[{"siteId":"qDUVm1wdwec","siteName":"Default
        Site","key":"qDUVm1wdwec.ux7mrhx3Ku_RnEnI9uxmMBxbK1huy9OHrLuEkVeEmG0","key2":"qDUVm1wdwec.RwS1yqhDgMv8VZLccXr6EhLW5eCvM5aTGK6pQbjNwXQ","isEnabled":true,"isV1Enabled":true,"isV3Enabled":true,"isSecureSiteEnabled":false,"isBlockUserUploadEnabled":false,"isTokenEnabled":false}],"extensionKey1":"TJbQXzoAINE.UV5WQOYi7YkQy7Am7CROIeMRdlRepTwNxuQJj-yqWjk","extensionKey2":"TJbQXzoAINE.jT5AiqlGu0UlZtd8h0f-LUkQcXnDW_XogWRGQwtgmhg"},"etag":"W/\"0aaf8f8d9c02c071f8501b734bf304166/22/2022
        9:40:01 AM\"","channelName":"DirectLineChannel","location":"global"},"setting":{"extensionKey1":"TJbQXzoAINE.UV5WQOYi7YkQy7Am7CROIeMRdlRepTwNxuQJj-yqWjk","extensionKey2":"TJbQXzoAINE.jT5AiqlGu0UlZtd8h0f-LUkQcXnDW_XogWRGQwtgmhg","sites":[{"siteId":"qDUVm1wdwec","siteName":"Default
        Site","key":"qDUVm1wdwec.ux7mrhx3Ku_RnEnI9uxmMBxbK1huy9OHrLuEkVeEmG0","key2":"qDUVm1wdwec.RwS1yqhDgMv8VZLccXr6EhLW5eCvM5aTGK6pQbjNwXQ","isEnabled":true,"isV1Enabled":true,"isV3Enabled":true,"isWebchatPreviewEnabled":false,"isSecureSiteEnabled":false,"isBlockUserUploadEnabled":false,"isTokenEnabled":false,"eTag":"\"5500f1d5-0000-1800-0000-62b2e3690000\""}],"channelId":"directline","channelDisplayName":"Direct
        Line","botId":"cli000002","botIconUrl":"https://docs.botframework.com/static/devportal/client/images/bot-framework-default.png","isEnabled":true,"publicNetworkAccess":"Enabled","disableLocalAuth":false},"id":"/subscriptions/00000000-0000-0000-0000-000000000000/resourceGroups/clitest.rg000001/providers/Microsoft.BotService/botServices/cli000002/channels/DirectLineChannel","location":"global","properties":{"properties":{"DirectLineEmbedCode":null,"sites":[{"siteId":"qDUVm1wdwec","siteName":"Default
        Site","key":"qDUVm1wdwec.ux7mrhx3Ku_RnEnI9uxmMBxbK1huy9OHrLuEkVeEmG0","key2":"qDUVm1wdwec.RwS1yqhDgMv8VZLccXr6EhLW5eCvM5aTGK6pQbjNwXQ","isEnabled":true,"isV1Enabled":true,"isV3Enabled":true,"isDetailedLoggingEnabled":null,"isNoStorageEnabled":null,"isEndpointParametersEnabled":null,"isSecureSiteEnabled":false,"isBlockUserUploadEnabled":false,"trustedOrigins":null,"appId":null,"tenantId":null,"isTokenEnabled":false}],"extensionKey1":"TJbQXzoAINE.UV5WQOYi7YkQy7Am7CROIeMRdlRepTwNxuQJj-yqWjk","extensionKey2":"TJbQXzoAINE.jT5AiqlGu0UlZtd8h0f-LUkQcXnDW_XogWRGQwtgmhg"},"etag":"W/\"0aaf8f8d9c02c071f8501b734bf304166/22/2022
        9:40:01 AM\"","channelName":"DirectLineChannel","location":"global"},"provisioningState":"Accepted","entityTag":"W/\"0aaf8f8d9c02c071f8501b734bf304166/22/2022
        9:40:01 AM\"","changedTime":"0001-01-01T00:00:00Z","zones":[]}'
    headers:
      cache-control:
      - no-cache
      content-length:
      - '2598'
      content-type:
      - application/json; charset=utf-8
      date:
      - Wed, 22 Jun 2022 09:40:00 GMT
      expires:
      - '-1'
      pragma:
      - no-cache
      strict-transport-security:
      - max-age=31536000; includeSubDomains
      transfer-encoding:
      - chunked
      vary:
      - Accept-Encoding,Accept-Encoding
      x-content-type-options:
      - nosniff
      x-ms-ratelimit-remaining-subscription-writes:
      - '1199'
    status:
      code: 200
      message: OK
version: 1
