interactions:
- request:
    body: '{"name": "cli000002", "type": "azurebot"}'
    headers:
      Accept:
      - application/json
      Accept-Encoding:
      - gzip, deflate
      CommandName:
      - bot create
      Connection:
      - keep-alive
      Content-Length:
      - '41'
      Content-Type:
      - application/json
      ParameterSetName:
      - -g -n -e --app-type --appid -l
      User-Agent:
      - AZURECLI/2.37.0 azsdk-python-mgmt-botservice/2.0.0b2 Python/3.8.10 (Windows-10-10.0.22000-SP0)
    method: POST
    uri: https://management.azure.com/providers/Microsoft.BotService/checkNameAvailability?api-version=2021-05-01-preview
  response:
    body:
      string: '{"valid":true,"message":"","absCode":null}'
    headers:
      cache-control:
      - no-cache
      content-length:
      - '42'
      content-type:
      - application/json; charset=utf-8
      date:
      - Mon, 20 Jun 2022 03:35:32 GMT
      expires:
      - '-1'
      pragma:
      - no-cache
      strict-transport-security:
      - max-age=31536000; includeSubDomains
      transfer-encoding:
      - chunked
      vary:
      - Accept-Encoding,Accept-Encoding
      x-content-type-options:
      - nosniff
      x-ms-ratelimit-remaining-tenant-writes:
      - '1194'
    status:
      code: 200
      message: OK
- request:
    body: '{"location": "global", "sku": {"name": "F0"}, "kind": "azurebot", "properties":
      {"displayName": "cli000002", "endpoint": "https://www.google.com/api/messages",
      "msaAppType": "MultiTenant", "msaAppId": "853799c0-7a12-4e02-b45b-94c3d01992ee",
      "isCmekEnabled": false, "publicNetworkAccess": "Enabled", "isStreamingSupported":
      false}}'
    headers:
      Accept:
      - application/json
      Accept-Encoding:
      - gzip, deflate
      CommandName:
      - bot create
      Connection:
      - keep-alive
      Content-Length:
      - '330'
      Content-Type:
      - application/json
      ParameterSetName:
      - -g -n -e --app-type --appid -l
      User-Agent:
      - AZURECLI/2.37.0 azsdk-python-mgmt-botservice/2.0.0b2 Python/3.8.10 (Windows-10-10.0.22000-SP0)
    method: PUT
    uri: https://management.azure.com/subscriptions/00000000-0000-0000-0000-000000000000/resourceGroups/clitest.rg000001/providers/Microsoft.BotService/botServices/cli000002?api-version=2021-05-01-preview
  response:
    body:
      string: '{"id":"/subscriptions/00000000-0000-0000-0000-000000000000/resourceGroups/clitest.rg000001/providers/Microsoft.BotService/botServices/cli000002","name":"cli000002","type":"Microsoft.BotService/botServices","etag":"\"ca01a335-0000-0800-0000-62afeb0c0000\"","location":"global","sku":{"name":"F0"},"kind":"azurebot","tags":{},"properties":{"displayName":"cli000002","description":null,"iconUrl":"https://docs.scratch.botframework.com/static/devportal/client/images/bot-framework-default.png","endpoint":"https://www.google.com/api/messages","msaAppId":"853799c0-7a12-4e02-b45b-94c3d01992ee","msaAppTenantId":null,"msaAppType":"MultiTenant","msaAppMSIResourceId":null,"developerAppInsightKey":null,"developerAppInsightsApplicationId":null,"luisAppIds":[],"endpointVersion":"3.0","configuredChannels":["webchat"],"enabledChannels":["webchat","directline"],"isDeveloperAppInsightsApiKeySet":false,"isStreamingSupported":false,"schemaTransformationVersion":"1.3","publishingCredentials":null,"parameters":null,"allSettings":null,"manifestUrl":null,"storageResourceId":null,"tenantId":"33e01921-4d64-4f8c-a055-5bdaffd5e33d","migrationToken":null,"isCmekEnabled":false,"cmekKeyVaultUrl":null,"openWithHint":null,"appPasswordHint":null,"publicNetworkAccess":"Enabled","disableLocalAuth":false,"cmekEncryptionStatus":"Off","provisioningState":"Succeeded"},"zones":[]}'
    headers:
      cache-control:
      - no-cache
      content-length:
      - '1357'
      content-type:
      - application/json; charset=utf-8
      date:
      - Mon, 20 Jun 2022 03:35:41 GMT
      etag:
      - '"ca01a335-0000-0800-0000-62afeb0c0000"'
      expires:
      - '-1'
      pragma:
      - no-cache
      strict-transport-security:
      - max-age=31536000; includeSubDomains
      x-content-type-options:
      - nosniff
      x-ms-ratelimit-remaining-subscription-writes:
      - '1191'
    status:
      code: 201
      message: Created
- request:
    body: '{"location": "global", "properties": {"channelName": "MsTeamsChannel",
      "location": "global", "properties": {"isEnabled": true}}}'
    headers:
      Accept:
      - application/json
      Accept-Encoding:
      - gzip, deflate
      CommandName:
      - bot msteams create
      Connection:
      - keep-alive
      Content-Length:
      - '128'
      Content-Type:
      - application/json
      ParameterSetName:
      - -g -n -l
      User-Agent:
      - AZURECLI/2.37.0 azsdk-python-mgmt-botservice/2.0.0b2 Python/3.8.10 (Windows-10-10.0.22000-SP0)
    method: PUT
    uri: https://management.azure.com/subscriptions/00000000-0000-0000-0000-000000000000/resourceGroups/clitest.rg000001/providers/Microsoft.BotService/botServices/cli000002/channels/MsTeamsChannel?api-version=2021-05-01-preview
  response:
    body:
      string: '{"id":"/subscriptions/00000000-0000-0000-0000-000000000000/resourceGroups/clitest.rg000001/providers/Microsoft.BotService/botServices/cli000002/channels/MsTeamsChannel","name":"cli000002/MsTeamsChannel","type":"Microsoft.BotService/botServices/channels","etag":"W/\"c91fac118760c3e92ac037f8db84074b6/20/2022
        3:35:48 AM\"","location":"global","properties":{"properties":{"enableCalling":false,"incomingCallRoute":null,"callingWebhook":null,"isEnabled":true,"deploymentEnvironment":"CommercialDeployment","acceptedTerms":null},"etag":"W/\"c91fac118760c3e92ac037f8db84074b6/20/2022
        3:35:48 AM\"","channelName":"MsTeamsChannel","location":"global","provisioningState":"Succeeded"},"zones":[]}'
    headers:
      cache-control:
      - no-cache
      content-length:
      - '688'
      content-type:
      - application/json; charset=utf-8
      date:
      - Mon, 20 Jun 2022 03:35:48 GMT
      etag:
      - W/"c91fac118760c3e92ac037f8db84074b6/20/2022 3:35:48 AM"
      expires:
      - '-1'
      pragma:
      - no-cache
      strict-transport-security:
      - max-age=31536000; includeSubDomains
      x-content-type-options:
      - nosniff
      x-ms-ratelimit-remaining-subscription-writes:
      - '1188'
    status:
      code: 201
      message: Created
- request:
    body: '{"location": "global", "properties": {"channelName": "DirectLineChannel",
      "location": "global", "properties": {"sites": [{"siteName": "Default Site",
      "isEnabled": true, "isV1Enabled": true, "isV3Enabled": true, "isSecureSiteEnabled":
      false, "trustedOrigins": []}]}}}'
    headers:
      Accept:
      - application/json
      Accept-Encoding:
      - gzip, deflate
      CommandName:
      - bot directline create
      Connection:
      - keep-alive
      Content-Length:
      - '266'
      Content-Type:
      - application/json
      ParameterSetName:
      - -g -n -l
      User-Agent:
      - AZURECLI/2.37.0 azsdk-python-mgmt-botservice/2.0.0b2 Python/3.8.10 (Windows-10-10.0.22000-SP0)
    method: PUT
    uri: https://management.azure.com/subscriptions/00000000-0000-0000-0000-000000000000/resourceGroups/clitest.rg000001/providers/Microsoft.BotService/botServices/cli000002/channels/DirectLineChannel?api-version=2021-05-01-preview
  response:
    body:
      string: '{"id":"/subscriptions/00000000-0000-0000-0000-000000000000/resourceGroups/clitest.rg000001/providers/Microsoft.BotService/botServices/cli000002/channels/DirectLineChannel","name":"cli000002/DirectLineChannel","type":"Microsoft.BotService/botServices/channels","etag":"W/\"0909bbcaa90b425e8b9ac839374439e76/20/2022
        3:35:56 AM\"","location":"global","properties":{"properties":{"DirectLineEmbedCode":null,"sites":[{"siteId":"QH2BeWS0Df4","siteName":"Default
        Site","key":"QH2BeWS0Df4.-JIeype8lFYCIUY3gJVMarXXjfRo3A20AGXoJ0N8SVU","key2":"QH2BeWS0Df4.35IUritRMslKNLRZneI_NK7ZrunI84wgBgP2kqnVkoc","isEnabled":true,"isV1Enabled":true,"isV3Enabled":true,"isDetailedLoggingEnabled":true,"isNoStorageEnabled":null,"isEndpointParametersEnabled":null,"isSecureSiteEnabled":false,"isBlockUserUploadEnabled":false,"trustedOrigins":null,"appId":null,"tenantId":null,"isTokenEnabled":false}],"extensionKey1":"XonmDj1ySUY.Fs1SVn6KMWo6Bd4yuVjaWhM6kOZ3Kh0Py4sPUk5IYEE","extensionKey2":"XonmDj1ySUY.-mahl6v7TcxwTlslCNMolls5q-PGFlvr8mKu4PaEJDA"},"etag":"W/\"0909bbcaa90b425e8b9ac839374439e76/20/2022
        3:35:56 AM\"","channelName":"DirectLineChannel","location":"global","provisioningState":"Succeeded"},"zones":[]}'
    headers:
      cache-control:
      - no-cache
      content-length:
      - '1191'
      content-type:
      - application/json; charset=utf-8
      date:
      - Mon, 20 Jun 2022 03:35:56 GMT
      etag:
      - W/"0909bbcaa90b425e8b9ac839374439e76/20/2022 3:35:56 AM"
      expires:
      - '-1'
      pragma:
      - no-cache
      strict-transport-security:
      - max-age=31536000; includeSubDomains
      transfer-encoding:
      - chunked
      vary:
      - Accept-Encoding,Accept-Encoding
      x-content-type-options:
      - nosniff
      x-ms-ratelimit-remaining-subscription-writes:
      - '1190'
    status:
      code: 200
      message: OK
- request:
    body: null
    headers:
      Accept:
      - application/json
      Accept-Encoding:
      - gzip, deflate
      CommandName:
      - bot delete
      Connection:
      - keep-alive
      Content-Length:
      - '0'
      ParameterSetName:
      - -g -n
      User-Agent:
      - AZURECLI/2.37.0 azsdk-python-mgmt-botservice/2.0.0b2 Python/3.8.10 (Windows-10-10.0.22000-SP0)
    method: DELETE
    uri: https://management.azure.com/subscriptions/00000000-0000-0000-0000-000000000000/resourceGroups/clitest.rg000001/providers/Microsoft.BotService/botServices/cli000002?api-version=2021-05-01-preview
  response:
    body:
      string: ''
    headers:
      cache-control:
      - no-cache
      content-length:
      - '0'
      date:
      - Mon, 20 Jun 2022 03:36:08 GMT
      expires:
      - '-1'
      pragma:
      - no-cache
      strict-transport-security:
      - max-age=31536000; includeSubDomains
      x-content-type-options:
      - nosniff
      x-ms-ratelimit-remaining-subscription-deletes:
      - '14992'
    status:
      code: 200
      message: OK
- request:
    body: '{"name": "cli000004", "type": "azurebot"}'
    headers:
      Accept:
      - application/json
      Accept-Encoding:
      - gzip, deflate
      CommandName:
      - bot create
      Connection:
      - keep-alive
      Content-Length:
      - '41'
      Content-Type:
      - application/json
      ParameterSetName:
      - -g -n -e --app-type --appid -l
      User-Agent:
      - AZURECLI/2.37.0 azsdk-python-mgmt-botservice/2.0.0b2 Python/3.8.10 (Windows-10-10.0.22000-SP0)
    method: POST
    uri: https://management.azure.com/providers/Microsoft.BotService/checkNameAvailability?api-version=2021-05-01-preview
  response:
    body:
      string: '{"valid":true,"message":"","absCode":null}'
    headers:
      cache-control:
      - no-cache
      content-length:
      - '42'
      content-type:
      - application/json; charset=utf-8
      date:
      - Mon, 20 Jun 2022 03:36:09 GMT
      expires:
      - '-1'
      pragma:
      - no-cache
      strict-transport-security:
      - max-age=31536000; includeSubDomains
      transfer-encoding:
      - chunked
      vary:
      - Accept-Encoding,Accept-Encoding
      x-content-type-options:
      - nosniff
      x-ms-ratelimit-remaining-tenant-writes:
      - '1194'
    status:
      code: 200
      message: OK
- request:
    body: '{"location": "westus", "sku": {"name": "F0"}, "kind": "azurebot", "properties":
      {"displayName": "cli000004", "endpoint": "https://www.google.com/api/messages",
      "msaAppType": "MultiTenant", "msaAppId": "e7294531-3689-4cbf-9bae-d6b4e0c5bf4f",
      "isCmekEnabled": false, "publicNetworkAccess": "Enabled", "isStreamingSupported":
      false}}'
    headers:
      Accept:
      - application/json
      Accept-Encoding:
      - gzip, deflate
      CommandName:
      - bot create
      Connection:
      - keep-alive
      Content-Length:
      - '330'
      Content-Type:
      - application/json
      ParameterSetName:
      - -g -n -e --app-type --appid -l
      User-Agent:
      - AZURECLI/2.37.0 azsdk-python-mgmt-botservice/2.0.0b2 Python/3.8.10 (Windows-10-10.0.22000-SP0)
    method: PUT
    uri: https://management.azure.com/subscriptions/00000000-0000-0000-0000-000000000000/resourceGroups/clitest.rg000001/providers/Microsoft.BotService/botServices/cli000004?api-version=2021-05-01-preview
  response:
    body:
      string: '{"id":"/subscriptions/00000000-0000-0000-0000-000000000000/resourceGroups/clitest.rg000001/providers/Microsoft.BotService/botServices/cli000004","name":"cli000004","type":"Microsoft.BotService/botServices","etag":"\"5b006517-0000-0200-0000-62afeb2d0000\"","location":"westus","sku":{"name":"F0"},"kind":"azurebot","tags":{},"properties":{"displayName":"cli000004","description":null,"iconUrl":"https://docs.botframework.com/static/devportal/client/images/bot-framework-default.png","endpoint":"https://www.google.com/api/messages","msaAppId":"e7294531-3689-4cbf-9bae-d6b4e0c5bf4f","msaAppTenantId":null,"msaAppType":"MultiTenant","msaAppMSIResourceId":null,"developerAppInsightKey":null,"developerAppInsightsApplicationId":null,"luisAppIds":[],"endpointVersion":"3.0","configuredChannels":["webchat"],"enabledChannels":["webchat","directline"],"isDeveloperAppInsightsApiKeySet":false,"isStreamingSupported":false,"schemaTransformationVersion":"1.3","publishingCredentials":null,"parameters":null,"allSettings":null,"manifestUrl":null,"storageResourceId":null,"tenantId":"33e01921-4d64-4f8c-a055-5bdaffd5e33d","migrationToken":null,"isCmekEnabled":false,"cmekKeyVaultUrl":null,"openWithHint":null,"appPasswordHint":null,"publicNetworkAccess":"Enabled","disableLocalAuth":false,"cmekEncryptionStatus":"Off","provisioningState":"Succeeded"},"zones":[]}'
    headers:
      cache-control:
      - no-cache
      content-length:
      - '1349'
      content-type:
      - application/json; charset=utf-8
      date:
      - Mon, 20 Jun 2022 03:36:15 GMT
      etag:
      - '"5b006517-0000-0200-0000-62afeb2d0000"'
      expires:
      - '-1'
      pragma:
      - no-cache
      strict-transport-security:
      - max-age=31536000; includeSubDomains
      x-content-type-options:
      - nosniff
      x-ms-ratelimit-remaining-subscription-writes:
      - '1191'
    status:
      code: 201
      message: Created
- request:
    body: '{"location": "westus", "properties": {"channelName": "MsTeamsChannel",
      "location": "global", "properties": {"isEnabled": true}}}'
    headers:
      Accept:
      - application/json
      Accept-Encoding:
      - gzip, deflate
      CommandName:
      - bot msteams create
      Connection:
      - keep-alive
      Content-Length:
      - '128'
      Content-Type:
      - application/json
      ParameterSetName:
      - -g -n -l
      User-Agent:
      - AZURECLI/2.37.0 azsdk-python-mgmt-botservice/2.0.0b2 Python/3.8.10 (Windows-10-10.0.22000-SP0)
    method: PUT
    uri: https://management.azure.com/subscriptions/00000000-0000-0000-0000-000000000000/resourceGroups/clitest.rg000001/providers/Microsoft.BotService/botServices/cli000004/channels/MsTeamsChannel?api-version=2021-05-01-preview
  response:
    body:
      string: '{"id":"/subscriptions/00000000-0000-0000-0000-000000000000/resourceGroups/clitest.rg000001/providers/Microsoft.BotService/botServices/cli000004/channels/MsTeamsChannel","name":"cli000004/MsTeamsChannel","type":"Microsoft.BotService/botServices/channels","etag":"W/\"c91fac118760c3e92ac037f8db84074b6/20/2022
        3:36:19 AM\"","location":"westus","properties":{"properties":{"enableCalling":false,"incomingCallRoute":null,"callingWebhook":null,"isEnabled":true,"deploymentEnvironment":"CommercialDeployment","acceptedTerms":null},"etag":"W/\"c91fac118760c3e92ac037f8db84074b6/20/2022
        3:36:19 AM\"","channelName":"MsTeamsChannel","location":"westus","provisioningState":"Succeeded"},"zones":[]}'
    headers:
      cache-control:
      - no-cache
      content-length:
      - '688'
      content-type:
      - application/json; charset=utf-8
      date:
      - Mon, 20 Jun 2022 03:36:18 GMT
      etag:
      - W/"c91fac118760c3e92ac037f8db84074b6/20/2022 3:36:19 AM"
      expires:
      - '-1'
      pragma:
      - no-cache
      strict-transport-security:
      - max-age=31536000; includeSubDomains
      x-content-type-options:
      - nosniff
      x-ms-ratelimit-remaining-subscription-writes:
      - '1193'
    status:
      code: 201
      message: Created
- request:
    body: '{"location": "westus", "properties": {"channelName": "DirectLineChannel",
      "location": "global", "properties": {"sites": [{"siteName": "Default Site",
      "isEnabled": true, "isV1Enabled": true, "isV3Enabled": true, "isSecureSiteEnabled":
      false, "trustedOrigins": []}]}}}'
    headers:
      Accept:
      - application/json
      Accept-Encoding:
      - gzip, deflate
      CommandName:
      - bot directline create
      Connection:
      - keep-alive
      Content-Length:
      - '266'
      Content-Type:
      - application/json
      ParameterSetName:
      - -g -n -l
      User-Agent:
      - AZURECLI/2.37.0 azsdk-python-mgmt-botservice/2.0.0b2 Python/3.8.10 (Windows-10-10.0.22000-SP0)
    method: PUT
    uri: https://management.azure.com/subscriptions/00000000-0000-0000-0000-000000000000/resourceGroups/clitest.rg000001/providers/Microsoft.BotService/botServices/cli000004/channels/DirectLineChannel?api-version=2021-05-01-preview
  response:
    body:
      string: '{"id":"/subscriptions/00000000-0000-0000-0000-000000000000/resourceGroups/clitest.rg000001/providers/Microsoft.BotService/botServices/cli000004/channels/DirectLineChannel","name":"cli000004/DirectLineChannel","type":"Microsoft.BotService/botServices/channels","etag":"W/\"3c6d15f271a37985b4ba3ffa6f35bf406/20/2022
        3:36:22 AM\"","location":"westus","properties":{"properties":{"DirectLineEmbedCode":null,"sites":[{"siteId":"HDTVafle2Wg","siteName":"Default
        Site","key":"HDTVafle2Wg.Y3PpOxe2YTY6JQFELMVgdi45ufKGDSZWOSTzYn2kcrY","key2":"HDTVafle2Wg.8Mtk0muUEWx6on9uyDAyIggWaAex8nAvn00ShRIpIQg","isEnabled":true,"isV1Enabled":true,"isV3Enabled":true,"isDetailedLoggingEnabled":null,"isNoStorageEnabled":null,"isEndpointParametersEnabled":null,"isSecureSiteEnabled":false,"isBlockUserUploadEnabled":false,"trustedOrigins":null,"appId":null,"tenantId":null,"isTokenEnabled":false}],"extensionKey1":"N9brF4i7xhM.PyixvHD7URSgi5x7SEtgsE0Yabs-E4dhGPjrxPrFcoU","extensionKey2":"N9brF4i7xhM.4m_XBRwylIvBy2ZLNjLJ5-9DEnxBxCPUN3CD6BrRkQk"},"etag":"W/\"3c6d15f271a37985b4ba3ffa6f35bf406/20/2022
        3:36:22 AM\"","channelName":"DirectLineChannel","location":"westus","provisioningState":"Succeeded"},"zones":[]}'
    headers:
      cache-control:
      - no-cache
      content-length:
      - '1191'
      content-type:
      - application/json; charset=utf-8
      date:
      - Mon, 20 Jun 2022 03:36:22 GMT
      etag:
      - W/"3c6d15f271a37985b4ba3ffa6f35bf406/20/2022 3:36:22 AM"
      expires:
      - '-1'
      pragma:
      - no-cache
      strict-transport-security:
      - max-age=31536000; includeSubDomains
      transfer-encoding:
      - chunked
      vary:
      - Accept-Encoding,Accept-Encoding
      x-content-type-options:
      - nosniff
      x-ms-ratelimit-remaining-subscription-writes:
      - '1192'
    status:
      code: 200
      message: OK
- request:
    body: null
    headers:
      Accept:
      - application/json
      Accept-Encoding:
      - gzip, deflate
      CommandName:
      - bot delete
      Connection:
      - keep-alive
      Content-Length:
      - '0'
      ParameterSetName:
      - -g -n
      User-Agent:
      - AZURECLI/2.37.0 azsdk-python-mgmt-botservice/2.0.0b2 Python/3.8.10 (Windows-10-10.0.22000-SP0)
    method: DELETE
    uri: https://management.azure.com/subscriptions/00000000-0000-0000-0000-000000000000/resourceGroups/clitest.rg000001/providers/Microsoft.BotService/botServices/cli000004?api-version=2021-05-01-preview
  response:
    body:
      string: ''
    headers:
      cache-control:
      - no-cache
      content-length:
      - '0'
      date:
      - Mon, 20 Jun 2022 03:36:28 GMT
      expires:
      - '-1'
      pragma:
      - no-cache
      strict-transport-security:
      - max-age=31536000; includeSubDomains
      x-content-type-options:
      - nosniff
      x-ms-ratelimit-remaining-subscription-deletes:
      - '14991'
    status:
      code: 200
      message: OK
- request:
    body: '{"name": "cli000006", "type": "azurebot"}'
    headers:
      Accept:
      - application/json
      Accept-Encoding:
      - gzip, deflate
      CommandName:
      - bot create
      Connection:
      - keep-alive
      Content-Length:
      - '41'
      Content-Type:
      - application/json
      ParameterSetName:
      - -g -n -e --app-type --appid -l
      User-Agent:
      - AZURECLI/2.37.0 azsdk-python-mgmt-botservice/2.0.0b2 Python/3.8.10 (Windows-10-10.0.22000-SP0)
    method: POST
    uri: https://management.azure.com/providers/Microsoft.BotService/checkNameAvailability?api-version=2021-05-01-preview
  response:
    body:
      string: '{"valid":true,"message":"","absCode":null}'
    headers:
      cache-control:
      - no-cache
      content-length:
      - '42'
      content-type:
      - application/json; charset=utf-8
      date:
      - Mon, 20 Jun 2022 03:36:29 GMT
      expires:
      - '-1'
      pragma:
      - no-cache
      strict-transport-security:
      - max-age=31536000; includeSubDomains
      transfer-encoding:
      - chunked
      vary:
      - Accept-Encoding,Accept-Encoding
      x-content-type-options:
      - nosniff
      x-ms-ratelimit-remaining-tenant-writes:
      - '1194'
    status:
      code: 200
      message: OK
- request:
    body: '{"location": "westeurope", "sku": {"name": "F0"}, "kind": "azurebot", "properties":
      {"displayName": "cli000006", "endpoint": "https://www.google.com/api/messages",
      "msaAppType": "MultiTenant", "msaAppId": "6669014f-d085-4cd7-b534-071da4505d2e",
      "isCmekEnabled": false, "publicNetworkAccess": "Enabled", "isStreamingSupported":
      false}}'
    headers:
      Accept:
      - application/json
      Accept-Encoding:
      - gzip, deflate
      CommandName:
      - bot create
      Connection:
      - keep-alive
      Content-Length:
      - '334'
      Content-Type:
      - application/json
      ParameterSetName:
      - -g -n -e --app-type --appid -l
      User-Agent:
      - AZURECLI/2.37.0 azsdk-python-mgmt-botservice/2.0.0b2 Python/3.8.10 (Windows-10-10.0.22000-SP0)
    method: PUT
    uri: https://management.azure.com/subscriptions/00000000-0000-0000-0000-000000000000/resourceGroups/clitest.rg000001/providers/Microsoft.BotService/botServices/cli000006?api-version=2021-05-01-preview
  response:
    body:
      string: '{"id":"/subscriptions/00000000-0000-0000-0000-000000000000/resourceGroups/clitest.rg000001/providers/Microsoft.BotService/botServices/cli000006","name":"cli000006","type":"Microsoft.BotService/botServices","etag":"\"280086ec-0000-0e00-0000-62afeb470000\"","location":"westeurope","sku":{"name":"F0"},"kind":"azurebot","tags":{},"properties":{"displayName":"cli000006","description":null,"iconUrl":"https://docs.scratch.botframework.com/static/devportal/client/images/bot-framework-default.png","endpoint":"https://www.google.com/api/messages","msaAppId":"6669014f-d085-4cd7-b534-071da4505d2e","msaAppTenantId":null,"msaAppType":"MultiTenant","msaAppMSIResourceId":null,"developerAppInsightKey":null,"developerAppInsightsApplicationId":null,"luisAppIds":[],"endpointVersion":"3.0","configuredChannels":["webchat"],"enabledChannels":["webchat","directline"],"isDeveloperAppInsightsApiKeySet":false,"isStreamingSupported":false,"schemaTransformationVersion":"1.3","publishingCredentials":null,"parameters":null,"allSettings":null,"manifestUrl":null,"storageResourceId":null,"tenantId":"33e01921-4d64-4f8c-a055-5bdaffd5e33d","migrationToken":null,"isCmekEnabled":false,"cmekKeyVaultUrl":null,"openWithHint":null,"appPasswordHint":null,"publicNetworkAccess":"Enabled","disableLocalAuth":false,"cmekEncryptionStatus":"Off","provisioningState":"Succeeded"},"zones":[]}'
    headers:
      cache-control:
      - no-cache
      content-length:
      - '1361'
      content-type:
      - application/json; charset=utf-8
      date:
      - Mon, 20 Jun 2022 03:36:40 GMT
      etag:
      - '"280086ec-0000-0e00-0000-62afeb470000"'
      expires:
      - '-1'
      pragma:
      - no-cache
      strict-transport-security:
      - max-age=31536000; includeSubDomains
      x-content-type-options:
      - nosniff
      x-ms-ratelimit-remaining-subscription-writes:
      - '1189'
    status:
      code: 201
      message: Created
- request:
    body: '{"location": "westeurope", "properties": {"channelName": "MsTeamsChannel",
      "location": "global", "properties": {"isEnabled": true}}}'
    headers:
      Accept:
      - application/json
      Accept-Encoding:
      - gzip, deflate
      CommandName:
      - bot msteams create
      Connection:
      - keep-alive
      Content-Length:
      - '132'
      Content-Type:
      - application/json
      ParameterSetName:
      - -g -n -l
      User-Agent:
      - AZURECLI/2.37.0 azsdk-python-mgmt-botservice/2.0.0b2 Python/3.8.10 (Windows-10-10.0.22000-SP0)
    method: PUT
    uri: https://management.azure.com/subscriptions/00000000-0000-0000-0000-000000000000/resourceGroups/clitest.rg000001/providers/Microsoft.BotService/botServices/cli000006/channels/MsTeamsChannel?api-version=2021-05-01-preview
  response:
    body:
      string: '{"id":"/subscriptions/00000000-0000-0000-0000-000000000000/resourceGroups/clitest.rg000001/providers/Microsoft.BotService/botServices/cli000006/channels/MsTeamsChannel","name":"cli000006/MsTeamsChannel","type":"Microsoft.BotService/botServices/channels","etag":"W/\"c91fac118760c3e92ac037f8db84074b6/20/2022
        3:36:45 AM\"","location":"westeurope","properties":{"properties":{"enableCalling":false,"incomingCallRoute":null,"callingWebhook":null,"isEnabled":true,"deploymentEnvironment":"CommercialDeployment","acceptedTerms":null},"etag":"W/\"c91fac118760c3e92ac037f8db84074b6/20/2022
        3:36:45 AM\"","channelName":"MsTeamsChannel","location":"westeurope","provisioningState":"Succeeded"},"zones":[]}'
    headers:
      cache-control:
      - no-cache
      content-length:
      - '696'
      content-type:
      - application/json; charset=utf-8
      date:
      - Mon, 20 Jun 2022 03:36:45 GMT
      etag:
      - W/"c91fac118760c3e92ac037f8db84074b6/20/2022 3:36:45 AM"
      expires:
      - '-1'
      pragma:
      - no-cache
      strict-transport-security:
      - max-age=31536000; includeSubDomains
      x-content-type-options:
      - nosniff
      x-ms-ratelimit-remaining-subscription-writes:
      - '1188'
    status:
      code: 201
      message: Created
- request:
    body: '{"location": "westeurope", "properties": {"channelName": "DirectLineChannel",
      "location": "global", "properties": {"sites": [{"siteName": "Default Site",
      "isEnabled": true, "isV1Enabled": true, "isV3Enabled": true, "isSecureSiteEnabled":
      false, "trustedOrigins": []}]}}}'
    headers:
      Accept:
      - application/json
      Accept-Encoding:
      - gzip, deflate
      CommandName:
      - bot directline create
      Connection:
      - keep-alive
      Content-Length:
      - '270'
      Content-Type:
      - application/json
      ParameterSetName:
      - -g -n -l
      User-Agent:
      - AZURECLI/2.37.0 azsdk-python-mgmt-botservice/2.0.0b2 Python/3.8.10 (Windows-10-10.0.22000-SP0)
    method: PUT
    uri: https://management.azure.com/subscriptions/00000000-0000-0000-0000-000000000000/resourceGroups/clitest.rg000001/providers/Microsoft.BotService/botServices/cli000006/channels/DirectLineChannel?api-version=2021-05-01-preview
  response:
    body:
      string: '{"id":"/subscriptions/00000000-0000-0000-0000-000000000000/resourceGroups/clitest.rg000001/providers/Microsoft.BotService/botServices/cli000006/channels/DirectLineChannel","name":"cli000006/DirectLineChannel","type":"Microsoft.BotService/botServices/channels","etag":"W/\"16b9d459ce6323764eaff3076e46a9b16/20/2022
        3:36:48 AM\"","location":"westeurope","properties":{"properties":{"DirectLineEmbedCode":null,"sites":[{"siteId":"VkXi9vZ73iU","siteName":"Default
        Site","key":"VkXi9vZ73iU.pg3Nzd3JOyV5m-3UYV-8YfE9VAZRJoqQBX0b3fnLk6o","key2":"VkXi9vZ73iU.xvAfn0gXpLtMakRGy9HDpPHl9LGo8rISfUFQO_10KNI","isEnabled":true,"isV1Enabled":true,"isV3Enabled":true,"isDetailedLoggingEnabled":true,"isNoStorageEnabled":null,"isEndpointParametersEnabled":null,"isSecureSiteEnabled":false,"isBlockUserUploadEnabled":false,"trustedOrigins":null,"appId":null,"tenantId":null,"isTokenEnabled":false}],"extensionKey1":"ls5AJnJeMis.NmclX6QYZnHuT42V2QfWXbylWH2tVdqtnvkQJH0ZUL4","extensionKey2":"ls5AJnJeMis._UjewjLwerDI_XcJVwj5Woy_meBKbF6iaKr3KgJGxc4"},"etag":"W/\"16b9d459ce6323764eaff3076e46a9b16/20/2022
        3:36:48 AM\"","channelName":"DirectLineChannel","location":"westeurope","provisioningState":"Succeeded"},"zones":[]}'
    headers:
      cache-control:
      - no-cache
      content-length:
      - '1199'
      content-type:
      - application/json; charset=utf-8
      date:
      - Mon, 20 Jun 2022 03:36:48 GMT
      etag:
      - W/"16b9d459ce6323764eaff3076e46a9b16/20/2022 3:36:48 AM"
      expires:
      - '-1'
      pragma:
      - no-cache
      strict-transport-security:
      - max-age=31536000; includeSubDomains
      transfer-encoding:
      - chunked
      vary:
      - Accept-Encoding,Accept-Encoding
      x-content-type-options:
      - nosniff
      x-ms-ratelimit-remaining-subscription-writes:
      - '1196'
    status:
      code: 200
      message: OK
- request:
    body: null
    headers:
      Accept:
      - application/json
      Accept-Encoding:
      - gzip, deflate
      CommandName:
      - bot delete
      Connection:
      - keep-alive
      Content-Length:
      - '0'
      ParameterSetName:
      - -g -n
      User-Agent:
      - AZURECLI/2.37.0 azsdk-python-mgmt-botservice/2.0.0b2 Python/3.8.10 (Windows-10-10.0.22000-SP0)
    method: DELETE
    uri: https://management.azure.com/subscriptions/00000000-0000-0000-0000-000000000000/resourceGroups/clitest.rg000001/providers/Microsoft.BotService/botServices/cli000006?api-version=2021-05-01-preview
  response:
    body:
      string: ''
    headers:
      cache-control:
      - no-cache
      content-length:
      - '0'
      date:
      - Mon, 20 Jun 2022 03:36:58 GMT
      expires:
      - '-1'
      pragma:
      - no-cache
      strict-transport-security:
      - max-age=31536000; includeSubDomains
      x-content-type-options:
      - nosniff
      x-ms-ratelimit-remaining-subscription-deletes:
      - '14997'
    status:
      code: 200
      message: OK
version: 1
