interactions:
- request:
    body: null
    headers:
      Accept:
      - application/json
      Accept-Encoding:
      - gzip, deflate
      CommandName:
      - bot delete
      Connection:
      - keep-alive
      Content-Length:
      - '0'
      ParameterSetName:
      - -g -n
      User-Agent:
      - python/3.7.0 (Windows-10-10.0.18362-SP0) msrest/0.6.8 msrest_azure/0.6.3 azure-mgmt-botservice/0.2.0
        Azure-SDK-For-Python AZURECLI/2.5.1
      accept-language:
      - en-US
    method: DELETE
    uri: https://management.azure.com/subscriptions/00000000-0000-0000-0000-000000000000/resourceGroups/clitest.rg000001/providers/Microsoft.BotService/botServices/cli000002?api-version=2018-07-12
  response:
    body:
      string: ''
    headers:
      cache-control:
      - no-cache
      date:
      - Wed, 13 May 2020 17:59:43 GMT
      expires:
      - '-1'
      pragma:
      - no-cache
      strict-transport-security:
      - max-age=31536000; includeSubDomains
      x-content-type-options:
      - nosniff
      x-ms-ratelimit-remaining-subscription-deletes:
      - '14998'
    status:
      code: 204
      message: No Content
- request:
    body: null
    headers:
      Accept:
      - application/json
      Accept-Encoding:
      - gzip, deflate
      CommandName:
      - bot delete
      Connection:
      - keep-alive
      ParameterSetName:
      - -g -n
      User-Agent:
      - python/3.7.0 (Windows-10-10.0.18362-SP0) msrest/0.6.8 msrest_azure/0.6.3 azure-mgmt-resource/9.0.0
        Azure-SDK-For-Python AZURECLI/2.5.1
      accept-language:
      - en-US
    method: GET
    uri: https://management.azure.com/subscriptions/00000000-0000-0000-0000-000000000000/locations?api-version=2019-06-01
  response:
    body:
      string: '{"value":[{"id":"/subscriptions/00000000-0000-0000-0000-000000000000/locations/eastasia","name":"eastasia","displayName":"East
        Asia","longitude":"114.188","latitude":"22.267"},{"id":"/subscriptions/00000000-0000-0000-0000-000000000000/locations/southeastasia","name":"southeastasia","displayName":"Southeast
        Asia","longitude":"103.833","latitude":"1.283"},{"id":"/subscriptions/00000000-0000-0000-0000-000000000000/locations/centralus","name":"centralus","displayName":"Central
        US","longitude":"-93.6208","latitude":"41.5908"},{"id":"/subscriptions/00000000-0000-0000-0000-000000000000/locations/eastus","name":"eastus","displayName":"East
        US","longitude":"-79.8164","latitude":"37.3719"},{"id":"/subscriptions/00000000-0000-0000-0000-000000000000/locations/eastus2","name":"eastus2","displayName":"East
        US 2","longitude":"-78.3889","latitude":"36.6681"},{"id":"/subscriptions/00000000-0000-0000-0000-000000000000/locations/westus","name":"westus","displayName":"West
        US","longitude":"-122.417","latitude":"37.783"},{"id":"/subscriptions/00000000-0000-0000-0000-000000000000/locations/northcentralus","name":"northcentralus","displayName":"North
        Central US","longitude":"-87.6278","latitude":"41.8819"},{"id":"/subscriptions/00000000-0000-0000-0000-000000000000/locations/southcentralus","name":"southcentralus","displayName":"South
        Central US","longitude":"-98.5","latitude":"29.4167"},{"id":"/subscriptions/00000000-0000-0000-0000-000000000000/locations/northeurope","name":"northeurope","displayName":"North
        Europe","longitude":"-6.2597","latitude":"53.3478"},{"id":"/subscriptions/00000000-0000-0000-0000-000000000000/locations/westeurope","name":"westeurope","displayName":"West
        Europe","longitude":"4.9","latitude":"52.3667"},{"id":"/subscriptions/00000000-0000-0000-0000-000000000000/locations/japanwest","name":"japanwest","displayName":"Japan
        West","longitude":"135.5022","latitude":"34.6939"},{"id":"/subscriptions/00000000-0000-0000-0000-000000000000/locations/japaneast","name":"japaneast","displayName":"Japan
        East","longitude":"139.77","latitude":"35.68"},{"id":"/subscriptions/00000000-0000-0000-0000-000000000000/locations/brazilsouth","name":"brazilsouth","displayName":"Brazil
        South","longitude":"-46.633","latitude":"-23.55"},{"id":"/subscriptions/00000000-0000-0000-0000-000000000000/locations/australiaeast","name":"australiaeast","displayName":"Australia
        East","longitude":"151.2094","latitude":"-33.86"},{"id":"/subscriptions/00000000-0000-0000-0000-000000000000/locations/australiasoutheast","name":"australiasoutheast","displayName":"Australia
        Southeast","longitude":"144.9631","latitude":"-37.8136"},{"id":"/subscriptions/00000000-0000-0000-0000-000000000000/locations/southindia","name":"southindia","displayName":"South
        India","longitude":"80.1636","latitude":"12.9822"},{"id":"/subscriptions/00000000-0000-0000-0000-000000000000/locations/centralindia","name":"centralindia","displayName":"Central
        India","longitude":"73.9197","latitude":"18.5822"},{"id":"/subscriptions/00000000-0000-0000-0000-000000000000/locations/westindia","name":"westindia","displayName":"West
        India","longitude":"72.868","latitude":"19.088"},{"id":"/subscriptions/00000000-0000-0000-0000-000000000000/locations/canadacentral","name":"canadacentral","displayName":"Canada
        Central","longitude":"-79.383","latitude":"43.653"},{"id":"/subscriptions/00000000-0000-0000-0000-000000000000/locations/canadaeast","name":"canadaeast","displayName":"Canada
        East","longitude":"-71.217","latitude":"46.817"},{"id":"/subscriptions/00000000-0000-0000-0000-000000000000/locations/uksouth","name":"uksouth","displayName":"UK
        South","longitude":"-0.799","latitude":"50.941"},{"id":"/subscriptions/00000000-0000-0000-0000-000000000000/locations/ukwest","name":"ukwest","displayName":"UK
        West","longitude":"-3.084","latitude":"53.427"},{"id":"/subscriptions/00000000-0000-0000-0000-000000000000/locations/westcentralus","name":"westcentralus","displayName":"West
        Central US","longitude":"-110.234","latitude":"40.890"},{"id":"/subscriptions/00000000-0000-0000-0000-000000000000/locations/westus2","name":"westus2","displayName":"West
        US 2","longitude":"-119.852","latitude":"47.233"},{"id":"/subscriptions/00000000-0000-0000-0000-000000000000/locations/koreacentral","name":"koreacentral","displayName":"Korea
        Central","longitude":"126.9780","latitude":"37.5665"},{"id":"/subscriptions/00000000-0000-0000-0000-000000000000/locations/koreasouth","name":"koreasouth","displayName":"Korea
        South","longitude":"129.0756","latitude":"35.1796"},{"id":"/subscriptions/00000000-0000-0000-0000-000000000000/locations/francecentral","name":"francecentral","displayName":"France
        Central","longitude":"2.3730","latitude":"46.3772"},{"id":"/subscriptions/00000000-0000-0000-0000-000000000000/locations/francesouth","name":"francesouth","displayName":"France
        South","longitude":"2.1972","latitude":"43.8345"},{"id":"/subscriptions/00000000-0000-0000-0000-000000000000/locations/australiacentral","name":"australiacentral","displayName":"Australia
        Central","longitude":"149.1244","latitude":"-35.3075"},{"id":"/subscriptions/00000000-0000-0000-0000-000000000000/locations/australiacentral2","name":"australiacentral2","displayName":"Australia
        Central 2","longitude":"149.1244","latitude":"-35.3075"},{"id":"/subscriptions/00000000-0000-0000-0000-000000000000/locations/uaecentral","name":"uaecentral","displayName":"UAE
        Central","longitude":"54.366669","latitude":"24.466667"},{"id":"/subscriptions/00000000-0000-0000-0000-000000000000/locations/uaenorth","name":"uaenorth","displayName":"UAE
        North","longitude":"55.316666","latitude":"25.266666"},{"id":"/subscriptions/00000000-0000-0000-0000-000000000000/locations/southafricanorth","name":"southafricanorth","displayName":"South
        Africa North","longitude":"28.218370","latitude":"-25.731340"},{"id":"/subscriptions/00000000-0000-0000-0000-000000000000/locations/southafricawest","name":"southafricawest","displayName":"South
        Africa West","longitude":"18.843266","latitude":"-34.075691"},{"id":"/subscriptions/00000000-0000-0000-0000-000000000000/locations/switzerlandnorth","name":"switzerlandnorth","displayName":"Switzerland
        North","longitude":"8.564572","latitude":"47.451542"},{"id":"/subscriptions/00000000-0000-0000-0000-000000000000/locations/switzerlandwest","name":"switzerlandwest","displayName":"Switzerland
        West","longitude":"6.143158","latitude":"46.204391"},{"id":"/subscriptions/00000000-0000-0000-0000-000000000000/locations/germanynorth","name":"germanynorth","displayName":"Germany
        North","longitude":"8.806422","latitude":"53.073635"},{"id":"/subscriptions/00000000-0000-0000-0000-000000000000/locations/germanywestcentral","name":"germanywestcentral","displayName":"Germany
        West Central","longitude":"8.682127","latitude":"50.110924"},{"id":"/subscriptions/00000000-0000-0000-0000-000000000000/locations/norwaywest","name":"norwaywest","displayName":"Norway
        West","longitude":"5.733107","latitude":"58.969975"},{"id":"/subscriptions/00000000-0000-0000-0000-000000000000/locations/norwayeast","name":"norwayeast","displayName":"Norway
        East","longitude":"10.752245","latitude":"59.913868"}]}'
    headers:
      cache-control:
      - no-cache
      content-length:
      - '7129'
      content-type:
      - application/json; charset=utf-8
      date:
      - Wed, 13 May 2020 17:59:43 GMT
      expires:
      - '-1'
      pragma:
      - no-cache
      strict-transport-security:
      - max-age=31536000; includeSubDomains
      vary:
      - Accept-Encoding
      x-content-type-options:
      - nosniff
    status:
      code: 200
      message: OK
- request:
    body: '{"name": "cli000002", "type": "webapp"}'
    headers:
      Accept:
      - application/json
      Accept-Encoding:
      - gzip, deflate
      CommandName:
      - bot create
      Connection:
      - keep-alive
      Content-Length:
      - '45'
      Content-Type:
      - application/json; charset=utf-8
      ParameterSetName:
      - -k -g -n --appid -p --lang --echo
      User-Agent:
      - python/3.7.0 (Windows-10-10.0.18362-SP0) msrest/0.6.8 msrest_azure/0.6.3 azure-mgmt-botservice/0.2.0
        Azure-SDK-For-Python AZURECLI/2.5.1
      accept-language:
      - en-US
    method: POST
    uri: https://management.azure.com/providers/Microsoft.BotService/checkNameAvailability?api-version=2018-07-12
  response:
    body:
      string: '{"valid":true,"message":"","absCode":null}'
    headers:
      cache-control:
      - no-cache
      content-length:
      - '42'
      content-type:
      - application/json; charset=utf-8
      date:
      - Wed, 13 May 2020 17:59:44 GMT
      expires:
      - '-1'
      pragma:
      - no-cache
      strict-transport-security:
      - max-age=31536000; includeSubDomains
      transfer-encoding:
      - chunked
      vary:
      - Accept-Encoding,Accept-Encoding
      x-content-type-options:
      - nosniff
      x-ms-ratelimit-remaining-tenant-writes:
      - '1199'
    status:
      code: 200
      message: OK
- request:
    body: null
    headers:
      Accept:
      - '*/*'
      Accept-Encoding:
      - gzip, deflate
      Connection:
      - keep-alive
      User-Agent:
      - python-requests/2.22.0
    method: GET
    uri: https://dev.botframework.com/api/misc/bottemplateroot
  response:
    body:
      string: '"https://bot-framework.azureedge.net/static/129134-92dfd95d78/bot-packages/v1.3.27-118460/"'
    headers:
      cache-control:
      - no-cache
      content-length:
      - '91'
      content-type:
      - application/json; charset=utf-8
      date:
      - Wed, 13 May 2020 17:59:44 GMT
      expires:
      - '-1'
      pragma:
      - no-cache
      strict-transport-security:
      - max-age=31536000
      vary:
      - Accept-Encoding
      x-content-type-options:
      - nosniff
    status:
      code: 200
      message: OK
- request:
    body: 'b''{"properties": {"template": {"$schema": "http://schema.management.azure.com/schemas/2015-01-01/deploymentTemplate.json#",
      "contentVersion": "1.0.0.0", "parameters": {"botEnv": {"type": "string", "defaultValue":
      "prod"}, "botId": {"type": "string"}, "description": {"type": "string", "defaultValue":
      ""}, "location": {"type": "string"}, "sku": {"type": "string"}, "kind": {"type":
      "string"}, "siteName": {"type": "string"}, "appId": {"type": "string", "defaultValue":
      "1234"}, "appSecret": {"type": "string", "defaultValue": "blank"}, "zipUrl":
      {"type": "string", "defaultValue": ""}, "serverFarmId": {"type": "string"},
      "createServerFarm": {"type": "bool"}, "serverFarmLocation": {"type": "string",
      "defaultValue": ""}, "serverFarmSku": {"type": "object", "defaultValue": {"name":
      "S1", "tier": "Standard", "size": "S1", "family": "S", "capacity": 1}}, "endpoint":
      {"type": "string", "defaultValue": ""}, "botFileEncryptionKey": {"type": "string",
      "defaultValue": ""}}, "variables": {"serverFarmName": "[last(split(parameters(\''serverFarmId\''),
      \''/\''))]", "botAppKinds": {"sdk": "app", "bot": ""}, "botAppKind": "[variables(\''botAppKinds\'')[parameters(\''kind\'')]]",
      "siteHost": "[concat(parameters(\''siteName\''), \''.azurewebsites.net\'')]",
      "botEndpointConfig": {"bot": "[parameters(\''endpoint\'')]", "sdk": "[concat(\''https://\'',
      variables(\''siteHost\''), \''/api/messages\'')]"}, "botEndpoint": "[variables(\''botEndpointConfig\'')[parameters(\''kind\'')]]"},
      "resources": [{"type": "Microsoft.Web/serverfarms", "condition": "[parameters(\''createServerFarm\'')]",
      "name": "[variables(\''serverFarmName\'')]", "apiVersion": "2016-09-01", "location":
      "[parameters(\''serverFarmLocation\'')]", "sku": "[parameters(\''serverFarmSku\'')]",
      "properties": {"name": "[variables(\''serverFarmName\'')]"}}, {"name": "[parameters(\''siteName\'')]",
      "type": "Microsoft.Web/sites", "apiVersion": "2015-08-01", "location": "[parameters(\''location\'')]",
      "kind": "[variables(\''botAppKind\'')]", "dependsOn": ["[parameters(\''serverFarmId\'')]"],
      "properties": {"name": "[parameters(\''siteName\'')]", "serverFarmId": "[parameters(\''serverFarmId\'')]",
      "siteConfig": {"appSettings": [{"name": "WEBSITE_NODE_DEFAULT_VERSION", "value":
      "10.14.1"}, {"name": "MicrosoftAppId", "value": "[parameters(\''appId\'')]"},
      {"name": "MicrosoftAppPassword", "value": "[parameters(\''appSecret\'')]"}],
      "cors": {"allowedOrigins": ["https://botservice.hosting.portal.azure.net", "https://hosting.onecloud.azure-test.net/"]}}},
      "resources": [{"name": "MSDeploy", "type": "Extensions", "apiVersion": "2015-02-01",
      "condition": "[not(equals(parameters(\''zipUrl\''), \''\''))]", "dependsOn":
      ["[concat(\''Microsoft.Web/Sites/\'', parameters(\''siteName\''))]"], "properties":
      {"packageUri": "[parameters(\''zipUrl\'')]", "dbType": "None", "connectionString":
      "", "setParameters": {"IIS Web Application Name": "[parameters(\''siteName\'')]"}}}]},
      {"apiVersion": "2017-12-01", "type": "Microsoft.BotService/botServices", "name":
      "[parameters(\''botId\'')]", "location": "global", "kind": "[parameters(\''kind\'')]",
      "sku": {"name": "[parameters(\''sku\'')]"}, "properties": {"name": "[parameters(\''botId\'')]",
      "displayName": "[parameters(\''botId\'')]", "endpoint": "[variables(\''botEndpoint\'')]",
      "msaAppId": "[parameters(\''appId\'')]", "publishingCredentials": "[list(concat(resourceId(\''Microsoft.Web/Sites\'',
      parameters(\''siteName\'')), \''/config/publishingcredentials\''), \''2018-02-01\'')]",
      "allSettings": {"WEBSITE_NODE_DEFAULT_VERSION": "10.14.1", "SCM_DO_BUILD_DURING_DEPLOYMENT":
      "true", "BotId": "[parameters(\''botId\'')]", "MicrosoftAppId": "[parameters(\''appId\'')]",
      "MicrosoftAppPassword": "[parameters(\''appSecret\'')]", "botFilePath": "[concat(\''./\'',
      parameters(\''botId\''), \''.bot\'')]", "botFileSecret": "[parameters(\''botFileEncryptionKey\'')]",
      "description": "[parameters(\''description\'')]"}}, "dependsOn": ["[parameters(\''serverFarmId\'')]",
      "[resourceId(\''Microsoft.Web/sites/\'', parameters(\''siteName\''))]", "MSDeploy"]}]},
      "parameters": {"location": {"value": "centralus"}, "kind": {"value": "sdk"},
      "sku": {"value": "F0"}, "siteName": {"value": "cli000002"}, "appId": {"value":
      "a35c4cac-3fcb-4320-a398-0988b50dea3c"}, "appSecret": {"value": "1f7fe9e9-c7a8-4d62-a67d-acb9bd0a0b1d"},
      "serverFarmId": {"value": "/subscriptions/00000000-0000-0000-0000-000000000000/resourceGroups/clitest.rg000001/providers/Microsoft.Web/serverfarms/cli000002"},
      "zipUrl": {"value": "https://bot-framework.azureedge.net/static/129134-92dfd95d78/bot-packages/v1.3.27-118460/csharp-abs-webapp-v4_echobot_precompiled.zip"},
      "botEnv": {"value": "prod"}, "createServerFarm": {"value": true}, "serverFarmLocation":
      {"value": "centralus"}, "botId": {"value": "cli000002"}}, "mode": "Incremental"}}'''
    headers:
      Accept:
      - application/json
      Accept-Encoding:
      - gzip, deflate
      CommandName:
      - bot create
      Connection:
      - keep-alive
      Content-Length:
      - '4619'
      Content-Type:
      - application/json; charset=utf-8
      ParameterSetName:
      - -k -g -n --appid -p --lang --echo
      User-Agent:
      - python/3.7.0 (Windows-10-10.0.18362-SP0) msrest/0.6.8 msrest_azure/0.6.3 azure-mgmt-resource/9.0.0
        Azure-SDK-For-Python AZURECLI/2.5.1
      accept-language:
      - en-US
    method: PUT
    uri: https://management.azure.com/subscriptions/00000000-0000-0000-0000-000000000000/resourcegroups/clitest.rg000001/providers/Microsoft.Resources/deployments/mock-deployment?api-version=2019-07-01
  response:
    body:
      string: '{"id":"/subscriptions/00000000-0000-0000-0000-000000000000/resourceGroups/clitest.rg000001/providers/Microsoft.Resources/deployments/cli000002","name":"cli000002","type":"Microsoft.Resources/deployments","properties":{"templateHash":"12265489627004014712","parameters":{"botEnv":{"type":"String","value":"prod"},"botId":{"type":"String","value":"cli000002"},"description":{"type":"String","value":""},"location":{"type":"String","value":"centralus"},"sku":{"type":"String","value":"F0"},"kind":{"type":"String","value":"sdk"},"siteName":{"type":"String","value":"cli000002"},"appId":{"type":"String","value":"a35c4cac-3fcb-4320-a398-0988b50dea3c"},"appSecret":{"type":"String","value":"1f7fe9e9-c7a8-4d62-a67d-acb9bd0a0b1d"},"zipUrl":{"type":"String","value":"https://bot-framework.azureedge.net/static/129134-92dfd95d78/bot-packages/v1.3.27-118460/csharp-abs-webapp-v4_echobot_precompiled.zip"},"serverFarmId":{"type":"String","value":"/subscriptions/00000000-0000-0000-0000-000000000000/resourceGroups/clitest.rg000001/providers/Microsoft.Web/serverfarms/cli000002"},"createServerFarm":{"type":"Bool","value":true},"serverFarmLocation":{"type":"String","value":"centralus"},"serverFarmSku":{"type":"Object","value":{"name":"S1","tier":"Standard","size":"S1","family":"S","capacity":1}},"endpoint":{"type":"String","value":""},"botFileEncryptionKey":{"type":"String","value":""}},"mode":"Incremental","provisioningState":"Accepted","timestamp":"2020-05-13T17:59:46.2250127Z","duration":"PT0.7131209S","correlationId":"98ab4138-6470-40c3-8b46-d1e2ea475544","providers":[{"namespace":"Microsoft.Web","resourceTypes":[{"resourceType":"serverfarms","locations":["centralus"]},{"resourceType":"sites","locations":["centralus"]},{"resourceType":"sites/Extensions","locations":[null]}]},{"namespace":"Microsoft.BotService","resourceTypes":[{"resourceType":"botServices","locations":["global"]}]}],"dependencies":[{"dependsOn":[{"id":"/subscriptions/00000000-0000-0000-0000-000000000000/resourceGroups/clitest.rg000001/providers/Microsoft.Web/serverfarms/cli000002","resourceType":"Microsoft.Web/serverfarms","resourceName":"cli000002"}],"id":"/subscriptions/00000000-0000-0000-0000-000000000000/resourceGroups/clitest.rg000001/providers/Microsoft.Web/sites/cli000002","resourceType":"Microsoft.Web/sites","resourceName":"cli000002"},{"dependsOn":[{"id":"/subscriptions/00000000-0000-0000-0000-000000000000/resourceGroups/clitest.rg000001/providers/Microsoft.Web/sites/cli000002","resourceType":"Microsoft.Web/sites","resourceName":"cli000002"}],"id":"/subscriptions/00000000-0000-0000-0000-000000000000/resourceGroups/clitest.rg000001/providers/Microsoft.Web/sites/cli000002/Extensions/MSDeploy","resourceType":"Microsoft.Web/sites/Extensions","resourceName":"cli000002/MSDeploy"},{"dependsOn":[{"id":"/subscriptions/00000000-0000-0000-0000-000000000000/resourceGroups/clitest.rg000001/providers/Microsoft.Web/serverfarms/cli000002","resourceType":"Microsoft.Web/serverfarms","resourceName":"cli000002"},{"id":"/subscriptions/00000000-0000-0000-0000-000000000000/resourceGroups/clitest.rg000001/providers/Microsoft.Web/sites/cli000002","resourceType":"Microsoft.Web/sites","resourceName":"cli000002"},{"id":"/subscriptions/00000000-0000-0000-0000-000000000000/resourceGroups/clitest.rg000001/providers/Microsoft.Web/sites/cli000002/Extensions/MSDeploy","resourceType":"Microsoft.Web/sites/Extensions","resourceName":"cli000002/MSDeploy"},{"id":"/subscriptions/00000000-0000-0000-0000-000000000000/resourceGroups/clitest.rg000001/providers/Microsoft.Web/Sites/cli000002/config/publishingcredentials","resourceType":"Microsoft.Web/Sites/config","resourceName":"cli000002/publishingcredentials","actionName":"list","apiVersion":"2018-02-01"}],"id":"/subscriptions/00000000-0000-0000-0000-000000000000/resourceGroups/clitest.rg000001/providers/Microsoft.BotService/botServices/cli000002","resourceType":"Microsoft.BotService/botServices","resourceName":"cli000002"}]}}'
    headers:
      azure-asyncoperation:
      - https://management.azure.com/subscriptions/00000000-0000-0000-0000-000000000000/resourcegroups/clitest.rg000001/providers/Microsoft.Resources/deployments/cli000002/operationStatuses/08586122140999657590?api-version=2019-07-01
      cache-control:
      - no-cache
      content-length:
      - '4140'
      content-type:
      - application/json; charset=utf-8
      date:
      - Wed, 13 May 2020 17:59:45 GMT
      expires:
      - '-1'
      pragma:
      - no-cache
      strict-transport-security:
      - max-age=31536000; includeSubDomains
      x-content-type-options:
      - nosniff
      x-ms-ratelimit-remaining-subscription-writes:
      - '1199'
    status:
      code: 201
      message: Created
- request:
    body: null
    headers:
      Accept:
      - application/json
      Accept-Encoding:
      - gzip, deflate
      CommandName:
      - bot create
      Connection:
      - keep-alive
      ParameterSetName:
      - -k -g -n --appid -p --lang --echo
      User-Agent:
      - python/3.7.0 (Windows-10-10.0.18362-SP0) msrest/0.6.8 msrest_azure/0.6.3 azure-mgmt-resource/9.0.0
        Azure-SDK-For-Python AZURECLI/2.5.1
    method: GET
    uri: https://management.azure.com/subscriptions/00000000-0000-0000-0000-000000000000/resourcegroups/clitest.rg000001/providers/Microsoft.Resources/deployments/mock-deployment/operationStatuses/08586122140999657590?api-version=2019-07-01
  response:
    body:
      string: '{"status":"Running"}'
    headers:
      cache-control:
      - no-cache
      content-length:
      - '20'
      content-type:
      - application/json; charset=utf-8
      date:
      - Wed, 13 May 2020 18:00:15 GMT
      expires:
      - '-1'
      pragma:
      - no-cache
      strict-transport-security:
      - max-age=31536000; includeSubDomains
      vary:
      - Accept-Encoding
      x-content-type-options:
      - nosniff
    status:
      code: 200
      message: OK
- request:
    body: null
    headers:
      Accept:
      - application/json
      Accept-Encoding:
      - gzip, deflate
      CommandName:
      - bot create
      Connection:
      - keep-alive
      ParameterSetName:
      - -k -g -n --appid -p --lang --echo
      User-Agent:
      - python/3.7.0 (Windows-10-10.0.18362-SP0) msrest/0.6.8 msrest_azure/0.6.3 azure-mgmt-resource/9.0.0
        Azure-SDK-For-Python AZURECLI/2.5.1
    method: GET
    uri: https://management.azure.com/subscriptions/00000000-0000-0000-0000-000000000000/resourcegroups/clitest.rg000001/providers/Microsoft.Resources/deployments/mock-deployment/operationStatuses/08586122140999657590?api-version=2019-07-01
  response:
    body:
      string: '{"status":"Succeeded"}'
    headers:
      cache-control:
      - no-cache
      content-length:
      - '22'
      content-type:
      - application/json; charset=utf-8
      date:
      - Wed, 13 May 2020 18:00:46 GMT
      expires:
      - '-1'
      pragma:
      - no-cache
      strict-transport-security:
      - max-age=31536000; includeSubDomains
      vary:
      - Accept-Encoding
      x-content-type-options:
      - nosniff
    status:
      code: 200
      message: OK
- request:
    body: null
    headers:
      Accept:
      - application/json
      Accept-Encoding:
      - gzip, deflate
      CommandName:
      - bot create
      Connection:
      - keep-alive
      ParameterSetName:
      - -k -g -n --appid -p --lang --echo
      User-Agent:
      - python/3.7.0 (Windows-10-10.0.18362-SP0) msrest/0.6.8 msrest_azure/0.6.3 azure-mgmt-resource/9.0.0
        Azure-SDK-For-Python AZURECLI/2.5.1
    method: GET
    uri: https://management.azure.com/subscriptions/00000000-0000-0000-0000-000000000000/resourcegroups/clitest.rg000001/providers/Microsoft.Resources/deployments/mock-deployment?api-version=2019-07-01
  response:
    body:
      string: '{"id":"/subscriptions/00000000-0000-0000-0000-000000000000/resourceGroups/clitest.rg000001/providers/Microsoft.Resources/deployments/cli000002","name":"cli000002","type":"Microsoft.Resources/deployments","properties":{"templateHash":"12265489627004014712","parameters":{"botEnv":{"type":"String","value":"prod"},"botId":{"type":"String","value":"cli000002"},"description":{"type":"String","value":""},"location":{"type":"String","value":"centralus"},"sku":{"type":"String","value":"F0"},"kind":{"type":"String","value":"sdk"},"siteName":{"type":"String","value":"cli000002"},"appId":{"type":"String","value":"a35c4cac-3fcb-4320-a398-0988b50dea3c"},"appSecret":{"type":"String","value":"1f7fe9e9-c7a8-4d62-a67d-acb9bd0a0b1d"},"zipUrl":{"type":"String","value":"https://bot-framework.azureedge.net/static/129134-92dfd95d78/bot-packages/v1.3.27-118460/csharp-abs-webapp-v4_echobot_precompiled.zip"},"serverFarmId":{"type":"String","value":"/subscriptions/00000000-0000-0000-0000-000000000000/resourceGroups/clitest.rg000001/providers/Microsoft.Web/serverfarms/cli000002"},"createServerFarm":{"type":"Bool","value":true},"serverFarmLocation":{"type":"String","value":"centralus"},"serverFarmSku":{"type":"Object","value":{"name":"S1","tier":"Standard","size":"S1","family":"S","capacity":1}},"endpoint":{"type":"String","value":""},"botFileEncryptionKey":{"type":"String","value":""}},"mode":"Incremental","provisioningState":"Succeeded","timestamp":"2020-05-13T18:00:33.319637Z","duration":"PT47.8077452S","correlationId":"98ab4138-6470-40c3-8b46-d1e2ea475544","providers":[{"namespace":"Microsoft.Web","resourceTypes":[{"resourceType":"serverfarms","locations":["centralus"]},{"resourceType":"sites","locations":["centralus"]},{"resourceType":"sites/Extensions","locations":[null]}]},{"namespace":"Microsoft.BotService","resourceTypes":[{"resourceType":"botServices","locations":["global"]}]}],"dependencies":[{"dependsOn":[{"id":"/subscriptions/00000000-0000-0000-0000-000000000000/resourceGroups/clitest.rg000001/providers/Microsoft.Web/serverfarms/cli000002","resourceType":"Microsoft.Web/serverfarms","resourceName":"cli000002"}],"id":"/subscriptions/00000000-0000-0000-0000-000000000000/resourceGroups/clitest.rg000001/providers/Microsoft.Web/sites/cli000002","resourceType":"Microsoft.Web/sites","resourceName":"cli000002"},{"dependsOn":[{"id":"/subscriptions/00000000-0000-0000-0000-000000000000/resourceGroups/clitest.rg000001/providers/Microsoft.Web/sites/cli000002","resourceType":"Microsoft.Web/sites","resourceName":"cli000002"}],"id":"/subscriptions/00000000-0000-0000-0000-000000000000/resourceGroups/clitest.rg000001/providers/Microsoft.Web/sites/cli000002/Extensions/MSDeploy","resourceType":"Microsoft.Web/sites/Extensions","resourceName":"cli000002/MSDeploy"},{"dependsOn":[{"id":"/subscriptions/00000000-0000-0000-0000-000000000000/resourceGroups/clitest.rg000001/providers/Microsoft.Web/serverfarms/cli000002","resourceType":"Microsoft.Web/serverfarms","resourceName":"cli000002"},{"id":"/subscriptions/00000000-0000-0000-0000-000000000000/resourceGroups/clitest.rg000001/providers/Microsoft.Web/sites/cli000002","resourceType":"Microsoft.Web/sites","resourceName":"cli000002"},{"id":"/subscriptions/00000000-0000-0000-0000-000000000000/resourceGroups/clitest.rg000001/providers/Microsoft.Web/sites/cli000002/Extensions/MSDeploy","resourceType":"Microsoft.Web/sites/Extensions","resourceName":"cli000002/MSDeploy"},{"id":"/subscriptions/00000000-0000-0000-0000-000000000000/resourceGroups/clitest.rg000001/providers/Microsoft.Web/Sites/cli000002/config/publishingcredentials","resourceType":"Microsoft.Web/Sites/config","resourceName":"cli000002/publishingcredentials","actionName":"list","apiVersion":"2018-02-01"}],"id":"/subscriptions/00000000-0000-0000-0000-000000000000/resourceGroups/clitest.rg000001/providers/Microsoft.BotService/botServices/cli000002","resourceType":"Microsoft.BotService/botServices","resourceName":"cli000002"}],"outputResources":[{"id":"/subscriptions/00000000-0000-0000-0000-000000000000/resourceGroups/clitest.rg000001/providers/Microsoft.BotService/botServices/cli000002"},{"id":"/subscriptions/00000000-0000-0000-0000-000000000000/resourceGroups/clitest.rg000001/providers/Microsoft.Web/serverfarms/cli000002"},{"id":"/subscriptions/00000000-0000-0000-0000-000000000000/resourceGroups/clitest.rg000001/providers/Microsoft.Web/sites/cli000002"},{"id":"/subscriptions/00000000-0000-0000-0000-000000000000/resourceGroups/clitest.rg000001/providers/Microsoft.Web/sites/cli000002/Extensions/MSDeploy"}]}}'
    headers:
      cache-control:
      - no-cache
      content-length:
      - '4772'
      content-type:
      - application/json; charset=utf-8
      date:
      - Wed, 13 May 2020 18:00:46 GMT
      expires:
      - '-1'
      pragma:
      - no-cache
      strict-transport-security:
      - max-age=31536000; includeSubDomains
      vary:
      - Accept-Encoding
      x-content-type-options:
      - nosniff
    status:
      code: 200
      message: OK
- request:
    body: null
    headers:
      Accept:
      - application/json
      Accept-Encoding:
      - gzip, deflate
      CommandName:
      - bot create
      Connection:
      - keep-alive
      ParameterSetName:
      - -k -g -n --appid -p --lang --echo
      User-Agent:
      - python/3.7.0 (Windows-10-10.0.18362-SP0) msrest/0.6.8 msrest_azure/0.6.3 azure-mgmt-botservice/0.2.0
        Azure-SDK-For-Python AZURECLI/2.5.1
      accept-language:
      - en-US
    method: GET
    uri: https://management.azure.com/subscriptions/00000000-0000-0000-0000-000000000000/resourceGroups/clitest.rg000001/providers/Microsoft.BotService/botServices/cli000002?api-version=2018-07-12
  response:
    body:
      string: '{"id":"/subscriptions/00000000-0000-0000-0000-000000000000/resourceGroups/clitest.rg000001/providers/Microsoft.BotService/botServices/cli000002","name":"cli000002","type":"Microsoft.BotService/botServices","etag":"\"0000d887-0000-0200-0000-5ebc35bf0000\"","location":"global","sku":{"name":"F0"},"kind":"sdk","tags":{},"properties":{"displayName":"cli000002","description":null,"iconUrl":"https://docs.botframework.com/static/devportal/client/images/bot-framework-default.png","endpoint":"https://cli000002.azurewebsites.net/api/messages","msaAppId":"a35c4cac-3fcb-4320-a398-0988b50dea3c","developerAppInsightKey":null,"developerAppInsightsApplicationId":null,"luisAppIds":[],"endpointVersion":"3.0","configuredChannels":["webchat"],"enabledChannels":["webchat","directline"],"isDeveloperAppInsightsApiKeySet":false,"isStreamingSupported":false,"publishingCredentials":null,"parameters":null,"allSettings":null,"manifestUrl":null,"storageResourceId":null,"migrationToken":null,"provisioningState":"Succeeded"}}'
    headers:
      cache-control:
      - no-cache
      content-length:
      - '1038'
      content-type:
      - application/json; charset=utf-8
      date:
      - Wed, 13 May 2020 18:00:47 GMT
      etag:
      - '"0000d887-0000-0200-0000-5ebc35bf0000"'
      expires:
      - '-1'
      pragma:
      - no-cache
      strict-transport-security:
      - max-age=31536000; includeSubDomains
      transfer-encoding:
      - chunked
      vary:
      - Accept-Encoding,Accept-Encoding
      x-content-type-options:
      - nosniff
    status:
      code: 200
      message: OK
- request:
    body: null
    headers:
      Accept:
      - application/json
      Accept-Encoding:
      - gzip, deflate
      CommandName:
      - bot download
      Connection:
      - keep-alive
      ParameterSetName:
      - -g -n
      User-Agent:
      - python/3.7.0 (Windows-10-10.0.18362-SP0) msrest/0.6.8 msrest_azure/0.6.3 azure-mgmt-botservice/0.2.0
        Azure-SDK-For-Python AZURECLI/2.5.1
      accept-language:
      - en-US
    method: GET
    uri: https://management.azure.com/subscriptions/00000000-0000-0000-0000-000000000000/resourceGroups/clitest.rg000001/providers/Microsoft.BotService/botServices/cli000002?api-version=2018-07-12
  response:
    body:
      string: '{"id":"/subscriptions/00000000-0000-0000-0000-000000000000/resourceGroups/clitest.rg000001/providers/Microsoft.BotService/botServices/cli000002","name":"cli000002","type":"Microsoft.BotService/botServices","etag":"\"0000d887-0000-0200-0000-5ebc35bf0000\"","location":"global","sku":{"name":"F0"},"kind":"sdk","tags":{},"properties":{"displayName":"cli000002","description":null,"iconUrl":"https://docs.botframework.com/static/devportal/client/images/bot-framework-default.png","endpoint":"https://cli000002.azurewebsites.net/api/messages","msaAppId":"a35c4cac-3fcb-4320-a398-0988b50dea3c","developerAppInsightKey":null,"developerAppInsightsApplicationId":null,"luisAppIds":[],"endpointVersion":"3.0","configuredChannels":["webchat"],"enabledChannels":["webchat","directline"],"isDeveloperAppInsightsApiKeySet":false,"isStreamingSupported":false,"publishingCredentials":null,"parameters":null,"allSettings":null,"manifestUrl":null,"storageResourceId":null,"migrationToken":null,"provisioningState":"Succeeded"}}'
    headers:
      cache-control:
      - no-cache
      content-length:
      - '1038'
      content-type:
      - application/json; charset=utf-8
      date:
      - Wed, 13 May 2020 18:00:47 GMT
      etag:
      - '"0000d887-0000-0200-0000-5ebc35bf0000"'
      expires:
      - '-1'
      pragma:
      - no-cache
      strict-transport-security:
      - max-age=31536000; includeSubDomains
      transfer-encoding:
      - chunked
      vary:
      - Accept-Encoding,Accept-Encoding
      x-content-type-options:
      - nosniff
    status:
      code: 200
      message: OK
- request:
    body: null
    headers:
      Accept:
      - application/json
      Accept-Encoding:
      - gzip, deflate
      CommandName:
      - bot download
      Connection:
      - keep-alive
      Content-Length:
      - '0'
      ParameterSetName:
      - -g -n
      User-Agent:
      - python/3.7.0 (Windows-10-10.0.18362-SP0) msrest/0.6.8 msrest_azure/0.6.3 azure-mgmt-web/0.44.0
        Azure-SDK-For-Python AZURECLI/2.5.1
      accept-language:
      - en-US
    method: POST
    uri: https://management.azure.com/subscriptions/00000000-0000-0000-0000-000000000000/resourceGroups/clitest.rg000001/providers/Microsoft.Web/sites/cli000002/config/publishingcredentials/list?api-version=2019-08-01
  response:
    body:
      string: '{"id":"/subscriptions/00000000-0000-0000-0000-000000000000/resourceGroups/clitest.rg000001/providers/Microsoft.Web/sites/cli000002/publishingcredentials/$cli000002","name":"cli000002","type":"Microsoft.Web/sites/publishingcredentials","location":"Central
        US","properties":{"name":null,"publishingUserName":"$cli000002","publishingPassword":"xcBtRccJjCR1A9xNZKSmmgJNdfyqrKbHT4w6dM7dnLRqh5gleGk0apgTyMm6","publishingPasswordHash":null,"publishingPasswordHashSalt":null,"metadata":null,"isDeleted":false,"scmUri":"https://$cli000002:xcBtRccJjCR1A9xNZKSmmgJNdfyqrKbHT4w6dM7dnLRqh5gleGk0apgTyMm6@cli000002.scm.azurewebsites.net"}}'
    headers:
      cache-control:
      - no-cache
      content-length:
      - '665'
      content-type:
      - application/json
      date:
      - Wed, 13 May 2020 18:00:48 GMT
      expires:
      - '-1'
      pragma:
      - no-cache
      server:
      - Microsoft-IIS/10.0
      strict-transport-security:
      - max-age=31536000; includeSubDomains
      transfer-encoding:
      - chunked
      vary:
      - Accept-Encoding
      x-aspnet-version:
      - 4.0.30319
      x-content-type-options:
      - nosniff
      x-ms-ratelimit-remaining-subscription-resource-requests:
      - '11999'
      x-powered-by:
      - ASP.NET
    status:
      code: 200
      message: OK
- request:
    body: null
    headers:
      Accept:
      - application/json
      Accept-Encoding:
      - gzip, deflate
      CommandName:
      - bot download
      Connection:
      - keep-alive
      ParameterSetName:
      - -g -n
      User-Agent:
      - python/3.7.0 (Windows-10-10.0.18362-SP0) msrest/0.6.8 msrest_azure/0.6.3 azure-mgmt-web/0.44.0
        Azure-SDK-For-Python AZURECLI/2.5.1
      accept-language:
      - en-US
    method: GET
    uri: https://management.azure.com/subscriptions/00000000-0000-0000-0000-000000000000/resourceGroups/clitest.rg000001/providers/Microsoft.Web/sites/cli000002?api-version=2019-08-01
  response:
    body:
      string: '{"id":"/subscriptions/00000000-0000-0000-0000-000000000000/resourceGroups/clitest.rg000001/providers/Microsoft.Web/sites/cli000002","name":"cli000002","type":"Microsoft.Web/sites","kind":"app","location":"Central
        US","properties":{"name":"cli000002","state":"Running","hostNames":["cli000002.azurewebsites.net"],"webSpace":"clitest.rg000001-CentralUSwebspace","selfLink":"https://waws-prod-dm1-083.api.azurewebsites.windows.net:454/subscriptions/00000000-0000-0000-0000-000000000000/webspaces/clitest.rg000001-CentralUSwebspace/sites/cli000002","repositorySiteName":"cli000002","owner":null,"usageState":"Normal","enabled":true,"adminEnabled":true,"enabledHostNames":["cli000002.azurewebsites.net","cli000002.scm.azurewebsites.net"],"siteProperties":{"metadata":null,"properties":[{"name":"LinuxFxVersion","value":""},{"name":"WindowsFxVersion","value":null}],"appSettings":null},"availabilityState":"Normal","sslCertificates":null,"csrs":[],"cers":null,"siteMode":null,"hostNameSslStates":[{"name":"cli000002.azurewebsites.net","sslState":"Disabled","ipBasedSslResult":null,"virtualIP":null,"thumbprint":null,"toUpdate":null,"toUpdateIpBasedSsl":null,"ipBasedSslState":"NotConfigured","hostType":"Standard"},{"name":"cli000002.scm.azurewebsites.net","sslState":"Disabled","ipBasedSslResult":null,"virtualIP":null,"thumbprint":null,"toUpdate":null,"toUpdateIpBasedSsl":null,"ipBasedSslState":"NotConfigured","hostType":"Repository"}],"computeMode":null,"serverFarm":null,"serverFarmId":"/subscriptions/00000000-0000-0000-0000-000000000000/resourceGroups/clitest.rg000001/providers/Microsoft.Web/serverfarms/cli000002","reserved":false,"isXenon":false,"hyperV":false,"lastModifiedTimeUtc":"2020-05-13T17:59:57.19","storageRecoveryDefaultState":"Running","contentAvailabilityState":"Normal","runtimeAvailabilityState":"Normal","siteConfig":{"numberOfWorkers":null,"defaultDocuments":null,"netFrameworkVersion":null,"phpVersion":null,"pythonVersion":null,"nodeVersion":null,"powerShellVersion":null,"linuxFxVersion":null,"windowsFxVersion":null,"requestTracingEnabled":null,"remoteDebuggingEnabled":null,"remoteDebuggingVersion":null,"httpLoggingEnabled":null,"azureMonitorLogCategories":null,"acrUseManagedIdentityCreds":false,"acrUserManagedIdentityID":null,"logsDirectorySizeLimit":null,"detailedErrorLoggingEnabled":null,"publishingUsername":null,"publishingPassword":null,"appSettings":null,"metadata":null,"connectionStrings":null,"machineKey":null,"handlerMappings":null,"documentRoot":null,"scmType":null,"use32BitWorkerProcess":null,"webSocketsEnabled":null,"alwaysOn":null,"javaVersion":null,"javaContainer":null,"javaContainerVersion":null,"appCommandLine":null,"managedPipelineMode":null,"virtualApplications":null,"winAuthAdminState":null,"winAuthTenantState":null,"customAppPoolIdentityAdminState":null,"customAppPoolIdentityTenantState":null,"runtimeADUser":null,"runtimeADUserPassword":null,"loadBalancing":null,"routingRules":null,"experiments":null,"limits":null,"autoHealEnabled":null,"autoHealRules":null,"tracingOptions":null,"vnetName":null,"cors":null,"push":null,"apiDefinition":null,"apiManagementConfig":null,"autoSwapSlotName":null,"localMySqlEnabled":null,"managedServiceIdentityId":null,"xManagedServiceIdentityId":null,"ipSecurityRestrictions":null,"scmIpSecurityRestrictions":null,"scmIpSecurityRestrictionsUseMain":null,"http20Enabled":null,"minTlsVersion":null,"ftpsState":null,"preWarmedInstanceCount":null,"healthCheckPath":null,"fileChangeAuditEnabled":null,"functionsRuntimeScaleMonitoringEnabled":null,"websiteTimeZone":null},"deploymentId":"cli000002","trafficManagerHostNames":null,"sku":"Standard","scmSiteAlsoStopped":false,"targetSwapSlot":null,"hostingEnvironment":null,"hostingEnvironmentProfile":null,"clientAffinityEnabled":true,"clientCertEnabled":false,"clientCertMode":"Required","clientCertExclusionPaths":null,"hostNamesDisabled":false,"domainVerificationIdentifiers":null,"customDomainVerificationId":"8F5254B06C307E72C65D704311EF518BE26D464FA2CD7C6418EA92DB973176FD","kind":"app","inboundIpAddress":"52.165.174.123","possibleInboundIpAddresses":"52.165.174.123","ftpUsername":"cli000002\\$cli000002","ftpsHostName":"ftps://waws-prod-dm1-083.ftp.azurewebsites.windows.net/site/wwwroot","outboundIpAddresses":"52.165.174.123,52.176.89.59,52.165.171.63,52.176.152.128,52.173.27.118","possibleOutboundIpAddresses":"52.165.174.123,52.176.89.59,52.165.171.63,52.176.152.128,52.173.27.118","containerSize":0,"dailyMemoryTimeQuota":0,"suspendedTill":null,"siteDisabledReason":0,"functionExecutionUnitsCache":null,"maxNumberOfWorkers":null,"homeStamp":"waws-prod-dm1-083","cloningInfo":null,"hostingEnvironmentId":null,"tags":null,"resourceGroup":"clitest.rg000001","defaultHostName":"cli000002.azurewebsites.net","slotSwapStatus":null,"httpsOnly":false,"redundancyMode":"None","inProgressOperationId":null,"geoDistributions":null,"privateEndpointConnections":[],"buildVersion":null,"targetBuildVersion":null}}'
    headers:
      cache-control:
      - no-cache
      content-length:
      - '5062'
      content-type:
      - application/json
      date:
      - Wed, 13 May 2020 18:00:48 GMT
      etag:
      - '"1D6295050184A60"'
      expires:
      - '-1'
      pragma:
      - no-cache
      server:
      - Microsoft-IIS/10.0
      strict-transport-security:
      - max-age=31536000; includeSubDomains
      transfer-encoding:
      - chunked
      vary:
      - Accept-Encoding
      x-aspnet-version:
      - 4.0.30319
      x-content-type-options:
      - nosniff
      x-powered-by:
      - ASP.NET
    status:
      code: 200
      message: OK
- request:
    body: null
    headers:
      Accept:
      - '*/*'
      Accept-Encoding:
      - gzip, deflate
      Connection:
      - keep-alive
      User-Agent:
      - python-requests/2.22.0
      content-type:
      - application/octet-stream
    method: GET
    uri: https://cli000002.scm.azurewebsites.net/api/zip/site/clirepo/
  response:
    body:
      string: '{"Message":"''D:\\home\\site\\clirepo\\'' not found."}'
    headers:
      cache-control:
      - no-cache
      content-length:
      - '52'
      content-type:
      - application/json; charset=utf-8
      date:
      - Wed, 13 May 2020 18:00:53 GMT
      expires:
      - '-1'
      pragma:
      - no-cache
      server:
      - Microsoft-IIS/10.0
      set-cookie:
      - ARRAffinity=3b8e5e14c98dbc88a4bf67995699071eacd97574d7dd6e8b001fea4375aa8065;Path=/;HttpOnly;Domain=clifyjxzyu6tnsz.scm.azurewebsites.net
      x-aspnet-version:
      - 4.0.30319
      x-powered-by:
      - ASP.NET
    status:
      code: 404
      message: Not Found
- request:
    body: '{"command": "PostDeployScripts\\prepareSrc.cmd xcBtRccJjCR1A9xNZKSmmgJNdfyqrKbHT4w6dM7dnLRqh5gleGk0apgTyMm6",
      "dir": "site\\wwwroot"}'
    headers:
      Accept:
      - '*/*'
      Accept-Encoding:
      - gzip, deflate
      Connection:
      - keep-alive
      Content-Length:
      - '133'
      User-Agent:
      - python-requests/2.22.0
      content-type:
      - application/json
    method: POST
    uri: https://cli000002.scm.azurewebsites.net/api/command
  response:
    body:
      string: '{"Output":"file:///D/home/site/srcRepo\r\nInitialized empty Git repository
        in D:/home/site/wwwroot/.git/\r\n[master (root-commit) 9b1e883] prepare to
        download source\r\n 30 files changed, 7005 insertions(+)\r\n create mode 100644
        .deployment\r\n create mode 100644 .gitignore\r\n create mode 100644 AdapterWithErrorHandler.cs\r\n
        create mode 100644 Bots/EchoBot.cs\r\n create mode 100644 Controllers/BotController.cs\r\n
        create mode 100644 Directory.Build.props\r\n create mode 100644 EchoBot.csproj\r\n
        create mode 100644 EchoBot.deps.json\r\n create mode 100644 EchoBot.runtimeconfig.json\r\n
        create mode 100644 EchoBot.sln\r\n create mode 100644 PostDeployScripts/IncludeSources.targets\r\n
        create mode 100644 PostDeployScripts/githubProject.json.template\r\n create
        mode 100644 PostDeployScripts/mergeSettings.js\r\n create mode 100644 PostDeployScripts/prepareSrc.cmd\r\n
        create mode 100644 PostDeployScripts/publish.cmd.template\r\n create mode
        100644 PostDeployScripts/publishProfile.xml.template\r\n create mode 100644
        PostDeployScripts/publishSettings.xml.template\r\n create mode 100644 PostDeployScripts/runGulp.cmd\r\n
        create mode 100644 PostDeployScripts/setupGithubRemoteRepo.cmd\r\n create
        mode 100644 PostDeployScripts/setupVsoRemoteRepo.cmd\r\n create mode 100644
        PostDeployScripts/vsoProject.json.template\r\n create mode 100644 Program.cs\r\n
        create mode 100644 Properties/launchSettings.json\r\n create mode 100644 README.md\r\n
        create mode 100644 Startup.cs\r\n create mode 100644 build.cmd\r\n create
        mode 100644 deploy.cmd\r\n create mode 100644 web.config\r\n create mode 100644
        wwwroot/default.htm\r\n create mode 100644 wwwroot/default.html\r\nInitialized
        empty Git repository in D:/home/site/srcRepo/\r\nBranch ''master'' set up
        to track remote branch ''master'' from ''srcRepo''.\r\nECHO is off.\r\n\r\n7-Zip
        (A) 9.20  Copyright (c) 1999-2010 Igor Pavlov  2010-11-18\r\nScanning\r\n\r\nCreating
        archive D:\\home\\site\\bot-src.zip\r\n\r\nCompressing  .deployment\r\nCompressing  .gitignore\r\nCompressing  AdapterWithErrorHandler.cs\r\nCompressing  Bots\\EchoBot.cs\r\nCompressing  build.cmd\r\nCompressing  cli000002-Web-Deploy.pubxml\r\nCompressing  cli000002.PublishSettings\r\nCompressing  Controllers\\BotController.cs\r\nCompressing  deploy.cmd\r\nCompressing  Directory.Build.props\r\nCompressing  EchoBot.csproj\r\nCompressing  EchoBot.deps.json\r\nCompressing  EchoBot.runtimeconfig.json\r\nCompressing  EchoBot.sln\r\nCompressing  PostDeployScripts\\githubProject.json.template\r\nCompressing  PostDeployScripts\\IncludeSources.targets\r\nCompressing  PostDeployScripts\\mergeSettings.js\r\nCompressing  PostDeployScripts\\prepareSrc.cmd\r\nCompressing  PostDeployScripts\\publish.cmd.template\r\nCompressing  PostDeployScripts\\publishProfile.xml.template\r\nCompressing  PostDeployScripts\\publishSettings.xml.template\r\nCompressing  PostDeployScripts\\runGulp.cmd\r\nCompressing  PostDeployScripts\\setupGithubRemoteRepo.cmd\r\nCompressing  PostDeployScripts\\setupVsoRemoteRepo.cmd\r\nCompressing  PostDeployScripts\\vsoProject.json.template\r\nCompressing  Program.cs\r\nCompressing  Properties\\launchSettings.json\r\nCompressing  publish.cmd\r\nCompressing  README.md\r\nCompressing  Startup.cs\r\nCompressing  web.config\r\nCompressing  wwwroot\\default.htm\r\nCompressing  wwwroot\\default.html\r\n\r\nEverything
        is Ok\r\n","Error":"To file:///D/home/site/srcRepo\r\n * [new branch]      master
        -> master\r\nCloning into ''bot-src''...\r\n","ExitCode":0}'
    headers:
      cache-control:
      - no-cache
      content-length:
      - '3506'
      content-type:
      - application/json; charset=utf-8
      date:
      - Wed, 13 May 2020 18:01:18 GMT
      expires:
      - '-1'
      pragma:
      - no-cache
      server:
      - Microsoft-IIS/10.0
      set-cookie:
      - ARRAffinity=3b8e5e14c98dbc88a4bf67995699071eacd97574d7dd6e8b001fea4375aa8065;Path=/;HttpOnly;Domain=clifyjxzyu6tnsz.scm.azurewebsites.net
      vary:
      - Accept-Encoding
      x-aspnet-version:
      - 4.0.30319
      x-powered-by:
      - ASP.NET
    status:
      code: 200
      message: OK
- request:
    body: null
    headers:
      Accept:
      - '*/*'
      Accept-Encoding:
      - gzip, deflate
      Connection:
      - keep-alive
      User-Agent:
      - python-requests/2.22.0
      content-type:
      - application/octet-stream
    method: GET
    uri: https://cli000002.scm.azurewebsites.net/api/vfs/site/bot-src.zip
  response:
    body:
      string: !!binary |
        UEsDBAoAAAAAACSQrVCZqxjsHgAAAB4AAAALAAAALmRlcGxveW1lbnRbY29uZmlnXQ0KY29tbWFu
        ZCA9IGRlcGxveS5jbWRQSwMEFAAAAAgAJJCtUJLI/gBTAAAAZAAAAAoAAAAuZ2l0aWdub3JlJYtB
        DoAgDATvTfoRDvUrJr7AAsEqIKHg+wW97GQ2u4ZcjAiGimOEm8/FGASW/LH23CR5HTI3XX2dXDtH
        0WPzrUkOilD+gmxyQ3Z77WGcEOiZ+QJQSwMEFAAAAAgAJJCtUNDE3yc2AgAAUQUAABoAAABBZGFw
        dGVyV2l0aEVycm9ySGFuZGxlci5jc51UTYvbMBC9B/IfhtCDA8a+73YXsiVlA7vtoYEeSg+KPLHF
        2pLQxzoh5L93JDtxstlsS4VDLOnNe29GI+c5fFF6a0RZOUj4FJ4FN8qqtaN1o5VhTiiZwayuIYIs
        GLRoXrHIxiOKfhIcpcUCvCzQgKsQnhfLwzJhxiNvhSwH4uxB0c+LmvDZQjose5GZ1d/QZaSLtx9H
        LQ3jON84kqBA+w562CQ+uRal70Q+hj6psqTN2+BasgatJp0rHua8UjQfj3bjEdDQflULDrxm1sKs
        YNqh+SlcNTdGmUcmi5rKcwMU8tUQdavMy6Nzukd2HD3VQHeNKFmcZQX8dJbCIiSC5vMVsXuo4/6U
        5IZB5lbMYnLOdQndnUd9l0tvZDQHd8DsVnJIHC2RQ4cblwJuOOpANoW7+0PwwPVmUE+Re2ByCzWy
        FyyGeFgb1cQWY1pTdbq2uaDoLYfTjLaSSNBl82ny68Twb+raKlQ0qNBCOKDdEZ09o7WsxP1kSh3x
        rtMfKAtg0HRAcCq683RBLuGsZcLBSWWyED3jTrwKt52FwiWTJYWvlAOUXHlCGSR+2ZujZ+XLjOz8
        L7sKneKE9NGr8ZL8ChsUU9A10vHDWmxosXNhlTccKabA7K9FcCZcFtYrptBWglfQCvpyrBAKYXXN
        tpSOkJH/gfiPzQnzxtfMqX8qW7z9bzI77cK4P0nh4iBTmFR0C+xNnrdtm1GG64OBjKsmt7zChtk8
        VntC6CPnRcn3J/M9vXZ/9PwBUEsDBBQAAAAAACSQrVAAAAAAAAAAAAAAAAAFAAAAQm90cy9QSwME
        FAAAAAgAJJCtUNg+FvDdAQAA/wQAAA8AAABCb3RzL0VjaG9Cb3QuY3O1U21r2zAQ/h7wf7iGfXDA
        uN+btuCZbQ00DBbvB6jSJRaVJSPJ7kzpf985seMXGtigFTa27567e5678/U1pKZsrDzkHkK+gq3k
        1jiz92S3pbHMS6NjSJSCI8iBRYe2RhEHC4p+lBy1QwGVFmjB5wjbTdabCRMsKif1AXaN81jEqVEK
        eZvUxT9Qo5V8PYNkuUUmyHDREWfMPbvePXCOvxq6K6mIygXvjudYsHXLS7MCXck4TiFd/I4VpULX
        WlyweA0WQKesnpTkwBVzDr7x3JAXbiAhQbX0zQPTQqE9YbuQY5g1nkRTl0yN1kqBwFyjObQ64Kfe
        onPsgH2apPWFm6yyOjXa4x9/u5lB7sEP3ghSpjkqdRxWZp5RA59bVic6Z2bDqZmloZaqySgX3MGX
        ZavsBl5HJeK+cNyC3pbraQr2wqSHMX6HWkz1dAq+M+6NPeUJz2WjgcEqeof8qN5bsPifzhZPaF0i
        BIqurY/S+ds0Z1qjSjg3lfb3UIxwEUxbTy81+Y5sfpeC+U+bwgsqbgrs5rB8oFADtFO942re972h
        P4LnEFJ0pwGknqg5Vxyqzo7cQ3iKiDcCru7g3bn/Qi5LidoTqMt5Ie9HLMaoE1Gv/l+WY7Qk88/h
        tXvQ9RdQSwMEFAAAAAgAJJCtUL0Of46pAAAABQEAAAkAAABidWlsZC5jbWRtT00LgkAQvQv+h7kI
        dVn6A0JRS5fKMDsEgsh+oLA6Q66Yl357rgYGeZqZN+/Nm7dVokBArX2vUdagyI3vjT0c+PUUPc78
        kmS36B7vefiHJ7v4yJMweEvaBMwJBVIP49x13RPRplLpvDWWFbaCaZMTZYOjKWvlUCcrNahX2Vhg
        LJ2FZLBnopKw8j0AaptC/hAcNrxrYCaONKShrt1VqczkGKQLnqqW37wfUEsDBBQAAAAIACWQrVAj
        ALo/bgIAAAMFAAAhAAAAY2xpZnlqeHp5dTZ0bnN6LVdlYi1EZXBsb3kucHVieG1sfVRNT+MwEL33
        V3irvbYpLFoh1AYVWpZKLUQkpdoTcpxJY3DsyB/Zpoj/vnbrCBHYvSTKvHnPM88zGV/uSoZqkIoK
        PumfDEd9BJyIjPLtpG90PjjvX4a98bfBoJcUVKGcMkD2bRRkKG2QLgBVJmVUFUGFyQve2m8pCCiF
        RI4aYSTaQOpiz0D0EP0WBhHMETFKi5Lu4SCRQoFrKqTjaHtOq9GzR0BGtS3nGF/FV4ay7FDHEC04
        EjIDibRADLDkqBQSEE6F0V7HhhWgmiqqUaF1pS6CYCuGJSVSKJHrIRFlkP9hlL8El0v7XMwmp6Pz
        k9OTIeoNBrb36Fg6SoRg6rG16sxZZc3jatJ3ulZWkQJKrDraGdTARAUyKFXqag9OR6Mf/bCHkJV2
        gG5+SWEqF7Ex61Z0NHQFuhBZuIpnUDHRjIMu5Bk+ZsVqas0Ip3sjwebGVMM46KCes8RKr+0dHty8
        FjynWyOxtq2FD+A8s8x/53REIoZ1LmQZTnmDrqN1S31HPMFVtJYsEUtsOCmmuQbp6wu9ia+b+VW8
        SOZPt/dxcjddzd/GwX9oXvgIuLwPYCKN6+Md/Myc7wgzGUyr6mmGNQ5vMHO9d8I+ub2KGGRNCawf
        luHrbZJEh2LfLs7OfoyDzzmefAwvqLKiEdZFSBjNm+fdvjE/NVf7cdDN8MQHKIUGV39UNIoSzByI
        gtbUF1rNd1riG7sT6p67g0H63r8GO+18HKrNKn68fu/jq4mbc5wyaDOu7N6byh/4FeRZdiDkHS4h
        /P6p8xbymU8xriHazLxm+9miM1D2j3CYxKSpoDPwXfiwaUFn1WzguNbhX1BLAwQUAAAACAAmkK1Q
        HNsrc00BAABWAgAAHwAAAGNsaWZ5anh6eXU2dG5zei5QdWJsaXNoU2V0dGluZ3N9UstuwjAQvPMV
        UdQrSatSqiKCBERtBQRRQoXUW2IvicGPYDuE8PXNC6pCVV/8mJ3xrHb6SRpSomI30MGgZRjn+0KK
        DaFgJPU+Dxg4JqJkk2+Ppzztaq5O7TWEbRcSKnLTaBnFasge6Fhgx/T8v9BPSW+kLIWYFZxSCRmE
        imhQFgfd63QeGy5TuJLyC+yGbRqpAll7vLvCan5VsFi7jnlEI71EaLIdLx+GL8f519RnLJrM8Sbf
        y2n4vupkXew9Yz5b7uOniMLb7j5IolXusW6jhUFpwgNNBB8mSdVOrHXSs+2rv287ahT8j5kP8gDS
        HY0F54BKLV9LwiPHPHecF1X/4LEoXUTFoA4Eg3wVMmUzwneXAiS4loIuAg60BC4uM8KxyFTtzkKC
        NYTCqJ8rDcwx18Wx9GwOKqSPi3iEgQJl2FVK7N8xGbTKl58gfQNQSwMEFAAAAAAAJJCtUAAAAAAA
        AAAAAAAAAAwAAABDb250cm9sbGVycy9QSwMEFAAAAAgAJJCtUJ74wQZCAgAA7wQAABwAAABDb250
        cm9sbGVycy9Cb3RDb250cm9sbGVyLmNzhVNNb9swDL0HyH8gekqAQrkv6CHdsDXAsgWJb0UPiszY
        WmxJk2gHxrD/PsofcdKum5FANslHPj6RiwV8tK7xOssJZmoOG628DfZIbPfOeknaGgGrooA2KIDH
        gL7GVEwnjP6qFZqAKVQmRQ+UI2zWyWDmmOmkCtpksG8CYSmS3KNM2SASGU5h2bvHumIV3Dckro5i
        U6u/BDxa/le64Hr/9oq1Icy6Fvq0IuZdRlZGlhicVHiL7aF7WboCA4cb8rYo0Ifp5Nd0Avxw10mu
        A6z2Wxj9wBbFvRFrQRZyadICQbJcPysMJOATOmSNjGpgbX6giqzgrFlY522tU2zFW6XSEWdjOKyZ
        z6WkjoRKNCRboCTwlSFdooBNVZBmL6T6eETPMS30FSREgGGxInaMZE7OakPMXho44KWgVLnGmrs5
        NBAcKn1sWjCULGFv0QqocQhH2139gasqLkW+UsQ26bMqEhBd1uedrQhnd9LpBasfZIbhbv7SO1dO
        j3L2RlcdCi6iChkCcE9Xen+4Ev9Rhp54f0ct1uuarwPiwFlTNK0onz3f+9n60xORG8Tuz+V/sJEA
        x3RRI7tbXrN3q8juvG9zRanmXaYL7fEZIA8DaHnrjwkeYoor++9rZs+x8NYGuof49gXp5Q1tGRqj
        IK4hxMhV/Jy9z2mx4BEuMJPUTmqcWoWh3T57bC1PSbKF7fd9wgsQDQN58SZRMjq7FdCmticcZugV
        QJ6lpkETse3qdnR3cbtilzteZh48vI/azG9l6Q/+/QFQSwMEFAAAAAgAJJCtUPl0cgpfBAAAhgsA
        AAoAAABkZXBsb3kuY21kxVZbj9JAFH4n4T8cSZqo0brrPWswIhQlcpOyqyYkzdAOMLvtTJ2ZLsuL
        v90z05ZbUfdNHqDlO+fMd65zPrAFNBy/PQimk1bbC/reldd3GjD0vkLjZQM+0HAlQCwW9Vq9dnEB
        T09+LPTlsnMJHZrGYpNQrsEPJUu1ha6oVEzwCzh3z9zzN3+1ZMGxpJL+zJhimir7z5FUaZYtNsBF
        RN1rBYwrTeKYRvXaeoX6FoDn73kWg/mq13pdcLzJZDTJ3bRensHDeg3A+jlgSjG+3FqkdzTMNJnH
        9AmkMSWKloeUIk8AA0hiSUm02RGAhNxQUJlEeQ0h4TCngDLhCrGFFAmEmZQmSJTfMim4CZhraCyF
        FkClFLJee1S46VOdpfZp67yiOhYhiVHfsItoTDb4fZcSbgJtRHxvCq3JtNdttad+0/kVpWeO686I
        1GxBQq1y42jA0tQroqHEjONMoYgJ2HA0Be97z59inWztOY08aslNxOQhYHlvNTtetzf0Ovg77o9+
        DLzhNPBHl5O2l+sjySpUkv2npWlr8gkNlJaqUHOP2Gy9Xksh9GmrQ+/7NBi0hr2u50+DcWv6eWe2
        ih3YTQhnC6rQsFE4sjueeFe90aV/yra1vpW41wkAj07yt80X+D+G7aA96OTmMbm9olhvsigDteFh
        WeklYor9iwH9AgxtbacJsD1VowlPl1h+isVYqYWfD3at9CBvpYPyLTj0hbG5getMaZAZ5+bMhjFr
        zmzAWmRxhC2kBD7KmyLohw41HZKmEdHEmSG3WanshkmE4fhriXiD8TaTx0DT0TRJnVkQBJGdW1Pz
        KgmPROKUOu2+1xoG/VG71Q+O9bXM6DYf5fHHGlUqKFt21BGOfSUjeKbg2c9T4LblToFVIgP/42Wv
        37EFladmoOYZi6Mx0asOXTBOIzsoDiSbzliKpSRJF5OtHt69ff3ImaGAUZydv3TPZh8ZL/9wcUTi
        HDll9+K/fwyHvRvJvh5eIrYXPmPCbSe0/LE7NCkXOBG/0Tm00jRmIdE4UiHa2nGL0XnuwgS70gjz
        bEk1pCS8IUtzYdk2uvDs9UHbSQSR0BwlZCHf8PDgj0K7KuaYuPs0Ex743AUbdEDCkGbzmKnVH88q
        BXZnhSqV4rqBIRCZTjN9oogMGAq+YMtMWrfRQ3vv3ZvjCxe+FO1ZpYYnHvS1Oe8WXp3B08VpMoZj
        ZaobgCNQncsGSREpZ2oVZdBwl0y/c1fLd+4upe/yRzNQ7p2O//2p13JGPCpCX8QZQpEkpkIkppnx
        4m5fM0xFvsxl+LaivPRlLz+7xcI+gclR0HQeF5l07DtORrs0lhHa7YtnjfyELsHJEZklQrdxTWru
        iz4p6TW31owcPJsfrGbWpYIgelhwstZbBXNYEQUitJsUFn0mTQuvsWvN0rjfrmUdmnNwl/KMcp/e
        0ngf6OJW1s14aIo+3xkNharOju65Eajo1msP870NWVeodxnHjkS2KgtDqtQiw5sR+f0GUEsDBBQA
        AAAIACSQrVDgsZ9FTwAAAHUAAAAVAAAARGlyZWN0b3J5LkJ1aWxkLnByb3BzbY0xCoAwEAR7wT/k
        B/lASKmthdgHWURFL6wn4u+NChaScmdhxjWUCb36sjDmHhHUs6bs8UEJtoEDtGJYcAjnDtxGWb2z
        +eM12b8qka90AVBLAwQUAAAACAAkkK1QfwL+11QBAAAcAwAADgAAAEVjaG9Cb3QuY3Nwcm9qlZJB
        TwIxEIXvJPyHphf00lXjwcOyCQIaEkUiqBcutTtsCkvbTGeD++8ta0kQiYHDHvo68943000naJeg
        iE3zVZc/a4XW2wWJ8XAmgiQ+4JNn7Va7xdi21AFS/Yi2ctlWCuJMYgH0gHING4urzAApiyCduxHX
        aXJwvet6kqZ4B/TamqyUBJ7SZF9r8pLDwEYdEax/EUykWskCXmEBCEYBGxlVVjnsj9PzbgzUD2Ci
        5xxnyTnN9zZ8lS5zQDEyBAVKCpDRVGxdOYvkXX4r7sRVSIgzbHH/5+/b4GmIvblcUggOq/NApE3h
        xdJbw5vCWOrqmX2pyFU00BjezWKd9cqNrH2aHL3dpSQx5hCrOf+ArZ1FYvGH6PKJ9TQAV9p6qlA7
        8vO4m6mtUIEX1Lyt5yxY55qa6Ydf2pO/6Jza3LmMq/qbL8T8VJejCGf07yjarTSJ+eH0DVBLAwQU
        AAAACAAkkK1QHCmPP3GMAACTpwMAEQAAAEVjaG9Cb3QuZGVwcy5qc29u5B1rb+M27PuA/Yehnzf3
        cbfuAexDLk133dpr0fS2AcMwOI6aenUsT3bayw3776Pkd2LXol5pb8B2aBKRkkiKokiK+ufzz774
        Yo+t4ixckhufLUi29/0X4lv4PvaXBD7uee8mN2PKyChJvvyFsDSk8Q8PR97h3pdFwzRcxH62YqL1
        Hv/yX/HTXkCXSRj5GUBcJvzftIF+Tm7DmPBvfuffiO9urkfjCeAtP19PziejafMbPpbL68no6qrz
        y6M/D/fyr/8oRxf58WLlL0gxdD5GGBJJs2r8CXy+pWzJf6q+9KOIPr6PU/+WT+vWj1JS/vTosziM
        F+konTBGWbr5O4W5LsOPHC5jq+rre7I+DSPS6oUsw2wSZ2x9RcM42wD4sIxOaFBhr+g2Wy1u1olA
        lFCW+TNA2qB6JhhZk7qfg2UT0WgS3NE3NNs/9A68g/qXos+ExHMSByGp8FY/XoQBoym9zbxRmrwj
        Ge/Jg674+KCTSlC227+h8P8qjOaEeWdxRhZMyEqBx+OIOJLX3rfeQR8SPreNHqFx3fbfCq4W9XoK
        7bl78yjiv/3bBV7JMwoc/qzwPDX/fZikKtk5mjGNYxJklA0TjDefZoz4SxDi4eaTDxmJU754vXO6
        WABMxVgsmaNwth+DaGZ+PPfZ/Mg72O8kRknIGjhfkmlKlrNoXYhwNfRq8HXTW2BTR7NmKyyTsYNX
        kYK+VaAjHY1F+ZamGfDPG83SjPmB0MjDq7SB4OIhEONBA52CevWzDDji/ZTSeBi+JoqkRMMCuA0X
        q5x2wyDbUj08Js6Nt1mWeG+JD+PqJd078pgBYgCpJnt4BPL3ytp66RGbl72OeialtL5a0oFfTb0c
        3eD8dJ1mZOnd3DGQEL7Sbvz0Pm0IW07Ery2oztYMXybjW1NQZbPYBbW302lwR5a+HTVyBkPIwmx9
        Qeck8sZRCB9TbwTq+IGchEyMf83RfO0dea8l0VwxmtGARql3CZM8mxeUyNEcPzGDa7CEi0Fc57KX
        z+CVd7Q7vVby8YVaAuXw1WyBXPbwEuyOPfkIXyZv8rGrMaY0mvG80dMYz8/wqEjxQoWgHD5aDqSU
        977Q3GryMZ7e+Swp7ISaXLWnY1rMyjsPZ8zPd4onbJEx0IjGMMp8xNxxAOrpgbCstKxf5b1sg56s
        YyBS4BX7wtOtKyEtm73ubnbFwgdwv3jvWVi2POpsWXbrTQkL/Sj8mJsF9UmiGg8GnK8LJUAY9zLk
        XB7oF8CCFQMJ8cZsnWQULNjkbu399vXBd2MgengbBn4mj0T8QUBeQVgHYH5bRt5v4DBaLYHbMm2X
        0UZrvONkY6Udeq/2kWtFXoGIRTWsQEQzswpEY1qKioWL6a9kdkPvYbMAdXKsut200eb4KqNwJ9vH
        ExPFyMKxzGaSNzs+PDj81qQ8oCekKAWFgVDz3yztOXrUFv58qc6nor+dl4cogyuuGNjwOeyJhaqt
        ljnlBuf8KYhBORndhddzmjYnFmUHCrq4az/vlB7vp8fMrQS1iPVpyVNzavhATxur6V290DGGRKnb
        fh2X5ufXVmXp07EDFA2AbXfcfu6LwwiKG0Nua6iIeANgkuFbPnWzxrzsJJ5i2TaN93MCqxtpLXwY
        D/6hJC15O07OV98dfGeanq3BS/vuWUlwMgv92Pv2qw/Hr73yy9jn5ynvKaUklPI0jfaFE0F0uI38
        lswp82HaVrG/toJdCY+skjBF/S0vjmkGyHagzIOhDig0S1cp8Q6hjfVOXoNn11on6Qfv8AD+s9UB
        u4Ot7xtb2Fcz+GPlHYJ7xxqzyz6OnfRhghNyStaIELe1lQ0JbvdgWnzb2I3Kbhu1BcGV6kBHaiU7
        MEz9KkwRRSTPSPLe0fhHEoP3PeAQuDNSGboI/UXMs52C1DuBhMkh3/mPEZ0Vvv7h+ABJ6YoFJK3+
        uvBjfzEYTpELoxStGnHCCmAg2aRq16URnqb4NCGBiHWQuTLJuzlokO6ttvL0+WTY1YzjKXOpGK9W
        541YmPI42hj3HLFQZbKtiKnGfMXqkBAQpXXUs5gHoRBMaDeWj4dilvh5GP89xFNyCzOVwJU3xOoK
        DoOL99YwQlQQfRkS6t3qpR6trKAZtlP6r4qLGWXCiwkRe2ZkLwBEsiujCeQcPIQwOCQTetz/BgMW
        rbCmbjRL1j+t7618mj4vKkYhOZV/pQSmTNbhq1Q1Uwm7SuW3QKz13mxf/z0Vq7uIWsiA3sCdiOE0
        G4yyUTRZzy4HG3j8Kln+SSIvC7GZPUvt+BaWQTQ8+C5dOgjVfWQdRQsK394t1cAncUDnw7Ik5eFB
        wUpz2kia2g35kMnOVRgYmHb55Ymu1r0+clTjSgnioKR4diS3b8MItA5TCsp4GyS/+FsCmFnhYsGi
        zZgyN/TEz3w4cok7aq0sTDyF0HtPoyX8HQOv2XA6JXbDwuwhg5uBrUMTSKV3di7OnzLj3ACFYS3u
        skfC/0VASu8M/9+TmmZ+MkpnN9vKj1CAXZPFKvLZ5EPCSCoFZXaDaGQ6X4trE7+ycDjn3UgS9VOt
        S64RpqgcIXEeH+y1s1FIjXsgjV9h10PrdIT6c7HShxeuBmF/SjW2ycG9ZnCHliOBkZnqGE6m+S01
        jc5LHfixK6xl09PF2X7WD2t29j5Fh+iGnncSM3gp9iSutar1KWum/I9tSLsWmorNVdtRsutts9iI
        B/7pURIW2ZziDuYxZtXJ5klvJju+KRtD28M9Y47e0jtRmkpAdsn6RJdxtC5KSUmQTdSX4ZsGKsW4
        C0vjGIwrK/MWYMCfCZIidR16AxILc01XaBi+PfGSJGfTqiqJTBWbbQw/kxTuHkcaoEIoJOhb64J2
        YQ34tFyCtIGal6jj04tlEj+EjMZ8wf7is5AXIdMZFHdn5z/KFSXqQyRZXqgX/H1KGBgZjGS4QUjf
        5d+GKUcgK1TdGFIa4dhZwAp/1XBJL4T+6pJha5rLG8HOB7Yv7KRrU1oMzjb84g8J5PhRg4qlqV5d
        S0BjFkENy/e+91kYgQ2DXIaXs79goleURtZloMEqi/KQJPpy0DYlylvlxxKMGKZ9N0FwcKvsjkeB
        A0mN0QuqLqsbeMaU3ktJXi8KfF25DfhTPyAzGIYOjh8pXcio0V4MPBL/hviMMB0kVZtREFAw7XVw
        XfLPWggaNx+1RnLzGGaZHmF+TU/JnMhulBt4IJ77URPSu6JRGOAWq6BcvsLUl1u+vpR6Z8ieGo6V
        3DkT+zhztYXhZ7I+AbP+AU94jW24BtVTcm08qluz6qmohtMQnCaSiUgcOmVQ1/mRsnu0wnV7TNMu
        VlogKI5PGniyZaQDnUlUQjZrQzZUTuGYUAMWR0Ua43EorpTc3UF4LXGkLcEhL4HLLJwrQKYKirXI
        w1MD0l6KFaL3Zyg4fjq+8rMAZxGc08CPVDbPJqCS3+UinEMs4REMqhFsQ+s0xDEXSg9j26svPQ4s
        RvmRIPdcAZmE4IiNKNZ0VC7JjLYMAEjsiKM4ppmvRh90Heh++N+WOLMEwNUFmQNf+x8pnjcCSlUh
        1gh+CcnjWByKNQZ/5S+Q2pGD3viLtyRKVISaj1pJn7+D7OY8JIgEvHwMccTBczVnyAmBZy8UuvLO
        8/cocAtWgBZhHiQkSRMQOzL2gzus9m3CapliFSK6FLEmrARfk0cIJCEnrrDdAIyezZnbmsKomK6V
        QJ9FiAG9oaiFKHoR8FT8OOWPm2izYhvjlAb3Uu79JjIFoZ3yZ3Gia5T1XMCoGN4lKP+gBFgXu/op
        xfad+EraugGnukVOuSkSnIZS4ae2w1xFEHB+9jGdV4ar7E6jdDToAEKunA4MGGu2A1x6i+yCPYsv
        yJLK+MW7oK+JMJOkPFdd8NO/Iy6XMqZ4F/gNRFNkaFZHYdR22A4E0lTbAkVNuoLWCF6WkCqRiF40
        b8J4rjODTzw6fhaHGtByR7Y+cO4LviLsNJSJsBgP0LewyB0eG9AnZfRwfRb/JeuR7oNXckvXyBo+
        3dHcT+AwPJzCXUMLWYKt/iGEdYJ1LPehyYsDpFImei+OyXJG5nMy10BxdQc7bSCl9WsU9U1KnkY5
        kzoz1ODyvu0aRtG3XSOQ9CrXAJXDUNK074KcZlTqGF/DIv0t24CaW4NOUo5upxobo4WsHgTk5AH4
        Le5Oq/XMb1ETBfgqEQW3ei8TPIsKmDaLFPfXMnMYuTLgHCHy0KWM63cb77/IZuqopM+0Au76mTSA
        VD/TQyMULKcoKwCF+JVJ3aEizIUkYeRCPYOrxUiLSVz9WUqGRFIhymqV0W4Y1hyvM+7luSumGNdG
        7pqA+Vxc0s5Ycr6pzD9zGtUVy6ymH3cnIdrh2SX/7Jp+5ZSc0VAkYVqS+p1QUEzInQxWKahWSDi8
        9KWe0Bh8mMQwDyqiOGPDZhKvFW7sRqA3pib7br4+TcVsrRDS2JOahkktZuyOvo0l6kZgX5QSGXwE
        yApTRN68JW2+G/0hZuRQFRfXBuy5NNTluR5a/XrlgeE3vgxzrxiyAxcAv3ehzbSXemznk3dJ4/xu
        i6lLlKZOm+UQ3Z32Nwhi8apiI9PemotrKPuyLih6FSYkgqh3OvjOmy6VG/N25JHK3TZGBVzODfIS
        lU9OLPvCz4wKuqLL3lASitH4/guSFGZz0XbdRKxFxuQ8unpyNLHygqS2nVN1MHiHU00aAsDsJ4kc
        EctZWTZg6sCgO+pJGC2m7p9qp4k8c7XUB/NrGL864uWpQuhpXdgjuJJwkOAlCwcRfJCOxI94v3P6
        aN8AquXD5fIYtjENz8uNbdd5SdugGY1NPpDNGnQjW/loLHOgykc0RnMTV9/VtKeOXal8T8BsQqNt
        Ra3/6kajiuIFyfw5yKzwrNv0YtVDdLMUHKjbqjNX5+gnqkkYzFRQyc2RvATiQLY2hmI3/aBVksMU
        +U3oTTQAStHu4KxbU9pmIU7Rzf+VleoZ08/18o3utREDxoCaCGgm0X+SBgRQ0moR3rKDYcNBXRHo
        10LCb82ysmiZbW4spDahrbBSJqwjodZ2woScLK54AYW7NDnQ9W6ASLm37iPig3dGp8xAzVRV/WDi
        0Gz77pDqBRwN7meJXYZrLgx11bTLJZUlDpdUM869D5dzDRBYuxipmjWofSDQrCmoUspnuL6H6dTO
        KkB2uC9HCWfSV9DckBBiC9rKvqtRKIY3q9tbwuwHYTqJZDMawzs0H55Q2HENFQPo3RSfAV9dhD0a
        u53e7bau28SOTIx8+DYvtDUqs+pRyZCTyXxwxCJ/CsLZ5k9qNjNuNzaGojxolw9yKQ+p7ay8Isfc
        lCgYeCXCUDV5NaEcLqBiidlFbw44bTGOJ18iWzZ8h+ETL1fjYBst+3Mb92vU/3bOrAoIX18bVazR
        bKGoncnF+zNRBrnewr/UxmdNrMry8Fp3LMfTO58llZ0vfRq0xIhyThZvUYpqVQauKhkyaYwWz1JH
        4MowEtO1fldq8ykDg1F6XJU06XLVLsgNI7AbE916AMLYGVLXIFTNrUYFvy3xcIuqFg+YYCMYYpmB
        ZzIkWFwBPY8XL5SVg7nHJ17OsxG4pxnMlE/eRZI3EMnqgrURHFR7W8F55BVm7yhG2HovqCayOdyF
        qjRXCQiwunF/NIdvtWYPdGSxxhq60OVLje9q7DDKIzX3OI1sdFlW6aPgRTWPXRTwxpzvUDZrd7rH
        HQMFLuoD++l987WPAtCuMrHrjYMeTN5nV7JTnellu5e+2ya3SftD/qE8ZAHzXMLzEvgxaP+8Pk89
        Afsh7zbRHJgtrUONMZ+X2uOUToW/NXGb7qbtxw4NEXlX5PptabGiAvRlwwkrs/o7AFHPRRo0KsRw
        XZVKgik68ryWxDR5itF2jGi6KKRfcmy+IFZEVnKgb70DOSC8HGo4QwZfhbEojXyilo+KogvzOXzY
        h0G3+euQwC5S67revTWp2KXf7JFwh9qbPHRkLGUOkLqWFBi+zcS1po/Z2NELsXGr63Rtp6g5Xa3x
        7pXDVNUmq20fPrnCMZHU2/TqgVzcUrYgMgySqO+AQsLvkalDyx+adx02m6DeVtrIQvHe1C/e2hVj
        Ll72k67r59ONCbGaZxn/qpnz/KCaVjY5Au/SGzNewONuXeXCeC0e6Uwe57iCc5sBY/mg0QxiGw4L
        tg8aVooStbqw6HNv2lymwnd6e6Ub87o5b5vkbUTXzGW6OY0u6gUIzdjYfNNznqHXnLjV5LxmRyYL
        l+zmlNGcjbuCIVWvgAFswtSgkwO7dnaQu7s5e6uO5GvyCAVfjW0WSgaxIf7IlHKRQLODVIIdixuX
        AJvbptHEcLSEmPQs/cfe0TW3bcP+y543O/1Yb3vsnG7z1jVZnaa9vak24+omS64kp82/H0l9UpYs
        AARptd3dbudlAkh8EARBELAXKlNRFle64Dp1XQ7grJyXVAzPPkVy8FhFqygTpclcPXAxzTY5D3xp
        AC2MYFvw3H/hckMu7uW/XK5U/f2tw85dZDVA2sVzHYJaVQQgF9Ws9h9UBLJbFgTTn6j30+aUJj8a
        GvXVYSdSFVe/Fes8GR2+Om4vCo1O63jhmzgL7kQ92FQXbLWQXDdtK4f7U0iVEVwZS2C7OzgR/CI3
        4fUqAij/MIKbNIizfZLms6IolfsN25iAw9QrcxzOZHprQzskAzpGcoFC6yojrq0x3nuZvrk1Socs
        4u3ZUtSbynCgteo2Wb3HtHF52IRaZFCb7YXxav7uvdoje+TihDhepI/GUey+UxPp9+Q4tO9ysXcq
        exN/3AS5ZLoMdipazug4tq2TnZlrycn6OorfFaBpCsAUOA7or+QNeRC9Zqpr2i0IiipRW05F71rO
        E4nKwZwz9rx1Y2G6C80eggUfaAIbtZkFO51XmG0rIZPQihfJlDcw5WQo9Z5L0KZNvhQmBAVDdRZr
        i3vcoOSFvMAuNOzJ+NFj8SGQqySyVkmwDXF82OiRJJtBgWmY94TCLs2unwqu9gFzrue5yrc0qZge
        0j0k29ynfbYG4X82VCNHshlVhRFVUh+QZFA0sfLQk6/FHS9vlmqusi1D60Mm+uJogqkhZTK/l9o/
        tQhdmgRJEHMswkLKsDs6OVJr2s3PaoezjY+OCkaO6Dy80MT27RYwMn5+hj44DaXsem68TG2KW0nq
        Zxd2WextzNW5VL+Cpkmpf6KFD/loyE1/vt8vkjgXn8f8+UUSld5/Bv9yJnGvD2kqYgT62XK3O+Sq
        xaWe++DtRvXspsYMqPAj3h+2iO+V3bwVqTIsy/guQUBKu7v+V0YS15jp3SRJlI19/xAHu3BdXiiN
        YVfPIOt6BiPfyoSEKmcV9HHz2BLzbSv9eQTsZRh/BHwibb+eM0AzixMsgBXDvTiHITJdMyqrf/0V
        xMFWpKdHAoqx/KrY5kCUlgAqRSJN9oXXOMrxEqq626w+H83aMm4ln0fbRP71w44GXu0bJOB3P178
        vBBpHt6pXKhRetVGBR3Q+FbbWvkYfDRzx4CCi08HTyCTMu53wVjL2+DrIA2k1Y3gYPrXyOe3QXQQ
        N4f9qGFW5XNea4firZTk6EpRn7+7TNaH3fhuor+9DvIPOIhd1Pna2mF5NHsyN3ZoV9WJe4qqsPkS
        TTBKYnTJEj1v7iaR7RFYX2lalTgh1b3hFYR0pgcE4eQ5aKmU0lja+s2XSa5OJNdRkN8l6a6baoDT
        eb3+nfjBy6vRD+A+VMsjuXnYC/BO4tlz6EBVf1/GSlAtJ/TCWnuVGQGpBLMaM/cW6kGHDSz1YdCn
        P1Cgm+dRqH2dt5Md+V/LGSmc2uEvPnoMWKCIk+R4ocvR0xuyfKxaKlrK91Je2UO8Vt8/YY8Fuu/h
        1DPCePoXGy1+lzpvdfO+AXSRBKuMoE6zIpThqDqUubrMGKSY+zKxb6BlrC2bVSfADl6OjE44p0oC
        uFvonVQEqycPZ+VWTQL3U4G+wVYfI+X02PUlgK7I/q0oyAM1jUUUijh3c39xgnL2lgY9Y+kAqdVN
        xqD9AVeXBU+/cW6+4FoSraE81JDoGY3BYjPmqbKmYDnNWe2h2s3ecTQOkylklBrsRtiL/Tyiyp35
        PHqpZf/kGFmtwxXniqGdPPwEUcjEQp+2u02LLwt+9D6QzyKUqB2WhT9JiLfFqiO+cnoy7GEXZZoG
        7xpq2GMQQ0O+iO/DNInVnc5tkIbBe8tctolw8ogs/vyuobF1zJon8XOcmYDd3WcuJpAnviSxjMOz
        s3+ID2dwBSQ7fHHetkWQR9af4+nA0CRdPBsYHOtP8XAtUskWx1snQFKTsFE1P7xtvm8yVehgnVom
        Bp/QJu8bb0USf97u0JC2jbJYFJhiak5nau0iN0nBQ5N20K1rODDEeNCGh5xoXKweekomgsf3ycbx
        k7etmnQG9XhE7rRMxSevgBIg6k6sYFdg/KobkkeNSlRWF/t8SXfP5hB+OxRszavnm2CfixQvWlSC
        AY1fo0vfpMJl1MNwkMaXPHBRnCfYZtDiyZL0NamzrAsNosgzMwvC+MsdDw74YvdebDZi87UxsqLL
        Fx+LI49lMgGOjwCv9rhdmGcxFGzhT1A4RaITH6ozDH8R6tZYvyeZbUFyljORbc5jryrgCovTnlN3
        8i59qL2cqIPK5OYArJXJQZdnKFZfgg9yAGRMBtBfLxdTVK7rrrdHy/M9kyKwSlCxHlQC+AwZI5Jn
        3K9wWtiXG6GzsDgL6xqxJRnovBRpeI836SxCIWeYO5JmxW8XdZH6hlnliWWj0R6swHrXcFlOSC6S
        YfytM4+b6HOm/zCbQj0/y/3VuiyLL+takus4fakcBZi9xEqTn41dydvRMYBSzZx5RXwxurzdOvXr
        1QAgv56LEq/K6yQ108KJMefjMZGjnLOv3E6jcbOb/AD62qXIr4TxnJNmsNFlWkE5kL534rL4vkIf
        7bl7MJQv7kWc6/shLrUuMU8mo+iYUg+ap0s5uWWrY3ZpClyzq2mQ6GSTrtE7jJhf7TmDh6xuocdL
        zKu9Yw+o1+Nwm1ZMZ/y0Tge+nPteEfnIcq70nBJFwvRwAjdlcsTgik6XwZ+m2CyBmWfQ5fEyag4r
        ivbyjVs4VdxPRxxbJdXfZr+KjSiPgj/OHuPyhUbxK479WBQwBAHeJP8KyYdVsIsK0Mdg0HfDIK9e
        3KxK1sucr/dpUCxS7TB6rsz2dD7Ks1ImTo6jg9zmk71GihY8VXru5FEzhz2Ft0O5P+afiZP8SdDt
        2tCMm0yzNWKb7doxT+0H/cQ52AmkEhRFhfZ7fILoEZoyB1hdr18nUbh+aCX+jkBWacMZHOQmSLdN
        2wSn+p2Ku6GWRN2Skd+DAW/D7BBEvwRZuCZA6+7mLSUFozgqN4iFLPQdPWBvUW704L211WyQvEri
        30QsUoQQerCs9mIdqvsnsbFBgwbtuTrmwKQqUfBh02Eyqedio6rMEfjcxmah8iYiXcVSKuK9SHOR
        WuJCQ7fOswTgLKEofYqGUXqg38zjZ6lA0TDNUwNFpT7PoaV89ErECoH54AHPwOFS/jaortNkLTIr
        1lTtAexoUsfiona2RvUylF/E+NXUbUFgRZmeib24FJowxmtPGnySYBZmSmGgDGy8dkKTbvRpmC2C
        SEjXCb/LG2hKd5qyhVR4SBbS7CMx+yVN8ii0RNLkl1si+ifc/xrizXcLC40jLQIuU6mXFBtkoLFQ
        cRPP2yBff8AbjeWVnVCWWRIFudio5LdgSxFIEeL9S/5dbORUSHy4DvckuDfxTrf32BSTWOXyGwoX
        kBCtfiekda3gy7YPeLdJA/99EOkDxetX0FiYgrlYqPLQDj8UduCo26iC/ysI0XxVcK+CnVCNY6ID
        xeJqDCJXFS2LSusku63fDxO2PglnYYwU9Gvx8SAyvLMpYavyAiQtKe97rpMQfxSW8EV/eNq05fXC
        IgoJR/ASuAhIFadXqrAlGunKfiaxrtW+zooOCxZiQcqmRrNbybEE71uV8Gg4nbNAO6i2mj5chtle
        bdQkgXU6N8+WL1XQhXb+7eJ6GW4/5J+E/DdaIiYqK3Cyp9vt9EU4NzcoLMxgp78HC0FoyKaFWbDB
        738DLdBsEMnDLSE6NHStX8Z8F1R8FkIpMfwuI+IERxXeXYULs4xvb5JPGfE024uVTvbLhKSOBTTZ
        blfwKwndnIV/1ZzOCRH4fnx/ZHSh1ZhsbU8vvnc7/H7VQkQOHxB1rikzFQXhDs2D070MufAtMvSp
        5ESXRIKv3ovNQnVgbRjJWOXE4nW4D9CaWGPQP8QqT22YhYbT9k67fMrHJcITw8xGrpTFnqXwkPVM
        A78W20MUpBbxiqb15NW9SCP5P/E3fJ2ul/pq5C5KPtniseCsiYkckDHx2ExD/bJhrP51nSQ2JIQ7
        /B6vwUn6mQZxFqzz6vEi3sIUGGg3x1WLVHwUTVoTHaNSzc4JlolgjApPEE2i9B5IIb+mKSzN95fw
        du5H02aWENSo+85yoKAA7iKrcXdRxTsa55Eg0M9LHZRJDPAFs8vkf0QhXN+bJDDuqlhmftbz/V6l
        aKmEL9tGqEOJX7zJZDoufV8/eBhNsaPPvhiJUi1xhNmupl7nzXFKs8isY0Gp09SUHxZmefqgeu/i
        2Np1hJ+vlUeqk0OSqn7vaIf2xokv1jE9V1Mu2qFcTZNWpjZHPUmMc53BiOEhKNvSapbmA8zZL6o2
        vUSKy8JFJOa7evGpWvoeEcNVMN5oITt/jM3y1kqN6f6MLZerpgX4pLz9hXRyNu9ri48v+tOojVuK
        76CdqMEfortPw76Co63PCXyvRy7mhkax6Gha0hUHuitwMfm5nC9OV0EWB53fzU5Yp+PaLItDSetT
        HK0VZpmz9UOQ7p49nUHHUpQVw30/iPEzN76fnhHw8XPeTGf6ejWsSun4eikciFvv95HAE10NkWSf
        Z48u5D96AaAHhhpZGL2Wk1FcoLnRdNOizJj9mBjjwzQiwjzRR9Qo209g8Ipq+AFM+qZx1u9r1FnJ
        iryWp4inz431gXlcDDzsfWxEF7M7p/s443wEosmMRjnAox8OZE58B/KDYV9ZecvD3zX3D85UqH5p
        Nn9kvSgHnmxxrPc4Syibrse1vryCqUr9FaAaA6vUzW1GyQQXxBiKBjGEqsY5IVVgI67lsj2GQh6D
        oK4/4KVs7xgsh9UhkzvpFeBitzv1Ys3arJx4wuaF0YRtb9TKGE9HMN8aVQGAW2+d1qnDlLNnYM3g
        2Uv7U+F498reh4WEnYggHoSLYy0QZk6pl47fnmt+7PF+gwbbeKtJXyjuziX8lwGO4/vSKuO+rt4g
        QDaUBpS0Aah8eri9nvxRjGEBNLv5hKK/MLZyU1+/tZ72VoDxv1zwTLsvwVofW3QZkfkTbJknzopA
        PRfHQxPlPOssryatJDAbVJ9ZzxzhOcMdlBHibZ/S/e7uowekiW1Cxuul8Z2378QzCkXSSuh3hvbC
        ojKojzu6zL1M1GlsWrkANLWmnuVRWg1TUpK6uTGCfSwhOCMuN/+iTkYUxqKMkwPLuqfibmCbblAy
        1T5unYrIvHNn8c9n0Jl4Wp00adeZzvmLcY9HzRTg8P2VnKY7D/gxg4J9h//P7rxndzOrc/4Um+fr
        fC0Clg8ydkVaQ1ApsSkNg2yLekfFtafFnZFZWqX5WZU1VwOAW7P05NwDh+Hc183iLQzpOS0LPsH9
        jE0pPRqmYvFNPqI4uv2TdiwHxsDcp+nZUwiCwR/aOB1TYmpFAjEQbsHASXGhcQHpakZhwtegRcrP
        IB6LPFo9uHTcsqu6+5/Li3+r/bvBaRU18SkCt5xVJyUbZZyGogy4PXhyPAoWE3w4L3up+Q5umMlH
        0VADN6aDzulReLppmkN9MduKOy0tAvnfok3vuz+bOh/AZo3Dg8Pd/7gTSU/9RRWPcy4lPNNdRhOI
        971VDAJ10epEqmVsibDCSA6AD1k4ugnqrwOCLytC13nISw1kLlHfvj9MLm9Yc6TqJEEl6ayFRzMB
        EaVzKTlua/iPvevqchQ7wv/FrxyPSAL04AcQiCyBJER4I+cgMvx60z2pZz32SOrWeB3O2dnVnFUV
        qq+KuvfWrfCB/uwPzuTr139px28Vf2tCwk+Jb19Pb8p9uLvO+iMYHRbDPjXZV1bwh/qsHxuxFuEj
        mQxvCqt+xf75bmLb/J6+Bre/9X+q/cifyj38wtE/Rs78edzFU2+W/oX0v6t85e418ucl8Dfci//l
        /+/Ov8F+/5yr1Ocn/Y4L6huc+/+c3X3Ilu6/x8X/OV8RJXWb+w+gv9q83XqYfM8Pf8et1YNZJffE
        Kf7NDuGX4aHfkJt922yD+7X3O7YfzzSNf1I/916Duqfs/NFKgqfa7P8XsVsc6j10TfXQ85j3LJpf
        lq6HaG82xJsW3Ftd4QfUL33tk3gf1U0APnHtN/IHYs+/3E3caqqKX+fxa/7yU2PPf5D4OeHn77J8
        wGbqh2j5M6H5/qs/tIbon94xPIDNTWv9E5D5wy//UHxenNfvjb48fC39hOv5n7f8epZpfHn8XVkv
        X1856OPF/U9NS7lnEf5o0F4rI+66bMhi548v+D9l/OEv9pehXR9R7/eU1+9lN/SY47nPOJ54sPzO
        exvZReFn91XVvpjHj3dR/4zvx7r9HxB5wCr+nQ7g4+V/4wvfXbD184FwH1OZdPvtw70xg/ub5/7J
        zt+/PFn9Vl/w+dPDKn+GyX+ZU/dQL/m7Q1YfZhwfIPiPU+geyT+/W/x73757Inb/j719UDTtrrjN
        2+/e/sPebsJuL5G+sdXNL5eyDz07fB+l+B/Q/f2lG+jvfOX+U7Nl7noFblxg/+huP9yXL3/+xHb4
        wXb1f3N5t7m8zF/9v6H8XkP5Uyn/A9ate5X7n5f89X6V/bOvf4H/12fWbwp7jxm8fHj9z1eSv2Sv
        /Ul/UO5fGDcqqbJdQX+s8PlLO1Wv2FZ1+dJU5Psv/UvzeVv5Zf5iYGeN/+Z/RvYagl8IX3/zl4f/
        GPagyuVPF2fe6xmE+GcPXnq+L2bwTx78Ku1Pnvv101+xMy4ovLxTzVQ+daJJILvi7NSl3zE4w+O+
        GtUsKhbMfjgtkYQB2zTFmg3NNODgyjwPPt8JunUJacKOSzzfjCXG0FD4t7+9+T3VFxXl3yRzyuXP
        D5J9/3ZkN5Hyryg+vVJ8KroqDT99luImDF+3+2H9OXOBbKqXe8+XsNLzsGX7zgNtsECEKQlJXy5R
        cLOPzhKLOlYDr/ogKNCA7yJO7xOaYNZyMw/6BiAOPZwBZkdDZZvp9EDMmbpOT5iEqslYkbdj+yl+
        I7HdVMUi8Uvk8AHM/wmnu3WxLYsgDrvPnJ6H/Jz59RFAdxAElfUlnNS08Qo413f9+XKIUL6B3Blv
        lWsw76NoGtsGs7hglzVHGeiDa+AkzsXSc4uelCKEg4wHz5ydDDcg776V7w6cf6B7BNXipTfSE/0E
        RM4Nvpemnt4isc62pkxSjGaxnLi6qm5cHq9Bu7E9gjxau5MRSYgpqKQx08Ls84XMFvmB0Ct8qE01
        3jIyRJbE0aBvRPRVtns8xVea+33FyY383H4ejL2j9pUBpHaMxaYZrjDD2uGk1mcwtckGKVMQEo1k
        o4JSyDxIp11m27IRIAxP8xxxRWw5KXNxy3esdDHoOCSF84FZ3wJj8yrYHRh+JrgfwLb27XzZFzwP
        Q/nMbPd+wBwzyJkPTuso+ZmE/bITClI1Dybb2qY9NCcjHXTSiaAmu7bn3inqlhrJLd6lgM9mgXE2
        41ywdRa62BOzu2XJar7Kdg+MX2nuQpL3/KKN2+nzqLLPg5uaT+Rra3M6rl9te1qtl0HW6DMQ1uhi
        48YeS9cMiiXHcYp2bTPu8a0KdjvezDOJbsJO749FdM2okO7CJr9cNA5Opslr4HqsAyXDmV4NJmqX
        BLEjGYT/q4Ur/iJz/iqz+0Vm+1Vm70eZf4n8Tbw+vfJ6SCMv48mXC9hzmfpFs/wm7DmWDl5BDdKB
        0ICSPMh7vNNw1tix1Boi7DY/DZ07NpdBYavOZk9IMnhwq8UAa3eAP49HrCR3DLUT2U02r4LxaM2s
        7NNGeJcekkXSwXfab5LeYPf/gsOnhcODb4FUhuHyHj0P7Zmh64C56OtxPcCRc75sUH0gXb1vO38d
        7c+GeS2VCJmqHaYRbpODG8GeGXMCLkoFH1t3Tic5cJteNzc734ZwH4gbU70L7eyzjA/h/IX2HQh/
        bd74RIv2Y9y8miNY8TsJExKRsApFBGXDOuranmsFRcsQ8Xrqkw0AB+utbGPs8cRsAUqmuRpatmzY
        1CWmFoK8enDFOd/i1/36Pouuvkj5mDV/pX6PJX/D+TVfkve+bN+eh/oUIQXQGfFQUYsHBVoMb003
        P47OJh1UzxaPE7ui93F1lHcI7oRroQZ7Zn8oIUqdscN0krO1zotrFD3NStLW+EpMO/c+f/4dt3KR
        Ofa+bNHeqYMfeL1DI8925FvkcD0iakCp+OBu8YlsPFm92hOBH5oLNumKya7IGClwr891nk3LTo2M
        8jIeFXCcEZfcSWg0WpQxDagtnbcoDCm2fJ/Zv8ODP+C6lxhV+2Xf8rXzFPySEAw9A12RNrPwPB2w
        DXLBqhg7senGDwGP7sWkO4R5alcO51UFBZ3ysyJWvT5eJF6eyKPQbHdSQGH2OGlHTeAOQT9SKjgJ
        ov8rdOtFwi87i/oHCX8J7j9SfvpM+S+x3ftDWxYvDF53HyvodXjOM+DE8jAJiiOFJqKczdwpAy40
        UGouxPvOwbKd1Jn0BD7G51AfTEXpbBHiNjgLNdyVHZTstC6qeLdWwUM97qGhiOFireo/h7P4LlTy
        Xag/IvjzL3/6/OV/CdpXfD3fie3iE3H3GPm3VZjwM8DGLyf2AGrHo1jKDHkFT+7GPc5E7mCzM40r
        yqIZPQoVb56rfBeldo4EAkSTrL4zKB4t2Cy3gW6x6aCTVWUtGcfiwP10QbwNjOYzGM1XMNw3YLx6
        2+YrGH9U0gc/5NPrQ25SbuB7ZW1/gpE/n3bBkrTPZI75cHnhgJXVti3odhFr+4pqijwPeSYR21cF
        3/aH6iKG0uSIx12vJsYRltrROBjni7LvITQBy5boLgBXa/nPjvs3onEL8jep991PeUC/6J9PvyyM
        xk6z3cdr0ZnB0tCngiqPYcv2zbC2ThdGT3oIWYnxlpSJLTbMm3l2t0Us++qOTwW4tZukhFMj6zPK
        iqpMWkMpG96kX/RR5O/S78NPuUO/fwpNqkfoMLSDH3HjyVd7SzSW49vJAzzEsPYp43a6vDNtOAZt
        FsqA7IgjG06J3WWFPDtC0yJNlft+Sl8o7YSf/BOMNai2+rkmH0DzJp3dwe8O7bxSdI3/CVoo/nxv
        IA+we5EN4XHLdf7Rg/KNMvuMjuuSs99Lc5GfOyYmVr1l4BDXeZozQtp5yNg0HuQ6xgUpIxZ3zJN6
        Qa7Ywz7qAOkw/ezQfgcit2jgJo1+yJMe0TW65Ff/+XQNWciZvEJTe4J46tgqhtAvVxDepQn0wN8z
        EZU68WHLMtlmGMigSRQ4mxFrR4/r9kpUGLhirs4J5PiWXVcx11E4dExK8jZdvyDyqAbu0/V7nnSP
        rpvxEwQu//z59Izl2sq95DnXqjFtRMWs8fnIu7SEEqxzToFzU7XGJJCAzB/YjXRMlJJUt6srtaNw
        A9D2k0hgTt6zw5ZoARnDhsbcEj/bNd2Ixi3I36bj9z7lDv3WkZ99wv98yu2TgQVZ1j3rK0UJMfHS
        ecRuw0q62ZEXqK4HiBLJqwmWEZq42jWE1qW5g4Bryh7hEbY4GaXVQhdV3BVC0wkKd15l5s8W2lug
        uAXzmzT7vkfcodbOWT50n6Cl1+yfcD+Mi/KuOqfcdjWXzNgAyqAQCb3V3VrccJiEN2U5nAlwq42I
        DxSjsiJ3xRUkVVJf6zg2w7rpSKS5PU5KMJg7FpvTXj3+7M29HZBb8L9JxR/xoAcUjf0pFT3WWX7c
        FqIlSNw4TRJ/Ta1kb1zDsRA9awz4tlbShAewKj2W64wzCLM/WZlen/g1eRkkOUY5Z68rOIihkUvq
        viVW69sUjb0D/7sU/Z4HPaToP+NanPnLtUEQ86mOs3mBu2Gxd712T2o4eEpyUUeSkU2gWOQOvVeA
        81Fvwn6VwQdBO6xnj/XiHr4cdwXZjGNEh/JcBoqnhzcq+vGF8k5FP/6gGxT9k7q8fVm8Dr6J3Zcf
        +pw7h6puE56RI1Yr1Ct2LBTGlKpdS5Ct5FSb6QrP4+FUm7goCFY9wOtdvMH5mbqaeHxtGkfGICZd
        O0SAyOyqYaE93OzX4s93y1+Act9IWJRF+IOEf1DFLZSfXinvxfZU+W78kinte88Dd18qVAJOqZ9c
        SV1HKzRk27qWAMQlUEs69WzBhVcUhv1hOWOguphAO5JYUdvJuW6XpDSmDd2rlmGWsN+Z5gmGOSl0
        kpvBbb6LeC+6b0jvgTevysIvPs/Mex6ql4ktoIQ9WpdgLCKC8ZZssxiHesSRjbrpCNsUDkN5wU97
        WrpEMXNdthdYpcjTkW3oZowMMocdpNwc+KvPnIP9+hr48/AvUf0q2etN121gvqV4FMM3tXPPgzMh
        WC3dVjJxQT20jySeL6ll4NYEW2tnm8qXfcJYjT+RWY4Wa7t2G+Hg88icagow91Y4N450NiM0M31l
        ZdGr0ONJpb4Dzk/VNyEfQPY78cMgv8xF2pZF79etXz8PZwirVEwBGC9yjVmJGRFNHXKzRnYdKO9Z
        uOzHs6UR0OrabD1oVo6N6CJdHKz3YZ9lW3O9IVLM4UFRm0SdCOwiC2xaDe/A+UUO96ucD0D9A/3t
        aH8rSfnlNLSPQnoXibl3xGSFBaqxHLCBXbYiumdFeFHyh8qj1+dBRbZVPYc8AzkUVcY52DtHCCD1
        Rk/UXMNngwvVEj3rJwXLtn6su+q/Qjr8QUb/q4w3GfQ/ob3Dnn+WpfBJGJ6YKiLKvVIZqD82cODj
        WnVdz5x8OqJTV7lAMhE6S0xJ51oSaPRnoF6dwejYS7y/CZTVyd8TK+0y7kzqSKZHfp1Cs3Nkr/m/
        Wth+nmuQDP8kNeQ22htyFf7Q/exFn89JprQPNuytoRPj5DLAAdtmwCfh0O2tkktrBTYKsqsnf83p
        ZsguSZRr1LTovpE089hjEUQYSKMUyX5L7vM9bkW8El9l919vFV6y86NvMv0zBH/87qfX796K2O9Y
        va6HDojoYTeUluLMSj90LXwlzz4yhYmvUrSabKAxa+wru1M1fh2jVmE5xDSpncRWNBv3jMK3BCOk
        HkRd5kupINDO+CVu9y1ZC8VD69SCX2+3/ifabu3XZmm22578Ov7mLZ4H60TbAjwiuZwnnsXQFMo7
        /nwqtk2RqCg1xoUYHUlbwVImlDDKwRJyr1dRsz7NE03E+dXfrpDdGDadccamNI05qNP+9QtefRH2
        Zfaj+0XY5q2wtyD9Syb3g6/V8fPOzSUE4Eeh6BA+RRR7PuIW3gpRongMCILMFRZZSdKjqyCIRgKi
        Q30issGBDruW3m2S2TBIOtI6ay9YmeJuiG4Yrnm1uwnm7qtYtwG6fP32M+zXMsHTD8jvXidgtX79
        RG8gntcbiEzP+93h7ERWZvvypQ/sETleIw5ihMwddmtQz/EmKCip4+KDby1JNXUNFQ2yZ06pDIOi
        Yq0P2arz5eu6D1G1/Fcr/7dgwI9WFnyV9Sb/8Ased3iMnyMvNM90FdvqEhw4UF511lrhAHkDsN0a
        E8FkkwkDIgOKePTDc+rW5qppD3x/1PyyCMNxXweUKZFr/cBJcAKtxb3QnbvMQ0a03Az3Y540t/mI
        f0Z9j3P4B5x/OWb2o9BeTmUtDtrwaZCbQKWrjXhwM9vaT2oU8KENh1V13WS8Ri/VU2gZnZuoQIXr
        GY9rwun5yAjLWhdNmqyxWpkZJ14VZ1YM70f7vhXwpzweWhO/BThfP/into6L8HlwK4VRIcRhc13B
        Bx+Nl4slDgPTuDi5PabGsQQb3BpVErgFTcyFZ1FhYtJq5JWMDNRi1/szRe8UcA4mCNH3sAxed/M6
        +Wdw/xhHfP3gN68C3oLxTwlvB/ZLE4yvFv3Mk7BsluetgjPWhjjW5OJ2dXAtrK2hSUW63INkZ4GY
        FWRFOTBrUDpXznE9HUOk5dz0fMnXySpH8abt2HBbbzndVybuhIP/0kuPefby56v53Xb8/QPRTWfe
        b7nNX2qHXxowklX8Jcn5tS4Jewak5UBmDK9Zhn4q0qVeAnKB+YjiJGgs268daiSOUqZopor7zo21
        gJNYxcPUggfqdkWImQrhSr4DePSEBEAOqD7K95f4FxWDX0t8l7IdexHRfSPiL7Obf0b66ZX0Lnhf
        K7Nfuvw9JWN8U0PXMikiZ0MJ5lUE+mqaZ64s+8CF4AunrjMMcjK+gFROd4gjtkExSSy1ovUNp60m
        5FQQToEeSGptMYq4ZJtMPpuoN4HqfhXs14ni3wk+vRLcDeAncnHOy24j9OvpeWDSPrqfGlUwfD2e
        5mTLATMDRBefwvNw62czCM4Ntbum9a4NJd2Oi3ZtLK01ruR2PF4kjeXURitR4oJlLPgSuhPkoUdu
        B/OT/V3I+4F9Q/wwyFX1PHD3OxDxUE6jThseWTpjeFS9HM20ddTRPdS3F0beEtKm6fpas3PWrexD
        mS6JpuZecSuwQk4htkXZAjySkLEZl7v0MaPOLHkHuFX1AKhV9TCYXRu9xHTc143E83DdbZghxw7l
        Oiqg7RHnwqyxClFeV7Lgp55VskIZE0EhMrtDqdbdKGjqpeIowgsqCgAtIZ98u2ILIKy92mhKSo8z
        /pdFxG8h+kHOByD+gf5j0P5EOk1b259vip4H/SlP1mfWZzYYvAEillPSFW1pwVY22V4dtnZCNtrq
        cGHGo0MIRuB3NtotZfLzeSNGSCWYsHyOlFMLZQ5dpBIs2vQ0rO4x6R+Ftt8I/W49vGX2QUrZlmUa
        +0/UR9KXu8lbql/TODE3WsbxPSmTwChUKgIM8K6vDoFzOlSus8IOOTF1ESJwMpFF+CxZ+8ZO7ZLT
        16fU3FwRrtcKnZws47Ydxs8gdF/lfb8qPvP5OC08cz9ildhJmq9jrYPKLoRIChxPDnBsbTTadgYR
        hQcThdeZF+2uaCq6+YCuS0GF5wPv+/oKYzqqZSYgGmhqgzn2eM6NNvhlwf0/h+6xPcofmLxr3/Ij
        q53t+s6izucpwK293hYvYEySKuNflgvluDJ9FLnaMxEWAb2DLqrZcmyMMpqjXoGC2ET0WVxpwCkU
        7T25Dfi+RzXG4wSKNam9Rra78p49zI8CB18EfrcSvjL6IEWwZRlmT3wPJmnHhIcM0oawqLFJuQr0
        NZZXySmbhKmELJpOWzOg91A6K+vQRlfrfsk3rPfpAVJxmWlbb7i4G4ffGkjs5gbVnZPmlw0P/jl6
        4Yu4738TXtl81Luw3P5Rvl379fO0kMn2gq8npwFaV8MEmCbieujF3129q0z0Q7upzpjkQv4kyuHh
        rIRk6DfhYeDUABU08rSjzim7Wkptt0AeqwML6eyUP66F5T7PeZX43Yr4xumDdPHtO8vYm7Ir2uep
        xHLReISIArmcLaw2NdHH9THFh3UiXZ1Op8/RfjCntG/Bc7db0uT9mLvA0klivNTaGqy0ODJrxcO1
        fkX46nTNGIYPm8cXiG/fsT8L/m7N/JHhByno8PL352mlT9xVOqcH6+ra3ErmDrHFJ+WW7Lj9PkXj
        /qIoyOqCNGf7uEE063gNFRALVtv8yq83GgoVhz3nrJnOulzLKPRoVw5q9/FVo3z5+7tV8crlo/B/
        09/iiW/H2gwVl+axOU8DJtC2YBXR0xFrTQRcTsUXGiJSAlG2s7ABV5Uoahc6105pIl8xviIF/Oxg
        4nqONoDIhWaVrE89HXPK42/H264U73813nL7qPfiPMRt+8wlBKzgEnbJhuKXJwt0k5U6xinuGFOQ
        wHGGkydHlQPwZH9Ad8tRgjC4y/kg5Wi8SogRYeA9t97BBSJL8IXaBHZdXvFz9PgS0r7I+wELyCuf
        D1s+9Gbne3795EgHkPWuY5NF0WETWjgBstp0bGxzYuTaDL0lqIqBsc5YjdKSfRY2FjbGA3GaS6Ns
        vSV0xyMoNhGDDqOnVoNGsjy3rDw/7qSGJngR+mPCHl+YvTsGUtbx/GQ11M245PwClIZfaPZggbQ3
        KerhxADJsKYctEgxRa1YHNRWVhSKuxeFST5TbAMuLLaUNiFpAVsth1iiIAFNtJHN5RrgzlP2i5jv
        AP6F/OOg/qSUWew+MS6NsdOm3u2hFVqJYeI6DjzZh3yokgtMwB5bZLi/NOPpXWlU82moyiwdRn+t
        KDwmri7KFm7KXlpT7RyNxTFDDukgWONwpw/6Lm31Iu0jAep/5PJwpPp1If4cnPpNsT7XrDMnEHhs
        72d0bhl5gcwbtu3wHZ7hTYr7V5hhxqXXLY5la7Vgu129CbaApskY3AiOr6exgQCkLYpNYng0FYQi
        fbzD+bjfJX5noO8Npw+J8n0O6z37HVCya3bM3Z3QsrueP69bqDBc2sgq3g1QJQNEtahIq+wg0i2s
        OBOu7IqvT+N5M/gTM18If9MXKMgAQldsfTsHT+tTCN7xDnwOwj1q+5+p32vz9RPte+0gY3AgJlfZ
        BEyOYxzrLYNb2mzUjuLeyRcnQ8L5Htipsq0rTLfjoNZfWtr5lCtu1Qot/dNJ76TgshlPJUBIlQaj
        HXTHznP510O2XD9ut2+LoF4n6BR29jyAw85EEnmfuloMR7UsoKteKTRtN3TeeL6cBALchNugugLj
        EdTCC6ZsLM6SDvz6ugJxlaMtE0hFxRjjymAnwVCrK5zeZcBvxY2/iPsA4j9j8yEqEP2J9uu4f/L2
        hQ5ryNwhgCYSMQYWK9JHwjxD9VAbPdh0BUYm6XN5PPqHA7rPUADIZ4JLrHZsHETXffbYskpa8+E+
        Eui1fACdZJeeH9VD6k/ei8wP7mV+yutdG5uXPN6Xro6++1wtHBSLVkhSQg7DYVvPBA7uNmF5Xa32
        wiFXMlTqEW8GetA9qj7BVI2z9UEX44880XvZbpAhRJ3WOL2uJTWbGgdopYrZ3+FuXrJvq1c5H0P+
        O/3Hof2bdjKey63hk8zz2mGgfNqCVZUxkUg3hHkN0ilsztsVBUcjLVE4wWf4muLYQ7TN+AFbgRzg
        idZ24FttasdS3pvt9pSzgH3HTuY7dB9wa/md2YfdWv6glK/VQM9VievToGGet+Ny/xKnCGHkHMMr
        YXKVPQnDEvrQYUSVSPnmuLToPcOKTurDgMTROWcPgaQUarctgmX5cNXxiCD1cHS94+ZxlfivIn+I
        Qj6zepc6vk2geaIC9mADwTNqLRUu7JgALowcj0mCywVbhwbi+0szLL+Y4UlzUFoyUWJLqS2QY8eD
        0gNxbuJ+H7HKUcG5nmyPjRCJAqxd7lgUvG9CPgL5N+KPAPk3eSEdvSCdYCL5khHo5GWByeLhUkNY
        vdorYbHyJxCTAEoMsG42lM6GzvOQpfM6gkDIWe1duxwKMGYWl6XkWOSbCbCrV/o9Jv9N4veep75z
        +pjz1FtdMK9FYbvazv2hrNPn3t0PxGL1VwpSiPPqFO8vBGV42TnXy06xQabf0El/8XrWOpegdT4i
        ywZ0Y7XDZV4xoXhqRcxcdlPnvaBR3mHUcYAwQlxE71mT3wjuvwoefBX8sXv8f8HwPXf63MJyGR7a
        +i/Zy89TR3vOdGEFUzWu42RLJesu0EUaLC2qgWphvWL5PbRWJJ7LaUXWt1w4+gawW7fSLkxP5TZX
        9YNAKhPQRlkbhNUSrUgr7A6fFC1iBl/FvB/8H8jfA/VTQZavpgvS2lhHpFI4awfldk01NqVwBkIh
        k5osPo18uKTTolTj5JVtqLy3XL3Q8WWWuqUQMm3gAVplx8AkBjBTD50IJeodbugFpYfhfT+wv8nZ
        45gruhVc6VHvXeCzcb7K4YqedHyPufR8ZqJWIvqLvjtF6h4wsyVr1j+sek2tYeqEcDPKWxxTScCS
        wQifAbmdco6+0vej/E5H/4XLhzj5r/i/jOz169+kBqCncU4wZ9LYX5cRBMA+PKbVCSHcsSOnA9UR
        8Vh3h5hECr2ZnHIuM80jJT221uquZY+znZwkZUfCZuMckCUv91pqg3tH5P4rgM2r0B+kjc/MPkYp
        bZ79JlVsTyt4D3qgoHmReagLbyNl2AGWHADYqva5FP0c2087YHPkQ09CWsYSDgJnuDv9ZGgn+ipL
        G8JQZ6ctLoC3PcOwS9XHe1SxiPpeBSwsPgj29ol555VCu1udWH73FDsiktbVWB8qe8cF6yC5YCnE
        NRkWBhGO71dEeDQzScPlg0prRVIxg5dxeTsOgqgK+9G6XtRDLrBH7S6k2wcSzxeqhzPPX/D8TWac
        qhpzOWhoVrrEVjk5sF5yuzNzug68TfApPjVbKjgPM0d6YF7qZe9uBFXKo2UIWGZKCedM/ni1yCy9
        rnbKUbOuZeo7d4L7bjNuqw8z47cXUy8zNp+DulcGOUEXZ2ApvN5dsFzWKp+GTvvEIQNN9WNXgXlp
        KyNSx5u2tfGqnHO71g9kVARY+pwpoWqjY4OG7nlUUmK4cgwy37FRf4XM/VHSB0B/exG1cPgIzJfP
        eV4Wz4M+zXp1Xllb31w6ih28paqYdvbqMtnAFWOx2xRUSie0S/HLpIjezmCfGeSKH6x6lphg70M5
        zPqH4CApgjkZjEPTU+QU0zug/+S+CvwBGvjM6F2K+B2hssIlwwvgXhv9dE0kY6ct41IcNkLPNX6K
        TLNBOp1QV2Z1HKwC96UL7nXj2sJYyQTqxptznotjG1Hhve5ImqTGuD3H3L0e5z0BshcGHxAWewV8
        59ttVz+zpOKSZhYe6eGp5yiXbgfTTD3Z41e2lwW47yz9oDapN5ORAYRas05OHLPJrexs514YbPL4
        1IwupCZ7e+aMMy14F8USxfO9cAevYj5SSfGG/PECiheoD8ses469Z0KNl4oiUqp00AfXixJXOhB8
        2yk4VYNmm1TecjO4TrC1YZ99MaY3gnK62J5CuL5UTnPbFgGeRyaidNtmOitO3tCz62Z3Ql1+FvNR
        qL+Qvw/q5tmpBPulvRaZ9CLMZH40L/d8REEtldsJcTrsRufUn0/nRuHIdRT4Jk7A1DLFbenEDpRr
        U76UDX9kTmC5TtJrOAt0JnkFkp7hwz2n0RchH80keCV+XyLBl15cT0S4ci9b4TSF60MqCtoUNTvL
        RuKy72DverlQxLQJC4j2aRLA7VaN0iahAE2uZDQHGHNjDwZnsUNOFpi9HoeGqPUdUw53rJLxZwkf
        gPcL5bux/b2RW1CUsYqc+IaiwiVRxnMQMgL1Fb3Uy3djy4fcZKLYEZ4a+Jx3TR92hK/RvLIVDoSy
        GZrDqkTyKsv0LHTXQe0IEVtI2h0W/RW1jwnbfuX2kTHbb3rR+OepYYo61B4pfdxvV8eDXTpLcy+h
        oFzrojG4SJ5YBG42Qb8MIlOdC2fnS0elQ9suLahCACKmQwqRyKSflzkgZ+G027HuZnU93HMa+gZc
        F78D9S5+FOSXJj7LM9wnFipcknPDqSq75gg2GbAyRhJJczG9cDdskUB2pvLDpXGCsSuN0zoB63M1
        86J73E9VxQSgrwb8OriseFoRxnC8gHtxbYR3QPzSg6daRHygOuEr6cMlCVLp2tnT03v762o2U1QZ
        r5IXqVcY2xzD/Lw5VyjqMrK5y1F7p2EUBp3lWZs4Pol589zv3Y7kgfXi3DWswNiAGUd/GVovIBqq
        zF11B8LZi5QPZ/e+Ur8zuVd6y+NYds+9gSCYvtoC27pHqqWLYlweS2CVLzXMpr9V12uw9E1TMZIq
        VrCjvlVXeaypNmZ5Zi+bmXu0B3pnstel+arvnyhrW4BL/7AOu8N3/4BYXXaPXUf8kct77ibk2PMy
        f7BrnyzsbGriJ266veVejdRIlCC2WQAIm2U3uPILYkc5YHPdNOYJVNowGoAk3xiS1p62Yusjisjm
        YrgkKIHNFj7U5Q4D1QC5ogpynE815tyBfv5NVvuzrA/svP+Bx8Pbb7l3nwd1tKsh9Hzi5GXmI291
        6l6blrLLQw95ML+nGLb2ZH+p5uD1TdocC2Bfbi8nrSc7b4LgpkYQg8v71ByzHWsDq0r2K1jrfzkx
        +S1MvfsAtr37DjB/UxR2UrautfiNYa5W1ObUgRuJq6wVVfkjNQj7Kx/odrtEwNkGvMhLwwNpKerL
        L/bJXU9sWA6uiNHbfjraELU6gGKwwt3SS+5D9p1B2IXDh8RgXzB/dRqz/8xk6VPfIKqQ0UGHd5m4
        n+BjKtRKm4dLG2dr3lKc0e0meb/0Fnb9MEyoszJXm4JcpikyxkXeU5znsgp9nFCS18O6ho6xnd3T
        +OMVrs9iPpI1/Yb88fTpV6ireEkSz8qnFnFTsLSu3U72TUIm3cY1pGkI+0SmwtbGU3SVHm38NMpD
        DaKdexalpThmUk7d9WjxazRfphqqRg8bgikV+TAeVgtFj2zuBbuK/RdBH6rdfsvgHSXbC+BPbt7h
        aKXHkhY70iA/cMdZGNkNTUUrwR8ieBmTsgeuUJpEyjWllQjSt7Jo7NMTc5aPWHnx+zSoGgyxryNw
        AFEqMBzItrvTnX7ksSPjQvmuNh0Ltk+urwCdqUOyZI1cTkanWVRGrTaxvMvxgVa6cdoGe/Sw9Bs0
        ZrrXIyvoEUvxNAtb6tszZZlyH5nAxesubnQpDWEne5YWe5p+pxU/VmOxUL6rzuIFW9puX+oAy9Z+
        8lLo5eveXfYMnrF0O5lHG9swfoJjpzmX96uCgRQu9C8eiw8NadRnEYKN8GIMeImegCV9kyecwRjB
        6TQjaVeJuHnwVsgZudOEX1Jg7Vdh37Eafmfy7gXxe1fj5YT+zKOjS9Bn7eIyfrgvO90IMExY18XW
        GCeZuc4YY3syw59ODGJRPZtclLWKUMvIcDzkj36AJYVmI0zVb/vjMvCSntb69SRm2ztt/E1L4qR5
        5AT5D0weP0j+AXwjf2J5EWqjvOsSonllpQ0sm2Hlu4Un6qaJlbC+XS+90o3a3mUnXK5BO44FlBDE
        9dYPyODCblhoM0YeJIQEedHcya3DOZBs4p6DzI+wjfkDtUX/wOPhwqIF+d8ULjEMq14HNi9VGetI
        rqaKskbiWkpTYttoriZsRkY96Ut3zkDwSjm/agOjK+4yL1LkV8OahwUDTAGOOWHDfjzsDvQeVO9p
        eLVg9s6QycLhQ8ImL5gf7bl84lawB0lKqABXtY6g0AMdFEjacsPbDtReIlOizuM4T7XePnRMCTIX
        vDobuZGK8ZXART3PHOFwRgm7U3g7L2fVNcqqnZk7wa4XER/cBL6Qvmv79wrvb7lm9wxMXWajaA6v
        JjC1BbI0z8ieU2p6rtMiP0CmDpHaPoJZMd3EDBlll9oe50YtIZDvTc84RAIbxVcbCy/TdRNkvidC
        d66jr3C96679G5cPuHD/jv8l9oeX+Uxx9mTfkkrLjQ0pmBArovZBFsq0lwxCW13wlbjDnSi4DEua
        Axeh07i09g4Pgr0f9Uzovd3uXAWsA0ZueVLQ4JgE2i7bURUhAeGdPv0zfP0isvsq8juczB9ZfYy3
        Uezwmbfy2EgQPhQRS3ivcZbBFtt8aZbec5YY6O7Sla3Y8w274WohTggsB3FqgyCOiEfNtELWNr2h
        Y+YMLV/QZJ2D0MEUr0mYiY+8CJUdPnIt/5b+8Xv5F7TPdsj5WfXUwEqju1jK2TiurRpts4lFD/UQ
        CuiGTF8Oo4Ip5DJLRvl6BxUXu54pm4L7gs4oNDTGjoZRN5vzlcXWojBRhzoaqNY939PB8wWt1g6j
        Rc6HIytf6N8ZWnlxMs9P71ElKKQ3xfXa9rJXiwpJ4JWtu6BVpQgsGoMQnvc9l7SxnifRSQ8AAl9f
        sj5BL2eiPZ8HpkORdJBSVC/KDa4tpj/P9zTIW/B6dQiPZ/h85fDeJJ996fmnV+ieifesSZLitLwx
        z4S4y+lLjWT0UGDLAJ2lrByWKcfFQPgS85spN3aZcqQkPKn7QAsxQImokS4qLj/Yyzgdic8AohYi
        G8XusO9ikfLzD34E6+/Uj+N8GOInrpgHsexDzxf3LmwwCIRgSL2114c9Au52mZts0TlojGOZVpzl
        XTQDIkE3y/aZMe3DUAggEVjTfkXVq6DHqK4zsHFlWeYdK2Y5xA8sjgvVw+vgk3fc8GR2BROaWzw6
        THbTy3HMATYBr8EMyKAjvkkobPHEFsYTQWzQ+20trHKGKTbnE7g0n/PI2W8OTbSLQ7+yMWBpF7h1
        wDsM9sHd9rt22p93ebTfxOETTRUyuIPDSSNGgqs1buUSuwmD5T5sZa1CNTkayk5XaTlTLNYc3CDs
        gv7k5TwMHM3+uKbZ1HHsDcdzW2S9zfYqPF32fBndi+wn70XKB0z2DfX7TPeTZBdhZ4dPDGvvHZrD
        YH9ekdZ8IlmrmzCPlylavoBcTmWOLlyVYWUZwKGciREqrSsWryRn8dMIulUzMq1zPCvITLeugMvg
        3jLLn43vcAqfsco+y/lAcPsH+odD3K9of5kK9USwcyDb9QTFWvFxBeVtR22HbTv0pZqNoFolmsNh
        8Xi95nhPAF1klNhRZC/olqPocu6EKOLRq7Pxxv006dElR06gYxLW3WZdv4r5MNafyR+H2m+qsmj8
        re1GT80dcfWybbvUbooSsHAIKkjZx5UK3GDQSonGaydFs96vhcxpVwyDHRPzXIQhFSKDz+B7sNQN
        xSdOaahqx6smdlfLret7qlfrL4K6i6APpY28ZfCOjJG3gP++qtbmLPSRi4JEhApEnmEvVWTdflXD
        elAvS2XIHK+wJfH0jJiWeT0ZeVoNdOKMpyyaO07diXI2jdA5hDq93AGYf6zFhL4jGvUWvPdXt77l
        9lFVrl/18hItWfg3T42W8I0SnXXjWnZTB/TLo/J1HMGWUJyilZEf6pwwcPw8rZZC73ki8iHUJ+wy
        jkmrqufQQeetfdYbyL4IvQwEUquzXZk2d5xlvgH4RdiH4iR/ZPKOCMnRH+q4faKrJ6KdwpnbclpP
        vl4eJl3c6RNqcPhhdC78IUGJOeUgoCKjpRCNjs7i35k7sy03kSQMPxBnzI7QJYhVIEDscMcOEvsq
        ePqpKttte6a6q1RleeacvvCFIqr/L4PIJImMrHYUlp0MsInipuIOK8ThAKVa+XUIKGW5HJxLHd8F
        /FngR5L8i+HH0/ujSwItdL+hJ6gx+26y6SaXUETJEUhzztdwn04qHIe2ZooYyvRoTXSHGzFTnMI7
        02HjElGRVxhH5GKu7FKusf6kbs4UT/eA/WgV4CcL/57A/sGmBFRAknQBgYJIxpqeHCC3o1etsHmP
        0dML4eZIYg/KoRjqMuOEpmZiZ384D4qW24YETM65RK/MibtxbXKEr+MGLpYw3DN5NtNvaErw5OW3
        NSX42ozg5RCOsT6QPIhbo3iqCBH18MxO8JrV21BjK1YJB1dJrmfzRhLHaSU3o7vAV0KPtmueiIMI
        gUlqcmR5nQgKiJFTfGSQasOMrhSoOybO4UXn16M06weY/2L/WdqiaIj1mGSP7p59EfZhuKkj1Tl+
        qiNdNaTXmUQZvA3MVLv45LEmWAxp0iplfIdFXBPUj/KSz8Np3Q8mFXCTfQZyc+IQ4lSV54xt8e2O
        hfk3aEUxFM9yP9o3+z/cfK5j9rchkJJh7JMHfpxXO3DWDs5CaQdWFFVnl+UYgF4iXvau5yRDVyPb
        HxGm0XNu2MFmHnuLGSJZk2y97ZWnIiVOartbapasaV6ub3o1AMD9AX990fmBD/O/2H/4o/yvtB9c
        y3bymBRf+IPi0Uq6kgh3WijklFdcaRoSeSNjX7M4gT8KMGqHVHQINsDud2WVFbhzyeMz0FOJdOT6
        HDkdFGlHhDku3dMs/ldkHyxr+9XJpyrcfoX/kuMfmOFT6Cb3B+4gD/vyuC5cQwiyqIQU05YM51AQ
        uIqaGR2MCnaw5kivXkSLG4pBg0jD1bxCIQDOxKrkbnCYtcPYM5rG7+5PNt/AvWTqj+f5n718Ntt/
        52/2QT20TT/+ocUObTj5rWO6y3W5wNPJwnRGO9kWvfO6psnHyy1QDHnvnrrmoLDp4CvAOevhnY/R
        gOSWjlQWV6guOHMTFZg9HNVTf0r4O5aU/4Fy/C7/k6ufd7n97UNmNNE1GR84Wji1XQ6naF+we586
        hCYbH5PmNvR9D9cpIPnR/oICHRY1repJwWXi/XbQ2isIZ9hss57hFYZj1KDDO7OPQCUq3WxI/R2j
        Nbwo/50D9dXjJ8bowbsK+RnTBFFYYL3qmu7iS3pqYolMVIMV7ySAXyLZ4scYdnxzV6lbV41I4143
        GToD3RRn7qDETiUAW5tA29ZJJ1LYMPyuTPbBnYThc7sHRpHVQak/rpPKbtcgirwPCUWVVHqXu6IH
        eUvRwJIaonF1oVYnZnJkDzNpj4vueGhdveb4Elt7qk3N+cqxUZD4AAMUO2g8pgmHNvU9a6IXgf39
        nVO+GX60U8o3sA/vVEOVRnqZ0Nwg9piUrb0LhVqyp1BQ7/c7VRWlCm4GVt0J++PBHkpFP52t8Ah5
        Ze/ffNIPtSxbbh0Ae0rbGXSJSjDnzPfz/XCDmm/2n+xL84N2nzyO9S1FqrC214NOSVvUXI+JQF+E
        lGzSLVAvi1GYAzs3V8Pbtbd98hTlxjV1lbk+CcZNpvnT2teWYC7smR4h+JwPk8gI99zB/INVn3yG
        dJ98lrPWN2MTNeVzqfkjo1vixvwqUjFzrKNRdHSJtfHYMXoxwuais+Qkr7JyX8KB00Wwz5T6Mbyx
        zP5k1MyysvWZaYlh7zHDFnbUdY7Rmtwx8geiu/1L72X4TJT/7OcT0d4Gj69habVzT+zKLfU3mb1i
        lrtgHrqd/b7P0bgfahpB0A6PirGn9yt0noLysFO7tupQu8PIeghMul487YSLDauWjoxnXqXdE+xt
        8PESlifjz1aw/AT5j5TibmV/YVjoKikIFPqoGi7jyuLqBcZA9WLUwLaKByTPvWC0NTwiSrtuuU6H
        zBwSDaNEHJiZkqIujahibuGVPET9rjjc8yb7A9mninF/8vMbynGN54MxEVeUjwx1U5AnwuWDKd1f
        Y0qE1PXSdLMHwjDVgnoA+oqQOudLPxhYCFH5vFl+tk4dfvP6KqYwAM0a/XbtQgG5zb0oGjw/TNd7
        ssyLyLQoPxTq340/HupOEj78XWeZWxKXC5GZOGoMa5wrGCxuKdeiRQRCV5odpURhYREuWqO3psxD
        yqPd+pQGHHAOp46w7o/OTJcApcFVfp0YxWmDO9LJkoQffqt5sv3k+8sTYWssymJ86MX4Gi+J/ogB
        GIz4oKs1xmX2JvAshuYtos4TyykNBWsLGeyrrFIhP1foKg2UNc9cLt3pHYFcNWg0QcRx21scnfMr
        Z91zregTp+lF5Yeuw//L+t5L8A9N/FcLiZ+OhT87gB6BWTDQQnd8KbIWkEx8ECJ5V/IQut7dlO2s
        bSmZ6ZrAG83i7qad6077Yu+xAZ3QimS5TiruustsIps7ytYcKlAeD+T8VihHTfyj70Pwq8g3Kb9u
        /IIY+gjkby81yBfyMYQhgtr4XaPKknlQYLZubE+Gw/MG+EsAQ/KpteqdFAFa3Crk4ezqnWuueXqb
        JHEjRqhz0iYYacWNBQZS5Yj1WrxV5/M9hKO/FN6L99uLzJPlB9kaedC3j2OrF1vEuZOQ8VUy+fnt
        xsLdOc45al/yqlBeodOxPFgjIau1NyRzs0MypbhqUUgpnOBBiCeRMhhOSl/kUe5BZt/ws3sf2+FZ
        4YfYvlh+nO2Dq2jzCNnbll1yyIiYqaqjEe4i1VSjOS5dh+Ua9K1DpynLY4XQGHHDTklDInFbLo2b
        7UsBmReokna2p63BEkkr4QkzSt2D9p462p8NP1BJ+y1OsS/4Y+L0GlwIJ8S65jQJqLAa3DG/Lec0
        IXVwOA7KsaaUfp5JJ+a0U6OEkofnY6oM0QzIwmHCi3YDsH2FJIBzdlvZ7feul1RvxunwXdR7QvNr
        ND79+N3RyDSjkoxftDIYn0/A/vpR4FHz1V7SmGUOwVxmbdfrJ1uwfZK+JuGBvMA7ptJCnJDrTud2
        mNAZmnw5XPuSsy7qyLVnjUKYhGJo3RTBhNgHh1Sn0z6/vbW3GTdj/aS0/ab01/3/d01a/+DhC3LH
        zPVHWzQeJycuI/YaE3aiGfAUFGzKM4fJVa66wMXKxLKxnpcWzoLFdcoNmll3F0jG8kamVAxc8Anz
        WmPF9+4yDh0QiVQDoG+w/kQ7xs+2XnyF7R/60uVTx4kRzsRKWqe0YbWNMhRNCnJIG4P6RldrNjYc
        59EZVi30IghicvV2puT7Jll30oC1hnKAw90GZLocGjQuynz55sVSr+D6yJetV9x8/EvWK0PwJ3oj
        MYV0pqBdefBlG19X8wJJQg4sx80pyUFFQniIHRQO0ltmE4rZcx2yV+izVN/Kkr8uPn7rSWnp21b3
        YiFXyB4COM/+EP87GyS94uODXZJeIf/w4yT0hEcQm0TAaDiwRkHKjcluGwdFp/Ml4c8HXB/p8VSh
        edIsyHHnAoicx1ee03pMpGQi5GThWNgRi0ZDnaEFkdKgNlIfwH7XiZJXHHzkUMlrwMX6lFRN/8Au
        x0+xywQlAMDnm8EP1yiACRODfLFfDlESHVSplI3jui/mAwv6u8mV4tnF+96PJPWSlMmMoXunYnuG
        jGGRNGyba53bm/elvUasqKtnqe9td/wPLu7re/wadj15Odf90KuUlU6A0ARsckhiV7xK2hViQ7y+
        YfvEV6W6DRAwJotl3YlHM2irLlacG4ReJ2uNgiOQB0LF4lRMSuPGHCVQ2VA15biPgO+/in3/Rcr/
        4OTea5Rfg2905fPW9CO7sYFHGBfHUJsAz6m6w7Bbmd5VDG+vNI0z4wMn9TYceDNzORSIjx0DUlYP
        Z1tZ66N5eUpKKVPkLaBpMgMKDQMlSOEzb/aZeQ3b0JXP/+Pvbsj2Dz7u7Mn2GnmzacoHTqrndCOp
        Cd1HlExlt21Om40ItGtlTgFXlYyXWJdDEgVKecZvyOU2wD11GJ04pnBvwhjUMwZhErpxzHyKGDdJ
        Uuxm/+Y57deIjU86PzOhPtvfOZn++FTwZ4/3yKG501d4CRT6OtR1xilxoFRsVp5PRzLbccQYGs3a
        dC3roLgDHi6Yt1g6Yy+NbgCXJ+GEJw1mrAk2gaGX02k60sX+TeY/1H7iWM9PXj59nOcV/o+eWC86
        jPG5wFfa1u3Oh7z2AtQqJmAAz0m/3MKTRpUUxBbQkDPHstcbhuCMcJ9rZF8ZLtEExd4nMMMJ3XKh
        8wKVwfnyEfL3zar/bf+RKfW/aP+JpM5mMSSiOy6rXID2yxHO9kKPN4m+c06KoY1BRaoq32srJp57
        TFhoSxtEz/ZYJwQaRb3pRAlJI6DKKwuW7gxRGJ2AHwB+d07/LxcfTek/YW/qtMimR5fjyxdbUgkN
        WXEkwv3clF1wIbcIFzAPPYLyccg6k75ge3PkOjCnRluZEtChII4Ad/zJ20O3nNlJ0Inxsa5VE8cN
        5Xm7B/lXmXeV4f+3+QfK719D/Qdvv7fTyT8qAeRYQ+6DAElzPpUvnFRI0wR2qnXg6jGN5Va47OZI
        rwde6GKUR4Qh2ZHMCWizZos2/kSgJa/pcrUCU26pb64dXwH30cvv3+Xr94wIXdTxI9NOGskH04DQ
        tnFYbN6PhkL3aOvU0HnhM6qG560T3NLN5s5P1Ggnz2dlC5xI0s++GbMRCnj5WVpOgzpWqC0ZFBI4
        Z/LNPbG/4xc+qf1Q5vkvL78p+bx8TQvqWC7qB25M+hyrulG7z/xYbURF5zNisLyOtSzCxQTdyDVN
        Dr396IE9oJnOatPLFHnbNCWCzO6u+Ho7mgpdi0J7G4+kdppvlwv95oL+7/BFXyWXRf3uncp3uPo9
        w8HWc9E3dZXUox30RRA+tPaEuJ1unJhKMrA7gpelvJKbTYoEPHAowOg8vC+k8602Uu9sAcXpdOHD
        yFEOAseB6ElI0QYbTF/zSYYQG4BfJC5CTdH/cKJKfmifX7S/vyTlLp+/Z6Sey4L+RGnWgbnih4WH
        vK3Us7kk8CNUSESQ9y6MrCe9Z4MRXW3TvTgHgFf2x2y/Cf6EiCwWnUWNOlGgWFAiLl0yGSLTXENT
        7XD9cAJLn1TfXaD1Tm+/Z1zEunjcYADgrqhmopsSpUet3tqttavvfR/qN1BwACFqrZq6LDfxVpNS
        1ND2jGGgVQreNqJU0dpHLxwWrqBh7jKcIfGcpyldfPiBKer33sH0Dy7uu4np77A/uOuzyLWq0s5x
        brMsaqAclpretTVBfhWFcapWpIKEujgH9ZGEtAvYWhzqY8ulF9gW5ndkrzGAYzZ4qpd5fEwnCzZn
        hP/wBHJH0+e/83F/z+e/JS8lq5b0T+nogRM4v3H2fNjrEpKg/Gm39LbfGTvCHV2SUrZGGrmeS7h+
        f+4QE121yhn7HYvJKjC6mlHEynlgCwq4oeFNEdZpPVIYNr15lfjfsrsmT6r6tCg/PX//5ek3Td/W
        E1UjifqHVjOCQnKq82gfEOq0t4GzGPOeMHqTmkIjpJ9BsIk5qz8i2J4jnB3ZHleb8b2dXucCZp04
        wJHVY9sQeQ7BECOWDlJ3nfHhJDQNST88SX5/ceN7XP2e4XhoN3SG6SpI7iISoBOkoYkMvEnjhtag
        s2dUVz1sEENllmtmy+Ajbq1sK0H1SdPujUqTYijZDN/xwaFRKT/MywlvxkZiPvp2fUcz9L9zcXcv
        9J+wM0mb1HFSR6tYX5Losdsauh1nimOCO/QEJYe2T/jWmXGlCgWOP2+bA/C7+pBLZHIhsQqI4XpL
        nH7sIt2r2VZSbihN2qCVXLFR0SDnEByUi1ffMRnEf4ktnsV+bHPjP5x8ZovjP+D/wY2OU+a1Fh4t
        fpNbJ0nK0CHU8pnngYTyQXzP7q1FW8reuq6uBWj81i1+tl/Xs3LJbxPlVI3ScHrSJFVyuE441Pae
        wb95SfzfQ/wN2x3/4fG3bXr8GKNTEyfl4+qtagNxpa4AYAqeqtpTZBfhwgp06+1wG/AC2Fz7iNoH
        ot+PyAYpfr/n5PqoYPa5lYosjhwBLDgzPE0ucSKc8zEyL7Z4R1b6AbB6FvrOcqu/d3BftdVPwIsg
        q5thLCIqDtox6R+HvF3mmenL49G0SaWwMlvo+72ThtTh1K575nrxR+92OytJbKv4DXDSW5TiTFMj
        /hpq85qFeUkWZDxZpq7jddeexoMo3ZOP/pIafJX6Aej/6eKj2J+XoVrfzEWc9MMfykIWe6Zx8KxN
        shccZiPyz/uyzKPrgN9W1pJyDGYIGOeaJNcpbm9lvF25QnQwVIEsYkGQ9UaqAPV4vLAr3KzLPAUy
        +nbZ2w/N6ZPm9rvmT+afX3z9lszz64g8d8lrhoe2bEvjSXF1XbUSGw5nrt/drol+NS0ws9NuwvMq
        7W7FsYgK9bII6BmwVIopXMpptLQ+F0vrs9VwOBAbkIviSqu1ihW49+HhiF4Ev7+F29uOfs9AsFWY
        xHESP24cTG/16Wrf35TRnSmJhFkctdWbU7NhHTK+vTmXJZyz5oY3wskyK5QuK6wlTquE6OUFicGR
        PUlQk/JY01hsIHkGKbd3zAS/4ku+6f3sMHz383tGQcvXoYgeWUd0tQ+zXMGJFuVWpvdnv68baHeq
        iWvNUJu+m0si0QMRTJMKmgiVyQDdXFRPHjBXRvfmOE0AvbFLtwkTyoxM5pok8OZpkr+l177ofX8p
        0T/7ubea6NdRMNZhTCq+bMLwoZ0OsTOzrQeFjI61mXtEJe2Nemvm9eCT0oHfX6rDXuqElOPHYDvO
        leJrcBat9FWrutNFg7olrFjLWruV2styjXK955r8nfloeNGaPWt9f9PDv/dxb//Dn8gLzfDYxpKI
        HB1Mxlbi8XiVSxldQNAMGDC7BLZQCrvWAW0EubTQmYRhYj1GNxfAnAM/q5AuXnTF5swQIIBsGU+M
        Qli6ytxsJL8j4PNmuKOx5K+GdzeW/BXsH2wsebXtWKhV7hhG7i3zt94k6uXaO74pyAC2k018b+yP
        yLGFaEVF2bOjsL5gWf4pBK8SZ+/k0QHCFmAnStUUq2OjTgSA+yl/crXz5OVzjSV/5j+O7eN482q5
        Ith+SGRUkBGgzFLZEYp+yDJ9kTC2MgJis0Jg0MLMFRQg3S/gChKujTLaxbuM64jOKMldNZMhmliL
        jkdpnMs7JtP8Sd0H+D5ZfZSnGH+trXtwDz0snok4GaBAPyly1gBbyK8I3RJUtRJeaA+GTu/t2aC6
        2Exzl4rk8x6nzvEgRx2T0yIqYAM0HG+HeKlkRjqfwgKy3zya/ROi4pvMe7rnvWJ+f9+811AbY/PQ
        q3iK/DIrT4h8cR8NcBdGNleIBwrR++VEVqWRri0jitq0GwOGDvazKhvVQejUDD9X5Wm0C/yyXE98
        qkhbzYqeFgaC8uaxttdoDWPz/pt4/sbBvRfx/AD+h65tJGaCKClI76aRZoZEHl3iRPmCFQUmfUVu
        aV6nQhvRiTyWt91lNYQMPChNVPCy5uwa4Tj2R0BTffLGsA21nltcD503L5r6AesjVzb+sP74dY3/
        zflP1l6FA7MAIU4HBZdcQCUpCLE4cvmgjoUbM9XxEIRXC8OdA8qcg1RQZcuZqL61g560Z8S+Cb3L
        X1VHp3aZi8IyZXRRcLpjS/Ibtt9RevXN1e+rvJKbLHvo2i/PgeqqUmfGbAlXIKHbcUSBZfHs7Rou
        3rncu75+2DCrgo4XDWx2yn4WTmjvE8uyjD1A0wkoEwWtIsMGtTdCdeit8+/IL+WTwA+t/Z4NP7H2
        ewb759Z+rr5JO58DVILb4tTpS84sYD27IBAJ+cwQY8S8qZcgFiwaOmz4VZ0ZnpzFXRQEuMf1g3Bu
        o7SGmNt4MTAWIxSM84e7QjzLPr/2e/byu9Z+3/j/qbpaH6U27oTAqQxON+jqU6HJAgKjnZ/ITzkU
        d1te0hWx7EAI2es3X55tIrSsgRp2UIH02DE18vxwoT0fCM2LjiFxwdkfGIBP1td+c/N76mx/GoKh
        eWQpAhF7SZu3kxpEVOGyRHKMnAmqVnYKyS4re8fItsGz4s1x+aCmqNK0t7YaQKfF10RuFywfNFLi
        kpVcjWXEpdmewemuWfUvakPzkQqEXxx8vPDgO3AmCacHpvQdct319IYwMprM+D5zgWlRKwps2STj
        twI3dD9fB00sdgACHJtVLkWd1oboSKqbKqIYRnfILjLplReYxnPUvtuhb/abeYVW/CTzE4n92fzT
        6Z2dk3o0mqmPHhjfmhlNYoXWOLbfsIt1wgxUkyD5KrqCCZG5dqGPCOPdKFBcN5kMSYHrG8ZyvByR
        rreZYSk0xodNQk7nLQrGg7qHgCi4fw79kjyLHZ7FfiLGfzj5dJybfRAlj4Yf7C3C6YXr8QqC9vlM
        RKeU6QWHv50lW3Hcsm7ckcIJcTzdVsfEPdcCQIndB4U1R31YY1dmAbNLac57XDDcWeKT8SJ9ILmM
        z2I/C//Fyefgq+HzR3CtaR64Q26wvapgeJdjTca0RNkT1mxXnOdAHKsXuQOIZwA5rtwMa9bqXMfo
        uI5c4Aj4FvRTepz9JY+KnZ7C4sq7/b612SA272DevGhsm+YDu+J/2X54J1xtH7xatHele7B2ZEmF
        WzCVB56Tmkt0WHlSN49FxIYFfdWOF64rOnepY5amxSSPXf3ksLaFWuN2hldmbvPCseT9mBMglh3f
        bJP/M6L2gwvEpv3UmvAJ7H9XhP2Jgm2l5XPUA22VHoh8vkjCaYjDsZ/5+aQCEd35O88E9QgruBU6
        PMW8UZdwSVMdsZdh2SCyrVwY2mf8nRPNm8FsV3xL7ymKeeL238Vdn6nZftXh58u2tb6oirGYH7nh
        NURHmPcV8XaqLi2r5JDlk+7hTMxbD8pbwu2dmaVwWLwh6pmnhr2jZdpEUrRtxXMrafLU9OAI4VlF
        VEl9lFBt6VT3jtVL+03jR/a6vtt+fJvLSUK2jpr4ob1YXHE6uppiUS7o22BTB31xU5oOvaq78x7U
        XVf1yDz31nhgFkHca52WHAXCYVG50o5HpqKB3YoCJ5PwK2dHZr7PUC19R7gvSZg8i7yjCct/G9/b
        feX7ju1LMddPDamdgUvi5NsLGf4FeUzB0W5tcimTN1MNlxXwOtBRhjxBgh7Yn/xjMUT5tQZkQBTP
        eesfJKe49dCZ0yEbhM1t5u3EpXWQOnpgOfm6fCMxvdyOb6T0v7ZeqxfJ7V+SlyH9RfI7Co/e4+rL
        k6t3FyD9Ohxmc02extYIqvJxYxCH+3W/CeYtsRez2MNVR0/YBOf4WA7J+Za7p5Kn413YTAPLgFzE
        Trle2BJcBe6lEdazWXshx/Da7EnubasZEb/Qb55I+BXc+FXn8KTzQ+B/sv8EbfeRlCGH3kNUqsOE
        bEKUcjibIQCT6Or006CN2FmCOTTdJzK+9wtGSnz5hlCJm/VXxlKB3ZXH8fqgdVWiWsxFYGwJywY9
        o+6ifPsg3dudVJVkfPmG+UVIgsdm7FJTxDYvyRB5CkqV3ccngWB9ppp2rUGSiAoIpwKnj8pQZDch
        cEq6926+wPkZC5PRGmgtYRh+ZF6l67SlFxvU9bNUvgW1TsavnyPzJLgjV/9sdneWVljza0eytn1c
        9edREXIeuOCJmPMIAQg7BBaZahkW3tpqc1mM6XjiEhAic8hFvKAXZgrGB5uarSsFIkaLOhCrKBVG
        jsBxJ5ma3rFt+g6aX3uHte07iz1/srirtvMbw2/NI59IPtc5PI7mfKpJG+XVFjQ0lUcalnRuw7JR
        jg/yfhWRrFbQ6BwhrE9MA4wluZsPs8W5dew1La8Yl0OwV+PuQMjEzRg5WFotv17eSfNr08cnQvmT
        xju5/mL7CcLPeLWmLKL1gZBpa1GKfJQt20CEXCWcJvJS6jrqVcoVeUUcaRIcjjgaBbYDUEk5h7XX
        pgW/BT7TXp2LQswUettUSZv29kT6G9q+2V/pV1DPlNoXmR/i/MP8k6j1ZGjK+ZHV4Q309EiXeKcK
        HOuhMezMGwuYu+jESaM6OPIpI2W4MRNeqUVswqlNvZANQcW+ia4If+MomKFuO+q87/xLe1ARMMz8
        N4/O/Tet/kXou2vD/87BnZXh34D/1XP2gY1mmyuga9TIGhu4P1luIrIbIc+4S/Hn4bmnkueehsym
        5AvG7K7dgczmRHJcxw2nVF4NHUmdfvFTcqhWBdcrYYISjBbem4fbb/re2172P+3uayr7naoZ9Fky
        PpDpDSbJTPRddeHcq+aufDCzkcZHOqHz84VTWQM5b8NVwTJW9y+OpqBYl+uDb58O0EE+pmeZN+hp
        DPooc26adsLmKoPeG7vji7p7iX61uo+nU9Qo8kVPsuIpzNfHdZUGOKdcYhAEzBEnUJhoISi3E40+
        NJO7sptJEscQBahJb0ZTYSDRqyFVRZtwgLP6zA7geGPrEeg55EjzsjiaPEAnxFshuryI67+Je2d3
        6V+N3tFl+ikkjTGo46CPv8hF2AdPfwp5skEfwXEYsZ3WDL4h9Bf2EF8ScfPP4VbMHn3kZkJD6hmL
        LsjaxiICYYwKzP6uxPuAPxUulrinI47qqSpmADhgjGD7OKZMyOsc66dY+q6r/FnXawhf//2Xl9//
        M71kGZv6hfzx+Vw4/dB7rXDNM0GxOwOWhMJU5ReGAUOITrCD2QAybxoiGbY7h7I6Rgo4bBFchrT2
        E+bcTBGeIwIbvQIAyBaNr6jjKJ3GZWW8vI7vh7CXA+/hGxdY/bfB+26q0pOqedk1kIu6A5FHvY6m
        ErgjrKo9QJxLlzzD2Zp8FM4lI3s1fwBcD00aJjtk4djnBTRvocuc0RoUPSHvDKlzzym/gBOEUXDc
        O8Ou5+yrfnmdXP9dUfmXoteR/frLL8ibr5z9VI9FlXypg+fNxS9fy/Cf8gL6GGYR2DkjIheJ4osX
        +MLXtjKwiFQiqBcggWHSk3tiCHt33UtOT5QwYXbx0gH50YjY1mH1/Q5HFedA5ntCC2zFw+V49/pm
        1X8qG35S9jq71y2+PFl8hOEXJhiD51Z6h7JI6vHLUBdPfxx7DFaKnAmNr66AxYep0+DibWqhUjth
        wzIZi1oE65G9+Yskqhez5LizOEzouWZc9tAMNLv2jqH16422+7gbj2suoXQwtef3Y/0SP4sdujL6
        ReydpP/byZML7EPwRfXlcFv/9UrSx8VzCNj74wEUC3TQCXyflnQS0MdlgWEYQ/Axu0SMAV+BvLOx
        gc/3HCXrDD0fa2Y8k3s8o7ZWMy2VY4S4C3yEHXd065+yO8AXzZfoh9APhPevDj4c7d83rB6H2rcn
        /9jVdZId8xi5PjcLD0Mx8tHAT0SzQ4cLRDRSeqKNtM0dVGCqKzhiajiH6hU8UuCw8DokK93pOlA5
        mO6y1tTVe1B/3336AOTvph/GayTR1L/U3/drOzZZH7T5+ryVVSaPI86UzelKkpepgdRJdXqcOPO7
        kxLlVZCasufMFL2iRLFde1nE7TKJRajvEFLiB7jYL2GbmHtFO/c3cDFT0kLmYOvO6D1ZZfiuOvpZ
        dfCs+gOD8A/e7hiXZrh9gaGn//51I7Av/0ejJeV7BwsyFurBXCIpF5bn9SwiSi8JtEy2KpTpDWPG
        TAjJMmEGsI+oI3dDSzWgWMhvD1YExuPe2Qa0p3YBKg5SrL5ah/hOFm9Tf9cYfvJv3DGyS1H/K+ir
        p7/yv5/Q5bBfa9YwWzSscBUELrxMztA5w41jadoQWbZiyyWDe+GIiVdOTsfV1jn06OPim8kUECzo
        7TjxBB9wjF3hcJSdqY1fS3bvkP+5Kf5+t3dM+s/Ob/8XA4aSU6amV+/YHRt3nxGsp5c+jVuIfxRw
        2NLIdrz5Wdwa0I7LVNZsbKA0YLiZFAnRTjCi9YQLaq2JXyQS4VFmEUDjdn5zwG53cH33cN3j9N7B
        Ion/g8HycjY2ztZg3oADWZH0sgt6HLSTwZ0P3EkcV5/b8TBleYB6gmzNt9SEstsj5pREusY0b3n+
        rbmYjI6KBH0BAVq7HhXq7cEiiXdzff9g3eH0HYP1bTSotj009ZjcxsdNWKl0APoqkNNE3Kw8yG4e
        vDvvh2IGB62/XKQoVTJYjEixPF99uWgbsrxEgX+eMHsUsWMXbpcIsc3Lxssc4VSD7lJs9voofCMS
        tG30Q9VreF//9TsmkW/c6ClNk3543K5hKyOHvA103RHBFpPddcX0LHFKj0OGLL2AbW2fZrpbFK7H
        IzfbHVyldnzn1quqImekzcccTTY0wPLIecFOcmaqCfCP0MIfkt4g9v2n79gh/Ibr0JRl8vW0x+Pi
        DGWiC4mDJh3brYz7PZCxLG1NXIIUkVrLQVmx+T5PoyusmV4Yrs7kZzmWVhWyDgfZ7Dv5vBAjambm
        egRsuQXOISAv/4Qs+iHrPYH208/fH2k/oXv6dx1NfZ/UD3xat7Ek9m4LeaDlHmQAndGRtYBSXIFw
        vkiKVTVtDS9JCwbIHm5tTdrFNzomzJ1Tl+dObzIghgMwN4ZMHyquFmnJ1OTzOyl+ib4rfNeT+6rl
        HU/xz2zFqprGZ0Qg/KhnmnWlguGGQ+47kH7pfYzzhGkfOASgYadDxjKHaznYQ6KneaNCHBC7yckY
        TjpV2q7YQMSVP4LbDCALHCBThADX280I3o22+CHw7Sf8VcMv8Puf96pt6qex+FotRNV1MwbP3h6Y
        Ma2bd0Y53lLH7biTUyOuPYOLd0DDzsSJVDIrGINRVBDhpoxMXEYzR6WALXaYmu4j5nRkjwcoMPQZ
        vJF7UvdyGvPaNvtHut9VVi8qg79UviuJ/q31XXm1HppHvmwyAtOLt6K7wjmEVsQ1lxwbcckWnGZl
        t+8zo2uLUiamra2M9JZaeJ2RdqSNDtYNzHBmhMKcCVGz92bF4CdwZktNkd+A+iLpfY//00/f9er3
        6trzeZAe861FsMm2i7xS2IVK7cI1VhAcrvO7ngAcm+1Z5GKdlIur9/1V5mzRkZukd0f3KTeQUCvM
        DH25NTzW81CL0JaAFq4+7P6mG8p/rgF/VvY6vNdXjS8W72L4V9O44esptMcFn2/llhp3VcDjxyvq
        xiF5K/CruJ49isK02lRK4QZX09730G7GWFmMpbCWweAa8oFUIHqtWE7gD9SAwv28cXGymBck+0eM
        P4l7OTz2njD8L6M7AvKH6U///nre6XGZMhEFnZULjznPw8lsTjIJn7mry7KeaxmWiXAIOcIG3yez
        02lA0nLxQkLGSrmiZLqq0IusqyecytZsv3NLvjggfKa+n+uPf7/ofE+u/Cf792fLn2i/9KKyk/55
        L1ys0+ZxQdxUB47Alu2MnpFDInZXhiir6pac/JEXrGrLuJN2Se1AHdau1QmiBY+Bv52C+rTAA4o2
        Q0OFeNa1dTRcioTYAaulCef3wk6fZM5fZRZPMu8N5/8w/1hgG+MTweeDfA+cp+hCyKA5G2MUB5nT
        /jKPwQFOJL11/FsPZdE5JjCUovkdX89GmeKtevWQaY0xpDqpx0atpLlulQvEYePUGHAbRObiLe+l
        PDwrHJ8UvmvaetXynlnsh/3L7YAPfKWyrPl6TA3veDoRNxzZxccMsVdHM/ROtGnI38XhRRhGeKsW
        093wQ+Q+/ZZz9HYqsjRUYTndralfiAFrJUNal2CGsyv1Xqzjk7h3vVj9p9Edr1e/wHwah6J+4ITW
        D0s6Qyl46K75juwp3CAThVSSJtoQFAOSij+MJoeWN83bExxQVZWV1MQY1lBWKoR2mkvpHO5DjfLw
        ZD/t0kwzr9K7o3R8kXf3lPbV7J5Jba2Dqoi+6C+7VQ986A3FLmAWnFPHogbQ8aSc3QNdaRBSJ0Ge
        ndelCQnnsSfbk0iRnouWy4pO2qlZamaJPdGg44riQCRvSlYsY7slcSf453nsq7RvG3Hve9p/Mbnj
        MefLJvzaCeahX7avXmzHSIpoVMzxYblxw8Ji+VWhlCMt6dWQBoiLyzxCRQ4LRzsQG6HWCxJYJufU
        x28zi9QSqO+PbT+aDUXAqiE44j9CzH4W9h6EPwze9+X6NYBfDkGZPFdoPTBb8lZJ/7u381py1IjC
        8AOpaokiXCIQOYNEuCODyEkIqvzunrDr9drrWWls+WZEqfip+T8dupvTp5sp1hwble0zIuxIQBed
        3R6jmobO7UDre1tmp7heuwSQ9yCowLKwulk9xaQL6/BZK2sx3kcYzu+tgIaNSIZClrob5Zfoq8W7
        2syfSx9oOYVmSoYgestEU+PaRADyrLUruR9FXiEc96YFASJph8BBndqR4s5ZFlejWKPaJZ53GXMG
        O5QSip18Sk9tpkilGUTVxTiKMUxx2NXbrtElN9iyb/36w3az+JO54Lu5vyL9hegL8st1K99gas8L
        S6S/BPz1ZuhMZ2meQF9OrT3Wbb+fMUOkWPMk2FliA2jWlywUBpfQqkOoXKzbkSIovmrTPoskMVKI
        Oc6KxFTzQNzT2Yf07hpoFg+MJ/+vOh+Pb+K1Lc4kWMxoIXEQtC/CMh+4nYVcDjVBdaS2tCdq0/at
        zlBONIAWuxhsDfIXhXDKo++04HaV7VWuw6tdOlDoZj9n9Xhhz2creb4zfH3qeXbpH7IcFcq0m7lo
        d3PVXItdXpqqqXlLAJVrdfWCPI/kEuWt9hxXu9vNZs/JufK0VF4GRhdqrhrBmulDJR+2gOgbR7dj
        6hcI0xdjd1T+/Si4u/DvZwC/r2R/Yo+CGVoIu6wc5Xh4jNBKiEQeJRtRhfnzTqORlGeyUT6Ph/Oh
        RDw0Z6lGO3CbCFenGadXhmFbUjg4pTU2YWljwmFZCmW5m+X31eh3dSn/oH2kT9G+6EWXVEWTPDFT
        DHEHeOLrEOjNjWYx1cV3kHzCAEHSJ8KQaiznJ/xcrxPQVhniisKymJu6xCkHZlKmb6otXMBEY0vs
        1J354awwgwf+imr31dddueE/nf9ANvi1DPp5sbhnwl44dSPTgTGbTuu0zUodgW2ixMZyiXTg6NzG
        chQ2YIHsiDVLH1klaQP1vvBYpT4uuuUsu1499wyuiwRBihsffkitevFzT9y9nnd/jMmvZx9vb+3n
        cyckdU4qhxgucw6lm2oVl9uyBI5TWIXDqgeuytyr2CUaeKPdwSdIjRkMbLocHQsotd4nuOWonSh7
        kqatgxIzqz01jarsV8S+JO/e7p2V/LPmsanJN5LGnAzrKw8AfdbSBa8BnNRLSLM109qSr6cJFpNB
        Bw82x60l7ZeGnrWX4JZtLKyCrd7uACo/ELardTEdqdXAIWdzGoN6kuB5Gzsk6s3zLyPvS/+jszso
        /qH4gv5y8cI7w69vvH/eVMTIiJ7YcZOd3XYwQq3zPplv3L6mXCcumRDdheDAgHQQggrUGhbJg7zL
        6UMhRX3nzoXI2Gc8tTsg3qUKI9bNgI3q9cPeuH5zdM8UxPuZ9089vNYeO0lotVGZTOP3w287cTyP
        ItvP8iUOAZBOlD6E9jOp3zB7aVa2QkDM2SbJmbFRkqJ96eieEnfF/sAey/i2cW2ReGxHnspx5Rax
        oRdUkqhTKl6GDyOwefG6JOH47vX7YffV6z18f3WNB8jPdTK8JoPOSTS1z6x7MQy70u0KxESgKJhQ
        pIuk81EeAA7nITCTE6qhx9ZcoBMI83tbPgk2fmsQrmE6knJ1qxJPzMqO6OxcnCBVXcwZqPZifEj6
        m7frq7f7CmB+1DxSCfO2t9r7tPjzOp4wdncEmEhXMlQxCVV3MY5rQVNKPNdgNI9DUIClkdYpxgyz
        UdkB7ITKQOmQztbw3WqCqkldxXnaNIVX1erAXW/G9iHE9s1W/Wrrnj7nT6ff392YSVol0XOzYZJS
        UGzr4EoqcgHZMKwapfOO7Y5xwXdOZkcWzMdKx1wncgwkZAU4lFu6QV+3/sLypGoHnG4kjsqfdgVT
        MYJ8IbHgQ3LDm6t7U2HvZz+WBzO/a4518cTSIRgmWA68yJGw2Gdx3QhaZqU5OfeGhGCUGmwnJWi4
        QORLDSyiSyGsneTgnuzIghPkq1DG+V7B6zMci0lXVfJKQZaU3QfvS1IXd9UM/Sh5oFjoLxi/CDKX
        NMnw5PTsnpwOY0WVJI4gqisPJ3FYVP+4hQoVzUSJoKjmtbsltc5rFmU+WWWHmBM2HmiGDJG93I2S
        tVmvdkRMe4BjULMAgeYRpl+KKnv1eXe29h/0DyZv/0pbLrJ8WpKXv08M4DaIzzxnKaNd+yPFEhhq
        eCo0QcbmX4Rolk5IBVtk5GsLEzNzotpD30OrecHLlk0F7thI3YSpl05GBm0z8xEdVi2jHoFd/WHz
        U8H8Xf7JwH7dJO3JT0WDWA4ig5QHYX/AITgwZ5TpLKHgzWnAjCr1LWMMwdzjB4b2NdOl2YuRtkXX
        wnKgnPjWJgvogF9wpUmDo+QwbM0a6p1N7PsucHc/Gv1V+ODz0Z/AKskUvFbcANAX7DlYaY2GgoIS
        L3RL7bkDuzMkGZ7l/nhIFlQc6dKoW14KVcSuNF8K4FSStz3dFaYhMRtojpR25Maz1GvMPmzr0e0B
        1LLvxVr/yd4DUL/JvrzIHkb6f+Tf9qYrTMa2p0b0psKAd2JucTceSyW/LkiCBeo1Yd1Tg/IVMMeq
        Tat5I3VEZZNpEyEvJ3FSDoVBUO7p9trNxsnlqUq4t0F4LPn2XfipzNufwNov7P6PhgCfsbmSIz9c
        b4c914ONUhrTFMUH+7bHi3BbdqigucfU3I2uZ7T89eLsZVte1YHQYPgkKEPvhVEuGmLTjmjStt7m
        iffCffXw6cbgVfy5BuG9ZGn840gJmheCw/MgA9sQ6WXpxH4toCwJZzJg63OtkwR1ZmbAuQ0IbYmc
        YexcFVtC04/W1JLOrd5CeFGFSKENYESbvSg03KIqbdXnFvELyN9Mfjuq303eB/kfxA9AfnbZgTin
        RgFedQO8cQ0VbSaEUCc2q5j17E2o1DcbRPlBIfn7HSfQPQhACg/UGpBQIj8BNe9A20U6iDFenmHM
        Gm5xTOXF8gHSR8oNHi4z+IrrbXqtqJLBekcxfjk1Y5Amz8up+DkxEW3fVmbABuS11vw0Nmqgl5JL
        3G+gSJYD3sLs/EI6aXnkIENHzS06yVlKZ5JtSNS3y2EdWIhMuZmt1LDWu7swfom+Wh2/WZ3frN6T
        UvnFJe7PqHzF/r+MuLLZAWcJTJt9GokiNIln14txAMr37K5LAmjAWdnSNiAlrvqxD03Yp8pmNpmr
        bRD6RhUVc020m3qx0gGk+VQwUrYksntIP9jCvqs+N9b6quWDJq6eOSTQpMI6qThT207ihUi1hyj8
        6AWJqjTX23KEUdKb/A1f29ZGM83Pa/siNCghZda4wCVcebGc2ZIqLoAvpNaxWhjznN0FM3+1dudg
        4M+Sh4YBX4VvxR1t994YPBPnfIXWxu0LRSLqDuIU5ML0Os2qGJaI+2Xvqm0dSLDL7OyZHlrVllku
        8XcOXR+U6MCsNiu1M6JjkYmJgDEGPdPhKWfcg7N4t/j+3z6G9Qfpf4D32/evlchD/e1JG3wO8dzR
        c/EWoXvEpAPCh0mNhI51+oJV4F3I52GKkLHKM85WIG3lDDMpNVipcgwhQPG8TTdM0U9mMCLj2ktE
        6ebs2ay5K4D/gu3b98WPrj/7I/z9aq+zMI/9Ll/z3E+M91Xhd0oab/xlhfAKlo5WoxcsHC89bu9u
        cmOJwYCP1VrUVHnKgcweLBI4Gdp0xW/BMJYiDLiMpV5TmdMOhn6RcT3g74r35t3bQ4H+VfNAhP+x
        JQYVRck4vi4uHtrqefMFV4c4tj1oK+u2v1IcgEUJSiA3gNYJJM1q1BKTvU7YITT5QRtGV30IlaOM
        DzkPMWY8eGEYYix47RGt2moJ1MulHPcfjm/Hbw6DN4fRu8N7Zg1+rrx/7uAfthupsvbl27x+YtQ6
        UBnDHlF7Fp1FyEm2KR/MNR2OrZjbe8H8whckSBsESjNSYaWzKAcqNo01tUHMblalNAg1jBnvBlmR
        rcWuCPPkmt1F+cetPr55vSuKf3GNz0T1D+TpJnteYDscMuDH9XJKSFrRWWvEwmndx+2pt3c92YUC
        AeaVurWwVeqlj57t2S8559J1OC4eiN0cyCjD6mZ8GClvx7hIfJBI+L7A/gFX1GQPxfZfxf82vOnx
        iXtNrRpc7tudv2MK1jxcrwfyGpsmxfEFFtYgrJCa46Z0bxASeLoxiNNGyHg18sRPQ1xv7SM7giUX
        RBoobJvijCGmlEm7fALy2H0+oKPxnv2mPoT89sKQpy59gJijc/H9aiWDl4DGySu79IG2LwOtEvb9
        DgH2+zavewCPO2Zl0oiovAT3zjfx5O8VFlCn8HXTRNZsIXRVUO3Yksea+QTp5NXpnasgPrjCQwsi
        fs5c65LGGp84C3zVvBUXr6Q0ckgVw7k8gVx7NGMCtvwCPSTVELryIpAre/BcvOzC64l2vBZN1uRa
        ong0i65P+vKZGlZKjSK88HAo+EQL0r4YHce75oU/usADM8U/B66X0RMLF2zOcPdQdus8REIETBar
        IyxT6XSuBKUXUzA6cPmGER5BXi4lIov0AbOGpWB2ngqlZZ/Uh6vDjTvusiriXFZYjGXtajxOuyuj
        u0oY/lH9QDHDTzn/L4l5PGSE9cyqMnCTEpa/5G14ooze6sSe9GytC48jVpswghwnELLsg+KqVASc
        dwcFixePi8h9ds4BP90VZ9fZLkh9JBjnEwOSx3L0P73Gp9L1Pyfv7kGSToapSIsomJ7Jf4LtesY8
        WJ1EeK5Bc4rmXMf9WFVv7jE71bCYtBQAqtdKuVC5RDcKpLogbjMVAqNofe4Q44TJ+jG3Ed6eeGhm
        ccH7RHN+e3Ec/eH43/wKP17pP/gt6ic+9RSw2GAD55oYIoKbUFZCzZklI4gyGkJqqlvHUDjzh6pv
        hRCCq9QViowOGbNjauG4LVYLXKHTfgUGT4w337NW2rl9Zjx+qx978PmL+DPPPnoy1MU4PncvETKL
        15ky85OJ87tuT1/W0wHY9BIH3HlClpOlE6poHLDCHwgZcU+urcStnJypjFTRoWeJVuiOuNLFPR8z
        vIG7mZiA9/Ht3v3du4vIX3WP7R/ynepQNFHRBdXrtvhxuzyR7QnH+dR0K7/SEsGNAcBrL5jYlATl
        VmFSjCnU9lA77vKbxp2bmdtVnJVyvb3Y/qHVTJbFLgDY47wrVETULwYZnLj+vo6y+8Pl8ubyQcJ/
        UT/A2U5u0/8wyD4UQraTnMBiNMHeEuzCGWtzyzC0CSh96jn+sDCDHNBTcRuDfSgVJhF3usZTeJYg
        NCiKRrGJx92Ylhu0nHcHSqI8/8NWeXox9tCY+lXwiSH0DwC/0G2c6EH2zDUiFrgcT4UUyVezKtmT
        GwXEXLTQydiHnrF5mVZr0kT3wcGgEc4kKfGSo0g7RQoCC9xIrdcgZu2AUhZSGGosttDjNW2yu1F+
        eflIuiC7b7nIT6WPrBz5Ae//MiflnRUJPEwAhSJmvRSb2PownBRwUw95G2ZJ4S3sRqMepe6aOSFM
        FosvLqO0GXiim104JIPReuc1sHZZvpI6oJzOUX1/qD44M/WD9lPzUz8Qfqtdf17suhnKoUITF2jc
        61AxU4ViLV3hWHvUz/LNxFBUm0aTroEaqA4KR8SnQy6fVTyXa0JVB9U2dwUXjjmt28twvfl6VaP3
        x+5bpfnDYfumejBizSSbq2D4XxbzmJ0NM9ROxjAwOkwQO47CkaQprpPZmNXnPDngndxJXYP5rhqu
        +IU5mglxCgA1gW9cschnDha1fiuK4ExzTNvsR4mlfgl1eLf44JqeP0s/tbTHzockeG5ndS5PFlhq
        h+iUIs5Sg7YVDsmVYXzsUCm7EODNIuhM1rkoew1ULVC+FhyYVVLNSrs815kYctnEik8QV1dyHsJ0
        e+6Ej1uAV1N3d1SvJz/YSf0hofOgaZLqif2TcuRBTAUHgatNG5U1yYAP9UkDhVt6rQUP0IN2tvod
        wxrljMOaTES3dCEckpy5zqbZFL7eYIOXTStHcLSwFCQYY5u6i96X6N3dfV3TX1WP9Ep/aO1gLJ94
        b8uhdZOOsXbKzwlxSLYDQM4ax3XdtGv8FEugM7su2BVhVKzqi6kGNauBZ1fR4kkHFcRBCyXqo+Ja
        wyJ2yvpiWRq3uBPm9GLtvnv6B8ln7uV3jH/q3p9X3ONY0sme5Fw3iayqNsHR4BtWoVVNCWm4KlRh
        V6tLFSNqHJi2cSU0RC2MJTaOMl0U0ImFRxh+N8pxHtR0wTe71D5BjxD9Uyd9T13PP6vvL+n5K2c9
        GIKqeuY6nyi8HFSfT4GrQadRnG83vGzGYs1aWspuMlH7WtJGrt/sMyen440Xeiz0VMlxQZkSacfT
        8TAe0fUgER2IeaUOtgGYPUK5e/N436Kfn2sfWQH0nfD70fPIanwd2jt/A7G9KgkC4PMRT7oaFB9n
        mRMgGS7x2RvHHUlDF/lm02Rp+/68nbTV5YPVLHdxOpF0waSIABg+OBGitB6MO8m+HT1I9O3ofpLn
        oJoTe37qiyoiVT5eDy4SY4pimH6CWAqrzuU5LCaGOnZnX4PwPgABmOVvPu7hesea3YDVMAbtXU8B
        Js/zUvCwc1ZenS+9sBDyvHwYnddXV9Pc3bd96Nez73t5xFdubl19Md9eSuwMxfTMwl1u6AZq54Pm
        yQ1MVMWBxMGhCzRkSnNsjucqKwqU5PyVutg8PleF0gzaCeFV9jBg6ZE50CItxNVZ7cmcDwPGxGDI
        PXzUgr7l44Y3b8uLt/vqdX/UPFKm+0rSZdporp+6nfV+E0GXuVFCRhTrbkIDpTGoGVT6c9iv17Q9
        nStoZc4YdItb5Dzl6L6lYLb10E4vbx7F71OiuHW13bvJUVgDcn8DA9r4FcZb/Grszl2svwse2rz6
        DWBdPR9hJRLU7Vq6OGfcOhrjWDo5XAg7986rEW03eJcCkcOLJ2K6WLiXChh9xcK2wcHL+ZiNMF2w
        YV0rREheoNY/38DYEmBn+SXCunoYYl19EuPrxZ4H8AqJxt462o0xj31tIeZiTSx+XQxEBuGiFrZq
        txuTpZ5g5MytWXED0e7I71j6Aq1OuNtQjtmkoroMkIM76XW4gd6S/fJWvr1+dze615M/Ae3/uIUv
        C9ny/FE4O3uk5j1SzwYjIAm3hQUf9C9DF2t2PV3LnXnN0KnH4zWub7Han67i3lsuTJ83+L4+uM40
        OZdCyh19j8i/voVfv/vEjfwqu+t2fvl4/fPb71BLAwQUAAAACAAkkK1Qm0fQ75UAAADgAAAAGgAA
        AEVjaG9Cb3QucnVudGltZWNvbmZpZy5qc29uVY3NCgIxDITvgu9QepaCHr0te/DkD+wTLCWVIm1C
        mlVE9t1N1+3BS0JmMt98thtjLE9ZYoIrScRc7NEsshoSkl42g3hkGIkObm93qxl4TPBCfrTAomYV
        a+YcPWPBIK4rdAHpFeA6Io231ydw0cL6rVwl/5y5FXjMId5vjAQsEcpfz/AuAsmdejcAK0lN4QlW
        hK465i9QSwMEFAAAAAgAJJCtUOkTJ7OnAQAAVAQAAAsAAABFY2hvQm90LnNsbq2SQW+bMBTHz0Xi
        OyB26aTasgM2cNjBgN0dtilatN1JcDJPDo7ATKvSfPcaJaRNm1ZV29t7//f3ez/ew/e+q0VrOrO0
        wW/V9ZUOZravlQlmRvdWmSYQSsurQJh2XTmPbLtBxBOIkO99evQIE9/bK3thtH9xFYjgJI1QAjFN
        h7GNWvfrZ8zImWM0wRnEvjdtzV+5sJfhNmM4wygSAFORgJjSFOScxMDpPGGxSAihu/Cz6xDyxR+T
        GxteHUO46Dau06BsGSU5cb0ASgUFccJKwBDPAMmKCStJHpdRugt9jzf1YbrvXWszr7TvXeyDmRMd
        7eW4p8I0S7Xq22pIprqyS7exbmDZtHI0udcXpZz3q1vW3ATF9Jcrn+SD4afUsurkA8uo3Jsc2AnG
        E6wD9gtUprMPsV63E3hCC5kb9k8Wy9Xj73hzx7xXuoboHf3ul/WU8VD7gK4HzrcdZ9y7O9JGtlbJ
        c//JV1Uf8x+mls4h2LcZf80A/t/KplNzpZW92ZfOHn2Mr3tVu/KW40gwmuWApVEJYiwKkFPmUkyi
        nMcsFUm6OwtwVHzvDlBLAwQUAAAAAAAkkK1QAAAAAAAAAAAAAAAAEgAAAFBvc3REZXBsb3lTY3Jp
        cHRzL1BLAwQUAAAACAAkkK1Q4M95uJEAAADcAAAALQAAAFBvc3REZXBsb3lTY3JpcHRzL2dpdGh1
        YlByb2plY3QuanNvbi50ZW1wbGF0ZW2MMQ+CMBBGdxP+w6WzkZ0NDIODLpg4klpOOBXa9K6YSPjv
        Kulgouv73vumZAWgBt2jykBNp7Koq92xrA/5vpzVelkbZOPJCdnhjwT5M3iEwgpU6EcyCFvbYGw7
        26PT7fLeiTjO0rQl6cJ5Y2wfJedp1PJxLvrOGEvNNTEH5DcXH76w8/aKRn6HB90owmQ1vwBQSwME
        FAAAAAgAJJCtUFrTF2zcAAAADgIAACgAAABQb3N0RGVwbG95U2NyaXB0cy9JbmNsdWRlU291cmNl
        cy50YXJnZXRztZJPa8MwDMXvg30Hk2MOUdluIy2MFUYvW9mfWy+Jo1EXOxKW3C3fft6W0sB6bG+W
        9Xg/PaR6HWmHVs1X8L3Mi60q3wGI3WJopArORhL60MpSgA736IkxQpA2Od/BzWx2Wyyur4ypV4rh
        MVLi3zJ/PFBg59G8c9cozouy3JSVlT/5qODhjZ6TctKli3kMisPi3n82g9Rwsnswh9H9UD9Rj2bV
        W5+6I4pztsKch5cBU9gx1ppEl8iehlcbHatkdHkx6gsG2mdq6/rNNCWcVFG7+6f6sZ3uqobxBPL7
        G1BLAwQUAAAACAAkkK1QqPPJVpQCAAB1BwAAIgAAAFBvc3REZXBsb3lTY3JpcHRzL21lcmdlU2V0
        dGluZ3MuanOdVV1v0zAUfZ+0/2DtpY4I3rontBIkEAVtD22lVOKhjVCXOMMlc0rsdK2q/Heu7Thx
        EhUGfpgW33PPPffDt3HOhUSpQAEq6K+SFRSPUjHyJpcXxrTbyB+uUX075s1uF1IpGX9aGKCyk4KK
        PNsDmlwDQBiAIFuRc8eX8v0ZJwImDbTQmsLI3CRh/fmFZRR3JfiWthNHxSjymAqhqMHi2GabZ6qI
        549bGkvykx4Fhmvv8gLBISnLJC1wWvJYspzjg3cCDbIsODoQxhN6mKf46uNiEU6Xy/vZ1+9XHgqC
        AN1Mqv+m+Db9FN4vp4rqPRChqlvwphiNfCheUsa0DRGXhY8gFQ81oU6EEH29gnsiykchC6DB47EX
        3SkmdR9Vk8pHp8otPqcvbUhNY9vhI/hwFFXaq9wlG0lf0yPf5TYhbQa6z59zOeV7nAIFJGKqaTRJ
        epAgJhVE4VSM8MhjjfTRqJTp23d6gFqPjHHVZu1JxC5jEl+v1sWaR9cW2J815XOmtspUa6qPfS6F
        tJ51lFFglNSHpQhrFMkof4Lx/xCg24apy8aht0Cm4ZoNZNz4aGz42gOKVgobNeBtzng/ctX8W4+E
        8qvtTtNbe1MKuK/c5rz+Eaq8bNbQLHpgQgrVqp6H1yCd8A/hfEYgH0Gx2+ihd9tylUKd67nAVtow
        ojt0FtYnbF5TNSgKE7M8oQ/hosjVJsEmQOvSldHfeYwJDu7k+JxBGgPyf3lUtm2d6g/UDadXLYz+
        JrRctg6DB6Wc/rh/jF+v0CtYHBaD3iCYVPhrY+lFFLmTC0srchSoUr4UTNJmHmzuWpUd/zX82sBc
        Ux7nCfDe2SmpmqYimgnaShwS94tsZtJsTpYecbsJeZllPrr9S0Dd1t9QSwMEFAAAAAgAJJCtUPae
        r4xBAwAAxggAACAAAABQb3N0RGVwbG95U2NyaXB0cy9wcmVwYXJlU3JjLmNtZKVWbW/TMBD+Hin/
        4RQpGiCSAF+QKgUxRKGVYI2Wjn2JNKWJ0xmS2LIduvH22znnpU7abYD4ssXn83PPPfbd9TXJrhmw
        orAtSVTJsrS0rXi+Bp5KuWMiD93nnYHccCZUTJSi9VaG7ovOLAhnZ2lFQimyc/w21gtRhgUtySwI
        Anex+jh/e778NJ/9evb0udsZotP1YvYLV5IqErgDlNth5GxXlyzNww1THqLblm21bN0e3dUWQSrI
        SUkUAS7IV8oaCd8oBx0ZaAFpfWtbvJHXObQx3UQHsy3cIjdUKnCHOK6P5zTWgQmPM54PsbIcFMNQ
        7DPJFAjG1ADv+8lut9OWwZfWVMGW4hplLfUXmibLjNUF3UIjifBrTB0cTLYQ+IXaf3Hu8SRVSktw
        GkXL12N/P2PV+EyaI6sJRlXhP68Ch6OGqSA6lyFZkKwRGRkDYBJMkRanv14j/l4Wk2rDpRIkre4U
        vPqSUzHAYIw95EQdTc/bILMpvMZDribCseYGRW8hCr5nb/Df069SqYg4uNKS1WTwuIO7ge5cjQaj
        lzJ5iX536flovwcRFXgCvKJ1MTTa6oN49eFivVydXZ2dfpyHtlUwAUEBDqLSSoYOuG6KGsGjEy1l
        sIEnvizrk8d4hfD6GAC9NfKMN5u+bG1L3XICEZPqLeElu40zQbmSCbqUVF5Hgum68W+q0lek4mWK
        yfwASXLwUKEg+X45f3MVL9fzNkLyM3DRoNfG6AZbeDWWLzEiJHe4e5dk43VsfKSBof/E0s+q/B56
        gwB7eoNhoDZ1jy7efFjGi6vofPVu+UEf8JMk+TuWR1incXy5On+row7N8yEtxtn8KeOh6/73xTzE
        1WwPRxereG3gjO0AbbFeR61d++0X//oO/Giaq2115WHa/nQCtd2fYnUc2h0IQ3Ac2DLF9CjoK/oe
        Kj34SQcCKecge6STvmZnp1F0hRNpvTx7H49rdobofX8SpO2m12Q/fGxrP/Qw6ks0458U0iMeZtLc
        p9YT06lIWje8bUVSNUVx3Acf7DPHShy4P9CwzHge3Uudtz8Z9Hcr92y+eqcXE8kGifOm4ocC1ywn
        Yz5DGslxLVREbMm+Ej7jA8EBrrAN2tZvUEsDBBQAAAAIACSQrVDva091dgAAAHsAAAAmAAAAUG9z
        dERlcGxveVNjcmlwdHMvcHVibGlzaC5jbWQudGVtcGxhdGUli90KgjAUgO8He4e9QC8QeKFYNFju
        4JIuJfFUg+XknI0I8d1Luv1+pvzApAg5RUIpXjxkH0a1OGu6i7ZN35Tnw6p2877GOcSPnaotKBJl
        3CjkIXh+AsW7D1gs0FVGu1MPrT1q8z/hxvyONP5s6dzVtvUqhRRfUEsDBBQAAAAIACSQrVAgLKC4
        bgIAABsFAAAtAAAAUG9zdERlcGxveVNjcmlwdHMvcHVibGlzaFByb2ZpbGUueG1sLnRlbXBsYXRl
        fVRdb6JAFH038T/Mmn1V7MdD0yiNrXZroi0pWLNPZoCLzHZgyHywpU3/+84A06bo9kXDPfecuedw
        h8nVS0ZRCVwQlk8HJ6PxAEEesZjk++lAyWR4Mbhy+73Jj+Gw3wtSIlBCKCD9rwTEKKyQTAEVKqRE
        pE6Bo2e818+cRSAEYgmqmOJoC6Gp/YFIjtBvplCEcxQpIVlGXqGWCCHFJWHccKQ+x2r0e/oMiInU
        EzXA2r9WhMb1ICO0zBHjMXAkGaKAeY4yxgHhkCnZCumyAFQSQSRKpSzEpePs2SgjEWeCJXIUscxJ
        /lKSPztXK/27nE9Pxxcnpycj1O8Nh8a/10yPAsaoeLJ5nZu8dIK5mA6MshYWUQoZFh31GEqgrADu
        ZCI00zun4/HZQCsjpLUNIqtfnKmiLumijsxrUl2DTFnsrv05FJRVE6cLWUpb1HIl0Ym4s1fFQTf7
        RMLE6aCWtMJCbvSrrDO9YXlC9opjqe25j2CS09T/93RVPIplwnjmzvIK3Xgby/1ELMMMteE0YCus
        8iidJRJ4O6LbRvm2XVz7y2Cxu3vwg/vZevE+cb6hWeUGMY1f0ICr2soneEhdvERUxTArit0cS+ze
        Ymr8d8q2274RH3hJItg8rty3uyDw6nnfL8/PzybOYY9lN/UlEVrWwzJ1jd1d7bf12u2wzEfImATj
        wUsrQSJMDYqcj2ifSbF4kRzf6hsiHnJzNvA2gONg19LX/dqu/aebTy9Hl2+R45CCbbnWHwJVtEce
        gyxNrwa/xxm4Pw/sW8i27nxcgredt6r28QOeg9AfiXotg6qAzvp34ebqOd27pyvNTXf/AVBLAwQU
        AAAACAAkkK1Q0wlWiR8BAAAJAgAALgAAAFBvc3REZXBsb3lTY3JpcHRzL3B1Ymxpc2hTZXR0aW5n
        cy54bWwudGVtcGxhdGV9UV1rgzAUfR/sP0jYa+vD+lRqoZ2ODmrrFoePEvWuhmkiSay40f++RKul
        22heAvd83MM9i6pOCipzlyiyvL+zrGEQCP5BC7Cq/t+REhz0HXnrGL+EXrxb+d5pEkEycaEqeIss
        LdbvrPZB5TxzkI//hd9Foc02YRjEmz0OT/PZ7HGglDLrJJiqvxuRVUsQfZiHX9jZoGMEkau1wQrj
        aP/mjlAGUlFGFOVsVVVdilypam7bxstYdXmu7PDrFoM4gnDXT5wxSI0aK0HZwUFj6FbTbhFybjYf
        9FWPNAPxzEVdbin7vDBSzpTgRUAYFAYZozWUZbyRU/JVC5imvBwUDSS4lQpKB+kizL0kWvbQItN9
        JkSCtOy+Vvu6Vz00o0v3P1BLAwQUAAAACAAkkK1QE9l4S9IAAAB3AQAAHQAAAFBvc3REZXBsb3lT
        Y3JpcHRzL3J1bkd1bHAuY21kfZBNi8IwEIbvgfyHOe4etsv+AGVFexD8wo+DIJSaTDWadEISqf57
        m1qoBzU5zDDzzDsv84/iSEBFwZnHoEnkmrMmh1G6mMy303S2zlbzzXKY9h718SxbTAbDNOuA3l8c
        UgXgVfkASbKrqsoRhZ1Eq+mWCCPhizMAe/FH+QTEWr1TQwc2GNk6fkdVhwbOSpxrk7C/KC1jIrx1
        dIrtxr9DQU62GgbLAEEZ9CE3ljOZB4TfAP1+3NsxiaYDZzX4ttuq/7x8nyZGnRFJJTY+S9leN/47
        UEsDBBQAAAAIACSQrVCh6AdDhgIAAEMGAAArAAAAUG9zdERlcGxveVNjcmlwdHMvc2V0dXBHaXRo
        dWJSZW1vdGVSZXBvLmNtZLVVwW7bMAy9B8g/EAaErAfb2HYLkCHpFmA9tA2arBvQFIMq041b2dQk
        GUHR9d8nWXHsoM1uzUGWKfLx8YmMpyg2BJTnw4FBK0lwORxoLCF+t1/Ad9lqdW3oCkuyeIWK4EY3
        +x8G9S3cKNSGKi5nQqAxK3rEyls1PVzwEp9J2cIfv9wGPKGRWwReZaBI1dK/XC8v4b6woD16Thrs
        BmF2ugRBGUJRGcsrgSE+rB2DMdRuBS4E1ZWFyuV0MjUILTN36KmB9dxC/Bukx8djfIrMbXdGz3VT
        38HVfLmC2eIMPmj8UxcaTVOBASNI4UnI1Arh0fvsmgMU1sG2mnzIMOe1bEw/56fLs9X8d7NczM7n
        J+9/3e6qW2G1nGysVWacplwVSSg4EVQGr07+CfvYNy222YR9aiz7yifs83BQ5DBirYWNJpPRCA6d
        XlXMWmBFfT6sS87GbJ+WTTuSBz5pl9bX0cjoLxREreVe/fY+3LmqzSaDJFlvt1tN5Cz2SSEsyNhv
        qCQ9LYUulDXrkHAR4pIH1zeJxVI1Lf0XfMvECCZdP7vSurLWLz1G6T18Abaany/YG3DDgRtzGYjG
        3yH6SpXFysYrx2cMXClZCO7HK/XeEcQ1HFMH4gyi6ZuZdrG/YHHp+nmPoCVL/WilTU/vxq78H1k3
        z9lwEJ67YfdTs+/0IOZreYNvURXWT1Yo2u+c6eBVUJUX9828J80kRf1qoyOeihuzJe3K7+Q46owl
        LyREtS3k9I5srl0aF/zou6ofwzNXwgFGWbpHXEKknF5coys8/HeCoVoL9GmsJtlH8VIA2zU4g5Ib
        i7rTcaehRF45GB9gbJ3nryUMkP52Yg1xDr7POxissuZ78Q9QSwMEFAAAAAgAJJCtUOfISQX/AgAA
        MgcAACgAAABQb3N0RGVwbG95U2NyaXB0cy9zZXR1cFZzb1JlbW90ZVJlcG8uY21ktVVZj9MwEH6v
        1P8wqmQtSCTllFClwnJUggeg2pZDYtHKOJOuwclYtrMV4vjtjO1006XsAw9UVWLPeD7PfHPkGNU5
        AdX1eOQxGFLSjEcOGyj+2y/j822dfefpBBsKeIKW4OPFbvsprd96dK9l0++W6Dy10jxRCr1f01ds
        WWEdfYlnvpMNOqp/fsr4yqEMCLKtwJLtTNy8W72BjQ7g4m01OQjnCE+erkBRhaBbH2SrMNvnZ/Qo
        OjSDzhmmiS0yjNeMdwPLTQnnIVg/m07lFj01+JlCeaF9J40PXaWpVNTAzR6OfB9UROQVSKWoawO0
        LNrh2z5SVsZQIcRYM8DfeZhdbxZvqXjZC5PvJ4vVGqTVGXLHYMTYdyMpUAU23pF5o8JadiaJ3i+e
        rl6uF2fp8frJq8XN/183HmPuYj7eOjMXd/Ylkde5uLsvWm6rubiXJJdRzsX98UjXcCR2EnE0nx8d
        wdVDB9GJDHPhgz8hCnNx6UfS5JqKXu2qQQxuiZm4dEgcD5azXw/F9IwLcjo4M1zzLHG+zEn4Z9g+
        U4qMYXPujOkZZ9xP+6T6x7wrLrhiWDW/V94ej1L6YrmAirU+ZL03GY9s588rKMvT7XbriFgSvlmE
        JfnwHK2hbyvltA3+NFZpNiq/cEmWARubGvAHxGosEPz09DtzPPB7+nOPhOkGHoFYL14txZ9Y4xFP
        KJNdLF7A5Bm1AdtQrNmTGRe1NVrJFG88PQEoKpgcH2JlbfEBlm+4GUAcMC6Yj+YaJ/oJZhBtGiN3
        HnBcitrK76ZK5C65kXgkDh8D3mKN9sB/CVttKth03JI5oozGSEwz2Wo8yu9+lsUOvuzHTP1hMvJZ
        3eoQh1yGjSsWXdmyo7XepPFTpn6f7BfV5JqTVnq/JcdsDlV37WFspDYw6YI2xzwPa8fXsPHXOAv3
        bWTFIVzBaBp+FQ1MLDeUdMiB508FeOqcwnhNcGT2USIVIPoGFNBIH9ANPPYcGpQtw0QDHsx1fUhh
        D8lpLxwUNZR8doDBtkqfx99QSwMEFAAAAAgAJJCtUAAF6ua/AAAAHAEAACoAAABQb3N0RGVwbG95
        U2NyaXB0cy92c29Qcm9qZWN0Lmpzb24udGVtcGxhdGVtjs0KgzAQhO+FvkPIuUJ/Ypv2piLFQ3tR
        6FFiXCGgJiRRaMV3r7+HQi+7sDPzzXbbDUK4ZhXgG8LdK/TTOErC9Ok9wh7vJjUHw7VQVsj6jwl5
        n0YD8qVFMehWcECBzGHJcqZYJkphBZghPNUN5xa0GXBc1lbLchUmychGcwhmJXmr6bG7sHh29LsF
        obTkYEwClSqZhR+GXY5jPMpHwDm7HMl1Tx0oDsQhLi8cSgrqXM40c0+U5Iy4a8OwxtF/AVBLAwQU
        AAAACAAkkK1Qv3BPlA0BAAAjAgAACgAAAFByb2dyYW0uY3N9j8FqwzAMhu+BvIOOycV9gG6Ftjus
        sI6xbuwwdnATNTW4tpHkwhh793lp0rRlqzAYS9//6/doBHMfPsk0W4GiKmFpKvLsN5L6FDxpMd4p
        mFoLLcRAyEh7rFWeJfWDqdAx1hBdjQSyRVguXvp2YvIssnHNYKymHB5Rkj2Orw3VvWdJw/Gvh9M7
        5KArPEFnXmbR2LR2pXfBIufZV55BqhDX1lRQWc0MT+Qb0rvDpANOIBYt6dp7U8NSG1ewUNr6/gGa
        Gi4P/FE61JxQC77hOsXscxStRLWvolTP0RXleJB959l/6xfnRn+6XySD28l5oo5WB+0dbnS0R23/
        mYtSr4wr0SQx3HT3pM3c5U3nB1BLAwQUAAAAAAAkkK1QAAAAAAAAAAAAAAAACwAAAFByb3BlcnRp
        ZXMvUEsDBBQAAAAIACSQrVD0A7LF7wAAAMYBAAAeAAAAUHJvcGVydGllcy9sYXVuY2hTZXR0aW5n
        cy5qc29upZA/T8MwEMV3JL5D5LlSkRiAbC14YMCN2tIVGfeKjWyfZV9aEMp3x/nTKIixiy3d/d69
        e/dzfVUUzJi0ASLjPxIri66Wqyfj93hKi5o0eDJKkkGf+wdpE8wGSHr03w7r/xjFuqd6A/4VIqRx
        fi8OwQ6C12hzi2miUM7nFpW0GhOVtw9392w2KlKyFUbK6E1fa9qv6QAWIh6MhWkGrjQukf64KnRO
        +r2QDlrLKuInKJqYWFl7pZcxh4d4TnLB0uCPJqJ3+Tw7GY18n+w4IItNJfj2cbXmb1zsntcr8cLF
        th3+BEewGFoxOwuaMXv3NL9QSwMEFAAAAAgAJpCtULYB926jAAAAuAAAAAsAAABwdWJsaXNoLmNt
        ZCXLyQqCQACA4btP4QsoBWUUeMiKItPEhCC6OItbs+gsOOPTh3X9fz6ma6xcgaXiAjtUAt0S5J5g
        wyOufEmY6/W7I+4Jt3cWzTNUQuO5ZhqQVjaZ4FVLcOi/IWkr25nJ6kAxOXlPDLw/9XsNDCU/VUo5
        coFCAyOVQ3jtDvlyvzXpK35QWl9TVNlBxOBSrMYAJRvEbvnQrGuCz59F2deFTWjgOF9QSwMEFAAA
        AAgAJJCtUL2jD5dKBAAA+woAAAkAAABSRUFETUUubWS1VlmPEzEMfkfiP1jLC5WYGU5xSIBgD6li
        OcTuIqEVUtOM2wnNJEOOlvLrsTNH2wXKCok+9HCcz/7sz57egmNZ2dc23LxBb3DiRI0r6xawfAhI
        JzAlqxd1ozG/eePmjfNK+WSrBH0iGpAORcASoldmDpc7KF9uVyE0/llRlLjM6dqsP8mlrUd3QBF4
        ZVce6A2C7cBAgFccMkUKlQggpMQmeFCmiQFmztZkRwqKDoQpU67oGW8q5CKleusWfHDo8FtUXgX0
        bMvgMn93fA6H1iGcHb3ZStAGgyGvlXTW21ngBMm4MtqKcgRLdF5ZA/fze4wDMJlMpsJX/PUWlBjQ
        1cogtDC9O532lizrbN3llCGcW3DRQOirqq0UWq850aMuNvNMZ9KWuGH+OipdwlQLMiqTTK9+RGL1
        wbogNNyuxQLBs2VtI0it5AIOPqM/gFVFbRN+QU07GBupI0GIpgGPIVAPfY/Xsye/H6qBmdL48mCU
        EwF6ZTCeDcgJ6p09SIaV0hoMkokbaps1EKU2waYhZxG4kGd9sMbZBl1Q6BM5hnDsSR5uqSQSSrK1
        teFE+zzzr56AOK2+35+Uj+RzFmKpLBfxfYMtl9zr1pXSC9WuY86eH2Ny5HS+ogxwu3HoPUxOHk1g
        getRF2GjnsPTMd8bGx96fpc7p5S41X5bYdJf0ReaLPpOeoWke0W6U7wMYuqfk5Ft97+PcuBQFzxh
        KRDdrVn1miR3B4xYqrkIQ6UGDjOrS3SJ3vm6QZi0kVhyk7wTIHquZS+ybop3V8FxHbUI1t28cfn7
        gw3HORU3ThO3gWmxPfcZdndGQJIXNDl+EWwDYiONbuC1tqt2KGh3oGaReGYYKGMeeTJPY0pcOXbz
        QFeTRipLHtYxTcNsHNY2oF6Tr7NxXlHYQEeoqQZXWvgH5sP4P8yf5HcZe54WlWsle1nRmvltEd4O
        RSDgATfrcQuHGoVH38vr0FJeMhDPa3Ykg1MRjaz2OJyw6rMXaRbYjW3HhpMX6dbFx1OwM5hw+pT9
        UMJnD54+flKIRhU1TYKYo++W1hE22q67BDnXdvPwIe0zIuQM1DwEYmojtS+5Mwmx43+HFg7NTIvW
        CndzvF1PsRB57QvB1hasRhNGJG+mIC0/KQLSMPjARDYuoKizLkpWle8EfxJdqIg79a+knLgYV1R9
        ZGXk20mMu+P76yNsuP9aeCX3TntLgKch82m1td+nUfGUZtME8HKpcPU8eWZbntnD/G4b6xWxWaqw
        5iGX1BficI0Vsz+0tIafrpnosLMN9t/zoaM0NsO+HpvgbNlW/R/q0UewNHMcPFNbeP+QztDOf8jn
        r+H+18LvubTAeyHp+Zsy382WrJkWvCt7rM1/gw1ck37n6cpGzqfCzCPNO1wYUgftRsOT0i2i04vx
        2TUoJkhiODeKNIV95Xyh6d9Y0cY5rARvYc/bnFvWbz/r+uZdO9AVEfWK3jtOPwFQSwMEFAAAAAgA
        JJCtUIXaaQSWAgAAWwcAAAoAAABTdGFydHVwLmNzrVRRb9owEH5H4j/cY5CqVNsr2yTaUhFpnSqF
        rY+VcQ7wamzPvtCiav9952DCKDTsYRFS8Pn77r47f87lJVxbt/FqsSTI5ADulPQ22Dlx3DvrBSlr
        chhpDQ0ogMeAfo1V3u8x+6uSaAJWUJsKPdAS4a6Y7sKM6ffqoMxinzgfBfcNidNjflUrzbRhJ2hi
        A/FmN+huLU8AriztanTv5oUhXGy7TWnzmPcEa/xC3BrjAiPMXC3qLa0beoMOeUJGbgrzE2UinNSU
        JJVi5TSGGAlnxI/l0vK6SWjECoMTEruS9nuv/R7w4+qZVhKkFiFAScJT7bY7CbAH7baz4qBtkH+v
        BltWm2D/HJI+H9KGe+zvfu+o8puKh6tXWCAND3lszOlSBVghLW0VAQGk0Jp9Ots0JvW1IbXCHL4H
        5MAeSxZEVUH0OHs48Drio1wSyvCwj9StrapaTVgmYlakf9eW6zYH3iZ9d0otIh9VFVs6G+RlNPjK
        ca8zpRVtfqCPjspOBfP0fvz4+GEwbAeyH8q1R0HYNMSegFvPZnm2/glGlXDE9/dZ0RLQe+thKUyl
        o+fQiBlPLn9fackwjWTNp4LTtlknRC4lvthVeOAC45h/EtOj/5KdEzpjoSKAAPKCLxMayqEw2zOT
        ImxBo/I+HgF5Hja3wVv44njqUb8wEGV16J/uMjf6LyDdp6itJf1Pg+28v9U+mU7v+av6q8ZA4JRD
        njqes1lWjJzjcHMH0uUG4dwFFOl7OTZr5a1ZcVt8hOv3PafmkDEgL8INrlFbFynZoCXsSYdPLJdz
        d4mFfvwi0UU992KB7eza+R0uUQf81wqTQOFUviZwLGcuak23SmMiHWNK4rnJTsgDzkornzBVPonh
        G/rWIunFvz9QSwMEFAAAAAgAJJCtUFKsV9Q9AQAA7gEAAAoAAAB3ZWIuY29uZmlnbZBfT4MwFMXf
        TfwOtY8mZeAAwYBLGeCLmiXq2146emGY0pK2qPv2Aot/suytPfec87u5yeqrE+gDtGmVTLHnuBiB
        rBRvZZPiwdYkwqv7y4ukUrJum0EzOxpHAaHEHIyFzvmE3QvosWJWR33PJBdj4/yfFcY5kqyDFDPT
        P4NdKw0Y9czuU3yNJ/xufnSKDwJMiumv7WmSRrMGowZdweuhH2vepOmhausWOEaLH/DihJz80VCv
        VQXGbGYmV1aCxYjpZuhA2pHobItqrzJlHS4ERsZyNdhH1RSS7QTwFNdMGPg3KFsBU0yoxmyP6nGV
        aZEzp0kWpydMrgjZaPUOlX0YWn6HyryIsnBJSXkTUeJTNyJ0ncckLP3A9YLSi/yIkHNJGgZZ4MUe
        caMyJP4tzQl1i5gE8fqG5kHm58sp+Q1QSwMEFAAAAAAAJJCtUAAAAAAAAAAAAAAAAAgAAAB3d3dy
        b290L1BLAwQUAAAACAAkkK1QBgeZBHgTAADKTQAAEwAAAHd3d3Jvb3QvZGVmYXVsdC5odG3VXHlv
        o0YU/79SvwN1FTlVA+bG9iZRc2wPKVWrXlL/agkmMVoMFhCnadXv3t+bNwO2MdjJppd3Y4aZN++a
        dwwzg08/uv7m6oefv32rzatFev7hB6d01dIwuz8bxNkANVQXhzOUNHxOF3EVatE8LMq4Ohs8VHf6
        eLDRloWL+GywSuLHZV5UAy3KsyrOAPuYzKr52SxeJVGsi5sTLcmSKglTvYzCND6zakxVUqXx+VVe
        xNplXmnfh4tlGp+ORLWCKasnvpGf23z2pP1B981nERb3STbVzOVvbzZbluFslmT3u5ruwLF+Fy6S
        9GmqfR/f57H241drMH9++EF9I/R20s/EPE7u59VUs0zzqAsNqTgutnvehtG7+yJ/yGZ6sgjv46n2
        UKTHg1lYhVNRMSpX95/+Bg6OnCsUtVVclEmenQ0twxpqyexseBM+xcUvuAFUVp4N51W1nI5Gj4+P
        xqNj5MX9yDZNk/BIkOlvaZK92wVoTSaTkWgF6NkQihtqT/JK432ZU61maq7vjI2J5nuW4Q81MU5n
        wzgLb9NYb0SaZvGjtg3+RnAxLZdhhD7LIi7jYhUPj5y3kFBg0qqnJZqq+LdqFJUlNWlGWZlHweVd
        kqbTI9vxvAvzrfnmKLimFku1ZHkWq0p7Ddw0vfHFWLU4ay2OPb68rlvctZZL//rqc0u1eGjJwXJS
        PU1Nw34joGioAPn9T198df2L9csnb3ZrgHAcmRcQbyTkY1GLOKq0JzmOURqWGDoIOdTYi4au7+KG
        Lets6Lu+4QxH3HUZVvOmC7rDCr52JuPAGJ84tmP4N65jmYZzAtxz3fcMP9Vd3zSsE/Ed6VZgeCf0
        hWrUipKPfifmjWMDZEI9vzRXgurc8VHlaDfOeDw5ca2xEUTUg7EQAi4xgtS2AXAivue+T6QJo83f
        V84kIMYcfwJe1Y0Laifr/P++W1JbShqMXcMHZcuwb1zbdUFPSDoZO8YkXZP0yglgeO6JGxBPTuAH
        aFE3DZIOcg6To4Fg/I4NrlNcbIgrvqUqN9VxYgpdpELiE/H9JSG5UZjqQgdhlwkrfRPNda16NrrK
        Kv6GWh0PtFzTIn1OTN/w5E2DpCYG/47D4osinCUI2yKGKBMeavey+kfEbTDzAO/8nlz1m+zHMobr
        WmdDJ7AcI/ACeP4Tbl2o2LICD402GieWZbjm2EUjbi3XsD3Ha/D+UIRZeZcXi7PhIqyK5LdjS4QI
        nS6+C5Yn/uSTOhzkSy2/u6NMNDTrQEPVepSneUGO+rn4vBGVjYt6kLaNw+rFobqMNjW0a4g85XSe
        TdZnu8oW+Kv2Cl16he7Zzgn+5pZlTuCg6x3rgaEYTSXzYvDJm848UcTLOESyyXJZ7AYtk99jzkrd
        MMu8RIbOkUILCjWdgFJZ2sccezfhOGhJUu1cKxlxXZWJ25nTbmdpSfBxnlRxV2530I0SDF3aGGZJ
        uUxD5PgkoyHVb9M8eteVoA3O0HqC+cyL0/QbzJfGMlcf2abM1kfO9ZFNXotv1CYzruDMLStFauZ6
        SsxHzsXOHL4BfCFydbtTO5/LbgKUVM33T+v3lKLMCWplppdtqKA/y0MYo6vtcV/hRwzTSnvgA4lP
        9Gz3di5rGQBH8wCJRs0FUGQvUBMCAGNKIKHUtIChmOlmdkAoaRZAVILrutVqWmtvB0g7MeNW5uY1
        dRlSZOH9XAeCXCcMX46vOzECrmWz5mrW2KhGfl+zLaPKNmZpENJIvvYwJleWaRuTG5jQGDe+H+mO
        4dV/EzKsK1O3kJFSJ9AdH1fAo9JBugpwRZUb6dwd37KEzEkd8YdEjZ40RsiZNw3J32vDwP9GhtH9
        i8WZgEmFHczpjqALLiPMO3T8CQ5d3eYrBHQiiAYQE6LaqJG1N+OJwGSbJKvEI0WtWY4sISJ/24ZP
        7SChypjelJImZgN6XXnDXDY6eB3RTTFQ/pjGAoFfDNqYhhDfSKKRKWtFjYDletdw5TiNRWsgS2i7
        mjCgz2M5AaggIS5rBH+vVQKGFCceDCWC1LbgxJHWEVCJFRURTbRzfa28pt0S9ybdCavyZQlt30/Q
        KIngskby1RTqwxReXaE+zKpRKGbP40ahkmBbodTwtyvUh9VLIpKXXoW+2oziLs2pOY3vqq70TQm4
        Y0rgPj8v0weps0oirByEaXKP2ckimc3SeF/ypuyg/bFzsqCDf2L1aPc04+PPxadvpWCglgoG3XOc
        wN692vAoNYVn0a3mNK4qcE6JkJcrDMdr4RBqUtqe+P+gRpMswzet8YQJSq31lyTT5Ui74/ZIL8Lf
        VLPl+Mx3e/lGDk34UOW722lqKgHeS6gewabT8K6S8m1+1AIXDGDwZkdrimeFKdaFqnnT2h6YKryt
        +dqt8EUISSUtPSzisM+QeerbOXgKjVhPYzxtizfF530t3vWfbfHrxuyzw/SopPHptghjk/51M2fj
        keN9BQSOXgHtfgGdgwTUl1bXcONJlZxLYmm3w/KqfAE+xj2E4my2zJOspciGy64A7gUWmp6r/n9P
        wVuq26OXef4IKP32IUnxvBxH9CjcOxDiQfWlftlN8lybO4puh5qsxtE6VeXXqnp2imnp1W70unPF
        Hf9o5LRdFIVJV2qtB4/Ly2VcRGHZHwHLKl62Uk07lN6l8TZjIvrrWChYlFMs8RRxFW1H47WFjjgN
        q2TVkyXavMzSXaNzmxdIJWpmAV2UeZrMtI8vTPrXlw42E3R7ZUMot1//XarcI8a5Nqum09sYA7OR
        GTomhx2rMG0tHKaANa3R8tpDubFo1Jl5h8MOCFa9G2yrqj1FbUextmWEt+D/YUPQVkTcQPWyATCq
        uKwQANI0fsFQ3KYP8XuRn9VZ4NnmuRWSkmweF4l6KuiNTLd5OpNw/VHHfE/lzmbaH+/J+CEMbc1e
        N/2xL0079mECbgk3TUPYTDRH0nheMBJReBkW8KPe4BtV4Q1WCglzr/1tIWxzcBjxZhLqX1xa240P
        RUmtYsoSF2h9RsarQ+hWA8cwkQVjetgtFmHanQIajUzv8uih3KXx/KEiU1kTmOS5je5siXc/7nm+
        qjNdO4PO4igvQo5NDxl0C3IHpFBawn5O9qxnUpgp9T6AWd7uWSJ33Z9PBWPn4GWl2NvJRuNxLUob
        rS9cz9iagpd6mt/nBz3iev2PuJOx+fpPuLujC8G3q4W/qWTGAQd7I+aiBFiv9JC5veSzd0vooL0Q
        8+LA7ZCvv9fLpwXyxP9iQ8QV39i3esF2SN33P7AZEjiBG7hbIPYGyLXvfG77WyDOBojlB9fO2y0Q
        dwPEfhv4l1dbIN7mxsz15dhynrEx4x+0MYOjBTs3ZqxJs2562IKzFVhiCZZOFaxcx7DnOjZ5f3ID
        bMvrJu3KY2vcJQCs1851T9wHOt2J9hWXfGPyE6GYWyY29y2bu9hzbJKl6GDhiMGXghTr6XdwANKB
        WAx2sW7MGyK4MbEVolaTsZUit1DG4n4iYYCPShFzzuvPLpWYquodcT/V2xHfTRntomzr3M9GiVsk
        kxHtozACNEwksEJvl+DTob4684PKQGxB8dJ3LZ0tbxthWfqxJ5bLPYz5yrFI7c5Kd6wv0SBBbDMQ
        fQNf6Q0iW1JkJu4IgX1SEdqoxhNtHjEk2+yVj9Zav4GOZimMS1ex0c9bDaRypkBb/iw9mlH0eScC
        ABZtWIEPVNaKwp4S/VEVTMEXV4s2KwShekPPpa5gPAKsVGQAWJKRTIaKEdDXEgZUEmCu4kq2qyHz
        6gF25ADbq0BxRUyiUYwTMeGIrTbR0Oy9kUJYg4GQQ8jpCaJke2KXTaivNkLwxbLIEgZWmJLUnIDD
        CaWav0DpCRt7vB8XeMy+CRXL8cVlfbh5/J3aRKBL0ZNN1lIlUYfWUlqqsk0ey1WAXSRhoTSwwpOE
        YQSkldrG6ZYURDpgmeiqBDZpY1I6gSuNy1HGZBE6td0jS8HKgvC1Oc/pCjHnLENA5NUWEvXTXaUb
        h93eE4LiFiil7Lisq0LqZizI0YEssjMBRaY5EViEAQIhWxrB4cr8o9qiYuSygGKTzOfe9M0xoDFu
        HmTgqc0Q7lSXLRG8iDOd+wsnEGSEOQkZVQfAWFwUTiUVDOrSqYQLgJbLjh144qJEDZjAuuRyy04o
        xJWbaLAeNkfl78Sc+GYFk1Fg4Nb26/z13WMuS6lN3lKXgZCOAFGbYFa0syptWSJHEPYijMoTnmdT
        OlG2JjsKR6QY5dN3pEtaOihJr/MlzgC6CETZ58hWS+ms39QOM2bBPBwO4+jOjsCOK+/tmh/WjbQ3
        MZpy7IWepfXUDiUDK+tB7m3WbsC5pck+bLtyJICFYhHX6JxOKdgoUB3VLC7FSS7VKmPvk25pi8hK
        YVD6q0M2JtRNmrVXetDkRT4VoHZs2aalXCrce8xdHbZ4LEUyqcMNE7BVoqlZAxTuVCbBnyzZfLxB
        BBOZs3mYuUMgTzx4lFSoLMaf9KMqdI/3lzmANzZjiytCp2JAV8JZ0v8dkX7gsoBVQ2ARevZxKm1m
        UCrJnj5nlVp5dpNf5Ja1y0pdEQWSjxBy5ufMsjFoMr/4nF9YcuEAPJpNulUav7LH8nRBIDiqbZmT
        wrpps61PgkMCILP0PmHw7wqAzFlfGJxMgLAOg0LgJgyuyy8U4pjeKwZA5u51w+BLAqDMjo4Jzpow
        WMtKdeuCsyY8R55ToURskc3aHmVkd6VTwaNA4c/pQmPFzCpHEj3J2cYRCYM/IfxYTgzHqENJqkdO
        O2pVNnNxme5rB5NupUIeO9tPrh2JqAaYZiIiIxw5GDXKCodYoWs9WVVqo5kdD6cKDSU5JbMiSy5k
        dfBII5ShB2lA+FAHZ5mTXnxWj0UOYdbpQs6vxbdQQy3SeO1hwl6ffQJCiC/HUQnvoaQmFFIuqXCG
        tzhSrHyIXccGRi0CiUAvQ4jFipRD0wQR0o2avlOYFAEXDs82xnM1X0yG4bniGiiF/eSRF3Uc6ms9
        pTrWxtqC7e54ZrXbz6wYg61H1qZ21E3NR8TbT895NXpb0vk0zG167qvRI/kOoei9jOIhp6f2LB/K
        9c32ImJz5KH7sJSHppcd1NrkqsgfO3axsUpJh6XFH+9t/HcO9GyfYUkfFljHPvQwmuLaO+rYny+a
        DZ0+xTUHgQ47BNQ64rP/dNAGTXHOp3fpnxbxOjme5Y8ZdDLTq3msx4sH7G3nLe7XN7O6N2KcS6vr
        lEa99v+cfbLtra/A3H8SI7krwoXaDW2bHSEh2/0oWdDbh2FWdduv7/VCMuMthD1OFS+wW6MTg0rs
        zjcBeyT9bBHPklDLs/RJK6MijjMtzGba8YZrEU+fKOy9q/XtQyq8R7J3C6rzyGT7iNch6DbdteWy
        0oqfz/jW6yV7+di7n3Mo0b5I2DZLfy10Pycg7g2KbSnbAb4d5O21IP9/EO/lnhKse0r7bdv95yk2
        32jqeZWKeYc+QfEVJbCd/4gEL48P7uHo1vemD30TjD61tl5X+ab5jyhfbIxyCHw95n3HFry/eNwc
        +4Bx2xdprCbSWHvDiDvZzLV74pK1Cb2X1+1Trl0HTr0D5KajuYco0T7Elw4/qLQ+4zrErTbTbs+0
        9xCZD/VRq99HrUNUsjXf6zeb8bPMxtwLzZLsnSLShw7o3KV4LNDmeLcgzg7030NmiyRh94yRLqej
        9R/BOEUgSJbVeQM2w9GkBR5LDIz12xUKNwlMDSZ2PLz+5usrfma5yTGqs+GJdveQ8Wnj41bUoCeI
        z4nV441H3fWbVVg0YNrZbmwNqBzYs4ZHRLGwit+mMd0dDxlguP1iElcbeF/7osIL4rc4jnk8SGaD
        E23ATc3DeEON3vC+gWt9+cPXN1JqUB4MdkASDsXEOnf3cSVrL5++mh0PNuxz0OZSO35MMjx8GVm4
        Su7pocvIM+Kh1sYuqYoINMVPb5T47Q0QLw08HYnGx7x4B3deYMjx3BeNcBh1tETaKEd3noFfIVFH
        YPcqC1aSpylcn3SW5YNPDu0o6vgQH3U1D+8pPI/60BT98G5s/H39miG7TlYvHy58aixGuFwiUVzR
        Ucpjht8G/1OL03JXUNqwHkOsOMHjyP3Awg6PH3zSEy7eKB+v3fp0JH+JB0X6oRnl9xyX5c8PDPhu
        IBsFAFacmtb2600NdF8PAA/k7yMMdr5QNjg/HaHfflSUNvehehvNc/z0zzZGdc9lxofbbUKYlXQp
        gDPiQN22XqvqU8XGe1OD85/zh4LWbrSk1NBz9vTRPgU0s4b1V3saks0HuLUozDQ6C6491YRQMeff
        RPpcBQXtrVzVOb0ttNEOVLdPWkznZOHyWij6/vjdDUKi9qv8jR9oPEzneVlN8Zsr41G4TEaLuCwp
        uPy6ie5w+XauO+0S9DRUneWh14E2L+K7s4GKguG7EE/tI4iv14FQ/9zTFYUG+84T1hUeL+mnqn65
        TUMgP7+W3UiRjepG4fkLJd0l008JTlm+XDKEdn2eI061mN99hvzi94ci3tnEv56Fk4JJtAOApNaq
        HLZ7T/OCorYz8SyBoKUlFdpru2rH3iR/KOnXwLIMEdHQfpjH1H1YanKqzaaGE4n0Emb6hAlC/q7c
        9WLRuxjjkZTT5w2CojI4Vyo9Tc5JiF/ARfkLmTT9HNnpKDnfsOqdUaU3XmibCYR+Fmczp2wGP1Xe
        RtZafVJD2gG4G+vpSEZ/KsofbvsLUEsDBBQAAAAIACWQrVCHv20wHRMAAMVLAAAUAAAAd3d3cm9v
        dC9kZWZhdWx0Lmh0bWzVXHtvo0YQ/79SvwN1FTlVA+aN7Uui5nHXVkrVqi+pf1UEkxgdBguIc7mq
        372/2dkF2xibpGnV+i6w7M7OznuWXeD0s+vvr37+7Ye32rxapOeffnJKZy0Ns/uzQZwNUEN1cThD
        ScPvdBFXoRbNw6KMq7PBQ3WnjwcbbVm4iM8GqyR+XOZFNdCiPKviDLCPyayan83iVRLFurg40ZIs
        qZIw1csoTOMzq8ZUJVUan7+N5vllXp2OxKVqK6snvpC/23z2pP1B181vERb3STbVzOWHN5sty3A2
        S7L7XU13oFS/CxdJ+jTVforv81j75ds1mD8//aS+EPI62U/EPE7u59VUs0zzqAsNiTYutnvehtH7
        +yJ/yGZ6sgjv46n2UKTHg1lYhVNRMSpX919+AAVHzhWK2iouyiTPzoaWYQ21ZHY2vAmf4uJ3XAAq
        K8+G86paTkejx8dH49Ex8uJ+ZJumSXgkyPRDmmTvdwFak8lkJFoBejaE4IbakzyTni9zqtVMzfWd
        sTHRfM8y/KEm9HQ2jLPwNo31hqVpFj9q2+BvBBXTchlG6LMs4jIuVvHwyHkLDgUmrXpaoqmKP1Sj
        qCypSTPKyjwKLu+SNJ0e2Y7nXZhvzTdHwTW1WKoly7NYVdpr4KbpjS/GqsVZa3Hs8eV13eKutVz6
        11fvLNXioSUHyUn1NDUN+42AIlUB8qdfv/72+nfr9y/e7JYA4TgyL8DeSPDHrBZxVGlPUo9RGpZQ
        HZgcauw9Q9d3ccGWdTb0Xd9whiPuugyredMF3WEF3zmTcWCMTxzbMfwb17FMwzkB7rnue4af6q5v
        GtaJOEa6FRjeCR1QjVpR8tHvxLxxbIBMqOc35kqMOnd8VDnajTMeT05ca2wEEfVgLISAS4wgtW0A
        nIjj3PdpaMJo8/HKmQREmONPQKu6cDHayTr9H3dzaktOg7Fr+BjZMuwb13ZdjCc4nYwdY5KucXrl
        BDA898QNiCYn8AO0qIsGScdwDg9HimD8jg2qU5xssCuOUpSb4jgxhSxSwfGJOH5DSG4UprrQMbDL
        Ayt505jrUvVsdJVVfIRYHQ9juaZF8pyYvuHJiwZJPRj8Ow6Lr4twliBcixiiTHio3cvqXxCvQcwD
        vPMnctXvs1/KGK5rnQ2dwHKMwAvg+U+4dCFiywo8NNponFiW4ZpjF424tFzD9hyvwftzEWblXV4s
        zoaLsCqSD8eWCBE6nXwXJE/8yRd1OMiXWn53RxloaNaBhqr1KE/zghz1nfi9EZWNi3rgto3D2otD
        dRltSmiXijzldJ5N1me7yhb4UHuFLr1C92znBH9zyzIncND1jrViKEZTybwYfPGmM08U8TIOkWyy
        XBa7QcvkY8xZqRtmmZfIzDlSaEGhphNQCkv7nGPvJhwHLTlUO9dKQlxXZeJ25rTbWVoO+DhPqrgr
        tzvoRgmGTm0Ms6RcpiFyfJKRSvXbNI/edyVogzO0nmAe8+I0/QbzpLHM1Ue2KbP1kXN9ZJPX4oja
        ZMYVnLllpUjNXE+J+ci52JnDN4AvRK5ud2rnc9lNgJKo+fpp/ZpSlDlBrcz0sg0V9Gd5CGN0tj3u
        K/yIYVppD3Qg8Yme7d7OZc0D4GgeINGouQCK7AVqQgBgTAkklJoWMBQT3cwOCCXNAmiU4LputZrW
        2tsB0k7MuJS5eU1chmRZeD/XYUCuE4Yv9etOjIBr2ay5miU2qpHf12TLqLKNWRqENJLvPOjkyjJt
        Y3IDExrjwvcj3TG8+m9ChnVl6hYyUuoEuuPjDHhUOkhXAc6ociOdu+MoS8ic1BF/SNToSTpCzrxp
        hvxYGwb+NzyM7l/MzgREKuwgTnfEuKAywrxDx5+g0NVtPoNBJwJrADHBqo0aWXsznghMtkm8SjyS
        1ZrkyBIs8tE2fGrHEKqM6U0px8RsQK8rb5jKRgavw7opFOWPSRcI/EJpY1IhjkiikSlrRY2A5XrX
        cKWexqI1kCW0XU0Y0GddTgAqhhCntQE/1iIBQYoSD4YSgWtbUOJI6wioxIKKaEy0c30tvKbdEtcm
        XQmr8mUJbT9N0CgHwWltyFcTqA9TeHWB+jCrRqCYPY8bgcoB2wKlhn9coD6sXg4iadkr0FebUdyl
        OTWn8V3Vlb4pAXdMCdzn52X6IXVWSYQVgzBN7jE7WSSzWRofSt6UHbQ/dk4WdNBPpB7tnmZ8/k78
        9q0UDNRSwaB7jhPYu1cbHqWkcC+61ZzGVQXKKRHycoXheC0cQkxK2hP/X5RokmU40tpOmKDUWn9J
        Ml1q2h23Nb0IP6hmy/GZ7vbyjVRN+FDlu9tpaioB/gmmptPwrmrxpha0oPhthUcp7g+mWAuq5l2K
        qMLbPXQsMK4u8ethEYf7jJanuZ24FBqxdsZ42tZtit/ftW7Xf7Z1rxuuD+fYL5LGf9ssjE36102c
        jduLv8sgcOxl0N7PoNOLQX1pdWgbN6XkRxJJux0GV+ULkDHeM06czZZ5km3LcYvGdqT2Aku09BR9
        L9m2Rdtbsl2CbYvsgDzm+SOg9NuHJMUtcRzR3a62TwHiXvTF7rhruPO5U4/Ylox1wKv8V8gZdi3A
        9tI5/pFytO1RhK1WasEG97zLZVxEYdkd1soqXrZyRTs23qXxNjEifOu401+UU6zRFHEVbYfWtZWK
        OA2rZNWbjlnauqHPC+QBNSUA72WeJjPt8wuT/nXF9CartpcihBC7Zdyf1PNZNZ3exhB5vGcZYmtx
        pM3bYbakDGiV66GUazcdCXA43GphwblB94IORu/UX3gLuh6Y8O04xF2fIS6jissK7pam8TMEd5s+
        PMN8oBPtj2cYxZpzJ9k8LpJqn3/f5ulsr++azxLIbKb98UxytobbP00zDyQnx+5N7jQNobtojlDZ
        30lFRFqGBSyze05UhTdY9jpsB2vIDrpRG7Y9y/IvLq3txoeipFaRlOPieZG+Di9bDez5IgNAqxni
        c5geksb0Lo8eym2Z5A8VqX+NUeLjNrqzD+Kb5ysR5dtZYxZHeRGytz9kkCOG2O9vYt31ORmjnhog
        9++9a7C83fem3PUwUeezZNW14+t03Pdyy8tuubdmjaWe5vd5rzswb/8d2GRsvv4N2O6YQPDtauFB
        KglwuMDSvbkoD3EPntsrEgd3LHot1ZsXPVfrv/tJL58WiNX/i/V6VxyxrfKC1fq6739grT5wAjdw
        t0DsDZBr33ln+1sgzgaI5QfXztstEHcDxH4b+JdXWyDe5r7B9eXYcp6xb+D32jfAzvfOfQNr0izr
        9VsPtQJLrBDSpvfKdQx7rmMP8lc3wK6xbtKmMXZuXQLAcuJc98R1oNOVaF9xyTcmvxKKuWVi79my
        uYs9xx5Oig4WdsC/EUOxnD6CAgwdiLVKF8uavF6PCxMr9WqxEyv9coV/LK4nEgb4qBQx5bw86lKJ
        R1W9I+6nejvi2JTRLsq2zv1slLhFEhnRMj8jQMNEAiv0dgk6HeqrMz2oDMQOCa/M1tzZ8rJhlrkf
        e2I114POV45FYndWumN9gwYJYpuB6Bv4Sm5g2ZIs8+COYNgnEaGNajzR5hFBss1e+Wit5RvoaJbM
        uHQW+9C8Ek4i5xFoR5q5RzOKPi+UA8Ci/RTQgcpaUNjyoD+qgin44mzRWroYqN5vcqkrCI8AKwUZ
        AJZ4JJOhYgT0NYcBlQSYq6iS7UplXq1gRyrYXgWKKiISjUJPRIQjdoJEQ7M1RAJhCQaCD8GnJwYl
        2xObQEJ8tRGCLuZFlqBYYUpScgIOD9DU9AVKTth34u2iwGPyTYhY6hendXWz/p3aRCBL0ZNN1lIl
        UYfWUlqqsk3W5SrAJoewUFKs8CRhGAFJpbZxuiQBkQyYJzorhk3aN5NO4ErjcpQxWYRO7UbIUrCy
        wHxtznM6g8058xDQ8GqHg/rprpKNw27vCUZxCZSSd5zWRSFlMxbD0fNCZGcCikxzIrAIAwRCtjSC
        w5npR7VFxchlBsUejs+96cgxoDFuVjLw1GYId6rLlgheRJnO/YUTiGGEOQkeVQfAWFwUTiUFjNGl
        UwkXwFguO3bgiZNiNeAB1jmXO0pCIK7c44H1sDkqfyfixJEFTEYBxa1tJ/nrm5tcllybvOMrAyE9
        oUJtgljRzqK0ZYkcQdiLMCpPeJ5N6UTZmuwoHJFilE/HSJdj6RhJep0vcQaQRSDKPke2mktn/aJ2
        mDEz5uHZJY7u7AjsuPLarulh2Uh7E9qUuhdyltZTO5QMrCwHufVWuwHnlib7sO1KTQALxSKu0Tmd
        UrBRoDqqmV2Kk1yqRcbeJ93SFpGVwqD0V4dsTIibJGuv9KDJi7xprTYU2aYlXyrce0xdHbZYlyKZ
        1OGGB7BVoqlJAxSuVCbBnyzZvPsugonM2axm7hDIDXmPkgqVhf5JPqpC93j7kwN4YzO2OCN0KgJ0
        xZwl/d8R6QcuC1ilAovQs49TaTODUkn29Dmr1MKzm/wid1RdFuqKRiD+CCFnfs4sG0qT+cXn/MKc
        CwdgbTbpVkn8yh7Lze9AUFTbMieFddNmW58EfQIgk/R3wuA/FQCZsn1hcDIBwjoMCoabMLjOvxCI
        Y3qvGACZutcNgy8JgDI7OiYoa8JgzSvVrTPOkvAc+RgFJWKLbNb2KCO7K50KHgUKf04n0hUTqxxJ
        9CRnG0fEDP4E82M5MRyjDiUpHjntqEXZzMVluq8dTLqVCnnsbL+6diSiGmCaiYiMcORg1CgrHCKF
        zvVkVYmNZnasThUaSnJKJkWWXPDq4JZGCEMP0oDwoQ7OMie5+CweixzCrNOFnF+LoxBDzdJ47WbC
        Xp99AkKwL/WomPdQUhMKyZcUOMNbHClWPtiuYwOjFoFEoJchxGJBStU0QYRko6bvFCZFwIXDs43x
        XM0Xk2F4rjgHSmC/euRFHc+cte5SHWtjbcF2d9yz2u17Vuhg65a1qR11j+Yj4h0ez3m18ba480nN
        7fHcVxuP+OszoveyEfs83HNg+VCsZraXEJs9+u4nebxXWtIs8seO/VesUdKTvOKP9yH+O0+bbD90
        kT4ssF7d90kpRbV31LF7UvTY64HgnvukyubzKL0eY9kYMzy4vJ/le1b2Z/ljBpnM9Goe6/HiAfu2
        eYv69Y2n7o0V59Lq2mXjNf5n7mltb1sFPTb1k7siXKjdxbbZERKy3c+SBb0SF2ZVt/363l5IJryF
        cI9TxQvsxuhEoGK78zW1PZx+tYhnSajlWfqklVERx5kWZjPteMO1iKYvFPYDa/XtxyvaOyMNCX2e
        59t+JqkPuk13bbmstOLnE7717sNBOg7u5vQddF8kbJulvxa6nxMQDwbFNpftAN8O8vZakP8/sPdy
        Twm2PaX9KuhLXrfZ8Z4P0w55YsRX5MB2/iMcvDw+uP3Rre9B931NiX61tF5X+Kb5rwhfbItyCHw9
        4n3HFrS/WG+O3UNvhyKN1UQa62AYcSebufZAXLI2oQ/Suv1cZtcjqF4PvulZ0j5CtPv4Up9HiLbn
        W32cajPp7pn09uG4r4da+z3U6iOQrdnefqMZP8tozIPQzMnBCSL96PGbuxQ3Bdocj73HWU/v7TNX
        JA6754t0Oh2tf5/hFGEgWVbnDdgMDxstcFNiQNdvVyjcJDA0GNjx8Pr77674juUmh1ZnwxPt7iHj
        B3OPWzGD7h/eEanHG7e56xersGjAtLPd2BpQqdizhkbEsLCK36YxXR0PGWC4/c4MVxt4lfiiwrvL
        t3iE8XiQzAYn2oCbmhvxZjR6+fgGjvXNz9/dSK4x8mCwA5JwKCLWqbuPK1l7+fTt7HiwYZ+DNpXa
        8WOS4dbLyMJVck+3XEaeEQ21NHZxVUQYU3wVosRnITB4aeDeSDQ+5sV7uPMCKsddXzTCA5yjJZJG
        ObrzDHwgQz0eelBYsJI8TeH6JLMsH3zRt6Oo40fyqKvZv6fwPOpDE/T+3dj49/VrVHadrF6uLvxq
        LEa4XCJNXNEDkccMvw3+pxan5a6gtGE9hlhtgseR+4GEHR4/+GJPuHijfLx269OR/DgMivQNFOX3
        HJflm/EDvhrIRgGA9aamtf32TQO9rweAB/LV/cHOd50G56cj9DuMipLmAVTqczTbGNU1lxkfLrcH
        wpykSwAyI7be/tkngo3Xewbnv+UPBa3YaEmpoefs6bNDjDdzhfU3UAQmLQozjZ6f1p5qtKiYx9ol
        iu+U62tv5crN6W2hjc53TCafaAkqo5cdsnsNk3j5bRmIM0zneVlN8a2P8ShcJqNFXJYUOYz+ZO9c
        RILCQwUqn0cdaPMivjsbqBAWvg9xwz0CV3odxfR3nq7wNbiIivavwq0hffvo99s0BPbza9mPBNSI
        ZBQeNL2alcH5rwmef9ReTDoCrz7PEUVaxF18fCjinXwIXf4UF/Q5JqKW9FPE95SNi1rvYv6OUKEl
        FdprPbcjXpI/lPRZKGg7LQ3t53lM3YelVk9vf/nxhj7hQ2/lpU9Iy/n7so0pTd7HkGNSTg8JT+Ed
        nCvhnCbnRPbvGLf8nawLX6ICZ8n5hoHt9N79frkZqOnLKFuxe0PTqryNrLXGo7y7A3A31tORjLJU
        lN/s+gtQSwECPwAKAAAAAAAkkK1QmasY7B4AAAAeAAAACwAkAAAAAAAAACAAAAAAAAAALmRlcGxv
        eW1lbnQKACAAAAAAAAEAGADvRCV6UCnWAe9EJXpQKdYB70QlelAp1gFQSwECPwAUAAAACAAkkK1Q
        ksj+AFMAAABkAAAACgAkAAAAAAAAACAAAABHAAAALmdpdGlnbm9yZQoAIAAAAAAAAQAYAO9EJXpQ
        KdYB70QlelAp1gHvRCV6UCnWAVBLAQI/ABQAAAAIACSQrVDQxN8nNgIAAFEFAAAaACQAAAAAAAAA
        IAAAAMIAAABBZGFwdGVyV2l0aEVycm9ySGFuZGxlci5jcwoAIAAAAAAAAQAYAOqIJ3pQKdYB70Ql
        elAp1gHvRCV6UCnWAVBLAQI/ABQAAAAAACSQrVAAAAAAAAAAAAAAAAAFACQAAAAAAAAAEAAAADAD
        AABCb3RzLwoAIAAAAAAAAQAYAOqIJ3pQKdYB6ognelAp1gHqiCd6UCnWAVBLAQI/ABQAAAAIACSQ
        rVDYPhbw3QEAAP8EAAAPACQAAAAAAAAAIAAAAFMDAABCb3RzL0VjaG9Cb3QuY3MKACAAAAAAAAEA
        GADqiCd6UCnWAeqIJ3pQKdYB6ognelAp1gFQSwECPwAUAAAACAAkkK1QvQ5/jqkAAAAFAQAACQAk
        AAAAAAAAACAAAABdBQAAYnVpbGQuY21kCgAgAAAAAAABABgAiKJGelAp1gGIokZ6UCnWAYiiRnpQ
        KdYBUEsBAj8AFAAAAAgAJZCtUCMAuj9uAgAAAwUAACEAJAAAAAAAAAAgAAAALQYAAGNsaWZ5anh6
        eXU2dG5zei1XZWItRGVwbG95LnB1YnhtbAoAIAAAAAAAAQAYALIVbHtQKdYB3Bcue1Ap1gHcFy57
        UCnWAVBLAQI/ABQAAAAIACaQrVAc2ytzTQEAAFYCAAAfACQAAAAAAAAAIAAAANoIAABjbGlmeWp4
        enl1NnRuc3ouUHVibGlzaFNldHRpbmdzCgAgAAAAAAABABgA3otDfFAp1gGlZQJ8UCnWAaVlAnxQ
        KdYBUEsBAj8AFAAAAAAAJJCtUAAAAAAAAAAAAAAAAAwAJAAAAAAAAAAQAAAAZAoAAENvbnRyb2xs
        ZXJzLwoAIAAAAAAAAQAYAOqIJ3pQKdYB6ognelAp1gHqiCd6UCnWAVBLAQI/ABQAAAAIACSQrVCe
        +MEGQgIAAO8EAAAcACQAAAAAAAAAIAAAAI4KAABDb250cm9sbGVycy9Cb3RDb250cm9sbGVyLmNz
        CgAgAAAAAAABABgAn+opelAp1gGf6il6UCnWAZ/qKXpQKdYBUEsBAj8AFAAAAAgAJJCtUPl0cgpf
        BAAAhgsAAAoAJAAAAAAAAAAgAAAACg0AAGRlcGxveS5jbWQKACAAAAAAAAEAGAA7BUl6UCnWATsF
        SXpQKdYBOwVJelAp1gFQSwECPwAUAAAACAAkkK1Q4LGfRU8AAAB1AAAAFQAkAAAAAAAAACAAAACR
        EQAARGlyZWN0b3J5LkJ1aWxkLnByb3BzCgAgAAAAAAABABgAPE0selAp1gGf6il6UCnWAZ/qKXpQ
        KdYBUEsBAj8AFAAAAAgAJJCtUH8C/tdUAQAAHAMAAA4AJAAAAAAAAAAgAAAAExIAAEVjaG9Cb3Qu
        Y3Nwcm9qCgAgAAAAAAABABgAb68uelAp1gFvry56UCnWAW+vLnpQKdYBUEsBAj8AFAAAAAgAJJCt
        UBwpjz9xjAAAk6cDABEAJAAAAAAAAAAgAAAAkxMAAEVjaG9Cb3QuZGVwcy5qc29uCgAgAAAAAAAB
        ABgAvxExelAp1gFvry56UCnWAW+vLnpQKdYBUEsBAj8AFAAAAAgAJJCtUJtH0O+VAAAA4AAAABoA
        JAAAAAAAAAAgAAAAM6AAAEVjaG9Cb3QucnVudGltZWNvbmZpZy5qc29uCgAgAAAAAAABABgAYHQz
        elAp1gFgdDN6UCnWAWB0M3pQKdYBUEsBAj8AFAAAAAgAJJCtUOkTJ7OnAQAAVAQAAAsAJAAAAAAA
        AAAgAAAAAKEAAEVjaG9Cb3Quc2xuCgAgAAAAAAABABgAytY1elAp1gFgdDN6UCnWAWB0M3pQKdYB
        UEsBAj8AFAAAAAAAJJCtUAAAAAAAAAAAAAAAABIAJAAAAAAAAAAQAAAA0KIAAFBvc3REZXBsb3lT
        Y3JpcHRzLwoAIAAAAAAAAQAYABHeQXpQKdYBEd5BelAp1gHK1jV6UCnWAVBLAQI/ABQAAAAIACSQ
        rVDgz3m4kQAAANwAAAAtACQAAAAAAAAAIAAAAACjAABQb3N0RGVwbG95U2NyaXB0cy9naXRodWJQ
        cm9qZWN0Lmpzb24udGVtcGxhdGUKACAAAAAAAAEAGABJOTh6UCnWAUk5OHpQKdYBSTk4elAp1gFQ
        SwECPwAUAAAACAAkkK1QWtMXbNwAAAAOAgAAKAAkAAAAAAAAACAAAADcowAAUG9zdERlcGxveVNj
        cmlwdHMvSW5jbHVkZVNvdXJjZXMudGFyZ2V0cwoAIAAAAAAAAQAYAMrWNXpQKdYBytY1elAp1gHK
        1jV6UCnWAVBLAQI/ABQAAAAIACSQrVCo88lWlAIAAHUHAAAiACQAAAAAAAAAIAAAAP6kAABQb3N0
        RGVwbG95U2NyaXB0cy9tZXJnZVNldHRpbmdzLmpzCgAgAAAAAAABABgASTk4elAp1gFJOTh6UCnW
        AUk5OHpQKdYBUEsBAj8AFAAAAAgAJJCtUPaer4xBAwAAxggAACAAJAAAAAAAAAAgAAAA0qcAAFBv
        c3REZXBsb3lTY3JpcHRzL3ByZXBhcmVTcmMuY21kCgAgAAAAAAABABgAiZs6elAp1gGJmzp6UCnW
        AYmbOnpQKdYBUEsBAj8AFAAAAAgAJJCtUO9rT3V2AAAAewAAACYAJAAAAAAAAAAgAAAAUasAAFBv
        c3REZXBsb3lTY3JpcHRzL3B1Ymxpc2guY21kLnRlbXBsYXRlCgAgAAAAAAABABgAiZs6elAp1gGJ
        mzp6UCnWAYmbOnpQKdYBUEsBAj8AFAAAAAgAJJCtUCAsoLhuAgAAGwUAAC0AJAAAAAAAAAAgAAAA
        C6wAAFBvc3REZXBsb3lTY3JpcHRzL3B1Ymxpc2hQcm9maWxlLnhtbC50ZW1wbGF0ZQoAIAAAAAAA
        AQAYAOn9PHpQKdYB6f08elAp1gHp/Tx6UCnWAVBLAQI/ABQAAAAIACSQrVDTCVaJHwEAAAkCAAAu
        ACQAAAAAAAAAIAAAAMSuAABQb3N0RGVwbG95U2NyaXB0cy9wdWJsaXNoU2V0dGluZ3MueG1sLnRl
        bXBsYXRlCgAgAAAAAAABABgA5Xo/elAp1gHp/Tx6UCnWAen9PHpQKdYBUEsBAj8AFAAAAAgAJJCt
        UBPZeEvSAAAAdwEAAB0AJAAAAAAAAAAgAAAAL7AAAFBvc3REZXBsb3lTY3JpcHRzL3J1bkd1bHAu
        Y21kCgAgAAAAAAABABgA5Xo/elAp1gHlej96UCnWAeV6P3pQKdYBUEsBAj8AFAAAAAgAJJCtUKHo
        B0OGAgAAQwYAACsAJAAAAAAAAAAgAAAAPLEAAFBvc3REZXBsb3lTY3JpcHRzL3NldHVwR2l0aHVi
        UmVtb3RlUmVwby5jbWQKACAAAAAAAAEAGAAR3kF6UCnWAeV6P3pQKdYB5Xo/elAp1gFQSwECPwAU
        AAAACAAkkK1Q58hJBf8CAAAyBwAAKAAkAAAAAAAAACAAAAALtAAAUG9zdERlcGxveVNjcmlwdHMv
        c2V0dXBWc29SZW1vdGVSZXBvLmNtZAoAIAAAAAAAAQAYABHeQXpQKdYBEd5BelAp1gER3kF6UCnW
        AVBLAQI/ABQAAAAIACSQrVAABermvwAAABwBAAAqACQAAAAAAAAAIAAAAFC3AABQb3N0RGVwbG95
        U2NyaXB0cy92c29Qcm9qZWN0Lmpzb24udGVtcGxhdGUKACAAAAAAAAEAGAAR3kF6UCnWARHeQXpQ
        KdYBEd5BelAp1gFQSwECPwAUAAAACAAkkK1Qv3BPlA0BAAAjAgAACgAkAAAAAAAAACAAAABXuAAA
        UHJvZ3JhbS5jcwoAIAAAAAAAAQAYACdARHpQKdYBJ0BEelAp1gEnQER6UCnWAVBLAQI/ABQAAAAA
        ACSQrVAAAAAAAAAAAAAAAAALACQAAAAAAAAAEAAAAIy5AABQcm9wZXJ0aWVzLwoAIAAAAAAAAQAY
        ACdARHpQKdYBJ0BEelAp1gEnQER6UCnWAVBLAQI/ABQAAAAIACSQrVD0A7LF7wAAAMYBAAAeACQA
        AAAAAAAAIAAAALW5AABQcm9wZXJ0aWVzL2xhdW5jaFNldHRpbmdzLmpzb24KACAAAAAAAAEAGAAn
        QER6UCnWASdARHpQKdYBJ0BEelAp1gFQSwECPwAUAAAACAAmkK1QtgH3bqMAAAC4AAAACwAkAAAA
        AAAAACAAAADgugAAcHVibGlzaC5jbWQKACAAAAAAAAEAGADEPvt7UCnWAY3IuntQKdYBjci6e1Ap
        1gFQSwECPwAUAAAACAAkkK1QvaMPl0oEAAD7CgAACQAkAAAAAAAAACAAAACsuwAAUkVBRE1FLm1k
        CgAgAAAAAAABABgAiKJGelAp1gGIokZ6UCnWAYiiRnpQKdYBUEsBAj8AFAAAAAgAJJCtUIXaaQSW
        AgAAWwcAAAoAJAAAAAAAAAAgAAAAHcAAAFN0YXJ0dXAuY3MKACAAAAAAAAEAGACIokZ6UCnWAYii
        RnpQKdYBiKJGelAp1gFQSwECPwAUAAAACAAkkK1QUqxX1D0BAADuAQAACgAkAAAAAAAAACAAAADb
        wgAAd2ViLmNvbmZpZwoAIAAAAAAAAQAYADsFSXpQKdYBOwVJelAp1gE7BUl6UCnWAVBLAQI/ABQA
        AAAAACSQrVAAAAAAAAAAAAAAAAAIACQAAAAAAAAAEAAAAEDEAAB3d3dyb290LwoAIAAAAAAAAQAY
        AOtzS3pQKdYB63NLelAp1gE7BUl6UCnWAVBLAQI/ABQAAAAIACSQrVAGB5kEeBMAAMpNAAATACQA
        AAAAAAAAIAAAAGbEAAB3d3dyb290L2RlZmF1bHQuaHRtCgAgAAAAAAABABgA63NLelAp1gHrc0t6
        UCnWAetzS3pQKdYBUEsBAj8AFAAAAAgAJZCtUIe/bTAdEwAAxUsAABQAJAAAAAAAAAAgAAAAD9gA
        AHd3d3Jvb3QvZGVmYXVsdC5odG1sCgAgAAAAAAABABgA0dZNelAp1gHrc0t6UCnWAetzS3pQKdYB
        UEsFBgAAAAAmACYAkQ8AAF7rAAAAAA==
    headers:
      cache-control:
      - no-cache
      content-length:
      - '64261'
      content-type:
      - application/x-zip-compressed
      date:
      - Wed, 13 May 2020 18:01:18 GMT
      etag:
      - '"8e1c539f67f7d708"'
      expires:
      - '-1'
      last-modified:
      - Wed, 13 May 2020 18:01:12 GMT
      pragma:
      - no-cache
      server:
      - Microsoft-IIS/10.0
      set-cookie:
      - ARRAffinity=3b8e5e14c98dbc88a4bf67995699071eacd97574d7dd6e8b001fea4375aa8065;Path=/;HttpOnly;Domain=clifyjxzyu6tnsz.scm.azurewebsites.net
      x-aspnet-version:
      - 4.0.30319
      x-powered-by:
      - ASP.NET
    status:
      code: 200
      message: OK
- request:
    body: null
    headers:
      Accept:
      - application/json
      Accept-Encoding:
      - gzip, deflate
      CommandName:
      - bot download
      Connection:
      - keep-alive
      Content-Length:
      - '0'
      ParameterSetName:
      - -g -n
      User-Agent:
      - python/3.7.0 (Windows-10-10.0.18362-SP0) msrest/0.6.8 msrest_azure/0.6.3 azure-mgmt-web/0.44.0
        Azure-SDK-For-Python AZURECLI/2.5.1
      accept-language:
      - en-US
    method: POST
    uri: https://management.azure.com/subscriptions/00000000-0000-0000-0000-000000000000/resourceGroups/clitest.rg000001/providers/Microsoft.Web/sites/cli000002/config/appsettings/list?api-version=2019-08-01
  response:
    body:
      string: '{"id":"/subscriptions/00000000-0000-0000-0000-000000000000/resourceGroups/clitest.rg000001/providers/Microsoft.Web/sites/cli000002/config/appsettings","name":"appsettings","type":"Microsoft.Web/sites/config","location":"Central
        US","properties":{"WEBSITE_NODE_DEFAULT_VERSION":"10.14.1","MicrosoftAppId":"a35c4cac-3fcb-4320-a398-0988b50dea3c","MicrosoftAppPassword":"1f7fe9e9-c7a8-4d62-a67d-acb9bd0a0b1d"}}'
    headers:
      cache-control:
      - no-cache
      content-length:
      - '416'
      content-type:
      - application/json
      date:
      - Wed, 13 May 2020 18:01:19 GMT
      expires:
      - '-1'
      pragma:
      - no-cache
      server:
      - Microsoft-IIS/10.0
      strict-transport-security:
      - max-age=31536000; includeSubDomains
      transfer-encoding:
      - chunked
      vary:
      - Accept-Encoding
      x-aspnet-version:
      - 4.0.30319
      x-content-type-options:
      - nosniff
      x-ms-ratelimit-remaining-subscription-resource-requests:
      - '11999'
      x-powered-by:
      - ASP.NET
    status:
      code: 200
      message: OK
- request:
    body: null
    headers:
      Accept:
      - application/json
      Accept-Encoding:
      - gzip, deflate
      CommandName:
      - bot download
      Connection:
      - keep-alive
      ParameterSetName:
      - -g -n
      User-Agent:
      - python/3.7.0 (Windows-10-10.0.18362-SP0) msrest/0.6.8 msrest_azure/0.6.3 azure-mgmt-web/0.44.0
        Azure-SDK-For-Python AZURECLI/2.5.1
      accept-language:
      - en-US
    method: GET
    uri: https://management.azure.com/subscriptions/00000000-0000-0000-0000-000000000000/resourceGroups/clitest.rg000001/providers/Microsoft.Web/sites/cli000002/config/slotConfigNames?api-version=2019-08-01
  response:
    body:
      string: '{"id":null,"name":"cli000002","type":"Microsoft.Web/sites","location":"Central
        US","properties":{"connectionStringNames":null,"appSettingNames":null,"azureStorageConfigNames":null}}'
    headers:
      cache-control:
      - no-cache
      content-length:
      - '187'
      content-type:
      - application/json
      date:
      - Wed, 13 May 2020 18:01:20 GMT
      expires:
      - '-1'
      pragma:
      - no-cache
      server:
      - Microsoft-IIS/10.0
      strict-transport-security:
      - max-age=31536000; includeSubDomains
      transfer-encoding:
      - chunked
      vary:
      - Accept-Encoding
      x-aspnet-version:
      - 4.0.30319
      x-content-type-options:
      - nosniff
      x-powered-by:
      - ASP.NET
    status:
      code: 200
      message: OK
version: 1
