interactions:
- request:
    body: '{"location": "westus", "tags": {"product": "azurecli", "cause": "automation",
      "date": "2018-08-30T23:30:41Z"}}'
    headers:
      Accept: [application/json]
      Accept-Encoding: ['gzip, deflate']
      CommandName: [group create]
      Connection: [keep-alive]
      Content-Length: ['110']
      Content-Type: [application/json; charset=utf-8]
      User-Agent: [python/3.6.1 (Windows-10-10.0.17134-SP0) requests/2.19.1 msrest/0.5.4
          msrest_azure/0.4.34 resourcemanagementclient/2.0.0 Azure-SDK-For-Python
          AZURECLI/2.0.46]
      accept-language: [en-US]
    method: PUT
    uri: https://management.azure.com/subscriptions/00000000-0000-0000-0000-000000000000/resourcegroups/clitest.rg000001?api-version=2019-07-01
  response:
    body: {string: '{"id":"/subscriptions/00000000-0000-0000-0000-000000000000/resourceGroups/clitest.rg000001","name":"clitest.rg000001","location":"westus","tags":{"product":"azurecli","cause":"automation","date":"2018-08-30T23:30:41Z"},"properties":{"provisioningState":"Succeeded"}}'}
    headers:
      cache-control: [no-cache]
      content-length: ['274']
      content-type: [application/json; charset=utf-8]
      date: ['Thu, 30 Aug 2018 23:30:42 GMT']
      expires: ['-1']
      pragma: [no-cache]
      strict-transport-security: [max-age=31536000; includeSubDomains]
      x-content-type-options: [nosniff]
      x-ms-ratelimit-remaining-subscription-writes: ['1199']
    status: {code: 201, message: Created}
- request:
    body: null
    headers:
      Accept: [application/json]
      Accept-Encoding: ['gzip, deflate']
      CommandName: [unknown]
      Connection: [keep-alive]
      Content-Type: [application/json; charset=utf-8]
      User-Agent: [python/3.6.1 (Windows-10-10.0.17134-SP0) requests/2.19.1 msrest/0.5.4
          msrest_azure/0.4.34 subscriptionclient/2.0.0 Azure-SDK-For-Python AZURECLI/2.0.46]
      accept-language: [en-US]
    method: GET
    uri: https://management.azure.com/subscriptions/00000000-0000-0000-0000-000000000000/locations?api-version=2019-06-01
  response:
    body: {string: '{"value":[{"id":"/subscriptions/00000000-0000-0000-0000-000000000000/locations/eastasia","name":"eastasia","displayName":"East
        Asia","longitude":"114.188","latitude":"22.267"},{"id":"/subscriptions/00000000-0000-0000-0000-000000000000/locations/southeastasia","name":"southeastasia","displayName":"Southeast
        Asia","longitude":"103.833","latitude":"1.283"},{"id":"/subscriptions/00000000-0000-0000-0000-000000000000/locations/centralus","name":"centralus","displayName":"Central
        US","longitude":"-93.6208","latitude":"41.5908"},{"id":"/subscriptions/00000000-0000-0000-0000-000000000000/locations/eastus","name":"eastus","displayName":"East
        US","longitude":"-79.8164","latitude":"37.3719"},{"id":"/subscriptions/00000000-0000-0000-0000-000000000000/locations/eastus2","name":"eastus2","displayName":"East
        US 2","longitude":"-78.3889","latitude":"36.6681"},{"id":"/subscriptions/00000000-0000-0000-0000-000000000000/locations/westus","name":"westus","displayName":"West
        US","longitude":"-122.417","latitude":"37.783"},{"id":"/subscriptions/00000000-0000-0000-0000-000000000000/locations/northcentralus","name":"northcentralus","displayName":"North
        Central US","longitude":"-87.6278","latitude":"41.8819"},{"id":"/subscriptions/00000000-0000-0000-0000-000000000000/locations/southcentralus","name":"southcentralus","displayName":"South
        Central US","longitude":"-98.5","latitude":"29.4167"},{"id":"/subscriptions/00000000-0000-0000-0000-000000000000/locations/northeurope","name":"northeurope","displayName":"North
        Europe","longitude":"-6.2597","latitude":"53.3478"},{"id":"/subscriptions/00000000-0000-0000-0000-000000000000/locations/westeurope","name":"westeurope","displayName":"West
        Europe","longitude":"4.9","latitude":"52.3667"},{"id":"/subscriptions/00000000-0000-0000-0000-000000000000/locations/japanwest","name":"japanwest","displayName":"Japan
        West","longitude":"135.5022","latitude":"34.6939"},{"id":"/subscriptions/00000000-0000-0000-0000-000000000000/locations/japaneast","name":"japaneast","displayName":"Japan
        East","longitude":"139.77","latitude":"35.68"},{"id":"/subscriptions/00000000-0000-0000-0000-000000000000/locations/brazilsouth","name":"brazilsouth","displayName":"Brazil
        South","longitude":"-46.633","latitude":"-23.55"},{"id":"/subscriptions/00000000-0000-0000-0000-000000000000/locations/australiaeast","name":"australiaeast","displayName":"Australia
        East","longitude":"151.2094","latitude":"-33.86"},{"id":"/subscriptions/00000000-0000-0000-0000-000000000000/locations/australiasoutheast","name":"australiasoutheast","displayName":"Australia
        Southeast","longitude":"144.9631","latitude":"-37.8136"},{"id":"/subscriptions/00000000-0000-0000-0000-000000000000/locations/southindia","name":"southindia","displayName":"South
        India","longitude":"80.1636","latitude":"12.9822"},{"id":"/subscriptions/00000000-0000-0000-0000-000000000000/locations/centralindia","name":"centralindia","displayName":"Central
        India","longitude":"73.9197","latitude":"18.5822"},{"id":"/subscriptions/00000000-0000-0000-0000-000000000000/locations/westindia","name":"westindia","displayName":"West
        India","longitude":"72.868","latitude":"19.088"},{"id":"/subscriptions/00000000-0000-0000-0000-000000000000/locations/canadacentral","name":"canadacentral","displayName":"Canada
        Central","longitude":"-79.383","latitude":"43.653"},{"id":"/subscriptions/00000000-0000-0000-0000-000000000000/locations/canadaeast","name":"canadaeast","displayName":"Canada
        East","longitude":"-71.217","latitude":"46.817"},{"id":"/subscriptions/00000000-0000-0000-0000-000000000000/locations/uksouth","name":"uksouth","displayName":"UK
        South","longitude":"-0.799","latitude":"50.941"},{"id":"/subscriptions/00000000-0000-0000-0000-000000000000/locations/ukwest","name":"ukwest","displayName":"UK
        West","longitude":"-3.084","latitude":"53.427"},{"id":"/subscriptions/00000000-0000-0000-0000-000000000000/locations/westcentralus","name":"westcentralus","displayName":"West
        Central US","longitude":"-110.234","latitude":"40.890"},{"id":"/subscriptions/00000000-0000-0000-0000-000000000000/locations/westus2","name":"westus2","displayName":"West
        US 2","longitude":"-119.852","latitude":"47.233"},{"id":"/subscriptions/00000000-0000-0000-0000-000000000000/locations/koreacentral","name":"koreacentral","displayName":"Korea
        Central","longitude":"126.9780","latitude":"37.5665"},{"id":"/subscriptions/00000000-0000-0000-0000-000000000000/locations/koreasouth","name":"koreasouth","displayName":"Korea
        South","longitude":"129.0756","latitude":"35.1796"},{"id":"/subscriptions/00000000-0000-0000-0000-000000000000/locations/francecentral","name":"francecentral","displayName":"France
        Central","longitude":"2.3730","latitude":"46.3772"},{"id":"/subscriptions/00000000-0000-0000-0000-000000000000/locations/francesouth","name":"francesouth","displayName":"France
        South","longitude":"2.1972","latitude":"43.8345"},{"id":"/subscriptions/00000000-0000-0000-0000-000000000000/locations/australiacentral","name":"australiacentral","displayName":"Australia
        Central","longitude":"149.1244","latitude":"-35.3075"},{"id":"/subscriptions/00000000-0000-0000-0000-000000000000/locations/australiacentral2","name":"australiacentral2","displayName":"Australia
        Central 2","longitude":"149.1244","latitude":"-35.3075"}]}'}
    headers:
      cache-control: [no-cache]
      content-length: ['5269']
      content-type: [application/json; charset=utf-8]
      date: ['Thu, 30 Aug 2018 23:30:42 GMT']
      expires: ['-1']
      pragma: [no-cache]
      strict-transport-security: [max-age=31536000; includeSubDomains]
      vary: [Accept-Encoding]
      x-content-type-options: [nosniff]
    status: {code: 200, message: OK}
- request:
    body: 'b''b\''{"properties": {"template": {"$schema": "http://schema.management.azure.com/schemas/2015-01-01/deploymentTemplate.json#",
      "contentVersion": "1.0.0.0", "parameters": {"botEnv": {"type": "string", "defaultValue":
      "prod"}, "botId": {"type": "string"}, "description": {"type": "string", "defaultValue":
      ""}, "location": {"type": "string"}, "sku": {"type": "string"}, "kind": {"type":
      "string"}, "siteName": {"type": "string"}, "createNewStorage": {"type": "bool"},
      "storageAccountName": {"type": "string"}, "storageAccountResourceId": {"type":
      "string", "defaultValue": ""}, "appId": {"type": "string", "defaultValue": "1234"},
      "appSecret": {"type": "string", "defaultValue": "blank"}, "azureWebJobsBotFrameworkDirectLineSecret":
      {"type": "string", "defaultValue": ""}, "zipUrl": {"type": "string", "defaultValue":
      ""}, "proactiveZipUrl": {"type": "string", "defaultValue": ""}, "useAppInsights":
      {"type": "bool"}, "appInsightsLocation": {"type": "string"}, "serverFarmId":
      {"type": "string"}, "createServerFarm": {"type": "bool"}, "serverFarmLocation":
      {"type": "string", "defaultValue": ""}, "serverFarmSku": {"type": "object",
      "defaultValue": {"name": "S1", "tier": "Standard", "size": "S1", "family": "S",
      "capacity": 1}}, "endpoint": {"type": "string", "defaultValue": ""}, "luisApiLocation":
      {"type": "string", "defaultValue": "Global"}}, "variables": {"storageAccountType":
      "Standard_LRS", "storageAccountId": "[if(or(parameters(\\\''createNewStorage\\\''),
      equals(\\\''\\\'', parameters(\\\''storageAccountResourceId\\\''))), resourceId(\\\''Microsoft.Storage/storageAccounts\\\'',
      parameters(\\\''storageAccountName\\\'')), parameters(\\\''storageAccountResourceId\\\''))]",
      "serverFarmName": "[last(split(parameters(\\\''serverFarmId\\\''), \\\''/\\\''))]",
      "myWorkerSize": 0, "proactiveFunctionName": "[concat(parameters(\\\''siteName\\\''),
      \\\''-function\\\'')]", "insightsName": "[concat(parameters(\\\''botId\\\''),
      substring(uniqueString(resourceGroup().id), 0, 6))]", "config": {"scratch":
      {"stateEndpoint": "https://intercom-api-scratch.azurewebsites.net", "azureWebJobsBotFrameworkDirectLineEndpoint":
      "https://directline.scratch.botframework.com/", "blobStoreName": "icscratch",
      "openIdMetadata": "https://intercom-api-ppe.azurewebsites.net/v1/.well-known/openidconfiguration"},
      "ppe": {"stateEndpoint": "https://intercom-api-ppe.azurewebsites.net", "azureWebJobsBotFrameworkDirectLineEndpoint":
      "https://directline.ppe.botframework.com/", "blobStoreName": "intercomppe",
      "openIdMetadata": "https://intercom-api-ppe.azurewebsites.net/v1/.well-known/openidconfiguration"},
      "prod": {"stateEndpoint": "", "azureWebJobsBotFrameworkDirectLineEndpoint":
      "https://directline.botframework.com/", "blobStoreName": "connectorprod", "openIdMetadata":
      ""}}, "botAppKinds": {"function": "functionapp", "sdk": "app", "designer": "app",
      "bot": ""}, "botAppKind": "[variables(\\\''botAppKinds\\\'')[parameters(\\\''kind\\\'')]]",
      "currentConfig": "[variables(\\\''config\\\'')[toLower(parameters(\\\''botEnv\\\''))]]",
      "siteHost": "[concat(parameters(\\\''siteName\\\''), \\\''.azurewebsites.net\\\'')]",
      "botEndpointConfig": {"bot": "[parameters(\\\''endpoint\\\'')]", "sdk": "[concat(\\\''https://\\\'',
      variables(\\\''siteHost\\\''), \\\''/api/messages\\\'')]", "designer": "[concat(\\\''https://\\\'',
      variables(\\\''siteHost\\\''), \\\''/api/messages\\\'')]", "function": "[concat(\\\''https://\\\'',
      variables(\\\''siteHost\\\''), \\\''/api/messages?code=\\\'', \\\''NYI\\\'')]"},
      "botEndpoint": "[variables(\\\''botEndpointConfig\\\'')[parameters(\\\''kind\\\'')]]",
      "luisApiName": "", "luisApiResId": "[resourceId(\\\''Microsoft.CognitiveServices/accounts/\\\'',
      variables(\\\''luisApiName\\\''))]"}, "resources": [{"name": "[if(equals(\\\''\\\'',
      variables(\\\''luisApiName\\\'')), \\\''nosuch\\\'', variables(\\\''luisApiName\\\''))]",
      "apiVersion": "2017-04-18", "condition": "[not(equals(variables(\\\''luisApiName\\\''),
      \\\''\\\''))]", "type": "Microsoft.CognitiveServices/accounts", "location":
      "[parameters(\\\''luisApiLocation\\\'')]", "sku": {"name": "F0"}, "kind": "LUIS",
      "properties": {}}, {"type": "Microsoft.Storage/storageAccounts", "condition":
      "[parameters(\\\''createNewStorage\\\'')]", "name": "[parameters(\\\''storageAccountName\\\'')]",
      "apiVersion": "2015-05-01-preview", "location": "[parameters(\\\''location\\\'')]",
      "properties": {"accountType": "[variables(\\\''storageAccountType\\\'')]"}},
      {"type": "Microsoft.Web/serverfarms", "condition": "[parameters(\\\''createServerFarm\\\'')]",
      "name": "[variables(\\\''serverFarmName\\\'')]", "apiVersion": "2016-09-01",
      "location": "[parameters(\\\''serverFarmLocation\\\'')]", "sku": "[parameters(\\\''serverFarmSku\\\'')]",
      "properties": {"name": "[variables(\\\''serverFarmName\\\'')]"}}, {"name": "[variables(\\\''insightsName\\\'')]",
      "type": "microsoft.insights/components", "kind": "web", "apiVersion": "2014-04-01",
      "condition": "[parameters(\\\''useAppInsights\\\'')]", "location": "[parameters(\\\''appInsightsLocation\\\'')]",
      "tags": {"[concat(\\\''hidden-link:\\\'', resourceId(\\\''Microsoft.BotService/botServices/\\\'',
      parameters(\\\''botId\\\'')))]": "Resource", "[concat(\\\''hidden-link:\\\'',
      resourceId(\\\''Microsoft.Web/sites/\\\'', parameters(\\\''siteName\\\'')))]":
      "Resource"}, "properties": {"ApplicationId": "[parameters(\\\''botId\\\'')]"}},
      {"name": "[parameters(\\\''siteName\\\'')]", "type": "Microsoft.Web/sites",
      "apiVersion": "2015-08-01", "condition": "[not(equals(parameters(\\\''zipUrl\\\''),
      \\\''\\\''))]", "location": "[parameters(\\\''location\\\'')]", "kind": "[variables(\\\''botAppKind\\\'')]",
      "dependsOn": ["[resourceId(\\\''Microsoft.Storage/storageAccounts/\\\'', parameters(\\\''storageAccountName\\\''))]",
      "[parameters(\\\''serverFarmId\\\'')]"], "properties": {"name": "[parameters(\\\''siteName\\\'')]",
      "serverFarmId": "[parameters(\\\''serverFarmId\\\'')]", "siteConfig": {"appSettings":
      [{"name": "AzureWebJobsStorage", "value": "[concat(\\\''DefaultEndpointsProtocol=https;AccountName=\\\'',parameters(\\\''storageAccountName\\\''),\\\'';AccountKey=\\\'',listkeys(variables(\\\''storageAccountId\\\''),
      \\\''2015-05-01-preview\\\'').key1,\\\'';\\\'')]"}, {"name": "AzureWebJobsDashboard",
      "value": "[concat(\\\''DefaultEndpointsProtocol=https;AccountName=\\\'',parameters(\\\''storageAccountName\\\''),\\\'';AccountKey=\\\'',listkeys(variables(\\\''storageAccountId\\\''),
      \\\''2015-05-01-preview\\\'').key1,\\\'';\\\'')]"}, {"name": "WEBSITE_NODE_DEFAULT_VERSION",
      "value": "6.9.1"}, {"name": "BotEnv", "value": "[parameters(\\\''botEnv\\\'')]"},
      {"name": "BotId", "value": "[parameters(\\\''botId\\\'')]"}, {"name": "MicrosoftAppId",
      "value": "[parameters(\\\''appId\\\'')]"}, {"name": "MicrosoftAppPassword",
      "value": "[parameters(\\\''appSecret\\\'')]"}, {"name": "BotStateEndpoint",
      "value": "[variables(\\\''currentConfig\\\'').stateEndpoint]"}, {"name": "BotOpenIdMetadata",
      "value": "[variables(\\\''currentConfig\\\'').openIdMetadata]"}, {"name": "UseTableStorageForConversationState",
      "value": "true"}, {"name": "BotDevAppInsightsKey", "value": "[reference(resourceId(\\\''microsoft.insights/components/\\\'',
      variables(\\\''insightsName\\\'')), \\\''2015-05-01\\\'').InstrumentationKey]"},
      {"name": "BotDevAppInsightsName", "value": "[variables(\\\''insightsName\\\'')]"},
      {"name": "BotDevAppInsightsAppId", "value": "[reference(resourceId(\\\''microsoft.insights/components/\\\'',
      variables(\\\''insightsName\\\'')), \\\''2015-05-01\\\'').AppId]"}], "cors":
      {"allowedOrigins": ["https://localhost:44300", "https://botservice.hosting.portal.azure.net",
      "https://hosting.onecloud.azure-test.net/"]}}}, "resources": [{"name": "MSDeploy",
      "type": "Extensions", "apiVersion": "2015-02-01", "condition": "[not(equals(parameters(\\\''zipUrl\\\''),
      \\\''\\\''))]", "dependsOn": ["[concat(\\\''Microsoft.Web/Sites/\\\'', parameters(\\\''siteName\\\''))]"],
      "properties": {"packageUri": "[parameters(\\\''zipUrl\\\'')]", "dbType": "None",
      "connectionString": "", "setParameters": {"IIS Web Application Name": "[parameters(\\\''siteName\\\'')]"}}},
      {"apiVersion": "2015-08-01", "name": "logs", "type": "config", "dependsOn":
      ["[resourceId(\\\''Microsoft.Web/Sites\\\'', parameters(\\\''siteName\\\''))]",
      "[resourceId(\\\''Microsoft.Web/Sites/extensions\\\'', parameters(\\\''siteName\\\''),
      \\\''MSDeploy\\\'')]"], "properties": {"applicationLogs": {"fileSystem": {"level":
      "Error"}, "azureTableStorage": {"level": "Off", "sasUrl": null}, "azureBlobStorage":
      {"level": "Error", "sasUrl": null, "retentionInDays": 1}}, "httpLogs": {"fileSystem":
      {"retentionInMb": 35, "retentionInDays": 1, "enabled": true}, "azureBlobStorage":
      {"enabled": false}}, "failedRequestsTracing": {"enabled": true}, "detailedErrorMessages":
      {"enabled": true}}}]}, {"apiVersion": "2016-03-01", "type": "Microsoft.Web/sites",
      "condition": "[not(equals(parameters(\\\''proactiveZipUrl\\\''), \\\''\\\''))]",
      "name": "[variables(\\\''proactiveFunctionName\\\'')]", "location": "[parameters(\\\''location\\\'')]",
      "kind": "functionapp", "dependsOn": ["[resourceId(\\\''Microsoft.Storage/storageAccounts/\\\'',
      parameters(\\\''storageAccountName\\\''))]", "[parameters(\\\''serverFarmId\\\'')]"],
      "properties": {"siteConfig": {"appSettings": [{"name": "AzureWebJobsDashboard",
      "value": "[concat(\\\''DefaultEndpointsProtocol=https;AccountName=\\\'',parameters(\\\''storageAccountName\\\''),\\\'';AccountKey=\\\'',listkeys(variables(\\\''storageAccountId\\\''),
      \\\''2015-05-01-preview\\\'').key1,\\\'';\\\'')]"}, {"name": "AzureWebJobsStorage",
      "value": "[concat(\\\''DefaultEndpointsProtocol=https;AccountName=\\\'',parameters(\\\''storageAccountName\\\''),\\\'';AccountKey=\\\'',listkeys(variables(\\\''storageAccountId\\\''),
      \\\''2015-05-01-preview\\\'').key1,\\\'';\\\'')]"}, {"name": "WEBSITE_CONTENTAZUREFILECONNECTIONSTRING",
      "value": "[concat(\\\''DefaultEndpointsProtocol=https;AccountName=\\\'',parameters(\\\''storageAccountName\\\''),\\\'';AccountKey=\\\'',listkeys(variables(\\\''storageAccountId\\\''),
      \\\''2015-05-01-preview\\\'').key1,\\\'';\\\'')]"}, {"name": "WEBSITE_CONTENTSHARE",
      "value": "[toLower(variables(\\\''proactiveFunctionName\\\''))]"}, {"name":
      "FUNCTIONS_EXTENSION_VERSION", "value": "~1"}, {"name": "AzureWebJobsBotFrameworkDirectLineSecret",
      "value": "[parameters(\\\''azureWebJobsBotFrameworkDirectLineSecret\\\'')]"},
      {"name": "AzureWebJobsBotFrameworkDirectLineEndpoint", "value": "[variables(\\\''currentConfig\\\'').azureWebJobsBotFrameworkDirectLineEndpoint]"}]}},
      "resources": [{"name": "MSDeploy", "type": "Extensions", "apiVersion": "2015-02-01",
      "condition": "[not(equals(parameters(\\\''proactiveZipUrl\\\''), \\\''\\\''))]",
      "dependsOn": ["[concat(\\\''Microsoft.Web/Sites/\\\'', variables(\\\''proactiveFunctionName\\\''))]"],
      "properties": {"packageUri": "[parameters(\\\''proactiveZipUrl\\\'')]"}}]},
      {"apiVersion": "2017-12-01", "type": "Microsoft.BotService/botServices", "name":
      "[parameters(\\\''botId\\\'')]", "location": "global", "kind": "[parameters(\\\''kind\\\'')]",
      "sku": {"name": "[parameters(\\\''sku\\\'')]"}, "properties": {"name": "[parameters(\\\''botId\\\'')]",
      "description": "[parameters(\\\''description\\\'')]", "displayName": "[parameters(\\\''botId\\\'')]",
      "endpoint": "[variables(\\\''botEndpoint\\\'')]", "msaAppId": "[parameters(\\\''appId\\\'')]",
      "developerAppInsightsApplicationId": "[variables(\\\''insightsName\\\'')]",
      "developerAppInsightKey": "[reference(resourceId(\\\''microsoft.insights/components/\\\'',
      variables(\\\''insightsName\\\'')), \\\''2015-05-01\\\'').InstrumentationKey]"},
      "dependsOn": ["[resourceId(\\\''Microsoft.Storage/storageAccounts/\\\'', parameters(\\\''storageAccountName\\\''))]",
      "[parameters(\\\''serverFarmId\\\'')]", "[resourceId(\\\''Microsoft.Web/sites/\\\'',
      parameters(\\\''siteName\\\''))]", "[resourceId(\\\''microsoft.insights/components/\\\'',
      variables(\\\''insightsName\\\''))]"]}]}, "parameters": {"location": {"value":
      "centralus"}, "kind": {"value": "sdk"}, "sku": {"value": "F0"}, "siteName":
      {"value": "cli0000024u59"}, "appId": {"value": "0cc66483-d276-4830-9afd-9fe6b654a255"},
      "appSecret": {"value": "testpassword"}, "storageAccountResourceId": {"value":
      ""}, "serverFarmId": {"value": "/subscriptions/00000000-0000-0000-0000-000000000000/resourceGroups/clitest.rg000001/providers/Microsoft.Web/serverfarms/cli000002"},
      "zipUrl": {"value": "https://connectorprod.blob.core.windows.net/bot-packages/csharp-abs-webapp_simpleechobot_precompiled.zip"},
      "createNewStorage": {"value": true}, "storageAccountName": {"value": "cli7ncsvyvz1ut"},
      "botEnv": {"value": "prod"}, "useAppInsights": {"value": true}, "appInsightsLocation":
      {"value": "South Central US"}, "createServerFarm": {"value": true}, "serverFarmLocation":
      {"value": "centralus"}, "azureWebJobsBotFrameworkDirectLineSecret": {"value":
      ""}, "botId": {"value": "cli000002"}}, "mode": "Incremental"}}\'''''
    headers:
      Accept: [application/json]
      Accept-Encoding: ['gzip, deflate']
      CommandName: [bot create]
      Connection: [keep-alive]
      Content-Length: ['11678']
      Content-Type: [application/json; charset=utf-8]
      User-Agent: [python/3.6.1 (Windows-10-10.0.17134-SP0) requests/2.19.1 msrest/0.5.4
          msrest_azure/0.4.34 resourcemanagementclient/2.0.0 Azure-SDK-For-Python
          AZURECLI/2.0.46]
      accept-language: [en-US]
    method: PUT
    uri: https://management.azure.com/subscriptions/00000000-0000-0000-0000-000000000000/resourcegroups/clitest.rg000001/providers/Microsoft.Resources/deployments/mock-deployment?api-version=2019-07-01
  response:
    body: {string: '{"id":"/subscriptions/00000000-0000-0000-0000-000000000000/resourceGroups/clitest.rg000001/providers/Microsoft.Resources/deployments/cli000002","name":"cli000002","properties":{"templateHash":"11415730151069052336","parameters":{"botEnv":{"type":"String","value":"prod"},"botId":{"type":"String","value":"cli000002"},"description":{"type":"String","value":""},"location":{"type":"String","value":"centralus"},"sku":{"type":"String","value":"F0"},"kind":{"type":"String","value":"sdk"},"siteName":{"type":"String","value":"cli0000024u59"},"createNewStorage":{"type":"Bool","value":true},"storageAccountName":{"type":"String","value":"cli7ncsvyvz1ut"},"storageAccountResourceId":{"type":"String","value":""},"appId":{"type":"String","value":"0cc66483-d276-4830-9afd-9fe6b654a255"},"appSecret":{"type":"String","value":"testpassword"},"azureWebJobsBotFrameworkDirectLineSecret":{"type":"String","value":""},"zipUrl":{"type":"String","value":"https://connectorprod.blob.core.windows.net/bot-packages/csharp-abs-webapp_simpleechobot_precompiled.zip"},"proactiveZipUrl":{"type":"String","value":""},"useAppInsights":{"type":"Bool","value":true},"appInsightsLocation":{"type":"String","value":"South
        Central US"},"serverFarmId":{"type":"String","value":"/subscriptions/00000000-0000-0000-0000-000000000000/resourceGroups/clitest.rg000001/providers/Microsoft.Web/serverfarms/cli000002"},"createServerFarm":{"type":"Bool","value":true},"serverFarmLocation":{"type":"String","value":"centralus"},"serverFarmSku":{"type":"Object","value":{"name":"S1","tier":"Standard","size":"S1","family":"S","capacity":1}},"endpoint":{"type":"String","value":""},"luisApiLocation":{"type":"String","value":"Global"}},"mode":"Incremental","provisioningState":"Accepted","timestamp":"2018-08-30T23:30:45.9367484Z","duration":"PT0.6191171S","correlationId":"c506eaf5-d516-4a07-80b6-4338191d462e","providers":[{"namespace":"Microsoft.Storage","resourceTypes":[{"resourceType":"storageAccounts","locations":["centralus"]}]},{"namespace":"Microsoft.Web","resourceTypes":[{"resourceType":"serverfarms","locations":["centralus"]},{"resourceType":"sites","locations":["centralus"]},{"resourceType":"sites/Extensions","locations":[null]},{"resourceType":"sites/config","locations":[null]}]},{"namespace":"microsoft.insights","resourceTypes":[{"resourceType":"components","locations":["southcentralus"]}]},{"namespace":"Microsoft.BotService","resourceTypes":[{"resourceType":"botServices","locations":["global"]}]}],"dependencies":[{"dependsOn":[{"id":"/subscriptions/00000000-0000-0000-0000-000000000000/resourceGroups/clitest.rg000001/providers/Microsoft.Storage/storageAccounts/cli7ncsvyvz1ut","resourceType":"Microsoft.Storage/storageAccounts","resourceName":"cli7ncsvyvz1ut"},{"id":"/subscriptions/00000000-0000-0000-0000-000000000000/resourceGroups/clitest.rg000001/providers/Microsoft.Web/serverfarms/cli000002","resourceType":"Microsoft.Web/serverfarms","resourceName":"cli000002"},{"id":"/subscriptions/00000000-0000-0000-0000-000000000000/resourceGroups/clitest.rg000001/providers/Microsoft.Storage/storageAccounts/cli7ncsvyvz1ut","resourceType":"Microsoft.Storage/storageAccounts","resourceName":"cli7ncsvyvz1ut","actionName":"listkeys","apiVersion":"2015-05-01-preview"},{"id":"/subscriptions/00000000-0000-0000-0000-000000000000/resourceGroups/clitest.rg000001/providers/microsoft.insights/components/cli0000022z4yyc","resourceType":"microsoft.insights/components","resourceName":"cli0000022z4yyc","apiVersion":"2015-05-01"}],"id":"/subscriptions/00000000-0000-0000-0000-000000000000/resourceGroups/clitest.rg000001/providers/Microsoft.Web/sites/cli0000024u59","resourceType":"Microsoft.Web/sites","resourceName":"cli0000024u59"},{"dependsOn":[{"id":"/subscriptions/00000000-0000-0000-0000-000000000000/resourceGroups/clitest.rg000001/providers/Microsoft.Web/sites/cli0000024u59","resourceType":"Microsoft.Web/sites","resourceName":"cli0000024u59"}],"id":"/subscriptions/00000000-0000-0000-0000-000000000000/resourceGroups/clitest.rg000001/providers/Microsoft.Web/sites/cli0000024u59/Extensions/MSDeploy","resourceType":"Microsoft.Web/sites/Extensions","resourceName":"cli0000024u59/MSDeploy"},{"dependsOn":[{"id":"/subscriptions/00000000-0000-0000-0000-000000000000/resourceGroups/clitest.rg000001/providers/Microsoft.Web/Sites/cli0000024u59","resourceType":"Microsoft.Web/Sites","resourceName":"cli0000024u59"},{"id":"/subscriptions/00000000-0000-0000-0000-000000000000/resourceGroups/clitest.rg000001/providers/Microsoft.Web/Sites/cli0000024u59/extensions/MSDeploy","resourceType":"Microsoft.Web/Sites/extensions","resourceName":"cli0000024u59/MSDeploy"}],"id":"/subscriptions/00000000-0000-0000-0000-000000000000/resourceGroups/clitest.rg000001/providers/Microsoft.Web/sites/cli0000024u59/config/logs","resourceType":"Microsoft.Web/sites/config","resourceName":"cli0000024u59/logs"},{"dependsOn":[{"id":"/subscriptions/00000000-0000-0000-0000-000000000000/resourceGroups/clitest.rg000001/providers/Microsoft.Storage/storageAccounts/cli7ncsvyvz1ut","resourceType":"Microsoft.Storage/storageAccounts","resourceName":"cli7ncsvyvz1ut"},{"id":"/subscriptions/00000000-0000-0000-0000-000000000000/resourceGroups/clitest.rg000001/providers/Microsoft.Web/serverfarms/cli000002","resourceType":"Microsoft.Web/serverfarms","resourceName":"cli000002"},{"id":"/subscriptions/00000000-0000-0000-0000-000000000000/resourceGroups/clitest.rg000001/providers/Microsoft.Storage/storageAccounts/cli7ncsvyvz1ut","resourceType":"Microsoft.Storage/storageAccounts","resourceName":"cli7ncsvyvz1ut","actionName":"listkeys","apiVersion":"2015-05-01-preview"}],"id":"/subscriptions/00000000-0000-0000-0000-000000000000/resourceGroups/clitest.rg000001/providers/Microsoft.Web/sites/cli0000024u59-function","resourceType":"Microsoft.Web/sites","resourceName":"cli0000024u59-function"},{"dependsOn":[{"id":"/subscriptions/00000000-0000-0000-0000-000000000000/resourceGroups/clitest.rg000001/providers/Microsoft.Web/sites/cli0000024u59-function","resourceType":"Microsoft.Web/sites","resourceName":"cli0000024u59-function"}],"id":"/subscriptions/00000000-0000-0000-0000-000000000000/resourceGroups/clitest.rg000001/providers/Microsoft.Web/sites/cli0000024u59-function/Extensions/MSDeploy","resourceType":"Microsoft.Web/sites/Extensions","resourceName":"cli0000024u59-function/MSDeploy"},{"dependsOn":[{"id":"/subscriptions/00000000-0000-0000-0000-000000000000/resourceGroups/clitest.rg000001/providers/Microsoft.Storage/storageAccounts/cli7ncsvyvz1ut","resourceType":"Microsoft.Storage/storageAccounts","resourceName":"cli7ncsvyvz1ut"},{"id":"/subscriptions/00000000-0000-0000-0000-000000000000/resourceGroups/clitest.rg000001/providers/Microsoft.Web/serverfarms/cli000002","resourceType":"Microsoft.Web/serverfarms","resourceName":"cli000002"},{"id":"/subscriptions/00000000-0000-0000-0000-000000000000/resourceGroups/clitest.rg000001/providers/Microsoft.Web/sites/cli0000024u59","resourceType":"Microsoft.Web/sites","resourceName":"cli0000024u59"},{"id":"/subscriptions/00000000-0000-0000-0000-000000000000/resourceGroups/clitest.rg000001/providers/microsoft.insights/components/cli0000022z4yyc","resourceType":"microsoft.insights/components","resourceName":"cli0000022z4yyc"},{"id":"/subscriptions/00000000-0000-0000-0000-000000000000/resourceGroups/clitest.rg000001/providers/microsoft.insights/components/cli0000022z4yyc","resourceType":"microsoft.insights/components","resourceName":"cli0000022z4yyc","apiVersion":"2015-05-01"}],"id":"/subscriptions/00000000-0000-0000-0000-000000000000/resourceGroups/clitest.rg000001/providers/Microsoft.BotService/botServices/cli000002","resourceType":"Microsoft.BotService/botServices","resourceName":"cli000002"}]}}'}
    headers:
      azure-asyncoperation: ['https://management.azure.com/subscriptions/00000000-0000-0000-0000-000000000000/resourcegroups/clitest.rg000001/providers/Microsoft.Resources/deployments/cli000002/operationStatuses/08586659350401600570?api-version=2019-07-01']
      cache-control: [no-cache]
      content-length: ['8040']
      content-type: [application/json; charset=utf-8]
      date: ['Thu, 30 Aug 2018 23:30:45 GMT']
      expires: ['-1']
      pragma: [no-cache]
      strict-transport-security: [max-age=31536000; includeSubDomains]
      x-content-type-options: [nosniff]
      x-ms-ratelimit-remaining-subscription-writes: ['1197']
    status: {code: 201, message: Created}
- request:
    body: null
    headers:
      Accept: [application/json]
      Accept-Encoding: ['gzip, deflate']
      CommandName: [bot create]
      Connection: [keep-alive]
      User-Agent: [python/3.6.1 (Windows-10-10.0.17134-SP0) requests/2.19.1 msrest/0.5.4
          msrest_azure/0.4.34 resourcemanagementclient/2.0.0 Azure-SDK-For-Python
          AZURECLI/2.0.46]
    method: GET
    uri: https://management.azure.com/subscriptions/00000000-0000-0000-0000-000000000000/resourcegroups/clitest.rg000001/providers/Microsoft.Resources/deployments/mock-deployment/operationStatuses/08586659350401600570?api-version=2019-07-01
  response:
    body: {string: '{"status":"Running"}'}
    headers:
      cache-control: [no-cache]
      content-length: ['20']
      content-type: [application/json; charset=utf-8]
      date: ['Thu, 30 Aug 2018 23:31:15 GMT']
      expires: ['-1']
      pragma: [no-cache]
      strict-transport-security: [max-age=31536000; includeSubDomains]
      vary: [Accept-Encoding]
      x-content-type-options: [nosniff]
    status: {code: 200, message: OK}
- request:
    body: null
    headers:
      Accept: [application/json]
      Accept-Encoding: ['gzip, deflate']
      CommandName: [bot create]
      Connection: [keep-alive]
      User-Agent: [python/3.6.1 (Windows-10-10.0.17134-SP0) requests/2.19.1 msrest/0.5.4
          msrest_azure/0.4.34 resourcemanagementclient/2.0.0 Azure-SDK-For-Python
          AZURECLI/2.0.46]
    method: GET
    uri: https://management.azure.com/subscriptions/00000000-0000-0000-0000-000000000000/resourcegroups/clitest.rg000001/providers/Microsoft.Resources/deployments/mock-deployment/operationStatuses/08586659350401600570?api-version=2019-07-01
  response:
    body: {string: '{"status":"Running"}'}
    headers:
      cache-control: [no-cache]
      content-length: ['20']
      content-type: [application/json; charset=utf-8]
      date: ['Thu, 30 Aug 2018 23:31:46 GMT']
      expires: ['-1']
      pragma: [no-cache]
      strict-transport-security: [max-age=31536000; includeSubDomains]
      vary: [Accept-Encoding]
      x-content-type-options: [nosniff]
    status: {code: 200, message: OK}
- request:
    body: null
    headers:
      Accept: [application/json]
      Accept-Encoding: ['gzip, deflate']
      CommandName: [bot create]
      Connection: [keep-alive]
      User-Agent: [python/3.6.1 (Windows-10-10.0.17134-SP0) requests/2.19.1 msrest/0.5.4
          msrest_azure/0.4.34 resourcemanagementclient/2.0.0 Azure-SDK-For-Python
          AZURECLI/2.0.46]
    method: GET
    uri: https://management.azure.com/subscriptions/00000000-0000-0000-0000-000000000000/resourcegroups/clitest.rg000001/providers/Microsoft.Resources/deployments/mock-deployment/operationStatuses/08586659350401600570?api-version=2019-07-01
  response:
    body: {string: '{"status":"Succeeded"}'}
    headers:
      cache-control: [no-cache]
      content-length: ['22']
      content-type: [application/json; charset=utf-8]
      date: ['Thu, 30 Aug 2018 23:32:16 GMT']
      expires: ['-1']
      pragma: [no-cache]
      strict-transport-security: [max-age=31536000; includeSubDomains]
      vary: [Accept-Encoding]
      x-content-type-options: [nosniff]
    status: {code: 200, message: OK}
- request:
    body: null
    headers:
      Accept: [application/json]
      Accept-Encoding: ['gzip, deflate']
      CommandName: [bot create]
      Connection: [keep-alive]
      User-Agent: [python/3.6.1 (Windows-10-10.0.17134-SP0) requests/2.19.1 msrest/0.5.4
          msrest_azure/0.4.34 resourcemanagementclient/2.0.0 Azure-SDK-For-Python
          AZURECLI/2.0.46]
    method: GET
    uri: https://management.azure.com/subscriptions/00000000-0000-0000-0000-000000000000/resourcegroups/clitest.rg000001/providers/Microsoft.Resources/deployments/mock-deployment?api-version=2019-07-01
  response:
    body: {string: '{"id":"/subscriptions/00000000-0000-0000-0000-000000000000/resourceGroups/clitest.rg000001/providers/Microsoft.Resources/deployments/cli000002","name":"cli000002","properties":{"templateHash":"11415730151069052336","parameters":{"botEnv":{"type":"String","value":"prod"},"botId":{"type":"String","value":"cli000002"},"description":{"type":"String","value":""},"location":{"type":"String","value":"centralus"},"sku":{"type":"String","value":"F0"},"kind":{"type":"String","value":"sdk"},"siteName":{"type":"String","value":"cli0000024u59"},"createNewStorage":{"type":"Bool","value":true},"storageAccountName":{"type":"String","value":"cli7ncsvyvz1ut"},"storageAccountResourceId":{"type":"String","value":""},"appId":{"type":"String","value":"0cc66483-d276-4830-9afd-9fe6b654a255"},"appSecret":{"type":"String","value":"testpassword"},"azureWebJobsBotFrameworkDirectLineSecret":{"type":"String","value":""},"zipUrl":{"type":"String","value":"https://connectorprod.blob.core.windows.net/bot-packages/csharp-abs-webapp_simpleechobot_precompiled.zip"},"proactiveZipUrl":{"type":"String","value":""},"useAppInsights":{"type":"Bool","value":true},"appInsightsLocation":{"type":"String","value":"South
        Central US"},"serverFarmId":{"type":"String","value":"/subscriptions/00000000-0000-0000-0000-000000000000/resourceGroups/clitest.rg000001/providers/Microsoft.Web/serverfarms/cli000002"},"createServerFarm":{"type":"Bool","value":true},"serverFarmLocation":{"type":"String","value":"centralus"},"serverFarmSku":{"type":"Object","value":{"name":"S1","tier":"Standard","size":"S1","family":"S","capacity":1}},"endpoint":{"type":"String","value":""},"luisApiLocation":{"type":"String","value":"Global"}},"mode":"Incremental","provisioningState":"Succeeded","timestamp":"2018-08-30T23:32:05.9558926Z","duration":"PT1M20.6382613S","correlationId":"c506eaf5-d516-4a07-80b6-4338191d462e","providers":[{"namespace":"Microsoft.Storage","resourceTypes":[{"resourceType":"storageAccounts","locations":["centralus"]}]},{"namespace":"Microsoft.Web","resourceTypes":[{"resourceType":"serverfarms","locations":["centralus"]},{"resourceType":"sites","locations":["centralus"]},{"resourceType":"sites/Extensions","locations":[null]},{"resourceType":"sites/config","locations":[null]}]},{"namespace":"microsoft.insights","resourceTypes":[{"resourceType":"components","locations":["southcentralus"]}]},{"namespace":"Microsoft.BotService","resourceTypes":[{"resourceType":"botServices","locations":["global"]}]}],"dependencies":[{"dependsOn":[{"id":"/subscriptions/00000000-0000-0000-0000-000000000000/resourceGroups/clitest.rg000001/providers/Microsoft.Storage/storageAccounts/cli7ncsvyvz1ut","resourceType":"Microsoft.Storage/storageAccounts","resourceName":"cli7ncsvyvz1ut"},{"id":"/subscriptions/00000000-0000-0000-0000-000000000000/resourceGroups/clitest.rg000001/providers/Microsoft.Web/serverfarms/cli000002","resourceType":"Microsoft.Web/serverfarms","resourceName":"cli000002"},{"id":"/subscriptions/00000000-0000-0000-0000-000000000000/resourceGroups/clitest.rg000001/providers/Microsoft.Storage/storageAccounts/cli7ncsvyvz1ut","resourceType":"Microsoft.Storage/storageAccounts","resourceName":"cli7ncsvyvz1ut","actionName":"listkeys","apiVersion":"2015-05-01-preview"},{"id":"/subscriptions/00000000-0000-0000-0000-000000000000/resourceGroups/clitest.rg000001/providers/microsoft.insights/components/cli0000022z4yyc","resourceType":"microsoft.insights/components","resourceName":"cli0000022z4yyc","apiVersion":"2015-05-01"}],"id":"/subscriptions/00000000-0000-0000-0000-000000000000/resourceGroups/clitest.rg000001/providers/Microsoft.Web/sites/cli0000024u59","resourceType":"Microsoft.Web/sites","resourceName":"cli0000024u59"},{"dependsOn":[{"id":"/subscriptions/00000000-0000-0000-0000-000000000000/resourceGroups/clitest.rg000001/providers/Microsoft.Web/sites/cli0000024u59","resourceType":"Microsoft.Web/sites","resourceName":"cli0000024u59"}],"id":"/subscriptions/00000000-0000-0000-0000-000000000000/resourceGroups/clitest.rg000001/providers/Microsoft.Web/sites/cli0000024u59/Extensions/MSDeploy","resourceType":"Microsoft.Web/sites/Extensions","resourceName":"cli0000024u59/MSDeploy"},{"dependsOn":[{"id":"/subscriptions/00000000-0000-0000-0000-000000000000/resourceGroups/clitest.rg000001/providers/Microsoft.Web/Sites/cli0000024u59","resourceType":"Microsoft.Web/Sites","resourceName":"cli0000024u59"},{"id":"/subscriptions/00000000-0000-0000-0000-000000000000/resourceGroups/clitest.rg000001/providers/Microsoft.Web/Sites/cli0000024u59/extensions/MSDeploy","resourceType":"Microsoft.Web/Sites/extensions","resourceName":"cli0000024u59/MSDeploy"}],"id":"/subscriptions/00000000-0000-0000-0000-000000000000/resourceGroups/clitest.rg000001/providers/Microsoft.Web/sites/cli0000024u59/config/logs","resourceType":"Microsoft.Web/sites/config","resourceName":"cli0000024u59/logs"},{"dependsOn":[{"id":"/subscriptions/00000000-0000-0000-0000-000000000000/resourceGroups/clitest.rg000001/providers/Microsoft.Storage/storageAccounts/cli7ncsvyvz1ut","resourceType":"Microsoft.Storage/storageAccounts","resourceName":"cli7ncsvyvz1ut"},{"id":"/subscriptions/00000000-0000-0000-0000-000000000000/resourceGroups/clitest.rg000001/providers/Microsoft.Web/serverfarms/cli000002","resourceType":"Microsoft.Web/serverfarms","resourceName":"cli000002"},{"id":"/subscriptions/00000000-0000-0000-0000-000000000000/resourceGroups/clitest.rg000001/providers/Microsoft.Storage/storageAccounts/cli7ncsvyvz1ut","resourceType":"Microsoft.Storage/storageAccounts","resourceName":"cli7ncsvyvz1ut","actionName":"listkeys","apiVersion":"2015-05-01-preview"}],"id":"/subscriptions/00000000-0000-0000-0000-000000000000/resourceGroups/clitest.rg000001/providers/Microsoft.Web/sites/cli0000024u59-function","resourceType":"Microsoft.Web/sites","resourceName":"cli0000024u59-function"},{"dependsOn":[{"id":"/subscriptions/00000000-0000-0000-0000-000000000000/resourceGroups/clitest.rg000001/providers/Microsoft.Web/sites/cli0000024u59-function","resourceType":"Microsoft.Web/sites","resourceName":"cli0000024u59-function"}],"id":"/subscriptions/00000000-0000-0000-0000-000000000000/resourceGroups/clitest.rg000001/providers/Microsoft.Web/sites/cli0000024u59-function/Extensions/MSDeploy","resourceType":"Microsoft.Web/sites/Extensions","resourceName":"cli0000024u59-function/MSDeploy"},{"dependsOn":[{"id":"/subscriptions/00000000-0000-0000-0000-000000000000/resourceGroups/clitest.rg000001/providers/Microsoft.Storage/storageAccounts/cli7ncsvyvz1ut","resourceType":"Microsoft.Storage/storageAccounts","resourceName":"cli7ncsvyvz1ut"},{"id":"/subscriptions/00000000-0000-0000-0000-000000000000/resourceGroups/clitest.rg000001/providers/Microsoft.Web/serverfarms/cli000002","resourceType":"Microsoft.Web/serverfarms","resourceName":"cli000002"},{"id":"/subscriptions/00000000-0000-0000-0000-000000000000/resourceGroups/clitest.rg000001/providers/Microsoft.Web/sites/cli0000024u59","resourceType":"Microsoft.Web/sites","resourceName":"cli0000024u59"},{"id":"/subscriptions/00000000-0000-0000-0000-000000000000/resourceGroups/clitest.rg000001/providers/microsoft.insights/components/cli0000022z4yyc","resourceType":"microsoft.insights/components","resourceName":"cli0000022z4yyc"},{"id":"/subscriptions/00000000-0000-0000-0000-000000000000/resourceGroups/clitest.rg000001/providers/microsoft.insights/components/cli0000022z4yyc","resourceType":"microsoft.insights/components","resourceName":"cli0000022z4yyc","apiVersion":"2015-05-01"}],"id":"/subscriptions/00000000-0000-0000-0000-000000000000/resourceGroups/clitest.rg000001/providers/Microsoft.BotService/botServices/cli000002","resourceType":"Microsoft.BotService/botServices","resourceName":"cli000002"}],"outputResources":[{"id":"/subscriptions/00000000-0000-0000-0000-000000000000/resourceGroups/clitest.rg000001/providers/Microsoft.BotService/botServices/cli000002"},{"id":"/subscriptions/00000000-0000-0000-0000-000000000000/resourceGroups/clitest.rg000001/providers/Microsoft.CognitiveServices/accounts/nosuch"},{"id":"/subscriptions/00000000-0000-0000-0000-000000000000/resourceGroups/clitest.rg000001/providers/microsoft.insights/components/cli0000022z4yyc"},{"id":"/subscriptions/00000000-0000-0000-0000-000000000000/resourceGroups/clitest.rg000001/providers/Microsoft.Storage/storageAccounts/cli7ncsvyvz1ut"},{"id":"/subscriptions/00000000-0000-0000-0000-000000000000/resourceGroups/clitest.rg000001/providers/Microsoft.Web/serverfarms/cli000002"},{"id":"/subscriptions/00000000-0000-0000-0000-000000000000/resourceGroups/clitest.rg000001/providers/Microsoft.Web/sites/cli0000024u59"},{"id":"/subscriptions/00000000-0000-0000-0000-000000000000/resourceGroups/clitest.rg000001/providers/Microsoft.Web/sites/cli0000024u59/config/logs"},{"id":"/subscriptions/00000000-0000-0000-0000-000000000000/resourceGroups/clitest.rg000001/providers/Microsoft.Web/sites/cli0000024u59/Extensions/MSDeploy"},{"id":"/subscriptions/00000000-0000-0000-0000-000000000000/resourceGroups/clitest.rg000001/providers/Microsoft.Web/sites/cli0000024u59-function"},{"id":"/subscriptions/00000000-0000-0000-0000-000000000000/resourceGroups/clitest.rg000001/providers/Microsoft.Web/sites/cli0000024u59-function/Extensions/MSDeploy"}]}}'}
    headers:
      cache-control: [no-cache]
      content-length: ['9640']
      content-type: [application/json; charset=utf-8]
      date: ['Thu, 30 Aug 2018 23:32:16 GMT']
      expires: ['-1']
      pragma: [no-cache]
      strict-transport-security: [max-age=31536000; includeSubDomains]
      vary: [Accept-Encoding]
      x-content-type-options: [nosniff]
    status: {code: 200, message: OK}
- request:
    body: null
    headers:
      Accept: [application/json]
      Accept-Encoding: ['gzip, deflate']
      CommandName: [bot create]
      Connection: [keep-alive]
      User-Agent: [python/3.6.1 (Windows-10-10.0.17134-SP0) requests/2.19.1 msrest/0.5.4
          msrest_azure/0.4.34 azure-mgmt-botservice/0.1.0 Azure-SDK-For-Python AZURECLI/2.0.46]
      accept-language: [en-US]
    method: GET
    uri: https://management.azure.com/subscriptions/00000000-0000-0000-0000-000000000000/resourceGroups/clitest.rg000001/providers/Microsoft.BotService/botServices/cli000002?api-version=2018-07-12
  response:
    body: {string: '{"id":"/subscriptions/00000000-0000-0000-0000-000000000000/resourceGroups/clitest.rg000001/providers/Microsoft.BotService/botServices/cli000002","name":"cli000002","type":"Microsoft.BotService/botServices","etag":"W/\"datetime''2018-08-30T23%3A31%3A28.9014617Z''\"","location":"global","sku":{"name":"F0"},"kind":"sdk","tags":{},"properties":{"displayName":"cli000002","description":"","iconUrl":"//bot-framework.azureedge.net/bot-icons-v1/bot-framework-default.png","endpoint":"https://cli0000024u59.azurewebsites.net/api/messages","msaAppId":"0cc66483-d276-4830-9afd-9fe6b654a255","developerAppInsightKey":"5fccaaaf-c63b-43c8-a4c7-6d81ec6b2933","developerAppInsightsApplicationId":"cli0000022z4yyc","luisAppIds":[],"endpointVersion":"3.0","configuredChannels":["webchat"],"enabledChannels":["webchat","directline"],"isDeveloperAppInsightsApiKeySet":false,"provisioningState":"Succeeded"}}'}
    headers:
      cache-control: [no-cache]
      content-length: ['922']
      content-type: [application/json; charset=utf-8]
      date: ['Thu, 30 Aug 2018 23:32:17 GMT']
      etag: [W/"datetime'2018-08-30T23%3A31%3A28.9014617Z'"]
      expires: ['-1']
      pragma: [no-cache]
      server: [Microsoft-IIS/10.0]
      strict-transport-security: [max-age=31536000; includeSubDomains]
      transfer-encoding: [chunked]
      vary: ['Accept-Encoding,Accept-Encoding']
      x-content-type-options: [nosniff]
    status: {code: 200, message: OK}
- request:
    body: null
    headers:
      Accept: [application/json]
      Accept-Encoding: ['gzip, deflate']
      CommandName: [bot download]
      Connection: [keep-alive]
      User-Agent: [python/3.6.1 (Windows-10-10.0.17134-SP0) requests/2.19.1 msrest/0.5.4
          msrest_azure/0.4.34 azure-mgmt-botservice/0.1.0 Azure-SDK-For-Python AZURECLI/2.0.46]
      accept-language: [en-US]
    method: GET
    uri: https://management.azure.com/subscriptions/00000000-0000-0000-0000-000000000000/resourceGroups/clitest.rg000001/providers/Microsoft.BotService/botServices/cli000002?api-version=2018-07-12
  response:
    body: {string: '{"id":"/subscriptions/00000000-0000-0000-0000-000000000000/resourceGroups/clitest.rg000001/providers/Microsoft.BotService/botServices/cli000002","name":"cli000002","type":"Microsoft.BotService/botServices","etag":"W/\"datetime''2018-08-30T23%3A31%3A28.9014617Z''\"","location":"global","sku":{"name":"F0"},"kind":"sdk","tags":{},"properties":{"displayName":"cli000002","description":"","iconUrl":"//bot-framework.azureedge.net/bot-icons-v1/bot-framework-default.png","endpoint":"https://cli0000024u59.azurewebsites.net/api/messages","msaAppId":"0cc66483-d276-4830-9afd-9fe6b654a255","developerAppInsightKey":"5fccaaaf-c63b-43c8-a4c7-6d81ec6b2933","developerAppInsightsApplicationId":"cli0000022z4yyc","luisAppIds":[],"endpointVersion":"3.0","configuredChannels":["webchat"],"enabledChannels":["webchat","directline"],"isDeveloperAppInsightsApiKeySet":false,"provisioningState":"Succeeded"}}'}
    headers:
      cache-control: [no-cache]
      content-length: ['922']
      content-type: [application/json; charset=utf-8]
      date: ['Thu, 30 Aug 2018 23:32:18 GMT']
      etag: [W/"datetime'2018-08-30T23%3A31%3A28.9014617Z'"]
      expires: ['-1']
      pragma: [no-cache]
      server: [Microsoft-IIS/10.0]
      strict-transport-security: [max-age=31536000; includeSubDomains]
      transfer-encoding: [chunked]
      vary: ['Accept-Encoding,Accept-Encoding']
      x-content-type-options: [nosniff]
    status: {code: 200, message: OK}
- request:
    body: null
    headers:
      Accept: [application/json]
      Accept-Encoding: ['gzip, deflate']
      CommandName: [bot download]
      Connection: [keep-alive]
      Content-Length: ['0']
      User-Agent: [python/3.6.1 (Windows-10-10.0.17134-SP0) requests/2.19.1 msrest/0.5.4
          msrest_azure/0.4.34 azure-mgmt-web/0.40.0 Azure-SDK-For-Python AZURECLI/2.0.46]
      accept-language: [en-US]
    method: POST
    uri: https://management.azure.com/subscriptions/00000000-0000-0000-0000-000000000000/resourceGroups/clitest.rg000001/providers/Microsoft.Web/sites/cli0000024u59/config/publishingcredentials/list?api-version=2018-02-01
  response:
    body: {string: '{"id":"/subscriptions/00000000-0000-0000-0000-000000000000/resourceGroups/clitest.rg000001/providers/Microsoft.Web/sites/cli0000024u59/publishingcredentials/$cli0000024u59","name":"cli0000024u59","type":"Microsoft.Web/sites/publishingcredentials","location":"Central
        US","properties":{"name":null,"publishingUserName":"$cli0000024u59","publishingPassword":"F0BiLgMxy3hn7RKRx4MZ80tj25wCszlfqTqTd8bDgxWtH6zrtdW7hBdkZv56","publishingPasswordHash":null,"publishingPasswordHashSalt":null,"metadata":null,"isDeleted":false,"scmUri":"https://$cli0000024u59:F0BiLgMxy3hn7RKRx4MZ80tj25wCszlfqTqTd8bDgxWtH6zrtdW7hBdkZv56@cli0000024u59.scm.azurewebsites.net"}}'}
    headers:
      cache-control: [no-cache]
      content-length: ['689']
      content-type: [application/json]
      date: ['Thu, 30 Aug 2018 23:32:18 GMT']
      expires: ['-1']
      pragma: [no-cache]
      server: [Microsoft-IIS/10.0]
      strict-transport-security: [max-age=31536000; includeSubDomains]
      transfer-encoding: [chunked]
      vary: [Accept-Encoding]
      x-aspnet-version: [4.0.30319]
      x-content-type-options: [nosniff]
      x-ms-ratelimit-remaining-subscription-resource-requests: ['11999']
      x-powered-by: [ASP.NET]
    status: {code: 200, message: OK}
- request:
    body: null
    headers:
      Accept: [application/json]
      Accept-Encoding: ['gzip, deflate']
      CommandName: [bot download]
      Connection: [keep-alive]
      User-Agent: [python/3.6.1 (Windows-10-10.0.17134-SP0) requests/2.19.1 msrest/0.5.4
          msrest_azure/0.4.34 azure-mgmt-web/0.40.0 Azure-SDK-For-Python AZURECLI/2.0.46]
      accept-language: [en-US]
    method: GET
    uri: https://management.azure.com/subscriptions/00000000-0000-0000-0000-000000000000/resourceGroups/clitest.rg000001/providers/Microsoft.Web/sites/cli0000024u59?api-version=2018-02-01
  response:
    body: {string: '{"id":"/subscriptions/00000000-0000-0000-0000-000000000000/resourceGroups/clitest.rg000001/providers/Microsoft.Web/sites/cli0000024u59","name":"cli0000024u59","type":"Microsoft.Web/sites","kind":"app","location":"Central
        US","properties":{"name":"cli0000024u59","state":"Running","hostNames":["cli0000024u59.azurewebsites.net"],"webSpace":"clitest.rg000001-CentralUSwebspace","selfLink":"https://waws-prod-dm1-099.api.azurewebsites.windows.net:454/subscriptions/00000000-0000-0000-0000-000000000000/webspaces/clitest.rg000001-CentralUSwebspace/sites/cli0000024u59","repositorySiteName":"cli0000024u59","owner":null,"usageState":"Normal","enabled":true,"adminEnabled":true,"enabledHostNames":["cli0000024u59.azurewebsites.net","cli0000024u59.scm.azurewebsites.net"],"siteProperties":{"metadata":null,"properties":[{"name":"LinuxFxVersion","value":""},{"name":"WindowsFxVersion","value":null}],"appSettings":null},"availabilityState":"Normal","sslCertificates":null,"csrs":[],"cers":null,"siteMode":null,"hostNameSslStates":[{"name":"cli0000024u59.azurewebsites.net","sslState":"Disabled","ipBasedSslResult":null,"virtualIP":null,"thumbprint":null,"toUpdate":null,"toUpdateIpBasedSsl":null,"ipBasedSslState":"NotConfigured","hostType":"Standard"},{"name":"cli0000024u59.scm.azurewebsites.net","sslState":"Disabled","ipBasedSslResult":null,"virtualIP":null,"thumbprint":null,"toUpdate":null,"toUpdateIpBasedSsl":null,"ipBasedSslState":"NotConfigured","hostType":"Repository"}],"computeMode":null,"serverFarm":null,"serverFarmId":"/subscriptions/00000000-0000-0000-0000-000000000000/resourceGroups/clitest.rg000001/providers/Microsoft.Web/serverfarms/cli000002","reserved":false,"isXenon":false,"lastModifiedTimeUtc":"2018-08-30T23:32:01.77","storageRecoveryDefaultState":"Running","contentAvailabilityState":"Normal","runtimeAvailabilityState":"Normal","siteConfig":null,"deploymentId":"cli0000024u59","trafficManagerHostNames":null,"sku":"Standard","scmSiteAlsoStopped":false,"targetSwapSlot":null,"hostingEnvironment":null,"hostingEnvironmentProfile":null,"clientAffinityEnabled":true,"clientCertEnabled":false,"hostNamesDisabled":false,"domainVerificationIdentifiers":null,"kind":"app","outboundIpAddresses":"104.43.140.101,40.113.226.127,104.43.249.85,104.43.246.185,104.43.246.48","possibleOutboundIpAddresses":"104.43.140.101,40.113.226.127,104.43.249.85,104.43.246.185,104.43.246.48,40.113.235.164,40.113.230.33,40.113.233.156","containerSize":0,"dailyMemoryTimeQuota":0,"suspendedTill":null,"siteDisabledReason":0,"functionExecutionUnitsCache":null,"maxNumberOfWorkers":null,"homeStamp":"waws-prod-dm1-099","cloningInfo":null,"hostingEnvironmentId":null,"tags":null,"resourceGroup":"clitest.rg000001","defaultHostName":"cli0000024u59.azurewebsites.net","slotSwapStatus":null,"httpsOnly":false}}'}
    headers:
      cache-control: [no-cache]
      content-length: ['2897']
      content-type: [application/json]
      date: ['Thu, 30 Aug 2018 23:32:19 GMT']
      etag: ['"1D440B9A7216CA0"']
      expires: ['-1']
      pragma: [no-cache]
      server: [Microsoft-IIS/10.0]
      strict-transport-security: [max-age=31536000; includeSubDomains]
      transfer-encoding: [chunked]
      vary: [Accept-Encoding]
      x-aspnet-version: [4.0.30319]
      x-content-type-options: [nosniff]
      x-powered-by: [ASP.NET]
    status: {code: 200, message: OK}
- request:
    body: null
    headers:
      Accept: ['*/*']
      Accept-Encoding: ['gzip, deflate']
      Connection: [keep-alive]
      User-Agent: [python-requests/2.19.1]
      content-type: [application/json]
    method: GET
    uri: https://cli0000024u59.scm.azurewebsites.net/api/zip/site/clirepo/
  response:
    body: {string: '{"Message":"''D:\\home\\site\\clirepo\\'' not found."}'}
    headers:
      cache-control: [no-cache]
      content-length: ['52']
      content-type: [application/json; charset=utf-8]
      date: ['Thu, 30 Aug 2018 23:32:22 GMT']
      expires: ['-1']
      pragma: [no-cache]
      server: [Microsoft-IIS/10.0]
      set-cookie: [ARRAffinity=72fc5dc6c6711158646f3cbc077608b3e352d48ea93e25ea3afbfe5efb9e8e00;Path=/;HttpOnly;Domain=cli7ncsvyvtcb2x4u59.scm.azurewebsites.net]
      x-aspnet-version: [4.0.30319]
      x-powered-by: [ASP.NET]
    status: {code: 404, message: Not Found}
- request:
    body: '{"command": "PostDeployScripts\\prepareSrc.cmd F0BiLgMxy3hn7RKRx4MZ80tj25wCszlfqTqTd8bDgxWtH6zrtdW7hBdkZv56",
      "dir": "site\\wwwroot"}'
    headers:
      Accept: ['*/*']
      Accept-Encoding: ['gzip, deflate']
      Connection: [keep-alive]
      Content-Length: ['133']
      User-Agent: [python-requests/2.19.1]
      content-type: [application/json]
    method: POST
    uri: https://cli0000024u59.scm.azurewebsites.net/api/command
  response:
    body: {string: '{"Output":"file:///D/home/site/srcRepo\r\nInitialized empty Git
        repository in D:/home/site/wwwroot/.git/\r\n[master (root-commit) f276489]
        prepare to download source\r\n 28 files changed, 1159 insertions(+)\r\n create
        mode 100644 .deployment\r\n create mode 100644 .gitignore\r\n create mode
        100644 App_Start/WebApiConfig.cs\r\n create mode 100644 Controllers/MessagesController.cs\r\n
        create mode 100644 Dialogs/EchoDialog.cs\r\n create mode 100644 Global.asax\r\n
        create mode 100644 Global.asax.cs\r\n create mode 100644 Microsoft.Bot.Sample.SimpleEchoBot.csproj\r\n
        create mode 100644 Microsoft.Bot.Sample.SimpleEchoBot.sln\r\n create mode
        100644 PostDeployScripts/IncludeSources.targets\r\n create mode 100644 PostDeployScripts/githubProject.json.template\r\n
        create mode 100644 PostDeployScripts/prepareSrc.cmd\r\n create mode 100644
        PostDeployScripts/publish.cmd.template\r\n create mode 100644 PostDeployScripts/publishProfile.xml.template\r\n
        create mode 100644 PostDeployScripts/publishSettings.xml.template\r\n create
        mode 100644 PostDeployScripts/runGulp.cmd\r\n create mode 100644 PostDeployScripts/setupGithubRemoteRepo.cmd\r\n
        create mode 100644 PostDeployScripts/setupVsoRemoteRepo.cmd\r\n create mode
        100644 PostDeployScripts/vsoProject.json.template\r\n create mode 100644 Properties/AssemblyInfo.cs\r\n
        create mode 100644 Web.Debug.config\r\n create mode 100644 Web.Release.config\r\n
        create mode 100644 Web.config\r\n create mode 100644 build.cmd\r\n create
        mode 100644 default.htm\r\n create mode 100644 deploy.cmd\r\n create mode
        100644 packages.config\r\n create mode 100644 readme.md\r\nInitialized empty
        Git repository in D:/home/site/srcRepo/\r\nBranch ''master'' set up to track
        remote branch ''master'' from ''srcRepo''.\r\n\r\n7-Zip (A) 9.20  Copyright
        (c) 1999-2010 Igor Pavlov  2010-11-18\r\nScanning\r\n\r\nCreating archive
        D:\\home\\site\\bot-src.zip\r\n\r\nCompressing  .deployment\r\nCompressing  .gitignore\r\nCompressing  App_Start\\WebApiConfig.cs\r\nCompressing  build.cmd\r\nCompressing  Controllers\\MessagesController.cs\r\nCompressing  default.htm\r\nCompressing  deploy.cmd\r\nCompressing  Dialogs\\EchoDialog.cs\r\nCompressing  Global.asax\r\nCompressing  Global.asax.cs\r\nCompressing  Microsoft.Bot.Sample.SimpleEchoBot.csproj\r\nCompressing  Microsoft.Bot.Sample.SimpleEchoBot.sln\r\nCompressing  packages.config\r\nCompressing  PostDeployScripts\\cli0000024u59.PublishSettings\r\nCompressing  PostDeployScripts\\githubProject.json.template\r\nCompressing  PostDeployScripts\\IncludeSources.targets\r\nCompressing  PostDeployScripts\\prepareSrc.cmd\r\nCompressing  PostDeployScripts\\publish.cmd.template\r\nCompressing  PostDeployScripts\\publishProfile.xml.template\r\nCompressing  PostDeployScripts\\publishSettings.xml.template\r\nCompressing  PostDeployScripts\\runGulp.cmd\r\nCompressing  PostDeployScripts\\setupGithubRemoteRepo.cmd\r\nCompressing  PostDeployScripts\\setupVsoRemoteRepo.cmd\r\nCompressing  PostDeployScripts\\vsoProject.json.template\r\nCompressing  Properties\\AssemblyInfo.cs\r\nCompressing  Properties\\PublishProfiles\\cli0000024u59-Web-Deploy.pubxml\r\nCompressing  publish.cmd\r\nCompressing  readme.md\r\nCompressing  Web.config\r\nCompressing  Web.Debug.config\r\nCompressing  Web.Release.config\r\n\r\nEverything
        is Ok\r\n","Error":"To file:///D/home/site/srcRepo\r\n * [new branch]      master
        -> master\r\nCloning into ''bot-src''...\r\n","ExitCode":0}'}
    headers:
      cache-control: [no-cache]
      content-length: ['3438']
      content-type: [application/json; charset=utf-8]
      date: ['Thu, 30 Aug 2018 23:32:34 GMT']
      expires: ['-1']
      pragma: [no-cache]
      server: [Microsoft-IIS/10.0]
      set-cookie: [ARRAffinity=72fc5dc6c6711158646f3cbc077608b3e352d48ea93e25ea3afbfe5efb9e8e00;Path=/;HttpOnly;Domain=cli7ncsvyvtcb2x4u59.scm.azurewebsites.net]
      vary: [Accept-Encoding]
      x-aspnet-version: [4.0.30319]
      x-powered-by: [ASP.NET]
    status: {code: 200, message: OK}
- request:
    body: null
    headers:
      Accept: ['*/*']
      Accept-Encoding: ['gzip, deflate']
      Connection: [keep-alive]
      User-Agent: [python-requests/2.19.1]
      content-type: [application/json]
    method: GET
    uri: https://cli0000024u59.scm.azurewebsites.net/api/vfs/site/bot-src.zip
  response:
    body:
      string: !!binary |
        UEsDBAoAAAAAABC8Hk2ZqxjsHgAAAB4AAAALAAAALmRlcGxveW1lbnRbY29uZmlnXQ0KY29tbWFu
        ZCA9IGRlcGxveS5jbWRQSwMEFAAAAAgAELweTdwqKu43AAAAOwAAAAoAAAAuZ2l0aWdub3JlLYrJ
        CQAgDMD+gov4qDNZEfEuFsXxteAnJJCB2WqFqT+S88XFwE8N0MLTKiwOU9IzzZF/wpbnAlBLAwQU
        AAAAAAAQvB5NAAAAAAAAAAAAAAAACgAAAEFwcF9TdGFydC9QSwMEFAAAAAgAELweTQ4IrhvVAQAA
        UwUAABkAAABBcHBfU3RhcnQvV2ViQXBpQ29uZmlnLmNzpVTfaxsxDH4P5H8wfbrAcN5bOsiyH+3Y
        spCM7VnxKZnBsT1bl9KG/O+Vfdc0uTsKJebgkP19kvVJchW13YgZPpCz0a1Jfo/O3gwHvftyiUGD
        0U9A+gS1fIyE25Ypp84YVAkY5Te0zFRtyA9t/7f3/uJK3hF53h8OLGwxelAolnrrDX5R/9wnR8PB
        fjgQvHy1MlqJSED8UwZiFOxg4vXU2bXe1KgG3CXsnC7FAjeaI4ciRa1pVcgJCpWtUU0/enpd47FI
        soiIRJxCPDtt2PKrC1sgDhCzhkfzKCaGZcOXs8qYP2AqvANbmqTKrejsyfuNdQFvLo7GyVIARQuM
        zuwwcDCLD2LKopspRJwH5zHQ4yxVoQ0uRpdfoDms82yMnKAt0RKWrQjJH1+Dg5P8jGuoDL24Yn4x
        ErcfUwIZ141WHOv4WsvWulCQD12Ppxl2pqkn4x4X7+mJFv3AArY7Ns2HmMzvhTprdfbDbRx2WmF8
        gxRcRdjf5z/BpwmaEAW9YtQiQ3Ob9OLr8xdatopu9ukFuBZXTbl5sK+6EtW3+o38QgAlNHg93qtU
        n/QGhcN4r8tDH7Gs3cbrXOe90CWLm68yh8CRU9/+8kkgMOJwzj/p/3TU/Ph7BlBLAwQUAAAACAAQ
        vB5NRYff1YUAAACuAAAACQAAAGJ1aWxkLmNtZE2OywrCMBBF94H8wyx1E/ADCkrNQqht8bEQCkGS
        CS1EJ5hI9O9tKlhXM1zOfaxR9wRkLWcBoyN9dZxNP2xlWzWXvaxP6ticD6UsvvquVm21KaWagWKV
        TYMFfA0hghBdSulBFDuD3tFb6JuBBWcA/hl68wdkbex0MIMTRn68y5yKd/Ob9QFQSwMEFAAAAAAA
        ELweTQAAAAAAAAAAAAAAAAwAAABDb250cm9sbGVycy9QSwMEFAAAAAgAELweTZx+gKPuAgAAxggA
        ACEAAABDb250cm9sbGVycy9NZXNzYWdlc0NvbnRyb2xsZXIuY3OtVE1P20AQvSPxH6YcUKIi5w5J
        pNCU0gMUkaAeEIfJekJWWXut3bWjCPHfO+vPOHEVWmEpjndn5+2bNx+plfErzLbWURTMV4Yw5I1g
        jnZtr05PWubftAhunUt4v7LcSWG01UsXXGsXfNNxTMJpc9Vtv06lCskEU4lKv/4VP5iSFUYmTup4
        /8w9uYZDjBHZBAXt3TPDKFEUzKT/+y5WmjdPT95OT4CfZ15MUrei2EmB/o6XwpCkCyUFCIXWwh1Z
        i69kOSRntFJk4BImiWzWhZMHLZ/BYABDm0YRmu24vf3waza/BEzkoMJt2w0JkhkBQlTYYWl0xMvU
        8sUYh2CJX4YSJfd9h4PuO4cJGozAazQ6Q+FkJt32bDwc5Ps7h58fWUQdW5pvE+o5fullL9My7PdL
        ZXbUyaRxKSpAu40F+DIZ+nRUEGV4Y3jQ1vWebziKax1uX2BSEoCKSb+EbjRsyINYkViDXNanQVrQ
        S/DkKolaTv5srz78ZQRxqhScn9cAwQ9yFYc8zj6MRrC7Y4OSfM2sYbf34AalAy6FjIzNSyiYcX4m
        XpOaxQX4O8YQ0wZ8DRZF3+v3r9qA7+0lKUtHCdxySSgqWqJkXd97BN+QS02cs+pIXG+vzWYOXcpN
        EFIwEYISR2GO32DvVIiRGTqqRe1kWRujA7HfDjNaHgp8fg7zNSVFjp64Rabo8HjauLB++okQcesX
        nRUygk8frMhQt8MSNgSrPJK2z0UlJfIHqiqgo8n9QGC7lfWUhOg+UJPM9bZgKXa8wXICeYsD4KFz
        AUqufQNFCz4AC/KDFcOQQsB8vEQ6o7AT+8k2iQ3uCoBJ5XlgefRI+zb+8IyW2oCMl7rzmnvtADOU
        ChcciWRxlcrZxyzdJ0nruFMeSf2nuizXIBeqnNGiAGRlrbNdjo0AN/78131B/FQ3ZH1NblbouNaS
        hGIKPyNafnOK/yW8daw3vircCvlXlLwfvi5H+gxOD0cZMW7XzMpnenv4lH/vfwBQSwMEFAAAAAgA
        ELweTQAeZffDAQAAEQQAAAsAAABkZWZhdWx0Lmh0bbVTTY/TMBC9I/EfhnDYU2qVA4uqNEhLK0Ag
        QOpy4Ogkk8Za2xPZ4y3l1zNOvxDawyK0kSLbz/PG73nG1YvV13e3P76tYWBn6+fPqvOIupMR5KvY
        sMW6UtN4Ah2yhnbQISIvi8R9+aYAlanqyK0a6vYQeW9xWfTkuey1M3a/uNrglhC+f7wqTtmGeb0x
        brS4bge6IZYk89PeeNwCwaGnACgxxm8hRQxg/JhYphng4RB0k4ztMMwqNV6SfMCAoOWP5BAG7UWc
        Nf4uAhNskUWpDozd4g/WaTItkj2uzog1daVhCNgvi4F5jAulOmrjzJk2UKSeZy05hb5MUTUkFxC0
        wx2FOwljjzyBzUFteYBKusdwb3BX1O8vomAKyh6FEWFneIDZl/WtWNRSGWseIy1gzjv7b4Wd0Za2
        8W0TtG+H5fz6+tXrUv9KAcsc7fEnF/Vn1MGDo3zpDUmJVgeWFOzvOsFm9SkX9t8dPdLKpE1dFMZ8
        wy2WrTSl8YlSLDscLe0den4ZxWIaH96cijLplzzQUifufAdCSSNcGHBhPIWfDpu0zU5iiS5ZzRSK
        epVB2FMKou3BYyt1buFDj1cqP9Fpcnz3vwFQSwMEFAAAAAgAELweTc3pgcEVBQAAOg4AAAoAAABk
        ZXBsb3kuY21kzVfbr9IwGH8n4X/4XLJEjQ7vMZxgRBhK5CbjeElIlp6tg+rWzrYT8cG/3a/dBocD
        3h+Uh7H1u/T33dunLAHHDXrjcDHv9vxw5L/2R64DE/8VOA8ceEqjtQCRJM1Gs9Fuw+2TP0t6ed4/
        hz7NU7HNKNcQRJLl2pJeU6mY4G24693x7j78oSZLnEkq6ceCKaapsitXuGq1LNkCFzH13itgXGmS
        pjRuNjZrlLcEuPeEFymYR7MxHIDrz+fTeWmmtfIOXG82AKydY6YU46udRvqZRoUmFym9BXlKiaL1
        JjXLLUAHklRSEm/3ACAjHyioQiK/hohwuKCAPNEaaYkUGUSFlMZJlH9iUnDjMM/AWAktgEopZLNx
        ozIzoLrI7dvOeEV1KiKSorxBF9OUbPH5OSfcONqwBP4CuvPFcNDtLYKO+zXO77ietyRSs4REGr1q
        /TGZLqDvD4YTv4//s9H03difLMJgej7v+aVrUNMxqdaIMH+sadGdP0cFtaZjUsfdwXSXm81GCqFP
        a534bxfhuDsZDvxgEc66ixd7tce0A70Z4SyhChUbgSt6Z3P/9XB6HpzSbbXvOH5pB4AbJ/HbCgmD
        d5Ne2Bv3S/UY1GGVUR+KuAC15VGdjjXFZORLQwwqYmQTMM+AXRI1knB7hTmiWIrpVNl5bZ/v18p8
        P8ixCsNIGJ1beF8oDbLg3OzpGLVmTwc2okhjzHMl8FV+qJx+aFDHJXkeE03cJWJb1sJelMXojh+m
        iD+e7SJ5ldBxNc1ydxmGYWyby8J8SsJjkbm1TG/kdyfhaNrrjsKr8loWdBePevurEsdQkNd/OwwW
        2B6v0LE9yhhaClofTxGNcPYhZvIU8RjIOHh2Phz1bUKVoRmri4Kl8YzodZ8mjNPYVvMBZ8edSbGS
        JBtgsNX1z48f3XCXyGAEl3cfeHeWzxivFzzsY9g/TunF5X/+MxguDQ77edjrbTW8wJDbWvAm6Iw3
        9AK6eZ6yiGjseBDv5D1rlZk1MMd6FNiEJ8VzqiEn0Qeyosq6vzUEZ8wiKZRItPdMaC8gGfZ4L2Dm
        z8cdzaJKeTUMHbi+q722bwcD7WUx8GKFumW1k+MedUp3+Yv7/FrF1lPhngc2uIAkvaZgqkRIIrdo
        p17vbHSHk3A2MqN9D6ye73e/YxNKXc411/ljsyKVS/HegRYXqVgJaH2i8kLgVN+2M2jptrXAvOQs
        pxhcioO/zISeyLfdNLXpvRBTTgcijamEVt4OZ2UgTSPoM9k5UWZn3UKLGcH6oBoPCV9sjmDK9ARP
        2AqfnEZmKdASM0p1Emxt9KykFtJyd+bUTvyzc0WDNZE07oksZ6kllgIGTCDSwqxUQI695C2XDtgT
        VulRnHmBi2EEfxT4/4n/8/b/7y+T9j+vDlsa9z14WU2fv62DgwmH/Lc/wcM7cDs5ORVu6/3y/nxj
        CBwJxycUQ8mRUp8ujqkMHG/F9Jm3Xp15+xZ3Vr6a0fp7XeNf/5qNEhSPq1BVzoZIZBn2d5ACs4NT
        7GhEw4ZhPMoLSIFfa8prcy4FaX8Ytm9gAhV23JvNhg2na78xgexFZ++kOvZ3nHKHAWHm4E4/M93D
        o33nMuutGl5np83wQevi4DphTaoAooUVJqu9WyGHNVEgInP6x83iwlQTbHCUmYvO4Qwrk9Hsg+d/
        3wiP6CeaXiYM8CYxKLitzPKeYyAcy+zh3jUMR7LNxvUyPxD1EfQB40yZe4sqoogqlRR4UER83wBQ
        SwMEFAAAAAAAELweTQAAAAAAAAAAAAAAAAgAAABEaWFsb2dzL1BLAwQUAAAACAAQvB5Njr/4TwIC
        AABZBgAAFQAAAERpYWxvZ3MvRWNob0RpYWxvZy5jc7VU22rbQBB9N/gfpqJQh5SFvtpxitIU6ocU
        ExlKKX1Yr8b2tpJW7I6cusb/3r3IkmvHjhPICKTduc+cgyojizkkK0OYD7qd3SubLDTy1CrYhJvf
        xpq3DndSaGXUjNiNIvZJFQUKUnrwuP2mklmKmt1Knqm52S/zFYl9ISqt3j0Fz9GUXOBeloTnZYYs
        ke7zWSyUVXY7624HrPxIUNvs8i+fZvgz6MpqmkkBIuPGgAsI9aEPo3C6UtNftu/r4F5n8pFakTVg
        CrIgEKqy7yF88A06+052blaFALcfSIhrit29VxewiyH8YzOE70WI3hZrZevAvnFJvTs0hs/xHgXK
        JaY+48WgDdicbmMv/FRD72EUP9iSbmlXozowFiSXklbXwPW8yrE40feSa8hDmF0Qd7maqHpbrcgZ
        9GpnNnFdDIcQaTRIUVOhrbInY63yksIUjnAzqfOedTuUZrjHrfGMUN/bqgGqI15RrBFWqgJT1YcH
        bklAClzD9rDAwIuP0bEMtzIt3hHMvTenN8ccSz9ZQqsM+zBuLyyuSG1xb7D//4qZwSdX52FpKDZW
        pibp22hNC2mYn+PyctOH725gLlNY7+K0ibZdvJiyvvWzGdxCdDZ5p0pl5xJWBPYcEvaQrrXr0/T0
        i2x/FOeDEPk5A5dY9JpwO0JCoQj0Myo+C2UPa33Y/ANQSwMEFAAAAAgAELweTX66W95kAAAAaQAA
        AAsAAABHbG9iYWwuYXNheE3MMQqEMBAAwP7g/rDsYZsXXI5TERHsLKzXuJiFmA0mgs+3dR4w3+oP
        dUpBHBXRCK2u3LCXuFrsgy4UDGW6jMsIQ/R8SMkWJ9lT4M55bbSYmZc6yWNBGCluJ21ssf0gVL/3
        6wZQSwMEFAAAAAgAELweTS3R2BnJAgAAHwcAAA4AAABHbG9iYWwuYXNheC5jc51VyW7bMBC9G/A/
        TH2SAVe+ZwPcOE3d1gUaJcihKAJKGslEKFLl4tQt8u8dirZs2dlQwhuHs7x58yg7w2UJE2dVwbLj
        fi/sk5WxWMW3mMafrK337edKFrx0mlmu5P7hFRYCs87JnGdaGVXY+IOit+MiRx1P/jiNr/hMOROq
        NG/zimfSopZMPOPvcUuCpjSd93uSVWhqliEkvKoFXmQLRV793t9+D2jVLhU8g0wwY4ComNR8Utdk
        atqGo32Wdg5DgnWeJpdWlipjDkvFc9hxvUss0zYaBt82bLvGYyBUkBBsVuIRXC+4AXoxKDUyC6am
        U6tAY8kN9Q92gVSPL5lFMLb5DLFQKA0r5TSkRAYclLn1cWrJcwSWs5pymSakGRRcs1TgCM6VqZSZ
        piNIvn9tjsgY8kLGJDRUVihtqKQe5LuDQh/J3zDvSG3IHHKVOR/SEDICg9Tmghg1R+Nxye3CpXGm
        qnE7zDERsp79+wZBv9etQYNeEvomX3xT50QCmSzjEnW0cd2uNOSC07Pt2d40ngmJr9asz1XuBEYS
        HwIn6/3EGKxSsYov0V78xsxZUuXGGA2Hw+Nd6Hs03YS7uWV/I4KnI5ZM+0mT8ykQjhBCTE2ZZYm3
        R517O2eSUumYtJig9bjMj0FTjAT9WaVmXWzwc3js0Wj85bhG071TncsM31yJFuhO3Xu5vdDatQJn
        sBWTF9BMzrFSetWqlUsiluWgikbSORbMCZK6b2vjNAInSRpePI1TpjRBrJXMPXWC5g0pCvXwHJAD
        0qZrKU7TDnODrEEKeQpO88EIdgz3uBr8P0VvxLVhZwsplFwqQdMUnq33VcufvxFv022UkepDSPsI
        OlzxF1xhfjLb5eRkvTk7i3YU7z3vGp/XUk5MgqKIXnJJaIgCZ6QDJjPf8VNdPZK5Y7wUKmWio/X2
        Hwuj8CAP+5aF3RSP9DN80esfUEsDBBQAAAAIABC8Hk1UGcZeSAsAABNAAAApAAAATWljcm9zb2Z0
        LkJvdC5TYW1wbGUuU2ltcGxlRWNob0JvdC5jc3Byb2rVW3tT4zYQ/78z/Q5upjNXZojiPCHXkE5I
        gKOFI4Ph2pmm01FsmbhnW64kA+n1vntXfjsvHEgg/eMekXaln37aXT286vz06NjKPWHcou5RqYrU
        kkJcnRqWe3dU8oVZPiz91P32m86Q0b+ILpQbSm3+KZGvSYUBMbFvixvM7ojgR6Vj37KNkgItu/Br
        IoT3vlLh+oQ4mCPH0hnl1BRIp07FIPfEph5hFYePpVqlpqr1EvSoKJ1zx6NMKFHXRyU08rD+Gd8R
        PrpMWulTgwyog0Dq3jIAGBpQ8ZGIPnU8yyZsaGNhUuYgGBuqjoJOnqPuMerxktKnrmGJYPAnjxYX
        /Id3bw/r3V5JqazBGTSE4pY4IKjFCJbJrDv6Z3awYhzf/3CpBXZ18iiIK62PD7GY7I2Siqxl7uWo
        dBzqrhjBZprOYB8yadFiesao7wVFUAgdm9adz7DsPAtDAQC5yr13ytGR8u6dUuoOyNi/61Ry1XGD
        sQnMthWXZ5rpudP+8LZTiauCJkKghq+LaGRxaWVxsRY4cFwIjt+phEUzctGUnfmW0f3S7h+c1HuN
        Vvm4pZ6WG2qzVm73atXyoH84qPbajVqt2voKPaY6M83cTD0ii3n3S73R1puHzWq51TTMcrVq4HK7
        ftgoq6raao4PGy2zVv364xcTE7VBdLVcV6uBWL08NhtjENPVhnnQJuZYT7pM24/7vfKF5wfF3Qtr
        zDCbdippWSzV87wB4dadS9gptcFBu9GkW4R3KnO1sdo1BS/GDuHgM6SrWY5nkxN9Qo+p6FSylWlH
        nBNnbE+hYk4hU5fIh0H4lEHRA2Wf47m5b6BWp7K4Mla95eT8XDt59BjhvCuYTzqVXFksmJZo2sVQ
        umllvqrnUnfqUJ/3fDEhrrD0wHoXif5quQZ9KCAIaPo25tzSh5ZHbMsllxAnU0moP7PpGNswAXbU
        zgfKxallZ6Q++mdEDMOgFYYZTWDHS8x/Vf08wzDvZty81M47/3w8WO36/875bxAC/g09GHw5RhEU
        a1NnTO14rrJFObHAcE3ftiOZrCFfecJyrH+gHtscGol/591BxsPu2HJHIJAUpH2YMBMwDi6wK3h3
        cHJ8e/bjzXWvfwId5itjnRPGKLsmktyux2AVAHPOlMViv2Lmwk7kQu4Suo1OJfs7mU4qS7t9rdpu
        H3Yq4c8tTcY1sQnmJJ2OeZ49Y0xde7qCajldm2F6Vzk+F8TJLX7XxCQM9pVEOXd12zfIUQm8nZpY
        31fizWQdNWErpO4rfdhL+owcucQXDNv7ytAfgzf/QqY39DNxj6oHh606NquNsao2GgbeV2B0OoQH
        ynpMn1iC6IH+pXZ+EU5QgOGD5YZkJvuVCAKSPddGtjUeuUQ01KTckB4Tq6UNDZl1jwXp3gTTGP1K
        okcy1BVj708Yda3M2FXAUCsy9vrYqJpVYrbqh2PVqOvPHnsEAWlylTJQACClIKreIgUnEOjFNImi
        KRUtpBYzg/HBAW7qzVa1XW8Q9bD9bCpmoKAWbFjrCRfN2fo8Jy8ZNNL+tjXC4PT1fxp+AvoFRKRb
        6N4/ABION7rvEIhdqG9b8G/KB5wdasUIqVfHZv2w2cJGvdUg9eazCVkGbnCMQjQZcp4ayAY5goF+
        gmO2PHUwkiGoqMFsjZ8cMBTgSSPJauntxZe022MKf+QpLutmdVRtQsStvQltGUQoBpIw1lokuCFn
        y7YXLXL/Z0qiIWyeGmmoO0hMgGsNeqT4xsn5AJcmlE13kJ4IWXGCIoWNUQQ7cBeGQHcpzsSYCrhV
        LLqZWFP0BvMNVrJNXNgmW4DnNPEKq15fm2DmwZVkIekBFhidGJnJaKKD15mMZCrm0aAARLqXWCCy
        EVMNGruSf+/Q+AM8KxhIhTbHgdzXWzqJN687xMYMspW8pOIb3YWfGyQ4CckrRxtd0Ls7uCXJRq8q
        arwRRQuhoQBRGqiqTypsniWIhILq1Ebpp5V8vG+odbUFC1OzsQPELUCLApAhTIkypXOtVl4h4C8G
        kaG7tjMGmoBDtaImmqhs0Ug5uvKIe25E+6DdZi4H9Tk8ZhvYRoCUjGS9vbkzJIbIULMoZ4H8Zgzv
        mnARrUnXPnThkIyVven2dx4ZquXuhJurhF/lIif6TBgea3NfajLnrTclcTnCS+yCLJOMZg4PaiHd
        V+dWgzMgoE1ZPZCoX4PVhNNFeNBBMfJC8S2a5EfyIKgbdPwzz1pfu7D1qdhomKQ1ruEWJsR4Nk8z
        UFA7fzidrX9BENOmHL7qBdvr4C+NiHSDA+fMp1UXRtWfH8RbrhFPQJtbJJ5UeDHBcF9QiE2ZPvUB
        UuvWEkancP2AhcidXJoy0r8G6wtjZo97Et2vZNzzrPR4V8t9g1o+jO15+UyfEuE1+dsnvNj8RAuj
        PIpa2Lb+CUJ5IU3NwwJU3vL0nUcye9qeqX65zQO1aDB1MeSGytBSiCWpE36aLCyeyQqKLgiKBS55
        f0ddsMvQ2yXEnutSgUXR2FdEBq039PVi74DhB/CWQrLQfFG5wDN2NJLA58W5ODKDfOvBI+5I/kcm
        ou0mVRG4J9mK5LbO2m+OXcgA411y8dAqh7KW60OEIcxjFidrqcEI0IXl/l1K0gLPoXhVhhSMBRxa
        pC0ZYVI9mggZPZaKhfmOCHP8uEpMDlwP6FoHUvDZIm0E4uefkArJxCg0nJB/pEtOlipJKIzaMsl7
        dAlmKy0xLXtCeQDLC73jI5nyGv5/mcI8HVIyNc4BgfsOuWm7hVDezYh1KrmqxF6jppf2lOb7juI8
        3HPXpNDrOgzPTFPsqulcpRl4LslPZ5BfGAkuHWg678vGKRte3kmU8LjBbjKsrMiW/2RxH9ua8A2L
        ypA5kzMPqZpzEmnifKlbVWV6+gKRpH0tyOmXAWy23bQmbW/JE4F6LfMaYJTtbnS/GCGAStsvmKSa
        5HO6eGyTSw0ItukUnPHKNCEHOs4nXVa9qJcn3lgcW274AmL2eyIS4Rufpc808vwFcSLddGVXoHxN
        0u7KyfhOTsa6L0RWzZE0k5dhDLKmE0gRlhTAInNOfejUxveUpYFEObs9HxyVij10CH0xagmQRn2n
        raX1aXJ/tDaHP/ICMpmmx+WjBZnRHwnmC/MKg/Dplsx2C/MBA5F6+wAShOfqCqh/ClyiEirP1+S1
        Af4ts7vR2zKb6tiewNbkfb192IAmwuq8ysebi8v8E4PuaZjzPl8zx13fh1QRJ4QTq80U53WyNXNQ
        KitrNXxPwiqNBGdcfu5CX0y+Yoj7XiWTNYzKEsuIq2dNMInXMxYrixZZd/IeQoFHKEGGK4fNaPYF
        ReCSga9K1zkmJuzLk5eCQ0Y8zAgc5wOx0KYXxr80o/2GPIJ5TiyueNGbRBbvw7gS9KxEy+gPfE8R
        EywU6EJxLM6BJwUWEiGVdVjQfQE7EAV4i/QiyIq836agI6gC14quTbEBSrCvUxSAqjiyznJlKkd0
        /cwJUSJbvKMzTxzNB4jCnys/XcDf4N51ePKkNpFyM0kxBQ9IANMX9SvqVJJRJpMxS0dKRjYWfbet
        J3mAJYivv8fnfsEA9R/v34fXMPIFXYJ5792+smEA8mHdMwddOCNnU68wN0NV4X43A7sYwWvkRweA
        VshFS+nzGNsKjoSC+JFc+OO7chlePIPDG5Y5VabUZ0rQZnwG31ewYYTlAvPPEBQ4EA4xBv6YMmQo
        UQ/KGJa0BwW7huK7EBVk/4olkJLE6iuQZgqHJ0E2ZgqJg6ziUcsFfSJnIQw0c+9Poz7QfDgOw20a
        W9Phzcv2TIiGy0TL5cWbriEsuuGGU9OZ5Qk+io4PGnACDEXYFj+8Laq86nkzGhVtZSGENfRXoNiC
        SebQbtkF5aiS5b37H1BLAwQUAAAACAAQvB5NLFaHmn0BAAAHBAAAJgAAAE1pY3Jvc29mdC5Cb3Qu
        U2FtcGxlLlNpbXBsZUVjaG9Cb3Quc2xurZJdT4MwFIavR8J/IHgzk9G0rNvkwgtgVC/ULBK9Z1Bm
        TaGEDxMz999tM9i3ZplewXnP03Pec1pde2RxKSqR1sYrq5qIG2HdJEwYoeBNzURuEMbpwCCizCLJ
        0LJSIrIBhLp2dXAIYV1bK2uhw29lBkBgj7ANAVJNc5Y12Q8olCiGNnIUOivFO43rvrkkbgBx4ENr
        CBGxEJoOLY9gz4LQh5hMnIB4/sq8lhXMzVDAEzUIo6zgFIRMfYL4TUjRHJxDgbgqZH8FLx1/Egxd
        PLa8MSQWhiPbclwbWVP/ZopcB9s2Gq9MXQvypPWsa3dczCOua731TyhFOWO/260v8pQtmjJSwYxH
        dSq3XKkJipJ2kDzdm9J5s/hy80/Dn73I9F6sgGfKaVTRHaRTtpA0tmfjyFZr+xdXoqp3bZ23E7Dn
        Friy2Qf108XhHBdX9BrGEwD/UG+7rGOPbe4fqrY+L7ucbu/ykgpa1oyeeif3LNnETyKhkiDuQxic
        bLBRdO0bUEsDBBQAAAAIABC8Hk35A3JjDwIAAGcKAAAPAAAAcGFja2FnZXMuY29uZmlntZZfb9ow
        FMXfJ+07RH6fS8KfbhKsosDUdqOtyrQ+e/FNZpH4RvYNNPv0NZRC0latAuEBkijR7/qee3yS/tlD
        mngLMFahHjCft5gHOkSpdDxgOUVfvrKz758/9TMRzkUM1p173vOVp+SADXPCSIRsR2nzLg+YR8LE
        QD+MSGGJZj5gGqjTY97Ja8bon0GtQj5TsQZZQrV4uyZqoklRsX20xOpxn7drsaYqNGgxIj602TUQ
        v4e/w0yVmK7RZph8lCjQdBw0GjgK2B0u0Da26P+5AT7GME+dEuNzVvZlEPDWQdyfUPwReUJbNXaW
        35t8ju6Xq0SCqdjfdzLUtO2b0KelHwd9oSyhKZqFj1BrCAkblGOEEsaY8luDCyUd1DmEnAdHmGYq
        AXObCIrQpC9G6u9ZbixI8IlMK54+3dsha9zN6r9J4AzMQoVgN6HREPpSwjo7p07xhP/COHYvgYqs
        Pu80wnazJAwx4ZMHAr2i2xfj6/BOq93q+d1usxXLdYLG+7H8JgN9KTfb4Ci1fuMcKnJ1D0Cvsvx5
        I1VHELy3gyQsIMFsHdPgOnYLDIsBI5PDBwXvwNLGtXe56yqFski1X/Y78L3SEpf2Keud/pGKcyPI
        cadCu8eriRTUzIdrWBLqdaEri7rE+lY7a2aFJUjfnCq/WtJBk92wZ5nrXCQH5UJF0JmLdHejBDz9
        WMP+yfaj8RFQSwMEFAAAAAAAELweTQAAAAAAAAAAAAAAABIAAABQb3N0RGVwbG95U2NyaXB0cy9Q
        SwMEFAAAAAgAEbweTXVzsyhRAQAAagIAADUAAABQb3N0RGVwbG95U2NyaXB0cy9jbGk3bmNzdnl2
        dGNiMng0dTU5LlB1Ymxpc2hTZXR0aW5nc32SW2+CMBiG7/0VhOxWMYqHGTGZErNksjhxIfEO6Cd0
        lhbbcvLXj5Muy8h608P79en7pe8yTjyCRWi60l31FOW+33N2xgSUuJnf3QgM1Sd4Rn2RFqn0vVGu
        J5PnvgNe34SYsEJVeko5WoAFMmTIUC27S/3kpBM3EH40cG8Jhww8gSWIAQW50PVxez8SqMbZpdZJ
        UJVEAG/8PnXoDacu2jumoW6Ha7wLrLwYh3R2eDvkunWaD+XXaJJtxI2cr8frEc09M8gd+Tq9cYmc
        WbhGl1M6mbYsBEJi6krM6Esc162FUsYLTet4/293LcX+2NnAU+DmesMoBb/i2ZJjGhjqvfuirPpH
        D1nlJCg/L8UI+JbxJNphenkU+IxKzsjepUAq4eE0wxSxTDTuBj6L2gulUbsQEiJDdcpl5Vld1coS
        lZHxXAFC0erkaL+js+pVJz/h+gZQSwMEFAAAAAgAELweTeDPebiRAAAA3AAAAC0AAABQb3N0RGVw
        bG95U2NyaXB0cy9naXRodWJQcm9qZWN0Lmpzb24udGVtcGxhdGVtjDEPgjAQRncT/sOls5GdDQyD
        gy6YOJJaTjgV2vSumEj47yrpYKLr+977pmQFoAbdo8pATaeyqKvdsawP+b6c1XpZG2TjyQnZ4Y8E
        +TN4hMIKVOhHMghb22BsO9uj0+3y3ok4ztK0JenCeWNsHyXnadTycS76zhhLzTUxB+Q3Fx++sPP2
        ikZ+hwfdKMJkNb8AUEsDBBQAAAAIABC8Hk325YcS3AAAAKYBAAAoAAAAUG9zdERlcGxveVNjcmlw
        dHMvSW5jbHVkZVNvdXJjZXMudGFyZ2V0c4WRMW/CMBCF90r9D5bVoc2QQ+3WBhYqVSwFCUaW4BwQ
        ZPss3wXBv8chIEBCsPme37v7zi4mkTZoRO2c9dzXa5HwDcBmja7k3NUmEtNSckMOKtyipYARHC+a
        2lbw2et96cHri1KpUXsj+79ITThKSRxSxCG5UFv8xYC+4rEfvL3fkz9+Rt7YpsIpNdFgAfdM3Si4
        naXUUZ2VcYWi/kuHfX3TS59xRoLuwnci9IJeVBdIySybZ7lhreC5KaTHe2ycEEuit7SfmlgH4ZTL
        zpF2lWuktu62SEUB3de05wNQSwMEFAAAAAgAELweTWRATbWsAgAAIQcAACAAAABQb3N0RGVwbG95
        U2NyaXB0cy9wcmVwYXJlU3JjLmNtZKVVXWvbMBR9N/g/XAKiW5nt9WlQyGhLMxpomxCn64uhOLac
        aJUsISlk3Ud/+67iOI7nJCsMQmxdHR2dc/ThC5otJMii8D1DLZdZyn0vHkxBpcaspM775KwqaKrk
        fSpo3+hsgu9N9UHzfsE4PY+iiNyM7gbXk+HXwfnrxw9npCqML6c356/YMszSiNRUpOLI5arkMs37
        M2kDZPc931vLIht24iqaCshysBKUlt9oZkFLaX1PLc0ihzBMVquVq9RYVjILc4Zt9MTdG5ZazUyW
        BZvD0lAdligHeiig0PiGxp97B5BUpIxDb2kZv9jFh5kUu2PSHFW1OITARyCgp9BXqil62XoHI5c6
        o7sEaEJauuapIm8FoqTKW1aXylhNU1Ensg6eJC5x3xPPOdM1Dc6xpWyl4+QFM1RW0UPN7whRbDNF
        N/SGxnUhDe6moMZv9YvUWKrb4jMuS1oj9ohvqCtoEwKQOj1SUeWUU0wsrFY93+nfkGgBgYagWEPa
        Muo1KaRGCzPOzGKPmKShrEMda6motoyaZFyNw4o7DmYz/ijCvijqcsTfWBp7TRWXL3GmmbImUS10
        +F3w0FKheIomf4GhOQSYXJT8fBxcPcXD6eDp/vJukPyOCBZcuymSaA6fYU89eKSzoJo2xPlwjiYX
        XEOIR7cP0+Hofo3u+57LJyqgh1kzYfo9ICTFrQPvTlwY0QxOQ8PLk/e4s+GiS4BoZK5sHzQcZiI/
        4LRm2zqtC7XLNnz8cHU7jG+expPRl+GtG/CmCDo0l3H8OJpcu/H1xVgluqP4X65iai0r5+a/1/GN
        0rpC9tCF47Y43+sci/VNtaDwgylw+9D3mkueJJ+wjH8ppAfOSYiAA13JaXMJ0LRcqvUpN3ZZFN0r
        5ugR7p7Uv+BH7oLmc9TQ0TLffAv/AFBLAwQUAAAACAAQvB5N72tPdXYAAAB7AAAAJgAAAFBvc3RE
        ZXBsb3lTY3JpcHRzL3B1Ymxpc2guY21kLnRlbXBsYXRlJYvdCoIwFIDvB3uHvUAvEHihWDRY7uCS
        LiXxVIPl5JyNCPHdS7r9fqb8wKQIOUVCKV48ZB9GtThruou2Td+U58OqdvO+xjnEj52qLSgSZdwo
        5CF4fgLFuw9YLNBVRrtTD609avM/4cb8jjT+bOnc1bb1KoUUX1BLAwQUAAAACAAQvB5NNiuxcHIC
        AABEBQAALQAAAFBvc3REZXBsb3lTY3JpcHRzL3B1Ymxpc2hQcm9maWxlLnhtbC50ZW1wbGF0ZX1U
        XU/bMBR9r9T/4FV7bVIYDwilQYWWqVLLItJS7alykpvGw7EjfwTCtP8+u4lBpGwviXzPPefee/wR
        XL+UFNUgJOFsOjrzJiMELOUZYYfpSKt8fDm6DoeD4Mt4PBxsCiJRTigg89cSMpQ0SBWAKp1QIgu/
        wukTPpi14ClIiXiOGq4F2kFiY78gVR76yTVKMUOploqX5BWOEgkUuCZcWI4ydZzGcGBqQEaU6agF
        1vGNJjQ7NuKhJUNcZCCQ4ogCFgyVXADCCdeqEzJhCagmkihUKFXJK98/cK8kqeCS58pLeennz5Sw
        J/96Zb7L+fR8cnl2fuah4WA8tvNHbfdowzmVj86vC+uXcZDJ6cgqG2GZFlBi2VPPoAbKKxB+KRPb
        vX8+mXwbGWWEjLZFVPNdcF0dQyZoLItaV9egCp6F63gOFeVN4PchR+mCRq4mxpFw9qoFmOSYKAj8
        HupIKyzV1mzl0dNbznJy0AIrM174ANY5Q/13Tl8loljlXJThjDXoNto67jviGLapraAbvsKapcUs
        VyC6FsPOyt+7xc0+Xm4W+/vZevHHw3aeZ0ikoUqPgQr8/6i4Qi1iEz+gG6GPk72Dp9TFS0p1BrOq
        2s+xwuEdptaOXthluw2KQdQkhe3DKuxPINPydIqri4tvgX/KdrptfEmkKRhhVfRVA7+f4ZgPUHIF
        drqoaCRJMbUo8t/24IlUixcl8J25SvIHs7VBdNZ8DvaH/XgQd+v48fZ9lk9P6YLhhIJLuTEvhq66
        kp9BjmbOkLjHJYRfT8Z3kEvdx7iGaDfvVN3yDZ6DNK/J8fxumgp696QPt3fU719SE2mfhPAvUEsD
        BBQAAAAIABC8Hk3KIuDRJAEAADICAAAuAAAAUG9zdERlcGxveVNjcmlwdHMvcHVibGlzaFNldHRp
        bmdzLnhtbC50ZW1wbGF0ZX2SX2uDMBTF3wf7DhL2Wn1Yn0ottNPBoHZu2fCxRL2rYeYPSay4se++
        qNWyOpqXhHvuOfyS3KWs0pLqIiCGrG5vHGcoxEp80BIc2e87wsBH30m42eOnt3C/W0fhzyyBdBaA
        LEWDHGu26+SOwBQi91GE/5XfVTkJc3XGXPJVKagh1dSAdjmYxXx+P5iZzrswbMWJHTmVBtVj3l1o
        p4CuI04C643XGCfPr8Eo5aAN5cRQwddSdnyFMXLheRdZU8QhAr9sMagjqGDzIDiHrA3DRlF+8NF4
        h8a2XWsoRAtysM9/pDmoR6EqtqX889yRCW6UKGPCoWyVkbSmPBe17gndTLDBYWlxow0wHyX22IKj
        VS8tc/vxKdGgHa//f+/vANhiWzoPyS9QSwMEFAAAAAgAELweTaL1KynVAAAAewEAAB0AAABQb3N0
        RGVwbG95U2NyaXB0cy9ydW5HdWxwLmNtZH2Qz27CMAzG75HyDj5uh3XaA4A2QQ+TGKD9OUxCqkri
        QiCpoyao8PbEpVI5AMkhlv3z5y9+R7UloKqSImC0pEorRRfDNF/OFv9f+fy3+Fn8fU/y0SX/OS+W
        s49JXgzA6I2bTAV4NCFClq3atm2I4kqjt3TKlNPwJAWAP4StvgI416CDNNfCAHco+fQ+szITe6P2
        ySisD8ZqDlTwDe24zH9IKooa3Ws4rCNE4zDE0nkpdBkRXiOMxzx7YDJLGykSeLfaq7/cPI86poMR
        TTV2Pmvdb5jvGVBLAwQUAAAACAAQvB5NoegHQ4YCAABDBgAAKwAAAFBvc3REZXBsb3lTY3JpcHRz
        L3NldHVwR2l0aHViUmVtb3RlUmVwby5jbWS1VcFu2zAMvQfIPxAGhKwH29h2C5Ah6RZgPbQNmqwb
        0BSDKtONW9nUJBlB0fXfJ1lx7KDNbs1Bliny8fGJjKcoNgSU58OBQStJcDkcaCwhfrdfwHfZanVt
        6ApLsniFiuBGN/sfBvUt3CjUhiouZ0KgMSt6xMpbNT1c8BKfSdnCH7/cBjyhkVsEXmWgSNXSv1wv
        L+G+sKA9ek4a7AZhdroEQRlCURnLK4EhPqwdgzHUbgUuBNWVhcrldDI1CC0zd+ipgfXcQvwbpMfH
        Y3yKzG13Rs91U9/B1Xy5gtniDD5o/FMXGk1TgQEjSOFJyNQK4dH77JoDFNbBtpp8yDDntWxMP+en
        y7PV/HezXMzO5yfvf93uqlthtZxsrFVmnKZcFUkoOBFUBq9O/gn72DctttmEfWos+8on7PNwUOQw
        Yq2FjSaT0QgOnV5VzFpgRX0+rEvOxmyflk07kgc+aZfW19HI6C8URK3lXv32Pty5qs0mgyRZb7db
        TeQs9kkhLMjYb6gkPS2FLpQ165BwEeKSB9c3icVSNS39F3zLxAgmXT+70rqy1i89Ruk9fAG2mp8v
        2Btww4EbcxmIxt8h+kqVxcrGK8dnDFwpWQjuxyv13hHENRxTB+IMoumbmXaxv2Bx6fp5j6AlS/1o
        pU1P78au/B9ZN8/ZcBCeu2H3U7Pv9CDma3mDb1EV1k9WKNrvnOngVVCVF/fNvCfNJEX9aqMjnoob
        syXtyu/kOOqMJS8kRLUt5PSObK5dGhf86LuqH8MzV8IBRlm6R1xCpJxeXKMrPPx3gqFaC/RprCbZ
        R/FSANs1OIOSG4u603GnoUReORgfYGyd568lDJD+dmINcQ6+zzsYrLLme/EPUEsDBBQAAAAIABC8
        Hk3nyEkF/wIAADIHAAAoAAAAUG9zdERlcGxveVNjcmlwdHMvc2V0dXBWc29SZW1vdGVSZXBvLmNt
        ZLVVWY/TMBB+r9T/MKpkLUgk5ZRQpcJyVIIHoNqWQ2LRyjiTrsHJWLazFeL47YztdNOl7AMPVFVi
        z3g+z3xz5BjVOQHV9XjkMRhS0oxHDhso/tsv4/NtnX3n6QQbCniCluDjxW77Ka3fenSvZdPvlug8
        tdI8UQq9X9NXbFlhHX2JZ76TDTqqf37K+MqhDAiyrcCS7UzcvFu9gY0O4OJtNTkI5whPnq5AUYWg
        Wx9kqzDb52f0KDo0g84ZpoktMozXjHcDy00J5yFYP5tO5RY9NfiZQnmhfSeND12lqVTUwM0ejnwf
        VETkFUilqGsDtCza4ds+UlbGUCHEWDPA33mYXW8Wb6l42QuT7yeL1Rqk1Rlyx2DE2HcjKVAFNt6R
        eaPCWnYmid4vnq5erhdn6fH6yavFzf9fNx5j7mI+3jozF3f2JZHXubi7L1puq7m4lySXUc7F/fFI
        13AkdhJxNJ8fHcHVQwfRiQxz4YM/IQpzcelH0uSail7tqkEMbomZuHRIHA+Ws18PxfSMC3I6ODNc
        8yxxvsxJ+GfYPlOKjGFz7ozpGWfcT/uk+se8Ky64Ylg1v1feHo9S+mK5gIq1PmS9NxmPbOfPKyjL
        0+1264hYEr5ZhCX58BytoW8r5bQN/jRWaTYqv3BJlgEbmxrwB8RqLBD89PQ7czzwe/pzj4TpBh6B
        WC9eLcWfWOMRTyiTXSxewOQZtQHbUKzZkxkXtTVayRRvPD0BKCqYHB9iZW3xAZZvuBlAHDAumI/m
        Gif6CWYQbRojdx5wXIrayu+mSuQuuZF4JA4fA95ijfbAfwlbbSrYdNySOaKMxkhMM9lqPMrvfpbF
        Dr7sx0z9YTLyWd3qEIdcho0rFl3ZsqO13qTxU6Z+n+wX1eSak1Z6vyXHbA5Vd+1hbKQ2MOmCNsc8
        D2vH17Dx1zgL921kxSFcwWgafhUNTCw3lHTIgedPBXjqnMJ4TXBk9lEiFSD6BhTQSB/QDTz2HBqU
        LcNEAx7MdX1IYQ/JaS8cFDWUfHaAwbZKn8ffUEsDBBQAAAAIABC8Hk0ABermvwAAABwBAAAqAAAA
        UG9zdERlcGxveVNjcmlwdHMvdnNvUHJvamVjdC5qc29uLnRlbXBsYXRlbY7NCoMwEITvhb5DyLlC
        f2Kb9qYixUN7UehRYlwhoCYkUWjFd6+/h0Ivu7Az88122w1CuGYV4BvC3Sv00zhKwvTpPcIe7yY1
        B8O1UFbI+o8JeZ9GA/KlRTHoVnBAgcxhyXKmWCZKYQWYITzVDecWtBlwXNZWy3IVJsnIRnMIZiV5
        q+mxu7B4dvS7BaG05GBMApUqmYUfhl2OYzzKR8A5uxzJdU8dKA7EIS4vHEoK6lzONHNPlOSMuGvD
        sMbRfwFQSwMEFAAAAAAAELweTQAAAAAAAAAAAAAAAAsAAABQcm9wZXJ0aWVzL1BLAwQUAAAACAAQ
        vB5NElkKYWYCAAByBQAAGgAAAFByb3BlcnRpZXMvQXNzZW1ibHlJbmZvLmNzjVTNbtNAEL5X6juM
        cmlAJE2gCVBONIUqhwJqSiWEOKztcTztesfanxQ/Eq/BkzHrunEiEmhyyGT222++8Xzj4MgsYVE7
        j+XwCnONqSc27w4Ptk+C8VTicMZlRRrtAu2KUnT7cHPj0XK1ATs8OD6GCzRolYa5ydmWKlYClXDw
        oCRwDstE10AOUjbestaYgS8sh2Uhvwi5pPg+1mvoHHrgHJT3lpLg0Q1hViizxAh22B3ASumADjxD
        yRnldcNGnYpIFwVwSspL0Xvyxaam4eHB98f4FN630TV5jf3egspK44e04DP2vWc/dmLP0aWWqlis
        39sHmrHJaRms+h+srJSp9wO+WM5C6p8obcZVbWlZCH4dwu9fAC9H48m+S9dWZVgqe/cPmUH7YLEF
        NI94gd7H8UkHN+Qo0Rhnkist0yrVXRxRIam6koiM/CHX+cKwh1V7K7LFq7PPl5DK42CDxsv8YZ5D
        zQEMYhbPVSr2E46G82/K3HLZcEWiF9FQjYBOXuehyOZtQOBIonzDuO2L7lq/aWnd9vWWdy++zs+j
        ycV9TTX5x/m6cU0JUP6gs7J8KwsZwfizYodZ2/NW2YtAWb+n3iRqPJpOB5Pp28ngJHs9HqgkORlM
        JzhRExylr7KTbhA3aJ14bHMHop5Nz8cldOS8a9V1HUgUbLtTp5GuoWw+l+pWWFr2jTSZLg1d/iyQ
        zuBTKBO0XfYKV/R4v8l+k4mmIs1VmMbtVVqLovVaC3XdIjLMldgunq5ppKlsq5J7UJDU0Ly8GvDR
        8yPpHFzB9wYSlEZPd5q67aHfGw9H8bvP/B/lNbkT+wdQSwMEFAAAAAAAELweTQAAAAAAAAAAAAAA
        ABsAAABQcm9wZXJ0aWVzL1B1Ymxpc2hQcm9maWxlcy9QSwMEFAAAAAgAELweTZ4/d51sAgAAPAUA
        AEAAAABQcm9wZXJ0aWVzL1B1Ymxpc2hQcm9maWxlcy9jbGk3bmNzdnl2dGNiMng0dTU5LVdlYi1E
        ZXBsb3kucHVieG1sfVRdT9swFH3vr/CqvTYuXacxlAYVChNSu0W0Be0JOc5N4+HYkT9Cw6+f3TpC
        hG4viXzPvefec/wRX+4rjhpQmkkxG55F4yECQWXOxG42tKYYnQ8vk0H8aTQabEqmUcE4IPe3GnKU
        tciUgGqbcaZLXBP6THZurSQFrZEsUCutQo+Q+dgfoCZCv6VFlAhErTayYq9woMigJA2TytcY16fj
        GLgWkDPjxjnGV+sry3h+mCNCdwJJlYNCRiIORAlUSQWIZNKawOPCGlDDNDOoNKbWFxjvZFQxqqSW
        hYmorHDxwpl4xpdL971bzCbj87PJWYQGo5HTnh5HRxspuX7orJp6q5x5Qs+GntfRalpCRXSPO4cG
        uKxB4UpnfnY8GY+/DJMBQo7aA6b9oaStfcTFnFvp0dAVmFLmyWq9gJrLNsZ9KFSEmCNrmDMjmb9a
        BS53zQzEuIeGmiXRZuv28ODmtRQF21lFjJOW3IP3zFX+O6dHknJiCqmqZC5adJ1uu9I3JBT4ibaK
        b+SSWEHLeWFAhfmSYCLl7JugumkbQ7PJfmq/fo+IF/QCmXblOhJgYvwfptDrCPi8d+BGWS/tDfxY
        ebOn3OYwr+unBTEkuSXc29ELh+Rud9agGkZhe79MTknQtPoo42I6/RLjjwyB+hi+Y9q1TIkpTxHH
        uJ8Viu+hkga8wrRsNaOEexDhbieeWX2zN4rcuoukfwnfHFRw5zTYE/z+JD6u1g/Xb1pOHdMbQTIO
        XcaVeyxsHRqegkKVO0XqJ6kg+XxSfQeH7Kc1aSB9XATebtmhC9DuKTkc4U1bQ++m9OHDFcW9O+oC
        x/cg+QtQSwMEFAAAAAgAEbweTZ1/5dK4AAAA1QAAAAsAAABwdWJsaXNoLmNtZCXL3aqCQBRA4Xuf
        whdQopPZOeCNpyIoKSoQumt+1KntjM3eY2NPH9bVggWfdrWk0EokY2XQInMKRFgobg2aiuLcUHy6
        th3I+KTGrHhjxomgw6j7W8oOzLDX+egysk6O9+AYKGwO1lQKZMZBpZpjP/TE2dTPXPIblZJFXxx3
        jvkWPu6K+DRWZOtJrnZ14YefRqfH7dHPistiQrdp8vzHF1SP8+MsFmxZ+5I285clUaZNLu6XPpkH
        wRtQSwMEFAAAAAgAELweTS/gHEbrAQAAfwMAAAkAAAByZWFkbWUubWR1U++L00AQ/R7I/zBwH6pQ
        U/QU9b7d4QkV1MOqX0TsZnfSLN3sLPvjYu/wf3d2m157ggQC2Xnz5r032bMz+BYQLu+SRxDOQUB/
        qyUCKh3J11VdPW9gEFsESYpfvbAbBG0h9ghkjbZH7IsGyGEuZbQNZBBGbRWNIKwCn2zmW6/XddUm
        bVQjB1W+8/Gk5LsOSRhYxaQ0QSlw5SrDC4nCNm2KKKa1hoSCQMnLSd+ddgWGv6MXMu5rRa8hybwd
        GYUnUu9vvnz+8OvT5cfrP00wloGPFdTVeQNF7GRh766lWFcvHzQciz+40nkx4Eh++wyHZARH8/NJ
        H6MLF4vF4aQ5xTWShsXTunrV5NgsyliGHLAQCXI/txcTPYV4cf72zetDOjepNTr00Aq5zWfLf0zM
        wetNH0EaLbdAj1wX5QFNHjqbiGaZ5D0P7rQPrEUPCG6aIbqI/sG3tpvT+MteljmiY4Pz1GmDAaJo
        55OE2XJw5OOs7OHK0xiQTfJ8dvYOnaHdSnrtYpgVea703K+WX6+nVU3kK4yRJQQmOv5COUM+TZQC
        rzPixouoyZZgOthRgl7cInuOyf0HO88ObMb6vGr+iY0BkSINXOYNmB2oIhMVjBlpcdxfDfYpfDYf
        eq5FykSHhDw6Cvmm7Jq62j9/AVBLAwQUAAAACAAQvB5NStW77t8FAACVGQAACgAAAFdlYi5jb25m
        aWflWW1v0zAQ/o7EfzBB4gOsbkPf1tGCxl7EgG0VGyAkJOQklzYisYPttPTfc47z0rQbGgKGgLbr
        kot9vufu8dm+jp99TWKyAKkiwSeOSzsOAe6LIOKziZPpsLXrPHt69874Xqt19w4hx0KSREggEQ+F
        TJjGbgQ/c7EkWhBf8DCaZfh8JTJJ9i+m9OzokrA0jSM/b7xD0hiYArKIVKSNyrnW6V67PRM0iXwp
        lAg19UXSDpdxxD+3n73G75Ng0u24u8OR6dBqGYPKoXKtT428EF2Ab0TKyPBlLL/W7COuI70ix5Il
        sBTycwXA2mqNvJmFh5PH3WFvsIvmlSMrawnhqH3iQD5WNZRD9CpF8cVKaUjoIdOMWnPoCdcgOYvp
        QW7NcRSDfVT3RpDWwg35DnlXxHJAO+a9Qw6yWGNEJhwyLVm8Q6aZh9F4BatL8Rn4xBsOWd/vD9xR
        twed3ZFDJHzJIglTkEmkLDFCFitwSNs6un2Fp8cY5AvQGonTcH2WBkwD0XPAoC8jPbfUOC09SfbT
        lJwEhPHgqidTphQCC2qvsiAgn2E1caqG2O4kcMiCxRk6FK38btNCY92hhrUJoWS95T0jAShfRqll
        T0iW4FHrCeLPGZ+BIgrgZnQJkC797mBI796xI1zOgYQijsUShydMaxl5mUaVPuPEA9SsDWM1Nhub
        Ed5kGPkEnhLNZtSosJSzbHoPngFgX4322FzOQFeEmTg9OqhdZrywoSP3fK16WYjNfMuUFsmRlEIq
        nF4B+vI8DNf8j6jTKLazLQAvw5SiZQbOd4z4IXvH7dqoTSMvQGJaKzUGEDKcB4fCzxKciDXaECdX
        yVdrM6YnWZlS0qjkSqGHznXSdFqpx95tDFfhQpLHOD/rfhISsYAiQxx91cDNfENV6q2MX9jmLZMP
        ZhJnUdDqmQTdvqb/+fTy5PzsAjOAV3S9vu3lm/2Do62WNeAfNCllej5xHlKcVKgTr6r0VpGJFn0V
        vZSMqxDkG8wzoHRlQSoBM14Q6TzlRNUQp0itHWn5UKS3hXVE5fA1z5rbK2kwLlSUnTAPQOLFq+cR
        jolzDldCrnDRk3xP+XNImGpVE7iFVN5jKqEL18n7F6xKgQcY4P1CVfGoof4ksJnfeHTDIRCnaDMC
        b2Zkp+t6YXe3P2BBd9CDbt9p8tGzBr+BALO0j2khDt6treDm3era/w7hsKweFsImc7dA/DJ8pwv/
        t2Dr08e0u4ktF94eNvybshn8Y8E7g6UWPF+xXirBrwDXYUEvhIH3mA0YAC6ifrG9cIr9xQ/A7RRw
        R1fBHd0C3CKeZ6DpC1xy6FRGCWafxVVh9TrdsB8OQ9cN+h3WZb8EeQ9J+3i0Cd1Kbxn7sdkX53uf
        m1D6F2D/07O4lJrVJaY5UkVfLvWtwXdpbxN+LvzN8E+rTelzoc0Rg6OJQt4S7C51H2OMe03cpfQW
        gT/PojiA/xU2fREpDPrqf4W/n2kRshttT/4V+HmFwWyHIx8UPYgj4LeX64bbCzwKf/sCv4H+3Hz/
        Z5iPguSvQTxub5zJiuNcfXCrj/g+LtuBSBqlhuoE2BCRGGszGZshOP/+E1/hZ85kioVOc7i1ZlJf
        lSfW2n8HOMShSHBbKBZRYE6uh0LjhumgUDzF0oYpJ9KDC6PQNC+b7pAfV1PX7tyb1u6247hkkqPj
        XsMC4omDuaX0wrkpW5nzbdu4o6j47g1ImwvTZ88d9EdP3MEIv4YdF+P1XUcuvCcLTz3B+mjGYo+p
        yMd7Wxxr+nXh/YRf3z3/G33q9iqn9txOZ5eYclDEYe/T6YfLD9OjyccHXzKhn+ARsrgibZFrOuFY
        FXm0XtdYp7W5v4L8443C8kbJy27wjPZj5psl/3t151AyhRU63ziIvhY+iw+9LQVbRee1ikjKjFCX
        Bm9KyzJaotSXODb6A6+ZGhoKrOg6IGWDtORALmiIsN6/YDJiXJ+tbf2LpfBLXCyC13rEtLEFJHNV
        cq1cQ7f8UDdfD+G6eeZ+O1zjdvPHjG9QSwMEFAAAAAgAELweTahlJ+lnAgAAEwUAABAAAABXZWIu
        RGVidWcuY29uZmlnhVRRT9swEH5H4j/c/LRJNIFJSIw1RYNuE1LZNMrDXo1zSaw5NrLPlP77XeI0
        KR3SospV7Lvvvvvuc+ZXL62BZ/RBO1uIs+xUAFrlSm3rQkSqZhfianF8dHw0fzebwTfnoXUeQdvK
        +VYSZwH/YuB42OBjppytdA3kpQ1TyLMOmqAherrM89plrVbeBVcRx7d5tTHa/smvVrzelsXZx/OL
        i08wm6W6CTH6hMR0bbh8KakQA1xQDbYyHGD+vlvNlk7FFi3NHnZsBEMCdK3wPz+3FqhBwBfZPhmE
        RzRuc9JviTXSFyKvHyNhEFNDsNHGgGqkrbGPfJYmIrgKEqRgvhZVR3bN6bbmXMcCMeQ9GpQB179W
        a/SsuWDpzBY2DdpU806SagQYpyQ5PwBW2pYBpAU50OFAK1sUnCNZVMmHIwnG2C6vRZZS0zo/ZBR6
        FfojWZbQgRUpr8sYnsOkQiwlSVi76BUWh618vrWatDRww0HG1cXddghZXvMZYc3zwxLWqKLXtC0e
        fMT9cjzRy3FMxYH6/ekqqVIkld53rD+IfDH0mL/ZZDIRH4dtIGwzdmj/PnngPy64xycjFf4zf5/2
        U54lzVdi1FTFQK796r3zYQEhkepms2Xt9i9JpQ1mu7QfjrCfKNdXMoYeu7tpoXcJLwj7yCNwtCV6
        Dt4xeN0tWFfiyYjFr2ARy8GTqck9dcXospHZ241BiZWMhu6x5OYVX8fvaNFr1R9nDbViGm7LHArW
        suUef3Iz4mDco8yLKWeOHRAEkhTDTQ9wfspfJz8W7GzlrTRTxXwydr5Ptt+ezJC/cgOH7n9hFn8B
        UEsDBBQAAAAIABC8Hk1jph2zfQIAAFAFAAASAAAAV2ViLlJlbGVhc2UuY29uZmlnfVTfT9swEH5H
        4n+4+QkkksAkJMaaokG3CalsGuVhr65zSaw5duUfLf3vd4nTpGRoUeUq9n3ffXf3ObO710bBFq2T
        RufsKr1kgFqYQuoqZ8GXyQ27m5+enJ7MPiQJfDMWGmMRpC6NbbgnFNAvOIqHHa5TYXQpK/CWazeG
        bKWTHmrvN7dZVpm0kcIaZ0pP8U1W7pTUf7K7Ja2PRX718frm5hMkScwbGYONTCRXu9vXwuesp3Oi
        xoa7Cefvp2WyMCI0qH3yclDDiBKgLYX+6XnU4GsEfOXNRiGsUZndRbfFVui/eG/lOnh0bCwIdlIp
        EDXXFXaRW64CgikhUjLSq1G0YlcE1xVhDTWIKJ9RIXe4+rVcoaWeM2qd2sOuRh1zPnEvagbKCO6N
        7QlLqQsHXAPv5VCg5g0ywnBqKqfDQQRx7Bf3LI3QuM6milzXhe6IFwW0ZHnEtYj+mYJytuCew8oE
        KzCflvL5UUsvuYIHClKmyp/2fcjins48VjQ/LGCFIljp9/mLDXicjiZ6O4wpn3S/O13GruSxS2et
        6nOWzfsas3eLjCaiY7d3HpuUHHoAkEk2UnWmmiZ/xsZsccx/VuA6VOcMYrbRQP+3EPFsFBf4j3ls
        3I847SXdp2EgIjhvmq/WGuvm4GJF7WD31PjjG1ZKhekB9sN47OxA+QUPruNur6nrLEYLwjHzQBx0
        gZaCDwretgq0KfBi4KJX0IhFb+hY5NFo2GDRQdn7hUGBJQ/KP2NBxQu6y99Ro5WiO05r37DRGQ1p
        6GZCNf6kYthkXEOb5yNmhi0ROM99cA8dwfUlfdrskLD1pNVcjRmz8VZkx2K77dFJ2RsrUejx52n+
        F1BLAQI/AAoAAAAAABC8Hk2ZqxjsHgAAAB4AAAALACQAAAAAAAAAIAAAAAAAAAAuZGVwbG95bWVu
        dAoAIAAAAAAAAQAYAF87Y7i5QNQBXztjuLlA1AFfO2O4uUDUAVBLAQI/ABQAAAAIABC8Hk3cKiru
        NwAAADsAAAAKACQAAAAAAAAAIAAAAEcAAAAuZ2l0aWdub3JlCgAgAAAAAAABABgAXztjuLlA1AFf
        O2O4uUDUAV87Y7i5QNQBUEsBAj8AFAAAAAAAELweTQAAAAAAAAAAAAAAAAoAJAAAAAAAAAAQAAAA
        pgAAAEFwcF9TdGFydC8KACAAAAAAAAEAGABfO2O4uUDUAV87Y7i5QNQBXztjuLlA1AFQSwECPwAU
        AAAACAAQvB5NDgiuG9UBAABTBQAAGQAkAAAAAAAAACAAAADOAAAAQXBwX1N0YXJ0L1dlYkFwaUNv
        bmZpZy5jcwoAIAAAAAAAAQAYAF87Y7i5QNQBXztjuLlA1AFfO2O4uUDUAVBLAQI/ABQAAAAIABC8
        Hk1Fh9/VhQAAAK4AAAAJACQAAAAAAAAAIAAAANoCAABidWlsZC5jbWQKACAAAAAAAAEAGAD9xGy4
        uUDUAf3EbLi5QNQB/cRsuLlA1AFQSwECPwAUAAAAAAAQvB5NAAAAAAAAAAAAAAAADAAkAAAAAAAA
        ABAAAACGAwAAQ29udHJvbGxlcnMvCgAgAAAAAAABABgAXztjuLlA1AFfO2O4uUDUAV87Y7i5QNQB
        UEsBAj8AFAAAAAgAELweTZx+gKPuAgAAxggAACEAJAAAAAAAAAAgAAAAsAMAAENvbnRyb2xsZXJz
        L01lc3NhZ2VzQ29udHJvbGxlci5jcwoAIAAAAAAAAQAYAKmfZbi5QNQBXztjuLlA1AFfO2O4uUDU
        AVBLAQI/ABQAAAAIABC8Hk0AHmX3wwEAABEEAAALACQAAAAAAAAAIAAAAN0GAABkZWZhdWx0Lmh0
        bQoAIAAAAAAAAQAYAFEnb7i5QNQB/cRsuLlA1AH9xGy4uUDUAVBLAQI/ABQAAAAIABC8Hk3N6YHB
        FQUAADoOAAAKACQAAAAAAAAAIAAAAMkIAABkZXBsb3kuY21kCgAgAAAAAAABABgAUSdvuLlA1AFR
        J2+4uUDUAVEnb7i5QNQBUEsBAj8AFAAAAAAAELweTQAAAAAAAAAAAAAAAAgAJAAAAAAAAAAQAAAA
        Bg4AAERpYWxvZ3MvCgAgAAAAAAABABgAqZ9luLlA1AGpn2W4uUDUAamfZbi5QNQBUEsBAj8AFAAA
        AAgAELweTY6/+E8CAgAAWQYAABUAJAAAAAAAAAAgAAAALA4AAERpYWxvZ3MvRWNob0RpYWxvZy5j
        cwoAIAAAAAAAAQAYAKmfZbi5QNQBqZ9luLlA1AGpn2W4uUDUAVBLAQI/ABQAAAAIABC8Hk1+ulve
        ZAAAAGkAAAALACQAAAAAAAAAIAAAAGEQAABHbG9iYWwuYXNheAoAIAAAAAAAAQAYAKmfZbi5QNQB
        qZ9luLlA1AGpn2W4uUDUAVBLAQI/ABQAAAAIABC8Hk0t0dgZyQIAAB8HAAAOACQAAAAAAAAAIAAA
        AO4QAABHbG9iYWwuYXNheC5jcwoAIAAAAAAAAQAYAKmfZbi5QNQBqZ9luLlA1AGpn2W4uUDUAVBL
        AQI/ABQAAAAIABC8Hk1UGcZeSAsAABNAAAApACQAAAAAAAAAIAAAAOMTAABNaWNyb3NvZnQuQm90
        LlNhbXBsZS5TaW1wbGVFY2hvQm90LmNzcHJvagoAIAAAAAAAAQAYADcAaLi5QNQBqZ9luLlA1AGp
        n2W4uUDUAVBLAQI/ABQAAAAIABC8Hk0sVoeafQEAAAcEAAAmACQAAAAAAAAAIAAAAHIfAABNaWNy
        b3NvZnQuQm90LlNhbXBsZS5TaW1wbGVFY2hvQm90LnNsbgoAIAAAAAAAAQAYADcAaLi5QNQBNwBo
        uLlA1AE3AGi4uUDUAVBLAQI/ABQAAAAIABC8Hk35A3JjDwIAAGcKAAAPACQAAAAAAAAAIAAAADMh
        AABwYWNrYWdlcy5jb25maWcKACAAAAAAAAEAGABRJ2+4uUDUAVEnb7i5QNQBUSdvuLlA1AFQSwEC
        PwAUAAAAAAAQvB5NAAAAAAAAAAAAAAAAEgAkAAAAAAAAABAAAABvIwAAUG9zdERlcGxveVNjcmlw
        dHMvCgAgAAAAAAABABgAl2JquLlA1AGXYmq4uUDUATcAaLi5QNQBUEsBAj8AFAAAAAgAEbweTXVz
        syhRAQAAagIAADUAJAAAAAAAAAAgAAAAnyMAAFBvc3REZXBsb3lTY3JpcHRzL2NsaTduY3N2eXZ0
        Y2IyeDR1NTkuUHVibGlzaFNldHRpbmdzCgAgAAAAAAABABgAfLtkublA1AGhgUq5uUDUAaGBSrm5
        QNQBUEsBAj8AFAAAAAgAELweTeDPebiRAAAA3AAAAC0AJAAAAAAAAAAgAAAAQyUAAFBvc3REZXBs
        b3lTY3JpcHRzL2dpdGh1YlByb2plY3QuanNvbi50ZW1wbGF0ZQoAIAAAAAAAAQAYADcAaLi5QNQB
        NwBouLlA1AE3AGi4uUDUAVBLAQI/ABQAAAAIABC8Hk325YcS3AAAAKYBAAAoACQAAAAAAAAAIAAA
        AB8mAABQb3N0RGVwbG95U2NyaXB0cy9JbmNsdWRlU291cmNlcy50YXJnZXRzCgAgAAAAAAABABgA
        NwBouLlA1AE3AGi4uUDUATcAaLi5QNQBUEsBAj8AFAAAAAgAELweTWRATbWsAgAAIQcAACAAJAAA
        AAAAAAAgAAAAQScAAFBvc3REZXBsb3lTY3JpcHRzL3ByZXBhcmVTcmMuY21kCgAgAAAAAAABABgA
        NwBouLlA1AE3AGi4uUDUATcAaLi5QNQBUEsBAj8AFAAAAAgAELweTe9rT3V2AAAAewAAACYAJAAA
        AAAAAAAgAAAAKyoAAFBvc3REZXBsb3lTY3JpcHRzL3B1Ymxpc2guY21kLnRlbXBsYXRlCgAgAAAA
        AAABABgANwBouLlA1AE3AGi4uUDUATcAaLi5QNQBUEsBAj8AFAAAAAgAELweTTYrsXByAgAARAUA
        AC0AJAAAAAAAAAAgAAAA5SoAAFBvc3REZXBsb3lTY3JpcHRzL3B1Ymxpc2hQcm9maWxlLnhtbC50
        ZW1wbGF0ZQoAIAAAAAAAAQAYAJdiari5QNQBNwBouLlA1AE3AGi4uUDUAVBLAQI/ABQAAAAIABC8
        Hk3KIuDRJAEAADICAAAuACQAAAAAAAAAIAAAAKItAABQb3N0RGVwbG95U2NyaXB0cy9wdWJsaXNo
        U2V0dGluZ3MueG1sLnRlbXBsYXRlCgAgAAAAAAABABgAl2JquLlA1AGXYmq4uUDUAZdiari5QNQB
        UEsBAj8AFAAAAAgAELweTaL1KynVAAAAewEAAB0AJAAAAAAAAAAgAAAAEi8AAFBvc3REZXBsb3lT
        Y3JpcHRzL3J1bkd1bHAuY21kCgAgAAAAAAABABgAl2JquLlA1AGXYmq4uUDUAZdiari5QNQBUEsB
        Aj8AFAAAAAgAELweTaHoB0OGAgAAQwYAACsAJAAAAAAAAAAgAAAAIjAAAFBvc3REZXBsb3lTY3Jp
        cHRzL3NldHVwR2l0aHViUmVtb3RlUmVwby5jbWQKACAAAAAAAAEAGACXYmq4uUDUAZdiari5QNQB
        l2JquLlA1AFQSwECPwAUAAAACAAQvB5N58hJBf8CAAAyBwAAKAAkAAAAAAAAACAAAADxMgAAUG9z
        dERlcGxveVNjcmlwdHMvc2V0dXBWc29SZW1vdGVSZXBvLmNtZAoAIAAAAAAAAQAYAJdiari5QNQB
        l2JquLlA1AGXYmq4uUDUAVBLAQI/ABQAAAAIABC8Hk0ABermvwAAABwBAAAqACQAAAAAAAAAIAAA
        ADY2AABQb3N0RGVwbG95U2NyaXB0cy92c29Qcm9qZWN0Lmpzb24udGVtcGxhdGUKACAAAAAAAAEA
        GAD9xGy4uUDUAZdiari5QNQBl2JquLlA1AFQSwECPwAUAAAAAAAQvB5NAAAAAAAAAAAAAAAACwAk
        AAAAAAAAABAAAAA9NwAAUHJvcGVydGllcy8KACAAAAAAAAEAGAC+I8y4uUDUAb4jzLi5QNQB/cRs
        uLlA1AFQSwECPwAUAAAACAAQvB5NElkKYWYCAAByBQAAGgAkAAAAAAAAACAAAABmNwAAUHJvcGVy
        dGllcy9Bc3NlbWJseUluZm8uY3MKACAAAAAAAAEAGAD9xGy4uUDUAf3EbLi5QNQB/cRsuLlA1AFQ
        SwECPwAUAAAAAAAQvB5NAAAAAAAAAAAAAAAAGwAkAAAAAAAAABAAAAAEOgAAUHJvcGVydGllcy9Q
        dWJsaXNoUHJvZmlsZXMvCgAgAAAAAAABABgALIbOuLlA1AEshs64uUDUAb4jzLi5QNQBUEsBAj8A
        FAAAAAgAELweTZ4/d51sAgAAPAUAAEAAJAAAAAAAAAAgAAAAPToAAFByb3BlcnRpZXMvUHVibGlz
        aFByb2ZpbGVzL2NsaTduY3N2eXZ0Y2IyeDR1NTktV2ViLURlcGxveS5wdWJ4bWwKACAAAAAAAAEA
        GAAowOi4uUDUASyGzri5QNQBLIbOuLlA1AFQSwECPwAUAAAACAARvB5NnX/l0rgAAADVAAAACwAk
        AAAAAAAAACAAAAAHPQAAcHVibGlzaC5jbWQKACAAAAAAAAEAGAAEDDW5uUDUAbuWH7m5QNQBu5Yf
        ublA1AFQSwECPwAUAAAACAAQvB5NL+AcRusBAAB/AwAACQAkAAAAAAAAACAAAADoPQAAcmVhZG1l
        Lm1kCgAgAAAAAAABABgAUSdvuLlA1AFRJ2+4uUDUAVEnb7i5QNQBUEsBAj8AFAAAAAgAELweTUrV
        u+7fBQAAlRkAAAoAJAAAAAAAAAAgAAAA+j8AAFdlYi5jb25maWcKACAAAAAAAAEAGAD9xGy4uUDU
        Af3EbLi5QNQB/cRsuLlA1AFQSwECPwAUAAAACAAQvB5NqGUn6WcCAAATBQAAEAAkAAAAAAAAACAA
        AAABRgAAV2ViLkRlYnVnLmNvbmZpZwoAIAAAAAAAAQAYAP3EbLi5QNQB/cRsuLlA1AH9xGy4uUDU
        AVBLAQI/ABQAAAAIABC8Hk1jph2zfQIAAFAFAAASACQAAAAAAAAAIAAAAJZIAABXZWIuUmVsZWFz
        ZS5jb25maWcKACAAAAAAAAEAGAD9xGy4uUDUAf3EbLi5QNQB/cRsuLlA1AFQSwUGAAAAACUAJQCI
        DwAAQ0sAAAAA
    headers:
      cache-control: [no-cache]
      content-length: ['23265']
      content-type: [application/x-zip-compressed]
      date: ['Thu, 30 Aug 2018 23:32:35 GMT']
      etag: ['"c6a525dcd00ed608"']
      expires: ['-1']
      last-modified: ['Thu, 30 Aug 2018 23:32:32 GMT']
      pragma: [no-cache]
      server: [Microsoft-IIS/10.0]
      set-cookie: [ARRAffinity=72fc5dc6c6711158646f3cbc077608b3e352d48ea93e25ea3afbfe5efb9e8e00;Path=/;HttpOnly;Domain=cli7ncsvyvtcb2x4u59.scm.azurewebsites.net]
      x-aspnet-version: [4.0.30319]
      x-powered-by: [ASP.NET]
    status: {code: 200, message: OK}
- request:
    body: null
    headers:
      Accept: [application/json]
      Accept-Encoding: ['gzip, deflate']
      CommandName: [bot publish]
      Connection: [keep-alive]
      User-Agent: [python/3.6.1 (Windows-10-10.0.17134-SP0) requests/2.19.1 msrest/0.5.4
          msrest_azure/0.4.34 azure-mgmt-botservice/0.1.0 Azure-SDK-For-Python AZURECLI/2.0.46]
      accept-language: [en-US]
    method: GET
    uri: https://management.azure.com/subscriptions/00000000-0000-0000-0000-000000000000/resourceGroups/clitest.rg000001/providers/Microsoft.BotService/botServices/cli000002?api-version=2018-07-12
  response:
    body: {string: '{"id":"/subscriptions/00000000-0000-0000-0000-000000000000/resourceGroups/clitest.rg000001/providers/Microsoft.BotService/botServices/cli000002","name":"cli000002","type":"Microsoft.BotService/botServices","etag":"W/\"datetime''2018-08-30T23%3A31%3A28.9014617Z''\"","location":"global","sku":{"name":"F0"},"kind":"sdk","tags":{},"properties":{"displayName":"cli000002","description":"","iconUrl":"//bot-framework.azureedge.net/bot-icons-v1/bot-framework-default.png","endpoint":"https://cli0000024u59.azurewebsites.net/api/messages","msaAppId":"0cc66483-d276-4830-9afd-9fe6b654a255","developerAppInsightKey":"5fccaaaf-c63b-43c8-a4c7-6d81ec6b2933","developerAppInsightsApplicationId":"cli0000022z4yyc","luisAppIds":[],"endpointVersion":"3.0","configuredChannels":["webchat"],"enabledChannels":["webchat","directline"],"isDeveloperAppInsightsApiKeySet":false,"provisioningState":"Succeeded"}}'}
    headers:
      cache-control: [no-cache]
      content-length: ['922']
      content-type: [application/json; charset=utf-8]
      date: ['Thu, 30 Aug 2018 23:32:35 GMT']
      etag: [W/"datetime'2018-08-30T23%3A31%3A28.9014617Z'"]
      expires: ['-1']
      pragma: [no-cache]
      server: [Microsoft-IIS/10.0]
      strict-transport-security: [max-age=31536000; includeSubDomains]
      transfer-encoding: [chunked]
      vary: ['Accept-Encoding,Accept-Encoding']
      x-content-type-options: [nosniff]
    status: {code: 200, message: OK}
- request:
    body: null
    headers:
      Accept: [application/json]
      Accept-Encoding: ['gzip, deflate']
      CommandName: [bot publish]
      Connection: [keep-alive]
      Content-Length: ['0']
      User-Agent: [python/3.6.1 (Windows-10-10.0.17134-SP0) requests/2.19.1 msrest/0.5.4
          msrest_azure/0.4.34 azure-mgmt-web/0.40.0 Azure-SDK-For-Python AZURECLI/2.0.46]
      accept-language: [en-US]
    method: POST
    uri: https://management.azure.com/subscriptions/00000000-0000-0000-0000-000000000000/resourceGroups/clitest.rg000001/providers/Microsoft.Web/sites/cli0000024u59/config/publishingcredentials/list?api-version=2018-02-01
  response:
    body: {string: '{"id":"/subscriptions/00000000-0000-0000-0000-000000000000/resourceGroups/clitest.rg000001/providers/Microsoft.Web/sites/cli0000024u59/publishingcredentials/$cli0000024u59","name":"cli0000024u59","type":"Microsoft.Web/sites/publishingcredentials","location":"Central
        US","properties":{"name":null,"publishingUserName":"$cli0000024u59","publishingPassword":"F0BiLgMxy3hn7RKRx4MZ80tj25wCszlfqTqTd8bDgxWtH6zrtdW7hBdkZv56","publishingPasswordHash":null,"publishingPasswordHashSalt":null,"metadata":null,"isDeleted":false,"scmUri":"https://$cli0000024u59:F0BiLgMxy3hn7RKRx4MZ80tj25wCszlfqTqTd8bDgxWtH6zrtdW7hBdkZv56@cli0000024u59.scm.azurewebsites.net"}}'}
    headers:
      cache-control: [no-cache]
      content-length: ['689']
      content-type: [application/json]
      date: ['Thu, 30 Aug 2018 23:32:36 GMT']
      expires: ['-1']
      pragma: [no-cache]
      server: [Microsoft-IIS/10.0]
      strict-transport-security: [max-age=31536000; includeSubDomains]
      transfer-encoding: [chunked]
      vary: [Accept-Encoding]
      x-aspnet-version: [4.0.30319]
      x-content-type-options: [nosniff]
      x-ms-ratelimit-remaining-subscription-resource-requests: ['11999']
      x-powered-by: [ASP.NET]
    status: {code: 200, message: OK}
- request:
    body: null
    headers:
      Accept: [application/json]
      Accept-Encoding: ['gzip, deflate']
      CommandName: [bot publish]
      Connection: [keep-alive]
      User-Agent: [python/3.6.1 (Windows-10-10.0.17134-SP0) requests/2.19.1 msrest/0.5.4
          msrest_azure/0.4.34 azure-mgmt-web/0.40.0 Azure-SDK-For-Python AZURECLI/2.0.46]
      accept-language: [en-US]
    method: GET
    uri: https://management.azure.com/subscriptions/00000000-0000-0000-0000-000000000000/resourceGroups/clitest.rg000001/providers/Microsoft.Web/sites/cli0000024u59?api-version=2018-02-01
  response:
    body: {string: '{"id":"/subscriptions/00000000-0000-0000-0000-000000000000/resourceGroups/clitest.rg000001/providers/Microsoft.Web/sites/cli0000024u59","name":"cli0000024u59","type":"Microsoft.Web/sites","kind":"app","location":"Central
        US","properties":{"name":"cli0000024u59","state":"Running","hostNames":["cli0000024u59.azurewebsites.net"],"webSpace":"clitest.rg000001-CentralUSwebspace","selfLink":"https://waws-prod-dm1-099.api.azurewebsites.windows.net:454/subscriptions/00000000-0000-0000-0000-000000000000/webspaces/clitest.rg000001-CentralUSwebspace/sites/cli0000024u59","repositorySiteName":"cli0000024u59","owner":null,"usageState":"Normal","enabled":true,"adminEnabled":true,"enabledHostNames":["cli0000024u59.azurewebsites.net","cli0000024u59.scm.azurewebsites.net"],"siteProperties":{"metadata":null,"properties":[{"name":"LinuxFxVersion","value":""},{"name":"WindowsFxVersion","value":null}],"appSettings":null},"availabilityState":"Normal","sslCertificates":null,"csrs":[],"cers":null,"siteMode":null,"hostNameSslStates":[{"name":"cli0000024u59.azurewebsites.net","sslState":"Disabled","ipBasedSslResult":null,"virtualIP":null,"thumbprint":null,"toUpdate":null,"toUpdateIpBasedSsl":null,"ipBasedSslState":"NotConfigured","hostType":"Standard"},{"name":"cli0000024u59.scm.azurewebsites.net","sslState":"Disabled","ipBasedSslResult":null,"virtualIP":null,"thumbprint":null,"toUpdate":null,"toUpdateIpBasedSsl":null,"ipBasedSslState":"NotConfigured","hostType":"Repository"}],"computeMode":null,"serverFarm":null,"serverFarmId":"/subscriptions/00000000-0000-0000-0000-000000000000/resourceGroups/clitest.rg000001/providers/Microsoft.Web/serverfarms/cli000002","reserved":false,"isXenon":false,"lastModifiedTimeUtc":"2018-08-30T23:32:01.77","storageRecoveryDefaultState":"Running","contentAvailabilityState":"Normal","runtimeAvailabilityState":"Normal","siteConfig":null,"deploymentId":"cli0000024u59","trafficManagerHostNames":null,"sku":"Standard","scmSiteAlsoStopped":false,"targetSwapSlot":null,"hostingEnvironment":null,"hostingEnvironmentProfile":null,"clientAffinityEnabled":true,"clientCertEnabled":false,"hostNamesDisabled":false,"domainVerificationIdentifiers":null,"kind":"app","outboundIpAddresses":"104.43.140.101,40.113.226.127,104.43.249.85,104.43.246.185,104.43.246.48","possibleOutboundIpAddresses":"104.43.140.101,40.113.226.127,104.43.249.85,104.43.246.185,104.43.246.48,40.113.235.164,40.113.230.33,40.113.233.156","containerSize":0,"dailyMemoryTimeQuota":0,"suspendedTill":null,"siteDisabledReason":0,"functionExecutionUnitsCache":null,"maxNumberOfWorkers":null,"homeStamp":"waws-prod-dm1-099","cloningInfo":null,"hostingEnvironmentId":null,"tags":null,"resourceGroup":"clitest.rg000001","defaultHostName":"cli0000024u59.azurewebsites.net","slotSwapStatus":null,"httpsOnly":false}}'}
    headers:
      cache-control: [no-cache]
      content-length: ['2897']
      content-type: [application/json]
      date: ['Thu, 30 Aug 2018 23:32:37 GMT']
      etag: ['"1D440B9A7216CA0"']
      expires: ['-1']
      pragma: [no-cache]
      server: [Microsoft-IIS/10.0]
      strict-transport-security: [max-age=31536000; includeSubDomains]
      transfer-encoding: [chunked]
      vary: [Accept-Encoding]
      x-aspnet-version: [4.0.30319]
      x-content-type-options: [nosniff]
      x-powered-by: [ASP.NET]
    status: {code: 200, message: OK}
- request:
    body: '{"command": "rm -rf clirepo", "dir": "site"}'
    headers:
      Accept: ['*/*']
      Accept-Encoding: ['gzip, deflate']
      Connection: [keep-alive]
      Content-Length: ['44']
      User-Agent: [python-requests/2.19.1]
      content-type: [application/json]
    method: POST
    uri: https://cli0000024u59.scm.azurewebsites.net/api/command
  response:
    body: {string: '{"Output":"","Error":"","ExitCode":0}'}
    headers:
      cache-control: [no-cache]
      content-length: ['37']
      content-type: [application/json; charset=utf-8]
      date: ['Thu, 30 Aug 2018 23:32:36 GMT']
      expires: ['-1']
      pragma: [no-cache]
      server: [Microsoft-IIS/10.0]
      set-cookie: [ARRAffinity=72fc5dc6c6711158646f3cbc077608b3e352d48ea93e25ea3afbfe5efb9e8e00;Path=/;HttpOnly;Domain=cli7ncsvyvtcb2x4u59.scm.azurewebsites.net]
      vary: [Accept-Encoding]
      x-aspnet-version: [4.0.30319]
      x-powered-by: [ASP.NET]
    status: {code: 200, message: OK}
- request:
    body: null
    headers:
      Accept: ['*/*']
      Accept-Encoding: ['gzip, deflate']
      Connection: [keep-alive]
      Content-Length: ['0']
      User-Agent: [python-requests/2.19.1]
      content-type: [application/json]
    method: PUT
    uri: https://cli0000024u59.scm.azurewebsites.net/api/vfs/site/clirepo/
  response:
    body: {string: ''}
    headers:
      cache-control: [no-cache]
      content-length: ['0']
      date: ['Thu, 30 Aug 2018 23:32:37 GMT']
      expires: ['-1']
      pragma: [no-cache]
      server: [Microsoft-IIS/10.0]
      set-cookie: [ARRAffinity=72fc5dc6c6711158646f3cbc077608b3e352d48ea93e25ea3afbfe5efb9e8e00;Path=/;HttpOnly;Domain=cli7ncsvyvtcb2x4u59.scm.azurewebsites.net]
      x-aspnet-version: [4.0.30319]
      x-powered-by: [ASP.NET]
    status: {code: 201, message: Created}
- request:
    body: !!binary |
      UEsDBBQAAAAAABGEHk0AAAAAAAAAAAAAAAAKAAAAQXBwX1N0YXJ0L1BLAwQUAAAAAAARhB5NAAAA
      AAAAAAAAAAAADAAAAENvbnRyb2xsZXJzL1BLAwQUAAAAAAARhB5NAAAAAAAAAAAAAAAACAAAAERp
      YWxvZ3MvUEsDBBQAAAAAABKEHk0AAAAAAAAAAAAAAAASAAAAUG9zdERlcGxveVNjcmlwdHMvUEsD
      BBQAAAAAABGEHk0AAAAAAAAAAAAAAAALAAAAUHJvcGVydGllcy9QSwMEFAAAAAgAEYQeTZmrGOwg
      AAAAHgAAAAsAAAAuZGVwbG95bWVudItOzs9Ly0yP5eVKzs/NTcxLUbBVSEktyMmv1EvOTQEAUEsD
      BBQAAAAIABGEHk3cKiruMQAAADsAAAAKAAAALmdpdGlnbm9yZctPytLn5UrKzAOSBYnJ2YnpqcVA
      ppZeQWlSRW6OXmlxahGIm1xcUJSfBeXqlYHUAABQSwMEFAAAAAgAEYQeTUWH39V9AAAArgAAAAkA
      AABidWlsZC5jbWRzSE3OyFfIT0vj5SpOLcnJT07M4eUCsxVcXAN8/CN9Xf1C4oP9Q4OcXW0h4p5+
      8QE+js6u8QgFtoYgTZlpCqkVmcUlCnp6MeXl5UX5+SUxKakFOfmVesm5KQoavFwKCgWlxRkpSApA
      YkA7cxQQCsHK8guAtCbI1NS8FLizAFBLAwQUAAAACAARhB5NAB5l98QBAAARBAAACwAAAGRlZmF1
      bHQuaHRttVPBjtMwEL0j8Q9DOOwptcqBRVUapKUVIBAgdTlwdJJJY63tiezxlvL1jJPuFtAeFiEi
      Rbaf543f84yrZ5vPb66/fdnCwM7WT59U9yPqTkaQr2LDFutKzeMJdMga2kGHiLwuEvflqwJUpqoT
      t2qoO0Lko8V10ZPnstfO2OPqYod7Qvj6/qK4yzYs651xo8VtO9AVsSRZ3u2Npy0QHHoKgBJj/B5S
      xADGj4llmgEe5qCrZGyHYVGp8ZzkHQYELX8khzBoL+Ks8TcRmGCPLEp1YOxWv7HmybRI9pfVhFhT
      VxqGgP26GJjHuFKqozYunGkDRep50ZJT6MsUVUNyAUE7PFC4kTD2yBPYzGrLGSrpFsOtwUNRvz2L
      gikoexRGhIPhARafttdiUUtlRMgjpAXMeRf/rLAz2tI+vm6C9u2wXl5evnhZ6h8pYJmjPX7nov6I
      OnhwlC+9ISnRZmZJwf6sE+w2H6bC/rWjR1qZtKmzwphvuMWylaY0PlGKZYejpaNDz8+locs0Prw5
      FyXrlzzQUifufAdCSSOcGXBm/A8/HTZpn53EEl2ymikU9SaDcKQUsraHjq3UfQvPPV6p/ETnNzu/
      +59QSwMEFAAAAAgAEYQeTc3pgcEjBQAAOg4AAAoAAABkZXBsb3kuY21kzVdbj9pGFH5H4j+cIFnK
      VlmzmyZVxYoqBEyCwq2YTRMJyZq1xzBZe8aZGS9LH/rbe2ZsA8s6ado+JDyA8bnMuXznMq9YDC3H
      70+C5aLX94Kx994bOy2Yer9D60ULXtFwI0DEcbPRbHQ6cF77saR314NrGNAsEbuUcg1+KFmmLek9
      lYoJ3oFL98K9fPlVTZY4l1TSzzlTTFP1mL3kQrUs3gEXEXU/KWBcaZIkNGo2thuUtwR4/hvPEzBf
      zcZoCI63WMwWhZvWywt42mwAWD8nTCnG13uN9J6GuSY3CX0GWUKJotUhFcszwACSRFIS7Q4GQEpu
      KagcbWAaQsLhhgLyhBukxVKkEOZSmiBRfsek4CZgrjFjLbQAKqWQzcZZ6aZPdZ4dgmDeKqoTEZIE
      5Y11EU3IDr/vM8JNoA2L7y2ht1iOhr3+0u86f0XZheO6KyI1i0moleHBeExnSxh4w9HUG+DvfDz7
      OPGmy8CfXS/6XhEao+kRqdJYmvllTcve4g0qqNNUkLrO3kxntd1upRC6XuvU+7AMJr3paOj5y2De
      W749qH1Me6A3JZzFVGmjFeBE73zhvR/Nrv063YX2eo4vnABwVm+/qZDA/zjtB/3JoFCPSR2ViLrN
      oxzUjod7OJYUg8h3huiXxNACMEv3YDSiRhLO14gRxRKEU+nnkwPen5R4P8ZYacPYgCnZwadcaZA5
      5+bMllFrzmzBVuRJhDhXAh/lbRX0Bw51HZJlEdHEWaFtq0rYDdPIhuMrEPEm83qAIKHraJpmzioI
      gsg2l6X5KwmPROpUMv2x15sG41m/Nw5O5bXM6SEf1fFfkShMQV7vw8hfYns8oWN7lBG0FbQ/1xGN
      cHobMVlPPDVk4r++Ho0HBeRsaibqJmdJNCd6M6Ax46ahGSePObvOXIq1JOkQk62e3v/6y5mzQgYj
      uLp84V6sXjNevXCxj2H/qNNr2sr3/tjWdhgcJ+3e2Gir4S2m3NaCO8Vg/EFvoJdlCQuJxo4H0V7e
      LdvmpQsLrEeBTXiav6EaMhLekrWZJxj+9ghaExZKoUSs3ddCuz5Jsce7PjM/Hp5oXqqEl8OwVcDC
      1l7Hs4OB9tMIeL5G3bI86UHKi06Jefm2c76tYqup8NwFm1xAkt5QMFUiJJE79FNv9j46o2kwH5vR
      fjCsmu+XX/Kp5RxjDdn/q1uhyqT41II2F4lYC2jfUXkjcKrvOim0dafwAB8yllFMLsXBXyChL7Jd
      L0ksvJdixulQJBGV0M46wbxIpGkEAya7NWV21cu1mBOsD6pxSfjTYgQh0xc8Zmv85jQ0r3wtEVGq
      G2Nro1cFNZeWu7ugduJfXSvqb4ikUV+kGUsKohUwxvgiyc2bR4ZUUXJXqxbYDauIKM48H/vWGXhj
      3/tB4p91fvx4lW3zH+cZlsbPrp2Xxbj8f3XwYMIh//kdvLyA87h2Kpzrk9d2vzEEjoTHG4qhZEip
      3y4MlUHLXTN95W7WV+6hxV0Vj2a0/ruu8b0/zUZhFC9HD5TBhlCkuEBFIAWig2M32xANW4b5KC4g
      Of7bUF65c5SkwzJsn8AkKug6PzUbNp2O/Y8Ashedo+W/zP1FqzhhSJhZ3Ok9031c7bvHrM8q87p7
      bYYP2jcPrhPWpdJA9LC0yWrvlZbDhigQod3+I4hyU02wxVFmLjoPZ1gBRnMO7v+eER7TO5ocE4Z4
      kxjm3FZmcc8pTHgsU5l7uWc4lm02nhb4sHk5MX3IOFPm3qLyMKRKxTkuimjf31BLAwQUAAAACAAR
      hB5Nfrpb3mIAAABpAAAACwAAAEdsb2JhbC5hc2F4s1F1UHAsKMjJTE4syczPU3DOT0l1Ss3IzEux
      VXLPyU9KzNFLLE6s0EsuVlLwzMtILcosKbZVCs7MLchJdU3OyHfKL9ELT01yLMhEMkVJwScxL700
      MT3VVslZWUlB1Y6XCwBQSwMEFAAAAAgAEYQeTS3R2BnKAgAAHwcAAA4AAABHbG9iYWwuYXNheC5j
      c51VW2/aMBR+r8R/OOMpSDS89yax0nVsY9KWVn2YpspxToJVx858oWNV//uOHQoB2q6aFS4+18/f
      +QzeClXB2DtdMn7cO/Bxny2twzq9wTz96Fyzaz/XqhSVN8wJrXad37GUyLc8M8GNtrp06XtNLy9k
      gSYd//EG/xEzEUzqyr4tKp0qh0Yx+VI84VYETRvy9w4Uq9E2jCNkom4kXvC5pqjewUPvAGg1PpeC
      A5fMWiAqxo0YNw2Z4rHhaJeljrMtsKoTaxntqDMWsNCigE7obeaYcclgE9tJC2s0AkIFGcFmFR7B
      1VxYoIdBZZA5sA15nQaDlSA8BtwcqZ9YMIdgXfsec6HUBpbaG8iJDNhrcxPy9EIUCKxgDdWyMSUO
      Cq5YLnEI59rW2k7yIWTfvrSuIbR1gTMFkcoalWs76Xv1bq/RB4q3LATSMVQBheY+pERChmCRjjkn
      Ru3RaFQJN/d5ynU9Wg9zRISsZn8YEYRxdnvQoBeEPtZLr5uCSCCTY0KhSbZDw8rbWnB6tu972Dd1
      UkjtLeszXXiJicL7lpPVfmwt1rlcppfoLn4j945U+WRMBoPB8S70Dk3X7d3csP8kguczFszESSOc
      QsARU4ipCXMsJGKydW9nTFEpuoZNk6ELuOyPfmxGgv6kc7tq1v85OA5oDP7ywtDEtu7U1mWGr75C
      B3Sn7oLcXjnalQZvcS2mIKCpmmGtzXKtVqGIWFaALqOkCyyZlyT1yMQqaAhekTSi3kIQ14YgNloV
      gTpJ84Ycpb5/EcguaZOVFCf5FnN9HpFCkYM3oj+EjuEOl/3/p+iNuJ7Y2UBqWy60pGnKwNZhveFv
      70a8pNuEk+rblMHzGWGln3GJxcm0y8nJanN2lnQUHyJv1zGvlRzbDGWZvBaS0RAlTkkHTPFw4udO
      9RjMXcOl1DmTW1pf/2Nh0v6Qt/s1C90Sj+1X+qDnL1BLAwQUAAAACAARhB5NVBnGXlgLAAATQAAA
      KQAAAE1pY3Jvc29mdC5Cb3QuU2FtcGxlLlNpbXBsZUVjaG9Cb3QuY3Nwcm9q1Vttb9s4Ev5+wP0H
      1lggDRDL8mviruPCsZM2e0kbRGl7wPlwoCXK1lYSVZJK4nb732+od9myraR2kv3S3ZDD4cOHM8Oh
      POy9vXdsdEsYt6h7XKkragURV6eG5U6PK74wq0eVt/1//qN3xeifRBfohlKbf07kG3LAiJjYt8UN
      ZlMi+HHlxLdso4JAswt/zYTw3tRqXJ8RB3PFsXRGOTWFolOnZpBbYlOPsJrDJ3JYraGqzQrMiFDv
      3PEoEyia+riijD2sf8VTwseXiZYhNciIOgpI3VoGAFNGVHwgYkgdz7IJu7KxMClzFFibUh8Hkzxm
      uMeoxytoSF3DEsHiT+8tLvjrveeHtbdfQbUHcAaKlFgTBwSNAgR5mQeu/pETrFnHb68vtcCuTu8F
      caX18SssZvvjpCNrmfs5Kh2HumtWsB3VGewAGixazN8x6ntBEzTCxKY19RmWk2dhIACQ69zfQ8fH
      aG8PVfojMvGnvVquO1YYm8Cirrg9o2bgzodXn3q1uCtRwajh6yJaWdxaK27WAgeOG8Hxe7V8U6pU
      btk73zL6P7rDw9PmoNWpnnTUs2pLbTeq3UGjXh0Nj0b1QbfVaNQ7P4MZkzF5NTdzj8hm3v/RbHX1
      9lG7Xu20DbNarxu42m0etaqqqnbak6NWx2zUf/7+w8REbRFdrTbVeiDWrE7M1gTEdLVlHnaJOdHT
      KVP90bwffeH5QXP/wpowzOa9WqYtkhp43ohwa+oSdkZtcNB+tOkW4b3acm807JqCF2OHcPAZ0tcs
      x7PJqT6jJ1T0avnOeCLOiTOx57JjcUCuL5IPg/AZg6Y7yr7Ge3PbUjq92orOaOgnTs7PtdN7jxHO
      +4L5pFfLt0WCaYumXVxJN60tdw1c6s4d6vOBL2bEFZYeWn6B6BfLNehdCUFAM7Qx55Z+ZXnEtlxy
      CXEylYT+dzadYBs2wI70vKdcnEGMSaU++O+IuAqDVhhmNIGdxFFrG/oXSIR9N1P1gV0tOH8+Hqx3
      /b+W/DcIAX+FHix9OUIRNGtzZwKRKdqrXFNWLDBc07ftSCZryB89YTnWd+jHNgclyd85d5DxsD+x
      3HHsC0FDMocJOwHr4AK7gvdHpyef3v1+cz0YnsoJ853RmFPGKLsmktw+hE/HA3POtkViXzBzIRO5
      kFlCv9Wr5f6Ot5PK1v5Qq3e7R7B74Z+72YxrYhPMyYrtCHj1jAl17fk6qsPt2gLTL5Xjc0Gc3OF3
      TUzCIK8k6NzVbd8gxxXwdmpi/QDFyWRTaUMqpB6gIeSSPiPHLvEFw/YBuvIn4M3/IvMb+pW4x/XD
      o04Tm/XWRFVbLQMfIFidDuGBsgHTZ5aAsC7HX2rnF/EGAYb3lhuSmeQrEQRFztwY29Zk7BLRUpN2
      Q3pMMixRdMWsWyxI/ybYxvivOHokS12z9uGMUdfKrF0FDI0ya29OjLpZJ2aneTRRjab+6LVHEBRN
      nlKGEgDIUBB374yCUwj0Yp5E0ZSKjjSCMlRMDg9xW2936t1mi6hH3UdTsQBF6UDC2ky4aC/1F3Hy
      qEUr2jdbIwxuX3+n5Segf4GINIUefAeQcLnRfQfOfq4MbQv+m/IBd4dGOUKa9YnZPGp3sNHstEiz
      /WhCVoEbnSghmgw5mxayRY5goZ/lNRtuHYxkCSppMDvjJwcsuM+qmUiyXnpn8SWdFlJlJbjFZd2s
      qdQh5iuNZ6Etg0iJgSSMdVYIbsOQsvoKzt+/GyXrzulfokYa6gskJnSg8vQE4tsm573FBWXzF0hP
      hKw8QfGAbVEEGbgLS6AvKc4kmDbTkopug5CyXzCf4STbxgfbohSgtIonOPWG2gwzr5J+9VgrPcIC
      K6dGZjPayuGzpRUxGiUAUZhLJCLbMNVA2Uf57wtaf4BnEwOh0NY4kHm9BdiXsvBnZ2MB2SZeFsW3
      wdC5QYKbkPzkaCsXdDq13Gk2etWV1jNRVAhNCRClgaq+ccD2WYJIKKhObSX9aSUf71tqU4ULZ7vd
      egHEFaANon0rhClRFsb9zVqeIOAXg8jQ3XgxBpqAUxplTTQdsjsj5cpHj7jnRpQHvWzmclAfw2Ne
      wfZZDRjh2SPkpZAYIlPaZTmL5LdB0TXhIjqTrn2YwiFZK3vO9HcZGRhV9ptwe73wE0S4+GfC4Fqb
      +6Ume996ThJXI7zELsiy4DN/vTBvWT32ybnV4A4IaFNWD4MA85S+W4RHOSxHXiy+M9o+kDsBp7qc
      +A+etb5uaetTsdEySWfSwB1MiPFonhagKN2Fy+li/+ODmDbngjhhei3/0YhIE5z198xoaGFU/eNO
      POcZsQHa8iGxacAvE/yBiFJsyvKp90JsuOIvCCtnlDlYiNzNpR1E+ueKmQPuSXRfyGTgWen1rpH7
      DWr1Mnbn5YtzAsJr8s2Ho68U5fHBCFdRC9vW9yCUlxqpeSAr6X++23ceydJte6H7l20eqFVGcxc7
      li5DSymW5Jjwp8nS4pmqoPgDQamx8vsddcEuQ2+XEAeuS0WgqZSKUtM8bOkPi70jhu/AW8qqLw1D
      esYLjSTy58UVcSRGvvPgkUwE/yML0V4mVRG4jWzFcrtm7d+OXdIvM1lyaZN9kOtDhCHMYxYnDxoG
      K1AuLPdbUhJcy5dELVdIwVrAoUWqyQiL6pWZyEaPJbGw3lHBHN+vE5ML1wO6HgIp+NkiU7Llef/T
      BGZiHBpOyL+i89zMC4MkFEZtWeQ9vgSzlZaYtm0YPILjhU75WJa8hv+/YUCGDimZGueIeMSVSdsn
      COX9jJgsn8t2xfYaqV45U1rvO47rcM9dk2bwPWLTY1dd2CskK/Bckt/OoL4wFly10HTfV61TKl49
      SVTwuMVpllgprJb/bHEf25rwDYtGITNbq7n32+sCibjivdKvq7I8vUAk0a8FNf0ygC3qTXtSfSue
      CDQbmdcA4+x049tihAAq1R/xsalINcZ86uKJTS41INimc3DGj6Ypa6CjetKV3StnWfnG4sRywxcQ
      i78nKiJ847PmmUaWvzBOJElX7lNJrifVu24zXgWb8cAXIuv2SJrJr2EMqqazDz8klhRAkTmnPnRm
      41vK0kCC3n06Hx1Xyj10SH0RNAHSaO5UW6YfxcX90dkc/ZETkMU0EMisqSsr+iPBhcbcgFH4dEtW
      u4X1gIFIs3t4JGNAUd/64Z8Dl6gVDP6cyzOC0QD/E7P70dsym+rYnkFq8qbZPWqBiqg7N+TDzcVl
      /olB/yyseS/oWeRu6HNBnRBOPGyxOTcm27MEpba2V8O3JOzSSHDH5ecuzMXkK4Z47rUyGcOorbWM
      Xm3RBJN4vWSxyYuZBeuO3kMg+QhFVrhySEazLygClwx9FVznhJiQlycvBa8Y8TAjcJ0P3wzG0xfF
      PxRVtN+QezDPmcVlIhy8SWRxHsZRMDOKjtHXfB+JGRYIpkCOBXbsThEcJEIO1uFA9yG5UxDwFo2L
      ICP5fRtgIkGRQe9cm2IDBkFehxBARY7ss1wz+AgRfH7mhKDIFqd04YmjeQdR+GvtLeSDX8G9m41G
      XW0r6GaWYgoekACmH+pPJarRD1YZb0bxcSDFsrHo1a6e5EksMr7+J773Cwao//vmTfgZRr6gSzDv
      7x2gLQPYz6RBD1z0k7/C3A5VTwy7HMEPqI9eBLQkFx2lj2JsJzjSx5vRI7nwj1fVKrqh4PCGZc7R
      nPoMBTrjO/gBwoYRtgvMv0JQ4EA4kmk0NWXIQNEMaAJH2h3CroF8F6KCnB9ZQkFJrP4I0gxxy7Fs
      zBCJgyzyKFy0OTRY8vOBDDRL70+jOZTlcByG20xszS8vJzswIRquEq1Wi5OuKzh0w4RT05nlCT6O
      rg8acCILcIqSptiiyg5e97xZGf8ShAeMX4NiByZZiHZHLihXlRzv/f8DUEsDBBQAAAAIABGEHk0s
      VoeafgEAAAcEAAAmAAAATWljcm9zb2Z0LkJvdC5TYW1wbGUuU2ltcGxlRWNob0JvdC5zbG6lkl1P
      gzAUhq9Hwn8geDOT0bSs2+TCC2BUL9QsEr1nUGZNoYQPEzP33z1kH45tmmVe0b59es573qJrjyIu
      VaXS2ngVVRNJI6ybRCgjVLKphcoNJiQfGEyVWQQML6tWJDbCWNeuDi4RqmtrZS1s8Vs4QRjZI2pj
      RHRomousyX5BMaAU28Rp0Vmp3nlc980lcwNMAx9bQ0yYRch0aHmMehbGPqZs4gTM81fmNVQwd0Mh
      T9UojLJCchSK9hPEbwpEc3AOheKqgP4tvHT8STB06djyxphZFI9sy3FtYk39mylxHWrbZLwydS3I
      k41nXbuTah5JXeutFyGIMGN/m62v8lQsmjJqNzMZ1SmkXLUTFCXfQnC7N+XzZvHl5p+GP3uB486+
      BZ655FHF95ADBSAw1rFxZGtj+w9Xqqr3bZ2XCeq4RS40++B+ujg1x0UVvUbIBOF/1DsIq+PxOMhL
      q/74vOBxtrnDIxW8rAU/9Z/ci2S3f1IJB4K5D2FwssFO0bVvUEsDBBQAAAAIABGEHk35A3JjEgIA
      AGcKAAAPAAAAcGFja2FnZXMuY29uZmlntZbdbtpAEIXvK/UdrL3vBvOXVoJGBKiStCRRiJLrrT24
      K+wda3cMoU/fMSGJTVEig7kwBmF9s3Pm7Fn3zp6S2FuAdRpNX/iyITwwAYbaRH2R0ezLV3H2/fOn
      XqqCuYrA8XfPe/nl6bAvBhnhTAXijdKSHdkUHikbAf2wKoEl2nlfGKB2V3gn/zOGfywaHcipjgyE
      BVRDtiqixoY0rV4fLbC60petSqyJDiw6nJEcuPQaSD7C70GqC0xutB6mHMYaDB0HjRaOAubbBbra
      Fv03syBHGGQJKzE6F0VfNpu5NQ/g/oTVg8pi2laDLb83+Rz5ynQcgi3Z389lqGbbndDnpR8HfaEd
      oV3VCx+iMRAwtz7sEEMYYSJvLS40L9yxQ4g9OMQk1THY21jRDG2yNVJ/z3IjRUqOw6Tk6dO9HbLG
      3eSfdQKnYBc6ALcrNPZHX4awzs4JKx7LXxhFfAiUZPVluxY2z5IwwFiOnwhMTndb42vLdqPV6Pqd
      Tr0Vi3Watffj5E0K5jLcbIOj1LrHOZTk6hyAzrP8ZSOVR9B8bweFsIAY03VMA3fMCwxWfUE2gw8K
      3oGjjWvvMu4qgZJIVQ/7N/CjNiEu3XPWs/4zHWVWEXMnyvDj5UR6t7sdda5hSWzSvNCVQ1Ngfauc
      NdOVI0h2TlVeLemgyW7Y05Q7V/FBuVASdMqRzn8UgKcfa9g7eX1p/AdQSwMEFAAAAAgAEYQeTZ1/
      5dK4AAAA1QAAAAsAAABwdWJsaXNoLmNtZCXL26qCQBSA4XufwhdQop1ZG7yxA0FJUYHQXXNQp5Yz
      NmuNjT19uPfVDz982tWSQiuRjJVBi8wpEGGhuDVoKopzQ/Hl3nYg44sas+GNGSeCDqPudy07MMNR
      56PLyDo53pNjoLA5WVMpkBkHlWqO/dATZ1M/c8kyKiWL/nHcOeZb+HN3xLexIttOcnWoCz/8NDo9
      789+VtwWE3pMk/cKP1C9rq+rWLB17UvazT+WRJk2uXje+mQeBF9QSwMEFAAAAAgAEYQeTS/gHEbu
      AQAAfwMAAAkAAAByZWFkbWUubWR1U0uP0zAQvkfKfxiph4BUUsGCgL3tikUqErCiwAUh6jiTxqrj
      sfzY0F3x3xm7SSlIXCLF883M97AXC/jiEa7uo0MQ1oJHd6ckArYqkCuLsnhawyD2CJJa/vTC7BCU
      gdAjkNHK/ME+q4EsHkuSjCeNMCrT0gjCtOCiSfO2221ZNFHptpZDO/2XxeLI5KvyUWjYhNgqgmNh
      AdcJnoe02MRdJsVjjSbRgqfo5MTvXtkMw5/BCRnmGvPVJHluR7rFM6oPt58+vvvx4er9za/aa5OA
      fzEoi4samtN2lpDVNRTK4vkZh7n4jSudEwOO5PZPcIhasDXfH/UhWH+5Ws0n9TmuljSsHpfFizrZ
      ZpB5pyUzFgJB6uf2LKInHy4vXr96ObtzGxutfA+NkPt0tv5HxBKc2vUBpFZyz6Gdq87MPeq0tJoG
      VWnIW17cKeeZixoQ7LRDdAHdSbcyu3P7cy7ro0Vzg3XUKY0egmiWE4VqPVhyoco5XDsaOXgWWd2y
      sjdoNR020ikbfJXp2dzzsFl/vpmimoZvMASm4DPh0xViD/k0UvQcZ8CdE0FRvnrrDg4UoRd3yJpD
      tP/BLpMCk7AuRc2XWGsQMdDAZU5AH/geJprYwpiQBsfpaXgQLon3PddYU7JicsihJZ9eyqE+8i2L
      31BLAwQUAAAACAARhB5NStW77t8FAACVGQAACgAAAFdlYi5jb25maWflWW1v2zYQ/l6g/4HTgH3Y
      bNqO3+LETpHmBU3XJEaSdSgwYKCkk01EIhWSkut/v6P1YslOihRtPbSFHcc5kcd7Hj48kpfxq49R
      SFJQmksxcTq07RAQnvS5mE2cxATNfefV0csX41+azZcvCDmXikRSAeEikCpiBrsRfM/lghhJPCkC
      Pkvw+VImihzfTunV2R1hcRxyb9W4QeIQmAaScs2NdTk3Jj5otWaSRtxTUsvAUE9GrWARcnHfevUO
      Py/8Sbfd2R+ObIdm0wZUDLXyemTtuekWPGvSKxtaMfInwz4ThpslOVcsgoVU96TmtZEF+bwITyd7
      3WFvsJ+FtxpZZ5EQgd4nDqzGKodyiFnGaL5dagMRPWWG0SwceiEMKMFCerKK5pyHkD8qe+cgG2TD
      3iDv87kc0LZ9NchJEhqckYmAxCgWNsg0cXE2/oTlnbwHMXGHQ9b3+oPOqNuD9v7IIQoeEq5gCiri
      OhNGwEINDmllRLceYXqMk3wLxqBwatQnsc8MEDMHnPQFN/NMGpcFk+Q4jsmFT5jwH3syZVojMH/N
      KvN9cg/LiVM2xHYXvkNSFiZIaBHlU00Lj1sdxq1NCIXqM90z4oP2FI8z9QRkAS7NmCDenIkZaKIB
      nivovW6/OxjSly+yEe7mQAIZhnKBwxNmjOJuYtClxwRxAT0bq1jkkYztCDcJznwER8SwGc1cWMll
      avob3KPCRmrtsbmagSkFM3F6dLCmzLKw4SNnvnC9KF2PvUQbGZ0pJZXG5eUjl9dBUOEfUcc8zFab
      D26CKcWoBHX06SCeHW8ZaxFUJchbUJjWCo8+BAzXwan0kggX4hptgItLV7nyMD2pCh+5jHKt5H7o
      3ER10qp+xq3HhxujSPwQ1+e6n4JIppBniLOPBoRdb+hK/6XCN1nzps0HM0xJ4Dd7NkG3nuh/Pb27
      uL66xQzg5l2fbnt3c3xy9lRLC/jzQoqZmU+c36lj9xIXv22kNxQTzftqeqeY0AGoG8wzoE0ZQawA
      M57PzSrl8HKIS5RWQ2V6yNNbWiNi3KoxW5VFRQbj3EWZHbSGyA2Xr7mw2x3BnVBo3PSUONDeHCKm
      m+UCbqKUD5iOaNpx1jz5EIPwcYKPc1c11eS2Cz/L/DmjVUIgjDFmBF7PyE634wbd/f6A+d1BD7p9
      p65HNwv4BnzM0h6mhdB/X9nB7avZzX47RMCifFgaq8p9GsSX4rtMvW+CrU/3aHcTW2ncDTb8mTLM
      +D/W5F3BwuCGbnest1qKR8C1md8LYODusQEDwE3Uy48XTn6++Ay47Rzu6DG4o91p9QoMfYNbDp0q
      HmH2SR+bVrfdDfrBMOh0/H6bddlXQd5D0e6NNqGvrTvEfr46F9uzz3Mk/RWw/9+ruLDa3SWkK6Sa
      vl2YncHv0N42/Nz4DeGXZ2H6Whp7xRAYolQ7gt2lHRQ37W3mtsK6M+CvEx768LPCpm84nt3V8meF
      f5wYGbBnHU9+FPirCoM9DnMPND0JObbbWa4bbm/wpXF36K/t50+G+cyPvhvE49bGnSy/zlUvbsUV
      38Nt25dRvdRQu1sXJhIyMUvwsD5xvF8PPY3vOVOxQ6C43E4c6unixrrm7wSHOJURHgtlyn17cz2V
      Bg9MJ7njaciMLSfSk1vr0DYvmjbI57tZ1+46z63dbc/jgimBxL2DFEI8SeLE5qNcr8pWeL9tWTry
      iu/BgLSEtH0OOoP+6LAzGOHHsN2pzdcjRKbuYerqw5TrhIUu09yzf6+KY3VeU/cLeH3/+nvktNMr
      Se112u19YstBXMDBv5cf7j5Mzyb//PaQSHOIV8j8G2nJlacLEYD6o1rXqMu6LGxUxT/eKCxvlLzy
      Ax56P2f2nLf8VN05UEwblXiWIPpOeiw8dbccbBWdKxWRmFmjqa7DqrUoo0VaP4Sh9e+79dSw5aAs
      pm3FUTSICw1UwshNhIuUKc6Euaoe/bOt8CEsNsEnGcE2WQHJfiu0VuyhWzysm1ensB7euLU9XUU9
      vfhnxn9QSwMEFAAAAAgAEYQeTahlJ+lnAgAAEwUAABAAAABXZWIuRGVidWcuY29uZmlnfVRha9sw
      EP1e6H+46dMGtd0OCl0Xp6zNNgrJxpp+2FdFPttislSkc9P8+52t2E6zMggO+O6e3nv35NnNS2Pg
      GX3QzubiIj0XgFa5QtsqFy2VyZW4mZ+enJ7M3iUJfHMeGucRtC2dbyTxFPCvDdwPW9ykytlSV0Be
      2jC1POugCWqip+ssq1zaaOVdcCVxf5OVW6Ptn+xmyc/7Ir/4eHl19QmSJJ4bEVsfkZiuDdcvBeVi
      DxdUjY0MR5i/V8tk4VTboKXkcWAjGBKgk9L9A9xboBoBX2TzZBA2aNz2rH8l1khfiLzetIRBTIJg
      q40BVUtbYd/5LE2L4EqIkIL5WlQd2TWP24pnHRvEkA9oUAZc/1qu0bPngq0zO9jWGGmIlSRVCzBO
      SWKnI2CpbRFAWpADHRBWNsi4tWRTJRcnEmK1W9yKNI7G5+yYUZjHApdkUUAHlsc5GAoAx0O5WEiS
      sHatV5gfS/l8bzVpaeCOm4yr8tVu37K45RphxfvDAtaoWq9plz/6Fg+P441ej2vKj93vqsvoSh5d
      et+x/iCyvZRZ9rbIPkRcDrtA2KSc0GFgzMB/U/CAT0Yq/Gf/Pr6Pc5Y0X4nRU9UGcs1X750PcwiR
      VLebHXt3eElKbTAdxn44wrjRDSrZ5YWxu5sWYkqcRThEHoFbW6DviYwMDtSCdQWeTVjWgUVexD6T
      vcgDd8WUspHZm8KgwFK2hh6wYPGKr+N3tOi16stpTY2Yltswh5y9bFjjTxYjjtc92DyfZmbYAUEg
      SW246wEuz/nr5McDu1h5K810YjYFO3u1hfh6CEP2Kg19dKYvzPwvUEsDBBQAAAAIABKEHk1jph2z
      fQIAAFAFAAASAAAAV2ViLlJlbGVhc2UuY29uZmlnfVTbattAEH0P5B+m+5RALCWFQJpaDk3cloDd
      UjsPfV2vRtLSvZi92PHfd6S1JccNBSHBzsyZM2fOavzwqhVs0HlpTcFusmsGaIQtpakLFkM1umMP
      k/Oz87Pxh9EIvlkH2joEaSrrNA9UBfRET/mwxVUmrKlkDcFx44eUjfQyQBPC+j7Pa5tpKZz1tgqU
      r/Nqq6T5kz/M6P1cFjcfb+/uPsFolPomxOgSEtE1/v61DAXbw3nRoOb+BPP3fDaaWhE1mjB6ObBh
      BAnQjtJ+AZ4NhAYBX7leK4QVKru96o7YEsOXEJxcxYCeDQPBVioFouGmxi5zw1VEsBUkSEZ8DYqW
      7JLKTU21lgQiyAUq5B6Xv2ZLdKQ5I+nUDrYNJhpszoNoGCgreCClE2AlTemBG+AHOsAM10i4DSdR
      OQUHEmy+mz6yLJWm9/iUkZ+kAIV4WUILVqQ6OAQATosKNuWBw9JGJ7A4HeXzs5FBcgVPlKRsXcx3
      +5TpI8UC1rQ/LGGJIjoZdsWLi3jcjjZ636+pOFW/jc6SKkVS6aJlfcny/Sjj/P0hOxNR2O98QJ2R
      Qye9KHot1d5Ub5svUNsNDv0vSlzF+pJB36030H8ttMC14gL/MY9L56nOBEn3qV+IiD5Y/dU56/wE
      fJqoXeyOhD++YZVUmB3KftiAyQ4rFLw1G2G319Qni1mDcIzcA0dTouuI9AyOpAJjS7wasIwFg7TF
      vaG7IY9WwwaL9szeHQxKrHhUYYElDS/oLn9Hg06KLpw1QbPBGZo4pJ0E/EnDsH/XlWSeDDVjbIHA
      Bx6if+oAbq/p1+b6hq0nneFq6JgPtyJ/s4V0fHBS/sZKne+G39PkL1BLAwQUAAAACAARhB5NDgiu
      G9UBAABTBQAAGQAAAEFwcF9TdGFydC9XZWJBcGlDb25maWcuY3OlVG2LGjEQ/i74H4b7tEKJ3++w
      YO3LWVorWtrPMTvaQEy2yazHVfzvnWTXO80uhWJYWCZ5nnmfqYO2O1jgEzkb3JbE5+Dsw3BQ992L
      NXotjf4jSV+g1s+BcJ+JYuaMQRWBQXxCy0yVQ75o+zu/+4kb8UhU8f1wYOUeQyUVwlrvK4Mf1C/3
      ztFwcBwOgE9Vb4xWEIgdUqCMDAFYwbTSM2e3etegWnCXcHC6hBXuNFv2RbTa0GqfAgSVpNEr/UJT
      POMxxLRAQCIOIVy/Nmzx0fm9JDYQUg5fxJdkol+3fLGojfkhTY2P0pYmZmUCnTsx31nn8eFmaxws
      ealohcGZA3o2ZvEJZpx0M5MBl95V6Ol5EauQg4vR7Q60j02cr4KY2xItYZlZiPrYDTZO4j1uZW3o
      rIr5xQgmb1MAEde1VoyutWW1jOfGhLzparyKMJ+mnoh7VPxPT2T0UxqirGN5PmC6nLf1Orc66+E2
      9getMPyD5F1N2N/nX2UVJ2hK5PWGUasETW3Si2/ez7QkFd3o4wa4h7u23DzYdz0pSl59R94QkiJa
      Vnp8VLE+cQf50/ioy1MfsWzUhvtU5yPwOphAcmUpPVuOffutigmSBk7X/Mv+b5/4x99fUEsDBBQA
      AAAIABGEHk2cfoCj9AIAAMYIAAAhAAAAQ29udHJvbGxlcnMvTWVzc2FnZXNDb250cm9sbGVyLmNz
      rVRNb9pAEL1Hyn+Y5hCBGpl7AkiktE0PSaNA1EOUw7IexyvWXmt3DEJR/ntn/QUGV6RRVsLGO7Nv
      37z5yJ1KX2C2cYRJMI8tipA3grlwS3d1epLvmv/gIrghyni/ttwqaY0zEQXXhoJvJk1RkrFX3fbr
      XOkQbTBVQpuXf+IHU3TSqoyUSfd97pC2HFKRoMuExL17ZiLJNAYz5V/fZWx48/Tk9fQEeD3xxySn
      GFNSUvg7nktDli+0kiC1cA5u0Tnxgo5DImu0RguXMMnU9rs8VIH6NRgMYOjyJBF2M25v3/+ezS9B
      ZGpQ47btFiWqFYKApLRDZE3Cn7nji0UagkN+WMy02j87HHTfOcyEFQl4jUZnQpJaKdqcjYeDYn/H
      +emBRTSpw/kmwx7xw0S9lVFhv/+89arUWSlLudAg3CaV4Mtk6NNRQ1ThjeHeOOo9/eAork24eYZJ
      RQBqJv0t9I6GJXmQMcolqKjxBuXARODJ1RK1D7Fvr3H+MoI01xrOzxuA4CdSzaGIsw+jEezuuKAi
      328j77HzS6yFIuBSWKF1RQkFM87PxGvSsLgAf8cYUlyDr8Gy6Hv9/lUb8K39idrhUQI3XBIay5ao
      WDf3HsG3SLlNC1YdievttdmMBOXcBCEGEykxIwx38d98FzYVYtVKEG5T3cWyMSYHYr8eZrRyCnx+
      DvM1RY2Ej9wiU0HieNq4sH75iZBw65edFXoETh/EaLH7QARrhLiIpH3mopZS8B/uiM6y7EjuOwLb
      razHLGRR3xVcqTfIndPgyKdEcgA8dC5Aq6VvoGTBDrBAP1hFGGJYzBiLiVlh2InNKjckuVEKgElz
      ct/yUCK1bf4PM4qMBZVGpvOaO0MgVkJpseBIFIvLbezZpyzdJ0lL3CkPqD+oLss1KIUqZ7QsAVlZ
      R67zYCOAn4bw9UAQnuoWna/JdSyIay3LMN1Pw8ei5Sen+H/CW6Zm7auCYsG/quR5+FKB9Bmc7o8y
      ak0Vv+qZxTO9PXyq19tfUEsDBBQAAAAIABGEHk2Ov/hPCAIAAFkGAAAVAAAARGlhbG9ncy9FY2hv
      RGlhbG9nLmNzrVRda9swFH0P5D/cmsESWgR7TZoWdx0sDx2lDowx9qDIN4k22zLSdbos5L9XktXG
      cZMmG7sPtj7O/Tr3oMrIYg7JyhDmw26namzZZKGRp/aATbj5Zez1M+BOCq2MmhG7UcQ+qqJAQUoP
      99/fVDJLUbNbyTM1N+00X5DYZ6LSx+92Cp6jKbnAVpSE52WGLJHu90kslD3sdtbdDlj7nqC20eUf
      Ps3wR31WVtNMChAZNwacQ50fBjCuV5dq+tPWfVXDQyTvqRXZC0xBFgRCVfY7gg++wBdMHZ2bVSHA
      8QMJcU2x2/dCAksM4W8Xwf/7W+9GMmcBwL5ySb07NIbP8QEFyiWmPmJ/uHXYvF3GPvcDBV3AOH60
      KR1pl+PgGAuSS0mrK+B6XuVYvFH3kmvIazdLEHexXrx22HImZ9ALYDZxVYxGEGk0SFF/F9nK4uxe
      q7ykugsnuJnUee81rEHmxf7beEaoH1xWz8wBVBRrhJWqwFRh8citCEiBLxhogbUurqNDEW5lWrwn
      mHs0p7NDwNJ3ltAqw0Fo029YXJFqzt3ZZneLmcGj1NVjeZbYvTJBpO+iNS2kYb6P8/PNAL65hrlM
      Yd2c0yZqV+HsryTbKv2IglsjOkW8U6WyUwUravXsE2wT6uQaoMfluSUyPBSnDiHyfdZaYq+I/p/j
      doKEQlFQ8GkZ/+1hsovNE1BLAwQUAAAACAARhB5NdXOzKFIBAABqAgAANQAAAFBvc3REZXBsb3lT
      Y3JpcHRzL2NsaTduY3N2eXZ0Y2IyeDR1NTkuUHVibGlzaFNldHRpbmdzfZJda8IwFIbv/RWl7NZW
      tH5MrDAtMpgdzjoK3rXNsc1Mk5qkX/769WvCWNlVSN5zHt4356yS1CdYRJYnvfVAUVbd/cDZBRNQ
      kvZ892Iw1YDgOQ1EVmYy8MeFkU6fhy74QwsSwkpVqfoVpQPYICOGTNV2+tRPTnpxmghizbunHHLw
      BZYgNApyaRiTrj8WqME5ldZLUJVUAG/9PvXqDacuOriWqe5GG7wP7aKcRHR+fDsWhn1ejOTXeJpv
      xZ1cbqfbCS18Kyxc+Tq7c4ncebRB13M2nXUsBEJi6knM6EuSNNEiKZOlrvcl/JOuozgfewd4Btza
      bBmlENQ8R3JMQ1P9SV9WVf/oEaudhNXwMoyA7xhP4z2m10dBwKjkjBw8CqQVOqc5pojlonWnBSzu
      GiqjTikkxKZaTbr+daGuG2WFqpXxPQFC0ZvN0X+vznrweGmW6xtQSwMEFAAAAAgAEoQeTc3pgcEj
      BQAAOg4AACUAAABQb3N0RGVwbG95U2NyaXB0cy9kZXBsb3kuY21kLnRlbXBsYXRlzVdbj9pGFH5H
      4j+cIFnKVlmzmyZVxYoqBEyCwq2YTRMJyZq1xzBZe8aZGS9LH/rbe2ZsA8s6ado+JDyA8bnMuXzn
      Mq9YDC3H70+C5aLX94Kx994bOy2Yer9D60ULXtFwI0DEcbPRbHQ6cF77saR314NrGNAsEbuUcg1+
      KFmmLek9lYoJ3oFL98K9fPlVTZY4l1TSzzlTTFP1mL3kQrUs3gEXEXU/KWBcaZIkNGo2thuUtwR4
      /hvPEzBfzcZoCI63WMwWhZvWywt42mwAWD8nTCnG13uN9J6GuSY3CX0GWUKJotUhFcszwACSRFIS
      7Q4GQEpuKagcbWAaQsLhhgLyhBukxVKkEOZSmiBRfsek4CZgrjFjLbQAKqWQzcZZ6aZPdZ4dgmDe
      KqoTEZIE5Y11EU3IDr/vM8JNoA2L7y2ht1iOhr3+0u86f0XZheO6KyI1i0moleHBeExnSxh4w9HU
      G+DvfDz7OPGmy8CfXS/6XhEao+kRqdJYmvllTcve4g0qqNNUkLrO3kxntd1upRC6XuvU+7AMJr3p
      aOj5y2DeW749qH1Me6A3JZzFVGmjFeBE73zhvR/Nrv063YX2eo4vnABwVm+/qZDA/zjtB/3JoFCP
      SR2ViLrNoxzUjod7OJYUg8h3huiXxNACMEv3YDSiRhLO14gRxRKEU+nnkwPen5R4P8ZYacPYgCnZ
      wadcaZA55+bMllFrzmzBVuRJhDhXAh/lbRX0Bw51HZJlEdHEWaFtq0rYDdPIhuMrEPEm83qAIKHr
      aJpmzioIgsg2l6X5KwmPROpUMv2x15sG41m/Nw5O5bXM6SEf1fFfkShMQV7vw8hfYns8oWN7lBG0
      FbQ/1xGNcHobMVlPPDVk4r++Ho0HBeRsaibqJmdJNCd6M6Ax46ahGSePObvOXIq1JOkQk62e3v/6
      y5mzQgYjuLp84V6sXjNevXCxj2H/qNNr2sr3/tjWdhgcJ+3e2Gir4S2m3NaCO8Vg/EFvoJdlCQuJ
      xo4H0V7eLdvmpQsLrEeBTXiav6EaMhLekrWZJxj+9ghaExZKoUSs3ddCuz5Jsce7PjM/Hp5oXqqE
      l8OwVcDC1l7Hs4OB9tMIeL5G3bI86UHKi06Jefm2c76tYqup8NwFm1xAkt5QMFUiJJE79FNv9j46
      o2kwH5vRfjCsmu+XX/Kp5RxjDdn/q1uhyqT41II2F4lYC2jfUXkjcKrvOim0dafwAB8yllFMLsXB
      XyChL7JdL0ksvJdixulQJBGV0M46wbxIpGkEAya7NWV21cu1mBOsD6pxSfjTYgQh0xc8Zmv85jQ0
      r3wtEVGqG2Nro1cFNZeWu7ugduJfXSvqb4ikUV+kGUsKohUwxvgiyc2bR4ZUUXJXqxbYDauIKM48
      H/vWGXhj3/tB4p91fvx4lW3zH+cZlsbPrp2Xxbj8f3XwYMIh//kdvLyA87h2Kpzrk9d2vzEEjoTH
      G4qhZEip3y4MlUHLXTN95W7WV+6hxV0Vj2a0/ruu8b0/zUZhFC9HD5TBhlCkuEBFIAWig2M32xAN
      W4b5KC4gOf7bUF65c5SkwzJsn8AkKug6PzUbNp2O/Y8Ashedo+W/zP1FqzhhSJhZ3Ok9031c7bvH
      rM8q87p7bYYP2jcPrhPWpdJA9LC0yWrvlZbDhigQod3+I4hyU02wxVFmLjoPZ1gBRnMO7v+eER7T
      O5ocE4Z4kxjm3FZmcc8pTHgsU5l7uWc4lm02nhb4sHk5MX3IOFPm3qLyMKRKxTkuimjf31BLAwQU
      AAAACAARhB5N4M95uJEAAADcAAAALQAAAFBvc3REZXBsb3lTY3JpcHRzL2dpdGh1YlByb2plY3Qu
      anNvbi50ZW1wbGF0ZW2MMQ+CMBBGdxP+w6WzkZ0NDIODLpg4klpOOBXa9K6YSPjvKulgouv73vum
      ZAWgBt2jykBNp7Koq92xrA/5vpzVelkbZOPJCdnhjwT5M3iEwgpU6EcyCFvbYGw726PT7fLeiTjO
      0rQl6cJ5Y2wfJedp1PJxLvrOGEvNNTEH5DcXH76w8/aKRn6HB90owmQ1vwBQSwMEFAAAAAgAEYQe
      TfblhxLcAAAApgEAACgAAABQb3N0RGVwbG95U2NyaXB0cy9JbmNsdWRlU291cmNlcy50YXJnZXRz
      hZGxTgMxDIb3SrxDFDHQG84VbJDrUiTUBSqVscs1Z7hDSRzFPkTfnhBA5aSqbM5v//bn2GwSvaEV
      9eFd4Eb3IvEWgG2PvuXaDzYR04vUljx0+I6OIibwvB8H18H1YnGjlxczpUxulDNyeEg0xiJlcUUJ
      V+Tj4PAeI4aOn8Ly8uqUPL9bB+vGDrc0JosGTnrLKJjOUqqoz216RVGPrcdGT3rpX5y1oP/LVwiD
      YBD1Y2h0Ve2q2rJW8H9RzJ93vnBDLJne0WFr0xCFs686WgxMkQx8b5EfZcuv0+T4E1BLAwQUAAAA
      CAARhB5NZEBNtbACAAAhBwAAIAAAAFBvc3REZXBsb3lTY3JpcHRzL3ByZXBhcmVTcmMuY21kpVVd
      a9swFH03+D9cAqJbme3taVDIaEszGmibEKfri6E4tpxolSwhKWTdR3/7ruw4sZt4GwyCI11fHZ1z
      rnR9TrOVBFkUvmeo5TJLue/Fozmo1JiN1PmQfKgDmip5lwo6NDqb4Xgfvdd8WDBOz6IoIteT29HV
      bPxldPby/t0HUgemF/PrsxecGWZpRBooUmPkclNymebDhbQBovue71W0yBaduIimArIcrASl5Vea
      WdBSWt9Ta7PKIQyTzWZTR+pcVjILS4Zz1MTdqAq1ppksC7aEtaE6LJEODJBAoXGEwp8GPZlUpIzD
      YG0ZP2/nh5kU7TVpjqw6GELgXyBgoFBXqqnT0mgHI9c6o20AFCEtrXC2lrcNUVLlHalrZaymqWgc
      qYwniXPc98RTzjTsKpflrXHbHQiCBTKr4aHBd4CO7Ost2qbvYKrkIMDTFDT5O/4iNZbqLvmMy5Lu
      6Rwhv7ewSt2ZAKRxj9RQOeUUHQvrqued9xWIFhBoCIptSptGU5NCapSw4MysjpBJ2pC1qVMtFdWW
      UZNM63UYcdfBNOv/lGGfFXU+4m8qjb2iisvnONNMWZOoTnb4TfDQUqF4iiJ/gqE5BOhclPx4GF0+
      xuP56PHu4naU/IoIBqr5LkiiJXyCI/HggS6CetsQ98M99r5gDSGe3NzPx5O7Knvoe86fqIABes2E
      GQ6AkBSPDrw5cWZECzgNDS9P3uLJhvNDAMx2yJXsXsFhJvIepR00p7QTcCo76dP7y5txfP04nU0+
      j296rDm04ADmIo4fJrMrt75pjLWjLcZ/UxVTa1m5NP9dx3+kdkjkCFw47ZJzxXl1LapOtaLwnSlw
      59D39k2eJB8xjI8U0p57Erp1x18lp/smQNNyrapbbuzafY56WkzPFe5rG7v0/l7Q/hw1cLTMt9/C
      31BLAwQUAAAACAARhB5N72tPdXMAAAB7AAAAJgAAAFBvc3REZXBsb3lTY3JpcHRzL3B1Ymxpc2gu
      Y21kLnRlbXBsYXRlyytNTy1RKEotLskvSuXlyi1OKs3MSVGoDvb3CQ3x9PeL93P0da1V0C2wckkt
      yMmv9M9zAimwLSkqTQWJBpQm5WQWZwQU5adl5qTaVgeEOvl4BnvEBwT5u3n6QHQGJBYXl+cXpQBl
      HYODw/2DXGp5uXi5AFBLAwQUAAAACAARhB5NNiuxcHUCAABEBQAALQAAAFBvc3REZXBsb3lTY3Jp
      cHRzL3B1Ymxpc2hQcm9maWxlLnhtbC50ZW1wbGF0ZX1UTW/iMBC9I/EfvGivxPTjUFUhFS10hQTd
      qIGiPSEnmRBvnTjyRwpd7X9fOxiqBrYXUObNvJn3PLZ/ty0YqkFIysth78Ib9BCUCU9puRn2tMr6
      N727oNvxv/X73c4ipxJllAEy/1pCiuIdUjmgSseMyhxXJHklG/MteAJSIp6hHdcCrSC2sd+QKA/9
      4holpESJlooX9B0aihhyUlMubI2yfRxHt2N6QEqVmWgPzKN7TVnaDOKhaYm4SEEgxREDIkpUcAGI
      xFwrR2TCElBNJVUoV6qStxhvuFfQRHDJM+UlvMDZG6PlK76bmd/peHg5uLm4vPBQt9PvW/3hfnq0
      4JzJl4Nf19Yv42Aphz3LbIhlkkNBZIs9hRoYr0DgQsZ2enw5GFz1DDNCltsgavdDcF01IRM0loV7
      V+egcp4G82gMFeM7H59ArsQFDV1NjSPB6F0LMMkRVeDjNuqKZkSqpTnKxtMHXmZ0owVRRl7wDI1z
      Pv4ip8USMqIyLopgVO7QQ7j8qD0irsIOtRRswWdEl0k+yhQIN2LgrPyzmtyvo+lisn4azSd/PWL1
      vEFszhGkV4Ly8Vcsx9EsYhM/oQuhG2VnQVc62SZMpzCqqvWYKBI8EmbtaIdd9uGAIhA1TWD5PAva
      CmRSnKq4vb6+8vGZase7j0+pNA1DovI2q49PMlzlMxRcgVUX5jtJE8IsivDxDF5pNdkqQR7NVZI/
      S9vbbMbemv+ALbGfF3E1j14ePrSc3dJJSWIGh5R782KYpd+3PAu5MrND4okUEHw/kX+EXOo6IjWE
      q7FjPX4e4DFI85o0+7vYVdC6Jydwc0dx+5I2EfskBP8AUEsDBBQAAAAIABGEHk3KIuDRJQEAADIC
      AAAuAAAAUG9zdERlcGxveVNjcmlwdHMvcHVibGlzaFNldHRpbmdzLnhtbC50ZW1wbGF0ZX2SX0vD
      MBTF3wW/Qwi+rn1wT6MdbLaCsM5qlD6OtL2uweYPSboxxe9uumwdWvEpcM89h1/uvZHqypaZJqGW
      zq+vEIpOhVzLN9YCUv5dUw4x/izS5YY8vKSb9SJLvyYFlJMEVCsPGPVmhE7uDGwj6xhn5E/5Vbej
      sMBUPKAfnYY9lIZZMIEAO5tOb89mbupjGHHiyI5RZ0B7zJuR5gP6jrxInDdfEFI8PieDVIOxTFDL
      pFgodeRrrFWzMPyNOUI8R5CnFQG9A50s76QQUPVhxGomtjEe/nBwbf81NLIH2brx71gN+l7qjq+Y
      eL90VFJYLducCmi9ciLdM1HLvfGEQSX52eFoycFY4DF2G+vHZ/DcS1HtFl9SAwaFfv/hzwNwxaF0
      PJJvUEsDBBQAAAAIABGEHk2i9Ssp1AAAAHsBAAAdAAAAUG9zdERlcGxveVNjcmlwdHMvcnVuR3Vs
      cC5jbWR9kM9uwjAMxu+R8g4+wmFFPABoE/SAVP4ItsMkpKokLgSSOkqCur39mmxaOQC+xLJ//vzF
      ryhOBFTXnHkMmkSlOUs5zPNNsf5c5qv3crf+2M7yyW99sSo3xdssL3tgMo5Dqgb8Uj5Alu3btnVE
      YS/RavrOhJEw4AzAXv1J3gCx5tBAt1dDDyeUbPcOo3IkLkpcOqNwuCotYyK8dXSO7fQHh4Kc/NMw
      2AQIyqAPlbGcySogjAJMp3F3z2SajpxF8HE3qb/cjWcT896IpAaTz0b+X5izH1BLAwQUAAAACAAR
      hB5NoegHQ4oCAABDBgAAKwAAAFBvc3REZXBsb3lTY3JpcHRzL3NldHVwR2l0aHViUmVtb3RlUmVw
      by5jbWS1VVFP2zAQfq/U/3CqZBUekmjbW6VOLVul8QBUtGOTKJqMc6EBJ/ZsRxUC/vvOdkNTQfdG
      Hpzkcvfdd5/vnAmKtQJVFP2eRSeV4LLfM1hB8mFXxKdsjb6y6hIr5fAStYJrE55/WjQ3cK3RWFVz
      ORUCrV2qB6y91aj7c17hk9Ku9J9fbiKeMMgdAq9z0Eo30r9cLS7grnRgPHqhDLg1wvRkAULlCGVt
      Ha8Fxvi47hiMoKEVuBCqqR3UlJNkCggtM/+RqIHz3GL8O6RHh2N8ipweWyNxXTe3cDlbLGE6P4Uj
      g3+b0qANFViwQmk83mbaChHQ99jRBxTOw241Ocqx4I0Mpl+zk8XpcvYnLOfTs9nxx283bXUrrJHj
      tXPajrKM6zKNBadCVXteJPyYfeqa5pt8zD5HS1v5mH3p98oChqy1sOF4PBzCvtObilkLrFWXD9sl
      ZyP2mpZNdiT3fLJdWl9HlJE2FERjZEf97X70e7qx6xzSdLXZbIxSZHGPGmGurPuOWqrHhTCldnYV
      E85jXHpPfZM6rHRo6WfwLZMg2Gz1RKXtylq9dBhld/AV2HJ2NmfvwPV7NOYyEk1+wOCbqh3WLlkS
      nxFwrWUpuB+vzHsPIGngkDqQ5DCYHMxEsb9hfkH9/IpgJMv8aGWhp7djV/2PLM1z3u+19zDsYWra
      To9ivpU3+pY1nQBhg0LR/jzwps6rUHVR3oV5T8MkDbrVDg54am7tRpn81dvLccgZK15KGDSulJNb
      5QpDaSj4wXdVN4bnVMIeRlXRLalgoEkvbtAXHs5OsKoxAn0aZ5TsongpvN6hwRlU3Do0Ox23Gkrk
      NcH4AOsa/wd4K2GApN1JDCQFxD5vYbDOw//iH1BLAwQUAAAACAARhB5N58hJBQgDAAAyBwAAKAAA
      AFBvc3REZXBsb3lTY3JpcHRzL3NldHVwVnNvUmVtb3RlUmVwby5jbWS1VV1r2zAUfQ/kP1wCIivM
      zrquMALZ0naB7aFtSNJusJSiyTeJW9kSkpxQuu6370q287G0D3toCIl1pXt07rkf7qNYKFCzWbNh
      0UkluGw2DGYQvdqnxKfbCn1t1Qgz5XCEWsHPZb28Cc9XFs0Fz6rVEI1VOZcnQqC1E3WPOW1oo+78
      mUelXeq3n25KfGGQOwSeJ6CVLqRfXI8vYZ46MP62mTLgFggnp2MQKkFIc+t4LrD0L389I0+oC4WR
      JFPw8DA2Jbw3GM9jWDinbbfT4Su0KsNfysXL1BZcWlckqYqFyuCgglO2DooQ6Qm4EKrIHeRkqvF1
      FanfpFDB+VjXfJ7Rofuym78locfa6LmPBuMJcJ2WkLWCAWOHBm2gcN65EvNNgjNeyGD6Pjgdf5sM
      bsPPxcn54OD164ZqhnLn83FlZI8d7lhIzR57v20arpIeOyotdZQ99qHZSGfQZrWFtXu9dht2D+1F
      x0qYpXV2pJTrsTUPVl+plWdVVwPb0GJdtibE+hvP7p+PrHNLBdnZkNlccxY0H5ZJ+G/YKlNCSUnu
      1BmdW8q47VRJtZ9pFS2pYmirdxS/azbK9FG5gPC1vsl65dJs6MIuEojj6Wq1MiRCs+EeNMJQWfcF
      tVQPY2FS7ezUV2npFN9RScYOMx0a8Df4aowQbGf6SBpv9J0+bYnQmcMnYJPB+ZD9i9Vs0ISSJcXo
      K7TOVO4wd9GEmHSpqLVMBQ/x+tMtgCiBVv95rBZEP2B4Sc0AbE9xyoTJXiQRJphE1GGMHB5TXELl
      iV1PlaAd0Qg6KgofHb6lndQCfTmsUpnAvKCWrCIq0Q6PSWalE5+O8j/MstDBdT+W0u8nozyb5jTg
      qKYqWD/uvGlrSURn6TyMnzj0e2u7qFovnNTc2pUyyfq0r7qXDmPGUwmtwqWyT/NwZugacr73s3Db
      hycUwg5GltFflEFLU0Nxgz7w8KoAqwoj0F/jjJLbKF4KYFUDMsi4dWg2OlYaSuQ5wXgHGsz+hbcv
      YYCktEcGohnEQcYaBvMkvB7/AlBLAwQUAAAACAARhB5NAAXq5r8AAAAcAQAAKgAAAFBvc3REZXBs
      b3lTY3JpcHRzL3Zzb1Byb2plY3QuanNvbi50ZW1wbGF0ZW2OPQvCMBCGd8H/EDJb8CNto1uVIg66
      WHCUNLlCoDYhiYKW/neTtiKCyx28H89dO50ghBt2A7xBuL3k2+v5UOTXU3bMOzzrXQGWG6mdVM2f
      EMpedwNoqxw6g3lIDminBIxdzjQrZS2dBOvLbRC9/ABjPY6rxhlVfw1vWXU3HHaDUzx1/9heOjwk
      utmI0EZxsLaAm66Zgx+GG8VQP4gASMp0SdZzGkG1IBGJeRVRUtEoTWgZrygRjMSfC2H50b0BUEsD
      BBQAAAAAABGEHk0AAAAAAAAAAAAAAAAbAAAAUHJvcGVydGllcy9QdWJsaXNoUHJvZmlsZXMvUEsD
      BBQAAAAIABGEHk0SWQphawIAAHIFAAAaAAAAUHJvcGVydGllcy9Bc3NlbWJseUluZm8uY3ONVE1v
      00AQvVfqfxjl0oBImkAToJxoClUOBdSUSghxWNvjeNvdHWs/0von8Tf4ZcxunDoRDZAcMp59++ZN
      5o2Dk2YJi8Z51MMrLBXmXpJ5d3gQdk6C8VLjcEa6lgrtAu1K5uj24ebGo6V6C3Z4cHwMF2jQCgVz
      U5LVIlYCkVHwIDhwDnWmGpAOcjLeklJYgK8shWXFvwglp+g+1kt0Dj1QCcJ7K7Pg0Q1hVgmzxAh2
      2B3ASqiADjyBpkKWTWKTnYpExwIol8Jz0Xvpq21Nw8OD75v4FN630bX0Cvu9hdS1wg95RWfke89+
      PIk9R5dbWcdi/d4+0IxMKZfBin/BdC1Msx/wxVIRcv+f0mZUN1YuK8Y/hvDrJ8DL0Xiy79K1FQVq
      Ye/+IjMoHyy2gPQXL9D7OD7u4EY6mSmMMymF4mlpcRdHxIPxTc2RNPzAXnj0hSEPq/ZWYuOrs8+X
      bBZdk0Hjef4wL6GhAAajdQhEzvZjjsT5J2VpSa+5mOhFMlQUsCWv8xCzeRsQKJIInxh3fdFd66eW
      Htu+3vHuxdf5eTQ5uy9V4yd28aZxJTOQ5VpnbemWFzKC8aEmt+6Jpe6UvQiy6PfEm0yMR9PpYDJ9
      OxmcFK/HA5FlJ4PpBCdigqP8VXHSDeIGrYvbt7UDSc/2HvISOum826jrOigp2HanTiNdokyfS3HL
      LC37VlqaLg1d/ixIVcCnoDO0XfYK45jX91P2G080Z2muxjxur1AqKWrXmqmbFlFgKdh26XRDw00V
      O5XcWkHWwPrlFcFHz4+4c3AV3RvIkBs9fdLUbQ/93ng4it995v/Ir8knsb8BUEsDBBQAAAAIABGE
      Hk2eP3edcAIAADwFAABAAAAAUHJvcGVydGllcy9QdWJsaXNoUHJvZmlsZXMvY2xpN25jc3Z5dnRj
      YjJ4NHU1OS1XZWItRGVwbG95LnB1YnhtbH1UXW/aMBR951d4aK/ElDKtq0IqWtqpEmxRgVZ7qhzn
      hnh17MgfKemvn42hFR/rCyj33HvuPcfXjq/WFUcNKM2kGHXPon4XgaAyZ2I16lpT9C66V0kn/tLr
      dRYl06hgHJD7txpylLXIlIBqm3GmS1wT+kJW7ltJClojWaBWWoWeIPOxv0BNhP5IiygRiFptZMXe
      YEORQUkaJpWvMb7PlqPjWkDOjBsnxGfza8t4vpkjQvcCSZWDQkYiDkQJVEkFiGTSmi2PC2tADdPM
      oNKYWl9ivJJRxaiSWhYmorLCxStn4gVfTd3v/WQ06F+cDc4i1On1nPY0jI4WUnL9uLNq6K1y5gk9
      6npeR6tpCRXRB9w5NMBlDQpXOvOz40G/f95NOgh5ageY9qeStvYRF3NupcHQGZhS5slsPoGayzbG
      R1Co2MYcWcOcGcn4zSpwuXNmIMaHaKiZEm2W7gw3bt5IUbCVVcQ4ackDbDyL8Sc5+yQpJ6aQqkrG
      okU36fKj9B0JBX6ipeILOSVW0HJcGFDb+ZKtiZSz74Lqpm0MzQbrof32IyJe0Ctk7gxBRwJMjD9j
      2g3nAZ+3By6U3Ug7CYbK2zXlNodxXT9PiCHJHeHejsNwSN6dzhxUwygsH6bJKQmaVscyLofD8xif
      YAjUIXzPtGuZElOeIo7xUVYofoBKGvAK07LVjBLuQYR3J/HC6tu1UeTOXST9W/jmbjmCO/8B9wXv
      b+LTbP5486Hl1JreCpJx2GVcu8fC7XxoeBIKVW6L1C9SQfL1pPp3OGQ/z0kD6dNky/v+uUUnoN1T
      slnhRVvDwU05gv0VxQd3dBPw70HyD1BLAQIUABQAAAAAABGEHk0AAAAAAAAAAAAAAAAKAAAAAAAA
      AAAAEAD/QQAAAABBcHBfU3RhcnQvUEsBAhQAFAAAAAAAEYQeTQAAAAAAAAAAAAAAAAwAAAAAAAAA
      AAAQAP9BKAAAAENvbnRyb2xsZXJzL1BLAQIUABQAAAAAABGEHk0AAAAAAAAAAAAAAAAIAAAAAAAA
      AAAAEAD/QVIAAABEaWFsb2dzL1BLAQIUABQAAAAAABKEHk0AAAAAAAAAAAAAAAASAAAAAAAAAAAA
      EAD/QXgAAABQb3N0RGVwbG95U2NyaXB0cy9QSwECFAAUAAAAAAARhB5NAAAAAAAAAAAAAAAACwAA
      AAAAAAAAABAA/0GoAAAAUHJvcGVydGllcy9QSwECFAAUAAAACAARhB5NmasY7CAAAAAeAAAACwAA
      AAAAAAAAAAAAtoHRAAAALmRlcGxveW1lbnRQSwECFAAUAAAACAARhB5N3Coq7jEAAAA7AAAACgAA
      AAAAAAAAAAAAtoEaAQAALmdpdGlnbm9yZVBLAQIUABQAAAAIABGEHk1Fh9/VfQAAAK4AAAAJAAAA
      AAAAAAAAAAD/gXMBAABidWlsZC5jbWRQSwECFAAUAAAACAARhB5NAB5l98QBAAARBAAACwAAAAAA
      AAAAAAAAtoEXAgAAZGVmYXVsdC5odG1QSwECFAAUAAAACAARhB5NzemBwSMFAAA6DgAACgAAAAAA
      AAAAAAAA/4EEBAAAZGVwbG95LmNtZFBLAQIUABQAAAAIABGEHk1+ulveYgAAAGkAAAALAAAAAAAA
      AAAAAAC2gU8JAABHbG9iYWwuYXNheFBLAQIUABQAAAAIABGEHk0t0dgZygIAAB8HAAAOAAAAAAAA
      AAAAAAC2gdoJAABHbG9iYWwuYXNheC5jc1BLAQIUABQAAAAIABGEHk1UGcZeWAsAABNAAAApAAAA
      AAAAAAAAAAC2gdAMAABNaWNyb3NvZnQuQm90LlNhbXBsZS5TaW1wbGVFY2hvQm90LmNzcHJvalBL
      AQIUABQAAAAIABGEHk0sVoeafgEAAAcEAAAmAAAAAAAAAAAAAAC2gW8YAABNaWNyb3NvZnQuQm90
      LlNhbXBsZS5TaW1wbGVFY2hvQm90LnNsblBLAQIUABQAAAAIABGEHk35A3JjEgIAAGcKAAAPAAAA
      AAAAAAAAAAC2gTEaAABwYWNrYWdlcy5jb25maWdQSwECFAAUAAAACAARhB5NnX/l0rgAAADVAAAA
      CwAAAAAAAAAAAAAA/4FwHAAAcHVibGlzaC5jbWRQSwECFAAUAAAACAARhB5NL+AcRu4BAAB/AwAA
      CQAAAAAAAAAAAAAAtoFRHQAAcmVhZG1lLm1kUEsBAhQAFAAAAAgAEYQeTUrVu+7fBQAAlRkAAAoA
      AAAAAAAAAAAAALaBZh8AAFdlYi5jb25maWdQSwECFAAUAAAACAARhB5NqGUn6WcCAAATBQAAEAAA
      AAAAAAAAAAAAtoFtJQAAV2ViLkRlYnVnLmNvbmZpZ1BLAQIUABQAAAAIABKEHk1jph2zfQIAAFAF
      AAASAAAAAAAAAAAAAAC2gQIoAABXZWIuUmVsZWFzZS5jb25maWdQSwECFAAUAAAACAARhB5NDgiu
      G9UBAABTBQAAGQAAAAAAAAAAAAAAtoGvKgAAQXBwX1N0YXJ0L1dlYkFwaUNvbmZpZy5jc1BLAQIU
      ABQAAAAIABGEHk2cfoCj9AIAAMYIAAAhAAAAAAAAAAAAAAC2gbssAABDb250cm9sbGVycy9NZXNz
      YWdlc0NvbnRyb2xsZXIuY3NQSwECFAAUAAAACAARhB5Njr/4TwgCAABZBgAAFQAAAAAAAAAAAAAA
      toHuLwAARGlhbG9ncy9FY2hvRGlhbG9nLmNzUEsBAhQAFAAAAAgAEYQeTXVzsyhSAQAAagIAADUA
      AAAAAAAAAAAAALaBKTIAAFBvc3REZXBsb3lTY3JpcHRzL2NsaTduY3N2eXZ0Y2IyeDR1NTkuUHVi
      bGlzaFNldHRpbmdzUEsBAhQAFAAAAAgAEoQeTc3pgcEjBQAAOg4AACUAAAAAAAAAAAAAALaBzjMA
      AFBvc3REZXBsb3lTY3JpcHRzL2RlcGxveS5jbWQudGVtcGxhdGVQSwECFAAUAAAACAARhB5N4M95
      uJEAAADcAAAALQAAAAAAAAAAAAAAtoE0OQAAUG9zdERlcGxveVNjcmlwdHMvZ2l0aHViUHJvamVj
      dC5qc29uLnRlbXBsYXRlUEsBAhQAFAAAAAgAEYQeTfblhxLcAAAApgEAACgAAAAAAAAAAAAAALaB
      EDoAAFBvc3REZXBsb3lTY3JpcHRzL0luY2x1ZGVTb3VyY2VzLnRhcmdldHNQSwECFAAUAAAACAAR
      hB5NZEBNtbACAAAhBwAAIAAAAAAAAAAAAAAA/4EyOwAAUG9zdERlcGxveVNjcmlwdHMvcHJlcGFy
      ZVNyYy5jbWRQSwECFAAUAAAACAARhB5N72tPdXMAAAB7AAAAJgAAAAAAAAAAAAAAtoEgPgAAUG9z
      dERlcGxveVNjcmlwdHMvcHVibGlzaC5jbWQudGVtcGxhdGVQSwECFAAUAAAACAARhB5NNiuxcHUC
      AABEBQAALQAAAAAAAAAAAAAAtoHXPgAAUG9zdERlcGxveVNjcmlwdHMvcHVibGlzaFByb2ZpbGUu
      eG1sLnRlbXBsYXRlUEsBAhQAFAAAAAgAEYQeTcoi4NElAQAAMgIAAC4AAAAAAAAAAAAAALaBl0EA
      AFBvc3REZXBsb3lTY3JpcHRzL3B1Ymxpc2hTZXR0aW5ncy54bWwudGVtcGxhdGVQSwECFAAUAAAA
      CAARhB5NovUrKdQAAAB7AQAAHQAAAAAAAAAAAAAA/4EIQwAAUG9zdERlcGxveVNjcmlwdHMvcnVu
      R3VscC5jbWRQSwECFAAUAAAACAARhB5NoegHQ4oCAABDBgAAKwAAAAAAAAAAAAAA/4EXRAAAUG9z
      dERlcGxveVNjcmlwdHMvc2V0dXBHaXRodWJSZW1vdGVSZXBvLmNtZFBLAQIUABQAAAAIABGEHk3n
      yEkFCAMAADIHAAAoAAAAAAAAAAAAAAD/gepGAABQb3N0RGVwbG95U2NyaXB0cy9zZXR1cFZzb1Jl
      bW90ZVJlcG8uY21kUEsBAhQAFAAAAAgAEYQeTQAF6ua/AAAAHAEAACoAAAAAAAAAAAAAALaBOEoA
      AFBvc3REZXBsb3lTY3JpcHRzL3Zzb1Byb2plY3QuanNvbi50ZW1wbGF0ZVBLAQIUABQAAAAAABGE
      Hk0AAAAAAAAAAAAAAAAbAAAAAAAAAAAAEAD/QT9LAABQcm9wZXJ0aWVzL1B1Ymxpc2hQcm9maWxl
      cy9QSwECFAAUAAAACAARhB5NElkKYWsCAAByBQAAGgAAAAAAAAAAAAAAtoF4SwAAUHJvcGVydGll
      cy9Bc3NlbWJseUluZm8uY3NQSwECFAAUAAAACAARhB5Nnj93nXACAAA8BQAAQAAAAAAAAAAAAAAA
      toEbTgAAUHJvcGVydGllcy9QdWJsaXNoUHJvZmlsZXMvY2xpN25jc3Z5dnRjYjJ4NHU1OS1XZWIt
      RGVwbG95LnB1YnhtbFBLBQYAAAAAJgAmAKcKAADpUAAAAAA=
    headers:
      Accept: ['*/*']
      Accept-Encoding: ['gzip, deflate']
      Connection: [keep-alive]
      Content-Length: ['23462']
      User-Agent: [python-requests/2.19.1]
      content-type: [application/octet-stream]
    method: PUT
    uri: https://cli0000024u59.scm.azurewebsites.net/api/zip/site/clirepo
  response:
    body: {string: ''}
    headers:
      cache-control: [no-cache]
      content-length: ['0']
      date: ['Thu, 30 Aug 2018 23:32:38 GMT']
      expires: ['-1']
      pragma: [no-cache]
      server: [Microsoft-IIS/10.0]
      set-cookie: [ARRAffinity=72fc5dc6c6711158646f3cbc077608b3e352d48ea93e25ea3afbfe5efb9e8e00;Path=/;HttpOnly;Domain=cli7ncsvyvtcb2x4u59.scm.azurewebsites.net]
      x-aspnet-version: [4.0.30319]
      x-powered-by: [ASP.NET]
    status: {code: 200, message: OK}
- request:
    body: null
    headers:
      Accept: [application/json]
      Accept-Encoding: ['gzip, deflate']
      CommandName: [bot publish]
      Connection: [keep-alive]
      Content-Length: ['0']
      User-Agent: [python/3.6.1 (Windows-10-10.0.17134-SP0) requests/2.19.1 msrest/0.5.4
          msrest_azure/0.4.34 azure-mgmt-web/0.40.0 Azure-SDK-For-Python AZURECLI/2.0.46]
      accept-language: [en-US]
    method: POST
    uri: https://management.azure.com/subscriptions/00000000-0000-0000-0000-000000000000/resourceGroups/clitest.rg000001/providers/Microsoft.Web/sites/cli0000024u59/config/publishingcredentials/list?api-version=2018-02-01
  response:
    body: {string: '{"id":"/subscriptions/00000000-0000-0000-0000-000000000000/resourceGroups/clitest.rg000001/providers/Microsoft.Web/sites/cli0000024u59/publishingcredentials/$cli0000024u59","name":"cli0000024u59","type":"Microsoft.Web/sites/publishingcredentials","location":"Central
        US","properties":{"name":null,"publishingUserName":"$cli0000024u59","publishingPassword":"F0BiLgMxy3hn7RKRx4MZ80tj25wCszlfqTqTd8bDgxWtH6zrtdW7hBdkZv56","publishingPasswordHash":null,"publishingPasswordHashSalt":null,"metadata":null,"isDeleted":false,"scmUri":"https://$cli0000024u59:F0BiLgMxy3hn7RKRx4MZ80tj25wCszlfqTqTd8bDgxWtH6zrtdW7hBdkZv56@cli0000024u59.scm.azurewebsites.net"}}'}
    headers:
      cache-control: [no-cache]
      content-length: ['689']
      content-type: [application/json]
      date: ['Thu, 30 Aug 2018 23:32:39 GMT']
      expires: ['-1']
      pragma: [no-cache]
      server: [Microsoft-IIS/10.0]
      strict-transport-security: [max-age=31536000; includeSubDomains]
      transfer-encoding: [chunked]
      vary: [Accept-Encoding]
      x-aspnet-version: [4.0.30319]
      x-content-type-options: [nosniff]
      x-ms-ratelimit-remaining-subscription-resource-requests: ['11999']
      x-powered-by: [ASP.NET]
    status: {code: 200, message: OK}
- request:
    body: null
    headers:
      Accept: [application/json]
      Accept-Encoding: ['gzip, deflate']
      CommandName: [bot publish]
      Connection: [keep-alive]
      User-Agent: [python/3.6.1 (Windows-10-10.0.17134-SP0) requests/2.19.1 msrest/0.5.4
          msrest_azure/0.4.34 azure-mgmt-web/0.40.0 Azure-SDK-For-Python AZURECLI/2.0.46]
      accept-language: [en-US]
    method: GET
    uri: https://management.azure.com/subscriptions/00000000-0000-0000-0000-000000000000/resourceGroups/clitest.rg000001/providers/Microsoft.Web/sites/cli0000024u59?api-version=2018-02-01
  response:
    body: {string: '{"id":"/subscriptions/00000000-0000-0000-0000-000000000000/resourceGroups/clitest.rg000001/providers/Microsoft.Web/sites/cli0000024u59","name":"cli0000024u59","type":"Microsoft.Web/sites","kind":"app","location":"Central
        US","properties":{"name":"cli0000024u59","state":"Running","hostNames":["cli0000024u59.azurewebsites.net"],"webSpace":"clitest.rg000001-CentralUSwebspace","selfLink":"https://waws-prod-dm1-099.api.azurewebsites.windows.net:454/subscriptions/00000000-0000-0000-0000-000000000000/webspaces/clitest.rg000001-CentralUSwebspace/sites/cli0000024u59","repositorySiteName":"cli0000024u59","owner":null,"usageState":"Normal","enabled":true,"adminEnabled":true,"enabledHostNames":["cli0000024u59.azurewebsites.net","cli0000024u59.scm.azurewebsites.net"],"siteProperties":{"metadata":null,"properties":[{"name":"LinuxFxVersion","value":""},{"name":"WindowsFxVersion","value":null}],"appSettings":null},"availabilityState":"Normal","sslCertificates":null,"csrs":[],"cers":null,"siteMode":null,"hostNameSslStates":[{"name":"cli0000024u59.azurewebsites.net","sslState":"Disabled","ipBasedSslResult":null,"virtualIP":null,"thumbprint":null,"toUpdate":null,"toUpdateIpBasedSsl":null,"ipBasedSslState":"NotConfigured","hostType":"Standard"},{"name":"cli0000024u59.scm.azurewebsites.net","sslState":"Disabled","ipBasedSslResult":null,"virtualIP":null,"thumbprint":null,"toUpdate":null,"toUpdateIpBasedSsl":null,"ipBasedSslState":"NotConfigured","hostType":"Repository"}],"computeMode":null,"serverFarm":null,"serverFarmId":"/subscriptions/00000000-0000-0000-0000-000000000000/resourceGroups/clitest.rg000001/providers/Microsoft.Web/serverfarms/cli000002","reserved":false,"isXenon":false,"lastModifiedTimeUtc":"2018-08-30T23:32:01.77","storageRecoveryDefaultState":"Running","contentAvailabilityState":"Normal","runtimeAvailabilityState":"Normal","siteConfig":null,"deploymentId":"cli0000024u59","trafficManagerHostNames":null,"sku":"Standard","scmSiteAlsoStopped":false,"targetSwapSlot":null,"hostingEnvironment":null,"hostingEnvironmentProfile":null,"clientAffinityEnabled":true,"clientCertEnabled":false,"hostNamesDisabled":false,"domainVerificationIdentifiers":null,"kind":"app","outboundIpAddresses":"104.43.140.101,40.113.226.127,104.43.249.85,104.43.246.185,104.43.246.48","possibleOutboundIpAddresses":"104.43.140.101,40.113.226.127,104.43.249.85,104.43.246.185,104.43.246.48,40.113.235.164,40.113.230.33,40.113.233.156","containerSize":0,"dailyMemoryTimeQuota":0,"suspendedTill":null,"siteDisabledReason":0,"functionExecutionUnitsCache":null,"maxNumberOfWorkers":null,"homeStamp":"waws-prod-dm1-099","cloningInfo":null,"hostingEnvironmentId":null,"tags":null,"resourceGroup":"clitest.rg000001","defaultHostName":"cli0000024u59.azurewebsites.net","slotSwapStatus":null,"httpsOnly":false}}'}
    headers:
      cache-control: [no-cache]
      content-length: ['2897']
      content-type: [application/json]
      date: ['Thu, 30 Aug 2018 23:32:39 GMT']
      etag: ['"1D440B9A7216CA0"']
      expires: ['-1']
      pragma: [no-cache]
      server: [Microsoft-IIS/10.0]
      strict-transport-security: [max-age=31536000; includeSubDomains]
      transfer-encoding: [chunked]
      vary: [Accept-Encoding]
      x-aspnet-version: [4.0.30319]
      x-content-type-options: [nosniff]
      x-powered-by: [ASP.NET]
    status: {code: 200, message: OK}
- request:
    body: !!binary |
      UEsDBBQAAAAAABGEHk0AAAAAAAAAAAAAAAAKAAAAQXBwX1N0YXJ0L1BLAwQUAAAAAAARhB5NAAAA
      AAAAAAAAAAAADAAAAENvbnRyb2xsZXJzL1BLAwQUAAAAAAARhB5NAAAAAAAAAAAAAAAACAAAAERp
      YWxvZ3MvUEsDBBQAAAAAABKEHk0AAAAAAAAAAAAAAAASAAAAUG9zdERlcGxveVNjcmlwdHMvUEsD
      BBQAAAAAABGEHk0AAAAAAAAAAAAAAAALAAAAUHJvcGVydGllcy9QSwMEFAAAAAgAEYQeTZmrGOwg
      AAAAHgAAAAsAAAAuZGVwbG95bWVudItOzs9Ly0yP5eVKzs/NTcxLUbBVSEktyMmv1EvOTQEAUEsD
      BBQAAAAIABGEHk3cKiruMQAAADsAAAAKAAAALmdpdGlnbm9yZctPytLn5UrKzAOSBYnJ2YnpqcVA
      ppZeQWlSRW6OXmlxahGIm1xcUJSfBeXqlYHUAABQSwMEFAAAAAgAEYQeTUWH39V9AAAArgAAAAkA
      AABidWlsZC5jbWRzSE3OyFfIT0vj5SpOLcnJT07M4eUCsxVcXAN8/CN9Xf1C4oP9Q4OcXW0h4p5+
      8QE+js6u8QgFtoYgTZlpCqkVmcUlCnp6MeXl5UX5+SUxKakFOfmVesm5KQoavFwKCgWlxRkpSApA
      YkA7cxQQCsHK8guAtCbI1NS8FLizAFBLAwQUAAAACAARhB5NAB5l98QBAAARBAAACwAAAGRlZmF1
      bHQuaHRttVPBjtMwEL0j8Q9DOOwptcqBRVUapKUVIBAgdTlwdJJJY63tiezxlvL1jJPuFtAeFiEi
      Rbaf543f84yrZ5vPb66/fdnCwM7WT59U9yPqTkaQr2LDFutKzeMJdMga2kGHiLwuEvflqwJUpqoT
      t2qoO0Lko8V10ZPnstfO2OPqYod7Qvj6/qK4yzYs651xo8VtO9AVsSRZ3u2Npy0QHHoKgBJj/B5S
      xADGj4llmgEe5qCrZGyHYVGp8ZzkHQYELX8khzBoL+Ks8TcRmGCPLEp1YOxWv7HmybRI9pfVhFhT
      VxqGgP26GJjHuFKqozYunGkDRep50ZJT6MsUVUNyAUE7PFC4kTD2yBPYzGrLGSrpFsOtwUNRvz2L
      gikoexRGhIPhARafttdiUUtlRMgjpAXMeRf/rLAz2tI+vm6C9u2wXl5evnhZ6h8pYJmjPX7nov6I
      OnhwlC+9ISnRZmZJwf6sE+w2H6bC/rWjR1qZtKmzwphvuMWylaY0PlGKZYejpaNDz8+locs0Prw5
      FyXrlzzQUifufAdCSSOcGXBm/A8/HTZpn53EEl2ymikU9SaDcKQUsraHjq3UfQvPPV6p/ETnNzu/
      +59QSwMEFAAAAAgAEYQeTc3pgcEjBQAAOg4AAAoAAABkZXBsb3kuY21kzVdbj9pGFH5H4j+cIFnK
      VlmzmyZVxYoqBEyCwq2YTRMJyZq1xzBZe8aZGS9LH/rbe2ZsA8s6ado+JDyA8bnMuXznMq9YDC3H
      70+C5aLX94Kx994bOy2Yer9D60ULXtFwI0DEcbPRbHQ6cF77saR314NrGNAsEbuUcg1+KFmmLek9
      lYoJ3oFL98K9fPlVTZY4l1TSzzlTTFP1mL3kQrUs3gEXEXU/KWBcaZIkNGo2thuUtwR4/hvPEzBf
      zcZoCI63WMwWhZvWywt42mwAWD8nTCnG13uN9J6GuSY3CX0GWUKJotUhFcszwACSRFIS7Q4GQEpu
      KagcbWAaQsLhhgLyhBukxVKkEOZSmiBRfsek4CZgrjFjLbQAKqWQzcZZ6aZPdZ4dgmDeKqoTEZIE
      5Y11EU3IDr/vM8JNoA2L7y2ht1iOhr3+0u86f0XZheO6KyI1i0moleHBeExnSxh4w9HUG+DvfDz7
      OPGmy8CfXS/6XhEao+kRqdJYmvllTcve4g0qqNNUkLrO3kxntd1upRC6XuvU+7AMJr3paOj5y2De
      W749qH1Me6A3JZzFVGmjFeBE73zhvR/Nrv063YX2eo4vnABwVm+/qZDA/zjtB/3JoFCPSR2ViLrN
      oxzUjod7OJYUg8h3huiXxNACMEv3YDSiRhLO14gRxRKEU+nnkwPen5R4P8ZYacPYgCnZwadcaZA5
      5+bMllFrzmzBVuRJhDhXAh/lbRX0Bw51HZJlEdHEWaFtq0rYDdPIhuMrEPEm83qAIKHraJpmzioI
      gsg2l6X5KwmPROpUMv2x15sG41m/Nw5O5bXM6SEf1fFfkShMQV7vw8hfYns8oWN7lBG0FbQ/1xGN
      cHobMVlPPDVk4r++Ho0HBeRsaibqJmdJNCd6M6Ax46ahGSePObvOXIq1JOkQk62e3v/6y5mzQgYj
      uLp84V6sXjNevXCxj2H/qNNr2sr3/tjWdhgcJ+3e2Gir4S2m3NaCO8Vg/EFvoJdlCQuJxo4H0V7e
      LdvmpQsLrEeBTXiav6EaMhLekrWZJxj+9ghaExZKoUSs3ddCuz5Jsce7PjM/Hp5oXqqEl8OwVcDC
      1l7Hs4OB9tMIeL5G3bI86UHKi06Jefm2c76tYqup8NwFm1xAkt5QMFUiJJE79FNv9j46o2kwH5vR
      fjCsmu+XX/Kp5RxjDdn/q1uhyqT41II2F4lYC2jfUXkjcKrvOim0dafwAB8yllFMLsXBXyChL7Jd
      L0ksvJdixulQJBGV0M46wbxIpGkEAya7NWV21cu1mBOsD6pxSfjTYgQh0xc8Zmv85jQ0r3wtEVGq
      G2Nro1cFNZeWu7ugduJfXSvqb4ikUV+kGUsKohUwxvgiyc2bR4ZUUXJXqxbYDauIKM48H/vWGXhj
      3/tB4p91fvx4lW3zH+cZlsbPrp2Xxbj8f3XwYMIh//kdvLyA87h2Kpzrk9d2vzEEjoTHG4qhZEip
      3y4MlUHLXTN95W7WV+6hxV0Vj2a0/ruu8b0/zUZhFC9HD5TBhlCkuEBFIAWig2M32xANW4b5KC4g
      Of7bUF65c5SkwzJsn8AkKug6PzUbNp2O/Y8Ashedo+W/zP1FqzhhSJhZ3Ok9031c7bvHrM8q87p7
      bYYP2jcPrhPWpdJA9LC0yWrvlZbDhigQod3+I4hyU02wxVFmLjoPZ1gBRnMO7v+eER7TO5ocE4Z4
      kxjm3FZmcc8pTHgsU5l7uWc4lm02nhb4sHk5MX3IOFPm3qLyMKRKxTkuimjf31BLAwQUAAAACAAR
      hB5Nfrpb3mIAAABpAAAACwAAAEdsb2JhbC5hc2F4s1F1UHAsKMjJTE4syczPU3DOT0l1Ss3IzEux
      VXLPyU9KzNFLLE6s0EsuVlLwzMtILcosKbZVCs7MLchJdU3OyHfKL9ELT01yLMhEMkVJwScxL700
      MT3VVslZWUlB1Y6XCwBQSwMEFAAAAAgAEYQeTS3R2BnKAgAAHwcAAA4AAABHbG9iYWwuYXNheC5j
      c51VW2/aMBR+r8R/OOMpSDS89yax0nVsY9KWVn2YpspxToJVx858oWNV//uOHQoB2q6aFS4+18/f
      +QzeClXB2DtdMn7cO/Bxny2twzq9wTz96Fyzaz/XqhSVN8wJrXad37GUyLc8M8GNtrp06XtNLy9k
      gSYd//EG/xEzEUzqyr4tKp0qh0Yx+VI84VYETRvy9w4Uq9E2jCNkom4kXvC5pqjewUPvAGg1PpeC
      A5fMWiAqxo0YNw2Z4rHhaJeljrMtsKoTaxntqDMWsNCigE7obeaYcclgE9tJC2s0AkIFGcFmFR7B
      1VxYoIdBZZA5sA15nQaDlSA8BtwcqZ9YMIdgXfsec6HUBpbaG8iJDNhrcxPy9EIUCKxgDdWyMSUO
      Cq5YLnEI59rW2k7yIWTfvrSuIbR1gTMFkcoalWs76Xv1bq/RB4q3LATSMVQBheY+pERChmCRjjkn
      Ru3RaFQJN/d5ynU9Wg9zRISsZn8YEYRxdnvQoBeEPtZLr5uCSCCTY0KhSbZDw8rbWnB6tu972Dd1
      UkjtLeszXXiJicL7lpPVfmwt1rlcppfoLn4j945U+WRMBoPB8S70Dk3X7d3csP8kguczFszESSOc
      QsARU4ipCXMsJGKydW9nTFEpuoZNk6ELuOyPfmxGgv6kc7tq1v85OA5oDP7ywtDEtu7U1mWGr75C
      B3Sn7oLcXjnalQZvcS2mIKCpmmGtzXKtVqGIWFaALqOkCyyZlyT1yMQqaAhekTSi3kIQ14YgNloV
      gTpJ84Ycpb5/EcguaZOVFCf5FnN9HpFCkYM3oj+EjuEOl/3/p+iNuJ7Y2UBqWy60pGnKwNZhveFv
      70a8pNuEk+rblMHzGWGln3GJxcm0y8nJanN2lnQUHyJv1zGvlRzbDGWZvBaS0RAlTkkHTPFw4udO
      9RjMXcOl1DmTW1pf/2Nh0v6Qt/s1C90Sj+1X+qDnL1BLAwQUAAAACAARhB5NVBnGXlgLAAATQAAA
      KQAAAE1pY3Jvc29mdC5Cb3QuU2FtcGxlLlNpbXBsZUVjaG9Cb3QuY3Nwcm9q1Vttb9s4Ev5+wP0H
      1lggDRDL8mviruPCsZM2e0kbRGl7wPlwoCXK1lYSVZJK4nb732+od9myraR2kv3S3ZDD4cOHM8Oh
      POy9vXdsdEsYt6h7XKkragURV6eG5U6PK74wq0eVt/1//qN3xeifRBfohlKbf07kG3LAiJjYt8UN
      ZlMi+HHlxLdso4JAswt/zYTw3tRqXJ8RB3PFsXRGOTWFolOnZpBbYlOPsJrDJ3JYraGqzQrMiFDv
      3PEoEyia+riijD2sf8VTwseXiZYhNciIOgpI3VoGAFNGVHwgYkgdz7IJu7KxMClzFFibUh8Hkzxm
      uMeoxytoSF3DEsHiT+8tLvjrveeHtbdfQbUHcAaKlFgTBwSNAgR5mQeu/pETrFnHb68vtcCuTu8F
      caX18SssZvvjpCNrmfs5Kh2HumtWsB3VGewAGixazN8x6ntBEzTCxKY19RmWk2dhIACQ69zfQ8fH
      aG8PVfojMvGnvVquO1YYm8Cirrg9o2bgzodXn3q1uCtRwajh6yJaWdxaK27WAgeOG8Hxe7V8U6pU
      btk73zL6P7rDw9PmoNWpnnTUs2pLbTeq3UGjXh0Nj0b1QbfVaNQ7P4MZkzF5NTdzj8hm3v/RbHX1
      9lG7Xu20DbNarxu42m0etaqqqnbak6NWx2zUf/7+w8REbRFdrTbVeiDWrE7M1gTEdLVlHnaJOdHT
      KVP90bwffeH5QXP/wpowzOa9WqYtkhp43ohwa+oSdkZtcNB+tOkW4b3acm807JqCF2OHcPAZ0tcs
      x7PJqT6jJ1T0avnOeCLOiTOx57JjcUCuL5IPg/AZg6Y7yr7Ge3PbUjq92orOaOgnTs7PtdN7jxHO
      +4L5pFfLt0WCaYumXVxJN60tdw1c6s4d6vOBL2bEFZYeWn6B6BfLNehdCUFAM7Qx55Z+ZXnEtlxy
      CXEylYT+dzadYBs2wI70vKdcnEGMSaU++O+IuAqDVhhmNIGdxFFrG/oXSIR9N1P1gV0tOH8+Hqx3
      /b+W/DcIAX+FHix9OUIRNGtzZwKRKdqrXFNWLDBc07ftSCZryB89YTnWd+jHNgclyd85d5DxsD+x
      3HHsC0FDMocJOwHr4AK7gvdHpyef3v1+cz0YnsoJ853RmFPGKLsmktw+hE/HA3POtkViXzBzIRO5
      kFlCv9Wr5f6Ot5PK1v5Qq3e7R7B74Z+72YxrYhPMyYrtCHj1jAl17fk6qsPt2gLTL5Xjc0Gc3OF3
      TUzCIK8k6NzVbd8gxxXwdmpi/QDFyWRTaUMqpB6gIeSSPiPHLvEFw/YBuvIn4M3/IvMb+pW4x/XD
      o04Tm/XWRFVbLQMfIFidDuGBsgHTZ5aAsC7HX2rnF/EGAYb3lhuSmeQrEQRFztwY29Zk7BLRUpN2
      Q3pMMixRdMWsWyxI/ybYxvivOHokS12z9uGMUdfKrF0FDI0ya29OjLpZJ2aneTRRjab+6LVHEBRN
      nlKGEgDIUBB374yCUwj0Yp5E0ZSKjjSCMlRMDg9xW2936t1mi6hH3UdTsQBF6UDC2ky4aC/1F3Hy
      qEUr2jdbIwxuX3+n5Segf4GINIUefAeQcLnRfQfOfq4MbQv+m/IBd4dGOUKa9YnZPGp3sNHstEiz
      /WhCVoEbnSghmgw5mxayRY5goZ/lNRtuHYxkCSppMDvjJwcsuM+qmUiyXnpn8SWdFlJlJbjFZd2s
      qdQh5iuNZ6Etg0iJgSSMdVYIbsOQsvoKzt+/GyXrzulfokYa6gskJnSg8vQE4tsm573FBWXzF0hP
      hKw8QfGAbVEEGbgLS6AvKc4kmDbTkopug5CyXzCf4STbxgfbohSgtIonOPWG2gwzr5J+9VgrPcIC
      K6dGZjPayuGzpRUxGiUAUZhLJCLbMNVA2Uf57wtaf4BnEwOh0NY4kHm9BdiXsvBnZ2MB2SZeFsW3
      wdC5QYKbkPzkaCsXdDq13Gk2etWV1jNRVAhNCRClgaq+ccD2WYJIKKhObSX9aSUf71tqU4ULZ7vd
      egHEFaANon0rhClRFsb9zVqeIOAXg8jQ3XgxBpqAUxplTTQdsjsj5cpHj7jnRpQHvWzmclAfw2Ne
      wfZZDRjh2SPkpZAYIlPaZTmL5LdB0TXhIjqTrn2YwiFZK3vO9HcZGRhV9ptwe73wE0S4+GfC4Fqb
      +6Ume996ThJXI7zELsiy4DN/vTBvWT32ybnV4A4IaFNWD4MA85S+W4RHOSxHXiy+M9o+kDsBp7qc
      +A+etb5uaetTsdEySWfSwB1MiPFonhagKN2Fy+li/+ODmDbngjhhei3/0YhIE5z198xoaGFU/eNO
      POcZsQHa8iGxacAvE/yBiFJsyvKp90JsuOIvCCtnlDlYiNzNpR1E+ueKmQPuSXRfyGTgWen1rpH7
      DWr1Mnbn5YtzAsJr8s2Ho68U5fHBCFdRC9vW9yCUlxqpeSAr6X++23ceydJte6H7l20eqFVGcxc7
      li5DSymW5Jjwp8nS4pmqoPgDQamx8vsddcEuQ2+XEAeuS0WgqZSKUtM8bOkPi70jhu/AW8qqLw1D
      esYLjSTy58UVcSRGvvPgkUwE/yML0V4mVRG4jWzFcrtm7d+OXdIvM1lyaZN9kOtDhCHMYxYnDxoG
      K1AuLPdbUhJcy5dELVdIwVrAoUWqyQiL6pWZyEaPJbGw3lHBHN+vE5ML1wO6HgIp+NkiU7Llef/T
      BGZiHBpOyL+i89zMC4MkFEZtWeQ9vgSzlZaYtm0YPILjhU75WJa8hv+/YUCGDimZGueIeMSVSdsn
      COX9jJgsn8t2xfYaqV45U1rvO47rcM9dk2bwPWLTY1dd2CskK/Bckt/OoL4wFly10HTfV61TKl49
      SVTwuMVpllgprJb/bHEf25rwDYtGITNbq7n32+sCibjivdKvq7I8vUAk0a8FNf0ygC3qTXtSfSue
      CDQbmdcA4+x049tihAAq1R/xsalINcZ86uKJTS41INimc3DGj6Ypa6CjetKV3StnWfnG4sRywxcQ
      i78nKiJ847PmmUaWvzBOJElX7lNJrifVu24zXgWb8cAXIuv2SJrJr2EMqqazDz8klhRAkTmnPnRm
      41vK0kCC3n06Hx1Xyj10SH0RNAHSaO5UW6YfxcX90dkc/ZETkMU0EMisqSsr+iPBhcbcgFH4dEtW
      u4X1gIFIs3t4JGNAUd/64Z8Dl6gVDP6cyzOC0QD/E7P70dsym+rYnkFq8qbZPWqBiqg7N+TDzcVl
      /olB/yyseS/oWeRu6HNBnRBOPGyxOTcm27MEpba2V8O3JOzSSHDH5ecuzMXkK4Z47rUyGcOorbWM
      Xm3RBJN4vWSxyYuZBeuO3kMg+QhFVrhySEazLygClwx9FVznhJiQlycvBa8Y8TAjcJ0P3wzG0xfF
      PxRVtN+QezDPmcVlIhy8SWRxHsZRMDOKjtHXfB+JGRYIpkCOBXbsThEcJEIO1uFA9yG5UxDwFo2L
      ICP5fRtgIkGRQe9cm2IDBkFehxBARY7ss1wz+AgRfH7mhKDIFqd04YmjeQdR+GvtLeSDX8G9m41G
      XW0r6GaWYgoekACmH+pPJarRD1YZb0bxcSDFsrHo1a6e5EksMr7+J773Cwao//vmTfgZRr6gSzDv
      7x2gLQPYz6RBD1z0k7/C3A5VTwy7HMEPqI9eBLQkFx2lj2JsJzjSx5vRI7nwj1fVKrqh4PCGZc7R
      nPoMBTrjO/gBwoYRtgvMv0JQ4EA4kmk0NWXIQNEMaAJH2h3CroF8F6KCnB9ZQkFJrP4I0gxxy7Fs
      zBCJgyzyKFy0OTRY8vOBDDRL70+jOZTlcByG20xszS8vJzswIRquEq1Wi5OuKzh0w4RT05nlCT6O
      rg8acCILcIqSptiiyg5e97xZGf8ShAeMX4NiByZZiHZHLihXlRzv/f8DUEsDBBQAAAAIABGEHk0s
      VoeafgEAAAcEAAAmAAAATWljcm9zb2Z0LkJvdC5TYW1wbGUuU2ltcGxlRWNob0JvdC5zbG6lkl1P
      gzAUhq9Hwn8geDOT0bSs2+TCC2BUL9QsEr1nUGZNoYQPEzP33z1kH45tmmVe0b59es573qJrjyIu
      VaXS2ngVVRNJI6ybRCgjVLKphcoNJiQfGEyVWQQML6tWJDbCWNeuDi4RqmtrZS1s8Vs4QRjZI2pj
      RHRomousyX5BMaAU28Rp0Vmp3nlc980lcwNMAx9bQ0yYRch0aHmMehbGPqZs4gTM81fmNVQwd0Mh
      T9UojLJCchSK9hPEbwpEc3AOheKqgP4tvHT8STB06djyxphZFI9sy3FtYk39mylxHWrbZLwydS3I
      k41nXbuTah5JXeutFyGIMGN/m62v8lQsmjJqNzMZ1SmkXLUTFCXfQnC7N+XzZvHl5p+GP3uB486+
      BZ655FHF95ADBSAw1rFxZGtj+w9Xqqr3bZ2XCeq4RS40++B+ujg1x0UVvUbIBOF/1DsIq+PxOMhL
      q/74vOBxtrnDIxW8rAU/9Z/ci2S3f1IJB4K5D2FwssFO0bVvUEsDBBQAAAAIABGEHk35A3JjEgIA
      AGcKAAAPAAAAcGFja2FnZXMuY29uZmlntZbdbtpAEIXvK/UdrL3vBvOXVoJGBKiStCRRiJLrrT24
      K+wda3cMoU/fMSGJTVEig7kwBmF9s3Pm7Fn3zp6S2FuAdRpNX/iyITwwAYbaRH2R0ezLV3H2/fOn
      XqqCuYrA8XfPe/nl6bAvBhnhTAXijdKSHdkUHikbAf2wKoEl2nlfGKB2V3gn/zOGfywaHcipjgyE
      BVRDtiqixoY0rV4fLbC60petSqyJDiw6nJEcuPQaSD7C70GqC0xutB6mHMYaDB0HjRaOAubbBbra
      Fv03syBHGGQJKzE6F0VfNpu5NQ/g/oTVg8pi2laDLb83+Rz5ynQcgi3Z389lqGbbndDnpR8HfaEd
      oV3VCx+iMRAwtz7sEEMYYSJvLS40L9yxQ4g9OMQk1THY21jRDG2yNVJ/z3IjRUqOw6Tk6dO9HbLG
      3eSfdQKnYBc6ALcrNPZHX4awzs4JKx7LXxhFfAiUZPVluxY2z5IwwFiOnwhMTndb42vLdqPV6Pqd
      Tr0Vi3Watffj5E0K5jLcbIOj1LrHOZTk6hyAzrP8ZSOVR9B8bweFsIAY03VMA3fMCwxWfUE2gw8K
      3oGjjWvvMu4qgZJIVQ/7N/CjNiEu3XPWs/4zHWVWEXMnyvDj5UR6t7sdda5hSWzSvNCVQ1Ngfauc
      NdOVI0h2TlVeLemgyW7Y05Q7V/FBuVASdMqRzn8UgKcfa9g7eX1p/AdQSwMEFAAAAAgAEYQeTZ1/
      5dK4AAAA1QAAAAsAAABwdWJsaXNoLmNtZCXL26qCQBSA4XufwhdQop1ZG7yxA0FJUYHQXXNQp5Yz
      NmuNjT19uPfVDz982tWSQiuRjJVBi8wpEGGhuDVoKopzQ/Hl3nYg44sas+GNGSeCDqPudy07MMNR
      56PLyDo53pNjoLA5WVMpkBkHlWqO/dATZ1M/c8kyKiWL/nHcOeZb+HN3xLexIttOcnWoCz/8NDo9
      789+VtwWE3pMk/cKP1C9rq+rWLB17UvazT+WRJk2uXje+mQeBF9QSwMEFAAAAAgAEYQeTS/gHEbu
      AQAAfwMAAAkAAAByZWFkbWUubWR1U0uP0zAQvkfKfxiph4BUUsGCgL3tikUqErCiwAUh6jiTxqrj
      sfzY0F3x3xm7SSlIXCLF883M97AXC/jiEa7uo0MQ1oJHd6ckArYqkCuLsnhawyD2CJJa/vTC7BCU
      gdAjkNHK/ME+q4EsHkuSjCeNMCrT0gjCtOCiSfO2221ZNFHptpZDO/2XxeLI5KvyUWjYhNgqgmNh
      AdcJnoe02MRdJsVjjSbRgqfo5MTvXtkMw5/BCRnmGvPVJHluR7rFM6oPt58+vvvx4er9za/aa5OA
      fzEoi4samtN2lpDVNRTK4vkZh7n4jSudEwOO5PZPcIhasDXfH/UhWH+5Ws0n9TmuljSsHpfFizrZ
      ZpB5pyUzFgJB6uf2LKInHy4vXr96ObtzGxutfA+NkPt0tv5HxBKc2vUBpFZyz6Gdq87MPeq0tJoG
      VWnIW17cKeeZixoQ7LRDdAHdSbcyu3P7cy7ro0Vzg3XUKY0egmiWE4VqPVhyoco5XDsaOXgWWd2y
      sjdoNR020ikbfJXp2dzzsFl/vpmimoZvMASm4DPh0xViD/k0UvQcZ8CdE0FRvnrrDg4UoRd3yJpD
      tP/BLpMCk7AuRc2XWGsQMdDAZU5AH/geJprYwpiQBsfpaXgQLon3PddYU7JicsihJZ9eyqE+8i2L
      31BLAwQUAAAACAARhB5NStW77t8FAACVGQAACgAAAFdlYi5jb25maWflWW1v2zYQ/l6g/4HTgH3Y
      bNqO3+LETpHmBU3XJEaSdSgwYKCkk01EIhWSkut/v6P1YslOihRtPbSFHcc5kcd7Hj48kpfxq49R
      SFJQmksxcTq07RAQnvS5mE2cxATNfefV0csX41+azZcvCDmXikRSAeEikCpiBrsRfM/lghhJPCkC
      Pkvw+VImihzfTunV2R1hcRxyb9W4QeIQmAaScs2NdTk3Jj5otWaSRtxTUsvAUE9GrWARcnHfevUO
      Py/8Sbfd2R+ObIdm0wZUDLXyemTtuekWPGvSKxtaMfInwz4ThpslOVcsgoVU96TmtZEF+bwITyd7
      3WFvsJ+FtxpZZ5EQgd4nDqzGKodyiFnGaL5dagMRPWWG0SwceiEMKMFCerKK5pyHkD8qe+cgG2TD
      3iDv87kc0LZ9NchJEhqckYmAxCgWNsg0cXE2/oTlnbwHMXGHQ9b3+oPOqNuD9v7IIQoeEq5gCiri
      OhNGwEINDmllRLceYXqMk3wLxqBwatQnsc8MEDMHnPQFN/NMGpcFk+Q4jsmFT5jwH3syZVojMH/N
      KvN9cg/LiVM2xHYXvkNSFiZIaBHlU00Lj1sdxq1NCIXqM90z4oP2FI8z9QRkAS7NmCDenIkZaKIB
      nivovW6/OxjSly+yEe7mQAIZhnKBwxNmjOJuYtClxwRxAT0bq1jkkYztCDcJznwER8SwGc1cWMll
      avob3KPCRmrtsbmagSkFM3F6dLCmzLKw4SNnvnC9KF2PvUQbGZ0pJZXG5eUjl9dBUOEfUcc8zFab
      D26CKcWoBHX06SCeHW8ZaxFUJchbUJjWCo8+BAzXwan0kggX4hptgItLV7nyMD2pCh+5jHKt5H7o
      3ER10qp+xq3HhxujSPwQ1+e6n4JIppBniLOPBoRdb+hK/6XCN1nzps0HM0xJ4Dd7NkG3nuh/Pb27
      uL66xQzg5l2fbnt3c3xy9lRLC/jzQoqZmU+c36lj9xIXv22kNxQTzftqeqeY0AGoG8wzoE0ZQawA
      M57PzSrl8HKIS5RWQ2V6yNNbWiNi3KoxW5VFRQbj3EWZHbSGyA2Xr7mw2x3BnVBo3PSUONDeHCKm
      m+UCbqKUD5iOaNpx1jz5EIPwcYKPc1c11eS2Cz/L/DmjVUIgjDFmBF7PyE634wbd/f6A+d1BD7p9
      p65HNwv4BnzM0h6mhdB/X9nB7avZzX47RMCifFgaq8p9GsSX4rtMvW+CrU/3aHcTW2ncDTb8mTLM
      +D/W5F3BwuCGbnest1qKR8C1md8LYODusQEDwE3Uy48XTn6++Ay47Rzu6DG4o91p9QoMfYNbDp0q
      HmH2SR+bVrfdDfrBMOh0/H6bddlXQd5D0e6NNqGvrTvEfr46F9uzz3Mk/RWw/9+ruLDa3SWkK6Sa
      vl2YncHv0N42/Nz4DeGXZ2H6Whp7xRAYolQ7gt2lHRQ37W3mtsK6M+CvEx768LPCpm84nt3V8meF
      f5wYGbBnHU9+FPirCoM9DnMPND0JObbbWa4bbm/wpXF36K/t50+G+cyPvhvE49bGnSy/zlUvbsUV
      38Nt25dRvdRQu1sXJhIyMUvwsD5xvF8PPY3vOVOxQ6C43E4c6unixrrm7wSHOJURHgtlyn17cz2V
      Bg9MJ7njaciMLSfSk1vr0DYvmjbI57tZ1+46z63dbc/jgimBxL2DFEI8SeLE5qNcr8pWeL9tWTry
      iu/BgLSEtH0OOoP+6LAzGOHHsN2pzdcjRKbuYerqw5TrhIUu09yzf6+KY3VeU/cLeH3/+nvktNMr
      Se112u19YstBXMDBv5cf7j5Mzyb//PaQSHOIV8j8G2nJlacLEYD6o1rXqMu6LGxUxT/eKCxvlLzy
      Ax56P2f2nLf8VN05UEwblXiWIPpOeiw8dbccbBWdKxWRmFmjqa7DqrUoo0VaP4Sh9e+79dSw5aAs
      pm3FUTSICw1UwshNhIuUKc6Euaoe/bOt8CEsNsEnGcE2WQHJfiu0VuyhWzysm1ensB7euLU9XUU9
      vfhnxn9QSwMEFAAAAAgAEYQeTahlJ+lnAgAAEwUAABAAAABXZWIuRGVidWcuY29uZmlnfVRha9sw
      EP1e6H+46dMGtd0OCl0Xp6zNNgrJxpp+2FdFPttislSkc9P8+52t2E6zMggO+O6e3nv35NnNS2Pg
      GX3QzubiIj0XgFa5QtsqFy2VyZW4mZ+enJ7M3iUJfHMeGucRtC2dbyTxFPCvDdwPW9ykytlSV0Be
      2jC1POugCWqip+ssq1zaaOVdcCVxf5OVW6Ptn+xmyc/7Ir/4eHl19QmSJJ4bEVsfkZiuDdcvBeVi
      DxdUjY0MR5i/V8tk4VTboKXkcWAjGBKgk9L9A9xboBoBX2TzZBA2aNz2rH8l1khfiLzetIRBTIJg
      q40BVUtbYd/5LE2L4EqIkIL5WlQd2TWP24pnHRvEkA9oUAZc/1qu0bPngq0zO9jWGGmIlSRVCzBO
      SWKnI2CpbRFAWpADHRBWNsi4tWRTJRcnEmK1W9yKNI7G5+yYUZjHApdkUUAHlsc5GAoAx0O5WEiS
      sHatV5gfS/l8bzVpaeCOm4yr8tVu37K45RphxfvDAtaoWq9plz/6Fg+P441ej2vKj93vqsvoSh5d
      et+x/iCyvZRZ9rbIPkRcDrtA2KSc0GFgzMB/U/CAT0Yq/Gf/Pr6Pc5Y0X4nRU9UGcs1X750PcwiR
      VLebHXt3eElKbTAdxn44wrjRDSrZ5YWxu5sWYkqcRThEHoFbW6DviYwMDtSCdQWeTVjWgUVexD6T
      vcgDd8WUspHZm8KgwFK2hh6wYPGKr+N3tOi16stpTY2Yltswh5y9bFjjTxYjjtc92DyfZmbYAUEg
      SW246wEuz/nr5McDu1h5K810YjYFO3u1hfh6CEP2Kg19dKYvzPwvUEsDBBQAAAAIABKEHk1jph2z
      fQIAAFAFAAASAAAAV2ViLlJlbGVhc2UuY29uZmlnfVTbattAEH0P5B+m+5RALCWFQJpaDk3cloDd
      UjsPfV2vRtLSvZi92PHfd6S1JccNBSHBzsyZM2fOavzwqhVs0HlpTcFusmsGaIQtpakLFkM1umMP
      k/Oz87Pxh9EIvlkH2joEaSrrNA9UBfRET/mwxVUmrKlkDcFx44eUjfQyQBPC+j7Pa5tpKZz1tgqU
      r/Nqq6T5kz/M6P1cFjcfb+/uPsFolPomxOgSEtE1/v61DAXbw3nRoOb+BPP3fDaaWhE1mjB6ObBh
      BAnQjtJ+AZ4NhAYBX7leK4QVKru96o7YEsOXEJxcxYCeDQPBVioFouGmxi5zw1VEsBUkSEZ8DYqW
      7JLKTU21lgQiyAUq5B6Xv2ZLdKQ5I+nUDrYNJhpszoNoGCgreCClE2AlTemBG+AHOsAM10i4DSdR
      OQUHEmy+mz6yLJWm9/iUkZ+kAIV4WUILVqQ6OAQATosKNuWBw9JGJ7A4HeXzs5FBcgVPlKRsXcx3
      +5TpI8UC1rQ/LGGJIjoZdsWLi3jcjjZ636+pOFW/jc6SKkVS6aJlfcny/Sjj/P0hOxNR2O98QJ2R
      Qye9KHot1d5Ub5svUNsNDv0vSlzF+pJB36030H8ttMC14gL/MY9L56nOBEn3qV+IiD5Y/dU56/wE
      fJqoXeyOhD++YZVUmB3KftiAyQ4rFLw1G2G319Qni1mDcIzcA0dTouuI9AyOpAJjS7wasIwFg7TF
      vaG7IY9WwwaL9szeHQxKrHhUYYElDS/oLn9Hg06KLpw1QbPBGZo4pJ0E/EnDsH/XlWSeDDVjbIHA
      Bx6if+oAbq/p1+b6hq0nneFq6JgPtyJ/s4V0fHBS/sZKne+G39PkL1BLAwQUAAAACAARhB5NDgiu
      G9UBAABTBQAAGQAAAEFwcF9TdGFydC9XZWJBcGlDb25maWcuY3OlVG2LGjEQ/i74H4b7tEKJ3++w
      YO3LWVorWtrPMTvaQEy2yazHVfzvnWTXO80uhWJYWCZ5nnmfqYO2O1jgEzkb3JbE5+Dsw3BQ992L
      NXotjf4jSV+g1s+BcJ+JYuaMQRWBQXxCy0yVQ75o+zu/+4kb8UhU8f1wYOUeQyUVwlrvK4Mf1C/3
      ztFwcBwOgE9Vb4xWEIgdUqCMDAFYwbTSM2e3etegWnCXcHC6hBXuNFv2RbTa0GqfAgSVpNEr/UJT
      POMxxLRAQCIOIVy/Nmzx0fm9JDYQUg5fxJdkol+3fLGojfkhTY2P0pYmZmUCnTsx31nn8eFmaxws
      ealohcGZA3o2ZvEJZpx0M5MBl95V6Ol5EauQg4vR7Q60j02cr4KY2xItYZlZiPrYDTZO4j1uZW3o
      rIr5xQgmb1MAEde1VoyutWW1jOfGhLzparyKMJ+mnoh7VPxPT2T0UxqirGN5PmC6nLf1Orc66+E2
      9getMPyD5F1N2N/nX2UVJ2hK5PWGUasETW3Si2/ez7QkFd3o4wa4h7u23DzYdz0pSl59R94QkiJa
      Vnp8VLE+cQf50/ioy1MfsWzUhvtU5yPwOphAcmUpPVuOffutigmSBk7X/Mv+b5/4x99fUEsDBBQA
      AAAIABGEHk2cfoCj9AIAAMYIAAAhAAAAQ29udHJvbGxlcnMvTWVzc2FnZXNDb250cm9sbGVyLmNz
      rVRNb9pAEL1Hyn+Y5hCBGpl7AkiktE0PSaNA1EOUw7IexyvWXmt3DEJR/ntn/QUGV6RRVsLGO7Nv
      37z5yJ1KX2C2cYRJMI8tipA3grlwS3d1epLvmv/gIrghyni/ttwqaY0zEQXXhoJvJk1RkrFX3fbr
      XOkQbTBVQpuXf+IHU3TSqoyUSfd97pC2HFKRoMuExL17ZiLJNAYz5V/fZWx48/Tk9fQEeD3xxySn
      GFNSUvg7nktDli+0kiC1cA5u0Tnxgo5DImu0RguXMMnU9rs8VIH6NRgMYOjyJBF2M25v3/+ezS9B
      ZGpQ47btFiWqFYKApLRDZE3Cn7nji0UagkN+WMy02j87HHTfOcyEFQl4jUZnQpJaKdqcjYeDYn/H
      +emBRTSpw/kmwx7xw0S9lVFhv/+89arUWSlLudAg3CaV4Mtk6NNRQ1ThjeHeOOo9/eAork24eYZJ
      RQBqJv0t9I6GJXmQMcolqKjxBuXARODJ1RK1D7Fvr3H+MoI01xrOzxuA4CdSzaGIsw+jEezuuKAi
      328j77HzS6yFIuBSWKF1RQkFM87PxGvSsLgAf8cYUlyDr8Gy6Hv9/lUb8K39idrhUQI3XBIay5ao
      WDf3HsG3SLlNC1YdievttdmMBOXcBCEGEykxIwx38d98FzYVYtVKEG5T3cWyMSYHYr8eZrRyCnx+
      DvM1RY2Ej9wiU0HieNq4sH75iZBw65edFXoETh/EaLH7QARrhLiIpH3mopZS8B/uiM6y7EjuOwLb
      razHLGRR3xVcqTfIndPgyKdEcgA8dC5Aq6VvoGTBDrBAP1hFGGJYzBiLiVlh2InNKjckuVEKgElz
      ct/yUCK1bf4PM4qMBZVGpvOaO0MgVkJpseBIFIvLbezZpyzdJ0lL3CkPqD+oLss1KIUqZ7QsAVlZ
      R67zYCOAn4bw9UAQnuoWna/JdSyIay3LMN1Pw8ei5Sen+H/CW6Zm7auCYsG/quR5+FKB9Bmc7o8y
      ak0Vv+qZxTO9PXyq19tfUEsDBBQAAAAIABGEHk2Ov/hPCAIAAFkGAAAVAAAARGlhbG9ncy9FY2hv
      RGlhbG9nLmNzrVRda9swFH0P5D/cmsESWgR7TZoWdx0sDx2lDowx9qDIN4k22zLSdbos5L9XktXG
      cZMmG7sPtj7O/Tr3oMrIYg7JyhDmw26namzZZKGRp/aATbj5Zez1M+BOCq2MmhG7UcQ+qqJAQUoP
      99/fVDJLUbNbyTM1N+00X5DYZ6LSx+92Cp6jKbnAVpSE52WGLJHu90kslD3sdtbdDlj7nqC20eUf
      Ps3wR31WVtNMChAZNwacQ50fBjCuV5dq+tPWfVXDQyTvqRXZC0xBFgRCVfY7gg++wBdMHZ2bVSHA
      8QMJcU2x2/dCAksM4W8Xwf/7W+9GMmcBwL5ySb07NIbP8QEFyiWmPmJ/uHXYvF3GPvcDBV3AOH60
      KR1pl+PgGAuSS0mrK+B6XuVYvFH3kmvIazdLEHexXrx22HImZ9ALYDZxVYxGEGk0SFF/F9nK4uxe
      q7ykugsnuJnUee81rEHmxf7beEaoH1xWz8wBVBRrhJWqwFRh8citCEiBLxhogbUurqNDEW5lWrwn
      mHs0p7NDwNJ3ltAqw0Fo029YXJFqzt3ZZneLmcGj1NVjeZbYvTJBpO+iNS2kYb6P8/PNAL65hrlM
      Yd2c0yZqV+HsryTbKv2IglsjOkW8U6WyUwUravXsE2wT6uQaoMfluSUyPBSnDiHyfdZaYq+I/p/j
      doKEQlFQ8GkZ/+1hsovNE1BLAwQUAAAACAARhB5NdXOzKFIBAABqAgAANQAAAFBvc3REZXBsb3lT
      Y3JpcHRzL2NsaTduY3N2eXZ0Y2IyeDR1NTkuUHVibGlzaFNldHRpbmdzfZJda8IwFIbv/RWl7NZW
      tH5MrDAtMpgdzjoK3rXNsc1Mk5qkX/769WvCWNlVSN5zHt4356yS1CdYRJYnvfVAUVbd/cDZBRNQ
      kvZ892Iw1YDgOQ1EVmYy8MeFkU6fhy74QwsSwkpVqfoVpQPYICOGTNV2+tRPTnpxmghizbunHHLw
      BZYgNApyaRiTrj8WqME5ldZLUJVUAG/9PvXqDacuOriWqe5GG7wP7aKcRHR+fDsWhn1ejOTXeJpv
      xZ1cbqfbCS18Kyxc+Tq7c4ncebRB13M2nXUsBEJi6knM6EuSNNEiKZOlrvcl/JOuozgfewd4Btza
      bBmlENQ8R3JMQ1P9SV9WVf/oEaudhNXwMoyA7xhP4z2m10dBwKjkjBw8CqQVOqc5pojlonWnBSzu
      GiqjTikkxKZaTbr+daGuG2WFqpXxPQFC0ZvN0X+vznrweGmW6xtQSwMEFAAAAAgAEoQeTc3pgcEj
      BQAAOg4AACUAAABQb3N0RGVwbG95U2NyaXB0cy9kZXBsb3kuY21kLnRlbXBsYXRlzVdbj9pGFH5H
      4j+cIFnKVlmzmyZVxYoqBEyCwq2YTRMJyZq1xzBZe8aZGS9LH/rbe2ZsA8s6ado+JDyA8bnMuXzn
      Mq9YDC3H70+C5aLX94Kx994bOy2Yer9D60ULXtFwI0DEcbPRbHQ6cF77saR314NrGNAsEbuUcg1+
      KFmmLek9lYoJ3oFL98K9fPlVTZY4l1TSzzlTTFP1mL3kQrUs3gEXEXU/KWBcaZIkNGo2thuUtwR4
      /hvPEzBfzcZoCI63WMwWhZvWywt42mwAWD8nTCnG13uN9J6GuSY3CX0GWUKJotUhFcszwACSRFIS
      7Q4GQEpuKagcbWAaQsLhhgLyhBukxVKkEOZSmiBRfsek4CZgrjFjLbQAKqWQzcZZ6aZPdZ4dgmDe
      KqoTEZIE5Y11EU3IDr/vM8JNoA2L7y2ht1iOhr3+0u86f0XZheO6KyI1i0moleHBeExnSxh4w9HU
      G+DvfDz7OPGmy8CfXS/6XhEao+kRqdJYmvllTcve4g0qqNNUkLrO3kxntd1upRC6XuvU+7AMJr3p
      aOj5y2DeW749qH1Me6A3JZzFVGmjFeBE73zhvR/Nrv063YX2eo4vnABwVm+/qZDA/zjtB/3JoFCP
      SR2ViLrNoxzUjod7OJYUg8h3huiXxNACMEv3YDSiRhLO14gRxRKEU+nnkwPen5R4P8ZYacPYgCnZ
      wadcaZA55+bMllFrzmzBVuRJhDhXAh/lbRX0Bw51HZJlEdHEWaFtq0rYDdPIhuMrEPEm83qAIKHr
      aJpmzioIgsg2l6X5KwmPROpUMv2x15sG41m/Nw5O5bXM6SEf1fFfkShMQV7vw8hfYns8oWN7lBG0
      FbQ/1xGNcHobMVlPPDVk4r++Ho0HBeRsaibqJmdJNCd6M6Ax46ahGSePObvOXIq1JOkQk62e3v/6
      y5mzQgYjuLp84V6sXjNevXCxj2H/qNNr2sr3/tjWdhgcJ+3e2Gir4S2m3NaCO8Vg/EFvoJdlCQuJ
      xo4H0V7eLdvmpQsLrEeBTXiav6EaMhLekrWZJxj+9ghaExZKoUSs3ddCuz5Jsce7PjM/Hp5oXqqE
      l8OwVcDC1l7Hs4OB9tMIeL5G3bI86UHKi06Jefm2c76tYqup8NwFm1xAkt5QMFUiJJE79FNv9j46
      o2kwH5vRfjCsmu+XX/Kp5RxjDdn/q1uhyqT41II2F4lYC2jfUXkjcKrvOim0dafwAB8yllFMLsXB
      XyChL7JdL0ksvJdixulQJBGV0M46wbxIpGkEAya7NWV21cu1mBOsD6pxSfjTYgQh0xc8Zmv85jQ0
      r3wtEVGqG2Nro1cFNZeWu7ugduJfXSvqb4ikUV+kGUsKohUwxvgiyc2bR4ZUUXJXqxbYDauIKM48
      H/vWGXhj3/tB4p91fvx4lW3zH+cZlsbPrp2Xxbj8f3XwYMIh//kdvLyA87h2Kpzrk9d2vzEEjoTH
      G4qhZEip3y4MlUHLXTN95W7WV+6hxV0Vj2a0/ruu8b0/zUZhFC9HD5TBhlCkuEBFIAWig2M32xAN
      W4b5KC4gOf7bUF65c5SkwzJsn8AkKug6PzUbNp2O/Y8Ashedo+W/zP1FqzhhSJhZ3Ok9031c7bvH
      rM8q87p7bYYP2jcPrhPWpdJA9LC0yWrvlZbDhigQod3+I4hyU02wxVFmLjoPZ1gBRnMO7v+eER7T
      O5ocE4Z4kxjm3FZmcc8pTHgsU5l7uWc4lm02nhb4sHk5MX3IOFPm3qLyMKRKxTkuimjf31BLAwQU
      AAAACAARhB5N4M95uJEAAADcAAAALQAAAFBvc3REZXBsb3lTY3JpcHRzL2dpdGh1YlByb2plY3Qu
      anNvbi50ZW1wbGF0ZW2MMQ+CMBBGdxP+w6WzkZ0NDIODLpg4klpOOBXa9K6YSPjvKulgouv73vum
      ZAWgBt2jykBNp7Koq92xrA/5vpzVelkbZOPJCdnhjwT5M3iEwgpU6EcyCFvbYGw726PT7fLeiTjO
      0rQl6cJ5Y2wfJedp1PJxLvrOGEvNNTEH5DcXH76w8/aKRn6HB90owmQ1vwBQSwMEFAAAAAgAEYQe
      TfblhxLcAAAApgEAACgAAABQb3N0RGVwbG95U2NyaXB0cy9JbmNsdWRlU291cmNlcy50YXJnZXRz
      hZGxTgMxDIb3SrxDFDHQG84VbJDrUiTUBSqVscs1Z7hDSRzFPkTfnhBA5aSqbM5v//bn2GwSvaEV
      9eFd4Eb3IvEWgG2PvuXaDzYR04vUljx0+I6OIibwvB8H18H1YnGjlxczpUxulDNyeEg0xiJlcUUJ
      V+Tj4PAeI4aOn8Ly8uqUPL9bB+vGDrc0JosGTnrLKJjOUqqoz216RVGPrcdGT3rpX5y1oP/LVwiD
      YBD1Y2h0Ve2q2rJW8H9RzJ93vnBDLJne0WFr0xCFs686WgxMkQx8b5EfZcuv0+T4E1BLAwQUAAAA
      CAARhB5NZEBNtbACAAAhBwAAIAAAAFBvc3REZXBsb3lTY3JpcHRzL3ByZXBhcmVTcmMuY21kpVVd
      a9swFH03+D9cAqJbme3taVDIaEszGmibEKfri6E4tpxolSwhKWTdR3/7ruw4sZt4GwyCI11fHZ1z
      rnR9TrOVBFkUvmeo5TJLue/Fozmo1JiN1PmQfKgDmip5lwo6NDqb4Xgfvdd8WDBOz6IoIteT29HV
      bPxldPby/t0HUgemF/PrsxecGWZpRBooUmPkclNymebDhbQBovue71W0yBaduIimArIcrASl5Vea
      WdBSWt9Ta7PKIQyTzWZTR+pcVjILS4Zz1MTdqAq1ppksC7aEtaE6LJEODJBAoXGEwp8GPZlUpIzD
      YG0ZP2/nh5kU7TVpjqw6GELgXyBgoFBXqqnT0mgHI9c6o20AFCEtrXC2lrcNUVLlHalrZaymqWgc
      qYwniXPc98RTzjTsKpflrXHbHQiCBTKr4aHBd4CO7Ost2qbvYKrkIMDTFDT5O/4iNZbqLvmMy5Lu
      6Rwhv7ewSt2ZAKRxj9RQOeUUHQvrqued9xWIFhBoCIptSptGU5NCapSw4MysjpBJ2pC1qVMtFdWW
      UZNM63UYcdfBNOv/lGGfFXU+4m8qjb2iisvnONNMWZOoTnb4TfDQUqF4iiJ/gqE5BOhclPx4GF0+
      xuP56PHu4naU/IoIBqr5LkiiJXyCI/HggS6CetsQ98M99r5gDSGe3NzPx5O7Knvoe86fqIABes2E
      GQ6AkBSPDrw5cWZECzgNDS9P3uLJhvNDAMx2yJXsXsFhJvIepR00p7QTcCo76dP7y5txfP04nU0+
      j296rDm04ADmIo4fJrMrt75pjLWjLcZ/UxVTa1m5NP9dx3+kdkjkCFw47ZJzxXl1LapOtaLwnSlw
      59D39k2eJB8xjI8U0p57Erp1x18lp/smQNNyrapbbuzafY56WkzPFe5rG7v0/l7Q/hw1cLTMt9/C
      31BLAwQUAAAACAARhB5N72tPdXMAAAB7AAAAJgAAAFBvc3REZXBsb3lTY3JpcHRzL3B1Ymxpc2gu
      Y21kLnRlbXBsYXRlyytNTy1RKEotLskvSuXlyi1OKs3MSVGoDvb3CQ3x9PeL93P0da1V0C2wckkt
      yMmv9M9zAimwLSkqTQWJBpQm5WQWZwQU5adl5qTaVgeEOvl4BnvEBwT5u3n6QHQGJBYXl+cXpQBl
      HYODw/2DXGp5uXi5AFBLAwQUAAAACAARhB5NNiuxcHUCAABEBQAALQAAAFBvc3REZXBsb3lTY3Jp
      cHRzL3B1Ymxpc2hQcm9maWxlLnhtbC50ZW1wbGF0ZX1UTW/iMBC9I/EfvGivxPTjUFUhFS10hQTd
      qIGiPSEnmRBvnTjyRwpd7X9fOxiqBrYXUObNvJn3PLZ/ty0YqkFIysth78Ib9BCUCU9puRn2tMr6
      N727oNvxv/X73c4ipxJllAEy/1pCiuIdUjmgSseMyhxXJHklG/MteAJSIp6hHdcCrSC2sd+QKA/9
      4holpESJlooX9B0aihhyUlMubI2yfRxHt2N6QEqVmWgPzKN7TVnaDOKhaYm4SEEgxREDIkpUcAGI
      xFwrR2TCElBNJVUoV6qStxhvuFfQRHDJM+UlvMDZG6PlK76bmd/peHg5uLm4vPBQt9PvW/3hfnq0
      4JzJl4Nf19Yv42Aphz3LbIhlkkNBZIs9hRoYr0DgQsZ2enw5GFz1DDNCltsgavdDcF01IRM0loV7
      V+egcp4G82gMFeM7H59ArsQFDV1NjSPB6F0LMMkRVeDjNuqKZkSqpTnKxtMHXmZ0owVRRl7wDI1z
      Pv4ip8USMqIyLopgVO7QQ7j8qD0irsIOtRRswWdEl0k+yhQIN2LgrPyzmtyvo+lisn4azSd/PWL1
      vEFszhGkV4Ly8Vcsx9EsYhM/oQuhG2VnQVc62SZMpzCqqvWYKBI8EmbtaIdd9uGAIhA1TWD5PAva
      CmRSnKq4vb6+8vGZase7j0+pNA1DovI2q49PMlzlMxRcgVUX5jtJE8IsivDxDF5pNdkqQR7NVZI/
      S9vbbMbemv+ALbGfF3E1j14ePrSc3dJJSWIGh5R782KYpd+3PAu5MrND4okUEHw/kX+EXOo6IjWE
      q7FjPX4e4DFI85o0+7vYVdC6Jydwc0dx+5I2EfskBP8AUEsDBBQAAAAIABGEHk3KIuDRJQEAADIC
      AAAuAAAAUG9zdERlcGxveVNjcmlwdHMvcHVibGlzaFNldHRpbmdzLnhtbC50ZW1wbGF0ZX2SX0vD
      MBTF3wW/Qwi+rn1wT6MdbLaCsM5qlD6OtL2uweYPSboxxe9uumwdWvEpcM89h1/uvZHqypaZJqGW
      zq+vEIpOhVzLN9YCUv5dUw4x/izS5YY8vKSb9SJLvyYFlJMEVCsPGPVmhE7uDGwj6xhn5E/5Vbej
      sMBUPKAfnYY9lIZZMIEAO5tOb89mbupjGHHiyI5RZ0B7zJuR5gP6jrxInDdfEFI8PieDVIOxTFDL
      pFgodeRrrFWzMPyNOUI8R5CnFQG9A50s76QQUPVhxGomtjEe/nBwbf81NLIH2brx71gN+l7qjq+Y
      eL90VFJYLducCmi9ciLdM1HLvfGEQSX52eFoycFY4DF2G+vHZ/DcS1HtFl9SAwaFfv/hzwNwxaF0
      PJJvUEsDBBQAAAAIABGEHk2i9Ssp1AAAAHsBAAAdAAAAUG9zdERlcGxveVNjcmlwdHMvcnVuR3Vs
      cC5jbWR9kM9uwjAMxu+R8g4+wmFFPABoE/SAVP4ItsMkpKokLgSSOkqCur39mmxaOQC+xLJ//vzF
      ryhOBFTXnHkMmkSlOUs5zPNNsf5c5qv3crf+2M7yyW99sSo3xdssL3tgMo5Dqgb8Uj5Alu3btnVE
      YS/RavrOhJEw4AzAXv1J3gCx5tBAt1dDDyeUbPcOo3IkLkpcOqNwuCotYyK8dXSO7fQHh4Kc/NMw
      2AQIyqAPlbGcySogjAJMp3F3z2SajpxF8HE3qb/cjWcT896IpAaTz0b+X5izH1BLAwQUAAAACAAR
      hB5NoegHQ4oCAABDBgAAKwAAAFBvc3REZXBsb3lTY3JpcHRzL3NldHVwR2l0aHViUmVtb3RlUmVw
      by5jbWS1VVFP2zAQfq/U/3CqZBUekmjbW6VOLVul8QBUtGOTKJqMc6EBJ/ZsRxUC/vvOdkNTQfdG
      Hpzkcvfdd5/vnAmKtQJVFP2eRSeV4LLfM1hB8mFXxKdsjb6y6hIr5fAStYJrE55/WjQ3cK3RWFVz
      ORUCrV2qB6y91aj7c17hk9Ku9J9fbiKeMMgdAq9z0Eo30r9cLS7grnRgPHqhDLg1wvRkAULlCGVt
      Ha8Fxvi47hiMoKEVuBCqqR3UlJNkCggtM/+RqIHz3GL8O6RHh2N8ipweWyNxXTe3cDlbLGE6P4Uj
      g3+b0qANFViwQmk83mbaChHQ99jRBxTOw241Ocqx4I0Mpl+zk8XpcvYnLOfTs9nxx283bXUrrJHj
      tXPajrKM6zKNBadCVXteJPyYfeqa5pt8zD5HS1v5mH3p98oChqy1sOF4PBzCvtObilkLrFWXD9sl
      ZyP2mpZNdiT3fLJdWl9HlJE2FERjZEf97X70e7qx6xzSdLXZbIxSZHGPGmGurPuOWqrHhTCldnYV
      E85jXHpPfZM6rHRo6WfwLZMg2Gz1RKXtylq9dBhld/AV2HJ2NmfvwPV7NOYyEk1+wOCbqh3WLlkS
      nxFwrWUpuB+vzHsPIGngkDqQ5DCYHMxEsb9hfkH9/IpgJMv8aGWhp7djV/2PLM1z3u+19zDsYWra
      To9ivpU3+pY1nQBhg0LR/jzwps6rUHVR3oV5T8MkDbrVDg54am7tRpn81dvLccgZK15KGDSulJNb
      5QpDaSj4wXdVN4bnVMIeRlXRLalgoEkvbtAXHs5OsKoxAn0aZ5TsongpvN6hwRlU3Do0Ox23Gkrk
      NcH4AOsa/wd4K2GApN1JDCQFxD5vYbDOw//iH1BLAwQUAAAACAARhB5N58hJBQgDAAAyBwAAKAAA
      AFBvc3REZXBsb3lTY3JpcHRzL3NldHVwVnNvUmVtb3RlUmVwby5jbWS1VV1r2zAUfQ/kP1wCIivM
      zrquMALZ0naB7aFtSNJusJSiyTeJW9kSkpxQuu6370q287G0D3toCIl1pXt07rkf7qNYKFCzWbNh
      0UkluGw2DGYQvdqnxKfbCn1t1Qgz5XCEWsHPZb28Cc9XFs0Fz6rVEI1VOZcnQqC1E3WPOW1oo+78
      mUelXeq3n25KfGGQOwSeJ6CVLqRfXI8vYZ46MP62mTLgFggnp2MQKkFIc+t4LrD0L389I0+oC4WR
      JFPw8DA2Jbw3GM9jWDinbbfT4Su0KsNfysXL1BZcWlckqYqFyuCgglO2DooQ6Qm4EKrIHeRkqvF1
      FanfpFDB+VjXfJ7Rofuym78locfa6LmPBuMJcJ2WkLWCAWOHBm2gcN65EvNNgjNeyGD6Pjgdf5sM
      bsPPxcn54OD164ZqhnLn83FlZI8d7lhIzR57v20arpIeOyotdZQ99qHZSGfQZrWFtXu9dht2D+1F
      x0qYpXV2pJTrsTUPVl+plWdVVwPb0GJdtibE+hvP7p+PrHNLBdnZkNlccxY0H5ZJ+G/YKlNCSUnu
      1BmdW8q47VRJtZ9pFS2pYmirdxS/azbK9FG5gPC1vsl65dJs6MIuEojj6Wq1MiRCs+EeNMJQWfcF
      tVQPY2FS7ezUV2npFN9RScYOMx0a8Df4aowQbGf6SBpv9J0+bYnQmcMnYJPB+ZD9i9Vs0ISSJcXo
      K7TOVO4wd9GEmHSpqLVMBQ/x+tMtgCiBVv95rBZEP2B4Sc0AbE9xyoTJXiQRJphE1GGMHB5TXELl
      iV1PlaAd0Qg6KgofHb6lndQCfTmsUpnAvKCWrCIq0Q6PSWalE5+O8j/MstDBdT+W0u8nozyb5jTg
      qKYqWD/uvGlrSURn6TyMnzj0e2u7qFovnNTc2pUyyfq0r7qXDmPGUwmtwqWyT/NwZugacr73s3Db
      hycUwg5GltFflEFLU0Nxgz7w8KoAqwoj0F/jjJLbKF4KYFUDMsi4dWg2OlYaSuQ5wXgHGsz+hbcv
      YYCktEcGohnEQcYaBvMkvB7/AlBLAwQUAAAACAARhB5NAAXq5r8AAAAcAQAAKgAAAFBvc3REZXBs
      b3lTY3JpcHRzL3Zzb1Byb2plY3QuanNvbi50ZW1wbGF0ZW2OPQvCMBCGd8H/EDJb8CNto1uVIg66
      WHCUNLlCoDYhiYKW/neTtiKCyx28H89dO50ghBt2A7xBuL3k2+v5UOTXU3bMOzzrXQGWG6mdVM2f
      EMpedwNoqxw6g3lIDminBIxdzjQrZS2dBOvLbRC9/ABjPY6rxhlVfw1vWXU3HHaDUzx1/9heOjwk
      utmI0EZxsLaAm66Zgx+GG8VQP4gASMp0SdZzGkG1IBGJeRVRUtEoTWgZrygRjMSfC2H50b0BUEsD
      BBQAAAAAABGEHk0AAAAAAAAAAAAAAAAbAAAAUHJvcGVydGllcy9QdWJsaXNoUHJvZmlsZXMvUEsD
      BBQAAAAIABGEHk0SWQphawIAAHIFAAAaAAAAUHJvcGVydGllcy9Bc3NlbWJseUluZm8uY3ONVE1v
      00AQvVfqfxjl0oBImkAToJxoClUOBdSUSghxWNvjeNvdHWs/0von8Tf4ZcxunDoRDZAcMp59++ZN
      5o2Dk2YJi8Z51MMrLBXmXpJ5d3gQdk6C8VLjcEa6lgrtAu1K5uj24ebGo6V6C3Z4cHwMF2jQCgVz
      U5LVIlYCkVHwIDhwDnWmGpAOcjLeklJYgK8shWXFvwglp+g+1kt0Dj1QCcJ7K7Pg0Q1hVgmzxAh2
      2B3ASqiADjyBpkKWTWKTnYpExwIol8Jz0Xvpq21Nw8OD75v4FN630bX0Cvu9hdS1wg95RWfke89+
      PIk9R5dbWcdi/d4+0IxMKZfBin/BdC1Msx/wxVIRcv+f0mZUN1YuK8Y/hvDrJ8DL0Xiy79K1FQVq
      Ye/+IjMoHyy2gPQXL9D7OD7u4EY6mSmMMymF4mlpcRdHxIPxTc2RNPzAXnj0hSEPq/ZWYuOrs8+X
      bBZdk0Hjef4wL6GhAAajdQhEzvZjjsT5J2VpSa+5mOhFMlQUsCWv8xCzeRsQKJIInxh3fdFd66eW
      Htu+3vHuxdf5eTQ5uy9V4yd28aZxJTOQ5VpnbemWFzKC8aEmt+6Jpe6UvQiy6PfEm0yMR9PpYDJ9
      OxmcFK/HA5FlJ4PpBCdigqP8VXHSDeIGrYvbt7UDSc/2HvISOum826jrOigp2HanTiNdokyfS3HL
      LC37VlqaLg1d/ixIVcCnoDO0XfYK45jX91P2G080Z2muxjxur1AqKWrXmqmbFlFgKdh26XRDw00V
      O5XcWkHWwPrlFcFHz4+4c3AV3RvIkBs9fdLUbQ/93ng4it995v/Ir8knsb8BUEsDBBQAAAAIABGE
      Hk2eP3edcAIAADwFAABAAAAAUHJvcGVydGllcy9QdWJsaXNoUHJvZmlsZXMvY2xpN25jc3Z5dnRj
      YjJ4NHU1OS1XZWItRGVwbG95LnB1YnhtbH1UXW/aMBR951d4aK/ElDKtq0IqWtqpEmxRgVZ7qhzn
      hnh17MgfKemvn42hFR/rCyj33HvuPcfXjq/WFUcNKM2kGHXPon4XgaAyZ2I16lpT9C66V0kn/tLr
      dRYl06hgHJD7txpylLXIlIBqm3GmS1wT+kJW7ltJClojWaBWWoWeIPOxv0BNhP5IiygRiFptZMXe
      YEORQUkaJpWvMb7PlqPjWkDOjBsnxGfza8t4vpkjQvcCSZWDQkYiDkQJVEkFiGTSmi2PC2tADdPM
      oNKYWl9ivJJRxaiSWhYmorLCxStn4gVfTd3v/WQ06F+cDc4i1On1nPY0jI4WUnL9uLNq6K1y5gk9
      6npeR6tpCRXRB9w5NMBlDQpXOvOz40G/f95NOgh5ageY9qeStvYRF3NupcHQGZhS5slsPoGayzbG
      R1Co2MYcWcOcGcn4zSpwuXNmIMaHaKiZEm2W7gw3bt5IUbCVVcQ4ackDbDyL8Sc5+yQpJ6aQqkrG
      okU36fKj9B0JBX6ipeILOSVW0HJcGFDb+ZKtiZSz74Lqpm0MzQbrof32IyJe0Ctk7gxBRwJMjD9j
      2g3nAZ+3By6U3Ug7CYbK2zXlNodxXT9PiCHJHeHejsNwSN6dzhxUwygsH6bJKQmaVscyLofD8xif
      YAjUIXzPtGuZElOeIo7xUVYofoBKGvAK07LVjBLuQYR3J/HC6tu1UeTOXST9W/jmbjmCO/8B9wXv
      b+LTbP5486Hl1JreCpJx2GVcu8fC7XxoeBIKVW6L1C9SQfL1pPp3OGQ/z0kD6dNky/v+uUUnoN1T
      slnhRVvDwU05gv0VxQd3dBPw70HyD1BLAQIUABQAAAAAABGEHk0AAAAAAAAAAAAAAAAKAAAAAAAA
      AAAAEAD/QQAAAABBcHBfU3RhcnQvUEsBAhQAFAAAAAAAEYQeTQAAAAAAAAAAAAAAAAwAAAAAAAAA
      AAAQAP9BKAAAAENvbnRyb2xsZXJzL1BLAQIUABQAAAAAABGEHk0AAAAAAAAAAAAAAAAIAAAAAAAA
      AAAAEAD/QVIAAABEaWFsb2dzL1BLAQIUABQAAAAAABKEHk0AAAAAAAAAAAAAAAASAAAAAAAAAAAA
      EAD/QXgAAABQb3N0RGVwbG95U2NyaXB0cy9QSwECFAAUAAAAAAARhB5NAAAAAAAAAAAAAAAACwAA
      AAAAAAAAABAA/0GoAAAAUHJvcGVydGllcy9QSwECFAAUAAAACAARhB5NmasY7CAAAAAeAAAACwAA
      AAAAAAAAAAAAtoHRAAAALmRlcGxveW1lbnRQSwECFAAUAAAACAARhB5N3Coq7jEAAAA7AAAACgAA
      AAAAAAAAAAAAtoEaAQAALmdpdGlnbm9yZVBLAQIUABQAAAAIABGEHk1Fh9/VfQAAAK4AAAAJAAAA
      AAAAAAAAAAD/gXMBAABidWlsZC5jbWRQSwECFAAUAAAACAARhB5NAB5l98QBAAARBAAACwAAAAAA
      AAAAAAAAtoEXAgAAZGVmYXVsdC5odG1QSwECFAAUAAAACAARhB5NzemBwSMFAAA6DgAACgAAAAAA
      AAAAAAAA/4EEBAAAZGVwbG95LmNtZFBLAQIUABQAAAAIABGEHk1+ulveYgAAAGkAAAALAAAAAAAA
      AAAAAAC2gU8JAABHbG9iYWwuYXNheFBLAQIUABQAAAAIABGEHk0t0dgZygIAAB8HAAAOAAAAAAAA
      AAAAAAC2gdoJAABHbG9iYWwuYXNheC5jc1BLAQIUABQAAAAIABGEHk1UGcZeWAsAABNAAAApAAAA
      AAAAAAAAAAC2gdAMAABNaWNyb3NvZnQuQm90LlNhbXBsZS5TaW1wbGVFY2hvQm90LmNzcHJvalBL
      AQIUABQAAAAIABGEHk0sVoeafgEAAAcEAAAmAAAAAAAAAAAAAAC2gW8YAABNaWNyb3NvZnQuQm90
      LlNhbXBsZS5TaW1wbGVFY2hvQm90LnNsblBLAQIUABQAAAAIABGEHk35A3JjEgIAAGcKAAAPAAAA
      AAAAAAAAAAC2gTEaAABwYWNrYWdlcy5jb25maWdQSwECFAAUAAAACAARhB5NnX/l0rgAAADVAAAA
      CwAAAAAAAAAAAAAA/4FwHAAAcHVibGlzaC5jbWRQSwECFAAUAAAACAARhB5NL+AcRu4BAAB/AwAA
      CQAAAAAAAAAAAAAAtoFRHQAAcmVhZG1lLm1kUEsBAhQAFAAAAAgAEYQeTUrVu+7fBQAAlRkAAAoA
      AAAAAAAAAAAAALaBZh8AAFdlYi5jb25maWdQSwECFAAUAAAACAARhB5NqGUn6WcCAAATBQAAEAAA
      AAAAAAAAAAAAtoFtJQAAV2ViLkRlYnVnLmNvbmZpZ1BLAQIUABQAAAAIABKEHk1jph2zfQIAAFAF
      AAASAAAAAAAAAAAAAAC2gQIoAABXZWIuUmVsZWFzZS5jb25maWdQSwECFAAUAAAACAARhB5NDgiu
      G9UBAABTBQAAGQAAAAAAAAAAAAAAtoGvKgAAQXBwX1N0YXJ0L1dlYkFwaUNvbmZpZy5jc1BLAQIU
      ABQAAAAIABGEHk2cfoCj9AIAAMYIAAAhAAAAAAAAAAAAAAC2gbssAABDb250cm9sbGVycy9NZXNz
      YWdlc0NvbnRyb2xsZXIuY3NQSwECFAAUAAAACAARhB5Njr/4TwgCAABZBgAAFQAAAAAAAAAAAAAA
      toHuLwAARGlhbG9ncy9FY2hvRGlhbG9nLmNzUEsBAhQAFAAAAAgAEYQeTXVzsyhSAQAAagIAADUA
      AAAAAAAAAAAAALaBKTIAAFBvc3REZXBsb3lTY3JpcHRzL2NsaTduY3N2eXZ0Y2IyeDR1NTkuUHVi
      bGlzaFNldHRpbmdzUEsBAhQAFAAAAAgAEoQeTc3pgcEjBQAAOg4AACUAAAAAAAAAAAAAALaBzjMA
      AFBvc3REZXBsb3lTY3JpcHRzL2RlcGxveS5jbWQudGVtcGxhdGVQSwECFAAUAAAACAARhB5N4M95
      uJEAAADcAAAALQAAAAAAAAAAAAAAtoE0OQAAUG9zdERlcGxveVNjcmlwdHMvZ2l0aHViUHJvamVj
      dC5qc29uLnRlbXBsYXRlUEsBAhQAFAAAAAgAEYQeTfblhxLcAAAApgEAACgAAAAAAAAAAAAAALaB
      EDoAAFBvc3REZXBsb3lTY3JpcHRzL0luY2x1ZGVTb3VyY2VzLnRhcmdldHNQSwECFAAUAAAACAAR
      hB5NZEBNtbACAAAhBwAAIAAAAAAAAAAAAAAA/4EyOwAAUG9zdERlcGxveVNjcmlwdHMvcHJlcGFy
      ZVNyYy5jbWRQSwECFAAUAAAACAARhB5N72tPdXMAAAB7AAAAJgAAAAAAAAAAAAAAtoEgPgAAUG9z
      dERlcGxveVNjcmlwdHMvcHVibGlzaC5jbWQudGVtcGxhdGVQSwECFAAUAAAACAARhB5NNiuxcHUC
      AABEBQAALQAAAAAAAAAAAAAAtoHXPgAAUG9zdERlcGxveVNjcmlwdHMvcHVibGlzaFByb2ZpbGUu
      eG1sLnRlbXBsYXRlUEsBAhQAFAAAAAgAEYQeTcoi4NElAQAAMgIAAC4AAAAAAAAAAAAAALaBl0EA
      AFBvc3REZXBsb3lTY3JpcHRzL3B1Ymxpc2hTZXR0aW5ncy54bWwudGVtcGxhdGVQSwECFAAUAAAA
      CAARhB5NovUrKdQAAAB7AQAAHQAAAAAAAAAAAAAA/4EIQwAAUG9zdERlcGxveVNjcmlwdHMvcnVu
      R3VscC5jbWRQSwECFAAUAAAACAARhB5NoegHQ4oCAABDBgAAKwAAAAAAAAAAAAAA/4EXRAAAUG9z
      dERlcGxveVNjcmlwdHMvc2V0dXBHaXRodWJSZW1vdGVSZXBvLmNtZFBLAQIUABQAAAAIABGEHk3n
      yEkFCAMAADIHAAAoAAAAAAAAAAAAAAD/gepGAABQb3N0RGVwbG95U2NyaXB0cy9zZXR1cFZzb1Jl
      bW90ZVJlcG8uY21kUEsBAhQAFAAAAAgAEYQeTQAF6ua/AAAAHAEAACoAAAAAAAAAAAAAALaBOEoA
      AFBvc3REZXBsb3lTY3JpcHRzL3Zzb1Byb2plY3QuanNvbi50ZW1wbGF0ZVBLAQIUABQAAAAAABGE
      Hk0AAAAAAAAAAAAAAAAbAAAAAAAAAAAAEAD/QT9LAABQcm9wZXJ0aWVzL1B1Ymxpc2hQcm9maWxl
      cy9QSwECFAAUAAAACAARhB5NElkKYWsCAAByBQAAGgAAAAAAAAAAAAAAtoF4SwAAUHJvcGVydGll
      cy9Bc3NlbWJseUluZm8uY3NQSwECFAAUAAAACAARhB5Nnj93nXACAAA8BQAAQAAAAAAAAAAAAAAA
      toEbTgAAUHJvcGVydGllcy9QdWJsaXNoUHJvZmlsZXMvY2xpN25jc3Z5dnRjYjJ4NHU1OS1XZWIt
      RGVwbG95LnB1YnhtbFBLBQYAAAAAJgAmAKcKAADpUAAAAAA=
    headers:
      Accept: ['*/*']
      Accept-Encoding: ['gzip, deflate']
      Connection: [keep-alive]
      Content-Length: ['23462']
      User-Agent: [python-requests/2.19.1]
      content-type: [application/octet-stream]
    method: POST
    uri: https://cli0000024u59.scm.azurewebsites.net/api/zipdeploy
  response:
    body: {string: ''}
    headers:
      cache-control: [no-cache]
      content-length: ['0']
      date: ['Thu, 30 Aug 2018 23:33:44 GMT']
      expires: ['-1']
      pragma: [no-cache]
      server: [Microsoft-IIS/10.0]
      set-cookie: [ARRAffinity=72fc5dc6c6711158646f3cbc077608b3e352d48ea93e25ea3afbfe5efb9e8e00;Path=/;HttpOnly;Domain=cli7ncsvyvtcb2x4u59.scm.azurewebsites.net]
      x-aspnet-version: [4.0.30319]
      x-powered-by: [ASP.NET]
    status: {code: 200, message: OK}
- request:
    body: null
    headers:
      Accept: ['*/*']
      Accept-Encoding: ['gzip, deflate']
      Connection: [keep-alive]
      User-Agent: [python-requests/2.19.1]
      content-type: [application/octet-stream]
    method: GET
    uri: https://cli0000024u59.scm.azurewebsites.net/api/deployments/mock-deployment
  response:
    body: {string: '{"id":"47207767311b4461b5885c772a72e0a3","status":4,"status_text":"","author_email":"N/A","author":"N/A","deployer":"Push-Deployer","message":"Created
        via a push deployment","progress":"","received_time":"2018-08-30T23:32:40.606156Z","start_time":"2018-08-30T23:32:40.6842916Z","end_time":"2018-08-30T23:33:44.0269183Z","last_success_end_time":"2018-08-30T23:33:44.0269183Z","complete":true,"active":true,"is_temp":false,"is_readonly":true,"url":"https://cli0000024u59.scm.azurewebsites.net/api/deployments/latest","log_url":"https://cli0000024u59.scm.azurewebsites.net/api/deployments/latest/log","site_name":"cli0000024u59"}'}
    headers:
      cache-control: [no-cache]
      content-length: ['644']
      content-type: [application/json; charset=utf-8]
      date: ['Thu, 30 Aug 2018 23:33:45 GMT']
      expires: ['-1']
      pragma: [no-cache]
      server: [Microsoft-IIS/10.0]
      set-cookie: [ARRAffinity=72fc5dc6c6711158646f3cbc077608b3e352d48ea93e25ea3afbfe5efb9e8e00;Path=/;HttpOnly;Domain=cli7ncsvyvtcb2x4u59.scm.azurewebsites.net]
      vary: [Accept-Encoding]
      x-aspnet-version: [4.0.30319]
      x-powered-by: [ASP.NET]
    status: {code: 200, message: OK}
- request:
    body: null
    headers:
      Accept: [application/json]
      Accept-Encoding: ['gzip, deflate']
      CommandName: [group delete]
      Connection: [keep-alive]
      Content-Length: ['0']
      Content-Type: [application/json; charset=utf-8]
      User-Agent: [python/3.6.1 (Windows-10-10.0.17134-SP0) requests/2.19.1 msrest/0.5.4
          msrest_azure/0.4.34 resourcemanagementclient/2.0.0 Azure-SDK-For-Python
          AZURECLI/2.0.46]
      accept-language: [en-US]
    method: DELETE
    uri: https://management.azure.com/subscriptions/00000000-0000-0000-0000-000000000000/resourcegroups/clitest.rg000001?api-version=2019-07-01
  response:
    body: {string: ''}
    headers:
      cache-control: [no-cache]
      content-length: ['0']
      date: ['Thu, 30 Aug 2018 23:33:45 GMT']
      expires: ['-1']
      location: ['https://management.azure.com/subscriptions/00000000-0000-0000-0000-000000000000/operationresults/eyJqb2JJZCI6IlJFU09VUkNFR1JPVVBERUxFVElPTkpPQi1DTElURVNUOjJFUkdZWEJMWE5MWUxILVdFU1RVUyIsImpvYkxvY2F0aW9uIjoid2VzdHVzIn0?api-version=2019-07-01']
      pragma: [no-cache]
      strict-transport-security: [max-age=31536000; includeSubDomains]
      x-content-type-options: [nosniff]
      x-ms-ratelimit-remaining-subscription-deletes: ['14999']
    status: {code: 202, message: Accepted}
version: 1
