interactions:
- request:
    body: '{"name": "cli000002", "type": "azurebot"}'
    headers:
      Accept:
      - application/json
      Accept-Encoding:
      - gzip, deflate
      CommandName:
      - bot create
      Connection:
      - keep-alive
      Content-Length:
      - '41'
      Content-Type:
      - application/json
      ParameterSetName:
      - -g -n -e --app-type --appid -l
      User-Agent:
      - AZURECLI/2.37.0 azsdk-python-mgmt-botservice/2.0.0b3 Python/3.8.10 (Windows-10-10.0.22000-SP0)
    method: POST
    uri: https://management.azure.com/providers/Microsoft.BotService/checkNameAvailability?api-version=2021-05-01-preview
  response:
    body:
      string: '{"valid":true,"message":"","absCode":null}'
    headers:
      cache-control:
      - no-cache
      content-length:
      - '42'
      content-type:
      - application/json; charset=utf-8
      date:
      - Fri, 24 Jun 2022 09:09:42 GMT
      expires:
      - '-1'
      pragma:
      - no-cache
      strict-transport-security:
      - max-age=31536000; includeSubDomains
      transfer-encoding:
      - chunked
      vary:
      - Accept-Encoding,Accept-Encoding
      x-content-type-options:
      - nosniff
      x-ms-ratelimit-remaining-tenant-writes:
      - '1197'
    status:
      code: 200
      message: OK
- request:
    body: '{"location": "global", "sku": {"name": "F0"}, "kind": "azurebot", "properties":
      {"displayName": "cli000002", "endpoint": "https://www.google.com/api/messages",
      "msaAppType": "MultiTenant", "msaAppId": "72f32824-0095-46ec-8184-28e45a6ccf7d",
      "isCmekEnabled": false, "publicNetworkAccess": "Enabled", "isStreamingSupported":
      false}}'
    headers:
      Accept:
      - application/json
      Accept-Encoding:
      - gzip, deflate
      CommandName:
      - bot create
      Connection:
      - keep-alive
      Content-Length:
      - '330'
      Content-Type:
      - application/json
      ParameterSetName:
      - -g -n -e --app-type --appid -l
      User-Agent:
      - AZURECLI/2.37.0 azsdk-python-mgmt-botservice/2.0.0b3 Python/3.8.10 (Windows-10-10.0.22000-SP0)
    method: PUT
    uri: https://management.azure.com/subscriptions/00000000-0000-0000-0000-000000000000/resourceGroups/clitest.rg000001/providers/Microsoft.BotService/botServices/cli000002?api-version=2021-05-01-preview
  response:
    body:
      string: '{"id":"/subscriptions/00000000-0000-0000-0000-000000000000/resourceGroups/clitest.rg000001/providers/Microsoft.BotService/botServices/cli000002","name":"cli000002","type":"Microsoft.BotService/botServices","etag":"\"ab009823-0000-1800-0000-62b57f5a0000\"","location":"global","sku":{"name":"F0"},"kind":"azurebot","tags":{},"properties":{"displayName":"cli000002","description":null,"iconUrl":"https://docs.botframework.com/static/devportal/client/images/bot-framework-default.png","endpoint":"https://www.google.com/api/messages","msaAppId":"72f32824-0095-46ec-8184-28e45a6ccf7d","msaAppTenantId":null,"msaAppType":"MultiTenant","msaAppMSIResourceId":null,"developerAppInsightKey":null,"developerAppInsightsApplicationId":null,"luisAppIds":[],"endpointVersion":"3.0","configuredChannels":["webchat"],"enabledChannels":["webchat","directline"],"isDeveloperAppInsightsApiKeySet":false,"isStreamingSupported":false,"schemaTransformationVersion":"1.3","publishingCredentials":null,"parameters":null,"allSettings":null,"manifestUrl":null,"storageResourceId":null,"tenantId":"72f988bf-86f1-41af-91ab-2d7cd011db47","migrationToken":null,"isCmekEnabled":false,"cmekKeyVaultUrl":null,"openWithHint":null,"appPasswordHint":null,"publicNetworkAccess":"Enabled","disableLocalAuth":false,"cmekEncryptionStatus":"Off","provisioningState":"Succeeded"},"zones":[]}'
    headers:
      cache-control:
      - no-cache
      content-length:
      - '1349'
      content-type:
      - application/json; charset=utf-8
      date:
      - Fri, 24 Jun 2022 09:09:47 GMT
      etag:
      - '"ab009823-0000-1800-0000-62b57f5a0000"'
      expires:
      - '-1'
      pragma:
      - no-cache
      strict-transport-security:
      - max-age=31536000; includeSubDomains
      x-content-type-options:
      - nosniff
      x-ms-ratelimit-remaining-subscription-writes:
      - '1193'
    status:
      code: 201
      message: Created
- request:
    body: '{"location": "global", "properties": {"channelName": "DirectLineChannel",
      "location": "global", "properties": {"sites": [{"siteName": "Default Site",
      "isEnabled": true, "isV1Enabled": true, "isV3Enabled": true, "isSecureSiteEnabled":
      false, "trustedOrigins": []}]}}}'
    headers:
      Accept:
      - application/json
      Accept-Encoding:
      - gzip, deflate
      CommandName:
      - bot directline create
      Connection:
      - keep-alive
      Content-Length:
      - '266'
      Content-Type:
      - application/json
      ParameterSetName:
      - -g -n
      User-Agent:
      - AZURECLI/2.37.0 azsdk-python-mgmt-botservice/2.0.0b3 Python/3.8.10 (Windows-10-10.0.22000-SP0)
    method: PUT
    uri: https://management.azure.com/subscriptions/00000000-0000-0000-0000-000000000000/resourceGroups/clitest.rg000001/providers/Microsoft.BotService/botServices/cli000002/channels/DirectLineChannel?api-version=2021-05-01-preview
  response:
    body:
      string: '{"id":"/subscriptions/00000000-0000-0000-0000-000000000000/resourceGroups/clitest.rg000001/providers/Microsoft.BotService/botServices/cli000002/channels/DirectLineChannel","name":"cli000002/DirectLineChannel","type":"Microsoft.BotService/botServices/channels","etag":"W/\"45224fe178af48759a0824723454186c6/24/2022
        9:09:49 AM\"","location":"global","properties":{"properties":{"DirectLineEmbedCode":null,"sites":[{"siteId":"MzCP7NeTDJg","siteName":"Default
        Site","key":"MzCP7NeTDJg.Y06Odkyx5Z0dREnT-0xyqqULaIQsABqxTWesCoERGD0","key2":"MzCP7NeTDJg.mdi4kRhpxX-oOMCjUzY8Jp5q5Bb91kGzUudvCh-07RI","isEnabled":true,"isV1Enabled":true,"isV3Enabled":true,"isDetailedLoggingEnabled":null,"isNoStorageEnabled":null,"isEndpointParametersEnabled":null,"isSecureSiteEnabled":false,"isBlockUserUploadEnabled":false,"trustedOrigins":null,"appId":null,"tenantId":null,"isTokenEnabled":false}],"extensionKey1":"W0zIknQ2xSE.RT6VQrweDtJuJDU7uQRp6Un34bD59q04K9_htXU9rDo","extensionKey2":"W0zIknQ2xSE.FhAz7kyEAwh7WNjXYAez6F2HZXRQt-yBZUxAocGg9AM"},"etag":"W/\"45224fe178af48759a0824723454186c6/24/2022
        9:09:49 AM\"","channelName":"DirectLineChannel","location":"global","provisioningState":"Succeeded"},"zones":[]}'
    headers:
      cache-control:
      - no-cache
      content-length:
      - '1191'
      content-type:
      - application/json; charset=utf-8
      date:
      - Fri, 24 Jun 2022 09:09:49 GMT
      etag:
      - W/"45224fe178af48759a0824723454186c6/24/2022 9:09:49 AM"
      expires:
      - '-1'
      pragma:
      - no-cache
      strict-transport-security:
      - max-age=31536000; includeSubDomains
      transfer-encoding:
      - chunked
      vary:
      - Accept-Encoding,Accept-Encoding
      x-content-type-options:
      - nosniff
      x-ms-ratelimit-remaining-subscription-writes:
      - '1191'
    status:
      code: 200
      message: OK
- request:
    body: null
    headers:
      Accept:
      - application/json
      Accept-Encoding:
      - gzip, deflate
      CommandName:
      - bot directline update
      Connection:
      - keep-alive
      ParameterSetName:
      - -g -n --enable-enhanced-auth --trusted-origins --debug
      User-Agent:
      - AZURECLI/2.37.0 azsdk-python-mgmt-botservice/2.0.0b3 Python/3.8.10 (Windows-10-10.0.22000-SP0)
    method: GET
    uri: https://management.azure.com/subscriptions/00000000-0000-0000-0000-000000000000/resourceGroups/clitest.rg000001/providers/Microsoft.BotService/botServices/cli000002/channels/DirectLineChannel?api-version=2021-05-01-preview
  response:
    body:
      string: '{"id":"/subscriptions/00000000-0000-0000-0000-000000000000/resourceGroups/clitest.rg000001/providers/Microsoft.BotService/botServices/cli000002/channels/DirectLineChannel","name":"cli000002/DirectLineChannel","type":"Microsoft.BotService/botServices/channels","etag":"W/\"04ab29bc60ddde403d7c60858e84e4de6/24/2022
        9:09:50 AM\"","location":"global","properties":{"properties":{"DirectLineEmbedCode":null,"sites":[{"siteId":"MzCP7NeTDJg","siteName":"Default
        Site","key":null,"key2":null,"isEnabled":true,"isV1Enabled":true,"isV3Enabled":true,"isDetailedLoggingEnabled":null,"isNoStorageEnabled":null,"isEndpointParametersEnabled":null,"isSecureSiteEnabled":false,"isBlockUserUploadEnabled":false,"trustedOrigins":null,"appId":null,"tenantId":null,"isTokenEnabled":false}],"extensionKey1":"W0zIknQ2xSE.RT6VQrweDtJuJDU7uQRp6Un34bD59q04K9_htXU9rDo","extensionKey2":"W0zIknQ2xSE.FhAz7kyEAwh7WNjXYAez6F2HZXRQt-yBZUxAocGg9AM"},"etag":"W/\"04ab29bc60ddde403d7c60858e84e4de6/24/2022
        9:09:50 AM\"","channelName":"DirectLineChannel","location":"global","provisioningState":"Succeeded"},"zones":[]}'
    headers:
      cache-control:
      - no-cache
      content-length:
      - '1085'
      content-type:
      - application/json; charset=utf-8
      date:
      - Fri, 24 Jun 2022 09:09:50 GMT
      etag:
      - W/"04ab29bc60ddde403d7c60858e84e4de6/24/2022 9:09:50 AM"
      expires:
      - '-1'
      pragma:
      - no-cache
      strict-transport-security:
      - max-age=31536000; includeSubDomains
      transfer-encoding:
      - chunked
      vary:
      - Accept-Encoding,Accept-Encoding
      x-content-type-options:
      - nosniff
    status:
      code: 200
      message: OK
- request:
    body: '{"properties": {"channelName": "DirectLineChannel", "location": "global",
      "properties": {"sites": [{"siteName": "Default Site", "isEnabled": true, "isV1Enabled":
      true, "isV3Enabled": true, "isSecureSiteEnabled": true, "trustedOrigins": ["https://mybotsite1.azurewebsites.net"]}]}}}'
    headers:
      Accept:
      - application/json
      Accept-Encoding:
      - gzip, deflate
      CommandName:
      - bot directline update
      Connection:
      - keep-alive
      Content-Length:
      - '281'
      Content-Type:
      - application/json
      ParameterSetName:
      - -g -n --enable-enhanced-auth --trusted-origins --debug
      User-Agent:
      - AZURECLI/2.37.0 azsdk-python-mgmt-botservice/2.0.0b3 Python/3.8.10 (Windows-10-10.0.22000-SP0)
    method: PATCH
    uri: https://management.azure.com/subscriptions/00000000-0000-0000-0000-000000000000/resourceGroups/clitest.rg000001/providers/Microsoft.BotService/botServices/cli000002/channels/DirectLineChannel?api-version=2021-05-01-preview
  response:
    body:
      string: '{"id":"/subscriptions/00000000-0000-0000-0000-000000000000/resourceGroups/clitest.rg000001/providers/Microsoft.BotService/botServices/cli000002/channels/DirectLineChannel","name":"cli000002/DirectLineChannel","type":"Microsoft.BotService/botServices/channels","etag":"W/\"210f17babb9797f55fc0ce188742d7aa6/24/2022
        9:09:51 AM\"","location":"global","properties":{"properties":{"DirectLineEmbedCode":null,"sites":[{"siteId":"MzCP7NeTDJg","siteName":"Default
        Site","key":"MzCP7NeTDJg.Y06Odkyx5Z0dREnT-0xyqqULaIQsABqxTWesCoERGD0","key2":"MzCP7NeTDJg.mdi4kRhpxX-oOMCjUzY8Jp5q5Bb91kGzUudvCh-07RI","isEnabled":true,"isV1Enabled":true,"isV3Enabled":true,"isDetailedLoggingEnabled":null,"isNoStorageEnabled":null,"isEndpointParametersEnabled":null,"isSecureSiteEnabled":true,"isBlockUserUploadEnabled":false,"trustedOrigins":["https://mybotsite1.azurewebsites.net"],"appId":null,"tenantId":null,"isTokenEnabled":false}],"extensionKey1":"W0zIknQ2xSE.RT6VQrweDtJuJDU7uQRp6Un34bD59q04K9_htXU9rDo","extensionKey2":"W0zIknQ2xSE.FhAz7kyEAwh7WNjXYAez6F2HZXRQt-yBZUxAocGg9AM"},"etag":"W/\"210f17babb9797f55fc0ce188742d7aa6/24/2022
        9:09:51 AM\"","channelName":"DirectLineChannel","location":"global","provisioningState":"Succeeded"},"zones":[]}'
    headers:
      cache-control:
      - no-cache
      content-length:
      - '1226'
      content-type:
      - application/json; charset=utf-8
      date:
      - Fri, 24 Jun 2022 09:09:51 GMT
      etag:
      - W/"210f17babb9797f55fc0ce188742d7aa6/24/2022 9:09:51 AM"
      expires:
      - '-1'
      pragma:
      - no-cache
      strict-transport-security:
      - max-age=31536000; includeSubDomains
      transfer-encoding:
      - chunked
      vary:
      - Accept-Encoding,Accept-Encoding
      x-content-type-options:
      - nosniff
      x-ms-ratelimit-remaining-subscription-writes:
      - '1193'
    status:
      code: 200
      message: OK
- request:
    body: null
    headers:
      Accept:
      - application/json
      Accept-Encoding:
      - gzip, deflate
      CommandName:
      - bot delete
      Connection:
      - keep-alive
      Content-Length:
      - '0'
      ParameterSetName:
      - -g -n
      User-Agent:
      - AZURECLI/2.37.0 azsdk-python-mgmt-botservice/2.0.0b3 Python/3.8.10 (Windows-10-10.0.22000-SP0)
    method: DELETE
    uri: https://management.azure.com/subscriptions/00000000-0000-0000-0000-000000000000/resourceGroups/clitest.rg000001/providers/Microsoft.BotService/botServices/cli000002?api-version=2021-05-01-preview
  response:
    body:
      string: ''
    headers:
      cache-control:
      - no-cache
      content-length:
      - '0'
      date:
      - Fri, 24 Jun 2022 09:09:58 GMT
      expires:
      - '-1'
      pragma:
      - no-cache
      strict-transport-security:
      - max-age=31536000; includeSubDomains
      x-content-type-options:
      - nosniff
      x-ms-ratelimit-remaining-subscription-deletes:
      - '14996'
    status:
      code: 200
      message: OK
version: 1
