interactions:
- request:
    body: null
    headers:
      Accept:
      - application/json
      Accept-Encoding:
      - gzip, deflate
      CommandName:
      - bot delete
      Connection:
      - keep-alive
      Content-Length:
      - '0'
      ParameterSetName:
      - -g -n
      User-Agent:
      - python/3.7.0 (Windows-10-10.0.18362-SP0) msrest/0.6.8 msrest_azure/0.6.1 azure-mgmt-botservice/0.2.0
        Azure-SDK-For-Python AZURECLI/2.0.73
      accept-language:
      - en-US
    method: DELETE
    uri: https://management.azure.com/subscriptions/00000000-0000-0000-0000-000000000000/resourceGroups/clitest.rg000001/providers/Microsoft.BotService/botServices/cli000002?api-version=2018-07-12
  response:
    body:
      string: ''
    headers:
      cache-control:
      - no-cache
      date:
      - Fri, 20 Sep 2019 00:04:39 GMT
      expires:
      - '-1'
      pragma:
      - no-cache
      strict-transport-security:
      - max-age=31536000; includeSubDomains
      x-content-type-options:
      - nosniff
      x-ms-ratelimit-remaining-subscription-deletes:
      - '14999'
    status:
      code: 204
      message: No Content
- request:
    body: 'b''{"properties": {"template": {"$schema": "http://schema.management.azure.com/schemas/2015-01-01/deploymentTemplate.json#",
      "contentVersion": "1.0.0.0", "parameters": {"botEnv": {"type": "string", "defaultValue":
      "prod"}, "botId": {"type": "string"}, "description": {"type": "string", "defaultValue":
      ""}, "location": {"type": "string"}, "sku": {"type": "string"}, "kind": {"type":
      "string"}, "siteName": {"type": "string"}, "appId": {"type": "string", "defaultValue":
      "1234"}, "appSecret": {"type": "string", "defaultValue": "blank"}, "zipUrl":
      {"type": "string", "defaultValue": ""}, "serverFarmId": {"type": "string"},
      "createServerFarm": {"type": "bool"}, "serverFarmLocation": {"type": "string",
      "defaultValue": ""}, "serverFarmSku": {"type": "object", "defaultValue": {"name":
      "S1", "tier": "Standard", "size": "S1", "family": "S", "capacity": 1}}, "endpoint":
      {"type": "string", "defaultValue": ""}, "botFileEncryptionKey": {"type": "string",
      "defaultValue": ""}}, "variables": {"serverFarmName": "[last(split(parameters(\''serverFarmId\''),
      \''/\''))]", "botAppKinds": {"sdk": "app", "bot": ""}, "botAppKind": "[variables(\''botAppKinds\'')[parameters(\''kind\'')]]",
      "siteHost": "[concat(parameters(\''siteName\''), \''.azurewebsites.net\'')]",
      "botEndpointConfig": {"bot": "[parameters(\''endpoint\'')]", "sdk": "[concat(\''https://\'',
      variables(\''siteHost\''), \''/api/messages\'')]"}, "botEndpoint": "[variables(\''botEndpointConfig\'')[parameters(\''kind\'')]]"},
      "resources": [{"type": "Microsoft.Web/serverfarms", "condition": "[parameters(\''createServerFarm\'')]",
      "name": "[variables(\''serverFarmName\'')]", "apiVersion": "2016-09-01", "location":
      "[parameters(\''serverFarmLocation\'')]", "sku": "[parameters(\''serverFarmSku\'')]",
      "properties": {"name": "[variables(\''serverFarmName\'')]"}}, {"name": "[parameters(\''siteName\'')]",
      "type": "Microsoft.Web/sites", "apiVersion": "2015-08-01", "location": "[parameters(\''location\'')]",
      "kind": "[variables(\''botAppKind\'')]", "dependsOn": ["[parameters(\''serverFarmId\'')]"],
      "properties": {"name": "[parameters(\''siteName\'')]", "serverFarmId": "[parameters(\''serverFarmId\'')]",
      "siteConfig": {"appSettings": [{"name": "WEBSITE_NODE_DEFAULT_VERSION", "value":
      "10.14.1"}, {"name": "MicrosoftAppId", "value": "[parameters(\''appId\'')]"},
      {"name": "MicrosoftAppPassword", "value": "[parameters(\''appSecret\'')]"}],
      "cors": {"allowedOrigins": ["https://botservice.hosting.portal.azure.net", "https://hosting.onecloud.azure-test.net/"]}}},
      "resources": [{"name": "MSDeploy", "type": "Extensions", "apiVersion": "2015-02-01",
      "condition": "[not(equals(parameters(\''zipUrl\''), \''\''))]", "dependsOn":
      ["[concat(\''Microsoft.Web/Sites/\'', parameters(\''siteName\''))]"], "properties":
      {"packageUri": "[parameters(\''zipUrl\'')]", "dbType": "None", "connectionString":
      "", "setParameters": {"IIS Web Application Name": "[parameters(\''siteName\'')]"}}}]},
      {"apiVersion": "2017-12-01", "type": "Microsoft.BotService/botServices", "name":
      "[parameters(\''botId\'')]", "location": "global", "kind": "[parameters(\''kind\'')]",
      "sku": {"name": "[parameters(\''sku\'')]"}, "properties": {"name": "[parameters(\''botId\'')]",
      "displayName": "[parameters(\''botId\'')]", "endpoint": "[variables(\''botEndpoint\'')]",
      "msaAppId": "[parameters(\''appId\'')]", "publishingCredentials": "[list(concat(resourceId(\''Microsoft.Web/Sites\'',
      parameters(\''siteName\'')), \''/config/publishingcredentials\''), \''2018-02-01\'')]",
      "allSettings": {"WEBSITE_NODE_DEFAULT_VERSION": "10.14.1", "SCM_DO_BUILD_DURING_DEPLOYMENT":
      "true", "BotId": "[parameters(\''botId\'')]", "MicrosoftAppId": "[parameters(\''appId\'')]",
      "MicrosoftAppPassword": "[parameters(\''appSecret\'')]", "botFilePath": "[concat(\''./\'',
      parameters(\''botId\''), \''.bot\'')]", "botFileSecret": "[parameters(\''botFileEncryptionKey\'')]",
      "description": "[parameters(\''description\'')]"}}, "dependsOn": ["[parameters(\''serverFarmId\'')]",
      "[resourceId(\''Microsoft.Web/sites/\'', parameters(\''siteName\''))]", "MSDeploy"]}]},
      "parameters": {"location": {"value": "westus"}, "kind": {"value": "sdk"}, "sku":
      {"value": "F0"}, "siteName": {"value": "cli000002"}, "appId": {"value": "61539b38-09a6-45a7-813d-700c8fe519b4"},
      "appSecret": {"value": "7eecb7a5-9c06-4933-80eb-4657f283b7fe"}, "serverFarmId":
      {"value": "/subscriptions/00000000-0000-0000-0000-000000000000/resourceGroups/clitest.rg000001/providers/Microsoft.Web/serverfarms/cli000002"},
      "zipUrl": {"value": ""}, "botEnv": {"value": "prod"}, "createServerFarm": {"value":
      true}, "serverFarmLocation": {"value": "westus"}, "botId": {"value": "cli000002"}},
      "mode": "Incremental"}}'''
    headers:
      Accept:
      - application/json
      Accept-Encoding:
      - gzip, deflate
      CommandName:
      - bot create
      Connection:
      - keep-alive
      Content-Length:
      - '4480'
      Content-Type:
      - application/json; charset=utf-8
      ParameterSetName:
      - -k -g -n --appid -p --lang
      User-Agent:
      - python/3.7.0 (Windows-10-10.0.18362-SP0) msrest/0.6.8 msrest_azure/0.6.1 azure-mgmt-resource/3.1.0
        Azure-SDK-For-Python AZURECLI/2.0.73
      accept-language:
      - en-US
    method: PUT
    uri: https://management.azure.com/subscriptions/00000000-0000-0000-0000-000000000000/resourcegroups/clitest.rg000001/providers/Microsoft.Resources/deployments/mock-deployment?api-version=2019-05-10
  response:
    body:
      string: '{"id":"/subscriptions/00000000-0000-0000-0000-000000000000/resourceGroups/clitest.rg000001/providers/Microsoft.Resources/deployments/cli000002","name":"cli000002","type":"Microsoft.Resources/deployments","properties":{"templateHash":"12265489627004014712","parameters":{"botEnv":{"type":"String","value":"prod"},"botId":{"type":"String","value":"cli000002"},"description":{"type":"String","value":""},"location":{"type":"String","value":"westus"},"sku":{"type":"String","value":"F0"},"kind":{"type":"String","value":"sdk"},"siteName":{"type":"String","value":"cli000002"},"appId":{"type":"String","value":"61539b38-09a6-45a7-813d-700c8fe519b4"},"appSecret":{"type":"String","value":"7eecb7a5-9c06-4933-80eb-4657f283b7fe"},"zipUrl":{"type":"String","value":""},"serverFarmId":{"type":"String","value":"/subscriptions/00000000-0000-0000-0000-000000000000/resourceGroups/clitest.rg000001/providers/Microsoft.Web/serverfarms/cli000002"},"createServerFarm":{"type":"Bool","value":true},"serverFarmLocation":{"type":"String","value":"westus"},"serverFarmSku":{"type":"Object","value":{"name":"S1","tier":"Standard","size":"S1","family":"S","capacity":1}},"endpoint":{"type":"String","value":""},"botFileEncryptionKey":{"type":"String","value":""}},"mode":"Incremental","provisioningState":"Accepted","timestamp":"2019-09-20T00:04:41.0446309Z","duration":"PT0.1662663S","correlationId":"628d7968-9bf0-42cc-bda0-1bc2bd44f8e8","providers":[{"namespace":"Microsoft.Web","resourceTypes":[{"resourceType":"serverfarms","locations":["westus"]},{"resourceType":"sites","locations":["westus"]}]},{"namespace":"Microsoft.BotService","resourceTypes":[{"resourceType":"botServices","locations":["global"]}]}],"dependencies":[{"dependsOn":[{"id":"/subscriptions/00000000-0000-0000-0000-000000000000/resourceGroups/clitest.rg000001/providers/Microsoft.Web/serverfarms/cli000002","resourceType":"Microsoft.Web/serverfarms","resourceName":"cli000002"}],"id":"/subscriptions/00000000-0000-0000-0000-000000000000/resourceGroups/clitest.rg000001/providers/Microsoft.Web/sites/cli000002","resourceType":"Microsoft.Web/sites","resourceName":"cli000002"},{"dependsOn":[{"id":"/subscriptions/00000000-0000-0000-0000-000000000000/resourceGroups/clitest.rg000001/providers/Microsoft.Web/sites/cli000002","resourceType":"Microsoft.Web/sites","resourceName":"cli000002"}],"id":"/subscriptions/00000000-0000-0000-0000-000000000000/resourceGroups/clitest.rg000001/providers/Microsoft.Web/sites/cli000002/Extensions/MSDeploy","resourceType":"Microsoft.Web/sites/Extensions","resourceName":"cli000002/MSDeploy"},{"dependsOn":[{"id":"/subscriptions/00000000-0000-0000-0000-000000000000/resourceGroups/clitest.rg000001/providers/Microsoft.Web/serverfarms/cli000002","resourceType":"Microsoft.Web/serverfarms","resourceName":"cli000002"},{"id":"/subscriptions/00000000-0000-0000-0000-000000000000/resourceGroups/clitest.rg000001/providers/Microsoft.Web/sites/cli000002","resourceType":"Microsoft.Web/sites","resourceName":"cli000002"},{"id":"/subscriptions/00000000-0000-0000-0000-000000000000/resourceGroups/clitest.rg000001/providers/Microsoft.Web/sites/cli000002/Extensions/MSDeploy","resourceType":"Microsoft.Web/sites/Extensions","resourceName":"cli000002/MSDeploy"},{"id":"/subscriptions/00000000-0000-0000-0000-000000000000/resourceGroups/clitest.rg000001/providers/Microsoft.Web/Sites/cli000002/config/publishingcredentials","resourceType":"Microsoft.Web/Sites/config","resourceName":"cli000002/publishingcredentials","actionName":"list","apiVersion":"2018-02-01"}],"id":"/subscriptions/00000000-0000-0000-0000-000000000000/resourceGroups/clitest.rg000001/providers/Microsoft.BotService/botServices/cli000002","resourceType":"Microsoft.BotService/botServices","resourceName":"cli000002"}]}}'
    headers:
      azure-asyncoperation:
      - https://management.azure.com/subscriptions/00000000-0000-0000-0000-000000000000/resourcegroups/clitest.rg000001/providers/Microsoft.Resources/deployments/cli000002/operationStatuses/08586326690045992770?api-version=2019-05-10
      cache-control:
      - no-cache
      content-length:
      - '3940'
      content-type:
      - application/json; charset=utf-8
      date:
      - Fri, 20 Sep 2019 00:04:40 GMT
      expires:
      - '-1'
      pragma:
      - no-cache
      strict-transport-security:
      - max-age=31536000; includeSubDomains
      x-content-type-options:
      - nosniff
      x-ms-ratelimit-remaining-subscription-writes:
      - '1199'
    status:
      code: 201
      message: Created
- request:
    body: null
    headers:
      Accept:
      - application/json
      Accept-Encoding:
      - gzip, deflate
      CommandName:
      - bot create
      Connection:
      - keep-alive
      ParameterSetName:
      - -k -g -n --appid -p --lang
      User-Agent:
      - python/3.7.0 (Windows-10-10.0.18362-SP0) msrest/0.6.8 msrest_azure/0.6.1 azure-mgmt-resource/3.1.0
        Azure-SDK-For-Python AZURECLI/2.0.73
    method: GET
    uri: https://management.azure.com/subscriptions/00000000-0000-0000-0000-000000000000/resourcegroups/clitest.rg000001/providers/Microsoft.Resources/deployments/mock-deployment/operationStatuses/08586326690045992770?api-version=2019-05-10
  response:
    body:
      string: '{"status":"Running"}'
    headers:
      cache-control:
      - no-cache
      content-length:
      - '20'
      content-type:
      - application/json; charset=utf-8
      date:
      - Fri, 20 Sep 2019 00:06:32 GMT
      expires:
      - '-1'
      pragma:
      - no-cache
      strict-transport-security:
      - max-age=31536000; includeSubDomains
      x-content-type-options:
      - nosniff
    status:
      code: 200
      message: OK
- request:
    body: null
    headers:
      Accept:
      - application/json
      Accept-Encoding:
      - gzip, deflate
      CommandName:
      - bot create
      Connection:
      - keep-alive
      ParameterSetName:
      - -k -g -n --appid -p --lang
      User-Agent:
      - python/3.7.0 (Windows-10-10.0.18362-SP0) msrest/0.6.8 msrest_azure/0.6.1 azure-mgmt-resource/3.1.0
        Azure-SDK-For-Python AZURECLI/2.0.73
    method: GET
    uri: https://management.azure.com/subscriptions/00000000-0000-0000-0000-000000000000/resourcegroups/clitest.rg000001/providers/Microsoft.Resources/deployments/mock-deployment/operationStatuses/08586326690045992770?api-version=2019-05-10
  response:
    body:
      string: '{"status":"Running"}'
    headers:
      cache-control:
      - no-cache
      content-length:
      - '20'
      content-type:
      - application/json; charset=utf-8
      date:
      - Fri, 20 Sep 2019 00:07:03 GMT
      expires:
      - '-1'
      pragma:
      - no-cache
      strict-transport-security:
      - max-age=31536000; includeSubDomains
      vary:
      - Accept-Encoding
      x-content-type-options:
      - nosniff
    status:
      code: 200
      message: OK
- request:
    body: null
    headers:
      Accept:
      - application/json
      Accept-Encoding:
      - gzip, deflate
      CommandName:
      - bot create
      Connection:
      - keep-alive
      ParameterSetName:
      - -k -g -n --appid -p --lang
      User-Agent:
      - python/3.7.0 (Windows-10-10.0.18362-SP0) msrest/0.6.8 msrest_azure/0.6.1 azure-mgmt-resource/3.1.0
        Azure-SDK-For-Python AZURECLI/2.0.73
    method: GET
    uri: https://management.azure.com/subscriptions/00000000-0000-0000-0000-000000000000/resourcegroups/clitest.rg000001/providers/Microsoft.Resources/deployments/mock-deployment/operationStatuses/08586326690045992770?api-version=2019-05-10
  response:
    body:
      string: '{"status":"Succeeded"}'
    headers:
      cache-control:
      - no-cache
      content-length:
      - '22'
      content-type:
      - application/json; charset=utf-8
      date:
      - Fri, 20 Sep 2019 00:07:33 GMT
      expires:
      - '-1'
      pragma:
      - no-cache
      strict-transport-security:
      - max-age=31536000; includeSubDomains
      vary:
      - Accept-Encoding
      x-content-type-options:
      - nosniff
    status:
      code: 200
      message: OK
- request:
    body: null
    headers:
      Accept:
      - application/json
      Accept-Encoding:
      - gzip, deflate
      CommandName:
      - bot create
      Connection:
      - keep-alive
      ParameterSetName:
      - -k -g -n --appid -p --lang
      User-Agent:
      - python/3.7.0 (Windows-10-10.0.18362-SP0) msrest/0.6.8 msrest_azure/0.6.1 azure-mgmt-resource/3.1.0
        Azure-SDK-For-Python AZURECLI/2.0.73
    method: GET
    uri: https://management.azure.com/subscriptions/00000000-0000-0000-0000-000000000000/resourcegroups/clitest.rg000001/providers/Microsoft.Resources/deployments/mock-deployment?api-version=2019-05-10
  response:
    body:
      string: '{"id":"/subscriptions/00000000-0000-0000-0000-000000000000/resourceGroups/clitest.rg000001/providers/Microsoft.Resources/deployments/cli000002","name":"cli000002","type":"Microsoft.Resources/deployments","properties":{"templateHash":"12265489627004014712","parameters":{"botEnv":{"type":"String","value":"prod"},"botId":{"type":"String","value":"cli000002"},"description":{"type":"String","value":""},"location":{"type":"String","value":"westus"},"sku":{"type":"String","value":"F0"},"kind":{"type":"String","value":"sdk"},"siteName":{"type":"String","value":"cli000002"},"appId":{"type":"String","value":"61539b38-09a6-45a7-813d-700c8fe519b4"},"appSecret":{"type":"String","value":"7eecb7a5-9c06-4933-80eb-4657f283b7fe"},"zipUrl":{"type":"String","value":""},"serverFarmId":{"type":"String","value":"/subscriptions/00000000-0000-0000-0000-000000000000/resourceGroups/clitest.rg000001/providers/Microsoft.Web/serverfarms/cli000002"},"createServerFarm":{"type":"Bool","value":true},"serverFarmLocation":{"type":"String","value":"westus"},"serverFarmSku":{"type":"Object","value":{"name":"S1","tier":"Standard","size":"S1","family":"S","capacity":1}},"endpoint":{"type":"String","value":""},"botFileEncryptionKey":{"type":"String","value":""}},"mode":"Incremental","provisioningState":"Succeeded","timestamp":"2019-09-20T00:07:07.7765997Z","duration":"PT2M26.8982351S","correlationId":"628d7968-9bf0-42cc-bda0-1bc2bd44f8e8","providers":[{"namespace":"Microsoft.Web","resourceTypes":[{"resourceType":"serverfarms","locations":["westus"]},{"resourceType":"sites","locations":["westus"]}]},{"namespace":"Microsoft.BotService","resourceTypes":[{"resourceType":"botServices","locations":["global"]}]}],"dependencies":[{"dependsOn":[{"id":"/subscriptions/00000000-0000-0000-0000-000000000000/resourceGroups/clitest.rg000001/providers/Microsoft.Web/serverfarms/cli000002","resourceType":"Microsoft.Web/serverfarms","resourceName":"cli000002"}],"id":"/subscriptions/00000000-0000-0000-0000-000000000000/resourceGroups/clitest.rg000001/providers/Microsoft.Web/sites/cli000002","resourceType":"Microsoft.Web/sites","resourceName":"cli000002"},{"dependsOn":[{"id":"/subscriptions/00000000-0000-0000-0000-000000000000/resourceGroups/clitest.rg000001/providers/Microsoft.Web/sites/cli000002","resourceType":"Microsoft.Web/sites","resourceName":"cli000002"}],"id":"/subscriptions/00000000-0000-0000-0000-000000000000/resourceGroups/clitest.rg000001/providers/Microsoft.Web/sites/cli000002/Extensions/MSDeploy","resourceType":"Microsoft.Web/sites/Extensions","resourceName":"cli000002/MSDeploy"},{"dependsOn":[{"id":"/subscriptions/00000000-0000-0000-0000-000000000000/resourceGroups/clitest.rg000001/providers/Microsoft.Web/serverfarms/cli000002","resourceType":"Microsoft.Web/serverfarms","resourceName":"cli000002"},{"id":"/subscriptions/00000000-0000-0000-0000-000000000000/resourceGroups/clitest.rg000001/providers/Microsoft.Web/sites/cli000002","resourceType":"Microsoft.Web/sites","resourceName":"cli000002"},{"id":"/subscriptions/00000000-0000-0000-0000-000000000000/resourceGroups/clitest.rg000001/providers/Microsoft.Web/sites/cli000002/Extensions/MSDeploy","resourceType":"Microsoft.Web/sites/Extensions","resourceName":"cli000002/MSDeploy"},{"id":"/subscriptions/00000000-0000-0000-0000-000000000000/resourceGroups/clitest.rg000001/providers/Microsoft.Web/Sites/cli000002/config/publishingcredentials","resourceType":"Microsoft.Web/Sites/config","resourceName":"cli000002/publishingcredentials","actionName":"list","apiVersion":"2018-02-01"}],"id":"/subscriptions/00000000-0000-0000-0000-000000000000/resourceGroups/clitest.rg000001/providers/Microsoft.BotService/botServices/cli000002","resourceType":"Microsoft.BotService/botServices","resourceName":"cli000002"}],"outputResources":[{"id":"/subscriptions/00000000-0000-0000-0000-000000000000/resourceGroups/clitest.rg000001/providers/Microsoft.BotService/botServices/cli000002"},{"id":"/subscriptions/00000000-0000-0000-0000-000000000000/resourceGroups/clitest.rg000001/providers/Microsoft.Web/serverfarms/cli000002"},{"id":"/subscriptions/00000000-0000-0000-0000-000000000000/resourceGroups/clitest.rg000001/providers/Microsoft.Web/sites/cli000002"}]}}'
    headers:
      cache-control:
      - no-cache
      content-length:
      - '4412'
      content-type:
      - application/json; charset=utf-8
      date:
      - Fri, 20 Sep 2019 00:07:33 GMT
      expires:
      - '-1'
      pragma:
      - no-cache
      strict-transport-security:
      - max-age=31536000; includeSubDomains
      vary:
      - Accept-Encoding
      x-content-type-options:
      - nosniff
    status:
      code: 200
      message: OK
- request:
    body: null
    headers:
      Accept:
      - application/json
      Accept-Encoding:
      - gzip, deflate
      CommandName:
      - bot create
      Connection:
      - keep-alive
      ParameterSetName:
      - -k -g -n --appid -p --lang
      User-Agent:
      - python/3.7.0 (Windows-10-10.0.18362-SP0) msrest/0.6.8 msrest_azure/0.6.1 azure-mgmt-botservice/0.2.0
        Azure-SDK-For-Python AZURECLI/2.0.73
      accept-language:
      - en-US
    method: GET
    uri: https://management.azure.com/subscriptions/00000000-0000-0000-0000-000000000000/resourceGroups/clitest.rg000001/providers/Microsoft.BotService/botServices/cli000002?api-version=2018-07-12
  response:
    body:
      string: '{"id":"/subscriptions/00000000-0000-0000-0000-000000000000/resourceGroups/clitest.rg000001/providers/Microsoft.BotService/botServices/cli000002","name":"cli000002","type":"Microsoft.BotService/botServices","etag":"\"2000116d-0000-0100-0000-5d84182b0000\"","location":"global","sku":{"name":"F0"},"kind":"sdk","tags":{},"properties":{"displayName":"cli000002","description":null,"iconUrl":"https://docs.botframework.com/static/devportal/client/images/bot-framework-default.png","endpoint":"https://cli000002.azurewebsites.net/api/messages","msaAppId":"61539b38-09a6-45a7-813d-700c8fe519b4","developerAppInsightKey":null,"developerAppInsightsApplicationId":null,"luisAppIds":[],"endpointVersion":"3.0","configuredChannels":["webchat"],"enabledChannels":["webchat","directline"],"isDeveloperAppInsightsApiKeySet":false,"isStreamingSupported":false,"publishingCredentials":null,"parameters":null,"allSettings":null,"manifestUrl":null,"storageResourceId":null,"provisioningState":"Succeeded"}}'
    headers:
      cache-control:
      - no-cache
      content-length:
      - '1016'
      content-type:
      - application/json; charset=utf-8
      date:
      - Fri, 20 Sep 2019 00:07:33 GMT
      etag:
      - '"2000116d-0000-0100-0000-5d84182b0000"'
      expires:
      - '-1'
      pragma:
      - no-cache
      server:
      - Microsoft-IIS/10.0
      strict-transport-security:
      - max-age=31536000; includeSubDomains
      transfer-encoding:
      - chunked
      vary:
      - Accept-Encoding,Accept-Encoding
      x-content-type-options:
      - nosniff
    status:
      code: 200
      message: OK
- request:
    body: null
    headers:
      Accept:
      - application/json
      Accept-Encoding:
      - gzip, deflate
      CommandName:
      - bot show
      Connection:
      - keep-alive
      ParameterSetName:
      - -g -n --msbot
      User-Agent:
      - python/3.7.0 (Windows-10-10.0.18362-SP0) msrest/0.6.8 msrest_azure/0.6.1 azure-mgmt-botservice/0.2.0
        Azure-SDK-For-Python AZURECLI/2.0.73
      accept-language:
      - en-US
    method: GET
    uri: https://management.azure.com/subscriptions/00000000-0000-0000-0000-000000000000/resourceGroups/clitest.rg000001/providers/Microsoft.BotService/botServices/cli000002?api-version=2018-07-12
  response:
    body:
      string: '{"id":"/subscriptions/00000000-0000-0000-0000-000000000000/resourceGroups/clitest.rg000001/providers/Microsoft.BotService/botServices/cli000002","name":"cli000002","type":"Microsoft.BotService/botServices","etag":"\"2000116d-0000-0100-0000-5d84182b0000\"","location":"global","sku":{"name":"F0"},"kind":"sdk","tags":{},"properties":{"displayName":"cli000002","description":null,"iconUrl":"https://docs.botframework.com/static/devportal/client/images/bot-framework-default.png","endpoint":"https://cli000002.azurewebsites.net/api/messages","msaAppId":"61539b38-09a6-45a7-813d-700c8fe519b4","developerAppInsightKey":null,"developerAppInsightsApplicationId":null,"luisAppIds":[],"endpointVersion":"3.0","configuredChannels":["webchat"],"enabledChannels":["webchat","directline"],"isDeveloperAppInsightsApiKeySet":false,"isStreamingSupported":false,"publishingCredentials":null,"parameters":null,"allSettings":null,"manifestUrl":null,"storageResourceId":null,"provisioningState":"Succeeded"}}'
    headers:
      cache-control:
      - no-cache
      content-length:
      - '1016'
      content-type:
      - application/json; charset=utf-8
      date:
      - Fri, 20 Sep 2019 00:08:02 GMT
      etag:
      - '"2000116d-0000-0100-0000-5d84182b0000"'
      expires:
      - '-1'
      pragma:
      - no-cache
      server:
      - Microsoft-IIS/10.0
      strict-transport-security:
      - max-age=31536000; includeSubDomains
      vary:
      - Accept-Encoding
      x-content-type-options:
      - nosniff
    status:
      code: 200
      message: OK
- request:
    body: null
    headers:
      Accept:
      - application/json
      Accept-Encoding:
      - gzip, deflate
      CommandName:
      - bot show
      Connection:
      - keep-alive
      Content-Length:
      - '0'
      ParameterSetName:
      - -g -n --msbot
      User-Agent:
      - python/3.7.0 (Windows-10-10.0.18362-SP0) msrest/0.6.8 msrest_azure/0.6.1 azure-mgmt-web/0.42.0
        Azure-SDK-For-Python AZURECLI/2.0.73
      accept-language:
      - en-US
    method: POST
    uri: https://management.azure.com/subscriptions/00000000-0000-0000-0000-000000000000/resourceGroups/clitest.rg000001/providers/Microsoft.Web/sites/cli000002/config/appsettings/list?api-version=2018-11-01
  response:
    body:
      string: '{"id":"/subscriptions/00000000-0000-0000-0000-000000000000/resourceGroups/clitest.rg000001/providers/Microsoft.Web/sites/cli000002/config/appsettings","name":"appsettings","type":"Microsoft.Web/sites/config","location":"West
        US","properties":{"WEBSITE_NODE_DEFAULT_VERSION":"10.14.1","MicrosoftAppId":"61539b38-09a6-45a7-813d-700c8fe519b4","MicrosoftAppPassword":"7eecb7a5-9c06-4933-80eb-4657f283b7fe"}}'
    headers:
      cache-control:
      - no-cache
      content-length:
      - '413'
      content-type:
      - application/json
      date:
      - Fri, 20 Sep 2019 00:08:03 GMT
      expires:
      - '-1'
      pragma:
      - no-cache
      server:
      - Microsoft-IIS/10.0
      strict-transport-security:
      - max-age=31536000; includeSubDomains
      transfer-encoding:
      - chunked
      vary:
      - Accept-Encoding
      x-aspnet-version:
      - 4.0.30319
      x-content-type-options:
      - nosniff
      x-ms-ratelimit-remaining-subscription-resource-requests:
      - '11999'
      x-powered-by:
      - ASP.NET
    status:
      code: 200
      message: OK
- request:
    body: null
    headers:
      Accept:
      - application/json
      Accept-Encoding:
      - gzip, deflate
      CommandName:
      - bot show
      Connection:
      - keep-alive
      ParameterSetName:
      - -g -n --msbot
      User-Agent:
      - python/3.7.0 (Windows-10-10.0.18362-SP0) msrest/0.6.8 msrest_azure/0.6.1 azure-mgmt-web/0.42.0
        Azure-SDK-For-Python AZURECLI/2.0.73
      accept-language:
      - en-US
    method: GET
    uri: https://management.azure.com/subscriptions/00000000-0000-0000-0000-000000000000/resourceGroups/clitest.rg000001/providers/Microsoft.Web/sites/cli000002/config/slotConfigNames?api-version=2018-11-01
  response:
    body:
      string: '{"id":null,"name":"cli000002","type":"Microsoft.Web/sites","location":"West
        US","properties":{"connectionStringNames":null,"appSettingNames":null,"azureStorageConfigNames":null}}'
    headers:
      cache-control:
      - no-cache
      content-length:
      - '184'
      content-type:
      - application/json
      date:
      - Fri, 20 Sep 2019 00:08:04 GMT
      expires:
      - '-1'
      pragma:
      - no-cache
      server:
      - Microsoft-IIS/10.0
      strict-transport-security:
      - max-age=31536000; includeSubDomains
      transfer-encoding:
      - chunked
      vary:
      - Accept-Encoding
      x-aspnet-version:
      - 4.0.30319
      x-content-type-options:
      - nosniff
      x-powered-by:
      - ASP.NET
    status:
      code: 200
      message: OK
version: 1
