interactions:
- request:
    body: '{"name": "cli000002", "type": "azurebot"}'
    headers:
      Accept:
      - application/json
      Accept-Encoding:
      - gzip, deflate
      CommandName:
      - bot create
      Connection:
      - keep-alive
      Content-Length:
      - '41'
      Content-Type:
      - application/json
      ParameterSetName:
      - -g -n -e --app-type --appid -l
      User-Agent:
      - AZURECLI/2.56.0 azsdk-python-mgmt-botservice/2.0.0b3 Python/3.8.0 (Windows-10-10.0.22621-SP0)
    method: POST
    uri: https://management.azure.com/providers/Microsoft.BotService/checkNameAvailability?api-version=2021-05-01-preview
  response:
    body:
      string: '{"valid":true,"message":"","absCode":null}'
    headers:
      cache-control:
      - no-cache
      content-length:
      - '42'
      content-type:
      - application/json; charset=utf-8
      date:
      - Thu, 18 Jan 2024 22:30:37 GMT
      expires:
      - '-1'
      pragma:
      - no-cache
      strict-transport-security:
      - max-age=31536000; includeSubDomains
      transfer-encoding:
      - chunked
      vary:
      - Accept-Encoding,Accept-Encoding
      x-content-type-options:
      - nosniff
      x-ms-ratelimit-remaining-tenant-writes:
      - '1199'
    status:
      code: 200
      message: OK
- request:
    body: '{"location": "global", "sku": {"name": "F0"}, "kind": "azurebot", "properties":
      {"displayName": "cli000002", "endpoint": "https://www.google.com/api/messages",
      "msaAppType": "MultiTenant", "msaAppId": "72d5a7e9-66a6-45c5-8b83-25f1c628145c",
      "isCmekEnabled": false, "publicNetworkAccess": "Enabled", "isStreamingSupported":
      false}}'
    headers:
      Accept:
      - application/json
      Accept-Encoding:
      - gzip, deflate
      CommandName:
      - bot create
      Connection:
      - keep-alive
      Content-Length:
      - '330'
      Content-Type:
      - application/json
      ParameterSetName:
      - -g -n -e --app-type --appid -l
      User-Agent:
      - AZURECLI/2.56.0 azsdk-python-mgmt-botservice/2.0.0b3 Python/3.8.0 (Windows-10-10.0.22621-SP0)
    method: PUT
    uri: https://management.azure.com/subscriptions/00000000-0000-0000-0000-000000000000/resourceGroups/clitest.rg000001/providers/Microsoft.BotService/botServices/cli000002?api-version=2021-05-01-preview
  response:
    body:
      string: '{"id":"/subscriptions/00000000-0000-0000-0000-000000000000/resourceGroups/clitest.rg000001/providers/Microsoft.BotService/botServices/cli000002","name":"cli000002","type":"Microsoft.BotService/botServices","etag":"\"0900aeaf-0000-0200-0000-65a9a68f0000\"","location":"global","sku":{"name":"F0"},"kind":"azurebot","tags":{},"properties":{"displayName":"cli000002","description":null,"iconUrl":"https://docs.botframework.com/static/devportal/client/images/bot-framework-default.png","endpoint":"https://www.google.com/api/messages","msaAppId":"72d5a7e9-66a6-45c5-8b83-25f1c628145c","msaAppTenantId":null,"msaAppType":"MultiTenant","msaAppMSIResourceId":null,"developerAppInsightKey":null,"developerAppInsightsApplicationId":null,"luisAppIds":[],"endpointVersion":"3.0","configuredChannels":["webchat","directline"],"enabledChannels":["webchat","directline"],"isDeveloperAppInsightsApiKeySet":false,"isStreamingSupported":false,"schemaTransformationVersion":"1.3","publishingCredentials":null,"parameters":null,"allSettings":null,"manifestUrl":null,"storageResourceId":null,"tenantId":"72f988bf-86f1-41af-91ab-2d7cd011db47","migrationToken":null,"isCmekEnabled":false,"cmekKeyVaultUrl":null,"openWithHint":null,"appPasswordHint":null,"publicNetworkAccess":"Enabled","disableLocalAuth":false,"cmekEncryptionStatus":"Off","provisioningState":"Succeeded"},"zones":[]}'
    headers:
      cache-control:
      - no-cache
      content-length:
      - '1362'
      content-type:
      - application/json; charset=utf-8
      date:
      - Thu, 18 Jan 2024 22:30:39 GMT
      etag:
      - '"0900aeaf-0000-0200-0000-65a9a68f0000"'
      expires:
      - '-1'
      pragma:
      - no-cache
      strict-transport-security:
      - max-age=31536000; includeSubDomains
      x-content-type-options:
      - nosniff
      x-ms-ratelimit-remaining-subscription-writes:
      - '1199'
    status:
      code: 201
      message: Created
- request:
    body: '{"location": "global", "properties": {"channelName": "DirectLineChannel",
      "location": "global", "properties": {"sites": [{"siteName": "Default Site",
      "isEnabled": true, "isV1Enabled": true, "isV3Enabled": true, "isSecureSiteEnabled":
      false, "trustedOrigins": []}]}}}'
    headers:
      Accept:
      - application/json
      Accept-Encoding:
      - gzip, deflate
      CommandName:
      - bot directline create
      Connection:
      - keep-alive
      Content-Length:
      - '266'
      Content-Type:
      - application/json
      ParameterSetName:
      - -g -n
      User-Agent:
      - AZURECLI/2.56.0 azsdk-python-mgmt-botservice/2.0.0b3 Python/3.8.0 (Windows-10-10.0.22621-SP0)
    method: PUT
    uri: https://management.azure.com/subscriptions/00000000-0000-0000-0000-000000000000/resourceGroups/clitest.rg000001/providers/Microsoft.BotService/botServices/cli000002/channels/DirectLineChannel?api-version=2021-05-01-preview
  response:
    body:
      string: '{"id":"/subscriptions/00000000-0000-0000-0000-000000000000/resourceGroups/clitest.rg000001/providers/Microsoft.BotService/botServices/cli000002/channels/DirectLineChannel","name":"cli000002/DirectLineChannel","type":"Microsoft.BotService/botServices/channels","etag":"W/\"2d0b4965f0a2ad34c60ccc1f661cb7771/18/2024
        10:30:42 PM\"","location":"global","properties":{"properties":{"DirectLineEmbedCode":null,"sites":[{"siteId":"Ke4vwrFTlm0","siteName":"Default
        Site","key":"Ke4vwrFTlm0.lce2DzMQ3duh6RejPJx5OF1a_WtV81_pXVnr7liEq80","key2":"Ke4vwrFTlm0.Y-AE345XEG7fsZAZVHvTuvB_NbvGXzT3IVjmofWGhos","isEnabled":true,"isV1Enabled":true,"isV3Enabled":true,"isDetailedLoggingEnabled":null,"isNoStorageEnabled":null,"isEndpointParametersEnabled":null,"isSecureSiteEnabled":false,"isBlockUserUploadEnabled":false,"trustedOrigins":[],"appId":null,"tenantId":null,"isTokenEnabled":false}],"extensionKey1":"xCMhlOrTTIs.ZYX8TVPDNXtDEOS9NZYMrX88x4e_IgkicCHCpQ9PZk8","extensionKey2":"xCMhlOrTTIs.ucGQ_RHTCeNs9vtjcJV6BVjsvWUNyTyf8WJ8APoAnMw","isEnabled":true},"etag":"W/\"2d0b4965f0a2ad34c60ccc1f661cb7771/18/2024
        10:30:42 PM\"","channelName":"DirectLineChannel","location":"global","provisioningState":"Succeeded"},"zones":[]}'
    headers:
      cache-control:
      - no-cache
      content-length:
      - '1208'
      content-type:
      - application/json; charset=utf-8
      date:
      - Thu, 18 Jan 2024 22:30:41 GMT
      etag:
      - W/"2d0b4965f0a2ad34c60ccc1f661cb7771/18/2024 10:30:42 PM"
      expires:
      - '-1'
      pragma:
      - no-cache
      strict-transport-security:
      - max-age=31536000; includeSubDomains
      transfer-encoding:
      - chunked
      vary:
      - Accept-Encoding,Accept-Encoding
      x-content-type-options:
      - nosniff
      x-ms-ratelimit-remaining-subscription-writes:
      - '1199'
    status:
      code: 200
      message: OK
- request:
    body: null
    headers:
      Accept:
      - application/json
      Accept-Encoding:
      - gzip, deflate
      CommandName:
      - bot directline show
      Connection:
      - keep-alive
      ParameterSetName:
      - -g -n
      User-Agent:
      - AZURECLI/2.56.0 azsdk-python-mgmt-botservice/2.0.0b3 Python/3.8.0 (Windows-10-10.0.22621-SP0)
    method: GET
    uri: https://management.azure.com/subscriptions/00000000-0000-0000-0000-000000000000/resourceGroups/clitest.rg000001/providers/Microsoft.BotService/botServices/cli000002/channels/DirectLineChannel?api-version=2021-05-01-preview
  response:
    body:
      string: '{"id":"/subscriptions/00000000-0000-0000-0000-000000000000/resourceGroups/clitest.rg000001/providers/Microsoft.BotService/botServices/cli000002/channels/DirectLineChannel","name":"cli000002/DirectLineChannel","type":"Microsoft.BotService/botServices/channels","etag":"W/\"a38eb00b43d698f72db3402598d837481/18/2024
        10:30:42 PM\"","location":"global","properties":{"properties":{"DirectLineEmbedCode":null,"sites":[{"siteId":"Ke4vwrFTlm0","siteName":"Default
        Site","key":null,"key2":null,"isEnabled":true,"isV1Enabled":true,"isV3Enabled":true,"isDetailedLoggingEnabled":null,"isNoStorageEnabled":null,"isEndpointParametersEnabled":null,"isSecureSiteEnabled":false,"isBlockUserUploadEnabled":false,"trustedOrigins":[],"appId":null,"tenantId":null,"isTokenEnabled":false}],"extensionKey1":"xCMhlOrTTIs.ZYX8TVPDNXtDEOS9NZYMrX88x4e_IgkicCHCpQ9PZk8","extensionKey2":"xCMhlOrTTIs.ucGQ_RHTCeNs9vtjcJV6BVjsvWUNyTyf8WJ8APoAnMw","isEnabled":true},"etag":"W/\"a38eb00b43d698f72db3402598d837481/18/2024
        10:30:42 PM\"","channelName":"DirectLineChannel","location":"global","provisioningState":"Succeeded"},"zones":[]}'
    headers:
      cache-control:
      - no-cache
      content-length:
      - '1102'
      content-type:
      - application/json; charset=utf-8
      date:
      - Thu, 18 Jan 2024 22:30:42 GMT
      etag:
      - W/"a38eb00b43d698f72db3402598d837481/18/2024 10:30:42 PM"
      expires:
      - '-1'
      pragma:
      - no-cache
      strict-transport-security:
      - max-age=31536000; includeSubDomains
      transfer-encoding:
      - chunked
      vary:
      - Accept-Encoding,Accept-Encoding
      x-content-type-options:
      - nosniff
    status:
      code: 200
      message: OK
- request:
    body: null
    headers:
      Accept:
      - application/json
      Accept-Encoding:
      - gzip, deflate
      CommandName:
      - bot directline show
      Connection:
      - keep-alive
      Content-Length:
      - '0'
      ParameterSetName:
      - -g -n --with-secrets
      User-Agent:
      - AZURECLI/2.56.0 azsdk-python-mgmt-botservice/2.0.0b3 Python/3.8.0 (Windows-10-10.0.22621-SP0)
    method: POST
    uri: https://management.azure.com/subscriptions/00000000-0000-0000-0000-000000000000/resourceGroups/clitest.rg000001/providers/Microsoft.BotService/botServices/cli000002/channels/DirectLineChannel/listChannelWithKeys?api-version=2021-05-01-preview
  response:
    body:
      string: '{"resource":{"properties":{"sites":[{"siteId":"Ke4vwrFTlm0","siteName":"Default
        Site","key":"Ke4vwrFTlm0.lce2DzMQ3duh6RejPJx5OF1a_WtV81_pXVnr7liEq80","key2":"Ke4vwrFTlm0.Y-AE345XEG7fsZAZVHvTuvB_NbvGXzT3IVjmofWGhos","isEnabled":true,"isV1Enabled":true,"isV3Enabled":true,"isSecureSiteEnabled":false,"isBlockUserUploadEnabled":false,"trustedOrigins":[],"isTokenEnabled":false}],"extensionKey1":"xCMhlOrTTIs.ZYX8TVPDNXtDEOS9NZYMrX88x4e_IgkicCHCpQ9PZk8","extensionKey2":"xCMhlOrTTIs.ucGQ_RHTCeNs9vtjcJV6BVjsvWUNyTyf8WJ8APoAnMw","isEnabled":true},"etag":"W/\"2d0b4965f0a2ad34c60ccc1f661cb7771/18/2024
        10:30:43 PM\"","channelName":"DirectLineChannel","location":"global"},"setting":{"extensionKey1":"xCMhlOrTTIs.ZYX8TVPDNXtDEOS9NZYMrX88x4e_IgkicCHCpQ9PZk8","extensionKey2":"xCMhlOrTTIs.ucGQ_RHTCeNs9vtjcJV6BVjsvWUNyTyf8WJ8APoAnMw","sites":[{"siteId":"Ke4vwrFTlm0","siteName":"Default
        Site","key":"Ke4vwrFTlm0.lce2DzMQ3duh6RejPJx5OF1a_WtV81_pXVnr7liEq80","key2":"Ke4vwrFTlm0.Y-AE345XEG7fsZAZVHvTuvB_NbvGXzT3IVjmofWGhos","isEnabled":true,"isV1Enabled":true,"isV3Enabled":true,"isWebchatPreviewEnabled":false,"isSecureSiteEnabled":false,"isBlockUserUploadEnabled":false,"trustedOrigins":[],"isTokenEnabled":false,"eTag":"\"10001d46-0000-0200-0000-65a9a6910000\""}],"channelId":"directline","channelDisplayName":"Direct
        Line","botId":"cli000002","botIconUrl":"https://docs.botframework.com/static/devportal/client/images/bot-framework-default.png","isEnabled":true,"publicNetworkAccess":"Enabled","disableLocalAuth":false},"id":"/subscriptions/00000000-0000-0000-0000-000000000000/resourceGroups/clitest.rg000001/providers/Microsoft.BotService/botServices/cli000002/channels/DirectLineChannel","location":"global","properties":{"properties":{"DirectLineEmbedCode":null,"sites":[{"siteId":"Ke4vwrFTlm0","siteName":"Default
        Site","key":"Ke4vwrFTlm0.lce2DzMQ3duh6RejPJx5OF1a_WtV81_pXVnr7liEq80","key2":"Ke4vwrFTlm0.Y-AE345XEG7fsZAZVHvTuvB_NbvGXzT3IVjmofWGhos","isEnabled":true,"isV1Enabled":true,"isV3Enabled":true,"isDetailedLoggingEnabled":null,"isNoStorageEnabled":null,"isEndpointParametersEnabled":null,"isSecureSiteEnabled":false,"isBlockUserUploadEnabled":false,"trustedOrigins":[],"appId":null,"tenantId":null,"isTokenEnabled":false}],"extensionKey1":"xCMhlOrTTIs.ZYX8TVPDNXtDEOS9NZYMrX88x4e_IgkicCHCpQ9PZk8","extensionKey2":"xCMhlOrTTIs.ucGQ_RHTCeNs9vtjcJV6BVjsvWUNyTyf8WJ8APoAnMw","isEnabled":true},"etag":"W/\"2d0b4965f0a2ad34c60ccc1f661cb7771/18/2024
        10:30:43 PM\"","channelName":"DirectLineChannel","location":"global"},"provisioningState":"Accepted","entityTag":"W/\"2d0b4965f0a2ad34c60ccc1f661cb7771/18/2024
        10:30:43 PM\"","changedTime":"0001-01-01T00:00:00Z","zones":[]}'
    headers:
      cache-control:
      - no-cache
      content-length:
      - '2673'
      content-type:
      - application/json; charset=utf-8
      date:
      - Thu, 18 Jan 2024 22:30:43 GMT
      etag:
      - W/"2d0b4965f0a2ad34c60ccc1f661cb7771/18/2024 10:30:43 PM"
      expires:
      - '-1'
      pragma:
      - no-cache
      strict-transport-security:
      - max-age=31536000; includeSubDomains
      transfer-encoding:
      - chunked
      vary:
      - Accept-Encoding,Accept-Encoding
      x-content-type-options:
      - nosniff
      x-ms-ratelimit-remaining-subscription-writes:
      - '1199'
    status:
      code: 200
      message: OK
- request:
    body: null
    headers:
      Accept:
      - application/json
      Accept-Encoding:
      - gzip, deflate
      CommandName:
      - bot directline delete
      Connection:
      - keep-alive
      Content-Length:
      - '0'
      ParameterSetName:
      - -g -n
      User-Agent:
      - AZURECLI/2.56.0 azsdk-python-mgmt-botservice/2.0.0b3 Python/3.8.0 (Windows-10-10.0.22621-SP0)
    method: DELETE
    uri: https://management.azure.com/subscriptions/00000000-0000-0000-0000-000000000000/resourceGroups/clitest.rg000001/providers/Microsoft.BotService/botServices/cli000002/channels/DirectLineChannel?api-version=2021-05-01-preview
  response:
    body:
      string: ''
    headers:
      cache-control:
      - no-cache
      content-length:
      - '0'
      date:
      - Thu, 18 Jan 2024 22:30:44 GMT
      expires:
      - '-1'
      pragma:
      - no-cache
      strict-transport-security:
      - max-age=31536000; includeSubDomains
      x-content-type-options:
      - nosniff
      x-ms-ratelimit-remaining-subscription-deletes:
      - '14999'
    status:
      code: 200
      message: OK
- request:
    body: null
    headers:
      Accept:
      - application/json
      Accept-Encoding:
      - gzip, deflate
      CommandName:
      - bot delete
      Connection:
      - keep-alive
      Content-Length:
      - '0'
      ParameterSetName:
      - -g -n
      User-Agent:
      - AZURECLI/2.56.0 azsdk-python-mgmt-botservice/2.0.0b3 Python/3.8.0 (Windows-10-10.0.22621-SP0)
    method: DELETE
    uri: https://management.azure.com/subscriptions/00000000-0000-0000-0000-000000000000/resourceGroups/clitest.rg000001/providers/Microsoft.BotService/botServices/cli000002?api-version=2021-05-01-preview
  response:
    body:
      string: ''
    headers:
      cache-control:
      - no-cache
      content-length:
      - '0'
      date:
      - Thu, 18 Jan 2024 22:30:48 GMT
      expires:
      - '-1'
      pragma:
      - no-cache
      strict-transport-security:
      - max-age=31536000; includeSubDomains
      x-content-type-options:
      - nosniff
      x-ms-ratelimit-remaining-subscription-deletes:
      - '14999'
    status:
      code: 200
      message: OK
version: 1
