interactions:
- request:
    body: null
    headers:
      Connection:
      - close
      Host:
      - raw.githubusercontent.com
      User-Agent:
      - Python-urllib/3.7
    method: GET
    uri: https://raw.githubusercontent.com/Azure/azure-quickstart-templates/master/active-directory-new-domain/azuredeploy.json
  response:
    body:
      string: "{\n    \"$schema\": \"https://schema.management.azure.com/schemas/2015-01-01/deploymentTemplate.json#\",\n
        \   \"contentVersion\": \"1.0.0.0\",\n    \"parameters\": {\n        \"adminUsername\":
        {\n            \"type\": \"string\",\n            \"metadata\": {\n                \"description\":
        \"The name of the administrator account of the new VM and domain\"\n            }\n
        \       },\n        \"adminPassword\": {\n            \"type\": \"securestring\",\n
        \           \"metadata\": {\n                \"description\": \"The password
        for the administrator account of the new VM and domain\"\n            }\n
        \       },\n        \"domainName\": {\n            \"type\": \"string\",\n
        \           \"metadata\": {\n                \"description\": \"The FQDN of
        the Active Directory Domain to be created\"\n            }\n        },\n        \"dnsPrefix\":
        {\n            \"type\": \"string\",\n            \"metadata\": {\n                \"description\":
        \"The DNS prefix for the public IP address used by the Load Balancer\"\n            }\n
        \       },\n        \"vmSize\": {\n            \"type\": \"string\",\n            \"defaultValue\":
        \"Standard_D2s_v3\",\n            \"metadata\": {\n                \"description\":
        \"Size of the VM for the controller\"\n            }\n        },\n        \"_artifactsLocation\":
        {\n            \"type\": \"string\",\n            \"metadata\": {\n                \"description\":
        \"The location of resources, such as templates and DSC modules, that the template
        depends on\"\n            },\n            \"defaultValue\": \"[deployment().properties.templateLink.uri]\"\n
        \       },\n        \"_artifactsLocationSasToken\": {\n            \"type\":
        \"securestring\",\n            \"metadata\": {\n                \"description\":
        \"Auto-generated token to access _artifactsLocation\"\n            },\n            \"defaultValue\":
        \"\"\n        },\n        \"location\": {\n            \"type\": \"string\",\n
        \           \"defaultValue\": \"[resourceGroup().location]\",\n            \"metadata\":
        {\n                \"description\": \"Location for all resources.\"\n            }\n
        \       }\n    },\n    \"variables\": {\n        \"virtualNetworkName\": \"adVNET\",\n
        \       \"virtualNetworkAddressRange\": \"10.0.0.0/16\",\n        \"adLBFE\":
        \"LBFE\",\n        \"adLBBE\": \"LBBE\",\n        \"adRDPNAT\": \"adRDP\",\n
        \       \"adNicName\": \"adNic\",\n        \"adNicIPAddress\": \"10.0.0.4\",\n
        \       \"adVMName\": \"adVM\",\n        \"adSubnetName\": \"adSubnet\",\n
        \       \"adSubnetAddressPrefix\": \"10.0.0.0/24\",\n        \"publicIPAddressName\":
        \"adPublicIP\",\n        \"adAvailabilitySetName\": \"adAvailabiltySet\",\n
        \       \"adLBName\": \"adLoadBalancer\"\n    },\n    \"resources\": [\n        {\n
        \           \"type\": \"Microsoft.Network/publicIPAddresses\",\n            \"apiVersion\":
        \"2019-02-01\",\n            \"name\": \"[variables('publicIPAddressName')]\",\n
        \           \"location\": \"[parameters('location')]\",\n            \"properties\":
        {\n                \"publicIPAllocationMethod\": \"Static\",\n                \"dnsSettings\":
        {\n                    \"domainNameLabel\": \"[parameters('dnsPrefix')]\"\n
        \               }\n            }\n        },\n        {\n            \"type\":
        \"Microsoft.Compute/availabilitySets\",\n            \"apiVersion\": \"2019-03-01\",\n
        \           \"location\": \"[parameters('location')]\",\n            \"name\":
        \"[variables('adAvailabilitySetName')]\",\n            \"properties\": {\n
        \               \"PlatformUpdateDomainCount\": 20,\n                \"PlatformFaultDomainCount\":
        2\n            },\n            \"sku\": {\n                \"name\": \"Aligned\"\n
        \           }\n        },\n        {\n            \"type\": \"Microsoft.Resources/deployments\",\n
        \           \"apiVersion\": \"2018-11-01\",\n            \"name\": \"VNet\",\n
        \           \"properties\": {\n                \"mode\": \"Incremental\",\n
        \               \"templateLink\": {\n                    \"uri\": \"[uri(parameters('_artifactsLocation'),
        concat('nestedtemplates/vnet.json', parameters('_artifactsLocationSasToken')))]\",\n
        \                   \"contentVersion\": \"1.0.0.0\"\n                },\n
        \               \"parameters\": {\n                    \"virtualNetworkName\":
        {\n                        \"value\": \"[variables('virtualNetworkName')]\"\n
        \                   },\n                    \"virtualNetworkAddressRange\":
        {\n                        \"value\": \"[variables('virtualNetworkAddressRange')]\"\n
        \                   },\n                    \"subnetName\": {\n                        \"value\":
        \"[variables('adSubnetName')]\"\n                    },\n                    \"subnetRange\":
        {\n                        \"value\": \"[variables('adSubnetAddressPrefix')]\"\n
        \                   },\n                    \"location\": {\n                        \"value\":
        \"[parameters('location')]\"\n                    }\n                }\n            }\n
        \       },\n        {\n            \"type\": \"Microsoft.Network/loadBalancers\",\n
        \           \"apiVersion\": \"2019-02-01\",\n            \"name\": \"[variables('adLBName')]\",\n
        \           \"location\": \"[parameters('location')]\",\n            \"dependsOn\":
        [\n                \"[variables('publicIPAddressName')]\"\n            ],\n
        \           \"properties\": {\n                \"frontendIPConfigurations\":
        [\n                    {\n                        \"name\": \"[variables('adLBFE')]\",\n
        \                       \"properties\": {\n                            \"publicIPAddress\":
        {\n                                \"id\": \"[resourceId('Microsoft.Network/publicIPAddresses',
        variables('publicIPAddressName'))]\"\n                            }\n                        }\n
        \                   }\n                ],\n                \"backendAddressPools\":
        [\n                    {\n                        \"name\": \"[variables('adLBBE')]\"\n
        \                   }\n                ],\n                \"inboundNatRules\":
        [\n                    {\n                        \"name\": \"[variables('adRDPNAT')]\",\n
        \                       \"properties\": {\n                            \"frontendIPConfiguration\":
        {\n                                \"id\": \"[resourceId('Microsoft.Network/loadBalancers/frontendIPConfigurations',
        variables('adLBName'), variables('adLBFE'))]\"\n                            },\n
        \                           \"protocol\": \"Tcp\",\n                            \"frontendPort\":
        3389,\n                            \"backendPort\": 3389,\n                            \"enableFloatingIP\":
        false\n                        }\n                    }\n                ]\n
        \           }\n        },\n        {\n            \"type\": \"Microsoft.Network/networkInterfaces\",\n
        \           \"apiVersion\": \"2019-02-01\",\n            \"name\": \"[variables('adNicName')]\",\n
        \           \"location\": \"[parameters('location')]\",\n            \"dependsOn\":
        [\n                \"VNet\",\n                \"[variables('adLBName')]\"\n
        \           ],\n            \"properties\": {\n                \"ipConfigurations\":
        [\n                    {\n                        \"name\": \"ipconfig1\",\n
        \                       \"properties\": {\n                            \"privateIPAllocationMethod\":
        \"Static\",\n                            \"privateIPAddress\": \"[variables('adNicIPAddress')]\",\n
        \                           \"subnet\": {\n                                \"id\":
        \"[resourceId('Microsoft.Network/virtualNetworks/subnets', variables('virtualNetworkName'),
        variables('adSubnetName'))]\"\n                            },\n                            \"loadBalancerBackendAddressPools\":
        [\n                                {\n                                    \"id\":
        \"[resourceId('Microsoft.Network/loadBalancers/backendAddressPools', variables('adLBName'),
        variables('adLBBE'))]\"\n                                }\n                            ],\n
        \                           \"loadBalancerInboundNatRules\": [\n                                {\n
        \                                   \"id\": \"[resourceId('Microsoft.Network/loadBalancers/inboundNatRules',
        variables('adLBName'), variables('adRDPNAT'))]\"\n                                }\n
        \                           ]\n                        }\n                    }\n
        \               ]\n            }\n        },\n        {\n            \"type\":
        \"Microsoft.Compute/virtualMachines\",\n            \"apiVersion\": \"2019-03-01\",\n
        \           \"name\": \"[variables('adVMName')]\",\n            \"location\":
        \"[parameters('location')]\",\n            \"dependsOn\": [\n                \"[variables('adNicName')]\",\n
        \               \"[variables('adAvailabilitySetName')]\",\n                \"[variables('adLBName')]\"\n
        \           ],\n            \"properties\": {\n                \"hardwareProfile\":
        {\n                    \"vmSize\": \"[parameters('vmSize')]\"\n                },\n
        \               \"availabilitySet\": {\n                    \"id\": \"[resourceId('Microsoft.Compute/availabilitySets',
        variables('adAvailabilitySetName'))]\"\n                },\n                \"osProfile\":
        {\n                    \"computerName\": \"[variables('adVMName')]\",\n                    \"adminUsername\":
        \"[parameters('adminUsername')]\",\n                    \"adminPassword\":
        \"[parameters('adminPassword')]\"\n                },\n                \"storageProfile\":
        {\n                    \"imageReference\": {\n                        \"publisher\":
        \"MicrosoftWindowsServer\",\n                        \"offer\": \"WindowsServer\",\n
        \                       \"sku\": \"2016-Datacenter\",\n                        \"version\":
        \"latest\"\n                    },\n                    \"osDisk\": {\n                        \"name\":
        \"[concat(variables('adVMName'),'_OSDisk')]\",\n                        \"caching\":
        \"ReadOnly\",\n                        \"createOption\": \"FromImage\",\n
        \                       \"managedDisk\": {\n                            \"storageAccountType\":
        \"StandardSSD_LRS\"\n                        }\n                    },\n                    \"dataDisks\":
        [\n                        {\n                            \"name\": \"[concat(variables('adVMName'),
        '_DataDisk')]\",\n                            \"caching\": \"ReadWrite\",\n
        \                           \"createOption\": \"Empty\",\n                            \"diskSizeGB\":
        20,\n                            \"managedDisk\": {\n                                \"storageAccountType\":
        \"StandardSSD_LRS\"\n                            },\n                            \"lun\":
        0\n                        }\n                    ]\n                },\n
        \               \"networkProfile\": {\n                    \"networkInterfaces\":
        [\n                        {\n                            \"id\": \"[resourceId('Microsoft.Network/networkInterfaces',
        variables('adNicName'))]\"\n                        }\n                    ]\n
        \               }\n            },\n            \"resources\": [\n                {\n
        \                   \"type\": \"extensions\",\n                    \"apiVersion\":
        \"2019-03-01\",\n                    \"name\": \"CreateADForest\",\n                    \"location\":
        \"[parameters('location')]\",\n                    \"dependsOn\": [\n                        \"[variables('adVMName')]\"\n
        \                   ],\n                    \"properties\": {\n                        \"publisher\":
        \"Microsoft.Powershell\",\n                        \"type\": \"DSC\",\n                        \"typeHandlerVersion\":
        \"2.19\",\n                        \"autoUpgradeMinorVersion\": true,\n                        \"settings\":
        {\n                            \"ModulesUrl\": \"[uri(parameters('_artifactsLocation'),
        concat('DSC/CreateADPDC.zip', parameters('_artifactsLocationSasToken')))]\",\n
        \                           \"ConfigurationFunction\": \"CreateADPDC.ps1\\\\CreateADPDC\",\n
        \                           \"Properties\": {\n                                \"DomainName\":
        \"[parameters('domainName')]\",\n                                \"AdminCreds\":
        {\n                                    \"UserName\": \"[parameters('adminUsername')]\",\n
        \                                   \"Password\": \"PrivateSettingsRef:AdminPassword\"\n
        \                               }\n                            }\n                        },\n
        \                       \"protectedSettings\": {\n                            \"Items\":
        {\n                                \"AdminPassword\": \"[parameters('adminPassword')]\"\n
        \                           }\n                        }\n                    }\n
        \               }\n            ]\n        },\n        {\n            \"type\":
        \"Microsoft.Resources/deployments\",\n            \"apiVersion\": \"2018-11-01\",\n
        \           \"name\": \"UpdateVNetDNS\",\n            \"dependsOn\": [\n                \"CreateADForest\"\n
        \           ],\n            \"properties\": {\n                \"mode\": \"Incremental\",\n
        \               \"templateLink\": {\n                    \"uri\": \"[uri(parameters('_artifactsLocation'),
        concat('nestedtemplates/vnet-with-dns-server.json', parameters('_artifactsLocationSasToken')))]\",\n
        \                   \"contentVersion\": \"1.0.0.0\"\n                },\n
        \               \"parameters\": {\n                    \"virtualNetworkName\":
        {\n                        \"value\": \"[variables('virtualNetworkName')]\"\n
        \                   },\n                    \"virtualNetworkAddressRange\":
        {\n                        \"value\": \"[variables('virtualNetworkAddressRange')]\"\n
        \                   },\n                    \"subnetName\": {\n                        \"value\":
        \"[variables('adSubnetName')]\"\n                    },\n                    \"subnetRange\":
        {\n                        \"value\": \"[variables('adSubnetAddressPrefix')]\"\n
        \                   },\n                    \"DNSServerAddress\": {\n                        \"value\":
        [\n                            \"[variables('adNicIPAddress')]\"\n                        ]\n
        \                   },\n                    \"location\": {\n                        \"value\":
        \"[parameters('location')]\"\n                    }\n                }\n            }\n
        \       }\n    ]\n}\n"
    headers:
      accept-ranges:
      - bytes
      access-control-allow-origin:
      - '*'
      cache-control:
      - max-age=300
      connection:
      - close
      content-length:
      - '13307'
      content-security-policy:
      - default-src 'none'; style-src 'unsafe-inline'; sandbox
      content-type:
      - text/plain; charset=utf-8
      date:
      - Mon, 14 Oct 2019 01:43:55 GMT
      etag:
      - '"fa312c46cd79de46f87bda86a87d64e502367fe5"'
      expires:
      - Mon, 14 Oct 2019 01:48:55 GMT
      source-age:
      - '0'
      strict-transport-security:
      - max-age=31536000
      vary:
      - Authorization,Accept-Encoding, Accept-Encoding
      via:
      - 1.1 varnish
      x-cache:
      - MISS
      x-cache-hits:
      - '0'
      x-content-type-options:
      - nosniff
      x-fastly-request-id:
      - c7db545583aee5662dc2a180f0320656b91a11c1
      x-frame-options:
      - deny
      x-geo-block-list:
      - ''
      x-github-request-id:
      - E2B8:2EE0:23E4E:304A9:5DA3D2DB
      x-served-by:
      - cache-sin18038-SIN
      x-timer:
      - S1571017436.687842,VS0,VE280
      x-xss-protection:
      - 1; mode=block
    status:
      code: 200
      message: OK
- request:
    body: '{"properties": {"templateLink": {"uri": "https://raw.githubusercontent.com/Azure/azure-quickstart-templates/master/active-directory-new-domain/azuredeploy.json"},
      "parameters": {"adminUsername": {"value": "admin123"}, "adminPassword": {"value":
      "SecretPassword123"}, "location": {"value": "westus"}, "domainName": {"value":
      "domain.com"}, "dnsPrefix": {"value": "awve24"}}, "mode": "Incremental"}}'
    headers:
      Accept:
      - application/json
      Accept-Encoding:
      - gzip, deflate
      CommandName:
      - group deployment create
      Connection:
      - keep-alive
      Content-Length:
      - '397'
      Content-Type:
      - application/json; charset=utf-8
      ParameterSetName:
      - --name -g --template-uri --parameters
      User-Agent:
      - python/3.7.4 (Windows-10-10.0.18362-SP0) msrest/0.6.10 msrest_azure/0.6.2
        azure-mgmt-resource/4.0.0 Azure-SDK-For-Python AZURECLI/2.0.74
      accept-language:
      - en-US
    method: PUT
    uri: https://management.azure.com/subscriptions/00000000-0000-0000-0000-000000000000/resourcegroups/clitest.rg000001/providers/Microsoft.Resources/deployments/mock-deployment?api-version=2019-05-10
  response:
    body:
      string: '{"id":"/subscriptions/00000000-0000-0000-0000-000000000000/resourceGroups/clitest.rg000001/providers/Microsoft.Resources/deployments/domaintemplate","name":"domaintemplate","type":"Microsoft.Resources/deployments","properties":{"templateLink":{"uri":"https://raw.githubusercontent.com/Azure/azure-quickstart-templates/master/active-directory-new-domain/azuredeploy.json","contentVersion":"1.0.0.0"},"templateHash":"14170070204743518889","parameters":{"adminUsername":{"type":"String","value":"admin123"},"adminPassword":{"type":"SecureString"},"domainName":{"type":"String","value":"domain.com"},"dnsPrefix":{"type":"String","value":"awve24"},"vmSize":{"type":"String","value":"Standard_D2s_v3"},"_artifactsLocation":{"type":"String","value":"https://raw.githubusercontent.com/Azure/azure-quickstart-templates/master/active-directory-new-domain/azuredeploy.json"},"_artifactsLocationSasToken":{"type":"SecureString"},"location":{"type":"String","value":"westus"}},"mode":"Incremental","provisioningState":"Accepted","timestamp":"2019-10-14T01:43:58.5585988Z","duration":"PT1.2941611S","correlationId":"39ecf7b7-dce5-4f55-9be2-f34fc3729452","providers":[{"namespace":"Microsoft.Network","resourceTypes":[{"resourceType":"publicIPAddresses","locations":["westus"]},{"resourceType":"loadBalancers","locations":["westus"]},{"resourceType":"networkInterfaces","locations":["westus"]}]},{"namespace":"Microsoft.Compute","resourceTypes":[{"resourceType":"availabilitySets","locations":["westus"]},{"resourceType":"virtualMachines","locations":["westus"]},{"resourceType":"virtualMachines/extensions","locations":["westus"]}]},{"namespace":"Microsoft.Resources","resourceTypes":[{"resourceType":"deployments","locations":[null]}]}],"dependencies":[{"dependsOn":[{"id":"/subscriptions/00000000-0000-0000-0000-000000000000/resourceGroups/clitest.rg000001/providers/Microsoft.Network/publicIPAddresses/adPublicIP","resourceType":"Microsoft.Network/publicIPAddresses","resourceName":"adPublicIP"}],"id":"/subscriptions/00000000-0000-0000-0000-000000000000/resourceGroups/clitest.rg000001/providers/Microsoft.Network/loadBalancers/adLoadBalancer","resourceType":"Microsoft.Network/loadBalancers","resourceName":"adLoadBalancer"},{"dependsOn":[{"id":"/subscriptions/00000000-0000-0000-0000-000000000000/resourceGroups/clitest.rg000001/providers/Microsoft.Resources/deployments/VNet","resourceType":"Microsoft.Resources/deployments","resourceName":"VNet"},{"id":"/subscriptions/00000000-0000-0000-0000-000000000000/resourceGroups/clitest.rg000001/providers/Microsoft.Network/loadBalancers/adLoadBalancer","resourceType":"Microsoft.Network/loadBalancers","resourceName":"adLoadBalancer"}],"id":"/subscriptions/00000000-0000-0000-0000-000000000000/resourceGroups/clitest.rg000001/providers/Microsoft.Network/networkInterfaces/adNic","resourceType":"Microsoft.Network/networkInterfaces","resourceName":"adNic"},{"dependsOn":[{"id":"/subscriptions/00000000-0000-0000-0000-000000000000/resourceGroups/clitest.rg000001/providers/Microsoft.Network/networkInterfaces/adNic","resourceType":"Microsoft.Network/networkInterfaces","resourceName":"adNic"},{"id":"/subscriptions/00000000-0000-0000-0000-000000000000/resourceGroups/clitest.rg000001/providers/Microsoft.Compute/availabilitySets/adAvailabiltySet","resourceType":"Microsoft.Compute/availabilitySets","resourceName":"adAvailabiltySet"},{"id":"/subscriptions/00000000-0000-0000-0000-000000000000/resourceGroups/clitest.rg000001/providers/Microsoft.Network/loadBalancers/adLoadBalancer","resourceType":"Microsoft.Network/loadBalancers","resourceName":"adLoadBalancer"}],"id":"/subscriptions/00000000-0000-0000-0000-000000000000/resourceGroups/clitest.rg000001/providers/Microsoft.Compute/virtualMachines/adVM","resourceType":"Microsoft.Compute/virtualMachines","resourceName":"adVM"},{"dependsOn":[{"id":"/subscriptions/00000000-0000-0000-0000-000000000000/resourceGroups/clitest.rg000001/providers/Microsoft.Compute/virtualMachines/adVM","resourceType":"Microsoft.Compute/virtualMachines","resourceName":"adVM"}],"id":"/subscriptions/00000000-0000-0000-0000-000000000000/resourceGroups/clitest.rg000001/providers/Microsoft.Compute/virtualMachines/adVM/extensions/CreateADForest","resourceType":"Microsoft.Compute/virtualMachines/extensions","resourceName":"adVM/CreateADForest"},{"dependsOn":[{"id":"/subscriptions/00000000-0000-0000-0000-000000000000/resourceGroups/clitest.rg000001/providers/Microsoft.Compute/virtualMachines/adVM/extensions/CreateADForest","resourceType":"Microsoft.Compute/virtualMachines/extensions","resourceName":"adVM/CreateADForest"}],"id":"/subscriptions/00000000-0000-0000-0000-000000000000/resourceGroups/clitest.rg000001/providers/Microsoft.Resources/deployments/UpdateVNetDNS","resourceType":"Microsoft.Resources/deployments","resourceName":"UpdateVNetDNS"}]}}'
    headers:
      azure-asyncoperation:
      - https://management.azure.com/subscriptions/00000000-0000-0000-0000-000000000000/resourcegroups/clitest.rg000001/providers/Microsoft.Resources/deployments/domaintemplate/operationStatuses/08586305894482132193?api-version=2019-05-10
      cache-control:
      - no-cache
      content-length:
      - '5649'
      content-type:
      - application/json; charset=utf-8
      date:
      - Mon, 14 Oct 2019 01:43:58 GMT
      expires:
      - '-1'
      pragma:
      - no-cache
      strict-transport-security:
      - max-age=31536000; includeSubDomains
      x-content-type-options:
      - nosniff
      x-ms-ratelimit-remaining-subscription-writes:
      - '1195'
    status:
      code: 201
      message: Created
- request:
    body: null
    headers:
      Accept:
      - application/json
      Accept-Encoding:
      - gzip, deflate
      CommandName:
      - group deployment create
      Connection:
      - keep-alive
      ParameterSetName:
      - --name -g --template-uri --parameters
      User-Agent:
      - python/3.7.4 (Windows-10-10.0.18362-SP0) msrest/0.6.10 msrest_azure/0.6.2
        azure-mgmt-resource/4.0.0 Azure-SDK-For-Python AZURECLI/2.0.74
    method: GET
    uri: https://management.azure.com/subscriptions/00000000-0000-0000-0000-000000000000/resourcegroups/clitest.rg000001/providers/Microsoft.Resources/deployments/mock-deployment/operationStatuses/08586305894482132193?api-version=2019-05-10
  response:
    body:
      string: '{"status":"Running"}'
    headers:
      cache-control:
      - no-cache
      content-length:
      - '20'
      content-type:
      - application/json; charset=utf-8
      date:
      - Mon, 14 Oct 2019 01:44:29 GMT
      expires:
      - '-1'
      pragma:
      - no-cache
      strict-transport-security:
      - max-age=31536000; includeSubDomains
      vary:
      - Accept-Encoding
      x-content-type-options:
      - nosniff
    status:
      code: 200
      message: OK
- request:
    body: null
    headers:
      Accept:
      - application/json
      Accept-Encoding:
      - gzip, deflate
      CommandName:
      - group deployment create
      Connection:
      - keep-alive
      ParameterSetName:
      - --name -g --template-uri --parameters
      User-Agent:
      - python/3.7.4 (Windows-10-10.0.18362-SP0) msrest/0.6.10 msrest_azure/0.6.2
        azure-mgmt-resource/4.0.0 Azure-SDK-For-Python AZURECLI/2.0.74
    method: GET
    uri: https://management.azure.com/subscriptions/00000000-0000-0000-0000-000000000000/resourcegroups/clitest.rg000001/providers/Microsoft.Resources/deployments/mock-deployment/operationStatuses/08586305894482132193?api-version=2019-05-10
  response:
    body:
      string: '{"status":"Running"}'
    headers:
      cache-control:
      - no-cache
      content-length:
      - '20'
      content-type:
      - application/json; charset=utf-8
      date:
      - Mon, 14 Oct 2019 01:45:00 GMT
      expires:
      - '-1'
      pragma:
      - no-cache
      strict-transport-security:
      - max-age=31536000; includeSubDomains
      vary:
      - Accept-Encoding
      x-content-type-options:
      - nosniff
    status:
      code: 200
      message: OK
- request:
    body: null
    headers:
      Accept:
      - application/json
      Accept-Encoding:
      - gzip, deflate
      CommandName:
      - group deployment create
      Connection:
      - keep-alive
      ParameterSetName:
      - --name -g --template-uri --parameters
      User-Agent:
      - python/3.7.4 (Windows-10-10.0.18362-SP0) msrest/0.6.10 msrest_azure/0.6.2
        azure-mgmt-resource/4.0.0 Azure-SDK-For-Python AZURECLI/2.0.74
    method: GET
    uri: https://management.azure.com/subscriptions/00000000-0000-0000-0000-000000000000/resourcegroups/clitest.rg000001/providers/Microsoft.Resources/deployments/mock-deployment/operationStatuses/08586305894482132193?api-version=2019-05-10
  response:
    body:
      string: '{"status":"Running"}'
    headers:
      cache-control:
      - no-cache
      content-length:
      - '20'
      content-type:
      - application/json; charset=utf-8
      date:
      - Mon, 14 Oct 2019 01:45:30 GMT
      expires:
      - '-1'
      pragma:
      - no-cache
      strict-transport-security:
      - max-age=31536000; includeSubDomains
      vary:
      - Accept-Encoding
      x-content-type-options:
      - nosniff
    status:
      code: 200
      message: OK
- request:
    body: null
    headers:
      Accept:
      - application/json
      Accept-Encoding:
      - gzip, deflate
      CommandName:
      - group deployment create
      Connection:
      - keep-alive
      ParameterSetName:
      - --name -g --template-uri --parameters
      User-Agent:
      - python/3.7.4 (Windows-10-10.0.18362-SP0) msrest/0.6.10 msrest_azure/0.6.2
        azure-mgmt-resource/4.0.0 Azure-SDK-For-Python AZURECLI/2.0.74
    method: GET
    uri: https://management.azure.com/subscriptions/00000000-0000-0000-0000-000000000000/resourcegroups/clitest.rg000001/providers/Microsoft.Resources/deployments/mock-deployment/operationStatuses/08586305894482132193?api-version=2019-05-10
  response:
    body:
      string: '{"status":"Running"}'
    headers:
      cache-control:
      - no-cache
      content-length:
      - '20'
      content-type:
      - application/json; charset=utf-8
      date:
      - Mon, 14 Oct 2019 01:46:00 GMT
      expires:
      - '-1'
      pragma:
      - no-cache
      strict-transport-security:
      - max-age=31536000; includeSubDomains
      vary:
      - Accept-Encoding
      x-content-type-options:
      - nosniff
    status:
      code: 200
      message: OK
- request:
    body: null
    headers:
      Accept:
      - application/json
      Accept-Encoding:
      - gzip, deflate
      CommandName:
      - group deployment create
      Connection:
      - keep-alive
      ParameterSetName:
      - --name -g --template-uri --parameters
      User-Agent:
      - python/3.7.4 (Windows-10-10.0.18362-SP0) msrest/0.6.10 msrest_azure/0.6.2
        azure-mgmt-resource/4.0.0 Azure-SDK-For-Python AZURECLI/2.0.74
    method: GET
    uri: https://management.azure.com/subscriptions/00000000-0000-0000-0000-000000000000/resourcegroups/clitest.rg000001/providers/Microsoft.Resources/deployments/mock-deployment/operationStatuses/08586305894482132193?api-version=2019-05-10
  response:
    body:
      string: '{"status":"Running"}'
    headers:
      cache-control:
      - no-cache
      content-length:
      - '20'
      content-type:
      - application/json; charset=utf-8
      date:
      - Mon, 14 Oct 2019 01:46:30 GMT
      expires:
      - '-1'
      pragma:
      - no-cache
      strict-transport-security:
      - max-age=31536000; includeSubDomains
      vary:
      - Accept-Encoding
      x-content-type-options:
      - nosniff
    status:
      code: 200
      message: OK
- request:
    body: null
    headers:
      Accept:
      - application/json
      Accept-Encoding:
      - gzip, deflate
      CommandName:
      - group deployment create
      Connection:
      - keep-alive
      ParameterSetName:
      - --name -g --template-uri --parameters
      User-Agent:
      - python/3.7.4 (Windows-10-10.0.18362-SP0) msrest/0.6.10 msrest_azure/0.6.2
        azure-mgmt-resource/4.0.0 Azure-SDK-For-Python AZURECLI/2.0.74
    method: GET
    uri: https://management.azure.com/subscriptions/00000000-0000-0000-0000-000000000000/resourcegroups/clitest.rg000001/providers/Microsoft.Resources/deployments/mock-deployment/operationStatuses/08586305894482132193?api-version=2019-05-10
  response:
    body:
      string: '{"status":"Running"}'
    headers:
      cache-control:
      - no-cache
      content-length:
      - '20'
      content-type:
      - application/json; charset=utf-8
      date:
      - Mon, 14 Oct 2019 01:47:02 GMT
      expires:
      - '-1'
      pragma:
      - no-cache
      strict-transport-security:
      - max-age=31536000; includeSubDomains
      vary:
      - Accept-Encoding
      x-content-type-options:
      - nosniff
    status:
      code: 200
      message: OK
- request:
    body: null
    headers:
      Accept:
      - application/json
      Accept-Encoding:
      - gzip, deflate
      CommandName:
      - group deployment create
      Connection:
      - keep-alive
      ParameterSetName:
      - --name -g --template-uri --parameters
      User-Agent:
      - python/3.7.4 (Windows-10-10.0.18362-SP0) msrest/0.6.10 msrest_azure/0.6.2
        azure-mgmt-resource/4.0.0 Azure-SDK-For-Python AZURECLI/2.0.74
    method: GET
    uri: https://management.azure.com/subscriptions/00000000-0000-0000-0000-000000000000/resourcegroups/clitest.rg000001/providers/Microsoft.Resources/deployments/mock-deployment/operationStatuses/08586305894482132193?api-version=2019-05-10
  response:
    body:
      string: '{"status":"Running"}'
    headers:
      cache-control:
      - no-cache
      content-length:
      - '20'
      content-type:
      - application/json; charset=utf-8
      date:
      - Mon, 14 Oct 2019 01:47:32 GMT
      expires:
      - '-1'
      pragma:
      - no-cache
      strict-transport-security:
      - max-age=31536000; includeSubDomains
      vary:
      - Accept-Encoding
      x-content-type-options:
      - nosniff
    status:
      code: 200
      message: OK
- request:
    body: null
    headers:
      Accept:
      - application/json
      Accept-Encoding:
      - gzip, deflate
      CommandName:
      - group deployment create
      Connection:
      - keep-alive
      ParameterSetName:
      - --name -g --template-uri --parameters
      User-Agent:
      - python/3.7.4 (Windows-10-10.0.18362-SP0) msrest/0.6.10 msrest_azure/0.6.2
        azure-mgmt-resource/4.0.0 Azure-SDK-For-Python AZURECLI/2.0.74
    method: GET
    uri: https://management.azure.com/subscriptions/00000000-0000-0000-0000-000000000000/resourcegroups/clitest.rg000001/providers/Microsoft.Resources/deployments/mock-deployment/operationStatuses/08586305894482132193?api-version=2019-05-10
  response:
    body:
      string: '{"status":"Running"}'
    headers:
      cache-control:
      - no-cache
      content-length:
      - '20'
      content-type:
      - application/json; charset=utf-8
      date:
      - Mon, 14 Oct 2019 01:48:02 GMT
      expires:
      - '-1'
      pragma:
      - no-cache
      strict-transport-security:
      - max-age=31536000; includeSubDomains
      vary:
      - Accept-Encoding
      x-content-type-options:
      - nosniff
    status:
      code: 200
      message: OK
- request:
    body: null
    headers:
      Accept:
      - application/json
      Accept-Encoding:
      - gzip, deflate
      CommandName:
      - group deployment create
      Connection:
      - keep-alive
      ParameterSetName:
      - --name -g --template-uri --parameters
      User-Agent:
      - python/3.7.4 (Windows-10-10.0.18362-SP0) msrest/0.6.10 msrest_azure/0.6.2
        azure-mgmt-resource/4.0.0 Azure-SDK-For-Python AZURECLI/2.0.74
    method: GET
    uri: https://management.azure.com/subscriptions/00000000-0000-0000-0000-000000000000/resourcegroups/clitest.rg000001/providers/Microsoft.Resources/deployments/mock-deployment/operationStatuses/08586305894482132193?api-version=2019-05-10
  response:
    body:
      string: '{"status":"Running"}'
    headers:
      cache-control:
      - no-cache
      content-length:
      - '20'
      content-type:
      - application/json; charset=utf-8
      date:
      - Mon, 14 Oct 2019 01:48:33 GMT
      expires:
      - '-1'
      pragma:
      - no-cache
      strict-transport-security:
      - max-age=31536000; includeSubDomains
      vary:
      - Accept-Encoding
      x-content-type-options:
      - nosniff
    status:
      code: 200
      message: OK
- request:
    body: null
    headers:
      Accept:
      - application/json
      Accept-Encoding:
      - gzip, deflate
      CommandName:
      - group deployment create
      Connection:
      - keep-alive
      ParameterSetName:
      - --name -g --template-uri --parameters
      User-Agent:
      - python/3.7.4 (Windows-10-10.0.18362-SP0) msrest/0.6.10 msrest_azure/0.6.2
        azure-mgmt-resource/4.0.0 Azure-SDK-For-Python AZURECLI/2.0.74
    method: GET
    uri: https://management.azure.com/subscriptions/00000000-0000-0000-0000-000000000000/resourcegroups/clitest.rg000001/providers/Microsoft.Resources/deployments/mock-deployment/operationStatuses/08586305894482132193?api-version=2019-05-10
  response:
    body:
      string: '{"status":"Running"}'
    headers:
      cache-control:
      - no-cache
      content-length:
      - '20'
      content-type:
      - application/json; charset=utf-8
      date:
      - Mon, 14 Oct 2019 01:49:03 GMT
      expires:
      - '-1'
      pragma:
      - no-cache
      strict-transport-security:
      - max-age=31536000; includeSubDomains
      vary:
      - Accept-Encoding
      x-content-type-options:
      - nosniff
    status:
      code: 200
      message: OK
- request:
    body: null
    headers:
      Accept:
      - application/json
      Accept-Encoding:
      - gzip, deflate
      CommandName:
      - group deployment create
      Connection:
      - keep-alive
      ParameterSetName:
      - --name -g --template-uri --parameters
      User-Agent:
      - python/3.7.4 (Windows-10-10.0.18362-SP0) msrest/0.6.10 msrest_azure/0.6.2
        azure-mgmt-resource/4.0.0 Azure-SDK-For-Python AZURECLI/2.0.74
    method: GET
    uri: https://management.azure.com/subscriptions/00000000-0000-0000-0000-000000000000/resourcegroups/clitest.rg000001/providers/Microsoft.Resources/deployments/mock-deployment/operationStatuses/08586305894482132193?api-version=2019-05-10
  response:
    body:
      string: '{"status":"Running"}'
    headers:
      cache-control:
      - no-cache
      content-length:
      - '20'
      content-type:
      - application/json; charset=utf-8
      date:
      - Mon, 14 Oct 2019 01:49:34 GMT
      expires:
      - '-1'
      pragma:
      - no-cache
      strict-transport-security:
      - max-age=31536000; includeSubDomains
      vary:
      - Accept-Encoding
      x-content-type-options:
      - nosniff
    status:
      code: 200
      message: OK
- request:
    body: null
    headers:
      Accept:
      - application/json
      Accept-Encoding:
      - gzip, deflate
      CommandName:
      - group deployment create
      Connection:
      - keep-alive
      ParameterSetName:
      - --name -g --template-uri --parameters
      User-Agent:
      - python/3.7.4 (Windows-10-10.0.18362-SP0) msrest/0.6.10 msrest_azure/0.6.2
        azure-mgmt-resource/4.0.0 Azure-SDK-For-Python AZURECLI/2.0.74
    method: GET
    uri: https://management.azure.com/subscriptions/00000000-0000-0000-0000-000000000000/resourcegroups/clitest.rg000001/providers/Microsoft.Resources/deployments/mock-deployment/operationStatuses/08586305894482132193?api-version=2019-05-10
  response:
    body:
      string: '{"status":"Running"}'
    headers:
      cache-control:
      - no-cache
      content-length:
      - '20'
      content-type:
      - application/json; charset=utf-8
      date:
      - Mon, 14 Oct 2019 01:50:04 GMT
      expires:
      - '-1'
      pragma:
      - no-cache
      strict-transport-security:
      - max-age=31536000; includeSubDomains
      vary:
      - Accept-Encoding
      x-content-type-options:
      - nosniff
    status:
      code: 200
      message: OK
- request:
    body: null
    headers:
      Accept:
      - application/json
      Accept-Encoding:
      - gzip, deflate
      CommandName:
      - group deployment create
      Connection:
      - keep-alive
      ParameterSetName:
      - --name -g --template-uri --parameters
      User-Agent:
      - python/3.7.4 (Windows-10-10.0.18362-SP0) msrest/0.6.10 msrest_azure/0.6.2
        azure-mgmt-resource/4.0.0 Azure-SDK-For-Python AZURECLI/2.0.74
    method: GET
    uri: https://management.azure.com/subscriptions/00000000-0000-0000-0000-000000000000/resourcegroups/clitest.rg000001/providers/Microsoft.Resources/deployments/mock-deployment/operationStatuses/08586305894482132193?api-version=2019-05-10
  response:
    body:
      string: '{"status":"Running"}'
    headers:
      cache-control:
      - no-cache
      content-length:
      - '20'
      content-type:
      - application/json; charset=utf-8
      date:
      - Mon, 14 Oct 2019 01:50:35 GMT
      expires:
      - '-1'
      pragma:
      - no-cache
      strict-transport-security:
      - max-age=31536000; includeSubDomains
      vary:
      - Accept-Encoding
      x-content-type-options:
      - nosniff
    status:
      code: 200
      message: OK
- request:
    body: null
    headers:
      Accept:
      - application/json
      Accept-Encoding:
      - gzip, deflate
      CommandName:
      - group deployment create
      Connection:
      - keep-alive
      ParameterSetName:
      - --name -g --template-uri --parameters
      User-Agent:
      - python/3.7.4 (Windows-10-10.0.18362-SP0) msrest/0.6.10 msrest_azure/0.6.2
        azure-mgmt-resource/4.0.0 Azure-SDK-For-Python AZURECLI/2.0.74
    method: GET
    uri: https://management.azure.com/subscriptions/00000000-0000-0000-0000-000000000000/resourcegroups/clitest.rg000001/providers/Microsoft.Resources/deployments/mock-deployment/operationStatuses/08586305894482132193?api-version=2019-05-10
  response:
    body:
      string: '{"status":"Running"}'
    headers:
      cache-control:
      - no-cache
      content-length:
      - '20'
      content-type:
      - application/json; charset=utf-8
      date:
      - Mon, 14 Oct 2019 01:51:05 GMT
      expires:
      - '-1'
      pragma:
      - no-cache
      strict-transport-security:
      - max-age=31536000; includeSubDomains
      vary:
      - Accept-Encoding
      x-content-type-options:
      - nosniff
    status:
      code: 200
      message: OK
- request:
    body: null
    headers:
      Accept:
      - application/json
      Accept-Encoding:
      - gzip, deflate
      CommandName:
      - group deployment create
      Connection:
      - keep-alive
      ParameterSetName:
      - --name -g --template-uri --parameters
      User-Agent:
      - python/3.7.4 (Windows-10-10.0.18362-SP0) msrest/0.6.10 msrest_azure/0.6.2
        azure-mgmt-resource/4.0.0 Azure-SDK-For-Python AZURECLI/2.0.74
    method: GET
    uri: https://management.azure.com/subscriptions/00000000-0000-0000-0000-000000000000/resourcegroups/clitest.rg000001/providers/Microsoft.Resources/deployments/mock-deployment/operationStatuses/08586305894482132193?api-version=2019-05-10
  response:
    body:
      string: '{"status":"Running"}'
    headers:
      cache-control:
      - no-cache
      content-length:
      - '20'
      content-type:
      - application/json; charset=utf-8
      date:
      - Mon, 14 Oct 2019 01:51:35 GMT
      expires:
      - '-1'
      pragma:
      - no-cache
      strict-transport-security:
      - max-age=31536000; includeSubDomains
      vary:
      - Accept-Encoding
      x-content-type-options:
      - nosniff
    status:
      code: 200
      message: OK
- request:
    body: null
    headers:
      Accept:
      - application/json
      Accept-Encoding:
      - gzip, deflate
      CommandName:
      - group deployment create
      Connection:
      - keep-alive
      ParameterSetName:
      - --name -g --template-uri --parameters
      User-Agent:
      - python/3.7.4 (Windows-10-10.0.18362-SP0) msrest/0.6.10 msrest_azure/0.6.2
        azure-mgmt-resource/4.0.0 Azure-SDK-For-Python AZURECLI/2.0.74
    method: GET
    uri: https://management.azure.com/subscriptions/00000000-0000-0000-0000-000000000000/resourcegroups/clitest.rg000001/providers/Microsoft.Resources/deployments/mock-deployment/operationStatuses/08586305894482132193?api-version=2019-05-10
  response:
    body:
      string: '{"status":"Running"}'
    headers:
      cache-control:
      - no-cache
      content-length:
      - '20'
      content-type:
      - application/json; charset=utf-8
      date:
      - Mon, 14 Oct 2019 01:52:06 GMT
      expires:
      - '-1'
      pragma:
      - no-cache
      strict-transport-security:
      - max-age=31536000; includeSubDomains
      vary:
      - Accept-Encoding
      x-content-type-options:
      - nosniff
    status:
      code: 200
      message: OK
- request:
    body: null
    headers:
      Accept:
      - application/json
      Accept-Encoding:
      - gzip, deflate
      CommandName:
      - group deployment create
      Connection:
      - keep-alive
      ParameterSetName:
      - --name -g --template-uri --parameters
      User-Agent:
      - python/3.7.4 (Windows-10-10.0.18362-SP0) msrest/0.6.10 msrest_azure/0.6.2
        azure-mgmt-resource/4.0.0 Azure-SDK-For-Python AZURECLI/2.0.74
    method: GET
    uri: https://management.azure.com/subscriptions/00000000-0000-0000-0000-000000000000/resourcegroups/clitest.rg000001/providers/Microsoft.Resources/deployments/mock-deployment/operationStatuses/08586305894482132193?api-version=2019-05-10
  response:
    body:
      string: '{"status":"Running"}'
    headers:
      cache-control:
      - no-cache
      content-length:
      - '20'
      content-type:
      - application/json; charset=utf-8
      date:
      - Mon, 14 Oct 2019 01:52:36 GMT
      expires:
      - '-1'
      pragma:
      - no-cache
      strict-transport-security:
      - max-age=31536000; includeSubDomains
      vary:
      - Accept-Encoding
      x-content-type-options:
      - nosniff
    status:
      code: 200
      message: OK
- request:
    body: null
    headers:
      Accept:
      - application/json
      Accept-Encoding:
      - gzip, deflate
      CommandName:
      - group deployment create
      Connection:
      - keep-alive
      ParameterSetName:
      - --name -g --template-uri --parameters
      User-Agent:
      - python/3.7.4 (Windows-10-10.0.18362-SP0) msrest/0.6.10 msrest_azure/0.6.2
        azure-mgmt-resource/4.0.0 Azure-SDK-For-Python AZURECLI/2.0.74
    method: GET
    uri: https://management.azure.com/subscriptions/00000000-0000-0000-0000-000000000000/resourcegroups/clitest.rg000001/providers/Microsoft.Resources/deployments/mock-deployment/operationStatuses/08586305894482132193?api-version=2019-05-10
  response:
    body:
      string: '{"status":"Running"}'
    headers:
      cache-control:
      - no-cache
      content-length:
      - '20'
      content-type:
      - application/json; charset=utf-8
      date:
      - Mon, 14 Oct 2019 01:53:07 GMT
      expires:
      - '-1'
      pragma:
      - no-cache
      strict-transport-security:
      - max-age=31536000; includeSubDomains
      vary:
      - Accept-Encoding
      x-content-type-options:
      - nosniff
    status:
      code: 200
      message: OK
- request:
    body: null
    headers:
      Accept:
      - application/json
      Accept-Encoding:
      - gzip, deflate
      CommandName:
      - group deployment create
      Connection:
      - keep-alive
      ParameterSetName:
      - --name -g --template-uri --parameters
      User-Agent:
      - python/3.7.4 (Windows-10-10.0.18362-SP0) msrest/0.6.10 msrest_azure/0.6.2
        azure-mgmt-resource/4.0.0 Azure-SDK-For-Python AZURECLI/2.0.74
    method: GET
    uri: https://management.azure.com/subscriptions/00000000-0000-0000-0000-000000000000/resourcegroups/clitest.rg000001/providers/Microsoft.Resources/deployments/mock-deployment/operationStatuses/08586305894482132193?api-version=2019-05-10
  response:
    body:
      string: '{"status":"Running"}'
    headers:
      cache-control:
      - no-cache
      content-length:
      - '20'
      content-type:
      - application/json; charset=utf-8
      date:
      - Mon, 14 Oct 2019 01:53:37 GMT
      expires:
      - '-1'
      pragma:
      - no-cache
      strict-transport-security:
      - max-age=31536000; includeSubDomains
      vary:
      - Accept-Encoding
      x-content-type-options:
      - nosniff
    status:
      code: 200
      message: OK
- request:
    body: null
    headers:
      Accept:
      - application/json
      Accept-Encoding:
      - gzip, deflate
      CommandName:
      - group deployment create
      Connection:
      - keep-alive
      ParameterSetName:
      - --name -g --template-uri --parameters
      User-Agent:
      - python/3.7.4 (Windows-10-10.0.18362-SP0) msrest/0.6.10 msrest_azure/0.6.2
        azure-mgmt-resource/4.0.0 Azure-SDK-For-Python AZURECLI/2.0.74
    method: GET
    uri: https://management.azure.com/subscriptions/00000000-0000-0000-0000-000000000000/resourcegroups/clitest.rg000001/providers/Microsoft.Resources/deployments/mock-deployment/operationStatuses/08586305894482132193?api-version=2019-05-10
  response:
    body:
      string: '{"status":"Running"}'
    headers:
      cache-control:
      - no-cache
      content-length:
      - '20'
      content-type:
      - application/json; charset=utf-8
      date:
      - Mon, 14 Oct 2019 01:54:09 GMT
      expires:
      - '-1'
      pragma:
      - no-cache
      strict-transport-security:
      - max-age=31536000; includeSubDomains
      vary:
      - Accept-Encoding
      x-content-type-options:
      - nosniff
    status:
      code: 200
      message: OK
- request:
    body: null
    headers:
      Accept:
      - application/json
      Accept-Encoding:
      - gzip, deflate
      CommandName:
      - group deployment create
      Connection:
      - keep-alive
      ParameterSetName:
      - --name -g --template-uri --parameters
      User-Agent:
      - python/3.7.4 (Windows-10-10.0.18362-SP0) msrest/0.6.10 msrest_azure/0.6.2
        azure-mgmt-resource/4.0.0 Azure-SDK-For-Python AZURECLI/2.0.74
    method: GET
    uri: https://management.azure.com/subscriptions/00000000-0000-0000-0000-000000000000/resourcegroups/clitest.rg000001/providers/Microsoft.Resources/deployments/mock-deployment/operationStatuses/08586305894482132193?api-version=2019-05-10
  response:
    body:
      string: '{"status":"Running"}'
    headers:
      cache-control:
      - no-cache
      content-length:
      - '20'
      content-type:
      - application/json; charset=utf-8
      date:
      - Mon, 14 Oct 2019 01:54:39 GMT
      expires:
      - '-1'
      pragma:
      - no-cache
      strict-transport-security:
      - max-age=31536000; includeSubDomains
      vary:
      - Accept-Encoding
      x-content-type-options:
      - nosniff
    status:
      code: 200
      message: OK
- request:
    body: null
    headers:
      Accept:
      - application/json
      Accept-Encoding:
      - gzip, deflate
      CommandName:
      - group deployment create
      Connection:
      - keep-alive
      ParameterSetName:
      - --name -g --template-uri --parameters
      User-Agent:
      - python/3.7.4 (Windows-10-10.0.18362-SP0) msrest/0.6.10 msrest_azure/0.6.2
        azure-mgmt-resource/4.0.0 Azure-SDK-For-Python AZURECLI/2.0.74
    method: GET
    uri: https://management.azure.com/subscriptions/00000000-0000-0000-0000-000000000000/resourcegroups/clitest.rg000001/providers/Microsoft.Resources/deployments/mock-deployment/operationStatuses/08586305894482132193?api-version=2019-05-10
  response:
    body:
      string: '{"status":"Running"}'
    headers:
      cache-control:
      - no-cache
      content-length:
      - '20'
      content-type:
      - application/json; charset=utf-8
      date:
      - Mon, 14 Oct 2019 01:55:09 GMT
      expires:
      - '-1'
      pragma:
      - no-cache
      strict-transport-security:
      - max-age=31536000; includeSubDomains
      vary:
      - Accept-Encoding
      x-content-type-options:
      - nosniff
    status:
      code: 200
      message: OK
- request:
    body: null
    headers:
      Accept:
      - application/json
      Accept-Encoding:
      - gzip, deflate
      CommandName:
      - group deployment create
      Connection:
      - keep-alive
      ParameterSetName:
      - --name -g --template-uri --parameters
      User-Agent:
      - python/3.7.4 (Windows-10-10.0.18362-SP0) msrest/0.6.10 msrest_azure/0.6.2
        azure-mgmt-resource/4.0.0 Azure-SDK-For-Python AZURECLI/2.0.74
    method: GET
    uri: https://management.azure.com/subscriptions/00000000-0000-0000-0000-000000000000/resourcegroups/clitest.rg000001/providers/Microsoft.Resources/deployments/mock-deployment/operationStatuses/08586305894482132193?api-version=2019-05-10
  response:
    body:
      string: '{"status":"Running"}'
    headers:
      cache-control:
      - no-cache
      content-length:
      - '20'
      content-type:
      - application/json; charset=utf-8
      date:
      - Mon, 14 Oct 2019 01:55:40 GMT
      expires:
      - '-1'
      pragma:
      - no-cache
      strict-transport-security:
      - max-age=31536000; includeSubDomains
      vary:
      - Accept-Encoding
      x-content-type-options:
      - nosniff
    status:
      code: 200
      message: OK
- request:
    body: null
    headers:
      Accept:
      - application/json
      Accept-Encoding:
      - gzip, deflate
      CommandName:
      - group deployment create
      Connection:
      - keep-alive
      ParameterSetName:
      - --name -g --template-uri --parameters
      User-Agent:
      - python/3.7.4 (Windows-10-10.0.18362-SP0) msrest/0.6.10 msrest_azure/0.6.2
        azure-mgmt-resource/4.0.0 Azure-SDK-For-Python AZURECLI/2.0.74
    method: GET
    uri: https://management.azure.com/subscriptions/00000000-0000-0000-0000-000000000000/resourcegroups/clitest.rg000001/providers/Microsoft.Resources/deployments/mock-deployment/operationStatuses/08586305894482132193?api-version=2019-05-10
  response:
    body:
      string: '{"status":"Running"}'
    headers:
      cache-control:
      - no-cache
      content-length:
      - '20'
      content-type:
      - application/json; charset=utf-8
      date:
      - Mon, 14 Oct 2019 01:56:10 GMT
      expires:
      - '-1'
      pragma:
      - no-cache
      strict-transport-security:
      - max-age=31536000; includeSubDomains
      vary:
      - Accept-Encoding
      x-content-type-options:
      - nosniff
    status:
      code: 200
      message: OK
- request:
    body: null
    headers:
      Accept:
      - application/json
      Accept-Encoding:
      - gzip, deflate
      CommandName:
      - group deployment create
      Connection:
      - keep-alive
      ParameterSetName:
      - --name -g --template-uri --parameters
      User-Agent:
      - python/3.7.4 (Windows-10-10.0.18362-SP0) msrest/0.6.10 msrest_azure/0.6.2
        azure-mgmt-resource/4.0.0 Azure-SDK-For-Python AZURECLI/2.0.74
    method: GET
    uri: https://management.azure.com/subscriptions/00000000-0000-0000-0000-000000000000/resourcegroups/clitest.rg000001/providers/Microsoft.Resources/deployments/mock-deployment/operationStatuses/08586305894482132193?api-version=2019-05-10
  response:
    body:
      string: '{"status":"Running"}'
    headers:
      cache-control:
      - no-cache
      content-length:
      - '20'
      content-type:
      - application/json; charset=utf-8
      date:
      - Mon, 14 Oct 2019 01:56:40 GMT
      expires:
      - '-1'
      pragma:
      - no-cache
      strict-transport-security:
      - max-age=31536000; includeSubDomains
      vary:
      - Accept-Encoding
      x-content-type-options:
      - nosniff
    status:
      code: 200
      message: OK
- request:
    body: null
    headers:
      Accept:
      - application/json
      Accept-Encoding:
      - gzip, deflate
      CommandName:
      - group deployment create
      Connection:
      - keep-alive
      ParameterSetName:
      - --name -g --template-uri --parameters
      User-Agent:
      - python/3.7.4 (Windows-10-10.0.18362-SP0) msrest/0.6.10 msrest_azure/0.6.2
        azure-mgmt-resource/4.0.0 Azure-SDK-For-Python AZURECLI/2.0.74
    method: GET
    uri: https://management.azure.com/subscriptions/00000000-0000-0000-0000-000000000000/resourcegroups/clitest.rg000001/providers/Microsoft.Resources/deployments/mock-deployment/operationStatuses/08586305894482132193?api-version=2019-05-10
  response:
    body:
      string: '{"status":"Running"}'
    headers:
      cache-control:
      - no-cache
      content-length:
      - '20'
      content-type:
      - application/json; charset=utf-8
      date:
      - Mon, 14 Oct 2019 01:57:11 GMT
      expires:
      - '-1'
      pragma:
      - no-cache
      strict-transport-security:
      - max-age=31536000; includeSubDomains
      vary:
      - Accept-Encoding
      x-content-type-options:
      - nosniff
    status:
      code: 200
      message: OK
- request:
    body: null
    headers:
      Accept:
      - application/json
      Accept-Encoding:
      - gzip, deflate
      CommandName:
      - group deployment create
      Connection:
      - keep-alive
      ParameterSetName:
      - --name -g --template-uri --parameters
      User-Agent:
      - python/3.7.4 (Windows-10-10.0.18362-SP0) msrest/0.6.10 msrest_azure/0.6.2
        azure-mgmt-resource/4.0.0 Azure-SDK-For-Python AZURECLI/2.0.74
    method: GET
    uri: https://management.azure.com/subscriptions/00000000-0000-0000-0000-000000000000/resourcegroups/clitest.rg000001/providers/Microsoft.Resources/deployments/mock-deployment/operationStatuses/08586305894482132193?api-version=2019-05-10
  response:
    body:
      string: '{"status":"Running"}'
    headers:
      cache-control:
      - no-cache
      content-length:
      - '20'
      content-type:
      - application/json; charset=utf-8
      date:
      - Mon, 14 Oct 2019 01:57:41 GMT
      expires:
      - '-1'
      pragma:
      - no-cache
      strict-transport-security:
      - max-age=31536000; includeSubDomains
      vary:
      - Accept-Encoding
      x-content-type-options:
      - nosniff
    status:
      code: 200
      message: OK
- request:
    body: null
    headers:
      Accept:
      - application/json
      Accept-Encoding:
      - gzip, deflate
      CommandName:
      - group deployment create
      Connection:
      - keep-alive
      ParameterSetName:
      - --name -g --template-uri --parameters
      User-Agent:
      - python/3.7.4 (Windows-10-10.0.18362-SP0) msrest/0.6.10 msrest_azure/0.6.2
        azure-mgmt-resource/4.0.0 Azure-SDK-For-Python AZURECLI/2.0.74
    method: GET
    uri: https://management.azure.com/subscriptions/00000000-0000-0000-0000-000000000000/resourcegroups/clitest.rg000001/providers/Microsoft.Resources/deployments/mock-deployment/operationStatuses/08586305894482132193?api-version=2019-05-10
  response:
    body:
      string: '{"status":"Running"}'
    headers:
      cache-control:
      - no-cache
      content-length:
      - '20'
      content-type:
      - application/json; charset=utf-8
      date:
      - Mon, 14 Oct 2019 01:58:11 GMT
      expires:
      - '-1'
      pragma:
      - no-cache
      strict-transport-security:
      - max-age=31536000; includeSubDomains
      vary:
      - Accept-Encoding
      x-content-type-options:
      - nosniff
    status:
      code: 200
      message: OK
- request:
    body: null
    headers:
      Accept:
      - application/json
      Accept-Encoding:
      - gzip, deflate
      CommandName:
      - group deployment create
      Connection:
      - keep-alive
      ParameterSetName:
      - --name -g --template-uri --parameters
      User-Agent:
      - python/3.7.4 (Windows-10-10.0.18362-SP0) msrest/0.6.10 msrest_azure/0.6.2
        azure-mgmt-resource/4.0.0 Azure-SDK-For-Python AZURECLI/2.0.74
    method: GET
    uri: https://management.azure.com/subscriptions/00000000-0000-0000-0000-000000000000/resourcegroups/clitest.rg000001/providers/Microsoft.Resources/deployments/mock-deployment/operationStatuses/08586305894482132193?api-version=2019-05-10
  response:
    body:
      string: '{"status":"Running"}'
    headers:
      cache-control:
      - no-cache
      content-length:
      - '20'
      content-type:
      - application/json; charset=utf-8
      date:
      - Mon, 14 Oct 2019 01:58:42 GMT
      expires:
      - '-1'
      pragma:
      - no-cache
      strict-transport-security:
      - max-age=31536000; includeSubDomains
      vary:
      - Accept-Encoding
      x-content-type-options:
      - nosniff
    status:
      code: 200
      message: OK
- request:
    body: null
    headers:
      Accept:
      - application/json
      Accept-Encoding:
      - gzip, deflate
      CommandName:
      - group deployment create
      Connection:
      - keep-alive
      ParameterSetName:
      - --name -g --template-uri --parameters
      User-Agent:
      - python/3.7.4 (Windows-10-10.0.18362-SP0) msrest/0.6.10 msrest_azure/0.6.2
        azure-mgmt-resource/4.0.0 Azure-SDK-For-Python AZURECLI/2.0.74
    method: GET
    uri: https://management.azure.com/subscriptions/00000000-0000-0000-0000-000000000000/resourcegroups/clitest.rg000001/providers/Microsoft.Resources/deployments/mock-deployment/operationStatuses/08586305894482132193?api-version=2019-05-10
  response:
    body:
      string: '{"status":"Running"}'
    headers:
      cache-control:
      - no-cache
      content-length:
      - '20'
      content-type:
      - application/json; charset=utf-8
      date:
      - Mon, 14 Oct 2019 01:59:13 GMT
      expires:
      - '-1'
      pragma:
      - no-cache
      strict-transport-security:
      - max-age=31536000; includeSubDomains
      vary:
      - Accept-Encoding
      x-content-type-options:
      - nosniff
    status:
      code: 200
      message: OK
- request:
    body: null
    headers:
      Accept:
      - application/json
      Accept-Encoding:
      - gzip, deflate
      CommandName:
      - group deployment create
      Connection:
      - keep-alive
      ParameterSetName:
      - --name -g --template-uri --parameters
      User-Agent:
      - python/3.7.4 (Windows-10-10.0.18362-SP0) msrest/0.6.10 msrest_azure/0.6.2
        azure-mgmt-resource/4.0.0 Azure-SDK-For-Python AZURECLI/2.0.74
    method: GET
    uri: https://management.azure.com/subscriptions/00000000-0000-0000-0000-000000000000/resourcegroups/clitest.rg000001/providers/Microsoft.Resources/deployments/mock-deployment/operationStatuses/08586305894482132193?api-version=2019-05-10
  response:
    body:
      string: '{"status":"Running"}'
    headers:
      cache-control:
      - no-cache
      content-length:
      - '20'
      content-type:
      - application/json; charset=utf-8
      date:
      - Mon, 14 Oct 2019 01:59:44 GMT
      expires:
      - '-1'
      pragma:
      - no-cache
      strict-transport-security:
      - max-age=31536000; includeSubDomains
      vary:
      - Accept-Encoding
      x-content-type-options:
      - nosniff
    status:
      code: 200
      message: OK
- request:
    body: null
    headers:
      Accept:
      - application/json
      Accept-Encoding:
      - gzip, deflate
      CommandName:
      - group deployment create
      Connection:
      - keep-alive
      ParameterSetName:
      - --name -g --template-uri --parameters
      User-Agent:
      - python/3.7.4 (Windows-10-10.0.18362-SP0) msrest/0.6.10 msrest_azure/0.6.2
        azure-mgmt-resource/4.0.0 Azure-SDK-For-Python AZURECLI/2.0.74
    method: GET
    uri: https://management.azure.com/subscriptions/00000000-0000-0000-0000-000000000000/resourcegroups/clitest.rg000001/providers/Microsoft.Resources/deployments/mock-deployment/operationStatuses/08586305894482132193?api-version=2019-05-10
  response:
    body:
      string: '{"status":"Running"}'
    headers:
      cache-control:
      - no-cache
      content-length:
      - '20'
      content-type:
      - application/json; charset=utf-8
      date:
      - Mon, 14 Oct 2019 02:00:14 GMT
      expires:
      - '-1'
      pragma:
      - no-cache
      strict-transport-security:
      - max-age=31536000; includeSubDomains
      vary:
      - Accept-Encoding
      x-content-type-options:
      - nosniff
    status:
      code: 200
      message: OK
- request:
    body: null
    headers:
      Accept:
      - application/json
      Accept-Encoding:
      - gzip, deflate
      CommandName:
      - group deployment create
      Connection:
      - keep-alive
      ParameterSetName:
      - --name -g --template-uri --parameters
      User-Agent:
      - python/3.7.4 (Windows-10-10.0.18362-SP0) msrest/0.6.10 msrest_azure/0.6.2
        azure-mgmt-resource/4.0.0 Azure-SDK-For-Python AZURECLI/2.0.74
    method: GET
    uri: https://management.azure.com/subscriptions/00000000-0000-0000-0000-000000000000/resourcegroups/clitest.rg000001/providers/Microsoft.Resources/deployments/mock-deployment/operationStatuses/08586305894482132193?api-version=2019-05-10
  response:
    body:
      string: '{"status":"Failed","error":{"code":"DeploymentFailed","message":"At
        least one resource deployment operation failed. Please list deployment operations
        for details. Please see https://aka.ms/arm-debug for usage details.","details":[{"code":"Conflict","message":"{\r\n  \"status\":
        \"Failed\",\r\n  \"error\": {\r\n    \"code\": \"ResourceDeploymentFailure\",\r\n    \"message\":
        \"The resource operation completed with terminal provisioning state ''Failed''.\",\r\n    \"details\":
        [\r\n      {\r\n        \"code\": \"VMExtensionProvisioningError\",\r\n        \"message\":
        \"VM has reported a failure when processing extension ''CreateADForest''.
        Error message: \\\"DSC Configuration ''CreateADPDC'' completed with error(s).
        Following are the first few: Exception of type ''System.OutOfMemoryException''
        was thrown. The PowerShell DSC resource ''[WindowsFeature]ADDSTools'' with
        SourceInfo ''C:\\\\Packages\\\\Plugins\\\\Microsoft.Powershell.DSC\\\\2.80.0.0\\\\DSCWork\\\\CreateADPDC.0\\\\CreateADPDC.ps1::79::9::WindowsFeature''
        threw one or more non-terminating errors while running the Set-TargetResource
        functionality. These errors are logged to the ETW channel called Microsoft-Windows-DSC/Operational.
        Refer to this channel for more details. Decryption failed.\\\".\"\r\n      }\r\n    ]\r\n  }\r\n}"}]}}'
    headers:
      cache-control:
      - no-cache
      content-length:
      - '1297'
      content-type:
      - application/json; charset=utf-8
      date:
      - Mon, 14 Oct 2019 02:00:44 GMT
      expires:
      - '-1'
      pragma:
      - no-cache
      strict-transport-security:
      - max-age=31536000; includeSubDomains
      vary:
      - Accept-Encoding
      x-content-type-options:
      - nosniff
    status:
      code: 200
      message: OK
version: 1
