interactions:
- request:
    body: null
    headers:
      Accept:
      - application/json
      Accept-Encoding:
      - gzip, deflate
      CommandName:
      - mysql server create
      Connection:
      - keep-alive
      ParameterSetName:
      - -g -n -l --storage-size --version --sku-name --public-network-access --backup-retention
        --geo-redundant-backup --auto-grow -u
      User-Agent:
      - AZURECLI/2.52.0 azsdk-python-azure-mgmt-resource/23.1.0b2 Python/3.8.10 (Windows-10-10.0.22621-SP0)
    method: HEAD
    uri: https://management.azure.com/subscriptions/00000000-0000-0000-0000-000000000000/resourcegroups/clitest.rg000001?api-version=2022-09-01
  response:
    body:
      string: ''
    headers:
      cache-control:
      - no-cache
      content-length:
      - '0'
      date:
      - Tue, 12 Sep 2023 09:41:01 GMT
      expires:
      - '-1'
      pragma:
      - no-cache
      strict-transport-security:
      - max-age=31536000; includeSubDomains
      x-content-type-options:
      - nosniff
    status:
      code: 204
      message: No Content
- request:
    body: null
    headers:
      Accept:
      - application/json
      Accept-Encoding:
      - gzip, deflate
      CommandName:
      - mysql server create
      Connection:
      - keep-alive
      ParameterSetName:
      - -g -n -l --storage-size --version --sku-name --public-network-access --backup-retention
        --geo-redundant-backup --auto-grow -u
      User-Agent:
      - AZURECLI/2.52.0 azsdk-python-azure-mgmt-resource/23.1.0b2 Python/3.8.10 (Windows-10-10.0.22621-SP0)
    method: GET
    uri: https://management.azure.com/subscriptions/00000000-0000-0000-0000-000000000000/resourcegroups/clitest.rg000001?api-version=2022-09-01
  response:
    body:
      string: '{"id":"/subscriptions/00000000-0000-0000-0000-000000000000/resourceGroups/clitest.rg000001","name":"clitest.rg000001","type":"Microsoft.Resources/resourceGroups","location":"eastus2euap","tags":{"product":"azurecli","cause":"automation","test":"test_mysql_flexible_server_import_create","date":"2023-09-12T09:40:59Z","module":"mysql"},"properties":{"provisioningState":"Succeeded"}}'
    headers:
      cache-control:
      - no-cache
      content-length:
      - '382'
      content-type:
      - application/json; charset=utf-8
      date:
      - Tue, 12 Sep 2023 09:41:01 GMT
      expires:
      - '-1'
      pragma:
      - no-cache
      strict-transport-security:
      - max-age=31536000; includeSubDomains
      vary:
      - Accept-Encoding
      x-content-type-options:
      - nosniff
    status:
      code: 200
      message: OK
- request:
    body: '{"name": "azuredbclitest-000002", "type": "Microsoft.DBforMySQL/servers"}'
    headers:
      Accept:
      - application/json
      Accept-Encoding:
      - gzip, deflate
      CommandName:
      - mysql server create
      Connection:
      - keep-alive
      Content-Length:
      - '73'
      Content-Type:
      - application/json
      ParameterSetName:
      - -g -n -l --storage-size --version --sku-name --public-network-access --backup-retention
        --geo-redundant-backup --auto-grow -u
      User-Agent:
      - AZURECLI/2.52.0 azsdk-python-mgmt-rdbms/10.2.0b10 Python/3.8.10 (Windows-10-10.0.22621-SP0)
    method: POST
    uri: https://management.azure.com/subscriptions/00000000-0000-0000-0000-000000000000/providers/Microsoft.DBforMySQL/checkNameAvailability?api-version=2017-12-01
  response:
    body:
      string: '{"nameAvailable":true,"message":""}'
    headers:
      cache-control:
      - no-cache
      content-length:
      - '35'
      content-type:
      - application/json; charset=utf-8
      date:
      - Tue, 12 Sep 2023 09:41:04 GMT
      expires:
      - '-1'
      pragma:
      - no-cache
      server:
      - Microsoft-HTTPAPI/2.0
      strict-transport-security:
      - max-age=31536000; includeSubDomains
      transfer-encoding:
      - chunked
      vary:
      - Accept-Encoding
      x-content-type-options:
      - nosniff
      x-ms-ratelimit-remaining-subscription-writes:
      - '1199'
    status:
      code: 200
      message: OK
- request:
    body: '{"sku": {"name": "GP_Gen5_4"}, "properties": {"version": "5.7", "publicNetworkAccess":
      "Enabled", "storageProfile": {"backupRetentionDays": 10, "geoRedundantBackup":
      "Enabled", "storageMB": 51200, "storageAutogrow": "Enabled"}, "createMode":
      "Default", "administratorLogin": "mysqluser", "administratorLoginPassword":
      "bkbbsRTSSv7l3OXMTSV4Sw"}, "location": "westus2"}'
    headers:
      Accept:
      - application/json
      Accept-Encoding:
      - gzip, deflate
      CommandName:
      - mysql server create
      Connection:
      - keep-alive
      Content-Length:
      - '367'
      Content-Type:
      - application/json
      ParameterSetName:
      - -g -n -l --storage-size --version --sku-name --public-network-access --backup-retention
        --geo-redundant-backup --auto-grow -u
      User-Agent:
      - AZURECLI/2.52.0 azsdk-python-mgmt-rdbms/10.2.0b10 Python/3.8.10 (Windows-10-10.0.22621-SP0)
    method: PUT
    uri: https://management.azure.com/subscriptions/00000000-0000-0000-0000-000000000000/resourceGroups/clitest.rg000001/providers/Microsoft.DBforMySQL/servers/azuredbclitest-000002?api-version=2017-12-01
  response:
    body:
      string: '{"operation":"UpsertElasticServer","startTime":"2023-09-12T09:41:09.863Z"}'
    headers:
      azure-asyncoperation:
      - https://management.azure.com/subscriptions/00000000-0000-0000-0000-000000000000/providers/Microsoft.DBforMySQL/locations/westus2/azureAsyncOperation/63b1a2a1-8820-42e1-975f-08c970bec042?api-version=2017-12-01
      cache-control:
      - no-cache
      content-length:
      - '74'
      content-type:
      - application/json; charset=utf-8
      date:
      - Tue, 12 Sep 2023 09:41:12 GMT
      expires:
      - '-1'
      location:
      - https://management.azure.com/subscriptions/00000000-0000-0000-0000-000000000000/providers/Microsoft.DBforMySQL/locations/westus2/operationResults/63b1a2a1-8820-42e1-975f-08c970bec042?api-version=2017-12-01
      pragma:
      - no-cache
      server:
      - Microsoft-HTTPAPI/2.0
      strict-transport-security:
      - max-age=31536000; includeSubDomains
      x-content-type-options:
      - nosniff
      x-ms-ratelimit-remaining-subscription-writes:
      - '1199'
    status:
      code: 202
      message: Accepted
- request:
    body: null
    headers:
      Accept:
      - '*/*'
      Accept-Encoding:
      - gzip, deflate
      CommandName:
      - mysql server create
      Connection:
      - keep-alive
      ParameterSetName:
      - -g -n -l --storage-size --version --sku-name --public-network-access --backup-retention
        --geo-redundant-backup --auto-grow -u
      User-Agent:
      - AZURECLI/2.52.0 azsdk-python-mgmt-rdbms/10.2.0b10 Python/3.8.10 (Windows-10-10.0.22621-SP0)
    method: GET
    uri: https://management.azure.com/subscriptions/00000000-0000-0000-0000-000000000000/providers/Microsoft.DBforMySQL/locations/westus2/azureAsyncOperation/63b1a2a1-8820-42e1-975f-08c970bec042?api-version=2017-12-01
  response:
    body:
      string: '{"name":"63b1a2a1-8820-42e1-975f-08c970bec042","status":"InProgress","startTime":"2023-09-12T09:41:09.863Z"}'
    headers:
      cache-control:
      - no-cache
      content-length:
      - '108'
      content-type:
      - application/json; charset=utf-8
      date:
      - Tue, 12 Sep 2023 09:41:12 GMT
      expires:
      - '-1'
      pragma:
      - no-cache
      server:
      - Microsoft-HTTPAPI/2.0
      strict-transport-security:
      - max-age=31536000; includeSubDomains
      transfer-encoding:
      - chunked
      vary:
      - Accept-Encoding
      x-content-type-options:
      - nosniff
    status:
      code: 200
      message: OK
- request:
    body: null
    headers:
      Accept:
      - '*/*'
      Accept-Encoding:
      - gzip, deflate
      CommandName:
      - mysql server create
      Connection:
      - keep-alive
      ParameterSetName:
      - -g -n -l --storage-size --version --sku-name --public-network-access --backup-retention
        --geo-redundant-backup --auto-grow -u
      User-Agent:
      - AZURECLI/2.52.0 azsdk-python-mgmt-rdbms/10.2.0b10 Python/3.8.10 (Windows-10-10.0.22621-SP0)
    method: GET
    uri: https://management.azure.com/subscriptions/00000000-0000-0000-0000-000000000000/providers/Microsoft.DBforMySQL/locations/westus2/azureAsyncOperation/63b1a2a1-8820-42e1-975f-08c970bec042?api-version=2017-12-01
  response:
    body:
      string: '{"name":"63b1a2a1-8820-42e1-975f-08c970bec042","status":"InProgress","startTime":"2023-09-12T09:41:09.863Z"}'
    headers:
      cache-control:
      - no-cache
      content-length:
      - '108'
      content-type:
      - application/json; charset=utf-8
      date:
      - Tue, 12 Sep 2023 09:42:13 GMT
      expires:
      - '-1'
      pragma:
      - no-cache
      server:
      - Microsoft-HTTPAPI/2.0
      strict-transport-security:
      - max-age=31536000; includeSubDomains
      transfer-encoding:
      - chunked
      vary:
      - Accept-Encoding
      x-content-type-options:
      - nosniff
    status:
      code: 200
      message: OK
- request:
    body: null
    headers:
      Accept:
      - '*/*'
      Accept-Encoding:
      - gzip, deflate
      CommandName:
      - mysql server create
      Connection:
      - keep-alive
      ParameterSetName:
      - -g -n -l --storage-size --version --sku-name --public-network-access --backup-retention
        --geo-redundant-backup --auto-grow -u
      User-Agent:
      - AZURECLI/2.52.0 azsdk-python-mgmt-rdbms/10.2.0b10 Python/3.8.10 (Windows-10-10.0.22621-SP0)
    method: GET
    uri: https://management.azure.com/subscriptions/00000000-0000-0000-0000-000000000000/providers/Microsoft.DBforMySQL/locations/westus2/azureAsyncOperation/63b1a2a1-8820-42e1-975f-08c970bec042?api-version=2017-12-01
  response:
    body:
      string: '{"name":"63b1a2a1-8820-42e1-975f-08c970bec042","status":"Succeeded","startTime":"2023-09-12T09:41:09.863Z"}'
    headers:
      cache-control:
      - no-cache
      content-length:
      - '107'
      content-type:
      - application/json; charset=utf-8
      date:
      - Tue, 12 Sep 2023 09:43:14 GMT
      expires:
      - '-1'
      pragma:
      - no-cache
      server:
      - Microsoft-HTTPAPI/2.0
      strict-transport-security:
      - max-age=31536000; includeSubDomains
      transfer-encoding:
      - chunked
      vary:
      - Accept-Encoding
      x-content-type-options:
      - nosniff
    status:
      code: 200
      message: OK
- request:
    body: null
    headers:
      Accept:
      - '*/*'
      Accept-Encoding:
      - gzip, deflate
      CommandName:
      - mysql server create
      Connection:
      - keep-alive
      ParameterSetName:
      - -g -n -l --storage-size --version --sku-name --public-network-access --backup-retention
        --geo-redundant-backup --auto-grow -u
      User-Agent:
      - AZURECLI/2.52.0 azsdk-python-mgmt-rdbms/10.2.0b10 Python/3.8.10 (Windows-10-10.0.22621-SP0)
    method: GET
    uri: https://management.azure.com/subscriptions/00000000-0000-0000-0000-000000000000/resourceGroups/clitest.rg000001/providers/Microsoft.DBforMySQL/servers/azuredbclitest-000002?api-version=2017-12-01
  response:
    body:
      string: '{"sku":{"name":"GP_Gen5_4","tier":"GeneralPurpose","family":"Gen5","capacity":4},"properties":{"administratorLogin":"mysqluser","storageProfile":{"storageMB":51200,"backupRetentionDays":10,"geoRedundantBackup":"Enabled","storageAutogrow":"Enabled"},"version":"5.7","sslEnforcement":"Enabled","minimalTlsVersion":"TLSEnforcementDisabled","userVisibleState":"Ready","fullyQualifiedDomainName":"azuredbclitest-000002.mysql.database.azure.com","earliestRestoreDate":"2023-09-12T09:51:11.487+00:00","replicationRole":"None","masterServerId":"","replicaCapacity":5,"byokEnforcement":"Disabled","privateEndpointConnections":[],"infrastructureEncryption":"Disabled","publicNetworkAccess":"Enabled"},"location":"westus2","id":"/subscriptions/00000000-0000-0000-0000-000000000000/resourceGroups/clitest.rg000001/providers/Microsoft.DBforMySQL/servers/azuredbclitest-000002","name":"azuredbclitest-000002","type":"Microsoft.DBforMySQL/servers"}'
    headers:
      cache-control:
      - no-cache
      content-length:
      - '933'
      content-type:
      - application/json; charset=utf-8
      date:
      - Tue, 12 Sep 2023 09:43:15 GMT
      expires:
      - '-1'
      pragma:
      - no-cache
      server:
      - Microsoft-HTTPAPI/2.0
      strict-transport-security:
      - max-age=31536000; includeSubDomains
      transfer-encoding:
      - chunked
      vary:
      - Accept-Encoding
      x-content-type-options:
      - nosniff
    status:
      code: 200
      message: OK
- request:
    body: '{"properties": {"startIpAddress": "0.0.0.0", "endIpAddress": "255.255.255.255"}}'
    headers:
      Accept:
      - application/json
      Accept-Encoding:
      - gzip, deflate
      CommandName:
      - mysql server create
      Connection:
      - keep-alive
      Content-Length:
      - '80'
      Content-Type:
      - application/json
      ParameterSetName:
      - -g -n -l --storage-size --version --sku-name --public-network-access --backup-retention
        --geo-redundant-backup --auto-grow -u
      User-Agent:
      - AZURECLI/2.52.0 azsdk-python-mgmt-rdbms/10.2.0b10 Python/3.8.10 (Windows-10-10.0.22621-SP0)
    method: PUT
    uri: https://management.azure.com/subscriptions/00000000-0000-0000-0000-000000000000/resourceGroups/clitest.rg000001/providers/Microsoft.DBforMySQL/servers/azuredbclitest-000002/firewallRules/AllowAll_2023-9-12_15-13-16?api-version=2017-12-01
  response:
    body:
      string: '{"operation":"UpsertElasticServerFirewallRules","startTime":"2023-09-12T09:43:17.993Z"}'
    headers:
      azure-asyncoperation:
      - https://management.azure.com/subscriptions/00000000-0000-0000-0000-000000000000/providers/Microsoft.DBforMySQL/locations/westus2/azureAsyncOperation/98c4aa29-cd5b-4697-9035-cfccb7e65fa8?api-version=2017-12-01
      cache-control:
      - no-cache
      content-length:
      - '87'
      content-type:
      - application/json; charset=utf-8
      date:
      - Tue, 12 Sep 2023 09:43:18 GMT
      expires:
      - '-1'
      location:
      - https://management.azure.com/subscriptions/00000000-0000-0000-0000-000000000000/providers/Microsoft.DBforMySQL/locations/westus2/operationResults/98c4aa29-cd5b-4697-9035-cfccb7e65fa8?api-version=2017-12-01
      pragma:
      - no-cache
      server:
      - Microsoft-HTTPAPI/2.0
      strict-transport-security:
      - max-age=31536000; includeSubDomains
      x-content-type-options:
      - nosniff
      x-ms-ratelimit-remaining-subscription-writes:
      - '1199'
    status:
      code: 202
      message: Accepted
- request:
    body: null
    headers:
      Accept:
      - '*/*'
      Accept-Encoding:
      - gzip, deflate
      CommandName:
      - mysql server create
      Connection:
      - keep-alive
      ParameterSetName:
      - -g -n -l --storage-size --version --sku-name --public-network-access --backup-retention
        --geo-redundant-backup --auto-grow -u
      User-Agent:
      - AZURECLI/2.52.0 azsdk-python-mgmt-rdbms/10.2.0b10 Python/3.8.10 (Windows-10-10.0.22621-SP0)
    method: GET
    uri: https://management.azure.com/subscriptions/00000000-0000-0000-0000-000000000000/providers/Microsoft.DBforMySQL/locations/westus2/azureAsyncOperation/98c4aa29-cd5b-4697-9035-cfccb7e65fa8?api-version=2017-12-01
  response:
    body:
      string: '{"name":"98c4aa29-cd5b-4697-9035-cfccb7e65fa8","status":"Succeeded","startTime":"2023-09-12T09:43:17.993Z"}'
    headers:
      cache-control:
      - no-cache
      content-length:
      - '107'
      content-type:
      - application/json; charset=utf-8
      date:
      - Tue, 12 Sep 2023 09:43:18 GMT
      expires:
      - '-1'
      pragma:
      - no-cache
      server:
      - Microsoft-HTTPAPI/2.0
      strict-transport-security:
      - max-age=31536000; includeSubDomains
      transfer-encoding:
      - chunked
      vary:
      - Accept-Encoding
      x-content-type-options:
      - nosniff
    status:
      code: 200
      message: OK
- request:
    body: null
    headers:
      Accept:
      - '*/*'
      Accept-Encoding:
      - gzip, deflate
      CommandName:
      - mysql server create
      Connection:
      - keep-alive
      ParameterSetName:
      - -g -n -l --storage-size --version --sku-name --public-network-access --backup-retention
        --geo-redundant-backup --auto-grow -u
      User-Agent:
      - AZURECLI/2.52.0 azsdk-python-mgmt-rdbms/10.2.0b10 Python/3.8.10 (Windows-10-10.0.22621-SP0)
    method: GET
    uri: https://management.azure.com/subscriptions/00000000-0000-0000-0000-000000000000/resourceGroups/clitest.rg000001/providers/Microsoft.DBforMySQL/servers/azuredbclitest-000002/firewallRules/AllowAll_2023-9-12_15-13-16?api-version=2017-12-01
  response:
    body:
      string: '{"properties":{"startIpAddress":"0.0.0.0","endIpAddress":"255.255.255.255"},"id":"/subscriptions/00000000-0000-0000-0000-000000000000/resourceGroups/clitest.rg000001/providers/Microsoft.DBforMySQL/servers/azuredbclitest-000002/firewallRules/AllowAll_2023-9-12_15-13-16","name":"AllowAll_2023-9-12_15-13-16","type":"Microsoft.DBforMySQL/servers/firewallRules"}'
    headers:
      cache-control:
      - no-cache
      content-length:
      - '359'
      content-type:
      - application/json; charset=utf-8
      date:
      - Tue, 12 Sep 2023 09:43:18 GMT
      expires:
      - '-1'
      pragma:
      - no-cache
      server:
      - Microsoft-HTTPAPI/2.0
      strict-transport-security:
      - max-age=31536000; includeSubDomains
      transfer-encoding:
      - chunked
      vary:
      - Accept-Encoding
      x-content-type-options:
      - nosniff
    status:
      code: 200
      message: OK
- request:
    body: null
    headers:
      Accept:
      - application/json
      Accept-Encoding:
      - gzip, deflate
      CommandName:
      - mysql server create
      Connection:
      - keep-alive
      ParameterSetName:
      - -g -n -l --storage-size --version --sku-name --public-network-access --backup-retention
        --geo-redundant-backup --auto-grow -u
      User-Agent:
      - AZURECLI/2.52.0 azsdk-python-mgmt-rdbms/10.2.0b10 Python/3.8.10 (Windows-10-10.0.22621-SP0)
    method: GET
    uri: https://management.azure.com/subscriptions/00000000-0000-0000-0000-000000000000/resourceGroups/clitest.rg000001/providers/Microsoft.DBforMySQL/servers/azuredbclitest-000002/databases/defaultdb?api-version=2017-12-01
  response:
    body:
      string: '{"error":{"code":"ResourceNotFound","message":"The requested resource
        of type ''Microsoft.DBforMySQL/servers/databases'' with name ''defaultdb''
        was not found."}}'
    headers:
      cache-control:
      - no-cache
      content-length:
      - '158'
      content-type:
      - application/json; charset=utf-8
      date:
      - Tue, 12 Sep 2023 09:43:20 GMT
      expires:
      - '-1'
      pragma:
      - no-cache
      server:
      - Microsoft-HTTPAPI/2.0
      strict-transport-security:
      - max-age=31536000; includeSubDomains
      x-content-type-options:
      - nosniff
    status:
      code: 404
      message: Not Found
- request:
    body: '{"properties": {"charset": "utf8"}}'
    headers:
      Accept:
      - application/json
      Accept-Encoding:
      - gzip, deflate
      CommandName:
      - mysql server create
      Connection:
      - keep-alive
      Content-Length:
      - '35'
      Content-Type:
      - application/json
      ParameterSetName:
      - -g -n -l --storage-size --version --sku-name --public-network-access --backup-retention
        --geo-redundant-backup --auto-grow -u
      User-Agent:
      - AZURECLI/2.52.0 azsdk-python-mgmt-rdbms/10.2.0b10 Python/3.8.10 (Windows-10-10.0.22621-SP0)
    method: PUT
    uri: https://management.azure.com/subscriptions/00000000-0000-0000-0000-000000000000/resourceGroups/clitest.rg000001/providers/Microsoft.DBforMySQL/servers/azuredbclitest-000002/databases/defaultdb?api-version=2017-12-01
  response:
    body:
      string: '{"operation":"UpsertElasticServerDatabase","startTime":"2023-09-12T09:43:23.083Z"}'
    headers:
      azure-asyncoperation:
      - https://management.azure.com/subscriptions/00000000-0000-0000-0000-000000000000/providers/Microsoft.DBforMySQL/locations/westus2/azureAsyncOperation/a60b58de-a3f3-46b2-892f-8312f935598b?api-version=2017-12-01
      cache-control:
      - no-cache
      content-length:
      - '82'
      content-type:
      - application/json; charset=utf-8
      date:
      - Tue, 12 Sep 2023 09:43:23 GMT
      expires:
      - '-1'
      location:
      - https://management.azure.com/subscriptions/00000000-0000-0000-0000-000000000000/providers/Microsoft.DBforMySQL/locations/westus2/operationResults/a60b58de-a3f3-46b2-892f-8312f935598b?api-version=2017-12-01
      pragma:
      - no-cache
      server:
      - Microsoft-HTTPAPI/2.0
      strict-transport-security:
      - max-age=31536000; includeSubDomains
      x-content-type-options:
      - nosniff
      x-ms-ratelimit-remaining-subscription-writes:
      - '1199'
    status:
      code: 202
      message: Accepted
- request:
    body: null
    headers:
      Accept:
      - '*/*'
      Accept-Encoding:
      - gzip, deflate
      CommandName:
      - mysql server create
      Connection:
      - keep-alive
      ParameterSetName:
      - -g -n -l --storage-size --version --sku-name --public-network-access --backup-retention
        --geo-redundant-backup --auto-grow -u
      User-Agent:
      - AZURECLI/2.52.0 azsdk-python-mgmt-rdbms/10.2.0b10 Python/3.8.10 (Windows-10-10.0.22621-SP0)
    method: GET
    uri: https://management.azure.com/subscriptions/00000000-0000-0000-0000-000000000000/providers/Microsoft.DBforMySQL/locations/westus2/azureAsyncOperation/a60b58de-a3f3-46b2-892f-8312f935598b?api-version=2017-12-01
  response:
    body:
      string: '{"name":"a60b58de-a3f3-46b2-892f-8312f935598b","status":"Succeeded","startTime":"2023-09-12T09:43:23.083Z"}'
    headers:
      cache-control:
      - no-cache
      content-length:
      - '107'
      content-type:
      - application/json; charset=utf-8
      date:
      - Tue, 12 Sep 2023 09:43:23 GMT
      expires:
      - '-1'
      pragma:
      - no-cache
      server:
      - Microsoft-HTTPAPI/2.0
      strict-transport-security:
      - max-age=31536000; includeSubDomains
      transfer-encoding:
      - chunked
      vary:
      - Accept-Encoding
      x-content-type-options:
      - nosniff
    status:
      code: 200
      message: OK
- request:
    body: null
    headers:
      Accept:
      - '*/*'
      Accept-Encoding:
      - gzip, deflate
      CommandName:
      - mysql server create
      Connection:
      - keep-alive
      ParameterSetName:
      - -g -n -l --storage-size --version --sku-name --public-network-access --backup-retention
        --geo-redundant-backup --auto-grow -u
      User-Agent:
      - AZURECLI/2.52.0 azsdk-python-mgmt-rdbms/10.2.0b10 Python/3.8.10 (Windows-10-10.0.22621-SP0)
    method: GET
    uri: https://management.azure.com/subscriptions/00000000-0000-0000-0000-000000000000/resourceGroups/clitest.rg000001/providers/Microsoft.DBforMySQL/servers/azuredbclitest-000002/databases/defaultdb?api-version=2017-12-01
  response:
    body:
      string: '{"properties":{"charset":"latin1","collation":"latin1_swedish_ci"},"id":"/subscriptions/00000000-0000-0000-0000-000000000000/resourceGroups/clitest.rg000001/providers/Microsoft.DBforMySQL/servers/azuredbclitest-000002/databases/defaultdb","name":"defaultdb","type":"Microsoft.DBforMySQL/servers/databases"}'
    headers:
      cache-control:
      - no-cache
      content-length:
      - '306'
      content-type:
      - application/json; charset=utf-8
      date:
      - Tue, 12 Sep 2023 09:43:24 GMT
      expires:
      - '-1'
      pragma:
      - no-cache
      server:
      - Microsoft-HTTPAPI/2.0
      strict-transport-security:
      - max-age=31536000; includeSubDomains
      transfer-encoding:
      - chunked
      vary:
      - Accept-Encoding
      x-content-type-options:
      - nosniff
    status:
      code: 200
      message: OK
- request:
    body: null
    headers:
      Accept:
      - application/json
      Accept-Encoding:
      - gzip, deflate
      CommandName:
      - mysql flexible-server import create
      Connection:
      - keep-alive
      ParameterSetName:
      - -g -n --data-source-type --data-source --mode
      User-Agent:
      - AZURECLI/2.52.0 azsdk-python-mgmt-rdbms/10.2.0b10 Python/3.8.10 (Windows-10-10.0.22621-SP0)
    method: GET
    uri: https://management.azure.com/subscriptions/00000000-0000-0000-0000-000000000000/resourceGroups/clitest.rg000001/providers/Microsoft.DBforMySQL/servers/azuredbclitest-000002?api-version=2017-12-01
  response:
    body:
      string: '{"sku":{"name":"GP_Gen5_4","tier":"GeneralPurpose","family":"Gen5","capacity":4},"properties":{"administratorLogin":"mysqluser","storageProfile":{"storageMB":51200,"backupRetentionDays":10,"geoRedundantBackup":"Enabled","storageAutogrow":"Enabled"},"version":"5.7","sslEnforcement":"Enabled","minimalTlsVersion":"TLSEnforcementDisabled","userVisibleState":"Ready","fullyQualifiedDomainName":"azuredbclitest-000002.mysql.database.azure.com","earliestRestoreDate":"2023-09-12T09:51:11.487+00:00","replicationRole":"None","masterServerId":"","replicaCapacity":5,"byokEnforcement":"Disabled","privateEndpointConnections":[],"infrastructureEncryption":"Disabled","publicNetworkAccess":"Enabled"},"location":"westus2","id":"/subscriptions/00000000-0000-0000-0000-000000000000/resourceGroups/clitest.rg000001/providers/Microsoft.DBforMySQL/servers/azuredbclitest-000002","name":"azuredbclitest-000002","type":"Microsoft.DBforMySQL/servers"}'
    headers:
      cache-control:
      - no-cache
      content-length:
      - '933'
      content-type:
      - application/json; charset=utf-8
      date:
      - Tue, 12 Sep 2023 09:43:24 GMT
      expires:
      - '-1'
      pragma:
      - no-cache
      server:
      - Microsoft-HTTPAPI/2.0
      strict-transport-security:
      - max-age=31536000; includeSubDomains
      transfer-encoding:
      - chunked
      vary:
      - Accept-Encoding
      x-content-type-options:
      - nosniff
    status:
      code: 200
      message: OK
version: 1
