interactions:
- request:
    body: null
    headers:
      Accept:
      - application/json
      Accept-Encoding:
      - gzip, deflate
      CommandName:
      - network private-dns zone create
      Connection:
      - keep-alive
      ParameterSetName:
      - -g -n
      User-Agent:
      - AZURECLI/2.50.0 (PIP) azsdk-python-azure-mgmt-resource/23.1.0b2 Python/3.8.10
        (Windows-10-10.0.19045-SP0)
    method: GET
    uri: https://management.azure.com/subscriptions/00000000-0000-0000-0000-000000000000/resourcegroups/clitest_privatedns000001?api-version=2022-09-01
  response:
    body:
      string: '{"id":"/subscriptions/00000000-0000-0000-0000-000000000000/resourceGroups/clitest_privatedns000001","name":"clitest_privatedns000001","type":"Microsoft.Resources/resourceGroups","location":"westus","tags":{"product":"azurecli","cause":"automation","test":"test_CrudRecordSet_MXRecord_ExpectCrudSuccessful","date":"2023-07-26T06:02:13Z","module":"privatedns"},"properties":{"provisioningState":"Succeeded"}}'
    headers:
      cache-control:
      - no-cache
      content-length:
      - '406'
      content-type:
      - application/json; charset=utf-8
      date:
      - Wed, 26 Jul 2023 06:02:18 GMT
      expires:
      - '-1'
      pragma:
      - no-cache
      strict-transport-security:
      - max-age=31536000; includeSubDomains
      vary:
      - Accept-Encoding
      x-content-type-options:
      - nosniff
    status:
      code: 200
      message: OK
- request:
    body: '{"location": "global"}'
    headers:
      Accept:
      - application/json
      Accept-Encoding:
      - gzip, deflate
      CommandName:
      - network private-dns zone create
      Connection:
      - keep-alive
      Content-Length:
      - '22'
      Content-Type:
      - application/json
      If-None-Match:
      - '*'
      ParameterSetName:
      - -g -n
      User-Agent:
      - AZURECLI/2.50.0 (PIP) (AAZ) azsdk-python-core/1.26.0 Python/3.8.10 (Windows-10-10.0.19045-SP0)
    method: PUT
    uri: https://management.azure.com/subscriptions/00000000-0000-0000-0000-000000000000/resourceGroups/clitest_privatedns000001/providers/Microsoft.Network/privateDnsZones/clitest.privatedns.com000002?api-version=2018-09-01
  response:
    body:
      string: '{}'
    headers:
      azure-asyncoperation:
      - https://management.azure.com:443/subscriptions/00000000-0000-0000-0000-000000000000/resourceGroups/clitest_privatedns000001/providers/Microsoft.Network/privateDnsOperationStatuses/RnJvbnRFbmRBc3luY09wZXJhdGlvbjtVcHNlcnRQcml2YXRlRG5zWm9uZTsxOTQyYWM2Yi0wMWU4LTRhZmMtYWViZC1kMTQ3N2JmY2Y4NjlfMGIxZjY0NzEtMWJmMC00ZGRhLWFlYzMtY2I5MjcyZjA5NTkw?api-version=2018-09-01
      cache-control:
      - private
      content-length:
      - '2'
      content-type:
      - application/json; charset=utf-8
      date:
      - Wed, 26 Jul 2023 06:02:23 GMT
      location:
      - https://management.azure.com/subscriptions/00000000-0000-0000-0000-000000000000/resourceGroups/clitest_privatedns000001/providers/Microsoft.Network/privateDnsOperationResults/RnJvbnRFbmRBc3luY09wZXJhdGlvbjtVcHNlcnRQcml2YXRlRG5zWm9uZTsxOTQyYWM2Yi0wMWU4LTRhZmMtYWViZC1kMTQ3N2JmY2Y4NjlfMGIxZjY0NzEtMWJmMC00ZGRhLWFlYzMtY2I5MjcyZjA5NTkw?api-version=2018-09-01
      server:
      - Microsoft-IIS/10.0
      strict-transport-security:
      - max-age=31536000; includeSubDomains
      x-aspnet-version:
      - 4.0.30319
      x-content-type-options:
      - nosniff
      x-ms-ratelimit-remaining-subscription-resource-requests:
      - '11999'
      x-powered-by:
      - ASP.NET
    status:
      code: 202
      message: Accepted
- request:
    body: null
    headers:
      Accept:
      - '*/*'
      Accept-Encoding:
      - gzip, deflate
      CommandName:
      - network private-dns zone create
      Connection:
      - keep-alive
      ParameterSetName:
      - -g -n
      User-Agent:
      - AZURECLI/2.50.0 (PIP) (AAZ) azsdk-python-core/1.26.0 Python/3.8.10 (Windows-10-10.0.19045-SP0)
    method: GET
    uri: https://management.azure.com/subscriptions/00000000-0000-0000-0000-000000000000/resourceGroups/clitest_privatedns000001/providers/Microsoft.Network/privateDnsOperationStatuses/RnJvbnRFbmRBc3luY09wZXJhdGlvbjtVcHNlcnRQcml2YXRlRG5zWm9uZTsxOTQyYWM2Yi0wMWU4LTRhZmMtYWViZC1kMTQ3N2JmY2Y4NjlfMGIxZjY0NzEtMWJmMC00ZGRhLWFlYzMtY2I5MjcyZjA5NTkw?api-version=2018-09-01
  response:
    body:
      string: '{"status":"InProgress"}'
    headers:
      azure-asyncoperation:
      - https://management.azure.com:443/subscriptions/00000000-0000-0000-0000-000000000000/resourceGroups/clitest_privatedns000001/providers/Microsoft.Network/privateDnsOperationStatuses/RnJvbnRFbmRBc3luY09wZXJhdGlvbjtVcHNlcnRQcml2YXRlRG5zWm9uZTsxOTQyYWM2Yi0wMWU4LTRhZmMtYWViZC1kMTQ3N2JmY2Y4NjlfMGIxZjY0NzEtMWJmMC00ZGRhLWFlYzMtY2I5MjcyZjA5NTkw?api-version=2018-09-01
      cache-control:
      - private
      content-length:
      - '23'
      content-type:
      - application/json; charset=utf-8
      date:
      - Wed, 26 Jul 2023 06:02:23 GMT
      location:
      - https://management.azure.com/subscriptions/00000000-0000-0000-0000-000000000000/resourceGroups/clitest_privatedns000001/providers/Microsoft.Network/privateDnsOperationResults/RnJvbnRFbmRBc3luY09wZXJhdGlvbjtVcHNlcnRQcml2YXRlRG5zWm9uZTsxOTQyYWM2Yi0wMWU4LTRhZmMtYWViZC1kMTQ3N2JmY2Y4NjlfMGIxZjY0NzEtMWJmMC00ZGRhLWFlYzMtY2I5MjcyZjA5NTkw?api-version=2018-09-01
      server:
      - Microsoft-IIS/10.0
      strict-transport-security:
      - max-age=31536000; includeSubDomains
      x-aspnet-version:
      - 4.0.30319
      x-content-type-options:
      - nosniff
      x-ms-ratelimit-remaining-subscription-resource-requests:
      - '499'
      x-powered-by:
      - ASP.NET
    status:
      code: 202
      message: Accepted
- request:
    body: null
    headers:
      Accept:
      - '*/*'
      Accept-Encoding:
      - gzip, deflate
      CommandName:
      - network private-dns zone create
      Connection:
      - keep-alive
      ParameterSetName:
      - -g -n
      User-Agent:
      - AZURECLI/2.50.0 (PIP) (AAZ) azsdk-python-core/1.26.0 Python/3.8.10 (Windows-10-10.0.19045-SP0)
    method: GET
    uri: https://management.azure.com/subscriptions/00000000-0000-0000-0000-000000000000/resourceGroups/clitest_privatedns000001/providers/Microsoft.Network/privateDnsOperationStatuses/RnJvbnRFbmRBc3luY09wZXJhdGlvbjtVcHNlcnRQcml2YXRlRG5zWm9uZTsxOTQyYWM2Yi0wMWU4LTRhZmMtYWViZC1kMTQ3N2JmY2Y4NjlfMGIxZjY0NzEtMWJmMC00ZGRhLWFlYzMtY2I5MjcyZjA5NTkw?api-version=2018-09-01
  response:
    body:
      string: '{"status":"Succeeded"}'
    headers:
      cache-control:
      - private
      content-length:
      - '22'
      content-type:
      - application/json; charset=utf-8
      date:
      - Wed, 26 Jul 2023 06:02:53 GMT
      server:
      - Microsoft-IIS/10.0
      strict-transport-security:
      - max-age=31536000; includeSubDomains
      transfer-encoding:
      - chunked
      vary:
      - Accept-Encoding
      x-aspnet-version:
      - 4.0.30319
      x-content-type-options:
      - nosniff
      x-ms-ratelimit-remaining-subscription-resource-requests:
      - '498'
      x-powered-by:
      - ASP.NET
    status:
      code: 200
      message: OK
- request:
    body: null
    headers:
      Accept:
      - '*/*'
      Accept-Encoding:
      - gzip, deflate
      CommandName:
      - network private-dns zone create
      Connection:
      - keep-alive
      ParameterSetName:
      - -g -n
      User-Agent:
      - AZURECLI/2.50.0 (PIP) (AAZ) azsdk-python-core/1.26.0 Python/3.8.10 (Windows-10-10.0.19045-SP0)
    method: GET
    uri: https://management.azure.com/subscriptions/00000000-0000-0000-0000-000000000000/resourceGroups/clitest_privatedns000001/providers/Microsoft.Network/privateDnsZones/clitest.privatedns.com000002?api-version=2018-09-01
  response:
    body:
      string: '{"id":"\/subscriptions\/00000000-0000-0000-0000-000000000000\/resourceGroups\/clitest_privatedns000001\/providers\/Microsoft.Network\/privateDnsZones\/clitest.privatedns.com000002","name":"clitest.privatedns.com000002","type":"Microsoft.Network\/privateDnsZones","etag":"b727dd54-7255-43fa-a341-f270b52d6b9a","location":"global","properties":{"maxNumberOfRecordSets":25000,"maxNumberOfVirtualNetworkLinks":1000,"maxNumberOfVirtualNetworkLinksWithRegistration":100,"numberOfRecordSets":1,"numberOfVirtualNetworkLinks":0,"numberOfVirtualNetworkLinksWithRegistration":0,"provisioningState":"Succeeded"}}'
    headers:
      cache-control:
      - private
      content-length:
      - '600'
      content-type:
      - application/json; charset=utf-8
      date:
      - Wed, 26 Jul 2023 06:02:54 GMT
      etag:
      - b727dd54-7255-43fa-a341-f270b52d6b9a
      server:
      - Microsoft-IIS/10.0
      strict-transport-security:
      - max-age=31536000; includeSubDomains
      transfer-encoding:
      - chunked
      vary:
      - Accept-Encoding
      x-aspnet-version:
      - 4.0.30319
      x-content-type-options:
      - nosniff
      x-ms-ratelimit-remaining-subscription-resource-requests:
      - '499'
      x-powered-by:
      - ASP.NET
    status:
      code: 200
      message: OK
- request:
    body: '{"properties": {"ttl": 3600}}'
    headers:
      Accept:
      - application/json
      Accept-Encoding:
      - gzip, deflate
      CommandName:
      - network private-dns record-set mx create
      Connection:
      - keep-alive
      Content-Length:
      - '29'
      Content-Type:
      - application/json
      If-None-Match:
      - '*'
      ParameterSetName:
      - -g -n -z
      User-Agent:
      - AZURECLI/2.50.0 (PIP) azsdk-python-mgmt-privatedns/1.0.0 Python/3.8.10 (Windows-10-10.0.19045-SP0)
    method: PUT
    uri: https://management.azure.com/subscriptions/00000000-0000-0000-0000-000000000000/resourceGroups/clitest_privatedns000001/providers/Microsoft.Network/privateDnsZones/clitest.privatedns.com000002/mx/clitestprivatednsrecordset000003?api-version=2018-09-01
  response:
    body:
      string: '{"id":"\/subscriptions\/00000000-0000-0000-0000-000000000000\/resourceGroups\/clitest_privatedns000001\/providers\/Microsoft.Network\/privateDnsZones\/clitest.privatedns.com000002\/MX\/clitestprivatednsrecordset000003","name":"clitestprivatednsrecordset000003","type":"Microsoft.Network\/privateDnsZones\/MX","etag":"075cf05e-55f6-4e6b-bd32-c6bab0a2f957","properties":{"fqdn":"clitestprivatednsrecordset000003.clitest.privatedns.com000002.","ttl":3600,"mxRecords":[],"isAutoRegistered":false}}'
    headers:
      cache-control:
      - private
      content-length:
      - '493'
      content-type:
      - application/json; charset=utf-8
      date:
      - Wed, 26 Jul 2023 06:02:57 GMT
      etag:
      - 075cf05e-55f6-4e6b-bd32-c6bab0a2f957
      server:
      - Microsoft-IIS/10.0
      strict-transport-security:
      - max-age=31536000; includeSubDomains
      x-aspnet-version:
      - 4.0.30319
      x-content-type-options:
      - nosniff
      x-ms-ratelimit-remaining-subscription-resource-requests:
      - '11999'
      x-powered-by:
      - ASP.NET
    status:
      code: 201
      message: Created
- request:
    body: null
    headers:
      Accept:
      - application/json
      Accept-Encoding:
      - gzip, deflate
      CommandName:
      - network private-dns record-set mx add-record
      Connection:
      - keep-alive
      ParameterSetName:
      - -g -n -z -e -p
      User-Agent:
      - AZURECLI/2.50.0 (PIP) azsdk-python-mgmt-privatedns/1.0.0 Python/3.8.10 (Windows-10-10.0.19045-SP0)
    method: GET
    uri: https://management.azure.com/subscriptions/00000000-0000-0000-0000-000000000000/resourceGroups/clitest_privatedns000001/providers/Microsoft.Network/privateDnsZones/clitest.privatedns.com000002/mx/clitestprivatednsrecordset000003?api-version=2018-09-01
  response:
    body:
      string: '{"id":"\/subscriptions\/00000000-0000-0000-0000-000000000000\/resourceGroups\/clitest_privatedns000001\/providers\/Microsoft.Network\/privateDnsZones\/clitest.privatedns.com000002\/MX\/clitestprivatednsrecordset000003","name":"clitestprivatednsrecordset000003","type":"Microsoft.Network\/privateDnsZones\/MX","etag":"075cf05e-55f6-4e6b-bd32-c6bab0a2f957","properties":{"fqdn":"clitestprivatednsrecordset000003.clitest.privatedns.com000002.","ttl":3600,"mxRecords":[],"isAutoRegistered":false}}'
    headers:
      cache-control:
      - private
      content-length:
      - '493'
      content-type:
      - application/json; charset=utf-8
      date:
      - Wed, 26 Jul 2023 06:02:58 GMT
      etag:
      - 075cf05e-55f6-4e6b-bd32-c6bab0a2f957
      server:
      - Microsoft-IIS/10.0
      strict-transport-security:
      - max-age=31536000; includeSubDomains
      transfer-encoding:
      - chunked
      vary:
      - Accept-Encoding
      x-aspnet-version:
      - 4.0.30319
      x-content-type-options:
      - nosniff
      x-ms-ratelimit-remaining-subscription-resource-requests:
      - '499'
      x-powered-by:
      - ASP.NET
    status:
      code: 200
      message: OK
- request:
    body: '{"etag": "075cf05e-55f6-4e6b-bd32-c6bab0a2f957", "properties": {"ttl":
      3600, "mxRecords": [{"preference": 1, "exchange": "ex.chan.ge"}]}}'
    headers:
      Accept:
      - application/json
      Accept-Encoding:
      - gzip, deflate
      CommandName:
      - network private-dns record-set mx add-record
      Connection:
      - keep-alive
      Content-Length:
      - '137'
      Content-Type:
      - application/json
      ParameterSetName:
      - -g -n -z -e -p
      User-Agent:
      - AZURECLI/2.50.0 (PIP) azsdk-python-mgmt-privatedns/1.0.0 Python/3.8.10 (Windows-10-10.0.19045-SP0)
    method: PUT
    uri: https://management.azure.com/subscriptions/00000000-0000-0000-0000-000000000000/resourceGroups/clitest_privatedns000001/providers/Microsoft.Network/privateDnsZones/clitest.privatedns.com000002/mx/clitestprivatednsrecordset000003?api-version=2018-09-01
  response:
    body:
      string: '{"id":"\/subscriptions\/00000000-0000-0000-0000-000000000000\/resourceGroups\/clitest_privatedns000001\/providers\/Microsoft.Network\/privateDnsZones\/clitest.privatedns.com000002\/MX\/clitestprivatednsrecordset000003","name":"clitestprivatednsrecordset000003","type":"Microsoft.Network\/privateDnsZones\/MX","etag":"2260bc1e-89ca-4c1c-8c7a-6adee856dbff","properties":{"fqdn":"clitestprivatednsrecordset000003.clitest.privatedns.com000002.","ttl":3600,"mxRecords":[{"exchange":"ex.chan.ge","preference":1}],"isAutoRegistered":false}}'
    headers:
      cache-control:
      - private
      content-length:
      - '533'
      content-type:
      - application/json; charset=utf-8
      date:
      - Wed, 26 Jul 2023 06:03:00 GMT
      etag:
      - 2260bc1e-89ca-4c1c-8c7a-6adee856dbff
      server:
      - Microsoft-IIS/10.0
      strict-transport-security:
      - max-age=31536000; includeSubDomains
      transfer-encoding:
      - chunked
      vary:
      - Accept-Encoding
      x-aspnet-version:
      - 4.0.30319
      x-content-type-options:
      - nosniff
      x-ms-ratelimit-remaining-subscription-resource-requests:
      - '11999'
      x-powered-by:
      - ASP.NET
    status:
      code: 200
      message: OK
- request:
    body: null
    headers:
      Accept:
      - application/json
      Accept-Encoding:
      - gzip, deflate
      CommandName:
      - network private-dns record-set mx update
      Connection:
      - keep-alive
      ParameterSetName:
      - -g -n -z --metadata
      User-Agent:
      - AZURECLI/2.50.0 (PIP) azsdk-python-mgmt-privatedns/1.0.0 Python/3.8.10 (Windows-10-10.0.19045-SP0)
    method: GET
    uri: https://management.azure.com/subscriptions/00000000-0000-0000-0000-000000000000/resourceGroups/clitest_privatedns000001/providers/Microsoft.Network/privateDnsZones/clitest.privatedns.com000002/mx/clitestprivatednsrecordset000003?api-version=2018-09-01
  response:
    body:
      string: '{"id":"\/subscriptions\/00000000-0000-0000-0000-000000000000\/resourceGroups\/clitest_privatedns000001\/providers\/Microsoft.Network\/privateDnsZones\/clitest.privatedns.com000002\/MX\/clitestprivatednsrecordset000003","name":"clitestprivatednsrecordset000003","type":"Microsoft.Network\/privateDnsZones\/MX","etag":"2260bc1e-89ca-4c1c-8c7a-6adee856dbff","properties":{"fqdn":"clitestprivatednsrecordset000003.clitest.privatedns.com000002.","ttl":3600,"mxRecords":[{"exchange":"ex.chan.ge","preference":1}],"isAutoRegistered":false}}'
    headers:
      cache-control:
      - private
      content-length:
      - '533'
      content-type:
      - application/json; charset=utf-8
      date:
      - Wed, 26 Jul 2023 06:03:01 GMT
      etag:
      - 2260bc1e-89ca-4c1c-8c7a-6adee856dbff
      server:
      - Microsoft-IIS/10.0
      strict-transport-security:
      - max-age=31536000; includeSubDomains
      transfer-encoding:
      - chunked
      vary:
      - Accept-Encoding
      x-aspnet-version:
      - 4.0.30319
      x-content-type-options:
      - nosniff
      x-ms-ratelimit-remaining-subscription-resource-requests:
      - '499'
      x-powered-by:
      - ASP.NET
    status:
      code: 200
      message: OK
- request:
    body: '{"etag": "2260bc1e-89ca-4c1c-8c7a-6adee856dbff", "properties": {"metadata":
      {"tagKey000004": "tagVal000005"}, "ttl": 3600, "mxRecords": [{"preference":
      1, "exchange": "ex.chan.ge"}]}}'
    headers:
      Accept:
      - application/json
      Accept-Encoding:
      - gzip, deflate
      CommandName:
      - network private-dns record-set mx update
      Connection:
      - keep-alive
      Content-Length:
      - '183'
      Content-Type:
      - application/json
      ParameterSetName:
      - -g -n -z --metadata
      User-Agent:
      - AZURECLI/2.50.0 (PIP) azsdk-python-mgmt-privatedns/1.0.0 Python/3.8.10 (Windows-10-10.0.19045-SP0)
    method: PATCH
    uri: https://management.azure.com/subscriptions/00000000-0000-0000-0000-000000000000/resourceGroups/clitest_privatedns000001/providers/Microsoft.Network/privateDnsZones/clitest.privatedns.com000002/mx/clitestprivatednsrecordset000003?api-version=2018-09-01
  response:
    body:
      string: '{"id":"\/subscriptions\/00000000-0000-0000-0000-000000000000\/resourceGroups\/clitest_privatedns000001\/providers\/Microsoft.Network\/privateDnsZones\/clitest.privatedns.com000002\/MX\/clitestprivatednsrecordset000003","name":"clitestprivatednsrecordset000003","type":"Microsoft.Network\/privateDnsZones\/MX","etag":"93b576bf-cc81-4ceb-a72c-387ba7646735","properties":{"metadata":{"tagKey000004":"tagVal000005"},"fqdn":"clitestprivatednsrecordset000003.clitest.privatedns.com000002.","ttl":3600,"mxRecords":[{"exchange":"ex.chan.ge","preference":1}],"isAutoRegistered":false}}'
    headers:
      cache-control:
      - private
      content-length:
      - '576'
      content-type:
      - application/json; charset=utf-8
      date:
      - Wed, 26 Jul 2023 06:03:02 GMT
      etag:
      - 93b576bf-cc81-4ceb-a72c-387ba7646735
      server:
      - Microsoft-IIS/10.0
      strict-transport-security:
      - max-age=31536000; includeSubDomains
      transfer-encoding:
      - chunked
      vary:
      - Accept-Encoding
      x-aspnet-version:
      - 4.0.30319
      x-content-type-options:
      - nosniff
      x-ms-ratelimit-remaining-subscription-resource-requests:
      - '11999'
      x-powered-by:
      - ASP.NET
    status:
      code: 200
      message: OK
- request:
    body: null
    headers:
      Accept:
      - application/json
      Accept-Encoding:
      - gzip, deflate
      CommandName:
      - network private-dns record-set mx add-record
      Connection:
      - keep-alive
      ParameterSetName:
      - -g -n -z -e -p
      User-Agent:
      - AZURECLI/2.50.0 (PIP) azsdk-python-mgmt-privatedns/1.0.0 Python/3.8.10 (Windows-10-10.0.19045-SP0)
    method: GET
    uri: https://management.azure.com/subscriptions/00000000-0000-0000-0000-000000000000/resourceGroups/clitest_privatedns000001/providers/Microsoft.Network/privateDnsZones/clitest.privatedns.com000002/mx/clitestprivatednsrecordset000003?api-version=2018-09-01
  response:
    body:
      string: '{"id":"\/subscriptions\/00000000-0000-0000-0000-000000000000\/resourceGroups\/clitest_privatedns000001\/providers\/Microsoft.Network\/privateDnsZones\/clitest.privatedns.com000002\/MX\/clitestprivatednsrecordset000003","name":"clitestprivatednsrecordset000003","type":"Microsoft.Network\/privateDnsZones\/MX","etag":"93b576bf-cc81-4ceb-a72c-387ba7646735","properties":{"metadata":{"tagKey000004":"tagVal000005"},"fqdn":"clitestprivatednsrecordset000003.clitest.privatedns.com000002.","ttl":3600,"mxRecords":[{"exchange":"ex.chan.ge","preference":1}],"isAutoRegistered":false}}'
    headers:
      cache-control:
      - private
      content-length:
      - '576'
      content-type:
      - application/json; charset=utf-8
      date:
      - Wed, 26 Jul 2023 06:03:03 GMT
      etag:
      - 93b576bf-cc81-4ceb-a72c-387ba7646735
      server:
      - Microsoft-IIS/10.0
      strict-transport-security:
      - max-age=31536000; includeSubDomains
      transfer-encoding:
      - chunked
      vary:
      - Accept-Encoding
      x-aspnet-version:
      - 4.0.30319
      x-content-type-options:
      - nosniff
      x-ms-ratelimit-remaining-subscription-resource-requests:
      - '499'
      x-powered-by:
      - ASP.NET
    status:
      code: 200
      message: OK
- request:
    body: '{"etag": "93b576bf-cc81-4ceb-a72c-387ba7646735", "properties": {"metadata":
      {"tagKey000004": "tagVal000005"}, "ttl": 3600, "mxRecords": [{"preference":
      1, "exchange": "ex.chan.ge"}, {"preference": 2, "exchange": "ex.change.new"}]}}'
    headers:
      Accept:
      - application/json
      Accept-Encoding:
      - gzip, deflate
      CommandName:
      - network private-dns record-set mx add-record
      Connection:
      - keep-alive
      Content-Length:
      - '231'
      Content-Type:
      - application/json
      ParameterSetName:
      - -g -n -z -e -p
      User-Agent:
      - AZURECLI/2.50.0 (PIP) azsdk-python-mgmt-privatedns/1.0.0 Python/3.8.10 (Windows-10-10.0.19045-SP0)
    method: PUT
    uri: https://management.azure.com/subscriptions/00000000-0000-0000-0000-000000000000/resourceGroups/clitest_privatedns000001/providers/Microsoft.Network/privateDnsZones/clitest.privatedns.com000002/mx/clitestprivatednsrecordset000003?api-version=2018-09-01
  response:
    body:
      string: '{"id":"\/subscriptions\/00000000-0000-0000-0000-000000000000\/resourceGroups\/clitest_privatedns000001\/providers\/Microsoft.Network\/privateDnsZones\/clitest.privatedns.com000002\/MX\/clitestprivatednsrecordset000003","name":"clitestprivatednsrecordset000003","type":"Microsoft.Network\/privateDnsZones\/MX","etag":"b4843f52-f33b-47bc-9bb3-39cc2f47c778","properties":{"metadata":{"tagKey000004":"tagVal000005"},"fqdn":"clitestprivatednsrecordset000003.clitest.privatedns.com000002.","ttl":3600,"mxRecords":[{"exchange":"ex.chan.ge","preference":1},{"exchange":"ex.change.new","preference":2}],"isAutoRegistered":false}}'
    headers:
      cache-control:
      - private
      content-length:
      - '620'
      content-type:
      - application/json; charset=utf-8
      date:
      - Wed, 26 Jul 2023 06:03:05 GMT
      etag:
      - b4843f52-f33b-47bc-9bb3-39cc2f47c778
      server:
      - Microsoft-IIS/10.0
      strict-transport-security:
      - max-age=31536000; includeSubDomains
      transfer-encoding:
      - chunked
      vary:
      - Accept-Encoding
      x-aspnet-version:
      - 4.0.30319
      x-content-type-options:
      - nosniff
      x-ms-ratelimit-remaining-subscription-resource-requests:
      - '11999'
      x-powered-by:
      - ASP.NET
    status:
      code: 200
      message: OK
- request:
    body: null
    headers:
      Accept:
      - application/json
      Accept-Encoding:
      - gzip, deflate
      CommandName:
      - network private-dns record-set mx show
      Connection:
      - keep-alive
      ParameterSetName:
      - -g -n -z
      User-Agent:
      - AZURECLI/2.50.0 (PIP) azsdk-python-mgmt-privatedns/1.0.0 Python/3.8.10 (Windows-10-10.0.19045-SP0)
    method: GET
    uri: https://management.azure.com/subscriptions/00000000-0000-0000-0000-000000000000/resourceGroups/clitest_privatedns000001/providers/Microsoft.Network/privateDnsZones/clitest.privatedns.com000002/mx/clitestprivatednsrecordset000003?api-version=2018-09-01
  response:
    body:
      string: '{"id":"\/subscriptions\/00000000-0000-0000-0000-000000000000\/resourceGroups\/clitest_privatedns000001\/providers\/Microsoft.Network\/privateDnsZones\/clitest.privatedns.com000002\/MX\/clitestprivatednsrecordset000003","name":"clitestprivatednsrecordset000003","type":"Microsoft.Network\/privateDnsZones\/MX","etag":"b4843f52-f33b-47bc-9bb3-39cc2f47c778","properties":{"metadata":{"tagKey000004":"tagVal000005"},"fqdn":"clitestprivatednsrecordset000003.clitest.privatedns.com000002.","ttl":3600,"mxRecords":[{"exchange":"ex.chan.ge","preference":1},{"exchange":"ex.change.new","preference":2}],"isAutoRegistered":false}}'
    headers:
      cache-control:
      - private
      content-length:
      - '620'
      content-type:
      - application/json; charset=utf-8
      date:
      - Wed, 26 Jul 2023 06:03:06 GMT
      etag:
      - b4843f52-f33b-47bc-9bb3-39cc2f47c778
      server:
      - Microsoft-IIS/10.0
      strict-transport-security:
      - max-age=31536000; includeSubDomains
      transfer-encoding:
      - chunked
      vary:
      - Accept-Encoding
      x-aspnet-version:
      - 4.0.30319
      x-content-type-options:
      - nosniff
      x-ms-ratelimit-remaining-subscription-resource-requests:
      - '499'
      x-powered-by:
      - ASP.NET
    status:
      code: 200
      message: OK
- request:
    body: null
    headers:
      Accept:
      - application/json
      Accept-Encoding:
      - gzip, deflate
      CommandName:
      - network private-dns record-set mx remove-record
      Connection:
      - keep-alive
      ParameterSetName:
      - -g -n -z -e -p --keep-empty-record-set
      User-Agent:
      - AZURECLI/2.50.0 (PIP) azsdk-python-mgmt-privatedns/1.0.0 Python/3.8.10 (Windows-10-10.0.19045-SP0)
    method: GET
    uri: https://management.azure.com/subscriptions/00000000-0000-0000-0000-000000000000/resourceGroups/clitest_privatedns000001/providers/Microsoft.Network/privateDnsZones/clitest.privatedns.com000002/mx/clitestprivatednsrecordset000003?api-version=2018-09-01
  response:
    body:
      string: '{"id":"\/subscriptions\/00000000-0000-0000-0000-000000000000\/resourceGroups\/clitest_privatedns000001\/providers\/Microsoft.Network\/privateDnsZones\/clitest.privatedns.com000002\/MX\/clitestprivatednsrecordset000003","name":"clitestprivatednsrecordset000003","type":"Microsoft.Network\/privateDnsZones\/MX","etag":"b4843f52-f33b-47bc-9bb3-39cc2f47c778","properties":{"metadata":{"tagKey000004":"tagVal000005"},"fqdn":"clitestprivatednsrecordset000003.clitest.privatedns.com000002.","ttl":3600,"mxRecords":[{"exchange":"ex.chan.ge","preference":1},{"exchange":"ex.change.new","preference":2}],"isAutoRegistered":false}}'
    headers:
      cache-control:
      - private
      content-length:
      - '620'
      content-type:
      - application/json; charset=utf-8
      date:
      - Wed, 26 Jul 2023 06:03:06 GMT
      etag:
      - b4843f52-f33b-47bc-9bb3-39cc2f47c778
      server:
      - Microsoft-IIS/10.0
      strict-transport-security:
      - max-age=31536000; includeSubDomains
      transfer-encoding:
      - chunked
      vary:
      - Accept-Encoding
      x-aspnet-version:
      - 4.0.30319
      x-content-type-options:
      - nosniff
      x-ms-ratelimit-remaining-subscription-resource-requests:
      - '499'
      x-powered-by:
      - ASP.NET
    status:
      code: 200
      message: OK
- request:
    body: '{"etag": "b4843f52-f33b-47bc-9bb3-39cc2f47c778", "properties": {"metadata":
      {"tagKey000004": "tagVal000005"}, "ttl": 3600, "mxRecords": [{"preference":
      1, "exchange": "ex.chan.ge"}]}}'
    headers:
      Accept:
      - application/json
      Accept-Encoding:
      - gzip, deflate
      CommandName:
      - network private-dns record-set mx remove-record
      Connection:
      - keep-alive
      Content-Length:
      - '183'
      Content-Type:
      - application/json
      ParameterSetName:
      - -g -n -z -e -p --keep-empty-record-set
      User-Agent:
      - AZURECLI/2.50.0 (PIP) azsdk-python-mgmt-privatedns/1.0.0 Python/3.8.10 (Windows-10-10.0.19045-SP0)
    method: PUT
    uri: https://management.azure.com/subscriptions/00000000-0000-0000-0000-000000000000/resourceGroups/clitest_privatedns000001/providers/Microsoft.Network/privateDnsZones/clitest.privatedns.com000002/mx/clitestprivatednsrecordset000003?api-version=2018-09-01
  response:
    body:
      string: '{"id":"\/subscriptions\/00000000-0000-0000-0000-000000000000\/resourceGroups\/clitest_privatedns000001\/providers\/Microsoft.Network\/privateDnsZones\/clitest.privatedns.com000002\/MX\/clitestprivatednsrecordset000003","name":"clitestprivatednsrecordset000003","type":"Microsoft.Network\/privateDnsZones\/MX","etag":"a3657cb4-22c8-49b5-9780-3f0d7e9a5367","properties":{"metadata":{"tagKey000004":"tagVal000005"},"fqdn":"clitestprivatednsrecordset000003.clitest.privatedns.com000002.","ttl":3600,"mxRecords":[{"exchange":"ex.chan.ge","preference":1}],"isAutoRegistered":false}}'
    headers:
      cache-control:
      - private
      content-length:
      - '576'
      content-type:
      - application/json; charset=utf-8
      date:
      - Wed, 26 Jul 2023 06:03:08 GMT
      etag:
      - a3657cb4-22c8-49b5-9780-3f0d7e9a5367
      server:
      - Microsoft-IIS/10.0
      strict-transport-security:
      - max-age=31536000; includeSubDomains
      transfer-encoding:
      - chunked
      vary:
      - Accept-Encoding
      x-aspnet-version:
      - 4.0.30319
      x-content-type-options:
      - nosniff
      x-ms-ratelimit-remaining-subscription-resource-requests:
      - '11999'
      x-powered-by:
      - ASP.NET
    status:
      code: 200
      message: OK
- request:
    body: null
    headers:
      Accept:
      - application/json
      Accept-Encoding:
      - gzip, deflate
      CommandName:
      - network private-dns record-set mx remove-record
      Connection:
      - keep-alive
      ParameterSetName:
      - -g -n -z -e -p --keep-empty-record-set
      User-Agent:
      - AZURECLI/2.50.0 (PIP) azsdk-python-mgmt-privatedns/1.0.0 Python/3.8.10 (Windows-10-10.0.19045-SP0)
    method: GET
    uri: https://management.azure.com/subscriptions/00000000-0000-0000-0000-000000000000/resourceGroups/clitest_privatedns000001/providers/Microsoft.Network/privateDnsZones/clitest.privatedns.com000002/mx/clitestprivatednsrecordset000003?api-version=2018-09-01
  response:
    body:
      string: '{"id":"\/subscriptions\/00000000-0000-0000-0000-000000000000\/resourceGroups\/clitest_privatedns000001\/providers\/Microsoft.Network\/privateDnsZones\/clitest.privatedns.com000002\/MX\/clitestprivatednsrecordset000003","name":"clitestprivatednsrecordset000003","type":"Microsoft.Network\/privateDnsZones\/MX","etag":"a3657cb4-22c8-49b5-9780-3f0d7e9a5367","properties":{"metadata":{"tagKey000004":"tagVal000005"},"fqdn":"clitestprivatednsrecordset000003.clitest.privatedns.com000002.","ttl":3600,"mxRecords":[{"exchange":"ex.chan.ge","preference":1}],"isAutoRegistered":false}}'
    headers:
      cache-control:
      - private
      content-length:
      - '576'
      content-type:
      - application/json; charset=utf-8
      date:
      - Wed, 26 Jul 2023 06:03:09 GMT
      etag:
      - a3657cb4-22c8-49b5-9780-3f0d7e9a5367
      server:
      - Microsoft-IIS/10.0
      strict-transport-security:
      - max-age=31536000; includeSubDomains
      transfer-encoding:
      - chunked
      vary:
      - Accept-Encoding
      x-aspnet-version:
      - 4.0.30319
      x-content-type-options:
      - nosniff
      x-ms-ratelimit-remaining-subscription-resource-requests:
      - '499'
      x-powered-by:
      - ASP.NET
    status:
      code: 200
      message: OK
- request:
    body: '{"etag": "a3657cb4-22c8-49b5-9780-3f0d7e9a5367", "properties": {"metadata":
      {"tagKey000004": "tagVal000005"}, "ttl": 3600, "mxRecords": []}}'
    headers:
      Accept:
      - application/json
      Accept-Encoding:
      - gzip, deflate
      CommandName:
      - network private-dns record-set mx remove-record
      Connection:
      - keep-alive
      Content-Length:
      - '140'
      Content-Type:
      - application/json
      ParameterSetName:
      - -g -n -z -e -p --keep-empty-record-set
      User-Agent:
      - AZURECLI/2.50.0 (PIP) azsdk-python-mgmt-privatedns/1.0.0 Python/3.8.10 (Windows-10-10.0.19045-SP0)
    method: PUT
    uri: https://management.azure.com/subscriptions/00000000-0000-0000-0000-000000000000/resourceGroups/clitest_privatedns000001/providers/Microsoft.Network/privateDnsZones/clitest.privatedns.com000002/mx/clitestprivatednsrecordset000003?api-version=2018-09-01
  response:
    body:
      string: '{"id":"\/subscriptions\/00000000-0000-0000-0000-000000000000\/resourceGroups\/clitest_privatedns000001\/providers\/Microsoft.Network\/privateDnsZones\/clitest.privatedns.com000002\/MX\/clitestprivatednsrecordset000003","name":"clitestprivatednsrecordset000003","type":"Microsoft.Network\/privateDnsZones\/MX","etag":"f8a855b2-5596-45c9-b568-20d1459caf92","properties":{"metadata":{"tagKey000004":"tagVal000005"},"fqdn":"clitestprivatednsrecordset000003.clitest.privatedns.com000002.","ttl":3600,"mxRecords":[],"isAutoRegistered":false}}'
    headers:
      cache-control:
      - private
      content-length:
      - '536'
      content-type:
      - application/json; charset=utf-8
      date:
      - Wed, 26 Jul 2023 06:03:11 GMT
      etag:
      - f8a855b2-5596-45c9-b568-20d1459caf92
      server:
      - Microsoft-IIS/10.0
      strict-transport-security:
      - max-age=31536000; includeSubDomains
      transfer-encoding:
      - chunked
      vary:
      - Accept-Encoding
      x-aspnet-version:
      - 4.0.30319
      x-content-type-options:
      - nosniff
      x-ms-ratelimit-remaining-subscription-resource-requests:
      - '11999'
      x-powered-by:
      - ASP.NET
    status:
      code: 200
      message: OK
- request:
    body: null
    headers:
      Accept:
      - application/json
      Accept-Encoding:
      - gzip, deflate
      CommandName:
      - network private-dns record-set mx delete
      Connection:
      - keep-alive
      Content-Length:
      - '0'
      ParameterSetName:
      - -g -n -z -y
      User-Agent:
      - AZURECLI/2.50.0 (PIP) azsdk-python-mgmt-privatedns/1.0.0 Python/3.8.10 (Windows-10-10.0.19045-SP0)
    method: DELETE
    uri: https://management.azure.com/subscriptions/00000000-0000-0000-0000-000000000000/resourceGroups/clitest_privatedns000001/providers/Microsoft.Network/privateDnsZones/clitest.privatedns.com000002/mx/clitestprivatednsrecordset000003?api-version=2018-09-01
  response:
    body:
      string: ''
    headers:
      cache-control:
      - private
      content-length:
      - '0'
      date:
      - Wed, 26 Jul 2023 06:03:13 GMT
      server:
      - Microsoft-IIS/10.0
      strict-transport-security:
      - max-age=31536000; includeSubDomains
      x-aspnet-version:
      - 4.0.30319
      x-content-type-options:
      - nosniff
      x-ms-ratelimit-remaining-subscription-resource-requests:
      - '11999'
      x-powered-by:
      - ASP.NET
    status:
      code: 200
      message: OK
version: 1
