interactions:
- request:
    body: '{"location": "global"}'
    headers:
      Accept:
      - application/json
      Accept-Encoding:
      - gzip, deflate
      CommandName:
      - network private-dns zone create
      Connection:
      - keep-alive
      Content-Length:
      - '22'
      Content-Type:
      - application/json
      If-None-Match:
      - '*'
      ParameterSetName:
      - -g -n
      User-Agent:
      - AZURECLI/2.22.1 (MSI) azsdk-python-mgmt-privatedns/1.0.0 Python/3.8.9 (Windows-10-10.0.19041-SP0)
    method: PUT
    uri: https://management.azure.com/subscriptions/00000000-0000-0000-0000-000000000000/resourceGroups/clitest_privatedns000001/providers/Microsoft.Network/privateDnsZones/clitest.privatedns.com000002?api-version=2018-09-01
  response:
    body:
      string: '{}'
    headers:
      azure-asyncoperation:
      - https://management.azure.com:443/subscriptions/00000000-0000-0000-0000-000000000000/resourceGroups/clitest_privatedns000001/providers/Microsoft.Network/privateDnsOperationStatuses/RnJvbnRFbmRBc3luY09wZXJhdGlvbjtVcHNlcnRQcml2YXRlRG5zWm9uZTs2NTM4OWUyZi1hYjk0LTRlYTYtOWJlOC00NTI3MjcyMGU1ZGE=?api-version=2018-09-01
      cache-control:
      - private
      content-length:
      - '2'
      content-type:
      - application/json; charset=utf-8
      date:
      - Wed, 28 Apr 2021 07:55:12 GMT
      location:
      - https://management.azure.com/subscriptions/00000000-0000-0000-0000-000000000000/resourceGroups/clitest_privatedns000001/providers/Microsoft.Network/privateDnsOperationResults/RnJvbnRFbmRBc3luY09wZXJhdGlvbjtVcHNlcnRQcml2YXRlRG5zWm9uZTs2NTM4OWUyZi1hYjk0LTRlYTYtOWJlOC00NTI3MjcyMGU1ZGE=?api-version=2018-09-01
      server:
      - Microsoft-IIS/10.0
      strict-transport-security:
      - max-age=31536000; includeSubDomains
      x-aspnet-version:
      - 4.0.30319
      x-content-type-options:
      - nosniff
      x-ms-ratelimit-remaining-subscription-resource-requests:
      - '11999'
      x-powered-by:
      - ASP.NET
    status:
      code: 202
      message: Accepted
- request:
    body: null
    headers:
      Accept:
      - '*/*'
      Accept-Encoding:
      - gzip, deflate
      CommandName:
      - network private-dns zone create
      Connection:
      - keep-alive
      ParameterSetName:
      - -g -n
      User-Agent:
      - AZURECLI/2.22.1 (MSI) azsdk-python-mgmt-privatedns/1.0.0 Python/3.8.9 (Windows-10-10.0.19041-SP0)
    method: GET
    uri: https://management.azure.com/subscriptions/00000000-0000-0000-0000-000000000000/resourceGroups/clitest_privatedns000001/providers/Microsoft.Network/privateDnsOperationStatuses/RnJvbnRFbmRBc3luY09wZXJhdGlvbjtVcHNlcnRQcml2YXRlRG5zWm9uZTs2NTM4OWUyZi1hYjk0LTRlYTYtOWJlOC00NTI3MjcyMGU1ZGE=?api-version=2018-09-01
  response:
    body:
      string: '{"status":"Succeeded"}'
    headers:
      cache-control:
      - private
      content-length:
      - '22'
      content-type:
      - application/json; charset=utf-8
      date:
      - Wed, 28 Apr 2021 07:55:42 GMT
      server:
      - Microsoft-IIS/10.0
      strict-transport-security:
      - max-age=31536000; includeSubDomains
      transfer-encoding:
      - chunked
      vary:
      - Accept-Encoding
      x-aspnet-version:
      - 4.0.30319
      x-content-type-options:
      - nosniff
      x-ms-ratelimit-remaining-subscription-resource-requests:
      - '499'
      x-powered-by:
      - ASP.NET
    status:
      code: 200
      message: OK
- request:
    body: null
    headers:
      Accept:
      - '*/*'
      Accept-Encoding:
      - gzip, deflate
      CommandName:
      - network private-dns zone create
      Connection:
      - keep-alive
      ParameterSetName:
      - -g -n
      User-Agent:
      - AZURECLI/2.22.1 (MSI) azsdk-python-mgmt-privatedns/1.0.0 Python/3.8.9 (Windows-10-10.0.19041-SP0)
    method: GET
    uri: https://management.azure.com/subscriptions/00000000-0000-0000-0000-000000000000/resourceGroups/clitest_privatedns000001/providers/Microsoft.Network/privateDnsZones/clitest.privatedns.com000002?api-version=2018-09-01
  response:
    body:
      string: '{"id":"\/subscriptions\/00000000-0000-0000-0000-000000000000\/resourceGroups\/clitest_privatedns000001\/providers\/Microsoft.Network\/privateDnsZones\/clitest.privatedns.com000002","name":"clitest.privatedns.com000002","type":"Microsoft.Network\/privateDnsZones","etag":"558a07f9-a142-48d0-ac08-130b618377c6","location":"global","properties":{"maxNumberOfRecordSets":25000,"maxNumberOfVirtualNetworkLinks":1000,"maxNumberOfVirtualNetworkLinksWithRegistration":100,"numberOfRecordSets":1,"numberOfVirtualNetworkLinks":0,"numberOfVirtualNetworkLinksWithRegistration":0,"provisioningState":"Succeeded"}}'
    headers:
      cache-control:
      - private
      content-length:
      - '665'
      content-type:
      - application/json; charset=utf-8
      date:
      - Wed, 28 Apr 2021 07:55:43 GMT
      etag:
      - 558a07f9-a142-48d0-ac08-130b618377c6
      server:
      - Microsoft-IIS/10.0
      strict-transport-security:
      - max-age=31536000; includeSubDomains
      transfer-encoding:
      - chunked
      vary:
      - Accept-Encoding
      x-aspnet-version:
      - 4.0.30319
      x-content-type-options:
      - nosniff
      x-ms-ratelimit-remaining-subscription-resource-requests:
      - '499'
      x-powered-by:
      - ASP.NET
    status:
      code: 200
      message: OK
- request:
    body: '{"properties": {"ttl": 3600}}'
    headers:
      Accept:
      - application/json
      Accept-Encoding:
      - gzip, deflate
      CommandName:
      - network private-dns record-set a create
      Connection:
      - keep-alive
      Content-Length:
      - '29'
      Content-Type:
      - application/json
      If-None-Match:
      - '*'
      ParameterSetName:
      - -g -n -z
      User-Agent:
      - AZURECLI/2.22.1 (MSI) azsdk-python-mgmt-privatedns/1.0.0 Python/3.8.9 (Windows-10-10.0.19041-SP0)
    method: PUT
    uri: https://management.azure.com/subscriptions/00000000-0000-0000-0000-000000000000/resourceGroups/clitest_privatedns000001/providers/Microsoft.Network/privateDnsZones/clitest.privatedns.com000002/a/clitestprivatednsrecordset000003?api-version=2018-09-01
  response:
    body:
      string: '{"id":"\/subscriptions\/00000000-0000-0000-0000-000000000000\/resourceGroups\/clitest_privatedns000001\/providers\/Microsoft.Network\/privateDnsZones\/clitest.privatedns.com000002\/A\/clitestprivatednsrecordset000003","name":"clitestprivatednsrecordset000003","type":"Microsoft.Network\/privateDnsZones\/A","etag":"b22d894a-21bd-40e5-b170-14921db7a771","properties":{"fqdn":"clitestprivatednsrecordset000003.clitest.privatedns.com000002.","ttl":3600,"aRecords":[],"isAutoRegistered":false}}'
    headers:
      cache-control:
      - private
      content-length:
      - '564'
      content-type:
      - application/json; charset=utf-8
      date:
      - Wed, 28 Apr 2021 07:55:45 GMT
      etag:
      - b22d894a-21bd-40e5-b170-14921db7a771
      server:
      - Microsoft-IIS/10.0
      strict-transport-security:
      - max-age=31536000; includeSubDomains
      x-aspnet-version:
      - 4.0.30319
      x-content-type-options:
      - nosniff
      x-ms-ratelimit-remaining-subscription-resource-requests:
      - '11999'
      x-powered-by:
      - ASP.NET
    status:
      code: 201
      message: Created
- request:
    body: null
    headers:
      Accept:
      - application/json
      Accept-Encoding:
      - gzip, deflate
      CommandName:
      - network private-dns record-set a add-record
      Connection:
      - keep-alive
      ParameterSetName:
      - -g -n -z -a
      User-Agent:
      - AZURECLI/2.22.1 (MSI) azsdk-python-mgmt-privatedns/1.0.0 Python/3.8.9 (Windows-10-10.0.19041-SP0)
    method: GET
    uri: https://management.azure.com/subscriptions/00000000-0000-0000-0000-000000000000/resourceGroups/clitest_privatedns000001/providers/Microsoft.Network/privateDnsZones/clitest.privatedns.com000002/a/clitestprivatednsrecordset000003?api-version=2018-09-01
  response:
    body:
      string: '{"id":"\/subscriptions\/00000000-0000-0000-0000-000000000000\/resourceGroups\/clitest_privatedns000001\/providers\/Microsoft.Network\/privateDnsZones\/clitest.privatedns.com000002\/A\/clitestprivatednsrecordset000003","name":"clitestprivatednsrecordset000003","type":"Microsoft.Network\/privateDnsZones\/A","etag":"b22d894a-21bd-40e5-b170-14921db7a771","properties":{"fqdn":"clitestprivatednsrecordset000003.clitest.privatedns.com000002.","ttl":3600,"aRecords":[],"isAutoRegistered":false}}'
    headers:
      cache-control:
      - private
      content-length:
      - '564'
      content-type:
      - application/json; charset=utf-8
      date:
      - Wed, 28 Apr 2021 07:55:48 GMT
      etag:
      - b22d894a-21bd-40e5-b170-14921db7a771
      server:
      - Microsoft-IIS/10.0
      strict-transport-security:
      - max-age=31536000; includeSubDomains
      transfer-encoding:
      - chunked
      vary:
      - Accept-Encoding
      x-aspnet-version:
      - 4.0.30319
      x-content-type-options:
      - nosniff
      x-ms-ratelimit-remaining-subscription-resource-requests:
      - '499'
      x-powered-by:
      - ASP.NET
    status:
      code: 200
      message: OK
- request:
    body: '{"etag": "b22d894a-21bd-40e5-b170-14921db7a771", "properties": {"ttl":
      3600, "aRecords": [{"ipv4Address": "10.0.0.1"}]}}'
    headers:
      Accept:
      - application/json
      Accept-Encoding:
      - gzip, deflate
      CommandName:
      - network private-dns record-set a add-record
      Connection:
      - keep-alive
      Content-Length:
      - '120'
      Content-Type:
      - application/json
      ParameterSetName:
      - -g -n -z -a
      User-Agent:
      - AZURECLI/2.22.1 (MSI) azsdk-python-mgmt-privatedns/1.0.0 Python/3.8.9 (Windows-10-10.0.19041-SP0)
    method: PUT
    uri: https://management.azure.com/subscriptions/00000000-0000-0000-0000-000000000000/resourceGroups/clitest_privatedns000001/providers/Microsoft.Network/privateDnsZones/clitest.privatedns.com000002/a/clitestprivatednsrecordset000003?api-version=2018-09-01
  response:
    body:
      string: '{"id":"\/subscriptions\/00000000-0000-0000-0000-000000000000\/resourceGroups\/clitest_privatedns000001\/providers\/Microsoft.Network\/privateDnsZones\/clitest.privatedns.com000002\/A\/clitestprivatednsrecordset000003","name":"clitestprivatednsrecordset000003","type":"Microsoft.Network\/privateDnsZones\/A","etag":"30dcfb1f-4e6b-44c5-828e-8133f5a4dcc5","properties":{"fqdn":"clitestprivatednsrecordset000003.clitest.privatedns.com000002.","ttl":3600,"aRecords":[{"ipv4Address":"10.0.0.1"}],"isAutoRegistered":false}}'
    headers:
      cache-control:
      - private
      content-length:
      - '590'
      content-type:
      - application/json; charset=utf-8
      date:
      - Wed, 28 Apr 2021 07:55:49 GMT
      etag:
      - 30dcfb1f-4e6b-44c5-828e-8133f5a4dcc5
      server:
      - Microsoft-IIS/10.0
      strict-transport-security:
      - max-age=31536000; includeSubDomains
      transfer-encoding:
      - chunked
      vary:
      - Accept-Encoding
      x-aspnet-version:
      - 4.0.30319
      x-content-type-options:
      - nosniff
      x-ms-ratelimit-remaining-subscription-resource-requests:
      - '11998'
      x-powered-by:
      - ASP.NET
    status:
      code: 200
      message: OK
- request:
    body: '{"properties": {"ttl": 3600}}'
    headers:
      Accept:
      - application/json
      Accept-Encoding:
      - gzip, deflate
      CommandName:
      - network private-dns record-set aaaa create
      Connection:
      - keep-alive
      Content-Length:
      - '29'
      Content-Type:
      - application/json
      If-None-Match:
      - '*'
      ParameterSetName:
      - -g -n -z
      User-Agent:
      - AZURECLI/2.22.1 (MSI) azsdk-python-mgmt-privatedns/1.0.0 Python/3.8.9 (Windows-10-10.0.19041-SP0)
    method: PUT
    uri: https://management.azure.com/subscriptions/00000000-0000-0000-0000-000000000000/resourceGroups/clitest_privatedns000001/providers/Microsoft.Network/privateDnsZones/clitest.privatedns.com000002/aaaa/clitestprivatednsrecordset000004?api-version=2018-09-01
  response:
    body:
      string: '{"id":"\/subscriptions\/00000000-0000-0000-0000-000000000000\/resourceGroups\/clitest_privatedns000001\/providers\/Microsoft.Network\/privateDnsZones\/clitest.privatedns.com000002\/AAAA\/clitestprivatednsrecordset000004","name":"clitestprivatednsrecordset000004","type":"Microsoft.Network\/privateDnsZones\/AAAA","etag":"20dbf6be-a725-48c1-88c5-32b6a1100521","properties":{"fqdn":"clitestprivatednsrecordset000004.clitest.privatedns.com000002.","ttl":3600,"aaaaRecords":[],"isAutoRegistered":false}}'
    headers:
      cache-control:
      - private
      content-length:
      - '573'
      content-type:
      - application/json; charset=utf-8
      date:
      - Wed, 28 Apr 2021 07:55:51 GMT
      etag:
      - 20dbf6be-a725-48c1-88c5-32b6a1100521
      server:
      - Microsoft-IIS/10.0
      strict-transport-security:
      - max-age=31536000; includeSubDomains
      x-aspnet-version:
      - 4.0.30319
      x-content-type-options:
      - nosniff
      x-ms-ratelimit-remaining-subscription-resource-requests:
      - '11999'
      x-powered-by:
      - ASP.NET
    status:
      code: 201
      message: Created
- request:
    body: null
    headers:
      Accept:
      - application/json
      Accept-Encoding:
      - gzip, deflate
      CommandName:
      - network private-dns record-set aaaa add-record
      Connection:
      - keep-alive
      ParameterSetName:
      - -g -n -z -a
      User-Agent:
      - AZURECLI/2.22.1 (MSI) azsdk-python-mgmt-privatedns/1.0.0 Python/3.8.9 (Windows-10-10.0.19041-SP0)
    method: GET
    uri: https://management.azure.com/subscriptions/00000000-0000-0000-0000-000000000000/resourceGroups/clitest_privatedns000001/providers/Microsoft.Network/privateDnsZones/clitest.privatedns.com000002/aaaa/clitestprivatednsrecordset000004?api-version=2018-09-01
  response:
    body:
      string: '{"id":"\/subscriptions\/00000000-0000-0000-0000-000000000000\/resourceGroups\/clitest_privatedns000001\/providers\/Microsoft.Network\/privateDnsZones\/clitest.privatedns.com000002\/AAAA\/clitestprivatednsrecordset000004","name":"clitestprivatednsrecordset000004","type":"Microsoft.Network\/privateDnsZones\/AAAA","etag":"20dbf6be-a725-48c1-88c5-32b6a1100521","properties":{"fqdn":"clitestprivatednsrecordset000004.clitest.privatedns.com000002.","ttl":3600,"aaaaRecords":[],"isAutoRegistered":false}}'
    headers:
      cache-control:
      - private
      content-length:
      - '573'
      content-type:
      - application/json; charset=utf-8
      date:
      - Wed, 28 Apr 2021 07:55:53 GMT
      etag:
      - 20dbf6be-a725-48c1-88c5-32b6a1100521
      server:
      - Microsoft-IIS/10.0
      strict-transport-security:
      - max-age=31536000; includeSubDomains
      transfer-encoding:
      - chunked
      vary:
      - Accept-Encoding
      x-aspnet-version:
      - 4.0.30319
      x-content-type-options:
      - nosniff
      x-ms-ratelimit-remaining-subscription-resource-requests:
      - '499'
      x-powered-by:
      - ASP.NET
    status:
      code: 200
      message: OK
- request:
    body: '{"etag": "20dbf6be-a725-48c1-88c5-32b6a1100521", "properties": {"ttl":
      3600, "aaaaRecords": [{"ipv6Address": "::1"}]}}'
    headers:
      Accept:
      - application/json
      Accept-Encoding:
      - gzip, deflate
      CommandName:
      - network private-dns record-set aaaa add-record
      Connection:
      - keep-alive
      Content-Length:
      - '118'
      Content-Type:
      - application/json
      ParameterSetName:
      - -g -n -z -a
      User-Agent:
      - AZURECLI/2.22.1 (MSI) azsdk-python-mgmt-privatedns/1.0.0 Python/3.8.9 (Windows-10-10.0.19041-SP0)
    method: PUT
    uri: https://management.azure.com/subscriptions/00000000-0000-0000-0000-000000000000/resourceGroups/clitest_privatedns000001/providers/Microsoft.Network/privateDnsZones/clitest.privatedns.com000002/aaaa/clitestprivatednsrecordset000004?api-version=2018-09-01
  response:
    body:
      string: '{"id":"\/subscriptions\/00000000-0000-0000-0000-000000000000\/resourceGroups\/clitest_privatedns000001\/providers\/Microsoft.Network\/privateDnsZones\/clitest.privatedns.com000002\/AAAA\/clitestprivatednsrecordset000004","name":"clitestprivatednsrecordset000004","type":"Microsoft.Network\/privateDnsZones\/AAAA","etag":"8380eee4-9b8d-43f7-8c78-fdd2f95893c3","properties":{"fqdn":"clitestprivatednsrecordset000004.clitest.privatedns.com000002.","ttl":3600,"aaaaRecords":[{"ipv6Address":"::1"}],"isAutoRegistered":false}}'
    headers:
      cache-control:
      - private
      content-length:
      - '594'
      content-type:
      - application/json; charset=utf-8
      date:
      - Wed, 28 Apr 2021 07:55:54 GMT
      etag:
      - 8380eee4-9b8d-43f7-8c78-fdd2f95893c3
      server:
      - Microsoft-IIS/10.0
      strict-transport-security:
      - max-age=31536000; includeSubDomains
      transfer-encoding:
      - chunked
      vary:
      - Accept-Encoding
      x-aspnet-version:
      - 4.0.30319
      x-content-type-options:
      - nosniff
      x-ms-ratelimit-remaining-subscription-resource-requests:
      - '11999'
      x-powered-by:
      - ASP.NET
    status:
      code: 200
      message: OK
- request:
    body: '{"properties": {"ttl": 3600}}'
    headers:
      Accept:
      - application/json
      Accept-Encoding:
      - gzip, deflate
      CommandName:
      - network private-dns record-set txt create
      Connection:
      - keep-alive
      Content-Length:
      - '29'
      Content-Type:
      - application/json
      If-None-Match:
      - '*'
      ParameterSetName:
      - -g -n -z
      User-Agent:
      - AZURECLI/2.22.1 (MSI) azsdk-python-mgmt-privatedns/1.0.0 Python/3.8.9 (Windows-10-10.0.19041-SP0)
    method: PUT
    uri: https://management.azure.com/subscriptions/00000000-0000-0000-0000-000000000000/resourceGroups/clitest_privatedns000001/providers/Microsoft.Network/privateDnsZones/clitest.privatedns.com000002/txt/clitestprivatednsrecordset000005?api-version=2018-09-01
  response:
    body:
      string: '{"id":"\/subscriptions\/00000000-0000-0000-0000-000000000000\/resourceGroups\/clitest_privatedns000001\/providers\/Microsoft.Network\/privateDnsZones\/clitest.privatedns.com000002\/TXT\/clitestprivatednsrecordset000005","name":"clitestprivatednsrecordset000005","type":"Microsoft.Network\/privateDnsZones\/TXT","etag":"ce1c0ac8-ad54-49bb-ba0f-9829a371eae4","properties":{"fqdn":"clitestprivatednsrecordset000005.clitest.privatedns.com000002.","ttl":3600,"txtRecords":[],"isAutoRegistered":false}}'
    headers:
      cache-control:
      - private
      content-length:
      - '570'
      content-type:
      - application/json; charset=utf-8
      date:
      - Wed, 28 Apr 2021 07:55:57 GMT
      etag:
      - ce1c0ac8-ad54-49bb-ba0f-9829a371eae4
      server:
      - Microsoft-IIS/10.0
      strict-transport-security:
      - max-age=31536000; includeSubDomains
      x-aspnet-version:
      - 4.0.30319
      x-content-type-options:
      - nosniff
      x-ms-ratelimit-remaining-subscription-resource-requests:
      - '11998'
      x-powered-by:
      - ASP.NET
    status:
      code: 201
      message: Created
- request:
    body: null
    headers:
      Accept:
      - application/json
      Accept-Encoding:
      - gzip, deflate
      CommandName:
      - network private-dns record-set txt add-record
      Connection:
      - keep-alive
      ParameterSetName:
      - -g -n -z -v
      User-Agent:
      - AZURECLI/2.22.1 (MSI) azsdk-python-mgmt-privatedns/1.0.0 Python/3.8.9 (Windows-10-10.0.19041-SP0)
    method: GET
    uri: https://management.azure.com/subscriptions/00000000-0000-0000-0000-000000000000/resourceGroups/clitest_privatedns000001/providers/Microsoft.Network/privateDnsZones/clitest.privatedns.com000002/txt/clitestprivatednsrecordset000005?api-version=2018-09-01
  response:
    body:
      string: '{"id":"\/subscriptions\/00000000-0000-0000-0000-000000000000\/resourceGroups\/clitest_privatedns000001\/providers\/Microsoft.Network\/privateDnsZones\/clitest.privatedns.com000002\/TXT\/clitestprivatednsrecordset000005","name":"clitestprivatednsrecordset000005","type":"Microsoft.Network\/privateDnsZones\/TXT","etag":"ce1c0ac8-ad54-49bb-ba0f-9829a371eae4","properties":{"fqdn":"clitestprivatednsrecordset000005.clitest.privatedns.com000002.","ttl":3600,"txtRecords":[],"isAutoRegistered":false}}'
    headers:
      cache-control:
      - private
      content-length:
      - '570'
      content-type:
      - application/json; charset=utf-8
      date:
      - Wed, 28 Apr 2021 07:55:57 GMT
      etag:
      - ce1c0ac8-ad54-49bb-ba0f-9829a371eae4
      server:
      - Microsoft-IIS/10.0
      strict-transport-security:
      - max-age=31536000; includeSubDomains
      transfer-encoding:
      - chunked
      vary:
      - Accept-Encoding
      x-aspnet-version:
      - 4.0.30319
      x-content-type-options:
      - nosniff
      x-ms-ratelimit-remaining-subscription-resource-requests:
      - '499'
      x-powered-by:
      - ASP.NET
    status:
      code: 200
      message: OK
- request:
    body: '{"etag": "ce1c0ac8-ad54-49bb-ba0f-9829a371eae4", "properties": {"ttl":
      3600, "txtRecords": [{"value": ["txt record"]}]}}'
    headers:
      Accept:
      - application/json
      Accept-Encoding:
      - gzip, deflate
      CommandName:
      - network private-dns record-set txt add-record
      Connection:
      - keep-alive
      Content-Length:
      - '120'
      Content-Type:
      - application/json
      ParameterSetName:
      - -g -n -z -v
      User-Agent:
      - AZURECLI/2.22.1 (MSI) azsdk-python-mgmt-privatedns/1.0.0 Python/3.8.9 (Windows-10-10.0.19041-SP0)
    method: PUT
    uri: https://management.azure.com/subscriptions/00000000-0000-0000-0000-000000000000/resourceGroups/clitest_privatedns000001/providers/Microsoft.Network/privateDnsZones/clitest.privatedns.com000002/txt/clitestprivatednsrecordset000005?api-version=2018-09-01
  response:
    body:
      string: '{"id":"\/subscriptions\/00000000-0000-0000-0000-000000000000\/resourceGroups\/clitest_privatedns000001\/providers\/Microsoft.Network\/privateDnsZones\/clitest.privatedns.com000002\/TXT\/clitestprivatednsrecordset000005","name":"clitestprivatednsrecordset000005","type":"Microsoft.Network\/privateDnsZones\/TXT","etag":"e9504fef-3a60-4ad1-8448-b3c37ca9b934","properties":{"fqdn":"clitestprivatednsrecordset000005.clitest.privatedns.com000002.","ttl":3600,"txtRecords":[{"value":["txt
        record"]}],"isAutoRegistered":false}}'
    headers:
      cache-control:
      - private
      content-length:
      - '594'
      content-type:
      - application/json; charset=utf-8
      date:
      - Wed, 28 Apr 2021 07:55:58 GMT
      etag:
      - e9504fef-3a60-4ad1-8448-b3c37ca9b934
      server:
      - Microsoft-IIS/10.0
      strict-transport-security:
      - max-age=31536000; includeSubDomains
      transfer-encoding:
      - chunked
      vary:
      - Accept-Encoding
      x-aspnet-version:
      - 4.0.30319
      x-content-type-options:
      - nosniff
      x-ms-ratelimit-remaining-subscription-resource-requests:
      - '11999'
      x-powered-by:
      - ASP.NET
    status:
      code: 200
      message: OK
- request:
    body: '{"properties": {"ttl": 3600}}'
    headers:
      Accept:
      - application/json
      Accept-Encoding:
      - gzip, deflate
      CommandName:
      - network private-dns record-set cname create
      Connection:
      - keep-alive
      Content-Length:
      - '29'
      Content-Type:
      - application/json
      If-None-Match:
      - '*'
      ParameterSetName:
      - -g -n -z
      User-Agent:
      - AZURECLI/2.22.1 (MSI) azsdk-python-mgmt-privatedns/1.0.0 Python/3.8.9 (Windows-10-10.0.19041-SP0)
    method: PUT
    uri: https://management.azure.com/subscriptions/00000000-0000-0000-0000-000000000000/resourceGroups/clitest_privatedns000001/providers/Microsoft.Network/privateDnsZones/clitest.privatedns.com000002/cname/clitestprivatednsrecordset000006?api-version=2018-09-01
  response:
    body:
      string: '{"id":"\/subscriptions\/00000000-0000-0000-0000-000000000000\/resourceGroups\/clitest_privatedns000001\/providers\/Microsoft.Network\/privateDnsZones\/clitest.privatedns.com000002\/CNAME\/clitestprivatednsrecordset000006","name":"clitestprivatednsrecordset000006","type":"Microsoft.Network\/privateDnsZones\/CNAME","etag":"b2683613-3db5-4fbb-959c-062dca55d1f7","properties":{"fqdn":"clitestprivatednsrecordset000006.clitest.privatedns.com000002.","ttl":3600,"isAutoRegistered":false}}'
    headers:
      cache-control:
      - private
      content-length:
      - '558'
      content-type:
      - application/json; charset=utf-8
      date:
      - Wed, 28 Apr 2021 07:56:02 GMT
      etag:
      - b2683613-3db5-4fbb-959c-062dca55d1f7
      server:
      - Microsoft-IIS/10.0
      strict-transport-security:
      - max-age=31536000; includeSubDomains
      x-aspnet-version:
      - 4.0.30319
      x-content-type-options:
      - nosniff
      x-ms-ratelimit-remaining-subscription-resource-requests:
      - '11998'
      x-powered-by:
      - ASP.NET
    status:
      code: 201
      message: Created
- request:
    body: null
    headers:
      Accept:
      - application/json
      Accept-Encoding:
      - gzip, deflate
      CommandName:
      - network private-dns record-set cname set-record
      Connection:
      - keep-alive
      ParameterSetName:
      - -g -n -z -c
      User-Agent:
      - AZURECLI/2.22.1 (MSI) azsdk-python-mgmt-privatedns/1.0.0 Python/3.8.9 (Windows-10-10.0.19041-SP0)
    method: GET
    uri: https://management.azure.com/subscriptions/00000000-0000-0000-0000-000000000000/resourceGroups/clitest_privatedns000001/providers/Microsoft.Network/privateDnsZones/clitest.privatedns.com000002/cname/clitestprivatednsrecordset000006?api-version=2018-09-01
  response:
    body:
      string: '{"id":"\/subscriptions\/00000000-0000-0000-0000-000000000000\/resourceGroups\/clitest_privatedns000001\/providers\/Microsoft.Network\/privateDnsZones\/clitest.privatedns.com000002\/CNAME\/clitestprivatednsrecordset000006","name":"clitestprivatednsrecordset000006","type":"Microsoft.Network\/privateDnsZones\/CNAME","etag":"b2683613-3db5-4fbb-959c-062dca55d1f7","properties":{"fqdn":"clitestprivatednsrecordset000006.clitest.privatedns.com000002.","ttl":3600,"isAutoRegistered":false}}'
    headers:
      cache-control:
      - private
      content-length:
      - '558'
      content-type:
      - application/json; charset=utf-8
      date:
      - Wed, 28 Apr 2021 07:56:03 GMT
      etag:
      - b2683613-3db5-4fbb-959c-062dca55d1f7
      server:
      - Microsoft-IIS/10.0
      strict-transport-security:
      - max-age=31536000; includeSubDomains
      transfer-encoding:
      - chunked
      vary:
      - Accept-Encoding
      x-aspnet-version:
      - 4.0.30319
      x-content-type-options:
      - nosniff
      x-ms-ratelimit-remaining-subscription-resource-requests:
      - '499'
      x-powered-by:
      - ASP.NET
    status:
      code: 200
      message: OK
- request:
    body: '{"etag": "b2683613-3db5-4fbb-959c-062dca55d1f7", "properties": {"ttl":
      3600, "cnameRecord": {"cname": "clitestcname"}}}'
    headers:
      Accept:
      - application/json
      Accept-Encoding:
      - gzip, deflate
      CommandName:
      - network private-dns record-set cname set-record
      Connection:
      - keep-alive
      Content-Length:
      - '119'
      Content-Type:
      - application/json
      ParameterSetName:
      - -g -n -z -c
      User-Agent:
      - AZURECLI/2.22.1 (MSI) azsdk-python-mgmt-privatedns/1.0.0 Python/3.8.9 (Windows-10-10.0.19041-SP0)
    method: PUT
    uri: https://management.azure.com/subscriptions/00000000-0000-0000-0000-000000000000/resourceGroups/clitest_privatedns000001/providers/Microsoft.Network/privateDnsZones/clitest.privatedns.com000002/cname/clitestprivatednsrecordset000006?api-version=2018-09-01
  response:
    body:
      string: '{"id":"\/subscriptions\/00000000-0000-0000-0000-000000000000\/resourceGroups\/clitest_privatedns000001\/providers\/Microsoft.Network\/privateDnsZones\/clitest.privatedns.com000002\/CNAME\/clitestprivatednsrecordset000006","name":"clitestprivatednsrecordset000006","type":"Microsoft.Network\/privateDnsZones\/CNAME","etag":"a85b1ebe-1c05-4b19-b98d-47e8875518bb","properties":{"fqdn":"clitestprivatednsrecordset000006.clitest.privatedns.com000002.","ttl":3600,"cnameRecord":{"cname":"clitestcname"},"isAutoRegistered":false}}'
    headers:
      cache-control:
      - private
      content-length:
      - '597'
      content-type:
      - application/json; charset=utf-8
      date:
      - Wed, 28 Apr 2021 07:56:04 GMT
      etag:
      - a85b1ebe-1c05-4b19-b98d-47e8875518bb
      server:
      - Microsoft-IIS/10.0
      strict-transport-security:
      - max-age=31536000; includeSubDomains
      transfer-encoding:
      - chunked
      vary:
      - Accept-Encoding
      x-aspnet-version:
      - 4.0.30319
      x-content-type-options:
      - nosniff
      x-ms-ratelimit-remaining-subscription-resource-requests:
      - '11998'
      x-powered-by:
      - ASP.NET
    status:
      code: 200
      message: OK
- request:
    body: '{"properties": {"ttl": 3600}}'
    headers:
      Accept:
      - application/json
      Accept-Encoding:
      - gzip, deflate
      CommandName:
      - network private-dns record-set srv create
      Connection:
      - keep-alive
      Content-Length:
      - '29'
      Content-Type:
      - application/json
      If-None-Match:
      - '*'
      ParameterSetName:
      - -g -n -z
      User-Agent:
      - AZURECLI/2.22.1 (MSI) azsdk-python-mgmt-privatedns/1.0.0 Python/3.8.9 (Windows-10-10.0.19041-SP0)
    method: PUT
    uri: https://management.azure.com/subscriptions/00000000-0000-0000-0000-000000000000/resourceGroups/clitest_privatedns000001/providers/Microsoft.Network/privateDnsZones/clitest.privatedns.com000002/srv/clitestprivatednsrecordset000007?api-version=2018-09-01
  response:
    body:
      string: '{"id":"\/subscriptions\/00000000-0000-0000-0000-000000000000\/resourceGroups\/clitest_privatedns000001\/providers\/Microsoft.Network\/privateDnsZones\/clitest.privatedns.com000002\/SRV\/clitestprivatednsrecordset000007","name":"clitestprivatednsrecordset000007","type":"Microsoft.Network\/privateDnsZones\/SRV","etag":"0153d764-005d-4eb7-9eec-0786fdc1c96a","properties":{"fqdn":"clitestprivatednsrecordset000007.clitest.privatedns.com000002.","ttl":3600,"srvRecords":[],"isAutoRegistered":false}}'
    headers:
      cache-control:
      - private
      content-length:
      - '570'
      content-type:
      - application/json; charset=utf-8
      date:
      - Wed, 28 Apr 2021 07:56:07 GMT
      etag:
      - 0153d764-005d-4eb7-9eec-0786fdc1c96a
      server:
      - Microsoft-IIS/10.0
      strict-transport-security:
      - max-age=31536000; includeSubDomains
      x-aspnet-version:
      - 4.0.30319
      x-content-type-options:
      - nosniff
      x-ms-ratelimit-remaining-subscription-resource-requests:
      - '11998'
      x-powered-by:
      - ASP.NET
    status:
      code: 201
      message: Created
- request:
    body: null
    headers:
      Accept:
      - application/json
      Accept-Encoding:
      - gzip, deflate
      CommandName:
      - network private-dns record-set srv add-record
      Connection:
      - keep-alive
      ParameterSetName:
      - -g -n -z -r -p -t -w
      User-Agent:
      - AZURECLI/2.22.1 (MSI) azsdk-python-mgmt-privatedns/1.0.0 Python/3.8.9 (Windows-10-10.0.19041-SP0)
    method: GET
    uri: https://management.azure.com/subscriptions/00000000-0000-0000-0000-000000000000/resourceGroups/clitest_privatedns000001/providers/Microsoft.Network/privateDnsZones/clitest.privatedns.com000002/srv/clitestprivatednsrecordset000007?api-version=2018-09-01
  response:
    body:
      string: '{"id":"\/subscriptions\/00000000-0000-0000-0000-000000000000\/resourceGroups\/clitest_privatedns000001\/providers\/Microsoft.Network\/privateDnsZones\/clitest.privatedns.com000002\/SRV\/clitestprivatednsrecordset000007","name":"clitestprivatednsrecordset000007","type":"Microsoft.Network\/privateDnsZones\/SRV","etag":"0153d764-005d-4eb7-9eec-0786fdc1c96a","properties":{"fqdn":"clitestprivatednsrecordset000007.clitest.privatedns.com000002.","ttl":3600,"srvRecords":[],"isAutoRegistered":false}}'
    headers:
      cache-control:
      - private
      content-length:
      - '570'
      content-type:
      - application/json; charset=utf-8
      date:
      - Wed, 28 Apr 2021 07:56:07 GMT
      etag:
      - 0153d764-005d-4eb7-9eec-0786fdc1c96a
      server:
      - Microsoft-IIS/10.0
      strict-transport-security:
      - max-age=31536000; includeSubDomains
      transfer-encoding:
      - chunked
      vary:
      - Accept-Encoding
      x-aspnet-version:
      - 4.0.30319
      x-content-type-options:
      - nosniff
      x-ms-ratelimit-remaining-subscription-resource-requests:
      - '499'
      x-powered-by:
      - ASP.NET
    status:
      code: 200
      message: OK
- request:
    body: '{"etag": "0153d764-005d-4eb7-9eec-0786fdc1c96a", "properties": {"ttl":
      3600, "srvRecords": [{"priority": 1, "weight": 5, "port": 120, "target": "targ.et"}]}}'
    headers:
      Accept:
      - application/json
      Accept-Encoding:
      - gzip, deflate
      CommandName:
      - network private-dns record-set srv add-record
      Connection:
      - keep-alive
      Content-Length:
      - '157'
      Content-Type:
      - application/json
      ParameterSetName:
      - -g -n -z -r -p -t -w
      User-Agent:
      - AZURECLI/2.22.1 (MSI) azsdk-python-mgmt-privatedns/1.0.0 Python/3.8.9 (Windows-10-10.0.19041-SP0)
    method: PUT
    uri: https://management.azure.com/subscriptions/00000000-0000-0000-0000-000000000000/resourceGroups/clitest_privatedns000001/providers/Microsoft.Network/privateDnsZones/clitest.privatedns.com000002/srv/clitestprivatednsrecordset000007?api-version=2018-09-01
  response:
    body:
      string: '{"id":"\/subscriptions\/00000000-0000-0000-0000-000000000000\/resourceGroups\/clitest_privatedns000001\/providers\/Microsoft.Network\/privateDnsZones\/clitest.privatedns.com000002\/SRV\/clitestprivatednsrecordset000007","name":"clitestprivatednsrecordset000007","type":"Microsoft.Network\/privateDnsZones\/SRV","etag":"78aa7abc-c3f0-4987-8a9f-d77664e8051d","properties":{"fqdn":"clitestprivatednsrecordset000007.clitest.privatedns.com000002.","ttl":3600,"srvRecords":[{"port":120,"priority":1,"target":"targ.et","weight":5}],"isAutoRegistered":false}}'
    headers:
      cache-control:
      - private
      content-length:
      - '625'
      content-type:
      - application/json; charset=utf-8
      date:
      - Wed, 28 Apr 2021 07:56:08 GMT
      etag:
      - 78aa7abc-c3f0-4987-8a9f-d77664e8051d
      server:
      - Microsoft-IIS/10.0
      strict-transport-security:
      - max-age=31536000; includeSubDomains
      transfer-encoding:
      - chunked
      vary:
      - Accept-Encoding
      x-aspnet-version:
      - 4.0.30319
      x-content-type-options:
      - nosniff
      x-ms-ratelimit-remaining-subscription-resource-requests:
      - '11999'
      x-powered-by:
      - ASP.NET
    status:
      code: 200
      message: OK
- request:
    body: '{"properties": {"ttl": 3600}}'
    headers:
      Accept:
      - application/json
      Accept-Encoding:
      - gzip, deflate
      CommandName:
      - network private-dns record-set mx create
      Connection:
      - keep-alive
      Content-Length:
      - '29'
      Content-Type:
      - application/json
      If-None-Match:
      - '*'
      ParameterSetName:
      - -g -n -z
      User-Agent:
      - AZURECLI/2.22.1 (MSI) azsdk-python-mgmt-privatedns/1.0.0 Python/3.8.9 (Windows-10-10.0.19041-SP0)
    method: PUT
    uri: https://management.azure.com/subscriptions/00000000-0000-0000-0000-000000000000/resourceGroups/clitest_privatedns000001/providers/Microsoft.Network/privateDnsZones/clitest.privatedns.com000002/mx/clitestprivatednsrecordset000008?api-version=2018-09-01
  response:
    body:
      string: '{"id":"\/subscriptions\/00000000-0000-0000-0000-000000000000\/resourceGroups\/clitest_privatedns000001\/providers\/Microsoft.Network\/privateDnsZones\/clitest.privatedns.com000002\/MX\/clitestprivatednsrecordset000008","name":"clitestprivatednsrecordset000008","type":"Microsoft.Network\/privateDnsZones\/MX","etag":"619cf6f3-65b8-4e0a-8290-61b905a4baa0","properties":{"fqdn":"clitestprivatednsrecordset000008.clitest.privatedns.com000002.","ttl":3600,"mxRecords":[],"isAutoRegistered":false}}'
    headers:
      cache-control:
      - private
      content-length:
      - '567'
      content-type:
      - application/json; charset=utf-8
      date:
      - Wed, 28 Apr 2021 07:56:09 GMT
      etag:
      - 619cf6f3-65b8-4e0a-8290-61b905a4baa0
      server:
      - Microsoft-IIS/10.0
      strict-transport-security:
      - max-age=31536000; includeSubDomains
      x-aspnet-version:
      - 4.0.30319
      x-content-type-options:
      - nosniff
      x-ms-ratelimit-remaining-subscription-resource-requests:
      - '11999'
      x-powered-by:
      - ASP.NET
    status:
      code: 201
      message: Created
- request:
    body: null
    headers:
      Accept:
      - application/json
      Accept-Encoding:
      - gzip, deflate
      CommandName:
      - network private-dns record-set mx add-record
      Connection:
      - keep-alive
      ParameterSetName:
      - -g -n -z -e -p
      User-Agent:
      - AZURECLI/2.22.1 (MSI) azsdk-python-mgmt-privatedns/1.0.0 Python/3.8.9 (Windows-10-10.0.19041-SP0)
    method: GET
    uri: https://management.azure.com/subscriptions/00000000-0000-0000-0000-000000000000/resourceGroups/clitest_privatedns000001/providers/Microsoft.Network/privateDnsZones/clitest.privatedns.com000002/mx/clitestprivatednsrecordset000008?api-version=2018-09-01
  response:
    body:
      string: '{"id":"\/subscriptions\/00000000-0000-0000-0000-000000000000\/resourceGroups\/clitest_privatedns000001\/providers\/Microsoft.Network\/privateDnsZones\/clitest.privatedns.com000002\/MX\/clitestprivatednsrecordset000008","name":"clitestprivatednsrecordset000008","type":"Microsoft.Network\/privateDnsZones\/MX","etag":"619cf6f3-65b8-4e0a-8290-61b905a4baa0","properties":{"fqdn":"clitestprivatednsrecordset000008.clitest.privatedns.com000002.","ttl":3600,"mxRecords":[],"isAutoRegistered":false}}'
    headers:
      cache-control:
      - private
      content-length:
      - '567'
      content-type:
      - application/json; charset=utf-8
      date:
      - Wed, 28 Apr 2021 07:56:10 GMT
      etag:
      - 619cf6f3-65b8-4e0a-8290-61b905a4baa0
      server:
      - Microsoft-IIS/10.0
      strict-transport-security:
      - max-age=31536000; includeSubDomains
      transfer-encoding:
      - chunked
      vary:
      - Accept-Encoding
      x-aspnet-version:
      - 4.0.30319
      x-content-type-options:
      - nosniff
      x-ms-ratelimit-remaining-subscription-resource-requests:
      - '499'
      x-powered-by:
      - ASP.NET
    status:
      code: 200
      message: OK
- request:
    body: '{"etag": "619cf6f3-65b8-4e0a-8290-61b905a4baa0", "properties": {"ttl":
      3600, "mxRecords": [{"preference": 1, "exchange": "ex.chan.ge"}]}}'
    headers:
      Accept:
      - application/json
      Accept-Encoding:
      - gzip, deflate
      CommandName:
      - network private-dns record-set mx add-record
      Connection:
      - keep-alive
      Content-Length:
      - '137'
      Content-Type:
      - application/json
      ParameterSetName:
      - -g -n -z -e -p
      User-Agent:
      - AZURECLI/2.22.1 (MSI) azsdk-python-mgmt-privatedns/1.0.0 Python/3.8.9 (Windows-10-10.0.19041-SP0)
    method: PUT
    uri: https://management.azure.com/subscriptions/00000000-0000-0000-0000-000000000000/resourceGroups/clitest_privatedns000001/providers/Microsoft.Network/privateDnsZones/clitest.privatedns.com000002/mx/clitestprivatednsrecordset000008?api-version=2018-09-01
  response:
    body:
      string: '{"id":"\/subscriptions\/00000000-0000-0000-0000-000000000000\/resourceGroups\/clitest_privatedns000001\/providers\/Microsoft.Network\/privateDnsZones\/clitest.privatedns.com000002\/MX\/clitestprivatednsrecordset000008","name":"clitestprivatednsrecordset000008","type":"Microsoft.Network\/privateDnsZones\/MX","etag":"03410110-79e1-4ab7-b369-96e7f5d106a3","properties":{"fqdn":"clitestprivatednsrecordset000008.clitest.privatedns.com000002.","ttl":3600,"mxRecords":[{"exchange":"ex.chan.ge","preference":1}],"isAutoRegistered":false}}'
    headers:
      cache-control:
      - private
      content-length:
      - '607'
      content-type:
      - application/json; charset=utf-8
      date:
      - Wed, 28 Apr 2021 07:56:12 GMT
      etag:
      - 03410110-79e1-4ab7-b369-96e7f5d106a3
      server:
      - Microsoft-IIS/10.0
      strict-transport-security:
      - max-age=31536000; includeSubDomains
      transfer-encoding:
      - chunked
      vary:
      - Accept-Encoding
      x-aspnet-version:
      - 4.0.30319
      x-content-type-options:
      - nosniff
      x-ms-ratelimit-remaining-subscription-resource-requests:
      - '11998'
      x-powered-by:
      - ASP.NET
    status:
      code: 200
      message: OK
- request:
    body: '{"properties": {"ttl": 3600}}'
    headers:
      Accept:
      - application/json
      Accept-Encoding:
      - gzip, deflate
      CommandName:
      - network private-dns record-set ptr create
      Connection:
      - keep-alive
      Content-Length:
      - '29'
      Content-Type:
      - application/json
      If-None-Match:
      - '*'
      ParameterSetName:
      - -g -n -z
      User-Agent:
      - AZURECLI/2.22.1 (MSI) azsdk-python-mgmt-privatedns/1.0.0 Python/3.8.9 (Windows-10-10.0.19041-SP0)
    method: PUT
    uri: https://management.azure.com/subscriptions/00000000-0000-0000-0000-000000000000/resourceGroups/clitest_privatedns000001/providers/Microsoft.Network/privateDnsZones/clitest.privatedns.com000002/ptr/clitestprivatednsrecordset000009?api-version=2018-09-01
  response:
    body:
      string: '{"id":"\/subscriptions\/00000000-0000-0000-0000-000000000000\/resourceGroups\/clitest_privatedns000001\/providers\/Microsoft.Network\/privateDnsZones\/clitest.privatedns.com000002\/PTR\/clitestprivatednsrecordset000009","name":"clitestprivatednsrecordset000009","type":"Microsoft.Network\/privateDnsZones\/PTR","etag":"9228ac0e-d9d1-4f63-b8df-72ba19414417","properties":{"fqdn":"clitestprivatednsrecordset000009.clitest.privatedns.com000002.","ttl":3600,"ptrRecords":[],"isAutoRegistered":false}}'
    headers:
      cache-control:
      - private
      content-length:
      - '570'
      content-type:
      - application/json; charset=utf-8
      date:
      - Wed, 28 Apr 2021 07:56:13 GMT
      etag:
      - 9228ac0e-d9d1-4f63-b8df-72ba19414417
      server:
      - Microsoft-IIS/10.0
      strict-transport-security:
      - max-age=31536000; includeSubDomains
      x-aspnet-version:
      - 4.0.30319
      x-content-type-options:
      - nosniff
      x-ms-ratelimit-remaining-subscription-resource-requests:
      - '11999'
      x-powered-by:
      - ASP.NET
    status:
      code: 201
      message: Created
- request:
    body: null
    headers:
      Accept:
      - application/json
      Accept-Encoding:
      - gzip, deflate
      CommandName:
      - network private-dns record-set ptr add-record
      Connection:
      - keep-alive
      ParameterSetName:
      - -g -n -z -d
      User-Agent:
      - AZURECLI/2.22.1 (MSI) azsdk-python-mgmt-privatedns/1.0.0 Python/3.8.9 (Windows-10-10.0.19041-SP0)
    method: GET
    uri: https://management.azure.com/subscriptions/00000000-0000-0000-0000-000000000000/resourceGroups/clitest_privatedns000001/providers/Microsoft.Network/privateDnsZones/clitest.privatedns.com000002/ptr/clitestprivatednsrecordset000009?api-version=2018-09-01
  response:
    body:
      string: '{"id":"\/subscriptions\/00000000-0000-0000-0000-000000000000\/resourceGroups\/clitest_privatedns000001\/providers\/Microsoft.Network\/privateDnsZones\/clitest.privatedns.com000002\/PTR\/clitestprivatednsrecordset000009","name":"clitestprivatednsrecordset000009","type":"Microsoft.Network\/privateDnsZones\/PTR","etag":"9228ac0e-d9d1-4f63-b8df-72ba19414417","properties":{"fqdn":"clitestprivatednsrecordset000009.clitest.privatedns.com000002.","ttl":3600,"ptrRecords":[],"isAutoRegistered":false}}'
    headers:
      cache-control:
      - private
      content-length:
      - '570'
      content-type:
      - application/json; charset=utf-8
      date:
      - Wed, 28 Apr 2021 07:56:13 GMT
      etag:
      - 9228ac0e-d9d1-4f63-b8df-72ba19414417
      server:
      - Microsoft-IIS/10.0
      strict-transport-security:
      - max-age=31536000; includeSubDomains
      transfer-encoding:
      - chunked
      vary:
      - Accept-Encoding
      x-aspnet-version:
      - 4.0.30319
      x-content-type-options:
      - nosniff
      x-ms-ratelimit-remaining-subscription-resource-requests:
      - '499'
      x-powered-by:
      - ASP.NET
    status:
      code: 200
      message: OK
- request:
    body: '{"etag": "9228ac0e-d9d1-4f63-b8df-72ba19414417", "properties": {"ttl":
      3600, "ptrRecords": [{"ptrdname": "ptrd.name"}]}}'
    headers:
      Accept:
      - application/json
      Accept-Encoding:
      - gzip, deflate
      CommandName:
      - network private-dns record-set ptr add-record
      Connection:
      - keep-alive
      Content-Length:
      - '120'
      Content-Type:
      - application/json
      ParameterSetName:
      - -g -n -z -d
      User-Agent:
      - AZURECLI/2.22.1 (MSI) azsdk-python-mgmt-privatedns/1.0.0 Python/3.8.9 (Windows-10-10.0.19041-SP0)
    method: PUT
    uri: https://management.azure.com/subscriptions/00000000-0000-0000-0000-000000000000/resourceGroups/clitest_privatedns000001/providers/Microsoft.Network/privateDnsZones/clitest.privatedns.com000002/ptr/clitestprivatednsrecordset000009?api-version=2018-09-01
  response:
    body:
      string: '{"id":"\/subscriptions\/00000000-0000-0000-0000-000000000000\/resourceGroups\/clitest_privatedns000001\/providers\/Microsoft.Network\/privateDnsZones\/clitest.privatedns.com000002\/PTR\/clitestprivatednsrecordset000009","name":"clitestprivatednsrecordset000009","type":"Microsoft.Network\/privateDnsZones\/PTR","etag":"f1e18cda-a18c-47b7-a330-926da46c416e","properties":{"fqdn":"clitestprivatednsrecordset000009.clitest.privatedns.com000002.","ttl":3600,"ptrRecords":[{"ptrdname":"ptrd.name"}],"isAutoRegistered":false}}'
    headers:
      cache-control:
      - private
      content-length:
      - '594'
      content-type:
      - application/json; charset=utf-8
      date:
      - Wed, 28 Apr 2021 07:56:14 GMT
      etag:
      - f1e18cda-a18c-47b7-a330-926da46c416e
      server:
      - Microsoft-IIS/10.0
      strict-transport-security:
      - max-age=31536000; includeSubDomains
      transfer-encoding:
      - chunked
      vary:
      - Accept-Encoding
      x-aspnet-version:
      - 4.0.30319
      x-content-type-options:
      - nosniff
      x-ms-ratelimit-remaining-subscription-resource-requests:
      - '11998'
      x-powered-by:
      - ASP.NET
    status:
      code: 200
      message: OK
- request:
    body: null
    headers:
      Accept:
      - application/json
      Accept-Encoding:
      - gzip, deflate
      CommandName:
      - network private-dns record-set soa show
      Connection:
      - keep-alive
      ParameterSetName:
      - -g -z
      User-Agent:
      - AZURECLI/2.22.1 (MSI) azsdk-python-mgmt-privatedns/1.0.0 Python/3.8.9 (Windows-10-10.0.19041-SP0)
    method: GET
    uri: https://management.azure.com/subscriptions/00000000-0000-0000-0000-000000000000/resourceGroups/clitest_privatedns000001/providers/Microsoft.Network/privateDnsZones/clitest.privatedns.com000002/soa/@?api-version=2018-09-01
  response:
    body:
      string: '{"id":"\/subscriptions\/00000000-0000-0000-0000-000000000000\/resourceGroups\/clitest_privatedns000001\/providers\/Microsoft.Network\/privateDnsZones\/clitest.privatedns.com000002\/SOA\/@","name":"@","type":"Microsoft.Network\/privateDnsZones\/SOA","etag":"89be70dc-83f0-4782-ab7d-4af43903db4b","properties":{"fqdn":"clitest.privatedns.com000002.","ttl":3600,"soaRecord":{"email":"azureprivatedns-host.microsoft.com","expireTime":2419200,"host":"azureprivatedns.net","minimumTtl":10,"refreshTime":3600,"retryTime":300,"serialNumber":1},"isAutoRegistered":false}}'
    headers:
      cache-control:
      - private
      content-length:
      - '627'
      content-type:
      - application/json; charset=utf-8
      date:
      - Wed, 28 Apr 2021 07:56:15 GMT
      etag:
      - 89be70dc-83f0-4782-ab7d-4af43903db4b
      server:
      - Microsoft-IIS/10.0
      strict-transport-security:
      - max-age=31536000; includeSubDomains
      transfer-encoding:
      - chunked
      vary:
      - Accept-Encoding
      x-aspnet-version:
      - 4.0.30319
      x-content-type-options:
      - nosniff
      x-ms-ratelimit-remaining-subscription-resource-requests:
      - '499'
      x-powered-by:
      - ASP.NET
    status:
      code: 200
      message: OK
- request:
    body: null
    headers:
      Accept:
      - application/json
      Accept-Encoding:
      - gzip, deflate
      CommandName:
      - network private-dns record-set list
      Connection:
      - keep-alive
      ParameterSetName:
      - -g -z
      User-Agent:
      - AZURECLI/2.22.1 (MSI) azsdk-python-mgmt-privatedns/1.0.0 Python/3.8.9 (Windows-10-10.0.19041-SP0)
    method: GET
    uri: https://management.azure.com/subscriptions/00000000-0000-0000-0000-000000000000/resourceGroups/clitest_privatedns000001/providers/Microsoft.Network/privateDnsZones/clitest.privatedns.com000002/ALL?api-version=2018-09-01
  response:
    body:
      string: '{"value":[{"id":"\/subscriptions\/00000000-0000-0000-0000-000000000000\/resourceGroups\/clitest_privatedns000001\/providers\/Microsoft.Network\/privateDnsZones\/clitest.privatedns.com000002\/SOA\/@","name":"@","type":"Microsoft.Network\/privateDnsZones\/SOA","etag":"89be70dc-83f0-4782-ab7d-4af43903db4b","properties":{"fqdn":"clitest.privatedns.com000002.","ttl":3600,"soaRecord":{"email":"azureprivatedns-host.microsoft.com","expireTime":2419200,"host":"azureprivatedns.net","minimumTtl":10,"refreshTime":3600,"retryTime":300,"serialNumber":1},"isAutoRegistered":false}},{"id":"\/subscriptions\/00000000-0000-0000-0000-000000000000\/resourceGroups\/clitest_privatedns000001\/providers\/Microsoft.Network\/privateDnsZones\/clitest.privatedns.com000002\/MX\/clitestprivatednsrecordset000008","name":"clitestprivatednsrecordset000008","type":"Microsoft.Network\/privateDnsZones\/MX","etag":"03410110-79e1-4ab7-b369-96e7f5d106a3","properties":{"fqdn":"clitestprivatednsrecordset000008.clitest.privatedns.com000002.","ttl":3600,"mxRecords":[{"exchange":"ex.chan.ge","preference":1}],"isAutoRegistered":false}},{"id":"\/subscriptions\/00000000-0000-0000-0000-000000000000\/resourceGroups\/clitest_privatedns000001\/providers\/Microsoft.Network\/privateDnsZones\/clitest.privatedns.com000002\/PTR\/clitestprivatednsrecordset000009","name":"clitestprivatednsrecordset000009","type":"Microsoft.Network\/privateDnsZones\/PTR","etag":"f1e18cda-a18c-47b7-a330-926da46c416e","properties":{"fqdn":"clitestprivatednsrecordset000009.clitest.privatedns.com000002.","ttl":3600,"ptrRecords":[{"ptrdname":"ptrd.name"}],"isAutoRegistered":false}},{"id":"\/subscriptions\/00000000-0000-0000-0000-000000000000\/resourceGroups\/clitest_privatedns000001\/providers\/Microsoft.Network\/privateDnsZones\/clitest.privatedns.com000002\/TXT\/clitestprivatednsrecordset000005","name":"clitestprivatednsrecordset000005","type":"Microsoft.Network\/privateDnsZones\/TXT","etag":"e9504fef-3a60-4ad1-8448-b3c37ca9b934","properties":{"fqdn":"clitestprivatednsrecordset000005.clitest.privatedns.com000002.","ttl":3600,"txtRecords":[{"value":["txt
        record"]}],"isAutoRegistered":false}},{"id":"\/subscriptions\/00000000-0000-0000-0000-000000000000\/resourceGroups\/clitest_privatedns000001\/providers\/Microsoft.Network\/privateDnsZones\/clitest.privatedns.com000002\/AAAA\/clitestprivatednsrecordset000004","name":"clitestprivatednsrecordset000004","type":"Microsoft.Network\/privateDnsZones\/AAAA","etag":"8380eee4-9b8d-43f7-8c78-fdd2f95893c3","properties":{"fqdn":"clitestprivatednsrecordset000004.clitest.privatedns.com000002.","ttl":3600,"aaaaRecords":[{"ipv6Address":"::1"}],"isAutoRegistered":false}},{"id":"\/subscriptions\/00000000-0000-0000-0000-000000000000\/resourceGroups\/clitest_privatedns000001\/providers\/Microsoft.Network\/privateDnsZones\/clitest.privatedns.com000002\/CNAME\/clitestprivatednsrecordset000006","name":"clitestprivatednsrecordset000006","type":"Microsoft.Network\/privateDnsZones\/CNAME","etag":"a85b1ebe-1c05-4b19-b98d-47e8875518bb","properties":{"fqdn":"clitestprivatednsrecordset000006.clitest.privatedns.com000002.","ttl":3600,"cnameRecord":{"cname":"clitestcname"},"isAutoRegistered":false}},{"id":"\/subscriptions\/00000000-0000-0000-0000-000000000000\/resourceGroups\/clitest_privatedns000001\/providers\/Microsoft.Network\/privateDnsZones\/clitest.privatedns.com000002\/SRV\/clitestprivatednsrecordset000007","name":"clitestprivatednsrecordset000007","type":"Microsoft.Network\/privateDnsZones\/SRV","etag":"78aa7abc-c3f0-4987-8a9f-d77664e8051d","properties":{"fqdn":"clitestprivatednsrecordset000007.clitest.privatedns.com000002.","ttl":3600,"srvRecords":[{"port":120,"priority":1,"target":"targ.et","weight":5}],"isAutoRegistered":false}},{"id":"\/subscriptions\/00000000-0000-0000-0000-000000000000\/resourceGroups\/clitest_privatedns000001\/providers\/Microsoft.Network\/privateDnsZones\/clitest.privatedns.com000002\/A\/clitestprivatednsrecordset000003","name":"clitestprivatednsrecordset000003","type":"Microsoft.Network\/privateDnsZones\/A","etag":"30dcfb1f-4e6b-44c5-828e-8133f5a4dcc5","properties":{"fqdn":"clitestprivatednsrecordset000003.clitest.privatedns.com000002.","ttl":3600,"aRecords":[{"ipv4Address":"10.0.0.1"}],"isAutoRegistered":false}}]}'
    headers:
      cache-control:
      - private
      content-length:
      - '4847'
      content-type:
      - application/json; charset=utf-8
      date:
      - Wed, 28 Apr 2021 07:56:16 GMT
      server:
      - Microsoft-IIS/10.0
      strict-transport-security:
      - max-age=31536000; includeSubDomains
      transfer-encoding:
      - chunked
      vary:
      - Accept-Encoding
      x-aspnet-version:
      - 4.0.30319
      x-content-type-options:
      - nosniff
      x-ms-ratelimit-remaining-subscription-resource-entities-read:
      - '59992'
      x-ms-ratelimit-remaining-subscription-resource-requests:
      - '499'
      x-powered-by:
      - ASP.NET
    status:
      code: 200
      message: OK
version: 1
