interactions:
- request:
    body: '{"location": "global"}'
    headers:
      Accept:
      - application/json
      Accept-Encoding:
      - gzip, deflate
      CommandName:
      - network private-dns zone create
      Connection:
      - keep-alive
      Content-Length:
      - '22'
      Content-Type:
      - application/json
      If-None-Match:
      - '*'
      ParameterSetName:
      - -g -n
      User-Agent:
      - AZURECLI/2.44.0 azsdk-python-mgmt-privatedns/1.0.0 Python/3.10.8 (Linux-5.15.0-1023-azure-x86_64-with-glibc2.31)
        VSTS_7b238909-6802-4b65-b90d-184bca47f458_build_220_0
    method: PUT
    uri: https://management.azure.com/subscriptions/00000000-0000-0000-0000-000000000000/resourceGroups/clitest_privatedns000001/providers/Microsoft.Network/privateDnsZones/clitest.privatedns.com000002?api-version=2018-09-01
  response:
    body:
      string: '{}'
    headers:
      azure-asyncoperation:
      - https://management.azure.com:443/subscriptions/00000000-0000-0000-0000-000000000000/resourceGroups/clitest_privatedns000001/providers/Microsoft.Network/privateDnsOperationStatuses/RnJvbnRFbmRBc3luY09wZXJhdGlvbjtVcHNlcnRQcml2YXRlRG5zWm9uZTs0NTU0ZjEyZS04ZGNiLTQxNmMtYjYzNy02MjAzYjM3MmE2ZGFfMGIxZjY0NzEtMWJmMC00ZGRhLWFlYzMtY2I5MjcyZjA5NTkw?api-version=2018-09-01
      cache-control:
      - private
      content-length:
      - '2'
      content-type:
      - application/json; charset=utf-8
      date:
      - Mon, 09 Jan 2023 13:55:08 GMT
      location:
      - https://management.azure.com/subscriptions/00000000-0000-0000-0000-000000000000/resourceGroups/clitest_privatedns000001/providers/Microsoft.Network/privateDnsOperationResults/RnJvbnRFbmRBc3luY09wZXJhdGlvbjtVcHNlcnRQcml2YXRlRG5zWm9uZTs0NTU0ZjEyZS04ZGNiLTQxNmMtYjYzNy02MjAzYjM3MmE2ZGFfMGIxZjY0NzEtMWJmMC00ZGRhLWFlYzMtY2I5MjcyZjA5NTkw?api-version=2018-09-01
      server:
      - Microsoft-IIS/10.0
      strict-transport-security:
      - max-age=31536000; includeSubDomains
      x-aspnet-version:
      - 4.0.30319
      x-content-type-options:
      - nosniff
      x-ms-ratelimit-remaining-subscription-resource-requests:
      - '11999'
      x-powered-by:
      - ASP.NET
    status:
      code: 202
      message: Accepted
- request:
    body: null
    headers:
      Accept:
      - '*/*'
      Accept-Encoding:
      - gzip, deflate
      CommandName:
      - network private-dns zone create
      Connection:
      - keep-alive
      ParameterSetName:
      - -g -n
      User-Agent:
      - AZURECLI/2.44.0 azsdk-python-mgmt-privatedns/1.0.0 Python/3.10.8 (Linux-5.15.0-1023-azure-x86_64-with-glibc2.31)
        VSTS_7b238909-6802-4b65-b90d-184bca47f458_build_220_0
    method: GET
    uri: https://management.azure.com/subscriptions/00000000-0000-0000-0000-000000000000/resourceGroups/clitest_privatedns000001/providers/Microsoft.Network/privateDnsOperationStatuses/RnJvbnRFbmRBc3luY09wZXJhdGlvbjtVcHNlcnRQcml2YXRlRG5zWm9uZTs0NTU0ZjEyZS04ZGNiLTQxNmMtYjYzNy02MjAzYjM3MmE2ZGFfMGIxZjY0NzEtMWJmMC00ZGRhLWFlYzMtY2I5MjcyZjA5NTkw?api-version=2018-09-01
  response:
    body:
      string: '{"status":"Succeeded"}'
    headers:
      cache-control:
      - private
      content-length:
      - '22'
      content-type:
      - application/json; charset=utf-8
      date:
      - Mon, 09 Jan 2023 13:55:39 GMT
      server:
      - Microsoft-IIS/10.0
      strict-transport-security:
      - max-age=31536000; includeSubDomains
      transfer-encoding:
      - chunked
      vary:
      - Accept-Encoding
      x-aspnet-version:
      - 4.0.30319
      x-content-type-options:
      - nosniff
      x-ms-ratelimit-remaining-subscription-resource-requests:
      - '499'
      x-powered-by:
      - ASP.NET
    status:
      code: 200
      message: OK
- request:
    body: null
    headers:
      Accept:
      - '*/*'
      Accept-Encoding:
      - gzip, deflate
      CommandName:
      - network private-dns zone create
      Connection:
      - keep-alive
      ParameterSetName:
      - -g -n
      User-Agent:
      - AZURECLI/2.44.0 azsdk-python-mgmt-privatedns/1.0.0 Python/3.10.8 (Linux-5.15.0-1023-azure-x86_64-with-glibc2.31)
        VSTS_7b238909-6802-4b65-b90d-184bca47f458_build_220_0
    method: GET
    uri: https://management.azure.com/subscriptions/00000000-0000-0000-0000-000000000000/resourceGroups/clitest_privatedns000001/providers/Microsoft.Network/privateDnsZones/clitest.privatedns.com000002?api-version=2018-09-01
  response:
    body:
      string: '{"id":"\/subscriptions\/00000000-0000-0000-0000-000000000000\/resourceGroups\/clitest_privatedns000001\/providers\/Microsoft.Network\/privateDnsZones\/clitest.privatedns.com000002","name":"clitest.privatedns.com000002","type":"Microsoft.Network\/privateDnsZones","etag":"bac18110-34a1-40ba-939b-d4c48610eb3e","location":"global","properties":{"maxNumberOfRecordSets":25000,"maxNumberOfVirtualNetworkLinks":1000,"maxNumberOfVirtualNetworkLinksWithRegistration":100,"numberOfRecordSets":1,"numberOfVirtualNetworkLinks":0,"numberOfVirtualNetworkLinksWithRegistration":0,"provisioningState":"Succeeded"}}'
    headers:
      cache-control:
      - private
      content-length:
      - '600'
      content-type:
      - application/json; charset=utf-8
      date:
      - Mon, 09 Jan 2023 13:55:40 GMT
      etag:
      - bac18110-34a1-40ba-939b-d4c48610eb3e
      server:
      - Microsoft-IIS/10.0
      strict-transport-security:
      - max-age=31536000; includeSubDomains
      transfer-encoding:
      - chunked
      vary:
      - Accept-Encoding
      x-aspnet-version:
      - 4.0.30319
      x-content-type-options:
      - nosniff
      x-ms-ratelimit-remaining-subscription-resource-requests:
      - '499'
      x-powered-by:
      - ASP.NET
    status:
      code: 200
      message: OK
- request:
    body: null
    headers:
      Accept:
      - application/json
      Accept-Encoding:
      - gzip, deflate
      CommandName:
      - network vnet create
      Connection:
      - keep-alive
      ParameterSetName:
      - -g -n
      User-Agent:
      - AZURECLI/2.44.0 azsdk-python-azure-mgmt-resource/22.0.0 Python/3.10.8 (Linux-5.15.0-1023-azure-x86_64-with-glibc2.31)
        VSTS_7b238909-6802-4b65-b90d-184bca47f458_build_220_0
    method: GET
    uri: https://management.azure.com/subscriptions/00000000-0000-0000-0000-000000000000/resourcegroups/clitest_privatedns000001?api-version=2022-09-01
  response:
    body:
      string: '{"id":"/subscriptions/00000000-0000-0000-0000-000000000000/resourceGroups/clitest_privatedns000001","name":"clitest_privatedns000001","type":"Microsoft.Resources/resourceGroups","location":"westus","tags":{"product":"azurecli","cause":"automation","date":"2023-01-09T13:55:04Z"},"properties":{"provisioningState":"Succeeded"}}'
    headers:
      cache-control:
      - no-cache
      content-length:
      - '326'
      content-type:
      - application/json; charset=utf-8
      date:
      - Mon, 09 Jan 2023 13:55:40 GMT
      expires:
      - '-1'
      pragma:
      - no-cache
      strict-transport-security:
      - max-age=31536000; includeSubDomains
      x-content-type-options:
      - nosniff
    status:
      code: 200
      message: OK
- request:
    body: '{"location": "westus", "properties": {"addressSpace": {"addressPrefixes":
      ["10.0.0.0/16"]}, "enableDdosProtection": false, "enableVmProtection": false}}'
    headers:
      Accept:
      - application/json
      Accept-Encoding:
      - gzip, deflate
      CommandName:
      - network vnet create
      Connection:
      - keep-alive
      Content-Length:
      - '152'
      Content-Type:
      - application/json
      ParameterSetName:
      - -g -n
      User-Agent:
      - AZURECLI/2.44.0 (AAZ) azsdk-python-core/1.24.0 Python/3.10.8 (Linux-5.15.0-1023-azure-x86_64-with-glibc2.31)
        VSTS_7b238909-6802-4b65-b90d-184bca47f458_build_220_0
    method: PUT
    uri: https://management.azure.com/subscriptions/00000000-0000-0000-0000-000000000000/resourceGroups/clitest_privatedns000001/providers/Microsoft.Network/virtualNetworks/clitestprivatednsvnet000003?api-version=2022-01-01
  response:
    body:
      string: "{\r\n  \"name\": \"clitestprivatednsvnet000003\",\r\n  \"id\": \"/subscriptions/00000000-0000-0000-0000-000000000000/resourceGroups/clitest_privatedns000001/providers/Microsoft.Network/virtualNetworks/clitestprivatednsvnet000003\",\r\n
        \ \"etag\": \"W/\\\"72e8710d-9743-428c-9b18-8b10a2f9707b\\\"\",\r\n  \"type\":
        \"Microsoft.Network/virtualNetworks\",\r\n  \"location\": \"westus\",\r\n
        \ \"properties\": {\r\n    \"provisioningState\": \"Updating\",\r\n    \"resourceGuid\":
        \"c9b1f580-f0d2-4300-acd3-e1180b54b88d\",\r\n    \"addressSpace\": {\r\n      \"addressPrefixes\":
        [\r\n        \"10.0.0.0/16\"\r\n      ]\r\n    },\r\n    \"subnets\": [],\r\n
        \   \"virtualNetworkPeerings\": [],\r\n    \"enableDdosProtection\": false\r\n
        \ }\r\n}"
    headers:
      azure-asyncnotification:
      - Enabled
      azure-asyncoperation:
      - https://management.azure.com/subscriptions/00000000-0000-0000-0000-000000000000/providers/Microsoft.Network/locations/westus/operations/cbea10b6-c3a6-44f1-9eee-dea56f3b0b82?api-version=2022-01-01
      cache-control:
      - no-cache
      content-length:
      - '656'
      content-type:
      - application/json; charset=utf-8
      date:
      - Mon, 09 Jan 2023 13:55:42 GMT
      expires:
      - '-1'
      pragma:
      - no-cache
      server:
      - Microsoft-HTTPAPI/2.0
      - Microsoft-HTTPAPI/2.0
      strict-transport-security:
      - max-age=31536000; includeSubDomains
      x-content-type-options:
      - nosniff
      x-ms-arm-service-request-id:
      - b474304b-4af3-40c1-946c-2a664f1c047e
      x-ms-ratelimit-remaining-subscription-writes:
      - '1199'
    status:
      code: 201
      message: Created
- request:
    body: null
    headers:
      Accept:
      - '*/*'
      Accept-Encoding:
      - gzip, deflate
      CommandName:
      - network vnet create
      Connection:
      - keep-alive
      ParameterSetName:
      - -g -n
      User-Agent:
      - AZURECLI/2.44.0 (AAZ) azsdk-python-core/1.24.0 Python/3.10.8 (Linux-5.15.0-1023-azure-x86_64-with-glibc2.31)
        VSTS_7b238909-6802-4b65-b90d-184bca47f458_build_220_0
    method: GET
    uri: https://management.azure.com/subscriptions/00000000-0000-0000-0000-000000000000/providers/Microsoft.Network/locations/westus/operations/cbea10b6-c3a6-44f1-9eee-dea56f3b0b82?api-version=2022-01-01
  response:
    body:
      string: "{\r\n  \"status\": \"Succeeded\"\r\n}"
    headers:
      cache-control:
      - no-cache
      content-length:
      - '29'
      content-type:
      - application/json; charset=utf-8
      date:
      - Mon, 09 Jan 2023 13:55:45 GMT
      expires:
      - '-1'
      pragma:
      - no-cache
      server:
      - Microsoft-HTTPAPI/2.0
      - Microsoft-HTTPAPI/2.0
      strict-transport-security:
      - max-age=31536000; includeSubDomains
      transfer-encoding:
      - chunked
      vary:
      - Accept-Encoding
      x-content-type-options:
      - nosniff
      x-ms-arm-service-request-id:
      - cf59197a-ffaa-4b54-a78a-4240f74aab5b
    status:
      code: 200
      message: OK
- request:
    body: null
    headers:
      Accept:
      - '*/*'
      Accept-Encoding:
      - gzip, deflate
      CommandName:
      - network vnet create
      Connection:
      - keep-alive
      ParameterSetName:
      - -g -n
      User-Agent:
      - AZURECLI/2.44.0 (AAZ) azsdk-python-core/1.24.0 Python/3.10.8 (Linux-5.15.0-1023-azure-x86_64-with-glibc2.31)
        VSTS_7b238909-6802-4b65-b90d-184bca47f458_build_220_0
    method: GET
    uri: https://management.azure.com/subscriptions/00000000-0000-0000-0000-000000000000/resourceGroups/clitest_privatedns000001/providers/Microsoft.Network/virtualNetworks/clitestprivatednsvnet000003?api-version=2022-01-01
  response:
    body:
      string: "{\r\n  \"name\": \"clitestprivatednsvnet000003\",\r\n  \"id\": \"/subscriptions/00000000-0000-0000-0000-000000000000/resourceGroups/clitest_privatedns000001/providers/Microsoft.Network/virtualNetworks/clitestprivatednsvnet000003\",\r\n
        \ \"etag\": \"W/\\\"6a275d4c-501f-4f19-a8d4-df7b91c793b5\\\"\",\r\n  \"type\":
        \"Microsoft.Network/virtualNetworks\",\r\n  \"location\": \"westus\",\r\n
        \ \"properties\": {\r\n    \"provisioningState\": \"Succeeded\",\r\n    \"resourceGuid\":
        \"c9b1f580-f0d2-4300-acd3-e1180b54b88d\",\r\n    \"addressSpace\": {\r\n      \"addressPrefixes\":
        [\r\n        \"10.0.0.0/16\"\r\n      ]\r\n    },\r\n    \"subnets\": [],\r\n
        \   \"virtualNetworkPeerings\": [],\r\n    \"enableDdosProtection\": false\r\n
        \ }\r\n}"
    headers:
      cache-control:
      - no-cache
      content-length:
      - '657'
      content-type:
      - application/json; charset=utf-8
      date:
      - Mon, 09 Jan 2023 13:55:45 GMT
      etag:
      - W/"6a275d4c-501f-4f19-a8d4-df7b91c793b5"
      expires:
      - '-1'
      pragma:
      - no-cache
      server:
      - Microsoft-HTTPAPI/2.0
      - Microsoft-HTTPAPI/2.0
      strict-transport-security:
      - max-age=31536000; includeSubDomains
      transfer-encoding:
      - chunked
      vary:
      - Accept-Encoding
      x-content-type-options:
      - nosniff
      x-ms-arm-service-request-id:
      - 69564ef4-8683-4b94-9fed-07b0feade230
    status:
      code: 200
      message: OK
- request:
    body: '{"location": "global", "properties": {"virtualNetwork": {"id": "/subscriptions/00000000-0000-0000-0000-000000000000/resourceGroups/clitest_privatedns000001/providers/Microsoft.Network/virtualNetworks/clitestprivatednsvnet000003"},
      "registrationEnabled": false}}'
    headers:
      Accept:
      - application/json
      Accept-Encoding:
      - gzip, deflate
      CommandName:
      - network private-dns link vnet create
      Connection:
      - keep-alive
      Content-Length:
      - '261'
      Content-Type:
      - application/json
      If-None-Match:
      - '*'
      ParameterSetName:
      - -g -n -z -v -e
      User-Agent:
      - AZURECLI/2.44.0 azsdk-python-mgmt-privatedns/1.0.0 Python/3.10.8 (Linux-5.15.0-1023-azure-x86_64-with-glibc2.31)
        VSTS_7b238909-6802-4b65-b90d-184bca47f458_build_220_0
    method: PUT
    uri: https://management.azure.com/subscriptions/00000000-0000-0000-0000-000000000000/resourceGroups/clitest_privatedns000001/providers/Microsoft.Network/privateDnsZones/clitest.privatedns.com000002/virtualNetworkLinks/clitestprivatednslink000004?api-version=2018-09-01
  response:
    body:
      string: '{}'
    headers:
      azure-asyncoperation:
      - https://management.azure.com:443/subscriptions/00000000-0000-0000-0000-000000000000/resourceGroups/clitest_privatedns000001/providers/Microsoft.Network/privateDnsOperationStatuses/RnJvbnRFbmRBc3luY09wZXJhdGlvbjtVcHNlcnRWaXJ0dWFsTmV0d29ya0xpbms7MzljYWJmNmItMDIyMi00MzliLThkZTktZDg0MWQ2M2YzNzg5XzBiMWY2NDcxLTFiZjAtNGRkYS1hZWMzLWNiOTI3MmYwOTU5MA==?api-version=2018-09-01
      cache-control:
      - private
      content-length:
      - '2'
      content-type:
      - application/json; charset=utf-8
      date:
      - Mon, 09 Jan 2023 13:55:49 GMT
      location:
      - https://management.azure.com/subscriptions/00000000-0000-0000-0000-000000000000/resourceGroups/clitest_privatedns000001/providers/Microsoft.Network/privateDnsOperationResults/RnJvbnRFbmRBc3luY09wZXJhdGlvbjtVcHNlcnRWaXJ0dWFsTmV0d29ya0xpbms7MzljYWJmNmItMDIyMi00MzliLThkZTktZDg0MWQ2M2YzNzg5XzBiMWY2NDcxLTFiZjAtNGRkYS1hZWMzLWNiOTI3MmYwOTU5MA==?api-version=2018-09-01
      server:
      - Microsoft-IIS/10.0
      strict-transport-security:
      - max-age=31536000; includeSubDomains
      x-aspnet-version:
      - 4.0.30319
      x-content-type-options:
      - nosniff
      x-ms-ratelimit-remaining-subscription-resource-requests:
      - '11999'
      x-powered-by:
      - ASP.NET
    status:
      code: 202
      message: Accepted
- request:
    body: null
    headers:
      Accept:
      - '*/*'
      Accept-Encoding:
      - gzip, deflate
      CommandName:
      - network private-dns link vnet create
      Connection:
      - keep-alive
      ParameterSetName:
      - -g -n -z -v -e
      User-Agent:
      - AZURECLI/2.44.0 azsdk-python-mgmt-privatedns/1.0.0 Python/3.10.8 (Linux-5.15.0-1023-azure-x86_64-with-glibc2.31)
        VSTS_7b238909-6802-4b65-b90d-184bca47f458_build_220_0
    method: GET
    uri: https://management.azure.com/subscriptions/00000000-0000-0000-0000-000000000000/resourceGroups/clitest_privatedns000001/providers/Microsoft.Network/privateDnsOperationStatuses/RnJvbnRFbmRBc3luY09wZXJhdGlvbjtVcHNlcnRWaXJ0dWFsTmV0d29ya0xpbms7MzljYWJmNmItMDIyMi00MzliLThkZTktZDg0MWQ2M2YzNzg5XzBiMWY2NDcxLTFiZjAtNGRkYS1hZWMzLWNiOTI3MmYwOTU5MA==?api-version=2018-09-01
  response:
    body:
      string: '{"status":"Succeeded"}'
    headers:
      cache-control:
      - private
      content-length:
      - '22'
      content-type:
      - application/json; charset=utf-8
      date:
      - Mon, 09 Jan 2023 13:56:19 GMT
      server:
      - Microsoft-IIS/10.0
      strict-transport-security:
      - max-age=31536000; includeSubDomains
      transfer-encoding:
      - chunked
      vary:
      - Accept-Encoding
      x-aspnet-version:
      - 4.0.30319
      x-content-type-options:
      - nosniff
      x-ms-ratelimit-remaining-subscription-resource-requests:
      - '499'
      x-powered-by:
      - ASP.NET
    status:
      code: 200
      message: OK
- request:
    body: null
    headers:
      Accept:
      - '*/*'
      Accept-Encoding:
      - gzip, deflate
      CommandName:
      - network private-dns link vnet create
      Connection:
      - keep-alive
      ParameterSetName:
      - -g -n -z -v -e
      User-Agent:
      - AZURECLI/2.44.0 azsdk-python-mgmt-privatedns/1.0.0 Python/3.10.8 (Linux-5.15.0-1023-azure-x86_64-with-glibc2.31)
        VSTS_7b238909-6802-4b65-b90d-184bca47f458_build_220_0
    method: GET
    uri: https://management.azure.com/subscriptions/00000000-0000-0000-0000-000000000000/resourceGroups/clitest_privatedns000001/providers/Microsoft.Network/privateDnsZones/clitest.privatedns.com000002/virtualNetworkLinks/clitestprivatednslink000004?api-version=2018-09-01
  response:
    body:
      string: '{"id":"\/subscriptions\/00000000-0000-0000-0000-000000000000\/resourceGroups\/clitest_privatedns000001\/providers\/Microsoft.Network\/privateDnsZones\/clitest.privatedns.com000002\/virtualNetworkLinks\/clitestprivatednslink000004","name":"clitestprivatednslink000004","type":"Microsoft.Network\/privateDnsZones\/virtualNetworkLinks","etag":"\"b5022aaa-0000-0100-0000-63bc1cfa0000\"","location":"global","properties":{"provisioningState":"Succeeded","registrationEnabled":false,"virtualNetwork":{"id":"\/subscriptions\/00000000-0000-0000-0000-000000000000\/resourceGroups\/clitest_privatedns000001\/providers\/Microsoft.Network\/virtualNetworks\/clitestprivatednsvnet000003"},"virtualNetworkLinkState":"Completed"}}'
    headers:
      cache-control:
      - private
      content-length:
      - '714'
      content-type:
      - application/json; charset=utf-8
      date:
      - Mon, 09 Jan 2023 13:56:19 GMT
      etag:
      - '"b5022aaa-0000-0100-0000-63bc1cfa0000"'
      server:
      - Microsoft-IIS/10.0
      strict-transport-security:
      - max-age=31536000; includeSubDomains
      transfer-encoding:
      - chunked
      vary:
      - Accept-Encoding
      x-aspnet-version:
      - 4.0.30319
      x-content-type-options:
      - nosniff
      x-ms-ratelimit-remaining-subscription-resource-requests:
      - '499'
      x-powered-by:
      - ASP.NET
    status:
      code: 200
      message: OK
version: 1
