interactions:
- request:
    body: '{"location": "global"}'
    headers:
      Accept:
      - application/json
      Accept-Encoding:
      - gzip, deflate
      CommandName:
      - network private-dns zone import
      Connection:
      - keep-alive
      Content-Length:
      - '22'
      Content-Type:
      - application/json; charset=utf-8
      ParameterSetName:
      - -n -g --file-name
      User-Agent:
      - python/3.8.2 (Windows-10-10.0.18362-SP0) msrest/0.6.11 msrest_azure/0.6.3
        azure-mgmt-privatedns/0.1.0 Azure-SDK-For-Python AZURECLI/2.3.1
      accept-language:
      - en-US
    method: PUT
    uri: https://management.azure.com/subscriptions/00000000-0000-0000-0000-000000000000/resourceGroups/cli_private_dns_zone5_import000001/providers/Microsoft.Network/privateDnsZones/zone5.com?api-version=2018-09-01
  response:
    body:
      string: '{}'
    headers:
      azure-asyncoperation:
      - https://management.azure.com:443/subscriptions/00000000-0000-0000-0000-000000000000/resourceGroups/cli_private_dns_zone5_import000001/providers/Microsoft.Network/privateDnsOperationStatuses/RnJvbnRFbmRBc3luY09wZXJhdGlvbjtVcHNlcnRQcml2YXRlRG5zWm9uZTs1MjZjYjE4Ny0yMGNhLTRlNDItOWFmMS0zNDQ3MzY5ZGExYWY=?api-version=2018-09-01
      cache-control:
      - private
      content-length:
      - '2'
      content-type:
      - application/json; charset=utf-8
      date:
      - Tue, 21 Apr 2020 05:23:48 GMT
      location:
      - https://management.azure.com/subscriptions/00000000-0000-0000-0000-000000000000/resourceGroups/cli_private_dns_zone5_import000001/providers/Microsoft.Network/privateDnsOperationResults/RnJvbnRFbmRBc3luY09wZXJhdGlvbjtVcHNlcnRQcml2YXRlRG5zWm9uZTs1MjZjYjE4Ny0yMGNhLTRlNDItOWFmMS0zNDQ3MzY5ZGExYWY=?api-version=2018-09-01
      server:
      - Microsoft-IIS/10.0
      strict-transport-security:
      - max-age=31536000; includeSubDomains
      x-aspnet-version:
      - 4.0.30319
      x-content-type-options:
      - nosniff
      x-ms-ratelimit-remaining-subscription-resource-requests:
      - '11997'
      x-powered-by:
      - ASP.NET
    status:
      code: 202
      message: Accepted
- request:
    body: null
    headers:
      Accept:
      - application/json
      Accept-Encoding:
      - gzip, deflate
      CommandName:
      - network private-dns zone import
      Connection:
      - keep-alive
      ParameterSetName:
      - -n -g --file-name
      User-Agent:
      - python/3.8.2 (Windows-10-10.0.18362-SP0) msrest/0.6.11 msrest_azure/0.6.3
        azure-mgmt-privatedns/0.1.0 Azure-SDK-For-Python AZURECLI/2.3.1
    method: GET
    uri: https://management.azure.com/subscriptions/00000000-0000-0000-0000-000000000000/resourceGroups/cli_private_dns_zone5_import000001/providers/Microsoft.Network/privateDnsOperationStatuses/RnJvbnRFbmRBc3luY09wZXJhdGlvbjtVcHNlcnRQcml2YXRlRG5zWm9uZTs1MjZjYjE4Ny0yMGNhLTRlNDItOWFmMS0zNDQ3MzY5ZGExYWY=?api-version=2018-09-01
  response:
    body:
      string: '{"status":"Succeeded"}'
    headers:
      cache-control:
      - private
      content-length:
      - '22'
      content-type:
      - application/json; charset=utf-8
      date:
      - Tue, 21 Apr 2020 05:24:21 GMT
      server:
      - Microsoft-IIS/10.0
      strict-transport-security:
      - max-age=31536000; includeSubDomains
      transfer-encoding:
      - chunked
      vary:
      - Accept-Encoding
      x-aspnet-version:
      - 4.0.30319
      x-content-type-options:
      - nosniff
      x-ms-ratelimit-remaining-subscription-resource-requests:
      - '498'
      x-powered-by:
      - ASP.NET
    status:
      code: 200
      message: OK
- request:
    body: '{"properties": {"ttl": 3600, "soaRecord": {"host": "azureprivatedns.net",
      "email": "hostmaster.zone5.com.", "serialNumber": 2003080800, "refreshTime":
      43200, "retryTime": 900, "expireTime": 1814400, "minimumTtl": 10800}}}'
    headers:
      Accept:
      - application/json
      Accept-Encoding:
      - gzip, deflate
      CommandName:
      - network private-dns zone import
      Connection:
      - keep-alive
      Content-Length:
      - '221'
      Content-Type:
      - application/json; charset=utf-8
      ParameterSetName:
      - -n -g --file-name
      User-Agent:
      - python/3.8.2 (Windows-10-10.0.18362-SP0) msrest/0.6.11 msrest_azure/0.6.3
        azure-mgmt-privatedns/0.1.0 Azure-SDK-For-Python AZURECLI/2.3.1
      accept-language:
      - en-US
    method: PUT
    uri: https://management.azure.com/subscriptions/00000000-0000-0000-0000-000000000000/resourceGroups/cli_private_dns_zone5_import000001/providers/Microsoft.Network/privateDnsZones/zone5.com/SOA/@?api-version=2018-09-01
  response:
    body:
      string: '{"id":"\/subscriptions\/c912f493-60bf-4b11-90e0-3395f2dbdb7c\/resourceGroups\/cli_private_dns_zone5_import000001\/providers\/Microsoft.Network\/privateDnsZones\/zone5.com\/SOA\/@","name":"@","type":"Microsoft.Network\/privateDnsZones\/SOA","etag":"5a3d2618-4e96-447c-95c1-224ee8199bcd","properties":{"fqdn":"zone5.com.","ttl":3600,"soaRecord":{"email":"hostmaster.zone5.com.","expireTime":1814400,"host":"azureprivatedns.net","minimumTTL":null,"refreshTime":43200,"retryTime":900,"serialNumber":1,"minimumTtl":10800},"isAutoRegistered":false}}'
    headers:
      cache-control:
      - private
      content-length:
      - '584'
      content-type:
      - application/json; charset=utf-8
      date:
      - Tue, 21 Apr 2020 05:24:23 GMT
      etag:
      - 5a3d2618-4e96-447c-95c1-224ee8199bcd
      server:
      - Microsoft-IIS/10.0
      strict-transport-security:
      - max-age=31536000; includeSubDomains
      transfer-encoding:
      - chunked
      vary:
      - Accept-Encoding
      x-aspnet-version:
      - 4.0.30319
      x-content-type-options:
      - nosniff
      x-ms-ratelimit-remaining-subscription-resource-requests:
      - '11997'
      x-powered-by:
      - ASP.NET
    status:
      code: 200
      message: OK
- request:
    body: '{"properties": {"ttl": 3600, "aRecords": [{"ipv4Address": "1.2.3.4"}]}}'
    headers:
      Accept:
      - application/json
      Accept-Encoding:
      - gzip, deflate
      CommandName:
      - network private-dns zone import
      Connection:
      - keep-alive
      Content-Length:
      - '71'
      Content-Type:
      - application/json; charset=utf-8
      ParameterSetName:
      - -n -g --file-name
      User-Agent:
      - python/3.8.2 (Windows-10-10.0.18362-SP0) msrest/0.6.11 msrest_azure/0.6.3
        azure-mgmt-privatedns/0.1.0 Azure-SDK-For-Python AZURECLI/2.3.1
      accept-language:
      - en-US
    method: PUT
    uri: https://management.azure.com/subscriptions/00000000-0000-0000-0000-000000000000/resourceGroups/cli_private_dns_zone5_import000001/providers/Microsoft.Network/privateDnsZones/zone5.com/A/@?api-version=2018-09-01
  response:
    body:
      string: '{"id":"\/subscriptions\/c912f493-60bf-4b11-90e0-3395f2dbdb7c\/resourceGroups\/cli_private_dns_zone5_import000001\/providers\/Microsoft.Network\/privateDnsZones\/zone5.com\/A\/@","name":"@","type":"Microsoft.Network\/privateDnsZones\/A","etag":"9e0faeae-e6e7-4b2a-80cf-42ac0ba0fb3c","properties":{"fqdn":"zone5.com.","ttl":3600,"aRecords":[{"ipv4Address":"1.2.3.4"}],"isAutoRegistered":false}}'
    headers:
      cache-control:
      - private
      content-length:
      - '433'
      content-type:
      - application/json; charset=utf-8
      date:
      - Tue, 21 Apr 2020 05:24:24 GMT
      etag:
      - 9e0faeae-e6e7-4b2a-80cf-42ac0ba0fb3c
      server:
      - Microsoft-IIS/10.0
      strict-transport-security:
      - max-age=31536000; includeSubDomains
      x-aspnet-version:
      - 4.0.30319
      x-content-type-options:
      - nosniff
      x-ms-ratelimit-remaining-subscription-resource-requests:
      - '11991'
      x-powered-by:
      - ASP.NET
    status:
      code: 201
      message: Created
- request:
    body: '{"properties": {"ttl": 3600, "aRecords": [{"ipv4Address": "0.1.2.3"}]}}'
    headers:
      Accept:
      - application/json
      Accept-Encoding:
      - gzip, deflate
      CommandName:
      - network private-dns zone import
      Connection:
      - keep-alive
      Content-Length:
      - '71'
      Content-Type:
      - application/json; charset=utf-8
      ParameterSetName:
      - -n -g --file-name
      User-Agent:
      - python/3.8.2 (Windows-10-10.0.18362-SP0) msrest/0.6.11 msrest_azure/0.6.3
        azure-mgmt-privatedns/0.1.0 Azure-SDK-For-Python AZURECLI/2.3.1
      accept-language:
      - en-US
    method: PUT
    uri: https://management.azure.com/subscriptions/00000000-0000-0000-0000-000000000000/resourceGroups/cli_private_dns_zone5_import000001/providers/Microsoft.Network/privateDnsZones/zone5.com/A/default?api-version=2018-09-01
  response:
    body:
      string: '{"id":"\/subscriptions\/c912f493-60bf-4b11-90e0-3395f2dbdb7c\/resourceGroups\/cli_private_dns_zone5_import000001\/providers\/Microsoft.Network\/privateDnsZones\/zone5.com\/A\/default","name":"default","type":"Microsoft.Network\/privateDnsZones\/A","etag":"8c6ba7a6-af72-4994-b697-72d1246a8e78","properties":{"fqdn":"default.zone5.com.","ttl":3600,"aRecords":[{"ipv4Address":"0.1.2.3"}],"isAutoRegistered":false}}'
    headers:
      cache-control:
      - private
      content-length:
      - '453'
      content-type:
      - application/json; charset=utf-8
      date:
      - Tue, 21 Apr 2020 05:24:25 GMT
      etag:
      - 8c6ba7a6-af72-4994-b697-72d1246a8e78
      server:
      - Microsoft-IIS/10.0
      strict-transport-security:
      - max-age=31536000; includeSubDomains
      x-aspnet-version:
      - 4.0.30319
      x-content-type-options:
      - nosniff
      x-ms-ratelimit-remaining-subscription-resource-requests:
      - '11989'
      x-powered-by:
      - ASP.NET
    status:
      code: 201
      message: Created
- request:
    body: '{"properties": {"ttl": 3600, "cnameRecord": {"cname": "test.zone5.com."}}}'
    headers:
      Accept:
      - application/json
      Accept-Encoding:
      - gzip, deflate
      CommandName:
      - network private-dns zone import
      Connection:
      - keep-alive
      Content-Length:
      - '74'
      Content-Type:
      - application/json; charset=utf-8
      ParameterSetName:
      - -n -g --file-name
      User-Agent:
      - python/3.8.2 (Windows-10-10.0.18362-SP0) msrest/0.6.11 msrest_azure/0.6.3
        azure-mgmt-privatedns/0.1.0 Azure-SDK-For-Python AZURECLI/2.3.1
      accept-language:
      - en-US
    method: PUT
    uri: https://management.azure.com/subscriptions/00000000-0000-0000-0000-000000000000/resourceGroups/cli_private_dns_zone5_import000001/providers/Microsoft.Network/privateDnsZones/zone5.com/CNAME/tc?api-version=2018-09-01
  response:
    body:
      string: '{"id":"\/subscriptions\/c912f493-60bf-4b11-90e0-3395f2dbdb7c\/resourceGroups\/cli_private_dns_zone5_import000001\/providers\/Microsoft.Network\/privateDnsZones\/zone5.com\/CNAME\/tc","name":"tc","type":"Microsoft.Network\/privateDnsZones\/CNAME","etag":"306518d0-6614-4bdf-9e40-4bead1000425","properties":{"fqdn":"tc.zone5.com.","ttl":3600,"cnameRecord":{"cname":"test.zone5.com."},"isAutoRegistered":false}}'
    headers:
      cache-control:
      - private
      content-length:
      - '449'
      content-type:
      - application/json; charset=utf-8
      date:
      - Tue, 21 Apr 2020 05:24:26 GMT
      etag:
      - 306518d0-6614-4bdf-9e40-4bead1000425
      server:
      - Microsoft-IIS/10.0
      strict-transport-security:
      - max-age=31536000; includeSubDomains
      x-aspnet-version:
      - 4.0.30319
      x-content-type-options:
      - nosniff
      x-ms-ratelimit-remaining-subscription-resource-requests:
      - '11998'
      x-powered-by:
      - ASP.NET
    status:
      code: 201
      message: Created
- request:
    body: '{"properties": {"ttl": 3600, "aRecords": [{"ipv4Address": "2.3.4.5"}]}}'
    headers:
      Accept:
      - application/json
      Accept-Encoding:
      - gzip, deflate
      CommandName:
      - network private-dns zone import
      Connection:
      - keep-alive
      Content-Length:
      - '71'
      Content-Type:
      - application/json; charset=utf-8
      ParameterSetName:
      - -n -g --file-name
      User-Agent:
      - python/3.8.2 (Windows-10-10.0.18362-SP0) msrest/0.6.11 msrest_azure/0.6.3
        azure-mgmt-privatedns/0.1.0 Azure-SDK-For-Python AZURECLI/2.3.1
      accept-language:
      - en-US
    method: PUT
    uri: https://management.azure.com/subscriptions/00000000-0000-0000-0000-000000000000/resourceGroups/cli_private_dns_zone5_import000001/providers/Microsoft.Network/privateDnsZones/zone5.com/A/www?api-version=2018-09-01
  response:
    body:
      string: '{"id":"\/subscriptions\/c912f493-60bf-4b11-90e0-3395f2dbdb7c\/resourceGroups\/cli_private_dns_zone5_import000001\/providers\/Microsoft.Network\/privateDnsZones\/zone5.com\/A\/www","name":"www","type":"Microsoft.Network\/privateDnsZones\/A","etag":"83aac2ad-9afc-457f-8011-0887a44c589b","properties":{"fqdn":"www.zone5.com.","ttl":3600,"aRecords":[{"ipv4Address":"2.3.4.5"}],"isAutoRegistered":false}}'
    headers:
      cache-control:
      - private
      content-length:
      - '441'
      content-type:
      - application/json; charset=utf-8
      date:
      - Tue, 21 Apr 2020 05:24:27 GMT
      etag:
      - 83aac2ad-9afc-457f-8011-0887a44c589b
      server:
      - Microsoft-IIS/10.0
      strict-transport-security:
      - max-age=31536000; includeSubDomains
      x-aspnet-version:
      - 4.0.30319
      x-content-type-options:
      - nosniff
      x-ms-ratelimit-remaining-subscription-resource-requests:
      - '11988'
      x-powered-by:
      - ASP.NET
    status:
      code: 201
      message: Created
- request:
    body: '{"properties": {"ttl": 3600, "cnameRecord": {"cname": "r1.zone5.com."}}}'
    headers:
      Accept:
      - application/json
      Accept-Encoding:
      - gzip, deflate
      CommandName:
      - network private-dns zone import
      Connection:
      - keep-alive
      Content-Length:
      - '72'
      Content-Type:
      - application/json; charset=utf-8
      ParameterSetName:
      - -n -g --file-name
      User-Agent:
      - python/3.8.2 (Windows-10-10.0.18362-SP0) msrest/0.6.11 msrest_azure/0.6.3
        azure-mgmt-privatedns/0.1.0 Azure-SDK-For-Python AZURECLI/2.3.1
      accept-language:
      - en-US
    method: PUT
    uri: https://management.azure.com/subscriptions/00000000-0000-0000-0000-000000000000/resourceGroups/cli_private_dns_zone5_import000001/providers/Microsoft.Network/privateDnsZones/zone5.com/CNAME/test-cname?api-version=2018-09-01
  response:
    body:
      string: '{"id":"\/subscriptions\/c912f493-60bf-4b11-90e0-3395f2dbdb7c\/resourceGroups\/cli_private_dns_zone5_import000001\/providers\/Microsoft.Network\/privateDnsZones\/zone5.com\/CNAME\/test-cname","name":"test-cname","type":"Microsoft.Network\/privateDnsZones\/CNAME","etag":"a653e79e-bce9-4db0-8ec8-2545c217e602","properties":{"fqdn":"test-cname.zone5.com.","ttl":3600,"cnameRecord":{"cname":"r1.zone5.com."},"isAutoRegistered":false}}'
    headers:
      cache-control:
      - private
      content-length:
      - '471'
      content-type:
      - application/json; charset=utf-8
      date:
      - Tue, 21 Apr 2020 05:24:28 GMT
      etag:
      - a653e79e-bce9-4db0-8ec8-2545c217e602
      server:
      - Microsoft-IIS/10.0
      strict-transport-security:
      - max-age=31536000; includeSubDomains
      x-aspnet-version:
      - 4.0.30319
      x-content-type-options:
      - nosniff
      x-ms-ratelimit-remaining-subscription-resource-requests:
      - '11999'
      x-powered-by:
      - ASP.NET
    status:
      code: 201
      message: Created
- request:
    body: '{"properties": {"ttl": 3600, "mxRecords": [{"preference": 10, "exchange":
      "m1.zone5.com."}]}}'
    headers:
      Accept:
      - application/json
      Accept-Encoding:
      - gzip, deflate
      CommandName:
      - network private-dns zone import
      Connection:
      - keep-alive
      Content-Length:
      - '93'
      Content-Type:
      - application/json; charset=utf-8
      ParameterSetName:
      - -n -g --file-name
      User-Agent:
      - python/3.8.2 (Windows-10-10.0.18362-SP0) msrest/0.6.11 msrest_azure/0.6.3
        azure-mgmt-privatedns/0.1.0 Azure-SDK-For-Python AZURECLI/2.3.1
      accept-language:
      - en-US
    method: PUT
    uri: https://management.azure.com/subscriptions/00000000-0000-0000-0000-000000000000/resourceGroups/cli_private_dns_zone5_import000001/providers/Microsoft.Network/privateDnsZones/zone5.com/MX/test-mx?api-version=2018-09-01
  response:
    body:
      string: '{"id":"\/subscriptions\/c912f493-60bf-4b11-90e0-3395f2dbdb7c\/resourceGroups\/cli_private_dns_zone5_import000001\/providers\/Microsoft.Network\/privateDnsZones\/zone5.com\/MX\/test-mx","name":"test-mx","type":"Microsoft.Network\/privateDnsZones\/MX","etag":"dfe52a8d-88f2-4f5d-9ca5-a0577ecbdc3a","properties":{"fqdn":"test-mx.zone5.com.","ttl":3600,"mxRecords":[{"exchange":"m1.zone5.com.","preference":10}],"isAutoRegistered":false}}'
    headers:
      cache-control:
      - private
      content-length:
      - '475'
      content-type:
      - application/json; charset=utf-8
      date:
      - Tue, 21 Apr 2020 05:24:30 GMT
      etag:
      - dfe52a8d-88f2-4f5d-9ca5-a0577ecbdc3a
      server:
      - Microsoft-IIS/10.0
      strict-transport-security:
      - max-age=31536000; includeSubDomains
      x-aspnet-version:
      - 4.0.30319
      x-content-type-options:
      - nosniff
      x-ms-ratelimit-remaining-subscription-resource-requests:
      - '11996'
      x-powered-by:
      - ASP.NET
    status:
      code: 201
      message: Created
- request:
    body: '{"properties": {"ttl": 3600, "srvRecords": [{"priority": 1, "weight": 2,
      "port": 3, "target": "srv1.zone5.com."}]}}'
    headers:
      Accept:
      - application/json
      Accept-Encoding:
      - gzip, deflate
      CommandName:
      - network private-dns zone import
      Connection:
      - keep-alive
      Content-Length:
      - '115'
      Content-Type:
      - application/json; charset=utf-8
      ParameterSetName:
      - -n -g --file-name
      User-Agent:
      - python/3.8.2 (Windows-10-10.0.18362-SP0) msrest/0.6.11 msrest_azure/0.6.3
        azure-mgmt-privatedns/0.1.0 Azure-SDK-For-Python AZURECLI/2.3.1
      accept-language:
      - en-US
    method: PUT
    uri: https://management.azure.com/subscriptions/00000000-0000-0000-0000-000000000000/resourceGroups/cli_private_dns_zone5_import000001/providers/Microsoft.Network/privateDnsZones/zone5.com/SRV/test-srv?api-version=2018-09-01
  response:
    body:
      string: '{"id":"\/subscriptions\/c912f493-60bf-4b11-90e0-3395f2dbdb7c\/resourceGroups\/cli_private_dns_zone5_import000001\/providers\/Microsoft.Network\/privateDnsZones\/zone5.com\/SRV\/test-srv","name":"test-srv","type":"Microsoft.Network\/privateDnsZones\/SRV","etag":"897903ca-9337-411e-b626-17acb775deaf","properties":{"fqdn":"test-srv.zone5.com.","ttl":3600,"srvRecords":[{"port":3,"priority":1,"target":"srv1.zone5.com.","weight":2}],"isAutoRegistered":false}}'
    headers:
      cache-control:
      - private
      content-length:
      - '498'
      content-type:
      - application/json; charset=utf-8
      date:
      - Tue, 21 Apr 2020 05:24:31 GMT
      etag:
      - 897903ca-9337-411e-b626-17acb775deaf
      server:
      - Microsoft-IIS/10.0
      strict-transport-security:
      - max-age=31536000; includeSubDomains
      x-aspnet-version:
      - 4.0.30319
      x-content-type-options:
      - nosniff
      x-ms-ratelimit-remaining-subscription-resource-requests:
      - '11999'
      x-powered-by:
      - ASP.NET
    status:
      code: 201
      message: Created
- request:
    body: '{"properties": {"ttl": 3600, "cnameRecord": {"cname": "r1."}}}'
    headers:
      Accept:
      - application/json
      Accept-Encoding:
      - gzip, deflate
      CommandName:
      - network private-dns zone import
      Connection:
      - keep-alive
      Content-Length:
      - '62'
      Content-Type:
      - application/json; charset=utf-8
      ParameterSetName:
      - -n -g --file-name
      User-Agent:
      - python/3.8.2 (Windows-10-10.0.18362-SP0) msrest/0.6.11 msrest_azure/0.6.3
        azure-mgmt-privatedns/0.1.0 Azure-SDK-For-Python AZURECLI/2.3.1
      accept-language:
      - en-US
    method: PUT
    uri: https://management.azure.com/subscriptions/00000000-0000-0000-0000-000000000000/resourceGroups/cli_private_dns_zone5_import000001/providers/Microsoft.Network/privateDnsZones/zone5.com/CNAME/test-cname2?api-version=2018-09-01
  response:
    body:
      string: '{"id":"\/subscriptions\/c912f493-60bf-4b11-90e0-3395f2dbdb7c\/resourceGroups\/cli_private_dns_zone5_import000001\/providers\/Microsoft.Network\/privateDnsZones\/zone5.com\/CNAME\/test-cname2","name":"test-cname2","type":"Microsoft.Network\/privateDnsZones\/CNAME","etag":"8dea5252-7d82-4da6-a16a-2d3b8d86f9c1","properties":{"fqdn":"test-cname2.zone5.com.","ttl":3600,"cnameRecord":{"cname":"r1."},"isAutoRegistered":false}}'
    headers:
      cache-control:
      - private
      content-length:
      - '464'
      content-type:
      - application/json; charset=utf-8
      date:
      - Tue, 21 Apr 2020 05:24:31 GMT
      etag:
      - 8dea5252-7d82-4da6-a16a-2d3b8d86f9c1
      server:
      - Microsoft-IIS/10.0
      strict-transport-security:
      - max-age=31536000; includeSubDomains
      x-aspnet-version:
      - 4.0.30319
      x-content-type-options:
      - nosniff
      x-ms-ratelimit-remaining-subscription-resource-requests:
      - '11998'
      x-powered-by:
      - ASP.NET
    status:
      code: 201
      message: Created
- request:
    body: '{"properties": {"ttl": 3600, "mxRecords": [{"preference": 10, "exchange":
      "m1."}]}}'
    headers:
      Accept:
      - application/json
      Accept-Encoding:
      - gzip, deflate
      CommandName:
      - network private-dns zone import
      Connection:
      - keep-alive
      Content-Length:
      - '83'
      Content-Type:
      - application/json; charset=utf-8
      ParameterSetName:
      - -n -g --file-name
      User-Agent:
      - python/3.8.2 (Windows-10-10.0.18362-SP0) msrest/0.6.11 msrest_azure/0.6.3
        azure-mgmt-privatedns/0.1.0 Azure-SDK-For-Python AZURECLI/2.3.1
      accept-language:
      - en-US
    method: PUT
    uri: https://management.azure.com/subscriptions/00000000-0000-0000-0000-000000000000/resourceGroups/cli_private_dns_zone5_import000001/providers/Microsoft.Network/privateDnsZones/zone5.com/MX/test-mx2?api-version=2018-09-01
  response:
    body:
      string: '{"id":"\/subscriptions\/c912f493-60bf-4b11-90e0-3395f2dbdb7c\/resourceGroups\/cli_private_dns_zone5_import000001\/providers\/Microsoft.Network\/privateDnsZones\/zone5.com\/MX\/test-mx2","name":"test-mx2","type":"Microsoft.Network\/privateDnsZones\/MX","etag":"b1c0c753-b9a2-4936-a7fa-d7bbb0f0458d","properties":{"fqdn":"test-mx2.zone5.com.","ttl":3600,"mxRecords":[{"exchange":"m1.","preference":10}],"isAutoRegistered":false}}'
    headers:
      cache-control:
      - private
      content-length:
      - '468'
      content-type:
      - application/json; charset=utf-8
      date:
      - Tue, 21 Apr 2020 05:24:33 GMT
      etag:
      - b1c0c753-b9a2-4936-a7fa-d7bbb0f0458d
      server:
      - Microsoft-IIS/10.0
      strict-transport-security:
      - max-age=31536000; includeSubDomains
      x-aspnet-version:
      - 4.0.30319
      x-content-type-options:
      - nosniff
      x-ms-ratelimit-remaining-subscription-resource-requests:
      - '11998'
      x-powered-by:
      - ASP.NET
    status:
      code: 201
      message: Created
- request:
    body: '{"properties": {"ttl": 3600, "srvRecords": [{"priority": 1, "weight": 2,
      "port": 3, "target": "srv1."}]}}'
    headers:
      Accept:
      - application/json
      Accept-Encoding:
      - gzip, deflate
      CommandName:
      - network private-dns zone import
      Connection:
      - keep-alive
      Content-Length:
      - '105'
      Content-Type:
      - application/json; charset=utf-8
      ParameterSetName:
      - -n -g --file-name
      User-Agent:
      - python/3.8.2 (Windows-10-10.0.18362-SP0) msrest/0.6.11 msrest_azure/0.6.3
        azure-mgmt-privatedns/0.1.0 Azure-SDK-For-Python AZURECLI/2.3.1
      accept-language:
      - en-US
    method: PUT
    uri: https://management.azure.com/subscriptions/00000000-0000-0000-0000-000000000000/resourceGroups/cli_private_dns_zone5_import000001/providers/Microsoft.Network/privateDnsZones/zone5.com/SRV/test-srv2?api-version=2018-09-01
  response:
    body:
      string: '{"id":"\/subscriptions\/c912f493-60bf-4b11-90e0-3395f2dbdb7c\/resourceGroups\/cli_private_dns_zone5_import000001\/providers\/Microsoft.Network\/privateDnsZones\/zone5.com\/SRV\/test-srv2","name":"test-srv2","type":"Microsoft.Network\/privateDnsZones\/SRV","etag":"b3773f10-0102-49ab-8496-174342d99bfe","properties":{"fqdn":"test-srv2.zone5.com.","ttl":3600,"srvRecords":[{"port":3,"priority":1,"target":"srv1.","weight":2}],"isAutoRegistered":false}}'
    headers:
      cache-control:
      - private
      content-length:
      - '491'
      content-type:
      - application/json; charset=utf-8
      date:
      - Tue, 21 Apr 2020 05:24:34 GMT
      etag:
      - b3773f10-0102-49ab-8496-174342d99bfe
      server:
      - Microsoft-IIS/10.0
      strict-transport-security:
      - max-age=31536000; includeSubDomains
      x-aspnet-version:
      - 4.0.30319
      x-content-type-options:
      - nosniff
      x-ms-ratelimit-remaining-subscription-resource-requests:
      - '11997'
      x-powered-by:
      - ASP.NET
    status:
      code: 201
      message: Created
- request:
    body: '{"properties": {"ttl": 3600, "aRecords": [{"ipv4Address": "3.4.5.6"}]}}'
    headers:
      Accept:
      - application/json
      Accept-Encoding:
      - gzip, deflate
      CommandName:
      - network private-dns zone import
      Connection:
      - keep-alive
      Content-Length:
      - '71'
      Content-Type:
      - application/json; charset=utf-8
      ParameterSetName:
      - -n -g --file-name
      User-Agent:
      - python/3.8.2 (Windows-10-10.0.18362-SP0) msrest/0.6.11 msrest_azure/0.6.3
        azure-mgmt-privatedns/0.1.0 Azure-SDK-For-Python AZURECLI/2.3.1
      accept-language:
      - en-US
    method: PUT
    uri: https://management.azure.com/subscriptions/00000000-0000-0000-0000-000000000000/resourceGroups/cli_private_dns_zone5_import000001/providers/Microsoft.Network/privateDnsZones/zone5.com/A/subzone?api-version=2018-09-01
  response:
    body:
      string: '{"id":"\/subscriptions\/c912f493-60bf-4b11-90e0-3395f2dbdb7c\/resourceGroups\/cli_private_dns_zone5_import000001\/providers\/Microsoft.Network\/privateDnsZones\/zone5.com\/A\/subzone","name":"subzone","type":"Microsoft.Network\/privateDnsZones\/A","etag":"a98fa04c-f6f5-44ad-994d-af70990bdedc","properties":{"fqdn":"subzone.zone5.com.","ttl":3600,"aRecords":[{"ipv4Address":"3.4.5.6"}],"isAutoRegistered":false}}'
    headers:
      cache-control:
      - private
      content-length:
      - '453'
      content-type:
      - application/json; charset=utf-8
      date:
      - Tue, 21 Apr 2020 05:24:34 GMT
      etag:
      - a98fa04c-f6f5-44ad-994d-af70990bdedc
      server:
      - Microsoft-IIS/10.0
      strict-transport-security:
      - max-age=31536000; includeSubDomains
      x-aspnet-version:
      - 4.0.30319
      x-content-type-options:
      - nosniff
      x-ms-ratelimit-remaining-subscription-resource-requests:
      - '11992'
      x-powered-by:
      - ASP.NET
    status:
      code: 201
      message: Created
- request:
    body: '{"properties": {"ttl": 3600, "aRecords": [{"ipv4Address": "4.5.6.7"}]}}'
    headers:
      Accept:
      - application/json
      Accept-Encoding:
      - gzip, deflate
      CommandName:
      - network private-dns zone import
      Connection:
      - keep-alive
      Content-Length:
      - '71'
      Content-Type:
      - application/json; charset=utf-8
      ParameterSetName:
      - -n -g --file-name
      User-Agent:
      - python/3.8.2 (Windows-10-10.0.18362-SP0) msrest/0.6.11 msrest_azure/0.6.3
        azure-mgmt-privatedns/0.1.0 Azure-SDK-For-Python AZURECLI/2.3.1
      accept-language:
      - en-US
    method: PUT
    uri: https://management.azure.com/subscriptions/00000000-0000-0000-0000-000000000000/resourceGroups/cli_private_dns_zone5_import000001/providers/Microsoft.Network/privateDnsZones/zone5.com/A/www.subzone?api-version=2018-09-01
  response:
    body:
      string: '{"id":"\/subscriptions\/c912f493-60bf-4b11-90e0-3395f2dbdb7c\/resourceGroups\/cli_private_dns_zone5_import000001\/providers\/Microsoft.Network\/privateDnsZones\/zone5.com\/A\/www.subzone","name":"www.subzone","type":"Microsoft.Network\/privateDnsZones\/A","etag":"7602745d-cb3d-42b6-b60c-ce8f625b0ca0","properties":{"fqdn":"www.subzone.zone5.com.","ttl":3600,"aRecords":[{"ipv4Address":"4.5.6.7"}],"isAutoRegistered":false}}'
    headers:
      cache-control:
      - private
      content-length:
      - '465'
      content-type:
      - application/json; charset=utf-8
      date:
      - Tue, 21 Apr 2020 05:24:36 GMT
      etag:
      - 7602745d-cb3d-42b6-b60c-ce8f625b0ca0
      server:
      - Microsoft-IIS/10.0
      strict-transport-security:
      - max-age=31536000; includeSubDomains
      x-aspnet-version:
      - 4.0.30319
      x-content-type-options:
      - nosniff
      x-ms-ratelimit-remaining-subscription-resource-requests:
      - '11989'
      x-powered-by:
      - ASP.NET
    status:
      code: 201
      message: Created
- request:
    body: '{"properties": {"ttl": 3600, "cnameRecord": {"cname": "r1.subzone.zone5.com."}}}'
    headers:
      Accept:
      - application/json
      Accept-Encoding:
      - gzip, deflate
      CommandName:
      - network private-dns zone import
      Connection:
      - keep-alive
      Content-Length:
      - '80'
      Content-Type:
      - application/json; charset=utf-8
      ParameterSetName:
      - -n -g --file-name
      User-Agent:
      - python/3.8.2 (Windows-10-10.0.18362-SP0) msrest/0.6.11 msrest_azure/0.6.3
        azure-mgmt-privatedns/0.1.0 Azure-SDK-For-Python AZURECLI/2.3.1
      accept-language:
      - en-US
    method: PUT
    uri: https://management.azure.com/subscriptions/00000000-0000-0000-0000-000000000000/resourceGroups/cli_private_dns_zone5_import000001/providers/Microsoft.Network/privateDnsZones/zone5.com/CNAME/test-cname.subzone?api-version=2018-09-01
  response:
    body:
      string: '{"id":"\/subscriptions\/c912f493-60bf-4b11-90e0-3395f2dbdb7c\/resourceGroups\/cli_private_dns_zone5_import000001\/providers\/Microsoft.Network\/privateDnsZones\/zone5.com\/CNAME\/test-cname.subzone","name":"test-cname.subzone","type":"Microsoft.Network\/privateDnsZones\/CNAME","etag":"c499eb71-756d-4183-86b6-a4c179bf19d7","properties":{"fqdn":"test-cname.subzone.zone5.com.","ttl":3600,"cnameRecord":{"cname":"r1.subzone.zone5.com."},"isAutoRegistered":false}}'
    headers:
      cache-control:
      - private
      content-length:
      - '503'
      content-type:
      - application/json; charset=utf-8
      date:
      - Tue, 21 Apr 2020 05:24:36 GMT
      etag:
      - c499eb71-756d-4183-86b6-a4c179bf19d7
      server:
      - Microsoft-IIS/10.0
      strict-transport-security:
      - max-age=31536000; includeSubDomains
      x-aspnet-version:
      - 4.0.30319
      x-content-type-options:
      - nosniff
      x-ms-ratelimit-remaining-subscription-resource-requests:
      - '11997'
      x-powered-by:
      - ASP.NET
    status:
      code: 201
      message: Created
- request:
    body: '{"properties": {"ttl": 3600, "cnameRecord": {"cname": "bar.foo.com."}}}'
    headers:
      Accept:
      - application/json
      Accept-Encoding:
      - gzip, deflate
      CommandName:
      - network private-dns zone import
      Connection:
      - keep-alive
      Content-Length:
      - '71'
      Content-Type:
      - application/json; charset=utf-8
      ParameterSetName:
      - -n -g --file-name
      User-Agent:
      - python/3.8.2 (Windows-10-10.0.18362-SP0) msrest/0.6.11 msrest_azure/0.6.3
        azure-mgmt-privatedns/0.1.0 Azure-SDK-For-Python AZURECLI/2.3.1
      accept-language:
      - en-US
    method: PUT
    uri: https://management.azure.com/subscriptions/00000000-0000-0000-0000-000000000000/resourceGroups/cli_private_dns_zone5_import000001/providers/Microsoft.Network/privateDnsZones/zone5.com/CNAME/record?api-version=2018-09-01
  response:
    body:
      string: '{"id":"\/subscriptions\/c912f493-60bf-4b11-90e0-3395f2dbdb7c\/resourceGroups\/cli_private_dns_zone5_import000001\/providers\/Microsoft.Network\/privateDnsZones\/zone5.com\/CNAME\/record","name":"record","type":"Microsoft.Network\/privateDnsZones\/CNAME","etag":"d522989a-00fe-4132-b501-1588637da09d","properties":{"fqdn":"record.zone5.com.","ttl":3600,"cnameRecord":{"cname":"bar.foo.com."},"isAutoRegistered":false}}'
    headers:
      cache-control:
      - private
      content-length:
      - '458'
      content-type:
      - application/json; charset=utf-8
      date:
      - Tue, 21 Apr 2020 05:24:38 GMT
      etag:
      - d522989a-00fe-4132-b501-1588637da09d
      server:
      - Microsoft-IIS/10.0
      strict-transport-security:
      - max-age=31536000; includeSubDomains
      x-aspnet-version:
      - 4.0.30319
      x-content-type-options:
      - nosniff
      x-ms-ratelimit-remaining-subscription-resource-requests:
      - '11996'
      x-powered-by:
      - ASP.NET
    status:
      code: 201
      message: Created
- request:
    body: '{"properties": {"ttl": 3600, "aRecords": [{"ipv4Address": "7.8.9.0"}]}}'
    headers:
      Accept:
      - application/json
      Accept-Encoding:
      - gzip, deflate
      CommandName:
      - network private-dns zone import
      Connection:
      - keep-alive
      Content-Length:
      - '71'
      Content-Type:
      - application/json; charset=utf-8
      ParameterSetName:
      - -n -g --file-name
      User-Agent:
      - python/3.8.2 (Windows-10-10.0.18362-SP0) msrest/0.6.11 msrest_azure/0.6.3
        azure-mgmt-privatedns/0.1.0 Azure-SDK-For-Python AZURECLI/2.3.1
      accept-language:
      - en-US
    method: PUT
    uri: https://management.azure.com/subscriptions/00000000-0000-0000-0000-000000000000/resourceGroups/cli_private_dns_zone5_import000001/providers/Microsoft.Network/privateDnsZones/zone5.com/A/test?api-version=2018-09-01
  response:
    body:
      string: '{"id":"\/subscriptions\/c912f493-60bf-4b11-90e0-3395f2dbdb7c\/resourceGroups\/cli_private_dns_zone5_import000001\/providers\/Microsoft.Network\/privateDnsZones\/zone5.com\/A\/test","name":"test","type":"Microsoft.Network\/privateDnsZones\/A","etag":"e1475f02-ee48-40e2-a35d-3d4acfde5d96","properties":{"fqdn":"test.zone5.com.","ttl":3600,"aRecords":[{"ipv4Address":"7.8.9.0"}],"isAutoRegistered":false}}'
    headers:
      cache-control:
      - private
      content-length:
      - '444'
      content-type:
      - application/json; charset=utf-8
      date:
      - Tue, 21 Apr 2020 05:24:39 GMT
      etag:
      - e1475f02-ee48-40e2-a35d-3d4acfde5d96
      server:
      - Microsoft-IIS/10.0
      strict-transport-security:
      - max-age=31536000; includeSubDomains
      x-aspnet-version:
      - 4.0.30319
      x-content-type-options:
      - nosniff
      x-ms-ratelimit-remaining-subscription-resource-requests:
      - '11987'
      x-powered-by:
      - ASP.NET
    status:
      code: 201
      message: Created
- request:
    body: null
    headers:
      Accept:
      - application/json
      Accept-Encoding:
      - gzip, deflate
      CommandName:
      - network private-dns record-set list
      Connection:
      - keep-alive
      ParameterSetName:
      - -g -z
      User-Agent:
      - python/3.8.2 (Windows-10-10.0.18362-SP0) msrest/0.6.11 msrest_azure/0.6.3
        azure-mgmt-privatedns/0.1.0 Azure-SDK-For-Python AZURECLI/2.3.1
      accept-language:
      - en-US
    method: GET
    uri: https://management.azure.com/subscriptions/00000000-0000-0000-0000-000000000000/resourceGroups/cli_private_dns_zone5_import000001/providers/Microsoft.Network/privateDnsZones/zone5.com/ALL?api-version=2018-09-01
  response:
    body:
      string: '{"value":[{"id":"\/subscriptions\/c912f493-60bf-4b11-90e0-3395f2dbdb7c\/resourceGroups\/cli_private_dns_zone5_import000001\/providers\/Microsoft.Network\/privateDnsZones\/zone5.com\/A\/@","name":"@","type":"Microsoft.Network\/privateDnsZones\/A","etag":"9e0faeae-e6e7-4b2a-80cf-42ac0ba0fb3c","properties":{"fqdn":"zone5.com.","ttl":3600,"aRecords":[{"ipv4Address":"1.2.3.4"}],"isAutoRegistered":false}},{"id":"\/subscriptions\/c912f493-60bf-4b11-90e0-3395f2dbdb7c\/resourceGroups\/cli_private_dns_zone5_import000001\/providers\/Microsoft.Network\/privateDnsZones\/zone5.com\/SOA\/@","name":"@","type":"Microsoft.Network\/privateDnsZones\/SOA","etag":"5a3d2618-4e96-447c-95c1-224ee8199bcd","properties":{"fqdn":"zone5.com.","ttl":3600,"soaRecord":{"email":"hostmaster.zone5.com.","expireTime":1814400,"host":"azureprivatedns.net","minimumTTL":null,"refreshTime":43200,"retryTime":900,"serialNumber":1,"minimumTtl":10800},"isAutoRegistered":false}},{"id":"\/subscriptions\/c912f493-60bf-4b11-90e0-3395f2dbdb7c\/resourceGroups\/cli_private_dns_zone5_import000001\/providers\/Microsoft.Network\/privateDnsZones\/zone5.com\/A\/default","name":"default","type":"Microsoft.Network\/privateDnsZones\/A","etag":"8c6ba7a6-af72-4994-b697-72d1246a8e78","properties":{"fqdn":"default.zone5.com.","ttl":3600,"aRecords":[{"ipv4Address":"0.1.2.3"}],"isAutoRegistered":false}},{"id":"\/subscriptions\/c912f493-60bf-4b11-90e0-3395f2dbdb7c\/resourceGroups\/cli_private_dns_zone5_import000001\/providers\/Microsoft.Network\/privateDnsZones\/zone5.com\/CNAME\/record","name":"record","type":"Microsoft.Network\/privateDnsZones\/CNAME","etag":"d522989a-00fe-4132-b501-1588637da09d","properties":{"fqdn":"record.zone5.com.","ttl":3600,"cnameRecord":{"cname":"bar.foo.com."},"isAutoRegistered":false}},{"id":"\/subscriptions\/c912f493-60bf-4b11-90e0-3395f2dbdb7c\/resourceGroups\/cli_private_dns_zone5_import000001\/providers\/Microsoft.Network\/privateDnsZones\/zone5.com\/A\/subzone","name":"subzone","type":"Microsoft.Network\/privateDnsZones\/A","etag":"a98fa04c-f6f5-44ad-994d-af70990bdedc","properties":{"fqdn":"subzone.zone5.com.","ttl":3600,"aRecords":[{"ipv4Address":"3.4.5.6"}],"isAutoRegistered":false}},{"id":"\/subscriptions\/c912f493-60bf-4b11-90e0-3395f2dbdb7c\/resourceGroups\/cli_private_dns_zone5_import000001\/providers\/Microsoft.Network\/privateDnsZones\/zone5.com\/CNAME\/test-cname.subzone","name":"test-cname.subzone","type":"Microsoft.Network\/privateDnsZones\/CNAME","etag":"c499eb71-756d-4183-86b6-a4c179bf19d7","properties":{"fqdn":"test-cname.subzone.zone5.com.","ttl":3600,"cnameRecord":{"cname":"r1.subzone.zone5.com."},"isAutoRegistered":false}},{"id":"\/subscriptions\/c912f493-60bf-4b11-90e0-3395f2dbdb7c\/resourceGroups\/cli_private_dns_zone5_import000001\/providers\/Microsoft.Network\/privateDnsZones\/zone5.com\/A\/www.subzone","name":"www.subzone","type":"Microsoft.Network\/privateDnsZones\/A","etag":"7602745d-cb3d-42b6-b60c-ce8f625b0ca0","properties":{"fqdn":"www.subzone.zone5.com.","ttl":3600,"aRecords":[{"ipv4Address":"4.5.6.7"}],"isAutoRegistered":false}},{"id":"\/subscriptions\/c912f493-60bf-4b11-90e0-3395f2dbdb7c\/resourceGroups\/cli_private_dns_zone5_import000001\/providers\/Microsoft.Network\/privateDnsZones\/zone5.com\/CNAME\/tc","name":"tc","type":"Microsoft.Network\/privateDnsZones\/CNAME","etag":"306518d0-6614-4bdf-9e40-4bead1000425","properties":{"fqdn":"tc.zone5.com.","ttl":3600,"cnameRecord":{"cname":"test.zone5.com."},"isAutoRegistered":false}},{"id":"\/subscriptions\/c912f493-60bf-4b11-90e0-3395f2dbdb7c\/resourceGroups\/cli_private_dns_zone5_import000001\/providers\/Microsoft.Network\/privateDnsZones\/zone5.com\/A\/test","name":"test","type":"Microsoft.Network\/privateDnsZones\/A","etag":"e1475f02-ee48-40e2-a35d-3d4acfde5d96","properties":{"fqdn":"test.zone5.com.","ttl":3600,"aRecords":[{"ipv4Address":"7.8.9.0"}],"isAutoRegistered":false}},{"id":"\/subscriptions\/c912f493-60bf-4b11-90e0-3395f2dbdb7c\/resourceGroups\/cli_private_dns_zone5_import000001\/providers\/Microsoft.Network\/privateDnsZones\/zone5.com\/CNAME\/test-cname","name":"test-cname","type":"Microsoft.Network\/privateDnsZones\/CNAME","etag":"a653e79e-bce9-4db0-8ec8-2545c217e602","properties":{"fqdn":"test-cname.zone5.com.","ttl":3600,"cnameRecord":{"cname":"r1.zone5.com."},"isAutoRegistered":false}},{"id":"\/subscriptions\/c912f493-60bf-4b11-90e0-3395f2dbdb7c\/resourceGroups\/cli_private_dns_zone5_import000001\/providers\/Microsoft.Network\/privateDnsZones\/zone5.com\/CNAME\/test-cname2","name":"test-cname2","type":"Microsoft.Network\/privateDnsZones\/CNAME","etag":"8dea5252-7d82-4da6-a16a-2d3b8d86f9c1","properties":{"fqdn":"test-cname2.zone5.com.","ttl":3600,"cnameRecord":{"cname":"r1."},"isAutoRegistered":false}},{"id":"\/subscriptions\/c912f493-60bf-4b11-90e0-3395f2dbdb7c\/resourceGroups\/cli_private_dns_zone5_import000001\/providers\/Microsoft.Network\/privateDnsZones\/zone5.com\/MX\/test-mx","name":"test-mx","type":"Microsoft.Network\/privateDnsZones\/MX","etag":"dfe52a8d-88f2-4f5d-9ca5-a0577ecbdc3a","properties":{"fqdn":"test-mx.zone5.com.","ttl":3600,"mxRecords":[{"exchange":"m1.zone5.com.","preference":10}],"isAutoRegistered":false}},{"id":"\/subscriptions\/c912f493-60bf-4b11-90e0-3395f2dbdb7c\/resourceGroups\/cli_private_dns_zone5_import000001\/providers\/Microsoft.Network\/privateDnsZones\/zone5.com\/MX\/test-mx2","name":"test-mx2","type":"Microsoft.Network\/privateDnsZones\/MX","etag":"b1c0c753-b9a2-4936-a7fa-d7bbb0f0458d","properties":{"fqdn":"test-mx2.zone5.com.","ttl":3600,"mxRecords":[{"exchange":"m1.","preference":10}],"isAutoRegistered":false}},{"id":"\/subscriptions\/c912f493-60bf-4b11-90e0-3395f2dbdb7c\/resourceGroups\/cli_private_dns_zone5_import000001\/providers\/Microsoft.Network\/privateDnsZones\/zone5.com\/SRV\/test-srv","name":"test-srv","type":"Microsoft.Network\/privateDnsZones\/SRV","etag":"897903ca-9337-411e-b626-17acb775deaf","properties":{"fqdn":"test-srv.zone5.com.","ttl":3600,"srvRecords":[{"port":3,"priority":1,"target":"srv1.zone5.com.","weight":2}],"isAutoRegistered":false}},{"id":"\/subscriptions\/c912f493-60bf-4b11-90e0-3395f2dbdb7c\/resourceGroups\/cli_private_dns_zone5_import000001\/providers\/Microsoft.Network\/privateDnsZones\/zone5.com\/SRV\/test-srv2","name":"test-srv2","type":"Microsoft.Network\/privateDnsZones\/SRV","etag":"b3773f10-0102-49ab-8496-174342d99bfe","properties":{"fqdn":"test-srv2.zone5.com.","ttl":3600,"srvRecords":[{"port":3,"priority":1,"target":"srv1.","weight":2}],"isAutoRegistered":false}},{"id":"\/subscriptions\/c912f493-60bf-4b11-90e0-3395f2dbdb7c\/resourceGroups\/cli_private_dns_zone5_import000001\/providers\/Microsoft.Network\/privateDnsZones\/zone5.com\/A\/www","name":"www","type":"Microsoft.Network\/privateDnsZones\/A","etag":"83aac2ad-9afc-457f-8011-0887a44c589b","properties":{"fqdn":"www.zone5.com.","ttl":3600,"aRecords":[{"ipv4Address":"2.3.4.5"}],"isAutoRegistered":false}}]}'
    headers:
      cache-control:
      - private
      content-length:
      - '7577'
      content-type:
      - application/json; charset=utf-8
      date:
      - Tue, 21 Apr 2020 05:24:39 GMT
      server:
      - Microsoft-IIS/10.0
      strict-transport-security:
      - max-age=31536000; includeSubDomains
      transfer-encoding:
      - chunked
      vary:
      - Accept-Encoding
      x-aspnet-version:
      - 4.0.30319
      x-content-type-options:
      - nosniff
      x-ms-ratelimit-remaining-subscription-resource-entities-read:
      - '59928'
      x-ms-ratelimit-remaining-subscription-resource-requests:
      - '496'
      x-powered-by:
      - ASP.NET
    status:
      code: 200
      message: OK
- request:
    body: null
    headers:
      Accept:
      - application/json
      Accept-Encoding:
      - gzip, deflate
      CommandName:
      - network private-dns zone export
      Connection:
      - keep-alive
      ParameterSetName:
      - -g -n --file-name
      User-Agent:
      - python/3.8.2 (Windows-10-10.0.18362-SP0) msrest/0.6.11 msrest_azure/0.6.3
        azure-mgmt-privatedns/0.1.0 Azure-SDK-For-Python AZURECLI/2.3.1
      accept-language:
      - en-US
    method: GET
    uri: https://management.azure.com/subscriptions/00000000-0000-0000-0000-000000000000/resourceGroups/cli_private_dns_zone5_import000001/providers/Microsoft.Network/privateDnsZones/zone5.com/SOA?api-version=2018-09-01
  response:
    body:
      string: '{"value":[{"id":"\/subscriptions\/c912f493-60bf-4b11-90e0-3395f2dbdb7c\/resourceGroups\/cli_private_dns_zone5_import000001\/providers\/Microsoft.Network\/privateDnsZones\/zone5.com\/SOA\/@","name":"@","type":"Microsoft.Network\/privateDnsZones\/SOA","etag":"5a3d2618-4e96-447c-95c1-224ee8199bcd","properties":{"fqdn":"zone5.com.","ttl":3600,"soaRecord":{"email":"hostmaster.zone5.com.","expireTime":1814400,"host":"azureprivatedns.net","minimumTTL":null,"refreshTime":43200,"retryTime":900,"serialNumber":1,"minimumTtl":10800},"isAutoRegistered":false}}]}'
    headers:
      cache-control:
      - private
      content-length:
      - '596'
      content-type:
      - application/json; charset=utf-8
      date:
      - Tue, 21 Apr 2020 05:24:41 GMT
      server:
      - Microsoft-IIS/10.0
      strict-transport-security:
      - max-age=31536000; includeSubDomains
      transfer-encoding:
      - chunked
      vary:
      - Accept-Encoding
      x-aspnet-version:
      - 4.0.30319
      x-content-type-options:
      - nosniff
      x-ms-ratelimit-remaining-subscription-resource-entities-read:
      - '59998'
      x-ms-ratelimit-remaining-subscription-resource-requests:
      - '497'
      x-powered-by:
      - ASP.NET
    status:
      code: 200
      message: OK
- request:
    body: null
    headers:
      Accept:
      - application/json
      Accept-Encoding:
      - gzip, deflate
      CommandName:
      - network private-dns zone export
      Connection:
      - keep-alive
      ParameterSetName:
      - -g -n --file-name
      User-Agent:
      - python/3.8.2 (Windows-10-10.0.18362-SP0) msrest/0.6.11 msrest_azure/0.6.3
        azure-mgmt-privatedns/0.1.0 Azure-SDK-For-Python AZURECLI/2.3.1
      accept-language:
      - en-US
    method: GET
    uri: https://management.azure.com/subscriptions/00000000-0000-0000-0000-000000000000/resourceGroups/cli_private_dns_zone5_import000001/providers/Microsoft.Network/privateDnsZones/zone5.com/ALL?api-version=2018-09-01
  response:
    body:
      string: '{"value":[{"id":"\/subscriptions\/c912f493-60bf-4b11-90e0-3395f2dbdb7c\/resourceGroups\/cli_private_dns_zone5_import000001\/providers\/Microsoft.Network\/privateDnsZones\/zone5.com\/A\/@","name":"@","type":"Microsoft.Network\/privateDnsZones\/A","etag":"9e0faeae-e6e7-4b2a-80cf-42ac0ba0fb3c","properties":{"fqdn":"zone5.com.","ttl":3600,"aRecords":[{"ipv4Address":"1.2.3.4"}],"isAutoRegistered":false}},{"id":"\/subscriptions\/c912f493-60bf-4b11-90e0-3395f2dbdb7c\/resourceGroups\/cli_private_dns_zone5_import000001\/providers\/Microsoft.Network\/privateDnsZones\/zone5.com\/SOA\/@","name":"@","type":"Microsoft.Network\/privateDnsZones\/SOA","etag":"5a3d2618-4e96-447c-95c1-224ee8199bcd","properties":{"fqdn":"zone5.com.","ttl":3600,"soaRecord":{"email":"hostmaster.zone5.com.","expireTime":1814400,"host":"azureprivatedns.net","minimumTTL":null,"refreshTime":43200,"retryTime":900,"serialNumber":1,"minimumTtl":10800},"isAutoRegistered":false}},{"id":"\/subscriptions\/c912f493-60bf-4b11-90e0-3395f2dbdb7c\/resourceGroups\/cli_private_dns_zone5_import000001\/providers\/Microsoft.Network\/privateDnsZones\/zone5.com\/A\/default","name":"default","type":"Microsoft.Network\/privateDnsZones\/A","etag":"8c6ba7a6-af72-4994-b697-72d1246a8e78","properties":{"fqdn":"default.zone5.com.","ttl":3600,"aRecords":[{"ipv4Address":"0.1.2.3"}],"isAutoRegistered":false}},{"id":"\/subscriptions\/c912f493-60bf-4b11-90e0-3395f2dbdb7c\/resourceGroups\/cli_private_dns_zone5_import000001\/providers\/Microsoft.Network\/privateDnsZones\/zone5.com\/CNAME\/record","name":"record","type":"Microsoft.Network\/privateDnsZones\/CNAME","etag":"d522989a-00fe-4132-b501-1588637da09d","properties":{"fqdn":"record.zone5.com.","ttl":3600,"cnameRecord":{"cname":"bar.foo.com."},"isAutoRegistered":false}},{"id":"\/subscriptions\/c912f493-60bf-4b11-90e0-3395f2dbdb7c\/resourceGroups\/cli_private_dns_zone5_import000001\/providers\/Microsoft.Network\/privateDnsZones\/zone5.com\/A\/subzone","name":"subzone","type":"Microsoft.Network\/privateDnsZones\/A","etag":"a98fa04c-f6f5-44ad-994d-af70990bdedc","properties":{"fqdn":"subzone.zone5.com.","ttl":3600,"aRecords":[{"ipv4Address":"3.4.5.6"}],"isAutoRegistered":false}},{"id":"\/subscriptions\/c912f493-60bf-4b11-90e0-3395f2dbdb7c\/resourceGroups\/cli_private_dns_zone5_import000001\/providers\/Microsoft.Network\/privateDnsZones\/zone5.com\/CNAME\/test-cname.subzone","name":"test-cname.subzone","type":"Microsoft.Network\/privateDnsZones\/CNAME","etag":"c499eb71-756d-4183-86b6-a4c179bf19d7","properties":{"fqdn":"test-cname.subzone.zone5.com.","ttl":3600,"cnameRecord":{"cname":"r1.subzone.zone5.com."},"isAutoRegistered":false}},{"id":"\/subscriptions\/c912f493-60bf-4b11-90e0-3395f2dbdb7c\/resourceGroups\/cli_private_dns_zone5_import000001\/providers\/Microsoft.Network\/privateDnsZones\/zone5.com\/A\/www.subzone","name":"www.subzone","type":"Microsoft.Network\/privateDnsZones\/A","etag":"7602745d-cb3d-42b6-b60c-ce8f625b0ca0","properties":{"fqdn":"www.subzone.zone5.com.","ttl":3600,"aRecords":[{"ipv4Address":"4.5.6.7"}],"isAutoRegistered":false}},{"id":"\/subscriptions\/c912f493-60bf-4b11-90e0-3395f2dbdb7c\/resourceGroups\/cli_private_dns_zone5_import000001\/providers\/Microsoft.Network\/privateDnsZones\/zone5.com\/CNAME\/tc","name":"tc","type":"Microsoft.Network\/privateDnsZones\/CNAME","etag":"306518d0-6614-4bdf-9e40-4bead1000425","properties":{"fqdn":"tc.zone5.com.","ttl":3600,"cnameRecord":{"cname":"test.zone5.com."},"isAutoRegistered":false}},{"id":"\/subscriptions\/c912f493-60bf-4b11-90e0-3395f2dbdb7c\/resourceGroups\/cli_private_dns_zone5_import000001\/providers\/Microsoft.Network\/privateDnsZones\/zone5.com\/A\/test","name":"test","type":"Microsoft.Network\/privateDnsZones\/A","etag":"e1475f02-ee48-40e2-a35d-3d4acfde5d96","properties":{"fqdn":"test.zone5.com.","ttl":3600,"aRecords":[{"ipv4Address":"7.8.9.0"}],"isAutoRegistered":false}},{"id":"\/subscriptions\/c912f493-60bf-4b11-90e0-3395f2dbdb7c\/resourceGroups\/cli_private_dns_zone5_import000001\/providers\/Microsoft.Network\/privateDnsZones\/zone5.com\/CNAME\/test-cname","name":"test-cname","type":"Microsoft.Network\/privateDnsZones\/CNAME","etag":"a653e79e-bce9-4db0-8ec8-2545c217e602","properties":{"fqdn":"test-cname.zone5.com.","ttl":3600,"cnameRecord":{"cname":"r1.zone5.com."},"isAutoRegistered":false}},{"id":"\/subscriptions\/c912f493-60bf-4b11-90e0-3395f2dbdb7c\/resourceGroups\/cli_private_dns_zone5_import000001\/providers\/Microsoft.Network\/privateDnsZones\/zone5.com\/CNAME\/test-cname2","name":"test-cname2","type":"Microsoft.Network\/privateDnsZones\/CNAME","etag":"8dea5252-7d82-4da6-a16a-2d3b8d86f9c1","properties":{"fqdn":"test-cname2.zone5.com.","ttl":3600,"cnameRecord":{"cname":"r1."},"isAutoRegistered":false}},{"id":"\/subscriptions\/c912f493-60bf-4b11-90e0-3395f2dbdb7c\/resourceGroups\/cli_private_dns_zone5_import000001\/providers\/Microsoft.Network\/privateDnsZones\/zone5.com\/MX\/test-mx","name":"test-mx","type":"Microsoft.Network\/privateDnsZones\/MX","etag":"dfe52a8d-88f2-4f5d-9ca5-a0577ecbdc3a","properties":{"fqdn":"test-mx.zone5.com.","ttl":3600,"mxRecords":[{"exchange":"m1.zone5.com.","preference":10}],"isAutoRegistered":false}},{"id":"\/subscriptions\/c912f493-60bf-4b11-90e0-3395f2dbdb7c\/resourceGroups\/cli_private_dns_zone5_import000001\/providers\/Microsoft.Network\/privateDnsZones\/zone5.com\/MX\/test-mx2","name":"test-mx2","type":"Microsoft.Network\/privateDnsZones\/MX","etag":"b1c0c753-b9a2-4936-a7fa-d7bbb0f0458d","properties":{"fqdn":"test-mx2.zone5.com.","ttl":3600,"mxRecords":[{"exchange":"m1.","preference":10}],"isAutoRegistered":false}},{"id":"\/subscriptions\/c912f493-60bf-4b11-90e0-3395f2dbdb7c\/resourceGroups\/cli_private_dns_zone5_import000001\/providers\/Microsoft.Network\/privateDnsZones\/zone5.com\/SRV\/test-srv","name":"test-srv","type":"Microsoft.Network\/privateDnsZones\/SRV","etag":"897903ca-9337-411e-b626-17acb775deaf","properties":{"fqdn":"test-srv.zone5.com.","ttl":3600,"srvRecords":[{"port":3,"priority":1,"target":"srv1.zone5.com.","weight":2}],"isAutoRegistered":false}},{"id":"\/subscriptions\/c912f493-60bf-4b11-90e0-3395f2dbdb7c\/resourceGroups\/cli_private_dns_zone5_import000001\/providers\/Microsoft.Network\/privateDnsZones\/zone5.com\/SRV\/test-srv2","name":"test-srv2","type":"Microsoft.Network\/privateDnsZones\/SRV","etag":"b3773f10-0102-49ab-8496-174342d99bfe","properties":{"fqdn":"test-srv2.zone5.com.","ttl":3600,"srvRecords":[{"port":3,"priority":1,"target":"srv1.","weight":2}],"isAutoRegistered":false}},{"id":"\/subscriptions\/c912f493-60bf-4b11-90e0-3395f2dbdb7c\/resourceGroups\/cli_private_dns_zone5_import000001\/providers\/Microsoft.Network\/privateDnsZones\/zone5.com\/A\/www","name":"www","type":"Microsoft.Network\/privateDnsZones\/A","etag":"83aac2ad-9afc-457f-8011-0887a44c589b","properties":{"fqdn":"www.zone5.com.","ttl":3600,"aRecords":[{"ipv4Address":"2.3.4.5"}],"isAutoRegistered":false}}]}'
    headers:
      cache-control:
      - private
      content-length:
      - '7577'
      content-type:
      - application/json; charset=utf-8
      date:
      - Tue, 21 Apr 2020 05:24:41 GMT
      server:
      - Microsoft-IIS/10.0
      strict-transport-security:
      - max-age=31536000; includeSubDomains
      transfer-encoding:
      - chunked
      vary:
      - Accept-Encoding
      x-aspnet-version:
      - 4.0.30319
      x-content-type-options:
      - nosniff
      x-ms-ratelimit-remaining-subscription-resource-entities-read:
      - '59984'
      x-ms-ratelimit-remaining-subscription-resource-requests:
      - '499'
      x-powered-by:
      - ASP.NET
    status:
      code: 200
      message: OK
- request:
    body: '{"location": "global"}'
    headers:
      Accept:
      - application/json
      Accept-Encoding:
      - gzip, deflate
      CommandName:
      - network private-dns zone import
      Connection:
      - keep-alive
      Content-Length:
      - '22'
      Content-Type:
      - application/json; charset=utf-8
      ParameterSetName:
      - -n -g --file-name
      User-Agent:
      - python/3.8.2 (Windows-10-10.0.18362-SP0) msrest/0.6.11 msrest_azure/0.6.3
        azure-mgmt-privatedns/0.1.0 Azure-SDK-For-Python AZURECLI/2.3.1
      accept-language:
      - en-US
    method: PUT
    uri: https://management.azure.com/subscriptions/00000000-0000-0000-0000-000000000000/resourceGroups/cli_private_dns_zone5_import000001/providers/Microsoft.Network/privateDnsZones/zone5.com?api-version=2018-09-01
  response:
    body:
      string: '{}'
    headers:
      azure-asyncoperation:
      - https://management.azure.com:443/subscriptions/00000000-0000-0000-0000-000000000000/resourceGroups/cli_private_dns_zone5_import000001/providers/Microsoft.Network/privateDnsOperationStatuses/RnJvbnRFbmRBc3luY09wZXJhdGlvbjtVcHNlcnRQcml2YXRlRG5zWm9uZTtjYjAwYzc2Yy1hZTYzLTQ2MzctYWU1YS1iOWZiMjFkYjM1OTk=?api-version=2018-09-01
      cache-control:
      - private
      content-length:
      - '2'
      content-type:
      - application/json; charset=utf-8
      date:
      - Tue, 21 Apr 2020 05:24:43 GMT
      location:
      - https://management.azure.com/subscriptions/00000000-0000-0000-0000-000000000000/resourceGroups/cli_private_dns_zone5_import000001/providers/Microsoft.Network/privateDnsOperationResults/RnJvbnRFbmRBc3luY09wZXJhdGlvbjtVcHNlcnRQcml2YXRlRG5zWm9uZTtjYjAwYzc2Yy1hZTYzLTQ2MzctYWU1YS1iOWZiMjFkYjM1OTk=?api-version=2018-09-01
      server:
      - Microsoft-IIS/10.0
      strict-transport-security:
      - max-age=31536000; includeSubDomains
      x-aspnet-version:
      - 4.0.30319
      x-content-type-options:
      - nosniff
      x-ms-ratelimit-remaining-subscription-resource-requests:
      - '11998'
      x-powered-by:
      - ASP.NET
    status:
      code: 202
      message: Accepted
- request:
    body: null
    headers:
      Accept:
      - application/json
      Accept-Encoding:
      - gzip, deflate
      CommandName:
      - network private-dns zone import
      Connection:
      - keep-alive
      ParameterSetName:
      - -n -g --file-name
      User-Agent:
      - python/3.8.2 (Windows-10-10.0.18362-SP0) msrest/0.6.11 msrest_azure/0.6.3
        azure-mgmt-privatedns/0.1.0 Azure-SDK-For-Python AZURECLI/2.3.1
    method: GET
    uri: https://management.azure.com/subscriptions/00000000-0000-0000-0000-000000000000/resourceGroups/cli_private_dns_zone5_import000001/providers/Microsoft.Network/privateDnsOperationStatuses/RnJvbnRFbmRBc3luY09wZXJhdGlvbjtVcHNlcnRQcml2YXRlRG5zWm9uZTtjYjAwYzc2Yy1hZTYzLTQ2MzctYWU1YS1iOWZiMjFkYjM1OTk=?api-version=2018-09-01
  response:
    body:
      string: '{"status":"Succeeded"}'
    headers:
      cache-control:
      - private
      content-length:
      - '22'
      content-type:
      - application/json; charset=utf-8
      date:
      - Tue, 21 Apr 2020 05:25:14 GMT
      server:
      - Microsoft-IIS/10.0
      strict-transport-security:
      - max-age=31536000; includeSubDomains
      transfer-encoding:
      - chunked
      vary:
      - Accept-Encoding
      x-aspnet-version:
      - 4.0.30319
      x-content-type-options:
      - nosniff
      x-ms-ratelimit-remaining-subscription-resource-requests:
      - '499'
      x-powered-by:
      - ASP.NET
    status:
      code: 200
      message: OK
- request:
    body: null
    headers:
      Accept:
      - application/json
      Accept-Encoding:
      - gzip, deflate
      CommandName:
      - network private-dns zone import
      Connection:
      - keep-alive
      ParameterSetName:
      - -n -g --file-name
      User-Agent:
      - python/3.8.2 (Windows-10-10.0.18362-SP0) msrest/0.6.11 msrest_azure/0.6.3
        azure-mgmt-privatedns/0.1.0 Azure-SDK-For-Python AZURECLI/2.3.1
    method: GET
    uri: https://management.azure.com/subscriptions/00000000-0000-0000-0000-000000000000/resourceGroups/cli_private_dns_zone5_import000001/providers/Microsoft.Network/privateDnsZones/zone5.com?api-version=2018-09-01
  response:
    body:
      string: '{"id":"\/subscriptions\/c912f493-60bf-4b11-90e0-3395f2dbdb7c\/resourceGroups\/cli_private_dns_zone5_import000001\/providers\/Microsoft.Network\/privateDnsZones\/zone5.com","name":"zone5.com","type":"Microsoft.Network\/privateDnsZones","etag":"262c7340-c1d9-4255-9048-0937db2c87ad","location":"global","properties":{"maxNumberOfRecordSets":25000,"maxNumberOfVirtualNetworkLinks":1000,"maxNumberOfVirtualNetworkLinksWithRegistration":100,"numberOfRecordSets":16,"numberOfVirtualNetworkLinks":0,"numberOfVirtualNetworkLinksWithRegistration":0,"provisioningState":"Succeeded"}}'
    headers:
      cache-control:
      - private
      content-length:
      - '614'
      content-type:
      - application/json; charset=utf-8
      date:
      - Tue, 21 Apr 2020 05:25:14 GMT
      etag:
      - 262c7340-c1d9-4255-9048-0937db2c87ad
      server:
      - Microsoft-IIS/10.0
      strict-transport-security:
      - max-age=31536000; includeSubDomains
      transfer-encoding:
      - chunked
      vary:
      - Accept-Encoding
      x-aspnet-version:
      - 4.0.30319
      x-content-type-options:
      - nosniff
      x-ms-ratelimit-remaining-subscription-resource-requests:
      - '498'
      x-powered-by:
      - ASP.NET
    status:
      code: 200
      message: OK
- request:
    body: '{"properties": {"ttl": 3600, "soaRecord": {"host": "azureprivatedns.net",
      "email": "hostmaster.zone5.com.", "serialNumber": 1, "refreshTime": 43200, "retryTime":
      900, "expireTime": 1814400, "minimumTtl": 10800}}}'
    headers:
      Accept:
      - application/json
      Accept-Encoding:
      - gzip, deflate
      CommandName:
      - network private-dns zone import
      Connection:
      - keep-alive
      Content-Length:
      - '212'
      Content-Type:
      - application/json; charset=utf-8
      ParameterSetName:
      - -n -g --file-name
      User-Agent:
      - python/3.8.2 (Windows-10-10.0.18362-SP0) msrest/0.6.11 msrest_azure/0.6.3
        azure-mgmt-privatedns/0.1.0 Azure-SDK-For-Python AZURECLI/2.3.1
      accept-language:
      - en-US
    method: PUT
    uri: https://management.azure.com/subscriptions/00000000-0000-0000-0000-000000000000/resourceGroups/cli_private_dns_zone5_import000001/providers/Microsoft.Network/privateDnsZones/zone5.com/SOA/@?api-version=2018-09-01
  response:
    body:
      string: '{"id":"\/subscriptions\/c912f493-60bf-4b11-90e0-3395f2dbdb7c\/resourceGroups\/cli_private_dns_zone5_import000001\/providers\/Microsoft.Network\/privateDnsZones\/zone5.com\/SOA\/@","name":"@","type":"Microsoft.Network\/privateDnsZones\/SOA","etag":"11d3bbd9-1364-49d3-b26c-70e8897fa6c3","properties":{"fqdn":"zone5.com.","ttl":3600,"soaRecord":{"email":"hostmaster.zone5.com.","expireTime":1814400,"host":"azureprivatedns.net","minimumTTL":null,"refreshTime":43200,"retryTime":900,"serialNumber":1,"minimumTtl":10800},"isAutoRegistered":false}}'
    headers:
      cache-control:
      - private
      content-length:
      - '584'
      content-type:
      - application/json; charset=utf-8
      date:
      - Tue, 21 Apr 2020 05:25:15 GMT
      etag:
      - 11d3bbd9-1364-49d3-b26c-70e8897fa6c3
      server:
      - Microsoft-IIS/10.0
      strict-transport-security:
      - max-age=31536000; includeSubDomains
      transfer-encoding:
      - chunked
      vary:
      - Accept-Encoding
      x-aspnet-version:
      - 4.0.30319
      x-content-type-options:
      - nosniff
      x-ms-ratelimit-remaining-subscription-resource-requests:
      - '11997'
      x-powered-by:
      - ASP.NET
    status:
      code: 200
      message: OK
- request:
    body: '{"properties": {"ttl": 3600, "aRecords": [{"ipv4Address": "1.2.3.4"}]}}'
    headers:
      Accept:
      - application/json
      Accept-Encoding:
      - gzip, deflate
      CommandName:
      - network private-dns zone import
      Connection:
      - keep-alive
      Content-Length:
      - '71'
      Content-Type:
      - application/json; charset=utf-8
      ParameterSetName:
      - -n -g --file-name
      User-Agent:
      - python/3.8.2 (Windows-10-10.0.18362-SP0) msrest/0.6.11 msrest_azure/0.6.3
        azure-mgmt-privatedns/0.1.0 Azure-SDK-For-Python AZURECLI/2.3.1
      accept-language:
      - en-US
    method: PUT
    uri: https://management.azure.com/subscriptions/00000000-0000-0000-0000-000000000000/resourceGroups/cli_private_dns_zone5_import000001/providers/Microsoft.Network/privateDnsZones/zone5.com/A/@?api-version=2018-09-01
  response:
    body:
      string: '{"id":"\/subscriptions\/c912f493-60bf-4b11-90e0-3395f2dbdb7c\/resourceGroups\/cli_private_dns_zone5_import000001\/providers\/Microsoft.Network\/privateDnsZones\/zone5.com\/A\/@","name":"@","type":"Microsoft.Network\/privateDnsZones\/A","etag":"25f6eecf-615f-4cef-9f33-f8417b293fc1","properties":{"fqdn":"zone5.com.","ttl":3600,"aRecords":[{"ipv4Address":"1.2.3.4"}],"isAutoRegistered":false}}'
    headers:
      cache-control:
      - private
      content-length:
      - '433'
      content-type:
      - application/json; charset=utf-8
      date:
      - Tue, 21 Apr 2020 05:25:16 GMT
      etag:
      - 25f6eecf-615f-4cef-9f33-f8417b293fc1
      server:
      - Microsoft-IIS/10.0
      strict-transport-security:
      - max-age=31536000; includeSubDomains
      transfer-encoding:
      - chunked
      vary:
      - Accept-Encoding
      x-aspnet-version:
      - 4.0.30319
      x-content-type-options:
      - nosniff
      x-ms-ratelimit-remaining-subscription-resource-requests:
      - '11992'
      x-powered-by:
      - ASP.NET
    status:
      code: 200
      message: OK
- request:
    body: '{"properties": {"ttl": 3600, "aRecords": [{"ipv4Address": "0.1.2.3"}]}}'
    headers:
      Accept:
      - application/json
      Accept-Encoding:
      - gzip, deflate
      CommandName:
      - network private-dns zone import
      Connection:
      - keep-alive
      Content-Length:
      - '71'
      Content-Type:
      - application/json; charset=utf-8
      ParameterSetName:
      - -n -g --file-name
      User-Agent:
      - python/3.8.2 (Windows-10-10.0.18362-SP0) msrest/0.6.11 msrest_azure/0.6.3
        azure-mgmt-privatedns/0.1.0 Azure-SDK-For-Python AZURECLI/2.3.1
      accept-language:
      - en-US
    method: PUT
    uri: https://management.azure.com/subscriptions/00000000-0000-0000-0000-000000000000/resourceGroups/cli_private_dns_zone5_import000001/providers/Microsoft.Network/privateDnsZones/zone5.com/A/default?api-version=2018-09-01
  response:
    body:
      string: '{"id":"\/subscriptions\/c912f493-60bf-4b11-90e0-3395f2dbdb7c\/resourceGroups\/cli_private_dns_zone5_import000001\/providers\/Microsoft.Network\/privateDnsZones\/zone5.com\/A\/default","name":"default","type":"Microsoft.Network\/privateDnsZones\/A","etag":"8a1f3303-edc2-46df-aafa-87d74eb4ecc2","properties":{"fqdn":"default.zone5.com.","ttl":3600,"aRecords":[{"ipv4Address":"0.1.2.3"}],"isAutoRegistered":false}}'
    headers:
      cache-control:
      - private
      content-length:
      - '453'
      content-type:
      - application/json; charset=utf-8
      date:
      - Tue, 21 Apr 2020 05:25:17 GMT
      etag:
      - 8a1f3303-edc2-46df-aafa-87d74eb4ecc2
      server:
      - Microsoft-IIS/10.0
      strict-transport-security:
      - max-age=31536000; includeSubDomains
      transfer-encoding:
      - chunked
      vary:
      - Accept-Encoding
      x-aspnet-version:
      - 4.0.30319
      x-content-type-options:
      - nosniff
      x-ms-ratelimit-remaining-subscription-resource-requests:
      - '11991'
      x-powered-by:
      - ASP.NET
    status:
      code: 200
      message: OK
- request:
    body: '{"properties": {"ttl": 3600, "cnameRecord": {"cname": "bar.foo.com."}}}'
    headers:
      Accept:
      - application/json
      Accept-Encoding:
      - gzip, deflate
      CommandName:
      - network private-dns zone import
      Connection:
      - keep-alive
      Content-Length:
      - '71'
      Content-Type:
      - application/json; charset=utf-8
      ParameterSetName:
      - -n -g --file-name
      User-Agent:
      - python/3.8.2 (Windows-10-10.0.18362-SP0) msrest/0.6.11 msrest_azure/0.6.3
        azure-mgmt-privatedns/0.1.0 Azure-SDK-For-Python AZURECLI/2.3.1
      accept-language:
      - en-US
    method: PUT
    uri: https://management.azure.com/subscriptions/00000000-0000-0000-0000-000000000000/resourceGroups/cli_private_dns_zone5_import000001/providers/Microsoft.Network/privateDnsZones/zone5.com/CNAME/record?api-version=2018-09-01
  response:
    body:
      string: '{"id":"\/subscriptions\/c912f493-60bf-4b11-90e0-3395f2dbdb7c\/resourceGroups\/cli_private_dns_zone5_import000001\/providers\/Microsoft.Network\/privateDnsZones\/zone5.com\/CNAME\/record","name":"record","type":"Microsoft.Network\/privateDnsZones\/CNAME","etag":"f2ed05bd-16c0-4a19-86f3-26f6e935e3ae","properties":{"fqdn":"record.zone5.com.","ttl":3600,"cnameRecord":{"cname":"bar.foo.com."},"isAutoRegistered":false}}'
    headers:
      cache-control:
      - private
      content-length:
      - '458'
      content-type:
      - application/json; charset=utf-8
      date:
      - Tue, 21 Apr 2020 05:25:18 GMT
      etag:
      - f2ed05bd-16c0-4a19-86f3-26f6e935e3ae
      server:
      - Microsoft-IIS/10.0
      strict-transport-security:
      - max-age=31536000; includeSubDomains
      transfer-encoding:
      - chunked
      vary:
      - Accept-Encoding
      x-aspnet-version:
      - 4.0.30319
      x-content-type-options:
      - nosniff
      x-ms-ratelimit-remaining-subscription-resource-requests:
      - '11997'
      x-powered-by:
      - ASP.NET
    status:
      code: 200
      message: OK
- request:
    body: '{"properties": {"ttl": 3600, "aRecords": [{"ipv4Address": "3.4.5.6"}]}}'
    headers:
      Accept:
      - application/json
      Accept-Encoding:
      - gzip, deflate
      CommandName:
      - network private-dns zone import
      Connection:
      - keep-alive
      Content-Length:
      - '71'
      Content-Type:
      - application/json; charset=utf-8
      ParameterSetName:
      - -n -g --file-name
      User-Agent:
      - python/3.8.2 (Windows-10-10.0.18362-SP0) msrest/0.6.11 msrest_azure/0.6.3
        azure-mgmt-privatedns/0.1.0 Azure-SDK-For-Python AZURECLI/2.3.1
      accept-language:
      - en-US
    method: PUT
    uri: https://management.azure.com/subscriptions/00000000-0000-0000-0000-000000000000/resourceGroups/cli_private_dns_zone5_import000001/providers/Microsoft.Network/privateDnsZones/zone5.com/A/subzone?api-version=2018-09-01
  response:
    body:
      string: '{"id":"\/subscriptions\/c912f493-60bf-4b11-90e0-3395f2dbdb7c\/resourceGroups\/cli_private_dns_zone5_import000001\/providers\/Microsoft.Network\/privateDnsZones\/zone5.com\/A\/subzone","name":"subzone","type":"Microsoft.Network\/privateDnsZones\/A","etag":"1f172c66-2195-49b8-b745-4fd11c577a5a","properties":{"fqdn":"subzone.zone5.com.","ttl":3600,"aRecords":[{"ipv4Address":"3.4.5.6"}],"isAutoRegistered":false}}'
    headers:
      cache-control:
      - private
      content-length:
      - '453'
      content-type:
      - application/json; charset=utf-8
      date:
      - Tue, 21 Apr 2020 05:25:19 GMT
      etag:
      - 1f172c66-2195-49b8-b745-4fd11c577a5a
      server:
      - Microsoft-IIS/10.0
      strict-transport-security:
      - max-age=31536000; includeSubDomains
      transfer-encoding:
      - chunked
      vary:
      - Accept-Encoding
      x-aspnet-version:
      - 4.0.30319
      x-content-type-options:
      - nosniff
      x-ms-ratelimit-remaining-subscription-resource-requests:
      - '11982'
      x-powered-by:
      - ASP.NET
    status:
      code: 200
      message: OK
- request:
    body: '{"properties": {"ttl": 3600, "cnameRecord": {"cname": "r1.subzone.zone5.com."}}}'
    headers:
      Accept:
      - application/json
      Accept-Encoding:
      - gzip, deflate
      CommandName:
      - network private-dns zone import
      Connection:
      - keep-alive
      Content-Length:
      - '80'
      Content-Type:
      - application/json; charset=utf-8
      ParameterSetName:
      - -n -g --file-name
      User-Agent:
      - python/3.8.2 (Windows-10-10.0.18362-SP0) msrest/0.6.11 msrest_azure/0.6.3
        azure-mgmt-privatedns/0.1.0 Azure-SDK-For-Python AZURECLI/2.3.1
      accept-language:
      - en-US
    method: PUT
    uri: https://management.azure.com/subscriptions/00000000-0000-0000-0000-000000000000/resourceGroups/cli_private_dns_zone5_import000001/providers/Microsoft.Network/privateDnsZones/zone5.com/CNAME/test-cname.subzone?api-version=2018-09-01
  response:
    body:
      string: '{"id":"\/subscriptions\/c912f493-60bf-4b11-90e0-3395f2dbdb7c\/resourceGroups\/cli_private_dns_zone5_import000001\/providers\/Microsoft.Network\/privateDnsZones\/zone5.com\/CNAME\/test-cname.subzone","name":"test-cname.subzone","type":"Microsoft.Network\/privateDnsZones\/CNAME","etag":"a10d50ce-f05f-4d70-8fe6-716c6c12fca8","properties":{"fqdn":"test-cname.subzone.zone5.com.","ttl":3600,"cnameRecord":{"cname":"r1.subzone.zone5.com."},"isAutoRegistered":false}}'
    headers:
      cache-control:
      - private
      content-length:
      - '503'
      content-type:
      - application/json; charset=utf-8
      date:
      - Tue, 21 Apr 2020 05:25:21 GMT
      etag:
      - a10d50ce-f05f-4d70-8fe6-716c6c12fca8
      server:
      - Microsoft-IIS/10.0
      strict-transport-security:
      - max-age=31536000; includeSubDomains
      transfer-encoding:
      - chunked
      vary:
      - Accept-Encoding
      x-aspnet-version:
      - 4.0.30319
      x-content-type-options:
      - nosniff
      x-ms-ratelimit-remaining-subscription-resource-requests:
      - '11997'
      x-powered-by:
      - ASP.NET
    status:
      code: 200
      message: OK
- request:
    body: '{"properties": {"ttl": 3600, "aRecords": [{"ipv4Address": "4.5.6.7"}]}}'
    headers:
      Accept:
      - application/json
      Accept-Encoding:
      - gzip, deflate
      CommandName:
      - network private-dns zone import
      Connection:
      - keep-alive
      Content-Length:
      - '71'
      Content-Type:
      - application/json; charset=utf-8
      ParameterSetName:
      - -n -g --file-name
      User-Agent:
      - python/3.8.2 (Windows-10-10.0.18362-SP0) msrest/0.6.11 msrest_azure/0.6.3
        azure-mgmt-privatedns/0.1.0 Azure-SDK-For-Python AZURECLI/2.3.1
      accept-language:
      - en-US
    method: PUT
    uri: https://management.azure.com/subscriptions/00000000-0000-0000-0000-000000000000/resourceGroups/cli_private_dns_zone5_import000001/providers/Microsoft.Network/privateDnsZones/zone5.com/A/www.subzone?api-version=2018-09-01
  response:
    body:
      string: '{"id":"\/subscriptions\/c912f493-60bf-4b11-90e0-3395f2dbdb7c\/resourceGroups\/cli_private_dns_zone5_import000001\/providers\/Microsoft.Network\/privateDnsZones\/zone5.com\/A\/www.subzone","name":"www.subzone","type":"Microsoft.Network\/privateDnsZones\/A","etag":"860e5cd3-486e-4fae-beb9-80318a6aae97","properties":{"fqdn":"www.subzone.zone5.com.","ttl":3600,"aRecords":[{"ipv4Address":"4.5.6.7"}],"isAutoRegistered":false}}'
    headers:
      cache-control:
      - private
      content-length:
      - '465'
      content-type:
      - application/json; charset=utf-8
      date:
      - Tue, 21 Apr 2020 05:25:21 GMT
      etag:
      - 860e5cd3-486e-4fae-beb9-80318a6aae97
      server:
      - Microsoft-IIS/10.0
      strict-transport-security:
      - max-age=31536000; includeSubDomains
      transfer-encoding:
      - chunked
      vary:
      - Accept-Encoding
      x-aspnet-version:
      - 4.0.30319
      x-content-type-options:
      - nosniff
      x-ms-ratelimit-remaining-subscription-resource-requests:
      - '11981'
      x-powered-by:
      - ASP.NET
    status:
      code: 200
      message: OK
- request:
    body: '{"properties": {"ttl": 3600, "cnameRecord": {"cname": "test.zone5.com."}}}'
    headers:
      Accept:
      - application/json
      Accept-Encoding:
      - gzip, deflate
      CommandName:
      - network private-dns zone import
      Connection:
      - keep-alive
      Content-Length:
      - '74'
      Content-Type:
      - application/json; charset=utf-8
      ParameterSetName:
      - -n -g --file-name
      User-Agent:
      - python/3.8.2 (Windows-10-10.0.18362-SP0) msrest/0.6.11 msrest_azure/0.6.3
        azure-mgmt-privatedns/0.1.0 Azure-SDK-For-Python AZURECLI/2.3.1
      accept-language:
      - en-US
    method: PUT
    uri: https://management.azure.com/subscriptions/00000000-0000-0000-0000-000000000000/resourceGroups/cli_private_dns_zone5_import000001/providers/Microsoft.Network/privateDnsZones/zone5.com/CNAME/tc?api-version=2018-09-01
  response:
    body:
      string: '{"id":"\/subscriptions\/c912f493-60bf-4b11-90e0-3395f2dbdb7c\/resourceGroups\/cli_private_dns_zone5_import000001\/providers\/Microsoft.Network\/privateDnsZones\/zone5.com\/CNAME\/tc","name":"tc","type":"Microsoft.Network\/privateDnsZones\/CNAME","etag":"609ba9ec-69b7-4262-a958-f5226eafa72c","properties":{"fqdn":"tc.zone5.com.","ttl":3600,"cnameRecord":{"cname":"test.zone5.com."},"isAutoRegistered":false}}'
    headers:
      cache-control:
      - private
      content-length:
      - '449'
      content-type:
      - application/json; charset=utf-8
      date:
      - Tue, 21 Apr 2020 05:25:23 GMT
      etag:
      - 609ba9ec-69b7-4262-a958-f5226eafa72c
      server:
      - Microsoft-IIS/10.0
      strict-transport-security:
      - max-age=31536000; includeSubDomains
      transfer-encoding:
      - chunked
      vary:
      - Accept-Encoding
      x-aspnet-version:
      - 4.0.30319
      x-content-type-options:
      - nosniff
      x-ms-ratelimit-remaining-subscription-resource-requests:
      - '11996'
      x-powered-by:
      - ASP.NET
    status:
      code: 200
      message: OK
- request:
    body: '{"properties": {"ttl": 3600, "aRecords": [{"ipv4Address": "7.8.9.0"}]}}'
    headers:
      Accept:
      - application/json
      Accept-Encoding:
      - gzip, deflate
      CommandName:
      - network private-dns zone import
      Connection:
      - keep-alive
      Content-Length:
      - '71'
      Content-Type:
      - application/json; charset=utf-8
      ParameterSetName:
      - -n -g --file-name
      User-Agent:
      - python/3.8.2 (Windows-10-10.0.18362-SP0) msrest/0.6.11 msrest_azure/0.6.3
        azure-mgmt-privatedns/0.1.0 Azure-SDK-For-Python AZURECLI/2.3.1
      accept-language:
      - en-US
    method: PUT
    uri: https://management.azure.com/subscriptions/00000000-0000-0000-0000-000000000000/resourceGroups/cli_private_dns_zone5_import000001/providers/Microsoft.Network/privateDnsZones/zone5.com/A/test?api-version=2018-09-01
  response:
    body:
      string: '{"id":"\/subscriptions\/c912f493-60bf-4b11-90e0-3395f2dbdb7c\/resourceGroups\/cli_private_dns_zone5_import000001\/providers\/Microsoft.Network\/privateDnsZones\/zone5.com\/A\/test","name":"test","type":"Microsoft.Network\/privateDnsZones\/A","etag":"7201e88c-0f20-4efa-b6b2-b9301d6fe220","properties":{"fqdn":"test.zone5.com.","ttl":3600,"aRecords":[{"ipv4Address":"7.8.9.0"}],"isAutoRegistered":false}}'
    headers:
      cache-control:
      - private
      content-length:
      - '444'
      content-type:
      - application/json; charset=utf-8
      date:
      - Tue, 21 Apr 2020 05:25:25 GMT
      etag:
      - 7201e88c-0f20-4efa-b6b2-b9301d6fe220
      server:
      - Microsoft-IIS/10.0
      strict-transport-security:
      - max-age=31536000; includeSubDomains
      transfer-encoding:
      - chunked
      vary:
      - Accept-Encoding
      x-aspnet-version:
      - 4.0.30319
      x-content-type-options:
      - nosniff
      x-ms-ratelimit-remaining-subscription-resource-requests:
      - '11991'
      x-powered-by:
      - ASP.NET
    status:
      code: 200
      message: OK
- request:
    body: '{"properties": {"ttl": 3600, "cnameRecord": {"cname": "r1.zone5.com."}}}'
    headers:
      Accept:
      - application/json
      Accept-Encoding:
      - gzip, deflate
      CommandName:
      - network private-dns zone import
      Connection:
      - keep-alive
      Content-Length:
      - '72'
      Content-Type:
      - application/json; charset=utf-8
      ParameterSetName:
      - -n -g --file-name
      User-Agent:
      - python/3.8.2 (Windows-10-10.0.18362-SP0) msrest/0.6.11 msrest_azure/0.6.3
        azure-mgmt-privatedns/0.1.0 Azure-SDK-For-Python AZURECLI/2.3.1
      accept-language:
      - en-US
    method: PUT
    uri: https://management.azure.com/subscriptions/00000000-0000-0000-0000-000000000000/resourceGroups/cli_private_dns_zone5_import000001/providers/Microsoft.Network/privateDnsZones/zone5.com/CNAME/test-cname?api-version=2018-09-01
  response:
    body:
      string: '{"id":"\/subscriptions\/c912f493-60bf-4b11-90e0-3395f2dbdb7c\/resourceGroups\/cli_private_dns_zone5_import000001\/providers\/Microsoft.Network\/privateDnsZones\/zone5.com\/CNAME\/test-cname","name":"test-cname","type":"Microsoft.Network\/privateDnsZones\/CNAME","etag":"88ce2acb-33c5-481e-bcae-9053d1737256","properties":{"fqdn":"test-cname.zone5.com.","ttl":3600,"cnameRecord":{"cname":"r1.zone5.com."},"isAutoRegistered":false}}'
    headers:
      cache-control:
      - private
      content-length:
      - '471'
      content-type:
      - application/json; charset=utf-8
      date:
      - Tue, 21 Apr 2020 05:25:26 GMT
      etag:
      - 88ce2acb-33c5-481e-bcae-9053d1737256
      server:
      - Microsoft-IIS/10.0
      strict-transport-security:
      - max-age=31536000; includeSubDomains
      transfer-encoding:
      - chunked
      vary:
      - Accept-Encoding
      x-aspnet-version:
      - 4.0.30319
      x-content-type-options:
      - nosniff
      x-ms-ratelimit-remaining-subscription-resource-requests:
      - '11998'
      x-powered-by:
      - ASP.NET
    status:
      code: 200
      message: OK
- request:
    body: '{"properties": {"ttl": 3600, "cnameRecord": {"cname": "r1."}}}'
    headers:
      Accept:
      - application/json
      Accept-Encoding:
      - gzip, deflate
      CommandName:
      - network private-dns zone import
      Connection:
      - keep-alive
      Content-Length:
      - '62'
      Content-Type:
      - application/json; charset=utf-8
      ParameterSetName:
      - -n -g --file-name
      User-Agent:
      - python/3.8.2 (Windows-10-10.0.18362-SP0) msrest/0.6.11 msrest_azure/0.6.3
        azure-mgmt-privatedns/0.1.0 Azure-SDK-For-Python AZURECLI/2.3.1
      accept-language:
      - en-US
    method: PUT
    uri: https://management.azure.com/subscriptions/00000000-0000-0000-0000-000000000000/resourceGroups/cli_private_dns_zone5_import000001/providers/Microsoft.Network/privateDnsZones/zone5.com/CNAME/test-cname2?api-version=2018-09-01
  response:
    body:
      string: '{"id":"\/subscriptions\/c912f493-60bf-4b11-90e0-3395f2dbdb7c\/resourceGroups\/cli_private_dns_zone5_import000001\/providers\/Microsoft.Network\/privateDnsZones\/zone5.com\/CNAME\/test-cname2","name":"test-cname2","type":"Microsoft.Network\/privateDnsZones\/CNAME","etag":"8e097355-c513-4111-ad25-acacd0df3d48","properties":{"fqdn":"test-cname2.zone5.com.","ttl":3600,"cnameRecord":{"cname":"r1."},"isAutoRegistered":false}}'
    headers:
      cache-control:
      - private
      content-length:
      - '464'
      content-type:
      - application/json; charset=utf-8
      date:
      - Tue, 21 Apr 2020 05:25:27 GMT
      etag:
      - 8e097355-c513-4111-ad25-acacd0df3d48
      server:
      - Microsoft-IIS/10.0
      strict-transport-security:
      - max-age=31536000; includeSubDomains
      transfer-encoding:
      - chunked
      vary:
      - Accept-Encoding
      x-aspnet-version:
      - 4.0.30319
      x-content-type-options:
      - nosniff
      x-ms-ratelimit-remaining-subscription-resource-requests:
      - '11997'
      x-powered-by:
      - ASP.NET
    status:
      code: 200
      message: OK
- request:
    body: '{"properties": {"ttl": 3600, "mxRecords": [{"preference": 10, "exchange":
      "m1.zone5.com."}]}}'
    headers:
      Accept:
      - application/json
      Accept-Encoding:
      - gzip, deflate
      CommandName:
      - network private-dns zone import
      Connection:
      - keep-alive
      Content-Length:
      - '93'
      Content-Type:
      - application/json; charset=utf-8
      ParameterSetName:
      - -n -g --file-name
      User-Agent:
      - python/3.8.2 (Windows-10-10.0.18362-SP0) msrest/0.6.11 msrest_azure/0.6.3
        azure-mgmt-privatedns/0.1.0 Azure-SDK-For-Python AZURECLI/2.3.1
      accept-language:
      - en-US
    method: PUT
    uri: https://management.azure.com/subscriptions/00000000-0000-0000-0000-000000000000/resourceGroups/cli_private_dns_zone5_import000001/providers/Microsoft.Network/privateDnsZones/zone5.com/MX/test-mx?api-version=2018-09-01
  response:
    body:
      string: '{"id":"\/subscriptions\/c912f493-60bf-4b11-90e0-3395f2dbdb7c\/resourceGroups\/cli_private_dns_zone5_import000001\/providers\/Microsoft.Network\/privateDnsZones\/zone5.com\/MX\/test-mx","name":"test-mx","type":"Microsoft.Network\/privateDnsZones\/MX","etag":"f05ae970-e78f-42b3-ae13-b4122e3718bf","properties":{"fqdn":"test-mx.zone5.com.","ttl":3600,"mxRecords":[{"exchange":"m1.zone5.com.","preference":10}],"isAutoRegistered":false}}'
    headers:
      cache-control:
      - private
      content-length:
      - '475'
      content-type:
      - application/json; charset=utf-8
      date:
      - Tue, 21 Apr 2020 05:25:28 GMT
      etag:
      - f05ae970-e78f-42b3-ae13-b4122e3718bf
      server:
      - Microsoft-IIS/10.0
      strict-transport-security:
      - max-age=31536000; includeSubDomains
      transfer-encoding:
      - chunked
      vary:
      - Accept-Encoding
      x-aspnet-version:
      - 4.0.30319
      x-content-type-options:
      - nosniff
      x-ms-ratelimit-remaining-subscription-resource-requests:
      - '11999'
      x-powered-by:
      - ASP.NET
    status:
      code: 200
      message: OK
- request:
    body: '{"properties": {"ttl": 3600, "mxRecords": [{"preference": 10, "exchange":
      "m1."}]}}'
    headers:
      Accept:
      - application/json
      Accept-Encoding:
      - gzip, deflate
      CommandName:
      - network private-dns zone import
      Connection:
      - keep-alive
      Content-Length:
      - '83'
      Content-Type:
      - application/json; charset=utf-8
      ParameterSetName:
      - -n -g --file-name
      User-Agent:
      - python/3.8.2 (Windows-10-10.0.18362-SP0) msrest/0.6.11 msrest_azure/0.6.3
        azure-mgmt-privatedns/0.1.0 Azure-SDK-For-Python AZURECLI/2.3.1
      accept-language:
      - en-US
    method: PUT
    uri: https://management.azure.com/subscriptions/00000000-0000-0000-0000-000000000000/resourceGroups/cli_private_dns_zone5_import000001/providers/Microsoft.Network/privateDnsZones/zone5.com/MX/test-mx2?api-version=2018-09-01
  response:
    body:
      string: '{"id":"\/subscriptions\/c912f493-60bf-4b11-90e0-3395f2dbdb7c\/resourceGroups\/cli_private_dns_zone5_import000001\/providers\/Microsoft.Network\/privateDnsZones\/zone5.com\/MX\/test-mx2","name":"test-mx2","type":"Microsoft.Network\/privateDnsZones\/MX","etag":"cd22a9c8-937e-4ac8-a2f6-ddc1ee0aed1f","properties":{"fqdn":"test-mx2.zone5.com.","ttl":3600,"mxRecords":[{"exchange":"m1.","preference":10}],"isAutoRegistered":false}}'
    headers:
      cache-control:
      - private
      content-length:
      - '468'
      content-type:
      - application/json; charset=utf-8
      date:
      - Tue, 21 Apr 2020 05:25:29 GMT
      etag:
      - cd22a9c8-937e-4ac8-a2f6-ddc1ee0aed1f
      server:
      - Microsoft-IIS/10.0
      strict-transport-security:
      - max-age=31536000; includeSubDomains
      transfer-encoding:
      - chunked
      vary:
      - Accept-Encoding
      x-aspnet-version:
      - 4.0.30319
      x-content-type-options:
      - nosniff
      x-ms-ratelimit-remaining-subscription-resource-requests:
      - '11998'
      x-powered-by:
      - ASP.NET
    status:
      code: 200
      message: OK
- request:
    body: '{"properties": {"ttl": 3600, "srvRecords": [{"priority": 1, "weight": 2,
      "port": 3, "target": "srv1.zone5.com."}]}}'
    headers:
      Accept:
      - application/json
      Accept-Encoding:
      - gzip, deflate
      CommandName:
      - network private-dns zone import
      Connection:
      - keep-alive
      Content-Length:
      - '115'
      Content-Type:
      - application/json; charset=utf-8
      ParameterSetName:
      - -n -g --file-name
      User-Agent:
      - python/3.8.2 (Windows-10-10.0.18362-SP0) msrest/0.6.11 msrest_azure/0.6.3
        azure-mgmt-privatedns/0.1.0 Azure-SDK-For-Python AZURECLI/2.3.1
      accept-language:
      - en-US
    method: PUT
    uri: https://management.azure.com/subscriptions/00000000-0000-0000-0000-000000000000/resourceGroups/cli_private_dns_zone5_import000001/providers/Microsoft.Network/privateDnsZones/zone5.com/SRV/test-srv?api-version=2018-09-01
  response:
    body:
      string: '{"id":"\/subscriptions\/c912f493-60bf-4b11-90e0-3395f2dbdb7c\/resourceGroups\/cli_private_dns_zone5_import000001\/providers\/Microsoft.Network\/privateDnsZones\/zone5.com\/SRV\/test-srv","name":"test-srv","type":"Microsoft.Network\/privateDnsZones\/SRV","etag":"6dd0ac2d-2735-4b6e-beb0-68c580e05e3e","properties":{"fqdn":"test-srv.zone5.com.","ttl":3600,"srvRecords":[{"port":3,"priority":1,"target":"srv1.zone5.com.","weight":2}],"isAutoRegistered":false}}'
    headers:
      cache-control:
      - private
      content-length:
      - '498'
      content-type:
      - application/json; charset=utf-8
      date:
      - Tue, 21 Apr 2020 05:25:30 GMT
      etag:
      - 6dd0ac2d-2735-4b6e-beb0-68c580e05e3e
      server:
      - Microsoft-IIS/10.0
      strict-transport-security:
      - max-age=31536000; includeSubDomains
      transfer-encoding:
      - chunked
      vary:
      - Accept-Encoding
      x-aspnet-version:
      - 4.0.30319
      x-content-type-options:
      - nosniff
      x-ms-ratelimit-remaining-subscription-resource-requests:
      - '11997'
      x-powered-by:
      - ASP.NET
    status:
      code: 200
      message: OK
- request:
    body: '{"properties": {"ttl": 3600, "srvRecords": [{"priority": 1, "weight": 2,
      "port": 3, "target": "srv1."}]}}'
    headers:
      Accept:
      - application/json
      Accept-Encoding:
      - gzip, deflate
      CommandName:
      - network private-dns zone import
      Connection:
      - keep-alive
      Content-Length:
      - '105'
      Content-Type:
      - application/json; charset=utf-8
      ParameterSetName:
      - -n -g --file-name
      User-Agent:
      - python/3.8.2 (Windows-10-10.0.18362-SP0) msrest/0.6.11 msrest_azure/0.6.3
        azure-mgmt-privatedns/0.1.0 Azure-SDK-For-Python AZURECLI/2.3.1
      accept-language:
      - en-US
    method: PUT
    uri: https://management.azure.com/subscriptions/00000000-0000-0000-0000-000000000000/resourceGroups/cli_private_dns_zone5_import000001/providers/Microsoft.Network/privateDnsZones/zone5.com/SRV/test-srv2?api-version=2018-09-01
  response:
    body:
      string: '{"id":"\/subscriptions\/c912f493-60bf-4b11-90e0-3395f2dbdb7c\/resourceGroups\/cli_private_dns_zone5_import000001\/providers\/Microsoft.Network\/privateDnsZones\/zone5.com\/SRV\/test-srv2","name":"test-srv2","type":"Microsoft.Network\/privateDnsZones\/SRV","etag":"fdac2bd2-242b-4a49-a299-40ebdc9af442","properties":{"fqdn":"test-srv2.zone5.com.","ttl":3600,"srvRecords":[{"port":3,"priority":1,"target":"srv1.","weight":2}],"isAutoRegistered":false}}'
    headers:
      cache-control:
      - private
      content-length:
      - '491'
      content-type:
      - application/json; charset=utf-8
      date:
      - Tue, 21 Apr 2020 05:25:32 GMT
      etag:
      - fdac2bd2-242b-4a49-a299-40ebdc9af442
      server:
      - Microsoft-IIS/10.0
      strict-transport-security:
      - max-age=31536000; includeSubDomains
      transfer-encoding:
      - chunked
      vary:
      - Accept-Encoding
      x-aspnet-version:
      - 4.0.30319
      x-content-type-options:
      - nosniff
      x-ms-ratelimit-remaining-subscription-resource-requests:
      - '11997'
      x-powered-by:
      - ASP.NET
    status:
      code: 200
      message: OK
- request:
    body: '{"properties": {"ttl": 3600, "aRecords": [{"ipv4Address": "2.3.4.5"}]}}'
    headers:
      Accept:
      - application/json
      Accept-Encoding:
      - gzip, deflate
      CommandName:
      - network private-dns zone import
      Connection:
      - keep-alive
      Content-Length:
      - '71'
      Content-Type:
      - application/json; charset=utf-8
      ParameterSetName:
      - -n -g --file-name
      User-Agent:
      - python/3.8.2 (Windows-10-10.0.18362-SP0) msrest/0.6.11 msrest_azure/0.6.3
        azure-mgmt-privatedns/0.1.0 Azure-SDK-For-Python AZURECLI/2.3.1
      accept-language:
      - en-US
    method: PUT
    uri: https://management.azure.com/subscriptions/00000000-0000-0000-0000-000000000000/resourceGroups/cli_private_dns_zone5_import000001/providers/Microsoft.Network/privateDnsZones/zone5.com/A/www?api-version=2018-09-01
  response:
    body:
      string: '{"id":"\/subscriptions\/c912f493-60bf-4b11-90e0-3395f2dbdb7c\/resourceGroups\/cli_private_dns_zone5_import000001\/providers\/Microsoft.Network\/privateDnsZones\/zone5.com\/A\/www","name":"www","type":"Microsoft.Network\/privateDnsZones\/A","etag":"88a0df7e-7d28-4fbe-a8a3-fc53cf2c345f","properties":{"fqdn":"www.zone5.com.","ttl":3600,"aRecords":[{"ipv4Address":"2.3.4.5"}],"isAutoRegistered":false}}'
    headers:
      cache-control:
      - private
      content-length:
      - '441'
      content-type:
      - application/json; charset=utf-8
      date:
      - Tue, 21 Apr 2020 05:25:33 GMT
      etag:
      - 88a0df7e-7d28-4fbe-a8a3-fc53cf2c345f
      server:
      - Microsoft-IIS/10.0
      strict-transport-security:
      - max-age=31536000; includeSubDomains
      transfer-encoding:
      - chunked
      vary:
      - Accept-Encoding
      x-aspnet-version:
      - 4.0.30319
      x-content-type-options:
      - nosniff
      x-ms-ratelimit-remaining-subscription-resource-requests:
      - '11987'
      x-powered-by:
      - ASP.NET
    status:
      code: 200
      message: OK
- request:
    body: null
    headers:
      Accept:
      - application/json
      Accept-Encoding:
      - gzip, deflate
      CommandName:
      - network private-dns record-set list
      Connection:
      - keep-alive
      ParameterSetName:
      - -g -z
      User-Agent:
      - python/3.8.2 (Windows-10-10.0.18362-SP0) msrest/0.6.11 msrest_azure/0.6.3
        azure-mgmt-privatedns/0.1.0 Azure-SDK-For-Python AZURECLI/2.3.1
      accept-language:
      - en-US
    method: GET
    uri: https://management.azure.com/subscriptions/00000000-0000-0000-0000-000000000000/resourceGroups/cli_private_dns_zone5_import000001/providers/Microsoft.Network/privateDnsZones/zone5.com/ALL?api-version=2018-09-01
  response:
    body:
      string: '{"value":[{"id":"\/subscriptions\/c912f493-60bf-4b11-90e0-3395f2dbdb7c\/resourceGroups\/cli_private_dns_zone5_import000001\/providers\/Microsoft.Network\/privateDnsZones\/zone5.com\/A\/@","name":"@","type":"Microsoft.Network\/privateDnsZones\/A","etag":"25f6eecf-615f-4cef-9f33-f8417b293fc1","properties":{"fqdn":"zone5.com.","ttl":3600,"aRecords":[{"ipv4Address":"1.2.3.4"}],"isAutoRegistered":false}},{"id":"\/subscriptions\/c912f493-60bf-4b11-90e0-3395f2dbdb7c\/resourceGroups\/cli_private_dns_zone5_import000001\/providers\/Microsoft.Network\/privateDnsZones\/zone5.com\/SOA\/@","name":"@","type":"Microsoft.Network\/privateDnsZones\/SOA","etag":"11d3bbd9-1364-49d3-b26c-70e8897fa6c3","properties":{"fqdn":"zone5.com.","ttl":3600,"soaRecord":{"email":"hostmaster.zone5.com.","expireTime":1814400,"host":"azureprivatedns.net","minimumTTL":null,"refreshTime":43200,"retryTime":900,"serialNumber":1,"minimumTtl":10800},"isAutoRegistered":false}},{"id":"\/subscriptions\/c912f493-60bf-4b11-90e0-3395f2dbdb7c\/resourceGroups\/cli_private_dns_zone5_import000001\/providers\/Microsoft.Network\/privateDnsZones\/zone5.com\/A\/default","name":"default","type":"Microsoft.Network\/privateDnsZones\/A","etag":"8a1f3303-edc2-46df-aafa-87d74eb4ecc2","properties":{"fqdn":"default.zone5.com.","ttl":3600,"aRecords":[{"ipv4Address":"0.1.2.3"}],"isAutoRegistered":false}},{"id":"\/subscriptions\/c912f493-60bf-4b11-90e0-3395f2dbdb7c\/resourceGroups\/cli_private_dns_zone5_import000001\/providers\/Microsoft.Network\/privateDnsZones\/zone5.com\/CNAME\/record","name":"record","type":"Microsoft.Network\/privateDnsZones\/CNAME","etag":"f2ed05bd-16c0-4a19-86f3-26f6e935e3ae","properties":{"fqdn":"record.zone5.com.","ttl":3600,"cnameRecord":{"cname":"bar.foo.com."},"isAutoRegistered":false}},{"id":"\/subscriptions\/c912f493-60bf-4b11-90e0-3395f2dbdb7c\/resourceGroups\/cli_private_dns_zone5_import000001\/providers\/Microsoft.Network\/privateDnsZones\/zone5.com\/A\/subzone","name":"subzone","type":"Microsoft.Network\/privateDnsZones\/A","etag":"1f172c66-2195-49b8-b745-4fd11c577a5a","properties":{"fqdn":"subzone.zone5.com.","ttl":3600,"aRecords":[{"ipv4Address":"3.4.5.6"}],"isAutoRegistered":false}},{"id":"\/subscriptions\/c912f493-60bf-4b11-90e0-3395f2dbdb7c\/resourceGroups\/cli_private_dns_zone5_import000001\/providers\/Microsoft.Network\/privateDnsZones\/zone5.com\/CNAME\/test-cname.subzone","name":"test-cname.subzone","type":"Microsoft.Network\/privateDnsZones\/CNAME","etag":"a10d50ce-f05f-4d70-8fe6-716c6c12fca8","properties":{"fqdn":"test-cname.subzone.zone5.com.","ttl":3600,"cnameRecord":{"cname":"r1.subzone.zone5.com."},"isAutoRegistered":false}},{"id":"\/subscriptions\/c912f493-60bf-4b11-90e0-3395f2dbdb7c\/resourceGroups\/cli_private_dns_zone5_import000001\/providers\/Microsoft.Network\/privateDnsZones\/zone5.com\/A\/www.subzone","name":"www.subzone","type":"Microsoft.Network\/privateDnsZones\/A","etag":"860e5cd3-486e-4fae-beb9-80318a6aae97","properties":{"fqdn":"www.subzone.zone5.com.","ttl":3600,"aRecords":[{"ipv4Address":"4.5.6.7"}],"isAutoRegistered":false}},{"id":"\/subscriptions\/c912f493-60bf-4b11-90e0-3395f2dbdb7c\/resourceGroups\/cli_private_dns_zone5_import000001\/providers\/Microsoft.Network\/privateDnsZones\/zone5.com\/CNAME\/tc","name":"tc","type":"Microsoft.Network\/privateDnsZones\/CNAME","etag":"609ba9ec-69b7-4262-a958-f5226eafa72c","properties":{"fqdn":"tc.zone5.com.","ttl":3600,"cnameRecord":{"cname":"test.zone5.com."},"isAutoRegistered":false}},{"id":"\/subscriptions\/c912f493-60bf-4b11-90e0-3395f2dbdb7c\/resourceGroups\/cli_private_dns_zone5_import000001\/providers\/Microsoft.Network\/privateDnsZones\/zone5.com\/A\/test","name":"test","type":"Microsoft.Network\/privateDnsZones\/A","etag":"7201e88c-0f20-4efa-b6b2-b9301d6fe220","properties":{"fqdn":"test.zone5.com.","ttl":3600,"aRecords":[{"ipv4Address":"7.8.9.0"}],"isAutoRegistered":false}},{"id":"\/subscriptions\/c912f493-60bf-4b11-90e0-3395f2dbdb7c\/resourceGroups\/cli_private_dns_zone5_import000001\/providers\/Microsoft.Network\/privateDnsZones\/zone5.com\/CNAME\/test-cname","name":"test-cname","type":"Microsoft.Network\/privateDnsZones\/CNAME","etag":"88ce2acb-33c5-481e-bcae-9053d1737256","properties":{"fqdn":"test-cname.zone5.com.","ttl":3600,"cnameRecord":{"cname":"r1.zone5.com."},"isAutoRegistered":false}},{"id":"\/subscriptions\/c912f493-60bf-4b11-90e0-3395f2dbdb7c\/resourceGroups\/cli_private_dns_zone5_import000001\/providers\/Microsoft.Network\/privateDnsZones\/zone5.com\/CNAME\/test-cname2","name":"test-cname2","type":"Microsoft.Network\/privateDnsZones\/CNAME","etag":"8e097355-c513-4111-ad25-acacd0df3d48","properties":{"fqdn":"test-cname2.zone5.com.","ttl":3600,"cnameRecord":{"cname":"r1."},"isAutoRegistered":false}},{"id":"\/subscriptions\/c912f493-60bf-4b11-90e0-3395f2dbdb7c\/resourceGroups\/cli_private_dns_zone5_import000001\/providers\/Microsoft.Network\/privateDnsZones\/zone5.com\/MX\/test-mx","name":"test-mx","type":"Microsoft.Network\/privateDnsZones\/MX","etag":"f05ae970-e78f-42b3-ae13-b4122e3718bf","properties":{"fqdn":"test-mx.zone5.com.","ttl":3600,"mxRecords":[{"exchange":"m1.zone5.com.","preference":10}],"isAutoRegistered":false}},{"id":"\/subscriptions\/c912f493-60bf-4b11-90e0-3395f2dbdb7c\/resourceGroups\/cli_private_dns_zone5_import000001\/providers\/Microsoft.Network\/privateDnsZones\/zone5.com\/MX\/test-mx2","name":"test-mx2","type":"Microsoft.Network\/privateDnsZones\/MX","etag":"cd22a9c8-937e-4ac8-a2f6-ddc1ee0aed1f","properties":{"fqdn":"test-mx2.zone5.com.","ttl":3600,"mxRecords":[{"exchange":"m1.","preference":10}],"isAutoRegistered":false}},{"id":"\/subscriptions\/c912f493-60bf-4b11-90e0-3395f2dbdb7c\/resourceGroups\/cli_private_dns_zone5_import000001\/providers\/Microsoft.Network\/privateDnsZones\/zone5.com\/SRV\/test-srv","name":"test-srv","type":"Microsoft.Network\/privateDnsZones\/SRV","etag":"6dd0ac2d-2735-4b6e-beb0-68c580e05e3e","properties":{"fqdn":"test-srv.zone5.com.","ttl":3600,"srvRecords":[{"port":3,"priority":1,"target":"srv1.zone5.com.","weight":2}],"isAutoRegistered":false}},{"id":"\/subscriptions\/c912f493-60bf-4b11-90e0-3395f2dbdb7c\/resourceGroups\/cli_private_dns_zone5_import000001\/providers\/Microsoft.Network\/privateDnsZones\/zone5.com\/SRV\/test-srv2","name":"test-srv2","type":"Microsoft.Network\/privateDnsZones\/SRV","etag":"fdac2bd2-242b-4a49-a299-40ebdc9af442","properties":{"fqdn":"test-srv2.zone5.com.","ttl":3600,"srvRecords":[{"port":3,"priority":1,"target":"srv1.","weight":2}],"isAutoRegistered":false}},{"id":"\/subscriptions\/c912f493-60bf-4b11-90e0-3395f2dbdb7c\/resourceGroups\/cli_private_dns_zone5_import000001\/providers\/Microsoft.Network\/privateDnsZones\/zone5.com\/A\/www","name":"www","type":"Microsoft.Network\/privateDnsZones\/A","etag":"88a0df7e-7d28-4fbe-a8a3-fc53cf2c345f","properties":{"fqdn":"www.zone5.com.","ttl":3600,"aRecords":[{"ipv4Address":"2.3.4.5"}],"isAutoRegistered":false}}]}'
    headers:
      cache-control:
      - private
      content-length:
      - '7577'
      content-type:
      - application/json; charset=utf-8
      date:
      - Tue, 21 Apr 2020 05:25:34 GMT
      server:
      - Microsoft-IIS/10.0
      strict-transport-security:
      - max-age=31536000; includeSubDomains
      transfer-encoding:
      - chunked
      vary:
      - Accept-Encoding
      x-aspnet-version:
      - 4.0.30319
      x-content-type-options:
      - nosniff
      x-ms-ratelimit-remaining-subscription-resource-entities-read:
      - '59912'
      x-ms-ratelimit-remaining-subscription-resource-requests:
      - '495'
      x-powered-by:
      - ASP.NET
    status:
      code: 200
      message: OK
version: 1
