interactions:
- request:
    body: '{"location": "global"}'
    headers:
      Accept:
      - application/json
      Accept-Encoding:
      - gzip, deflate
      CommandName:
      - network private-dns zone import
      Connection:
      - keep-alive
      Content-Length:
      - '22'
      Content-Type:
      - application/json; charset=utf-8
      ParameterSetName:
      - -n -g --file-name
      User-Agent:
      - python/3.8.2 (Windows-10-10.0.18362-SP0) msrest/0.6.11 msrest_azure/0.6.3
        azure-mgmt-privatedns/0.1.0 Azure-SDK-For-Python AZURECLI/2.3.1
      accept-language:
      - en-US
    method: PUT
    uri: https://management.azure.com/subscriptions/00000000-0000-0000-0000-000000000000/resourceGroups/cli_private_dns_zone1_import000001/providers/Microsoft.Network/privateDnsZones/zone1.com?api-version=2018-09-01
  response:
    body:
      string: '{}'
    headers:
      azure-asyncoperation:
      - https://management.azure.com:443/subscriptions/00000000-0000-0000-0000-000000000000/resourceGroups/cli_private_dns_zone1_import000001/providers/Microsoft.Network/privateDnsOperationStatuses/RnJvbnRFbmRBc3luY09wZXJhdGlvbjtVcHNlcnRQcml2YXRlRG5zWm9uZTtiYWJhMTAyYy1kNDZiLTQ0MTEtOGNlYi0wNWM1Y2EyZWU4NWQ=?api-version=2018-09-01
      cache-control:
      - private
      content-length:
      - '2'
      content-type:
      - application/json; charset=utf-8
      date:
      - Thu, 16 Apr 2020 14:26:16 GMT
      location:
      - https://management.azure.com/subscriptions/00000000-0000-0000-0000-000000000000/resourceGroups/cli_private_dns_zone1_import000001/providers/Microsoft.Network/privateDnsOperationResults/RnJvbnRFbmRBc3luY09wZXJhdGlvbjtVcHNlcnRQcml2YXRlRG5zWm9uZTtiYWJhMTAyYy1kNDZiLTQ0MTEtOGNlYi0wNWM1Y2EyZWU4NWQ=?api-version=2018-09-01
      server:
      - Microsoft-IIS/10.0
      strict-transport-security:
      - max-age=31536000; includeSubDomains
      x-aspnet-version:
      - 4.0.30319
      x-content-type-options:
      - nosniff
      x-ms-ratelimit-remaining-subscription-resource-requests:
      - '11999'
      x-powered-by:
      - ASP.NET
    status:
      code: 202
      message: Accepted
- request:
    body: null
    headers:
      Accept:
      - application/json
      Accept-Encoding:
      - gzip, deflate
      CommandName:
      - network private-dns zone import
      Connection:
      - keep-alive
      ParameterSetName:
      - -n -g --file-name
      User-Agent:
      - python/3.8.2 (Windows-10-10.0.18362-SP0) msrest/0.6.11 msrest_azure/0.6.3
        azure-mgmt-privatedns/0.1.0 Azure-SDK-For-Python AZURECLI/2.3.1
      accept-language:
      - en-US
    method: GET
    uri: https://management.azure.com/subscriptions/00000000-0000-0000-0000-000000000000/resourceGroups/cli_private_dns_zone1_import000001/providers/Microsoft.Network/privateDnsZones/zone1.com/SOA/@?api-version=2018-09-01
  response:
    body:
      string: '{"id":"\/subscriptions\/c912f493-60bf-4b11-90e0-3395f2dbdb7c\/resourceGroups\/cli_private_dns_zone1_import000001\/providers\/Microsoft.Network\/privateDnsZones\/zone1.com\/SOA\/@","name":"@","type":"Microsoft.Network\/privateDnsZones\/SOA","etag":"af115114-46fc-4a2c-9c45-707678660a3d","properties":{"fqdn":"zone1.com.","ttl":3600,"soaRecord":{"email":"azureprivatedns-host.microsoft.com","expireTime":2419200,"host":"azureprivatedns.net","minimumTTL":null,"refreshTime":3600,"retryTime":300,"serialNumber":1,"minimumTtl":300},"isAutoRegistered":false}}'
    headers:
      cache-control:
      - private
      content-length:
      - '594'
      content-type:
      - application/json; charset=utf-8
      date:
      - Thu, 16 Apr 2020 14:26:46 GMT
      etag:
      - af115114-46fc-4a2c-9c45-707678660a3d
      server:
      - Microsoft-IIS/10.0
      strict-transport-security:
      - max-age=31536000; includeSubDomains
      transfer-encoding:
      - chunked
      vary:
      - Accept-Encoding
      x-aspnet-version:
      - 4.0.30319
      x-content-type-options:
      - nosniff
      x-ms-ratelimit-remaining-subscription-resource-requests:
      - '499'
      x-powered-by:
      - ASP.NET
    status:
      code: 200
      message: OK
- request:
    body: null
    headers:
      Accept:
      - application/json
      Accept-Encoding:
      - gzip, deflate
      CommandName:
      - network private-dns zone import
      Connection:
      - keep-alive
      ParameterSetName:
      - -n -g --file-name
      User-Agent:
      - python/3.8.2 (Windows-10-10.0.18362-SP0) msrest/0.6.11 msrest_azure/0.6.3
        azure-mgmt-privatedns/0.1.0 Azure-SDK-For-Python AZURECLI/2.3.1
    method: GET
    uri: https://management.azure.com/subscriptions/00000000-0000-0000-0000-000000000000/resourceGroups/cli_private_dns_zone1_import000001/providers/Microsoft.Network/privateDnsZones/zone1.com?api-version=2018-09-01
  response:
    body:
      string: '{"id":"\/subscriptions\/c912f493-60bf-4b11-90e0-3395f2dbdb7c\/resourceGroups\/cli_private_dns_zone1_import000001\/providers\/Microsoft.Network\/privateDnsZones\/zone1.com","name":"zone1.com","type":"Microsoft.Network\/privateDnsZones","etag":"dadc400a-d174-4a88-9bf4-36b3ea22d8cd","location":"global","properties":{"maxNumberOfRecordSets":25000,"maxNumberOfVirtualNetworkLinks":1000,"maxNumberOfVirtualNetworkLinksWithRegistration":100,"numberOfRecordSets":1,"numberOfVirtualNetworkLinks":0,"numberOfVirtualNetworkLinksWithRegistration":0,"provisioningState":"Succeeded"}}'
    headers:
      cache-control:
      - private
      content-length:
      - '613'
      content-type:
      - application/json; charset=utf-8
      date:
      - Thu, 16 Apr 2020 14:26:47 GMT
      etag:
      - dadc400a-d174-4a88-9bf4-36b3ea22d8cd
      server:
      - Microsoft-IIS/10.0
      strict-transport-security:
      - max-age=31536000; includeSubDomains
      transfer-encoding:
      - chunked
      vary:
      - Accept-Encoding
      x-aspnet-version:
      - 4.0.30319
      x-content-type-options:
      - nosniff
      x-ms-ratelimit-remaining-subscription-resource-requests:
      - '497'
      x-powered-by:
      - ASP.NET
    status:
      code: 200
      message: OK
- request:
    body: '{"properties": {"ttl": 3600, "soaRecord": {"host": "azureprivatedns.net",
      "email": "azuredns-hostmaster.microsoft.com.", "serialNumber": 1, "refreshTime":
      3600, "retryTime": 300, "expireTime": 2419200, "minimumTtl": 300}}}'
    headers:
      Accept:
      - application/json
      Accept-Encoding:
      - gzip, deflate
      CommandName:
      - network private-dns zone import
      Connection:
      - keep-alive
      Content-Length:
      - '222'
      Content-Type:
      - application/json; charset=utf-8
      ParameterSetName:
      - -n -g --file-name
      User-Agent:
      - python/3.8.2 (Windows-10-10.0.18362-SP0) msrest/0.6.11 msrest_azure/0.6.3
        azure-mgmt-privatedns/0.1.0 Azure-SDK-For-Python AZURECLI/2.3.1
      accept-language:
      - en-US
    method: PUT
    uri: https://management.azure.com/subscriptions/00000000-0000-0000-0000-000000000000/resourceGroups/cli_private_dns_zone1_import000001/providers/Microsoft.Network/privateDnsZones/zone1.com/SOA/@?api-version=2018-09-01
  response:
    body:
      string: '{"id":"\/subscriptions\/c912f493-60bf-4b11-90e0-3395f2dbdb7c\/resourceGroups\/cli_private_dns_zone1_import000001\/providers\/Microsoft.Network\/privateDnsZones\/zone1.com\/SOA\/@","name":"@","type":"Microsoft.Network\/privateDnsZones\/SOA","etag":"4e30d32c-0d13-4260-bd04-cc693aab81e4","properties":{"fqdn":"zone1.com.","ttl":3600,"soaRecord":{"email":"azuredns-hostmaster.microsoft.com.","expireTime":2419200,"host":"azureprivatedns.net","minimumTTL":null,"refreshTime":3600,"retryTime":300,"serialNumber":1,"minimumTtl":300},"isAutoRegistered":false}}'
    headers:
      cache-control:
      - private
      content-length:
      - '594'
      content-type:
      - application/json; charset=utf-8
      date:
      - Thu, 16 Apr 2020 14:26:48 GMT
      etag:
      - 4e30d32c-0d13-4260-bd04-cc693aab81e4
      server:
      - Microsoft-IIS/10.0
      strict-transport-security:
      - max-age=31536000; includeSubDomains
      transfer-encoding:
      - chunked
      vary:
      - Accept-Encoding
      x-aspnet-version:
      - 4.0.30319
      x-content-type-options:
      - nosniff
      x-ms-ratelimit-remaining-subscription-resource-requests:
      - '11998'
      x-powered-by:
      - ASP.NET
    status:
      code: 200
      message: OK
- request:
    body: '{"properties": {"ttl": 3600, "mxRecords": [{"preference": 1, "exchange":
      "mail.contoso.com."}]}}'
    headers:
      Accept:
      - application/json
      Accept-Encoding:
      - gzip, deflate
      CommandName:
      - network private-dns zone import
      Connection:
      - keep-alive
      Content-Length:
      - '96'
      Content-Type:
      - application/json; charset=utf-8
      ParameterSetName:
      - -n -g --file-name
      User-Agent:
      - python/3.8.2 (Windows-10-10.0.18362-SP0) msrest/0.6.11 msrest_azure/0.6.3
        azure-mgmt-privatedns/0.1.0 Azure-SDK-For-Python AZURECLI/2.3.1
      accept-language:
      - en-US
    method: PUT
    uri: https://management.azure.com/subscriptions/00000000-0000-0000-0000-000000000000/resourceGroups/cli_private_dns_zone1_import000001/providers/Microsoft.Network/privateDnsZones/zone1.com/MX/mymx?api-version=2018-09-01
  response:
    body:
      string: '{"id":"\/subscriptions\/c912f493-60bf-4b11-90e0-3395f2dbdb7c\/resourceGroups\/cli_private_dns_zone1_import000001\/providers\/Microsoft.Network\/privateDnsZones\/zone1.com\/MX\/mymx","name":"mymx","type":"Microsoft.Network\/privateDnsZones\/MX","etag":"181c5486-e435-44f6-aa92-515e5d0f07e7","properties":{"fqdn":"mymx.zone1.com.","ttl":3600,"mxRecords":[{"exchange":"mail.contoso.com.","preference":1}],"isAutoRegistered":false}}'
    headers:
      cache-control:
      - private
      content-length:
      - '469'
      content-type:
      - application/json; charset=utf-8
      date:
      - Thu, 16 Apr 2020 14:26:49 GMT
      etag:
      - 181c5486-e435-44f6-aa92-515e5d0f07e7
      server:
      - Microsoft-IIS/10.0
      strict-transport-security:
      - max-age=31536000; includeSubDomains
      x-aspnet-version:
      - 4.0.30319
      x-content-type-options:
      - nosniff
      x-ms-ratelimit-remaining-subscription-resource-requests:
      - '11999'
      x-powered-by:
      - ASP.NET
    status:
      code: 201
      message: Created
- request:
    body: '{"properties": {"ttl": 3600, "aRecords": [{"ipv4Address": "10.0.0.10"}]}}'
    headers:
      Accept:
      - application/json
      Accept-Encoding:
      - gzip, deflate
      CommandName:
      - network private-dns zone import
      Connection:
      - keep-alive
      Content-Length:
      - '73'
      Content-Type:
      - application/json; charset=utf-8
      ParameterSetName:
      - -n -g --file-name
      User-Agent:
      - python/3.8.2 (Windows-10-10.0.18362-SP0) msrest/0.6.11 msrest_azure/0.6.3
        azure-mgmt-privatedns/0.1.0 Azure-SDK-For-Python AZURECLI/2.3.1
      accept-language:
      - en-US
    method: PUT
    uri: https://management.azure.com/subscriptions/00000000-0000-0000-0000-000000000000/resourceGroups/cli_private_dns_zone1_import000001/providers/Microsoft.Network/privateDnsZones/zone1.com/A/manuala?api-version=2018-09-01
  response:
    body:
      string: '{"id":"\/subscriptions\/c912f493-60bf-4b11-90e0-3395f2dbdb7c\/resourceGroups\/cli_private_dns_zone1_import000001\/providers\/Microsoft.Network\/privateDnsZones\/zone1.com\/A\/manuala","name":"manuala","type":"Microsoft.Network\/privateDnsZones\/A","etag":"3b040e5c-5308-4e45-95f8-c821eb80e7d6","properties":{"fqdn":"manuala.zone1.com.","ttl":3600,"aRecords":[{"ipv4Address":"10.0.0.10"}],"isAutoRegistered":false}}'
    headers:
      cache-control:
      - private
      content-length:
      - '455'
      content-type:
      - application/json; charset=utf-8
      date:
      - Thu, 16 Apr 2020 14:26:50 GMT
      etag:
      - 3b040e5c-5308-4e45-95f8-c821eb80e7d6
      server:
      - Microsoft-IIS/10.0
      strict-transport-security:
      - max-age=31536000; includeSubDomains
      x-aspnet-version:
      - 4.0.30319
      x-content-type-options:
      - nosniff
      x-ms-ratelimit-remaining-subscription-resource-requests:
      - '11998'
      x-powered-by:
      - ASP.NET
    status:
      code: 201
      message: Created
- request:
    body: '{"properties": {"ttl": 0, "aRecords": [{"ipv4Address": "10.0.1.0"}, {"ipv4Address":
      "10.0.1.1"}]}}'
    headers:
      Accept:
      - application/json
      Accept-Encoding:
      - gzip, deflate
      CommandName:
      - network private-dns zone import
      Connection:
      - keep-alive
      Content-Length:
      - '98'
      Content-Type:
      - application/json; charset=utf-8
      ParameterSetName:
      - -n -g --file-name
      User-Agent:
      - python/3.8.2 (Windows-10-10.0.18362-SP0) msrest/0.6.11 msrest_azure/0.6.3
        azure-mgmt-privatedns/0.1.0 Azure-SDK-For-Python AZURECLI/2.3.1
      accept-language:
      - en-US
    method: PUT
    uri: https://management.azure.com/subscriptions/00000000-0000-0000-0000-000000000000/resourceGroups/cli_private_dns_zone1_import000001/providers/Microsoft.Network/privateDnsZones/zone1.com/A/mya?api-version=2018-09-01
  response:
    body:
      string: '{"id":"\/subscriptions\/c912f493-60bf-4b11-90e0-3395f2dbdb7c\/resourceGroups\/cli_private_dns_zone1_import000001\/providers\/Microsoft.Network\/privateDnsZones\/zone1.com\/A\/mya","name":"mya","type":"Microsoft.Network\/privateDnsZones\/A","etag":"593a0809-3c42-42bf-b2f8-881fd9a3cc17","properties":{"fqdn":"mya.zone1.com.","ttl":0,"aRecords":[{"ipv4Address":"10.0.1.0"},{"ipv4Address":"10.0.1.1"}],"isAutoRegistered":false}}'
    headers:
      cache-control:
      - private
      content-length:
      - '466'
      content-type:
      - application/json; charset=utf-8
      date:
      - Thu, 16 Apr 2020 14:26:52 GMT
      etag:
      - 593a0809-3c42-42bf-b2f8-881fd9a3cc17
      server:
      - Microsoft-IIS/10.0
      strict-transport-security:
      - max-age=31536000; includeSubDomains
      x-aspnet-version:
      - 4.0.30319
      x-content-type-options:
      - nosniff
      x-ms-ratelimit-remaining-subscription-resource-requests:
      - '11998'
      x-powered-by:
      - ASP.NET
    status:
      code: 201
      message: Created
- request:
    body: '{"properties": {"ttl": 3600, "aaaaRecords": [{"ipv6Address": "2001:4898:e0:99:6dc4:6329:1c99:4e69"}]}}'
    headers:
      Accept:
      - application/json
      Accept-Encoding:
      - gzip, deflate
      CommandName:
      - network private-dns zone import
      Connection:
      - keep-alive
      Content-Length:
      - '102'
      Content-Type:
      - application/json; charset=utf-8
      ParameterSetName:
      - -n -g --file-name
      User-Agent:
      - python/3.8.2 (Windows-10-10.0.18362-SP0) msrest/0.6.11 msrest_azure/0.6.3
        azure-mgmt-privatedns/0.1.0 Azure-SDK-For-Python AZURECLI/2.3.1
      accept-language:
      - en-US
    method: PUT
    uri: https://management.azure.com/subscriptions/00000000-0000-0000-0000-000000000000/resourceGroups/cli_private_dns_zone1_import000001/providers/Microsoft.Network/privateDnsZones/zone1.com/AAAA/myaaaa?api-version=2018-09-01
  response:
    body:
      string: '{"id":"\/subscriptions\/c912f493-60bf-4b11-90e0-3395f2dbdb7c\/resourceGroups\/cli_private_dns_zone1_import000001\/providers\/Microsoft.Network\/privateDnsZones\/zone1.com\/AAAA\/myaaaa","name":"myaaaa","type":"Microsoft.Network\/privateDnsZones\/AAAA","etag":"671553e3-d8c3-44d0-8b25-3ec256a3eed1","properties":{"fqdn":"myaaaa.zone1.com.","ttl":3600,"aaaaRecords":[{"ipv6Address":"2001:4898:e0:99:6dc4:6329:1c99:4e69"}],"isAutoRegistered":false}}'
    headers:
      cache-control:
      - private
      content-length:
      - '487'
      content-type:
      - application/json; charset=utf-8
      date:
      - Thu, 16 Apr 2020 14:26:53 GMT
      etag:
      - 671553e3-d8c3-44d0-8b25-3ec256a3eed1
      server:
      - Microsoft-IIS/10.0
      strict-transport-security:
      - max-age=31536000; includeSubDomains
      x-aspnet-version:
      - 4.0.30319
      x-content-type-options:
      - nosniff
      x-ms-ratelimit-remaining-subscription-resource-requests:
      - '11999'
      x-powered-by:
      - ASP.NET
    status:
      code: 201
      message: Created
- request:
    body: '{"properties": {"ttl": 3600, "cnameRecord": {"cname": "contoso.com."}}}'
    headers:
      Accept:
      - application/json
      Accept-Encoding:
      - gzip, deflate
      CommandName:
      - network private-dns zone import
      Connection:
      - keep-alive
      Content-Length:
      - '71'
      Content-Type:
      - application/json; charset=utf-8
      ParameterSetName:
      - -n -g --file-name
      User-Agent:
      - python/3.8.2 (Windows-10-10.0.18362-SP0) msrest/0.6.11 msrest_azure/0.6.3
        azure-mgmt-privatedns/0.1.0 Azure-SDK-For-Python AZURECLI/2.3.1
      accept-language:
      - en-US
    method: PUT
    uri: https://management.azure.com/subscriptions/00000000-0000-0000-0000-000000000000/resourceGroups/cli_private_dns_zone1_import000001/providers/Microsoft.Network/privateDnsZones/zone1.com/CNAME/mycname?api-version=2018-09-01
  response:
    body:
      string: '{"id":"\/subscriptions\/c912f493-60bf-4b11-90e0-3395f2dbdb7c\/resourceGroups\/cli_private_dns_zone1_import000001\/providers\/Microsoft.Network\/privateDnsZones\/zone1.com\/CNAME\/mycname","name":"mycname","type":"Microsoft.Network\/privateDnsZones\/CNAME","etag":"afba46ac-b2dc-4263-87f4-fe3bed314076","properties":{"fqdn":"mycname.zone1.com.","ttl":3600,"cnameRecord":{"cname":"contoso.com."},"isAutoRegistered":false}}'
    headers:
      cache-control:
      - private
      content-length:
      - '461'
      content-type:
      - application/json; charset=utf-8
      date:
      - Thu, 16 Apr 2020 14:26:54 GMT
      etag:
      - afba46ac-b2dc-4263-87f4-fe3bed314076
      server:
      - Microsoft-IIS/10.0
      strict-transport-security:
      - max-age=31536000; includeSubDomains
      x-aspnet-version:
      - 4.0.30319
      x-content-type-options:
      - nosniff
      x-ms-ratelimit-remaining-subscription-resource-requests:
      - '11999'
      x-powered-by:
      - ASP.NET
    status:
      code: 201
      message: Created
- request:
    body: '{"properties": {"ttl": 3600, "ptrRecords": [{"ptrdname": "myptrdname"}]}}'
    headers:
      Accept:
      - application/json
      Accept-Encoding:
      - gzip, deflate
      CommandName:
      - network private-dns zone import
      Connection:
      - keep-alive
      Content-Length:
      - '73'
      Content-Type:
      - application/json; charset=utf-8
      ParameterSetName:
      - -n -g --file-name
      User-Agent:
      - python/3.8.2 (Windows-10-10.0.18362-SP0) msrest/0.6.11 msrest_azure/0.6.3
        azure-mgmt-privatedns/0.1.0 Azure-SDK-For-Python AZURECLI/2.3.1
      accept-language:
      - en-US
    method: PUT
    uri: https://management.azure.com/subscriptions/00000000-0000-0000-0000-000000000000/resourceGroups/cli_private_dns_zone1_import000001/providers/Microsoft.Network/privateDnsZones/zone1.com/PTR/myname?api-version=2018-09-01
  response:
    body:
      string: '{"id":"\/subscriptions\/c912f493-60bf-4b11-90e0-3395f2dbdb7c\/resourceGroups\/cli_private_dns_zone1_import000001\/providers\/Microsoft.Network\/privateDnsZones\/zone1.com\/PTR\/myname","name":"myname","type":"Microsoft.Network\/privateDnsZones\/PTR","etag":"c3235246-1fbd-4a17-841f-27eaf141b0c3","properties":{"fqdn":"myname.zone1.com.","ttl":3600,"ptrRecords":[{"ptrdname":"myptrdname"}],"isAutoRegistered":false}}'
    headers:
      cache-control:
      - private
      content-length:
      - '456'
      content-type:
      - application/json; charset=utf-8
      date:
      - Thu, 16 Apr 2020 14:26:55 GMT
      etag:
      - c3235246-1fbd-4a17-841f-27eaf141b0c3
      server:
      - Microsoft-IIS/10.0
      strict-transport-security:
      - max-age=31536000; includeSubDomains
      x-aspnet-version:
      - 4.0.30319
      x-content-type-options:
      - nosniff
      x-ms-ratelimit-remaining-subscription-resource-requests:
      - '11999'
      x-powered-by:
      - ASP.NET
    status:
      code: 201
      message: Created
- request:
    body: '{"properties": {"ttl": 3600, "ptrRecords": [{"ptrdname": "contoso.com"}]}}'
    headers:
      Accept:
      - application/json
      Accept-Encoding:
      - gzip, deflate
      CommandName:
      - network private-dns zone import
      Connection:
      - keep-alive
      Content-Length:
      - '74'
      Content-Type:
      - application/json; charset=utf-8
      ParameterSetName:
      - -n -g --file-name
      User-Agent:
      - python/3.8.2 (Windows-10-10.0.18362-SP0) msrest/0.6.11 msrest_azure/0.6.3
        azure-mgmt-privatedns/0.1.0 Azure-SDK-For-Python AZURECLI/2.3.1
      accept-language:
      - en-US
    method: PUT
    uri: https://management.azure.com/subscriptions/00000000-0000-0000-0000-000000000000/resourceGroups/cli_private_dns_zone1_import000001/providers/Microsoft.Network/privateDnsZones/zone1.com/PTR/myptr?api-version=2018-09-01
  response:
    body:
      string: '{"id":"\/subscriptions\/c912f493-60bf-4b11-90e0-3395f2dbdb7c\/resourceGroups\/cli_private_dns_zone1_import000001\/providers\/Microsoft.Network\/privateDnsZones\/zone1.com\/PTR\/myptr","name":"myptr","type":"Microsoft.Network\/privateDnsZones\/PTR","etag":"27a3347b-956f-47f2-8afe-dfaf3c0e94d5","properties":{"fqdn":"myptr.zone1.com.","ttl":3600,"ptrRecords":[{"ptrdname":"contoso.com"}],"isAutoRegistered":false}}'
    headers:
      cache-control:
      - private
      content-length:
      - '454'
      content-type:
      - application/json; charset=utf-8
      date:
      - Thu, 16 Apr 2020 14:26:56 GMT
      etag:
      - 27a3347b-956f-47f2-8afe-dfaf3c0e94d5
      server:
      - Microsoft-IIS/10.0
      strict-transport-security:
      - max-age=31536000; includeSubDomains
      x-aspnet-version:
      - 4.0.30319
      x-content-type-options:
      - nosniff
      x-ms-ratelimit-remaining-subscription-resource-requests:
      - '11999'
      x-powered-by:
      - ASP.NET
    status:
      code: 201
      message: Created
- request:
    body: '{"properties": {"ttl": 3600, "txtRecords": [{"value": ["manualtxt"]}]}}'
    headers:
      Accept:
      - application/json
      Accept-Encoding:
      - gzip, deflate
      CommandName:
      - network private-dns zone import
      Connection:
      - keep-alive
      Content-Length:
      - '71'
      Content-Type:
      - application/json; charset=utf-8
      ParameterSetName:
      - -n -g --file-name
      User-Agent:
      - python/3.8.2 (Windows-10-10.0.18362-SP0) msrest/0.6.11 msrest_azure/0.6.3
        azure-mgmt-privatedns/0.1.0 Azure-SDK-For-Python AZURECLI/2.3.1
      accept-language:
      - en-US
    method: PUT
    uri: https://management.azure.com/subscriptions/00000000-0000-0000-0000-000000000000/resourceGroups/cli_private_dns_zone1_import000001/providers/Microsoft.Network/privateDnsZones/zone1.com/TXT/myname2?api-version=2018-09-01
  response:
    body:
      string: '{"id":"\/subscriptions\/c912f493-60bf-4b11-90e0-3395f2dbdb7c\/resourceGroups\/cli_private_dns_zone1_import000001\/providers\/Microsoft.Network\/privateDnsZones\/zone1.com\/TXT\/myname2","name":"myname2","type":"Microsoft.Network\/privateDnsZones\/TXT","etag":"3ba6e2d2-8954-4c2a-941b-29c37ab91ff7","properties":{"fqdn":"myname2.zone1.com.","ttl":3600,"txtRecords":[{"value":["manualtxt"]}],"isAutoRegistered":false}}'
    headers:
      cache-control:
      - private
      content-length:
      - '457'
      content-type:
      - application/json; charset=utf-8
      date:
      - Thu, 16 Apr 2020 14:26:57 GMT
      etag:
      - 3ba6e2d2-8954-4c2a-941b-29c37ab91ff7
      server:
      - Microsoft-IIS/10.0
      strict-transport-security:
      - max-age=31536000; includeSubDomains
      x-aspnet-version:
      - 4.0.30319
      x-content-type-options:
      - nosniff
      x-ms-ratelimit-remaining-subscription-resource-requests:
      - '11998'
      x-powered-by:
      - ASP.NET
    status:
      code: 201
      message: Created
- request:
    body: '{"properties": {"ttl": 7200, "txtRecords": [{"value": ["abc def"]}, {"value":
      ["foo bar"]}]}}'
    headers:
      Accept:
      - application/json
      Accept-Encoding:
      - gzip, deflate
      CommandName:
      - network private-dns zone import
      Connection:
      - keep-alive
      Content-Length:
      - '93'
      Content-Type:
      - application/json; charset=utf-8
      ParameterSetName:
      - -n -g --file-name
      User-Agent:
      - python/3.8.2 (Windows-10-10.0.18362-SP0) msrest/0.6.11 msrest_azure/0.6.3
        azure-mgmt-privatedns/0.1.0 Azure-SDK-For-Python AZURECLI/2.3.1
      accept-language:
      - en-US
    method: PUT
    uri: https://management.azure.com/subscriptions/00000000-0000-0000-0000-000000000000/resourceGroups/cli_private_dns_zone1_import000001/providers/Microsoft.Network/privateDnsZones/zone1.com/TXT/mytxt2?api-version=2018-09-01
  response:
    body:
      string: '{"id":"\/subscriptions\/c912f493-60bf-4b11-90e0-3395f2dbdb7c\/resourceGroups\/cli_private_dns_zone1_import000001\/providers\/Microsoft.Network\/privateDnsZones\/zone1.com\/TXT\/mytxt2","name":"mytxt2","type":"Microsoft.Network\/privateDnsZones\/TXT","etag":"a1d8c00c-2f97-4a98-aa0f-37c02d380d2c","properties":{"fqdn":"mytxt2.zone1.com.","ttl":7200,"txtRecords":[{"value":["abc
        def"]},{"value":["foo bar"]}],"isAutoRegistered":false}}'
    headers:
      cache-control:
      - private
      content-length:
      - '474'
      content-type:
      - application/json; charset=utf-8
      date:
      - Thu, 16 Apr 2020 14:26:58 GMT
      etag:
      - a1d8c00c-2f97-4a98-aa0f-37c02d380d2c
      server:
      - Microsoft-IIS/10.0
      strict-transport-security:
      - max-age=31536000; includeSubDomains
      x-aspnet-version:
      - 4.0.30319
      x-content-type-options:
      - nosniff
      x-ms-ratelimit-remaining-subscription-resource-requests:
      - '11997'
      x-powered-by:
      - ASP.NET
    status:
      code: 201
      message: Created
- request:
    body: '{"properties": {"ttl": 3600, "txtRecords": [{"value": ["hi"]}]}}'
    headers:
      Accept:
      - application/json
      Accept-Encoding:
      - gzip, deflate
      CommandName:
      - network private-dns zone import
      Connection:
      - keep-alive
      Content-Length:
      - '64'
      Content-Type:
      - application/json; charset=utf-8
      ParameterSetName:
      - -n -g --file-name
      User-Agent:
      - python/3.8.2 (Windows-10-10.0.18362-SP0) msrest/0.6.11 msrest_azure/0.6.3
        azure-mgmt-privatedns/0.1.0 Azure-SDK-For-Python AZURECLI/2.3.1
      accept-language:
      - en-US
    method: PUT
    uri: https://management.azure.com/subscriptions/00000000-0000-0000-0000-000000000000/resourceGroups/cli_private_dns_zone1_import000001/providers/Microsoft.Network/privateDnsZones/zone1.com/TXT/mytxtrs?api-version=2018-09-01
  response:
    body:
      string: '{"id":"\/subscriptions\/c912f493-60bf-4b11-90e0-3395f2dbdb7c\/resourceGroups\/cli_private_dns_zone1_import000001\/providers\/Microsoft.Network\/privateDnsZones\/zone1.com\/TXT\/mytxtrs","name":"mytxtrs","type":"Microsoft.Network\/privateDnsZones\/TXT","etag":"c68c0806-e995-4100-a28c-bc2d23e6e96c","properties":{"fqdn":"mytxtrs.zone1.com.","ttl":3600,"txtRecords":[{"value":["hi"]}],"isAutoRegistered":false}}'
    headers:
      cache-control:
      - private
      content-length:
      - '450'
      content-type:
      - application/json; charset=utf-8
      date:
      - Thu, 16 Apr 2020 14:26:59 GMT
      etag:
      - c68c0806-e995-4100-a28c-bc2d23e6e96c
      server:
      - Microsoft-IIS/10.0
      strict-transport-security:
      - max-age=31536000; includeSubDomains
      x-aspnet-version:
      - 4.0.30319
      x-content-type-options:
      - nosniff
      x-ms-ratelimit-remaining-subscription-resource-requests:
      - '11996'
      x-powered-by:
      - ASP.NET
    status:
      code: 201
      message: Created
- request:
    body: '{"properties": {"ttl": 3600, "srvRecords": [{"priority": 1, "weight": 2,
      "port": 1234, "target": "target.contoso.com."}]}}'
    headers:
      Accept:
      - application/json
      Accept-Encoding:
      - gzip, deflate
      CommandName:
      - network private-dns zone import
      Connection:
      - keep-alive
      Content-Length:
      - '122'
      Content-Type:
      - application/json; charset=utf-8
      ParameterSetName:
      - -n -g --file-name
      User-Agent:
      - python/3.8.2 (Windows-10-10.0.18362-SP0) msrest/0.6.11 msrest_azure/0.6.3
        azure-mgmt-privatedns/0.1.0 Azure-SDK-For-Python AZURECLI/2.3.1
      accept-language:
      - en-US
    method: PUT
    uri: https://management.azure.com/subscriptions/00000000-0000-0000-0000-000000000000/resourceGroups/cli_private_dns_zone1_import000001/providers/Microsoft.Network/privateDnsZones/zone1.com/SRV/mysrv?api-version=2018-09-01
  response:
    body:
      string: '{"id":"\/subscriptions\/c912f493-60bf-4b11-90e0-3395f2dbdb7c\/resourceGroups\/cli_private_dns_zone1_import000001\/providers\/Microsoft.Network\/privateDnsZones\/zone1.com\/SRV\/mysrv","name":"mysrv","type":"Microsoft.Network\/privateDnsZones\/SRV","etag":"2af84352-0309-43e6-a2a9-093077df8d90","properties":{"fqdn":"mysrv.zone1.com.","ttl":3600,"srvRecords":[{"port":1234,"priority":1,"target":"target.contoso.com.","weight":2}],"isAutoRegistered":false}}'
    headers:
      cache-control:
      - private
      content-length:
      - '496'
      content-type:
      - application/json; charset=utf-8
      date:
      - Thu, 16 Apr 2020 14:27:00 GMT
      etag:
      - 2af84352-0309-43e6-a2a9-093077df8d90
      server:
      - Microsoft-IIS/10.0
      strict-transport-security:
      - max-age=31536000; includeSubDomains
      x-aspnet-version:
      - 4.0.30319
      x-content-type-options:
      - nosniff
      x-ms-ratelimit-remaining-subscription-resource-requests:
      - '11998'
      x-powered-by:
      - ASP.NET
    status:
      code: 201
      message: Created
- request:
    body: '{"properties": {"ttl": 3600, "srvRecords": [{"priority": 100, "weight":
      1, "port": 443, "target": "target.contoso.com."}]}}'
    headers:
      Accept:
      - application/json
      Accept-Encoding:
      - gzip, deflate
      CommandName:
      - network private-dns zone import
      Connection:
      - keep-alive
      Content-Length:
      - '123'
      Content-Type:
      - application/json; charset=utf-8
      ParameterSetName:
      - -n -g --file-name
      User-Agent:
      - python/3.8.2 (Windows-10-10.0.18362-SP0) msrest/0.6.11 msrest_azure/0.6.3
        azure-mgmt-privatedns/0.1.0 Azure-SDK-For-Python AZURECLI/2.3.1
      accept-language:
      - en-US
    method: PUT
    uri: https://management.azure.com/subscriptions/00000000-0000-0000-0000-000000000000/resourceGroups/cli_private_dns_zone1_import000001/providers/Microsoft.Network/privateDnsZones/zone1.com/SRV/_sip._tls?api-version=2018-09-01
  response:
    body:
      string: '{"id":"\/subscriptions\/c912f493-60bf-4b11-90e0-3395f2dbdb7c\/resourceGroups\/cli_private_dns_zone1_import000001\/providers\/Microsoft.Network\/privateDnsZones\/zone1.com\/SRV\/_sip._tls","name":"_sip._tls","type":"Microsoft.Network\/privateDnsZones\/SRV","etag":"f5adf947-9e24-4a7e-9574-bba92ac555cc","properties":{"fqdn":"_sip._tls.zone1.com.","ttl":3600,"srvRecords":[{"port":443,"priority":100,"target":"target.contoso.com.","weight":1}],"isAutoRegistered":false}}'
    headers:
      cache-control:
      - private
      content-length:
      - '509'
      content-type:
      - application/json; charset=utf-8
      date:
      - Thu, 16 Apr 2020 14:27:01 GMT
      etag:
      - f5adf947-9e24-4a7e-9574-bba92ac555cc
      server:
      - Microsoft-IIS/10.0
      strict-transport-security:
      - max-age=31536000; includeSubDomains
      x-aspnet-version:
      - 4.0.30319
      x-content-type-options:
      - nosniff
      x-ms-ratelimit-remaining-subscription-resource-requests:
      - '11997'
      x-powered-by:
      - ASP.NET
    status:
      code: 201
      message: Created
- request:
    body: null
    headers:
      Accept:
      - application/json
      Accept-Encoding:
      - gzip, deflate
      CommandName:
      - network private-dns record-set list
      Connection:
      - keep-alive
      ParameterSetName:
      - -g -z
      User-Agent:
      - python/3.8.2 (Windows-10-10.0.18362-SP0) msrest/0.6.11 msrest_azure/0.6.3
        azure-mgmt-privatedns/0.1.0 Azure-SDK-For-Python AZURECLI/2.3.1
      accept-language:
      - en-US
    method: GET
    uri: https://management.azure.com/subscriptions/00000000-0000-0000-0000-000000000000/resourceGroups/cli_private_dns_zone1_import000001/providers/Microsoft.Network/privateDnsZones/zone1.com/ALL?api-version=2018-09-01
  response:
    body:
      string: '{"value":[{"id":"\/subscriptions\/c912f493-60bf-4b11-90e0-3395f2dbdb7c\/resourceGroups\/cli_private_dns_zone1_import000001\/providers\/Microsoft.Network\/privateDnsZones\/zone1.com\/SOA\/@","name":"@","type":"Microsoft.Network\/privateDnsZones\/SOA","etag":"4e30d32c-0d13-4260-bd04-cc693aab81e4","properties":{"fqdn":"zone1.com.","ttl":3600,"soaRecord":{"email":"azuredns-hostmaster.microsoft.com.","expireTime":2419200,"host":"azureprivatedns.net","minimumTTL":null,"refreshTime":3600,"retryTime":300,"serialNumber":1,"minimumTtl":300},"isAutoRegistered":false}},{"id":"\/subscriptions\/c912f493-60bf-4b11-90e0-3395f2dbdb7c\/resourceGroups\/cli_private_dns_zone1_import000001\/providers\/Microsoft.Network\/privateDnsZones\/zone1.com\/SRV\/_sip._tls","name":"_sip._tls","type":"Microsoft.Network\/privateDnsZones\/SRV","etag":"f5adf947-9e24-4a7e-9574-bba92ac555cc","properties":{"fqdn":"_sip._tls.zone1.com.","ttl":3600,"srvRecords":[{"port":443,"priority":100,"target":"target.contoso.com.","weight":1}],"isAutoRegistered":false}},{"id":"\/subscriptions\/c912f493-60bf-4b11-90e0-3395f2dbdb7c\/resourceGroups\/cli_private_dns_zone1_import000001\/providers\/Microsoft.Network\/privateDnsZones\/zone1.com\/A\/manuala","name":"manuala","type":"Microsoft.Network\/privateDnsZones\/A","etag":"3b040e5c-5308-4e45-95f8-c821eb80e7d6","properties":{"fqdn":"manuala.zone1.com.","ttl":3600,"aRecords":[{"ipv4Address":"10.0.0.10"}],"isAutoRegistered":false}},{"id":"\/subscriptions\/c912f493-60bf-4b11-90e0-3395f2dbdb7c\/resourceGroups\/cli_private_dns_zone1_import000001\/providers\/Microsoft.Network\/privateDnsZones\/zone1.com\/A\/mya","name":"mya","type":"Microsoft.Network\/privateDnsZones\/A","etag":"593a0809-3c42-42bf-b2f8-881fd9a3cc17","properties":{"fqdn":"mya.zone1.com.","ttl":0,"aRecords":[{"ipv4Address":"10.0.1.0"},{"ipv4Address":"10.0.1.1"}],"isAutoRegistered":false}},{"id":"\/subscriptions\/c912f493-60bf-4b11-90e0-3395f2dbdb7c\/resourceGroups\/cli_private_dns_zone1_import000001\/providers\/Microsoft.Network\/privateDnsZones\/zone1.com\/AAAA\/myaaaa","name":"myaaaa","type":"Microsoft.Network\/privateDnsZones\/AAAA","etag":"671553e3-d8c3-44d0-8b25-3ec256a3eed1","properties":{"fqdn":"myaaaa.zone1.com.","ttl":3600,"aaaaRecords":[{"ipv6Address":"2001:4898:e0:99:6dc4:6329:1c99:4e69"}],"isAutoRegistered":false}},{"id":"\/subscriptions\/c912f493-60bf-4b11-90e0-3395f2dbdb7c\/resourceGroups\/cli_private_dns_zone1_import000001\/providers\/Microsoft.Network\/privateDnsZones\/zone1.com\/CNAME\/mycname","name":"mycname","type":"Microsoft.Network\/privateDnsZones\/CNAME","etag":"afba46ac-b2dc-4263-87f4-fe3bed314076","properties":{"fqdn":"mycname.zone1.com.","ttl":3600,"cnameRecord":{"cname":"contoso.com."},"isAutoRegistered":false}},{"id":"\/subscriptions\/c912f493-60bf-4b11-90e0-3395f2dbdb7c\/resourceGroups\/cli_private_dns_zone1_import000001\/providers\/Microsoft.Network\/privateDnsZones\/zone1.com\/MX\/mymx","name":"mymx","type":"Microsoft.Network\/privateDnsZones\/MX","etag":"181c5486-e435-44f6-aa92-515e5d0f07e7","properties":{"fqdn":"mymx.zone1.com.","ttl":3600,"mxRecords":[{"exchange":"mail.contoso.com.","preference":1}],"isAutoRegistered":false}},{"id":"\/subscriptions\/c912f493-60bf-4b11-90e0-3395f2dbdb7c\/resourceGroups\/cli_private_dns_zone1_import000001\/providers\/Microsoft.Network\/privateDnsZones\/zone1.com\/PTR\/myname","name":"myname","type":"Microsoft.Network\/privateDnsZones\/PTR","etag":"c3235246-1fbd-4a17-841f-27eaf141b0c3","properties":{"fqdn":"myname.zone1.com.","ttl":3600,"ptrRecords":[{"ptrdname":"myptrdname"}],"isAutoRegistered":false}},{"id":"\/subscriptions\/c912f493-60bf-4b11-90e0-3395f2dbdb7c\/resourceGroups\/cli_private_dns_zone1_import000001\/providers\/Microsoft.Network\/privateDnsZones\/zone1.com\/TXT\/myname2","name":"myname2","type":"Microsoft.Network\/privateDnsZones\/TXT","etag":"3ba6e2d2-8954-4c2a-941b-29c37ab91ff7","properties":{"fqdn":"myname2.zone1.com.","ttl":3600,"txtRecords":[{"value":["manualtxt"]}],"isAutoRegistered":false}},{"id":"\/subscriptions\/c912f493-60bf-4b11-90e0-3395f2dbdb7c\/resourceGroups\/cli_private_dns_zone1_import000001\/providers\/Microsoft.Network\/privateDnsZones\/zone1.com\/PTR\/myptr","name":"myptr","type":"Microsoft.Network\/privateDnsZones\/PTR","etag":"27a3347b-956f-47f2-8afe-dfaf3c0e94d5","properties":{"fqdn":"myptr.zone1.com.","ttl":3600,"ptrRecords":[{"ptrdname":"contoso.com"}],"isAutoRegistered":false}},{"id":"\/subscriptions\/c912f493-60bf-4b11-90e0-3395f2dbdb7c\/resourceGroups\/cli_private_dns_zone1_import000001\/providers\/Microsoft.Network\/privateDnsZones\/zone1.com\/SRV\/mysrv","name":"mysrv","type":"Microsoft.Network\/privateDnsZones\/SRV","etag":"2af84352-0309-43e6-a2a9-093077df8d90","properties":{"fqdn":"mysrv.zone1.com.","ttl":3600,"srvRecords":[{"port":1234,"priority":1,"target":"target.contoso.com.","weight":2}],"isAutoRegistered":false}},{"id":"\/subscriptions\/c912f493-60bf-4b11-90e0-3395f2dbdb7c\/resourceGroups\/cli_private_dns_zone1_import000001\/providers\/Microsoft.Network\/privateDnsZones\/zone1.com\/TXT\/mytxt2","name":"mytxt2","type":"Microsoft.Network\/privateDnsZones\/TXT","etag":"a1d8c00c-2f97-4a98-aa0f-37c02d380d2c","properties":{"fqdn":"mytxt2.zone1.com.","ttl":7200,"txtRecords":[{"value":["abc
        def"]},{"value":["foo bar"]}],"isAutoRegistered":false}},{"id":"\/subscriptions\/c912f493-60bf-4b11-90e0-3395f2dbdb7c\/resourceGroups\/cli_private_dns_zone1_import000001\/providers\/Microsoft.Network\/privateDnsZones\/zone1.com\/TXT\/mytxtrs","name":"mytxtrs","type":"Microsoft.Network\/privateDnsZones\/TXT","etag":"c68c0806-e995-4100-a28c-bc2d23e6e96c","properties":{"fqdn":"mytxtrs.zone1.com.","ttl":3600,"txtRecords":[{"value":["hi"]}],"isAutoRegistered":false}}]}'
    headers:
      cache-control:
      - private
      content-length:
      - '6252'
      content-type:
      - application/json; charset=utf-8
      date:
      - Thu, 16 Apr 2020 14:27:02 GMT
      server:
      - Microsoft-IIS/10.0
      strict-transport-security:
      - max-age=31536000; includeSubDomains
      transfer-encoding:
      - chunked
      vary:
      - Accept-Encoding
      x-aspnet-version:
      - 4.0.30319
      x-content-type-options:
      - nosniff
      x-ms-ratelimit-remaining-subscription-resource-entities-read:
      - '59987'
      x-ms-ratelimit-remaining-subscription-resource-requests:
      - '499'
      x-powered-by:
      - ASP.NET
    status:
      code: 200
      message: OK
- request:
    body: null
    headers:
      Accept:
      - application/json
      Accept-Encoding:
      - gzip, deflate
      CommandName:
      - network private-dns zone export
      Connection:
      - keep-alive
      ParameterSetName:
      - -g -n --file-name
      User-Agent:
      - python/3.8.2 (Windows-10-10.0.18362-SP0) msrest/0.6.11 msrest_azure/0.6.3
        azure-mgmt-privatedns/0.1.0 Azure-SDK-For-Python AZURECLI/2.3.1
      accept-language:
      - en-US
    method: GET
    uri: https://management.azure.com/subscriptions/00000000-0000-0000-0000-000000000000/resourceGroups/cli_private_dns_zone1_import000001/providers/Microsoft.Network/privateDnsZones/zone1.com/SOA?api-version=2018-09-01
  response:
    body:
      string: '{"value":[{"id":"\/subscriptions\/c912f493-60bf-4b11-90e0-3395f2dbdb7c\/resourceGroups\/cli_private_dns_zone1_import000001\/providers\/Microsoft.Network\/privateDnsZones\/zone1.com\/SOA\/@","name":"@","type":"Microsoft.Network\/privateDnsZones\/SOA","etag":"4e30d32c-0d13-4260-bd04-cc693aab81e4","properties":{"fqdn":"zone1.com.","ttl":3600,"soaRecord":{"email":"azuredns-hostmaster.microsoft.com.","expireTime":2419200,"host":"azureprivatedns.net","minimumTTL":null,"refreshTime":3600,"retryTime":300,"serialNumber":1,"minimumTtl":300},"isAutoRegistered":false}}]}'
    headers:
      cache-control:
      - private
      content-length:
      - '606'
      content-type:
      - application/json; charset=utf-8
      date:
      - Thu, 16 Apr 2020 14:27:03 GMT
      server:
      - Microsoft-IIS/10.0
      strict-transport-security:
      - max-age=31536000; includeSubDomains
      transfer-encoding:
      - chunked
      vary:
      - Accept-Encoding
      x-aspnet-version:
      - 4.0.30319
      x-content-type-options:
      - nosniff
      x-ms-ratelimit-remaining-subscription-resource-entities-read:
      - '59999'
      x-ms-ratelimit-remaining-subscription-resource-requests:
      - '498'
      x-powered-by:
      - ASP.NET
    status:
      code: 200
      message: OK
- request:
    body: null
    headers:
      Accept:
      - application/json
      Accept-Encoding:
      - gzip, deflate
      CommandName:
      - network private-dns zone export
      Connection:
      - keep-alive
      ParameterSetName:
      - -g -n --file-name
      User-Agent:
      - python/3.8.2 (Windows-10-10.0.18362-SP0) msrest/0.6.11 msrest_azure/0.6.3
        azure-mgmt-privatedns/0.1.0 Azure-SDK-For-Python AZURECLI/2.3.1
      accept-language:
      - en-US
    method: GET
    uri: https://management.azure.com/subscriptions/00000000-0000-0000-0000-000000000000/resourceGroups/cli_private_dns_zone1_import000001/providers/Microsoft.Network/privateDnsZones/zone1.com/ALL?api-version=2018-09-01
  response:
    body:
      string: '{"value":[{"id":"\/subscriptions\/c912f493-60bf-4b11-90e0-3395f2dbdb7c\/resourceGroups\/cli_private_dns_zone1_import000001\/providers\/Microsoft.Network\/privateDnsZones\/zone1.com\/SOA\/@","name":"@","type":"Microsoft.Network\/privateDnsZones\/SOA","etag":"4e30d32c-0d13-4260-bd04-cc693aab81e4","properties":{"fqdn":"zone1.com.","ttl":3600,"soaRecord":{"email":"azuredns-hostmaster.microsoft.com.","expireTime":2419200,"host":"azureprivatedns.net","minimumTTL":null,"refreshTime":3600,"retryTime":300,"serialNumber":1,"minimumTtl":300},"isAutoRegistered":false}},{"id":"\/subscriptions\/c912f493-60bf-4b11-90e0-3395f2dbdb7c\/resourceGroups\/cli_private_dns_zone1_import000001\/providers\/Microsoft.Network\/privateDnsZones\/zone1.com\/SRV\/_sip._tls","name":"_sip._tls","type":"Microsoft.Network\/privateDnsZones\/SRV","etag":"f5adf947-9e24-4a7e-9574-bba92ac555cc","properties":{"fqdn":"_sip._tls.zone1.com.","ttl":3600,"srvRecords":[{"port":443,"priority":100,"target":"target.contoso.com.","weight":1}],"isAutoRegistered":false}},{"id":"\/subscriptions\/c912f493-60bf-4b11-90e0-3395f2dbdb7c\/resourceGroups\/cli_private_dns_zone1_import000001\/providers\/Microsoft.Network\/privateDnsZones\/zone1.com\/A\/manuala","name":"manuala","type":"Microsoft.Network\/privateDnsZones\/A","etag":"3b040e5c-5308-4e45-95f8-c821eb80e7d6","properties":{"fqdn":"manuala.zone1.com.","ttl":3600,"aRecords":[{"ipv4Address":"10.0.0.10"}],"isAutoRegistered":false}},{"id":"\/subscriptions\/c912f493-60bf-4b11-90e0-3395f2dbdb7c\/resourceGroups\/cli_private_dns_zone1_import000001\/providers\/Microsoft.Network\/privateDnsZones\/zone1.com\/A\/mya","name":"mya","type":"Microsoft.Network\/privateDnsZones\/A","etag":"593a0809-3c42-42bf-b2f8-881fd9a3cc17","properties":{"fqdn":"mya.zone1.com.","ttl":0,"aRecords":[{"ipv4Address":"10.0.1.0"},{"ipv4Address":"10.0.1.1"}],"isAutoRegistered":false}},{"id":"\/subscriptions\/c912f493-60bf-4b11-90e0-3395f2dbdb7c\/resourceGroups\/cli_private_dns_zone1_import000001\/providers\/Microsoft.Network\/privateDnsZones\/zone1.com\/AAAA\/myaaaa","name":"myaaaa","type":"Microsoft.Network\/privateDnsZones\/AAAA","etag":"671553e3-d8c3-44d0-8b25-3ec256a3eed1","properties":{"fqdn":"myaaaa.zone1.com.","ttl":3600,"aaaaRecords":[{"ipv6Address":"2001:4898:e0:99:6dc4:6329:1c99:4e69"}],"isAutoRegistered":false}},{"id":"\/subscriptions\/c912f493-60bf-4b11-90e0-3395f2dbdb7c\/resourceGroups\/cli_private_dns_zone1_import000001\/providers\/Microsoft.Network\/privateDnsZones\/zone1.com\/CNAME\/mycname","name":"mycname","type":"Microsoft.Network\/privateDnsZones\/CNAME","etag":"afba46ac-b2dc-4263-87f4-fe3bed314076","properties":{"fqdn":"mycname.zone1.com.","ttl":3600,"cnameRecord":{"cname":"contoso.com."},"isAutoRegistered":false}},{"id":"\/subscriptions\/c912f493-60bf-4b11-90e0-3395f2dbdb7c\/resourceGroups\/cli_private_dns_zone1_import000001\/providers\/Microsoft.Network\/privateDnsZones\/zone1.com\/MX\/mymx","name":"mymx","type":"Microsoft.Network\/privateDnsZones\/MX","etag":"181c5486-e435-44f6-aa92-515e5d0f07e7","properties":{"fqdn":"mymx.zone1.com.","ttl":3600,"mxRecords":[{"exchange":"mail.contoso.com.","preference":1}],"isAutoRegistered":false}},{"id":"\/subscriptions\/c912f493-60bf-4b11-90e0-3395f2dbdb7c\/resourceGroups\/cli_private_dns_zone1_import000001\/providers\/Microsoft.Network\/privateDnsZones\/zone1.com\/PTR\/myname","name":"myname","type":"Microsoft.Network\/privateDnsZones\/PTR","etag":"c3235246-1fbd-4a17-841f-27eaf141b0c3","properties":{"fqdn":"myname.zone1.com.","ttl":3600,"ptrRecords":[{"ptrdname":"myptrdname"}],"isAutoRegistered":false}},{"id":"\/subscriptions\/c912f493-60bf-4b11-90e0-3395f2dbdb7c\/resourceGroups\/cli_private_dns_zone1_import000001\/providers\/Microsoft.Network\/privateDnsZones\/zone1.com\/TXT\/myname2","name":"myname2","type":"Microsoft.Network\/privateDnsZones\/TXT","etag":"3ba6e2d2-8954-4c2a-941b-29c37ab91ff7","properties":{"fqdn":"myname2.zone1.com.","ttl":3600,"txtRecords":[{"value":["manualtxt"]}],"isAutoRegistered":false}},{"id":"\/subscriptions\/c912f493-60bf-4b11-90e0-3395f2dbdb7c\/resourceGroups\/cli_private_dns_zone1_import000001\/providers\/Microsoft.Network\/privateDnsZones\/zone1.com\/PTR\/myptr","name":"myptr","type":"Microsoft.Network\/privateDnsZones\/PTR","etag":"27a3347b-956f-47f2-8afe-dfaf3c0e94d5","properties":{"fqdn":"myptr.zone1.com.","ttl":3600,"ptrRecords":[{"ptrdname":"contoso.com"}],"isAutoRegistered":false}},{"id":"\/subscriptions\/c912f493-60bf-4b11-90e0-3395f2dbdb7c\/resourceGroups\/cli_private_dns_zone1_import000001\/providers\/Microsoft.Network\/privateDnsZones\/zone1.com\/SRV\/mysrv","name":"mysrv","type":"Microsoft.Network\/privateDnsZones\/SRV","etag":"2af84352-0309-43e6-a2a9-093077df8d90","properties":{"fqdn":"mysrv.zone1.com.","ttl":3600,"srvRecords":[{"port":1234,"priority":1,"target":"target.contoso.com.","weight":2}],"isAutoRegistered":false}},{"id":"\/subscriptions\/c912f493-60bf-4b11-90e0-3395f2dbdb7c\/resourceGroups\/cli_private_dns_zone1_import000001\/providers\/Microsoft.Network\/privateDnsZones\/zone1.com\/TXT\/mytxt2","name":"mytxt2","type":"Microsoft.Network\/privateDnsZones\/TXT","etag":"a1d8c00c-2f97-4a98-aa0f-37c02d380d2c","properties":{"fqdn":"mytxt2.zone1.com.","ttl":7200,"txtRecords":[{"value":["abc
        def"]},{"value":["foo bar"]}],"isAutoRegistered":false}},{"id":"\/subscriptions\/c912f493-60bf-4b11-90e0-3395f2dbdb7c\/resourceGroups\/cli_private_dns_zone1_import000001\/providers\/Microsoft.Network\/privateDnsZones\/zone1.com\/TXT\/mytxtrs","name":"mytxtrs","type":"Microsoft.Network\/privateDnsZones\/TXT","etag":"c68c0806-e995-4100-a28c-bc2d23e6e96c","properties":{"fqdn":"mytxtrs.zone1.com.","ttl":3600,"txtRecords":[{"value":["hi"]}],"isAutoRegistered":false}}]}'
    headers:
      cache-control:
      - private
      content-length:
      - '6252'
      content-type:
      - application/json; charset=utf-8
      date:
      - Thu, 16 Apr 2020 14:27:03 GMT
      server:
      - Microsoft-IIS/10.0
      strict-transport-security:
      - max-age=31536000; includeSubDomains
      transfer-encoding:
      - chunked
      vary:
      - Accept-Encoding
      x-aspnet-version:
      - 4.0.30319
      x-content-type-options:
      - nosniff
      x-ms-ratelimit-remaining-subscription-resource-entities-read:
      - '59974'
      x-ms-ratelimit-remaining-subscription-resource-requests:
      - '498'
      x-powered-by:
      - ASP.NET
    status:
      code: 200
      message: OK
- request:
    body: null
    headers:
      Accept:
      - application/json
      Accept-Encoding:
      - gzip, deflate
      CommandName:
      - network private-dns zone delete
      Connection:
      - keep-alive
      Content-Length:
      - '0'
      ParameterSetName:
      - -g -n -y
      User-Agent:
      - python/3.8.2 (Windows-10-10.0.18362-SP0) msrest/0.6.11 msrest_azure/0.6.3
        azure-mgmt-privatedns/0.1.0 Azure-SDK-For-Python AZURECLI/2.3.1
      accept-language:
      - en-US
    method: DELETE
    uri: https://management.azure.com/subscriptions/00000000-0000-0000-0000-000000000000/resourceGroups/cli_private_dns_zone1_import000001/providers/Microsoft.Network/privateDnsZones/zone1.com?api-version=2018-09-01
  response:
    body:
      string: ''
    headers:
      azure-asyncoperation:
      - https://management.azure.com:443/subscriptions/00000000-0000-0000-0000-000000000000/resourceGroups/cli_private_dns_zone1_import000001/providers/Microsoft.Network/privateDnsOperationStatuses/RnJvbnRFbmRBc3luY09wZXJhdGlvbjtEZWxldGVQcml2YXRlRG5zWm9uZTs3Zjg4OTBhNi00NjViLTQ4MzUtOTY1Yy0yZmJiMjhlMTdiODI=?api-version=2018-09-01
      cache-control:
      - private
      content-length:
      - '0'
      date:
      - Thu, 16 Apr 2020 14:27:06 GMT
      location:
      - https://management.azure.com/subscriptions/00000000-0000-0000-0000-000000000000/resourceGroups/cli_private_dns_zone1_import000001/providers/Microsoft.Network/privateDnsOperationResults/RnJvbnRFbmRBc3luY09wZXJhdGlvbjtEZWxldGVQcml2YXRlRG5zWm9uZTs3Zjg4OTBhNi00NjViLTQ4MzUtOTY1Yy0yZmJiMjhlMTdiODI=?api-version=2018-09-01
      server:
      - Microsoft-IIS/10.0
      strict-transport-security:
      - max-age=31536000; includeSubDomains
      x-aspnet-version:
      - 4.0.30319
      x-content-type-options:
      - nosniff
      x-ms-ratelimit-remaining-subscription-resource-requests:
      - '11999'
      x-powered-by:
      - ASP.NET
    status:
      code: 202
      message: Accepted
- request:
    body: null
    headers:
      Accept:
      - application/json
      Accept-Encoding:
      - gzip, deflate
      CommandName:
      - network private-dns zone delete
      Connection:
      - keep-alive
      ParameterSetName:
      - -g -n -y
      User-Agent:
      - python/3.8.2 (Windows-10-10.0.18362-SP0) msrest/0.6.11 msrest_azure/0.6.3
        azure-mgmt-privatedns/0.1.0 Azure-SDK-For-Python AZURECLI/2.3.1
    method: GET
    uri: https://management.azure.com/subscriptions/00000000-0000-0000-0000-000000000000/resourceGroups/cli_private_dns_zone1_import000001/providers/Microsoft.Network/privateDnsOperationStatuses/RnJvbnRFbmRBc3luY09wZXJhdGlvbjtEZWxldGVQcml2YXRlRG5zWm9uZTs3Zjg4OTBhNi00NjViLTQ4MzUtOTY1Yy0yZmJiMjhlMTdiODI=?api-version=2018-09-01
  response:
    body:
      string: '{"status":"Succeeded"}'
    headers:
      cache-control:
      - private
      content-length:
      - '22'
      content-type:
      - application/json; charset=utf-8
      date:
      - Thu, 16 Apr 2020 14:27:37 GMT
      server:
      - Microsoft-IIS/10.0
      strict-transport-security:
      - max-age=31536000; includeSubDomains
      transfer-encoding:
      - chunked
      vary:
      - Accept-Encoding
      x-aspnet-version:
      - 4.0.30319
      x-content-type-options:
      - nosniff
      x-ms-ratelimit-remaining-subscription-resource-requests:
      - '499'
      x-powered-by:
      - ASP.NET
    status:
      code: 200
      message: OK
- request:
    body: '{"location": "global"}'
    headers:
      Accept:
      - application/json
      Accept-Encoding:
      - gzip, deflate
      CommandName:
      - network private-dns zone import
      Connection:
      - keep-alive
      Content-Length:
      - '22'
      Content-Type:
      - application/json; charset=utf-8
      ParameterSetName:
      - -n -g --file-name
      User-Agent:
      - python/3.8.2 (Windows-10-10.0.18362-SP0) msrest/0.6.11 msrest_azure/0.6.3
        azure-mgmt-privatedns/0.1.0 Azure-SDK-For-Python AZURECLI/2.3.1
      accept-language:
      - en-US
    method: PUT
    uri: https://management.azure.com/subscriptions/00000000-0000-0000-0000-000000000000/resourceGroups/cli_private_dns_zone1_import000001/providers/Microsoft.Network/privateDnsZones/zone1.com?api-version=2018-09-01
  response:
    body:
      string: '{}'
    headers:
      azure-asyncoperation:
      - https://management.azure.com:443/subscriptions/00000000-0000-0000-0000-000000000000/resourceGroups/cli_private_dns_zone1_import000001/providers/Microsoft.Network/privateDnsOperationStatuses/RnJvbnRFbmRBc3luY09wZXJhdGlvbjtVcHNlcnRQcml2YXRlRG5zWm9uZTswOWQ2OTZjNy01N2E1LTQ0OTMtYWViNy05OTEzZDc5MTU0MjY=?api-version=2018-09-01
      cache-control:
      - private
      content-length:
      - '2'
      content-type:
      - application/json; charset=utf-8
      date:
      - Thu, 16 Apr 2020 14:28:04 GMT
      location:
      - https://management.azure.com/subscriptions/00000000-0000-0000-0000-000000000000/resourceGroups/cli_private_dns_zone1_import000001/providers/Microsoft.Network/privateDnsOperationResults/RnJvbnRFbmRBc3luY09wZXJhdGlvbjtVcHNlcnRQcml2YXRlRG5zWm9uZTswOWQ2OTZjNy01N2E1LTQ0OTMtYWViNy05OTEzZDc5MTU0MjY=?api-version=2018-09-01
      server:
      - Microsoft-IIS/10.0
      strict-transport-security:
      - max-age=31536000; includeSubDomains
      x-aspnet-version:
      - 4.0.30319
      x-content-type-options:
      - nosniff
      x-ms-ratelimit-remaining-subscription-resource-requests:
      - '11997'
      x-powered-by:
      - ASP.NET
    status:
      code: 202
      message: Accepted
- request:
    body: null
    headers:
      Accept:
      - application/json
      Accept-Encoding:
      - gzip, deflate
      CommandName:
      - network private-dns zone import
      Connection:
      - keep-alive
      ParameterSetName:
      - -n -g --file-name
      User-Agent:
      - python/3.8.2 (Windows-10-10.0.18362-SP0) msrest/0.6.11 msrest_azure/0.6.3
        azure-mgmt-privatedns/0.1.0 Azure-SDK-For-Python AZURECLI/2.3.1
      accept-language:
      - en-US
    method: GET
    uri: https://management.azure.com/subscriptions/00000000-0000-0000-0000-000000000000/resourceGroups/cli_private_dns_zone1_import000001/providers/Microsoft.Network/privateDnsZones/zone1.com/SOA/@?api-version=2018-09-01
  response:
    body:
      string: '{"id":"\/subscriptions\/c912f493-60bf-4b11-90e0-3395f2dbdb7c\/resourceGroups\/cli_private_dns_zone1_import000001\/providers\/Microsoft.Network\/privateDnsZones\/zone1.com\/SOA\/@","name":"@","type":"Microsoft.Network\/privateDnsZones\/SOA","etag":"f0b0d216-194e-43bf-a1d7-8df73416508c","properties":{"fqdn":"zone1.com.","ttl":3600,"soaRecord":{"email":"azureprivatedns-host.microsoft.com","expireTime":2419200,"host":"azureprivatedns.net","minimumTTL":null,"refreshTime":3600,"retryTime":300,"serialNumber":1,"minimumTtl":300},"isAutoRegistered":false}}'
    headers:
      cache-control:
      - private
      content-length:
      - '594'
      content-type:
      - application/json; charset=utf-8
      date:
      - Thu, 16 Apr 2020 14:28:34 GMT
      etag:
      - f0b0d216-194e-43bf-a1d7-8df73416508c
      server:
      - Microsoft-IIS/10.0
      strict-transport-security:
      - max-age=31536000; includeSubDomains
      transfer-encoding:
      - chunked
      vary:
      - Accept-Encoding
      x-aspnet-version:
      - 4.0.30319
      x-content-type-options:
      - nosniff
      x-ms-ratelimit-remaining-subscription-resource-requests:
      - '499'
      x-powered-by:
      - ASP.NET
    status:
      code: 200
      message: OK
- request:
    body: null
    headers:
      Accept:
      - application/json
      Accept-Encoding:
      - gzip, deflate
      CommandName:
      - network private-dns zone import
      Connection:
      - keep-alive
      ParameterSetName:
      - -n -g --file-name
      User-Agent:
      - python/3.8.2 (Windows-10-10.0.18362-SP0) msrest/0.6.11 msrest_azure/0.6.3
        azure-mgmt-privatedns/0.1.0 Azure-SDK-For-Python AZURECLI/2.3.1
    method: GET
    uri: https://management.azure.com/subscriptions/00000000-0000-0000-0000-000000000000/resourceGroups/cli_private_dns_zone1_import000001/providers/Microsoft.Network/privateDnsZones/zone1.com?api-version=2018-09-01
  response:
    body:
      string: '{"id":"\/subscriptions\/c912f493-60bf-4b11-90e0-3395f2dbdb7c\/resourceGroups\/cli_private_dns_zone1_import000001\/providers\/Microsoft.Network\/privateDnsZones\/zone1.com","name":"zone1.com","type":"Microsoft.Network\/privateDnsZones","etag":"dd0b2bac-afec-48e4-be1b-fe264d89dc50","location":"global","properties":{"maxNumberOfRecordSets":25000,"maxNumberOfVirtualNetworkLinks":1000,"maxNumberOfVirtualNetworkLinksWithRegistration":100,"numberOfRecordSets":1,"numberOfVirtualNetworkLinks":0,"numberOfVirtualNetworkLinksWithRegistration":0,"provisioningState":"Succeeded"}}'
    headers:
      cache-control:
      - private
      content-length:
      - '613'
      content-type:
      - application/json; charset=utf-8
      date:
      - Thu, 16 Apr 2020 14:28:35 GMT
      etag:
      - dd0b2bac-afec-48e4-be1b-fe264d89dc50
      server:
      - Microsoft-IIS/10.0
      strict-transport-security:
      - max-age=31536000; includeSubDomains
      transfer-encoding:
      - chunked
      vary:
      - Accept-Encoding
      x-aspnet-version:
      - 4.0.30319
      x-content-type-options:
      - nosniff
      x-ms-ratelimit-remaining-subscription-resource-requests:
      - '498'
      x-powered-by:
      - ASP.NET
    status:
      code: 200
      message: OK
- request:
    body: '{"properties": {"ttl": 3600, "srvRecords": [{"priority": 100, "weight":
      1, "port": 443, "target": "target.contoso.com."}]}}'
    headers:
      Accept:
      - application/json
      Accept-Encoding:
      - gzip, deflate
      CommandName:
      - network private-dns zone import
      Connection:
      - keep-alive
      Content-Length:
      - '123'
      Content-Type:
      - application/json; charset=utf-8
      ParameterSetName:
      - -n -g --file-name
      User-Agent:
      - python/3.8.2 (Windows-10-10.0.18362-SP0) msrest/0.6.11 msrest_azure/0.6.3
        azure-mgmt-privatedns/0.1.0 Azure-SDK-For-Python AZURECLI/2.3.1
      accept-language:
      - en-US
    method: PUT
    uri: https://management.azure.com/subscriptions/00000000-0000-0000-0000-000000000000/resourceGroups/cli_private_dns_zone1_import000001/providers/Microsoft.Network/privateDnsZones/zone1.com/SRV/_sip._tls?api-version=2018-09-01
  response:
    body:
      string: '{"id":"\/subscriptions\/c912f493-60bf-4b11-90e0-3395f2dbdb7c\/resourceGroups\/cli_private_dns_zone1_import000001\/providers\/Microsoft.Network\/privateDnsZones\/zone1.com\/SRV\/_sip._tls","name":"_sip._tls","type":"Microsoft.Network\/privateDnsZones\/SRV","etag":"d740bcd0-0d50-4587-9870-890d6292d704","properties":{"fqdn":"_sip._tls.zone1.com.","ttl":3600,"srvRecords":[{"port":443,"priority":100,"target":"target.contoso.com.","weight":1}],"isAutoRegistered":false}}'
    headers:
      cache-control:
      - private
      content-length:
      - '509'
      content-type:
      - application/json; charset=utf-8
      date:
      - Thu, 16 Apr 2020 14:28:36 GMT
      etag:
      - d740bcd0-0d50-4587-9870-890d6292d704
      server:
      - Microsoft-IIS/10.0
      strict-transport-security:
      - max-age=31536000; includeSubDomains
      x-aspnet-version:
      - 4.0.30319
      x-content-type-options:
      - nosniff
      x-ms-ratelimit-remaining-subscription-resource-requests:
      - '11996'
      x-powered-by:
      - ASP.NET
    status:
      code: 201
      message: Created
- request:
    body: '{"properties": {"ttl": 3600, "aRecords": [{"ipv4Address": "10.0.0.10"}]}}'
    headers:
      Accept:
      - application/json
      Accept-Encoding:
      - gzip, deflate
      CommandName:
      - network private-dns zone import
      Connection:
      - keep-alive
      Content-Length:
      - '73'
      Content-Type:
      - application/json; charset=utf-8
      ParameterSetName:
      - -n -g --file-name
      User-Agent:
      - python/3.8.2 (Windows-10-10.0.18362-SP0) msrest/0.6.11 msrest_azure/0.6.3
        azure-mgmt-privatedns/0.1.0 Azure-SDK-For-Python AZURECLI/2.3.1
      accept-language:
      - en-US
    method: PUT
    uri: https://management.azure.com/subscriptions/00000000-0000-0000-0000-000000000000/resourceGroups/cli_private_dns_zone1_import000001/providers/Microsoft.Network/privateDnsZones/zone1.com/A/manuala?api-version=2018-09-01
  response:
    body:
      string: '{"id":"\/subscriptions\/c912f493-60bf-4b11-90e0-3395f2dbdb7c\/resourceGroups\/cli_private_dns_zone1_import000001\/providers\/Microsoft.Network\/privateDnsZones\/zone1.com\/A\/manuala","name":"manuala","type":"Microsoft.Network\/privateDnsZones\/A","etag":"33cb0b1f-f1a2-448b-9c16-8c817d3e4275","properties":{"fqdn":"manuala.zone1.com.","ttl":3600,"aRecords":[{"ipv4Address":"10.0.0.10"}],"isAutoRegistered":false}}'
    headers:
      cache-control:
      - private
      content-length:
      - '455'
      content-type:
      - application/json; charset=utf-8
      date:
      - Thu, 16 Apr 2020 14:28:38 GMT
      etag:
      - 33cb0b1f-f1a2-448b-9c16-8c817d3e4275
      server:
      - Microsoft-IIS/10.0
      strict-transport-security:
      - max-age=31536000; includeSubDomains
      x-aspnet-version:
      - 4.0.30319
      x-content-type-options:
      - nosniff
      x-ms-ratelimit-remaining-subscription-resource-requests:
      - '11999'
      x-powered-by:
      - ASP.NET
    status:
      code: 201
      message: Created
- request:
    body: '{"properties": {"ttl": 0, "aRecords": [{"ipv4Address": "10.0.1.0"}, {"ipv4Address":
      "10.0.1.1"}]}}'
    headers:
      Accept:
      - application/json
      Accept-Encoding:
      - gzip, deflate
      CommandName:
      - network private-dns zone import
      Connection:
      - keep-alive
      Content-Length:
      - '98'
      Content-Type:
      - application/json; charset=utf-8
      ParameterSetName:
      - -n -g --file-name
      User-Agent:
      - python/3.8.2 (Windows-10-10.0.18362-SP0) msrest/0.6.11 msrest_azure/0.6.3
        azure-mgmt-privatedns/0.1.0 Azure-SDK-For-Python AZURECLI/2.3.1
      accept-language:
      - en-US
    method: PUT
    uri: https://management.azure.com/subscriptions/00000000-0000-0000-0000-000000000000/resourceGroups/cli_private_dns_zone1_import000001/providers/Microsoft.Network/privateDnsZones/zone1.com/A/mya?api-version=2018-09-01
  response:
    body:
      string: '{"id":"\/subscriptions\/c912f493-60bf-4b11-90e0-3395f2dbdb7c\/resourceGroups\/cli_private_dns_zone1_import000001\/providers\/Microsoft.Network\/privateDnsZones\/zone1.com\/A\/mya","name":"mya","type":"Microsoft.Network\/privateDnsZones\/A","etag":"0dfb4bfa-b63f-4901-a6e2-c2082e1cacee","properties":{"fqdn":"mya.zone1.com.","ttl":0,"aRecords":[{"ipv4Address":"10.0.1.0"},{"ipv4Address":"10.0.1.1"}],"isAutoRegistered":false}}'
    headers:
      cache-control:
      - private
      content-length:
      - '466'
      content-type:
      - application/json; charset=utf-8
      date:
      - Thu, 16 Apr 2020 14:28:39 GMT
      etag:
      - 0dfb4bfa-b63f-4901-a6e2-c2082e1cacee
      server:
      - Microsoft-IIS/10.0
      strict-transport-security:
      - max-age=31536000; includeSubDomains
      x-aspnet-version:
      - 4.0.30319
      x-content-type-options:
      - nosniff
      x-ms-ratelimit-remaining-subscription-resource-requests:
      - '11997'
      x-powered-by:
      - ASP.NET
    status:
      code: 201
      message: Created
- request:
    body: '{"properties": {"ttl": 3600, "aaaaRecords": [{"ipv6Address": "2001:4898:e0:99:6dc4:6329:1c99:4e69"}]}}'
    headers:
      Accept:
      - application/json
      Accept-Encoding:
      - gzip, deflate
      CommandName:
      - network private-dns zone import
      Connection:
      - keep-alive
      Content-Length:
      - '102'
      Content-Type:
      - application/json; charset=utf-8
      ParameterSetName:
      - -n -g --file-name
      User-Agent:
      - python/3.8.2 (Windows-10-10.0.18362-SP0) msrest/0.6.11 msrest_azure/0.6.3
        azure-mgmt-privatedns/0.1.0 Azure-SDK-For-Python AZURECLI/2.3.1
      accept-language:
      - en-US
    method: PUT
    uri: https://management.azure.com/subscriptions/00000000-0000-0000-0000-000000000000/resourceGroups/cli_private_dns_zone1_import000001/providers/Microsoft.Network/privateDnsZones/zone1.com/AAAA/myaaaa?api-version=2018-09-01
  response:
    body:
      string: '{"id":"\/subscriptions\/c912f493-60bf-4b11-90e0-3395f2dbdb7c\/resourceGroups\/cli_private_dns_zone1_import000001\/providers\/Microsoft.Network\/privateDnsZones\/zone1.com\/AAAA\/myaaaa","name":"myaaaa","type":"Microsoft.Network\/privateDnsZones\/AAAA","etag":"0e24ac37-36b0-445a-92a6-6cd7cbba4a5e","properties":{"fqdn":"myaaaa.zone1.com.","ttl":3600,"aaaaRecords":[{"ipv6Address":"2001:4898:e0:99:6dc4:6329:1c99:4e69"}],"isAutoRegistered":false}}'
    headers:
      cache-control:
      - private
      content-length:
      - '487'
      content-type:
      - application/json; charset=utf-8
      date:
      - Thu, 16 Apr 2020 14:28:41 GMT
      etag:
      - 0e24ac37-36b0-445a-92a6-6cd7cbba4a5e
      server:
      - Microsoft-IIS/10.0
      strict-transport-security:
      - max-age=31536000; includeSubDomains
      x-aspnet-version:
      - 4.0.30319
      x-content-type-options:
      - nosniff
      x-ms-ratelimit-remaining-subscription-resource-requests:
      - '11999'
      x-powered-by:
      - ASP.NET
    status:
      code: 201
      message: Created
- request:
    body: '{"properties": {"ttl": 3600, "cnameRecord": {"cname": "contoso.com."}}}'
    headers:
      Accept:
      - application/json
      Accept-Encoding:
      - gzip, deflate
      CommandName:
      - network private-dns zone import
      Connection:
      - keep-alive
      Content-Length:
      - '71'
      Content-Type:
      - application/json; charset=utf-8
      ParameterSetName:
      - -n -g --file-name
      User-Agent:
      - python/3.8.2 (Windows-10-10.0.18362-SP0) msrest/0.6.11 msrest_azure/0.6.3
        azure-mgmt-privatedns/0.1.0 Azure-SDK-For-Python AZURECLI/2.3.1
      accept-language:
      - en-US
    method: PUT
    uri: https://management.azure.com/subscriptions/00000000-0000-0000-0000-000000000000/resourceGroups/cli_private_dns_zone1_import000001/providers/Microsoft.Network/privateDnsZones/zone1.com/CNAME/mycname?api-version=2018-09-01
  response:
    body:
      string: '{"id":"\/subscriptions\/c912f493-60bf-4b11-90e0-3395f2dbdb7c\/resourceGroups\/cli_private_dns_zone1_import000001\/providers\/Microsoft.Network\/privateDnsZones\/zone1.com\/CNAME\/mycname","name":"mycname","type":"Microsoft.Network\/privateDnsZones\/CNAME","etag":"dc7b232b-cbac-45fb-a91d-83e6ae933711","properties":{"fqdn":"mycname.zone1.com.","ttl":3600,"cnameRecord":{"cname":"contoso.com."},"isAutoRegistered":false}}'
    headers:
      cache-control:
      - private
      content-length:
      - '461'
      content-type:
      - application/json; charset=utf-8
      date:
      - Thu, 16 Apr 2020 14:28:41 GMT
      etag:
      - dc7b232b-cbac-45fb-a91d-83e6ae933711
      server:
      - Microsoft-IIS/10.0
      strict-transport-security:
      - max-age=31536000; includeSubDomains
      x-aspnet-version:
      - 4.0.30319
      x-content-type-options:
      - nosniff
      x-ms-ratelimit-remaining-subscription-resource-requests:
      - '11999'
      x-powered-by:
      - ASP.NET
    status:
      code: 201
      message: Created
- request:
    body: '{"properties": {"ttl": 3600, "mxRecords": [{"preference": 1, "exchange":
      "mail.contoso.com."}]}}'
    headers:
      Accept:
      - application/json
      Accept-Encoding:
      - gzip, deflate
      CommandName:
      - network private-dns zone import
      Connection:
      - keep-alive
      Content-Length:
      - '96'
      Content-Type:
      - application/json; charset=utf-8
      ParameterSetName:
      - -n -g --file-name
      User-Agent:
      - python/3.8.2 (Windows-10-10.0.18362-SP0) msrest/0.6.11 msrest_azure/0.6.3
        azure-mgmt-privatedns/0.1.0 Azure-SDK-For-Python AZURECLI/2.3.1
      accept-language:
      - en-US
    method: PUT
    uri: https://management.azure.com/subscriptions/00000000-0000-0000-0000-000000000000/resourceGroups/cli_private_dns_zone1_import000001/providers/Microsoft.Network/privateDnsZones/zone1.com/MX/mymx?api-version=2018-09-01
  response:
    body:
      string: '{"id":"\/subscriptions\/c912f493-60bf-4b11-90e0-3395f2dbdb7c\/resourceGroups\/cli_private_dns_zone1_import000001\/providers\/Microsoft.Network\/privateDnsZones\/zone1.com\/MX\/mymx","name":"mymx","type":"Microsoft.Network\/privateDnsZones\/MX","etag":"9f841027-3208-4aa3-aa32-8ebb0a392c3b","properties":{"fqdn":"mymx.zone1.com.","ttl":3600,"mxRecords":[{"exchange":"mail.contoso.com.","preference":1}],"isAutoRegistered":false}}'
    headers:
      cache-control:
      - private
      content-length:
      - '469'
      content-type:
      - application/json; charset=utf-8
      date:
      - Thu, 16 Apr 2020 14:28:42 GMT
      etag:
      - 9f841027-3208-4aa3-aa32-8ebb0a392c3b
      server:
      - Microsoft-IIS/10.0
      strict-transport-security:
      - max-age=31536000; includeSubDomains
      x-aspnet-version:
      - 4.0.30319
      x-content-type-options:
      - nosniff
      x-ms-ratelimit-remaining-subscription-resource-requests:
      - '11998'
      x-powered-by:
      - ASP.NET
    status:
      code: 201
      message: Created
- request:
    body: '{"properties": {"ttl": 3600, "ptrRecords": [{"ptrdname": "myptrdname"}]}}'
    headers:
      Accept:
      - application/json
      Accept-Encoding:
      - gzip, deflate
      CommandName:
      - network private-dns zone import
      Connection:
      - keep-alive
      Content-Length:
      - '73'
      Content-Type:
      - application/json; charset=utf-8
      ParameterSetName:
      - -n -g --file-name
      User-Agent:
      - python/3.8.2 (Windows-10-10.0.18362-SP0) msrest/0.6.11 msrest_azure/0.6.3
        azure-mgmt-privatedns/0.1.0 Azure-SDK-For-Python AZURECLI/2.3.1
      accept-language:
      - en-US
    method: PUT
    uri: https://management.azure.com/subscriptions/00000000-0000-0000-0000-000000000000/resourceGroups/cli_private_dns_zone1_import000001/providers/Microsoft.Network/privateDnsZones/zone1.com/PTR/myname?api-version=2018-09-01
  response:
    body:
      string: '{"id":"\/subscriptions\/c912f493-60bf-4b11-90e0-3395f2dbdb7c\/resourceGroups\/cli_private_dns_zone1_import000001\/providers\/Microsoft.Network\/privateDnsZones\/zone1.com\/PTR\/myname","name":"myname","type":"Microsoft.Network\/privateDnsZones\/PTR","etag":"c542f81a-c739-4db4-9b75-d46a63428d93","properties":{"fqdn":"myname.zone1.com.","ttl":3600,"ptrRecords":[{"ptrdname":"myptrdname"}],"isAutoRegistered":false}}'
    headers:
      cache-control:
      - private
      content-length:
      - '456'
      content-type:
      - application/json; charset=utf-8
      date:
      - Thu, 16 Apr 2020 14:28:43 GMT
      etag:
      - c542f81a-c739-4db4-9b75-d46a63428d93
      server:
      - Microsoft-IIS/10.0
      strict-transport-security:
      - max-age=31536000; includeSubDomains
      x-aspnet-version:
      - 4.0.30319
      x-content-type-options:
      - nosniff
      x-ms-ratelimit-remaining-subscription-resource-requests:
      - '11998'
      x-powered-by:
      - ASP.NET
    status:
      code: 201
      message: Created
- request:
    body: '{"properties": {"ttl": 3600, "txtRecords": [{"value": ["manualtxt"]}]}}'
    headers:
      Accept:
      - application/json
      Accept-Encoding:
      - gzip, deflate
      CommandName:
      - network private-dns zone import
      Connection:
      - keep-alive
      Content-Length:
      - '71'
      Content-Type:
      - application/json; charset=utf-8
      ParameterSetName:
      - -n -g --file-name
      User-Agent:
      - python/3.8.2 (Windows-10-10.0.18362-SP0) msrest/0.6.11 msrest_azure/0.6.3
        azure-mgmt-privatedns/0.1.0 Azure-SDK-For-Python AZURECLI/2.3.1
      accept-language:
      - en-US
    method: PUT
    uri: https://management.azure.com/subscriptions/00000000-0000-0000-0000-000000000000/resourceGroups/cli_private_dns_zone1_import000001/providers/Microsoft.Network/privateDnsZones/zone1.com/TXT/myname2?api-version=2018-09-01
  response:
    body:
      string: '{"id":"\/subscriptions\/c912f493-60bf-4b11-90e0-3395f2dbdb7c\/resourceGroups\/cli_private_dns_zone1_import000001\/providers\/Microsoft.Network\/privateDnsZones\/zone1.com\/TXT\/myname2","name":"myname2","type":"Microsoft.Network\/privateDnsZones\/TXT","etag":"9cfc397c-cc02-4add-8b66-074356ec8b86","properties":{"fqdn":"myname2.zone1.com.","ttl":3600,"txtRecords":[{"value":["manualtxt"]}],"isAutoRegistered":false}}'
    headers:
      cache-control:
      - private
      content-length:
      - '457'
      content-type:
      - application/json; charset=utf-8
      date:
      - Thu, 16 Apr 2020 14:28:44 GMT
      etag:
      - 9cfc397c-cc02-4add-8b66-074356ec8b86
      server:
      - Microsoft-IIS/10.0
      strict-transport-security:
      - max-age=31536000; includeSubDomains
      x-aspnet-version:
      - 4.0.30319
      x-content-type-options:
      - nosniff
      x-ms-ratelimit-remaining-subscription-resource-requests:
      - '11997'
      x-powered-by:
      - ASP.NET
    status:
      code: 201
      message: Created
- request:
    body: '{"properties": {"ttl": 3600, "ptrRecords": [{"ptrdname": "contoso.com"}]}}'
    headers:
      Accept:
      - application/json
      Accept-Encoding:
      - gzip, deflate
      CommandName:
      - network private-dns zone import
      Connection:
      - keep-alive
      Content-Length:
      - '74'
      Content-Type:
      - application/json; charset=utf-8
      ParameterSetName:
      - -n -g --file-name
      User-Agent:
      - python/3.8.2 (Windows-10-10.0.18362-SP0) msrest/0.6.11 msrest_azure/0.6.3
        azure-mgmt-privatedns/0.1.0 Azure-SDK-For-Python AZURECLI/2.3.1
      accept-language:
      - en-US
    method: PUT
    uri: https://management.azure.com/subscriptions/00000000-0000-0000-0000-000000000000/resourceGroups/cli_private_dns_zone1_import000001/providers/Microsoft.Network/privateDnsZones/zone1.com/PTR/myptr?api-version=2018-09-01
  response:
    body:
      string: '{"id":"\/subscriptions\/c912f493-60bf-4b11-90e0-3395f2dbdb7c\/resourceGroups\/cli_private_dns_zone1_import000001\/providers\/Microsoft.Network\/privateDnsZones\/zone1.com\/PTR\/myptr","name":"myptr","type":"Microsoft.Network\/privateDnsZones\/PTR","etag":"d51ffcb5-8ddb-470b-8744-a261b9f4ea7b","properties":{"fqdn":"myptr.zone1.com.","ttl":3600,"ptrRecords":[{"ptrdname":"contoso.com"}],"isAutoRegistered":false}}'
    headers:
      cache-control:
      - private
      content-length:
      - '454'
      content-type:
      - application/json; charset=utf-8
      date:
      - Thu, 16 Apr 2020 14:28:46 GMT
      etag:
      - d51ffcb5-8ddb-470b-8744-a261b9f4ea7b
      server:
      - Microsoft-IIS/10.0
      strict-transport-security:
      - max-age=31536000; includeSubDomains
      x-aspnet-version:
      - 4.0.30319
      x-content-type-options:
      - nosniff
      x-ms-ratelimit-remaining-subscription-resource-requests:
      - '11999'
      x-powered-by:
      - ASP.NET
    status:
      code: 201
      message: Created
- request:
    body: '{"properties": {"ttl": 3600, "srvRecords": [{"priority": 1, "weight": 2,
      "port": 1234, "target": "target.contoso.com."}]}}'
    headers:
      Accept:
      - application/json
      Accept-Encoding:
      - gzip, deflate
      CommandName:
      - network private-dns zone import
      Connection:
      - keep-alive
      Content-Length:
      - '122'
      Content-Type:
      - application/json; charset=utf-8
      ParameterSetName:
      - -n -g --file-name
      User-Agent:
      - python/3.8.2 (Windows-10-10.0.18362-SP0) msrest/0.6.11 msrest_azure/0.6.3
        azure-mgmt-privatedns/0.1.0 Azure-SDK-For-Python AZURECLI/2.3.1
      accept-language:
      - en-US
    method: PUT
    uri: https://management.azure.com/subscriptions/00000000-0000-0000-0000-000000000000/resourceGroups/cli_private_dns_zone1_import000001/providers/Microsoft.Network/privateDnsZones/zone1.com/SRV/mysrv?api-version=2018-09-01
  response:
    body:
      string: '{"id":"\/subscriptions\/c912f493-60bf-4b11-90e0-3395f2dbdb7c\/resourceGroups\/cli_private_dns_zone1_import000001\/providers\/Microsoft.Network\/privateDnsZones\/zone1.com\/SRV\/mysrv","name":"mysrv","type":"Microsoft.Network\/privateDnsZones\/SRV","etag":"48863b66-6bf1-4b64-8360-0ccb2d7273dc","properties":{"fqdn":"mysrv.zone1.com.","ttl":3600,"srvRecords":[{"port":1234,"priority":1,"target":"target.contoso.com.","weight":2}],"isAutoRegistered":false}}'
    headers:
      cache-control:
      - private
      content-length:
      - '496'
      content-type:
      - application/json; charset=utf-8
      date:
      - Thu, 16 Apr 2020 14:28:47 GMT
      etag:
      - 48863b66-6bf1-4b64-8360-0ccb2d7273dc
      server:
      - Microsoft-IIS/10.0
      strict-transport-security:
      - max-age=31536000; includeSubDomains
      x-aspnet-version:
      - 4.0.30319
      x-content-type-options:
      - nosniff
      x-ms-ratelimit-remaining-subscription-resource-requests:
      - '11997'
      x-powered-by:
      - ASP.NET
    status:
      code: 201
      message: Created
- request:
    body: '{"properties": {"ttl": 7200, "txtRecords": [{"value": ["abc def"]}, {"value":
      ["foo bar"]}]}}'
    headers:
      Accept:
      - application/json
      Accept-Encoding:
      - gzip, deflate
      CommandName:
      - network private-dns zone import
      Connection:
      - keep-alive
      Content-Length:
      - '93'
      Content-Type:
      - application/json; charset=utf-8
      ParameterSetName:
      - -n -g --file-name
      User-Agent:
      - python/3.8.2 (Windows-10-10.0.18362-SP0) msrest/0.6.11 msrest_azure/0.6.3
        azure-mgmt-privatedns/0.1.0 Azure-SDK-For-Python AZURECLI/2.3.1
      accept-language:
      - en-US
    method: PUT
    uri: https://management.azure.com/subscriptions/00000000-0000-0000-0000-000000000000/resourceGroups/cli_private_dns_zone1_import000001/providers/Microsoft.Network/privateDnsZones/zone1.com/TXT/mytxt2?api-version=2018-09-01
  response:
    body:
      string: '{"id":"\/subscriptions\/c912f493-60bf-4b11-90e0-3395f2dbdb7c\/resourceGroups\/cli_private_dns_zone1_import000001\/providers\/Microsoft.Network\/privateDnsZones\/zone1.com\/TXT\/mytxt2","name":"mytxt2","type":"Microsoft.Network\/privateDnsZones\/TXT","etag":"9db215a1-3d4f-4e74-9696-dcdfba4fd51e","properties":{"fqdn":"mytxt2.zone1.com.","ttl":7200,"txtRecords":[{"value":["abc
        def"]},{"value":["foo bar"]}],"isAutoRegistered":false}}'
    headers:
      cache-control:
      - private
      content-length:
      - '474'
      content-type:
      - application/json; charset=utf-8
      date:
      - Thu, 16 Apr 2020 14:28:48 GMT
      etag:
      - 9db215a1-3d4f-4e74-9696-dcdfba4fd51e
      server:
      - Microsoft-IIS/10.0
      strict-transport-security:
      - max-age=31536000; includeSubDomains
      x-aspnet-version:
      - 4.0.30319
      x-content-type-options:
      - nosniff
      x-ms-ratelimit-remaining-subscription-resource-requests:
      - '11998'
      x-powered-by:
      - ASP.NET
    status:
      code: 201
      message: Created
- request:
    body: '{"properties": {"ttl": 3600, "txtRecords": [{"value": ["hi"]}]}}'
    headers:
      Accept:
      - application/json
      Accept-Encoding:
      - gzip, deflate
      CommandName:
      - network private-dns zone import
      Connection:
      - keep-alive
      Content-Length:
      - '64'
      Content-Type:
      - application/json; charset=utf-8
      ParameterSetName:
      - -n -g --file-name
      User-Agent:
      - python/3.8.2 (Windows-10-10.0.18362-SP0) msrest/0.6.11 msrest_azure/0.6.3
        azure-mgmt-privatedns/0.1.0 Azure-SDK-For-Python AZURECLI/2.3.1
      accept-language:
      - en-US
    method: PUT
    uri: https://management.azure.com/subscriptions/00000000-0000-0000-0000-000000000000/resourceGroups/cli_private_dns_zone1_import000001/providers/Microsoft.Network/privateDnsZones/zone1.com/TXT/mytxtrs?api-version=2018-09-01
  response:
    body:
      string: '{"id":"\/subscriptions\/c912f493-60bf-4b11-90e0-3395f2dbdb7c\/resourceGroups\/cli_private_dns_zone1_import000001\/providers\/Microsoft.Network\/privateDnsZones\/zone1.com\/TXT\/mytxtrs","name":"mytxtrs","type":"Microsoft.Network\/privateDnsZones\/TXT","etag":"b5f0e2a3-8411-458f-b022-31b3973629b9","properties":{"fqdn":"mytxtrs.zone1.com.","ttl":3600,"txtRecords":[{"value":["hi"]}],"isAutoRegistered":false}}'
    headers:
      cache-control:
      - private
      content-length:
      - '450'
      content-type:
      - application/json; charset=utf-8
      date:
      - Thu, 16 Apr 2020 14:28:50 GMT
      etag:
      - b5f0e2a3-8411-458f-b022-31b3973629b9
      server:
      - Microsoft-IIS/10.0
      strict-transport-security:
      - max-age=31536000; includeSubDomains
      x-aspnet-version:
      - 4.0.30319
      x-content-type-options:
      - nosniff
      x-ms-ratelimit-remaining-subscription-resource-requests:
      - '11997'
      x-powered-by:
      - ASP.NET
    status:
      code: 201
      message: Created
- request:
    body: null
    headers:
      Accept:
      - application/json
      Accept-Encoding:
      - gzip, deflate
      CommandName:
      - network private-dns record-set list
      Connection:
      - keep-alive
      ParameterSetName:
      - -g -z
      User-Agent:
      - python/3.8.2 (Windows-10-10.0.18362-SP0) msrest/0.6.11 msrest_azure/0.6.3
        azure-mgmt-privatedns/0.1.0 Azure-SDK-For-Python AZURECLI/2.3.1
      accept-language:
      - en-US
    method: GET
    uri: https://management.azure.com/subscriptions/00000000-0000-0000-0000-000000000000/resourceGroups/cli_private_dns_zone1_import000001/providers/Microsoft.Network/privateDnsZones/zone1.com/ALL?api-version=2018-09-01
  response:
    body:
      string: '{"value":[{"id":"\/subscriptions\/c912f493-60bf-4b11-90e0-3395f2dbdb7c\/resourceGroups\/cli_private_dns_zone1_import000001\/providers\/Microsoft.Network\/privateDnsZones\/zone1.com\/SOA\/@","name":"@","type":"Microsoft.Network\/privateDnsZones\/SOA","etag":"dbfd9223-40fa-4cf8-b14c-b74a317da21d","properties":{"fqdn":"zone1.com.","ttl":3600,"soaRecord":{"email":"azuredns-hostmaster.microsoft.com.","expireTime":2419200,"host":"azureprivatedns.net","minimumTTL":null,"refreshTime":3600,"retryTime":300,"serialNumber":1,"minimumTtl":300},"isAutoRegistered":false}},{"id":"\/subscriptions\/c912f493-60bf-4b11-90e0-3395f2dbdb7c\/resourceGroups\/cli_private_dns_zone1_import000001\/providers\/Microsoft.Network\/privateDnsZones\/zone1.com\/SRV\/_sip._tls","name":"_sip._tls","type":"Microsoft.Network\/privateDnsZones\/SRV","etag":"d740bcd0-0d50-4587-9870-890d6292d704","properties":{"fqdn":"_sip._tls.zone1.com.","ttl":3600,"srvRecords":[{"port":443,"priority":100,"target":"target.contoso.com.","weight":1}],"isAutoRegistered":false}},{"id":"\/subscriptions\/c912f493-60bf-4b11-90e0-3395f2dbdb7c\/resourceGroups\/cli_private_dns_zone1_import000001\/providers\/Microsoft.Network\/privateDnsZones\/zone1.com\/A\/manuala","name":"manuala","type":"Microsoft.Network\/privateDnsZones\/A","etag":"33cb0b1f-f1a2-448b-9c16-8c817d3e4275","properties":{"fqdn":"manuala.zone1.com.","ttl":3600,"aRecords":[{"ipv4Address":"10.0.0.10"}],"isAutoRegistered":false}},{"id":"\/subscriptions\/c912f493-60bf-4b11-90e0-3395f2dbdb7c\/resourceGroups\/cli_private_dns_zone1_import000001\/providers\/Microsoft.Network\/privateDnsZones\/zone1.com\/A\/mya","name":"mya","type":"Microsoft.Network\/privateDnsZones\/A","etag":"0dfb4bfa-b63f-4901-a6e2-c2082e1cacee","properties":{"fqdn":"mya.zone1.com.","ttl":0,"aRecords":[{"ipv4Address":"10.0.1.0"},{"ipv4Address":"10.0.1.1"}],"isAutoRegistered":false}},{"id":"\/subscriptions\/c912f493-60bf-4b11-90e0-3395f2dbdb7c\/resourceGroups\/cli_private_dns_zone1_import000001\/providers\/Microsoft.Network\/privateDnsZones\/zone1.com\/AAAA\/myaaaa","name":"myaaaa","type":"Microsoft.Network\/privateDnsZones\/AAAA","etag":"0e24ac37-36b0-445a-92a6-6cd7cbba4a5e","properties":{"fqdn":"myaaaa.zone1.com.","ttl":3600,"aaaaRecords":[{"ipv6Address":"2001:4898:e0:99:6dc4:6329:1c99:4e69"}],"isAutoRegistered":false}},{"id":"\/subscriptions\/c912f493-60bf-4b11-90e0-3395f2dbdb7c\/resourceGroups\/cli_private_dns_zone1_import000001\/providers\/Microsoft.Network\/privateDnsZones\/zone1.com\/CNAME\/mycname","name":"mycname","type":"Microsoft.Network\/privateDnsZones\/CNAME","etag":"dc7b232b-cbac-45fb-a91d-83e6ae933711","properties":{"fqdn":"mycname.zone1.com.","ttl":3600,"cnameRecord":{"cname":"contoso.com."},"isAutoRegistered":false}},{"id":"\/subscriptions\/c912f493-60bf-4b11-90e0-3395f2dbdb7c\/resourceGroups\/cli_private_dns_zone1_import000001\/providers\/Microsoft.Network\/privateDnsZones\/zone1.com\/MX\/mymx","name":"mymx","type":"Microsoft.Network\/privateDnsZones\/MX","etag":"9f841027-3208-4aa3-aa32-8ebb0a392c3b","properties":{"fqdn":"mymx.zone1.com.","ttl":3600,"mxRecords":[{"exchange":"mail.contoso.com.","preference":1}],"isAutoRegistered":false}},{"id":"\/subscriptions\/c912f493-60bf-4b11-90e0-3395f2dbdb7c\/resourceGroups\/cli_private_dns_zone1_import000001\/providers\/Microsoft.Network\/privateDnsZones\/zone1.com\/PTR\/myname","name":"myname","type":"Microsoft.Network\/privateDnsZones\/PTR","etag":"c542f81a-c739-4db4-9b75-d46a63428d93","properties":{"fqdn":"myname.zone1.com.","ttl":3600,"ptrRecords":[{"ptrdname":"myptrdname"}],"isAutoRegistered":false}},{"id":"\/subscriptions\/c912f493-60bf-4b11-90e0-3395f2dbdb7c\/resourceGroups\/cli_private_dns_zone1_import000001\/providers\/Microsoft.Network\/privateDnsZones\/zone1.com\/TXT\/myname2","name":"myname2","type":"Microsoft.Network\/privateDnsZones\/TXT","etag":"9cfc397c-cc02-4add-8b66-074356ec8b86","properties":{"fqdn":"myname2.zone1.com.","ttl":3600,"txtRecords":[{"value":["manualtxt"]}],"isAutoRegistered":false}},{"id":"\/subscriptions\/c912f493-60bf-4b11-90e0-3395f2dbdb7c\/resourceGroups\/cli_private_dns_zone1_import000001\/providers\/Microsoft.Network\/privateDnsZones\/zone1.com\/PTR\/myptr","name":"myptr","type":"Microsoft.Network\/privateDnsZones\/PTR","etag":"d51ffcb5-8ddb-470b-8744-a261b9f4ea7b","properties":{"fqdn":"myptr.zone1.com.","ttl":3600,"ptrRecords":[{"ptrdname":"contoso.com"}],"isAutoRegistered":false}},{"id":"\/subscriptions\/c912f493-60bf-4b11-90e0-3395f2dbdb7c\/resourceGroups\/cli_private_dns_zone1_import000001\/providers\/Microsoft.Network\/privateDnsZones\/zone1.com\/SRV\/mysrv","name":"mysrv","type":"Microsoft.Network\/privateDnsZones\/SRV","etag":"48863b66-6bf1-4b64-8360-0ccb2d7273dc","properties":{"fqdn":"mysrv.zone1.com.","ttl":3600,"srvRecords":[{"port":1234,"priority":1,"target":"target.contoso.com.","weight":2}],"isAutoRegistered":false}},{"id":"\/subscriptions\/c912f493-60bf-4b11-90e0-3395f2dbdb7c\/resourceGroups\/cli_private_dns_zone1_import000001\/providers\/Microsoft.Network\/privateDnsZones\/zone1.com\/TXT\/mytxt2","name":"mytxt2","type":"Microsoft.Network\/privateDnsZones\/TXT","etag":"9db215a1-3d4f-4e74-9696-dcdfba4fd51e","properties":{"fqdn":"mytxt2.zone1.com.","ttl":7200,"txtRecords":[{"value":["abc
        def"]},{"value":["foo bar"]}],"isAutoRegistered":false}},{"id":"\/subscriptions\/c912f493-60bf-4b11-90e0-3395f2dbdb7c\/resourceGroups\/cli_private_dns_zone1_import000001\/providers\/Microsoft.Network\/privateDnsZones\/zone1.com\/TXT\/mytxtrs","name":"mytxtrs","type":"Microsoft.Network\/privateDnsZones\/TXT","etag":"b5f0e2a3-8411-458f-b022-31b3973629b9","properties":{"fqdn":"mytxtrs.zone1.com.","ttl":3600,"txtRecords":[{"value":["hi"]}],"isAutoRegistered":false}}]}'
    headers:
      cache-control:
      - private
      content-length:
      - '6252'
      content-type:
      - application/json; charset=utf-8
      date:
      - Thu, 16 Apr 2020 14:28:50 GMT
      server:
      - Microsoft-IIS/10.0
      strict-transport-security:
      - max-age=31536000; includeSubDomains
      transfer-encoding:
      - chunked
      vary:
      - Accept-Encoding
      x-aspnet-version:
      - 4.0.30319
      x-content-type-options:
      - nosniff
      x-ms-ratelimit-remaining-subscription-resource-entities-read:
      - '59974'
      x-ms-ratelimit-remaining-subscription-resource-requests:
      - '498'
      x-powered-by:
      - ASP.NET
    status:
      code: 200
      message: OK
version: 1
