interactions:
- request:
    body: '{"location": "global"}'
    headers:
      Accept:
      - application/json
      Accept-Encoding:
      - gzip, deflate
      CommandName:
      - network private-dns zone import
      Connection:
      - keep-alive
      Content-Length:
      - '22'
      Content-Type:
      - application/json; charset=utf-8
      ParameterSetName:
      - -n -g --file-name
      User-Agent:
      - python/3.8.2 (Windows-10-10.0.18362-SP0) msrest/0.6.11 msrest_azure/0.6.3
        azure-mgmt-privatedns/0.1.0 Azure-SDK-For-Python AZURECLI/2.3.1
      accept-language:
      - en-US
    method: PUT
    uri: https://management.azure.com/subscriptions/00000000-0000-0000-0000-000000000000/resourceGroups/cli_private_dns_zone2_import000001/providers/Microsoft.Network/privateDnsZones/zone2.com?api-version=2018-09-01
  response:
    body:
      string: '{}'
    headers:
      azure-asyncoperation:
      - https://management.azure.com:443/subscriptions/00000000-0000-0000-0000-000000000000/resourceGroups/cli_private_dns_zone2_import000001/providers/Microsoft.Network/privateDnsOperationStatuses/RnJvbnRFbmRBc3luY09wZXJhdGlvbjtVcHNlcnRQcml2YXRlRG5zWm9uZTtlZjI0MGNhMy0xNGNiLTQzMjMtOGM3ZC1lYWE3NjM1ZWVmNTI=?api-version=2018-09-01
      cache-control:
      - private
      content-length:
      - '2'
      content-type:
      - application/json; charset=utf-8
      date:
      - Wed, 22 Apr 2020 09:01:40 GMT
      location:
      - https://management.azure.com/subscriptions/00000000-0000-0000-0000-000000000000/resourceGroups/cli_private_dns_zone2_import000001/providers/Microsoft.Network/privateDnsOperationResults/RnJvbnRFbmRBc3luY09wZXJhdGlvbjtVcHNlcnRQcml2YXRlRG5zWm9uZTtlZjI0MGNhMy0xNGNiLTQzMjMtOGM3ZC1lYWE3NjM1ZWVmNTI=?api-version=2018-09-01
      server:
      - Microsoft-IIS/10.0
      strict-transport-security:
      - max-age=31536000; includeSubDomains
      x-aspnet-version:
      - 4.0.30319
      x-content-type-options:
      - nosniff
      x-ms-ratelimit-remaining-subscription-resource-requests:
      - '11999'
      x-powered-by:
      - ASP.NET
    status:
      code: 202
      message: Accepted
- request:
    body: null
    headers:
      Accept:
      - application/json
      Accept-Encoding:
      - gzip, deflate
      CommandName:
      - network private-dns zone import
      Connection:
      - keep-alive
      ParameterSetName:
      - -n -g --file-name
      User-Agent:
      - python/3.8.2 (Windows-10-10.0.18362-SP0) msrest/0.6.11 msrest_azure/0.6.3
        azure-mgmt-privatedns/0.1.0 Azure-SDK-For-Python AZURECLI/2.3.1
    method: GET
    uri: https://management.azure.com/subscriptions/00000000-0000-0000-0000-000000000000/resourceGroups/cli_private_dns_zone2_import000001/providers/Microsoft.Network/privateDnsOperationStatuses/RnJvbnRFbmRBc3luY09wZXJhdGlvbjtVcHNlcnRQcml2YXRlRG5zWm9uZTtlZjI0MGNhMy0xNGNiLTQzMjMtOGM3ZC1lYWE3NjM1ZWVmNTI=?api-version=2018-09-01
  response:
    body:
      string: '{"status":"InProgress"}'
    headers:
      azure-asyncoperation:
      - https://management.azure.com:443/subscriptions/00000000-0000-0000-0000-000000000000/resourceGroups/cli_private_dns_zone2_import000001/providers/Microsoft.Network/privateDnsOperationStatuses/RnJvbnRFbmRBc3luY09wZXJhdGlvbjtVcHNlcnRQcml2YXRlRG5zWm9uZTtlZjI0MGNhMy0xNGNiLTQzMjMtOGM3ZC1lYWE3NjM1ZWVmNTI=?api-version=2018-09-01
      cache-control:
      - private
      content-length:
      - '23'
      content-type:
      - application/json; charset=utf-8
      date:
      - Wed, 22 Apr 2020 09:02:10 GMT
      location:
      - https://management.azure.com/subscriptions/00000000-0000-0000-0000-000000000000/resourceGroups/cli_private_dns_zone2_import000001/providers/Microsoft.Network/privateDnsOperationResults/RnJvbnRFbmRBc3luY09wZXJhdGlvbjtVcHNlcnRQcml2YXRlRG5zWm9uZTtlZjI0MGNhMy0xNGNiLTQzMjMtOGM3ZC1lYWE3NjM1ZWVmNTI=?api-version=2018-09-01
      server:
      - Microsoft-IIS/10.0
      strict-transport-security:
      - max-age=31536000; includeSubDomains
      x-aspnet-version:
      - 4.0.30319
      x-content-type-options:
      - nosniff
      x-ms-ratelimit-remaining-subscription-resource-requests:
      - '499'
      x-powered-by:
      - ASP.NET
    status:
      code: 202
      message: Accepted
- request:
    body: null
    headers:
      Accept:
      - application/json
      Accept-Encoding:
      - gzip, deflate
      CommandName:
      - network private-dns zone import
      Connection:
      - keep-alive
      ParameterSetName:
      - -n -g --file-name
      User-Agent:
      - python/3.8.2 (Windows-10-10.0.18362-SP0) msrest/0.6.11 msrest_azure/0.6.3
        azure-mgmt-privatedns/0.1.0 Azure-SDK-For-Python AZURECLI/2.3.1
    method: GET
    uri: https://management.azure.com/subscriptions/00000000-0000-0000-0000-000000000000/resourceGroups/cli_private_dns_zone2_import000001/providers/Microsoft.Network/privateDnsOperationStatuses/RnJvbnRFbmRBc3luY09wZXJhdGlvbjtVcHNlcnRQcml2YXRlRG5zWm9uZTtlZjI0MGNhMy0xNGNiLTQzMjMtOGM3ZC1lYWE3NjM1ZWVmNTI=?api-version=2018-09-01
  response:
    body:
      string: '{"status":"Succeeded"}'
    headers:
      cache-control:
      - private
      content-length:
      - '22'
      content-type:
      - application/json; charset=utf-8
      date:
      - Wed, 22 Apr 2020 09:02:41 GMT
      server:
      - Microsoft-IIS/10.0
      strict-transport-security:
      - max-age=31536000; includeSubDomains
      transfer-encoding:
      - chunked
      vary:
      - Accept-Encoding
      x-aspnet-version:
      - 4.0.30319
      x-content-type-options:
      - nosniff
      x-ms-ratelimit-remaining-subscription-resource-requests:
      - '499'
      x-powered-by:
      - ASP.NET
    status:
      code: 200
      message: OK
- request:
    body: null
    headers:
      Accept:
      - application/json
      Accept-Encoding:
      - gzip, deflate
      CommandName:
      - network private-dns zone import
      Connection:
      - keep-alive
      ParameterSetName:
      - -n -g --file-name
      User-Agent:
      - python/3.8.2 (Windows-10-10.0.18362-SP0) msrest/0.6.11 msrest_azure/0.6.3
        azure-mgmt-privatedns/0.1.0 Azure-SDK-For-Python AZURECLI/2.3.1
    method: GET
    uri: https://management.azure.com/subscriptions/00000000-0000-0000-0000-000000000000/resourceGroups/cli_private_dns_zone2_import000001/providers/Microsoft.Network/privateDnsZones/zone2.com?api-version=2018-09-01
  response:
    body:
      string: '{"id":"\/subscriptions\/52bae96a-3806-426c-a5dc-1ae6016b5f15\/resourceGroups\/cli_private_dns_zone2_import000001\/providers\/Microsoft.Network\/privateDnsZones\/zone2.com","name":"zone2.com","type":"Microsoft.Network\/privateDnsZones","etag":"42beae59-a297-4250-aa97-e98310f3fb3f","location":"global","properties":{"maxNumberOfRecordSets":25000,"maxNumberOfVirtualNetworkLinks":1000,"maxNumberOfVirtualNetworkLinksWithRegistration":100,"numberOfRecordSets":1,"numberOfVirtualNetworkLinks":0,"numberOfVirtualNetworkLinksWithRegistration":0,"provisioningState":"Succeeded"}}'
    headers:
      cache-control:
      - private
      content-length:
      - '613'
      content-type:
      - application/json; charset=utf-8
      date:
      - Wed, 22 Apr 2020 09:02:42 GMT
      etag:
      - 42beae59-a297-4250-aa97-e98310f3fb3f
      server:
      - Microsoft-IIS/10.0
      strict-transport-security:
      - max-age=31536000; includeSubDomains
      transfer-encoding:
      - chunked
      vary:
      - Accept-Encoding
      x-aspnet-version:
      - 4.0.30319
      x-content-type-options:
      - nosniff
      x-ms-ratelimit-remaining-subscription-resource-requests:
      - '495'
      x-powered-by:
      - ASP.NET
    status:
      code: 200
      message: OK
- request:
    body: null
    headers:
      Accept:
      - application/json
      Accept-Encoding:
      - gzip, deflate
      CommandName:
      - network private-dns zone import
      Connection:
      - keep-alive
      ParameterSetName:
      - -n -g --file-name
      User-Agent:
      - python/3.8.2 (Windows-10-10.0.18362-SP0) msrest/0.6.11 msrest_azure/0.6.3
        azure-mgmt-privatedns/0.1.0 Azure-SDK-For-Python AZURECLI/2.3.1
      accept-language:
      - en-US
    method: GET
    uri: https://management.azure.com/subscriptions/00000000-0000-0000-0000-000000000000/resourceGroups/cli_private_dns_zone2_import000001/providers/Microsoft.Network/privateDnsZones/zone2.com/SOA/@?api-version=2018-09-01
  response:
    body:
      string: '{"id":"\/subscriptions\/52bae96a-3806-426c-a5dc-1ae6016b5f15\/resourceGroups\/cli_private_dns_zone2_import000001\/providers\/Microsoft.Network\/privateDnsZones\/zone2.com\/SOA\/@","name":"@","type":"Microsoft.Network\/privateDnsZones\/SOA","etag":"544f9071-d492-4dbb-8d79-05617395857b","properties":{"fqdn":"zone2.com.","ttl":3600,"soaRecord":{"email":"azureprivatedns-host.microsoft.com","expireTime":2419200,"host":"azureprivatedns.net","minimumTTL":null,"refreshTime":3600,"retryTime":300,"serialNumber":1,"minimumTtl":300},"isAutoRegistered":false}}'
    headers:
      cache-control:
      - private
      content-length:
      - '594'
      content-type:
      - application/json; charset=utf-8
      date:
      - Wed, 22 Apr 2020 09:02:42 GMT
      etag:
      - 544f9071-d492-4dbb-8d79-05617395857b
      server:
      - Microsoft-IIS/10.0
      strict-transport-security:
      - max-age=31536000; includeSubDomains
      transfer-encoding:
      - chunked
      vary:
      - Accept-Encoding
      x-aspnet-version:
      - 4.0.30319
      x-content-type-options:
      - nosniff
      x-ms-ratelimit-remaining-subscription-resource-requests:
      - '499'
      x-powered-by:
      - ASP.NET
    status:
      code: 200
      message: OK
- request:
    body: '{"properties": {"ttl": 3600, "soaRecord": {"host": "azureprivatedns.net",
      "email": "hostmaster.", "serialNumber": 10, "refreshTime": 900, "retryTime":
      600, "expireTime": 86400, "minimumTtl": 3600}}}'
    headers:
      Accept:
      - application/json
      Accept-Encoding:
      - gzip, deflate
      CommandName:
      - network private-dns zone import
      Connection:
      - keep-alive
      Content-Length:
      - '198'
      Content-Type:
      - application/json; charset=utf-8
      ParameterSetName:
      - -n -g --file-name
      User-Agent:
      - python/3.8.2 (Windows-10-10.0.18362-SP0) msrest/0.6.11 msrest_azure/0.6.3
        azure-mgmt-privatedns/0.1.0 Azure-SDK-For-Python AZURECLI/2.3.1
      accept-language:
      - en-US
    method: PUT
    uri: https://management.azure.com/subscriptions/00000000-0000-0000-0000-000000000000/resourceGroups/cli_private_dns_zone2_import000001/providers/Microsoft.Network/privateDnsZones/zone2.com/SOA/@?api-version=2018-09-01
  response:
    body:
      string: '{"id":"\/subscriptions\/52bae96a-3806-426c-a5dc-1ae6016b5f15\/resourceGroups\/cli_private_dns_zone2_import000001\/providers\/Microsoft.Network\/privateDnsZones\/zone2.com\/SOA\/@","name":"@","type":"Microsoft.Network\/privateDnsZones\/SOA","etag":"5e89f385-9cb1-4f51-bff1-37dd4dc7f330","properties":{"fqdn":"zone2.com.","ttl":3600,"soaRecord":{"email":"hostmaster.","expireTime":86400,"host":"azureprivatedns.net","minimumTTL":null,"refreshTime":900,"retryTime":600,"serialNumber":1,"minimumTtl":3600},"isAutoRegistered":false}}'
    headers:
      cache-control:
      - private
      content-length:
      - '569'
      content-type:
      - application/json; charset=utf-8
      date:
      - Wed, 22 Apr 2020 09:02:43 GMT
      etag:
      - 5e89f385-9cb1-4f51-bff1-37dd4dc7f330
      server:
      - Microsoft-IIS/10.0
      strict-transport-security:
      - max-age=31536000; includeSubDomains
      transfer-encoding:
      - chunked
      vary:
      - Accept-Encoding
      x-aspnet-version:
      - 4.0.30319
      x-content-type-options:
      - nosniff
      x-ms-ratelimit-remaining-subscription-resource-requests:
      - '11999'
      x-powered-by:
      - ASP.NET
    status:
      code: 200
      message: OK
- request:
    body: '{"properties": {"ttl": 200, "txtRecords": [{"value": ["this is another
      SPF, this time as TXT"]}, {"value": ["v=spf1 mx ip4:14.14.22.0/23 a:mail.trum.ch
      mx:mese.ch include:spf.mapp.com ?all"]}]}}'
    headers:
      Accept:
      - application/json
      Accept-Encoding:
      - gzip, deflate
      CommandName:
      - network private-dns zone import
      Connection:
      - keep-alive
      Content-Length:
      - '194'
      Content-Type:
      - application/json; charset=utf-8
      ParameterSetName:
      - -n -g --file-name
      User-Agent:
      - python/3.8.2 (Windows-10-10.0.18362-SP0) msrest/0.6.11 msrest_azure/0.6.3
        azure-mgmt-privatedns/0.1.0 Azure-SDK-For-Python AZURECLI/2.3.1
      accept-language:
      - en-US
    method: PUT
    uri: https://management.azure.com/subscriptions/00000000-0000-0000-0000-000000000000/resourceGroups/cli_private_dns_zone2_import000001/providers/Microsoft.Network/privateDnsZones/zone2.com/TXT/@?api-version=2018-09-01
  response:
    body:
      string: '{"id":"\/subscriptions\/52bae96a-3806-426c-a5dc-1ae6016b5f15\/resourceGroups\/cli_private_dns_zone2_import000001\/providers\/Microsoft.Network\/privateDnsZones\/zone2.com\/TXT\/@","name":"@","type":"Microsoft.Network\/privateDnsZones\/TXT","etag":"84c01b4f-eff1-49e0-9ed8-c39a7b9fbba7","properties":{"fqdn":"zone2.com.","ttl":200,"txtRecords":[{"value":["this
        is another SPF, this time as TXT"]},{"value":["v=spf1 mx ip4:14.14.22.0\/23
        a:mail.trum.ch mx:mese.ch include:spf.mapp.com ?all"]}],"isAutoRegistered":false}}'
    headers:
      cache-control:
      - private
      content-length:
      - '559'
      content-type:
      - application/json; charset=utf-8
      date:
      - Wed, 22 Apr 2020 09:02:45 GMT
      etag:
      - 84c01b4f-eff1-49e0-9ed8-c39a7b9fbba7
      server:
      - Microsoft-IIS/10.0
      strict-transport-security:
      - max-age=31536000; includeSubDomains
      x-aspnet-version:
      - 4.0.30319
      x-content-type-options:
      - nosniff
      x-ms-ratelimit-remaining-subscription-resource-requests:
      - '11995'
      x-powered-by:
      - ASP.NET
    status:
      code: 201
      message: Created
- request:
    body: '{"properties": {"ttl": 3600, "txtRecords": [{"value": ["  a  "]}]}}'
    headers:
      Accept:
      - application/json
      Accept-Encoding:
      - gzip, deflate
      CommandName:
      - network private-dns zone import
      Connection:
      - keep-alive
      Content-Length:
      - '67'
      Content-Type:
      - application/json; charset=utf-8
      ParameterSetName:
      - -n -g --file-name
      User-Agent:
      - python/3.8.2 (Windows-10-10.0.18362-SP0) msrest/0.6.11 msrest_azure/0.6.3
        azure-mgmt-privatedns/0.1.0 Azure-SDK-For-Python AZURECLI/2.3.1
      accept-language:
      - en-US
    method: PUT
    uri: https://management.azure.com/subscriptions/00000000-0000-0000-0000-000000000000/resourceGroups/cli_private_dns_zone2_import000001/providers/Microsoft.Network/privateDnsZones/zone2.com/TXT/spaces?api-version=2018-09-01
  response:
    body:
      string: '{"id":"\/subscriptions\/52bae96a-3806-426c-a5dc-1ae6016b5f15\/resourceGroups\/cli_private_dns_zone2_import000001\/providers\/Microsoft.Network\/privateDnsZones\/zone2.com\/TXT\/spaces","name":"spaces","type":"Microsoft.Network\/privateDnsZones\/TXT","etag":"9c0fb31f-bf4e-41b0-9a1b-0370279137ac","properties":{"fqdn":"spaces.zone2.com.","ttl":3600,"txtRecords":[{"value":["  a  "]}],"isAutoRegistered":false}}'
    headers:
      cache-control:
      - private
      content-length:
      - '450'
      content-type:
      - application/json; charset=utf-8
      date:
      - Wed, 22 Apr 2020 09:02:46 GMT
      etag:
      - 9c0fb31f-bf4e-41b0-9a1b-0370279137ac
      server:
      - Microsoft-IIS/10.0
      strict-transport-security:
      - max-age=31536000; includeSubDomains
      x-aspnet-version:
      - 4.0.30319
      x-content-type-options:
      - nosniff
      x-ms-ratelimit-remaining-subscription-resource-requests:
      - '11992'
      x-powered-by:
      - ASP.NET
    status:
      code: 201
      message: Created
- request:
    body: '{"properties": {"ttl": 3600, "aRecords": [{"ipv4Address": "1.2.3.4"}, {"ipv4Address":
      "2.3.4.5"}]}}'
    headers:
      Accept:
      - application/json
      Accept-Encoding:
      - gzip, deflate
      CommandName:
      - network private-dns zone import
      Connection:
      - keep-alive
      Content-Length:
      - '99'
      Content-Type:
      - application/json; charset=utf-8
      ParameterSetName:
      - -n -g --file-name
      User-Agent:
      - python/3.8.2 (Windows-10-10.0.18362-SP0) msrest/0.6.11 msrest_azure/0.6.3
        azure-mgmt-privatedns/0.1.0 Azure-SDK-For-Python AZURECLI/2.3.1
      accept-language:
      - en-US
    method: PUT
    uri: https://management.azure.com/subscriptions/00000000-0000-0000-0000-000000000000/resourceGroups/cli_private_dns_zone2_import000001/providers/Microsoft.Network/privateDnsZones/zone2.com/A/a2?api-version=2018-09-01
  response:
    body:
      string: '{"id":"\/subscriptions\/52bae96a-3806-426c-a5dc-1ae6016b5f15\/resourceGroups\/cli_private_dns_zone2_import000001\/providers\/Microsoft.Network\/privateDnsZones\/zone2.com\/A\/a2","name":"a2","type":"Microsoft.Network\/privateDnsZones\/A","etag":"1542e877-d4e5-4033-846e-458a5d2d3f2c","properties":{"fqdn":"a2.zone2.com.","ttl":3600,"aRecords":[{"ipv4Address":"1.2.3.4"},{"ipv4Address":"2.3.4.5"}],"isAutoRegistered":false}}'
    headers:
      cache-control:
      - private
      content-length:
      - '464'
      content-type:
      - application/json; charset=utf-8
      date:
      - Wed, 22 Apr 2020 09:02:47 GMT
      etag:
      - 1542e877-d4e5-4033-846e-458a5d2d3f2c
      server:
      - Microsoft-IIS/10.0
      strict-transport-security:
      - max-age=31536000; includeSubDomains
      x-aspnet-version:
      - 4.0.30319
      x-content-type-options:
      - nosniff
      x-ms-ratelimit-remaining-subscription-resource-requests:
      - '11996'
      x-powered-by:
      - ASP.NET
    status:
      code: 201
      message: Created
- request:
    body: '{"properties": {"ttl": 3600, "aaaaRecords": [{"ipv6Address": "2001:cafe:130::100"},
      {"ipv6Address": "2001:cafe:130::101"}]}}'
    headers:
      Accept:
      - application/json
      Accept-Encoding:
      - gzip, deflate
      CommandName:
      - network private-dns zone import
      Connection:
      - keep-alive
      Content-Length:
      - '124'
      Content-Type:
      - application/json; charset=utf-8
      ParameterSetName:
      - -n -g --file-name
      User-Agent:
      - python/3.8.2 (Windows-10-10.0.18362-SP0) msrest/0.6.11 msrest_azure/0.6.3
        azure-mgmt-privatedns/0.1.0 Azure-SDK-For-Python AZURECLI/2.3.1
      accept-language:
      - en-US
    method: PUT
    uri: https://management.azure.com/subscriptions/00000000-0000-0000-0000-000000000000/resourceGroups/cli_private_dns_zone2_import000001/providers/Microsoft.Network/privateDnsZones/zone2.com/AAAA/aaaa2?api-version=2018-09-01
  response:
    body:
      string: '{"id":"\/subscriptions\/52bae96a-3806-426c-a5dc-1ae6016b5f15\/resourceGroups\/cli_private_dns_zone2_import000001\/providers\/Microsoft.Network\/privateDnsZones\/zone2.com\/AAAA\/aaaa2","name":"aaaa2","type":"Microsoft.Network\/privateDnsZones\/AAAA","etag":"7eb8c34e-4fa2-4786-bdf0-e40f312c04ec","properties":{"fqdn":"aaaa2.zone2.com.","ttl":3600,"aaaaRecords":[{"ipv6Address":"2001:cafe:130::100"},{"ipv6Address":"2001:cafe:130::101"}],"isAutoRegistered":false}}'
    headers:
      cache-control:
      - private
      content-length:
      - '504'
      content-type:
      - application/json; charset=utf-8
      date:
      - Wed, 22 Apr 2020 09:02:48 GMT
      etag:
      - 7eb8c34e-4fa2-4786-bdf0-e40f312c04ec
      server:
      - Microsoft-IIS/10.0
      strict-transport-security:
      - max-age=31536000; includeSubDomains
      x-aspnet-version:
      - 4.0.30319
      x-content-type-options:
      - nosniff
      x-ms-ratelimit-remaining-subscription-resource-requests:
      - '11999'
      x-powered-by:
      - ASP.NET
    status:
      code: 201
      message: Created
- request:
    body: '{"properties": {"ttl": 3600, "txtRecords": [{"value": ["abcdefghijklmnopqrstuvwxyz1234567890abcdefghijklmnopqrstuvwxyz1234567890abcdefghijklmnopqrstuvwxyz1234567890"]}]}}'
    headers:
      Accept:
      - application/json
      Accept-Encoding:
      - gzip, deflate
      CommandName:
      - network private-dns zone import
      Connection:
      - keep-alive
      Content-Length:
      - '170'
      Content-Type:
      - application/json; charset=utf-8
      ParameterSetName:
      - -n -g --file-name
      User-Agent:
      - python/3.8.2 (Windows-10-10.0.18362-SP0) msrest/0.6.11 msrest_azure/0.6.3
        azure-mgmt-privatedns/0.1.0 Azure-SDK-For-Python AZURECLI/2.3.1
      accept-language:
      - en-US
    method: PUT
    uri: https://management.azure.com/subscriptions/00000000-0000-0000-0000-000000000000/resourceGroups/cli_private_dns_zone2_import000001/providers/Microsoft.Network/privateDnsZones/zone2.com/TXT/doozie?api-version=2018-09-01
  response:
    body:
      string: '{"id":"\/subscriptions\/52bae96a-3806-426c-a5dc-1ae6016b5f15\/resourceGroups\/cli_private_dns_zone2_import000001\/providers\/Microsoft.Network\/privateDnsZones\/zone2.com\/TXT\/doozie","name":"doozie","type":"Microsoft.Network\/privateDnsZones\/TXT","etag":"c451e862-8d1b-4427-9c82-9344d185236d","properties":{"fqdn":"doozie.zone2.com.","ttl":3600,"txtRecords":[{"value":["abcdefghijklmnopqrstuvwxyz1234567890abcdefghijklmnopqrstuvwxyz1234567890abcdefghijklmnopqrstuvwxyz1234567890"]}],"isAutoRegistered":false}}'
    headers:
      cache-control:
      - private
      content-length:
      - '553'
      content-type:
      - application/json; charset=utf-8
      date:
      - Wed, 22 Apr 2020 09:02:50 GMT
      etag:
      - c451e862-8d1b-4427-9c82-9344d185236d
      server:
      - Microsoft-IIS/10.0
      strict-transport-security:
      - max-age=31536000; includeSubDomains
      x-aspnet-version:
      - 4.0.30319
      x-content-type-options:
      - nosniff
      x-ms-ratelimit-remaining-subscription-resource-requests:
      - '11994'
      x-powered-by:
      - ASP.NET
    status:
      code: 201
      message: Created
- request:
    body: '{"properties": {"ttl": 3600, "cnameRecord": {"cname": "bar.com."}}}'
    headers:
      Accept:
      - application/json
      Accept-Encoding:
      - gzip, deflate
      CommandName:
      - network private-dns zone import
      Connection:
      - keep-alive
      Content-Length:
      - '67'
      Content-Type:
      - application/json; charset=utf-8
      ParameterSetName:
      - -n -g --file-name
      User-Agent:
      - python/3.8.2 (Windows-10-10.0.18362-SP0) msrest/0.6.11 msrest_azure/0.6.3
        azure-mgmt-privatedns/0.1.0 Azure-SDK-For-Python AZURECLI/2.3.1
      accept-language:
      - en-US
    method: PUT
    uri: https://management.azure.com/subscriptions/00000000-0000-0000-0000-000000000000/resourceGroups/cli_private_dns_zone2_import000001/providers/Microsoft.Network/privateDnsZones/zone2.com/CNAME/fee2?api-version=2018-09-01
  response:
    body:
      string: '{"id":"\/subscriptions\/52bae96a-3806-426c-a5dc-1ae6016b5f15\/resourceGroups\/cli_private_dns_zone2_import000001\/providers\/Microsoft.Network\/privateDnsZones\/zone2.com\/CNAME\/fee2","name":"fee2","type":"Microsoft.Network\/privateDnsZones\/CNAME","etag":"ae703705-0cd2-43eb-ab84-3d0d1a2c80d8","properties":{"fqdn":"fee2.zone2.com.","ttl":3600,"cnameRecord":{"cname":"bar.com."},"isAutoRegistered":false}}'
    headers:
      cache-control:
      - private
      content-length:
      - '448'
      content-type:
      - application/json; charset=utf-8
      date:
      - Wed, 22 Apr 2020 09:02:51 GMT
      etag:
      - ae703705-0cd2-43eb-ab84-3d0d1a2c80d8
      server:
      - Microsoft-IIS/10.0
      strict-transport-security:
      - max-age=31536000; includeSubDomains
      x-aspnet-version:
      - 4.0.30319
      x-content-type-options:
      - nosniff
      x-ms-ratelimit-remaining-subscription-resource-requests:
      - '11999'
      x-powered-by:
      - ASP.NET
    status:
      code: 201
      message: Created
- request:
    body: '{"properties": {"ttl": 3600, "mxRecords": [{"preference": 10, "exchange":
      "mail1.mymail.com."}, {"preference": 11, "exchange": "flooble."}]}}'
    headers:
      Accept:
      - application/json
      Accept-Encoding:
      - gzip, deflate
      CommandName:
      - network private-dns zone import
      Connection:
      - keep-alive
      Content-Length:
      - '141'
      Content-Type:
      - application/json; charset=utf-8
      ParameterSetName:
      - -n -g --file-name
      User-Agent:
      - python/3.8.2 (Windows-10-10.0.18362-SP0) msrest/0.6.11 msrest_azure/0.6.3
        azure-mgmt-privatedns/0.1.0 Azure-SDK-For-Python AZURECLI/2.3.1
      accept-language:
      - en-US
    method: PUT
    uri: https://management.azure.com/subscriptions/00000000-0000-0000-0000-000000000000/resourceGroups/cli_private_dns_zone2_import000001/providers/Microsoft.Network/privateDnsZones/zone2.com/MX/mail?api-version=2018-09-01
  response:
    body:
      string: '{"id":"\/subscriptions\/52bae96a-3806-426c-a5dc-1ae6016b5f15\/resourceGroups\/cli_private_dns_zone2_import000001\/providers\/Microsoft.Network\/privateDnsZones\/zone2.com\/MX\/mail","name":"mail","type":"Microsoft.Network\/privateDnsZones\/MX","etag":"3656fa8c-4eba-498e-9bcb-e2cf60fa1fa1","properties":{"fqdn":"mail.zone2.com.","ttl":3600,"mxRecords":[{"exchange":"mail1.mymail.com.","preference":10},{"exchange":"flooble.","preference":11}],"isAutoRegistered":false}}'
    headers:
      cache-control:
      - private
      content-length:
      - '510'
      content-type:
      - application/json; charset=utf-8
      date:
      - Wed, 22 Apr 2020 09:02:52 GMT
      etag:
      - 3656fa8c-4eba-498e-9bcb-e2cf60fa1fa1
      server:
      - Microsoft-IIS/10.0
      strict-transport-security:
      - max-age=31536000; includeSubDomains
      x-aspnet-version:
      - 4.0.30319
      x-content-type-options:
      - nosniff
      x-ms-ratelimit-remaining-subscription-resource-requests:
      - '11999'
      x-powered-by:
      - ASP.NET
    status:
      code: 201
      message: Created
- request:
    body: '{"properties": {"ttl": 3600, "srvRecords": [{"priority": 10, "weight":
      20, "port": 30, "target": "foobar."}, {"priority": 55, "weight": 66, "port":
      77, "target": "zoo."}]}}'
    headers:
      Accept:
      - application/json
      Accept-Encoding:
      - gzip, deflate
      CommandName:
      - network private-dns zone import
      Connection:
      - keep-alive
      Content-Length:
      - '172'
      Content-Type:
      - application/json; charset=utf-8
      ParameterSetName:
      - -n -g --file-name
      User-Agent:
      - python/3.8.2 (Windows-10-10.0.18362-SP0) msrest/0.6.11 msrest_azure/0.6.3
        azure-mgmt-privatedns/0.1.0 Azure-SDK-For-Python AZURECLI/2.3.1
      accept-language:
      - en-US
    method: PUT
    uri: https://management.azure.com/subscriptions/00000000-0000-0000-0000-000000000000/resourceGroups/cli_private_dns_zone2_import000001/providers/Microsoft.Network/privateDnsZones/zone2.com/SRV/sip.tcp?api-version=2018-09-01
  response:
    body:
      string: '{"id":"\/subscriptions\/52bae96a-3806-426c-a5dc-1ae6016b5f15\/resourceGroups\/cli_private_dns_zone2_import000001\/providers\/Microsoft.Network\/privateDnsZones\/zone2.com\/SRV\/sip.tcp","name":"sip.tcp","type":"Microsoft.Network\/privateDnsZones\/SRV","etag":"24cbfe41-46df-4eda-a1a7-9589b230da1c","properties":{"fqdn":"sip.tcp.zone2.com.","ttl":3600,"srvRecords":[{"port":30,"priority":10,"target":"foobar.","weight":20},{"port":77,"priority":55,"target":"zoo.","weight":66}],"isAutoRegistered":false}}'
    headers:
      cache-control:
      - private
      content-length:
      - '544'
      content-type:
      - application/json; charset=utf-8
      date:
      - Wed, 22 Apr 2020 09:02:53 GMT
      etag:
      - 24cbfe41-46df-4eda-a1a7-9589b230da1c
      server:
      - Microsoft-IIS/10.0
      strict-transport-security:
      - max-age=31536000; includeSubDomains
      x-aspnet-version:
      - 4.0.30319
      x-content-type-options:
      - nosniff
      x-ms-ratelimit-remaining-subscription-resource-requests:
      - '11999'
      x-powered-by:
      - ASP.NET
    status:
      code: 201
      message: Created
- request:
    body: '{"properties": {"ttl": 3600, "txtRecords": [{"value": ["string 1"]}, {"value":
      ["string 2"]}]}}'
    headers:
      Accept:
      - application/json
      Accept-Encoding:
      - gzip, deflate
      CommandName:
      - network private-dns zone import
      Connection:
      - keep-alive
      Content-Length:
      - '95'
      Content-Type:
      - application/json; charset=utf-8
      ParameterSetName:
      - -n -g --file-name
      User-Agent:
      - python/3.8.2 (Windows-10-10.0.18362-SP0) msrest/0.6.11 msrest_azure/0.6.3
        azure-mgmt-privatedns/0.1.0 Azure-SDK-For-Python AZURECLI/2.3.1
      accept-language:
      - en-US
    method: PUT
    uri: https://management.azure.com/subscriptions/00000000-0000-0000-0000-000000000000/resourceGroups/cli_private_dns_zone2_import000001/providers/Microsoft.Network/privateDnsZones/zone2.com/TXT/test-txt2?api-version=2018-09-01
  response:
    body:
      string: '{"id":"\/subscriptions\/52bae96a-3806-426c-a5dc-1ae6016b5f15\/resourceGroups\/cli_private_dns_zone2_import000001\/providers\/Microsoft.Network\/privateDnsZones\/zone2.com\/TXT\/test-txt2","name":"test-txt2","type":"Microsoft.Network\/privateDnsZones\/TXT","etag":"200f0f71-bc80-4a29-b0a7-d65a8d1f38f0","properties":{"fqdn":"test-txt2.zone2.com.","ttl":3600,"txtRecords":[{"value":["string
        1"]},{"value":["string 2"]}],"isAutoRegistered":false}}'
    headers:
      cache-control:
      - private
      content-length:
      - '485'
      content-type:
      - application/json; charset=utf-8
      date:
      - Wed, 22 Apr 2020 09:02:54 GMT
      etag:
      - 200f0f71-bc80-4a29-b0a7-d65a8d1f38f0
      server:
      - Microsoft-IIS/10.0
      strict-transport-security:
      - max-age=31536000; includeSubDomains
      x-aspnet-version:
      - 4.0.30319
      x-content-type-options:
      - nosniff
      x-ms-ratelimit-remaining-subscription-resource-requests:
      - '11995'
      x-powered-by:
      - ASP.NET
    status:
      code: 201
      message: Created
- request:
    body: '{"properties": {"ttl": 100, "aRecords": [{"ipv4Address": "4.5.6.7"}, {"ipv4Address":
      "6.7.8.9"}]}}'
    headers:
      Accept:
      - application/json
      Accept-Encoding:
      - gzip, deflate
      CommandName:
      - network private-dns zone import
      Connection:
      - keep-alive
      Content-Length:
      - '98'
      Content-Type:
      - application/json; charset=utf-8
      ParameterSetName:
      - -n -g --file-name
      User-Agent:
      - python/3.8.2 (Windows-10-10.0.18362-SP0) msrest/0.6.11 msrest_azure/0.6.3
        azure-mgmt-privatedns/0.1.0 Azure-SDK-For-Python AZURECLI/2.3.1
      accept-language:
      - en-US
    method: PUT
    uri: https://management.azure.com/subscriptions/00000000-0000-0000-0000-000000000000/resourceGroups/cli_private_dns_zone2_import000001/providers/Microsoft.Network/privateDnsZones/zone2.com/A/aa?api-version=2018-09-01
  response:
    body:
      string: '{"id":"\/subscriptions\/52bae96a-3806-426c-a5dc-1ae6016b5f15\/resourceGroups\/cli_private_dns_zone2_import000001\/providers\/Microsoft.Network\/privateDnsZones\/zone2.com\/A\/aa","name":"aa","type":"Microsoft.Network\/privateDnsZones\/A","etag":"8acb290f-4208-48d9-acc8-fb9fa7d9b35f","properties":{"fqdn":"aa.zone2.com.","ttl":100,"aRecords":[{"ipv4Address":"4.5.6.7"},{"ipv4Address":"6.7.8.9"}],"isAutoRegistered":false}}'
    headers:
      cache-control:
      - private
      content-length:
      - '463'
      content-type:
      - application/json; charset=utf-8
      date:
      - Wed, 22 Apr 2020 09:02:56 GMT
      etag:
      - 8acb290f-4208-48d9-acc8-fb9fa7d9b35f
      server:
      - Microsoft-IIS/10.0
      strict-transport-security:
      - max-age=31536000; includeSubDomains
      x-aspnet-version:
      - 4.0.30319
      x-content-type-options:
      - nosniff
      x-ms-ratelimit-remaining-subscription-resource-requests:
      - '11999'
      x-powered-by:
      - ASP.NET
    status:
      code: 201
      message: Created
- request:
    body: '{"properties": {"ttl": 300, "mxRecords": [{"preference": 1, "exchange":
      "foo.com.zone2.com."}]}}'
    headers:
      Accept:
      - application/json
      Accept-Encoding:
      - gzip, deflate
      CommandName:
      - network private-dns zone import
      Connection:
      - keep-alive
      Content-Length:
      - '96'
      Content-Type:
      - application/json; charset=utf-8
      ParameterSetName:
      - -n -g --file-name
      User-Agent:
      - python/3.8.2 (Windows-10-10.0.18362-SP0) msrest/0.6.11 msrest_azure/0.6.3
        azure-mgmt-privatedns/0.1.0 Azure-SDK-For-Python AZURECLI/2.3.1
      accept-language:
      - en-US
    method: PUT
    uri: https://management.azure.com/subscriptions/00000000-0000-0000-0000-000000000000/resourceGroups/cli_private_dns_zone2_import000001/providers/Microsoft.Network/privateDnsZones/zone2.com/MX/aa?api-version=2018-09-01
  response:
    body:
      string: '{"id":"\/subscriptions\/52bae96a-3806-426c-a5dc-1ae6016b5f15\/resourceGroups\/cli_private_dns_zone2_import000001\/providers\/Microsoft.Network\/privateDnsZones\/zone2.com\/MX\/aa","name":"aa","type":"Microsoft.Network\/privateDnsZones\/MX","etag":"83d861b1-0a55-45b0-a535-ea340859dfe2","properties":{"fqdn":"aa.zone2.com.","ttl":300,"mxRecords":[{"exchange":"foo.com.zone2.com.","preference":1}],"isAutoRegistered":false}}'
    headers:
      cache-control:
      - private
      content-length:
      - '463'
      content-type:
      - application/json; charset=utf-8
      date:
      - Wed, 22 Apr 2020 09:02:57 GMT
      etag:
      - 83d861b1-0a55-45b0-a535-ea340859dfe2
      server:
      - Microsoft-IIS/10.0
      strict-transport-security:
      - max-age=31536000; includeSubDomains
      x-aspnet-version:
      - 4.0.30319
      x-content-type-options:
      - nosniff
      x-ms-ratelimit-remaining-subscription-resource-requests:
      - '11999'
      x-powered-by:
      - ASP.NET
    status:
      code: 201
      message: Created
- request:
    body: '{"properties": {"ttl": 3600, "aRecords": [{"ipv4Address": "7.8.9.0"}]}}'
    headers:
      Accept:
      - application/json
      Accept-Encoding:
      - gzip, deflate
      CommandName:
      - network private-dns zone import
      Connection:
      - keep-alive
      Content-Length:
      - '71'
      Content-Type:
      - application/json; charset=utf-8
      ParameterSetName:
      - -n -g --file-name
      User-Agent:
      - python/3.8.2 (Windows-10-10.0.18362-SP0) msrest/0.6.11 msrest_azure/0.6.3
        azure-mgmt-privatedns/0.1.0 Azure-SDK-For-Python AZURECLI/2.3.1
      accept-language:
      - en-US
    method: PUT
    uri: https://management.azure.com/subscriptions/00000000-0000-0000-0000-000000000000/resourceGroups/cli_private_dns_zone2_import000001/providers/Microsoft.Network/privateDnsZones/zone2.com/A/200?api-version=2018-09-01
  response:
    body:
      string: '{"id":"\/subscriptions\/52bae96a-3806-426c-a5dc-1ae6016b5f15\/resourceGroups\/cli_private_dns_zone2_import000001\/providers\/Microsoft.Network\/privateDnsZones\/zone2.com\/A\/200","name":"200","type":"Microsoft.Network\/privateDnsZones\/A","etag":"146d97bc-71d1-4231-8d28-8c3c31932f1d","properties":{"fqdn":"200.zone2.com.","ttl":3600,"aRecords":[{"ipv4Address":"7.8.9.0"}],"isAutoRegistered":false}}'
    headers:
      cache-control:
      - private
      content-length:
      - '441'
      content-type:
      - application/json; charset=utf-8
      date:
      - Wed, 22 Apr 2020 09:02:59 GMT
      etag:
      - 146d97bc-71d1-4231-8d28-8c3c31932f1d
      server:
      - Microsoft-IIS/10.0
      strict-transport-security:
      - max-age=31536000; includeSubDomains
      x-aspnet-version:
      - 4.0.30319
      x-content-type-options:
      - nosniff
      x-ms-ratelimit-remaining-subscription-resource-requests:
      - '11999'
      x-powered-by:
      - ASP.NET
    status:
      code: 201
      message: Created
- request:
    body: '{"properties": {"ttl": 999, "txtRecords": [{"value": ["this is a super
      long txt record...wow, it is really really long!  And I even used copy and paste
      to make it longer....this is a super long txt record...wow, it is really really
      long!  And I even used copy and paste to make it longer....this is a super lon",
      "g txt record...wow, it is really really long!  And I even used copy and paste
      to make it longer....this is a super long txt record...wow, it is really really
      long!  And I even used copy and paste to make it longer....this is a super long
      txt record...wow,", " it is really really long!  And I even used copy and paste
      to make it longer....this is a super long txt record...wow, it is really really
      long!  And I even used copy and paste to make it longer....this is a super long
      txt record...wow, it is really reall", "y long!  And I even used copy and paste
      to make it longer....this is a super long txt record...wow, it is really really
      long!  And I even used copy and paste to make it longer...."]}]}}'
    headers:
      Accept:
      - application/json
      Accept-Encoding:
      - gzip, deflate
      CommandName:
      - network private-dns zone import
      Connection:
      - keep-alive
      Content-Length:
      - '1017'
      Content-Type:
      - application/json; charset=utf-8
      ParameterSetName:
      - -n -g --file-name
      User-Agent:
      - python/3.8.2 (Windows-10-10.0.18362-SP0) msrest/0.6.11 msrest_azure/0.6.3
        azure-mgmt-privatedns/0.1.0 Azure-SDK-For-Python AZURECLI/2.3.1
      accept-language:
      - en-US
    method: PUT
    uri: https://management.azure.com/subscriptions/00000000-0000-0000-0000-000000000000/resourceGroups/cli_private_dns_zone2_import000001/providers/Microsoft.Network/privateDnsZones/zone2.com/TXT/longtxt?api-version=2018-09-01
  response:
    body:
      string: '{"id":"\/subscriptions\/52bae96a-3806-426c-a5dc-1ae6016b5f15\/resourceGroups\/cli_private_dns_zone2_import000001\/providers\/Microsoft.Network\/privateDnsZones\/zone2.com\/TXT\/longtxt","name":"longtxt","type":"Microsoft.Network\/privateDnsZones\/TXT","etag":"23ea6c51-4481-4b75-97c4-6ede006b467c","properties":{"fqdn":"longtxt.zone2.com.","ttl":999,"txtRecords":[{"value":["this
        is a super long txt record...wow, it is really really long!  And I even used
        copy and paste to make it longer....this is a super long txt record...wow,
        it is really really long!  And I even used copy and paste to make it longer....this
        is a super lon","g txt record...wow, it is really really long!  And I even
        used copy and paste to make it longer....this is a super long txt record...wow,
        it is really really long!  And I even used copy and paste to make it longer....this
        is a super long txt record...wow,"," it is really really long!  And I even
        used copy and paste to make it longer....this is a super long txt record...wow,
        it is really really long!  And I even used copy and paste to make it longer....this
        is a super long txt record...wow, it is really reall","y long!  And I even
        used copy and paste to make it longer....this is a super long txt record...wow,
        it is really really long!  And I even used copy and paste to make it longer...."]}],"isAutoRegistered":false}}'
    headers:
      cache-control:
      - private
      content-length:
      - '1400'
      content-type:
      - application/json; charset=utf-8
      date:
      - Wed, 22 Apr 2020 09:03:00 GMT
      etag:
      - 23ea6c51-4481-4b75-97c4-6ede006b467c
      server:
      - Microsoft-IIS/10.0
      strict-transport-security:
      - max-age=31536000; includeSubDomains
      x-aspnet-version:
      - 4.0.30319
      x-content-type-options:
      - nosniff
      x-ms-ratelimit-remaining-subscription-resource-requests:
      - '11994'
      x-powered-by:
      - ASP.NET
    status:
      code: 201
      message: Created
- request:
    body: '{"properties": {"ttl": 100, "txtRecords": [{"value": ["012345678901234567890123456789012345678901234567890123456789012345678901234567890123456789012345678901234567890123456789012345678901234567890123456789012345678901234567890123456789012345678901234567890123456789012345678901234567890123456789012345678901234",
      "56789012345678901234567890123456789012345678901234567890123456789012345678901234567890123456789012345678901234567890123456789012345678901234567890123456789012345678901234567890123456789012345678901234567890123456789012345678901234567890123456789"]}]}}'
    headers:
      Accept:
      - application/json
      Accept-Encoding:
      - gzip, deflate
      CommandName:
      - network private-dns zone import
      Connection:
      - keep-alive
      Content-Length:
      - '565'
      Content-Type:
      - application/json; charset=utf-8
      ParameterSetName:
      - -n -g --file-name
      User-Agent:
      - python/3.8.2 (Windows-10-10.0.18362-SP0) msrest/0.6.11 msrest_azure/0.6.3
        azure-mgmt-privatedns/0.1.0 Azure-SDK-For-Python AZURECLI/2.3.1
      accept-language:
      - en-US
    method: PUT
    uri: https://management.azure.com/subscriptions/00000000-0000-0000-0000-000000000000/resourceGroups/cli_private_dns_zone2_import000001/providers/Microsoft.Network/privateDnsZones/zone2.com/TXT/longtxt2?api-version=2018-09-01
  response:
    body:
      string: '{"id":"\/subscriptions\/52bae96a-3806-426c-a5dc-1ae6016b5f15\/resourceGroups\/cli_private_dns_zone2_import000001\/providers\/Microsoft.Network\/privateDnsZones\/zone2.com\/TXT\/longtxt2","name":"longtxt2","type":"Microsoft.Network\/privateDnsZones\/TXT","etag":"a56e3b35-229c-4ffa-bc5f-cfc71d85e8e1","properties":{"fqdn":"longtxt2.zone2.com.","ttl":100,"txtRecords":[{"value":["012345678901234567890123456789012345678901234567890123456789012345678901234567890123456789012345678901234567890123456789012345678901234567890123456789012345678901234567890123456789012345678901234567890123456789012345678901234567890123456789012345678901234","56789012345678901234567890123456789012345678901234567890123456789012345678901234567890123456789012345678901234567890123456789012345678901234567890123456789012345678901234567890123456789012345678901234567890123456789012345678901234567890123456789"]}],"isAutoRegistered":false}}'
    headers:
      cache-control:
      - private
      content-length:
      - '953'
      content-type:
      - application/json; charset=utf-8
      date:
      - Wed, 22 Apr 2020 09:03:01 GMT
      etag:
      - a56e3b35-229c-4ffa-bc5f-cfc71d85e8e1
      server:
      - Microsoft-IIS/10.0
      strict-transport-security:
      - max-age=31536000; includeSubDomains
      x-aspnet-version:
      - 4.0.30319
      x-content-type-options:
      - nosniff
      x-ms-ratelimit-remaining-subscription-resource-requests:
      - '11995'
      x-powered-by:
      - ASP.NET
    status:
      code: 201
      message: Created
- request:
    body: '{"properties": {"ttl": 100, "txtRecords": [{"value": ["this is an SPF record!
      Convert to TXT on import"]}]}}'
    headers:
      Accept:
      - application/json
      Accept-Encoding:
      - gzip, deflate
      CommandName:
      - network private-dns zone import
      Connection:
      - keep-alive
      Content-Length:
      - '108'
      Content-Type:
      - application/json; charset=utf-8
      ParameterSetName:
      - -n -g --file-name
      User-Agent:
      - python/3.8.2 (Windows-10-10.0.18362-SP0) msrest/0.6.11 msrest_azure/0.6.3
        azure-mgmt-privatedns/0.1.0 Azure-SDK-For-Python AZURECLI/2.3.1
      accept-language:
      - en-US
    method: PUT
    uri: https://management.azure.com/subscriptions/00000000-0000-0000-0000-000000000000/resourceGroups/cli_private_dns_zone2_import000001/providers/Microsoft.Network/privateDnsZones/zone2.com/TXT/myspf?api-version=2018-09-01
  response:
    body:
      string: '{"id":"\/subscriptions\/52bae96a-3806-426c-a5dc-1ae6016b5f15\/resourceGroups\/cli_private_dns_zone2_import000001\/providers\/Microsoft.Network\/privateDnsZones\/zone2.com\/TXT\/myspf","name":"myspf","type":"Microsoft.Network\/privateDnsZones\/TXT","etag":"d4e09f6f-fca8-45fb-a83d-cc6af4a2c9ef","properties":{"fqdn":"myspf.zone2.com.","ttl":100,"txtRecords":[{"value":["this
        is an SPF record! Convert to TXT on import"]}],"isAutoRegistered":false}}'
    headers:
      cache-control:
      - private
      content-length:
      - '488'
      content-type:
      - application/json; charset=utf-8
      date:
      - Wed, 22 Apr 2020 09:03:02 GMT
      etag:
      - d4e09f6f-fca8-45fb-a83d-cc6af4a2c9ef
      server:
      - Microsoft-IIS/10.0
      strict-transport-security:
      - max-age=31536000; includeSubDomains
      x-aspnet-version:
      - 4.0.30319
      x-content-type-options:
      - nosniff
      x-ms-ratelimit-remaining-subscription-resource-requests:
      - '11995'
      x-powered-by:
      - ASP.NET
    status:
      code: 201
      message: Created
- request:
    body: '{"properties": {"ttl": 3600, "ptrRecords": [{"ptrdname": "foo.com."}]}}'
    headers:
      Accept:
      - application/json
      Accept-Encoding:
      - gzip, deflate
      CommandName:
      - network private-dns zone import
      Connection:
      - keep-alive
      Content-Length:
      - '71'
      Content-Type:
      - application/json; charset=utf-8
      ParameterSetName:
      - -n -g --file-name
      User-Agent:
      - python/3.8.2 (Windows-10-10.0.18362-SP0) msrest/0.6.11 msrest_azure/0.6.3
        azure-mgmt-privatedns/0.1.0 Azure-SDK-For-Python AZURECLI/2.3.1
      accept-language:
      - en-US
    method: PUT
    uri: https://management.azure.com/subscriptions/00000000-0000-0000-0000-000000000000/resourceGroups/cli_private_dns_zone2_import000001/providers/Microsoft.Network/privateDnsZones/zone2.com/PTR/160.1?api-version=2018-09-01
  response:
    body:
      string: '{"id":"\/subscriptions\/52bae96a-3806-426c-a5dc-1ae6016b5f15\/resourceGroups\/cli_private_dns_zone2_import000001\/providers\/Microsoft.Network\/privateDnsZones\/zone2.com\/PTR\/160.1","name":"160.1","type":"Microsoft.Network\/privateDnsZones\/PTR","etag":"c97b6c02-e644-42e5-bf33-52d15bd2efc7","properties":{"fqdn":"160.1.zone2.com.","ttl":3600,"ptrRecords":[{"ptrdname":"foo.com."}],"isAutoRegistered":false}}'
    headers:
      cache-control:
      - private
      content-length:
      - '451'
      content-type:
      - application/json; charset=utf-8
      date:
      - Wed, 22 Apr 2020 09:03:03 GMT
      etag:
      - c97b6c02-e644-42e5-bf33-52d15bd2efc7
      server:
      - Microsoft-IIS/10.0
      strict-transport-security:
      - max-age=31536000; includeSubDomains
      x-aspnet-version:
      - 4.0.30319
      x-content-type-options:
      - nosniff
      x-ms-ratelimit-remaining-subscription-resource-requests:
      - '11999'
      x-powered-by:
      - ASP.NET
    status:
      code: 201
      message: Created
- request:
    body: '{"properties": {"ttl": 3600, "ptrRecords": [{"ptrdname": "foobar.com."},
      {"ptrdname": "bar.com."}]}}'
    headers:
      Accept:
      - application/json
      Accept-Encoding:
      - gzip, deflate
      CommandName:
      - network private-dns zone import
      Connection:
      - keep-alive
      Content-Length:
      - '100'
      Content-Type:
      - application/json; charset=utf-8
      ParameterSetName:
      - -n -g --file-name
      User-Agent:
      - python/3.8.2 (Windows-10-10.0.18362-SP0) msrest/0.6.11 msrest_azure/0.6.3
        azure-mgmt-privatedns/0.1.0 Azure-SDK-For-Python AZURECLI/2.3.1
      accept-language:
      - en-US
    method: PUT
    uri: https://management.azure.com/subscriptions/00000000-0000-0000-0000-000000000000/resourceGroups/cli_private_dns_zone2_import000001/providers/Microsoft.Network/privateDnsZones/zone2.com/PTR/160.2?api-version=2018-09-01
  response:
    body:
      string: '{"id":"\/subscriptions\/52bae96a-3806-426c-a5dc-1ae6016b5f15\/resourceGroups\/cli_private_dns_zone2_import000001\/providers\/Microsoft.Network\/privateDnsZones\/zone2.com\/PTR\/160.2","name":"160.2","type":"Microsoft.Network\/privateDnsZones\/PTR","etag":"18268251-772e-4ee9-8788-2c7430eda3b9","properties":{"fqdn":"160.2.zone2.com.","ttl":3600,"ptrRecords":[{"ptrdname":"foobar.com."},{"ptrdname":"bar.com."}],"isAutoRegistered":false}}'
    headers:
      cache-control:
      - private
      content-length:
      - '478'
      content-type:
      - application/json; charset=utf-8
      date:
      - Wed, 22 Apr 2020 09:03:04 GMT
      etag:
      - 18268251-772e-4ee9-8788-2c7430eda3b9
      server:
      - Microsoft-IIS/10.0
      strict-transport-security:
      - max-age=31536000; includeSubDomains
      x-aspnet-version:
      - 4.0.30319
      x-content-type-options:
      - nosniff
      x-ms-ratelimit-remaining-subscription-resource-requests:
      - '11998'
      x-powered-by:
      - ASP.NET
    status:
      code: 201
      message: Created
- request:
    body: '{"properties": {"ttl": 3600, "ptrRecords": [{"ptrdname": "foo.com."}, {"ptrdname":
      "bar.com."}]}}'
    headers:
      Accept:
      - application/json
      Accept-Encoding:
      - gzip, deflate
      CommandName:
      - network private-dns zone import
      Connection:
      - keep-alive
      Content-Length:
      - '97'
      Content-Type:
      - application/json; charset=utf-8
      ParameterSetName:
      - -n -g --file-name
      User-Agent:
      - python/3.8.2 (Windows-10-10.0.18362-SP0) msrest/0.6.11 msrest_azure/0.6.3
        azure-mgmt-privatedns/0.1.0 Azure-SDK-For-Python AZURECLI/2.3.1
      accept-language:
      - en-US
    method: PUT
    uri: https://management.azure.com/subscriptions/00000000-0000-0000-0000-000000000000/resourceGroups/cli_private_dns_zone2_import000001/providers/Microsoft.Network/privateDnsZones/zone2.com/PTR/160.3?api-version=2018-09-01
  response:
    body:
      string: '{"id":"\/subscriptions\/52bae96a-3806-426c-a5dc-1ae6016b5f15\/resourceGroups\/cli_private_dns_zone2_import000001\/providers\/Microsoft.Network\/privateDnsZones\/zone2.com\/PTR\/160.3","name":"160.3","type":"Microsoft.Network\/privateDnsZones\/PTR","etag":"af4e55b1-6337-409b-8d0a-0c6570e48307","properties":{"fqdn":"160.3.zone2.com.","ttl":3600,"ptrRecords":[{"ptrdname":"foo.com."},{"ptrdname":"bar.com."}],"isAutoRegistered":false}}'
    headers:
      cache-control:
      - private
      content-length:
      - '475'
      content-type:
      - application/json; charset=utf-8
      date:
      - Wed, 22 Apr 2020 09:03:05 GMT
      etag:
      - af4e55b1-6337-409b-8d0a-0c6570e48307
      server:
      - Microsoft-IIS/10.0
      strict-transport-security:
      - max-age=31536000; includeSubDomains
      x-aspnet-version:
      - 4.0.30319
      x-content-type-options:
      - nosniff
      x-ms-ratelimit-remaining-subscription-resource-requests:
      - '11996'
      x-powered-by:
      - ASP.NET
    status:
      code: 201
      message: Created
- request:
    body: '{"properties": {"ttl": 3600, "txtRecords": [{"value": ["foobar"]}]}}'
    headers:
      Accept:
      - application/json
      Accept-Encoding:
      - gzip, deflate
      CommandName:
      - network private-dns zone import
      Connection:
      - keep-alive
      Content-Length:
      - '68'
      Content-Type:
      - application/json; charset=utf-8
      ParameterSetName:
      - -n -g --file-name
      User-Agent:
      - python/3.8.2 (Windows-10-10.0.18362-SP0) msrest/0.6.11 msrest_azure/0.6.3
        azure-mgmt-privatedns/0.1.0 Azure-SDK-For-Python AZURECLI/2.3.1
      accept-language:
      - en-US
    method: PUT
    uri: https://management.azure.com/subscriptions/00000000-0000-0000-0000-000000000000/resourceGroups/cli_private_dns_zone2_import000001/providers/Microsoft.Network/privateDnsZones/zone2.com/TXT/t1?api-version=2018-09-01
  response:
    body:
      string: '{"id":"\/subscriptions\/52bae96a-3806-426c-a5dc-1ae6016b5f15\/resourceGroups\/cli_private_dns_zone2_import000001\/providers\/Microsoft.Network\/privateDnsZones\/zone2.com\/TXT\/t1","name":"t1","type":"Microsoft.Network\/privateDnsZones\/TXT","etag":"777e5139-9536-496c-a51c-0694cab6332c","properties":{"fqdn":"t1.zone2.com.","ttl":3600,"txtRecords":[{"value":["foobar"]}],"isAutoRegistered":false}}'
    headers:
      cache-control:
      - private
      content-length:
      - '439'
      content-type:
      - application/json; charset=utf-8
      date:
      - Wed, 22 Apr 2020 09:03:07 GMT
      etag:
      - 777e5139-9536-496c-a51c-0694cab6332c
      server:
      - Microsoft-IIS/10.0
      strict-transport-security:
      - max-age=31536000; includeSubDomains
      x-aspnet-version:
      - 4.0.30319
      x-content-type-options:
      - nosniff
      x-ms-ratelimit-remaining-subscription-resource-requests:
      - '11994'
      x-powered-by:
      - ASP.NET
    status:
      code: 201
      message: Created
- request:
    body: '{"properties": {"ttl": 3600, "txtRecords": [{"value": ["foobar"]}]}}'
    headers:
      Accept:
      - application/json
      Accept-Encoding:
      - gzip, deflate
      CommandName:
      - network private-dns zone import
      Connection:
      - keep-alive
      Content-Length:
      - '68'
      Content-Type:
      - application/json; charset=utf-8
      ParameterSetName:
      - -n -g --file-name
      User-Agent:
      - python/3.8.2 (Windows-10-10.0.18362-SP0) msrest/0.6.11 msrest_azure/0.6.3
        azure-mgmt-privatedns/0.1.0 Azure-SDK-For-Python AZURECLI/2.3.1
      accept-language:
      - en-US
    method: PUT
    uri: https://management.azure.com/subscriptions/00000000-0000-0000-0000-000000000000/resourceGroups/cli_private_dns_zone2_import000001/providers/Microsoft.Network/privateDnsZones/zone2.com/TXT/t2?api-version=2018-09-01
  response:
    body:
      string: '{"id":"\/subscriptions\/52bae96a-3806-426c-a5dc-1ae6016b5f15\/resourceGroups\/cli_private_dns_zone2_import000001\/providers\/Microsoft.Network\/privateDnsZones\/zone2.com\/TXT\/t2","name":"t2","type":"Microsoft.Network\/privateDnsZones\/TXT","etag":"309f5ec5-54ce-468a-a76a-d520924caf0d","properties":{"fqdn":"t2.zone2.com.","ttl":3600,"txtRecords":[{"value":["foobar"]}],"isAutoRegistered":false}}'
    headers:
      cache-control:
      - private
      content-length:
      - '439'
      content-type:
      - application/json; charset=utf-8
      date:
      - Wed, 22 Apr 2020 09:03:08 GMT
      etag:
      - 309f5ec5-54ce-468a-a76a-d520924caf0d
      server:
      - Microsoft-IIS/10.0
      strict-transport-security:
      - max-age=31536000; includeSubDomains
      x-aspnet-version:
      - 4.0.30319
      x-content-type-options:
      - nosniff
      x-ms-ratelimit-remaining-subscription-resource-requests:
      - '11993'
      x-powered-by:
      - ASP.NET
    status:
      code: 201
      message: Created
- request:
    body: '{"properties": {"ttl": 3600, "txtRecords": [{"value": ["foobar"]}]}}'
    headers:
      Accept:
      - application/json
      Accept-Encoding:
      - gzip, deflate
      CommandName:
      - network private-dns zone import
      Connection:
      - keep-alive
      Content-Length:
      - '68'
      Content-Type:
      - application/json; charset=utf-8
      ParameterSetName:
      - -n -g --file-name
      User-Agent:
      - python/3.8.2 (Windows-10-10.0.18362-SP0) msrest/0.6.11 msrest_azure/0.6.3
        azure-mgmt-privatedns/0.1.0 Azure-SDK-For-Python AZURECLI/2.3.1
      accept-language:
      - en-US
    method: PUT
    uri: https://management.azure.com/subscriptions/00000000-0000-0000-0000-000000000000/resourceGroups/cli_private_dns_zone2_import000001/providers/Microsoft.Network/privateDnsZones/zone2.com/TXT/t3?api-version=2018-09-01
  response:
    body:
      string: '{"id":"\/subscriptions\/52bae96a-3806-426c-a5dc-1ae6016b5f15\/resourceGroups\/cli_private_dns_zone2_import000001\/providers\/Microsoft.Network\/privateDnsZones\/zone2.com\/TXT\/t3","name":"t3","type":"Microsoft.Network\/privateDnsZones\/TXT","etag":"6a1b2bf1-549f-4bf0-9605-beeff2eb1f6d","properties":{"fqdn":"t3.zone2.com.","ttl":3600,"txtRecords":[{"value":["foobar"]}],"isAutoRegistered":false}}'
    headers:
      cache-control:
      - private
      content-length:
      - '439'
      content-type:
      - application/json; charset=utf-8
      date:
      - Wed, 22 Apr 2020 09:03:09 GMT
      etag:
      - 6a1b2bf1-549f-4bf0-9605-beeff2eb1f6d
      server:
      - Microsoft-IIS/10.0
      strict-transport-security:
      - max-age=31536000; includeSubDomains
      x-aspnet-version:
      - 4.0.30319
      x-content-type-options:
      - nosniff
      x-ms-ratelimit-remaining-subscription-resource-requests:
      - '11993'
      x-powered-by:
      - ASP.NET
    status:
      code: 201
      message: Created
- request:
    body: '{"properties": {"ttl": 3600, "txtRecords": [{"value": ["foo;bar"]}]}}'
    headers:
      Accept:
      - application/json
      Accept-Encoding:
      - gzip, deflate
      CommandName:
      - network private-dns zone import
      Connection:
      - keep-alive
      Content-Length:
      - '69'
      Content-Type:
      - application/json; charset=utf-8
      ParameterSetName:
      - -n -g --file-name
      User-Agent:
      - python/3.8.2 (Windows-10-10.0.18362-SP0) msrest/0.6.11 msrest_azure/0.6.3
        azure-mgmt-privatedns/0.1.0 Azure-SDK-For-Python AZURECLI/2.3.1
      accept-language:
      - en-US
    method: PUT
    uri: https://management.azure.com/subscriptions/00000000-0000-0000-0000-000000000000/resourceGroups/cli_private_dns_zone2_import000001/providers/Microsoft.Network/privateDnsZones/zone2.com/TXT/t4?api-version=2018-09-01
  response:
    body:
      string: '{"id":"\/subscriptions\/52bae96a-3806-426c-a5dc-1ae6016b5f15\/resourceGroups\/cli_private_dns_zone2_import000001\/providers\/Microsoft.Network\/privateDnsZones\/zone2.com\/TXT\/t4","name":"t4","type":"Microsoft.Network\/privateDnsZones\/TXT","etag":"e0cf41a3-1678-4fd2-8cb6-e4008480c7f0","properties":{"fqdn":"t4.zone2.com.","ttl":3600,"txtRecords":[{"value":["foo;bar"]}],"isAutoRegistered":false}}'
    headers:
      cache-control:
      - private
      content-length:
      - '440'
      content-type:
      - application/json; charset=utf-8
      date:
      - Wed, 22 Apr 2020 09:03:11 GMT
      etag:
      - e0cf41a3-1678-4fd2-8cb6-e4008480c7f0
      server:
      - Microsoft-IIS/10.0
      strict-transport-security:
      - max-age=31536000; includeSubDomains
      x-aspnet-version:
      - 4.0.30319
      x-content-type-options:
      - nosniff
      x-ms-ratelimit-remaining-subscription-resource-requests:
      - '11994'
      x-powered-by:
      - ASP.NET
    status:
      code: 201
      message: Created
- request:
    body: '{"properties": {"ttl": 3600, "txtRecords": [{"value": ["foo\\;bar"]}]}}'
    headers:
      Accept:
      - application/json
      Accept-Encoding:
      - gzip, deflate
      CommandName:
      - network private-dns zone import
      Connection:
      - keep-alive
      Content-Length:
      - '71'
      Content-Type:
      - application/json; charset=utf-8
      ParameterSetName:
      - -n -g --file-name
      User-Agent:
      - python/3.8.2 (Windows-10-10.0.18362-SP0) msrest/0.6.11 msrest_azure/0.6.3
        azure-mgmt-privatedns/0.1.0 Azure-SDK-For-Python AZURECLI/2.3.1
      accept-language:
      - en-US
    method: PUT
    uri: https://management.azure.com/subscriptions/00000000-0000-0000-0000-000000000000/resourceGroups/cli_private_dns_zone2_import000001/providers/Microsoft.Network/privateDnsZones/zone2.com/TXT/t5?api-version=2018-09-01
  response:
    body:
      string: '{"id":"\/subscriptions\/52bae96a-3806-426c-a5dc-1ae6016b5f15\/resourceGroups\/cli_private_dns_zone2_import000001\/providers\/Microsoft.Network\/privateDnsZones\/zone2.com\/TXT\/t5","name":"t5","type":"Microsoft.Network\/privateDnsZones\/TXT","etag":"35fd720b-1ae8-48d2-8c33-5d636b294acd","properties":{"fqdn":"t5.zone2.com.","ttl":3600,"txtRecords":[{"value":["foo\\;bar"]}],"isAutoRegistered":false}}'
    headers:
      cache-control:
      - private
      content-length:
      - '442'
      content-type:
      - application/json; charset=utf-8
      date:
      - Wed, 22 Apr 2020 09:03:12 GMT
      etag:
      - 35fd720b-1ae8-48d2-8c33-5d636b294acd
      server:
      - Microsoft-IIS/10.0
      strict-transport-security:
      - max-age=31536000; includeSubDomains
      x-aspnet-version:
      - 4.0.30319
      x-content-type-options:
      - nosniff
      x-ms-ratelimit-remaining-subscription-resource-requests:
      - '11995'
      x-powered-by:
      - ASP.NET
    status:
      code: 201
      message: Created
- request:
    body: '{"properties": {"ttl": 3600, "txtRecords": [{"value": ["foo\\;bar"]}]}}'
    headers:
      Accept:
      - application/json
      Accept-Encoding:
      - gzip, deflate
      CommandName:
      - network private-dns zone import
      Connection:
      - keep-alive
      Content-Length:
      - '71'
      Content-Type:
      - application/json; charset=utf-8
      ParameterSetName:
      - -n -g --file-name
      User-Agent:
      - python/3.8.2 (Windows-10-10.0.18362-SP0) msrest/0.6.11 msrest_azure/0.6.3
        azure-mgmt-privatedns/0.1.0 Azure-SDK-For-Python AZURECLI/2.3.1
      accept-language:
      - en-US
    method: PUT
    uri: https://management.azure.com/subscriptions/00000000-0000-0000-0000-000000000000/resourceGroups/cli_private_dns_zone2_import000001/providers/Microsoft.Network/privateDnsZones/zone2.com/TXT/t6?api-version=2018-09-01
  response:
    body:
      string: '{"id":"\/subscriptions\/52bae96a-3806-426c-a5dc-1ae6016b5f15\/resourceGroups\/cli_private_dns_zone2_import000001\/providers\/Microsoft.Network\/privateDnsZones\/zone2.com\/TXT\/t6","name":"t6","type":"Microsoft.Network\/privateDnsZones\/TXT","etag":"3aa17418-c8d0-4175-899d-17292e3706a2","properties":{"fqdn":"t6.zone2.com.","ttl":3600,"txtRecords":[{"value":["foo\\;bar"]}],"isAutoRegistered":false}}'
    headers:
      cache-control:
      - private
      content-length:
      - '442'
      content-type:
      - application/json; charset=utf-8
      date:
      - Wed, 22 Apr 2020 09:03:13 GMT
      etag:
      - 3aa17418-c8d0-4175-899d-17292e3706a2
      server:
      - Microsoft-IIS/10.0
      strict-transport-security:
      - max-age=31536000; includeSubDomains
      x-aspnet-version:
      - 4.0.30319
      x-content-type-options:
      - nosniff
      x-ms-ratelimit-remaining-subscription-resource-requests:
      - '11997'
      x-powered-by:
      - ASP.NET
    status:
      code: 201
      message: Created
- request:
    body: '{"properties": {"ttl": 3600, "txtRecords": [{"value": ["\\\"quoted string\\\""]}]}}'
    headers:
      Accept:
      - application/json
      Accept-Encoding:
      - gzip, deflate
      CommandName:
      - network private-dns zone import
      Connection:
      - keep-alive
      Content-Length:
      - '83'
      Content-Type:
      - application/json; charset=utf-8
      ParameterSetName:
      - -n -g --file-name
      User-Agent:
      - python/3.8.2 (Windows-10-10.0.18362-SP0) msrest/0.6.11 msrest_azure/0.6.3
        azure-mgmt-privatedns/0.1.0 Azure-SDK-For-Python AZURECLI/2.3.1
      accept-language:
      - en-US
    method: PUT
    uri: https://management.azure.com/subscriptions/00000000-0000-0000-0000-000000000000/resourceGroups/cli_private_dns_zone2_import000001/providers/Microsoft.Network/privateDnsZones/zone2.com/TXT/t7?api-version=2018-09-01
  response:
    body:
      string: '{"id":"\/subscriptions\/52bae96a-3806-426c-a5dc-1ae6016b5f15\/resourceGroups\/cli_private_dns_zone2_import000001\/providers\/Microsoft.Network\/privateDnsZones\/zone2.com\/TXT\/t7","name":"t7","type":"Microsoft.Network\/privateDnsZones\/TXT","etag":"599cd463-8182-4ec6-a342-a7404d9c256e","properties":{"fqdn":"t7.zone2.com.","ttl":3600,"txtRecords":[{"value":["\\\"quoted
        string\\\""]}],"isAutoRegistered":false}}'
    headers:
      cache-control:
      - private
      content-length:
      - '454'
      content-type:
      - application/json; charset=utf-8
      date:
      - Wed, 22 Apr 2020 09:03:15 GMT
      etag:
      - 599cd463-8182-4ec6-a342-a7404d9c256e
      server:
      - Microsoft-IIS/10.0
      strict-transport-security:
      - max-age=31536000; includeSubDomains
      x-aspnet-version:
      - 4.0.30319
      x-content-type-options:
      - nosniff
      x-ms-ratelimit-remaining-subscription-resource-requests:
      - '11994'
      x-powered-by:
      - ASP.NET
    status:
      code: 201
      message: Created
- request:
    body: '{"properties": {"ttl": 3600, "txtRecords": [{"value": ["foobar"]}]}}'
    headers:
      Accept:
      - application/json
      Accept-Encoding:
      - gzip, deflate
      CommandName:
      - network private-dns zone import
      Connection:
      - keep-alive
      Content-Length:
      - '68'
      Content-Type:
      - application/json; charset=utf-8
      ParameterSetName:
      - -n -g --file-name
      User-Agent:
      - python/3.8.2 (Windows-10-10.0.18362-SP0) msrest/0.6.11 msrest_azure/0.6.3
        azure-mgmt-privatedns/0.1.0 Azure-SDK-For-Python AZURECLI/2.3.1
      accept-language:
      - en-US
    method: PUT
    uri: https://management.azure.com/subscriptions/00000000-0000-0000-0000-000000000000/resourceGroups/cli_private_dns_zone2_import000001/providers/Microsoft.Network/privateDnsZones/zone2.com/TXT/t8?api-version=2018-09-01
  response:
    body:
      string: '{"id":"\/subscriptions\/52bae96a-3806-426c-a5dc-1ae6016b5f15\/resourceGroups\/cli_private_dns_zone2_import000001\/providers\/Microsoft.Network\/privateDnsZones\/zone2.com\/TXT\/t8","name":"t8","type":"Microsoft.Network\/privateDnsZones\/TXT","etag":"cac04611-68bd-4c6b-948e-91651f96db3c","properties":{"fqdn":"t8.zone2.com.","ttl":3600,"txtRecords":[{"value":["foobar"]}],"isAutoRegistered":false}}'
    headers:
      cache-control:
      - private
      content-length:
      - '439'
      content-type:
      - application/json; charset=utf-8
      date:
      - Wed, 22 Apr 2020 09:03:15 GMT
      etag:
      - cac04611-68bd-4c6b-948e-91651f96db3c
      server:
      - Microsoft-IIS/10.0
      strict-transport-security:
      - max-age=31536000; includeSubDomains
      x-aspnet-version:
      - 4.0.30319
      x-content-type-options:
      - nosniff
      x-ms-ratelimit-remaining-subscription-resource-requests:
      - '11993'
      x-powered-by:
      - ASP.NET
    status:
      code: 201
      message: Created
- request:
    body: '{"properties": {"ttl": 3600, "txtRecords": [{"value": ["foobarr"]}]}}'
    headers:
      Accept:
      - application/json
      Accept-Encoding:
      - gzip, deflate
      CommandName:
      - network private-dns zone import
      Connection:
      - keep-alive
      Content-Length:
      - '69'
      Content-Type:
      - application/json; charset=utf-8
      ParameterSetName:
      - -n -g --file-name
      User-Agent:
      - python/3.8.2 (Windows-10-10.0.18362-SP0) msrest/0.6.11 msrest_azure/0.6.3
        azure-mgmt-privatedns/0.1.0 Azure-SDK-For-Python AZURECLI/2.3.1
      accept-language:
      - en-US
    method: PUT
    uri: https://management.azure.com/subscriptions/00000000-0000-0000-0000-000000000000/resourceGroups/cli_private_dns_zone2_import000001/providers/Microsoft.Network/privateDnsZones/zone2.com/TXT/t9?api-version=2018-09-01
  response:
    body:
      string: '{"id":"\/subscriptions\/52bae96a-3806-426c-a5dc-1ae6016b5f15\/resourceGroups\/cli_private_dns_zone2_import000001\/providers\/Microsoft.Network\/privateDnsZones\/zone2.com\/TXT\/t9","name":"t9","type":"Microsoft.Network\/privateDnsZones\/TXT","etag":"bd0637aa-377b-4263-8f09-3fd7b7cce108","properties":{"fqdn":"t9.zone2.com.","ttl":3600,"txtRecords":[{"value":["foobarr"]}],"isAutoRegistered":false}}'
    headers:
      cache-control:
      - private
      content-length:
      - '440'
      content-type:
      - application/json; charset=utf-8
      date:
      - Wed, 22 Apr 2020 09:03:16 GMT
      etag:
      - bd0637aa-377b-4263-8f09-3fd7b7cce108
      server:
      - Microsoft-IIS/10.0
      strict-transport-security:
      - max-age=31536000; includeSubDomains
      x-aspnet-version:
      - 4.0.30319
      x-content-type-options:
      - nosniff
      x-ms-ratelimit-remaining-subscription-resource-requests:
      - '11992'
      x-powered-by:
      - ASP.NET
    status:
      code: 201
      message: Created
- request:
    body: '{"properties": {"ttl": 3600, "txtRecords": [{"value": ["foo bar"]}]}}'
    headers:
      Accept:
      - application/json
      Accept-Encoding:
      - gzip, deflate
      CommandName:
      - network private-dns zone import
      Connection:
      - keep-alive
      Content-Length:
      - '69'
      Content-Type:
      - application/json; charset=utf-8
      ParameterSetName:
      - -n -g --file-name
      User-Agent:
      - python/3.8.2 (Windows-10-10.0.18362-SP0) msrest/0.6.11 msrest_azure/0.6.3
        azure-mgmt-privatedns/0.1.0 Azure-SDK-For-Python AZURECLI/2.3.1
      accept-language:
      - en-US
    method: PUT
    uri: https://management.azure.com/subscriptions/00000000-0000-0000-0000-000000000000/resourceGroups/cli_private_dns_zone2_import000001/providers/Microsoft.Network/privateDnsZones/zone2.com/TXT/t10?api-version=2018-09-01
  response:
    body:
      string: '{"id":"\/subscriptions\/52bae96a-3806-426c-a5dc-1ae6016b5f15\/resourceGroups\/cli_private_dns_zone2_import000001\/providers\/Microsoft.Network\/privateDnsZones\/zone2.com\/TXT\/t10","name":"t10","type":"Microsoft.Network\/privateDnsZones\/TXT","etag":"8784c942-4849-4891-b612-ab329d808a8a","properties":{"fqdn":"t10.zone2.com.","ttl":3600,"txtRecords":[{"value":["foo
        bar"]}],"isAutoRegistered":false}}'
    headers:
      cache-control:
      - private
      content-length:
      - '443'
      content-type:
      - application/json; charset=utf-8
      date:
      - Wed, 22 Apr 2020 09:03:18 GMT
      etag:
      - 8784c942-4849-4891-b612-ab329d808a8a
      server:
      - Microsoft-IIS/10.0
      strict-transport-security:
      - max-age=31536000; includeSubDomains
      x-aspnet-version:
      - 4.0.30319
      x-content-type-options:
      - nosniff
      x-ms-ratelimit-remaining-subscription-resource-requests:
      - '11994'
      x-powered-by:
      - ASP.NET
    status:
      code: 201
      message: Created
- request:
    body: '{"properties": {"ttl": 3600, "txtRecords": [{"value": ["foobar"]}]}}'
    headers:
      Accept:
      - application/json
      Accept-Encoding:
      - gzip, deflate
      CommandName:
      - network private-dns zone import
      Connection:
      - keep-alive
      Content-Length:
      - '68'
      Content-Type:
      - application/json; charset=utf-8
      ParameterSetName:
      - -n -g --file-name
      User-Agent:
      - python/3.8.2 (Windows-10-10.0.18362-SP0) msrest/0.6.11 msrest_azure/0.6.3
        azure-mgmt-privatedns/0.1.0 Azure-SDK-For-Python AZURECLI/2.3.1
      accept-language:
      - en-US
    method: PUT
    uri: https://management.azure.com/subscriptions/00000000-0000-0000-0000-000000000000/resourceGroups/cli_private_dns_zone2_import000001/providers/Microsoft.Network/privateDnsZones/zone2.com/TXT/t11?api-version=2018-09-01
  response:
    body:
      string: '{"id":"\/subscriptions\/52bae96a-3806-426c-a5dc-1ae6016b5f15\/resourceGroups\/cli_private_dns_zone2_import000001\/providers\/Microsoft.Network\/privateDnsZones\/zone2.com\/TXT\/t11","name":"t11","type":"Microsoft.Network\/privateDnsZones\/TXT","etag":"57ede89f-5f8f-4221-a429-f9d6ac0d502d","properties":{"fqdn":"t11.zone2.com.","ttl":3600,"txtRecords":[{"value":["foobar"]}],"isAutoRegistered":false}}'
    headers:
      cache-control:
      - private
      content-length:
      - '442'
      content-type:
      - application/json; charset=utf-8
      date:
      - Wed, 22 Apr 2020 09:03:19 GMT
      etag:
      - 57ede89f-5f8f-4221-a429-f9d6ac0d502d
      server:
      - Microsoft-IIS/10.0
      strict-transport-security:
      - max-age=31536000; includeSubDomains
      x-aspnet-version:
      - 4.0.30319
      x-content-type-options:
      - nosniff
      x-ms-ratelimit-remaining-subscription-resource-requests:
      - '11991'
      x-powered-by:
      - ASP.NET
    status:
      code: 201
      message: Created
- request:
    body: '{"properties": {"ttl": 3600, "aRecords": [{"ipv4Address": "194.124.202.114"}]}}'
    headers:
      Accept:
      - application/json
      Accept-Encoding:
      - gzip, deflate
      CommandName:
      - network private-dns zone import
      Connection:
      - keep-alive
      Content-Length:
      - '79'
      Content-Type:
      - application/json; charset=utf-8
      ParameterSetName:
      - -n -g --file-name
      User-Agent:
      - python/3.8.2 (Windows-10-10.0.18362-SP0) msrest/0.6.11 msrest_azure/0.6.3
        azure-mgmt-privatedns/0.1.0 Azure-SDK-For-Python AZURECLI/2.3.1
      accept-language:
      - en-US
    method: PUT
    uri: https://management.azure.com/subscriptions/00000000-0000-0000-0000-000000000000/resourceGroups/cli_private_dns_zone2_import000001/providers/Microsoft.Network/privateDnsZones/zone2.com/A/base?api-version=2018-09-01
  response:
    body:
      string: '{"id":"\/subscriptions\/52bae96a-3806-426c-a5dc-1ae6016b5f15\/resourceGroups\/cli_private_dns_zone2_import000001\/providers\/Microsoft.Network\/privateDnsZones\/zone2.com\/A\/base","name":"base","type":"Microsoft.Network\/privateDnsZones\/A","etag":"6e6da7ae-0621-4306-a2a2-8a5617f67128","properties":{"fqdn":"base.zone2.com.","ttl":3600,"aRecords":[{"ipv4Address":"194.124.202.114"}],"isAutoRegistered":false}}'
    headers:
      cache-control:
      - private
      content-length:
      - '452'
      content-type:
      - application/json; charset=utf-8
      date:
      - Wed, 22 Apr 2020 09:03:20 GMT
      etag:
      - 6e6da7ae-0621-4306-a2a2-8a5617f67128
      server:
      - Microsoft-IIS/10.0
      strict-transport-security:
      - max-age=31536000; includeSubDomains
      x-aspnet-version:
      - 4.0.30319
      x-content-type-options:
      - nosniff
      x-ms-ratelimit-remaining-subscription-resource-requests:
      - '11996'
      x-powered-by:
      - ASP.NET
    status:
      code: 201
      message: Created
- request:
    body: '{"properties": {"ttl": 3600, "mxRecords": [{"preference": 10, "exchange":
      "be.xpiler.de."}]}}'
    headers:
      Accept:
      - application/json
      Accept-Encoding:
      - gzip, deflate
      CommandName:
      - network private-dns zone import
      Connection:
      - keep-alive
      Content-Length:
      - '93'
      Content-Type:
      - application/json; charset=utf-8
      ParameterSetName:
      - -n -g --file-name
      User-Agent:
      - python/3.8.2 (Windows-10-10.0.18362-SP0) msrest/0.6.11 msrest_azure/0.6.3
        azure-mgmt-privatedns/0.1.0 Azure-SDK-For-Python AZURECLI/2.3.1
      accept-language:
      - en-US
    method: PUT
    uri: https://management.azure.com/subscriptions/00000000-0000-0000-0000-000000000000/resourceGroups/cli_private_dns_zone2_import000001/providers/Microsoft.Network/privateDnsZones/zone2.com/MX/base?api-version=2018-09-01
  response:
    body:
      string: '{"id":"\/subscriptions\/52bae96a-3806-426c-a5dc-1ae6016b5f15\/resourceGroups\/cli_private_dns_zone2_import000001\/providers\/Microsoft.Network\/privateDnsZones\/zone2.com\/MX\/base","name":"base","type":"Microsoft.Network\/privateDnsZones\/MX","etag":"54784f74-b0bf-47cc-a2e3-7574d2fddd3e","properties":{"fqdn":"base.zone2.com.","ttl":3600,"mxRecords":[{"exchange":"be.xpiler.de.","preference":10}],"isAutoRegistered":false}}'
    headers:
      cache-control:
      - private
      content-length:
      - '466'
      content-type:
      - application/json; charset=utf-8
      date:
      - Wed, 22 Apr 2020 09:03:21 GMT
      etag:
      - 54784f74-b0bf-47cc-a2e3-7574d2fddd3e
      server:
      - Microsoft-IIS/10.0
      strict-transport-security:
      - max-age=31536000; includeSubDomains
      x-aspnet-version:
      - 4.0.30319
      x-content-type-options:
      - nosniff
      x-ms-ratelimit-remaining-subscription-resource-requests:
      - '11998'
      x-powered-by:
      - ASP.NET
    status:
      code: 201
      message: Created
- request:
    body: '{"properties": {"ttl": 3600, "txtRecords": [{"value": ["v=spf1 mx include:_spf4.xcaign.de
      include:_spf6.xcaign.de -all"]}, {"value": ["spf2.0/mfrom,pra mx ip4:15.19.14.0/24
      ip4:8.8.11.4/27 ip4:9.16.20.19/26 -all"]}]}}'
    headers:
      Accept:
      - application/json
      Accept-Encoding:
      - gzip, deflate
      CommandName:
      - network private-dns zone import
      Connection:
      - keep-alive
      Content-Length:
      - '217'
      Content-Type:
      - application/json; charset=utf-8
      ParameterSetName:
      - -n -g --file-name
      User-Agent:
      - python/3.8.2 (Windows-10-10.0.18362-SP0) msrest/0.6.11 msrest_azure/0.6.3
        azure-mgmt-privatedns/0.1.0 Azure-SDK-For-Python AZURECLI/2.3.1
      accept-language:
      - en-US
    method: PUT
    uri: https://management.azure.com/subscriptions/00000000-0000-0000-0000-000000000000/resourceGroups/cli_private_dns_zone2_import000001/providers/Microsoft.Network/privateDnsZones/zone2.com/TXT/base?api-version=2018-09-01
  response:
    body:
      string: '{"id":"\/subscriptions\/52bae96a-3806-426c-a5dc-1ae6016b5f15\/resourceGroups\/cli_private_dns_zone2_import000001\/providers\/Microsoft.Network\/privateDnsZones\/zone2.com\/TXT\/base","name":"base","type":"Microsoft.Network\/privateDnsZones\/TXT","etag":"68fb706b-f996-42da-9266-9feadf0c0056","properties":{"fqdn":"base.zone2.com.","ttl":3600,"txtRecords":[{"value":["v=spf1
        mx include:_spf4.xcaign.de include:_spf6.xcaign.de -all"]},{"value":["spf2.0\/mfrom,pra
        mx ip4:15.19.14.0\/24 ip4:8.8.11.4\/27 ip4:9.16.20.19\/26 -all"]}],"isAutoRegistered":false}}'
    headers:
      cache-control:
      - private
      content-length:
      - '596'
      content-type:
      - application/json; charset=utf-8
      date:
      - Wed, 22 Apr 2020 09:03:23 GMT
      etag:
      - 68fb706b-f996-42da-9266-9feadf0c0056
      server:
      - Microsoft-IIS/10.0
      strict-transport-security:
      - max-age=31536000; includeSubDomains
      x-aspnet-version:
      - 4.0.30319
      x-content-type-options:
      - nosniff
      x-ms-ratelimit-remaining-subscription-resource-requests:
      - '11993'
      x-powered-by:
      - ASP.NET
    status:
      code: 201
      message: Created
- request:
    body: '{"properties": {"ttl": 3600, "aRecords": [{"ipv4Address": "194.124.202.114"}]}}'
    headers:
      Accept:
      - application/json
      Accept-Encoding:
      - gzip, deflate
      CommandName:
      - network private-dns zone import
      Connection:
      - keep-alive
      Content-Length:
      - '79'
      Content-Type:
      - application/json; charset=utf-8
      ParameterSetName:
      - -n -g --file-name
      User-Agent:
      - python/3.8.2 (Windows-10-10.0.18362-SP0) msrest/0.6.11 msrest_azure/0.6.3
        azure-mgmt-privatedns/0.1.0 Azure-SDK-For-Python AZURECLI/2.3.1
      accept-language:
      - en-US
    method: PUT
    uri: https://management.azure.com/subscriptions/00000000-0000-0000-0000-000000000000/resourceGroups/cli_private_dns_zone2_import000001/providers/Microsoft.Network/privateDnsZones/zone2.com/A/even?api-version=2018-09-01
  response:
    body:
      string: '{"id":"\/subscriptions\/52bae96a-3806-426c-a5dc-1ae6016b5f15\/resourceGroups\/cli_private_dns_zone2_import000001\/providers\/Microsoft.Network\/privateDnsZones\/zone2.com\/A\/even","name":"even","type":"Microsoft.Network\/privateDnsZones\/A","etag":"4d49f9f9-9c01-4dc9-a961-00ba66ca9e25","properties":{"fqdn":"even.zone2.com.","ttl":3600,"aRecords":[{"ipv4Address":"194.124.202.114"}],"isAutoRegistered":false}}'
    headers:
      cache-control:
      - private
      content-length:
      - '452'
      content-type:
      - application/json; charset=utf-8
      date:
      - Wed, 22 Apr 2020 09:03:24 GMT
      etag:
      - 4d49f9f9-9c01-4dc9-a961-00ba66ca9e25
      server:
      - Microsoft-IIS/10.0
      strict-transport-security:
      - max-age=31536000; includeSubDomains
      x-aspnet-version:
      - 4.0.30319
      x-content-type-options:
      - nosniff
      x-ms-ratelimit-remaining-subscription-resource-requests:
      - '11997'
      x-powered-by:
      - ASP.NET
    status:
      code: 201
      message: Created
- request:
    body: '{"properties": {"ttl": 3600, "mxRecords": [{"preference": 10, "exchange":
      "be.xpiler.de."}]}}'
    headers:
      Accept:
      - application/json
      Accept-Encoding:
      - gzip, deflate
      CommandName:
      - network private-dns zone import
      Connection:
      - keep-alive
      Content-Length:
      - '93'
      Content-Type:
      - application/json; charset=utf-8
      ParameterSetName:
      - -n -g --file-name
      User-Agent:
      - python/3.8.2 (Windows-10-10.0.18362-SP0) msrest/0.6.11 msrest_azure/0.6.3
        azure-mgmt-privatedns/0.1.0 Azure-SDK-For-Python AZURECLI/2.3.1
      accept-language:
      - en-US
    method: PUT
    uri: https://management.azure.com/subscriptions/00000000-0000-0000-0000-000000000000/resourceGroups/cli_private_dns_zone2_import000001/providers/Microsoft.Network/privateDnsZones/zone2.com/MX/even?api-version=2018-09-01
  response:
    body:
      string: '{"id":"\/subscriptions\/52bae96a-3806-426c-a5dc-1ae6016b5f15\/resourceGroups\/cli_private_dns_zone2_import000001\/providers\/Microsoft.Network\/privateDnsZones\/zone2.com\/MX\/even","name":"even","type":"Microsoft.Network\/privateDnsZones\/MX","etag":"a2f13a19-1f6a-45e0-b575-a526053431e7","properties":{"fqdn":"even.zone2.com.","ttl":3600,"mxRecords":[{"exchange":"be.xpiler.de.","preference":10}],"isAutoRegistered":false}}'
    headers:
      cache-control:
      - private
      content-length:
      - '466'
      content-type:
      - application/json; charset=utf-8
      date:
      - Wed, 22 Apr 2020 09:03:25 GMT
      etag:
      - a2f13a19-1f6a-45e0-b575-a526053431e7
      server:
      - Microsoft-IIS/10.0
      strict-transport-security:
      - max-age=31536000; includeSubDomains
      x-aspnet-version:
      - 4.0.30319
      x-content-type-options:
      - nosniff
      x-ms-ratelimit-remaining-subscription-resource-requests:
      - '11999'
      x-powered-by:
      - ASP.NET
    status:
      code: 201
      message: Created
- request:
    body: '{"properties": {"ttl": 3600, "txtRecords": [{"value": ["v=spf1 mx include:_spf4.xgn.de
      include:_spf6.xgn.de -all"]}]}}'
    headers:
      Accept:
      - application/json
      Accept-Encoding:
      - gzip, deflate
      CommandName:
      - network private-dns zone import
      Connection:
      - keep-alive
      Content-Length:
      - '118'
      Content-Type:
      - application/json; charset=utf-8
      ParameterSetName:
      - -n -g --file-name
      User-Agent:
      - python/3.8.2 (Windows-10-10.0.18362-SP0) msrest/0.6.11 msrest_azure/0.6.3
        azure-mgmt-privatedns/0.1.0 Azure-SDK-For-Python AZURECLI/2.3.1
      accept-language:
      - en-US
    method: PUT
    uri: https://management.azure.com/subscriptions/00000000-0000-0000-0000-000000000000/resourceGroups/cli_private_dns_zone2_import000001/providers/Microsoft.Network/privateDnsZones/zone2.com/TXT/even?api-version=2018-09-01
  response:
    body:
      string: '{"id":"\/subscriptions\/52bae96a-3806-426c-a5dc-1ae6016b5f15\/resourceGroups\/cli_private_dns_zone2_import000001\/providers\/Microsoft.Network\/privateDnsZones\/zone2.com\/TXT\/even","name":"even","type":"Microsoft.Network\/privateDnsZones\/TXT","etag":"95089462-e006-4531-a903-7ff90a4d39be","properties":{"fqdn":"even.zone2.com.","ttl":3600,"txtRecords":[{"value":["v=spf1
        mx include:_spf4.xgn.de include:_spf6.xgn.de -all"]}],"isAutoRegistered":false}}'
    headers:
      cache-control:
      - private
      content-length:
      - '495'
      content-type:
      - application/json; charset=utf-8
      date:
      - Wed, 22 Apr 2020 09:03:27 GMT
      etag:
      - 95089462-e006-4531-a903-7ff90a4d39be
      server:
      - Microsoft-IIS/10.0
      strict-transport-security:
      - max-age=31536000; includeSubDomains
      x-aspnet-version:
      - 4.0.30319
      x-content-type-options:
      - nosniff
      x-ms-ratelimit-remaining-subscription-resource-requests:
      - '11994'
      x-powered-by:
      - ASP.NET
    status:
      code: 201
      message: Created
- request:
    body: null
    headers:
      Accept:
      - application/json
      Accept-Encoding:
      - gzip, deflate
      CommandName:
      - network private-dns record-set list
      Connection:
      - keep-alive
      ParameterSetName:
      - -g -z
      User-Agent:
      - python/3.8.2 (Windows-10-10.0.18362-SP0) msrest/0.6.11 msrest_azure/0.6.3
        azure-mgmt-privatedns/0.1.0 Azure-SDK-For-Python AZURECLI/2.3.1
      accept-language:
      - en-US
    method: GET
    uri: https://management.azure.com/subscriptions/00000000-0000-0000-0000-000000000000/resourceGroups/cli_private_dns_zone2_import000001/providers/Microsoft.Network/privateDnsZones/zone2.com/ALL?api-version=2018-09-01
  response:
    body:
      string: '{"value":[{"id":"\/subscriptions\/52bae96a-3806-426c-a5dc-1ae6016b5f15\/resourceGroups\/cli_private_dns_zone2_import000001\/providers\/Microsoft.Network\/privateDnsZones\/zone2.com\/PTR\/160.1","name":"160.1","type":"Microsoft.Network\/privateDnsZones\/PTR","etag":"c97b6c02-e644-42e5-bf33-52d15bd2efc7","properties":{"fqdn":"160.1.zone2.com.","ttl":3600,"ptrRecords":[{"ptrdname":"foo.com."}],"isAutoRegistered":false}},{"id":"\/subscriptions\/52bae96a-3806-426c-a5dc-1ae6016b5f15\/resourceGroups\/cli_private_dns_zone2_import000001\/providers\/Microsoft.Network\/privateDnsZones\/zone2.com\/PTR\/160.2","name":"160.2","type":"Microsoft.Network\/privateDnsZones\/PTR","etag":"18268251-772e-4ee9-8788-2c7430eda3b9","properties":{"fqdn":"160.2.zone2.com.","ttl":3600,"ptrRecords":[{"ptrdname":"foobar.com."},{"ptrdname":"bar.com."}],"isAutoRegistered":false}},{"id":"\/subscriptions\/52bae96a-3806-426c-a5dc-1ae6016b5f15\/resourceGroups\/cli_private_dns_zone2_import000001\/providers\/Microsoft.Network\/privateDnsZones\/zone2.com\/A\/200","name":"200","type":"Microsoft.Network\/privateDnsZones\/A","etag":"146d97bc-71d1-4231-8d28-8c3c31932f1d","properties":{"fqdn":"200.zone2.com.","ttl":3600,"aRecords":[{"ipv4Address":"7.8.9.0"}],"isAutoRegistered":false}},{"id":"\/subscriptions\/52bae96a-3806-426c-a5dc-1ae6016b5f15\/resourceGroups\/cli_private_dns_zone2_import000001\/providers\/Microsoft.Network\/privateDnsZones\/zone2.com\/PTR\/160.3","name":"160.3","type":"Microsoft.Network\/privateDnsZones\/PTR","etag":"af4e55b1-6337-409b-8d0a-0c6570e48307","properties":{"fqdn":"160.3.zone2.com.","ttl":3600,"ptrRecords":[{"ptrdname":"foo.com."},{"ptrdname":"bar.com."}],"isAutoRegistered":false}},{"id":"\/subscriptions\/52bae96a-3806-426c-a5dc-1ae6016b5f15\/resourceGroups\/cli_private_dns_zone2_import000001\/providers\/Microsoft.Network\/privateDnsZones\/zone2.com\/SOA\/@","name":"@","type":"Microsoft.Network\/privateDnsZones\/SOA","etag":"5e89f385-9cb1-4f51-bff1-37dd4dc7f330","properties":{"fqdn":"zone2.com.","ttl":3600,"soaRecord":{"email":"hostmaster.","expireTime":86400,"host":"azureprivatedns.net","minimumTTL":null,"refreshTime":900,"retryTime":600,"serialNumber":1,"minimumTtl":3600},"isAutoRegistered":false}},{"id":"\/subscriptions\/52bae96a-3806-426c-a5dc-1ae6016b5f15\/resourceGroups\/cli_private_dns_zone2_import000001\/providers\/Microsoft.Network\/privateDnsZones\/zone2.com\/TXT\/@","name":"@","type":"Microsoft.Network\/privateDnsZones\/TXT","etag":"84c01b4f-eff1-49e0-9ed8-c39a7b9fbba7","properties":{"fqdn":"zone2.com.","ttl":200,"txtRecords":[{"value":["this
        is another SPF, this time as TXT"]},{"value":["v=spf1 mx ip4:14.14.22.0\/23
        a:mail.trum.ch mx:mese.ch include:spf.mapp.com ?all"]}],"isAutoRegistered":false}},{"id":"\/subscriptions\/52bae96a-3806-426c-a5dc-1ae6016b5f15\/resourceGroups\/cli_private_dns_zone2_import000001\/providers\/Microsoft.Network\/privateDnsZones\/zone2.com\/A\/a2","name":"a2","type":"Microsoft.Network\/privateDnsZones\/A","etag":"1542e877-d4e5-4033-846e-458a5d2d3f2c","properties":{"fqdn":"a2.zone2.com.","ttl":3600,"aRecords":[{"ipv4Address":"1.2.3.4"},{"ipv4Address":"2.3.4.5"}],"isAutoRegistered":false}},{"id":"\/subscriptions\/52bae96a-3806-426c-a5dc-1ae6016b5f15\/resourceGroups\/cli_private_dns_zone2_import000001\/providers\/Microsoft.Network\/privateDnsZones\/zone2.com\/A\/aa","name":"aa","type":"Microsoft.Network\/privateDnsZones\/A","etag":"8acb290f-4208-48d9-acc8-fb9fa7d9b35f","properties":{"fqdn":"aa.zone2.com.","ttl":100,"aRecords":[{"ipv4Address":"4.5.6.7"},{"ipv4Address":"6.7.8.9"}],"isAutoRegistered":false}},{"id":"\/subscriptions\/52bae96a-3806-426c-a5dc-1ae6016b5f15\/resourceGroups\/cli_private_dns_zone2_import000001\/providers\/Microsoft.Network\/privateDnsZones\/zone2.com\/MX\/aa","name":"aa","type":"Microsoft.Network\/privateDnsZones\/MX","etag":"83d861b1-0a55-45b0-a535-ea340859dfe2","properties":{"fqdn":"aa.zone2.com.","ttl":300,"mxRecords":[{"exchange":"foo.com.zone2.com.","preference":1}],"isAutoRegistered":false}},{"id":"\/subscriptions\/52bae96a-3806-426c-a5dc-1ae6016b5f15\/resourceGroups\/cli_private_dns_zone2_import000001\/providers\/Microsoft.Network\/privateDnsZones\/zone2.com\/AAAA\/aaaa2","name":"aaaa2","type":"Microsoft.Network\/privateDnsZones\/AAAA","etag":"7eb8c34e-4fa2-4786-bdf0-e40f312c04ec","properties":{"fqdn":"aaaa2.zone2.com.","ttl":3600,"aaaaRecords":[{"ipv6Address":"2001:cafe:130::100"},{"ipv6Address":"2001:cafe:130::101"}],"isAutoRegistered":false}},{"id":"\/subscriptions\/52bae96a-3806-426c-a5dc-1ae6016b5f15\/resourceGroups\/cli_private_dns_zone2_import000001\/providers\/Microsoft.Network\/privateDnsZones\/zone2.com\/A\/base","name":"base","type":"Microsoft.Network\/privateDnsZones\/A","etag":"6e6da7ae-0621-4306-a2a2-8a5617f67128","properties":{"fqdn":"base.zone2.com.","ttl":3600,"aRecords":[{"ipv4Address":"194.124.202.114"}],"isAutoRegistered":false}},{"id":"\/subscriptions\/52bae96a-3806-426c-a5dc-1ae6016b5f15\/resourceGroups\/cli_private_dns_zone2_import000001\/providers\/Microsoft.Network\/privateDnsZones\/zone2.com\/MX\/base","name":"base","type":"Microsoft.Network\/privateDnsZones\/MX","etag":"54784f74-b0bf-47cc-a2e3-7574d2fddd3e","properties":{"fqdn":"base.zone2.com.","ttl":3600,"mxRecords":[{"exchange":"be.xpiler.de.","preference":10}],"isAutoRegistered":false}},{"id":"\/subscriptions\/52bae96a-3806-426c-a5dc-1ae6016b5f15\/resourceGroups\/cli_private_dns_zone2_import000001\/providers\/Microsoft.Network\/privateDnsZones\/zone2.com\/TXT\/base","name":"base","type":"Microsoft.Network\/privateDnsZones\/TXT","etag":"68fb706b-f996-42da-9266-9feadf0c0056","properties":{"fqdn":"base.zone2.com.","ttl":3600,"txtRecords":[{"value":["v=spf1
        mx include:_spf4.xcaign.de include:_spf6.xcaign.de -all"]},{"value":["spf2.0\/mfrom,pra
        mx ip4:15.19.14.0\/24 ip4:8.8.11.4\/27 ip4:9.16.20.19\/26 -all"]}],"isAutoRegistered":false}},{"id":"\/subscriptions\/52bae96a-3806-426c-a5dc-1ae6016b5f15\/resourceGroups\/cli_private_dns_zone2_import000001\/providers\/Microsoft.Network\/privateDnsZones\/zone2.com\/TXT\/doozie","name":"doozie","type":"Microsoft.Network\/privateDnsZones\/TXT","etag":"c451e862-8d1b-4427-9c82-9344d185236d","properties":{"fqdn":"doozie.zone2.com.","ttl":3600,"txtRecords":[{"value":["abcdefghijklmnopqrstuvwxyz1234567890abcdefghijklmnopqrstuvwxyz1234567890abcdefghijklmnopqrstuvwxyz1234567890"]}],"isAutoRegistered":false}},{"id":"\/subscriptions\/52bae96a-3806-426c-a5dc-1ae6016b5f15\/resourceGroups\/cli_private_dns_zone2_import000001\/providers\/Microsoft.Network\/privateDnsZones\/zone2.com\/A\/even","name":"even","type":"Microsoft.Network\/privateDnsZones\/A","etag":"4d49f9f9-9c01-4dc9-a961-00ba66ca9e25","properties":{"fqdn":"even.zone2.com.","ttl":3600,"aRecords":[{"ipv4Address":"194.124.202.114"}],"isAutoRegistered":false}},{"id":"\/subscriptions\/52bae96a-3806-426c-a5dc-1ae6016b5f15\/resourceGroups\/cli_private_dns_zone2_import000001\/providers\/Microsoft.Network\/privateDnsZones\/zone2.com\/MX\/even","name":"even","type":"Microsoft.Network\/privateDnsZones\/MX","etag":"a2f13a19-1f6a-45e0-b575-a526053431e7","properties":{"fqdn":"even.zone2.com.","ttl":3600,"mxRecords":[{"exchange":"be.xpiler.de.","preference":10}],"isAutoRegistered":false}},{"id":"\/subscriptions\/52bae96a-3806-426c-a5dc-1ae6016b5f15\/resourceGroups\/cli_private_dns_zone2_import000001\/providers\/Microsoft.Network\/privateDnsZones\/zone2.com\/TXT\/even","name":"even","type":"Microsoft.Network\/privateDnsZones\/TXT","etag":"95089462-e006-4531-a903-7ff90a4d39be","properties":{"fqdn":"even.zone2.com.","ttl":3600,"txtRecords":[{"value":["v=spf1
        mx include:_spf4.xgn.de include:_spf6.xgn.de -all"]}],"isAutoRegistered":false}},{"id":"\/subscriptions\/52bae96a-3806-426c-a5dc-1ae6016b5f15\/resourceGroups\/cli_private_dns_zone2_import000001\/providers\/Microsoft.Network\/privateDnsZones\/zone2.com\/CNAME\/fee2","name":"fee2","type":"Microsoft.Network\/privateDnsZones\/CNAME","etag":"ae703705-0cd2-43eb-ab84-3d0d1a2c80d8","properties":{"fqdn":"fee2.zone2.com.","ttl":3600,"cnameRecord":{"cname":"bar.com."},"isAutoRegistered":false}},{"id":"\/subscriptions\/52bae96a-3806-426c-a5dc-1ae6016b5f15\/resourceGroups\/cli_private_dns_zone2_import000001\/providers\/Microsoft.Network\/privateDnsZones\/zone2.com\/TXT\/longtxt","name":"longtxt","type":"Microsoft.Network\/privateDnsZones\/TXT","etag":"23ea6c51-4481-4b75-97c4-6ede006b467c","properties":{"fqdn":"longtxt.zone2.com.","ttl":999,"txtRecords":[{"value":["this
        is a super long txt record...wow, it is really really long!  And I even used
        copy and paste to make it longer....this is a super long txt record...wow,
        it is really really long!  And I even used copy and paste to make it longer....this
        is a super lon","g txt record...wow, it is really really long!  And I even
        used copy and paste to make it longer....this is a super long txt record...wow,
        it is really really long!  And I even used copy and paste to make it longer....this
        is a super long txt record...wow,"," it is really really long!  And I even
        used copy and paste to make it longer....this is a super long txt record...wow,
        it is really really long!  And I even used copy and paste to make it longer....this
        is a super long txt record...wow, it is really reall","y long!  And I even
        used copy and paste to make it longer....this is a super long txt record...wow,
        it is really really long!  And I even used copy and paste to make it longer...."]}],"isAutoRegistered":false}},{"id":"\/subscriptions\/52bae96a-3806-426c-a5dc-1ae6016b5f15\/resourceGroups\/cli_private_dns_zone2_import000001\/providers\/Microsoft.Network\/privateDnsZones\/zone2.com\/TXT\/longtxt2","name":"longtxt2","type":"Microsoft.Network\/privateDnsZones\/TXT","etag":"a56e3b35-229c-4ffa-bc5f-cfc71d85e8e1","properties":{"fqdn":"longtxt2.zone2.com.","ttl":100,"txtRecords":[{"value":["012345678901234567890123456789012345678901234567890123456789012345678901234567890123456789012345678901234567890123456789012345678901234567890123456789012345678901234567890123456789012345678901234567890123456789012345678901234567890123456789012345678901234","56789012345678901234567890123456789012345678901234567890123456789012345678901234567890123456789012345678901234567890123456789012345678901234567890123456789012345678901234567890123456789012345678901234567890123456789012345678901234567890123456789"]}],"isAutoRegistered":false}},{"id":"\/subscriptions\/52bae96a-3806-426c-a5dc-1ae6016b5f15\/resourceGroups\/cli_private_dns_zone2_import000001\/providers\/Microsoft.Network\/privateDnsZones\/zone2.com\/MX\/mail","name":"mail","type":"Microsoft.Network\/privateDnsZones\/MX","etag":"3656fa8c-4eba-498e-9bcb-e2cf60fa1fa1","properties":{"fqdn":"mail.zone2.com.","ttl":3600,"mxRecords":[{"exchange":"mail1.mymail.com.","preference":10},{"exchange":"flooble.","preference":11}],"isAutoRegistered":false}},{"id":"\/subscriptions\/52bae96a-3806-426c-a5dc-1ae6016b5f15\/resourceGroups\/cli_private_dns_zone2_import000001\/providers\/Microsoft.Network\/privateDnsZones\/zone2.com\/TXT\/myspf","name":"myspf","type":"Microsoft.Network\/privateDnsZones\/TXT","etag":"d4e09f6f-fca8-45fb-a83d-cc6af4a2c9ef","properties":{"fqdn":"myspf.zone2.com.","ttl":100,"txtRecords":[{"value":["this
        is an SPF record! Convert to TXT on import"]}],"isAutoRegistered":false}},{"id":"\/subscriptions\/52bae96a-3806-426c-a5dc-1ae6016b5f15\/resourceGroups\/cli_private_dns_zone2_import000001\/providers\/Microsoft.Network\/privateDnsZones\/zone2.com\/TXT\/spaces","name":"spaces","type":"Microsoft.Network\/privateDnsZones\/TXT","etag":"9c0fb31f-bf4e-41b0-9a1b-0370279137ac","properties":{"fqdn":"spaces.zone2.com.","ttl":3600,"txtRecords":[{"value":["  a  "]}],"isAutoRegistered":false}},{"id":"\/subscriptions\/52bae96a-3806-426c-a5dc-1ae6016b5f15\/resourceGroups\/cli_private_dns_zone2_import000001\/providers\/Microsoft.Network\/privateDnsZones\/zone2.com\/TXT\/t1","name":"t1","type":"Microsoft.Network\/privateDnsZones\/TXT","etag":"777e5139-9536-496c-a51c-0694cab6332c","properties":{"fqdn":"t1.zone2.com.","ttl":3600,"txtRecords":[{"value":["foobar"]}],"isAutoRegistered":false}},{"id":"\/subscriptions\/52bae96a-3806-426c-a5dc-1ae6016b5f15\/resourceGroups\/cli_private_dns_zone2_import000001\/providers\/Microsoft.Network\/privateDnsZones\/zone2.com\/TXT\/t10","name":"t10","type":"Microsoft.Network\/privateDnsZones\/TXT","etag":"8784c942-4849-4891-b612-ab329d808a8a","properties":{"fqdn":"t10.zone2.com.","ttl":3600,"txtRecords":[{"value":["foo
        bar"]}],"isAutoRegistered":false}},{"id":"\/subscriptions\/52bae96a-3806-426c-a5dc-1ae6016b5f15\/resourceGroups\/cli_private_dns_zone2_import000001\/providers\/Microsoft.Network\/privateDnsZones\/zone2.com\/TXT\/t11","name":"t11","type":"Microsoft.Network\/privateDnsZones\/TXT","etag":"57ede89f-5f8f-4221-a429-f9d6ac0d502d","properties":{"fqdn":"t11.zone2.com.","ttl":3600,"txtRecords":[{"value":["foobar"]}],"isAutoRegistered":false}},{"id":"\/subscriptions\/52bae96a-3806-426c-a5dc-1ae6016b5f15\/resourceGroups\/cli_private_dns_zone2_import000001\/providers\/Microsoft.Network\/privateDnsZones\/zone2.com\/TXT\/t2","name":"t2","type":"Microsoft.Network\/privateDnsZones\/TXT","etag":"309f5ec5-54ce-468a-a76a-d520924caf0d","properties":{"fqdn":"t2.zone2.com.","ttl":3600,"txtRecords":[{"value":["foobar"]}],"isAutoRegistered":false}},{"id":"\/subscriptions\/52bae96a-3806-426c-a5dc-1ae6016b5f15\/resourceGroups\/cli_private_dns_zone2_import000001\/providers\/Microsoft.Network\/privateDnsZones\/zone2.com\/TXT\/t3","name":"t3","type":"Microsoft.Network\/privateDnsZones\/TXT","etag":"6a1b2bf1-549f-4bf0-9605-beeff2eb1f6d","properties":{"fqdn":"t3.zone2.com.","ttl":3600,"txtRecords":[{"value":["foobar"]}],"isAutoRegistered":false}},{"id":"\/subscriptions\/52bae96a-3806-426c-a5dc-1ae6016b5f15\/resourceGroups\/cli_private_dns_zone2_import000001\/providers\/Microsoft.Network\/privateDnsZones\/zone2.com\/TXT\/t4","name":"t4","type":"Microsoft.Network\/privateDnsZones\/TXT","etag":"e0cf41a3-1678-4fd2-8cb6-e4008480c7f0","properties":{"fqdn":"t4.zone2.com.","ttl":3600,"txtRecords":[{"value":["foo;bar"]}],"isAutoRegistered":false}},{"id":"\/subscriptions\/52bae96a-3806-426c-a5dc-1ae6016b5f15\/resourceGroups\/cli_private_dns_zone2_import000001\/providers\/Microsoft.Network\/privateDnsZones\/zone2.com\/TXT\/t5","name":"t5","type":"Microsoft.Network\/privateDnsZones\/TXT","etag":"35fd720b-1ae8-48d2-8c33-5d636b294acd","properties":{"fqdn":"t5.zone2.com.","ttl":3600,"txtRecords":[{"value":["foo\\;bar"]}],"isAutoRegistered":false}},{"id":"\/subscriptions\/52bae96a-3806-426c-a5dc-1ae6016b5f15\/resourceGroups\/cli_private_dns_zone2_import000001\/providers\/Microsoft.Network\/privateDnsZones\/zone2.com\/TXT\/t6","name":"t6","type":"Microsoft.Network\/privateDnsZones\/TXT","etag":"3aa17418-c8d0-4175-899d-17292e3706a2","properties":{"fqdn":"t6.zone2.com.","ttl":3600,"txtRecords":[{"value":["foo\\;bar"]}],"isAutoRegistered":false}},{"id":"\/subscriptions\/52bae96a-3806-426c-a5dc-1ae6016b5f15\/resourceGroups\/cli_private_dns_zone2_import000001\/providers\/Microsoft.Network\/privateDnsZones\/zone2.com\/TXT\/t7","name":"t7","type":"Microsoft.Network\/privateDnsZones\/TXT","etag":"599cd463-8182-4ec6-a342-a7404d9c256e","properties":{"fqdn":"t7.zone2.com.","ttl":3600,"txtRecords":[{"value":["\\\"quoted
        string\\\""]}],"isAutoRegistered":false}},{"id":"\/subscriptions\/52bae96a-3806-426c-a5dc-1ae6016b5f15\/resourceGroups\/cli_private_dns_zone2_import000001\/providers\/Microsoft.Network\/privateDnsZones\/zone2.com\/TXT\/t8","name":"t8","type":"Microsoft.Network\/privateDnsZones\/TXT","etag":"cac04611-68bd-4c6b-948e-91651f96db3c","properties":{"fqdn":"t8.zone2.com.","ttl":3600,"txtRecords":[{"value":["foobar"]}],"isAutoRegistered":false}},{"id":"\/subscriptions\/52bae96a-3806-426c-a5dc-1ae6016b5f15\/resourceGroups\/cli_private_dns_zone2_import000001\/providers\/Microsoft.Network\/privateDnsZones\/zone2.com\/TXT\/t9","name":"t9","type":"Microsoft.Network\/privateDnsZones\/TXT","etag":"bd0637aa-377b-4263-8f09-3fd7b7cce108","properties":{"fqdn":"t9.zone2.com.","ttl":3600,"txtRecords":[{"value":["foobarr"]}],"isAutoRegistered":false}},{"id":"\/subscriptions\/52bae96a-3806-426c-a5dc-1ae6016b5f15\/resourceGroups\/cli_private_dns_zone2_import000001\/providers\/Microsoft.Network\/privateDnsZones\/zone2.com\/SRV\/sip.tcp","name":"sip.tcp","type":"Microsoft.Network\/privateDnsZones\/SRV","etag":"24cbfe41-46df-4eda-a1a7-9589b230da1c","properties":{"fqdn":"sip.tcp.zone2.com.","ttl":3600,"srvRecords":[{"port":30,"priority":10,"target":"foobar.","weight":20},{"port":77,"priority":55,"target":"zoo.","weight":66}],"isAutoRegistered":false}},{"id":"\/subscriptions\/52bae96a-3806-426c-a5dc-1ae6016b5f15\/resourceGroups\/cli_private_dns_zone2_import000001\/providers\/Microsoft.Network\/privateDnsZones\/zone2.com\/TXT\/test-txt2","name":"test-txt2","type":"Microsoft.Network\/privateDnsZones\/TXT","etag":"200f0f71-bc80-4a29-b0a7-d65a8d1f38f0","properties":{"fqdn":"test-txt2.zone2.com.","ttl":3600,"txtRecords":[{"value":["string
        1"]},{"value":["string 2"]}],"isAutoRegistered":false}}]}'
    headers:
      cache-control:
      - private
      content-length:
      - '18531'
      content-type:
      - application/json; charset=utf-8
      date:
      - Wed, 22 Apr 2020 09:03:27 GMT
      server:
      - Microsoft-IIS/10.0
      strict-transport-security:
      - max-age=31536000; includeSubDomains
      transfer-encoding:
      - chunked
      vary:
      - Accept-Encoding
      x-aspnet-version:
      - 4.0.30319
      x-content-type-options:
      - nosniff
      x-ms-ratelimit-remaining-subscription-resource-entities-read:
      - '59964'
      x-ms-ratelimit-remaining-subscription-resource-requests:
      - '499'
      x-powered-by:
      - ASP.NET
    status:
      code: 200
      message: OK
- request:
    body: null
    headers:
      Accept:
      - application/json
      Accept-Encoding:
      - gzip, deflate
      CommandName:
      - network private-dns zone export
      Connection:
      - keep-alive
      ParameterSetName:
      - -g -n --file-name
      User-Agent:
      - python/3.8.2 (Windows-10-10.0.18362-SP0) msrest/0.6.11 msrest_azure/0.6.3
        azure-mgmt-privatedns/0.1.0 Azure-SDK-For-Python AZURECLI/2.3.1
      accept-language:
      - en-US
    method: GET
    uri: https://management.azure.com/subscriptions/00000000-0000-0000-0000-000000000000/resourceGroups/cli_private_dns_zone2_import000001/providers/Microsoft.Network/privateDnsZones/zone2.com/SOA?api-version=2018-09-01
  response:
    body:
      string: '{"value":[{"id":"\/subscriptions\/52bae96a-3806-426c-a5dc-1ae6016b5f15\/resourceGroups\/cli_private_dns_zone2_import000001\/providers\/Microsoft.Network\/privateDnsZones\/zone2.com\/SOA\/@","name":"@","type":"Microsoft.Network\/privateDnsZones\/SOA","etag":"5e89f385-9cb1-4f51-bff1-37dd4dc7f330","properties":{"fqdn":"zone2.com.","ttl":3600,"soaRecord":{"email":"hostmaster.","expireTime":86400,"host":"azureprivatedns.net","minimumTTL":null,"refreshTime":900,"retryTime":600,"serialNumber":1,"minimumTtl":3600},"isAutoRegistered":false}}]}'
    headers:
      cache-control:
      - private
      content-length:
      - '581'
      content-type:
      - application/json; charset=utf-8
      date:
      - Wed, 22 Apr 2020 09:03:29 GMT
      server:
      - Microsoft-IIS/10.0
      strict-transport-security:
      - max-age=31536000; includeSubDomains
      transfer-encoding:
      - chunked
      vary:
      - Accept-Encoding
      x-aspnet-version:
      - 4.0.30319
      x-content-type-options:
      - nosniff
      x-ms-ratelimit-remaining-subscription-resource-entities-read:
      - '59999'
      x-ms-ratelimit-remaining-subscription-resource-requests:
      - '499'
      x-powered-by:
      - ASP.NET
    status:
      code: 200
      message: OK
- request:
    body: null
    headers:
      Accept:
      - application/json
      Accept-Encoding:
      - gzip, deflate
      CommandName:
      - network private-dns zone export
      Connection:
      - keep-alive
      ParameterSetName:
      - -g -n --file-name
      User-Agent:
      - python/3.8.2 (Windows-10-10.0.18362-SP0) msrest/0.6.11 msrest_azure/0.6.3
        azure-mgmt-privatedns/0.1.0 Azure-SDK-For-Python AZURECLI/2.3.1
      accept-language:
      - en-US
    method: GET
    uri: https://management.azure.com/subscriptions/00000000-0000-0000-0000-000000000000/resourceGroups/cli_private_dns_zone2_import000001/providers/Microsoft.Network/privateDnsZones/zone2.com/ALL?api-version=2018-09-01
  response:
    body:
      string: '{"value":[{"id":"\/subscriptions\/52bae96a-3806-426c-a5dc-1ae6016b5f15\/resourceGroups\/cli_private_dns_zone2_import000001\/providers\/Microsoft.Network\/privateDnsZones\/zone2.com\/PTR\/160.1","name":"160.1","type":"Microsoft.Network\/privateDnsZones\/PTR","etag":"c97b6c02-e644-42e5-bf33-52d15bd2efc7","properties":{"fqdn":"160.1.zone2.com.","ttl":3600,"ptrRecords":[{"ptrdname":"foo.com."}],"isAutoRegistered":false}},{"id":"\/subscriptions\/52bae96a-3806-426c-a5dc-1ae6016b5f15\/resourceGroups\/cli_private_dns_zone2_import000001\/providers\/Microsoft.Network\/privateDnsZones\/zone2.com\/PTR\/160.2","name":"160.2","type":"Microsoft.Network\/privateDnsZones\/PTR","etag":"18268251-772e-4ee9-8788-2c7430eda3b9","properties":{"fqdn":"160.2.zone2.com.","ttl":3600,"ptrRecords":[{"ptrdname":"foobar.com."},{"ptrdname":"bar.com."}],"isAutoRegistered":false}},{"id":"\/subscriptions\/52bae96a-3806-426c-a5dc-1ae6016b5f15\/resourceGroups\/cli_private_dns_zone2_import000001\/providers\/Microsoft.Network\/privateDnsZones\/zone2.com\/A\/200","name":"200","type":"Microsoft.Network\/privateDnsZones\/A","etag":"146d97bc-71d1-4231-8d28-8c3c31932f1d","properties":{"fqdn":"200.zone2.com.","ttl":3600,"aRecords":[{"ipv4Address":"7.8.9.0"}],"isAutoRegistered":false}},{"id":"\/subscriptions\/52bae96a-3806-426c-a5dc-1ae6016b5f15\/resourceGroups\/cli_private_dns_zone2_import000001\/providers\/Microsoft.Network\/privateDnsZones\/zone2.com\/PTR\/160.3","name":"160.3","type":"Microsoft.Network\/privateDnsZones\/PTR","etag":"af4e55b1-6337-409b-8d0a-0c6570e48307","properties":{"fqdn":"160.3.zone2.com.","ttl":3600,"ptrRecords":[{"ptrdname":"foo.com."},{"ptrdname":"bar.com."}],"isAutoRegistered":false}},{"id":"\/subscriptions\/52bae96a-3806-426c-a5dc-1ae6016b5f15\/resourceGroups\/cli_private_dns_zone2_import000001\/providers\/Microsoft.Network\/privateDnsZones\/zone2.com\/SOA\/@","name":"@","type":"Microsoft.Network\/privateDnsZones\/SOA","etag":"5e89f385-9cb1-4f51-bff1-37dd4dc7f330","properties":{"fqdn":"zone2.com.","ttl":3600,"soaRecord":{"email":"hostmaster.","expireTime":86400,"host":"azureprivatedns.net","minimumTTL":null,"refreshTime":900,"retryTime":600,"serialNumber":1,"minimumTtl":3600},"isAutoRegistered":false}},{"id":"\/subscriptions\/52bae96a-3806-426c-a5dc-1ae6016b5f15\/resourceGroups\/cli_private_dns_zone2_import000001\/providers\/Microsoft.Network\/privateDnsZones\/zone2.com\/TXT\/@","name":"@","type":"Microsoft.Network\/privateDnsZones\/TXT","etag":"84c01b4f-eff1-49e0-9ed8-c39a7b9fbba7","properties":{"fqdn":"zone2.com.","ttl":200,"txtRecords":[{"value":["this
        is another SPF, this time as TXT"]},{"value":["v=spf1 mx ip4:14.14.22.0\/23
        a:mail.trum.ch mx:mese.ch include:spf.mapp.com ?all"]}],"isAutoRegistered":false}},{"id":"\/subscriptions\/52bae96a-3806-426c-a5dc-1ae6016b5f15\/resourceGroups\/cli_private_dns_zone2_import000001\/providers\/Microsoft.Network\/privateDnsZones\/zone2.com\/A\/a2","name":"a2","type":"Microsoft.Network\/privateDnsZones\/A","etag":"1542e877-d4e5-4033-846e-458a5d2d3f2c","properties":{"fqdn":"a2.zone2.com.","ttl":3600,"aRecords":[{"ipv4Address":"1.2.3.4"},{"ipv4Address":"2.3.4.5"}],"isAutoRegistered":false}},{"id":"\/subscriptions\/52bae96a-3806-426c-a5dc-1ae6016b5f15\/resourceGroups\/cli_private_dns_zone2_import000001\/providers\/Microsoft.Network\/privateDnsZones\/zone2.com\/A\/aa","name":"aa","type":"Microsoft.Network\/privateDnsZones\/A","etag":"8acb290f-4208-48d9-acc8-fb9fa7d9b35f","properties":{"fqdn":"aa.zone2.com.","ttl":100,"aRecords":[{"ipv4Address":"4.5.6.7"},{"ipv4Address":"6.7.8.9"}],"isAutoRegistered":false}},{"id":"\/subscriptions\/52bae96a-3806-426c-a5dc-1ae6016b5f15\/resourceGroups\/cli_private_dns_zone2_import000001\/providers\/Microsoft.Network\/privateDnsZones\/zone2.com\/MX\/aa","name":"aa","type":"Microsoft.Network\/privateDnsZones\/MX","etag":"83d861b1-0a55-45b0-a535-ea340859dfe2","properties":{"fqdn":"aa.zone2.com.","ttl":300,"mxRecords":[{"exchange":"foo.com.zone2.com.","preference":1}],"isAutoRegistered":false}},{"id":"\/subscriptions\/52bae96a-3806-426c-a5dc-1ae6016b5f15\/resourceGroups\/cli_private_dns_zone2_import000001\/providers\/Microsoft.Network\/privateDnsZones\/zone2.com\/AAAA\/aaaa2","name":"aaaa2","type":"Microsoft.Network\/privateDnsZones\/AAAA","etag":"7eb8c34e-4fa2-4786-bdf0-e40f312c04ec","properties":{"fqdn":"aaaa2.zone2.com.","ttl":3600,"aaaaRecords":[{"ipv6Address":"2001:cafe:130::100"},{"ipv6Address":"2001:cafe:130::101"}],"isAutoRegistered":false}},{"id":"\/subscriptions\/52bae96a-3806-426c-a5dc-1ae6016b5f15\/resourceGroups\/cli_private_dns_zone2_import000001\/providers\/Microsoft.Network\/privateDnsZones\/zone2.com\/A\/base","name":"base","type":"Microsoft.Network\/privateDnsZones\/A","etag":"6e6da7ae-0621-4306-a2a2-8a5617f67128","properties":{"fqdn":"base.zone2.com.","ttl":3600,"aRecords":[{"ipv4Address":"194.124.202.114"}],"isAutoRegistered":false}},{"id":"\/subscriptions\/52bae96a-3806-426c-a5dc-1ae6016b5f15\/resourceGroups\/cli_private_dns_zone2_import000001\/providers\/Microsoft.Network\/privateDnsZones\/zone2.com\/MX\/base","name":"base","type":"Microsoft.Network\/privateDnsZones\/MX","etag":"54784f74-b0bf-47cc-a2e3-7574d2fddd3e","properties":{"fqdn":"base.zone2.com.","ttl":3600,"mxRecords":[{"exchange":"be.xpiler.de.","preference":10}],"isAutoRegistered":false}},{"id":"\/subscriptions\/52bae96a-3806-426c-a5dc-1ae6016b5f15\/resourceGroups\/cli_private_dns_zone2_import000001\/providers\/Microsoft.Network\/privateDnsZones\/zone2.com\/TXT\/base","name":"base","type":"Microsoft.Network\/privateDnsZones\/TXT","etag":"68fb706b-f996-42da-9266-9feadf0c0056","properties":{"fqdn":"base.zone2.com.","ttl":3600,"txtRecords":[{"value":["v=spf1
        mx include:_spf4.xcaign.de include:_spf6.xcaign.de -all"]},{"value":["spf2.0\/mfrom,pra
        mx ip4:15.19.14.0\/24 ip4:8.8.11.4\/27 ip4:9.16.20.19\/26 -all"]}],"isAutoRegistered":false}},{"id":"\/subscriptions\/52bae96a-3806-426c-a5dc-1ae6016b5f15\/resourceGroups\/cli_private_dns_zone2_import000001\/providers\/Microsoft.Network\/privateDnsZones\/zone2.com\/TXT\/doozie","name":"doozie","type":"Microsoft.Network\/privateDnsZones\/TXT","etag":"c451e862-8d1b-4427-9c82-9344d185236d","properties":{"fqdn":"doozie.zone2.com.","ttl":3600,"txtRecords":[{"value":["abcdefghijklmnopqrstuvwxyz1234567890abcdefghijklmnopqrstuvwxyz1234567890abcdefghijklmnopqrstuvwxyz1234567890"]}],"isAutoRegistered":false}},{"id":"\/subscriptions\/52bae96a-3806-426c-a5dc-1ae6016b5f15\/resourceGroups\/cli_private_dns_zone2_import000001\/providers\/Microsoft.Network\/privateDnsZones\/zone2.com\/A\/even","name":"even","type":"Microsoft.Network\/privateDnsZones\/A","etag":"4d49f9f9-9c01-4dc9-a961-00ba66ca9e25","properties":{"fqdn":"even.zone2.com.","ttl":3600,"aRecords":[{"ipv4Address":"194.124.202.114"}],"isAutoRegistered":false}},{"id":"\/subscriptions\/52bae96a-3806-426c-a5dc-1ae6016b5f15\/resourceGroups\/cli_private_dns_zone2_import000001\/providers\/Microsoft.Network\/privateDnsZones\/zone2.com\/MX\/even","name":"even","type":"Microsoft.Network\/privateDnsZones\/MX","etag":"a2f13a19-1f6a-45e0-b575-a526053431e7","properties":{"fqdn":"even.zone2.com.","ttl":3600,"mxRecords":[{"exchange":"be.xpiler.de.","preference":10}],"isAutoRegistered":false}},{"id":"\/subscriptions\/52bae96a-3806-426c-a5dc-1ae6016b5f15\/resourceGroups\/cli_private_dns_zone2_import000001\/providers\/Microsoft.Network\/privateDnsZones\/zone2.com\/TXT\/even","name":"even","type":"Microsoft.Network\/privateDnsZones\/TXT","etag":"95089462-e006-4531-a903-7ff90a4d39be","properties":{"fqdn":"even.zone2.com.","ttl":3600,"txtRecords":[{"value":["v=spf1
        mx include:_spf4.xgn.de include:_spf6.xgn.de -all"]}],"isAutoRegistered":false}},{"id":"\/subscriptions\/52bae96a-3806-426c-a5dc-1ae6016b5f15\/resourceGroups\/cli_private_dns_zone2_import000001\/providers\/Microsoft.Network\/privateDnsZones\/zone2.com\/CNAME\/fee2","name":"fee2","type":"Microsoft.Network\/privateDnsZones\/CNAME","etag":"ae703705-0cd2-43eb-ab84-3d0d1a2c80d8","properties":{"fqdn":"fee2.zone2.com.","ttl":3600,"cnameRecord":{"cname":"bar.com."},"isAutoRegistered":false}},{"id":"\/subscriptions\/52bae96a-3806-426c-a5dc-1ae6016b5f15\/resourceGroups\/cli_private_dns_zone2_import000001\/providers\/Microsoft.Network\/privateDnsZones\/zone2.com\/TXT\/longtxt","name":"longtxt","type":"Microsoft.Network\/privateDnsZones\/TXT","etag":"23ea6c51-4481-4b75-97c4-6ede006b467c","properties":{"fqdn":"longtxt.zone2.com.","ttl":999,"txtRecords":[{"value":["this
        is a super long txt record...wow, it is really really long!  And I even used
        copy and paste to make it longer....this is a super long txt record...wow,
        it is really really long!  And I even used copy and paste to make it longer....this
        is a super lon","g txt record...wow, it is really really long!  And I even
        used copy and paste to make it longer....this is a super long txt record...wow,
        it is really really long!  And I even used copy and paste to make it longer....this
        is a super long txt record...wow,"," it is really really long!  And I even
        used copy and paste to make it longer....this is a super long txt record...wow,
        it is really really long!  And I even used copy and paste to make it longer....this
        is a super long txt record...wow, it is really reall","y long!  And I even
        used copy and paste to make it longer....this is a super long txt record...wow,
        it is really really long!  And I even used copy and paste to make it longer...."]}],"isAutoRegistered":false}},{"id":"\/subscriptions\/52bae96a-3806-426c-a5dc-1ae6016b5f15\/resourceGroups\/cli_private_dns_zone2_import000001\/providers\/Microsoft.Network\/privateDnsZones\/zone2.com\/TXT\/longtxt2","name":"longtxt2","type":"Microsoft.Network\/privateDnsZones\/TXT","etag":"a56e3b35-229c-4ffa-bc5f-cfc71d85e8e1","properties":{"fqdn":"longtxt2.zone2.com.","ttl":100,"txtRecords":[{"value":["012345678901234567890123456789012345678901234567890123456789012345678901234567890123456789012345678901234567890123456789012345678901234567890123456789012345678901234567890123456789012345678901234567890123456789012345678901234567890123456789012345678901234","56789012345678901234567890123456789012345678901234567890123456789012345678901234567890123456789012345678901234567890123456789012345678901234567890123456789012345678901234567890123456789012345678901234567890123456789012345678901234567890123456789"]}],"isAutoRegistered":false}},{"id":"\/subscriptions\/52bae96a-3806-426c-a5dc-1ae6016b5f15\/resourceGroups\/cli_private_dns_zone2_import000001\/providers\/Microsoft.Network\/privateDnsZones\/zone2.com\/MX\/mail","name":"mail","type":"Microsoft.Network\/privateDnsZones\/MX","etag":"3656fa8c-4eba-498e-9bcb-e2cf60fa1fa1","properties":{"fqdn":"mail.zone2.com.","ttl":3600,"mxRecords":[{"exchange":"mail1.mymail.com.","preference":10},{"exchange":"flooble.","preference":11}],"isAutoRegistered":false}},{"id":"\/subscriptions\/52bae96a-3806-426c-a5dc-1ae6016b5f15\/resourceGroups\/cli_private_dns_zone2_import000001\/providers\/Microsoft.Network\/privateDnsZones\/zone2.com\/TXT\/myspf","name":"myspf","type":"Microsoft.Network\/privateDnsZones\/TXT","etag":"d4e09f6f-fca8-45fb-a83d-cc6af4a2c9ef","properties":{"fqdn":"myspf.zone2.com.","ttl":100,"txtRecords":[{"value":["this
        is an SPF record! Convert to TXT on import"]}],"isAutoRegistered":false}},{"id":"\/subscriptions\/52bae96a-3806-426c-a5dc-1ae6016b5f15\/resourceGroups\/cli_private_dns_zone2_import000001\/providers\/Microsoft.Network\/privateDnsZones\/zone2.com\/TXT\/spaces","name":"spaces","type":"Microsoft.Network\/privateDnsZones\/TXT","etag":"9c0fb31f-bf4e-41b0-9a1b-0370279137ac","properties":{"fqdn":"spaces.zone2.com.","ttl":3600,"txtRecords":[{"value":["  a  "]}],"isAutoRegistered":false}},{"id":"\/subscriptions\/52bae96a-3806-426c-a5dc-1ae6016b5f15\/resourceGroups\/cli_private_dns_zone2_import000001\/providers\/Microsoft.Network\/privateDnsZones\/zone2.com\/TXT\/t1","name":"t1","type":"Microsoft.Network\/privateDnsZones\/TXT","etag":"777e5139-9536-496c-a51c-0694cab6332c","properties":{"fqdn":"t1.zone2.com.","ttl":3600,"txtRecords":[{"value":["foobar"]}],"isAutoRegistered":false}},{"id":"\/subscriptions\/52bae96a-3806-426c-a5dc-1ae6016b5f15\/resourceGroups\/cli_private_dns_zone2_import000001\/providers\/Microsoft.Network\/privateDnsZones\/zone2.com\/TXT\/t10","name":"t10","type":"Microsoft.Network\/privateDnsZones\/TXT","etag":"8784c942-4849-4891-b612-ab329d808a8a","properties":{"fqdn":"t10.zone2.com.","ttl":3600,"txtRecords":[{"value":["foo
        bar"]}],"isAutoRegistered":false}},{"id":"\/subscriptions\/52bae96a-3806-426c-a5dc-1ae6016b5f15\/resourceGroups\/cli_private_dns_zone2_import000001\/providers\/Microsoft.Network\/privateDnsZones\/zone2.com\/TXT\/t11","name":"t11","type":"Microsoft.Network\/privateDnsZones\/TXT","etag":"57ede89f-5f8f-4221-a429-f9d6ac0d502d","properties":{"fqdn":"t11.zone2.com.","ttl":3600,"txtRecords":[{"value":["foobar"]}],"isAutoRegistered":false}},{"id":"\/subscriptions\/52bae96a-3806-426c-a5dc-1ae6016b5f15\/resourceGroups\/cli_private_dns_zone2_import000001\/providers\/Microsoft.Network\/privateDnsZones\/zone2.com\/TXT\/t2","name":"t2","type":"Microsoft.Network\/privateDnsZones\/TXT","etag":"309f5ec5-54ce-468a-a76a-d520924caf0d","properties":{"fqdn":"t2.zone2.com.","ttl":3600,"txtRecords":[{"value":["foobar"]}],"isAutoRegistered":false}},{"id":"\/subscriptions\/52bae96a-3806-426c-a5dc-1ae6016b5f15\/resourceGroups\/cli_private_dns_zone2_import000001\/providers\/Microsoft.Network\/privateDnsZones\/zone2.com\/TXT\/t3","name":"t3","type":"Microsoft.Network\/privateDnsZones\/TXT","etag":"6a1b2bf1-549f-4bf0-9605-beeff2eb1f6d","properties":{"fqdn":"t3.zone2.com.","ttl":3600,"txtRecords":[{"value":["foobar"]}],"isAutoRegistered":false}},{"id":"\/subscriptions\/52bae96a-3806-426c-a5dc-1ae6016b5f15\/resourceGroups\/cli_private_dns_zone2_import000001\/providers\/Microsoft.Network\/privateDnsZones\/zone2.com\/TXT\/t4","name":"t4","type":"Microsoft.Network\/privateDnsZones\/TXT","etag":"e0cf41a3-1678-4fd2-8cb6-e4008480c7f0","properties":{"fqdn":"t4.zone2.com.","ttl":3600,"txtRecords":[{"value":["foo;bar"]}],"isAutoRegistered":false}},{"id":"\/subscriptions\/52bae96a-3806-426c-a5dc-1ae6016b5f15\/resourceGroups\/cli_private_dns_zone2_import000001\/providers\/Microsoft.Network\/privateDnsZones\/zone2.com\/TXT\/t5","name":"t5","type":"Microsoft.Network\/privateDnsZones\/TXT","etag":"35fd720b-1ae8-48d2-8c33-5d636b294acd","properties":{"fqdn":"t5.zone2.com.","ttl":3600,"txtRecords":[{"value":["foo\\;bar"]}],"isAutoRegistered":false}},{"id":"\/subscriptions\/52bae96a-3806-426c-a5dc-1ae6016b5f15\/resourceGroups\/cli_private_dns_zone2_import000001\/providers\/Microsoft.Network\/privateDnsZones\/zone2.com\/TXT\/t6","name":"t6","type":"Microsoft.Network\/privateDnsZones\/TXT","etag":"3aa17418-c8d0-4175-899d-17292e3706a2","properties":{"fqdn":"t6.zone2.com.","ttl":3600,"txtRecords":[{"value":["foo\\;bar"]}],"isAutoRegistered":false}},{"id":"\/subscriptions\/52bae96a-3806-426c-a5dc-1ae6016b5f15\/resourceGroups\/cli_private_dns_zone2_import000001\/providers\/Microsoft.Network\/privateDnsZones\/zone2.com\/TXT\/t7","name":"t7","type":"Microsoft.Network\/privateDnsZones\/TXT","etag":"599cd463-8182-4ec6-a342-a7404d9c256e","properties":{"fqdn":"t7.zone2.com.","ttl":3600,"txtRecords":[{"value":["\\\"quoted
        string\\\""]}],"isAutoRegistered":false}},{"id":"\/subscriptions\/52bae96a-3806-426c-a5dc-1ae6016b5f15\/resourceGroups\/cli_private_dns_zone2_import000001\/providers\/Microsoft.Network\/privateDnsZones\/zone2.com\/TXT\/t8","name":"t8","type":"Microsoft.Network\/privateDnsZones\/TXT","etag":"cac04611-68bd-4c6b-948e-91651f96db3c","properties":{"fqdn":"t8.zone2.com.","ttl":3600,"txtRecords":[{"value":["foobar"]}],"isAutoRegistered":false}},{"id":"\/subscriptions\/52bae96a-3806-426c-a5dc-1ae6016b5f15\/resourceGroups\/cli_private_dns_zone2_import000001\/providers\/Microsoft.Network\/privateDnsZones\/zone2.com\/TXT\/t9","name":"t9","type":"Microsoft.Network\/privateDnsZones\/TXT","etag":"bd0637aa-377b-4263-8f09-3fd7b7cce108","properties":{"fqdn":"t9.zone2.com.","ttl":3600,"txtRecords":[{"value":["foobarr"]}],"isAutoRegistered":false}},{"id":"\/subscriptions\/52bae96a-3806-426c-a5dc-1ae6016b5f15\/resourceGroups\/cli_private_dns_zone2_import000001\/providers\/Microsoft.Network\/privateDnsZones\/zone2.com\/SRV\/sip.tcp","name":"sip.tcp","type":"Microsoft.Network\/privateDnsZones\/SRV","etag":"24cbfe41-46df-4eda-a1a7-9589b230da1c","properties":{"fqdn":"sip.tcp.zone2.com.","ttl":3600,"srvRecords":[{"port":30,"priority":10,"target":"foobar.","weight":20},{"port":77,"priority":55,"target":"zoo.","weight":66}],"isAutoRegistered":false}},{"id":"\/subscriptions\/52bae96a-3806-426c-a5dc-1ae6016b5f15\/resourceGroups\/cli_private_dns_zone2_import000001\/providers\/Microsoft.Network\/privateDnsZones\/zone2.com\/TXT\/test-txt2","name":"test-txt2","type":"Microsoft.Network\/privateDnsZones\/TXT","etag":"200f0f71-bc80-4a29-b0a7-d65a8d1f38f0","properties":{"fqdn":"test-txt2.zone2.com.","ttl":3600,"txtRecords":[{"value":["string
        1"]},{"value":["string 2"]}],"isAutoRegistered":false}}]}'
    headers:
      cache-control:
      - private
      content-length:
      - '18531'
      content-type:
      - application/json; charset=utf-8
      date:
      - Wed, 22 Apr 2020 09:03:29 GMT
      server:
      - Microsoft-IIS/10.0
      strict-transport-security:
      - max-age=31536000; includeSubDomains
      transfer-encoding:
      - chunked
      vary:
      - Accept-Encoding
      x-aspnet-version:
      - 4.0.30319
      x-content-type-options:
      - nosniff
      x-ms-ratelimit-remaining-subscription-resource-entities-read:
      - '59964'
      x-ms-ratelimit-remaining-subscription-resource-requests:
      - '499'
      x-powered-by:
      - ASP.NET
    status:
      code: 200
      message: OK
- request:
    body: null
    headers:
      Accept:
      - application/json
      Accept-Encoding:
      - gzip, deflate
      CommandName:
      - network private-dns zone delete
      Connection:
      - keep-alive
      Content-Length:
      - '0'
      ParameterSetName:
      - -g -n -y
      User-Agent:
      - python/3.8.2 (Windows-10-10.0.18362-SP0) msrest/0.6.11 msrest_azure/0.6.3
        azure-mgmt-privatedns/0.1.0 Azure-SDK-For-Python AZURECLI/2.3.1
      accept-language:
      - en-US
    method: DELETE
    uri: https://management.azure.com/subscriptions/00000000-0000-0000-0000-000000000000/resourceGroups/cli_private_dns_zone2_import000001/providers/Microsoft.Network/privateDnsZones/zone2.com?api-version=2018-09-01
  response:
    body:
      string: ''
    headers:
      azure-asyncoperation:
      - https://management.azure.com:443/subscriptions/00000000-0000-0000-0000-000000000000/resourceGroups/cli_private_dns_zone2_import000001/providers/Microsoft.Network/privateDnsOperationStatuses/RnJvbnRFbmRBc3luY09wZXJhdGlvbjtEZWxldGVQcml2YXRlRG5zWm9uZTs3NGQ2N2MxZC03OTA2LTQ5MWItOTg3Yy1hYjlhY2JjOWI1MTY=?api-version=2018-09-01
      cache-control:
      - private
      content-length:
      - '0'
      date:
      - Wed, 22 Apr 2020 09:03:32 GMT
      location:
      - https://management.azure.com/subscriptions/00000000-0000-0000-0000-000000000000/resourceGroups/cli_private_dns_zone2_import000001/providers/Microsoft.Network/privateDnsOperationResults/RnJvbnRFbmRBc3luY09wZXJhdGlvbjtEZWxldGVQcml2YXRlRG5zWm9uZTs3NGQ2N2MxZC03OTA2LTQ5MWItOTg3Yy1hYjlhY2JjOWI1MTY=?api-version=2018-09-01
      server:
      - Microsoft-IIS/10.0
      strict-transport-security:
      - max-age=31536000; includeSubDomains
      x-aspnet-version:
      - 4.0.30319
      x-content-type-options:
      - nosniff
      x-ms-ratelimit-remaining-subscription-resource-requests:
      - '11999'
      x-powered-by:
      - ASP.NET
    status:
      code: 202
      message: Accepted
- request:
    body: null
    headers:
      Accept:
      - application/json
      Accept-Encoding:
      - gzip, deflate
      CommandName:
      - network private-dns zone delete
      Connection:
      - keep-alive
      ParameterSetName:
      - -g -n -y
      User-Agent:
      - python/3.8.2 (Windows-10-10.0.18362-SP0) msrest/0.6.11 msrest_azure/0.6.3
        azure-mgmt-privatedns/0.1.0 Azure-SDK-For-Python AZURECLI/2.3.1
    method: GET
    uri: https://management.azure.com/subscriptions/00000000-0000-0000-0000-000000000000/resourceGroups/cli_private_dns_zone2_import000001/providers/Microsoft.Network/privateDnsOperationStatuses/RnJvbnRFbmRBc3luY09wZXJhdGlvbjtEZWxldGVQcml2YXRlRG5zWm9uZTs3NGQ2N2MxZC03OTA2LTQ5MWItOTg3Yy1hYjlhY2JjOWI1MTY=?api-version=2018-09-01
  response:
    body:
      string: '{"status":"Succeeded"}'
    headers:
      cache-control:
      - private
      content-length:
      - '22'
      content-type:
      - application/json; charset=utf-8
      date:
      - Wed, 22 Apr 2020 09:04:02 GMT
      server:
      - Microsoft-IIS/10.0
      strict-transport-security:
      - max-age=31536000; includeSubDomains
      transfer-encoding:
      - chunked
      vary:
      - Accept-Encoding
      x-aspnet-version:
      - 4.0.30319
      x-content-type-options:
      - nosniff
      x-ms-ratelimit-remaining-subscription-resource-requests:
      - '499'
      x-powered-by:
      - ASP.NET
    status:
      code: 200
      message: OK
version: 1
