interactions:
- request:
    body: null
    headers:
      Accept:
      - application/json
      Accept-Encoding:
      - gzip, deflate
      CommandName:
      - network private-dns zone create
      Connection:
      - keep-alive
      ParameterSetName:
      - -g -n
      User-Agent:
      - AZURECLI/2.50.0 (PIP) azsdk-python-azure-mgmt-resource/23.1.0b2 Python/3.8.10
        (Windows-10-10.0.19045-SP0)
    method: GET
    uri: https://management.azure.com/subscriptions/00000000-0000-0000-0000-000000000000/resourcegroups/clitest_privatedns000001?api-version=2022-09-01
  response:
    body:
      string: '{"id":"/subscriptions/00000000-0000-0000-0000-000000000000/resourceGroups/clitest_privatedns000001","name":"clitest_privatedns000001","type":"Microsoft.Resources/resourceGroups","location":"westus","tags":{"product":"azurecli","cause":"automation","test":"test_PatchRecordSet_AddMetadata_ExpectMetadataAdded","date":"2023-07-26T06:05:07Z","module":"privatedns"},"properties":{"provisioningState":"Succeeded"}}'
    headers:
      cache-control:
      - no-cache
      content-length:
      - '409'
      content-type:
      - application/json; charset=utf-8
      date:
      - Wed, 26 Jul 2023 06:05:12 GMT
      expires:
      - '-1'
      pragma:
      - no-cache
      strict-transport-security:
      - max-age=31536000; includeSubDomains
      vary:
      - Accept-Encoding
      x-content-type-options:
      - nosniff
    status:
      code: 200
      message: OK
- request:
    body: '{"location": "global"}'
    headers:
      Accept:
      - application/json
      Accept-Encoding:
      - gzip, deflate
      CommandName:
      - network private-dns zone create
      Connection:
      - keep-alive
      Content-Length:
      - '22'
      Content-Type:
      - application/json
      If-None-Match:
      - '*'
      ParameterSetName:
      - -g -n
      User-Agent:
      - AZURECLI/2.50.0 (PIP) (AAZ) azsdk-python-core/1.26.0 Python/3.8.10 (Windows-10-10.0.19045-SP0)
    method: PUT
    uri: https://management.azure.com/subscriptions/00000000-0000-0000-0000-000000000000/resourceGroups/clitest_privatedns000001/providers/Microsoft.Network/privateDnsZones/clitest.privatedns.com000002?api-version=2018-09-01
  response:
    body:
      string: '{}'
    headers:
      azure-asyncoperation:
      - https://management.azure.com:443/subscriptions/00000000-0000-0000-0000-000000000000/resourceGroups/clitest_privatedns000001/providers/Microsoft.Network/privateDnsOperationStatuses/RnJvbnRFbmRBc3luY09wZXJhdGlvbjtVcHNlcnRQcml2YXRlRG5zWm9uZTsxZTVmNDU0ZS03YTk0LTQ2NTktOGI1Yy0xODhmYjJhN2U5MDhfMGIxZjY0NzEtMWJmMC00ZGRhLWFlYzMtY2I5MjcyZjA5NTkw?api-version=2018-09-01
      cache-control:
      - private
      content-length:
      - '2'
      content-type:
      - application/json; charset=utf-8
      date:
      - Wed, 26 Jul 2023 06:05:17 GMT
      location:
      - https://management.azure.com/subscriptions/00000000-0000-0000-0000-000000000000/resourceGroups/clitest_privatedns000001/providers/Microsoft.Network/privateDnsOperationResults/RnJvbnRFbmRBc3luY09wZXJhdGlvbjtVcHNlcnRQcml2YXRlRG5zWm9uZTsxZTVmNDU0ZS03YTk0LTQ2NTktOGI1Yy0xODhmYjJhN2U5MDhfMGIxZjY0NzEtMWJmMC00ZGRhLWFlYzMtY2I5MjcyZjA5NTkw?api-version=2018-09-01
      server:
      - Microsoft-IIS/10.0
      strict-transport-security:
      - max-age=31536000; includeSubDomains
      x-aspnet-version:
      - 4.0.30319
      x-content-type-options:
      - nosniff
      x-ms-ratelimit-remaining-subscription-resource-requests:
      - '11999'
      x-powered-by:
      - ASP.NET
    status:
      code: 202
      message: Accepted
- request:
    body: null
    headers:
      Accept:
      - '*/*'
      Accept-Encoding:
      - gzip, deflate
      CommandName:
      - network private-dns zone create
      Connection:
      - keep-alive
      ParameterSetName:
      - -g -n
      User-Agent:
      - AZURECLI/2.50.0 (PIP) (AAZ) azsdk-python-core/1.26.0 Python/3.8.10 (Windows-10-10.0.19045-SP0)
    method: GET
    uri: https://management.azure.com/subscriptions/00000000-0000-0000-0000-000000000000/resourceGroups/clitest_privatedns000001/providers/Microsoft.Network/privateDnsOperationStatuses/RnJvbnRFbmRBc3luY09wZXJhdGlvbjtVcHNlcnRQcml2YXRlRG5zWm9uZTsxZTVmNDU0ZS03YTk0LTQ2NTktOGI1Yy0xODhmYjJhN2U5MDhfMGIxZjY0NzEtMWJmMC00ZGRhLWFlYzMtY2I5MjcyZjA5NTkw?api-version=2018-09-01
  response:
    body:
      string: '{"status":"InProgress"}'
    headers:
      azure-asyncoperation:
      - https://management.azure.com:443/subscriptions/00000000-0000-0000-0000-000000000000/resourceGroups/clitest_privatedns000001/providers/Microsoft.Network/privateDnsOperationStatuses/RnJvbnRFbmRBc3luY09wZXJhdGlvbjtVcHNlcnRQcml2YXRlRG5zWm9uZTsxZTVmNDU0ZS03YTk0LTQ2NTktOGI1Yy0xODhmYjJhN2U5MDhfMGIxZjY0NzEtMWJmMC00ZGRhLWFlYzMtY2I5MjcyZjA5NTkw?api-version=2018-09-01
      cache-control:
      - private
      content-length:
      - '23'
      content-type:
      - application/json; charset=utf-8
      date:
      - Wed, 26 Jul 2023 06:05:17 GMT
      location:
      - https://management.azure.com/subscriptions/00000000-0000-0000-0000-000000000000/resourceGroups/clitest_privatedns000001/providers/Microsoft.Network/privateDnsOperationResults/RnJvbnRFbmRBc3luY09wZXJhdGlvbjtVcHNlcnRQcml2YXRlRG5zWm9uZTsxZTVmNDU0ZS03YTk0LTQ2NTktOGI1Yy0xODhmYjJhN2U5MDhfMGIxZjY0NzEtMWJmMC00ZGRhLWFlYzMtY2I5MjcyZjA5NTkw?api-version=2018-09-01
      server:
      - Microsoft-IIS/10.0
      strict-transport-security:
      - max-age=31536000; includeSubDomains
      x-aspnet-version:
      - 4.0.30319
      x-content-type-options:
      - nosniff
      x-ms-ratelimit-remaining-subscription-resource-requests:
      - '499'
      x-powered-by:
      - ASP.NET
    status:
      code: 202
      message: Accepted
- request:
    body: null
    headers:
      Accept:
      - '*/*'
      Accept-Encoding:
      - gzip, deflate
      CommandName:
      - network private-dns zone create
      Connection:
      - keep-alive
      ParameterSetName:
      - -g -n
      User-Agent:
      - AZURECLI/2.50.0 (PIP) (AAZ) azsdk-python-core/1.26.0 Python/3.8.10 (Windows-10-10.0.19045-SP0)
    method: GET
    uri: https://management.azure.com/subscriptions/00000000-0000-0000-0000-000000000000/resourceGroups/clitest_privatedns000001/providers/Microsoft.Network/privateDnsOperationStatuses/RnJvbnRFbmRBc3luY09wZXJhdGlvbjtVcHNlcnRQcml2YXRlRG5zWm9uZTsxZTVmNDU0ZS03YTk0LTQ2NTktOGI1Yy0xODhmYjJhN2U5MDhfMGIxZjY0NzEtMWJmMC00ZGRhLWFlYzMtY2I5MjcyZjA5NTkw?api-version=2018-09-01
  response:
    body:
      string: '{"status":"Succeeded"}'
    headers:
      cache-control:
      - private
      content-length:
      - '22'
      content-type:
      - application/json; charset=utf-8
      date:
      - Wed, 26 Jul 2023 06:05:47 GMT
      server:
      - Microsoft-IIS/10.0
      strict-transport-security:
      - max-age=31536000; includeSubDomains
      transfer-encoding:
      - chunked
      vary:
      - Accept-Encoding
      x-aspnet-version:
      - 4.0.30319
      x-content-type-options:
      - nosniff
      x-ms-ratelimit-remaining-subscription-resource-requests:
      - '498'
      x-powered-by:
      - ASP.NET
    status:
      code: 200
      message: OK
- request:
    body: null
    headers:
      Accept:
      - '*/*'
      Accept-Encoding:
      - gzip, deflate
      CommandName:
      - network private-dns zone create
      Connection:
      - keep-alive
      ParameterSetName:
      - -g -n
      User-Agent:
      - AZURECLI/2.50.0 (PIP) (AAZ) azsdk-python-core/1.26.0 Python/3.8.10 (Windows-10-10.0.19045-SP0)
    method: GET
    uri: https://management.azure.com/subscriptions/00000000-0000-0000-0000-000000000000/resourceGroups/clitest_privatedns000001/providers/Microsoft.Network/privateDnsZones/clitest.privatedns.com000002?api-version=2018-09-01
  response:
    body:
      string: '{"id":"\/subscriptions\/00000000-0000-0000-0000-000000000000\/resourceGroups\/clitest_privatedns000001\/providers\/Microsoft.Network\/privateDnsZones\/clitest.privatedns.com000002","name":"clitest.privatedns.com000002","type":"Microsoft.Network\/privateDnsZones","etag":"f4f12df7-da7f-4127-b49c-d4af146a012b","location":"global","properties":{"maxNumberOfRecordSets":25000,"maxNumberOfVirtualNetworkLinks":1000,"maxNumberOfVirtualNetworkLinksWithRegistration":100,"numberOfRecordSets":1,"numberOfVirtualNetworkLinks":0,"numberOfVirtualNetworkLinksWithRegistration":0,"provisioningState":"Succeeded"}}'
    headers:
      cache-control:
      - private
      content-length:
      - '600'
      content-type:
      - application/json; charset=utf-8
      date:
      - Wed, 26 Jul 2023 06:05:47 GMT
      etag:
      - f4f12df7-da7f-4127-b49c-d4af146a012b
      server:
      - Microsoft-IIS/10.0
      strict-transport-security:
      - max-age=31536000; includeSubDomains
      transfer-encoding:
      - chunked
      vary:
      - Accept-Encoding
      x-aspnet-version:
      - 4.0.30319
      x-content-type-options:
      - nosniff
      x-ms-ratelimit-remaining-subscription-resource-requests:
      - '499'
      x-powered-by:
      - ASP.NET
    status:
      code: 200
      message: OK
- request:
    body: '{"properties": {"ttl": 3600}}'
    headers:
      Accept:
      - application/json
      Accept-Encoding:
      - gzip, deflate
      CommandName:
      - network private-dns record-set a create
      Connection:
      - keep-alive
      Content-Length:
      - '29'
      Content-Type:
      - application/json
      If-None-Match:
      - '*'
      ParameterSetName:
      - -g -n -z
      User-Agent:
      - AZURECLI/2.50.0 (PIP) azsdk-python-mgmt-privatedns/1.0.0 Python/3.8.10 (Windows-10-10.0.19045-SP0)
    method: PUT
    uri: https://management.azure.com/subscriptions/00000000-0000-0000-0000-000000000000/resourceGroups/clitest_privatedns000001/providers/Microsoft.Network/privateDnsZones/clitest.privatedns.com000002/a/clitestprivatednsrecordset000003?api-version=2018-09-01
  response:
    body:
      string: '{"id":"\/subscriptions\/00000000-0000-0000-0000-000000000000\/resourceGroups\/clitest_privatedns000001\/providers\/Microsoft.Network\/privateDnsZones\/clitest.privatedns.com000002\/A\/clitestprivatednsrecordset000003","name":"clitestprivatednsrecordset000003","type":"Microsoft.Network\/privateDnsZones\/A","etag":"3798e588-161c-4cc5-883e-945a775bf073","properties":{"fqdn":"clitestprivatednsrecordset000003.clitest.privatedns.com000002.","ttl":3600,"aRecords":[],"isAutoRegistered":false}}'
    headers:
      cache-control:
      - private
      content-length:
      - '490'
      content-type:
      - application/json; charset=utf-8
      date:
      - Wed, 26 Jul 2023 06:05:50 GMT
      etag:
      - 3798e588-161c-4cc5-883e-945a775bf073
      server:
      - Microsoft-IIS/10.0
      strict-transport-security:
      - max-age=31536000; includeSubDomains
      x-aspnet-version:
      - 4.0.30319
      x-content-type-options:
      - nosniff
      x-ms-ratelimit-remaining-subscription-resource-requests:
      - '11999'
      x-powered-by:
      - ASP.NET
    status:
      code: 201
      message: Created
- request:
    body: null
    headers:
      Accept:
      - application/json
      Accept-Encoding:
      - gzip, deflate
      CommandName:
      - network private-dns record-set a add-record
      Connection:
      - keep-alive
      ParameterSetName:
      - -g -n -z -a
      User-Agent:
      - AZURECLI/2.50.0 (PIP) azsdk-python-mgmt-privatedns/1.0.0 Python/3.8.10 (Windows-10-10.0.19045-SP0)
    method: GET
    uri: https://management.azure.com/subscriptions/00000000-0000-0000-0000-000000000000/resourceGroups/clitest_privatedns000001/providers/Microsoft.Network/privateDnsZones/clitest.privatedns.com000002/a/clitestprivatednsrecordset000003?api-version=2018-09-01
  response:
    body:
      string: '{"id":"\/subscriptions\/00000000-0000-0000-0000-000000000000\/resourceGroups\/clitest_privatedns000001\/providers\/Microsoft.Network\/privateDnsZones\/clitest.privatedns.com000002\/A\/clitestprivatednsrecordset000003","name":"clitestprivatednsrecordset000003","type":"Microsoft.Network\/privateDnsZones\/A","etag":"3798e588-161c-4cc5-883e-945a775bf073","properties":{"fqdn":"clitestprivatednsrecordset000003.clitest.privatedns.com000002.","ttl":3600,"aRecords":[],"isAutoRegistered":false}}'
    headers:
      cache-control:
      - private
      content-length:
      - '490'
      content-type:
      - application/json; charset=utf-8
      date:
      - Wed, 26 Jul 2023 06:05:51 GMT
      etag:
      - 3798e588-161c-4cc5-883e-945a775bf073
      server:
      - Microsoft-IIS/10.0
      strict-transport-security:
      - max-age=31536000; includeSubDomains
      transfer-encoding:
      - chunked
      vary:
      - Accept-Encoding
      x-aspnet-version:
      - 4.0.30319
      x-content-type-options:
      - nosniff
      x-ms-ratelimit-remaining-subscription-resource-requests:
      - '499'
      x-powered-by:
      - ASP.NET
    status:
      code: 200
      message: OK
- request:
    body: '{"etag": "3798e588-161c-4cc5-883e-945a775bf073", "properties": {"ttl":
      3600, "aRecords": [{"ipv4Address": "10.0.0.1"}]}}'
    headers:
      Accept:
      - application/json
      Accept-Encoding:
      - gzip, deflate
      CommandName:
      - network private-dns record-set a add-record
      Connection:
      - keep-alive
      Content-Length:
      - '120'
      Content-Type:
      - application/json
      ParameterSetName:
      - -g -n -z -a
      User-Agent:
      - AZURECLI/2.50.0 (PIP) azsdk-python-mgmt-privatedns/1.0.0 Python/3.8.10 (Windows-10-10.0.19045-SP0)
    method: PUT
    uri: https://management.azure.com/subscriptions/00000000-0000-0000-0000-000000000000/resourceGroups/clitest_privatedns000001/providers/Microsoft.Network/privateDnsZones/clitest.privatedns.com000002/a/clitestprivatednsrecordset000003?api-version=2018-09-01
  response:
    body:
      string: '{"id":"\/subscriptions\/00000000-0000-0000-0000-000000000000\/resourceGroups\/clitest_privatedns000001\/providers\/Microsoft.Network\/privateDnsZones\/clitest.privatedns.com000002\/A\/clitestprivatednsrecordset000003","name":"clitestprivatednsrecordset000003","type":"Microsoft.Network\/privateDnsZones\/A","etag":"10376c03-c6f4-49b7-83de-638e0d7cf75e","properties":{"fqdn":"clitestprivatednsrecordset000003.clitest.privatedns.com000002.","ttl":3600,"aRecords":[{"ipv4Address":"10.0.0.1"}],"isAutoRegistered":false}}'
    headers:
      cache-control:
      - private
      content-length:
      - '516'
      content-type:
      - application/json; charset=utf-8
      date:
      - Wed, 26 Jul 2023 06:05:52 GMT
      etag:
      - 10376c03-c6f4-49b7-83de-638e0d7cf75e
      server:
      - Microsoft-IIS/10.0
      strict-transport-security:
      - max-age=31536000; includeSubDomains
      transfer-encoding:
      - chunked
      vary:
      - Accept-Encoding
      x-aspnet-version:
      - 4.0.30319
      x-content-type-options:
      - nosniff
      x-ms-ratelimit-remaining-subscription-resource-requests:
      - '11999'
      x-powered-by:
      - ASP.NET
    status:
      code: 200
      message: OK
- request:
    body: null
    headers:
      Accept:
      - application/json
      Accept-Encoding:
      - gzip, deflate
      CommandName:
      - network private-dns record-set a update
      Connection:
      - keep-alive
      ParameterSetName:
      - -g -n -z --metadata
      User-Agent:
      - AZURECLI/2.50.0 (PIP) azsdk-python-mgmt-privatedns/1.0.0 Python/3.8.10 (Windows-10-10.0.19045-SP0)
    method: GET
    uri: https://management.azure.com/subscriptions/00000000-0000-0000-0000-000000000000/resourceGroups/clitest_privatedns000001/providers/Microsoft.Network/privateDnsZones/clitest.privatedns.com000002/a/clitestprivatednsrecordset000003?api-version=2018-09-01
  response:
    body:
      string: '{"id":"\/subscriptions\/00000000-0000-0000-0000-000000000000\/resourceGroups\/clitest_privatedns000001\/providers\/Microsoft.Network\/privateDnsZones\/clitest.privatedns.com000002\/A\/clitestprivatednsrecordset000003","name":"clitestprivatednsrecordset000003","type":"Microsoft.Network\/privateDnsZones\/A","etag":"10376c03-c6f4-49b7-83de-638e0d7cf75e","properties":{"fqdn":"clitestprivatednsrecordset000003.clitest.privatedns.com000002.","ttl":3600,"aRecords":[{"ipv4Address":"10.0.0.1"}],"isAutoRegistered":false}}'
    headers:
      cache-control:
      - private
      content-length:
      - '516'
      content-type:
      - application/json; charset=utf-8
      date:
      - Wed, 26 Jul 2023 06:05:53 GMT
      etag:
      - 10376c03-c6f4-49b7-83de-638e0d7cf75e
      server:
      - Microsoft-IIS/10.0
      strict-transport-security:
      - max-age=31536000; includeSubDomains
      transfer-encoding:
      - chunked
      vary:
      - Accept-Encoding
      x-aspnet-version:
      - 4.0.30319
      x-content-type-options:
      - nosniff
      x-ms-ratelimit-remaining-subscription-resource-requests:
      - '499'
      x-powered-by:
      - ASP.NET
    status:
      code: 200
      message: OK
- request:
    body: '{"etag": "10376c03-c6f4-49b7-83de-638e0d7cf75e", "properties": {"metadata":
      {"tagKey000004": "tagVal000005"}, "ttl": 3600, "aRecords": [{"ipv4Address":
      "10.0.0.1"}]}}'
    headers:
      Accept:
      - application/json
      Accept-Encoding:
      - gzip, deflate
      CommandName:
      - network private-dns record-set a update
      Connection:
      - keep-alive
      Content-Length:
      - '166'
      Content-Type:
      - application/json
      ParameterSetName:
      - -g -n -z --metadata
      User-Agent:
      - AZURECLI/2.50.0 (PIP) azsdk-python-mgmt-privatedns/1.0.0 Python/3.8.10 (Windows-10-10.0.19045-SP0)
    method: PATCH
    uri: https://management.azure.com/subscriptions/00000000-0000-0000-0000-000000000000/resourceGroups/clitest_privatedns000001/providers/Microsoft.Network/privateDnsZones/clitest.privatedns.com000002/a/clitestprivatednsrecordset000003?api-version=2018-09-01
  response:
    body:
      string: '{"id":"\/subscriptions\/00000000-0000-0000-0000-000000000000\/resourceGroups\/clitest_privatedns000001\/providers\/Microsoft.Network\/privateDnsZones\/clitest.privatedns.com000002\/A\/clitestprivatednsrecordset000003","name":"clitestprivatednsrecordset000003","type":"Microsoft.Network\/privateDnsZones\/A","etag":"bbd07588-d4d0-4aaf-9d9e-236f247f750b","properties":{"metadata":{"tagKey000004":"tagVal000005"},"fqdn":"clitestprivatednsrecordset000003.clitest.privatedns.com000002.","ttl":3600,"aRecords":[{"ipv4Address":"10.0.0.1"}],"isAutoRegistered":false}}'
    headers:
      cache-control:
      - private
      content-length:
      - '559'
      content-type:
      - application/json; charset=utf-8
      date:
      - Wed, 26 Jul 2023 06:05:55 GMT
      etag:
      - bbd07588-d4d0-4aaf-9d9e-236f247f750b
      server:
      - Microsoft-IIS/10.0
      strict-transport-security:
      - max-age=31536000; includeSubDomains
      transfer-encoding:
      - chunked
      vary:
      - Accept-Encoding
      x-aspnet-version:
      - 4.0.30319
      x-content-type-options:
      - nosniff
      x-ms-ratelimit-remaining-subscription-resource-requests:
      - '11999'
      x-powered-by:
      - ASP.NET
    status:
      code: 200
      message: OK
version: 1
