interactions:
- request:
    body: null
    headers:
      Accept:
      - application/json
      Accept-Encoding:
      - gzip, deflate
      CommandName:
      - network private-dns zone create
      Connection:
      - keep-alive
      ParameterSetName:
      - -g -n
      User-Agent:
      - AZURECLI/2.51.0 (PIP) azsdk-python-azure-mgmt-resource/23.1.0b2 Python/3.8.10
        (Windows-10-10.0.19045-SP0)
    method: GET
    uri: https://management.azure.com/subscriptions/00000000-0000-0000-0000-000000000000/resourcegroups/clitest_privatedns000001?api-version=2022-09-01
  response:
    body:
      string: '{"id":"/subscriptions/00000000-0000-0000-0000-000000000000/resourceGroups/clitest_privatedns000001","name":"clitest_privatedns000001","type":"Microsoft.Resources/resourceGroups","location":"westus","tags":{"product":"azurecli","cause":"automation","test":"test_CrudRecordSet_MXRecord_ExpectCrudSuccessful","date":"2023-08-07T14:41:48Z","module":"privatedns"},"properties":{"provisioningState":"Succeeded"}}'
    headers:
      cache-control:
      - no-cache
      content-length:
      - '406'
      content-type:
      - application/json; charset=utf-8
      date:
      - Mon, 07 Aug 2023 14:41:52 GMT
      expires:
      - '-1'
      pragma:
      - no-cache
      strict-transport-security:
      - max-age=31536000; includeSubDomains
      vary:
      - Accept-Encoding
      x-content-type-options:
      - nosniff
    status:
      code: 200
      message: OK
- request:
    body: '{"location": "global"}'
    headers:
      Accept:
      - application/json
      Accept-Encoding:
      - gzip, deflate
      CommandName:
      - network private-dns zone create
      Connection:
      - keep-alive
      Content-Length:
      - '22'
      Content-Type:
      - application/json
      If-None-Match:
      - '*'
      ParameterSetName:
      - -g -n
      User-Agent:
      - AZURECLI/2.51.0 (PIP) (AAZ) azsdk-python-core/1.26.0 Python/3.8.10 (Windows-10-10.0.19045-SP0)
    method: PUT
    uri: https://management.azure.com/subscriptions/00000000-0000-0000-0000-000000000000/resourceGroups/clitest_privatedns000001/providers/Microsoft.Network/privateDnsZones/clitest.privatedns.com000002?api-version=2018-09-01
  response:
    body:
      string: '{}'
    headers:
      azure-asyncoperation:
      - https://management.azure.com:443/subscriptions/00000000-0000-0000-0000-000000000000/resourceGroups/clitest_privatedns000001/providers/Microsoft.Network/privateDnsOperationStatuses/RnJvbnRFbmRBc3luY09wZXJhdGlvbjtVcHNlcnRQcml2YXRlRG5zWm9uZTs5YjkzMmRhNy1lZTc5LTQxZjgtOTNiYy05OTk2Y2Y0YzhjYzlfMGIxZjY0NzEtMWJmMC00ZGRhLWFlYzMtY2I5MjcyZjA5NTkw?api-version=2018-09-01
      cache-control:
      - private
      content-length:
      - '2'
      content-type:
      - application/json; charset=utf-8
      date:
      - Mon, 07 Aug 2023 14:41:58 GMT
      location:
      - https://management.azure.com/subscriptions/00000000-0000-0000-0000-000000000000/resourceGroups/clitest_privatedns000001/providers/Microsoft.Network/privateDnsOperationResults/RnJvbnRFbmRBc3luY09wZXJhdGlvbjtVcHNlcnRQcml2YXRlRG5zWm9uZTs5YjkzMmRhNy1lZTc5LTQxZjgtOTNiYy05OTk2Y2Y0YzhjYzlfMGIxZjY0NzEtMWJmMC00ZGRhLWFlYzMtY2I5MjcyZjA5NTkw?api-version=2018-09-01
      server:
      - Microsoft-IIS/10.0
      strict-transport-security:
      - max-age=31536000; includeSubDomains
      x-aspnet-version:
      - 4.0.30319
      x-content-type-options:
      - nosniff
      x-ms-ratelimit-remaining-subscription-resource-requests:
      - '11998'
      x-powered-by:
      - ASP.NET
    status:
      code: 202
      message: Accepted
- request:
    body: null
    headers:
      Accept:
      - '*/*'
      Accept-Encoding:
      - gzip, deflate
      CommandName:
      - network private-dns zone create
      Connection:
      - keep-alive
      ParameterSetName:
      - -g -n
      User-Agent:
      - AZURECLI/2.51.0 (PIP) (AAZ) azsdk-python-core/1.26.0 Python/3.8.10 (Windows-10-10.0.19045-SP0)
    method: GET
    uri: https://management.azure.com/subscriptions/00000000-0000-0000-0000-000000000000/resourceGroups/clitest_privatedns000001/providers/Microsoft.Network/privateDnsOperationStatuses/RnJvbnRFbmRBc3luY09wZXJhdGlvbjtVcHNlcnRQcml2YXRlRG5zWm9uZTs5YjkzMmRhNy1lZTc5LTQxZjgtOTNiYy05OTk2Y2Y0YzhjYzlfMGIxZjY0NzEtMWJmMC00ZGRhLWFlYzMtY2I5MjcyZjA5NTkw?api-version=2018-09-01
  response:
    body:
      string: '{"status":"InProgress"}'
    headers:
      azure-asyncoperation:
      - https://management.azure.com:443/subscriptions/00000000-0000-0000-0000-000000000000/resourceGroups/clitest_privatedns000001/providers/Microsoft.Network/privateDnsOperationStatuses/RnJvbnRFbmRBc3luY09wZXJhdGlvbjtVcHNlcnRQcml2YXRlRG5zWm9uZTs5YjkzMmRhNy1lZTc5LTQxZjgtOTNiYy05OTk2Y2Y0YzhjYzlfMGIxZjY0NzEtMWJmMC00ZGRhLWFlYzMtY2I5MjcyZjA5NTkw?api-version=2018-09-01
      cache-control:
      - private
      content-length:
      - '23'
      content-type:
      - application/json; charset=utf-8
      date:
      - Mon, 07 Aug 2023 14:41:58 GMT
      location:
      - https://management.azure.com/subscriptions/00000000-0000-0000-0000-000000000000/resourceGroups/clitest_privatedns000001/providers/Microsoft.Network/privateDnsOperationResults/RnJvbnRFbmRBc3luY09wZXJhdGlvbjtVcHNlcnRQcml2YXRlRG5zWm9uZTs5YjkzMmRhNy1lZTc5LTQxZjgtOTNiYy05OTk2Y2Y0YzhjYzlfMGIxZjY0NzEtMWJmMC00ZGRhLWFlYzMtY2I5MjcyZjA5NTkw?api-version=2018-09-01
      server:
      - Microsoft-IIS/10.0
      strict-transport-security:
      - max-age=31536000; includeSubDomains
      x-aspnet-version:
      - 4.0.30319
      x-content-type-options:
      - nosniff
      x-ms-ratelimit-remaining-subscription-resource-requests:
      - '499'
      x-powered-by:
      - ASP.NET
    status:
      code: 202
      message: Accepted
- request:
    body: null
    headers:
      Accept:
      - '*/*'
      Accept-Encoding:
      - gzip, deflate
      CommandName:
      - network private-dns zone create
      Connection:
      - keep-alive
      ParameterSetName:
      - -g -n
      User-Agent:
      - AZURECLI/2.51.0 (PIP) (AAZ) azsdk-python-core/1.26.0 Python/3.8.10 (Windows-10-10.0.19045-SP0)
    method: GET
    uri: https://management.azure.com/subscriptions/00000000-0000-0000-0000-000000000000/resourceGroups/clitest_privatedns000001/providers/Microsoft.Network/privateDnsOperationStatuses/RnJvbnRFbmRBc3luY09wZXJhdGlvbjtVcHNlcnRQcml2YXRlRG5zWm9uZTs5YjkzMmRhNy1lZTc5LTQxZjgtOTNiYy05OTk2Y2Y0YzhjYzlfMGIxZjY0NzEtMWJmMC00ZGRhLWFlYzMtY2I5MjcyZjA5NTkw?api-version=2018-09-01
  response:
    body:
      string: '{"status":"Succeeded"}'
    headers:
      cache-control:
      - private
      content-length:
      - '22'
      content-type:
      - application/json; charset=utf-8
      date:
      - Mon, 07 Aug 2023 14:42:29 GMT
      server:
      - Microsoft-IIS/10.0
      strict-transport-security:
      - max-age=31536000; includeSubDomains
      transfer-encoding:
      - chunked
      vary:
      - Accept-Encoding
      x-aspnet-version:
      - 4.0.30319
      x-content-type-options:
      - nosniff
      x-ms-ratelimit-remaining-subscription-resource-requests:
      - '498'
      x-powered-by:
      - ASP.NET
    status:
      code: 200
      message: OK
- request:
    body: null
    headers:
      Accept:
      - '*/*'
      Accept-Encoding:
      - gzip, deflate
      CommandName:
      - network private-dns zone create
      Connection:
      - keep-alive
      ParameterSetName:
      - -g -n
      User-Agent:
      - AZURECLI/2.51.0 (PIP) (AAZ) azsdk-python-core/1.26.0 Python/3.8.10 (Windows-10-10.0.19045-SP0)
    method: GET
    uri: https://management.azure.com/subscriptions/00000000-0000-0000-0000-000000000000/resourceGroups/clitest_privatedns000001/providers/Microsoft.Network/privateDnsZones/clitest.privatedns.com000002?api-version=2018-09-01
  response:
    body:
      string: '{"id":"\/subscriptions\/00000000-0000-0000-0000-000000000000\/resourceGroups\/clitest_privatedns000001\/providers\/Microsoft.Network\/privateDnsZones\/clitest.privatedns.com000002","name":"clitest.privatedns.com000002","type":"Microsoft.Network\/privateDnsZones","etag":"861a8a8d-10d2-4748-890b-ca43fb17f6bd","location":"global","properties":{"maxNumberOfRecordSets":25000,"maxNumberOfVirtualNetworkLinks":1000,"maxNumberOfVirtualNetworkLinksWithRegistration":100,"numberOfRecordSets":1,"numberOfVirtualNetworkLinks":0,"numberOfVirtualNetworkLinksWithRegistration":0,"provisioningState":"Succeeded"}}'
    headers:
      cache-control:
      - private
      content-length:
      - '600'
      content-type:
      - application/json; charset=utf-8
      date:
      - Mon, 07 Aug 2023 14:42:29 GMT
      etag:
      - 861a8a8d-10d2-4748-890b-ca43fb17f6bd
      server:
      - Microsoft-IIS/10.0
      strict-transport-security:
      - max-age=31536000; includeSubDomains
      transfer-encoding:
      - chunked
      vary:
      - Accept-Encoding
      x-aspnet-version:
      - 4.0.30319
      x-content-type-options:
      - nosniff
      x-ms-ratelimit-remaining-subscription-resource-requests:
      - '499'
      x-powered-by:
      - ASP.NET
    status:
      code: 200
      message: OK
- request:
    body: '{"properties": {"ttl": 3600}}'
    headers:
      Accept:
      - application/json
      Accept-Encoding:
      - gzip, deflate
      CommandName:
      - network private-dns record-set mx create
      Connection:
      - keep-alive
      Content-Length:
      - '29'
      Content-Type:
      - application/json
      If-None-Match:
      - '*'
      ParameterSetName:
      - -g -n -z
      User-Agent:
      - AZURECLI/2.51.0 (PIP) (AAZ) azsdk-python-core/1.26.0 Python/3.8.10 (Windows-10-10.0.19045-SP0)
    method: PUT
    uri: https://management.azure.com/subscriptions/00000000-0000-0000-0000-000000000000/resourceGroups/clitest_privatedns000001/providers/Microsoft.Network/privateDnsZones/clitest.privatedns.com000002/MX/clitestprivatednsrecordset000003?api-version=2018-09-01
  response:
    body:
      string: '{"id":"\/subscriptions\/00000000-0000-0000-0000-000000000000\/resourceGroups\/clitest_privatedns000001\/providers\/Microsoft.Network\/privateDnsZones\/clitest.privatedns.com000002\/MX\/clitestprivatednsrecordset000003","name":"clitestprivatednsrecordset000003","type":"Microsoft.Network\/privateDnsZones\/MX","etag":"24c5dc30-fc40-4066-a0c3-af649480f152","properties":{"fqdn":"clitestprivatednsrecordset000003.clitest.privatedns.com000002.","ttl":3600,"mxRecords":[],"isAutoRegistered":false}}'
    headers:
      cache-control:
      - private
      content-length:
      - '493'
      content-type:
      - application/json; charset=utf-8
      date:
      - Mon, 07 Aug 2023 14:42:31 GMT
      etag:
      - 24c5dc30-fc40-4066-a0c3-af649480f152
      server:
      - Microsoft-IIS/10.0
      strict-transport-security:
      - max-age=31536000; includeSubDomains
      x-aspnet-version:
      - 4.0.30319
      x-content-type-options:
      - nosniff
      x-ms-ratelimit-remaining-subscription-resource-requests:
      - '11999'
      x-powered-by:
      - ASP.NET
    status:
      code: 201
      message: Created
- request:
    body: null
    headers:
      Accept:
      - application/json
      Accept-Encoding:
      - gzip, deflate
      CommandName:
      - network private-dns record-set mx add-record
      Connection:
      - keep-alive
      ParameterSetName:
      - -g -n -z -e -p
      User-Agent:
      - AZURECLI/2.51.0 (PIP) (AAZ) azsdk-python-core/1.26.0 Python/3.8.10 (Windows-10-10.0.19045-SP0)
    method: GET
    uri: https://management.azure.com/subscriptions/00000000-0000-0000-0000-000000000000/resourceGroups/clitest_privatedns000001/providers/Microsoft.Network/privateDnsZones/clitest.privatedns.com000002/MX/clitestprivatednsrecordset000003?api-version=2018-09-01
  response:
    body:
      string: '{"id":"\/subscriptions\/00000000-0000-0000-0000-000000000000\/resourceGroups\/clitest_privatedns000001\/providers\/Microsoft.Network\/privateDnsZones\/clitest.privatedns.com000002\/MX\/clitestprivatednsrecordset000003","name":"clitestprivatednsrecordset000003","type":"Microsoft.Network\/privateDnsZones\/MX","etag":"24c5dc30-fc40-4066-a0c3-af649480f152","properties":{"fqdn":"clitestprivatednsrecordset000003.clitest.privatedns.com000002.","ttl":3600,"mxRecords":[],"isAutoRegistered":false}}'
    headers:
      cache-control:
      - private
      content-length:
      - '493'
      content-type:
      - application/json; charset=utf-8
      date:
      - Mon, 07 Aug 2023 14:42:33 GMT
      etag:
      - 24c5dc30-fc40-4066-a0c3-af649480f152
      server:
      - Microsoft-IIS/10.0
      strict-transport-security:
      - max-age=31536000; includeSubDomains
      transfer-encoding:
      - chunked
      vary:
      - Accept-Encoding
      x-aspnet-version:
      - 4.0.30319
      x-content-type-options:
      - nosniff
      x-ms-ratelimit-remaining-subscription-resource-requests:
      - '499'
      x-powered-by:
      - ASP.NET
    status:
      code: 200
      message: OK
- request:
    body: null
    headers:
      Accept:
      - application/json
      Accept-Encoding:
      - gzip, deflate
      CommandName:
      - network private-dns record-set mx add-record
      Connection:
      - keep-alive
      ParameterSetName:
      - -g -n -z -e -p
      User-Agent:
      - AZURECLI/2.51.0 (PIP) (AAZ) azsdk-python-core/1.26.0 Python/3.8.10 (Windows-10-10.0.19045-SP0)
    method: GET
    uri: https://management.azure.com/subscriptions/00000000-0000-0000-0000-000000000000/resourceGroups/clitest_privatedns000001/providers/Microsoft.Network/privateDnsZones/clitest.privatedns.com000002/MX/clitestprivatednsrecordset000003?api-version=2018-09-01
  response:
    body:
      string: '{"id":"\/subscriptions\/00000000-0000-0000-0000-000000000000\/resourceGroups\/clitest_privatedns000001\/providers\/Microsoft.Network\/privateDnsZones\/clitest.privatedns.com000002\/MX\/clitestprivatednsrecordset000003","name":"clitestprivatednsrecordset000003","type":"Microsoft.Network\/privateDnsZones\/MX","etag":"24c5dc30-fc40-4066-a0c3-af649480f152","properties":{"fqdn":"clitestprivatednsrecordset000003.clitest.privatedns.com000002.","ttl":3600,"mxRecords":[],"isAutoRegistered":false}}'
    headers:
      cache-control:
      - private
      content-length:
      - '493'
      content-type:
      - application/json; charset=utf-8
      date:
      - Mon, 07 Aug 2023 14:42:34 GMT
      etag:
      - 24c5dc30-fc40-4066-a0c3-af649480f152
      server:
      - Microsoft-IIS/10.0
      strict-transport-security:
      - max-age=31536000; includeSubDomains
      transfer-encoding:
      - chunked
      vary:
      - Accept-Encoding
      x-aspnet-version:
      - 4.0.30319
      x-content-type-options:
      - nosniff
      x-ms-ratelimit-remaining-subscription-resource-requests:
      - '499'
      x-powered-by:
      - ASP.NET
    status:
      code: 200
      message: OK
- request:
    body: '{"etag": "24c5dc30-fc40-4066-a0c3-af649480f152", "properties": {"mxRecords":
      [{"exchange": "ex.chan.ge", "preference": 1}], "ttl": 3600}}'
    headers:
      Accept:
      - application/json
      Accept-Encoding:
      - gzip, deflate
      CommandName:
      - network private-dns record-set mx add-record
      Connection:
      - keep-alive
      Content-Length:
      - '137'
      Content-Type:
      - application/json
      ParameterSetName:
      - -g -n -z -e -p
      User-Agent:
      - AZURECLI/2.51.0 (PIP) (AAZ) azsdk-python-core/1.26.0 Python/3.8.10 (Windows-10-10.0.19045-SP0)
    method: PUT
    uri: https://management.azure.com/subscriptions/00000000-0000-0000-0000-000000000000/resourceGroups/clitest_privatedns000001/providers/Microsoft.Network/privateDnsZones/clitest.privatedns.com000002/MX/clitestprivatednsrecordset000003?api-version=2018-09-01
  response:
    body:
      string: '{"id":"\/subscriptions\/00000000-0000-0000-0000-000000000000\/resourceGroups\/clitest_privatedns000001\/providers\/Microsoft.Network\/privateDnsZones\/clitest.privatedns.com000002\/MX\/clitestprivatednsrecordset000003","name":"clitestprivatednsrecordset000003","type":"Microsoft.Network\/privateDnsZones\/MX","etag":"6fe96406-0779-4e2c-9f97-a48732291fa5","properties":{"fqdn":"clitestprivatednsrecordset000003.clitest.privatedns.com000002.","ttl":3600,"mxRecords":[{"exchange":"ex.chan.ge","preference":1}],"isAutoRegistered":false}}'
    headers:
      cache-control:
      - private
      content-length:
      - '533'
      content-type:
      - application/json; charset=utf-8
      date:
      - Mon, 07 Aug 2023 14:42:35 GMT
      etag:
      - 6fe96406-0779-4e2c-9f97-a48732291fa5
      server:
      - Microsoft-IIS/10.0
      strict-transport-security:
      - max-age=31536000; includeSubDomains
      transfer-encoding:
      - chunked
      vary:
      - Accept-Encoding
      x-aspnet-version:
      - 4.0.30319
      x-content-type-options:
      - nosniff
      x-ms-ratelimit-remaining-subscription-resource-requests:
      - '11999'
      x-powered-by:
      - ASP.NET
    status:
      code: 200
      message: OK
- request:
    body: null
    headers:
      Accept:
      - application/json
      Accept-Encoding:
      - gzip, deflate
      CommandName:
      - network private-dns record-set mx update
      Connection:
      - keep-alive
      ParameterSetName:
      - -g -n -z --metadata
      User-Agent:
      - AZURECLI/2.51.0 (PIP) (AAZ) azsdk-python-core/1.26.0 Python/3.8.10 (Windows-10-10.0.19045-SP0)
    method: GET
    uri: https://management.azure.com/subscriptions/00000000-0000-0000-0000-000000000000/resourceGroups/clitest_privatedns000001/providers/Microsoft.Network/privateDnsZones/clitest.privatedns.com000002/MX/clitestprivatednsrecordset000003?api-version=2018-09-01
  response:
    body:
      string: '{"id":"\/subscriptions\/00000000-0000-0000-0000-000000000000\/resourceGroups\/clitest_privatedns000001\/providers\/Microsoft.Network\/privateDnsZones\/clitest.privatedns.com000002\/MX\/clitestprivatednsrecordset000003","name":"clitestprivatednsrecordset000003","type":"Microsoft.Network\/privateDnsZones\/MX","etag":"6fe96406-0779-4e2c-9f97-a48732291fa5","properties":{"fqdn":"clitestprivatednsrecordset000003.clitest.privatedns.com000002.","ttl":3600,"mxRecords":[{"exchange":"ex.chan.ge","preference":1}],"isAutoRegistered":false}}'
    headers:
      cache-control:
      - private
      content-length:
      - '533'
      content-type:
      - application/json; charset=utf-8
      date:
      - Mon, 07 Aug 2023 14:42:36 GMT
      etag:
      - 6fe96406-0779-4e2c-9f97-a48732291fa5
      server:
      - Microsoft-IIS/10.0
      strict-transport-security:
      - max-age=31536000; includeSubDomains
      transfer-encoding:
      - chunked
      vary:
      - Accept-Encoding
      x-aspnet-version:
      - 4.0.30319
      x-content-type-options:
      - nosniff
      x-ms-ratelimit-remaining-subscription-resource-requests:
      - '498'
      x-powered-by:
      - ASP.NET
    status:
      code: 200
      message: OK
- request:
    body: '{"etag": "6fe96406-0779-4e2c-9f97-a48732291fa5", "properties": {"metadata":
      {"tagKey000004": "tagVal000005"}, "mxRecords": [{"exchange": "ex.chan.ge", "preference":
      1}], "ttl": 3600}}'
    headers:
      Accept:
      - application/json
      Accept-Encoding:
      - gzip, deflate
      CommandName:
      - network private-dns record-set mx update
      Connection:
      - keep-alive
      Content-Length:
      - '183'
      Content-Type:
      - application/json
      ParameterSetName:
      - -g -n -z --metadata
      User-Agent:
      - AZURECLI/2.51.0 (PIP) (AAZ) azsdk-python-core/1.26.0 Python/3.8.10 (Windows-10-10.0.19045-SP0)
    method: PUT
    uri: https://management.azure.com/subscriptions/00000000-0000-0000-0000-000000000000/resourceGroups/clitest_privatedns000001/providers/Microsoft.Network/privateDnsZones/clitest.privatedns.com000002/MX/clitestprivatednsrecordset000003?api-version=2018-09-01
  response:
    body:
      string: '{"id":"\/subscriptions\/00000000-0000-0000-0000-000000000000\/resourceGroups\/clitest_privatedns000001\/providers\/Microsoft.Network\/privateDnsZones\/clitest.privatedns.com000002\/MX\/clitestprivatednsrecordset000003","name":"clitestprivatednsrecordset000003","type":"Microsoft.Network\/privateDnsZones\/MX","etag":"7cbe2c49-ed13-4d47-be79-1ccce1919fce","properties":{"metadata":{"tagKey000004":"tagVal000005"},"fqdn":"clitestprivatednsrecordset000003.clitest.privatedns.com000002.","ttl":3600,"mxRecords":[{"exchange":"ex.chan.ge","preference":1}],"isAutoRegistered":false}}'
    headers:
      cache-control:
      - private
      content-length:
      - '576'
      content-type:
      - application/json; charset=utf-8
      date:
      - Mon, 07 Aug 2023 14:42:37 GMT
      etag:
      - 7cbe2c49-ed13-4d47-be79-1ccce1919fce
      server:
      - Microsoft-IIS/10.0
      strict-transport-security:
      - max-age=31536000; includeSubDomains
      transfer-encoding:
      - chunked
      vary:
      - Accept-Encoding
      x-aspnet-version:
      - 4.0.30319
      x-content-type-options:
      - nosniff
      x-ms-ratelimit-remaining-subscription-resource-requests:
      - '11999'
      x-powered-by:
      - ASP.NET
    status:
      code: 200
      message: OK
- request:
    body: null
    headers:
      Accept:
      - application/json
      Accept-Encoding:
      - gzip, deflate
      CommandName:
      - network private-dns record-set mx add-record
      Connection:
      - keep-alive
      ParameterSetName:
      - -g -n -z -e -p
      User-Agent:
      - AZURECLI/2.51.0 (PIP) (AAZ) azsdk-python-core/1.26.0 Python/3.8.10 (Windows-10-10.0.19045-SP0)
    method: GET
    uri: https://management.azure.com/subscriptions/00000000-0000-0000-0000-000000000000/resourceGroups/clitest_privatedns000001/providers/Microsoft.Network/privateDnsZones/clitest.privatedns.com000002/MX/clitestprivatednsrecordset000003?api-version=2018-09-01
  response:
    body:
      string: '{"id":"\/subscriptions\/00000000-0000-0000-0000-000000000000\/resourceGroups\/clitest_privatedns000001\/providers\/Microsoft.Network\/privateDnsZones\/clitest.privatedns.com000002\/MX\/clitestprivatednsrecordset000003","name":"clitestprivatednsrecordset000003","type":"Microsoft.Network\/privateDnsZones\/MX","etag":"7cbe2c49-ed13-4d47-be79-1ccce1919fce","properties":{"metadata":{"tagKey000004":"tagVal000005"},"fqdn":"clitestprivatednsrecordset000003.clitest.privatedns.com000002.","ttl":3600,"mxRecords":[{"exchange":"ex.chan.ge","preference":1}],"isAutoRegistered":false}}'
    headers:
      cache-control:
      - private
      content-length:
      - '576'
      content-type:
      - application/json; charset=utf-8
      date:
      - Mon, 07 Aug 2023 14:42:39 GMT
      etag:
      - 7cbe2c49-ed13-4d47-be79-1ccce1919fce
      server:
      - Microsoft-IIS/10.0
      strict-transport-security:
      - max-age=31536000; includeSubDomains
      transfer-encoding:
      - chunked
      vary:
      - Accept-Encoding
      x-aspnet-version:
      - 4.0.30319
      x-content-type-options:
      - nosniff
      x-ms-ratelimit-remaining-subscription-resource-requests:
      - '499'
      x-powered-by:
      - ASP.NET
    status:
      code: 200
      message: OK
- request:
    body: null
    headers:
      Accept:
      - application/json
      Accept-Encoding:
      - gzip, deflate
      CommandName:
      - network private-dns record-set mx add-record
      Connection:
      - keep-alive
      ParameterSetName:
      - -g -n -z -e -p
      User-Agent:
      - AZURECLI/2.51.0 (PIP) (AAZ) azsdk-python-core/1.26.0 Python/3.8.10 (Windows-10-10.0.19045-SP0)
    method: GET
    uri: https://management.azure.com/subscriptions/00000000-0000-0000-0000-000000000000/resourceGroups/clitest_privatedns000001/providers/Microsoft.Network/privateDnsZones/clitest.privatedns.com000002/MX/clitestprivatednsrecordset000003?api-version=2018-09-01
  response:
    body:
      string: '{"id":"\/subscriptions\/00000000-0000-0000-0000-000000000000\/resourceGroups\/clitest_privatedns000001\/providers\/Microsoft.Network\/privateDnsZones\/clitest.privatedns.com000002\/MX\/clitestprivatednsrecordset000003","name":"clitestprivatednsrecordset000003","type":"Microsoft.Network\/privateDnsZones\/MX","etag":"7cbe2c49-ed13-4d47-be79-1ccce1919fce","properties":{"metadata":{"tagKey000004":"tagVal000005"},"fqdn":"clitestprivatednsrecordset000003.clitest.privatedns.com000002.","ttl":3600,"mxRecords":[{"exchange":"ex.chan.ge","preference":1}],"isAutoRegistered":false}}'
    headers:
      cache-control:
      - private
      content-length:
      - '576'
      content-type:
      - application/json; charset=utf-8
      date:
      - Mon, 07 Aug 2023 14:42:40 GMT
      etag:
      - 7cbe2c49-ed13-4d47-be79-1ccce1919fce
      server:
      - Microsoft-IIS/10.0
      strict-transport-security:
      - max-age=31536000; includeSubDomains
      transfer-encoding:
      - chunked
      vary:
      - Accept-Encoding
      x-aspnet-version:
      - 4.0.30319
      x-content-type-options:
      - nosniff
      x-ms-ratelimit-remaining-subscription-resource-requests:
      - '499'
      x-powered-by:
      - ASP.NET
    status:
      code: 200
      message: OK
- request:
    body: '{"etag": "7cbe2c49-ed13-4d47-be79-1ccce1919fce", "properties": {"metadata":
      {"tagKey000004": "tagVal000005"}, "mxRecords": [{"exchange": "ex.chan.ge", "preference":
      1}, {"exchange": "ex.change.new", "preference": 2}], "ttl": 3600}}'
    headers:
      Accept:
      - application/json
      Accept-Encoding:
      - gzip, deflate
      CommandName:
      - network private-dns record-set mx add-record
      Connection:
      - keep-alive
      Content-Length:
      - '231'
      Content-Type:
      - application/json
      ParameterSetName:
      - -g -n -z -e -p
      User-Agent:
      - AZURECLI/2.51.0 (PIP) (AAZ) azsdk-python-core/1.26.0 Python/3.8.10 (Windows-10-10.0.19045-SP0)
    method: PUT
    uri: https://management.azure.com/subscriptions/00000000-0000-0000-0000-000000000000/resourceGroups/clitest_privatedns000001/providers/Microsoft.Network/privateDnsZones/clitest.privatedns.com000002/MX/clitestprivatednsrecordset000003?api-version=2018-09-01
  response:
    body:
      string: '{"id":"\/subscriptions\/00000000-0000-0000-0000-000000000000\/resourceGroups\/clitest_privatedns000001\/providers\/Microsoft.Network\/privateDnsZones\/clitest.privatedns.com000002\/MX\/clitestprivatednsrecordset000003","name":"clitestprivatednsrecordset000003","type":"Microsoft.Network\/privateDnsZones\/MX","etag":"7cb85034-1d3b-4875-8580-c089a59119e4","properties":{"metadata":{"tagKey000004":"tagVal000005"},"fqdn":"clitestprivatednsrecordset000003.clitest.privatedns.com000002.","ttl":3600,"mxRecords":[{"exchange":"ex.chan.ge","preference":1},{"exchange":"ex.change.new","preference":2}],"isAutoRegistered":false}}'
    headers:
      cache-control:
      - private
      content-length:
      - '620'
      content-type:
      - application/json; charset=utf-8
      date:
      - Mon, 07 Aug 2023 14:42:41 GMT
      etag:
      - 7cb85034-1d3b-4875-8580-c089a59119e4
      server:
      - Microsoft-IIS/10.0
      strict-transport-security:
      - max-age=31536000; includeSubDomains
      transfer-encoding:
      - chunked
      vary:
      - Accept-Encoding
      x-aspnet-version:
      - 4.0.30319
      x-content-type-options:
      - nosniff
      x-ms-ratelimit-remaining-subscription-resource-requests:
      - '11999'
      x-powered-by:
      - ASP.NET
    status:
      code: 200
      message: OK
- request:
    body: null
    headers:
      Accept:
      - application/json
      Accept-Encoding:
      - gzip, deflate
      CommandName:
      - network private-dns record-set mx show
      Connection:
      - keep-alive
      ParameterSetName:
      - -g -n -z
      User-Agent:
      - AZURECLI/2.51.0 (PIP) (AAZ) azsdk-python-core/1.26.0 Python/3.8.10 (Windows-10-10.0.19045-SP0)
    method: GET
    uri: https://management.azure.com/subscriptions/00000000-0000-0000-0000-000000000000/resourceGroups/clitest_privatedns000001/providers/Microsoft.Network/privateDnsZones/clitest.privatedns.com000002/MX/clitestprivatednsrecordset000003?api-version=2018-09-01
  response:
    body:
      string: '{"id":"\/subscriptions\/00000000-0000-0000-0000-000000000000\/resourceGroups\/clitest_privatedns000001\/providers\/Microsoft.Network\/privateDnsZones\/clitest.privatedns.com000002\/MX\/clitestprivatednsrecordset000003","name":"clitestprivatednsrecordset000003","type":"Microsoft.Network\/privateDnsZones\/MX","etag":"7cb85034-1d3b-4875-8580-c089a59119e4","properties":{"metadata":{"tagKey000004":"tagVal000005"},"fqdn":"clitestprivatednsrecordset000003.clitest.privatedns.com000002.","ttl":3600,"mxRecords":[{"exchange":"ex.chan.ge","preference":1},{"exchange":"ex.change.new","preference":2}],"isAutoRegistered":false}}'
    headers:
      cache-control:
      - private
      content-length:
      - '620'
      content-type:
      - application/json; charset=utf-8
      date:
      - Mon, 07 Aug 2023 14:42:42 GMT
      etag:
      - 7cb85034-1d3b-4875-8580-c089a59119e4
      server:
      - Microsoft-IIS/10.0
      strict-transport-security:
      - max-age=31536000; includeSubDomains
      transfer-encoding:
      - chunked
      vary:
      - Accept-Encoding
      x-aspnet-version:
      - 4.0.30319
      x-content-type-options:
      - nosniff
      x-ms-ratelimit-remaining-subscription-resource-requests:
      - '499'
      x-powered-by:
      - ASP.NET
    status:
      code: 200
      message: OK
- request:
    body: null
    headers:
      Accept:
      - application/json
      Accept-Encoding:
      - gzip, deflate
      CommandName:
      - network private-dns record-set mx remove-record
      Connection:
      - keep-alive
      ParameterSetName:
      - -g -n -z -e -p --keep-empty-record-set
      User-Agent:
      - AZURECLI/2.51.0 (PIP) (AAZ) azsdk-python-core/1.26.0 Python/3.8.10 (Windows-10-10.0.19045-SP0)
    method: GET
    uri: https://management.azure.com/subscriptions/00000000-0000-0000-0000-000000000000/resourceGroups/clitest_privatedns000001/providers/Microsoft.Network/privateDnsZones/clitest.privatedns.com000002/MX/clitestprivatednsrecordset000003?api-version=2018-09-01
  response:
    body:
      string: '{"id":"\/subscriptions\/00000000-0000-0000-0000-000000000000\/resourceGroups\/clitest_privatedns000001\/providers\/Microsoft.Network\/privateDnsZones\/clitest.privatedns.com000002\/MX\/clitestprivatednsrecordset000003","name":"clitestprivatednsrecordset000003","type":"Microsoft.Network\/privateDnsZones\/MX","etag":"7cb85034-1d3b-4875-8580-c089a59119e4","properties":{"metadata":{"tagKey000004":"tagVal000005"},"fqdn":"clitestprivatednsrecordset000003.clitest.privatedns.com000002.","ttl":3600,"mxRecords":[{"exchange":"ex.chan.ge","preference":1},{"exchange":"ex.change.new","preference":2}],"isAutoRegistered":false}}'
    headers:
      cache-control:
      - private
      content-length:
      - '620'
      content-type:
      - application/json; charset=utf-8
      date:
      - Mon, 07 Aug 2023 14:42:44 GMT
      etag:
      - 7cb85034-1d3b-4875-8580-c089a59119e4
      server:
      - Microsoft-IIS/10.0
      strict-transport-security:
      - max-age=31536000; includeSubDomains
      transfer-encoding:
      - chunked
      vary:
      - Accept-Encoding
      x-aspnet-version:
      - 4.0.30319
      x-content-type-options:
      - nosniff
      x-ms-ratelimit-remaining-subscription-resource-requests:
      - '499'
      x-powered-by:
      - ASP.NET
    status:
      code: 200
      message: OK
- request:
    body: null
    headers:
      Accept:
      - application/json
      Accept-Encoding:
      - gzip, deflate
      CommandName:
      - network private-dns record-set mx remove-record
      Connection:
      - keep-alive
      ParameterSetName:
      - -g -n -z -e -p --keep-empty-record-set
      User-Agent:
      - AZURECLI/2.51.0 (PIP) (AAZ) azsdk-python-core/1.26.0 Python/3.8.10 (Windows-10-10.0.19045-SP0)
    method: GET
    uri: https://management.azure.com/subscriptions/00000000-0000-0000-0000-000000000000/resourceGroups/clitest_privatedns000001/providers/Microsoft.Network/privateDnsZones/clitest.privatedns.com000002/MX/clitestprivatednsrecordset000003?api-version=2018-09-01
  response:
    body:
      string: '{"id":"\/subscriptions\/00000000-0000-0000-0000-000000000000\/resourceGroups\/clitest_privatedns000001\/providers\/Microsoft.Network\/privateDnsZones\/clitest.privatedns.com000002\/MX\/clitestprivatednsrecordset000003","name":"clitestprivatednsrecordset000003","type":"Microsoft.Network\/privateDnsZones\/MX","etag":"7cb85034-1d3b-4875-8580-c089a59119e4","properties":{"metadata":{"tagKey000004":"tagVal000005"},"fqdn":"clitestprivatednsrecordset000003.clitest.privatedns.com000002.","ttl":3600,"mxRecords":[{"exchange":"ex.chan.ge","preference":1},{"exchange":"ex.change.new","preference":2}],"isAutoRegistered":false}}'
    headers:
      cache-control:
      - private
      content-length:
      - '620'
      content-type:
      - application/json; charset=utf-8
      date:
      - Mon, 07 Aug 2023 14:42:44 GMT
      etag:
      - 7cb85034-1d3b-4875-8580-c089a59119e4
      server:
      - Microsoft-IIS/10.0
      strict-transport-security:
      - max-age=31536000; includeSubDomains
      transfer-encoding:
      - chunked
      vary:
      - Accept-Encoding
      x-aspnet-version:
      - 4.0.30319
      x-content-type-options:
      - nosniff
      x-ms-ratelimit-remaining-subscription-resource-requests:
      - '499'
      x-powered-by:
      - ASP.NET
    status:
      code: 200
      message: OK
- request:
    body: '{"etag": "7cb85034-1d3b-4875-8580-c089a59119e4", "properties": {"metadata":
      {"tagKey000004": "tagVal000005"}, "mxRecords": [{"exchange": "ex.chan.ge", "preference":
      1}], "ttl": 3600}}'
    headers:
      Accept:
      - application/json
      Accept-Encoding:
      - gzip, deflate
      CommandName:
      - network private-dns record-set mx remove-record
      Connection:
      - keep-alive
      Content-Length:
      - '183'
      Content-Type:
      - application/json
      ParameterSetName:
      - -g -n -z -e -p --keep-empty-record-set
      User-Agent:
      - AZURECLI/2.51.0 (PIP) (AAZ) azsdk-python-core/1.26.0 Python/3.8.10 (Windows-10-10.0.19045-SP0)
    method: PUT
    uri: https://management.azure.com/subscriptions/00000000-0000-0000-0000-000000000000/resourceGroups/clitest_privatedns000001/providers/Microsoft.Network/privateDnsZones/clitest.privatedns.com000002/MX/clitestprivatednsrecordset000003?api-version=2018-09-01
  response:
    body:
      string: '{"id":"\/subscriptions\/00000000-0000-0000-0000-000000000000\/resourceGroups\/clitest_privatedns000001\/providers\/Microsoft.Network\/privateDnsZones\/clitest.privatedns.com000002\/MX\/clitestprivatednsrecordset000003","name":"clitestprivatednsrecordset000003","type":"Microsoft.Network\/privateDnsZones\/MX","etag":"c606105f-2273-41b4-b9f2-7d421353a081","properties":{"metadata":{"tagKey000004":"tagVal000005"},"fqdn":"clitestprivatednsrecordset000003.clitest.privatedns.com000002.","ttl":3600,"mxRecords":[{"exchange":"ex.chan.ge","preference":1}],"isAutoRegistered":false}}'
    headers:
      cache-control:
      - private
      content-length:
      - '576'
      content-type:
      - application/json; charset=utf-8
      date:
      - Mon, 07 Aug 2023 14:42:45 GMT
      etag:
      - c606105f-2273-41b4-b9f2-7d421353a081
      server:
      - Microsoft-IIS/10.0
      strict-transport-security:
      - max-age=31536000; includeSubDomains
      transfer-encoding:
      - chunked
      vary:
      - Accept-Encoding
      x-aspnet-version:
      - 4.0.30319
      x-content-type-options:
      - nosniff
      x-ms-ratelimit-remaining-subscription-resource-requests:
      - '11999'
      x-powered-by:
      - ASP.NET
    status:
      code: 200
      message: OK
- request:
    body: null
    headers:
      Accept:
      - application/json
      Accept-Encoding:
      - gzip, deflate
      CommandName:
      - network private-dns record-set mx remove-record
      Connection:
      - keep-alive
      ParameterSetName:
      - -g -n -z -e -p --keep-empty-record-set
      User-Agent:
      - AZURECLI/2.51.0 (PIP) (AAZ) azsdk-python-core/1.26.0 Python/3.8.10 (Windows-10-10.0.19045-SP0)
    method: GET
    uri: https://management.azure.com/subscriptions/00000000-0000-0000-0000-000000000000/resourceGroups/clitest_privatedns000001/providers/Microsoft.Network/privateDnsZones/clitest.privatedns.com000002/MX/clitestprivatednsrecordset000003?api-version=2018-09-01
  response:
    body:
      string: '{"id":"\/subscriptions\/00000000-0000-0000-0000-000000000000\/resourceGroups\/clitest_privatedns000001\/providers\/Microsoft.Network\/privateDnsZones\/clitest.privatedns.com000002\/MX\/clitestprivatednsrecordset000003","name":"clitestprivatednsrecordset000003","type":"Microsoft.Network\/privateDnsZones\/MX","etag":"c606105f-2273-41b4-b9f2-7d421353a081","properties":{"metadata":{"tagKey000004":"tagVal000005"},"fqdn":"clitestprivatednsrecordset000003.clitest.privatedns.com000002.","ttl":3600,"mxRecords":[{"exchange":"ex.chan.ge","preference":1}],"isAutoRegistered":false}}'
    headers:
      cache-control:
      - private
      content-length:
      - '576'
      content-type:
      - application/json; charset=utf-8
      date:
      - Mon, 07 Aug 2023 14:42:48 GMT
      etag:
      - c606105f-2273-41b4-b9f2-7d421353a081
      server:
      - Microsoft-IIS/10.0
      strict-transport-security:
      - max-age=31536000; includeSubDomains
      transfer-encoding:
      - chunked
      vary:
      - Accept-Encoding
      x-aspnet-version:
      - 4.0.30319
      x-content-type-options:
      - nosniff
      x-ms-ratelimit-remaining-subscription-resource-requests:
      - '499'
      x-powered-by:
      - ASP.NET
    status:
      code: 200
      message: OK
- request:
    body: null
    headers:
      Accept:
      - application/json
      Accept-Encoding:
      - gzip, deflate
      CommandName:
      - network private-dns record-set mx remove-record
      Connection:
      - keep-alive
      ParameterSetName:
      - -g -n -z -e -p --keep-empty-record-set
      User-Agent:
      - AZURECLI/2.51.0 (PIP) (AAZ) azsdk-python-core/1.26.0 Python/3.8.10 (Windows-10-10.0.19045-SP0)
    method: GET
    uri: https://management.azure.com/subscriptions/00000000-0000-0000-0000-000000000000/resourceGroups/clitest_privatedns000001/providers/Microsoft.Network/privateDnsZones/clitest.privatedns.com000002/MX/clitestprivatednsrecordset000003?api-version=2018-09-01
  response:
    body:
      string: '{"id":"\/subscriptions\/00000000-0000-0000-0000-000000000000\/resourceGroups\/clitest_privatedns000001\/providers\/Microsoft.Network\/privateDnsZones\/clitest.privatedns.com000002\/MX\/clitestprivatednsrecordset000003","name":"clitestprivatednsrecordset000003","type":"Microsoft.Network\/privateDnsZones\/MX","etag":"c606105f-2273-41b4-b9f2-7d421353a081","properties":{"metadata":{"tagKey000004":"tagVal000005"},"fqdn":"clitestprivatednsrecordset000003.clitest.privatedns.com000002.","ttl":3600,"mxRecords":[{"exchange":"ex.chan.ge","preference":1}],"isAutoRegistered":false}}'
    headers:
      cache-control:
      - private
      content-length:
      - '576'
      content-type:
      - application/json; charset=utf-8
      date:
      - Mon, 07 Aug 2023 14:42:49 GMT
      etag:
      - c606105f-2273-41b4-b9f2-7d421353a081
      server:
      - Microsoft-IIS/10.0
      strict-transport-security:
      - max-age=31536000; includeSubDomains
      transfer-encoding:
      - chunked
      vary:
      - Accept-Encoding
      x-aspnet-version:
      - 4.0.30319
      x-content-type-options:
      - nosniff
      x-ms-ratelimit-remaining-subscription-resource-requests:
      - '499'
      x-powered-by:
      - ASP.NET
    status:
      code: 200
      message: OK
- request:
    body: '{"etag": "c606105f-2273-41b4-b9f2-7d421353a081", "properties": {"metadata":
      {"tagKey000004": "tagVal000005"}, "mxRecords": [], "ttl": 3600}}'
    headers:
      Accept:
      - application/json
      Accept-Encoding:
      - gzip, deflate
      CommandName:
      - network private-dns record-set mx remove-record
      Connection:
      - keep-alive
      Content-Length:
      - '140'
      Content-Type:
      - application/json
      ParameterSetName:
      - -g -n -z -e -p --keep-empty-record-set
      User-Agent:
      - AZURECLI/2.51.0 (PIP) (AAZ) azsdk-python-core/1.26.0 Python/3.8.10 (Windows-10-10.0.19045-SP0)
    method: PUT
    uri: https://management.azure.com/subscriptions/00000000-0000-0000-0000-000000000000/resourceGroups/clitest_privatedns000001/providers/Microsoft.Network/privateDnsZones/clitest.privatedns.com000002/MX/clitestprivatednsrecordset000003?api-version=2018-09-01
  response:
    body:
      string: '{"id":"\/subscriptions\/00000000-0000-0000-0000-000000000000\/resourceGroups\/clitest_privatedns000001\/providers\/Microsoft.Network\/privateDnsZones\/clitest.privatedns.com000002\/MX\/clitestprivatednsrecordset000003","name":"clitestprivatednsrecordset000003","type":"Microsoft.Network\/privateDnsZones\/MX","etag":"61fefb1f-0f97-418b-835a-0a32d8fc8137","properties":{"metadata":{"tagKey000004":"tagVal000005"},"fqdn":"clitestprivatednsrecordset000003.clitest.privatedns.com000002.","ttl":3600,"mxRecords":[],"isAutoRegistered":false}}'
    headers:
      cache-control:
      - private
      content-length:
      - '536'
      content-type:
      - application/json; charset=utf-8
      date:
      - Mon, 07 Aug 2023 14:42:50 GMT
      etag:
      - 61fefb1f-0f97-418b-835a-0a32d8fc8137
      server:
      - Microsoft-IIS/10.0
      strict-transport-security:
      - max-age=31536000; includeSubDomains
      transfer-encoding:
      - chunked
      vary:
      - Accept-Encoding
      x-aspnet-version:
      - 4.0.30319
      x-content-type-options:
      - nosniff
      x-ms-ratelimit-remaining-subscription-resource-requests:
      - '11999'
      x-powered-by:
      - ASP.NET
    status:
      code: 200
      message: OK
- request:
    body: null
    headers:
      Accept:
      - '*/*'
      Accept-Encoding:
      - gzip, deflate
      CommandName:
      - network private-dns record-set mx delete
      Connection:
      - keep-alive
      Content-Length:
      - '0'
      ParameterSetName:
      - -g -n -z -y
      User-Agent:
      - AZURECLI/2.51.0 (PIP) (AAZ) azsdk-python-core/1.26.0 Python/3.8.10 (Windows-10-10.0.19045-SP0)
    method: DELETE
    uri: https://management.azure.com/subscriptions/00000000-0000-0000-0000-000000000000/resourceGroups/clitest_privatedns000001/providers/Microsoft.Network/privateDnsZones/clitest.privatedns.com000002/MX/clitestprivatednsrecordset000003?api-version=2018-09-01
  response:
    body:
      string: ''
    headers:
      cache-control:
      - private
      content-length:
      - '0'
      date:
      - Mon, 07 Aug 2023 14:42:53 GMT
      server:
      - Microsoft-IIS/10.0
      strict-transport-security:
      - max-age=31536000; includeSubDomains
      x-aspnet-version:
      - 4.0.30319
      x-content-type-options:
      - nosniff
      x-ms-ratelimit-remaining-subscription-resource-requests:
      - '11999'
      x-powered-by:
      - ASP.NET
    status:
      code: 200
      message: OK
version: 1
