interactions:
- request:
    body: '{"location": "westus", "tags": {"product": "azurecli", "cause": "automation",
      "date": "2018-06-15T21:00:47Z"}}'
    headers:
      Accept: [application/json]
      Accept-Encoding: ['gzip, deflate']
      CommandName: [group create]
      Connection: [keep-alive]
      Content-Length: ['110']
      Content-Type: [application/json; charset=utf-8]
      User-Agent: [python/3.5.2 (Windows-10-10.0.17134-SP0) requests/2.19.1 msrest/0.5.0
          msrest_azure/0.4.32 resourcemanagementclient/2.0.0rc1 Azure-SDK-For-Python
          AZURECLI/2.0.37]
      accept-language: [en-US]
    method: PUT
    uri: https://management.azure.com/subscriptions/00000000-0000-0000-0000-000000000000/resourcegroups/clitest.rg000001?api-version=2018-02-01
  response:
    body: {string: '{"id":"/subscriptions/00000000-0000-0000-0000-000000000000/resourceGroups/clitest.rg000001","name":"clitest.rg000001","location":"westus","tags":{"product":"azurecli","cause":"automation","date":"2018-06-15T21:00:47Z"},"properties":{"provisioningState":"Succeeded"}}'}
    headers:
      cache-control: [no-cache]
      content-length: ['384']
      content-type: [application/json; charset=utf-8]
      date: ['Fri, 15 Jun 2018 21:00:47 GMT']
      expires: ['-1']
      pragma: [no-cache]
      strict-transport-security: [max-age=31536000; includeSubDomains]
      x-content-type-options: [nosniff]
      x-ms-ratelimit-remaining-subscription-writes: ['1198']
    status: {code: 201, message: Created}
- request:
    body: '{"location": "westus", "kind": "Storage", "sku": {"name": "Standard_LRS"}}'
    headers:
      Accept: [application/json]
      Accept-Encoding: ['gzip, deflate']
      CommandName: [storage account create]
      Connection: [keep-alive]
      Content-Length: ['74']
      Content-Type: [application/json; charset=utf-8]
      User-Agent: [python/3.5.2 (Windows-10-10.0.17134-SP0) requests/2.19.1 msrest/0.5.0
          msrest_azure/0.4.32 azure-mgmt-storage/1.5.0 Azure-SDK-For-Python AZURECLI/2.0.37]
      accept-language: [en-US]
    method: PUT
    uri: https://management.azure.com/subscriptions/00000000-0000-0000-0000-000000000000/resourceGroups/clitest.rg000001/providers/Microsoft.Storage/storageAccounts/clitest000002?api-version=2016-01-01
  response:
    body: {string: ''}
    headers:
      cache-control: [no-cache]
      content-length: ['0']
      content-type: [text/plain; charset=utf-8]
      date: ['Fri, 15 Jun 2018 21:00:48 GMT']
      expires: ['-1']
      location: ['https://management.azure.com/subscriptions/00000000-0000-0000-0000-000000000000/providers/Microsoft.Storage/locations/westus/asyncoperations/9dec3b8f-6bcf-4295-b9cb-c177b22fa921?monitor=true&api-version=2016-01-01']
      pragma: [no-cache]
      server: ['Microsoft-Azure-Storage-Resource-Provider/1.0,Microsoft-HTTPAPI/2.0
          Microsoft-HTTPAPI/2.0']
      strict-transport-security: [max-age=31536000; includeSubDomains]
      x-content-type-options: [nosniff]
      x-ms-ratelimit-remaining-subscription-writes: ['1198']
    status: {code: 202, message: Accepted}
- request:
    body: null
    headers:
      Accept: [application/json]
      Accept-Encoding: ['gzip, deflate']
      CommandName: [storage account create]
      Connection: [keep-alive]
      Content-Type: [application/json; charset=utf-8]
      User-Agent: [python/3.5.2 (Windows-10-10.0.17134-SP0) requests/2.19.1 msrest/0.5.0
          msrest_azure/0.4.32 azure-mgmt-storage/1.5.0 Azure-SDK-For-Python AZURECLI/2.0.37]
      accept-language: [en-US]
    method: GET
    uri: https://management.azure.com/subscriptions/00000000-0000-0000-0000-000000000000/providers/Microsoft.Storage/locations/westus/asyncoperations/9dec3b8f-6bcf-4295-b9cb-c177b22fa921?monitor=true&api-version=2016-01-01
  response:
    body: {string: '{"sku":{"name":"Standard_LRS","tier":"Standard"},"kind":"Storage","id":"/subscriptions/00000000-0000-0000-0000-000000000000/resourceGroups/clitest.rg000001/providers/Microsoft.Storage/storageAccounts/clitest000002","name":"clitest000002","type":"Microsoft.Storage/storageAccounts","location":"westus","tags":{},"properties":{"encryption":{"services":{"blob":{"enabled":true,"lastEnabledTime":"2018-06-15T21:00:48.5228898Z"}},"keySource":"Microsoft.Storage"},"provisioningState":"Succeeded","creationTime":"2018-06-15T21:00:48.3510507Z","primaryEndpoints":{"blob":"https://clitest000002.blob.core.windows.net/","queue":"https://clitest000002.queue.core.windows.net/","table":"https://clitest000002.table.core.windows.net/","file":"https://clitest000002.file.core.windows.net/"},"primaryLocation":"westus","statusOfPrimary":"available"}}'}
    headers:
      cache-control: [no-cache]
      content-length: ['960']
      content-type: [application/json]
      date: ['Fri, 15 Jun 2018 21:01:05 GMT']
      expires: ['-1']
      pragma: [no-cache]
      server: ['Microsoft-Azure-Storage-Resource-Provider/1.0,Microsoft-HTTPAPI/2.0
          Microsoft-HTTPAPI/2.0']
      strict-transport-security: [max-age=31536000; includeSubDomains]
      transfer-encoding: [chunked]
      vary: [Accept-Encoding]
      x-content-type-options: [nosniff]
    status: {code: 200, message: OK}
- request:
    body: null
    headers:
      Accept: [application/json]
      Accept-Encoding: ['gzip, deflate']
      CommandName: [storage account keys list]
      Connection: [keep-alive]
      Content-Length: ['0']
      Content-Type: [application/json; charset=utf-8]
      User-Agent: [python/3.5.2 (Windows-10-10.0.17134-SP0) requests/2.19.1 msrest/0.5.0
          msrest_azure/0.4.32 azure-mgmt-storage/1.5.0 Azure-SDK-For-Python AZURECLI/2.0.37]
      accept-language: [en-US]
    method: POST
    uri: https://management.azure.com/subscriptions/00000000-0000-0000-0000-000000000000/resourceGroups/clitest.rg000001/providers/Microsoft.Storage/storageAccounts/clitest000002/listKeys?api-version=2016-01-01
  response:
    body: {string: '{"keys":[{"keyName":"key1","value":"2OSyOyd8OObVrjyO1LmQXvbd87TaoQDQyiCpcArF5K6GJgYifppG7QSSBSJbcwRdK0x6YhdB3zl2zMfbIN6GiA==","permissions":"FULL"},{"keyName":"key2","value":"S65+IcWaazoqfgy3Bmf47DmNJca08KkzKLRNEb5IMlPlGe3MiLSvwmdu1ZDFNbR5BK//ugtH+gagDb7P3lkUDw==","permissions":"FULL"}]}'}
    headers:
      cache-control: [no-cache]
      content-length: ['288']
      content-type: [application/json]
      date: ['Fri, 15 Jun 2018 21:01:06 GMT']
      expires: ['-1']
      pragma: [no-cache]
      server: ['Microsoft-Azure-Storage-Resource-Provider/1.0,Microsoft-HTTPAPI/2.0
          Microsoft-HTTPAPI/2.0']
      strict-transport-security: [max-age=31536000; includeSubDomains]
      transfer-encoding: [chunked]
      vary: [Accept-Encoding]
      x-content-type-options: [nosniff]
      x-ms-ratelimit-remaining-subscription-writes: ['1196']
    status: {code: 200, message: OK}
- request:
    body: null
    headers:
      Accept: [application/json]
      Accept-Encoding: ['gzip, deflate']
      CommandName: [storage account keys list]
      Connection: [keep-alive]
      Content-Length: ['0']
      Content-Type: [application/json; charset=utf-8]
      User-Agent: [python/3.5.2 (Windows-10-10.0.17134-SP0) requests/2.19.1 msrest/0.5.0
          msrest_azure/0.4.32 azure-mgmt-storage/1.5.0 Azure-SDK-For-Python AZURECLI/2.0.37]
      accept-language: [en-US]
    method: POST
    uri: https://management.azure.com/subscriptions/00000000-0000-0000-0000-000000000000/resourceGroups/clitest.rg000001/providers/Microsoft.Storage/storageAccounts/clitest000002/listKeys?api-version=2016-01-01
  response:
    body: {string: '{"keys":[{"keyName":"key1","value":"2OSyOyd8OObVrjyO1LmQXvbd87TaoQDQyiCpcArF5K6GJgYifppG7QSSBSJbcwRdK0x6YhdB3zl2zMfbIN6GiA==","permissions":"FULL"},{"keyName":"key2","value":"S65+IcWaazoqfgy3Bmf47DmNJca08KkzKLRNEb5IMlPlGe3MiLSvwmdu1ZDFNbR5BK//ugtH+gagDb7P3lkUDw==","permissions":"FULL"}]}'}
    headers:
      cache-control: [no-cache]
      content-length: ['288']
      content-type: [application/json]
      date: ['Fri, 15 Jun 2018 21:01:07 GMT']
      expires: ['-1']
      pragma: [no-cache]
      server: ['Microsoft-Azure-Storage-Resource-Provider/1.0,Microsoft-HTTPAPI/2.0
          Microsoft-HTTPAPI/2.0']
      strict-transport-security: [max-age=31536000; includeSubDomains]
      transfer-encoding: [chunked]
      vary: [Accept-Encoding]
      x-content-type-options: [nosniff]
      x-ms-ratelimit-remaining-subscription-writes: ['1197']
    status: {code: 200, message: OK}
- request:
    body: null
    headers:
      Connection: [keep-alive]
      Content-Length: ['0']
      User-Agent: [Azure-Storage/0.37.1-0.36.0 (Python CPython 3.5.2; Windows 10)
          AZURECLI/2.0.37]
      x-ms-date: ['Fri, 15 Jun 2018 21:01:07 GMT']
      x-ms-version: ['2017-04-17']
    method: PUT
    uri: https://clitest000002.file.core.windows.net/share000003?restype=share
  response:
    body: {string: ''}
    headers:
      date: ['Fri, 15 Jun 2018 21:01:07 GMT']
      etag: ['"0x8D5D3031DB4C009"']
      last-modified: ['Fri, 15 Jun 2018 21:01:07 GMT']
      server: [Windows-Azure-File/1.0 Microsoft-HTTPAPI/2.0]
      transfer-encoding: [chunked]
      x-ms-version: ['2017-04-17']
    status: {code: 201, message: Created}
- request:
    body: null
    headers:
      Connection: [keep-alive]
      Content-Length: ['0']
      User-Agent: [Azure-Storage/0.37.1-0.36.0 (Python CPython 3.5.2; Windows 10)
          AZURECLI/2.0.37]
      x-ms-date: ['Fri, 15 Jun 2018 21:01:08 GMT']
      x-ms-version: ['2017-04-17']
    method: PUT
    uri: https://clitest000002.file.core.windows.net/share000004?restype=share
  response:
    body: {string: ''}
    headers:
      date: ['Fri, 15 Jun 2018 21:01:08 GMT']
      etag: ['"0x8D5D3031DE917DA"']
      last-modified: ['Fri, 15 Jun 2018 21:01:08 GMT']
      server: [Windows-Azure-File/1.0 Microsoft-HTTPAPI/2.0]
      transfer-encoding: [chunked]
      x-ms-version: ['2017-04-17']
    status: {code: 201, message: Created}
- request:
    body: null
    headers:
      Connection: [keep-alive]
      Content-Length: ['0']
      User-Agent: [Azure-Storage/0.37.1-0.36.0 (Python CPython 3.5.2; Windows 10)
          AZURECLI/2.0.37]
      x-ms-date: ['Fri, 15 Jun 2018 21:01:08 GMT']
      x-ms-version: ['2017-04-17']
    method: PUT
    uri: https://clitest000002.file.core.windows.net/share000003/dir1?restype=directory
  response:
    body: {string: ''}
    headers:
      date: ['Fri, 15 Jun 2018 21:01:07 GMT']
      etag: ['"0x8D5D3031E1A61AD"']
      last-modified: ['Fri, 15 Jun 2018 21:01:08 GMT']
      server: [Windows-Azure-File/1.0 Microsoft-HTTPAPI/2.0]
      transfer-encoding: [chunked]
      x-ms-request-server-encrypted: ['true']
      x-ms-version: ['2017-04-17']
    status: {code: 201, message: Created}
- request:
    body: null
    headers:
      Connection: [keep-alive]
      Content-Length: ['0']
      User-Agent: [Azure-Storage/0.37.1-0.36.0 (Python CPython 3.5.2; Windows 10)
          AZURECLI/2.0.37]
      x-ms-date: ['Fri, 15 Jun 2018 21:01:08 GMT']
      x-ms-version: ['2017-04-17']
    method: PUT
    uri: https://clitest000002.file.core.windows.net/share000004/dir2?restype=directory
  response:
    body: {string: ''}
    headers:
      date: ['Fri, 15 Jun 2018 21:01:08 GMT']
      etag: ['"0x8D5D3031E401904"']
      last-modified: ['Fri, 15 Jun 2018 21:01:08 GMT']
      server: [Windows-Azure-File/1.0 Microsoft-HTTPAPI/2.0]
      transfer-encoding: [chunked]
      x-ms-request-server-encrypted: ['true']
      x-ms-version: ['2017-04-17']
    status: {code: 201, message: Created}
- request:
    body: null
    headers:
      Connection: [keep-alive]
      Content-Length: ['0']
      User-Agent: [Azure-Storage/0.37.1-0.36.0 (Python CPython 3.5.2; Windows 10)
          AZURECLI/2.0.37]
      x-ms-content-length: ['524288']
      x-ms-date: ['Fri, 15 Jun 2018 21:01:09 GMT']
      x-ms-type: [file]
      x-ms-version: ['2017-04-17']
    method: PUT
    uri: https://clitest000002.file.core.windows.net/share000003/dir1/source_file.txt
  response:
    body: {string: ''}
    headers:
      date: ['Fri, 15 Jun 2018 21:01:08 GMT']
      etag: ['"0x8D5D3031E7738A0"']
      last-modified: ['Fri, 15 Jun 2018 21:01:09 GMT']
      server: [Windows-Azure-File/1.0 Microsoft-HTTPAPI/2.0]
      transfer-encoding: [chunked]
      x-ms-request-server-encrypted: ['true']
      x-ms-version: ['2017-04-17']
    status: {code: 201, message: Created}
- request:
    body: '!!! The request body has been omitted from the recording because its size
      524288 is larger than 128KB. !!!'
    headers:
      Connection: [keep-alive]
      Content-Length: ['524288']
      User-Agent: [Azure-Storage/0.37.1-0.36.0 (Python CPython 3.5.2; Windows 10)
          AZURECLI/2.0.37]
      x-ms-date: ['Fri, 15 Jun 2018 21:01:09 GMT']
      x-ms-range: [bytes=0-524287]
      x-ms-version: ['2017-04-17']
      x-ms-write: [update]
    method: PUT
    uri: https://clitest000002.file.core.windows.net/share000003/dir1/source_file.txt?comp=range
  response:
    body: {string: ''}
    headers:
      content-md5: [WQcVkAmdId1DmJZZIzi/lQ==]
      date: ['Fri, 15 Jun 2018 21:01:08 GMT']
      etag: ['"0x8D5D3031EA8B1E9"']
      last-modified: ['Fri, 15 Jun 2018 21:01:09 GMT']
      server: [Windows-Azure-File/1.0 Microsoft-HTTPAPI/2.0]
      transfer-encoding: [chunked]
      x-ms-request-server-encrypted: ['true']
      x-ms-version: ['2017-04-17']
    status: {code: 201, message: Created}
- request:
    body: null
    headers:
      Connection: [keep-alive]
      User-Agent: [Azure-Storage/0.37.1-0.36.0 (Python CPython 3.5.2; Windows 10)
          AZURECLI/2.0.37]
      x-ms-date: ['Fri, 15 Jun 2018 21:01:09 GMT']
      x-ms-version: ['2017-04-17']
    method: HEAD
    uri: https://clitest000002.file.core.windows.net/share000003/dir1/source_file.txt
  response:
    body: {string: ''}
    headers:
      content-length: ['524288']
      content-type: [application/octet-stream]
      date: ['Fri, 15 Jun 2018 21:01:09 GMT']
      etag: ['"0x8D5D3031EA8B1E9"']
      last-modified: ['Fri, 15 Jun 2018 21:01:09 GMT']
      server: [Windows-Azure-File/1.0 Microsoft-HTTPAPI/2.0]
      x-ms-server-encrypted: ['true']
      x-ms-type: [File]
      x-ms-version: ['2017-04-17']
    status: {code: 200, message: OK}
- request:
    body: null
    headers:
      Connection: [keep-alive]
      Content-Length: ['0']
      User-Agent: [Azure-Storage/0.37.1-0.36.0 (Python CPython 3.5.2; Windows 10)
          AZURECLI/2.0.37]
      x-ms-copy-source: ['https://clitestpmhfhoheisvzzioks.file.core.windows.net/shareyrbpgtljg3f2vjedsa6/dir1/source_file.txt']
      x-ms-date: ['Fri, 15 Jun 2018 21:01:10 GMT']
      x-ms-version: ['2017-04-17']
    method: PUT
    uri: https://clitest000002.file.core.windows.net/share000004/dir2/destination_file.txt
  response:
    body: {string: ''}
    headers:
      date: ['Fri, 15 Jun 2018 21:01:11 GMT']
      etag: ['"0x8D5D3031FF6A48F"']
      last-modified: ['Fri, 15 Jun 2018 21:01:11 GMT']
      server: [Windows-Azure-File/1.0 Microsoft-HTTPAPI/2.0]
      transfer-encoding: [chunked]
      x-ms-copy-id: [847c0b4d-b0ca-4ccc-8c5f-502f0d87d7d2]
      x-ms-copy-status: [success]
      x-ms-version: ['2017-04-17']
    status: {code: 202, message: Accepted}
- request:
    body: null
    headers:
      Connection: [keep-alive]
      User-Agent: [Azure-Storage/0.37.1-0.36.0 (Python CPython 3.5.2; Windows 10)
          AZURECLI/2.0.37]
      x-ms-date: ['Fri, 15 Jun 2018 21:01:12 GMT']
      x-ms-version: ['2017-04-17']
    method: HEAD
    uri: https://clitest000002.file.core.windows.net/share000004/dir2/destination_file.txt
  response:
    body: {string: ''}
    headers:
      content-length: ['524288']
      content-type: [application/octet-stream]
      date: ['Fri, 15 Jun 2018 21:01:11 GMT']
      etag: ['"0x8D5D3031FF6A48F"']
      last-modified: ['Fri, 15 Jun 2018 21:01:11 GMT']
      server: [Windows-Azure-File/1.0 Microsoft-HTTPAPI/2.0]
      x-ms-copy-completion-time: ['Fri, 15 Jun 2018 21:01:11 GMT']
      x-ms-copy-id: [847c0b4d-b0ca-4ccc-8c5f-502f0d87d7d2]
      x-ms-copy-progress: [524288/524288]
      x-ms-copy-source: ['https://clitestpmhfhoheisvzzioks.file.core.windows.net/shareyrbpgtljg3f2vjedsa6/dir1/source_file.txt']
      x-ms-copy-status: [success]
      x-ms-server-encrypted: ['true']
      x-ms-type: [File]
      x-ms-version: ['2017-04-17']
    status: {code: 200, message: OK}
- request:
    body: null
    headers:
      Connection: [keep-alive]
      Content-Length: ['0']
      User-Agent: [Azure-Storage/0.37.1-0.36.0 (Python CPython 3.5.2; Windows 10)
          AZURECLI/2.0.37]
      x-ms-copy-source: ['https://clitestpmhfhoheisvzzioks.file.core.windows.net/shareyrbpgtljg3f2vjedsa6/dir1/source_file.txt']
      x-ms-date: ['Fri, 15 Jun 2018 21:01:12 GMT']
      x-ms-version: ['2017-04-17']
    method: PUT
    uri: https://clitest000002.file.core.windows.net/share000004/dir2/destination_file.txt
  response:
    body: {string: ''}
    headers:
      date: ['Fri, 15 Jun 2018 21:01:13 GMT']
      etag: ['"0x8D5D30320F6900D"']
      last-modified: ['Fri, 15 Jun 2018 21:01:13 GMT']
      server: [Windows-Azure-File/1.0 Microsoft-HTTPAPI/2.0]
      transfer-encoding: [chunked]
      x-ms-copy-id: [f2a4423f-231e-482e-b3d3-d20d9b1ce2ea]
      x-ms-copy-status: [success]
      x-ms-version: ['2017-04-17']
    status: {code: 202, message: Accepted}
- request:
    body: null
    headers:
      Connection: [keep-alive]
      User-Agent: [Azure-Storage/0.37.1-0.36.0 (Python CPython 3.5.2; Windows 10)
          AZURECLI/2.0.37]
      x-ms-date: ['Fri, 15 Jun 2018 21:01:13 GMT']
      x-ms-version: ['2017-04-17']
    method: HEAD
    uri: https://clitest000002.file.core.windows.net/share000004/dir2/destination_file.txt
  response:
    body: {string: ''}
    headers:
      content-length: ['524288']
      content-type: [application/octet-stream]
      date: ['Fri, 15 Jun 2018 21:01:12 GMT']
      etag: ['"0x8D5D30320F6900D"']
      last-modified: ['Fri, 15 Jun 2018 21:01:13 GMT']
      server: [Windows-Azure-File/1.0 Microsoft-HTTPAPI/2.0]
      x-ms-copy-completion-time: ['Fri, 15 Jun 2018 21:01:13 GMT']
      x-ms-copy-id: [f2a4423f-231e-482e-b3d3-d20d9b1ce2ea]
      x-ms-copy-progress: [524288/524288]
      x-ms-copy-source: ['https://clitestpmhfhoheisvzzioks.file.core.windows.net/shareyrbpgtljg3f2vjedsa6/dir1/source_file.txt']
      x-ms-copy-status: [success]
      x-ms-server-encrypted: ['true']
      x-ms-type: [File]
      x-ms-version: ['2017-04-17']
    status: {code: 200, message: OK}
- request:
    body: null
    headers:
      Connection: [keep-alive]
      Content-Length: ['0']
      User-Agent: [Azure-Storage/0.37.1-0.36.0 (Python CPython 3.5.2; Windows 10)
          AZURECLI/2.0.37]
      x-ms-copy-source: ['https://clitestpmhfhoheisvzzioks.file.core.windows.net/shareyrbpgtljg3f2vjedsa6/dir1%5Csource_file.txt']
      x-ms-date: ['Fri, 15 Jun 2018 21:01:13 GMT']
      x-ms-version: ['2017-04-17']
    method: PUT
    uri: https://clitest000002.file.core.windows.net/share000004/dir2/destination_file.txt
  response:
    body: {string: ''}
    headers:
      date: ['Fri, 15 Jun 2018 21:01:13 GMT']
      etag: ['"0x8D5D30321780CAE"']
      last-modified: ['Fri, 15 Jun 2018 21:01:14 GMT']
      server: [Windows-Azure-File/1.0 Microsoft-HTTPAPI/2.0]
      transfer-encoding: [chunked]
      x-ms-copy-id: [e2cedc0b-f5f1-44ac-aa24-80891fe73b0a]
      x-ms-copy-status: [success]
      x-ms-version: ['2017-04-17']
    status: {code: 202, message: Accepted}
- request:
    body: null
    headers:
      Accept: [application/json]
      Accept-Encoding: ['gzip, deflate']
      CommandName: [group delete]
      Connection: [keep-alive]
      Content-Length: ['0']
      Content-Type: [application/json; charset=utf-8]
      User-Agent: [python/3.5.2 (Windows-10-10.0.17134-SP0) requests/2.19.1 msrest/0.5.0
          msrest_azure/0.4.32 resourcemanagementclient/2.0.0rc1 Azure-SDK-For-Python
          AZURECLI/2.0.37]
      accept-language: [en-US]
    method: DELETE
    uri: https://management.azure.com/subscriptions/00000000-0000-0000-0000-000000000000/resourcegroups/clitest.rg000001?api-version=2018-02-01
  response:
    body: {string: ''}
    headers:
      cache-control: [no-cache]
      content-length: ['0']
      date: ['Fri, 15 Jun 2018 21:01:14 GMT']
      expires: ['-1']
      location: ['https://management.azure.com/subscriptions/00000000-0000-0000-0000-000000000000/operationresults/eyJqb2JJZCI6IlJFU09VUkNFR1JPVVBERUxFVElPTkpPQi1DTElURVNUOjJFUkdHSURaVVJIUk5HSUlNMzJaQkJPMkNMMk1KUUxVSUJSVkpZVnwxQjVBMUNBODVDOEEyQTQ4LVdFU1RVUyIsImpvYkxvY2F0aW9uIjoid2VzdHVzIn0?api-version=2018-02-01']
      pragma: [no-cache]
      strict-transport-security: [max-age=31536000; includeSubDomains]
      x-content-type-options: [nosniff]
      x-ms-ratelimit-remaining-subscription-deletes: ['14999']
    status: {code: 202, message: Accepted}
version: 1
