interactions:
- request:
    body: null
    headers:
      Accept:
      - application/json
      Accept-Encoding:
      - gzip, deflate
      CommandName:
      - servicebus namespace create
      Connection:
      - keep-alive
      ParameterSetName:
      - --resource-group --name --tags --sku
      User-Agent:
      - AZURECLI/2.45.0 azsdk-python-azure-mgmt-resource/21.1.0b1 Python/3.8.0 (Windows-10-10.0.19041-SP0)
    method: GET
    uri: https://management.azure.com/subscriptions/00000000-0000-0000-0000-000000000000/resourcegroups/cli_test_sb_queue000001?api-version=2021-04-01
  response:
    body:
      string: '{"id":"/subscriptions/00000000-0000-0000-0000-000000000000/resourceGroups/cli_test_sb_queue000001","name":"cli_test_sb_queue000001","type":"Microsoft.Resources/resourceGroups","location":"westus","tags":{"product":"azurecli","cause":"automation","date":"2023-02-28T13:59:09Z"},"properties":{"provisioningState":"Succeeded"}}'
    headers:
      cache-control:
      - no-cache
      content-length:
      - '324'
      content-type:
      - application/json; charset=utf-8
      date:
      - Tue, 28 Feb 2023 13:59:12 GMT
      expires:
      - '-1'
      pragma:
      - no-cache
      strict-transport-security:
      - max-age=31536000; includeSubDomains
      vary:
      - Accept-Encoding
      x-content-type-options:
      - nosniff
    status:
      code: 200
      message: OK
- request:
    body: '{"identity": {"type": "None"}, "location": "westus", "sku": {"name": "Standard",
      "tier": "Standard"}, "tags": {"{tag1": "value1,", "tag2": "value2}"}}'
    headers:
      Accept:
      - application/json
      Accept-Encoding:
      - gzip, deflate
      CommandName:
      - servicebus namespace create
      Connection:
      - keep-alive
      Content-Length:
      - '150'
      Content-Type:
      - application/json
      ParameterSetName:
      - --resource-group --name --tags --sku
      User-Agent:
      - AZURECLI/2.45.0 (AAZ) azsdk-python-core/1.24.0 Python/3.8.0 (Windows-10-10.0.19041-SP0)
    method: PUT
    uri: https://management.azure.com/subscriptions/00000000-0000-0000-0000-000000000000/resourceGroups/cli_test_sb_queue000001/providers/Microsoft.ServiceBus/namespaces/sb-nscli000002?api-version=2022-10-01-preview
  response:
    body:
      string: '{"sku":{"name":"Standard","tier":"Standard"},"id":"/subscriptions/00000000-0000-0000-0000-000000000000/resourceGroups/cli_test_sb_queue000001/providers/Microsoft.ServiceBus/namespaces/sb-nscli000002","name":"sb-nscli000002","type":"Microsoft.ServiceBus/Namespaces","location":"West
        US","tags":{"{tag1":"value1,","tag2":"value2}"},"properties":{"premiumMessagingPartitions":0,"minimumTlsVersion":"1.2","publicNetworkAccess":"Enabled","disableLocalAuth":false,"zoneRedundant":false,"provisioningState":"Created","metricId":"326100e2-f69d-4268-8503-075374f62b6e:sb-nscli000002","createdAt":"2023-02-28T13:59:16.187Z","updatedAt":"2023-02-28T13:59:16.187Z","serviceBusEndpoint":"https://sb-nscli000002.servicebus.windows.net:443/","status":"Activating"}}'
    headers:
      cache-control:
      - no-cache
      content-length:
      - '750'
      content-type:
      - application/json; charset=utf-8
      date:
      - Tue, 28 Feb 2023 13:59:16 GMT
      expires:
      - '-1'
      pragma:
      - no-cache
      server:
      - Service-Bus-Resource-Provider/SN1
      - Microsoft-HTTPAPI/2.0
      server-sb:
      - Service-Bus-Resource-Provider/SN1
      strict-transport-security:
      - max-age=31536000; includeSubDomains
      transfer-encoding:
      - chunked
      vary:
      - Accept-Encoding
      x-content-type-options:
      - nosniff
      x-ms-ratelimit-remaining-subscription-writes:
      - '1198'
    status:
      code: 200
      message: OK
- request:
    body: null
    headers:
      Accept:
      - '*/*'
      Accept-Encoding:
      - gzip, deflate
      CommandName:
      - servicebus namespace create
      Connection:
      - keep-alive
      ParameterSetName:
      - --resource-group --name --tags --sku
      User-Agent:
      - AZURECLI/2.45.0 (AAZ) azsdk-python-core/1.24.0 Python/3.8.0 (Windows-10-10.0.19041-SP0)
    method: GET
    uri: https://management.azure.com/subscriptions/00000000-0000-0000-0000-000000000000/resourceGroups/cli_test_sb_queue000001/providers/Microsoft.ServiceBus/namespaces/sb-nscli000002?api-version=2022-10-01-preview
  response:
    body:
      string: '{"sku":{"name":"Standard","tier":"Standard"},"id":"/subscriptions/00000000-0000-0000-0000-000000000000/resourceGroups/cli_test_sb_queue000001/providers/Microsoft.ServiceBus/namespaces/sb-nscli000002","name":"sb-nscli000002","type":"Microsoft.ServiceBus/Namespaces","location":"West
        US","tags":{"{tag1":"value1,","tag2":"value2}"},"properties":{"premiumMessagingPartitions":0,"minimumTlsVersion":"1.2","publicNetworkAccess":"Enabled","disableLocalAuth":false,"zoneRedundant":false,"provisioningState":"Created","metricId":"326100e2-f69d-4268-8503-075374f62b6e:sb-nscli000002","createdAt":"2023-02-28T13:59:16.187Z","updatedAt":"2023-02-28T13:59:16.187Z","serviceBusEndpoint":"https://sb-nscli000002.servicebus.windows.net:443/","status":"Activating"}}'
    headers:
      cache-control:
      - no-cache
      content-length:
      - '750'
      content-type:
      - application/json; charset=utf-8
      date:
      - Tue, 28 Feb 2023 13:59:46 GMT
      expires:
      - '-1'
      pragma:
      - no-cache
      server:
      - Service-Bus-Resource-Provider/SN1
      - Microsoft-HTTPAPI/2.0
      server-sb:
      - Service-Bus-Resource-Provider/SN1
      strict-transport-security:
      - max-age=31536000; includeSubDomains
      transfer-encoding:
      - chunked
      vary:
      - Accept-Encoding
      x-content-type-options:
      - nosniff
    status:
      code: 200
      message: OK
- request:
    body: null
    headers:
      Accept:
      - '*/*'
      Accept-Encoding:
      - gzip, deflate
      CommandName:
      - servicebus namespace create
      Connection:
      - keep-alive
      ParameterSetName:
      - --resource-group --name --tags --sku
      User-Agent:
      - AZURECLI/2.45.0 (AAZ) azsdk-python-core/1.24.0 Python/3.8.0 (Windows-10-10.0.19041-SP0)
    method: GET
    uri: https://management.azure.com/subscriptions/00000000-0000-0000-0000-000000000000/resourceGroups/cli_test_sb_queue000001/providers/Microsoft.ServiceBus/namespaces/sb-nscli000002?api-version=2022-10-01-preview
  response:
    body:
      string: '{"sku":{"name":"Standard","tier":"Standard"},"id":"/subscriptions/00000000-0000-0000-0000-000000000000/resourceGroups/cli_test_sb_queue000001/providers/Microsoft.ServiceBus/namespaces/sb-nscli000002","name":"sb-nscli000002","type":"Microsoft.ServiceBus/Namespaces","location":"West
        US","tags":{"{tag1":"value1,","tag2":"value2}"},"properties":{"premiumMessagingPartitions":0,"minimumTlsVersion":"1.2","publicNetworkAccess":"Enabled","disableLocalAuth":false,"zoneRedundant":false,"provisioningState":"Succeeded","metricId":"326100e2-f69d-4268-8503-075374f62b6e:sb-nscli000002","createdAt":"2023-02-28T13:59:16.187Z","updatedAt":"2023-02-28T13:59:59.46Z","serviceBusEndpoint":"https://sb-nscli000002.servicebus.windows.net:443/","status":"Active"}}'
    headers:
      cache-control:
      - no-cache
      content-length:
      - '747'
      content-type:
      - application/json; charset=utf-8
      date:
      - Tue, 28 Feb 2023 14:00:18 GMT
      expires:
      - '-1'
      pragma:
      - no-cache
      server:
      - Service-Bus-Resource-Provider/SN1
      - Microsoft-HTTPAPI/2.0
      server-sb:
      - Service-Bus-Resource-Provider/SN1
      strict-transport-security:
      - max-age=31536000; includeSubDomains
      transfer-encoding:
      - chunked
      vary:
      - Accept-Encoding
      x-content-type-options:
      - nosniff
    status:
      code: 200
      message: OK
- request:
    body: null
    headers:
      Accept:
      - application/json
      Accept-Encoding:
      - gzip, deflate
      CommandName:
      - servicebus namespace show
      Connection:
      - keep-alive
      ParameterSetName:
      - --resource-group --name
      User-Agent:
      - AZURECLI/2.45.0 (AAZ) azsdk-python-core/1.24.0 Python/3.8.0 (Windows-10-10.0.19041-SP0)
    method: GET
    uri: https://management.azure.com/subscriptions/00000000-0000-0000-0000-000000000000/resourceGroups/cli_test_sb_queue000001/providers/Microsoft.ServiceBus/namespaces/sb-nscli000002?api-version=2022-10-01-preview
  response:
    body:
      string: '{"sku":{"name":"Standard","tier":"Standard"},"id":"/subscriptions/00000000-0000-0000-0000-000000000000/resourceGroups/cli_test_sb_queue000001/providers/Microsoft.ServiceBus/namespaces/sb-nscli000002","name":"sb-nscli000002","type":"Microsoft.ServiceBus/Namespaces","location":"West
        US","tags":{"{tag1":"value1,","tag2":"value2}"},"properties":{"premiumMessagingPartitions":0,"minimumTlsVersion":"1.2","publicNetworkAccess":"Enabled","disableLocalAuth":false,"zoneRedundant":false,"provisioningState":"Succeeded","metricId":"326100e2-f69d-4268-8503-075374f62b6e:sb-nscli000002","createdAt":"2023-02-28T13:59:16.187Z","updatedAt":"2023-02-28T13:59:59.46Z","serviceBusEndpoint":"https://sb-nscli000002.servicebus.windows.net:443/","status":"Active"}}'
    headers:
      cache-control:
      - no-cache
      content-length:
      - '747'
      content-type:
      - application/json; charset=utf-8
      date:
      - Tue, 28 Feb 2023 14:00:19 GMT
      expires:
      - '-1'
      pragma:
      - no-cache
      server:
      - Service-Bus-Resource-Provider/SN1
      - Microsoft-HTTPAPI/2.0
      server-sb:
      - Service-Bus-Resource-Provider/SN1
      strict-transport-security:
      - max-age=31536000; includeSubDomains
      transfer-encoding:
      - chunked
      vary:
      - Accept-Encoding
      x-content-type-options:
      - nosniff
    status:
      code: 200
      message: OK
- request:
    body: '{}'
    headers:
      Accept:
      - application/json
      Accept-Encoding:
      - gzip, deflate
      CommandName:
      - servicebus queue create
      Connection:
      - keep-alive
      Content-Length:
      - '2'
      Content-Type:
      - application/json
      ParameterSetName:
      - --name --namespace-name --resource-group
      User-Agent:
      - AZURECLI/2.45.0 azsdk-python-azure-mgmt-servicebus/8.2.0 Python/3.8.0 (Windows-10-10.0.19041-SP0)
    method: PUT
    uri: https://management.azure.com/subscriptions/00000000-0000-0000-0000-000000000000/resourceGroups/cli_test_sb_queue000001/providers/Microsoft.ServiceBus/namespaces/sb-nscli000002/queues/sb-queuecli3000008?api-version=2022-10-01-preview
  response:
    body:
      string: '{"id":"/subscriptions/00000000-0000-0000-0000-000000000000/resourceGroups/cli_test_sb_queue000001/providers/Microsoft.ServiceBus/namespaces/sb-nscli000002/queues/sb-queuecli3000008","name":"sb-queuecli3000008","type":"Microsoft.ServiceBus/namespaces/queues","location":"westus","properties":{"maxMessageSizeInKilobytes":256,"lockDuration":"PT1M","maxSizeInMegabytes":1024,"requiresDuplicateDetection":false,"requiresSession":false,"defaultMessageTimeToLive":"P10675199DT2H48M5.4775807S","deadLetteringOnMessageExpiration":false,"enableBatchedOperations":true,"duplicateDetectionHistoryTimeWindow":"PT10M","maxDeliveryCount":10,"sizeInBytes":0,"messageCount":0,"status":"Active","autoDeleteOnIdle":"P10675199DT2H48M5.4775807S","enablePartitioning":false,"enableExpress":false,"countDetails":{"activeMessageCount":0,"deadLetterMessageCount":0,"scheduledMessageCount":0,"transferMessageCount":0,"transferDeadLetterMessageCount":0},"createdAt":"2023-02-28T14:00:21.983Z","updatedAt":"2023-02-28T14:00:22.043Z","accessedAt":"0001-01-01T00:00:00"}}'
    headers:
      cache-control:
      - no-cache
      content-length:
      - '1042'
      content-type:
      - application/json; charset=utf-8
      date:
      - Tue, 28 Feb 2023 14:00:22 GMT
      expires:
      - '-1'
      pragma:
      - no-cache
      server:
      - Microsoft-HTTPAPI/2.0
      strict-transport-security:
      - max-age=31536000; includeSubDomains
      transfer-encoding:
      - chunked
      vary:
      - Accept-Encoding
      x-content-type-options:
      - nosniff
      x-ms-ratelimit-remaining-subscription-writes:
      - '1198'
    status:
      code: 200
      message: OK
- request:
    body: '{}'
    headers:
      Accept:
      - application/json
      Accept-Encoding:
      - gzip, deflate
      CommandName:
      - servicebus queue create
      Connection:
      - keep-alive
      Content-Length:
      - '2'
      Content-Type:
      - application/json
      ParameterSetName:
      - --name --namespace-name --resource-group
      User-Agent:
      - AZURECLI/2.45.0 azsdk-python-azure-mgmt-servicebus/8.2.0 Python/3.8.0 (Windows-10-10.0.19041-SP0)
    method: PUT
    uri: https://management.azure.com/subscriptions/00000000-0000-0000-0000-000000000000/resourceGroups/cli_test_sb_queue000001/providers/Microsoft.ServiceBus/namespaces/sb-nscli000002/queues/sb-queuecli4000009?api-version=2022-10-01-preview
  response:
    body:
      string: '{"id":"/subscriptions/00000000-0000-0000-0000-000000000000/resourceGroups/cli_test_sb_queue000001/providers/Microsoft.ServiceBus/namespaces/sb-nscli000002/queues/sb-queuecli4000009","name":"sb-queuecli4000009","type":"Microsoft.ServiceBus/namespaces/queues","location":"westus","properties":{"maxMessageSizeInKilobytes":256,"lockDuration":"PT1M","maxSizeInMegabytes":1024,"requiresDuplicateDetection":false,"requiresSession":false,"defaultMessageTimeToLive":"P10675199DT2H48M5.4775807S","deadLetteringOnMessageExpiration":false,"enableBatchedOperations":true,"duplicateDetectionHistoryTimeWindow":"PT10M","maxDeliveryCount":10,"sizeInBytes":0,"messageCount":0,"status":"Active","autoDeleteOnIdle":"P10675199DT2H48M5.4775807S","enablePartitioning":false,"enableExpress":false,"countDetails":{"activeMessageCount":0,"deadLetterMessageCount":0,"scheduledMessageCount":0,"transferMessageCount":0,"transferDeadLetterMessageCount":0},"createdAt":"2023-02-28T14:00:24.48Z","updatedAt":"2023-02-28T14:00:24.583Z","accessedAt":"0001-01-01T00:00:00"}}'
    headers:
      cache-control:
      - no-cache
      content-length:
      - '1041'
      content-type:
      - application/json; charset=utf-8
      date:
      - Tue, 28 Feb 2023 14:00:24 GMT
      expires:
      - '-1'
      pragma:
      - no-cache
      server:
      - Microsoft-HTTPAPI/2.0
      strict-transport-security:
      - max-age=31536000; includeSubDomains
      transfer-encoding:
      - chunked
      vary:
      - Accept-Encoding
      x-content-type-options:
      - nosniff
      x-ms-ratelimit-remaining-subscription-writes:
      - '1196'
    status:
      code: 200
      message: OK
- request:
    body: null
    headers:
      Accept:
      - application/json
      Accept-Encoding:
      - gzip, deflate
      CommandName:
      - servicebus queue create
      Connection:
      - keep-alive
      ParameterSetName:
      - --resource-group --name --namespace-name --lock-duration --max-size --duplicate-detection-history-time-window
        --enable-dead-lettering-on-message-expiration --enable-duplicate-detection
        --max-delivery-count --status --default-message-time-to-live --enable-batched-operations
        --forward-to --forward-dead-lettered-messages-to
      User-Agent:
      - AZURECLI/2.45.0 azsdk-python-azure-mgmt-servicebus/8.2.0 Python/3.8.0 (Windows-10-10.0.19041-SP0)
    method: GET
    uri: https://management.azure.com/subscriptions/00000000-0000-0000-0000-000000000000/resourceGroups/cli_test_sb_queue000001/providers/Microsoft.ServiceBus/namespaces/sb-nscli000002?api-version=2022-10-01-preview
  response:
    body:
      string: '{"sku":{"name":"Standard","tier":"Standard"},"id":"/subscriptions/00000000-0000-0000-0000-000000000000/resourceGroups/cli_test_sb_queue000001/providers/Microsoft.ServiceBus/namespaces/sb-nscli000002","name":"sb-nscli000002","type":"Microsoft.ServiceBus/Namespaces","location":"West
        US","tags":{"{tag1":"value1,","tag2":"value2}"},"properties":{"premiumMessagingPartitions":0,"minimumTlsVersion":"1.2","publicNetworkAccess":"Enabled","disableLocalAuth":false,"zoneRedundant":false,"provisioningState":"Succeeded","metricId":"326100e2-f69d-4268-8503-075374f62b6e:sb-nscli000002","createdAt":"2023-02-28T13:59:16.187Z","updatedAt":"2023-02-28T13:59:59.46Z","serviceBusEndpoint":"https://sb-nscli000002.servicebus.windows.net:443/","status":"Active"}}'
    headers:
      cache-control:
      - no-cache
      content-length:
      - '747'
      content-type:
      - application/json; charset=utf-8
      date:
      - Tue, 28 Feb 2023 14:00:25 GMT
      expires:
      - '-1'
      pragma:
      - no-cache
      server:
      - Service-Bus-Resource-Provider/SN1
      - Microsoft-HTTPAPI/2.0
      server-sb:
      - Service-Bus-Resource-Provider/SN1
      strict-transport-security:
      - max-age=31536000; includeSubDomains
      transfer-encoding:
      - chunked
      vary:
      - Accept-Encoding
      x-content-type-options:
      - nosniff
    status:
      code: 200
      message: OK
- request:
    body: '{"properties": {"lockDuration": "PT3M", "maxSizeInMegabytes": 4096, "requiresDuplicateDetection":
      true, "defaultMessageTimeToLive": "P1Y2M3DT3H11M2S", "deadLetteringOnMessageExpiration":
      true, "duplicateDetectionHistoryTimeWindow": "PT10M", "maxDeliveryCount": 8,
      "status": "Active", "enableBatchedOperations": false, "forwardTo": "sb-queuecli3000008",
      "forwardDeadLetteredMessagesTo": "sb-queuecli3000008"}}'
    headers:
      Accept:
      - application/json
      Accept-Encoding:
      - gzip, deflate
      CommandName:
      - servicebus queue create
      Connection:
      - keep-alive
      Content-Length:
      - '408'
      Content-Type:
      - application/json
      ParameterSetName:
      - --resource-group --name --namespace-name --lock-duration --max-size --duplicate-detection-history-time-window
        --enable-dead-lettering-on-message-expiration --enable-duplicate-detection
        --max-delivery-count --status --default-message-time-to-live --enable-batched-operations
        --forward-to --forward-dead-lettered-messages-to
      User-Agent:
      - AZURECLI/2.45.0 azsdk-python-azure-mgmt-servicebus/8.2.0 Python/3.8.0 (Windows-10-10.0.19041-SP0)
    method: PUT
    uri: https://management.azure.com/subscriptions/00000000-0000-0000-0000-000000000000/resourceGroups/cli_test_sb_queue000001/providers/Microsoft.ServiceBus/namespaces/sb-nscli000002/queues/sb-queuecli2000005?api-version=2022-10-01-preview
  response:
    body:
      string: '{"id":"/subscriptions/00000000-0000-0000-0000-000000000000/resourceGroups/cli_test_sb_queue000001/providers/Microsoft.ServiceBus/namespaces/sb-nscli000002/queues/sb-queuecli2000005","name":"sb-queuecli2000005","type":"Microsoft.ServiceBus/namespaces/queues","location":"westus","properties":{"maxMessageSizeInKilobytes":256,"lockDuration":"PT3M","maxSizeInMegabytes":4096,"requiresDuplicateDetection":true,"requiresSession":false,"defaultMessageTimeToLive":"P428DT3H11M2S","deadLetteringOnMessageExpiration":true,"enableBatchedOperations":false,"duplicateDetectionHistoryTimeWindow":"PT10M","maxDeliveryCount":8,"sizeInBytes":0,"messageCount":0,"status":"Active","autoDeleteOnIdle":"P10675199DT2H48M5.4775807S","enablePartitioning":false,"enableExpress":false,"countDetails":{"activeMessageCount":0,"deadLetterMessageCount":0,"scheduledMessageCount":0,"transferMessageCount":0,"transferDeadLetterMessageCount":0},"createdAt":"2023-02-28T14:00:27.78Z","updatedAt":"2023-02-28T14:00:27.833Z","accessedAt":"0001-01-01T00:00:00","forwardTo":"sb-queuecli3000008","forwardDeadLetteredMessagesTo":"sb-queuecli3000008"}}'
    headers:
      cache-control:
      - no-cache
      content-length:
      - '1112'
      content-type:
      - application/json; charset=utf-8
      date:
      - Tue, 28 Feb 2023 14:00:27 GMT
      expires:
      - '-1'
      pragma:
      - no-cache
      server:
      - Microsoft-HTTPAPI/2.0
      strict-transport-security:
      - max-age=31536000; includeSubDomains
      transfer-encoding:
      - chunked
      vary:
      - Accept-Encoding
      x-content-type-options:
      - nosniff
      x-ms-ratelimit-remaining-subscription-writes:
      - '1197'
    status:
      code: 200
      message: OK
- request:
    body: null
    headers:
      Accept:
      - application/json
      Accept-Encoding:
      - gzip, deflate
      CommandName:
      - servicebus queue update
      Connection:
      - keep-alive
      ParameterSetName:
      - --resource-group --name --namespace-name --lock-duration
      User-Agent:
      - AZURECLI/2.45.0 azsdk-python-azure-mgmt-servicebus/8.2.0 Python/3.8.0 (Windows-10-10.0.19041-SP0)
    method: GET
    uri: https://management.azure.com/subscriptions/00000000-0000-0000-0000-000000000000/resourceGroups/cli_test_sb_queue000001/providers/Microsoft.ServiceBus/namespaces/sb-nscli000002/queues/sb-queuecli2000005?api-version=2022-10-01-preview
  response:
    body:
      string: '{"id":"/subscriptions/00000000-0000-0000-0000-000000000000/resourceGroups/cli_test_sb_queue000001/providers/Microsoft.ServiceBus/namespaces/sb-nscli000002/queues/sb-queuecli2000005","name":"sb-queuecli2000005","type":"Microsoft.ServiceBus/namespaces/queues","location":"westus","properties":{"maxMessageSizeInKilobytes":256,"lockDuration":"PT3M","maxSizeInMegabytes":4096,"requiresDuplicateDetection":true,"requiresSession":false,"defaultMessageTimeToLive":"P428DT3H11M2S","deadLetteringOnMessageExpiration":true,"enableBatchedOperations":false,"duplicateDetectionHistoryTimeWindow":"PT10M","maxDeliveryCount":8,"sizeInBytes":0,"messageCount":0,"status":"Active","autoDeleteOnIdle":"P10675199DT2H48M5.4775807S","enablePartitioning":false,"enableExpress":false,"countDetails":{"activeMessageCount":0,"deadLetterMessageCount":0,"scheduledMessageCount":0,"transferMessageCount":0,"transferDeadLetterMessageCount":0},"createdAt":"2023-02-28T14:00:27.78Z","updatedAt":"2023-02-28T14:00:27.833Z","accessedAt":"0001-01-01T00:00:00Z","forwardTo":"sb-queuecli3000008","forwardDeadLetteredMessagesTo":"sb-queuecli3000008"}}'
    headers:
      cache-control:
      - no-cache
      content-length:
      - '1113'
      content-type:
      - application/json; charset=utf-8
      date:
      - Tue, 28 Feb 2023 14:00:28 GMT
      expires:
      - '-1'
      pragma:
      - no-cache
      server:
      - Microsoft-HTTPAPI/2.0
      strict-transport-security:
      - max-age=31536000; includeSubDomains
      transfer-encoding:
      - chunked
      vary:
      - Accept-Encoding
      x-content-type-options:
      - nosniff
    status:
      code: 200
      message: OK
- request:
    body: '{"properties": {"lockDuration": "PT2M", "maxSizeInMegabytes": 4096, "maxMessageSizeInKilobytes":
      256, "requiresDuplicateDetection": true, "requiresSession": false, "defaultMessageTimeToLive":
      "P428DT3H11M2S", "deadLetteringOnMessageExpiration": true, "duplicateDetectionHistoryTimeWindow":
      "PT10M", "maxDeliveryCount": 8, "status": "Active", "enableBatchedOperations":
      false, "enablePartitioning": false, "enableExpress": false, "forwardTo": "sb-queuecli3000008",
      "forwardDeadLetteredMessagesTo": "sb-queuecli3000008"}}'
    headers:
      Accept:
      - application/json
      Accept-Encoding:
      - gzip, deflate
      CommandName:
      - servicebus queue update
      Connection:
      - keep-alive
      Content-Length:
      - '519'
      Content-Type:
      - application/json
      ParameterSetName:
      - --resource-group --name --namespace-name --lock-duration
      User-Agent:
      - AZURECLI/2.45.0 azsdk-python-azure-mgmt-servicebus/8.2.0 Python/3.8.0 (Windows-10-10.0.19041-SP0)
    method: PUT
    uri: https://management.azure.com/subscriptions/00000000-0000-0000-0000-000000000000/resourceGroups/cli_test_sb_queue000001/providers/Microsoft.ServiceBus/namespaces/sb-nscli000002/queues/sb-queuecli2000005?api-version=2022-10-01-preview
  response:
    body:
      string: '{"id":"/subscriptions/00000000-0000-0000-0000-000000000000/resourceGroups/cli_test_sb_queue000001/providers/Microsoft.ServiceBus/namespaces/sb-nscli000002/queues/sb-queuecli2000005","name":"sb-queuecli2000005","type":"Microsoft.ServiceBus/namespaces/queues","location":"westus","properties":{"maxMessageSizeInKilobytes":256,"lockDuration":"PT2M","maxSizeInMegabytes":4096,"requiresDuplicateDetection":true,"requiresSession":false,"defaultMessageTimeToLive":"P428DT3H11M2S","deadLetteringOnMessageExpiration":true,"enableBatchedOperations":false,"duplicateDetectionHistoryTimeWindow":"PT10M","maxDeliveryCount":8,"sizeInBytes":0,"messageCount":0,"status":"Active","autoDeleteOnIdle":"P10675199DT2H48M5.4775807S","enablePartitioning":false,"enableExpress":false,"countDetails":{"activeMessageCount":0,"deadLetterMessageCount":0,"scheduledMessageCount":0,"transferMessageCount":0,"transferDeadLetterMessageCount":0},"createdAt":"0001-01-01T00:00:00","updatedAt":"0001-01-01T00:00:00","accessedAt":"0001-01-01T00:00:00","forwardTo":"sb-queuecli3000008","forwardDeadLetteredMessagesTo":"sb-queuecli3000008"}}'
    headers:
      cache-control:
      - no-cache
      content-length:
      - '1103'
      content-type:
      - application/json; charset=utf-8
      date:
      - Tue, 28 Feb 2023 14:00:29 GMT
      expires:
      - '-1'
      pragma:
      - no-cache
      server:
      - Microsoft-HTTPAPI/2.0
      strict-transport-security:
      - max-age=31536000; includeSubDomains
      transfer-encoding:
      - chunked
      vary:
      - Accept-Encoding
      x-content-type-options:
      - nosniff
      x-ms-ratelimit-remaining-subscription-writes:
      - '1199'
    status:
      code: 200
      message: OK
- request:
    body: null
    headers:
      Accept:
      - application/json
      Accept-Encoding:
      - gzip, deflate
      CommandName:
      - servicebus queue update
      Connection:
      - keep-alive
      ParameterSetName:
      - --resource-group --name --namespace-name --default-message-time-to-live
      User-Agent:
      - AZURECLI/2.45.0 azsdk-python-azure-mgmt-servicebus/8.2.0 Python/3.8.0 (Windows-10-10.0.19041-SP0)
    method: GET
    uri: https://management.azure.com/subscriptions/00000000-0000-0000-0000-000000000000/resourceGroups/cli_test_sb_queue000001/providers/Microsoft.ServiceBus/namespaces/sb-nscli000002/queues/sb-queuecli2000005?api-version=2022-10-01-preview
  response:
    body:
      string: '{"id":"/subscriptions/00000000-0000-0000-0000-000000000000/resourceGroups/cli_test_sb_queue000001/providers/Microsoft.ServiceBus/namespaces/sb-nscli000002/queues/sb-queuecli2000005","name":"sb-queuecli2000005","type":"Microsoft.ServiceBus/namespaces/queues","location":"westus","properties":{"maxMessageSizeInKilobytes":256,"lockDuration":"PT2M","maxSizeInMegabytes":4096,"requiresDuplicateDetection":true,"requiresSession":false,"defaultMessageTimeToLive":"P428DT3H11M2S","deadLetteringOnMessageExpiration":true,"enableBatchedOperations":false,"duplicateDetectionHistoryTimeWindow":"PT10M","maxDeliveryCount":8,"sizeInBytes":0,"messageCount":0,"status":"Active","autoDeleteOnIdle":"P10675199DT2H48M5.4775807S","enablePartitioning":false,"enableExpress":false,"countDetails":{"activeMessageCount":0,"deadLetterMessageCount":0,"scheduledMessageCount":0,"transferMessageCount":0,"transferDeadLetterMessageCount":0},"createdAt":"2023-02-28T14:00:27.78Z","updatedAt":"2023-02-28T14:00:29.7Z","accessedAt":"0001-01-01T00:00:00Z","forwardTo":"sb-queuecli3000008","forwardDeadLetteredMessagesTo":"sb-queuecli3000008"}}'
    headers:
      cache-control:
      - no-cache
      content-length:
      - '1111'
      content-type:
      - application/json; charset=utf-8
      date:
      - Tue, 28 Feb 2023 14:00:30 GMT
      expires:
      - '-1'
      pragma:
      - no-cache
      server:
      - Microsoft-HTTPAPI/2.0
      strict-transport-security:
      - max-age=31536000; includeSubDomains
      transfer-encoding:
      - chunked
      vary:
      - Accept-Encoding
      x-content-type-options:
      - nosniff
    status:
      code: 200
      message: OK
- request:
    body: '{"properties": {"lockDuration": "PT2M", "maxSizeInMegabytes": 4096, "maxMessageSizeInKilobytes":
      256, "requiresDuplicateDetection": true, "requiresSession": false, "defaultMessageTimeToLive":
      "P1DT3M4S", "deadLetteringOnMessageExpiration": true, "duplicateDetectionHistoryTimeWindow":
      "PT10M", "maxDeliveryCount": 8, "status": "Active", "enableBatchedOperations":
      false, "enablePartitioning": false, "enableExpress": false, "forwardTo": "sb-queuecli3000008",
      "forwardDeadLetteredMessagesTo": "sb-queuecli3000008"}}'
    headers:
      Accept:
      - application/json
      Accept-Encoding:
      - gzip, deflate
      CommandName:
      - servicebus queue update
      Connection:
      - keep-alive
      Content-Length:
      - '514'
      Content-Type:
      - application/json
      ParameterSetName:
      - --resource-group --name --namespace-name --default-message-time-to-live
      User-Agent:
      - AZURECLI/2.45.0 azsdk-python-azure-mgmt-servicebus/8.2.0 Python/3.8.0 (Windows-10-10.0.19041-SP0)
    method: PUT
    uri: https://management.azure.com/subscriptions/00000000-0000-0000-0000-000000000000/resourceGroups/cli_test_sb_queue000001/providers/Microsoft.ServiceBus/namespaces/sb-nscli000002/queues/sb-queuecli2000005?api-version=2022-10-01-preview
  response:
    body:
      string: '{"id":"/subscriptions/00000000-0000-0000-0000-000000000000/resourceGroups/cli_test_sb_queue000001/providers/Microsoft.ServiceBus/namespaces/sb-nscli000002/queues/sb-queuecli2000005","name":"sb-queuecli2000005","type":"Microsoft.ServiceBus/namespaces/queues","location":"westus","properties":{"maxMessageSizeInKilobytes":256,"lockDuration":"PT2M","maxSizeInMegabytes":4096,"requiresDuplicateDetection":true,"requiresSession":false,"defaultMessageTimeToLive":"P1DT3M4S","deadLetteringOnMessageExpiration":true,"enableBatchedOperations":false,"duplicateDetectionHistoryTimeWindow":"PT10M","maxDeliveryCount":8,"sizeInBytes":0,"messageCount":0,"status":"Active","autoDeleteOnIdle":"P10675199DT2H48M5.4775807S","enablePartitioning":false,"enableExpress":false,"countDetails":{"activeMessageCount":0,"deadLetterMessageCount":0,"scheduledMessageCount":0,"transferMessageCount":0,"transferDeadLetterMessageCount":0},"createdAt":"0001-01-01T00:00:00","updatedAt":"0001-01-01T00:00:00","accessedAt":"0001-01-01T00:00:00","forwardTo":"sb-queuecli3000008","forwardDeadLetteredMessagesTo":"sb-queuecli3000008"}}'
    headers:
      cache-control:
      - no-cache
      content-length:
      - '1098'
      content-type:
      - application/json; charset=utf-8
      date:
      - Tue, 28 Feb 2023 14:00:30 GMT
      expires:
      - '-1'
      pragma:
      - no-cache
      server:
      - Microsoft-HTTPAPI/2.0
      strict-transport-security:
      - max-age=31536000; includeSubDomains
      transfer-encoding:
      - chunked
      vary:
      - Accept-Encoding
      x-content-type-options:
      - nosniff
      x-ms-ratelimit-remaining-subscription-writes:
      - '1198'
    status:
      code: 200
      message: OK
- request:
    body: null
    headers:
      Accept:
      - application/json
      Accept-Encoding:
      - gzip, deflate
      CommandName:
      - servicebus queue update
      Connection:
      - keep-alive
      ParameterSetName:
      - --resource-group --name --namespace-name --max-size
      User-Agent:
      - AZURECLI/2.45.0 azsdk-python-azure-mgmt-servicebus/8.2.0 Python/3.8.0 (Windows-10-10.0.19041-SP0)
    method: GET
    uri: https://management.azure.com/subscriptions/00000000-0000-0000-0000-000000000000/resourceGroups/cli_test_sb_queue000001/providers/Microsoft.ServiceBus/namespaces/sb-nscli000002/queues/sb-queuecli2000005?api-version=2022-10-01-preview
  response:
    body:
      string: '{"id":"/subscriptions/00000000-0000-0000-0000-000000000000/resourceGroups/cli_test_sb_queue000001/providers/Microsoft.ServiceBus/namespaces/sb-nscli000002/queues/sb-queuecli2000005","name":"sb-queuecli2000005","type":"Microsoft.ServiceBus/namespaces/queues","location":"westus","properties":{"maxMessageSizeInKilobytes":256,"lockDuration":"PT2M","maxSizeInMegabytes":4096,"requiresDuplicateDetection":true,"requiresSession":false,"defaultMessageTimeToLive":"P1DT3M4S","deadLetteringOnMessageExpiration":true,"enableBatchedOperations":false,"duplicateDetectionHistoryTimeWindow":"PT10M","maxDeliveryCount":8,"sizeInBytes":0,"messageCount":0,"status":"Active","autoDeleteOnIdle":"P10675199DT2H48M5.4775807S","enablePartitioning":false,"enableExpress":false,"countDetails":{"activeMessageCount":0,"deadLetterMessageCount":0,"scheduledMessageCount":0,"transferMessageCount":0,"transferDeadLetterMessageCount":0},"createdAt":"2023-02-28T14:00:27.78Z","updatedAt":"2023-02-28T14:00:31.147Z","accessedAt":"0001-01-01T00:00:00Z","forwardTo":"sb-queuecli3000008","forwardDeadLetteredMessagesTo":"sb-queuecli3000008"}}'
    headers:
      cache-control:
      - no-cache
      content-length:
      - '1108'
      content-type:
      - application/json; charset=utf-8
      date:
      - Tue, 28 Feb 2023 14:00:31 GMT
      expires:
      - '-1'
      pragma:
      - no-cache
      server:
      - Microsoft-HTTPAPI/2.0
      strict-transport-security:
      - max-age=31536000; includeSubDomains
      transfer-encoding:
      - chunked
      vary:
      - Accept-Encoding
      x-content-type-options:
      - nosniff
    status:
      code: 200
      message: OK
- request:
    body: '{"properties": {"lockDuration": "PT2M", "maxSizeInMegabytes": 2048, "maxMessageSizeInKilobytes":
      256, "requiresDuplicateDetection": true, "requiresSession": false, "defaultMessageTimeToLive":
      "P1DT3M4S", "deadLetteringOnMessageExpiration": true, "duplicateDetectionHistoryTimeWindow":
      "PT10M", "maxDeliveryCount": 8, "status": "Active", "enableBatchedOperations":
      false, "enablePartitioning": false, "enableExpress": false, "forwardTo": "sb-queuecli3000008",
      "forwardDeadLetteredMessagesTo": "sb-queuecli3000008"}}'
    headers:
      Accept:
      - application/json
      Accept-Encoding:
      - gzip, deflate
      CommandName:
      - servicebus queue update
      Connection:
      - keep-alive
      Content-Length:
      - '514'
      Content-Type:
      - application/json
      ParameterSetName:
      - --resource-group --name --namespace-name --max-size
      User-Agent:
      - AZURECLI/2.45.0 azsdk-python-azure-mgmt-servicebus/8.2.0 Python/3.8.0 (Windows-10-10.0.19041-SP0)
    method: PUT
    uri: https://management.azure.com/subscriptions/00000000-0000-0000-0000-000000000000/resourceGroups/cli_test_sb_queue000001/providers/Microsoft.ServiceBus/namespaces/sb-nscli000002/queues/sb-queuecli2000005?api-version=2022-10-01-preview
  response:
    body:
      string: '{"id":"/subscriptions/00000000-0000-0000-0000-000000000000/resourceGroups/cli_test_sb_queue000001/providers/Microsoft.ServiceBus/namespaces/sb-nscli000002/queues/sb-queuecli2000005","name":"sb-queuecli2000005","type":"Microsoft.ServiceBus/namespaces/queues","location":"westus","properties":{"maxMessageSizeInKilobytes":256,"lockDuration":"PT2M","maxSizeInMegabytes":2048,"requiresDuplicateDetection":true,"requiresSession":false,"defaultMessageTimeToLive":"P1DT3M4S","deadLetteringOnMessageExpiration":true,"enableBatchedOperations":false,"duplicateDetectionHistoryTimeWindow":"PT10M","maxDeliveryCount":8,"sizeInBytes":0,"messageCount":0,"status":"Active","autoDeleteOnIdle":"P10675199DT2H48M5.4775807S","enablePartitioning":false,"enableExpress":false,"countDetails":{"activeMessageCount":0,"deadLetterMessageCount":0,"scheduledMessageCount":0,"transferMessageCount":0,"transferDeadLetterMessageCount":0},"createdAt":"0001-01-01T00:00:00","updatedAt":"0001-01-01T00:00:00","accessedAt":"0001-01-01T00:00:00","forwardTo":"sb-queuecli3000008","forwardDeadLetteredMessagesTo":"sb-queuecli3000008"}}'
    headers:
      cache-control:
      - no-cache
      content-length:
      - '1098'
      content-type:
      - application/json; charset=utf-8
      date:
      - Tue, 28 Feb 2023 14:00:32 GMT
      expires:
      - '-1'
      pragma:
      - no-cache
      server:
      - Microsoft-HTTPAPI/2.0
      strict-transport-security:
      - max-age=31536000; includeSubDomains
      transfer-encoding:
      - chunked
      vary:
      - Accept-Encoding
      x-content-type-options:
      - nosniff
      x-ms-ratelimit-remaining-subscription-writes:
      - '1199'
    status:
      code: 200
      message: OK
- request:
    body: null
    headers:
      Accept:
      - application/json
      Accept-Encoding:
      - gzip, deflate
      CommandName:
      - servicebus queue update
      Connection:
      - keep-alive
      ParameterSetName:
      - --resource-group --name --namespace-name --enable-batched-operations
      User-Agent:
      - AZURECLI/2.45.0 azsdk-python-azure-mgmt-servicebus/8.2.0 Python/3.8.0 (Windows-10-10.0.19041-SP0)
    method: GET
    uri: https://management.azure.com/subscriptions/00000000-0000-0000-0000-000000000000/resourceGroups/cli_test_sb_queue000001/providers/Microsoft.ServiceBus/namespaces/sb-nscli000002/queues/sb-queuecli2000005?api-version=2022-10-01-preview
  response:
    body:
      string: '{"id":"/subscriptions/00000000-0000-0000-0000-000000000000/resourceGroups/cli_test_sb_queue000001/providers/Microsoft.ServiceBus/namespaces/sb-nscli000002/queues/sb-queuecli2000005","name":"sb-queuecli2000005","type":"Microsoft.ServiceBus/namespaces/queues","location":"westus","properties":{"maxMessageSizeInKilobytes":256,"lockDuration":"PT2M","maxSizeInMegabytes":2048,"requiresDuplicateDetection":true,"requiresSession":false,"defaultMessageTimeToLive":"P1DT3M4S","deadLetteringOnMessageExpiration":true,"enableBatchedOperations":false,"duplicateDetectionHistoryTimeWindow":"PT10M","maxDeliveryCount":8,"sizeInBytes":0,"messageCount":0,"status":"Active","autoDeleteOnIdle":"P10675199DT2H48M5.4775807S","enablePartitioning":false,"enableExpress":false,"countDetails":{"activeMessageCount":0,"deadLetterMessageCount":0,"scheduledMessageCount":0,"transferMessageCount":0,"transferDeadLetterMessageCount":0},"createdAt":"2023-02-28T14:00:27.78Z","updatedAt":"2023-02-28T14:00:32.433Z","accessedAt":"0001-01-01T00:00:00Z","forwardTo":"sb-queuecli3000008","forwardDeadLetteredMessagesTo":"sb-queuecli3000008"}}'
    headers:
      cache-control:
      - no-cache
      content-length:
      - '1108'
      content-type:
      - application/json; charset=utf-8
      date:
      - Tue, 28 Feb 2023 14:00:33 GMT
      expires:
      - '-1'
      pragma:
      - no-cache
      server:
      - Microsoft-HTTPAPI/2.0
      strict-transport-security:
      - max-age=31536000; includeSubDomains
      transfer-encoding:
      - chunked
      vary:
      - Accept-Encoding
      x-content-type-options:
      - nosniff
    status:
      code: 200
      message: OK
- request:
    body: '{"properties": {"lockDuration": "PT2M", "maxSizeInMegabytes": 2048, "maxMessageSizeInKilobytes":
      256, "requiresDuplicateDetection": true, "requiresSession": false, "defaultMessageTimeToLive":
      "P1DT3M4S", "deadLetteringOnMessageExpiration": true, "duplicateDetectionHistoryTimeWindow":
      "PT10M", "maxDeliveryCount": 8, "status": "Active", "enableBatchedOperations":
      true, "enablePartitioning": false, "enableExpress": false, "forwardTo": "sb-queuecli3000008",
      "forwardDeadLetteredMessagesTo": "sb-queuecli3000008"}}'
    headers:
      Accept:
      - application/json
      Accept-Encoding:
      - gzip, deflate
      CommandName:
      - servicebus queue update
      Connection:
      - keep-alive
      Content-Length:
      - '513'
      Content-Type:
      - application/json
      ParameterSetName:
      - --resource-group --name --namespace-name --enable-batched-operations
      User-Agent:
      - AZURECLI/2.45.0 azsdk-python-azure-mgmt-servicebus/8.2.0 Python/3.8.0 (Windows-10-10.0.19041-SP0)
    method: PUT
    uri: https://management.azure.com/subscriptions/00000000-0000-0000-0000-000000000000/resourceGroups/cli_test_sb_queue000001/providers/Microsoft.ServiceBus/namespaces/sb-nscli000002/queues/sb-queuecli2000005?api-version=2022-10-01-preview
  response:
    body:
      string: '{"id":"/subscriptions/00000000-0000-0000-0000-000000000000/resourceGroups/cli_test_sb_queue000001/providers/Microsoft.ServiceBus/namespaces/sb-nscli000002/queues/sb-queuecli2000005","name":"sb-queuecli2000005","type":"Microsoft.ServiceBus/namespaces/queues","location":"westus","properties":{"maxMessageSizeInKilobytes":256,"lockDuration":"PT2M","maxSizeInMegabytes":2048,"requiresDuplicateDetection":true,"requiresSession":false,"defaultMessageTimeToLive":"P1DT3M4S","deadLetteringOnMessageExpiration":true,"enableBatchedOperations":true,"duplicateDetectionHistoryTimeWindow":"PT10M","maxDeliveryCount":8,"sizeInBytes":0,"messageCount":0,"status":"Active","autoDeleteOnIdle":"P10675199DT2H48M5.4775807S","enablePartitioning":false,"enableExpress":false,"countDetails":{"activeMessageCount":0,"deadLetterMessageCount":0,"scheduledMessageCount":0,"transferMessageCount":0,"transferDeadLetterMessageCount":0},"createdAt":"0001-01-01T00:00:00","updatedAt":"0001-01-01T00:00:00","accessedAt":"0001-01-01T00:00:00","forwardTo":"sb-queuecli3000008","forwardDeadLetteredMessagesTo":"sb-queuecli3000008"}}'
    headers:
      cache-control:
      - no-cache
      content-length:
      - '1097'
      content-type:
      - application/json; charset=utf-8
      date:
      - Tue, 28 Feb 2023 14:00:33 GMT
      expires:
      - '-1'
      pragma:
      - no-cache
      server:
      - Microsoft-HTTPAPI/2.0
      strict-transport-security:
      - max-age=31536000; includeSubDomains
      transfer-encoding:
      - chunked
      vary:
      - Accept-Encoding
      x-content-type-options:
      - nosniff
      x-ms-ratelimit-remaining-subscription-writes:
      - '1199'
    status:
      code: 200
      message: OK
- request:
    body: null
    headers:
      Accept:
      - application/json
      Accept-Encoding:
      - gzip, deflate
      CommandName:
      - servicebus queue update
      Connection:
      - keep-alive
      ParameterSetName:
      - --resource-group --name --namespace-name --enable-batched-operations
      User-Agent:
      - AZURECLI/2.45.0 azsdk-python-azure-mgmt-servicebus/8.2.0 Python/3.8.0 (Windows-10-10.0.19041-SP0)
    method: GET
    uri: https://management.azure.com/subscriptions/00000000-0000-0000-0000-000000000000/resourceGroups/cli_test_sb_queue000001/providers/Microsoft.ServiceBus/namespaces/sb-nscli000002/queues/sb-queuecli2000005?api-version=2022-10-01-preview
  response:
    body:
      string: '{"id":"/subscriptions/00000000-0000-0000-0000-000000000000/resourceGroups/cli_test_sb_queue000001/providers/Microsoft.ServiceBus/namespaces/sb-nscli000002/queues/sb-queuecli2000005","name":"sb-queuecli2000005","type":"Microsoft.ServiceBus/namespaces/queues","location":"westus","properties":{"maxMessageSizeInKilobytes":256,"lockDuration":"PT2M","maxSizeInMegabytes":2048,"requiresDuplicateDetection":true,"requiresSession":false,"defaultMessageTimeToLive":"P1DT3M4S","deadLetteringOnMessageExpiration":true,"enableBatchedOperations":true,"duplicateDetectionHistoryTimeWindow":"PT10M","maxDeliveryCount":8,"sizeInBytes":0,"messageCount":0,"status":"Active","autoDeleteOnIdle":"P10675199DT2H48M5.4775807S","enablePartitioning":false,"enableExpress":false,"countDetails":{"activeMessageCount":0,"deadLetterMessageCount":0,"scheduledMessageCount":0,"transferMessageCount":0,"transferDeadLetterMessageCount":0},"createdAt":"2023-02-28T14:00:27.78Z","updatedAt":"2023-02-28T14:00:33.847Z","accessedAt":"0001-01-01T00:00:00Z","forwardTo":"sb-queuecli3000008","forwardDeadLetteredMessagesTo":"sb-queuecli3000008"}}'
    headers:
      cache-control:
      - no-cache
      content-length:
      - '1107'
      content-type:
      - application/json; charset=utf-8
      date:
      - Tue, 28 Feb 2023 14:00:34 GMT
      expires:
      - '-1'
      pragma:
      - no-cache
      server:
      - Microsoft-HTTPAPI/2.0
      strict-transport-security:
      - max-age=31536000; includeSubDomains
      transfer-encoding:
      - chunked
      vary:
      - Accept-Encoding
      x-content-type-options:
      - nosniff
    status:
      code: 200
      message: OK
- request:
    body: '{"properties": {"lockDuration": "PT2M", "maxSizeInMegabytes": 2048, "maxMessageSizeInKilobytes":
      256, "requiresDuplicateDetection": true, "requiresSession": false, "defaultMessageTimeToLive":
      "P1DT3M4S", "deadLetteringOnMessageExpiration": true, "duplicateDetectionHistoryTimeWindow":
      "PT10M", "maxDeliveryCount": 8, "status": "Active", "enableBatchedOperations":
      false, "enablePartitioning": false, "enableExpress": false, "forwardTo": "sb-queuecli3000008",
      "forwardDeadLetteredMessagesTo": "sb-queuecli3000008"}}'
    headers:
      Accept:
      - application/json
      Accept-Encoding:
      - gzip, deflate
      CommandName:
      - servicebus queue update
      Connection:
      - keep-alive
      Content-Length:
      - '514'
      Content-Type:
      - application/json
      ParameterSetName:
      - --resource-group --name --namespace-name --enable-batched-operations
      User-Agent:
      - AZURECLI/2.45.0 azsdk-python-azure-mgmt-servicebus/8.2.0 Python/3.8.0 (Windows-10-10.0.19041-SP0)
    method: PUT
    uri: https://management.azure.com/subscriptions/00000000-0000-0000-0000-000000000000/resourceGroups/cli_test_sb_queue000001/providers/Microsoft.ServiceBus/namespaces/sb-nscli000002/queues/sb-queuecli2000005?api-version=2022-10-01-preview
  response:
    body:
      string: '{"id":"/subscriptions/00000000-0000-0000-0000-000000000000/resourceGroups/cli_test_sb_queue000001/providers/Microsoft.ServiceBus/namespaces/sb-nscli000002/queues/sb-queuecli2000005","name":"sb-queuecli2000005","type":"Microsoft.ServiceBus/namespaces/queues","location":"westus","properties":{"maxMessageSizeInKilobytes":256,"lockDuration":"PT2M","maxSizeInMegabytes":2048,"requiresDuplicateDetection":true,"requiresSession":false,"defaultMessageTimeToLive":"P1DT3M4S","deadLetteringOnMessageExpiration":true,"enableBatchedOperations":false,"duplicateDetectionHistoryTimeWindow":"PT10M","maxDeliveryCount":8,"sizeInBytes":0,"messageCount":0,"status":"Active","autoDeleteOnIdle":"P10675199DT2H48M5.4775807S","enablePartitioning":false,"enableExpress":false,"countDetails":{"activeMessageCount":0,"deadLetterMessageCount":0,"scheduledMessageCount":0,"transferMessageCount":0,"transferDeadLetterMessageCount":0},"createdAt":"0001-01-01T00:00:00","updatedAt":"0001-01-01T00:00:00","accessedAt":"0001-01-01T00:00:00","forwardTo":"sb-queuecli3000008","forwardDeadLetteredMessagesTo":"sb-queuecli3000008"}}'
    headers:
      cache-control:
      - no-cache
      content-length:
      - '1098'
      content-type:
      - application/json; charset=utf-8
      date:
      - Tue, 28 Feb 2023 14:00:34 GMT
      expires:
      - '-1'
      pragma:
      - no-cache
      server:
      - Microsoft-HTTPAPI/2.0
      strict-transport-security:
      - max-age=31536000; includeSubDomains
      transfer-encoding:
      - chunked
      vary:
      - Accept-Encoding
      x-content-type-options:
      - nosniff
      x-ms-ratelimit-remaining-subscription-writes:
      - '1199'
    status:
      code: 200
      message: OK
- request:
    body: null
    headers:
      Accept:
      - application/json
      Accept-Encoding:
      - gzip, deflate
      CommandName:
      - servicebus queue update
      Connection:
      - keep-alive
      ParameterSetName:
      - --resource-group --name --namespace-name --duplicate-detection-history-time-window
      User-Agent:
      - AZURECLI/2.45.0 azsdk-python-azure-mgmt-servicebus/8.2.0 Python/3.8.0 (Windows-10-10.0.19041-SP0)
    method: GET
    uri: https://management.azure.com/subscriptions/00000000-0000-0000-0000-000000000000/resourceGroups/cli_test_sb_queue000001/providers/Microsoft.ServiceBus/namespaces/sb-nscli000002/queues/sb-queuecli2000005?api-version=2022-10-01-preview
  response:
    body:
      string: '{"id":"/subscriptions/00000000-0000-0000-0000-000000000000/resourceGroups/cli_test_sb_queue000001/providers/Microsoft.ServiceBus/namespaces/sb-nscli000002/queues/sb-queuecli2000005","name":"sb-queuecli2000005","type":"Microsoft.ServiceBus/namespaces/queues","location":"westus","properties":{"maxMessageSizeInKilobytes":256,"lockDuration":"PT2M","maxSizeInMegabytes":2048,"requiresDuplicateDetection":true,"requiresSession":false,"defaultMessageTimeToLive":"P1DT3M4S","deadLetteringOnMessageExpiration":true,"enableBatchedOperations":false,"duplicateDetectionHistoryTimeWindow":"PT10M","maxDeliveryCount":8,"sizeInBytes":0,"messageCount":0,"status":"Active","autoDeleteOnIdle":"P10675199DT2H48M5.4775807S","enablePartitioning":false,"enableExpress":false,"countDetails":{"activeMessageCount":0,"deadLetterMessageCount":0,"scheduledMessageCount":0,"transferMessageCount":0,"transferDeadLetterMessageCount":0},"createdAt":"2023-02-28T14:00:27.78Z","updatedAt":"2023-02-28T14:00:35.26Z","accessedAt":"0001-01-01T00:00:00Z","forwardTo":"sb-queuecli3000008","forwardDeadLetteredMessagesTo":"sb-queuecli3000008"}}'
    headers:
      cache-control:
      - no-cache
      content-length:
      - '1107'
      content-type:
      - application/json; charset=utf-8
      date:
      - Tue, 28 Feb 2023 14:00:35 GMT
      expires:
      - '-1'
      pragma:
      - no-cache
      server:
      - Microsoft-HTTPAPI/2.0
      strict-transport-security:
      - max-age=31536000; includeSubDomains
      transfer-encoding:
      - chunked
      vary:
      - Accept-Encoding
      x-content-type-options:
      - nosniff
    status:
      code: 200
      message: OK
- request:
    body: '{"properties": {"lockDuration": "PT2M", "maxSizeInMegabytes": 2048, "maxMessageSizeInKilobytes":
      256, "requiresDuplicateDetection": true, "requiresSession": false, "defaultMessageTimeToLive":
      "P1DT3M4S", "deadLetteringOnMessageExpiration": true, "duplicateDetectionHistoryTimeWindow":
      "PT8M", "maxDeliveryCount": 8, "status": "Active", "enableBatchedOperations":
      false, "enablePartitioning": false, "enableExpress": false, "forwardTo": "sb-queuecli3000008",
      "forwardDeadLetteredMessagesTo": "sb-queuecli3000008"}}'
    headers:
      Accept:
      - application/json
      Accept-Encoding:
      - gzip, deflate
      CommandName:
      - servicebus queue update
      Connection:
      - keep-alive
      Content-Length:
      - '513'
      Content-Type:
      - application/json
      ParameterSetName:
      - --resource-group --name --namespace-name --duplicate-detection-history-time-window
      User-Agent:
      - AZURECLI/2.45.0 azsdk-python-azure-mgmt-servicebus/8.2.0 Python/3.8.0 (Windows-10-10.0.19041-SP0)
    method: PUT
    uri: https://management.azure.com/subscriptions/00000000-0000-0000-0000-000000000000/resourceGroups/cli_test_sb_queue000001/providers/Microsoft.ServiceBus/namespaces/sb-nscli000002/queues/sb-queuecli2000005?api-version=2022-10-01-preview
  response:
    body:
      string: '{"id":"/subscriptions/00000000-0000-0000-0000-000000000000/resourceGroups/cli_test_sb_queue000001/providers/Microsoft.ServiceBus/namespaces/sb-nscli000002/queues/sb-queuecli2000005","name":"sb-queuecli2000005","type":"Microsoft.ServiceBus/namespaces/queues","location":"westus","properties":{"maxMessageSizeInKilobytes":256,"lockDuration":"PT2M","maxSizeInMegabytes":2048,"requiresDuplicateDetection":true,"requiresSession":false,"defaultMessageTimeToLive":"P1DT3M4S","deadLetteringOnMessageExpiration":true,"enableBatchedOperations":false,"duplicateDetectionHistoryTimeWindow":"PT8M","maxDeliveryCount":8,"sizeInBytes":0,"messageCount":0,"status":"Active","autoDeleteOnIdle":"P10675199DT2H48M5.4775807S","enablePartitioning":false,"enableExpress":false,"countDetails":{"activeMessageCount":0,"deadLetterMessageCount":0,"scheduledMessageCount":0,"transferMessageCount":0,"transferDeadLetterMessageCount":0},"createdAt":"0001-01-01T00:00:00","updatedAt":"0001-01-01T00:00:00","accessedAt":"0001-01-01T00:00:00","forwardTo":"sb-queuecli3000008","forwardDeadLetteredMessagesTo":"sb-queuecli3000008"}}'
    headers:
      cache-control:
      - no-cache
      content-length:
      - '1097'
      content-type:
      - application/json; charset=utf-8
      date:
      - Tue, 28 Feb 2023 14:00:35 GMT
      expires:
      - '-1'
      pragma:
      - no-cache
      server:
      - Microsoft-HTTPAPI/2.0
      strict-transport-security:
      - max-age=31536000; includeSubDomains
      transfer-encoding:
      - chunked
      vary:
      - Accept-Encoding
      x-content-type-options:
      - nosniff
      x-ms-ratelimit-remaining-subscription-writes:
      - '1197'
    status:
      code: 200
      message: OK
- request:
    body: null
    headers:
      Accept:
      - application/json
      Accept-Encoding:
      - gzip, deflate
      CommandName:
      - servicebus queue update
      Connection:
      - keep-alive
      ParameterSetName:
      - --resource-group --name --namespace-name --enable-dead-lettering-on-message-expiration
      User-Agent:
      - AZURECLI/2.45.0 azsdk-python-azure-mgmt-servicebus/8.2.0 Python/3.8.0 (Windows-10-10.0.19041-SP0)
    method: GET
    uri: https://management.azure.com/subscriptions/00000000-0000-0000-0000-000000000000/resourceGroups/cli_test_sb_queue000001/providers/Microsoft.ServiceBus/namespaces/sb-nscli000002/queues/sb-queuecli2000005?api-version=2022-10-01-preview
  response:
    body:
      string: '{"id":"/subscriptions/00000000-0000-0000-0000-000000000000/resourceGroups/cli_test_sb_queue000001/providers/Microsoft.ServiceBus/namespaces/sb-nscli000002/queues/sb-queuecli2000005","name":"sb-queuecli2000005","type":"Microsoft.ServiceBus/namespaces/queues","location":"westus","properties":{"maxMessageSizeInKilobytes":256,"lockDuration":"PT2M","maxSizeInMegabytes":2048,"requiresDuplicateDetection":true,"requiresSession":false,"defaultMessageTimeToLive":"P1DT3M4S","deadLetteringOnMessageExpiration":true,"enableBatchedOperations":false,"duplicateDetectionHistoryTimeWindow":"PT8M","maxDeliveryCount":8,"sizeInBytes":0,"messageCount":0,"status":"Active","autoDeleteOnIdle":"P10675199DT2H48M5.4775807S","enablePartitioning":false,"enableExpress":false,"countDetails":{"activeMessageCount":0,"deadLetterMessageCount":0,"scheduledMessageCount":0,"transferMessageCount":0,"transferDeadLetterMessageCount":0},"createdAt":"2023-02-28T14:00:27.78Z","updatedAt":"2023-02-28T14:00:36.557Z","accessedAt":"0001-01-01T00:00:00Z","forwardTo":"sb-queuecli3000008","forwardDeadLetteredMessagesTo":"sb-queuecli3000008"}}'
    headers:
      cache-control:
      - no-cache
      content-length:
      - '1107'
      content-type:
      - application/json; charset=utf-8
      date:
      - Tue, 28 Feb 2023 14:00:37 GMT
      expires:
      - '-1'
      pragma:
      - no-cache
      server:
      - Microsoft-HTTPAPI/2.0
      strict-transport-security:
      - max-age=31536000; includeSubDomains
      transfer-encoding:
      - chunked
      vary:
      - Accept-Encoding
      x-content-type-options:
      - nosniff
    status:
      code: 200
      message: OK
- request:
    body: '{"properties": {"lockDuration": "PT2M", "maxSizeInMegabytes": 2048, "maxMessageSizeInKilobytes":
      256, "requiresDuplicateDetection": true, "requiresSession": false, "defaultMessageTimeToLive":
      "P1DT3M4S", "deadLetteringOnMessageExpiration": false, "duplicateDetectionHistoryTimeWindow":
      "PT8M", "maxDeliveryCount": 8, "status": "Active", "enableBatchedOperations":
      false, "enablePartitioning": false, "enableExpress": false, "forwardTo": "sb-queuecli3000008",
      "forwardDeadLetteredMessagesTo": "sb-queuecli3000008"}}'
    headers:
      Accept:
      - application/json
      Accept-Encoding:
      - gzip, deflate
      CommandName:
      - servicebus queue update
      Connection:
      - keep-alive
      Content-Length:
      - '514'
      Content-Type:
      - application/json
      ParameterSetName:
      - --resource-group --name --namespace-name --enable-dead-lettering-on-message-expiration
      User-Agent:
      - AZURECLI/2.45.0 azsdk-python-azure-mgmt-servicebus/8.2.0 Python/3.8.0 (Windows-10-10.0.19041-SP0)
    method: PUT
    uri: https://management.azure.com/subscriptions/00000000-0000-0000-0000-000000000000/resourceGroups/cli_test_sb_queue000001/providers/Microsoft.ServiceBus/namespaces/sb-nscli000002/queues/sb-queuecli2000005?api-version=2022-10-01-preview
  response:
    body:
      string: '{"id":"/subscriptions/00000000-0000-0000-0000-000000000000/resourceGroups/cli_test_sb_queue000001/providers/Microsoft.ServiceBus/namespaces/sb-nscli000002/queues/sb-queuecli2000005","name":"sb-queuecli2000005","type":"Microsoft.ServiceBus/namespaces/queues","location":"westus","properties":{"maxMessageSizeInKilobytes":256,"lockDuration":"PT2M","maxSizeInMegabytes":2048,"requiresDuplicateDetection":true,"requiresSession":false,"defaultMessageTimeToLive":"P1DT3M4S","deadLetteringOnMessageExpiration":false,"enableBatchedOperations":false,"duplicateDetectionHistoryTimeWindow":"PT8M","maxDeliveryCount":8,"sizeInBytes":0,"messageCount":0,"status":"Active","autoDeleteOnIdle":"P10675199DT2H48M5.4775807S","enablePartitioning":false,"enableExpress":false,"countDetails":{"activeMessageCount":0,"deadLetterMessageCount":0,"scheduledMessageCount":0,"transferMessageCount":0,"transferDeadLetterMessageCount":0},"createdAt":"0001-01-01T00:00:00","updatedAt":"0001-01-01T00:00:00","accessedAt":"0001-01-01T00:00:00","forwardTo":"sb-queuecli3000008","forwardDeadLetteredMessagesTo":"sb-queuecli3000008"}}'
    headers:
      cache-control:
      - no-cache
      content-length:
      - '1098'
      content-type:
      - application/json; charset=utf-8
      date:
      - Tue, 28 Feb 2023 14:00:37 GMT
      expires:
      - '-1'
      pragma:
      - no-cache
      server:
      - Microsoft-HTTPAPI/2.0
      strict-transport-security:
      - max-age=31536000; includeSubDomains
      transfer-encoding:
      - chunked
      vary:
      - Accept-Encoding
      x-content-type-options:
      - nosniff
      x-ms-ratelimit-remaining-subscription-writes:
      - '1198'
    status:
      code: 200
      message: OK
- request:
    body: null
    headers:
      Accept:
      - application/json
      Accept-Encoding:
      - gzip, deflate
      CommandName:
      - servicebus queue update
      Connection:
      - keep-alive
      ParameterSetName:
      - --resource-group --name --namespace-name --enable-dead-lettering-on-message-expiration
      User-Agent:
      - AZURECLI/2.45.0 azsdk-python-azure-mgmt-servicebus/8.2.0 Python/3.8.0 (Windows-10-10.0.19041-SP0)
    method: GET
    uri: https://management.azure.com/subscriptions/00000000-0000-0000-0000-000000000000/resourceGroups/cli_test_sb_queue000001/providers/Microsoft.ServiceBus/namespaces/sb-nscli000002/queues/sb-queuecli2000005?api-version=2022-10-01-preview
  response:
    body:
      string: '{"id":"/subscriptions/00000000-0000-0000-0000-000000000000/resourceGroups/cli_test_sb_queue000001/providers/Microsoft.ServiceBus/namespaces/sb-nscli000002/queues/sb-queuecli2000005","name":"sb-queuecli2000005","type":"Microsoft.ServiceBus/namespaces/queues","location":"westus","properties":{"maxMessageSizeInKilobytes":256,"lockDuration":"PT2M","maxSizeInMegabytes":2048,"requiresDuplicateDetection":true,"requiresSession":false,"defaultMessageTimeToLive":"P1DT3M4S","deadLetteringOnMessageExpiration":false,"enableBatchedOperations":false,"duplicateDetectionHistoryTimeWindow":"PT8M","maxDeliveryCount":8,"sizeInBytes":0,"messageCount":0,"status":"Active","autoDeleteOnIdle":"P10675199DT2H48M5.4775807S","enablePartitioning":false,"enableExpress":false,"countDetails":{"activeMessageCount":0,"deadLetterMessageCount":0,"scheduledMessageCount":0,"transferMessageCount":0,"transferDeadLetterMessageCount":0},"createdAt":"2023-02-28T14:00:27.78Z","updatedAt":"2023-02-28T14:00:37.927Z","accessedAt":"0001-01-01T00:00:00Z","forwardTo":"sb-queuecli3000008","forwardDeadLetteredMessagesTo":"sb-queuecli3000008"}}'
    headers:
      cache-control:
      - no-cache
      content-length:
      - '1108'
      content-type:
      - application/json; charset=utf-8
      date:
      - Tue, 28 Feb 2023 14:00:37 GMT
      expires:
      - '-1'
      pragma:
      - no-cache
      server:
      - Microsoft-HTTPAPI/2.0
      strict-transport-security:
      - max-age=31536000; includeSubDomains
      transfer-encoding:
      - chunked
      vary:
      - Accept-Encoding
      x-content-type-options:
      - nosniff
    status:
      code: 200
      message: OK
- request:
    body: '{"properties": {"lockDuration": "PT2M", "maxSizeInMegabytes": 2048, "maxMessageSizeInKilobytes":
      256, "requiresDuplicateDetection": true, "requiresSession": false, "defaultMessageTimeToLive":
      "P1DT3M4S", "deadLetteringOnMessageExpiration": true, "duplicateDetectionHistoryTimeWindow":
      "PT8M", "maxDeliveryCount": 8, "status": "Active", "enableBatchedOperations":
      false, "enablePartitioning": false, "enableExpress": false, "forwardTo": "sb-queuecli3000008",
      "forwardDeadLetteredMessagesTo": "sb-queuecli3000008"}}'
    headers:
      Accept:
      - application/json
      Accept-Encoding:
      - gzip, deflate
      CommandName:
      - servicebus queue update
      Connection:
      - keep-alive
      Content-Length:
      - '513'
      Content-Type:
      - application/json
      ParameterSetName:
      - --resource-group --name --namespace-name --enable-dead-lettering-on-message-expiration
      User-Agent:
      - AZURECLI/2.45.0 azsdk-python-azure-mgmt-servicebus/8.2.0 Python/3.8.0 (Windows-10-10.0.19041-SP0)
    method: PUT
    uri: https://management.azure.com/subscriptions/00000000-0000-0000-0000-000000000000/resourceGroups/cli_test_sb_queue000001/providers/Microsoft.ServiceBus/namespaces/sb-nscli000002/queues/sb-queuecli2000005?api-version=2022-10-01-preview
  response:
    body:
      string: '{"id":"/subscriptions/00000000-0000-0000-0000-000000000000/resourceGroups/cli_test_sb_queue000001/providers/Microsoft.ServiceBus/namespaces/sb-nscli000002/queues/sb-queuecli2000005","name":"sb-queuecli2000005","type":"Microsoft.ServiceBus/namespaces/queues","location":"westus","properties":{"maxMessageSizeInKilobytes":256,"lockDuration":"PT2M","maxSizeInMegabytes":2048,"requiresDuplicateDetection":true,"requiresSession":false,"defaultMessageTimeToLive":"P1DT3M4S","deadLetteringOnMessageExpiration":true,"enableBatchedOperations":false,"duplicateDetectionHistoryTimeWindow":"PT8M","maxDeliveryCount":8,"sizeInBytes":0,"messageCount":0,"status":"Active","autoDeleteOnIdle":"P10675199DT2H48M5.4775807S","enablePartitioning":false,"enableExpress":false,"countDetails":{"activeMessageCount":0,"deadLetterMessageCount":0,"scheduledMessageCount":0,"transferMessageCount":0,"transferDeadLetterMessageCount":0},"createdAt":"0001-01-01T00:00:00","updatedAt":"0001-01-01T00:00:00","accessedAt":"0001-01-01T00:00:00","forwardTo":"sb-queuecli3000008","forwardDeadLetteredMessagesTo":"sb-queuecli3000008"}}'
    headers:
      cache-control:
      - no-cache
      content-length:
      - '1097'
      content-type:
      - application/json; charset=utf-8
      date:
      - Tue, 28 Feb 2023 14:00:39 GMT
      expires:
      - '-1'
      pragma:
      - no-cache
      server:
      - Microsoft-HTTPAPI/2.0
      strict-transport-security:
      - max-age=31536000; includeSubDomains
      transfer-encoding:
      - chunked
      vary:
      - Accept-Encoding
      x-content-type-options:
      - nosniff
      x-ms-ratelimit-remaining-subscription-writes:
      - '1199'
    status:
      code: 200
      message: OK
- request:
    body: null
    headers:
      Accept:
      - application/json
      Accept-Encoding:
      - gzip, deflate
      CommandName:
      - servicebus queue update
      Connection:
      - keep-alive
      ParameterSetName:
      - --resource-group --name --namespace-name --max-delivery-count
      User-Agent:
      - AZURECLI/2.45.0 azsdk-python-azure-mgmt-servicebus/8.2.0 Python/3.8.0 (Windows-10-10.0.19041-SP0)
    method: GET
    uri: https://management.azure.com/subscriptions/00000000-0000-0000-0000-000000000000/resourceGroups/cli_test_sb_queue000001/providers/Microsoft.ServiceBus/namespaces/sb-nscli000002/queues/sb-queuecli2000005?api-version=2022-10-01-preview
  response:
    body:
      string: '{"id":"/subscriptions/00000000-0000-0000-0000-000000000000/resourceGroups/cli_test_sb_queue000001/providers/Microsoft.ServiceBus/namespaces/sb-nscli000002/queues/sb-queuecli2000005","name":"sb-queuecli2000005","type":"Microsoft.ServiceBus/namespaces/queues","location":"westus","properties":{"maxMessageSizeInKilobytes":256,"lockDuration":"PT2M","maxSizeInMegabytes":2048,"requiresDuplicateDetection":true,"requiresSession":false,"defaultMessageTimeToLive":"P1DT3M4S","deadLetteringOnMessageExpiration":true,"enableBatchedOperations":false,"duplicateDetectionHistoryTimeWindow":"PT8M","maxDeliveryCount":8,"sizeInBytes":0,"messageCount":0,"status":"Active","autoDeleteOnIdle":"P10675199DT2H48M5.4775807S","enablePartitioning":false,"enableExpress":false,"countDetails":{"activeMessageCount":0,"deadLetterMessageCount":0,"scheduledMessageCount":0,"transferMessageCount":0,"transferDeadLetterMessageCount":0},"createdAt":"2023-02-28T14:00:27.78Z","updatedAt":"2023-02-28T14:00:39.513Z","accessedAt":"0001-01-01T00:00:00Z","forwardTo":"sb-queuecli3000008","forwardDeadLetteredMessagesTo":"sb-queuecli3000008"}}'
    headers:
      cache-control:
      - no-cache
      content-length:
      - '1107'
      content-type:
      - application/json; charset=utf-8
      date:
      - Tue, 28 Feb 2023 14:00:39 GMT
      expires:
      - '-1'
      pragma:
      - no-cache
      server:
      - Microsoft-HTTPAPI/2.0
      strict-transport-security:
      - max-age=31536000; includeSubDomains
      transfer-encoding:
      - chunked
      vary:
      - Accept-Encoding
      x-content-type-options:
      - nosniff
    status:
      code: 200
      message: OK
- request:
    body: '{"properties": {"lockDuration": "PT2M", "maxSizeInMegabytes": 2048, "maxMessageSizeInKilobytes":
      256, "requiresDuplicateDetection": true, "requiresSession": false, "defaultMessageTimeToLive":
      "P1DT3M4S", "deadLetteringOnMessageExpiration": true, "duplicateDetectionHistoryTimeWindow":
      "PT8M", "maxDeliveryCount": 15, "status": "Active", "enableBatchedOperations":
      false, "enablePartitioning": false, "enableExpress": false, "forwardTo": "sb-queuecli3000008",
      "forwardDeadLetteredMessagesTo": "sb-queuecli3000008"}}'
    headers:
      Accept:
      - application/json
      Accept-Encoding:
      - gzip, deflate
      CommandName:
      - servicebus queue update
      Connection:
      - keep-alive
      Content-Length:
      - '514'
      Content-Type:
      - application/json
      ParameterSetName:
      - --resource-group --name --namespace-name --max-delivery-count
      User-Agent:
      - AZURECLI/2.45.0 azsdk-python-azure-mgmt-servicebus/8.2.0 Python/3.8.0 (Windows-10-10.0.19041-SP0)
    method: PUT
    uri: https://management.azure.com/subscriptions/00000000-0000-0000-0000-000000000000/resourceGroups/cli_test_sb_queue000001/providers/Microsoft.ServiceBus/namespaces/sb-nscli000002/queues/sb-queuecli2000005?api-version=2022-10-01-preview
  response:
    body:
      string: '{"id":"/subscriptions/00000000-0000-0000-0000-000000000000/resourceGroups/cli_test_sb_queue000001/providers/Microsoft.ServiceBus/namespaces/sb-nscli000002/queues/sb-queuecli2000005","name":"sb-queuecli2000005","type":"Microsoft.ServiceBus/namespaces/queues","location":"westus","properties":{"maxMessageSizeInKilobytes":256,"lockDuration":"PT2M","maxSizeInMegabytes":2048,"requiresDuplicateDetection":true,"requiresSession":false,"defaultMessageTimeToLive":"P1DT3M4S","deadLetteringOnMessageExpiration":true,"enableBatchedOperations":false,"duplicateDetectionHistoryTimeWindow":"PT8M","maxDeliveryCount":15,"sizeInBytes":0,"messageCount":0,"status":"Active","autoDeleteOnIdle":"P10675199DT2H48M5.4775807S","enablePartitioning":false,"enableExpress":false,"countDetails":{"activeMessageCount":0,"deadLetterMessageCount":0,"scheduledMessageCount":0,"transferMessageCount":0,"transferDeadLetterMessageCount":0},"createdAt":"0001-01-01T00:00:00","updatedAt":"0001-01-01T00:00:00","accessedAt":"0001-01-01T00:00:00","forwardTo":"sb-queuecli3000008","forwardDeadLetteredMessagesTo":"sb-queuecli3000008"}}'
    headers:
      cache-control:
      - no-cache
      content-length:
      - '1098'
      content-type:
      - application/json; charset=utf-8
      date:
      - Tue, 28 Feb 2023 14:00:40 GMT
      expires:
      - '-1'
      pragma:
      - no-cache
      server:
      - Microsoft-HTTPAPI/2.0
      strict-transport-security:
      - max-age=31536000; includeSubDomains
      transfer-encoding:
      - chunked
      vary:
      - Accept-Encoding
      x-content-type-options:
      - nosniff
      x-ms-ratelimit-remaining-subscription-writes:
      - '1199'
    status:
      code: 200
      message: OK
- request:
    body: null
    headers:
      Accept:
      - application/json
      Accept-Encoding:
      - gzip, deflate
      CommandName:
      - servicebus queue update
      Connection:
      - keep-alive
      ParameterSetName:
      - --resource-group --name --namespace-name --forward-to
      User-Agent:
      - AZURECLI/2.45.0 azsdk-python-azure-mgmt-servicebus/8.2.0 Python/3.8.0 (Windows-10-10.0.19041-SP0)
    method: GET
    uri: https://management.azure.com/subscriptions/00000000-0000-0000-0000-000000000000/resourceGroups/cli_test_sb_queue000001/providers/Microsoft.ServiceBus/namespaces/sb-nscli000002/queues/sb-queuecli2000005?api-version=2022-10-01-preview
  response:
    body:
      string: '{"id":"/subscriptions/00000000-0000-0000-0000-000000000000/resourceGroups/cli_test_sb_queue000001/providers/Microsoft.ServiceBus/namespaces/sb-nscli000002/queues/sb-queuecli2000005","name":"sb-queuecli2000005","type":"Microsoft.ServiceBus/namespaces/queues","location":"westus","properties":{"maxMessageSizeInKilobytes":256,"lockDuration":"PT2M","maxSizeInMegabytes":2048,"requiresDuplicateDetection":true,"requiresSession":false,"defaultMessageTimeToLive":"P1DT3M4S","deadLetteringOnMessageExpiration":true,"enableBatchedOperations":false,"duplicateDetectionHistoryTimeWindow":"PT8M","maxDeliveryCount":15,"sizeInBytes":0,"messageCount":0,"status":"Active","autoDeleteOnIdle":"P10675199DT2H48M5.4775807S","enablePartitioning":false,"enableExpress":false,"countDetails":{"activeMessageCount":0,"deadLetterMessageCount":0,"scheduledMessageCount":0,"transferMessageCount":0,"transferDeadLetterMessageCount":0},"createdAt":"2023-02-28T14:00:27.78Z","updatedAt":"2023-02-28T14:00:40.91Z","accessedAt":"0001-01-01T00:00:00Z","forwardTo":"sb-queuecli3000008","forwardDeadLetteredMessagesTo":"sb-queuecli3000008"}}'
    headers:
      cache-control:
      - no-cache
      content-length:
      - '1107'
      content-type:
      - application/json; charset=utf-8
      date:
      - Tue, 28 Feb 2023 14:00:41 GMT
      expires:
      - '-1'
      pragma:
      - no-cache
      server:
      - Microsoft-HTTPAPI/2.0
      strict-transport-security:
      - max-age=31536000; includeSubDomains
      transfer-encoding:
      - chunked
      vary:
      - Accept-Encoding
      x-content-type-options:
      - nosniff
    status:
      code: 200
      message: OK
- request:
    body: '{"properties": {"lockDuration": "PT2M", "maxSizeInMegabytes": 2048, "maxMessageSizeInKilobytes":
      256, "requiresDuplicateDetection": true, "requiresSession": false, "defaultMessageTimeToLive":
      "P1DT3M4S", "deadLetteringOnMessageExpiration": true, "duplicateDetectionHistoryTimeWindow":
      "PT8M", "maxDeliveryCount": 15, "status": "Active", "enableBatchedOperations":
      false, "enablePartitioning": false, "enableExpress": false, "forwardTo": "sb-queuecli4000009",
      "forwardDeadLetteredMessagesTo": "sb-queuecli3000008"}}'
    headers:
      Accept:
      - application/json
      Accept-Encoding:
      - gzip, deflate
      CommandName:
      - servicebus queue update
      Connection:
      - keep-alive
      Content-Length:
      - '514'
      Content-Type:
      - application/json
      ParameterSetName:
      - --resource-group --name --namespace-name --forward-to
      User-Agent:
      - AZURECLI/2.45.0 azsdk-python-azure-mgmt-servicebus/8.2.0 Python/3.8.0 (Windows-10-10.0.19041-SP0)
    method: PUT
    uri: https://management.azure.com/subscriptions/00000000-0000-0000-0000-000000000000/resourceGroups/cli_test_sb_queue000001/providers/Microsoft.ServiceBus/namespaces/sb-nscli000002/queues/sb-queuecli2000005?api-version=2022-10-01-preview
  response:
    body:
      string: '{"id":"/subscriptions/00000000-0000-0000-0000-000000000000/resourceGroups/cli_test_sb_queue000001/providers/Microsoft.ServiceBus/namespaces/sb-nscli000002/queues/sb-queuecli2000005","name":"sb-queuecli2000005","type":"Microsoft.ServiceBus/namespaces/queues","location":"westus","properties":{"maxMessageSizeInKilobytes":256,"lockDuration":"PT2M","maxSizeInMegabytes":2048,"requiresDuplicateDetection":true,"requiresSession":false,"defaultMessageTimeToLive":"P1DT3M4S","deadLetteringOnMessageExpiration":true,"enableBatchedOperations":false,"duplicateDetectionHistoryTimeWindow":"PT8M","maxDeliveryCount":15,"sizeInBytes":0,"messageCount":0,"status":"Active","autoDeleteOnIdle":"P10675199DT2H48M5.4775807S","enablePartitioning":false,"enableExpress":false,"countDetails":{"activeMessageCount":0,"deadLetterMessageCount":0,"scheduledMessageCount":0,"transferMessageCount":0,"transferDeadLetterMessageCount":0},"createdAt":"0001-01-01T00:00:00","updatedAt":"0001-01-01T00:00:00","accessedAt":"0001-01-01T00:00:00","forwardTo":"sb-queuecli4000009","forwardDeadLetteredMessagesTo":"sb-queuecli3000008"}}'
    headers:
      cache-control:
      - no-cache
      content-length:
      - '1098'
      content-type:
      - application/json; charset=utf-8
      date:
      - Tue, 28 Feb 2023 14:00:42 GMT
      expires:
      - '-1'
      pragma:
      - no-cache
      server:
      - Microsoft-HTTPAPI/2.0
      strict-transport-security:
      - max-age=31536000; includeSubDomains
      transfer-encoding:
      - chunked
      vary:
      - Accept-Encoding
      x-content-type-options:
      - nosniff
      x-ms-ratelimit-remaining-subscription-writes:
      - '1199'
    status:
      code: 200
      message: OK
- request:
    body: null
    headers:
      Accept:
      - application/json
      Accept-Encoding:
      - gzip, deflate
      CommandName:
      - servicebus queue update
      Connection:
      - keep-alive
      ParameterSetName:
      - --resource-group --name --namespace-name --forward-dead-lettered-messages-to
      User-Agent:
      - AZURECLI/2.45.0 azsdk-python-azure-mgmt-servicebus/8.2.0 Python/3.8.0 (Windows-10-10.0.19041-SP0)
    method: GET
    uri: https://management.azure.com/subscriptions/00000000-0000-0000-0000-000000000000/resourceGroups/cli_test_sb_queue000001/providers/Microsoft.ServiceBus/namespaces/sb-nscli000002/queues/sb-queuecli2000005?api-version=2022-10-01-preview
  response:
    body:
      string: '{"id":"/subscriptions/00000000-0000-0000-0000-000000000000/resourceGroups/cli_test_sb_queue000001/providers/Microsoft.ServiceBus/namespaces/sb-nscli000002/queues/sb-queuecli2000005","name":"sb-queuecli2000005","type":"Microsoft.ServiceBus/namespaces/queues","location":"westus","properties":{"maxMessageSizeInKilobytes":256,"lockDuration":"PT2M","maxSizeInMegabytes":2048,"requiresDuplicateDetection":true,"requiresSession":false,"defaultMessageTimeToLive":"P1DT3M4S","deadLetteringOnMessageExpiration":true,"enableBatchedOperations":false,"duplicateDetectionHistoryTimeWindow":"PT8M","maxDeliveryCount":15,"sizeInBytes":0,"messageCount":0,"status":"Active","autoDeleteOnIdle":"P10675199DT2H48M5.4775807S","enablePartitioning":false,"enableExpress":false,"countDetails":{"activeMessageCount":0,"deadLetterMessageCount":0,"scheduledMessageCount":0,"transferMessageCount":0,"transferDeadLetterMessageCount":0},"createdAt":"2023-02-28T14:00:27.7815907Z","updatedAt":"2023-02-28T14:00:42.3136572Z","accessedAt":"0001-01-01T00:00:00Z","forwardTo":"sb-queuecli4000009","forwardDeadLetteredMessagesTo":"sb-queuecli3000008"}}'
    headers:
      cache-control:
      - no-cache
      content-length:
      - '1117'
      content-type:
      - application/json; charset=utf-8
      date:
      - Tue, 28 Feb 2023 14:00:42 GMT
      expires:
      - '-1'
      pragma:
      - no-cache
      server:
      - Microsoft-HTTPAPI/2.0
      strict-transport-security:
      - max-age=31536000; includeSubDomains
      transfer-encoding:
      - chunked
      vary:
      - Accept-Encoding
      x-content-type-options:
      - nosniff
    status:
      code: 200
      message: OK
- request:
    body: '{"properties": {"lockDuration": "PT2M", "maxSizeInMegabytes": 2048, "maxMessageSizeInKilobytes":
      256, "requiresDuplicateDetection": true, "requiresSession": false, "defaultMessageTimeToLive":
      "P1DT3M4S", "deadLetteringOnMessageExpiration": true, "duplicateDetectionHistoryTimeWindow":
      "PT8M", "maxDeliveryCount": 15, "status": "Active", "enableBatchedOperations":
      false, "enablePartitioning": false, "enableExpress": false, "forwardTo": "sb-queuecli4000009",
      "forwardDeadLetteredMessagesTo": "sb-queuecli4000009"}}'
    headers:
      Accept:
      - application/json
      Accept-Encoding:
      - gzip, deflate
      CommandName:
      - servicebus queue update
      Connection:
      - keep-alive
      Content-Length:
      - '514'
      Content-Type:
      - application/json
      ParameterSetName:
      - --resource-group --name --namespace-name --forward-dead-lettered-messages-to
      User-Agent:
      - AZURECLI/2.45.0 azsdk-python-azure-mgmt-servicebus/8.2.0 Python/3.8.0 (Windows-10-10.0.19041-SP0)
    method: PUT
    uri: https://management.azure.com/subscriptions/00000000-0000-0000-0000-000000000000/resourceGroups/cli_test_sb_queue000001/providers/Microsoft.ServiceBus/namespaces/sb-nscli000002/queues/sb-queuecli2000005?api-version=2022-10-01-preview
  response:
    body:
      string: '{"id":"/subscriptions/00000000-0000-0000-0000-000000000000/resourceGroups/cli_test_sb_queue000001/providers/Microsoft.ServiceBus/namespaces/sb-nscli000002/queues/sb-queuecli2000005","name":"sb-queuecli2000005","type":"Microsoft.ServiceBus/namespaces/queues","location":"westus","properties":{"maxMessageSizeInKilobytes":256,"lockDuration":"PT2M","maxSizeInMegabytes":2048,"requiresDuplicateDetection":true,"requiresSession":false,"defaultMessageTimeToLive":"P1DT3M4S","deadLetteringOnMessageExpiration":true,"enableBatchedOperations":false,"duplicateDetectionHistoryTimeWindow":"PT8M","maxDeliveryCount":15,"sizeInBytes":0,"messageCount":0,"status":"Active","autoDeleteOnIdle":"P10675199DT2H48M5.4775807S","enablePartitioning":false,"enableExpress":false,"countDetails":{"activeMessageCount":0,"deadLetterMessageCount":0,"scheduledMessageCount":0,"transferMessageCount":0,"transferDeadLetterMessageCount":0},"createdAt":"0001-01-01T00:00:00","updatedAt":"0001-01-01T00:00:00","accessedAt":"0001-01-01T00:00:00","forwardTo":"sb-queuecli4000009","forwardDeadLetteredMessagesTo":"sb-queuecli4000009"}}'
    headers:
      cache-control:
      - no-cache
      content-length:
      - '1098'
      content-type:
      - application/json; charset=utf-8
      date:
      - Tue, 28 Feb 2023 14:00:42 GMT
      expires:
      - '-1'
      pragma:
      - no-cache
      server:
      - Microsoft-HTTPAPI/2.0
      strict-transport-security:
      - max-age=31536000; includeSubDomains
      transfer-encoding:
      - chunked
      vary:
      - Accept-Encoding
      x-content-type-options:
      - nosniff
      x-ms-ratelimit-remaining-subscription-writes:
      - '1199'
    status:
      code: 200
      message: OK
- request:
    body: null
    headers:
      Accept:
      - application/json
      Accept-Encoding:
      - gzip, deflate
      CommandName:
      - servicebus queue update
      Connection:
      - keep-alive
      ParameterSetName:
      - --resource-group --name --namespace-name --status
      User-Agent:
      - AZURECLI/2.45.0 azsdk-python-azure-mgmt-servicebus/8.2.0 Python/3.8.0 (Windows-10-10.0.19041-SP0)
    method: GET
    uri: https://management.azure.com/subscriptions/00000000-0000-0000-0000-000000000000/resourceGroups/cli_test_sb_queue000001/providers/Microsoft.ServiceBus/namespaces/sb-nscli000002/queues/sb-queuecli2000005?api-version=2022-10-01-preview
  response:
    body:
      string: '{"id":"/subscriptions/00000000-0000-0000-0000-000000000000/resourceGroups/cli_test_sb_queue000001/providers/Microsoft.ServiceBus/namespaces/sb-nscli000002/queues/sb-queuecli2000005","name":"sb-queuecli2000005","type":"Microsoft.ServiceBus/namespaces/queues","location":"westus","properties":{"maxMessageSizeInKilobytes":256,"lockDuration":"PT2M","maxSizeInMegabytes":2048,"requiresDuplicateDetection":true,"requiresSession":false,"defaultMessageTimeToLive":"P1DT3M4S","deadLetteringOnMessageExpiration":true,"enableBatchedOperations":false,"duplicateDetectionHistoryTimeWindow":"PT8M","maxDeliveryCount":15,"sizeInBytes":0,"messageCount":0,"status":"Active","autoDeleteOnIdle":"P10675199DT2H48M5.4775807S","enablePartitioning":false,"enableExpress":false,"countDetails":{"activeMessageCount":0,"deadLetterMessageCount":0,"scheduledMessageCount":0,"transferMessageCount":0,"transferDeadLetterMessageCount":0},"createdAt":"2023-02-28T14:00:27.7815907Z","updatedAt":"2023-02-28T14:00:43.8295497Z","accessedAt":"0001-01-01T00:00:00Z","forwardTo":"sb-queuecli4000009","forwardDeadLetteredMessagesTo":"sb-queuecli4000009"}}'
    headers:
      cache-control:
      - no-cache
      content-length:
      - '1117'
      content-type:
      - application/json; charset=utf-8
      date:
      - Tue, 28 Feb 2023 14:00:44 GMT
      expires:
      - '-1'
      pragma:
      - no-cache
      server:
      - Microsoft-HTTPAPI/2.0
      strict-transport-security:
      - max-age=31536000; includeSubDomains
      transfer-encoding:
      - chunked
      vary:
      - Accept-Encoding
      x-content-type-options:
      - nosniff
    status:
      code: 200
      message: OK
- request:
    body: '{"properties": {"lockDuration": "PT2M", "maxSizeInMegabytes": 2048, "maxMessageSizeInKilobytes":
      256, "requiresDuplicateDetection": true, "requiresSession": false, "defaultMessageTimeToLive":
      "P1DT3M4S", "deadLetteringOnMessageExpiration": true, "duplicateDetectionHistoryTimeWindow":
      "PT8M", "maxDeliveryCount": 15, "status": "SendDisabled", "enableBatchedOperations":
      false, "enablePartitioning": false, "enableExpress": false, "forwardTo": "sb-queuecli4000009",
      "forwardDeadLetteredMessagesTo": "sb-queuecli4000009"}}'
    headers:
      Accept:
      - application/json
      Accept-Encoding:
      - gzip, deflate
      CommandName:
      - servicebus queue update
      Connection:
      - keep-alive
      Content-Length:
      - '520'
      Content-Type:
      - application/json
      ParameterSetName:
      - --resource-group --name --namespace-name --status
      User-Agent:
      - AZURECLI/2.45.0 azsdk-python-azure-mgmt-servicebus/8.2.0 Python/3.8.0 (Windows-10-10.0.19041-SP0)
    method: PUT
    uri: https://management.azure.com/subscriptions/00000000-0000-0000-0000-000000000000/resourceGroups/cli_test_sb_queue000001/providers/Microsoft.ServiceBus/namespaces/sb-nscli000002/queues/sb-queuecli2000005?api-version=2022-10-01-preview
  response:
    body:
      string: '{"id":"/subscriptions/00000000-0000-0000-0000-000000000000/resourceGroups/cli_test_sb_queue000001/providers/Microsoft.ServiceBus/namespaces/sb-nscli000002/queues/sb-queuecli2000005","name":"sb-queuecli2000005","type":"Microsoft.ServiceBus/namespaces/queues","location":"westus","properties":{"maxMessageSizeInKilobytes":256,"lockDuration":"PT2M","maxSizeInMegabytes":2048,"requiresDuplicateDetection":true,"requiresSession":false,"defaultMessageTimeToLive":"P1DT3M4S","deadLetteringOnMessageExpiration":true,"enableBatchedOperations":false,"duplicateDetectionHistoryTimeWindow":"PT8M","maxDeliveryCount":15,"sizeInBytes":0,"messageCount":0,"status":"SendDisabled","autoDeleteOnIdle":"P10675199DT2H48M5.4775807S","enablePartitioning":false,"enableExpress":false,"countDetails":{"activeMessageCount":0,"deadLetterMessageCount":0,"scheduledMessageCount":0,"transferMessageCount":0,"transferDeadLetterMessageCount":0},"createdAt":"0001-01-01T00:00:00","updatedAt":"0001-01-01T00:00:00","accessedAt":"0001-01-01T00:00:00","forwardTo":"sb-queuecli4000009","forwardDeadLetteredMessagesTo":"sb-queuecli4000009"}}'
    headers:
      cache-control:
      - no-cache
      content-length:
      - '1104'
      content-type:
      - application/json; charset=utf-8
      date:
      - Tue, 28 Feb 2023 14:00:44 GMT
      expires:
      - '-1'
      pragma:
      - no-cache
      server:
      - Microsoft-HTTPAPI/2.0
      strict-transport-security:
      - max-age=31536000; includeSubDomains
      transfer-encoding:
      - chunked
      vary:
      - Accept-Encoding
      x-content-type-options:
      - nosniff
      x-ms-ratelimit-remaining-subscription-writes:
      - '1199'
    status:
      code: 200
      message: OK
- request:
    body: null
    headers:
      Accept:
      - application/json
      Accept-Encoding:
      - gzip, deflate
      CommandName:
      - servicebus queue update
      Connection:
      - keep-alive
      ParameterSetName:
      - --resource-group --name --namespace-name --max-size
      User-Agent:
      - AZURECLI/2.45.0 azsdk-python-azure-mgmt-servicebus/8.2.0 Python/3.8.0 (Windows-10-10.0.19041-SP0)
    method: GET
    uri: https://management.azure.com/subscriptions/00000000-0000-0000-0000-000000000000/resourceGroups/cli_test_sb_queue000001/providers/Microsoft.ServiceBus/namespaces/sb-nscli000002/queues/sb-queuecli2000005?api-version=2022-10-01-preview
  response:
    body:
      string: '{"id":"/subscriptions/00000000-0000-0000-0000-000000000000/resourceGroups/cli_test_sb_queue000001/providers/Microsoft.ServiceBus/namespaces/sb-nscli000002/queues/sb-queuecli2000005","name":"sb-queuecli2000005","type":"Microsoft.ServiceBus/namespaces/queues","location":"westus","properties":{"maxMessageSizeInKilobytes":256,"lockDuration":"PT2M","maxSizeInMegabytes":2048,"requiresDuplicateDetection":true,"requiresSession":false,"defaultMessageTimeToLive":"P1DT3M4S","deadLetteringOnMessageExpiration":true,"enableBatchedOperations":false,"duplicateDetectionHistoryTimeWindow":"PT8M","maxDeliveryCount":15,"sizeInBytes":0,"messageCount":0,"status":"SendDisabled","autoDeleteOnIdle":"P10675199DT2H48M5.4775807S","enablePartitioning":false,"enableExpress":false,"countDetails":{"activeMessageCount":0,"deadLetterMessageCount":0,"scheduledMessageCount":0,"transferMessageCount":0,"transferDeadLetterMessageCount":0},"createdAt":"2023-02-28T14:00:27.7815907Z","updatedAt":"2023-02-28T14:00:45.2211191Z","accessedAt":"0001-01-01T00:00:00Z","forwardTo":"sb-queuecli4000009","forwardDeadLetteredMessagesTo":"sb-queuecli4000009"}}'
    headers:
      cache-control:
      - no-cache
      content-length:
      - '1123'
      content-type:
      - application/json; charset=utf-8
      date:
      - Tue, 28 Feb 2023 14:00:45 GMT
      expires:
      - '-1'
      pragma:
      - no-cache
      server:
      - Microsoft-HTTPAPI/2.0
      strict-transport-security:
      - max-age=31536000; includeSubDomains
      transfer-encoding:
      - chunked
      vary:
      - Accept-Encoding
      x-content-type-options:
      - nosniff
    status:
      code: 200
      message: OK
- request:
    body: '{"properties": {"lockDuration": "PT2M", "maxSizeInMegabytes": 2048, "maxMessageSizeInKilobytes":
      256, "requiresDuplicateDetection": true, "requiresSession": false, "defaultMessageTimeToLive":
      "P1DT3M4S", "deadLetteringOnMessageExpiration": true, "duplicateDetectionHistoryTimeWindow":
      "PT8M", "maxDeliveryCount": 15, "status": "SendDisabled", "enableBatchedOperations":
      false, "enablePartitioning": false, "enableExpress": false, "forwardTo": "sb-queuecli4000009",
      "forwardDeadLetteredMessagesTo": "sb-queuecli4000009"}}'
    headers:
      Accept:
      - application/json
      Accept-Encoding:
      - gzip, deflate
      CommandName:
      - servicebus queue update
      Connection:
      - keep-alive
      Content-Length:
      - '520'
      Content-Type:
      - application/json
      ParameterSetName:
      - --resource-group --name --namespace-name --max-size
      User-Agent:
      - AZURECLI/2.45.0 azsdk-python-azure-mgmt-servicebus/8.2.0 Python/3.8.0 (Windows-10-10.0.19041-SP0)
    method: PUT
    uri: https://management.azure.com/subscriptions/00000000-0000-0000-0000-000000000000/resourceGroups/cli_test_sb_queue000001/providers/Microsoft.ServiceBus/namespaces/sb-nscli000002/queues/sb-queuecli2000005?api-version=2022-10-01-preview
  response:
    body:
      string: '{"id":"/subscriptions/00000000-0000-0000-0000-000000000000/resourceGroups/cli_test_sb_queue000001/providers/Microsoft.ServiceBus/namespaces/sb-nscli000002/queues/sb-queuecli2000005","name":"sb-queuecli2000005","type":"Microsoft.ServiceBus/namespaces/queues","location":"westus","properties":{"maxMessageSizeInKilobytes":256,"lockDuration":"PT2M","maxSizeInMegabytes":2048,"requiresDuplicateDetection":true,"requiresSession":false,"defaultMessageTimeToLive":"P1DT3M4S","deadLetteringOnMessageExpiration":true,"enableBatchedOperations":false,"duplicateDetectionHistoryTimeWindow":"PT8M","maxDeliveryCount":15,"sizeInBytes":0,"messageCount":0,"status":"SendDisabled","autoDeleteOnIdle":"P10675199DT2H48M5.4775807S","enablePartitioning":false,"enableExpress":false,"countDetails":{"activeMessageCount":0,"deadLetterMessageCount":0,"scheduledMessageCount":0,"transferMessageCount":0,"transferDeadLetterMessageCount":0},"createdAt":"0001-01-01T00:00:00","updatedAt":"0001-01-01T00:00:00","accessedAt":"0001-01-01T00:00:00","forwardTo":"sb-queuecli4000009","forwardDeadLetteredMessagesTo":"sb-queuecli4000009"}}'
    headers:
      cache-control:
      - no-cache
      content-length:
      - '1104'
      content-type:
      - application/json; charset=utf-8
      date:
      - Tue, 28 Feb 2023 14:00:46 GMT
      expires:
      - '-1'
      pragma:
      - no-cache
      server:
      - Microsoft-HTTPAPI/2.0
      strict-transport-security:
      - max-age=31536000; includeSubDomains
      transfer-encoding:
      - chunked
      vary:
      - Accept-Encoding
      x-content-type-options:
      - nosniff
      x-ms-ratelimit-remaining-subscription-writes:
      - '1199'
    status:
      code: 200
      message: OK
- request:
    body: '{"properties": {"requiresSession": true, "autoDeleteOnIdle": "P7D", "enablePartitioning":
      true, "enableExpress": true}}'
    headers:
      Accept:
      - application/json
      Accept-Encoding:
      - gzip, deflate
      CommandName:
      - servicebus queue create
      Connection:
      - keep-alive
      Content-Length:
      - '119'
      Content-Type:
      - application/json
      ParameterSetName:
      - --resource-group --name --namespace-name --auto-delete-on-idle --enable-session
        --enable-express --enable-partitioning
      User-Agent:
      - AZURECLI/2.45.0 azsdk-python-azure-mgmt-servicebus/8.2.0 Python/3.8.0 (Windows-10-10.0.19041-SP0)
    method: PUT
    uri: https://management.azure.com/subscriptions/00000000-0000-0000-0000-000000000000/resourceGroups/cli_test_sb_queue000001/providers/Microsoft.ServiceBus/namespaces/sb-nscli000002/queues/sb-queuecli2000006?api-version=2022-10-01-preview
  response:
    body:
      string: '{"id":"/subscriptions/00000000-0000-0000-0000-000000000000/resourceGroups/cli_test_sb_queue000001/providers/Microsoft.ServiceBus/namespaces/sb-nscli000002/queues/sb-queuecli2000006","name":"sb-queuecli2000006","type":"Microsoft.ServiceBus/namespaces/queues","location":"westus","properties":{"maxMessageSizeInKilobytes":256,"lockDuration":"PT1M","maxSizeInMegabytes":16384,"requiresDuplicateDetection":false,"requiresSession":true,"defaultMessageTimeToLive":"P10675199DT2H48M5.4775807S","deadLetteringOnMessageExpiration":false,"enableBatchedOperations":true,"duplicateDetectionHistoryTimeWindow":"PT10M","maxDeliveryCount":10,"sizeInBytes":0,"messageCount":0,"status":"Active","autoDeleteOnIdle":"P7D","enablePartitioning":true,"enableExpress":true,"countDetails":{"activeMessageCount":0,"deadLetterMessageCount":0,"scheduledMessageCount":0,"transferMessageCount":0,"transferDeadLetterMessageCount":0},"createdAt":"2023-02-28T14:00:48.54Z","updatedAt":"2023-02-28T14:00:48.77Z","accessedAt":"0001-01-01T00:00:00"}}'
    headers:
      cache-control:
      - no-cache
      content-length:
      - '1015'
      content-type:
      - application/json; charset=utf-8
      date:
      - Tue, 28 Feb 2023 14:00:48 GMT
      expires:
      - '-1'
      pragma:
      - no-cache
      server:
      - Microsoft-HTTPAPI/2.0
      strict-transport-security:
      - max-age=31536000; includeSubDomains
      transfer-encoding:
      - chunked
      vary:
      - Accept-Encoding
      x-content-type-options:
      - nosniff
      x-ms-ratelimit-remaining-subscription-writes:
      - '1199'
    status:
      code: 200
      message: OK
- request:
    body: null
    headers:
      Accept:
      - application/json
      Accept-Encoding:
      - gzip, deflate
      CommandName:
      - servicebus queue update
      Connection:
      - keep-alive
      ParameterSetName:
      - --resource-group --name --namespace-name --auto-delete-on-idle
      User-Agent:
      - AZURECLI/2.45.0 azsdk-python-azure-mgmt-servicebus/8.2.0 Python/3.8.0 (Windows-10-10.0.19041-SP0)
    method: GET
    uri: https://management.azure.com/subscriptions/00000000-0000-0000-0000-000000000000/resourceGroups/cli_test_sb_queue000001/providers/Microsoft.ServiceBus/namespaces/sb-nscli000002/queues/sb-queuecli2000006?api-version=2022-10-01-preview
  response:
    body:
      string: '{"id":"/subscriptions/00000000-0000-0000-0000-000000000000/resourceGroups/cli_test_sb_queue000001/providers/Microsoft.ServiceBus/namespaces/sb-nscli000002/queues/sb-queuecli2000006","name":"sb-queuecli2000006","type":"Microsoft.ServiceBus/namespaces/queues","location":"westus","properties":{"maxMessageSizeInKilobytes":256,"lockDuration":"PT1M","maxSizeInMegabytes":16384,"requiresDuplicateDetection":false,"requiresSession":true,"defaultMessageTimeToLive":"P10675199DT2H48M5.4775807S","deadLetteringOnMessageExpiration":false,"enableBatchedOperations":true,"duplicateDetectionHistoryTimeWindow":"PT10M","maxDeliveryCount":10,"sizeInBytes":0,"messageCount":0,"status":"Active","autoDeleteOnIdle":"P7D","enablePartitioning":true,"enableExpress":true,"countDetails":{"activeMessageCount":0,"deadLetterMessageCount":0,"scheduledMessageCount":0,"transferMessageCount":0,"transferDeadLetterMessageCount":0},"createdAt":"2023-02-28T14:00:48.54Z","updatedAt":"2023-02-28T14:00:48.77Z","accessedAt":"0001-01-01T00:00:00Z"}}'
    headers:
      cache-control:
      - no-cache
      content-length:
      - '1016'
      content-type:
      - application/json; charset=utf-8
      date:
      - Tue, 28 Feb 2023 14:00:49 GMT
      expires:
      - '-1'
      pragma:
      - no-cache
      server:
      - Microsoft-HTTPAPI/2.0
      strict-transport-security:
      - max-age=31536000; includeSubDomains
      transfer-encoding:
      - chunked
      vary:
      - Accept-Encoding
      x-content-type-options:
      - nosniff
    status:
      code: 200
      message: OK
- request:
    body: '{"properties": {"lockDuration": "PT1M", "maxSizeInMegabytes": 16384, "maxMessageSizeInKilobytes":
      256, "requiresDuplicateDetection": false, "requiresSession": true, "deadLetteringOnMessageExpiration":
      false, "duplicateDetectionHistoryTimeWindow": "PT10M", "maxDeliveryCount": 10,
      "status": "Active", "enableBatchedOperations": true, "autoDeleteOnIdle": "P1DT3M4S",
      "enablePartitioning": true, "enableExpress": true}}'
    headers:
      Accept:
      - application/json
      Accept-Encoding:
      - gzip, deflate
      CommandName:
      - servicebus queue update
      Connection:
      - keep-alive
      Content-Length:
      - '416'
      Content-Type:
      - application/json
      ParameterSetName:
      - --resource-group --name --namespace-name --auto-delete-on-idle
      User-Agent:
      - AZURECLI/2.45.0 azsdk-python-azure-mgmt-servicebus/8.2.0 Python/3.8.0 (Windows-10-10.0.19041-SP0)
    method: PUT
    uri: https://management.azure.com/subscriptions/00000000-0000-0000-0000-000000000000/resourceGroups/cli_test_sb_queue000001/providers/Microsoft.ServiceBus/namespaces/sb-nscli000002/queues/sb-queuecli2000006?api-version=2022-10-01-preview
  response:
    body:
      string: '{"id":"/subscriptions/00000000-0000-0000-0000-000000000000/resourceGroups/cli_test_sb_queue000001/providers/Microsoft.ServiceBus/namespaces/sb-nscli000002/queues/sb-queuecli2000006","name":"sb-queuecli2000006","type":"Microsoft.ServiceBus/namespaces/queues","location":"westus","properties":{"maxMessageSizeInKilobytes":256,"lockDuration":"PT1M","maxSizeInMegabytes":16384,"requiresDuplicateDetection":false,"requiresSession":true,"defaultMessageTimeToLive":"P10675199DT2H48M5.4775807S","deadLetteringOnMessageExpiration":false,"enableBatchedOperations":true,"duplicateDetectionHistoryTimeWindow":"PT10M","maxDeliveryCount":10,"sizeInBytes":0,"messageCount":0,"status":"Active","autoDeleteOnIdle":"P1DT3M4S","enablePartitioning":true,"enableExpress":true,"countDetails":{"activeMessageCount":0,"deadLetterMessageCount":0,"scheduledMessageCount":0,"transferMessageCount":0,"transferDeadLetterMessageCount":0},"createdAt":"0001-01-01T00:00:00","updatedAt":"0001-01-01T00:00:00","accessedAt":"0001-01-01T00:00:00"}}'
    headers:
      cache-control:
      - no-cache
      content-length:
      - '1012'
      content-type:
      - application/json; charset=utf-8
      date:
      - Tue, 28 Feb 2023 14:00:50 GMT
      expires:
      - '-1'
      pragma:
      - no-cache
      server:
      - Microsoft-HTTPAPI/2.0
      strict-transport-security:
      - max-age=31536000; includeSubDomains
      transfer-encoding:
      - chunked
      vary:
      - Accept-Encoding
      x-content-type-options:
      - nosniff
      x-ms-ratelimit-remaining-subscription-writes:
      - '1199'
    status:
      code: 200
      message: OK
- request:
    body: null
    headers:
      Accept:
      - application/json
      Accept-Encoding:
      - gzip, deflate
      CommandName:
      - servicebus queue update
      Connection:
      - keep-alive
      ParameterSetName:
      - --resource-group --name --namespace-name --enable-express
      User-Agent:
      - AZURECLI/2.45.0 azsdk-python-azure-mgmt-servicebus/8.2.0 Python/3.8.0 (Windows-10-10.0.19041-SP0)
    method: GET
    uri: https://management.azure.com/subscriptions/00000000-0000-0000-0000-000000000000/resourceGroups/cli_test_sb_queue000001/providers/Microsoft.ServiceBus/namespaces/sb-nscli000002/queues/sb-queuecli2000006?api-version=2022-10-01-preview
  response:
    body:
      string: '{"id":"/subscriptions/00000000-0000-0000-0000-000000000000/resourceGroups/cli_test_sb_queue000001/providers/Microsoft.ServiceBus/namespaces/sb-nscli000002/queues/sb-queuecli2000006","name":"sb-queuecli2000006","type":"Microsoft.ServiceBus/namespaces/queues","location":"westus","properties":{"maxMessageSizeInKilobytes":256,"lockDuration":"PT1M","maxSizeInMegabytes":16384,"requiresDuplicateDetection":false,"requiresSession":true,"defaultMessageTimeToLive":"P10675199DT2H48M5.4775807S","deadLetteringOnMessageExpiration":false,"enableBatchedOperations":true,"duplicateDetectionHistoryTimeWindow":"PT10M","maxDeliveryCount":10,"sizeInBytes":0,"messageCount":0,"status":"Active","autoDeleteOnIdle":"P1DT3M4S","enablePartitioning":true,"enableExpress":true,"countDetails":{"activeMessageCount":0,"deadLetterMessageCount":0,"scheduledMessageCount":0,"transferMessageCount":0,"transferDeadLetterMessageCount":0},"createdAt":"2023-02-28T14:00:48.54Z","updatedAt":"2023-02-28T14:00:50.66Z","accessedAt":"0001-01-01T00:00:00Z"}}'
    headers:
      cache-control:
      - no-cache
      content-length:
      - '1021'
      content-type:
      - application/json; charset=utf-8
      date:
      - Tue, 28 Feb 2023 14:00:50 GMT
      expires:
      - '-1'
      pragma:
      - no-cache
      server:
      - Microsoft-HTTPAPI/2.0
      strict-transport-security:
      - max-age=31536000; includeSubDomains
      transfer-encoding:
      - chunked
      vary:
      - Accept-Encoding
      x-content-type-options:
      - nosniff
    status:
      code: 200
      message: OK
- request:
    body: '{"properties": {"lockDuration": "PT1M", "maxSizeInMegabytes": 16384, "maxMessageSizeInKilobytes":
      256, "requiresDuplicateDetection": false, "requiresSession": true, "deadLetteringOnMessageExpiration":
      false, "duplicateDetectionHistoryTimeWindow": "PT10M", "maxDeliveryCount": 10,
      "status": "Active", "enableBatchedOperations": true, "autoDeleteOnIdle": "P1DT3M4S",
      "enablePartitioning": true, "enableExpress": false}}'
    headers:
      Accept:
      - application/json
      Accept-Encoding:
      - gzip, deflate
      CommandName:
      - servicebus queue update
      Connection:
      - keep-alive
      Content-Length:
      - '417'
      Content-Type:
      - application/json
      ParameterSetName:
      - --resource-group --name --namespace-name --enable-express
      User-Agent:
      - AZURECLI/2.45.0 azsdk-python-azure-mgmt-servicebus/8.2.0 Python/3.8.0 (Windows-10-10.0.19041-SP0)
    method: PUT
    uri: https://management.azure.com/subscriptions/00000000-0000-0000-0000-000000000000/resourceGroups/cli_test_sb_queue000001/providers/Microsoft.ServiceBus/namespaces/sb-nscli000002/queues/sb-queuecli2000006?api-version=2022-10-01-preview
  response:
    body:
      string: '{"id":"/subscriptions/00000000-0000-0000-0000-000000000000/resourceGroups/cli_test_sb_queue000001/providers/Microsoft.ServiceBus/namespaces/sb-nscli000002/queues/sb-queuecli2000006","name":"sb-queuecli2000006","type":"Microsoft.ServiceBus/namespaces/queues","location":"westus","properties":{"maxMessageSizeInKilobytes":256,"lockDuration":"PT1M","maxSizeInMegabytes":16384,"requiresDuplicateDetection":false,"requiresSession":true,"defaultMessageTimeToLive":"P10675199DT2H48M5.4775807S","deadLetteringOnMessageExpiration":false,"enableBatchedOperations":true,"duplicateDetectionHistoryTimeWindow":"PT10M","maxDeliveryCount":10,"sizeInBytes":0,"messageCount":0,"status":"Active","autoDeleteOnIdle":"P1DT3M4S","enablePartitioning":true,"enableExpress":false,"countDetails":{"activeMessageCount":0,"deadLetterMessageCount":0,"scheduledMessageCount":0,"transferMessageCount":0,"transferDeadLetterMessageCount":0},"createdAt":"0001-01-01T00:00:00","updatedAt":"0001-01-01T00:00:00","accessedAt":"0001-01-01T00:00:00"}}'
    headers:
      cache-control:
      - no-cache
      content-length:
      - '1013'
      content-type:
      - application/json; charset=utf-8
      date:
      - Tue, 28 Feb 2023 14:00:51 GMT
      expires:
      - '-1'
      pragma:
      - no-cache
      server:
      - Microsoft-HTTPAPI/2.0
      strict-transport-security:
      - max-age=31536000; includeSubDomains
      transfer-encoding:
      - chunked
      vary:
      - Accept-Encoding
      x-content-type-options:
      - nosniff
      x-ms-ratelimit-remaining-subscription-writes:
      - '1199'
    status:
      code: 200
      message: OK
- request:
    body: null
    headers:
      Accept:
      - application/json
      Accept-Encoding:
      - gzip, deflate
      CommandName:
      - servicebus queue update
      Connection:
      - keep-alive
      ParameterSetName:
      - --resource-group --name --namespace-name --enable-express
      User-Agent:
      - AZURECLI/2.45.0 azsdk-python-azure-mgmt-servicebus/8.2.0 Python/3.8.0 (Windows-10-10.0.19041-SP0)
    method: GET
    uri: https://management.azure.com/subscriptions/00000000-0000-0000-0000-000000000000/resourceGroups/cli_test_sb_queue000001/providers/Microsoft.ServiceBus/namespaces/sb-nscli000002/queues/sb-queuecli2000006?api-version=2022-10-01-preview
  response:
    body:
      string: '{"id":"/subscriptions/00000000-0000-0000-0000-000000000000/resourceGroups/cli_test_sb_queue000001/providers/Microsoft.ServiceBus/namespaces/sb-nscli000002/queues/sb-queuecli2000006","name":"sb-queuecli2000006","type":"Microsoft.ServiceBus/namespaces/queues","location":"westus","properties":{"maxMessageSizeInKilobytes":256,"lockDuration":"PT1M","maxSizeInMegabytes":16384,"requiresDuplicateDetection":false,"requiresSession":true,"defaultMessageTimeToLive":"P10675199DT2H48M5.4775807S","deadLetteringOnMessageExpiration":false,"enableBatchedOperations":true,"duplicateDetectionHistoryTimeWindow":"PT10M","maxDeliveryCount":10,"sizeInBytes":0,"messageCount":0,"status":"Active","autoDeleteOnIdle":"P1DT3M4S","enablePartitioning":true,"enableExpress":false,"countDetails":{"activeMessageCount":0,"deadLetterMessageCount":0,"scheduledMessageCount":0,"transferMessageCount":0,"transferDeadLetterMessageCount":0},"createdAt":"2023-02-28T14:00:48.54Z","updatedAt":"2023-02-28T14:00:52.050616Z","accessedAt":"0001-01-01T00:00:00Z"}}'
    headers:
      cache-control:
      - no-cache
      content-length:
      - '1026'
      content-type:
      - application/json; charset=utf-8
      date:
      - Tue, 28 Feb 2023 14:00:52 GMT
      expires:
      - '-1'
      pragma:
      - no-cache
      server:
      - Microsoft-HTTPAPI/2.0
      strict-transport-security:
      - max-age=31536000; includeSubDomains
      transfer-encoding:
      - chunked
      vary:
      - Accept-Encoding
      x-content-type-options:
      - nosniff
    status:
      code: 200
      message: OK
- request:
    body: '{"properties": {"lockDuration": "PT1M", "maxSizeInMegabytes": 16384, "maxMessageSizeInKilobytes":
      256, "requiresDuplicateDetection": false, "requiresSession": true, "deadLetteringOnMessageExpiration":
      false, "duplicateDetectionHistoryTimeWindow": "PT10M", "maxDeliveryCount": 10,
      "status": "Active", "enableBatchedOperations": true, "autoDeleteOnIdle": "P1DT3M4S",
      "enablePartitioning": true, "enableExpress": true}}'
    headers:
      Accept:
      - application/json
      Accept-Encoding:
      - gzip, deflate
      CommandName:
      - servicebus queue update
      Connection:
      - keep-alive
      Content-Length:
      - '416'
      Content-Type:
      - application/json
      ParameterSetName:
      - --resource-group --name --namespace-name --enable-express
      User-Agent:
      - AZURECLI/2.45.0 azsdk-python-azure-mgmt-servicebus/8.2.0 Python/3.8.0 (Windows-10-10.0.19041-SP0)
    method: PUT
    uri: https://management.azure.com/subscriptions/00000000-0000-0000-0000-000000000000/resourceGroups/cli_test_sb_queue000001/providers/Microsoft.ServiceBus/namespaces/sb-nscli000002/queues/sb-queuecli2000006?api-version=2022-10-01-preview
  response:
    body:
      string: '{"id":"/subscriptions/00000000-0000-0000-0000-000000000000/resourceGroups/cli_test_sb_queue000001/providers/Microsoft.ServiceBus/namespaces/sb-nscli000002/queues/sb-queuecli2000006","name":"sb-queuecli2000006","type":"Microsoft.ServiceBus/namespaces/queues","location":"westus","properties":{"maxMessageSizeInKilobytes":256,"lockDuration":"PT1M","maxSizeInMegabytes":16384,"requiresDuplicateDetection":false,"requiresSession":true,"defaultMessageTimeToLive":"P10675199DT2H48M5.4775807S","deadLetteringOnMessageExpiration":false,"enableBatchedOperations":true,"duplicateDetectionHistoryTimeWindow":"PT10M","maxDeliveryCount":10,"sizeInBytes":0,"messageCount":0,"status":"Active","autoDeleteOnIdle":"P1DT3M4S","enablePartitioning":true,"enableExpress":true,"countDetails":{"activeMessageCount":0,"deadLetterMessageCount":0,"scheduledMessageCount":0,"transferMessageCount":0,"transferDeadLetterMessageCount":0},"createdAt":"0001-01-01T00:00:00","updatedAt":"0001-01-01T00:00:00","accessedAt":"0001-01-01T00:00:00"}}'
    headers:
      cache-control:
      - no-cache
      content-length:
      - '1012'
      content-type:
      - application/json; charset=utf-8
      date:
      - Tue, 28 Feb 2023 14:00:53 GMT
      expires:
      - '-1'
      pragma:
      - no-cache
      server:
      - Microsoft-HTTPAPI/2.0
      strict-transport-security:
      - max-age=31536000; includeSubDomains
      transfer-encoding:
      - chunked
      vary:
      - Accept-Encoding
      x-content-type-options:
      - nosniff
      x-ms-ratelimit-remaining-subscription-writes:
      - '1199'
    status:
      code: 200
      message: OK
- request:
    body: null
    headers:
      Accept:
      - application/json
      Accept-Encoding:
      - gzip, deflate
      CommandName:
      - servicebus queue update
      Connection:
      - keep-alive
      ParameterSetName:
      - --resource-group --name --namespace-name --status
      User-Agent:
      - AZURECLI/2.45.0 azsdk-python-azure-mgmt-servicebus/8.2.0 Python/3.8.0 (Windows-10-10.0.19041-SP0)
    method: GET
    uri: https://management.azure.com/subscriptions/00000000-0000-0000-0000-000000000000/resourceGroups/cli_test_sb_queue000001/providers/Microsoft.ServiceBus/namespaces/sb-nscli000002/queues/sb-queuecli2000006?api-version=2022-10-01-preview
  response:
    body:
      string: '{"id":"/subscriptions/00000000-0000-0000-0000-000000000000/resourceGroups/cli_test_sb_queue000001/providers/Microsoft.ServiceBus/namespaces/sb-nscli000002/queues/sb-queuecli2000006","name":"sb-queuecli2000006","type":"Microsoft.ServiceBus/namespaces/queues","location":"westus","properties":{"maxMessageSizeInKilobytes":256,"lockDuration":"PT1M","maxSizeInMegabytes":16384,"requiresDuplicateDetection":false,"requiresSession":true,"defaultMessageTimeToLive":"P10675199DT2H48M5.4775807S","deadLetteringOnMessageExpiration":false,"enableBatchedOperations":true,"duplicateDetectionHistoryTimeWindow":"PT10M","maxDeliveryCount":10,"sizeInBytes":0,"messageCount":0,"status":"Active","autoDeleteOnIdle":"P1DT3M4S","enablePartitioning":true,"enableExpress":true,"countDetails":{"activeMessageCount":0,"deadLetterMessageCount":0,"scheduledMessageCount":0,"transferMessageCount":0,"transferDeadLetterMessageCount":0},"createdAt":"2023-02-28T14:00:48.54Z","updatedAt":"2023-02-28T14:00:53.816267Z","accessedAt":"0001-01-01T00:00:00Z"}}'
    headers:
      cache-control:
      - no-cache
      content-length:
      - '1025'
      content-type:
      - application/json; charset=utf-8
      date:
      - Tue, 28 Feb 2023 14:00:53 GMT
      expires:
      - '-1'
      pragma:
      - no-cache
      server:
      - Microsoft-HTTPAPI/2.0
      strict-transport-security:
      - max-age=31536000; includeSubDomains
      transfer-encoding:
      - chunked
      vary:
      - Accept-Encoding
      x-content-type-options:
      - nosniff
    status:
      code: 200
      message: OK
- request:
    body: '{"properties": {"lockDuration": "PT1M", "maxSizeInMegabytes": 16384, "maxMessageSizeInKilobytes":
      256, "requiresDuplicateDetection": false, "requiresSession": true, "deadLetteringOnMessageExpiration":
      false, "duplicateDetectionHistoryTimeWindow": "PT10M", "maxDeliveryCount": 10,
      "status": "ReceiveDisabled", "enableBatchedOperations": true, "autoDeleteOnIdle":
      "P1DT3M4S", "enablePartitioning": true, "enableExpress": true}}'
    headers:
      Accept:
      - application/json
      Accept-Encoding:
      - gzip, deflate
      CommandName:
      - servicebus queue update
      Connection:
      - keep-alive
      Content-Length:
      - '425'
      Content-Type:
      - application/json
      ParameterSetName:
      - --resource-group --name --namespace-name --status
      User-Agent:
      - AZURECLI/2.45.0 azsdk-python-azure-mgmt-servicebus/8.2.0 Python/3.8.0 (Windows-10-10.0.19041-SP0)
    method: PUT
    uri: https://management.azure.com/subscriptions/00000000-0000-0000-0000-000000000000/resourceGroups/cli_test_sb_queue000001/providers/Microsoft.ServiceBus/namespaces/sb-nscli000002/queues/sb-queuecli2000006?api-version=2022-10-01-preview
  response:
    body:
      string: '{"id":"/subscriptions/00000000-0000-0000-0000-000000000000/resourceGroups/cli_test_sb_queue000001/providers/Microsoft.ServiceBus/namespaces/sb-nscli000002/queues/sb-queuecli2000006","name":"sb-queuecli2000006","type":"Microsoft.ServiceBus/namespaces/queues","location":"westus","properties":{"maxMessageSizeInKilobytes":256,"lockDuration":"PT1M","maxSizeInMegabytes":16384,"requiresDuplicateDetection":false,"requiresSession":true,"defaultMessageTimeToLive":"P10675199DT2H48M5.4775807S","deadLetteringOnMessageExpiration":false,"enableBatchedOperations":true,"duplicateDetectionHistoryTimeWindow":"PT10M","maxDeliveryCount":10,"sizeInBytes":0,"messageCount":0,"status":"ReceiveDisabled","autoDeleteOnIdle":"P1DT3M4S","enablePartitioning":true,"enableExpress":true,"countDetails":{"activeMessageCount":0,"deadLetterMessageCount":0,"scheduledMessageCount":0,"transferMessageCount":0,"transferDeadLetterMessageCount":0},"createdAt":"0001-01-01T00:00:00","updatedAt":"0001-01-01T00:00:00","accessedAt":"0001-01-01T00:00:00"}}'
    headers:
      cache-control:
      - no-cache
      content-length:
      - '1021'
      content-type:
      - application/json; charset=utf-8
      date:
      - Tue, 28 Feb 2023 14:00:55 GMT
      expires:
      - '-1'
      pragma:
      - no-cache
      server:
      - Microsoft-HTTPAPI/2.0
      strict-transport-security:
      - max-age=31536000; includeSubDomains
      transfer-encoding:
      - chunked
      vary:
      - Accept-Encoding
      x-content-type-options:
      - nosniff
      x-ms-ratelimit-remaining-subscription-writes:
      - '1199'
    status:
      code: 200
      message: OK
- request:
    body: null
    headers:
      Accept:
      - application/json
      Accept-Encoding:
      - gzip, deflate
      CommandName:
      - servicebus queue create
      Connection:
      - keep-alive
      ParameterSetName:
      - --resource-group --namespace-name --name --auto-delete-on-idle --max-size
      User-Agent:
      - AZURECLI/2.45.0 azsdk-python-azure-mgmt-servicebus/8.2.0 Python/3.8.0 (Windows-10-10.0.19041-SP0)
    method: GET
    uri: https://management.azure.com/subscriptions/00000000-0000-0000-0000-000000000000/resourceGroups/cli_test_sb_queue000001/providers/Microsoft.ServiceBus/namespaces/sb-nscli000002?api-version=2022-10-01-preview
  response:
    body:
      string: '{"sku":{"name":"Standard","tier":"Standard"},"id":"/subscriptions/00000000-0000-0000-0000-000000000000/resourceGroups/cli_test_sb_queue000001/providers/Microsoft.ServiceBus/namespaces/sb-nscli000002","name":"sb-nscli000002","type":"Microsoft.ServiceBus/Namespaces","location":"West
        US","tags":{"{tag1":"value1,","tag2":"value2}"},"properties":{"premiumMessagingPartitions":0,"minimumTlsVersion":"1.2","publicNetworkAccess":"Enabled","disableLocalAuth":false,"zoneRedundant":false,"provisioningState":"Succeeded","metricId":"326100e2-f69d-4268-8503-075374f62b6e:sb-nscli000002","createdAt":"2023-02-28T13:59:16.187Z","updatedAt":"2023-02-28T13:59:59.46Z","serviceBusEndpoint":"https://sb-nscli000002.servicebus.windows.net:443/","status":"Active"}}'
    headers:
      cache-control:
      - no-cache
      content-length:
      - '747'
      content-type:
      - application/json; charset=utf-8
      date:
      - Tue, 28 Feb 2023 14:00:55 GMT
      expires:
      - '-1'
      pragma:
      - no-cache
      server:
      - Service-Bus-Resource-Provider/SN1
      - Microsoft-HTTPAPI/2.0
      server-sb:
      - Service-Bus-Resource-Provider/SN1
      strict-transport-security:
      - max-age=31536000; includeSubDomains
      transfer-encoding:
      - chunked
      vary:
      - Accept-Encoding
      x-content-type-options:
      - nosniff
    status:
      code: 200
      message: OK
- request:
    body: '{"properties": {"maxSizeInMegabytes": 1024, "autoDeleteOnIdle": "PT10M"}}'
    headers:
      Accept:
      - application/json
      Accept-Encoding:
      - gzip, deflate
      CommandName:
      - servicebus queue create
      Connection:
      - keep-alive
      Content-Length:
      - '73'
      Content-Type:
      - application/json
      ParameterSetName:
      - --resource-group --namespace-name --name --auto-delete-on-idle --max-size
      User-Agent:
      - AZURECLI/2.45.0 azsdk-python-azure-mgmt-servicebus/8.2.0 Python/3.8.0 (Windows-10-10.0.19041-SP0)
    method: PUT
    uri: https://management.azure.com/subscriptions/00000000-0000-0000-0000-000000000000/resourceGroups/cli_test_sb_queue000001/providers/Microsoft.ServiceBus/namespaces/sb-nscli000002/queues/sb-queuecli000004?api-version=2022-10-01-preview
  response:
    body:
      string: '{"id":"/subscriptions/00000000-0000-0000-0000-000000000000/resourceGroups/cli_test_sb_queue000001/providers/Microsoft.ServiceBus/namespaces/sb-nscli000002/queues/sb-queuecli000004","name":"sb-queuecli000004","type":"Microsoft.ServiceBus/namespaces/queues","location":"westus","properties":{"maxMessageSizeInKilobytes":256,"lockDuration":"PT1M","maxSizeInMegabytes":1024,"requiresDuplicateDetection":false,"requiresSession":false,"defaultMessageTimeToLive":"P10675199DT2H48M5.4775807S","deadLetteringOnMessageExpiration":false,"enableBatchedOperations":true,"duplicateDetectionHistoryTimeWindow":"PT10M","maxDeliveryCount":10,"sizeInBytes":0,"messageCount":0,"status":"Active","autoDeleteOnIdle":"PT10M","enablePartitioning":false,"enableExpress":false,"countDetails":{"activeMessageCount":0,"deadLetterMessageCount":0,"scheduledMessageCount":0,"transferMessageCount":0,"transferDeadLetterMessageCount":0},"createdAt":"2023-02-28T14:00:57.637Z","updatedAt":"2023-02-28T14:00:57.657Z","accessedAt":"0001-01-01T00:00:00"}}'
    headers:
      cache-control:
      - no-cache
      content-length:
      - '1019'
      content-type:
      - application/json; charset=utf-8
      date:
      - Tue, 28 Feb 2023 14:00:57 GMT
      expires:
      - '-1'
      pragma:
      - no-cache
      server:
      - Microsoft-HTTPAPI/2.0
      strict-transport-security:
      - max-age=31536000; includeSubDomains
      transfer-encoding:
      - chunked
      vary:
      - Accept-Encoding
      x-content-type-options:
      - nosniff
      x-ms-ratelimit-remaining-subscription-writes:
      - '1199'
    status:
      code: 200
      message: OK
- request:
    body: null
    headers:
      Accept:
      - application/json
      Accept-Encoding:
      - gzip, deflate
      CommandName:
      - servicebus queue show
      Connection:
      - keep-alive
      ParameterSetName:
      - --resource-group --namespace-name --name
      User-Agent:
      - AZURECLI/2.45.0 azsdk-python-azure-mgmt-servicebus/8.2.0 Python/3.8.0 (Windows-10-10.0.19041-SP0)
    method: GET
    uri: https://management.azure.com/subscriptions/00000000-0000-0000-0000-000000000000/resourceGroups/cli_test_sb_queue000001/providers/Microsoft.ServiceBus/namespaces/sb-nscli000002/queues/sb-queuecli000004?api-version=2022-10-01-preview
  response:
    body:
      string: '{"id":"/subscriptions/00000000-0000-0000-0000-000000000000/resourceGroups/cli_test_sb_queue000001/providers/Microsoft.ServiceBus/namespaces/sb-nscli000002/queues/sb-queuecli000004","name":"sb-queuecli000004","type":"Microsoft.ServiceBus/namespaces/queues","location":"westus","properties":{"maxMessageSizeInKilobytes":256,"lockDuration":"PT1M","maxSizeInMegabytes":1024,"requiresDuplicateDetection":false,"requiresSession":false,"defaultMessageTimeToLive":"P10675199DT2H48M5.4775807S","deadLetteringOnMessageExpiration":false,"enableBatchedOperations":true,"duplicateDetectionHistoryTimeWindow":"PT10M","maxDeliveryCount":10,"sizeInBytes":0,"messageCount":0,"status":"Active","autoDeleteOnIdle":"PT10M","enablePartitioning":false,"enableExpress":false,"countDetails":{"activeMessageCount":0,"deadLetterMessageCount":0,"scheduledMessageCount":0,"transferMessageCount":0,"transferDeadLetterMessageCount":0},"createdAt":"2023-02-28T14:00:57.637Z","updatedAt":"2023-02-28T14:00:57.657Z","accessedAt":"0001-01-01T00:00:00Z"}}'
    headers:
      cache-control:
      - no-cache
      content-length:
      - '1020'
      content-type:
      - application/json; charset=utf-8
      date:
      - Tue, 28 Feb 2023 14:00:57 GMT
      expires:
      - '-1'
      pragma:
      - no-cache
      server:
      - Microsoft-HTTPAPI/2.0
      strict-transport-security:
      - max-age=31536000; includeSubDomains
      transfer-encoding:
      - chunked
      vary:
      - Accept-Encoding
      x-content-type-options:
      - nosniff
    status:
      code: 200
      message: OK
- request:
    body: null
    headers:
      Accept:
      - application/json
      Accept-Encoding:
      - gzip, deflate
      CommandName:
      - servicebus queue update
      Connection:
      - keep-alive
      ParameterSetName:
      - --resource-group --namespace-name --name --auto-delete-on-idle
      User-Agent:
      - AZURECLI/2.45.0 azsdk-python-azure-mgmt-servicebus/8.2.0 Python/3.8.0 (Windows-10-10.0.19041-SP0)
    method: GET
    uri: https://management.azure.com/subscriptions/00000000-0000-0000-0000-000000000000/resourceGroups/cli_test_sb_queue000001/providers/Microsoft.ServiceBus/namespaces/sb-nscli000002/queues/sb-queuecli000004?api-version=2022-10-01-preview
  response:
    body:
      string: '{"id":"/subscriptions/00000000-0000-0000-0000-000000000000/resourceGroups/cli_test_sb_queue000001/providers/Microsoft.ServiceBus/namespaces/sb-nscli000002/queues/sb-queuecli000004","name":"sb-queuecli000004","type":"Microsoft.ServiceBus/namespaces/queues","location":"westus","properties":{"maxMessageSizeInKilobytes":256,"lockDuration":"PT1M","maxSizeInMegabytes":1024,"requiresDuplicateDetection":false,"requiresSession":false,"defaultMessageTimeToLive":"P10675199DT2H48M5.4775807S","deadLetteringOnMessageExpiration":false,"enableBatchedOperations":true,"duplicateDetectionHistoryTimeWindow":"PT10M","maxDeliveryCount":10,"sizeInBytes":0,"messageCount":0,"status":"Active","autoDeleteOnIdle":"PT10M","enablePartitioning":false,"enableExpress":false,"countDetails":{"activeMessageCount":0,"deadLetterMessageCount":0,"scheduledMessageCount":0,"transferMessageCount":0,"transferDeadLetterMessageCount":0},"createdAt":"2023-02-28T14:00:57.637Z","updatedAt":"2023-02-28T14:00:57.657Z","accessedAt":"0001-01-01T00:00:00Z"}}'
    headers:
      cache-control:
      - no-cache
      content-length:
      - '1020'
      content-type:
      - application/json; charset=utf-8
      date:
      - Tue, 28 Feb 2023 14:00:58 GMT
      expires:
      - '-1'
      pragma:
      - no-cache
      server:
      - Microsoft-HTTPAPI/2.0
      strict-transport-security:
      - max-age=31536000; includeSubDomains
      transfer-encoding:
      - chunked
      vary:
      - Accept-Encoding
      x-content-type-options:
      - nosniff
    status:
      code: 200
      message: OK
- request:
    body: '{"properties": {"lockDuration": "PT1M", "maxSizeInMegabytes": 1024, "maxMessageSizeInKilobytes":
      256, "requiresDuplicateDetection": false, "requiresSession": false, "deadLetteringOnMessageExpiration":
      false, "duplicateDetectionHistoryTimeWindow": "PT10M", "maxDeliveryCount": 10,
      "status": "Active", "enableBatchedOperations": true, "autoDeleteOnIdle": "PT11M",
      "enablePartitioning": false, "enableExpress": false}}'
    headers:
      Accept:
      - application/json
      Accept-Encoding:
      - gzip, deflate
      CommandName:
      - servicebus queue update
      Connection:
      - keep-alive
      Content-Length:
      - '415'
      Content-Type:
      - application/json
      ParameterSetName:
      - --resource-group --namespace-name --name --auto-delete-on-idle
      User-Agent:
      - AZURECLI/2.45.0 azsdk-python-azure-mgmt-servicebus/8.2.0 Python/3.8.0 (Windows-10-10.0.19041-SP0)
    method: PUT
    uri: https://management.azure.com/subscriptions/00000000-0000-0000-0000-000000000000/resourceGroups/cli_test_sb_queue000001/providers/Microsoft.ServiceBus/namespaces/sb-nscli000002/queues/sb-queuecli000004?api-version=2022-10-01-preview
  response:
    body:
      string: '{"id":"/subscriptions/00000000-0000-0000-0000-000000000000/resourceGroups/cli_test_sb_queue000001/providers/Microsoft.ServiceBus/namespaces/sb-nscli000002/queues/sb-queuecli000004","name":"sb-queuecli000004","type":"Microsoft.ServiceBus/namespaces/queues","location":"westus","properties":{"maxMessageSizeInKilobytes":256,"lockDuration":"PT1M","maxSizeInMegabytes":1024,"requiresDuplicateDetection":false,"requiresSession":false,"defaultMessageTimeToLive":"P10675199DT2H48M5.4775807S","deadLetteringOnMessageExpiration":false,"enableBatchedOperations":true,"duplicateDetectionHistoryTimeWindow":"PT10M","maxDeliveryCount":10,"sizeInBytes":0,"messageCount":0,"status":"Active","autoDeleteOnIdle":"PT11M","enablePartitioning":false,"enableExpress":false,"countDetails":{"activeMessageCount":0,"deadLetterMessageCount":0,"scheduledMessageCount":0,"transferMessageCount":0,"transferDeadLetterMessageCount":0},"createdAt":"0001-01-01T00:00:00","updatedAt":"0001-01-01T00:00:00","accessedAt":"0001-01-01T00:00:00"}}'
    headers:
      cache-control:
      - no-cache
      content-length:
      - '1009'
      content-type:
      - application/json; charset=utf-8
      date:
      - Tue, 28 Feb 2023 14:00:59 GMT
      expires:
      - '-1'
      pragma:
      - no-cache
      server:
      - Microsoft-HTTPAPI/2.0
      strict-transport-security:
      - max-age=31536000; includeSubDomains
      transfer-encoding:
      - chunked
      vary:
      - Accept-Encoding
      x-content-type-options:
      - nosniff
      x-ms-ratelimit-remaining-subscription-writes:
      - '1199'
    status:
      code: 200
      message: OK
- request:
    body: null
    headers:
      Accept:
      - application/json
      Accept-Encoding:
      - gzip, deflate
      CommandName:
      - servicebus queue list
      Connection:
      - keep-alive
      ParameterSetName:
      - --resource-group --namespace-name
      User-Agent:
      - AZURECLI/2.45.0 azsdk-python-azure-mgmt-servicebus/8.2.0 Python/3.8.0 (Windows-10-10.0.19041-SP0)
    method: GET
    uri: https://management.azure.com/subscriptions/00000000-0000-0000-0000-000000000000/resourceGroups/cli_test_sb_queue000001/providers/Microsoft.ServiceBus/namespaces/sb-nscli000002/queues?api-version=2022-10-01-preview
  response:
    body:
      string: '{"value":[{"id":"/subscriptions/00000000-0000-0000-0000-000000000000/resourceGroups/cli_test_sb_queue000001/providers/Microsoft.ServiceBus/namespaces/sb-nscli000002/queues/sb-queuecli2000006","name":"sb-queuecli2000006","type":"Microsoft.ServiceBus/namespaces/queues","location":"westus","properties":{"maxMessageSizeInKilobytes":256,"lockDuration":"PT1M","maxSizeInMegabytes":16384,"requiresDuplicateDetection":false,"requiresSession":true,"defaultMessageTimeToLive":"P10675199DT2H48M5.4775807S","deadLetteringOnMessageExpiration":false,"enableBatchedOperations":true,"duplicateDetectionHistoryTimeWindow":"PT10M","maxDeliveryCount":10,"sizeInBytes":0,"messageCount":0,"status":"ReceiveDisabled","autoDeleteOnIdle":"P1DT3M4S","enablePartitioning":true,"enableExpress":true,"countDetails":{"activeMessageCount":0,"deadLetterMessageCount":0,"scheduledMessageCount":0,"transferMessageCount":0,"transferDeadLetterMessageCount":0},"createdAt":"2023-02-28T14:00:48.54Z","updatedAt":"2023-02-28T14:00:55.07631Z","accessedAt":"0001-01-01T00:00:00Z"}},{"id":"/subscriptions/00000000-0000-0000-0000-000000000000/resourceGroups/cli_test_sb_queue000001/providers/Microsoft.ServiceBus/namespaces/sb-nscli000002/queues/sb-queuecli2000005","name":"sb-queuecli2000005","type":"Microsoft.ServiceBus/namespaces/queues","location":"westus","properties":{"maxMessageSizeInKilobytes":256,"lockDuration":"PT2M","maxSizeInMegabytes":2048,"requiresDuplicateDetection":true,"requiresSession":false,"defaultMessageTimeToLive":"P1DT3M4S","deadLetteringOnMessageExpiration":true,"enableBatchedOperations":false,"duplicateDetectionHistoryTimeWindow":"PT8M","maxDeliveryCount":15,"sizeInBytes":0,"messageCount":0,"status":"SendDisabled","autoDeleteOnIdle":"P10675199DT2H48M5.4775807S","enablePartitioning":false,"enableExpress":false,"countDetails":{"activeMessageCount":0,"deadLetterMessageCount":0,"scheduledMessageCount":0,"transferMessageCount":0,"transferDeadLetterMessageCount":0},"createdAt":"2023-02-28T14:00:27.7815907Z","updatedAt":"2023-02-28T14:00:46.5804985Z","accessedAt":"0001-01-01T00:00:00Z","forwardTo":"sb-queuecli4000009","forwardDeadLetteredMessagesTo":"sb-queuecli4000009"}},{"id":"/subscriptions/00000000-0000-0000-0000-000000000000/resourceGroups/cli_test_sb_queue000001/providers/Microsoft.ServiceBus/namespaces/sb-nscli000002/queues/sb-queuecli3000008","name":"sb-queuecli3000008","type":"Microsoft.ServiceBus/namespaces/queues","location":"westus","properties":{"maxMessageSizeInKilobytes":256,"lockDuration":"PT1M","maxSizeInMegabytes":1024,"requiresDuplicateDetection":false,"requiresSession":false,"defaultMessageTimeToLive":"P10675199DT2H48M5.4775807S","deadLetteringOnMessageExpiration":false,"enableBatchedOperations":true,"duplicateDetectionHistoryTimeWindow":"PT10M","maxDeliveryCount":10,"sizeInBytes":0,"messageCount":0,"status":"Active","autoDeleteOnIdle":"P10675199DT2H48M5.4775807S","enablePartitioning":false,"enableExpress":false,"countDetails":{"activeMessageCount":0,"deadLetterMessageCount":0,"scheduledMessageCount":0,"transferMessageCount":0,"transferDeadLetterMessageCount":0},"createdAt":"2023-02-28T14:00:22.0168823Z","updatedAt":"2023-02-28T14:00:22.0168823Z","accessedAt":"0001-01-01T00:00:00Z"}},{"id":"/subscriptions/00000000-0000-0000-0000-000000000000/resourceGroups/cli_test_sb_queue000001/providers/Microsoft.ServiceBus/namespaces/sb-nscli000002/queues/sb-queuecli4000009","name":"sb-queuecli4000009","type":"Microsoft.ServiceBus/namespaces/queues","location":"westus","properties":{"maxMessageSizeInKilobytes":256,"lockDuration":"PT1M","maxSizeInMegabytes":1024,"requiresDuplicateDetection":false,"requiresSession":false,"defaultMessageTimeToLive":"P10675199DT2H48M5.4775807S","deadLetteringOnMessageExpiration":false,"enableBatchedOperations":true,"duplicateDetectionHistoryTimeWindow":"PT10M","maxDeliveryCount":10,"sizeInBytes":0,"messageCount":0,"status":"Active","autoDeleteOnIdle":"P10675199DT2H48M5.4775807S","enablePartitioning":false,"enableExpress":false,"countDetails":{"activeMessageCount":0,"deadLetterMessageCount":0,"scheduledMessageCount":0,"transferMessageCount":0,"transferDeadLetterMessageCount":0},"createdAt":"2023-02-28T14:00:24.4817854Z","updatedAt":"2023-02-28T14:00:24.4817854Z","accessedAt":"0001-01-01T00:00:00Z"}},{"id":"/subscriptions/00000000-0000-0000-0000-000000000000/resourceGroups/cli_test_sb_queue000001/providers/Microsoft.ServiceBus/namespaces/sb-nscli000002/queues/sb-queuecli000004","name":"sb-queuecli000004","type":"Microsoft.ServiceBus/namespaces/queues","location":"westus","properties":{"maxMessageSizeInKilobytes":256,"lockDuration":"PT1M","maxSizeInMegabytes":1024,"requiresDuplicateDetection":false,"requiresSession":false,"defaultMessageTimeToLive":"P10675199DT2H48M5.4775807S","deadLetteringOnMessageExpiration":false,"enableBatchedOperations":true,"duplicateDetectionHistoryTimeWindow":"PT10M","maxDeliveryCount":10,"sizeInBytes":0,"messageCount":0,"status":"Active","autoDeleteOnIdle":"PT11M","enablePartitioning":false,"enableExpress":false,"countDetails":{"activeMessageCount":0,"deadLetterMessageCount":0,"scheduledMessageCount":0,"transferMessageCount":0,"transferDeadLetterMessageCount":0},"createdAt":"2023-02-28T14:00:57.637Z","updatedAt":"2023-02-28T14:01:00.38Z","accessedAt":"0001-01-01T00:00:00Z"}}]}'
    headers:
      cache-control:
      - no-cache
      content-length:
      - '5293'
      content-type:
      - application/json; charset=utf-8
      date:
      - Tue, 28 Feb 2023 14:01:01 GMT
      expires:
      - '-1'
      pragma:
      - no-cache
      server:
      - Microsoft-HTTPAPI/2.0
      strict-transport-security:
      - max-age=31536000; includeSubDomains
      transfer-encoding:
      - chunked
      vary:
      - Accept-Encoding
      x-content-type-options:
      - nosniff
      x-ms-inline-count:
      - ''
    status:
      code: 200
      message: OK
- request:
    body: '{"properties": {"rights": ["Listen"]}}'
    headers:
      Accept:
      - application/json
      Accept-Encoding:
      - gzip, deflate
      CommandName:
      - servicebus queue authorization-rule create
      Connection:
      - keep-alive
      Content-Length:
      - '38'
      Content-Type:
      - application/json
      ParameterSetName:
      - --resource-group --namespace-name --queue-name --name --rights
      User-Agent:
      - AZURECLI/2.45.0 (AAZ) azsdk-python-core/1.24.0 Python/3.8.0 (Windows-10-10.0.19041-SP0)
    method: PUT
    uri: https://management.azure.com/subscriptions/00000000-0000-0000-0000-000000000000/resourceGroups/cli_test_sb_queue000001/providers/Microsoft.ServiceBus/namespaces/sb-nscli000002/queues/sb-queuecli000004/authorizationRules/cliAutho000003?api-version=2022-01-01-preview
  response:
    body:
      string: '{"id":"/subscriptions/00000000-0000-0000-0000-000000000000/resourceGroups/cli_test_sb_queue000001/providers/Microsoft.ServiceBus/namespaces/sb-nscli000002/queues/sb-queuecli000004/authorizationRules/cliAutho000003","name":"cliAutho000003","type":"Microsoft.ServiceBus/namespaces/queues/authorizationrules","properties":{"rights":["Listen"]}}'
    headers:
      cache-control:
      - no-cache
      content-length:
      - '341'
      content-type:
      - application/json; charset=utf-8
      date:
      - Tue, 28 Feb 2023 14:01:02 GMT
      expires:
      - '-1'
      pragma:
      - no-cache
      server:
      - Microsoft-HTTPAPI/2.0
      strict-transport-security:
      - max-age=31536000; includeSubDomains
      transfer-encoding:
      - chunked
      vary:
      - Accept-Encoding
      x-content-type-options:
      - nosniff
      x-ms-ratelimit-remaining-subscription-writes:
      - '1199'
    status:
      code: 200
      message: OK
- request:
    body: null
    headers:
      Accept:
      - application/json
      Accept-Encoding:
      - gzip, deflate
      CommandName:
      - servicebus queue authorization-rule show
      Connection:
      - keep-alive
      ParameterSetName:
      - --resource-group --namespace-name --queue-name --name
      User-Agent:
      - AZURECLI/2.45.0 (AAZ) azsdk-python-core/1.24.0 Python/3.8.0 (Windows-10-10.0.19041-SP0)
    method: GET
    uri: https://management.azure.com/subscriptions/00000000-0000-0000-0000-000000000000/resourceGroups/cli_test_sb_queue000001/providers/Microsoft.ServiceBus/namespaces/sb-nscli000002/queues/sb-queuecli000004/authorizationRules/cliAutho000003?api-version=2022-01-01-preview
  response:
    body:
      string: '{"id":"/subscriptions/00000000-0000-0000-0000-000000000000/resourcegroups/cli_test_sb_queue000001/providers/Microsoft.ServiceBus/namespaces/sb-nscli000002/queues/sb-queuecli000004/authorizationrules/cliAutho000003","name":"cliAutho000003","type":"Microsoft.ServiceBus/namespaces/queues/authorizationrules","location":"westus","properties":{"rights":["Listen"]}}'
    headers:
      cache-control:
      - no-cache
      content-length:
      - '361'
      content-type:
      - application/json; charset=utf-8
      date:
      - Tue, 28 Feb 2023 14:01:03 GMT
      expires:
      - '-1'
      pragma:
      - no-cache
      server:
      - Microsoft-HTTPAPI/2.0
      strict-transport-security:
      - max-age=31536000; includeSubDomains
      transfer-encoding:
      - chunked
      vary:
      - Accept-Encoding
      x-content-type-options:
      - nosniff
    status:
      code: 200
      message: OK
- request:
    body: null
    headers:
      Accept:
      - application/json
      Accept-Encoding:
      - gzip, deflate
      CommandName:
      - servicebus queue authorization-rule update
      Connection:
      - keep-alive
      ParameterSetName:
      - --resource-group --namespace-name --queue-name --name --rights
      User-Agent:
      - AZURECLI/2.45.0 (AAZ) azsdk-python-core/1.24.0 Python/3.8.0 (Windows-10-10.0.19041-SP0)
    method: GET
    uri: https://management.azure.com/subscriptions/00000000-0000-0000-0000-000000000000/resourceGroups/cli_test_sb_queue000001/providers/Microsoft.ServiceBus/namespaces/sb-nscli000002/queues/sb-queuecli000004/authorizationRules/cliAutho000003?api-version=2022-01-01-preview
  response:
    body:
      string: '{"id":"/subscriptions/00000000-0000-0000-0000-000000000000/resourcegroups/cli_test_sb_queue000001/providers/Microsoft.ServiceBus/namespaces/sb-nscli000002/queues/sb-queuecli000004/authorizationrules/cliAutho000003","name":"cliAutho000003","type":"Microsoft.ServiceBus/namespaces/queues/authorizationrules","location":"westus","properties":{"rights":["Listen"]}}'
    headers:
      cache-control:
      - no-cache
      content-length:
      - '361'
      content-type:
      - application/json; charset=utf-8
      date:
      - Tue, 28 Feb 2023 14:01:03 GMT
      expires:
      - '-1'
      pragma:
      - no-cache
      server:
      - Microsoft-HTTPAPI/2.0
      strict-transport-security:
      - max-age=31536000; includeSubDomains
      transfer-encoding:
      - chunked
      vary:
      - Accept-Encoding
      x-content-type-options:
      - nosniff
    status:
      code: 200
      message: OK
- request:
    body: '{"properties": {"rights": ["Send"]}}'
    headers:
      Accept:
      - application/json
      Accept-Encoding:
      - gzip, deflate
      CommandName:
      - servicebus queue authorization-rule update
      Connection:
      - keep-alive
      Content-Length:
      - '36'
      Content-Type:
      - application/json
      ParameterSetName:
      - --resource-group --namespace-name --queue-name --name --rights
      User-Agent:
      - AZURECLI/2.45.0 (AAZ) azsdk-python-core/1.24.0 Python/3.8.0 (Windows-10-10.0.19041-SP0)
    method: PUT
    uri: https://management.azure.com/subscriptions/00000000-0000-0000-0000-000000000000/resourceGroups/cli_test_sb_queue000001/providers/Microsoft.ServiceBus/namespaces/sb-nscli000002/queues/sb-queuecli000004/authorizationRules/cliAutho000003?api-version=2022-01-01-preview
  response:
    body:
      string: '{"id":"/subscriptions/00000000-0000-0000-0000-000000000000/resourceGroups/cli_test_sb_queue000001/providers/Microsoft.ServiceBus/namespaces/sb-nscli000002/queues/sb-queuecli000004/authorizationRules/cliAutho000003","name":"cliAutho000003","type":"Microsoft.ServiceBus/namespaces/queues/authorizationrules","properties":{"rights":["Send"]}}'
    headers:
      cache-control:
      - no-cache
      content-length:
      - '339'
      content-type:
      - application/json; charset=utf-8
      date:
      - Tue, 28 Feb 2023 14:01:04 GMT
      expires:
      - '-1'
      pragma:
      - no-cache
      server:
      - Microsoft-HTTPAPI/2.0
      strict-transport-security:
      - max-age=31536000; includeSubDomains
      transfer-encoding:
      - chunked
      vary:
      - Accept-Encoding
      x-content-type-options:
      - nosniff
      x-ms-ratelimit-remaining-subscription-writes:
      - '1199'
    status:
      code: 200
      message: OK
- request:
    body: null
    headers:
      Accept:
      - application/json
      Accept-Encoding:
      - gzip, deflate
      CommandName:
      - servicebus queue authorization-rule keys list
      Connection:
      - keep-alive
      Content-Length:
      - '0'
      ParameterSetName:
      - --resource-group --namespace-name --queue-name --name
      User-Agent:
      - AZURECLI/2.45.0 (AAZ) azsdk-python-core/1.24.0 Python/3.8.0 (Windows-10-10.0.19041-SP0)
    method: POST
    uri: https://management.azure.com/subscriptions/00000000-0000-0000-0000-000000000000/resourceGroups/cli_test_sb_queue000001/providers/Microsoft.ServiceBus/namespaces/sb-nscli000002/queues/sb-queuecli000004/authorizationRules/cliAutho000003/ListKeys?api-version=2022-01-01-preview
  response:
    body:
      string: '{"primaryConnectionString":"Endpoint=sb://sb-nscli000002.servicebus.windows.net/;SharedAccessKeyName=cliAutho000003;SharedAccessKey=X+9GSuyGatpsyqIFQas1T3wx9U93dWYAS+ASbCza8kM=;EntityPath=sb-queuecli000004","secondaryConnectionString":"Endpoint=sb://sb-nscli000002.servicebus.windows.net/;SharedAccessKeyName=cliAutho000003;SharedAccessKey=yGzJJhOXpmUbbQgRZD1e+UaVPBnWfkvdg+ASbIKYXck=;EntityPath=sb-queuecli000004","primaryKey":"X+9GSuyGatpsyqIFQas1T3wx9U93dWYAS+ASbCza8kM=","secondaryKey":"yGzJJhOXpmUbbQgRZD1e+UaVPBnWfkvdg+ASbIKYXck=","keyName":"cliAutho000003"}'
    headers:
      cache-control:
      - no-cache
      content-length:
      - '564'
      content-type:
      - application/json; charset=utf-8
      date:
      - Tue, 28 Feb 2023 14:01:05 GMT
      expires:
      - '-1'
      pragma:
      - no-cache
      server:
      - Microsoft-HTTPAPI/2.0
      strict-transport-security:
      - max-age=31536000; includeSubDomains
      transfer-encoding:
      - chunked
      vary:
      - Accept-Encoding
      x-content-type-options:
      - nosniff
      x-ms-ratelimit-remaining-subscription-writes:
      - '1199'
    status:
      code: 200
      message: OK
- request:
    body: '{"keyType": "PrimaryKey"}'
    headers:
      Accept:
      - application/json
      Accept-Encoding:
      - gzip, deflate
      CommandName:
      - servicebus queue authorization-rule keys renew
      Connection:
      - keep-alive
      Content-Length:
      - '25'
      Content-Type:
      - application/json
      ParameterSetName:
      - --resource-group --namespace-name --queue-name --name --key
      User-Agent:
      - AZURECLI/2.45.0 (AAZ) azsdk-python-core/1.24.0 Python/3.8.0 (Windows-10-10.0.19041-SP0)
    method: POST
    uri: https://management.azure.com/subscriptions/00000000-0000-0000-0000-000000000000/resourceGroups/cli_test_sb_queue000001/providers/Microsoft.ServiceBus/namespaces/sb-nscli000002/queues/sb-queuecli000004/authorizationRules/cliAutho000003/regenerateKeys?api-version=2022-01-01-preview
  response:
    body:
      string: '{"primaryConnectionString":"Endpoint=sb://sb-nscli000002.servicebus.windows.net/;SharedAccessKeyName=cliAutho000003;SharedAccessKey=GwkSVKH1EWy7hAlDg9Z2S+ogIy0kY5UI++ASbNjxfc8=;EntityPath=sb-queuecli000004","secondaryConnectionString":"Endpoint=sb://sb-nscli000002.servicebus.windows.net/;SharedAccessKeyName=cliAutho000003;SharedAccessKey=yGzJJhOXpmUbbQgRZD1e+UaVPBnWfkvdg+ASbIKYXck=;EntityPath=sb-queuecli000004","primaryKey":"GwkSVKH1EWy7hAlDg9Z2S+ogIy0kY5UI++ASbNjxfc8=","secondaryKey":"yGzJJhOXpmUbbQgRZD1e+UaVPBnWfkvdg+ASbIKYXck=","keyName":"cliAutho000003"}'
    headers:
      cache-control:
      - no-cache
      content-length:
      - '564'
      content-type:
      - application/json; charset=utf-8
      date:
      - Tue, 28 Feb 2023 14:01:06 GMT
      expires:
      - '-1'
      pragma:
      - no-cache
      server:
      - Microsoft-HTTPAPI/2.0
      strict-transport-security:
      - max-age=31536000; includeSubDomains
      transfer-encoding:
      - chunked
      vary:
      - Accept-Encoding
      x-content-type-options:
      - nosniff
      x-ms-ratelimit-remaining-subscription-writes:
      - '1199'
    status:
      code: 200
      message: OK
- request:
    body: '{"keyType": "SecondaryKey"}'
    headers:
      Accept:
      - application/json
      Accept-Encoding:
      - gzip, deflate
      CommandName:
      - servicebus queue authorization-rule keys renew
      Connection:
      - keep-alive
      Content-Length:
      - '27'
      Content-Type:
      - application/json
      ParameterSetName:
      - --resource-group --namespace-name --queue-name --name --key
      User-Agent:
      - AZURECLI/2.45.0 (AAZ) azsdk-python-core/1.24.0 Python/3.8.0 (Windows-10-10.0.19041-SP0)
    method: POST
    uri: https://management.azure.com/subscriptions/00000000-0000-0000-0000-000000000000/resourceGroups/cli_test_sb_queue000001/providers/Microsoft.ServiceBus/namespaces/sb-nscli000002/queues/sb-queuecli000004/authorizationRules/cliAutho000003/regenerateKeys?api-version=2022-01-01-preview
  response:
    body:
      string: '{"primaryConnectionString":"Endpoint=sb://sb-nscli000002.servicebus.windows.net/;SharedAccessKeyName=cliAutho000003;SharedAccessKey=GwkSVKH1EWy7hAlDg9Z2S+ogIy0kY5UI++ASbNjxfc8=;EntityPath=sb-queuecli000004","secondaryConnectionString":"Endpoint=sb://sb-nscli000002.servicebus.windows.net/;SharedAccessKeyName=cliAutho000003;SharedAccessKey=6Z5/eQgoNdhIeRj4X2Z2E5qZk41a4Iqwi+ASbPm7CJc=;EntityPath=sb-queuecli000004","primaryKey":"GwkSVKH1EWy7hAlDg9Z2S+ogIy0kY5UI++ASbNjxfc8=","secondaryKey":"6Z5/eQgoNdhIeRj4X2Z2E5qZk41a4Iqwi+ASbPm7CJc=","keyName":"cliAutho000003"}'
    headers:
      cache-control:
      - no-cache
      content-length:
      - '564'
      content-type:
      - application/json; charset=utf-8
      date:
      - Tue, 28 Feb 2023 14:01:07 GMT
      expires:
      - '-1'
      pragma:
      - no-cache
      server:
      - Microsoft-HTTPAPI/2.0
      strict-transport-security:
      - max-age=31536000; includeSubDomains
      transfer-encoding:
      - chunked
      vary:
      - Accept-Encoding
      x-content-type-options:
      - nosniff
      x-ms-ratelimit-remaining-subscription-writes:
      - '1199'
    status:
      code: 200
      message: OK
- request:
    body: null
    headers:
      Accept:
      - '*/*'
      Accept-Encoding:
      - gzip, deflate
      CommandName:
      - servicebus queue authorization-rule delete
      Connection:
      - keep-alive
      Content-Length:
      - '0'
      ParameterSetName:
      - --resource-group --namespace-name --queue-name --name
      User-Agent:
      - AZURECLI/2.45.0 (AAZ) azsdk-python-core/1.24.0 Python/3.8.0 (Windows-10-10.0.19041-SP0)
    method: DELETE
    uri: https://management.azure.com/subscriptions/00000000-0000-0000-0000-000000000000/resourceGroups/cli_test_sb_queue000001/providers/Microsoft.ServiceBus/namespaces/sb-nscli000002/queues/sb-queuecli000004/authorizationRules/cliAutho000003?api-version=2022-01-01-preview
  response:
    body:
      string: ''
    headers:
      cache-control:
      - no-cache
      content-length:
      - '0'
      date:
      - Tue, 28 Feb 2023 14:01:08 GMT
      expires:
      - '-1'
      pragma:
      - no-cache
      server:
      - Microsoft-HTTPAPI/2.0
      strict-transport-security:
      - max-age=31536000; includeSubDomains
      x-content-type-options:
      - nosniff
      x-ms-ratelimit-remaining-subscription-deletes:
      - '14999'
    status:
      code: 200
      message: OK
- request:
    body: null
    headers:
      Accept:
      - application/json
      Accept-Encoding:
      - gzip, deflate
      CommandName:
      - servicebus queue delete
      Connection:
      - keep-alive
      Content-Length:
      - '0'
      ParameterSetName:
      - --resource-group --namespace-name --name
      User-Agent:
      - AZURECLI/2.45.0 azsdk-python-azure-mgmt-servicebus/8.2.0 Python/3.8.0 (Windows-10-10.0.19041-SP0)
    method: DELETE
    uri: https://management.azure.com/subscriptions/00000000-0000-0000-0000-000000000000/resourceGroups/cli_test_sb_queue000001/providers/Microsoft.ServiceBus/namespaces/sb-nscli000002/queues/sb-queuecli000004?api-version=2022-10-01-preview
  response:
    body:
      string: ''
    headers:
      cache-control:
      - no-cache
      content-length:
      - '0'
      date:
      - Tue, 28 Feb 2023 14:01:09 GMT
      expires:
      - '-1'
      pragma:
      - no-cache
      server:
      - Microsoft-HTTPAPI/2.0
      strict-transport-security:
      - max-age=31536000; includeSubDomains
      x-content-type-options:
      - nosniff
      x-ms-ratelimit-remaining-subscription-deletes:
      - '14999'
    status:
      code: 200
      message: OK
- request:
    body: null
    headers:
      Accept:
      - '*/*'
      Accept-Encoding:
      - gzip, deflate
      CommandName:
      - servicebus namespace delete
      Connection:
      - keep-alive
      Content-Length:
      - '0'
      ParameterSetName:
      - --resource-group --name
      User-Agent:
      - AZURECLI/2.45.0 (AAZ) azsdk-python-core/1.24.0 Python/3.8.0 (Windows-10-10.0.19041-SP0)
    method: DELETE
    uri: https://management.azure.com/subscriptions/00000000-0000-0000-0000-000000000000/resourceGroups/cli_test_sb_queue000001/providers/Microsoft.ServiceBus/namespaces/sb-nscli000002?api-version=2022-10-01-preview
  response:
    body:
      string: ''
    headers:
      cache-control:
      - no-cache
      content-length:
      - '0'
      date:
      - Tue, 28 Feb 2023 14:01:11 GMT
      expires:
      - '-1'
      location:
      - https://management.azure.com/subscriptions/00000000-0000-0000-0000-000000000000/resourcegroups/cli_test_sb_queue000001/providers/Microsoft.ServiceBus/locations/westus/operationStatus/sb-nscli000002?api-version=2022-10-01-preview&resourceType=Namespace
      pragma:
      - no-cache
      server:
      - Service-Bus-Resource-Provider/SN1
      - Microsoft-HTTPAPI/2.0
      server-sb:
      - Service-Bus-Resource-Provider/SN1
      strict-transport-security:
      - max-age=31536000; includeSubDomains
      x-content-type-options:
      - nosniff
      x-ms-ratelimit-remaining-subscription-deletes:
      - '14999'
    status:
      code: 202
      message: Accepted
- request:
    body: null
    headers:
      Accept:
      - '*/*'
      Accept-Encoding:
      - gzip, deflate
      CommandName:
      - servicebus namespace delete
      Connection:
      - keep-alive
      ParameterSetName:
      - --resource-group --name
      User-Agent:
      - AZURECLI/2.45.0 (AAZ) azsdk-python-core/1.24.0 Python/3.8.0 (Windows-10-10.0.19041-SP0)
    method: GET
    uri: https://management.azure.com/subscriptions/00000000-0000-0000-0000-000000000000/resourcegroups/cli_test_sb_queue000001/providers/Microsoft.ServiceBus/locations/westus/operationStatus/sb-nscli000002?api-version=2022-10-01-preview&resourceType=Namespace
  response:
    body:
      string: ''
    headers:
      cache-control:
      - no-cache
      date:
      - Tue, 28 Feb 2023 14:01:42 GMT
      expires:
      - '-1'
      pragma:
      - no-cache
      server:
      - Service-Bus-Resource-Provider/SN1
      - Microsoft-HTTPAPI/2.0
      server-sb:
      - Service-Bus-Resource-Provider/SN1
      strict-transport-security:
      - max-age=31536000; includeSubDomains
      x-content-type-options:
      - nosniff
    status:
      code: 204
      message: No Content
version: 1
