interactions:
- request:
    body: null
    headers:
      Accept:
      - application/json
      Accept-Encoding:
      - gzip, deflate
      CommandName:
      - servicebus namespace create
      Connection:
      - keep-alive
      ParameterSetName:
      - --resource-group --name --tags --sku
      User-Agent:
      - AZURECLI/2.45.0 azsdk-python-azure-mgmt-resource/21.1.0b1 Python/3.8.0 (Windows-10-10.0.19041-SP0)
    method: GET
    uri: https://management.azure.com/subscriptions/00000000-0000-0000-0000-000000000000/resourcegroups/cli_test_sb_topic000001?api-version=2021-04-01
  response:
    body:
      string: '{"id":"/subscriptions/00000000-0000-0000-0000-000000000000/resourceGroups/cli_test_sb_topic000001","name":"cli_test_sb_topic000001","type":"Microsoft.Resources/resourceGroups","location":"westus","tags":{"product":"azurecli","cause":"automation","date":"2023-02-20T17:34:32Z"},"properties":{"provisioningState":"Succeeded"}}'
    headers:
      cache-control:
      - no-cache
      content-length:
      - '324'
      content-type:
      - application/json; charset=utf-8
      date:
      - Mon, 20 Feb 2023 17:34:37 GMT
      expires:
      - '-1'
      pragma:
      - no-cache
      strict-transport-security:
      - max-age=31536000; includeSubDomains
      vary:
      - Accept-Encoding
      x-content-type-options:
      - nosniff
    status:
      code: 200
      message: OK
- request:
    body: '{"location": "westus", "tags": {"{tag1: value1,": "", "tag2: value2}":
      ""}, "sku": {"name": "Standard", "tier": "Standard"}, "properties": {"publicNetworkAccess":
      "Enabled"}}'
    headers:
      Accept:
      - application/json
      Accept-Encoding:
      - gzip, deflate
      CommandName:
      - servicebus namespace create
      Connection:
      - keep-alive
      Content-Length:
      - '174'
      Content-Type:
      - application/json
      ParameterSetName:
      - --resource-group --name --tags --sku
      User-Agent:
      - AZURECLI/2.45.0 azsdk-python-azure-mgmt-servicebus/8.1.0 Python/3.8.0 (Windows-10-10.0.19041-SP0)
    method: PUT
    uri: https://management.azure.com/subscriptions/00000000-0000-0000-0000-000000000000/resourceGroups/cli_test_sb_topic000001/providers/Microsoft.ServiceBus/namespaces/sb-nscli000002?api-version=2022-01-01-preview
  response:
    body:
      string: '{"sku":{"name":"Standard","tier":"Standard"},"id":"/subscriptions/00000000-0000-0000-0000-000000000000/resourceGroups/cli_test_sb_topic000001/providers/Microsoft.ServiceBus/namespaces/sb-nscli000002","name":"sb-nscli000002","type":"Microsoft.ServiceBus/Namespaces","location":"West
        US","tags":{"{tag1: value1,":"","tag2: value2}":""},"properties":{"minimumTlsVersion":"1.2","publicNetworkAccess":"Enabled","disableLocalAuth":false,"zoneRedundant":false,"provisioningState":"Created","metricId":"326100e2-f69d-4268-8503-075374f62b6e:sb-nscli000002","createdAt":"2023-02-20T17:34:40.417Z","updatedAt":"2023-02-20T17:34:40.417Z","serviceBusEndpoint":"https://sb-nscli000002.servicebus.windows.net:443/","status":"Activating"}}'
    headers:
      cache-control:
      - no-cache
      content-length:
      - '723'
      content-type:
      - application/json; charset=utf-8
      date:
      - Mon, 20 Feb 2023 17:34:40 GMT
      expires:
      - '-1'
      pragma:
      - no-cache
      server:
      - Service-Bus-Resource-Provider/CH3
      - Microsoft-HTTPAPI/2.0
      server-sb:
      - Service-Bus-Resource-Provider/CH3
      strict-transport-security:
      - max-age=31536000; includeSubDomains
      transfer-encoding:
      - chunked
      vary:
      - Accept-Encoding
      x-content-type-options:
      - nosniff
      x-ms-ratelimit-remaining-subscription-writes:
      - '1198'
    status:
      code: 200
      message: OK
- request:
    body: null
    headers:
      Accept:
      - '*/*'
      Accept-Encoding:
      - gzip, deflate
      CommandName:
      - servicebus namespace create
      Connection:
      - keep-alive
      ParameterSetName:
      - --resource-group --name --tags --sku
      User-Agent:
      - AZURECLI/2.45.0 azsdk-python-azure-mgmt-servicebus/8.1.0 Python/3.8.0 (Windows-10-10.0.19041-SP0)
    method: GET
    uri: https://management.azure.com/subscriptions/00000000-0000-0000-0000-000000000000/resourceGroups/cli_test_sb_topic000001/providers/Microsoft.ServiceBus/namespaces/sb-nscli000002?api-version=2022-01-01-preview
  response:
    body:
      string: '{"sku":{"name":"Standard","tier":"Standard"},"id":"/subscriptions/00000000-0000-0000-0000-000000000000/resourceGroups/cli_test_sb_topic000001/providers/Microsoft.ServiceBus/namespaces/sb-nscli000002","name":"sb-nscli000002","type":"Microsoft.ServiceBus/Namespaces","location":"West
        US","tags":{"{tag1: value1,":"","tag2: value2}":""},"properties":{"minimumTlsVersion":"1.2","publicNetworkAccess":"Enabled","disableLocalAuth":false,"zoneRedundant":false,"provisioningState":"Created","metricId":"326100e2-f69d-4268-8503-075374f62b6e:sb-nscli000002","createdAt":"2023-02-20T17:34:40.417Z","updatedAt":"2023-02-20T17:34:40.417Z","serviceBusEndpoint":"https://sb-nscli000002.servicebus.windows.net:443/","status":"Activating"}}'
    headers:
      cache-control:
      - no-cache
      content-length:
      - '723'
      content-type:
      - application/json; charset=utf-8
      date:
      - Mon, 20 Feb 2023 17:35:12 GMT
      expires:
      - '-1'
      pragma:
      - no-cache
      server:
      - Service-Bus-Resource-Provider/CH3
      - Microsoft-HTTPAPI/2.0
      server-sb:
      - Service-Bus-Resource-Provider/CH3
      strict-transport-security:
      - max-age=31536000; includeSubDomains
      transfer-encoding:
      - chunked
      vary:
      - Accept-Encoding
      x-content-type-options:
      - nosniff
    status:
      code: 200
      message: OK
- request:
    body: null
    headers:
      Accept:
      - '*/*'
      Accept-Encoding:
      - gzip, deflate
      CommandName:
      - servicebus namespace create
      Connection:
      - keep-alive
      ParameterSetName:
      - --resource-group --name --tags --sku
      User-Agent:
      - AZURECLI/2.45.0 azsdk-python-azure-mgmt-servicebus/8.1.0 Python/3.8.0 (Windows-10-10.0.19041-SP0)
    method: GET
    uri: https://management.azure.com/subscriptions/00000000-0000-0000-0000-000000000000/resourceGroups/cli_test_sb_topic000001/providers/Microsoft.ServiceBus/namespaces/sb-nscli000002?api-version=2022-01-01-preview
  response:
    body:
      string: '{"sku":{"name":"Standard","tier":"Standard"},"id":"/subscriptions/00000000-0000-0000-0000-000000000000/resourceGroups/cli_test_sb_topic000001/providers/Microsoft.ServiceBus/namespaces/sb-nscli000002","name":"sb-nscli000002","type":"Microsoft.ServiceBus/Namespaces","location":"West
        US","tags":{"{tag1: value1,":"","tag2: value2}":""},"properties":{"minimumTlsVersion":"1.2","publicNetworkAccess":"Enabled","disableLocalAuth":false,"zoneRedundant":false,"provisioningState":"Succeeded","metricId":"326100e2-f69d-4268-8503-075374f62b6e:sb-nscli000002","createdAt":"2023-02-20T17:34:40.417Z","updatedAt":"2023-02-20T17:35:26.01Z","serviceBusEndpoint":"https://sb-nscli000002.servicebus.windows.net:443/","status":"Active"}}'
    headers:
      cache-control:
      - no-cache
      content-length:
      - '720'
      content-type:
      - application/json; charset=utf-8
      date:
      - Mon, 20 Feb 2023 17:35:42 GMT
      expires:
      - '-1'
      pragma:
      - no-cache
      server:
      - Service-Bus-Resource-Provider/CH3
      - Microsoft-HTTPAPI/2.0
      server-sb:
      - Service-Bus-Resource-Provider/CH3
      strict-transport-security:
      - max-age=31536000; includeSubDomains
      transfer-encoding:
      - chunked
      vary:
      - Accept-Encoding
      x-content-type-options:
      - nosniff
    status:
      code: 200
      message: OK
- request:
    body: null
    headers:
      Accept:
      - application/json
      Accept-Encoding:
      - gzip, deflate
      CommandName:
      - servicebus namespace create
      Connection:
      - keep-alive
      ParameterSetName:
      - --resource-group --name --tags --sku
      User-Agent:
      - AZURECLI/2.45.0 azsdk-python-azure-mgmt-servicebus/8.1.0 Python/3.8.0 (Windows-10-10.0.19041-SP0)
    method: GET
    uri: https://management.azure.com/subscriptions/00000000-0000-0000-0000-000000000000/resourceGroups/cli_test_sb_topic000001/providers/Microsoft.ServiceBus/namespaces/sb-nscli000002?api-version=2022-01-01-preview
  response:
    body:
      string: '{"sku":{"name":"Standard","tier":"Standard"},"id":"/subscriptions/00000000-0000-0000-0000-000000000000/resourceGroups/cli_test_sb_topic000001/providers/Microsoft.ServiceBus/namespaces/sb-nscli000002","name":"sb-nscli000002","type":"Microsoft.ServiceBus/Namespaces","location":"West
        US","tags":{"{tag1: value1,":"","tag2: value2}":""},"properties":{"minimumTlsVersion":"1.2","publicNetworkAccess":"Enabled","disableLocalAuth":false,"zoneRedundant":false,"provisioningState":"Succeeded","metricId":"326100e2-f69d-4268-8503-075374f62b6e:sb-nscli000002","createdAt":"2023-02-20T17:34:40.417Z","updatedAt":"2023-02-20T17:35:26.01Z","serviceBusEndpoint":"https://sb-nscli000002.servicebus.windows.net:443/","status":"Active"}}'
    headers:
      cache-control:
      - no-cache
      content-length:
      - '720'
      content-type:
      - application/json; charset=utf-8
      date:
      - Mon, 20 Feb 2023 17:35:42 GMT
      expires:
      - '-1'
      pragma:
      - no-cache
      server:
      - Service-Bus-Resource-Provider/CH3
      - Microsoft-HTTPAPI/2.0
      server-sb:
      - Service-Bus-Resource-Provider/CH3
      strict-transport-security:
      - max-age=31536000; includeSubDomains
      transfer-encoding:
      - chunked
      vary:
      - Accept-Encoding
      x-content-type-options:
      - nosniff
    status:
      code: 200
      message: OK
- request:
    body: null
    headers:
      Accept:
      - application/json
      Accept-Encoding:
      - gzip, deflate
      CommandName:
      - servicebus namespace show
      Connection:
      - keep-alive
      ParameterSetName:
      - --resource-group --name
      User-Agent:
      - AZURECLI/2.45.0 azsdk-python-azure-mgmt-servicebus/8.1.0 Python/3.8.0 (Windows-10-10.0.19041-SP0)
    method: GET
    uri: https://management.azure.com/subscriptions/00000000-0000-0000-0000-000000000000/resourceGroups/cli_test_sb_topic000001/providers/Microsoft.ServiceBus/namespaces/sb-nscli000002?api-version=2022-01-01-preview
  response:
    body:
      string: '{"sku":{"name":"Standard","tier":"Standard"},"id":"/subscriptions/00000000-0000-0000-0000-000000000000/resourceGroups/cli_test_sb_topic000001/providers/Microsoft.ServiceBus/namespaces/sb-nscli000002","name":"sb-nscli000002","type":"Microsoft.ServiceBus/Namespaces","location":"West
        US","tags":{"{tag1: value1,":"","tag2: value2}":""},"properties":{"minimumTlsVersion":"1.2","publicNetworkAccess":"Enabled","disableLocalAuth":false,"zoneRedundant":false,"provisioningState":"Succeeded","metricId":"326100e2-f69d-4268-8503-075374f62b6e:sb-nscli000002","createdAt":"2023-02-20T17:34:40.417Z","updatedAt":"2023-02-20T17:35:26.01Z","serviceBusEndpoint":"https://sb-nscli000002.servicebus.windows.net:443/","status":"Active"}}'
    headers:
      cache-control:
      - no-cache
      content-length:
      - '720'
      content-type:
      - application/json; charset=utf-8
      date:
      - Mon, 20 Feb 2023 17:35:42 GMT
      expires:
      - '-1'
      pragma:
      - no-cache
      server:
      - Service-Bus-Resource-Provider/SN1
      - Microsoft-HTTPAPI/2.0
      server-sb:
      - Service-Bus-Resource-Provider/SN1
      strict-transport-security:
      - max-age=31536000; includeSubDomains
      transfer-encoding:
      - chunked
      vary:
      - Accept-Encoding
      x-content-type-options:
      - nosniff
    status:
      code: 200
      message: OK
- request:
    body: '{"properties": {"autoDeleteOnIdle": "P1Y2M3DT3H11M2S", "defaultMessageTimeToLive":
      "P1Y", "duplicateDetectionHistoryTimeWindow": "P1DT3M4S", "enableBatchedOperations":
      true, "enablePartitioning": true, "maxSizeInMegabytes": 3072, "requiresDuplicateDetection":
      true, "status": "SendDisabled", "supportOrdering": true}}'
    headers:
      Accept:
      - application/json
      Accept-Encoding:
      - gzip, deflate
      CommandName:
      - servicebus topic create
      Connection:
      - keep-alive
      Content-Length:
      - '317'
      Content-Type:
      - application/json
      ParameterSetName:
      - --resource-group --namespace-name --name --max-size --default-message-time-to-live
        --enable-duplicate-detection --duplicate-detection-history-time-window --enable-batched-operations
        --status --enable-ordering --auto-delete-on-idle --enable-partitioning
      User-Agent:
      - AZURECLI/2.45.0 (AAZ) azsdk-python-core/1.24.0 Python/3.8.0 (Windows-10-10.0.19041-SP0)
    method: PUT
    uri: https://management.azure.com/subscriptions/00000000-0000-0000-0000-000000000000/resourceGroups/cli_test_sb_topic000001/providers/Microsoft.ServiceBus/namespaces/sb-nscli000002/topics/sb-topiccli2000005?api-version=2022-01-01-preview
  response:
    body:
      string: '{"id":"/subscriptions/00000000-0000-0000-0000-000000000000/resourceGroups/cli_test_sb_topic000001/providers/Microsoft.ServiceBus/namespaces/sb-nscli000002/topics/sb-topiccli2000005","name":"sb-topiccli2000005","type":"Microsoft.ServiceBus/namespaces/topics","location":"westus","properties":{"maxMessageSizeInKilobytes":256,"defaultMessageTimeToLive":"P365D","maxSizeInMegabytes":49152,"requiresDuplicateDetection":true,"duplicateDetectionHistoryTimeWindow":"P1DT3M4S","enableBatchedOperations":true,"sizeInBytes":0,"status":"SendDisabled","supportOrdering":true,"autoDeleteOnIdle":"P428DT3H11M2S","enablePartitioning":true,"enableExpress":false,"createdAt":"2023-02-20T17:35:45.12Z","updatedAt":"2023-02-20T17:35:45.2Z","accessedAt":"0001-01-01T00:00:00","subscriptionCount":0,"countDetails":{"activeMessageCount":0,"deadLetterMessageCount":0,"scheduledMessageCount":0,"transferMessageCount":0,"transferDeadLetterMessageCount":0}}}'
    headers:
      cache-control:
      - no-cache
      content-length:
      - '932'
      content-type:
      - application/json; charset=utf-8
      date:
      - Mon, 20 Feb 2023 17:35:45 GMT
      expires:
      - '-1'
      pragma:
      - no-cache
      server:
      - Microsoft-HTTPAPI/2.0
      strict-transport-security:
      - max-age=31536000; includeSubDomains
      transfer-encoding:
      - chunked
      vary:
      - Accept-Encoding
      x-content-type-options:
      - nosniff
      x-ms-ratelimit-remaining-subscription-writes:
      - '1198'
    status:
      code: 200
      message: OK
- request:
    body: '{"properties": {"enableExpress": true, "maxSizeInMegabytes": 2048}}'
    headers:
      Accept:
      - application/json
      Accept-Encoding:
      - gzip, deflate
      CommandName:
      - servicebus topic create
      Connection:
      - keep-alive
      Content-Length:
      - '67'
      Content-Type:
      - application/json
      ParameterSetName:
      - --resource-group --namespace-name --name --max-size --enable-express
      User-Agent:
      - AZURECLI/2.45.0 (AAZ) azsdk-python-core/1.24.0 Python/3.8.0 (Windows-10-10.0.19041-SP0)
    method: PUT
    uri: https://management.azure.com/subscriptions/00000000-0000-0000-0000-000000000000/resourceGroups/cli_test_sb_topic000001/providers/Microsoft.ServiceBus/namespaces/sb-nscli000002/topics/sb-topiccli3000006?api-version=2022-01-01-preview
  response:
    body:
      string: '{"id":"/subscriptions/00000000-0000-0000-0000-000000000000/resourceGroups/cli_test_sb_topic000001/providers/Microsoft.ServiceBus/namespaces/sb-nscli000002/topics/sb-topiccli3000006","name":"sb-topiccli3000006","type":"Microsoft.ServiceBus/namespaces/topics","location":"westus","properties":{"maxMessageSizeInKilobytes":256,"defaultMessageTimeToLive":"P10675199DT2H48M5.4775807S","maxSizeInMegabytes":2048,"requiresDuplicateDetection":false,"duplicateDetectionHistoryTimeWindow":"PT10M","enableBatchedOperations":true,"sizeInBytes":0,"status":"Active","supportOrdering":true,"autoDeleteOnIdle":"P10675199DT2H48M5.4775807S","enablePartitioning":false,"enableExpress":true,"createdAt":"2023-02-20T17:35:47.673Z","updatedAt":"2023-02-20T17:35:47.7Z","accessedAt":"0001-01-01T00:00:00","subscriptionCount":0,"countDetails":{"activeMessageCount":0,"deadLetterMessageCount":0,"scheduledMessageCount":0,"transferMessageCount":0,"transferDeadLetterMessageCount":0}}}'
    headers:
      cache-control:
      - no-cache
      content-length:
      - '958'
      content-type:
      - application/json; charset=utf-8
      date:
      - Mon, 20 Feb 2023 17:35:47 GMT
      expires:
      - '-1'
      pragma:
      - no-cache
      server:
      - Microsoft-HTTPAPI/2.0
      strict-transport-security:
      - max-age=31536000; includeSubDomains
      transfer-encoding:
      - chunked
      vary:
      - Accept-Encoding
      x-content-type-options:
      - nosniff
      x-ms-ratelimit-remaining-subscription-writes:
      - '1198'
    status:
      code: 200
      message: OK
- request:
    body: '{}'
    headers:
      Accept:
      - application/json
      Accept-Encoding:
      - gzip, deflate
      CommandName:
      - servicebus topic create
      Connection:
      - keep-alive
      Content-Length:
      - '2'
      Content-Type:
      - application/json
      ParameterSetName:
      - --resource-group --namespace-name --name
      User-Agent:
      - AZURECLI/2.45.0 (AAZ) azsdk-python-core/1.24.0 Python/3.8.0 (Windows-10-10.0.19041-SP0)
    method: PUT
    uri: https://management.azure.com/subscriptions/00000000-0000-0000-0000-000000000000/resourceGroups/cli_test_sb_topic000001/providers/Microsoft.ServiceBus/namespaces/sb-nscli000002/topics/sb-topiccli000004?api-version=2022-01-01-preview
  response:
    body:
      string: '{"id":"/subscriptions/00000000-0000-0000-0000-000000000000/resourceGroups/cli_test_sb_topic000001/providers/Microsoft.ServiceBus/namespaces/sb-nscli000002/topics/sb-topiccli000004","name":"sb-topiccli000004","type":"Microsoft.ServiceBus/namespaces/topics","location":"westus","properties":{"maxMessageSizeInKilobytes":256,"defaultMessageTimeToLive":"P10675199DT2H48M5.4775807S","maxSizeInMegabytes":1024,"requiresDuplicateDetection":false,"duplicateDetectionHistoryTimeWindow":"PT10M","enableBatchedOperations":true,"sizeInBytes":0,"status":"Active","supportOrdering":true,"autoDeleteOnIdle":"P10675199DT2H48M5.4775807S","enablePartitioning":false,"enableExpress":false,"createdAt":"2023-02-20T17:35:50.077Z","updatedAt":"2023-02-20T17:35:50.137Z","accessedAt":"0001-01-01T00:00:00","subscriptionCount":0,"countDetails":{"activeMessageCount":0,"deadLetterMessageCount":0,"scheduledMessageCount":0,"transferMessageCount":0,"transferDeadLetterMessageCount":0}}}'
    headers:
      cache-control:
      - no-cache
      content-length:
      - '959'
      content-type:
      - application/json; charset=utf-8
      date:
      - Mon, 20 Feb 2023 17:35:49 GMT
      expires:
      - '-1'
      pragma:
      - no-cache
      server:
      - Microsoft-HTTPAPI/2.0
      strict-transport-security:
      - max-age=31536000; includeSubDomains
      transfer-encoding:
      - chunked
      vary:
      - Accept-Encoding
      x-content-type-options:
      - nosniff
      x-ms-ratelimit-remaining-subscription-writes:
      - '1198'
    status:
      code: 200
      message: OK
- request:
    body: null
    headers:
      Accept:
      - application/json
      Accept-Encoding:
      - gzip, deflate
      CommandName:
      - servicebus topic show
      Connection:
      - keep-alive
      ParameterSetName:
      - --resource-group --namespace-name --name
      User-Agent:
      - AZURECLI/2.45.0 (AAZ) azsdk-python-core/1.24.0 Python/3.8.0 (Windows-10-10.0.19041-SP0)
    method: GET
    uri: https://management.azure.com/subscriptions/00000000-0000-0000-0000-000000000000/resourceGroups/cli_test_sb_topic000001/providers/Microsoft.ServiceBus/namespaces/sb-nscli000002/topics/sb-topiccli000004?api-version=2022-01-01-preview
  response:
    body:
      string: '{"id":"/subscriptions/00000000-0000-0000-0000-000000000000/resourceGroups/cli_test_sb_topic000001/providers/Microsoft.ServiceBus/namespaces/sb-nscli000002/topics/sb-topiccli000004","name":"sb-topiccli000004","type":"Microsoft.ServiceBus/namespaces/topics","location":"westus","properties":{"maxMessageSizeInKilobytes":256,"defaultMessageTimeToLive":"P10675199DT2H48M5.4775807S","maxSizeInMegabytes":1024,"requiresDuplicateDetection":false,"duplicateDetectionHistoryTimeWindow":"PT10M","enableBatchedOperations":true,"sizeInBytes":0,"status":"Active","supportOrdering":true,"autoDeleteOnIdle":"P10675199DT2H48M5.4775807S","enablePartitioning":false,"enableExpress":false,"createdAt":"2023-02-20T17:35:50.077Z","updatedAt":"2023-02-20T17:35:50.137Z","accessedAt":"0001-01-01T00:00:00Z","subscriptionCount":0,"countDetails":{"activeMessageCount":0,"deadLetterMessageCount":0,"scheduledMessageCount":0,"transferMessageCount":0,"transferDeadLetterMessageCount":0}}}'
    headers:
      cache-control:
      - no-cache
      content-length:
      - '960'
      content-type:
      - application/json; charset=utf-8
      date:
      - Mon, 20 Feb 2023 17:35:50 GMT
      expires:
      - '-1'
      pragma:
      - no-cache
      server:
      - Microsoft-HTTPAPI/2.0
      strict-transport-security:
      - max-age=31536000; includeSubDomains
      transfer-encoding:
      - chunked
      vary:
      - Accept-Encoding
      x-content-type-options:
      - nosniff
    status:
      code: 200
      message: OK
- request:
    body: null
    headers:
      Accept:
      - application/json
      Accept-Encoding:
      - gzip, deflate
      CommandName:
      - servicebus topic update
      Connection:
      - keep-alive
      ParameterSetName:
      - --resource-group --namespace-name --name --default-message-time-to-live
      User-Agent:
      - AZURECLI/2.45.0 (AAZ) azsdk-python-core/1.24.0 Python/3.8.0 (Windows-10-10.0.19041-SP0)
    method: GET
    uri: https://management.azure.com/subscriptions/00000000-0000-0000-0000-000000000000/resourceGroups/cli_test_sb_topic000001/providers/Microsoft.ServiceBus/namespaces/sb-nscli000002/topics/sb-topiccli000004?api-version=2022-01-01-preview
  response:
    body:
      string: '{"id":"/subscriptions/00000000-0000-0000-0000-000000000000/resourceGroups/cli_test_sb_topic000001/providers/Microsoft.ServiceBus/namespaces/sb-nscli000002/topics/sb-topiccli000004","name":"sb-topiccli000004","type":"Microsoft.ServiceBus/namespaces/topics","location":"westus","properties":{"maxMessageSizeInKilobytes":256,"defaultMessageTimeToLive":"P10675199DT2H48M5.4775807S","maxSizeInMegabytes":1024,"requiresDuplicateDetection":false,"duplicateDetectionHistoryTimeWindow":"PT10M","enableBatchedOperations":true,"sizeInBytes":0,"status":"Active","supportOrdering":true,"autoDeleteOnIdle":"P10675199DT2H48M5.4775807S","enablePartitioning":false,"enableExpress":false,"createdAt":"2023-02-20T17:35:50.077Z","updatedAt":"2023-02-20T17:35:50.137Z","accessedAt":"0001-01-01T00:00:00Z","subscriptionCount":0,"countDetails":{"activeMessageCount":0,"deadLetterMessageCount":0,"scheduledMessageCount":0,"transferMessageCount":0,"transferDeadLetterMessageCount":0}}}'
    headers:
      cache-control:
      - no-cache
      content-length:
      - '960'
      content-type:
      - application/json; charset=utf-8
      date:
      - Mon, 20 Feb 2023 17:35:51 GMT
      expires:
      - '-1'
      pragma:
      - no-cache
      server:
      - Microsoft-HTTPAPI/2.0
      strict-transport-security:
      - max-age=31536000; includeSubDomains
      transfer-encoding:
      - chunked
      vary:
      - Accept-Encoding
      x-content-type-options:
      - nosniff
    status:
      code: 200
      message: OK
- request:
    body: '{"properties": {"autoDeleteOnIdle": "P10675199DT2H48M5.4775807S", "countDetails":
      {}, "defaultMessageTimeToLive": "P7D", "duplicateDetectionHistoryTimeWindow":
      "PT10M", "enableBatchedOperations": true, "enableExpress": false, "enablePartitioning":
      false, "maxMessageSizeInKilobytes": 256, "maxSizeInMegabytes": 1024, "requiresDuplicateDetection":
      false, "status": "Active", "supportOrdering": true}}'
    headers:
      Accept:
      - application/json
      Accept-Encoding:
      - gzip, deflate
      CommandName:
      - servicebus topic update
      Connection:
      - keep-alive
      Content-Length:
      - '399'
      Content-Type:
      - application/json
      ParameterSetName:
      - --resource-group --namespace-name --name --default-message-time-to-live
      User-Agent:
      - AZURECLI/2.45.0 (AAZ) azsdk-python-core/1.24.0 Python/3.8.0 (Windows-10-10.0.19041-SP0)
    method: PUT
    uri: https://management.azure.com/subscriptions/00000000-0000-0000-0000-000000000000/resourceGroups/cli_test_sb_topic000001/providers/Microsoft.ServiceBus/namespaces/sb-nscli000002/topics/sb-topiccli000004?api-version=2022-01-01-preview
  response:
    body:
      string: '{"id":"/subscriptions/00000000-0000-0000-0000-000000000000/resourceGroups/cli_test_sb_topic000001/providers/Microsoft.ServiceBus/namespaces/sb-nscli000002/topics/sb-topiccli000004","name":"sb-topiccli000004","type":"Microsoft.ServiceBus/namespaces/topics","location":"westus","properties":{"maxMessageSizeInKilobytes":256,"defaultMessageTimeToLive":"P7D","maxSizeInMegabytes":1024,"requiresDuplicateDetection":false,"duplicateDetectionHistoryTimeWindow":"PT10M","enableBatchedOperations":true,"sizeInBytes":0,"status":"Active","supportOrdering":true,"autoDeleteOnIdle":"P10675199DT2H48M5.4775807S","enablePartitioning":false,"enableExpress":false,"createdAt":"0001-01-01T00:00:00","updatedAt":"0001-01-01T00:00:00","accessedAt":"0001-01-01T00:00:00","subscriptionCount":0,"countDetails":{"activeMessageCount":0,"deadLetterMessageCount":0,"scheduledMessageCount":0,"transferMessageCount":0,"transferDeadLetterMessageCount":0}}}'
    headers:
      cache-control:
      - no-cache
      content-length:
      - '926'
      content-type:
      - application/json; charset=utf-8
      date:
      - Mon, 20 Feb 2023 17:35:51 GMT
      expires:
      - '-1'
      pragma:
      - no-cache
      server:
      - Microsoft-HTTPAPI/2.0
      strict-transport-security:
      - max-age=31536000; includeSubDomains
      transfer-encoding:
      - chunked
      vary:
      - Accept-Encoding
      x-content-type-options:
      - nosniff
      x-ms-ratelimit-remaining-subscription-writes:
      - '1199'
    status:
      code: 200
      message: OK
- request:
    body: null
    headers:
      Accept:
      - application/json
      Accept-Encoding:
      - gzip, deflate
      CommandName:
      - servicebus topic update
      Connection:
      - keep-alive
      ParameterSetName:
      - --resource-group --namespace-name --name --default-message-time-to-live
      User-Agent:
      - AZURECLI/2.45.0 (AAZ) azsdk-python-core/1.24.0 Python/3.8.0 (Windows-10-10.0.19041-SP0)
    method: GET
    uri: https://management.azure.com/subscriptions/00000000-0000-0000-0000-000000000000/resourceGroups/cli_test_sb_topic000001/providers/Microsoft.ServiceBus/namespaces/sb-nscli000002/topics/sb-topiccli000004?api-version=2022-01-01-preview
  response:
    body:
      string: '{"id":"/subscriptions/00000000-0000-0000-0000-000000000000/resourceGroups/cli_test_sb_topic000001/providers/Microsoft.ServiceBus/namespaces/sb-nscli000002/topics/sb-topiccli000004","name":"sb-topiccli000004","type":"Microsoft.ServiceBus/namespaces/topics","location":"westus","properties":{"maxMessageSizeInKilobytes":256,"defaultMessageTimeToLive":"P7D","maxSizeInMegabytes":1024,"requiresDuplicateDetection":false,"duplicateDetectionHistoryTimeWindow":"PT10M","enableBatchedOperations":true,"sizeInBytes":0,"status":"Active","supportOrdering":true,"autoDeleteOnIdle":"P10675199DT2H48M5.4775807S","enablePartitioning":false,"enableExpress":false,"createdAt":"2023-02-20T17:35:50.077Z","updatedAt":"2023-02-20T17:35:52.393Z","accessedAt":"0001-01-01T00:00:00Z","subscriptionCount":0,"countDetails":{"activeMessageCount":0,"deadLetterMessageCount":0,"scheduledMessageCount":0,"transferMessageCount":0,"transferDeadLetterMessageCount":0}}}'
    headers:
      cache-control:
      - no-cache
      content-length:
      - '937'
      content-type:
      - application/json; charset=utf-8
      date:
      - Mon, 20 Feb 2023 17:35:52 GMT
      expires:
      - '-1'
      pragma:
      - no-cache
      server:
      - Microsoft-HTTPAPI/2.0
      strict-transport-security:
      - max-age=31536000; includeSubDomains
      transfer-encoding:
      - chunked
      vary:
      - Accept-Encoding
      x-content-type-options:
      - nosniff
    status:
      code: 200
      message: OK
- request:
    body: '{"properties": {"autoDeleteOnIdle": "P10675199DT2H48M5.4775807S", "countDetails":
      {}, "defaultMessageTimeToLive": "P2D", "duplicateDetectionHistoryTimeWindow":
      "PT10M", "enableBatchedOperations": true, "enableExpress": false, "enablePartitioning":
      false, "maxMessageSizeInKilobytes": 256, "maxSizeInMegabytes": 1024, "requiresDuplicateDetection":
      false, "status": "Active", "supportOrdering": true}}'
    headers:
      Accept:
      - application/json
      Accept-Encoding:
      - gzip, deflate
      CommandName:
      - servicebus topic update
      Connection:
      - keep-alive
      Content-Length:
      - '399'
      Content-Type:
      - application/json
      ParameterSetName:
      - --resource-group --namespace-name --name --default-message-time-to-live
      User-Agent:
      - AZURECLI/2.45.0 (AAZ) azsdk-python-core/1.24.0 Python/3.8.0 (Windows-10-10.0.19041-SP0)
    method: PUT
    uri: https://management.azure.com/subscriptions/00000000-0000-0000-0000-000000000000/resourceGroups/cli_test_sb_topic000001/providers/Microsoft.ServiceBus/namespaces/sb-nscli000002/topics/sb-topiccli000004?api-version=2022-01-01-preview
  response:
    body:
      string: '{"id":"/subscriptions/00000000-0000-0000-0000-000000000000/resourceGroups/cli_test_sb_topic000001/providers/Microsoft.ServiceBus/namespaces/sb-nscli000002/topics/sb-topiccli000004","name":"sb-topiccli000004","type":"Microsoft.ServiceBus/namespaces/topics","location":"westus","properties":{"maxMessageSizeInKilobytes":256,"defaultMessageTimeToLive":"P2D","maxSizeInMegabytes":1024,"requiresDuplicateDetection":false,"duplicateDetectionHistoryTimeWindow":"PT10M","enableBatchedOperations":true,"sizeInBytes":0,"status":"Active","supportOrdering":true,"autoDeleteOnIdle":"P10675199DT2H48M5.4775807S","enablePartitioning":false,"enableExpress":false,"createdAt":"0001-01-01T00:00:00","updatedAt":"0001-01-01T00:00:00","accessedAt":"0001-01-01T00:00:00","subscriptionCount":0,"countDetails":{"activeMessageCount":0,"deadLetterMessageCount":0,"scheduledMessageCount":0,"transferMessageCount":0,"transferDeadLetterMessageCount":0}}}'
    headers:
      cache-control:
      - no-cache
      content-length:
      - '926'
      content-type:
      - application/json; charset=utf-8
      date:
      - Mon, 20 Feb 2023 17:35:53 GMT
      expires:
      - '-1'
      pragma:
      - no-cache
      server:
      - Microsoft-HTTPAPI/2.0
      strict-transport-security:
      - max-age=31536000; includeSubDomains
      transfer-encoding:
      - chunked
      vary:
      - Accept-Encoding
      x-content-type-options:
      - nosniff
      x-ms-ratelimit-remaining-subscription-writes:
      - '1199'
    status:
      code: 200
      message: OK
- request:
    body: null
    headers:
      Accept:
      - application/json
      Accept-Encoding:
      - gzip, deflate
      CommandName:
      - servicebus topic update
      Connection:
      - keep-alive
      ParameterSetName:
      - --resource-group --namespace-name --name --default-message-time-to-live
      User-Agent:
      - AZURECLI/2.45.0 (AAZ) azsdk-python-core/1.24.0 Python/3.8.0 (Windows-10-10.0.19041-SP0)
    method: GET
    uri: https://management.azure.com/subscriptions/00000000-0000-0000-0000-000000000000/resourceGroups/cli_test_sb_topic000001/providers/Microsoft.ServiceBus/namespaces/sb-nscli000002/topics/sb-topiccli000004?api-version=2022-01-01-preview
  response:
    body:
      string: '{"id":"/subscriptions/00000000-0000-0000-0000-000000000000/resourceGroups/cli_test_sb_topic000001/providers/Microsoft.ServiceBus/namespaces/sb-nscli000002/topics/sb-topiccli000004","name":"sb-topiccli000004","type":"Microsoft.ServiceBus/namespaces/topics","location":"westus","properties":{"maxMessageSizeInKilobytes":256,"defaultMessageTimeToLive":"P2D","maxSizeInMegabytes":1024,"requiresDuplicateDetection":false,"duplicateDetectionHistoryTimeWindow":"PT10M","enableBatchedOperations":true,"sizeInBytes":0,"status":"Active","supportOrdering":true,"autoDeleteOnIdle":"P10675199DT2H48M5.4775807S","enablePartitioning":false,"enableExpress":false,"createdAt":"2023-02-20T17:35:50.077Z","updatedAt":"2023-02-20T17:35:53.37Z","accessedAt":"0001-01-01T00:00:00Z","subscriptionCount":0,"countDetails":{"activeMessageCount":0,"deadLetterMessageCount":0,"scheduledMessageCount":0,"transferMessageCount":0,"transferDeadLetterMessageCount":0}}}'
    headers:
      cache-control:
      - no-cache
      content-length:
      - '936'
      content-type:
      - application/json; charset=utf-8
      date:
      - Mon, 20 Feb 2023 17:35:53 GMT
      expires:
      - '-1'
      pragma:
      - no-cache
      server:
      - Microsoft-HTTPAPI/2.0
      strict-transport-security:
      - max-age=31536000; includeSubDomains
      transfer-encoding:
      - chunked
      vary:
      - Accept-Encoding
      x-content-type-options:
      - nosniff
    status:
      code: 200
      message: OK
- request:
    body: '{"properties": {"autoDeleteOnIdle": "P10675199DT2H48M5.4775807S", "countDetails":
      {}, "defaultMessageTimeToLive": "PT3H4M23S", "duplicateDetectionHistoryTimeWindow":
      "PT10M", "enableBatchedOperations": true, "enableExpress": false, "enablePartitioning":
      false, "maxMessageSizeInKilobytes": 256, "maxSizeInMegabytes": 1024, "requiresDuplicateDetection":
      false, "status": "Active", "supportOrdering": true}}'
    headers:
      Accept:
      - application/json
      Accept-Encoding:
      - gzip, deflate
      CommandName:
      - servicebus topic update
      Connection:
      - keep-alive
      Content-Length:
      - '405'
      Content-Type:
      - application/json
      ParameterSetName:
      - --resource-group --namespace-name --name --default-message-time-to-live
      User-Agent:
      - AZURECLI/2.45.0 (AAZ) azsdk-python-core/1.24.0 Python/3.8.0 (Windows-10-10.0.19041-SP0)
    method: PUT
    uri: https://management.azure.com/subscriptions/00000000-0000-0000-0000-000000000000/resourceGroups/cli_test_sb_topic000001/providers/Microsoft.ServiceBus/namespaces/sb-nscli000002/topics/sb-topiccli000004?api-version=2022-01-01-preview
  response:
    body:
      string: '{"id":"/subscriptions/00000000-0000-0000-0000-000000000000/resourceGroups/cli_test_sb_topic000001/providers/Microsoft.ServiceBus/namespaces/sb-nscli000002/topics/sb-topiccli000004","name":"sb-topiccli000004","type":"Microsoft.ServiceBus/namespaces/topics","location":"westus","properties":{"maxMessageSizeInKilobytes":256,"defaultMessageTimeToLive":"PT3H4M23S","maxSizeInMegabytes":1024,"requiresDuplicateDetection":false,"duplicateDetectionHistoryTimeWindow":"PT10M","enableBatchedOperations":true,"sizeInBytes":0,"status":"Active","supportOrdering":true,"autoDeleteOnIdle":"P10675199DT2H48M5.4775807S","enablePartitioning":false,"enableExpress":false,"createdAt":"0001-01-01T00:00:00","updatedAt":"0001-01-01T00:00:00","accessedAt":"0001-01-01T00:00:00","subscriptionCount":0,"countDetails":{"activeMessageCount":0,"deadLetterMessageCount":0,"scheduledMessageCount":0,"transferMessageCount":0,"transferDeadLetterMessageCount":0}}}'
    headers:
      cache-control:
      - no-cache
      content-length:
      - '932'
      content-type:
      - application/json; charset=utf-8
      date:
      - Mon, 20 Feb 2023 17:35:53 GMT
      expires:
      - '-1'
      pragma:
      - no-cache
      server:
      - Microsoft-HTTPAPI/2.0
      strict-transport-security:
      - max-age=31536000; includeSubDomains
      transfer-encoding:
      - chunked
      vary:
      - Accept-Encoding
      x-content-type-options:
      - nosniff
      x-ms-ratelimit-remaining-subscription-writes:
      - '1198'
    status:
      code: 200
      message: OK
- request:
    body: null
    headers:
      Accept:
      - application/json
      Accept-Encoding:
      - gzip, deflate
      CommandName:
      - servicebus topic update
      Connection:
      - keep-alive
      ParameterSetName:
      - --resource-group --namespace-name --name --default-message-time-to-live
      User-Agent:
      - AZURECLI/2.45.0 (AAZ) azsdk-python-core/1.24.0 Python/3.8.0 (Windows-10-10.0.19041-SP0)
    method: GET
    uri: https://management.azure.com/subscriptions/00000000-0000-0000-0000-000000000000/resourceGroups/cli_test_sb_topic000001/providers/Microsoft.ServiceBus/namespaces/sb-nscli000002/topics/sb-topiccli000004?api-version=2022-01-01-preview
  response:
    body:
      string: '{"id":"/subscriptions/00000000-0000-0000-0000-000000000000/resourceGroups/cli_test_sb_topic000001/providers/Microsoft.ServiceBus/namespaces/sb-nscli000002/topics/sb-topiccli000004","name":"sb-topiccli000004","type":"Microsoft.ServiceBus/namespaces/topics","location":"westus","properties":{"maxMessageSizeInKilobytes":256,"defaultMessageTimeToLive":"PT3H4M23S","maxSizeInMegabytes":1024,"requiresDuplicateDetection":false,"duplicateDetectionHistoryTimeWindow":"PT10M","enableBatchedOperations":true,"sizeInBytes":0,"status":"Active","supportOrdering":true,"autoDeleteOnIdle":"P10675199DT2H48M5.4775807S","enablePartitioning":false,"enableExpress":false,"createdAt":"2023-02-20T17:35:50.077Z","updatedAt":"2023-02-20T17:35:54.377Z","accessedAt":"0001-01-01T00:00:00Z","subscriptionCount":0,"countDetails":{"activeMessageCount":0,"deadLetterMessageCount":0,"scheduledMessageCount":0,"transferMessageCount":0,"transferDeadLetterMessageCount":0}}}'
    headers:
      cache-control:
      - no-cache
      content-length:
      - '943'
      content-type:
      - application/json; charset=utf-8
      date:
      - Mon, 20 Feb 2023 17:35:54 GMT
      expires:
      - '-1'
      pragma:
      - no-cache
      server:
      - Microsoft-HTTPAPI/2.0
      strict-transport-security:
      - max-age=31536000; includeSubDomains
      transfer-encoding:
      - chunked
      vary:
      - Accept-Encoding
      x-content-type-options:
      - nosniff
    status:
      code: 200
      message: OK
- request:
    body: '{"properties": {"autoDeleteOnIdle": "P10675199DT2H48M5.4775807S", "countDetails":
      {}, "defaultMessageTimeToLive": "P1Y3M2D", "duplicateDetectionHistoryTimeWindow":
      "PT10M", "enableBatchedOperations": true, "enableExpress": false, "enablePartitioning":
      false, "maxMessageSizeInKilobytes": 256, "maxSizeInMegabytes": 1024, "requiresDuplicateDetection":
      false, "status": "Active", "supportOrdering": true}}'
    headers:
      Accept:
      - application/json
      Accept-Encoding:
      - gzip, deflate
      CommandName:
      - servicebus topic update
      Connection:
      - keep-alive
      Content-Length:
      - '403'
      Content-Type:
      - application/json
      ParameterSetName:
      - --resource-group --namespace-name --name --default-message-time-to-live
      User-Agent:
      - AZURECLI/2.45.0 (AAZ) azsdk-python-core/1.24.0 Python/3.8.0 (Windows-10-10.0.19041-SP0)
    method: PUT
    uri: https://management.azure.com/subscriptions/00000000-0000-0000-0000-000000000000/resourceGroups/cli_test_sb_topic000001/providers/Microsoft.ServiceBus/namespaces/sb-nscli000002/topics/sb-topiccli000004?api-version=2022-01-01-preview
  response:
    body:
      string: '{"id":"/subscriptions/00000000-0000-0000-0000-000000000000/resourceGroups/cli_test_sb_topic000001/providers/Microsoft.ServiceBus/namespaces/sb-nscli000002/topics/sb-topiccli000004","name":"sb-topiccli000004","type":"Microsoft.ServiceBus/namespaces/topics","location":"westus","properties":{"maxMessageSizeInKilobytes":256,"defaultMessageTimeToLive":"P457D","maxSizeInMegabytes":1024,"requiresDuplicateDetection":false,"duplicateDetectionHistoryTimeWindow":"PT10M","enableBatchedOperations":true,"sizeInBytes":0,"status":"Active","supportOrdering":true,"autoDeleteOnIdle":"P10675199DT2H48M5.4775807S","enablePartitioning":false,"enableExpress":false,"createdAt":"0001-01-01T00:00:00","updatedAt":"0001-01-01T00:00:00","accessedAt":"0001-01-01T00:00:00","subscriptionCount":0,"countDetails":{"activeMessageCount":0,"deadLetterMessageCount":0,"scheduledMessageCount":0,"transferMessageCount":0,"transferDeadLetterMessageCount":0}}}'
    headers:
      cache-control:
      - no-cache
      content-length:
      - '928'
      content-type:
      - application/json; charset=utf-8
      date:
      - Mon, 20 Feb 2023 17:35:54 GMT
      expires:
      - '-1'
      pragma:
      - no-cache
      server:
      - Microsoft-HTTPAPI/2.0
      strict-transport-security:
      - max-age=31536000; includeSubDomains
      transfer-encoding:
      - chunked
      vary:
      - Accept-Encoding
      x-content-type-options:
      - nosniff
      x-ms-ratelimit-remaining-subscription-writes:
      - '1199'
    status:
      code: 200
      message: OK
- request:
    body: null
    headers:
      Accept:
      - application/json
      Accept-Encoding:
      - gzip, deflate
      CommandName:
      - servicebus topic update
      Connection:
      - keep-alive
      ParameterSetName:
      - --resource-group --namespace-name --name --default-message-time-to-live
      User-Agent:
      - AZURECLI/2.45.0 (AAZ) azsdk-python-core/1.24.0 Python/3.8.0 (Windows-10-10.0.19041-SP0)
    method: GET
    uri: https://management.azure.com/subscriptions/00000000-0000-0000-0000-000000000000/resourceGroups/cli_test_sb_topic000001/providers/Microsoft.ServiceBus/namespaces/sb-nscli000002/topics/sb-topiccli000004?api-version=2022-01-01-preview
  response:
    body:
      string: '{"id":"/subscriptions/00000000-0000-0000-0000-000000000000/resourceGroups/cli_test_sb_topic000001/providers/Microsoft.ServiceBus/namespaces/sb-nscli000002/topics/sb-topiccli000004","name":"sb-topiccli000004","type":"Microsoft.ServiceBus/namespaces/topics","location":"westus","properties":{"maxMessageSizeInKilobytes":256,"defaultMessageTimeToLive":"P457D","maxSizeInMegabytes":1024,"requiresDuplicateDetection":false,"duplicateDetectionHistoryTimeWindow":"PT10M","enableBatchedOperations":true,"sizeInBytes":0,"status":"Active","supportOrdering":true,"autoDeleteOnIdle":"P10675199DT2H48M5.4775807S","enablePartitioning":false,"enableExpress":false,"createdAt":"2023-02-20T17:35:50.077Z","updatedAt":"2023-02-20T17:35:55.423Z","accessedAt":"0001-01-01T00:00:00Z","subscriptionCount":0,"countDetails":{"activeMessageCount":0,"deadLetterMessageCount":0,"scheduledMessageCount":0,"transferMessageCount":0,"transferDeadLetterMessageCount":0}}}'
    headers:
      cache-control:
      - no-cache
      content-length:
      - '939'
      content-type:
      - application/json; charset=utf-8
      date:
      - Mon, 20 Feb 2023 17:35:56 GMT
      expires:
      - '-1'
      pragma:
      - no-cache
      server:
      - Microsoft-HTTPAPI/2.0
      strict-transport-security:
      - max-age=31536000; includeSubDomains
      transfer-encoding:
      - chunked
      vary:
      - Accept-Encoding
      x-content-type-options:
      - nosniff
    status:
      code: 200
      message: OK
- request:
    body: '{"properties": {"autoDeleteOnIdle": "P10675199DT2H48M5.4775807S", "countDetails":
      {}, "defaultMessageTimeToLive": "P1Y2M3DT3H11M2S", "duplicateDetectionHistoryTimeWindow":
      "PT10M", "enableBatchedOperations": true, "enableExpress": false, "enablePartitioning":
      false, "maxMessageSizeInKilobytes": 256, "maxSizeInMegabytes": 1024, "requiresDuplicateDetection":
      false, "status": "Active", "supportOrdering": true}}'
    headers:
      Accept:
      - application/json
      Accept-Encoding:
      - gzip, deflate
      CommandName:
      - servicebus topic update
      Connection:
      - keep-alive
      Content-Length:
      - '411'
      Content-Type:
      - application/json
      ParameterSetName:
      - --resource-group --namespace-name --name --default-message-time-to-live
      User-Agent:
      - AZURECLI/2.45.0 (AAZ) azsdk-python-core/1.24.0 Python/3.8.0 (Windows-10-10.0.19041-SP0)
    method: PUT
    uri: https://management.azure.com/subscriptions/00000000-0000-0000-0000-000000000000/resourceGroups/cli_test_sb_topic000001/providers/Microsoft.ServiceBus/namespaces/sb-nscli000002/topics/sb-topiccli000004?api-version=2022-01-01-preview
  response:
    body:
      string: '{"id":"/subscriptions/00000000-0000-0000-0000-000000000000/resourceGroups/cli_test_sb_topic000001/providers/Microsoft.ServiceBus/namespaces/sb-nscli000002/topics/sb-topiccli000004","name":"sb-topiccli000004","type":"Microsoft.ServiceBus/namespaces/topics","location":"westus","properties":{"maxMessageSizeInKilobytes":256,"defaultMessageTimeToLive":"P428DT3H11M2S","maxSizeInMegabytes":1024,"requiresDuplicateDetection":false,"duplicateDetectionHistoryTimeWindow":"PT10M","enableBatchedOperations":true,"sizeInBytes":0,"status":"Active","supportOrdering":true,"autoDeleteOnIdle":"P10675199DT2H48M5.4775807S","enablePartitioning":false,"enableExpress":false,"createdAt":"0001-01-01T00:00:00","updatedAt":"0001-01-01T00:00:00","accessedAt":"0001-01-01T00:00:00","subscriptionCount":0,"countDetails":{"activeMessageCount":0,"deadLetterMessageCount":0,"scheduledMessageCount":0,"transferMessageCount":0,"transferDeadLetterMessageCount":0}}}'
    headers:
      cache-control:
      - no-cache
      content-length:
      - '936'
      content-type:
      - application/json; charset=utf-8
      date:
      - Mon, 20 Feb 2023 17:35:56 GMT
      expires:
      - '-1'
      pragma:
      - no-cache
      server:
      - Microsoft-HTTPAPI/2.0
      strict-transport-security:
      - max-age=31536000; includeSubDomains
      transfer-encoding:
      - chunked
      vary:
      - Accept-Encoding
      x-content-type-options:
      - nosniff
      x-ms-ratelimit-remaining-subscription-writes:
      - '1199'
    status:
      code: 200
      message: OK
- request:
    body: null
    headers:
      Accept:
      - application/json
      Accept-Encoding:
      - gzip, deflate
      CommandName:
      - servicebus topic update
      Connection:
      - keep-alive
      ParameterSetName:
      - --resource-group --namespace-name --name --default-message-time-to-live
      User-Agent:
      - AZURECLI/2.45.0 (AAZ) azsdk-python-core/1.24.0 Python/3.8.0 (Windows-10-10.0.19041-SP0)
    method: GET
    uri: https://management.azure.com/subscriptions/00000000-0000-0000-0000-000000000000/resourceGroups/cli_test_sb_topic000001/providers/Microsoft.ServiceBus/namespaces/sb-nscli000002/topics/sb-topiccli000004?api-version=2022-01-01-preview
  response:
    body:
      string: '{"id":"/subscriptions/00000000-0000-0000-0000-000000000000/resourceGroups/cli_test_sb_topic000001/providers/Microsoft.ServiceBus/namespaces/sb-nscli000002/topics/sb-topiccli000004","name":"sb-topiccli000004","type":"Microsoft.ServiceBus/namespaces/topics","location":"westus","properties":{"maxMessageSizeInKilobytes":256,"defaultMessageTimeToLive":"P428DT3H11M2S","maxSizeInMegabytes":1024,"requiresDuplicateDetection":false,"duplicateDetectionHistoryTimeWindow":"PT10M","enableBatchedOperations":true,"sizeInBytes":0,"status":"Active","supportOrdering":true,"autoDeleteOnIdle":"P10675199DT2H48M5.4775807S","enablePartitioning":false,"enableExpress":false,"createdAt":"2023-02-20T17:35:50.077Z","updatedAt":"2023-02-20T17:35:56.543Z","accessedAt":"0001-01-01T00:00:00Z","subscriptionCount":0,"countDetails":{"activeMessageCount":0,"deadLetterMessageCount":0,"scheduledMessageCount":0,"transferMessageCount":0,"transferDeadLetterMessageCount":0}}}'
    headers:
      cache-control:
      - no-cache
      content-length:
      - '947'
      content-type:
      - application/json; charset=utf-8
      date:
      - Mon, 20 Feb 2023 17:35:57 GMT
      expires:
      - '-1'
      pragma:
      - no-cache
      server:
      - Microsoft-HTTPAPI/2.0
      strict-transport-security:
      - max-age=31536000; includeSubDomains
      transfer-encoding:
      - chunked
      vary:
      - Accept-Encoding
      x-content-type-options:
      - nosniff
    status:
      code: 200
      message: OK
- request:
    body: '{"properties": {"autoDeleteOnIdle": "P10675199DT2H48M5.4775807S", "countDetails":
      {}, "defaultMessageTimeToLive": "P1Y", "duplicateDetectionHistoryTimeWindow":
      "PT10M", "enableBatchedOperations": true, "enableExpress": false, "enablePartitioning":
      false, "maxMessageSizeInKilobytes": 256, "maxSizeInMegabytes": 1024, "requiresDuplicateDetection":
      false, "status": "Active", "supportOrdering": true}}'
    headers:
      Accept:
      - application/json
      Accept-Encoding:
      - gzip, deflate
      CommandName:
      - servicebus topic update
      Connection:
      - keep-alive
      Content-Length:
      - '399'
      Content-Type:
      - application/json
      ParameterSetName:
      - --resource-group --namespace-name --name --default-message-time-to-live
      User-Agent:
      - AZURECLI/2.45.0 (AAZ) azsdk-python-core/1.24.0 Python/3.8.0 (Windows-10-10.0.19041-SP0)
    method: PUT
    uri: https://management.azure.com/subscriptions/00000000-0000-0000-0000-000000000000/resourceGroups/cli_test_sb_topic000001/providers/Microsoft.ServiceBus/namespaces/sb-nscli000002/topics/sb-topiccli000004?api-version=2022-01-01-preview
  response:
    body:
      string: '{"id":"/subscriptions/00000000-0000-0000-0000-000000000000/resourceGroups/cli_test_sb_topic000001/providers/Microsoft.ServiceBus/namespaces/sb-nscli000002/topics/sb-topiccli000004","name":"sb-topiccli000004","type":"Microsoft.ServiceBus/namespaces/topics","location":"westus","properties":{"maxMessageSizeInKilobytes":256,"defaultMessageTimeToLive":"P365D","maxSizeInMegabytes":1024,"requiresDuplicateDetection":false,"duplicateDetectionHistoryTimeWindow":"PT10M","enableBatchedOperations":true,"sizeInBytes":0,"status":"Active","supportOrdering":true,"autoDeleteOnIdle":"P10675199DT2H48M5.4775807S","enablePartitioning":false,"enableExpress":false,"createdAt":"0001-01-01T00:00:00","updatedAt":"0001-01-01T00:00:00","accessedAt":"0001-01-01T00:00:00","subscriptionCount":0,"countDetails":{"activeMessageCount":0,"deadLetterMessageCount":0,"scheduledMessageCount":0,"transferMessageCount":0,"transferDeadLetterMessageCount":0}}}'
    headers:
      cache-control:
      - no-cache
      content-length:
      - '928'
      content-type:
      - application/json; charset=utf-8
      date:
      - Mon, 20 Feb 2023 17:35:57 GMT
      expires:
      - '-1'
      pragma:
      - no-cache
      server:
      - Microsoft-HTTPAPI/2.0
      strict-transport-security:
      - max-age=31536000; includeSubDomains
      transfer-encoding:
      - chunked
      vary:
      - Accept-Encoding
      x-content-type-options:
      - nosniff
      x-ms-ratelimit-remaining-subscription-writes:
      - '1198'
    status:
      code: 200
      message: OK
- request:
    body: null
    headers:
      Accept:
      - application/json
      Accept-Encoding:
      - gzip, deflate
      CommandName:
      - servicebus topic update
      Connection:
      - keep-alive
      ParameterSetName:
      - --resource-group --namespace-name --name --enable-batched-operations
      User-Agent:
      - AZURECLI/2.45.0 (AAZ) azsdk-python-core/1.24.0 Python/3.8.0 (Windows-10-10.0.19041-SP0)
    method: GET
    uri: https://management.azure.com/subscriptions/00000000-0000-0000-0000-000000000000/resourceGroups/cli_test_sb_topic000001/providers/Microsoft.ServiceBus/namespaces/sb-nscli000002/topics/sb-topiccli000004?api-version=2022-01-01-preview
  response:
    body:
      string: '{"id":"/subscriptions/00000000-0000-0000-0000-000000000000/resourceGroups/cli_test_sb_topic000001/providers/Microsoft.ServiceBus/namespaces/sb-nscli000002/topics/sb-topiccli000004","name":"sb-topiccli000004","type":"Microsoft.ServiceBus/namespaces/topics","location":"westus","properties":{"maxMessageSizeInKilobytes":256,"defaultMessageTimeToLive":"P365D","maxSizeInMegabytes":1024,"requiresDuplicateDetection":false,"duplicateDetectionHistoryTimeWindow":"PT10M","enableBatchedOperations":true,"sizeInBytes":0,"status":"Active","supportOrdering":true,"autoDeleteOnIdle":"P10675199DT2H48M5.4775807S","enablePartitioning":false,"enableExpress":false,"createdAt":"2023-02-20T17:35:50.077Z","updatedAt":"2023-02-20T17:35:57.773Z","accessedAt":"0001-01-01T00:00:00Z","subscriptionCount":0,"countDetails":{"activeMessageCount":0,"deadLetterMessageCount":0,"scheduledMessageCount":0,"transferMessageCount":0,"transferDeadLetterMessageCount":0}}}'
    headers:
      cache-control:
      - no-cache
      content-length:
      - '939'
      content-type:
      - application/json; charset=utf-8
      date:
      - Mon, 20 Feb 2023 17:35:57 GMT
      expires:
      - '-1'
      pragma:
      - no-cache
      server:
      - Microsoft-HTTPAPI/2.0
      strict-transport-security:
      - max-age=31536000; includeSubDomains
      transfer-encoding:
      - chunked
      vary:
      - Accept-Encoding
      x-content-type-options:
      - nosniff
    status:
      code: 200
      message: OK
- request:
    body: '{"properties": {"autoDeleteOnIdle": "P10675199DT2H48M5.4775807S", "countDetails":
      {}, "defaultMessageTimeToLive": "P365D", "duplicateDetectionHistoryTimeWindow":
      "PT10M", "enableBatchedOperations": false, "enableExpress": false, "enablePartitioning":
      false, "maxMessageSizeInKilobytes": 256, "maxSizeInMegabytes": 1024, "requiresDuplicateDetection":
      false, "status": "Active", "supportOrdering": true}}'
    headers:
      Accept:
      - application/json
      Accept-Encoding:
      - gzip, deflate
      CommandName:
      - servicebus topic update
      Connection:
      - keep-alive
      Content-Length:
      - '402'
      Content-Type:
      - application/json
      ParameterSetName:
      - --resource-group --namespace-name --name --enable-batched-operations
      User-Agent:
      - AZURECLI/2.45.0 (AAZ) azsdk-python-core/1.24.0 Python/3.8.0 (Windows-10-10.0.19041-SP0)
    method: PUT
    uri: https://management.azure.com/subscriptions/00000000-0000-0000-0000-000000000000/resourceGroups/cli_test_sb_topic000001/providers/Microsoft.ServiceBus/namespaces/sb-nscli000002/topics/sb-topiccli000004?api-version=2022-01-01-preview
  response:
    body:
      string: '{"id":"/subscriptions/00000000-0000-0000-0000-000000000000/resourceGroups/cli_test_sb_topic000001/providers/Microsoft.ServiceBus/namespaces/sb-nscli000002/topics/sb-topiccli000004","name":"sb-topiccli000004","type":"Microsoft.ServiceBus/namespaces/topics","location":"westus","properties":{"maxMessageSizeInKilobytes":256,"defaultMessageTimeToLive":"P365D","maxSizeInMegabytes":1024,"requiresDuplicateDetection":false,"duplicateDetectionHistoryTimeWindow":"PT10M","enableBatchedOperations":false,"sizeInBytes":0,"status":"Active","supportOrdering":true,"autoDeleteOnIdle":"P10675199DT2H48M5.4775807S","enablePartitioning":false,"enableExpress":false,"createdAt":"0001-01-01T00:00:00","updatedAt":"0001-01-01T00:00:00","accessedAt":"0001-01-01T00:00:00","subscriptionCount":0,"countDetails":{"activeMessageCount":0,"deadLetterMessageCount":0,"scheduledMessageCount":0,"transferMessageCount":0,"transferDeadLetterMessageCount":0}}}'
    headers:
      cache-control:
      - no-cache
      content-length:
      - '929'
      content-type:
      - application/json; charset=utf-8
      date:
      - Mon, 20 Feb 2023 17:35:58 GMT
      expires:
      - '-1'
      pragma:
      - no-cache
      server:
      - Microsoft-HTTPAPI/2.0
      strict-transport-security:
      - max-age=31536000; includeSubDomains
      transfer-encoding:
      - chunked
      vary:
      - Accept-Encoding
      x-content-type-options:
      - nosniff
      x-ms-ratelimit-remaining-subscription-writes:
      - '1199'
    status:
      code: 200
      message: OK
- request:
    body: null
    headers:
      Accept:
      - application/json
      Accept-Encoding:
      - gzip, deflate
      CommandName:
      - servicebus topic update
      Connection:
      - keep-alive
      ParameterSetName:
      - --resource-group --namespace-name --name --enable-batched-operations
      User-Agent:
      - AZURECLI/2.45.0 (AAZ) azsdk-python-core/1.24.0 Python/3.8.0 (Windows-10-10.0.19041-SP0)
    method: GET
    uri: https://management.azure.com/subscriptions/00000000-0000-0000-0000-000000000000/resourceGroups/cli_test_sb_topic000001/providers/Microsoft.ServiceBus/namespaces/sb-nscli000002/topics/sb-topiccli000004?api-version=2022-01-01-preview
  response:
    body:
      string: '{"id":"/subscriptions/00000000-0000-0000-0000-000000000000/resourceGroups/cli_test_sb_topic000001/providers/Microsoft.ServiceBus/namespaces/sb-nscli000002/topics/sb-topiccli000004","name":"sb-topiccli000004","type":"Microsoft.ServiceBus/namespaces/topics","location":"westus","properties":{"maxMessageSizeInKilobytes":256,"defaultMessageTimeToLive":"P365D","maxSizeInMegabytes":1024,"requiresDuplicateDetection":false,"duplicateDetectionHistoryTimeWindow":"PT10M","enableBatchedOperations":false,"sizeInBytes":0,"status":"Active","supportOrdering":true,"autoDeleteOnIdle":"P10675199DT2H48M5.4775807S","enablePartitioning":false,"enableExpress":false,"createdAt":"2023-02-20T17:35:50.077Z","updatedAt":"2023-02-20T17:35:58.903Z","accessedAt":"0001-01-01T00:00:00Z","subscriptionCount":0,"countDetails":{"activeMessageCount":0,"deadLetterMessageCount":0,"scheduledMessageCount":0,"transferMessageCount":0,"transferDeadLetterMessageCount":0}}}'
    headers:
      cache-control:
      - no-cache
      content-length:
      - '940'
      content-type:
      - application/json; charset=utf-8
      date:
      - Mon, 20 Feb 2023 17:35:58 GMT
      expires:
      - '-1'
      pragma:
      - no-cache
      server:
      - Microsoft-HTTPAPI/2.0
      strict-transport-security:
      - max-age=31536000; includeSubDomains
      transfer-encoding:
      - chunked
      vary:
      - Accept-Encoding
      x-content-type-options:
      - nosniff
    status:
      code: 200
      message: OK
- request:
    body: '{"properties": {"autoDeleteOnIdle": "P10675199DT2H48M5.4775807S", "countDetails":
      {}, "defaultMessageTimeToLive": "P365D", "duplicateDetectionHistoryTimeWindow":
      "PT10M", "enableBatchedOperations": true, "enableExpress": false, "enablePartitioning":
      false, "maxMessageSizeInKilobytes": 256, "maxSizeInMegabytes": 1024, "requiresDuplicateDetection":
      false, "status": "Active", "supportOrdering": true}}'
    headers:
      Accept:
      - application/json
      Accept-Encoding:
      - gzip, deflate
      CommandName:
      - servicebus topic update
      Connection:
      - keep-alive
      Content-Length:
      - '401'
      Content-Type:
      - application/json
      ParameterSetName:
      - --resource-group --namespace-name --name --enable-batched-operations
      User-Agent:
      - AZURECLI/2.45.0 (AAZ) azsdk-python-core/1.24.0 Python/3.8.0 (Windows-10-10.0.19041-SP0)
    method: PUT
    uri: https://management.azure.com/subscriptions/00000000-0000-0000-0000-000000000000/resourceGroups/cli_test_sb_topic000001/providers/Microsoft.ServiceBus/namespaces/sb-nscli000002/topics/sb-topiccli000004?api-version=2022-01-01-preview
  response:
    body:
      string: '{"id":"/subscriptions/00000000-0000-0000-0000-000000000000/resourceGroups/cli_test_sb_topic000001/providers/Microsoft.ServiceBus/namespaces/sb-nscli000002/topics/sb-topiccli000004","name":"sb-topiccli000004","type":"Microsoft.ServiceBus/namespaces/topics","location":"westus","properties":{"maxMessageSizeInKilobytes":256,"defaultMessageTimeToLive":"P365D","maxSizeInMegabytes":1024,"requiresDuplicateDetection":false,"duplicateDetectionHistoryTimeWindow":"PT10M","enableBatchedOperations":true,"sizeInBytes":0,"status":"Active","supportOrdering":true,"autoDeleteOnIdle":"P10675199DT2H48M5.4775807S","enablePartitioning":false,"enableExpress":false,"createdAt":"0001-01-01T00:00:00","updatedAt":"0001-01-01T00:00:00","accessedAt":"0001-01-01T00:00:00","subscriptionCount":0,"countDetails":{"activeMessageCount":0,"deadLetterMessageCount":0,"scheduledMessageCount":0,"transferMessageCount":0,"transferDeadLetterMessageCount":0}}}'
    headers:
      cache-control:
      - no-cache
      content-length:
      - '928'
      content-type:
      - application/json; charset=utf-8
      date:
      - Mon, 20 Feb 2023 17:35:59 GMT
      expires:
      - '-1'
      pragma:
      - no-cache
      server:
      - Microsoft-HTTPAPI/2.0
      strict-transport-security:
      - max-age=31536000; includeSubDomains
      transfer-encoding:
      - chunked
      vary:
      - Accept-Encoding
      x-content-type-options:
      - nosniff
      x-ms-ratelimit-remaining-subscription-writes:
      - '1199'
    status:
      code: 200
      message: OK
- request:
    body: null
    headers:
      Accept:
      - application/json
      Accept-Encoding:
      - gzip, deflate
      CommandName:
      - servicebus topic update
      Connection:
      - keep-alive
      ParameterSetName:
      - --resource-group --namespace-name --name --enable-ordering
      User-Agent:
      - AZURECLI/2.45.0 (AAZ) azsdk-python-core/1.24.0 Python/3.8.0 (Windows-10-10.0.19041-SP0)
    method: GET
    uri: https://management.azure.com/subscriptions/00000000-0000-0000-0000-000000000000/resourceGroups/cli_test_sb_topic000001/providers/Microsoft.ServiceBus/namespaces/sb-nscli000002/topics/sb-topiccli000004?api-version=2022-01-01-preview
  response:
    body:
      string: '{"id":"/subscriptions/00000000-0000-0000-0000-000000000000/resourceGroups/cli_test_sb_topic000001/providers/Microsoft.ServiceBus/namespaces/sb-nscli000002/topics/sb-topiccli000004","name":"sb-topiccli000004","type":"Microsoft.ServiceBus/namespaces/topics","location":"westus","properties":{"maxMessageSizeInKilobytes":256,"defaultMessageTimeToLive":"P365D","maxSizeInMegabytes":1024,"requiresDuplicateDetection":false,"duplicateDetectionHistoryTimeWindow":"PT10M","enableBatchedOperations":true,"sizeInBytes":0,"status":"Active","supportOrdering":true,"autoDeleteOnIdle":"P10675199DT2H48M5.4775807S","enablePartitioning":false,"enableExpress":false,"createdAt":"2023-02-20T17:35:50.077Z","updatedAt":"2023-02-20T17:35:59.937Z","accessedAt":"0001-01-01T00:00:00Z","subscriptionCount":0,"countDetails":{"activeMessageCount":0,"deadLetterMessageCount":0,"scheduledMessageCount":0,"transferMessageCount":0,"transferDeadLetterMessageCount":0}}}'
    headers:
      cache-control:
      - no-cache
      content-length:
      - '939'
      content-type:
      - application/json; charset=utf-8
      date:
      - Mon, 20 Feb 2023 17:36:00 GMT
      expires:
      - '-1'
      pragma:
      - no-cache
      server:
      - Microsoft-HTTPAPI/2.0
      strict-transport-security:
      - max-age=31536000; includeSubDomains
      transfer-encoding:
      - chunked
      vary:
      - Accept-Encoding
      x-content-type-options:
      - nosniff
    status:
      code: 200
      message: OK
- request:
    body: '{"properties": {"autoDeleteOnIdle": "P10675199DT2H48M5.4775807S", "countDetails":
      {}, "defaultMessageTimeToLive": "P365D", "duplicateDetectionHistoryTimeWindow":
      "PT10M", "enableBatchedOperations": true, "enableExpress": false, "enablePartitioning":
      false, "maxMessageSizeInKilobytes": 256, "maxSizeInMegabytes": 1024, "requiresDuplicateDetection":
      false, "status": "Active", "supportOrdering": true}}'
    headers:
      Accept:
      - application/json
      Accept-Encoding:
      - gzip, deflate
      CommandName:
      - servicebus topic update
      Connection:
      - keep-alive
      Content-Length:
      - '401'
      Content-Type:
      - application/json
      ParameterSetName:
      - --resource-group --namespace-name --name --enable-ordering
      User-Agent:
      - AZURECLI/2.45.0 (AAZ) azsdk-python-core/1.24.0 Python/3.8.0 (Windows-10-10.0.19041-SP0)
    method: PUT
    uri: https://management.azure.com/subscriptions/00000000-0000-0000-0000-000000000000/resourceGroups/cli_test_sb_topic000001/providers/Microsoft.ServiceBus/namespaces/sb-nscli000002/topics/sb-topiccli000004?api-version=2022-01-01-preview
  response:
    body:
      string: '{"id":"/subscriptions/00000000-0000-0000-0000-000000000000/resourceGroups/cli_test_sb_topic000001/providers/Microsoft.ServiceBus/namespaces/sb-nscli000002/topics/sb-topiccli000004","name":"sb-topiccli000004","type":"Microsoft.ServiceBus/namespaces/topics","properties":{"maxMessageSizeInKilobytes":256,"defaultMessageTimeToLive":"P365D","maxSizeInMegabytes":1024,"requiresDuplicateDetection":false,"duplicateDetectionHistoryTimeWindow":"PT10M","enableBatchedOperations":true,"status":"Active","supportOrdering":true,"autoDeleteOnIdle":"P10675199DT2H48M5.4775807S","enablePartitioning":false,"enableExpress":false,"createdAt":"0001-01-01T00:00:00","updatedAt":"0001-01-01T00:00:00","accessedAt":"0001-01-01T00:00:00","subscriptionCount":0,"countDetails":{"activeMessageCount":0,"deadLetterMessageCount":0,"scheduledMessageCount":0,"transferMessageCount":0,"transferDeadLetterMessageCount":0}}}'
    headers:
      cache-control:
      - no-cache
      content-length:
      - '892'
      content-type:
      - application/json; charset=utf-8
      date:
      - Mon, 20 Feb 2023 17:36:00 GMT
      expires:
      - '-1'
      pragma:
      - no-cache
      server:
      - Microsoft-HTTPAPI/2.0
      strict-transport-security:
      - max-age=31536000; includeSubDomains
      transfer-encoding:
      - chunked
      vary:
      - Accept-Encoding
      x-content-type-options:
      - nosniff
      x-ms-ratelimit-remaining-subscription-writes:
      - '1199'
    status:
      code: 200
      message: OK
- request:
    body: null
    headers:
      Accept:
      - application/json
      Accept-Encoding:
      - gzip, deflate
      CommandName:
      - servicebus topic update
      Connection:
      - keep-alive
      ParameterSetName:
      - --resource-group --namespace-name --name --enable-batched-operations --enable-ordering
      User-Agent:
      - AZURECLI/2.45.0 (AAZ) azsdk-python-core/1.24.0 Python/3.8.0 (Windows-10-10.0.19041-SP0)
    method: GET
    uri: https://management.azure.com/subscriptions/00000000-0000-0000-0000-000000000000/resourceGroups/cli_test_sb_topic000001/providers/Microsoft.ServiceBus/namespaces/sb-nscli000002/topics/sb-topiccli000004?api-version=2022-01-01-preview
  response:
    body:
      string: '{"id":"/subscriptions/00000000-0000-0000-0000-000000000000/resourceGroups/cli_test_sb_topic000001/providers/Microsoft.ServiceBus/namespaces/sb-nscli000002/topics/sb-topiccli000004","name":"sb-topiccli000004","type":"Microsoft.ServiceBus/namespaces/topics","location":"westus","properties":{"maxMessageSizeInKilobytes":256,"defaultMessageTimeToLive":"P365D","maxSizeInMegabytes":1024,"requiresDuplicateDetection":false,"duplicateDetectionHistoryTimeWindow":"PT10M","enableBatchedOperations":true,"sizeInBytes":0,"status":"Active","supportOrdering":true,"autoDeleteOnIdle":"P10675199DT2H48M5.4775807S","enablePartitioning":false,"enableExpress":false,"createdAt":"2023-02-20T17:35:50.077Z","updatedAt":"2023-02-20T17:35:59.937Z","accessedAt":"0001-01-01T00:00:00Z","subscriptionCount":0,"countDetails":{"activeMessageCount":0,"deadLetterMessageCount":0,"scheduledMessageCount":0,"transferMessageCount":0,"transferDeadLetterMessageCount":0}}}'
    headers:
      cache-control:
      - no-cache
      content-length:
      - '939'
      content-type:
      - application/json; charset=utf-8
      date:
      - Mon, 20 Feb 2023 17:36:01 GMT
      expires:
      - '-1'
      pragma:
      - no-cache
      server:
      - Microsoft-HTTPAPI/2.0
      strict-transport-security:
      - max-age=31536000; includeSubDomains
      transfer-encoding:
      - chunked
      vary:
      - Accept-Encoding
      x-content-type-options:
      - nosniff
    status:
      code: 200
      message: OK
- request:
    body: '{"properties": {"autoDeleteOnIdle": "P10675199DT2H48M5.4775807S", "countDetails":
      {}, "defaultMessageTimeToLive": "P365D", "duplicateDetectionHistoryTimeWindow":
      "PT10M", "enableBatchedOperations": false, "enableExpress": false, "enablePartitioning":
      false, "maxMessageSizeInKilobytes": 256, "maxSizeInMegabytes": 1024, "requiresDuplicateDetection":
      false, "status": "Active", "supportOrdering": false}}'
    headers:
      Accept:
      - application/json
      Accept-Encoding:
      - gzip, deflate
      CommandName:
      - servicebus topic update
      Connection:
      - keep-alive
      Content-Length:
      - '403'
      Content-Type:
      - application/json
      ParameterSetName:
      - --resource-group --namespace-name --name --enable-batched-operations --enable-ordering
      User-Agent:
      - AZURECLI/2.45.0 (AAZ) azsdk-python-core/1.24.0 Python/3.8.0 (Windows-10-10.0.19041-SP0)
    method: PUT
    uri: https://management.azure.com/subscriptions/00000000-0000-0000-0000-000000000000/resourceGroups/cli_test_sb_topic000001/providers/Microsoft.ServiceBus/namespaces/sb-nscli000002/topics/sb-topiccli000004?api-version=2022-01-01-preview
  response:
    body:
      string: '{"id":"/subscriptions/00000000-0000-0000-0000-000000000000/resourceGroups/cli_test_sb_topic000001/providers/Microsoft.ServiceBus/namespaces/sb-nscli000002/topics/sb-topiccli000004","name":"sb-topiccli000004","type":"Microsoft.ServiceBus/namespaces/topics","location":"westus","properties":{"maxMessageSizeInKilobytes":256,"defaultMessageTimeToLive":"P365D","maxSizeInMegabytes":1024,"requiresDuplicateDetection":false,"duplicateDetectionHistoryTimeWindow":"PT10M","enableBatchedOperations":false,"sizeInBytes":0,"status":"Active","supportOrdering":false,"autoDeleteOnIdle":"P10675199DT2H48M5.4775807S","enablePartitioning":false,"enableExpress":false,"createdAt":"0001-01-01T00:00:00","updatedAt":"0001-01-01T00:00:00","accessedAt":"0001-01-01T00:00:00","subscriptionCount":0,"countDetails":{"activeMessageCount":0,"deadLetterMessageCount":0,"scheduledMessageCount":0,"transferMessageCount":0,"transferDeadLetterMessageCount":0}}}'
    headers:
      cache-control:
      - no-cache
      content-length:
      - '930'
      content-type:
      - application/json; charset=utf-8
      date:
      - Mon, 20 Feb 2023 17:36:01 GMT
      expires:
      - '-1'
      pragma:
      - no-cache
      server:
      - Microsoft-HTTPAPI/2.0
      strict-transport-security:
      - max-age=31536000; includeSubDomains
      transfer-encoding:
      - chunked
      vary:
      - Accept-Encoding
      x-content-type-options:
      - nosniff
      x-ms-ratelimit-remaining-subscription-writes:
      - '1199'
    status:
      code: 200
      message: OK
- request:
    body: null
    headers:
      Accept:
      - application/json
      Accept-Encoding:
      - gzip, deflate
      CommandName:
      - servicebus topic update
      Connection:
      - keep-alive
      ParameterSetName:
      - --resource-group --namespace-name --name --max-size
      User-Agent:
      - AZURECLI/2.45.0 (AAZ) azsdk-python-core/1.24.0 Python/3.8.0 (Windows-10-10.0.19041-SP0)
    method: GET
    uri: https://management.azure.com/subscriptions/00000000-0000-0000-0000-000000000000/resourceGroups/cli_test_sb_topic000001/providers/Microsoft.ServiceBus/namespaces/sb-nscli000002/topics/sb-topiccli000004?api-version=2022-01-01-preview
  response:
    body:
      string: '{"id":"/subscriptions/00000000-0000-0000-0000-000000000000/resourceGroups/cli_test_sb_topic000001/providers/Microsoft.ServiceBus/namespaces/sb-nscli000002/topics/sb-topiccli000004","name":"sb-topiccli000004","type":"Microsoft.ServiceBus/namespaces/topics","location":"westus","properties":{"maxMessageSizeInKilobytes":256,"defaultMessageTimeToLive":"P365D","maxSizeInMegabytes":1024,"requiresDuplicateDetection":false,"duplicateDetectionHistoryTimeWindow":"PT10M","enableBatchedOperations":false,"sizeInBytes":0,"status":"Active","supportOrdering":false,"autoDeleteOnIdle":"P10675199DT2H48M5.4775807S","enablePartitioning":false,"enableExpress":false,"createdAt":"2023-02-20T17:35:50.077Z","updatedAt":"2023-02-20T17:36:02.09Z","accessedAt":"0001-01-01T00:00:00Z","subscriptionCount":0,"countDetails":{"activeMessageCount":0,"deadLetterMessageCount":0,"scheduledMessageCount":0,"transferMessageCount":0,"transferDeadLetterMessageCount":0}}}'
    headers:
      cache-control:
      - no-cache
      content-length:
      - '940'
      content-type:
      - application/json; charset=utf-8
      date:
      - Mon, 20 Feb 2023 17:36:02 GMT
      expires:
      - '-1'
      pragma:
      - no-cache
      server:
      - Microsoft-HTTPAPI/2.0
      strict-transport-security:
      - max-age=31536000; includeSubDomains
      transfer-encoding:
      - chunked
      vary:
      - Accept-Encoding
      x-content-type-options:
      - nosniff
    status:
      code: 200
      message: OK
- request:
    body: '{"properties": {"autoDeleteOnIdle": "P10675199DT2H48M5.4775807S", "countDetails":
      {}, "defaultMessageTimeToLive": "P365D", "duplicateDetectionHistoryTimeWindow":
      "PT10M", "enableBatchedOperations": false, "enableExpress": false, "enablePartitioning":
      false, "maxMessageSizeInKilobytes": 256, "maxSizeInMegabytes": 2048, "requiresDuplicateDetection":
      false, "status": "Active", "supportOrdering": false}}'
    headers:
      Accept:
      - application/json
      Accept-Encoding:
      - gzip, deflate
      CommandName:
      - servicebus topic update
      Connection:
      - keep-alive
      Content-Length:
      - '403'
      Content-Type:
      - application/json
      ParameterSetName:
      - --resource-group --namespace-name --name --max-size
      User-Agent:
      - AZURECLI/2.45.0 (AAZ) azsdk-python-core/1.24.0 Python/3.8.0 (Windows-10-10.0.19041-SP0)
    method: PUT
    uri: https://management.azure.com/subscriptions/00000000-0000-0000-0000-000000000000/resourceGroups/cli_test_sb_topic000001/providers/Microsoft.ServiceBus/namespaces/sb-nscli000002/topics/sb-topiccli000004?api-version=2022-01-01-preview
  response:
    body:
      string: '{"id":"/subscriptions/00000000-0000-0000-0000-000000000000/resourceGroups/cli_test_sb_topic000001/providers/Microsoft.ServiceBus/namespaces/sb-nscli000002/topics/sb-topiccli000004","name":"sb-topiccli000004","type":"Microsoft.ServiceBus/namespaces/topics","location":"westus","properties":{"maxMessageSizeInKilobytes":256,"defaultMessageTimeToLive":"P365D","maxSizeInMegabytes":2048,"requiresDuplicateDetection":false,"duplicateDetectionHistoryTimeWindow":"PT10M","enableBatchedOperations":false,"sizeInBytes":0,"status":"Active","supportOrdering":false,"autoDeleteOnIdle":"P10675199DT2H48M5.4775807S","enablePartitioning":false,"enableExpress":false,"createdAt":"0001-01-01T00:00:00","updatedAt":"0001-01-01T00:00:00","accessedAt":"0001-01-01T00:00:00","subscriptionCount":0,"countDetails":{"activeMessageCount":0,"deadLetterMessageCount":0,"scheduledMessageCount":0,"transferMessageCount":0,"transferDeadLetterMessageCount":0}}}'
    headers:
      cache-control:
      - no-cache
      content-length:
      - '930'
      content-type:
      - application/json; charset=utf-8
      date:
      - Mon, 20 Feb 2023 17:36:02 GMT
      expires:
      - '-1'
      pragma:
      - no-cache
      server:
      - Microsoft-HTTPAPI/2.0
      strict-transport-security:
      - max-age=31536000; includeSubDomains
      transfer-encoding:
      - chunked
      vary:
      - Accept-Encoding
      x-content-type-options:
      - nosniff
      x-ms-ratelimit-remaining-subscription-writes:
      - '1199'
    status:
      code: 200
      message: OK
- request:
    body: null
    headers:
      Accept:
      - application/json
      Accept-Encoding:
      - gzip, deflate
      CommandName:
      - servicebus topic update
      Connection:
      - keep-alive
      ParameterSetName:
      - --resource-group --namespace-name --name --auto-delete-on-idle
      User-Agent:
      - AZURECLI/2.45.0 (AAZ) azsdk-python-core/1.24.0 Python/3.8.0 (Windows-10-10.0.19041-SP0)
    method: GET
    uri: https://management.azure.com/subscriptions/00000000-0000-0000-0000-000000000000/resourceGroups/cli_test_sb_topic000001/providers/Microsoft.ServiceBus/namespaces/sb-nscli000002/topics/sb-topiccli000004?api-version=2022-01-01-preview
  response:
    body:
      string: '{"id":"/subscriptions/00000000-0000-0000-0000-000000000000/resourceGroups/cli_test_sb_topic000001/providers/Microsoft.ServiceBus/namespaces/sb-nscli000002/topics/sb-topiccli000004","name":"sb-topiccli000004","type":"Microsoft.ServiceBus/namespaces/topics","location":"westus","properties":{"maxMessageSizeInKilobytes":256,"defaultMessageTimeToLive":"P365D","maxSizeInMegabytes":2048,"requiresDuplicateDetection":false,"duplicateDetectionHistoryTimeWindow":"PT10M","enableBatchedOperations":false,"sizeInBytes":0,"status":"Active","supportOrdering":false,"autoDeleteOnIdle":"P10675199DT2H48M5.4775807S","enablePartitioning":false,"enableExpress":false,"createdAt":"2023-02-20T17:35:50.077Z","updatedAt":"2023-02-20T17:36:03.043Z","accessedAt":"0001-01-01T00:00:00Z","subscriptionCount":0,"countDetails":{"activeMessageCount":0,"deadLetterMessageCount":0,"scheduledMessageCount":0,"transferMessageCount":0,"transferDeadLetterMessageCount":0}}}'
    headers:
      cache-control:
      - no-cache
      content-length:
      - '941'
      content-type:
      - application/json; charset=utf-8
      date:
      - Mon, 20 Feb 2023 17:36:03 GMT
      expires:
      - '-1'
      pragma:
      - no-cache
      server:
      - Microsoft-HTTPAPI/2.0
      strict-transport-security:
      - max-age=31536000; includeSubDomains
      transfer-encoding:
      - chunked
      vary:
      - Accept-Encoding
      x-content-type-options:
      - nosniff
    status:
      code: 200
      message: OK
- request:
    body: '{"properties": {"autoDeleteOnIdle": "P1Y2M3DT3H11M2S", "countDetails":
      {}, "defaultMessageTimeToLive": "P365D", "duplicateDetectionHistoryTimeWindow":
      "PT10M", "enableBatchedOperations": false, "enableExpress": false, "enablePartitioning":
      false, "maxMessageSizeInKilobytes": 256, "maxSizeInMegabytes": 2048, "requiresDuplicateDetection":
      false, "status": "Active", "supportOrdering": false}}'
    headers:
      Accept:
      - application/json
      Accept-Encoding:
      - gzip, deflate
      CommandName:
      - servicebus topic update
      Connection:
      - keep-alive
      Content-Length:
      - '392'
      Content-Type:
      - application/json
      ParameterSetName:
      - --resource-group --namespace-name --name --auto-delete-on-idle
      User-Agent:
      - AZURECLI/2.45.0 (AAZ) azsdk-python-core/1.24.0 Python/3.8.0 (Windows-10-10.0.19041-SP0)
    method: PUT
    uri: https://management.azure.com/subscriptions/00000000-0000-0000-0000-000000000000/resourceGroups/cli_test_sb_topic000001/providers/Microsoft.ServiceBus/namespaces/sb-nscli000002/topics/sb-topiccli000004?api-version=2022-01-01-preview
  response:
    body:
      string: '{"id":"/subscriptions/00000000-0000-0000-0000-000000000000/resourceGroups/cli_test_sb_topic000001/providers/Microsoft.ServiceBus/namespaces/sb-nscli000002/topics/sb-topiccli000004","name":"sb-topiccli000004","type":"Microsoft.ServiceBus/namespaces/topics","location":"westus","properties":{"maxMessageSizeInKilobytes":256,"defaultMessageTimeToLive":"P365D","maxSizeInMegabytes":2048,"requiresDuplicateDetection":false,"duplicateDetectionHistoryTimeWindow":"PT10M","enableBatchedOperations":false,"sizeInBytes":0,"status":"Active","supportOrdering":false,"autoDeleteOnIdle":"P428DT3H11M2S","enablePartitioning":false,"enableExpress":false,"createdAt":"0001-01-01T00:00:00","updatedAt":"0001-01-01T00:00:00","accessedAt":"0001-01-01T00:00:00","subscriptionCount":0,"countDetails":{"activeMessageCount":0,"deadLetterMessageCount":0,"scheduledMessageCount":0,"transferMessageCount":0,"transferDeadLetterMessageCount":0}}}'
    headers:
      cache-control:
      - no-cache
      content-length:
      - '917'
      content-type:
      - application/json; charset=utf-8
      date:
      - Mon, 20 Feb 2023 17:36:03 GMT
      expires:
      - '-1'
      pragma:
      - no-cache
      server:
      - Microsoft-HTTPAPI/2.0
      strict-transport-security:
      - max-age=31536000; includeSubDomains
      transfer-encoding:
      - chunked
      vary:
      - Accept-Encoding
      x-content-type-options:
      - nosniff
      x-ms-ratelimit-remaining-subscription-writes:
      - '1199'
    status:
      code: 200
      message: OK
- request:
    body: null
    headers:
      Accept:
      - application/json
      Accept-Encoding:
      - gzip, deflate
      CommandName:
      - servicebus topic update
      Connection:
      - keep-alive
      ParameterSetName:
      - --resource-group --namespace-name --name --enable-express
      User-Agent:
      - AZURECLI/2.45.0 (AAZ) azsdk-python-core/1.24.0 Python/3.8.0 (Windows-10-10.0.19041-SP0)
    method: GET
    uri: https://management.azure.com/subscriptions/00000000-0000-0000-0000-000000000000/resourceGroups/cli_test_sb_topic000001/providers/Microsoft.ServiceBus/namespaces/sb-nscli000002/topics/sb-topiccli000004?api-version=2022-01-01-preview
  response:
    body:
      string: '{"id":"/subscriptions/00000000-0000-0000-0000-000000000000/resourceGroups/cli_test_sb_topic000001/providers/Microsoft.ServiceBus/namespaces/sb-nscli000002/topics/sb-topiccli000004","name":"sb-topiccli000004","type":"Microsoft.ServiceBus/namespaces/topics","location":"westus","properties":{"maxMessageSizeInKilobytes":256,"defaultMessageTimeToLive":"P365D","maxSizeInMegabytes":2048,"requiresDuplicateDetection":false,"duplicateDetectionHistoryTimeWindow":"PT10M","enableBatchedOperations":false,"sizeInBytes":0,"status":"Active","supportOrdering":false,"autoDeleteOnIdle":"P428DT3H11M2S","enablePartitioning":false,"enableExpress":false,"createdAt":"2023-02-20T17:35:50.077Z","updatedAt":"2023-02-20T17:36:04.143Z","accessedAt":"0001-01-01T00:00:00Z","subscriptionCount":0,"countDetails":{"activeMessageCount":0,"deadLetterMessageCount":0,"scheduledMessageCount":0,"transferMessageCount":0,"transferDeadLetterMessageCount":0}}}'
    headers:
      cache-control:
      - no-cache
      content-length:
      - '928'
      content-type:
      - application/json; charset=utf-8
      date:
      - Mon, 20 Feb 2023 17:36:04 GMT
      expires:
      - '-1'
      pragma:
      - no-cache
      server:
      - Microsoft-HTTPAPI/2.0
      strict-transport-security:
      - max-age=31536000; includeSubDomains
      transfer-encoding:
      - chunked
      vary:
      - Accept-Encoding
      x-content-type-options:
      - nosniff
    status:
      code: 200
      message: OK
- request:
    body: '{"properties": {"autoDeleteOnIdle": "P428DT3H11M2S", "countDetails": {},
      "defaultMessageTimeToLive": "P365D", "duplicateDetectionHistoryTimeWindow":
      "PT10M", "enableBatchedOperations": false, "enableExpress": true, "enablePartitioning":
      false, "maxMessageSizeInKilobytes": 256, "maxSizeInMegabytes": 2048, "requiresDuplicateDetection":
      false, "status": "Active", "supportOrdering": false}}'
    headers:
      Accept:
      - application/json
      Accept-Encoding:
      - gzip, deflate
      CommandName:
      - servicebus topic update
      Connection:
      - keep-alive
      Content-Length:
      - '389'
      Content-Type:
      - application/json
      ParameterSetName:
      - --resource-group --namespace-name --name --enable-express
      User-Agent:
      - AZURECLI/2.45.0 (AAZ) azsdk-python-core/1.24.0 Python/3.8.0 (Windows-10-10.0.19041-SP0)
    method: PUT
    uri: https://management.azure.com/subscriptions/00000000-0000-0000-0000-000000000000/resourceGroups/cli_test_sb_topic000001/providers/Microsoft.ServiceBus/namespaces/sb-nscli000002/topics/sb-topiccli000004?api-version=2022-01-01-preview
  response:
    body:
      string: '{"id":"/subscriptions/00000000-0000-0000-0000-000000000000/resourceGroups/cli_test_sb_topic000001/providers/Microsoft.ServiceBus/namespaces/sb-nscli000002/topics/sb-topiccli000004","name":"sb-topiccli000004","type":"Microsoft.ServiceBus/namespaces/topics","location":"westus","properties":{"maxMessageSizeInKilobytes":256,"defaultMessageTimeToLive":"P365D","maxSizeInMegabytes":2048,"requiresDuplicateDetection":false,"duplicateDetectionHistoryTimeWindow":"PT10M","enableBatchedOperations":false,"sizeInBytes":0,"status":"Active","supportOrdering":false,"autoDeleteOnIdle":"P428DT3H11M2S","enablePartitioning":false,"enableExpress":true,"createdAt":"0001-01-01T00:00:00","updatedAt":"0001-01-01T00:00:00","accessedAt":"0001-01-01T00:00:00","subscriptionCount":0,"countDetails":{"activeMessageCount":0,"deadLetterMessageCount":0,"scheduledMessageCount":0,"transferMessageCount":0,"transferDeadLetterMessageCount":0}}}'
    headers:
      cache-control:
      - no-cache
      content-length:
      - '916'
      content-type:
      - application/json; charset=utf-8
      date:
      - Mon, 20 Feb 2023 17:36:04 GMT
      expires:
      - '-1'
      pragma:
      - no-cache
      server:
      - Microsoft-HTTPAPI/2.0
      strict-transport-security:
      - max-age=31536000; includeSubDomains
      transfer-encoding:
      - chunked
      vary:
      - Accept-Encoding
      x-content-type-options:
      - nosniff
      x-ms-ratelimit-remaining-subscription-writes:
      - '1199'
    status:
      code: 200
      message: OK
- request:
    body: null
    headers:
      Accept:
      - application/json
      Accept-Encoding:
      - gzip, deflate
      CommandName:
      - servicebus topic update
      Connection:
      - keep-alive
      ParameterSetName:
      - --resource-group --namespace-name --name --status
      User-Agent:
      - AZURECLI/2.45.0 (AAZ) azsdk-python-core/1.24.0 Python/3.8.0 (Windows-10-10.0.19041-SP0)
    method: GET
    uri: https://management.azure.com/subscriptions/00000000-0000-0000-0000-000000000000/resourceGroups/cli_test_sb_topic000001/providers/Microsoft.ServiceBus/namespaces/sb-nscli000002/topics/sb-topiccli000004?api-version=2022-01-01-preview
  response:
    body:
      string: '{"id":"/subscriptions/00000000-0000-0000-0000-000000000000/resourceGroups/cli_test_sb_topic000001/providers/Microsoft.ServiceBus/namespaces/sb-nscli000002/topics/sb-topiccli000004","name":"sb-topiccli000004","type":"Microsoft.ServiceBus/namespaces/topics","location":"westus","properties":{"maxMessageSizeInKilobytes":256,"defaultMessageTimeToLive":"P365D","maxSizeInMegabytes":2048,"requiresDuplicateDetection":false,"duplicateDetectionHistoryTimeWindow":"PT10M","enableBatchedOperations":false,"sizeInBytes":0,"status":"Active","supportOrdering":false,"autoDeleteOnIdle":"P428DT3H11M2S","enablePartitioning":false,"enableExpress":true,"createdAt":"2023-02-20T17:35:50.077Z","updatedAt":"2023-02-20T17:36:05.047Z","accessedAt":"0001-01-01T00:00:00Z","subscriptionCount":0,"countDetails":{"activeMessageCount":0,"deadLetterMessageCount":0,"scheduledMessageCount":0,"transferMessageCount":0,"transferDeadLetterMessageCount":0}}}'
    headers:
      cache-control:
      - no-cache
      content-length:
      - '927'
      content-type:
      - application/json; charset=utf-8
      date:
      - Mon, 20 Feb 2023 17:36:05 GMT
      expires:
      - '-1'
      pragma:
      - no-cache
      server:
      - Microsoft-HTTPAPI/2.0
      strict-transport-security:
      - max-age=31536000; includeSubDomains
      transfer-encoding:
      - chunked
      vary:
      - Accept-Encoding
      x-content-type-options:
      - nosniff
    status:
      code: 200
      message: OK
- request:
    body: '{"properties": {"autoDeleteOnIdle": "P428DT3H11M2S", "countDetails": {},
      "defaultMessageTimeToLive": "P365D", "duplicateDetectionHistoryTimeWindow":
      "PT10M", "enableBatchedOperations": false, "enableExpress": true, "enablePartitioning":
      false, "maxMessageSizeInKilobytes": 256, "maxSizeInMegabytes": 2048, "requiresDuplicateDetection":
      false, "status": "SendDisabled", "supportOrdering": false}}'
    headers:
      Accept:
      - application/json
      Accept-Encoding:
      - gzip, deflate
      CommandName:
      - servicebus topic update
      Connection:
      - keep-alive
      Content-Length:
      - '395'
      Content-Type:
      - application/json
      ParameterSetName:
      - --resource-group --namespace-name --name --status
      User-Agent:
      - AZURECLI/2.45.0 (AAZ) azsdk-python-core/1.24.0 Python/3.8.0 (Windows-10-10.0.19041-SP0)
    method: PUT
    uri: https://management.azure.com/subscriptions/00000000-0000-0000-0000-000000000000/resourceGroups/cli_test_sb_topic000001/providers/Microsoft.ServiceBus/namespaces/sb-nscli000002/topics/sb-topiccli000004?api-version=2022-01-01-preview
  response:
    body:
      string: '{"id":"/subscriptions/00000000-0000-0000-0000-000000000000/resourceGroups/cli_test_sb_topic000001/providers/Microsoft.ServiceBus/namespaces/sb-nscli000002/topics/sb-topiccli000004","name":"sb-topiccli000004","type":"Microsoft.ServiceBus/namespaces/topics","location":"westus","properties":{"maxMessageSizeInKilobytes":256,"defaultMessageTimeToLive":"P365D","maxSizeInMegabytes":2048,"requiresDuplicateDetection":false,"duplicateDetectionHistoryTimeWindow":"PT10M","enableBatchedOperations":false,"sizeInBytes":0,"status":"SendDisabled","supportOrdering":false,"autoDeleteOnIdle":"P428DT3H11M2S","enablePartitioning":false,"enableExpress":true,"createdAt":"0001-01-01T00:00:00","updatedAt":"0001-01-01T00:00:00","accessedAt":"0001-01-01T00:00:00","subscriptionCount":0,"countDetails":{"activeMessageCount":0,"deadLetterMessageCount":0,"scheduledMessageCount":0,"transferMessageCount":0,"transferDeadLetterMessageCount":0}}}'
    headers:
      cache-control:
      - no-cache
      content-length:
      - '922'
      content-type:
      - application/json; charset=utf-8
      date:
      - Mon, 20 Feb 2023 17:36:05 GMT
      expires:
      - '-1'
      pragma:
      - no-cache
      server:
      - Microsoft-HTTPAPI/2.0
      strict-transport-security:
      - max-age=31536000; includeSubDomains
      transfer-encoding:
      - chunked
      vary:
      - Accept-Encoding
      x-content-type-options:
      - nosniff
      x-ms-ratelimit-remaining-subscription-writes:
      - '1199'
    status:
      code: 200
      message: OK
- request:
    body: null
    headers:
      Accept:
      - application/json
      Accept-Encoding:
      - gzip, deflate
      CommandName:
      - servicebus topic update
      Connection:
      - keep-alive
      ParameterSetName:
      - --resource-group --namespace-name --name --duplicate-detection-history-time-window
      User-Agent:
      - AZURECLI/2.45.0 (AAZ) azsdk-python-core/1.24.0 Python/3.8.0 (Windows-10-10.0.19041-SP0)
    method: GET
    uri: https://management.azure.com/subscriptions/00000000-0000-0000-0000-000000000000/resourceGroups/cli_test_sb_topic000001/providers/Microsoft.ServiceBus/namespaces/sb-nscli000002/topics/sb-topiccli000004?api-version=2022-01-01-preview
  response:
    body:
      string: '{"id":"/subscriptions/00000000-0000-0000-0000-000000000000/resourceGroups/cli_test_sb_topic000001/providers/Microsoft.ServiceBus/namespaces/sb-nscli000002/topics/sb-topiccli000004","name":"sb-topiccli000004","type":"Microsoft.ServiceBus/namespaces/topics","location":"westus","properties":{"maxMessageSizeInKilobytes":256,"defaultMessageTimeToLive":"P365D","maxSizeInMegabytes":2048,"requiresDuplicateDetection":false,"duplicateDetectionHistoryTimeWindow":"PT10M","enableBatchedOperations":false,"sizeInBytes":0,"status":"SendDisabled","supportOrdering":false,"autoDeleteOnIdle":"P428DT3H11M2S","enablePartitioning":false,"enableExpress":true,"createdAt":"2023-02-20T17:35:50.077Z","updatedAt":"2023-02-20T17:36:06.14Z","accessedAt":"0001-01-01T00:00:00Z","subscriptionCount":0,"countDetails":{"activeMessageCount":0,"deadLetterMessageCount":0,"scheduledMessageCount":0,"transferMessageCount":0,"transferDeadLetterMessageCount":0}}}'
    headers:
      cache-control:
      - no-cache
      content-length:
      - '932'
      content-type:
      - application/json; charset=utf-8
      date:
      - Mon, 20 Feb 2023 17:36:06 GMT
      expires:
      - '-1'
      pragma:
      - no-cache
      server:
      - Microsoft-HTTPAPI/2.0
      strict-transport-security:
      - max-age=31536000; includeSubDomains
      transfer-encoding:
      - chunked
      vary:
      - Accept-Encoding
      x-content-type-options:
      - nosniff
    status:
      code: 200
      message: OK
- request:
    body: '{"properties": {"autoDeleteOnIdle": "P428DT3H11M2S", "countDetails": {},
      "defaultMessageTimeToLive": "P365D", "duplicateDetectionHistoryTimeWindow":
      "PT3M", "enableBatchedOperations": false, "enableExpress": true, "enablePartitioning":
      false, "maxMessageSizeInKilobytes": 256, "maxSizeInMegabytes": 2048, "requiresDuplicateDetection":
      false, "status": "SendDisabled", "supportOrdering": false}}'
    headers:
      Accept:
      - application/json
      Accept-Encoding:
      - gzip, deflate
      CommandName:
      - servicebus topic update
      Connection:
      - keep-alive
      Content-Length:
      - '394'
      Content-Type:
      - application/json
      ParameterSetName:
      - --resource-group --namespace-name --name --duplicate-detection-history-time-window
      User-Agent:
      - AZURECLI/2.45.0 (AAZ) azsdk-python-core/1.24.0 Python/3.8.0 (Windows-10-10.0.19041-SP0)
    method: PUT
    uri: https://management.azure.com/subscriptions/00000000-0000-0000-0000-000000000000/resourceGroups/cli_test_sb_topic000001/providers/Microsoft.ServiceBus/namespaces/sb-nscli000002/topics/sb-topiccli000004?api-version=2022-01-01-preview
  response:
    body:
      string: '{"id":"/subscriptions/00000000-0000-0000-0000-000000000000/resourceGroups/cli_test_sb_topic000001/providers/Microsoft.ServiceBus/namespaces/sb-nscli000002/topics/sb-topiccli000004","name":"sb-topiccli000004","type":"Microsoft.ServiceBus/namespaces/topics","location":"westus","properties":{"maxMessageSizeInKilobytes":256,"defaultMessageTimeToLive":"P365D","maxSizeInMegabytes":2048,"requiresDuplicateDetection":false,"duplicateDetectionHistoryTimeWindow":"PT3M","enableBatchedOperations":false,"sizeInBytes":0,"status":"SendDisabled","supportOrdering":false,"autoDeleteOnIdle":"P428DT3H11M2S","enablePartitioning":false,"enableExpress":true,"createdAt":"0001-01-01T00:00:00","updatedAt":"0001-01-01T00:00:00","accessedAt":"0001-01-01T00:00:00","subscriptionCount":0,"countDetails":{"activeMessageCount":0,"deadLetterMessageCount":0,"scheduledMessageCount":0,"transferMessageCount":0,"transferDeadLetterMessageCount":0}}}'
    headers:
      cache-control:
      - no-cache
      content-length:
      - '921'
      content-type:
      - application/json; charset=utf-8
      date:
      - Mon, 20 Feb 2023 17:36:06 GMT
      expires:
      - '-1'
      pragma:
      - no-cache
      server:
      - Microsoft-HTTPAPI/2.0
      strict-transport-security:
      - max-age=31536000; includeSubDomains
      transfer-encoding:
      - chunked
      vary:
      - Accept-Encoding
      x-content-type-options:
      - nosniff
      x-ms-ratelimit-remaining-subscription-writes:
      - '1199'
    status:
      code: 200
      message: OK
- request:
    body: null
    headers:
      Accept:
      - application/json
      Accept-Encoding:
      - gzip, deflate
      CommandName:
      - servicebus topic list
      Connection:
      - keep-alive
      ParameterSetName:
      - --resource-group --namespace-name
      User-Agent:
      - AZURECLI/2.45.0 (AAZ) azsdk-python-core/1.24.0 Python/3.8.0 (Windows-10-10.0.19041-SP0)
    method: GET
    uri: https://management.azure.com/subscriptions/00000000-0000-0000-0000-000000000000/resourceGroups/cli_test_sb_topic000001/providers/Microsoft.ServiceBus/namespaces/sb-nscli000002/topics?api-version=2022-01-01-preview
  response:
    body:
      string: '{"value":[{"id":"/subscriptions/00000000-0000-0000-0000-000000000000/resourceGroups/cli_test_sb_topic000001/providers/Microsoft.ServiceBus/namespaces/sb-nscli000002/topics/sb-topiccli2000005","name":"sb-topiccli2000005","type":"Microsoft.ServiceBus/namespaces/topics","location":"westus","properties":{"maxMessageSizeInKilobytes":256,"defaultMessageTimeToLive":"P365D","maxSizeInMegabytes":49152,"requiresDuplicateDetection":true,"duplicateDetectionHistoryTimeWindow":"P1DT3M4S","enableBatchedOperations":true,"sizeInBytes":0,"status":"SendDisabled","supportOrdering":true,"autoDeleteOnIdle":"P428DT3H11M2S","enablePartitioning":true,"enableExpress":false,"createdAt":"2023-02-20T17:35:45.12Z","updatedAt":"2023-02-20T17:35:45.2Z","accessedAt":"0001-01-01T00:00:00Z","subscriptionCount":0,"countDetails":{"activeMessageCount":0,"deadLetterMessageCount":0,"scheduledMessageCount":0,"transferMessageCount":0,"transferDeadLetterMessageCount":0}}},{"id":"/subscriptions/00000000-0000-0000-0000-000000000000/resourceGroups/cli_test_sb_topic000001/providers/Microsoft.ServiceBus/namespaces/sb-nscli000002/topics/sb-topiccli3000006","name":"sb-topiccli3000006","type":"Microsoft.ServiceBus/namespaces/topics","location":"westus","properties":{"maxMessageSizeInKilobytes":256,"defaultMessageTimeToLive":"P10675199DT2H48M5.4775807S","maxSizeInMegabytes":2048,"requiresDuplicateDetection":false,"duplicateDetectionHistoryTimeWindow":"PT10M","enableBatchedOperations":true,"sizeInBytes":0,"status":"Active","supportOrdering":true,"autoDeleteOnIdle":"P10675199DT2H48M5.4775807S","enablePartitioning":false,"enableExpress":true,"createdAt":"2023-02-20T17:35:47.673Z","updatedAt":"2023-02-20T17:35:47.7Z","accessedAt":"0001-01-01T00:00:00Z","subscriptionCount":0,"countDetails":{"activeMessageCount":0,"deadLetterMessageCount":0,"scheduledMessageCount":0,"transferMessageCount":0,"transferDeadLetterMessageCount":0}}},{"id":"/subscriptions/00000000-0000-0000-0000-000000000000/resourceGroups/cli_test_sb_topic000001/providers/Microsoft.ServiceBus/namespaces/sb-nscli000002/topics/sb-topiccli000004","name":"sb-topiccli000004","type":"Microsoft.ServiceBus/namespaces/topics","location":"westus","properties":{"maxMessageSizeInKilobytes":256,"defaultMessageTimeToLive":"P365D","maxSizeInMegabytes":2048,"requiresDuplicateDetection":false,"duplicateDetectionHistoryTimeWindow":"PT3M","enableBatchedOperations":false,"sizeInBytes":0,"status":"SendDisabled","supportOrdering":false,"autoDeleteOnIdle":"P428DT3H11M2S","enablePartitioning":false,"enableExpress":true,"createdAt":"2023-02-20T17:35:50.077Z","updatedAt":"2023-02-20T17:36:07.123Z","accessedAt":"0001-01-01T00:00:00Z","subscriptionCount":0,"countDetails":{"activeMessageCount":0,"deadLetterMessageCount":0,"scheduledMessageCount":0,"transferMessageCount":0,"transferDeadLetterMessageCount":0}}}]}'
    headers:
      cache-control:
      - no-cache
      content-length:
      - '2838'
      content-type:
      - application/json; charset=utf-8
      date:
      - Mon, 20 Feb 2023 17:36:07 GMT
      expires:
      - '-1'
      pragma:
      - no-cache
      server:
      - Microsoft-HTTPAPI/2.0
      strict-transport-security:
      - max-age=31536000; includeSubDomains
      transfer-encoding:
      - chunked
      vary:
      - Accept-Encoding
      x-content-type-options:
      - nosniff
      x-ms-inline-count:
      - ''
    status:
      code: 200
      message: OK
version: 1
