interactions:
- request:
    body: '{"location": "eastus2", "tags": {"{tag1": "value1}"}, "sku": {"name": "Premium",
      "tier": "Premium"}, "properties": {"minimumTlsVersion": "1.1", "zoneRedundant":
      true, "publicNetworkAccess": "Enabled"}}'
    headers:
      Accept:
      - application/json
      Accept-Encoding:
      - gzip, deflate
      CommandName:
      - servicebus namespace create
      Connection:
      - keep-alive
      Content-Length:
      - '201'
      Content-Type:
      - application/json
      ParameterSetName:
      - --resource-group --name --location --tags --sku --zone-redundant --minimum-tls-version
      User-Agent:
      - AZURECLI/2.43.0 azsdk-python-azure-mgmt-servicebus/8.1.0 Python/3.8.0 (Windows-10-10.0.19041-SP0)
    method: PUT
    uri: https://management.azure.com/subscriptions/00000000-0000-0000-0000-000000000000/resourceGroups/cli_test_sb_namespace000001/providers/Microsoft.ServiceBus/namespaces/sb-nscli000003?api-version=2022-01-01-preview
  response:
    body:
      string: '{"sku":{"name":"Premium","tier":"Premium","capacity":1},"id":"/subscriptions/00000000-0000-0000-0000-000000000000/resourceGroups/cli_test_sb_namespace000001/providers/Microsoft.ServiceBus/namespaces/sb-nscli000003","name":"sb-nscli000003","type":"Microsoft.ServiceBus/Namespaces","location":"East
        US 2","tags":{"{tag1":"value1}"},"properties":{"minimumTlsVersion":"1.1","publicNetworkAccess":"Enabled","disableLocalAuth":false,"zoneRedundant":true,"provisioningState":"Created","metricId":"326100e2-f69d-4268-8503-075374f62b6e:sb-nscli000003","createdAt":"2023-02-08T04:44:28.25Z","updatedAt":"2023-02-08T04:44:28.25Z","serviceBusEndpoint":"https://sb-nscli000003.servicebus.windows.net:443/","status":"Activating"}}'
    headers:
      cache-control:
      - no-cache
      content-length:
      - '716'
      content-type:
      - application/json; charset=utf-8
      date:
      - Wed, 08 Feb 2023 04:44:28 GMT
      expires:
      - '-1'
      pragma:
      - no-cache
      server:
      - Service-Bus-Resource-Provider/SN1
      - Microsoft-HTTPAPI/2.0
      server-sb:
      - Service-Bus-Resource-Provider/SN1
      strict-transport-security:
      - max-age=31536000; includeSubDomains
      transfer-encoding:
      - chunked
      vary:
      - Accept-Encoding
      x-content-type-options:
      - nosniff
      x-ms-ratelimit-remaining-subscription-writes:
      - '1199'
    status:
      code: 200
      message: OK
- request:
    body: null
    headers:
      Accept:
      - '*/*'
      Accept-Encoding:
      - gzip, deflate
      CommandName:
      - servicebus namespace create
      Connection:
      - keep-alive
      ParameterSetName:
      - --resource-group --name --location --tags --sku --zone-redundant --minimum-tls-version
      User-Agent:
      - AZURECLI/2.43.0 azsdk-python-azure-mgmt-servicebus/8.1.0 Python/3.8.0 (Windows-10-10.0.19041-SP0)
    method: GET
    uri: https://management.azure.com/subscriptions/00000000-0000-0000-0000-000000000000/resourceGroups/cli_test_sb_namespace000001/providers/Microsoft.ServiceBus/namespaces/sb-nscli000003?api-version=2022-01-01-preview
  response:
    body:
      string: '{"sku":{"name":"Premium","tier":"Premium","capacity":1},"id":"/subscriptions/00000000-0000-0000-0000-000000000000/resourceGroups/cli_test_sb_namespace000001/providers/Microsoft.ServiceBus/namespaces/sb-nscli000003","name":"sb-nscli000003","type":"Microsoft.ServiceBus/Namespaces","location":"East
        US 2","tags":{"{tag1":"value1}"},"properties":{"minimumTlsVersion":"1.1","publicNetworkAccess":"Enabled","disableLocalAuth":false,"zoneRedundant":true,"provisioningState":"Created","metricId":"326100e2-f69d-4268-8503-075374f62b6e:sb-nscli000003","createdAt":"2023-02-08T04:44:28.25Z","updatedAt":"2023-02-08T04:44:28.25Z","serviceBusEndpoint":"https://sb-nscli000003.servicebus.windows.net:443/","status":"Activating"}}'
    headers:
      cache-control:
      - no-cache
      content-length:
      - '716'
      content-type:
      - application/json; charset=utf-8
      date:
      - Wed, 08 Feb 2023 04:44:58 GMT
      expires:
      - '-1'
      pragma:
      - no-cache
      server:
      - Service-Bus-Resource-Provider/SN1
      - Microsoft-HTTPAPI/2.0
      server-sb:
      - Service-Bus-Resource-Provider/SN1
      strict-transport-security:
      - max-age=31536000; includeSubDomains
      transfer-encoding:
      - chunked
      vary:
      - Accept-Encoding
      x-content-type-options:
      - nosniff
    status:
      code: 200
      message: OK
- request:
    body: null
    headers:
      Accept:
      - '*/*'
      Accept-Encoding:
      - gzip, deflate
      CommandName:
      - servicebus namespace create
      Connection:
      - keep-alive
      ParameterSetName:
      - --resource-group --name --location --tags --sku --zone-redundant --minimum-tls-version
      User-Agent:
      - AZURECLI/2.43.0 azsdk-python-azure-mgmt-servicebus/8.1.0 Python/3.8.0 (Windows-10-10.0.19041-SP0)
    method: GET
    uri: https://management.azure.com/subscriptions/00000000-0000-0000-0000-000000000000/resourceGroups/cli_test_sb_namespace000001/providers/Microsoft.ServiceBus/namespaces/sb-nscli000003?api-version=2022-01-01-preview
  response:
    body:
      string: '{"sku":{"name":"Premium","tier":"Premium","capacity":1},"id":"/subscriptions/00000000-0000-0000-0000-000000000000/resourceGroups/cli_test_sb_namespace000001/providers/Microsoft.ServiceBus/namespaces/sb-nscli000003","name":"sb-nscli000003","type":"Microsoft.ServiceBus/Namespaces","location":"East
        US 2","tags":{"{tag1":"value1}"},"properties":{"minimumTlsVersion":"1.1","publicNetworkAccess":"Enabled","disableLocalAuth":false,"zoneRedundant":true,"provisioningState":"Created","metricId":"326100e2-f69d-4268-8503-075374f62b6e:sb-nscli000003","createdAt":"2023-02-08T04:44:28.25Z","updatedAt":"2023-02-08T04:44:28.25Z","serviceBusEndpoint":"https://sb-nscli000003.servicebus.windows.net:443/","status":"Activating"}}'
    headers:
      cache-control:
      - no-cache
      content-length:
      - '716'
      content-type:
      - application/json; charset=utf-8
      date:
      - Wed, 08 Feb 2023 04:45:29 GMT
      expires:
      - '-1'
      pragma:
      - no-cache
      server:
      - Service-Bus-Resource-Provider/SN1
      - Microsoft-HTTPAPI/2.0
      server-sb:
      - Service-Bus-Resource-Provider/SN1
      strict-transport-security:
      - max-age=31536000; includeSubDomains
      transfer-encoding:
      - chunked
      vary:
      - Accept-Encoding
      x-content-type-options:
      - nosniff
    status:
      code: 200
      message: OK
- request:
    body: null
    headers:
      Accept:
      - '*/*'
      Accept-Encoding:
      - gzip, deflate
      CommandName:
      - servicebus namespace create
      Connection:
      - keep-alive
      ParameterSetName:
      - --resource-group --name --location --tags --sku --zone-redundant --minimum-tls-version
      User-Agent:
      - AZURECLI/2.43.0 azsdk-python-azure-mgmt-servicebus/8.1.0 Python/3.8.0 (Windows-10-10.0.19041-SP0)
    method: GET
    uri: https://management.azure.com/subscriptions/00000000-0000-0000-0000-000000000000/resourceGroups/cli_test_sb_namespace000001/providers/Microsoft.ServiceBus/namespaces/sb-nscli000003?api-version=2022-01-01-preview
  response:
    body:
      string: '{"sku":{"name":"Premium","tier":"Premium","capacity":1},"id":"/subscriptions/00000000-0000-0000-0000-000000000000/resourceGroups/cli_test_sb_namespace000001/providers/Microsoft.ServiceBus/namespaces/sb-nscli000003","name":"sb-nscli000003","type":"Microsoft.ServiceBus/Namespaces","location":"East
        US 2","tags":{"{tag1":"value1}"},"properties":{"minimumTlsVersion":"1.1","publicNetworkAccess":"Enabled","disableLocalAuth":false,"zoneRedundant":true,"provisioningState":"Created","metricId":"326100e2-f69d-4268-8503-075374f62b6e:sb-nscli000003","createdAt":"2023-02-08T04:44:28.25Z","updatedAt":"2023-02-08T04:44:28.25Z","serviceBusEndpoint":"https://sb-nscli000003.servicebus.windows.net:443/","status":"Activating"}}'
    headers:
      cache-control:
      - no-cache
      content-length:
      - '716'
      content-type:
      - application/json; charset=utf-8
      date:
      - Wed, 08 Feb 2023 04:45:59 GMT
      expires:
      - '-1'
      pragma:
      - no-cache
      server:
      - Service-Bus-Resource-Provider/SN1
      - Microsoft-HTTPAPI/2.0
      server-sb:
      - Service-Bus-Resource-Provider/SN1
      strict-transport-security:
      - max-age=31536000; includeSubDomains
      transfer-encoding:
      - chunked
      vary:
      - Accept-Encoding
      x-content-type-options:
      - nosniff
    status:
      code: 200
      message: OK
- request:
    body: null
    headers:
      Accept:
      - '*/*'
      Accept-Encoding:
      - gzip, deflate
      CommandName:
      - servicebus namespace create
      Connection:
      - keep-alive
      ParameterSetName:
      - --resource-group --name --location --tags --sku --zone-redundant --minimum-tls-version
      User-Agent:
      - AZURECLI/2.43.0 azsdk-python-azure-mgmt-servicebus/8.1.0 Python/3.8.0 (Windows-10-10.0.19041-SP0)
    method: GET
    uri: https://management.azure.com/subscriptions/00000000-0000-0000-0000-000000000000/resourceGroups/cli_test_sb_namespace000001/providers/Microsoft.ServiceBus/namespaces/sb-nscli000003?api-version=2022-01-01-preview
  response:
    body:
      string: '{"sku":{"name":"Premium","tier":"Premium","capacity":1},"id":"/subscriptions/00000000-0000-0000-0000-000000000000/resourceGroups/cli_test_sb_namespace000001/providers/Microsoft.ServiceBus/namespaces/sb-nscli000003","name":"sb-nscli000003","type":"Microsoft.ServiceBus/Namespaces","location":"East
        US 2","tags":{"{tag1":"value1}"},"properties":{"minimumTlsVersion":"1.1","publicNetworkAccess":"Enabled","disableLocalAuth":false,"zoneRedundant":true,"provisioningState":"Succeeded","metricId":"326100e2-f69d-4268-8503-075374f62b6e:sb-nscli000003","createdAt":"2023-02-08T04:44:28.25Z","updatedAt":"2023-02-08T04:46:02.453Z","serviceBusEndpoint":"https://sb-nscli000003.servicebus.windows.net:443/","status":"Active"}}'
    headers:
      cache-control:
      - no-cache
      content-length:
      - '715'
      content-type:
      - application/json; charset=utf-8
      date:
      - Wed, 08 Feb 2023 04:46:29 GMT
      expires:
      - '-1'
      pragma:
      - no-cache
      server:
      - Service-Bus-Resource-Provider/SN1
      - Microsoft-HTTPAPI/2.0
      server-sb:
      - Service-Bus-Resource-Provider/SN1
      strict-transport-security:
      - max-age=31536000; includeSubDomains
      transfer-encoding:
      - chunked
      vary:
      - Accept-Encoding
      x-content-type-options:
      - nosniff
    status:
      code: 200
      message: OK
- request:
    body: null
    headers:
      Accept:
      - application/json
      Accept-Encoding:
      - gzip, deflate
      CommandName:
      - servicebus namespace create
      Connection:
      - keep-alive
      ParameterSetName:
      - --resource-group --name --location --tags --sku --zone-redundant --minimum-tls-version
      User-Agent:
      - AZURECLI/2.43.0 azsdk-python-azure-mgmt-servicebus/8.1.0 Python/3.8.0 (Windows-10-10.0.19041-SP0)
    method: GET
    uri: https://management.azure.com/subscriptions/00000000-0000-0000-0000-000000000000/resourceGroups/cli_test_sb_namespace000001/providers/Microsoft.ServiceBus/namespaces/sb-nscli000003?api-version=2022-01-01-preview
  response:
    body:
      string: '{"sku":{"name":"Premium","tier":"Premium","capacity":1},"id":"/subscriptions/00000000-0000-0000-0000-000000000000/resourceGroups/cli_test_sb_namespace000001/providers/Microsoft.ServiceBus/namespaces/sb-nscli000003","name":"sb-nscli000003","type":"Microsoft.ServiceBus/Namespaces","location":"East
        US 2","tags":{"{tag1":"value1}"},"properties":{"minimumTlsVersion":"1.1","publicNetworkAccess":"Enabled","disableLocalAuth":false,"zoneRedundant":true,"provisioningState":"Succeeded","metricId":"326100e2-f69d-4268-8503-075374f62b6e:sb-nscli000003","createdAt":"2023-02-08T04:44:28.25Z","updatedAt":"2023-02-08T04:46:02.453Z","serviceBusEndpoint":"https://sb-nscli000003.servicebus.windows.net:443/","status":"Active"}}'
    headers:
      cache-control:
      - no-cache
      content-length:
      - '715'
      content-type:
      - application/json; charset=utf-8
      date:
      - Wed, 08 Feb 2023 04:46:29 GMT
      expires:
      - '-1'
      pragma:
      - no-cache
      server:
      - Service-Bus-Resource-Provider/SN1
      - Microsoft-HTTPAPI/2.0
      server-sb:
      - Service-Bus-Resource-Provider/SN1
      strict-transport-security:
      - max-age=31536000; includeSubDomains
      transfer-encoding:
      - chunked
      vary:
      - Accept-Encoding
      x-content-type-options:
      - nosniff
    status:
      code: 200
      message: OK
- request:
    body: '{"name": "sb-nscli000002"}'
    headers:
      Accept:
      - application/json
      Accept-Encoding:
      - gzip, deflate
      CommandName:
      - servicebus namespace exists
      Connection:
      - keep-alive
      Content-Length:
      - '26'
      Content-Type:
      - application/json
      ParameterSetName:
      - --name
      User-Agent:
      - AZURECLI/2.43.0 azsdk-python-azure-mgmt-servicebus/8.1.0 Python/3.8.0 (Windows-10-10.0.19041-SP0)
    method: POST
    uri: https://management.azure.com/subscriptions/00000000-0000-0000-0000-000000000000/providers/Microsoft.ServiceBus/CheckNameAvailability?api-version=2022-01-01-preview
  response:
    body:
      string: '{"nameAvailable":true,"reason":"None","message":null}'
    headers:
      cache-control:
      - no-cache
      content-length:
      - '53'
      content-type:
      - application/json; charset=utf-8
      date:
      - Wed, 08 Feb 2023 04:46:30 GMT
      expires:
      - '-1'
      pragma:
      - no-cache
      server:
      - Service-Bus-Resource-Provider/SN1
      - Microsoft-HTTPAPI/2.0
      server-sb:
      - Service-Bus-Resource-Provider/SN1
      strict-transport-security:
      - max-age=31536000; includeSubDomains
      transfer-encoding:
      - chunked
      vary:
      - Accept-Encoding
      x-content-type-options:
      - nosniff
      x-ms-ratelimit-remaining-subscription-writes:
      - '1199'
    status:
      code: 200
      message: OK
- request:
    body: '{"name": "sb-nscli2000004"}'
    headers:
      Accept:
      - application/json
      Accept-Encoding:
      - gzip, deflate
      CommandName:
      - servicebus namespace exists
      Connection:
      - keep-alive
      Content-Length:
      - '27'
      Content-Type:
      - application/json
      ParameterSetName:
      - --name
      User-Agent:
      - AZURECLI/2.43.0 azsdk-python-azure-mgmt-servicebus/8.1.0 Python/3.8.0 (Windows-10-10.0.19041-SP0)
    method: POST
    uri: https://management.azure.com/subscriptions/00000000-0000-0000-0000-000000000000/providers/Microsoft.ServiceBus/CheckNameAvailability?api-version=2022-01-01-preview
  response:
    body:
      string: '{"nameAvailable":true,"reason":"None","message":null}'
    headers:
      cache-control:
      - no-cache
      content-length:
      - '53'
      content-type:
      - application/json; charset=utf-8
      date:
      - Wed, 08 Feb 2023 04:46:31 GMT
      expires:
      - '-1'
      pragma:
      - no-cache
      server:
      - Service-Bus-Resource-Provider/SN1
      - Microsoft-HTTPAPI/2.0
      server-sb:
      - Service-Bus-Resource-Provider/SN1
      strict-transport-security:
      - max-age=31536000; includeSubDomains
      transfer-encoding:
      - chunked
      vary:
      - Accept-Encoding
      x-content-type-options:
      - nosniff
      x-ms-ratelimit-remaining-subscription-writes:
      - '1199'
    status:
      code: 200
      message: OK
- request:
    body: '{"location": "eastus2", "tags": {"{tag1": "value1}"}, "sku": {"name": "Premium",
      "tier": "Premium"}, "properties": {"zoneRedundant": true, "publicNetworkAccess":
      "Enabled"}}'
    headers:
      Accept:
      - application/json
      Accept-Encoding:
      - gzip, deflate
      CommandName:
      - servicebus namespace create
      Connection:
      - keep-alive
      Content-Length:
      - '173'
      Content-Type:
      - application/json
      ParameterSetName:
      - --resource-group --name --tags --sku --location --zone-redundant
      User-Agent:
      - AZURECLI/2.43.0 azsdk-python-azure-mgmt-servicebus/8.1.0 Python/3.8.0 (Windows-10-10.0.19041-SP0)
    method: PUT
    uri: https://management.azure.com/subscriptions/00000000-0000-0000-0000-000000000000/resourceGroups/cli_test_sb_namespace000001/providers/Microsoft.ServiceBus/namespaces/sb-nscli2000004?api-version=2022-01-01-preview
  response:
    body:
      string: '{"sku":{"name":"Premium","tier":"Premium","capacity":1},"id":"/subscriptions/00000000-0000-0000-0000-000000000000/resourceGroups/cli_test_sb_namespace000001/providers/Microsoft.ServiceBus/namespaces/sb-nscli2000004","name":"sb-nscli2000004","type":"Microsoft.ServiceBus/Namespaces","location":"East
        US 2","tags":{"{tag1":"value1}"},"properties":{"minimumTlsVersion":"1.2","publicNetworkAccess":"Enabled","disableLocalAuth":false,"zoneRedundant":true,"provisioningState":"Created","metricId":"326100e2-f69d-4268-8503-075374f62b6e:sb-nscli2000004","createdAt":"2023-02-08T04:46:36.573Z","updatedAt":"2023-02-08T04:46:36.573Z","serviceBusEndpoint":"https://sb-nscli2000004.servicebus.windows.net:443/","status":"Activating"}}'
    headers:
      cache-control:
      - no-cache
      content-length:
      - '722'
      content-type:
      - application/json; charset=utf-8
      date:
      - Wed, 08 Feb 2023 04:46:37 GMT
      expires:
      - '-1'
      pragma:
      - no-cache
      server:
      - Service-Bus-Resource-Provider/SN1
      - Microsoft-HTTPAPI/2.0
      server-sb:
      - Service-Bus-Resource-Provider/SN1
      strict-transport-security:
      - max-age=31536000; includeSubDomains
      transfer-encoding:
      - chunked
      vary:
      - Accept-Encoding
      x-content-type-options:
      - nosniff
      x-ms-ratelimit-remaining-subscription-writes:
      - '1199'
    status:
      code: 200
      message: OK
- request:
    body: null
    headers:
      Accept:
      - '*/*'
      Accept-Encoding:
      - gzip, deflate
      CommandName:
      - servicebus namespace create
      Connection:
      - keep-alive
      ParameterSetName:
      - --resource-group --name --tags --sku --location --zone-redundant
      User-Agent:
      - AZURECLI/2.43.0 azsdk-python-azure-mgmt-servicebus/8.1.0 Python/3.8.0 (Windows-10-10.0.19041-SP0)
    method: GET
    uri: https://management.azure.com/subscriptions/00000000-0000-0000-0000-000000000000/resourceGroups/cli_test_sb_namespace000001/providers/Microsoft.ServiceBus/namespaces/sb-nscli2000004?api-version=2022-01-01-preview
  response:
    body:
      string: '{"sku":{"name":"Premium","tier":"Premium","capacity":1},"id":"/subscriptions/00000000-0000-0000-0000-000000000000/resourceGroups/cli_test_sb_namespace000001/providers/Microsoft.ServiceBus/namespaces/sb-nscli2000004","name":"sb-nscli2000004","type":"Microsoft.ServiceBus/Namespaces","location":"East
        US 2","tags":{"{tag1":"value1}"},"properties":{"minimumTlsVersion":"1.2","publicNetworkAccess":"Enabled","disableLocalAuth":false,"zoneRedundant":true,"provisioningState":"Created","metricId":"326100e2-f69d-4268-8503-075374f62b6e:sb-nscli2000004","createdAt":"2023-02-08T04:46:36.573Z","updatedAt":"2023-02-08T04:46:36.573Z","serviceBusEndpoint":"https://sb-nscli2000004.servicebus.windows.net:443/","status":"Activating"}}'
    headers:
      cache-control:
      - no-cache
      content-length:
      - '722'
      content-type:
      - application/json; charset=utf-8
      date:
      - Wed, 08 Feb 2023 04:47:07 GMT
      expires:
      - '-1'
      pragma:
      - no-cache
      server:
      - Service-Bus-Resource-Provider/SN1
      - Microsoft-HTTPAPI/2.0
      server-sb:
      - Service-Bus-Resource-Provider/SN1
      strict-transport-security:
      - max-age=31536000; includeSubDomains
      transfer-encoding:
      - chunked
      vary:
      - Accept-Encoding
      x-content-type-options:
      - nosniff
    status:
      code: 200
      message: OK
- request:
    body: null
    headers:
      Accept:
      - '*/*'
      Accept-Encoding:
      - gzip, deflate
      CommandName:
      - servicebus namespace create
      Connection:
      - keep-alive
      ParameterSetName:
      - --resource-group --name --tags --sku --location --zone-redundant
      User-Agent:
      - AZURECLI/2.43.0 azsdk-python-azure-mgmt-servicebus/8.1.0 Python/3.8.0 (Windows-10-10.0.19041-SP0)
    method: GET
    uri: https://management.azure.com/subscriptions/00000000-0000-0000-0000-000000000000/resourceGroups/cli_test_sb_namespace000001/providers/Microsoft.ServiceBus/namespaces/sb-nscli2000004?api-version=2022-01-01-preview
  response:
    body:
      string: '{"sku":{"name":"Premium","tier":"Premium","capacity":1},"id":"/subscriptions/00000000-0000-0000-0000-000000000000/resourceGroups/cli_test_sb_namespace000001/providers/Microsoft.ServiceBus/namespaces/sb-nscli2000004","name":"sb-nscli2000004","type":"Microsoft.ServiceBus/Namespaces","location":"East
        US 2","tags":{"{tag1":"value1}"},"properties":{"minimumTlsVersion":"1.2","publicNetworkAccess":"Enabled","disableLocalAuth":false,"zoneRedundant":true,"provisioningState":"Created","metricId":"326100e2-f69d-4268-8503-075374f62b6e:sb-nscli2000004","createdAt":"2023-02-08T04:46:36.573Z","updatedAt":"2023-02-08T04:46:36.573Z","serviceBusEndpoint":"https://sb-nscli2000004.servicebus.windows.net:443/","status":"Activating"}}'
    headers:
      cache-control:
      - no-cache
      content-length:
      - '722'
      content-type:
      - application/json; charset=utf-8
      date:
      - Wed, 08 Feb 2023 04:47:37 GMT
      expires:
      - '-1'
      pragma:
      - no-cache
      server:
      - Service-Bus-Resource-Provider/SN1
      - Microsoft-HTTPAPI/2.0
      server-sb:
      - Service-Bus-Resource-Provider/SN1
      strict-transport-security:
      - max-age=31536000; includeSubDomains
      transfer-encoding:
      - chunked
      vary:
      - Accept-Encoding
      x-content-type-options:
      - nosniff
    status:
      code: 200
      message: OK
- request:
    body: null
    headers:
      Accept:
      - '*/*'
      Accept-Encoding:
      - gzip, deflate
      CommandName:
      - servicebus namespace create
      Connection:
      - keep-alive
      ParameterSetName:
      - --resource-group --name --tags --sku --location --zone-redundant
      User-Agent:
      - AZURECLI/2.43.0 azsdk-python-azure-mgmt-servicebus/8.1.0 Python/3.8.0 (Windows-10-10.0.19041-SP0)
    method: GET
    uri: https://management.azure.com/subscriptions/00000000-0000-0000-0000-000000000000/resourceGroups/cli_test_sb_namespace000001/providers/Microsoft.ServiceBus/namespaces/sb-nscli2000004?api-version=2022-01-01-preview
  response:
    body:
      string: '{"sku":{"name":"Premium","tier":"Premium","capacity":1},"id":"/subscriptions/00000000-0000-0000-0000-000000000000/resourceGroups/cli_test_sb_namespace000001/providers/Microsoft.ServiceBus/namespaces/sb-nscli2000004","name":"sb-nscli2000004","type":"Microsoft.ServiceBus/Namespaces","location":"East
        US 2","tags":{"{tag1":"value1}"},"properties":{"minimumTlsVersion":"1.2","publicNetworkAccess":"Enabled","disableLocalAuth":false,"zoneRedundant":true,"provisioningState":"Succeeded","metricId":"326100e2-f69d-4268-8503-075374f62b6e:sb-nscli2000004","createdAt":"2023-02-08T04:46:36.573Z","updatedAt":"2023-02-08T04:47:54.087Z","serviceBusEndpoint":"https://sb-nscli2000004.servicebus.windows.net:443/","status":"Active"}}'
    headers:
      cache-control:
      - no-cache
      content-length:
      - '720'
      content-type:
      - application/json; charset=utf-8
      date:
      - Wed, 08 Feb 2023 04:48:08 GMT
      expires:
      - '-1'
      pragma:
      - no-cache
      server:
      - Service-Bus-Resource-Provider/SN1
      - Microsoft-HTTPAPI/2.0
      server-sb:
      - Service-Bus-Resource-Provider/SN1
      strict-transport-security:
      - max-age=31536000; includeSubDomains
      transfer-encoding:
      - chunked
      vary:
      - Accept-Encoding
      x-content-type-options:
      - nosniff
    status:
      code: 200
      message: OK
- request:
    body: null
    headers:
      Accept:
      - application/json
      Accept-Encoding:
      - gzip, deflate
      CommandName:
      - servicebus namespace create
      Connection:
      - keep-alive
      ParameterSetName:
      - --resource-group --name --tags --sku --location --zone-redundant
      User-Agent:
      - AZURECLI/2.43.0 azsdk-python-azure-mgmt-servicebus/8.1.0 Python/3.8.0 (Windows-10-10.0.19041-SP0)
    method: GET
    uri: https://management.azure.com/subscriptions/00000000-0000-0000-0000-000000000000/resourceGroups/cli_test_sb_namespace000001/providers/Microsoft.ServiceBus/namespaces/sb-nscli2000004?api-version=2022-01-01-preview
  response:
    body:
      string: '{"sku":{"name":"Premium","tier":"Premium","capacity":1},"id":"/subscriptions/00000000-0000-0000-0000-000000000000/resourceGroups/cli_test_sb_namespace000001/providers/Microsoft.ServiceBus/namespaces/sb-nscli2000004","name":"sb-nscli2000004","type":"Microsoft.ServiceBus/Namespaces","location":"East
        US 2","tags":{"{tag1":"value1}"},"properties":{"minimumTlsVersion":"1.2","publicNetworkAccess":"Enabled","disableLocalAuth":false,"zoneRedundant":true,"provisioningState":"Succeeded","metricId":"326100e2-f69d-4268-8503-075374f62b6e:sb-nscli2000004","createdAt":"2023-02-08T04:46:36.573Z","updatedAt":"2023-02-08T04:47:54.087Z","serviceBusEndpoint":"https://sb-nscli2000004.servicebus.windows.net:443/","status":"Active"}}'
    headers:
      cache-control:
      - no-cache
      content-length:
      - '720'
      content-type:
      - application/json; charset=utf-8
      date:
      - Wed, 08 Feb 2023 04:48:08 GMT
      expires:
      - '-1'
      pragma:
      - no-cache
      server:
      - Service-Bus-Resource-Provider/SN1
      - Microsoft-HTTPAPI/2.0
      server-sb:
      - Service-Bus-Resource-Provider/SN1
      strict-transport-security:
      - max-age=31536000; includeSubDomains
      transfer-encoding:
      - chunked
      vary:
      - Accept-Encoding
      x-content-type-options:
      - nosniff
    status:
      code: 200
      message: OK
- request:
    body: null
    headers:
      Accept:
      - application/json
      Accept-Encoding:
      - gzip, deflate
      CommandName:
      - servicebus namespace create
      Connection:
      - keep-alive
      ParameterSetName:
      - --resource-group --name --tags --sku
      User-Agent:
      - AZURECLI/2.43.0 azsdk-python-azure-mgmt-resource/21.1.0b1 Python/3.8.0 (Windows-10-10.0.19041-SP0)
    method: GET
    uri: https://management.azure.com/subscriptions/00000000-0000-0000-0000-000000000000/resourcegroups/cli_test_sb_namespace000001?api-version=2021-04-01
  response:
    body:
      string: '{"id":"/subscriptions/00000000-0000-0000-0000-000000000000/resourceGroups/cli_test_sb_namespace000001","name":"cli_test_sb_namespace000001","type":"Microsoft.Resources/resourceGroups","location":"westus","tags":{"product":"azurecli","cause":"automation","date":"2023-02-08T04:44:12Z"},"properties":{"provisioningState":"Succeeded"}}'
    headers:
      cache-control:
      - no-cache
      content-length:
      - '332'
      content-type:
      - application/json; charset=utf-8
      date:
      - Wed, 08 Feb 2023 04:48:08 GMT
      expires:
      - '-1'
      pragma:
      - no-cache
      strict-transport-security:
      - max-age=31536000; includeSubDomains
      vary:
      - Accept-Encoding
      x-content-type-options:
      - nosniff
    status:
      code: 200
      message: OK
- request:
    body: '{"location": "westus", "tags": {"{tag1": "value1}"}, "sku": {"name": "Standard",
      "tier": "Standard"}, "properties": {"publicNetworkAccess": "Enabled"}}'
    headers:
      Accept:
      - application/json
      Accept-Encoding:
      - gzip, deflate
      CommandName:
      - servicebus namespace create
      Connection:
      - keep-alive
      Content-Length:
      - '151'
      Content-Type:
      - application/json
      ParameterSetName:
      - --resource-group --name --tags --sku
      User-Agent:
      - AZURECLI/2.43.0 azsdk-python-azure-mgmt-servicebus/8.1.0 Python/3.8.0 (Windows-10-10.0.19041-SP0)
    method: PUT
    uri: https://management.azure.com/subscriptions/00000000-0000-0000-0000-000000000000/resourceGroups/cli_test_sb_namespace000001/providers/Microsoft.ServiceBus/namespaces/sb-nscli000002?api-version=2022-01-01-preview
  response:
    body:
      string: '{"sku":{"name":"Standard","tier":"Standard"},"id":"/subscriptions/00000000-0000-0000-0000-000000000000/resourceGroups/cli_test_sb_namespace000001/providers/Microsoft.ServiceBus/namespaces/sb-nscli000002","name":"sb-nscli000002","type":"Microsoft.ServiceBus/Namespaces","location":"West
        US","tags":{"{tag1":"value1}"},"properties":{"minimumTlsVersion":"1.2","publicNetworkAccess":"Enabled","disableLocalAuth":false,"zoneRedundant":false,"provisioningState":"Created","metricId":"326100e2-f69d-4268-8503-075374f62b6e:sb-nscli000002","createdAt":"2023-02-08T04:48:11.453Z","updatedAt":"2023-02-08T04:48:11.453Z","serviceBusEndpoint":"https://sb-nscli000002.servicebus.windows.net:443/","status":"Activating"}}'
    headers:
      cache-control:
      - no-cache
      content-length:
      - '706'
      content-type:
      - application/json; charset=utf-8
      date:
      - Wed, 08 Feb 2023 04:48:11 GMT
      expires:
      - '-1'
      pragma:
      - no-cache
      server:
      - Service-Bus-Resource-Provider/SN1
      - Microsoft-HTTPAPI/2.0
      server-sb:
      - Service-Bus-Resource-Provider/SN1
      strict-transport-security:
      - max-age=31536000; includeSubDomains
      transfer-encoding:
      - chunked
      vary:
      - Accept-Encoding
      x-content-type-options:
      - nosniff
      x-ms-ratelimit-remaining-subscription-writes:
      - '1198'
    status:
      code: 200
      message: OK
- request:
    body: null
    headers:
      Accept:
      - '*/*'
      Accept-Encoding:
      - gzip, deflate
      CommandName:
      - servicebus namespace create
      Connection:
      - keep-alive
      ParameterSetName:
      - --resource-group --name --tags --sku
      User-Agent:
      - AZURECLI/2.43.0 azsdk-python-azure-mgmt-servicebus/8.1.0 Python/3.8.0 (Windows-10-10.0.19041-SP0)
    method: GET
    uri: https://management.azure.com/subscriptions/00000000-0000-0000-0000-000000000000/resourceGroups/cli_test_sb_namespace000001/providers/Microsoft.ServiceBus/namespaces/sb-nscli000002?api-version=2022-01-01-preview
  response:
    body:
      string: '{"sku":{"name":"Standard","tier":"Standard"},"id":"/subscriptions/00000000-0000-0000-0000-000000000000/resourceGroups/cli_test_sb_namespace000001/providers/Microsoft.ServiceBus/namespaces/sb-nscli000002","name":"sb-nscli000002","type":"Microsoft.ServiceBus/Namespaces","location":"West
        US","tags":{"{tag1":"value1}"},"properties":{"minimumTlsVersion":"1.2","publicNetworkAccess":"Enabled","disableLocalAuth":false,"zoneRedundant":false,"provisioningState":"Created","metricId":"326100e2-f69d-4268-8503-075374f62b6e:sb-nscli000002","createdAt":"2023-02-08T04:48:11.453Z","updatedAt":"2023-02-08T04:48:11.453Z","serviceBusEndpoint":"https://sb-nscli000002.servicebus.windows.net:443/","status":"Activating"}}'
    headers:
      cache-control:
      - no-cache
      content-length:
      - '706'
      content-type:
      - application/json; charset=utf-8
      date:
      - Wed, 08 Feb 2023 04:48:42 GMT
      expires:
      - '-1'
      pragma:
      - no-cache
      server:
      - Service-Bus-Resource-Provider/SN1
      - Microsoft-HTTPAPI/2.0
      server-sb:
      - Service-Bus-Resource-Provider/SN1
      strict-transport-security:
      - max-age=31536000; includeSubDomains
      transfer-encoding:
      - chunked
      vary:
      - Accept-Encoding
      x-content-type-options:
      - nosniff
    status:
      code: 200
      message: OK
- request:
    body: null
    headers:
      Accept:
      - '*/*'
      Accept-Encoding:
      - gzip, deflate
      CommandName:
      - servicebus namespace create
      Connection:
      - keep-alive
      ParameterSetName:
      - --resource-group --name --tags --sku
      User-Agent:
      - AZURECLI/2.43.0 azsdk-python-azure-mgmt-servicebus/8.1.0 Python/3.8.0 (Windows-10-10.0.19041-SP0)
    method: GET
    uri: https://management.azure.com/subscriptions/00000000-0000-0000-0000-000000000000/resourceGroups/cli_test_sb_namespace000001/providers/Microsoft.ServiceBus/namespaces/sb-nscli000002?api-version=2022-01-01-preview
  response:
    body:
      string: '{"sku":{"name":"Standard","tier":"Standard"},"id":"/subscriptions/00000000-0000-0000-0000-000000000000/resourceGroups/cli_test_sb_namespace000001/providers/Microsoft.ServiceBus/namespaces/sb-nscli000002","name":"sb-nscli000002","type":"Microsoft.ServiceBus/Namespaces","location":"West
        US","tags":{"{tag1":"value1}"},"properties":{"minimumTlsVersion":"1.2","publicNetworkAccess":"Enabled","disableLocalAuth":false,"zoneRedundant":false,"provisioningState":"Succeeded","metricId":"326100e2-f69d-4268-8503-075374f62b6e:sb-nscli000002","createdAt":"2023-02-08T04:48:11.453Z","updatedAt":"2023-02-08T04:49:00.433Z","serviceBusEndpoint":"https://sb-nscli000002.servicebus.windows.net:443/","status":"Active"}}'
    headers:
      cache-control:
      - no-cache
      content-length:
      - '704'
      content-type:
      - application/json; charset=utf-8
      date:
      - Wed, 08 Feb 2023 04:49:12 GMT
      expires:
      - '-1'
      pragma:
      - no-cache
      server:
      - Service-Bus-Resource-Provider/SN1
      - Microsoft-HTTPAPI/2.0
      server-sb:
      - Service-Bus-Resource-Provider/SN1
      strict-transport-security:
      - max-age=31536000; includeSubDomains
      transfer-encoding:
      - chunked
      vary:
      - Accept-Encoding
      x-content-type-options:
      - nosniff
    status:
      code: 200
      message: OK
- request:
    body: null
    headers:
      Accept:
      - application/json
      Accept-Encoding:
      - gzip, deflate
      CommandName:
      - servicebus namespace create
      Connection:
      - keep-alive
      ParameterSetName:
      - --resource-group --name --tags --sku
      User-Agent:
      - AZURECLI/2.43.0 azsdk-python-azure-mgmt-servicebus/8.1.0 Python/3.8.0 (Windows-10-10.0.19041-SP0)
    method: GET
    uri: https://management.azure.com/subscriptions/00000000-0000-0000-0000-000000000000/resourceGroups/cli_test_sb_namespace000001/providers/Microsoft.ServiceBus/namespaces/sb-nscli000002?api-version=2022-01-01-preview
  response:
    body:
      string: '{"sku":{"name":"Standard","tier":"Standard"},"id":"/subscriptions/00000000-0000-0000-0000-000000000000/resourceGroups/cli_test_sb_namespace000001/providers/Microsoft.ServiceBus/namespaces/sb-nscli000002","name":"sb-nscli000002","type":"Microsoft.ServiceBus/Namespaces","location":"West
        US","tags":{"{tag1":"value1}"},"properties":{"minimumTlsVersion":"1.2","publicNetworkAccess":"Enabled","disableLocalAuth":false,"zoneRedundant":false,"provisioningState":"Succeeded","metricId":"326100e2-f69d-4268-8503-075374f62b6e:sb-nscli000002","createdAt":"2023-02-08T04:48:11.453Z","updatedAt":"2023-02-08T04:49:00.433Z","serviceBusEndpoint":"https://sb-nscli000002.servicebus.windows.net:443/","status":"Active"}}'
    headers:
      cache-control:
      - no-cache
      content-length:
      - '704'
      content-type:
      - application/json; charset=utf-8
      date:
      - Wed, 08 Feb 2023 04:49:12 GMT
      expires:
      - '-1'
      pragma:
      - no-cache
      server:
      - Service-Bus-Resource-Provider/SN1
      - Microsoft-HTTPAPI/2.0
      server-sb:
      - Service-Bus-Resource-Provider/SN1
      strict-transport-security:
      - max-age=31536000; includeSubDomains
      transfer-encoding:
      - chunked
      vary:
      - Accept-Encoding
      x-content-type-options:
      - nosniff
    status:
      code: 200
      message: OK
- request:
    body: null
    headers:
      Accept:
      - application/json
      Accept-Encoding:
      - gzip, deflate
      CommandName:
      - servicebus namespace show
      Connection:
      - keep-alive
      ParameterSetName:
      - --resource-group --name
      User-Agent:
      - AZURECLI/2.43.0 azsdk-python-azure-mgmt-servicebus/8.1.0 Python/3.8.0 (Windows-10-10.0.19041-SP0)
    method: GET
    uri: https://management.azure.com/subscriptions/00000000-0000-0000-0000-000000000000/resourceGroups/cli_test_sb_namespace000001/providers/Microsoft.ServiceBus/namespaces/sb-nscli000002?api-version=2022-01-01-preview
  response:
    body:
      string: '{"sku":{"name":"Standard","tier":"Standard"},"id":"/subscriptions/00000000-0000-0000-0000-000000000000/resourceGroups/cli_test_sb_namespace000001/providers/Microsoft.ServiceBus/namespaces/sb-nscli000002","name":"sb-nscli000002","type":"Microsoft.ServiceBus/Namespaces","location":"West
        US","tags":{"{tag1":"value1}"},"properties":{"minimumTlsVersion":"1.2","publicNetworkAccess":"Enabled","disableLocalAuth":false,"zoneRedundant":false,"provisioningState":"Succeeded","metricId":"326100e2-f69d-4268-8503-075374f62b6e:sb-nscli000002","createdAt":"2023-02-08T04:48:11.453Z","updatedAt":"2023-02-08T04:49:00.433Z","serviceBusEndpoint":"https://sb-nscli000002.servicebus.windows.net:443/","status":"Active"}}'
    headers:
      cache-control:
      - no-cache
      content-length:
      - '704'
      content-type:
      - application/json; charset=utf-8
      date:
      - Wed, 08 Feb 2023 04:49:12 GMT
      expires:
      - '-1'
      pragma:
      - no-cache
      server:
      - Service-Bus-Resource-Provider/SN1
      - Microsoft-HTTPAPI/2.0
      server-sb:
      - Service-Bus-Resource-Provider/SN1
      strict-transport-security:
      - max-age=31536000; includeSubDomains
      transfer-encoding:
      - chunked
      vary:
      - Accept-Encoding
      x-content-type-options:
      - nosniff
    status:
      code: 200
      message: OK
- request:
    body: null
    headers:
      Accept:
      - application/json
      Accept-Encoding:
      - gzip, deflate
      CommandName:
      - servicebus namespace update
      Connection:
      - keep-alive
      ParameterSetName:
      - --resource-group --name --tags
      User-Agent:
      - AZURECLI/2.43.0 azsdk-python-azure-mgmt-servicebus/8.1.0 Python/3.8.0 (Windows-10-10.0.19041-SP0)
    method: GET
    uri: https://management.azure.com/subscriptions/00000000-0000-0000-0000-000000000000/resourceGroups/cli_test_sb_namespace000001/providers/Microsoft.ServiceBus/namespaces/sb-nscli000002?api-version=2022-01-01-preview
  response:
    body:
      string: '{"sku":{"name":"Standard","tier":"Standard"},"id":"/subscriptions/00000000-0000-0000-0000-000000000000/resourceGroups/cli_test_sb_namespace000001/providers/Microsoft.ServiceBus/namespaces/sb-nscli000002","name":"sb-nscli000002","type":"Microsoft.ServiceBus/Namespaces","location":"West
        US","tags":{"{tag1":"value1}"},"properties":{"minimumTlsVersion":"1.2","publicNetworkAccess":"Enabled","disableLocalAuth":false,"zoneRedundant":false,"provisioningState":"Succeeded","metricId":"326100e2-f69d-4268-8503-075374f62b6e:sb-nscli000002","createdAt":"2023-02-08T04:48:11.453Z","updatedAt":"2023-02-08T04:49:00.433Z","serviceBusEndpoint":"https://sb-nscli000002.servicebus.windows.net:443/","status":"Active"}}'
    headers:
      cache-control:
      - no-cache
      content-length:
      - '704'
      content-type:
      - application/json; charset=utf-8
      date:
      - Wed, 08 Feb 2023 04:49:14 GMT
      expires:
      - '-1'
      pragma:
      - no-cache
      server:
      - Service-Bus-Resource-Provider/SN1
      - Microsoft-HTTPAPI/2.0
      server-sb:
      - Service-Bus-Resource-Provider/SN1
      strict-transport-security:
      - max-age=31536000; includeSubDomains
      transfer-encoding:
      - chunked
      vary:
      - Accept-Encoding
      x-content-type-options:
      - nosniff
    status:
      code: 200
      message: OK
- request:
    body: '{"location": "West US", "tags": {"{tag1": "value1}"}, "sku": {"name": "Standard",
      "tier": "Standard"}, "properties": {"minimumTlsVersion": "1.2", "zoneRedundant":
      false, "disableLocalAuth": false, "publicNetworkAccess": "Enabled"}}'
    headers:
      Accept:
      - application/json
      Accept-Encoding:
      - gzip, deflate
      CommandName:
      - servicebus namespace update
      Connection:
      - keep-alive
      Content-Length:
      - '231'
      Content-Type:
      - application/json
      ParameterSetName:
      - --resource-group --name --tags
      User-Agent:
      - AZURECLI/2.43.0 azsdk-python-azure-mgmt-servicebus/8.1.0 Python/3.8.0 (Windows-10-10.0.19041-SP0)
    method: PUT
    uri: https://management.azure.com/subscriptions/00000000-0000-0000-0000-000000000000/resourceGroups/cli_test_sb_namespace000001/providers/Microsoft.ServiceBus/namespaces/sb-nscli000002?api-version=2022-01-01-preview
  response:
    body:
      string: '{"sku":{"name":"Standard","tier":"Standard"},"id":"/subscriptions/00000000-0000-0000-0000-000000000000/resourceGroups/cli_test_sb_namespace000001/providers/Microsoft.ServiceBus/namespaces/sb-nscli000002","name":"sb-nscli000002","type":"Microsoft.ServiceBus/Namespaces","location":"West
        US","tags":{"{tag1":"value1}"},"properties":{"minimumTlsVersion":"1.2","publicNetworkAccess":"Enabled","disableLocalAuth":false,"zoneRedundant":false,"provisioningState":"Updating","metricId":"326100e2-f69d-4268-8503-075374f62b6e:sb-nscli000002","createdAt":"2023-02-08T04:48:11.453Z","updatedAt":"2023-02-08T04:49:21.047Z","serviceBusEndpoint":"https://sb-nscli000002.servicebus.windows.net:443/","status":"Activating"}}'
    headers:
      cache-control:
      - no-cache
      content-length:
      - '707'
      content-type:
      - application/json; charset=utf-8
      date:
      - Wed, 08 Feb 2023 04:49:22 GMT
      expires:
      - '-1'
      pragma:
      - no-cache
      server:
      - Service-Bus-Resource-Provider/SN1
      - Microsoft-HTTPAPI/2.0
      server-sb:
      - Service-Bus-Resource-Provider/SN1
      strict-transport-security:
      - max-age=31536000; includeSubDomains
      transfer-encoding:
      - chunked
      vary:
      - Accept-Encoding
      x-content-type-options:
      - nosniff
      x-ms-ratelimit-remaining-subscription-writes:
      - '1199'
    status:
      code: 200
      message: OK
- request:
    body: null
    headers:
      Accept:
      - '*/*'
      Accept-Encoding:
      - gzip, deflate
      CommandName:
      - servicebus namespace update
      Connection:
      - keep-alive
      ParameterSetName:
      - --resource-group --name --tags
      User-Agent:
      - AZURECLI/2.43.0 azsdk-python-azure-mgmt-servicebus/8.1.0 Python/3.8.0 (Windows-10-10.0.19041-SP0)
    method: GET
    uri: https://management.azure.com/subscriptions/00000000-0000-0000-0000-000000000000/resourceGroups/cli_test_sb_namespace000001/providers/Microsoft.ServiceBus/namespaces/sb-nscli000002?api-version=2022-01-01-preview
  response:
    body:
      string: '{"sku":{"name":"Standard","tier":"Standard"},"id":"/subscriptions/00000000-0000-0000-0000-000000000000/resourceGroups/cli_test_sb_namespace000001/providers/Microsoft.ServiceBus/namespaces/sb-nscli000002","name":"sb-nscli000002","type":"Microsoft.ServiceBus/Namespaces","location":"West
        US","tags":{"{tag1":"value1}"},"properties":{"minimumTlsVersion":"1.2","publicNetworkAccess":"Enabled","disableLocalAuth":false,"zoneRedundant":false,"provisioningState":"Updating","metricId":"326100e2-f69d-4268-8503-075374f62b6e:sb-nscli000002","createdAt":"2023-02-08T04:48:11.453Z","updatedAt":"2023-02-08T04:49:21.047Z","serviceBusEndpoint":"https://sb-nscli000002.servicebus.windows.net:443/","status":"Activating"}}'
    headers:
      cache-control:
      - no-cache
      content-length:
      - '707'
      content-type:
      - application/json; charset=utf-8
      date:
      - Wed, 08 Feb 2023 04:49:53 GMT
      expires:
      - '-1'
      pragma:
      - no-cache
      server:
      - Service-Bus-Resource-Provider/SN1
      - Microsoft-HTTPAPI/2.0
      server-sb:
      - Service-Bus-Resource-Provider/SN1
      strict-transport-security:
      - max-age=31536000; includeSubDomains
      transfer-encoding:
      - chunked
      vary:
      - Accept-Encoding
      x-content-type-options:
      - nosniff
    status:
      code: 200
      message: OK
- request:
    body: null
    headers:
      Accept:
      - '*/*'
      Accept-Encoding:
      - gzip, deflate
      CommandName:
      - servicebus namespace update
      Connection:
      - keep-alive
      ParameterSetName:
      - --resource-group --name --tags
      User-Agent:
      - AZURECLI/2.43.0 azsdk-python-azure-mgmt-servicebus/8.1.0 Python/3.8.0 (Windows-10-10.0.19041-SP0)
    method: GET
    uri: https://management.azure.com/subscriptions/00000000-0000-0000-0000-000000000000/resourceGroups/cli_test_sb_namespace000001/providers/Microsoft.ServiceBus/namespaces/sb-nscli000002?api-version=2022-01-01-preview
  response:
    body:
      string: '{"sku":{"name":"Standard","tier":"Standard"},"id":"/subscriptions/00000000-0000-0000-0000-000000000000/resourceGroups/cli_test_sb_namespace000001/providers/Microsoft.ServiceBus/namespaces/sb-nscli000002","name":"sb-nscli000002","type":"Microsoft.ServiceBus/Namespaces","location":"West
        US","tags":{"{tag1":"value1}"},"properties":{"minimumTlsVersion":"1.2","publicNetworkAccess":"Enabled","disableLocalAuth":false,"zoneRedundant":false,"provisioningState":"Succeeded","metricId":"326100e2-f69d-4268-8503-075374f62b6e:sb-nscli000002","createdAt":"2023-02-08T04:48:11.453Z","updatedAt":"2023-02-08T04:49:51.657Z","serviceBusEndpoint":"https://sb-nscli000002.servicebus.windows.net:443/","status":"Active"}}'
    headers:
      cache-control:
      - no-cache
      content-length:
      - '704'
      content-type:
      - application/json; charset=utf-8
      date:
      - Wed, 08 Feb 2023 04:50:22 GMT
      expires:
      - '-1'
      pragma:
      - no-cache
      server:
      - Service-Bus-Resource-Provider/SN1
      - Microsoft-HTTPAPI/2.0
      server-sb:
      - Service-Bus-Resource-Provider/SN1
      strict-transport-security:
      - max-age=31536000; includeSubDomains
      transfer-encoding:
      - chunked
      vary:
      - Accept-Encoding
      x-content-type-options:
      - nosniff
    status:
      code: 200
      message: OK
- request:
    body: null
    headers:
      Accept:
      - application/json
      Accept-Encoding:
      - gzip, deflate
      CommandName:
      - servicebus namespace list
      Connection:
      - keep-alive
      User-Agent:
      - AZURECLI/2.43.0 azsdk-python-azure-mgmt-servicebus/8.1.0 Python/3.8.0 (Windows-10-10.0.19041-SP0)
    method: GET
    uri: https://management.azure.com/subscriptions/00000000-0000-0000-0000-000000000000/providers/Microsoft.ServiceBus/namespaces?api-version=2022-01-01-preview
  response:
    body:
      string: '{"value":[{"sku":{"name":"Standard","tier":"Standard"},"id":"/subscriptions/00000000-0000-0000-0000-000000000000/resourceGroups/v-carrue-powershelltest/providers/Microsoft.ServiceBus/namespaces/v-carrue-ns1","name":"v-carrue-ns1","type":"Microsoft.ServiceBus/Namespaces","location":"West
        US 2","tags":{},"properties":{"minimumTlsVersion":"1.0","publicNetworkAccess":"Enabled","disableLocalAuth":false,"zoneRedundant":false,"provisioningState":"Succeeded","metricId":"326100e2-f69d-4268-8503-075374f62b6e:v-carrue-ns1","createdAt":"2021-04-08T23:48:28.973Z","updatedAt":"2021-04-08T23:49:11.203Z","serviceBusEndpoint":"https://v-carrue-ns1.servicebus.windows.net:443/","status":"Active"}},{"sku":{"name":"Basic","tier":"Basic"},"id":"/subscriptions/00000000-0000-0000-0000-000000000000/resourceGroups/suparame-rg/providers/Microsoft.ServiceBus/namespaces/SuparameSbusTest","name":"SuparameSbusTest","type":"Microsoft.ServiceBus/Namespaces","location":"West
        US","tags":{},"properties":{"minimumTlsVersion":"1.0","publicNetworkAccess":"Enabled","disableLocalAuth":false,"zoneRedundant":false,"provisioningState":"Succeeded","metricId":"326100e2-f69d-4268-8503-075374f62b6e:suparamesbustest","createdAt":"2021-06-01T19:19:37.613Z","updatedAt":"2021-06-01T19:20:20.14Z","serviceBusEndpoint":"https://SuparameSbusTest.servicebus.windows.net:443/","status":"Active"}},{"sku":{"name":"Standard","tier":"Standard"},"id":"/subscriptions/00000000-0000-0000-0000-000000000000/resourceGroups/SB-Intern2021ResourceGroup/providers/Microsoft.ServiceBus/namespaces/sophia-explore","name":"sophia-explore","type":"Microsoft.ServiceBus/Namespaces","location":"East
        US","tags":{},"properties":{"minimumTlsVersion":"1.0","publicNetworkAccess":"Enabled","disableLocalAuth":false,"zoneRedundant":false,"provisioningState":"Succeeded","metricId":"326100e2-f69d-4268-8503-075374f62b6e:sophia-explore","createdAt":"2021-06-15T21:30:00.227Z","updatedAt":"2021-06-15T21:30:41.93Z","serviceBusEndpoint":"https://sophia-explore.servicebus.windows.net:443/","status":"Active"}},{"sku":{"name":"Standard","tier":"Standard"},"id":"/subscriptions/00000000-0000-0000-0000-000000000000/resourceGroups/dorothytest/providers/Microsoft.ServiceBus/namespaces/standardnewapi","name":"standardnewapi","type":"Microsoft.ServiceBus/Namespaces","location":"East
        US","tags":{},"properties":{"minimumTlsVersion":"1.0","publicNetworkAccess":"Enabled","disableLocalAuth":false,"zoneRedundant":false,"provisioningState":"Succeeded","metricId":"326100e2-f69d-4268-8503-075374f62b6e:standardnewapi","createdAt":"2021-07-12T17:45:32.617Z","updatedAt":"2021-07-12T17:46:16.403Z","serviceBusEndpoint":"https://standardnewapi.servicebus.windows.net:443/","status":"Active"}},{"sku":{"name":"Standard","tier":"Standard"},"id":"/subscriptions/00000000-0000-0000-0000-000000000000/resourceGroups/Ardsouza-MoveTest-WestEurope-Source-1/providers/Microsoft.ServiceBus/namespaces/spsbusns08043","name":"spsbusns08043","type":"Microsoft.ServiceBus/Namespaces","location":"East
        US","tags":{},"properties":{"minimumTlsVersion":"1.0","publicNetworkAccess":"Enabled","disableLocalAuth":false,"zoneRedundant":false,"provisioningState":"Succeeded","metricId":"326100e2-f69d-4268-8503-075374f62b6e:spsbusns08043","createdAt":"2021-08-04T22:07:17.28Z","updatedAt":"2021-08-04T22:08:01.633Z","serviceBusEndpoint":"https://spsbusns08043.servicebus.windows.net:443/","status":"Active"}},{"sku":{"name":"Premium","tier":"Premium","capacity":1},"id":"/subscriptions/00000000-0000-0000-0000-000000000000/resourceGroups/PPGTest/providers/Microsoft.ServiceBus/namespaces/TestSBPrim0901","name":"TestSBPrim0901","type":"Microsoft.ServiceBus/Namespaces","location":"Central
        US EUAP","tags":{},"identity":{"principalId":"6b33d086-ffbd-4ccb-8b66-40ab9405cb6a","tenantId":"72f988bf-86f1-41af-91ab-2d7cd011db47","type":"SystemAssigned"},"properties":{"minimumTlsVersion":"1.2","publicNetworkAccess":"Enabled","disableLocalAuth":false,"zoneRedundant":false,"provisioningState":"Succeeded","metricId":"326100e2-f69d-4268-8503-075374f62b6e:testsbprim0901","createdAt":"2021-09-02T01:02:44.753Z","updatedAt":"2022-12-31T19:40:09.313Z","serviceBusEndpoint":"https://TestSBPrim0901.servicebus.windows.net:443/","status":"Active"}},{"sku":{"name":"Premium","tier":"Premium","capacity":1},"id":"/subscriptions/00000000-0000-0000-0000-000000000000/resourceGroups/PPGTest/providers/Microsoft.ServiceBus/namespaces/TestSBPremSec0901","name":"TestSBPremSec0901","type":"Microsoft.ServiceBus/Namespaces","location":"East
        US","tags":{},"properties":{"minimumTlsVersion":"1.2","publicNetworkAccess":"Enabled","disableLocalAuth":false,"zoneRedundant":false,"provisioningState":"Succeeded","metricId":"326100e2-f69d-4268-8503-075374f62b6e:testsbpremsec0901","createdAt":"2021-09-02T01:10:50.98Z","updatedAt":"2022-12-31T19:41:17.513Z","serviceBusEndpoint":"https://TestSBPremSec0901.servicebus.windows.net:443/","status":"Active"}},{"sku":{"name":"Standard","tier":"Standard"},"id":"/subscriptions/00000000-0000-0000-0000-000000000000/resourceGroups/EventHubsVNETTestingRG/providers/Microsoft.ServiceBus/namespaces/sdk-Namespace-5506","name":"sdk-Namespace-5506","type":"Microsoft.ServiceBus/Namespaces","location":"West
        Central US","tags":{"tag1":"value1","tag2":"value2"},"properties":{"minimumTlsVersion":"1.0","publicNetworkAccess":"Enabled","disableLocalAuth":false,"zoneRedundant":false,"provisioningState":"Succeeded","metricId":"326100e2-f69d-4268-8503-075374f62b6e:sdk-namespace-5506","createdAt":"2021-09-22T21:15:19.707Z","updatedAt":"2021-09-22T21:24:59.14Z","serviceBusEndpoint":"https://sdk-Namespace-5506.servicebus.windows.net:443/","status":"Active","alternateName":"sdk-PostMigration-5506"}},{"sku":{"name":"Standard","tier":"Standard"},"id":"/subscriptions/00000000-0000-0000-0000-000000000000/resourceGroups/cli_test_eh_networkwrj55aatxlgxucsba6igeidap7hqov64fz6i6fhkxg2q66tsychlm5im/providers/Microsoft.ServiceBus/namespaces/servicebus-nsclidurp","name":"servicebus-nsclidurp","type":"Microsoft.ServiceBus/Namespaces","location":"East
        US","tags":{"{tag1":"value1}"},"properties":{"minimumTlsVersion":"1.0","publicNetworkAccess":"Enabled","disableLocalAuth":false,"zoneRedundant":false,"provisioningState":"Succeeded","metricId":"326100e2-f69d-4268-8503-075374f62b6e:servicebus-nsclidurp","createdAt":"2021-09-30T00:42:42.94Z","updatedAt":"2021-09-30T00:43:27.07Z","serviceBusEndpoint":"https://servicebus-nsclidurp.servicebus.windows.net:443/","status":"Active"}},{"sku":{"name":"Standard","tier":"Standard"},"id":"/subscriptions/00000000-0000-0000-0000-000000000000/resourceGroups/cli_test_eh_networkb6dybi7i77qadmwp3x7qn4fsvzex5svqgkd23ljbqqekhpuqpewxl5ox/providers/Microsoft.ServiceBus/namespaces/servicebus-nsclimdvj","name":"servicebus-nsclimdvj","type":"Microsoft.ServiceBus/Namespaces","location":"East
        US","tags":{"{tag1":"value1}"},"properties":{"minimumTlsVersion":"1.0","publicNetworkAccess":"Enabled","disableLocalAuth":false,"zoneRedundant":false,"provisioningState":"Succeeded","metricId":"326100e2-f69d-4268-8503-075374f62b6e:servicebus-nsclimdvj","createdAt":"2021-09-30T01:41:09.41Z","updatedAt":"2021-09-30T01:41:52.31Z","serviceBusEndpoint":"https://servicebus-nsclimdvj.servicebus.windows.net:443/","status":"Active"}},{"sku":{"name":"Standard","tier":"Standard"},"id":"/subscriptions/00000000-0000-0000-0000-000000000000/resourceGroups/cli_test_eh_networkteenbwgqgyyl2y6iy7uyajvcvzeffcawclhjplzvgypwqep53ptcz56k/providers/Microsoft.ServiceBus/namespaces/servicebus-nscligk4i","name":"servicebus-nscligk4i","type":"Microsoft.ServiceBus/Namespaces","location":"East
        US","tags":{"{tag1":"value1}"},"properties":{"minimumTlsVersion":"1.0","publicNetworkAccess":"Enabled","disableLocalAuth":false,"zoneRedundant":false,"provisioningState":"Succeeded","metricId":"326100e2-f69d-4268-8503-075374f62b6e:servicebus-nscligk4i","createdAt":"2021-09-30T02:07:26.58Z","updatedAt":"2021-09-30T02:08:08.96Z","serviceBusEndpoint":"https://servicebus-nscligk4i.servicebus.windows.net:443/","status":"Active"}},{"sku":{"name":"Premium","tier":"Premium","capacity":1},"id":"/subscriptions/00000000-0000-0000-0000-000000000000/resourceGroups/EventHubsVNETTestingRG/providers/Microsoft.ServiceBus/namespaces/sdk-Namespace-7912","name":"sdk-Namespace-7912","type":"Microsoft.ServiceBus/Namespaces","location":"West
        Central US","tags":{"tag1":"value1","tag2":"value2"},"properties":{"minimumTlsVersion":"1.0","publicNetworkAccess":"Enabled","disableLocalAuth":false,"zoneRedundant":false,"provisioningState":"Succeeded","metricId":"326100e2-f69d-4268-8503-075374f62b6e:sdk-namespace-7912","createdAt":"2021-10-25T10:43:06.873Z","updatedAt":"2021-10-25T11:35:04.843Z","serviceBusEndpoint":"https://sdk-Namespace-7912.servicebus.windows.net:443/","status":"Active"}},{"sku":{"name":"Standard","tier":"Standard"},"id":"/subscriptions/00000000-0000-0000-0000-000000000000/resourceGroups/EventHubsVNETTestingRG/providers/Microsoft.ServiceBus/namespaces/sdk-Namespace-6064","name":"sdk-Namespace-6064","type":"Microsoft.ServiceBus/Namespaces","location":"West
        Central US","tags":{"tag1":"value1","tag2":"value2"},"properties":{"minimumTlsVersion":"1.0","publicNetworkAccess":"Enabled","disableLocalAuth":false,"zoneRedundant":false,"provisioningState":"Succeeded","metricId":"326100e2-f69d-4268-8503-075374f62b6e:sdk-namespace-6064","createdAt":"2021-10-25T11:28:25.843Z","updatedAt":"2021-10-25T11:35:10.567Z","serviceBusEndpoint":"https://sdk-Namespace-6064.servicebus.windows.net:443/","status":"Active","alternateName":"sdk-PostMigration-4665"}},{"sku":{"name":"Standard","tier":"Standard"},"id":"/subscriptions/00000000-0000-0000-0000-000000000000/resourceGroups/dorothytest/providers/Microsoft.ServiceBus/namespaces/standardregressiontest","name":"standardregressiontest","type":"Microsoft.ServiceBus/Namespaces","location":"East
        US","tags":{},"properties":{"minimumTlsVersion":"1.0","publicNetworkAccess":"Enabled","disableLocalAuth":false,"zoneRedundant":false,"provisioningState":"Succeeded","metricId":"326100e2-f69d-4268-8503-075374f62b6e:standardregressiontest","createdAt":"2021-11-02T05:22:12.01Z","updatedAt":"2021-11-02T05:22:56.543Z","serviceBusEndpoint":"https://standardregressiontest.servicebus.windows.net:443/","status":"Active"}},{"sku":{"name":"Standard","tier":"Standard"},"id":"/subscriptions/00000000-0000-0000-0000-000000000000/resourceGroups/jakeschiller-synthetics/providers/Microsoft.ServiceBus/namespaces/synthetics-sb-ns","name":"synthetics-sb-ns","type":"Microsoft.ServiceBus/Namespaces","location":"East
        US","tags":{"jms-for":"cache"},"properties":{"minimumTlsVersion":"1.0","publicNetworkAccess":"Enabled","disableLocalAuth":false,"zoneRedundant":false,"provisioningState":"Succeeded","metricId":"326100e2-f69d-4268-8503-075374f62b6e:synthetics-sb-ns","createdAt":"2022-01-26T21:42:54.873Z","updatedAt":"2022-07-08T18:29:09.99Z","serviceBusEndpoint":"https://synthetics-sb-ns.servicebus.windows.net:443/","status":"Active"}},{"sku":{"name":"Premium","tier":"Premium","capacity":1},"id":"/subscriptions/00000000-0000-0000-0000-000000000000/resourceGroups/Default-ServiceBus-EASTUS2EUAP/providers/Microsoft.ServiceBus/namespaces/sbprem-perf-cbn-ns-1","name":"sbprem-perf-cbn-ns-1","type":"Microsoft.ServiceBus/Namespaces","location":"EAST
        US 2 EUAP","tags":{},"properties":{"minimumTlsVersion":"1.0","publicNetworkAccess":"Enabled","disableLocalAuth":false,"zoneRedundant":true,"provisioningState":"Failed","metricId":"326100e2-f69d-4268-8503-075374f62b6e:sbprem-perf-cbn-ns-1","createdAt":"2022-01-31T23:43:38.71Z","updatedAt":"2022-06-01T21:49:33.537Z","serviceBusEndpoint":"https://sbprem-perf-cbn-ns-1.servicebus.windows.net:443/","status":"Activating"}},{"sku":{"name":"Standard","tier":"Standard"},"id":"/subscriptions/00000000-0000-0000-0000-000000000000/resourceGroups/rg-eldert-pg/providers/Microsoft.ServiceBus/namespaces/sb-eldert-pg","name":"sb-eldert-pg","type":"Microsoft.ServiceBus/Namespaces","location":"East
        US 2","tags":{},"properties":{"minimumTlsVersion":"1.0","publicNetworkAccess":"Enabled","disableLocalAuth":false,"zoneRedundant":false,"provisioningState":"Succeeded","metricId":"326100e2-f69d-4268-8503-075374f62b6e:sb-eldert-pg","createdAt":"2022-02-09T22:18:45.293Z","updatedAt":"2022-04-04T02:57:41.057Z","serviceBusEndpoint":"https://sb-eldert-pg.servicebus.windows.net:443/","status":"Active","alternateName":"sb-eldert-pg-standard"}},{"sku":{"name":"Standard","tier":"Standard"},"id":"/subscriptions/00000000-0000-0000-0000-000000000000/resourceGroups/ps8383/providers/Microsoft.ServiceBus/namespaces/ServiceBus-STDNamespace-8049","name":"ServiceBus-STDNamespace-8049","type":"Microsoft.ServiceBus/Namespaces","location":"South
        Central US","tags":{},"properties":{"minimumTlsVersion":"1.0","publicNetworkAccess":"Enabled","disableLocalAuth":false,"zoneRedundant":false,"provisioningState":"Succeeded","metricId":"326100e2-f69d-4268-8503-075374f62b6e:servicebus-stdnamespace-8049","createdAt":"2022-02-16T14:59:22.237Z","updatedAt":"2022-02-16T15:06:07.67Z","serviceBusEndpoint":"https://ServiceBus-STDNamespace-8049.servicebus.windows.net:443/","status":"Active","alternateName":"PostMigration-Name-3646"}},{"sku":{"name":"Premium","tier":"Premium","capacity":1},"id":"/subscriptions/00000000-0000-0000-0000-000000000000/resourceGroups/ps8383/providers/Microsoft.ServiceBus/namespaces/ServiceBus-PRENamespace-8744","name":"ServiceBus-PRENamespace-8744","type":"Microsoft.ServiceBus/Namespaces","location":"North
        Central US","tags":{},"properties":{"minimumTlsVersion":"1.0","publicNetworkAccess":"Enabled","disableLocalAuth":false,"zoneRedundant":false,"provisioningState":"Succeeded","metricId":"326100e2-f69d-4268-8503-075374f62b6e:servicebus-prenamespace-8744","createdAt":"2022-02-16T15:00:30.94Z","updatedAt":"2022-02-16T15:05:57.88Z","serviceBusEndpoint":"https://ServiceBus-PRENamespace-8744.servicebus.windows.net:443/","status":"Active"}},{"sku":{"name":"Premium","tier":"Premium","capacity":1},"id":"/subscriptions/00000000-0000-0000-0000-000000000000/resourceGroups/cli_test_sb_aliast2seb6uiraga2np5lweiufaxq64glozljlzhjhj3fcla4zct3swtvszahw/providers/Microsoft.ServiceBus/namespaces/sb-nscli4sweuzamk5wa","name":"sb-nscli4sweuzamk5wa","type":"Microsoft.ServiceBus/Namespaces","location":"South
        Central US","tags":{"{tag1: value1,":"","tag2: value2}":""},"properties":{"minimumTlsVersion":"1.0","publicNetworkAccess":"Enabled","disableLocalAuth":false,"zoneRedundant":false,"provisioningState":"Succeeded","metricId":"326100e2-f69d-4268-8503-075374f62b6e:sb-nscli4sweuzamk5wa","createdAt":"2022-02-22T04:06:39.203Z","updatedAt":"2022-02-22T04:11:45.95Z","serviceBusEndpoint":"https://sb-nscli4sweuzamk5wa.servicebus.windows.net:443/","status":"Active"}},{"sku":{"name":"Premium","tier":"Premium","capacity":1},"id":"/subscriptions/00000000-0000-0000-0000-000000000000/resourceGroups/cli_test_sb_aliast2seb6uiraga2np5lweiufaxq64glozljlzhjhj3fcla4zct3swtvszahw/providers/Microsoft.ServiceBus/namespaces/sb-nsclitm6qtnps6jqu","name":"sb-nsclitm6qtnps6jqu","type":"Microsoft.ServiceBus/Namespaces","location":"North
        Central US","tags":{"{tag1: value1,":"","tag2: value2}":""},"properties":{"minimumTlsVersion":"1.0","publicNetworkAccess":"Enabled","disableLocalAuth":false,"zoneRedundant":false,"provisioningState":"Succeeded","metricId":"326100e2-f69d-4268-8503-075374f62b6e:sb-nsclitm6qtnps6jqu","createdAt":"2022-02-22T04:08:21.133Z","updatedAt":"2022-02-22T04:11:48.73Z","serviceBusEndpoint":"https://sb-nsclitm6qtnps6jqu.servicebus.windows.net:443/","status":"Active"}},{"sku":{"name":"Standard","tier":"Standard"},"id":"/subscriptions/00000000-0000-0000-0000-000000000000/resourceGroups/rg-minimum-tls-sample/providers/Microsoft.ServiceBus/namespaces/sb-minimum-tls-sample","name":"sb-minimum-tls-sample","type":"Microsoft.ServiceBus/Namespaces","location":"West
        US","tags":{"Owner":"Eldert Grootenboer"},"properties":{"minimumTlsVersion":"1.0","publicNetworkAccess":"Enabled","disableLocalAuth":false,"zoneRedundant":false,"provisioningState":"Succeeded","metricId":"326100e2-f69d-4268-8503-075374f62b6e:sb-minimum-tls-sample","createdAt":"2022-03-21T17:30:32.467Z","updatedAt":"2022-03-21T17:31:16.66Z","serviceBusEndpoint":"https://sb-minimum-tls-sample.servicebus.windows.net:443/","status":"Active"}},{"sku":{"name":"Standard","tier":"Standard"},"id":"/subscriptions/00000000-0000-0000-0000-000000000000/resourceGroups/spsbusrg/providers/Microsoft.ServiceBus/namespaces/spsbusns0412","name":"spsbusns0412","type":"Microsoft.ServiceBus/Namespaces","location":"East
        US","tags":{},"properties":{"minimumTlsVersion":"1.0","publicNetworkAccess":"Enabled","disableLocalAuth":false,"zoneRedundant":false,"provisioningState":"Succeeded","metricId":"326100e2-f69d-4268-8503-075374f62b6e:spsbusns0412","createdAt":"2022-04-12T21:39:51.047Z","updatedAt":"2022-04-12T21:40:35.39Z","serviceBusEndpoint":"https://spsbusns0412.servicebus.windows.net:443/","status":"Active"}},{"sku":{"name":"Premium","tier":"Premium","capacity":1},"id":"/subscriptions/00000000-0000-0000-0000-000000000000/resourceGroups/Default-ServiceBus-EASTUS2EUAP/providers/Microsoft.ServiceBus/namespaces/vijayperftest2","name":"vijayperftest2","type":"Microsoft.ServiceBus/Namespaces","location":"EAST
        US 2 EUAP","tags":{},"properties":{"minimumTlsVersion":"1.0","publicNetworkAccess":"Enabled","disableLocalAuth":false,"zoneRedundant":true,"provisioningState":"Failed","metricId":"326100e2-f69d-4268-8503-075374f62b6e:vijayperftest2","createdAt":"2022-04-14T22:48:57.633Z","updatedAt":"2022-06-01T21:49:33.53Z","serviceBusEndpoint":"https://vijayperftest2.servicebus.windows.net:443/","status":"Activating"}},{"sku":{"name":"Standard","tier":"Standard"},"id":"/subscriptions/00000000-0000-0000-0000-000000000000/resourceGroups/rg-eldert-empower-your-azure-iac-with-bicep/providers/Microsoft.ServiceBus/namespaces/contoso-service-bus","name":"contoso-service-bus","type":"Microsoft.ServiceBus/Namespaces","location":"West
        US 2","tags":{},"properties":{"minimumTlsVersion":"1.0","publicNetworkAccess":"Enabled","disableLocalAuth":false,"zoneRedundant":false,"provisioningState":"Succeeded","metricId":"326100e2-f69d-4268-8503-075374f62b6e:contoso-service-bus","createdAt":"2022-04-15T21:10:11.32Z","updatedAt":"2022-04-15T21:10:54.23Z","serviceBusEndpoint":"https://contoso-service-bus.servicebus.windows.net:443/","status":"Active"}},{"sku":{"name":"Standard","tier":"Standard"},"id":"/subscriptions/00000000-0000-0000-0000-000000000000/resourceGroups/TestingSDK20220101/providers/Microsoft.ServiceBus/namespaces/sdk-Namespace-7033","name":"sdk-Namespace-7033","type":"Microsoft.ServiceBus/Namespaces","location":"Australia
        East","tags":{"tag1":"value1","tag2":"value2"},"properties":{"minimumTlsVersion":"1.2","publicNetworkAccess":"Enabled","disableLocalAuth":false,"zoneRedundant":false,"provisioningState":"Succeeded","metricId":"326100e2-f69d-4268-8503-075374f62b6e:sdk-namespace-7033","createdAt":"2022-04-21T22:01:13.913Z","updatedAt":"2022-04-21T22:01:58.623Z","serviceBusEndpoint":"https://sdk-Namespace-7033.servicebus.windows.net:443/","status":"Active"}},{"sku":{"name":"Standard","tier":"Standard"},"id":"/subscriptions/00000000-0000-0000-0000-000000000000/resourceGroups/TestingSDK20220101/providers/Microsoft.ServiceBus/namespaces/sdk-Namespace-5025","name":"sdk-Namespace-5025","type":"Microsoft.ServiceBus/Namespaces","location":"Australia
        East","tags":{"tag1":"value1","tag2":"value2"},"properties":{"minimumTlsVersion":"1.2","publicNetworkAccess":"Enabled","disableLocalAuth":false,"zoneRedundant":false,"provisioningState":"Succeeded","metricId":"326100e2-f69d-4268-8503-075374f62b6e:sdk-namespace-5025","createdAt":"2022-04-21T22:16:39.923Z","updatedAt":"2022-04-21T22:17:25.36Z","serviceBusEndpoint":"https://sdk-Namespace-5025.servicebus.windows.net:443/","status":"Active"}},{"sku":{"name":"Standard","tier":"Standard"},"id":"/subscriptions/00000000-0000-0000-0000-000000000000/resourceGroups/jagstest/providers/Microsoft.ServiceBus/namespaces/jagsPMmintls","name":"jagsPMmintls","type":"Microsoft.ServiceBus/Namespaces","location":"East
        US","tags":{},"properties":{"minimumTlsVersion":"1.2","publicNetworkAccess":"Enabled","disableLocalAuth":false,"zoneRedundant":false,"provisioningState":"Succeeded","metricId":"326100e2-f69d-4268-8503-075374f62b6e:jagspmmintls","createdAt":"2022-04-27T18:09:53.973Z","updatedAt":"2022-04-27T18:30:41.993Z","serviceBusEndpoint":"https://jagsPMmintls.servicebus.windows.net:443/","status":"Active"}},{"sku":{"name":"Premium","tier":"Premium","capacity":1},"id":"/subscriptions/00000000-0000-0000-0000-000000000000/resourceGroups/Default-ServiceBus-EASTUS2EUAP/providers/Microsoft.ServiceBus/namespaces/vijayperftest7","name":"vijayperftest7","type":"Microsoft.ServiceBus/Namespaces","location":"EAST
        US 2 EUAP","tags":{},"properties":{"minimumTlsVersion":"1.0","publicNetworkAccess":"Enabled","disableLocalAuth":false,"zoneRedundant":true,"provisioningState":"Failed","metricId":"326100e2-f69d-4268-8503-075374f62b6e:vijayperftest7","createdAt":"2022-04-28T00:22:48.597Z","updatedAt":"2022-06-01T21:49:33.53Z","serviceBusEndpoint":"https://vijayperftest7.servicebus.windows.net:443/","status":"Activating"}},{"sku":{"name":"Standard","tier":"Standard"},"id":"/subscriptions/00000000-0000-0000-0000-000000000000/resourceGroups/spsbusrg/providers/Microsoft.ServiceBus/namespaces/sptlsns0510","name":"sptlsns0510","type":"Microsoft.ServiceBus/Namespaces","location":"East
        US","tags":{},"properties":{"minimumTlsVersion":"1.2","publicNetworkAccess":"Enabled","disableLocalAuth":false,"zoneRedundant":false,"provisioningState":"Succeeded","metricId":"326100e2-f69d-4268-8503-075374f62b6e:sptlsns0510","createdAt":"2022-05-10T18:37:45.837Z","updatedAt":"2022-05-10T18:38:29.23Z","serviceBusEndpoint":"https://sptlsns0510.servicebus.windows.net:443/","status":"Active"}},{"sku":{"name":"Premium","tier":"Premium","capacity":1},"id":"/subscriptions/00000000-0000-0000-0000-000000000000/resourceGroups/cli_test_sb_privateyh52pynvfafabynpghrgrtmgx3cg2exbaafx6a3dlwhxxnwvnuredxr4/providers/Microsoft.ServiceBus/namespaces/servicebus-nsclifr66","name":"servicebus-nsclifr66","type":"Microsoft.ServiceBus/Namespaces","location":"East
        US","tags":{"{tag1":"value1}"},"properties":{"minimumTlsVersion":"1.0","publicNetworkAccess":"Enabled","disableLocalAuth":false,"zoneRedundant":false,"privateEndpointConnections":[{"id":"/subscriptions/00000000-0000-0000-0000-000000000000/providers/Microsoft.ServiceBus/namespaces/privateEndpointConnections/a8c89231-6cd1-47a5-98ac-87e51283ef43","name":"a8c89231-6cd1-47a5-98ac-87e51283ef43","type":"Microsoft.ServiceBus/Namespaces/PrivateEndpointConnections","location":"East
        US","properties":{"provisioningState":"Succeeded","privateEndpoint":{"id":"/subscriptions/00000000-0000-0000-0000-000000000000/resourceGroups/cli_test_sb_privateyh52pynvfafabynpghrgrtmgx3cg2exbaafx6a3dlwhxxnwvnuredxr4/providers/Microsoft.Network/privateEndpoints/cli-pe-ay4qn7os5r3w3j4yw"},"privateLinkServiceConnectionState":{"status":"Rejected","description":""},"groupIds":["namespace"]}}],"provisioningState":"Succeeded","metricId":"326100e2-f69d-4268-8503-075374f62b6e:servicebus-nsclifr66","createdAt":"2022-05-13T17:11:57.133Z","updatedAt":"2022-05-13T17:13:15.163Z","serviceBusEndpoint":"https://servicebus-nsclifr66.servicebus.windows.net:443/","status":"Active"}},{"sku":{"name":"Premium","tier":"Premium","capacity":1},"id":"/subscriptions/00000000-0000-0000-0000-000000000000/resourceGroups/spsbusrg/providers/Microsoft.ServiceBus/namespaces/spsbuspremns0516","name":"spsbuspremns0516","type":"Microsoft.ServiceBus/Namespaces","location":"East
        US","tags":{},"properties":{"minimumTlsVersion":"1.0","publicNetworkAccess":"Enabled","disableLocalAuth":false,"zoneRedundant":false,"provisioningState":"Succeeded","metricId":"326100e2-f69d-4268-8503-075374f62b6e:spsbuspremns0516","createdAt":"2022-05-16T19:10:24.013Z","updatedAt":"2023-02-05T23:06:44.797Z","serviceBusEndpoint":"https://spsbuspremns0516.servicebus.windows.net:443/","status":"Active"}},{"sku":{"name":"Premium","tier":"Premium","capacity":1},"id":"/subscriptions/00000000-0000-0000-0000-000000000000/resourceGroups/spsbuspremrgimport/providers/Microsoft.ServiceBus/namespaces/spsbuspremnsimport0516","name":"spsbuspremnsimport0516","type":"Microsoft.ServiceBus/Namespaces","location":"East
        US","tags":{},"properties":{"minimumTlsVersion":"1.0","publicNetworkAccess":"Enabled","disableLocalAuth":false,"zoneRedundant":false,"provisioningState":"Succeeded","metricId":"326100e2-f69d-4268-8503-075374f62b6e:spsbuspremnsimport0516","createdAt":"2022-05-16T20:03:33.607Z","updatedAt":"2022-05-16T20:04:46.26Z","serviceBusEndpoint":"https://spsbuspremnsimport0516.servicebus.windows.net:443/","status":"Active"}},{"sku":{"name":"Premium","tier":"Premium","capacity":1},"id":"/subscriptions/00000000-0000-0000-0000-000000000000/resourceGroups/spsbuspremimportrg2/providers/Microsoft.ServiceBus/namespaces/spsbuspremnsimport05162","name":"spsbuspremnsimport05162","type":"Microsoft.ServiceBus/Namespaces","location":"East
        US","tags":{},"properties":{"minimumTlsVersion":"1.0","publicNetworkAccess":"Enabled","disableLocalAuth":false,"zoneRedundant":false,"provisioningState":"Succeeded","metricId":"326100e2-f69d-4268-8503-075374f62b6e:spsbuspremnsimport05162","createdAt":"2022-05-16T20:09:18.567Z","updatedAt":"2023-02-05T23:07:09.567Z","serviceBusEndpoint":"https://spsbuspremnsimport05162.servicebus.windows.net:443/","status":"Active"}},{"sku":{"name":"Premium","tier":"Premium","capacity":1},"id":"/subscriptions/00000000-0000-0000-0000-000000000000/resourceGroups/spsbusarmrg0516/providers/Microsoft.ServiceBus/namespaces/spsbusarmns0516","name":"spsbusarmns0516","type":"Microsoft.ServiceBus/Namespaces","location":"East
        US","tags":{},"properties":{"minimumTlsVersion":"1.0","publicNetworkAccess":"Enabled","disableLocalAuth":false,"zoneRedundant":false,"provisioningState":"Succeeded","metricId":"326100e2-f69d-4268-8503-075374f62b6e:spsbusarmns0516","createdAt":"2022-05-17T01:21:33.28Z","updatedAt":"2023-02-05T23:01:06.907Z","serviceBusEndpoint":"https://spsbusarmns0516.servicebus.windows.net:443/","status":"Active"}},{"sku":{"name":"Premium","tier":"Premium","capacity":1},"id":"/subscriptions/00000000-0000-0000-0000-000000000000/resourceGroups/rg-eldert-implementing-an-event-sourcing-strategy-on-azure/providers/Microsoft.ServiceBus/namespaces/sb-implementing-event-sourcing-strategy","name":"sb-implementing-event-sourcing-strategy","type":"Microsoft.ServiceBus/Namespaces","location":"West
        US 2","tags":{},"properties":{"minimumTlsVersion":"1.2","publicNetworkAccess":"Enabled","disableLocalAuth":false,"zoneRedundant":true,"provisioningState":"Succeeded","metricId":"326100e2-f69d-4268-8503-075374f62b6e:sb-implementing-event-sourcing-strategy","createdAt":"2022-05-27T00:56:33.893Z","updatedAt":"2022-12-06T18:15:02.64Z","serviceBusEndpoint":"https://sb-implementing-event-sourcing-strategy.servicebus.windows.net:443/","status":"Active"}},{"sku":{"name":"Premium","tier":"Premium","capacity":1},"id":"/subscriptions/00000000-0000-0000-0000-000000000000/resourceGroups/rg-eldert-pg/providers/Microsoft.ServiceBus/namespaces/sb-eldert-premium-pg","name":"sb-eldert-premium-pg","type":"Microsoft.ServiceBus/Namespaces","location":"West
        US 2","tags":{},"properties":{"minimumTlsVersion":"1.2","publicNetworkAccess":"Enabled","disableLocalAuth":false,"zoneRedundant":true,"privateEndpointConnections":[{"id":"/subscriptions/00000000-0000-0000-0000-000000000000/providers/Microsoft.ServiceBus/namespaces/privateEndpointConnections/649fe754-3fdf-4d43-a672-c90dd9045e0a","name":"649fe754-3fdf-4d43-a672-c90dd9045e0a","type":"Microsoft.ServiceBus/Namespaces/PrivateEndpointConnections","location":"West
        US 2","properties":{"provisioningState":"Succeeded","privateEndpoint":{"id":"/subscriptions/00000000-0000-0000-0000-000000000000/resourceGroups/rg-eldert-pg/providers/Microsoft.Network/privateEndpoints/pe-eldert-pg"},"privateLinkServiceConnectionState":{"status":"Approved","description":"Auto-Approved"},"groupIds":["namespace"]}}],"provisioningState":"Succeeded","metricId":"326100e2-f69d-4268-8503-075374f62b6e:sb-eldert-premium-pg","createdAt":"2022-05-31T22:20:50.39Z","updatedAt":"2022-10-14T20:48:17.98Z","serviceBusEndpoint":"https://sb-eldert-premium-pg.servicebus.windows.net:443/","status":"Active"}},{"sku":{"name":"Premium","tier":"Premium","capacity":1},"id":"/subscriptions/00000000-0000-0000-0000-000000000000/resourceGroups/damorg/providers/Microsoft.ServiceBus/namespaces/geodrbackup","name":"geodrbackup","type":"Microsoft.ServiceBus/Namespaces","location":"West
        US","tags":{},"properties":{"minimumTlsVersion":"1.2","publicNetworkAccess":"Enabled","disableLocalAuth":false,"zoneRedundant":false,"provisioningState":"Succeeded","metricId":"326100e2-f69d-4268-8503-075374f62b6e:geodrbackup","createdAt":"2022-06-03T10:07:15.727Z","updatedAt":"2022-06-10T08:03:55.733Z","serviceBusEndpoint":"https://geodrbackup.servicebus.windows.net:443/","status":"Active"}},{"sku":{"name":"Premium","tier":"Premium","capacity":1},"id":"/subscriptions/00000000-0000-0000-0000-000000000000/resourceGroups/EventHubsVNETTestingRG/providers/Microsoft.ServiceBus/namespaces/sdk-Namespace-8587","name":"sdk-Namespace-8587","type":"Microsoft.ServiceBus/Namespaces","location":"West
        US","tags":{"tag1":"value1","tag2":"value2"},"properties":{"minimumTlsVersion":"1.0","publicNetworkAccess":"Enabled","disableLocalAuth":false,"zoneRedundant":false,"provisioningState":"Succeeded","metricId":"326100e2-f69d-4268-8503-075374f62b6e:sdk-namespace-8587","createdAt":"2022-06-08T13:09:22.407Z","updatedAt":"2022-06-08T13:27:13.71Z","serviceBusEndpoint":"https://sdk-Namespace-8587.servicebus.windows.net:443/","status":"Disabled"}},{"sku":{"name":"Premium","tier":"Premium","capacity":1},"id":"/subscriptions/00000000-0000-0000-0000-000000000000/resourceGroups/RGTestingCreateCluster/providers/Microsoft.ServiceBus/namespaces/sdk-Namespace-6837","name":"sdk-Namespace-6837","type":"Microsoft.ServiceBus/Namespaces","location":"South
        Central US","tags":{"tag1":"value1","tag2":"value2"},"properties":{"minimumTlsVersion":"1.0","publicNetworkAccess":"Enabled","disableLocalAuth":false,"zoneRedundant":false,"provisioningState":"Succeeded","metricId":"326100e2-f69d-4268-8503-075374f62b6e:sdk-namespace-6837","createdAt":"2022-06-08T13:31:34.743Z","updatedAt":"2022-06-08T13:33:16.23Z","serviceBusEndpoint":"https://sdk-Namespace-6837.servicebus.windows.net:443/","status":"Active"}},{"sku":{"name":"Premium","tier":"Premium","capacity":1},"id":"/subscriptions/00000000-0000-0000-0000-000000000000/resourceGroups/DefaultResourceGroup-EUS2/providers/Microsoft.ServiceBus/namespaces/sdk-Namespace-8810","name":"sdk-Namespace-8810","type":"Microsoft.ServiceBus/Namespaces","location":"East
        US 2","tags":{"tag1":"value1","tag2":"value2"},"properties":{"minimumTlsVersion":"1.0","publicNetworkAccess":"Enabled","disableLocalAuth":false,"zoneRedundant":true,"provisioningState":"Succeeded","metricId":"326100e2-f69d-4268-8503-075374f62b6e:sdk-namespace-8810","createdAt":"2022-06-08T13:32:47.733Z","updatedAt":"2022-06-08T13:34:01.107Z","serviceBusEndpoint":"https://sdk-Namespace-8810.servicebus.windows.net:443/","status":"Active"}},{"sku":{"name":"Premium","tier":"Premium","capacity":1},"id":"/subscriptions/00000000-0000-0000-0000-000000000000/resourceGroups/RGTestingCreateCluster/providers/Microsoft.ServiceBus/namespaces/sdk-Namespace-4456","name":"sdk-Namespace-4456","type":"Microsoft.ServiceBus/Namespaces","location":"South
        Central US","tags":{"tag1":"value1","tag2":"value2"},"properties":{"minimumTlsVersion":"1.0","publicNetworkAccess":"Enabled","disableLocalAuth":false,"zoneRedundant":false,"provisioningState":"Succeeded","metricId":"326100e2-f69d-4268-8503-075374f62b6e:sdk-namespace-4456","createdAt":"2022-06-08T13:36:30.017Z","updatedAt":"2022-06-08T13:49:53.697Z","serviceBusEndpoint":"https://sdk-Namespace-4456.servicebus.windows.net:443/","status":"Active","alternateName":"sdk-DisasterRecovery8645"}},{"sku":{"name":"Premium","tier":"Premium","capacity":1},"id":"/subscriptions/00000000-0000-0000-0000-000000000000/resourceGroups/RGTestingCreateCluster/providers/Microsoft.ServiceBus/namespaces/sdk-Namespace-4885","name":"sdk-Namespace-4885","type":"Microsoft.ServiceBus/Namespaces","location":"North
        Central US","tags":{"tag1":"value1","tag2":"value2"},"properties":{"minimumTlsVersion":"1.0","publicNetworkAccess":"Enabled","disableLocalAuth":false,"zoneRedundant":false,"provisioningState":"Succeeded","metricId":"326100e2-f69d-4268-8503-075374f62b6e:sdk-namespace-4885","createdAt":"2022-06-08T13:38:15.643Z","updatedAt":"2022-06-08T13:51:26.41Z","serviceBusEndpoint":"https://sdk-Namespace-4885.servicebus.windows.net:443/","status":"Active"}},{"sku":{"name":"Premium","tier":"Premium","capacity":1},"id":"/subscriptions/00000000-0000-0000-0000-000000000000/resourceGroups/DefaultResourceGroup-EUS2/providers/Microsoft.ServiceBus/namespaces/sdk-Namespace-9022","name":"sdk-Namespace-9022","type":"Microsoft.ServiceBus/Namespaces","location":"East
        US 2","tags":{"tag3":"value3","tag4":"value4"},"properties":{"minimumTlsVersion":"1.0","publicNetworkAccess":"Enabled","disableLocalAuth":false,"zoneRedundant":true,"provisioningState":"Succeeded","metricId":"326100e2-f69d-4268-8503-075374f62b6e:sdk-namespace-9022","createdAt":"2022-06-08T13:54:41.563Z","updatedAt":"2022-06-08T13:56:31.21Z","serviceBusEndpoint":"https://sdk-Namespace-9022.servicebus.windows.net:443/","status":"Active"}},{"sku":{"name":"Premium","tier":"Premium","capacity":1},"id":"/subscriptions/00000000-0000-0000-0000-000000000000/resourceGroups/damorg/providers/Microsoft.ServiceBus/namespaces/geodrsec","name":"geodrsec","type":"Microsoft.ServiceBus/Namespaces","location":"West
        Central US","tags":{},"properties":{"minimumTlsVersion":"1.2","publicNetworkAccess":"Enabled","disableLocalAuth":false,"zoneRedundant":false,"provisioningState":"Succeeded","metricId":"326100e2-f69d-4268-8503-075374f62b6e:geodrsec","createdAt":"2022-06-10T06:30:54.383Z","updatedAt":"2022-06-10T08:03:57.317Z","serviceBusEndpoint":"https://geodrsec.servicebus.windows.net:443/","status":"Active"}},{"sku":{"name":"Standard","tier":"Standard"},"id":"/subscriptions/00000000-0000-0000-0000-000000000000/resourceGroups/spsbusrg/providers/Microsoft.ServiceBus/namespaces/contoso-service-bus-ns","name":"contoso-service-bus-ns","type":"Microsoft.ServiceBus/Namespaces","location":"East
        US","tags":{},"properties":{"minimumTlsVersion":"1.2","publicNetworkAccess":"Enabled","disableLocalAuth":false,"zoneRedundant":false,"provisioningState":"Succeeded","metricId":"326100e2-f69d-4268-8503-075374f62b6e:contoso-service-bus-ns","createdAt":"2022-06-14T20:02:39.237Z","updatedAt":"2022-06-14T20:03:22.84Z","serviceBusEndpoint":"https://contoso-service-bus-ns.servicebus.windows.net:443/","status":"Active"}},{"sku":{"name":"Standard","tier":"Standard"},"id":"/subscriptions/00000000-0000-0000-0000-000000000000/resourceGroups/spsbusrg/providers/Microsoft.ServiceBus/namespaces/spsbusns0617","name":"spsbusns0617","type":"Microsoft.ServiceBus/Namespaces","location":"East
        US","tags":{},"properties":{"minimumTlsVersion":"1.2","publicNetworkAccess":"Enabled","disableLocalAuth":false,"zoneRedundant":false,"provisioningState":"Succeeded","metricId":"326100e2-f69d-4268-8503-075374f62b6e:spsbusns0617","createdAt":"2022-06-17T15:16:10.293Z","updatedAt":"2022-06-17T15:16:54.407Z","serviceBusEndpoint":"https://spsbusns0617.servicebus.windows.net:443/","status":"Active"}},{"sku":{"name":"Premium","tier":"Premium","capacity":1},"id":"/subscriptions/00000000-0000-0000-0000-000000000000/resourceGroups/RGTestingCreateCluster/providers/Microsoft.ServiceBus/namespaces/sdk-Namespace-8755","name":"sdk-Namespace-8755","type":"Microsoft.ServiceBus/Namespaces","location":"South
        Central US","tags":{"tag1":"value1","tag2":"value2"},"properties":{"minimumTlsVersion":"1.0","publicNetworkAccess":"Enabled","disableLocalAuth":false,"zoneRedundant":false,"provisioningState":"Succeeded","metricId":"326100e2-f69d-4268-8503-075374f62b6e:sdk-namespace-8755","createdAt":"2022-06-20T08:01:50.84Z","updatedAt":"2022-06-20T08:19:28.517Z","serviceBusEndpoint":"https://sdk-Namespace-8755.servicebus.windows.net:443/","status":"Active","alternateName":"sdk-DisasterRecovery5454"}},{"sku":{"name":"Premium","tier":"Premium","capacity":1},"id":"/subscriptions/00000000-0000-0000-0000-000000000000/resourceGroups/RGTestingCreateCluster/providers/Microsoft.ServiceBus/namespaces/sdk-Namespace-9515","name":"sdk-Namespace-9515","type":"Microsoft.ServiceBus/Namespaces","location":"North
        Central US","tags":{"tag1":"value1","tag2":"value2"},"properties":{"minimumTlsVersion":"1.0","publicNetworkAccess":"Enabled","disableLocalAuth":false,"zoneRedundant":false,"provisioningState":"Succeeded","metricId":"326100e2-f69d-4268-8503-075374f62b6e:sdk-namespace-9515","createdAt":"2022-06-20T08:03:37.943Z","updatedAt":"2022-06-20T08:21:57.427Z","serviceBusEndpoint":"https://sdk-Namespace-9515.servicebus.windows.net:443/","status":"Active"}},{"sku":{"name":"Premium","tier":"Premium","capacity":1},"id":"/subscriptions/00000000-0000-0000-0000-000000000000/resourceGroups/EventHubsVNETTestingRG/providers/Microsoft.ServiceBus/namespaces/sdk-Namespace-356","name":"sdk-Namespace-356","type":"Microsoft.ServiceBus/Namespaces","location":"West
        Central US","tags":{"tag1":"value1","tag2":"value2"},"properties":{"minimumTlsVersion":"1.0","publicNetworkAccess":"Enabled","disableLocalAuth":false,"zoneRedundant":false,"provisioningState":"Succeeded","metricId":"326100e2-f69d-4268-8503-075374f62b6e:sdk-namespace-356","createdAt":"2022-06-20T10:17:56.817Z","updatedAt":"2022-06-20T10:24:54.94Z","serviceBusEndpoint":"https://sdk-Namespace-356.servicebus.windows.net:443/","status":"Active"}},{"sku":{"name":"Premium","tier":"Premium","capacity":1},"id":"/subscriptions/00000000-0000-0000-0000-000000000000/resourceGroups/EventHubsVNETTestingRG/providers/Microsoft.ServiceBus/namespaces/sdk-Namespace-7844","name":"sdk-Namespace-7844","type":"Microsoft.ServiceBus/Namespaces","location":"West
        US","tags":{"tag1":"value1","tag2":"value2"},"properties":{"minimumTlsVersion":"1.0","publicNetworkAccess":"Enabled","disableLocalAuth":false,"zoneRedundant":false,"provisioningState":"Succeeded","metricId":"326100e2-f69d-4268-8503-075374f62b6e:sdk-namespace-7844","createdAt":"2022-06-20T10:20:07.663Z","updatedAt":"2022-06-20T10:24:51.11Z","serviceBusEndpoint":"https://sdk-Namespace-7844.servicebus.windows.net:443/","status":"Active"}},{"sku":{"name":"Premium","tier":"Premium","capacity":1},"id":"/subscriptions/00000000-0000-0000-0000-000000000000/resourceGroups/EventHubsVNETTestingRG/providers/Microsoft.ServiceBus/namespaces/sdk-Namespace-7080","name":"sdk-Namespace-7080","type":"Microsoft.ServiceBus/Namespaces","location":"West
        Central US","tags":{"tag1":"value1","tag2":"value2"},"properties":{"minimumTlsVersion":"1.0","publicNetworkAccess":"Enabled","disableLocalAuth":false,"zoneRedundant":false,"provisioningState":"Succeeded","metricId":"326100e2-f69d-4268-8503-075374f62b6e:sdk-namespace-7080","createdAt":"2022-06-20T10:25:57.817Z","updatedAt":"2022-06-20T10:34:17.16Z","serviceBusEndpoint":"https://sdk-Namespace-7080.servicebus.windows.net:443/","status":"Active"}},{"sku":{"name":"Premium","tier":"Premium","capacity":1},"id":"/subscriptions/00000000-0000-0000-0000-000000000000/resourceGroups/EventHubsVNETTestingRG/providers/Microsoft.ServiceBus/namespaces/sdk-Namespace-8820","name":"sdk-Namespace-8820","type":"Microsoft.ServiceBus/Namespaces","location":"West
        US","tags":{"tag1":"value1","tag2":"value2"},"properties":{"minimumTlsVersion":"1.0","publicNetworkAccess":"Enabled","disableLocalAuth":false,"zoneRedundant":false,"provisioningState":"Succeeded","metricId":"326100e2-f69d-4268-8503-075374f62b6e:sdk-namespace-8820","createdAt":"2022-06-20T10:28:08.497Z","updatedAt":"2022-06-20T10:31:58.61Z","serviceBusEndpoint":"https://sdk-Namespace-8820.servicebus.windows.net:443/","status":"Active"}},{"sku":{"name":"Premium","tier":"Premium","capacity":1},"id":"/subscriptions/00000000-0000-0000-0000-000000000000/resourceGroups/EventHubsVNETTestingRG/providers/Microsoft.ServiceBus/namespaces/sdk-Namespace-8391","name":"sdk-Namespace-8391","type":"Microsoft.ServiceBus/Namespaces","location":"West
        Central US","tags":{"tag1":"value1","tag2":"value2"},"properties":{"minimumTlsVersion":"1.0","publicNetworkAccess":"Enabled","disableLocalAuth":false,"zoneRedundant":false,"provisioningState":"Succeeded","metricId":"326100e2-f69d-4268-8503-075374f62b6e:sdk-namespace-8391","createdAt":"2022-06-20T15:21:25.033Z","updatedAt":"2022-06-20T15:38:16.48Z","serviceBusEndpoint":"https://sdk-Namespace-8391.servicebus.windows.net:443/","status":"Active"}},{"sku":{"name":"Premium","tier":"Premium","capacity":1},"id":"/subscriptions/00000000-0000-0000-0000-000000000000/resourceGroups/EventHubsVNETTestingRG/providers/Microsoft.ServiceBus/namespaces/sdk-Namespace-7648","name":"sdk-Namespace-7648","type":"Microsoft.ServiceBus/Namespaces","location":"West
        US","tags":{"tag1":"value1","tag2":"value2"},"properties":{"minimumTlsVersion":"1.0","publicNetworkAccess":"Enabled","disableLocalAuth":false,"zoneRedundant":false,"provisioningState":"Succeeded","metricId":"326100e2-f69d-4268-8503-075374f62b6e:sdk-namespace-7648","createdAt":"2022-06-20T15:23:34.99Z","updatedAt":"2022-06-20T15:37:49.787Z","serviceBusEndpoint":"https://sdk-Namespace-7648.servicebus.windows.net:443/","status":"Active"}},{"sku":{"name":"Premium","tier":"Premium","capacity":1},"id":"/subscriptions/00000000-0000-0000-0000-000000000000/resourceGroups/EventHubsVNETTestingRG/providers/Microsoft.ServiceBus/namespaces/sdk-Namespace-6665","name":"sdk-Namespace-6665","type":"Microsoft.ServiceBus/Namespaces","location":"West
        Central US","tags":{"tag1":"value1","tag2":"value2"},"properties":{"minimumTlsVersion":"1.0","publicNetworkAccess":"Enabled","disableLocalAuth":false,"zoneRedundant":false,"provisioningState":"Succeeded","metricId":"326100e2-f69d-4268-8503-075374f62b6e:sdk-namespace-6665","createdAt":"2022-06-20T15:35:25.98Z","updatedAt":"2022-06-20T15:49:36.68Z","serviceBusEndpoint":"https://sdk-Namespace-6665.servicebus.windows.net:443/","status":"Active"}},{"sku":{"name":"Premium","tier":"Premium","capacity":1},"id":"/subscriptions/00000000-0000-0000-0000-000000000000/resourceGroups/EventHubsVNETTestingRG/providers/Microsoft.ServiceBus/namespaces/sdk-Namespace-4813","name":"sdk-Namespace-4813","type":"Microsoft.ServiceBus/Namespaces","location":"West
        US","tags":{"tag1":"value1","tag2":"value2"},"properties":{"minimumTlsVersion":"1.0","publicNetworkAccess":"Enabled","disableLocalAuth":false,"zoneRedundant":false,"provisioningState":"Succeeded","metricId":"326100e2-f69d-4268-8503-075374f62b6e:sdk-namespace-4813","createdAt":"2022-06-20T15:38:10.15Z","updatedAt":"2022-06-20T15:54:02.917Z","serviceBusEndpoint":"https://sdk-Namespace-4813.servicebus.windows.net:443/","status":"Active"}},{"sku":{"name":"Standard","tier":"Standard"},"id":"/subscriptions/00000000-0000-0000-0000-000000000000/resourceGroups/testvinsusbrg621/providers/Microsoft.ServiceBus/namespaces/testvinsustns621","name":"testvinsustns621","type":"Microsoft.ServiceBus/Namespaces","location":"West
        US 2","tags":{},"properties":{"minimumTlsVersion":"1.2","publicNetworkAccess":"Enabled","disableLocalAuth":false,"zoneRedundant":false,"provisioningState":"Succeeded","metricId":"326100e2-f69d-4268-8503-075374f62b6e:testvinsustns621","createdAt":"2022-06-21T17:52:08.463Z","updatedAt":"2022-06-21T17:52:51.333Z","serviceBusEndpoint":"https://testvinsustns621.servicebus.windows.net:443/","status":"Active"}},{"sku":{"name":"Premium","tier":"Premium","capacity":1},"id":"/subscriptions/00000000-0000-0000-0000-000000000000/resourceGroups/DefaultResourceGroup-EUS2/providers/Microsoft.ServiceBus/namespaces/sdk-Namespace-7743","name":"sdk-Namespace-7743","type":"Microsoft.ServiceBus/Namespaces","location":"East
        US 2","tags":{"tag3":"value3","tag4":"value4"},"properties":{"minimumTlsVersion":"1.0","publicNetworkAccess":"Enabled","disableLocalAuth":false,"zoneRedundant":true,"provisioningState":"Succeeded","metricId":"326100e2-f69d-4268-8503-075374f62b6e:sdk-namespace-7743","createdAt":"2022-06-22T05:36:47.6Z","updatedAt":"2022-06-22T05:38:36.483Z","serviceBusEndpoint":"https://sdk-Namespace-7743.servicebus.windows.net:443/","status":"Active"}},{"sku":{"name":"Standard","tier":"Standard"},"id":"/subscriptions/00000000-0000-0000-0000-000000000000/resourceGroups/ps7874/providers/Microsoft.ServiceBus/namespaces/ServiceBus-STDNamespace-81","name":"ServiceBus-STDNamespace-81","type":"Microsoft.ServiceBus/Namespaces","location":"South
        Central US","tags":{},"properties":{"minimumTlsVersion":"1.0","publicNetworkAccess":"Enabled","disableLocalAuth":false,"zoneRedundant":false,"provisioningState":"Succeeded","metricId":"326100e2-f69d-4268-8503-075374f62b6e:servicebus-stdnamespace-81","createdAt":"2022-06-25T16:29:39.377Z","updatedAt":"2022-06-25T16:30:23.5Z","serviceBusEndpoint":"https://ServiceBus-STDNamespace-81.servicebus.windows.net:443/","status":"Active"}},{"sku":{"name":"Premium","tier":"Premium","capacity":1},"id":"/subscriptions/00000000-0000-0000-0000-000000000000/resourceGroups/ps7874/providers/Microsoft.ServiceBus/namespaces/ServiceBus-PRENamespace-5412","name":"ServiceBus-PRENamespace-5412","type":"Microsoft.ServiceBus/Namespaces","location":"North
        Central US","tags":{},"properties":{"minimumTlsVersion":"1.0","publicNetworkAccess":"Enabled","disableLocalAuth":false,"zoneRedundant":false,"provisioningState":"Succeeded","metricId":"326100e2-f69d-4268-8503-075374f62b6e:servicebus-prenamespace-5412","createdAt":"2022-06-25T16:30:48.453Z","updatedAt":"2022-06-25T16:32:07.38Z","serviceBusEndpoint":"https://ServiceBus-PRENamespace-5412.servicebus.windows.net:443/","status":"Active"}},{"sku":{"name":"Standard","tier":"Standard"},"id":"/subscriptions/00000000-0000-0000-0000-000000000000/resourceGroups/RGName-5648/providers/Microsoft.ServiceBus/namespaces/Namespace1-1879","name":"Namespace1-1879","type":"Microsoft.ServiceBus/Namespaces","location":"East
        US 2","tags":{"Tag1":"Tag1Value"},"properties":{"minimumTlsVersion":"1.0","publicNetworkAccess":"Enabled","disableLocalAuth":false,"zoneRedundant":false,"provisioningState":"Succeeded","metricId":"326100e2-f69d-4268-8503-075374f62b6e:namespace1-1879","createdAt":"2022-06-25T18:02:09.607Z","updatedAt":"2022-06-25T18:02:53.07Z","serviceBusEndpoint":"https://Namespace1-1879.servicebus.windows.net:443/","status":"Active"}},{"sku":{"name":"Premium","tier":"Premium","capacity":1},"id":"/subscriptions/00000000-0000-0000-0000-000000000000/resourceGroups/ps7723/providers/Microsoft.ServiceBus/namespaces/ServiceBus-Namespace-9941","name":"ServiceBus-Namespace-9941","type":"Microsoft.ServiceBus/Namespaces","location":"South
        Central US","tags":{},"properties":{"minimumTlsVersion":"1.0","publicNetworkAccess":"Enabled","disableLocalAuth":false,"zoneRedundant":false,"provisioningState":"Succeeded","metricId":"326100e2-f69d-4268-8503-075374f62b6e:servicebus-namespace-9941","createdAt":"2022-06-27T05:30:19.03Z","updatedAt":"2022-06-27T05:35:38.073Z","serviceBusEndpoint":"https://ServiceBus-Namespace-9941.servicebus.windows.net:443/","status":"Active"}},{"sku":{"name":"Premium","tier":"Premium","capacity":1},"id":"/subscriptions/00000000-0000-0000-0000-000000000000/resourceGroups/ps7723/providers/Microsoft.ServiceBus/namespaces/ServiceBus-Namespace-6576","name":"ServiceBus-Namespace-6576","type":"Microsoft.ServiceBus/Namespaces","location":"North
        Central US","tags":{},"properties":{"minimumTlsVersion":"1.0","publicNetworkAccess":"Enabled","disableLocalAuth":false,"zoneRedundant":false,"provisioningState":"Succeeded","metricId":"326100e2-f69d-4268-8503-075374f62b6e:servicebus-namespace-6576","createdAt":"2022-06-27T05:32:01.23Z","updatedAt":"2022-06-27T05:35:33.557Z","serviceBusEndpoint":"https://ServiceBus-Namespace-6576.servicebus.windows.net:443/","status":"Active"}},{"sku":{"name":"Basic","tier":"Basic"},"id":"/subscriptions/00000000-0000-0000-0000-000000000000/resourceGroups/geguirgu/providers/Microsoft.ServiceBus/namespaces/geguirgu-servicebus","name":"geguirgu-servicebus","type":"Microsoft.ServiceBus/Namespaces","location":"West
        US","tags":{},"properties":{"minimumTlsVersion":"1.2","publicNetworkAccess":"Enabled","disableLocalAuth":false,"zoneRedundant":false,"provisioningState":"Succeeded","metricId":"326100e2-f69d-4268-8503-075374f62b6e:geguirgu-servicebus","createdAt":"2022-06-28T17:31:06.9Z","updatedAt":"2022-06-28T17:31:50.843Z","serviceBusEndpoint":"https://geguirgu-servicebus.servicebus.windows.net:443/","status":"Active"}},{"sku":{"name":"Premium","tier":"Premium","capacity":2},"id":"/subscriptions/00000000-0000-0000-0000-000000000000/resourceGroups/testvinsu718/providers/Microsoft.ServiceBus/namespaces/testsbPremvinsu1","name":"testsbPremvinsu1","type":"Microsoft.ServiceBus/Namespaces","location":"Central
        US EUAP","tags":{},"properties":{"minimumTlsVersion":"1.2","publicNetworkAccess":"Enabled","disableLocalAuth":false,"zoneRedundant":false,"provisioningState":"Succeeded","metricId":"326100e2-f69d-4268-8503-075374f62b6e:testsbpremvinsu1","createdAt":"2022-07-19T02:44:14.26Z","updatedAt":"2023-02-06T18:46:21.167Z","serviceBusEndpoint":"https://testsbPremvinsu1.servicebus.windows.net:443/","status":"Active"}},{"sku":{"name":"Premium","tier":"Premium","capacity":1},"id":"/subscriptions/00000000-0000-0000-0000-000000000000/resourceGroups/testservicebusRG-6007/providers/Microsoft.ServiceBus/namespaces/testnamespacemgmt6809","name":"testnamespacemgmt6809","type":"Microsoft.ServiceBus/Namespaces","location":"East
        US 2","tags":{},"identity":{"principalId":"79ab4c89-6a57-4dfd-8334-10adec71cecc","tenantId":"72f988bf-86f1-41af-91ab-2d7cd011db47","type":"SystemAssigned"},"properties":{"minimumTlsVersion":"1.0","publicNetworkAccess":"Enabled","disableLocalAuth":false,"zoneRedundant":false,"provisioningState":"Succeeded","metricId":"326100e2-f69d-4268-8503-075374f62b6e:testnamespacemgmt6809","createdAt":"2022-08-03T12:04:00.99Z","updatedAt":"2023-02-03T11:59:08.4Z","serviceBusEndpoint":"https://testnamespacemgmt6809.servicebus.windows.net:443/","status":"Active"}},{"sku":{"name":"Premium","tier":"Premium","capacity":1},"id":"/subscriptions/00000000-0000-0000-0000-000000000000/resourceGroups/testservicebusRG-569/providers/Microsoft.ServiceBus/namespaces/testnamespacemgmt1331","name":"testnamespacemgmt1331","type":"Microsoft.ServiceBus/Namespaces","location":"East
        US 2","tags":{},"properties":{"minimumTlsVersion":"1.0","publicNetworkAccess":"Enabled","disableLocalAuth":false,"zoneRedundant":false,"provisioningState":"Succeeded","metricId":"326100e2-f69d-4268-8503-075374f62b6e:testnamespacemgmt1331","createdAt":"2022-08-04T05:27:45.82Z","updatedAt":"2022-08-04T05:28:57.907Z","serviceBusEndpoint":"https://testnamespacemgmt1331.servicebus.windows.net:443/","status":"Active"}},{"sku":{"name":"Premium","tier":"Premium","capacity":1},"id":"/subscriptions/00000000-0000-0000-0000-000000000000/resourceGroups/testservicebusRG-3931/providers/Microsoft.ServiceBus/namespaces/testnamespacemgmt7504","name":"testnamespacemgmt7504","type":"Microsoft.ServiceBus/Namespaces","location":"East
        US 2","tags":{},"properties":{"minimumTlsVersion":"1.0","publicNetworkAccess":"Enabled","disableLocalAuth":false,"zoneRedundant":false,"provisioningState":"Succeeded","metricId":"326100e2-f69d-4268-8503-075374f62b6e:testnamespacemgmt7504","createdAt":"2022-08-04T05:46:10.67Z","updatedAt":"2022-08-04T05:47:23.873Z","serviceBusEndpoint":"https://testnamespacemgmt7504.servicebus.windows.net:443/","status":"Active"}},{"sku":{"name":"Premium","tier":"Premium","capacity":1},"id":"/subscriptions/00000000-0000-0000-0000-000000000000/resourceGroups/testservicebusRG-74/providers/Microsoft.ServiceBus/namespaces/testnamespacemgmt1417","name":"testnamespacemgmt1417","type":"Microsoft.ServiceBus/Namespaces","location":"East
        US 2","tags":{},"properties":{"minimumTlsVersion":"1.0","publicNetworkAccess":"Enabled","disableLocalAuth":false,"zoneRedundant":false,"provisioningState":"Succeeded","metricId":"326100e2-f69d-4268-8503-075374f62b6e:testnamespacemgmt1417","createdAt":"2022-08-04T06:02:23.22Z","updatedAt":"2022-08-04T06:03:35.823Z","serviceBusEndpoint":"https://testnamespacemgmt1417.servicebus.windows.net:443/","status":"Active"}},{"sku":{"name":"Premium","tier":"Premium","capacity":1},"id":"/subscriptions/00000000-0000-0000-0000-000000000000/resourceGroups/testservicebusRG-4710/providers/Microsoft.ServiceBus/namespaces/testnamespacemgmt8453","name":"testnamespacemgmt8453","type":"Microsoft.ServiceBus/Namespaces","location":"East
        US 2","tags":{},"properties":{"minimumTlsVersion":"1.0","publicNetworkAccess":"Enabled","disableLocalAuth":false,"zoneRedundant":false,"provisioningState":"Succeeded","metricId":"326100e2-f69d-4268-8503-075374f62b6e:testnamespacemgmt8453","createdAt":"2022-08-04T08:15:34.403Z","updatedAt":"2022-08-04T08:16:39.06Z","serviceBusEndpoint":"https://testnamespacemgmt8453.servicebus.windows.net:443/","status":"Active"}},{"sku":{"name":"Premium","tier":"Premium","capacity":1},"id":"/subscriptions/00000000-0000-0000-0000-000000000000/resourceGroups/testservicebusRG-4749/providers/Microsoft.ServiceBus/namespaces/testnamespacemgmt2719","name":"testnamespacemgmt2719","type":"Microsoft.ServiceBus/Namespaces","location":"East
        US 2","tags":{},"properties":{"minimumTlsVersion":"1.0","publicNetworkAccess":"Enabled","disableLocalAuth":false,"zoneRedundant":false,"provisioningState":"Succeeded","metricId":"326100e2-f69d-4268-8503-075374f62b6e:testnamespacemgmt2719","createdAt":"2022-08-04T08:19:34.51Z","updatedAt":"2022-08-04T08:20:55.813Z","serviceBusEndpoint":"https://testnamespacemgmt2719.servicebus.windows.net:443/","status":"Active"}},{"sku":{"name":"Standard","tier":"Standard"},"id":"/subscriptions/00000000-0000-0000-0000-000000000000/resourceGroups/SDK-ServiceBus-7854/providers/Microsoft.ServiceBus/namespaces/sdk-Namespace-8751","name":"sdk-Namespace-8751","type":"Microsoft.ServiceBus/Namespaces","location":"Australia
        East","tags":{},"properties":{"minimumTlsVersion":"1.2","publicNetworkAccess":"Enabled","disableLocalAuth":false,"zoneRedundant":false,"provisioningState":"Succeeded","metricId":"326100e2-f69d-4268-8503-075374f62b6e:sdk-namespace-8751","createdAt":"2022-08-05T05:24:49.13Z","updatedAt":"2022-08-05T05:25:33.72Z","serviceBusEndpoint":"https://sdk-Namespace-8751.servicebus.windows.net:443/","status":"Active"}},{"sku":{"name":"Premium","tier":"Premium","capacity":1},"id":"/subscriptions/00000000-0000-0000-0000-000000000000/resourceGroups/RGTestingCreateCluster/providers/Microsoft.ServiceBus/namespaces/sdk-Namespace-6005","name":"sdk-Namespace-6005","type":"Microsoft.ServiceBus/Namespaces","location":"South
        Central US","tags":{"tag1":"value1","tag2":"value2"},"properties":{"minimumTlsVersion":"1.2","publicNetworkAccess":"Enabled","disableLocalAuth":false,"zoneRedundant":false,"provisioningState":"Succeeded","metricId":"326100e2-f69d-4268-8503-075374f62b6e:sdk-namespace-6005","createdAt":"2022-08-05T05:28:18.517Z","updatedAt":"2022-08-05T05:38:11.98Z","serviceBusEndpoint":"https://sdk-Namespace-6005.servicebus.windows.net:443/","status":"Active","alternateName":"sdk-DisasterRecovery1518"}},{"sku":{"name":"Premium","tier":"Premium","capacity":1},"id":"/subscriptions/00000000-0000-0000-0000-000000000000/resourceGroups/RGTestingCreateCluster/providers/Microsoft.ServiceBus/namespaces/sdk-Namespace-9395","name":"sdk-Namespace-9395","type":"Microsoft.ServiceBus/Namespaces","location":"North
        Central US","tags":{"tag1":"value1","tag2":"value2"},"properties":{"minimumTlsVersion":"1.2","publicNetworkAccess":"Enabled","disableLocalAuth":false,"zoneRedundant":false,"provisioningState":"Succeeded","metricId":"326100e2-f69d-4268-8503-075374f62b6e:sdk-namespace-9395","createdAt":"2022-08-05T05:29:56.073Z","updatedAt":"2022-08-05T05:39:34.333Z","serviceBusEndpoint":"https://sdk-Namespace-9395.servicebus.windows.net:443/","status":"Active"}},{"sku":{"name":"Premium","tier":"Premium","capacity":1},"id":"/subscriptions/00000000-0000-0000-0000-000000000000/resourceGroups/EventHubsVNETTestingRG/providers/Microsoft.ServiceBus/namespaces/sdk-Namespace-8877","name":"sdk-Namespace-8877","type":"Microsoft.ServiceBus/Namespaces","location":"West
        Central US","tags":{"tag1":"value1","tag2":"value2"},"properties":{"minimumTlsVersion":"1.2","publicNetworkAccess":"Enabled","disableLocalAuth":false,"zoneRedundant":false,"provisioningState":"Succeeded","metricId":"326100e2-f69d-4268-8503-075374f62b6e:sdk-namespace-8877","createdAt":"2022-08-05T06:42:12.9Z","updatedAt":"2022-08-05T06:52:48.643Z","serviceBusEndpoint":"https://sdk-Namespace-8877.servicebus.windows.net:443/","status":"Active"}},{"sku":{"name":"Premium","tier":"Premium","capacity":1},"id":"/subscriptions/00000000-0000-0000-0000-000000000000/resourceGroups/EventHubsVNETTestingRG/providers/Microsoft.ServiceBus/namespaces/sdk-Namespace-818","name":"sdk-Namespace-818","type":"Microsoft.ServiceBus/Namespaces","location":"West
        US","tags":{"tag1":"value1","tag2":"value2"},"properties":{"minimumTlsVersion":"1.2","publicNetworkAccess":"Enabled","disableLocalAuth":false,"zoneRedundant":false,"provisioningState":"Succeeded","metricId":"326100e2-f69d-4268-8503-075374f62b6e:sdk-namespace-818","createdAt":"2022-08-05T06:44:15.33Z","updatedAt":"2022-08-05T06:54:04.78Z","serviceBusEndpoint":"https://sdk-Namespace-818.servicebus.windows.net:443/","status":"Active"}},{"sku":{"name":"Standard","tier":"Standard"},"id":"/subscriptions/00000000-0000-0000-0000-000000000000/resourceGroups/SDK-ServiceBus-7854/providers/Microsoft.ServiceBus/namespaces/sdk-Namespace-8973","name":"sdk-Namespace-8973","type":"Microsoft.ServiceBus/Namespaces","location":"Australia
        East","tags":{},"properties":{"minimumTlsVersion":"1.2","publicNetworkAccess":"Enabled","disableLocalAuth":false,"zoneRedundant":false,"provisioningState":"Succeeded","metricId":"326100e2-f69d-4268-8503-075374f62b6e:sdk-namespace-8973","createdAt":"2022-08-05T08:05:40.303Z","updatedAt":"2022-08-05T08:06:24.6Z","serviceBusEndpoint":"https://sdk-Namespace-8973.servicebus.windows.net:443/","status":"Active"}},{"sku":{"name":"Standard","tier":"Standard"},"id":"/subscriptions/00000000-0000-0000-0000-000000000000/resourceGroups/ps5206/providers/Microsoft.ServiceBus/namespaces/ServiceBus-STDNamespace-6102","name":"ServiceBus-STDNamespace-6102","type":"Microsoft.ServiceBus/Namespaces","location":"South
        Central US","tags":{},"properties":{"minimumTlsVersion":"1.2","publicNetworkAccess":"Enabled","disableLocalAuth":false,"zoneRedundant":false,"provisioningState":"Succeeded","metricId":"326100e2-f69d-4268-8503-075374f62b6e:servicebus-stdnamespace-6102","createdAt":"2022-08-15T04:47:52.1Z","updatedAt":"2022-08-15T04:54:51.313Z","serviceBusEndpoint":"https://ServiceBus-STDNamespace-6102.servicebus.windows.net:443/","status":"Active","alternateName":"PostMigration-Name-8545"}},{"sku":{"name":"Premium","tier":"Premium","capacity":1},"id":"/subscriptions/00000000-0000-0000-0000-000000000000/resourceGroups/ps5206/providers/Microsoft.ServiceBus/namespaces/ServiceBus-PRENamespace-3686","name":"ServiceBus-PRENamespace-3686","type":"Microsoft.ServiceBus/Namespaces","location":"North
        Central US","tags":{},"properties":{"minimumTlsVersion":"1.2","publicNetworkAccess":"Enabled","disableLocalAuth":false,"zoneRedundant":false,"provisioningState":"Succeeded","metricId":"326100e2-f69d-4268-8503-075374f62b6e:servicebus-prenamespace-3686","createdAt":"2022-08-15T04:48:55.11Z","updatedAt":"2022-08-15T04:54:48.803Z","serviceBusEndpoint":"https://ServiceBus-PRENamespace-3686.servicebus.windows.net:443/","status":"Active"}},{"sku":{"name":"Premium","tier":"Premium","capacity":1},"id":"/subscriptions/00000000-0000-0000-0000-000000000000/resourceGroups/ServiceBus-DRDrill-August-2022/providers/Microsoft.ServiceBus/namespaces/ServiceBus-DRDrill-August-2022-SB-NonAZ","name":"ServiceBus-DRDrill-August-2022-SB-NonAZ","type":"Microsoft.ServiceBus/Namespaces","location":"EAST
        US 2 EUAP","tags":{},"properties":{"minimumTlsVersion":"1.2","publicNetworkAccess":"Enabled","disableLocalAuth":false,"zoneRedundant":true,"provisioningState":"Succeeded","metricId":"326100e2-f69d-4268-8503-075374f62b6e:servicebus-drdrill-august-2022-sb-nonaz","createdAt":"2022-08-15T17:00:54.41Z","updatedAt":"2022-08-15T17:02:33.183Z","serviceBusEndpoint":"https://ServiceBus-DRDrill-August-2022-SB-NonAZ.servicebus.windows.net:443/","status":"Active"}},{"sku":{"name":"Premium","tier":"Premium","capacity":1},"id":"/subscriptions/00000000-0000-0000-0000-000000000000/resourceGroups/ServiceBus-DRDrill-August-2022/providers/Microsoft.ServiceBus/namespaces/ServiceBus-DRDrill-August-2022-SB-ReallyNonAZ","name":"ServiceBus-DRDrill-August-2022-SB-ReallyNonAZ","type":"Microsoft.ServiceBus/Namespaces","location":"EAST
        US 2 EUAP","tags":{},"properties":{"minimumTlsVersion":"1.0","publicNetworkAccess":"Enabled","disableLocalAuth":false,"zoneRedundant":false,"provisioningState":"Succeeded","metricId":"326100e2-f69d-4268-8503-075374f62b6e:servicebus-drdrill-august-2022-sb-reallynonaz","createdAt":"2022-08-15T17:11:52.113Z","updatedAt":"2022-08-15T17:38:25.417Z","serviceBusEndpoint":"https://ServiceBus-DRDrill-August-2022-SB-ReallyNonAZ.servicebus.windows.net:443/","status":"Active"}},{"sku":{"name":"Premium","tier":"Premium","capacity":1},"id":"/subscriptions/00000000-0000-0000-0000-000000000000/resourceGroups/ServiceBus-DRDrill-August-2022/providers/Microsoft.ServiceBus/namespaces/ServiceBus-DRDrill-August-2022-SB-NonAZ-cuseuap","name":"ServiceBus-DRDrill-August-2022-SB-NonAZ-cuseuap","type":"Microsoft.ServiceBus/Namespaces","location":"Central
        US EUAP","tags":{},"properties":{"minimumTlsVersion":"1.0","publicNetworkAccess":"Enabled","disableLocalAuth":false,"zoneRedundant":false,"provisioningState":"Succeeded","metricId":"326100e2-f69d-4268-8503-075374f62b6e:servicebus-drdrill-august-2022-sb-nonaz-cuseuap","createdAt":"2022-08-15T17:30:08.67Z","updatedAt":"2022-08-15T17:38:19.193Z","serviceBusEndpoint":"https://ServiceBus-DRDrill-August-2022-SB-NonAZ-cuseuap.servicebus.windows.net:443/","status":"Active"}},{"sku":{"name":"Standard","tier":"Standard"},"id":"/subscriptions/00000000-0000-0000-0000-000000000000/resourceGroups/ps51/providers/Microsoft.ServiceBus/namespaces/ServiceBus-STDNamespace-276","name":"ServiceBus-STDNamespace-276","type":"Microsoft.ServiceBus/Namespaces","location":"South
        Central US","tags":{},"properties":{"minimumTlsVersion":"1.2","publicNetworkAccess":"Enabled","disableLocalAuth":false,"zoneRedundant":false,"provisioningState":"Succeeded","metricId":"326100e2-f69d-4268-8503-075374f62b6e:servicebus-stdnamespace-276","createdAt":"2022-08-16T05:32:29.537Z","updatedAt":"2022-08-16T05:39:11.66Z","serviceBusEndpoint":"https://ServiceBus-STDNamespace-276.servicebus.windows.net:443/","status":"Active","alternateName":"PostMigration-Name-9658"}},{"sku":{"name":"Premium","tier":"Premium","capacity":1},"id":"/subscriptions/00000000-0000-0000-0000-000000000000/resourceGroups/ps51/providers/Microsoft.ServiceBus/namespaces/ServiceBus-PRENamespace-9080","name":"ServiceBus-PRENamespace-9080","type":"Microsoft.ServiceBus/Namespaces","location":"North
        Central US","tags":{},"properties":{"minimumTlsVersion":"1.2","publicNetworkAccess":"Enabled","disableLocalAuth":false,"zoneRedundant":false,"provisioningState":"Succeeded","metricId":"326100e2-f69d-4268-8503-075374f62b6e:servicebus-prenamespace-9080","createdAt":"2022-08-16T05:33:33.527Z","updatedAt":"2022-08-16T05:39:09.86Z","serviceBusEndpoint":"https://ServiceBus-PRENamespace-9080.servicebus.windows.net:443/","status":"Active"}},{"sku":{"name":"Premium","tier":"Premium","capacity":1},"id":"/subscriptions/00000000-0000-0000-0000-000000000000/resourceGroups/damorg/providers/Microsoft.ServiceBus/namespaces/testPSV2","name":"testPSV2","type":"Microsoft.ServiceBus/Namespaces","location":"Australia
        East","tags":{},"properties":{"minimumTlsVersion":"1.2","publicNetworkAccess":"Enabled","disableLocalAuth":false,"zoneRedundant":true,"provisioningState":"Succeeded","metricId":"326100e2-f69d-4268-8503-075374f62b6e:testpsv2","createdAt":"2022-08-17T11:12:02.61Z","updatedAt":"2022-08-17T12:33:05.387Z","serviceBusEndpoint":"https://testPSV2.servicebus.windows.net:443/","status":"Active"}},{"sku":{"name":"Standard","tier":"Standard"},"id":"/subscriptions/00000000-0000-0000-0000-000000000000/resourceGroups/damorg/providers/Microsoft.ServiceBus/namespaces/testPSStandard","name":"testPSStandard","type":"Microsoft.ServiceBus/Namespaces","location":"North
        Europe","tags":{},"properties":{"minimumTlsVersion":"1.2","publicNetworkAccess":"Enabled","disableLocalAuth":false,"zoneRedundant":false,"provisioningState":"Succeeded","metricId":"326100e2-f69d-4268-8503-075374f62b6e:testpsstandard","createdAt":"2022-08-17T12:29:22.427Z","updatedAt":"2022-08-17T12:33:09.81Z","serviceBusEndpoint":"https://testPSStandard.servicebus.windows.net:443/","status":"Active","alternateName":"testSBPostMigrationName"}},{"sku":{"name":"Standard","tier":"Standard"},"id":"/subscriptions/00000000-0000-0000-0000-000000000000/resourceGroups/dsms-test-rg/providers/Microsoft.ServiceBus/namespaces/dsmstestsb1","name":"dsmstestsb1","type":"Microsoft.ServiceBus/Namespaces","location":"EAST
        US 2 EUAP","tags":{},"properties":{"minimumTlsVersion":"1.2","publicNetworkAccess":"Enabled","disableLocalAuth":false,"zoneRedundant":false,"provisioningState":"Succeeded","metricId":"326100e2-f69d-4268-8503-075374f62b6e:dsmstestsb1","createdAt":"2022-08-22T17:15:28.183Z","updatedAt":"2022-08-22T17:16:12.777Z","serviceBusEndpoint":"https://dsmstestsb1.servicebus.windows.net:443/","status":"Active"}},{"sku":{"name":"Standard","tier":"Standard"},"id":"/subscriptions/00000000-0000-0000-0000-000000000000/resourceGroups/AutomatedPowershellTesting/providers/Microsoft.ServiceBus/namespaces/testingSBTemplate","name":"testingSBTemplate","type":"Microsoft.ServiceBus/Namespaces","location":"Australia
        East","tags":{},"properties":{"minimumTlsVersion":"1.2","publicNetworkAccess":"Enabled","disableLocalAuth":false,"zoneRedundant":false,"provisioningState":"Succeeded","metricId":"326100e2-f69d-4268-8503-075374f62b6e:testingsbtemplate","createdAt":"2022-08-28T06:14:15.157Z","updatedAt":"2022-09-15T14:55:26.22Z","serviceBusEndpoint":"https://testingSBTemplate.servicebus.windows.net:443/","status":"Active","alternateName":"sbmigratepremium2"}},{"sku":{"name":"Premium","tier":"Premium","capacity":1},"id":"/subscriptions/00000000-0000-0000-0000-000000000000/resourceGroups/cli_test_eh_namespaceu6xvflr4vht7rxff5dlizo3gi665atsiqq2pxzwt4uehtgjmd3dpba/providers/Microsoft.ServiceBus/namespaces/servicebus-nsclieymu","name":"servicebus-nsclieymu","type":"Microsoft.ServiceBus/Namespaces","location":"North
        Europe","tags":{},"identity":{"principalId":"68924081-c891-4869-b36f-a21c51e2c344","tenantId":"72f988bf-86f1-41af-91ab-2d7cd011db47","type":"SystemAssigned"},"properties":{"minimumTlsVersion":"1.2","publicNetworkAccess":"Enabled","disableLocalAuth":false,"zoneRedundant":false,"provisioningState":"Succeeded","metricId":"326100e2-f69d-4268-8503-075374f62b6e:servicebus-nsclieymu","createdAt":"2022-08-29T07:31:14.363Z","updatedAt":"2023-01-14T07:26:12.027Z","serviceBusEndpoint":"https://servicebus-nsclieymu.servicebus.windows.net:443/","status":"Active"}},{"sku":{"name":"Standard","tier":"Standard"},"id":"/subscriptions/00000000-0000-0000-0000-000000000000/resourceGroups/RGName-2450/providers/Microsoft.ServiceBus/namespaces/Namespace-9959","name":"Namespace-9959","type":"Microsoft.ServiceBus/Namespaces","location":"West
        US","tags":{},"properties":{"minimumTlsVersion":"1.2","publicNetworkAccess":"Enabled","disableLocalAuth":false,"zoneRedundant":false,"provisioningState":"Succeeded","metricId":"326100e2-f69d-4268-8503-075374f62b6e:namespace-9959","createdAt":"2022-09-02T10:43:49.647Z","updatedAt":"2022-09-02T10:44:34.66Z","serviceBusEndpoint":"https://Namespace-9959.servicebus.windows.net:443/","status":"Active"}},{"sku":{"name":"Premium","tier":"Premium","capacity":1},"id":"/subscriptions/00000000-0000-0000-0000-000000000000/resourceGroups/AutomatedPowershellTesting/providers/Microsoft.ServiceBus/namespaces/sbmigratepremium","name":"sbmigratepremium","type":"Microsoft.ServiceBus/Namespaces","location":"South
        Central US","tags":{},"properties":{"minimumTlsVersion":"1.2","publicNetworkAccess":"Enabled","disableLocalAuth":false,"zoneRedundant":true,"provisioningState":"Succeeded","metricId":"326100e2-f69d-4268-8503-075374f62b6e:sbmigratepremium","createdAt":"2022-09-13T05:00:55.647Z","updatedAt":"2022-09-15T14:55:22.693Z","serviceBusEndpoint":"https://sbmigratepremium.servicebus.windows.net:443/","status":"Active"}},{"sku":{"name":"Standard","tier":"Standard"},"id":"/subscriptions/00000000-0000-0000-0000-000000000000/resourceGroups/AutomatedPowershellTesting/providers/Microsoft.ServiceBus/namespaces/testSBARMTemplate","name":"testSBARMTemplate","type":"Microsoft.ServiceBus/Namespaces","location":"West
        US","tags":{},"properties":{"minimumTlsVersion":"1.2","publicNetworkAccess":"Enabled","disableLocalAuth":false,"zoneRedundant":false,"provisioningState":"Succeeded","metricId":"326100e2-f69d-4268-8503-075374f62b6e:testsbarmtemplate","createdAt":"2022-09-14T09:01:24.307Z","updatedAt":"2022-09-14T09:02:09.747Z","serviceBusEndpoint":"https://testSBARMTemplate.servicebus.windows.net:443/","status":"Active"}},{"sku":{"name":"Premium","tier":"Premium","capacity":1},"id":"/subscriptions/00000000-0000-0000-0000-000000000000/resourceGroups/serkant/providers/Microsoft.ServiceBus/namespaces/serkant-sb1","name":"serkant-sb1","type":"Microsoft.ServiceBus/Namespaces","location":"East
        US","tags":{},"properties":{"minimumTlsVersion":"1.2","publicNetworkAccess":"Disabled","disableLocalAuth":false,"zoneRedundant":true,"provisioningState":"Succeeded","metricId":"326100e2-f69d-4268-8503-075374f62b6e:serkant-sb1","createdAt":"2022-09-14T18:25:04.52Z","updatedAt":"2022-09-20T15:11:36.88Z","serviceBusEndpoint":"https://serkant-sb1.servicebus.windows.net:443/","status":"Active"}},{"sku":{"name":"Standard","tier":"Standard"},"id":"/subscriptions/00000000-0000-0000-0000-000000000000/resourceGroups/PS-Testing/providers/Microsoft.ServiceBus/namespaces/Namespace1-7974","name":"Namespace1-7974","type":"Microsoft.ServiceBus/Namespaces","location":"North
        Europe","tags":{},"properties":{"minimumTlsVersion":"1.2","publicNetworkAccess":"Enabled","disableLocalAuth":false,"zoneRedundant":false,"provisioningState":"Succeeded","metricId":"326100e2-f69d-4268-8503-075374f62b6e:namespace1-7974","createdAt":"2022-09-25T08:01:39.173Z","updatedAt":"2022-09-25T08:07:57.013Z","serviceBusEndpoint":"https://Namespace1-7974.servicebus.windows.net:443/","status":"Active"}},{"sku":{"name":"Premium","tier":"Premium","capacity":1},"id":"/subscriptions/00000000-0000-0000-0000-000000000000/resourceGroups/PS-Testing/providers/Microsoft.ServiceBus/namespaces/Namespace2-5304","name":"Namespace2-5304","type":"Microsoft.ServiceBus/Namespaces","location":"North
        Europe","tags":{},"identity":{"principalId":"acb4ce9b-2730-494d-a18d-a8be0420bdcb","tenantId":"72f988bf-86f1-41af-91ab-2d7cd011db47","type":"SystemAssigned"},"properties":{"minimumTlsVersion":"1.2","publicNetworkAccess":"Enabled","disableLocalAuth":false,"zoneRedundant":false,"encryption":{"keySource":"Microsoft.KeyVault","keyVaultProperties":[{"keyName":"key1","keyVaultUri":"https://ps-test-kv1.vault.azure.net","keyVersion":""},{"keyName":"key2","keyVaultUri":"https://ps-test-kv1.vault.azure.net","keyVersion":""}],"requireInfrastructureEncryption":false},"provisioningState":"Succeeded","metricId":"326100e2-f69d-4268-8503-075374f62b6e:namespace2-5304","createdAt":"2022-09-25T08:08:42.127Z","updatedAt":"2022-12-26T08:03:09.777Z","serviceBusEndpoint":"https://Namespace2-5304.servicebus.windows.net:443/","status":"Active"}},{"sku":{"name":"Premium","tier":"Premium","capacity":1},"id":"/subscriptions/00000000-0000-0000-0000-000000000000/resourceGroups/PS-Testing/providers/Microsoft.ServiceBus/namespaces/Namespace1-6359","name":"Namespace1-6359","type":"Microsoft.ServiceBus/Namespaces","location":"North
        Europe","tags":{},"identity":{"type":"UserAssigned","userAssignedIdentities":{"/subscriptions/00000000-0000-0000-0000-000000000000/resourceGroups/PS-Testing/providers/Microsoft.ManagedIdentity/userAssignedIdentities/PS-Testing-MSI1":{"clientId":"38a989a1-3fab-4015-b546-cbcf7a67aa89","principalId":"624205aa-192c-4303-9606-990d06cbd997"},"/subscriptions/00000000-0000-0000-0000-000000000000/resourceGroups/PS-Testing/providers/Microsoft.ManagedIdentity/userAssignedIdentities/PS-Testing-MSI2":{"clientId":"440d7336-c408-4327-ad13-10a4e71aad64","principalId":"1bdb6af0-4284-47f4-b049-94aa2868d90b"}}},"properties":{"minimumTlsVersion":"1.2","publicNetworkAccess":"Enabled","disableLocalAuth":false,"zoneRedundant":false,"encryption":{"keySource":"Microsoft.KeyVault","keyVaultProperties":[{"keyName":"key1","keyVaultUri":"https://ps-test-kv1.vault.azure.net","keyVersion":"","identity":{"userAssignedIdentity":"/subscriptions/00000000-0000-0000-0000-000000000000/resourceGroups/PS-Testing/providers/Microsoft.ManagedIdentity/userAssignedIdentities/PS-Testing-MSI1"}},{"keyName":"key2","keyVaultUri":"https://ps-test-kv1.vault.azure.net","keyVersion":"","identity":{"userAssignedIdentity":"/subscriptions/00000000-0000-0000-0000-000000000000/resourceGroups/PS-Testing/providers/Microsoft.ManagedIdentity/userAssignedIdentities/PS-Testing-MSI1"}},{"keyName":"key1","keyVaultUri":"https://ps-test-kv2.vault.azure.net","keyVersion":"","identity":{"userAssignedIdentity":"/subscriptions/00000000-0000-0000-0000-000000000000/resourceGroups/PS-Testing/providers/Microsoft.ManagedIdentity/userAssignedIdentities/PS-Testing-MSI1"}}],"requireInfrastructureEncryption":false},"provisioningState":"Succeeded","metricId":"326100e2-f69d-4268-8503-075374f62b6e:namespace1-6359","createdAt":"2022-09-25T08:17:21.787Z","updatedAt":"2023-02-03T13:42:07.787Z","serviceBusEndpoint":"https://Namespace1-6359.servicebus.windows.net:443/","status":"Active"}},{"sku":{"name":"Premium","tier":"Premium","capacity":1},"id":"/subscriptions/00000000-0000-0000-0000-000000000000/resourceGroups/rg-eldert-pg-javaone/providers/Microsoft.ServiceBus/namespaces/rg-eldert-pg-javaone-sbus","name":"rg-eldert-pg-javaone-sbus","type":"Microsoft.ServiceBus/Namespaces","location":"West
        US","tags":{},"properties":{"minimumTlsVersion":"1.0","publicNetworkAccess":"Enabled","disableLocalAuth":false,"zoneRedundant":false,"provisioningState":"Succeeded","metricId":"326100e2-f69d-4268-8503-075374f62b6e:rg-eldert-pg-javaone-sbus","createdAt":"2022-10-12T22:58:34.72Z","updatedAt":"2022-10-12T22:59:48.85Z","serviceBusEndpoint":"https://rg-eldert-pg-javaone-sbus.servicebus.windows.net:443/","status":"Active"}},{"sku":{"name":"Premium","tier":"Premium","capacity":4},"id":"/subscriptions/00000000-0000-0000-0000-000000000000/resourceGroups/Default-ServiceBus-EastUS/providers/Microsoft.ServiceBus/namespaces/Ardsouza-BL-VAZ40001-ScaleSets-2","name":"Ardsouza-BL-VAZ40001-ScaleSets-2","type":"Microsoft.ServiceBus/Namespaces","location":"East
        US","tags":{},"properties":{"minimumTlsVersion":"1.0","publicNetworkAccess":"Enabled","disableLocalAuth":false,"zoneRedundant":true,"provisioningState":"Succeeded","metricId":"326100e2-f69d-4268-8503-075374f62b6e:ardsouza-bl-vaz40001-scalesets-2","createdAt":"2022-10-13T00:48:44.047Z","updatedAt":"2022-10-13T00:50:59.927Z","serviceBusEndpoint":"https://Ardsouza-BL-VAZ40001-ScaleSets-2.servicebus.windows.net:443/","status":"Active"}},{"sku":{"name":"Premium","tier":"Premium","capacity":4},"id":"/subscriptions/00000000-0000-0000-0000-000000000000/resourceGroups/Default-ServiceBus-EastUS/providers/Microsoft.ServiceBus/namespaces/Ardsouza-BL-VAZ40001-ScaleSets-3","name":"Ardsouza-BL-VAZ40001-ScaleSets-3","type":"Microsoft.ServiceBus/Namespaces","location":"East
        US","tags":{},"properties":{"minimumTlsVersion":"1.2","publicNetworkAccess":"Enabled","disableLocalAuth":false,"zoneRedundant":true,"provisioningState":"Succeeded","metricId":"326100e2-f69d-4268-8503-075374f62b6e:ardsouza-bl-vaz40001-scalesets-3","createdAt":"2022-10-17T20:51:13.547Z","updatedAt":"2022-10-17T20:52:50.7Z","serviceBusEndpoint":"https://Ardsouza-BL-VAZ40001-ScaleSets-3.servicebus.windows.net:443/","status":"Active"}}],"nextLink":"https://management.azure.com/subscriptions/00000000-0000-0000-0000-000000000000/providers/Microsoft.ServiceBus/namespaces?api-version=2022-01-01-preview&$skipToken=2022-10-17T20:51:13.547Z"}'
    headers:
      cache-control:
      - no-cache
      content-length:
      - '76863'
      content-type:
      - application/json; charset=utf-8
      date:
      - Wed, 08 Feb 2023 04:50:23 GMT
      expires:
      - '-1'
      pragma:
      - no-cache
      server:
      - Service-Bus-Resource-Provider/SN1
      - Microsoft-HTTPAPI/2.0
      server-sb:
      - Service-Bus-Resource-Provider/SN1
      strict-transport-security:
      - max-age=31536000; includeSubDomains
      transfer-encoding:
      - chunked
      vary:
      - Accept-Encoding
      x-content-type-options:
      - nosniff
      x-ms-inline-count:
      - ''
    status:
      code: 200
      message: OK
- request:
    body: null
    headers:
      Accept:
      - application/json
      Accept-Encoding:
      - gzip, deflate
      CommandName:
      - servicebus namespace list
      Connection:
      - keep-alive
      User-Agent:
      - AZURECLI/2.43.0 azsdk-python-azure-mgmt-servicebus/8.1.0 Python/3.8.0 (Windows-10-10.0.19041-SP0)
    method: GET
    uri: https://management.azure.com/subscriptions/00000000-0000-0000-0000-000000000000/providers/Microsoft.ServiceBus/namespaces?api-version=2022-01-01-preview&$skipToken=2022-10-17T20:51:13.547Z
  response:
    body:
      string: '{"value":[{"sku":{"name":"Premium","tier":"Premium","capacity":4},"id":"/subscriptions/00000000-0000-0000-0000-000000000000/resourceGroups/VMScaleSetsTesting/providers/Microsoft.ServiceBus/namespaces/ardsouza-eastus-scalesets-10-18-2022","name":"ardsouza-eastus-scalesets-10-18-2022","type":"Microsoft.ServiceBus/Namespaces","location":"East
        US","tags":{},"properties":{"minimumTlsVersion":"1.2","publicNetworkAccess":"Enabled","disableLocalAuth":false,"zoneRedundant":true,"provisioningState":"Succeeded","metricId":"326100e2-f69d-4268-8503-075374f62b6e:ardsouza-eastus-scalesets-10-18-2022","createdAt":"2022-10-18T22:55:27.997Z","updatedAt":"2022-10-18T22:57:06.683Z","serviceBusEndpoint":"https://ardsouza-eastus-scalesets-10-18-2022.servicebus.windows.net:443/","status":"Active"}},{"sku":{"name":"Basic","tier":"Basic"},"id":"/subscriptions/00000000-0000-0000-0000-000000000000/resourceGroups/suparame-rg/providers/Microsoft.ServiceBus/namespaces/SuparameEventTest","name":"SuparameEventTest","type":"Microsoft.ServiceBus/Namespaces","location":"North
        Central US","tags":{},"properties":{"minimumTlsVersion":"1.2","publicNetworkAccess":"Enabled","disableLocalAuth":false,"zoneRedundant":false,"provisioningState":"Succeeded","metricId":"326100e2-f69d-4268-8503-075374f62b6e:suparameeventtest","createdAt":"2022-10-28T01:30:54.627Z","updatedAt":"2022-10-28T01:31:38.127Z","serviceBusEndpoint":"https://SuparameEventTest.servicebus.windows.net:443/","status":"Active"}},{"sku":{"name":"Premium","tier":"Premium","capacity":1},"id":"/subscriptions/00000000-0000-0000-0000-000000000000/resourceGroups/anway/providers/Microsoft.ServiceBus/namespaces/syncprimary","name":"syncprimary","type":"Microsoft.ServiceBus/Namespaces","location":"West
        US 2","tags":{},"properties":{"minimumTlsVersion":"1.2","publicNetworkAccess":"Enabled","disableLocalAuth":false,"zoneRedundant":true,"provisioningState":"Succeeded","metricId":"326100e2-f69d-4268-8503-075374f62b6e:syncprimary","createdAt":"2022-11-09T03:52:04.83Z","updatedAt":"2022-12-15T18:02:59.367Z","serviceBusEndpoint":"https://syncprimary.servicebus.windows.net:443/","status":"Active"}},{"sku":{"name":"Premium","tier":"Premium","capacity":1},"id":"/subscriptions/00000000-0000-0000-0000-000000000000/resourceGroups/anway/providers/Microsoft.ServiceBus/namespaces/syncsecondary","name":"syncsecondary","type":"Microsoft.ServiceBus/Namespaces","location":"West
        Europe","tags":{},"properties":{"minimumTlsVersion":"1.2","publicNetworkAccess":"Enabled","disableLocalAuth":false,"zoneRedundant":true,"provisioningState":"Succeeded","metricId":"326100e2-f69d-4268-8503-075374f62b6e:syncsecondary","createdAt":"2022-11-09T03:52:58.013Z","updatedAt":"2022-12-15T18:02:57.23Z","serviceBusEndpoint":"https://syncsecondary.servicebus.windows.net:443/","status":"Active"}},{"sku":{"name":"Standard","tier":"Standard"},"id":"/subscriptions/00000000-0000-0000-0000-000000000000/resourceGroups/spsbusrg/providers/Microsoft.ServiceBus/namespaces/spsbusns11103","name":"spsbusns11103","type":"Microsoft.ServiceBus/Namespaces","location":"East
        US","tags":{},"properties":{"minimumTlsVersion":"1.2","publicNetworkAccess":"Enabled","disableLocalAuth":false,"zoneRedundant":false,"provisioningState":"Succeeded","metricId":"326100e2-f69d-4268-8503-075374f62b6e:spsbusns11103","createdAt":"2022-11-10T23:56:06.953Z","updatedAt":"2022-11-10T23:56:50.06Z","serviceBusEndpoint":"https://spsbusns11103.servicebus.windows.net:443/","status":"Active"}},{"sku":{"name":"Premium","tier":"Premium","capacity":16},"id":"/subscriptions/00000000-0000-0000-0000-000000000000/resourceGroups/bwpoc/providers/Microsoft.ServiceBus/namespaces/bwpocns1","name":"bwpocns1","type":"Microsoft.ServiceBus/Namespaces","location":"East
        US","tags":{},"properties":{"minimumTlsVersion":"1.2","publicNetworkAccess":"Enabled","disableLocalAuth":false,"zoneRedundant":true,"provisioningState":"Succeeded","metricId":"326100e2-f69d-4268-8503-075374f62b6e:bwpocns1","createdAt":"2022-11-17T02:33:45.87Z","updatedAt":"2022-11-17T02:34:59.69Z","serviceBusEndpoint":"https://bwpocns1.servicebus.windows.net:443/","status":"Active"}},{"sku":{"name":"Premium","tier":"Premium","capacity":64},"id":"/subscriptions/00000000-0000-0000-0000-000000000000/resourceGroups/vijayscalesetsloadtest/providers/Microsoft.ServiceBus/namespaces/bwpocssns2","name":"bwpocssns2","type":"Microsoft.ServiceBus/Namespaces","location":"East
        US","tags":{},"properties":{"minimumTlsVersion":"1.2","publicNetworkAccess":"Enabled","disableLocalAuth":false,"zoneRedundant":true,"provisioningState":"Succeeded","metricId":"326100e2-f69d-4268-8503-075374f62b6e:bwpocssns2","createdAt":"2022-11-22T01:15:59.343Z","updatedAt":"2022-11-22T02:16:13.67Z","serviceBusEndpoint":"https://bwpocssns2.servicebus.windows.net:443/","status":"Active"}},{"sku":{"name":"Premium","tier":"Premium","capacity":1},"id":"/subscriptions/00000000-0000-0000-0000-000000000000/resourceGroups/resourceGroupAutorest4i9zey/providers/Microsoft.ServiceBus/namespaces/secondaryNSe5sqx2","name":"secondaryNSe5sqx2","type":"Microsoft.ServiceBus/Namespaces","location":"South
        Central US","tags":{},"properties":{"minimumTlsVersion":"1.2","publicNetworkAccess":"Enabled","disableLocalAuth":false,"zoneRedundant":false,"provisioningState":"Succeeded","metricId":"326100e2-f69d-4268-8503-075374f62b6e:secondarynse5sqx2","createdAt":"2022-11-22T16:46:54.59Z","updatedAt":"2022-11-22T16:59:12.363Z","serviceBusEndpoint":"https://secondaryNSe5sqx2.servicebus.windows.net:443/","status":"Active"}},{"sku":{"name":"Premium","tier":"Premium","capacity":1},"id":"/subscriptions/00000000-0000-0000-0000-000000000000/resourceGroups/resourceGroupAutorest4i9zey/providers/Microsoft.ServiceBus/namespaces/primaryNSg2o85l","name":"primaryNSg2o85l","type":"Microsoft.ServiceBus/Namespaces","location":"East
        US","tags":{},"properties":{"minimumTlsVersion":"1.2","publicNetworkAccess":"Enabled","disableLocalAuth":false,"zoneRedundant":false,"provisioningState":"Succeeded","metricId":"326100e2-f69d-4268-8503-075374f62b6e:primarynsg2o85l","createdAt":"2022-11-22T16:46:54.713Z","updatedAt":"2022-11-22T16:59:12.637Z","serviceBusEndpoint":"https://primaryNSg2o85l.servicebus.windows.net:443/","status":"Active"}},{"sku":{"name":"Standard","tier":"Standard"},"id":"/subscriptions/00000000-0000-0000-0000-000000000000/resourceGroups/resourceGroupAutoresto859up/providers/Microsoft.ServiceBus/namespaces/primaryNSn6fmhu","name":"primaryNSn6fmhu","type":"Microsoft.ServiceBus/Namespaces","location":"East
        US","tags":{},"properties":{"minimumTlsVersion":"1.2","publicNetworkAccess":"Enabled","disableLocalAuth":false,"zoneRedundant":false,"provisioningState":"Succeeded","metricId":"326100e2-f69d-4268-8503-075374f62b6e:primarynsn6fmhu","createdAt":"2022-11-22T17:41:18.407Z","updatedAt":"2022-11-22T19:02:40.557Z","serviceBusEndpoint":"https://primaryNSn6fmhu.servicebus.windows.net:443/","status":"Active","alternateName":"postMigrationqt7hcd"}},{"sku":{"name":"Premium","tier":"Premium","capacity":1},"id":"/subscriptions/00000000-0000-0000-0000-000000000000/resourceGroups/resourceGroupAutoresto859up/providers/Microsoft.ServiceBus/namespaces/secondaryNSiqjvmr","name":"secondaryNSiqjvmr","type":"Microsoft.ServiceBus/Namespaces","location":"South
        Central US","tags":{},"properties":{"minimumTlsVersion":"1.2","publicNetworkAccess":"Enabled","disableLocalAuth":false,"zoneRedundant":false,"provisioningState":"Succeeded","metricId":"326100e2-f69d-4268-8503-075374f62b6e:secondarynsiqjvmr","createdAt":"2022-11-22T17:41:18.407Z","updatedAt":"2022-11-22T19:03:33.6Z","serviceBusEndpoint":"https://secondaryNSiqjvmr.servicebus.windows.net:443/","status":"Active"}},{"sku":{"name":"Premium","tier":"Premium","capacity":1},"id":"/subscriptions/00000000-0000-0000-0000-000000000000/resourceGroups/resourceGroupAutorest1lxftd/providers/Microsoft.ServiceBus/namespaces/primaryNSg2skfn","name":"primaryNSg2skfn","type":"Microsoft.ServiceBus/Namespaces","location":"East
        US","tags":{},"properties":{"minimumTlsVersion":"1.2","publicNetworkAccess":"Enabled","disableLocalAuth":false,"zoneRedundant":false,"provisioningState":"Succeeded","metricId":"326100e2-f69d-4268-8503-075374f62b6e:primarynsg2skfn","createdAt":"2022-11-23T06:44:18.907Z","updatedAt":"2022-11-23T06:56:31.8Z","serviceBusEndpoint":"https://primaryNSg2skfn.servicebus.windows.net:443/","status":"Active"}},{"sku":{"name":"Premium","tier":"Premium","capacity":1},"id":"/subscriptions/00000000-0000-0000-0000-000000000000/resourceGroups/resourceGroupAutorest1lxftd/providers/Microsoft.ServiceBus/namespaces/secondaryNSud1hb2","name":"secondaryNSud1hb2","type":"Microsoft.ServiceBus/Namespaces","location":"South
        Central US","tags":{},"properties":{"minimumTlsVersion":"1.2","publicNetworkAccess":"Enabled","disableLocalAuth":false,"zoneRedundant":false,"provisioningState":"Succeeded","metricId":"326100e2-f69d-4268-8503-075374f62b6e:secondarynsud1hb2","createdAt":"2022-11-23T06:44:19.32Z","updatedAt":"2022-11-23T06:56:33.823Z","serviceBusEndpoint":"https://secondaryNSud1hb2.servicebus.windows.net:443/","status":"Active"}},{"sku":{"name":"Premium","tier":"Premium","capacity":1},"id":"/subscriptions/00000000-0000-0000-0000-000000000000/resourceGroups/resourceGroupAutorestnqpzt9/providers/Microsoft.ServiceBus/namespaces/secondaryNScjqf18","name":"secondaryNScjqf18","type":"Microsoft.ServiceBus/Namespaces","location":"South
        Central US","tags":{},"properties":{"minimumTlsVersion":"1.2","publicNetworkAccess":"Enabled","disableLocalAuth":false,"zoneRedundant":false,"provisioningState":"Succeeded","metricId":"326100e2-f69d-4268-8503-075374f62b6e:secondarynscjqf18","createdAt":"2022-11-23T07:44:46.24Z","updatedAt":"2022-11-23T07:55:58.033Z","serviceBusEndpoint":"https://secondaryNScjqf18.servicebus.windows.net:443/","status":"Active"}},{"sku":{"name":"Premium","tier":"Premium","capacity":1},"id":"/subscriptions/00000000-0000-0000-0000-000000000000/resourceGroups/resourceGroupAutorestnqpzt9/providers/Microsoft.ServiceBus/namespaces/primaryNS3ish9p","name":"primaryNS3ish9p","type":"Microsoft.ServiceBus/Namespaces","location":"East
        US","tags":{},"properties":{"minimumTlsVersion":"1.2","publicNetworkAccess":"Enabled","disableLocalAuth":false,"zoneRedundant":false,"provisioningState":"Succeeded","metricId":"326100e2-f69d-4268-8503-075374f62b6e:primaryns3ish9p","createdAt":"2022-11-23T07:44:46.317Z","updatedAt":"2022-11-23T07:55:59.193Z","serviceBusEndpoint":"https://primaryNS3ish9p.servicebus.windows.net:443/","status":"Active"}},{"sku":{"name":"Premium","tier":"Premium","capacity":1},"id":"/subscriptions/00000000-0000-0000-0000-000000000000/resourceGroups/resourceGroupAutorestqb21vp/providers/Microsoft.ServiceBus/namespaces/secondaryNSaj9zhm","name":"secondaryNSaj9zhm","type":"Microsoft.ServiceBus/Namespaces","location":"South
        Central US","tags":{},"properties":{"minimumTlsVersion":"1.2","publicNetworkAccess":"Enabled","disableLocalAuth":false,"zoneRedundant":false,"provisioningState":"Succeeded","metricId":"326100e2-f69d-4268-8503-075374f62b6e:secondarynsaj9zhm","createdAt":"2022-11-23T08:14:48.83Z","updatedAt":"2022-11-23T08:26:44.967Z","serviceBusEndpoint":"https://secondaryNSaj9zhm.servicebus.windows.net:443/","status":"Active"}},{"sku":{"name":"Premium","tier":"Premium","capacity":1},"id":"/subscriptions/00000000-0000-0000-0000-000000000000/resourceGroups/resourceGroupAutorestqb21vp/providers/Microsoft.ServiceBus/namespaces/primaryNSmf4b86","name":"primaryNSmf4b86","type":"Microsoft.ServiceBus/Namespaces","location":"East
        US","tags":{},"properties":{"minimumTlsVersion":"1.2","publicNetworkAccess":"Enabled","disableLocalAuth":false,"zoneRedundant":false,"provisioningState":"Succeeded","metricId":"326100e2-f69d-4268-8503-075374f62b6e:primarynsmf4b86","createdAt":"2022-11-23T08:14:49.007Z","updatedAt":"2022-11-23T08:26:45.71Z","serviceBusEndpoint":"https://primaryNSmf4b86.servicebus.windows.net:443/","status":"Active"}},{"sku":{"name":"Standard","tier":"Standard"},"id":"/subscriptions/00000000-0000-0000-0000-000000000000/resourceGroups/resourceGroupAutorestc3akwp/providers/Microsoft.ServiceBus/namespaces/namespaceNamek15sa7","name":"namespaceNamek15sa7","type":"Microsoft.ServiceBus/Namespaces","location":"East
        US","tags":{},"properties":{"minimumTlsVersion":"1.2","publicNetworkAccess":"Enabled","disableLocalAuth":false,"zoneRedundant":false,"provisioningState":"Succeeded","metricId":"326100e2-f69d-4268-8503-075374f62b6e:namespacenamek15sa7","createdAt":"2022-11-23T10:33:09.827Z","updatedAt":"2022-11-23T10:33:52.657Z","serviceBusEndpoint":"https://namespaceNamek15sa7.servicebus.windows.net:443/","status":"Active"}},{"sku":{"name":"Premium","tier":"Premium","capacity":1},"id":"/subscriptions/00000000-0000-0000-0000-000000000000/resourceGroups/resourceGroupAutorestc3akwp/providers/Microsoft.ServiceBus/namespaces/namespaceNameazit49","name":"namespaceNameazit49","type":"Microsoft.ServiceBus/Namespaces","location":"East
        US","tags":{},"properties":{"minimumTlsVersion":"1.2","publicNetworkAccess":"Enabled","disableLocalAuth":false,"zoneRedundant":false,"privateEndpointConnections":[{"id":"/subscriptions/00000000-0000-0000-0000-000000000000/providers/Microsoft.ServiceBus/namespaces/privateEndpointConnections/67ed170e-22f4-45d5-88c2-65242051987e","name":"67ed170e-22f4-45d5-88c2-65242051987e","type":"Microsoft.ServiceBus/Namespaces/PrivateEndpointConnections","location":"East
        US","properties":{"provisioningState":"Succeeded","privateEndpoint":{"id":"/subscriptions/00000000-0000-0000-0000-000000000000/resourceGroups/resourceGroupAutorestc3akwp/providers/Microsoft.Network/privateEndpoints/pe1xb0e6w"},"privateLinkServiceConnectionState":{"status":"Rejected","description":""},"groupIds":["namespace"]}},{"id":"/subscriptions/00000000-0000-0000-0000-000000000000/providers/Microsoft.ServiceBus/namespaces/privateEndpointConnections/1423d16b-9510-49c1-978f-ef0c2f1831f8","name":"1423d16b-9510-49c1-978f-ef0c2f1831f8","type":"Microsoft.ServiceBus/Namespaces/PrivateEndpointConnections","location":"East
        US","properties":{"provisioningState":"Succeeded","privateEndpoint":{"id":"/subscriptions/00000000-0000-0000-0000-000000000000/resourceGroups/resourceGroupAutorestc3akwp/providers/Microsoft.Network/privateEndpoints/pe2j07oca"},"privateLinkServiceConnectionState":{"status":"Rejected","description":"Bye"},"groupIds":["namespace"]}}],"provisioningState":"Succeeded","metricId":"326100e2-f69d-4268-8503-075374f62b6e:namespacenameazit49","createdAt":"2022-11-23T10:33:10.063Z","updatedAt":"2022-11-23T10:37:11.773Z","serviceBusEndpoint":"https://namespaceNameazit49.servicebus.windows.net:443/","status":"Active"}},{"sku":{"name":"Premium","tier":"Premium","capacity":1},"id":"/subscriptions/00000000-0000-0000-0000-000000000000/resourceGroups/resourceGroupAutorestc3akwp/providers/Microsoft.ServiceBus/namespaces/namespaceName2qt8ag","name":"namespaceName2qt8ag","type":"Microsoft.ServiceBus/Namespaces","location":"East
        US","tags":{},"identity":{"principalId":"4bedf168-dcb9-4d89-9b35-844869a85823","tenantId":"72f988bf-86f1-41af-91ab-2d7cd011db47","type":"SystemAssigned"},"properties":{"minimumTlsVersion":"1.2","publicNetworkAccess":"Enabled","disableLocalAuth":false,"zoneRedundant":true,"provisioningState":"Succeeded","metricId":"326100e2-f69d-4268-8503-075374f62b6e:namespacename2qt8ag","createdAt":"2022-11-23T10:33:10.83Z","updatedAt":"2023-01-08T10:28:09.28Z","serviceBusEndpoint":"https://namespaceName2qt8ag.servicebus.windows.net:443/","status":"Active"}},{"sku":{"name":"Premium","tier":"Premium","capacity":1},"id":"/subscriptions/00000000-0000-0000-0000-000000000000/resourceGroups/resourceGroupAutorestc3akwp/providers/Microsoft.ServiceBus/namespaces/secondaryNStilqso","name":"secondaryNStilqso","type":"Microsoft.ServiceBus/Namespaces","location":"South
        Central US","tags":{},"properties":{"minimumTlsVersion":"1.2","publicNetworkAccess":"Enabled","disableLocalAuth":false,"zoneRedundant":false,"provisioningState":"Succeeded","metricId":"326100e2-f69d-4268-8503-075374f62b6e:secondarynstilqso","createdAt":"2022-11-23T10:42:30.29Z","updatedAt":"2022-11-23T10:44:33.083Z","serviceBusEndpoint":"https://secondaryNStilqso.servicebus.windows.net:443/","status":"Active"}},{"sku":{"name":"Standard","tier":"Standard"},"id":"/subscriptions/00000000-0000-0000-0000-000000000000/resourceGroups/resourceGroupAutorestc3akwp/providers/Microsoft.ServiceBus/namespaces/primaryNS67mwe3","name":"primaryNS67mwe3","type":"Microsoft.ServiceBus/Namespaces","location":"East
        US","tags":{},"properties":{"minimumTlsVersion":"1.2","publicNetworkAccess":"Enabled","disableLocalAuth":false,"zoneRedundant":false,"provisioningState":"Succeeded","metricId":"326100e2-f69d-4268-8503-075374f62b6e:primaryns67mwe3","createdAt":"2022-11-23T10:42:30.41Z","updatedAt":"2022-11-23T10:43:14.363Z","serviceBusEndpoint":"https://primaryNS67mwe3.servicebus.windows.net:443/","status":"Active"}},{"sku":{"name":"Premium","tier":"Premium","capacity":1},"id":"/subscriptions/00000000-0000-0000-0000-000000000000/resourceGroups/resourceGroupAutorestc3akwp/providers/Microsoft.ServiceBus/namespaces/secondaryNSxg98uj","name":"secondaryNSxg98uj","type":"Microsoft.ServiceBus/Namespaces","location":"South
        Central US","tags":{},"properties":{"minimumTlsVersion":"1.2","publicNetworkAccess":"Enabled","disableLocalAuth":false,"zoneRedundant":false,"provisioningState":"Succeeded","metricId":"326100e2-f69d-4268-8503-075374f62b6e:secondarynsxg98uj","createdAt":"2022-11-23T10:42:30.63Z","updatedAt":"2022-11-23T10:45:02.21Z","serviceBusEndpoint":"https://secondaryNSxg98uj.servicebus.windows.net:443/","status":"Active"}},{"sku":{"name":"Premium","tier":"Premium","capacity":1},"id":"/subscriptions/00000000-0000-0000-0000-000000000000/resourceGroups/resourceGroupAutorestc3akwp/providers/Microsoft.ServiceBus/namespaces/primaryNS9kh1r7","name":"primaryNS9kh1r7","type":"Microsoft.ServiceBus/Namespaces","location":"East
        US","tags":{},"properties":{"minimumTlsVersion":"1.2","publicNetworkAccess":"Enabled","disableLocalAuth":false,"zoneRedundant":false,"provisioningState":"Succeeded","metricId":"326100e2-f69d-4268-8503-075374f62b6e:primaryns9kh1r7","createdAt":"2022-11-23T10:42:30.71Z","updatedAt":"2022-11-23T10:43:38.44Z","serviceBusEndpoint":"https://primaryNS9kh1r7.servicebus.windows.net:443/","status":"Active"}},{"sku":{"name":"Premium","tier":"Premium","capacity":1},"id":"/subscriptions/00000000-0000-0000-0000-000000000000/resourceGroups/resourceGroupAutorestel6pb5/providers/Microsoft.ServiceBus/namespaces/secondaryNS4qrb17","name":"secondaryNS4qrb17","type":"Microsoft.ServiceBus/Namespaces","location":"South
        Central US","tags":{},"properties":{"minimumTlsVersion":"1.2","publicNetworkAccess":"Enabled","disableLocalAuth":false,"zoneRedundant":false,"provisioningState":"Succeeded","metricId":"326100e2-f69d-4268-8503-075374f62b6e:secondaryns4qrb17","createdAt":"2022-11-23T12:03:35.037Z","updatedAt":"2022-11-23T13:24:59.773Z","serviceBusEndpoint":"https://secondaryNS4qrb17.servicebus.windows.net:443/","status":"Active"}},{"sku":{"name":"Standard","tier":"Standard"},"id":"/subscriptions/00000000-0000-0000-0000-000000000000/resourceGroups/resourceGroupAutorestel6pb5/providers/Microsoft.ServiceBus/namespaces/primaryNS6wbgdx","name":"primaryNS6wbgdx","type":"Microsoft.ServiceBus/Namespaces","location":"East
        US","tags":{},"properties":{"minimumTlsVersion":"1.2","publicNetworkAccess":"Enabled","disableLocalAuth":false,"zoneRedundant":false,"provisioningState":"Succeeded","metricId":"326100e2-f69d-4268-8503-075374f62b6e:primaryns6wbgdx","createdAt":"2022-11-23T12:03:35.123Z","updatedAt":"2022-11-23T13:24:59.547Z","serviceBusEndpoint":"https://primaryNS6wbgdx.servicebus.windows.net:443/","status":"Active","alternateName":"postMigrationajsixu"}},{"sku":{"name":"Standard","tier":"Standard"},"id":"/subscriptions/00000000-0000-0000-0000-000000000000/resourceGroups/jbj-sb-testing/providers/Microsoft.ServiceBus/namespaces/jbj-sb-aad-test","name":"jbj-sb-aad-test","type":"Microsoft.ServiceBus/Namespaces","location":"West
        Central US","tags":{},"properties":{"minimumTlsVersion":"1.2","publicNetworkAccess":"Enabled","disableLocalAuth":false,"zoneRedundant":false,"provisioningState":"Succeeded","metricId":"326100e2-f69d-4268-8503-075374f62b6e:jbj-sb-aad-test","createdAt":"2022-11-30T20:44:46.15Z","updatedAt":"2022-11-30T20:45:29.853Z","serviceBusEndpoint":"https://jbj-sb-aad-test.servicebus.windows.net:443/","status":"Active"}},{"sku":{"name":"Premium","tier":"Premium","capacity":1},"id":"/subscriptions/00000000-0000-0000-0000-000000000000/resourceGroups/abhigarg-publicnetworkaccess-cbn/providers/Microsoft.ServiceBus/namespaces/abhigarg-publicnetwrkaccess-2022-12-02","name":"abhigarg-publicnetwrkaccess-2022-12-02","type":"Microsoft.ServiceBus/Namespaces","location":"EAST
        US 2 EUAP","tags":{},"properties":{"minimumTlsVersion":"1.0","publicNetworkAccess":"Enabled","disableLocalAuth":false,"zoneRedundant":true,"provisioningState":"Succeeded","metricId":"326100e2-f69d-4268-8503-075374f62b6e:abhigarg-publicnetwrkaccess-2022-12-02","createdAt":"2022-12-02T21:35:16.203Z","updatedAt":"2022-12-03T01:08:23.413Z","serviceBusEndpoint":"https://abhigarg-publicnetwrkaccess-2022-12-02.servicebus.windows.net:443/","status":"Active"}},{"sku":{"name":"Basic","tier":"Basic"},"id":"/subscriptions/00000000-0000-0000-0000-000000000000/resourceGroups/klam-rg/providers/Microsoft.ServiceBus/namespaces/klam-test-deleteme","name":"klam-test-deleteme","type":"Microsoft.ServiceBus/Namespaces","location":"Brazil
        South","tags":{},"properties":{"minimumTlsVersion":"1.2","publicNetworkAccess":"Enabled","disableLocalAuth":false,"zoneRedundant":false,"provisioningState":"Succeeded","metricId":"326100e2-f69d-4268-8503-075374f62b6e:klam-test-deleteme","createdAt":"2022-12-12T18:00:24.613Z","updatedAt":"2022-12-12T18:01:08.077Z","serviceBusEndpoint":"https://klam-test-deleteme.servicebus.windows.net:443/","status":"Active"}},{"sku":{"name":"Premium","tier":"Premium","capacity":1},"id":"/subscriptions/00000000-0000-0000-0000-000000000000/resourceGroups/damorg/providers/Microsoft.ServiceBus/namespaces/testsbcompliance","name":"testsbcompliance","type":"Microsoft.ServiceBus/Namespaces","location":"Jio
        India West","tags":{},"properties":{"minimumTlsVersion":"1.2","publicNetworkAccess":"Disabled","disableLocalAuth":false,"zoneRedundant":false,"provisioningState":"Succeeded","metricId":"326100e2-f69d-4268-8503-075374f62b6e:testsbcompliance","createdAt":"2022-12-13T04:48:43.01Z","updatedAt":"2022-12-13T07:37:52.777Z","serviceBusEndpoint":"https://testsbcompliance.servicebus.windows.net:443/","status":"Active"}},{"sku":{"name":"Basic","tier":"Basic"},"id":"/subscriptions/00000000-0000-0000-0000-000000000000/resourceGroups/suparame-rg/providers/Microsoft.ServiceBus/namespaces/SuparameNamespaceTest1","name":"SuparameNamespaceTest1","type":"Microsoft.ServiceBus/Namespaces","location":"West
        US","tags":{},"properties":{"minimumTlsVersion":"1.2","publicNetworkAccess":"Enabled","disableLocalAuth":false,"zoneRedundant":false,"provisioningState":"Succeeded","metricId":"326100e2-f69d-4268-8503-075374f62b6e:suparamenamespacetest1","createdAt":"2022-12-16T05:52:14.85Z","updatedAt":"2022-12-16T05:52:59.003Z","serviceBusEndpoint":"https://SuparameNamespaceTest1.servicebus.windows.net:443/","status":"Active"}},{"sku":{"name":"Premium","tier":"Premium","capacity":1},"id":"/subscriptions/00000000-0000-0000-0000-000000000000/resourceGroups/ardsouza-testrg1/providers/Microsoft.ServiceBus/namespaces/ardsouza-polandcentral-12-21-22","name":"ardsouza-polandcentral-12-21-22","type":"Microsoft.ServiceBus/Namespaces","location":"Poland
        Central","tags":{},"properties":{"minimumTlsVersion":"1.2","publicNetworkAccess":"Enabled","disableLocalAuth":false,"zoneRedundant":true,"provisioningState":"Succeeded","metricId":"326100e2-f69d-4268-8503-075374f62b6e:ardsouza-polandcentral-12-21-22","createdAt":"2022-12-21T22:12:02.127Z","updatedAt":"2022-12-21T22:13:20.107Z","serviceBusEndpoint":"https://ardsouza-polandcentral-12-21-22.servicebus.windows.net:443/","status":"Active"}},{"sku":{"name":"Standard","tier":"Standard"},"id":"/subscriptions/00000000-0000-0000-0000-000000000000/resourceGroups/ardsouza-testrg1/providers/Microsoft.ServiceBus/namespaces/ardsouza-polandcentral-std-12-21-22","name":"ardsouza-polandcentral-std-12-21-22","type":"Microsoft.ServiceBus/Namespaces","location":"Poland
        Central","tags":{},"properties":{"minimumTlsVersion":"1.2","publicNetworkAccess":"Enabled","disableLocalAuth":false,"zoneRedundant":false,"provisioningState":"Succeeded","metricId":"326100e2-f69d-4268-8503-075374f62b6e:ardsouza-polandcentral-std-12-21-22","createdAt":"2022-12-22T02:37:39.503Z","updatedAt":"2022-12-22T02:38:24.017Z","serviceBusEndpoint":"https://ardsouza-polandcentral-std-12-21-22.servicebus.windows.net:443/","status":"Active"}},{"sku":{"name":"Standard","tier":"Standard"},"id":"/subscriptions/00000000-0000-0000-0000-000000000000/resourceGroups/pablorod_new/providers/Microsoft.ServiceBus/namespaces/pablorod-suscription-rules-v2","name":"pablorod-suscription-rules-v2","type":"Microsoft.ServiceBus/Namespaces","location":"East
        US","tags":{},"properties":{"minimumTlsVersion":"1.2","publicNetworkAccess":"Enabled","disableLocalAuth":false,"zoneRedundant":false,"provisioningState":"Succeeded","metricId":"326100e2-f69d-4268-8503-075374f62b6e:pablorod-suscription-rules-v2","createdAt":"2022-12-28T21:24:03.74Z","updatedAt":"2022-12-28T21:24:46.6Z","serviceBusEndpoint":"https://pablorod-suscription-rules-v2.servicebus.windows.net:443/","status":"Active"}},{"sku":{"name":"Premium","tier":"Premium","capacity":1},"id":"/subscriptions/00000000-0000-0000-0000-000000000000/resourceGroups/TestKaren/providers/Microsoft.ServiceBus/namespaces/jmsCanaryTest","name":"jmsCanaryTest","type":"Microsoft.ServiceBus/Namespaces","location":"Central
        US EUAP","tags":{},"identity":{"principalId":"545fa6eb-4462-4f3b-8e03-1be333624068","tenantId":"72f988bf-86f1-41af-91ab-2d7cd011db47","type":"SystemAssigned,
        UserAssigned","userAssignedIdentities":{"/subscriptions/00000000-0000-0000-0000-000000000000/resourceGroups/TestKaren/providers/Microsoft.ManagedIdentity/userAssignedIdentities/aadJmsTest":{"clientId":"f7a1d0cd-b213-46ad-b00f-7b8da1ae32a9","principalId":"8ef66c24-3d2d-4435-885c-18b4e02bbc41"}}},"properties":{"minimumTlsVersion":"1.0","publicNetworkAccess":"Enabled","disableLocalAuth":false,"zoneRedundant":false,"provisioningState":"Succeeded","metricId":"326100e2-f69d-4268-8503-075374f62b6e:jmscanarytest","createdAt":"2022-12-29T02:49:54.477Z","updatedAt":"2023-02-04T22:07:08.703Z","serviceBusEndpoint":"https://jmsCanaryTest.servicebus.windows.net:443/","status":"Active"}},{"sku":{"name":"Standard","tier":"Standard"},"id":"/subscriptions/00000000-0000-0000-0000-000000000000/resourceGroups/shubham-rg/providers/Microsoft.ServiceBus/namespaces/srcauth01","name":"srcauth01","type":"Microsoft.ServiceBus/Namespaces","location":"West
        US","tags":{},"properties":{"minimumTlsVersion":"1.2","publicNetworkAccess":"Enabled","disableLocalAuth":false,"zoneRedundant":false,"provisioningState":"Succeeded","metricId":"326100e2-f69d-4268-8503-075374f62b6e:srcauth01","createdAt":"2023-01-05T09:26:00.26Z","updatedAt":"2023-01-05T09:26:45.007Z","serviceBusEndpoint":"https://srcauth01.servicebus.windows.net:443/","status":"Active"}},{"sku":{"name":"Premium","tier":"Premium","capacity":1},"id":"/subscriptions/00000000-0000-0000-0000-000000000000/resourceGroups/suparame-rg/providers/Microsoft.ServiceBus/namespaces/Suparame-EG-test1","name":"Suparame-EG-test1","type":"Microsoft.ServiceBus/Namespaces","location":"West
        US 3","tags":{},"properties":{"minimumTlsVersion":"1.2","publicNetworkAccess":"Enabled","disableLocalAuth":false,"zoneRedundant":true,"provisioningState":"Succeeded","metricId":"326100e2-f69d-4268-8503-075374f62b6e:suparame-eg-test1","createdAt":"2023-01-06T02:55:40.927Z","updatedAt":"2023-01-06T02:56:51.367Z","serviceBusEndpoint":"https://Suparame-EG-test1.servicebus.windows.net:443/","status":"Active"}},{"sku":{"name":"Premium","tier":"Premium","capacity":1},"id":"/subscriptions/00000000-0000-0000-0000-000000000000/resourceGroups/Default-ServiceBus-EASTUS2EUAP/providers/Microsoft.ServiceBus/namespaces/euapnoebs","name":"euapnoebs","type":"Microsoft.ServiceBus/Namespaces","location":"EAST
        US 2 EUAP","tags":{},"properties":{"minimumTlsVersion":"1.0","publicNetworkAccess":"Enabled","disableLocalAuth":false,"zoneRedundant":true,"provisioningState":"Succeeded","metricId":"326100e2-f69d-4268-8503-075374f62b6e:euapnoebs","createdAt":"2023-01-11T04:06:37.373Z","updatedAt":"2023-01-11T04:07:56.56Z","serviceBusEndpoint":"https://euapnoebs.servicebus.windows.net:443/","status":"Active"}},{"sku":{"name":"Premium","tier":"Premium","capacity":2},"id":"/subscriptions/00000000-0000-0000-0000-000000000000/resourceGroups/testservicebusRG-2484/providers/Microsoft.ServiceBus/namespaces/testnamespacemgmt7646","name":"testnamespacemgmt7646","type":"Microsoft.ServiceBus/Namespaces","location":"North
        Europe","tags":{},"properties":{"minimumTlsVersion":"1.2","publicNetworkAccess":"Enabled","disableLocalAuth":false,"zoneRedundant":true,"provisioningState":"Succeeded","metricId":"326100e2-f69d-4268-8503-075374f62b6e:testnamespacemgmt7646","createdAt":"2023-01-12T08:22:57.34Z","updatedAt":"2023-01-12T08:24:36.11Z","serviceBusEndpoint":"https://testnamespacemgmt7646.servicebus.windows.net:443/","status":"Active"}},{"sku":{"name":"Premium","tier":"Premium","capacity":1},"id":"/subscriptions/00000000-0000-0000-0000-000000000000/resourceGroups/anway/providers/Microsoft.ServiceBus/namespaces/highmemeus2","name":"highmemeus2","type":"Microsoft.ServiceBus/Namespaces","location":"East
        US 2","tags":{},"properties":{"minimumTlsVersion":"1.2","publicNetworkAccess":"Enabled","disableLocalAuth":false,"zoneRedundant":true,"provisioningState":"Succeeded","metricId":"326100e2-f69d-4268-8503-075374f62b6e:highmemeus2","createdAt":"2023-01-12T21:42:02.56Z","updatedAt":"2023-01-12T21:43:21.12Z","serviceBusEndpoint":"https://highmemeus2.servicebus.windows.net:443/","status":"Active"}},{"sku":{"name":"Premium","tier":"Premium","capacity":2},"id":"/subscriptions/00000000-0000-0000-0000-000000000000/resourceGroups/shubham-rg/providers/Microsoft.ServiceBus/namespaces/srcty110","name":"srcty110","type":"Microsoft.ServiceBus/Namespaces","location":"East
        US","tags":{},"identity":{"principalId":"f41a1e1e-8e8b-4f7a-9e2b-281966a681f8","tenantId":"72f988bf-86f1-41af-91ab-2d7cd011db47","type":"SystemAssigned,
        UserAssigned","userAssignedIdentities":{"/subscriptions/00000000-0000-0000-0000-000000000000/resourceGroups/shubham-rg/providers/Microsoft.ManagedIdentity/userAssignedIdentities/MSI-rg02":{"clientId":"1201f723-2b58-448d-9e5e-e302fcdfacbc","principalId":"ceee4453-2c61-4e1b-bff7-87dedfb25103"},"/subscriptions/00000000-0000-0000-0000-000000000000/resourceGroups/shubham-rg/providers/Microsoft.ManagedIdentity/userAssignedIdentities/MSI-rg01":{"clientId":"aeb590de-880a-494c-a9c4-eedd842272f0","principalId":"723e19ad-62ca-4b38-af07-4d9b7c3261a3"}}},"properties":{"minimumTlsVersion":"1.2","publicNetworkAccess":"Enabled","disableLocalAuth":false,"zoneRedundant":true,"provisioningState":"Succeeded","metricId":"326100e2-f69d-4268-8503-075374f62b6e:srcty110","createdAt":"2023-01-23T11:29:27.333Z","updatedAt":"2023-01-23T11:36:43.7Z","serviceBusEndpoint":"https://srcty110.servicebus.windows.net:443/","status":"Active"}},{"sku":{"name":"Premium","tier":"Premium","capacity":1},"id":"/subscriptions/00000000-0000-0000-0000-000000000000/resourceGroups/TestKaren/providers/Microsoft.ServiceBus/namespaces/mqTestKa","name":"mqTestKa","type":"Microsoft.ServiceBus/Namespaces","location":"East
        US 2","tags":{},"identity":{"principalId":"f063a397-de97-42f0-9a6d-bc48fb375597","tenantId":"72f988bf-86f1-41af-91ab-2d7cd011db47","type":"SystemAssigned"},"properties":{"minimumTlsVersion":"1.2","publicNetworkAccess":"Enabled","disableLocalAuth":false,"zoneRedundant":true,"provisioningState":"Succeeded","metricId":"326100e2-f69d-4268-8503-075374f62b6e:mqtestka","createdAt":"2023-01-27T01:29:51.76Z","updatedAt":"2023-01-27T05:24:54.09Z","serviceBusEndpoint":"https://mqTestKa.servicebus.windows.net:443/","status":"Active"}},{"sku":{"name":"Standard","tier":"Standard"},"id":"/subscriptions/00000000-0000-0000-0000-000000000000/resourceGroups/suparame-rg/providers/Microsoft.ServiceBus/namespaces/ServiceBusStandardNSSuparme","name":"ServiceBusStandardNSSuparme","type":"Microsoft.ServiceBus/Namespaces","location":"West
        US 3","tags":{},"properties":{"minimumTlsVersion":"1.2","publicNetworkAccess":"Enabled","disableLocalAuth":false,"zoneRedundant":false,"provisioningState":"Succeeded","metricId":"326100e2-f69d-4268-8503-075374f62b6e:servicebusstandardnssuparme","createdAt":"2023-01-31T18:38:27.15Z","updatedAt":"2023-01-31T18:39:09.853Z","serviceBusEndpoint":"https://ServiceBusStandardNSSuparme.servicebus.windows.net:443/","status":"Active"}},{"sku":{"name":"Premium","tier":"Premium","capacity":1},"id":"/subscriptions/00000000-0000-0000-0000-000000000000/resourceGroups/testservicebusRG-6260/providers/Microsoft.ServiceBus/namespaces/testnamespacemgmt7577","name":"testnamespacemgmt7577","type":"Microsoft.ServiceBus/Namespaces","location":"East
        US 2","tags":{},"properties":{"minimumTlsVersion":"1.2","publicNetworkAccess":"Enabled","disableLocalAuth":false,"zoneRedundant":false,"provisioningState":"Succeeded","metricId":"326100e2-f69d-4268-8503-075374f62b6e:testnamespacemgmt7577","createdAt":"2023-02-01T09:27:27.243Z","updatedAt":"2023-02-01T09:28:38.053Z","serviceBusEndpoint":"https://testnamespacemgmt7577.servicebus.windows.net:443/","status":"Active"}},{"sku":{"name":"Premium","tier":"Premium","capacity":1},"id":"/subscriptions/00000000-0000-0000-0000-000000000000/resourceGroups/testservicebusRG-6260/providers/Microsoft.ServiceBus/namespaces/testnamespacemgmt1217","name":"testnamespacemgmt1217","type":"Microsoft.ServiceBus/Namespaces","location":"East
        US","tags":{},"properties":{"minimumTlsVersion":"1.2","publicNetworkAccess":"Enabled","disableLocalAuth":false,"zoneRedundant":false,"provisioningState":"Succeeded","metricId":"326100e2-f69d-4268-8503-075374f62b6e:testnamespacemgmt1217","createdAt":"2023-02-01T09:29:09.047Z","updatedAt":"2023-02-01T09:31:02.407Z","serviceBusEndpoint":"https://testnamespacemgmt1217.servicebus.windows.net:443/","status":"Active"}},{"sku":{"name":"Standard","tier":"Standard"},"id":"/subscriptions/00000000-0000-0000-0000-000000000000/resourceGroups/sharmavijay-la-verification/providers/Microsoft.ServiceBus/namespaces/sharmavijay-sb-std-la-verification","name":"sharmavijay-sb-std-la-verification","type":"Microsoft.ServiceBus/Namespaces","location":"EAST
        US 2 EUAP","tags":{},"properties":{"minimumTlsVersion":"1.2","publicNetworkAccess":"Enabled","disableLocalAuth":false,"zoneRedundant":false,"provisioningState":"Succeeded","metricId":"326100e2-f69d-4268-8503-075374f62b6e:sharmavijay-sb-std-la-verification","createdAt":"2023-02-01T11:00:09.857Z","updatedAt":"2023-02-01T11:00:55.313Z","serviceBusEndpoint":"https://sharmavijay-sb-std-la-verification.servicebus.windows.net:443/","status":"Active"}},{"sku":{"name":"Premium","tier":"Premium","capacity":2},"id":"/subscriptions/00000000-0000-0000-0000-000000000000/resourceGroups/testvinsu718/providers/Microsoft.ServiceBus/namespaces/testsbpremvinsuwithHighMemoryFix","name":"testsbpremvinsuwithHighMemoryFix","type":"Microsoft.ServiceBus/Namespaces","location":"Central
        US EUAP","tags":{},"properties":{"minimumTlsVersion":"1.2","publicNetworkAccess":"Enabled","disableLocalAuth":false,"zoneRedundant":false,"provisioningState":"Succeeded","metricId":"326100e2-f69d-4268-8503-075374f62b6e:testsbpremvinsuwithhighmemoryfix","createdAt":"2023-02-05T21:14:19.12Z","updatedAt":"2023-02-06T18:47:18.9Z","serviceBusEndpoint":"https://testsbpremvinsuwithHighMemoryFix.servicebus.windows.net:443/","status":"Active"}},{"sku":{"name":"Standard","tier":"Standard"},"id":"/subscriptions/00000000-0000-0000-0000-000000000000/resourceGroups/cli_test_sb_subscription6m27zc5rufs7xp34pis2phf5wfu2j7kk7lqieysmclma6iytq4r/providers/Microsoft.ServiceBus/namespaces/sb-nsclizscx2ebag64z","name":"sb-nsclizscx2ebag64z","type":"Microsoft.ServiceBus/Namespaces","location":"West
        US","tags":{"{tag1: value1,":"","tag2: value2}":""},"properties":{"minimumTlsVersion":"1.2","publicNetworkAccess":"Enabled","disableLocalAuth":false,"zoneRedundant":false,"provisioningState":"Succeeded","metricId":"326100e2-f69d-4268-8503-075374f62b6e:sb-nsclizscx2ebag64z","createdAt":"2023-02-07T08:00:56.033Z","updatedAt":"2023-02-07T08:01:38.447Z","serviceBusEndpoint":"https://sb-nsclizscx2ebag64z.servicebus.windows.net:443/","status":"Active"}},{"sku":{"name":"Standard","tier":"Standard"},"id":"/subscriptions/00000000-0000-0000-0000-000000000000/resourceGroups/cli_test_sb_queueucmveinbbhtk5zmhw4unieyuns6duvjkbs3xk7ulpknno3umqqsxfewp7t/providers/Microsoft.ServiceBus/namespaces/sb-nscli54t4su6p5nrz","name":"sb-nscli54t4su6p5nrz","type":"Microsoft.ServiceBus/Namespaces","location":"West
        US","tags":{"{tag2":"value2,","tag1":"value1}"},"properties":{"minimumTlsVersion":"1.2","publicNetworkAccess":"Enabled","disableLocalAuth":false,"zoneRedundant":false,"provisioningState":"Succeeded","metricId":"326100e2-f69d-4268-8503-075374f62b6e:sb-nscli54t4su6p5nrz","createdAt":"2023-02-07T08:11:32.08Z","updatedAt":"2023-02-07T08:12:16.78Z","serviceBusEndpoint":"https://sb-nscli54t4su6p5nrz.servicebus.windows.net:443/","status":"Active"}},{"sku":{"name":"Premium","tier":"Premium","capacity":1},"id":"/subscriptions/00000000-0000-0000-0000-000000000000/resourceGroups/anqyan-rg/providers/Microsoft.ServiceBus/namespaces/anqyan-canary-premum","name":"anqyan-canary-premum","type":"Microsoft.ServiceBus/Namespaces","location":"Central
        US EUAP","tags":{},"properties":{"minimumTlsVersion":"1.2","publicNetworkAccess":"Enabled","disableLocalAuth":false,"zoneRedundant":false,"provisioningState":"Succeeded","metricId":"326100e2-f69d-4268-8503-075374f62b6e:anqyan-canary-premum","createdAt":"2023-02-08T00:34:41.913Z","updatedAt":"2023-02-08T00:36:00.77Z","serviceBusEndpoint":"https://anqyan-canary-premum.servicebus.windows.net:443/","status":"Active"}},{"sku":{"name":"Premium","tier":"Premium","capacity":1},"id":"/subscriptions/00000000-0000-0000-0000-000000000000/resourceGroups/cli_test_sb_namespace000001/providers/Microsoft.ServiceBus/namespaces/sb-nscli000003","name":"sb-nscli000003","type":"Microsoft.ServiceBus/Namespaces","location":"East
        US 2","tags":{"{tag1":"value1}"},"properties":{"minimumTlsVersion":"1.1","publicNetworkAccess":"Enabled","disableLocalAuth":false,"zoneRedundant":true,"provisioningState":"Succeeded","metricId":"326100e2-f69d-4268-8503-075374f62b6e:sb-nscli000003","createdAt":"2023-02-08T04:44:28.25Z","updatedAt":"2023-02-08T04:46:02.453Z","serviceBusEndpoint":"https://sb-nscli000003.servicebus.windows.net:443/","status":"Active"}},{"sku":{"name":"Premium","tier":"Premium","capacity":1},"id":"/subscriptions/00000000-0000-0000-0000-000000000000/resourceGroups/cli_test_sb_namespace000001/providers/Microsoft.ServiceBus/namespaces/sb-nscli2000004","name":"sb-nscli2000004","type":"Microsoft.ServiceBus/Namespaces","location":"East
        US 2","tags":{"{tag1":"value1}"},"properties":{"minimumTlsVersion":"1.2","publicNetworkAccess":"Enabled","disableLocalAuth":false,"zoneRedundant":true,"provisioningState":"Succeeded","metricId":"326100e2-f69d-4268-8503-075374f62b6e:sb-nscli2000004","createdAt":"2023-02-08T04:46:36.573Z","updatedAt":"2023-02-08T04:47:54.087Z","serviceBusEndpoint":"https://sb-nscli2000004.servicebus.windows.net:443/","status":"Active"}},{"sku":{"name":"Standard","tier":"Standard"},"id":"/subscriptions/00000000-0000-0000-0000-000000000000/resourceGroups/cli_test_sb_namespace000001/providers/Microsoft.ServiceBus/namespaces/sb-nscli000002","name":"sb-nscli000002","type":"Microsoft.ServiceBus/Namespaces","location":"West
        US","tags":{"{tag1":"value1}"},"properties":{"minimumTlsVersion":"1.2","publicNetworkAccess":"Enabled","disableLocalAuth":false,"zoneRedundant":false,"provisioningState":"Succeeded","metricId":"326100e2-f69d-4268-8503-075374f62b6e:sb-nscli000002","createdAt":"2023-02-08T04:48:11.453Z","updatedAt":"2023-02-08T04:49:51.657Z","serviceBusEndpoint":"https://sb-nscli000002.servicebus.windows.net:443/","status":"Active"}}]}'
    headers:
      cache-control:
      - no-cache
      content-length:
      - '40440'
      content-type:
      - application/json; charset=utf-8
      date:
      - Wed, 08 Feb 2023 04:50:23 GMT
      expires:
      - '-1'
      pragma:
      - no-cache
      server:
      - Service-Bus-Resource-Provider/SN1
      - Microsoft-HTTPAPI/2.0
      server-sb:
      - Service-Bus-Resource-Provider/SN1
      strict-transport-security:
      - max-age=31536000; includeSubDomains
      transfer-encoding:
      - chunked
      vary:
      - Accept-Encoding
      x-content-type-options:
      - nosniff
      x-ms-inline-count:
      - ''
    status:
      code: 200
      message: OK
- request:
    body: null
    headers:
      Accept:
      - application/json
      Accept-Encoding:
      - gzip, deflate
      CommandName:
      - servicebus namespace list
      Connection:
      - keep-alive
      ParameterSetName:
      - --resource-group
      User-Agent:
      - AZURECLI/2.43.0 azsdk-python-azure-mgmt-servicebus/8.1.0 Python/3.8.0 (Windows-10-10.0.19041-SP0)
    method: GET
    uri: https://management.azure.com/subscriptions/00000000-0000-0000-0000-000000000000/resourceGroups/cli_test_sb_namespace000001/providers/Microsoft.ServiceBus/namespaces?api-version=2022-01-01-preview
  response:
    body:
      string: '{"value":[{"sku":{"name":"Premium","tier":"Premium","capacity":1},"id":"/subscriptions/00000000-0000-0000-0000-000000000000/resourceGroups/cli_test_sb_namespace000001/providers/Microsoft.ServiceBus/namespaces/sb-nscli000003","name":"sb-nscli000003","type":"Microsoft.ServiceBus/Namespaces","location":"East
        US 2","tags":{"{tag1":"value1}"},"properties":{"minimumTlsVersion":"1.1","publicNetworkAccess":"Enabled","disableLocalAuth":false,"zoneRedundant":true,"provisioningState":"Succeeded","metricId":"326100e2-f69d-4268-8503-075374f62b6e:sb-nscli000003","createdAt":"2023-02-08T04:44:28.25Z","updatedAt":"2023-02-08T04:46:02.453Z","serviceBusEndpoint":"https://sb-nscli000003.servicebus.windows.net:443/","status":"Active"}},{"sku":{"name":"Premium","tier":"Premium","capacity":1},"id":"/subscriptions/00000000-0000-0000-0000-000000000000/resourceGroups/cli_test_sb_namespace000001/providers/Microsoft.ServiceBus/namespaces/sb-nscli2000004","name":"sb-nscli2000004","type":"Microsoft.ServiceBus/Namespaces","location":"East
        US 2","tags":{"{tag1":"value1}"},"properties":{"minimumTlsVersion":"1.2","publicNetworkAccess":"Enabled","disableLocalAuth":false,"zoneRedundant":true,"provisioningState":"Succeeded","metricId":"326100e2-f69d-4268-8503-075374f62b6e:sb-nscli2000004","createdAt":"2023-02-08T04:46:36.573Z","updatedAt":"2023-02-08T04:47:54.087Z","serviceBusEndpoint":"https://sb-nscli2000004.servicebus.windows.net:443/","status":"Active"}},{"sku":{"name":"Standard","tier":"Standard"},"id":"/subscriptions/00000000-0000-0000-0000-000000000000/resourceGroups/cli_test_sb_namespace000001/providers/Microsoft.ServiceBus/namespaces/sb-nscli000002","name":"sb-nscli000002","type":"Microsoft.ServiceBus/Namespaces","location":"West
        US","tags":{"{tag1":"value1}"},"properties":{"minimumTlsVersion":"1.2","publicNetworkAccess":"Enabled","disableLocalAuth":false,"zoneRedundant":false,"provisioningState":"Succeeded","metricId":"326100e2-f69d-4268-8503-075374f62b6e:sb-nscli000002","createdAt":"2023-02-08T04:48:11.453Z","updatedAt":"2023-02-08T04:49:51.657Z","serviceBusEndpoint":"https://sb-nscli000002.servicebus.windows.net:443/","status":"Active"}}]}'
    headers:
      cache-control:
      - no-cache
      content-length:
      - '2153'
      content-type:
      - application/json; charset=utf-8
      date:
      - Wed, 08 Feb 2023 04:50:23 GMT
      expires:
      - '-1'
      pragma:
      - no-cache
      server:
      - Service-Bus-Resource-Provider/SN1
      - Microsoft-HTTPAPI/2.0
      server-sb:
      - Service-Bus-Resource-Provider/SN1
      strict-transport-security:
      - max-age=31536000; includeSubDomains
      transfer-encoding:
      - chunked
      vary:
      - Accept-Encoding
      x-content-type-options:
      - nosniff
    status:
      code: 200
      message: OK
- request:
    body: '{"properties": {"rights": ["Send"]}}'
    headers:
      Accept:
      - application/json
      Accept-Encoding:
      - gzip, deflate
      CommandName:
      - servicebus namespace authorization-rule create
      Connection:
      - keep-alive
      Content-Length:
      - '36'
      Content-Type:
      - application/json
      ParameterSetName:
      - --resource-group --namespace-name --name --rights
      User-Agent:
      - AZURECLI/2.43.0 (AAZ) azsdk-python-core/1.24.0 Python/3.8.0 (Windows-10-10.0.19041-SP0)
    method: PUT
    uri: https://management.azure.com/subscriptions/00000000-0000-0000-0000-000000000000/resourceGroups/cli_test_sb_namespace000001/providers/Microsoft.ServiceBus/namespaces/sb-nscli000002/AuthorizationRules/cliAutho000005?api-version=2022-01-01-preview
  response:
    body:
      string: '{"id":"/subscriptions/00000000-0000-0000-0000-000000000000/resourceGroups/cli_test_sb_namespace000001/providers/Microsoft.ServiceBus/namespaces/sb-nscli000002/AuthorizationRules/cliAutho000005","name":"cliAutho000005","type":"Microsoft.ServiceBus/Namespaces/AuthorizationRules","location":"westus","properties":{"rights":["Send"]}}'
    headers:
      cache-control:
      - no-cache
      content-length:
      - '331'
      content-type:
      - application/json; charset=utf-8
      date:
      - Wed, 08 Feb 2023 04:50:30 GMT
      expires:
      - '-1'
      pragma:
      - no-cache
      server:
      - Microsoft-HTTPAPI/2.0
      strict-transport-security:
      - max-age=31536000; includeSubDomains
      transfer-encoding:
      - chunked
      vary:
      - Accept-Encoding
      x-content-type-options:
      - nosniff
      x-ms-ratelimit-remaining-subscription-writes:
      - '1199'
    status:
      code: 200
      message: OK
- request:
    body: null
    headers:
      Accept:
      - application/json
      Accept-Encoding:
      - gzip, deflate
      CommandName:
      - servicebus namespace authorization-rule show
      Connection:
      - keep-alive
      ParameterSetName:
      - --resource-group --namespace-name --name
      User-Agent:
      - AZURECLI/2.43.0 (AAZ) azsdk-python-core/1.24.0 Python/3.8.0 (Windows-10-10.0.19041-SP0)
    method: GET
    uri: https://management.azure.com/subscriptions/00000000-0000-0000-0000-000000000000/resourceGroups/cli_test_sb_namespace000001/providers/Microsoft.ServiceBus/namespaces/sb-nscli000002/AuthorizationRules/cliAutho000005?api-version=2022-01-01-preview
  response:
    body:
      string: '{"id":"/subscriptions/00000000-0000-0000-0000-000000000000/resourcegroups/cli_test_sb_namespace000001/providers/Microsoft.ServiceBus/namespaces/sb-nscli000002/authorizationrules/cliAutho000005","name":"cliAutho000005","type":"Microsoft.ServiceBus/Namespaces/AuthorizationRules","location":"westus","properties":{"rights":["Send"]}}'
    headers:
      cache-control:
      - no-cache
      content-length:
      - '331'
      content-type:
      - application/json; charset=utf-8
      date:
      - Wed, 08 Feb 2023 04:50:32 GMT
      expires:
      - '-1'
      pragma:
      - no-cache
      server:
      - Microsoft-HTTPAPI/2.0
      strict-transport-security:
      - max-age=31536000; includeSubDomains
      transfer-encoding:
      - chunked
      vary:
      - Accept-Encoding
      x-content-type-options:
      - nosniff
    status:
      code: 200
      message: OK
- request:
    body: '{"properties": {"rights": ["Listen"]}}'
    headers:
      Accept:
      - application/json
      Accept-Encoding:
      - gzip, deflate
      CommandName:
      - servicebus namespace authorization-rule create
      Connection:
      - keep-alive
      Content-Length:
      - '38'
      Content-Type:
      - application/json
      ParameterSetName:
      - --resource-group --namespace-name --name --rights
      User-Agent:
      - AZURECLI/2.43.0 (AAZ) azsdk-python-core/1.24.0 Python/3.8.0 (Windows-10-10.0.19041-SP0)
    method: PUT
    uri: https://management.azure.com/subscriptions/00000000-0000-0000-0000-000000000000/resourceGroups/cli_test_sb_namespace000001/providers/Microsoft.ServiceBus/namespaces/sb-nscli000002/AuthorizationRules/cliAutho000005?api-version=2022-01-01-preview
  response:
    body:
      string: '{"id":"/subscriptions/00000000-0000-0000-0000-000000000000/resourceGroups/cli_test_sb_namespace000001/providers/Microsoft.ServiceBus/namespaces/sb-nscli000002/AuthorizationRules/cliAutho000005","name":"cliAutho000005","type":"Microsoft.ServiceBus/Namespaces/AuthorizationRules","location":"westus","properties":{"rights":["Listen"]}}'
    headers:
      cache-control:
      - no-cache
      content-length:
      - '333'
      content-type:
      - application/json; charset=utf-8
      date:
      - Wed, 08 Feb 2023 04:50:39 GMT
      expires:
      - '-1'
      pragma:
      - no-cache
      server:
      - Microsoft-HTTPAPI/2.0
      strict-transport-security:
      - max-age=31536000; includeSubDomains
      transfer-encoding:
      - chunked
      vary:
      - Accept-Encoding
      x-content-type-options:
      - nosniff
      x-ms-ratelimit-remaining-subscription-writes:
      - '1199'
    status:
      code: 200
      message: OK
- request:
    body: null
    headers:
      Accept:
      - application/json
      Accept-Encoding:
      - gzip, deflate
      CommandName:
      - servicebus namespace authorization-rule show
      Connection:
      - keep-alive
      ParameterSetName:
      - --resource-group --namespace-name --name
      User-Agent:
      - AZURECLI/2.43.0 (AAZ) azsdk-python-core/1.24.0 Python/3.8.0 (Windows-10-10.0.19041-SP0)
    method: GET
    uri: https://management.azure.com/subscriptions/00000000-0000-0000-0000-000000000000/resourceGroups/cli_test_sb_namespace000001/providers/Microsoft.ServiceBus/namespaces/sb-nscli000002/AuthorizationRules/RootManageSharedAccessKey?api-version=2022-01-01-preview
  response:
    body:
      string: '{"id":"/subscriptions/00000000-0000-0000-0000-000000000000/resourcegroups/cli_test_sb_namespace000001/providers/Microsoft.ServiceBus/namespaces/sb-nscli000002/authorizationrules/RootManageSharedAccessKey","name":"RootManageSharedAccessKey","type":"Microsoft.ServiceBus/Namespaces/AuthorizationRules","location":"westus","properties":{"rights":["Listen","Manage","Send"]}}'
    headers:
      cache-control:
      - no-cache
      content-length:
      - '371'
      content-type:
      - application/json; charset=utf-8
      date:
      - Wed, 08 Feb 2023 04:50:41 GMT
      expires:
      - '-1'
      pragma:
      - no-cache
      server:
      - Microsoft-HTTPAPI/2.0
      strict-transport-security:
      - max-age=31536000; includeSubDomains
      transfer-encoding:
      - chunked
      vary:
      - Accept-Encoding
      x-content-type-options:
      - nosniff
    status:
      code: 200
      message: OK
- request:
    body: null
    headers:
      Accept:
      - application/json
      Accept-Encoding:
      - gzip, deflate
      CommandName:
      - servicebus namespace authorization-rule keys list
      Connection:
      - keep-alive
      Content-Length:
      - '0'
      ParameterSetName:
      - --resource-group --namespace-name --name
      User-Agent:
      - AZURECLI/2.43.0 (AAZ) azsdk-python-core/1.24.0 Python/3.8.0 (Windows-10-10.0.19041-SP0)
    method: POST
    uri: https://management.azure.com/subscriptions/00000000-0000-0000-0000-000000000000/resourceGroups/cli_test_sb_namespace000001/providers/Microsoft.ServiceBus/namespaces/sb-nscli000002/AuthorizationRules/cliAutho000005/listKeys?api-version=2022-01-01-preview
  response:
    body:
      string: '{"primaryConnectionString":"Endpoint=sb://sb-nscli000002.servicebus.windows.net/;SharedAccessKeyName=cliAutho000005;SharedAccessKey=AkSNjox7V8KmJoz0oai2cAG90sSYZ4CqRMrSl1Ts+qk=","secondaryConnectionString":"Endpoint=sb://sb-nscli000002.servicebus.windows.net/;SharedAccessKeyName=cliAutho000005;SharedAccessKey=LIEZl2q3KCe8nQfQtXhznb6EbzqkM4AtN3WHcE/e38c=","primaryKey":"AkSNjox7V8KmJoz0oai2cAG90sSYZ4CqRMrSl1Ts+qk=","secondaryKey":"LIEZl2q3KCe8nQfQtXhznb6EbzqkM4AtN3WHcE/e38c=","keyName":"cliAutho000005"}'
    headers:
      cache-control:
      - no-cache
      content-length:
      - '506'
      content-type:
      - application/json; charset=utf-8
      date:
      - Wed, 08 Feb 2023 04:50:43 GMT
      expires:
      - '-1'
      pragma:
      - no-cache
      server:
      - Microsoft-HTTPAPI/2.0
      strict-transport-security:
      - max-age=31536000; includeSubDomains
      transfer-encoding:
      - chunked
      vary:
      - Accept-Encoding
      x-content-type-options:
      - nosniff
      x-ms-ratelimit-remaining-subscription-writes:
      - '1199'
    status:
      code: 200
      message: OK
- request:
    body: '{"keyType": "PrimaryKey"}'
    headers:
      Accept:
      - application/json
      Accept-Encoding:
      - gzip, deflate
      CommandName:
      - servicebus namespace authorization-rule keys renew
      Connection:
      - keep-alive
      Content-Length:
      - '25'
      Content-Type:
      - application/json
      ParameterSetName:
      - --resource-group --namespace-name --name --key
      User-Agent:
      - AZURECLI/2.43.0 (AAZ) azsdk-python-core/1.24.0 Python/3.8.0 (Windows-10-10.0.19041-SP0)
    method: POST
    uri: https://management.azure.com/subscriptions/00000000-0000-0000-0000-000000000000/resourceGroups/cli_test_sb_namespace000001/providers/Microsoft.ServiceBus/namespaces/sb-nscli000002/AuthorizationRules/cliAutho000005/regenerateKeys?api-version=2022-01-01-preview
  response:
    body:
      string: '{"primaryConnectionString":"Endpoint=sb://sb-nscli000002.servicebus.windows.net/;SharedAccessKeyName=cliAutho000005;SharedAccessKey=hzHacg6xmh7shUKRQB89n1+3aXnIlmEvi6PG1ICJP7o=","secondaryConnectionString":"Endpoint=sb://sb-nscli000002.servicebus.windows.net/;SharedAccessKeyName=cliAutho000005;SharedAccessKey=LIEZl2q3KCe8nQfQtXhznb6EbzqkM4AtN3WHcE/e38c=","primaryKey":"hzHacg6xmh7shUKRQB89n1+3aXnIlmEvi6PG1ICJP7o=","secondaryKey":"LIEZl2q3KCe8nQfQtXhznb6EbzqkM4AtN3WHcE/e38c=","keyName":"cliAutho000005"}'
    headers:
      cache-control:
      - no-cache
      content-length:
      - '506'
      content-type:
      - application/json; charset=utf-8
      date:
      - Wed, 08 Feb 2023 04:50:50 GMT
      expires:
      - '-1'
      pragma:
      - no-cache
      server:
      - Microsoft-HTTPAPI/2.0
      strict-transport-security:
      - max-age=31536000; includeSubDomains
      transfer-encoding:
      - chunked
      vary:
      - Accept-Encoding
      x-content-type-options:
      - nosniff
      x-ms-ratelimit-remaining-subscription-writes:
      - '1199'
    status:
      code: 200
      message: OK
- request:
    body: '{"keyType": "SecondaryKey"}'
    headers:
      Accept:
      - application/json
      Accept-Encoding:
      - gzip, deflate
      CommandName:
      - servicebus namespace authorization-rule keys renew
      Connection:
      - keep-alive
      Content-Length:
      - '27'
      Content-Type:
      - application/json
      ParameterSetName:
      - --resource-group --namespace-name --name --key
      User-Agent:
      - AZURECLI/2.43.0 (AAZ) azsdk-python-core/1.24.0 Python/3.8.0 (Windows-10-10.0.19041-SP0)
    method: POST
    uri: https://management.azure.com/subscriptions/00000000-0000-0000-0000-000000000000/resourceGroups/cli_test_sb_namespace000001/providers/Microsoft.ServiceBus/namespaces/sb-nscli000002/AuthorizationRules/cliAutho000005/regenerateKeys?api-version=2022-01-01-preview
  response:
    body:
      string: '{"primaryConnectionString":"Endpoint=sb://sb-nscli000002.servicebus.windows.net/;SharedAccessKeyName=cliAutho000005;SharedAccessKey=hzHacg6xmh7shUKRQB89n1+3aXnIlmEvi6PG1ICJP7o=","secondaryConnectionString":"Endpoint=sb://sb-nscli000002.servicebus.windows.net/;SharedAccessKeyName=cliAutho000005;SharedAccessKey=iZB2Yz1UqyIqUGSrBJKFpYXudsSXIXLBc8DRLaIXLP8=","primaryKey":"hzHacg6xmh7shUKRQB89n1+3aXnIlmEvi6PG1ICJP7o=","secondaryKey":"iZB2Yz1UqyIqUGSrBJKFpYXudsSXIXLBc8DRLaIXLP8=","keyName":"cliAutho000005"}'
    headers:
      cache-control:
      - no-cache
      content-length:
      - '506'
      content-type:
      - application/json; charset=utf-8
      date:
      - Wed, 08 Feb 2023 04:50:57 GMT
      expires:
      - '-1'
      pragma:
      - no-cache
      server:
      - Microsoft-HTTPAPI/2.0
      strict-transport-security:
      - max-age=31536000; includeSubDomains
      transfer-encoding:
      - chunked
      vary:
      - Accept-Encoding
      x-content-type-options:
      - nosniff
      x-ms-ratelimit-remaining-subscription-writes:
      - '1199'
    status:
      code: 200
      message: OK
- request:
    body: '{"key": "AkSNjox7V8KmJoz0oai2cAG90sSYZ4CqRMrSl1Ts+qk=", "keyType": "PrimaryKey"}'
    headers:
      Accept:
      - application/json
      Accept-Encoding:
      - gzip, deflate
      CommandName:
      - servicebus namespace authorization-rule keys renew
      Connection:
      - keep-alive
      Content-Length:
      - '80'
      Content-Type:
      - application/json
      ParameterSetName:
      - --resource-group --namespace-name --name --key --key-value
      User-Agent:
      - AZURECLI/2.43.0 (AAZ) azsdk-python-core/1.24.0 Python/3.8.0 (Windows-10-10.0.19041-SP0)
    method: POST
    uri: https://management.azure.com/subscriptions/00000000-0000-0000-0000-000000000000/resourceGroups/cli_test_sb_namespace000001/providers/Microsoft.ServiceBus/namespaces/sb-nscli000002/AuthorizationRules/cliAutho000005/regenerateKeys?api-version=2022-01-01-preview
  response:
    body:
      string: '{"primaryConnectionString":"Endpoint=sb://sb-nscli000002.servicebus.windows.net/;SharedAccessKeyName=cliAutho000005;SharedAccessKey=AkSNjox7V8KmJoz0oai2cAG90sSYZ4CqRMrSl1Ts+qk=","secondaryConnectionString":"Endpoint=sb://sb-nscli000002.servicebus.windows.net/;SharedAccessKeyName=cliAutho000005;SharedAccessKey=iZB2Yz1UqyIqUGSrBJKFpYXudsSXIXLBc8DRLaIXLP8=","primaryKey":"AkSNjox7V8KmJoz0oai2cAG90sSYZ4CqRMrSl1Ts+qk=","secondaryKey":"iZB2Yz1UqyIqUGSrBJKFpYXudsSXIXLBc8DRLaIXLP8=","keyName":"cliAutho000005"}'
    headers:
      cache-control:
      - no-cache
      content-length:
      - '506'
      content-type:
      - application/json; charset=utf-8
      date:
      - Wed, 08 Feb 2023 04:51:04 GMT
      expires:
      - '-1'
      pragma:
      - no-cache
      server:
      - Microsoft-HTTPAPI/2.0
      strict-transport-security:
      - max-age=31536000; includeSubDomains
      transfer-encoding:
      - chunked
      vary:
      - Accept-Encoding
      x-content-type-options:
      - nosniff
      x-ms-ratelimit-remaining-subscription-writes:
      - '1199'
    status:
      code: 200
      message: OK
- request:
    body: '{"key": "LIEZl2q3KCe8nQfQtXhznb6EbzqkM4AtN3WHcE/e38c=", "keyType": "SecondaryKey"}'
    headers:
      Accept:
      - application/json
      Accept-Encoding:
      - gzip, deflate
      CommandName:
      - servicebus namespace authorization-rule keys renew
      Connection:
      - keep-alive
      Content-Length:
      - '82'
      Content-Type:
      - application/json
      ParameterSetName:
      - --resource-group --namespace-name --name --key --key-value
      User-Agent:
      - AZURECLI/2.43.0 (AAZ) azsdk-python-core/1.24.0 Python/3.8.0 (Windows-10-10.0.19041-SP0)
    method: POST
    uri: https://management.azure.com/subscriptions/00000000-0000-0000-0000-000000000000/resourceGroups/cli_test_sb_namespace000001/providers/Microsoft.ServiceBus/namespaces/sb-nscli000002/AuthorizationRules/cliAutho000005/regenerateKeys?api-version=2022-01-01-preview
  response:
    body:
      string: '{"primaryConnectionString":"Endpoint=sb://sb-nscli000002.servicebus.windows.net/;SharedAccessKeyName=cliAutho000005;SharedAccessKey=AkSNjox7V8KmJoz0oai2cAG90sSYZ4CqRMrSl1Ts+qk=","secondaryConnectionString":"Endpoint=sb://sb-nscli000002.servicebus.windows.net/;SharedAccessKeyName=cliAutho000005;SharedAccessKey=LIEZl2q3KCe8nQfQtXhznb6EbzqkM4AtN3WHcE/e38c=","primaryKey":"AkSNjox7V8KmJoz0oai2cAG90sSYZ4CqRMrSl1Ts+qk=","secondaryKey":"LIEZl2q3KCe8nQfQtXhznb6EbzqkM4AtN3WHcE/e38c=","keyName":"cliAutho000005"}'
    headers:
      cache-control:
      - no-cache
      content-length:
      - '506'
      content-type:
      - application/json; charset=utf-8
      date:
      - Wed, 08 Feb 2023 04:51:11 GMT
      expires:
      - '-1'
      pragma:
      - no-cache
      server:
      - Microsoft-HTTPAPI/2.0
      strict-transport-security:
      - max-age=31536000; includeSubDomains
      transfer-encoding:
      - chunked
      vary:
      - Accept-Encoding
      x-content-type-options:
      - nosniff
      x-ms-ratelimit-remaining-subscription-writes:
      - '1199'
    status:
      code: 200
      message: OK
- request:
    body: '{"keyType": "PrimaryKey"}'
    headers:
      Accept:
      - application/json
      Accept-Encoding:
      - gzip, deflate
      CommandName:
      - servicebus namespace authorization-rule keys renew
      Connection:
      - keep-alive
      Content-Length:
      - '25'
      Content-Type:
      - application/json
      ParameterSetName:
      - --resource-group --namespace-name --name --key
      User-Agent:
      - AZURECLI/2.43.0 (AAZ) azsdk-python-core/1.24.0 Python/3.8.0 (Windows-10-10.0.19041-SP0)
    method: POST
    uri: https://management.azure.com/subscriptions/00000000-0000-0000-0000-000000000000/resourceGroups/cli_test_sb_namespace000001/providers/Microsoft.ServiceBus/namespaces/sb-nscli000002/AuthorizationRules/cliAutho000005/regenerateKeys?api-version=2022-01-01-preview
  response:
    body:
      string: '{"primaryConnectionString":"Endpoint=sb://sb-nscli000002.servicebus.windows.net/;SharedAccessKeyName=cliAutho000005;SharedAccessKey=9SQoX+y8CYhnr7/p4LpLWbq6YJHEvf+JXpCFE3EHomo=","secondaryConnectionString":"Endpoint=sb://sb-nscli000002.servicebus.windows.net/;SharedAccessKeyName=cliAutho000005;SharedAccessKey=LIEZl2q3KCe8nQfQtXhznb6EbzqkM4AtN3WHcE/e38c=","primaryKey":"9SQoX+y8CYhnr7/p4LpLWbq6YJHEvf+JXpCFE3EHomo=","secondaryKey":"LIEZl2q3KCe8nQfQtXhznb6EbzqkM4AtN3WHcE/e38c=","keyName":"cliAutho000005"}'
    headers:
      cache-control:
      - no-cache
      content-length:
      - '506'
      content-type:
      - application/json; charset=utf-8
      date:
      - Wed, 08 Feb 2023 04:51:18 GMT
      expires:
      - '-1'
      pragma:
      - no-cache
      server:
      - Microsoft-HTTPAPI/2.0
      strict-transport-security:
      - max-age=31536000; includeSubDomains
      transfer-encoding:
      - chunked
      vary:
      - Accept-Encoding
      x-content-type-options:
      - nosniff
      x-ms-ratelimit-remaining-subscription-writes:
      - '1199'
    status:
      code: 200
      message: OK
- request:
    body: '{"keyType": "SecondaryKey"}'
    headers:
      Accept:
      - application/json
      Accept-Encoding:
      - gzip, deflate
      CommandName:
      - servicebus namespace authorization-rule keys renew
      Connection:
      - keep-alive
      Content-Length:
      - '27'
      Content-Type:
      - application/json
      ParameterSetName:
      - --resource-group --namespace-name --name --key
      User-Agent:
      - AZURECLI/2.43.0 (AAZ) azsdk-python-core/1.24.0 Python/3.8.0 (Windows-10-10.0.19041-SP0)
    method: POST
    uri: https://management.azure.com/subscriptions/00000000-0000-0000-0000-000000000000/resourceGroups/cli_test_sb_namespace000001/providers/Microsoft.ServiceBus/namespaces/sb-nscli000002/AuthorizationRules/cliAutho000005/regenerateKeys?api-version=2022-01-01-preview
  response:
    body:
      string: '{"primaryConnectionString":"Endpoint=sb://sb-nscli000002.servicebus.windows.net/;SharedAccessKeyName=cliAutho000005;SharedAccessKey=9SQoX+y8CYhnr7/p4LpLWbq6YJHEvf+JXpCFE3EHomo=","secondaryConnectionString":"Endpoint=sb://sb-nscli000002.servicebus.windows.net/;SharedAccessKeyName=cliAutho000005;SharedAccessKey=QvHPpTA4A0fOf8n6HEG2kbFglUzSpx8VYFSPZzK/gbQ=","primaryKey":"9SQoX+y8CYhnr7/p4LpLWbq6YJHEvf+JXpCFE3EHomo=","secondaryKey":"QvHPpTA4A0fOf8n6HEG2kbFglUzSpx8VYFSPZzK/gbQ=","keyName":"cliAutho000005"}'
    headers:
      cache-control:
      - no-cache
      content-length:
      - '506'
      content-type:
      - application/json; charset=utf-8
      date:
      - Wed, 08 Feb 2023 04:51:25 GMT
      expires:
      - '-1'
      pragma:
      - no-cache
      server:
      - Microsoft-HTTPAPI/2.0
      strict-transport-security:
      - max-age=31536000; includeSubDomains
      transfer-encoding:
      - chunked
      vary:
      - Accept-Encoding
      x-content-type-options:
      - nosniff
      x-ms-ratelimit-remaining-subscription-writes:
      - '1199'
    status:
      code: 200
      message: OK
- request:
    body: null
    headers:
      Accept:
      - '*/*'
      Accept-Encoding:
      - gzip, deflate
      CommandName:
      - servicebus namespace authorization-rule delete
      Connection:
      - keep-alive
      Content-Length:
      - '0'
      ParameterSetName:
      - --resource-group --namespace-name --name --yes
      User-Agent:
      - AZURECLI/2.43.0 (AAZ) azsdk-python-core/1.24.0 Python/3.8.0 (Windows-10-10.0.19041-SP0)
    method: DELETE
    uri: https://management.azure.com/subscriptions/00000000-0000-0000-0000-000000000000/resourceGroups/cli_test_sb_namespace000001/providers/Microsoft.ServiceBus/namespaces/sb-nscli000002/AuthorizationRules/cliAutho000005?api-version=2022-01-01-preview
  response:
    body:
      string: ''
    headers:
      cache-control:
      - no-cache
      content-length:
      - '0'
      date:
      - Wed, 08 Feb 2023 04:51:34 GMT
      expires:
      - '-1'
      pragma:
      - no-cache
      server:
      - Microsoft-HTTPAPI/2.0
      strict-transport-security:
      - max-age=31536000; includeSubDomains
      x-content-type-options:
      - nosniff
      x-ms-ratelimit-remaining-subscription-deletes:
      - '14999'
    status:
      code: 200
      message: OK
- request:
    body: null
    headers:
      Accept:
      - application/json
      Accept-Encoding:
      - gzip, deflate
      CommandName:
      - servicebus namespace delete
      Connection:
      - keep-alive
      Content-Length:
      - '0'
      ParameterSetName:
      - --resource-group --name
      User-Agent:
      - AZURECLI/2.43.0 azsdk-python-azure-mgmt-servicebus/8.1.0 Python/3.8.0 (Windows-10-10.0.19041-SP0)
    method: DELETE
    uri: https://management.azure.com/subscriptions/00000000-0000-0000-0000-000000000000/resourceGroups/cli_test_sb_namespace000001/providers/Microsoft.ServiceBus/namespaces/sb-nscli000002?api-version=2022-01-01-preview
  response:
    body:
      string: ''
    headers:
      cache-control:
      - no-cache
      content-length:
      - '0'
      date:
      - Wed, 08 Feb 2023 04:51:36 GMT
      expires:
      - '-1'
      location:
      - https://management.azure.com/subscriptions/00000000-0000-0000-0000-000000000000/resourcegroups/cli_test_sb_namespace000001/providers/Microsoft.ServiceBus/locations/westus/operationStatus/sb-nscli000002?api-version=2022-01-01-preview&resourceType=Namespace
      pragma:
      - no-cache
      server:
      - Service-Bus-Resource-Provider/SN1
      - Microsoft-HTTPAPI/2.0
      server-sb:
      - Service-Bus-Resource-Provider/SN1
      strict-transport-security:
      - max-age=31536000; includeSubDomains
      x-content-type-options:
      - nosniff
      x-ms-ratelimit-remaining-subscription-deletes:
      - '14999'
    status:
      code: 202
      message: Accepted
- request:
    body: null
    headers:
      Accept:
      - '*/*'
      Accept-Encoding:
      - gzip, deflate
      CommandName:
      - servicebus namespace delete
      Connection:
      - keep-alive
      ParameterSetName:
      - --resource-group --name
      User-Agent:
      - AZURECLI/2.43.0 azsdk-python-azure-mgmt-servicebus/8.1.0 Python/3.8.0 (Windows-10-10.0.19041-SP0)
    method: GET
    uri: https://management.azure.com/subscriptions/00000000-0000-0000-0000-000000000000/resourcegroups/cli_test_sb_namespace000001/providers/Microsoft.ServiceBus/locations/westus/operationStatus/sb-nscli000002?api-version=2022-01-01-preview&resourceType=Namespace
  response:
    body:
      string: ''
    headers:
      cache-control:
      - no-cache
      date:
      - Wed, 08 Feb 2023 04:52:07 GMT
      expires:
      - '-1'
      pragma:
      - no-cache
      server:
      - Service-Bus-Resource-Provider/SN1
      - Microsoft-HTTPAPI/2.0
      server-sb:
      - Service-Bus-Resource-Provider/SN1
      strict-transport-security:
      - max-age=31536000; includeSubDomains
      x-content-type-options:
      - nosniff
    status:
      code: 204
      message: No Content
version: 1
