interactions:
- request:
    body: null
    headers:
      Accept:
      - application/json
      Accept-Encoding:
      - gzip, deflate
      CommandName:
      - network vnet create
      Connection:
      - keep-alive
      ParameterSetName:
      - --resource-group --name
      User-Agent:
      - python/3.7.3 (Windows-10-10.0.19041-SP0) msrest/0.6.18 msrest_azure/0.6.3
        azure-mgmt-resource/12.0.0 Azure-SDK-For-Python AZURECLI/2.19.0
      accept-language:
      - en-US
    method: GET
    uri: https://management.azure.com/subscriptions/00000000-0000-0000-0000-000000000000/resourcegroups/cli_test_sb_network000001?api-version=2020-10-01
  response:
    body:
      string: '{"id":"/subscriptions/00000000-0000-0000-0000-000000000000/resourceGroups/cli_test_sb_network000001","name":"cli_test_sb_network000001","type":"Microsoft.Resources/resourceGroups","location":"westus","tags":{"product":"azurecli","cause":"automation","date":"2021-02-10T02:28:07Z"},"properties":{"provisioningState":"Succeeded"}}'
    headers:
      cache-control:
      - no-cache
      content-length:
      - '428'
      content-type:
      - application/json; charset=utf-8
      date:
      - Wed, 10 Feb 2021 02:28:08 GMT
      expires:
      - '-1'
      pragma:
      - no-cache
      strict-transport-security:
      - max-age=31536000; includeSubDomains
      vary:
      - Accept-Encoding
      x-content-type-options:
      - nosniff
    status:
      code: 200
      message: OK
- request:
    body: '{"location": "westus", "tags": {}, "properties": {"addressSpace": {"addressPrefixes":
      ["10.0.0.0/16"]}, "dhcpOptions": {}}}'
    headers:
      Accept:
      - application/json
      Accept-Encoding:
      - gzip, deflate
      CommandName:
      - network vnet create
      Connection:
      - keep-alive
      Content-Length:
      - '123'
      Content-Type:
      - application/json
      ParameterSetName:
      - --resource-group --name
      User-Agent:
      - AZURECLI/2.19.0 azsdk-python-azure-mgmt-network/18.0.0 Python/3.7.3 (Windows-10-10.0.19041-SP0)
    method: PUT
    uri: https://management.azure.com/subscriptions/00000000-0000-0000-0000-000000000000/resourceGroups/cli_test_sb_network000001/providers/Microsoft.Network/virtualNetworks/sbehvnettest1?api-version=2020-11-01
  response:
    body:
      string: "{\r\n  \"name\": \"sbehvnettest1\",\r\n  \"id\": \"/subscriptions/00000000-0000-0000-0000-000000000000/resourceGroups/cli_test_sb_network000001/providers/Microsoft.Network/virtualNetworks/sbehvnettest1\",\r\n
        \ \"etag\": \"W/\\\"a6a7f5e6-7ed0-4327-b30c-17469610c87c\\\"\",\r\n  \"type\":
        \"Microsoft.Network/virtualNetworks\",\r\n  \"location\": \"westus\",\r\n
        \ \"tags\": {},\r\n  \"properties\": {\r\n    \"provisioningState\": \"Updating\",\r\n
        \   \"resourceGuid\": \"959080e3-d57c-41c0-8387-0e0f98021e54\",\r\n    \"addressSpace\":
        {\r\n      \"addressPrefixes\": [\r\n        \"10.0.0.0/16\"\r\n      ]\r\n
        \   },\r\n    \"dhcpOptions\": {\r\n      \"dnsServers\": []\r\n    },\r\n
        \   \"subnets\": [],\r\n    \"virtualNetworkPeerings\": [],\r\n    \"enableDdosProtection\":
        false,\r\n    \"enableVmProtection\": false\r\n  }\r\n}"
    headers:
      azure-asyncnotification:
      - Enabled
      azure-asyncoperation:
      - https://management.azure.com/subscriptions/00000000-0000-0000-0000-000000000000/providers/Microsoft.Network/locations/westus/operations/047ff84b-c660-4671-b3f1-6608e463ce70?api-version=2020-11-01
      cache-control:
      - no-cache
      content-length:
      - '782'
      content-type:
      - application/json; charset=utf-8
      date:
      - Wed, 10 Feb 2021 02:28:16 GMT
      expires:
      - '-1'
      pragma:
      - no-cache
      server:
      - Microsoft-HTTPAPI/2.0
      - Microsoft-HTTPAPI/2.0
      strict-transport-security:
      - max-age=31536000; includeSubDomains
      x-content-type-options:
      - nosniff
      x-ms-arm-service-request-id:
      - 368abafd-6e9f-44db-8eab-1c995a17a629
      x-ms-ratelimit-remaining-subscription-writes:
      - '1184'
    status:
      code: 201
      message: Created
- request:
    body: null
    headers:
      Accept:
      - '*/*'
      Accept-Encoding:
      - gzip, deflate
      CommandName:
      - network vnet create
      Connection:
      - keep-alive
      ParameterSetName:
      - --resource-group --name
      User-Agent:
      - AZURECLI/2.19.0 azsdk-python-azure-mgmt-network/18.0.0 Python/3.7.3 (Windows-10-10.0.19041-SP0)
    method: GET
    uri: https://management.azure.com/subscriptions/00000000-0000-0000-0000-000000000000/providers/Microsoft.Network/locations/westus/operations/047ff84b-c660-4671-b3f1-6608e463ce70?api-version=2020-11-01
  response:
    body:
      string: "{\r\n  \"status\": \"Succeeded\"\r\n}"
    headers:
      cache-control:
      - no-cache
      content-length:
      - '29'
      content-type:
      - application/json; charset=utf-8
      date:
      - Wed, 10 Feb 2021 02:28:19 GMT
      expires:
      - '-1'
      pragma:
      - no-cache
      server:
      - Microsoft-HTTPAPI/2.0
      - Microsoft-HTTPAPI/2.0
      strict-transport-security:
      - max-age=31536000; includeSubDomains
      transfer-encoding:
      - chunked
      vary:
      - Accept-Encoding
      x-content-type-options:
      - nosniff
      x-ms-arm-service-request-id:
      - c1edd98f-d412-4b31-9edf-e87d9145d73f
    status:
      code: 200
      message: OK
- request:
    body: null
    headers:
      Accept:
      - '*/*'
      Accept-Encoding:
      - gzip, deflate
      CommandName:
      - network vnet create
      Connection:
      - keep-alive
      ParameterSetName:
      - --resource-group --name
      User-Agent:
      - AZURECLI/2.19.0 azsdk-python-azure-mgmt-network/18.0.0 Python/3.7.3 (Windows-10-10.0.19041-SP0)
    method: GET
    uri: https://management.azure.com/subscriptions/00000000-0000-0000-0000-000000000000/resourceGroups/cli_test_sb_network000001/providers/Microsoft.Network/virtualNetworks/sbehvnettest1?api-version=2020-11-01
  response:
    body:
      string: "{\r\n  \"name\": \"sbehvnettest1\",\r\n  \"id\": \"/subscriptions/00000000-0000-0000-0000-000000000000/resourceGroups/cli_test_sb_network000001/providers/Microsoft.Network/virtualNetworks/sbehvnettest1\",\r\n
        \ \"etag\": \"W/\\\"bef73601-86bb-41e6-8556-1e57466d2792\\\"\",\r\n  \"type\":
        \"Microsoft.Network/virtualNetworks\",\r\n  \"location\": \"westus\",\r\n
        \ \"tags\": {},\r\n  \"properties\": {\r\n    \"provisioningState\": \"Succeeded\",\r\n
        \   \"resourceGuid\": \"959080e3-d57c-41c0-8387-0e0f98021e54\",\r\n    \"addressSpace\":
        {\r\n      \"addressPrefixes\": [\r\n        \"10.0.0.0/16\"\r\n      ]\r\n
        \   },\r\n    \"dhcpOptions\": {\r\n      \"dnsServers\": []\r\n    },\r\n
        \   \"subnets\": [],\r\n    \"virtualNetworkPeerings\": [],\r\n    \"enableDdosProtection\":
        false,\r\n    \"enableVmProtection\": false\r\n  }\r\n}"
    headers:
      cache-control:
      - no-cache
      content-length:
      - '783'
      content-type:
      - application/json; charset=utf-8
      date:
      - Wed, 10 Feb 2021 02:28:19 GMT
      etag:
      - W/"bef73601-86bb-41e6-8556-1e57466d2792"
      expires:
      - '-1'
      pragma:
      - no-cache
      server:
      - Microsoft-HTTPAPI/2.0
      - Microsoft-HTTPAPI/2.0
      strict-transport-security:
      - max-age=31536000; includeSubDomains
      transfer-encoding:
      - chunked
      vary:
      - Accept-Encoding
      x-content-type-options:
      - nosniff
      x-ms-arm-service-request-id:
      - 55c45820-1f39-4932-ac73-aa1845bc38cd
    status:
      code: 200
      message: OK
- request:
    body: null
    headers:
      Accept:
      - application/json
      Accept-Encoding:
      - gzip, deflate
      CommandName:
      - network vnet create
      Connection:
      - keep-alive
      ParameterSetName:
      - --resource-group --name
      User-Agent:
      - python/3.7.3 (Windows-10-10.0.19041-SP0) msrest/0.6.18 msrest_azure/0.6.3
        azure-mgmt-resource/12.0.0 Azure-SDK-For-Python AZURECLI/2.19.0
      accept-language:
      - en-US
    method: GET
    uri: https://management.azure.com/subscriptions/00000000-0000-0000-0000-000000000000/resourcegroups/cli_test_sb_network000001?api-version=2020-10-01
  response:
    body:
      string: '{"id":"/subscriptions/00000000-0000-0000-0000-000000000000/resourceGroups/cli_test_sb_network000001","name":"cli_test_sb_network000001","type":"Microsoft.Resources/resourceGroups","location":"westus","tags":{"product":"azurecli","cause":"automation","date":"2021-02-10T02:28:07Z"},"properties":{"provisioningState":"Succeeded"}}'
    headers:
      cache-control:
      - no-cache
      content-length:
      - '428'
      content-type:
      - application/json; charset=utf-8
      date:
      - Wed, 10 Feb 2021 02:28:19 GMT
      expires:
      - '-1'
      pragma:
      - no-cache
      strict-transport-security:
      - max-age=31536000; includeSubDomains
      vary:
      - Accept-Encoding
      x-content-type-options:
      - nosniff
    status:
      code: 200
      message: OK
- request:
    body: '{"location": "westus", "tags": {}, "properties": {"addressSpace": {"addressPrefixes":
      ["10.0.0.0/16"]}, "dhcpOptions": {}}}'
    headers:
      Accept:
      - application/json
      Accept-Encoding:
      - gzip, deflate
      CommandName:
      - network vnet create
      Connection:
      - keep-alive
      Content-Length:
      - '123'
      Content-Type:
      - application/json
      ParameterSetName:
      - --resource-group --name
      User-Agent:
      - AZURECLI/2.19.0 azsdk-python-azure-mgmt-network/18.0.0 Python/3.7.3 (Windows-10-10.0.19041-SP0)
    method: PUT
    uri: https://management.azure.com/subscriptions/00000000-0000-0000-0000-000000000000/resourceGroups/cli_test_sb_network000001/providers/Microsoft.Network/virtualNetworks/sbehvnettest2?api-version=2020-11-01
  response:
    body:
      string: "{\r\n  \"name\": \"sbehvnettest2\",\r\n  \"id\": \"/subscriptions/00000000-0000-0000-0000-000000000000/resourceGroups/cli_test_sb_network000001/providers/Microsoft.Network/virtualNetworks/sbehvnettest2\",\r\n
        \ \"etag\": \"W/\\\"a402f50f-b87d-47c9-90f4-001c6138b75f\\\"\",\r\n  \"type\":
        \"Microsoft.Network/virtualNetworks\",\r\n  \"location\": \"westus\",\r\n
        \ \"tags\": {},\r\n  \"properties\": {\r\n    \"provisioningState\": \"Updating\",\r\n
        \   \"resourceGuid\": \"0cadf943-1847-48ba-917d-36c43260d4f5\",\r\n    \"addressSpace\":
        {\r\n      \"addressPrefixes\": [\r\n        \"10.0.0.0/16\"\r\n      ]\r\n
        \   },\r\n    \"dhcpOptions\": {\r\n      \"dnsServers\": []\r\n    },\r\n
        \   \"subnets\": [],\r\n    \"virtualNetworkPeerings\": [],\r\n    \"enableDdosProtection\":
        false,\r\n    \"enableVmProtection\": false\r\n  }\r\n}"
    headers:
      azure-asyncnotification:
      - Enabled
      azure-asyncoperation:
      - https://management.azure.com/subscriptions/00000000-0000-0000-0000-000000000000/providers/Microsoft.Network/locations/westus/operations/b142b100-97ee-4391-b851-1a321babe753?api-version=2020-11-01
      cache-control:
      - no-cache
      content-length:
      - '782'
      content-type:
      - application/json; charset=utf-8
      date:
      - Wed, 10 Feb 2021 02:28:25 GMT
      expires:
      - '-1'
      pragma:
      - no-cache
      server:
      - Microsoft-HTTPAPI/2.0
      - Microsoft-HTTPAPI/2.0
      strict-transport-security:
      - max-age=31536000; includeSubDomains
      x-content-type-options:
      - nosniff
      x-ms-arm-service-request-id:
      - 9b3543bb-c9f8-44e1-8ad8-d8c6ec511436
      x-ms-ratelimit-remaining-subscription-writes:
      - '1191'
    status:
      code: 201
      message: Created
- request:
    body: null
    headers:
      Accept:
      - '*/*'
      Accept-Encoding:
      - gzip, deflate
      CommandName:
      - network vnet create
      Connection:
      - keep-alive
      ParameterSetName:
      - --resource-group --name
      User-Agent:
      - AZURECLI/2.19.0 azsdk-python-azure-mgmt-network/18.0.0 Python/3.7.3 (Windows-10-10.0.19041-SP0)
    method: GET
    uri: https://management.azure.com/subscriptions/00000000-0000-0000-0000-000000000000/providers/Microsoft.Network/locations/westus/operations/b142b100-97ee-4391-b851-1a321babe753?api-version=2020-11-01
  response:
    body:
      string: "{\r\n  \"status\": \"Succeeded\"\r\n}"
    headers:
      cache-control:
      - no-cache
      content-length:
      - '29'
      content-type:
      - application/json; charset=utf-8
      date:
      - Wed, 10 Feb 2021 02:28:28 GMT
      expires:
      - '-1'
      pragma:
      - no-cache
      server:
      - Microsoft-HTTPAPI/2.0
      - Microsoft-HTTPAPI/2.0
      strict-transport-security:
      - max-age=31536000; includeSubDomains
      transfer-encoding:
      - chunked
      vary:
      - Accept-Encoding
      x-content-type-options:
      - nosniff
      x-ms-arm-service-request-id:
      - 0d807ed8-eae3-490a-a012-bfd6f4a8c083
    status:
      code: 200
      message: OK
- request:
    body: null
    headers:
      Accept:
      - '*/*'
      Accept-Encoding:
      - gzip, deflate
      CommandName:
      - network vnet create
      Connection:
      - keep-alive
      ParameterSetName:
      - --resource-group --name
      User-Agent:
      - AZURECLI/2.19.0 azsdk-python-azure-mgmt-network/18.0.0 Python/3.7.3 (Windows-10-10.0.19041-SP0)
    method: GET
    uri: https://management.azure.com/subscriptions/00000000-0000-0000-0000-000000000000/resourceGroups/cli_test_sb_network000001/providers/Microsoft.Network/virtualNetworks/sbehvnettest2?api-version=2020-11-01
  response:
    body:
      string: "{\r\n  \"name\": \"sbehvnettest2\",\r\n  \"id\": \"/subscriptions/00000000-0000-0000-0000-000000000000/resourceGroups/cli_test_sb_network000001/providers/Microsoft.Network/virtualNetworks/sbehvnettest2\",\r\n
        \ \"etag\": \"W/\\\"0a4b223f-a67b-45ca-9c7b-cf48a7d72e85\\\"\",\r\n  \"type\":
        \"Microsoft.Network/virtualNetworks\",\r\n  \"location\": \"westus\",\r\n
        \ \"tags\": {},\r\n  \"properties\": {\r\n    \"provisioningState\": \"Succeeded\",\r\n
        \   \"resourceGuid\": \"0cadf943-1847-48ba-917d-36c43260d4f5\",\r\n    \"addressSpace\":
        {\r\n      \"addressPrefixes\": [\r\n        \"10.0.0.0/16\"\r\n      ]\r\n
        \   },\r\n    \"dhcpOptions\": {\r\n      \"dnsServers\": []\r\n    },\r\n
        \   \"subnets\": [],\r\n    \"virtualNetworkPeerings\": [],\r\n    \"enableDdosProtection\":
        false,\r\n    \"enableVmProtection\": false\r\n  }\r\n}"
    headers:
      cache-control:
      - no-cache
      content-length:
      - '783'
      content-type:
      - application/json; charset=utf-8
      date:
      - Wed, 10 Feb 2021 02:28:29 GMT
      etag:
      - W/"0a4b223f-a67b-45ca-9c7b-cf48a7d72e85"
      expires:
      - '-1'
      pragma:
      - no-cache
      server:
      - Microsoft-HTTPAPI/2.0
      - Microsoft-HTTPAPI/2.0
      strict-transport-security:
      - max-age=31536000; includeSubDomains
      transfer-encoding:
      - chunked
      vary:
      - Accept-Encoding
      x-content-type-options:
      - nosniff
      x-ms-arm-service-request-id:
      - cba65eed-e37a-45da-97e9-6cada41678bd
    status:
      code: 200
      message: OK
- request:
    body: null
    headers:
      Accept:
      - application/json
      Accept-Encoding:
      - gzip, deflate
      CommandName:
      - network vnet subnet create
      Connection:
      - keep-alive
      ParameterSetName:
      - --resource-group --name --vnet-name --address-prefixes
      User-Agent:
      - AZURECLI/2.19.0 azsdk-python-azure-mgmt-network/18.0.0 Python/3.7.3 (Windows-10-10.0.19041-SP0)
    method: GET
    uri: https://management.azure.com/subscriptions/00000000-0000-0000-0000-000000000000/resourceGroups/cli_test_sb_network000001/providers/Microsoft.Network/virtualNetworks/sbehvnettest1?api-version=2020-11-01
  response:
    body:
      string: "{\r\n  \"name\": \"sbehvnettest1\",\r\n  \"id\": \"/subscriptions/00000000-0000-0000-0000-000000000000/resourceGroups/cli_test_sb_network000001/providers/Microsoft.Network/virtualNetworks/sbehvnettest1\",\r\n
        \ \"etag\": \"W/\\\"bef73601-86bb-41e6-8556-1e57466d2792\\\"\",\r\n  \"type\":
        \"Microsoft.Network/virtualNetworks\",\r\n  \"location\": \"westus\",\r\n
        \ \"tags\": {},\r\n  \"properties\": {\r\n    \"provisioningState\": \"Succeeded\",\r\n
        \   \"resourceGuid\": \"959080e3-d57c-41c0-8387-0e0f98021e54\",\r\n    \"addressSpace\":
        {\r\n      \"addressPrefixes\": [\r\n        \"10.0.0.0/16\"\r\n      ]\r\n
        \   },\r\n    \"dhcpOptions\": {\r\n      \"dnsServers\": []\r\n    },\r\n
        \   \"subnets\": [],\r\n    \"virtualNetworkPeerings\": [],\r\n    \"enableDdosProtection\":
        false,\r\n    \"enableVmProtection\": false\r\n  }\r\n}"
    headers:
      cache-control:
      - no-cache
      content-length:
      - '783'
      content-type:
      - application/json; charset=utf-8
      date:
      - Wed, 10 Feb 2021 02:28:29 GMT
      etag:
      - W/"bef73601-86bb-41e6-8556-1e57466d2792"
      expires:
      - '-1'
      pragma:
      - no-cache
      server:
      - Microsoft-HTTPAPI/2.0
      - Microsoft-HTTPAPI/2.0
      strict-transport-security:
      - max-age=31536000; includeSubDomains
      transfer-encoding:
      - chunked
      vary:
      - Accept-Encoding
      x-content-type-options:
      - nosniff
      x-ms-arm-service-request-id:
      - db231765-8342-4ec3-93aa-a0012b402ee1
    status:
      code: 200
      message: OK
- request:
    body: '{"id": "/subscriptions/00000000-0000-0000-0000-000000000000/resourceGroups/cli_test_sb_network000001/providers/Microsoft.Network/virtualNetworks/sbehvnettest1",
      "location": "westus", "tags": {}, "properties": {"addressSpace": {"addressPrefixes":
      ["10.0.0.0/16"]}, "dhcpOptions": {"dnsServers": []}, "subnets": [{"name": "default",
      "properties": {"addressPrefix": "10.0.0.0/24"}}], "virtualNetworkPeerings":
      [], "enableDdosProtection": false, "enableVmProtection": false}}'
    headers:
      Accept:
      - application/json
      Accept-Encoding:
      - gzip, deflate
      CommandName:
      - network vnet subnet create
      Connection:
      - keep-alive
      Content-Length:
      - '521'
      Content-Type:
      - application/json
      ParameterSetName:
      - --resource-group --name --vnet-name --address-prefixes
      User-Agent:
      - AZURECLI/2.19.0 azsdk-python-azure-mgmt-network/18.0.0 Python/3.7.3 (Windows-10-10.0.19041-SP0)
    method: PUT
    uri: https://management.azure.com/subscriptions/00000000-0000-0000-0000-000000000000/resourceGroups/cli_test_sb_network000001/providers/Microsoft.Network/virtualNetworks/sbehvnettest1?api-version=2020-11-01
  response:
    body:
      string: "{\r\n  \"name\": \"sbehvnettest1\",\r\n  \"id\": \"/subscriptions/00000000-0000-0000-0000-000000000000/resourceGroups/cli_test_sb_network000001/providers/Microsoft.Network/virtualNetworks/sbehvnettest1\",\r\n
        \ \"etag\": \"W/\\\"975918f1-8514-4733-a36b-def3bbb37589\\\"\",\r\n  \"type\":
        \"Microsoft.Network/virtualNetworks\",\r\n  \"location\": \"westus\",\r\n
        \ \"tags\": {},\r\n  \"properties\": {\r\n    \"provisioningState\": \"Updating\",\r\n
        \   \"resourceGuid\": \"959080e3-d57c-41c0-8387-0e0f98021e54\",\r\n    \"addressSpace\":
        {\r\n      \"addressPrefixes\": [\r\n        \"10.0.0.0/16\"\r\n      ]\r\n
        \   },\r\n    \"dhcpOptions\": {\r\n      \"dnsServers\": []\r\n    },\r\n
        \   \"subnets\": [\r\n      {\r\n        \"name\": \"default\",\r\n        \"id\":
        \"/subscriptions/00000000-0000-0000-0000-000000000000/resourceGroups/cli_test_sb_network000001/providers/Microsoft.Network/virtualNetworks/sbehvnettest1/subnets/default\",\r\n
        \       \"etag\": \"W/\\\"975918f1-8514-4733-a36b-def3bbb37589\\\"\",\r\n
        \       \"properties\": {\r\n          \"provisioningState\": \"Updating\",\r\n
        \         \"addressPrefix\": \"10.0.0.0/24\",\r\n          \"delegations\":
        [],\r\n          \"privateEndpointNetworkPolicies\": \"Enabled\",\r\n          \"privateLinkServiceNetworkPolicies\":
        \"Enabled\"\r\n        },\r\n        \"type\": \"Microsoft.Network/virtualNetworks/subnets\"\r\n
        \     }\r\n    ],\r\n    \"virtualNetworkPeerings\": [],\r\n    \"enableDdosProtection\":
        false,\r\n    \"enableVmProtection\": false\r\n  }\r\n}"
    headers:
      azure-asyncoperation:
      - https://management.azure.com/subscriptions/00000000-0000-0000-0000-000000000000/providers/Microsoft.Network/locations/westus/operations/b83692d2-ad37-4365-90a6-2925a63deb07?api-version=2020-11-01
      cache-control:
      - no-cache
      content-length:
      - '1461'
      content-type:
      - application/json; charset=utf-8
      date:
      - Wed, 10 Feb 2021 02:28:30 GMT
      expires:
      - '-1'
      pragma:
      - no-cache
      server:
      - Microsoft-HTTPAPI/2.0
      - Microsoft-HTTPAPI/2.0
      strict-transport-security:
      - max-age=31536000; includeSubDomains
      transfer-encoding:
      - chunked
      vary:
      - Accept-Encoding
      x-content-type-options:
      - nosniff
      x-ms-arm-service-request-id:
      - aad1d486-d962-4f61-8459-21e1c2765322
      x-ms-ratelimit-remaining-subscription-writes:
      - '1191'
    status:
      code: 200
      message: OK
- request:
    body: null
    headers:
      Accept:
      - '*/*'
      Accept-Encoding:
      - gzip, deflate
      CommandName:
      - network vnet subnet create
      Connection:
      - keep-alive
      ParameterSetName:
      - --resource-group --name --vnet-name --address-prefixes
      User-Agent:
      - AZURECLI/2.19.0 azsdk-python-azure-mgmt-network/18.0.0 Python/3.7.3 (Windows-10-10.0.19041-SP0)
    method: GET
    uri: https://management.azure.com/subscriptions/00000000-0000-0000-0000-000000000000/providers/Microsoft.Network/locations/westus/operations/b83692d2-ad37-4365-90a6-2925a63deb07?api-version=2020-11-01
  response:
    body:
      string: "{\r\n  \"status\": \"Succeeded\"\r\n}"
    headers:
      cache-control:
      - no-cache
      content-length:
      - '29'
      content-type:
      - application/json; charset=utf-8
      date:
      - Wed, 10 Feb 2021 02:28:34 GMT
      expires:
      - '-1'
      pragma:
      - no-cache
      server:
      - Microsoft-HTTPAPI/2.0
      - Microsoft-HTTPAPI/2.0
      strict-transport-security:
      - max-age=31536000; includeSubDomains
      transfer-encoding:
      - chunked
      vary:
      - Accept-Encoding
      x-content-type-options:
      - nosniff
      x-ms-arm-service-request-id:
      - 41e3cd16-729f-40a4-b2d9-891f5cc5ff70
    status:
      code: 200
      message: OK
- request:
    body: null
    headers:
      Accept:
      - '*/*'
      Accept-Encoding:
      - gzip, deflate
      CommandName:
      - network vnet subnet create
      Connection:
      - keep-alive
      ParameterSetName:
      - --resource-group --name --vnet-name --address-prefixes
      User-Agent:
      - AZURECLI/2.19.0 azsdk-python-azure-mgmt-network/18.0.0 Python/3.7.3 (Windows-10-10.0.19041-SP0)
    method: GET
    uri: https://management.azure.com/subscriptions/00000000-0000-0000-0000-000000000000/resourceGroups/cli_test_sb_network000001/providers/Microsoft.Network/virtualNetworks/sbehvnettest1?api-version=2020-11-01
  response:
    body:
      string: "{\r\n  \"name\": \"sbehvnettest1\",\r\n  \"id\": \"/subscriptions/00000000-0000-0000-0000-000000000000/resourceGroups/cli_test_sb_network000001/providers/Microsoft.Network/virtualNetworks/sbehvnettest1\",\r\n
        \ \"etag\": \"W/\\\"d1007877-78f0-4d0a-9bc8-634d43183b1d\\\"\",\r\n  \"type\":
        \"Microsoft.Network/virtualNetworks\",\r\n  \"location\": \"westus\",\r\n
        \ \"tags\": {},\r\n  \"properties\": {\r\n    \"provisioningState\": \"Succeeded\",\r\n
        \   \"resourceGuid\": \"959080e3-d57c-41c0-8387-0e0f98021e54\",\r\n    \"addressSpace\":
        {\r\n      \"addressPrefixes\": [\r\n        \"10.0.0.0/16\"\r\n      ]\r\n
        \   },\r\n    \"dhcpOptions\": {\r\n      \"dnsServers\": []\r\n    },\r\n
        \   \"subnets\": [\r\n      {\r\n        \"name\": \"default\",\r\n        \"id\":
        \"/subscriptions/00000000-0000-0000-0000-000000000000/resourceGroups/cli_test_sb_network000001/providers/Microsoft.Network/virtualNetworks/sbehvnettest1/subnets/default\",\r\n
        \       \"etag\": \"W/\\\"d1007877-78f0-4d0a-9bc8-634d43183b1d\\\"\",\r\n
        \       \"properties\": {\r\n          \"provisioningState\": \"Succeeded\",\r\n
        \         \"addressPrefix\": \"10.0.0.0/24\",\r\n          \"delegations\":
        [],\r\n          \"privateEndpointNetworkPolicies\": \"Enabled\",\r\n          \"privateLinkServiceNetworkPolicies\":
        \"Enabled\"\r\n        },\r\n        \"type\": \"Microsoft.Network/virtualNetworks/subnets\"\r\n
        \     }\r\n    ],\r\n    \"virtualNetworkPeerings\": [],\r\n    \"enableDdosProtection\":
        false,\r\n    \"enableVmProtection\": false\r\n  }\r\n}"
    headers:
      cache-control:
      - no-cache
      content-length:
      - '1463'
      content-type:
      - application/json; charset=utf-8
      date:
      - Wed, 10 Feb 2021 02:28:34 GMT
      etag:
      - W/"d1007877-78f0-4d0a-9bc8-634d43183b1d"
      expires:
      - '-1'
      pragma:
      - no-cache
      server:
      - Microsoft-HTTPAPI/2.0
      - Microsoft-HTTPAPI/2.0
      strict-transport-security:
      - max-age=31536000; includeSubDomains
      transfer-encoding:
      - chunked
      vary:
      - Accept-Encoding
      x-content-type-options:
      - nosniff
      x-ms-arm-service-request-id:
      - 61540b49-e1fc-4c51-a573-39f935f29cc8
    status:
      code: 200
      message: OK
- request:
    body: null
    headers:
      Accept:
      - application/json
      Accept-Encoding:
      - gzip, deflate
      CommandName:
      - network vnet subnet create
      Connection:
      - keep-alive
      ParameterSetName:
      - --resource-group --name --vnet-name --address-prefixes
      User-Agent:
      - AZURECLI/2.19.0 azsdk-python-azure-mgmt-network/18.0.0 Python/3.7.3 (Windows-10-10.0.19041-SP0)
    method: GET
    uri: https://management.azure.com/subscriptions/00000000-0000-0000-0000-000000000000/resourceGroups/cli_test_sb_network000001/providers/Microsoft.Network/virtualNetworks/sbehvnettest2?api-version=2020-11-01
  response:
    body:
      string: "{\r\n  \"name\": \"sbehvnettest2\",\r\n  \"id\": \"/subscriptions/00000000-0000-0000-0000-000000000000/resourceGroups/cli_test_sb_network000001/providers/Microsoft.Network/virtualNetworks/sbehvnettest2\",\r\n
        \ \"etag\": \"W/\\\"0a4b223f-a67b-45ca-9c7b-cf48a7d72e85\\\"\",\r\n  \"type\":
        \"Microsoft.Network/virtualNetworks\",\r\n  \"location\": \"westus\",\r\n
        \ \"tags\": {},\r\n  \"properties\": {\r\n    \"provisioningState\": \"Succeeded\",\r\n
        \   \"resourceGuid\": \"0cadf943-1847-48ba-917d-36c43260d4f5\",\r\n    \"addressSpace\":
        {\r\n      \"addressPrefixes\": [\r\n        \"10.0.0.0/16\"\r\n      ]\r\n
        \   },\r\n    \"dhcpOptions\": {\r\n      \"dnsServers\": []\r\n    },\r\n
        \   \"subnets\": [],\r\n    \"virtualNetworkPeerings\": [],\r\n    \"enableDdosProtection\":
        false,\r\n    \"enableVmProtection\": false\r\n  }\r\n}"
    headers:
      cache-control:
      - no-cache
      content-length:
      - '783'
      content-type:
      - application/json; charset=utf-8
      date:
      - Wed, 10 Feb 2021 02:28:35 GMT
      etag:
      - W/"0a4b223f-a67b-45ca-9c7b-cf48a7d72e85"
      expires:
      - '-1'
      pragma:
      - no-cache
      server:
      - Microsoft-HTTPAPI/2.0
      - Microsoft-HTTPAPI/2.0
      strict-transport-security:
      - max-age=31536000; includeSubDomains
      transfer-encoding:
      - chunked
      vary:
      - Accept-Encoding
      x-content-type-options:
      - nosniff
      x-ms-arm-service-request-id:
      - 31a989c3-c928-4904-bbd6-67f47f90a4e6
    status:
      code: 200
      message: OK
- request:
    body: '{"id": "/subscriptions/00000000-0000-0000-0000-000000000000/resourceGroups/cli_test_sb_network000001/providers/Microsoft.Network/virtualNetworks/sbehvnettest2",
      "location": "westus", "tags": {}, "properties": {"addressSpace": {"addressPrefixes":
      ["10.0.0.0/16"]}, "dhcpOptions": {"dnsServers": []}, "subnets": [{"name": "secondvnet",
      "properties": {"addressPrefix": "10.0.0.0/24"}}], "virtualNetworkPeerings":
      [], "enableDdosProtection": false, "enableVmProtection": false}}'
    headers:
      Accept:
      - application/json
      Accept-Encoding:
      - gzip, deflate
      CommandName:
      - network vnet subnet create
      Connection:
      - keep-alive
      Content-Length:
      - '524'
      Content-Type:
      - application/json
      ParameterSetName:
      - --resource-group --name --vnet-name --address-prefixes
      User-Agent:
      - AZURECLI/2.19.0 azsdk-python-azure-mgmt-network/18.0.0 Python/3.7.3 (Windows-10-10.0.19041-SP0)
    method: PUT
    uri: https://management.azure.com/subscriptions/00000000-0000-0000-0000-000000000000/resourceGroups/cli_test_sb_network000001/providers/Microsoft.Network/virtualNetworks/sbehvnettest2?api-version=2020-11-01
  response:
    body:
      string: "{\r\n  \"name\": \"sbehvnettest2\",\r\n  \"id\": \"/subscriptions/00000000-0000-0000-0000-000000000000/resourceGroups/cli_test_sb_network000001/providers/Microsoft.Network/virtualNetworks/sbehvnettest2\",\r\n
        \ \"etag\": \"W/\\\"5d930c9d-21d6-49c4-8dc2-85d765c9b08d\\\"\",\r\n  \"type\":
        \"Microsoft.Network/virtualNetworks\",\r\n  \"location\": \"westus\",\r\n
        \ \"tags\": {},\r\n  \"properties\": {\r\n    \"provisioningState\": \"Updating\",\r\n
        \   \"resourceGuid\": \"0cadf943-1847-48ba-917d-36c43260d4f5\",\r\n    \"addressSpace\":
        {\r\n      \"addressPrefixes\": [\r\n        \"10.0.0.0/16\"\r\n      ]\r\n
        \   },\r\n    \"dhcpOptions\": {\r\n      \"dnsServers\": []\r\n    },\r\n
        \   \"subnets\": [\r\n      {\r\n        \"name\": \"secondvnet\",\r\n        \"id\":
        \"/subscriptions/00000000-0000-0000-0000-000000000000/resourceGroups/cli_test_sb_network000001/providers/Microsoft.Network/virtualNetworks/sbehvnettest2/subnets/secondvnet\",\r\n
        \       \"etag\": \"W/\\\"5d930c9d-21d6-49c4-8dc2-85d765c9b08d\\\"\",\r\n
        \       \"properties\": {\r\n          \"provisioningState\": \"Updating\",\r\n
        \         \"addressPrefix\": \"10.0.0.0/24\",\r\n          \"delegations\":
        [],\r\n          \"privateEndpointNetworkPolicies\": \"Enabled\",\r\n          \"privateLinkServiceNetworkPolicies\":
        \"Enabled\"\r\n        },\r\n        \"type\": \"Microsoft.Network/virtualNetworks/subnets\"\r\n
        \     }\r\n    ],\r\n    \"virtualNetworkPeerings\": [],\r\n    \"enableDdosProtection\":
        false,\r\n    \"enableVmProtection\": false\r\n  }\r\n}"
    headers:
      azure-asyncoperation:
      - https://management.azure.com/subscriptions/00000000-0000-0000-0000-000000000000/providers/Microsoft.Network/locations/westus/operations/53017331-e4dd-4ad8-b1c4-8d431fa2ce1e?api-version=2020-11-01
      cache-control:
      - no-cache
      content-length:
      - '1467'
      content-type:
      - application/json; charset=utf-8
      date:
      - Wed, 10 Feb 2021 02:28:36 GMT
      expires:
      - '-1'
      pragma:
      - no-cache
      server:
      - Microsoft-HTTPAPI/2.0
      - Microsoft-HTTPAPI/2.0
      strict-transport-security:
      - max-age=31536000; includeSubDomains
      transfer-encoding:
      - chunked
      vary:
      - Accept-Encoding
      x-content-type-options:
      - nosniff
      x-ms-arm-service-request-id:
      - 21600baf-b06a-4a8e-9ea2-4b5474f7ea36
      x-ms-ratelimit-remaining-subscription-writes:
      - '1188'
    status:
      code: 200
      message: OK
- request:
    body: null
    headers:
      Accept:
      - '*/*'
      Accept-Encoding:
      - gzip, deflate
      CommandName:
      - network vnet subnet create
      Connection:
      - keep-alive
      ParameterSetName:
      - --resource-group --name --vnet-name --address-prefixes
      User-Agent:
      - AZURECLI/2.19.0 azsdk-python-azure-mgmt-network/18.0.0 Python/3.7.3 (Windows-10-10.0.19041-SP0)
    method: GET
    uri: https://management.azure.com/subscriptions/00000000-0000-0000-0000-000000000000/providers/Microsoft.Network/locations/westus/operations/53017331-e4dd-4ad8-b1c4-8d431fa2ce1e?api-version=2020-11-01
  response:
    body:
      string: "{\r\n  \"status\": \"Succeeded\"\r\n}"
    headers:
      cache-control:
      - no-cache
      content-length:
      - '29'
      content-type:
      - application/json; charset=utf-8
      date:
      - Wed, 10 Feb 2021 02:28:40 GMT
      expires:
      - '-1'
      pragma:
      - no-cache
      server:
      - Microsoft-HTTPAPI/2.0
      - Microsoft-HTTPAPI/2.0
      strict-transport-security:
      - max-age=31536000; includeSubDomains
      transfer-encoding:
      - chunked
      vary:
      - Accept-Encoding
      x-content-type-options:
      - nosniff
      x-ms-arm-service-request-id:
      - 99b9b992-73ab-4f01-8f77-6975e0debc84
    status:
      code: 200
      message: OK
- request:
    body: null
    headers:
      Accept:
      - '*/*'
      Accept-Encoding:
      - gzip, deflate
      CommandName:
      - network vnet subnet create
      Connection:
      - keep-alive
      ParameterSetName:
      - --resource-group --name --vnet-name --address-prefixes
      User-Agent:
      - AZURECLI/2.19.0 azsdk-python-azure-mgmt-network/18.0.0 Python/3.7.3 (Windows-10-10.0.19041-SP0)
    method: GET
    uri: https://management.azure.com/subscriptions/00000000-0000-0000-0000-000000000000/resourceGroups/cli_test_sb_network000001/providers/Microsoft.Network/virtualNetworks/sbehvnettest2?api-version=2020-11-01
  response:
    body:
      string: "{\r\n  \"name\": \"sbehvnettest2\",\r\n  \"id\": \"/subscriptions/00000000-0000-0000-0000-000000000000/resourceGroups/cli_test_sb_network000001/providers/Microsoft.Network/virtualNetworks/sbehvnettest2\",\r\n
        \ \"etag\": \"W/\\\"fc1e1b19-c4b8-41d7-a296-65a59b930741\\\"\",\r\n  \"type\":
        \"Microsoft.Network/virtualNetworks\",\r\n  \"location\": \"westus\",\r\n
        \ \"tags\": {},\r\n  \"properties\": {\r\n    \"provisioningState\": \"Succeeded\",\r\n
        \   \"resourceGuid\": \"0cadf943-1847-48ba-917d-36c43260d4f5\",\r\n    \"addressSpace\":
        {\r\n      \"addressPrefixes\": [\r\n        \"10.0.0.0/16\"\r\n      ]\r\n
        \   },\r\n    \"dhcpOptions\": {\r\n      \"dnsServers\": []\r\n    },\r\n
        \   \"subnets\": [\r\n      {\r\n        \"name\": \"secondvnet\",\r\n        \"id\":
        \"/subscriptions/00000000-0000-0000-0000-000000000000/resourceGroups/cli_test_sb_network000001/providers/Microsoft.Network/virtualNetworks/sbehvnettest2/subnets/secondvnet\",\r\n
        \       \"etag\": \"W/\\\"fc1e1b19-c4b8-41d7-a296-65a59b930741\\\"\",\r\n
        \       \"properties\": {\r\n          \"provisioningState\": \"Succeeded\",\r\n
        \         \"addressPrefix\": \"10.0.0.0/24\",\r\n          \"delegations\":
        [],\r\n          \"privateEndpointNetworkPolicies\": \"Enabled\",\r\n          \"privateLinkServiceNetworkPolicies\":
        \"Enabled\"\r\n        },\r\n        \"type\": \"Microsoft.Network/virtualNetworks/subnets\"\r\n
        \     }\r\n    ],\r\n    \"virtualNetworkPeerings\": [],\r\n    \"enableDdosProtection\":
        false,\r\n    \"enableVmProtection\": false\r\n  }\r\n}"
    headers:
      cache-control:
      - no-cache
      content-length:
      - '1469'
      content-type:
      - application/json; charset=utf-8
      date:
      - Wed, 10 Feb 2021 02:28:40 GMT
      etag:
      - W/"fc1e1b19-c4b8-41d7-a296-65a59b930741"
      expires:
      - '-1'
      pragma:
      - no-cache
      server:
      - Microsoft-HTTPAPI/2.0
      - Microsoft-HTTPAPI/2.0
      strict-transport-security:
      - max-age=31536000; includeSubDomains
      transfer-encoding:
      - chunked
      vary:
      - Accept-Encoding
      x-content-type-options:
      - nosniff
      x-ms-arm-service-request-id:
      - b730a18e-a07a-4f47-bee6-9f1e23587964
    status:
      code: 200
      message: OK
- request:
    body: '{"name": "servicebus-cli000002"}'
    headers:
      Accept:
      - application/json
      Accept-Encoding:
      - gzip, deflate
      CommandName:
      - servicebus namespace exists
      Connection:
      - keep-alive
      Content-Length:
      - '32'
      Content-Type:
      - application/json; charset=utf-8
      ParameterSetName:
      - --name
      User-Agent:
      - python/3.7.3 (Windows-10-10.0.19041-SP0) msrest/0.6.18 msrest_azure/0.6.3
        azure-mgmt-servicebus/0.6.0 Azure-SDK-For-Python AZURECLI/2.19.0
      accept-language:
      - en-US
    method: POST
    uri: https://management.azure.com/subscriptions/00000000-0000-0000-0000-000000000000/providers/Microsoft.ServiceBus/CheckNameAvailability?api-version=2017-04-01
  response:
    body:
      string: '{"nameAvailable":true,"reason":"None","message":null}'
    headers:
      cache-control:
      - no-cache
      content-length:
      - '53'
      content-type:
      - application/json; charset=utf-8
      date:
      - Wed, 10 Feb 2021 02:28:41 GMT
      expires:
      - '-1'
      pragma:
      - no-cache
      server:
      - Service-Bus-Resource-Provider/CH3
      - Microsoft-HTTPAPI/2.0
      server-sb:
      - Service-Bus-Resource-Provider/CH3
      strict-transport-security:
      - max-age=31536000; includeSubDomains
      transfer-encoding:
      - chunked
      vary:
      - Accept-Encoding
      x-content-type-options:
      - nosniff
      x-ms-ratelimit-remaining-subscription-writes:
      - '1198'
    status:
      code: 200
      message: OK
- request:
    body: null
    headers:
      Accept:
      - application/json
      Accept-Encoding:
      - gzip, deflate
      CommandName:
      - servicebus namespace create
      Connection:
      - keep-alive
      ParameterSetName:
      - --resource-group --name --tags --sku --default-action
      User-Agent:
      - python/3.7.3 (Windows-10-10.0.19041-SP0) msrest/0.6.18 msrest_azure/0.6.3
        azure-mgmt-resource/12.0.0 Azure-SDK-For-Python AZURECLI/2.19.0
      accept-language:
      - en-US
    method: GET
    uri: https://management.azure.com/subscriptions/00000000-0000-0000-0000-000000000000/resourcegroups/cli_test_sb_network000001?api-version=2020-10-01
  response:
    body:
      string: '{"id":"/subscriptions/00000000-0000-0000-0000-000000000000/resourceGroups/cli_test_sb_network000001","name":"cli_test_sb_network000001","type":"Microsoft.Resources/resourceGroups","location":"westus","tags":{"product":"azurecli","cause":"automation","date":"2021-02-10T02:28:07Z"},"properties":{"provisioningState":"Succeeded"}}'
    headers:
      cache-control:
      - no-cache
      content-length:
      - '428'
      content-type:
      - application/json; charset=utf-8
      date:
      - Wed, 10 Feb 2021 02:28:41 GMT
      expires:
      - '-1'
      pragma:
      - no-cache
      strict-transport-security:
      - max-age=31536000; includeSubDomains
      vary:
      - Accept-Encoding
      x-content-type-options:
      - nosniff
    status:
      code: 200
      message: OK
- request:
    body: '{"location": "westus", "tags": {"{tag1": "value1}"}, "sku": {"name": "Premium",
      "tier": "Premium"}}'
    headers:
      Accept:
      - application/json
      Accept-Encoding:
      - gzip, deflate
      CommandName:
      - servicebus namespace create
      Connection:
      - keep-alive
      Content-Length:
      - '99'
      Content-Type:
      - application/json; charset=utf-8
      ParameterSetName:
      - --resource-group --name --tags --sku --default-action
      User-Agent:
      - python/3.7.3 (Windows-10-10.0.19041-SP0) msrest/0.6.18 msrest_azure/0.6.3
        azure-mgmt-servicebus/0.6.0 Azure-SDK-For-Python AZURECLI/2.19.0
      accept-language:
      - en-US
    method: PUT
    uri: https://management.azure.com/subscriptions/00000000-0000-0000-0000-000000000000/resourceGroups/cli_test_sb_network000001/providers/Microsoft.ServiceBus/namespaces/servicebus-cli000002?api-version=2017-04-01
  response:
    body:
      string: '{"sku":{"name":"Premium","tier":"Premium","capacity":1},"id":"/subscriptions/00000000-0000-0000-0000-000000000000/resourceGroups/cli_test_sb_network000001/providers/Microsoft.ServiceBus/namespaces/servicebus-cli000002","name":"servicebus-cli000002","type":"Microsoft.ServiceBus/Namespaces","location":"West
        US","tags":{"{tag1":"value1}"},"properties":{"provisioningState":"Created","metricId":"0b1f6471-1bf0-4dda-aec3-cb9272f09590:servicebus-cli000002","createdAt":"2021-02-10T02:28:46.16Z","updatedAt":"2021-02-10T02:28:46.16Z","serviceBusEndpoint":"https://servicebus-cli000002.servicebus.windows.net:443/","status":"Activating"}}'
    headers:
      cache-control:
      - no-cache
      content-length:
      - '682'
      content-type:
      - application/json; charset=utf-8
      date:
      - Wed, 10 Feb 2021 02:28:47 GMT
      expires:
      - '-1'
      pragma:
      - no-cache
      server:
      - Service-Bus-Resource-Provider/SN1
      - Microsoft-HTTPAPI/2.0
      server-sb:
      - Service-Bus-Resource-Provider/SN1
      strict-transport-security:
      - max-age=31536000; includeSubDomains
      transfer-encoding:
      - chunked
      vary:
      - Accept-Encoding
      x-content-type-options:
      - nosniff
      x-ms-ratelimit-remaining-subscription-writes:
      - '1173'
    status:
      code: 200
      message: OK
- request:
    body: null
    headers:
      Accept:
      - application/json
      Accept-Encoding:
      - gzip, deflate
      CommandName:
      - servicebus namespace create
      Connection:
      - keep-alive
      ParameterSetName:
      - --resource-group --name --tags --sku --default-action
      User-Agent:
      - python/3.7.3 (Windows-10-10.0.19041-SP0) msrest/0.6.18 msrest_azure/0.6.3
        azure-mgmt-servicebus/0.6.0 Azure-SDK-For-Python AZURECLI/2.19.0
    method: GET
    uri: https://management.azure.com/subscriptions/00000000-0000-0000-0000-000000000000/resourceGroups/cli_test_sb_network000001/providers/Microsoft.ServiceBus/namespaces/servicebus-cli000002?api-version=2017-04-01
  response:
    body:
      string: '{"sku":{"name":"Premium","tier":"Premium","capacity":1},"id":"/subscriptions/00000000-0000-0000-0000-000000000000/resourceGroups/cli_test_sb_network000001/providers/Microsoft.ServiceBus/namespaces/servicebus-cli000002","name":"servicebus-cli000002","type":"Microsoft.ServiceBus/Namespaces","location":"West
        US","tags":{"{tag1":"value1}"},"properties":{"provisioningState":"Created","metricId":"0b1f6471-1bf0-4dda-aec3-cb9272f09590:servicebus-cli000002","createdAt":"2021-02-10T02:28:46.16Z","updatedAt":"2021-02-10T02:28:46.16Z","serviceBusEndpoint":"https://servicebus-cli000002.servicebus.windows.net:443/","status":"Activating"}}'
    headers:
      cache-control:
      - no-cache
      content-length:
      - '682'
      content-type:
      - application/json; charset=utf-8
      date:
      - Wed, 10 Feb 2021 02:29:18 GMT
      expires:
      - '-1'
      pragma:
      - no-cache
      server:
      - Service-Bus-Resource-Provider/CH3
      - Microsoft-HTTPAPI/2.0
      server-sb:
      - Service-Bus-Resource-Provider/CH3
      strict-transport-security:
      - max-age=31536000; includeSubDomains
      transfer-encoding:
      - chunked
      vary:
      - Accept-Encoding
      x-content-type-options:
      - nosniff
    status:
      code: 200
      message: OK
- request:
    body: null
    headers:
      Accept:
      - application/json
      Accept-Encoding:
      - gzip, deflate
      CommandName:
      - servicebus namespace create
      Connection:
      - keep-alive
      ParameterSetName:
      - --resource-group --name --tags --sku --default-action
      User-Agent:
      - python/3.7.3 (Windows-10-10.0.19041-SP0) msrest/0.6.18 msrest_azure/0.6.3
        azure-mgmt-servicebus/0.6.0 Azure-SDK-For-Python AZURECLI/2.19.0
    method: GET
    uri: https://management.azure.com/subscriptions/00000000-0000-0000-0000-000000000000/resourceGroups/cli_test_sb_network000001/providers/Microsoft.ServiceBus/namespaces/servicebus-cli000002?api-version=2017-04-01
  response:
    body:
      string: '{"sku":{"name":"Premium","tier":"Premium","capacity":1},"id":"/subscriptions/00000000-0000-0000-0000-000000000000/resourceGroups/cli_test_sb_network000001/providers/Microsoft.ServiceBus/namespaces/servicebus-cli000002","name":"servicebus-cli000002","type":"Microsoft.ServiceBus/Namespaces","location":"West
        US","tags":{"{tag1":"value1}"},"properties":{"provisioningState":"Created","metricId":"0b1f6471-1bf0-4dda-aec3-cb9272f09590:servicebus-cli000002","createdAt":"2021-02-10T02:28:46.16Z","updatedAt":"2021-02-10T02:28:46.16Z","serviceBusEndpoint":"https://servicebus-cli000002.servicebus.windows.net:443/","status":"Activating"}}'
    headers:
      cache-control:
      - no-cache
      content-length:
      - '682'
      content-type:
      - application/json; charset=utf-8
      date:
      - Wed, 10 Feb 2021 02:29:49 GMT
      expires:
      - '-1'
      pragma:
      - no-cache
      server:
      - Service-Bus-Resource-Provider/CH3
      - Microsoft-HTTPAPI/2.0
      server-sb:
      - Service-Bus-Resource-Provider/CH3
      strict-transport-security:
      - max-age=31536000; includeSubDomains
      transfer-encoding:
      - chunked
      vary:
      - Accept-Encoding
      x-content-type-options:
      - nosniff
    status:
      code: 200
      message: OK
- request:
    body: null
    headers:
      Accept:
      - application/json
      Accept-Encoding:
      - gzip, deflate
      CommandName:
      - servicebus namespace create
      Connection:
      - keep-alive
      ParameterSetName:
      - --resource-group --name --tags --sku --default-action
      User-Agent:
      - python/3.7.3 (Windows-10-10.0.19041-SP0) msrest/0.6.18 msrest_azure/0.6.3
        azure-mgmt-servicebus/0.6.0 Azure-SDK-For-Python AZURECLI/2.19.0
    method: GET
    uri: https://management.azure.com/subscriptions/00000000-0000-0000-0000-000000000000/resourceGroups/cli_test_sb_network000001/providers/Microsoft.ServiceBus/namespaces/servicebus-cli000002?api-version=2017-04-01
  response:
    body:
      string: '{"sku":{"name":"Premium","tier":"Premium","capacity":1},"id":"/subscriptions/00000000-0000-0000-0000-000000000000/resourceGroups/cli_test_sb_network000001/providers/Microsoft.ServiceBus/namespaces/servicebus-cli000002","name":"servicebus-cli000002","type":"Microsoft.ServiceBus/Namespaces","location":"West
        US","tags":{"{tag1":"value1}"},"properties":{"provisioningState":"Succeeded","metricId":"0b1f6471-1bf0-4dda-aec3-cb9272f09590:servicebus-cli000002","createdAt":"2021-02-10T02:28:46.16Z","updatedAt":"2021-02-10T02:30:01.92Z","serviceBusEndpoint":"https://servicebus-cli000002.servicebus.windows.net:443/","status":"Active"}}'
    headers:
      cache-control:
      - no-cache
      content-length:
      - '680'
      content-type:
      - application/json; charset=utf-8
      date:
      - Wed, 10 Feb 2021 02:30:19 GMT
      expires:
      - '-1'
      pragma:
      - no-cache
      server:
      - Service-Bus-Resource-Provider/CH3
      - Microsoft-HTTPAPI/2.0
      server-sb:
      - Service-Bus-Resource-Provider/CH3
      strict-transport-security:
      - max-age=31536000; includeSubDomains
      transfer-encoding:
      - chunked
      vary:
      - Accept-Encoding
      x-content-type-options:
      - nosniff
    status:
      code: 200
      message: OK
- request:
    body: null
    headers:
      Accept:
      - application/json
      Accept-Encoding:
      - gzip, deflate
      CommandName:
      - servicebus namespace create
      Connection:
      - keep-alive
      ParameterSetName:
      - --resource-group --name --tags --sku --default-action
      User-Agent:
      - python/3.7.3 (Windows-10-10.0.19041-SP0) msrest/0.6.18 msrest_azure/0.6.3
        azure-mgmt-servicebus/0.6.0 Azure-SDK-For-Python AZURECLI/2.19.0
      accept-language:
      - en-US
    method: GET
    uri: https://management.azure.com/subscriptions/00000000-0000-0000-0000-000000000000/resourceGroups/cli_test_sb_network000001/providers/Microsoft.ServiceBus/namespaces/servicebus-cli000002/networkRuleSets/default?api-version=2017-04-01
  response:
    body:
      string: '{"id":"/subscriptions/00000000-0000-0000-0000-000000000000/resourceGroups/cli_test_sb_network000001/providers/Microsoft.ServiceBus/namespaces/servicebus-cli000002/networkRuleSets/default","name":"default","type":"Microsoft.ServiceBus/Namespaces/NetworkRuleSets","location":"West
        US","properties":{"defaultAction":"Deny","virtualNetworkRules":[],"ipRules":[]}}'
    headers:
      cache-control:
      - no-cache
      content-length:
      - '409'
      content-type:
      - application/json; charset=utf-8
      date:
      - Wed, 10 Feb 2021 02:30:21 GMT
      expires:
      - '-1'
      pragma:
      - no-cache
      server:
      - Service-Bus-Resource-Provider/CH3
      - Microsoft-HTTPAPI/2.0
      server-sb:
      - Service-Bus-Resource-Provider/CH3
      strict-transport-security:
      - max-age=31536000; includeSubDomains
      transfer-encoding:
      - chunked
      vary:
      - Accept-Encoding
      x-content-type-options:
      - nosniff
    status:
      code: 200
      message: OK
- request:
    body: '{"properties": {"defaultAction": "Allow", "virtualNetworkRules": [], "ipRules":
      []}}'
    headers:
      Accept:
      - application/json
      Accept-Encoding:
      - gzip, deflate
      CommandName:
      - servicebus namespace create
      Connection:
      - keep-alive
      Content-Length:
      - '84'
      Content-Type:
      - application/json; charset=utf-8
      ParameterSetName:
      - --resource-group --name --tags --sku --default-action
      User-Agent:
      - python/3.7.3 (Windows-10-10.0.19041-SP0) msrest/0.6.18 msrest_azure/0.6.3
        azure-mgmt-servicebus/0.6.0 Azure-SDK-For-Python AZURECLI/2.19.0
      accept-language:
      - en-US
    method: PUT
    uri: https://management.azure.com/subscriptions/00000000-0000-0000-0000-000000000000/resourceGroups/cli_test_sb_network000001/providers/Microsoft.ServiceBus/namespaces/servicebus-cli000002/networkRuleSets/default?api-version=2017-04-01
  response:
    body:
      string: '{"id":"/subscriptions/00000000-0000-0000-0000-000000000000/resourceGroups/cli_test_sb_network000001/providers/Microsoft.ServiceBus/namespaces/servicebus-cli000002/networkRuleSets/default","name":"default","type":"Microsoft.ServiceBus/Namespaces/NetworkRuleSets","location":"West
        US","properties":{"defaultAction":"Allow","virtualNetworkRules":[],"ipRules":[]}}'
    headers:
      cache-control:
      - no-cache
      content-length:
      - '410'
      content-type:
      - application/json; charset=utf-8
      date:
      - Wed, 10 Feb 2021 02:30:29 GMT
      expires:
      - '-1'
      pragma:
      - no-cache
      server:
      - Service-Bus-Resource-Provider/CH3
      - Microsoft-HTTPAPI/2.0
      server-sb:
      - Service-Bus-Resource-Provider/CH3
      strict-transport-security:
      - max-age=31536000; includeSubDomains
      transfer-encoding:
      - chunked
      vary:
      - Accept-Encoding
      x-content-type-options:
      - nosniff
      x-ms-ratelimit-remaining-subscription-writes:
      - '1188'
    status:
      code: 200
      message: OK
- request:
    body: null
    headers:
      Accept:
      - application/json
      Accept-Encoding:
      - gzip, deflate
      CommandName:
      - servicebus namespace create
      Connection:
      - keep-alive
      ParameterSetName:
      - --resource-group --name --tags --sku --default-action
      User-Agent:
      - python/3.7.3 (Windows-10-10.0.19041-SP0) msrest/0.6.18 msrest_azure/0.6.3
        azure-mgmt-servicebus/0.6.0 Azure-SDK-For-Python AZURECLI/2.19.0
      accept-language:
      - en-US
    method: GET
    uri: https://management.azure.com/subscriptions/00000000-0000-0000-0000-000000000000/resourceGroups/cli_test_sb_network000001/providers/Microsoft.ServiceBus/namespaces/servicebus-cli000002?api-version=2017-04-01
  response:
    body:
      string: '{"sku":{"name":"Premium","tier":"Premium","capacity":1},"id":"/subscriptions/00000000-0000-0000-0000-000000000000/resourceGroups/cli_test_sb_network000001/providers/Microsoft.ServiceBus/namespaces/servicebus-cli000002","name":"servicebus-cli000002","type":"Microsoft.ServiceBus/Namespaces","location":"West
        US","tags":{"{tag1":"value1}"},"properties":{"provisioningState":"Succeeded","metricId":"0b1f6471-1bf0-4dda-aec3-cb9272f09590:servicebus-cli000002","createdAt":"2021-02-10T02:28:46.16Z","updatedAt":"2021-02-10T02:30:01.92Z","serviceBusEndpoint":"https://servicebus-cli000002.servicebus.windows.net:443/","status":"Active"}}'
    headers:
      cache-control:
      - no-cache
      content-length:
      - '680'
      content-type:
      - application/json; charset=utf-8
      date:
      - Wed, 10 Feb 2021 02:30:30 GMT
      expires:
      - '-1'
      pragma:
      - no-cache
      server:
      - Service-Bus-Resource-Provider/SN1
      - Microsoft-HTTPAPI/2.0
      server-sb:
      - Service-Bus-Resource-Provider/SN1
      strict-transport-security:
      - max-age=31536000; includeSubDomains
      transfer-encoding:
      - chunked
      vary:
      - Accept-Encoding
      x-content-type-options:
      - nosniff
    status:
      code: 200
      message: OK
- request:
    body: null
    headers:
      Accept:
      - application/json
      Accept-Encoding:
      - gzip, deflate
      CommandName:
      - servicebus namespace show
      Connection:
      - keep-alive
      ParameterSetName:
      - --resource-group --name
      User-Agent:
      - python/3.7.3 (Windows-10-10.0.19041-SP0) msrest/0.6.18 msrest_azure/0.6.3
        azure-mgmt-servicebus/0.6.0 Azure-SDK-For-Python AZURECLI/2.19.0
      accept-language:
      - en-US
    method: GET
    uri: https://management.azure.com/subscriptions/00000000-0000-0000-0000-000000000000/resourceGroups/cli_test_sb_network000001/providers/Microsoft.ServiceBus/namespaces/servicebus-cli000002?api-version=2017-04-01
  response:
    body:
      string: '{"sku":{"name":"Premium","tier":"Premium","capacity":1},"id":"/subscriptions/00000000-0000-0000-0000-000000000000/resourceGroups/cli_test_sb_network000001/providers/Microsoft.ServiceBus/namespaces/servicebus-cli000002","name":"servicebus-cli000002","type":"Microsoft.ServiceBus/Namespaces","location":"West
        US","tags":{"{tag1":"value1}"},"properties":{"provisioningState":"Succeeded","metricId":"0b1f6471-1bf0-4dda-aec3-cb9272f09590:servicebus-cli000002","createdAt":"2021-02-10T02:28:46.16Z","updatedAt":"2021-02-10T02:30:01.92Z","serviceBusEndpoint":"https://servicebus-cli000002.servicebus.windows.net:443/","status":"Active"}}'
    headers:
      cache-control:
      - no-cache
      content-length:
      - '680'
      content-type:
      - application/json; charset=utf-8
      date:
      - Wed, 10 Feb 2021 02:30:31 GMT
      expires:
      - '-1'
      pragma:
      - no-cache
      server:
      - Service-Bus-Resource-Provider/SN1
      - Microsoft-HTTPAPI/2.0
      server-sb:
      - Service-Bus-Resource-Provider/SN1
      strict-transport-security:
      - max-age=31536000; includeSubDomains
      transfer-encoding:
      - chunked
      vary:
      - Accept-Encoding
      x-content-type-options:
      - nosniff
    status:
      code: 200
      message: OK
- request:
    body: null
    headers:
      Accept:
      - application/json
      Accept-Encoding:
      - gzip, deflate
      CommandName:
      - servicebus namespace update
      Connection:
      - keep-alive
      ParameterSetName:
      - --resource-group --name --tags --default-action
      User-Agent:
      - python/3.7.3 (Windows-10-10.0.19041-SP0) msrest/0.6.18 msrest_azure/0.6.3
        azure-mgmt-servicebus/0.6.0 Azure-SDK-For-Python AZURECLI/2.19.0
      accept-language:
      - en-US
    method: GET
    uri: https://management.azure.com/subscriptions/00000000-0000-0000-0000-000000000000/resourceGroups/cli_test_sb_network000001/providers/Microsoft.ServiceBus/namespaces/servicebus-cli000002?api-version=2017-04-01
  response:
    body:
      string: '{"sku":{"name":"Premium","tier":"Premium","capacity":1},"id":"/subscriptions/00000000-0000-0000-0000-000000000000/resourceGroups/cli_test_sb_network000001/providers/Microsoft.ServiceBus/namespaces/servicebus-cli000002","name":"servicebus-cli000002","type":"Microsoft.ServiceBus/Namespaces","location":"West
        US","tags":{"{tag1":"value1}"},"properties":{"provisioningState":"Succeeded","metricId":"0b1f6471-1bf0-4dda-aec3-cb9272f09590:servicebus-cli000002","createdAt":"2021-02-10T02:28:46.16Z","updatedAt":"2021-02-10T02:30:01.92Z","serviceBusEndpoint":"https://servicebus-cli000002.servicebus.windows.net:443/","status":"Active"}}'
    headers:
      cache-control:
      - no-cache
      content-length:
      - '680'
      content-type:
      - application/json; charset=utf-8
      date:
      - Wed, 10 Feb 2021 02:30:32 GMT
      expires:
      - '-1'
      pragma:
      - no-cache
      server:
      - Service-Bus-Resource-Provider/CH3
      - Microsoft-HTTPAPI/2.0
      server-sb:
      - Service-Bus-Resource-Provider/CH3
      strict-transport-security:
      - max-age=31536000; includeSubDomains
      transfer-encoding:
      - chunked
      vary:
      - Accept-Encoding
      x-content-type-options:
      - nosniff
    status:
      code: 200
      message: OK
- request:
    body: null
    headers:
      Accept:
      - application/json
      Accept-Encoding:
      - gzip, deflate
      CommandName:
      - servicebus namespace update
      Connection:
      - keep-alive
      ParameterSetName:
      - --resource-group --name --tags --default-action
      User-Agent:
      - python/3.7.3 (Windows-10-10.0.19041-SP0) msrest/0.6.18 msrest_azure/0.6.3
        azure-mgmt-servicebus/0.6.0 Azure-SDK-For-Python AZURECLI/2.19.0
      accept-language:
      - en-US
    method: GET
    uri: https://management.azure.com/subscriptions/00000000-0000-0000-0000-000000000000/resourceGroups/cli_test_sb_network000001/providers/Microsoft.ServiceBus/namespaces/servicebus-cli000002/networkRuleSets/default?api-version=2017-04-01
  response:
    body:
      string: '{"id":"/subscriptions/00000000-0000-0000-0000-000000000000/resourceGroups/cli_test_sb_network000001/providers/Microsoft.ServiceBus/namespaces/servicebus-cli000002/networkRuleSets/default","name":"default","type":"Microsoft.ServiceBus/Namespaces/NetworkRuleSets","location":"West
        US","properties":{"defaultAction":"Allow","virtualNetworkRules":[],"ipRules":[]}}'
    headers:
      cache-control:
      - no-cache
      content-length:
      - '410'
      content-type:
      - application/json; charset=utf-8
      date:
      - Wed, 10 Feb 2021 02:30:32 GMT
      expires:
      - '-1'
      pragma:
      - no-cache
      server:
      - Service-Bus-Resource-Provider/CH3
      - Microsoft-HTTPAPI/2.0
      server-sb:
      - Service-Bus-Resource-Provider/CH3
      strict-transport-security:
      - max-age=31536000; includeSubDomains
      transfer-encoding:
      - chunked
      vary:
      - Accept-Encoding
      x-content-type-options:
      - nosniff
    status:
      code: 200
      message: OK
- request:
    body: '{"properties": {"defaultAction": "Deny", "virtualNetworkRules": [], "ipRules":
      []}}'
    headers:
      Accept:
      - application/json
      Accept-Encoding:
      - gzip, deflate
      CommandName:
      - servicebus namespace update
      Connection:
      - keep-alive
      Content-Length:
      - '83'
      Content-Type:
      - application/json; charset=utf-8
      ParameterSetName:
      - --resource-group --name --tags --default-action
      User-Agent:
      - python/3.7.3 (Windows-10-10.0.19041-SP0) msrest/0.6.18 msrest_azure/0.6.3
        azure-mgmt-servicebus/0.6.0 Azure-SDK-For-Python AZURECLI/2.19.0
      accept-language:
      - en-US
    method: PUT
    uri: https://management.azure.com/subscriptions/00000000-0000-0000-0000-000000000000/resourceGroups/cli_test_sb_network000001/providers/Microsoft.ServiceBus/namespaces/servicebus-cli000002/networkRuleSets/default?api-version=2017-04-01
  response:
    body:
      string: '{"id":"/subscriptions/00000000-0000-0000-0000-000000000000/resourceGroups/cli_test_sb_network000001/providers/Microsoft.ServiceBus/namespaces/servicebus-cli000002/networkRuleSets/default","name":"default","type":"Microsoft.ServiceBus/Namespaces/NetworkRuleSets","location":"West
        US","properties":{"defaultAction":"Deny","virtualNetworkRules":[],"ipRules":[]}}'
    headers:
      cache-control:
      - no-cache
      content-length:
      - '409'
      content-type:
      - application/json; charset=utf-8
      date:
      - Wed, 10 Feb 2021 02:30:39 GMT
      expires:
      - '-1'
      pragma:
      - no-cache
      server:
      - Service-Bus-Resource-Provider/SN1
      - Microsoft-HTTPAPI/2.0
      server-sb:
      - Service-Bus-Resource-Provider/SN1
      strict-transport-security:
      - max-age=31536000; includeSubDomains
      transfer-encoding:
      - chunked
      vary:
      - Accept-Encoding
      x-content-type-options:
      - nosniff
      x-ms-ratelimit-remaining-subscription-writes:
      - '1183'
    status:
      code: 200
      message: OK
- request:
    body: '{"location": "West US", "tags": {"{tag1": "value1}"}, "sku": {"name": "Premium",
      "tier": "Premium", "capacity": 1}}'
    headers:
      Accept:
      - application/json
      Accept-Encoding:
      - gzip, deflate
      CommandName:
      - servicebus namespace update
      Connection:
      - keep-alive
      Content-Length:
      - '115'
      Content-Type:
      - application/json; charset=utf-8
      ParameterSetName:
      - --resource-group --name --tags --default-action
      User-Agent:
      - python/3.7.3 (Windows-10-10.0.19041-SP0) msrest/0.6.18 msrest_azure/0.6.3
        azure-mgmt-servicebus/0.6.0 Azure-SDK-For-Python AZURECLI/2.19.0
      accept-language:
      - en-US
    method: PUT
    uri: https://management.azure.com/subscriptions/00000000-0000-0000-0000-000000000000/resourceGroups/cli_test_sb_network000001/providers/Microsoft.ServiceBus/namespaces/servicebus-cli000002?api-version=2017-04-01
  response:
    body:
      string: '{"sku":{"name":"Premium","tier":"Premium","capacity":1},"id":"/subscriptions/00000000-0000-0000-0000-000000000000/resourceGroups/cli_test_sb_network000001/providers/Microsoft.ServiceBus/namespaces/servicebus-cli000002","name":"servicebus-cli000002","type":"Microsoft.ServiceBus/Namespaces","location":"West
        US","tags":{"{tag1":"value1}"},"properties":{"provisioningState":"Updating","metricId":"0b1f6471-1bf0-4dda-aec3-cb9272f09590:servicebus-cli000002","createdAt":"2021-02-10T02:28:46.16Z","updatedAt":"2021-02-10T02:30:47.023Z","serviceBusEndpoint":"https://servicebus-cli000002.servicebus.windows.net:443/","status":"Activating"}}'
    headers:
      cache-control:
      - no-cache
      content-length:
      - '684'
      content-type:
      - application/json; charset=utf-8
      date:
      - Wed, 10 Feb 2021 02:30:48 GMT
      expires:
      - '-1'
      pragma:
      - no-cache
      server:
      - Service-Bus-Resource-Provider/CH3
      - Microsoft-HTTPAPI/2.0
      server-sb:
      - Service-Bus-Resource-Provider/CH3
      strict-transport-security:
      - max-age=31536000; includeSubDomains
      transfer-encoding:
      - chunked
      vary:
      - Accept-Encoding
      x-content-type-options:
      - nosniff
      x-ms-ratelimit-remaining-subscription-writes:
      - '1190'
    status:
      code: 200
      message: OK
- request:
    body: null
    headers:
      Accept:
      - application/json
      Accept-Encoding:
      - gzip, deflate
      CommandName:
      - servicebus namespace update
      Connection:
      - keep-alive
      ParameterSetName:
      - --resource-group --name --tags --default-action
      User-Agent:
      - python/3.7.3 (Windows-10-10.0.19041-SP0) msrest/0.6.18 msrest_azure/0.6.3
        azure-mgmt-servicebus/0.6.0 Azure-SDK-For-Python AZURECLI/2.19.0
    method: GET
    uri: https://management.azure.com/subscriptions/00000000-0000-0000-0000-000000000000/resourceGroups/cli_test_sb_network000001/providers/Microsoft.ServiceBus/namespaces/servicebus-cli000002?api-version=2017-04-01
  response:
    body:
      string: '{"sku":{"name":"Premium","tier":"Premium","capacity":1},"id":"/subscriptions/00000000-0000-0000-0000-000000000000/resourceGroups/cli_test_sb_network000001/providers/Microsoft.ServiceBus/namespaces/servicebus-cli000002","name":"servicebus-cli000002","type":"Microsoft.ServiceBus/Namespaces","location":"West
        US","tags":{"{tag1":"value1}"},"properties":{"provisioningState":"Succeeded","metricId":"0b1f6471-1bf0-4dda-aec3-cb9272f09590:servicebus-cli000002","createdAt":"2021-02-10T02:28:46.16Z","updatedAt":"2021-02-10T02:30:49.667Z","serviceBusEndpoint":"https://servicebus-cli000002.servicebus.windows.net:443/","status":"Active"}}'
    headers:
      cache-control:
      - no-cache
      content-length:
      - '681'
      content-type:
      - application/json; charset=utf-8
      date:
      - Wed, 10 Feb 2021 02:31:20 GMT
      expires:
      - '-1'
      pragma:
      - no-cache
      server:
      - Service-Bus-Resource-Provider/SN1
      - Microsoft-HTTPAPI/2.0
      server-sb:
      - Service-Bus-Resource-Provider/SN1
      strict-transport-security:
      - max-age=31536000; includeSubDomains
      transfer-encoding:
      - chunked
      vary:
      - Accept-Encoding
      x-content-type-options:
      - nosniff
    status:
      code: 200
      message: OK
- request:
    body: null
    headers:
      Accept:
      - application/json
      Accept-Encoding:
      - gzip, deflate
      CommandName:
      - servicebus namespace network-rule list
      Connection:
      - keep-alive
      ParameterSetName:
      - --resource-group --name
      User-Agent:
      - python/3.7.3 (Windows-10-10.0.19041-SP0) msrest/0.6.18 msrest_azure/0.6.3
        azure-mgmt-servicebus/0.6.0 Azure-SDK-For-Python AZURECLI/2.19.0
      accept-language:
      - en-US
    method: GET
    uri: https://management.azure.com/subscriptions/00000000-0000-0000-0000-000000000000/resourceGroups/cli_test_sb_network000001/providers/Microsoft.ServiceBus/namespaces/servicebus-cli000002/networkRuleSets/default?api-version=2017-04-01
  response:
    body:
      string: '{"id":"/subscriptions/00000000-0000-0000-0000-000000000000/resourceGroups/cli_test_sb_network000001/providers/Microsoft.ServiceBus/namespaces/servicebus-cli000002/networkRuleSets/default","name":"default","type":"Microsoft.ServiceBus/Namespaces/NetworkRuleSets","location":"West
        US","properties":{"defaultAction":"Deny","virtualNetworkRules":[],"ipRules":[]}}'
    headers:
      cache-control:
      - no-cache
      content-length:
      - '409'
      content-type:
      - application/json; charset=utf-8
      date:
      - Wed, 10 Feb 2021 02:31:21 GMT
      expires:
      - '-1'
      pragma:
      - no-cache
      server:
      - Service-Bus-Resource-Provider/CH3
      - Microsoft-HTTPAPI/2.0
      server-sb:
      - Service-Bus-Resource-Provider/CH3
      strict-transport-security:
      - max-age=31536000; includeSubDomains
      transfer-encoding:
      - chunked
      vary:
      - Accept-Encoding
      x-content-type-options:
      - nosniff
    status:
      code: 200
      message: OK
- request:
    body: null
    headers:
      Accept:
      - application/json
      Accept-Encoding:
      - gzip, deflate
      CommandName:
      - servicebus namespace network-rule add
      Connection:
      - keep-alive
      ParameterSetName:
      - --resource-group --name --ip-address --action
      User-Agent:
      - python/3.7.3 (Windows-10-10.0.19041-SP0) msrest/0.6.18 msrest_azure/0.6.3
        azure-mgmt-servicebus/0.6.0 Azure-SDK-For-Python AZURECLI/2.19.0
      accept-language:
      - en-US
    method: GET
    uri: https://management.azure.com/subscriptions/00000000-0000-0000-0000-000000000000/resourceGroups/cli_test_sb_network000001/providers/Microsoft.ServiceBus/namespaces/servicebus-cli000002/networkRuleSets/default?api-version=2017-04-01
  response:
    body:
      string: '{"id":"/subscriptions/00000000-0000-0000-0000-000000000000/resourceGroups/cli_test_sb_network000001/providers/Microsoft.ServiceBus/namespaces/servicebus-cli000002/networkRuleSets/default","name":"default","type":"Microsoft.ServiceBus/Namespaces/NetworkRuleSets","location":"West
        US","properties":{"defaultAction":"Deny","virtualNetworkRules":[],"ipRules":[]}}'
    headers:
      cache-control:
      - no-cache
      content-length:
      - '409'
      content-type:
      - application/json; charset=utf-8
      date:
      - Wed, 10 Feb 2021 02:31:22 GMT
      expires:
      - '-1'
      pragma:
      - no-cache
      server:
      - Service-Bus-Resource-Provider/CH3
      - Microsoft-HTTPAPI/2.0
      server-sb:
      - Service-Bus-Resource-Provider/CH3
      strict-transport-security:
      - max-age=31536000; includeSubDomains
      transfer-encoding:
      - chunked
      vary:
      - Accept-Encoding
      x-content-type-options:
      - nosniff
    status:
      code: 200
      message: OK
- request:
    body: '{"properties": {"defaultAction": "Deny", "virtualNetworkRules": [], "ipRules":
      [{"ipMask": "1.1.1.1", "action": "Allow"}]}}'
    headers:
      Accept:
      - application/json
      Accept-Encoding:
      - gzip, deflate
      CommandName:
      - servicebus namespace network-rule add
      Connection:
      - keep-alive
      Content-Length:
      - '123'
      Content-Type:
      - application/json; charset=utf-8
      ParameterSetName:
      - --resource-group --name --ip-address --action
      User-Agent:
      - python/3.7.3 (Windows-10-10.0.19041-SP0) msrest/0.6.18 msrest_azure/0.6.3
        azure-mgmt-servicebus/0.6.0 Azure-SDK-For-Python AZURECLI/2.19.0
      accept-language:
      - en-US
    method: PUT
    uri: https://management.azure.com/subscriptions/00000000-0000-0000-0000-000000000000/resourceGroups/cli_test_sb_network000001/providers/Microsoft.ServiceBus/namespaces/servicebus-cli000002/networkRuleSets/default?api-version=2017-04-01
  response:
    body:
      string: '{"id":"/subscriptions/00000000-0000-0000-0000-000000000000/resourceGroups/cli_test_sb_network000001/providers/Microsoft.ServiceBus/namespaces/servicebus-cli000002/networkRuleSets/default","name":"default","type":"Microsoft.ServiceBus/Namespaces/NetworkRuleSets","location":"West
        US","properties":{"defaultAction":"Deny","virtualNetworkRules":[],"ipRules":[{"ipMask":"1.1.1.1","action":"Allow"}]}}'
    headers:
      cache-control:
      - no-cache
      content-length:
      - '446'
      content-type:
      - application/json; charset=utf-8
      date:
      - Wed, 10 Feb 2021 02:31:28 GMT
      expires:
      - '-1'
      pragma:
      - no-cache
      server:
      - Service-Bus-Resource-Provider/CH3
      - Microsoft-HTTPAPI/2.0
      server-sb:
      - Service-Bus-Resource-Provider/CH3
      strict-transport-security:
      - max-age=31536000; includeSubDomains
      transfer-encoding:
      - chunked
      vary:
      - Accept-Encoding
      x-content-type-options:
      - nosniff
      x-ms-ratelimit-remaining-subscription-writes:
      - '1172'
    status:
      code: 200
      message: OK
- request:
    body: null
    headers:
      Accept:
      - application/json
      Accept-Encoding:
      - gzip, deflate
      CommandName:
      - servicebus namespace network-rule add
      Connection:
      - keep-alive
      ParameterSetName:
      - --resource-group --name --ip-address --action
      User-Agent:
      - python/3.7.3 (Windows-10-10.0.19041-SP0) msrest/0.6.18 msrest_azure/0.6.3
        azure-mgmt-servicebus/0.6.0 Azure-SDK-For-Python AZURECLI/2.19.0
      accept-language:
      - en-US
    method: GET
    uri: https://management.azure.com/subscriptions/00000000-0000-0000-0000-000000000000/resourceGroups/cli_test_sb_network000001/providers/Microsoft.ServiceBus/namespaces/servicebus-cli000002/networkRuleSets/default?api-version=2017-04-01
  response:
    body:
      string: '{"id":"/subscriptions/00000000-0000-0000-0000-000000000000/resourceGroups/cli_test_sb_network000001/providers/Microsoft.ServiceBus/namespaces/servicebus-cli000002/networkRuleSets/default","name":"default","type":"Microsoft.ServiceBus/Namespaces/NetworkRuleSets","location":"West
        US","properties":{"defaultAction":"Deny","virtualNetworkRules":[],"ipRules":[{"ipMask":"1.1.1.1","action":"Allow"}]}}'
    headers:
      cache-control:
      - no-cache
      content-length:
      - '446'
      content-type:
      - application/json; charset=utf-8
      date:
      - Wed, 10 Feb 2021 02:31:30 GMT
      expires:
      - '-1'
      pragma:
      - no-cache
      server:
      - Service-Bus-Resource-Provider/CH3
      - Microsoft-HTTPAPI/2.0
      server-sb:
      - Service-Bus-Resource-Provider/CH3
      strict-transport-security:
      - max-age=31536000; includeSubDomains
      transfer-encoding:
      - chunked
      vary:
      - Accept-Encoding
      x-content-type-options:
      - nosniff
    status:
      code: 200
      message: OK
- request:
    body: '{"properties": {"defaultAction": "Deny", "virtualNetworkRules": [], "ipRules":
      [{"ipMask": "1.1.1.1", "action": "Allow"}, {"ipMask": "2.2.2.2", "action": "Allow"}]}}'
    headers:
      Accept:
      - application/json
      Accept-Encoding:
      - gzip, deflate
      CommandName:
      - servicebus namespace network-rule add
      Connection:
      - keep-alive
      Content-Length:
      - '165'
      Content-Type:
      - application/json; charset=utf-8
      ParameterSetName:
      - --resource-group --name --ip-address --action
      User-Agent:
      - python/3.7.3 (Windows-10-10.0.19041-SP0) msrest/0.6.18 msrest_azure/0.6.3
        azure-mgmt-servicebus/0.6.0 Azure-SDK-For-Python AZURECLI/2.19.0
      accept-language:
      - en-US
    method: PUT
    uri: https://management.azure.com/subscriptions/00000000-0000-0000-0000-000000000000/resourceGroups/cli_test_sb_network000001/providers/Microsoft.ServiceBus/namespaces/servicebus-cli000002/networkRuleSets/default?api-version=2017-04-01
  response:
    body:
      string: '{"id":"/subscriptions/00000000-0000-0000-0000-000000000000/resourceGroups/cli_test_sb_network000001/providers/Microsoft.ServiceBus/namespaces/servicebus-cli000002/networkRuleSets/default","name":"default","type":"Microsoft.ServiceBus/Namespaces/NetworkRuleSets","location":"West
        US","properties":{"defaultAction":"Deny","virtualNetworkRules":[],"ipRules":[{"ipMask":"1.1.1.1","action":"Allow"},{"ipMask":"2.2.2.2","action":"Allow"}]}}'
    headers:
      cache-control:
      - no-cache
      content-length:
      - '484'
      content-type:
      - application/json; charset=utf-8
      date:
      - Wed, 10 Feb 2021 02:31:37 GMT
      expires:
      - '-1'
      pragma:
      - no-cache
      server:
      - Service-Bus-Resource-Provider/CH3
      - Microsoft-HTTPAPI/2.0
      server-sb:
      - Service-Bus-Resource-Provider/CH3
      strict-transport-security:
      - max-age=31536000; includeSubDomains
      transfer-encoding:
      - chunked
      vary:
      - Accept-Encoding
      x-content-type-options:
      - nosniff
      x-ms-ratelimit-remaining-subscription-writes:
      - '1186'
    status:
      code: 200
      message: OK
- request:
    body: null
    headers:
      Accept:
      - application/json
      Accept-Encoding:
      - gzip, deflate
      CommandName:
      - servicebus namespace network-rule list
      Connection:
      - keep-alive
      ParameterSetName:
      - --resource-group --name
      User-Agent:
      - python/3.7.3 (Windows-10-10.0.19041-SP0) msrest/0.6.18 msrest_azure/0.6.3
        azure-mgmt-servicebus/0.6.0 Azure-SDK-For-Python AZURECLI/2.19.0
      accept-language:
      - en-US
    method: GET
    uri: https://management.azure.com/subscriptions/00000000-0000-0000-0000-000000000000/resourceGroups/cli_test_sb_network000001/providers/Microsoft.ServiceBus/namespaces/servicebus-cli000002/networkRuleSets/default?api-version=2017-04-01
  response:
    body:
      string: '{"id":"/subscriptions/00000000-0000-0000-0000-000000000000/resourceGroups/cli_test_sb_network000001/providers/Microsoft.ServiceBus/namespaces/servicebus-cli000002/networkRuleSets/default","name":"default","type":"Microsoft.ServiceBus/Namespaces/NetworkRuleSets","location":"West
        US","properties":{"defaultAction":"Deny","virtualNetworkRules":[],"ipRules":[{"ipMask":"1.1.1.1","action":"Allow"},{"ipMask":"2.2.2.2","action":"Allow"}]}}'
    headers:
      cache-control:
      - no-cache
      content-length:
      - '484'
      content-type:
      - application/json; charset=utf-8
      date:
      - Wed, 10 Feb 2021 02:31:38 GMT
      expires:
      - '-1'
      pragma:
      - no-cache
      server:
      - Service-Bus-Resource-Provider/CH3
      - Microsoft-HTTPAPI/2.0
      server-sb:
      - Service-Bus-Resource-Provider/CH3
      strict-transport-security:
      - max-age=31536000; includeSubDomains
      transfer-encoding:
      - chunked
      vary:
      - Accept-Encoding
      x-content-type-options:
      - nosniff
    status:
      code: 200
      message: OK
- request:
    body: null
    headers:
      Accept:
      - application/json
      Accept-Encoding:
      - gzip, deflate
      CommandName:
      - servicebus namespace network-rule remove
      Connection:
      - keep-alive
      ParameterSetName:
      - --resource-group --name --ip-address
      User-Agent:
      - python/3.7.3 (Windows-10-10.0.19041-SP0) msrest/0.6.18 msrest_azure/0.6.3
        azure-mgmt-servicebus/0.6.0 Azure-SDK-For-Python AZURECLI/2.19.0
      accept-language:
      - en-US
    method: GET
    uri: https://management.azure.com/subscriptions/00000000-0000-0000-0000-000000000000/resourceGroups/cli_test_sb_network000001/providers/Microsoft.ServiceBus/namespaces/servicebus-cli000002/networkRuleSets/default?api-version=2017-04-01
  response:
    body:
      string: '{"id":"/subscriptions/00000000-0000-0000-0000-000000000000/resourceGroups/cli_test_sb_network000001/providers/Microsoft.ServiceBus/namespaces/servicebus-cli000002/networkRuleSets/default","name":"default","type":"Microsoft.ServiceBus/Namespaces/NetworkRuleSets","location":"West
        US","properties":{"defaultAction":"Deny","virtualNetworkRules":[],"ipRules":[{"ipMask":"1.1.1.1","action":"Allow"},{"ipMask":"2.2.2.2","action":"Allow"}]}}'
    headers:
      cache-control:
      - no-cache
      content-length:
      - '484'
      content-type:
      - application/json; charset=utf-8
      date:
      - Wed, 10 Feb 2021 02:31:40 GMT
      expires:
      - '-1'
      pragma:
      - no-cache
      server:
      - Service-Bus-Resource-Provider/CH3
      - Microsoft-HTTPAPI/2.0
      server-sb:
      - Service-Bus-Resource-Provider/CH3
      strict-transport-security:
      - max-age=31536000; includeSubDomains
      transfer-encoding:
      - chunked
      vary:
      - Accept-Encoding
      x-content-type-options:
      - nosniff
    status:
      code: 200
      message: OK
- request:
    body: '{"properties": {"defaultAction": "Deny", "virtualNetworkRules": [], "ipRules":
      [{"ipMask": "1.1.1.1", "action": "Allow"}]}}'
    headers:
      Accept:
      - application/json
      Accept-Encoding:
      - gzip, deflate
      CommandName:
      - servicebus namespace network-rule remove
      Connection:
      - keep-alive
      Content-Length:
      - '123'
      Content-Type:
      - application/json; charset=utf-8
      ParameterSetName:
      - --resource-group --name --ip-address
      User-Agent:
      - python/3.7.3 (Windows-10-10.0.19041-SP0) msrest/0.6.18 msrest_azure/0.6.3
        azure-mgmt-servicebus/0.6.0 Azure-SDK-For-Python AZURECLI/2.19.0
      accept-language:
      - en-US
    method: PUT
    uri: https://management.azure.com/subscriptions/00000000-0000-0000-0000-000000000000/resourceGroups/cli_test_sb_network000001/providers/Microsoft.ServiceBus/namespaces/servicebus-cli000002/networkRuleSets/default?api-version=2017-04-01
  response:
    body:
      string: '{"id":"/subscriptions/00000000-0000-0000-0000-000000000000/resourceGroups/cli_test_sb_network000001/providers/Microsoft.ServiceBus/namespaces/servicebus-cli000002/networkRuleSets/default","name":"default","type":"Microsoft.ServiceBus/Namespaces/NetworkRuleSets","location":"West
        US","properties":{"defaultAction":"Deny","virtualNetworkRules":[],"ipRules":[{"ipMask":"1.1.1.1","action":"Allow"}]}}'
    headers:
      cache-control:
      - no-cache
      content-length:
      - '446'
      content-type:
      - application/json; charset=utf-8
      date:
      - Wed, 10 Feb 2021 02:31:47 GMT
      expires:
      - '-1'
      pragma:
      - no-cache
      server:
      - Service-Bus-Resource-Provider/SN1
      - Microsoft-HTTPAPI/2.0
      server-sb:
      - Service-Bus-Resource-Provider/SN1
      strict-transport-security:
      - max-age=31536000; includeSubDomains
      transfer-encoding:
      - chunked
      vary:
      - Accept-Encoding
      x-content-type-options:
      - nosniff
      x-ms-ratelimit-remaining-subscription-writes:
      - '1183'
    status:
      code: 200
      message: OK
- request:
    body: null
    headers:
      Accept:
      - application/json
      Accept-Encoding:
      - gzip, deflate
      CommandName:
      - servicebus namespace network-rule add
      Connection:
      - keep-alive
      ParameterSetName:
      - --resource-group --name --subnet --ignore-missing-endpoint
      User-Agent:
      - python/3.7.3 (Windows-10-10.0.19041-SP0) msrest/0.6.18 msrest_azure/0.6.3
        azure-mgmt-servicebus/0.6.0 Azure-SDK-For-Python AZURECLI/2.19.0
      accept-language:
      - en-US
    method: GET
    uri: https://management.azure.com/subscriptions/00000000-0000-0000-0000-000000000000/resourceGroups/cli_test_sb_network000001/providers/Microsoft.ServiceBus/namespaces/servicebus-cli000002/networkRuleSets/default?api-version=2017-04-01
  response:
    body:
      string: '{"id":"/subscriptions/00000000-0000-0000-0000-000000000000/resourceGroups/cli_test_sb_network000001/providers/Microsoft.ServiceBus/namespaces/servicebus-cli000002/networkRuleSets/default","name":"default","type":"Microsoft.ServiceBus/Namespaces/NetworkRuleSets","location":"West
        US","properties":{"defaultAction":"Deny","virtualNetworkRules":[],"ipRules":[{"ipMask":"1.1.1.1","action":"Allow"}]}}'
    headers:
      cache-control:
      - no-cache
      content-length:
      - '446'
      content-type:
      - application/json; charset=utf-8
      date:
      - Wed, 10 Feb 2021 02:31:48 GMT
      expires:
      - '-1'
      pragma:
      - no-cache
      server:
      - Service-Bus-Resource-Provider/CH3
      - Microsoft-HTTPAPI/2.0
      server-sb:
      - Service-Bus-Resource-Provider/CH3
      strict-transport-security:
      - max-age=31536000; includeSubDomains
      transfer-encoding:
      - chunked
      vary:
      - Accept-Encoding
      x-content-type-options:
      - nosniff
    status:
      code: 200
      message: OK
- request:
    body: '{"properties": {"defaultAction": "Deny", "virtualNetworkRules": [{"subnet":
      {"id": "/subscriptions/00000000-0000-0000-0000-000000000000/resourceGroups/cli_test_sb_network000001/providers/Microsoft.Network/virtualNetworks/sbehvnettest1/subnets/default"},
      "ignoreMissingVnetServiceEndpoint": true}], "ipRules": [{"ipMask": "1.1.1.1",
      "action": "Allow"}]}}'
    headers:
      Accept:
      - application/json
      Accept-Encoding:
      - gzip, deflate
      CommandName:
      - servicebus namespace network-rule add
      Connection:
      - keep-alive
      Content-Length:
      - '403'
      Content-Type:
      - application/json; charset=utf-8
      ParameterSetName:
      - --resource-group --name --subnet --ignore-missing-endpoint
      User-Agent:
      - python/3.7.3 (Windows-10-10.0.19041-SP0) msrest/0.6.18 msrest_azure/0.6.3
        azure-mgmt-servicebus/0.6.0 Azure-SDK-For-Python AZURECLI/2.19.0
      accept-language:
      - en-US
    method: PUT
    uri: https://management.azure.com/subscriptions/00000000-0000-0000-0000-000000000000/resourceGroups/cli_test_sb_network000001/providers/Microsoft.ServiceBus/namespaces/servicebus-cli000002/networkRuleSets/default?api-version=2017-04-01
  response:
    body:
      string: '{"id":"/subscriptions/00000000-0000-0000-0000-000000000000/resourceGroups/cli_test_sb_network000001/providers/Microsoft.ServiceBus/namespaces/servicebus-cli000002/networkRuleSets/default","name":"default","type":"Microsoft.ServiceBus/Namespaces/NetworkRuleSets","location":"West
        US","properties":{"defaultAction":"Deny","virtualNetworkRules":[{"subnet":{"id":"/subscriptions/00000000-0000-0000-0000-000000000000/resourceGroups/cli_test_sb_network000001/providers/Microsoft.Network/virtualNetworks/sbehvnettest1/subnets/default"},"ignoreMissingVnetServiceEndpoint":true}],"ipRules":[{"ipMask":"1.1.1.1","action":"Allow"}]}}'
    headers:
      cache-control:
      - no-cache
      content-length:
      - '722'
      content-type:
      - application/json; charset=utf-8
      date:
      - Wed, 10 Feb 2021 02:32:06 GMT
      expires:
      - '-1'
      pragma:
      - no-cache
      server:
      - Service-Bus-Resource-Provider/SN1
      - Microsoft-HTTPAPI/2.0
      server-sb:
      - Service-Bus-Resource-Provider/SN1
      strict-transport-security:
      - max-age=31536000; includeSubDomains
      transfer-encoding:
      - chunked
      vary:
      - Accept-Encoding
      x-content-type-options:
      - nosniff
      x-ms-ratelimit-remaining-subscription-writes:
      - '1182'
    status:
      code: 200
      message: OK
- request:
    body: null
    headers:
      Accept:
      - application/json
      Accept-Encoding:
      - gzip, deflate
      CommandName:
      - servicebus namespace network-rule add
      Connection:
      - keep-alive
      ParameterSetName:
      - --resource-group --name --subnet --ignore-missing-endpoint
      User-Agent:
      - python/3.7.3 (Windows-10-10.0.19041-SP0) msrest/0.6.18 msrest_azure/0.6.3
        azure-mgmt-servicebus/0.6.0 Azure-SDK-For-Python AZURECLI/2.19.0
      accept-language:
      - en-US
    method: GET
    uri: https://management.azure.com/subscriptions/00000000-0000-0000-0000-000000000000/resourceGroups/cli_test_sb_network000001/providers/Microsoft.ServiceBus/namespaces/servicebus-cli000002/networkRuleSets/default?api-version=2017-04-01
  response:
    body:
      string: '{"id":"/subscriptions/00000000-0000-0000-0000-000000000000/resourceGroups/cli_test_sb_network000001/providers/Microsoft.ServiceBus/namespaces/servicebus-cli000002/networkRuleSets/default","name":"default","type":"Microsoft.ServiceBus/Namespaces/NetworkRuleSets","location":"West
        US","properties":{"defaultAction":"Deny","virtualNetworkRules":[{"subnet":{"id":"/subscriptions/00000000-0000-0000-0000-000000000000/resourcegroups/cli_test_sb_network000001/providers/Microsoft.Network/virtualNetworks/sbehvnettest1/subnets/default"},"ignoreMissingVnetServiceEndpoint":true}],"ipRules":[{"ipMask":"1.1.1.1","action":"Allow"}]}}'
    headers:
      cache-control:
      - no-cache
      content-length:
      - '722'
      content-type:
      - application/json; charset=utf-8
      date:
      - Wed, 10 Feb 2021 02:32:06 GMT
      expires:
      - '-1'
      pragma:
      - no-cache
      server:
      - Service-Bus-Resource-Provider/CH3
      - Microsoft-HTTPAPI/2.0
      server-sb:
      - Service-Bus-Resource-Provider/CH3
      strict-transport-security:
      - max-age=31536000; includeSubDomains
      transfer-encoding:
      - chunked
      vary:
      - Accept-Encoding
      x-content-type-options:
      - nosniff
    status:
      code: 200
      message: OK
- request:
    body: '{"properties": {"defaultAction": "Deny", "virtualNetworkRules": [{"subnet":
      {"id": "/subscriptions/00000000-0000-0000-0000-000000000000/resourcegroups/cli_test_sb_network000001/providers/Microsoft.Network/virtualNetworks/sbehvnettest1/subnets/default"},
      "ignoreMissingVnetServiceEndpoint": true}, {"subnet": {"id": "/subscriptions/00000000-0000-0000-0000-000000000000/resourceGroups/cli_test_sb_network000001/providers/Microsoft.Network/virtualNetworks/sbehvnettest2/subnets/secondvnet"},
      "ignoreMissingVnetServiceEndpoint": true}], "ipRules": [{"ipMask": "1.1.1.1",
      "action": "Allow"}]}}'
    headers:
      Accept:
      - application/json
      Accept-Encoding:
      - gzip, deflate
      CommandName:
      - servicebus namespace network-rule add
      Connection:
      - keep-alive
      Content-Length:
      - '688'
      Content-Type:
      - application/json; charset=utf-8
      ParameterSetName:
      - --resource-group --name --subnet --ignore-missing-endpoint
      User-Agent:
      - python/3.7.3 (Windows-10-10.0.19041-SP0) msrest/0.6.18 msrest_azure/0.6.3
        azure-mgmt-servicebus/0.6.0 Azure-SDK-For-Python AZURECLI/2.19.0
      accept-language:
      - en-US
    method: PUT
    uri: https://management.azure.com/subscriptions/00000000-0000-0000-0000-000000000000/resourceGroups/cli_test_sb_network000001/providers/Microsoft.ServiceBus/namespaces/servicebus-cli000002/networkRuleSets/default?api-version=2017-04-01
  response:
    body:
      string: '{"id":"/subscriptions/00000000-0000-0000-0000-000000000000/resourceGroups/cli_test_sb_network000001/providers/Microsoft.ServiceBus/namespaces/servicebus-cli000002/networkRuleSets/default","name":"default","type":"Microsoft.ServiceBus/Namespaces/NetworkRuleSets","location":"West
        US","properties":{"defaultAction":"Deny","virtualNetworkRules":[{"subnet":{"id":"/subscriptions/00000000-0000-0000-0000-000000000000/resourcegroups/cli_test_sb_network000001/providers/Microsoft.Network/virtualNetworks/sbehvnettest1/subnets/default"},"ignoreMissingVnetServiceEndpoint":true},{"subnet":{"id":"/subscriptions/00000000-0000-0000-0000-000000000000/resourceGroups/cli_test_sb_network000001/providers/Microsoft.Network/virtualNetworks/sbehvnettest2/subnets/secondvnet"},"ignoreMissingVnetServiceEndpoint":true}],"ipRules":[{"ipMask":"1.1.1.1","action":"Allow"}]}}'
    headers:
      cache-control:
      - no-cache
      content-length:
      - '1002'
      content-type:
      - application/json; charset=utf-8
      date:
      - Wed, 10 Feb 2021 02:32:26 GMT
      expires:
      - '-1'
      pragma:
      - no-cache
      server:
      - Service-Bus-Resource-Provider/CH3
      - Microsoft-HTTPAPI/2.0
      server-sb:
      - Service-Bus-Resource-Provider/CH3
      strict-transport-security:
      - max-age=31536000; includeSubDomains
      transfer-encoding:
      - chunked
      vary:
      - Accept-Encoding
      x-content-type-options:
      - nosniff
      x-ms-ratelimit-remaining-subscription-writes:
      - '1185'
    status:
      code: 200
      message: OK
- request:
    body: null
    headers:
      Accept:
      - application/json
      Accept-Encoding:
      - gzip, deflate
      CommandName:
      - servicebus namespace network-rule list
      Connection:
      - keep-alive
      ParameterSetName:
      - --resource-group --name
      User-Agent:
      - python/3.7.3 (Windows-10-10.0.19041-SP0) msrest/0.6.18 msrest_azure/0.6.3
        azure-mgmt-servicebus/0.6.0 Azure-SDK-For-Python AZURECLI/2.19.0
      accept-language:
      - en-US
    method: GET
    uri: https://management.azure.com/subscriptions/00000000-0000-0000-0000-000000000000/resourceGroups/cli_test_sb_network000001/providers/Microsoft.ServiceBus/namespaces/servicebus-cli000002/networkRuleSets/default?api-version=2017-04-01
  response:
    body:
      string: '{"id":"/subscriptions/00000000-0000-0000-0000-000000000000/resourceGroups/cli_test_sb_network000001/providers/Microsoft.ServiceBus/namespaces/servicebus-cli000002/networkRuleSets/default","name":"default","type":"Microsoft.ServiceBus/Namespaces/NetworkRuleSets","location":"West
        US","properties":{"defaultAction":"Deny","virtualNetworkRules":[{"subnet":{"id":"/subscriptions/00000000-0000-0000-0000-000000000000/resourcegroups/cli_test_sb_network000001/providers/Microsoft.Network/virtualNetworks/sbehvnettest2/subnets/secondvnet"},"ignoreMissingVnetServiceEndpoint":true},{"subnet":{"id":"/subscriptions/00000000-0000-0000-0000-000000000000/resourcegroups/cli_test_sb_network000001/providers/Microsoft.Network/virtualNetworks/sbehvnettest1/subnets/default"},"ignoreMissingVnetServiceEndpoint":true}],"ipRules":[{"ipMask":"1.1.1.1","action":"Allow"}]}}'
    headers:
      cache-control:
      - no-cache
      content-length:
      - '1002'
      content-type:
      - application/json; charset=utf-8
      date:
      - Wed, 10 Feb 2021 02:32:27 GMT
      expires:
      - '-1'
      pragma:
      - no-cache
      server:
      - Service-Bus-Resource-Provider/CH3
      - Microsoft-HTTPAPI/2.0
      server-sb:
      - Service-Bus-Resource-Provider/CH3
      strict-transport-security:
      - max-age=31536000; includeSubDomains
      transfer-encoding:
      - chunked
      vary:
      - Accept-Encoding
      x-content-type-options:
      - nosniff
    status:
      code: 200
      message: OK
- request:
    body: null
    headers:
      Accept:
      - application/json
      Accept-Encoding:
      - gzip, deflate
      CommandName:
      - servicebus namespace network-rule remove
      Connection:
      - keep-alive
      ParameterSetName:
      - --resource-group --name --subnet
      User-Agent:
      - python/3.7.3 (Windows-10-10.0.19041-SP0) msrest/0.6.18 msrest_azure/0.6.3
        azure-mgmt-servicebus/0.6.0 Azure-SDK-For-Python AZURECLI/2.19.0
      accept-language:
      - en-US
    method: GET
    uri: https://management.azure.com/subscriptions/00000000-0000-0000-0000-000000000000/resourceGroups/cli_test_sb_network000001/providers/Microsoft.ServiceBus/namespaces/servicebus-cli000002/networkRuleSets/default?api-version=2017-04-01
  response:
    body:
      string: '{"id":"/subscriptions/00000000-0000-0000-0000-000000000000/resourceGroups/cli_test_sb_network000001/providers/Microsoft.ServiceBus/namespaces/servicebus-cli000002/networkRuleSets/default","name":"default","type":"Microsoft.ServiceBus/Namespaces/NetworkRuleSets","location":"West
        US","properties":{"defaultAction":"Deny","virtualNetworkRules":[{"subnet":{"id":"/subscriptions/00000000-0000-0000-0000-000000000000/resourcegroups/cli_test_sb_network000001/providers/Microsoft.Network/virtualNetworks/sbehvnettest2/subnets/secondvnet"},"ignoreMissingVnetServiceEndpoint":true},{"subnet":{"id":"/subscriptions/00000000-0000-0000-0000-000000000000/resourcegroups/cli_test_sb_network000001/providers/Microsoft.Network/virtualNetworks/sbehvnettest1/subnets/default"},"ignoreMissingVnetServiceEndpoint":true}],"ipRules":[{"ipMask":"1.1.1.1","action":"Allow"}]}}'
    headers:
      cache-control:
      - no-cache
      content-length:
      - '1002'
      content-type:
      - application/json; charset=utf-8
      date:
      - Wed, 10 Feb 2021 02:32:28 GMT
      expires:
      - '-1'
      pragma:
      - no-cache
      server:
      - Service-Bus-Resource-Provider/CH3
      - Microsoft-HTTPAPI/2.0
      server-sb:
      - Service-Bus-Resource-Provider/CH3
      strict-transport-security:
      - max-age=31536000; includeSubDomains
      transfer-encoding:
      - chunked
      vary:
      - Accept-Encoding
      x-content-type-options:
      - nosniff
    status:
      code: 200
      message: OK
- request:
    body: '{"properties": {"defaultAction": "Deny", "virtualNetworkRules": [{"subnet":
      {"id": "/subscriptions/00000000-0000-0000-0000-000000000000/resourcegroups/cli_test_sb_network000001/providers/Microsoft.Network/virtualNetworks/sbehvnettest1/subnets/default"},
      "ignoreMissingVnetServiceEndpoint": true}], "ipRules": [{"ipMask": "1.1.1.1",
      "action": "Allow"}]}}'
    headers:
      Accept:
      - application/json
      Accept-Encoding:
      - gzip, deflate
      CommandName:
      - servicebus namespace network-rule remove
      Connection:
      - keep-alive
      Content-Length:
      - '403'
      Content-Type:
      - application/json; charset=utf-8
      ParameterSetName:
      - --resource-group --name --subnet
      User-Agent:
      - python/3.7.3 (Windows-10-10.0.19041-SP0) msrest/0.6.18 msrest_azure/0.6.3
        azure-mgmt-servicebus/0.6.0 Azure-SDK-For-Python AZURECLI/2.19.0
      accept-language:
      - en-US
    method: PUT
    uri: https://management.azure.com/subscriptions/00000000-0000-0000-0000-000000000000/resourceGroups/cli_test_sb_network000001/providers/Microsoft.ServiceBus/namespaces/servicebus-cli000002/networkRuleSets/default?api-version=2017-04-01
  response:
    body:
      string: '{"id":"/subscriptions/00000000-0000-0000-0000-000000000000/resourceGroups/cli_test_sb_network000001/providers/Microsoft.ServiceBus/namespaces/servicebus-cli000002/networkRuleSets/default","name":"default","type":"Microsoft.ServiceBus/Namespaces/NetworkRuleSets","location":"West
        US","properties":{"defaultAction":"Deny","virtualNetworkRules":[{"subnet":{"id":"/subscriptions/00000000-0000-0000-0000-000000000000/resourcegroups/cli_test_sb_network000001/providers/Microsoft.Network/virtualNetworks/sbehvnettest1/subnets/default"},"ignoreMissingVnetServiceEndpoint":true}],"ipRules":[{"ipMask":"1.1.1.1","action":"Allow"}]}}'
    headers:
      cache-control:
      - no-cache
      content-length:
      - '722'
      content-type:
      - application/json; charset=utf-8
      date:
      - Wed, 10 Feb 2021 02:32:36 GMT
      expires:
      - '-1'
      pragma:
      - no-cache
      server:
      - Service-Bus-Resource-Provider/CH3
      - Microsoft-HTTPAPI/2.0
      server-sb:
      - Service-Bus-Resource-Provider/CH3
      strict-transport-security:
      - max-age=31536000; includeSubDomains
      transfer-encoding:
      - chunked
      vary:
      - Accept-Encoding
      x-content-type-options:
      - nosniff
      x-ms-ratelimit-remaining-subscription-writes:
      - '1180'
    status:
      code: 200
      message: OK
- request:
    body: null
    headers:
      Accept:
      - application/json
      Accept-Encoding:
      - gzip, deflate
      CommandName:
      - servicebus namespace delete
      Connection:
      - keep-alive
      Content-Length:
      - '0'
      ParameterSetName:
      - --resource-group --name
      User-Agent:
      - python/3.7.3 (Windows-10-10.0.19041-SP0) msrest/0.6.18 msrest_azure/0.6.3
        azure-mgmt-servicebus/0.6.0 Azure-SDK-For-Python AZURECLI/2.19.0
      accept-language:
      - en-US
    method: DELETE
    uri: https://management.azure.com/subscriptions/00000000-0000-0000-0000-000000000000/resourceGroups/cli_test_sb_network000001/providers/Microsoft.ServiceBus/namespaces/servicebus-cli000002?api-version=2017-04-01
  response:
    body:
      string: ''
    headers:
      cache-control:
      - no-cache
      content-length:
      - '0'
      date:
      - Wed, 10 Feb 2021 02:32:37 GMT
      expires:
      - '-1'
      location:
      - https://management.azure.com/subscriptions/00000000-0000-0000-0000-000000000000/resourceGroups/cli_test_sb_network000001/providers/Microsoft.ServiceBus/namespaces/servicebus-cli000002/operationresults/servicebus-cli000002?api-version=2017-04-01
      pragma:
      - no-cache
      server:
      - Service-Bus-Resource-Provider/CH3
      - Microsoft-HTTPAPI/2.0
      server-sb:
      - Service-Bus-Resource-Provider/CH3
      strict-transport-security:
      - max-age=31536000; includeSubDomains
      x-content-type-options:
      - nosniff
      x-ms-ratelimit-remaining-subscription-deletes:
      - '14999'
    status:
      code: 202
      message: Accepted
- request:
    body: null
    headers:
      Accept:
      - application/json
      Accept-Encoding:
      - gzip, deflate
      CommandName:
      - servicebus namespace delete
      Connection:
      - keep-alive
      ParameterSetName:
      - --resource-group --name
      User-Agent:
      - python/3.7.3 (Windows-10-10.0.19041-SP0) msrest/0.6.18 msrest_azure/0.6.3
        azure-mgmt-servicebus/0.6.0 Azure-SDK-For-Python AZURECLI/2.19.0
    method: GET
    uri: https://management.azure.com/subscriptions/00000000-0000-0000-0000-000000000000/resourceGroups/cli_test_sb_network000001/providers/Microsoft.ServiceBus/namespaces/servicebus-cli000002/operationresults/servicebus-cli000002?api-version=2017-04-01
  response:
    body:
      string: '{"sku":{"name":"Premium","tier":"Premium","capacity":1},"id":"/subscriptions/00000000-0000-0000-0000-000000000000/resourceGroups/cli_test_sb_network000001/providers/Microsoft.ServiceBus/namespaces/servicebus-cli000002","name":"servicebus-cli000002","type":"Microsoft.ServiceBus/Namespaces","location":"West
        US","tags":{"{tag1":"value1}"},"properties":{"provisioningState":"Succeeded","metricId":"0b1f6471-1bf0-4dda-aec3-cb9272f09590:servicebus-cli000002","createdAt":"2021-02-10T02:28:46.16Z","updatedAt":"2021-02-10T02:32:37.727Z","serviceBusEndpoint":"https://servicebus-cli000002.servicebus.windows.net:443/","status":"Removing"}}'
    headers:
      cache-control:
      - no-cache
      content-length:
      - '683'
      content-type:
      - application/json; charset=utf-8
      date:
      - Wed, 10 Feb 2021 02:33:10 GMT
      expires:
      - '-1'
      location:
      - https://management.azure.com/subscriptions/00000000-0000-0000-0000-000000000000/resourceGroups/cli_test_sb_network000001/providers/Microsoft.ServiceBus/namespaces/servicebus-cli000002/operationresults/servicebus-cli000002?api-version=2017-04-01
      pragma:
      - no-cache
      server:
      - Service-Bus-Resource-Provider/CH3
      - Microsoft-HTTPAPI/2.0
      server-sb:
      - Service-Bus-Resource-Provider/CH3
      strict-transport-security:
      - max-age=31536000; includeSubDomains
      x-content-type-options:
      - nosniff
    status:
      code: 202
      message: Accepted
- request:
    body: null
    headers:
      Accept:
      - application/json
      Accept-Encoding:
      - gzip, deflate
      CommandName:
      - servicebus namespace delete
      Connection:
      - keep-alive
      ParameterSetName:
      - --resource-group --name
      User-Agent:
      - python/3.7.3 (Windows-10-10.0.19041-SP0) msrest/0.6.18 msrest_azure/0.6.3
        azure-mgmt-servicebus/0.6.0 Azure-SDK-For-Python AZURECLI/2.19.0
    method: GET
    uri: https://management.azure.com/subscriptions/00000000-0000-0000-0000-000000000000/resourceGroups/cli_test_sb_network000001/providers/Microsoft.ServiceBus/namespaces/servicebus-cli000002/operationresults/servicebus-cli000002?api-version=2017-04-01
  response:
    body:
      string: '{"sku":{"name":"Premium","tier":"Premium","capacity":1},"id":"/subscriptions/00000000-0000-0000-0000-000000000000/resourceGroups/cli_test_sb_network000001/providers/Microsoft.ServiceBus/namespaces/servicebus-cli000002","name":"servicebus-cli000002","type":"Microsoft.ServiceBus/Namespaces","location":"West
        US","tags":{"{tag1":"value1}"},"properties":{"provisioningState":"Succeeded","metricId":"0b1f6471-1bf0-4dda-aec3-cb9272f09590:servicebus-cli000002","createdAt":"2021-02-10T02:28:46.16Z","updatedAt":"2021-02-10T02:32:37.727Z","serviceBusEndpoint":"https://servicebus-cli000002.servicebus.windows.net:443/","status":"Removing"}}'
    headers:
      cache-control:
      - no-cache
      content-length:
      - '683'
      content-type:
      - application/json; charset=utf-8
      date:
      - Wed, 10 Feb 2021 02:33:52 GMT
      expires:
      - '-1'
      location:
      - https://management.azure.com/subscriptions/00000000-0000-0000-0000-000000000000/resourceGroups/cli_test_sb_network000001/providers/Microsoft.ServiceBus/namespaces/servicebus-cli000002/operationresults/servicebus-cli000002?api-version=2017-04-01
      pragma:
      - no-cache
      server:
      - Service-Bus-Resource-Provider/CH3
      - Microsoft-HTTPAPI/2.0
      server-sb:
      - Service-Bus-Resource-Provider/CH3
      strict-transport-security:
      - max-age=31536000; includeSubDomains
      x-content-type-options:
      - nosniff
    status:
      code: 202
      message: Accepted
- request:
    body: null
    headers:
      Accept:
      - application/json
      Accept-Encoding:
      - gzip, deflate
      CommandName:
      - servicebus namespace delete
      Connection:
      - keep-alive
      ParameterSetName:
      - --resource-group --name
      User-Agent:
      - python/3.7.3 (Windows-10-10.0.19041-SP0) msrest/0.6.18 msrest_azure/0.6.3
        azure-mgmt-servicebus/0.6.0 Azure-SDK-For-Python AZURECLI/2.19.0
    method: GET
    uri: https://management.azure.com/subscriptions/00000000-0000-0000-0000-000000000000/resourceGroups/cli_test_sb_network000001/providers/Microsoft.ServiceBus/namespaces/servicebus-cli000002/operationresults/servicebus-cli000002?api-version=2017-04-01
  response:
    body:
      string: ''
    headers:
      cache-control:
      - no-cache
      content-length:
      - '0'
      date:
      - Wed, 10 Feb 2021 02:34:24 GMT
      expires:
      - '-1'
      pragma:
      - no-cache
      server:
      - Service-Bus-Resource-Provider/CH3
      - Microsoft-HTTPAPI/2.0
      server-sb:
      - Service-Bus-Resource-Provider/CH3
      strict-transport-security:
      - max-age=31536000; includeSubDomains
      x-content-type-options:
      - nosniff
    status:
      code: 200
      message: OK
version: 1
