interactions:
- request:
    body: null
    headers:
      Accept:
      - application/json
      Accept-Encoding:
      - gzip, deflate
      CommandName:
      - identity create
      Connection:
      - keep-alive
      ParameterSetName:
      - --name --resource-group
      User-Agent:
      - AZURECLI/2.45.0 azsdk-python-azure-mgmt-resource/21.1.0b1 Python/3.8.0 (Windows-10-10.0.19041-SP0)
    method: GET
    uri: https://management.azure.com/subscriptions/00000000-0000-0000-0000-000000000000/resourcegroups/cli_test_sb_namespace000001?api-version=2021-04-01
  response:
    body:
      string: '{"id":"/subscriptions/00000000-0000-0000-0000-000000000000/resourceGroups/cli_test_sb_namespace000001","name":"cli_test_sb_namespace000001","type":"Microsoft.Resources/resourceGroups","location":"westus","tags":{"product":"azurecli","cause":"automation","date":"2023-02-20T18:31:17Z"},"properties":{"provisioningState":"Succeeded"}}'
    headers:
      cache-control:
      - no-cache
      content-length:
      - '332'
      content-type:
      - application/json; charset=utf-8
      date:
      - Mon, 20 Feb 2023 18:31:23 GMT
      expires:
      - '-1'
      pragma:
      - no-cache
      strict-transport-security:
      - max-age=31536000; includeSubDomains
      vary:
      - Accept-Encoding
      x-content-type-options:
      - nosniff
    status:
      code: 200
      message: OK
- request:
    body: '{"location": "westus"}'
    headers:
      Accept:
      - application/json
      Accept-Encoding:
      - gzip, deflate
      CommandName:
      - identity create
      Connection:
      - keep-alive
      Content-Length:
      - '22'
      Content-Type:
      - application/json
      ParameterSetName:
      - --name --resource-group
      User-Agent:
      - AZURECLI/2.45.0 azsdk-python-azure-mgmt-msi/7.0.0 Python/3.8.0 (Windows-10-10.0.19041-SP0)
    method: PUT
    uri: https://management.azure.com/subscriptions/00000000-0000-0000-0000-000000000000/resourceGroups/cli_test_sb_namespace000001/providers/Microsoft.ManagedIdentity/userAssignedIdentities/sb-identity1000005?api-version=2023-01-31
  response:
    body:
      string: '{"id":"/subscriptions/00000000-0000-0000-0000-000000000000/resourcegroups/cli_test_sb_namespace000001/providers/Microsoft.ManagedIdentity/userAssignedIdentities/sb-identity1000005","name":"sb-identity1000005","type":"Microsoft.ManagedIdentity/userAssignedIdentities","location":"westus","tags":{},"properties":{"tenantId":"72f988bf-86f1-41af-91ab-2d7cd011db47","principalId":"126f61b9-b9cf-4fe7-8477-a32e3d69caca","clientId":"0b0429d1-588a-49e9-bd83-43bd3918e030"}}'
    headers:
      cache-control:
      - no-cache
      content-length:
      - '465'
      content-type:
      - application/json; charset=utf-8
      date:
      - Mon, 20 Feb 2023 18:31:25 GMT
      expires:
      - '-1'
      location:
      - /subscriptions/00000000-0000-0000-0000-000000000000/resourcegroups/cli_test_sb_namespace000001/providers/Microsoft.ManagedIdentity/userAssignedIdentities/sb-identity1000005
      pragma:
      - no-cache
      strict-transport-security:
      - max-age=31536000; includeSubDomains
      x-content-type-options:
      - nosniff
      x-ms-ratelimit-remaining-subscription-writes:
      - '1197'
    status:
      code: 201
      message: Created
- request:
    body: null
    headers:
      Accept:
      - application/json
      Accept-Encoding:
      - gzip, deflate
      CommandName:
      - identity create
      Connection:
      - keep-alive
      ParameterSetName:
      - --name --resource-group
      User-Agent:
      - AZURECLI/2.45.0 azsdk-python-azure-mgmt-resource/21.1.0b1 Python/3.8.0 (Windows-10-10.0.19041-SP0)
    method: GET
    uri: https://management.azure.com/subscriptions/00000000-0000-0000-0000-000000000000/resourcegroups/cli_test_sb_namespace000001?api-version=2021-04-01
  response:
    body:
      string: '{"id":"/subscriptions/00000000-0000-0000-0000-000000000000/resourceGroups/cli_test_sb_namespace000001","name":"cli_test_sb_namespace000001","type":"Microsoft.Resources/resourceGroups","location":"westus","tags":{"product":"azurecli","cause":"automation","date":"2023-02-20T18:31:17Z"},"properties":{"provisioningState":"Succeeded"}}'
    headers:
      cache-control:
      - no-cache
      content-length:
      - '332'
      content-type:
      - application/json; charset=utf-8
      date:
      - Mon, 20 Feb 2023 18:31:26 GMT
      expires:
      - '-1'
      pragma:
      - no-cache
      strict-transport-security:
      - max-age=31536000; includeSubDomains
      vary:
      - Accept-Encoding
      x-content-type-options:
      - nosniff
    status:
      code: 200
      message: OK
- request:
    body: '{"location": "westus"}'
    headers:
      Accept:
      - application/json
      Accept-Encoding:
      - gzip, deflate
      CommandName:
      - identity create
      Connection:
      - keep-alive
      Content-Length:
      - '22'
      Content-Type:
      - application/json
      ParameterSetName:
      - --name --resource-group
      User-Agent:
      - AZURECLI/2.45.0 azsdk-python-azure-mgmt-msi/7.0.0 Python/3.8.0 (Windows-10-10.0.19041-SP0)
    method: PUT
    uri: https://management.azure.com/subscriptions/00000000-0000-0000-0000-000000000000/resourceGroups/cli_test_sb_namespace000001/providers/Microsoft.ManagedIdentity/userAssignedIdentities/sb-identity2000006?api-version=2023-01-31
  response:
    body:
      string: '{"id":"/subscriptions/00000000-0000-0000-0000-000000000000/resourcegroups/cli_test_sb_namespace000001/providers/Microsoft.ManagedIdentity/userAssignedIdentities/sb-identity2000006","name":"sb-identity2000006","type":"Microsoft.ManagedIdentity/userAssignedIdentities","location":"westus","tags":{},"properties":{"tenantId":"72f988bf-86f1-41af-91ab-2d7cd011db47","principalId":"3ec7baef-235e-4619-a17f-d7a88cb13249","clientId":"59e09d90-2616-452d-8ab6-6e50dcea84b4"}}'
    headers:
      cache-control:
      - no-cache
      content-length:
      - '465'
      content-type:
      - application/json; charset=utf-8
      date:
      - Mon, 20 Feb 2023 18:31:27 GMT
      expires:
      - '-1'
      location:
      - /subscriptions/00000000-0000-0000-0000-000000000000/resourcegroups/cli_test_sb_namespace000001/providers/Microsoft.ManagedIdentity/userAssignedIdentities/sb-identity2000006
      pragma:
      - no-cache
      strict-transport-security:
      - max-age=31536000; includeSubDomains
      x-content-type-options:
      - nosniff
      x-ms-ratelimit-remaining-subscription-writes:
      - '1196'
    status:
      code: 201
      message: Created
- request:
    body: '{"identity": {"type": "None"}, "location": "eastus", "properties": {"disableLocalAuth":
      true, "minimumTlsVersion": "1.1"}, "sku": {"name": "Standard", "tier": "Standard"},
      "tags": {"tag1": "value1", "tag2": "value2"}}'
    headers:
      Accept:
      - application/json
      Accept-Encoding:
      - gzip, deflate
      CommandName:
      - servicebus namespace create
      Connection:
      - keep-alive
      Content-Length:
      - '217'
      Content-Type:
      - application/json
      ParameterSetName:
      - --name --resource-group --sku --location --tags --disable-local-auth --minimum-tls-version
      User-Agent:
      - AZURECLI/2.45.0 (AAZ) azsdk-python-core/1.24.0 Python/3.8.0 (Windows-10-10.0.19041-SP0)
    method: PUT
    uri: https://management.azure.com/subscriptions/00000000-0000-0000-0000-000000000000/resourceGroups/cli_test_sb_namespace000001/providers/Microsoft.ServiceBus/namespaces/sb-nscli000002?api-version=2022-10-01-preview
  response:
    body:
      string: '{"sku":{"name":"Standard","tier":"Standard"},"id":"/subscriptions/00000000-0000-0000-0000-000000000000/resourceGroups/cli_test_sb_namespace000001/providers/Microsoft.ServiceBus/namespaces/sb-nscli000002","name":"sb-nscli000002","type":"Microsoft.ServiceBus/Namespaces","location":"East
        US","tags":{"tag1":"value1","tag2":"value2"},"properties":{"premiumMessagingPartitions":0,"minimumTlsVersion":"1.1","publicNetworkAccess":"Enabled","disableLocalAuth":true,"zoneRedundant":false,"provisioningState":"Created","metricId":"326100e2-f69d-4268-8503-075374f62b6e:sb-nscli000002","createdAt":"2023-02-20T18:31:30.393Z","updatedAt":"2023-02-20T18:31:30.393Z","serviceBusEndpoint":"https://sb-nscli000002.servicebus.windows.net:443/","status":"Activating"}}'
    headers:
      cache-control:
      - no-cache
      content-length:
      - '750'
      content-type:
      - application/json; charset=utf-8
      date:
      - Mon, 20 Feb 2023 18:31:30 GMT
      expires:
      - '-1'
      pragma:
      - no-cache
      server:
      - Service-Bus-Resource-Provider/SN1
      - Microsoft-HTTPAPI/2.0
      server-sb:
      - Service-Bus-Resource-Provider/SN1
      strict-transport-security:
      - max-age=31536000; includeSubDomains
      transfer-encoding:
      - chunked
      vary:
      - Accept-Encoding
      x-content-type-options:
      - nosniff
      x-ms-ratelimit-remaining-subscription-writes:
      - '1195'
    status:
      code: 200
      message: OK
- request:
    body: null
    headers:
      Accept:
      - '*/*'
      Accept-Encoding:
      - gzip, deflate
      CommandName:
      - servicebus namespace create
      Connection:
      - keep-alive
      ParameterSetName:
      - --name --resource-group --sku --location --tags --disable-local-auth --minimum-tls-version
      User-Agent:
      - AZURECLI/2.45.0 (AAZ) azsdk-python-core/1.24.0 Python/3.8.0 (Windows-10-10.0.19041-SP0)
    method: GET
    uri: https://management.azure.com/subscriptions/00000000-0000-0000-0000-000000000000/resourceGroups/cli_test_sb_namespace000001/providers/Microsoft.ServiceBus/namespaces/sb-nscli000002?api-version=2022-10-01-preview
  response:
    body:
      string: '{"sku":{"name":"Standard","tier":"Standard"},"id":"/subscriptions/00000000-0000-0000-0000-000000000000/resourceGroups/cli_test_sb_namespace000001/providers/Microsoft.ServiceBus/namespaces/sb-nscli000002","name":"sb-nscli000002","type":"Microsoft.ServiceBus/Namespaces","location":"East
        US","tags":{"tag1":"value1","tag2":"value2"},"properties":{"premiumMessagingPartitions":0,"minimumTlsVersion":"1.1","publicNetworkAccess":"Enabled","disableLocalAuth":true,"zoneRedundant":false,"provisioningState":"Created","metricId":"326100e2-f69d-4268-8503-075374f62b6e:sb-nscli000002","createdAt":"2023-02-20T18:31:30.393Z","updatedAt":"2023-02-20T18:31:30.393Z","serviceBusEndpoint":"https://sb-nscli000002.servicebus.windows.net:443/","status":"Activating"}}'
    headers:
      cache-control:
      - no-cache
      content-length:
      - '750'
      content-type:
      - application/json; charset=utf-8
      date:
      - Mon, 20 Feb 2023 18:32:01 GMT
      expires:
      - '-1'
      pragma:
      - no-cache
      server:
      - Service-Bus-Resource-Provider/SN1
      - Microsoft-HTTPAPI/2.0
      server-sb:
      - Service-Bus-Resource-Provider/SN1
      strict-transport-security:
      - max-age=31536000; includeSubDomains
      transfer-encoding:
      - chunked
      vary:
      - Accept-Encoding
      x-content-type-options:
      - nosniff
    status:
      code: 200
      message: OK
- request:
    body: null
    headers:
      Accept:
      - '*/*'
      Accept-Encoding:
      - gzip, deflate
      CommandName:
      - servicebus namespace create
      Connection:
      - keep-alive
      ParameterSetName:
      - --name --resource-group --sku --location --tags --disable-local-auth --minimum-tls-version
      User-Agent:
      - AZURECLI/2.45.0 (AAZ) azsdk-python-core/1.24.0 Python/3.8.0 (Windows-10-10.0.19041-SP0)
    method: GET
    uri: https://management.azure.com/subscriptions/00000000-0000-0000-0000-000000000000/resourceGroups/cli_test_sb_namespace000001/providers/Microsoft.ServiceBus/namespaces/sb-nscli000002?api-version=2022-10-01-preview
  response:
    body:
      string: '{"sku":{"name":"Standard","tier":"Standard"},"id":"/subscriptions/00000000-0000-0000-0000-000000000000/resourceGroups/cli_test_sb_namespace000001/providers/Microsoft.ServiceBus/namespaces/sb-nscli000002","name":"sb-nscli000002","type":"Microsoft.ServiceBus/Namespaces","location":"East
        US","tags":{"tag1":"value1","tag2":"value2"},"properties":{"premiumMessagingPartitions":0,"minimumTlsVersion":"1.1","publicNetworkAccess":"Enabled","disableLocalAuth":true,"zoneRedundant":false,"provisioningState":"Succeeded","metricId":"326100e2-f69d-4268-8503-075374f62b6e:sb-nscli000002","createdAt":"2023-02-20T18:31:30.393Z","updatedAt":"2023-02-20T18:32:12.233Z","serviceBusEndpoint":"https://sb-nscli000002.servicebus.windows.net:443/","status":"Active"}}'
    headers:
      cache-control:
      - no-cache
      content-length:
      - '748'
      content-type:
      - application/json; charset=utf-8
      date:
      - Mon, 20 Feb 2023 18:32:31 GMT
      expires:
      - '-1'
      pragma:
      - no-cache
      server:
      - Service-Bus-Resource-Provider/SN1
      - Microsoft-HTTPAPI/2.0
      server-sb:
      - Service-Bus-Resource-Provider/SN1
      strict-transport-security:
      - max-age=31536000; includeSubDomains
      transfer-encoding:
      - chunked
      vary:
      - Accept-Encoding
      x-content-type-options:
      - nosniff
    status:
      code: 200
      message: OK
- request:
    body: null
    headers:
      Accept:
      - application/json
      Accept-Encoding:
      - gzip, deflate
      CommandName:
      - servicebus namespace update
      Connection:
      - keep-alive
      ParameterSetName:
      - --name --resource-group --minimum-tls-version
      User-Agent:
      - AZURECLI/2.45.0 (AAZ) azsdk-python-core/1.24.0 Python/3.8.0 (Windows-10-10.0.19041-SP0)
    method: GET
    uri: https://management.azure.com/subscriptions/00000000-0000-0000-0000-000000000000/resourceGroups/cli_test_sb_namespace000001/providers/Microsoft.ServiceBus/namespaces/sb-nscli000002?api-version=2022-10-01-preview
  response:
    body:
      string: '{"sku":{"name":"Standard","tier":"Standard"},"id":"/subscriptions/00000000-0000-0000-0000-000000000000/resourceGroups/cli_test_sb_namespace000001/providers/Microsoft.ServiceBus/namespaces/sb-nscli000002","name":"sb-nscli000002","type":"Microsoft.ServiceBus/Namespaces","location":"East
        US","tags":{"tag1":"value1","tag2":"value2"},"properties":{"premiumMessagingPartitions":0,"minimumTlsVersion":"1.1","publicNetworkAccess":"Enabled","disableLocalAuth":true,"zoneRedundant":false,"provisioningState":"Succeeded","metricId":"326100e2-f69d-4268-8503-075374f62b6e:sb-nscli000002","createdAt":"2023-02-20T18:31:30.393Z","updatedAt":"2023-02-20T18:32:12.233Z","serviceBusEndpoint":"https://sb-nscli000002.servicebus.windows.net:443/","status":"Active"}}'
    headers:
      cache-control:
      - no-cache
      content-length:
      - '748'
      content-type:
      - application/json; charset=utf-8
      date:
      - Mon, 20 Feb 2023 18:32:31 GMT
      expires:
      - '-1'
      pragma:
      - no-cache
      server:
      - Service-Bus-Resource-Provider/SN1
      - Microsoft-HTTPAPI/2.0
      server-sb:
      - Service-Bus-Resource-Provider/SN1
      strict-transport-security:
      - max-age=31536000; includeSubDomains
      transfer-encoding:
      - chunked
      vary:
      - Accept-Encoding
      x-content-type-options:
      - nosniff
    status:
      code: 200
      message: OK
- request:
    body: '{"location": "East US", "properties": {"disableLocalAuth": true, "minimumTlsVersion":
      "1.0", "premiumMessagingPartitions": 0, "publicNetworkAccess": "Enabled", "zoneRedundant":
      false}, "sku": {"name": "Standard", "tier": "Standard"}, "tags": {"tag1": "value1",
      "tag2": "value2"}}'
    headers:
      Accept:
      - application/json
      Accept-Encoding:
      - gzip, deflate
      CommandName:
      - servicebus namespace update
      Connection:
      - keep-alive
      Content-Length:
      - '279'
      Content-Type:
      - application/json
      ParameterSetName:
      - --name --resource-group --minimum-tls-version
      User-Agent:
      - AZURECLI/2.45.0 (AAZ) azsdk-python-core/1.24.0 Python/3.8.0 (Windows-10-10.0.19041-SP0)
    method: PUT
    uri: https://management.azure.com/subscriptions/00000000-0000-0000-0000-000000000000/resourceGroups/cli_test_sb_namespace000001/providers/Microsoft.ServiceBus/namespaces/sb-nscli000002?api-version=2022-10-01-preview
  response:
    body:
      string: '{"sku":{"name":"Standard","tier":"Standard"},"id":"/subscriptions/00000000-0000-0000-0000-000000000000/resourceGroups/cli_test_sb_namespace000001/providers/Microsoft.ServiceBus/namespaces/sb-nscli000002","name":"sb-nscli000002","type":"Microsoft.ServiceBus/Namespaces","location":"East
        US","tags":{"tag1":"value1","tag2":"value2"},"properties":{"premiumMessagingPartitions":0,"minimumTlsVersion":"1.0","publicNetworkAccess":"Enabled","disableLocalAuth":true,"zoneRedundant":false,"provisioningState":"Updating","metricId":"326100e2-f69d-4268-8503-075374f62b6e:sb-nscli000002","createdAt":"2023-02-20T18:31:30.393Z","updatedAt":"2023-02-20T18:32:38.843Z","serviceBusEndpoint":"https://sb-nscli000002.servicebus.windows.net:443/","status":"Activating"}}'
    headers:
      cache-control:
      - no-cache
      content-length:
      - '751'
      content-type:
      - application/json; charset=utf-8
      date:
      - Mon, 20 Feb 2023 18:32:40 GMT
      expires:
      - '-1'
      pragma:
      - no-cache
      server:
      - Service-Bus-Resource-Provider/SN1
      - Microsoft-HTTPAPI/2.0
      server-sb:
      - Service-Bus-Resource-Provider/SN1
      strict-transport-security:
      - max-age=31536000; includeSubDomains
      transfer-encoding:
      - chunked
      vary:
      - Accept-Encoding
      x-content-type-options:
      - nosniff
      x-ms-ratelimit-remaining-subscription-writes:
      - '1197'
    status:
      code: 200
      message: OK
- request:
    body: null
    headers:
      Accept:
      - '*/*'
      Accept-Encoding:
      - gzip, deflate
      CommandName:
      - servicebus namespace update
      Connection:
      - keep-alive
      ParameterSetName:
      - --name --resource-group --minimum-tls-version
      User-Agent:
      - AZURECLI/2.45.0 (AAZ) azsdk-python-core/1.24.0 Python/3.8.0 (Windows-10-10.0.19041-SP0)
    method: GET
    uri: https://management.azure.com/subscriptions/00000000-0000-0000-0000-000000000000/resourceGroups/cli_test_sb_namespace000001/providers/Microsoft.ServiceBus/namespaces/sb-nscli000002?api-version=2022-10-01-preview
  response:
    body:
      string: '{"sku":{"name":"Standard","tier":"Standard"},"id":"/subscriptions/00000000-0000-0000-0000-000000000000/resourceGroups/cli_test_sb_namespace000001/providers/Microsoft.ServiceBus/namespaces/sb-nscli000002","name":"sb-nscli000002","type":"Microsoft.ServiceBus/Namespaces","location":"East
        US","tags":{"tag1":"value1","tag2":"value2"},"properties":{"premiumMessagingPartitions":0,"minimumTlsVersion":"1.0","publicNetworkAccess":"Enabled","disableLocalAuth":true,"zoneRedundant":false,"provisioningState":"Succeeded","metricId":"326100e2-f69d-4268-8503-075374f62b6e:sb-nscli000002","createdAt":"2023-02-20T18:31:30.393Z","updatedAt":"2023-02-20T18:32:42.353Z","serviceBusEndpoint":"https://sb-nscli000002.servicebus.windows.net:443/","status":"Active"}}'
    headers:
      cache-control:
      - no-cache
      content-length:
      - '748'
      content-type:
      - application/json; charset=utf-8
      date:
      - Mon, 20 Feb 2023 18:33:11 GMT
      expires:
      - '-1'
      pragma:
      - no-cache
      server:
      - Service-Bus-Resource-Provider/SN1
      - Microsoft-HTTPAPI/2.0
      server-sb:
      - Service-Bus-Resource-Provider/SN1
      strict-transport-security:
      - max-age=31536000; includeSubDomains
      transfer-encoding:
      - chunked
      vary:
      - Accept-Encoding
      x-content-type-options:
      - nosniff
    status:
      code: 200
      message: OK
- request:
    body: '{"identity": {"type": "None"}, "location": "eastus", "sku": {"name": "Premium",
      "tier": "Premium"}}'
    headers:
      Accept:
      - application/json
      Accept-Encoding:
      - gzip, deflate
      CommandName:
      - servicebus namespace create
      Connection:
      - keep-alive
      Content-Length:
      - '99'
      Content-Type:
      - application/json
      ParameterSetName:
      - --name --resource-group --sku --location
      User-Agent:
      - AZURECLI/2.45.0 (AAZ) azsdk-python-core/1.24.0 Python/3.8.0 (Windows-10-10.0.19041-SP0)
    method: PUT
    uri: https://management.azure.com/subscriptions/00000000-0000-0000-0000-000000000000/resourceGroups/cli_test_sb_namespace000001/providers/Microsoft.ServiceBus/namespaces/sb-nscli1000003?api-version=2022-10-01-preview
  response:
    body:
      string: '{"sku":{"name":"Premium","tier":"Premium","capacity":1},"id":"/subscriptions/00000000-0000-0000-0000-000000000000/resourceGroups/cli_test_sb_namespace000001/providers/Microsoft.ServiceBus/namespaces/sb-nscli1000003","name":"sb-nscli1000003","type":"Microsoft.ServiceBus/Namespaces","location":"East
        US","tags":{},"properties":{"premiumMessagingPartitions":1,"minimumTlsVersion":"1.2","publicNetworkAccess":"Enabled","disableLocalAuth":false,"zoneRedundant":false,"provisioningState":"Created","metricId":"326100e2-f69d-4268-8503-075374f62b6e:sb-nscli1000003","createdAt":"2023-02-20T18:33:13.963Z","updatedAt":"2023-02-20T18:33:13.963Z","serviceBusEndpoint":"https://sb-nscli1000003.servicebus.windows.net:443/","status":"Activating"}}'
    headers:
      cache-control:
      - no-cache
      content-length:
      - '735'
      content-type:
      - application/json; charset=utf-8
      date:
      - Mon, 20 Feb 2023 18:33:13 GMT
      expires:
      - '-1'
      pragma:
      - no-cache
      server:
      - Service-Bus-Resource-Provider/SN1
      - Microsoft-HTTPAPI/2.0
      server-sb:
      - Service-Bus-Resource-Provider/SN1
      strict-transport-security:
      - max-age=31536000; includeSubDomains
      transfer-encoding:
      - chunked
      vary:
      - Accept-Encoding
      x-content-type-options:
      - nosniff
      x-ms-ratelimit-remaining-subscription-writes:
      - '1197'
    status:
      code: 200
      message: OK
- request:
    body: null
    headers:
      Accept:
      - '*/*'
      Accept-Encoding:
      - gzip, deflate
      CommandName:
      - servicebus namespace create
      Connection:
      - keep-alive
      ParameterSetName:
      - --name --resource-group --sku --location
      User-Agent:
      - AZURECLI/2.45.0 (AAZ) azsdk-python-core/1.24.0 Python/3.8.0 (Windows-10-10.0.19041-SP0)
    method: GET
    uri: https://management.azure.com/subscriptions/00000000-0000-0000-0000-000000000000/resourceGroups/cli_test_sb_namespace000001/providers/Microsoft.ServiceBus/namespaces/sb-nscli1000003?api-version=2022-10-01-preview
  response:
    body:
      string: '{"sku":{"name":"Premium","tier":"Premium","capacity":1},"id":"/subscriptions/00000000-0000-0000-0000-000000000000/resourceGroups/cli_test_sb_namespace000001/providers/Microsoft.ServiceBus/namespaces/sb-nscli1000003","name":"sb-nscli1000003","type":"Microsoft.ServiceBus/Namespaces","location":"East
        US","tags":{},"properties":{"premiumMessagingPartitions":1,"minimumTlsVersion":"1.2","publicNetworkAccess":"Enabled","disableLocalAuth":false,"zoneRedundant":false,"provisioningState":"Created","metricId":"326100e2-f69d-4268-8503-075374f62b6e:sb-nscli1000003","createdAt":"2023-02-20T18:33:13.963Z","updatedAt":"2023-02-20T18:33:13.963Z","serviceBusEndpoint":"https://sb-nscli1000003.servicebus.windows.net:443/","status":"Activating"}}'
    headers:
      cache-control:
      - no-cache
      content-length:
      - '735'
      content-type:
      - application/json; charset=utf-8
      date:
      - Mon, 20 Feb 2023 18:33:44 GMT
      expires:
      - '-1'
      pragma:
      - no-cache
      server:
      - Service-Bus-Resource-Provider/SN1
      - Microsoft-HTTPAPI/2.0
      server-sb:
      - Service-Bus-Resource-Provider/SN1
      strict-transport-security:
      - max-age=31536000; includeSubDomains
      transfer-encoding:
      - chunked
      vary:
      - Accept-Encoding
      x-content-type-options:
      - nosniff
    status:
      code: 200
      message: OK
- request:
    body: null
    headers:
      Accept:
      - '*/*'
      Accept-Encoding:
      - gzip, deflate
      CommandName:
      - servicebus namespace create
      Connection:
      - keep-alive
      ParameterSetName:
      - --name --resource-group --sku --location
      User-Agent:
      - AZURECLI/2.45.0 (AAZ) azsdk-python-core/1.24.0 Python/3.8.0 (Windows-10-10.0.19041-SP0)
    method: GET
    uri: https://management.azure.com/subscriptions/00000000-0000-0000-0000-000000000000/resourceGroups/cli_test_sb_namespace000001/providers/Microsoft.ServiceBus/namespaces/sb-nscli1000003?api-version=2022-10-01-preview
  response:
    body:
      string: '{"sku":{"name":"Premium","tier":"Premium","capacity":1},"id":"/subscriptions/00000000-0000-0000-0000-000000000000/resourceGroups/cli_test_sb_namespace000001/providers/Microsoft.ServiceBus/namespaces/sb-nscli1000003","name":"sb-nscli1000003","type":"Microsoft.ServiceBus/Namespaces","location":"East
        US","tags":{},"properties":{"premiumMessagingPartitions":1,"minimumTlsVersion":"1.2","publicNetworkAccess":"Enabled","disableLocalAuth":false,"zoneRedundant":false,"provisioningState":"Created","metricId":"326100e2-f69d-4268-8503-075374f62b6e:sb-nscli1000003","createdAt":"2023-02-20T18:33:13.963Z","updatedAt":"2023-02-20T18:33:13.963Z","serviceBusEndpoint":"https://sb-nscli1000003.servicebus.windows.net:443/","status":"Activating"}}'
    headers:
      cache-control:
      - no-cache
      content-length:
      - '735'
      content-type:
      - application/json; charset=utf-8
      date:
      - Mon, 20 Feb 2023 18:34:15 GMT
      expires:
      - '-1'
      pragma:
      - no-cache
      server:
      - Service-Bus-Resource-Provider/SN1
      - Microsoft-HTTPAPI/2.0
      server-sb:
      - Service-Bus-Resource-Provider/SN1
      strict-transport-security:
      - max-age=31536000; includeSubDomains
      transfer-encoding:
      - chunked
      vary:
      - Accept-Encoding
      x-content-type-options:
      - nosniff
    status:
      code: 200
      message: OK
- request:
    body: null
    headers:
      Accept:
      - '*/*'
      Accept-Encoding:
      - gzip, deflate
      CommandName:
      - servicebus namespace create
      Connection:
      - keep-alive
      ParameterSetName:
      - --name --resource-group --sku --location
      User-Agent:
      - AZURECLI/2.45.0 (AAZ) azsdk-python-core/1.24.0 Python/3.8.0 (Windows-10-10.0.19041-SP0)
    method: GET
    uri: https://management.azure.com/subscriptions/00000000-0000-0000-0000-000000000000/resourceGroups/cli_test_sb_namespace000001/providers/Microsoft.ServiceBus/namespaces/sb-nscli1000003?api-version=2022-10-01-preview
  response:
    body:
      string: '{"sku":{"name":"Premium","tier":"Premium","capacity":1},"id":"/subscriptions/00000000-0000-0000-0000-000000000000/resourceGroups/cli_test_sb_namespace000001/providers/Microsoft.ServiceBus/namespaces/sb-nscli1000003","name":"sb-nscli1000003","type":"Microsoft.ServiceBus/Namespaces","location":"East
        US","tags":{},"properties":{"premiumMessagingPartitions":1,"minimumTlsVersion":"1.2","publicNetworkAccess":"Enabled","disableLocalAuth":false,"zoneRedundant":false,"provisioningState":"Succeeded","metricId":"326100e2-f69d-4268-8503-075374f62b6e:sb-nscli1000003","createdAt":"2023-02-20T18:33:13.963Z","updatedAt":"2023-02-20T18:34:27.123Z","serviceBusEndpoint":"https://sb-nscli1000003.servicebus.windows.net:443/","status":"Active"}}'
    headers:
      cache-control:
      - no-cache
      content-length:
      - '733'
      content-type:
      - application/json; charset=utf-8
      date:
      - Mon, 20 Feb 2023 18:34:45 GMT
      expires:
      - '-1'
      pragma:
      - no-cache
      server:
      - Service-Bus-Resource-Provider/SN1
      - Microsoft-HTTPAPI/2.0
      server-sb:
      - Service-Bus-Resource-Provider/SN1
      strict-transport-security:
      - max-age=31536000; includeSubDomains
      transfer-encoding:
      - chunked
      vary:
      - Accept-Encoding
      x-content-type-options:
      - nosniff
    status:
      code: 200
      message: OK
- request:
    body: null
    headers:
      Accept:
      - application/json
      Accept-Encoding:
      - gzip, deflate
      CommandName:
      - servicebus namespace update
      Connection:
      - keep-alive
      ParameterSetName:
      - --name --resource-group --capacity --tags
      User-Agent:
      - AZURECLI/2.45.0 (AAZ) azsdk-python-core/1.24.0 Python/3.8.0 (Windows-10-10.0.19041-SP0)
    method: GET
    uri: https://management.azure.com/subscriptions/00000000-0000-0000-0000-000000000000/resourceGroups/cli_test_sb_namespace000001/providers/Microsoft.ServiceBus/namespaces/sb-nscli1000003?api-version=2022-10-01-preview
  response:
    body:
      string: '{"sku":{"name":"Premium","tier":"Premium","capacity":1},"id":"/subscriptions/00000000-0000-0000-0000-000000000000/resourceGroups/cli_test_sb_namespace000001/providers/Microsoft.ServiceBus/namespaces/sb-nscli1000003","name":"sb-nscli1000003","type":"Microsoft.ServiceBus/Namespaces","location":"East
        US","tags":{},"properties":{"premiumMessagingPartitions":1,"minimumTlsVersion":"1.2","publicNetworkAccess":"Enabled","disableLocalAuth":false,"zoneRedundant":false,"provisioningState":"Succeeded","metricId":"326100e2-f69d-4268-8503-075374f62b6e:sb-nscli1000003","createdAt":"2023-02-20T18:33:13.963Z","updatedAt":"2023-02-20T18:34:27.123Z","serviceBusEndpoint":"https://sb-nscli1000003.servicebus.windows.net:443/","status":"Active"}}'
    headers:
      cache-control:
      - no-cache
      content-length:
      - '733'
      content-type:
      - application/json; charset=utf-8
      date:
      - Mon, 20 Feb 2023 18:34:46 GMT
      expires:
      - '-1'
      pragma:
      - no-cache
      server:
      - Service-Bus-Resource-Provider/SN1
      - Microsoft-HTTPAPI/2.0
      server-sb:
      - Service-Bus-Resource-Provider/SN1
      strict-transport-security:
      - max-age=31536000; includeSubDomains
      transfer-encoding:
      - chunked
      vary:
      - Accept-Encoding
      x-content-type-options:
      - nosniff
    status:
      code: 200
      message: OK
- request:
    body: '{"location": "East US", "properties": {"disableLocalAuth": false, "minimumTlsVersion":
      "1.2", "premiumMessagingPartitions": 1, "publicNetworkAccess": "Enabled", "zoneRedundant":
      false}, "sku": {"capacity": 4, "name": "Premium", "tier": "Premium"}, "tags":
      {"tag1": "value1", "tag2": "value2"}}'
    headers:
      Accept:
      - application/json
      Accept-Encoding:
      - gzip, deflate
      CommandName:
      - servicebus namespace update
      Connection:
      - keep-alive
      Content-Length:
      - '293'
      Content-Type:
      - application/json
      ParameterSetName:
      - --name --resource-group --capacity --tags
      User-Agent:
      - AZURECLI/2.45.0 (AAZ) azsdk-python-core/1.24.0 Python/3.8.0 (Windows-10-10.0.19041-SP0)
    method: PUT
    uri: https://management.azure.com/subscriptions/00000000-0000-0000-0000-000000000000/resourceGroups/cli_test_sb_namespace000001/providers/Microsoft.ServiceBus/namespaces/sb-nscli1000003?api-version=2022-10-01-preview
  response:
    body:
      string: '{"sku":{"name":"Premium","tier":"Premium","capacity":4},"id":"/subscriptions/00000000-0000-0000-0000-000000000000/resourceGroups/cli_test_sb_namespace000001/providers/Microsoft.ServiceBus/namespaces/sb-nscli1000003","name":"sb-nscli1000003","type":"Microsoft.ServiceBus/Namespaces","location":"East
        US","tags":{"tag1":"value1","tag2":"value2"},"properties":{"premiumMessagingPartitions":1,"minimumTlsVersion":"1.2","publicNetworkAccess":"Enabled","disableLocalAuth":false,"zoneRedundant":false,"provisioningState":"Updating","metricId":"326100e2-f69d-4268-8503-075374f62b6e:sb-nscli1000003","createdAt":"2023-02-20T18:33:13.963Z","updatedAt":"2023-02-20T18:34:53.11Z","serviceBusEndpoint":"https://sb-nscli1000003.servicebus.windows.net:443/","status":"Activating"}}'
    headers:
      cache-control:
      - no-cache
      content-length:
      - '766'
      content-type:
      - application/json; charset=utf-8
      date:
      - Mon, 20 Feb 2023 18:34:53 GMT
      expires:
      - '-1'
      pragma:
      - no-cache
      server:
      - Service-Bus-Resource-Provider/SN1
      - Microsoft-HTTPAPI/2.0
      server-sb:
      - Service-Bus-Resource-Provider/SN1
      strict-transport-security:
      - max-age=31536000; includeSubDomains
      transfer-encoding:
      - chunked
      vary:
      - Accept-Encoding
      x-content-type-options:
      - nosniff
      x-ms-ratelimit-remaining-subscription-writes:
      - '1195'
    status:
      code: 200
      message: OK
- request:
    body: null
    headers:
      Accept:
      - '*/*'
      Accept-Encoding:
      - gzip, deflate
      CommandName:
      - servicebus namespace update
      Connection:
      - keep-alive
      ParameterSetName:
      - --name --resource-group --capacity --tags
      User-Agent:
      - AZURECLI/2.45.0 (AAZ) azsdk-python-core/1.24.0 Python/3.8.0 (Windows-10-10.0.19041-SP0)
    method: GET
    uri: https://management.azure.com/subscriptions/00000000-0000-0000-0000-000000000000/resourceGroups/cli_test_sb_namespace000001/providers/Microsoft.ServiceBus/namespaces/sb-nscli1000003?api-version=2022-10-01-preview
  response:
    body:
      string: '{"sku":{"name":"Premium","tier":"Premium","capacity":4},"id":"/subscriptions/00000000-0000-0000-0000-000000000000/resourceGroups/cli_test_sb_namespace000001/providers/Microsoft.ServiceBus/namespaces/sb-nscli1000003","name":"sb-nscli1000003","type":"Microsoft.ServiceBus/Namespaces","location":"East
        US","tags":{"tag1":"value1","tag2":"value2"},"properties":{"premiumMessagingPartitions":1,"minimumTlsVersion":"1.2","publicNetworkAccess":"Enabled","disableLocalAuth":false,"zoneRedundant":false,"provisioningState":"Succeeded","metricId":"326100e2-f69d-4268-8503-075374f62b6e:sb-nscli1000003","createdAt":"2023-02-20T18:33:13.963Z","updatedAt":"2023-02-20T18:34:56.503Z","serviceBusEndpoint":"https://sb-nscli1000003.servicebus.windows.net:443/","status":"Active"}}'
    headers:
      cache-control:
      - no-cache
      content-length:
      - '764'
      content-type:
      - application/json; charset=utf-8
      date:
      - Mon, 20 Feb 2023 18:35:23 GMT
      expires:
      - '-1'
      pragma:
      - no-cache
      server:
      - Service-Bus-Resource-Provider/SN1
      - Microsoft-HTTPAPI/2.0
      server-sb:
      - Service-Bus-Resource-Provider/SN1
      strict-transport-security:
      - max-age=31536000; includeSubDomains
      transfer-encoding:
      - chunked
      vary:
      - Accept-Encoding
      x-content-type-options:
      - nosniff
    status:
      code: 200
      message: OK
- request:
    body: null
    headers:
      Accept:
      - application/json
      Accept-Encoding:
      - gzip, deflate
      CommandName:
      - servicebus namespace update
      Connection:
      - keep-alive
      ParameterSetName:
      - --name --resource-group --disable-local-auth
      User-Agent:
      - AZURECLI/2.45.0 (AAZ) azsdk-python-core/1.24.0 Python/3.8.0 (Windows-10-10.0.19041-SP0)
    method: GET
    uri: https://management.azure.com/subscriptions/00000000-0000-0000-0000-000000000000/resourceGroups/cli_test_sb_namespace000001/providers/Microsoft.ServiceBus/namespaces/sb-nscli1000003?api-version=2022-10-01-preview
  response:
    body:
      string: '{"sku":{"name":"Premium","tier":"Premium","capacity":4},"id":"/subscriptions/00000000-0000-0000-0000-000000000000/resourceGroups/cli_test_sb_namespace000001/providers/Microsoft.ServiceBus/namespaces/sb-nscli1000003","name":"sb-nscli1000003","type":"Microsoft.ServiceBus/Namespaces","location":"East
        US","tags":{"tag1":"value1","tag2":"value2"},"properties":{"premiumMessagingPartitions":1,"minimumTlsVersion":"1.2","publicNetworkAccess":"Enabled","disableLocalAuth":false,"zoneRedundant":false,"provisioningState":"Succeeded","metricId":"326100e2-f69d-4268-8503-075374f62b6e:sb-nscli1000003","createdAt":"2023-02-20T18:33:13.963Z","updatedAt":"2023-02-20T18:34:56.503Z","serviceBusEndpoint":"https://sb-nscli1000003.servicebus.windows.net:443/","status":"Active"}}'
    headers:
      cache-control:
      - no-cache
      content-length:
      - '764'
      content-type:
      - application/json; charset=utf-8
      date:
      - Mon, 20 Feb 2023 18:35:24 GMT
      expires:
      - '-1'
      pragma:
      - no-cache
      server:
      - Service-Bus-Resource-Provider/SN1
      - Microsoft-HTTPAPI/2.0
      server-sb:
      - Service-Bus-Resource-Provider/SN1
      strict-transport-security:
      - max-age=31536000; includeSubDomains
      transfer-encoding:
      - chunked
      vary:
      - Accept-Encoding
      x-content-type-options:
      - nosniff
    status:
      code: 200
      message: OK
- request:
    body: '{"location": "East US", "properties": {"disableLocalAuth": true, "minimumTlsVersion":
      "1.2", "premiumMessagingPartitions": 1, "publicNetworkAccess": "Enabled", "zoneRedundant":
      false}, "sku": {"capacity": 4, "name": "Premium", "tier": "Premium"}, "tags":
      {"tag1": "value1", "tag2": "value2"}}'
    headers:
      Accept:
      - application/json
      Accept-Encoding:
      - gzip, deflate
      CommandName:
      - servicebus namespace update
      Connection:
      - keep-alive
      Content-Length:
      - '292'
      Content-Type:
      - application/json
      ParameterSetName:
      - --name --resource-group --disable-local-auth
      User-Agent:
      - AZURECLI/2.45.0 (AAZ) azsdk-python-core/1.24.0 Python/3.8.0 (Windows-10-10.0.19041-SP0)
    method: PUT
    uri: https://management.azure.com/subscriptions/00000000-0000-0000-0000-000000000000/resourceGroups/cli_test_sb_namespace000001/providers/Microsoft.ServiceBus/namespaces/sb-nscli1000003?api-version=2022-10-01-preview
  response:
    body:
      string: '{"sku":{"name":"Premium","tier":"Premium","capacity":4},"id":"/subscriptions/00000000-0000-0000-0000-000000000000/resourceGroups/cli_test_sb_namespace000001/providers/Microsoft.ServiceBus/namespaces/sb-nscli1000003","name":"sb-nscli1000003","type":"Microsoft.ServiceBus/Namespaces","location":"East
        US","tags":{"tag1":"value1","tag2":"value2"},"properties":{"premiumMessagingPartitions":1,"minimumTlsVersion":"1.2","publicNetworkAccess":"Enabled","disableLocalAuth":true,"zoneRedundant":false,"provisioningState":"Updating","metricId":"326100e2-f69d-4268-8503-075374f62b6e:sb-nscli1000003","createdAt":"2023-02-20T18:33:13.963Z","updatedAt":"2023-02-20T18:35:31.567Z","serviceBusEndpoint":"https://sb-nscli1000003.servicebus.windows.net:443/","status":"Activating"}}'
    headers:
      cache-control:
      - no-cache
      content-length:
      - '766'
      content-type:
      - application/json; charset=utf-8
      date:
      - Mon, 20 Feb 2023 18:35:34 GMT
      expires:
      - '-1'
      pragma:
      - no-cache
      server:
      - Service-Bus-Resource-Provider/SN1
      - Microsoft-HTTPAPI/2.0
      server-sb:
      - Service-Bus-Resource-Provider/SN1
      strict-transport-security:
      - max-age=31536000; includeSubDomains
      transfer-encoding:
      - chunked
      vary:
      - Accept-Encoding
      x-content-type-options:
      - nosniff
      x-ms-ratelimit-remaining-subscription-writes:
      - '1197'
    status:
      code: 200
      message: OK
- request:
    body: null
    headers:
      Accept:
      - '*/*'
      Accept-Encoding:
      - gzip, deflate
      CommandName:
      - servicebus namespace update
      Connection:
      - keep-alive
      ParameterSetName:
      - --name --resource-group --disable-local-auth
      User-Agent:
      - AZURECLI/2.45.0 (AAZ) azsdk-python-core/1.24.0 Python/3.8.0 (Windows-10-10.0.19041-SP0)
    method: GET
    uri: https://management.azure.com/subscriptions/00000000-0000-0000-0000-000000000000/resourceGroups/cli_test_sb_namespace000001/providers/Microsoft.ServiceBus/namespaces/sb-nscli1000003?api-version=2022-10-01-preview
  response:
    body:
      string: '{"sku":{"name":"Premium","tier":"Premium","capacity":4},"id":"/subscriptions/00000000-0000-0000-0000-000000000000/resourceGroups/cli_test_sb_namespace000001/providers/Microsoft.ServiceBus/namespaces/sb-nscli1000003","name":"sb-nscli1000003","type":"Microsoft.ServiceBus/Namespaces","location":"East
        US","tags":{"tag1":"value1","tag2":"value2"},"properties":{"premiumMessagingPartitions":1,"minimumTlsVersion":"1.2","publicNetworkAccess":"Enabled","disableLocalAuth":true,"zoneRedundant":false,"provisioningState":"Succeeded","metricId":"326100e2-f69d-4268-8503-075374f62b6e:sb-nscli1000003","createdAt":"2023-02-20T18:33:13.963Z","updatedAt":"2023-02-20T18:35:34.38Z","serviceBusEndpoint":"https://sb-nscli1000003.servicebus.windows.net:443/","status":"Active"}}'
    headers:
      cache-control:
      - no-cache
      content-length:
      - '762'
      content-type:
      - application/json; charset=utf-8
      date:
      - Mon, 20 Feb 2023 18:36:04 GMT
      expires:
      - '-1'
      pragma:
      - no-cache
      server:
      - Service-Bus-Resource-Provider/SN1
      - Microsoft-HTTPAPI/2.0
      server-sb:
      - Service-Bus-Resource-Provider/SN1
      strict-transport-security:
      - max-age=31536000; includeSubDomains
      transfer-encoding:
      - chunked
      vary:
      - Accept-Encoding
      x-content-type-options:
      - nosniff
    status:
      code: 200
      message: OK
- request:
    body: '{"identity": {"type": "SystemAssigned, UserAssigned", "userAssignedIdentities":
      {"/subscriptions/00000000-0000-0000-0000-000000000000/resourcegroups/cli_test_sb_namespace000001/providers/Microsoft.ManagedIdentity/userAssignedIdentities/sb-identity1000005":
      {}, "/subscriptions/00000000-0000-0000-0000-000000000000/resourcegroups/cli_test_sb_namespace000001/providers/Microsoft.ManagedIdentity/userAssignedIdentities/sb-identity2000006":
      {}}}, "location": "eastus", "properties": {"premiumMessagingPartitions": 2,
      "zoneRedundant": true}, "sku": {"capacity": 2, "name": "Premium", "tier": "Premium"}}'
    headers:
      Accept:
      - application/json
      Accept-Encoding:
      - gzip, deflate
      CommandName:
      - servicebus namespace create
      Connection:
      - keep-alive
      Content-Length:
      - '598'
      Content-Type:
      - application/json
      ParameterSetName:
      - --resource-group --name --location --sku --mi-system-assigned --mi-user-assigned
        --capacity --zone-redundant --premium-messaging-partitions
      User-Agent:
      - AZURECLI/2.45.0 (AAZ) azsdk-python-core/1.24.0 Python/3.8.0 (Windows-10-10.0.19041-SP0)
    method: PUT
    uri: https://management.azure.com/subscriptions/00000000-0000-0000-0000-000000000000/resourceGroups/cli_test_sb_namespace000001/providers/Microsoft.ServiceBus/namespaces/sb-nscli2000004?api-version=2022-10-01-preview
  response:
    body:
      string: '{"sku":{"name":"Premium","tier":"Premium","capacity":2},"id":"/subscriptions/00000000-0000-0000-0000-000000000000/resourceGroups/cli_test_sb_namespace000001/providers/Microsoft.ServiceBus/namespaces/sb-nscli2000004","name":"sb-nscli2000004","type":"Microsoft.ServiceBus/Namespaces","location":"East
        US","tags":{},"identity":{"principalId":"c3a1b969-f100-4669-894a-6239c69d8896","tenantId":"72f988bf-86f1-41af-91ab-2d7cd011db47","type":"SystemAssigned,
        UserAssigned","userAssignedIdentities":{"/subscriptions/00000000-0000-0000-0000-000000000000/resourcegroups/cli_test_sb_namespace000001/providers/Microsoft.ManagedIdentity/userAssignedIdentities/sb-identity1000005":{},"/subscriptions/00000000-0000-0000-0000-000000000000/resourcegroups/cli_test_sb_namespace000001/providers/Microsoft.ManagedIdentity/userAssignedIdentities/sb-identity2000006":{}}},"properties":{"premiumMessagingPartitions":2,"minimumTlsVersion":"1.2","publicNetworkAccess":"Enabled","disableLocalAuth":false,"zoneRedundant":true,"provisioningState":"ActivatingIdentity","metricId":"326100e2-f69d-4268-8503-075374f62b6e:sb-nscli2000004","createdAt":"2023-02-20T18:36:08.687Z","updatedAt":"2023-02-20T18:36:08.687Z","serviceBusEndpoint":"https://sb-nscli2000004.servicebus.windows.net:443/","status":"Activating"}}'
    headers:
      cache-control:
      - no-cache
      content-length:
      - '1282'
      content-type:
      - application/json; charset=utf-8
      date:
      - Mon, 20 Feb 2023 18:36:08 GMT
      expires:
      - '-1'
      pragma:
      - no-cache
      server:
      - Service-Bus-Resource-Provider/SN1
      - Microsoft-HTTPAPI/2.0
      server-sb:
      - Service-Bus-Resource-Provider/SN1
      strict-transport-security:
      - max-age=31536000; includeSubDomains
      transfer-encoding:
      - chunked
      vary:
      - Accept-Encoding
      x-content-type-options:
      - nosniff
      x-ms-ratelimit-remaining-subscription-writes:
      - '1198'
    status:
      code: 200
      message: OK
- request:
    body: null
    headers:
      Accept:
      - '*/*'
      Accept-Encoding:
      - gzip, deflate
      CommandName:
      - servicebus namespace create
      Connection:
      - keep-alive
      ParameterSetName:
      - --resource-group --name --location --sku --mi-system-assigned --mi-user-assigned
        --capacity --zone-redundant --premium-messaging-partitions
      User-Agent:
      - AZURECLI/2.45.0 (AAZ) azsdk-python-core/1.24.0 Python/3.8.0 (Windows-10-10.0.19041-SP0)
    method: GET
    uri: https://management.azure.com/subscriptions/00000000-0000-0000-0000-000000000000/resourceGroups/cli_test_sb_namespace000001/providers/Microsoft.ServiceBus/namespaces/sb-nscli2000004?api-version=2022-10-01-preview
  response:
    body:
      string: '{"sku":{"name":"Premium","tier":"Premium","capacity":2},"id":"/subscriptions/00000000-0000-0000-0000-000000000000/resourceGroups/cli_test_sb_namespace000001/providers/Microsoft.ServiceBus/namespaces/sb-nscli2000004","name":"sb-nscli2000004","type":"Microsoft.ServiceBus/Namespaces","location":"East
        US","tags":{},"identity":{"principalId":"c3a1b969-f100-4669-894a-6239c69d8896","tenantId":"72f988bf-86f1-41af-91ab-2d7cd011db47","type":"SystemAssigned,
        UserAssigned","userAssignedIdentities":{"/subscriptions/00000000-0000-0000-0000-000000000000/resourcegroups/cli_test_sb_namespace000001/providers/Microsoft.ManagedIdentity/userAssignedIdentities/sb-identity1000005":{},"/subscriptions/00000000-0000-0000-0000-000000000000/resourcegroups/cli_test_sb_namespace000001/providers/Microsoft.ManagedIdentity/userAssignedIdentities/sb-identity2000006":{}}},"properties":{"premiumMessagingPartitions":2,"minimumTlsVersion":"1.2","publicNetworkAccess":"Enabled","disableLocalAuth":false,"zoneRedundant":true,"provisioningState":"ActivatingIdentity","metricId":"326100e2-f69d-4268-8503-075374f62b6e:sb-nscli2000004","createdAt":"2023-02-20T18:36:08.687Z","updatedAt":"2023-02-20T18:36:08.687Z","serviceBusEndpoint":"https://sb-nscli2000004.servicebus.windows.net:443/","status":"Activating"}}'
    headers:
      cache-control:
      - no-cache
      content-length:
      - '1282'
      content-type:
      - application/json; charset=utf-8
      date:
      - Mon, 20 Feb 2023 18:36:39 GMT
      expires:
      - '-1'
      pragma:
      - no-cache
      server:
      - Service-Bus-Resource-Provider/SN1
      - Microsoft-HTTPAPI/2.0
      server-sb:
      - Service-Bus-Resource-Provider/SN1
      strict-transport-security:
      - max-age=31536000; includeSubDomains
      transfer-encoding:
      - chunked
      vary:
      - Accept-Encoding
      x-content-type-options:
      - nosniff
    status:
      code: 200
      message: OK
- request:
    body: null
    headers:
      Accept:
      - '*/*'
      Accept-Encoding:
      - gzip, deflate
      CommandName:
      - servicebus namespace create
      Connection:
      - keep-alive
      ParameterSetName:
      - --resource-group --name --location --sku --mi-system-assigned --mi-user-assigned
        --capacity --zone-redundant --premium-messaging-partitions
      User-Agent:
      - AZURECLI/2.45.0 (AAZ) azsdk-python-core/1.24.0 Python/3.8.0 (Windows-10-10.0.19041-SP0)
    method: GET
    uri: https://management.azure.com/subscriptions/00000000-0000-0000-0000-000000000000/resourceGroups/cli_test_sb_namespace000001/providers/Microsoft.ServiceBus/namespaces/sb-nscli2000004?api-version=2022-10-01-preview
  response:
    body:
      string: '{"sku":{"name":"Premium","tier":"Premium","capacity":2},"id":"/subscriptions/00000000-0000-0000-0000-000000000000/resourceGroups/cli_test_sb_namespace000001/providers/Microsoft.ServiceBus/namespaces/sb-nscli2000004","name":"sb-nscli2000004","type":"Microsoft.ServiceBus/Namespaces","location":"East
        US","tags":{},"identity":{"principalId":"c3a1b969-f100-4669-894a-6239c69d8896","tenantId":"72f988bf-86f1-41af-91ab-2d7cd011db47","type":"SystemAssigned,
        UserAssigned","userAssignedIdentities":{"/subscriptions/00000000-0000-0000-0000-000000000000/resourcegroups/cli_test_sb_namespace000001/providers/Microsoft.ManagedIdentity/userAssignedIdentities/sb-identity1000005":{},"/subscriptions/00000000-0000-0000-0000-000000000000/resourcegroups/cli_test_sb_namespace000001/providers/Microsoft.ManagedIdentity/userAssignedIdentities/sb-identity2000006":{}}},"properties":{"premiumMessagingPartitions":2,"minimumTlsVersion":"1.2","publicNetworkAccess":"Enabled","disableLocalAuth":false,"zoneRedundant":true,"provisioningState":"ActivatingIdentity","metricId":"326100e2-f69d-4268-8503-075374f62b6e:sb-nscli2000004","createdAt":"2023-02-20T18:36:08.687Z","updatedAt":"2023-02-20T18:36:08.687Z","serviceBusEndpoint":"https://sb-nscli2000004.servicebus.windows.net:443/","status":"Activating"}}'
    headers:
      cache-control:
      - no-cache
      content-length:
      - '1282'
      content-type:
      - application/json; charset=utf-8
      date:
      - Mon, 20 Feb 2023 18:37:09 GMT
      expires:
      - '-1'
      pragma:
      - no-cache
      server:
      - Service-Bus-Resource-Provider/SN1
      - Microsoft-HTTPAPI/2.0
      server-sb:
      - Service-Bus-Resource-Provider/SN1
      strict-transport-security:
      - max-age=31536000; includeSubDomains
      transfer-encoding:
      - chunked
      vary:
      - Accept-Encoding
      x-content-type-options:
      - nosniff
    status:
      code: 200
      message: OK
- request:
    body: null
    headers:
      Accept:
      - '*/*'
      Accept-Encoding:
      - gzip, deflate
      CommandName:
      - servicebus namespace create
      Connection:
      - keep-alive
      ParameterSetName:
      - --resource-group --name --location --sku --mi-system-assigned --mi-user-assigned
        --capacity --zone-redundant --premium-messaging-partitions
      User-Agent:
      - AZURECLI/2.45.0 (AAZ) azsdk-python-core/1.24.0 Python/3.8.0 (Windows-10-10.0.19041-SP0)
    method: GET
    uri: https://management.azure.com/subscriptions/00000000-0000-0000-0000-000000000000/resourceGroups/cli_test_sb_namespace000001/providers/Microsoft.ServiceBus/namespaces/sb-nscli2000004?api-version=2022-10-01-preview
  response:
    body:
      string: '{"sku":{"name":"Premium","tier":"Premium","capacity":2},"id":"/subscriptions/00000000-0000-0000-0000-000000000000/resourceGroups/cli_test_sb_namespace000001/providers/Microsoft.ServiceBus/namespaces/sb-nscli2000004","name":"sb-nscli2000004","type":"Microsoft.ServiceBus/Namespaces","location":"East
        US","tags":{},"identity":{"principalId":"c3a1b969-f100-4669-894a-6239c69d8896","tenantId":"72f988bf-86f1-41af-91ab-2d7cd011db47","type":"SystemAssigned,
        UserAssigned","userAssignedIdentities":{"/subscriptions/00000000-0000-0000-0000-000000000000/resourcegroups/cli_test_sb_namespace000001/providers/Microsoft.ManagedIdentity/userAssignedIdentities/sb-identity1000005":{},"/subscriptions/00000000-0000-0000-0000-000000000000/resourcegroups/cli_test_sb_namespace000001/providers/Microsoft.ManagedIdentity/userAssignedIdentities/sb-identity2000006":{}}},"properties":{"premiumMessagingPartitions":2,"minimumTlsVersion":"1.2","publicNetworkAccess":"Enabled","disableLocalAuth":false,"zoneRedundant":true,"provisioningState":"ActivatingIdentity","metricId":"326100e2-f69d-4268-8503-075374f62b6e:sb-nscli2000004","createdAt":"2023-02-20T18:36:08.687Z","updatedAt":"2023-02-20T18:37:31.16Z","serviceBusEndpoint":"https://sb-nscli2000004.servicebus.windows.net:443/","status":"Active"}}'
    headers:
      cache-control:
      - no-cache
      content-length:
      - '1277'
      content-type:
      - application/json; charset=utf-8
      date:
      - Mon, 20 Feb 2023 18:37:39 GMT
      expires:
      - '-1'
      pragma:
      - no-cache
      server:
      - Service-Bus-Resource-Provider/SN1
      - Microsoft-HTTPAPI/2.0
      server-sb:
      - Service-Bus-Resource-Provider/SN1
      strict-transport-security:
      - max-age=31536000; includeSubDomains
      transfer-encoding:
      - chunked
      vary:
      - Accept-Encoding
      x-content-type-options:
      - nosniff
    status:
      code: 200
      message: OK
- request:
    body: null
    headers:
      Accept:
      - '*/*'
      Accept-Encoding:
      - gzip, deflate
      CommandName:
      - servicebus namespace create
      Connection:
      - keep-alive
      ParameterSetName:
      - --resource-group --name --location --sku --mi-system-assigned --mi-user-assigned
        --capacity --zone-redundant --premium-messaging-partitions
      User-Agent:
      - AZURECLI/2.45.0 (AAZ) azsdk-python-core/1.24.0 Python/3.8.0 (Windows-10-10.0.19041-SP0)
    method: GET
    uri: https://management.azure.com/subscriptions/00000000-0000-0000-0000-000000000000/resourceGroups/cli_test_sb_namespace000001/providers/Microsoft.ServiceBus/namespaces/sb-nscli2000004?api-version=2022-10-01-preview
  response:
    body:
      string: '{"sku":{"name":"Premium","tier":"Premium","capacity":2},"id":"/subscriptions/00000000-0000-0000-0000-000000000000/resourceGroups/cli_test_sb_namespace000001/providers/Microsoft.ServiceBus/namespaces/sb-nscli2000004","name":"sb-nscli2000004","type":"Microsoft.ServiceBus/Namespaces","location":"East
        US","tags":{},"identity":{"principalId":"c3a1b969-f100-4669-894a-6239c69d8896","tenantId":"72f988bf-86f1-41af-91ab-2d7cd011db47","type":"SystemAssigned,
        UserAssigned","userAssignedIdentities":{"/subscriptions/00000000-0000-0000-0000-000000000000/resourcegroups/cli_test_sb_namespace000001/providers/Microsoft.ManagedIdentity/userAssignedIdentities/sb-identity1000005":{},"/subscriptions/00000000-0000-0000-0000-000000000000/resourcegroups/cli_test_sb_namespace000001/providers/Microsoft.ManagedIdentity/userAssignedIdentities/sb-identity2000006":{}}},"properties":{"premiumMessagingPartitions":2,"minimumTlsVersion":"1.2","publicNetworkAccess":"Enabled","disableLocalAuth":false,"zoneRedundant":true,"provisioningState":"ActivatingIdentity","metricId":"326100e2-f69d-4268-8503-075374f62b6e:sb-nscli2000004","createdAt":"2023-02-20T18:36:08.687Z","updatedAt":"2023-02-20T18:37:31.16Z","serviceBusEndpoint":"https://sb-nscli2000004.servicebus.windows.net:443/","status":"Active"}}'
    headers:
      cache-control:
      - no-cache
      content-length:
      - '1277'
      content-type:
      - application/json; charset=utf-8
      date:
      - Mon, 20 Feb 2023 18:38:09 GMT
      expires:
      - '-1'
      pragma:
      - no-cache
      server:
      - Service-Bus-Resource-Provider/SN1
      - Microsoft-HTTPAPI/2.0
      server-sb:
      - Service-Bus-Resource-Provider/SN1
      strict-transport-security:
      - max-age=31536000; includeSubDomains
      transfer-encoding:
      - chunked
      vary:
      - Accept-Encoding
      x-content-type-options:
      - nosniff
    status:
      code: 200
      message: OK
- request:
    body: null
    headers:
      Accept:
      - '*/*'
      Accept-Encoding:
      - gzip, deflate
      CommandName:
      - servicebus namespace create
      Connection:
      - keep-alive
      ParameterSetName:
      - --resource-group --name --location --sku --mi-system-assigned --mi-user-assigned
        --capacity --zone-redundant --premium-messaging-partitions
      User-Agent:
      - AZURECLI/2.45.0 (AAZ) azsdk-python-core/1.24.0 Python/3.8.0 (Windows-10-10.0.19041-SP0)
    method: GET
    uri: https://management.azure.com/subscriptions/00000000-0000-0000-0000-000000000000/resourceGroups/cli_test_sb_namespace000001/providers/Microsoft.ServiceBus/namespaces/sb-nscli2000004?api-version=2022-10-01-preview
  response:
    body:
      string: '{"sku":{"name":"Premium","tier":"Premium","capacity":2},"id":"/subscriptions/00000000-0000-0000-0000-000000000000/resourceGroups/cli_test_sb_namespace000001/providers/Microsoft.ServiceBus/namespaces/sb-nscli2000004","name":"sb-nscli2000004","type":"Microsoft.ServiceBus/Namespaces","location":"East
        US","tags":{},"identity":{"principalId":"c3a1b969-f100-4669-894a-6239c69d8896","tenantId":"72f988bf-86f1-41af-91ab-2d7cd011db47","type":"SystemAssigned,
        UserAssigned","userAssignedIdentities":{"/subscriptions/00000000-0000-0000-0000-000000000000/resourcegroups/cli_test_sb_namespace000001/providers/Microsoft.ManagedIdentity/userAssignedIdentities/sb-identity1000005":{},"/subscriptions/00000000-0000-0000-0000-000000000000/resourcegroups/cli_test_sb_namespace000001/providers/Microsoft.ManagedIdentity/userAssignedIdentities/sb-identity2000006":{}}},"properties":{"premiumMessagingPartitions":2,"minimumTlsVersion":"1.2","publicNetworkAccess":"Enabled","disableLocalAuth":false,"zoneRedundant":true,"provisioningState":"ActivatingIdentity","metricId":"326100e2-f69d-4268-8503-075374f62b6e:sb-nscli2000004","createdAt":"2023-02-20T18:36:08.687Z","updatedAt":"2023-02-20T18:37:31.16Z","serviceBusEndpoint":"https://sb-nscli2000004.servicebus.windows.net:443/","status":"Active"}}'
    headers:
      cache-control:
      - no-cache
      content-length:
      - '1277'
      content-type:
      - application/json; charset=utf-8
      date:
      - Mon, 20 Feb 2023 18:38:39 GMT
      expires:
      - '-1'
      pragma:
      - no-cache
      server:
      - Service-Bus-Resource-Provider/SN1
      - Microsoft-HTTPAPI/2.0
      server-sb:
      - Service-Bus-Resource-Provider/SN1
      strict-transport-security:
      - max-age=31536000; includeSubDomains
      transfer-encoding:
      - chunked
      vary:
      - Accept-Encoding
      x-content-type-options:
      - nosniff
    status:
      code: 200
      message: OK
- request:
    body: null
    headers:
      Accept:
      - '*/*'
      Accept-Encoding:
      - gzip, deflate
      CommandName:
      - servicebus namespace create
      Connection:
      - keep-alive
      ParameterSetName:
      - --resource-group --name --location --sku --mi-system-assigned --mi-user-assigned
        --capacity --zone-redundant --premium-messaging-partitions
      User-Agent:
      - AZURECLI/2.45.0 (AAZ) azsdk-python-core/1.24.0 Python/3.8.0 (Windows-10-10.0.19041-SP0)
    method: GET
    uri: https://management.azure.com/subscriptions/00000000-0000-0000-0000-000000000000/resourceGroups/cli_test_sb_namespace000001/providers/Microsoft.ServiceBus/namespaces/sb-nscli2000004?api-version=2022-10-01-preview
  response:
    body:
      string: '{"sku":{"name":"Premium","tier":"Premium","capacity":2},"id":"/subscriptions/00000000-0000-0000-0000-000000000000/resourceGroups/cli_test_sb_namespace000001/providers/Microsoft.ServiceBus/namespaces/sb-nscli2000004","name":"sb-nscli2000004","type":"Microsoft.ServiceBus/Namespaces","location":"East
        US","tags":{},"identity":{"principalId":"c3a1b969-f100-4669-894a-6239c69d8896","tenantId":"72f988bf-86f1-41af-91ab-2d7cd011db47","type":"SystemAssigned,
        UserAssigned","userAssignedIdentities":{"/subscriptions/00000000-0000-0000-0000-000000000000/resourcegroups/cli_test_sb_namespace000001/providers/Microsoft.ManagedIdentity/userAssignedIdentities/sb-identity1000005":{},"/subscriptions/00000000-0000-0000-0000-000000000000/resourcegroups/cli_test_sb_namespace000001/providers/Microsoft.ManagedIdentity/userAssignedIdentities/sb-identity2000006":{}}},"properties":{"premiumMessagingPartitions":2,"minimumTlsVersion":"1.2","publicNetworkAccess":"Enabled","disableLocalAuth":false,"zoneRedundant":true,"provisioningState":"ActivatingIdentity","metricId":"326100e2-f69d-4268-8503-075374f62b6e:sb-nscli2000004","createdAt":"2023-02-20T18:36:08.687Z","updatedAt":"2023-02-20T18:37:31.16Z","serviceBusEndpoint":"https://sb-nscli2000004.servicebus.windows.net:443/","status":"Active"}}'
    headers:
      cache-control:
      - no-cache
      content-length:
      - '1277'
      content-type:
      - application/json; charset=utf-8
      date:
      - Mon, 20 Feb 2023 18:39:10 GMT
      expires:
      - '-1'
      pragma:
      - no-cache
      server:
      - Service-Bus-Resource-Provider/SN1
      - Microsoft-HTTPAPI/2.0
      server-sb:
      - Service-Bus-Resource-Provider/SN1
      strict-transport-security:
      - max-age=31536000; includeSubDomains
      transfer-encoding:
      - chunked
      vary:
      - Accept-Encoding
      x-content-type-options:
      - nosniff
    status:
      code: 200
      message: OK
- request:
    body: null
    headers:
      Accept:
      - '*/*'
      Accept-Encoding:
      - gzip, deflate
      CommandName:
      - servicebus namespace create
      Connection:
      - keep-alive
      ParameterSetName:
      - --resource-group --name --location --sku --mi-system-assigned --mi-user-assigned
        --capacity --zone-redundant --premium-messaging-partitions
      User-Agent:
      - AZURECLI/2.45.0 (AAZ) azsdk-python-core/1.24.0 Python/3.8.0 (Windows-10-10.0.19041-SP0)
    method: GET
    uri: https://management.azure.com/subscriptions/00000000-0000-0000-0000-000000000000/resourceGroups/cli_test_sb_namespace000001/providers/Microsoft.ServiceBus/namespaces/sb-nscli2000004?api-version=2022-10-01-preview
  response:
    body:
      string: '{"sku":{"name":"Premium","tier":"Premium","capacity":2},"id":"/subscriptions/00000000-0000-0000-0000-000000000000/resourceGroups/cli_test_sb_namespace000001/providers/Microsoft.ServiceBus/namespaces/sb-nscli2000004","name":"sb-nscli2000004","type":"Microsoft.ServiceBus/Namespaces","location":"East
        US","tags":{},"identity":{"principalId":"c3a1b969-f100-4669-894a-6239c69d8896","tenantId":"72f988bf-86f1-41af-91ab-2d7cd011db47","type":"SystemAssigned,
        UserAssigned","userAssignedIdentities":{"/subscriptions/00000000-0000-0000-0000-000000000000/resourcegroups/cli_test_sb_namespace000001/providers/Microsoft.ManagedIdentity/userAssignedIdentities/sb-identity1000005":{},"/subscriptions/00000000-0000-0000-0000-000000000000/resourcegroups/cli_test_sb_namespace000001/providers/Microsoft.ManagedIdentity/userAssignedIdentities/sb-identity2000006":{}}},"properties":{"premiumMessagingPartitions":2,"minimumTlsVersion":"1.2","publicNetworkAccess":"Enabled","disableLocalAuth":false,"zoneRedundant":true,"provisioningState":"ActivatingIdentity","metricId":"326100e2-f69d-4268-8503-075374f62b6e:sb-nscli2000004","createdAt":"2023-02-20T18:36:08.687Z","updatedAt":"2023-02-20T18:37:31.16Z","serviceBusEndpoint":"https://sb-nscli2000004.servicebus.windows.net:443/","status":"Active"}}'
    headers:
      cache-control:
      - no-cache
      content-length:
      - '1277'
      content-type:
      - application/json; charset=utf-8
      date:
      - Mon, 20 Feb 2023 18:39:40 GMT
      expires:
      - '-1'
      pragma:
      - no-cache
      server:
      - Service-Bus-Resource-Provider/SN1
      - Microsoft-HTTPAPI/2.0
      server-sb:
      - Service-Bus-Resource-Provider/SN1
      strict-transport-security:
      - max-age=31536000; includeSubDomains
      transfer-encoding:
      - chunked
      vary:
      - Accept-Encoding
      x-content-type-options:
      - nosniff
    status:
      code: 200
      message: OK
- request:
    body: null
    headers:
      Accept:
      - '*/*'
      Accept-Encoding:
      - gzip, deflate
      CommandName:
      - servicebus namespace create
      Connection:
      - keep-alive
      ParameterSetName:
      - --resource-group --name --location --sku --mi-system-assigned --mi-user-assigned
        --capacity --zone-redundant --premium-messaging-partitions
      User-Agent:
      - AZURECLI/2.45.0 (AAZ) azsdk-python-core/1.24.0 Python/3.8.0 (Windows-10-10.0.19041-SP0)
    method: GET
    uri: https://management.azure.com/subscriptions/00000000-0000-0000-0000-000000000000/resourceGroups/cli_test_sb_namespace000001/providers/Microsoft.ServiceBus/namespaces/sb-nscli2000004?api-version=2022-10-01-preview
  response:
    body:
      string: '{"sku":{"name":"Premium","tier":"Premium","capacity":2},"id":"/subscriptions/00000000-0000-0000-0000-000000000000/resourceGroups/cli_test_sb_namespace000001/providers/Microsoft.ServiceBus/namespaces/sb-nscli2000004","name":"sb-nscli2000004","type":"Microsoft.ServiceBus/Namespaces","location":"East
        US","tags":{},"identity":{"principalId":"c3a1b969-f100-4669-894a-6239c69d8896","tenantId":"72f988bf-86f1-41af-91ab-2d7cd011db47","type":"SystemAssigned,
        UserAssigned","userAssignedIdentities":{"/subscriptions/00000000-0000-0000-0000-000000000000/resourcegroups/cli_test_sb_namespace000001/providers/Microsoft.ManagedIdentity/userAssignedIdentities/sb-identity1000005":{},"/subscriptions/00000000-0000-0000-0000-000000000000/resourcegroups/cli_test_sb_namespace000001/providers/Microsoft.ManagedIdentity/userAssignedIdentities/sb-identity2000006":{}}},"properties":{"premiumMessagingPartitions":2,"minimumTlsVersion":"1.2","publicNetworkAccess":"Enabled","disableLocalAuth":false,"zoneRedundant":true,"provisioningState":"ActivatingIdentity","metricId":"326100e2-f69d-4268-8503-075374f62b6e:sb-nscli2000004","createdAt":"2023-02-20T18:36:08.687Z","updatedAt":"2023-02-20T18:37:31.16Z","serviceBusEndpoint":"https://sb-nscli2000004.servicebus.windows.net:443/","status":"Active"}}'
    headers:
      cache-control:
      - no-cache
      content-length:
      - '1277'
      content-type:
      - application/json; charset=utf-8
      date:
      - Mon, 20 Feb 2023 18:40:11 GMT
      expires:
      - '-1'
      pragma:
      - no-cache
      server:
      - Service-Bus-Resource-Provider/SN1
      - Microsoft-HTTPAPI/2.0
      server-sb:
      - Service-Bus-Resource-Provider/SN1
      strict-transport-security:
      - max-age=31536000; includeSubDomains
      transfer-encoding:
      - chunked
      vary:
      - Accept-Encoding
      x-content-type-options:
      - nosniff
    status:
      code: 200
      message: OK
- request:
    body: null
    headers:
      Accept:
      - '*/*'
      Accept-Encoding:
      - gzip, deflate
      CommandName:
      - servicebus namespace create
      Connection:
      - keep-alive
      ParameterSetName:
      - --resource-group --name --location --sku --mi-system-assigned --mi-user-assigned
        --capacity --zone-redundant --premium-messaging-partitions
      User-Agent:
      - AZURECLI/2.45.0 (AAZ) azsdk-python-core/1.24.0 Python/3.8.0 (Windows-10-10.0.19041-SP0)
    method: GET
    uri: https://management.azure.com/subscriptions/00000000-0000-0000-0000-000000000000/resourceGroups/cli_test_sb_namespace000001/providers/Microsoft.ServiceBus/namespaces/sb-nscli2000004?api-version=2022-10-01-preview
  response:
    body:
      string: '{"sku":{"name":"Premium","tier":"Premium","capacity":2},"id":"/subscriptions/00000000-0000-0000-0000-000000000000/resourceGroups/cli_test_sb_namespace000001/providers/Microsoft.ServiceBus/namespaces/sb-nscli2000004","name":"sb-nscli2000004","type":"Microsoft.ServiceBus/Namespaces","location":"East
        US","tags":{},"identity":{"principalId":"c3a1b969-f100-4669-894a-6239c69d8896","tenantId":"72f988bf-86f1-41af-91ab-2d7cd011db47","type":"SystemAssigned,
        UserAssigned","userAssignedIdentities":{"/subscriptions/00000000-0000-0000-0000-000000000000/resourcegroups/cli_test_sb_namespace000001/providers/Microsoft.ManagedIdentity/userAssignedIdentities/sb-identity1000005":{},"/subscriptions/00000000-0000-0000-0000-000000000000/resourcegroups/cli_test_sb_namespace000001/providers/Microsoft.ManagedIdentity/userAssignedIdentities/sb-identity2000006":{}}},"properties":{"premiumMessagingPartitions":2,"minimumTlsVersion":"1.2","publicNetworkAccess":"Enabled","disableLocalAuth":false,"zoneRedundant":true,"provisioningState":"ActivatingIdentity","metricId":"326100e2-f69d-4268-8503-075374f62b6e:sb-nscli2000004","createdAt":"2023-02-20T18:36:08.687Z","updatedAt":"2023-02-20T18:37:31.16Z","serviceBusEndpoint":"https://sb-nscli2000004.servicebus.windows.net:443/","status":"Active"}}'
    headers:
      cache-control:
      - no-cache
      content-length:
      - '1277'
      content-type:
      - application/json; charset=utf-8
      date:
      - Mon, 20 Feb 2023 18:40:41 GMT
      expires:
      - '-1'
      pragma:
      - no-cache
      server:
      - Service-Bus-Resource-Provider/SN1
      - Microsoft-HTTPAPI/2.0
      server-sb:
      - Service-Bus-Resource-Provider/SN1
      strict-transport-security:
      - max-age=31536000; includeSubDomains
      transfer-encoding:
      - chunked
      vary:
      - Accept-Encoding
      x-content-type-options:
      - nosniff
    status:
      code: 200
      message: OK
- request:
    body: null
    headers:
      Accept:
      - '*/*'
      Accept-Encoding:
      - gzip, deflate
      CommandName:
      - servicebus namespace create
      Connection:
      - keep-alive
      ParameterSetName:
      - --resource-group --name --location --sku --mi-system-assigned --mi-user-assigned
        --capacity --zone-redundant --premium-messaging-partitions
      User-Agent:
      - AZURECLI/2.45.0 (AAZ) azsdk-python-core/1.24.0 Python/3.8.0 (Windows-10-10.0.19041-SP0)
    method: GET
    uri: https://management.azure.com/subscriptions/00000000-0000-0000-0000-000000000000/resourceGroups/cli_test_sb_namespace000001/providers/Microsoft.ServiceBus/namespaces/sb-nscli2000004?api-version=2022-10-01-preview
  response:
    body:
      string: '{"sku":{"name":"Premium","tier":"Premium","capacity":2},"id":"/subscriptions/00000000-0000-0000-0000-000000000000/resourceGroups/cli_test_sb_namespace000001/providers/Microsoft.ServiceBus/namespaces/sb-nscli2000004","name":"sb-nscli2000004","type":"Microsoft.ServiceBus/Namespaces","location":"East
        US","tags":{},"identity":{"principalId":"c3a1b969-f100-4669-894a-6239c69d8896","tenantId":"72f988bf-86f1-41af-91ab-2d7cd011db47","type":"SystemAssigned,
        UserAssigned","userAssignedIdentities":{"/subscriptions/00000000-0000-0000-0000-000000000000/resourcegroups/cli_test_sb_namespace000001/providers/Microsoft.ManagedIdentity/userAssignedIdentities/sb-identity1000005":{},"/subscriptions/00000000-0000-0000-0000-000000000000/resourcegroups/cli_test_sb_namespace000001/providers/Microsoft.ManagedIdentity/userAssignedIdentities/sb-identity2000006":{}}},"properties":{"premiumMessagingPartitions":2,"minimumTlsVersion":"1.2","publicNetworkAccess":"Enabled","disableLocalAuth":false,"zoneRedundant":true,"provisioningState":"ActivatingIdentity","metricId":"326100e2-f69d-4268-8503-075374f62b6e:sb-nscli2000004","createdAt":"2023-02-20T18:36:08.687Z","updatedAt":"2023-02-20T18:37:31.16Z","serviceBusEndpoint":"https://sb-nscli2000004.servicebus.windows.net:443/","status":"Active"}}'
    headers:
      cache-control:
      - no-cache
      content-length:
      - '1277'
      content-type:
      - application/json; charset=utf-8
      date:
      - Mon, 20 Feb 2023 18:41:12 GMT
      expires:
      - '-1'
      pragma:
      - no-cache
      server:
      - Service-Bus-Resource-Provider/SN1
      - Microsoft-HTTPAPI/2.0
      server-sb:
      - Service-Bus-Resource-Provider/SN1
      strict-transport-security:
      - max-age=31536000; includeSubDomains
      transfer-encoding:
      - chunked
      vary:
      - Accept-Encoding
      x-content-type-options:
      - nosniff
    status:
      code: 200
      message: OK
- request:
    body: null
    headers:
      Accept:
      - '*/*'
      Accept-Encoding:
      - gzip, deflate
      CommandName:
      - servicebus namespace create
      Connection:
      - keep-alive
      ParameterSetName:
      - --resource-group --name --location --sku --mi-system-assigned --mi-user-assigned
        --capacity --zone-redundant --premium-messaging-partitions
      User-Agent:
      - AZURECLI/2.45.0 (AAZ) azsdk-python-core/1.24.0 Python/3.8.0 (Windows-10-10.0.19041-SP0)
    method: GET
    uri: https://management.azure.com/subscriptions/00000000-0000-0000-0000-000000000000/resourceGroups/cli_test_sb_namespace000001/providers/Microsoft.ServiceBus/namespaces/sb-nscli2000004?api-version=2022-10-01-preview
  response:
    body:
      string: '{"sku":{"name":"Premium","tier":"Premium","capacity":2},"id":"/subscriptions/00000000-0000-0000-0000-000000000000/resourceGroups/cli_test_sb_namespace000001/providers/Microsoft.ServiceBus/namespaces/sb-nscli2000004","name":"sb-nscli2000004","type":"Microsoft.ServiceBus/Namespaces","location":"East
        US","tags":{},"identity":{"principalId":"c3a1b969-f100-4669-894a-6239c69d8896","tenantId":"72f988bf-86f1-41af-91ab-2d7cd011db47","type":"SystemAssigned,
        UserAssigned","userAssignedIdentities":{"/subscriptions/00000000-0000-0000-0000-000000000000/resourcegroups/cli_test_sb_namespace000001/providers/Microsoft.ManagedIdentity/userAssignedIdentities/sb-identity1000005":{},"/subscriptions/00000000-0000-0000-0000-000000000000/resourcegroups/cli_test_sb_namespace000001/providers/Microsoft.ManagedIdentity/userAssignedIdentities/sb-identity2000006":{}}},"properties":{"premiumMessagingPartitions":2,"minimumTlsVersion":"1.2","publicNetworkAccess":"Enabled","disableLocalAuth":false,"zoneRedundant":true,"provisioningState":"ActivatingIdentity","metricId":"326100e2-f69d-4268-8503-075374f62b6e:sb-nscli2000004","createdAt":"2023-02-20T18:36:08.687Z","updatedAt":"2023-02-20T18:37:31.16Z","serviceBusEndpoint":"https://sb-nscli2000004.servicebus.windows.net:443/","status":"Active"}}'
    headers:
      cache-control:
      - no-cache
      content-length:
      - '1277'
      content-type:
      - application/json; charset=utf-8
      date:
      - Mon, 20 Feb 2023 18:41:42 GMT
      expires:
      - '-1'
      pragma:
      - no-cache
      server:
      - Service-Bus-Resource-Provider/SN1
      - Microsoft-HTTPAPI/2.0
      server-sb:
      - Service-Bus-Resource-Provider/SN1
      strict-transport-security:
      - max-age=31536000; includeSubDomains
      transfer-encoding:
      - chunked
      vary:
      - Accept-Encoding
      x-content-type-options:
      - nosniff
    status:
      code: 200
      message: OK
- request:
    body: null
    headers:
      Accept:
      - '*/*'
      Accept-Encoding:
      - gzip, deflate
      CommandName:
      - servicebus namespace create
      Connection:
      - keep-alive
      ParameterSetName:
      - --resource-group --name --location --sku --mi-system-assigned --mi-user-assigned
        --capacity --zone-redundant --premium-messaging-partitions
      User-Agent:
      - AZURECLI/2.45.0 (AAZ) azsdk-python-core/1.24.0 Python/3.8.0 (Windows-10-10.0.19041-SP0)
    method: GET
    uri: https://management.azure.com/subscriptions/00000000-0000-0000-0000-000000000000/resourceGroups/cli_test_sb_namespace000001/providers/Microsoft.ServiceBus/namespaces/sb-nscli2000004?api-version=2022-10-01-preview
  response:
    body:
      string: '{"sku":{"name":"Premium","tier":"Premium","capacity":2},"id":"/subscriptions/00000000-0000-0000-0000-000000000000/resourceGroups/cli_test_sb_namespace000001/providers/Microsoft.ServiceBus/namespaces/sb-nscli2000004","name":"sb-nscli2000004","type":"Microsoft.ServiceBus/Namespaces","location":"East
        US","tags":{},"identity":{"principalId":"c3a1b969-f100-4669-894a-6239c69d8896","tenantId":"72f988bf-86f1-41af-91ab-2d7cd011db47","type":"SystemAssigned,
        UserAssigned","userAssignedIdentities":{"/subscriptions/00000000-0000-0000-0000-000000000000/resourcegroups/cli_test_sb_namespace000001/providers/Microsoft.ManagedIdentity/userAssignedIdentities/sb-identity1000005":{},"/subscriptions/00000000-0000-0000-0000-000000000000/resourcegroups/cli_test_sb_namespace000001/providers/Microsoft.ManagedIdentity/userAssignedIdentities/sb-identity2000006":{}}},"properties":{"premiumMessagingPartitions":2,"minimumTlsVersion":"1.2","publicNetworkAccess":"Enabled","disableLocalAuth":false,"zoneRedundant":true,"provisioningState":"ActivatingIdentity","metricId":"326100e2-f69d-4268-8503-075374f62b6e:sb-nscli2000004","createdAt":"2023-02-20T18:36:08.687Z","updatedAt":"2023-02-20T18:37:31.16Z","serviceBusEndpoint":"https://sb-nscli2000004.servicebus.windows.net:443/","status":"Active"}}'
    headers:
      cache-control:
      - no-cache
      content-length:
      - '1277'
      content-type:
      - application/json; charset=utf-8
      date:
      - Mon, 20 Feb 2023 18:42:13 GMT
      expires:
      - '-1'
      pragma:
      - no-cache
      server:
      - Service-Bus-Resource-Provider/SN1
      - Microsoft-HTTPAPI/2.0
      server-sb:
      - Service-Bus-Resource-Provider/SN1
      strict-transport-security:
      - max-age=31536000; includeSubDomains
      transfer-encoding:
      - chunked
      vary:
      - Accept-Encoding
      x-content-type-options:
      - nosniff
    status:
      code: 200
      message: OK
- request:
    body: null
    headers:
      Accept:
      - '*/*'
      Accept-Encoding:
      - gzip, deflate
      CommandName:
      - servicebus namespace create
      Connection:
      - keep-alive
      ParameterSetName:
      - --resource-group --name --location --sku --mi-system-assigned --mi-user-assigned
        --capacity --zone-redundant --premium-messaging-partitions
      User-Agent:
      - AZURECLI/2.45.0 (AAZ) azsdk-python-core/1.24.0 Python/3.8.0 (Windows-10-10.0.19041-SP0)
    method: GET
    uri: https://management.azure.com/subscriptions/00000000-0000-0000-0000-000000000000/resourceGroups/cli_test_sb_namespace000001/providers/Microsoft.ServiceBus/namespaces/sb-nscli2000004?api-version=2022-10-01-preview
  response:
    body:
      string: '{"sku":{"name":"Premium","tier":"Premium","capacity":2},"id":"/subscriptions/00000000-0000-0000-0000-000000000000/resourceGroups/cli_test_sb_namespace000001/providers/Microsoft.ServiceBus/namespaces/sb-nscli2000004","name":"sb-nscli2000004","type":"Microsoft.ServiceBus/Namespaces","location":"East
        US","tags":{},"identity":{"principalId":"c3a1b969-f100-4669-894a-6239c69d8896","tenantId":"72f988bf-86f1-41af-91ab-2d7cd011db47","type":"SystemAssigned,
        UserAssigned","userAssignedIdentities":{"/subscriptions/00000000-0000-0000-0000-000000000000/resourcegroups/cli_test_sb_namespace000001/providers/Microsoft.ManagedIdentity/userAssignedIdentities/sb-identity1000005":{},"/subscriptions/00000000-0000-0000-0000-000000000000/resourcegroups/cli_test_sb_namespace000001/providers/Microsoft.ManagedIdentity/userAssignedIdentities/sb-identity2000006":{}}},"properties":{"premiumMessagingPartitions":2,"minimumTlsVersion":"1.2","publicNetworkAccess":"Enabled","disableLocalAuth":false,"zoneRedundant":true,"provisioningState":"ActivatingIdentity","metricId":"326100e2-f69d-4268-8503-075374f62b6e:sb-nscli2000004","createdAt":"2023-02-20T18:36:08.687Z","updatedAt":"2023-02-20T18:37:31.16Z","serviceBusEndpoint":"https://sb-nscli2000004.servicebus.windows.net:443/","status":"Active"}}'
    headers:
      cache-control:
      - no-cache
      content-length:
      - '1277'
      content-type:
      - application/json; charset=utf-8
      date:
      - Mon, 20 Feb 2023 18:42:43 GMT
      expires:
      - '-1'
      pragma:
      - no-cache
      server:
      - Service-Bus-Resource-Provider/SN1
      - Microsoft-HTTPAPI/2.0
      server-sb:
      - Service-Bus-Resource-Provider/SN1
      strict-transport-security:
      - max-age=31536000; includeSubDomains
      transfer-encoding:
      - chunked
      vary:
      - Accept-Encoding
      x-content-type-options:
      - nosniff
    status:
      code: 200
      message: OK
- request:
    body: null
    headers:
      Accept:
      - '*/*'
      Accept-Encoding:
      - gzip, deflate
      CommandName:
      - servicebus namespace create
      Connection:
      - keep-alive
      ParameterSetName:
      - --resource-group --name --location --sku --mi-system-assigned --mi-user-assigned
        --capacity --zone-redundant --premium-messaging-partitions
      User-Agent:
      - AZURECLI/2.45.0 (AAZ) azsdk-python-core/1.24.0 Python/3.8.0 (Windows-10-10.0.19041-SP0)
    method: GET
    uri: https://management.azure.com/subscriptions/00000000-0000-0000-0000-000000000000/resourceGroups/cli_test_sb_namespace000001/providers/Microsoft.ServiceBus/namespaces/sb-nscli2000004?api-version=2022-10-01-preview
  response:
    body:
      string: '{"sku":{"name":"Premium","tier":"Premium","capacity":2},"id":"/subscriptions/00000000-0000-0000-0000-000000000000/resourceGroups/cli_test_sb_namespace000001/providers/Microsoft.ServiceBus/namespaces/sb-nscli2000004","name":"sb-nscli2000004","type":"Microsoft.ServiceBus/Namespaces","location":"East
        US","tags":{},"identity":{"principalId":"c3a1b969-f100-4669-894a-6239c69d8896","tenantId":"72f988bf-86f1-41af-91ab-2d7cd011db47","type":"SystemAssigned,
        UserAssigned","userAssignedIdentities":{"/subscriptions/00000000-0000-0000-0000-000000000000/resourcegroups/cli_test_sb_namespace000001/providers/Microsoft.ManagedIdentity/userAssignedIdentities/sb-identity1000005":{},"/subscriptions/00000000-0000-0000-0000-000000000000/resourcegroups/cli_test_sb_namespace000001/providers/Microsoft.ManagedIdentity/userAssignedIdentities/sb-identity2000006":{}}},"properties":{"premiumMessagingPartitions":2,"minimumTlsVersion":"1.2","publicNetworkAccess":"Enabled","disableLocalAuth":false,"zoneRedundant":true,"provisioningState":"ActivatingIdentity","metricId":"326100e2-f69d-4268-8503-075374f62b6e:sb-nscli2000004","createdAt":"2023-02-20T18:36:08.687Z","updatedAt":"2023-02-20T18:37:31.16Z","serviceBusEndpoint":"https://sb-nscli2000004.servicebus.windows.net:443/","status":"Active"}}'
    headers:
      cache-control:
      - no-cache
      content-length:
      - '1277'
      content-type:
      - application/json; charset=utf-8
      date:
      - Mon, 20 Feb 2023 18:43:13 GMT
      expires:
      - '-1'
      pragma:
      - no-cache
      server:
      - Service-Bus-Resource-Provider/SN1
      - Microsoft-HTTPAPI/2.0
      server-sb:
      - Service-Bus-Resource-Provider/SN1
      strict-transport-security:
      - max-age=31536000; includeSubDomains
      transfer-encoding:
      - chunked
      vary:
      - Accept-Encoding
      x-content-type-options:
      - nosniff
    status:
      code: 200
      message: OK
- request:
    body: null
    headers:
      Accept:
      - '*/*'
      Accept-Encoding:
      - gzip, deflate
      CommandName:
      - servicebus namespace create
      Connection:
      - keep-alive
      ParameterSetName:
      - --resource-group --name --location --sku --mi-system-assigned --mi-user-assigned
        --capacity --zone-redundant --premium-messaging-partitions
      User-Agent:
      - AZURECLI/2.45.0 (AAZ) azsdk-python-core/1.24.0 Python/3.8.0 (Windows-10-10.0.19041-SP0)
    method: GET
    uri: https://management.azure.com/subscriptions/00000000-0000-0000-0000-000000000000/resourceGroups/cli_test_sb_namespace000001/providers/Microsoft.ServiceBus/namespaces/sb-nscli2000004?api-version=2022-10-01-preview
  response:
    body:
      string: '{"sku":{"name":"Premium","tier":"Premium","capacity":2},"id":"/subscriptions/00000000-0000-0000-0000-000000000000/resourceGroups/cli_test_sb_namespace000001/providers/Microsoft.ServiceBus/namespaces/sb-nscli2000004","name":"sb-nscli2000004","type":"Microsoft.ServiceBus/Namespaces","location":"East
        US","tags":{},"identity":{"principalId":"c3a1b969-f100-4669-894a-6239c69d8896","tenantId":"72f988bf-86f1-41af-91ab-2d7cd011db47","type":"SystemAssigned,
        UserAssigned","userAssignedIdentities":{"/subscriptions/00000000-0000-0000-0000-000000000000/resourcegroups/cli_test_sb_namespace000001/providers/Microsoft.ManagedIdentity/userAssignedIdentities/sb-identity1000005":{"clientId":"0b0429d1-588a-49e9-bd83-43bd3918e030","principalId":"126f61b9-b9cf-4fe7-8477-a32e3d69caca"},"/subscriptions/00000000-0000-0000-0000-000000000000/resourcegroups/cli_test_sb_namespace000001/providers/Microsoft.ManagedIdentity/userAssignedIdentities/sb-identity2000006":{"clientId":"59e09d90-2616-452d-8ab6-6e50dcea84b4","principalId":"3ec7baef-235e-4619-a17f-d7a88cb13249"}}},"properties":{"premiumMessagingPartitions":2,"minimumTlsVersion":"1.2","publicNetworkAccess":"Enabled","disableLocalAuth":false,"zoneRedundant":true,"provisioningState":"Succeeded","metricId":"326100e2-f69d-4268-8503-075374f62b6e:sb-nscli2000004","createdAt":"2023-02-20T18:36:08.687Z","updatedAt":"2023-02-20T18:43:21.77Z","serviceBusEndpoint":"https://sb-nscli2000004.servicebus.windows.net:443/","status":"Active"}}'
    headers:
      cache-control:
      - no-cache
      content-length:
      - '1472'
      content-type:
      - application/json; charset=utf-8
      date:
      - Mon, 20 Feb 2023 18:43:43 GMT
      expires:
      - '-1'
      pragma:
      - no-cache
      server:
      - Service-Bus-Resource-Provider/SN1
      - Microsoft-HTTPAPI/2.0
      server-sb:
      - Service-Bus-Resource-Provider/SN1
      strict-transport-security:
      - max-age=31536000; includeSubDomains
      transfer-encoding:
      - chunked
      vary:
      - Accept-Encoding
      x-content-type-options:
      - nosniff
    status:
      code: 200
      message: OK
- request:
    body: null
    headers:
      Accept:
      - '*/*'
      Accept-Encoding:
      - gzip, deflate
      CommandName:
      - servicebus namespace delete
      Connection:
      - keep-alive
      Content-Length:
      - '0'
      ParameterSetName:
      - --resource-group --name --yes
      User-Agent:
      - AZURECLI/2.45.0 (AAZ) azsdk-python-core/1.24.0 Python/3.8.0 (Windows-10-10.0.19041-SP0)
    method: DELETE
    uri: https://management.azure.com/subscriptions/00000000-0000-0000-0000-000000000000/resourceGroups/cli_test_sb_namespace000001/providers/Microsoft.ServiceBus/namespaces/sb-nscli000002?api-version=2022-10-01-preview
  response:
    body:
      string: ''
    headers:
      cache-control:
      - no-cache
      content-length:
      - '0'
      date:
      - Mon, 20 Feb 2023 18:43:45 GMT
      expires:
      - '-1'
      location:
      - https://management.azure.com/subscriptions/00000000-0000-0000-0000-000000000000/resourcegroups/cli_test_sb_namespace000001/providers/Microsoft.ServiceBus/locations/eastus/operationStatus/sb-nscli000002?api-version=2022-10-01-preview&resourceType=Namespace
      pragma:
      - no-cache
      server:
      - Service-Bus-Resource-Provider/SN1
      - Microsoft-HTTPAPI/2.0
      server-sb:
      - Service-Bus-Resource-Provider/SN1
      strict-transport-security:
      - max-age=31536000; includeSubDomains
      x-content-type-options:
      - nosniff
      x-ms-ratelimit-remaining-subscription-deletes:
      - '14999'
    status:
      code: 202
      message: Accepted
- request:
    body: null
    headers:
      Accept:
      - '*/*'
      Accept-Encoding:
      - gzip, deflate
      CommandName:
      - servicebus namespace delete
      Connection:
      - keep-alive
      ParameterSetName:
      - --resource-group --name --yes
      User-Agent:
      - AZURECLI/2.45.0 (AAZ) azsdk-python-core/1.24.0 Python/3.8.0 (Windows-10-10.0.19041-SP0)
    method: GET
    uri: https://management.azure.com/subscriptions/00000000-0000-0000-0000-000000000000/resourcegroups/cli_test_sb_namespace000001/providers/Microsoft.ServiceBus/locations/eastus/operationStatus/sb-nscli000002?api-version=2022-10-01-preview&resourceType=Namespace
  response:
    body:
      string: ''
    headers:
      cache-control:
      - no-cache
      date:
      - Mon, 20 Feb 2023 18:44:15 GMT
      expires:
      - '-1'
      pragma:
      - no-cache
      server:
      - Service-Bus-Resource-Provider/SN1
      - Microsoft-HTTPAPI/2.0
      server-sb:
      - Service-Bus-Resource-Provider/SN1
      strict-transport-security:
      - max-age=31536000; includeSubDomains
      x-content-type-options:
      - nosniff
    status:
      code: 204
      message: No Content
- request:
    body: null
    headers:
      Accept:
      - '*/*'
      Accept-Encoding:
      - gzip, deflate
      CommandName:
      - servicebus namespace delete
      Connection:
      - keep-alive
      Content-Length:
      - '0'
      ParameterSetName:
      - --resource-group --name --yes
      User-Agent:
      - AZURECLI/2.45.0 (AAZ) azsdk-python-core/1.24.0 Python/3.8.0 (Windows-10-10.0.19041-SP0)
    method: DELETE
    uri: https://management.azure.com/subscriptions/00000000-0000-0000-0000-000000000000/resourceGroups/cli_test_sb_namespace000001/providers/Microsoft.ServiceBus/namespaces/sb-nscli1000003?api-version=2022-10-01-preview
  response:
    body:
      string: ''
    headers:
      cache-control:
      - no-cache
      content-length:
      - '0'
      date:
      - Mon, 20 Feb 2023 18:44:17 GMT
      expires:
      - '-1'
      location:
      - https://management.azure.com/subscriptions/00000000-0000-0000-0000-000000000000/resourcegroups/cli_test_sb_namespace000001/providers/Microsoft.ServiceBus/locations/eastus/operationStatus/sb-nscli1000003?api-version=2022-10-01-preview&resourceType=Namespace
      pragma:
      - no-cache
      server:
      - Service-Bus-Resource-Provider/SN1
      - Microsoft-HTTPAPI/2.0
      server-sb:
      - Service-Bus-Resource-Provider/SN1
      strict-transport-security:
      - max-age=31536000; includeSubDomains
      x-content-type-options:
      - nosniff
      x-ms-ratelimit-remaining-subscription-deletes:
      - '14998'
    status:
      code: 202
      message: Accepted
- request:
    body: null
    headers:
      Accept:
      - '*/*'
      Accept-Encoding:
      - gzip, deflate
      CommandName:
      - servicebus namespace delete
      Connection:
      - keep-alive
      ParameterSetName:
      - --resource-group --name --yes
      User-Agent:
      - AZURECLI/2.45.0 (AAZ) azsdk-python-core/1.24.0 Python/3.8.0 (Windows-10-10.0.19041-SP0)
    method: GET
    uri: https://management.azure.com/subscriptions/00000000-0000-0000-0000-000000000000/resourcegroups/cli_test_sb_namespace000001/providers/Microsoft.ServiceBus/locations/eastus/operationStatus/sb-nscli1000003?api-version=2022-10-01-preview&resourceType=Namespace
  response:
    body:
      string: ''
    headers:
      cache-control:
      - no-cache
      content-length:
      - '0'
      date:
      - Mon, 20 Feb 2023 18:44:47 GMT
      expires:
      - '-1'
      location:
      - https://management.azure.com/subscriptions/00000000-0000-0000-0000-000000000000/resourcegroups/cli_test_sb_namespace000001/providers/Microsoft.ServiceBus/locations/eastus/operationStatus/sb-nscli1000003?api-version=2022-10-01-preview&resourceType=Namespace
      pragma:
      - no-cache
      server:
      - Service-Bus-Resource-Provider/SN1
      - Microsoft-HTTPAPI/2.0
      server-sb:
      - Service-Bus-Resource-Provider/SN1
      strict-transport-security:
      - max-age=31536000; includeSubDomains
      x-content-type-options:
      - nosniff
    status:
      code: 202
      message: Accepted
- request:
    body: null
    headers:
      Accept:
      - '*/*'
      Accept-Encoding:
      - gzip, deflate
      CommandName:
      - servicebus namespace delete
      Connection:
      - keep-alive
      ParameterSetName:
      - --resource-group --name --yes
      User-Agent:
      - AZURECLI/2.45.0 (AAZ) azsdk-python-core/1.24.0 Python/3.8.0 (Windows-10-10.0.19041-SP0)
    method: GET
    uri: https://management.azure.com/subscriptions/00000000-0000-0000-0000-000000000000/resourcegroups/cli_test_sb_namespace000001/providers/Microsoft.ServiceBus/locations/eastus/operationStatus/sb-nscli1000003?api-version=2022-10-01-preview&resourceType=Namespace
  response:
    body:
      string: ''
    headers:
      cache-control:
      - no-cache
      content-length:
      - '0'
      date:
      - Mon, 20 Feb 2023 18:45:18 GMT
      expires:
      - '-1'
      location:
      - https://management.azure.com/subscriptions/00000000-0000-0000-0000-000000000000/resourcegroups/cli_test_sb_namespace000001/providers/Microsoft.ServiceBus/locations/eastus/operationStatus/sb-nscli1000003?api-version=2022-10-01-preview&resourceType=Namespace
      pragma:
      - no-cache
      server:
      - Service-Bus-Resource-Provider/SN1
      - Microsoft-HTTPAPI/2.0
      server-sb:
      - Service-Bus-Resource-Provider/SN1
      strict-transport-security:
      - max-age=31536000; includeSubDomains
      x-content-type-options:
      - nosniff
    status:
      code: 202
      message: Accepted
- request:
    body: null
    headers:
      Accept:
      - '*/*'
      Accept-Encoding:
      - gzip, deflate
      CommandName:
      - servicebus namespace delete
      Connection:
      - keep-alive
      ParameterSetName:
      - --resource-group --name --yes
      User-Agent:
      - AZURECLI/2.45.0 (AAZ) azsdk-python-core/1.24.0 Python/3.8.0 (Windows-10-10.0.19041-SP0)
    method: GET
    uri: https://management.azure.com/subscriptions/00000000-0000-0000-0000-000000000000/resourcegroups/cli_test_sb_namespace000001/providers/Microsoft.ServiceBus/locations/eastus/operationStatus/sb-nscli1000003?api-version=2022-10-01-preview&resourceType=Namespace
  response:
    body:
      string: ''
    headers:
      cache-control:
      - no-cache
      date:
      - Mon, 20 Feb 2023 18:45:48 GMT
      expires:
      - '-1'
      pragma:
      - no-cache
      server:
      - Service-Bus-Resource-Provider/SN1
      - Microsoft-HTTPAPI/2.0
      server-sb:
      - Service-Bus-Resource-Provider/SN1
      strict-transport-security:
      - max-age=31536000; includeSubDomains
      x-content-type-options:
      - nosniff
    status:
      code: 204
      message: No Content
- request:
    body: null
    headers:
      Accept:
      - '*/*'
      Accept-Encoding:
      - gzip, deflate
      CommandName:
      - servicebus namespace delete
      Connection:
      - keep-alive
      Content-Length:
      - '0'
      ParameterSetName:
      - --resource-group --name --yes
      User-Agent:
      - AZURECLI/2.45.0 (AAZ) azsdk-python-core/1.24.0 Python/3.8.0 (Windows-10-10.0.19041-SP0)
    method: DELETE
    uri: https://management.azure.com/subscriptions/00000000-0000-0000-0000-000000000000/resourceGroups/cli_test_sb_namespace000001/providers/Microsoft.ServiceBus/namespaces/sb-nscli2000004?api-version=2022-10-01-preview
  response:
    body:
      string: ''
    headers:
      cache-control:
      - no-cache
      content-length:
      - '0'
      date:
      - Mon, 20 Feb 2023 18:45:49 GMT
      expires:
      - '-1'
      location:
      - https://management.azure.com/subscriptions/00000000-0000-0000-0000-000000000000/resourcegroups/cli_test_sb_namespace000001/providers/Microsoft.ServiceBus/locations/eastus/operationStatus/sb-nscli2000004?api-version=2022-10-01-preview&resourceType=Namespace
      pragma:
      - no-cache
      server:
      - Service-Bus-Resource-Provider/SN1
      - Microsoft-HTTPAPI/2.0
      server-sb:
      - Service-Bus-Resource-Provider/SN1
      strict-transport-security:
      - max-age=31536000; includeSubDomains
      x-content-type-options:
      - nosniff
      x-ms-ratelimit-remaining-subscription-deletes:
      - '14999'
    status:
      code: 202
      message: Accepted
- request:
    body: null
    headers:
      Accept:
      - '*/*'
      Accept-Encoding:
      - gzip, deflate
      CommandName:
      - servicebus namespace delete
      Connection:
      - keep-alive
      ParameterSetName:
      - --resource-group --name --yes
      User-Agent:
      - AZURECLI/2.45.0 (AAZ) azsdk-python-core/1.24.0 Python/3.8.0 (Windows-10-10.0.19041-SP0)
    method: GET
    uri: https://management.azure.com/subscriptions/00000000-0000-0000-0000-000000000000/resourcegroups/cli_test_sb_namespace000001/providers/Microsoft.ServiceBus/locations/eastus/operationStatus/sb-nscli2000004?api-version=2022-10-01-preview&resourceType=Namespace
  response:
    body:
      string: ''
    headers:
      cache-control:
      - no-cache
      content-length:
      - '0'
      date:
      - Mon, 20 Feb 2023 18:46:19 GMT
      expires:
      - '-1'
      location:
      - https://management.azure.com/subscriptions/00000000-0000-0000-0000-000000000000/resourcegroups/cli_test_sb_namespace000001/providers/Microsoft.ServiceBus/locations/eastus/operationStatus/sb-nscli2000004?api-version=2022-10-01-preview&resourceType=Namespace
      pragma:
      - no-cache
      server:
      - Service-Bus-Resource-Provider/SN1
      - Microsoft-HTTPAPI/2.0
      server-sb:
      - Service-Bus-Resource-Provider/SN1
      strict-transport-security:
      - max-age=31536000; includeSubDomains
      x-content-type-options:
      - nosniff
    status:
      code: 202
      message: Accepted
- request:
    body: null
    headers:
      Accept:
      - '*/*'
      Accept-Encoding:
      - gzip, deflate
      CommandName:
      - servicebus namespace delete
      Connection:
      - keep-alive
      ParameterSetName:
      - --resource-group --name --yes
      User-Agent:
      - AZURECLI/2.45.0 (AAZ) azsdk-python-core/1.24.0 Python/3.8.0 (Windows-10-10.0.19041-SP0)
    method: GET
    uri: https://management.azure.com/subscriptions/00000000-0000-0000-0000-000000000000/resourcegroups/cli_test_sb_namespace000001/providers/Microsoft.ServiceBus/locations/eastus/operationStatus/sb-nscli2000004?api-version=2022-10-01-preview&resourceType=Namespace
  response:
    body:
      string: ''
    headers:
      cache-control:
      - no-cache
      content-length:
      - '0'
      date:
      - Mon, 20 Feb 2023 18:46:50 GMT
      expires:
      - '-1'
      location:
      - https://management.azure.com/subscriptions/00000000-0000-0000-0000-000000000000/resourcegroups/cli_test_sb_namespace000001/providers/Microsoft.ServiceBus/locations/eastus/operationStatus/sb-nscli2000004?api-version=2022-10-01-preview&resourceType=Namespace
      pragma:
      - no-cache
      server:
      - Service-Bus-Resource-Provider/SN1
      - Microsoft-HTTPAPI/2.0
      server-sb:
      - Service-Bus-Resource-Provider/SN1
      strict-transport-security:
      - max-age=31536000; includeSubDomains
      x-content-type-options:
      - nosniff
    status:
      code: 202
      message: Accepted
- request:
    body: null
    headers:
      Accept:
      - '*/*'
      Accept-Encoding:
      - gzip, deflate
      CommandName:
      - servicebus namespace delete
      Connection:
      - keep-alive
      ParameterSetName:
      - --resource-group --name --yes
      User-Agent:
      - AZURECLI/2.45.0 (AAZ) azsdk-python-core/1.24.0 Python/3.8.0 (Windows-10-10.0.19041-SP0)
    method: GET
    uri: https://management.azure.com/subscriptions/00000000-0000-0000-0000-000000000000/resourcegroups/cli_test_sb_namespace000001/providers/Microsoft.ServiceBus/locations/eastus/operationStatus/sb-nscli2000004?api-version=2022-10-01-preview&resourceType=Namespace
  response:
    body:
      string: ''
    headers:
      cache-control:
      - no-cache
      date:
      - Mon, 20 Feb 2023 18:47:20 GMT
      expires:
      - '-1'
      pragma:
      - no-cache
      server:
      - Service-Bus-Resource-Provider/SN1
      - Microsoft-HTTPAPI/2.0
      server-sb:
      - Service-Bus-Resource-Provider/SN1
      strict-transport-security:
      - max-age=31536000; includeSubDomains
      x-content-type-options:
      - nosniff
    status:
      code: 204
      message: No Content
version: 1
