interactions:
- request:
    body: '{"identity": {"type": "None"}, "location": "westus", "sku": {"name": "Standard",
      "tier": "Standard"}}'
    headers:
      Accept:
      - application/json
      Accept-Encoding:
      - gzip, deflate
      CommandName:
      - servicebus namespace create
      Connection:
      - keep-alive
      Content-Length:
      - '101'
      Content-Type:
      - application/json
      ParameterSetName:
      - --resource-group --name --sku --location
      User-Agent:
      - AZURECLI/2.45.0 (AAZ) azsdk-python-core/1.24.0 Python/3.8.0 (Windows-10-10.0.19041-SP0)
    method: PUT
    uri: https://management.azure.com/subscriptions/00000000-0000-0000-0000-000000000000/resourceGroups/cli_test_sb_auth_rule000001/providers/Microsoft.ServiceBus/namespaces/sb-nscli000002?api-version=2022-10-01-preview
  response:
    body:
      string: '{"sku":{"name":"Standard","tier":"Standard"},"id":"/subscriptions/00000000-0000-0000-0000-000000000000/resourceGroups/cli_test_sb_auth_rule000001/providers/Microsoft.ServiceBus/namespaces/sb-nscli000002","name":"sb-nscli000002","type":"Microsoft.ServiceBus/Namespaces","location":"West
        US","tags":{},"properties":{"premiumMessagingPartitions":0,"minimumTlsVersion":"1.2","publicNetworkAccess":"Enabled","disableLocalAuth":false,"zoneRedundant":false,"provisioningState":"Created","metricId":"326100e2-f69d-4268-8503-075374f62b6e:sb-nscli000002","createdAt":"2023-03-01T07:13:30.4Z","updatedAt":"2023-03-01T07:13:30.4Z","serviceBusEndpoint":"https://sb-nscli000002.servicebus.windows.net:443/","status":"Activating"}}'
    headers:
      cache-control:
      - no-cache
      content-length:
      - '716'
      content-type:
      - application/json; charset=utf-8
      date:
      - Wed, 01 Mar 2023 07:13:30 GMT
      expires:
      - '-1'
      pragma:
      - no-cache
      server:
      - Service-Bus-Resource-Provider/SN1
      - Microsoft-HTTPAPI/2.0
      server-sb:
      - Service-Bus-Resource-Provider/SN1
      strict-transport-security:
      - max-age=31536000; includeSubDomains
      transfer-encoding:
      - chunked
      vary:
      - Accept-Encoding
      x-content-type-options:
      - nosniff
      x-ms-ratelimit-remaining-subscription-writes:
      - '1199'
    status:
      code: 200
      message: OK
- request:
    body: null
    headers:
      Accept:
      - '*/*'
      Accept-Encoding:
      - gzip, deflate
      CommandName:
      - servicebus namespace create
      Connection:
      - keep-alive
      ParameterSetName:
      - --resource-group --name --sku --location
      User-Agent:
      - AZURECLI/2.45.0 (AAZ) azsdk-python-core/1.24.0 Python/3.8.0 (Windows-10-10.0.19041-SP0)
    method: GET
    uri: https://management.azure.com/subscriptions/00000000-0000-0000-0000-000000000000/resourceGroups/cli_test_sb_auth_rule000001/providers/Microsoft.ServiceBus/namespaces/sb-nscli000002?api-version=2022-10-01-preview
  response:
    body:
      string: '{"sku":{"name":"Standard","tier":"Standard"},"id":"/subscriptions/00000000-0000-0000-0000-000000000000/resourceGroups/cli_test_sb_auth_rule000001/providers/Microsoft.ServiceBus/namespaces/sb-nscli000002","name":"sb-nscli000002","type":"Microsoft.ServiceBus/Namespaces","location":"West
        US","tags":{},"properties":{"premiumMessagingPartitions":0,"minimumTlsVersion":"1.2","publicNetworkAccess":"Enabled","disableLocalAuth":false,"zoneRedundant":false,"provisioningState":"Created","metricId":"326100e2-f69d-4268-8503-075374f62b6e:sb-nscli000002","createdAt":"2023-03-01T07:13:30.4Z","updatedAt":"2023-03-01T07:13:30.4Z","serviceBusEndpoint":"https://sb-nscli000002.servicebus.windows.net:443/","status":"Activating"}}'
    headers:
      cache-control:
      - no-cache
      content-length:
      - '716'
      content-type:
      - application/json; charset=utf-8
      date:
      - Wed, 01 Mar 2023 07:14:00 GMT
      expires:
      - '-1'
      pragma:
      - no-cache
      server:
      - Service-Bus-Resource-Provider/SN1
      - Microsoft-HTTPAPI/2.0
      server-sb:
      - Service-Bus-Resource-Provider/SN1
      strict-transport-security:
      - max-age=31536000; includeSubDomains
      transfer-encoding:
      - chunked
      vary:
      - Accept-Encoding
      x-content-type-options:
      - nosniff
    status:
      code: 200
      message: OK
- request:
    body: null
    headers:
      Accept:
      - '*/*'
      Accept-Encoding:
      - gzip, deflate
      CommandName:
      - servicebus namespace create
      Connection:
      - keep-alive
      ParameterSetName:
      - --resource-group --name --sku --location
      User-Agent:
      - AZURECLI/2.45.0 (AAZ) azsdk-python-core/1.24.0 Python/3.8.0 (Windows-10-10.0.19041-SP0)
    method: GET
    uri: https://management.azure.com/subscriptions/00000000-0000-0000-0000-000000000000/resourceGroups/cli_test_sb_auth_rule000001/providers/Microsoft.ServiceBus/namespaces/sb-nscli000002?api-version=2022-10-01-preview
  response:
    body:
      string: '{"sku":{"name":"Standard","tier":"Standard"},"id":"/subscriptions/00000000-0000-0000-0000-000000000000/resourceGroups/cli_test_sb_auth_rule000001/providers/Microsoft.ServiceBus/namespaces/sb-nscli000002","name":"sb-nscli000002","type":"Microsoft.ServiceBus/Namespaces","location":"West
        US","tags":{},"properties":{"premiumMessagingPartitions":0,"minimumTlsVersion":"1.2","publicNetworkAccess":"Enabled","disableLocalAuth":false,"zoneRedundant":false,"provisioningState":"Succeeded","metricId":"326100e2-f69d-4268-8503-075374f62b6e:sb-nscli000002","createdAt":"2023-03-01T07:13:30.4Z","updatedAt":"2023-03-01T07:14:14.933Z","serviceBusEndpoint":"https://sb-nscli000002.servicebus.windows.net:443/","status":"Active"}}'
    headers:
      cache-control:
      - no-cache
      content-length:
      - '716'
      content-type:
      - application/json; charset=utf-8
      date:
      - Wed, 01 Mar 2023 07:14:31 GMT
      expires:
      - '-1'
      pragma:
      - no-cache
      server:
      - Service-Bus-Resource-Provider/SN1
      - Microsoft-HTTPAPI/2.0
      server-sb:
      - Service-Bus-Resource-Provider/SN1
      strict-transport-security:
      - max-age=31536000; includeSubDomains
      transfer-encoding:
      - chunked
      vary:
      - Accept-Encoding
      x-content-type-options:
      - nosniff
    status:
      code: 200
      message: OK
- request:
    body: '{"properties": {"rights": ["Send", "Listen", "Manage"]}}'
    headers:
      Accept:
      - application/json
      Accept-Encoding:
      - gzip, deflate
      CommandName:
      - servicebus namespace authorization-rule create
      Connection:
      - keep-alive
      Content-Length:
      - '56'
      Content-Type:
      - application/json
      ParameterSetName:
      - --resource-group --namespace-name --name --rights
      User-Agent:
      - AZURECLI/2.45.0 (AAZ) azsdk-python-core/1.24.0 Python/3.8.0 (Windows-10-10.0.19041-SP0)
    method: PUT
    uri: https://management.azure.com/subscriptions/00000000-0000-0000-0000-000000000000/resourceGroups/cli_test_sb_auth_rule000001/providers/Microsoft.ServiceBus/namespaces/sb-nscli000002/AuthorizationRules/cliAutho000003?api-version=2022-01-01-preview
  response:
    body:
      string: '{"id":"/subscriptions/00000000-0000-0000-0000-000000000000/resourceGroups/cli_test_sb_auth_rule000001/providers/Microsoft.ServiceBus/namespaces/sb-nscli000002/AuthorizationRules/cliAutho000003","name":"cliAutho000003","type":"Microsoft.ServiceBus/Namespaces/AuthorizationRules","location":"westus","properties":{"rights":["Send","Listen","Manage"]}}'
    headers:
      cache-control:
      - no-cache
      content-length:
      - '349'
      content-type:
      - application/json; charset=utf-8
      date:
      - Wed, 01 Mar 2023 07:14:38 GMT
      expires:
      - '-1'
      pragma:
      - no-cache
      server:
      - Microsoft-HTTPAPI/2.0
      strict-transport-security:
      - max-age=31536000; includeSubDomains
      transfer-encoding:
      - chunked
      vary:
      - Accept-Encoding
      x-content-type-options:
      - nosniff
      x-ms-ratelimit-remaining-subscription-writes:
      - '1199'
    status:
      code: 200
      message: OK
- request:
    body: null
    headers:
      Accept:
      - application/json
      Accept-Encoding:
      - gzip, deflate
      CommandName:
      - servicebus namespace authorization-rule show
      Connection:
      - keep-alive
      ParameterSetName:
      - --resource-group --namespace-name --name
      User-Agent:
      - AZURECLI/2.45.0 (AAZ) azsdk-python-core/1.24.0 Python/3.8.0 (Windows-10-10.0.19041-SP0)
    method: GET
    uri: https://management.azure.com/subscriptions/00000000-0000-0000-0000-000000000000/resourceGroups/cli_test_sb_auth_rule000001/providers/Microsoft.ServiceBus/namespaces/sb-nscli000002/AuthorizationRules/cliAutho000003?api-version=2022-01-01-preview
  response:
    body:
      string: '{"id":"/subscriptions/00000000-0000-0000-0000-000000000000/resourcegroups/cli_test_sb_auth_rule000001/providers/Microsoft.ServiceBus/namespaces/sb-nscli000002/authorizationrules/cliAutho000003","name":"cliAutho000003","type":"Microsoft.ServiceBus/Namespaces/AuthorizationRules","location":"westus","properties":{"rights":["Send","Listen","Manage"]}}'
    headers:
      cache-control:
      - no-cache
      content-length:
      - '349'
      content-type:
      - application/json; charset=utf-8
      date:
      - Wed, 01 Mar 2023 07:14:39 GMT
      expires:
      - '-1'
      pragma:
      - no-cache
      server:
      - Microsoft-HTTPAPI/2.0
      strict-transport-security:
      - max-age=31536000; includeSubDomains
      transfer-encoding:
      - chunked
      vary:
      - Accept-Encoding
      x-content-type-options:
      - nosniff
    status:
      code: 200
      message: OK
- request:
    body: null
    headers:
      Accept:
      - application/json
      Accept-Encoding:
      - gzip, deflate
      CommandName:
      - servicebus namespace authorization-rule update
      Connection:
      - keep-alive
      ParameterSetName:
      - --resource-group --namespace-name --name --rights
      User-Agent:
      - AZURECLI/2.45.0 (AAZ) azsdk-python-core/1.24.0 Python/3.8.0 (Windows-10-10.0.19041-SP0)
    method: GET
    uri: https://management.azure.com/subscriptions/00000000-0000-0000-0000-000000000000/resourceGroups/cli_test_sb_auth_rule000001/providers/Microsoft.ServiceBus/namespaces/sb-nscli000002/AuthorizationRules/cliAutho000003?api-version=2022-01-01-preview
  response:
    body:
      string: '{"id":"/subscriptions/00000000-0000-0000-0000-000000000000/resourcegroups/cli_test_sb_auth_rule000001/providers/Microsoft.ServiceBus/namespaces/sb-nscli000002/authorizationrules/cliAutho000003","name":"cliAutho000003","type":"Microsoft.ServiceBus/Namespaces/AuthorizationRules","location":"westus","properties":{"rights":["Send","Listen","Manage"]}}'
    headers:
      cache-control:
      - no-cache
      content-length:
      - '349'
      content-type:
      - application/json; charset=utf-8
      date:
      - Wed, 01 Mar 2023 07:14:39 GMT
      expires:
      - '-1'
      pragma:
      - no-cache
      server:
      - Microsoft-HTTPAPI/2.0
      strict-transport-security:
      - max-age=31536000; includeSubDomains
      transfer-encoding:
      - chunked
      vary:
      - Accept-Encoding
      x-content-type-options:
      - nosniff
    status:
      code: 200
      message: OK
- request:
    body: '{"properties": {"rights": ["Listen"]}}'
    headers:
      Accept:
      - application/json
      Accept-Encoding:
      - gzip, deflate
      CommandName:
      - servicebus namespace authorization-rule update
      Connection:
      - keep-alive
      Content-Length:
      - '38'
      Content-Type:
      - application/json
      ParameterSetName:
      - --resource-group --namespace-name --name --rights
      User-Agent:
      - AZURECLI/2.45.0 (AAZ) azsdk-python-core/1.24.0 Python/3.8.0 (Windows-10-10.0.19041-SP0)
    method: PUT
    uri: https://management.azure.com/subscriptions/00000000-0000-0000-0000-000000000000/resourceGroups/cli_test_sb_auth_rule000001/providers/Microsoft.ServiceBus/namespaces/sb-nscli000002/AuthorizationRules/cliAutho000003?api-version=2022-01-01-preview
  response:
    body:
      string: '{"id":"/subscriptions/00000000-0000-0000-0000-000000000000/resourceGroups/cli_test_sb_auth_rule000001/providers/Microsoft.ServiceBus/namespaces/sb-nscli000002/AuthorizationRules/cliAutho000003","name":"cliAutho000003","type":"Microsoft.ServiceBus/Namespaces/AuthorizationRules","location":"westus","properties":{"rights":["Listen"]}}'
    headers:
      cache-control:
      - no-cache
      content-length:
      - '333'
      content-type:
      - application/json; charset=utf-8
      date:
      - Wed, 01 Mar 2023 07:14:46 GMT
      expires:
      - '-1'
      pragma:
      - no-cache
      server:
      - Microsoft-HTTPAPI/2.0
      strict-transport-security:
      - max-age=31536000; includeSubDomains
      transfer-encoding:
      - chunked
      vary:
      - Accept-Encoding
      x-content-type-options:
      - nosniff
      x-ms-ratelimit-remaining-subscription-writes:
      - '1198'
    status:
      code: 200
      message: OK
- request:
    body: null
    headers:
      Accept:
      - application/json
      Accept-Encoding:
      - gzip, deflate
      CommandName:
      - servicebus namespace authorization-rule list
      Connection:
      - keep-alive
      ParameterSetName:
      - --resource-group --namespace-name
      User-Agent:
      - AZURECLI/2.45.0 (AAZ) azsdk-python-core/1.24.0 Python/3.8.0 (Windows-10-10.0.19041-SP0)
    method: GET
    uri: https://management.azure.com/subscriptions/00000000-0000-0000-0000-000000000000/resourceGroups/cli_test_sb_auth_rule000001/providers/Microsoft.ServiceBus/namespaces/sb-nscli000002/AuthorizationRules?api-version=2022-01-01-preview
  response:
    body:
      string: '{"value":[{"id":"/subscriptions/00000000-0000-0000-0000-000000000000/resourcegroups/cli_test_sb_auth_rule000001/providers/Microsoft.ServiceBus/namespaces/sb-nscli000002/authorizationrules/RootManageSharedAccessKey","name":"RootManageSharedAccessKey","type":"Microsoft.ServiceBus/Namespaces/AuthorizationRules","location":"westus","properties":{"rights":["Listen","Manage","Send"]}},{"id":"/subscriptions/00000000-0000-0000-0000-000000000000/resourcegroups/cli_test_sb_auth_rule000001/providers/Microsoft.ServiceBus/namespaces/sb-nscli000002/authorizationrules/cliAutho000003","name":"cliAutho000003","type":"Microsoft.ServiceBus/Namespaces/AuthorizationRules","location":"westus","properties":{"rights":["Listen"]}}]}'
    headers:
      cache-control:
      - no-cache
      content-length:
      - '717'
      content-type:
      - application/json; charset=utf-8
      date:
      - Wed, 01 Mar 2023 07:14:48 GMT
      expires:
      - '-1'
      pragma:
      - no-cache
      server:
      - Microsoft-HTTPAPI/2.0
      strict-transport-security:
      - max-age=31536000; includeSubDomains
      transfer-encoding:
      - chunked
      vary:
      - Accept-Encoding
      x-content-type-options:
      - nosniff
    status:
      code: 200
      message: OK
- request:
    body: null
    headers:
      Accept:
      - application/json
      Accept-Encoding:
      - gzip, deflate
      CommandName:
      - servicebus namespace authorization-rule show
      Connection:
      - keep-alive
      ParameterSetName:
      - --resource-group --namespace-name --name
      User-Agent:
      - AZURECLI/2.45.0 (AAZ) azsdk-python-core/1.24.0 Python/3.8.0 (Windows-10-10.0.19041-SP0)
    method: GET
    uri: https://management.azure.com/subscriptions/00000000-0000-0000-0000-000000000000/resourceGroups/cli_test_sb_auth_rule000001/providers/Microsoft.ServiceBus/namespaces/sb-nscli000002/AuthorizationRules/RootManageSharedAccessKey?api-version=2022-01-01-preview
  response:
    body:
      string: '{"id":"/subscriptions/00000000-0000-0000-0000-000000000000/resourcegroups/cli_test_sb_auth_rule000001/providers/Microsoft.ServiceBus/namespaces/sb-nscli000002/authorizationrules/RootManageSharedAccessKey","name":"RootManageSharedAccessKey","type":"Microsoft.ServiceBus/Namespaces/AuthorizationRules","location":"westus","properties":{"rights":["Listen","Manage","Send"]}}'
    headers:
      cache-control:
      - no-cache
      content-length:
      - '371'
      content-type:
      - application/json; charset=utf-8
      date:
      - Wed, 01 Mar 2023 07:14:49 GMT
      expires:
      - '-1'
      pragma:
      - no-cache
      server:
      - Microsoft-HTTPAPI/2.0
      strict-transport-security:
      - max-age=31536000; includeSubDomains
      transfer-encoding:
      - chunked
      vary:
      - Accept-Encoding
      x-content-type-options:
      - nosniff
    status:
      code: 200
      message: OK
- request:
    body: null
    headers:
      Accept:
      - application/json
      Accept-Encoding:
      - gzip, deflate
      CommandName:
      - servicebus namespace authorization-rule keys list
      Connection:
      - keep-alive
      Content-Length:
      - '0'
      ParameterSetName:
      - --resource-group --namespace-name --name
      User-Agent:
      - AZURECLI/2.45.0 (AAZ) azsdk-python-core/1.24.0 Python/3.8.0 (Windows-10-10.0.19041-SP0)
    method: POST
    uri: https://management.azure.com/subscriptions/00000000-0000-0000-0000-000000000000/resourceGroups/cli_test_sb_auth_rule000001/providers/Microsoft.ServiceBus/namespaces/sb-nscli000002/AuthorizationRules/cliAutho000003/listKeys?api-version=2022-01-01-preview
  response:
    body:
      string: '{"primaryConnectionString":"Endpoint=sb://sb-nscli000002.servicebus.windows.net/;SharedAccessKeyName=cliAutho000003;SharedAccessKey=sanitized1","secondaryConnectionString":"Endpoint=sb://sb-nscli000002.servicebus.windows.net/;SharedAccessKeyName=cliAutho000003;SharedAccessKey=sanitized7","primaryKey":"sanitized1","secondaryKey":"sanitized7","keyName":"cliAutho000003"}'
    headers:
      cache-control:
      - no-cache
      content-length:
      - '506'
      content-type:
      - application/json; charset=utf-8
      date:
      - Wed, 01 Mar 2023 07:14:50 GMT
      expires:
      - '-1'
      pragma:
      - no-cache
      server:
      - Microsoft-HTTPAPI/2.0
      strict-transport-security:
      - max-age=31536000; includeSubDomains
      transfer-encoding:
      - chunked
      vary:
      - Accept-Encoding
      x-content-type-options:
      - nosniff
      x-ms-ratelimit-remaining-subscription-writes:
      - '1199'
    status:
      code: 200
      message: OK
- request:
    body: '{"keyType": "PrimaryKey"}'
    headers:
      Accept:
      - application/json
      Accept-Encoding:
      - gzip, deflate
      CommandName:
      - servicebus namespace authorization-rule keys renew
      Connection:
      - keep-alive
      Content-Length:
      - '25'
      Content-Type:
      - application/json
      ParameterSetName:
      - --resource-group --namespace-name --name --key
      User-Agent:
      - AZURECLI/2.45.0 (AAZ) azsdk-python-core/1.24.0 Python/3.8.0 (Windows-10-10.0.19041-SP0)
    method: POST
    uri: https://management.azure.com/subscriptions/00000000-0000-0000-0000-000000000000/resourceGroups/cli_test_sb_auth_rule000001/providers/Microsoft.ServiceBus/namespaces/sb-nscli000002/AuthorizationRules/cliAutho000003/regenerateKeys?api-version=2022-01-01-preview
  response:
    body:
      string: '{"primaryConnectionString":"Endpoint=sb://sb-nscli000002.servicebus.windows.net/;SharedAccessKeyName=cliAutho000003;SharedAccessKey=sanitized6","secondaryConnectionString":"Endpoint=sb://sb-nscli000002.servicebus.windows.net/;SharedAccessKeyName=cliAutho000003;SharedAccessKey=sanitized7","primaryKey":"sanitized6","secondaryKey":"sanitized7","keyName":"cliAutho000003"}'
    headers:
      cache-control:
      - no-cache
      content-length:
      - '506'
      content-type:
      - application/json; charset=utf-8
      date:
      - Wed, 01 Mar 2023 07:14:57 GMT
      expires:
      - '-1'
      pragma:
      - no-cache
      server:
      - Microsoft-HTTPAPI/2.0
      strict-transport-security:
      - max-age=31536000; includeSubDomains
      transfer-encoding:
      - chunked
      vary:
      - Accept-Encoding
      x-content-type-options:
      - nosniff
      x-ms-ratelimit-remaining-subscription-writes:
      - '1199'
    status:
      code: 200
      message: OK
- request:
    body: '{"keyType": "SecondaryKey"}'
    headers:
      Accept:
      - application/json
      Accept-Encoding:
      - gzip, deflate
      CommandName:
      - servicebus namespace authorization-rule keys renew
      Connection:
      - keep-alive
      Content-Length:
      - '27'
      Content-Type:
      - application/json
      ParameterSetName:
      - --resource-group --namespace-name --name --key
      User-Agent:
      - AZURECLI/2.45.0 (AAZ) azsdk-python-core/1.24.0 Python/3.8.0 (Windows-10-10.0.19041-SP0)
    method: POST
    uri: https://management.azure.com/subscriptions/00000000-0000-0000-0000-000000000000/resourceGroups/cli_test_sb_auth_rule000001/providers/Microsoft.ServiceBus/namespaces/sb-nscli000002/AuthorizationRules/cliAutho000003/regenerateKeys?api-version=2022-01-01-preview
  response:
    body:
      string: '{"primaryConnectionString":"Endpoint=sb://sb-nscli000002.servicebus.windows.net/;SharedAccessKeyName=cliAutho000003;SharedAccessKey=sanitized6","secondaryConnectionString":"Endpoint=sb://sb-nscli000002.servicebus.windows.net/;SharedAccessKeyName=cliAutho000003;SharedAccessKey=sanitized8","primaryKey":"sanitized6","secondaryKey":"sanitized8","keyName":"cliAutho000003"}'
    headers:
      cache-control:
      - no-cache
      content-length:
      - '506'
      content-type:
      - application/json; charset=utf-8
      date:
      - Wed, 01 Mar 2023 07:15:04 GMT
      expires:
      - '-1'
      pragma:
      - no-cache
      server:
      - Microsoft-HTTPAPI/2.0
      strict-transport-security:
      - max-age=31536000; includeSubDomains
      transfer-encoding:
      - chunked
      vary:
      - Accept-Encoding
      x-content-type-options:
      - nosniff
      x-ms-ratelimit-remaining-subscription-writes:
      - '1199'
    status:
      code: 200
      message: OK
- request:
    body: '{"key": "sanitized1", "keyType": "PrimaryKey"}'
    headers:
      Accept:
      - application/json
      Accept-Encoding:
      - gzip, deflate
      CommandName:
      - servicebus namespace authorization-rule keys renew
      Connection:
      - keep-alive
      Content-Length:
      - '80'
      Content-Type:
      - application/json
      ParameterSetName:
      - --resource-group --namespace-name --name --key --key-value
      User-Agent:
      - AZURECLI/2.45.0 (AAZ) azsdk-python-core/1.24.0 Python/3.8.0 (Windows-10-10.0.19041-SP0)
    method: POST
    uri: https://management.azure.com/subscriptions/00000000-0000-0000-0000-000000000000/resourceGroups/cli_test_sb_auth_rule000001/providers/Microsoft.ServiceBus/namespaces/sb-nscli000002/AuthorizationRules/cliAutho000003/regenerateKeys?api-version=2022-01-01-preview
  response:
    body:
      string: '{"primaryConnectionString":"Endpoint=sb://sb-nscli000002.servicebus.windows.net/;SharedAccessKeyName=cliAutho000003;SharedAccessKey=sanitized1","secondaryConnectionString":"Endpoint=sb://sb-nscli000002.servicebus.windows.net/;SharedAccessKeyName=cliAutho000003;SharedAccessKey=sanitized8","primaryKey":"sanitized1","secondaryKey":"sanitized8","keyName":"cliAutho000003"}'
    headers:
      cache-control:
      - no-cache
      content-length:
      - '506'
      content-type:
      - application/json; charset=utf-8
      date:
      - Wed, 01 Mar 2023 07:15:12 GMT
      expires:
      - '-1'
      pragma:
      - no-cache
      server:
      - Microsoft-HTTPAPI/2.0
      strict-transport-security:
      - max-age=31536000; includeSubDomains
      transfer-encoding:
      - chunked
      vary:
      - Accept-Encoding
      x-content-type-options:
      - nosniff
      x-ms-ratelimit-remaining-subscription-writes:
      - '1199'
    status:
      code: 200
      message: OK
- request:
    body: '{"key": "sanitized7", "keyType": "SecondaryKey"}'
    headers:
      Accept:
      - application/json
      Accept-Encoding:
      - gzip, deflate
      CommandName:
      - servicebus namespace authorization-rule keys renew
      Connection:
      - keep-alive
      Content-Length:
      - '82'
      Content-Type:
      - application/json
      ParameterSetName:
      - --resource-group --namespace-name --name --key --key-value
      User-Agent:
      - AZURECLI/2.45.0 (AAZ) azsdk-python-core/1.24.0 Python/3.8.0 (Windows-10-10.0.19041-SP0)
    method: POST
    uri: https://management.azure.com/subscriptions/00000000-0000-0000-0000-000000000000/resourceGroups/cli_test_sb_auth_rule000001/providers/Microsoft.ServiceBus/namespaces/sb-nscli000002/AuthorizationRules/cliAutho000003/regenerateKeys?api-version=2022-01-01-preview
  response:
    body:
      string: '{"primaryConnectionString":"Endpoint=sb://sb-nscli000002.servicebus.windows.net/;SharedAccessKeyName=cliAutho000003;SharedAccessKey=sanitized1","secondaryConnectionString":"Endpoint=sb://sb-nscli000002.servicebus.windows.net/;SharedAccessKeyName=cliAutho000003;SharedAccessKey=sanitized7","primaryKey":"sanitized1","secondaryKey":"sanitized7","keyName":"cliAutho000003"}'
    headers:
      cache-control:
      - no-cache
      content-length:
      - '506'
      content-type:
      - application/json; charset=utf-8
      date:
      - Wed, 01 Mar 2023 07:15:18 GMT
      expires:
      - '-1'
      pragma:
      - no-cache
      server:
      - Microsoft-HTTPAPI/2.0
      strict-transport-security:
      - max-age=31536000; includeSubDomains
      transfer-encoding:
      - chunked
      vary:
      - Accept-Encoding
      x-content-type-options:
      - nosniff
      x-ms-ratelimit-remaining-subscription-writes:
      - '1199'
    status:
      code: 200
      message: OK
- request:
    body: '{}'
    headers:
      Accept:
      - application/json
      Accept-Encoding:
      - gzip, deflate
      CommandName:
      - servicebus topic create
      Connection:
      - keep-alive
      Content-Length:
      - '2'
      Content-Type:
      - application/json
      ParameterSetName:
      - --resource-group --namespace-name --name
      User-Agent:
      - AZURECLI/2.45.0 (AAZ) azsdk-python-core/1.24.0 Python/3.8.0 (Windows-10-10.0.19041-SP0)
    method: PUT
    uri: https://management.azure.com/subscriptions/00000000-0000-0000-0000-000000000000/resourceGroups/cli_test_sb_auth_rule000001/providers/Microsoft.ServiceBus/namespaces/sb-nscli000002/topics/cli_topic000004?api-version=2022-01-01-preview
  response:
    body:
      string: '{"id":"/subscriptions/00000000-0000-0000-0000-000000000000/resourceGroups/cli_test_sb_auth_rule000001/providers/Microsoft.ServiceBus/namespaces/sb-nscli000002/topics/cli_topic000004","name":"cli_topic000004","type":"Microsoft.ServiceBus/namespaces/topics","location":"westus","properties":{"maxMessageSizeInKilobytes":256,"defaultMessageTimeToLive":"P10675199DT2H48M5.4775807S","maxSizeInMegabytes":1024,"requiresDuplicateDetection":false,"duplicateDetectionHistoryTimeWindow":"PT10M","enableBatchedOperations":true,"sizeInBytes":0,"status":"Active","supportOrdering":true,"autoDeleteOnIdle":"P10675199DT2H48M5.4775807S","enablePartitioning":false,"enableExpress":false,"createdAt":"2023-03-01T07:15:20.84Z","updatedAt":"2023-03-01T07:15:20.907Z","accessedAt":"0001-01-01T00:00:00","subscriptionCount":0,"countDetails":{"activeMessageCount":0,"deadLetterMessageCount":0,"scheduledMessageCount":0,"transferMessageCount":0,"transferDeadLetterMessageCount":0}}}'
    headers:
      cache-control:
      - no-cache
      content-length:
      - '958'
      content-type:
      - application/json; charset=utf-8
      date:
      - Wed, 01 Mar 2023 07:15:20 GMT
      expires:
      - '-1'
      pragma:
      - no-cache
      server:
      - Microsoft-HTTPAPI/2.0
      strict-transport-security:
      - max-age=31536000; includeSubDomains
      transfer-encoding:
      - chunked
      vary:
      - Accept-Encoding
      x-content-type-options:
      - nosniff
      x-ms-ratelimit-remaining-subscription-writes:
      - '1199'
    status:
      code: 200
      message: OK
- request:
    body: '{"properties": {"rights": ["Send", "Listen", "Manage"]}}'
    headers:
      Accept:
      - application/json
      Accept-Encoding:
      - gzip, deflate
      CommandName:
      - servicebus topic authorization-rule create
      Connection:
      - keep-alive
      Content-Length:
      - '56'
      Content-Type:
      - application/json
      ParameterSetName:
      - --resource-group --namespace-name --topic-name --name --rights
      User-Agent:
      - AZURECLI/2.45.0 (AAZ) azsdk-python-core/1.24.0 Python/3.8.0 (Windows-10-10.0.19041-SP0)
    method: PUT
    uri: https://management.azure.com/subscriptions/00000000-0000-0000-0000-000000000000/resourceGroups/cli_test_sb_auth_rule000001/providers/Microsoft.ServiceBus/namespaces/sb-nscli000002/topics/cli_topic000004/authorizationRules/cliAutho000003?api-version=2022-01-01-preview
  response:
    body:
      string: '{"id":"/subscriptions/00000000-0000-0000-0000-000000000000/resourceGroups/cli_test_sb_auth_rule000001/providers/Microsoft.ServiceBus/namespaces/sb-nscli000002/topics/cli_topic000004/authorizationRules/cliAutho000003","name":"cliAutho000003","type":"Microsoft.ServiceBus/namespaces/topics/authorizationrules","properties":{"rights":["Send","Listen","Manage"]}}'
    headers:
      cache-control:
      - no-cache
      content-length:
      - '359'
      content-type:
      - application/json; charset=utf-8
      date:
      - Wed, 01 Mar 2023 07:15:22 GMT
      expires:
      - '-1'
      pragma:
      - no-cache
      server:
      - Microsoft-HTTPAPI/2.0
      strict-transport-security:
      - max-age=31536000; includeSubDomains
      transfer-encoding:
      - chunked
      vary:
      - Accept-Encoding
      x-content-type-options:
      - nosniff
      x-ms-ratelimit-remaining-subscription-writes:
      - '1199'
    status:
      code: 200
      message: OK
- request:
    body: null
    headers:
      Accept:
      - application/json
      Accept-Encoding:
      - gzip, deflate
      CommandName:
      - servicebus topic authorization-rule update
      Connection:
      - keep-alive
      ParameterSetName:
      - --resource-group --namespace-name --topic-name --name --rights
      User-Agent:
      - AZURECLI/2.45.0 (AAZ) azsdk-python-core/1.24.0 Python/3.8.0 (Windows-10-10.0.19041-SP0)
    method: GET
    uri: https://management.azure.com/subscriptions/00000000-0000-0000-0000-000000000000/resourceGroups/cli_test_sb_auth_rule000001/providers/Microsoft.ServiceBus/namespaces/sb-nscli000002/topics/cli_topic000004/authorizationRules/cliAutho000003?api-version=2022-01-01-preview
  response:
    body:
      string: '{"id":"/subscriptions/00000000-0000-0000-0000-000000000000/resourcegroups/cli_test_sb_auth_rule000001/providers/Microsoft.ServiceBus/namespaces/sb-nscli000002/topics/cli_topic000004/authorizationrules/cliAutho000003","name":"cliAutho000003","type":"Microsoft.ServiceBus/namespaces/topics/authorizationrules","location":"westus","properties":{"rights":["Send","Listen","Manage"]}}'
    headers:
      cache-control:
      - no-cache
      content-length:
      - '379'
      content-type:
      - application/json; charset=utf-8
      date:
      - Wed, 01 Mar 2023 07:15:22 GMT
      expires:
      - '-1'
      pragma:
      - no-cache
      server:
      - Microsoft-HTTPAPI/2.0
      strict-transport-security:
      - max-age=31536000; includeSubDomains
      transfer-encoding:
      - chunked
      vary:
      - Accept-Encoding
      x-content-type-options:
      - nosniff
    status:
      code: 200
      message: OK
- request:
    body: '{"properties": {"rights": ["Listen"]}}'
    headers:
      Accept:
      - application/json
      Accept-Encoding:
      - gzip, deflate
      CommandName:
      - servicebus topic authorization-rule update
      Connection:
      - keep-alive
      Content-Length:
      - '38'
      Content-Type:
      - application/json
      ParameterSetName:
      - --resource-group --namespace-name --topic-name --name --rights
      User-Agent:
      - AZURECLI/2.45.0 (AAZ) azsdk-python-core/1.24.0 Python/3.8.0 (Windows-10-10.0.19041-SP0)
    method: PUT
    uri: https://management.azure.com/subscriptions/00000000-0000-0000-0000-000000000000/resourceGroups/cli_test_sb_auth_rule000001/providers/Microsoft.ServiceBus/namespaces/sb-nscli000002/topics/cli_topic000004/authorizationRules/cliAutho000003?api-version=2022-01-01-preview
  response:
    body:
      string: '{"id":"/subscriptions/00000000-0000-0000-0000-000000000000/resourceGroups/cli_test_sb_auth_rule000001/providers/Microsoft.ServiceBus/namespaces/sb-nscli000002/topics/cli_topic000004/authorizationRules/cliAutho000003","name":"cliAutho000003","type":"Microsoft.ServiceBus/namespaces/topics/authorizationrules","properties":{"rights":["Listen"]}}'
    headers:
      cache-control:
      - no-cache
      content-length:
      - '343'
      content-type:
      - application/json; charset=utf-8
      date:
      - Wed, 01 Mar 2023 07:15:23 GMT
      expires:
      - '-1'
      pragma:
      - no-cache
      server:
      - Microsoft-HTTPAPI/2.0
      strict-transport-security:
      - max-age=31536000; includeSubDomains
      transfer-encoding:
      - chunked
      vary:
      - Accept-Encoding
      x-content-type-options:
      - nosniff
      x-ms-ratelimit-remaining-subscription-writes:
      - '1199'
    status:
      code: 200
      message: OK
- request:
    body: null
    headers:
      Accept:
      - application/json
      Accept-Encoding:
      - gzip, deflate
      CommandName:
      - servicebus topic authorization-rule keys list
      Connection:
      - keep-alive
      Content-Length:
      - '0'
      ParameterSetName:
      - --resource-group --namespace-name --topic-name --name
      User-Agent:
      - AZURECLI/2.45.0 (AAZ) azsdk-python-core/1.24.0 Python/3.8.0 (Windows-10-10.0.19041-SP0)
    method: POST
    uri: https://management.azure.com/subscriptions/00000000-0000-0000-0000-000000000000/resourceGroups/cli_test_sb_auth_rule000001/providers/Microsoft.ServiceBus/namespaces/sb-nscli000002/topics/cli_topic000004/authorizationRules/cliAutho000003/ListKeys?api-version=2022-01-01-preview
  response:
    body:
      string: '{"primaryConnectionString":"Endpoint=sb://sb-nscli000002.servicebus.windows.net/;SharedAccessKeyName=cliAutho000003;SharedAccessKey=sanitized2;EntityPath=cli_topic000004","secondaryConnectionString":"Endpoint=sb://sb-nscli000002.servicebus.windows.net/;SharedAccessKeyName=cliAutho000003;SharedAccessKey=sanitized9;EntityPath=cli_topic000004","primaryKey":"sanitized2","secondaryKey":"sanitized9","keyName":"cliAutho000003"}'
    headers:
      cache-control:
      - no-cache
      content-length:
      - '560'
      content-type:
      - application/json; charset=utf-8
      date:
      - Wed, 01 Mar 2023 07:15:24 GMT
      expires:
      - '-1'
      pragma:
      - no-cache
      server:
      - Microsoft-HTTPAPI/2.0
      strict-transport-security:
      - max-age=31536000; includeSubDomains
      transfer-encoding:
      - chunked
      vary:
      - Accept-Encoding
      x-content-type-options:
      - nosniff
      x-ms-ratelimit-remaining-subscription-writes:
      - '1199'
    status:
      code: 200
      message: OK
- request:
    body: '{"keyType": "PrimaryKey"}'
    headers:
      Accept:
      - application/json
      Accept-Encoding:
      - gzip, deflate
      CommandName:
      - servicebus topic authorization-rule keys renew
      Connection:
      - keep-alive
      Content-Length:
      - '25'
      Content-Type:
      - application/json
      ParameterSetName:
      - --resource-group --namespace-name --topic-name --name --key
      User-Agent:
      - AZURECLI/2.45.0 (AAZ) azsdk-python-core/1.24.0 Python/3.8.0 (Windows-10-10.0.19041-SP0)
    method: POST
    uri: https://management.azure.com/subscriptions/00000000-0000-0000-0000-000000000000/resourceGroups/cli_test_sb_auth_rule000001/providers/Microsoft.ServiceBus/namespaces/sb-nscli000002/topics/cli_topic000004/authorizationRules/cliAutho000003/regenerateKeys?api-version=2022-01-01-preview
  response:
    body:
      string: '{"primaryConnectionString":"Endpoint=sb://sb-nscli000002.servicebus.windows.net/;SharedAccessKeyName=cliAutho000003;SharedAccessKey=sanitized3;EntityPath=cli_topic000004","secondaryConnectionString":"Endpoint=sb://sb-nscli000002.servicebus.windows.net/;SharedAccessKeyName=cliAutho000003;SharedAccessKey=sanitized9;EntityPath=cli_topic000004","primaryKey":"sanitized3","secondaryKey":"sanitized9","keyName":"cliAutho000003"}'
    headers:
      cache-control:
      - no-cache
      content-length:
      - '560'
      content-type:
      - application/json; charset=utf-8
      date:
      - Wed, 01 Mar 2023 07:15:25 GMT
      expires:
      - '-1'
      pragma:
      - no-cache
      server:
      - Microsoft-HTTPAPI/2.0
      strict-transport-security:
      - max-age=31536000; includeSubDomains
      transfer-encoding:
      - chunked
      vary:
      - Accept-Encoding
      x-content-type-options:
      - nosniff
      x-ms-ratelimit-remaining-subscription-writes:
      - '1199'
    status:
      code: 200
      message: OK
- request:
    body: '{"keyType": "SecondaryKey"}'
    headers:
      Accept:
      - application/json
      Accept-Encoding:
      - gzip, deflate
      CommandName:
      - servicebus topic authorization-rule keys renew
      Connection:
      - keep-alive
      Content-Length:
      - '27'
      Content-Type:
      - application/json
      ParameterSetName:
      - --resource-group --namespace-name --topic-name --name --key
      User-Agent:
      - AZURECLI/2.45.0 (AAZ) azsdk-python-core/1.24.0 Python/3.8.0 (Windows-10-10.0.19041-SP0)
    method: POST
    uri: https://management.azure.com/subscriptions/00000000-0000-0000-0000-000000000000/resourceGroups/cli_test_sb_auth_rule000001/providers/Microsoft.ServiceBus/namespaces/sb-nscli000002/topics/cli_topic000004/authorizationRules/cliAutho000003/regenerateKeys?api-version=2022-01-01-preview
  response:
    body:
      string: '{"primaryConnectionString":"Endpoint=sb://sb-nscli000002.servicebus.windows.net/;SharedAccessKeyName=cliAutho000003;SharedAccessKey=sanitized3;EntityPath=cli_topic000004","secondaryConnectionString":"Endpoint=sb://sb-nscli000002.servicebus.windows.net/;SharedAccessKeyName=cliAutho000003;SharedAccessKey=sanitized10;EntityPath=cli_topic000004","primaryKey":"sanitized3","secondaryKey":"sanitized10","keyName":"cliAutho000003"}'
    headers:
      cache-control:
      - no-cache
      content-length:
      - '560'
      content-type:
      - application/json; charset=utf-8
      date:
      - Wed, 01 Mar 2023 07:15:27 GMT
      expires:
      - '-1'
      pragma:
      - no-cache
      server:
      - Microsoft-HTTPAPI/2.0
      strict-transport-security:
      - max-age=31536000; includeSubDomains
      transfer-encoding:
      - chunked
      vary:
      - Accept-Encoding
      x-content-type-options:
      - nosniff
      x-ms-ratelimit-remaining-subscription-writes:
      - '1199'
    status:
      code: 200
      message: OK
- request:
    body: null
    headers:
      Accept:
      - '*/*'
      Accept-Encoding:
      - gzip, deflate
      CommandName:
      - servicebus topic delete
      Connection:
      - keep-alive
      Content-Length:
      - '0'
      ParameterSetName:
      - --resource-group --namespace-name --name
      User-Agent:
      - AZURECLI/2.45.0 (AAZ) azsdk-python-core/1.24.0 Python/3.8.0 (Windows-10-10.0.19041-SP0)
    method: DELETE
    uri: https://management.azure.com/subscriptions/00000000-0000-0000-0000-000000000000/resourceGroups/cli_test_sb_auth_rule000001/providers/Microsoft.ServiceBus/namespaces/sb-nscli000002/topics/cli_topic000004?api-version=2022-01-01-preview
  response:
    body:
      string: ''
    headers:
      cache-control:
      - no-cache
      content-length:
      - '0'
      date:
      - Wed, 01 Mar 2023 07:15:27 GMT
      expires:
      - '-1'
      pragma:
      - no-cache
      server:
      - Microsoft-HTTPAPI/2.0
      strict-transport-security:
      - max-age=31536000; includeSubDomains
      x-content-type-options:
      - nosniff
      x-ms-ratelimit-remaining-subscription-deletes:
      - '14999'
    status:
      code: 200
      message: OK
- request:
    body: '{}'
    headers:
      Accept:
      - application/json
      Accept-Encoding:
      - gzip, deflate
      CommandName:
      - servicebus queue create
      Connection:
      - keep-alive
      Content-Length:
      - '2'
      Content-Type:
      - application/json
      ParameterSetName:
      - --resource-group --namespace-name --name
      User-Agent:
      - AZURECLI/2.45.0 (AAZ) azsdk-python-core/1.24.0 Python/3.8.0 (Windows-10-10.0.19041-SP0)
    method: PUT
    uri: https://management.azure.com/subscriptions/00000000-0000-0000-0000-000000000000/resourceGroups/cli_test_sb_auth_rule000001/providers/Microsoft.ServiceBus/namespaces/sb-nscli000002/queues/sb-queuecli000005?api-version=2022-01-01-preview
  response:
    body:
      string: '{"id":"/subscriptions/00000000-0000-0000-0000-000000000000/resourceGroups/cli_test_sb_auth_rule000001/providers/Microsoft.ServiceBus/namespaces/sb-nscli000002/queues/sb-queuecli000005","name":"sb-queuecli000005","type":"Microsoft.ServiceBus/namespaces/queues","location":"westus","properties":{"maxMessageSizeInKilobytes":256,"lockDuration":"PT1M","maxSizeInMegabytes":1024,"requiresDuplicateDetection":false,"requiresSession":false,"defaultMessageTimeToLive":"P10675199DT2H48M5.4775807S","deadLetteringOnMessageExpiration":false,"enableBatchedOperations":true,"duplicateDetectionHistoryTimeWindow":"PT10M","maxDeliveryCount":10,"sizeInBytes":0,"messageCount":0,"status":"Active","autoDeleteOnIdle":"P10675199DT2H48M5.4775807S","enablePartitioning":false,"enableExpress":false,"countDetails":{"activeMessageCount":0,"deadLetterMessageCount":0,"scheduledMessageCount":0,"transferMessageCount":0,"transferDeadLetterMessageCount":0},"createdAt":"2023-03-01T07:15:30.41Z","updatedAt":"2023-03-01T07:15:30.443Z","accessedAt":"0001-01-01T00:00:00"}}'
    headers:
      cache-control:
      - no-cache
      content-length:
      - '1043'
      content-type:
      - application/json; charset=utf-8
      date:
      - Wed, 01 Mar 2023 07:15:30 GMT
      expires:
      - '-1'
      pragma:
      - no-cache
      server:
      - Microsoft-HTTPAPI/2.0
      strict-transport-security:
      - max-age=31536000; includeSubDomains
      transfer-encoding:
      - chunked
      vary:
      - Accept-Encoding
      x-content-type-options:
      - nosniff
      x-ms-ratelimit-remaining-subscription-writes:
      - '1199'
    status:
      code: 200
      message: OK
- request:
    body: '{"properties": {"rights": ["Send", "Listen", "Manage"]}}'
    headers:
      Accept:
      - application/json
      Accept-Encoding:
      - gzip, deflate
      CommandName:
      - servicebus queue authorization-rule create
      Connection:
      - keep-alive
      Content-Length:
      - '56'
      Content-Type:
      - application/json
      ParameterSetName:
      - --resource-group --namespace-name --queue-name --name --rights
      User-Agent:
      - AZURECLI/2.45.0 (AAZ) azsdk-python-core/1.24.0 Python/3.8.0 (Windows-10-10.0.19041-SP0)
    method: PUT
    uri: https://management.azure.com/subscriptions/00000000-0000-0000-0000-000000000000/resourceGroups/cli_test_sb_auth_rule000001/providers/Microsoft.ServiceBus/namespaces/sb-nscli000002/queues/sb-queuecli000005/authorizationRules/cliAutho000003?api-version=2022-01-01-preview
  response:
    body:
      string: '{"id":"/subscriptions/00000000-0000-0000-0000-000000000000/resourceGroups/cli_test_sb_auth_rule000001/providers/Microsoft.ServiceBus/namespaces/sb-nscli000002/queues/sb-queuecli000005/authorizationRules/cliAutho000003","name":"cliAutho000003","type":"Microsoft.ServiceBus/namespaces/queues/authorizationrules","properties":{"rights":["Send","Listen","Manage"]}}'
    headers:
      cache-control:
      - no-cache
      content-length:
      - '361'
      content-type:
      - application/json; charset=utf-8
      date:
      - Wed, 01 Mar 2023 07:15:31 GMT
      expires:
      - '-1'
      pragma:
      - no-cache
      server:
      - Microsoft-HTTPAPI/2.0
      strict-transport-security:
      - max-age=31536000; includeSubDomains
      transfer-encoding:
      - chunked
      vary:
      - Accept-Encoding
      x-content-type-options:
      - nosniff
      x-ms-ratelimit-remaining-subscription-writes:
      - '1199'
    status:
      code: 200
      message: OK
- request:
    body: null
    headers:
      Accept:
      - application/json
      Accept-Encoding:
      - gzip, deflate
      CommandName:
      - servicebus queue authorization-rule update
      Connection:
      - keep-alive
      ParameterSetName:
      - --resource-group --namespace-name --queue-name --name --rights
      User-Agent:
      - AZURECLI/2.45.0 (AAZ) azsdk-python-core/1.24.0 Python/3.8.0 (Windows-10-10.0.19041-SP0)
    method: GET
    uri: https://management.azure.com/subscriptions/00000000-0000-0000-0000-000000000000/resourceGroups/cli_test_sb_auth_rule000001/providers/Microsoft.ServiceBus/namespaces/sb-nscli000002/queues/sb-queuecli000005/authorizationRules/cliAutho000003?api-version=2022-01-01-preview
  response:
    body:
      string: '{"id":"/subscriptions/00000000-0000-0000-0000-000000000000/resourcegroups/cli_test_sb_auth_rule000001/providers/Microsoft.ServiceBus/namespaces/sb-nscli000002/queues/sb-queuecli000005/authorizationrules/cliAutho000003","name":"cliAutho000003","type":"Microsoft.ServiceBus/namespaces/queues/authorizationrules","location":"westus","properties":{"rights":["Send","Listen","Manage"]}}'
    headers:
      cache-control:
      - no-cache
      content-length:
      - '381'
      content-type:
      - application/json; charset=utf-8
      date:
      - Wed, 01 Mar 2023 07:15:32 GMT
      expires:
      - '-1'
      pragma:
      - no-cache
      server:
      - Microsoft-HTTPAPI/2.0
      strict-transport-security:
      - max-age=31536000; includeSubDomains
      transfer-encoding:
      - chunked
      vary:
      - Accept-Encoding
      x-content-type-options:
      - nosniff
    status:
      code: 200
      message: OK
- request:
    body: '{"properties": {"rights": ["Listen"]}}'
    headers:
      Accept:
      - application/json
      Accept-Encoding:
      - gzip, deflate
      CommandName:
      - servicebus queue authorization-rule update
      Connection:
      - keep-alive
      Content-Length:
      - '38'
      Content-Type:
      - application/json
      ParameterSetName:
      - --resource-group --namespace-name --queue-name --name --rights
      User-Agent:
      - AZURECLI/2.45.0 (AAZ) azsdk-python-core/1.24.0 Python/3.8.0 (Windows-10-10.0.19041-SP0)
    method: PUT
    uri: https://management.azure.com/subscriptions/00000000-0000-0000-0000-000000000000/resourceGroups/cli_test_sb_auth_rule000001/providers/Microsoft.ServiceBus/namespaces/sb-nscli000002/queues/sb-queuecli000005/authorizationRules/cliAutho000003?api-version=2022-01-01-preview
  response:
    body:
      string: '{"id":"/subscriptions/00000000-0000-0000-0000-000000000000/resourceGroups/cli_test_sb_auth_rule000001/providers/Microsoft.ServiceBus/namespaces/sb-nscli000002/queues/sb-queuecli000005/authorizationRules/cliAutho000003","name":"cliAutho000003","type":"Microsoft.ServiceBus/namespaces/queues/authorizationrules","properties":{"rights":["Listen"]}}'
    headers:
      cache-control:
      - no-cache
      content-length:
      - '345'
      content-type:
      - application/json; charset=utf-8
      date:
      - Wed, 01 Mar 2023 07:15:32 GMT
      expires:
      - '-1'
      pragma:
      - no-cache
      server:
      - Microsoft-HTTPAPI/2.0
      strict-transport-security:
      - max-age=31536000; includeSubDomains
      transfer-encoding:
      - chunked
      vary:
      - Accept-Encoding
      x-content-type-options:
      - nosniff
      x-ms-ratelimit-remaining-subscription-writes:
      - '1198'
    status:
      code: 200
      message: OK
- request:
    body: null
    headers:
      Accept:
      - application/json
      Accept-Encoding:
      - gzip, deflate
      CommandName:
      - servicebus queue authorization-rule keys list
      Connection:
      - keep-alive
      Content-Length:
      - '0'
      ParameterSetName:
      - --resource-group --namespace-name --queue-name --name
      User-Agent:
      - AZURECLI/2.45.0 (AAZ) azsdk-python-core/1.24.0 Python/3.8.0 (Windows-10-10.0.19041-SP0)
    method: POST
    uri: https://management.azure.com/subscriptions/00000000-0000-0000-0000-000000000000/resourceGroups/cli_test_sb_auth_rule000001/providers/Microsoft.ServiceBus/namespaces/sb-nscli000002/queues/sb-queuecli000005/authorizationRules/cliAutho000003/ListKeys?api-version=2022-01-01-preview
  response:
    body:
      string: '{"primaryConnectionString":"Endpoint=sb://sb-nscli000002.servicebus.windows.net/;SharedAccessKeyName=cliAutho000003;SharedAccessKey=sanitized4;EntityPath=sb-queuecli000005","secondaryConnectionString":"Endpoint=sb://sb-nscli000002.servicebus.windows.net/;SharedAccessKeyName=cliAutho000003;SharedAccessKey=sanitized11;EntityPath=sb-queuecli000005","primaryKey":"sanitized4","secondaryKey":"sanitized11","keyName":"cliAutho000003"}'
    headers:
      cache-control:
      - no-cache
      content-length:
      - '564'
      content-type:
      - application/json; charset=utf-8
      date:
      - Wed, 01 Mar 2023 07:15:34 GMT
      expires:
      - '-1'
      pragma:
      - no-cache
      server:
      - Microsoft-HTTPAPI/2.0
      strict-transport-security:
      - max-age=31536000; includeSubDomains
      transfer-encoding:
      - chunked
      vary:
      - Accept-Encoding
      x-content-type-options:
      - nosniff
      x-ms-ratelimit-remaining-subscription-writes:
      - '1199'
    status:
      code: 200
      message: OK
- request:
    body: '{"keyType": "PrimaryKey"}'
    headers:
      Accept:
      - application/json
      Accept-Encoding:
      - gzip, deflate
      CommandName:
      - servicebus queue authorization-rule keys renew
      Connection:
      - keep-alive
      Content-Length:
      - '25'
      Content-Type:
      - application/json
      ParameterSetName:
      - --resource-group --namespace-name --queue-name --name --key
      User-Agent:
      - AZURECLI/2.45.0 (AAZ) azsdk-python-core/1.24.0 Python/3.8.0 (Windows-10-10.0.19041-SP0)
    method: POST
    uri: https://management.azure.com/subscriptions/00000000-0000-0000-0000-000000000000/resourceGroups/cli_test_sb_auth_rule000001/providers/Microsoft.ServiceBus/namespaces/sb-nscli000002/queues/sb-queuecli000005/authorizationRules/cliAutho000003/regenerateKeys?api-version=2022-01-01-preview
  response:
    body:
      string: '{"primaryConnectionString":"Endpoint=sb://sb-nscli000002.servicebus.windows.net/;SharedAccessKeyName=cliAutho000003;SharedAccessKey=sanitized5;EntityPath=sb-queuecli000005","secondaryConnectionString":"Endpoint=sb://sb-nscli000002.servicebus.windows.net/;SharedAccessKeyName=cliAutho000003;SharedAccessKey=sanitized11;EntityPath=sb-queuecli000005","primaryKey":"sanitized5","secondaryKey":"sanitized11","keyName":"cliAutho000003"}'
    headers:
      cache-control:
      - no-cache
      content-length:
      - '564'
      content-type:
      - application/json; charset=utf-8
      date:
      - Wed, 01 Mar 2023 07:15:34 GMT
      expires:
      - '-1'
      pragma:
      - no-cache
      server:
      - Microsoft-HTTPAPI/2.0
      strict-transport-security:
      - max-age=31536000; includeSubDomains
      transfer-encoding:
      - chunked
      vary:
      - Accept-Encoding
      x-content-type-options:
      - nosniff
      x-ms-ratelimit-remaining-subscription-writes:
      - '1199'
    status:
      code: 200
      message: OK
- request:
    body: '{"keyType": "SecondaryKey"}'
    headers:
      Accept:
      - application/json
      Accept-Encoding:
      - gzip, deflate
      CommandName:
      - servicebus queue authorization-rule keys renew
      Connection:
      - keep-alive
      Content-Length:
      - '27'
      Content-Type:
      - application/json
      ParameterSetName:
      - --resource-group --namespace-name --queue-name --name --key
      User-Agent:
      - AZURECLI/2.45.0 (AAZ) azsdk-python-core/1.24.0 Python/3.8.0 (Windows-10-10.0.19041-SP0)
    method: POST
    uri: https://management.azure.com/subscriptions/00000000-0000-0000-0000-000000000000/resourceGroups/cli_test_sb_auth_rule000001/providers/Microsoft.ServiceBus/namespaces/sb-nscli000002/queues/sb-queuecli000005/authorizationRules/cliAutho000003/regenerateKeys?api-version=2022-01-01-preview
  response:
    body:
      string: '{"primaryConnectionString":"Endpoint=sb://sb-nscli000002.servicebus.windows.net/;SharedAccessKeyName=cliAutho000003;SharedAccessKey=sanitized5;EntityPath=sb-queuecli000005","secondaryConnectionString":"Endpoint=sb://sb-nscli000002.servicebus.windows.net/;SharedAccessKeyName=cliAutho000003;SharedAccessKey=sanitized12;EntityPath=sb-queuecli000005","primaryKey":"sanitized5","secondaryKey":"sanitized12","keyName":"cliAutho000003"}'
    headers:
      cache-control:
      - no-cache
      content-length:
      - '564'
      content-type:
      - application/json; charset=utf-8
      date:
      - Wed, 01 Mar 2023 07:15:36 GMT
      expires:
      - '-1'
      pragma:
      - no-cache
      server:
      - Microsoft-HTTPAPI/2.0
      strict-transport-security:
      - max-age=31536000; includeSubDomains
      transfer-encoding:
      - chunked
      vary:
      - Accept-Encoding
      x-content-type-options:
      - nosniff
      x-ms-ratelimit-remaining-subscription-writes:
      - '1199'
    status:
      code: 200
      message: OK
- request:
    body: null
    headers:
      Accept:
      - '*/*'
      Accept-Encoding:
      - gzip, deflate
      CommandName:
      - servicebus queue delete
      Connection:
      - keep-alive
      Content-Length:
      - '0'
      ParameterSetName:
      - --resource-group --namespace-name --name
      User-Agent:
      - AZURECLI/2.45.0 (AAZ) azsdk-python-core/1.24.0 Python/3.8.0 (Windows-10-10.0.19041-SP0)
    method: DELETE
    uri: https://management.azure.com/subscriptions/00000000-0000-0000-0000-000000000000/resourceGroups/cli_test_sb_auth_rule000001/providers/Microsoft.ServiceBus/namespaces/sb-nscli000002/queues/sb-queuecli000005?api-version=2022-01-01-preview
  response:
    body:
      string: ''
    headers:
      cache-control:
      - no-cache
      content-length:
      - '0'
      date:
      - Wed, 01 Mar 2023 07:15:37 GMT
      expires:
      - '-1'
      pragma:
      - no-cache
      server:
      - Microsoft-HTTPAPI/2.0
      strict-transport-security:
      - max-age=31536000; includeSubDomains
      x-content-type-options:
      - nosniff
      x-ms-ratelimit-remaining-subscription-deletes:
      - '14999'
    status:
      code: 200
      message: OK
- request:
    body: null
    headers:
      Accept:
      - '*/*'
      Accept-Encoding:
      - gzip, deflate
      CommandName:
      - servicebus namespace delete
      Connection:
      - keep-alive
      Content-Length:
      - '0'
      ParameterSetName:
      - --resource-group --name
      User-Agent:
      - AZURECLI/2.45.0 (AAZ) azsdk-python-core/1.24.0 Python/3.8.0 (Windows-10-10.0.19041-SP0)
    method: DELETE
    uri: https://management.azure.com/subscriptions/00000000-0000-0000-0000-000000000000/resourceGroups/cli_test_sb_auth_rule000001/providers/Microsoft.ServiceBus/namespaces/sb-nscli000002?api-version=2022-10-01-preview
  response:
    body:
      string: ''
    headers:
      cache-control:
      - no-cache
      content-length:
      - '0'
      date:
      - Wed, 01 Mar 2023 07:15:39 GMT
      expires:
      - '-1'
      location:
      - https://management.azure.com/subscriptions/00000000-0000-0000-0000-000000000000/resourcegroups/cli_test_sb_auth_rule000001/providers/Microsoft.ServiceBus/locations/westus/operationStatus/sb-nscli000002?api-version=2022-10-01-preview&resourceType=Namespace
      pragma:
      - no-cache
      server:
      - Service-Bus-Resource-Provider/SN1
      - Microsoft-HTTPAPI/2.0
      server-sb:
      - Service-Bus-Resource-Provider/SN1
      strict-transport-security:
      - max-age=31536000; includeSubDomains
      x-content-type-options:
      - nosniff
      x-ms-ratelimit-remaining-subscription-deletes:
      - '14999'
    status:
      code: 202
      message: Accepted
- request:
    body: null
    headers:
      Accept:
      - '*/*'
      Accept-Encoding:
      - gzip, deflate
      CommandName:
      - servicebus namespace delete
      Connection:
      - keep-alive
      ParameterSetName:
      - --resource-group --name
      User-Agent:
      - AZURECLI/2.45.0 (AAZ) azsdk-python-core/1.24.0 Python/3.8.0 (Windows-10-10.0.19041-SP0)
    method: GET
    uri: https://management.azure.com/subscriptions/00000000-0000-0000-0000-000000000000/resourcegroups/cli_test_sb_auth_rule000001/providers/Microsoft.ServiceBus/locations/westus/operationStatus/sb-nscli000002?api-version=2022-10-01-preview&resourceType=Namespace
  response:
    body:
      string: ''
    headers:
      cache-control:
      - no-cache
      date:
      - Wed, 01 Mar 2023 07:16:10 GMT
      expires:
      - '-1'
      pragma:
      - no-cache
      server:
      - Service-Bus-Resource-Provider/SN1
      - Microsoft-HTTPAPI/2.0
      server-sb:
      - Service-Bus-Resource-Provider/SN1
      strict-transport-security:
      - max-age=31536000; includeSubDomains
      x-content-type-options:
      - nosniff
    status:
      code: 204
      message: No Content
version: 1
