interactions:
- request:
    body: null
    headers:
      Accept:
      - application/json
      Accept-Encoding:
      - gzip, deflate
      CommandName:
      - servicebus namespace create
      Connection:
      - keep-alive
      ParameterSetName:
      - --resource-group --name --tags --sku
      User-Agent:
      - AZURECLI/2.34.1 azsdk-python-azure-mgmt-resource/20.0.0 Python/3.8.0 (Windows-10-10.0.22000-SP0)
    method: GET
    uri: https://management.azure.com/subscriptions/00000000-0000-0000-0000-000000000000/resourcegroups/cli_test_sb_topic000001?api-version=2021-04-01
  response:
    body:
      string: '{"id":"/subscriptions/00000000-0000-0000-0000-000000000000/resourceGroups/cli_test_sb_topic000001","name":"cli_test_sb_topic000001","type":"Microsoft.Resources/resourceGroups","location":"westus","tags":{"product":"azurecli","cause":"automation","date":"2022-05-10T05:36:15Z"},"properties":{"provisioningState":"Succeeded"}}'
    headers:
      cache-control:
      - no-cache
      content-length:
      - '324'
      content-type:
      - application/json; charset=utf-8
      date:
      - Tue, 10 May 2022 05:36:19 GMT
      expires:
      - '-1'
      pragma:
      - no-cache
      strict-transport-security:
      - max-age=31536000; includeSubDomains
      vary:
      - Accept-Encoding
      x-content-type-options:
      - nosniff
    status:
      code: 200
      message: OK
- request:
    body: '{"location": "westus", "tags": {"{tag1: value1,": "", "tag2: value2}":
      ""}, "sku": {"name": "Standard", "tier": "Standard"}}'
    headers:
      Accept:
      - application/json
      Accept-Encoding:
      - gzip, deflate
      CommandName:
      - servicebus namespace create
      Connection:
      - keep-alive
      Content-Length:
      - '124'
      Content-Type:
      - application/json
      ParameterSetName:
      - --resource-group --name --tags --sku
      User-Agent:
      - AZURECLI/2.34.1 azsdk-python-azure-mgmt-servicebus/7.1.0 Python/3.8.0 (Windows-10-10.0.22000-SP0)
    method: PUT
    uri: https://management.azure.com/subscriptions/00000000-0000-0000-0000-000000000000/resourceGroups/cli_test_sb_topic000001/providers/Microsoft.ServiceBus/namespaces/sb-nscli000002?api-version=2021-06-01-preview
  response:
    body:
      string: '{"sku":{"name":"Standard","tier":"Standard"},"id":"/subscriptions/00000000-0000-0000-0000-000000000000/resourceGroups/cli_test_sb_topic000001/providers/Microsoft.ServiceBus/namespaces/sb-nscli000002","name":"sb-nscli000002","type":"Microsoft.ServiceBus/Namespaces","location":"West
        US","tags":{"{tag1: value1,":"","tag2: value2}":""},"properties":{"disableLocalAuth":false,"zoneRedundant":false,"provisioningState":"Created","metricId":"326100e2-f69d-4268-8503-075374f62b6e:sb-nscli000002","createdAt":"2022-05-10T05:36:28.653Z","updatedAt":"2022-05-10T05:36:28.653Z","serviceBusEndpoint":"https://sb-nscli000002.servicebus.windows.net:443/","status":"Activating"}}'
    headers:
      cache-control:
      - no-cache
      content-length:
      - '665'
      content-type:
      - application/json; charset=utf-8
      date:
      - Tue, 10 May 2022 05:36:30 GMT
      expires:
      - '-1'
      pragma:
      - no-cache
      server:
      - Service-Bus-Resource-Provider/CH3
      - Microsoft-HTTPAPI/2.0
      server-sb:
      - Service-Bus-Resource-Provider/CH3
      strict-transport-security:
      - max-age=31536000; includeSubDomains
      transfer-encoding:
      - chunked
      vary:
      - Accept-Encoding
      x-content-type-options:
      - nosniff
      x-ms-ratelimit-remaining-subscription-writes:
      - '1199'
    status:
      code: 200
      message: OK
- request:
    body: null
    headers:
      Accept:
      - '*/*'
      Accept-Encoding:
      - gzip, deflate
      CommandName:
      - servicebus namespace create
      Connection:
      - keep-alive
      ParameterSetName:
      - --resource-group --name --tags --sku
      User-Agent:
      - AZURECLI/2.34.1 azsdk-python-azure-mgmt-servicebus/7.1.0 Python/3.8.0 (Windows-10-10.0.22000-SP0)
    method: GET
    uri: https://management.azure.com/subscriptions/00000000-0000-0000-0000-000000000000/resourceGroups/cli_test_sb_topic000001/providers/Microsoft.ServiceBus/namespaces/sb-nscli000002?api-version=2021-06-01-preview
  response:
    body:
      string: '{"sku":{"name":"Standard","tier":"Standard"},"id":"/subscriptions/00000000-0000-0000-0000-000000000000/resourceGroups/cli_test_sb_topic000001/providers/Microsoft.ServiceBus/namespaces/sb-nscli000002","name":"sb-nscli000002","type":"Microsoft.ServiceBus/Namespaces","location":"West
        US","tags":{"{tag1: value1,":"","tag2: value2}":""},"properties":{"disableLocalAuth":false,"zoneRedundant":false,"provisioningState":"Created","metricId":"326100e2-f69d-4268-8503-075374f62b6e:sb-nscli000002","createdAt":"2022-05-10T05:36:28.653Z","updatedAt":"2022-05-10T05:36:28.653Z","serviceBusEndpoint":"https://sb-nscli000002.servicebus.windows.net:443/","status":"Activating"}}'
    headers:
      cache-control:
      - no-cache
      content-length:
      - '665'
      content-type:
      - application/json; charset=utf-8
      date:
      - Tue, 10 May 2022 05:37:02 GMT
      expires:
      - '-1'
      pragma:
      - no-cache
      server:
      - Service-Bus-Resource-Provider/CH3
      - Microsoft-HTTPAPI/2.0
      server-sb:
      - Service-Bus-Resource-Provider/CH3
      strict-transport-security:
      - max-age=31536000; includeSubDomains
      transfer-encoding:
      - chunked
      vary:
      - Accept-Encoding
      x-content-type-options:
      - nosniff
    status:
      code: 200
      message: OK
- request:
    body: null
    headers:
      Accept:
      - '*/*'
      Accept-Encoding:
      - gzip, deflate
      CommandName:
      - servicebus namespace create
      Connection:
      - keep-alive
      ParameterSetName:
      - --resource-group --name --tags --sku
      User-Agent:
      - AZURECLI/2.34.1 azsdk-python-azure-mgmt-servicebus/7.1.0 Python/3.8.0 (Windows-10-10.0.22000-SP0)
    method: GET
    uri: https://management.azure.com/subscriptions/00000000-0000-0000-0000-000000000000/resourceGroups/cli_test_sb_topic000001/providers/Microsoft.ServiceBus/namespaces/sb-nscli000002?api-version=2021-06-01-preview
  response:
    body:
      string: '{"sku":{"name":"Standard","tier":"Standard"},"id":"/subscriptions/00000000-0000-0000-0000-000000000000/resourceGroups/cli_test_sb_topic000001/providers/Microsoft.ServiceBus/namespaces/sb-nscli000002","name":"sb-nscli000002","type":"Microsoft.ServiceBus/Namespaces","location":"West
        US","tags":{"{tag1: value1,":"","tag2: value2}":""},"properties":{"disableLocalAuth":false,"zoneRedundant":false,"provisioningState":"Succeeded","metricId":"326100e2-f69d-4268-8503-075374f62b6e:sb-nscli000002","createdAt":"2022-05-10T05:36:28.653Z","updatedAt":"2022-05-10T05:37:11.667Z","serviceBusEndpoint":"https://sb-nscli000002.servicebus.windows.net:443/","status":"Active"}}'
    headers:
      cache-control:
      - no-cache
      content-length:
      - '663'
      content-type:
      - application/json; charset=utf-8
      date:
      - Tue, 10 May 2022 05:37:33 GMT
      expires:
      - '-1'
      pragma:
      - no-cache
      server:
      - Service-Bus-Resource-Provider/CH3
      - Microsoft-HTTPAPI/2.0
      server-sb:
      - Service-Bus-Resource-Provider/CH3
      strict-transport-security:
      - max-age=31536000; includeSubDomains
      transfer-encoding:
      - chunked
      vary:
      - Accept-Encoding
      x-content-type-options:
      - nosniff
    status:
      code: 200
      message: OK
- request:
    body: null
    headers:
      Accept:
      - application/json
      Accept-Encoding:
      - gzip, deflate
      CommandName:
      - servicebus namespace create
      Connection:
      - keep-alive
      ParameterSetName:
      - --resource-group --name --tags --sku
      User-Agent:
      - AZURECLI/2.34.1 azsdk-python-azure-mgmt-servicebus/7.1.0 Python/3.8.0 (Windows-10-10.0.22000-SP0)
    method: GET
    uri: https://management.azure.com/subscriptions/00000000-0000-0000-0000-000000000000/resourceGroups/cli_test_sb_topic000001/providers/Microsoft.ServiceBus/namespaces/sb-nscli000002?api-version=2021-06-01-preview
  response:
    body:
      string: '{"sku":{"name":"Standard","tier":"Standard"},"id":"/subscriptions/00000000-0000-0000-0000-000000000000/resourceGroups/cli_test_sb_topic000001/providers/Microsoft.ServiceBus/namespaces/sb-nscli000002","name":"sb-nscli000002","type":"Microsoft.ServiceBus/Namespaces","location":"West
        US","tags":{"{tag1: value1,":"","tag2: value2}":""},"properties":{"disableLocalAuth":false,"zoneRedundant":false,"provisioningState":"Succeeded","metricId":"326100e2-f69d-4268-8503-075374f62b6e:sb-nscli000002","createdAt":"2022-05-10T05:36:28.653Z","updatedAt":"2022-05-10T05:37:11.667Z","serviceBusEndpoint":"https://sb-nscli000002.servicebus.windows.net:443/","status":"Active"}}'
    headers:
      cache-control:
      - no-cache
      content-length:
      - '663'
      content-type:
      - application/json; charset=utf-8
      date:
      - Tue, 10 May 2022 05:37:33 GMT
      expires:
      - '-1'
      pragma:
      - no-cache
      server:
      - Service-Bus-Resource-Provider/CH3
      - Microsoft-HTTPAPI/2.0
      server-sb:
      - Service-Bus-Resource-Provider/CH3
      strict-transport-security:
      - max-age=31536000; includeSubDomains
      transfer-encoding:
      - chunked
      vary:
      - Accept-Encoding
      x-content-type-options:
      - nosniff
    status:
      code: 200
      message: OK
- request:
    body: null
    headers:
      Accept:
      - application/json
      Accept-Encoding:
      - gzip, deflate
      CommandName:
      - servicebus namespace show
      Connection:
      - keep-alive
      ParameterSetName:
      - --resource-group --name
      User-Agent:
      - AZURECLI/2.34.1 azsdk-python-azure-mgmt-servicebus/7.1.0 Python/3.8.0 (Windows-10-10.0.22000-SP0)
    method: GET
    uri: https://management.azure.com/subscriptions/00000000-0000-0000-0000-000000000000/resourceGroups/cli_test_sb_topic000001/providers/Microsoft.ServiceBus/namespaces/sb-nscli000002?api-version=2021-06-01-preview
  response:
    body:
      string: '{"sku":{"name":"Standard","tier":"Standard"},"id":"/subscriptions/00000000-0000-0000-0000-000000000000/resourceGroups/cli_test_sb_topic000001/providers/Microsoft.ServiceBus/namespaces/sb-nscli000002","name":"sb-nscli000002","type":"Microsoft.ServiceBus/Namespaces","location":"West
        US","tags":{"{tag1: value1,":"","tag2: value2}":""},"properties":{"disableLocalAuth":false,"zoneRedundant":false,"provisioningState":"Succeeded","metricId":"326100e2-f69d-4268-8503-075374f62b6e:sb-nscli000002","createdAt":"2022-05-10T05:36:28.653Z","updatedAt":"2022-05-10T05:37:11.667Z","serviceBusEndpoint":"https://sb-nscli000002.servicebus.windows.net:443/","status":"Active"}}'
    headers:
      cache-control:
      - no-cache
      content-length:
      - '663'
      content-type:
      - application/json; charset=utf-8
      date:
      - Tue, 10 May 2022 05:37:35 GMT
      expires:
      - '-1'
      pragma:
      - no-cache
      server:
      - Service-Bus-Resource-Provider/CH3
      - Microsoft-HTTPAPI/2.0
      server-sb:
      - Service-Bus-Resource-Provider/CH3
      strict-transport-security:
      - max-age=31536000; includeSubDomains
      transfer-encoding:
      - chunked
      vary:
      - Accept-Encoding
      x-content-type-options:
      - nosniff
    status:
      code: 200
      message: OK
- request:
    body: null
    headers:
      Accept:
      - application/json
      Accept-Encoding:
      - gzip, deflate
      CommandName:
      - servicebus topic create
      Connection:
      - keep-alive
      ParameterSetName:
      - --resource-group --namespace-name --name --max-size --default-message-time-to-live
        --enable-duplicate-detection --duplicate-detection-history-time-window --enable-batched-operations
        --status --enable-ordering --auto-delete-on-idle --enable-partitioning
      User-Agent:
      - AZURECLI/2.34.1 azsdk-python-azure-mgmt-servicebus/7.1.0 Python/3.8.0 (Windows-10-10.0.22000-SP0)
    method: GET
    uri: https://management.azure.com/subscriptions/00000000-0000-0000-0000-000000000000/resourceGroups/cli_test_sb_topic000001/providers/Microsoft.ServiceBus/namespaces/sb-nscli000002?api-version=2017-04-01
  response:
    body:
      string: '{"sku":{"name":"Standard","tier":"Standard"},"id":"/subscriptions/00000000-0000-0000-0000-000000000000/resourceGroups/cli_test_sb_topic000001/providers/Microsoft.ServiceBus/namespaces/sb-nscli000002","name":"sb-nscli000002","type":"Microsoft.ServiceBus/Namespaces","location":"West
        US","tags":{"{tag1: value1,":"","tag2: value2}":""},"properties":{"provisioningState":"Succeeded","metricId":"326100e2-f69d-4268-8503-075374f62b6e:sb-nscli000002","createdAt":"2022-05-10T05:36:28.653Z","updatedAt":"2022-05-10T05:37:11.667Z","serviceBusEndpoint":"https://sb-nscli000002.servicebus.windows.net:443/","status":"Active"}}'
    headers:
      cache-control:
      - no-cache
      content-length:
      - '616'
      content-type:
      - application/json; charset=utf-8
      date:
      - Tue, 10 May 2022 05:37:39 GMT
      expires:
      - '-1'
      pragma:
      - no-cache
      server:
      - Service-Bus-Resource-Provider/CH3
      - Microsoft-HTTPAPI/2.0
      server-sb:
      - Service-Bus-Resource-Provider/CH3
      strict-transport-security:
      - max-age=31536000; includeSubDomains
      transfer-encoding:
      - chunked
      vary:
      - Accept-Encoding
      x-content-type-options:
      - nosniff
    status:
      code: 200
      message: OK
- request:
    body: '{"properties": {"defaultMessageTimeToLive": "P1Y", "maxSizeInMegabytes":
      3072, "requiresDuplicateDetection": true, "duplicateDetectionHistoryTimeWindow":
      "P1DT3M4S", "enableBatchedOperations": true, "status": "SendDisabled", "supportOrdering":
      true, "autoDeleteOnIdle": "P1Y2M3DT3H11M2S", "enablePartitioning": true}}'
    headers:
      Accept:
      - application/json
      Accept-Encoding:
      - gzip, deflate
      CommandName:
      - servicebus topic create
      Connection:
      - keep-alive
      Content-Length:
      - '317'
      Content-Type:
      - application/json
      ParameterSetName:
      - --resource-group --namespace-name --name --max-size --default-message-time-to-live
        --enable-duplicate-detection --duplicate-detection-history-time-window --enable-batched-operations
        --status --enable-ordering --auto-delete-on-idle --enable-partitioning
      User-Agent:
      - AZURECLI/2.34.1 azsdk-python-azure-mgmt-servicebus/7.1.0 Python/3.8.0 (Windows-10-10.0.22000-SP0)
    method: PUT
    uri: https://management.azure.com/subscriptions/00000000-0000-0000-0000-000000000000/resourceGroups/cli_test_sb_topic000001/providers/Microsoft.ServiceBus/namespaces/sb-nscli000002/topics/sb-topiccli2000005?api-version=2021-06-01-preview
  response:
    body:
      string: '{"id":"/subscriptions/00000000-0000-0000-0000-000000000000/resourceGroups/cli_test_sb_topic000001/providers/Microsoft.ServiceBus/namespaces/sb-nscli000002/topics/sb-topiccli2000005","name":"sb-topiccli2000005","type":"Microsoft.ServiceBus/Namespaces/Topics","location":"West
        US","properties":{"maxMessageSizeInKilobytes":256,"defaultMessageTimeToLive":"P365D","maxSizeInMegabytes":49152,"requiresDuplicateDetection":true,"duplicateDetectionHistoryTimeWindow":"P1DT3M4S","enableBatchedOperations":true,"sizeInBytes":0,"status":"SendDisabled","supportOrdering":true,"autoDeleteOnIdle":"P428DT3H11M2S","enablePartitioning":true,"enableExpress":false,"createdAt":"2022-05-10T05:37:44.483Z","updatedAt":"2022-05-10T05:37:44.727Z","accessedAt":"0001-01-01T00:00:00Z","subscriptionCount":0,"countDetails":{"activeMessageCount":0,"deadLetterMessageCount":0,"scheduledMessageCount":0,"transferMessageCount":0,"transferDeadLetterMessageCount":0}}}'
    headers:
      cache-control:
      - no-cache
      content-length:
      - '937'
      content-type:
      - application/json; charset=utf-8
      date:
      - Tue, 10 May 2022 05:37:44 GMT
      expires:
      - '-1'
      pragma:
      - no-cache
      server:
      - Service-Bus-Resource-Provider/CH3
      - Microsoft-HTTPAPI/2.0
      server-sb:
      - Service-Bus-Resource-Provider/CH3
      strict-transport-security:
      - max-age=31536000; includeSubDomains
      transfer-encoding:
      - chunked
      vary:
      - Accept-Encoding
      x-content-type-options:
      - nosniff
      x-ms-ratelimit-remaining-subscription-writes:
      - '1198'
    status:
      code: 200
      message: OK
- request:
    body: null
    headers:
      Accept:
      - application/json
      Accept-Encoding:
      - gzip, deflate
      CommandName:
      - servicebus topic create
      Connection:
      - keep-alive
      ParameterSetName:
      - --resource-group --namespace-name --name --max-size --enable-express
      User-Agent:
      - AZURECLI/2.34.1 azsdk-python-azure-mgmt-servicebus/7.1.0 Python/3.8.0 (Windows-10-10.0.22000-SP0)
    method: GET
    uri: https://management.azure.com/subscriptions/00000000-0000-0000-0000-000000000000/resourceGroups/cli_test_sb_topic000001/providers/Microsoft.ServiceBus/namespaces/sb-nscli000002?api-version=2017-04-01
  response:
    body:
      string: '{"sku":{"name":"Standard","tier":"Standard"},"id":"/subscriptions/00000000-0000-0000-0000-000000000000/resourceGroups/cli_test_sb_topic000001/providers/Microsoft.ServiceBus/namespaces/sb-nscli000002","name":"sb-nscli000002","type":"Microsoft.ServiceBus/Namespaces","location":"West
        US","tags":{"{tag1: value1,":"","tag2: value2}":""},"properties":{"provisioningState":"Succeeded","metricId":"326100e2-f69d-4268-8503-075374f62b6e:sb-nscli000002","createdAt":"2022-05-10T05:36:28.653Z","updatedAt":"2022-05-10T05:37:11.667Z","serviceBusEndpoint":"https://sb-nscli000002.servicebus.windows.net:443/","status":"Active"}}'
    headers:
      cache-control:
      - no-cache
      content-length:
      - '616'
      content-type:
      - application/json; charset=utf-8
      date:
      - Tue, 10 May 2022 05:37:47 GMT
      expires:
      - '-1'
      pragma:
      - no-cache
      server:
      - Service-Bus-Resource-Provider/CH3
      - Microsoft-HTTPAPI/2.0
      server-sb:
      - Service-Bus-Resource-Provider/CH3
      strict-transport-security:
      - max-age=31536000; includeSubDomains
      transfer-encoding:
      - chunked
      vary:
      - Accept-Encoding
      x-content-type-options:
      - nosniff
    status:
      code: 200
      message: OK
- request:
    body: '{"properties": {"maxSizeInMegabytes": 2048, "enableExpress": true}}'
    headers:
      Accept:
      - application/json
      Accept-Encoding:
      - gzip, deflate
      CommandName:
      - servicebus topic create
      Connection:
      - keep-alive
      Content-Length:
      - '67'
      Content-Type:
      - application/json
      ParameterSetName:
      - --resource-group --namespace-name --name --max-size --enable-express
      User-Agent:
      - AZURECLI/2.34.1 azsdk-python-azure-mgmt-servicebus/7.1.0 Python/3.8.0 (Windows-10-10.0.22000-SP0)
    method: PUT
    uri: https://management.azure.com/subscriptions/00000000-0000-0000-0000-000000000000/resourceGroups/cli_test_sb_topic000001/providers/Microsoft.ServiceBus/namespaces/sb-nscli000002/topics/sb-topiccli3000006?api-version=2021-06-01-preview
  response:
    body:
      string: '{"id":"/subscriptions/00000000-0000-0000-0000-000000000000/resourceGroups/cli_test_sb_topic000001/providers/Microsoft.ServiceBus/namespaces/sb-nscli000002/topics/sb-topiccli3000006","name":"sb-topiccli3000006","type":"Microsoft.ServiceBus/Namespaces/Topics","location":"West
        US","properties":{"maxMessageSizeInKilobytes":256,"defaultMessageTimeToLive":"P10675199DT2H48M5.4775807S","maxSizeInMegabytes":2048,"requiresDuplicateDetection":false,"duplicateDetectionHistoryTimeWindow":"PT10M","enableBatchedOperations":true,"sizeInBytes":0,"status":"Active","supportOrdering":true,"autoDeleteOnIdle":"P10675199DT2H48M5.4775807S","enablePartitioning":false,"enableExpress":true,"createdAt":"2022-05-10T05:37:50.533Z","updatedAt":"2022-05-10T05:37:50.573Z","accessedAt":"0001-01-01T00:00:00Z","subscriptionCount":0,"countDetails":{"activeMessageCount":0,"deadLetterMessageCount":0,"scheduledMessageCount":0,"transferMessageCount":0,"transferDeadLetterMessageCount":0}}}'
    headers:
      cache-control:
      - no-cache
      content-length:
      - '962'
      content-type:
      - application/json; charset=utf-8
      date:
      - Tue, 10 May 2022 05:37:51 GMT
      expires:
      - '-1'
      pragma:
      - no-cache
      server:
      - Service-Bus-Resource-Provider/SN1
      - Microsoft-HTTPAPI/2.0
      server-sb:
      - Service-Bus-Resource-Provider/SN1
      strict-transport-security:
      - max-age=31536000; includeSubDomains
      transfer-encoding:
      - chunked
      vary:
      - Accept-Encoding
      x-content-type-options:
      - nosniff
      x-ms-ratelimit-remaining-subscription-writes:
      - '1199'
    status:
      code: 200
      message: OK
- request:
    body: '{}'
    headers:
      Accept:
      - application/json
      Accept-Encoding:
      - gzip, deflate
      CommandName:
      - servicebus topic create
      Connection:
      - keep-alive
      Content-Length:
      - '2'
      Content-Type:
      - application/json
      ParameterSetName:
      - --resource-group --namespace-name --name
      User-Agent:
      - AZURECLI/2.34.1 azsdk-python-azure-mgmt-servicebus/7.1.0 Python/3.8.0 (Windows-10-10.0.22000-SP0)
    method: PUT
    uri: https://management.azure.com/subscriptions/00000000-0000-0000-0000-000000000000/resourceGroups/cli_test_sb_topic000001/providers/Microsoft.ServiceBus/namespaces/sb-nscli000002/topics/sb-topiccli000004?api-version=2021-06-01-preview
  response:
    body:
      string: '{"id":"/subscriptions/00000000-0000-0000-0000-000000000000/resourceGroups/cli_test_sb_topic000001/providers/Microsoft.ServiceBus/namespaces/sb-nscli000002/topics/sb-topiccli000004","name":"sb-topiccli000004","type":"Microsoft.ServiceBus/Namespaces/Topics","location":"West
        US","properties":{"maxMessageSizeInKilobytes":256,"defaultMessageTimeToLive":"P10675199DT2H48M5.4775807S","maxSizeInMegabytes":1024,"requiresDuplicateDetection":false,"duplicateDetectionHistoryTimeWindow":"PT10M","enableBatchedOperations":true,"sizeInBytes":0,"status":"Active","supportOrdering":true,"autoDeleteOnIdle":"P10675199DT2H48M5.4775807S","enablePartitioning":false,"enableExpress":false,"createdAt":"2022-05-10T05:37:54.263Z","updatedAt":"2022-05-10T05:37:54.34Z","accessedAt":"0001-01-01T00:00:00Z","subscriptionCount":0,"countDetails":{"activeMessageCount":0,"deadLetterMessageCount":0,"scheduledMessageCount":0,"transferMessageCount":0,"transferDeadLetterMessageCount":0}}}'
    headers:
      cache-control:
      - no-cache
      content-length:
      - '960'
      content-type:
      - application/json; charset=utf-8
      date:
      - Tue, 10 May 2022 05:37:54 GMT
      expires:
      - '-1'
      pragma:
      - no-cache
      server:
      - Service-Bus-Resource-Provider/SN1
      - Microsoft-HTTPAPI/2.0
      server-sb:
      - Service-Bus-Resource-Provider/SN1
      strict-transport-security:
      - max-age=31536000; includeSubDomains
      transfer-encoding:
      - chunked
      vary:
      - Accept-Encoding
      x-content-type-options:
      - nosniff
      x-ms-ratelimit-remaining-subscription-writes:
      - '1199'
    status:
      code: 200
      message: OK
- request:
    body: null
    headers:
      Accept:
      - application/json
      Accept-Encoding:
      - gzip, deflate
      CommandName:
      - servicebus topic show
      Connection:
      - keep-alive
      ParameterSetName:
      - --resource-group --namespace-name --name
      User-Agent:
      - AZURECLI/2.34.1 azsdk-python-azure-mgmt-servicebus/7.1.0 Python/3.8.0 (Windows-10-10.0.22000-SP0)
    method: GET
    uri: https://management.azure.com/subscriptions/00000000-0000-0000-0000-000000000000/resourceGroups/cli_test_sb_topic000001/providers/Microsoft.ServiceBus/namespaces/sb-nscli000002/topics/sb-topiccli000004?api-version=2021-06-01-preview
  response:
    body:
      string: '{"id":"/subscriptions/00000000-0000-0000-0000-000000000000/resourceGroups/cli_test_sb_topic000001/providers/Microsoft.ServiceBus/namespaces/sb-nscli000002/topics/sb-topiccli000004","name":"sb-topiccli000004","type":"Microsoft.ServiceBus/Namespaces/Topics","location":"West
        US","properties":{"maxMessageSizeInKilobytes":256,"defaultMessageTimeToLive":"P10675199DT2H48M5.4775807S","maxSizeInMegabytes":1024,"requiresDuplicateDetection":false,"duplicateDetectionHistoryTimeWindow":"PT10M","enableBatchedOperations":true,"sizeInBytes":0,"status":"Active","supportOrdering":true,"autoDeleteOnIdle":"P10675199DT2H48M5.4775807S","enablePartitioning":false,"enableExpress":false,"createdAt":"2022-05-10T05:37:54.263Z","updatedAt":"2022-05-10T05:37:54.34Z","accessedAt":"0001-01-01T00:00:00Z","subscriptionCount":0,"countDetails":{"activeMessageCount":0,"deadLetterMessageCount":0,"scheduledMessageCount":0,"transferMessageCount":0,"transferDeadLetterMessageCount":0}}}'
    headers:
      cache-control:
      - no-cache
      content-length:
      - '960'
      content-type:
      - application/json; charset=utf-8
      date:
      - Tue, 10 May 2022 05:37:56 GMT
      expires:
      - '-1'
      pragma:
      - no-cache
      server:
      - Service-Bus-Resource-Provider/CH3
      - Microsoft-HTTPAPI/2.0
      server-sb:
      - Service-Bus-Resource-Provider/CH3
      strict-transport-security:
      - max-age=31536000; includeSubDomains
      transfer-encoding:
      - chunked
      vary:
      - Accept-Encoding
      x-content-type-options:
      - nosniff
    status:
      code: 200
      message: OK
- request:
    body: null
    headers:
      Accept:
      - application/json
      Accept-Encoding:
      - gzip, deflate
      CommandName:
      - servicebus topic update
      Connection:
      - keep-alive
      ParameterSetName:
      - --resource-group --namespace-name --name --default-message-time-to-live
      User-Agent:
      - AZURECLI/2.34.1 azsdk-python-azure-mgmt-servicebus/7.1.0 Python/3.8.0 (Windows-10-10.0.22000-SP0)
    method: GET
    uri: https://management.azure.com/subscriptions/00000000-0000-0000-0000-000000000000/resourceGroups/cli_test_sb_topic000001/providers/Microsoft.ServiceBus/namespaces/sb-nscli000002/topics/sb-topiccli000004?api-version=2021-06-01-preview
  response:
    body:
      string: '{"id":"/subscriptions/00000000-0000-0000-0000-000000000000/resourceGroups/cli_test_sb_topic000001/providers/Microsoft.ServiceBus/namespaces/sb-nscli000002/topics/sb-topiccli000004","name":"sb-topiccli000004","type":"Microsoft.ServiceBus/Namespaces/Topics","location":"West
        US","properties":{"maxMessageSizeInKilobytes":256,"defaultMessageTimeToLive":"P10675199DT2H48M5.4775807S","maxSizeInMegabytes":1024,"requiresDuplicateDetection":false,"duplicateDetectionHistoryTimeWindow":"PT10M","enableBatchedOperations":true,"sizeInBytes":0,"status":"Active","supportOrdering":true,"autoDeleteOnIdle":"P10675199DT2H48M5.4775807S","enablePartitioning":false,"enableExpress":false,"createdAt":"2022-05-10T05:37:54.263Z","updatedAt":"2022-05-10T05:37:54.34Z","accessedAt":"0001-01-01T00:00:00Z","subscriptionCount":0,"countDetails":{"activeMessageCount":0,"deadLetterMessageCount":0,"scheduledMessageCount":0,"transferMessageCount":0,"transferDeadLetterMessageCount":0}}}'
    headers:
      cache-control:
      - no-cache
      content-length:
      - '960'
      content-type:
      - application/json; charset=utf-8
      date:
      - Tue, 10 May 2022 05:37:59 GMT
      expires:
      - '-1'
      pragma:
      - no-cache
      server:
      - Service-Bus-Resource-Provider/CH3
      - Microsoft-HTTPAPI/2.0
      server-sb:
      - Service-Bus-Resource-Provider/CH3
      strict-transport-security:
      - max-age=31536000; includeSubDomains
      transfer-encoding:
      - chunked
      vary:
      - Accept-Encoding
      x-content-type-options:
      - nosniff
    status:
      code: 200
      message: OK
- request:
    body: '{"properties": {"defaultMessageTimeToLive": "P7D", "maxSizeInMegabytes":
      1024, "maxMessageSizeInKilobytes": 256, "requiresDuplicateDetection": false,
      "duplicateDetectionHistoryTimeWindow": "PT10M", "enableBatchedOperations": true,
      "status": "Active", "supportOrdering": true, "enablePartitioning": false, "enableExpress":
      false}}'
    headers:
      Accept:
      - application/json
      Accept-Encoding:
      - gzip, deflate
      CommandName:
      - servicebus topic update
      Connection:
      - keep-alive
      Content-Length:
      - '329'
      Content-Type:
      - application/json
      ParameterSetName:
      - --resource-group --namespace-name --name --default-message-time-to-live
      User-Agent:
      - AZURECLI/2.34.1 azsdk-python-azure-mgmt-servicebus/7.1.0 Python/3.8.0 (Windows-10-10.0.22000-SP0)
    method: PUT
    uri: https://management.azure.com/subscriptions/00000000-0000-0000-0000-000000000000/resourceGroups/cli_test_sb_topic000001/providers/Microsoft.ServiceBus/namespaces/sb-nscli000002/topics/sb-topiccli000004?api-version=2021-06-01-preview
  response:
    body:
      string: '{"id":"/subscriptions/00000000-0000-0000-0000-000000000000/resourceGroups/cli_test_sb_topic000001/providers/Microsoft.ServiceBus/namespaces/sb-nscli000002/topics/sb-topiccli000004","name":"sb-topiccli000004","type":"Microsoft.ServiceBus/Namespaces/Topics","location":"West
        US","properties":{"maxMessageSizeInKilobytes":256,"defaultMessageTimeToLive":"P7D","maxSizeInMegabytes":1024,"requiresDuplicateDetection":false,"duplicateDetectionHistoryTimeWindow":"PT10M","enableBatchedOperations":true,"sizeInBytes":0,"status":"Active","supportOrdering":true,"autoDeleteOnIdle":"P10675199DT2H48M5.4775807S","enablePartitioning":false,"enableExpress":false,"createdAt":"0001-01-01T00:00:00Z","updatedAt":"0001-01-01T00:00:00Z","accessedAt":"0001-01-01T00:00:00Z","subscriptionCount":0,"countDetails":{"activeMessageCount":0,"deadLetterMessageCount":0,"scheduledMessageCount":0,"transferMessageCount":0,"transferDeadLetterMessageCount":0}}}'
    headers:
      cache-control:
      - no-cache
      content-length:
      - '930'
      content-type:
      - application/json; charset=utf-8
      date:
      - Tue, 10 May 2022 05:38:01 GMT
      expires:
      - '-1'
      pragma:
      - no-cache
      server:
      - Service-Bus-Resource-Provider/CH3
      - Microsoft-HTTPAPI/2.0
      server-sb:
      - Service-Bus-Resource-Provider/CH3
      strict-transport-security:
      - max-age=31536000; includeSubDomains
      transfer-encoding:
      - chunked
      vary:
      - Accept-Encoding
      x-content-type-options:
      - nosniff
      x-ms-ratelimit-remaining-subscription-writes:
      - '1199'
    status:
      code: 200
      message: OK
- request:
    body: null
    headers:
      Accept:
      - application/json
      Accept-Encoding:
      - gzip, deflate
      CommandName:
      - servicebus topic update
      Connection:
      - keep-alive
      ParameterSetName:
      - --resource-group --namespace-name --name --default-message-time-to-live
      User-Agent:
      - AZURECLI/2.34.1 azsdk-python-azure-mgmt-servicebus/7.1.0 Python/3.8.0 (Windows-10-10.0.22000-SP0)
    method: GET
    uri: https://management.azure.com/subscriptions/00000000-0000-0000-0000-000000000000/resourceGroups/cli_test_sb_topic000001/providers/Microsoft.ServiceBus/namespaces/sb-nscli000002/topics/sb-topiccli000004?api-version=2021-06-01-preview
  response:
    body:
      string: '{"id":"/subscriptions/00000000-0000-0000-0000-000000000000/resourceGroups/cli_test_sb_topic000001/providers/Microsoft.ServiceBus/namespaces/sb-nscli000002/topics/sb-topiccli000004","name":"sb-topiccli000004","type":"Microsoft.ServiceBus/Namespaces/Topics","location":"West
        US","properties":{"maxMessageSizeInKilobytes":256,"defaultMessageTimeToLive":"P7D","maxSizeInMegabytes":1024,"requiresDuplicateDetection":false,"duplicateDetectionHistoryTimeWindow":"PT10M","enableBatchedOperations":true,"sizeInBytes":0,"status":"Active","supportOrdering":true,"autoDeleteOnIdle":"P10675199DT2H48M5.4775807S","enablePartitioning":false,"enableExpress":false,"createdAt":"2022-05-10T05:37:54.263Z","updatedAt":"2022-05-10T05:38:02.137Z","accessedAt":"0001-01-01T00:00:00Z","subscriptionCount":0,"countDetails":{"activeMessageCount":0,"deadLetterMessageCount":0,"scheduledMessageCount":0,"transferMessageCount":0,"transferDeadLetterMessageCount":0}}}'
    headers:
      cache-control:
      - no-cache
      content-length:
      - '938'
      content-type:
      - application/json; charset=utf-8
      date:
      - Tue, 10 May 2022 05:38:04 GMT
      expires:
      - '-1'
      pragma:
      - no-cache
      server:
      - Service-Bus-Resource-Provider/CH3
      - Microsoft-HTTPAPI/2.0
      server-sb:
      - Service-Bus-Resource-Provider/CH3
      strict-transport-security:
      - max-age=31536000; includeSubDomains
      transfer-encoding:
      - chunked
      vary:
      - Accept-Encoding
      x-content-type-options:
      - nosniff
    status:
      code: 200
      message: OK
- request:
    body: '{"properties": {"defaultMessageTimeToLive": "P2D", "maxSizeInMegabytes":
      1024, "maxMessageSizeInKilobytes": 256, "requiresDuplicateDetection": false,
      "duplicateDetectionHistoryTimeWindow": "PT10M", "enableBatchedOperations": true,
      "status": "Active", "supportOrdering": true, "enablePartitioning": false, "enableExpress":
      false}}'
    headers:
      Accept:
      - application/json
      Accept-Encoding:
      - gzip, deflate
      CommandName:
      - servicebus topic update
      Connection:
      - keep-alive
      Content-Length:
      - '329'
      Content-Type:
      - application/json
      ParameterSetName:
      - --resource-group --namespace-name --name --default-message-time-to-live
      User-Agent:
      - AZURECLI/2.34.1 azsdk-python-azure-mgmt-servicebus/7.1.0 Python/3.8.0 (Windows-10-10.0.22000-SP0)
    method: PUT
    uri: https://management.azure.com/subscriptions/00000000-0000-0000-0000-000000000000/resourceGroups/cli_test_sb_topic000001/providers/Microsoft.ServiceBus/namespaces/sb-nscli000002/topics/sb-topiccli000004?api-version=2021-06-01-preview
  response:
    body:
      string: '{"id":"/subscriptions/00000000-0000-0000-0000-000000000000/resourceGroups/cli_test_sb_topic000001/providers/Microsoft.ServiceBus/namespaces/sb-nscli000002/topics/sb-topiccli000004","name":"sb-topiccli000004","type":"Microsoft.ServiceBus/Namespaces/Topics","location":"West
        US","properties":{"maxMessageSizeInKilobytes":256,"defaultMessageTimeToLive":"P2D","maxSizeInMegabytes":1024,"requiresDuplicateDetection":false,"duplicateDetectionHistoryTimeWindow":"PT10M","enableBatchedOperations":true,"sizeInBytes":0,"status":"Active","supportOrdering":true,"autoDeleteOnIdle":"P10675199DT2H48M5.4775807S","enablePartitioning":false,"enableExpress":false,"createdAt":"0001-01-01T00:00:00Z","updatedAt":"0001-01-01T00:00:00Z","accessedAt":"0001-01-01T00:00:00Z","subscriptionCount":0,"countDetails":{"activeMessageCount":0,"deadLetterMessageCount":0,"scheduledMessageCount":0,"transferMessageCount":0,"transferDeadLetterMessageCount":0}}}'
    headers:
      cache-control:
      - no-cache
      content-length:
      - '930'
      content-type:
      - application/json; charset=utf-8
      date:
      - Tue, 10 May 2022 05:38:07 GMT
      expires:
      - '-1'
      pragma:
      - no-cache
      server:
      - Service-Bus-Resource-Provider/CH3
      - Microsoft-HTTPAPI/2.0
      server-sb:
      - Service-Bus-Resource-Provider/CH3
      strict-transport-security:
      - max-age=31536000; includeSubDomains
      transfer-encoding:
      - chunked
      vary:
      - Accept-Encoding
      x-content-type-options:
      - nosniff
      x-ms-ratelimit-remaining-subscription-writes:
      - '1199'
    status:
      code: 200
      message: OK
- request:
    body: null
    headers:
      Accept:
      - application/json
      Accept-Encoding:
      - gzip, deflate
      CommandName:
      - servicebus topic update
      Connection:
      - keep-alive
      ParameterSetName:
      - --resource-group --namespace-name --name --default-message-time-to-live
      User-Agent:
      - AZURECLI/2.34.1 azsdk-python-azure-mgmt-servicebus/7.1.0 Python/3.8.0 (Windows-10-10.0.22000-SP0)
    method: GET
    uri: https://management.azure.com/subscriptions/00000000-0000-0000-0000-000000000000/resourceGroups/cli_test_sb_topic000001/providers/Microsoft.ServiceBus/namespaces/sb-nscli000002/topics/sb-topiccli000004?api-version=2021-06-01-preview
  response:
    body:
      string: '{"id":"/subscriptions/00000000-0000-0000-0000-000000000000/resourceGroups/cli_test_sb_topic000001/providers/Microsoft.ServiceBus/namespaces/sb-nscli000002/topics/sb-topiccli000004","name":"sb-topiccli000004","type":"Microsoft.ServiceBus/Namespaces/Topics","location":"West
        US","properties":{"maxMessageSizeInKilobytes":256,"defaultMessageTimeToLive":"P2D","maxSizeInMegabytes":1024,"requiresDuplicateDetection":false,"duplicateDetectionHistoryTimeWindow":"PT10M","enableBatchedOperations":true,"sizeInBytes":0,"status":"Active","supportOrdering":true,"autoDeleteOnIdle":"P10675199DT2H48M5.4775807S","enablePartitioning":false,"enableExpress":false,"createdAt":"2022-05-10T05:37:54.263Z","updatedAt":"2022-05-10T05:38:08.163Z","accessedAt":"0001-01-01T00:00:00Z","subscriptionCount":0,"countDetails":{"activeMessageCount":0,"deadLetterMessageCount":0,"scheduledMessageCount":0,"transferMessageCount":0,"transferDeadLetterMessageCount":0}}}'
    headers:
      cache-control:
      - no-cache
      content-length:
      - '938'
      content-type:
      - application/json; charset=utf-8
      date:
      - Tue, 10 May 2022 05:38:09 GMT
      expires:
      - '-1'
      pragma:
      - no-cache
      server:
      - Service-Bus-Resource-Provider/SN1
      - Microsoft-HTTPAPI/2.0
      server-sb:
      - Service-Bus-Resource-Provider/SN1
      strict-transport-security:
      - max-age=31536000; includeSubDomains
      transfer-encoding:
      - chunked
      vary:
      - Accept-Encoding
      x-content-type-options:
      - nosniff
    status:
      code: 200
      message: OK
- request:
    body: '{"properties": {"defaultMessageTimeToLive": "PT3H4M23S", "maxSizeInMegabytes":
      1024, "maxMessageSizeInKilobytes": 256, "requiresDuplicateDetection": false,
      "duplicateDetectionHistoryTimeWindow": "PT10M", "enableBatchedOperations": true,
      "status": "Active", "supportOrdering": true, "enablePartitioning": false, "enableExpress":
      false}}'
    headers:
      Accept:
      - application/json
      Accept-Encoding:
      - gzip, deflate
      CommandName:
      - servicebus topic update
      Connection:
      - keep-alive
      Content-Length:
      - '335'
      Content-Type:
      - application/json
      ParameterSetName:
      - --resource-group --namespace-name --name --default-message-time-to-live
      User-Agent:
      - AZURECLI/2.34.1 azsdk-python-azure-mgmt-servicebus/7.1.0 Python/3.8.0 (Windows-10-10.0.22000-SP0)
    method: PUT
    uri: https://management.azure.com/subscriptions/00000000-0000-0000-0000-000000000000/resourceGroups/cli_test_sb_topic000001/providers/Microsoft.ServiceBus/namespaces/sb-nscli000002/topics/sb-topiccli000004?api-version=2021-06-01-preview
  response:
    body:
      string: '{"id":"/subscriptions/00000000-0000-0000-0000-000000000000/resourceGroups/cli_test_sb_topic000001/providers/Microsoft.ServiceBus/namespaces/sb-nscli000002/topics/sb-topiccli000004","name":"sb-topiccli000004","type":"Microsoft.ServiceBus/Namespaces/Topics","location":"West
        US","properties":{"maxMessageSizeInKilobytes":256,"defaultMessageTimeToLive":"PT3H4M23S","maxSizeInMegabytes":1024,"requiresDuplicateDetection":false,"duplicateDetectionHistoryTimeWindow":"PT10M","enableBatchedOperations":true,"sizeInBytes":0,"status":"Active","supportOrdering":true,"autoDeleteOnIdle":"P10675199DT2H48M5.4775807S","enablePartitioning":false,"enableExpress":false,"createdAt":"0001-01-01T00:00:00Z","updatedAt":"0001-01-01T00:00:00Z","accessedAt":"0001-01-01T00:00:00Z","subscriptionCount":0,"countDetails":{"activeMessageCount":0,"deadLetterMessageCount":0,"scheduledMessageCount":0,"transferMessageCount":0,"transferDeadLetterMessageCount":0}}}'
    headers:
      cache-control:
      - no-cache
      content-length:
      - '936'
      content-type:
      - application/json; charset=utf-8
      date:
      - Tue, 10 May 2022 05:38:09 GMT
      expires:
      - '-1'
      pragma:
      - no-cache
      server:
      - Service-Bus-Resource-Provider/CH3
      - Microsoft-HTTPAPI/2.0
      server-sb:
      - Service-Bus-Resource-Provider/CH3
      strict-transport-security:
      - max-age=31536000; includeSubDomains
      transfer-encoding:
      - chunked
      vary:
      - Accept-Encoding
      x-content-type-options:
      - nosniff
      x-ms-ratelimit-remaining-subscription-writes:
      - '1198'
    status:
      code: 200
      message: OK
- request:
    body: null
    headers:
      Accept:
      - application/json
      Accept-Encoding:
      - gzip, deflate
      CommandName:
      - servicebus topic update
      Connection:
      - keep-alive
      ParameterSetName:
      - --resource-group --namespace-name --name --default-message-time-to-live
      User-Agent:
      - AZURECLI/2.34.1 azsdk-python-azure-mgmt-servicebus/7.1.0 Python/3.8.0 (Windows-10-10.0.22000-SP0)
    method: GET
    uri: https://management.azure.com/subscriptions/00000000-0000-0000-0000-000000000000/resourceGroups/cli_test_sb_topic000001/providers/Microsoft.ServiceBus/namespaces/sb-nscli000002/topics/sb-topiccli000004?api-version=2021-06-01-preview
  response:
    body:
      string: '{"id":"/subscriptions/00000000-0000-0000-0000-000000000000/resourceGroups/cli_test_sb_topic000001/providers/Microsoft.ServiceBus/namespaces/sb-nscli000002/topics/sb-topiccli000004","name":"sb-topiccli000004","type":"Microsoft.ServiceBus/Namespaces/Topics","location":"West
        US","properties":{"maxMessageSizeInKilobytes":256,"defaultMessageTimeToLive":"PT3H4M23S","maxSizeInMegabytes":1024,"requiresDuplicateDetection":false,"duplicateDetectionHistoryTimeWindow":"PT10M","enableBatchedOperations":true,"sizeInBytes":0,"status":"Active","supportOrdering":true,"autoDeleteOnIdle":"P10675199DT2H48M5.4775807S","enablePartitioning":false,"enableExpress":false,"createdAt":"2022-05-10T05:37:54.263Z","updatedAt":"2022-05-10T05:38:10.177Z","accessedAt":"0001-01-01T00:00:00Z","subscriptionCount":0,"countDetails":{"activeMessageCount":0,"deadLetterMessageCount":0,"scheduledMessageCount":0,"transferMessageCount":0,"transferDeadLetterMessageCount":0}}}'
    headers:
      cache-control:
      - no-cache
      content-length:
      - '944'
      content-type:
      - application/json; charset=utf-8
      date:
      - Tue, 10 May 2022 05:38:12 GMT
      expires:
      - '-1'
      pragma:
      - no-cache
      server:
      - Service-Bus-Resource-Provider/SN1
      - Microsoft-HTTPAPI/2.0
      server-sb:
      - Service-Bus-Resource-Provider/SN1
      strict-transport-security:
      - max-age=31536000; includeSubDomains
      transfer-encoding:
      - chunked
      vary:
      - Accept-Encoding
      x-content-type-options:
      - nosniff
    status:
      code: 200
      message: OK
- request:
    body: '{"properties": {"defaultMessageTimeToLive": "P1Y3M2D", "maxSizeInMegabytes":
      1024, "maxMessageSizeInKilobytes": 256, "requiresDuplicateDetection": false,
      "duplicateDetectionHistoryTimeWindow": "PT10M", "enableBatchedOperations": true,
      "status": "Active", "supportOrdering": true, "enablePartitioning": false, "enableExpress":
      false}}'
    headers:
      Accept:
      - application/json
      Accept-Encoding:
      - gzip, deflate
      CommandName:
      - servicebus topic update
      Connection:
      - keep-alive
      Content-Length:
      - '333'
      Content-Type:
      - application/json
      ParameterSetName:
      - --resource-group --namespace-name --name --default-message-time-to-live
      User-Agent:
      - AZURECLI/2.34.1 azsdk-python-azure-mgmt-servicebus/7.1.0 Python/3.8.0 (Windows-10-10.0.22000-SP0)
    method: PUT
    uri: https://management.azure.com/subscriptions/00000000-0000-0000-0000-000000000000/resourceGroups/cli_test_sb_topic000001/providers/Microsoft.ServiceBus/namespaces/sb-nscli000002/topics/sb-topiccli000004?api-version=2021-06-01-preview
  response:
    body:
      string: '{"id":"/subscriptions/00000000-0000-0000-0000-000000000000/resourceGroups/cli_test_sb_topic000001/providers/Microsoft.ServiceBus/namespaces/sb-nscli000002/topics/sb-topiccli000004","name":"sb-topiccli000004","type":"Microsoft.ServiceBus/Namespaces/Topics","location":"West
        US","properties":{"maxMessageSizeInKilobytes":256,"defaultMessageTimeToLive":"P457D","maxSizeInMegabytes":1024,"requiresDuplicateDetection":false,"duplicateDetectionHistoryTimeWindow":"PT10M","enableBatchedOperations":true,"sizeInBytes":0,"status":"Active","supportOrdering":true,"autoDeleteOnIdle":"P10675199DT2H48M5.4775807S","enablePartitioning":false,"enableExpress":false,"createdAt":"0001-01-01T00:00:00Z","updatedAt":"0001-01-01T00:00:00Z","accessedAt":"0001-01-01T00:00:00Z","subscriptionCount":0,"countDetails":{"activeMessageCount":0,"deadLetterMessageCount":0,"scheduledMessageCount":0,"transferMessageCount":0,"transferDeadLetterMessageCount":0}}}'
    headers:
      cache-control:
      - no-cache
      content-length:
      - '932'
      content-type:
      - application/json; charset=utf-8
      date:
      - Tue, 10 May 2022 05:38:13 GMT
      expires:
      - '-1'
      pragma:
      - no-cache
      server:
      - Service-Bus-Resource-Provider/CH3
      - Microsoft-HTTPAPI/2.0
      server-sb:
      - Service-Bus-Resource-Provider/CH3
      strict-transport-security:
      - max-age=31536000; includeSubDomains
      transfer-encoding:
      - chunked
      vary:
      - Accept-Encoding
      x-content-type-options:
      - nosniff
      x-ms-ratelimit-remaining-subscription-writes:
      - '1198'
    status:
      code: 200
      message: OK
- request:
    body: null
    headers:
      Accept:
      - application/json
      Accept-Encoding:
      - gzip, deflate
      CommandName:
      - servicebus topic update
      Connection:
      - keep-alive
      ParameterSetName:
      - --resource-group --namespace-name --name --default-message-time-to-live
      User-Agent:
      - AZURECLI/2.34.1 azsdk-python-azure-mgmt-servicebus/7.1.0 Python/3.8.0 (Windows-10-10.0.22000-SP0)
    method: GET
    uri: https://management.azure.com/subscriptions/00000000-0000-0000-0000-000000000000/resourceGroups/cli_test_sb_topic000001/providers/Microsoft.ServiceBus/namespaces/sb-nscli000002/topics/sb-topiccli000004?api-version=2021-06-01-preview
  response:
    body:
      string: '{"id":"/subscriptions/00000000-0000-0000-0000-000000000000/resourceGroups/cli_test_sb_topic000001/providers/Microsoft.ServiceBus/namespaces/sb-nscli000002/topics/sb-topiccli000004","name":"sb-topiccli000004","type":"Microsoft.ServiceBus/Namespaces/Topics","location":"West
        US","properties":{"maxMessageSizeInKilobytes":256,"defaultMessageTimeToLive":"P457D","maxSizeInMegabytes":1024,"requiresDuplicateDetection":false,"duplicateDetectionHistoryTimeWindow":"PT10M","enableBatchedOperations":true,"sizeInBytes":0,"status":"Active","supportOrdering":true,"autoDeleteOnIdle":"P10675199DT2H48M5.4775807S","enablePartitioning":false,"enableExpress":false,"createdAt":"2022-05-10T05:37:54.263Z","updatedAt":"2022-05-10T05:38:13.737Z","accessedAt":"0001-01-01T00:00:00Z","subscriptionCount":0,"countDetails":{"activeMessageCount":0,"deadLetterMessageCount":0,"scheduledMessageCount":0,"transferMessageCount":0,"transferDeadLetterMessageCount":0}}}'
    headers:
      cache-control:
      - no-cache
      content-length:
      - '940'
      content-type:
      - application/json; charset=utf-8
      date:
      - Tue, 10 May 2022 05:38:15 GMT
      expires:
      - '-1'
      pragma:
      - no-cache
      server:
      - Service-Bus-Resource-Provider/SN1
      - Microsoft-HTTPAPI/2.0
      server-sb:
      - Service-Bus-Resource-Provider/SN1
      strict-transport-security:
      - max-age=31536000; includeSubDomains
      transfer-encoding:
      - chunked
      vary:
      - Accept-Encoding
      x-content-type-options:
      - nosniff
    status:
      code: 200
      message: OK
- request:
    body: '{"properties": {"defaultMessageTimeToLive": "P1Y2M3DT3H11M2S", "maxSizeInMegabytes":
      1024, "maxMessageSizeInKilobytes": 256, "requiresDuplicateDetection": false,
      "duplicateDetectionHistoryTimeWindow": "PT10M", "enableBatchedOperations": true,
      "status": "Active", "supportOrdering": true, "enablePartitioning": false, "enableExpress":
      false}}'
    headers:
      Accept:
      - application/json
      Accept-Encoding:
      - gzip, deflate
      CommandName:
      - servicebus topic update
      Connection:
      - keep-alive
      Content-Length:
      - '341'
      Content-Type:
      - application/json
      ParameterSetName:
      - --resource-group --namespace-name --name --default-message-time-to-live
      User-Agent:
      - AZURECLI/2.34.1 azsdk-python-azure-mgmt-servicebus/7.1.0 Python/3.8.0 (Windows-10-10.0.22000-SP0)
    method: PUT
    uri: https://management.azure.com/subscriptions/00000000-0000-0000-0000-000000000000/resourceGroups/cli_test_sb_topic000001/providers/Microsoft.ServiceBus/namespaces/sb-nscli000002/topics/sb-topiccli000004?api-version=2021-06-01-preview
  response:
    body:
      string: '{"id":"/subscriptions/00000000-0000-0000-0000-000000000000/resourceGroups/cli_test_sb_topic000001/providers/Microsoft.ServiceBus/namespaces/sb-nscli000002/topics/sb-topiccli000004","name":"sb-topiccli000004","type":"Microsoft.ServiceBus/Namespaces/Topics","location":"West
        US","properties":{"maxMessageSizeInKilobytes":256,"defaultMessageTimeToLive":"P428DT3H11M2S","maxSizeInMegabytes":1024,"requiresDuplicateDetection":false,"duplicateDetectionHistoryTimeWindow":"PT10M","enableBatchedOperations":true,"sizeInBytes":0,"status":"Active","supportOrdering":true,"autoDeleteOnIdle":"P10675199DT2H48M5.4775807S","enablePartitioning":false,"enableExpress":false,"createdAt":"0001-01-01T00:00:00Z","updatedAt":"0001-01-01T00:00:00Z","accessedAt":"0001-01-01T00:00:00Z","subscriptionCount":0,"countDetails":{"activeMessageCount":0,"deadLetterMessageCount":0,"scheduledMessageCount":0,"transferMessageCount":0,"transferDeadLetterMessageCount":0}}}'
    headers:
      cache-control:
      - no-cache
      content-length:
      - '940'
      content-type:
      - application/json; charset=utf-8
      date:
      - Tue, 10 May 2022 05:38:19 GMT
      expires:
      - '-1'
      pragma:
      - no-cache
      server:
      - Service-Bus-Resource-Provider/SN1
      - Microsoft-HTTPAPI/2.0
      server-sb:
      - Service-Bus-Resource-Provider/SN1
      strict-transport-security:
      - max-age=31536000; includeSubDomains
      transfer-encoding:
      - chunked
      vary:
      - Accept-Encoding
      x-content-type-options:
      - nosniff
      x-ms-ratelimit-remaining-subscription-writes:
      - '1199'
    status:
      code: 200
      message: OK
- request:
    body: null
    headers:
      Accept:
      - application/json
      Accept-Encoding:
      - gzip, deflate
      CommandName:
      - servicebus topic update
      Connection:
      - keep-alive
      ParameterSetName:
      - --resource-group --namespace-name --name --default-message-time-to-live
      User-Agent:
      - AZURECLI/2.34.1 azsdk-python-azure-mgmt-servicebus/7.1.0 Python/3.8.0 (Windows-10-10.0.22000-SP0)
    method: GET
    uri: https://management.azure.com/subscriptions/00000000-0000-0000-0000-000000000000/resourceGroups/cli_test_sb_topic000001/providers/Microsoft.ServiceBus/namespaces/sb-nscli000002/topics/sb-topiccli000004?api-version=2021-06-01-preview
  response:
    body:
      string: '{"id":"/subscriptions/00000000-0000-0000-0000-000000000000/resourceGroups/cli_test_sb_topic000001/providers/Microsoft.ServiceBus/namespaces/sb-nscli000002/topics/sb-topiccli000004","name":"sb-topiccli000004","type":"Microsoft.ServiceBus/Namespaces/Topics","location":"West
        US","properties":{"maxMessageSizeInKilobytes":256,"defaultMessageTimeToLive":"P428DT3H11M2S","maxSizeInMegabytes":1024,"requiresDuplicateDetection":false,"duplicateDetectionHistoryTimeWindow":"PT10M","enableBatchedOperations":true,"sizeInBytes":0,"status":"Active","supportOrdering":true,"autoDeleteOnIdle":"P10675199DT2H48M5.4775807S","enablePartitioning":false,"enableExpress":false,"createdAt":"2022-05-10T05:37:54.2890061Z","updatedAt":"2022-05-10T05:38:19.5105922Z","accessedAt":"0001-01-01T00:00:00Z","subscriptionCount":0,"countDetails":{"activeMessageCount":0,"deadLetterMessageCount":0,"scheduledMessageCount":0,"transferMessageCount":0,"transferDeadLetterMessageCount":0}}}'
    headers:
      cache-control:
      - no-cache
      content-length:
      - '956'
      content-type:
      - application/json; charset=utf-8
      date:
      - Tue, 10 May 2022 05:38:20 GMT
      expires:
      - '-1'
      pragma:
      - no-cache
      server:
      - Service-Bus-Resource-Provider/CH3
      - Microsoft-HTTPAPI/2.0
      server-sb:
      - Service-Bus-Resource-Provider/CH3
      strict-transport-security:
      - max-age=31536000; includeSubDomains
      transfer-encoding:
      - chunked
      vary:
      - Accept-Encoding
      x-content-type-options:
      - nosniff
    status:
      code: 200
      message: OK
- request:
    body: '{"properties": {"defaultMessageTimeToLive": "P1Y", "maxSizeInMegabytes":
      1024, "maxMessageSizeInKilobytes": 256, "requiresDuplicateDetection": false,
      "duplicateDetectionHistoryTimeWindow": "PT10M", "enableBatchedOperations": true,
      "status": "Active", "supportOrdering": true, "enablePartitioning": false, "enableExpress":
      false}}'
    headers:
      Accept:
      - application/json
      Accept-Encoding:
      - gzip, deflate
      CommandName:
      - servicebus topic update
      Connection:
      - keep-alive
      Content-Length:
      - '329'
      Content-Type:
      - application/json
      ParameterSetName:
      - --resource-group --namespace-name --name --default-message-time-to-live
      User-Agent:
      - AZURECLI/2.34.1 azsdk-python-azure-mgmt-servicebus/7.1.0 Python/3.8.0 (Windows-10-10.0.22000-SP0)
    method: PUT
    uri: https://management.azure.com/subscriptions/00000000-0000-0000-0000-000000000000/resourceGroups/cli_test_sb_topic000001/providers/Microsoft.ServiceBus/namespaces/sb-nscli000002/topics/sb-topiccli000004?api-version=2021-06-01-preview
  response:
    body:
      string: '{"id":"/subscriptions/00000000-0000-0000-0000-000000000000/resourceGroups/cli_test_sb_topic000001/providers/Microsoft.ServiceBus/namespaces/sb-nscli000002/topics/sb-topiccli000004","name":"sb-topiccli000004","type":"Microsoft.ServiceBus/Namespaces/Topics","location":"West
        US","properties":{"maxMessageSizeInKilobytes":256,"defaultMessageTimeToLive":"P365D","maxSizeInMegabytes":1024,"requiresDuplicateDetection":false,"duplicateDetectionHistoryTimeWindow":"PT10M","enableBatchedOperations":true,"sizeInBytes":0,"status":"Active","supportOrdering":true,"autoDeleteOnIdle":"P10675199DT2H48M5.4775807S","enablePartitioning":false,"enableExpress":false,"createdAt":"0001-01-01T00:00:00Z","updatedAt":"0001-01-01T00:00:00Z","accessedAt":"0001-01-01T00:00:00Z","subscriptionCount":0,"countDetails":{"activeMessageCount":0,"deadLetterMessageCount":0,"scheduledMessageCount":0,"transferMessageCount":0,"transferDeadLetterMessageCount":0}}}'
    headers:
      cache-control:
      - no-cache
      content-length:
      - '932'
      content-type:
      - application/json; charset=utf-8
      date:
      - Tue, 10 May 2022 05:38:23 GMT
      expires:
      - '-1'
      pragma:
      - no-cache
      server:
      - Service-Bus-Resource-Provider/CH3
      - Microsoft-HTTPAPI/2.0
      server-sb:
      - Service-Bus-Resource-Provider/CH3
      strict-transport-security:
      - max-age=31536000; includeSubDomains
      transfer-encoding:
      - chunked
      vary:
      - Accept-Encoding
      x-content-type-options:
      - nosniff
      x-ms-ratelimit-remaining-subscription-writes:
      - '1199'
    status:
      code: 200
      message: OK
- request:
    body: null
    headers:
      Accept:
      - application/json
      Accept-Encoding:
      - gzip, deflate
      CommandName:
      - servicebus topic update
      Connection:
      - keep-alive
      ParameterSetName:
      - --resource-group --namespace-name --name --enable-batched-operations
      User-Agent:
      - AZURECLI/2.34.1 azsdk-python-azure-mgmt-servicebus/7.1.0 Python/3.8.0 (Windows-10-10.0.22000-SP0)
    method: GET
    uri: https://management.azure.com/subscriptions/00000000-0000-0000-0000-000000000000/resourceGroups/cli_test_sb_topic000001/providers/Microsoft.ServiceBus/namespaces/sb-nscli000002/topics/sb-topiccli000004?api-version=2021-06-01-preview
  response:
    body:
      string: '{"id":"/subscriptions/00000000-0000-0000-0000-000000000000/resourceGroups/cli_test_sb_topic000001/providers/Microsoft.ServiceBus/namespaces/sb-nscli000002/topics/sb-topiccli000004","name":"sb-topiccli000004","type":"Microsoft.ServiceBus/Namespaces/Topics","location":"West
        US","properties":{"maxMessageSizeInKilobytes":256,"defaultMessageTimeToLive":"P365D","maxSizeInMegabytes":1024,"requiresDuplicateDetection":false,"duplicateDetectionHistoryTimeWindow":"PT10M","enableBatchedOperations":true,"sizeInBytes":0,"status":"Active","supportOrdering":true,"autoDeleteOnIdle":"P10675199DT2H48M5.4775807S","enablePartitioning":false,"enableExpress":false,"createdAt":"2022-05-10T05:37:54.2890061Z","updatedAt":"2022-05-10T05:38:24.5743609Z","accessedAt":"0001-01-01T00:00:00Z","subscriptionCount":0,"countDetails":{"activeMessageCount":0,"deadLetterMessageCount":0,"scheduledMessageCount":0,"transferMessageCount":0,"transferDeadLetterMessageCount":0}}}'
    headers:
      cache-control:
      - no-cache
      content-length:
      - '948'
      content-type:
      - application/json; charset=utf-8
      date:
      - Tue, 10 May 2022 05:38:26 GMT
      expires:
      - '-1'
      pragma:
      - no-cache
      server:
      - Service-Bus-Resource-Provider/CH3
      - Microsoft-HTTPAPI/2.0
      server-sb:
      - Service-Bus-Resource-Provider/CH3
      strict-transport-security:
      - max-age=31536000; includeSubDomains
      transfer-encoding:
      - chunked
      vary:
      - Accept-Encoding
      x-content-type-options:
      - nosniff
    status:
      code: 200
      message: OK
- request:
    body: '{"properties": {"defaultMessageTimeToLive": "P365D", "maxSizeInMegabytes":
      1024, "maxMessageSizeInKilobytes": 256, "requiresDuplicateDetection": false,
      "duplicateDetectionHistoryTimeWindow": "PT10M", "enableBatchedOperations": false,
      "status": "Active", "supportOrdering": true, "enablePartitioning": false, "enableExpress":
      false}}'
    headers:
      Accept:
      - application/json
      Accept-Encoding:
      - gzip, deflate
      CommandName:
      - servicebus topic update
      Connection:
      - keep-alive
      Content-Length:
      - '332'
      Content-Type:
      - application/json
      ParameterSetName:
      - --resource-group --namespace-name --name --enable-batched-operations
      User-Agent:
      - AZURECLI/2.34.1 azsdk-python-azure-mgmt-servicebus/7.1.0 Python/3.8.0 (Windows-10-10.0.22000-SP0)
    method: PUT
    uri: https://management.azure.com/subscriptions/00000000-0000-0000-0000-000000000000/resourceGroups/cli_test_sb_topic000001/providers/Microsoft.ServiceBus/namespaces/sb-nscli000002/topics/sb-topiccli000004?api-version=2021-06-01-preview
  response:
    body:
      string: '{"id":"/subscriptions/00000000-0000-0000-0000-000000000000/resourceGroups/cli_test_sb_topic000001/providers/Microsoft.ServiceBus/namespaces/sb-nscli000002/topics/sb-topiccli000004","name":"sb-topiccli000004","type":"Microsoft.ServiceBus/Namespaces/Topics","location":"West
        US","properties":{"maxMessageSizeInKilobytes":256,"defaultMessageTimeToLive":"P365D","maxSizeInMegabytes":1024,"requiresDuplicateDetection":false,"duplicateDetectionHistoryTimeWindow":"PT10M","enableBatchedOperations":false,"sizeInBytes":0,"status":"Active","supportOrdering":true,"autoDeleteOnIdle":"P10675199DT2H48M5.4775807S","enablePartitioning":false,"enableExpress":false,"createdAt":"0001-01-01T00:00:00Z","updatedAt":"0001-01-01T00:00:00Z","accessedAt":"0001-01-01T00:00:00Z","subscriptionCount":0,"countDetails":{"activeMessageCount":0,"deadLetterMessageCount":0,"scheduledMessageCount":0,"transferMessageCount":0,"transferDeadLetterMessageCount":0}}}'
    headers:
      cache-control:
      - no-cache
      content-length:
      - '933'
      content-type:
      - application/json; charset=utf-8
      date:
      - Tue, 10 May 2022 05:38:28 GMT
      expires:
      - '-1'
      pragma:
      - no-cache
      server:
      - Service-Bus-Resource-Provider/CH3
      - Microsoft-HTTPAPI/2.0
      server-sb:
      - Service-Bus-Resource-Provider/CH3
      strict-transport-security:
      - max-age=31536000; includeSubDomains
      transfer-encoding:
      - chunked
      vary:
      - Accept-Encoding
      x-content-type-options:
      - nosniff
      x-ms-ratelimit-remaining-subscription-writes:
      - '1199'
    status:
      code: 200
      message: OK
- request:
    body: null
    headers:
      Accept:
      - application/json
      Accept-Encoding:
      - gzip, deflate
      CommandName:
      - servicebus topic update
      Connection:
      - keep-alive
      ParameterSetName:
      - --resource-group --namespace-name --name --enable-batched-operations
      User-Agent:
      - AZURECLI/2.34.1 azsdk-python-azure-mgmt-servicebus/7.1.0 Python/3.8.0 (Windows-10-10.0.22000-SP0)
    method: GET
    uri: https://management.azure.com/subscriptions/00000000-0000-0000-0000-000000000000/resourceGroups/cli_test_sb_topic000001/providers/Microsoft.ServiceBus/namespaces/sb-nscli000002/topics/sb-topiccli000004?api-version=2021-06-01-preview
  response:
    body:
      string: '{"id":"/subscriptions/00000000-0000-0000-0000-000000000000/resourceGroups/cli_test_sb_topic000001/providers/Microsoft.ServiceBus/namespaces/sb-nscli000002/topics/sb-topiccli000004","name":"sb-topiccli000004","type":"Microsoft.ServiceBus/Namespaces/Topics","location":"West
        US","properties":{"maxMessageSizeInKilobytes":256,"defaultMessageTimeToLive":"P365D","maxSizeInMegabytes":1024,"requiresDuplicateDetection":false,"duplicateDetectionHistoryTimeWindow":"PT10M","enableBatchedOperations":false,"sizeInBytes":0,"status":"Active","supportOrdering":true,"autoDeleteOnIdle":"P10675199DT2H48M5.4775807S","enablePartitioning":false,"enableExpress":false,"createdAt":"2022-05-10T05:37:54.2890061Z","updatedAt":"2022-05-10T05:38:28.9501345Z","accessedAt":"0001-01-01T00:00:00Z","subscriptionCount":0,"countDetails":{"activeMessageCount":0,"deadLetterMessageCount":0,"scheduledMessageCount":0,"transferMessageCount":0,"transferDeadLetterMessageCount":0}}}'
    headers:
      cache-control:
      - no-cache
      content-length:
      - '949'
      content-type:
      - application/json; charset=utf-8
      date:
      - Tue, 10 May 2022 05:38:29 GMT
      expires:
      - '-1'
      pragma:
      - no-cache
      server:
      - Service-Bus-Resource-Provider/CH3
      - Microsoft-HTTPAPI/2.0
      server-sb:
      - Service-Bus-Resource-Provider/CH3
      strict-transport-security:
      - max-age=31536000; includeSubDomains
      transfer-encoding:
      - chunked
      vary:
      - Accept-Encoding
      x-content-type-options:
      - nosniff
    status:
      code: 200
      message: OK
- request:
    body: '{"properties": {"defaultMessageTimeToLive": "P365D", "maxSizeInMegabytes":
      1024, "maxMessageSizeInKilobytes": 256, "requiresDuplicateDetection": false,
      "duplicateDetectionHistoryTimeWindow": "PT10M", "enableBatchedOperations": true,
      "status": "Active", "supportOrdering": true, "enablePartitioning": false, "enableExpress":
      false}}'
    headers:
      Accept:
      - application/json
      Accept-Encoding:
      - gzip, deflate
      CommandName:
      - servicebus topic update
      Connection:
      - keep-alive
      Content-Length:
      - '331'
      Content-Type:
      - application/json
      ParameterSetName:
      - --resource-group --namespace-name --name --enable-batched-operations
      User-Agent:
      - AZURECLI/2.34.1 azsdk-python-azure-mgmt-servicebus/7.1.0 Python/3.8.0 (Windows-10-10.0.22000-SP0)
    method: PUT
    uri: https://management.azure.com/subscriptions/00000000-0000-0000-0000-000000000000/resourceGroups/cli_test_sb_topic000001/providers/Microsoft.ServiceBus/namespaces/sb-nscli000002/topics/sb-topiccli000004?api-version=2021-06-01-preview
  response:
    body:
      string: '{"id":"/subscriptions/00000000-0000-0000-0000-000000000000/resourceGroups/cli_test_sb_topic000001/providers/Microsoft.ServiceBus/namespaces/sb-nscli000002/topics/sb-topiccli000004","name":"sb-topiccli000004","type":"Microsoft.ServiceBus/Namespaces/Topics","location":"West
        US","properties":{"maxMessageSizeInKilobytes":256,"defaultMessageTimeToLive":"P365D","maxSizeInMegabytes":1024,"requiresDuplicateDetection":false,"duplicateDetectionHistoryTimeWindow":"PT10M","enableBatchedOperations":true,"sizeInBytes":0,"status":"Active","supportOrdering":true,"autoDeleteOnIdle":"P10675199DT2H48M5.4775807S","enablePartitioning":false,"enableExpress":false,"createdAt":"0001-01-01T00:00:00Z","updatedAt":"0001-01-01T00:00:00Z","accessedAt":"0001-01-01T00:00:00Z","subscriptionCount":0,"countDetails":{"activeMessageCount":0,"deadLetterMessageCount":0,"scheduledMessageCount":0,"transferMessageCount":0,"transferDeadLetterMessageCount":0}}}'
    headers:
      cache-control:
      - no-cache
      content-length:
      - '932'
      content-type:
      - application/json; charset=utf-8
      date:
      - Tue, 10 May 2022 05:38:33 GMT
      expires:
      - '-1'
      pragma:
      - no-cache
      server:
      - Service-Bus-Resource-Provider/SN1
      - Microsoft-HTTPAPI/2.0
      server-sb:
      - Service-Bus-Resource-Provider/SN1
      strict-transport-security:
      - max-age=31536000; includeSubDomains
      transfer-encoding:
      - chunked
      vary:
      - Accept-Encoding
      x-content-type-options:
      - nosniff
      x-ms-ratelimit-remaining-subscription-writes:
      - '1199'
    status:
      code: 200
      message: OK
- request:
    body: null
    headers:
      Accept:
      - application/json
      Accept-Encoding:
      - gzip, deflate
      CommandName:
      - servicebus topic update
      Connection:
      - keep-alive
      ParameterSetName:
      - --resource-group --namespace-name --name --enable-ordering
      User-Agent:
      - AZURECLI/2.34.1 azsdk-python-azure-mgmt-servicebus/7.1.0 Python/3.8.0 (Windows-10-10.0.22000-SP0)
    method: GET
    uri: https://management.azure.com/subscriptions/00000000-0000-0000-0000-000000000000/resourceGroups/cli_test_sb_topic000001/providers/Microsoft.ServiceBus/namespaces/sb-nscli000002/topics/sb-topiccli000004?api-version=2021-06-01-preview
  response:
    body:
      string: '{"id":"/subscriptions/00000000-0000-0000-0000-000000000000/resourceGroups/cli_test_sb_topic000001/providers/Microsoft.ServiceBus/namespaces/sb-nscli000002/topics/sb-topiccli000004","name":"sb-topiccli000004","type":"Microsoft.ServiceBus/Namespaces/Topics","location":"West
        US","properties":{"maxMessageSizeInKilobytes":256,"defaultMessageTimeToLive":"P365D","maxSizeInMegabytes":1024,"requiresDuplicateDetection":false,"duplicateDetectionHistoryTimeWindow":"PT10M","enableBatchedOperations":true,"sizeInBytes":0,"status":"Active","supportOrdering":true,"autoDeleteOnIdle":"P10675199DT2H48M5.4775807S","enablePartitioning":false,"enableExpress":false,"createdAt":"2022-05-10T05:37:54.2890061Z","updatedAt":"2022-05-10T05:38:33.9034236Z","accessedAt":"0001-01-01T00:00:00Z","subscriptionCount":0,"countDetails":{"activeMessageCount":0,"deadLetterMessageCount":0,"scheduledMessageCount":0,"transferMessageCount":0,"transferDeadLetterMessageCount":0}}}'
    headers:
      cache-control:
      - no-cache
      content-length:
      - '948'
      content-type:
      - application/json; charset=utf-8
      date:
      - Tue, 10 May 2022 05:38:34 GMT
      expires:
      - '-1'
      pragma:
      - no-cache
      server:
      - Service-Bus-Resource-Provider/SN1
      - Microsoft-HTTPAPI/2.0
      server-sb:
      - Service-Bus-Resource-Provider/SN1
      strict-transport-security:
      - max-age=31536000; includeSubDomains
      transfer-encoding:
      - chunked
      vary:
      - Accept-Encoding
      x-content-type-options:
      - nosniff
    status:
      code: 200
      message: OK
- request:
    body: '{"properties": {"defaultMessageTimeToLive": "P365D", "maxSizeInMegabytes":
      1024, "maxMessageSizeInKilobytes": 256, "requiresDuplicateDetection": false,
      "duplicateDetectionHistoryTimeWindow": "PT10M", "enableBatchedOperations": true,
      "status": "Active", "supportOrdering": true, "enablePartitioning": false, "enableExpress":
      false}}'
    headers:
      Accept:
      - application/json
      Accept-Encoding:
      - gzip, deflate
      CommandName:
      - servicebus topic update
      Connection:
      - keep-alive
      Content-Length:
      - '331'
      Content-Type:
      - application/json
      ParameterSetName:
      - --resource-group --namespace-name --name --enable-ordering
      User-Agent:
      - AZURECLI/2.34.1 azsdk-python-azure-mgmt-servicebus/7.1.0 Python/3.8.0 (Windows-10-10.0.22000-SP0)
    method: PUT
    uri: https://management.azure.com/subscriptions/00000000-0000-0000-0000-000000000000/resourceGroups/cli_test_sb_topic000001/providers/Microsoft.ServiceBus/namespaces/sb-nscli000002/topics/sb-topiccli000004?api-version=2021-06-01-preview
  response:
    body:
      string: '{"id":"/subscriptions/00000000-0000-0000-0000-000000000000/resourceGroups/cli_test_sb_topic000001/providers/Microsoft.ServiceBus/namespaces/sb-nscli000002/topics/sb-topiccli000004","name":"sb-topiccli000004","type":"Microsoft.ServiceBus/Namespaces/Topics","location":"West
        US","properties":{"maxMessageSizeInKilobytes":256,"defaultMessageTimeToLive":"P365D","maxSizeInMegabytes":1024,"requiresDuplicateDetection":false,"duplicateDetectionHistoryTimeWindow":"PT10M","enableBatchedOperations":true,"sizeInBytes":0,"status":"Active","supportOrdering":true,"autoDeleteOnIdle":"P10675199DT2H48M5.4775807S","enablePartitioning":false,"enableExpress":false,"createdAt":"0001-01-01T00:00:00Z","updatedAt":"0001-01-01T00:00:00Z","accessedAt":"0001-01-01T00:00:00Z","subscriptionCount":0,"countDetails":{"activeMessageCount":0,"deadLetterMessageCount":0,"scheduledMessageCount":0,"transferMessageCount":0,"transferDeadLetterMessageCount":0}}}'
    headers:
      cache-control:
      - no-cache
      content-length:
      - '932'
      content-type:
      - application/json; charset=utf-8
      date:
      - Tue, 10 May 2022 05:38:38 GMT
      expires:
      - '-1'
      pragma:
      - no-cache
      server:
      - Service-Bus-Resource-Provider/SN1
      - Microsoft-HTTPAPI/2.0
      server-sb:
      - Service-Bus-Resource-Provider/SN1
      strict-transport-security:
      - max-age=31536000; includeSubDomains
      transfer-encoding:
      - chunked
      vary:
      - Accept-Encoding
      x-content-type-options:
      - nosniff
      x-ms-ratelimit-remaining-subscription-writes:
      - '1199'
    status:
      code: 200
      message: OK
- request:
    body: null
    headers:
      Accept:
      - application/json
      Accept-Encoding:
      - gzip, deflate
      CommandName:
      - servicebus topic update
      Connection:
      - keep-alive
      ParameterSetName:
      - --resource-group --namespace-name --name --enable-batched-operations --enable-ordering
      User-Agent:
      - AZURECLI/2.34.1 azsdk-python-azure-mgmt-servicebus/7.1.0 Python/3.8.0 (Windows-10-10.0.22000-SP0)
    method: GET
    uri: https://management.azure.com/subscriptions/00000000-0000-0000-0000-000000000000/resourceGroups/cli_test_sb_topic000001/providers/Microsoft.ServiceBus/namespaces/sb-nscli000002/topics/sb-topiccli000004?api-version=2021-06-01-preview
  response:
    body:
      string: '{"id":"/subscriptions/00000000-0000-0000-0000-000000000000/resourceGroups/cli_test_sb_topic000001/providers/Microsoft.ServiceBus/namespaces/sb-nscli000002/topics/sb-topiccli000004","name":"sb-topiccli000004","type":"Microsoft.ServiceBus/Namespaces/Topics","location":"West
        US","properties":{"maxMessageSizeInKilobytes":256,"defaultMessageTimeToLive":"P365D","maxSizeInMegabytes":1024,"requiresDuplicateDetection":false,"duplicateDetectionHistoryTimeWindow":"PT10M","enableBatchedOperations":true,"sizeInBytes":0,"status":"Active","supportOrdering":true,"autoDeleteOnIdle":"P10675199DT2H48M5.4775807S","enablePartitioning":false,"enableExpress":false,"createdAt":"2022-05-10T05:37:54.2890061Z","updatedAt":"2022-05-10T05:38:39.5754258Z","accessedAt":"0001-01-01T00:00:00Z","subscriptionCount":0,"countDetails":{"activeMessageCount":0,"deadLetterMessageCount":0,"scheduledMessageCount":0,"transferMessageCount":0,"transferDeadLetterMessageCount":0}}}'
    headers:
      cache-control:
      - no-cache
      content-length:
      - '948'
      content-type:
      - application/json; charset=utf-8
      date:
      - Tue, 10 May 2022 05:38:43 GMT
      expires:
      - '-1'
      pragma:
      - no-cache
      server:
      - Service-Bus-Resource-Provider/SN1
      - Microsoft-HTTPAPI/2.0
      server-sb:
      - Service-Bus-Resource-Provider/SN1
      strict-transport-security:
      - max-age=31536000; includeSubDomains
      transfer-encoding:
      - chunked
      vary:
      - Accept-Encoding
      x-content-type-options:
      - nosniff
    status:
      code: 200
      message: OK
- request:
    body: '{"properties": {"defaultMessageTimeToLive": "P365D", "maxSizeInMegabytes":
      1024, "maxMessageSizeInKilobytes": 256, "requiresDuplicateDetection": false,
      "duplicateDetectionHistoryTimeWindow": "PT10M", "enableBatchedOperations": false,
      "status": "Active", "supportOrdering": false, "enablePartitioning": false, "enableExpress":
      false}}'
    headers:
      Accept:
      - application/json
      Accept-Encoding:
      - gzip, deflate
      CommandName:
      - servicebus topic update
      Connection:
      - keep-alive
      Content-Length:
      - '333'
      Content-Type:
      - application/json
      ParameterSetName:
      - --resource-group --namespace-name --name --enable-batched-operations --enable-ordering
      User-Agent:
      - AZURECLI/2.34.1 azsdk-python-azure-mgmt-servicebus/7.1.0 Python/3.8.0 (Windows-10-10.0.22000-SP0)
    method: PUT
    uri: https://management.azure.com/subscriptions/00000000-0000-0000-0000-000000000000/resourceGroups/cli_test_sb_topic000001/providers/Microsoft.ServiceBus/namespaces/sb-nscli000002/topics/sb-topiccli000004?api-version=2021-06-01-preview
  response:
    body:
      string: '{"id":"/subscriptions/00000000-0000-0000-0000-000000000000/resourceGroups/cli_test_sb_topic000001/providers/Microsoft.ServiceBus/namespaces/sb-nscli000002/topics/sb-topiccli000004","name":"sb-topiccli000004","type":"Microsoft.ServiceBus/Namespaces/Topics","location":"West
        US","properties":{"maxMessageSizeInKilobytes":256,"defaultMessageTimeToLive":"P365D","maxSizeInMegabytes":1024,"requiresDuplicateDetection":false,"duplicateDetectionHistoryTimeWindow":"PT10M","enableBatchedOperations":false,"sizeInBytes":0,"status":"Active","supportOrdering":false,"autoDeleteOnIdle":"P10675199DT2H48M5.4775807S","enablePartitioning":false,"enableExpress":false,"createdAt":"0001-01-01T00:00:00Z","updatedAt":"0001-01-01T00:00:00Z","accessedAt":"0001-01-01T00:00:00Z","subscriptionCount":0,"countDetails":{"activeMessageCount":0,"deadLetterMessageCount":0,"scheduledMessageCount":0,"transferMessageCount":0,"transferDeadLetterMessageCount":0}}}'
    headers:
      cache-control:
      - no-cache
      content-length:
      - '934'
      content-type:
      - application/json; charset=utf-8
      date:
      - Tue, 10 May 2022 05:38:46 GMT
      expires:
      - '-1'
      pragma:
      - no-cache
      server:
      - Service-Bus-Resource-Provider/SN1
      - Microsoft-HTTPAPI/2.0
      server-sb:
      - Service-Bus-Resource-Provider/SN1
      strict-transport-security:
      - max-age=31536000; includeSubDomains
      transfer-encoding:
      - chunked
      vary:
      - Accept-Encoding
      x-content-type-options:
      - nosniff
      x-ms-ratelimit-remaining-subscription-writes:
      - '1199'
    status:
      code: 200
      message: OK
- request:
    body: null
    headers:
      Accept:
      - application/json
      Accept-Encoding:
      - gzip, deflate
      CommandName:
      - servicebus topic update
      Connection:
      - keep-alive
      ParameterSetName:
      - --resource-group --namespace-name --name --max-size
      User-Agent:
      - AZURECLI/2.34.1 azsdk-python-azure-mgmt-servicebus/7.1.0 Python/3.8.0 (Windows-10-10.0.22000-SP0)
    method: GET
    uri: https://management.azure.com/subscriptions/00000000-0000-0000-0000-000000000000/resourceGroups/cli_test_sb_topic000001/providers/Microsoft.ServiceBus/namespaces/sb-nscli000002/topics/sb-topiccli000004?api-version=2021-06-01-preview
  response:
    body:
      string: '{"id":"/subscriptions/00000000-0000-0000-0000-000000000000/resourceGroups/cli_test_sb_topic000001/providers/Microsoft.ServiceBus/namespaces/sb-nscli000002/topics/sb-topiccli000004","name":"sb-topiccli000004","type":"Microsoft.ServiceBus/Namespaces/Topics","location":"West
        US","properties":{"maxMessageSizeInKilobytes":256,"defaultMessageTimeToLive":"P365D","maxSizeInMegabytes":1024,"requiresDuplicateDetection":false,"duplicateDetectionHistoryTimeWindow":"PT10M","enableBatchedOperations":false,"sizeInBytes":0,"status":"Active","supportOrdering":false,"autoDeleteOnIdle":"P10675199DT2H48M5.4775807S","enablePartitioning":false,"enableExpress":false,"createdAt":"2022-05-10T05:37:54.2890061Z","updatedAt":"2022-05-10T05:38:47.0286602Z","accessedAt":"0001-01-01T00:00:00Z","subscriptionCount":0,"countDetails":{"activeMessageCount":0,"deadLetterMessageCount":0,"scheduledMessageCount":0,"transferMessageCount":0,"transferDeadLetterMessageCount":0}}}'
    headers:
      cache-control:
      - no-cache
      content-length:
      - '950'
      content-type:
      - application/json; charset=utf-8
      date:
      - Tue, 10 May 2022 05:38:47 GMT
      expires:
      - '-1'
      pragma:
      - no-cache
      server:
      - Service-Bus-Resource-Provider/SN1
      - Microsoft-HTTPAPI/2.0
      server-sb:
      - Service-Bus-Resource-Provider/SN1
      strict-transport-security:
      - max-age=31536000; includeSubDomains
      transfer-encoding:
      - chunked
      vary:
      - Accept-Encoding
      x-content-type-options:
      - nosniff
    status:
      code: 200
      message: OK
- request:
    body: '{"properties": {"defaultMessageTimeToLive": "P365D", "maxSizeInMegabytes":
      2048, "maxMessageSizeInKilobytes": 256, "requiresDuplicateDetection": false,
      "duplicateDetectionHistoryTimeWindow": "PT10M", "enableBatchedOperations": false,
      "status": "Active", "supportOrdering": false, "enablePartitioning": false, "enableExpress":
      false}}'
    headers:
      Accept:
      - application/json
      Accept-Encoding:
      - gzip, deflate
      CommandName:
      - servicebus topic update
      Connection:
      - keep-alive
      Content-Length:
      - '333'
      Content-Type:
      - application/json
      ParameterSetName:
      - --resource-group --namespace-name --name --max-size
      User-Agent:
      - AZURECLI/2.34.1 azsdk-python-azure-mgmt-servicebus/7.1.0 Python/3.8.0 (Windows-10-10.0.22000-SP0)
    method: PUT
    uri: https://management.azure.com/subscriptions/00000000-0000-0000-0000-000000000000/resourceGroups/cli_test_sb_topic000001/providers/Microsoft.ServiceBus/namespaces/sb-nscli000002/topics/sb-topiccli000004?api-version=2021-06-01-preview
  response:
    body:
      string: '{"id":"/subscriptions/00000000-0000-0000-0000-000000000000/resourceGroups/cli_test_sb_topic000001/providers/Microsoft.ServiceBus/namespaces/sb-nscli000002/topics/sb-topiccli000004","name":"sb-topiccli000004","type":"Microsoft.ServiceBus/Namespaces/Topics","location":"West
        US","properties":{"maxMessageSizeInKilobytes":256,"defaultMessageTimeToLive":"P365D","maxSizeInMegabytes":2048,"requiresDuplicateDetection":false,"duplicateDetectionHistoryTimeWindow":"PT10M","enableBatchedOperations":false,"sizeInBytes":0,"status":"Active","supportOrdering":false,"autoDeleteOnIdle":"P10675199DT2H48M5.4775807S","enablePartitioning":false,"enableExpress":false,"createdAt":"0001-01-01T00:00:00Z","updatedAt":"0001-01-01T00:00:00Z","accessedAt":"0001-01-01T00:00:00Z","subscriptionCount":0,"countDetails":{"activeMessageCount":0,"deadLetterMessageCount":0,"scheduledMessageCount":0,"transferMessageCount":0,"transferDeadLetterMessageCount":0}}}'
    headers:
      cache-control:
      - no-cache
      content-length:
      - '934'
      content-type:
      - application/json; charset=utf-8
      date:
      - Tue, 10 May 2022 05:38:50 GMT
      expires:
      - '-1'
      pragma:
      - no-cache
      server:
      - Service-Bus-Resource-Provider/CH3
      - Microsoft-HTTPAPI/2.0
      server-sb:
      - Service-Bus-Resource-Provider/CH3
      strict-transport-security:
      - max-age=31536000; includeSubDomains
      transfer-encoding:
      - chunked
      vary:
      - Accept-Encoding
      x-content-type-options:
      - nosniff
      x-ms-ratelimit-remaining-subscription-writes:
      - '1199'
    status:
      code: 200
      message: OK
- request:
    body: null
    headers:
      Accept:
      - application/json
      Accept-Encoding:
      - gzip, deflate
      CommandName:
      - servicebus topic update
      Connection:
      - keep-alive
      ParameterSetName:
      - --resource-group --namespace-name --name --auto-delete-on-idle
      User-Agent:
      - AZURECLI/2.34.1 azsdk-python-azure-mgmt-servicebus/7.1.0 Python/3.8.0 (Windows-10-10.0.22000-SP0)
    method: GET
    uri: https://management.azure.com/subscriptions/00000000-0000-0000-0000-000000000000/resourceGroups/cli_test_sb_topic000001/providers/Microsoft.ServiceBus/namespaces/sb-nscli000002/topics/sb-topiccli000004?api-version=2021-06-01-preview
  response:
    body:
      string: '{"id":"/subscriptions/00000000-0000-0000-0000-000000000000/resourceGroups/cli_test_sb_topic000001/providers/Microsoft.ServiceBus/namespaces/sb-nscli000002/topics/sb-topiccli000004","name":"sb-topiccli000004","type":"Microsoft.ServiceBus/Namespaces/Topics","location":"West
        US","properties":{"maxMessageSizeInKilobytes":256,"defaultMessageTimeToLive":"P365D","maxSizeInMegabytes":2048,"requiresDuplicateDetection":false,"duplicateDetectionHistoryTimeWindow":"PT10M","enableBatchedOperations":false,"sizeInBytes":0,"status":"Active","supportOrdering":false,"autoDeleteOnIdle":"P10675199DT2H48M5.4775807S","enablePartitioning":false,"enableExpress":false,"createdAt":"2022-05-10T05:37:54.2890061Z","updatedAt":"2022-05-10T05:38:51.4037374Z","accessedAt":"0001-01-01T00:00:00Z","subscriptionCount":0,"countDetails":{"activeMessageCount":0,"deadLetterMessageCount":0,"scheduledMessageCount":0,"transferMessageCount":0,"transferDeadLetterMessageCount":0}}}'
    headers:
      cache-control:
      - no-cache
      content-length:
      - '950'
      content-type:
      - application/json; charset=utf-8
      date:
      - Tue, 10 May 2022 05:38:52 GMT
      expires:
      - '-1'
      pragma:
      - no-cache
      server:
      - Service-Bus-Resource-Provider/CH3
      - Microsoft-HTTPAPI/2.0
      server-sb:
      - Service-Bus-Resource-Provider/CH3
      strict-transport-security:
      - max-age=31536000; includeSubDomains
      transfer-encoding:
      - chunked
      vary:
      - Accept-Encoding
      x-content-type-options:
      - nosniff
    status:
      code: 200
      message: OK
- request:
    body: '{"properties": {"defaultMessageTimeToLive": "P365D", "maxSizeInMegabytes":
      2048, "maxMessageSizeInKilobytes": 256, "requiresDuplicateDetection": false,
      "duplicateDetectionHistoryTimeWindow": "PT10M", "enableBatchedOperations": false,
      "status": "Active", "supportOrdering": false, "autoDeleteOnIdle": "P1Y2M3DT3H11M2S",
      "enablePartitioning": false, "enableExpress": false}}'
    headers:
      Accept:
      - application/json
      Accept-Encoding:
      - gzip, deflate
      CommandName:
      - servicebus topic update
      Connection:
      - keep-alive
      Content-Length:
      - '372'
      Content-Type:
      - application/json
      ParameterSetName:
      - --resource-group --namespace-name --name --auto-delete-on-idle
      User-Agent:
      - AZURECLI/2.34.1 azsdk-python-azure-mgmt-servicebus/7.1.0 Python/3.8.0 (Windows-10-10.0.22000-SP0)
    method: PUT
    uri: https://management.azure.com/subscriptions/00000000-0000-0000-0000-000000000000/resourceGroups/cli_test_sb_topic000001/providers/Microsoft.ServiceBus/namespaces/sb-nscli000002/topics/sb-topiccli000004?api-version=2021-06-01-preview
  response:
    body:
      string: '{"id":"/subscriptions/00000000-0000-0000-0000-000000000000/resourceGroups/cli_test_sb_topic000001/providers/Microsoft.ServiceBus/namespaces/sb-nscli000002/topics/sb-topiccli000004","name":"sb-topiccli000004","type":"Microsoft.ServiceBus/Namespaces/Topics","location":"West
        US","properties":{"maxMessageSizeInKilobytes":256,"defaultMessageTimeToLive":"P365D","maxSizeInMegabytes":2048,"requiresDuplicateDetection":false,"duplicateDetectionHistoryTimeWindow":"PT10M","enableBatchedOperations":false,"sizeInBytes":0,"status":"Active","supportOrdering":false,"autoDeleteOnIdle":"P428DT3H11M2S","enablePartitioning":false,"enableExpress":false,"createdAt":"0001-01-01T00:00:00Z","updatedAt":"0001-01-01T00:00:00Z","accessedAt":"0001-01-01T00:00:00Z","subscriptionCount":0,"countDetails":{"activeMessageCount":0,"deadLetterMessageCount":0,"scheduledMessageCount":0,"transferMessageCount":0,"transferDeadLetterMessageCount":0}}}'
    headers:
      cache-control:
      - no-cache
      content-length:
      - '921'
      content-type:
      - application/json; charset=utf-8
      date:
      - Tue, 10 May 2022 05:38:53 GMT
      expires:
      - '-1'
      pragma:
      - no-cache
      server:
      - Service-Bus-Resource-Provider/SN1
      - Microsoft-HTTPAPI/2.0
      server-sb:
      - Service-Bus-Resource-Provider/SN1
      strict-transport-security:
      - max-age=31536000; includeSubDomains
      transfer-encoding:
      - chunked
      vary:
      - Accept-Encoding
      x-content-type-options:
      - nosniff
      x-ms-ratelimit-remaining-subscription-writes:
      - '1198'
    status:
      code: 200
      message: OK
- request:
    body: null
    headers:
      Accept:
      - application/json
      Accept-Encoding:
      - gzip, deflate
      CommandName:
      - servicebus topic update
      Connection:
      - keep-alive
      ParameterSetName:
      - --resource-group --namespace-name --name --enable-express
      User-Agent:
      - AZURECLI/2.34.1 azsdk-python-azure-mgmt-servicebus/7.1.0 Python/3.8.0 (Windows-10-10.0.22000-SP0)
    method: GET
    uri: https://management.azure.com/subscriptions/00000000-0000-0000-0000-000000000000/resourceGroups/cli_test_sb_topic000001/providers/Microsoft.ServiceBus/namespaces/sb-nscli000002/topics/sb-topiccli000004?api-version=2021-06-01-preview
  response:
    body:
      string: '{"id":"/subscriptions/00000000-0000-0000-0000-000000000000/resourceGroups/cli_test_sb_topic000001/providers/Microsoft.ServiceBus/namespaces/sb-nscli000002/topics/sb-topiccli000004","name":"sb-topiccli000004","type":"Microsoft.ServiceBus/Namespaces/Topics","location":"West
        US","properties":{"maxMessageSizeInKilobytes":256,"defaultMessageTimeToLive":"P365D","maxSizeInMegabytes":2048,"requiresDuplicateDetection":false,"duplicateDetectionHistoryTimeWindow":"PT10M","enableBatchedOperations":false,"sizeInBytes":0,"status":"Active","supportOrdering":false,"autoDeleteOnIdle":"P428DT3H11M2S","enablePartitioning":false,"enableExpress":false,"createdAt":"2022-05-10T05:37:54.2890061Z","updatedAt":"2022-05-10T05:38:53.8887708Z","accessedAt":"0001-01-01T00:00:00Z","subscriptionCount":0,"countDetails":{"activeMessageCount":0,"deadLetterMessageCount":0,"scheduledMessageCount":0,"transferMessageCount":0,"transferDeadLetterMessageCount":0}}}'
    headers:
      cache-control:
      - no-cache
      content-length:
      - '937'
      content-type:
      - application/json; charset=utf-8
      date:
      - Tue, 10 May 2022 05:38:56 GMT
      expires:
      - '-1'
      pragma:
      - no-cache
      server:
      - Service-Bus-Resource-Provider/SN1
      - Microsoft-HTTPAPI/2.0
      server-sb:
      - Service-Bus-Resource-Provider/SN1
      strict-transport-security:
      - max-age=31536000; includeSubDomains
      transfer-encoding:
      - chunked
      vary:
      - Accept-Encoding
      x-content-type-options:
      - nosniff
    status:
      code: 200
      message: OK
- request:
    body: '{"properties": {"defaultMessageTimeToLive": "P365D", "maxSizeInMegabytes":
      2048, "maxMessageSizeInKilobytes": 256, "requiresDuplicateDetection": false,
      "duplicateDetectionHistoryTimeWindow": "PT10M", "enableBatchedOperations": false,
      "status": "Active", "supportOrdering": false, "autoDeleteOnIdle": "P428DT3H11M2S",
      "enablePartitioning": false, "enableExpress": true}}'
    headers:
      Accept:
      - application/json
      Accept-Encoding:
      - gzip, deflate
      CommandName:
      - servicebus topic update
      Connection:
      - keep-alive
      Content-Length:
      - '369'
      Content-Type:
      - application/json
      ParameterSetName:
      - --resource-group --namespace-name --name --enable-express
      User-Agent:
      - AZURECLI/2.34.1 azsdk-python-azure-mgmt-servicebus/7.1.0 Python/3.8.0 (Windows-10-10.0.22000-SP0)
    method: PUT
    uri: https://management.azure.com/subscriptions/00000000-0000-0000-0000-000000000000/resourceGroups/cli_test_sb_topic000001/providers/Microsoft.ServiceBus/namespaces/sb-nscli000002/topics/sb-topiccli000004?api-version=2021-06-01-preview
  response:
    body:
      string: '{"id":"/subscriptions/00000000-0000-0000-0000-000000000000/resourceGroups/cli_test_sb_topic000001/providers/Microsoft.ServiceBus/namespaces/sb-nscli000002/topics/sb-topiccli000004","name":"sb-topiccli000004","type":"Microsoft.ServiceBus/Namespaces/Topics","location":"West
        US","properties":{"maxMessageSizeInKilobytes":256,"defaultMessageTimeToLive":"P365D","maxSizeInMegabytes":2048,"requiresDuplicateDetection":false,"duplicateDetectionHistoryTimeWindow":"PT10M","enableBatchedOperations":false,"sizeInBytes":0,"status":"Active","supportOrdering":false,"autoDeleteOnIdle":"P428DT3H11M2S","enablePartitioning":false,"enableExpress":true,"createdAt":"0001-01-01T00:00:00Z","updatedAt":"0001-01-01T00:00:00Z","accessedAt":"0001-01-01T00:00:00Z","subscriptionCount":0,"countDetails":{"activeMessageCount":0,"deadLetterMessageCount":0,"scheduledMessageCount":0,"transferMessageCount":0,"transferDeadLetterMessageCount":0}}}'
    headers:
      cache-control:
      - no-cache
      content-length:
      - '920'
      content-type:
      - application/json; charset=utf-8
      date:
      - Tue, 10 May 2022 05:38:57 GMT
      expires:
      - '-1'
      pragma:
      - no-cache
      server:
      - Service-Bus-Resource-Provider/SN1
      - Microsoft-HTTPAPI/2.0
      server-sb:
      - Service-Bus-Resource-Provider/SN1
      strict-transport-security:
      - max-age=31536000; includeSubDomains
      transfer-encoding:
      - chunked
      vary:
      - Accept-Encoding
      x-content-type-options:
      - nosniff
      x-ms-ratelimit-remaining-subscription-writes:
      - '1198'
    status:
      code: 200
      message: OK
- request:
    body: null
    headers:
      Accept:
      - application/json
      Accept-Encoding:
      - gzip, deflate
      CommandName:
      - servicebus topic update
      Connection:
      - keep-alive
      ParameterSetName:
      - --resource-group --namespace-name --name --status
      User-Agent:
      - AZURECLI/2.34.1 azsdk-python-azure-mgmt-servicebus/7.1.0 Python/3.8.0 (Windows-10-10.0.22000-SP0)
    method: GET
    uri: https://management.azure.com/subscriptions/00000000-0000-0000-0000-000000000000/resourceGroups/cli_test_sb_topic000001/providers/Microsoft.ServiceBus/namespaces/sb-nscli000002/topics/sb-topiccli000004?api-version=2021-06-01-preview
  response:
    body:
      string: '{"id":"/subscriptions/00000000-0000-0000-0000-000000000000/resourceGroups/cli_test_sb_topic000001/providers/Microsoft.ServiceBus/namespaces/sb-nscli000002/topics/sb-topiccli000004","name":"sb-topiccli000004","type":"Microsoft.ServiceBus/Namespaces/Topics","location":"West
        US","properties":{"maxMessageSizeInKilobytes":256,"defaultMessageTimeToLive":"P365D","maxSizeInMegabytes":2048,"requiresDuplicateDetection":false,"duplicateDetectionHistoryTimeWindow":"PT10M","enableBatchedOperations":false,"sizeInBytes":0,"status":"Active","supportOrdering":false,"autoDeleteOnIdle":"P428DT3H11M2S","enablePartitioning":false,"enableExpress":true,"createdAt":"2022-05-10T05:37:54.2890061Z","updatedAt":"2022-05-10T05:38:57.8732123Z","accessedAt":"0001-01-01T00:00:00Z","subscriptionCount":0,"countDetails":{"activeMessageCount":0,"deadLetterMessageCount":0,"scheduledMessageCount":0,"transferMessageCount":0,"transferDeadLetterMessageCount":0}}}'
    headers:
      cache-control:
      - no-cache
      content-length:
      - '936'
      content-type:
      - application/json; charset=utf-8
      date:
      - Tue, 10 May 2022 05:38:58 GMT
      expires:
      - '-1'
      pragma:
      - no-cache
      server:
      - Service-Bus-Resource-Provider/SN1
      - Microsoft-HTTPAPI/2.0
      server-sb:
      - Service-Bus-Resource-Provider/SN1
      strict-transport-security:
      - max-age=31536000; includeSubDomains
      transfer-encoding:
      - chunked
      vary:
      - Accept-Encoding
      x-content-type-options:
      - nosniff
    status:
      code: 200
      message: OK
- request:
    body: '{"properties": {"defaultMessageTimeToLive": "P365D", "maxSizeInMegabytes":
      2048, "maxMessageSizeInKilobytes": 256, "requiresDuplicateDetection": false,
      "duplicateDetectionHistoryTimeWindow": "PT10M", "enableBatchedOperations": false,
      "status": "SendDisabled", "supportOrdering": false, "autoDeleteOnIdle": "P428DT3H11M2S",
      "enablePartitioning": false, "enableExpress": true}}'
    headers:
      Accept:
      - application/json
      Accept-Encoding:
      - gzip, deflate
      CommandName:
      - servicebus topic update
      Connection:
      - keep-alive
      Content-Length:
      - '375'
      Content-Type:
      - application/json
      ParameterSetName:
      - --resource-group --namespace-name --name --status
      User-Agent:
      - AZURECLI/2.34.1 azsdk-python-azure-mgmt-servicebus/7.1.0 Python/3.8.0 (Windows-10-10.0.22000-SP0)
    method: PUT
    uri: https://management.azure.com/subscriptions/00000000-0000-0000-0000-000000000000/resourceGroups/cli_test_sb_topic000001/providers/Microsoft.ServiceBus/namespaces/sb-nscli000002/topics/sb-topiccli000004?api-version=2021-06-01-preview
  response:
    body:
      string: '{"id":"/subscriptions/00000000-0000-0000-0000-000000000000/resourceGroups/cli_test_sb_topic000001/providers/Microsoft.ServiceBus/namespaces/sb-nscli000002/topics/sb-topiccli000004","name":"sb-topiccli000004","type":"Microsoft.ServiceBus/Namespaces/Topics","location":"West
        US","properties":{"maxMessageSizeInKilobytes":256,"defaultMessageTimeToLive":"P365D","maxSizeInMegabytes":2048,"requiresDuplicateDetection":false,"duplicateDetectionHistoryTimeWindow":"PT10M","enableBatchedOperations":false,"sizeInBytes":0,"status":"SendDisabled","supportOrdering":false,"autoDeleteOnIdle":"P428DT3H11M2S","enablePartitioning":false,"enableExpress":true,"createdAt":"0001-01-01T00:00:00Z","updatedAt":"0001-01-01T00:00:00Z","accessedAt":"0001-01-01T00:00:00Z","subscriptionCount":0,"countDetails":{"activeMessageCount":0,"deadLetterMessageCount":0,"scheduledMessageCount":0,"transferMessageCount":0,"transferDeadLetterMessageCount":0}}}'
    headers:
      cache-control:
      - no-cache
      content-length:
      - '926'
      content-type:
      - application/json; charset=utf-8
      date:
      - Tue, 10 May 2022 05:39:00 GMT
      expires:
      - '-1'
      pragma:
      - no-cache
      server:
      - Service-Bus-Resource-Provider/CH3
      - Microsoft-HTTPAPI/2.0
      server-sb:
      - Service-Bus-Resource-Provider/CH3
      strict-transport-security:
      - max-age=31536000; includeSubDomains
      transfer-encoding:
      - chunked
      vary:
      - Accept-Encoding
      x-content-type-options:
      - nosniff
      x-ms-ratelimit-remaining-subscription-writes:
      - '1199'
    status:
      code: 200
      message: OK
- request:
    body: null
    headers:
      Accept:
      - application/json
      Accept-Encoding:
      - gzip, deflate
      CommandName:
      - servicebus topic update
      Connection:
      - keep-alive
      ParameterSetName:
      - --resource-group --namespace-name --name --duplicate-detection-history-time-window
      User-Agent:
      - AZURECLI/2.34.1 azsdk-python-azure-mgmt-servicebus/7.1.0 Python/3.8.0 (Windows-10-10.0.22000-SP0)
    method: GET
    uri: https://management.azure.com/subscriptions/00000000-0000-0000-0000-000000000000/resourceGroups/cli_test_sb_topic000001/providers/Microsoft.ServiceBus/namespaces/sb-nscli000002/topics/sb-topiccli000004?api-version=2021-06-01-preview
  response:
    body:
      string: '{"id":"/subscriptions/00000000-0000-0000-0000-000000000000/resourceGroups/cli_test_sb_topic000001/providers/Microsoft.ServiceBus/namespaces/sb-nscli000002/topics/sb-topiccli000004","name":"sb-topiccli000004","type":"Microsoft.ServiceBus/Namespaces/Topics","location":"West
        US","properties":{"maxMessageSizeInKilobytes":256,"defaultMessageTimeToLive":"P365D","maxSizeInMegabytes":2048,"requiresDuplicateDetection":false,"duplicateDetectionHistoryTimeWindow":"PT10M","enableBatchedOperations":false,"sizeInBytes":0,"status":"SendDisabled","supportOrdering":false,"autoDeleteOnIdle":"P428DT3H11M2S","enablePartitioning":false,"enableExpress":true,"createdAt":"2022-05-10T05:37:54.2890061Z","updatedAt":"2022-05-10T05:39:01.1544944Z","accessedAt":"0001-01-01T00:00:00Z","subscriptionCount":0,"countDetails":{"activeMessageCount":0,"deadLetterMessageCount":0,"scheduledMessageCount":0,"transferMessageCount":0,"transferDeadLetterMessageCount":0}}}'
    headers:
      cache-control:
      - no-cache
      content-length:
      - '942'
      content-type:
      - application/json; charset=utf-8
      date:
      - Tue, 10 May 2022 05:39:03 GMT
      expires:
      - '-1'
      pragma:
      - no-cache
      server:
      - Service-Bus-Resource-Provider/DM2
      - Microsoft-HTTPAPI/2.0
      server-sb:
      - Service-Bus-Resource-Provider/DM2
      strict-transport-security:
      - max-age=31536000; includeSubDomains
      transfer-encoding:
      - chunked
      vary:
      - Accept-Encoding
      x-content-type-options:
      - nosniff
    status:
      code: 200
      message: OK
- request:
    body: '{"properties": {"defaultMessageTimeToLive": "P365D", "maxSizeInMegabytes":
      2048, "maxMessageSizeInKilobytes": 256, "requiresDuplicateDetection": false,
      "duplicateDetectionHistoryTimeWindow": "PT3M", "enableBatchedOperations": false,
      "status": "SendDisabled", "supportOrdering": false, "autoDeleteOnIdle": "P428DT3H11M2S",
      "enablePartitioning": false, "enableExpress": true}}'
    headers:
      Accept:
      - application/json
      Accept-Encoding:
      - gzip, deflate
      CommandName:
      - servicebus topic update
      Connection:
      - keep-alive
      Content-Length:
      - '374'
      Content-Type:
      - application/json
      ParameterSetName:
      - --resource-group --namespace-name --name --duplicate-detection-history-time-window
      User-Agent:
      - AZURECLI/2.34.1 azsdk-python-azure-mgmt-servicebus/7.1.0 Python/3.8.0 (Windows-10-10.0.22000-SP0)
    method: PUT
    uri: https://management.azure.com/subscriptions/00000000-0000-0000-0000-000000000000/resourceGroups/cli_test_sb_topic000001/providers/Microsoft.ServiceBus/namespaces/sb-nscli000002/topics/sb-topiccli000004?api-version=2021-06-01-preview
  response:
    body:
      string: '{"id":"/subscriptions/00000000-0000-0000-0000-000000000000/resourceGroups/cli_test_sb_topic000001/providers/Microsoft.ServiceBus/namespaces/sb-nscli000002/topics/sb-topiccli000004","name":"sb-topiccli000004","type":"Microsoft.ServiceBus/Namespaces/Topics","location":"West
        US","properties":{"maxMessageSizeInKilobytes":256,"defaultMessageTimeToLive":"P365D","maxSizeInMegabytes":2048,"requiresDuplicateDetection":false,"duplicateDetectionHistoryTimeWindow":"PT3M","enableBatchedOperations":false,"sizeInBytes":0,"status":"SendDisabled","supportOrdering":false,"autoDeleteOnIdle":"P428DT3H11M2S","enablePartitioning":false,"enableExpress":true,"createdAt":"0001-01-01T00:00:00Z","updatedAt":"0001-01-01T00:00:00Z","accessedAt":"0001-01-01T00:00:00Z","subscriptionCount":0,"countDetails":{"activeMessageCount":0,"deadLetterMessageCount":0,"scheduledMessageCount":0,"transferMessageCount":0,"transferDeadLetterMessageCount":0}}}'
    headers:
      cache-control:
      - no-cache
      content-length:
      - '925'
      content-type:
      - application/json; charset=utf-8
      date:
      - Tue, 10 May 2022 05:39:04 GMT
      expires:
      - '-1'
      pragma:
      - no-cache
      server:
      - Service-Bus-Resource-Provider/CH3
      - Microsoft-HTTPAPI/2.0
      server-sb:
      - Service-Bus-Resource-Provider/CH3
      strict-transport-security:
      - max-age=31536000; includeSubDomains
      transfer-encoding:
      - chunked
      vary:
      - Accept-Encoding
      x-content-type-options:
      - nosniff
      x-ms-ratelimit-remaining-subscription-writes:
      - '1198'
    status:
      code: 200
      message: OK
- request:
    body: null
    headers:
      Accept:
      - application/json
      Accept-Encoding:
      - gzip, deflate
      CommandName:
      - servicebus topic list
      Connection:
      - keep-alive
      ParameterSetName:
      - --resource-group --namespace-name
      User-Agent:
      - AZURECLI/2.34.1 azsdk-python-azure-mgmt-servicebus/7.1.0 Python/3.8.0 (Windows-10-10.0.22000-SP0)
    method: GET
    uri: https://management.azure.com/subscriptions/00000000-0000-0000-0000-000000000000/resourceGroups/cli_test_sb_topic000001/providers/Microsoft.ServiceBus/namespaces/sb-nscli000002/topics?api-version=2021-06-01-preview
  response:
    body:
      string: '{"value":[{"id":"/subscriptions/00000000-0000-0000-0000-000000000000/resourceGroups/cli_test_sb_topic000001/providers/Microsoft.ServiceBus/namespaces/sb-nscli000002/topics/sb-topiccli2000005","name":"sb-topiccli2000005","type":"Microsoft.ServiceBus/Namespaces/Topics","location":"West
        US","properties":{"maxMessageSizeInKilobytes":256,"defaultMessageTimeToLive":"P365D","maxSizeInMegabytes":49152,"requiresDuplicateDetection":true,"duplicateDetectionHistoryTimeWindow":"P1DT3M4S","enableBatchedOperations":true,"sizeInBytes":0,"status":"SendDisabled","supportOrdering":true,"autoDeleteOnIdle":"P428DT3H11M2S","enablePartitioning":true,"enableExpress":false,"createdAt":"2022-05-10T05:37:44.483Z","updatedAt":"2022-05-10T05:37:44.727Z","accessedAt":"0001-01-01T00:00:00Z","subscriptionCount":0,"countDetails":{"activeMessageCount":0,"deadLetterMessageCount":0,"scheduledMessageCount":0,"transferMessageCount":0,"transferDeadLetterMessageCount":0}}},{"id":"/subscriptions/00000000-0000-0000-0000-000000000000/resourceGroups/cli_test_sb_topic000001/providers/Microsoft.ServiceBus/namespaces/sb-nscli000002/topics/sb-topiccli3000006","name":"sb-topiccli3000006","type":"Microsoft.ServiceBus/Namespaces/Topics","location":"West
        US","properties":{"maxMessageSizeInKilobytes":256,"defaultMessageTimeToLive":"P10675199DT2H48M5.4775807S","maxSizeInMegabytes":2048,"requiresDuplicateDetection":false,"duplicateDetectionHistoryTimeWindow":"PT10M","enableBatchedOperations":true,"sizeInBytes":0,"status":"Active","supportOrdering":true,"autoDeleteOnIdle":"P10675199DT2H48M5.4775807S","enablePartitioning":false,"enableExpress":true,"createdAt":"2022-05-10T05:37:50.5569375Z","updatedAt":"2022-05-10T05:37:50.5569375Z","accessedAt":"0001-01-01T00:00:00Z","subscriptionCount":0,"countDetails":{"activeMessageCount":0,"deadLetterMessageCount":0,"scheduledMessageCount":0,"transferMessageCount":0,"transferDeadLetterMessageCount":0}}},{"id":"/subscriptions/00000000-0000-0000-0000-000000000000/resourceGroups/cli_test_sb_topic000001/providers/Microsoft.ServiceBus/namespaces/sb-nscli000002/topics/sb-topiccli000004","name":"sb-topiccli000004","type":"Microsoft.ServiceBus/Namespaces/Topics","location":"West
        US","properties":{"maxMessageSizeInKilobytes":256,"defaultMessageTimeToLive":"P365D","maxSizeInMegabytes":2048,"requiresDuplicateDetection":false,"duplicateDetectionHistoryTimeWindow":"PT3M","enableBatchedOperations":false,"sizeInBytes":0,"status":"SendDisabled","supportOrdering":false,"autoDeleteOnIdle":"P428DT3H11M2S","enablePartitioning":false,"enableExpress":true,"createdAt":"2022-05-10T05:37:54.2890061Z","updatedAt":"2022-05-10T05:39:05.6857892Z","accessedAt":"0001-01-01T00:00:00Z","subscriptionCount":0,"countDetails":{"activeMessageCount":0,"deadLetterMessageCount":0,"scheduledMessageCount":0,"transferMessageCount":0,"transferDeadLetterMessageCount":0}}}]}'
    headers:
      cache-control:
      - no-cache
      content-length:
      - '2862'
      content-type:
      - application/json; charset=utf-8
      date:
      - Tue, 10 May 2022 05:39:09 GMT
      expires:
      - '-1'
      pragma:
      - no-cache
      server:
      - Service-Bus-Resource-Provider/SN1
      - Microsoft-HTTPAPI/2.0
      server-sb:
      - Service-Bus-Resource-Provider/SN1
      strict-transport-security:
      - max-age=31536000; includeSubDomains
      transfer-encoding:
      - chunked
      vary:
      - Accept-Encoding
      x-content-type-options:
      - nosniff
      x-ms-inline-count:
      - ''
    status:
      code: 200
      message: OK
- request:
    body: '{"properties": {"rights": ["Send"]}}'
    headers:
      Accept:
      - application/json
      Accept-Encoding:
      - gzip, deflate
      CommandName:
      - servicebus topic authorization-rule create
      Connection:
      - keep-alive
      Content-Length:
      - '36'
      Content-Type:
      - application/json
      ParameterSetName:
      - --resource-group --namespace-name --topic-name --name --rights
      User-Agent:
      - AZURECLI/2.34.1 azsdk-python-azure-mgmt-servicebus/7.1.0 Python/3.8.0 (Windows-10-10.0.22000-SP0)
    method: PUT
    uri: https://management.azure.com/subscriptions/00000000-0000-0000-0000-000000000000/resourceGroups/cli_test_sb_topic000001/providers/Microsoft.ServiceBus/namespaces/sb-nscli000002/topics/sb-topiccli000004/authorizationRules/cliAutho000003?api-version=2021-06-01-preview
  response:
    body:
      string: '{"id":"/subscriptions/00000000-0000-0000-0000-000000000000/resourceGroups/cli_test_sb_topic000001/providers/Microsoft.ServiceBus/namespaces/sb-nscli000002/topics/sb-topiccli000004/authorizationRules/cliAutho000003","name":"cliAutho000003","type":"Microsoft.ServiceBus/Namespaces/Topics/AuthorizationRules","location":"West
        US","properties":{"rights":["Send"]}}'
    headers:
      cache-control:
      - no-cache
      content-length:
      - '360'
      content-type:
      - application/json; charset=utf-8
      date:
      - Tue, 10 May 2022 05:39:10 GMT
      expires:
      - '-1'
      pragma:
      - no-cache
      server:
      - Service-Bus-Resource-Provider/CH3
      - Microsoft-HTTPAPI/2.0
      server-sb:
      - Service-Bus-Resource-Provider/CH3
      strict-transport-security:
      - max-age=31536000; includeSubDomains
      transfer-encoding:
      - chunked
      vary:
      - Accept-Encoding
      x-content-type-options:
      - nosniff
      x-ms-ratelimit-remaining-subscription-writes:
      - '1199'
    status:
      code: 200
      message: OK
- request:
    body: null
    headers:
      Accept:
      - application/json
      Accept-Encoding:
      - gzip, deflate
      CommandName:
      - servicebus topic authorization-rule show
      Connection:
      - keep-alive
      ParameterSetName:
      - --resource-group --namespace-name --topic-name --name
      User-Agent:
      - AZURECLI/2.34.1 azsdk-python-azure-mgmt-servicebus/7.1.0 Python/3.8.0 (Windows-10-10.0.22000-SP0)
    method: GET
    uri: https://management.azure.com/subscriptions/00000000-0000-0000-0000-000000000000/resourceGroups/cli_test_sb_topic000001/providers/Microsoft.ServiceBus/namespaces/sb-nscli000002/topics/sb-topiccli000004/authorizationRules/cliAutho000003?api-version=2021-06-01-preview
  response:
    body:
      string: '{"id":"/subscriptions/00000000-0000-0000-0000-000000000000/resourceGroups/cli_test_sb_topic000001/providers/Microsoft.ServiceBus/namespaces/sb-nscli000002/topics/sb-topiccli000004/authorizationRules/cliAutho000003","name":"cliAutho000003","type":"Microsoft.ServiceBus/Namespaces/Topics/AuthorizationRules","location":"West
        US","properties":{"rights":["Send"]}}'
    headers:
      cache-control:
      - no-cache
      content-length:
      - '360'
      content-type:
      - application/json; charset=utf-8
      date:
      - Tue, 10 May 2022 05:39:13 GMT
      expires:
      - '-1'
      pragma:
      - no-cache
      server:
      - Service-Bus-Resource-Provider/CH3
      - Microsoft-HTTPAPI/2.0
      server-sb:
      - Service-Bus-Resource-Provider/CH3
      strict-transport-security:
      - max-age=31536000; includeSubDomains
      transfer-encoding:
      - chunked
      vary:
      - Accept-Encoding
      x-content-type-options:
      - nosniff
    status:
      code: 200
      message: OK
- request:
    body: null
    headers:
      Accept:
      - application/json
      Accept-Encoding:
      - gzip, deflate
      CommandName:
      - servicebus topic authorization-rule update
      Connection:
      - keep-alive
      ParameterSetName:
      - --resource-group --namespace-name --topic-name --name --rights
      User-Agent:
      - AZURECLI/2.34.1 azsdk-python-azure-mgmt-servicebus/7.1.0 Python/3.8.0 (Windows-10-10.0.22000-SP0)
    method: GET
    uri: https://management.azure.com/subscriptions/00000000-0000-0000-0000-000000000000/resourceGroups/cli_test_sb_topic000001/providers/Microsoft.ServiceBus/namespaces/sb-nscli000002/topics/sb-topiccli000004/authorizationRules/cliAutho000003?api-version=2021-06-01-preview
  response:
    body:
      string: '{"id":"/subscriptions/00000000-0000-0000-0000-000000000000/resourceGroups/cli_test_sb_topic000001/providers/Microsoft.ServiceBus/namespaces/sb-nscli000002/topics/sb-topiccli000004/authorizationRules/cliAutho000003","name":"cliAutho000003","type":"Microsoft.ServiceBus/Namespaces/Topics/AuthorizationRules","location":"West
        US","properties":{"rights":["Send"]}}'
    headers:
      cache-control:
      - no-cache
      content-length:
      - '360'
      content-type:
      - application/json; charset=utf-8
      date:
      - Tue, 10 May 2022 05:39:14 GMT
      expires:
      - '-1'
      pragma:
      - no-cache
      server:
      - Service-Bus-Resource-Provider/CH3
      - Microsoft-HTTPAPI/2.0
      server-sb:
      - Service-Bus-Resource-Provider/CH3
      strict-transport-security:
      - max-age=31536000; includeSubDomains
      transfer-encoding:
      - chunked
      vary:
      - Accept-Encoding
      x-content-type-options:
      - nosniff
    status:
      code: 200
      message: OK
- request:
    body: '{"properties": {"rights": ["Listen"]}}'
    headers:
      Accept:
      - application/json
      Accept-Encoding:
      - gzip, deflate
      CommandName:
      - servicebus topic authorization-rule update
      Connection:
      - keep-alive
      Content-Length:
      - '38'
      Content-Type:
      - application/json
      ParameterSetName:
      - --resource-group --namespace-name --topic-name --name --rights
      User-Agent:
      - AZURECLI/2.34.1 azsdk-python-azure-mgmt-servicebus/7.1.0 Python/3.8.0 (Windows-10-10.0.22000-SP0)
    method: PUT
    uri: https://management.azure.com/subscriptions/00000000-0000-0000-0000-000000000000/resourceGroups/cli_test_sb_topic000001/providers/Microsoft.ServiceBus/namespaces/sb-nscli000002/topics/sb-topiccli000004/authorizationRules/cliAutho000003?api-version=2021-06-01-preview
  response:
    body:
      string: '{"id":"/subscriptions/00000000-0000-0000-0000-000000000000/resourceGroups/cli_test_sb_topic000001/providers/Microsoft.ServiceBus/namespaces/sb-nscli000002/topics/sb-topiccli000004/authorizationRules/cliAutho000003","name":"cliAutho000003","type":"Microsoft.ServiceBus/Namespaces/Topics/AuthorizationRules","location":"West
        US","properties":{"rights":["Listen"]}}'
    headers:
      cache-control:
      - no-cache
      content-length:
      - '362'
      content-type:
      - application/json; charset=utf-8
      date:
      - Tue, 10 May 2022 05:39:16 GMT
      expires:
      - '-1'
      pragma:
      - no-cache
      server:
      - Service-Bus-Resource-Provider/SN1
      - Microsoft-HTTPAPI/2.0
      server-sb:
      - Service-Bus-Resource-Provider/SN1
      strict-transport-security:
      - max-age=31536000; includeSubDomains
      transfer-encoding:
      - chunked
      vary:
      - Accept-Encoding
      x-content-type-options:
      - nosniff
      x-ms-ratelimit-remaining-subscription-writes:
      - '1199'
    status:
      code: 200
      message: OK
- request:
    body: null
    headers:
      Accept:
      - application/json
      Accept-Encoding:
      - gzip, deflate
      CommandName:
      - servicebus topic authorization-rule keys list
      Connection:
      - keep-alive
      Content-Length:
      - '0'
      ParameterSetName:
      - --resource-group --namespace-name --topic-name --name
      User-Agent:
      - AZURECLI/2.34.1 azsdk-python-azure-mgmt-servicebus/7.1.0 Python/3.8.0 (Windows-10-10.0.22000-SP0)
    method: POST
    uri: https://management.azure.com/subscriptions/00000000-0000-0000-0000-000000000000/resourceGroups/cli_test_sb_topic000001/providers/Microsoft.ServiceBus/namespaces/sb-nscli000002/topics/sb-topiccli000004/authorizationRules/cliAutho000003/ListKeys?api-version=2021-06-01-preview
  response:
    body:
      string: '{"primaryConnectionString":"Endpoint=sb://sb-nscli000002.servicebus.windows.net/;SharedAccessKeyName=cliAutho000003;SharedAccessKey=XqQlmZE46YxR8RNVabFeuPyM+ze1JhsoEqYBADzn/UQ=;EntityPath=sb-topiccli000004","secondaryConnectionString":"Endpoint=sb://sb-nscli000002.servicebus.windows.net/;SharedAccessKeyName=cliAutho000003;SharedAccessKey=jMLNAYdjueZmkoNmBZVeyvl8/5nDjDd0+rmGkaDcCsI=;EntityPath=sb-topiccli000004","primaryKey":"XqQlmZE46YxR8RNVabFeuPyM+ze1JhsoEqYBADzn/UQ=","secondaryKey":"jMLNAYdjueZmkoNmBZVeyvl8/5nDjDd0+rmGkaDcCsI=","keyName":"cliAutho000003"}'
    headers:
      cache-control:
      - no-cache
      content-length:
      - '564'
      content-type:
      - application/json; charset=utf-8
      date:
      - Tue, 10 May 2022 05:39:17 GMT
      expires:
      - '-1'
      pragma:
      - no-cache
      server:
      - Service-Bus-Resource-Provider/SN1
      - Microsoft-HTTPAPI/2.0
      server-sb:
      - Service-Bus-Resource-Provider/SN1
      strict-transport-security:
      - max-age=31536000; includeSubDomains
      transfer-encoding:
      - chunked
      vary:
      - Accept-Encoding
      x-content-type-options:
      - nosniff
      x-ms-ratelimit-remaining-subscription-writes:
      - '1199'
    status:
      code: 200
      message: OK
- request:
    body: '{"keyType": "PrimaryKey"}'
    headers:
      Accept:
      - application/json
      Accept-Encoding:
      - gzip, deflate
      CommandName:
      - servicebus topic authorization-rule keys renew
      Connection:
      - keep-alive
      Content-Length:
      - '25'
      Content-Type:
      - application/json
      ParameterSetName:
      - --resource-group --namespace-name --topic-name --name --key
      User-Agent:
      - AZURECLI/2.34.1 azsdk-python-azure-mgmt-servicebus/7.1.0 Python/3.8.0 (Windows-10-10.0.22000-SP0)
    method: POST
    uri: https://management.azure.com/subscriptions/00000000-0000-0000-0000-000000000000/resourceGroups/cli_test_sb_topic000001/providers/Microsoft.ServiceBus/namespaces/sb-nscli000002/topics/sb-topiccli000004/authorizationRules/cliAutho000003/regenerateKeys?api-version=2021-06-01-preview
  response:
    body:
      string: '{"primaryConnectionString":"Endpoint=sb://sb-nscli000002.servicebus.windows.net/;SharedAccessKeyName=cliAutho000003;SharedAccessKey=eD3dSDv6gD6iTjYGprHRJt9K/s88/OYWI9LoLBjEm+s=;EntityPath=sb-topiccli000004","secondaryConnectionString":"Endpoint=sb://sb-nscli000002.servicebus.windows.net/;SharedAccessKeyName=cliAutho000003;SharedAccessKey=jMLNAYdjueZmkoNmBZVeyvl8/5nDjDd0+rmGkaDcCsI=;EntityPath=sb-topiccli000004","primaryKey":"eD3dSDv6gD6iTjYGprHRJt9K/s88/OYWI9LoLBjEm+s=","secondaryKey":"jMLNAYdjueZmkoNmBZVeyvl8/5nDjDd0+rmGkaDcCsI=","keyName":"cliAutho000003"}'
    headers:
      cache-control:
      - no-cache
      content-length:
      - '564'
      content-type:
      - application/json; charset=utf-8
      date:
      - Tue, 10 May 2022 05:39:19 GMT
      expires:
      - '-1'
      pragma:
      - no-cache
      server:
      - Service-Bus-Resource-Provider/CH3
      - Microsoft-HTTPAPI/2.0
      server-sb:
      - Service-Bus-Resource-Provider/CH3
      strict-transport-security:
      - max-age=31536000; includeSubDomains
      transfer-encoding:
      - chunked
      vary:
      - Accept-Encoding
      x-content-type-options:
      - nosniff
      x-ms-ratelimit-remaining-subscription-writes:
      - '1199'
    status:
      code: 200
      message: OK
- request:
    body: '{"keyType": "SecondaryKey"}'
    headers:
      Accept:
      - application/json
      Accept-Encoding:
      - gzip, deflate
      CommandName:
      - servicebus topic authorization-rule keys renew
      Connection:
      - keep-alive
      Content-Length:
      - '27'
      Content-Type:
      - application/json
      ParameterSetName:
      - --resource-group --namespace-name --topic-name --name --key
      User-Agent:
      - AZURECLI/2.34.1 azsdk-python-azure-mgmt-servicebus/7.1.0 Python/3.8.0 (Windows-10-10.0.22000-SP0)
    method: POST
    uri: https://management.azure.com/subscriptions/00000000-0000-0000-0000-000000000000/resourceGroups/cli_test_sb_topic000001/providers/Microsoft.ServiceBus/namespaces/sb-nscli000002/topics/sb-topiccli000004/authorizationRules/cliAutho000003/regenerateKeys?api-version=2021-06-01-preview
  response:
    body:
      string: '{"primaryConnectionString":"Endpoint=sb://sb-nscli000002.servicebus.windows.net/;SharedAccessKeyName=cliAutho000003;SharedAccessKey=eD3dSDv6gD6iTjYGprHRJt9K/s88/OYWI9LoLBjEm+s=;EntityPath=sb-topiccli000004","secondaryConnectionString":"Endpoint=sb://sb-nscli000002.servicebus.windows.net/;SharedAccessKeyName=cliAutho000003;SharedAccessKey=SIcECVuNRSo24Cm/wDrBp0LHEiyIwfd4B3wHdFJi23E=;EntityPath=sb-topiccli000004","primaryKey":"eD3dSDv6gD6iTjYGprHRJt9K/s88/OYWI9LoLBjEm+s=","secondaryKey":"SIcECVuNRSo24Cm/wDrBp0LHEiyIwfd4B3wHdFJi23E=","keyName":"cliAutho000003"}'
    headers:
      cache-control:
      - no-cache
      content-length:
      - '564'
      content-type:
      - application/json; charset=utf-8
      date:
      - Tue, 10 May 2022 05:39:20 GMT
      expires:
      - '-1'
      pragma:
      - no-cache
      server:
      - Service-Bus-Resource-Provider/DM2
      - Microsoft-HTTPAPI/2.0
      server-sb:
      - Service-Bus-Resource-Provider/DM2
      strict-transport-security:
      - max-age=31536000; includeSubDomains
      transfer-encoding:
      - chunked
      vary:
      - Accept-Encoding
      x-content-type-options:
      - nosniff
      x-ms-ratelimit-remaining-subscription-writes:
      - '1199'
    status:
      code: 200
      message: OK
- request:
    body: null
    headers:
      Accept:
      - application/json
      Accept-Encoding:
      - gzip, deflate
      CommandName:
      - servicebus topic authorization-rule delete
      Connection:
      - keep-alive
      Content-Length:
      - '0'
      ParameterSetName:
      - --resource-group --namespace-name --topic-name --name
      User-Agent:
      - AZURECLI/2.34.1 azsdk-python-azure-mgmt-servicebus/7.1.0 Python/3.8.0 (Windows-10-10.0.22000-SP0)
    method: DELETE
    uri: https://management.azure.com/subscriptions/00000000-0000-0000-0000-000000000000/resourceGroups/cli_test_sb_topic000001/providers/Microsoft.ServiceBus/namespaces/sb-nscli000002/topics/sb-topiccli000004/authorizationRules/cliAutho000003?api-version=2021-06-01-preview
  response:
    body:
      string: ''
    headers:
      cache-control:
      - no-cache
      content-length:
      - '0'
      date:
      - Tue, 10 May 2022 05:39:23 GMT
      expires:
      - '-1'
      pragma:
      - no-cache
      server:
      - Service-Bus-Resource-Provider/CH3
      - Microsoft-HTTPAPI/2.0
      server-sb:
      - Service-Bus-Resource-Provider/CH3
      strict-transport-security:
      - max-age=31536000; includeSubDomains
      x-content-type-options:
      - nosniff
      x-ms-ratelimit-remaining-subscription-deletes:
      - '14999'
    status:
      code: 200
      message: OK
- request:
    body: null
    headers:
      Accept:
      - application/json
      Accept-Encoding:
      - gzip, deflate
      CommandName:
      - servicebus topic delete
      Connection:
      - keep-alive
      Content-Length:
      - '0'
      ParameterSetName:
      - --resource-group --namespace-name --name
      User-Agent:
      - AZURECLI/2.34.1 azsdk-python-azure-mgmt-servicebus/7.1.0 Python/3.8.0 (Windows-10-10.0.22000-SP0)
    method: DELETE
    uri: https://management.azure.com/subscriptions/00000000-0000-0000-0000-000000000000/resourceGroups/cli_test_sb_topic000001/providers/Microsoft.ServiceBus/namespaces/sb-nscli000002/topics/sb-topiccli000004?api-version=2021-06-01-preview
  response:
    body:
      string: ''
    headers:
      cache-control:
      - no-cache
      content-length:
      - '0'
      date:
      - Tue, 10 May 2022 05:39:29 GMT
      expires:
      - '-1'
      pragma:
      - no-cache
      server:
      - Service-Bus-Resource-Provider/CH3
      - Microsoft-HTTPAPI/2.0
      server-sb:
      - Service-Bus-Resource-Provider/CH3
      strict-transport-security:
      - max-age=31536000; includeSubDomains
      x-content-type-options:
      - nosniff
      x-ms-ratelimit-remaining-subscription-deletes:
      - '14999'
    status:
      code: 200
      message: OK
version: 1
