interactions:
- request:
    body: null
    headers:
      Accept:
      - application/json
      Accept-Encoding:
      - gzip, deflate
      CommandName:
      - servicebus namespace create
      Connection:
      - keep-alive
      ParameterSetName:
      - --resource-group --name --tags --sku
      User-Agent:
      - AZURECLI/2.34.1 azsdk-python-azure-mgmt-resource/20.0.0 Python/3.8.0 (Windows-10-10.0.22000-SP0)
    method: GET
    uri: https://management.azure.com/subscriptions/00000000-0000-0000-0000-000000000000/resourcegroups/cli_test_sb_queue000001?api-version=2021-04-01
  response:
    body:
      string: '{"id":"/subscriptions/00000000-0000-0000-0000-000000000000/resourceGroups/cli_test_sb_queue000001","name":"cli_test_sb_queue000001","type":"Microsoft.Resources/resourceGroups","location":"westus","tags":{"product":"azurecli","cause":"automation","date":"2022-05-10T09:08:22Z"},"properties":{"provisioningState":"Succeeded"}}'
    headers:
      cache-control:
      - no-cache
      content-length:
      - '324'
      content-type:
      - application/json; charset=utf-8
      date:
      - Tue, 10 May 2022 09:08:26 GMT
      expires:
      - '-1'
      pragma:
      - no-cache
      strict-transport-security:
      - max-age=31536000; includeSubDomains
      vary:
      - Accept-Encoding
      x-content-type-options:
      - nosniff
    status:
      code: 200
      message: OK
- request:
    body: '{"location": "westus", "tags": {"{tag1": "value1,", "tag2": "value2}"},
      "sku": {"name": "Standard", "tier": "Standard"}}'
    headers:
      Accept:
      - application/json
      Accept-Encoding:
      - gzip, deflate
      CommandName:
      - servicebus namespace create
      Connection:
      - keep-alive
      Content-Length:
      - '120'
      Content-Type:
      - application/json
      ParameterSetName:
      - --resource-group --name --tags --sku
      User-Agent:
      - AZURECLI/2.34.1 azsdk-python-azure-mgmt-servicebus/7.1.0 Python/3.8.0 (Windows-10-10.0.22000-SP0)
    method: PUT
    uri: https://management.azure.com/subscriptions/00000000-0000-0000-0000-000000000000/resourceGroups/cli_test_sb_queue000001/providers/Microsoft.ServiceBus/namespaces/sb-nscli000002?api-version=2021-06-01-preview
  response:
    body:
      string: '{"sku":{"name":"Standard","tier":"Standard"},"id":"/subscriptions/00000000-0000-0000-0000-000000000000/resourceGroups/cli_test_sb_queue000001/providers/Microsoft.ServiceBus/namespaces/sb-nscli000002","name":"sb-nscli000002","type":"Microsoft.ServiceBus/Namespaces","location":"West
        US","tags":{"{tag1":"value1,","tag2":"value2}"},"properties":{"disableLocalAuth":false,"zoneRedundant":false,"provisioningState":"Created","metricId":"326100e2-f69d-4268-8503-075374f62b6e:sb-nscli000002","createdAt":"2022-05-10T09:08:35.373Z","updatedAt":"2022-05-10T09:08:35.373Z","serviceBusEndpoint":"https://sb-nscli000002.servicebus.windows.net:443/","status":"Activating"}}'
    headers:
      cache-control:
      - no-cache
      content-length:
      - '661'
      content-type:
      - application/json; charset=utf-8
      date:
      - Tue, 10 May 2022 09:08:37 GMT
      expires:
      - '-1'
      pragma:
      - no-cache
      server:
      - Service-Bus-Resource-Provider/SN1
      - Microsoft-HTTPAPI/2.0
      server-sb:
      - Service-Bus-Resource-Provider/SN1
      strict-transport-security:
      - max-age=31536000; includeSubDomains
      transfer-encoding:
      - chunked
      vary:
      - Accept-Encoding
      x-content-type-options:
      - nosniff
      x-ms-ratelimit-remaining-subscription-writes:
      - '1199'
    status:
      code: 200
      message: OK
- request:
    body: null
    headers:
      Accept:
      - '*/*'
      Accept-Encoding:
      - gzip, deflate
      CommandName:
      - servicebus namespace create
      Connection:
      - keep-alive
      ParameterSetName:
      - --resource-group --name --tags --sku
      User-Agent:
      - AZURECLI/2.34.1 azsdk-python-azure-mgmt-servicebus/7.1.0 Python/3.8.0 (Windows-10-10.0.22000-SP0)
    method: GET
    uri: https://management.azure.com/subscriptions/00000000-0000-0000-0000-000000000000/resourceGroups/cli_test_sb_queue000001/providers/Microsoft.ServiceBus/namespaces/sb-nscli000002?api-version=2021-06-01-preview
  response:
    body:
      string: '{"sku":{"name":"Standard","tier":"Standard"},"id":"/subscriptions/00000000-0000-0000-0000-000000000000/resourceGroups/cli_test_sb_queue000001/providers/Microsoft.ServiceBus/namespaces/sb-nscli000002","name":"sb-nscli000002","type":"Microsoft.ServiceBus/Namespaces","location":"West
        US","tags":{"{tag1":"value1,","tag2":"value2}"},"properties":{"disableLocalAuth":false,"zoneRedundant":false,"provisioningState":"Created","metricId":"326100e2-f69d-4268-8503-075374f62b6e:sb-nscli000002","createdAt":"2022-05-10T09:08:35.373Z","updatedAt":"2022-05-10T09:08:35.373Z","serviceBusEndpoint":"https://sb-nscli000002.servicebus.windows.net:443/","status":"Activating"}}'
    headers:
      cache-control:
      - no-cache
      content-length:
      - '661'
      content-type:
      - application/json; charset=utf-8
      date:
      - Tue, 10 May 2022 09:09:07 GMT
      expires:
      - '-1'
      pragma:
      - no-cache
      server:
      - Service-Bus-Resource-Provider/SN1
      - Microsoft-HTTPAPI/2.0
      server-sb:
      - Service-Bus-Resource-Provider/SN1
      strict-transport-security:
      - max-age=31536000; includeSubDomains
      transfer-encoding:
      - chunked
      vary:
      - Accept-Encoding
      x-content-type-options:
      - nosniff
    status:
      code: 200
      message: OK
- request:
    body: null
    headers:
      Accept:
      - '*/*'
      Accept-Encoding:
      - gzip, deflate
      CommandName:
      - servicebus namespace create
      Connection:
      - keep-alive
      ParameterSetName:
      - --resource-group --name --tags --sku
      User-Agent:
      - AZURECLI/2.34.1 azsdk-python-azure-mgmt-servicebus/7.1.0 Python/3.8.0 (Windows-10-10.0.22000-SP0)
    method: GET
    uri: https://management.azure.com/subscriptions/00000000-0000-0000-0000-000000000000/resourceGroups/cli_test_sb_queue000001/providers/Microsoft.ServiceBus/namespaces/sb-nscli000002?api-version=2021-06-01-preview
  response:
    body:
      string: '{"sku":{"name":"Standard","tier":"Standard"},"id":"/subscriptions/00000000-0000-0000-0000-000000000000/resourceGroups/cli_test_sb_queue000001/providers/Microsoft.ServiceBus/namespaces/sb-nscli000002","name":"sb-nscli000002","type":"Microsoft.ServiceBus/Namespaces","location":"West
        US","tags":{"{tag1":"value1,","tag2":"value2}"},"properties":{"disableLocalAuth":false,"zoneRedundant":false,"provisioningState":"Succeeded","metricId":"326100e2-f69d-4268-8503-075374f62b6e:sb-nscli000002","createdAt":"2022-05-10T09:08:35.373Z","updatedAt":"2022-05-10T09:09:19.29Z","serviceBusEndpoint":"https://sb-nscli000002.servicebus.windows.net:443/","status":"Active"}}'
    headers:
      cache-control:
      - no-cache
      content-length:
      - '658'
      content-type:
      - application/json; charset=utf-8
      date:
      - Tue, 10 May 2022 09:10:45 GMT
      expires:
      - '-1'
      pragma:
      - no-cache
      server:
      - Service-Bus-Resource-Provider/SN1
      - Microsoft-HTTPAPI/2.0
      server-sb:
      - Service-Bus-Resource-Provider/SN1
      strict-transport-security:
      - max-age=31536000; includeSubDomains
      transfer-encoding:
      - chunked
      vary:
      - Accept-Encoding
      x-content-type-options:
      - nosniff
    status:
      code: 200
      message: OK
- request:
    body: null
    headers:
      Accept:
      - application/json
      Accept-Encoding:
      - gzip, deflate
      CommandName:
      - servicebus namespace create
      Connection:
      - keep-alive
      ParameterSetName:
      - --resource-group --name --tags --sku
      User-Agent:
      - AZURECLI/2.34.1 azsdk-python-azure-mgmt-servicebus/7.1.0 Python/3.8.0 (Windows-10-10.0.22000-SP0)
    method: GET
    uri: https://management.azure.com/subscriptions/00000000-0000-0000-0000-000000000000/resourceGroups/cli_test_sb_queue000001/providers/Microsoft.ServiceBus/namespaces/sb-nscli000002?api-version=2021-06-01-preview
  response:
    body:
      string: '{"sku":{"name":"Standard","tier":"Standard"},"id":"/subscriptions/00000000-0000-0000-0000-000000000000/resourceGroups/cli_test_sb_queue000001/providers/Microsoft.ServiceBus/namespaces/sb-nscli000002","name":"sb-nscli000002","type":"Microsoft.ServiceBus/Namespaces","location":"West
        US","tags":{"{tag1":"value1,","tag2":"value2}"},"properties":{"disableLocalAuth":false,"zoneRedundant":false,"provisioningState":"Succeeded","metricId":"326100e2-f69d-4268-8503-075374f62b6e:sb-nscli000002","createdAt":"2022-05-10T09:08:35.373Z","updatedAt":"2022-05-10T09:09:19.29Z","serviceBusEndpoint":"https://sb-nscli000002.servicebus.windows.net:443/","status":"Active"}}'
    headers:
      cache-control:
      - no-cache
      content-length:
      - '658'
      content-type:
      - application/json; charset=utf-8
      date:
      - Tue, 10 May 2022 09:10:45 GMT
      expires:
      - '-1'
      pragma:
      - no-cache
      server:
      - Service-Bus-Resource-Provider/SN1
      - Microsoft-HTTPAPI/2.0
      server-sb:
      - Service-Bus-Resource-Provider/SN1
      strict-transport-security:
      - max-age=31536000; includeSubDomains
      transfer-encoding:
      - chunked
      vary:
      - Accept-Encoding
      x-content-type-options:
      - nosniff
    status:
      code: 200
      message: OK
- request:
    body: null
    headers:
      Accept:
      - application/json
      Accept-Encoding:
      - gzip, deflate
      CommandName:
      - servicebus namespace show
      Connection:
      - keep-alive
      ParameterSetName:
      - --resource-group --name
      User-Agent:
      - AZURECLI/2.34.1 azsdk-python-azure-mgmt-servicebus/7.1.0 Python/3.8.0 (Windows-10-10.0.22000-SP0)
    method: GET
    uri: https://management.azure.com/subscriptions/00000000-0000-0000-0000-000000000000/resourceGroups/cli_test_sb_queue000001/providers/Microsoft.ServiceBus/namespaces/sb-nscli000002?api-version=2021-06-01-preview
  response:
    body:
      string: '{"sku":{"name":"Standard","tier":"Standard"},"id":"/subscriptions/00000000-0000-0000-0000-000000000000/resourceGroups/cli_test_sb_queue000001/providers/Microsoft.ServiceBus/namespaces/sb-nscli000002","name":"sb-nscli000002","type":"Microsoft.ServiceBus/Namespaces","location":"West
        US","tags":{"{tag1":"value1,","tag2":"value2}"},"properties":{"disableLocalAuth":false,"zoneRedundant":false,"provisioningState":"Succeeded","metricId":"326100e2-f69d-4268-8503-075374f62b6e:sb-nscli000002","createdAt":"2022-05-10T09:08:35.373Z","updatedAt":"2022-05-10T09:09:19.29Z","serviceBusEndpoint":"https://sb-nscli000002.servicebus.windows.net:443/","status":"Active"}}'
    headers:
      cache-control:
      - no-cache
      content-length:
      - '658'
      content-type:
      - application/json; charset=utf-8
      date:
      - Tue, 10 May 2022 09:10:46 GMT
      expires:
      - '-1'
      pragma:
      - no-cache
      server:
      - Service-Bus-Resource-Provider/SN1
      - Microsoft-HTTPAPI/2.0
      server-sb:
      - Service-Bus-Resource-Provider/SN1
      strict-transport-security:
      - max-age=31536000; includeSubDomains
      transfer-encoding:
      - chunked
      vary:
      - Accept-Encoding
      x-content-type-options:
      - nosniff
    status:
      code: 200
      message: OK
- request:
    body: '{}'
    headers:
      Accept:
      - application/json
      Accept-Encoding:
      - gzip, deflate
      CommandName:
      - servicebus queue create
      Connection:
      - keep-alive
      Content-Length:
      - '2'
      Content-Type:
      - application/json
      ParameterSetName:
      - --name --namespace-name --resource-group
      User-Agent:
      - AZURECLI/2.34.1 azsdk-python-azure-mgmt-servicebus/7.1.0 Python/3.8.0 (Windows-10-10.0.22000-SP0)
    method: PUT
    uri: https://management.azure.com/subscriptions/00000000-0000-0000-0000-000000000000/resourceGroups/cli_test_sb_queue000001/providers/Microsoft.ServiceBus/namespaces/sb-nscli000002/queues/sb-queuecli3000007?api-version=2021-06-01-preview
  response:
    body:
      string: '{"id":"/subscriptions/00000000-0000-0000-0000-000000000000/resourceGroups/cli_test_sb_queue000001/providers/Microsoft.ServiceBus/namespaces/sb-nscli000002/queues/sb-queuecli3000007","name":"sb-queuecli3000007","type":"Microsoft.ServiceBus/Namespaces/Queues","location":"West
        US","properties":{"maxMessageSizeInKilobytes":256,"lockDuration":"PT1M","maxSizeInMegabytes":1024,"requiresDuplicateDetection":false,"requiresSession":false,"defaultMessageTimeToLive":"P10675199DT2H48M5.4775807S","deadLetteringOnMessageExpiration":false,"enableBatchedOperations":true,"duplicateDetectionHistoryTimeWindow":"PT10M","maxDeliveryCount":10,"sizeInBytes":0,"messageCount":0,"status":"Active","autoDeleteOnIdle":"P10675199DT2H48M5.4775807S","enablePartitioning":false,"enableExpress":false,"countDetails":{"activeMessageCount":0,"deadLetterMessageCount":0,"scheduledMessageCount":0,"transferMessageCount":0,"transferDeadLetterMessageCount":0},"createdAt":"2022-05-10T09:10:51.04Z","updatedAt":"2022-05-10T09:10:51.127Z","accessedAt":"0001-01-01T00:00:00Z"}}'
    headers:
      cache-control:
      - no-cache
      content-length:
      - '1043'
      content-type:
      - application/json; charset=utf-8
      date:
      - Tue, 10 May 2022 09:10:51 GMT
      expires:
      - '-1'
      pragma:
      - no-cache
      server:
      - Service-Bus-Resource-Provider/CH3
      - Microsoft-HTTPAPI/2.0
      server-sb:
      - Service-Bus-Resource-Provider/CH3
      strict-transport-security:
      - max-age=31536000; includeSubDomains
      transfer-encoding:
      - chunked
      vary:
      - Accept-Encoding
      x-content-type-options:
      - nosniff
      x-ms-ratelimit-remaining-subscription-writes:
      - '1199'
    status:
      code: 200
      message: OK
- request:
    body: '{}'
    headers:
      Accept:
      - application/json
      Accept-Encoding:
      - gzip, deflate
      CommandName:
      - servicebus queue create
      Connection:
      - keep-alive
      Content-Length:
      - '2'
      Content-Type:
      - application/json
      ParameterSetName:
      - --name --namespace-name --resource-group
      User-Agent:
      - AZURECLI/2.34.1 azsdk-python-azure-mgmt-servicebus/7.1.0 Python/3.8.0 (Windows-10-10.0.22000-SP0)
    method: PUT
    uri: https://management.azure.com/subscriptions/00000000-0000-0000-0000-000000000000/resourceGroups/cli_test_sb_queue000001/providers/Microsoft.ServiceBus/namespaces/sb-nscli000002/queues/sb-queuecli4000008?api-version=2021-06-01-preview
  response:
    body:
      string: '{"id":"/subscriptions/00000000-0000-0000-0000-000000000000/resourceGroups/cli_test_sb_queue000001/providers/Microsoft.ServiceBus/namespaces/sb-nscli000002/queues/sb-queuecli4000008","name":"sb-queuecli4000008","type":"Microsoft.ServiceBus/Namespaces/Queues","location":"West
        US","properties":{"maxMessageSizeInKilobytes":256,"lockDuration":"PT1M","maxSizeInMegabytes":1024,"requiresDuplicateDetection":false,"requiresSession":false,"defaultMessageTimeToLive":"P10675199DT2H48M5.4775807S","deadLetteringOnMessageExpiration":false,"enableBatchedOperations":true,"duplicateDetectionHistoryTimeWindow":"PT10M","maxDeliveryCount":10,"sizeInBytes":0,"messageCount":0,"status":"Active","autoDeleteOnIdle":"P10675199DT2H48M5.4775807S","enablePartitioning":false,"enableExpress":false,"countDetails":{"activeMessageCount":0,"deadLetterMessageCount":0,"scheduledMessageCount":0,"transferMessageCount":0,"transferDeadLetterMessageCount":0},"createdAt":"2022-05-10T09:10:54.273Z","updatedAt":"2022-05-10T09:10:54.333Z","accessedAt":"0001-01-01T00:00:00Z"}}'
    headers:
      cache-control:
      - no-cache
      content-length:
      - '1044'
      content-type:
      - application/json; charset=utf-8
      date:
      - Tue, 10 May 2022 09:10:54 GMT
      expires:
      - '-1'
      pragma:
      - no-cache
      server:
      - Service-Bus-Resource-Provider/SN1
      - Microsoft-HTTPAPI/2.0
      server-sb:
      - Service-Bus-Resource-Provider/SN1
      strict-transport-security:
      - max-age=31536000; includeSubDomains
      transfer-encoding:
      - chunked
      vary:
      - Accept-Encoding
      x-content-type-options:
      - nosniff
      x-ms-ratelimit-remaining-subscription-writes:
      - '1198'
    status:
      code: 200
      message: OK
- request:
    body: null
    headers:
      Accept:
      - application/json
      Accept-Encoding:
      - gzip, deflate
      CommandName:
      - servicebus queue create
      Connection:
      - keep-alive
      ParameterSetName:
      - --resource-group --name --namespace-name --lock-duration --max-size --duplicate-detection-history-time-window
        --enable-dead-lettering-on-message-expiration --enable-duplicate-detection
        --max-delivery-count --status --default-message-time-to-live --enable-batched-operations
        --forward-to --forward-dead-lettered-messages-to
      User-Agent:
      - AZURECLI/2.34.1 azsdk-python-azure-mgmt-servicebus/7.1.0 Python/3.8.0 (Windows-10-10.0.22000-SP0)
    method: GET
    uri: https://management.azure.com/subscriptions/00000000-0000-0000-0000-000000000000/resourceGroups/cli_test_sb_queue000001/providers/Microsoft.ServiceBus/namespaces/sb-nscli000002?api-version=2017-04-01
  response:
    body:
      string: '{"sku":{"name":"Standard","tier":"Standard"},"id":"/subscriptions/00000000-0000-0000-0000-000000000000/resourceGroups/cli_test_sb_queue000001/providers/Microsoft.ServiceBus/namespaces/sb-nscli000002","name":"sb-nscli000002","type":"Microsoft.ServiceBus/Namespaces","location":"West
        US","tags":{"{tag1":"value1,","tag2":"value2}"},"properties":{"provisioningState":"Succeeded","metricId":"326100e2-f69d-4268-8503-075374f62b6e:sb-nscli000002","createdAt":"2022-05-10T09:08:35.373Z","updatedAt":"2022-05-10T09:09:19.29Z","serviceBusEndpoint":"https://sb-nscli000002.servicebus.windows.net:443/","status":"Active"}}'
    headers:
      cache-control:
      - no-cache
      content-length:
      - '611'
      content-type:
      - application/json; charset=utf-8
      date:
      - Tue, 10 May 2022 09:10:55 GMT
      expires:
      - '-1'
      pragma:
      - no-cache
      server:
      - Service-Bus-Resource-Provider/CH3
      - Microsoft-HTTPAPI/2.0
      server-sb:
      - Service-Bus-Resource-Provider/CH3
      strict-transport-security:
      - max-age=31536000; includeSubDomains
      transfer-encoding:
      - chunked
      vary:
      - Accept-Encoding
      x-content-type-options:
      - nosniff
    status:
      code: 200
      message: OK
- request:
    body: '{"properties": {"lockDuration": "PT3M", "maxSizeInMegabytes": 4096, "requiresDuplicateDetection":
      true, "defaultMessageTimeToLive": "P1Y2M3DT3H11M2S", "deadLetteringOnMessageExpiration":
      true, "duplicateDetectionHistoryTimeWindow": "PT10M", "maxDeliveryCount": 8,
      "status": "Active", "enableBatchedOperations": false, "forwardTo": "sb-queuecli3000007",
      "forwardDeadLetteredMessagesTo": "sb-queuecli3000007"}}'
    headers:
      Accept:
      - application/json
      Accept-Encoding:
      - gzip, deflate
      CommandName:
      - servicebus queue create
      Connection:
      - keep-alive
      Content-Length:
      - '408'
      Content-Type:
      - application/json
      ParameterSetName:
      - --resource-group --name --namespace-name --lock-duration --max-size --duplicate-detection-history-time-window
        --enable-dead-lettering-on-message-expiration --enable-duplicate-detection
        --max-delivery-count --status --default-message-time-to-live --enable-batched-operations
        --forward-to --forward-dead-lettered-messages-to
      User-Agent:
      - AZURECLI/2.34.1 azsdk-python-azure-mgmt-servicebus/7.1.0 Python/3.8.0 (Windows-10-10.0.22000-SP0)
    method: PUT
    uri: https://management.azure.com/subscriptions/00000000-0000-0000-0000-000000000000/resourceGroups/cli_test_sb_queue000001/providers/Microsoft.ServiceBus/namespaces/sb-nscli000002/queues/sb-queuecli2000005?api-version=2021-06-01-preview
  response:
    body:
      string: '{"id":"/subscriptions/00000000-0000-0000-0000-000000000000/resourceGroups/cli_test_sb_queue000001/providers/Microsoft.ServiceBus/namespaces/sb-nscli000002/queues/sb-queuecli2000005","name":"sb-queuecli2000005","type":"Microsoft.ServiceBus/Namespaces/Queues","location":"West
        US","properties":{"maxMessageSizeInKilobytes":256,"lockDuration":"PT3M","maxSizeInMegabytes":4096,"requiresDuplicateDetection":true,"requiresSession":false,"defaultMessageTimeToLive":"P428DT3H11M2S","deadLetteringOnMessageExpiration":true,"enableBatchedOperations":false,"duplicateDetectionHistoryTimeWindow":"PT10M","maxDeliveryCount":8,"sizeInBytes":0,"messageCount":0,"status":"Active","autoDeleteOnIdle":"P10675199DT2H48M5.4775807S","enablePartitioning":false,"enableExpress":false,"countDetails":{"activeMessageCount":0,"deadLetterMessageCount":0,"scheduledMessageCount":0,"transferMessageCount":0,"transferDeadLetterMessageCount":0},"createdAt":"2022-05-10T09:10:58.44Z","updatedAt":"2022-05-10T09:10:58.483Z","accessedAt":"0001-01-01T00:00:00Z","forwardTo":"sb-queuecli3000007","forwardDeadLetteredMessagesTo":"sb-queuecli3000007"}}'
    headers:
      cache-control:
      - no-cache
      content-length:
      - '1114'
      content-type:
      - application/json; charset=utf-8
      date:
      - Tue, 10 May 2022 09:10:58 GMT
      expires:
      - '-1'
      pragma:
      - no-cache
      server:
      - Service-Bus-Resource-Provider/SN1
      - Microsoft-HTTPAPI/2.0
      server-sb:
      - Service-Bus-Resource-Provider/SN1
      strict-transport-security:
      - max-age=31536000; includeSubDomains
      transfer-encoding:
      - chunked
      vary:
      - Accept-Encoding
      x-content-type-options:
      - nosniff
      x-ms-ratelimit-remaining-subscription-writes:
      - '1199'
    status:
      code: 200
      message: OK
- request:
    body: null
    headers:
      Accept:
      - application/json
      Accept-Encoding:
      - gzip, deflate
      CommandName:
      - servicebus queue update
      Connection:
      - keep-alive
      ParameterSetName:
      - --resource-group --name --namespace-name --lock-duration
      User-Agent:
      - AZURECLI/2.34.1 azsdk-python-azure-mgmt-servicebus/7.1.0 Python/3.8.0 (Windows-10-10.0.22000-SP0)
    method: GET
    uri: https://management.azure.com/subscriptions/00000000-0000-0000-0000-000000000000/resourceGroups/cli_test_sb_queue000001/providers/Microsoft.ServiceBus/namespaces/sb-nscli000002/queues/sb-queuecli2000005?api-version=2021-06-01-preview
  response:
    body:
      string: '{"id":"/subscriptions/00000000-0000-0000-0000-000000000000/resourceGroups/cli_test_sb_queue000001/providers/Microsoft.ServiceBus/namespaces/sb-nscli000002/queues/sb-queuecli2000005","name":"sb-queuecli2000005","type":"Microsoft.ServiceBus/Namespaces/Queues","location":"West
        US","properties":{"maxMessageSizeInKilobytes":256,"lockDuration":"PT3M","maxSizeInMegabytes":4096,"requiresDuplicateDetection":true,"requiresSession":false,"defaultMessageTimeToLive":"P428DT3H11M2S","deadLetteringOnMessageExpiration":true,"enableBatchedOperations":false,"duplicateDetectionHistoryTimeWindow":"PT10M","maxDeliveryCount":8,"sizeInBytes":0,"messageCount":0,"status":"Active","autoDeleteOnIdle":"P10675199DT2H48M5.4775807S","enablePartitioning":false,"enableExpress":false,"countDetails":{"activeMessageCount":0,"deadLetterMessageCount":0,"scheduledMessageCount":0,"transferMessageCount":0,"transferDeadLetterMessageCount":0},"createdAt":"2022-05-10T09:10:58.44Z","updatedAt":"2022-05-10T09:10:58.483Z","accessedAt":"0001-01-01T00:00:00Z","forwardTo":"sb-queuecli3000007","forwardDeadLetteredMessagesTo":"sb-queuecli3000007"}}'
    headers:
      cache-control:
      - no-cache
      content-length:
      - '1114'
      content-type:
      - application/json; charset=utf-8
      date:
      - Tue, 10 May 2022 09:11:00 GMT
      expires:
      - '-1'
      pragma:
      - no-cache
      server:
      - Service-Bus-Resource-Provider/CH3
      - Microsoft-HTTPAPI/2.0
      server-sb:
      - Service-Bus-Resource-Provider/CH3
      strict-transport-security:
      - max-age=31536000; includeSubDomains
      transfer-encoding:
      - chunked
      vary:
      - Accept-Encoding
      x-content-type-options:
      - nosniff
    status:
      code: 200
      message: OK
- request:
    body: '{"properties": {"lockDuration": "PT2M", "maxSizeInMegabytes": 4096, "maxMessageSizeInKilobytes":
      256, "requiresDuplicateDetection": true, "requiresSession": false, "defaultMessageTimeToLive":
      "P428DT3H11M2S", "deadLetteringOnMessageExpiration": true, "duplicateDetectionHistoryTimeWindow":
      "PT10M", "maxDeliveryCount": 8, "status": "Active", "enableBatchedOperations":
      false, "enablePartitioning": false, "enableExpress": false, "forwardTo": "sb-queuecli3000007",
      "forwardDeadLetteredMessagesTo": "sb-queuecli3000007"}}'
    headers:
      Accept:
      - application/json
      Accept-Encoding:
      - gzip, deflate
      CommandName:
      - servicebus queue update
      Connection:
      - keep-alive
      Content-Length:
      - '519'
      Content-Type:
      - application/json
      ParameterSetName:
      - --resource-group --name --namespace-name --lock-duration
      User-Agent:
      - AZURECLI/2.34.1 azsdk-python-azure-mgmt-servicebus/7.1.0 Python/3.8.0 (Windows-10-10.0.22000-SP0)
    method: PUT
    uri: https://management.azure.com/subscriptions/00000000-0000-0000-0000-000000000000/resourceGroups/cli_test_sb_queue000001/providers/Microsoft.ServiceBus/namespaces/sb-nscli000002/queues/sb-queuecli2000005?api-version=2021-06-01-preview
  response:
    body:
      string: '{"id":"/subscriptions/00000000-0000-0000-0000-000000000000/resourceGroups/cli_test_sb_queue000001/providers/Microsoft.ServiceBus/namespaces/sb-nscli000002/queues/sb-queuecli2000005","name":"sb-queuecli2000005","type":"Microsoft.ServiceBus/Namespaces/Queues","location":"West
        US","properties":{"maxMessageSizeInKilobytes":256,"lockDuration":"PT2M","maxSizeInMegabytes":4096,"requiresDuplicateDetection":true,"requiresSession":false,"defaultMessageTimeToLive":"P428DT3H11M2S","deadLetteringOnMessageExpiration":true,"enableBatchedOperations":false,"duplicateDetectionHistoryTimeWindow":"PT10M","maxDeliveryCount":8,"sizeInBytes":0,"messageCount":0,"status":"Active","autoDeleteOnIdle":"P10675199DT2H48M5.4775807S","enablePartitioning":false,"enableExpress":false,"countDetails":{"activeMessageCount":0,"deadLetterMessageCount":0,"scheduledMessageCount":0,"transferMessageCount":0,"transferDeadLetterMessageCount":0},"createdAt":"0001-01-01T00:00:00Z","updatedAt":"0001-01-01T00:00:00Z","accessedAt":"0001-01-01T00:00:00Z","forwardTo":"sb-queuecli3000007","forwardDeadLetteredMessagesTo":"sb-queuecli3000007"}}'
    headers:
      cache-control:
      - no-cache
      content-length:
      - '1107'
      content-type:
      - application/json; charset=utf-8
      date:
      - Tue, 10 May 2022 09:11:03 GMT
      expires:
      - '-1'
      pragma:
      - no-cache
      server:
      - Service-Bus-Resource-Provider/CH3
      - Microsoft-HTTPAPI/2.0
      server-sb:
      - Service-Bus-Resource-Provider/CH3
      strict-transport-security:
      - max-age=31536000; includeSubDomains
      transfer-encoding:
      - chunked
      vary:
      - Accept-Encoding
      x-content-type-options:
      - nosniff
      x-ms-ratelimit-remaining-subscription-writes:
      - '1199'
    status:
      code: 200
      message: OK
- request:
    body: null
    headers:
      Accept:
      - application/json
      Accept-Encoding:
      - gzip, deflate
      CommandName:
      - servicebus queue update
      Connection:
      - keep-alive
      ParameterSetName:
      - --resource-group --name --namespace-name --default-message-time-to-live
      User-Agent:
      - AZURECLI/2.34.1 azsdk-python-azure-mgmt-servicebus/7.1.0 Python/3.8.0 (Windows-10-10.0.22000-SP0)
    method: GET
    uri: https://management.azure.com/subscriptions/00000000-0000-0000-0000-000000000000/resourceGroups/cli_test_sb_queue000001/providers/Microsoft.ServiceBus/namespaces/sb-nscli000002/queues/sb-queuecli2000005?api-version=2021-06-01-preview
  response:
    body:
      string: '{"id":"/subscriptions/00000000-0000-0000-0000-000000000000/resourceGroups/cli_test_sb_queue000001/providers/Microsoft.ServiceBus/namespaces/sb-nscli000002/queues/sb-queuecli2000005","name":"sb-queuecli2000005","type":"Microsoft.ServiceBus/Namespaces/Queues","location":"West
        US","properties":{"maxMessageSizeInKilobytes":256,"lockDuration":"PT2M","maxSizeInMegabytes":4096,"requiresDuplicateDetection":true,"requiresSession":false,"defaultMessageTimeToLive":"P428DT3H11M2S","deadLetteringOnMessageExpiration":true,"enableBatchedOperations":false,"duplicateDetectionHistoryTimeWindow":"PT10M","maxDeliveryCount":8,"sizeInBytes":0,"messageCount":0,"status":"Active","autoDeleteOnIdle":"P10675199DT2H48M5.4775807S","enablePartitioning":false,"enableExpress":false,"countDetails":{"activeMessageCount":0,"deadLetterMessageCount":0,"scheduledMessageCount":0,"transferMessageCount":0,"transferDeadLetterMessageCount":0},"createdAt":"2022-05-10T09:10:58.44Z","updatedAt":"2022-05-10T09:11:04.097Z","accessedAt":"0001-01-01T00:00:00Z","forwardTo":"sb-queuecli3000007","forwardDeadLetteredMessagesTo":"sb-queuecli3000007"}}'
    headers:
      cache-control:
      - no-cache
      content-length:
      - '1114'
      content-type:
      - application/json; charset=utf-8
      date:
      - Tue, 10 May 2022 09:11:04 GMT
      expires:
      - '-1'
      pragma:
      - no-cache
      server:
      - Service-Bus-Resource-Provider/SN1
      - Microsoft-HTTPAPI/2.0
      server-sb:
      - Service-Bus-Resource-Provider/SN1
      strict-transport-security:
      - max-age=31536000; includeSubDomains
      transfer-encoding:
      - chunked
      vary:
      - Accept-Encoding
      x-content-type-options:
      - nosniff
    status:
      code: 200
      message: OK
- request:
    body: '{"properties": {"lockDuration": "PT2M", "maxSizeInMegabytes": 4096, "maxMessageSizeInKilobytes":
      256, "requiresDuplicateDetection": true, "requiresSession": false, "defaultMessageTimeToLive":
      "P1DT3M4S", "deadLetteringOnMessageExpiration": true, "duplicateDetectionHistoryTimeWindow":
      "PT10M", "maxDeliveryCount": 8, "status": "Active", "enableBatchedOperations":
      false, "enablePartitioning": false, "enableExpress": false, "forwardTo": "sb-queuecli3000007",
      "forwardDeadLetteredMessagesTo": "sb-queuecli3000007"}}'
    headers:
      Accept:
      - application/json
      Accept-Encoding:
      - gzip, deflate
      CommandName:
      - servicebus queue update
      Connection:
      - keep-alive
      Content-Length:
      - '514'
      Content-Type:
      - application/json
      ParameterSetName:
      - --resource-group --name --namespace-name --default-message-time-to-live
      User-Agent:
      - AZURECLI/2.34.1 azsdk-python-azure-mgmt-servicebus/7.1.0 Python/3.8.0 (Windows-10-10.0.22000-SP0)
    method: PUT
    uri: https://management.azure.com/subscriptions/00000000-0000-0000-0000-000000000000/resourceGroups/cli_test_sb_queue000001/providers/Microsoft.ServiceBus/namespaces/sb-nscli000002/queues/sb-queuecli2000005?api-version=2021-06-01-preview
  response:
    body:
      string: '{"id":"/subscriptions/00000000-0000-0000-0000-000000000000/resourceGroups/cli_test_sb_queue000001/providers/Microsoft.ServiceBus/namespaces/sb-nscli000002/queues/sb-queuecli2000005","name":"sb-queuecli2000005","type":"Microsoft.ServiceBus/Namespaces/Queues","location":"West
        US","properties":{"maxMessageSizeInKilobytes":256,"lockDuration":"PT2M","maxSizeInMegabytes":4096,"requiresDuplicateDetection":true,"requiresSession":false,"defaultMessageTimeToLive":"P1DT3M4S","deadLetteringOnMessageExpiration":true,"enableBatchedOperations":false,"duplicateDetectionHistoryTimeWindow":"PT10M","maxDeliveryCount":8,"sizeInBytes":0,"messageCount":0,"status":"Active","autoDeleteOnIdle":"P10675199DT2H48M5.4775807S","enablePartitioning":false,"enableExpress":false,"countDetails":{"activeMessageCount":0,"deadLetterMessageCount":0,"scheduledMessageCount":0,"transferMessageCount":0,"transferDeadLetterMessageCount":0},"createdAt":"0001-01-01T00:00:00Z","updatedAt":"0001-01-01T00:00:00Z","accessedAt":"0001-01-01T00:00:00Z","forwardTo":"sb-queuecli3000007","forwardDeadLetteredMessagesTo":"sb-queuecli3000007"}}'
    headers:
      cache-control:
      - no-cache
      content-length:
      - '1102'
      content-type:
      - application/json; charset=utf-8
      date:
      - Tue, 10 May 2022 09:11:06 GMT
      expires:
      - '-1'
      pragma:
      - no-cache
      server:
      - Service-Bus-Resource-Provider/SN1
      - Microsoft-HTTPAPI/2.0
      server-sb:
      - Service-Bus-Resource-Provider/SN1
      strict-transport-security:
      - max-age=31536000; includeSubDomains
      transfer-encoding:
      - chunked
      vary:
      - Accept-Encoding
      x-content-type-options:
      - nosniff
      x-ms-ratelimit-remaining-subscription-writes:
      - '1198'
    status:
      code: 200
      message: OK
- request:
    body: null
    headers:
      Accept:
      - application/json
      Accept-Encoding:
      - gzip, deflate
      CommandName:
      - servicebus queue update
      Connection:
      - keep-alive
      ParameterSetName:
      - --resource-group --name --namespace-name --max-size
      User-Agent:
      - AZURECLI/2.34.1 azsdk-python-azure-mgmt-servicebus/7.1.0 Python/3.8.0 (Windows-10-10.0.22000-SP0)
    method: GET
    uri: https://management.azure.com/subscriptions/00000000-0000-0000-0000-000000000000/resourceGroups/cli_test_sb_queue000001/providers/Microsoft.ServiceBus/namespaces/sb-nscli000002/queues/sb-queuecli2000005?api-version=2021-06-01-preview
  response:
    body:
      string: '{"id":"/subscriptions/00000000-0000-0000-0000-000000000000/resourceGroups/cli_test_sb_queue000001/providers/Microsoft.ServiceBus/namespaces/sb-nscli000002/queues/sb-queuecli2000005","name":"sb-queuecli2000005","type":"Microsoft.ServiceBus/Namespaces/Queues","location":"West
        US","properties":{"maxMessageSizeInKilobytes":256,"lockDuration":"PT2M","maxSizeInMegabytes":4096,"requiresDuplicateDetection":true,"requiresSession":false,"defaultMessageTimeToLive":"P1DT3M4S","deadLetteringOnMessageExpiration":true,"enableBatchedOperations":false,"duplicateDetectionHistoryTimeWindow":"PT10M","maxDeliveryCount":8,"sizeInBytes":0,"messageCount":0,"status":"Active","autoDeleteOnIdle":"P10675199DT2H48M5.4775807S","enablePartitioning":false,"enableExpress":false,"countDetails":{"activeMessageCount":0,"deadLetterMessageCount":0,"scheduledMessageCount":0,"transferMessageCount":0,"transferDeadLetterMessageCount":0},"createdAt":"2022-05-10T09:10:58.44Z","updatedAt":"2022-05-10T09:11:06.907Z","accessedAt":"0001-01-01T00:00:00Z","forwardTo":"sb-queuecli3000007","forwardDeadLetteredMessagesTo":"sb-queuecli3000007"}}'
    headers:
      cache-control:
      - no-cache
      content-length:
      - '1109'
      content-type:
      - application/json; charset=utf-8
      date:
      - Tue, 10 May 2022 09:11:08 GMT
      expires:
      - '-1'
      pragma:
      - no-cache
      server:
      - Service-Bus-Resource-Provider/CH3
      - Microsoft-HTTPAPI/2.0
      server-sb:
      - Service-Bus-Resource-Provider/CH3
      strict-transport-security:
      - max-age=31536000; includeSubDomains
      transfer-encoding:
      - chunked
      vary:
      - Accept-Encoding
      x-content-type-options:
      - nosniff
    status:
      code: 200
      message: OK
- request:
    body: '{"properties": {"lockDuration": "PT2M", "maxSizeInMegabytes": 2048, "maxMessageSizeInKilobytes":
      256, "requiresDuplicateDetection": true, "requiresSession": false, "defaultMessageTimeToLive":
      "P1DT3M4S", "deadLetteringOnMessageExpiration": true, "duplicateDetectionHistoryTimeWindow":
      "PT10M", "maxDeliveryCount": 8, "status": "Active", "enableBatchedOperations":
      false, "enablePartitioning": false, "enableExpress": false, "forwardTo": "sb-queuecli3000007",
      "forwardDeadLetteredMessagesTo": "sb-queuecli3000007"}}'
    headers:
      Accept:
      - application/json
      Accept-Encoding:
      - gzip, deflate
      CommandName:
      - servicebus queue update
      Connection:
      - keep-alive
      Content-Length:
      - '514'
      Content-Type:
      - application/json
      ParameterSetName:
      - --resource-group --name --namespace-name --max-size
      User-Agent:
      - AZURECLI/2.34.1 azsdk-python-azure-mgmt-servicebus/7.1.0 Python/3.8.0 (Windows-10-10.0.22000-SP0)
    method: PUT
    uri: https://management.azure.com/subscriptions/00000000-0000-0000-0000-000000000000/resourceGroups/cli_test_sb_queue000001/providers/Microsoft.ServiceBus/namespaces/sb-nscli000002/queues/sb-queuecli2000005?api-version=2021-06-01-preview
  response:
    body:
      string: '{"id":"/subscriptions/00000000-0000-0000-0000-000000000000/resourceGroups/cli_test_sb_queue000001/providers/Microsoft.ServiceBus/namespaces/sb-nscli000002/queues/sb-queuecli2000005","name":"sb-queuecli2000005","type":"Microsoft.ServiceBus/Namespaces/Queues","location":"West
        US","properties":{"maxMessageSizeInKilobytes":256,"lockDuration":"PT2M","maxSizeInMegabytes":2048,"requiresDuplicateDetection":true,"requiresSession":false,"defaultMessageTimeToLive":"P1DT3M4S","deadLetteringOnMessageExpiration":true,"enableBatchedOperations":false,"duplicateDetectionHistoryTimeWindow":"PT10M","maxDeliveryCount":8,"sizeInBytes":0,"messageCount":0,"status":"Active","autoDeleteOnIdle":"P10675199DT2H48M5.4775807S","enablePartitioning":false,"enableExpress":false,"countDetails":{"activeMessageCount":0,"deadLetterMessageCount":0,"scheduledMessageCount":0,"transferMessageCount":0,"transferDeadLetterMessageCount":0},"createdAt":"0001-01-01T00:00:00Z","updatedAt":"0001-01-01T00:00:00Z","accessedAt":"0001-01-01T00:00:00Z","forwardTo":"sb-queuecli3000007","forwardDeadLetteredMessagesTo":"sb-queuecli3000007"}}'
    headers:
      cache-control:
      - no-cache
      content-length:
      - '1102'
      content-type:
      - application/json; charset=utf-8
      date:
      - Tue, 10 May 2022 09:11:09 GMT
      expires:
      - '-1'
      pragma:
      - no-cache
      server:
      - Service-Bus-Resource-Provider/SN1
      - Microsoft-HTTPAPI/2.0
      server-sb:
      - Service-Bus-Resource-Provider/SN1
      strict-transport-security:
      - max-age=31536000; includeSubDomains
      transfer-encoding:
      - chunked
      vary:
      - Accept-Encoding
      x-content-type-options:
      - nosniff
      x-ms-ratelimit-remaining-subscription-writes:
      - '1199'
    status:
      code: 200
      message: OK
- request:
    body: null
    headers:
      Accept:
      - application/json
      Accept-Encoding:
      - gzip, deflate
      CommandName:
      - servicebus queue update
      Connection:
      - keep-alive
      ParameterSetName:
      - --resource-group --name --namespace-name --enable-batched-operations
      User-Agent:
      - AZURECLI/2.34.1 azsdk-python-azure-mgmt-servicebus/7.1.0 Python/3.8.0 (Windows-10-10.0.22000-SP0)
    method: GET
    uri: https://management.azure.com/subscriptions/00000000-0000-0000-0000-000000000000/resourceGroups/cli_test_sb_queue000001/providers/Microsoft.ServiceBus/namespaces/sb-nscli000002/queues/sb-queuecli2000005?api-version=2021-06-01-preview
  response:
    body:
      string: '{"id":"/subscriptions/00000000-0000-0000-0000-000000000000/resourceGroups/cli_test_sb_queue000001/providers/Microsoft.ServiceBus/namespaces/sb-nscli000002/queues/sb-queuecli2000005","name":"sb-queuecli2000005","type":"Microsoft.ServiceBus/Namespaces/Queues","location":"West
        US","properties":{"maxMessageSizeInKilobytes":256,"lockDuration":"PT2M","maxSizeInMegabytes":2048,"requiresDuplicateDetection":true,"requiresSession":false,"defaultMessageTimeToLive":"P1DT3M4S","deadLetteringOnMessageExpiration":true,"enableBatchedOperations":false,"duplicateDetectionHistoryTimeWindow":"PT10M","maxDeliveryCount":8,"sizeInBytes":0,"messageCount":0,"status":"Active","autoDeleteOnIdle":"P10675199DT2H48M5.4775807S","enablePartitioning":false,"enableExpress":false,"countDetails":{"activeMessageCount":0,"deadLetterMessageCount":0,"scheduledMessageCount":0,"transferMessageCount":0,"transferDeadLetterMessageCount":0},"createdAt":"2022-05-10T09:10:58.44Z","updatedAt":"2022-05-10T09:11:10.057Z","accessedAt":"0001-01-01T00:00:00Z","forwardTo":"sb-queuecli3000007","forwardDeadLetteredMessagesTo":"sb-queuecli3000007"}}'
    headers:
      cache-control:
      - no-cache
      content-length:
      - '1109'
      content-type:
      - application/json; charset=utf-8
      date:
      - Tue, 10 May 2022 09:11:11 GMT
      expires:
      - '-1'
      pragma:
      - no-cache
      server:
      - Service-Bus-Resource-Provider/CH3
      - Microsoft-HTTPAPI/2.0
      server-sb:
      - Service-Bus-Resource-Provider/CH3
      strict-transport-security:
      - max-age=31536000; includeSubDomains
      transfer-encoding:
      - chunked
      vary:
      - Accept-Encoding
      x-content-type-options:
      - nosniff
    status:
      code: 200
      message: OK
- request:
    body: '{"properties": {"lockDuration": "PT2M", "maxSizeInMegabytes": 2048, "maxMessageSizeInKilobytes":
      256, "requiresDuplicateDetection": true, "requiresSession": false, "defaultMessageTimeToLive":
      "P1DT3M4S", "deadLetteringOnMessageExpiration": true, "duplicateDetectionHistoryTimeWindow":
      "PT10M", "maxDeliveryCount": 8, "status": "Active", "enableBatchedOperations":
      true, "enablePartitioning": false, "enableExpress": false, "forwardTo": "sb-queuecli3000007",
      "forwardDeadLetteredMessagesTo": "sb-queuecli3000007"}}'
    headers:
      Accept:
      - application/json
      Accept-Encoding:
      - gzip, deflate
      CommandName:
      - servicebus queue update
      Connection:
      - keep-alive
      Content-Length:
      - '513'
      Content-Type:
      - application/json
      ParameterSetName:
      - --resource-group --name --namespace-name --enable-batched-operations
      User-Agent:
      - AZURECLI/2.34.1 azsdk-python-azure-mgmt-servicebus/7.1.0 Python/3.8.0 (Windows-10-10.0.22000-SP0)
    method: PUT
    uri: https://management.azure.com/subscriptions/00000000-0000-0000-0000-000000000000/resourceGroups/cli_test_sb_queue000001/providers/Microsoft.ServiceBus/namespaces/sb-nscli000002/queues/sb-queuecli2000005?api-version=2021-06-01-preview
  response:
    body:
      string: '{"id":"/subscriptions/00000000-0000-0000-0000-000000000000/resourceGroups/cli_test_sb_queue000001/providers/Microsoft.ServiceBus/namespaces/sb-nscli000002/queues/sb-queuecli2000005","name":"sb-queuecli2000005","type":"Microsoft.ServiceBus/Namespaces/Queues","location":"West
        US","properties":{"maxMessageSizeInKilobytes":256,"lockDuration":"PT2M","maxSizeInMegabytes":2048,"requiresDuplicateDetection":true,"requiresSession":false,"defaultMessageTimeToLive":"P1DT3M4S","deadLetteringOnMessageExpiration":true,"enableBatchedOperations":true,"duplicateDetectionHistoryTimeWindow":"PT10M","maxDeliveryCount":8,"sizeInBytes":0,"messageCount":0,"status":"Active","autoDeleteOnIdle":"P10675199DT2H48M5.4775807S","enablePartitioning":false,"enableExpress":false,"countDetails":{"activeMessageCount":0,"deadLetterMessageCount":0,"scheduledMessageCount":0,"transferMessageCount":0,"transferDeadLetterMessageCount":0},"createdAt":"0001-01-01T00:00:00Z","updatedAt":"0001-01-01T00:00:00Z","accessedAt":"0001-01-01T00:00:00Z","forwardTo":"sb-queuecli3000007","forwardDeadLetteredMessagesTo":"sb-queuecli3000007"}}'
    headers:
      cache-control:
      - no-cache
      content-length:
      - '1101'
      content-type:
      - application/json; charset=utf-8
      date:
      - Tue, 10 May 2022 09:11:13 GMT
      expires:
      - '-1'
      pragma:
      - no-cache
      server:
      - Service-Bus-Resource-Provider/CH3
      - Microsoft-HTTPAPI/2.0
      server-sb:
      - Service-Bus-Resource-Provider/CH3
      strict-transport-security:
      - max-age=31536000; includeSubDomains
      transfer-encoding:
      - chunked
      vary:
      - Accept-Encoding
      x-content-type-options:
      - nosniff
      x-ms-ratelimit-remaining-subscription-writes:
      - '1199'
    status:
      code: 200
      message: OK
- request:
    body: null
    headers:
      Accept:
      - application/json
      Accept-Encoding:
      - gzip, deflate
      CommandName:
      - servicebus queue update
      Connection:
      - keep-alive
      ParameterSetName:
      - --resource-group --name --namespace-name --enable-batched-operations
      User-Agent:
      - AZURECLI/2.34.1 azsdk-python-azure-mgmt-servicebus/7.1.0 Python/3.8.0 (Windows-10-10.0.22000-SP0)
    method: GET
    uri: https://management.azure.com/subscriptions/00000000-0000-0000-0000-000000000000/resourceGroups/cli_test_sb_queue000001/providers/Microsoft.ServiceBus/namespaces/sb-nscli000002/queues/sb-queuecli2000005?api-version=2021-06-01-preview
  response:
    body:
      string: '{"id":"/subscriptions/00000000-0000-0000-0000-000000000000/resourceGroups/cli_test_sb_queue000001/providers/Microsoft.ServiceBus/namespaces/sb-nscli000002/queues/sb-queuecli2000005","name":"sb-queuecli2000005","type":"Microsoft.ServiceBus/Namespaces/Queues","location":"West
        US","properties":{"maxMessageSizeInKilobytes":256,"lockDuration":"PT2M","maxSizeInMegabytes":2048,"requiresDuplicateDetection":true,"requiresSession":false,"defaultMessageTimeToLive":"P1DT3M4S","deadLetteringOnMessageExpiration":true,"enableBatchedOperations":true,"duplicateDetectionHistoryTimeWindow":"PT10M","maxDeliveryCount":8,"sizeInBytes":0,"messageCount":0,"status":"Active","autoDeleteOnIdle":"P10675199DT2H48M5.4775807S","enablePartitioning":false,"enableExpress":false,"countDetails":{"activeMessageCount":0,"deadLetterMessageCount":0,"scheduledMessageCount":0,"transferMessageCount":0,"transferDeadLetterMessageCount":0},"createdAt":"2022-05-10T09:10:58.44Z","updatedAt":"2022-05-10T09:11:13.557Z","accessedAt":"0001-01-01T00:00:00Z","forwardTo":"sb-queuecli3000007","forwardDeadLetteredMessagesTo":"sb-queuecli3000007"}}'
    headers:
      cache-control:
      - no-cache
      content-length:
      - '1108'
      content-type:
      - application/json; charset=utf-8
      date:
      - Tue, 10 May 2022 09:11:16 GMT
      expires:
      - '-1'
      pragma:
      - no-cache
      server:
      - Service-Bus-Resource-Provider/CH3
      - Microsoft-HTTPAPI/2.0
      server-sb:
      - Service-Bus-Resource-Provider/CH3
      strict-transport-security:
      - max-age=31536000; includeSubDomains
      transfer-encoding:
      - chunked
      vary:
      - Accept-Encoding
      x-content-type-options:
      - nosniff
    status:
      code: 200
      message: OK
- request:
    body: '{"properties": {"lockDuration": "PT2M", "maxSizeInMegabytes": 2048, "maxMessageSizeInKilobytes":
      256, "requiresDuplicateDetection": true, "requiresSession": false, "defaultMessageTimeToLive":
      "P1DT3M4S", "deadLetteringOnMessageExpiration": true, "duplicateDetectionHistoryTimeWindow":
      "PT10M", "maxDeliveryCount": 8, "status": "Active", "enableBatchedOperations":
      false, "enablePartitioning": false, "enableExpress": false, "forwardTo": "sb-queuecli3000007",
      "forwardDeadLetteredMessagesTo": "sb-queuecli3000007"}}'
    headers:
      Accept:
      - application/json
      Accept-Encoding:
      - gzip, deflate
      CommandName:
      - servicebus queue update
      Connection:
      - keep-alive
      Content-Length:
      - '514'
      Content-Type:
      - application/json
      ParameterSetName:
      - --resource-group --name --namespace-name --enable-batched-operations
      User-Agent:
      - AZURECLI/2.34.1 azsdk-python-azure-mgmt-servicebus/7.1.0 Python/3.8.0 (Windows-10-10.0.22000-SP0)
    method: PUT
    uri: https://management.azure.com/subscriptions/00000000-0000-0000-0000-000000000000/resourceGroups/cli_test_sb_queue000001/providers/Microsoft.ServiceBus/namespaces/sb-nscli000002/queues/sb-queuecli2000005?api-version=2021-06-01-preview
  response:
    body:
      string: '{"id":"/subscriptions/00000000-0000-0000-0000-000000000000/resourceGroups/cli_test_sb_queue000001/providers/Microsoft.ServiceBus/namespaces/sb-nscli000002/queues/sb-queuecli2000005","name":"sb-queuecli2000005","type":"Microsoft.ServiceBus/Namespaces/Queues","location":"West
        US","properties":{"maxMessageSizeInKilobytes":256,"lockDuration":"PT2M","maxSizeInMegabytes":2048,"requiresDuplicateDetection":true,"requiresSession":false,"defaultMessageTimeToLive":"P1DT3M4S","deadLetteringOnMessageExpiration":true,"enableBatchedOperations":false,"duplicateDetectionHistoryTimeWindow":"PT10M","maxDeliveryCount":8,"sizeInBytes":0,"messageCount":0,"status":"Active","autoDeleteOnIdle":"P10675199DT2H48M5.4775807S","enablePartitioning":false,"enableExpress":false,"countDetails":{"activeMessageCount":0,"deadLetterMessageCount":0,"scheduledMessageCount":0,"transferMessageCount":0,"transferDeadLetterMessageCount":0},"createdAt":"0001-01-01T00:00:00Z","updatedAt":"0001-01-01T00:00:00Z","accessedAt":"0001-01-01T00:00:00Z","forwardTo":"sb-queuecli3000007","forwardDeadLetteredMessagesTo":"sb-queuecli3000007"}}'
    headers:
      cache-control:
      - no-cache
      content-length:
      - '1102'
      content-type:
      - application/json; charset=utf-8
      date:
      - Tue, 10 May 2022 09:11:17 GMT
      expires:
      - '-1'
      pragma:
      - no-cache
      server:
      - Service-Bus-Resource-Provider/CH3
      - Microsoft-HTTPAPI/2.0
      server-sb:
      - Service-Bus-Resource-Provider/CH3
      strict-transport-security:
      - max-age=31536000; includeSubDomains
      transfer-encoding:
      - chunked
      vary:
      - Accept-Encoding
      x-content-type-options:
      - nosniff
      x-ms-ratelimit-remaining-subscription-writes:
      - '1198'
    status:
      code: 200
      message: OK
- request:
    body: null
    headers:
      Accept:
      - application/json
      Accept-Encoding:
      - gzip, deflate
      CommandName:
      - servicebus queue update
      Connection:
      - keep-alive
      ParameterSetName:
      - --resource-group --name --namespace-name --duplicate-detection-history-time-window
      User-Agent:
      - AZURECLI/2.34.1 azsdk-python-azure-mgmt-servicebus/7.1.0 Python/3.8.0 (Windows-10-10.0.22000-SP0)
    method: GET
    uri: https://management.azure.com/subscriptions/00000000-0000-0000-0000-000000000000/resourceGroups/cli_test_sb_queue000001/providers/Microsoft.ServiceBus/namespaces/sb-nscli000002/queues/sb-queuecli2000005?api-version=2021-06-01-preview
  response:
    body:
      string: '{"id":"/subscriptions/00000000-0000-0000-0000-000000000000/resourceGroups/cli_test_sb_queue000001/providers/Microsoft.ServiceBus/namespaces/sb-nscli000002/queues/sb-queuecli2000005","name":"sb-queuecli2000005","type":"Microsoft.ServiceBus/Namespaces/Queues","location":"West
        US","properties":{"maxMessageSizeInKilobytes":256,"lockDuration":"PT2M","maxSizeInMegabytes":2048,"requiresDuplicateDetection":true,"requiresSession":false,"defaultMessageTimeToLive":"P1DT3M4S","deadLetteringOnMessageExpiration":true,"enableBatchedOperations":false,"duplicateDetectionHistoryTimeWindow":"PT10M","maxDeliveryCount":8,"sizeInBytes":0,"messageCount":0,"status":"Active","autoDeleteOnIdle":"P10675199DT2H48M5.4775807S","enablePartitioning":false,"enableExpress":false,"countDetails":{"activeMessageCount":0,"deadLetterMessageCount":0,"scheduledMessageCount":0,"transferMessageCount":0,"transferDeadLetterMessageCount":0},"createdAt":"2022-05-10T09:10:58.44Z","updatedAt":"2022-05-10T09:11:18.083Z","accessedAt":"0001-01-01T00:00:00Z","forwardTo":"sb-queuecli3000007","forwardDeadLetteredMessagesTo":"sb-queuecli3000007"}}'
    headers:
      cache-control:
      - no-cache
      content-length:
      - '1109'
      content-type:
      - application/json; charset=utf-8
      date:
      - Tue, 10 May 2022 09:11:22 GMT
      expires:
      - '-1'
      pragma:
      - no-cache
      server:
      - Service-Bus-Resource-Provider/CH3
      - Microsoft-HTTPAPI/2.0
      server-sb:
      - Service-Bus-Resource-Provider/CH3
      strict-transport-security:
      - max-age=31536000; includeSubDomains
      transfer-encoding:
      - chunked
      vary:
      - Accept-Encoding
      x-content-type-options:
      - nosniff
    status:
      code: 200
      message: OK
- request:
    body: '{"properties": {"lockDuration": "PT2M", "maxSizeInMegabytes": 2048, "maxMessageSizeInKilobytes":
      256, "requiresDuplicateDetection": true, "requiresSession": false, "defaultMessageTimeToLive":
      "P1DT3M4S", "deadLetteringOnMessageExpiration": true, "duplicateDetectionHistoryTimeWindow":
      "PT8M", "maxDeliveryCount": 8, "status": "Active", "enableBatchedOperations":
      false, "enablePartitioning": false, "enableExpress": false, "forwardTo": "sb-queuecli3000007",
      "forwardDeadLetteredMessagesTo": "sb-queuecli3000007"}}'
    headers:
      Accept:
      - application/json
      Accept-Encoding:
      - gzip, deflate
      CommandName:
      - servicebus queue update
      Connection:
      - keep-alive
      Content-Length:
      - '513'
      Content-Type:
      - application/json
      ParameterSetName:
      - --resource-group --name --namespace-name --duplicate-detection-history-time-window
      User-Agent:
      - AZURECLI/2.34.1 azsdk-python-azure-mgmt-servicebus/7.1.0 Python/3.8.0 (Windows-10-10.0.22000-SP0)
    method: PUT
    uri: https://management.azure.com/subscriptions/00000000-0000-0000-0000-000000000000/resourceGroups/cli_test_sb_queue000001/providers/Microsoft.ServiceBus/namespaces/sb-nscli000002/queues/sb-queuecli2000005?api-version=2021-06-01-preview
  response:
    body:
      string: '{"id":"/subscriptions/00000000-0000-0000-0000-000000000000/resourceGroups/cli_test_sb_queue000001/providers/Microsoft.ServiceBus/namespaces/sb-nscli000002/queues/sb-queuecli2000005","name":"sb-queuecli2000005","type":"Microsoft.ServiceBus/Namespaces/Queues","location":"West
        US","properties":{"maxMessageSizeInKilobytes":256,"lockDuration":"PT2M","maxSizeInMegabytes":2048,"requiresDuplicateDetection":true,"requiresSession":false,"defaultMessageTimeToLive":"P1DT3M4S","deadLetteringOnMessageExpiration":true,"enableBatchedOperations":false,"duplicateDetectionHistoryTimeWindow":"PT8M","maxDeliveryCount":8,"sizeInBytes":0,"messageCount":0,"status":"Active","autoDeleteOnIdle":"P10675199DT2H48M5.4775807S","enablePartitioning":false,"enableExpress":false,"countDetails":{"activeMessageCount":0,"deadLetterMessageCount":0,"scheduledMessageCount":0,"transferMessageCount":0,"transferDeadLetterMessageCount":0},"createdAt":"0001-01-01T00:00:00Z","updatedAt":"0001-01-01T00:00:00Z","accessedAt":"0001-01-01T00:00:00Z","forwardTo":"sb-queuecli3000007","forwardDeadLetteredMessagesTo":"sb-queuecli3000007"}}'
    headers:
      cache-control:
      - no-cache
      content-length:
      - '1101'
      content-type:
      - application/json; charset=utf-8
      date:
      - Tue, 10 May 2022 09:11:26 GMT
      expires:
      - '-1'
      pragma:
      - no-cache
      server:
      - Service-Bus-Resource-Provider/SN1
      - Microsoft-HTTPAPI/2.0
      server-sb:
      - Service-Bus-Resource-Provider/SN1
      strict-transport-security:
      - max-age=31536000; includeSubDomains
      transfer-encoding:
      - chunked
      vary:
      - Accept-Encoding
      x-content-type-options:
      - nosniff
      x-ms-ratelimit-remaining-subscription-writes:
      - '1199'
    status:
      code: 200
      message: OK
- request:
    body: null
    headers:
      Accept:
      - application/json
      Accept-Encoding:
      - gzip, deflate
      CommandName:
      - servicebus queue update
      Connection:
      - keep-alive
      ParameterSetName:
      - --resource-group --name --namespace-name --enable-dead-lettering-on-message-expiration
      User-Agent:
      - AZURECLI/2.34.1 azsdk-python-azure-mgmt-servicebus/7.1.0 Python/3.8.0 (Windows-10-10.0.22000-SP0)
    method: GET
    uri: https://management.azure.com/subscriptions/00000000-0000-0000-0000-000000000000/resourceGroups/cli_test_sb_queue000001/providers/Microsoft.ServiceBus/namespaces/sb-nscli000002/queues/sb-queuecli2000005?api-version=2021-06-01-preview
  response:
    body:
      string: '{"id":"/subscriptions/00000000-0000-0000-0000-000000000000/resourceGroups/cli_test_sb_queue000001/providers/Microsoft.ServiceBus/namespaces/sb-nscli000002/queues/sb-queuecli2000005","name":"sb-queuecli2000005","type":"Microsoft.ServiceBus/Namespaces/Queues","location":"West
        US","properties":{"maxMessageSizeInKilobytes":256,"lockDuration":"PT2M","maxSizeInMegabytes":2048,"requiresDuplicateDetection":true,"requiresSession":false,"defaultMessageTimeToLive":"P1DT3M4S","deadLetteringOnMessageExpiration":true,"enableBatchedOperations":false,"duplicateDetectionHistoryTimeWindow":"PT8M","maxDeliveryCount":8,"sizeInBytes":0,"messageCount":0,"status":"Active","autoDeleteOnIdle":"P10675199DT2H48M5.4775807S","enablePartitioning":false,"enableExpress":false,"countDetails":{"activeMessageCount":0,"deadLetterMessageCount":0,"scheduledMessageCount":0,"transferMessageCount":0,"transferDeadLetterMessageCount":0},"createdAt":"2022-05-10T09:10:58.44Z","updatedAt":"2022-05-10T09:11:26.26Z","accessedAt":"0001-01-01T00:00:00Z","forwardTo":"sb-queuecli3000007","forwardDeadLetteredMessagesTo":"sb-queuecli3000007"}}'
    headers:
      cache-control:
      - no-cache
      content-length:
      - '1107'
      content-type:
      - application/json; charset=utf-8
      date:
      - Tue, 10 May 2022 09:11:27 GMT
      expires:
      - '-1'
      pragma:
      - no-cache
      server:
      - Service-Bus-Resource-Provider/CH3
      - Microsoft-HTTPAPI/2.0
      server-sb:
      - Service-Bus-Resource-Provider/CH3
      strict-transport-security:
      - max-age=31536000; includeSubDomains
      transfer-encoding:
      - chunked
      vary:
      - Accept-Encoding
      x-content-type-options:
      - nosniff
    status:
      code: 200
      message: OK
- request:
    body: '{"properties": {"lockDuration": "PT2M", "maxSizeInMegabytes": 2048, "maxMessageSizeInKilobytes":
      256, "requiresDuplicateDetection": true, "requiresSession": false, "defaultMessageTimeToLive":
      "P1DT3M4S", "deadLetteringOnMessageExpiration": false, "duplicateDetectionHistoryTimeWindow":
      "PT8M", "maxDeliveryCount": 8, "status": "Active", "enableBatchedOperations":
      false, "enablePartitioning": false, "enableExpress": false, "forwardTo": "sb-queuecli3000007",
      "forwardDeadLetteredMessagesTo": "sb-queuecli3000007"}}'
    headers:
      Accept:
      - application/json
      Accept-Encoding:
      - gzip, deflate
      CommandName:
      - servicebus queue update
      Connection:
      - keep-alive
      Content-Length:
      - '514'
      Content-Type:
      - application/json
      ParameterSetName:
      - --resource-group --name --namespace-name --enable-dead-lettering-on-message-expiration
      User-Agent:
      - AZURECLI/2.34.1 azsdk-python-azure-mgmt-servicebus/7.1.0 Python/3.8.0 (Windows-10-10.0.22000-SP0)
    method: PUT
    uri: https://management.azure.com/subscriptions/00000000-0000-0000-0000-000000000000/resourceGroups/cli_test_sb_queue000001/providers/Microsoft.ServiceBus/namespaces/sb-nscli000002/queues/sb-queuecli2000005?api-version=2021-06-01-preview
  response:
    body:
      string: '{"id":"/subscriptions/00000000-0000-0000-0000-000000000000/resourceGroups/cli_test_sb_queue000001/providers/Microsoft.ServiceBus/namespaces/sb-nscli000002/queues/sb-queuecli2000005","name":"sb-queuecli2000005","type":"Microsoft.ServiceBus/Namespaces/Queues","location":"West
        US","properties":{"maxMessageSizeInKilobytes":256,"lockDuration":"PT2M","maxSizeInMegabytes":2048,"requiresDuplicateDetection":true,"requiresSession":false,"defaultMessageTimeToLive":"P1DT3M4S","deadLetteringOnMessageExpiration":false,"enableBatchedOperations":false,"duplicateDetectionHistoryTimeWindow":"PT8M","maxDeliveryCount":8,"sizeInBytes":0,"messageCount":0,"status":"Active","autoDeleteOnIdle":"P10675199DT2H48M5.4775807S","enablePartitioning":false,"enableExpress":false,"countDetails":{"activeMessageCount":0,"deadLetterMessageCount":0,"scheduledMessageCount":0,"transferMessageCount":0,"transferDeadLetterMessageCount":0},"createdAt":"0001-01-01T00:00:00Z","updatedAt":"0001-01-01T00:00:00Z","accessedAt":"0001-01-01T00:00:00Z","forwardTo":"sb-queuecli3000007","forwardDeadLetteredMessagesTo":"sb-queuecli3000007"}}'
    headers:
      cache-control:
      - no-cache
      content-length:
      - '1102'
      content-type:
      - application/json; charset=utf-8
      date:
      - Tue, 10 May 2022 09:11:29 GMT
      expires:
      - '-1'
      pragma:
      - no-cache
      server:
      - Service-Bus-Resource-Provider/SN1
      - Microsoft-HTTPAPI/2.0
      server-sb:
      - Service-Bus-Resource-Provider/SN1
      strict-transport-security:
      - max-age=31536000; includeSubDomains
      transfer-encoding:
      - chunked
      vary:
      - Accept-Encoding
      x-content-type-options:
      - nosniff
      x-ms-ratelimit-remaining-subscription-writes:
      - '1199'
    status:
      code: 200
      message: OK
- request:
    body: null
    headers:
      Accept:
      - application/json
      Accept-Encoding:
      - gzip, deflate
      CommandName:
      - servicebus queue update
      Connection:
      - keep-alive
      ParameterSetName:
      - --resource-group --name --namespace-name --enable-dead-lettering-on-message-expiration
      User-Agent:
      - AZURECLI/2.34.1 azsdk-python-azure-mgmt-servicebus/7.1.0 Python/3.8.0 (Windows-10-10.0.22000-SP0)
    method: GET
    uri: https://management.azure.com/subscriptions/00000000-0000-0000-0000-000000000000/resourceGroups/cli_test_sb_queue000001/providers/Microsoft.ServiceBus/namespaces/sb-nscli000002/queues/sb-queuecli2000005?api-version=2021-06-01-preview
  response:
    body:
      string: '{"id":"/subscriptions/00000000-0000-0000-0000-000000000000/resourceGroups/cli_test_sb_queue000001/providers/Microsoft.ServiceBus/namespaces/sb-nscli000002/queues/sb-queuecli2000005","name":"sb-queuecli2000005","type":"Microsoft.ServiceBus/Namespaces/Queues","location":"West
        US","properties":{"maxMessageSizeInKilobytes":256,"lockDuration":"PT2M","maxSizeInMegabytes":2048,"requiresDuplicateDetection":true,"requiresSession":false,"defaultMessageTimeToLive":"P1DT3M4S","deadLetteringOnMessageExpiration":false,"enableBatchedOperations":false,"duplicateDetectionHistoryTimeWindow":"PT8M","maxDeliveryCount":8,"sizeInBytes":0,"messageCount":0,"status":"Active","autoDeleteOnIdle":"P10675199DT2H48M5.4775807S","enablePartitioning":false,"enableExpress":false,"countDetails":{"activeMessageCount":0,"deadLetterMessageCount":0,"scheduledMessageCount":0,"transferMessageCount":0,"transferDeadLetterMessageCount":0},"createdAt":"2022-05-10T09:10:58.44Z","updatedAt":"2022-05-10T09:11:29.69Z","accessedAt":"0001-01-01T00:00:00Z","forwardTo":"sb-queuecli3000007","forwardDeadLetteredMessagesTo":"sb-queuecli3000007"}}'
    headers:
      cache-control:
      - no-cache
      content-length:
      - '1108'
      content-type:
      - application/json; charset=utf-8
      date:
      - Tue, 10 May 2022 09:11:31 GMT
      expires:
      - '-1'
      pragma:
      - no-cache
      server:
      - Service-Bus-Resource-Provider/SN1
      - Microsoft-HTTPAPI/2.0
      server-sb:
      - Service-Bus-Resource-Provider/SN1
      strict-transport-security:
      - max-age=31536000; includeSubDomains
      transfer-encoding:
      - chunked
      vary:
      - Accept-Encoding
      x-content-type-options:
      - nosniff
    status:
      code: 200
      message: OK
- request:
    body: '{"properties": {"lockDuration": "PT2M", "maxSizeInMegabytes": 2048, "maxMessageSizeInKilobytes":
      256, "requiresDuplicateDetection": true, "requiresSession": false, "defaultMessageTimeToLive":
      "P1DT3M4S", "deadLetteringOnMessageExpiration": true, "duplicateDetectionHistoryTimeWindow":
      "PT8M", "maxDeliveryCount": 8, "status": "Active", "enableBatchedOperations":
      false, "enablePartitioning": false, "enableExpress": false, "forwardTo": "sb-queuecli3000007",
      "forwardDeadLetteredMessagesTo": "sb-queuecli3000007"}}'
    headers:
      Accept:
      - application/json
      Accept-Encoding:
      - gzip, deflate
      CommandName:
      - servicebus queue update
      Connection:
      - keep-alive
      Content-Length:
      - '513'
      Content-Type:
      - application/json
      ParameterSetName:
      - --resource-group --name --namespace-name --enable-dead-lettering-on-message-expiration
      User-Agent:
      - AZURECLI/2.34.1 azsdk-python-azure-mgmt-servicebus/7.1.0 Python/3.8.0 (Windows-10-10.0.22000-SP0)
    method: PUT
    uri: https://management.azure.com/subscriptions/00000000-0000-0000-0000-000000000000/resourceGroups/cli_test_sb_queue000001/providers/Microsoft.ServiceBus/namespaces/sb-nscli000002/queues/sb-queuecli2000005?api-version=2021-06-01-preview
  response:
    body:
      string: '{"id":"/subscriptions/00000000-0000-0000-0000-000000000000/resourceGroups/cli_test_sb_queue000001/providers/Microsoft.ServiceBus/namespaces/sb-nscli000002/queues/sb-queuecli2000005","name":"sb-queuecli2000005","type":"Microsoft.ServiceBus/Namespaces/Queues","location":"West
        US","properties":{"maxMessageSizeInKilobytes":256,"lockDuration":"PT2M","maxSizeInMegabytes":2048,"requiresDuplicateDetection":true,"requiresSession":false,"defaultMessageTimeToLive":"P1DT3M4S","deadLetteringOnMessageExpiration":true,"enableBatchedOperations":false,"duplicateDetectionHistoryTimeWindow":"PT8M","maxDeliveryCount":8,"sizeInBytes":0,"messageCount":0,"status":"Active","autoDeleteOnIdle":"P10675199DT2H48M5.4775807S","enablePartitioning":false,"enableExpress":false,"countDetails":{"activeMessageCount":0,"deadLetterMessageCount":0,"scheduledMessageCount":0,"transferMessageCount":0,"transferDeadLetterMessageCount":0},"createdAt":"0001-01-01T00:00:00Z","updatedAt":"0001-01-01T00:00:00Z","accessedAt":"0001-01-01T00:00:00Z","forwardTo":"sb-queuecli3000007","forwardDeadLetteredMessagesTo":"sb-queuecli3000007"}}'
    headers:
      cache-control:
      - no-cache
      content-length:
      - '1101'
      content-type:
      - application/json; charset=utf-8
      date:
      - Tue, 10 May 2022 09:11:35 GMT
      expires:
      - '-1'
      pragma:
      - no-cache
      server:
      - Service-Bus-Resource-Provider/CH3
      - Microsoft-HTTPAPI/2.0
      server-sb:
      - Service-Bus-Resource-Provider/CH3
      strict-transport-security:
      - max-age=31536000; includeSubDomains
      transfer-encoding:
      - chunked
      vary:
      - Accept-Encoding
      x-content-type-options:
      - nosniff
      x-ms-ratelimit-remaining-subscription-writes:
      - '1199'
    status:
      code: 200
      message: OK
- request:
    body: null
    headers:
      Accept:
      - application/json
      Accept-Encoding:
      - gzip, deflate
      CommandName:
      - servicebus queue update
      Connection:
      - keep-alive
      ParameterSetName:
      - --resource-group --name --namespace-name --max-delivery-count
      User-Agent:
      - AZURECLI/2.34.1 azsdk-python-azure-mgmt-servicebus/7.1.0 Python/3.8.0 (Windows-10-10.0.22000-SP0)
    method: GET
    uri: https://management.azure.com/subscriptions/00000000-0000-0000-0000-000000000000/resourceGroups/cli_test_sb_queue000001/providers/Microsoft.ServiceBus/namespaces/sb-nscli000002/queues/sb-queuecli2000005?api-version=2021-06-01-preview
  response:
    body:
      string: '{"id":"/subscriptions/00000000-0000-0000-0000-000000000000/resourceGroups/cli_test_sb_queue000001/providers/Microsoft.ServiceBus/namespaces/sb-nscli000002/queues/sb-queuecli2000005","name":"sb-queuecli2000005","type":"Microsoft.ServiceBus/Namespaces/Queues","location":"West
        US","properties":{"maxMessageSizeInKilobytes":256,"lockDuration":"PT2M","maxSizeInMegabytes":2048,"requiresDuplicateDetection":true,"requiresSession":false,"defaultMessageTimeToLive":"P1DT3M4S","deadLetteringOnMessageExpiration":true,"enableBatchedOperations":false,"duplicateDetectionHistoryTimeWindow":"PT8M","maxDeliveryCount":8,"sizeInBytes":0,"messageCount":0,"status":"Active","autoDeleteOnIdle":"P10675199DT2H48M5.4775807S","enablePartitioning":false,"enableExpress":false,"countDetails":{"activeMessageCount":0,"deadLetterMessageCount":0,"scheduledMessageCount":0,"transferMessageCount":0,"transferDeadLetterMessageCount":0},"createdAt":"2022-05-10T09:10:58.4598823Z","updatedAt":"2022-05-10T09:11:35.7629327Z","accessedAt":"0001-01-01T00:00:00Z","forwardTo":"sb-queuecli3000007","forwardDeadLetteredMessagesTo":"sb-queuecli3000007"}}'
    headers:
      cache-control:
      - no-cache
      content-length:
      - '1117'
      content-type:
      - application/json; charset=utf-8
      date:
      - Tue, 10 May 2022 09:11:36 GMT
      expires:
      - '-1'
      pragma:
      - no-cache
      server:
      - Service-Bus-Resource-Provider/CH3
      - Microsoft-HTTPAPI/2.0
      server-sb:
      - Service-Bus-Resource-Provider/CH3
      strict-transport-security:
      - max-age=31536000; includeSubDomains
      transfer-encoding:
      - chunked
      vary:
      - Accept-Encoding
      x-content-type-options:
      - nosniff
    status:
      code: 200
      message: OK
- request:
    body: '{"properties": {"lockDuration": "PT2M", "maxSizeInMegabytes": 2048, "maxMessageSizeInKilobytes":
      256, "requiresDuplicateDetection": true, "requiresSession": false, "defaultMessageTimeToLive":
      "P1DT3M4S", "deadLetteringOnMessageExpiration": true, "duplicateDetectionHistoryTimeWindow":
      "PT8M", "maxDeliveryCount": 15, "status": "Active", "enableBatchedOperations":
      false, "enablePartitioning": false, "enableExpress": false, "forwardTo": "sb-queuecli3000007",
      "forwardDeadLetteredMessagesTo": "sb-queuecli3000007"}}'
    headers:
      Accept:
      - application/json
      Accept-Encoding:
      - gzip, deflate
      CommandName:
      - servicebus queue update
      Connection:
      - keep-alive
      Content-Length:
      - '514'
      Content-Type:
      - application/json
      ParameterSetName:
      - --resource-group --name --namespace-name --max-delivery-count
      User-Agent:
      - AZURECLI/2.34.1 azsdk-python-azure-mgmt-servicebus/7.1.0 Python/3.8.0 (Windows-10-10.0.22000-SP0)
    method: PUT
    uri: https://management.azure.com/subscriptions/00000000-0000-0000-0000-000000000000/resourceGroups/cli_test_sb_queue000001/providers/Microsoft.ServiceBus/namespaces/sb-nscli000002/queues/sb-queuecli2000005?api-version=2021-06-01-preview
  response:
    body:
      string: '{"id":"/subscriptions/00000000-0000-0000-0000-000000000000/resourceGroups/cli_test_sb_queue000001/providers/Microsoft.ServiceBus/namespaces/sb-nscli000002/queues/sb-queuecli2000005","name":"sb-queuecli2000005","type":"Microsoft.ServiceBus/Namespaces/Queues","location":"West
        US","properties":{"maxMessageSizeInKilobytes":256,"lockDuration":"PT2M","maxSizeInMegabytes":2048,"requiresDuplicateDetection":true,"requiresSession":false,"defaultMessageTimeToLive":"P1DT3M4S","deadLetteringOnMessageExpiration":true,"enableBatchedOperations":false,"duplicateDetectionHistoryTimeWindow":"PT8M","maxDeliveryCount":15,"sizeInBytes":0,"messageCount":0,"status":"Active","autoDeleteOnIdle":"P10675199DT2H48M5.4775807S","enablePartitioning":false,"enableExpress":false,"countDetails":{"activeMessageCount":0,"deadLetterMessageCount":0,"scheduledMessageCount":0,"transferMessageCount":0,"transferDeadLetterMessageCount":0},"createdAt":"0001-01-01T00:00:00Z","updatedAt":"0001-01-01T00:00:00Z","accessedAt":"0001-01-01T00:00:00Z","forwardTo":"sb-queuecli3000007","forwardDeadLetteredMessagesTo":"sb-queuecli3000007"}}'
    headers:
      cache-control:
      - no-cache
      content-length:
      - '1102'
      content-type:
      - application/json; charset=utf-8
      date:
      - Tue, 10 May 2022 09:11:39 GMT
      expires:
      - '-1'
      pragma:
      - no-cache
      server:
      - Service-Bus-Resource-Provider/CH3
      - Microsoft-HTTPAPI/2.0
      server-sb:
      - Service-Bus-Resource-Provider/CH3
      strict-transport-security:
      - max-age=31536000; includeSubDomains
      transfer-encoding:
      - chunked
      vary:
      - Accept-Encoding
      x-content-type-options:
      - nosniff
      x-ms-ratelimit-remaining-subscription-writes:
      - '1199'
    status:
      code: 200
      message: OK
- request:
    body: null
    headers:
      Accept:
      - application/json
      Accept-Encoding:
      - gzip, deflate
      CommandName:
      - servicebus queue update
      Connection:
      - keep-alive
      ParameterSetName:
      - --resource-group --name --namespace-name --forward-to
      User-Agent:
      - AZURECLI/2.34.1 azsdk-python-azure-mgmt-servicebus/7.1.0 Python/3.8.0 (Windows-10-10.0.22000-SP0)
    method: GET
    uri: https://management.azure.com/subscriptions/00000000-0000-0000-0000-000000000000/resourceGroups/cli_test_sb_queue000001/providers/Microsoft.ServiceBus/namespaces/sb-nscli000002/queues/sb-queuecli2000005?api-version=2021-06-01-preview
  response:
    body:
      string: '{"id":"/subscriptions/00000000-0000-0000-0000-000000000000/resourceGroups/cli_test_sb_queue000001/providers/Microsoft.ServiceBus/namespaces/sb-nscli000002/queues/sb-queuecli2000005","name":"sb-queuecli2000005","type":"Microsoft.ServiceBus/Namespaces/Queues","location":"West
        US","properties":{"maxMessageSizeInKilobytes":256,"lockDuration":"PT2M","maxSizeInMegabytes":2048,"requiresDuplicateDetection":true,"requiresSession":false,"defaultMessageTimeToLive":"P1DT3M4S","deadLetteringOnMessageExpiration":true,"enableBatchedOperations":false,"duplicateDetectionHistoryTimeWindow":"PT8M","maxDeliveryCount":15,"sizeInBytes":0,"messageCount":0,"status":"Active","autoDeleteOnIdle":"P10675199DT2H48M5.4775807S","enablePartitioning":false,"enableExpress":false,"countDetails":{"activeMessageCount":0,"deadLetterMessageCount":0,"scheduledMessageCount":0,"transferMessageCount":0,"transferDeadLetterMessageCount":0},"createdAt":"2022-05-10T09:10:58.4598823Z","updatedAt":"2022-05-10T09:11:40.1853325Z","accessedAt":"0001-01-01T00:00:00Z","forwardTo":"sb-queuecli3000007","forwardDeadLetteredMessagesTo":"sb-queuecli3000007"}}'
    headers:
      cache-control:
      - no-cache
      content-length:
      - '1118'
      content-type:
      - application/json; charset=utf-8
      date:
      - Tue, 10 May 2022 09:11:42 GMT
      expires:
      - '-1'
      pragma:
      - no-cache
      server:
      - Service-Bus-Resource-Provider/CH3
      - Microsoft-HTTPAPI/2.0
      server-sb:
      - Service-Bus-Resource-Provider/CH3
      strict-transport-security:
      - max-age=31536000; includeSubDomains
      transfer-encoding:
      - chunked
      vary:
      - Accept-Encoding
      x-content-type-options:
      - nosniff
    status:
      code: 200
      message: OK
- request:
    body: '{"properties": {"lockDuration": "PT2M", "maxSizeInMegabytes": 2048, "maxMessageSizeInKilobytes":
      256, "requiresDuplicateDetection": true, "requiresSession": false, "defaultMessageTimeToLive":
      "P1DT3M4S", "deadLetteringOnMessageExpiration": true, "duplicateDetectionHistoryTimeWindow":
      "PT8M", "maxDeliveryCount": 15, "status": "Active", "enableBatchedOperations":
      false, "enablePartitioning": false, "enableExpress": false, "forwardTo": "sb-queuecli4000008",
      "forwardDeadLetteredMessagesTo": "sb-queuecli3000007"}}'
    headers:
      Accept:
      - application/json
      Accept-Encoding:
      - gzip, deflate
      CommandName:
      - servicebus queue update
      Connection:
      - keep-alive
      Content-Length:
      - '514'
      Content-Type:
      - application/json
      ParameterSetName:
      - --resource-group --name --namespace-name --forward-to
      User-Agent:
      - AZURECLI/2.34.1 azsdk-python-azure-mgmt-servicebus/7.1.0 Python/3.8.0 (Windows-10-10.0.22000-SP0)
    method: PUT
    uri: https://management.azure.com/subscriptions/00000000-0000-0000-0000-000000000000/resourceGroups/cli_test_sb_queue000001/providers/Microsoft.ServiceBus/namespaces/sb-nscli000002/queues/sb-queuecli2000005?api-version=2021-06-01-preview
  response:
    body:
      string: '{"id":"/subscriptions/00000000-0000-0000-0000-000000000000/resourceGroups/cli_test_sb_queue000001/providers/Microsoft.ServiceBus/namespaces/sb-nscli000002/queues/sb-queuecli2000005","name":"sb-queuecli2000005","type":"Microsoft.ServiceBus/Namespaces/Queues","location":"West
        US","properties":{"maxMessageSizeInKilobytes":256,"lockDuration":"PT2M","maxSizeInMegabytes":2048,"requiresDuplicateDetection":true,"requiresSession":false,"defaultMessageTimeToLive":"P1DT3M4S","deadLetteringOnMessageExpiration":true,"enableBatchedOperations":false,"duplicateDetectionHistoryTimeWindow":"PT8M","maxDeliveryCount":15,"sizeInBytes":0,"messageCount":0,"status":"Active","autoDeleteOnIdle":"P10675199DT2H48M5.4775807S","enablePartitioning":false,"enableExpress":false,"countDetails":{"activeMessageCount":0,"deadLetterMessageCount":0,"scheduledMessageCount":0,"transferMessageCount":0,"transferDeadLetterMessageCount":0},"createdAt":"0001-01-01T00:00:00Z","updatedAt":"0001-01-01T00:00:00Z","accessedAt":"0001-01-01T00:00:00Z","forwardTo":"sb-queuecli4000008","forwardDeadLetteredMessagesTo":"sb-queuecli3000007"}}'
    headers:
      cache-control:
      - no-cache
      content-length:
      - '1102'
      content-type:
      - application/json; charset=utf-8
      date:
      - Tue, 10 May 2022 09:11:44 GMT
      expires:
      - '-1'
      pragma:
      - no-cache
      server:
      - Service-Bus-Resource-Provider/CH3
      - Microsoft-HTTPAPI/2.0
      server-sb:
      - Service-Bus-Resource-Provider/CH3
      strict-transport-security:
      - max-age=31536000; includeSubDomains
      transfer-encoding:
      - chunked
      vary:
      - Accept-Encoding
      x-content-type-options:
      - nosniff
      x-ms-ratelimit-remaining-subscription-writes:
      - '1197'
    status:
      code: 200
      message: OK
- request:
    body: null
    headers:
      Accept:
      - application/json
      Accept-Encoding:
      - gzip, deflate
      CommandName:
      - servicebus queue update
      Connection:
      - keep-alive
      ParameterSetName:
      - --resource-group --name --namespace-name --forward-dead-lettered-messages-to
      User-Agent:
      - AZURECLI/2.34.1 azsdk-python-azure-mgmt-servicebus/7.1.0 Python/3.8.0 (Windows-10-10.0.22000-SP0)
    method: GET
    uri: https://management.azure.com/subscriptions/00000000-0000-0000-0000-000000000000/resourceGroups/cli_test_sb_queue000001/providers/Microsoft.ServiceBus/namespaces/sb-nscli000002/queues/sb-queuecli2000005?api-version=2021-06-01-preview
  response:
    body:
      string: '{"id":"/subscriptions/00000000-0000-0000-0000-000000000000/resourceGroups/cli_test_sb_queue000001/providers/Microsoft.ServiceBus/namespaces/sb-nscli000002/queues/sb-queuecli2000005","name":"sb-queuecli2000005","type":"Microsoft.ServiceBus/Namespaces/Queues","location":"West
        US","properties":{"maxMessageSizeInKilobytes":256,"lockDuration":"PT2M","maxSizeInMegabytes":2048,"requiresDuplicateDetection":true,"requiresSession":false,"defaultMessageTimeToLive":"P1DT3M4S","deadLetteringOnMessageExpiration":true,"enableBatchedOperations":false,"duplicateDetectionHistoryTimeWindow":"PT8M","maxDeliveryCount":15,"sizeInBytes":0,"messageCount":0,"status":"Active","autoDeleteOnIdle":"P10675199DT2H48M5.4775807S","enablePartitioning":false,"enableExpress":false,"countDetails":{"activeMessageCount":0,"deadLetterMessageCount":0,"scheduledMessageCount":0,"transferMessageCount":0,"transferDeadLetterMessageCount":0},"createdAt":"2022-05-10T09:10:58.4598823Z","updatedAt":"2022-05-10T09:11:44.0612318Z","accessedAt":"0001-01-01T00:00:00Z","forwardTo":"sb-queuecli4000008","forwardDeadLetteredMessagesTo":"sb-queuecli3000007"}}'
    headers:
      cache-control:
      - no-cache
      content-length:
      - '1118'
      content-type:
      - application/json; charset=utf-8
      date:
      - Tue, 10 May 2022 09:11:46 GMT
      expires:
      - '-1'
      pragma:
      - no-cache
      server:
      - Service-Bus-Resource-Provider/CH3
      - Microsoft-HTTPAPI/2.0
      server-sb:
      - Service-Bus-Resource-Provider/CH3
      strict-transport-security:
      - max-age=31536000; includeSubDomains
      transfer-encoding:
      - chunked
      vary:
      - Accept-Encoding
      x-content-type-options:
      - nosniff
    status:
      code: 200
      message: OK
- request:
    body: '{"properties": {"lockDuration": "PT2M", "maxSizeInMegabytes": 2048, "maxMessageSizeInKilobytes":
      256, "requiresDuplicateDetection": true, "requiresSession": false, "defaultMessageTimeToLive":
      "P1DT3M4S", "deadLetteringOnMessageExpiration": true, "duplicateDetectionHistoryTimeWindow":
      "PT8M", "maxDeliveryCount": 15, "status": "Active", "enableBatchedOperations":
      false, "enablePartitioning": false, "enableExpress": false, "forwardTo": "sb-queuecli4000008",
      "forwardDeadLetteredMessagesTo": "sb-queuecli4000008"}}'
    headers:
      Accept:
      - application/json
      Accept-Encoding:
      - gzip, deflate
      CommandName:
      - servicebus queue update
      Connection:
      - keep-alive
      Content-Length:
      - '514'
      Content-Type:
      - application/json
      ParameterSetName:
      - --resource-group --name --namespace-name --forward-dead-lettered-messages-to
      User-Agent:
      - AZURECLI/2.34.1 azsdk-python-azure-mgmt-servicebus/7.1.0 Python/3.8.0 (Windows-10-10.0.22000-SP0)
    method: PUT
    uri: https://management.azure.com/subscriptions/00000000-0000-0000-0000-000000000000/resourceGroups/cli_test_sb_queue000001/providers/Microsoft.ServiceBus/namespaces/sb-nscli000002/queues/sb-queuecli2000005?api-version=2021-06-01-preview
  response:
    body:
      string: '{"id":"/subscriptions/00000000-0000-0000-0000-000000000000/resourceGroups/cli_test_sb_queue000001/providers/Microsoft.ServiceBus/namespaces/sb-nscli000002/queues/sb-queuecli2000005","name":"sb-queuecli2000005","type":"Microsoft.ServiceBus/Namespaces/Queues","location":"West
        US","properties":{"maxMessageSizeInKilobytes":256,"lockDuration":"PT2M","maxSizeInMegabytes":2048,"requiresDuplicateDetection":true,"requiresSession":false,"defaultMessageTimeToLive":"P1DT3M4S","deadLetteringOnMessageExpiration":true,"enableBatchedOperations":false,"duplicateDetectionHistoryTimeWindow":"PT8M","maxDeliveryCount":15,"sizeInBytes":0,"messageCount":0,"status":"Active","autoDeleteOnIdle":"P10675199DT2H48M5.4775807S","enablePartitioning":false,"enableExpress":false,"countDetails":{"activeMessageCount":0,"deadLetterMessageCount":0,"scheduledMessageCount":0,"transferMessageCount":0,"transferDeadLetterMessageCount":0},"createdAt":"0001-01-01T00:00:00Z","updatedAt":"0001-01-01T00:00:00Z","accessedAt":"0001-01-01T00:00:00Z","forwardTo":"sb-queuecli4000008","forwardDeadLetteredMessagesTo":"sb-queuecli4000008"}}'
    headers:
      cache-control:
      - no-cache
      content-length:
      - '1102'
      content-type:
      - application/json; charset=utf-8
      date:
      - Tue, 10 May 2022 09:11:48 GMT
      expires:
      - '-1'
      pragma:
      - no-cache
      server:
      - Service-Bus-Resource-Provider/CH3
      - Microsoft-HTTPAPI/2.0
      server-sb:
      - Service-Bus-Resource-Provider/CH3
      strict-transport-security:
      - max-age=31536000; includeSubDomains
      transfer-encoding:
      - chunked
      vary:
      - Accept-Encoding
      x-content-type-options:
      - nosniff
      x-ms-ratelimit-remaining-subscription-writes:
      - '1199'
    status:
      code: 200
      message: OK
- request:
    body: null
    headers:
      Accept:
      - application/json
      Accept-Encoding:
      - gzip, deflate
      CommandName:
      - servicebus queue update
      Connection:
      - keep-alive
      ParameterSetName:
      - --resource-group --name --namespace-name --status
      User-Agent:
      - AZURECLI/2.34.1 azsdk-python-azure-mgmt-servicebus/7.1.0 Python/3.8.0 (Windows-10-10.0.22000-SP0)
    method: GET
    uri: https://management.azure.com/subscriptions/00000000-0000-0000-0000-000000000000/resourceGroups/cli_test_sb_queue000001/providers/Microsoft.ServiceBus/namespaces/sb-nscli000002/queues/sb-queuecli2000005?api-version=2021-06-01-preview
  response:
    body:
      string: '{"id":"/subscriptions/00000000-0000-0000-0000-000000000000/resourceGroups/cli_test_sb_queue000001/providers/Microsoft.ServiceBus/namespaces/sb-nscli000002/queues/sb-queuecli2000005","name":"sb-queuecli2000005","type":"Microsoft.ServiceBus/Namespaces/Queues","location":"West
        US","properties":{"maxMessageSizeInKilobytes":256,"lockDuration":"PT2M","maxSizeInMegabytes":2048,"requiresDuplicateDetection":true,"requiresSession":false,"defaultMessageTimeToLive":"P1DT3M4S","deadLetteringOnMessageExpiration":true,"enableBatchedOperations":false,"duplicateDetectionHistoryTimeWindow":"PT8M","maxDeliveryCount":15,"sizeInBytes":0,"messageCount":0,"status":"Active","autoDeleteOnIdle":"P10675199DT2H48M5.4775807S","enablePartitioning":false,"enableExpress":false,"countDetails":{"activeMessageCount":0,"deadLetterMessageCount":0,"scheduledMessageCount":0,"transferMessageCount":0,"transferDeadLetterMessageCount":0},"createdAt":"2022-05-10T09:10:58.4598823Z","updatedAt":"2022-05-10T09:11:49.3894205Z","accessedAt":"0001-01-01T00:00:00Z","forwardTo":"sb-queuecli4000008","forwardDeadLetteredMessagesTo":"sb-queuecli4000008"}}'
    headers:
      cache-control:
      - no-cache
      content-length:
      - '1118'
      content-type:
      - application/json; charset=utf-8
      date:
      - Tue, 10 May 2022 09:11:51 GMT
      expires:
      - '-1'
      pragma:
      - no-cache
      server:
      - Service-Bus-Resource-Provider/SN1
      - Microsoft-HTTPAPI/2.0
      server-sb:
      - Service-Bus-Resource-Provider/SN1
      strict-transport-security:
      - max-age=31536000; includeSubDomains
      transfer-encoding:
      - chunked
      vary:
      - Accept-Encoding
      x-content-type-options:
      - nosniff
    status:
      code: 200
      message: OK
- request:
    body: '{"properties": {"lockDuration": "PT2M", "maxSizeInMegabytes": 2048, "maxMessageSizeInKilobytes":
      256, "requiresDuplicateDetection": true, "requiresSession": false, "defaultMessageTimeToLive":
      "P1DT3M4S", "deadLetteringOnMessageExpiration": true, "duplicateDetectionHistoryTimeWindow":
      "PT8M", "maxDeliveryCount": 15, "status": "SendDisabled", "enableBatchedOperations":
      false, "enablePartitioning": false, "enableExpress": false, "forwardTo": "sb-queuecli4000008",
      "forwardDeadLetteredMessagesTo": "sb-queuecli4000008"}}'
    headers:
      Accept:
      - application/json
      Accept-Encoding:
      - gzip, deflate
      CommandName:
      - servicebus queue update
      Connection:
      - keep-alive
      Content-Length:
      - '520'
      Content-Type:
      - application/json
      ParameterSetName:
      - --resource-group --name --namespace-name --status
      User-Agent:
      - AZURECLI/2.34.1 azsdk-python-azure-mgmt-servicebus/7.1.0 Python/3.8.0 (Windows-10-10.0.22000-SP0)
    method: PUT
    uri: https://management.azure.com/subscriptions/00000000-0000-0000-0000-000000000000/resourceGroups/cli_test_sb_queue000001/providers/Microsoft.ServiceBus/namespaces/sb-nscli000002/queues/sb-queuecli2000005?api-version=2021-06-01-preview
  response:
    body:
      string: '{"id":"/subscriptions/00000000-0000-0000-0000-000000000000/resourceGroups/cli_test_sb_queue000001/providers/Microsoft.ServiceBus/namespaces/sb-nscli000002/queues/sb-queuecli2000005","name":"sb-queuecli2000005","type":"Microsoft.ServiceBus/Namespaces/Queues","location":"West
        US","properties":{"maxMessageSizeInKilobytes":256,"lockDuration":"PT2M","maxSizeInMegabytes":2048,"requiresDuplicateDetection":true,"requiresSession":false,"defaultMessageTimeToLive":"P1DT3M4S","deadLetteringOnMessageExpiration":true,"enableBatchedOperations":false,"duplicateDetectionHistoryTimeWindow":"PT8M","maxDeliveryCount":15,"sizeInBytes":0,"messageCount":0,"status":"SendDisabled","autoDeleteOnIdle":"P10675199DT2H48M5.4775807S","enablePartitioning":false,"enableExpress":false,"countDetails":{"activeMessageCount":0,"deadLetterMessageCount":0,"scheduledMessageCount":0,"transferMessageCount":0,"transferDeadLetterMessageCount":0},"createdAt":"0001-01-01T00:00:00Z","updatedAt":"0001-01-01T00:00:00Z","accessedAt":"0001-01-01T00:00:00Z","forwardTo":"sb-queuecli4000008","forwardDeadLetteredMessagesTo":"sb-queuecli4000008"}}'
    headers:
      cache-control:
      - no-cache
      content-length:
      - '1108'
      content-type:
      - application/json; charset=utf-8
      date:
      - Tue, 10 May 2022 09:11:53 GMT
      expires:
      - '-1'
      pragma:
      - no-cache
      server:
      - Service-Bus-Resource-Provider/SN1
      - Microsoft-HTTPAPI/2.0
      server-sb:
      - Service-Bus-Resource-Provider/SN1
      strict-transport-security:
      - max-age=31536000; includeSubDomains
      transfer-encoding:
      - chunked
      vary:
      - Accept-Encoding
      x-content-type-options:
      - nosniff
      x-ms-ratelimit-remaining-subscription-writes:
      - '1199'
    status:
      code: 200
      message: OK
- request:
    body: null
    headers:
      Accept:
      - application/json
      Accept-Encoding:
      - gzip, deflate
      CommandName:
      - servicebus queue update
      Connection:
      - keep-alive
      ParameterSetName:
      - --resource-group --name --namespace-name --max-size
      User-Agent:
      - AZURECLI/2.34.1 azsdk-python-azure-mgmt-servicebus/7.1.0 Python/3.8.0 (Windows-10-10.0.22000-SP0)
    method: GET
    uri: https://management.azure.com/subscriptions/00000000-0000-0000-0000-000000000000/resourceGroups/cli_test_sb_queue000001/providers/Microsoft.ServiceBus/namespaces/sb-nscli000002/queues/sb-queuecli2000005?api-version=2021-06-01-preview
  response:
    body:
      string: '{"id":"/subscriptions/00000000-0000-0000-0000-000000000000/resourceGroups/cli_test_sb_queue000001/providers/Microsoft.ServiceBus/namespaces/sb-nscli000002/queues/sb-queuecli2000005","name":"sb-queuecli2000005","type":"Microsoft.ServiceBus/Namespaces/Queues","location":"West
        US","properties":{"maxMessageSizeInKilobytes":256,"lockDuration":"PT2M","maxSizeInMegabytes":2048,"requiresDuplicateDetection":true,"requiresSession":false,"defaultMessageTimeToLive":"P1DT3M4S","deadLetteringOnMessageExpiration":true,"enableBatchedOperations":false,"duplicateDetectionHistoryTimeWindow":"PT8M","maxDeliveryCount":15,"sizeInBytes":0,"messageCount":0,"status":"SendDisabled","autoDeleteOnIdle":"P10675199DT2H48M5.4775807S","enablePartitioning":false,"enableExpress":false,"countDetails":{"activeMessageCount":0,"deadLetterMessageCount":0,"scheduledMessageCount":0,"transferMessageCount":0,"transferDeadLetterMessageCount":0},"createdAt":"2022-05-10T09:10:58.4598823Z","updatedAt":"2022-05-10T09:11:53.8274218Z","accessedAt":"0001-01-01T00:00:00Z","forwardTo":"sb-queuecli4000008","forwardDeadLetteredMessagesTo":"sb-queuecli4000008"}}'
    headers:
      cache-control:
      - no-cache
      content-length:
      - '1124'
      content-type:
      - application/json; charset=utf-8
      date:
      - Tue, 10 May 2022 09:11:54 GMT
      expires:
      - '-1'
      pragma:
      - no-cache
      server:
      - Service-Bus-Resource-Provider/CH3
      - Microsoft-HTTPAPI/2.0
      server-sb:
      - Service-Bus-Resource-Provider/CH3
      strict-transport-security:
      - max-age=31536000; includeSubDomains
      transfer-encoding:
      - chunked
      vary:
      - Accept-Encoding
      x-content-type-options:
      - nosniff
    status:
      code: 200
      message: OK
- request:
    body: '{"properties": {"lockDuration": "PT2M", "maxSizeInMegabytes": 2048, "maxMessageSizeInKilobytes":
      256, "requiresDuplicateDetection": true, "requiresSession": false, "defaultMessageTimeToLive":
      "P1DT3M4S", "deadLetteringOnMessageExpiration": true, "duplicateDetectionHistoryTimeWindow":
      "PT8M", "maxDeliveryCount": 15, "status": "SendDisabled", "enableBatchedOperations":
      false, "enablePartitioning": false, "enableExpress": false, "forwardTo": "sb-queuecli4000008",
      "forwardDeadLetteredMessagesTo": "sb-queuecli4000008"}}'
    headers:
      Accept:
      - application/json
      Accept-Encoding:
      - gzip, deflate
      CommandName:
      - servicebus queue update
      Connection:
      - keep-alive
      Content-Length:
      - '520'
      Content-Type:
      - application/json
      ParameterSetName:
      - --resource-group --name --namespace-name --max-size
      User-Agent:
      - AZURECLI/2.34.1 azsdk-python-azure-mgmt-servicebus/7.1.0 Python/3.8.0 (Windows-10-10.0.22000-SP0)
    method: PUT
    uri: https://management.azure.com/subscriptions/00000000-0000-0000-0000-000000000000/resourceGroups/cli_test_sb_queue000001/providers/Microsoft.ServiceBus/namespaces/sb-nscli000002/queues/sb-queuecli2000005?api-version=2021-06-01-preview
  response:
    body:
      string: '{"id":"/subscriptions/00000000-0000-0000-0000-000000000000/resourceGroups/cli_test_sb_queue000001/providers/Microsoft.ServiceBus/namespaces/sb-nscli000002/queues/sb-queuecli2000005","name":"sb-queuecli2000005","type":"Microsoft.ServiceBus/Namespaces/Queues","location":"West
        US","properties":{"maxMessageSizeInKilobytes":256,"lockDuration":"PT2M","maxSizeInMegabytes":2048,"requiresDuplicateDetection":true,"requiresSession":false,"defaultMessageTimeToLive":"P1DT3M4S","deadLetteringOnMessageExpiration":true,"enableBatchedOperations":false,"duplicateDetectionHistoryTimeWindow":"PT8M","maxDeliveryCount":15,"sizeInBytes":0,"messageCount":0,"status":"SendDisabled","autoDeleteOnIdle":"P10675199DT2H48M5.4775807S","enablePartitioning":false,"enableExpress":false,"countDetails":{"activeMessageCount":0,"deadLetterMessageCount":0,"scheduledMessageCount":0,"transferMessageCount":0,"transferDeadLetterMessageCount":0},"createdAt":"0001-01-01T00:00:00Z","updatedAt":"0001-01-01T00:00:00Z","accessedAt":"0001-01-01T00:00:00Z","forwardTo":"sb-queuecli4000008","forwardDeadLetteredMessagesTo":"sb-queuecli4000008"}}'
    headers:
      cache-control:
      - no-cache
      content-length:
      - '1108'
      content-type:
      - application/json; charset=utf-8
      date:
      - Tue, 10 May 2022 09:11:56 GMT
      expires:
      - '-1'
      pragma:
      - no-cache
      server:
      - Service-Bus-Resource-Provider/CH3
      - Microsoft-HTTPAPI/2.0
      server-sb:
      - Service-Bus-Resource-Provider/CH3
      strict-transport-security:
      - max-age=31536000; includeSubDomains
      transfer-encoding:
      - chunked
      vary:
      - Accept-Encoding
      x-content-type-options:
      - nosniff
      x-ms-ratelimit-remaining-subscription-writes:
      - '1198'
    status:
      code: 200
      message: OK
- request:
    body: '{"properties": {"requiresSession": true, "autoDeleteOnIdle": "P7D", "enablePartitioning":
      true, "enableExpress": true}}'
    headers:
      Accept:
      - application/json
      Accept-Encoding:
      - gzip, deflate
      CommandName:
      - servicebus queue create
      Connection:
      - keep-alive
      Content-Length:
      - '119'
      Content-Type:
      - application/json
      ParameterSetName:
      - --resource-group --name --namespace-name --auto-delete-on-idle --enable-session
        --enable-express --enable-partitioning
      User-Agent:
      - AZURECLI/2.34.1 azsdk-python-azure-mgmt-servicebus/7.1.0 Python/3.8.0 (Windows-10-10.0.22000-SP0)
    method: PUT
    uri: https://management.azure.com/subscriptions/00000000-0000-0000-0000-000000000000/resourceGroups/cli_test_sb_queue000001/providers/Microsoft.ServiceBus/namespaces/sb-nscli000002/queues/sb-queuecli2000006?api-version=2021-06-01-preview
  response:
    body:
      string: '{"id":"/subscriptions/00000000-0000-0000-0000-000000000000/resourceGroups/cli_test_sb_queue000001/providers/Microsoft.ServiceBus/namespaces/sb-nscli000002/queues/sb-queuecli2000006","name":"sb-queuecli2000006","type":"Microsoft.ServiceBus/Namespaces/Queues","location":"West
        US","properties":{"maxMessageSizeInKilobytes":256,"lockDuration":"PT1M","maxSizeInMegabytes":16384,"requiresDuplicateDetection":false,"requiresSession":true,"defaultMessageTimeToLive":"P10675199DT2H48M5.4775807S","deadLetteringOnMessageExpiration":false,"enableBatchedOperations":true,"duplicateDetectionHistoryTimeWindow":"PT10M","maxDeliveryCount":10,"sizeInBytes":0,"messageCount":0,"status":"Active","autoDeleteOnIdle":"P7D","enablePartitioning":true,"enableExpress":true,"countDetails":{"activeMessageCount":0,"deadLetterMessageCount":0,"scheduledMessageCount":0,"transferMessageCount":0,"transferDeadLetterMessageCount":0},"createdAt":"2022-05-10T09:12:01.687Z","updatedAt":"2022-05-10T09:12:02.143Z","accessedAt":"0001-01-01T00:00:00Z"}}'
    headers:
      cache-control:
      - no-cache
      content-length:
      - '1019'
      content-type:
      - application/json; charset=utf-8
      date:
      - Tue, 10 May 2022 09:12:02 GMT
      expires:
      - '-1'
      pragma:
      - no-cache
      server:
      - Service-Bus-Resource-Provider/CH3
      - Microsoft-HTTPAPI/2.0
      server-sb:
      - Service-Bus-Resource-Provider/CH3
      strict-transport-security:
      - max-age=31536000; includeSubDomains
      transfer-encoding:
      - chunked
      vary:
      - Accept-Encoding
      x-content-type-options:
      - nosniff
      x-ms-ratelimit-remaining-subscription-writes:
      - '1199'
    status:
      code: 200
      message: OK
- request:
    body: null
    headers:
      Accept:
      - application/json
      Accept-Encoding:
      - gzip, deflate
      CommandName:
      - servicebus queue update
      Connection:
      - keep-alive
      ParameterSetName:
      - --resource-group --name --namespace-name --auto-delete-on-idle
      User-Agent:
      - AZURECLI/2.34.1 azsdk-python-azure-mgmt-servicebus/7.1.0 Python/3.8.0 (Windows-10-10.0.22000-SP0)
    method: GET
    uri: https://management.azure.com/subscriptions/00000000-0000-0000-0000-000000000000/resourceGroups/cli_test_sb_queue000001/providers/Microsoft.ServiceBus/namespaces/sb-nscli000002/queues/sb-queuecli2000006?api-version=2021-06-01-preview
  response:
    body:
      string: '{"id":"/subscriptions/00000000-0000-0000-0000-000000000000/resourceGroups/cli_test_sb_queue000001/providers/Microsoft.ServiceBus/namespaces/sb-nscli000002/queues/sb-queuecli2000006","name":"sb-queuecli2000006","type":"Microsoft.ServiceBus/Namespaces/Queues","location":"West
        US","properties":{"maxMessageSizeInKilobytes":256,"lockDuration":"PT1M","maxSizeInMegabytes":16384,"requiresDuplicateDetection":false,"requiresSession":true,"defaultMessageTimeToLive":"P10675199DT2H48M5.4775807S","deadLetteringOnMessageExpiration":false,"enableBatchedOperations":true,"duplicateDetectionHistoryTimeWindow":"PT10M","maxDeliveryCount":10,"sizeInBytes":0,"messageCount":0,"status":"Active","autoDeleteOnIdle":"P7D","enablePartitioning":true,"enableExpress":true,"countDetails":{"activeMessageCount":0,"deadLetterMessageCount":0,"scheduledMessageCount":0,"transferMessageCount":0,"transferDeadLetterMessageCount":0},"createdAt":"2022-05-10T09:12:01.687Z","updatedAt":"2022-05-10T09:12:02.143Z","accessedAt":"0001-01-01T00:00:00Z"}}'
    headers:
      cache-control:
      - no-cache
      content-length:
      - '1019'
      content-type:
      - application/json; charset=utf-8
      date:
      - Tue, 10 May 2022 09:12:05 GMT
      expires:
      - '-1'
      pragma:
      - no-cache
      server:
      - Service-Bus-Resource-Provider/SN1
      - Microsoft-HTTPAPI/2.0
      server-sb:
      - Service-Bus-Resource-Provider/SN1
      strict-transport-security:
      - max-age=31536000; includeSubDomains
      transfer-encoding:
      - chunked
      vary:
      - Accept-Encoding
      x-content-type-options:
      - nosniff
    status:
      code: 200
      message: OK
- request:
    body: '{"properties": {"lockDuration": "PT1M", "maxSizeInMegabytes": 16384, "maxMessageSizeInKilobytes":
      256, "requiresDuplicateDetection": false, "requiresSession": true, "deadLetteringOnMessageExpiration":
      false, "duplicateDetectionHistoryTimeWindow": "PT10M", "maxDeliveryCount": 10,
      "status": "Active", "enableBatchedOperations": true, "autoDeleteOnIdle": "P1DT3M4S",
      "enablePartitioning": true, "enableExpress": true}}'
    headers:
      Accept:
      - application/json
      Accept-Encoding:
      - gzip, deflate
      CommandName:
      - servicebus queue update
      Connection:
      - keep-alive
      Content-Length:
      - '416'
      Content-Type:
      - application/json
      ParameterSetName:
      - --resource-group --name --namespace-name --auto-delete-on-idle
      User-Agent:
      - AZURECLI/2.34.1 azsdk-python-azure-mgmt-servicebus/7.1.0 Python/3.8.0 (Windows-10-10.0.22000-SP0)
    method: PUT
    uri: https://management.azure.com/subscriptions/00000000-0000-0000-0000-000000000000/resourceGroups/cli_test_sb_queue000001/providers/Microsoft.ServiceBus/namespaces/sb-nscli000002/queues/sb-queuecli2000006?api-version=2021-06-01-preview
  response:
    body:
      string: '{"id":"/subscriptions/00000000-0000-0000-0000-000000000000/resourceGroups/cli_test_sb_queue000001/providers/Microsoft.ServiceBus/namespaces/sb-nscli000002/queues/sb-queuecli2000006","name":"sb-queuecli2000006","type":"Microsoft.ServiceBus/Namespaces/Queues","location":"West
        US","properties":{"maxMessageSizeInKilobytes":256,"lockDuration":"PT1M","maxSizeInMegabytes":16384,"requiresDuplicateDetection":false,"requiresSession":true,"defaultMessageTimeToLive":"P10675199DT2H48M5.4775807S","deadLetteringOnMessageExpiration":false,"enableBatchedOperations":true,"duplicateDetectionHistoryTimeWindow":"PT10M","maxDeliveryCount":10,"sizeInBytes":0,"messageCount":0,"status":"Active","autoDeleteOnIdle":"P1DT3M4S","enablePartitioning":true,"enableExpress":true,"countDetails":{"activeMessageCount":0,"deadLetterMessageCount":0,"scheduledMessageCount":0,"transferMessageCount":0,"transferDeadLetterMessageCount":0},"createdAt":"0001-01-01T00:00:00Z","updatedAt":"0001-01-01T00:00:00Z","accessedAt":"0001-01-01T00:00:00Z"}}'
    headers:
      cache-control:
      - no-cache
      content-length:
      - '1016'
      content-type:
      - application/json; charset=utf-8
      date:
      - Tue, 10 May 2022 09:12:07 GMT
      expires:
      - '-1'
      pragma:
      - no-cache
      server:
      - Service-Bus-Resource-Provider/CH3
      - Microsoft-HTTPAPI/2.0
      server-sb:
      - Service-Bus-Resource-Provider/CH3
      strict-transport-security:
      - max-age=31536000; includeSubDomains
      transfer-encoding:
      - chunked
      vary:
      - Accept-Encoding
      x-content-type-options:
      - nosniff
      x-ms-ratelimit-remaining-subscription-writes:
      - '1199'
    status:
      code: 200
      message: OK
- request:
    body: null
    headers:
      Accept:
      - application/json
      Accept-Encoding:
      - gzip, deflate
      CommandName:
      - servicebus queue update
      Connection:
      - keep-alive
      ParameterSetName:
      - --resource-group --name --namespace-name --enable-express
      User-Agent:
      - AZURECLI/2.34.1 azsdk-python-azure-mgmt-servicebus/7.1.0 Python/3.8.0 (Windows-10-10.0.22000-SP0)
    method: GET
    uri: https://management.azure.com/subscriptions/00000000-0000-0000-0000-000000000000/resourceGroups/cli_test_sb_queue000001/providers/Microsoft.ServiceBus/namespaces/sb-nscli000002/queues/sb-queuecli2000006?api-version=2021-06-01-preview
  response:
    body:
      string: '{"id":"/subscriptions/00000000-0000-0000-0000-000000000000/resourceGroups/cli_test_sb_queue000001/providers/Microsoft.ServiceBus/namespaces/sb-nscli000002/queues/sb-queuecli2000006","name":"sb-queuecli2000006","type":"Microsoft.ServiceBus/Namespaces/Queues","location":"West
        US","properties":{"maxMessageSizeInKilobytes":256,"lockDuration":"PT1M","maxSizeInMegabytes":16384,"requiresDuplicateDetection":false,"requiresSession":true,"defaultMessageTimeToLive":"P10675199DT2H48M5.4775807S","deadLetteringOnMessageExpiration":false,"enableBatchedOperations":true,"duplicateDetectionHistoryTimeWindow":"PT10M","maxDeliveryCount":10,"sizeInBytes":0,"messageCount":0,"status":"Active","autoDeleteOnIdle":"P1DT3M4S","enablePartitioning":true,"enableExpress":true,"countDetails":{"activeMessageCount":0,"deadLetterMessageCount":0,"scheduledMessageCount":0,"transferMessageCount":0,"transferDeadLetterMessageCount":0},"createdAt":"2022-05-10T09:12:01.687Z","updatedAt":"2022-05-10T09:12:08.3386902Z","accessedAt":"0001-01-01T00:00:00Z"}}'
    headers:
      cache-control:
      - no-cache
      content-length:
      - '1028'
      content-type:
      - application/json; charset=utf-8
      date:
      - Tue, 10 May 2022 09:12:09 GMT
      expires:
      - '-1'
      pragma:
      - no-cache
      server:
      - Service-Bus-Resource-Provider/CH3
      - Microsoft-HTTPAPI/2.0
      server-sb:
      - Service-Bus-Resource-Provider/CH3
      strict-transport-security:
      - max-age=31536000; includeSubDomains
      transfer-encoding:
      - chunked
      vary:
      - Accept-Encoding
      x-content-type-options:
      - nosniff
    status:
      code: 200
      message: OK
- request:
    body: '{"properties": {"lockDuration": "PT1M", "maxSizeInMegabytes": 16384, "maxMessageSizeInKilobytes":
      256, "requiresDuplicateDetection": false, "requiresSession": true, "deadLetteringOnMessageExpiration":
      false, "duplicateDetectionHistoryTimeWindow": "PT10M", "maxDeliveryCount": 10,
      "status": "Active", "enableBatchedOperations": true, "autoDeleteOnIdle": "P1DT3M4S",
      "enablePartitioning": true, "enableExpress": false}}'
    headers:
      Accept:
      - application/json
      Accept-Encoding:
      - gzip, deflate
      CommandName:
      - servicebus queue update
      Connection:
      - keep-alive
      Content-Length:
      - '417'
      Content-Type:
      - application/json
      ParameterSetName:
      - --resource-group --name --namespace-name --enable-express
      User-Agent:
      - AZURECLI/2.34.1 azsdk-python-azure-mgmt-servicebus/7.1.0 Python/3.8.0 (Windows-10-10.0.22000-SP0)
    method: PUT
    uri: https://management.azure.com/subscriptions/00000000-0000-0000-0000-000000000000/resourceGroups/cli_test_sb_queue000001/providers/Microsoft.ServiceBus/namespaces/sb-nscli000002/queues/sb-queuecli2000006?api-version=2021-06-01-preview
  response:
    body:
      string: '{"id":"/subscriptions/00000000-0000-0000-0000-000000000000/resourceGroups/cli_test_sb_queue000001/providers/Microsoft.ServiceBus/namespaces/sb-nscli000002/queues/sb-queuecli2000006","name":"sb-queuecli2000006","type":"Microsoft.ServiceBus/Namespaces/Queues","location":"West
        US","properties":{"maxMessageSizeInKilobytes":256,"lockDuration":"PT1M","maxSizeInMegabytes":16384,"requiresDuplicateDetection":false,"requiresSession":true,"defaultMessageTimeToLive":"P10675199DT2H48M5.4775807S","deadLetteringOnMessageExpiration":false,"enableBatchedOperations":true,"duplicateDetectionHistoryTimeWindow":"PT10M","maxDeliveryCount":10,"sizeInBytes":0,"messageCount":0,"status":"Active","autoDeleteOnIdle":"P1DT3M4S","enablePartitioning":true,"enableExpress":false,"countDetails":{"activeMessageCount":0,"deadLetterMessageCount":0,"scheduledMessageCount":0,"transferMessageCount":0,"transferDeadLetterMessageCount":0},"createdAt":"0001-01-01T00:00:00Z","updatedAt":"0001-01-01T00:00:00Z","accessedAt":"0001-01-01T00:00:00Z"}}'
    headers:
      cache-control:
      - no-cache
      content-length:
      - '1017'
      content-type:
      - application/json; charset=utf-8
      date:
      - Tue, 10 May 2022 09:12:12 GMT
      expires:
      - '-1'
      pragma:
      - no-cache
      server:
      - Service-Bus-Resource-Provider/CH3
      - Microsoft-HTTPAPI/2.0
      server-sb:
      - Service-Bus-Resource-Provider/CH3
      strict-transport-security:
      - max-age=31536000; includeSubDomains
      transfer-encoding:
      - chunked
      vary:
      - Accept-Encoding
      x-content-type-options:
      - nosniff
      x-ms-ratelimit-remaining-subscription-writes:
      - '1199'
    status:
      code: 200
      message: OK
- request:
    body: null
    headers:
      Accept:
      - application/json
      Accept-Encoding:
      - gzip, deflate
      CommandName:
      - servicebus queue update
      Connection:
      - keep-alive
      ParameterSetName:
      - --resource-group --name --namespace-name --enable-express
      User-Agent:
      - AZURECLI/2.34.1 azsdk-python-azure-mgmt-servicebus/7.1.0 Python/3.8.0 (Windows-10-10.0.22000-SP0)
    method: GET
    uri: https://management.azure.com/subscriptions/00000000-0000-0000-0000-000000000000/resourceGroups/cli_test_sb_queue000001/providers/Microsoft.ServiceBus/namespaces/sb-nscli000002/queues/sb-queuecli2000006?api-version=2021-06-01-preview
  response:
    body:
      string: '{"id":"/subscriptions/00000000-0000-0000-0000-000000000000/resourceGroups/cli_test_sb_queue000001/providers/Microsoft.ServiceBus/namespaces/sb-nscli000002/queues/sb-queuecli2000006","name":"sb-queuecli2000006","type":"Microsoft.ServiceBus/Namespaces/Queues","location":"West
        US","properties":{"maxMessageSizeInKilobytes":256,"lockDuration":"PT1M","maxSizeInMegabytes":16384,"requiresDuplicateDetection":false,"requiresSession":true,"defaultMessageTimeToLive":"P10675199DT2H48M5.4775807S","deadLetteringOnMessageExpiration":false,"enableBatchedOperations":true,"duplicateDetectionHistoryTimeWindow":"PT10M","maxDeliveryCount":10,"sizeInBytes":0,"messageCount":0,"status":"Active","autoDeleteOnIdle":"P1DT3M4S","enablePartitioning":true,"enableExpress":false,"countDetails":{"activeMessageCount":0,"deadLetterMessageCount":0,"scheduledMessageCount":0,"transferMessageCount":0,"transferDeadLetterMessageCount":0},"createdAt":"2022-05-10T09:12:01.687Z","updatedAt":"2022-05-10T09:12:12.1703913Z","accessedAt":"0001-01-01T00:00:00Z"}}'
    headers:
      cache-control:
      - no-cache
      content-length:
      - '1029'
      content-type:
      - application/json; charset=utf-8
      date:
      - Tue, 10 May 2022 09:12:12 GMT
      expires:
      - '-1'
      pragma:
      - no-cache
      server:
      - Service-Bus-Resource-Provider/SN1
      - Microsoft-HTTPAPI/2.0
      server-sb:
      - Service-Bus-Resource-Provider/SN1
      strict-transport-security:
      - max-age=31536000; includeSubDomains
      transfer-encoding:
      - chunked
      vary:
      - Accept-Encoding
      x-content-type-options:
      - nosniff
    status:
      code: 200
      message: OK
- request:
    body: '{"properties": {"lockDuration": "PT1M", "maxSizeInMegabytes": 16384, "maxMessageSizeInKilobytes":
      256, "requiresDuplicateDetection": false, "requiresSession": true, "deadLetteringOnMessageExpiration":
      false, "duplicateDetectionHistoryTimeWindow": "PT10M", "maxDeliveryCount": 10,
      "status": "Active", "enableBatchedOperations": true, "autoDeleteOnIdle": "P1DT3M4S",
      "enablePartitioning": true, "enableExpress": true}}'
    headers:
      Accept:
      - application/json
      Accept-Encoding:
      - gzip, deflate
      CommandName:
      - servicebus queue update
      Connection:
      - keep-alive
      Content-Length:
      - '416'
      Content-Type:
      - application/json
      ParameterSetName:
      - --resource-group --name --namespace-name --enable-express
      User-Agent:
      - AZURECLI/2.34.1 azsdk-python-azure-mgmt-servicebus/7.1.0 Python/3.8.0 (Windows-10-10.0.22000-SP0)
    method: PUT
    uri: https://management.azure.com/subscriptions/00000000-0000-0000-0000-000000000000/resourceGroups/cli_test_sb_queue000001/providers/Microsoft.ServiceBus/namespaces/sb-nscli000002/queues/sb-queuecli2000006?api-version=2021-06-01-preview
  response:
    body:
      string: '{"id":"/subscriptions/00000000-0000-0000-0000-000000000000/resourceGroups/cli_test_sb_queue000001/providers/Microsoft.ServiceBus/namespaces/sb-nscli000002/queues/sb-queuecli2000006","name":"sb-queuecli2000006","type":"Microsoft.ServiceBus/Namespaces/Queues","location":"West
        US","properties":{"maxMessageSizeInKilobytes":256,"lockDuration":"PT1M","maxSizeInMegabytes":16384,"requiresDuplicateDetection":false,"requiresSession":true,"defaultMessageTimeToLive":"P10675199DT2H48M5.4775807S","deadLetteringOnMessageExpiration":false,"enableBatchedOperations":true,"duplicateDetectionHistoryTimeWindow":"PT10M","maxDeliveryCount":10,"sizeInBytes":0,"messageCount":0,"status":"Active","autoDeleteOnIdle":"P1DT3M4S","enablePartitioning":true,"enableExpress":true,"countDetails":{"activeMessageCount":0,"deadLetterMessageCount":0,"scheduledMessageCount":0,"transferMessageCount":0,"transferDeadLetterMessageCount":0},"createdAt":"0001-01-01T00:00:00Z","updatedAt":"0001-01-01T00:00:00Z","accessedAt":"0001-01-01T00:00:00Z"}}'
    headers:
      cache-control:
      - no-cache
      content-length:
      - '1016'
      content-type:
      - application/json; charset=utf-8
      date:
      - Tue, 10 May 2022 09:12:13 GMT
      expires:
      - '-1'
      pragma:
      - no-cache
      server:
      - Service-Bus-Resource-Provider/SN1
      - Microsoft-HTTPAPI/2.0
      server-sb:
      - Service-Bus-Resource-Provider/SN1
      strict-transport-security:
      - max-age=31536000; includeSubDomains
      transfer-encoding:
      - chunked
      vary:
      - Accept-Encoding
      x-content-type-options:
      - nosniff
      x-ms-ratelimit-remaining-subscription-writes:
      - '1198'
    status:
      code: 200
      message: OK
- request:
    body: null
    headers:
      Accept:
      - application/json
      Accept-Encoding:
      - gzip, deflate
      CommandName:
      - servicebus queue create
      Connection:
      - keep-alive
      ParameterSetName:
      - --resource-group --namespace-name --name --auto-delete-on-idle --max-size
      User-Agent:
      - AZURECLI/2.34.1 azsdk-python-azure-mgmt-servicebus/7.1.0 Python/3.8.0 (Windows-10-10.0.22000-SP0)
    method: GET
    uri: https://management.azure.com/subscriptions/00000000-0000-0000-0000-000000000000/resourceGroups/cli_test_sb_queue000001/providers/Microsoft.ServiceBus/namespaces/sb-nscli000002?api-version=2017-04-01
  response:
    body:
      string: '{"sku":{"name":"Standard","tier":"Standard"},"id":"/subscriptions/00000000-0000-0000-0000-000000000000/resourceGroups/cli_test_sb_queue000001/providers/Microsoft.ServiceBus/namespaces/sb-nscli000002","name":"sb-nscli000002","type":"Microsoft.ServiceBus/Namespaces","location":"West
        US","tags":{"{tag1":"value1,","tag2":"value2}"},"properties":{"provisioningState":"Succeeded","metricId":"326100e2-f69d-4268-8503-075374f62b6e:sb-nscli000002","createdAt":"2022-05-10T09:08:35.373Z","updatedAt":"2022-05-10T09:09:19.29Z","serviceBusEndpoint":"https://sb-nscli000002.servicebus.windows.net:443/","status":"Active"}}'
    headers:
      cache-control:
      - no-cache
      content-length:
      - '611'
      content-type:
      - application/json; charset=utf-8
      date:
      - Tue, 10 May 2022 09:12:15 GMT
      expires:
      - '-1'
      pragma:
      - no-cache
      server:
      - Service-Bus-Resource-Provider/CH3
      - Microsoft-HTTPAPI/2.0
      server-sb:
      - Service-Bus-Resource-Provider/CH3
      strict-transport-security:
      - max-age=31536000; includeSubDomains
      transfer-encoding:
      - chunked
      vary:
      - Accept-Encoding
      x-content-type-options:
      - nosniff
    status:
      code: 200
      message: OK
- request:
    body: '{"properties": {"maxSizeInMegabytes": 1024, "autoDeleteOnIdle": "PT10M"}}'
    headers:
      Accept:
      - application/json
      Accept-Encoding:
      - gzip, deflate
      CommandName:
      - servicebus queue create
      Connection:
      - keep-alive
      Content-Length:
      - '73'
      Content-Type:
      - application/json
      ParameterSetName:
      - --resource-group --namespace-name --name --auto-delete-on-idle --max-size
      User-Agent:
      - AZURECLI/2.34.1 azsdk-python-azure-mgmt-servicebus/7.1.0 Python/3.8.0 (Windows-10-10.0.22000-SP0)
    method: PUT
    uri: https://management.azure.com/subscriptions/00000000-0000-0000-0000-000000000000/resourceGroups/cli_test_sb_queue000001/providers/Microsoft.ServiceBus/namespaces/sb-nscli000002/queues/sb-queuecli000004?api-version=2021-06-01-preview
  response:
    body:
      string: '{"id":"/subscriptions/00000000-0000-0000-0000-000000000000/resourceGroups/cli_test_sb_queue000001/providers/Microsoft.ServiceBus/namespaces/sb-nscli000002/queues/sb-queuecli000004","name":"sb-queuecli000004","type":"Microsoft.ServiceBus/Namespaces/Queues","location":"West
        US","properties":{"maxMessageSizeInKilobytes":256,"lockDuration":"PT1M","maxSizeInMegabytes":1024,"requiresDuplicateDetection":false,"requiresSession":false,"defaultMessageTimeToLive":"P10675199DT2H48M5.4775807S","deadLetteringOnMessageExpiration":false,"enableBatchedOperations":true,"duplicateDetectionHistoryTimeWindow":"PT10M","maxDeliveryCount":10,"sizeInBytes":0,"messageCount":0,"status":"Active","autoDeleteOnIdle":"PT10M","enablePartitioning":false,"enableExpress":false,"countDetails":{"activeMessageCount":0,"deadLetterMessageCount":0,"scheduledMessageCount":0,"transferMessageCount":0,"transferDeadLetterMessageCount":0},"createdAt":"2022-05-10T09:12:17.607Z","updatedAt":"2022-05-10T09:12:17.66Z","accessedAt":"0001-01-01T00:00:00Z"}}'
    headers:
      cache-control:
      - no-cache
      content-length:
      - '1020'
      content-type:
      - application/json; charset=utf-8
      date:
      - Tue, 10 May 2022 09:12:17 GMT
      expires:
      - '-1'
      pragma:
      - no-cache
      server:
      - Service-Bus-Resource-Provider/CH3
      - Microsoft-HTTPAPI/2.0
      server-sb:
      - Service-Bus-Resource-Provider/CH3
      strict-transport-security:
      - max-age=31536000; includeSubDomains
      transfer-encoding:
      - chunked
      vary:
      - Accept-Encoding
      x-content-type-options:
      - nosniff
      x-ms-ratelimit-remaining-subscription-writes:
      - '1198'
    status:
      code: 200
      message: OK
- request:
    body: null
    headers:
      Accept:
      - application/json
      Accept-Encoding:
      - gzip, deflate
      CommandName:
      - servicebus queue show
      Connection:
      - keep-alive
      ParameterSetName:
      - --resource-group --namespace-name --name
      User-Agent:
      - AZURECLI/2.34.1 azsdk-python-azure-mgmt-servicebus/7.1.0 Python/3.8.0 (Windows-10-10.0.22000-SP0)
    method: GET
    uri: https://management.azure.com/subscriptions/00000000-0000-0000-0000-000000000000/resourceGroups/cli_test_sb_queue000001/providers/Microsoft.ServiceBus/namespaces/sb-nscli000002/queues/sb-queuecli000004?api-version=2021-06-01-preview
  response:
    body:
      string: '{"id":"/subscriptions/00000000-0000-0000-0000-000000000000/resourceGroups/cli_test_sb_queue000001/providers/Microsoft.ServiceBus/namespaces/sb-nscli000002/queues/sb-queuecli000004","name":"sb-queuecli000004","type":"Microsoft.ServiceBus/Namespaces/Queues","location":"West
        US","properties":{"maxMessageSizeInKilobytes":256,"lockDuration":"PT1M","maxSizeInMegabytes":1024,"requiresDuplicateDetection":false,"requiresSession":false,"defaultMessageTimeToLive":"P10675199DT2H48M5.4775807S","deadLetteringOnMessageExpiration":false,"enableBatchedOperations":true,"duplicateDetectionHistoryTimeWindow":"PT10M","maxDeliveryCount":10,"sizeInBytes":0,"messageCount":0,"status":"Active","autoDeleteOnIdle":"PT10M","enablePartitioning":false,"enableExpress":false,"countDetails":{"activeMessageCount":0,"deadLetterMessageCount":0,"scheduledMessageCount":0,"transferMessageCount":0,"transferDeadLetterMessageCount":0},"createdAt":"2022-05-10T09:12:17.607Z","updatedAt":"2022-05-10T09:12:17.66Z","accessedAt":"0001-01-01T00:00:00Z"}}'
    headers:
      cache-control:
      - no-cache
      content-length:
      - '1020'
      content-type:
      - application/json; charset=utf-8
      date:
      - Tue, 10 May 2022 09:12:18 GMT
      expires:
      - '-1'
      pragma:
      - no-cache
      server:
      - Service-Bus-Resource-Provider/CH3
      - Microsoft-HTTPAPI/2.0
      server-sb:
      - Service-Bus-Resource-Provider/CH3
      strict-transport-security:
      - max-age=31536000; includeSubDomains
      transfer-encoding:
      - chunked
      vary:
      - Accept-Encoding
      x-content-type-options:
      - nosniff
    status:
      code: 200
      message: OK
- request:
    body: null
    headers:
      Accept:
      - application/json
      Accept-Encoding:
      - gzip, deflate
      CommandName:
      - servicebus queue update
      Connection:
      - keep-alive
      ParameterSetName:
      - --resource-group --namespace-name --name --auto-delete-on-idle
      User-Agent:
      - AZURECLI/2.34.1 azsdk-python-azure-mgmt-servicebus/7.1.0 Python/3.8.0 (Windows-10-10.0.22000-SP0)
    method: GET
    uri: https://management.azure.com/subscriptions/00000000-0000-0000-0000-000000000000/resourceGroups/cli_test_sb_queue000001/providers/Microsoft.ServiceBus/namespaces/sb-nscli000002/queues/sb-queuecli000004?api-version=2021-06-01-preview
  response:
    body:
      string: '{"id":"/subscriptions/00000000-0000-0000-0000-000000000000/resourceGroups/cli_test_sb_queue000001/providers/Microsoft.ServiceBus/namespaces/sb-nscli000002/queues/sb-queuecli000004","name":"sb-queuecli000004","type":"Microsoft.ServiceBus/Namespaces/Queues","location":"West
        US","properties":{"maxMessageSizeInKilobytes":256,"lockDuration":"PT1M","maxSizeInMegabytes":1024,"requiresDuplicateDetection":false,"requiresSession":false,"defaultMessageTimeToLive":"P10675199DT2H48M5.4775807S","deadLetteringOnMessageExpiration":false,"enableBatchedOperations":true,"duplicateDetectionHistoryTimeWindow":"PT10M","maxDeliveryCount":10,"sizeInBytes":0,"messageCount":0,"status":"Active","autoDeleteOnIdle":"PT10M","enablePartitioning":false,"enableExpress":false,"countDetails":{"activeMessageCount":0,"deadLetterMessageCount":0,"scheduledMessageCount":0,"transferMessageCount":0,"transferDeadLetterMessageCount":0},"createdAt":"2022-05-10T09:12:17.607Z","updatedAt":"2022-05-10T09:12:17.66Z","accessedAt":"0001-01-01T00:00:00Z"}}'
    headers:
      cache-control:
      - no-cache
      content-length:
      - '1020'
      content-type:
      - application/json; charset=utf-8
      date:
      - Tue, 10 May 2022 09:12:21 GMT
      expires:
      - '-1'
      pragma:
      - no-cache
      server:
      - Service-Bus-Resource-Provider/SN1
      - Microsoft-HTTPAPI/2.0
      server-sb:
      - Service-Bus-Resource-Provider/SN1
      strict-transport-security:
      - max-age=31536000; includeSubDomains
      transfer-encoding:
      - chunked
      vary:
      - Accept-Encoding
      x-content-type-options:
      - nosniff
    status:
      code: 200
      message: OK
- request:
    body: '{"properties": {"lockDuration": "PT1M", "maxSizeInMegabytes": 1024, "maxMessageSizeInKilobytes":
      256, "requiresDuplicateDetection": false, "requiresSession": false, "deadLetteringOnMessageExpiration":
      false, "duplicateDetectionHistoryTimeWindow": "PT10M", "maxDeliveryCount": 10,
      "status": "Active", "enableBatchedOperations": true, "autoDeleteOnIdle": "PT11M",
      "enablePartitioning": false, "enableExpress": false}}'
    headers:
      Accept:
      - application/json
      Accept-Encoding:
      - gzip, deflate
      CommandName:
      - servicebus queue update
      Connection:
      - keep-alive
      Content-Length:
      - '415'
      Content-Type:
      - application/json
      ParameterSetName:
      - --resource-group --namespace-name --name --auto-delete-on-idle
      User-Agent:
      - AZURECLI/2.34.1 azsdk-python-azure-mgmt-servicebus/7.1.0 Python/3.8.0 (Windows-10-10.0.22000-SP0)
    method: PUT
    uri: https://management.azure.com/subscriptions/00000000-0000-0000-0000-000000000000/resourceGroups/cli_test_sb_queue000001/providers/Microsoft.ServiceBus/namespaces/sb-nscli000002/queues/sb-queuecli000004?api-version=2021-06-01-preview
  response:
    body:
      string: '{"id":"/subscriptions/00000000-0000-0000-0000-000000000000/resourceGroups/cli_test_sb_queue000001/providers/Microsoft.ServiceBus/namespaces/sb-nscli000002/queues/sb-queuecli000004","name":"sb-queuecli000004","type":"Microsoft.ServiceBus/Namespaces/Queues","location":"West
        US","properties":{"maxMessageSizeInKilobytes":256,"lockDuration":"PT1M","maxSizeInMegabytes":1024,"requiresDuplicateDetection":false,"requiresSession":false,"defaultMessageTimeToLive":"P10675199DT2H48M5.4775807S","deadLetteringOnMessageExpiration":false,"enableBatchedOperations":true,"duplicateDetectionHistoryTimeWindow":"PT10M","maxDeliveryCount":10,"sizeInBytes":0,"messageCount":0,"status":"Active","autoDeleteOnIdle":"PT11M","enablePartitioning":false,"enableExpress":false,"countDetails":{"activeMessageCount":0,"deadLetterMessageCount":0,"scheduledMessageCount":0,"transferMessageCount":0,"transferDeadLetterMessageCount":0},"createdAt":"0001-01-01T00:00:00Z","updatedAt":"0001-01-01T00:00:00Z","accessedAt":"0001-01-01T00:00:00Z"}}'
    headers:
      cache-control:
      - no-cache
      content-length:
      - '1013'
      content-type:
      - application/json; charset=utf-8
      date:
      - Tue, 10 May 2022 09:12:22 GMT
      expires:
      - '-1'
      pragma:
      - no-cache
      server:
      - Service-Bus-Resource-Provider/CH3
      - Microsoft-HTTPAPI/2.0
      server-sb:
      - Service-Bus-Resource-Provider/CH3
      strict-transport-security:
      - max-age=31536000; includeSubDomains
      transfer-encoding:
      - chunked
      vary:
      - Accept-Encoding
      x-content-type-options:
      - nosniff
      x-ms-ratelimit-remaining-subscription-writes:
      - '1198'
    status:
      code: 200
      message: OK
- request:
    body: null
    headers:
      Accept:
      - application/json
      Accept-Encoding:
      - gzip, deflate
      CommandName:
      - servicebus queue list
      Connection:
      - keep-alive
      ParameterSetName:
      - --resource-group --namespace-name
      User-Agent:
      - AZURECLI/2.34.1 azsdk-python-azure-mgmt-servicebus/7.1.0 Python/3.8.0 (Windows-10-10.0.22000-SP0)
    method: GET
    uri: https://management.azure.com/subscriptions/00000000-0000-0000-0000-000000000000/resourceGroups/cli_test_sb_queue000001/providers/Microsoft.ServiceBus/namespaces/sb-nscli000002/queues?api-version=2021-06-01-preview
  response:
    body:
      string: '{"value":[{"id":"/subscriptions/00000000-0000-0000-0000-000000000000/resourceGroups/cli_test_sb_queue000001/providers/Microsoft.ServiceBus/namespaces/sb-nscli000002/queues/sb-queuecli2000005","name":"sb-queuecli2000005","type":"Microsoft.ServiceBus/Namespaces/Queues","location":"West
        US","properties":{"maxMessageSizeInKilobytes":256,"lockDuration":"PT2M","maxSizeInMegabytes":2048,"requiresDuplicateDetection":true,"requiresSession":false,"defaultMessageTimeToLive":"P1DT3M4S","deadLetteringOnMessageExpiration":true,"enableBatchedOperations":false,"duplicateDetectionHistoryTimeWindow":"PT8M","maxDeliveryCount":15,"sizeInBytes":0,"messageCount":0,"status":"SendDisabled","autoDeleteOnIdle":"P10675199DT2H48M5.4775807S","enablePartitioning":false,"enableExpress":false,"countDetails":{"activeMessageCount":0,"deadLetterMessageCount":0,"scheduledMessageCount":0,"transferMessageCount":0,"transferDeadLetterMessageCount":0},"createdAt":"2022-05-10T09:10:58.4598823Z","updatedAt":"2022-05-10T09:11:57.4680591Z","accessedAt":"0001-01-01T00:00:00Z","forwardTo":"sb-queuecli4000008","forwardDeadLetteredMessagesTo":"sb-queuecli4000008"}},{"id":"/subscriptions/00000000-0000-0000-0000-000000000000/resourceGroups/cli_test_sb_queue000001/providers/Microsoft.ServiceBus/namespaces/sb-nscli000002/queues/sb-queuecli2000006","name":"sb-queuecli2000006","type":"Microsoft.ServiceBus/Namespaces/Queues","location":"West
        US","properties":{"maxMessageSizeInKilobytes":256,"lockDuration":"PT1M","maxSizeInMegabytes":16384,"requiresDuplicateDetection":false,"requiresSession":true,"defaultMessageTimeToLive":"P10675199DT2H48M5.4775807S","deadLetteringOnMessageExpiration":false,"enableBatchedOperations":true,"duplicateDetectionHistoryTimeWindow":"PT10M","maxDeliveryCount":10,"sizeInBytes":0,"messageCount":0,"status":"Active","autoDeleteOnIdle":"P1DT3M4S","enablePartitioning":true,"enableExpress":true,"countDetails":{"activeMessageCount":0,"deadLetterMessageCount":0,"scheduledMessageCount":0,"transferMessageCount":0,"transferDeadLetterMessageCount":0},"createdAt":"2022-05-10T09:12:01.687Z","updatedAt":"2022-05-10T09:12:14.1512117Z","accessedAt":"0001-01-01T00:00:00Z"}},{"id":"/subscriptions/00000000-0000-0000-0000-000000000000/resourceGroups/cli_test_sb_queue000001/providers/Microsoft.ServiceBus/namespaces/sb-nscli000002/queues/sb-queuecli3000007","name":"sb-queuecli3000007","type":"Microsoft.ServiceBus/Namespaces/Queues","location":"West
        US","properties":{"maxMessageSizeInKilobytes":256,"lockDuration":"PT1M","maxSizeInMegabytes":1024,"requiresDuplicateDetection":false,"requiresSession":false,"defaultMessageTimeToLive":"P10675199DT2H48M5.4775807S","deadLetteringOnMessageExpiration":false,"enableBatchedOperations":true,"duplicateDetectionHistoryTimeWindow":"PT10M","maxDeliveryCount":10,"sizeInBytes":0,"messageCount":0,"status":"Active","autoDeleteOnIdle":"P10675199DT2H48M5.4775807S","enablePartitioning":false,"enableExpress":false,"countDetails":{"activeMessageCount":0,"deadLetterMessageCount":0,"scheduledMessageCount":0,"transferMessageCount":0,"transferDeadLetterMessageCount":0},"createdAt":"2022-05-10T09:10:51.0393726Z","updatedAt":"2022-05-10T09:10:51.0393726Z","accessedAt":"0001-01-01T00:00:00Z"}},{"id":"/subscriptions/00000000-0000-0000-0000-000000000000/resourceGroups/cli_test_sb_queue000001/providers/Microsoft.ServiceBus/namespaces/sb-nscli000002/queues/sb-queuecli4000008","name":"sb-queuecli4000008","type":"Microsoft.ServiceBus/Namespaces/Queues","location":"West
        US","properties":{"maxMessageSizeInKilobytes":256,"lockDuration":"PT1M","maxSizeInMegabytes":1024,"requiresDuplicateDetection":false,"requiresSession":false,"defaultMessageTimeToLive":"P10675199DT2H48M5.4775807S","deadLetteringOnMessageExpiration":false,"enableBatchedOperations":true,"duplicateDetectionHistoryTimeWindow":"PT10M","maxDeliveryCount":10,"sizeInBytes":0,"messageCount":0,"status":"Active","autoDeleteOnIdle":"P10675199DT2H48M5.4775807S","enablePartitioning":false,"enableExpress":false,"countDetails":{"activeMessageCount":0,"deadLetterMessageCount":0,"scheduledMessageCount":0,"transferMessageCount":0,"transferDeadLetterMessageCount":0},"createdAt":"2022-05-10T09:10:54.2857687Z","updatedAt":"2022-05-10T09:10:54.2857687Z","accessedAt":"0001-01-01T00:00:00Z"}},{"id":"/subscriptions/00000000-0000-0000-0000-000000000000/resourceGroups/cli_test_sb_queue000001/providers/Microsoft.ServiceBus/namespaces/sb-nscli000002/queues/sb-queuecli000004","name":"sb-queuecli000004","type":"Microsoft.ServiceBus/Namespaces/Queues","location":"West
        US","properties":{"maxMessageSizeInKilobytes":256,"lockDuration":"PT1M","maxSizeInMegabytes":1024,"requiresDuplicateDetection":false,"requiresSession":false,"defaultMessageTimeToLive":"P10675199DT2H48M5.4775807S","deadLetteringOnMessageExpiration":false,"enableBatchedOperations":true,"duplicateDetectionHistoryTimeWindow":"PT10M","maxDeliveryCount":10,"sizeInBytes":0,"messageCount":0,"status":"Active","autoDeleteOnIdle":"PT11M","enablePartitioning":false,"enableExpress":false,"countDetails":{"activeMessageCount":0,"deadLetterMessageCount":0,"scheduledMessageCount":0,"transferMessageCount":0,"transferDeadLetterMessageCount":0},"createdAt":"2022-05-10T09:12:17.607Z","updatedAt":"2022-05-10T09:12:22.813Z","accessedAt":"0001-01-01T00:00:00Z"}}]}'
    headers:
      cache-control:
      - no-cache
      content-length:
      - '5293'
      content-type:
      - application/json; charset=utf-8
      date:
      - Tue, 10 May 2022 09:12:24 GMT
      expires:
      - '-1'
      pragma:
      - no-cache
      server:
      - Service-Bus-Resource-Provider/CH3
      - Microsoft-HTTPAPI/2.0
      server-sb:
      - Service-Bus-Resource-Provider/CH3
      strict-transport-security:
      - max-age=31536000; includeSubDomains
      transfer-encoding:
      - chunked
      vary:
      - Accept-Encoding
      x-content-type-options:
      - nosniff
      x-ms-inline-count:
      - ''
    status:
      code: 200
      message: OK
- request:
    body: '{"properties": {"rights": ["Listen"]}}'
    headers:
      Accept:
      - application/json
      Accept-Encoding:
      - gzip, deflate
      CommandName:
      - servicebus queue authorization-rule create
      Connection:
      - keep-alive
      Content-Length:
      - '38'
      Content-Type:
      - application/json
      ParameterSetName:
      - --resource-group --namespace-name --queue-name --name --rights
      User-Agent:
      - AZURECLI/2.34.1 azsdk-python-azure-mgmt-servicebus/7.1.0 Python/3.8.0 (Windows-10-10.0.22000-SP0)
    method: PUT
    uri: https://management.azure.com/subscriptions/00000000-0000-0000-0000-000000000000/resourceGroups/cli_test_sb_queue000001/providers/Microsoft.ServiceBus/namespaces/sb-nscli000002/queues/sb-queuecli000004/authorizationRules/cliAutho000003?api-version=2021-06-01-preview
  response:
    body:
      string: '{"id":"/subscriptions/00000000-0000-0000-0000-000000000000/resourceGroups/cli_test_sb_queue000001/providers/Microsoft.ServiceBus/namespaces/sb-nscli000002/queues/sb-queuecli000004/authorizationRules/cliAutho000003","name":"cliAutho000003","type":"Microsoft.ServiceBus/Namespaces/Queues/AuthorizationRules","location":"West
        US","properties":{"rights":["Listen"]}}'
    headers:
      cache-control:
      - no-cache
      content-length:
      - '362'
      content-type:
      - application/json; charset=utf-8
      date:
      - Tue, 10 May 2022 09:12:26 GMT
      expires:
      - '-1'
      pragma:
      - no-cache
      server:
      - Service-Bus-Resource-Provider/CH3
      - Microsoft-HTTPAPI/2.0
      server-sb:
      - Service-Bus-Resource-Provider/CH3
      strict-transport-security:
      - max-age=31536000; includeSubDomains
      transfer-encoding:
      - chunked
      vary:
      - Accept-Encoding
      x-content-type-options:
      - nosniff
      x-ms-ratelimit-remaining-subscription-writes:
      - '1198'
    status:
      code: 200
      message: OK
- request:
    body: null
    headers:
      Accept:
      - application/json
      Accept-Encoding:
      - gzip, deflate
      CommandName:
      - servicebus queue authorization-rule show
      Connection:
      - keep-alive
      ParameterSetName:
      - --resource-group --namespace-name --queue-name --name
      User-Agent:
      - AZURECLI/2.34.1 azsdk-python-azure-mgmt-servicebus/7.1.0 Python/3.8.0 (Windows-10-10.0.22000-SP0)
    method: GET
    uri: https://management.azure.com/subscriptions/00000000-0000-0000-0000-000000000000/resourceGroups/cli_test_sb_queue000001/providers/Microsoft.ServiceBus/namespaces/sb-nscli000002/queues/sb-queuecli000004/authorizationRules/cliAutho000003?api-version=2021-06-01-preview
  response:
    body:
      string: '{"id":"/subscriptions/00000000-0000-0000-0000-000000000000/resourceGroups/cli_test_sb_queue000001/providers/Microsoft.ServiceBus/namespaces/sb-nscli000002/queues/sb-queuecli000004/authorizationRules/cliAutho000003","name":"cliAutho000003","type":"Microsoft.ServiceBus/Namespaces/Queues/AuthorizationRules","location":"West
        US","properties":{"rights":["Listen"]}}'
    headers:
      cache-control:
      - no-cache
      content-length:
      - '362'
      content-type:
      - application/json; charset=utf-8
      date:
      - Tue, 10 May 2022 09:12:28 GMT
      expires:
      - '-1'
      pragma:
      - no-cache
      server:
      - Service-Bus-Resource-Provider/CH3
      - Microsoft-HTTPAPI/2.0
      server-sb:
      - Service-Bus-Resource-Provider/CH3
      strict-transport-security:
      - max-age=31536000; includeSubDomains
      transfer-encoding:
      - chunked
      vary:
      - Accept-Encoding
      x-content-type-options:
      - nosniff
    status:
      code: 200
      message: OK
- request:
    body: null
    headers:
      Accept:
      - application/json
      Accept-Encoding:
      - gzip, deflate
      CommandName:
      - servicebus queue authorization-rule update
      Connection:
      - keep-alive
      ParameterSetName:
      - --resource-group --namespace-name --queue-name --name --rights
      User-Agent:
      - AZURECLI/2.34.1 azsdk-python-azure-mgmt-servicebus/7.1.0 Python/3.8.0 (Windows-10-10.0.22000-SP0)
    method: GET
    uri: https://management.azure.com/subscriptions/00000000-0000-0000-0000-000000000000/resourceGroups/cli_test_sb_queue000001/providers/Microsoft.ServiceBus/namespaces/sb-nscli000002/queues/sb-queuecli000004/authorizationRules/cliAutho000003?api-version=2021-06-01-preview
  response:
    body:
      string: '{"id":"/subscriptions/00000000-0000-0000-0000-000000000000/resourceGroups/cli_test_sb_queue000001/providers/Microsoft.ServiceBus/namespaces/sb-nscli000002/queues/sb-queuecli000004/authorizationRules/cliAutho000003","name":"cliAutho000003","type":"Microsoft.ServiceBus/Namespaces/Queues/AuthorizationRules","location":"West
        US","properties":{"rights":["Listen"]}}'
    headers:
      cache-control:
      - no-cache
      content-length:
      - '362'
      content-type:
      - application/json; charset=utf-8
      date:
      - Tue, 10 May 2022 09:12:29 GMT
      expires:
      - '-1'
      pragma:
      - no-cache
      server:
      - Service-Bus-Resource-Provider/CH3
      - Microsoft-HTTPAPI/2.0
      server-sb:
      - Service-Bus-Resource-Provider/CH3
      strict-transport-security:
      - max-age=31536000; includeSubDomains
      transfer-encoding:
      - chunked
      vary:
      - Accept-Encoding
      x-content-type-options:
      - nosniff
    status:
      code: 200
      message: OK
- request:
    body: '{"properties": {"rights": ["Send"]}}'
    headers:
      Accept:
      - application/json
      Accept-Encoding:
      - gzip, deflate
      CommandName:
      - servicebus queue authorization-rule update
      Connection:
      - keep-alive
      Content-Length:
      - '36'
      Content-Type:
      - application/json
      ParameterSetName:
      - --resource-group --namespace-name --queue-name --name --rights
      User-Agent:
      - AZURECLI/2.34.1 azsdk-python-azure-mgmt-servicebus/7.1.0 Python/3.8.0 (Windows-10-10.0.22000-SP0)
    method: PUT
    uri: https://management.azure.com/subscriptions/00000000-0000-0000-0000-000000000000/resourceGroups/cli_test_sb_queue000001/providers/Microsoft.ServiceBus/namespaces/sb-nscli000002/queues/sb-queuecli000004/authorizationRules/cliAutho000003?api-version=2021-06-01-preview
  response:
    body:
      string: '{"id":"/subscriptions/00000000-0000-0000-0000-000000000000/resourceGroups/cli_test_sb_queue000001/providers/Microsoft.ServiceBus/namespaces/sb-nscli000002/queues/sb-queuecli000004/authorizationRules/cliAutho000003","name":"cliAutho000003","type":"Microsoft.ServiceBus/Namespaces/Queues/AuthorizationRules","location":"West
        US","properties":{"rights":["Send"]}}'
    headers:
      cache-control:
      - no-cache
      content-length:
      - '360'
      content-type:
      - application/json; charset=utf-8
      date:
      - Tue, 10 May 2022 09:12:30 GMT
      expires:
      - '-1'
      pragma:
      - no-cache
      server:
      - Service-Bus-Resource-Provider/CH3
      - Microsoft-HTTPAPI/2.0
      server-sb:
      - Service-Bus-Resource-Provider/CH3
      strict-transport-security:
      - max-age=31536000; includeSubDomains
      transfer-encoding:
      - chunked
      vary:
      - Accept-Encoding
      x-content-type-options:
      - nosniff
      x-ms-ratelimit-remaining-subscription-writes:
      - '1198'
    status:
      code: 200
      message: OK
- request:
    body: null
    headers:
      Accept:
      - application/json
      Accept-Encoding:
      - gzip, deflate
      CommandName:
      - servicebus queue authorization-rule keys list
      Connection:
      - keep-alive
      Content-Length:
      - '0'
      ParameterSetName:
      - --resource-group --namespace-name --queue-name --name
      User-Agent:
      - AZURECLI/2.34.1 azsdk-python-azure-mgmt-servicebus/7.1.0 Python/3.8.0 (Windows-10-10.0.22000-SP0)
    method: POST
    uri: https://management.azure.com/subscriptions/00000000-0000-0000-0000-000000000000/resourceGroups/cli_test_sb_queue000001/providers/Microsoft.ServiceBus/namespaces/sb-nscli000002/queues/sb-queuecli000004/authorizationRules/cliAutho000003/ListKeys?api-version=2021-06-01-preview
  response:
    body:
      string: '{"primaryConnectionString":"Endpoint=sb://sb-nscli000002.servicebus.windows.net/;SharedAccessKeyName=cliAutho000003;SharedAccessKey=1G9I5+7y9Ln3fixOy4wb8IaKTZSkfIFlNt0UXuT5qIY=;EntityPath=sb-queuecli000004","secondaryConnectionString":"Endpoint=sb://sb-nscli000002.servicebus.windows.net/;SharedAccessKeyName=cliAutho000003;SharedAccessKey=wg6+//fMt6v2n0icyAJ/+8IIrGnx5i6O1kpIpzrOkWI=;EntityPath=sb-queuecli000004","primaryKey":"1G9I5+7y9Ln3fixOy4wb8IaKTZSkfIFlNt0UXuT5qIY=","secondaryKey":"wg6+//fMt6v2n0icyAJ/+8IIrGnx5i6O1kpIpzrOkWI=","keyName":"cliAutho000003"}'
    headers:
      cache-control:
      - no-cache
      content-length:
      - '564'
      content-type:
      - application/json; charset=utf-8
      date:
      - Tue, 10 May 2022 09:12:32 GMT
      expires:
      - '-1'
      pragma:
      - no-cache
      server:
      - Service-Bus-Resource-Provider/CH3
      - Microsoft-HTTPAPI/2.0
      server-sb:
      - Service-Bus-Resource-Provider/CH3
      strict-transport-security:
      - max-age=31536000; includeSubDomains
      transfer-encoding:
      - chunked
      vary:
      - Accept-Encoding
      x-content-type-options:
      - nosniff
      x-ms-ratelimit-remaining-subscription-writes:
      - '1199'
    status:
      code: 200
      message: OK
- request:
    body: '{"keyType": "PrimaryKey"}'
    headers:
      Accept:
      - application/json
      Accept-Encoding:
      - gzip, deflate
      CommandName:
      - servicebus queue authorization-rule keys renew
      Connection:
      - keep-alive
      Content-Length:
      - '25'
      Content-Type:
      - application/json
      ParameterSetName:
      - --resource-group --namespace-name --queue-name --name --key
      User-Agent:
      - AZURECLI/2.34.1 azsdk-python-azure-mgmt-servicebus/7.1.0 Python/3.8.0 (Windows-10-10.0.22000-SP0)
    method: POST
    uri: https://management.azure.com/subscriptions/00000000-0000-0000-0000-000000000000/resourceGroups/cli_test_sb_queue000001/providers/Microsoft.ServiceBus/namespaces/sb-nscli000002/queues/sb-queuecli000004/authorizationRules/cliAutho000003/regenerateKeys?api-version=2021-06-01-preview
  response:
    body:
      string: '{"primaryConnectionString":"Endpoint=sb://sb-nscli000002.servicebus.windows.net/;SharedAccessKeyName=cliAutho000003;SharedAccessKey=1WHgkraNUV0vvMWD/QjpaiLNIOXQd4q/PJBiJ1prW2s=;EntityPath=sb-queuecli000004","secondaryConnectionString":"Endpoint=sb://sb-nscli000002.servicebus.windows.net/;SharedAccessKeyName=cliAutho000003;SharedAccessKey=wg6+//fMt6v2n0icyAJ/+8IIrGnx5i6O1kpIpzrOkWI=;EntityPath=sb-queuecli000004","primaryKey":"1WHgkraNUV0vvMWD/QjpaiLNIOXQd4q/PJBiJ1prW2s=","secondaryKey":"wg6+//fMt6v2n0icyAJ/+8IIrGnx5i6O1kpIpzrOkWI=","keyName":"cliAutho000003"}'
    headers:
      cache-control:
      - no-cache
      content-length:
      - '564'
      content-type:
      - application/json; charset=utf-8
      date:
      - Tue, 10 May 2022 09:12:34 GMT
      expires:
      - '-1'
      pragma:
      - no-cache
      server:
      - Service-Bus-Resource-Provider/CH3
      - Microsoft-HTTPAPI/2.0
      server-sb:
      - Service-Bus-Resource-Provider/CH3
      strict-transport-security:
      - max-age=31536000; includeSubDomains
      transfer-encoding:
      - chunked
      vary:
      - Accept-Encoding
      x-content-type-options:
      - nosniff
      x-ms-ratelimit-remaining-subscription-writes:
      - '1199'
    status:
      code: 200
      message: OK
- request:
    body: '{"keyType": "SecondaryKey"}'
    headers:
      Accept:
      - application/json
      Accept-Encoding:
      - gzip, deflate
      CommandName:
      - servicebus queue authorization-rule keys renew
      Connection:
      - keep-alive
      Content-Length:
      - '27'
      Content-Type:
      - application/json
      ParameterSetName:
      - --resource-group --namespace-name --queue-name --name --key
      User-Agent:
      - AZURECLI/2.34.1 azsdk-python-azure-mgmt-servicebus/7.1.0 Python/3.8.0 (Windows-10-10.0.22000-SP0)
    method: POST
    uri: https://management.azure.com/subscriptions/00000000-0000-0000-0000-000000000000/resourceGroups/cli_test_sb_queue000001/providers/Microsoft.ServiceBus/namespaces/sb-nscli000002/queues/sb-queuecli000004/authorizationRules/cliAutho000003/regenerateKeys?api-version=2021-06-01-preview
  response:
    body:
      string: '{"primaryConnectionString":"Endpoint=sb://sb-nscli000002.servicebus.windows.net/;SharedAccessKeyName=cliAutho000003;SharedAccessKey=1WHgkraNUV0vvMWD/QjpaiLNIOXQd4q/PJBiJ1prW2s=;EntityPath=sb-queuecli000004","secondaryConnectionString":"Endpoint=sb://sb-nscli000002.servicebus.windows.net/;SharedAccessKeyName=cliAutho000003;SharedAccessKey=EcXL30da4hRnMl15sc8QNMUkOlSfh5gQ+IlurQolnyc=;EntityPath=sb-queuecli000004","primaryKey":"1WHgkraNUV0vvMWD/QjpaiLNIOXQd4q/PJBiJ1prW2s=","secondaryKey":"EcXL30da4hRnMl15sc8QNMUkOlSfh5gQ+IlurQolnyc=","keyName":"cliAutho000003"}'
    headers:
      cache-control:
      - no-cache
      content-length:
      - '564'
      content-type:
      - application/json; charset=utf-8
      date:
      - Tue, 10 May 2022 09:12:35 GMT
      expires:
      - '-1'
      pragma:
      - no-cache
      server:
      - Service-Bus-Resource-Provider/CH3
      - Microsoft-HTTPAPI/2.0
      server-sb:
      - Service-Bus-Resource-Provider/CH3
      strict-transport-security:
      - max-age=31536000; includeSubDomains
      transfer-encoding:
      - chunked
      vary:
      - Accept-Encoding
      x-content-type-options:
      - nosniff
      x-ms-ratelimit-remaining-subscription-writes:
      - '1199'
    status:
      code: 200
      message: OK
- request:
    body: null
    headers:
      Accept:
      - application/json
      Accept-Encoding:
      - gzip, deflate
      CommandName:
      - servicebus queue authorization-rule delete
      Connection:
      - keep-alive
      Content-Length:
      - '0'
      ParameterSetName:
      - --resource-group --namespace-name --queue-name --name
      User-Agent:
      - AZURECLI/2.34.1 azsdk-python-azure-mgmt-servicebus/7.1.0 Python/3.8.0 (Windows-10-10.0.22000-SP0)
    method: DELETE
    uri: https://management.azure.com/subscriptions/00000000-0000-0000-0000-000000000000/resourceGroups/cli_test_sb_queue000001/providers/Microsoft.ServiceBus/namespaces/sb-nscli000002/queues/sb-queuecli000004/authorizationRules/cliAutho000003?api-version=2021-06-01-preview
  response:
    body:
      string: ''
    headers:
      cache-control:
      - no-cache
      content-length:
      - '0'
      date:
      - Tue, 10 May 2022 09:12:38 GMT
      expires:
      - '-1'
      pragma:
      - no-cache
      server:
      - Service-Bus-Resource-Provider/CH3
      - Microsoft-HTTPAPI/2.0
      server-sb:
      - Service-Bus-Resource-Provider/CH3
      strict-transport-security:
      - max-age=31536000; includeSubDomains
      x-content-type-options:
      - nosniff
      x-ms-ratelimit-remaining-subscription-deletes:
      - '14999'
    status:
      code: 200
      message: OK
- request:
    body: null
    headers:
      Accept:
      - application/json
      Accept-Encoding:
      - gzip, deflate
      CommandName:
      - servicebus queue delete
      Connection:
      - keep-alive
      Content-Length:
      - '0'
      ParameterSetName:
      - --resource-group --namespace-name --name
      User-Agent:
      - AZURECLI/2.34.1 azsdk-python-azure-mgmt-servicebus/7.1.0 Python/3.8.0 (Windows-10-10.0.22000-SP0)
    method: DELETE
    uri: https://management.azure.com/subscriptions/00000000-0000-0000-0000-000000000000/resourceGroups/cli_test_sb_queue000001/providers/Microsoft.ServiceBus/namespaces/sb-nscli000002/queues/sb-queuecli000004?api-version=2021-06-01-preview
  response:
    body:
      string: ''
    headers:
      cache-control:
      - no-cache
      content-length:
      - '0'
      date:
      - Tue, 10 May 2022 09:12:40 GMT
      expires:
      - '-1'
      pragma:
      - no-cache
      server:
      - Service-Bus-Resource-Provider/CH3
      - Microsoft-HTTPAPI/2.0
      server-sb:
      - Service-Bus-Resource-Provider/CH3
      strict-transport-security:
      - max-age=31536000; includeSubDomains
      x-content-type-options:
      - nosniff
      x-ms-ratelimit-remaining-subscription-deletes:
      - '14999'
    status:
      code: 200
      message: OK
- request:
    body: null
    headers:
      Accept:
      - application/json
      Accept-Encoding:
      - gzip, deflate
      CommandName:
      - servicebus namespace delete
      Connection:
      - keep-alive
      Content-Length:
      - '0'
      ParameterSetName:
      - --resource-group --name
      User-Agent:
      - AZURECLI/2.34.1 azsdk-python-azure-mgmt-servicebus/7.1.0 Python/3.8.0 (Windows-10-10.0.22000-SP0)
    method: DELETE
    uri: https://management.azure.com/subscriptions/00000000-0000-0000-0000-000000000000/resourceGroups/cli_test_sb_queue000001/providers/Microsoft.ServiceBus/namespaces/sb-nscli000002?api-version=2021-06-01-preview
  response:
    body:
      string: ''
    headers:
      cache-control:
      - no-cache
      content-length:
      - '0'
      date:
      - Tue, 10 May 2022 09:12:42 GMT
      expires:
      - '-1'
      location:
      - https://management.azure.com/subscriptions/00000000-0000-0000-0000-000000000000/resourceGroups/cli_test_sb_queue000001/providers/Microsoft.ServiceBus/namespaces/sb-nscli000002/operationresults/sb-nscli000002?api-version=2021-06-01-preview
      pragma:
      - no-cache
      server:
      - Service-Bus-Resource-Provider/SN1
      - Microsoft-HTTPAPI/2.0
      server-sb:
      - Service-Bus-Resource-Provider/SN1
      strict-transport-security:
      - max-age=31536000; includeSubDomains
      x-content-type-options:
      - nosniff
      x-ms-ratelimit-remaining-subscription-deletes:
      - '14999'
    status:
      code: 202
      message: Accepted
- request:
    body: null
    headers:
      Accept:
      - '*/*'
      Accept-Encoding:
      - gzip, deflate
      CommandName:
      - servicebus namespace delete
      Connection:
      - keep-alive
      ParameterSetName:
      - --resource-group --name
      User-Agent:
      - AZURECLI/2.34.1 azsdk-python-azure-mgmt-servicebus/7.1.0 Python/3.8.0 (Windows-10-10.0.22000-SP0)
    method: GET
    uri: https://management.azure.com/subscriptions/00000000-0000-0000-0000-000000000000/resourceGroups/cli_test_sb_queue000001/providers/Microsoft.ServiceBus/namespaces/sb-nscli000002/operationresults/sb-nscli000002?api-version=2021-06-01-preview
  response:
    body:
      string: ''
    headers:
      cache-control:
      - no-cache
      content-length:
      - '0'
      date:
      - Tue, 10 May 2022 09:13:13 GMT
      expires:
      - '-1'
      pragma:
      - no-cache
      server:
      - Service-Bus-Resource-Provider/SN1
      - Microsoft-HTTPAPI/2.0
      server-sb:
      - Service-Bus-Resource-Provider/SN1
      strict-transport-security:
      - max-age=31536000; includeSubDomains
      x-content-type-options:
      - nosniff
    status:
      code: 200
      message: OK
version: 1
