interactions:
- request:
    body: '{"name": "sb-std-nscli000002"}'
    headers:
      Accept:
      - application/json
      Accept-Encoding:
      - gzip, deflate
      CommandName:
      - servicebus namespace exists
      Connection:
      - keep-alive
      Content-Length:
      - '30'
      Content-Type:
      - application/json
      ParameterSetName:
      - --name
      User-Agent:
      - AZURECLI/2.36.0 azsdk-python-azure-mgmt-servicebus/7.1.0 Python/3.7.3 (Windows-10-10.0.19041-SP0)
    method: POST
    uri: https://management.azure.com/subscriptions/00000000-0000-0000-0000-000000000000/providers/Microsoft.ServiceBus/CheckNameAvailability?api-version=2021-06-01-preview
  response:
    body:
      string: '{"nameAvailable":true,"reason":"None","message":null}'
    headers:
      cache-control:
      - no-cache
      content-length:
      - '53'
      content-type:
      - application/json; charset=utf-8
      date:
      - Sat, 14 May 2022 18:05:09 GMT
      expires:
      - '-1'
      pragma:
      - no-cache
      server:
      - Service-Bus-Resource-Provider/SN1
      - Microsoft-HTTPAPI/2.0
      server-sb:
      - Service-Bus-Resource-Provider/SN1
      strict-transport-security:
      - max-age=31536000; includeSubDomains
      transfer-encoding:
      - chunked
      vary:
      - Accept-Encoding
      x-content-type-options:
      - nosniff
      x-ms-ratelimit-remaining-subscription-writes:
      - '1199'
    status:
      code: 200
      message: OK
- request:
    body: '{"location": "SouthCentralUS", "tags": {"{tag2: value2,": "", "tag1: value1}":
      ""}, "sku": {"name": "Standard", "tier": "Standard"}}'
    headers:
      Accept:
      - application/json
      Accept-Encoding:
      - gzip, deflate
      CommandName:
      - servicebus namespace create
      Connection:
      - keep-alive
      Content-Length:
      - '132'
      Content-Type:
      - application/json
      ParameterSetName:
      - --resource-group --name --location --tags --sku
      User-Agent:
      - AZURECLI/2.36.0 azsdk-python-azure-mgmt-servicebus/7.1.0 Python/3.7.3 (Windows-10-10.0.19041-SP0)
    method: PUT
    uri: https://management.azure.com/subscriptions/00000000-0000-0000-0000-000000000000/resourceGroups/cli_test_sb_migration000001/providers/Microsoft.ServiceBus/namespaces/sb-std-nscli000002?api-version=2021-06-01-preview
  response:
    body:
      string: '{"sku":{"name":"Standard","tier":"Standard"},"id":"/subscriptions/00000000-0000-0000-0000-000000000000/resourceGroups/cli_test_sb_migration000001/providers/Microsoft.ServiceBus/namespaces/sb-std-nscli000002","name":"sb-std-nscli000002","type":"Microsoft.ServiceBus/Namespaces","location":"South
        Central US","tags":{"{tag2: value2,":"","tag1: value1}":""},"properties":{"disableLocalAuth":false,"zoneRedundant":false,"provisioningState":"Created","metricId":"326100e2-f69d-4268-8503-075374f62b6e:sb-std-nscli000002","createdAt":"2022-05-14T18:05:12.233Z","updatedAt":"2022-05-14T18:05:12.233Z","serviceBusEndpoint":"https://sb-std-nscli000002.servicebus.windows.net:443/","status":"Activating"}}'
    headers:
      cache-control:
      - no-cache
      content-length:
      - '694'
      content-type:
      - application/json; charset=utf-8
      date:
      - Sat, 14 May 2022 18:05:12 GMT
      expires:
      - '-1'
      pragma:
      - no-cache
      server:
      - Service-Bus-Resource-Provider/SN1
      - Microsoft-HTTPAPI/2.0
      server-sb:
      - Service-Bus-Resource-Provider/SN1
      strict-transport-security:
      - max-age=31536000; includeSubDomains
      transfer-encoding:
      - chunked
      vary:
      - Accept-Encoding
      x-content-type-options:
      - nosniff
      x-ms-ratelimit-remaining-subscription-writes:
      - '1199'
    status:
      code: 200
      message: OK
- request:
    body: null
    headers:
      Accept:
      - '*/*'
      Accept-Encoding:
      - gzip, deflate
      CommandName:
      - servicebus namespace create
      Connection:
      - keep-alive
      ParameterSetName:
      - --resource-group --name --location --tags --sku
      User-Agent:
      - AZURECLI/2.36.0 azsdk-python-azure-mgmt-servicebus/7.1.0 Python/3.7.3 (Windows-10-10.0.19041-SP0)
    method: GET
    uri: https://management.azure.com/subscriptions/00000000-0000-0000-0000-000000000000/resourceGroups/cli_test_sb_migration000001/providers/Microsoft.ServiceBus/namespaces/sb-std-nscli000002?api-version=2021-06-01-preview
  response:
    body:
      string: '{"sku":{"name":"Standard","tier":"Standard"},"id":"/subscriptions/00000000-0000-0000-0000-000000000000/resourceGroups/cli_test_sb_migration000001/providers/Microsoft.ServiceBus/namespaces/sb-std-nscli000002","name":"sb-std-nscli000002","type":"Microsoft.ServiceBus/Namespaces","location":"South
        Central US","tags":{"{tag2: value2,":"","tag1: value1}":""},"properties":{"disableLocalAuth":false,"zoneRedundant":false,"provisioningState":"Created","metricId":"326100e2-f69d-4268-8503-075374f62b6e:sb-std-nscli000002","createdAt":"2022-05-14T18:05:12.233Z","updatedAt":"2022-05-14T18:05:12.233Z","serviceBusEndpoint":"https://sb-std-nscli000002.servicebus.windows.net:443/","status":"Activating"}}'
    headers:
      cache-control:
      - no-cache
      content-length:
      - '694'
      content-type:
      - application/json; charset=utf-8
      date:
      - Sat, 14 May 2022 18:05:42 GMT
      expires:
      - '-1'
      pragma:
      - no-cache
      server:
      - Service-Bus-Resource-Provider/SN1
      - Microsoft-HTTPAPI/2.0
      server-sb:
      - Service-Bus-Resource-Provider/SN1
      strict-transport-security:
      - max-age=31536000; includeSubDomains
      transfer-encoding:
      - chunked
      vary:
      - Accept-Encoding
      x-content-type-options:
      - nosniff
    status:
      code: 200
      message: OK
- request:
    body: null
    headers:
      Accept:
      - '*/*'
      Accept-Encoding:
      - gzip, deflate
      CommandName:
      - servicebus namespace create
      Connection:
      - keep-alive
      ParameterSetName:
      - --resource-group --name --location --tags --sku
      User-Agent:
      - AZURECLI/2.36.0 azsdk-python-azure-mgmt-servicebus/7.1.0 Python/3.7.3 (Windows-10-10.0.19041-SP0)
    method: GET
    uri: https://management.azure.com/subscriptions/00000000-0000-0000-0000-000000000000/resourceGroups/cli_test_sb_migration000001/providers/Microsoft.ServiceBus/namespaces/sb-std-nscli000002?api-version=2021-06-01-preview
  response:
    body:
      string: '{"sku":{"name":"Standard","tier":"Standard"},"id":"/subscriptions/00000000-0000-0000-0000-000000000000/resourceGroups/cli_test_sb_migration000001/providers/Microsoft.ServiceBus/namespaces/sb-std-nscli000002","name":"sb-std-nscli000002","type":"Microsoft.ServiceBus/Namespaces","location":"South
        Central US","tags":{"{tag2: value2,":"","tag1: value1}":""},"properties":{"disableLocalAuth":false,"zoneRedundant":false,"provisioningState":"Succeeded","metricId":"326100e2-f69d-4268-8503-075374f62b6e:sb-std-nscli000002","createdAt":"2022-05-14T18:05:12.233Z","updatedAt":"2022-05-14T18:05:53.877Z","serviceBusEndpoint":"https://sb-std-nscli000002.servicebus.windows.net:443/","status":"Active"}}'
    headers:
      cache-control:
      - no-cache
      content-length:
      - '692'
      content-type:
      - application/json; charset=utf-8
      date:
      - Sat, 14 May 2022 18:06:13 GMT
      expires:
      - '-1'
      pragma:
      - no-cache
      server:
      - Service-Bus-Resource-Provider/SN1
      - Microsoft-HTTPAPI/2.0
      server-sb:
      - Service-Bus-Resource-Provider/SN1
      strict-transport-security:
      - max-age=31536000; includeSubDomains
      transfer-encoding:
      - chunked
      vary:
      - Accept-Encoding
      x-content-type-options:
      - nosniff
    status:
      code: 200
      message: OK
- request:
    body: null
    headers:
      Accept:
      - application/json
      Accept-Encoding:
      - gzip, deflate
      CommandName:
      - servicebus namespace create
      Connection:
      - keep-alive
      ParameterSetName:
      - --resource-group --name --location --tags --sku
      User-Agent:
      - AZURECLI/2.36.0 azsdk-python-azure-mgmt-servicebus/7.1.0 Python/3.7.3 (Windows-10-10.0.19041-SP0)
    method: GET
    uri: https://management.azure.com/subscriptions/00000000-0000-0000-0000-000000000000/resourceGroups/cli_test_sb_migration000001/providers/Microsoft.ServiceBus/namespaces/sb-std-nscli000002?api-version=2021-06-01-preview
  response:
    body:
      string: '{"sku":{"name":"Standard","tier":"Standard"},"id":"/subscriptions/00000000-0000-0000-0000-000000000000/resourceGroups/cli_test_sb_migration000001/providers/Microsoft.ServiceBus/namespaces/sb-std-nscli000002","name":"sb-std-nscli000002","type":"Microsoft.ServiceBus/Namespaces","location":"South
        Central US","tags":{"{tag2: value2,":"","tag1: value1}":""},"properties":{"disableLocalAuth":false,"zoneRedundant":false,"provisioningState":"Succeeded","metricId":"326100e2-f69d-4268-8503-075374f62b6e:sb-std-nscli000002","createdAt":"2022-05-14T18:05:12.233Z","updatedAt":"2022-05-14T18:05:53.877Z","serviceBusEndpoint":"https://sb-std-nscli000002.servicebus.windows.net:443/","status":"Active"}}'
    headers:
      cache-control:
      - no-cache
      content-length:
      - '692'
      content-type:
      - application/json; charset=utf-8
      date:
      - Sat, 14 May 2022 18:06:13 GMT
      expires:
      - '-1'
      pragma:
      - no-cache
      server:
      - Service-Bus-Resource-Provider/SN1
      - Microsoft-HTTPAPI/2.0
      server-sb:
      - Service-Bus-Resource-Provider/SN1
      strict-transport-security:
      - max-age=31536000; includeSubDomains
      transfer-encoding:
      - chunked
      vary:
      - Accept-Encoding
      x-content-type-options:
      - nosniff
    status:
      code: 200
      message: OK
- request:
    body: null
    headers:
      Accept:
      - application/json
      Accept-Encoding:
      - gzip, deflate
      CommandName:
      - servicebus namespace show
      Connection:
      - keep-alive
      ParameterSetName:
      - --resource-group --name
      User-Agent:
      - AZURECLI/2.36.0 azsdk-python-azure-mgmt-servicebus/7.1.0 Python/3.7.3 (Windows-10-10.0.19041-SP0)
    method: GET
    uri: https://management.azure.com/subscriptions/00000000-0000-0000-0000-000000000000/resourceGroups/cli_test_sb_migration000001/providers/Microsoft.ServiceBus/namespaces/sb-std-nscli000002?api-version=2021-06-01-preview
  response:
    body:
      string: '{"sku":{"name":"Standard","tier":"Standard"},"id":"/subscriptions/00000000-0000-0000-0000-000000000000/resourceGroups/cli_test_sb_migration000001/providers/Microsoft.ServiceBus/namespaces/sb-std-nscli000002","name":"sb-std-nscli000002","type":"Microsoft.ServiceBus/Namespaces","location":"South
        Central US","tags":{"{tag2: value2,":"","tag1: value1}":""},"properties":{"disableLocalAuth":false,"zoneRedundant":false,"provisioningState":"Succeeded","metricId":"326100e2-f69d-4268-8503-075374f62b6e:sb-std-nscli000002","createdAt":"2022-05-14T18:05:12.233Z","updatedAt":"2022-05-14T18:05:53.877Z","serviceBusEndpoint":"https://sb-std-nscli000002.servicebus.windows.net:443/","status":"Active"}}'
    headers:
      cache-control:
      - no-cache
      content-length:
      - '692'
      content-type:
      - application/json; charset=utf-8
      date:
      - Sat, 14 May 2022 18:06:14 GMT
      expires:
      - '-1'
      pragma:
      - no-cache
      server:
      - Service-Bus-Resource-Provider/SN1
      - Microsoft-HTTPAPI/2.0
      server-sb:
      - Service-Bus-Resource-Provider/SN1
      strict-transport-security:
      - max-age=31536000; includeSubDomains
      transfer-encoding:
      - chunked
      vary:
      - Accept-Encoding
      x-content-type-options:
      - nosniff
    status:
      code: 200
      message: OK
- request:
    body: '{"location": "NorthCentralUS", "tags": {"{tag2: value2,": "", "tag1: value1}":
      ""}, "sku": {"name": "Premium", "tier": "Premium"}}'
    headers:
      Accept:
      - application/json
      Accept-Encoding:
      - gzip, deflate
      CommandName:
      - servicebus namespace create
      Connection:
      - keep-alive
      Content-Length:
      - '130'
      Content-Type:
      - application/json
      ParameterSetName:
      - --resource-group --name --location --tags --sku
      User-Agent:
      - AZURECLI/2.36.0 azsdk-python-azure-mgmt-servicebus/7.1.0 Python/3.7.3 (Windows-10-10.0.19041-SP0)
    method: PUT
    uri: https://management.azure.com/subscriptions/00000000-0000-0000-0000-000000000000/resourceGroups/cli_test_sb_migration000001/providers/Microsoft.ServiceBus/namespaces/sb-pre-nscli000003?api-version=2021-06-01-preview
  response:
    body:
      string: '{"sku":{"name":"Premium","tier":"Premium","capacity":1},"id":"/subscriptions/00000000-0000-0000-0000-000000000000/resourceGroups/cli_test_sb_migration000001/providers/Microsoft.ServiceBus/namespaces/sb-pre-nscli000003","name":"sb-pre-nscli000003","type":"Microsoft.ServiceBus/Namespaces","location":"North
        Central US","tags":{"{tag2: value2,":"","tag1: value1}":""},"properties":{"disableLocalAuth":false,"zoneRedundant":false,"provisioningState":"Created","metricId":"326100e2-f69d-4268-8503-075374f62b6e:sb-pre-nscli000003","createdAt":"2022-05-14T18:06:16.747Z","updatedAt":"2022-05-14T18:06:16.747Z","serviceBusEndpoint":"https://sb-pre-nscli000003.servicebus.windows.net:443/","status":"Activating"}}'
    headers:
      cache-control:
      - no-cache
      content-length:
      - '705'
      content-type:
      - application/json; charset=utf-8
      date:
      - Sat, 14 May 2022 18:06:16 GMT
      expires:
      - '-1'
      pragma:
      - no-cache
      server:
      - Service-Bus-Resource-Provider/CH3
      - Microsoft-HTTPAPI/2.0
      server-sb:
      - Service-Bus-Resource-Provider/CH3
      strict-transport-security:
      - max-age=31536000; includeSubDomains
      transfer-encoding:
      - chunked
      vary:
      - Accept-Encoding
      x-content-type-options:
      - nosniff
      x-ms-ratelimit-remaining-subscription-writes:
      - '1199'
    status:
      code: 200
      message: OK
- request:
    body: null
    headers:
      Accept:
      - '*/*'
      Accept-Encoding:
      - gzip, deflate
      CommandName:
      - servicebus namespace create
      Connection:
      - keep-alive
      ParameterSetName:
      - --resource-group --name --location --tags --sku
      User-Agent:
      - AZURECLI/2.36.0 azsdk-python-azure-mgmt-servicebus/7.1.0 Python/3.7.3 (Windows-10-10.0.19041-SP0)
    method: GET
    uri: https://management.azure.com/subscriptions/00000000-0000-0000-0000-000000000000/resourceGroups/cli_test_sb_migration000001/providers/Microsoft.ServiceBus/namespaces/sb-pre-nscli000003?api-version=2021-06-01-preview
  response:
    body:
      string: '{"sku":{"name":"Premium","tier":"Premium","capacity":1},"id":"/subscriptions/00000000-0000-0000-0000-000000000000/resourceGroups/cli_test_sb_migration000001/providers/Microsoft.ServiceBus/namespaces/sb-pre-nscli000003","name":"sb-pre-nscli000003","type":"Microsoft.ServiceBus/Namespaces","location":"North
        Central US","tags":{"{tag2: value2,":"","tag1: value1}":""},"properties":{"disableLocalAuth":false,"zoneRedundant":false,"provisioningState":"Created","metricId":"326100e2-f69d-4268-8503-075374f62b6e:sb-pre-nscli000003","createdAt":"2022-05-14T18:06:16.747Z","updatedAt":"2022-05-14T18:06:16.747Z","serviceBusEndpoint":"https://sb-pre-nscli000003.servicebus.windows.net:443/","status":"Activating"}}'
    headers:
      cache-control:
      - no-cache
      content-length:
      - '705'
      content-type:
      - application/json; charset=utf-8
      date:
      - Sat, 14 May 2022 18:06:46 GMT
      expires:
      - '-1'
      pragma:
      - no-cache
      server:
      - Service-Bus-Resource-Provider/CH3
      - Microsoft-HTTPAPI/2.0
      server-sb:
      - Service-Bus-Resource-Provider/CH3
      strict-transport-security:
      - max-age=31536000; includeSubDomains
      transfer-encoding:
      - chunked
      vary:
      - Accept-Encoding
      x-content-type-options:
      - nosniff
    status:
      code: 200
      message: OK
- request:
    body: null
    headers:
      Accept:
      - '*/*'
      Accept-Encoding:
      - gzip, deflate
      CommandName:
      - servicebus namespace create
      Connection:
      - keep-alive
      ParameterSetName:
      - --resource-group --name --location --tags --sku
      User-Agent:
      - AZURECLI/2.36.0 azsdk-python-azure-mgmt-servicebus/7.1.0 Python/3.7.3 (Windows-10-10.0.19041-SP0)
    method: GET
    uri: https://management.azure.com/subscriptions/00000000-0000-0000-0000-000000000000/resourceGroups/cli_test_sb_migration000001/providers/Microsoft.ServiceBus/namespaces/sb-pre-nscli000003?api-version=2021-06-01-preview
  response:
    body:
      string: '{"sku":{"name":"Premium","tier":"Premium","capacity":1},"id":"/subscriptions/00000000-0000-0000-0000-000000000000/resourceGroups/cli_test_sb_migration000001/providers/Microsoft.ServiceBus/namespaces/sb-pre-nscli000003","name":"sb-pre-nscli000003","type":"Microsoft.ServiceBus/Namespaces","location":"North
        Central US","tags":{"{tag2: value2,":"","tag1: value1}":""},"properties":{"disableLocalAuth":false,"zoneRedundant":false,"provisioningState":"Created","metricId":"326100e2-f69d-4268-8503-075374f62b6e:sb-pre-nscli000003","createdAt":"2022-05-14T18:06:16.747Z","updatedAt":"2022-05-14T18:06:16.747Z","serviceBusEndpoint":"https://sb-pre-nscli000003.servicebus.windows.net:443/","status":"Activating"}}'
    headers:
      cache-control:
      - no-cache
      content-length:
      - '705'
      content-type:
      - application/json; charset=utf-8
      date:
      - Sat, 14 May 2022 18:07:17 GMT
      expires:
      - '-1'
      pragma:
      - no-cache
      server:
      - Service-Bus-Resource-Provider/CH3
      - Microsoft-HTTPAPI/2.0
      server-sb:
      - Service-Bus-Resource-Provider/CH3
      strict-transport-security:
      - max-age=31536000; includeSubDomains
      transfer-encoding:
      - chunked
      vary:
      - Accept-Encoding
      x-content-type-options:
      - nosniff
    status:
      code: 200
      message: OK
- request:
    body: null
    headers:
      Accept:
      - '*/*'
      Accept-Encoding:
      - gzip, deflate
      CommandName:
      - servicebus namespace create
      Connection:
      - keep-alive
      ParameterSetName:
      - --resource-group --name --location --tags --sku
      User-Agent:
      - AZURECLI/2.36.0 azsdk-python-azure-mgmt-servicebus/7.1.0 Python/3.7.3 (Windows-10-10.0.19041-SP0)
    method: GET
    uri: https://management.azure.com/subscriptions/00000000-0000-0000-0000-000000000000/resourceGroups/cli_test_sb_migration000001/providers/Microsoft.ServiceBus/namespaces/sb-pre-nscli000003?api-version=2021-06-01-preview
  response:
    body:
      string: '{"sku":{"name":"Premium","tier":"Premium","capacity":1},"id":"/subscriptions/00000000-0000-0000-0000-000000000000/resourceGroups/cli_test_sb_migration000001/providers/Microsoft.ServiceBus/namespaces/sb-pre-nscli000003","name":"sb-pre-nscli000003","type":"Microsoft.ServiceBus/Namespaces","location":"North
        Central US","tags":{"{tag2: value2,":"","tag1: value1}":""},"properties":{"disableLocalAuth":false,"zoneRedundant":false,"provisioningState":"Succeeded","metricId":"326100e2-f69d-4268-8503-075374f62b6e:sb-pre-nscli000003","createdAt":"2022-05-14T18:06:16.747Z","updatedAt":"2022-05-14T18:07:28.957Z","serviceBusEndpoint":"https://sb-pre-nscli000003.servicebus.windows.net:443/","status":"Active"}}'
    headers:
      cache-control:
      - no-cache
      content-length:
      - '703'
      content-type:
      - application/json; charset=utf-8
      date:
      - Sat, 14 May 2022 18:07:48 GMT
      expires:
      - '-1'
      pragma:
      - no-cache
      server:
      - Service-Bus-Resource-Provider/CH3
      - Microsoft-HTTPAPI/2.0
      server-sb:
      - Service-Bus-Resource-Provider/CH3
      strict-transport-security:
      - max-age=31536000; includeSubDomains
      transfer-encoding:
      - chunked
      vary:
      - Accept-Encoding
      x-content-type-options:
      - nosniff
    status:
      code: 200
      message: OK
- request:
    body: null
    headers:
      Accept:
      - application/json
      Accept-Encoding:
      - gzip, deflate
      CommandName:
      - servicebus namespace create
      Connection:
      - keep-alive
      ParameterSetName:
      - --resource-group --name --location --tags --sku
      User-Agent:
      - AZURECLI/2.36.0 azsdk-python-azure-mgmt-servicebus/7.1.0 Python/3.7.3 (Windows-10-10.0.19041-SP0)
    method: GET
    uri: https://management.azure.com/subscriptions/00000000-0000-0000-0000-000000000000/resourceGroups/cli_test_sb_migration000001/providers/Microsoft.ServiceBus/namespaces/sb-pre-nscli000003?api-version=2021-06-01-preview
  response:
    body:
      string: '{"sku":{"name":"Premium","tier":"Premium","capacity":1},"id":"/subscriptions/00000000-0000-0000-0000-000000000000/resourceGroups/cli_test_sb_migration000001/providers/Microsoft.ServiceBus/namespaces/sb-pre-nscli000003","name":"sb-pre-nscli000003","type":"Microsoft.ServiceBus/Namespaces","location":"North
        Central US","tags":{"{tag2: value2,":"","tag1: value1}":""},"properties":{"disableLocalAuth":false,"zoneRedundant":false,"provisioningState":"Succeeded","metricId":"326100e2-f69d-4268-8503-075374f62b6e:sb-pre-nscli000003","createdAt":"2022-05-14T18:06:16.747Z","updatedAt":"2022-05-14T18:07:28.957Z","serviceBusEndpoint":"https://sb-pre-nscli000003.servicebus.windows.net:443/","status":"Active"}}'
    headers:
      cache-control:
      - no-cache
      content-length:
      - '703'
      content-type:
      - application/json; charset=utf-8
      date:
      - Sat, 14 May 2022 18:07:48 GMT
      expires:
      - '-1'
      pragma:
      - no-cache
      server:
      - Service-Bus-Resource-Provider/CH3
      - Microsoft-HTTPAPI/2.0
      server-sb:
      - Service-Bus-Resource-Provider/CH3
      strict-transport-security:
      - max-age=31536000; includeSubDomains
      transfer-encoding:
      - chunked
      vary:
      - Accept-Encoding
      x-content-type-options:
      - nosniff
    status:
      code: 200
      message: OK
- request:
    body: null
    headers:
      Accept:
      - application/json
      Accept-Encoding:
      - gzip, deflate
      CommandName:
      - servicebus namespace show
      Connection:
      - keep-alive
      ParameterSetName:
      - --resource-group --name
      User-Agent:
      - AZURECLI/2.36.0 azsdk-python-azure-mgmt-servicebus/7.1.0 Python/3.7.3 (Windows-10-10.0.19041-SP0)
    method: GET
    uri: https://management.azure.com/subscriptions/00000000-0000-0000-0000-000000000000/resourceGroups/cli_test_sb_migration000001/providers/Microsoft.ServiceBus/namespaces/sb-pre-nscli000003?api-version=2021-06-01-preview
  response:
    body:
      string: '{"sku":{"name":"Premium","tier":"Premium","capacity":1},"id":"/subscriptions/00000000-0000-0000-0000-000000000000/resourceGroups/cli_test_sb_migration000001/providers/Microsoft.ServiceBus/namespaces/sb-pre-nscli000003","name":"sb-pre-nscli000003","type":"Microsoft.ServiceBus/Namespaces","location":"North
        Central US","tags":{"{tag2: value2,":"","tag1: value1}":""},"properties":{"disableLocalAuth":false,"zoneRedundant":false,"provisioningState":"Succeeded","metricId":"326100e2-f69d-4268-8503-075374f62b6e:sb-pre-nscli000003","createdAt":"2022-05-14T18:06:16.747Z","updatedAt":"2022-05-14T18:07:28.957Z","serviceBusEndpoint":"https://sb-pre-nscli000003.servicebus.windows.net:443/","status":"Active"}}'
    headers:
      cache-control:
      - no-cache
      content-length:
      - '703'
      content-type:
      - application/json; charset=utf-8
      date:
      - Sat, 14 May 2022 18:07:49 GMT
      expires:
      - '-1'
      pragma:
      - no-cache
      server:
      - Service-Bus-Resource-Provider/SN1
      - Microsoft-HTTPAPI/2.0
      server-sb:
      - Service-Bus-Resource-Provider/SN1
      strict-transport-security:
      - max-age=31536000; includeSubDomains
      transfer-encoding:
      - chunked
      vary:
      - Accept-Encoding
      x-content-type-options:
      - nosniff
    status:
      code: 200
      message: OK
- request:
    body: '{"properties": {"rights": ["Send"]}}'
    headers:
      Accept:
      - application/json
      Accept-Encoding:
      - gzip, deflate
      CommandName:
      - servicebus namespace authorization-rule create
      Connection:
      - keep-alive
      Content-Length:
      - '36'
      Content-Type:
      - application/json
      ParameterSetName:
      - --resource-group --namespace-name --name --rights
      User-Agent:
      - AZURECLI/2.36.0 azsdk-python-azure-mgmt-servicebus/7.1.0 Python/3.7.3 (Windows-10-10.0.19041-SP0)
    method: PUT
    uri: https://management.azure.com/subscriptions/00000000-0000-0000-0000-000000000000/resourceGroups/cli_test_sb_migration000001/providers/Microsoft.ServiceBus/namespaces/sb-std-nscli000002/AuthorizationRules/cliAutho000004?api-version=2021-06-01-preview
  response:
    body:
      string: '{"id":"/subscriptions/00000000-0000-0000-0000-000000000000/resourceGroups/cli_test_sb_migration000001/providers/Microsoft.ServiceBus/namespaces/sb-std-nscli000002/AuthorizationRules/cliAutho000004","name":"cliAutho000004","type":"Microsoft.ServiceBus/Namespaces/AuthorizationRules","location":"South
        Central US","properties":{"rights":["Send"]}}'
    headers:
      cache-control:
      - no-cache
      content-length:
      - '345'
      content-type:
      - application/json; charset=utf-8
      date:
      - Sat, 14 May 2022 18:07:55 GMT
      expires:
      - '-1'
      pragma:
      - no-cache
      server:
      - Service-Bus-Resource-Provider/SN1
      - Microsoft-HTTPAPI/2.0
      server-sb:
      - Service-Bus-Resource-Provider/SN1
      strict-transport-security:
      - max-age=31536000; includeSubDomains
      transfer-encoding:
      - chunked
      vary:
      - Accept-Encoding
      x-content-type-options:
      - nosniff
      x-ms-ratelimit-remaining-subscription-writes:
      - '1199'
    status:
      code: 200
      message: OK
- request:
    body: null
    headers:
      Accept:
      - application/json
      Accept-Encoding:
      - gzip, deflate
      CommandName:
      - servicebus namespace authorization-rule show
      Connection:
      - keep-alive
      ParameterSetName:
      - --resource-group --namespace-name --name
      User-Agent:
      - AZURECLI/2.36.0 azsdk-python-azure-mgmt-servicebus/7.1.0 Python/3.7.3 (Windows-10-10.0.19041-SP0)
    method: GET
    uri: https://management.azure.com/subscriptions/00000000-0000-0000-0000-000000000000/resourceGroups/cli_test_sb_migration000001/providers/Microsoft.ServiceBus/namespaces/sb-std-nscli000002/AuthorizationRules/cliAutho000004?api-version=2021-06-01-preview
  response:
    body:
      string: '{"id":"/subscriptions/00000000-0000-0000-0000-000000000000/resourceGroups/cli_test_sb_migration000001/providers/Microsoft.ServiceBus/namespaces/sb-std-nscli000002/AuthorizationRules/cliAutho000004","name":"cliAutho000004","type":"Microsoft.ServiceBus/Namespaces/AuthorizationRules","location":"South
        Central US","properties":{"rights":["Send"]}}'
    headers:
      cache-control:
      - no-cache
      content-length:
      - '345'
      content-type:
      - application/json; charset=utf-8
      date:
      - Sat, 14 May 2022 18:07:57 GMT
      expires:
      - '-1'
      pragma:
      - no-cache
      server:
      - Service-Bus-Resource-Provider/SN1
      - Microsoft-HTTPAPI/2.0
      server-sb:
      - Service-Bus-Resource-Provider/SN1
      strict-transport-security:
      - max-age=31536000; includeSubDomains
      transfer-encoding:
      - chunked
      vary:
      - Accept-Encoding
      x-content-type-options:
      - nosniff
    status:
      code: 200
      message: OK
- request:
    body: '{}'
    headers:
      Accept:
      - application/json
      Accept-Encoding:
      - gzip, deflate
      CommandName:
      - servicebus queue create
      Connection:
      - keep-alive
      Content-Length:
      - '2'
      Content-Type:
      - application/json
      ParameterSetName:
      - --resource-group --namespace-name --name
      User-Agent:
      - AZURECLI/2.36.0 azsdk-python-azure-mgmt-servicebus/7.1.0 Python/3.7.3 (Windows-10-10.0.19041-SP0)
    method: PUT
    uri: https://management.azure.com/subscriptions/00000000-0000-0000-0000-000000000000/resourceGroups/cli_test_sb_migration000001/providers/Microsoft.ServiceBus/namespaces/sb-std-nscli000002/queues/queue0?api-version=2021-06-01-preview
  response:
    body:
      string: '{"id":"/subscriptions/00000000-0000-0000-0000-000000000000/resourceGroups/cli_test_sb_migration000001/providers/Microsoft.ServiceBus/namespaces/sb-std-nscli000002/queues/queue0","name":"queue0","type":"Microsoft.ServiceBus/Namespaces/Queues","location":"South
        Central US","properties":{"maxMessageSizeInKilobytes":256,"lockDuration":"PT1M","maxSizeInMegabytes":1024,"requiresDuplicateDetection":false,"requiresSession":false,"defaultMessageTimeToLive":"P10675199DT2H48M5.4775807S","deadLetteringOnMessageExpiration":false,"enableBatchedOperations":true,"duplicateDetectionHistoryTimeWindow":"PT10M","maxDeliveryCount":10,"sizeInBytes":0,"messageCount":0,"status":"Active","autoDeleteOnIdle":"P10675199DT2H48M5.4775807S","enablePartitioning":false,"enableExpress":false,"countDetails":{"activeMessageCount":0,"deadLetterMessageCount":0,"scheduledMessageCount":0,"transferMessageCount":0,"transferDeadLetterMessageCount":0},"createdAt":"2022-05-14T18:07:59.403Z","updatedAt":"2022-05-14T18:07:59.5Z","accessedAt":"0001-01-01T00:00:00Z"}}'
    headers:
      cache-control:
      - no-cache
      content-length:
      - '1035'
      content-type:
      - application/json; charset=utf-8
      date:
      - Sat, 14 May 2022 18:07:59 GMT
      expires:
      - '-1'
      pragma:
      - no-cache
      server:
      - Service-Bus-Resource-Provider/SN1
      - Microsoft-HTTPAPI/2.0
      server-sb:
      - Service-Bus-Resource-Provider/SN1
      strict-transport-security:
      - max-age=31536000; includeSubDomains
      transfer-encoding:
      - chunked
      vary:
      - Accept-Encoding
      x-content-type-options:
      - nosniff
      x-ms-ratelimit-remaining-subscription-writes:
      - '1199'
    status:
      code: 200
      message: OK
- request:
    body: '{}'
    headers:
      Accept:
      - application/json
      Accept-Encoding:
      - gzip, deflate
      CommandName:
      - servicebus queue create
      Connection:
      - keep-alive
      Content-Length:
      - '2'
      Content-Type:
      - application/json
      ParameterSetName:
      - --resource-group --namespace-name --name
      User-Agent:
      - AZURECLI/2.36.0 azsdk-python-azure-mgmt-servicebus/7.1.0 Python/3.7.3 (Windows-10-10.0.19041-SP0)
    method: PUT
    uri: https://management.azure.com/subscriptions/00000000-0000-0000-0000-000000000000/resourceGroups/cli_test_sb_migration000001/providers/Microsoft.ServiceBus/namespaces/sb-std-nscli000002/queues/queue1?api-version=2021-06-01-preview
  response:
    body:
      string: '{"id":"/subscriptions/00000000-0000-0000-0000-000000000000/resourceGroups/cli_test_sb_migration000001/providers/Microsoft.ServiceBus/namespaces/sb-std-nscli000002/queues/queue1","name":"queue1","type":"Microsoft.ServiceBus/Namespaces/Queues","location":"South
        Central US","properties":{"maxMessageSizeInKilobytes":256,"lockDuration":"PT1M","maxSizeInMegabytes":1024,"requiresDuplicateDetection":false,"requiresSession":false,"defaultMessageTimeToLive":"P10675199DT2H48M5.4775807S","deadLetteringOnMessageExpiration":false,"enableBatchedOperations":true,"duplicateDetectionHistoryTimeWindow":"PT10M","maxDeliveryCount":10,"sizeInBytes":0,"messageCount":0,"status":"Active","autoDeleteOnIdle":"P10675199DT2H48M5.4775807S","enablePartitioning":false,"enableExpress":false,"countDetails":{"activeMessageCount":0,"deadLetterMessageCount":0,"scheduledMessageCount":0,"transferMessageCount":0,"transferDeadLetterMessageCount":0},"createdAt":"2022-05-14T18:08:02.023Z","updatedAt":"2022-05-14T18:08:02.06Z","accessedAt":"0001-01-01T00:00:00Z"}}'
    headers:
      cache-control:
      - no-cache
      content-length:
      - '1036'
      content-type:
      - application/json; charset=utf-8
      date:
      - Sat, 14 May 2022 18:08:01 GMT
      expires:
      - '-1'
      pragma:
      - no-cache
      server:
      - Service-Bus-Resource-Provider/SN1
      - Microsoft-HTTPAPI/2.0
      server-sb:
      - Service-Bus-Resource-Provider/SN1
      strict-transport-security:
      - max-age=31536000; includeSubDomains
      transfer-encoding:
      - chunked
      vary:
      - Accept-Encoding
      x-content-type-options:
      - nosniff
      x-ms-ratelimit-remaining-subscription-writes:
      - '1199'
    status:
      code: 200
      message: OK
- request:
    body: '{}'
    headers:
      Accept:
      - application/json
      Accept-Encoding:
      - gzip, deflate
      CommandName:
      - servicebus queue create
      Connection:
      - keep-alive
      Content-Length:
      - '2'
      Content-Type:
      - application/json
      ParameterSetName:
      - --resource-group --namespace-name --name
      User-Agent:
      - AZURECLI/2.36.0 azsdk-python-azure-mgmt-servicebus/7.1.0 Python/3.7.3 (Windows-10-10.0.19041-SP0)
    method: PUT
    uri: https://management.azure.com/subscriptions/00000000-0000-0000-0000-000000000000/resourceGroups/cli_test_sb_migration000001/providers/Microsoft.ServiceBus/namespaces/sb-std-nscli000002/queues/queue2?api-version=2021-06-01-preview
  response:
    body:
      string: '{"id":"/subscriptions/00000000-0000-0000-0000-000000000000/resourceGroups/cli_test_sb_migration000001/providers/Microsoft.ServiceBus/namespaces/sb-std-nscli000002/queues/queue2","name":"queue2","type":"Microsoft.ServiceBus/Namespaces/Queues","location":"South
        Central US","properties":{"maxMessageSizeInKilobytes":256,"lockDuration":"PT1M","maxSizeInMegabytes":1024,"requiresDuplicateDetection":false,"requiresSession":false,"defaultMessageTimeToLive":"P10675199DT2H48M5.4775807S","deadLetteringOnMessageExpiration":false,"enableBatchedOperations":true,"duplicateDetectionHistoryTimeWindow":"PT10M","maxDeliveryCount":10,"sizeInBytes":0,"messageCount":0,"status":"Active","autoDeleteOnIdle":"P10675199DT2H48M5.4775807S","enablePartitioning":false,"enableExpress":false,"countDetails":{"activeMessageCount":0,"deadLetterMessageCount":0,"scheduledMessageCount":0,"transferMessageCount":0,"transferDeadLetterMessageCount":0},"createdAt":"2022-05-14T18:08:05.107Z","updatedAt":"2022-05-14T18:08:05.227Z","accessedAt":"0001-01-01T00:00:00Z"}}'
    headers:
      cache-control:
      - no-cache
      content-length:
      - '1037'
      content-type:
      - application/json; charset=utf-8
      date:
      - Sat, 14 May 2022 18:08:05 GMT
      expires:
      - '-1'
      pragma:
      - no-cache
      server:
      - Service-Bus-Resource-Provider/SN1
      - Microsoft-HTTPAPI/2.0
      server-sb:
      - Service-Bus-Resource-Provider/SN1
      strict-transport-security:
      - max-age=31536000; includeSubDomains
      transfer-encoding:
      - chunked
      vary:
      - Accept-Encoding
      x-content-type-options:
      - nosniff
      x-ms-ratelimit-remaining-subscription-writes:
      - '1199'
    status:
      code: 200
      message: OK
- request:
    body: '{}'
    headers:
      Accept:
      - application/json
      Accept-Encoding:
      - gzip, deflate
      CommandName:
      - servicebus queue create
      Connection:
      - keep-alive
      Content-Length:
      - '2'
      Content-Type:
      - application/json
      ParameterSetName:
      - --resource-group --namespace-name --name
      User-Agent:
      - AZURECLI/2.36.0 azsdk-python-azure-mgmt-servicebus/7.1.0 Python/3.7.3 (Windows-10-10.0.19041-SP0)
    method: PUT
    uri: https://management.azure.com/subscriptions/00000000-0000-0000-0000-000000000000/resourceGroups/cli_test_sb_migration000001/providers/Microsoft.ServiceBus/namespaces/sb-std-nscli000002/queues/queue3?api-version=2021-06-01-preview
  response:
    body:
      string: '{"id":"/subscriptions/00000000-0000-0000-0000-000000000000/resourceGroups/cli_test_sb_migration000001/providers/Microsoft.ServiceBus/namespaces/sb-std-nscli000002/queues/queue3","name":"queue3","type":"Microsoft.ServiceBus/Namespaces/Queues","location":"South
        Central US","properties":{"maxMessageSizeInKilobytes":256,"lockDuration":"PT1M","maxSizeInMegabytes":1024,"requiresDuplicateDetection":false,"requiresSession":false,"defaultMessageTimeToLive":"P10675199DT2H48M5.4775807S","deadLetteringOnMessageExpiration":false,"enableBatchedOperations":true,"duplicateDetectionHistoryTimeWindow":"PT10M","maxDeliveryCount":10,"sizeInBytes":0,"messageCount":0,"status":"Active","autoDeleteOnIdle":"P10675199DT2H48M5.4775807S","enablePartitioning":false,"enableExpress":false,"countDetails":{"activeMessageCount":0,"deadLetterMessageCount":0,"scheduledMessageCount":0,"transferMessageCount":0,"transferDeadLetterMessageCount":0},"createdAt":"2022-05-14T18:08:07.62Z","updatedAt":"2022-05-14T18:08:07.83Z","accessedAt":"0001-01-01T00:00:00Z"}}'
    headers:
      cache-control:
      - no-cache
      content-length:
      - '1035'
      content-type:
      - application/json; charset=utf-8
      date:
      - Sat, 14 May 2022 18:08:07 GMT
      expires:
      - '-1'
      pragma:
      - no-cache
      server:
      - Service-Bus-Resource-Provider/SN1
      - Microsoft-HTTPAPI/2.0
      server-sb:
      - Service-Bus-Resource-Provider/SN1
      strict-transport-security:
      - max-age=31536000; includeSubDomains
      transfer-encoding:
      - chunked
      vary:
      - Accept-Encoding
      x-content-type-options:
      - nosniff
      x-ms-ratelimit-remaining-subscription-writes:
      - '1199'
    status:
      code: 200
      message: OK
- request:
    body: '{}'
    headers:
      Accept:
      - application/json
      Accept-Encoding:
      - gzip, deflate
      CommandName:
      - servicebus queue create
      Connection:
      - keep-alive
      Content-Length:
      - '2'
      Content-Type:
      - application/json
      ParameterSetName:
      - --resource-group --namespace-name --name
      User-Agent:
      - AZURECLI/2.36.0 azsdk-python-azure-mgmt-servicebus/7.1.0 Python/3.7.3 (Windows-10-10.0.19041-SP0)
    method: PUT
    uri: https://management.azure.com/subscriptions/00000000-0000-0000-0000-000000000000/resourceGroups/cli_test_sb_migration000001/providers/Microsoft.ServiceBus/namespaces/sb-std-nscli000002/queues/queue4?api-version=2021-06-01-preview
  response:
    body:
      string: '{"id":"/subscriptions/00000000-0000-0000-0000-000000000000/resourceGroups/cli_test_sb_migration000001/providers/Microsoft.ServiceBus/namespaces/sb-std-nscli000002/queues/queue4","name":"queue4","type":"Microsoft.ServiceBus/Namespaces/Queues","location":"South
        Central US","properties":{"maxMessageSizeInKilobytes":256,"lockDuration":"PT1M","maxSizeInMegabytes":1024,"requiresDuplicateDetection":false,"requiresSession":false,"defaultMessageTimeToLive":"P10675199DT2H48M5.4775807S","deadLetteringOnMessageExpiration":false,"enableBatchedOperations":true,"duplicateDetectionHistoryTimeWindow":"PT10M","maxDeliveryCount":10,"sizeInBytes":0,"messageCount":0,"status":"Active","autoDeleteOnIdle":"P10675199DT2H48M5.4775807S","enablePartitioning":false,"enableExpress":false,"countDetails":{"activeMessageCount":0,"deadLetterMessageCount":0,"scheduledMessageCount":0,"transferMessageCount":0,"transferDeadLetterMessageCount":0},"createdAt":"2022-05-14T18:08:09.787Z","updatedAt":"2022-05-14T18:08:09.813Z","accessedAt":"0001-01-01T00:00:00Z"}}'
    headers:
      cache-control:
      - no-cache
      content-length:
      - '1037'
      content-type:
      - application/json; charset=utf-8
      date:
      - Sat, 14 May 2022 18:08:09 GMT
      expires:
      - '-1'
      pragma:
      - no-cache
      server:
      - Service-Bus-Resource-Provider/SN1
      - Microsoft-HTTPAPI/2.0
      server-sb:
      - Service-Bus-Resource-Provider/SN1
      strict-transport-security:
      - max-age=31536000; includeSubDomains
      transfer-encoding:
      - chunked
      vary:
      - Accept-Encoding
      x-content-type-options:
      - nosniff
      x-ms-ratelimit-remaining-subscription-writes:
      - '1198'
    status:
      code: 200
      message: OK
- request:
    body: '{}'
    headers:
      Accept:
      - application/json
      Accept-Encoding:
      - gzip, deflate
      CommandName:
      - servicebus queue create
      Connection:
      - keep-alive
      Content-Length:
      - '2'
      Content-Type:
      - application/json
      ParameterSetName:
      - --resource-group --namespace-name --name
      User-Agent:
      - AZURECLI/2.36.0 azsdk-python-azure-mgmt-servicebus/7.1.0 Python/3.7.3 (Windows-10-10.0.19041-SP0)
    method: PUT
    uri: https://management.azure.com/subscriptions/00000000-0000-0000-0000-000000000000/resourceGroups/cli_test_sb_migration000001/providers/Microsoft.ServiceBus/namespaces/sb-std-nscli000002/queues/queue5?api-version=2021-06-01-preview
  response:
    body:
      string: '{"id":"/subscriptions/00000000-0000-0000-0000-000000000000/resourceGroups/cli_test_sb_migration000001/providers/Microsoft.ServiceBus/namespaces/sb-std-nscli000002/queues/queue5","name":"queue5","type":"Microsoft.ServiceBus/Namespaces/Queues","location":"South
        Central US","properties":{"maxMessageSizeInKilobytes":256,"lockDuration":"PT1M","maxSizeInMegabytes":1024,"requiresDuplicateDetection":false,"requiresSession":false,"defaultMessageTimeToLive":"P10675199DT2H48M5.4775807S","deadLetteringOnMessageExpiration":false,"enableBatchedOperations":true,"duplicateDetectionHistoryTimeWindow":"PT10M","maxDeliveryCount":10,"sizeInBytes":0,"messageCount":0,"status":"Active","autoDeleteOnIdle":"P10675199DT2H48M5.4775807S","enablePartitioning":false,"enableExpress":false,"countDetails":{"activeMessageCount":0,"deadLetterMessageCount":0,"scheduledMessageCount":0,"transferMessageCount":0,"transferDeadLetterMessageCount":0},"createdAt":"2022-05-14T18:08:12.723Z","updatedAt":"2022-05-14T18:08:12.857Z","accessedAt":"0001-01-01T00:00:00Z"}}'
    headers:
      cache-control:
      - no-cache
      content-length:
      - '1037'
      content-type:
      - application/json; charset=utf-8
      date:
      - Sat, 14 May 2022 18:08:12 GMT
      expires:
      - '-1'
      pragma:
      - no-cache
      server:
      - Service-Bus-Resource-Provider/SN1
      - Microsoft-HTTPAPI/2.0
      server-sb:
      - Service-Bus-Resource-Provider/SN1
      strict-transport-security:
      - max-age=31536000; includeSubDomains
      transfer-encoding:
      - chunked
      vary:
      - Accept-Encoding
      x-content-type-options:
      - nosniff
      x-ms-ratelimit-remaining-subscription-writes:
      - '1199'
    status:
      code: 200
      message: OK
- request:
    body: '{}'
    headers:
      Accept:
      - application/json
      Accept-Encoding:
      - gzip, deflate
      CommandName:
      - servicebus queue create
      Connection:
      - keep-alive
      Content-Length:
      - '2'
      Content-Type:
      - application/json
      ParameterSetName:
      - --resource-group --namespace-name --name
      User-Agent:
      - AZURECLI/2.36.0 azsdk-python-azure-mgmt-servicebus/7.1.0 Python/3.7.3 (Windows-10-10.0.19041-SP0)
    method: PUT
    uri: https://management.azure.com/subscriptions/00000000-0000-0000-0000-000000000000/resourceGroups/cli_test_sb_migration000001/providers/Microsoft.ServiceBus/namespaces/sb-std-nscli000002/queues/queue6?api-version=2021-06-01-preview
  response:
    body:
      string: '{"id":"/subscriptions/00000000-0000-0000-0000-000000000000/resourceGroups/cli_test_sb_migration000001/providers/Microsoft.ServiceBus/namespaces/sb-std-nscli000002/queues/queue6","name":"queue6","type":"Microsoft.ServiceBus/Namespaces/Queues","location":"South
        Central US","properties":{"maxMessageSizeInKilobytes":256,"lockDuration":"PT1M","maxSizeInMegabytes":1024,"requiresDuplicateDetection":false,"requiresSession":false,"defaultMessageTimeToLive":"P10675199DT2H48M5.4775807S","deadLetteringOnMessageExpiration":false,"enableBatchedOperations":true,"duplicateDetectionHistoryTimeWindow":"PT10M","maxDeliveryCount":10,"sizeInBytes":0,"messageCount":0,"status":"Active","autoDeleteOnIdle":"P10675199DT2H48M5.4775807S","enablePartitioning":false,"enableExpress":false,"countDetails":{"activeMessageCount":0,"deadLetterMessageCount":0,"scheduledMessageCount":0,"transferMessageCount":0,"transferDeadLetterMessageCount":0},"createdAt":"2022-05-14T18:08:15.56Z","updatedAt":"2022-05-14T18:08:15.587Z","accessedAt":"0001-01-01T00:00:00Z"}}'
    headers:
      cache-control:
      - no-cache
      content-length:
      - '1036'
      content-type:
      - application/json; charset=utf-8
      date:
      - Sat, 14 May 2022 18:08:15 GMT
      expires:
      - '-1'
      pragma:
      - no-cache
      server:
      - Service-Bus-Resource-Provider/SN1
      - Microsoft-HTTPAPI/2.0
      server-sb:
      - Service-Bus-Resource-Provider/SN1
      strict-transport-security:
      - max-age=31536000; includeSubDomains
      transfer-encoding:
      - chunked
      vary:
      - Accept-Encoding
      x-content-type-options:
      - nosniff
      x-ms-ratelimit-remaining-subscription-writes:
      - '1199'
    status:
      code: 200
      message: OK
- request:
    body: '{}'
    headers:
      Accept:
      - application/json
      Accept-Encoding:
      - gzip, deflate
      CommandName:
      - servicebus queue create
      Connection:
      - keep-alive
      Content-Length:
      - '2'
      Content-Type:
      - application/json
      ParameterSetName:
      - --resource-group --namespace-name --name
      User-Agent:
      - AZURECLI/2.36.0 azsdk-python-azure-mgmt-servicebus/7.1.0 Python/3.7.3 (Windows-10-10.0.19041-SP0)
    method: PUT
    uri: https://management.azure.com/subscriptions/00000000-0000-0000-0000-000000000000/resourceGroups/cli_test_sb_migration000001/providers/Microsoft.ServiceBus/namespaces/sb-std-nscli000002/queues/queue7?api-version=2021-06-01-preview
  response:
    body:
      string: '{"id":"/subscriptions/00000000-0000-0000-0000-000000000000/resourceGroups/cli_test_sb_migration000001/providers/Microsoft.ServiceBus/namespaces/sb-std-nscli000002/queues/queue7","name":"queue7","type":"Microsoft.ServiceBus/Namespaces/Queues","location":"South
        Central US","properties":{"maxMessageSizeInKilobytes":256,"lockDuration":"PT1M","maxSizeInMegabytes":1024,"requiresDuplicateDetection":false,"requiresSession":false,"defaultMessageTimeToLive":"P10675199DT2H48M5.4775807S","deadLetteringOnMessageExpiration":false,"enableBatchedOperations":true,"duplicateDetectionHistoryTimeWindow":"PT10M","maxDeliveryCount":10,"sizeInBytes":0,"messageCount":0,"status":"Active","autoDeleteOnIdle":"P10675199DT2H48M5.4775807S","enablePartitioning":false,"enableExpress":false,"countDetails":{"activeMessageCount":0,"deadLetterMessageCount":0,"scheduledMessageCount":0,"transferMessageCount":0,"transferDeadLetterMessageCount":0},"createdAt":"2022-05-14T18:08:18.207Z","updatedAt":"2022-05-14T18:08:18.233Z","accessedAt":"0001-01-01T00:00:00Z"}}'
    headers:
      cache-control:
      - no-cache
      content-length:
      - '1037'
      content-type:
      - application/json; charset=utf-8
      date:
      - Sat, 14 May 2022 18:08:17 GMT
      expires:
      - '-1'
      pragma:
      - no-cache
      server:
      - Service-Bus-Resource-Provider/SN1
      - Microsoft-HTTPAPI/2.0
      server-sb:
      - Service-Bus-Resource-Provider/SN1
      strict-transport-security:
      - max-age=31536000; includeSubDomains
      transfer-encoding:
      - chunked
      vary:
      - Accept-Encoding
      x-content-type-options:
      - nosniff
      x-ms-ratelimit-remaining-subscription-writes:
      - '1199'
    status:
      code: 200
      message: OK
- request:
    body: '{}'
    headers:
      Accept:
      - application/json
      Accept-Encoding:
      - gzip, deflate
      CommandName:
      - servicebus queue create
      Connection:
      - keep-alive
      Content-Length:
      - '2'
      Content-Type:
      - application/json
      ParameterSetName:
      - --resource-group --namespace-name --name
      User-Agent:
      - AZURECLI/2.36.0 azsdk-python-azure-mgmt-servicebus/7.1.0 Python/3.7.3 (Windows-10-10.0.19041-SP0)
    method: PUT
    uri: https://management.azure.com/subscriptions/00000000-0000-0000-0000-000000000000/resourceGroups/cli_test_sb_migration000001/providers/Microsoft.ServiceBus/namespaces/sb-std-nscli000002/queues/queue8?api-version=2021-06-01-preview
  response:
    body:
      string: '{"id":"/subscriptions/00000000-0000-0000-0000-000000000000/resourceGroups/cli_test_sb_migration000001/providers/Microsoft.ServiceBus/namespaces/sb-std-nscli000002/queues/queue8","name":"queue8","type":"Microsoft.ServiceBus/Namespaces/Queues","location":"South
        Central US","properties":{"maxMessageSizeInKilobytes":256,"lockDuration":"PT1M","maxSizeInMegabytes":1024,"requiresDuplicateDetection":false,"requiresSession":false,"defaultMessageTimeToLive":"P10675199DT2H48M5.4775807S","deadLetteringOnMessageExpiration":false,"enableBatchedOperations":true,"duplicateDetectionHistoryTimeWindow":"PT10M","maxDeliveryCount":10,"sizeInBytes":0,"messageCount":0,"status":"Active","autoDeleteOnIdle":"P10675199DT2H48M5.4775807S","enablePartitioning":false,"enableExpress":false,"countDetails":{"activeMessageCount":0,"deadLetterMessageCount":0,"scheduledMessageCount":0,"transferMessageCount":0,"transferDeadLetterMessageCount":0},"createdAt":"2022-05-14T18:08:21.087Z","updatedAt":"2022-05-14T18:08:21.12Z","accessedAt":"0001-01-01T00:00:00Z"}}'
    headers:
      cache-control:
      - no-cache
      content-length:
      - '1036'
      content-type:
      - application/json; charset=utf-8
      date:
      - Sat, 14 May 2022 18:08:21 GMT
      expires:
      - '-1'
      pragma:
      - no-cache
      server:
      - Service-Bus-Resource-Provider/SN1
      - Microsoft-HTTPAPI/2.0
      server-sb:
      - Service-Bus-Resource-Provider/SN1
      strict-transport-security:
      - max-age=31536000; includeSubDomains
      transfer-encoding:
      - chunked
      vary:
      - Accept-Encoding
      x-content-type-options:
      - nosniff
      x-ms-ratelimit-remaining-subscription-writes:
      - '1199'
    status:
      code: 200
      message: OK
- request:
    body: '{}'
    headers:
      Accept:
      - application/json
      Accept-Encoding:
      - gzip, deflate
      CommandName:
      - servicebus queue create
      Connection:
      - keep-alive
      Content-Length:
      - '2'
      Content-Type:
      - application/json
      ParameterSetName:
      - --resource-group --namespace-name --name
      User-Agent:
      - AZURECLI/2.36.0 azsdk-python-azure-mgmt-servicebus/7.1.0 Python/3.7.3 (Windows-10-10.0.19041-SP0)
    method: PUT
    uri: https://management.azure.com/subscriptions/00000000-0000-0000-0000-000000000000/resourceGroups/cli_test_sb_migration000001/providers/Microsoft.ServiceBus/namespaces/sb-std-nscli000002/queues/queue9?api-version=2021-06-01-preview
  response:
    body:
      string: '{"id":"/subscriptions/00000000-0000-0000-0000-000000000000/resourceGroups/cli_test_sb_migration000001/providers/Microsoft.ServiceBus/namespaces/sb-std-nscli000002/queues/queue9","name":"queue9","type":"Microsoft.ServiceBus/Namespaces/Queues","location":"South
        Central US","properties":{"maxMessageSizeInKilobytes":256,"lockDuration":"PT1M","maxSizeInMegabytes":1024,"requiresDuplicateDetection":false,"requiresSession":false,"defaultMessageTimeToLive":"P10675199DT2H48M5.4775807S","deadLetteringOnMessageExpiration":false,"enableBatchedOperations":true,"duplicateDetectionHistoryTimeWindow":"PT10M","maxDeliveryCount":10,"sizeInBytes":0,"messageCount":0,"status":"Active","autoDeleteOnIdle":"P10675199DT2H48M5.4775807S","enablePartitioning":false,"enableExpress":false,"countDetails":{"activeMessageCount":0,"deadLetterMessageCount":0,"scheduledMessageCount":0,"transferMessageCount":0,"transferDeadLetterMessageCount":0},"createdAt":"2022-05-14T18:08:23.747Z","updatedAt":"2022-05-14T18:08:23.777Z","accessedAt":"0001-01-01T00:00:00Z"}}'
    headers:
      cache-control:
      - no-cache
      content-length:
      - '1037'
      content-type:
      - application/json; charset=utf-8
      date:
      - Sat, 14 May 2022 18:08:23 GMT
      expires:
      - '-1'
      pragma:
      - no-cache
      server:
      - Service-Bus-Resource-Provider/SN1
      - Microsoft-HTTPAPI/2.0
      server-sb:
      - Service-Bus-Resource-Provider/SN1
      strict-transport-security:
      - max-age=31536000; includeSubDomains
      transfer-encoding:
      - chunked
      vary:
      - Accept-Encoding
      x-content-type-options:
      - nosniff
      x-ms-ratelimit-remaining-subscription-writes:
      - '1199'
    status:
      code: 200
      message: OK
- request:
    body: '{}'
    headers:
      Accept:
      - application/json
      Accept-Encoding:
      - gzip, deflate
      CommandName:
      - servicebus topic create
      Connection:
      - keep-alive
      Content-Length:
      - '2'
      Content-Type:
      - application/json
      ParameterSetName:
      - --resource-group --namespace-name --name
      User-Agent:
      - AZURECLI/2.36.0 azsdk-python-azure-mgmt-servicebus/7.1.0 Python/3.7.3 (Windows-10-10.0.19041-SP0)
    method: PUT
    uri: https://management.azure.com/subscriptions/00000000-0000-0000-0000-000000000000/resourceGroups/cli_test_sb_migration000001/providers/Microsoft.ServiceBus/namespaces/sb-std-nscli000002/topics/topic0?api-version=2021-06-01-preview
  response:
    body:
      string: '{"id":"/subscriptions/00000000-0000-0000-0000-000000000000/resourceGroups/cli_test_sb_migration000001/providers/Microsoft.ServiceBus/namespaces/sb-std-nscli000002/topics/topic0","name":"topic0","type":"Microsoft.ServiceBus/Namespaces/Topics","location":"South
        Central US","properties":{"maxMessageSizeInKilobytes":256,"defaultMessageTimeToLive":"P10675199DT2H48M5.4775807S","maxSizeInMegabytes":1024,"requiresDuplicateDetection":false,"duplicateDetectionHistoryTimeWindow":"PT10M","enableBatchedOperations":true,"sizeInBytes":0,"status":"Active","supportOrdering":true,"autoDeleteOnIdle":"P10675199DT2H48M5.4775807S","enablePartitioning":false,"enableExpress":false,"createdAt":"2022-05-14T18:08:26.57Z","updatedAt":"2022-05-14T18:08:26.667Z","accessedAt":"0001-01-01T00:00:00Z","subscriptionCount":0,"countDetails":{"activeMessageCount":0,"deadLetterMessageCount":0,"scheduledMessageCount":0,"transferMessageCount":0,"transferDeadLetterMessageCount":0}}}'
    headers:
      cache-control:
      - no-cache
      content-length:
      - '955'
      content-type:
      - application/json; charset=utf-8
      date:
      - Sat, 14 May 2022 18:08:26 GMT
      expires:
      - '-1'
      pragma:
      - no-cache
      server:
      - Service-Bus-Resource-Provider/SN1
      - Microsoft-HTTPAPI/2.0
      server-sb:
      - Service-Bus-Resource-Provider/SN1
      strict-transport-security:
      - max-age=31536000; includeSubDomains
      transfer-encoding:
      - chunked
      vary:
      - Accept-Encoding
      x-content-type-options:
      - nosniff
      x-ms-ratelimit-remaining-subscription-writes:
      - '1199'
    status:
      code: 200
      message: OK
- request:
    body: '{}'
    headers:
      Accept:
      - application/json
      Accept-Encoding:
      - gzip, deflate
      CommandName:
      - servicebus topic create
      Connection:
      - keep-alive
      Content-Length:
      - '2'
      Content-Type:
      - application/json
      ParameterSetName:
      - --resource-group --namespace-name --name
      User-Agent:
      - AZURECLI/2.36.0 azsdk-python-azure-mgmt-servicebus/7.1.0 Python/3.7.3 (Windows-10-10.0.19041-SP0)
    method: PUT
    uri: https://management.azure.com/subscriptions/00000000-0000-0000-0000-000000000000/resourceGroups/cli_test_sb_migration000001/providers/Microsoft.ServiceBus/namespaces/sb-std-nscli000002/topics/topic1?api-version=2021-06-01-preview
  response:
    body:
      string: '{"id":"/subscriptions/00000000-0000-0000-0000-000000000000/resourceGroups/cli_test_sb_migration000001/providers/Microsoft.ServiceBus/namespaces/sb-std-nscli000002/topics/topic1","name":"topic1","type":"Microsoft.ServiceBus/Namespaces/Topics","location":"South
        Central US","properties":{"maxMessageSizeInKilobytes":256,"defaultMessageTimeToLive":"P10675199DT2H48M5.4775807S","maxSizeInMegabytes":1024,"requiresDuplicateDetection":false,"duplicateDetectionHistoryTimeWindow":"PT10M","enableBatchedOperations":true,"sizeInBytes":0,"status":"Active","supportOrdering":true,"autoDeleteOnIdle":"P10675199DT2H48M5.4775807S","enablePartitioning":false,"enableExpress":false,"createdAt":"2022-05-14T18:08:28.817Z","updatedAt":"2022-05-14T18:08:28.963Z","accessedAt":"0001-01-01T00:00:00Z","subscriptionCount":0,"countDetails":{"activeMessageCount":0,"deadLetterMessageCount":0,"scheduledMessageCount":0,"transferMessageCount":0,"transferDeadLetterMessageCount":0}}}'
    headers:
      cache-control:
      - no-cache
      content-length:
      - '956'
      content-type:
      - application/json; charset=utf-8
      date:
      - Sat, 14 May 2022 18:08:28 GMT
      expires:
      - '-1'
      pragma:
      - no-cache
      server:
      - Service-Bus-Resource-Provider/SN1
      - Microsoft-HTTPAPI/2.0
      server-sb:
      - Service-Bus-Resource-Provider/SN1
      strict-transport-security:
      - max-age=31536000; includeSubDomains
      transfer-encoding:
      - chunked
      vary:
      - Accept-Encoding
      x-content-type-options:
      - nosniff
      x-ms-ratelimit-remaining-subscription-writes:
      - '1199'
    status:
      code: 200
      message: OK
- request:
    body: '{}'
    headers:
      Accept:
      - application/json
      Accept-Encoding:
      - gzip, deflate
      CommandName:
      - servicebus topic create
      Connection:
      - keep-alive
      Content-Length:
      - '2'
      Content-Type:
      - application/json
      ParameterSetName:
      - --resource-group --namespace-name --name
      User-Agent:
      - AZURECLI/2.36.0 azsdk-python-azure-mgmt-servicebus/7.1.0 Python/3.7.3 (Windows-10-10.0.19041-SP0)
    method: PUT
    uri: https://management.azure.com/subscriptions/00000000-0000-0000-0000-000000000000/resourceGroups/cli_test_sb_migration000001/providers/Microsoft.ServiceBus/namespaces/sb-std-nscli000002/topics/topic2?api-version=2021-06-01-preview
  response:
    body:
      string: '{"id":"/subscriptions/00000000-0000-0000-0000-000000000000/resourceGroups/cli_test_sb_migration000001/providers/Microsoft.ServiceBus/namespaces/sb-std-nscli000002/topics/topic2","name":"topic2","type":"Microsoft.ServiceBus/Namespaces/Topics","location":"South
        Central US","properties":{"maxMessageSizeInKilobytes":256,"defaultMessageTimeToLive":"P10675199DT2H48M5.4775807S","maxSizeInMegabytes":1024,"requiresDuplicateDetection":false,"duplicateDetectionHistoryTimeWindow":"PT10M","enableBatchedOperations":true,"sizeInBytes":0,"status":"Active","supportOrdering":true,"autoDeleteOnIdle":"P10675199DT2H48M5.4775807S","enablePartitioning":false,"enableExpress":false,"createdAt":"2022-05-14T18:08:32.49Z","updatedAt":"2022-05-14T18:08:32.58Z","accessedAt":"0001-01-01T00:00:00Z","subscriptionCount":0,"countDetails":{"activeMessageCount":0,"deadLetterMessageCount":0,"scheduledMessageCount":0,"transferMessageCount":0,"transferDeadLetterMessageCount":0}}}'
    headers:
      cache-control:
      - no-cache
      content-length:
      - '954'
      content-type:
      - application/json; charset=utf-8
      date:
      - Sat, 14 May 2022 18:08:33 GMT
      expires:
      - '-1'
      pragma:
      - no-cache
      server:
      - Service-Bus-Resource-Provider/CH3
      - Microsoft-HTTPAPI/2.0
      server-sb:
      - Service-Bus-Resource-Provider/CH3
      strict-transport-security:
      - max-age=31536000; includeSubDomains
      transfer-encoding:
      - chunked
      vary:
      - Accept-Encoding
      x-content-type-options:
      - nosniff
      x-ms-ratelimit-remaining-subscription-writes:
      - '1199'
    status:
      code: 200
      message: OK
- request:
    body: '{}'
    headers:
      Accept:
      - application/json
      Accept-Encoding:
      - gzip, deflate
      CommandName:
      - servicebus topic create
      Connection:
      - keep-alive
      Content-Length:
      - '2'
      Content-Type:
      - application/json
      ParameterSetName:
      - --resource-group --namespace-name --name
      User-Agent:
      - AZURECLI/2.36.0 azsdk-python-azure-mgmt-servicebus/7.1.0 Python/3.7.3 (Windows-10-10.0.19041-SP0)
    method: PUT
    uri: https://management.azure.com/subscriptions/00000000-0000-0000-0000-000000000000/resourceGroups/cli_test_sb_migration000001/providers/Microsoft.ServiceBus/namespaces/sb-std-nscli000002/topics/topic3?api-version=2021-06-01-preview
  response:
    body:
      string: '{"id":"/subscriptions/00000000-0000-0000-0000-000000000000/resourceGroups/cli_test_sb_migration000001/providers/Microsoft.ServiceBus/namespaces/sb-std-nscli000002/topics/topic3","name":"topic3","type":"Microsoft.ServiceBus/Namespaces/Topics","location":"South
        Central US","properties":{"maxMessageSizeInKilobytes":256,"defaultMessageTimeToLive":"P10675199DT2H48M5.4775807S","maxSizeInMegabytes":1024,"requiresDuplicateDetection":false,"duplicateDetectionHistoryTimeWindow":"PT10M","enableBatchedOperations":true,"sizeInBytes":0,"status":"Active","supportOrdering":true,"autoDeleteOnIdle":"P10675199DT2H48M5.4775807S","enablePartitioning":false,"enableExpress":false,"createdAt":"2022-05-14T18:08:34.633Z","updatedAt":"2022-05-14T18:08:34.67Z","accessedAt":"0001-01-01T00:00:00Z","subscriptionCount":0,"countDetails":{"activeMessageCount":0,"deadLetterMessageCount":0,"scheduledMessageCount":0,"transferMessageCount":0,"transferDeadLetterMessageCount":0}}}'
    headers:
      cache-control:
      - no-cache
      content-length:
      - '955'
      content-type:
      - application/json; charset=utf-8
      date:
      - Sat, 14 May 2022 18:08:34 GMT
      expires:
      - '-1'
      pragma:
      - no-cache
      server:
      - Service-Bus-Resource-Provider/SN1
      - Microsoft-HTTPAPI/2.0
      server-sb:
      - Service-Bus-Resource-Provider/SN1
      strict-transport-security:
      - max-age=31536000; includeSubDomains
      transfer-encoding:
      - chunked
      vary:
      - Accept-Encoding
      x-content-type-options:
      - nosniff
      x-ms-ratelimit-remaining-subscription-writes:
      - '1198'
    status:
      code: 200
      message: OK
- request:
    body: '{}'
    headers:
      Accept:
      - application/json
      Accept-Encoding:
      - gzip, deflate
      CommandName:
      - servicebus topic create
      Connection:
      - keep-alive
      Content-Length:
      - '2'
      Content-Type:
      - application/json
      ParameterSetName:
      - --resource-group --namespace-name --name
      User-Agent:
      - AZURECLI/2.36.0 azsdk-python-azure-mgmt-servicebus/7.1.0 Python/3.7.3 (Windows-10-10.0.19041-SP0)
    method: PUT
    uri: https://management.azure.com/subscriptions/00000000-0000-0000-0000-000000000000/resourceGroups/cli_test_sb_migration000001/providers/Microsoft.ServiceBus/namespaces/sb-std-nscli000002/topics/topic4?api-version=2021-06-01-preview
  response:
    body:
      string: '{"id":"/subscriptions/00000000-0000-0000-0000-000000000000/resourceGroups/cli_test_sb_migration000001/providers/Microsoft.ServiceBus/namespaces/sb-std-nscli000002/topics/topic4","name":"topic4","type":"Microsoft.ServiceBus/Namespaces/Topics","location":"South
        Central US","properties":{"maxMessageSizeInKilobytes":256,"defaultMessageTimeToLive":"P10675199DT2H48M5.4775807S","maxSizeInMegabytes":1024,"requiresDuplicateDetection":false,"duplicateDetectionHistoryTimeWindow":"PT10M","enableBatchedOperations":true,"sizeInBytes":0,"status":"Active","supportOrdering":true,"autoDeleteOnIdle":"P10675199DT2H48M5.4775807S","enablePartitioning":false,"enableExpress":false,"createdAt":"2022-05-14T18:08:37.833Z","updatedAt":"2022-05-14T18:08:37.877Z","accessedAt":"0001-01-01T00:00:00Z","subscriptionCount":0,"countDetails":{"activeMessageCount":0,"deadLetterMessageCount":0,"scheduledMessageCount":0,"transferMessageCount":0,"transferDeadLetterMessageCount":0}}}'
    headers:
      cache-control:
      - no-cache
      content-length:
      - '956'
      content-type:
      - application/json; charset=utf-8
      date:
      - Sat, 14 May 2022 18:08:37 GMT
      expires:
      - '-1'
      pragma:
      - no-cache
      server:
      - Service-Bus-Resource-Provider/SN1
      - Microsoft-HTTPAPI/2.0
      server-sb:
      - Service-Bus-Resource-Provider/SN1
      strict-transport-security:
      - max-age=31536000; includeSubDomains
      transfer-encoding:
      - chunked
      vary:
      - Accept-Encoding
      x-content-type-options:
      - nosniff
      x-ms-ratelimit-remaining-subscription-writes:
      - '1199'
    status:
      code: 200
      message: OK
- request:
    body: '{}'
    headers:
      Accept:
      - application/json
      Accept-Encoding:
      - gzip, deflate
      CommandName:
      - servicebus topic create
      Connection:
      - keep-alive
      Content-Length:
      - '2'
      Content-Type:
      - application/json
      ParameterSetName:
      - --resource-group --namespace-name --name
      User-Agent:
      - AZURECLI/2.36.0 azsdk-python-azure-mgmt-servicebus/7.1.0 Python/3.7.3 (Windows-10-10.0.19041-SP0)
    method: PUT
    uri: https://management.azure.com/subscriptions/00000000-0000-0000-0000-000000000000/resourceGroups/cli_test_sb_migration000001/providers/Microsoft.ServiceBus/namespaces/sb-std-nscli000002/topics/topic5?api-version=2021-06-01-preview
  response:
    body:
      string: '{"id":"/subscriptions/00000000-0000-0000-0000-000000000000/resourceGroups/cli_test_sb_migration000001/providers/Microsoft.ServiceBus/namespaces/sb-std-nscli000002/topics/topic5","name":"topic5","type":"Microsoft.ServiceBus/Namespaces/Topics","location":"South
        Central US","properties":{"maxMessageSizeInKilobytes":256,"defaultMessageTimeToLive":"P10675199DT2H48M5.4775807S","maxSizeInMegabytes":1024,"requiresDuplicateDetection":false,"duplicateDetectionHistoryTimeWindow":"PT10M","enableBatchedOperations":true,"sizeInBytes":0,"status":"Active","supportOrdering":true,"autoDeleteOnIdle":"P10675199DT2H48M5.4775807S","enablePartitioning":false,"enableExpress":false,"createdAt":"2022-05-14T18:08:40.793Z","updatedAt":"2022-05-14T18:08:40.823Z","accessedAt":"0001-01-01T00:00:00Z","subscriptionCount":0,"countDetails":{"activeMessageCount":0,"deadLetterMessageCount":0,"scheduledMessageCount":0,"transferMessageCount":0,"transferDeadLetterMessageCount":0}}}'
    headers:
      cache-control:
      - no-cache
      content-length:
      - '956'
      content-type:
      - application/json; charset=utf-8
      date:
      - Sat, 14 May 2022 18:08:40 GMT
      expires:
      - '-1'
      pragma:
      - no-cache
      server:
      - Service-Bus-Resource-Provider/SN1
      - Microsoft-HTTPAPI/2.0
      server-sb:
      - Service-Bus-Resource-Provider/SN1
      strict-transport-security:
      - max-age=31536000; includeSubDomains
      transfer-encoding:
      - chunked
      vary:
      - Accept-Encoding
      x-content-type-options:
      - nosniff
      x-ms-ratelimit-remaining-subscription-writes:
      - '1199'
    status:
      code: 200
      message: OK
- request:
    body: '{}'
    headers:
      Accept:
      - application/json
      Accept-Encoding:
      - gzip, deflate
      CommandName:
      - servicebus topic create
      Connection:
      - keep-alive
      Content-Length:
      - '2'
      Content-Type:
      - application/json
      ParameterSetName:
      - --resource-group --namespace-name --name
      User-Agent:
      - AZURECLI/2.36.0 azsdk-python-azure-mgmt-servicebus/7.1.0 Python/3.7.3 (Windows-10-10.0.19041-SP0)
    method: PUT
    uri: https://management.azure.com/subscriptions/00000000-0000-0000-0000-000000000000/resourceGroups/cli_test_sb_migration000001/providers/Microsoft.ServiceBus/namespaces/sb-std-nscli000002/topics/topic6?api-version=2021-06-01-preview
  response:
    body:
      string: '{"id":"/subscriptions/00000000-0000-0000-0000-000000000000/resourceGroups/cli_test_sb_migration000001/providers/Microsoft.ServiceBus/namespaces/sb-std-nscli000002/topics/topic6","name":"topic6","type":"Microsoft.ServiceBus/Namespaces/Topics","location":"South
        Central US","properties":{"maxMessageSizeInKilobytes":256,"defaultMessageTimeToLive":"P10675199DT2H48M5.4775807S","maxSizeInMegabytes":1024,"requiresDuplicateDetection":false,"duplicateDetectionHistoryTimeWindow":"PT10M","enableBatchedOperations":true,"sizeInBytes":0,"status":"Active","supportOrdering":true,"autoDeleteOnIdle":"P10675199DT2H48M5.4775807S","enablePartitioning":false,"enableExpress":false,"createdAt":"2022-05-14T18:08:43.633Z","updatedAt":"2022-05-14T18:08:43.727Z","accessedAt":"0001-01-01T00:00:00Z","subscriptionCount":0,"countDetails":{"activeMessageCount":0,"deadLetterMessageCount":0,"scheduledMessageCount":0,"transferMessageCount":0,"transferDeadLetterMessageCount":0}}}'
    headers:
      cache-control:
      - no-cache
      content-length:
      - '956'
      content-type:
      - application/json; charset=utf-8
      date:
      - Sat, 14 May 2022 18:08:43 GMT
      expires:
      - '-1'
      pragma:
      - no-cache
      server:
      - Service-Bus-Resource-Provider/SN1
      - Microsoft-HTTPAPI/2.0
      server-sb:
      - Service-Bus-Resource-Provider/SN1
      strict-transport-security:
      - max-age=31536000; includeSubDomains
      transfer-encoding:
      - chunked
      vary:
      - Accept-Encoding
      x-content-type-options:
      - nosniff
      x-ms-ratelimit-remaining-subscription-writes:
      - '1199'
    status:
      code: 200
      message: OK
- request:
    body: '{}'
    headers:
      Accept:
      - application/json
      Accept-Encoding:
      - gzip, deflate
      CommandName:
      - servicebus topic create
      Connection:
      - keep-alive
      Content-Length:
      - '2'
      Content-Type:
      - application/json
      ParameterSetName:
      - --resource-group --namespace-name --name
      User-Agent:
      - AZURECLI/2.36.0 azsdk-python-azure-mgmt-servicebus/7.1.0 Python/3.7.3 (Windows-10-10.0.19041-SP0)
    method: PUT
    uri: https://management.azure.com/subscriptions/00000000-0000-0000-0000-000000000000/resourceGroups/cli_test_sb_migration000001/providers/Microsoft.ServiceBus/namespaces/sb-std-nscli000002/topics/topic7?api-version=2021-06-01-preview
  response:
    body:
      string: '{"id":"/subscriptions/00000000-0000-0000-0000-000000000000/resourceGroups/cli_test_sb_migration000001/providers/Microsoft.ServiceBus/namespaces/sb-std-nscli000002/topics/topic7","name":"topic7","type":"Microsoft.ServiceBus/Namespaces/Topics","location":"South
        Central US","properties":{"maxMessageSizeInKilobytes":256,"defaultMessageTimeToLive":"P10675199DT2H48M5.4775807S","maxSizeInMegabytes":1024,"requiresDuplicateDetection":false,"duplicateDetectionHistoryTimeWindow":"PT10M","enableBatchedOperations":true,"sizeInBytes":0,"status":"Active","supportOrdering":true,"autoDeleteOnIdle":"P10675199DT2H48M5.4775807S","enablePartitioning":false,"enableExpress":false,"createdAt":"2022-05-14T18:08:46.777Z","updatedAt":"2022-05-14T18:08:46.803Z","accessedAt":"0001-01-01T00:00:00Z","subscriptionCount":0,"countDetails":{"activeMessageCount":0,"deadLetterMessageCount":0,"scheduledMessageCount":0,"transferMessageCount":0,"transferDeadLetterMessageCount":0}}}'
    headers:
      cache-control:
      - no-cache
      content-length:
      - '956'
      content-type:
      - application/json; charset=utf-8
      date:
      - Sat, 14 May 2022 18:08:46 GMT
      expires:
      - '-1'
      pragma:
      - no-cache
      server:
      - Service-Bus-Resource-Provider/DM2
      - Microsoft-HTTPAPI/2.0
      server-sb:
      - Service-Bus-Resource-Provider/DM2
      strict-transport-security:
      - max-age=31536000; includeSubDomains
      transfer-encoding:
      - chunked
      vary:
      - Accept-Encoding
      x-content-type-options:
      - nosniff
      x-ms-ratelimit-remaining-subscription-writes:
      - '1199'
    status:
      code: 200
      message: OK
- request:
    body: '{}'
    headers:
      Accept:
      - application/json
      Accept-Encoding:
      - gzip, deflate
      CommandName:
      - servicebus topic create
      Connection:
      - keep-alive
      Content-Length:
      - '2'
      Content-Type:
      - application/json
      ParameterSetName:
      - --resource-group --namespace-name --name
      User-Agent:
      - AZURECLI/2.36.0 azsdk-python-azure-mgmt-servicebus/7.1.0 Python/3.7.3 (Windows-10-10.0.19041-SP0)
    method: PUT
    uri: https://management.azure.com/subscriptions/00000000-0000-0000-0000-000000000000/resourceGroups/cli_test_sb_migration000001/providers/Microsoft.ServiceBus/namespaces/sb-std-nscli000002/topics/topic8?api-version=2021-06-01-preview
  response:
    body:
      string: '{"id":"/subscriptions/00000000-0000-0000-0000-000000000000/resourceGroups/cli_test_sb_migration000001/providers/Microsoft.ServiceBus/namespaces/sb-std-nscli000002/topics/topic8","name":"topic8","type":"Microsoft.ServiceBus/Namespaces/Topics","location":"South
        Central US","properties":{"maxMessageSizeInKilobytes":256,"defaultMessageTimeToLive":"P10675199DT2H48M5.4775807S","maxSizeInMegabytes":1024,"requiresDuplicateDetection":false,"duplicateDetectionHistoryTimeWindow":"PT10M","enableBatchedOperations":true,"sizeInBytes":0,"status":"Active","supportOrdering":true,"autoDeleteOnIdle":"P10675199DT2H48M5.4775807S","enablePartitioning":false,"enableExpress":false,"createdAt":"2022-05-14T18:08:49.65Z","updatedAt":"2022-05-14T18:08:49.677Z","accessedAt":"0001-01-01T00:00:00Z","subscriptionCount":0,"countDetails":{"activeMessageCount":0,"deadLetterMessageCount":0,"scheduledMessageCount":0,"transferMessageCount":0,"transferDeadLetterMessageCount":0}}}'
    headers:
      cache-control:
      - no-cache
      content-length:
      - '955'
      content-type:
      - application/json; charset=utf-8
      date:
      - Sat, 14 May 2022 18:08:49 GMT
      expires:
      - '-1'
      pragma:
      - no-cache
      server:
      - Service-Bus-Resource-Provider/SN1
      - Microsoft-HTTPAPI/2.0
      server-sb:
      - Service-Bus-Resource-Provider/SN1
      strict-transport-security:
      - max-age=31536000; includeSubDomains
      transfer-encoding:
      - chunked
      vary:
      - Accept-Encoding
      x-content-type-options:
      - nosniff
      x-ms-ratelimit-remaining-subscription-writes:
      - '1199'
    status:
      code: 200
      message: OK
- request:
    body: '{}'
    headers:
      Accept:
      - application/json
      Accept-Encoding:
      - gzip, deflate
      CommandName:
      - servicebus topic create
      Connection:
      - keep-alive
      Content-Length:
      - '2'
      Content-Type:
      - application/json
      ParameterSetName:
      - --resource-group --namespace-name --name
      User-Agent:
      - AZURECLI/2.36.0 azsdk-python-azure-mgmt-servicebus/7.1.0 Python/3.7.3 (Windows-10-10.0.19041-SP0)
    method: PUT
    uri: https://management.azure.com/subscriptions/00000000-0000-0000-0000-000000000000/resourceGroups/cli_test_sb_migration000001/providers/Microsoft.ServiceBus/namespaces/sb-std-nscli000002/topics/topic9?api-version=2021-06-01-preview
  response:
    body:
      string: '{"id":"/subscriptions/00000000-0000-0000-0000-000000000000/resourceGroups/cli_test_sb_migration000001/providers/Microsoft.ServiceBus/namespaces/sb-std-nscli000002/topics/topic9","name":"topic9","type":"Microsoft.ServiceBus/Namespaces/Topics","location":"South
        Central US","properties":{"maxMessageSizeInKilobytes":256,"defaultMessageTimeToLive":"P10675199DT2H48M5.4775807S","maxSizeInMegabytes":1024,"requiresDuplicateDetection":false,"duplicateDetectionHistoryTimeWindow":"PT10M","enableBatchedOperations":true,"sizeInBytes":0,"status":"Active","supportOrdering":true,"autoDeleteOnIdle":"P10675199DT2H48M5.4775807S","enablePartitioning":false,"enableExpress":false,"createdAt":"2022-05-14T18:08:52.4Z","updatedAt":"2022-05-14T18:08:52.443Z","accessedAt":"0001-01-01T00:00:00Z","subscriptionCount":0,"countDetails":{"activeMessageCount":0,"deadLetterMessageCount":0,"scheduledMessageCount":0,"transferMessageCount":0,"transferDeadLetterMessageCount":0}}}'
    headers:
      cache-control:
      - no-cache
      content-length:
      - '954'
      content-type:
      - application/json; charset=utf-8
      date:
      - Sat, 14 May 2022 18:08:52 GMT
      expires:
      - '-1'
      pragma:
      - no-cache
      server:
      - Service-Bus-Resource-Provider/SN1
      - Microsoft-HTTPAPI/2.0
      server-sb:
      - Service-Bus-Resource-Provider/SN1
      strict-transport-security:
      - max-age=31536000; includeSubDomains
      transfer-encoding:
      - chunked
      vary:
      - Accept-Encoding
      x-content-type-options:
      - nosniff
      x-ms-ratelimit-remaining-subscription-writes:
      - '1199'
    status:
      code: 200
      message: OK
- request:
    body: '{"properties": {"targetNamespace": "/subscriptions/00000000-0000-0000-0000-000000000000/resourceGroups/cli_test_sb_migration000001/providers/Microsoft.ServiceBus/namespaces/sb-pre-nscli000003",
      "postMigrationName": "clipostmigration000005"}}'
    headers:
      Accept:
      - application/json
      Accept-Encoding:
      - gzip, deflate
      CommandName:
      - servicebus migration start
      Connection:
      - keep-alive
      Content-Length:
      - '241'
      Content-Type:
      - application/json
      ParameterSetName:
      - --resource-group --name --target-namespace --post-migration-name
      User-Agent:
      - AZURECLI/2.36.0 azsdk-python-azure-mgmt-servicebus/7.1.0 Python/3.7.3 (Windows-10-10.0.19041-SP0)
    method: PUT
    uri: https://management.azure.com/subscriptions/00000000-0000-0000-0000-000000000000/resourceGroups/cli_test_sb_migration000001/providers/Microsoft.ServiceBus/namespaces/sb-std-nscli000002/migrationConfigurations/%24default?api-version=2021-06-01-preview
  response:
    body:
      string: '{"id":"/subscriptions/00000000-0000-0000-0000-000000000000/resourceGroups/cli_test_sb_migration000001/providers/Microsoft.ServiceBus/namespaces/sb-std-nscli000002/migrationConfigurations/$default","name":"sb-std-nscli000002","type":"Microsoft.ServiceBus/Namespaces/migrationconfigurations","properties":{"provisioningState":"Accepted","targetNamespace":"/subscriptions/00000000-0000-0000-0000-000000000000/resourceGroups/cli_test_sb_migration000001/providers/Microsoft.ServiceBus/namespaces/sb-pre-nscli000003","postMigrationName":"clipostmigration000005","migrationState":"Initiating"}}'
    headers:
      cache-control:
      - no-cache
      content-length:
      - '587'
      content-type:
      - application/json; charset=utf-8
      date:
      - Sat, 14 May 2022 18:09:12 GMT
      expires:
      - '-1'
      pragma:
      - no-cache
      server:
      - Service-Bus-Resource-Provider/CH3
      - Microsoft-HTTPAPI/2.0
      server-sb:
      - Service-Bus-Resource-Provider/CH3
      strict-transport-security:
      - max-age=31536000; includeSubDomains
      transfer-encoding:
      - chunked
      vary:
      - Accept-Encoding
      x-content-type-options:
      - nosniff
      x-ms-ratelimit-remaining-subscription-writes:
      - '1199'
    status:
      code: 200
      message: OK
- request:
    body: null
    headers:
      Accept:
      - application/json
      Accept-Encoding:
      - gzip, deflate
      CommandName:
      - servicebus migration start
      Connection:
      - keep-alive
      ParameterSetName:
      - --resource-group --name --target-namespace --post-migration-name
      User-Agent:
      - AZURECLI/2.36.0 azsdk-python-azure-mgmt-servicebus/7.1.0 Python/3.7.3 (Windows-10-10.0.19041-SP0)
    method: GET
    uri: https://management.azure.com/subscriptions/00000000-0000-0000-0000-000000000000/resourceGroups/cli_test_sb_migration000001/providers/Microsoft.ServiceBus/namespaces/sb-std-nscli000002/migrationConfigurations/%24default?api-version=2021-06-01-preview
  response:
    body:
      string: '{"id":"/subscriptions/00000000-0000-0000-0000-000000000000/resourceGroups/cli_test_sb_migration000001/providers/Microsoft.ServiceBus/namespaces/sb-std-nscli000002/migrationConfigurations/$default","name":"sb-std-nscli000002","type":"Microsoft.ServiceBus/Namespaces/migrationconfigurations","properties":{"provisioningState":"Accepted","targetNamespace":"/subscriptions/00000000-0000-0000-0000-000000000000/resourceGroups/cli_test_sb_migration000001/providers/Microsoft.ServiceBus/namespaces/sb-pre-nscli000003","postMigrationName":"clipostmigration000005","migrationState":"Initiating"}}'
    headers:
      cache-control:
      - no-cache
      content-length:
      - '587'
      content-type:
      - application/json; charset=utf-8
      date:
      - Sat, 14 May 2022 18:09:12 GMT
      expires:
      - '-1'
      pragma:
      - no-cache
      server:
      - Service-Bus-Resource-Provider/CH3
      - Microsoft-HTTPAPI/2.0
      server-sb:
      - Service-Bus-Resource-Provider/CH3
      strict-transport-security:
      - max-age=31536000; includeSubDomains
      transfer-encoding:
      - chunked
      vary:
      - Accept-Encoding
      x-content-type-options:
      - nosniff
    status:
      code: 200
      message: OK
- request:
    body: null
    headers:
      Accept:
      - '*/*'
      Accept-Encoding:
      - gzip, deflate
      CommandName:
      - servicebus migration start
      Connection:
      - keep-alive
      ParameterSetName:
      - --resource-group --name --target-namespace --post-migration-name
      User-Agent:
      - AZURECLI/2.36.0 azsdk-python-azure-mgmt-servicebus/7.1.0 Python/3.7.3 (Windows-10-10.0.19041-SP0)
    method: GET
    uri: https://management.azure.com/subscriptions/00000000-0000-0000-0000-000000000000/resourceGroups/cli_test_sb_migration000001/providers/Microsoft.ServiceBus/namespaces/sb-std-nscli000002/migrationConfigurations/%24default?api-version=2021-06-01-preview
  response:
    body:
      string: '{"id":"/subscriptions/00000000-0000-0000-0000-000000000000/resourceGroups/cli_test_sb_migration000001/providers/Microsoft.ServiceBus/namespaces/sb-std-nscli000002/migrationConfigurations/$default","name":"sb-std-nscli000002","type":"Microsoft.ServiceBus/Namespaces/migrationconfigurations","properties":{"provisioningState":"Accepted","targetNamespace":"/subscriptions/00000000-0000-0000-0000-000000000000/resourceGroups/cli_test_sb_migration000001/providers/Microsoft.ServiceBus/namespaces/sb-pre-nscli000003","postMigrationName":"clipostmigration000005","migrationState":"Initiating"}}'
    headers:
      cache-control:
      - no-cache
      content-length:
      - '587'
      content-type:
      - application/json; charset=utf-8
      date:
      - Sat, 14 May 2022 18:09:42 GMT
      expires:
      - '-1'
      pragma:
      - no-cache
      server:
      - Service-Bus-Resource-Provider/CH3
      - Microsoft-HTTPAPI/2.0
      server-sb:
      - Service-Bus-Resource-Provider/CH3
      strict-transport-security:
      - max-age=31536000; includeSubDomains
      transfer-encoding:
      - chunked
      vary:
      - Accept-Encoding
      x-content-type-options:
      - nosniff
    status:
      code: 200
      message: OK
- request:
    body: null
    headers:
      Accept:
      - application/json
      Accept-Encoding:
      - gzip, deflate
      CommandName:
      - servicebus migration start
      Connection:
      - keep-alive
      ParameterSetName:
      - --resource-group --name --target-namespace --post-migration-name
      User-Agent:
      - AZURECLI/2.36.0 azsdk-python-azure-mgmt-servicebus/7.1.0 Python/3.7.3 (Windows-10-10.0.19041-SP0)
    method: GET
    uri: https://management.azure.com/subscriptions/00000000-0000-0000-0000-000000000000/resourceGroups/cli_test_sb_migration000001/providers/Microsoft.ServiceBus/namespaces/sb-std-nscli000002/migrationConfigurations/%24default?api-version=2021-06-01-preview
  response:
    body:
      string: '{"id":"/subscriptions/00000000-0000-0000-0000-000000000000/resourceGroups/cli_test_sb_migration000001/providers/Microsoft.ServiceBus/namespaces/sb-std-nscli000002/migrationConfigurations/$default","name":"sb-std-nscli000002","type":"Microsoft.ServiceBus/Namespaces/migrationconfigurations","properties":{"provisioningState":"Accepted","targetNamespace":"/subscriptions/00000000-0000-0000-0000-000000000000/resourceGroups/cli_test_sb_migration000001/providers/Microsoft.ServiceBus/namespaces/sb-pre-nscli000003","postMigrationName":"clipostmigration000005","migrationState":"Initiating"}}'
    headers:
      cache-control:
      - no-cache
      content-length:
      - '587'
      content-type:
      - application/json; charset=utf-8
      date:
      - Sat, 14 May 2022 18:09:42 GMT
      expires:
      - '-1'
      pragma:
      - no-cache
      server:
      - Service-Bus-Resource-Provider/CH3
      - Microsoft-HTTPAPI/2.0
      server-sb:
      - Service-Bus-Resource-Provider/CH3
      strict-transport-security:
      - max-age=31536000; includeSubDomains
      transfer-encoding:
      - chunked
      vary:
      - Accept-Encoding
      x-content-type-options:
      - nosniff
    status:
      code: 200
      message: OK
- request:
    body: null
    headers:
      Accept:
      - application/json
      Accept-Encoding:
      - gzip, deflate
      CommandName:
      - servicebus migration start
      Connection:
      - keep-alive
      ParameterSetName:
      - --resource-group --name --target-namespace --post-migration-name
      User-Agent:
      - AZURECLI/2.36.0 azsdk-python-azure-mgmt-servicebus/7.1.0 Python/3.7.3 (Windows-10-10.0.19041-SP0)
    method: GET
    uri: https://management.azure.com/subscriptions/00000000-0000-0000-0000-000000000000/resourceGroups/cli_test_sb_migration000001/providers/Microsoft.ServiceBus/namespaces/sb-std-nscli000002/migrationConfigurations/%24default?api-version=2021-06-01-preview
  response:
    body:
      string: '{"id":"/subscriptions/00000000-0000-0000-0000-000000000000/resourceGroups/cli_test_sb_migration000001/providers/Microsoft.ServiceBus/namespaces/sb-std-nscli000002/migrationConfigurations/$default","name":"sb-std-nscli000002","type":"Microsoft.ServiceBus/Namespaces/migrationconfigurations","properties":{"provisioningState":"Accepted","targetNamespace":"/subscriptions/00000000-0000-0000-0000-000000000000/resourceGroups/cli_test_sb_migration000001/providers/Microsoft.ServiceBus/namespaces/sb-pre-nscli000003","postMigrationName":"clipostmigration000005","migrationState":"Initiating"}}'
    headers:
      cache-control:
      - no-cache
      content-length:
      - '587'
      content-type:
      - application/json; charset=utf-8
      date:
      - Sat, 14 May 2022 18:10:14 GMT
      expires:
      - '-1'
      pragma:
      - no-cache
      server:
      - Service-Bus-Resource-Provider/SN1
      - Microsoft-HTTPAPI/2.0
      server-sb:
      - Service-Bus-Resource-Provider/SN1
      strict-transport-security:
      - max-age=31536000; includeSubDomains
      transfer-encoding:
      - chunked
      vary:
      - Accept-Encoding
      x-content-type-options:
      - nosniff
    status:
      code: 200
      message: OK
- request:
    body: null
    headers:
      Accept:
      - '*/*'
      Accept-Encoding:
      - gzip, deflate
      CommandName:
      - servicebus migration start
      Connection:
      - keep-alive
      ParameterSetName:
      - --resource-group --name --target-namespace --post-migration-name
      User-Agent:
      - AZURECLI/2.36.0 azsdk-python-azure-mgmt-servicebus/7.1.0 Python/3.7.3 (Windows-10-10.0.19041-SP0)
    method: GET
    uri: https://management.azure.com/subscriptions/00000000-0000-0000-0000-000000000000/resourceGroups/cli_test_sb_migration000001/providers/Microsoft.ServiceBus/namespaces/sb-std-nscli000002/migrationConfigurations/%24default?api-version=2021-06-01-preview
  response:
    body:
      string: '{"id":"/subscriptions/00000000-0000-0000-0000-000000000000/resourceGroups/cli_test_sb_migration000001/providers/Microsoft.ServiceBus/namespaces/sb-std-nscli000002/migrationConfigurations/$default","name":"sb-std-nscli000002","type":"Microsoft.ServiceBus/Namespaces/migrationconfigurations","properties":{"provisioningState":"Accepted","targetNamespace":"/subscriptions/00000000-0000-0000-0000-000000000000/resourceGroups/cli_test_sb_migration000001/providers/Microsoft.ServiceBus/namespaces/sb-pre-nscli000003","postMigrationName":"clipostmigration000005","migrationState":"Initiating"}}'
    headers:
      cache-control:
      - no-cache
      content-length:
      - '587'
      content-type:
      - application/json; charset=utf-8
      date:
      - Sat, 14 May 2022 18:10:14 GMT
      expires:
      - '-1'
      pragma:
      - no-cache
      server:
      - Service-Bus-Resource-Provider/CH3
      - Microsoft-HTTPAPI/2.0
      server-sb:
      - Service-Bus-Resource-Provider/CH3
      strict-transport-security:
      - max-age=31536000; includeSubDomains
      transfer-encoding:
      - chunked
      vary:
      - Accept-Encoding
      x-content-type-options:
      - nosniff
    status:
      code: 200
      message: OK
- request:
    body: null
    headers:
      Accept:
      - application/json
      Accept-Encoding:
      - gzip, deflate
      CommandName:
      - servicebus migration start
      Connection:
      - keep-alive
      ParameterSetName:
      - --resource-group --name --target-namespace --post-migration-name
      User-Agent:
      - AZURECLI/2.36.0 azsdk-python-azure-mgmt-servicebus/7.1.0 Python/3.7.3 (Windows-10-10.0.19041-SP0)
    method: GET
    uri: https://management.azure.com/subscriptions/00000000-0000-0000-0000-000000000000/resourceGroups/cli_test_sb_migration000001/providers/Microsoft.ServiceBus/namespaces/sb-std-nscli000002/migrationConfigurations/%24default?api-version=2021-06-01-preview
  response:
    body:
      string: '{"id":"/subscriptions/00000000-0000-0000-0000-000000000000/resourceGroups/cli_test_sb_migration000001/providers/Microsoft.ServiceBus/namespaces/sb-std-nscli000002/migrationConfigurations/$default","name":"sb-std-nscli000002","type":"Microsoft.ServiceBus/Namespaces/migrationconfigurations","properties":{"provisioningState":"Succeeded","targetNamespace":"/subscriptions/00000000-0000-0000-0000-000000000000/resourceGroups/cli_test_sb_migration000001/providers/Microsoft.ServiceBus/namespaces/sb-pre-nscli000003","postMigrationName":"clipostmigration000005","pendingReplicationOperationsCount":13,"migrationState":"Syncing"}}'
    headers:
      cache-control:
      - no-cache
      content-length:
      - '624'
      content-type:
      - application/json; charset=utf-8
      date:
      - Sat, 14 May 2022 18:10:45 GMT
      expires:
      - '-1'
      pragma:
      - no-cache
      server:
      - Service-Bus-Resource-Provider/CH3
      - Microsoft-HTTPAPI/2.0
      server-sb:
      - Service-Bus-Resource-Provider/CH3
      strict-transport-security:
      - max-age=31536000; includeSubDomains
      transfer-encoding:
      - chunked
      vary:
      - Accept-Encoding
      x-content-type-options:
      - nosniff
    status:
      code: 200
      message: OK
- request:
    body: null
    headers:
      Accept:
      - '*/*'
      Accept-Encoding:
      - gzip, deflate
      CommandName:
      - servicebus migration start
      Connection:
      - keep-alive
      ParameterSetName:
      - --resource-group --name --target-namespace --post-migration-name
      User-Agent:
      - AZURECLI/2.36.0 azsdk-python-azure-mgmt-servicebus/7.1.0 Python/3.7.3 (Windows-10-10.0.19041-SP0)
    method: GET
    uri: https://management.azure.com/subscriptions/00000000-0000-0000-0000-000000000000/resourceGroups/cli_test_sb_migration000001/providers/Microsoft.ServiceBus/namespaces/sb-std-nscli000002/migrationConfigurations/%24default?api-version=2021-06-01-preview
  response:
    body:
      string: '{"id":"/subscriptions/00000000-0000-0000-0000-000000000000/resourceGroups/cli_test_sb_migration000001/providers/Microsoft.ServiceBus/namespaces/sb-std-nscli000002/migrationConfigurations/$default","name":"sb-std-nscli000002","type":"Microsoft.ServiceBus/Namespaces/migrationconfigurations","properties":{"provisioningState":"Succeeded","targetNamespace":"/subscriptions/00000000-0000-0000-0000-000000000000/resourceGroups/cli_test_sb_migration000001/providers/Microsoft.ServiceBus/namespaces/sb-pre-nscli000003","postMigrationName":"clipostmigration000005","pendingReplicationOperationsCount":12,"migrationState":"Syncing"}}'
    headers:
      cache-control:
      - no-cache
      content-length:
      - '624'
      content-type:
      - application/json; charset=utf-8
      date:
      - Sat, 14 May 2022 18:10:45 GMT
      expires:
      - '-1'
      pragma:
      - no-cache
      server:
      - Service-Bus-Resource-Provider/CH3
      - Microsoft-HTTPAPI/2.0
      server-sb:
      - Service-Bus-Resource-Provider/CH3
      strict-transport-security:
      - max-age=31536000; includeSubDomains
      transfer-encoding:
      - chunked
      vary:
      - Accept-Encoding
      x-content-type-options:
      - nosniff
    status:
      code: 200
      message: OK
- request:
    body: null
    headers:
      Accept:
      - application/json
      Accept-Encoding:
      - gzip, deflate
      CommandName:
      - servicebus migration start
      Connection:
      - keep-alive
      ParameterSetName:
      - --resource-group --name --target-namespace --post-migration-name
      User-Agent:
      - AZURECLI/2.36.0 azsdk-python-azure-mgmt-servicebus/7.1.0 Python/3.7.3 (Windows-10-10.0.19041-SP0)
    method: GET
    uri: https://management.azure.com/subscriptions/00000000-0000-0000-0000-000000000000/resourceGroups/cli_test_sb_migration000001/providers/Microsoft.ServiceBus/namespaces/sb-std-nscli000002/migrationConfigurations/%24default?api-version=2021-06-01-preview
  response:
    body:
      string: '{"id":"/subscriptions/00000000-0000-0000-0000-000000000000/resourceGroups/cli_test_sb_migration000001/providers/Microsoft.ServiceBus/namespaces/sb-std-nscli000002/migrationConfigurations/$default","name":"sb-std-nscli000002","type":"Microsoft.ServiceBus/Namespaces/migrationconfigurations","properties":{"provisioningState":"Succeeded","targetNamespace":"/subscriptions/00000000-0000-0000-0000-000000000000/resourceGroups/cli_test_sb_migration000001/providers/Microsoft.ServiceBus/namespaces/sb-pre-nscli000003","postMigrationName":"clipostmigration000005","pendingReplicationOperationsCount":0,"migrationState":"Active"}}'
    headers:
      cache-control:
      - no-cache
      content-length:
      - '622'
      content-type:
      - application/json; charset=utf-8
      date:
      - Sat, 14 May 2022 18:11:15 GMT
      expires:
      - '-1'
      pragma:
      - no-cache
      server:
      - Service-Bus-Resource-Provider/CH3
      - Microsoft-HTTPAPI/2.0
      server-sb:
      - Service-Bus-Resource-Provider/CH3
      strict-transport-security:
      - max-age=31536000; includeSubDomains
      transfer-encoding:
      - chunked
      vary:
      - Accept-Encoding
      x-content-type-options:
      - nosniff
    status:
      code: 200
      message: OK
- request:
    body: null
    headers:
      Accept:
      - application/json
      Accept-Encoding:
      - gzip, deflate
      CommandName:
      - servicebus migration start
      Connection:
      - keep-alive
      ParameterSetName:
      - --resource-group --name --target-namespace --post-migration-name
      User-Agent:
      - AZURECLI/2.36.0 azsdk-python-azure-mgmt-servicebus/7.1.0 Python/3.7.3 (Windows-10-10.0.19041-SP0)
    method: GET
    uri: https://management.azure.com/subscriptions/00000000-0000-0000-0000-000000000000/resourceGroups/cli_test_sb_migration000001/providers/Microsoft.ServiceBus/namespaces/sb-std-nscli000002/migrationConfigurations/%24default?api-version=2021-06-01-preview
  response:
    body:
      string: '{"id":"/subscriptions/00000000-0000-0000-0000-000000000000/resourceGroups/cli_test_sb_migration000001/providers/Microsoft.ServiceBus/namespaces/sb-std-nscli000002/migrationConfigurations/$default","name":"sb-std-nscli000002","type":"Microsoft.ServiceBus/Namespaces/migrationconfigurations","properties":{"provisioningState":"Succeeded","targetNamespace":"/subscriptions/00000000-0000-0000-0000-000000000000/resourceGroups/cli_test_sb_migration000001/providers/Microsoft.ServiceBus/namespaces/sb-pre-nscli000003","postMigrationName":"clipostmigration000005","pendingReplicationOperationsCount":0,"migrationState":"Active"}}'
    headers:
      cache-control:
      - no-cache
      content-length:
      - '622'
      content-type:
      - application/json; charset=utf-8
      date:
      - Sat, 14 May 2022 18:11:15 GMT
      expires:
      - '-1'
      pragma:
      - no-cache
      server:
      - Service-Bus-Resource-Provider/CH3
      - Microsoft-HTTPAPI/2.0
      server-sb:
      - Service-Bus-Resource-Provider/CH3
      strict-transport-security:
      - max-age=31536000; includeSubDomains
      transfer-encoding:
      - chunked
      vary:
      - Accept-Encoding
      x-content-type-options:
      - nosniff
    status:
      code: 200
      message: OK
- request:
    body: null
    headers:
      Accept:
      - application/json
      Accept-Encoding:
      - gzip, deflate
      CommandName:
      - servicebus migration show
      Connection:
      - keep-alive
      ParameterSetName:
      - --resource-group --name
      User-Agent:
      - AZURECLI/2.36.0 azsdk-python-azure-mgmt-servicebus/7.1.0 Python/3.7.3 (Windows-10-10.0.19041-SP0)
    method: GET
    uri: https://management.azure.com/subscriptions/00000000-0000-0000-0000-000000000000/resourceGroups/cli_test_sb_migration000001/providers/Microsoft.ServiceBus/namespaces/sb-std-nscli000002/migrationConfigurations/%24default?api-version=2021-06-01-preview
  response:
    body:
      string: '{"id":"/subscriptions/00000000-0000-0000-0000-000000000000/resourceGroups/cli_test_sb_migration000001/providers/Microsoft.ServiceBus/namespaces/sb-std-nscli000002/migrationConfigurations/$default","name":"sb-std-nscli000002","type":"Microsoft.ServiceBus/Namespaces/migrationconfigurations","properties":{"provisioningState":"Succeeded","targetNamespace":"/subscriptions/00000000-0000-0000-0000-000000000000/resourceGroups/cli_test_sb_migration000001/providers/Microsoft.ServiceBus/namespaces/sb-pre-nscli000003","postMigrationName":"clipostmigration000005","pendingReplicationOperationsCount":0,"migrationState":"Active"}}'
    headers:
      cache-control:
      - no-cache
      content-length:
      - '622'
      content-type:
      - application/json; charset=utf-8
      date:
      - Sat, 14 May 2022 18:11:17 GMT
      expires:
      - '-1'
      pragma:
      - no-cache
      server:
      - Service-Bus-Resource-Provider/SN1
      - Microsoft-HTTPAPI/2.0
      server-sb:
      - Service-Bus-Resource-Provider/SN1
      strict-transport-security:
      - max-age=31536000; includeSubDomains
      transfer-encoding:
      - chunked
      vary:
      - Accept-Encoding
      x-content-type-options:
      - nosniff
    status:
      code: 200
      message: OK
- request:
    body: null
    headers:
      Accept:
      - application/json
      Accept-Encoding:
      - gzip, deflate
      CommandName:
      - servicebus migration complete
      Connection:
      - keep-alive
      Content-Length:
      - '0'
      ParameterSetName:
      - --resource-group --name
      User-Agent:
      - AZURECLI/2.36.0 azsdk-python-azure-mgmt-servicebus/7.1.0 Python/3.7.3 (Windows-10-10.0.19041-SP0)
    method: POST
    uri: https://management.azure.com/subscriptions/00000000-0000-0000-0000-000000000000/resourceGroups/cli_test_sb_migration000001/providers/Microsoft.ServiceBus/namespaces/sb-std-nscli000002/migrationConfigurations/%24default/upgrade?api-version=2021-06-01-preview
  response:
    body:
      string: ''
    headers:
      cache-control:
      - no-cache
      content-length:
      - '0'
      date:
      - Sat, 14 May 2022 18:11:19 GMT
      expires:
      - '-1'
      pragma:
      - no-cache
      server:
      - Service-Bus-Resource-Provider/SN1
      - Microsoft-HTTPAPI/2.0
      server-sb:
      - Service-Bus-Resource-Provider/SN1
      strict-transport-security:
      - max-age=31536000; includeSubDomains
      x-content-type-options:
      - nosniff
      x-ms-ratelimit-remaining-subscription-writes:
      - '1199'
    status:
      code: 200
      message: OK
- request:
    body: null
    headers:
      Accept:
      - application/json
      Accept-Encoding:
      - gzip, deflate
      CommandName:
      - servicebus migration show
      Connection:
      - keep-alive
      ParameterSetName:
      - --resource-group --name
      User-Agent:
      - AZURECLI/2.36.0 azsdk-python-azure-mgmt-servicebus/7.1.0 Python/3.7.3 (Windows-10-10.0.19041-SP0)
    method: GET
    uri: https://management.azure.com/subscriptions/00000000-0000-0000-0000-000000000000/resourceGroups/cli_test_sb_migration000001/providers/Microsoft.ServiceBus/namespaces/sb-std-nscli000002/migrationConfigurations/%24default?api-version=2021-06-01-preview
  response:
    body:
      string: '{"id":"/subscriptions/00000000-0000-0000-0000-000000000000/resourceGroups/cli_test_sb_migration000001/providers/Microsoft.ServiceBus/namespaces/sb-std-nscli000002/migrationConfigurations/$default","name":"sb-std-nscli000002","type":"Microsoft.ServiceBus/Namespaces/migrationconfigurations","properties":{"provisioningState":"Accepted","targetNamespace":"/subscriptions/00000000-0000-0000-0000-000000000000/resourceGroups/cli_test_sb_migration000001/providers/Microsoft.ServiceBus/namespaces/sb-pre-nscli000003","postMigrationName":"clipostmigration000005","migrationState":"Completing"}}'
    headers:
      cache-control:
      - no-cache
      content-length:
      - '587'
      content-type:
      - application/json; charset=utf-8
      date:
      - Sat, 14 May 2022 18:11:19 GMT
      expires:
      - '-1'
      pragma:
      - no-cache
      server:
      - Service-Bus-Resource-Provider/SN1
      - Microsoft-HTTPAPI/2.0
      server-sb:
      - Service-Bus-Resource-Provider/SN1
      strict-transport-security:
      - max-age=31536000; includeSubDomains
      transfer-encoding:
      - chunked
      vary:
      - Accept-Encoding
      x-content-type-options:
      - nosniff
    status:
      code: 200
      message: OK
- request:
    body: null
    headers:
      Accept:
      - application/json
      Accept-Encoding:
      - gzip, deflate
      CommandName:
      - servicebus migration show
      Connection:
      - keep-alive
      ParameterSetName:
      - --resource-group --name
      User-Agent:
      - AZURECLI/2.36.0 azsdk-python-azure-mgmt-servicebus/7.1.0 Python/3.7.3 (Windows-10-10.0.19041-SP0)
    method: GET
    uri: https://management.azure.com/subscriptions/00000000-0000-0000-0000-000000000000/resourceGroups/cli_test_sb_migration000001/providers/Microsoft.ServiceBus/namespaces/sb-std-nscli000002/migrationConfigurations/%24default?api-version=2021-06-01-preview
  response:
    body:
      string: '{"id":"/subscriptions/00000000-0000-0000-0000-000000000000/resourceGroups/cli_test_sb_migration000001/providers/Microsoft.ServiceBus/namespaces/sb-std-nscli000002/migrationConfigurations/$default","name":"sb-std-nscli000002","type":"Microsoft.ServiceBus/Namespaces/migrationconfigurations","properties":{"provisioningState":"Accepted","targetNamespace":"/subscriptions/00000000-0000-0000-0000-000000000000/resourceGroups/cli_test_sb_migration000001/providers/Microsoft.ServiceBus/namespaces/sb-pre-nscli000003","postMigrationName":"clipostmigration000005","migrationState":"Completing"}}'
    headers:
      cache-control:
      - no-cache
      content-length:
      - '587'
      content-type:
      - application/json; charset=utf-8
      date:
      - Sat, 14 May 2022 18:11:50 GMT
      expires:
      - '-1'
      pragma:
      - no-cache
      server:
      - Service-Bus-Resource-Provider/CH3
      - Microsoft-HTTPAPI/2.0
      server-sb:
      - Service-Bus-Resource-Provider/CH3
      strict-transport-security:
      - max-age=31536000; includeSubDomains
      transfer-encoding:
      - chunked
      vary:
      - Accept-Encoding
      x-content-type-options:
      - nosniff
    status:
      code: 200
      message: OK
- request:
    body: null
    headers:
      Accept:
      - application/json
      Accept-Encoding:
      - gzip, deflate
      CommandName:
      - servicebus migration show
      Connection:
      - keep-alive
      ParameterSetName:
      - --resource-group --name
      User-Agent:
      - AZURECLI/2.36.0 azsdk-python-azure-mgmt-servicebus/7.1.0 Python/3.7.3 (Windows-10-10.0.19041-SP0)
    method: GET
    uri: https://management.azure.com/subscriptions/00000000-0000-0000-0000-000000000000/resourceGroups/cli_test_sb_migration000001/providers/Microsoft.ServiceBus/namespaces/sb-std-nscli000002/migrationConfigurations/%24default?api-version=2021-06-01-preview
  response:
    body:
      string: '{"id":"/subscriptions/00000000-0000-0000-0000-000000000000/resourceGroups/cli_test_sb_migration000001/providers/Microsoft.ServiceBus/namespaces/sb-std-nscli000002/migrationConfigurations/$default","name":"sb-std-nscli000002","type":"Microsoft.ServiceBus/Namespaces/migrationconfigurations","properties":{"provisioningState":"Accepted","targetNamespace":"/subscriptions/00000000-0000-0000-0000-000000000000/resourceGroups/cli_test_sb_migration000001/providers/Microsoft.ServiceBus/namespaces/sb-pre-nscli000003","postMigrationName":"clipostmigration000005","migrationState":"Completing"}}'
    headers:
      cache-control:
      - no-cache
      content-length:
      - '587'
      content-type:
      - application/json; charset=utf-8
      date:
      - Sat, 14 May 2022 18:12:21 GMT
      expires:
      - '-1'
      pragma:
      - no-cache
      server:
      - Service-Bus-Resource-Provider/SN1
      - Microsoft-HTTPAPI/2.0
      server-sb:
      - Service-Bus-Resource-Provider/SN1
      strict-transport-security:
      - max-age=31536000; includeSubDomains
      transfer-encoding:
      - chunked
      vary:
      - Accept-Encoding
      x-content-type-options:
      - nosniff
    status:
      code: 200
      message: OK
- request:
    body: null
    headers:
      Accept:
      - application/json
      Accept-Encoding:
      - gzip, deflate
      CommandName:
      - servicebus migration show
      Connection:
      - keep-alive
      ParameterSetName:
      - --resource-group --name
      User-Agent:
      - AZURECLI/2.36.0 azsdk-python-azure-mgmt-servicebus/7.1.0 Python/3.7.3 (Windows-10-10.0.19041-SP0)
    method: GET
    uri: https://management.azure.com/subscriptions/00000000-0000-0000-0000-000000000000/resourceGroups/cli_test_sb_migration000001/providers/Microsoft.ServiceBus/namespaces/sb-std-nscli000002/migrationConfigurations/%24default?api-version=2021-06-01-preview
  response:
    body:
      string: '{"id":"/subscriptions/00000000-0000-0000-0000-000000000000/resourceGroups/cli_test_sb_migration000001/providers/Microsoft.ServiceBus/namespaces/sb-std-nscli000002/migrationConfigurations/$default","name":"sb-std-nscli000002","type":"Microsoft.ServiceBus/Namespaces/migrationconfigurations","properties":{"provisioningState":"Succeeded","targetNamespace":"/subscriptions/00000000-0000-0000-0000-000000000000/resourceGroups/cli_test_sb_migration000001/providers/Microsoft.ServiceBus/namespaces/sb-pre-nscli000003","postMigrationName":"clipostmigration000005","migrationState":"Active"}}'
    headers:
      cache-control:
      - no-cache
      content-length:
      - '584'
      content-type:
      - application/json; charset=utf-8
      date:
      - Sat, 14 May 2022 18:12:51 GMT
      expires:
      - '-1'
      pragma:
      - no-cache
      server:
      - Service-Bus-Resource-Provider/CH3
      - Microsoft-HTTPAPI/2.0
      server-sb:
      - Service-Bus-Resource-Provider/CH3
      strict-transport-security:
      - max-age=31536000; includeSubDomains
      transfer-encoding:
      - chunked
      vary:
      - Accept-Encoding
      x-content-type-options:
      - nosniff
    status:
      code: 200
      message: OK
- request:
    body: null
    headers:
      Accept:
      - application/json
      Accept-Encoding:
      - gzip, deflate
      CommandName:
      - servicebus namespace authorization-rule show
      Connection:
      - keep-alive
      ParameterSetName:
      - --resource-group --namespace-name --name
      User-Agent:
      - AZURECLI/2.36.0 azsdk-python-azure-mgmt-servicebus/7.1.0 Python/3.7.3 (Windows-10-10.0.19041-SP0)
    method: GET
    uri: https://management.azure.com/subscriptions/00000000-0000-0000-0000-000000000000/resourceGroups/cli_test_sb_migration000001/providers/Microsoft.ServiceBus/namespaces/sb-pre-nscli000003/AuthorizationRules/cliAutho000004?api-version=2021-06-01-preview
  response:
    body:
      string: '{"id":"/subscriptions/00000000-0000-0000-0000-000000000000/resourceGroups/cli_test_sb_migration000001/providers/Microsoft.ServiceBus/namespaces/sb-pre-nscli000003/AuthorizationRules/cliAutho000004","name":"cliAutho000004","type":"Microsoft.ServiceBus/Namespaces/AuthorizationRules","location":"North
        Central US","properties":{"rights":["Send"]}}'
    headers:
      cache-control:
      - no-cache
      content-length:
      - '345'
      content-type:
      - application/json; charset=utf-8
      date:
      - Sat, 14 May 2022 18:12:52 GMT
      expires:
      - '-1'
      pragma:
      - no-cache
      server:
      - Service-Bus-Resource-Provider/CH3
      - Microsoft-HTTPAPI/2.0
      server-sb:
      - Service-Bus-Resource-Provider/CH3
      strict-transport-security:
      - max-age=31536000; includeSubDomains
      transfer-encoding:
      - chunked
      vary:
      - Accept-Encoding
      x-content-type-options:
      - nosniff
    status:
      code: 200
      message: OK
- request:
    body: null
    headers:
      Accept:
      - application/json
      Accept-Encoding:
      - gzip, deflate
      CommandName:
      - servicebus queue list
      Connection:
      - keep-alive
      ParameterSetName:
      - --resource-group --namespace-name
      User-Agent:
      - AZURECLI/2.36.0 azsdk-python-azure-mgmt-servicebus/7.1.0 Python/3.7.3 (Windows-10-10.0.19041-SP0)
    method: GET
    uri: https://management.azure.com/subscriptions/00000000-0000-0000-0000-000000000000/resourceGroups/cli_test_sb_migration000001/providers/Microsoft.ServiceBus/namespaces/sb-pre-nscli000003/queues?api-version=2021-06-01-preview
  response:
    body:
      string: '{"value":[{"id":"/subscriptions/00000000-0000-0000-0000-000000000000/resourceGroups/cli_test_sb_migration000001/providers/Microsoft.ServiceBus/namespaces/sb-pre-nscli000003/queues/queue0","name":"queue0","type":"Microsoft.ServiceBus/Namespaces/Queues","location":"North
        Central US","properties":{"maxMessageSizeInKilobytes":1024,"lockDuration":"PT1M","maxSizeInMegabytes":1024,"requiresDuplicateDetection":false,"requiresSession":false,"defaultMessageTimeToLive":"P10675199DT2H48M5.4775807S","deadLetteringOnMessageExpiration":false,"enableBatchedOperations":true,"duplicateDetectionHistoryTimeWindow":"PT10M","maxDeliveryCount":10,"sizeInBytes":0,"messageCount":0,"status":"Active","autoDeleteOnIdle":"P10675199DT2H48M5.4775807S","enablePartitioning":false,"enableExpress":false,"countDetails":{"activeMessageCount":0,"deadLetterMessageCount":0,"scheduledMessageCount":0,"transferMessageCount":0,"transferDeadLetterMessageCount":0},"createdAt":"2022-05-14T18:10:47.5442389Z","updatedAt":"2022-05-14T18:10:47.5442389Z","accessedAt":"0001-01-01T00:00:00Z"}},{"id":"/subscriptions/00000000-0000-0000-0000-000000000000/resourceGroups/cli_test_sb_migration000001/providers/Microsoft.ServiceBus/namespaces/sb-pre-nscli000003/queues/queue1","name":"queue1","type":"Microsoft.ServiceBus/Namespaces/Queues","location":"North
        Central US","properties":{"maxMessageSizeInKilobytes":1024,"lockDuration":"PT1M","maxSizeInMegabytes":1024,"requiresDuplicateDetection":false,"requiresSession":false,"defaultMessageTimeToLive":"P10675199DT2H48M5.4775807S","deadLetteringOnMessageExpiration":false,"enableBatchedOperations":true,"duplicateDetectionHistoryTimeWindow":"PT10M","maxDeliveryCount":10,"sizeInBytes":0,"messageCount":0,"status":"Active","autoDeleteOnIdle":"P10675199DT2H48M5.4775807S","enablePartitioning":false,"enableExpress":false,"countDetails":{"activeMessageCount":0,"deadLetterMessageCount":0,"scheduledMessageCount":0,"transferMessageCount":0,"transferDeadLetterMessageCount":0},"createdAt":"2022-05-14T18:10:48.1692212Z","updatedAt":"2022-05-14T18:10:48.1692212Z","accessedAt":"0001-01-01T00:00:00Z"}},{"id":"/subscriptions/00000000-0000-0000-0000-000000000000/resourceGroups/cli_test_sb_migration000001/providers/Microsoft.ServiceBus/namespaces/sb-pre-nscli000003/queues/queue2","name":"queue2","type":"Microsoft.ServiceBus/Namespaces/Queues","location":"North
        Central US","properties":{"maxMessageSizeInKilobytes":1024,"lockDuration":"PT1M","maxSizeInMegabytes":1024,"requiresDuplicateDetection":false,"requiresSession":false,"defaultMessageTimeToLive":"P10675199DT2H48M5.4775807S","deadLetteringOnMessageExpiration":false,"enableBatchedOperations":true,"duplicateDetectionHistoryTimeWindow":"PT10M","maxDeliveryCount":10,"sizeInBytes":0,"messageCount":0,"status":"Active","autoDeleteOnIdle":"P10675199DT2H48M5.4775807S","enablePartitioning":false,"enableExpress":false,"countDetails":{"activeMessageCount":0,"deadLetterMessageCount":0,"scheduledMessageCount":0,"transferMessageCount":0,"transferDeadLetterMessageCount":0},"createdAt":"2022-05-14T18:10:48.9036419Z","updatedAt":"2022-05-14T18:10:48.9036419Z","accessedAt":"0001-01-01T00:00:00Z"}},{"id":"/subscriptions/00000000-0000-0000-0000-000000000000/resourceGroups/cli_test_sb_migration000001/providers/Microsoft.ServiceBus/namespaces/sb-pre-nscli000003/queues/queue3","name":"queue3","type":"Microsoft.ServiceBus/Namespaces/Queues","location":"North
        Central US","properties":{"maxMessageSizeInKilobytes":1024,"lockDuration":"PT1M","maxSizeInMegabytes":1024,"requiresDuplicateDetection":false,"requiresSession":false,"defaultMessageTimeToLive":"P10675199DT2H48M5.4775807S","deadLetteringOnMessageExpiration":false,"enableBatchedOperations":true,"duplicateDetectionHistoryTimeWindow":"PT10M","maxDeliveryCount":10,"sizeInBytes":0,"messageCount":0,"status":"Active","autoDeleteOnIdle":"P10675199DT2H48M5.4775807S","enablePartitioning":false,"enableExpress":false,"countDetails":{"activeMessageCount":0,"deadLetterMessageCount":0,"scheduledMessageCount":0,"transferMessageCount":0,"transferDeadLetterMessageCount":0},"createdAt":"2022-05-14T18:10:49.5615481Z","updatedAt":"2022-05-14T18:10:49.5615481Z","accessedAt":"0001-01-01T00:00:00Z"}},{"id":"/subscriptions/00000000-0000-0000-0000-000000000000/resourceGroups/cli_test_sb_migration000001/providers/Microsoft.ServiceBus/namespaces/sb-pre-nscli000003/queues/queue4","name":"queue4","type":"Microsoft.ServiceBus/Namespaces/Queues","location":"North
        Central US","properties":{"maxMessageSizeInKilobytes":1024,"lockDuration":"PT1M","maxSizeInMegabytes":1024,"requiresDuplicateDetection":false,"requiresSession":false,"defaultMessageTimeToLive":"P10675199DT2H48M5.4775807S","deadLetteringOnMessageExpiration":false,"enableBatchedOperations":true,"duplicateDetectionHistoryTimeWindow":"PT10M","maxDeliveryCount":10,"sizeInBytes":0,"messageCount":0,"status":"Active","autoDeleteOnIdle":"P10675199DT2H48M5.4775807S","enablePartitioning":false,"enableExpress":false,"countDetails":{"activeMessageCount":0,"deadLetterMessageCount":0,"scheduledMessageCount":0,"transferMessageCount":0,"transferDeadLetterMessageCount":0},"createdAt":"2022-05-14T18:10:50.17094Z","updatedAt":"2022-05-14T18:10:50.17094Z","accessedAt":"0001-01-01T00:00:00Z"}},{"id":"/subscriptions/00000000-0000-0000-0000-000000000000/resourceGroups/cli_test_sb_migration000001/providers/Microsoft.ServiceBus/namespaces/sb-pre-nscli000003/queues/queue5","name":"queue5","type":"Microsoft.ServiceBus/Namespaces/Queues","location":"North
        Central US","properties":{"maxMessageSizeInKilobytes":1024,"lockDuration":"PT1M","maxSizeInMegabytes":1024,"requiresDuplicateDetection":false,"requiresSession":false,"defaultMessageTimeToLive":"P10675199DT2H48M5.4775807S","deadLetteringOnMessageExpiration":false,"enableBatchedOperations":true,"duplicateDetectionHistoryTimeWindow":"PT10M","maxDeliveryCount":10,"sizeInBytes":0,"messageCount":0,"status":"Active","autoDeleteOnIdle":"P10675199DT2H48M5.4775807S","enablePartitioning":false,"enableExpress":false,"countDetails":{"activeMessageCount":0,"deadLetterMessageCount":0,"scheduledMessageCount":0,"transferMessageCount":0,"transferDeadLetterMessageCount":0},"createdAt":"2022-05-14T18:10:50.8897837Z","updatedAt":"2022-05-14T18:10:50.8897837Z","accessedAt":"0001-01-01T00:00:00Z"}},{"id":"/subscriptions/00000000-0000-0000-0000-000000000000/resourceGroups/cli_test_sb_migration000001/providers/Microsoft.ServiceBus/namespaces/sb-pre-nscli000003/queues/queue6","name":"queue6","type":"Microsoft.ServiceBus/Namespaces/Queues","location":"North
        Central US","properties":{"maxMessageSizeInKilobytes":1024,"lockDuration":"PT1M","maxSizeInMegabytes":1024,"requiresDuplicateDetection":false,"requiresSession":false,"defaultMessageTimeToLive":"P10675199DT2H48M5.4775807S","deadLetteringOnMessageExpiration":false,"enableBatchedOperations":true,"duplicateDetectionHistoryTimeWindow":"PT10M","maxDeliveryCount":10,"sizeInBytes":0,"messageCount":0,"status":"Active","autoDeleteOnIdle":"P10675199DT2H48M5.4775807S","enablePartitioning":false,"enableExpress":false,"countDetails":{"activeMessageCount":0,"deadLetterMessageCount":0,"scheduledMessageCount":0,"transferMessageCount":0,"transferDeadLetterMessageCount":0},"createdAt":"2022-05-14T18:10:51.6397679Z","updatedAt":"2022-05-14T18:10:51.6397679Z","accessedAt":"0001-01-01T00:00:00Z"}},{"id":"/subscriptions/00000000-0000-0000-0000-000000000000/resourceGroups/cli_test_sb_migration000001/providers/Microsoft.ServiceBus/namespaces/sb-pre-nscli000003/queues/queue7","name":"queue7","type":"Microsoft.ServiceBus/Namespaces/Queues","location":"North
        Central US","properties":{"maxMessageSizeInKilobytes":1024,"lockDuration":"PT1M","maxSizeInMegabytes":1024,"requiresDuplicateDetection":false,"requiresSession":false,"defaultMessageTimeToLive":"P10675199DT2H48M5.4775807S","deadLetteringOnMessageExpiration":false,"enableBatchedOperations":true,"duplicateDetectionHistoryTimeWindow":"PT10M","maxDeliveryCount":10,"sizeInBytes":0,"messageCount":0,"status":"Active","autoDeleteOnIdle":"P10675199DT2H48M5.4775807S","enablePartitioning":false,"enableExpress":false,"countDetails":{"activeMessageCount":0,"deadLetterMessageCount":0,"scheduledMessageCount":0,"transferMessageCount":0,"transferDeadLetterMessageCount":0},"createdAt":"2022-05-14T18:10:52.389866Z","updatedAt":"2022-05-14T18:10:52.389866Z","accessedAt":"0001-01-01T00:00:00Z"}},{"id":"/subscriptions/00000000-0000-0000-0000-000000000000/resourceGroups/cli_test_sb_migration000001/providers/Microsoft.ServiceBus/namespaces/sb-pre-nscli000003/queues/queue8","name":"queue8","type":"Microsoft.ServiceBus/Namespaces/Queues","location":"North
        Central US","properties":{"maxMessageSizeInKilobytes":1024,"lockDuration":"PT1M","maxSizeInMegabytes":1024,"requiresDuplicateDetection":false,"requiresSession":false,"defaultMessageTimeToLive":"P10675199DT2H48M5.4775807S","deadLetteringOnMessageExpiration":false,"enableBatchedOperations":true,"duplicateDetectionHistoryTimeWindow":"PT10M","maxDeliveryCount":10,"sizeInBytes":0,"messageCount":0,"status":"Active","autoDeleteOnIdle":"P10675199DT2H48M5.4775807S","enablePartitioning":false,"enableExpress":false,"countDetails":{"activeMessageCount":0,"deadLetterMessageCount":0,"scheduledMessageCount":0,"transferMessageCount":0,"transferDeadLetterMessageCount":0},"createdAt":"2022-05-14T18:10:53.2024079Z","updatedAt":"2022-05-14T18:10:53.2024079Z","accessedAt":"0001-01-01T00:00:00Z"}},{"id":"/subscriptions/00000000-0000-0000-0000-000000000000/resourceGroups/cli_test_sb_migration000001/providers/Microsoft.ServiceBus/namespaces/sb-pre-nscli000003/queues/queue9","name":"queue9","type":"Microsoft.ServiceBus/Namespaces/Queues","location":"North
        Central US","properties":{"maxMessageSizeInKilobytes":1024,"lockDuration":"PT1M","maxSizeInMegabytes":1024,"requiresDuplicateDetection":false,"requiresSession":false,"defaultMessageTimeToLive":"P10675199DT2H48M5.4775807S","deadLetteringOnMessageExpiration":false,"enableBatchedOperations":true,"duplicateDetectionHistoryTimeWindow":"PT10M","maxDeliveryCount":10,"sizeInBytes":0,"messageCount":0,"status":"Active","autoDeleteOnIdle":"P10675199DT2H48M5.4775807S","enablePartitioning":false,"enableExpress":false,"countDetails":{"activeMessageCount":0,"deadLetterMessageCount":0,"scheduledMessageCount":0,"transferMessageCount":0,"transferDeadLetterMessageCount":0},"createdAt":"2022-05-14T18:10:53.8899406Z","updatedAt":"2022-05-14T18:10:53.8899406Z","accessedAt":"0001-01-01T00:00:00Z"}}]}'
    headers:
      cache-control:
      - no-cache
      content-length:
      - '10475'
      content-type:
      - application/json; charset=utf-8
      date:
      - Sat, 14 May 2022 18:12:53 GMT
      expires:
      - '-1'
      pragma:
      - no-cache
      server:
      - Service-Bus-Resource-Provider/CH3
      - Microsoft-HTTPAPI/2.0
      server-sb:
      - Service-Bus-Resource-Provider/CH3
      strict-transport-security:
      - max-age=31536000; includeSubDomains
      transfer-encoding:
      - chunked
      vary:
      - Accept-Encoding
      x-content-type-options:
      - nosniff
      x-ms-inline-count:
      - ''
    status:
      code: 200
      message: OK
- request:
    body: null
    headers:
      Accept:
      - application/json
      Accept-Encoding:
      - gzip, deflate
      CommandName:
      - servicebus topic list
      Connection:
      - keep-alive
      ParameterSetName:
      - --resource-group --namespace-name
      User-Agent:
      - AZURECLI/2.36.0 azsdk-python-azure-mgmt-servicebus/7.1.0 Python/3.7.3 (Windows-10-10.0.19041-SP0)
    method: GET
    uri: https://management.azure.com/subscriptions/00000000-0000-0000-0000-000000000000/resourceGroups/cli_test_sb_migration000001/providers/Microsoft.ServiceBus/namespaces/sb-pre-nscli000003/topics?api-version=2021-06-01-preview
  response:
    body:
      string: '{"value":[{"id":"/subscriptions/00000000-0000-0000-0000-000000000000/resourceGroups/cli_test_sb_migration000001/providers/Microsoft.ServiceBus/namespaces/sb-pre-nscli000003/topics/topic0","name":"topic0","type":"Microsoft.ServiceBus/Namespaces/Topics","location":"North
        Central US","properties":{"maxMessageSizeInKilobytes":1024,"defaultMessageTimeToLive":"P10675199DT2H48M5.4775807S","maxSizeInMegabytes":1024,"requiresDuplicateDetection":false,"duplicateDetectionHistoryTimeWindow":"PT10M","enableBatchedOperations":true,"sizeInBytes":0,"status":"Active","supportOrdering":true,"autoDeleteOnIdle":"P10675199DT2H48M5.4775807S","enablePartitioning":false,"enableExpress":false,"createdAt":"2022-05-14T18:10:40.450033Z","updatedAt":"2022-05-14T18:10:40.512582Z","accessedAt":"0001-01-01T00:00:00Z","subscriptionCount":0,"countDetails":{"activeMessageCount":0,"deadLetterMessageCount":0,"scheduledMessageCount":0,"transferMessageCount":0,"transferDeadLetterMessageCount":0}}},{"id":"/subscriptions/00000000-0000-0000-0000-000000000000/resourceGroups/cli_test_sb_migration000001/providers/Microsoft.ServiceBus/namespaces/sb-pre-nscli000003/topics/topic1","name":"topic1","type":"Microsoft.ServiceBus/Namespaces/Topics","location":"North
        Central US","properties":{"maxMessageSizeInKilobytes":1024,"defaultMessageTimeToLive":"P10675199DT2H48M5.4775807S","maxSizeInMegabytes":1024,"requiresDuplicateDetection":false,"duplicateDetectionHistoryTimeWindow":"PT10M","enableBatchedOperations":true,"sizeInBytes":0,"status":"Active","supportOrdering":true,"autoDeleteOnIdle":"P10675199DT2H48M5.4775807S","enablePartitioning":false,"enableExpress":false,"createdAt":"2022-05-14T18:10:41.6376497Z","updatedAt":"2022-05-14T18:10:41.6376497Z","accessedAt":"0001-01-01T00:00:00Z","subscriptionCount":0,"countDetails":{"activeMessageCount":0,"deadLetterMessageCount":0,"scheduledMessageCount":0,"transferMessageCount":0,"transferDeadLetterMessageCount":0}}},{"id":"/subscriptions/00000000-0000-0000-0000-000000000000/resourceGroups/cli_test_sb_migration000001/providers/Microsoft.ServiceBus/namespaces/sb-pre-nscli000003/topics/topic2","name":"topic2","type":"Microsoft.ServiceBus/Namespaces/Topics","location":"North
        Central US","properties":{"maxMessageSizeInKilobytes":1024,"defaultMessageTimeToLive":"P10675199DT2H48M5.4775807S","maxSizeInMegabytes":1024,"requiresDuplicateDetection":false,"duplicateDetectionHistoryTimeWindow":"PT10M","enableBatchedOperations":true,"sizeInBytes":0,"status":"Active","supportOrdering":true,"autoDeleteOnIdle":"P10675199DT2H48M5.4775807S","enablePartitioning":false,"enableExpress":false,"createdAt":"2022-05-14T18:10:42.247044Z","updatedAt":"2022-05-14T18:10:42.247044Z","accessedAt":"0001-01-01T00:00:00Z","subscriptionCount":0,"countDetails":{"activeMessageCount":0,"deadLetterMessageCount":0,"scheduledMessageCount":0,"transferMessageCount":0,"transferDeadLetterMessageCount":0}}},{"id":"/subscriptions/00000000-0000-0000-0000-000000000000/resourceGroups/cli_test_sb_migration000001/providers/Microsoft.ServiceBus/namespaces/sb-pre-nscli000003/topics/topic3","name":"topic3","type":"Microsoft.ServiceBus/Namespaces/Topics","location":"North
        Central US","properties":{"maxMessageSizeInKilobytes":1024,"defaultMessageTimeToLive":"P10675199DT2H48M5.4775807S","maxSizeInMegabytes":1024,"requiresDuplicateDetection":false,"duplicateDetectionHistoryTimeWindow":"PT10M","enableBatchedOperations":true,"sizeInBytes":0,"status":"Active","supportOrdering":true,"autoDeleteOnIdle":"P10675199DT2H48M5.4775807S","enablePartitioning":false,"enableExpress":false,"createdAt":"2022-05-14T18:10:42.793959Z","updatedAt":"2022-05-14T18:10:42.793959Z","accessedAt":"0001-01-01T00:00:00Z","subscriptionCount":0,"countDetails":{"activeMessageCount":0,"deadLetterMessageCount":0,"scheduledMessageCount":0,"transferMessageCount":0,"transferDeadLetterMessageCount":0}}},{"id":"/subscriptions/00000000-0000-0000-0000-000000000000/resourceGroups/cli_test_sb_migration000001/providers/Microsoft.ServiceBus/namespaces/sb-pre-nscli000003/topics/topic4","name":"topic4","type":"Microsoft.ServiceBus/Namespaces/Topics","location":"North
        Central US","properties":{"maxMessageSizeInKilobytes":1024,"defaultMessageTimeToLive":"P10675199DT2H48M5.4775807S","maxSizeInMegabytes":1024,"requiresDuplicateDetection":false,"duplicateDetectionHistoryTimeWindow":"PT10M","enableBatchedOperations":true,"sizeInBytes":0,"status":"Active","supportOrdering":true,"autoDeleteOnIdle":"P10675199DT2H48M5.4775807S","enablePartitioning":false,"enableExpress":false,"createdAt":"2022-05-14T18:10:43.4345535Z","updatedAt":"2022-05-14T18:10:43.4345535Z","accessedAt":"0001-01-01T00:00:00Z","subscriptionCount":0,"countDetails":{"activeMessageCount":0,"deadLetterMessageCount":0,"scheduledMessageCount":0,"transferMessageCount":0,"transferDeadLetterMessageCount":0}}},{"id":"/subscriptions/00000000-0000-0000-0000-000000000000/resourceGroups/cli_test_sb_migration000001/providers/Microsoft.ServiceBus/namespaces/sb-pre-nscli000003/topics/topic5","name":"topic5","type":"Microsoft.ServiceBus/Namespaces/Topics","location":"North
        Central US","properties":{"maxMessageSizeInKilobytes":1024,"defaultMessageTimeToLive":"P10675199DT2H48M5.4775807S","maxSizeInMegabytes":1024,"requiresDuplicateDetection":false,"duplicateDetectionHistoryTimeWindow":"PT10M","enableBatchedOperations":true,"sizeInBytes":0,"status":"Active","supportOrdering":true,"autoDeleteOnIdle":"P10675199DT2H48M5.4775807S","enablePartitioning":false,"enableExpress":false,"createdAt":"2022-05-14T18:10:44.1690272Z","updatedAt":"2022-05-14T18:10:44.1690272Z","accessedAt":"0001-01-01T00:00:00Z","subscriptionCount":0,"countDetails":{"activeMessageCount":0,"deadLetterMessageCount":0,"scheduledMessageCount":0,"transferMessageCount":0,"transferDeadLetterMessageCount":0}}},{"id":"/subscriptions/00000000-0000-0000-0000-000000000000/resourceGroups/cli_test_sb_migration000001/providers/Microsoft.ServiceBus/namespaces/sb-pre-nscli000003/topics/topic6","name":"topic6","type":"Microsoft.ServiceBus/Namespaces/Topics","location":"North
        Central US","properties":{"maxMessageSizeInKilobytes":1024,"defaultMessageTimeToLive":"P10675199DT2H48M5.4775807S","maxSizeInMegabytes":1024,"requiresDuplicateDetection":false,"duplicateDetectionHistoryTimeWindow":"PT10M","enableBatchedOperations":true,"sizeInBytes":0,"status":"Active","supportOrdering":true,"autoDeleteOnIdle":"P10675199DT2H48M5.4775807S","enablePartitioning":false,"enableExpress":false,"createdAt":"2022-05-14T18:10:44.7471715Z","updatedAt":"2022-05-14T18:10:44.7471715Z","accessedAt":"0001-01-01T00:00:00Z","subscriptionCount":0,"countDetails":{"activeMessageCount":0,"deadLetterMessageCount":0,"scheduledMessageCount":0,"transferMessageCount":0,"transferDeadLetterMessageCount":0}}},{"id":"/subscriptions/00000000-0000-0000-0000-000000000000/resourceGroups/cli_test_sb_migration000001/providers/Microsoft.ServiceBus/namespaces/sb-pre-nscli000003/topics/topic7","name":"topic7","type":"Microsoft.ServiceBus/Namespaces/Topics","location":"North
        Central US","properties":{"maxMessageSizeInKilobytes":1024,"defaultMessageTimeToLive":"P10675199DT2H48M5.4775807S","maxSizeInMegabytes":1024,"requiresDuplicateDetection":false,"duplicateDetectionHistoryTimeWindow":"PT10M","enableBatchedOperations":true,"sizeInBytes":0,"status":"Active","supportOrdering":true,"autoDeleteOnIdle":"P10675199DT2H48M5.4775807S","enablePartitioning":false,"enableExpress":false,"createdAt":"2022-05-14T18:10:45.4190929Z","updatedAt":"2022-05-14T18:10:45.4190929Z","accessedAt":"0001-01-01T00:00:00Z","subscriptionCount":0,"countDetails":{"activeMessageCount":0,"deadLetterMessageCount":0,"scheduledMessageCount":0,"transferMessageCount":0,"transferDeadLetterMessageCount":0}}},{"id":"/subscriptions/00000000-0000-0000-0000-000000000000/resourceGroups/cli_test_sb_migration000001/providers/Microsoft.ServiceBus/namespaces/sb-pre-nscli000003/topics/topic8","name":"topic8","type":"Microsoft.ServiceBus/Namespaces/Topics","location":"North
        Central US","properties":{"maxMessageSizeInKilobytes":1024,"defaultMessageTimeToLive":"P10675199DT2H48M5.4775807S","maxSizeInMegabytes":1024,"requiresDuplicateDetection":false,"duplicateDetectionHistoryTimeWindow":"PT10M","enableBatchedOperations":true,"sizeInBytes":0,"status":"Active","supportOrdering":true,"autoDeleteOnIdle":"P10675199DT2H48M5.4775807S","enablePartitioning":false,"enableExpress":false,"createdAt":"2022-05-14T18:10:46.0909905Z","updatedAt":"2022-05-14T18:10:46.0909905Z","accessedAt":"0001-01-01T00:00:00Z","subscriptionCount":0,"countDetails":{"activeMessageCount":0,"deadLetterMessageCount":0,"scheduledMessageCount":0,"transferMessageCount":0,"transferDeadLetterMessageCount":0}}},{"id":"/subscriptions/00000000-0000-0000-0000-000000000000/resourceGroups/cli_test_sb_migration000001/providers/Microsoft.ServiceBus/namespaces/sb-pre-nscli000003/topics/topic9","name":"topic9","type":"Microsoft.ServiceBus/Namespaces/Topics","location":"North
        Central US","properties":{"maxMessageSizeInKilobytes":1024,"defaultMessageTimeToLive":"P10675199DT2H48M5.4775807S","maxSizeInMegabytes":1024,"requiresDuplicateDetection":false,"duplicateDetectionHistoryTimeWindow":"PT10M","enableBatchedOperations":true,"sizeInBytes":0,"status":"Active","supportOrdering":true,"autoDeleteOnIdle":"P10675199DT2H48M5.4775807S","enablePartitioning":false,"enableExpress":false,"createdAt":"2022-05-14T18:10:46.7004044Z","updatedAt":"2022-05-14T18:10:46.7004044Z","accessedAt":"0001-01-01T00:00:00Z","subscriptionCount":0,"countDetails":{"activeMessageCount":0,"deadLetterMessageCount":0,"scheduledMessageCount":0,"transferMessageCount":0,"transferDeadLetterMessageCount":0}}}]}'
    headers:
      cache-control:
      - no-cache
      content-length:
      - '9665'
      content-type:
      - application/json; charset=utf-8
      date:
      - Sat, 14 May 2022 18:12:54 GMT
      expires:
      - '-1'
      pragma:
      - no-cache
      server:
      - Service-Bus-Resource-Provider/CH3
      - Microsoft-HTTPAPI/2.0
      server-sb:
      - Service-Bus-Resource-Provider/CH3
      strict-transport-security:
      - max-age=31536000; includeSubDomains
      transfer-encoding:
      - chunked
      vary:
      - Accept-Encoding
      x-content-type-options:
      - nosniff
      x-ms-inline-count:
      - ''
    status:
      code: 200
      message: OK
- request:
    body: null
    headers:
      Accept:
      - application/json
      Accept-Encoding:
      - gzip, deflate
      CommandName:
      - servicebus namespace show
      Connection:
      - keep-alive
      ParameterSetName:
      - --resource-group --name
      User-Agent:
      - AZURECLI/2.36.0 azsdk-python-azure-mgmt-servicebus/7.1.0 Python/3.7.3 (Windows-10-10.0.19041-SP0)
    method: GET
    uri: https://management.azure.com/subscriptions/00000000-0000-0000-0000-000000000000/resourceGroups/cli_test_sb_migration000001/providers/Microsoft.ServiceBus/namespaces/sb-std-nscli000002?api-version=2021-06-01-preview
  response:
    body:
      string: '{"sku":{"name":"Standard","tier":"Standard"},"id":"/subscriptions/00000000-0000-0000-0000-000000000000/resourceGroups/cli_test_sb_migration000001/providers/Microsoft.ServiceBus/namespaces/sb-std-nscli000002","name":"sb-std-nscli000002","type":"Microsoft.ServiceBus/Namespaces","location":"South
        Central US","tags":{"{tag2: value2,":"","tag1: value1}":""},"properties":{"disableLocalAuth":false,"zoneRedundant":false,"provisioningState":"Succeeded","metricId":"326100e2-f69d-4268-8503-075374f62b6e:sb-std-nscli000002","createdAt":"2022-05-14T18:05:12.233Z","updatedAt":"2022-05-14T18:12:39.587Z","serviceBusEndpoint":"https://sb-std-nscli000002.servicebus.windows.net:443/","status":"Active","alternateName":"clipostmigration000005"}}'
    headers:
      cache-control:
      - no-cache
      content-length:
      - '733'
      content-type:
      - application/json; charset=utf-8
      date:
      - Sat, 14 May 2022 18:13:25 GMT
      expires:
      - '-1'
      pragma:
      - no-cache
      server:
      - Service-Bus-Resource-Provider/CH3
      - Microsoft-HTTPAPI/2.0
      server-sb:
      - Service-Bus-Resource-Provider/CH3
      strict-transport-security:
      - max-age=31536000; includeSubDomains
      transfer-encoding:
      - chunked
      vary:
      - Accept-Encoding
      x-content-type-options:
      - nosniff
    status:
      code: 200
      message: OK
- request:
    body: null
    headers:
      Accept:
      - application/json
      Accept-Encoding:
      - gzip, deflate
      CommandName:
      - servicebus namespace delete
      Connection:
      - keep-alive
      Content-Length:
      - '0'
      ParameterSetName:
      - --resource-group --name
      User-Agent:
      - AZURECLI/2.36.0 azsdk-python-azure-mgmt-servicebus/7.1.0 Python/3.7.3 (Windows-10-10.0.19041-SP0)
    method: DELETE
    uri: https://management.azure.com/subscriptions/00000000-0000-0000-0000-000000000000/resourceGroups/cli_test_sb_migration000001/providers/Microsoft.ServiceBus/namespaces/sb-std-nscli000002?api-version=2021-06-01-preview
  response:
    body:
      string: ''
    headers:
      cache-control:
      - no-cache
      content-length:
      - '0'
      date:
      - Sat, 14 May 2022 18:13:28 GMT
      expires:
      - '-1'
      location:
      - https://management.azure.com/subscriptions/00000000-0000-0000-0000-000000000000/resourceGroups/cli_test_sb_migration000001/providers/Microsoft.ServiceBus/namespaces/sb-std-nscli000002/operationresults/sb-std-nscli000002?api-version=2021-06-01-preview
      pragma:
      - no-cache
      server:
      - Service-Bus-Resource-Provider/CH3
      - Microsoft-HTTPAPI/2.0
      server-sb:
      - Service-Bus-Resource-Provider/CH3
      strict-transport-security:
      - max-age=31536000; includeSubDomains
      x-content-type-options:
      - nosniff
      x-ms-ratelimit-remaining-subscription-deletes:
      - '14999'
    status:
      code: 202
      message: Accepted
- request:
    body: null
    headers:
      Accept:
      - '*/*'
      Accept-Encoding:
      - gzip, deflate
      CommandName:
      - servicebus namespace delete
      Connection:
      - keep-alive
      ParameterSetName:
      - --resource-group --name
      User-Agent:
      - AZURECLI/2.36.0 azsdk-python-azure-mgmt-servicebus/7.1.0 Python/3.7.3 (Windows-10-10.0.19041-SP0)
    method: GET
    uri: https://management.azure.com/subscriptions/00000000-0000-0000-0000-000000000000/resourceGroups/cli_test_sb_migration000001/providers/Microsoft.ServiceBus/namespaces/sb-std-nscli000002/operationresults/sb-std-nscli000002?api-version=2021-06-01-preview
  response:
    body:
      string: ''
    headers:
      cache-control:
      - no-cache
      content-length:
      - '0'
      date:
      - Sat, 14 May 2022 18:13:58 GMT
      expires:
      - '-1'
      pragma:
      - no-cache
      server:
      - Service-Bus-Resource-Provider/CH3
      - Microsoft-HTTPAPI/2.0
      server-sb:
      - Service-Bus-Resource-Provider/CH3
      strict-transport-security:
      - max-age=31536000; includeSubDomains
      x-content-type-options:
      - nosniff
    status:
      code: 200
      message: OK
- request:
    body: null
    headers:
      Accept:
      - application/json
      Accept-Encoding:
      - gzip, deflate
      CommandName:
      - servicebus namespace show
      Connection:
      - keep-alive
      ParameterSetName:
      - --resource-group --name
      User-Agent:
      - AZURECLI/2.36.0 azsdk-python-azure-mgmt-servicebus/7.1.0 Python/3.7.3 (Windows-10-10.0.19041-SP0)
    method: GET
    uri: https://management.azure.com/subscriptions/00000000-0000-0000-0000-000000000000/resourceGroups/cli_test_sb_migration000001/providers/Microsoft.ServiceBus/namespaces/sb-pre-nscli000003?api-version=2021-06-01-preview
  response:
    body:
      string: '{"sku":{"name":"Premium","tier":"Premium","capacity":1},"id":"/subscriptions/00000000-0000-0000-0000-000000000000/resourceGroups/cli_test_sb_migration000001/providers/Microsoft.ServiceBus/namespaces/sb-pre-nscli000003","name":"sb-pre-nscli000003","type":"Microsoft.ServiceBus/Namespaces","location":"North
        Central US","tags":{"{tag2: value2,":"","tag1: value1}":""},"properties":{"disableLocalAuth":false,"zoneRedundant":false,"provisioningState":"Succeeded","metricId":"326100e2-f69d-4268-8503-075374f62b6e:sb-pre-nscli000003","createdAt":"2022-05-14T18:06:16.747Z","updatedAt":"2022-05-14T18:12:38.72Z","serviceBusEndpoint":"https://sb-pre-nscli000003.servicebus.windows.net:443/","status":"Active"}}'
    headers:
      cache-control:
      - no-cache
      content-length:
      - '702'
      content-type:
      - application/json; charset=utf-8
      date:
      - Sat, 14 May 2022 18:13:59 GMT
      expires:
      - '-1'
      pragma:
      - no-cache
      server:
      - Service-Bus-Resource-Provider/CH3
      - Microsoft-HTTPAPI/2.0
      server-sb:
      - Service-Bus-Resource-Provider/CH3
      strict-transport-security:
      - max-age=31536000; includeSubDomains
      transfer-encoding:
      - chunked
      vary:
      - Accept-Encoding
      x-content-type-options:
      - nosniff
    status:
      code: 200
      message: OK
version: 1
