interactions:
- request:
    body: '{"location": "westus", "tags": {"product": "azurecli", "cause": "automation",
      "date": "2018-08-02T02:27:43Z"}}'
    headers:
      Accept: [application/json]
      Accept-Encoding: ['gzip, deflate']
      CommandName: [group create]
      Connection: [keep-alive]
      Content-Length: ['110']
      Content-Type: [application/json; charset=utf-8]
      User-Agent: [python/3.6.3 (Windows-10-10.0.17134-SP0) requests/2.18.4 msrest/0.5.2
          msrest_azure/0.4.34 resourcemanagementclient/2.0.0 Azure-SDK-For-Python
          AZURECLI/2.0.44]
      accept-language: [en-US]
    method: PUT
    uri: https://management.azure.com/subscriptions/00000000-0000-0000-0000-000000000000/resourcegroups/cli_test_eh_eventnhub000001?api-version=2018-05-01
  response:
    body: {string: '{"id":"/subscriptions/00000000-0000-0000-0000-000000000000/resourceGroups/cli_test_eh_eventnhub000001","name":"cli_test_eh_eventnhub000001","location":"westus","tags":{"product":"azurecli","cause":"automation","date":"2018-08-02T02:27:43Z"},"properties":{"provisioningState":"Succeeded"}}'}
    headers:
      cache-control: [no-cache]
      content-length: ['384']
      content-type: [application/json; charset=utf-8]
      date: ['Thu, 02 Aug 2018 02:27:43 GMT']
      expires: ['-1']
      pragma: [no-cache]
      strict-transport-security: [max-age=31536000; includeSubDomains]
      x-content-type-options: [nosniff]
      x-ms-ratelimit-remaining-subscription-writes: ['1199']
    status: {code: 201, message: Created}
- request:
    body: '{"location": "westus2", "tags": {"{tag2: value2,": "", "tag1: value1}":
      ""}, "sku": {"name": "Standard", "tier": "Standard"}, "properties": {"isAutoInflateEnabled":
      true, "maximumThroughputUnits": 4}}'
    headers:
      Accept: [application/json]
      Accept-Encoding: ['gzip, deflate']
      CommandName: [eventhubs namespace create]
      Connection: [keep-alive]
      Content-Length: ['200']
      Content-Type: [application/json; charset=utf-8]
      User-Agent: [python/3.6.3 (Windows-10-10.0.17134-SP0) requests/2.18.4 msrest/0.5.2
          msrest_azure/0.4.34 azure-mgmt-eventhub/2.1.0 Azure-SDK-For-Python AZURECLI/2.0.44]
      accept-language: [en-US]
    method: PUT
    uri: https://management.azure.com/subscriptions/00000000-0000-0000-0000-000000000000/resourceGroups/cli_test_eh_eventnhub000001/providers/Microsoft.EventHub/namespaces/eventhubs-nscli000002?api-version=2017-04-01
  response:
    body: {string: '{"sku":{"name":"Standard","tier":"Standard","capacity":1},"id":"/subscriptions/00000000-0000-0000-0000-000000000000/resourceGroups/cli_test_eh_eventnhub000001/providers/Microsoft.EventHub/namespaces/eventhubs-nscli000002","name":"eventhubs-nscli000002","type":"Microsoft.EventHub/Namespaces","location":"West
        US 2","tags":{"{tag2: value2,":"","tag1: value1}":""},"properties":{"isAutoInflateEnabled":true,"maximumThroughputUnits":4,"provisioningState":"Created","metricId":"55f3dcd4-cac7-43b4-990b-a139d62a1eb2:eventhubs-nscli000002","createdAt":"2018-08-02T02:27:45.317Z","updatedAt":"2018-08-02T02:27:45.317Z","serviceBusEndpoint":"https://eventhubs-nscli000002.servicebus.windows.net:443/","status":"Activating"}}'}
    headers:
      cache-control: [no-cache]
      content-length: ['760']
      content-type: [application/json; charset=utf-8]
      date: ['Thu, 02 Aug 2018 02:27:45 GMT']
      expires: ['-1']
      pragma: [no-cache]
      server: [Service-Bus-Resource-Provider/CH3, Microsoft-HTTPAPI/2.0]
      server-sb: [Service-Bus-Resource-Provider/CH3]
      strict-transport-security: [max-age=31536000; includeSubDomains]
      transfer-encoding: [chunked]
      vary: [Accept-Encoding]
      x-content-type-options: [nosniff]
      x-ms-ratelimit-remaining-subscription-writes: ['1199']
    status: {code: 200, message: OK}
- request:
    body: null
    headers:
      Accept: [application/json]
      Accept-Encoding: ['gzip, deflate']
      CommandName: [eventhubs namespace create]
      Connection: [keep-alive]
      User-Agent: [python/3.6.3 (Windows-10-10.0.17134-SP0) requests/2.18.4 msrest/0.5.2
          msrest_azure/0.4.34 azure-mgmt-eventhub/2.1.0 Azure-SDK-For-Python AZURECLI/2.0.44]
    method: GET
    uri: https://management.azure.com/subscriptions/00000000-0000-0000-0000-000000000000/resourceGroups/cli_test_eh_eventnhub000001/providers/Microsoft.EventHub/namespaces/eventhubs-nscli000002?api-version=2017-04-01
  response:
    body: {string: '{"sku":{"name":"Standard","tier":"Standard","capacity":1},"id":"/subscriptions/00000000-0000-0000-0000-000000000000/resourceGroups/cli_test_eh_eventnhub000001/providers/Microsoft.EventHub/namespaces/eventhubs-nscli000002","name":"eventhubs-nscli000002","type":"Microsoft.EventHub/Namespaces","location":"West
        US 2","tags":{"{tag2: value2,":"","tag1: value1}":""},"properties":{"isAutoInflateEnabled":true,"maximumThroughputUnits":4,"provisioningState":"Succeeded","metricId":"55f3dcd4-cac7-43b4-990b-a139d62a1eb2:eventhubs-nscli000002","createdAt":"2018-08-02T02:27:45.317Z","updatedAt":"2018-08-02T02:28:11.473Z","serviceBusEndpoint":"https://eventhubs-nscli000002.servicebus.windows.net:443/","status":"Active"}}'}
    headers:
      cache-control: [no-cache]
      content-length: ['758']
      content-type: [application/json; charset=utf-8]
      date: ['Thu, 02 Aug 2018 02:28:16 GMT']
      expires: ['-1']
      pragma: [no-cache]
      server: [Service-Bus-Resource-Provider/CH3, Microsoft-HTTPAPI/2.0]
      server-sb: [Service-Bus-Resource-Provider/CH3]
      strict-transport-security: [max-age=31536000; includeSubDomains]
      transfer-encoding: [chunked]
      vary: [Accept-Encoding]
      x-content-type-options: [nosniff]
    status: {code: 200, message: OK}
- request:
    body: null
    headers:
      Accept: [application/json]
      Accept-Encoding: ['gzip, deflate']
      CommandName: [eventhubs namespace show]
      Connection: [keep-alive]
      Content-Type: [application/json; charset=utf-8]
      User-Agent: [python/3.6.3 (Windows-10-10.0.17134-SP0) requests/2.18.4 msrest/0.5.2
          msrest_azure/0.4.34 azure-mgmt-eventhub/2.1.0 Azure-SDK-For-Python AZURECLI/2.0.44]
      accept-language: [en-US]
    method: GET
    uri: https://management.azure.com/subscriptions/00000000-0000-0000-0000-000000000000/resourceGroups/cli_test_eh_eventnhub000001/providers/Microsoft.EventHub/namespaces/eventhubs-nscli000002?api-version=2017-04-01
  response:
    body: {string: '{"sku":{"name":"Standard","tier":"Standard","capacity":1},"id":"/subscriptions/00000000-0000-0000-0000-000000000000/resourceGroups/cli_test_eh_eventnhub000001/providers/Microsoft.EventHub/namespaces/eventhubs-nscli000002","name":"eventhubs-nscli000002","type":"Microsoft.EventHub/Namespaces","location":"West
        US 2","tags":{"{tag2: value2,":"","tag1: value1}":""},"properties":{"isAutoInflateEnabled":true,"maximumThroughputUnits":4,"provisioningState":"Succeeded","metricId":"55f3dcd4-cac7-43b4-990b-a139d62a1eb2:eventhubs-nscli000002","createdAt":"2018-08-02T02:27:45.317Z","updatedAt":"2018-08-02T02:28:11.473Z","serviceBusEndpoint":"https://eventhubs-nscli000002.servicebus.windows.net:443/","status":"Active"}}'}
    headers:
      cache-control: [no-cache]
      content-length: ['758']
      content-type: [application/json; charset=utf-8]
      date: ['Thu, 02 Aug 2018 02:28:16 GMT']
      expires: ['-1']
      pragma: [no-cache]
      server: [Service-Bus-Resource-Provider/CH3, Microsoft-HTTPAPI/2.0]
      server-sb: [Service-Bus-Resource-Provider/CH3]
      strict-transport-security: [max-age=31536000; includeSubDomains]
      transfer-encoding: [chunked]
      vary: [Accept-Encoding]
      x-content-type-options: [nosniff]
    status: {code: 200, message: OK}
- request:
    body: '{}'
    headers:
      Accept: [application/json]
      Accept-Encoding: ['gzip, deflate']
      CommandName: [eventhubs eventhub create]
      Connection: [keep-alive]
      Content-Length: ['2']
      Content-Type: [application/json; charset=utf-8]
      User-Agent: [python/3.6.3 (Windows-10-10.0.17134-SP0) requests/2.18.4 msrest/0.5.2
          msrest_azure/0.4.34 azure-mgmt-eventhub/2.1.0 Azure-SDK-For-Python AZURECLI/2.0.44]
      accept-language: [en-US]
    method: PUT
    uri: https://management.azure.com/subscriptions/00000000-0000-0000-0000-000000000000/resourceGroups/cli_test_eh_eventnhub000001/providers/Microsoft.EventHub/namespaces/eventhubs-nscli000002/eventhubs/eventhubs-eventhubcli000004?api-version=2017-04-01
  response:
    body: {string: '{"id":"/subscriptions/00000000-0000-0000-0000-000000000000/resourceGroups/cli_test_eh_eventnhub000001/providers/Microsoft.EventHub/namespaces/eventhubs-nscli000002/eventhubs/eventhubs-eventhubcli000004","name":"eventhubs-eventhubcli000004","type":"Microsoft.EventHub/Namespaces/EventHubs","location":"West
        US 2","properties":{"messageRetentionInDays":7,"partitionCount":4,"status":"Active","createdAt":"2018-08-02T02:28:20.017Z","updatedAt":"2018-08-02T02:28:26.207Z","partitionIds":["0","1","2","3"]}}'}
    headers:
      cache-control: [no-cache]
      content-length: ['545']
      content-type: [application/json; charset=utf-8]
      date: ['Thu, 02 Aug 2018 02:28:25 GMT']
      expires: ['-1']
      pragma: [no-cache]
      server: [Service-Bus-Resource-Provider/CH3, Microsoft-HTTPAPI/2.0]
      server-sb: [Service-Bus-Resource-Provider/CH3]
      strict-transport-security: [max-age=31536000; includeSubDomains]
      transfer-encoding: [chunked]
      vary: [Accept-Encoding]
      x-content-type-options: [nosniff]
      x-ms-ratelimit-remaining-subscription-writes: ['1199']
    status: {code: 200, message: OK}
- request:
    body: null
    headers:
      Accept: [application/json]
      Accept-Encoding: ['gzip, deflate']
      CommandName: [eventhubs eventhub show]
      Connection: [keep-alive]
      Content-Type: [application/json; charset=utf-8]
      User-Agent: [python/3.6.3 (Windows-10-10.0.17134-SP0) requests/2.18.4 msrest/0.5.2
          msrest_azure/0.4.34 azure-mgmt-eventhub/2.1.0 Azure-SDK-For-Python AZURECLI/2.0.44]
      accept-language: [en-US]
    method: GET
    uri: https://management.azure.com/subscriptions/00000000-0000-0000-0000-000000000000/resourceGroups/cli_test_eh_eventnhub000001/providers/Microsoft.EventHub/namespaces/eventhubs-nscli000002/eventhubs/eventhubs-eventhubcli000004?api-version=2017-04-01
  response:
    body: {string: '{"id":"/subscriptions/00000000-0000-0000-0000-000000000000/resourceGroups/cli_test_eh_eventnhub000001/providers/Microsoft.EventHub/namespaces/eventhubs-nscli000002/eventhubs/eventhubs-eventhubcli000004","name":"eventhubs-eventhubcli000004","type":"Microsoft.EventHub/Namespaces/EventHubs","location":"West
        US 2","properties":{"messageRetentionInDays":7,"partitionCount":4,"status":"Active","createdAt":"2018-08-02T02:28:20.017","updatedAt":"2018-08-02T02:28:26.207","partitionIds":["0","1","2","3"]}}'}
    headers:
      cache-control: [no-cache]
      content-length: ['543']
      content-type: [application/json; charset=utf-8]
      date: ['Thu, 02 Aug 2018 02:28:27 GMT']
      expires: ['-1']
      pragma: [no-cache]
      server: [Service-Bus-Resource-Provider/CH3, Microsoft-HTTPAPI/2.0]
      server-sb: [Service-Bus-Resource-Provider/CH3]
      strict-transport-security: [max-age=31536000; includeSubDomains]
      transfer-encoding: [chunked]
      vary: [Accept-Encoding]
      x-content-type-options: [nosniff]
    status: {code: 200, message: OK}
- request:
    body: '{"properties": {"partitionCount": 4}}'
    headers:
      Accept: [application/json]
      Accept-Encoding: ['gzip, deflate']
      CommandName: [eventhubs eventhub create]
      Connection: [keep-alive]
      Content-Length: ['37']
      Content-Type: [application/json; charset=utf-8]
      User-Agent: [python/3.6.3 (Windows-10-10.0.17134-SP0) requests/2.18.4 msrest/0.5.2
          msrest_azure/0.4.34 azure-mgmt-eventhub/2.1.0 Azure-SDK-For-Python AZURECLI/2.0.44]
      accept-language: [en-US]
    method: PUT
    uri: https://management.azure.com/subscriptions/00000000-0000-0000-0000-000000000000/resourceGroups/cli_test_eh_eventnhub000001/providers/Microsoft.EventHub/namespaces/eventhubs-nscli000002/eventhubs/eventhubs-eventhubcli000004?api-version=2017-04-01
  response:
    body: {string: '{"id":"/subscriptions/00000000-0000-0000-0000-000000000000/resourceGroups/cli_test_eh_eventnhub000001/providers/Microsoft.EventHub/namespaces/eventhubs-nscli000002/eventhubs/eventhubs-eventhubcli000004","name":"eventhubs-eventhubcli000004","type":"Microsoft.EventHub/Namespaces/EventHubs","location":"West
        US 2","properties":{"messageRetentionInDays":7,"partitionCount":4,"status":"Active","createdAt":"0001-01-01T00:00:00","updatedAt":"0001-01-01T00:00:00","partitionIds":[]}}'}
    headers:
      cache-control: [no-cache]
      content-length: ['520']
      content-type: [application/json; charset=utf-8]
      date: ['Thu, 02 Aug 2018 02:28:28 GMT']
      expires: ['-1']
      pragma: [no-cache]
      server: [Service-Bus-Resource-Provider/CH3, Microsoft-HTTPAPI/2.0]
      server-sb: [Service-Bus-Resource-Provider/CH3]
      strict-transport-security: [max-age=31536000; includeSubDomains]
      transfer-encoding: [chunked]
      vary: [Accept-Encoding]
      x-content-type-options: [nosniff]
      x-ms-ratelimit-remaining-subscription-writes: ['1199']
    status: {code: 200, message: OK}
- request:
    body: null
    headers:
      Accept: [application/json]
      Accept-Encoding: ['gzip, deflate']
      CommandName: [eventhubs eventhub list]
      Connection: [keep-alive]
      Content-Type: [application/json; charset=utf-8]
      User-Agent: [python/3.6.3 (Windows-10-10.0.17134-SP0) requests/2.18.4 msrest/0.5.2
          msrest_azure/0.4.34 azure-mgmt-eventhub/2.1.0 Azure-SDK-For-Python AZURECLI/2.0.44]
      accept-language: [en-US]
    method: GET
    uri: https://management.azure.com/subscriptions/00000000-0000-0000-0000-000000000000/resourceGroups/cli_test_eh_eventnhub000001/providers/Microsoft.EventHub/namespaces/eventhubs-nscli000002/eventhubs?api-version=2017-04-01
  response:
    body: {string: '{"value":[{"id":"/subscriptions/00000000-0000-0000-0000-000000000000/resourceGroups/cli_test_eh_eventnhub000001/providers/Microsoft.EventHub/namespaces/eventhubs-nscli000002/eventhubs/eventhubs-eventhubcli000004","name":"eventhubs-eventhubcli000004","type":"Microsoft.EventHub/Namespaces/EventHubs","location":"West
        US 2","properties":{"messageRetentionInDays":7,"partitionCount":4,"status":"Active","createdAt":"2018-08-02T02:28:20.017","updatedAt":"2018-08-02T02:28:29.057","partitionIds":["0","1","2","3"]}}]}'}
    headers:
      cache-control: [no-cache]
      content-length: ['555']
      content-type: [application/json; charset=utf-8]
      date: ['Thu, 02 Aug 2018 02:28:29 GMT']
      expires: ['-1']
      pragma: [no-cache]
      server: [Service-Bus-Resource-Provider/CH3, Microsoft-HTTPAPI/2.0]
      server-sb: [Service-Bus-Resource-Provider/CH3]
      strict-transport-security: [max-age=31536000; includeSubDomains]
      transfer-encoding: [chunked]
      vary: [Accept-Encoding]
      x-content-type-options: [nosniff]
      x-ms-inline-count: ['']
    status: {code: 200, message: OK}
- request:
    body: '{"properties": {"rights": ["Listen"]}}'
    headers:
      Accept: [application/json]
      Accept-Encoding: ['gzip, deflate']
      CommandName: [eventhubs eventhub authorization-rule create]
      Connection: [keep-alive]
      Content-Length: ['38']
      Content-Type: [application/json; charset=utf-8]
      User-Agent: [python/3.6.3 (Windows-10-10.0.17134-SP0) requests/2.18.4 msrest/0.5.2
          msrest_azure/0.4.34 azure-mgmt-eventhub/2.1.0 Azure-SDK-For-Python AZURECLI/2.0.44]
      accept-language: [en-US]
    method: PUT
    uri: https://management.azure.com/subscriptions/00000000-0000-0000-0000-000000000000/resourceGroups/cli_test_eh_eventnhub000001/providers/Microsoft.EventHub/namespaces/eventhubs-nscli000002/eventhubs/eventhubs-eventhubcli000004/authorizationRules/cliAutho000003?api-version=2017-04-01
  response:
    body: {string: '{"id":"/subscriptions/00000000-0000-0000-0000-000000000000/resourceGroups/cli_test_eh_eventnhub000001/providers/Microsoft.EventHub/namespaces/eventhubs-nscli000002/eventhubs/eventhubs-eventhubcli000004/authorizationRules/cliAutho000003","name":"cliAutho000003","type":"Microsoft.EventHub/Namespaces/EventHubs/AuthorizationRules","location":"West
        US 2","properties":{"rights":["Listen"]}}'}
    headers:
      cache-control: [no-cache]
      content-length: ['444']
      content-type: [application/json; charset=utf-8]
      date: ['Thu, 02 Aug 2018 02:28:31 GMT']
      expires: ['-1']
      pragma: [no-cache]
      server: [Service-Bus-Resource-Provider/CH3, Microsoft-HTTPAPI/2.0]
      server-sb: [Service-Bus-Resource-Provider/CH3]
      strict-transport-security: [max-age=31536000; includeSubDomains]
      transfer-encoding: [chunked]
      vary: [Accept-Encoding]
      x-content-type-options: [nosniff]
      x-ms-ratelimit-remaining-subscription-writes: ['1198']
    status: {code: 200, message: OK}
- request:
    body: null
    headers:
      Accept: [application/json]
      Accept-Encoding: ['gzip, deflate']
      CommandName: [eventhubs eventhub authorization-rule show]
      Connection: [keep-alive]
      Content-Type: [application/json; charset=utf-8]
      User-Agent: [python/3.6.3 (Windows-10-10.0.17134-SP0) requests/2.18.4 msrest/0.5.2
          msrest_azure/0.4.34 azure-mgmt-eventhub/2.1.0 Azure-SDK-For-Python AZURECLI/2.0.44]
      accept-language: [en-US]
    method: GET
    uri: https://management.azure.com/subscriptions/00000000-0000-0000-0000-000000000000/resourceGroups/cli_test_eh_eventnhub000001/providers/Microsoft.EventHub/namespaces/eventhubs-nscli000002/eventhubs/eventhubs-eventhubcli000004/authorizationRules/cliAutho000003?api-version=2017-04-01
  response:
    body: {string: '{"id":"/subscriptions/00000000-0000-0000-0000-000000000000/resourceGroups/cli_test_eh_eventnhub000001/providers/Microsoft.EventHub/namespaces/eventhubs-nscli000002/eventhubs/eventhubs-eventhubcli000004/authorizationRules/cliAutho000003","name":"cliAutho000003","type":"Microsoft.EventHub/Namespaces/EventHubs/AuthorizationRules","location":"West
        US 2","properties":{"rights":["Listen"]}}'}
    headers:
      cache-control: [no-cache]
      content-length: ['444']
      content-type: [application/json; charset=utf-8]
      date: ['Thu, 02 Aug 2018 02:28:32 GMT']
      expires: ['-1']
      pragma: [no-cache]
      server: [Service-Bus-Resource-Provider/CH3, Microsoft-HTTPAPI/2.0]
      server-sb: [Service-Bus-Resource-Provider/CH3]
      strict-transport-security: [max-age=31536000; includeSubDomains]
      transfer-encoding: [chunked]
      vary: [Accept-Encoding]
      x-content-type-options: [nosniff]
    status: {code: 200, message: OK}
- request:
    body: null
    headers:
      Accept: [application/json]
      Accept-Encoding: ['gzip, deflate']
      CommandName: [eventhubs eventhub authorization-rule update]
      Connection: [keep-alive]
      Content-Type: [application/json; charset=utf-8]
      User-Agent: [python/3.6.3 (Windows-10-10.0.17134-SP0) requests/2.18.4 msrest/0.5.2
          msrest_azure/0.4.34 azure-mgmt-eventhub/2.1.0 Azure-SDK-For-Python AZURECLI/2.0.44]
      accept-language: [en-US]
    method: GET
    uri: https://management.azure.com/subscriptions/00000000-0000-0000-0000-000000000000/resourceGroups/cli_test_eh_eventnhub000001/providers/Microsoft.EventHub/namespaces/eventhubs-nscli000002/eventhubs/eventhubs-eventhubcli000004/authorizationRules/cliAutho000003?api-version=2017-04-01
  response:
    body: {string: '{"id":"/subscriptions/00000000-0000-0000-0000-000000000000/resourceGroups/cli_test_eh_eventnhub000001/providers/Microsoft.EventHub/namespaces/eventhubs-nscli000002/eventhubs/eventhubs-eventhubcli000004/authorizationRules/cliAutho000003","name":"cliAutho000003","type":"Microsoft.EventHub/Namespaces/EventHubs/AuthorizationRules","location":"West
        US 2","properties":{"rights":["Listen"]}}'}
    headers:
      cache-control: [no-cache]
      content-length: ['444']
      content-type: [application/json; charset=utf-8]
      date: ['Thu, 02 Aug 2018 02:28:33 GMT']
      expires: ['-1']
      pragma: [no-cache]
      server: [Service-Bus-Resource-Provider/CH3, Microsoft-HTTPAPI/2.0]
      server-sb: [Service-Bus-Resource-Provider/CH3]
      strict-transport-security: [max-age=31536000; includeSubDomains]
      transfer-encoding: [chunked]
      vary: [Accept-Encoding]
      x-content-type-options: [nosniff]
    status: {code: 200, message: OK}
- request:
    body: '{"properties": {"rights": ["Send"]}}'
    headers:
      Accept: [application/json]
      Accept-Encoding: ['gzip, deflate']
      CommandName: [eventhubs eventhub authorization-rule update]
      Connection: [keep-alive]
      Content-Length: ['36']
      Content-Type: [application/json; charset=utf-8]
      User-Agent: [python/3.6.3 (Windows-10-10.0.17134-SP0) requests/2.18.4 msrest/0.5.2
          msrest_azure/0.4.34 azure-mgmt-eventhub/2.1.0 Azure-SDK-For-Python AZURECLI/2.0.44]
      accept-language: [en-US]
    method: PUT
    uri: https://management.azure.com/subscriptions/00000000-0000-0000-0000-000000000000/resourceGroups/cli_test_eh_eventnhub000001/providers/Microsoft.EventHub/namespaces/eventhubs-nscli000002/eventhubs/eventhubs-eventhubcli000004/authorizationRules/cliAutho000003?api-version=2017-04-01
  response:
    body: {string: '{"id":"/subscriptions/00000000-0000-0000-0000-000000000000/resourceGroups/cli_test_eh_eventnhub000001/providers/Microsoft.EventHub/namespaces/eventhubs-nscli000002/eventhubs/eventhubs-eventhubcli000004/authorizationRules/cliAutho000003","name":"cliAutho000003","type":"Microsoft.EventHub/Namespaces/EventHubs/AuthorizationRules","location":"West
        US 2","properties":{"rights":["Send"]}}'}
    headers:
      cache-control: [no-cache]
      content-length: ['442']
      content-type: [application/json; charset=utf-8]
      date: ['Thu, 02 Aug 2018 02:28:34 GMT']
      expires: ['-1']
      pragma: [no-cache]
      server: [Service-Bus-Resource-Provider/CH3, Microsoft-HTTPAPI/2.0]
      server-sb: [Service-Bus-Resource-Provider/CH3]
      strict-transport-security: [max-age=31536000; includeSubDomains]
      transfer-encoding: [chunked]
      vary: [Accept-Encoding]
      x-content-type-options: [nosniff]
      x-ms-ratelimit-remaining-subscription-writes: ['1199']
    status: {code: 200, message: OK}
- request:
    body: null
    headers:
      Accept: [application/json]
      Accept-Encoding: ['gzip, deflate']
      CommandName: [eventhubs eventhub authorization-rule keys list]
      Connection: [keep-alive]
      Content-Length: ['0']
      Content-Type: [application/json; charset=utf-8]
      User-Agent: [python/3.6.3 (Windows-10-10.0.17134-SP0) requests/2.18.4 msrest/0.5.2
          msrest_azure/0.4.34 azure-mgmt-eventhub/2.1.0 Azure-SDK-For-Python AZURECLI/2.0.44]
      accept-language: [en-US]
    method: POST
    uri: https://management.azure.com/subscriptions/00000000-0000-0000-0000-000000000000/resourceGroups/cli_test_eh_eventnhub000001/providers/Microsoft.EventHub/namespaces/eventhubs-nscli000002/eventhubs/eventhubs-eventhubcli000004/authorizationRules/cliAutho000003/ListKeys?api-version=2017-04-01
  response:
    body: {string: '{"primaryConnectionString":"Endpoint=sb://eventhubs-nscli000002.servicebus.windows.net/;SharedAccessKeyName=cliAutho000003;SharedAccessKey=TVYGbal6apmkcSbbTMeL/vtTBESe+hZ1sGXx/U9qZlU=;EntityPath=eventhubs-eventhubcli000004","secondaryConnectionString":"Endpoint=sb://eventhubs-nscli000002.servicebus.windows.net/;SharedAccessKeyName=cliAutho000003;SharedAccessKey=6RSFvQWDspSeR2HM0n2ZTPF5oeOm+gW7iTwNTxp/OcM=;EntityPath=eventhubs-eventhubcli000004","primaryKey":"TVYGbal6apmkcSbbTMeL/vtTBESe+hZ1sGXx/U9qZlU=","secondaryKey":"6RSFvQWDspSeR2HM0n2ZTPF5oeOm+gW7iTwNTxp/OcM=","keyName":"cliAutho000003"}'}
    headers:
      cache-control: [no-cache]
      content-length: ['610']
      content-type: [application/json; charset=utf-8]
      date: ['Thu, 02 Aug 2018 02:28:35 GMT']
      expires: ['-1']
      pragma: [no-cache]
      server: [Service-Bus-Resource-Provider/CH3, Microsoft-HTTPAPI/2.0]
      server-sb: [Service-Bus-Resource-Provider/CH3]
      strict-transport-security: [max-age=31536000; includeSubDomains]
      transfer-encoding: [chunked]
      vary: [Accept-Encoding]
      x-content-type-options: [nosniff]
      x-ms-ratelimit-remaining-subscription-writes: ['1199']
    status: {code: 200, message: OK}
- request:
    body: '{"keyType": "PrimaryKey"}'
    headers:
      Accept: [application/json]
      Accept-Encoding: ['gzip, deflate']
      CommandName: [eventhubs eventhub authorization-rule keys renew]
      Connection: [keep-alive]
      Content-Length: ['25']
      Content-Type: [application/json; charset=utf-8]
      User-Agent: [python/3.6.3 (Windows-10-10.0.17134-SP0) requests/2.18.4 msrest/0.5.2
          msrest_azure/0.4.34 azure-mgmt-eventhub/2.1.0 Azure-SDK-For-Python AZURECLI/2.0.44]
      accept-language: [en-US]
    method: POST
    uri: https://management.azure.com/subscriptions/00000000-0000-0000-0000-000000000000/resourceGroups/cli_test_eh_eventnhub000001/providers/Microsoft.EventHub/namespaces/eventhubs-nscli000002/eventhubs/eventhubs-eventhubcli000004/authorizationRules/cliAutho000003/regenerateKeys?api-version=2017-04-01
  response:
    body: {string: '{"primaryConnectionString":"Endpoint=sb://eventhubs-nscli000002.servicebus.windows.net/;SharedAccessKeyName=cliAutho000003;SharedAccessKey=5tQjQqeTKttaBKrzJHkfkLnJHu30RXlM4Uyk07qR/0Y=;EntityPath=eventhubs-eventhubcli000004","secondaryConnectionString":"Endpoint=sb://eventhubs-nscli000002.servicebus.windows.net/;SharedAccessKeyName=cliAutho000003;SharedAccessKey=6RSFvQWDspSeR2HM0n2ZTPF5oeOm+gW7iTwNTxp/OcM=;EntityPath=eventhubs-eventhubcli000004","primaryKey":"5tQjQqeTKttaBKrzJHkfkLnJHu30RXlM4Uyk07qR/0Y=","secondaryKey":"6RSFvQWDspSeR2HM0n2ZTPF5oeOm+gW7iTwNTxp/OcM=","keyName":"cliAutho000003"}'}
    headers:
      cache-control: [no-cache]
      content-length: ['610']
      content-type: [application/json; charset=utf-8]
      date: ['Thu, 02 Aug 2018 02:28:36 GMT']
      expires: ['-1']
      pragma: [no-cache]
      server: [Service-Bus-Resource-Provider/CH3, Microsoft-HTTPAPI/2.0]
      server-sb: [Service-Bus-Resource-Provider/CH3]
      strict-transport-security: [max-age=31536000; includeSubDomains]
      transfer-encoding: [chunked]
      vary: [Accept-Encoding]
      x-content-type-options: [nosniff]
      x-ms-ratelimit-remaining-subscription-writes: ['1199']
    status: {code: 200, message: OK}
- request:
    body: '{"keyType": "SecondaryKey"}'
    headers:
      Accept: [application/json]
      Accept-Encoding: ['gzip, deflate']
      CommandName: [eventhubs eventhub authorization-rule keys renew]
      Connection: [keep-alive]
      Content-Length: ['27']
      Content-Type: [application/json; charset=utf-8]
      User-Agent: [python/3.6.3 (Windows-10-10.0.17134-SP0) requests/2.18.4 msrest/0.5.2
          msrest_azure/0.4.34 azure-mgmt-eventhub/2.1.0 Azure-SDK-For-Python AZURECLI/2.0.44]
      accept-language: [en-US]
    method: POST
    uri: https://management.azure.com/subscriptions/00000000-0000-0000-0000-000000000000/resourceGroups/cli_test_eh_eventnhub000001/providers/Microsoft.EventHub/namespaces/eventhubs-nscli000002/eventhubs/eventhubs-eventhubcli000004/authorizationRules/cliAutho000003/regenerateKeys?api-version=2017-04-01
  response:
    body: {string: '{"primaryConnectionString":"Endpoint=sb://eventhubs-nscli000002.servicebus.windows.net/;SharedAccessKeyName=cliAutho000003;SharedAccessKey=5tQjQqeTKttaBKrzJHkfkLnJHu30RXlM4Uyk07qR/0Y=;EntityPath=eventhubs-eventhubcli000004","secondaryConnectionString":"Endpoint=sb://eventhubs-nscli000002.servicebus.windows.net/;SharedAccessKeyName=cliAutho000003;SharedAccessKey=HatYyzaWfxhFXaqEDKfZq+ONVfKJYlVQdp7rTkW5IMo=;EntityPath=eventhubs-eventhubcli000004","primaryKey":"5tQjQqeTKttaBKrzJHkfkLnJHu30RXlM4Uyk07qR/0Y=","secondaryKey":"HatYyzaWfxhFXaqEDKfZq+ONVfKJYlVQdp7rTkW5IMo=","keyName":"cliAutho000003"}'}
    headers:
      cache-control: [no-cache]
      content-length: ['610']
      content-type: [application/json; charset=utf-8]
      date: ['Thu, 02 Aug 2018 02:28:37 GMT']
      expires: ['-1']
      pragma: [no-cache]
      server: [Service-Bus-Resource-Provider/CH3, Microsoft-HTTPAPI/2.0]
      server-sb: [Service-Bus-Resource-Provider/CH3]
      strict-transport-security: [max-age=31536000; includeSubDomains]
      transfer-encoding: [chunked]
      vary: [Accept-Encoding]
      x-content-type-options: [nosniff]
      x-ms-ratelimit-remaining-subscription-writes: ['1199']
    status: {code: 200, message: OK}
- request:
    body: null
    headers:
      Accept: [application/json]
      Accept-Encoding: ['gzip, deflate']
      CommandName: [eventhubs eventhub authorization-rule delete]
      Connection: [keep-alive]
      Content-Length: ['0']
      Content-Type: [application/json; charset=utf-8]
      User-Agent: [python/3.6.3 (Windows-10-10.0.17134-SP0) requests/2.18.4 msrest/0.5.2
          msrest_azure/0.4.34 azure-mgmt-eventhub/2.1.0 Azure-SDK-For-Python AZURECLI/2.0.44]
      accept-language: [en-US]
    method: DELETE
    uri: https://management.azure.com/subscriptions/00000000-0000-0000-0000-000000000000/resourceGroups/cli_test_eh_eventnhub000001/providers/Microsoft.EventHub/namespaces/eventhubs-nscli000002/eventhubs/eventhubs-eventhubcli000004/authorizationRules/cliAutho000003?api-version=2017-04-01
  response:
    body: {string: ''}
    headers:
      cache-control: [no-cache]
      content-length: ['0']
      date: ['Thu, 02 Aug 2018 02:28:38 GMT']
      expires: ['-1']
      pragma: [no-cache]
      server: [Service-Bus-Resource-Provider/CH3, Microsoft-HTTPAPI/2.0]
      server-sb: [Service-Bus-Resource-Provider/CH3]
      strict-transport-security: [max-age=31536000; includeSubDomains]
      x-content-type-options: [nosniff]
      x-ms-ratelimit-remaining-subscription-deletes: ['14998']
    status: {code: 200, message: OK}
- request:
    body: null
    headers:
      Accept: [application/json]
      Accept-Encoding: ['gzip, deflate']
      CommandName: [eventhubs eventhub delete]
      Connection: [keep-alive]
      Content-Length: ['0']
      Content-Type: [application/json; charset=utf-8]
      User-Agent: [python/3.6.3 (Windows-10-10.0.17134-SP0) requests/2.18.4 msrest/0.5.2
          msrest_azure/0.4.34 azure-mgmt-eventhub/2.1.0 Azure-SDK-For-Python AZURECLI/2.0.44]
      accept-language: [en-US]
    method: DELETE
    uri: https://management.azure.com/subscriptions/00000000-0000-0000-0000-000000000000/resourceGroups/cli_test_eh_eventnhub000001/providers/Microsoft.EventHub/namespaces/eventhubs-nscli000002/eventhubs/eventhubs-eventhubcli000004?api-version=2017-04-01
  response:
    body: {string: ''}
    headers:
      cache-control: [no-cache]
      content-length: ['0']
      date: ['Thu, 02 Aug 2018 02:28:40 GMT']
      expires: ['-1']
      pragma: [no-cache]
      server: [Service-Bus-Resource-Provider/CH3, Microsoft-HTTPAPI/2.0]
      server-sb: [Service-Bus-Resource-Provider/CH3]
      strict-transport-security: [max-age=31536000; includeSubDomains]
      x-content-type-options: [nosniff]
      x-ms-ratelimit-remaining-subscription-deletes: ['14999']
    status: {code: 200, message: OK}
- request:
    body: null
    headers:
      Accept: [application/json]
      Accept-Encoding: ['gzip, deflate']
      CommandName: [eventhubs namespace delete]
      Connection: [keep-alive]
      Content-Length: ['0']
      Content-Type: [application/json; charset=utf-8]
      User-Agent: [python/3.6.3 (Windows-10-10.0.17134-SP0) requests/2.18.4 msrest/0.5.2
          msrest_azure/0.4.34 azure-mgmt-eventhub/2.1.0 Azure-SDK-For-Python AZURECLI/2.0.44]
      accept-language: [en-US]
    method: DELETE
    uri: https://management.azure.com/subscriptions/00000000-0000-0000-0000-000000000000/resourceGroups/cli_test_eh_eventnhub000001/providers/Microsoft.EventHub/namespaces/eventhubs-nscli000002?api-version=2017-04-01
  response:
    body: {string: ''}
    headers:
      cache-control: [no-cache]
      content-length: ['0']
      date: ['Thu, 02 Aug 2018 02:28:41 GMT']
      expires: ['-1']
      location: ['https://management.azure.com/subscriptions/00000000-0000-0000-0000-000000000000/resourceGroups/cli_test_eh_eventnhub000001/providers/Microsoft.EventHub/namespaces/eventhubs-nscli000002/operationresults/eventhubs-nscli000002?api-version=2017-04-01']
      pragma: [no-cache]
      server: [Service-Bus-Resource-Provider/CH3, Microsoft-HTTPAPI/2.0]
      server-sb: [Service-Bus-Resource-Provider/CH3]
      strict-transport-security: [max-age=31536000; includeSubDomains]
      x-content-type-options: [nosniff]
      x-ms-ratelimit-remaining-subscription-deletes: ['14998']
    status: {code: 202, message: Accepted}
- request:
    body: null
    headers:
      Accept: [application/json]
      Accept-Encoding: ['gzip, deflate']
      CommandName: [eventhubs namespace delete]
      Connection: [keep-alive]
      User-Agent: [python/3.6.3 (Windows-10-10.0.17134-SP0) requests/2.18.4 msrest/0.5.2
          msrest_azure/0.4.34 azure-mgmt-eventhub/2.1.0 Azure-SDK-For-Python AZURECLI/2.0.44]
    method: GET
    uri: https://management.azure.com/subscriptions/00000000-0000-0000-0000-000000000000/resourceGroups/cli_test_eh_eventnhub000001/providers/Microsoft.EventHub/namespaces/eventhubs-nscli000002/operationresults/eventhubs-nscli000002?api-version=2017-04-01
  response:
    body: {string: ''}
    headers:
      cache-control: [no-cache]
      content-length: ['0']
      date: ['Thu, 02 Aug 2018 02:29:12 GMT']
      expires: ['-1']
      pragma: [no-cache]
      server: [Service-Bus-Resource-Provider/CH3, Microsoft-HTTPAPI/2.0]
      server-sb: [Service-Bus-Resource-Provider/CH3]
      strict-transport-security: [max-age=31536000; includeSubDomains]
      x-content-type-options: [nosniff]
    status: {code: 200, message: OK}
- request:
    body: null
    headers:
      Accept: [application/json]
      Accept-Encoding: ['gzip, deflate']
      CommandName: [group delete]
      Connection: [keep-alive]
      Content-Length: ['0']
      Content-Type: [application/json; charset=utf-8]
      User-Agent: [python/3.6.3 (Windows-10-10.0.17134-SP0) requests/2.18.4 msrest/0.5.2
          msrest_azure/0.4.34 resourcemanagementclient/2.0.0 Azure-SDK-For-Python
          AZURECLI/2.0.44]
      accept-language: [en-US]
    method: DELETE
    uri: https://management.azure.com/subscriptions/00000000-0000-0000-0000-000000000000/resourcegroups/cli_test_eh_eventnhub000001?api-version=2018-05-01
  response:
    body: {string: ''}
    headers:
      cache-control: [no-cache]
      content-length: ['0']
      date: ['Thu, 02 Aug 2018 02:29:13 GMT']
      expires: ['-1']
      location: ['https://management.azure.com/subscriptions/00000000-0000-0000-0000-000000000000/operationresults/eyJqb2JJZCI6IlJFU09VUkNFR1JPVVBERUxFVElPTkpPQi1DTEk6NUZURVNUOjVGRUg6NUZFVkVOVE5IVUJLM09SUzVaNVZRSEVQSEwzM1JERHxBODIyNTY0NkQyNUMyQTIyLVdFU1RVUyIsImpvYkxvY2F0aW9uIjoid2VzdHVzIn0?api-version=2018-05-01']
      pragma: [no-cache]
      strict-transport-security: [max-age=31536000; includeSubDomains]
      x-content-type-options: [nosniff]
      x-ms-ratelimit-remaining-subscription-deletes: ['14999']
    status: {code: 202, message: Accepted}
version: 1
