interactions:
- request:
    body: '{"location": "westus", "tags": {"product": "azurecli", "cause": "automation",
      "date": "2019-04-26T21:54:43Z"}}'
    headers:
      Accept: [application/json]
      Accept-Encoding: ['gzip, deflate']
      CommandName: [group create]
      Connection: [keep-alive]
      Content-Length: ['110']
      Content-Type: [application/json; charset=utf-8]
      ParameterSetName: [--location --name --tag]
      User-Agent: [python/3.7.3 (Windows-10-10.0.17763-SP0) msrest/0.6.6 msrest_azure/0.4.34
          resourcemanagementclient/2.1.0 Azure-SDK-For-Python AZURECLI/2.0.63]
      accept-language: [en-US]
    method: PUT
    uri: https://management.azure.com/subscriptions/00000000-0000-0000-0000-000000000000/resourcegroups/cli_test_eh_network000001?api-version=2018-05-01
  response:
    body: {string: '{"id":"/subscriptions/00000000-0000-0000-0000-000000000000/resourceGroups/cli_test_eh_network000001","name":"cli_test_eh_network000001","location":"westus","tags":{"product":"azurecli","cause":"automation","date":"2019-04-26T21:54:43Z"},"properties":{"provisioningState":"Succeeded"}}'}
    headers:
      cache-control: [no-cache]
      content-length: ['384']
      content-type: [application/json; charset=utf-8]
      date: ['Fri, 26 Apr 2019 21:54:50 GMT']
      expires: ['-1']
      pragma: [no-cache]
      strict-transport-security: [max-age=31536000; includeSubDomains]
      x-content-type-options: [nosniff]
      x-ms-ratelimit-remaining-subscription-writes: ['1199']
    status: {code: 201, message: Created}
- request:
    body: null
    headers:
      Accept: [application/json]
      Accept-Encoding: ['gzip, deflate']
      CommandName: [network vnet create]
      Connection: [keep-alive]
      ParameterSetName: [--resource-group --name]
      User-Agent: [python/3.7.3 (Windows-10-10.0.17763-SP0) msrest/0.6.6 msrest_azure/0.4.34
          resourcemanagementclient/2.1.0 Azure-SDK-For-Python AZURECLI/2.0.63]
      accept-language: [en-US]
    method: GET
    uri: https://management.azure.com/subscriptions/00000000-0000-0000-0000-000000000000/resourcegroups/cli_test_eh_network000001?api-version=2018-05-01
  response:
    body: {string: '{"id":"/subscriptions/00000000-0000-0000-0000-000000000000/resourceGroups/cli_test_eh_network000001","name":"cli_test_eh_network000001","location":"westus","tags":{"product":"azurecli","cause":"automation","date":"2019-04-26T21:54:43Z"},"properties":{"provisioningState":"Succeeded"}}'}
    headers:
      cache-control: [no-cache]
      content-length: ['384']
      content-type: [application/json; charset=utf-8]
      date: ['Fri, 26 Apr 2019 21:54:48 GMT']
      expires: ['-1']
      pragma: [no-cache]
      strict-transport-security: [max-age=31536000; includeSubDomains]
      vary: [Accept-Encoding]
      x-content-type-options: [nosniff]
    status: {code: 200, message: OK}
- request:
    body: '{"location": "westus", "tags": {}, "properties": {"addressSpace": {"addressPrefixes":
      ["10.0.0.0/16"]}, "dhcpOptions": {}}}'
    headers:
      Accept: [application/json]
      Accept-Encoding: ['gzip, deflate']
      CommandName: [network vnet create]
      Connection: [keep-alive]
      Content-Length: ['123']
      Content-Type: [application/json; charset=utf-8]
      ParameterSetName: [--resource-group --name]
      User-Agent: [python/3.7.3 (Windows-10-10.0.17763-SP0) msrest/0.6.6 msrest_azure/0.4.34
          networkmanagementclient/2.6.0 Azure-SDK-For-Python AZURECLI/2.0.63]
      accept-language: [en-US]
    method: PUT
    uri: https://management.azure.com/subscriptions/00000000-0000-0000-0000-000000000000/resourceGroups/cli_test_eh_network000001/providers/Microsoft.Network/virtualNetworks/sbehvnettest1?api-version=2018-12-01
  response:
    body: {string: "{\r\n  \"name\": \"sbehvnettest1\",\r\n  \"id\": \"/subscriptions/00000000-0000-0000-0000-000000000000/resourceGroups/cli_test_eh_network000001/providers/Microsoft.Network/virtualNetworks/sbehvnettest1\"\
        ,\r\n  \"etag\": \"W/\\\"12097ba2-1db0-4ea0-a0d4-02fbd04bf153\\\"\",\r\n \
        \ \"type\": \"Microsoft.Network/virtualNetworks\",\r\n  \"location\": \"westus\"\
        ,\r\n  \"tags\": {},\r\n  \"properties\": {\r\n    \"provisioningState\":\
        \ \"Updating\",\r\n    \"resourceGuid\": \"a18022a5-99e6-43af-902d-8e33ef8d59e4\"\
        ,\r\n    \"addressSpace\": {\r\n      \"addressPrefixes\": [\r\n        \"\
        10.0.0.0/16\"\r\n      ]\r\n    },\r\n    \"dhcpOptions\": {\r\n      \"dnsServers\"\
        : []\r\n    },\r\n    \"subnets\": [],\r\n    \"virtualNetworkPeerings\":\
        \ [],\r\n    \"enableDdosProtection\": false,\r\n    \"enableVmProtection\"\
        : false\r\n  }\r\n}"}
    headers:
      azure-asyncoperation: ['https://management.azure.com/subscriptions/00000000-0000-0000-0000-000000000000/providers/Microsoft.Network/locations/westus/operations/bca853b6-82ec-44a0-980f-a347bdc1ffe4?api-version=2018-12-01']
      cache-control: [no-cache]
      content-length: ['782']
      content-type: [application/json; charset=utf-8]
      date: ['Fri, 26 Apr 2019 21:54:59 GMT']
      expires: ['-1']
      pragma: [no-cache]
      server: [Microsoft-HTTPAPI/2.0, Microsoft-HTTPAPI/2.0]
      strict-transport-security: [max-age=31536000; includeSubDomains]
      x-content-type-options: [nosniff]
      x-ms-ratelimit-remaining-subscription-writes: ['1199']
    status: {code: 201, message: Created}
- request:
    body: null
    headers:
      Accept: [application/json]
      Accept-Encoding: ['gzip, deflate']
      CommandName: [network vnet create]
      Connection: [keep-alive]
      ParameterSetName: [--resource-group --name]
      User-Agent: [python/3.7.3 (Windows-10-10.0.17763-SP0) msrest/0.6.6 msrest_azure/0.4.34
          networkmanagementclient/2.6.0 Azure-SDK-For-Python AZURECLI/2.0.63]
    method: GET
    uri: https://management.azure.com/subscriptions/00000000-0000-0000-0000-000000000000/providers/Microsoft.Network/locations/westus/operations/bca853b6-82ec-44a0-980f-a347bdc1ffe4?api-version=2018-12-01
  response:
    body: {string: "{\r\n  \"status\": \"Succeeded\"\r\n}"}
    headers:
      cache-control: [no-cache]
      content-length: ['29']
      content-type: [application/json; charset=utf-8]
      date: ['Fri, 26 Apr 2019 21:54:51 GMT']
      expires: ['-1']
      pragma: [no-cache]
      server: [Microsoft-HTTPAPI/2.0, Microsoft-HTTPAPI/2.0]
      strict-transport-security: [max-age=31536000; includeSubDomains]
      transfer-encoding: [chunked]
      vary: [Accept-Encoding]
      x-content-type-options: [nosniff]
    status: {code: 200, message: OK}
- request:
    body: null
    headers:
      Accept: [application/json]
      Accept-Encoding: ['gzip, deflate']
      CommandName: [network vnet create]
      Connection: [keep-alive]
      ParameterSetName: [--resource-group --name]
      User-Agent: [python/3.7.3 (Windows-10-10.0.17763-SP0) msrest/0.6.6 msrest_azure/0.4.34
          networkmanagementclient/2.6.0 Azure-SDK-For-Python AZURECLI/2.0.63]
    method: GET
    uri: https://management.azure.com/subscriptions/00000000-0000-0000-0000-000000000000/resourceGroups/cli_test_eh_network000001/providers/Microsoft.Network/virtualNetworks/sbehvnettest1?api-version=2018-12-01
  response:
    body: {string: "{\r\n  \"name\": \"sbehvnettest1\",\r\n  \"id\": \"/subscriptions/00000000-0000-0000-0000-000000000000/resourceGroups/cli_test_eh_network000001/providers/Microsoft.Network/virtualNetworks/sbehvnettest1\"\
        ,\r\n  \"etag\": \"W/\\\"bce55068-ea16-4769-9800-eeab37214733\\\"\",\r\n \
        \ \"type\": \"Microsoft.Network/virtualNetworks\",\r\n  \"location\": \"westus\"\
        ,\r\n  \"tags\": {},\r\n  \"properties\": {\r\n    \"provisioningState\":\
        \ \"Succeeded\",\r\n    \"resourceGuid\": \"a18022a5-99e6-43af-902d-8e33ef8d59e4\"\
        ,\r\n    \"addressSpace\": {\r\n      \"addressPrefixes\": [\r\n        \"\
        10.0.0.0/16\"\r\n      ]\r\n    },\r\n    \"dhcpOptions\": {\r\n      \"dnsServers\"\
        : []\r\n    },\r\n    \"subnets\": [],\r\n    \"virtualNetworkPeerings\":\
        \ [],\r\n    \"enableDdosProtection\": false,\r\n    \"enableVmProtection\"\
        : false\r\n  }\r\n}"}
    headers:
      cache-control: [no-cache]
      content-length: ['783']
      content-type: [application/json; charset=utf-8]
      date: ['Fri, 26 Apr 2019 21:54:56 GMT']
      etag: [W/"bce55068-ea16-4769-9800-eeab37214733"]
      expires: ['-1']
      pragma: [no-cache]
      server: [Microsoft-HTTPAPI/2.0, Microsoft-HTTPAPI/2.0]
      strict-transport-security: [max-age=31536000; includeSubDomains]
      transfer-encoding: [chunked]
      vary: [Accept-Encoding]
      x-content-type-options: [nosniff]
    status: {code: 200, message: OK}
- request:
    body: null
    headers:
      Accept: [application/json]
      Accept-Encoding: ['gzip, deflate']
      CommandName: [network vnet create]
      Connection: [keep-alive]
      ParameterSetName: [--resource-group --name]
      User-Agent: [python/3.7.3 (Windows-10-10.0.17763-SP0) msrest/0.6.6 msrest_azure/0.4.34
          resourcemanagementclient/2.1.0 Azure-SDK-For-Python AZURECLI/2.0.63]
      accept-language: [en-US]
    method: GET
    uri: https://management.azure.com/subscriptions/00000000-0000-0000-0000-000000000000/resourcegroups/cli_test_eh_network000001?api-version=2018-05-01
  response:
    body: {string: '{"id":"/subscriptions/00000000-0000-0000-0000-000000000000/resourceGroups/cli_test_eh_network000001","name":"cli_test_eh_network000001","location":"westus","tags":{"product":"azurecli","cause":"automation","date":"2019-04-26T21:54:43Z"},"properties":{"provisioningState":"Succeeded"}}'}
    headers:
      cache-control: [no-cache]
      content-length: ['384']
      content-type: [application/json; charset=utf-8]
      date: ['Fri, 26 Apr 2019 21:54:50 GMT']
      expires: ['-1']
      pragma: [no-cache]
      strict-transport-security: [max-age=31536000; includeSubDomains]
      vary: [Accept-Encoding]
      x-content-type-options: [nosniff]
    status: {code: 200, message: OK}
- request:
    body: '{"location": "westus", "tags": {}, "properties": {"addressSpace": {"addressPrefixes":
      ["10.0.0.0/16"]}, "dhcpOptions": {}}}'
    headers:
      Accept: [application/json]
      Accept-Encoding: ['gzip, deflate']
      CommandName: [network vnet create]
      Connection: [keep-alive]
      Content-Length: ['123']
      Content-Type: [application/json; charset=utf-8]
      ParameterSetName: [--resource-group --name]
      User-Agent: [python/3.7.3 (Windows-10-10.0.17763-SP0) msrest/0.6.6 msrest_azure/0.4.34
          networkmanagementclient/2.6.0 Azure-SDK-For-Python AZURECLI/2.0.63]
      accept-language: [en-US]
    method: PUT
    uri: https://management.azure.com/subscriptions/00000000-0000-0000-0000-000000000000/resourceGroups/cli_test_eh_network000001/providers/Microsoft.Network/virtualNetworks/sbehvnettest2?api-version=2018-12-01
  response:
    body: {string: "{\r\n  \"name\": \"sbehvnettest2\",\r\n  \"id\": \"/subscriptions/00000000-0000-0000-0000-000000000000/resourceGroups/cli_test_eh_network000001/providers/Microsoft.Network/virtualNetworks/sbehvnettest2\"\
        ,\r\n  \"etag\": \"W/\\\"856ac800-5fbf-4a5b-85c5-f8187327ca88\\\"\",\r\n \
        \ \"type\": \"Microsoft.Network/virtualNetworks\",\r\n  \"location\": \"westus\"\
        ,\r\n  \"tags\": {},\r\n  \"properties\": {\r\n    \"provisioningState\":\
        \ \"Updating\",\r\n    \"resourceGuid\": \"f335d78e-7671-4995-8590-21f2f58eff4a\"\
        ,\r\n    \"addressSpace\": {\r\n      \"addressPrefixes\": [\r\n        \"\
        10.0.0.0/16\"\r\n      ]\r\n    },\r\n    \"dhcpOptions\": {\r\n      \"dnsServers\"\
        : []\r\n    },\r\n    \"subnets\": [],\r\n    \"virtualNetworkPeerings\":\
        \ [],\r\n    \"enableDdosProtection\": false,\r\n    \"enableVmProtection\"\
        : false\r\n  }\r\n}"}
    headers:
      azure-asyncoperation: ['https://management.azure.com/subscriptions/00000000-0000-0000-0000-000000000000/providers/Microsoft.Network/locations/westus/operations/e8ec67b5-250a-4208-8900-d62e5da36e4e?api-version=2018-12-01']
      cache-control: [no-cache]
      content-length: ['782']
      content-type: [application/json; charset=utf-8]
      date: ['Fri, 26 Apr 2019 21:54:53 GMT']
      expires: ['-1']
      pragma: [no-cache]
      server: [Microsoft-HTTPAPI/2.0, Microsoft-HTTPAPI/2.0]
      strict-transport-security: [max-age=31536000; includeSubDomains]
      x-content-type-options: [nosniff]
      x-ms-ratelimit-remaining-subscription-writes: ['1197']
    status: {code: 201, message: Created}
- request:
    body: null
    headers:
      Accept: [application/json]
      Accept-Encoding: ['gzip, deflate']
      CommandName: [network vnet create]
      Connection: [keep-alive]
      ParameterSetName: [--resource-group --name]
      User-Agent: [python/3.7.3 (Windows-10-10.0.17763-SP0) msrest/0.6.6 msrest_azure/0.4.34
          networkmanagementclient/2.6.0 Azure-SDK-For-Python AZURECLI/2.0.63]
    method: GET
    uri: https://management.azure.com/subscriptions/00000000-0000-0000-0000-000000000000/providers/Microsoft.Network/locations/westus/operations/e8ec67b5-250a-4208-8900-d62e5da36e4e?api-version=2018-12-01
  response:
    body: {string: "{\r\n  \"status\": \"Succeeded\"\r\n}"}
    headers:
      cache-control: [no-cache]
      content-length: ['29']
      content-type: [application/json; charset=utf-8]
      date: ['Fri, 26 Apr 2019 21:55:04 GMT']
      expires: ['-1']
      pragma: [no-cache]
      server: [Microsoft-HTTPAPI/2.0, Microsoft-HTTPAPI/2.0]
      strict-transport-security: [max-age=31536000; includeSubDomains]
      transfer-encoding: [chunked]
      vary: [Accept-Encoding]
      x-content-type-options: [nosniff]
    status: {code: 200, message: OK}
- request:
    body: null
    headers:
      Accept: [application/json]
      Accept-Encoding: ['gzip, deflate']
      CommandName: [network vnet create]
      Connection: [keep-alive]
      ParameterSetName: [--resource-group --name]
      User-Agent: [python/3.7.3 (Windows-10-10.0.17763-SP0) msrest/0.6.6 msrest_azure/0.4.34
          networkmanagementclient/2.6.0 Azure-SDK-For-Python AZURECLI/2.0.63]
    method: GET
    uri: https://management.azure.com/subscriptions/00000000-0000-0000-0000-000000000000/resourceGroups/cli_test_eh_network000001/providers/Microsoft.Network/virtualNetworks/sbehvnettest2?api-version=2018-12-01
  response:
    body: {string: "{\r\n  \"name\": \"sbehvnettest2\",\r\n  \"id\": \"/subscriptions/00000000-0000-0000-0000-000000000000/resourceGroups/cli_test_eh_network000001/providers/Microsoft.Network/virtualNetworks/sbehvnettest2\"\
        ,\r\n  \"etag\": \"W/\\\"196e577c-5aa4-424e-a0e8-65bd8551538a\\\"\",\r\n \
        \ \"type\": \"Microsoft.Network/virtualNetworks\",\r\n  \"location\": \"westus\"\
        ,\r\n  \"tags\": {},\r\n  \"properties\": {\r\n    \"provisioningState\":\
        \ \"Succeeded\",\r\n    \"resourceGuid\": \"f335d78e-7671-4995-8590-21f2f58eff4a\"\
        ,\r\n    \"addressSpace\": {\r\n      \"addressPrefixes\": [\r\n        \"\
        10.0.0.0/16\"\r\n      ]\r\n    },\r\n    \"dhcpOptions\": {\r\n      \"dnsServers\"\
        : []\r\n    },\r\n    \"subnets\": [],\r\n    \"virtualNetworkPeerings\":\
        \ [],\r\n    \"enableDdosProtection\": false,\r\n    \"enableVmProtection\"\
        : false\r\n  }\r\n}"}
    headers:
      cache-control: [no-cache]
      content-length: ['783']
      content-type: [application/json; charset=utf-8]
      date: ['Fri, 26 Apr 2019 21:55:04 GMT']
      etag: [W/"196e577c-5aa4-424e-a0e8-65bd8551538a"]
      expires: ['-1']
      pragma: [no-cache]
      server: [Microsoft-HTTPAPI/2.0, Microsoft-HTTPAPI/2.0]
      strict-transport-security: [max-age=31536000; includeSubDomains]
      transfer-encoding: [chunked]
      vary: [Accept-Encoding]
      x-content-type-options: [nosniff]
    status: {code: 200, message: OK}
- request:
    body: null
    headers:
      Accept: [application/json]
      Accept-Encoding: ['gzip, deflate']
      CommandName: [network vnet subnet create]
      Connection: [keep-alive]
      ParameterSetName: [--resource-group --name --vnet-name --address-prefixes]
      User-Agent: [python/3.7.3 (Windows-10-10.0.17763-SP0) msrest/0.6.6 msrest_azure/0.4.34
          networkmanagementclient/2.6.0 Azure-SDK-For-Python AZURECLI/2.0.63]
      accept-language: [en-US]
    method: GET
    uri: https://management.azure.com/subscriptions/00000000-0000-0000-0000-000000000000/resourceGroups/cli_test_eh_network000001/providers/Microsoft.Network/virtualNetworks/sbehvnettest1?api-version=2018-12-01
  response:
    body: {string: "{\r\n  \"name\": \"sbehvnettest1\",\r\n  \"id\": \"/subscriptions/00000000-0000-0000-0000-000000000000/resourceGroups/cli_test_eh_network000001/providers/Microsoft.Network/virtualNetworks/sbehvnettest1\"\
        ,\r\n  \"etag\": \"W/\\\"bce55068-ea16-4769-9800-eeab37214733\\\"\",\r\n \
        \ \"type\": \"Microsoft.Network/virtualNetworks\",\r\n  \"location\": \"westus\"\
        ,\r\n  \"tags\": {},\r\n  \"properties\": {\r\n    \"provisioningState\":\
        \ \"Succeeded\",\r\n    \"resourceGuid\": \"a18022a5-99e6-43af-902d-8e33ef8d59e4\"\
        ,\r\n    \"addressSpace\": {\r\n      \"addressPrefixes\": [\r\n        \"\
        10.0.0.0/16\"\r\n      ]\r\n    },\r\n    \"dhcpOptions\": {\r\n      \"dnsServers\"\
        : []\r\n    },\r\n    \"subnets\": [],\r\n    \"virtualNetworkPeerings\":\
        \ [],\r\n    \"enableDdosProtection\": false,\r\n    \"enableVmProtection\"\
        : false\r\n  }\r\n}"}
    headers:
      cache-control: [no-cache]
      content-length: ['783']
      content-type: [application/json; charset=utf-8]
      date: ['Fri, 26 Apr 2019 21:55:11 GMT']
      etag: [W/"bce55068-ea16-4769-9800-eeab37214733"]
      expires: ['-1']
      pragma: [no-cache]
      server: [Microsoft-HTTPAPI/2.0, Microsoft-HTTPAPI/2.0]
      strict-transport-security: [max-age=31536000; includeSubDomains]
      transfer-encoding: [chunked]
      vary: [Accept-Encoding]
      x-content-type-options: [nosniff]
    status: {code: 200, message: OK}
- request:
    body: 'b''{"id": "/subscriptions/00000000-0000-0000-0000-000000000000/resourceGroups/cli_test_eh_network000001/providers/Microsoft.Network/virtualNetworks/sbehvnettest1",
      "location": "westus", "tags": {}, "properties": {"addressSpace": {"addressPrefixes":
      ["10.0.0.0/16"]}, "dhcpOptions": {"dnsServers": []}, "subnets": [{"properties":
      {"addressPrefix": "10.0.0.0/24"}, "name": "default"}], "virtualNetworkPeerings":
      [], "resourceGuid": "a18022a5-99e6-43af-902d-8e33ef8d59e4", "provisioningState":
      "Succeeded", "enableDdosProtection": false, "enableVmProtection": false}, "etag":
      "W/\\"bce55068-ea16-4769-9800-eeab37214733\\""}'''
    headers:
      Accept: [application/json]
      Accept-Encoding: ['gzip, deflate']
      CommandName: [network vnet subnet create]
      Connection: [keep-alive]
      Content-Length: ['665']
      Content-Type: [application/json; charset=utf-8]
      ParameterSetName: [--resource-group --name --vnet-name --address-prefixes]
      User-Agent: [python/3.7.3 (Windows-10-10.0.17763-SP0) msrest/0.6.6 msrest_azure/0.4.34
          networkmanagementclient/2.6.0 Azure-SDK-For-Python AZURECLI/2.0.63]
      accept-language: [en-US]
    method: PUT
    uri: https://management.azure.com/subscriptions/00000000-0000-0000-0000-000000000000/resourceGroups/cli_test_eh_network000001/providers/Microsoft.Network/virtualNetworks/sbehvnettest1?api-version=2018-12-01
  response:
    body: {string: "{\r\n  \"name\": \"sbehvnettest1\",\r\n  \"id\": \"/subscriptions/00000000-0000-0000-0000-000000000000/resourceGroups/cli_test_eh_network000001/providers/Microsoft.Network/virtualNetworks/sbehvnettest1\"\
        ,\r\n  \"etag\": \"W/\\\"9917a7fc-7186-44c0-80f3-8b35db499691\\\"\",\r\n \
        \ \"type\": \"Microsoft.Network/virtualNetworks\",\r\n  \"location\": \"westus\"\
        ,\r\n  \"tags\": {},\r\n  \"properties\": {\r\n    \"provisioningState\":\
        \ \"Updating\",\r\n    \"resourceGuid\": \"a18022a5-99e6-43af-902d-8e33ef8d59e4\"\
        ,\r\n    \"addressSpace\": {\r\n      \"addressPrefixes\": [\r\n        \"\
        10.0.0.0/16\"\r\n      ]\r\n    },\r\n    \"dhcpOptions\": {\r\n      \"dnsServers\"\
        : []\r\n    },\r\n    \"subnets\": [\r\n      {\r\n        \"name\": \"default\"\
        ,\r\n        \"id\": \"/subscriptions/00000000-0000-0000-0000-000000000000/resourceGroups/cli_test_eh_network000001/providers/Microsoft.Network/virtualNetworks/sbehvnettest1/subnets/default\"\
        ,\r\n        \"etag\": \"W/\\\"9917a7fc-7186-44c0-80f3-8b35db499691\\\"\"\
        ,\r\n        \"properties\": {\r\n          \"provisioningState\": \"Updating\"\
        ,\r\n          \"addressPrefix\": \"10.0.0.0/24\",\r\n          \"delegations\"\
        : []\r\n        },\r\n        \"type\": \"Microsoft.Network/virtualNetworks/subnets\"\
        \r\n      }\r\n    ],\r\n    \"virtualNetworkPeerings\": [],\r\n    \"enableDdosProtection\"\
        : false,\r\n    \"enableVmProtection\": false\r\n  }\r\n}"}
    headers:
      azure-asyncoperation: ['https://management.azure.com/subscriptions/00000000-0000-0000-0000-000000000000/providers/Microsoft.Network/locations/westus/operations/ddcae90e-c626-4af1-9aba-ad9408af0d61?api-version=2018-12-01']
      cache-control: [no-cache]
      content-length: ['1346']
      content-type: [application/json; charset=utf-8]
      date: ['Fri, 26 Apr 2019 21:55:02 GMT']
      expires: ['-1']
      pragma: [no-cache]
      server: [Microsoft-HTTPAPI/2.0, Microsoft-HTTPAPI/2.0]
      strict-transport-security: [max-age=31536000; includeSubDomains]
      transfer-encoding: [chunked]
      vary: [Accept-Encoding]
      x-content-type-options: [nosniff]
      x-ms-ratelimit-remaining-subscription-writes: ['1198']
    status: {code: 200, message: OK}
- request:
    body: null
    headers:
      Accept: [application/json]
      Accept-Encoding: ['gzip, deflate']
      CommandName: [network vnet subnet create]
      Connection: [keep-alive]
      ParameterSetName: [--resource-group --name --vnet-name --address-prefixes]
      User-Agent: [python/3.7.3 (Windows-10-10.0.17763-SP0) msrest/0.6.6 msrest_azure/0.4.34
          networkmanagementclient/2.6.0 Azure-SDK-For-Python AZURECLI/2.0.63]
    method: GET
    uri: https://management.azure.com/subscriptions/00000000-0000-0000-0000-000000000000/providers/Microsoft.Network/locations/westus/operations/ddcae90e-c626-4af1-9aba-ad9408af0d61?api-version=2018-12-01
  response:
    body: {string: "{\r\n  \"status\": \"Succeeded\"\r\n}"}
    headers:
      cache-control: [no-cache]
      content-length: ['29']
      content-type: [application/json; charset=utf-8]
      date: ['Fri, 26 Apr 2019 21:55:02 GMT']
      expires: ['-1']
      pragma: [no-cache]
      server: [Microsoft-HTTPAPI/2.0, Microsoft-HTTPAPI/2.0]
      strict-transport-security: [max-age=31536000; includeSubDomains]
      transfer-encoding: [chunked]
      vary: [Accept-Encoding]
      x-content-type-options: [nosniff]
    status: {code: 200, message: OK}
- request:
    body: null
    headers:
      Accept: [application/json]
      Accept-Encoding: ['gzip, deflate']
      CommandName: [network vnet subnet create]
      Connection: [keep-alive]
      ParameterSetName: [--resource-group --name --vnet-name --address-prefixes]
      User-Agent: [python/3.7.3 (Windows-10-10.0.17763-SP0) msrest/0.6.6 msrest_azure/0.4.34
          networkmanagementclient/2.6.0 Azure-SDK-For-Python AZURECLI/2.0.63]
    method: GET
    uri: https://management.azure.com/subscriptions/00000000-0000-0000-0000-000000000000/resourceGroups/cli_test_eh_network000001/providers/Microsoft.Network/virtualNetworks/sbehvnettest1?api-version=2018-12-01
  response:
    body: {string: "{\r\n  \"name\": \"sbehvnettest1\",\r\n  \"id\": \"/subscriptions/00000000-0000-0000-0000-000000000000/resourceGroups/cli_test_eh_network000001/providers/Microsoft.Network/virtualNetworks/sbehvnettest1\"\
        ,\r\n  \"etag\": \"W/\\\"8f200e56-3564-44ce-af92-8933b257d0b1\\\"\",\r\n \
        \ \"type\": \"Microsoft.Network/virtualNetworks\",\r\n  \"location\": \"westus\"\
        ,\r\n  \"tags\": {},\r\n  \"properties\": {\r\n    \"provisioningState\":\
        \ \"Succeeded\",\r\n    \"resourceGuid\": \"a18022a5-99e6-43af-902d-8e33ef8d59e4\"\
        ,\r\n    \"addressSpace\": {\r\n      \"addressPrefixes\": [\r\n        \"\
        10.0.0.0/16\"\r\n      ]\r\n    },\r\n    \"dhcpOptions\": {\r\n      \"dnsServers\"\
        : []\r\n    },\r\n    \"subnets\": [\r\n      {\r\n        \"name\": \"default\"\
        ,\r\n        \"id\": \"/subscriptions/00000000-0000-0000-0000-000000000000/resourceGroups/cli_test_eh_network000001/providers/Microsoft.Network/virtualNetworks/sbehvnettest1/subnets/default\"\
        ,\r\n        \"etag\": \"W/\\\"8f200e56-3564-44ce-af92-8933b257d0b1\\\"\"\
        ,\r\n        \"properties\": {\r\n          \"provisioningState\": \"Succeeded\"\
        ,\r\n          \"addressPrefix\": \"10.0.0.0/24\",\r\n          \"delegations\"\
        : []\r\n        },\r\n        \"type\": \"Microsoft.Network/virtualNetworks/subnets\"\
        \r\n      }\r\n    ],\r\n    \"virtualNetworkPeerings\": [],\r\n    \"enableDdosProtection\"\
        : false,\r\n    \"enableVmProtection\": false\r\n  }\r\n}"}
    headers:
      cache-control: [no-cache]
      content-length: ['1348']
      content-type: [application/json; charset=utf-8]
      date: ['Fri, 26 Apr 2019 21:55:02 GMT']
      etag: [W/"8f200e56-3564-44ce-af92-8933b257d0b1"]
      expires: ['-1']
      pragma: [no-cache]
      server: [Microsoft-HTTPAPI/2.0, Microsoft-HTTPAPI/2.0]
      strict-transport-security: [max-age=31536000; includeSubDomains]
      transfer-encoding: [chunked]
      vary: [Accept-Encoding]
      x-content-type-options: [nosniff]
    status: {code: 200, message: OK}
- request:
    body: null
    headers:
      Accept: [application/json]
      Accept-Encoding: ['gzip, deflate']
      CommandName: [network vnet subnet create]
      Connection: [keep-alive]
      ParameterSetName: [--resource-group --name --vnet-name --address-prefixes]
      User-Agent: [python/3.7.3 (Windows-10-10.0.17763-SP0) msrest/0.6.6 msrest_azure/0.4.34
          networkmanagementclient/2.6.0 Azure-SDK-For-Python AZURECLI/2.0.63]
      accept-language: [en-US]
    method: GET
    uri: https://management.azure.com/subscriptions/00000000-0000-0000-0000-000000000000/resourceGroups/cli_test_eh_network000001/providers/Microsoft.Network/virtualNetworks/sbehvnettest2?api-version=2018-12-01
  response:
    body: {string: "{\r\n  \"name\": \"sbehvnettest2\",\r\n  \"id\": \"/subscriptions/00000000-0000-0000-0000-000000000000/resourceGroups/cli_test_eh_network000001/providers/Microsoft.Network/virtualNetworks/sbehvnettest2\"\
        ,\r\n  \"etag\": \"W/\\\"196e577c-5aa4-424e-a0e8-65bd8551538a\\\"\",\r\n \
        \ \"type\": \"Microsoft.Network/virtualNetworks\",\r\n  \"location\": \"westus\"\
        ,\r\n  \"tags\": {},\r\n  \"properties\": {\r\n    \"provisioningState\":\
        \ \"Succeeded\",\r\n    \"resourceGuid\": \"f335d78e-7671-4995-8590-21f2f58eff4a\"\
        ,\r\n    \"addressSpace\": {\r\n      \"addressPrefixes\": [\r\n        \"\
        10.0.0.0/16\"\r\n      ]\r\n    },\r\n    \"dhcpOptions\": {\r\n      \"dnsServers\"\
        : []\r\n    },\r\n    \"subnets\": [],\r\n    \"virtualNetworkPeerings\":\
        \ [],\r\n    \"enableDdosProtection\": false,\r\n    \"enableVmProtection\"\
        : false\r\n  }\r\n}"}
    headers:
      cache-control: [no-cache]
      content-length: ['783']
      content-type: [application/json; charset=utf-8]
      date: ['Fri, 26 Apr 2019 21:55:03 GMT']
      etag: [W/"196e577c-5aa4-424e-a0e8-65bd8551538a"]
      expires: ['-1']
      pragma: [no-cache]
      server: [Microsoft-HTTPAPI/2.0, Microsoft-HTTPAPI/2.0]
      strict-transport-security: [max-age=31536000; includeSubDomains]
      transfer-encoding: [chunked]
      vary: [Accept-Encoding]
      x-content-type-options: [nosniff]
    status: {code: 200, message: OK}
- request:
    body: 'b''{"id": "/subscriptions/00000000-0000-0000-0000-000000000000/resourceGroups/cli_test_eh_network000001/providers/Microsoft.Network/virtualNetworks/sbehvnettest2",
      "location": "westus", "tags": {}, "properties": {"addressSpace": {"addressPrefixes":
      ["10.0.0.0/16"]}, "dhcpOptions": {"dnsServers": []}, "subnets": [{"properties":
      {"addressPrefix": "10.0.0.0/24"}, "name": "secondvnet"}], "virtualNetworkPeerings":
      [], "resourceGuid": "f335d78e-7671-4995-8590-21f2f58eff4a", "provisioningState":
      "Succeeded", "enableDdosProtection": false, "enableVmProtection": false}, "etag":
      "W/\\"196e577c-5aa4-424e-a0e8-65bd8551538a\\""}'''
    headers:
      Accept: [application/json]
      Accept-Encoding: ['gzip, deflate']
      CommandName: [network vnet subnet create]
      Connection: [keep-alive]
      Content-Length: ['668']
      Content-Type: [application/json; charset=utf-8]
      ParameterSetName: [--resource-group --name --vnet-name --address-prefixes]
      User-Agent: [python/3.7.3 (Windows-10-10.0.17763-SP0) msrest/0.6.6 msrest_azure/0.4.34
          networkmanagementclient/2.6.0 Azure-SDK-For-Python AZURECLI/2.0.63]
      accept-language: [en-US]
    method: PUT
    uri: https://management.azure.com/subscriptions/00000000-0000-0000-0000-000000000000/resourceGroups/cli_test_eh_network000001/providers/Microsoft.Network/virtualNetworks/sbehvnettest2?api-version=2018-12-01
  response:
    body: {string: "{\r\n  \"name\": \"sbehvnettest2\",\r\n  \"id\": \"/subscriptions/00000000-0000-0000-0000-000000000000/resourceGroups/cli_test_eh_network000001/providers/Microsoft.Network/virtualNetworks/sbehvnettest2\"\
        ,\r\n  \"etag\": \"W/\\\"2718b8fc-593a-4f2a-9732-5ad882817281\\\"\",\r\n \
        \ \"type\": \"Microsoft.Network/virtualNetworks\",\r\n  \"location\": \"westus\"\
        ,\r\n  \"tags\": {},\r\n  \"properties\": {\r\n    \"provisioningState\":\
        \ \"Updating\",\r\n    \"resourceGuid\": \"f335d78e-7671-4995-8590-21f2f58eff4a\"\
        ,\r\n    \"addressSpace\": {\r\n      \"addressPrefixes\": [\r\n        \"\
        10.0.0.0/16\"\r\n      ]\r\n    },\r\n    \"dhcpOptions\": {\r\n      \"dnsServers\"\
        : []\r\n    },\r\n    \"subnets\": [\r\n      {\r\n        \"name\": \"secondvnet\"\
        ,\r\n        \"id\": \"/subscriptions/00000000-0000-0000-0000-000000000000/resourceGroups/cli_test_eh_network000001/providers/Microsoft.Network/virtualNetworks/sbehvnettest2/subnets/secondvnet\"\
        ,\r\n        \"etag\": \"W/\\\"2718b8fc-593a-4f2a-9732-5ad882817281\\\"\"\
        ,\r\n        \"properties\": {\r\n          \"provisioningState\": \"Updating\"\
        ,\r\n          \"addressPrefix\": \"10.0.0.0/24\",\r\n          \"delegations\"\
        : []\r\n        },\r\n        \"type\": \"Microsoft.Network/virtualNetworks/subnets\"\
        \r\n      }\r\n    ],\r\n    \"virtualNetworkPeerings\": [],\r\n    \"enableDdosProtection\"\
        : false,\r\n    \"enableVmProtection\": false\r\n  }\r\n}"}
    headers:
      azure-asyncoperation: ['https://management.azure.com/subscriptions/00000000-0000-0000-0000-000000000000/providers/Microsoft.Network/locations/westus/operations/d8a0179b-d2f1-4a65-887e-fcf2fac47b63?api-version=2018-12-01']
      cache-control: [no-cache]
      content-length: ['1352']
      content-type: [application/json; charset=utf-8]
      date: ['Fri, 26 Apr 2019 21:55:03 GMT']
      expires: ['-1']
      pragma: [no-cache]
      server: [Microsoft-HTTPAPI/2.0, Microsoft-HTTPAPI/2.0]
      strict-transport-security: [max-age=31536000; includeSubDomains]
      transfer-encoding: [chunked]
      vary: [Accept-Encoding]
      x-content-type-options: [nosniff]
      x-ms-ratelimit-remaining-subscription-writes: ['1199']
    status: {code: 200, message: OK}
- request:
    body: null
    headers:
      Accept: [application/json]
      Accept-Encoding: ['gzip, deflate']
      CommandName: [network vnet subnet create]
      Connection: [keep-alive]
      ParameterSetName: [--resource-group --name --vnet-name --address-prefixes]
      User-Agent: [python/3.7.3 (Windows-10-10.0.17763-SP0) msrest/0.6.6 msrest_azure/0.4.34
          networkmanagementclient/2.6.0 Azure-SDK-For-Python AZURECLI/2.0.63]
    method: GET
    uri: https://management.azure.com/subscriptions/00000000-0000-0000-0000-000000000000/providers/Microsoft.Network/locations/westus/operations/d8a0179b-d2f1-4a65-887e-fcf2fac47b63?api-version=2018-12-01
  response:
    body: {string: "{\r\n  \"status\": \"Succeeded\"\r\n}"}
    headers:
      cache-control: [no-cache]
      content-length: ['29']
      content-type: [application/json; charset=utf-8]
      date: ['Fri, 26 Apr 2019 21:55:05 GMT']
      expires: ['-1']
      pragma: [no-cache]
      server: [Microsoft-HTTPAPI/2.0, Microsoft-HTTPAPI/2.0]
      strict-transport-security: [max-age=31536000; includeSubDomains]
      transfer-encoding: [chunked]
      vary: [Accept-Encoding]
      x-content-type-options: [nosniff]
    status: {code: 200, message: OK}
- request:
    body: null
    headers:
      Accept: [application/json]
      Accept-Encoding: ['gzip, deflate']
      CommandName: [network vnet subnet create]
      Connection: [keep-alive]
      ParameterSetName: [--resource-group --name --vnet-name --address-prefixes]
      User-Agent: [python/3.7.3 (Windows-10-10.0.17763-SP0) msrest/0.6.6 msrest_azure/0.4.34
          networkmanagementclient/2.6.0 Azure-SDK-For-Python AZURECLI/2.0.63]
    method: GET
    uri: https://management.azure.com/subscriptions/00000000-0000-0000-0000-000000000000/resourceGroups/cli_test_eh_network000001/providers/Microsoft.Network/virtualNetworks/sbehvnettest2?api-version=2018-12-01
  response:
    body: {string: "{\r\n  \"name\": \"sbehvnettest2\",\r\n  \"id\": \"/subscriptions/00000000-0000-0000-0000-000000000000/resourceGroups/cli_test_eh_network000001/providers/Microsoft.Network/virtualNetworks/sbehvnettest2\"\
        ,\r\n  \"etag\": \"W/\\\"a5d2fd3f-ee72-4cce-a35d-c0b7284c2230\\\"\",\r\n \
        \ \"type\": \"Microsoft.Network/virtualNetworks\",\r\n  \"location\": \"westus\"\
        ,\r\n  \"tags\": {},\r\n  \"properties\": {\r\n    \"provisioningState\":\
        \ \"Succeeded\",\r\n    \"resourceGuid\": \"f335d78e-7671-4995-8590-21f2f58eff4a\"\
        ,\r\n    \"addressSpace\": {\r\n      \"addressPrefixes\": [\r\n        \"\
        10.0.0.0/16\"\r\n      ]\r\n    },\r\n    \"dhcpOptions\": {\r\n      \"dnsServers\"\
        : []\r\n    },\r\n    \"subnets\": [\r\n      {\r\n        \"name\": \"secondvnet\"\
        ,\r\n        \"id\": \"/subscriptions/00000000-0000-0000-0000-000000000000/resourceGroups/cli_test_eh_network000001/providers/Microsoft.Network/virtualNetworks/sbehvnettest2/subnets/secondvnet\"\
        ,\r\n        \"etag\": \"W/\\\"a5d2fd3f-ee72-4cce-a35d-c0b7284c2230\\\"\"\
        ,\r\n        \"properties\": {\r\n          \"provisioningState\": \"Succeeded\"\
        ,\r\n          \"addressPrefix\": \"10.0.0.0/24\",\r\n          \"delegations\"\
        : []\r\n        },\r\n        \"type\": \"Microsoft.Network/virtualNetworks/subnets\"\
        \r\n      }\r\n    ],\r\n    \"virtualNetworkPeerings\": [],\r\n    \"enableDdosProtection\"\
        : false,\r\n    \"enableVmProtection\": false\r\n  }\r\n}"}
    headers:
      cache-control: [no-cache]
      content-length: ['1354']
      content-type: [application/json; charset=utf-8]
      date: ['Fri, 26 Apr 2019 21:55:04 GMT']
      etag: [W/"a5d2fd3f-ee72-4cce-a35d-c0b7284c2230"]
      expires: ['-1']
      pragma: [no-cache]
      server: [Microsoft-HTTPAPI/2.0, Microsoft-HTTPAPI/2.0]
      strict-transport-security: [max-age=31536000; includeSubDomains]
      transfer-encoding: [chunked]
      vary: [Accept-Encoding]
      x-content-type-options: [nosniff]
    status: {code: 200, message: OK}
- request:
    body: 'b''{"name": "eventhubs-cli000002"}'''
    headers:
      Accept: [application/json]
      Accept-Encoding: ['gzip, deflate']
      CommandName: [eventhubs namespace exists]
      Connection: [keep-alive]
      Content-Length: ['32']
      Content-Type: [application/json; charset=utf-8]
      ParameterSetName: [--name]
      User-Agent: [python/3.7.3 (Windows-10-10.0.17763-SP0) msrest/0.6.6 msrest_azure/0.4.34
          azure-mgmt-eventhub/2.5.0 Azure-SDK-For-Python AZURECLI/2.0.63]
      accept-language: [en-US]
    method: POST
    uri: https://management.azure.com/subscriptions/00000000-0000-0000-0000-000000000000/providers/Microsoft.EventHub/CheckNameAvailability?api-version=2017-04-01
  response:
    body: {string: '{"nameAvailable":true,"reason":"None","message":null}'}
    headers:
      cache-control: [no-cache]
      content-length: ['53']
      content-type: [application/json; charset=utf-8]
      date: ['Fri, 26 Apr 2019 21:55:06 GMT']
      expires: ['-1']
      pragma: [no-cache]
      server: [Service-Bus-Resource-Provider/CH3, Microsoft-HTTPAPI/2.0]
      server-sb: [Service-Bus-Resource-Provider/CH3]
      strict-transport-security: [max-age=31536000; includeSubDomains]
      transfer-encoding: [chunked]
      vary: [Accept-Encoding]
      x-content-type-options: [nosniff]
      x-ms-ratelimit-remaining-subscription-writes: ['1199']
    status: {code: 200, message: OK}
- request:
    body: null
    headers:
      Accept: [application/json]
      Accept-Encoding: ['gzip, deflate']
      CommandName: [eventhubs namespace create]
      Connection: [keep-alive]
      ParameterSetName: [--resource-group --name --tags --sku --default-action]
      User-Agent: [python/3.7.3 (Windows-10-10.0.17763-SP0) msrest/0.6.6 msrest_azure/0.4.34
          resourcemanagementclient/2.1.0 Azure-SDK-For-Python AZURECLI/2.0.63]
      accept-language: [en-US]
    method: GET
    uri: https://management.azure.com/subscriptions/00000000-0000-0000-0000-000000000000/resourcegroups/cli_test_eh_network000001?api-version=2018-05-01
  response:
    body: {string: '{"id":"/subscriptions/00000000-0000-0000-0000-000000000000/resourceGroups/cli_test_eh_network000001","name":"cli_test_eh_network000001","location":"westus","tags":{"product":"azurecli","cause":"automation","date":"2019-04-26T21:54:43Z"},"properties":{"provisioningState":"Succeeded"}}'}
    headers:
      cache-control: [no-cache]
      content-length: ['384']
      content-type: [application/json; charset=utf-8]
      date: ['Fri, 26 Apr 2019 21:55:07 GMT']
      expires: ['-1']
      pragma: [no-cache]
      strict-transport-security: [max-age=31536000; includeSubDomains]
      vary: [Accept-Encoding]
      x-content-type-options: [nosniff]
    status: {code: 200, message: OK}
- request:
    body: '{"location": "westus", "tags": {"{tag1": "value1}"}, "sku": {"name": "Standard",
      "tier": "Standard"}}'
    headers:
      Accept: [application/json]
      Accept-Encoding: ['gzip, deflate']
      CommandName: [eventhubs namespace create]
      Connection: [keep-alive]
      Content-Length: ['101']
      Content-Type: [application/json; charset=utf-8]
      ParameterSetName: [--resource-group --name --tags --sku --default-action]
      User-Agent: [python/3.7.3 (Windows-10-10.0.17763-SP0) msrest/0.6.6 msrest_azure/0.4.34
          azure-mgmt-eventhub/2.5.0 Azure-SDK-For-Python AZURECLI/2.0.63]
      accept-language: [en-US]
    method: PUT
    uri: https://management.azure.com/subscriptions/00000000-0000-0000-0000-000000000000/resourceGroups/cli_test_eh_network000001/providers/Microsoft.EventHub/namespaces/eventhubs-cli000002?api-version=2017-04-01
  response:
    body: {string: '{"sku":{"name":"Standard","tier":"Standard","capacity":1},"id":"/subscriptions/00000000-0000-0000-0000-000000000000/resourceGroups/cli_test_eh_network000001/providers/Microsoft.EventHub/namespaces/eventhubs-cli000002","name":"eventhubs-cli000002","type":"Microsoft.EventHub/Namespaces","location":"West
        US","tags":{"{tag1":"value1}"},"properties":{"isAutoInflateEnabled":false,"maximumThroughputUnits":0,"kafkaEnabled":false,"provisioningState":"Created","metricId":"854d368f-1828-428f-8f3c-f2affa9b2f7d:eventhubs-cli000002","createdAt":"2019-04-26T21:55:09.143Z","updatedAt":"2019-04-26T21:55:09.143Z","serviceBusEndpoint":"https://eventhubs-cli000002.servicebus.windows.net:443/","status":"Activating"}}'}
    headers:
      cache-control: [no-cache]
      content-length: ['759']
      content-type: [application/json; charset=utf-8]
      date: ['Fri, 26 Apr 2019 21:55:06 GMT']
      expires: ['-1']
      pragma: [no-cache]
      server: [Service-Bus-Resource-Provider/CH3, Microsoft-HTTPAPI/2.0]
      server-sb: [Service-Bus-Resource-Provider/CH3]
      strict-transport-security: [max-age=31536000; includeSubDomains]
      transfer-encoding: [chunked]
      vary: [Accept-Encoding]
      x-content-type-options: [nosniff]
      x-ms-ratelimit-remaining-subscription-writes: ['1199']
    status: {code: 200, message: OK}
- request:
    body: null
    headers:
      Accept: [application/json]
      Accept-Encoding: ['gzip, deflate']
      CommandName: [eventhubs namespace create]
      Connection: [keep-alive]
      ParameterSetName: [--resource-group --name --tags --sku --default-action]
      User-Agent: [python/3.7.3 (Windows-10-10.0.17763-SP0) msrest/0.6.6 msrest_azure/0.4.34
          azure-mgmt-eventhub/2.5.0 Azure-SDK-For-Python AZURECLI/2.0.63]
    method: GET
    uri: https://management.azure.com/subscriptions/00000000-0000-0000-0000-000000000000/resourceGroups/cli_test_eh_network000001/providers/Microsoft.EventHub/namespaces/eventhubs-cli000002?api-version=2017-04-01
  response:
    body: {string: '{"sku":{"name":"Standard","tier":"Standard","capacity":1},"id":"/subscriptions/00000000-0000-0000-0000-000000000000/resourceGroups/cli_test_eh_network000001/providers/Microsoft.EventHub/namespaces/eventhubs-cli000002","name":"eventhubs-cli000002","type":"Microsoft.EventHub/Namespaces","location":"West
        US","tags":{"{tag1":"value1}"},"properties":{"isAutoInflateEnabled":false,"maximumThroughputUnits":0,"kafkaEnabled":false,"provisioningState":"Succeeded","metricId":"854d368f-1828-428f-8f3c-f2affa9b2f7d:eventhubs-cli000002","createdAt":"2019-04-26T21:55:09.143Z","updatedAt":"2019-04-26T21:55:36.567Z","serviceBusEndpoint":"https://eventhubs-cli000002.servicebus.windows.net:443/","status":"Active"}}'}
    headers:
      cache-control: [no-cache]
      content-length: ['757']
      content-type: [application/json; charset=utf-8]
      date: ['Fri, 26 Apr 2019 21:55:39 GMT']
      expires: ['-1']
      pragma: [no-cache]
      server: [Service-Bus-Resource-Provider/CH3, Microsoft-HTTPAPI/2.0]
      server-sb: [Service-Bus-Resource-Provider/CH3]
      strict-transport-security: [max-age=31536000; includeSubDomains]
      transfer-encoding: [chunked]
      vary: [Accept-Encoding]
      x-content-type-options: [nosniff]
    status: {code: 200, message: OK}
- request:
    body: null
    headers:
      Accept: [application/json]
      Accept-Encoding: ['gzip, deflate']
      CommandName: [eventhubs namespace create]
      Connection: [keep-alive]
      ParameterSetName: [--resource-group --name --tags --sku --default-action]
      User-Agent: [python/3.7.3 (Windows-10-10.0.17763-SP0) msrest/0.6.6 msrest_azure/0.4.34
          azure-mgmt-eventhub/2.5.0 Azure-SDK-For-Python AZURECLI/2.0.63]
      accept-language: [en-US]
    method: GET
    uri: https://management.azure.com/subscriptions/00000000-0000-0000-0000-000000000000/resourceGroups/cli_test_eh_network000001/providers/Microsoft.EventHub/namespaces/eventhubs-cli000002/networkRuleSets/default?api-version=2017-04-01
  response:
    body: {string: '{"id":"/subscriptions/00000000-0000-0000-0000-000000000000/resourceGroups/cli_test_eh_network000001/providers/Microsoft.EventHub/namespaces/eventhubs-cli000002/networkRuleSets/default","name":"default","type":"Microsoft.EventHub/Namespaces/NetworkRuleSet","location":"West
        US","properties":{"defaultAction":"Deny","virtualNetworkRules":[],"ipRules":[]}}'}
    headers:
      cache-control: [no-cache]
      content-length: ['404']
      content-type: [application/json; charset=utf-8]
      date: ['Fri, 26 Apr 2019 21:55:40 GMT']
      expires: ['-1']
      pragma: [no-cache]
      server: [Service-Bus-Resource-Provider/CH3, Microsoft-HTTPAPI/2.0]
      server-sb: [Service-Bus-Resource-Provider/CH3]
      strict-transport-security: [max-age=31536000; includeSubDomains]
      transfer-encoding: [chunked]
      vary: [Accept-Encoding]
      x-content-type-options: [nosniff]
    status: {code: 200, message: OK}
- request:
    body: '{"properties": {"defaultAction": "Allow", "virtualNetworkRules": [], "ipRules":
      []}}'
    headers:
      Accept: [application/json]
      Accept-Encoding: ['gzip, deflate']
      CommandName: [eventhubs namespace create]
      Connection: [keep-alive]
      Content-Length: ['84']
      Content-Type: [application/json; charset=utf-8]
      ParameterSetName: [--resource-group --name --tags --sku --default-action]
      User-Agent: [python/3.7.3 (Windows-10-10.0.17763-SP0) msrest/0.6.6 msrest_azure/0.4.34
          azure-mgmt-eventhub/2.5.0 Azure-SDK-For-Python AZURECLI/2.0.63]
      accept-language: [en-US]
    method: PUT
    uri: https://management.azure.com/subscriptions/00000000-0000-0000-0000-000000000000/resourceGroups/cli_test_eh_network000001/providers/Microsoft.EventHub/namespaces/eventhubs-cli000002/networkRuleSets/default?api-version=2017-04-01
  response:
    body: {string: '{"id":"/subscriptions/00000000-0000-0000-0000-000000000000/resourceGroups/cli_test_eh_network000001/providers/Microsoft.EventHub/namespaces/eventhubs-cli000002/networkRuleSets/default","name":"default","type":"Microsoft.EventHub/Namespaces/NetworkRuleSet","location":"West
        US","properties":{"defaultAction":"Allow","virtualNetworkRules":[],"ipRules":[]}}'}
    headers:
      cache-control: [no-cache]
      content-length: ['405']
      content-type: [application/json; charset=utf-8]
      date: ['Fri, 26 Apr 2019 21:56:02 GMT']
      expires: ['-1']
      pragma: [no-cache]
      server: [Service-Bus-Resource-Provider/CH3, Microsoft-HTTPAPI/2.0]
      server-sb: [Service-Bus-Resource-Provider/CH3]
      strict-transport-security: [max-age=31536000; includeSubDomains]
      transfer-encoding: [chunked]
      vary: [Accept-Encoding]
      x-content-type-options: [nosniff]
      x-ms-ratelimit-remaining-subscription-writes: ['1199']
    status: {code: 200, message: OK}
- request:
    body: null
    headers:
      Accept: [application/json]
      Accept-Encoding: ['gzip, deflate']
      CommandName: [eventhubs namespace create]
      Connection: [keep-alive]
      ParameterSetName: [--resource-group --name --tags --sku --default-action]
      User-Agent: [python/3.7.3 (Windows-10-10.0.17763-SP0) msrest/0.6.6 msrest_azure/0.4.34
          azure-mgmt-eventhub/2.5.0 Azure-SDK-For-Python AZURECLI/2.0.63]
      accept-language: [en-US]
    method: GET
    uri: https://management.azure.com/subscriptions/00000000-0000-0000-0000-000000000000/resourceGroups/cli_test_eh_network000001/providers/Microsoft.EventHub/namespaces/eventhubs-cli000002?api-version=2017-04-01
  response:
    body: {string: '{"sku":{"name":"Standard","tier":"Standard","capacity":1},"id":"/subscriptions/00000000-0000-0000-0000-000000000000/resourceGroups/cli_test_eh_network000001/providers/Microsoft.EventHub/namespaces/eventhubs-cli000002","name":"eventhubs-cli000002","type":"Microsoft.EventHub/Namespaces","location":"West
        US","tags":{"{tag1":"value1}"},"properties":{"isAutoInflateEnabled":false,"maximumThroughputUnits":0,"kafkaEnabled":false,"provisioningState":"Succeeded","metricId":"854d368f-1828-428f-8f3c-f2affa9b2f7d:eventhubs-cli000002","createdAt":"2019-04-26T21:55:09.143Z","updatedAt":"2019-04-26T21:55:36.567Z","serviceBusEndpoint":"https://eventhubs-cli000002.servicebus.windows.net:443/","status":"Active"}}'}
    headers:
      cache-control: [no-cache]
      content-length: ['757']
      content-type: [application/json; charset=utf-8]
      date: ['Fri, 26 Apr 2019 21:55:57 GMT']
      expires: ['-1']
      pragma: [no-cache]
      server: [Service-Bus-Resource-Provider/CH3, Microsoft-HTTPAPI/2.0]
      server-sb: [Service-Bus-Resource-Provider/CH3]
      strict-transport-security: [max-age=31536000; includeSubDomains]
      transfer-encoding: [chunked]
      vary: [Accept-Encoding]
      x-content-type-options: [nosniff]
    status: {code: 200, message: OK}
- request:
    body: null
    headers:
      Accept: [application/json]
      Accept-Encoding: ['gzip, deflate']
      CommandName: [eventhubs namespace show]
      Connection: [keep-alive]
      ParameterSetName: [--resource-group --name]
      User-Agent: [python/3.7.3 (Windows-10-10.0.17763-SP0) msrest/0.6.6 msrest_azure/0.4.34
          azure-mgmt-eventhub/2.5.0 Azure-SDK-For-Python AZURECLI/2.0.63]
      accept-language: [en-US]
    method: GET
    uri: https://management.azure.com/subscriptions/00000000-0000-0000-0000-000000000000/resourceGroups/cli_test_eh_network000001/providers/Microsoft.EventHub/namespaces/eventhubs-cli000002?api-version=2017-04-01
  response:
    body: {string: '{"sku":{"name":"Standard","tier":"Standard","capacity":1},"id":"/subscriptions/00000000-0000-0000-0000-000000000000/resourceGroups/cli_test_eh_network000001/providers/Microsoft.EventHub/namespaces/eventhubs-cli000002","name":"eventhubs-cli000002","type":"Microsoft.EventHub/Namespaces","location":"West
        US","tags":{"{tag1":"value1}"},"properties":{"isAutoInflateEnabled":false,"maximumThroughputUnits":0,"kafkaEnabled":false,"provisioningState":"Succeeded","metricId":"854d368f-1828-428f-8f3c-f2affa9b2f7d:eventhubs-cli000002","createdAt":"2019-04-26T21:55:09.143Z","updatedAt":"2019-04-26T21:55:36.567Z","serviceBusEndpoint":"https://eventhubs-cli000002.servicebus.windows.net:443/","status":"Active"}}'}
    headers:
      cache-control: [no-cache]
      content-length: ['757']
      content-type: [application/json; charset=utf-8]
      date: ['Fri, 26 Apr 2019 21:55:57 GMT']
      expires: ['-1']
      pragma: [no-cache]
      server: [Service-Bus-Resource-Provider/CH3, Microsoft-HTTPAPI/2.0]
      server-sb: [Service-Bus-Resource-Provider/CH3]
      strict-transport-security: [max-age=31536000; includeSubDomains]
      transfer-encoding: [chunked]
      vary: [Accept-Encoding]
      x-content-type-options: [nosniff]
    status: {code: 200, message: OK}
- request:
    body: null
    headers:
      Accept: [application/json]
      Accept-Encoding: ['gzip, deflate']
      CommandName: [eventhubs namespace update]
      Connection: [keep-alive]
      ParameterSetName: [--resource-group --name --tags --default-action]
      User-Agent: [python/3.7.3 (Windows-10-10.0.17763-SP0) msrest/0.6.6 msrest_azure/0.4.34
          azure-mgmt-eventhub/2.5.0 Azure-SDK-For-Python AZURECLI/2.0.63]
      accept-language: [en-US]
    method: GET
    uri: https://management.azure.com/subscriptions/00000000-0000-0000-0000-000000000000/resourceGroups/cli_test_eh_network000001/providers/Microsoft.EventHub/namespaces/eventhubs-cli000002?api-version=2017-04-01
  response:
    body: {string: '{"sku":{"name":"Standard","tier":"Standard","capacity":1},"id":"/subscriptions/00000000-0000-0000-0000-000000000000/resourceGroups/cli_test_eh_network000001/providers/Microsoft.EventHub/namespaces/eventhubs-cli000002","name":"eventhubs-cli000002","type":"Microsoft.EventHub/Namespaces","location":"West
        US","tags":{"{tag1":"value1}"},"properties":{"isAutoInflateEnabled":false,"maximumThroughputUnits":0,"kafkaEnabled":false,"provisioningState":"Succeeded","metricId":"854d368f-1828-428f-8f3c-f2affa9b2f7d:eventhubs-cli000002","createdAt":"2019-04-26T21:55:09.143Z","updatedAt":"2019-04-26T21:55:36.567Z","serviceBusEndpoint":"https://eventhubs-cli000002.servicebus.windows.net:443/","status":"Active"}}'}
    headers:
      cache-control: [no-cache]
      content-length: ['757']
      content-type: [application/json; charset=utf-8]
      date: ['Fri, 26 Apr 2019 21:55:58 GMT']
      expires: ['-1']
      pragma: [no-cache]
      server: [Service-Bus-Resource-Provider/CH3, Microsoft-HTTPAPI/2.0]
      server-sb: [Service-Bus-Resource-Provider/CH3]
      strict-transport-security: [max-age=31536000; includeSubDomains]
      transfer-encoding: [chunked]
      vary: [Accept-Encoding]
      x-content-type-options: [nosniff]
    status: {code: 200, message: OK}
- request:
    body: null
    headers:
      Accept: [application/json]
      Accept-Encoding: ['gzip, deflate']
      CommandName: [eventhubs namespace update]
      Connection: [keep-alive]
      ParameterSetName: [--resource-group --name --tags --default-action]
      User-Agent: [python/3.7.3 (Windows-10-10.0.17763-SP0) msrest/0.6.6 msrest_azure/0.4.34
          azure-mgmt-eventhub/2.5.0 Azure-SDK-For-Python AZURECLI/2.0.63]
      accept-language: [en-US]
    method: GET
    uri: https://management.azure.com/subscriptions/00000000-0000-0000-0000-000000000000/resourceGroups/cli_test_eh_network000001/providers/Microsoft.EventHub/namespaces/eventhubs-cli000002/networkRuleSets/default?api-version=2017-04-01
  response:
    body: {string: '{"id":"/subscriptions/00000000-0000-0000-0000-000000000000/resourceGroups/cli_test_eh_network000001/providers/Microsoft.EventHub/namespaces/eventhubs-cli000002/networkRuleSets/default","name":"default","type":"Microsoft.EventHub/Namespaces/NetworkRuleSet","location":"West
        US","properties":{"defaultAction":"Allow","virtualNetworkRules":[],"ipRules":[]}}'}
    headers:
      cache-control: [no-cache]
      content-length: ['405']
      content-type: [application/json; charset=utf-8]
      date: ['Fri, 26 Apr 2019 21:55:59 GMT']
      expires: ['-1']
      pragma: [no-cache]
      server: [Service-Bus-Resource-Provider/CH3, Microsoft-HTTPAPI/2.0]
      server-sb: [Service-Bus-Resource-Provider/CH3]
      strict-transport-security: [max-age=31536000; includeSubDomains]
      transfer-encoding: [chunked]
      vary: [Accept-Encoding]
      x-content-type-options: [nosniff]
    status: {code: 200, message: OK}
- request:
    body: '{"properties": {"defaultAction": "Deny", "virtualNetworkRules": [], "ipRules":
      []}}'
    headers:
      Accept: [application/json]
      Accept-Encoding: ['gzip, deflate']
      CommandName: [eventhubs namespace update]
      Connection: [keep-alive]
      Content-Length: ['83']
      Content-Type: [application/json; charset=utf-8]
      ParameterSetName: [--resource-group --name --tags --default-action]
      User-Agent: [python/3.7.3 (Windows-10-10.0.17763-SP0) msrest/0.6.6 msrest_azure/0.4.34
          azure-mgmt-eventhub/2.5.0 Azure-SDK-For-Python AZURECLI/2.0.63]
      accept-language: [en-US]
    method: PUT
    uri: https://management.azure.com/subscriptions/00000000-0000-0000-0000-000000000000/resourceGroups/cli_test_eh_network000001/providers/Microsoft.EventHub/namespaces/eventhubs-cli000002/networkRuleSets/default?api-version=2017-04-01
  response:
    body: {string: '{"id":"/subscriptions/00000000-0000-0000-0000-000000000000/resourceGroups/cli_test_eh_network000001/providers/Microsoft.EventHub/namespaces/eventhubs-cli000002/networkRuleSets/default","name":"default","type":"Microsoft.EventHub/Namespaces/NetworkRuleSet","location":"West
        US","properties":{"defaultAction":"Deny","virtualNetworkRules":[],"ipRules":[]}}'}
    headers:
      cache-control: [no-cache]
      content-length: ['404']
      content-type: [application/json; charset=utf-8]
      date: ['Fri, 26 Apr 2019 21:56:14 GMT']
      expires: ['-1']
      pragma: [no-cache]
      server: [Service-Bus-Resource-Provider/CH3, Microsoft-HTTPAPI/2.0]
      server-sb: [Service-Bus-Resource-Provider/CH3]
      strict-transport-security: [max-age=31536000; includeSubDomains]
      transfer-encoding: [chunked]
      vary: [Accept-Encoding]
      x-content-type-options: [nosniff]
      x-ms-ratelimit-remaining-subscription-writes: ['1199']
    status: {code: 200, message: OK}
- request:
    body: '{"location": "West US", "tags": {"{tag1": "value1}"}, "sku": {"name": "Standard",
      "tier": "Standard", "capacity": 1}, "properties": {"isAutoInflateEnabled": false,
      "maximumThroughputUnits": 0, "kafkaEnabled": false}}'
    headers:
      Accept: [application/json]
      Accept-Encoding: ['gzip, deflate']
      CommandName: [eventhubs namespace update]
      Connection: [keep-alive]
      Content-Length: ['216']
      Content-Type: [application/json; charset=utf-8]
      ParameterSetName: [--resource-group --name --tags --default-action]
      User-Agent: [python/3.7.3 (Windows-10-10.0.17763-SP0) msrest/0.6.6 msrest_azure/0.4.34
          azure-mgmt-eventhub/2.5.0 Azure-SDK-For-Python AZURECLI/2.0.63]
      accept-language: [en-US]
    method: PUT
    uri: https://management.azure.com/subscriptions/00000000-0000-0000-0000-000000000000/resourceGroups/cli_test_eh_network000001/providers/Microsoft.EventHub/namespaces/eventhubs-cli000002?api-version=2017-04-01
  response:
    body: {string: '{"sku":{"name":"Standard","tier":"Standard","capacity":1},"id":"/subscriptions/00000000-0000-0000-0000-000000000000/resourceGroups/cli_test_eh_network000001/providers/Microsoft.EventHub/namespaces/eventhubs-cli000002","name":"eventhubs-cli000002","type":"Microsoft.EventHub/Namespaces","location":"West
        US","tags":{"{tag1":"value1}"},"properties":{"isAutoInflateEnabled":false,"maximumThroughputUnits":0,"kafkaEnabled":false,"provisioningState":"Updating","metricId":"854d368f-1828-428f-8f3c-f2affa9b2f7d:eventhubs-cli000002","createdAt":"2019-04-26T21:55:09.143Z","updatedAt":"2019-04-26T21:56:33.757Z","serviceBusEndpoint":"https://eventhubs-cli000002.servicebus.windows.net:443/","status":"Activating"}}'}
    headers:
      cache-control: [no-cache]
      content-length: ['760']
      content-type: [application/json; charset=utf-8]
      date: ['Fri, 26 Apr 2019 21:56:33 GMT']
      expires: ['-1']
      pragma: [no-cache]
      server: [Service-Bus-Resource-Provider/CH3, Microsoft-HTTPAPI/2.0]
      server-sb: [Service-Bus-Resource-Provider/CH3]
      strict-transport-security: [max-age=31536000; includeSubDomains]
      transfer-encoding: [chunked]
      vary: [Accept-Encoding]
      x-content-type-options: [nosniff]
      x-ms-ratelimit-remaining-subscription-writes: ['1196']
    status: {code: 200, message: OK}
- request:
    body: null
    headers:
      Accept: [application/json]
      Accept-Encoding: ['gzip, deflate']
      CommandName: [eventhubs namespace update]
      Connection: [keep-alive]
      ParameterSetName: [--resource-group --name --tags --default-action]
      User-Agent: [python/3.7.3 (Windows-10-10.0.17763-SP0) msrest/0.6.6 msrest_azure/0.4.34
          azure-mgmt-eventhub/2.5.0 Azure-SDK-For-Python AZURECLI/2.0.63]
    method: GET
    uri: https://management.azure.com/subscriptions/00000000-0000-0000-0000-000000000000/resourceGroups/cli_test_eh_network000001/providers/Microsoft.EventHub/namespaces/eventhubs-cli000002?api-version=2017-04-01
  response:
    body: {string: '{"sku":{"name":"Standard","tier":"Standard","capacity":1},"id":"/subscriptions/00000000-0000-0000-0000-000000000000/resourceGroups/cli_test_eh_network000001/providers/Microsoft.EventHub/namespaces/eventhubs-cli000002","name":"eventhubs-cli000002","type":"Microsoft.EventHub/Namespaces","location":"West
        US","tags":{"{tag1":"value1}"},"properties":{"isAutoInflateEnabled":false,"maximumThroughputUnits":0,"kafkaEnabled":false,"provisioningState":"Succeeded","metricId":"854d368f-1828-428f-8f3c-f2affa9b2f7d:eventhubs-cli000002","createdAt":"2019-04-26T21:55:09.143Z","updatedAt":"2019-04-26T21:56:35.59Z","serviceBusEndpoint":"https://eventhubs-cli000002.servicebus.windows.net:443/","status":"Active"}}'}
    headers:
      cache-control: [no-cache]
      content-length: ['756']
      content-type: [application/json; charset=utf-8]
      date: ['Fri, 26 Apr 2019 21:57:13 GMT']
      expires: ['-1']
      pragma: [no-cache]
      server: [Service-Bus-Resource-Provider/CH3, Microsoft-HTTPAPI/2.0]
      server-sb: [Service-Bus-Resource-Provider/CH3]
      strict-transport-security: [max-age=31536000; includeSubDomains]
      transfer-encoding: [chunked]
      vary: [Accept-Encoding]
      x-content-type-options: [nosniff]
    status: {code: 200, message: OK}
- request:
    body: null
    headers:
      Accept: [application/json]
      Accept-Encoding: ['gzip, deflate']
      CommandName: [eventhubs namespace network-rule list]
      Connection: [keep-alive]
      ParameterSetName: [--resource-group --name]
      User-Agent: [python/3.7.3 (Windows-10-10.0.17763-SP0) msrest/0.6.6 msrest_azure/0.4.34
          azure-mgmt-eventhub/2.5.0 Azure-SDK-For-Python AZURECLI/2.0.63]
      accept-language: [en-US]
    method: GET
    uri: https://management.azure.com/subscriptions/00000000-0000-0000-0000-000000000000/resourceGroups/cli_test_eh_network000001/providers/Microsoft.EventHub/namespaces/eventhubs-cli000002/networkRuleSets/default?api-version=2017-04-01
  response:
    body: {string: '{"id":"/subscriptions/00000000-0000-0000-0000-000000000000/resourceGroups/cli_test_eh_network000001/providers/Microsoft.EventHub/namespaces/eventhubs-cli000002/networkRuleSets/default","name":"default","type":"Microsoft.EventHub/Namespaces/NetworkRuleSet","location":"West
        US","properties":{"defaultAction":"Deny","virtualNetworkRules":[],"ipRules":[]}}'}
    headers:
      cache-control: [no-cache]
      content-length: ['404']
      content-type: [application/json; charset=utf-8]
      date: ['Fri, 26 Apr 2019 21:57:10 GMT']
      expires: ['-1']
      pragma: [no-cache]
      server: [Service-Bus-Resource-Provider/CH3, Microsoft-HTTPAPI/2.0]
      server-sb: [Service-Bus-Resource-Provider/CH3]
      strict-transport-security: [max-age=31536000; includeSubDomains]
      transfer-encoding: [chunked]
      vary: [Accept-Encoding]
      x-content-type-options: [nosniff]
    status: {code: 200, message: OK}
- request:
    body: null
    headers:
      Accept: [application/json]
      Accept-Encoding: ['gzip, deflate']
      CommandName: [eventhubs namespace network-rule add]
      Connection: [keep-alive]
      ParameterSetName: [--resource-group --name --ip-address --action]
      User-Agent: [python/3.7.3 (Windows-10-10.0.17763-SP0) msrest/0.6.6 msrest_azure/0.4.34
          azure-mgmt-eventhub/2.5.0 Azure-SDK-For-Python AZURECLI/2.0.63]
      accept-language: [en-US]
    method: GET
    uri: https://management.azure.com/subscriptions/00000000-0000-0000-0000-000000000000/resourceGroups/cli_test_eh_network000001/providers/Microsoft.EventHub/namespaces/eventhubs-cli000002/networkRuleSets/default?api-version=2017-04-01
  response:
    body: {string: '{"id":"/subscriptions/00000000-0000-0000-0000-000000000000/resourceGroups/cli_test_eh_network000001/providers/Microsoft.EventHub/namespaces/eventhubs-cli000002/networkRuleSets/default","name":"default","type":"Microsoft.EventHub/Namespaces/NetworkRuleSet","location":"West
        US","properties":{"defaultAction":"Deny","virtualNetworkRules":[],"ipRules":[]}}'}
    headers:
      cache-control: [no-cache]
      content-length: ['404']
      content-type: [application/json; charset=utf-8]
      date: ['Fri, 26 Apr 2019 21:57:05 GMT']
      expires: ['-1']
      pragma: [no-cache]
      server: [Service-Bus-Resource-Provider/CH3, Microsoft-HTTPAPI/2.0]
      server-sb: [Service-Bus-Resource-Provider/CH3]
      strict-transport-security: [max-age=31536000; includeSubDomains]
      transfer-encoding: [chunked]
      vary: [Accept-Encoding]
      x-content-type-options: [nosniff]
    status: {code: 200, message: OK}
- request:
    body: '{"properties": {"defaultAction": "Deny", "virtualNetworkRules": [], "ipRules":
      [{"ipMask": "1.1.1.1", "action": "Allow"}]}}'
    headers:
      Accept: [application/json]
      Accept-Encoding: ['gzip, deflate']
      CommandName: [eventhubs namespace network-rule add]
      Connection: [keep-alive]
      Content-Length: ['123']
      Content-Type: [application/json; charset=utf-8]
      ParameterSetName: [--resource-group --name --ip-address --action]
      User-Agent: [python/3.7.3 (Windows-10-10.0.17763-SP0) msrest/0.6.6 msrest_azure/0.4.34
          azure-mgmt-eventhub/2.5.0 Azure-SDK-For-Python AZURECLI/2.0.63]
      accept-language: [en-US]
    method: PUT
    uri: https://management.azure.com/subscriptions/00000000-0000-0000-0000-000000000000/resourceGroups/cli_test_eh_network000001/providers/Microsoft.EventHub/namespaces/eventhubs-cli000002/networkRuleSets/default?api-version=2017-04-01
  response:
    body: {string: '{"id":"/subscriptions/00000000-0000-0000-0000-000000000000/resourceGroups/cli_test_eh_network000001/providers/Microsoft.EventHub/namespaces/eventhubs-cli000002/networkRuleSets/default","name":"default","type":"Microsoft.EventHub/Namespaces/NetworkRuleSet","location":"West
        US","properties":{"defaultAction":"Deny","virtualNetworkRules":[],"ipRules":[{"ipMask":"1.1.1.1","action":"Allow"}]}}'}
    headers:
      cache-control: [no-cache]
      content-length: ['441']
      content-type: [application/json; charset=utf-8]
      date: ['Fri, 26 Apr 2019 21:57:21 GMT']
      expires: ['-1']
      pragma: [no-cache]
      server: [Service-Bus-Resource-Provider/CH3, Microsoft-HTTPAPI/2.0]
      server-sb: [Service-Bus-Resource-Provider/CH3]
      strict-transport-security: [max-age=31536000; includeSubDomains]
      transfer-encoding: [chunked]
      vary: [Accept-Encoding]
      x-content-type-options: [nosniff]
      x-ms-ratelimit-remaining-subscription-writes: ['1197']
    status: {code: 200, message: OK}
- request:
    body: null
    headers:
      Accept: [application/json]
      Accept-Encoding: ['gzip, deflate']
      CommandName: [eventhubs namespace network-rule add]
      Connection: [keep-alive]
      ParameterSetName: [--resource-group --name --ip-address --action]
      User-Agent: [python/3.7.3 (Windows-10-10.0.17763-SP0) msrest/0.6.6 msrest_azure/0.4.34
          azure-mgmt-eventhub/2.5.0 Azure-SDK-For-Python AZURECLI/2.0.63]
      accept-language: [en-US]
    method: GET
    uri: https://management.azure.com/subscriptions/00000000-0000-0000-0000-000000000000/resourceGroups/cli_test_eh_network000001/providers/Microsoft.EventHub/namespaces/eventhubs-cli000002/networkRuleSets/default?api-version=2017-04-01
  response:
    body: {string: '{"id":"/subscriptions/00000000-0000-0000-0000-000000000000/resourceGroups/cli_test_eh_network000001/providers/Microsoft.EventHub/namespaces/eventhubs-cli000002/networkRuleSets/default","name":"default","type":"Microsoft.EventHub/Namespaces/NetworkRuleSet","location":"West
        US","properties":{"defaultAction":"Deny","virtualNetworkRules":[],"ipRules":[{"ipMask":"1.1.1.1","action":"Allow"}]}}'}
    headers:
      cache-control: [no-cache]
      content-length: ['441']
      content-type: [application/json; charset=utf-8]
      date: ['Fri, 26 Apr 2019 21:57:23 GMT']
      expires: ['-1']
      pragma: [no-cache]
      server: [Service-Bus-Resource-Provider/CH3, Microsoft-HTTPAPI/2.0]
      server-sb: [Service-Bus-Resource-Provider/CH3]
      strict-transport-security: [max-age=31536000; includeSubDomains]
      transfer-encoding: [chunked]
      vary: [Accept-Encoding]
      x-content-type-options: [nosniff]
    status: {code: 200, message: OK}
- request:
    body: '{"properties": {"defaultAction": "Deny", "virtualNetworkRules": [], "ipRules":
      [{"ipMask": "1.1.1.1", "action": "Allow"}, {"ipMask": "2.2.2.2", "action": "Allow"}]}}'
    headers:
      Accept: [application/json]
      Accept-Encoding: ['gzip, deflate']
      CommandName: [eventhubs namespace network-rule add]
      Connection: [keep-alive]
      Content-Length: ['165']
      Content-Type: [application/json; charset=utf-8]
      ParameterSetName: [--resource-group --name --ip-address --action]
      User-Agent: [python/3.7.3 (Windows-10-10.0.17763-SP0) msrest/0.6.6 msrest_azure/0.4.34
          azure-mgmt-eventhub/2.5.0 Azure-SDK-For-Python AZURECLI/2.0.63]
      accept-language: [en-US]
    method: PUT
    uri: https://management.azure.com/subscriptions/00000000-0000-0000-0000-000000000000/resourceGroups/cli_test_eh_network000001/providers/Microsoft.EventHub/namespaces/eventhubs-cli000002/networkRuleSets/default?api-version=2017-04-01
  response:
    body: {string: '{"id":"/subscriptions/00000000-0000-0000-0000-000000000000/resourceGroups/cli_test_eh_network000001/providers/Microsoft.EventHub/namespaces/eventhubs-cli000002/networkRuleSets/default","name":"default","type":"Microsoft.EventHub/Namespaces/NetworkRuleSet","location":"West
        US","properties":{"defaultAction":"Deny","virtualNetworkRules":[],"ipRules":[{"ipMask":"1.1.1.1","action":"Allow"},{"ipMask":"2.2.2.2","action":"Allow"}]}}'}
    headers:
      cache-control: [no-cache]
      content-length: ['479']
      content-type: [application/json; charset=utf-8]
      date: ['Fri, 26 Apr 2019 21:57:39 GMT']
      expires: ['-1']
      pragma: [no-cache]
      server: [Service-Bus-Resource-Provider/CH3, Microsoft-HTTPAPI/2.0]
      server-sb: [Service-Bus-Resource-Provider/CH3]
      strict-transport-security: [max-age=31536000; includeSubDomains]
      transfer-encoding: [chunked]
      vary: [Accept-Encoding]
      x-content-type-options: [nosniff]
      x-ms-ratelimit-remaining-subscription-writes: ['1199']
    status: {code: 200, message: OK}
- request:
    body: null
    headers:
      Accept: [application/json]
      Accept-Encoding: ['gzip, deflate']
      CommandName: [eventhubs namespace network-rule list]
      Connection: [keep-alive]
      ParameterSetName: [--resource-group --name]
      User-Agent: [python/3.7.3 (Windows-10-10.0.17763-SP0) msrest/0.6.6 msrest_azure/0.4.34
          azure-mgmt-eventhub/2.5.0 Azure-SDK-For-Python AZURECLI/2.0.63]
      accept-language: [en-US]
    method: GET
    uri: https://management.azure.com/subscriptions/00000000-0000-0000-0000-000000000000/resourceGroups/cli_test_eh_network000001/providers/Microsoft.EventHub/namespaces/eventhubs-cli000002/networkRuleSets/default?api-version=2017-04-01
  response:
    body: {string: '{"id":"/subscriptions/00000000-0000-0000-0000-000000000000/resourceGroups/cli_test_eh_network000001/providers/Microsoft.EventHub/namespaces/eventhubs-cli000002/networkRuleSets/default","name":"default","type":"Microsoft.EventHub/Namespaces/NetworkRuleSet","location":"West
        US","properties":{"defaultAction":"Deny","virtualNetworkRules":[],"ipRules":[{"ipMask":"1.1.1.1","action":"Allow"},{"ipMask":"2.2.2.2","action":"Allow"}]}}'}
    headers:
      cache-control: [no-cache]
      content-length: ['479']
      content-type: [application/json; charset=utf-8]
      date: ['Fri, 26 Apr 2019 21:57:46 GMT']
      expires: ['-1']
      pragma: [no-cache]
      server: [Service-Bus-Resource-Provider/CH3, Microsoft-HTTPAPI/2.0]
      server-sb: [Service-Bus-Resource-Provider/CH3]
      strict-transport-security: [max-age=31536000; includeSubDomains]
      transfer-encoding: [chunked]
      vary: [Accept-Encoding]
      x-content-type-options: [nosniff]
    status: {code: 200, message: OK}
- request:
    body: null
    headers:
      Accept: [application/json]
      Accept-Encoding: ['gzip, deflate']
      CommandName: [eventhubs namespace network-rule remove]
      Connection: [keep-alive]
      ParameterSetName: [--resource-group --name --ip-address]
      User-Agent: [python/3.7.3 (Windows-10-10.0.17763-SP0) msrest/0.6.6 msrest_azure/0.4.34
          azure-mgmt-eventhub/2.5.0 Azure-SDK-For-Python AZURECLI/2.0.63]
      accept-language: [en-US]
    method: GET
    uri: https://management.azure.com/subscriptions/00000000-0000-0000-0000-000000000000/resourceGroups/cli_test_eh_network000001/providers/Microsoft.EventHub/namespaces/eventhubs-cli000002/networkRuleSets/default?api-version=2017-04-01
  response:
    body: {string: '{"id":"/subscriptions/00000000-0000-0000-0000-000000000000/resourceGroups/cli_test_eh_network000001/providers/Microsoft.EventHub/namespaces/eventhubs-cli000002/networkRuleSets/default","name":"default","type":"Microsoft.EventHub/Namespaces/NetworkRuleSet","location":"West
        US","properties":{"defaultAction":"Deny","virtualNetworkRules":[],"ipRules":[{"ipMask":"1.1.1.1","action":"Allow"},{"ipMask":"2.2.2.2","action":"Allow"}]}}'}
    headers:
      cache-control: [no-cache]
      content-length: ['479']
      content-type: [application/json; charset=utf-8]
      date: ['Fri, 26 Apr 2019 21:57:40 GMT']
      expires: ['-1']
      pragma: [no-cache]
      server: [Service-Bus-Resource-Provider/CH3, Microsoft-HTTPAPI/2.0]
      server-sb: [Service-Bus-Resource-Provider/CH3]
      strict-transport-security: [max-age=31536000; includeSubDomains]
      transfer-encoding: [chunked]
      vary: [Accept-Encoding]
      x-content-type-options: [nosniff]
    status: {code: 200, message: OK}
- request:
    body: '{"properties": {"defaultAction": "Deny", "virtualNetworkRules": [], "ipRules":
      [{"ipMask": "1.1.1.1", "action": "Allow"}]}}'
    headers:
      Accept: [application/json]
      Accept-Encoding: ['gzip, deflate']
      CommandName: [eventhubs namespace network-rule remove]
      Connection: [keep-alive]
      Content-Length: ['123']
      Content-Type: [application/json; charset=utf-8]
      ParameterSetName: [--resource-group --name --ip-address]
      User-Agent: [python/3.7.3 (Windows-10-10.0.17763-SP0) msrest/0.6.6 msrest_azure/0.4.34
          azure-mgmt-eventhub/2.5.0 Azure-SDK-For-Python AZURECLI/2.0.63]
      accept-language: [en-US]
    method: PUT
    uri: https://management.azure.com/subscriptions/00000000-0000-0000-0000-000000000000/resourceGroups/cli_test_eh_network000001/providers/Microsoft.EventHub/namespaces/eventhubs-cli000002/networkRuleSets/default?api-version=2017-04-01
  response:
    body: {string: '{"id":"/subscriptions/00000000-0000-0000-0000-000000000000/resourceGroups/cli_test_eh_network000001/providers/Microsoft.EventHub/namespaces/eventhubs-cli000002/networkRuleSets/default","name":"default","type":"Microsoft.EventHub/Namespaces/NetworkRuleSet","location":"West
        US","properties":{"defaultAction":"Deny","virtualNetworkRules":[],"ipRules":[{"ipMask":"1.1.1.1","action":"Allow"}]}}'}
    headers:
      cache-control: [no-cache]
      content-length: ['441']
      content-type: [application/json; charset=utf-8]
      date: ['Fri, 26 Apr 2019 21:58:00 GMT']
      expires: ['-1']
      pragma: [no-cache]
      server: [Service-Bus-Resource-Provider/CH3, Microsoft-HTTPAPI/2.0]
      server-sb: [Service-Bus-Resource-Provider/CH3]
      strict-transport-security: [max-age=31536000; includeSubDomains]
      transfer-encoding: [chunked]
      vary: [Accept-Encoding]
      x-content-type-options: [nosniff]
      x-ms-ratelimit-remaining-subscription-writes: ['1199']
    status: {code: 200, message: OK}
- request:
    body: null
    headers:
      Accept: [application/json]
      Accept-Encoding: ['gzip, deflate']
      CommandName: [eventhubs namespace network-rule add]
      Connection: [keep-alive]
      ParameterSetName: [--resource-group --name --subnet --ignore-missing-endpoint]
      User-Agent: [python/3.7.3 (Windows-10-10.0.17763-SP0) msrest/0.6.6 msrest_azure/0.4.34
          azure-mgmt-eventhub/2.5.0 Azure-SDK-For-Python AZURECLI/2.0.63]
      accept-language: [en-US]
    method: GET
    uri: https://management.azure.com/subscriptions/00000000-0000-0000-0000-000000000000/resourceGroups/cli_test_eh_network000001/providers/Microsoft.EventHub/namespaces/eventhubs-cli000002/networkRuleSets/default?api-version=2017-04-01
  response:
    body: {string: '{"id":"/subscriptions/00000000-0000-0000-0000-000000000000/resourceGroups/cli_test_eh_network000001/providers/Microsoft.EventHub/namespaces/eventhubs-cli000002/networkRuleSets/default","name":"default","type":"Microsoft.EventHub/Namespaces/NetworkRuleSet","location":"West
        US","properties":{"defaultAction":"Deny","virtualNetworkRules":[],"ipRules":[{"ipMask":"1.1.1.1","action":"Allow"}]}}'}
    headers:
      cache-control: [no-cache]
      content-length: ['441']
      content-type: [application/json; charset=utf-8]
      date: ['Fri, 26 Apr 2019 21:58:02 GMT']
      expires: ['-1']
      pragma: [no-cache]
      server: [Service-Bus-Resource-Provider/CH3, Microsoft-HTTPAPI/2.0]
      server-sb: [Service-Bus-Resource-Provider/CH3]
      strict-transport-security: [max-age=31536000; includeSubDomains]
      transfer-encoding: [chunked]
      vary: [Accept-Encoding]
      x-content-type-options: [nosniff]
    status: {code: 200, message: OK}
- request:
    body: 'b''{"properties": {"defaultAction": "Deny", "virtualNetworkRules": [{"subnet":
      {"id": "/subscriptions/00000000-0000-0000-0000-000000000000/resourceGroups/cli_test_eh_network000001/providers/Microsoft.Network/virtualNetworks/sbehvnettest1/subnets/default"},
      "ignoreMissingVnetServiceEndpoint": true}], "ipRules": [{"ipMask": "1.1.1.1",
      "action": "Allow"}]}}'''
    headers:
      Accept: [application/json]
      Accept-Encoding: ['gzip, deflate']
      CommandName: [eventhubs namespace network-rule add]
      Connection: [keep-alive]
      Content-Length: ['403']
      Content-Type: [application/json; charset=utf-8]
      ParameterSetName: [--resource-group --name --subnet --ignore-missing-endpoint]
      User-Agent: [python/3.7.3 (Windows-10-10.0.17763-SP0) msrest/0.6.6 msrest_azure/0.4.34
          azure-mgmt-eventhub/2.5.0 Azure-SDK-For-Python AZURECLI/2.0.63]
      accept-language: [en-US]
    method: PUT
    uri: https://management.azure.com/subscriptions/00000000-0000-0000-0000-000000000000/resourceGroups/cli_test_eh_network000001/providers/Microsoft.EventHub/namespaces/eventhubs-cli000002/networkRuleSets/default?api-version=2017-04-01
  response:
    body: {string: '{"id":"/subscriptions/00000000-0000-0000-0000-000000000000/resourceGroups/cli_test_eh_network000001/providers/Microsoft.EventHub/namespaces/eventhubs-cli000002/networkRuleSets/default","name":"default","type":"Microsoft.EventHub/Namespaces/NetworkRuleSet","location":"West
        US","properties":{"defaultAction":"Deny","virtualNetworkRules":[{"subnet":{"id":"/subscriptions/00000000-0000-0000-0000-000000000000/resourceGroups/cli_test_eh_network000001/providers/Microsoft.Network/virtualNetworks/sbehvnettest1/subnets/default"},"ignoreMissingVnetServiceEndpoint":true}],"ipRules":[{"ipMask":"1.1.1.1","action":"Allow"}]}}'}
    headers:
      cache-control: [no-cache]
      content-length: ['717']
      content-type: [application/json; charset=utf-8]
      date: ['Fri, 26 Apr 2019 21:58:33 GMT']
      expires: ['-1']
      pragma: [no-cache]
      server: [Service-Bus-Resource-Provider/CH3, Microsoft-HTTPAPI/2.0]
      server-sb: [Service-Bus-Resource-Provider/CH3]
      strict-transport-security: [max-age=31536000; includeSubDomains]
      transfer-encoding: [chunked]
      vary: [Accept-Encoding]
      x-content-type-options: [nosniff]
      x-ms-ratelimit-remaining-subscription-writes: ['1199']
    status: {code: 200, message: OK}
- request:
    body: null
    headers:
      Accept: [application/json]
      Accept-Encoding: ['gzip, deflate']
      CommandName: [eventhubs namespace network-rule add]
      Connection: [keep-alive]
      ParameterSetName: [--resource-group --name --subnet --ignore-missing-endpoint]
      User-Agent: [python/3.7.3 (Windows-10-10.0.17763-SP0) msrest/0.6.6 msrest_azure/0.4.34
          azure-mgmt-eventhub/2.5.0 Azure-SDK-For-Python AZURECLI/2.0.63]
      accept-language: [en-US]
    method: GET
    uri: https://management.azure.com/subscriptions/00000000-0000-0000-0000-000000000000/resourceGroups/cli_test_eh_network000001/providers/Microsoft.EventHub/namespaces/eventhubs-cli000002/networkRuleSets/default?api-version=2017-04-01
  response:
    body: {string: '{"id":"/subscriptions/00000000-0000-0000-0000-000000000000/resourceGroups/cli_test_eh_network000001/providers/Microsoft.EventHub/namespaces/eventhubs-cli000002/networkRuleSets/default","name":"default","type":"Microsoft.EventHub/Namespaces/NetworkRuleSet","location":"West
        US","properties":{"defaultAction":"Deny","virtualNetworkRules":[{"subnet":{"id":"/subscriptions/00000000-0000-0000-0000-000000000000/resourcegroups/cli_test_eh_network000001/providers/Microsoft.Network/virtualNetworks/sbehvnettest1/subnets/default"},"ignoreMissingVnetServiceEndpoint":true}],"ipRules":[{"ipMask":"1.1.1.1","action":"Allow"}]}}'}
    headers:
      cache-control: [no-cache]
      content-length: ['717']
      content-type: [application/json; charset=utf-8]
      date: ['Fri, 26 Apr 2019 21:58:31 GMT']
      expires: ['-1']
      pragma: [no-cache]
      server: [Service-Bus-Resource-Provider/CH3, Microsoft-HTTPAPI/2.0]
      server-sb: [Service-Bus-Resource-Provider/CH3]
      strict-transport-security: [max-age=31536000; includeSubDomains]
      transfer-encoding: [chunked]
      vary: [Accept-Encoding]
      x-content-type-options: [nosniff]
    status: {code: 200, message: OK}
- request:
    body: 'b''{"properties": {"defaultAction": "Deny", "virtualNetworkRules": [{"subnet":
      {"id": "/subscriptions/00000000-0000-0000-0000-000000000000/resourcegroups/cli_test_eh_network000001/providers/Microsoft.Network/virtualNetworks/sbehvnettest1/subnets/default"},
      "ignoreMissingVnetServiceEndpoint": true}, {"subnet": {"id": "/subscriptions/00000000-0000-0000-0000-000000000000/resourceGroups/cli_test_eh_network000001/providers/Microsoft.Network/virtualNetworks/sbehvnettest2/subnets/secondvnet"},
      "ignoreMissingVnetServiceEndpoint": true}], "ipRules": [{"ipMask": "1.1.1.1",
      "action": "Allow"}]}}'''
    headers:
      Accept: [application/json]
      Accept-Encoding: ['gzip, deflate']
      CommandName: [eventhubs namespace network-rule add]
      Connection: [keep-alive]
      Content-Length: ['688']
      Content-Type: [application/json; charset=utf-8]
      ParameterSetName: [--resource-group --name --subnet --ignore-missing-endpoint]
      User-Agent: [python/3.7.3 (Windows-10-10.0.17763-SP0) msrest/0.6.6 msrest_azure/0.4.34
          azure-mgmt-eventhub/2.5.0 Azure-SDK-For-Python AZURECLI/2.0.63]
      accept-language: [en-US]
    method: PUT
    uri: https://management.azure.com/subscriptions/00000000-0000-0000-0000-000000000000/resourceGroups/cli_test_eh_network000001/providers/Microsoft.EventHub/namespaces/eventhubs-cli000002/networkRuleSets/default?api-version=2017-04-01
  response:
    body: {string: '{"id":"/subscriptions/00000000-0000-0000-0000-000000000000/resourceGroups/cli_test_eh_network000001/providers/Microsoft.EventHub/namespaces/eventhubs-cli000002/networkRuleSets/default","name":"default","type":"Microsoft.EventHub/Namespaces/NetworkRuleSet","location":"West
        US","properties":{"defaultAction":"Deny","virtualNetworkRules":[{"subnet":{"id":"/subscriptions/00000000-0000-0000-0000-000000000000/resourcegroups/cli_test_eh_network000001/providers/Microsoft.Network/virtualNetworks/sbehvnettest1/subnets/default"},"ignoreMissingVnetServiceEndpoint":true},{"subnet":{"id":"/subscriptions/00000000-0000-0000-0000-000000000000/resourceGroups/cli_test_eh_network000001/providers/Microsoft.Network/virtualNetworks/sbehvnettest2/subnets/secondvnet"},"ignoreMissingVnetServiceEndpoint":true}],"ipRules":[{"ipMask":"1.1.1.1","action":"Allow"}]}}'}
    headers:
      cache-control: [no-cache]
      content-length: ['997']
      content-type: [application/json; charset=utf-8]
      date: ['Fri, 26 Apr 2019 21:59:10 GMT']
      expires: ['-1']
      pragma: [no-cache]
      server: [Service-Bus-Resource-Provider/CH3, Microsoft-HTTPAPI/2.0]
      server-sb: [Service-Bus-Resource-Provider/CH3]
      strict-transport-security: [max-age=31536000; includeSubDomains]
      transfer-encoding: [chunked]
      vary: [Accept-Encoding]
      x-content-type-options: [nosniff]
      x-ms-ratelimit-remaining-subscription-writes: ['1199']
    status: {code: 200, message: OK}
- request:
    body: null
    headers:
      Accept: [application/json]
      Accept-Encoding: ['gzip, deflate']
      CommandName: [eventhubs namespace network-rule list]
      Connection: [keep-alive]
      ParameterSetName: [--resource-group --name]
      User-Agent: [python/3.7.3 (Windows-10-10.0.17763-SP0) msrest/0.6.6 msrest_azure/0.4.34
          azure-mgmt-eventhub/2.5.0 Azure-SDK-For-Python AZURECLI/2.0.63]
      accept-language: [en-US]
    method: GET
    uri: https://management.azure.com/subscriptions/00000000-0000-0000-0000-000000000000/resourceGroups/cli_test_eh_network000001/providers/Microsoft.EventHub/namespaces/eventhubs-cli000002/networkRuleSets/default?api-version=2017-04-01
  response:
    body: {string: '{"id":"/subscriptions/00000000-0000-0000-0000-000000000000/resourceGroups/cli_test_eh_network000001/providers/Microsoft.EventHub/namespaces/eventhubs-cli000002/networkRuleSets/default","name":"default","type":"Microsoft.EventHub/Namespaces/NetworkRuleSet","location":"West
        US","properties":{"defaultAction":"Deny","virtualNetworkRules":[{"subnet":{"id":"/subscriptions/00000000-0000-0000-0000-000000000000/resourcegroups/cli_test_eh_network000001/providers/Microsoft.Network/virtualNetworks/sbehvnettest1/subnets/default"},"ignoreMissingVnetServiceEndpoint":true},{"subnet":{"id":"/subscriptions/00000000-0000-0000-0000-000000000000/resourcegroups/cli_test_eh_network000001/providers/Microsoft.Network/virtualNetworks/sbehvnettest2/subnets/secondvnet"},"ignoreMissingVnetServiceEndpoint":true}],"ipRules":[{"ipMask":"1.1.1.1","action":"Allow"}]}}'}
    headers:
      cache-control: [no-cache]
      content-length: ['997']
      content-type: [application/json; charset=utf-8]
      date: ['Fri, 26 Apr 2019 21:59:12 GMT']
      expires: ['-1']
      pragma: [no-cache]
      server: [Service-Bus-Resource-Provider/CH3, Microsoft-HTTPAPI/2.0]
      server-sb: [Service-Bus-Resource-Provider/CH3]
      strict-transport-security: [max-age=31536000; includeSubDomains]
      transfer-encoding: [chunked]
      vary: [Accept-Encoding]
      x-content-type-options: [nosniff]
    status: {code: 200, message: OK}
- request:
    body: null
    headers:
      Accept: [application/json]
      Accept-Encoding: ['gzip, deflate']
      CommandName: [eventhubs namespace network-rule remove]
      Connection: [keep-alive]
      ParameterSetName: [--resource-group --name --subnet]
      User-Agent: [python/3.7.3 (Windows-10-10.0.17763-SP0) msrest/0.6.6 msrest_azure/0.4.34
          azure-mgmt-eventhub/2.5.0 Azure-SDK-For-Python AZURECLI/2.0.63]
      accept-language: [en-US]
    method: GET
    uri: https://management.azure.com/subscriptions/00000000-0000-0000-0000-000000000000/resourceGroups/cli_test_eh_network000001/providers/Microsoft.EventHub/namespaces/eventhubs-cli000002/networkRuleSets/default?api-version=2017-04-01
  response:
    body: {string: '{"id":"/subscriptions/00000000-0000-0000-0000-000000000000/resourceGroups/cli_test_eh_network000001/providers/Microsoft.EventHub/namespaces/eventhubs-cli000002/networkRuleSets/default","name":"default","type":"Microsoft.EventHub/Namespaces/NetworkRuleSet","location":"West
        US","properties":{"defaultAction":"Deny","virtualNetworkRules":[{"subnet":{"id":"/subscriptions/00000000-0000-0000-0000-000000000000/resourcegroups/cli_test_eh_network000001/providers/Microsoft.Network/virtualNetworks/sbehvnettest1/subnets/default"},"ignoreMissingVnetServiceEndpoint":true},{"subnet":{"id":"/subscriptions/00000000-0000-0000-0000-000000000000/resourcegroups/cli_test_eh_network000001/providers/Microsoft.Network/virtualNetworks/sbehvnettest2/subnets/secondvnet"},"ignoreMissingVnetServiceEndpoint":true}],"ipRules":[{"ipMask":"1.1.1.1","action":"Allow"}]}}'}
    headers:
      cache-control: [no-cache]
      content-length: ['997']
      content-type: [application/json; charset=utf-8]
      date: ['Fri, 26 Apr 2019 21:59:05 GMT']
      expires: ['-1']
      pragma: [no-cache]
      server: [Service-Bus-Resource-Provider/CH3, Microsoft-HTTPAPI/2.0]
      server-sb: [Service-Bus-Resource-Provider/CH3]
      strict-transport-security: [max-age=31536000; includeSubDomains]
      transfer-encoding: [chunked]
      vary: [Accept-Encoding]
      x-content-type-options: [nosniff]
    status: {code: 200, message: OK}
- request:
    body: 'b''{"properties": {"defaultAction": "Deny", "virtualNetworkRules": [{"subnet":
      {"id": "/subscriptions/00000000-0000-0000-0000-000000000000/resourcegroups/cli_test_eh_network000001/providers/Microsoft.Network/virtualNetworks/sbehvnettest1/subnets/default"},
      "ignoreMissingVnetServiceEndpoint": true}], "ipRules": [{"ipMask": "1.1.1.1",
      "action": "Allow"}]}}'''
    headers:
      Accept: [application/json]
      Accept-Encoding: ['gzip, deflate']
      CommandName: [eventhubs namespace network-rule remove]
      Connection: [keep-alive]
      Content-Length: ['403']
      Content-Type: [application/json; charset=utf-8]
      ParameterSetName: [--resource-group --name --subnet]
      User-Agent: [python/3.7.3 (Windows-10-10.0.17763-SP0) msrest/0.6.6 msrest_azure/0.4.34
          azure-mgmt-eventhub/2.5.0 Azure-SDK-For-Python AZURECLI/2.0.63]
      accept-language: [en-US]
    method: PUT
    uri: https://management.azure.com/subscriptions/00000000-0000-0000-0000-000000000000/resourceGroups/cli_test_eh_network000001/providers/Microsoft.EventHub/namespaces/eventhubs-cli000002/networkRuleSets/default?api-version=2017-04-01
  response:
    body: {string: '{"id":"/subscriptions/00000000-0000-0000-0000-000000000000/resourceGroups/cli_test_eh_network000001/providers/Microsoft.EventHub/namespaces/eventhubs-cli000002/networkRuleSets/default","name":"default","type":"Microsoft.EventHub/Namespaces/NetworkRuleSet","location":"West
        US","properties":{"defaultAction":"Deny","virtualNetworkRules":[{"subnet":{"id":"/subscriptions/00000000-0000-0000-0000-000000000000/resourcegroups/cli_test_eh_network000001/providers/Microsoft.Network/virtualNetworks/sbehvnettest1/subnets/default"},"ignoreMissingVnetServiceEndpoint":true}],"ipRules":[{"ipMask":"1.1.1.1","action":"Allow"}]}}'}
    headers:
      cache-control: [no-cache]
      content-length: ['717']
      content-type: [application/json; charset=utf-8]
      date: ['Fri, 26 Apr 2019 21:59:24 GMT']
      expires: ['-1']
      pragma: [no-cache]
      server: [Service-Bus-Resource-Provider/CH3, Microsoft-HTTPAPI/2.0]
      server-sb: [Service-Bus-Resource-Provider/CH3]
      strict-transport-security: [max-age=31536000; includeSubDomains]
      transfer-encoding: [chunked]
      vary: [Accept-Encoding]
      x-content-type-options: [nosniff]
      x-ms-ratelimit-remaining-subscription-writes: ['1198']
    status: {code: 200, message: OK}
- request:
    body: null
    headers:
      Accept: [application/json]
      Accept-Encoding: ['gzip, deflate']
      CommandName: [eventhubs namespace delete]
      Connection: [keep-alive]
      Content-Length: ['0']
      ParameterSetName: [--resource-group --name]
      User-Agent: [python/3.7.3 (Windows-10-10.0.17763-SP0) msrest/0.6.6 msrest_azure/0.4.34
          azure-mgmt-eventhub/2.5.0 Azure-SDK-For-Python AZURECLI/2.0.63]
      accept-language: [en-US]
    method: DELETE
    uri: https://management.azure.com/subscriptions/00000000-0000-0000-0000-000000000000/resourceGroups/cli_test_eh_network000001/providers/Microsoft.EventHub/namespaces/eventhubs-cli000002?api-version=2017-04-01
  response:
    body: {string: ''}
    headers:
      cache-control: [no-cache]
      content-length: ['0']
      date: ['Fri, 26 Apr 2019 21:59:26 GMT']
      expires: ['-1']
      location: ['https://management.azure.com/subscriptions/00000000-0000-0000-0000-000000000000/resourceGroups/cli_test_eh_network000001/providers/Microsoft.EventHub/namespaces/eventhubs-cli000002/operationresults/eventhubs-cli000002?api-version=2017-04-01']
      pragma: [no-cache]
      server: [Service-Bus-Resource-Provider/CH3, Microsoft-HTTPAPI/2.0]
      server-sb: [Service-Bus-Resource-Provider/CH3]
      strict-transport-security: [max-age=31536000; includeSubDomains]
      x-content-type-options: [nosniff]
      x-ms-ratelimit-remaining-subscription-deletes: ['14999']
    status: {code: 202, message: Accepted}
- request:
    body: null
    headers:
      Accept: [application/json]
      Accept-Encoding: ['gzip, deflate']
      CommandName: [eventhubs namespace delete]
      Connection: [keep-alive]
      ParameterSetName: [--resource-group --name]
      User-Agent: [python/3.7.3 (Windows-10-10.0.17763-SP0) msrest/0.6.6 msrest_azure/0.4.34
          azure-mgmt-eventhub/2.5.0 Azure-SDK-For-Python AZURECLI/2.0.63]
    method: GET
    uri: https://management.azure.com/subscriptions/00000000-0000-0000-0000-000000000000/resourceGroups/cli_test_eh_network000001/providers/Microsoft.EventHub/namespaces/eventhubs-cli000002/operationresults/eventhubs-cli000002?api-version=2017-04-01
  response:
    body: {string: ''}
    headers:
      cache-control: [no-cache]
      content-length: ['0']
      date: ['Fri, 26 Apr 2019 21:59:54 GMT']
      expires: ['-1']
      pragma: [no-cache]
      server: [Service-Bus-Resource-Provider/CH3, Microsoft-HTTPAPI/2.0]
      server-sb: [Service-Bus-Resource-Provider/CH3]
      strict-transport-security: [max-age=31536000; includeSubDomains]
      x-content-type-options: [nosniff]
    status: {code: 200, message: OK}
- request:
    body: null
    headers:
      Accept: [application/json]
      Accept-Encoding: ['gzip, deflate']
      CommandName: [group delete]
      Connection: [keep-alive]
      Content-Length: ['0']
      ParameterSetName: [--name --yes --no-wait]
      User-Agent: [python/3.7.3 (Windows-10-10.0.17763-SP0) msrest/0.6.6 msrest_azure/0.4.34
          resourcemanagementclient/2.1.0 Azure-SDK-For-Python AZURECLI/2.0.63]
      accept-language: [en-US]
    method: DELETE
    uri: https://management.azure.com/subscriptions/00000000-0000-0000-0000-000000000000/resourcegroups/cli_test_eh_network000001?api-version=2018-05-01
  response:
    body: {string: ''}
    headers:
      cache-control: [no-cache]
      content-length: ['0']
      date: ['Fri, 26 Apr 2019 21:59:59 GMT']
      expires: ['-1']
      location: ['https://management.azure.com/subscriptions/00000000-0000-0000-0000-000000000000/operationresults/eyJqb2JJZCI6IlJFU09VUkNFR1JPVVBERUxFVElPTkpPQi1DTEk6NUZURVNUOjVGRUg6NUZORVRXT1JLUUhQRlNHUExENEpMTTJGTUdRQkNJWXwzODlDRDNGMTMxRDA1NEU4LVdFU1RVUyIsImpvYkxvY2F0aW9uIjoid2VzdHVzIn0?api-version=2018-05-01']
      pragma: [no-cache]
      strict-transport-security: [max-age=31536000; includeSubDomains]
      x-content-type-options: [nosniff]
      x-ms-ratelimit-remaining-subscription-deletes: ['14999']
    status: {code: 202, message: Accepted}
version: 1
