interactions:
- request:
    body: '{"location": "westus", "tags": {"product": "azurecli", "cause": "automation",
      "date": "2019-04-16T03:45:27Z"}}'
    headers:
      Accept: [application/json]
      Accept-Encoding: ['gzip, deflate']
      CommandName: [group create]
      Connection: [keep-alive]
      Content-Length: ['110']
      Content-Type: [application/json; charset=utf-8]
      ParameterSetName: [--location --name --tag]
      User-Agent: [python/3.7.3 (Windows-10-10.0.17763-SP0) msrest/0.6.6 msrest_azure/0.4.34
          resourcemanagementclient/2.1.0 Azure-SDK-For-Python AZURECLI/2.0.62]
      accept-language: [en-US]
    method: PUT
    uri: https://management.azure.com/subscriptions/00000000-0000-0000-0000-000000000000/resourcegroups/cli_test_eh_network000001?api-version=2018-05-01
  response:
    body: {string: '{"id":"/subscriptions/00000000-0000-0000-0000-000000000000/resourceGroups/cli_test_eh_network000001","name":"cli_test_eh_network000001","location":"westus","tags":{"product":"azurecli","cause":"automation","date":"2019-04-16T03:45:27Z"},"properties":{"provisioningState":"Succeeded"}}'}
    headers:
      cache-control: [no-cache]
      content-length: ['384']
      content-type: [application/json; charset=utf-8]
      date: ['Tue, 16 Apr 2019 03:45:27 GMT']
      expires: ['-1']
      pragma: [no-cache]
      strict-transport-security: [max-age=31536000; includeSubDomains]
      x-content-type-options: [nosniff]
      x-ms-ratelimit-remaining-subscription-writes: ['1199']
    status: {code: 201, message: Created}
- request:
    body: 'b''{"name": "eventhubs-nscli000002"}'''
    headers:
      Accept: [application/json]
      Accept-Encoding: ['gzip, deflate']
      CommandName: [eventhubs namespace exists]
      Connection: [keep-alive]
      Content-Length: ['32']
      Content-Type: [application/json; charset=utf-8]
      ParameterSetName: [--name]
      User-Agent: [python/3.7.3 (Windows-10-10.0.17763-SP0) msrest/0.6.6 msrest_azure/0.4.34
          azure-mgmt-eventhub/2.5.0 Azure-SDK-For-Python AZURECLI/2.0.62]
      accept-language: [en-US]
    method: POST
    uri: https://management.azure.com/subscriptions/00000000-0000-0000-0000-000000000000/providers/Microsoft.EventHub/CheckNameAvailability?api-version=2017-04-01
  response:
    body: {string: '{"nameAvailable":true,"reason":"None","message":null}'}
    headers:
      cache-control: [no-cache]
      content-length: ['53']
      content-type: [application/json; charset=utf-8]
      date: ['Tue, 16 Apr 2019 03:45:29 GMT']
      expires: ['-1']
      pragma: [no-cache]
      server: [Service-Bus-Resource-Provider/CH3, Microsoft-HTTPAPI/2.0]
      server-sb: [Service-Bus-Resource-Provider/CH3]
      strict-transport-security: [max-age=31536000; includeSubDomains]
      transfer-encoding: [chunked]
      vary: [Accept-Encoding]
      x-content-type-options: [nosniff]
      x-ms-ratelimit-remaining-subscription-writes: ['1187']
    status: {code: 200, message: OK}
- request:
    body: '{"location": "westus", "tags": {"{tag1": "value1}"}, "sku": {"name": "Standard",
      "tier": "Standard"}, "properties": {"isAutoInflateEnabled": true, "maximumThroughputUnits":
      4, "kafkaEnabled": true}}'
    headers:
      Accept: [application/json]
      Accept-Encoding: ['gzip, deflate']
      CommandName: [eventhubs namespace create]
      Connection: [keep-alive]
      Content-Length: ['198']
      Content-Type: [application/json; charset=utf-8]
      ParameterSetName: [--resource-group --name --location --tags --sku --enable-auto-inflate
          --maximum-throughput-units --enable-kafka]
      User-Agent: [python/3.7.3 (Windows-10-10.0.17763-SP0) msrest/0.6.6 msrest_azure/0.4.34
          azure-mgmt-eventhub/2.5.0 Azure-SDK-For-Python AZURECLI/2.0.62]
      accept-language: [en-US]
    method: PUT
    uri: https://management.azure.com/subscriptions/00000000-0000-0000-0000-000000000000/resourceGroups/cli_test_eh_network000001/providers/Microsoft.EventHub/namespaces/eventhubs-nscli1000003?api-version=2017-04-01
  response:
    body: {string: '{"sku":{"name":"Standard","tier":"Standard","capacity":1},"id":"/subscriptions/00000000-0000-0000-0000-000000000000/resourceGroups/cli_test_eh_network000001/providers/Microsoft.EventHub/namespaces/eventhubs-nscli1000003","name":"eventhubs-nscli1000003","type":"Microsoft.EventHub/Namespaces","location":"West
        US","tags":{"{tag1":"value1}"},"properties":{"isAutoInflateEnabled":true,"maximumThroughputUnits":4,"kafkaEnabled":true,"provisioningState":"Created","metricId":"854d368f-1828-428f-8f3c-f2affa9b2f7d:eventhubs-nscli1000003","createdAt":"2019-04-16T03:45:31.967Z","updatedAt":"2019-04-16T03:45:31.967Z","serviceBusEndpoint":"https://eventhubs-nscli1000003.servicebus.windows.net:443/","status":"Activating"}}'}
    headers:
      cache-control: [no-cache]
      content-length: ['757']
      content-type: [application/json; charset=utf-8]
      date: ['Tue, 16 Apr 2019 03:45:32 GMT']
      expires: ['-1']
      pragma: [no-cache]
      server: [Service-Bus-Resource-Provider/CH3, Microsoft-HTTPAPI/2.0]
      server-sb: [Service-Bus-Resource-Provider/CH3]
      strict-transport-security: [max-age=31536000; includeSubDomains]
      transfer-encoding: [chunked]
      vary: [Accept-Encoding]
      x-content-type-options: [nosniff]
      x-ms-ratelimit-remaining-subscription-writes: ['1197']
    status: {code: 200, message: OK}
- request:
    body: null
    headers:
      Accept: [application/json]
      Accept-Encoding: ['gzip, deflate']
      CommandName: [eventhubs namespace create]
      Connection: [keep-alive]
      ParameterSetName: [--resource-group --name --location --tags --sku --enable-auto-inflate
          --maximum-throughput-units --enable-kafka]
      User-Agent: [python/3.7.3 (Windows-10-10.0.17763-SP0) msrest/0.6.6 msrest_azure/0.4.34
          azure-mgmt-eventhub/2.5.0 Azure-SDK-For-Python AZURECLI/2.0.62]
    method: GET
    uri: https://management.azure.com/subscriptions/00000000-0000-0000-0000-000000000000/resourceGroups/cli_test_eh_network000001/providers/Microsoft.EventHub/namespaces/eventhubs-nscli1000003?api-version=2017-04-01
  response:
    body: {string: '{"sku":{"name":"Standard","tier":"Standard","capacity":1},"id":"/subscriptions/00000000-0000-0000-0000-000000000000/resourceGroups/cli_test_eh_network000001/providers/Microsoft.EventHub/namespaces/eventhubs-nscli1000003","name":"eventhubs-nscli1000003","type":"Microsoft.EventHub/Namespaces","location":"West
        US","tags":{"{tag1":"value1}"},"properties":{"isAutoInflateEnabled":true,"maximumThroughputUnits":4,"kafkaEnabled":true,"provisioningState":"Succeeded","metricId":"854d368f-1828-428f-8f3c-f2affa9b2f7d:eventhubs-nscli1000003","createdAt":"2019-04-16T03:45:31.967Z","updatedAt":"2019-04-16T03:45:59.08Z","serviceBusEndpoint":"https://eventhubs-nscli1000003.servicebus.windows.net:443/","status":"Active"}}'}
    headers:
      cache-control: [no-cache]
      content-length: ['754']
      content-type: [application/json; charset=utf-8]
      date: ['Tue, 16 Apr 2019 03:46:02 GMT']
      expires: ['-1']
      pragma: [no-cache]
      server: [Service-Bus-Resource-Provider/CH3, Microsoft-HTTPAPI/2.0]
      server-sb: [Service-Bus-Resource-Provider/CH3]
      strict-transport-security: [max-age=31536000; includeSubDomains]
      transfer-encoding: [chunked]
      vary: [Accept-Encoding]
      x-content-type-options: [nosniff]
    status: {code: 200, message: OK}
- request:
    body: '{"location": "westus", "tags": {"{tag1": "value1}"}, "sku": {"name": "Standard",
      "tier": "Standard"}, "properties": {"isAutoInflateEnabled": true, "maximumThroughputUnits":
      4}}'
    headers:
      Accept: [application/json]
      Accept-Encoding: ['gzip, deflate']
      CommandName: [eventhubs namespace create]
      Connection: [keep-alive]
      Content-Length: ['176']
      Content-Type: [application/json; charset=utf-8]
      ParameterSetName: [--resource-group --name --location --tags --sku --enable-auto-inflate
          --maximum-throughput-units]
      User-Agent: [python/3.7.3 (Windows-10-10.0.17763-SP0) msrest/0.6.6 msrest_azure/0.4.34
          azure-mgmt-eventhub/2.5.0 Azure-SDK-For-Python AZURECLI/2.0.62]
      accept-language: [en-US]
    method: PUT
    uri: https://management.azure.com/subscriptions/00000000-0000-0000-0000-000000000000/resourceGroups/cli_test_eh_network000001/providers/Microsoft.EventHub/namespaces/eventhubs-nscli000002?api-version=2017-04-01
  response:
    body: {string: '{"sku":{"name":"Standard","tier":"Standard","capacity":1},"id":"/subscriptions/00000000-0000-0000-0000-000000000000/resourceGroups/cli_test_eh_network000001/providers/Microsoft.EventHub/namespaces/eventhubs-nscli000002","name":"eventhubs-nscli000002","type":"Microsoft.EventHub/Namespaces","location":"West
        US","tags":{"{tag1":"value1}"},"properties":{"isAutoInflateEnabled":true,"maximumThroughputUnits":4,"kafkaEnabled":false,"provisioningState":"Created","metricId":"854d368f-1828-428f-8f3c-f2affa9b2f7d:eventhubs-nscli000002","createdAt":"2019-04-16T03:46:04.47Z","updatedAt":"2019-04-16T03:46:04.47Z","serviceBusEndpoint":"https://eventhubs-nscli000002.servicebus.windows.net:443/","status":"Activating"}}'}
    headers:
      cache-control: [no-cache]
      content-length: ['756']
      content-type: [application/json; charset=utf-8]
      date: ['Tue, 16 Apr 2019 03:46:04 GMT']
      expires: ['-1']
      pragma: [no-cache]
      server: [Service-Bus-Resource-Provider/CH3, Microsoft-HTTPAPI/2.0]
      server-sb: [Service-Bus-Resource-Provider/CH3]
      strict-transport-security: [max-age=31536000; includeSubDomains]
      transfer-encoding: [chunked]
      vary: [Accept-Encoding]
      x-content-type-options: [nosniff]
      x-ms-ratelimit-remaining-subscription-writes: ['1197']
    status: {code: 200, message: OK}
- request:
    body: null
    headers:
      Accept: [application/json]
      Accept-Encoding: ['gzip, deflate']
      CommandName: [eventhubs namespace create]
      Connection: [keep-alive]
      ParameterSetName: [--resource-group --name --location --tags --sku --enable-auto-inflate
          --maximum-throughput-units]
      User-Agent: [python/3.7.3 (Windows-10-10.0.17763-SP0) msrest/0.6.6 msrest_azure/0.4.34
          azure-mgmt-eventhub/2.5.0 Azure-SDK-For-Python AZURECLI/2.0.62]
    method: GET
    uri: https://management.azure.com/subscriptions/00000000-0000-0000-0000-000000000000/resourceGroups/cli_test_eh_network000001/providers/Microsoft.EventHub/namespaces/eventhubs-nscli000002?api-version=2017-04-01
  response:
    body: {string: '{"sku":{"name":"Standard","tier":"Standard","capacity":1},"id":"/subscriptions/00000000-0000-0000-0000-000000000000/resourceGroups/cli_test_eh_network000001/providers/Microsoft.EventHub/namespaces/eventhubs-nscli000002","name":"eventhubs-nscli000002","type":"Microsoft.EventHub/Namespaces","location":"West
        US","tags":{"{tag1":"value1}"},"properties":{"isAutoInflateEnabled":true,"maximumThroughputUnits":4,"kafkaEnabled":false,"provisioningState":"Succeeded","metricId":"854d368f-1828-428f-8f3c-f2affa9b2f7d:eventhubs-nscli000002","createdAt":"2019-04-16T03:46:04.47Z","updatedAt":"2019-04-16T03:46:33.84Z","serviceBusEndpoint":"https://eventhubs-nscli000002.servicebus.windows.net:443/","status":"Active"}}'}
    headers:
      cache-control: [no-cache]
      content-length: ['754']
      content-type: [application/json; charset=utf-8]
      date: ['Tue, 16 Apr 2019 03:46:35 GMT']
      expires: ['-1']
      pragma: [no-cache]
      server: [Service-Bus-Resource-Provider/CH3, Microsoft-HTTPAPI/2.0]
      server-sb: [Service-Bus-Resource-Provider/CH3]
      strict-transport-security: [max-age=31536000; includeSubDomains]
      transfer-encoding: [chunked]
      vary: [Accept-Encoding]
      x-content-type-options: [nosniff]
    status: {code: 200, message: OK}
- request:
    body: null
    headers:
      Accept: [application/json]
      Accept-Encoding: ['gzip, deflate']
      CommandName: [eventhubs namespace show]
      Connection: [keep-alive]
      ParameterSetName: [--resource-group --name]
      User-Agent: [python/3.7.3 (Windows-10-10.0.17763-SP0) msrest/0.6.6 msrest_azure/0.4.34
          azure-mgmt-eventhub/2.5.0 Azure-SDK-For-Python AZURECLI/2.0.62]
      accept-language: [en-US]
    method: GET
    uri: https://management.azure.com/subscriptions/00000000-0000-0000-0000-000000000000/resourceGroups/cli_test_eh_network000001/providers/Microsoft.EventHub/namespaces/eventhubs-nscli000002?api-version=2017-04-01
  response:
    body: {string: '{"sku":{"name":"Standard","tier":"Standard","capacity":1},"id":"/subscriptions/00000000-0000-0000-0000-000000000000/resourceGroups/cli_test_eh_network000001/providers/Microsoft.EventHub/namespaces/eventhubs-nscli000002","name":"eventhubs-nscli000002","type":"Microsoft.EventHub/Namespaces","location":"West
        US","tags":{"{tag1":"value1}"},"properties":{"isAutoInflateEnabled":true,"maximumThroughputUnits":4,"kafkaEnabled":false,"provisioningState":"Succeeded","metricId":"854d368f-1828-428f-8f3c-f2affa9b2f7d:eventhubs-nscli000002","createdAt":"2019-04-16T03:46:04.47Z","updatedAt":"2019-04-16T03:46:33.84Z","serviceBusEndpoint":"https://eventhubs-nscli000002.servicebus.windows.net:443/","status":"Active"}}'}
    headers:
      cache-control: [no-cache]
      content-length: ['754']
      content-type: [application/json; charset=utf-8]
      date: ['Tue, 16 Apr 2019 03:46:36 GMT']
      expires: ['-1']
      pragma: [no-cache]
      server: [Service-Bus-Resource-Provider/CH3, Microsoft-HTTPAPI/2.0]
      server-sb: [Service-Bus-Resource-Provider/CH3]
      strict-transport-security: [max-age=31536000; includeSubDomains]
      transfer-encoding: [chunked]
      vary: [Accept-Encoding]
      x-content-type-options: [nosniff]
    status: {code: 200, message: OK}
- request:
    body: null
    headers:
      Accept: [application/json]
      Accept-Encoding: ['gzip, deflate']
      CommandName: [eventhubs namespace network-rule-set create]
      Connection: [keep-alive]
      ParameterSetName: [--resource-group --name --default-action]
      User-Agent: [python/3.7.3 (Windows-10-10.0.17763-SP0) msrest/0.6.6 msrest_azure/0.4.34
          azure-mgmt-eventhub/2.5.0 Azure-SDK-For-Python AZURECLI/2.0.62]
      accept-language: [en-US]
    method: GET
    uri: https://management.azure.com/subscriptions/00000000-0000-0000-0000-000000000000/resourceGroups/cli_test_eh_network000001/providers/Microsoft.EventHub/namespaces/eventhubs-nscli000002/networkRuleSets/default?api-version=2017-04-01
  response:
    body: {string: '{"id":"/subscriptions/00000000-0000-0000-0000-000000000000/resourceGroups/cli_test_eh_network000001/providers/Microsoft.EventHub/namespaces/eventhubs-nscli000002/networkRuleSets/default","name":"default","type":"Microsoft.EventHub/Namespaces/NetworkRuleSet","location":"West
        US","properties":{"defaultAction":"Deny","virtualNetworkRules":[],"ipRules":[]}}'}
    headers:
      cache-control: [no-cache]
      content-length: ['404']
      content-type: [application/json; charset=utf-8]
      date: ['Tue, 16 Apr 2019 03:46:37 GMT']
      expires: ['-1']
      pragma: [no-cache]
      server: [Service-Bus-Resource-Provider/CH3, Microsoft-HTTPAPI/2.0]
      server-sb: [Service-Bus-Resource-Provider/CH3]
      strict-transport-security: [max-age=31536000; includeSubDomains]
      transfer-encoding: [chunked]
      vary: [Accept-Encoding]
      x-content-type-options: [nosniff]
    status: {code: 200, message: OK}
- request:
    body: '{"properties": {"defaultAction": "Deny", "virtualNetworkRules": [], "ipRules":
      []}}'
    headers:
      Accept: [application/json]
      Accept-Encoding: ['gzip, deflate']
      CommandName: [eventhubs namespace network-rule-set create]
      Connection: [keep-alive]
      Content-Length: ['83']
      Content-Type: [application/json; charset=utf-8]
      ParameterSetName: [--resource-group --name --default-action]
      User-Agent: [python/3.7.3 (Windows-10-10.0.17763-SP0) msrest/0.6.6 msrest_azure/0.4.34
          azure-mgmt-eventhub/2.5.0 Azure-SDK-For-Python AZURECLI/2.0.62]
      accept-language: [en-US]
    method: PUT
    uri: https://management.azure.com/subscriptions/00000000-0000-0000-0000-000000000000/resourceGroups/cli_test_eh_network000001/providers/Microsoft.EventHub/namespaces/eventhubs-nscli000002/networkRuleSets/default?api-version=2017-04-01
  response:
    body: {string: '{"id":"/subscriptions/00000000-0000-0000-0000-000000000000/resourceGroups/cli_test_eh_network000001/providers/Microsoft.EventHub/namespaces/eventhubs-nscli000002/networkRuleSets/default","name":"default","type":"Microsoft.EventHub/Namespaces/NetworkRuleSet","location":"West
        US","properties":{"defaultAction":"Deny","virtualNetworkRules":[],"ipRules":[]}}'}
    headers:
      cache-control: [no-cache]
      content-length: ['404']
      content-type: [application/json; charset=utf-8]
      date: ['Tue, 16 Apr 2019 03:46:54 GMT']
      expires: ['-1']
      pragma: [no-cache]
      server: [Service-Bus-Resource-Provider/CH3, Microsoft-HTTPAPI/2.0]
      server-sb: [Service-Bus-Resource-Provider/CH3]
      strict-transport-security: [max-age=31536000; includeSubDomains]
      transfer-encoding: [chunked]
      vary: [Accept-Encoding]
      x-content-type-options: [nosniff]
      x-ms-ratelimit-remaining-subscription-writes: ['1197']
    status: {code: 200, message: OK}
- request:
    body: null
    headers:
      Accept: [application/json]
      Accept-Encoding: ['gzip, deflate']
      CommandName: [eventhubs namespace network-rule-set list]
      Connection: [keep-alive]
      ParameterSetName: [--resource-group --name]
      User-Agent: [python/3.7.3 (Windows-10-10.0.17763-SP0) msrest/0.6.6 msrest_azure/0.4.34
          azure-mgmt-eventhub/2.5.0 Azure-SDK-For-Python AZURECLI/2.0.62]
      accept-language: [en-US]
    method: GET
    uri: https://management.azure.com/subscriptions/00000000-0000-0000-0000-000000000000/resourceGroups/cli_test_eh_network000001/providers/Microsoft.EventHub/namespaces/eventhubs-nscli000002/networkRuleSets/default?api-version=2017-04-01
  response:
    body: {string: '{"id":"/subscriptions/00000000-0000-0000-0000-000000000000/resourceGroups/cli_test_eh_network000001/providers/Microsoft.EventHub/namespaces/eventhubs-nscli000002/networkRuleSets/default","name":"default","type":"Microsoft.EventHub/Namespaces/NetworkRuleSet","location":"West
        US","properties":{"defaultAction":"Deny","virtualNetworkRules":[],"ipRules":[]}}'}
    headers:
      cache-control: [no-cache]
      content-length: ['404']
      content-type: [application/json; charset=utf-8]
      date: ['Tue, 16 Apr 2019 03:47:04 GMT']
      expires: ['-1']
      pragma: [no-cache]
      server: [Service-Bus-Resource-Provider/CH3, Microsoft-HTTPAPI/2.0]
      server-sb: [Service-Bus-Resource-Provider/CH3]
      strict-transport-security: [max-age=31536000; includeSubDomains]
      transfer-encoding: [chunked]
      vary: [Accept-Encoding]
      x-content-type-options: [nosniff]
    status: {code: 200, message: OK}
- request:
    body: null
    headers:
      Accept: [application/json]
      Accept-Encoding: ['gzip, deflate']
      CommandName: [eventhubs namespace network-rule-set ip-rule add]
      Connection: [keep-alive]
      ParameterSetName: [--resource-group --name --ip-mask --action]
      User-Agent: [python/3.7.3 (Windows-10-10.0.17763-SP0) msrest/0.6.6 msrest_azure/0.4.34
          azure-mgmt-eventhub/2.5.0 Azure-SDK-For-Python AZURECLI/2.0.62]
      accept-language: [en-US]
    method: GET
    uri: https://management.azure.com/subscriptions/00000000-0000-0000-0000-000000000000/resourceGroups/cli_test_eh_network000001/providers/Microsoft.EventHub/namespaces/eventhubs-nscli000002/networkRuleSets/default?api-version=2017-04-01
  response:
    body: {string: '{"id":"/subscriptions/00000000-0000-0000-0000-000000000000/resourceGroups/cli_test_eh_network000001/providers/Microsoft.EventHub/namespaces/eventhubs-nscli000002/networkRuleSets/default","name":"default","type":"Microsoft.EventHub/Namespaces/NetworkRuleSet","location":"West
        US","properties":{"defaultAction":"Deny","virtualNetworkRules":[],"ipRules":[]}}'}
    headers:
      cache-control: [no-cache]
      content-length: ['404']
      content-type: [application/json; charset=utf-8]
      date: ['Tue, 16 Apr 2019 03:47:05 GMT']
      expires: ['-1']
      pragma: [no-cache]
      server: [Service-Bus-Resource-Provider/CH3, Microsoft-HTTPAPI/2.0]
      server-sb: [Service-Bus-Resource-Provider/CH3]
      strict-transport-security: [max-age=31536000; includeSubDomains]
      transfer-encoding: [chunked]
      vary: [Accept-Encoding]
      x-content-type-options: [nosniff]
    status: {code: 200, message: OK}
- request:
    body: '{"properties": {"defaultAction": "Deny", "virtualNetworkRules": [], "ipRules":
      [{"ipMask": "1.1.1.1", "action": "Allow"}]}}'
    headers:
      Accept: [application/json]
      Accept-Encoding: ['gzip, deflate']
      CommandName: [eventhubs namespace network-rule-set ip-rule add]
      Connection: [keep-alive]
      Content-Length: ['123']
      Content-Type: [application/json; charset=utf-8]
      ParameterSetName: [--resource-group --name --ip-mask --action]
      User-Agent: [python/3.7.3 (Windows-10-10.0.17763-SP0) msrest/0.6.6 msrest_azure/0.4.34
          azure-mgmt-eventhub/2.5.0 Azure-SDK-For-Python AZURECLI/2.0.62]
      accept-language: [en-US]
    method: PUT
    uri: https://management.azure.com/subscriptions/00000000-0000-0000-0000-000000000000/resourceGroups/cli_test_eh_network000001/providers/Microsoft.EventHub/namespaces/eventhubs-nscli000002/networkRuleSets/default?api-version=2017-04-01
  response:
    body: {string: '{"id":"/subscriptions/00000000-0000-0000-0000-000000000000/resourceGroups/cli_test_eh_network000001/providers/Microsoft.EventHub/namespaces/eventhubs-nscli000002/networkRuleSets/default","name":"default","type":"Microsoft.EventHub/Namespaces/NetworkRuleSet","location":"West
        US","properties":{"defaultAction":"Deny","virtualNetworkRules":[],"ipRules":[{"ipMask":"1.1.1.1","action":"Allow"}]}}'}
    headers:
      cache-control: [no-cache]
      content-length: ['441']
      content-type: [application/json; charset=utf-8]
      date: ['Tue, 16 Apr 2019 03:47:22 GMT']
      expires: ['-1']
      pragma: [no-cache]
      server: [Service-Bus-Resource-Provider/CH3, Microsoft-HTTPAPI/2.0]
      server-sb: [Service-Bus-Resource-Provider/CH3]
      strict-transport-security: [max-age=31536000; includeSubDomains]
      transfer-encoding: [chunked]
      vary: [Accept-Encoding]
      x-content-type-options: [nosniff]
      x-ms-ratelimit-remaining-subscription-writes: ['1199']
    status: {code: 200, message: OK}
- request:
    body: null
    headers:
      Accept: [application/json]
      Accept-Encoding: ['gzip, deflate']
      CommandName: [eventhubs namespace network-rule-set ip-rule add]
      Connection: [keep-alive]
      ParameterSetName: [--resource-group --name --ip-mask --action]
      User-Agent: [python/3.7.3 (Windows-10-10.0.17763-SP0) msrest/0.6.6 msrest_azure/0.4.34
          azure-mgmt-eventhub/2.5.0 Azure-SDK-For-Python AZURECLI/2.0.62]
      accept-language: [en-US]
    method: GET
    uri: https://management.azure.com/subscriptions/00000000-0000-0000-0000-000000000000/resourceGroups/cli_test_eh_network000001/providers/Microsoft.EventHub/namespaces/eventhubs-nscli000002/networkRuleSets/default?api-version=2017-04-01
  response:
    body: {string: '{"id":"/subscriptions/00000000-0000-0000-0000-000000000000/resourceGroups/cli_test_eh_network000001/providers/Microsoft.EventHub/namespaces/eventhubs-nscli000002/networkRuleSets/default","name":"default","type":"Microsoft.EventHub/Namespaces/NetworkRuleSet","location":"West
        US","properties":{"defaultAction":"Deny","virtualNetworkRules":[],"ipRules":[{"ipMask":"1.1.1.1","action":"Allow"}]}}'}
    headers:
      cache-control: [no-cache]
      content-length: ['441']
      content-type: [application/json; charset=utf-8]
      date: ['Tue, 16 Apr 2019 03:47:23 GMT']
      expires: ['-1']
      pragma: [no-cache]
      server: [Service-Bus-Resource-Provider/CH3, Microsoft-HTTPAPI/2.0]
      server-sb: [Service-Bus-Resource-Provider/CH3]
      strict-transport-security: [max-age=31536000; includeSubDomains]
      transfer-encoding: [chunked]
      vary: [Accept-Encoding]
      x-content-type-options: [nosniff]
    status: {code: 200, message: OK}
- request:
    body: null
    headers:
      Accept: [application/json]
      Accept-Encoding: ['gzip, deflate']
      CommandName: [eventhubs namespace network-rule-set ip-rule add]
      Connection: [keep-alive]
      ParameterSetName: [--resource-group --name --ip-mask --action]
      User-Agent: [python/3.7.3 (Windows-10-10.0.17763-SP0) msrest/0.6.6 msrest_azure/0.4.34
          azure-mgmt-eventhub/2.5.0 Azure-SDK-For-Python AZURECLI/2.0.62]
      accept-language: [en-US]
    method: GET
    uri: https://management.azure.com/subscriptions/00000000-0000-0000-0000-000000000000/resourceGroups/cli_test_eh_network000001/providers/Microsoft.EventHub/namespaces/eventhubs-nscli000002/networkRuleSets/default?api-version=2017-04-01
  response:
    body: {string: '{"id":"/subscriptions/00000000-0000-0000-0000-000000000000/resourceGroups/cli_test_eh_network000001/providers/Microsoft.EventHub/namespaces/eventhubs-nscli000002/networkRuleSets/default","name":"default","type":"Microsoft.EventHub/Namespaces/NetworkRuleSet","location":"West
        US","properties":{"defaultAction":"Deny","virtualNetworkRules":[],"ipRules":[{"ipMask":"1.1.1.1","action":"Allow"}]}}'}
    headers:
      cache-control: [no-cache]
      content-length: ['441']
      content-type: [application/json; charset=utf-8]
      date: ['Tue, 16 Apr 2019 03:47:26 GMT']
      expires: ['-1']
      pragma: [no-cache]
      server: [Service-Bus-Resource-Provider/CH3, Microsoft-HTTPAPI/2.0]
      server-sb: [Service-Bus-Resource-Provider/CH3]
      strict-transport-security: [max-age=31536000; includeSubDomains]
      transfer-encoding: [chunked]
      vary: [Accept-Encoding]
      x-content-type-options: [nosniff]
    status: {code: 200, message: OK}
- request:
    body: '{"properties": {"defaultAction": "Deny", "virtualNetworkRules": [], "ipRules":
      [{"ipMask": "1.1.1.1", "action": "Allow"}, {"ipMask": "2.2.2.2", "action": "Allow"}]}}'
    headers:
      Accept: [application/json]
      Accept-Encoding: ['gzip, deflate']
      CommandName: [eventhubs namespace network-rule-set ip-rule add]
      Connection: [keep-alive]
      Content-Length: ['165']
      Content-Type: [application/json; charset=utf-8]
      ParameterSetName: [--resource-group --name --ip-mask --action]
      User-Agent: [python/3.7.3 (Windows-10-10.0.17763-SP0) msrest/0.6.6 msrest_azure/0.4.34
          azure-mgmt-eventhub/2.5.0 Azure-SDK-For-Python AZURECLI/2.0.62]
      accept-language: [en-US]
    method: PUT
    uri: https://management.azure.com/subscriptions/00000000-0000-0000-0000-000000000000/resourceGroups/cli_test_eh_network000001/providers/Microsoft.EventHub/namespaces/eventhubs-nscli000002/networkRuleSets/default?api-version=2017-04-01
  response:
    body: {string: '{"id":"/subscriptions/00000000-0000-0000-0000-000000000000/resourceGroups/cli_test_eh_network000001/providers/Microsoft.EventHub/namespaces/eventhubs-nscli000002/networkRuleSets/default","name":"default","type":"Microsoft.EventHub/Namespaces/NetworkRuleSet","location":"West
        US","properties":{"defaultAction":"Deny","virtualNetworkRules":[],"ipRules":[{"ipMask":"1.1.1.1","action":"Allow"},{"ipMask":"2.2.2.2","action":"Allow"}]}}'}
    headers:
      cache-control: [no-cache]
      content-length: ['479']
      content-type: [application/json; charset=utf-8]
      date: ['Tue, 16 Apr 2019 03:47:44 GMT']
      expires: ['-1']
      pragma: [no-cache]
      server: [Service-Bus-Resource-Provider/CH3, Microsoft-HTTPAPI/2.0]
      server-sb: [Service-Bus-Resource-Provider/CH3]
      strict-transport-security: [max-age=31536000; includeSubDomains]
      transfer-encoding: [chunked]
      vary: [Accept-Encoding]
      x-content-type-options: [nosniff]
      x-ms-ratelimit-remaining-subscription-writes: ['1199']
    status: {code: 200, message: OK}
- request:
    body: null
    headers:
      Accept: [application/json]
      Accept-Encoding: ['gzip, deflate']
      CommandName: [eventhubs namespace network-rule-set ip-rule add]
      Connection: [keep-alive]
      ParameterSetName: [--resource-group --name --ip-mask --action]
      User-Agent: [python/3.7.3 (Windows-10-10.0.17763-SP0) msrest/0.6.6 msrest_azure/0.4.34
          azure-mgmt-eventhub/2.5.0 Azure-SDK-For-Python AZURECLI/2.0.62]
      accept-language: [en-US]
    method: GET
    uri: https://management.azure.com/subscriptions/00000000-0000-0000-0000-000000000000/resourceGroups/cli_test_eh_network000001/providers/Microsoft.EventHub/namespaces/eventhubs-nscli000002/networkRuleSets/default?api-version=2017-04-01
  response:
    body: {string: '{"id":"/subscriptions/00000000-0000-0000-0000-000000000000/resourceGroups/cli_test_eh_network000001/providers/Microsoft.EventHub/namespaces/eventhubs-nscli000002/networkRuleSets/default","name":"default","type":"Microsoft.EventHub/Namespaces/NetworkRuleSet","location":"West
        US","properties":{"defaultAction":"Deny","virtualNetworkRules":[],"ipRules":[{"ipMask":"1.1.1.1","action":"Allow"},{"ipMask":"2.2.2.2","action":"Allow"}]}}'}
    headers:
      cache-control: [no-cache]
      content-length: ['479']
      content-type: [application/json; charset=utf-8]
      date: ['Tue, 16 Apr 2019 03:47:45 GMT']
      expires: ['-1']
      pragma: [no-cache]
      server: [Service-Bus-Resource-Provider/CH3, Microsoft-HTTPAPI/2.0]
      server-sb: [Service-Bus-Resource-Provider/CH3]
      strict-transport-security: [max-age=31536000; includeSubDomains]
      transfer-encoding: [chunked]
      vary: [Accept-Encoding]
      x-content-type-options: [nosniff]
    status: {code: 200, message: OK}
- request:
    body: null
    headers:
      Accept: [application/json]
      Accept-Encoding: ['gzip, deflate']
      CommandName: [eventhubs namespace network-rule-set ip-rule list]
      Connection: [keep-alive]
      ParameterSetName: [--resource-group --name]
      User-Agent: [python/3.7.3 (Windows-10-10.0.17763-SP0) msrest/0.6.6 msrest_azure/0.4.34
          azure-mgmt-eventhub/2.5.0 Azure-SDK-For-Python AZURECLI/2.0.62]
      accept-language: [en-US]
    method: GET
    uri: https://management.azure.com/subscriptions/00000000-0000-0000-0000-000000000000/resourceGroups/cli_test_eh_network000001/providers/Microsoft.EventHub/namespaces/eventhubs-nscli000002/networkRuleSets/default?api-version=2017-04-01
  response:
    body: {string: '{"id":"/subscriptions/00000000-0000-0000-0000-000000000000/resourceGroups/cli_test_eh_network000001/providers/Microsoft.EventHub/namespaces/eventhubs-nscli000002/networkRuleSets/default","name":"default","type":"Microsoft.EventHub/Namespaces/NetworkRuleSet","location":"West
        US","properties":{"defaultAction":"Deny","virtualNetworkRules":[],"ipRules":[{"ipMask":"1.1.1.1","action":"Allow"},{"ipMask":"2.2.2.2","action":"Allow"}]}}'}
    headers:
      cache-control: [no-cache]
      content-length: ['479']
      content-type: [application/json; charset=utf-8]
      date: ['Tue, 16 Apr 2019 03:47:45 GMT']
      expires: ['-1']
      pragma: [no-cache]
      server: [Service-Bus-Resource-Provider/CH3, Microsoft-HTTPAPI/2.0]
      server-sb: [Service-Bus-Resource-Provider/CH3]
      strict-transport-security: [max-age=31536000; includeSubDomains]
      transfer-encoding: [chunked]
      vary: [Accept-Encoding]
      x-content-type-options: [nosniff]
    status: {code: 200, message: OK}
- request:
    body: null
    headers:
      Accept: [application/json]
      Accept-Encoding: ['gzip, deflate']
      CommandName: [eventhubs namespace network-rule-set ip-rule remove]
      Connection: [keep-alive]
      ParameterSetName: [--resource-group --name --ip-mask]
      User-Agent: [python/3.7.3 (Windows-10-10.0.17763-SP0) msrest/0.6.6 msrest_azure/0.4.34
          azure-mgmt-eventhub/2.5.0 Azure-SDK-For-Python AZURECLI/2.0.62]
      accept-language: [en-US]
    method: GET
    uri: https://management.azure.com/subscriptions/00000000-0000-0000-0000-000000000000/resourceGroups/cli_test_eh_network000001/providers/Microsoft.EventHub/namespaces/eventhubs-nscli000002/networkRuleSets/default?api-version=2017-04-01
  response:
    body: {string: '{"id":"/subscriptions/00000000-0000-0000-0000-000000000000/resourceGroups/cli_test_eh_network000001/providers/Microsoft.EventHub/namespaces/eventhubs-nscli000002/networkRuleSets/default","name":"default","type":"Microsoft.EventHub/Namespaces/NetworkRuleSet","location":"West
        US","properties":{"defaultAction":"Deny","virtualNetworkRules":[],"ipRules":[{"ipMask":"1.1.1.1","action":"Allow"},{"ipMask":"2.2.2.2","action":"Allow"}]}}'}
    headers:
      cache-control: [no-cache]
      content-length: ['479']
      content-type: [application/json; charset=utf-8]
      date: ['Tue, 16 Apr 2019 03:47:46 GMT']
      expires: ['-1']
      pragma: [no-cache]
      server: [Service-Bus-Resource-Provider/CH3, Microsoft-HTTPAPI/2.0]
      server-sb: [Service-Bus-Resource-Provider/CH3]
      strict-transport-security: [max-age=31536000; includeSubDomains]
      transfer-encoding: [chunked]
      vary: [Accept-Encoding]
      x-content-type-options: [nosniff]
    status: {code: 200, message: OK}
- request:
    body: '{"properties": {"defaultAction": "Deny", "virtualNetworkRules": [], "ipRules":
      [{"ipMask": "1.1.1.1", "action": "Allow"}]}}'
    headers:
      Accept: [application/json]
      Accept-Encoding: ['gzip, deflate']
      CommandName: [eventhubs namespace network-rule-set ip-rule remove]
      Connection: [keep-alive]
      Content-Length: ['123']
      Content-Type: [application/json; charset=utf-8]
      ParameterSetName: [--resource-group --name --ip-mask]
      User-Agent: [python/3.7.3 (Windows-10-10.0.17763-SP0) msrest/0.6.6 msrest_azure/0.4.34
          azure-mgmt-eventhub/2.5.0 Azure-SDK-For-Python AZURECLI/2.0.62]
      accept-language: [en-US]
    method: PUT
    uri: https://management.azure.com/subscriptions/00000000-0000-0000-0000-000000000000/resourceGroups/cli_test_eh_network000001/providers/Microsoft.EventHub/namespaces/eventhubs-nscli000002/networkRuleSets/default?api-version=2017-04-01
  response:
    body: {string: '{"id":"/subscriptions/00000000-0000-0000-0000-000000000000/resourceGroups/cli_test_eh_network000001/providers/Microsoft.EventHub/namespaces/eventhubs-nscli000002/networkRuleSets/default","name":"default","type":"Microsoft.EventHub/Namespaces/NetworkRuleSet","location":"West
        US","properties":{"defaultAction":"Deny","virtualNetworkRules":[],"ipRules":[{"ipMask":"1.1.1.1","action":"Allow"}]}}'}
    headers:
      cache-control: [no-cache]
      content-length: ['441']
      content-type: [application/json; charset=utf-8]
      date: ['Tue, 16 Apr 2019 03:48:03 GMT']
      expires: ['-1']
      pragma: [no-cache]
      server: [Service-Bus-Resource-Provider/CH3, Microsoft-HTTPAPI/2.0]
      server-sb: [Service-Bus-Resource-Provider/CH3]
      strict-transport-security: [max-age=31536000; includeSubDomains]
      transfer-encoding: [chunked]
      vary: [Accept-Encoding]
      x-content-type-options: [nosniff]
      x-ms-ratelimit-remaining-subscription-writes: ['1198']
    status: {code: 200, message: OK}
- request:
    body: null
    headers:
      Accept: [application/json]
      Accept-Encoding: ['gzip, deflate']
      CommandName: [eventhubs namespace network-rule-set virtual-network-rule add]
      Connection: [keep-alive]
      ParameterSetName: [--resource-group --name --subnet]
      User-Agent: [python/3.7.3 (Windows-10-10.0.17763-SP0) msrest/0.6.6 msrest_azure/0.4.34
          azure-mgmt-eventhub/2.5.0 Azure-SDK-For-Python AZURECLI/2.0.62]
      accept-language: [en-US]
    method: GET
    uri: https://management.azure.com/subscriptions/00000000-0000-0000-0000-000000000000/resourceGroups/cli_test_eh_network000001/providers/Microsoft.EventHub/namespaces/eventhubs-nscli000002/networkRuleSets/default?api-version=2017-04-01
  response:
    body: {string: '{"id":"/subscriptions/00000000-0000-0000-0000-000000000000/resourceGroups/cli_test_eh_network000001/providers/Microsoft.EventHub/namespaces/eventhubs-nscli000002/networkRuleSets/default","name":"default","type":"Microsoft.EventHub/Namespaces/NetworkRuleSet","location":"West
        US","properties":{"defaultAction":"Deny","virtualNetworkRules":[],"ipRules":[{"ipMask":"1.1.1.1","action":"Allow"}]}}'}
    headers:
      cache-control: [no-cache]
      content-length: ['441']
      content-type: [application/json; charset=utf-8]
      date: ['Tue, 16 Apr 2019 03:48:04 GMT']
      expires: ['-1']
      pragma: [no-cache]
      server: [Service-Bus-Resource-Provider/CH3, Microsoft-HTTPAPI/2.0]
      server-sb: [Service-Bus-Resource-Provider/CH3]
      strict-transport-security: [max-age=31536000; includeSubDomains]
      transfer-encoding: [chunked]
      vary: [Accept-Encoding]
      x-content-type-options: [nosniff]
    status: {code: 200, message: OK}
- request:
    body: '{"properties": {"defaultAction": "Deny", "virtualNetworkRules": [{"subnet":
      {"id": "/subscriptions/00000000-0000-0000-0000-000000000000/resourcegroups/v-ajnavtest/providers/Microsoft.Network/virtualNetworks/sbehvnettest1/subnets/default"},
      "ignoreMissingVnetServiceEndpoint": false}], "ipRules": [{"ipMask": "1.1.1.1",
      "action": "Allow"}]}}'
    headers:
      Accept: [application/json]
      Accept-Encoding: ['gzip, deflate']
      CommandName: [eventhubs namespace network-rule-set virtual-network-rule add]
      Connection: [keep-alive]
      Content-Length: ['340']
      Content-Type: [application/json; charset=utf-8]
      ParameterSetName: [--resource-group --name --subnet]
      User-Agent: [python/3.7.3 (Windows-10-10.0.17763-SP0) msrest/0.6.6 msrest_azure/0.4.34
          azure-mgmt-eventhub/2.5.0 Azure-SDK-For-Python AZURECLI/2.0.62]
      accept-language: [en-US]
    method: PUT
    uri: https://management.azure.com/subscriptions/00000000-0000-0000-0000-000000000000/resourceGroups/cli_test_eh_network000001/providers/Microsoft.EventHub/namespaces/eventhubs-nscli000002/networkRuleSets/default?api-version=2017-04-01
  response:
    body: {string: '{"id":"/subscriptions/00000000-0000-0000-0000-000000000000/resourceGroups/cli_test_eh_network000001/providers/Microsoft.EventHub/namespaces/eventhubs-nscli000002/networkRuleSets/default","name":"default","type":"Microsoft.EventHub/Namespaces/NetworkRuleSet","location":"West
        US","properties":{"defaultAction":"Deny","virtualNetworkRules":[{"subnet":{"id":"/subscriptions/00000000-0000-0000-0000-000000000000/resourcegroups/v-ajnavtest/providers/Microsoft.Network/virtualNetworks/sbehvnettest1/subnets/default"},"ignoreMissingVnetServiceEndpoint":false}],"ipRules":[{"ipMask":"1.1.1.1","action":"Allow"}]}}'}
    headers:
      cache-control: [no-cache]
      content-length: ['654']
      content-type: [application/json; charset=utf-8]
      date: ['Tue, 16 Apr 2019 03:48:30 GMT']
      expires: ['-1']
      pragma: [no-cache]
      server: [Service-Bus-Resource-Provider/CH3, Microsoft-HTTPAPI/2.0]
      server-sb: [Service-Bus-Resource-Provider/CH3]
      strict-transport-security: [max-age=31536000; includeSubDomains]
      transfer-encoding: [chunked]
      vary: [Accept-Encoding]
      x-content-type-options: [nosniff]
      x-ms-ratelimit-remaining-subscription-writes: ['1199']
    status: {code: 200, message: OK}
- request:
    body: null
    headers:
      Accept: [application/json]
      Accept-Encoding: ['gzip, deflate']
      CommandName: [eventhubs namespace network-rule-set virtual-network-rule add]
      Connection: [keep-alive]
      ParameterSetName: [--resource-group --name --subnet]
      User-Agent: [python/3.7.3 (Windows-10-10.0.17763-SP0) msrest/0.6.6 msrest_azure/0.4.34
          azure-mgmt-eventhub/2.5.0 Azure-SDK-For-Python AZURECLI/2.0.62]
      accept-language: [en-US]
    method: GET
    uri: https://management.azure.com/subscriptions/00000000-0000-0000-0000-000000000000/resourceGroups/cli_test_eh_network000001/providers/Microsoft.EventHub/namespaces/eventhubs-nscli000002/networkRuleSets/default?api-version=2017-04-01
  response:
    body: {string: '{"id":"/subscriptions/00000000-0000-0000-0000-000000000000/resourceGroups/cli_test_eh_network000001/providers/Microsoft.EventHub/namespaces/eventhubs-nscli000002/networkRuleSets/default","name":"default","type":"Microsoft.EventHub/Namespaces/NetworkRuleSet","location":"West
        US","properties":{"defaultAction":"Deny","virtualNetworkRules":[{"subnet":{"id":"/subscriptions/00000000-0000-0000-0000-000000000000/resourcegroups/v-ajnavtest/providers/Microsoft.Network/virtualNetworks/sbehvnettest1/subnets/default"},"ignoreMissingVnetServiceEndpoint":false}],"ipRules":[{"ipMask":"1.1.1.1","action":"Allow"}]}}'}
    headers:
      cache-control: [no-cache]
      content-length: ['654']
      content-type: [application/json; charset=utf-8]
      date: ['Tue, 16 Apr 2019 03:48:32 GMT']
      expires: ['-1']
      pragma: [no-cache]
      server: [Service-Bus-Resource-Provider/CH3, Microsoft-HTTPAPI/2.0]
      server-sb: [Service-Bus-Resource-Provider/CH3]
      strict-transport-security: [max-age=31536000; includeSubDomains]
      transfer-encoding: [chunked]
      vary: [Accept-Encoding]
      x-content-type-options: [nosniff]
    status: {code: 200, message: OK}
- request:
    body: '{"properties": {"defaultAction": "Deny", "virtualNetworkRules": [{"subnet":
      {"id": "/subscriptions/00000000-0000-0000-0000-000000000000/resourcegroups/v-ajnavtest/providers/Microsoft.Network/virtualNetworks/sbehvnettest1/subnets/default"},
      "ignoreMissingVnetServiceEndpoint": false}, {"subnet": {"id": "/subscriptions/00000000-0000-0000-0000-000000000000/resourcegroups/v-ajnavtest/providers/Microsoft.Network/virtualNetworks/sbehvnettest1/subnets/sbdefault"},
      "ignoreMissingVnetServiceEndpoint": false}], "ipRules": [{"ipMask": "1.1.1.1",
      "action": "Allow"}]}}'
    headers:
      Accept: [application/json]
      Accept-Encoding: ['gzip, deflate']
      CommandName: [eventhubs namespace network-rule-set virtual-network-rule add]
      Connection: [keep-alive]
      Content-Length: ['561']
      Content-Type: [application/json; charset=utf-8]
      ParameterSetName: [--resource-group --name --subnet]
      User-Agent: [python/3.7.3 (Windows-10-10.0.17763-SP0) msrest/0.6.6 msrest_azure/0.4.34
          azure-mgmt-eventhub/2.5.0 Azure-SDK-For-Python AZURECLI/2.0.62]
      accept-language: [en-US]
    method: PUT
    uri: https://management.azure.com/subscriptions/00000000-0000-0000-0000-000000000000/resourceGroups/cli_test_eh_network000001/providers/Microsoft.EventHub/namespaces/eventhubs-nscli000002/networkRuleSets/default?api-version=2017-04-01
  response:
    body: {string: '{"id":"/subscriptions/00000000-0000-0000-0000-000000000000/resourceGroups/cli_test_eh_network000001/providers/Microsoft.EventHub/namespaces/eventhubs-nscli000002/networkRuleSets/default","name":"default","type":"Microsoft.EventHub/Namespaces/NetworkRuleSet","location":"West
        US","properties":{"defaultAction":"Deny","virtualNetworkRules":[{"subnet":{"id":"/subscriptions/00000000-0000-0000-0000-000000000000/resourcegroups/v-ajnavtest/providers/Microsoft.Network/virtualNetworks/sbehvnettest1/subnets/default"},"ignoreMissingVnetServiceEndpoint":false},{"subnet":{"id":"/subscriptions/00000000-0000-0000-0000-000000000000/resourcegroups/v-ajnavtest/providers/Microsoft.Network/virtualNetworks/sbehvnettest1/subnets/sbdefault"},"ignoreMissingVnetServiceEndpoint":false}],"ipRules":[{"ipMask":"1.1.1.1","action":"Allow"}]}}'}
    headers:
      cache-control: [no-cache]
      content-length: ['870']
      content-type: [application/json; charset=utf-8]
      date: ['Tue, 16 Apr 2019 03:48:49 GMT']
      expires: ['-1']
      pragma: [no-cache]
      server: [Service-Bus-Resource-Provider/CH3, Microsoft-HTTPAPI/2.0]
      server-sb: [Service-Bus-Resource-Provider/CH3]
      strict-transport-security: [max-age=31536000; includeSubDomains]
      transfer-encoding: [chunked]
      vary: [Accept-Encoding]
      x-content-type-options: [nosniff]
      x-ms-ratelimit-remaining-subscription-writes: ['1197']
    status: {code: 200, message: OK}
- request:
    body: null
    headers:
      Accept: [application/json]
      Accept-Encoding: ['gzip, deflate']
      CommandName: [eventhubs namespace network-rule-set virtual-network-rule list]
      Connection: [keep-alive]
      ParameterSetName: [--resource-group --name]
      User-Agent: [python/3.7.3 (Windows-10-10.0.17763-SP0) msrest/0.6.6 msrest_azure/0.4.34
          azure-mgmt-eventhub/2.5.0 Azure-SDK-For-Python AZURECLI/2.0.62]
      accept-language: [en-US]
    method: GET
    uri: https://management.azure.com/subscriptions/00000000-0000-0000-0000-000000000000/resourceGroups/cli_test_eh_network000001/providers/Microsoft.EventHub/namespaces/eventhubs-nscli000002/networkRuleSets/default?api-version=2017-04-01
  response:
    body: {string: '{"id":"/subscriptions/00000000-0000-0000-0000-000000000000/resourceGroups/cli_test_eh_network000001/providers/Microsoft.EventHub/namespaces/eventhubs-nscli000002/networkRuleSets/default","name":"default","type":"Microsoft.EventHub/Namespaces/NetworkRuleSet","location":"West
        US","properties":{"defaultAction":"Deny","virtualNetworkRules":[{"subnet":{"id":"/subscriptions/00000000-0000-0000-0000-000000000000/resourcegroups/v-ajnavtest/providers/Microsoft.Network/virtualNetworks/sbehvnettest1/subnets/default"},"ignoreMissingVnetServiceEndpoint":false},{"subnet":{"id":"/subscriptions/00000000-0000-0000-0000-000000000000/resourcegroups/v-ajnavtest/providers/Microsoft.Network/virtualNetworks/sbehvnettest1/subnets/sbdefault"},"ignoreMissingVnetServiceEndpoint":false}],"ipRules":[{"ipMask":"1.1.1.1","action":"Allow"}]}}'}
    headers:
      cache-control: [no-cache]
      content-length: ['870']
      content-type: [application/json; charset=utf-8]
      date: ['Tue, 16 Apr 2019 03:48:51 GMT']
      expires: ['-1']
      pragma: [no-cache]
      server: [Service-Bus-Resource-Provider/CH3, Microsoft-HTTPAPI/2.0]
      server-sb: [Service-Bus-Resource-Provider/CH3]
      strict-transport-security: [max-age=31536000; includeSubDomains]
      transfer-encoding: [chunked]
      vary: [Accept-Encoding]
      x-content-type-options: [nosniff]
    status: {code: 200, message: OK}
- request:
    body: null
    headers:
      Accept: [application/json]
      Accept-Encoding: ['gzip, deflate']
      CommandName: [eventhubs namespace network-rule-set virtual-network-rule remove]
      Connection: [keep-alive]
      ParameterSetName: [--resource-group --name --subnet]
      User-Agent: [python/3.7.3 (Windows-10-10.0.17763-SP0) msrest/0.6.6 msrest_azure/0.4.34
          azure-mgmt-eventhub/2.5.0 Azure-SDK-For-Python AZURECLI/2.0.62]
      accept-language: [en-US]
    method: GET
    uri: https://management.azure.com/subscriptions/00000000-0000-0000-0000-000000000000/resourceGroups/cli_test_eh_network000001/providers/Microsoft.EventHub/namespaces/eventhubs-nscli000002/networkRuleSets/default?api-version=2017-04-01
  response:
    body: {string: '{"id":"/subscriptions/00000000-0000-0000-0000-000000000000/resourceGroups/cli_test_eh_network000001/providers/Microsoft.EventHub/namespaces/eventhubs-nscli000002/networkRuleSets/default","name":"default","type":"Microsoft.EventHub/Namespaces/NetworkRuleSet","location":"West
        US","properties":{"defaultAction":"Deny","virtualNetworkRules":[{"subnet":{"id":"/subscriptions/00000000-0000-0000-0000-000000000000/resourcegroups/v-ajnavtest/providers/Microsoft.Network/virtualNetworks/sbehvnettest1/subnets/default"},"ignoreMissingVnetServiceEndpoint":false},{"subnet":{"id":"/subscriptions/00000000-0000-0000-0000-000000000000/resourcegroups/v-ajnavtest/providers/Microsoft.Network/virtualNetworks/sbehvnettest1/subnets/sbdefault"},"ignoreMissingVnetServiceEndpoint":false}],"ipRules":[{"ipMask":"1.1.1.1","action":"Allow"}]}}'}
    headers:
      cache-control: [no-cache]
      content-length: ['870']
      content-type: [application/json; charset=utf-8]
      date: ['Tue, 16 Apr 2019 03:48:52 GMT']
      expires: ['-1']
      pragma: [no-cache]
      server: [Service-Bus-Resource-Provider/CH3, Microsoft-HTTPAPI/2.0]
      server-sb: [Service-Bus-Resource-Provider/CH3]
      strict-transport-security: [max-age=31536000; includeSubDomains]
      transfer-encoding: [chunked]
      vary: [Accept-Encoding]
      x-content-type-options: [nosniff]
    status: {code: 200, message: OK}
- request:
    body: '{"properties": {"defaultAction": "Deny", "virtualNetworkRules": [{"subnet":
      {"id": "/subscriptions/00000000-0000-0000-0000-000000000000/resourcegroups/v-ajnavtest/providers/Microsoft.Network/virtualNetworks/sbehvnettest1/subnets/default"},
      "ignoreMissingVnetServiceEndpoint": false}], "ipRules": [{"ipMask": "1.1.1.1",
      "action": "Allow"}]}}'
    headers:
      Accept: [application/json]
      Accept-Encoding: ['gzip, deflate']
      CommandName: [eventhubs namespace network-rule-set virtual-network-rule remove]
      Connection: [keep-alive]
      Content-Length: ['340']
      Content-Type: [application/json; charset=utf-8]
      ParameterSetName: [--resource-group --name --subnet]
      User-Agent: [python/3.7.3 (Windows-10-10.0.17763-SP0) msrest/0.6.6 msrest_azure/0.4.34
          azure-mgmt-eventhub/2.5.0 Azure-SDK-For-Python AZURECLI/2.0.62]
      accept-language: [en-US]
    method: PUT
    uri: https://management.azure.com/subscriptions/00000000-0000-0000-0000-000000000000/resourceGroups/cli_test_eh_network000001/providers/Microsoft.EventHub/namespaces/eventhubs-nscli000002/networkRuleSets/default?api-version=2017-04-01
  response:
    body: {string: '{"id":"/subscriptions/00000000-0000-0000-0000-000000000000/resourceGroups/cli_test_eh_network000001/providers/Microsoft.EventHub/namespaces/eventhubs-nscli000002/networkRuleSets/default","name":"default","type":"Microsoft.EventHub/Namespaces/NetworkRuleSet","location":"West
        US","properties":{"defaultAction":"Deny","virtualNetworkRules":[{"subnet":{"id":"/subscriptions/00000000-0000-0000-0000-000000000000/resourcegroups/v-ajnavtest/providers/Microsoft.Network/virtualNetworks/sbehvnettest1/subnets/default"},"ignoreMissingVnetServiceEndpoint":false}],"ipRules":[{"ipMask":"1.1.1.1","action":"Allow"}]}}'}
    headers:
      cache-control: [no-cache]
      content-length: ['654']
      content-type: [application/json; charset=utf-8]
      date: ['Tue, 16 Apr 2019 03:49:11 GMT']
      expires: ['-1']
      pragma: [no-cache]
      server: [Service-Bus-Resource-Provider/CH3, Microsoft-HTTPAPI/2.0]
      server-sb: [Service-Bus-Resource-Provider/CH3]
      strict-transport-security: [max-age=31536000; includeSubDomains]
      transfer-encoding: [chunked]
      vary: [Accept-Encoding]
      x-content-type-options: [nosniff]
      x-ms-ratelimit-remaining-subscription-writes: ['1198']
    status: {code: 200, message: OK}
- request:
    body: null
    headers:
      Accept: [application/json]
      Accept-Encoding: ['gzip, deflate']
      CommandName: [eventhubs namespace delete]
      Connection: [keep-alive]
      Content-Length: ['0']
      ParameterSetName: [--resource-group --name]
      User-Agent: [python/3.7.3 (Windows-10-10.0.17763-SP0) msrest/0.6.6 msrest_azure/0.4.34
          azure-mgmt-eventhub/2.5.0 Azure-SDK-For-Python AZURECLI/2.0.62]
      accept-language: [en-US]
    method: DELETE
    uri: https://management.azure.com/subscriptions/00000000-0000-0000-0000-000000000000/resourceGroups/cli_test_eh_network000001/providers/Microsoft.EventHub/namespaces/eventhubs-nscli000002?api-version=2017-04-01
  response:
    body: {string: ''}
    headers:
      cache-control: [no-cache]
      content-length: ['0']
      date: ['Tue, 16 Apr 2019 03:49:13 GMT']
      expires: ['-1']
      location: ['https://management.azure.com/subscriptions/00000000-0000-0000-0000-000000000000/resourceGroups/cli_test_eh_network000001/providers/Microsoft.EventHub/namespaces/eventhubs-nscli000002/operationresults/eventhubs-nscli000002?api-version=2017-04-01']
      pragma: [no-cache]
      server: [Service-Bus-Resource-Provider/CH3, Microsoft-HTTPAPI/2.0]
      server-sb: [Service-Bus-Resource-Provider/CH3]
      strict-transport-security: [max-age=31536000; includeSubDomains]
      x-content-type-options: [nosniff]
      x-ms-ratelimit-remaining-subscription-deletes: ['14998']
    status: {code: 202, message: Accepted}
- request:
    body: null
    headers:
      Accept: [application/json]
      Accept-Encoding: ['gzip, deflate']
      CommandName: [eventhubs namespace delete]
      Connection: [keep-alive]
      ParameterSetName: [--resource-group --name]
      User-Agent: [python/3.7.3 (Windows-10-10.0.17763-SP0) msrest/0.6.6 msrest_azure/0.4.34
          azure-mgmt-eventhub/2.5.0 Azure-SDK-For-Python AZURECLI/2.0.62]
    method: GET
    uri: https://management.azure.com/subscriptions/00000000-0000-0000-0000-000000000000/resourceGroups/cli_test_eh_network000001/providers/Microsoft.EventHub/namespaces/eventhubs-nscli000002/operationresults/eventhubs-nscli000002?api-version=2017-04-01
  response:
    body: {string: ''}
    headers:
      cache-control: [no-cache]
      content-length: ['0']
      date: ['Tue, 16 Apr 2019 03:49:43 GMT']
      expires: ['-1']
      pragma: [no-cache]
      server: [Service-Bus-Resource-Provider/CH3, Microsoft-HTTPAPI/2.0]
      server-sb: [Service-Bus-Resource-Provider/CH3]
      strict-transport-security: [max-age=31536000; includeSubDomains]
      x-content-type-options: [nosniff]
    status: {code: 200, message: OK}
- request:
    body: null
    headers:
      Accept: [application/json]
      Accept-Encoding: ['gzip, deflate']
      CommandName: [group delete]
      Connection: [keep-alive]
      Content-Length: ['0']
      ParameterSetName: [--name --yes --no-wait]
      User-Agent: [python/3.7.3 (Windows-10-10.0.17763-SP0) msrest/0.6.6 msrest_azure/0.4.34
          resourcemanagementclient/2.1.0 Azure-SDK-For-Python AZURECLI/2.0.62]
      accept-language: [en-US]
    method: DELETE
    uri: https://management.azure.com/subscriptions/00000000-0000-0000-0000-000000000000/resourcegroups/cli_test_eh_network000001?api-version=2018-05-01
  response:
    body: {string: ''}
    headers:
      cache-control: [no-cache]
      content-length: ['0']
      date: ['Tue, 16 Apr 2019 03:49:45 GMT']
      expires: ['-1']
      location: ['https://management.azure.com/subscriptions/00000000-0000-0000-0000-000000000000/operationresults/eyJqb2JJZCI6IlJFU09VUkNFR1JPVVBERUxFVElPTkpPQi1DTEk6NUZURVNUOjVGRUg6NUZORVRXT1JLWTJRM1pUSFVTS1RFQk9RNkY2UTZUU3w0RkI4RDQ2MTcyQzEyNjIxLVdFU1RVUyIsImpvYkxvY2F0aW9uIjoid2VzdHVzIn0?api-version=2018-05-01']
      pragma: [no-cache]
      strict-transport-security: [max-age=31536000; includeSubDomains]
      x-content-type-options: [nosniff]
      x-ms-ratelimit-remaining-subscription-deletes: ['14999']
    status: {code: 202, message: Accepted}
version: 1
