interactions:
- request:
    body: !!python/unicode '{"location": "southcentralus", "tags": {"use": "az-test"}}'
    headers:
      Accept: [application/json]
      Accept-Encoding: ['gzip, deflate']
      CommandName: [group create]
      Connection: [keep-alive]
      Content-Length: ['58']
      Content-Type: [application/json; charset=utf-8]
      User-Agent: [python/2.7.12 (Darwin-17.2.0-x86_64-i386-64bit) requests/2.18.4
          msrest/0.4.22 msrest_azure/0.4.19 resourcemanagementclient/1.2.1 Azure-SDK-For-Python
          AZURECLI/2.0.24]
      accept-language: [en-US]
    method: PUT
    uri: https://management.azure.com/subscriptions/00000000-0000-0000-0000-000000000000/resourcegroups/clitest.rg000001?api-version=2017-05-10
  response:
    body: {string: !!python/unicode '{"id":"/subscriptions/00000000-0000-0000-0000-000000000000/resourceGroups/clitest.rg000001","name":"clitest.rg000001","location":"southcentralus","tags":{"use":"az-test"},"properties":{"provisioningState":"Succeeded"}}'}
    headers:
      cache-control: [no-cache]
      content-length: ['336']
      content-type: [application/json; charset=utf-8]
      date: ['Fri, 22 Dec 2017 16:27:03 GMT']
      expires: ['-1']
      pragma: [no-cache]
      strict-transport-security: [max-age=31536000; includeSubDomains]
      x-ms-ratelimit-remaining-subscription-writes: ['1184']
    status: {code: 201, message: Created}
- request:
    body: !!python/unicode '{"properties": {"emailReceivers": [], "webhookReceivers":
      [], "enabled": true, "groupShortName": "cliact7f6tvg", "smsReceivers": []},
      "location": "global"}'
    headers:
      Accept: [application/json]
      Accept-Encoding: ['gzip, deflate']
      CommandName: [monitor action-group create]
      Connection: [keep-alive]
      Content-Length: ['155']
      Content-Type: [application/json; charset=utf-8]
      User-Agent: [python/2.7.12 (Darwin-17.2.0-x86_64-i386-64bit) requests/2.18.4
          msrest/0.4.22 msrest_azure/0.4.19 monitormanagementclient/0.4.0 Azure-SDK-For-Python
          AZURECLI/2.0.24]
      accept-language: [en-US]
    method: PUT
    uri: https://management.azure.com/subscriptions/00000000-0000-0000-0000-000000000000/resourceGroups/clitest.rg000001/providers/microsoft.insights/actionGroups/cliact000002?api-version=2017-04-01
  response:
    body: {string: !!python/unicode '{"id":"/subscriptions/00000000-0000-0000-0000-000000000000/resourceGroups/clitest.rg000001/providers/microsoft.insights/actionGroups/cliact000002","type":"Microsoft.Insights/ActionGroups","name":"cliact000002","location":"Global","kind":null,"tags":null,"properties":{"groupShortName":"cliact7f6tvg","enabled":true,"emailReceivers":[],"smsReceivers":[],"webhookReceivers":[],"itsmReceivers":[],"azureAppPushReceivers":[],"automationRunbookReceivers":[]},"identity":null}'}
    headers:
      cache-control: [no-cache]
      content-length: ['569']
      content-type: [application/json; charset=utf-8]
      date: ['Fri, 22 Dec 2017 16:27:12 GMT']
      expires: ['-1']
      pragma: [no-cache]
      server: [Microsoft-IIS/8.5]
      strict-transport-security: [max-age=31536000; includeSubDomains]
      x-ms-ratelimit-remaining-subscription-writes: ['1197']
    status: {code: 201, message: Created}
- request:
    body: !!python/unicode '{"properties": {"emailReceivers": [], "webhookReceivers":
      [], "enabled": true, "groupShortName": "cliactzznn2v", "smsReceivers": []},
      "location": "global"}'
    headers:
      Accept: [application/json]
      Accept-Encoding: ['gzip, deflate']
      CommandName: [monitor action-group create]
      Connection: [keep-alive]
      Content-Length: ['155']
      Content-Type: [application/json; charset=utf-8]
      User-Agent: [python/2.7.12 (Darwin-17.2.0-x86_64-i386-64bit) requests/2.18.4
          msrest/0.4.22 msrest_azure/0.4.19 monitormanagementclient/0.4.0 Azure-SDK-For-Python
          AZURECLI/2.0.24]
      accept-language: [en-US]
    method: PUT
    uri: https://management.azure.com/subscriptions/00000000-0000-0000-0000-000000000000/resourceGroups/clitest.rg000001/providers/microsoft.insights/actionGroups/cliact000003?api-version=2017-04-01
  response:
    body: {string: !!python/unicode '{"id":"/subscriptions/00000000-0000-0000-0000-000000000000/resourceGroups/clitest.rg000001/providers/microsoft.insights/actionGroups/cliact000003","type":"Microsoft.Insights/ActionGroups","name":"cliact000003","location":"Global","kind":null,"tags":null,"properties":{"groupShortName":"cliactzznn2v","enabled":true,"emailReceivers":[],"smsReceivers":[],"webhookReceivers":[],"itsmReceivers":[],"azureAppPushReceivers":[],"automationRunbookReceivers":[]},"identity":null}'}
    headers:
      cache-control: [no-cache]
      content-length: ['569']
      content-type: [application/json; charset=utf-8]
      date: ['Fri, 22 Dec 2017 16:27:22 GMT']
      expires: ['-1']
      pragma: [no-cache]
      server: [Microsoft-IIS/8.5]
      strict-transport-security: [max-age=31536000; includeSubDomains]
      x-ms-ratelimit-remaining-subscription-writes: ['1199']
    status: {code: 201, message: Created}
- request:
    body: !!python/unicode '{"properties": {"emailReceivers": [], "webhookReceivers":
      [], "enabled": true, "groupShortName": "cliacthxh2q5", "smsReceivers": []},
      "location": "global"}'
    headers:
      Accept: [application/json]
      Accept-Encoding: ['gzip, deflate']
      CommandName: [monitor action-group create]
      Connection: [keep-alive]
      Content-Length: ['155']
      Content-Type: [application/json; charset=utf-8]
      User-Agent: [python/2.7.12 (Darwin-17.2.0-x86_64-i386-64bit) requests/2.18.4
          msrest/0.4.22 msrest_azure/0.4.19 monitormanagementclient/0.4.0 Azure-SDK-For-Python
          AZURECLI/2.0.24]
      accept-language: [en-US]
    method: PUT
    uri: https://management.azure.com/subscriptions/00000000-0000-0000-0000-000000000000/resourceGroups/clitest.rg000001/providers/microsoft.insights/actionGroups/cliact000004?api-version=2017-04-01
  response:
    body: {string: !!python/unicode '{"id":"/subscriptions/00000000-0000-0000-0000-000000000000/resourceGroups/clitest.rg000001/providers/microsoft.insights/actionGroups/cliact000004","type":"Microsoft.Insights/ActionGroups","name":"cliact000004","location":"Global","kind":null,"tags":null,"properties":{"groupShortName":"cliacthxh2q5","enabled":true,"emailReceivers":[],"smsReceivers":[],"webhookReceivers":[],"itsmReceivers":[],"azureAppPushReceivers":[],"automationRunbookReceivers":[]},"identity":null}'}
    headers:
      cache-control: [no-cache]
      content-length: ['569']
      content-type: [application/json; charset=utf-8]
      date: ['Fri, 22 Dec 2017 16:27:29 GMT']
      expires: ['-1']
      pragma: [no-cache]
      server: [Microsoft-IIS/8.5]
      strict-transport-security: [max-age=31536000; includeSubDomains]
      x-ms-ratelimit-remaining-subscription-writes: ['1194']
    status: {code: 201, message: Created}
- request:
    body: null
    headers:
      Accept: [application/json]
      Accept-Encoding: ['gzip, deflate']
      CommandName: [group show]
      Connection: [keep-alive]
      Content-Type: [application/json; charset=utf-8]
      User-Agent: [python/2.7.12 (Darwin-17.2.0-x86_64-i386-64bit) requests/2.18.4
          msrest/0.4.22 msrest_azure/0.4.19 resourcemanagementclient/1.2.1 Azure-SDK-For-Python
          AZURECLI/2.0.24]
      accept-language: [en-US]
    method: GET
    uri: https://management.azure.com/subscriptions/00000000-0000-0000-0000-000000000000/resourcegroups/clitest.rg000001?api-version=2017-05-10
  response:
    body: {string: !!python/unicode '{"id":"/subscriptions/00000000-0000-0000-0000-000000000000/resourceGroups/clitest.rg000001","name":"clitest.rg000001","location":"southcentralus","tags":{"use":"az-test"},"properties":{"provisioningState":"Succeeded"}}'}
    headers:
      cache-control: [no-cache]
      content-length: ['336']
      content-type: [application/json; charset=utf-8]
      date: ['Fri, 22 Dec 2017 16:27:36 GMT']
      expires: ['-1']
      pragma: [no-cache]
      strict-transport-security: [max-age=31536000; includeSubDomains]
      vary: [Accept-Encoding]
    status: {code: 200, message: OK}
- request:
    body: null
    headers:
      Accept: [application/json]
      Accept-Encoding: ['gzip, deflate']
      CommandName: [monitor activity-log alert create]
      Connection: [keep-alive]
      Content-Type: [application/json; charset=utf-8]
      User-Agent: [python/2.7.12 (Darwin-17.2.0-x86_64-i386-64bit) requests/2.18.4
          msrest/0.4.22 msrest_azure/0.4.19 monitormanagementclient/0.4.0 Azure-SDK-For-Python
          AZURECLI/2.0.24]
      accept-language: [en-US]
    method: GET
    uri: https://management.azure.com/subscriptions/00000000-0000-0000-0000-000000000000/resourceGroups/clitest.rg000001/providers/microsoft.insights/activityLogAlerts/clialert000005?api-version=2017-04-01
  response:
    body: {string: !!python/unicode '{"error":{"code":"ResourceNotFound","message":"The
        Resource ''microsoft.insights/activityLogAlerts/clialert000005'' under resource
        group ''clitest.rg000001'' was not found."}}'}
    headers:
      cache-control: [no-cache]
      content-length: ['248']
      content-type: [application/json; charset=utf-8]
      date: ['Fri, 22 Dec 2017 16:27:41 GMT']
      expires: ['-1']
      pragma: [no-cache]
      strict-transport-security: [max-age=31536000; includeSubDomains]
      x-ms-failure-cause: [gateway]
    status: {code: 404, message: Not Found}
- request:
    body: !!python/unicode '{"properties": {"scopes": ["/subscriptions/00000000-0000-0000-0000-000000000000/resourceGroups/clitest.rg000001"],
      "enabled": true, "condition": {"allOf": [{"field": "category", "equals": "ServiceHealth"}]},
      "actions": {"actionGroups": []}}, "location": "global"}'
    headers:
      Accept: [application/json]
      Accept-Encoding: ['gzip, deflate']
      CommandName: [monitor activity-log alert create]
      Connection: [keep-alive]
      Content-Length: ['322']
      Content-Type: [application/json; charset=utf-8]
      User-Agent: [python/2.7.12 (Darwin-17.2.0-x86_64-i386-64bit) requests/2.18.4
          msrest/0.4.22 msrest_azure/0.4.19 monitormanagementclient/0.4.0 Azure-SDK-For-Python
          AZURECLI/2.0.24]
      accept-language: [en-US]
    method: PUT
    uri: https://management.azure.com/subscriptions/00000000-0000-0000-0000-000000000000/resourceGroups/clitest.rg000001/providers/microsoft.insights/activityLogAlerts/clialert000005?api-version=2017-04-01
  response:
    body: {string: !!python/unicode '{"id":"/subscriptions/00000000-0000-0000-0000-000000000000/resourceGroups/clitest.rg000001/providers/microsoft.insights/activityLogAlerts/clialert000005","type":"Microsoft.Insights/ActivityLogAlerts","name":"clialert000005","location":"Global","kind":null,"tags":{},"properties":{"scopes":["/subscriptions/00000000-0000-0000-0000-000000000000/resourceGroups/clitest.rg000001"],"condition":{"allOf":[{"field":"category","equals":"ServiceHealth","containsAny":null}]},"actions":{"actionGroups":[]},"enabled":true,"description":null},"identity":null}'}
    headers:
      cache-control: [no-cache]
      content-length: ['701']
      content-type: [application/json; charset=utf-8]
      date: ['Fri, 22 Dec 2017 16:27:45 GMT']
      expires: ['-1']
      pragma: [no-cache]
      server: [Microsoft-IIS/8.5]
      strict-transport-security: [max-age=31536000; includeSubDomains]
      x-ms-ratelimit-remaining-subscription-writes: ['1188']
    status: {code: 201, message: Created}
- request:
    body: null
    headers:
      Accept: [application/json]
      Accept-Encoding: ['gzip, deflate']
      CommandName: [monitor activity-log alert show]
      Connection: [keep-alive]
      Content-Type: [application/json; charset=utf-8]
      User-Agent: [python/2.7.12 (Darwin-17.2.0-x86_64-i386-64bit) requests/2.18.4
          msrest/0.4.22 msrest_azure/0.4.19 monitormanagementclient/0.4.0 Azure-SDK-For-Python
          AZURECLI/2.0.24]
      accept-language: [en-US]
    method: GET
    uri: https://management.azure.com/subscriptions/00000000-0000-0000-0000-000000000000/resourceGroups/clitest.rg000001/providers/microsoft.insights/activityLogAlerts/clialert000005?api-version=2017-04-01
  response:
    body: {string: !!python/unicode '{"id":"/subscriptions/00000000-0000-0000-0000-000000000000/resourceGroups/clitest.rg000001/providers/microsoft.insights/activityLogAlerts/clialert000005","type":"Microsoft.Insights/ActivityLogAlerts","name":"clialert000005","location":"Global","kind":null,"tags":{},"properties":{"scopes":["/subscriptions/00000000-0000-0000-0000-000000000000/resourceGroups/clitest.rg000001"],"condition":{"allOf":[{"field":"category","equals":"ServiceHealth","containsAny":null}]},"actions":{"actionGroups":[]},"enabled":true,"description":null},"identity":null}'}
    headers:
      cache-control: [no-cache]
      content-length: ['701']
      content-type: [application/json; charset=utf-8]
      date: ['Fri, 22 Dec 2017 16:28:14 GMT']
      expires: ['-1']
      pragma: [no-cache]
      server: [Microsoft-IIS/8.5]
      strict-transport-security: [max-age=31536000; includeSubDomains]
      transfer-encoding: [chunked]
      vary: ['Accept-Encoding,Accept-Encoding']
    status: {code: 200, message: OK}
- request:
    body: null
    headers:
      Accept: [application/json]
      Accept-Encoding: ['gzip, deflate']
      CommandName: [monitor activity-log alert action-group add]
      Connection: [keep-alive]
      Content-Type: [application/json; charset=utf-8]
      User-Agent: [python/2.7.12 (Darwin-17.2.0-x86_64-i386-64bit) requests/2.18.4
          msrest/0.4.22 msrest_azure/0.4.19 monitormanagementclient/0.4.0 Azure-SDK-For-Python
          AZURECLI/2.0.24]
      accept-language: [en-US]
    method: GET
    uri: https://management.azure.com/subscriptions/00000000-0000-0000-0000-000000000000/resourceGroups/clitest.rg000001/providers/microsoft.insights/activityLogAlerts/clialert000005?api-version=2017-04-01
  response:
    body: {string: !!python/unicode '{"id":"/subscriptions/00000000-0000-0000-0000-000000000000/resourceGroups/clitest.rg000001/providers/microsoft.insights/activityLogAlerts/clialert000005","type":"Microsoft.Insights/ActivityLogAlerts","name":"clialert000005","location":"Global","kind":null,"tags":{},"properties":{"scopes":["/subscriptions/00000000-0000-0000-0000-000000000000/resourceGroups/clitest.rg000001"],"condition":{"allOf":[{"field":"category","equals":"ServiceHealth","containsAny":null}]},"actions":{"actionGroups":[]},"enabled":true,"description":null},"identity":null}'}
    headers:
      cache-control: [no-cache]
      content-length: ['701']
      content-type: [application/json; charset=utf-8]
      date: ['Fri, 22 Dec 2017 16:28:22 GMT']
      expires: ['-1']
      pragma: [no-cache]
      server: [Microsoft-IIS/8.5]
      strict-transport-security: [max-age=31536000; includeSubDomains]
      transfer-encoding: [chunked]
      vary: ['Accept-Encoding,Accept-Encoding']
    status: {code: 200, message: OK}
- request:
    body: !!python/unicode '{"location": "Global", "properties": {"scopes": ["/subscriptions/00000000-0000-0000-0000-000000000000/resourceGroups/clitest.rg000001"],
      "enabled": true, "condition": {"allOf": [{"field": "category", "equals": "ServiceHealth"}]},
      "actions": {"actionGroups": [{"actionGroupId": "/subscriptions/00000000-0000-0000-0000-000000000000/resourceGroups/clitest.rg000001/providers/microsoft.insights/actionGroups/cliact000002"}]}},
      "tags": {}}'
    headers:
      Accept: [application/json]
      Accept-Encoding: ['gzip, deflate']
      CommandName: [monitor activity-log alert action-group add]
      Connection: [keep-alive]
      Content-Length: ['572']
      Content-Type: [application/json; charset=utf-8]
      User-Agent: [python/2.7.12 (Darwin-17.2.0-x86_64-i386-64bit) requests/2.18.4
          msrest/0.4.22 msrest_azure/0.4.19 monitormanagementclient/0.4.0 Azure-SDK-For-Python
          AZURECLI/2.0.24]
      accept-language: [en-US]
    method: PUT
    uri: https://management.azure.com/subscriptions/00000000-0000-0000-0000-000000000000/resourceGroups/clitest.rg000001/providers/microsoft.insights/activityLogAlerts/clialert000005?api-version=2017-04-01
  response:
    body: {string: !!python/unicode '{"id":"/subscriptions/00000000-0000-0000-0000-000000000000/resourceGroups/clitest.rg000001/providers/microsoft.insights/activityLogAlerts/clialert000005","type":"Microsoft.Insights/ActivityLogAlerts","name":"clialert000005","location":"Global","kind":null,"tags":{},"properties":{"scopes":["/subscriptions/00000000-0000-0000-0000-000000000000/resourceGroups/clitest.rg000001"],"condition":{"allOf":[{"field":"category","equals":"ServiceHealth","containsAny":null}]},"actions":{"actionGroups":[{"actionGroupId":"/subscriptions/00000000-0000-0000-0000-000000000000/resourceGroups/clitest.rg000001/providers/microsoft.insights/actionGroups/cliact000002","webhookProperties":null}]},"enabled":true,"description":null},"identity":null}'}
    headers:
      cache-control: [no-cache]
      content-length: ['963']
      content-type: [application/json; charset=utf-8]
      date: ['Fri, 22 Dec 2017 16:28:30 GMT']
      expires: ['-1']
      pragma: [no-cache]
      server: [Microsoft-IIS/8.5]
      strict-transport-security: [max-age=31536000; includeSubDomains]
      transfer-encoding: [chunked]
      vary: ['Accept-Encoding,Accept-Encoding']
      x-ms-ratelimit-remaining-subscription-writes: ['1197']
    status: {code: 200, message: OK}
- request:
    body: null
    headers:
      Accept: [application/json]
      Accept-Encoding: ['gzip, deflate']
      CommandName: [monitor activity-log alert action-group add]
      Connection: [keep-alive]
      Content-Type: [application/json; charset=utf-8]
      User-Agent: [python/2.7.12 (Darwin-17.2.0-x86_64-i386-64bit) requests/2.18.4
          msrest/0.4.22 msrest_azure/0.4.19 monitormanagementclient/0.4.0 Azure-SDK-For-Python
          AZURECLI/2.0.24]
      accept-language: [en-US]
    method: GET
    uri: https://management.azure.com/subscriptions/00000000-0000-0000-0000-000000000000/resourceGroups/clitest.rg000001/providers/microsoft.insights/activityLogAlerts/clialert000005?api-version=2017-04-01
  response:
    body: {string: !!python/unicode '{"id":"/subscriptions/00000000-0000-0000-0000-000000000000/resourceGroups/clitest.rg000001/providers/microsoft.insights/activityLogAlerts/clialert000005","type":"Microsoft.Insights/ActivityLogAlerts","name":"clialert000005","location":"Global","kind":null,"tags":{},"properties":{"scopes":["/subscriptions/00000000-0000-0000-0000-000000000000/resourceGroups/clitest.rg000001"],"condition":{"allOf":[{"field":"category","equals":"ServiceHealth","containsAny":null}]},"actions":{"actionGroups":[{"actionGroupId":"/subscriptions/00000000-0000-0000-0000-000000000000/resourceGroups/clitest.rg000001/providers/microsoft.insights/actionGroups/cliact000002","webhookProperties":null}]},"enabled":true,"description":null},"identity":null}'}
    headers:
      cache-control: [no-cache]
      content-length: ['963']
      content-type: [application/json; charset=utf-8]
      date: ['Fri, 22 Dec 2017 16:28:44 GMT']
      expires: ['-1']
      pragma: [no-cache]
      server: [Microsoft-IIS/8.5]
      strict-transport-security: [max-age=31536000; includeSubDomains]
      transfer-encoding: [chunked]
      vary: ['Accept-Encoding,Accept-Encoding']
    status: {code: 200, message: OK}
- request:
    body: !!python/unicode '{"location": "Global", "properties": {"scopes": ["/subscriptions/00000000-0000-0000-0000-000000000000/resourceGroups/clitest.rg000001"],
      "enabled": true, "condition": {"allOf": [{"field": "category", "equals": "ServiceHealth"}]},
      "actions": {"actionGroups": [{"actionGroupId": "/subscriptions/00000000-0000-0000-0000-000000000000/resourceGroups/clitest.rg000001/providers/microsoft.insights/actionGroups/cliact000003"}]}},
      "tags": {}}'
    headers:
      Accept: [application/json]
      Accept-Encoding: ['gzip, deflate']
      CommandName: [monitor activity-log alert action-group add]
      Connection: [keep-alive]
      Content-Length: ['572']
      Content-Type: [application/json; charset=utf-8]
      User-Agent: [python/2.7.12 (Darwin-17.2.0-x86_64-i386-64bit) requests/2.18.4
          msrest/0.4.22 msrest_azure/0.4.19 monitormanagementclient/0.4.0 Azure-SDK-For-Python
          AZURECLI/2.0.24]
      accept-language: [en-US]
    method: PUT
    uri: https://management.azure.com/subscriptions/00000000-0000-0000-0000-000000000000/resourceGroups/clitest.rg000001/providers/microsoft.insights/activityLogAlerts/clialert000005?api-version=2017-04-01
  response:
    body: {string: !!python/unicode '{"id":"/subscriptions/00000000-0000-0000-0000-000000000000/resourceGroups/clitest.rg000001/providers/microsoft.insights/activityLogAlerts/clialert000005","type":"Microsoft.Insights/ActivityLogAlerts","name":"clialert000005","location":"Global","kind":null,"tags":{},"properties":{"scopes":["/subscriptions/00000000-0000-0000-0000-000000000000/resourceGroups/clitest.rg000001"],"condition":{"allOf":[{"field":"category","equals":"ServiceHealth","containsAny":null}]},"actions":{"actionGroups":[{"actionGroupId":"/subscriptions/00000000-0000-0000-0000-000000000000/resourceGroups/clitest.rg000001/providers/microsoft.insights/actionGroups/cliact000003","webhookProperties":null}]},"enabled":true,"description":null},"identity":null}'}
    headers:
      cache-control: [no-cache]
      content-length: ['963']
      content-type: [application/json; charset=utf-8]
      date: ['Fri, 22 Dec 2017 16:28:47 GMT']
      expires: ['-1']
      pragma: [no-cache]
      server: [Microsoft-IIS/8.5]
      strict-transport-security: [max-age=31536000; includeSubDomains]
      transfer-encoding: [chunked]
      vary: ['Accept-Encoding,Accept-Encoding']
      x-ms-ratelimit-remaining-subscription-writes: ['1198']
    status: {code: 200, message: OK}
- request:
    body: null
    headers:
      Accept: [application/json]
      Accept-Encoding: ['gzip, deflate']
      CommandName: [monitor activity-log alert action-group add]
      Connection: [keep-alive]
      Content-Type: [application/json; charset=utf-8]
      User-Agent: [python/2.7.12 (Darwin-17.2.0-x86_64-i386-64bit) requests/2.18.4
          msrest/0.4.22 msrest_azure/0.4.19 monitormanagementclient/0.4.0 Azure-SDK-For-Python
          AZURECLI/2.0.24]
      accept-language: [en-US]
    method: GET
    uri: https://management.azure.com/subscriptions/00000000-0000-0000-0000-000000000000/resourceGroups/clitest.rg000001/providers/microsoft.insights/activityLogAlerts/clialert000005?api-version=2017-04-01
  response:
    body: {string: !!python/unicode '{"id":"/subscriptions/00000000-0000-0000-0000-000000000000/resourceGroups/clitest.rg000001/providers/microsoft.insights/activityLogAlerts/clialert000005","type":"Microsoft.Insights/ActivityLogAlerts","name":"clialert000005","location":"Global","kind":null,"tags":{},"properties":{"scopes":["/subscriptions/00000000-0000-0000-0000-000000000000/resourceGroups/clitest.rg000001"],"condition":{"allOf":[{"field":"category","equals":"ServiceHealth","containsAny":null}]},"actions":{"actionGroups":[{"actionGroupId":"/subscriptions/00000000-0000-0000-0000-000000000000/resourceGroups/clitest.rg000001/providers/microsoft.insights/actionGroups/cliact000003","webhookProperties":null}]},"enabled":true,"description":null},"identity":null}'}
    headers:
      cache-control: [no-cache]
      content-length: ['963']
      content-type: [application/json; charset=utf-8]
      date: ['Fri, 22 Dec 2017 16:28:51 GMT']
      expires: ['-1']
      pragma: [no-cache]
      server: [Microsoft-IIS/8.5]
      strict-transport-security: [max-age=31536000; includeSubDomains]
      transfer-encoding: [chunked]
      vary: ['Accept-Encoding,Accept-Encoding']
    status: {code: 200, message: OK}
- request:
    body: !!python/unicode '{"location": "Global", "properties": {"scopes": ["/subscriptions/00000000-0000-0000-0000-000000000000/resourceGroups/clitest.rg000001"],
      "enabled": true, "condition": {"allOf": [{"field": "category", "equals": "ServiceHealth"}]},
      "actions": {"actionGroups": [{"actionGroupId": "/subscriptions/00000000-0000-0000-0000-000000000000/resourceGroups/clitest.rg000001/providers/microsoft.insights/actionGroups/cliact000002"},
      {"actionGroupId": "/subscriptions/00000000-0000-0000-0000-000000000000/resourceGroups/clitest.rg000001/providers/microsoft.insights/actionGroups/cliact000003"},
      {"actionGroupId": "/subscriptions/00000000-0000-0000-0000-000000000000/resourceGroups/clitest.rg000001/providers/microsoft.insights/actionGroups/cliact000004"}]}},
      "tags": {}}'
    headers:
      Accept: [application/json]
      Accept-Encoding: ['gzip, deflate']
      CommandName: [monitor activity-log alert action-group add]
      Connection: [keep-alive]
      Content-Length: ['1052']
      Content-Type: [application/json; charset=utf-8]
      User-Agent: [python/2.7.12 (Darwin-17.2.0-x86_64-i386-64bit) requests/2.18.4
          msrest/0.4.22 msrest_azure/0.4.19 monitormanagementclient/0.4.0 Azure-SDK-For-Python
          AZURECLI/2.0.24]
      accept-language: [en-US]
    method: PUT
    uri: https://management.azure.com/subscriptions/00000000-0000-0000-0000-000000000000/resourceGroups/clitest.rg000001/providers/microsoft.insights/activityLogAlerts/clialert000005?api-version=2017-04-01
  response:
    body: {string: !!python/unicode '{"id":"/subscriptions/00000000-0000-0000-0000-000000000000/resourceGroups/clitest.rg000001/providers/microsoft.insights/activityLogAlerts/clialert000005","type":"Microsoft.Insights/ActivityLogAlerts","name":"clialert000005","location":"Global","kind":null,"tags":{},"properties":{"scopes":["/subscriptions/00000000-0000-0000-0000-000000000000/resourceGroups/clitest.rg000001"],"condition":{"allOf":[{"field":"category","equals":"ServiceHealth","containsAny":null}]},"actions":{"actionGroups":[{"actionGroupId":"/subscriptions/00000000-0000-0000-0000-000000000000/resourceGroups/clitest.rg000001/providers/microsoft.insights/actionGroups/cliact000002","webhookProperties":null},{"actionGroupId":"/subscriptions/00000000-0000-0000-0000-000000000000/resourceGroups/clitest.rg000001/providers/microsoft.insights/actionGroups/cliact000003","webhookProperties":null},{"actionGroupId":"/subscriptions/00000000-0000-0000-0000-000000000000/resourceGroups/clitest.rg000001/providers/microsoft.insights/actionGroups/cliact000004","webhookProperties":null}]},"enabled":true,"description":null},"identity":null}'}
    headers:
      cache-control: [no-cache]
      content-length: ['1489']
      content-type: [application/json; charset=utf-8]
      date: ['Fri, 22 Dec 2017 16:28:54 GMT']
      expires: ['-1']
      pragma: [no-cache]
      server: [Microsoft-IIS/8.5]
      strict-transport-security: [max-age=31536000; includeSubDomains]
      transfer-encoding: [chunked]
      vary: ['Accept-Encoding,Accept-Encoding']
      x-ms-ratelimit-remaining-subscription-writes: ['1198']
    status: {code: 200, message: OK}
- request:
    body: null
    headers:
      Accept: [application/json]
      Accept-Encoding: ['gzip, deflate']
      CommandName: [monitor activity-log alert action-group add]
      Connection: [keep-alive]
      Content-Type: [application/json; charset=utf-8]
      User-Agent: [python/2.7.12 (Darwin-17.2.0-x86_64-i386-64bit) requests/2.18.4
          msrest/0.4.22 msrest_azure/0.4.19 monitormanagementclient/0.4.0 Azure-SDK-For-Python
          AZURECLI/2.0.24]
      accept-language: [en-US]
    method: GET
    uri: https://management.azure.com/subscriptions/00000000-0000-0000-0000-000000000000/resourceGroups/clitest.rg000001/providers/microsoft.insights/activityLogAlerts/clialert000005?api-version=2017-04-01
  response:
    body: {string: !!python/unicode '{"id":"/subscriptions/00000000-0000-0000-0000-000000000000/resourceGroups/clitest.rg000001/providers/microsoft.insights/activityLogAlerts/clialert000005","type":"Microsoft.Insights/ActivityLogAlerts","name":"clialert000005","location":"Global","kind":null,"tags":{},"properties":{"scopes":["/subscriptions/00000000-0000-0000-0000-000000000000/resourceGroups/clitest.rg000001"],"condition":{"allOf":[{"field":"category","equals":"ServiceHealth","containsAny":null}]},"actions":{"actionGroups":[{"actionGroupId":"/subscriptions/00000000-0000-0000-0000-000000000000/resourceGroups/clitest.rg000001/providers/microsoft.insights/actionGroups/cliact000002","webhookProperties":null},{"actionGroupId":"/subscriptions/00000000-0000-0000-0000-000000000000/resourceGroups/clitest.rg000001/providers/microsoft.insights/actionGroups/cliact000003","webhookProperties":null},{"actionGroupId":"/subscriptions/00000000-0000-0000-0000-000000000000/resourceGroups/clitest.rg000001/providers/microsoft.insights/actionGroups/cliact000004","webhookProperties":null}]},"enabled":true,"description":null},"identity":null}'}
    headers:
      cache-control: [no-cache]
      content-length: ['1489']
      content-type: [application/json; charset=utf-8]
      date: ['Fri, 22 Dec 2017 16:29:15 GMT']
      expires: ['-1']
      pragma: [no-cache]
      server: [Microsoft-IIS/8.5]
      strict-transport-security: [max-age=31536000; includeSubDomains]
      transfer-encoding: [chunked]
      vary: ['Accept-Encoding,Accept-Encoding']
    status: {code: 200, message: OK}
- request:
    body: !!python/unicode '{"location": "Global", "properties": {"scopes": ["/subscriptions/00000000-0000-0000-0000-000000000000/resourceGroups/clitest.rg000001"],
      "enabled": true, "condition": {"allOf": [{"field": "category", "equals": "ServiceHealth"}]},
      "actions": {"actionGroups": [{"actionGroupId": "/subscriptions/00000000-0000-0000-0000-000000000000/resourceGroups/clitest.rg000001/providers/microsoft.insights/actionGroups/cliact000002"},
      {"actionGroupId": "/subscriptions/00000000-0000-0000-0000-000000000000/resourceGroups/clitest.rg000001/providers/microsoft.insights/actionGroups/cliact000003"},
      {"actionGroupId": "/subscriptions/00000000-0000-0000-0000-000000000000/resourceGroups/clitest.rg000001/providers/microsoft.insights/actionGroups/cliact000004"}]}},
      "tags": {}}'
    headers:
      Accept: [application/json]
      Accept-Encoding: ['gzip, deflate']
      CommandName: [monitor activity-log alert action-group add]
      Connection: [keep-alive]
      Content-Length: ['1052']
      Content-Type: [application/json; charset=utf-8]
      User-Agent: [python/2.7.12 (Darwin-17.2.0-x86_64-i386-64bit) requests/2.18.4
          msrest/0.4.22 msrest_azure/0.4.19 monitormanagementclient/0.4.0 Azure-SDK-For-Python
          AZURECLI/2.0.24]
      accept-language: [en-US]
    method: PUT
    uri: https://management.azure.com/subscriptions/00000000-0000-0000-0000-000000000000/resourceGroups/clitest.rg000001/providers/microsoft.insights/activityLogAlerts/clialert000005?api-version=2017-04-01
  response:
    body: {string: !!python/unicode '{"id":"/subscriptions/00000000-0000-0000-0000-000000000000/resourceGroups/clitest.rg000001/providers/microsoft.insights/activityLogAlerts/clialert000005","type":"Microsoft.Insights/ActivityLogAlerts","name":"clialert000005","location":"Global","kind":null,"tags":{},"properties":{"scopes":["/subscriptions/00000000-0000-0000-0000-000000000000/resourceGroups/clitest.rg000001"],"condition":{"allOf":[{"field":"category","equals":"ServiceHealth","containsAny":null}]},"actions":{"actionGroups":[{"actionGroupId":"/subscriptions/00000000-0000-0000-0000-000000000000/resourceGroups/clitest.rg000001/providers/microsoft.insights/actionGroups/cliact000002","webhookProperties":null},{"actionGroupId":"/subscriptions/00000000-0000-0000-0000-000000000000/resourceGroups/clitest.rg000001/providers/microsoft.insights/actionGroups/cliact000003","webhookProperties":null},{"actionGroupId":"/subscriptions/00000000-0000-0000-0000-000000000000/resourceGroups/clitest.rg000001/providers/microsoft.insights/actionGroups/cliact000004","webhookProperties":null}]},"enabled":true,"description":null},"identity":null}'}
    headers:
      cache-control: [no-cache]
      content-length: ['1489']
      content-type: [application/json; charset=utf-8]
      date: ['Fri, 22 Dec 2017 16:29:42 GMT']
      expires: ['-1']
      pragma: [no-cache]
      server: [Microsoft-IIS/8.5]
      strict-transport-security: [max-age=31536000; includeSubDomains]
      transfer-encoding: [chunked]
      vary: ['Accept-Encoding,Accept-Encoding']
      x-ms-ratelimit-remaining-subscription-writes: ['1194']
    status: {code: 200, message: OK}
- request:
    body: null
    headers:
      Accept: [application/json]
      Accept-Encoding: ['gzip, deflate']
      CommandName: [monitor activity-log alert show]
      Connection: [keep-alive]
      Content-Type: [application/json; charset=utf-8]
      User-Agent: [python/2.7.12 (Darwin-17.2.0-x86_64-i386-64bit) requests/2.18.4
          msrest/0.4.22 msrest_azure/0.4.19 monitormanagementclient/0.4.0 Azure-SDK-For-Python
          AZURECLI/2.0.24]
      accept-language: [en-US]
    method: GET
    uri: https://management.azure.com/subscriptions/00000000-0000-0000-0000-000000000000/resourceGroups/clitest.rg000001/providers/microsoft.insights/activityLogAlerts/clialert000005?api-version=2017-04-01
  response:
    body: {string: !!python/unicode '{"id":"/subscriptions/00000000-0000-0000-0000-000000000000/resourceGroups/clitest.rg000001/providers/microsoft.insights/activityLogAlerts/clialert000005","type":"Microsoft.Insights/ActivityLogAlerts","name":"clialert000005","location":"Global","kind":null,"tags":{},"properties":{"scopes":["/subscriptions/00000000-0000-0000-0000-000000000000/resourceGroups/clitest.rg000001"],"condition":{"allOf":[{"field":"category","equals":"ServiceHealth","containsAny":null}]},"actions":{"actionGroups":[{"actionGroupId":"/subscriptions/00000000-0000-0000-0000-000000000000/resourceGroups/clitest.rg000001/providers/microsoft.insights/actionGroups/cliact000002","webhookProperties":null},{"actionGroupId":"/subscriptions/00000000-0000-0000-0000-000000000000/resourceGroups/clitest.rg000001/providers/microsoft.insights/actionGroups/cliact000003","webhookProperties":null},{"actionGroupId":"/subscriptions/00000000-0000-0000-0000-000000000000/resourceGroups/clitest.rg000001/providers/microsoft.insights/actionGroups/cliact000004","webhookProperties":null}]},"enabled":true,"description":null},"identity":null}'}
    headers:
      cache-control: [no-cache]
      content-length: ['1489']
      content-type: [application/json; charset=utf-8]
      date: ['Fri, 22 Dec 2017 16:29:48 GMT']
      expires: ['-1']
      pragma: [no-cache]
      server: [Microsoft-IIS/8.5]
      strict-transport-security: [max-age=31536000; includeSubDomains]
      transfer-encoding: [chunked]
      vary: ['Accept-Encoding,Accept-Encoding']
    status: {code: 200, message: OK}
- request:
    body: null
    headers:
      Accept: [application/json]
      Accept-Encoding: ['gzip, deflate']
      CommandName: [monitor activity-log alert action-group add]
      Connection: [keep-alive]
      Content-Type: [application/json; charset=utf-8]
      User-Agent: [python/2.7.12 (Darwin-17.2.0-x86_64-i386-64bit) requests/2.18.4
          msrest/0.4.22 msrest_azure/0.4.19 monitormanagementclient/0.4.0 Azure-SDK-For-Python
          AZURECLI/2.0.24]
      accept-language: [en-US]
    method: GET
    uri: https://management.azure.com/subscriptions/00000000-0000-0000-0000-000000000000/resourceGroups/clitest.rg000001/providers/microsoft.insights/activityLogAlerts/clialert000005?api-version=2017-04-01
  response:
    body: {string: !!python/unicode '{"id":"/subscriptions/00000000-0000-0000-0000-000000000000/resourceGroups/clitest.rg000001/providers/microsoft.insights/activityLogAlerts/clialert000005","type":"Microsoft.Insights/ActivityLogAlerts","name":"clialert000005","location":"Global","kind":null,"tags":{},"properties":{"scopes":["/subscriptions/00000000-0000-0000-0000-000000000000/resourceGroups/clitest.rg000001"],"condition":{"allOf":[{"field":"category","equals":"ServiceHealth","containsAny":null}]},"actions":{"actionGroups":[{"actionGroupId":"/subscriptions/00000000-0000-0000-0000-000000000000/resourceGroups/clitest.rg000001/providers/microsoft.insights/actionGroups/cliact000002","webhookProperties":null},{"actionGroupId":"/subscriptions/00000000-0000-0000-0000-000000000000/resourceGroups/clitest.rg000001/providers/microsoft.insights/actionGroups/cliact000003","webhookProperties":null},{"actionGroupId":"/subscriptions/00000000-0000-0000-0000-000000000000/resourceGroups/clitest.rg000001/providers/microsoft.insights/actionGroups/cliact000004","webhookProperties":null}]},"enabled":true,"description":null},"identity":null}'}
    headers:
      cache-control: [no-cache]
      content-length: ['1489']
      content-type: [application/json; charset=utf-8]
      date: ['Fri, 22 Dec 2017 16:29:54 GMT']
      expires: ['-1']
      pragma: [no-cache]
      server: [Microsoft-IIS/8.5]
      strict-transport-security: [max-age=31536000; includeSubDomains]
      transfer-encoding: [chunked]
      vary: ['Accept-Encoding,Accept-Encoding']
    status: {code: 200, message: OK}
- request:
    body: !!python/unicode '{"location": "Global", "properties": {"scopes": ["/subscriptions/00000000-0000-0000-0000-000000000000/resourceGroups/clitest.rg000001"],
      "enabled": true, "condition": {"allOf": [{"field": "category", "equals": "ServiceHealth"}]},
      "actions": {"actionGroups": [{"webhookProperties": {"purpose": "test"}, "actionGroupId":
      "/subscriptions/00000000-0000-0000-0000-000000000000/resourceGroups/clitest.rg000001/providers/microsoft.insights/actionGroups/cliact000002"},
      {"actionGroupId": "/subscriptions/00000000-0000-0000-0000-000000000000/resourceGroups/clitest.rg000001/providers/microsoft.insights/actionGroups/cliact000003"},
      {"actionGroupId": "/subscriptions/00000000-0000-0000-0000-000000000000/resourceGroups/clitest.rg000001/providers/microsoft.insights/actionGroups/cliact000004"}]}},
      "tags": {}}'
    headers:
      Accept: [application/json]
      Accept-Encoding: ['gzip, deflate']
      CommandName: [monitor activity-log alert action-group add]
      Connection: [keep-alive]
      Content-Length: ['1094']
      Content-Type: [application/json; charset=utf-8]
      User-Agent: [python/2.7.12 (Darwin-17.2.0-x86_64-i386-64bit) requests/2.18.4
          msrest/0.4.22 msrest_azure/0.4.19 monitormanagementclient/0.4.0 Azure-SDK-For-Python
          AZURECLI/2.0.24]
      accept-language: [en-US]
    method: PUT
    uri: https://management.azure.com/subscriptions/00000000-0000-0000-0000-000000000000/resourceGroups/clitest.rg000001/providers/microsoft.insights/activityLogAlerts/clialert000005?api-version=2017-04-01
  response:
    body: {string: !!python/unicode '{"id":"/subscriptions/00000000-0000-0000-0000-000000000000/resourceGroups/clitest.rg000001/providers/microsoft.insights/activityLogAlerts/clialert000005","type":"Microsoft.Insights/ActivityLogAlerts","name":"clialert000005","location":"Global","kind":null,"tags":{},"properties":{"scopes":["/subscriptions/00000000-0000-0000-0000-000000000000/resourceGroups/clitest.rg000001"],"condition":{"allOf":[{"field":"category","equals":"ServiceHealth","containsAny":null}]},"actions":{"actionGroups":[{"actionGroupId":"/subscriptions/00000000-0000-0000-0000-000000000000/resourceGroups/clitest.rg000001/providers/microsoft.insights/actionGroups/cliact000002","webhookProperties":{"purpose":"test"}},{"actionGroupId":"/subscriptions/00000000-0000-0000-0000-000000000000/resourceGroups/clitest.rg000001/providers/microsoft.insights/actionGroups/cliact000003","webhookProperties":null},{"actionGroupId":"/subscriptions/00000000-0000-0000-0000-000000000000/resourceGroups/clitest.rg000001/providers/microsoft.insights/actionGroups/cliact000004","webhookProperties":null}]},"enabled":true,"description":null},"identity":null}'}
    headers:
      cache-control: [no-cache]
      content-length: ['1503']
      content-type: [application/json; charset=utf-8]
      date: ['Fri, 22 Dec 2017 16:30:02 GMT']
      expires: ['-1']
      pragma: [no-cache]
      server: [Microsoft-IIS/8.5]
      strict-transport-security: [max-age=31536000; includeSubDomains]
      transfer-encoding: [chunked]
      vary: ['Accept-Encoding,Accept-Encoding']
      x-ms-ratelimit-remaining-subscription-writes: ['1197']
    status: {code: 200, message: OK}
- request:
    body: null
    headers:
      Accept: [application/json]
      Accept-Encoding: ['gzip, deflate']
      CommandName: [monitor activity-log alert action-group add]
      Connection: [keep-alive]
      Content-Type: [application/json; charset=utf-8]
      User-Agent: [python/2.7.12 (Darwin-17.2.0-x86_64-i386-64bit) requests/2.18.4
          msrest/0.4.22 msrest_azure/0.4.19 monitormanagementclient/0.4.0 Azure-SDK-For-Python
          AZURECLI/2.0.24]
      accept-language: [en-US]
    method: GET
    uri: https://management.azure.com/subscriptions/00000000-0000-0000-0000-000000000000/resourceGroups/clitest.rg000001/providers/microsoft.insights/activityLogAlerts/clialert000005?api-version=2017-04-01
  response:
    body: {string: !!python/unicode '{"id":"/subscriptions/00000000-0000-0000-0000-000000000000/resourceGroups/clitest.rg000001/providers/microsoft.insights/activityLogAlerts/clialert000005","type":"Microsoft.Insights/ActivityLogAlerts","name":"clialert000005","location":"Global","kind":null,"tags":{},"properties":{"scopes":["/subscriptions/00000000-0000-0000-0000-000000000000/resourceGroups/clitest.rg000001"],"condition":{"allOf":[{"field":"category","equals":"ServiceHealth","containsAny":null}]},"actions":{"actionGroups":[{"actionGroupId":"/subscriptions/00000000-0000-0000-0000-000000000000/resourceGroups/clitest.rg000001/providers/microsoft.insights/actionGroups/cliact000002","webhookProperties":{"purpose":"test"}},{"actionGroupId":"/subscriptions/00000000-0000-0000-0000-000000000000/resourceGroups/clitest.rg000001/providers/microsoft.insights/actionGroups/cliact000003","webhookProperties":null},{"actionGroupId":"/subscriptions/00000000-0000-0000-0000-000000000000/resourceGroups/clitest.rg000001/providers/microsoft.insights/actionGroups/cliact000004","webhookProperties":null}]},"enabled":true,"description":null},"identity":null}'}
    headers:
      cache-control: [no-cache]
      content-length: ['1503']
      content-type: [application/json; charset=utf-8]
      date: ['Fri, 22 Dec 2017 16:30:14 GMT']
      expires: ['-1']
      pragma: [no-cache]
      server: [Microsoft-IIS/8.5]
      strict-transport-security: [max-age=31536000; includeSubDomains]
      transfer-encoding: [chunked]
      vary: ['Accept-Encoding,Accept-Encoding']
    status: {code: 200, message: OK}
- request:
    body: null
    headers:
      Accept: [application/json]
      Accept-Encoding: ['gzip, deflate']
      CommandName: [monitor activity-log alert action-group remove]
      Connection: [keep-alive]
      Content-Type: [application/json; charset=utf-8]
      User-Agent: [python/2.7.12 (Darwin-17.2.0-x86_64-i386-64bit) requests/2.18.4
          msrest/0.4.22 msrest_azure/0.4.19 monitormanagementclient/0.4.0 Azure-SDK-For-Python
          AZURECLI/2.0.24]
      accept-language: [en-US]
    method: GET
    uri: https://management.azure.com/subscriptions/00000000-0000-0000-0000-000000000000/resourceGroups/clitest.rg000001/providers/microsoft.insights/activityLogAlerts/clialert000005?api-version=2017-04-01
  response:
    body: {string: !!python/unicode '{"id":"/subscriptions/00000000-0000-0000-0000-000000000000/resourceGroups/clitest.rg000001/providers/microsoft.insights/activityLogAlerts/clialert000005","type":"Microsoft.Insights/ActivityLogAlerts","name":"clialert000005","location":"Global","kind":null,"tags":{},"properties":{"scopes":["/subscriptions/00000000-0000-0000-0000-000000000000/resourceGroups/clitest.rg000001"],"condition":{"allOf":[{"field":"category","equals":"ServiceHealth","containsAny":null}]},"actions":{"actionGroups":[{"actionGroupId":"/subscriptions/00000000-0000-0000-0000-000000000000/resourceGroups/clitest.rg000001/providers/microsoft.insights/actionGroups/cliact000002","webhookProperties":{"purpose":"test"}},{"actionGroupId":"/subscriptions/00000000-0000-0000-0000-000000000000/resourceGroups/clitest.rg000001/providers/microsoft.insights/actionGroups/cliact000003","webhookProperties":null},{"actionGroupId":"/subscriptions/00000000-0000-0000-0000-000000000000/resourceGroups/clitest.rg000001/providers/microsoft.insights/actionGroups/cliact000004","webhookProperties":null}]},"enabled":true,"description":null},"identity":null}'}
    headers:
      cache-control: [no-cache]
      content-length: ['1503']
      content-type: [application/json; charset=utf-8]
      date: ['Fri, 22 Dec 2017 16:30:23 GMT']
      expires: ['-1']
      pragma: [no-cache]
      server: [Microsoft-IIS/8.5]
      strict-transport-security: [max-age=31536000; includeSubDomains]
      transfer-encoding: [chunked]
      vary: ['Accept-Encoding,Accept-Encoding']
    status: {code: 200, message: OK}
- request:
    body: !!python/unicode '{"location": "Global", "properties": {"scopes": ["/subscriptions/00000000-0000-0000-0000-000000000000/resourceGroups/clitest.rg000001"],
      "enabled": true, "condition": {"allOf": [{"field": "category", "equals": "ServiceHealth"}]},
      "actions": {"actionGroups": [{"actionGroupId": "/subscriptions/00000000-0000-0000-0000-000000000000/resourceGroups/clitest.rg000001/providers/microsoft.insights/actionGroups/cliact000003"},
      {"actionGroupId": "/subscriptions/00000000-0000-0000-0000-000000000000/resourceGroups/clitest.rg000001/providers/microsoft.insights/actionGroups/cliact000004"}]}},
      "tags": {}}'
    headers:
      Accept: [application/json]
      Accept-Encoding: ['gzip, deflate']
      CommandName: [monitor activity-log alert action-group remove]
      Connection: [keep-alive]
      Content-Length: ['812']
      Content-Type: [application/json; charset=utf-8]
      User-Agent: [python/2.7.12 (Darwin-17.2.0-x86_64-i386-64bit) requests/2.18.4
          msrest/0.4.22 msrest_azure/0.4.19 monitormanagementclient/0.4.0 Azure-SDK-For-Python
          AZURECLI/2.0.24]
      accept-language: [en-US]
    method: PUT
    uri: https://management.azure.com/subscriptions/00000000-0000-0000-0000-000000000000/resourceGroups/clitest.rg000001/providers/microsoft.insights/activityLogAlerts/clialert000005?api-version=2017-04-01
  response:
    body: {string: !!python/unicode '{"id":"/subscriptions/00000000-0000-0000-0000-000000000000/resourceGroups/clitest.rg000001/providers/microsoft.insights/activityLogAlerts/clialert000005","type":"Microsoft.Insights/ActivityLogAlerts","name":"clialert000005","location":"Global","kind":null,"tags":{},"properties":{"scopes":["/subscriptions/00000000-0000-0000-0000-000000000000/resourceGroups/clitest.rg000001"],"condition":{"allOf":[{"field":"category","equals":"ServiceHealth","containsAny":null}]},"actions":{"actionGroups":[{"actionGroupId":"/subscriptions/00000000-0000-0000-0000-000000000000/resourceGroups/clitest.rg000001/providers/microsoft.insights/actionGroups/cliact000003","webhookProperties":null},{"actionGroupId":"/subscriptions/00000000-0000-0000-0000-000000000000/resourceGroups/clitest.rg000001/providers/microsoft.insights/actionGroups/cliact000004","webhookProperties":null}]},"enabled":true,"description":null},"identity":null}'}
    headers:
      cache-control: [no-cache]
      content-length: ['1226']
      content-type: [application/json; charset=utf-8]
      date: ['Fri, 22 Dec 2017 16:30:32 GMT']
      expires: ['-1']
      pragma: [no-cache]
      server: [Microsoft-IIS/8.5]
      strict-transport-security: [max-age=31536000; includeSubDomains]
      transfer-encoding: [chunked]
      vary: ['Accept-Encoding,Accept-Encoding']
      x-ms-ratelimit-remaining-subscription-writes: ['1198']
    status: {code: 200, message: OK}
- request:
    body: null
    headers:
      Accept: [application/json]
      Accept-Encoding: ['gzip, deflate']
      CommandName: [monitor activity-log alert action-group remove]
      Connection: [keep-alive]
      Content-Type: [application/json; charset=utf-8]
      User-Agent: [python/2.7.12 (Darwin-17.2.0-x86_64-i386-64bit) requests/2.18.4
          msrest/0.4.22 msrest_azure/0.4.19 monitormanagementclient/0.4.0 Azure-SDK-For-Python
          AZURECLI/2.0.24]
      accept-language: [en-US]
    method: GET
    uri: https://management.azure.com/subscriptions/00000000-0000-0000-0000-000000000000/resourceGroups/clitest.rg000001/providers/microsoft.insights/activityLogAlerts/clialert000005?api-version=2017-04-01
  response:
    body: {string: !!python/unicode '{"id":"/subscriptions/00000000-0000-0000-0000-000000000000/resourceGroups/clitest.rg000001/providers/microsoft.insights/activityLogAlerts/clialert000005","type":"Microsoft.Insights/ActivityLogAlerts","name":"clialert000005","location":"Global","kind":null,"tags":{},"properties":{"scopes":["/subscriptions/00000000-0000-0000-0000-000000000000/resourceGroups/clitest.rg000001"],"condition":{"allOf":[{"field":"category","equals":"ServiceHealth","containsAny":null}]},"actions":{"actionGroups":[{"actionGroupId":"/subscriptions/00000000-0000-0000-0000-000000000000/resourceGroups/clitest.rg000001/providers/microsoft.insights/actionGroups/cliact000003","webhookProperties":null},{"actionGroupId":"/subscriptions/00000000-0000-0000-0000-000000000000/resourceGroups/clitest.rg000001/providers/microsoft.insights/actionGroups/cliact000004","webhookProperties":null}]},"enabled":true,"description":null},"identity":null}'}
    headers:
      cache-control: [no-cache]
      content-length: ['1226']
      content-type: [application/json; charset=utf-8]
      date: ['Fri, 22 Dec 2017 16:30:38 GMT']
      expires: ['-1']
      pragma: [no-cache]
      server: [Microsoft-IIS/8.5]
      strict-transport-security: [max-age=31536000; includeSubDomains]
      transfer-encoding: [chunked]
      vary: ['Accept-Encoding,Accept-Encoding']
    status: {code: 200, message: OK}
- request:
    body: !!python/unicode '{"location": "Global", "properties": {"scopes": ["/subscriptions/00000000-0000-0000-0000-000000000000/resourceGroups/clitest.rg000001"],
      "enabled": true, "condition": {"allOf": [{"field": "category", "equals": "ServiceHealth"}]},
      "actions": {"actionGroups": [{"actionGroupId": "/subscriptions/00000000-0000-0000-0000-000000000000/resourceGroups/clitest.rg000001/providers/microsoft.insights/actionGroups/cliact000003"},
      {"actionGroupId": "/subscriptions/00000000-0000-0000-0000-000000000000/resourceGroups/clitest.rg000001/providers/microsoft.insights/actionGroups/cliact000004"}]}},
      "tags": {}}'
    headers:
      Accept: [application/json]
      Accept-Encoding: ['gzip, deflate']
      CommandName: [monitor activity-log alert action-group remove]
      Connection: [keep-alive]
      Content-Length: ['812']
      Content-Type: [application/json; charset=utf-8]
      User-Agent: [python/2.7.12 (Darwin-17.2.0-x86_64-i386-64bit) requests/2.18.4
          msrest/0.4.22 msrest_azure/0.4.19 monitormanagementclient/0.4.0 Azure-SDK-For-Python
          AZURECLI/2.0.24]
      accept-language: [en-US]
    method: PUT
    uri: https://management.azure.com/subscriptions/00000000-0000-0000-0000-000000000000/resourceGroups/clitest.rg000001/providers/microsoft.insights/activityLogAlerts/clialert000005?api-version=2017-04-01
  response:
    body: {string: !!python/unicode '{"id":"/subscriptions/00000000-0000-0000-0000-000000000000/resourceGroups/clitest.rg000001/providers/microsoft.insights/activityLogAlerts/clialert000005","type":"Microsoft.Insights/ActivityLogAlerts","name":"clialert000005","location":"Global","kind":null,"tags":{},"properties":{"scopes":["/subscriptions/00000000-0000-0000-0000-000000000000/resourceGroups/clitest.rg000001"],"condition":{"allOf":[{"field":"category","equals":"ServiceHealth","containsAny":null}]},"actions":{"actionGroups":[{"actionGroupId":"/subscriptions/00000000-0000-0000-0000-000000000000/resourceGroups/clitest.rg000001/providers/microsoft.insights/actionGroups/cliact000003","webhookProperties":null},{"actionGroupId":"/subscriptions/00000000-0000-0000-0000-000000000000/resourceGroups/clitest.rg000001/providers/microsoft.insights/actionGroups/cliact000004","webhookProperties":null}]},"enabled":true,"description":null},"identity":null}'}
    headers:
      cache-control: [no-cache]
      content-length: ['1226']
      content-type: [application/json; charset=utf-8]
      date: ['Fri, 22 Dec 2017 16:30:42 GMT']
      expires: ['-1']
      pragma: [no-cache]
      server: [Microsoft-IIS/8.5]
      strict-transport-security: [max-age=31536000; includeSubDomains]
      transfer-encoding: [chunked]
      vary: ['Accept-Encoding,Accept-Encoding']
      x-ms-ratelimit-remaining-subscription-writes: ['1192']
    status: {code: 200, message: OK}
- request:
    body: null
    headers:
      Accept: [application/json]
      Accept-Encoding: ['gzip, deflate']
      CommandName: [monitor activity-log alert action-group remove]
      Connection: [keep-alive]
      Content-Type: [application/json; charset=utf-8]
      User-Agent: [python/2.7.12 (Darwin-17.2.0-x86_64-i386-64bit) requests/2.18.4
          msrest/0.4.22 msrest_azure/0.4.19 monitormanagementclient/0.4.0 Azure-SDK-For-Python
          AZURECLI/2.0.24]
      accept-language: [en-US]
    method: GET
    uri: https://management.azure.com/subscriptions/00000000-0000-0000-0000-000000000000/resourceGroups/clitest.rg000001/providers/microsoft.insights/activityLogAlerts/clialert000005?api-version=2017-04-01
  response:
    body: {string: !!python/unicode '{"id":"/subscriptions/00000000-0000-0000-0000-000000000000/resourceGroups/clitest.rg000001/providers/microsoft.insights/activityLogAlerts/clialert000005","type":"Microsoft.Insights/ActivityLogAlerts","name":"clialert000005","location":"Global","kind":null,"tags":{},"properties":{"scopes":["/subscriptions/00000000-0000-0000-0000-000000000000/resourceGroups/clitest.rg000001"],"condition":{"allOf":[{"field":"category","equals":"ServiceHealth","containsAny":null}]},"actions":{"actionGroups":[{"actionGroupId":"/subscriptions/00000000-0000-0000-0000-000000000000/resourceGroups/clitest.rg000001/providers/microsoft.insights/actionGroups/cliact000003","webhookProperties":null},{"actionGroupId":"/subscriptions/00000000-0000-0000-0000-000000000000/resourceGroups/clitest.rg000001/providers/microsoft.insights/actionGroups/cliact000004","webhookProperties":null}]},"enabled":true,"description":null},"identity":null}'}
    headers:
      cache-control: [no-cache]
      content-length: ['1226']
      content-type: [application/json; charset=utf-8]
      date: ['Fri, 22 Dec 2017 16:30:48 GMT']
      expires: ['-1']
      pragma: [no-cache]
      server: [Microsoft-IIS/8.5]
      strict-transport-security: [max-age=31536000; includeSubDomains]
      transfer-encoding: [chunked]
      vary: ['Accept-Encoding,Accept-Encoding']
    status: {code: 200, message: OK}
- request:
    body: !!python/unicode '{"location": "Global", "properties": {"scopes": ["/subscriptions/00000000-0000-0000-0000-000000000000/resourceGroups/clitest.rg000001"],
      "enabled": true, "condition": {"allOf": [{"field": "category", "equals": "ServiceHealth"}]},
      "actions": {"actionGroups": []}}, "tags": {}}'
    headers:
      Accept: [application/json]
      Accept-Encoding: ['gzip, deflate']
      CommandName: [monitor activity-log alert action-group remove]
      Connection: [keep-alive]
      Content-Length: ['334']
      Content-Type: [application/json; charset=utf-8]
      User-Agent: [python/2.7.12 (Darwin-17.2.0-x86_64-i386-64bit) requests/2.18.4
          msrest/0.4.22 msrest_azure/0.4.19 monitormanagementclient/0.4.0 Azure-SDK-For-Python
          AZURECLI/2.0.24]
      accept-language: [en-US]
    method: PUT
    uri: https://management.azure.com/subscriptions/00000000-0000-0000-0000-000000000000/resourceGroups/clitest.rg000001/providers/microsoft.insights/activityLogAlerts/clialert000005?api-version=2017-04-01
  response:
    body: {string: !!python/unicode '{"id":"/subscriptions/00000000-0000-0000-0000-000000000000/resourceGroups/clitest.rg000001/providers/microsoft.insights/activityLogAlerts/clialert000005","type":"Microsoft.Insights/ActivityLogAlerts","name":"clialert000005","location":"Global","kind":null,"tags":{},"properties":{"scopes":["/subscriptions/00000000-0000-0000-0000-000000000000/resourceGroups/clitest.rg000001"],"condition":{"allOf":[{"field":"category","equals":"ServiceHealth","containsAny":null}]},"actions":{"actionGroups":[]},"enabled":true,"description":null},"identity":null}'}
    headers:
      cache-control: [no-cache]
      content-length: ['701']
      content-type: [application/json; charset=utf-8]
      date: ['Fri, 22 Dec 2017 16:30:54 GMT']
      expires: ['-1']
      pragma: [no-cache]
      server: [Microsoft-IIS/8.5]
      strict-transport-security: [max-age=31536000; includeSubDomains]
      transfer-encoding: [chunked]
      vary: ['Accept-Encoding,Accept-Encoding']
      x-ms-ratelimit-remaining-subscription-writes: ['1198']
    status: {code: 200, message: OK}
- request:
    body: null
    headers:
      Accept: [application/json]
      Accept-Encoding: ['gzip, deflate']
      CommandName: [monitor activity-log alert delete]
      Connection: [keep-alive]
      Content-Length: ['0']
      Content-Type: [application/json; charset=utf-8]
      User-Agent: [python/2.7.12 (Darwin-17.2.0-x86_64-i386-64bit) requests/2.18.4
          msrest/0.4.22 msrest_azure/0.4.19 monitormanagementclient/0.4.0 Azure-SDK-For-Python
          AZURECLI/2.0.24]
      accept-language: [en-US]
    method: DELETE
    uri: https://management.azure.com/subscriptions/00000000-0000-0000-0000-000000000000/resourceGroups/clitest.rg000001/providers/microsoft.insights/activityLogAlerts/clialert000005?api-version=2017-04-01
  response:
    body: {string: !!python/unicode ''}
    headers:
      cache-control: [no-cache]
      content-length: ['0']
      date: ['Fri, 22 Dec 2017 16:31:03 GMT']
      expires: ['-1']
      pragma: [no-cache]
      server: [Microsoft-IIS/8.5]
      strict-transport-security: [max-age=31536000; includeSubDomains]
      x-ms-ratelimit-remaining-subscription-writes: ['1198']
    status: {code: 200, message: OK}
- request:
    body: null
    headers:
      Accept: [application/json]
      Accept-Encoding: ['gzip, deflate']
      CommandName: [monitor activity-log alert show]
      Connection: [keep-alive]
      Content-Type: [application/json; charset=utf-8]
      User-Agent: [python/2.7.12 (Darwin-17.2.0-x86_64-i386-64bit) requests/2.18.4
          msrest/0.4.22 msrest_azure/0.4.19 monitormanagementclient/0.4.0 Azure-SDK-For-Python
          AZURECLI/2.0.24]
      accept-language: [en-US]
    method: GET
    uri: https://management.azure.com/subscriptions/00000000-0000-0000-0000-000000000000/resourceGroups/clitest.rg000001/providers/microsoft.insights/activityLogAlerts/clialert000005?api-version=2017-04-01
  response:
    body: {string: !!python/unicode '{"error":{"code":"ResourceNotFound","message":"The
        Resource ''microsoft.insights/activityLogAlerts/clialert000005'' under resource
        group ''clitest.rg000001'' was not found."}}'}
    headers:
      cache-control: [no-cache]
      content-length: ['248']
      content-type: [application/json; charset=utf-8]
      date: ['Fri, 22 Dec 2017 16:31:10 GMT']
      expires: ['-1']
      pragma: [no-cache]
      strict-transport-security: [max-age=31536000; includeSubDomains]
      x-ms-failure-cause: [gateway]
    status: {code: 404, message: Not Found}
- request:
    body: null
    headers:
      Accept: [application/json]
      Accept-Encoding: ['gzip, deflate']
      CommandName: [group delete]
      Connection: [keep-alive]
      Content-Length: ['0']
      Content-Type: [application/json; charset=utf-8]
      User-Agent: [python/2.7.12 (Darwin-17.2.0-x86_64-i386-64bit) requests/2.18.4
          msrest/0.4.22 msrest_azure/0.4.19 resourcemanagementclient/1.2.1 Azure-SDK-For-Python
          AZURECLI/2.0.24]
      accept-language: [en-US]
    method: DELETE
    uri: https://management.azure.com/subscriptions/00000000-0000-0000-0000-000000000000/resourcegroups/clitest.rg000001?api-version=2017-05-10
  response:
    body: {string: !!python/unicode ''}
    headers:
      cache-control: [no-cache]
      content-length: ['0']
      date: ['Fri, 22 Dec 2017 16:31:21 GMT']
      expires: ['-1']
      location: ['https://management.azure.com/subscriptions/00000000-0000-0000-0000-000000000000/operationresults/eyJqb2JJZCI6IlJFU09VUkNFR1JPVVBERUxFVElPTkpPQi1DTElURVNUOjJFUkczN0dDU0ZYTEoyRUtWNlpBMldEWFFFSTZYTE5MM1lLRVJVUHxFMTQ0QjgxMEQ1QUIyODQ5LVNPVVRIQ0VOVFJBTFVTIiwiam9iTG9jYXRpb24iOiJzb3V0aGNlbnRyYWx1cyJ9?api-version=2017-05-10']
      pragma: [no-cache]
      strict-transport-security: [max-age=31536000; includeSubDomains]
      x-ms-ratelimit-remaining-subscription-writes: ['1197']
    status: {code: 202, message: Accepted}
version: 1
