interactions:
- request:
    body: '{"tags": {"use": "az-test"}, "location": "southcentralus"}'
    headers:
      Accept: [application/json]
      Accept-Encoding: ['gzip, deflate']
      CommandName: [group create]
      Connection: [keep-alive]
      Content-Length: ['58']
      Content-Type: [application/json; charset=utf-8]
      User-Agent: [python/3.5.3 (Windows-10-10.0.16299-SP0) requests/2.18.4 msrest/0.4.22
          msrest_azure/0.4.19 resourcemanagementclient/1.2.1 Azure-SDK-For-Python
          AZURECLI/2.0.24]
      accept-language: [en-US]
    method: PUT
    uri: https://management.azure.com/subscriptions/00000000-0000-0000-0000-000000000000/resourcegroups/clitest.rg000001?api-version=2017-05-10
  response:
    body: {string: '{"id":"/subscriptions/00000000-0000-0000-0000-000000000000/resourceGroups/clitest.rg000001","name":"clitest.rg000001","location":"southcentralus","tags":{"use":"az-test"},"properties":{"provisioningState":"Succeeded"}}'}
    headers:
      cache-control: [no-cache]
      content-length: ['336']
      content-type: [application/json; charset=utf-8]
      date: ['Wed, 20 Dec 2017 00:27:20 GMT']
      expires: ['-1']
      pragma: [no-cache]
      strict-transport-security: [max-age=31536000; includeSubDomains]
      x-ms-ratelimit-remaining-subscription-writes: ['1199']
    status: {code: 201, message: Created}
- request:
    body: '{"kind": "Storage", "sku": {"name": "Standard_LRS"}, "location": "westus",
      "properties": {"supportsHttpsTrafficOnly": false}}'
    headers:
      Accept: [application/json]
      Accept-Encoding: ['gzip, deflate']
      CommandName: [storage account create]
      Connection: [keep-alive]
      Content-Length: ['125']
      Content-Type: [application/json; charset=utf-8]
      User-Agent: [python/3.5.3 (Windows-10-10.0.16299-SP0) requests/2.18.4 msrest/0.4.22
          msrest_azure/0.4.19 azure-mgmt-storage/1.5.0 Azure-SDK-For-Python AZURECLI/2.0.24]
      accept-language: [en-US]
    method: PUT
    uri: https://management.azure.com/subscriptions/00000000-0000-0000-0000-000000000000/resourceGroups/clitest.rg000001/providers/Microsoft.Storage/storageAccounts/clitest000002?api-version=2017-10-01
  response:
    body: {string: ''}
    headers:
      cache-control: [no-cache]
      content-length: ['0']
      date: ['Wed, 20 Dec 2017 00:27:22 GMT']
      expires: ['-1']
      location: ['https://management.azure.com/subscriptions/00000000-0000-0000-0000-000000000000/providers/Microsoft.Storage/locations/westus/asyncoperations/c12f2596-c634-4e84-9eba-58323f5c47fb?monitor=true&api-version=2017-10-01']
      pragma: [no-cache]
      server: [Microsoft-Azure-Storage-Resource-Provider/1.0, Microsoft-HTTPAPI/2.0]
      strict-transport-security: [max-age=31536000; includeSubDomains]
      x-ms-ratelimit-remaining-subscription-writes: ['1197']
    status: {code: 202, message: Accepted}
- request:
    body: null
    headers:
      Accept: [application/json]
      Accept-Encoding: ['gzip, deflate']
      CommandName: [storage account create]
      Connection: [keep-alive]
      Content-Type: [application/json; charset=utf-8]
      User-Agent: [python/3.5.3 (Windows-10-10.0.16299-SP0) requests/2.18.4 msrest/0.4.22
          msrest_azure/0.4.19 azure-mgmt-storage/1.5.0 Azure-SDK-For-Python AZURECLI/2.0.24]
      accept-language: [en-US]
    method: GET
    uri: https://management.azure.com/subscriptions/00000000-0000-0000-0000-000000000000/providers/Microsoft.Storage/locations/westus/asyncoperations/c12f2596-c634-4e84-9eba-58323f5c47fb?monitor=true&api-version=2017-10-01
  response:
    body: {string: '{"id":"/subscriptions/00000000-0000-0000-0000-000000000000/resourceGroups/clitest.rg000001/providers/Microsoft.Storage/storageAccounts/clitest000002","kind":"Storage","location":"westus","name":"clitest000002","properties":{"creationTime":"2017-12-20T00:27:22.8519355Z","encryption":{"keySource":"Microsoft.Storage","services":{"blob":{"enabled":true,"lastEnabledTime":"2017-12-20T00:27:22.8539341Z"},"file":{"enabled":true,"lastEnabledTime":"2017-12-20T00:27:22.8539341Z"}}},"networkAcls":{"bypass":"AzureServices","defaultAction":"Allow","ipRules":[],"virtualNetworkRules":[]},"primaryEndpoints":{"blob":"https://clitest000002.blob.core.windows.net/","file":"https://clitest000002.file.core.windows.net/","queue":"https://clitest000002.queue.core.windows.net/","table":"https://clitest000002.table.core.windows.net/"},"primaryLocation":"westus","provisioningState":"Succeeded","statusOfPrimary":"available","supportsHttpsTrafficOnly":false},"sku":{"name":"Standard_LRS","tier":"Standard"},"tags":{},"type":"Microsoft.Storage/storageAccounts"}

        '}
    headers:
      cache-control: [no-cache]
      content-length: ['1170']
      content-type: [application/json]
      date: ['Wed, 20 Dec 2017 00:27:39 GMT']
      expires: ['-1']
      pragma: [no-cache]
      server: [Microsoft-Azure-Storage-Resource-Provider/1.0, Microsoft-HTTPAPI/2.0]
      strict-transport-security: [max-age=31536000; includeSubDomains]
      transfer-encoding: [chunked]
      vary: [Accept-Encoding]
    status: {code: 200, message: OK}
- request:
    body: null
    headers:
      Accept: [application/json]
      Accept-Encoding: ['gzip, deflate']
      CommandName: [storage account keys list]
      Connection: [keep-alive]
      Content-Length: ['0']
      Content-Type: [application/json; charset=utf-8]
      User-Agent: [python/3.5.3 (Windows-10-10.0.16299-SP0) requests/2.18.4 msrest/0.4.22
          msrest_azure/0.4.19 azure-mgmt-storage/1.5.0 Azure-SDK-For-Python AZURECLI/2.0.24]
      accept-language: [en-US]
    method: POST
    uri: https://management.azure.com/subscriptions/00000000-0000-0000-0000-000000000000/resourceGroups/clitest.rg000001/providers/Microsoft.Storage/storageAccounts/clitest000002/listKeys?api-version=2017-10-01
  response:
    body: {string: '{"keys":[{"keyName":"key1","permissions":"Full","value":"5dQq6UyXvdtmxuMT5upvgtpcT0Cz50V+3d6wrzjmZ+11vcrt+tewD75+dbjOZlFgmBan3zO9XzqVsw0ejIMOSw=="},{"keyName":"key2","permissions":"Full","value":"btm0ETzQrntuV3ccJo2w70lmvvoK5Ylh3VpV9P1P0XA4vGwsdGKphx1zow1Jr9NQKpRpOuVDEL+/xXI21glGWA=="}]}

        '}
    headers:
      cache-control: [no-cache]
      content-length: ['289']
      content-type: [application/json]
      date: ['Wed, 20 Dec 2017 00:27:44 GMT']
      expires: ['-1']
      pragma: [no-cache]
      server: [Microsoft-Azure-Storage-Resource-Provider/1.0, Microsoft-HTTPAPI/2.0]
      strict-transport-security: [max-age=31536000; includeSubDomains]
      transfer-encoding: [chunked]
      vary: [Accept-Encoding]
      x-ms-ratelimit-remaining-subscription-writes: ['1193']
    status: {code: 200, message: OK}
- request:
    body: null
    headers:
      Accept: [application/json]
      Accept-Encoding: ['gzip, deflate']
      CommandName: [storage account show]
      Connection: [keep-alive]
      Content-Type: [application/json; charset=utf-8]
      User-Agent: [python/3.5.3 (Windows-10-10.0.16299-SP0) requests/2.18.4 msrest/0.4.22
          msrest_azure/0.4.19 azure-mgmt-storage/1.5.0 Azure-SDK-For-Python AZURECLI/2.0.24]
      accept-language: [en-US]
    method: GET
    uri: https://management.azure.com/subscriptions/00000000-0000-0000-0000-000000000000/resourceGroups/clitest.rg000001/providers/Microsoft.Storage/storageAccounts/clitest000002?api-version=2017-10-01
  response:
    body: {string: '{"id":"/subscriptions/00000000-0000-0000-0000-000000000000/resourceGroups/clitest.rg000001/providers/Microsoft.Storage/storageAccounts/clitest000002","kind":"Storage","location":"westus","name":"clitest000002","properties":{"creationTime":"2017-12-20T00:27:22.8519355Z","encryption":{"keySource":"Microsoft.Storage","services":{"blob":{"enabled":true,"lastEnabledTime":"2017-12-20T00:27:22.8539341Z"},"file":{"enabled":true,"lastEnabledTime":"2017-12-20T00:27:22.8539341Z"}}},"networkAcls":{"bypass":"AzureServices","defaultAction":"Allow","ipRules":[],"virtualNetworkRules":[]},"primaryEndpoints":{"blob":"https://clitest000002.blob.core.windows.net/","file":"https://clitest000002.file.core.windows.net/","queue":"https://clitest000002.queue.core.windows.net/","table":"https://clitest000002.table.core.windows.net/"},"primaryLocation":"westus","provisioningState":"Succeeded","statusOfPrimary":"available","supportsHttpsTrafficOnly":false},"sku":{"name":"Standard_LRS","tier":"Standard"},"tags":{},"type":"Microsoft.Storage/storageAccounts"}

        '}
    headers:
      cache-control: [no-cache]
      content-length: ['1170']
      content-type: [application/json]
      date: ['Wed, 20 Dec 2017 00:27:46 GMT']
      expires: ['-1']
      pragma: [no-cache]
      server: [Microsoft-Azure-Storage-Resource-Provider/1.0, Microsoft-HTTPAPI/2.0]
      strict-transport-security: [max-age=31536000; includeSubDomains]
      transfer-encoding: [chunked]
      vary: [Accept-Encoding]
    status: {code: 200, message: OK}
- request:
    body: null
    headers:
      Accept: [application/json]
      Accept-Encoding: ['gzip, deflate']
      CommandName: [monitor metrics list-definitions]
      Connection: [keep-alive]
      Content-Type: [application/json; charset=utf-8]
      User-Agent: [python/3.5.3 (Windows-10-10.0.16299-SP0) requests/2.18.4 msrest/0.4.22
          msrest_azure/0.4.19 monitormanagementclient/0.4.0 Azure-SDK-For-Python AZURECLI/2.0.24]
      accept-language: [en-US]
    method: GET
    uri: https://management.azure.com/subscriptions/00000000-0000-0000-0000-000000000000/resourceGroups/clitest.rg000001/providers/Microsoft.Storage/storageAccounts/clitest000002/providers/microsoft.insights/metricDefinitions?api-version=2017-05-01-preview
  response:
    body: {string: '{"value":[{"id":"/subscriptions/00000000-0000-0000-0000-000000000000/resourceGroups/clitest.rg000001/providers/Microsoft.Storage/storageAccounts/clitest000002/providers/microsoft.insights/metricdefinitions/UsedCapacity","resourceId":"/subscriptions/00000000-0000-0000-0000-000000000000/resourceGroups/clitest.rg000001/providers/Microsoft.Storage/storageAccounts/clitest000002","category":"Capacity","name":{"value":"UsedCapacity","localizedValue":"Used
        capacity"},"isDimensionRequired":false,"unit":"Bytes","primaryAggregationType":"Average","metricAvailabilities":[{"timeGrain":"PT1M","retention":"P93D"},{"timeGrain":"PT1H","retention":"P93D"}]},{"id":"/subscriptions/00000000-0000-0000-0000-000000000000/resourceGroups/clitest.rg000001/providers/Microsoft.Storage/storageAccounts/clitest000002/providers/microsoft.insights/metricdefinitions/Transactions","resourceId":"/subscriptions/00000000-0000-0000-0000-000000000000/resourceGroups/clitest.rg000001/providers/Microsoft.Storage/storageAccounts/clitest000002","category":"Transaction","name":{"value":"Transactions","localizedValue":"Transactions"},"isDimensionRequired":false,"unit":"Count","primaryAggregationType":"Total","metricAvailabilities":[{"timeGrain":"PT1M","retention":"P93D"},{"timeGrain":"PT1H","retention":"P93D"}],"dimensions":[{"value":"ResponseType","localizedValue":"Response
        type"},{"value":"GeoType","localizedValue":"Geo type"},{"value":"ApiName","localizedValue":"API
        name"}]},{"id":"/subscriptions/00000000-0000-0000-0000-000000000000/resourceGroups/clitest.rg000001/providers/Microsoft.Storage/storageAccounts/clitest000002/providers/microsoft.insights/metricdefinitions/Ingress","resourceId":"/subscriptions/00000000-0000-0000-0000-000000000000/resourceGroups/clitest.rg000001/providers/Microsoft.Storage/storageAccounts/clitest000002","category":"Transaction","name":{"value":"Ingress","localizedValue":"Ingress"},"isDimensionRequired":false,"unit":"Bytes","primaryAggregationType":"Total","metricAvailabilities":[{"timeGrain":"PT1M","retention":"P93D"},{"timeGrain":"PT1H","retention":"P93D"}],"dimensions":[{"value":"GeoType","localizedValue":"Geo
        type"},{"value":"ApiName","localizedValue":"API name"}]},{"id":"/subscriptions/00000000-0000-0000-0000-000000000000/resourceGroups/clitest.rg000001/providers/Microsoft.Storage/storageAccounts/clitest000002/providers/microsoft.insights/metricdefinitions/Egress","resourceId":"/subscriptions/00000000-0000-0000-0000-000000000000/resourceGroups/clitest.rg000001/providers/Microsoft.Storage/storageAccounts/clitest000002","category":"Transaction","name":{"value":"Egress","localizedValue":"Egress"},"isDimensionRequired":false,"unit":"Bytes","primaryAggregationType":"Total","metricAvailabilities":[{"timeGrain":"PT1M","retention":"P93D"},{"timeGrain":"PT1H","retention":"P93D"}],"dimensions":[{"value":"GeoType","localizedValue":"Geo
        type"},{"value":"ApiName","localizedValue":"API name"}]},{"id":"/subscriptions/00000000-0000-0000-0000-000000000000/resourceGroups/clitest.rg000001/providers/Microsoft.Storage/storageAccounts/clitest000002/providers/microsoft.insights/metricdefinitions/SuccessServerLatency","resourceId":"/subscriptions/00000000-0000-0000-0000-000000000000/resourceGroups/clitest.rg000001/providers/Microsoft.Storage/storageAccounts/clitest000002","category":"Transaction","name":{"value":"SuccessServerLatency","localizedValue":"Success
        Server Latency"},"isDimensionRequired":false,"unit":"MilliSeconds","primaryAggregationType":"Average","metricAvailabilities":[{"timeGrain":"PT1M","retention":"P93D"},{"timeGrain":"PT1H","retention":"P93D"}],"dimensions":[{"value":"GeoType","localizedValue":"Geo
        type"},{"value":"ApiName","localizedValue":"API name"}]},{"id":"/subscriptions/00000000-0000-0000-0000-000000000000/resourceGroups/clitest.rg000001/providers/Microsoft.Storage/storageAccounts/clitest000002/providers/microsoft.insights/metricdefinitions/SuccessE2ELatency","resourceId":"/subscriptions/00000000-0000-0000-0000-000000000000/resourceGroups/clitest.rg000001/providers/Microsoft.Storage/storageAccounts/clitest000002","category":"Transaction","name":{"value":"SuccessE2ELatency","localizedValue":"Success
        E2E Latency"},"isDimensionRequired":false,"unit":"MilliSeconds","primaryAggregationType":"Average","metricAvailabilities":[{"timeGrain":"PT1M","retention":"P93D"},{"timeGrain":"PT1H","retention":"P93D"}],"dimensions":[{"value":"GeoType","localizedValue":"Geo
        type"},{"value":"ApiName","localizedValue":"API name"}]},{"id":"/subscriptions/00000000-0000-0000-0000-000000000000/resourceGroups/clitest.rg000001/providers/Microsoft.Storage/storageAccounts/clitest000002/providers/microsoft.insights/metricdefinitions/Availability","resourceId":"/subscriptions/00000000-0000-0000-0000-000000000000/resourceGroups/clitest.rg000001/providers/Microsoft.Storage/storageAccounts/clitest000002","category":"Transaction","name":{"value":"Availability","localizedValue":"Availability"},"isDimensionRequired":false,"unit":"Percent","primaryAggregationType":"Average","metricAvailabilities":[{"timeGrain":"PT1M","retention":"P93D"},{"timeGrain":"PT1H","retention":"P93D"}],"dimensions":[{"value":"GeoType","localizedValue":"Geo
        type"},{"value":"ApiName","localizedValue":"API name"}]}]}'}
    headers:
      __handlingserverid__: [shoeboxproxyprod_shoeboxproxyprod-black_MetricsMP_IN_0]
      cache-control: [no-cache]
      content-length: ['6213']
      content-type: [application/json]
      date: ['Wed, 20 Dec 2017 00:27:48 GMT']
      server: [Microsoft-IIS/8.5]
      strict-transport-security: [max-age=31536000; includeSubDomains]
      transfer-encoding: [chunked]
      vary: ['Accept-Encoding,Accept-Encoding']
      x-powered-by: [ASP.NET]
    status: {code: 200, message: OK}
- request:
    body: null
    headers:
      Accept: [application/json]
      Accept-Encoding: ['gzip, deflate']
      CommandName: [group delete]
      Connection: [keep-alive]
      Content-Length: ['0']
      Content-Type: [application/json; charset=utf-8]
      User-Agent: [python/3.5.3 (Windows-10-10.0.16299-SP0) requests/2.18.4 msrest/0.4.22
          msrest_azure/0.4.19 resourcemanagementclient/1.2.1 Azure-SDK-For-Python
          AZURECLI/2.0.24]
      accept-language: [en-US]
    method: DELETE
    uri: https://management.azure.com/subscriptions/00000000-0000-0000-0000-000000000000/resourcegroups/clitest.rg000001?api-version=2017-05-10
  response:
    body: {string: ''}
    headers:
      cache-control: [no-cache]
      content-length: ['0']
      date: ['Wed, 20 Dec 2017 00:27:50 GMT']
      expires: ['-1']
      location: ['https://management.azure.com/subscriptions/00000000-0000-0000-0000-000000000000/operationresults/eyJqb2JJZCI6IlJFU09VUkNFR1JPVVBERUxFVElPTkpPQi1DTElURVNUOjJFUkdMNkU3RlBWRzNSTTZMTURBUEpINE9QQ1k1RU5XUlQ2Wk9PU3wyRDUxNUU2QzA0QjUwOThELVNPVVRIQ0VOVFJBTFVTIiwiam9iTG9jYXRpb24iOiJzb3V0aGNlbnRyYWx1cyJ9?api-version=2017-05-10']
      pragma: [no-cache]
      strict-transport-security: [max-age=31536000; includeSubDomains]
      x-ms-ratelimit-remaining-subscription-writes: ['1194']
    status: {code: 202, message: Accepted}
version: 1
