interactions:
- request:
    body: '{"tags": {"use": "az-test"}, "location": "westus"}'
    headers:
      Accept: [application/json]
      Accept-Encoding: ['gzip, deflate']
      CommandName: [group create]
      Connection: [keep-alive]
      Content-Length: ['50']
      Content-Type: [application/json; charset=utf-8]
      User-Agent: [python/3.5.2 (Windows-10-10.0.14393-SP0) requests/2.9.1 msrest/0.4.11
          msrest_azure/0.4.11 resourcemanagementclient/1.1.0 Azure-SDK-For-Python
          AZURECLI/2.0.10+dev]
      accept-language: [en-US]
    method: PUT
    uri: https://management.azure.com/subscriptions/00000000-0000-0000-0000-000000000000/resourcegroups/cli_test_monitor000001?api-version=2017-05-10
  response:
    body: {string: '{"id":"/subscriptions/00000000-0000-0000-0000-000000000000/resourceGroups/cli_test_monitor000001","name":"cli_test_monitor000001","location":"westus","tags":{"use":"az-test"},"properties":{"provisioningState":"Succeeded"}}'}
    headers:
      cache-control: [no-cache]
      content-length: ['328']
      content-type: [application/json; charset=utf-8]
      date: ['Sat, 01 Jul 2017 04:52:53 GMT']
      expires: ['-1']
      pragma: [no-cache]
      strict-transport-security: [max-age=31536000; includeSubDomains]
      x-ms-ratelimit-remaining-subscription-writes: ['1190']
    status: {code: 201, message: Created}
- request:
    body: null
    headers:
      Accept: [application/json]
      Accept-Encoding: ['gzip, deflate']
      CommandName: [vm create]
      Connection: [keep-alive]
      Content-Type: [application/json; charset=utf-8]
      User-Agent: [python/3.5.2 (Windows-10-10.0.14393-SP0) requests/2.9.1 msrest/0.4.11
          msrest_azure/0.4.11 resourcemanagementclient/1.1.0 Azure-SDK-For-Python
          AZURECLI/2.0.10+dev]
      accept-language: [en-US]
    method: GET
    uri: https://management.azure.com/subscriptions/00000000-0000-0000-0000-000000000000/resourcegroups/cli_test_monitor000001?api-version=2017-05-10
  response:
    body: {string: '{"id":"/subscriptions/00000000-0000-0000-0000-000000000000/resourceGroups/cli_test_monitor000001","name":"cli_test_monitor000001","location":"westus","tags":{"use":"az-test"},"properties":{"provisioningState":"Succeeded"}}'}
    headers:
      cache-control: [no-cache]
      content-length: ['328']
      content-type: [application/json; charset=utf-8]
      date: ['Sat, 01 Jul 2017 04:52:53 GMT']
      expires: ['-1']
      pragma: [no-cache]
      strict-transport-security: [max-age=31536000; includeSubDomains]
      vary: [Accept-Encoding]
    status: {code: 200, message: OK}
- request:
    body: null
    headers:
      Connection: [close]
      Host: [raw.githubusercontent.com]
      User-Agent: [Python-urllib/3.5]
    method: GET
    uri: https://raw.githubusercontent.com/Azure/azure-rest-api-specs/master/arm-compute/quickstart-templates/aliases.json
  response:
    body: {string: "{\n  \"$schema\":\"http://schema.management.azure.com/schemas/2015-01-01/deploymentTemplate.json\"\
        ,\n  \"contentVersion\":\"1.0.0.0\",\n  \"parameters\":{},\n  \"variables\"\
        :{},\n  \"resources\":[],\n\n  \"outputs\":{\n    \"aliases\":{\n      \"\
        type\":\"object\",\n      \"value\":{\n\n        \"Linux\":{\n          \"\
        CentOS\":{\n            \"publisher\":\"OpenLogic\",\n            \"offer\"\
        :\"CentOS\",\n            \"sku\":\"7.3\",\n            \"version\":\"latest\"\
        \n          },\n          \"CoreOS\":{\n            \"publisher\":\"CoreOS\"\
        ,\n            \"offer\":\"CoreOS\",\n            \"sku\":\"Stable\",\n  \
        \          \"version\":\"latest\"\n          },\n          \"Debian\":{\n\
        \            \"publisher\":\"credativ\",\n            \"offer\":\"Debian\"\
        ,\n            \"sku\":\"8\",\n            \"version\":\"latest\"\n      \
        \    },\n          \"openSUSE-Leap\": {\n            \"publisher\":\"SUSE\"\
        ,\n            \"offer\":\"openSUSE-Leap\",\n            \"sku\":\"42.2\"\
        ,\n            \"version\": \"latest\"\n          },\n          \"RHEL\":{\n\
        \            \"publisher\":\"RedHat\",\n            \"offer\":\"RHEL\",\n\
        \            \"sku\":\"7.3\",\n            \"version\":\"latest\"\n      \
        \    },\n          \"SLES\":{\n            \"publisher\":\"SUSE\",\n     \
        \       \"offer\":\"SLES\",\n            \"sku\":\"12-SP2\",\n           \
        \ \"version\":\"latest\"\n          },\n          \"UbuntuLTS\":{\n      \
        \      \"publisher\":\"Canonical\",\n            \"offer\":\"UbuntuServer\"\
        ,\n            \"sku\":\"16.04-LTS\",\n            \"version\":\"latest\"\n\
        \          }\n        },\n\n        \"Windows\":{\n          \"Win2016Datacenter\"\
        :{\n            \"publisher\":\"MicrosoftWindowsServer\",\n            \"\
        offer\":\"WindowsServer\",\n            \"sku\":\"2016-Datacenter\",\n   \
        \         \"version\":\"latest\"\n          },\n          \"Win2012R2Datacenter\"\
        :{\n            \"publisher\":\"MicrosoftWindowsServer\",\n            \"\
        offer\":\"WindowsServer\",\n            \"sku\":\"2012-R2-Datacenter\",\n\
        \            \"version\":\"latest\"\n          },\n          \"Win2012Datacenter\"\
        :{\n            \"publisher\":\"MicrosoftWindowsServer\",\n            \"\
        offer\":\"WindowsServer\",\n            \"sku\":\"2012-Datacenter\",\n   \
        \         \"version\":\"latest\"\n          },\n          \"Win2008R2SP1\"\
        :{\n            \"publisher\":\"MicrosoftWindowsServer\",\n            \"\
        offer\":\"WindowsServer\",\n            \"sku\":\"2008-R2-SP1\",\n       \
        \     \"version\":\"latest\"\n          }\n        }\n      }\n    }\n  }\n\
        }\n"}
    headers:
      accept-ranges: [bytes]
      access-control-allow-origin: ['*']
      cache-control: [max-age=300]
      connection: [close]
      content-length: ['2235']
      content-security-policy: [default-src 'none'; style-src 'unsafe-inline']
      content-type: [text/plain; charset=utf-8]
      date: ['Sat, 01 Jul 2017 04:52:54 GMT']
      etag: ['"d6824855d13e27c5258a680eb60f635d088fd05e"']
      expires: ['Sat, 01 Jul 2017 04:57:54 GMT']
      source-age: ['0']
      strict-transport-security: [max-age=31536000]
      vary: ['Authorization,Accept-Encoding, Accept-Encoding']
      via: [1.1 varnish]
      x-cache: [MISS]
      x-cache-hits: ['0']
      x-content-type-options: [nosniff]
      x-fastly-request-id: [194c2c46d0a009159fd2f0ad980202eb47897728]
      x-frame-options: [deny]
      x-geo-block-list: ['']
      x-github-request-id: ['7328:C293:CD5A1:E0419:59572AA5']
      x-served-by: [cache-sjc3122-SJC]
      x-timer: ['S1498884774.032914,VS0,VE117']
      x-xss-protection: [1; mode=block]
    status: {code: 200, message: OK}
- request:
    body: null
    headers:
      Accept: [application/json]
      Accept-Encoding: ['gzip, deflate']
      CommandName: [vm create]
      Connection: [keep-alive]
      Content-Type: [application/json; charset=utf-8]
      User-Agent: [python/3.5.2 (Windows-10-10.0.14393-SP0) requests/2.9.1 msrest/0.4.11
          msrest_azure/0.4.11 networkmanagementclient/1.1.0 Azure-SDK-For-Python AZURECLI/2.0.10+dev]
      accept-language: [en-US]
    method: GET
    uri: https://management.azure.com/subscriptions/00000000-0000-0000-0000-000000000000/resourceGroups/cli_test_monitor000001/providers/Microsoft.Network/virtualNetworks?api-version=2017-06-01
  response:
    body: {string: '{"value":[]}'}
    headers:
      cache-control: [no-cache]
      content-length: ['12']
      content-type: [application/json; charset=utf-8]
      date: ['Sat, 01 Jul 2017 04:52:54 GMT']
      expires: ['-1']
      pragma: [no-cache]
      strict-transport-security: [max-age=31536000; includeSubDomains]
      vary: [Accept-Encoding]
    status: {code: 200, message: OK}
- request:
    body: 'b''{"properties": {"mode": "Incremental", "parameters": {}, "template":
      {"$schema": "https://schema.management.azure.com/schemas/2015-01-01/deploymentTemplate.json#",
      "resources": [{"name": "vm1VNET", "type": "Microsoft.Network/virtualNetworks",
      "properties": {"addressSpace": {"addressPrefixes": ["10.0.0.0/16"]}, "subnets":
      [{"name": "vm1Subnet", "properties": {"addressPrefix": "10.0.0.0/24"}}]}, "tags":
      {}, "apiVersion": "2015-06-15", "dependsOn": [], "location": "westus"}, {"name":
      "vm1NSG", "type": "Microsoft.Network/networkSecurityGroups", "properties": {"securityRules":
      [{"name": "default-allow-ssh", "properties": {"priority": 1000, "protocol":
      "Tcp", "destinationPortRange": "22", "sourcePortRange": "*", "sourceAddressPrefix":
      "*", "destinationAddressPrefix": "*", "direction": "Inbound", "access": "Allow"}}]},
      "tags": {}, "apiVersion": "2015-06-15", "dependsOn": [], "location": "westus"},
      {"name": "vm1PublicIP", "type": "Microsoft.Network/publicIPAddresses", "properties":
      {"publicIPAllocationMethod": "dynamic"}, "tags": {}, "apiVersion": "2015-06-15",
      "dependsOn": [], "location": "westus"}, {"name": "vm1VMNic", "type": "Microsoft.Network/networkInterfaces",
      "properties": {"ipConfigurations": [{"name": "ipconfigvm1", "properties": {"privateIPAllocationMethod":
      "Dynamic", "publicIPAddress": {"id": "/subscriptions/0b1f6471-1bf0-4dda-aec3-cb9272f09590/resourceGroups/cli_test_monitor000001/providers/Microsoft.Network/publicIPAddresses/vm1PublicIP"},
      "subnet": {"id": "/subscriptions/0b1f6471-1bf0-4dda-aec3-cb9272f09590/resourceGroups/cli_test_monitor000001/providers/Microsoft.Network/virtualNetworks/vm1VNET/subnets/vm1Subnet"}}}],
      "networkSecurityGroup": {"id": "/subscriptions/0b1f6471-1bf0-4dda-aec3-cb9272f09590/resourceGroups/cli_test_monitor000001/providers/Microsoft.Network/networkSecurityGroups/vm1NSG"}},
      "tags": {}, "apiVersion": "2015-06-15", "dependsOn": ["Microsoft.Network/virtualNetworks/vm1VNET",
      "Microsoft.Network/networkSecurityGroups/vm1NSG", "Microsoft.Network/publicIpAddresses/vm1PublicIP"],
      "location": "westus"}, {"name": "vm1", "type": "Microsoft.Compute/virtualMachines",
      "properties": {"networkProfile": {"networkInterfaces": [{"id": "/subscriptions/0b1f6471-1bf0-4dda-aec3-cb9272f09590/resourceGroups/cli_test_monitor000001/providers/Microsoft.Network/networkInterfaces/vm1VMNic"}]},
      "hardwareProfile": {"vmSize": "Standard_DS1_v2"}, "osProfile": {"computerName":
      "vm1", "adminPassword": "TestPassword11!!", "adminUsername": "testadmin"}, "storageProfile":
      {"osDisk": {"caching": null, "name": "osdisk_88eb056060", "createOption": "fromImage",
      "managedDisk": {"storageAccountType": "Premium_LRS"}}, "imageReference": {"offer":
      "UbuntuServer", "version": "latest", "publisher": "Canonical", "sku": "16.04-LTS"}}},
      "tags": {}, "apiVersion": "2017-03-30", "dependsOn": ["Microsoft.Network/networkInterfaces/vm1VMNic"],
      "location": "westus"}], "parameters": {}, "variables": {}, "contentVersion":
      "1.0.0.0", "outputs": {}}}}'''
    headers:
      Accept: [application/json]
      Accept-Encoding: ['gzip, deflate']
      CommandName: [vm create]
      Connection: [keep-alive]
      Content-Length: ['3185']
      Content-Type: [application/json; charset=utf-8]
      User-Agent: [python/3.5.2 (Windows-10-10.0.14393-SP0) requests/2.9.1 msrest/0.4.11
          msrest_azure/0.4.11 resourcemanagementclient/1.1.0 Azure-SDK-For-Python
          AZURECLI/2.0.10+dev]
      accept-language: [en-US]
    method: PUT
    uri: https://management.azure.com/subscriptions/00000000-0000-0000-0000-000000000000/resourcegroups/cli_test_monitor000001/providers/Microsoft.Resources/deployments/mock-deployment?api-version=2017-05-10
  response:
    body: {string: '{"id":"/subscriptions/00000000-0000-0000-0000-000000000000/resourceGroups/cli_test_monitor000001/providers/Microsoft.Resources/deployments/vm_deploy_cY5HIyeSe42Hb8b7ZIuCnXR0Ak8Bjd4v","name":"vm_deploy_cY5HIyeSe42Hb8b7ZIuCnXR0Ak8Bjd4v","properties":{"templateHash":"15034467372687535226","parameters":{},"mode":"Incremental","provisioningState":"Accepted","timestamp":"2017-07-01T04:52:56.498894Z","duration":"PT0.6868369S","correlationId":"9c22265b-3fc0-4fd2-bb5c-bcbb516abda6","providers":[{"namespace":"Microsoft.Network","resourceTypes":[{"resourceType":"virtualNetworks","locations":["westus"]},{"resourceType":"networkSecurityGroups","locations":["westus"]},{"resourceType":"publicIPAddresses","locations":["westus"]},{"resourceType":"networkInterfaces","locations":["westus"]}]},{"namespace":"Microsoft.Compute","resourceTypes":[{"resourceType":"virtualMachines","locations":["westus"]}]}],"dependencies":[{"dependsOn":[{"id":"/subscriptions/00000000-0000-0000-0000-000000000000/resourceGroups/cli_test_monitor000001/providers/Microsoft.Network/virtualNetworks/vm1VNET","resourceType":"Microsoft.Network/virtualNetworks","resourceName":"vm1VNET"},{"id":"/subscriptions/00000000-0000-0000-0000-000000000000/resourceGroups/cli_test_monitor000001/providers/Microsoft.Network/networkSecurityGroups/vm1NSG","resourceType":"Microsoft.Network/networkSecurityGroups","resourceName":"vm1NSG"},{"id":"/subscriptions/00000000-0000-0000-0000-000000000000/resourceGroups/cli_test_monitor000001/providers/Microsoft.Network/publicIPAddresses/vm1PublicIP","resourceType":"Microsoft.Network/publicIPAddresses","resourceName":"vm1PublicIP"}],"id":"/subscriptions/00000000-0000-0000-0000-000000000000/resourceGroups/cli_test_monitor000001/providers/Microsoft.Network/networkInterfaces/vm1VMNic","resourceType":"Microsoft.Network/networkInterfaces","resourceName":"vm1VMNic"},{"dependsOn":[{"id":"/subscriptions/00000000-0000-0000-0000-000000000000/resourceGroups/cli_test_monitor000001/providers/Microsoft.Network/networkInterfaces/vm1VMNic","resourceType":"Microsoft.Network/networkInterfaces","resourceName":"vm1VMNic"}],"id":"/subscriptions/00000000-0000-0000-0000-000000000000/resourceGroups/cli_test_monitor000001/providers/Microsoft.Compute/virtualMachines/vm1","resourceType":"Microsoft.Compute/virtualMachines","resourceName":"vm1"}]}}'}
    headers:
      azure-asyncoperation: ['https://management.azure.com/subscriptions/00000000-0000-0000-0000-000000000000/resourcegroups/cli_test_monitor000001/providers/Microsoft.Resources/deployments/vm_deploy_cY5HIyeSe42Hb8b7ZIuCnXR0Ak8Bjd4v/operationStatuses/08587027221096655730?api-version=2017-05-10']
      cache-control: [no-cache]
      content-length: ['2701']
      content-type: [application/json; charset=utf-8]
      date: ['Sat, 01 Jul 2017 04:52:56 GMT']
      expires: ['-1']
      pragma: [no-cache]
      strict-transport-security: [max-age=31536000; includeSubDomains]
      x-ms-ratelimit-remaining-subscription-writes: ['1199']
    status: {code: 201, message: Created}
- request:
    body: null
    headers:
      Accept: [application/json]
      Accept-Encoding: ['gzip, deflate']
      CommandName: [vm create]
      Connection: [keep-alive]
      Content-Type: [application/json; charset=utf-8]
      User-Agent: [python/3.5.2 (Windows-10-10.0.14393-SP0) requests/2.9.1 msrest/0.4.11
          msrest_azure/0.4.11 resourcemanagementclient/1.1.0 Azure-SDK-For-Python
          AZURECLI/2.0.10+dev]
      accept-language: [en-US]
    method: GET
    uri: https://management.azure.com/subscriptions/00000000-0000-0000-0000-000000000000/resourcegroups/cli_test_monitor000001/providers/Microsoft.Resources/deployments/mock-deployment/operationStatuses/08587027221096655730?api-version=2017-05-10
  response:
    body: {string: '{"status":"Running"}'}
    headers:
      cache-control: [no-cache]
      content-length: ['20']
      content-type: [application/json; charset=utf-8]
      date: ['Sat, 01 Jul 2017 04:53:27 GMT']
      expires: ['-1']
      pragma: [no-cache]
      strict-transport-security: [max-age=31536000; includeSubDomains]
      vary: [Accept-Encoding]
    status: {code: 200, message: OK}
- request:
    body: null
    headers:
      Accept: [application/json]
      Accept-Encoding: ['gzip, deflate']
      CommandName: [vm create]
      Connection: [keep-alive]
      Content-Type: [application/json; charset=utf-8]
      User-Agent: [python/3.5.2 (Windows-10-10.0.14393-SP0) requests/2.9.1 msrest/0.4.11
          msrest_azure/0.4.11 resourcemanagementclient/1.1.0 Azure-SDK-For-Python
          AZURECLI/2.0.10+dev]
      accept-language: [en-US]
    method: GET
    uri: https://management.azure.com/subscriptions/00000000-0000-0000-0000-000000000000/resourcegroups/cli_test_monitor000001/providers/Microsoft.Resources/deployments/mock-deployment/operationStatuses/08587027221096655730?api-version=2017-05-10
  response:
    body: {string: '{"status":"Running"}'}
    headers:
      cache-control: [no-cache]
      content-length: ['20']
      content-type: [application/json; charset=utf-8]
      date: ['Sat, 01 Jul 2017 04:53:57 GMT']
      expires: ['-1']
      pragma: [no-cache]
      strict-transport-security: [max-age=31536000; includeSubDomains]
      vary: [Accept-Encoding]
    status: {code: 200, message: OK}
- request:
    body: null
    headers:
      Accept: [application/json]
      Accept-Encoding: ['gzip, deflate']
      CommandName: [vm create]
      Connection: [keep-alive]
      Content-Type: [application/json; charset=utf-8]
      User-Agent: [python/3.5.2 (Windows-10-10.0.14393-SP0) requests/2.9.1 msrest/0.4.11
          msrest_azure/0.4.11 resourcemanagementclient/1.1.0 Azure-SDK-For-Python
          AZURECLI/2.0.10+dev]
      accept-language: [en-US]
    method: GET
    uri: https://management.azure.com/subscriptions/00000000-0000-0000-0000-000000000000/resourcegroups/cli_test_monitor000001/providers/Microsoft.Resources/deployments/mock-deployment/operationStatuses/08587027221096655730?api-version=2017-05-10
  response:
    body: {string: '{"status":"Running"}'}
    headers:
      cache-control: [no-cache]
      content-length: ['20']
      content-type: [application/json; charset=utf-8]
      date: ['Sat, 01 Jul 2017 04:54:27 GMT']
      expires: ['-1']
      pragma: [no-cache]
      strict-transport-security: [max-age=31536000; includeSubDomains]
      vary: [Accept-Encoding]
    status: {code: 200, message: OK}
- request:
    body: null
    headers:
      Accept: [application/json]
      Accept-Encoding: ['gzip, deflate']
      CommandName: [vm create]
      Connection: [keep-alive]
      Content-Type: [application/json; charset=utf-8]
      User-Agent: [python/3.5.2 (Windows-10-10.0.14393-SP0) requests/2.9.1 msrest/0.4.11
          msrest_azure/0.4.11 resourcemanagementclient/1.1.0 Azure-SDK-For-Python
          AZURECLI/2.0.10+dev]
      accept-language: [en-US]
    method: GET
    uri: https://management.azure.com/subscriptions/00000000-0000-0000-0000-000000000000/resourcegroups/cli_test_monitor000001/providers/Microsoft.Resources/deployments/mock-deployment/operationStatuses/08587027221096655730?api-version=2017-05-10
  response:
    body: {string: '{"status":"Succeeded"}'}
    headers:
      cache-control: [no-cache]
      content-length: ['22']
      content-type: [application/json; charset=utf-8]
      date: ['Sat, 01 Jul 2017 04:54:58 GMT']
      expires: ['-1']
      pragma: [no-cache]
      strict-transport-security: [max-age=31536000; includeSubDomains]
      vary: [Accept-Encoding]
    status: {code: 200, message: OK}
- request:
    body: null
    headers:
      Accept: [application/json]
      Accept-Encoding: ['gzip, deflate']
      CommandName: [vm create]
      Connection: [keep-alive]
      Content-Type: [application/json; charset=utf-8]
      User-Agent: [python/3.5.2 (Windows-10-10.0.14393-SP0) requests/2.9.1 msrest/0.4.11
          msrest_azure/0.4.11 resourcemanagementclient/1.1.0 Azure-SDK-For-Python
          AZURECLI/2.0.10+dev]
      accept-language: [en-US]
    method: GET
    uri: https://management.azure.com/subscriptions/00000000-0000-0000-0000-000000000000/resourcegroups/cli_test_monitor000001/providers/Microsoft.Resources/deployments/mock-deployment?api-version=2017-05-10
  response:
    body: {string: '{"id":"/subscriptions/00000000-0000-0000-0000-000000000000/resourceGroups/cli_test_monitor000001/providers/Microsoft.Resources/deployments/vm_deploy_cY5HIyeSe42Hb8b7ZIuCnXR0Ak8Bjd4v","name":"vm_deploy_cY5HIyeSe42Hb8b7ZIuCnXR0Ak8Bjd4v","properties":{"templateHash":"15034467372687535226","parameters":{},"mode":"Incremental","provisioningState":"Succeeded","timestamp":"2017-07-01T04:54:50.496211Z","duration":"PT1M54.6841539S","correlationId":"9c22265b-3fc0-4fd2-bb5c-bcbb516abda6","providers":[{"namespace":"Microsoft.Network","resourceTypes":[{"resourceType":"virtualNetworks","locations":["westus"]},{"resourceType":"networkSecurityGroups","locations":["westus"]},{"resourceType":"publicIPAddresses","locations":["westus"]},{"resourceType":"networkInterfaces","locations":["westus"]}]},{"namespace":"Microsoft.Compute","resourceTypes":[{"resourceType":"virtualMachines","locations":["westus"]}]}],"dependencies":[{"dependsOn":[{"id":"/subscriptions/00000000-0000-0000-0000-000000000000/resourceGroups/cli_test_monitor000001/providers/Microsoft.Network/virtualNetworks/vm1VNET","resourceType":"Microsoft.Network/virtualNetworks","resourceName":"vm1VNET"},{"id":"/subscriptions/00000000-0000-0000-0000-000000000000/resourceGroups/cli_test_monitor000001/providers/Microsoft.Network/networkSecurityGroups/vm1NSG","resourceType":"Microsoft.Network/networkSecurityGroups","resourceName":"vm1NSG"},{"id":"/subscriptions/00000000-0000-0000-0000-000000000000/resourceGroups/cli_test_monitor000001/providers/Microsoft.Network/publicIPAddresses/vm1PublicIP","resourceType":"Microsoft.Network/publicIPAddresses","resourceName":"vm1PublicIP"}],"id":"/subscriptions/00000000-0000-0000-0000-000000000000/resourceGroups/cli_test_monitor000001/providers/Microsoft.Network/networkInterfaces/vm1VMNic","resourceType":"Microsoft.Network/networkInterfaces","resourceName":"vm1VMNic"},{"dependsOn":[{"id":"/subscriptions/00000000-0000-0000-0000-000000000000/resourceGroups/cli_test_monitor000001/providers/Microsoft.Network/networkInterfaces/vm1VMNic","resourceType":"Microsoft.Network/networkInterfaces","resourceName":"vm1VMNic"}],"id":"/subscriptions/00000000-0000-0000-0000-000000000000/resourceGroups/cli_test_monitor000001/providers/Microsoft.Compute/virtualMachines/vm1","resourceType":"Microsoft.Compute/virtualMachines","resourceName":"vm1"}],"outputs":{},"outputResources":[{"id":"/subscriptions/00000000-0000-0000-0000-000000000000/resourceGroups/cli_test_monitor000001/providers/Microsoft.Compute/virtualMachines/vm1"},{"id":"/subscriptions/00000000-0000-0000-0000-000000000000/resourceGroups/cli_test_monitor000001/providers/Microsoft.Network/networkInterfaces/vm1VMNic"},{"id":"/subscriptions/00000000-0000-0000-0000-000000000000/resourceGroups/cli_test_monitor000001/providers/Microsoft.Network/networkSecurityGroups/vm1NSG"},{"id":"/subscriptions/00000000-0000-0000-0000-000000000000/resourceGroups/cli_test_monitor000001/providers/Microsoft.Network/publicIPAddresses/vm1PublicIP"},{"id":"/subscriptions/00000000-0000-0000-0000-000000000000/resourceGroups/cli_test_monitor000001/providers/Microsoft.Network/virtualNetworks/vm1VNET"}]}}'}
    headers:
      cache-control: [no-cache]
      content-length: ['3768']
      content-type: [application/json; charset=utf-8]
      date: ['Sat, 01 Jul 2017 04:54:59 GMT']
      expires: ['-1']
      pragma: [no-cache]
      strict-transport-security: [max-age=31536000; includeSubDomains]
      vary: [Accept-Encoding]
    status: {code: 200, message: OK}
- request:
    body: null
    headers:
      Accept: [application/json]
      Accept-Encoding: ['gzip, deflate']
      CommandName: [vm create]
      Connection: [keep-alive]
      Content-Type: [application/json; charset=utf-8]
      User-Agent: [python/3.5.2 (Windows-10-10.0.14393-SP0) requests/2.9.1 msrest/0.4.11
          msrest_azure/0.4.11 computemanagementclient/2.0.0 Azure-SDK-For-Python AZURECLI/2.0.10+dev]
      accept-language: [en-US]
    method: GET
    uri: https://management.azure.com/subscriptions/00000000-0000-0000-0000-000000000000/resourceGroups/cli_test_monitor000001/providers/Microsoft.Compute/virtualMachines/vm1?$expand=instanceView&api-version=2017-03-30
  response:
    body: {string: "{\r\n  \"properties\": {\r\n    \"vmId\": \"f748e205-00e7-4c80-b38c-7891269d1652\"\
        ,\r\n    \"hardwareProfile\": {\r\n      \"vmSize\": \"Standard_DS1_v2\"\r\
        \n    },\r\n    \"storageProfile\": {\r\n      \"imageReference\": {\r\n \
        \       \"publisher\": \"Canonical\",\r\n        \"offer\": \"UbuntuServer\"\
        ,\r\n        \"sku\": \"16.04-LTS\",\r\n        \"version\": \"latest\"\r\n\
        \      },\r\n      \"osDisk\": {\r\n        \"osType\": \"Linux\",\r\n   \
        \     \"name\": \"osdisk_88eb056060\",\r\n        \"createOption\": \"FromImage\"\
        ,\r\n        \"caching\": \"ReadWrite\",\r\n        \"managedDisk\": {\r\n\
        \          \"storageAccountType\": \"Premium_LRS\",\r\n          \"id\": \"\
        /subscriptions/00000000-0000-0000-0000-000000000000/resourceGroups/cli_test_monitor000001/providers/Microsoft.Compute/disks/osdisk_88eb056060\"\
        \r\n        },\r\n        \"diskSizeGB\": 30\r\n      },\r\n      \"dataDisks\"\
        : []\r\n    },\r\n    \"osProfile\": {\r\n      \"computerName\": \"vm1\"\
        ,\r\n      \"adminUsername\": \"testadmin\",\r\n      \"linuxConfiguration\"\
        : {\r\n        \"disablePasswordAuthentication\": false\r\n      },\r\n  \
        \    \"secrets\": []\r\n    },\r\n    \"networkProfile\": {\"networkInterfaces\"\
        :[{\"id\":\"/subscriptions/00000000-0000-0000-0000-000000000000/resourceGroups/cli_test_monitor000001/providers/Microsoft.Network/networkInterfaces/vm1VMNic\"\
        }]},\r\n    \"provisioningState\": \"Succeeded\",\r\n    \"instanceView\"\
        : {\r\n      \"vmAgent\": {\r\n        \"vmAgentVersion\": \"2.2.14\",\r\n\
        \        \"statuses\": [\r\n          {\r\n            \"code\": \"ProvisioningState/succeeded\"\
        ,\r\n            \"level\": \"Info\",\r\n            \"displayStatus\": \"\
        Ready\",\r\n            \"message\": \"Guest Agent is running\",\r\n     \
        \       \"time\": \"2017-07-01T04:54:59+00:00\"\r\n          }\r\n       \
        \ ],\r\n        \"extensionHandlers\": []\r\n      },\r\n      \"disks\":\
        \ [\r\n        {\r\n          \"name\": \"osdisk_88eb056060\",\r\n       \
        \   \"statuses\": [\r\n            {\r\n              \"code\": \"ProvisioningState/succeeded\"\
        ,\r\n              \"level\": \"Info\",\r\n              \"displayStatus\"\
        : \"Provisioning succeeded\",\r\n              \"time\": \"2017-07-01T04:53:23.622945+00:00\"\
        \r\n            }\r\n          ]\r\n        }\r\n      ],\r\n      \"statuses\"\
        : [\r\n        {\r\n          \"code\": \"ProvisioningState/succeeded\",\r\
        \n          \"level\": \"Info\",\r\n          \"displayStatus\": \"Provisioning\
        \ succeeded\",\r\n          \"time\": \"2017-07-01T04:54:42.2827041+00:00\"\
        \r\n        },\r\n        {\r\n          \"code\": \"PowerState/running\"\
        ,\r\n          \"level\": \"Info\",\r\n          \"displayStatus\": \"VM running\"\
        \r\n        }\r\n      ]\r\n    }\r\n  },\r\n  \"type\": \"Microsoft.Compute/virtualMachines\"\
        ,\r\n  \"location\": \"westus\",\r\n  \"tags\": {},\r\n  \"id\": \"/subscriptions/00000000-0000-0000-0000-000000000000/resourceGroups/cli_test_monitor000001/providers/Microsoft.Compute/virtualMachines/vm1\"\
        ,\r\n  \"name\": \"vm1\"\r\n}"}
    headers:
      cache-control: [no-cache]
      content-length: ['2813']
      content-type: [application/json; charset=utf-8]
      date: ['Sat, 01 Jul 2017 04:55:01 GMT']
      expires: ['-1']
      pragma: [no-cache]
      server: [Microsoft-HTTPAPI/2.0, Microsoft-HTTPAPI/2.0]
      strict-transport-security: [max-age=31536000; includeSubDomains]
      transfer-encoding: [chunked]
      vary: [Accept-Encoding]
    status: {code: 200, message: OK}
- request:
    body: null
    headers:
      Accept: [application/json]
      Accept-Encoding: ['gzip, deflate']
      CommandName: [vm create]
      Connection: [keep-alive]
      Content-Type: [application/json; charset=utf-8]
      User-Agent: [python/3.5.2 (Windows-10-10.0.14393-SP0) requests/2.9.1 msrest/0.4.11
          msrest_azure/0.4.11 networkmanagementclient/1.1.0 Azure-SDK-For-Python AZURECLI/2.0.10+dev]
      accept-language: [en-US]
    method: GET
    uri: https://management.azure.com/subscriptions/00000000-0000-0000-0000-000000000000/resourceGroups/cli_test_monitor000001/providers/Microsoft.Network/networkInterfaces/vm1VMNic?api-version=2017-06-01
  response:
    body: {string: "{\r\n  \"name\": \"vm1VMNic\",\r\n  \"id\": \"/subscriptions/00000000-0000-0000-0000-000000000000/resourceGroups/cli_test_monitor000001/providers/Microsoft.Network/networkInterfaces/vm1VMNic\"\
        ,\r\n  \"etag\": \"W/\\\"077d4ccf-3153-417e-b4eb-7125685e7840\\\"\",\r\n \
        \ \"location\": \"westus\",\r\n  \"tags\": {},\r\n  \"properties\": {\r\n\
        \    \"provisioningState\": \"Succeeded\",\r\n    \"resourceGuid\": \"66218bbf-bfa6-4177-9251-1f70ec1cb0ca\"\
        ,\r\n    \"ipConfigurations\": [\r\n      {\r\n        \"name\": \"ipconfigvm1\"\
        ,\r\n        \"id\": \"/subscriptions/00000000-0000-0000-0000-000000000000/resourceGroups/cli_test_monitor000001/providers/Microsoft.Network/networkInterfaces/vm1VMNic/ipConfigurations/ipconfigvm1\"\
        ,\r\n        \"etag\": \"W/\\\"077d4ccf-3153-417e-b4eb-7125685e7840\\\"\"\
        ,\r\n        \"properties\": {\r\n          \"provisioningState\": \"Succeeded\"\
        ,\r\n          \"privateIPAddress\": \"10.0.0.4\",\r\n          \"privateIPAllocationMethod\"\
        : \"Dynamic\",\r\n          \"publicIPAddress\": {\r\n            \"id\":\
        \ \"/subscriptions/00000000-0000-0000-0000-000000000000/resourceGroups/cli_test_monitor000001/providers/Microsoft.Network/publicIPAddresses/vm1PublicIP\"\
        \r\n          },\r\n          \"subnet\": {\r\n            \"id\": \"/subscriptions/00000000-0000-0000-0000-000000000000/resourceGroups/cli_test_monitor000001/providers/Microsoft.Network/virtualNetworks/vm1VNET/subnets/vm1Subnet\"\
        \r\n          },\r\n          \"primary\": true,\r\n          \"privateIPAddressVersion\"\
        : \"IPv4\"\r\n        }\r\n      }\r\n    ],\r\n    \"dnsSettings\": {\r\n\
        \      \"dnsServers\": [],\r\n      \"appliedDnsServers\": [],\r\n      \"\
        internalDomainNameSuffix\": \"vx4t2mkkghtenae32ukl0n3acg.dx.internal.cloudapp.net\"\
        \r\n    },\r\n    \"macAddress\": \"00-0D-3A-36-7A-F4\",\r\n    \"enableAcceleratedNetworking\"\
        : false,\r\n    \"enableIPForwarding\": false,\r\n    \"networkSecurityGroup\"\
        : {\r\n      \"id\": \"/subscriptions/00000000-0000-0000-0000-000000000000/resourceGroups/cli_test_monitor000001/providers/Microsoft.Network/networkSecurityGroups/vm1NSG\"\
        \r\n    },\r\n    \"primary\": true,\r\n    \"virtualMachine\": {\r\n    \
        \  \"id\": \"/subscriptions/00000000-0000-0000-0000-000000000000/resourceGroups/cli_test_monitor000001/providers/Microsoft.Compute/virtualMachines/vm1\"\
        \r\n    }\r\n  },\r\n  \"type\": \"Microsoft.Network/networkInterfaces\"\r\
        \n}"}
    headers:
      cache-control: [no-cache]
      content-length: ['2495']
      content-type: [application/json; charset=utf-8]
      date: ['Sat, 01 Jul 2017 04:55:01 GMT']
      etag: [W/"077d4ccf-3153-417e-b4eb-7125685e7840"]
      expires: ['-1']
      pragma: [no-cache]
      server: [Microsoft-HTTPAPI/2.0, Microsoft-HTTPAPI/2.0]
      strict-transport-security: [max-age=31536000; includeSubDomains]
      transfer-encoding: [chunked]
      vary: [Accept-Encoding]
    status: {code: 200, message: OK}
- request:
    body: null
    headers:
      Accept: [application/json]
      Accept-Encoding: ['gzip, deflate']
      CommandName: [vm create]
      Connection: [keep-alive]
      Content-Type: [application/json; charset=utf-8]
      User-Agent: [python/3.5.2 (Windows-10-10.0.14393-SP0) requests/2.9.1 msrest/0.4.11
          msrest_azure/0.4.11 networkmanagementclient/1.1.0 Azure-SDK-For-Python AZURECLI/2.0.10+dev]
      accept-language: [en-US]
    method: GET
    uri: https://management.azure.com/subscriptions/00000000-0000-0000-0000-000000000000/resourceGroups/cli_test_monitor000001/providers/Microsoft.Network/publicIPAddresses/vm1PublicIP?api-version=2017-06-01
  response:
    body: {string: "{\r\n  \"name\": \"vm1PublicIP\",\r\n  \"id\": \"/subscriptions/00000000-0000-0000-0000-000000000000/resourceGroups/cli_test_monitor000001/providers/Microsoft.Network/publicIPAddresses/vm1PublicIP\"\
        ,\r\n  \"etag\": \"W/\\\"d482c608-80ff-4330-b6f2-7aa7e1b146ad\\\"\",\r\n \
        \ \"location\": \"westus\",\r\n  \"tags\": {},\r\n  \"properties\": {\r\n\
        \    \"provisioningState\": \"Succeeded\",\r\n    \"resourceGuid\": \"937b45e0-7cb3-4d7d-a3c5-9486181a4de6\"\
        ,\r\n    \"ipAddress\": \"40.118.134.89\",\r\n    \"publicIPAddressVersion\"\
        : \"IPv4\",\r\n    \"publicIPAllocationMethod\": \"Dynamic\",\r\n    \"idleTimeoutInMinutes\"\
        : 4,\r\n    \"ipConfiguration\": {\r\n      \"id\": \"/subscriptions/00000000-0000-0000-0000-000000000000/resourceGroups/cli_test_monitor000001/providers/Microsoft.Network/networkInterfaces/vm1VMNic/ipConfigurations/ipconfigvm1\"\
        \r\n    }\r\n  },\r\n  \"type\": \"Microsoft.Network/publicIPAddresses\"\r\
        \n}"}
    headers:
      cache-control: [no-cache]
      content-length: ['939']
      content-type: [application/json; charset=utf-8]
      date: ['Sat, 01 Jul 2017 04:55:02 GMT']
      etag: [W/"d482c608-80ff-4330-b6f2-7aa7e1b146ad"]
      expires: ['-1']
      pragma: [no-cache]
      server: [Microsoft-HTTPAPI/2.0, Microsoft-HTTPAPI/2.0]
      strict-transport-security: [max-age=31536000; includeSubDomains]
      transfer-encoding: [chunked]
      vary: [Accept-Encoding]
    status: {code: 200, message: OK}
- request:
    body: null
    headers:
      Accept: [application/json]
      Accept-Encoding: ['gzip, deflate']
      CommandName: [monitor metrics list-definitions]
      Connection: [keep-alive]
      Content-Type: [application/json; charset=utf-8]
      User-Agent: [python/3.5.2 (Windows-10-10.0.14393-SP0) requests/2.9.1 msrest/0.4.11
          msrest_azure/0.4.11 monitorclient/0.3.0 Azure-SDK-For-Python AZURECLI/2.0.10+dev]
      accept-language: [en-US]
    method: GET
    uri: https://management.azure.com/subscriptions/00000000-0000-0000-0000-000000000000/resourceGroups/cli_test_monitor000001/providers/Microsoft.Compute/virtualMachines/vm1/providers/microsoft.insights/metricDefinitions?api-version=2016-03-01&$filter=
  response:
    body: {string: '{"id":"/subscriptions/00000000-0000-0000-0000-000000000000/resourceGroups/cli_test_monitor000001/providers/Microsoft.Compute/virtualMachines/vm1/providers/microsoft.insights/metricdefinitions","value":[{"resourceUri":"/subscriptions/00000000-0000-0000-0000-000000000000/resourceGroups/cli_test_monitor000001/providers/Microsoft.Compute/virtualMachines/vm1","resourceId":"/subscriptions/00000000-0000-0000-0000-000000000000/resourceGroups/cli_test_monitor000001/providers/Microsoft.Compute/virtualMachines/vm1","name":{"value":"Percentage
        CPU","localizedValue":"Percentage CPU"},"category":"AllMetrics","startTime":"0001-01-01T00:00:00Z","endTime":"0001-01-01T00:00:00Z","unit":"Percent","primaryAggregationType":"Average","ResourceUri":"/subscriptions/00000000-0000-0000-0000-000000000000/resourceGroups/cli_test_monitor000001/providers/Microsoft.Compute/virtualMachines/vm1","ResourceId":"/subscriptions/00000000-0000-0000-0000-000000000000/resourceGroups/cli_test_monitor000001/providers/Microsoft.Compute/virtualMachines/vm1","metricAvailabilities":[{"timeGrain":"PT1M","retention":"P30D"},{"timeGrain":"PT1H","retention":"P30D"}],"id":"/subscriptions/00000000-0000-0000-0000-000000000000/resourceGroups/cli_test_monitor000001/providers/Microsoft.Compute/virtualMachines/vm1/providers/microsoft.insights/metricdefinitions/Percentage
        CPU"},{"resourceUri":"/subscriptions/00000000-0000-0000-0000-000000000000/resourceGroups/cli_test_monitor000001/providers/Microsoft.Compute/virtualMachines/vm1","resourceId":"/subscriptions/00000000-0000-0000-0000-000000000000/resourceGroups/cli_test_monitor000001/providers/Microsoft.Compute/virtualMachines/vm1","name":{"value":"Network
        In","localizedValue":"Network In"},"category":"AllMetrics","startTime":"0001-01-01T00:00:00Z","endTime":"0001-01-01T00:00:00Z","unit":"Bytes","primaryAggregationType":"Total","ResourceUri":"/subscriptions/00000000-0000-0000-0000-000000000000/resourceGroups/cli_test_monitor000001/providers/Microsoft.Compute/virtualMachines/vm1","ResourceId":"/subscriptions/00000000-0000-0000-0000-000000000000/resourceGroups/cli_test_monitor000001/providers/Microsoft.Compute/virtualMachines/vm1","metricAvailabilities":[{"timeGrain":"PT1M","retention":"P30D"},{"timeGrain":"PT1H","retention":"P30D"}],"id":"/subscriptions/00000000-0000-0000-0000-000000000000/resourceGroups/cli_test_monitor000001/providers/Microsoft.Compute/virtualMachines/vm1/providers/microsoft.insights/metricdefinitions/Network
        In"},{"resourceUri":"/subscriptions/00000000-0000-0000-0000-000000000000/resourceGroups/cli_test_monitor000001/providers/Microsoft.Compute/virtualMachines/vm1","resourceId":"/subscriptions/00000000-0000-0000-0000-000000000000/resourceGroups/cli_test_monitor000001/providers/Microsoft.Compute/virtualMachines/vm1","name":{"value":"Network
        Out","localizedValue":"Network Out"},"category":"AllMetrics","startTime":"0001-01-01T00:00:00Z","endTime":"0001-01-01T00:00:00Z","unit":"Bytes","primaryAggregationType":"Total","ResourceUri":"/subscriptions/00000000-0000-0000-0000-000000000000/resourceGroups/cli_test_monitor000001/providers/Microsoft.Compute/virtualMachines/vm1","ResourceId":"/subscriptions/00000000-0000-0000-0000-000000000000/resourceGroups/cli_test_monitor000001/providers/Microsoft.Compute/virtualMachines/vm1","metricAvailabilities":[{"timeGrain":"PT1M","retention":"P30D"},{"timeGrain":"PT1H","retention":"P30D"}],"id":"/subscriptions/00000000-0000-0000-0000-000000000000/resourceGroups/cli_test_monitor000001/providers/Microsoft.Compute/virtualMachines/vm1/providers/microsoft.insights/metricdefinitions/Network
        Out"},{"resourceUri":"/subscriptions/00000000-0000-0000-0000-000000000000/resourceGroups/cli_test_monitor000001/providers/Microsoft.Compute/virtualMachines/vm1","resourceId":"/subscriptions/00000000-0000-0000-0000-000000000000/resourceGroups/cli_test_monitor000001/providers/Microsoft.Compute/virtualMachines/vm1","name":{"value":"Disk
        Read Bytes","localizedValue":"Disk Read Bytes"},"category":"AllMetrics","startTime":"0001-01-01T00:00:00Z","endTime":"0001-01-01T00:00:00Z","unit":"Bytes","primaryAggregationType":"Total","ResourceUri":"/subscriptions/00000000-0000-0000-0000-000000000000/resourceGroups/cli_test_monitor000001/providers/Microsoft.Compute/virtualMachines/vm1","ResourceId":"/subscriptions/00000000-0000-0000-0000-000000000000/resourceGroups/cli_test_monitor000001/providers/Microsoft.Compute/virtualMachines/vm1","metricAvailabilities":[{"timeGrain":"PT1M","retention":"P30D"},{"timeGrain":"PT1H","retention":"P30D"}],"id":"/subscriptions/00000000-0000-0000-0000-000000000000/resourceGroups/cli_test_monitor000001/providers/Microsoft.Compute/virtualMachines/vm1/providers/microsoft.insights/metricdefinitions/Disk
        Read Bytes"},{"resourceUri":"/subscriptions/00000000-0000-0000-0000-000000000000/resourceGroups/cli_test_monitor000001/providers/Microsoft.Compute/virtualMachines/vm1","resourceId":"/subscriptions/00000000-0000-0000-0000-000000000000/resourceGroups/cli_test_monitor000001/providers/Microsoft.Compute/virtualMachines/vm1","name":{"value":"Disk
        Write Bytes","localizedValue":"Disk Write Bytes"},"category":"AllMetrics","startTime":"0001-01-01T00:00:00Z","endTime":"0001-01-01T00:00:00Z","unit":"Bytes","primaryAggregationType":"Total","ResourceUri":"/subscriptions/00000000-0000-0000-0000-000000000000/resourceGroups/cli_test_monitor000001/providers/Microsoft.Compute/virtualMachines/vm1","ResourceId":"/subscriptions/00000000-0000-0000-0000-000000000000/resourceGroups/cli_test_monitor000001/providers/Microsoft.Compute/virtualMachines/vm1","metricAvailabilities":[{"timeGrain":"PT1M","retention":"P30D"},{"timeGrain":"PT1H","retention":"P30D"}],"id":"/subscriptions/00000000-0000-0000-0000-000000000000/resourceGroups/cli_test_monitor000001/providers/Microsoft.Compute/virtualMachines/vm1/providers/microsoft.insights/metricdefinitions/Disk
        Write Bytes"},{"resourceUri":"/subscriptions/00000000-0000-0000-0000-000000000000/resourceGroups/cli_test_monitor000001/providers/Microsoft.Compute/virtualMachines/vm1","resourceId":"/subscriptions/00000000-0000-0000-0000-000000000000/resourceGroups/cli_test_monitor000001/providers/Microsoft.Compute/virtualMachines/vm1","name":{"value":"Disk
        Read Operations/Sec","localizedValue":"Disk Read Operations/Sec"},"category":"AllMetrics","startTime":"0001-01-01T00:00:00Z","endTime":"0001-01-01T00:00:00Z","unit":"CountPerSecond","primaryAggregationType":"Average","ResourceUri":"/subscriptions/00000000-0000-0000-0000-000000000000/resourceGroups/cli_test_monitor000001/providers/Microsoft.Compute/virtualMachines/vm1","ResourceId":"/subscriptions/00000000-0000-0000-0000-000000000000/resourceGroups/cli_test_monitor000001/providers/Microsoft.Compute/virtualMachines/vm1","metricAvailabilities":[{"timeGrain":"PT1M","retention":"P30D"},{"timeGrain":"PT1H","retention":"P30D"}],"id":"/subscriptions/00000000-0000-0000-0000-000000000000/resourceGroups/cli_test_monitor000001/providers/Microsoft.Compute/virtualMachines/vm1/providers/microsoft.insights/metricdefinitions/Disk
        Read Operations/Sec"},{"resourceUri":"/subscriptions/00000000-0000-0000-0000-000000000000/resourceGroups/cli_test_monitor000001/providers/Microsoft.Compute/virtualMachines/vm1","resourceId":"/subscriptions/00000000-0000-0000-0000-000000000000/resourceGroups/cli_test_monitor000001/providers/Microsoft.Compute/virtualMachines/vm1","name":{"value":"Disk
        Write Operations/Sec","localizedValue":"Disk Write Operations/Sec"},"category":"AllMetrics","startTime":"0001-01-01T00:00:00Z","endTime":"0001-01-01T00:00:00Z","unit":"CountPerSecond","primaryAggregationType":"Average","ResourceUri":"/subscriptions/00000000-0000-0000-0000-000000000000/resourceGroups/cli_test_monitor000001/providers/Microsoft.Compute/virtualMachines/vm1","ResourceId":"/subscriptions/00000000-0000-0000-0000-000000000000/resourceGroups/cli_test_monitor000001/providers/Microsoft.Compute/virtualMachines/vm1","metricAvailabilities":[{"timeGrain":"PT1M","retention":"P30D"},{"timeGrain":"PT1H","retention":"P30D"}],"id":"/subscriptions/00000000-0000-0000-0000-000000000000/resourceGroups/cli_test_monitor000001/providers/Microsoft.Compute/virtualMachines/vm1/providers/microsoft.insights/metricdefinitions/Disk
        Write Operations/Sec"}]}'}
    headers:
      cache-control: [no-cache]
      content-length: ['10140']
      content-type: [application/json; charset=utf-8]
      date: ['Sat, 01 Jul 2017 04:55:02 GMT']
      expires: ['-1']
      pragma: [no-cache]
      server: [Microsoft-IIS/8.5]
      strict-transport-security: [max-age=31536000; includeSubDomains]
      transfer-encoding: [chunked]
      vary: [Accept-Encoding]
    status: {code: 200, message: OK}
- request:
    body: null
    headers:
      Accept: [application/json]
      Accept-Encoding: ['gzip, deflate']
      CommandName: [monitor alert create]
      Connection: [keep-alive]
      Content-Type: [application/json; charset=utf-8]
      User-Agent: [python/3.5.2 (Windows-10-10.0.14393-SP0) requests/2.9.1 msrest/0.4.11
          msrest_azure/0.4.11 resourcemanagementclient/1.1.0 Azure-SDK-For-Python
          AZURECLI/2.0.10+dev]
      accept-language: [en-US]
    method: GET
    uri: https://management.azure.com/subscriptions/00000000-0000-0000-0000-000000000000/resourcegroups/cli_test_monitor000001?api-version=2017-05-10
  response:
    body: {string: '{"id":"/subscriptions/00000000-0000-0000-0000-000000000000/resourceGroups/cli_test_monitor000001","name":"cli_test_monitor000001","location":"westus","tags":{"use":"az-test"},"properties":{"provisioningState":"Succeeded"}}'}
    headers:
      cache-control: [no-cache]
      content-length: ['328']
      content-type: [application/json; charset=utf-8]
      date: ['Sat, 01 Jul 2017 04:55:03 GMT']
      expires: ['-1']
      pragma: [no-cache]
      strict-transport-security: [max-age=31536000; includeSubDomains]
      vary: [Accept-Encoding]
    status: {code: 200, message: OK}
- request:
    body: 'b''{"location": "westus", "properties": {"isEnabled": true, "name": "rule1",
      "condition": {"odata.type": "Microsoft.Azure.Management.Insights.Models.ThresholdRuleCondition",
      "timeAggregation": "Average", "windowSize": "PT5M", "threshold": 90.0, "dataSource":
      {"odata.type": "Microsoft.Azure.Management.Insights.Models.RuleMetricDataSource",
      "metricName": "Percentage CPU", "resourceUri": "/subscriptions/0b1f6471-1bf0-4dda-aec3-cb9272f09590/resourceGroups/cli_test_monitor000001/providers/Microsoft.Compute/virtualMachines/vm1"},
      "operator": "GreaterThan"}, "description": "Percentage CPU > 90 avg 5m", "actions":
      [{"customEmails": [], "sendToServiceOwners": false, "odata.type": "Microsoft.Azure.Management.Insights.Models.RuleEmailAction"}]}}'''
    headers:
      Accept: [application/json]
      Accept-Encoding: ['gzip, deflate']
      CommandName: [monitor alert create]
      Connection: [keep-alive]
      Content-Length: ['794']
      Content-Type: [application/json; charset=utf-8]
      User-Agent: [python/3.5.2 (Windows-10-10.0.14393-SP0) requests/2.9.1 msrest/0.4.11
          msrest_azure/0.4.11 monitormanagementclient/0.2.1 Azure-SDK-For-Python AZURECLI/2.0.10+dev]
      accept-language: [en-US]
    method: PUT
    uri: https://management.azure.com/subscriptions/00000000-0000-0000-0000-000000000000/resourcegroups/cli_test_monitor000001/providers/microsoft.insights/alertrules/rule1?api-version=2016-03-01
  response:
    body: {string: '{"id":"/subscriptions/00000000-0000-0000-0000-000000000000/resourceGroups/cli_test_monitor000001/providers/microsoft.insights/alertrules/rule1","name":"rule1","type":"Microsoft.Insights/alertRules","location":"westus","tags":{"$type":"Microsoft.WindowsAzure.Management.Common.Storage.CasePreservedDictionary,
        Microsoft.WindowsAzure.Management.Common.Storage"},"properties":{"name":"rule1","description":"Percentage
        CPU > 90 avg 5m","isEnabled":true,"condition":{"$type":"Microsoft.WindowsAzure.Management.Monitoring.Alerts.Models.ThresholdRuleCondition,
        Microsoft.WindowsAzure.Management.Mon.Client","odata.type":"Microsoft.Azure.Management.Insights.Models.ThresholdRuleCondition","dataSource":{"$type":"Microsoft.WindowsAzure.Management.Monitoring.Alerts.Models.RuleMetricDataSource,
        Microsoft.WindowsAzure.Management.Mon.Client","odata.type":"Microsoft.Azure.Management.Insights.Models.RuleMetricDataSource","resourceUri":"/subscriptions/00000000-0000-0000-0000-000000000000/resourceGroups/cli_test_monitor000001/providers/Microsoft.Compute/virtualMachines/vm1","metricName":"Percentage
        CPU"},"threshold":90.0,"windowSize":"PT5M","timeAggregation":"Average"},"lastUpdatedTime":"2017-07-01T04:55:09.1941867Z","provisioningState":"Succeeded","actions":[{"$type":"Microsoft.WindowsAzure.Management.Monitoring.Alerts.Models.RuleEmailAction,
        Microsoft.WindowsAzure.Management.Mon.Client","odata.type":"Microsoft.Azure.Management.Insights.Models.RuleEmailAction","customEmails":[]}]}}'}
    headers:
      cache-control: [no-cache]
      content-length: ['1586']
      content-type: [application/json; charset=utf-8]
      date: ['Sat, 01 Jul 2017 04:55:08 GMT']
      expires: ['-1']
      pragma: [no-cache]
      server: [Microsoft-IIS/8.5]
      strict-transport-security: [max-age=31536000; includeSubDomains]
      x-ms-ratelimit-remaining-subscription-writes: ['1182']
    status: {code: 201, message: Created}
- request:
    body: null
    headers:
      Accept: [application/json]
      Accept-Encoding: ['gzip, deflate']
      CommandName: [monitor alert create]
      Connection: [keep-alive]
      Content-Type: [application/json; charset=utf-8]
      User-Agent: [python/3.5.2 (Windows-10-10.0.14393-SP0) requests/2.9.1 msrest/0.4.11
          msrest_azure/0.4.11 resourcemanagementclient/1.1.0 Azure-SDK-For-Python
          AZURECLI/2.0.10+dev]
      accept-language: [en-US]
    method: GET
    uri: https://management.azure.com/subscriptions/00000000-0000-0000-0000-000000000000/resourcegroups/cli_test_monitor000001?api-version=2017-05-10
  response:
    body: {string: '{"id":"/subscriptions/00000000-0000-0000-0000-000000000000/resourceGroups/cli_test_monitor000001","name":"cli_test_monitor000001","location":"westus","tags":{"use":"az-test"},"properties":{"provisioningState":"Succeeded"}}'}
    headers:
      cache-control: [no-cache]
      content-length: ['328']
      content-type: [application/json; charset=utf-8]
      date: ['Sat, 01 Jul 2017 04:55:09 GMT']
      expires: ['-1']
      pragma: [no-cache]
      strict-transport-security: [max-age=31536000; includeSubDomains]
      vary: [Accept-Encoding]
    status: {code: 200, message: OK}
- request:
    body: 'b''{"location": "westus", "properties": {"isEnabled": false, "name": "rule2",
      "condition": {"odata.type": "Microsoft.Azure.Management.Insights.Models.ThresholdRuleCondition",
      "timeAggregation": "Average", "windowSize": "PT1H", "threshold": 60.0, "dataSource":
      {"odata.type": "Microsoft.Azure.Management.Insights.Models.RuleMetricDataSource",
      "metricName": "Percentage CPU", "resourceUri": "/subscriptions/0b1f6471-1bf0-4dda-aec3-cb9272f09590/resourceGroups/cli_test_monitor000001/providers/Microsoft.Compute/virtualMachines/vm1"},
      "operator": "GreaterThanOrEqual"}, "description": "Test Rule 2", "actions":
      [{"customEmails": ["test3@contoso.com", "test1@contoso.com", "test2@contoso.com"],
      "sendToServiceOwners": false, "odata.type": "Microsoft.Azure.Management.Insights.Models.RuleEmailAction"}]}}'''
    headers:
      Accept: [application/json]
      Accept-Encoding: ['gzip, deflate']
      CommandName: [monitor alert create]
      Connection: [keep-alive]
      Content-Length: ['848']
      Content-Type: [application/json; charset=utf-8]
      User-Agent: [python/3.5.2 (Windows-10-10.0.14393-SP0) requests/2.9.1 msrest/0.4.11
          msrest_azure/0.4.11 monitormanagementclient/0.2.1 Azure-SDK-For-Python AZURECLI/2.0.10+dev]
      accept-language: [en-US]
    method: PUT
    uri: https://management.azure.com/subscriptions/00000000-0000-0000-0000-000000000000/resourcegroups/cli_test_monitor000001/providers/microsoft.insights/alertrules/rule2?api-version=2016-03-01
  response:
    body: {string: '{"id":"/subscriptions/00000000-0000-0000-0000-000000000000/resourceGroups/cli_test_monitor000001/providers/microsoft.insights/alertrules/rule2","name":"rule2","type":"Microsoft.Insights/alertRules","location":"westus","tags":{"$type":"Microsoft.WindowsAzure.Management.Common.Storage.CasePreservedDictionary,
        Microsoft.WindowsAzure.Management.Common.Storage"},"properties":{"name":"rule2","description":"Test
        Rule 2","condition":{"$type":"Microsoft.WindowsAzure.Management.Monitoring.Alerts.Models.ThresholdRuleCondition,
        Microsoft.WindowsAzure.Management.Mon.Client","odata.type":"Microsoft.Azure.Management.Insights.Models.ThresholdRuleCondition","dataSource":{"$type":"Microsoft.WindowsAzure.Management.Monitoring.Alerts.Models.RuleMetricDataSource,
        Microsoft.WindowsAzure.Management.Mon.Client","odata.type":"Microsoft.Azure.Management.Insights.Models.RuleMetricDataSource","resourceUri":"/subscriptions/00000000-0000-0000-0000-000000000000/resourceGroups/cli_test_monitor000001/providers/Microsoft.Compute/virtualMachines/vm1","metricName":"Percentage
        CPU"},"operator":"GreaterThanOrEqual","threshold":60.0,"windowSize":"PT1H","timeAggregation":"Average"},"lastUpdatedTime":"2017-07-01T04:55:12.2926909Z","provisioningState":"Succeeded","actions":[{"$type":"Microsoft.WindowsAzure.Management.Monitoring.Alerts.Models.RuleEmailAction,
        Microsoft.WindowsAzure.Management.Mon.Client","odata.type":"Microsoft.Azure.Management.Insights.Models.RuleEmailAction","customEmails":["test3@contoso.com","test1@contoso.com","test2@contoso.com"]}]}}'}
    headers:
      cache-control: [no-cache]
      content-length: ['1645']
      content-type: [application/json; charset=utf-8]
      date: ['Sat, 01 Jul 2017 04:55:11 GMT']
      expires: ['-1']
      pragma: [no-cache]
      server: [Microsoft-IIS/8.5]
      strict-transport-security: [max-age=31536000; includeSubDomains]
      x-ms-ratelimit-remaining-subscription-writes: ['1198']
    status: {code: 201, message: Created}
- request:
    body: null
    headers:
      Accept: [application/json]
      Accept-Encoding: ['gzip, deflate']
      CommandName: [monitor alert create]
      Connection: [keep-alive]
      Content-Type: [application/json; charset=utf-8]
      User-Agent: [python/3.5.2 (Windows-10-10.0.14393-SP0) requests/2.9.1 msrest/0.4.11
          msrest_azure/0.4.11 resourcemanagementclient/1.1.0 Azure-SDK-For-Python
          AZURECLI/2.0.10+dev]
      accept-language: [en-US]
    method: GET
    uri: https://management.azure.com/subscriptions/00000000-0000-0000-0000-000000000000/resourcegroups/cli_test_monitor000001?api-version=2017-05-10
  response:
    body: {string: '{"id":"/subscriptions/00000000-0000-0000-0000-000000000000/resourceGroups/cli_test_monitor000001","name":"cli_test_monitor000001","location":"westus","tags":{"use":"az-test"},"properties":{"provisioningState":"Succeeded"}}'}
    headers:
      cache-control: [no-cache]
      content-length: ['328']
      content-type: [application/json; charset=utf-8]
      date: ['Sat, 01 Jul 2017 04:55:11 GMT']
      expires: ['-1']
      pragma: [no-cache]
      strict-transport-security: [max-age=31536000; includeSubDomains]
      vary: [Accept-Encoding]
    status: {code: 200, message: OK}
- request:
    body: 'b''{"location": "westus", "properties": {"isEnabled": true, "name": "rule3",
      "condition": {"odata.type": "Microsoft.Azure.Management.Insights.Models.ThresholdRuleCondition",
      "timeAggregation": "Average", "windowSize": "PT5M", "threshold": 99.0, "dataSource":
      {"odata.type": "Microsoft.Azure.Management.Insights.Models.RuleMetricDataSource",
      "metricName": "Percentage CPU", "resourceUri": "/subscriptions/0b1f6471-1bf0-4dda-aec3-cb9272f09590/resourceGroups/cli_test_monitor000001/providers/Microsoft.Compute/virtualMachines/vm1"},
      "operator": "GreaterThanOrEqual"}, "description": "Percentage CPU >= 99 avg
      5m", "actions": [{"customEmails": [], "sendToServiceOwners": false, "odata.type":
      "Microsoft.Azure.Management.Insights.Models.RuleEmailAction"}, {"serviceUri":
      "https://alert.contoso.com?apiKey=value", "odata.type": "Microsoft.Azure.Management.Insights.Models.RuleWebhookAction",
      "properties": {}}, {"serviceUri": "https://contoso.com/alerts", "odata.type":
      "Microsoft.Azure.Management.Insights.Models.RuleWebhookAction", "properties":
      {"apiKey": "value"}}]}}'''
    headers:
      Accept: [application/json]
      Accept-Encoding: ['gzip, deflate']
      CommandName: [monitor alert create]
      Connection: [keep-alive]
      Content-Length: ['1115']
      Content-Type: [application/json; charset=utf-8]
      User-Agent: [python/3.5.2 (Windows-10-10.0.14393-SP0) requests/2.9.1 msrest/0.4.11
          msrest_azure/0.4.11 monitormanagementclient/0.2.1 Azure-SDK-For-Python AZURECLI/2.0.10+dev]
      accept-language: [en-US]
    method: PUT
    uri: https://management.azure.com/subscriptions/00000000-0000-0000-0000-000000000000/resourcegroups/cli_test_monitor000001/providers/microsoft.insights/alertrules/rule3?api-version=2016-03-01
  response:
    body: {string: '{"id":"/subscriptions/00000000-0000-0000-0000-000000000000/resourceGroups/cli_test_monitor000001/providers/microsoft.insights/alertrules/rule3","name":"rule3","type":"Microsoft.Insights/alertRules","location":"westus","tags":{"$type":"Microsoft.WindowsAzure.Management.Common.Storage.CasePreservedDictionary,
        Microsoft.WindowsAzure.Management.Common.Storage"},"properties":{"name":"rule3","description":"Percentage
        CPU >= 99 avg 5m","isEnabled":true,"condition":{"$type":"Microsoft.WindowsAzure.Management.Monitoring.Alerts.Models.ThresholdRuleCondition,
        Microsoft.WindowsAzure.Management.Mon.Client","odata.type":"Microsoft.Azure.Management.Insights.Models.ThresholdRuleCondition","dataSource":{"$type":"Microsoft.WindowsAzure.Management.Monitoring.Alerts.Models.RuleMetricDataSource,
        Microsoft.WindowsAzure.Management.Mon.Client","odata.type":"Microsoft.Azure.Management.Insights.Models.RuleMetricDataSource","resourceUri":"/subscriptions/00000000-0000-0000-0000-000000000000/resourceGroups/cli_test_monitor000001/providers/Microsoft.Compute/virtualMachines/vm1","metricName":"Percentage
        CPU"},"operator":"GreaterThanOrEqual","threshold":99.0,"windowSize":"PT5M","timeAggregation":"Average"},"lastUpdatedTime":"2017-07-01T04:55:14.9278542Z","provisioningState":"Succeeded","actions":[{"$type":"Microsoft.WindowsAzure.Management.Monitoring.Alerts.Models.RuleWebhookAction,
        Microsoft.WindowsAzure.Management.Mon.Client","odata.type":"Microsoft.Azure.Management.Insights.Models.RuleWebhookAction","serviceUri":"https://alert.contoso.com?apiKey=value","properties":{"$type":"Microsoft.WindowsAzure.Management.Common.Storage.CasePreservedDictionary`1[[System.String,
        mscorlib]], Microsoft.WindowsAzure.Management.Common.Storage"}},{"$type":"Microsoft.WindowsAzure.Management.Monitoring.Alerts.Models.RuleWebhookAction,
        Microsoft.WindowsAzure.Management.Mon.Client","odata.type":"Microsoft.Azure.Management.Insights.Models.RuleWebhookAction","serviceUri":"https://contoso.com/alerts","properties":{"$type":"Microsoft.WindowsAzure.Management.Common.Storage.CasePreservedDictionary`1[[System.String,
        mscorlib]], Microsoft.WindowsAzure.Management.Common.Storage","apiKey":"value"}},{"$type":"Microsoft.WindowsAzure.Management.Monitoring.Alerts.Models.RuleEmailAction,
        Microsoft.WindowsAzure.Management.Mon.Client","odata.type":"Microsoft.Azure.Management.Insights.Models.RuleEmailAction","customEmails":[]}]}}'}
    headers:
      cache-control: [no-cache]
      content-length: ['2508']
      content-type: [application/json; charset=utf-8]
      date: ['Sat, 01 Jul 2017 04:55:14 GMT']
      expires: ['-1']
      pragma: [no-cache]
      server: [Microsoft-IIS/8.5]
      strict-transport-security: [max-age=31536000; includeSubDomains]
      x-ms-ratelimit-remaining-subscription-writes: ['1175']
    status: {code: 201, message: Created}
- request:
    body: null
    headers:
      Accept: [application/json]
      Accept-Encoding: ['gzip, deflate']
      CommandName: [monitor alert show]
      Connection: [keep-alive]
      Content-Type: [application/json; charset=utf-8]
      User-Agent: [python/3.5.2 (Windows-10-10.0.14393-SP0) requests/2.9.1 msrest/0.4.11
          msrest_azure/0.4.11 monitormanagementclient/0.2.1 Azure-SDK-For-Python AZURECLI/2.0.10+dev]
      accept-language: [en-US]
    method: GET
    uri: https://management.azure.com/subscriptions/00000000-0000-0000-0000-000000000000/resourcegroups/cli_test_monitor000001/providers/microsoft.insights/alertrules/rule1?api-version=2016-03-01
  response:
    body: {string: '{"id":"/subscriptions/00000000-0000-0000-0000-000000000000/resourceGroups/cli_test_monitor000001/providers/microsoft.insights/alertrules/rule1","name":"rule1","type":"Microsoft.Insights/alertRules","location":"westus","tags":{"$type":"Microsoft.WindowsAzure.Management.Common.Storage.CasePreservedDictionary,
        Microsoft.WindowsAzure.Management.Common.Storage"},"properties":{"name":"rule1","description":"Percentage
        CPU > 90 avg 5m","isEnabled":true,"condition":{"$type":"Microsoft.WindowsAzure.Management.Monitoring.Alerts.Models.ThresholdRuleCondition,
        Microsoft.WindowsAzure.Management.Mon.Client","odata.type":"Microsoft.Azure.Management.Insights.Models.ThresholdRuleCondition","dataSource":{"$type":"Microsoft.WindowsAzure.Management.Monitoring.Alerts.Models.RuleMetricDataSource,
        Microsoft.WindowsAzure.Management.Mon.Client","odata.type":"Microsoft.Azure.Management.Insights.Models.RuleMetricDataSource","resourceUri":"/subscriptions/00000000-0000-0000-0000-000000000000/resourceGroups/cli_test_monitor000001/providers/Microsoft.Compute/virtualMachines/vm1","metricName":"Percentage
        CPU"},"threshold":90.0,"windowSize":"PT5M","timeAggregation":"Average"},"lastUpdatedTime":"2017-07-01T04:55:09.1941867Z","provisioningState":"Succeeded","actions":[{"$type":"Microsoft.WindowsAzure.Management.Monitoring.Alerts.Models.RuleEmailAction,
        Microsoft.WindowsAzure.Management.Mon.Client","odata.type":"Microsoft.Azure.Management.Insights.Models.RuleEmailAction","customEmails":[]}]}}'}
    headers:
      cache-control: [no-cache]
      content-length: ['1586']
      content-type: [application/json; charset=utf-8]
      date: ['Sat, 01 Jul 2017 04:55:16 GMT']
      expires: ['-1']
      pragma: [no-cache]
      server: [Microsoft-IIS/8.5]
      strict-transport-security: [max-age=31536000; includeSubDomains]
      transfer-encoding: [chunked]
      vary: [Accept-Encoding]
    status: {code: 200, message: OK}
- request:
    body: null
    headers:
      Accept: [application/json]
      Accept-Encoding: ['gzip, deflate']
      CommandName: [monitor alert delete]
      Connection: [keep-alive]
      Content-Length: ['0']
      Content-Type: [application/json; charset=utf-8]
      User-Agent: [python/3.5.2 (Windows-10-10.0.14393-SP0) requests/2.9.1 msrest/0.4.11
          msrest_azure/0.4.11 monitormanagementclient/0.2.1 Azure-SDK-For-Python AZURECLI/2.0.10+dev]
      accept-language: [en-US]
    method: DELETE
    uri: https://management.azure.com/subscriptions/00000000-0000-0000-0000-000000000000/resourcegroups/cli_test_monitor000001/providers/microsoft.insights/alertrules/rule2?api-version=2016-03-01
  response:
    body: {string: ''}
    headers:
      cache-control: [no-cache]
      content-length: ['0']
      date: ['Sat, 01 Jul 2017 04:55:16 GMT']
      expires: ['-1']
      pragma: [no-cache]
      server: [Microsoft-IIS/8.5]
      strict-transport-security: [max-age=31536000; includeSubDomains]
      x-ms-ratelimit-remaining-subscription-writes: ['1198']
    status: {code: 200, message: OK}
- request:
    body: null
    headers:
      Accept: [application/json]
      Accept-Encoding: ['gzip, deflate']
      CommandName: [monitor alert delete]
      Connection: [keep-alive]
      Content-Length: ['0']
      Content-Type: [application/json; charset=utf-8]
      User-Agent: [python/3.5.2 (Windows-10-10.0.14393-SP0) requests/2.9.1 msrest/0.4.11
          msrest_azure/0.4.11 monitormanagementclient/0.2.1 Azure-SDK-For-Python AZURECLI/2.0.10+dev]
      accept-language: [en-US]
    method: DELETE
    uri: https://management.azure.com/subscriptions/00000000-0000-0000-0000-000000000000/resourcegroups/cli_test_monitor000001/providers/microsoft.insights/alertrules/rule3?api-version=2016-03-01
  response:
    body: {string: ''}
    headers:
      cache-control: [no-cache]
      content-length: ['0']
      date: ['Sat, 01 Jul 2017 04:55:17 GMT']
      expires: ['-1']
      pragma: [no-cache]
      server: [Microsoft-IIS/8.5]
      strict-transport-security: [max-age=31536000; includeSubDomains]
      x-ms-ratelimit-remaining-subscription-writes: ['1177']
    status: {code: 200, message: OK}
- request:
    body: null
    headers:
      Accept: [application/json]
      Accept-Encoding: ['gzip, deflate']
      CommandName: [monitor alert list]
      Connection: [keep-alive]
      Content-Type: [application/json; charset=utf-8]
      User-Agent: [python/3.5.2 (Windows-10-10.0.14393-SP0) requests/2.9.1 msrest/0.4.11
          msrest_azure/0.4.11 monitormanagementclient/0.2.1 Azure-SDK-For-Python AZURECLI/2.0.10+dev]
      accept-language: [en-US]
    method: GET
    uri: https://management.azure.com/subscriptions/00000000-0000-0000-0000-000000000000/resourcegroups/cli_test_monitor000001/providers/microsoft.insights/alertrules?api-version=2016-03-01
  response:
    body: {string: '{"value":[{"id":"/subscriptions/00000000-0000-0000-0000-000000000000/resourceGroups/cli_test_monitor000001/providers/microsoft.insights/alertrules/rule1","name":"rule1","type":"Microsoft.Insights/alertRules","location":"westus","tags":{"$type":"Microsoft.WindowsAzure.Management.Common.Storage.CasePreservedDictionary,
        Microsoft.WindowsAzure.Management.Common.Storage"},"properties":{"name":"rule1","description":"Percentage
        CPU > 90 avg 5m","isEnabled":true,"condition":{"$type":"Microsoft.WindowsAzure.Management.Monitoring.Alerts.Models.ThresholdRuleCondition,
        Microsoft.WindowsAzure.Management.Mon.Client","odata.type":"Microsoft.Azure.Management.Insights.Models.ThresholdRuleCondition","dataSource":{"$type":"Microsoft.WindowsAzure.Management.Monitoring.Alerts.Models.RuleMetricDataSource,
        Microsoft.WindowsAzure.Management.Mon.Client","odata.type":"Microsoft.Azure.Management.Insights.Models.RuleMetricDataSource","resourceUri":"/subscriptions/00000000-0000-0000-0000-000000000000/resourceGroups/cli_test_monitor000001/providers/Microsoft.Compute/virtualMachines/vm1","metricName":"Percentage
        CPU"},"threshold":90.0,"windowSize":"PT5M","timeAggregation":"Average"},"lastUpdatedTime":"2017-07-01T04:55:09.1941867Z","provisioningState":"Succeeded","actions":[{"$type":"Microsoft.WindowsAzure.Management.Monitoring.Alerts.Models.RuleEmailAction,
        Microsoft.WindowsAzure.Management.Mon.Client","odata.type":"Microsoft.Azure.Management.Insights.Models.RuleEmailAction","customEmails":[]}]}}]}'}
    headers:
      cache-control: [no-cache]
      content-length: ['1598']
      content-type: [application/json; charset=utf-8]
      date: ['Sat, 01 Jul 2017 04:55:19 GMT']
      expires: ['-1']
      pragma: [no-cache]
      server: [Microsoft-IIS/8.5]
      strict-transport-security: [max-age=31536000; includeSubDomains]
      transfer-encoding: [chunked]
      vary: [Accept-Encoding]
    status: {code: 200, message: OK}
- request:
    body: null
    headers:
      Accept: [application/json]
      Accept-Encoding: ['gzip, deflate']
      CommandName: [monitor alert update]
      Connection: [keep-alive]
      Content-Type: [application/json; charset=utf-8]
      User-Agent: [python/3.5.2 (Windows-10-10.0.14393-SP0) requests/2.9.1 msrest/0.4.11
          msrest_azure/0.4.11 monitormanagementclient/0.2.1 Azure-SDK-For-Python AZURECLI/2.0.10+dev]
      accept-language: [en-US]
    method: GET
    uri: https://management.azure.com/subscriptions/00000000-0000-0000-0000-000000000000/resourcegroups/cli_test_monitor000001/providers/microsoft.insights/alertrules/rule1?api-version=2016-03-01
  response:
    body: {string: '{"id":"/subscriptions/00000000-0000-0000-0000-000000000000/resourceGroups/cli_test_monitor000001/providers/microsoft.insights/alertrules/rule1","name":"rule1","type":"Microsoft.Insights/alertRules","location":"westus","tags":{"$type":"Microsoft.WindowsAzure.Management.Common.Storage.CasePreservedDictionary,
        Microsoft.WindowsAzure.Management.Common.Storage"},"properties":{"name":"rule1","description":"Percentage
        CPU > 90 avg 5m","isEnabled":true,"condition":{"$type":"Microsoft.WindowsAzure.Management.Monitoring.Alerts.Models.ThresholdRuleCondition,
        Microsoft.WindowsAzure.Management.Mon.Client","odata.type":"Microsoft.Azure.Management.Insights.Models.ThresholdRuleCondition","dataSource":{"$type":"Microsoft.WindowsAzure.Management.Monitoring.Alerts.Models.RuleMetricDataSource,
        Microsoft.WindowsAzure.Management.Mon.Client","odata.type":"Microsoft.Azure.Management.Insights.Models.RuleMetricDataSource","resourceUri":"/subscriptions/00000000-0000-0000-0000-000000000000/resourceGroups/cli_test_monitor000001/providers/Microsoft.Compute/virtualMachines/vm1","metricName":"Percentage
        CPU"},"threshold":90.0,"windowSize":"PT5M","timeAggregation":"Average"},"lastUpdatedTime":"2017-07-01T04:55:09.1941867Z","provisioningState":"Succeeded","actions":[{"$type":"Microsoft.WindowsAzure.Management.Monitoring.Alerts.Models.RuleEmailAction,
        Microsoft.WindowsAzure.Management.Mon.Client","odata.type":"Microsoft.Azure.Management.Insights.Models.RuleEmailAction","customEmails":[]}]}}'}
    headers:
      cache-control: [no-cache]
      content-length: ['1586']
      content-type: [application/json; charset=utf-8]
      date: ['Sat, 01 Jul 2017 04:55:19 GMT']
      expires: ['-1']
      pragma: [no-cache]
      server: [Microsoft-IIS/8.5]
      strict-transport-security: [max-age=31536000; includeSubDomains]
      transfer-encoding: [chunked]
      vary: [Accept-Encoding]
    status: {code: 200, message: OK}
- request:
    body: 'b''{"tags": {"$type": "Microsoft.WindowsAzure.Management.Common.Storage.CasePreservedDictionary,
      Microsoft.WindowsAzure.Management.Common.Storage"}, "location": "westus", "properties":
      {"isEnabled": true, "name": "rule1", "condition": {"odata.type": "Microsoft.Azure.Management.Insights.Models.ThresholdRuleCondition",
      "timeAggregation": "Average", "windowSize": "PT5M", "threshold": 85.0, "dataSource":
      {"odata.type": "Microsoft.Azure.Management.Insights.Models.RuleMetricDataSource",
      "metricName": "Percentage CPU", "resourceUri": "/subscriptions/0b1f6471-1bf0-4dda-aec3-cb9272f09590/resourceGroups/cli_test_monitor000001/providers/Microsoft.Compute/virtualMachines/vm1"},
      "operator": "GreaterThanOrEqual"}, "description": "Percentage CPU > 90 avg 5m",
      "actions": [{"customEmails": ["test1@contoso.com"], "odata.type": "Microsoft.Azure.Management.Insights.Models.RuleEmailAction"},
      {"serviceUri": "https://alert.contoso.com?apiKey=value", "odata.type": "Microsoft.Azure.Management.Insights.Models.RuleWebhookAction",
      "properties": {}}]}}'''
    headers:
      Accept: [application/json]
      Accept-Encoding: ['gzip, deflate']
      CommandName: [monitor alert update]
      Connection: [keep-alive]
      Content-Length: ['1089']
      Content-Type: [application/json; charset=utf-8]
      User-Agent: [python/3.5.2 (Windows-10-10.0.14393-SP0) requests/2.9.1 msrest/0.4.11
          msrest_azure/0.4.11 monitormanagementclient/0.2.1 Azure-SDK-For-Python AZURECLI/2.0.10+dev]
      accept-language: [en-US]
    method: PUT
    uri: https://management.azure.com/subscriptions/00000000-0000-0000-0000-000000000000/resourcegroups/cli_test_monitor000001/providers/microsoft.insights/alertrules/rule1?api-version=2016-03-01
  response:
    body: {string: '{"id":"/subscriptions/00000000-0000-0000-0000-000000000000/resourceGroups/cli_test_monitor000001/providers/microsoft.insights/alertrules/rule1","name":"rule1","type":"Microsoft.Insights/alertRules","location":"westus","tags":{"$type":"Microsoft.WindowsAzure.Management.Common.Storage.CasePreservedDictionary,
        Microsoft.WindowsAzure.Management.Common.Storage"},"properties":{"name":"rule1","description":"Percentage
        CPU > 90 avg 5m","isEnabled":true,"condition":{"$type":"Microsoft.WindowsAzure.Management.Monitoring.Alerts.Models.ThresholdRuleCondition,
        Microsoft.WindowsAzure.Management.Mon.Client","odata.type":"Microsoft.Azure.Management.Insights.Models.ThresholdRuleCondition","dataSource":{"$type":"Microsoft.WindowsAzure.Management.Monitoring.Alerts.Models.RuleMetricDataSource,
        Microsoft.WindowsAzure.Management.Mon.Client","odata.type":"Microsoft.Azure.Management.Insights.Models.RuleMetricDataSource","resourceUri":"/subscriptions/00000000-0000-0000-0000-000000000000/resourceGroups/cli_test_monitor000001/providers/Microsoft.Compute/virtualMachines/vm1","metricName":"Percentage
        CPU"},"operator":"GreaterThanOrEqual","threshold":85.0,"windowSize":"PT5M","timeAggregation":"Average"},"lastUpdatedTime":"2017-07-01T04:55:21.9110269Z","provisioningState":"Succeeded","actions":[{"$type":"Microsoft.WindowsAzure.Management.Monitoring.Alerts.Models.RuleWebhookAction,
        Microsoft.WindowsAzure.Management.Mon.Client","odata.type":"Microsoft.Azure.Management.Insights.Models.RuleWebhookAction","serviceUri":"https://alert.contoso.com?apiKey=value","properties":{"$type":"Microsoft.WindowsAzure.Management.Common.Storage.CasePreservedDictionary`1[[System.String,
        mscorlib]], Microsoft.WindowsAzure.Management.Common.Storage"}},{"$type":"Microsoft.WindowsAzure.Management.Monitoring.Alerts.Models.RuleEmailAction,
        Microsoft.WindowsAzure.Management.Mon.Client","odata.type":"Microsoft.Azure.Management.Insights.Models.RuleEmailAction","customEmails":["test1@contoso.com"]}]}}'}
    headers:
      cache-control: [no-cache]
      content-length: ['2079']
      content-type: [application/json; charset=utf-8]
      date: ['Sat, 01 Jul 2017 04:55:21 GMT']
      expires: ['-1']
      pragma: [no-cache]
      server: [Microsoft-IIS/8.5]
      strict-transport-security: [max-age=31536000; includeSubDomains]
      transfer-encoding: [chunked]
      vary: [Accept-Encoding]
      x-ms-ratelimit-remaining-subscription-writes: ['1192']
    status: {code: 200, message: OK}
- request:
    body: null
    headers:
      Accept: [application/json]
      Accept-Encoding: ['gzip, deflate']
      CommandName: [monitor alert update]
      Connection: [keep-alive]
      Content-Type: [application/json; charset=utf-8]
      User-Agent: [python/3.5.2 (Windows-10-10.0.14393-SP0) requests/2.9.1 msrest/0.4.11
          msrest_azure/0.4.11 monitormanagementclient/0.2.1 Azure-SDK-For-Python AZURECLI/2.0.10+dev]
      accept-language: [en-US]
    method: GET
    uri: https://management.azure.com/subscriptions/00000000-0000-0000-0000-000000000000/resourcegroups/cli_test_monitor000001/providers/microsoft.insights/alertrules/rule1?api-version=2016-03-01
  response:
    body: {string: '{"id":"/subscriptions/00000000-0000-0000-0000-000000000000/resourceGroups/cli_test_monitor000001/providers/microsoft.insights/alertrules/rule1","name":"rule1","type":"Microsoft.Insights/alertRules","location":"westus","tags":{"$type":"Microsoft.WindowsAzure.Management.Common.Storage.CasePreservedDictionary,
        Microsoft.WindowsAzure.Management.Common.Storage"},"properties":{"name":"rule1","description":"Percentage
        CPU > 90 avg 5m","isEnabled":true,"condition":{"$type":"Microsoft.WindowsAzure.Management.Monitoring.Alerts.Models.ThresholdRuleCondition,
        Microsoft.WindowsAzure.Management.Mon.Client","odata.type":"Microsoft.Azure.Management.Insights.Models.ThresholdRuleCondition","dataSource":{"$type":"Microsoft.WindowsAzure.Management.Monitoring.Alerts.Models.RuleMetricDataSource,
        Microsoft.WindowsAzure.Management.Mon.Client","odata.type":"Microsoft.Azure.Management.Insights.Models.RuleMetricDataSource","resourceUri":"/subscriptions/00000000-0000-0000-0000-000000000000/resourceGroups/cli_test_monitor000001/providers/Microsoft.Compute/virtualMachines/vm1","metricName":"Percentage
        CPU"},"operator":"GreaterThanOrEqual","threshold":85.0,"windowSize":"PT5M","timeAggregation":"Average"},"lastUpdatedTime":"2017-07-01T04:55:21.9110269Z","provisioningState":"Succeeded","actions":[{"$type":"Microsoft.WindowsAzure.Management.Monitoring.Alerts.Models.RuleWebhookAction,
        Microsoft.WindowsAzure.Management.Mon.Client","odata.type":"Microsoft.Azure.Management.Insights.Models.RuleWebhookAction","serviceUri":"https://alert.contoso.com?apiKey=value","properties":{"$type":"Microsoft.WindowsAzure.Management.Common.Storage.CasePreservedDictionary`1[[System.String,
        mscorlib]], Microsoft.WindowsAzure.Management.Common.Storage"}},{"$type":"Microsoft.WindowsAzure.Management.Monitoring.Alerts.Models.RuleEmailAction,
        Microsoft.WindowsAzure.Management.Mon.Client","odata.type":"Microsoft.Azure.Management.Insights.Models.RuleEmailAction","customEmails":["test1@contoso.com"]}]}}'}
    headers:
      cache-control: [no-cache]
      content-length: ['2079']
      content-type: [application/json; charset=utf-8]
      date: ['Sat, 01 Jul 2017 04:55:21 GMT']
      expires: ['-1']
      pragma: [no-cache]
      server: [Microsoft-IIS/8.5]
      strict-transport-security: [max-age=31536000; includeSubDomains]
      transfer-encoding: [chunked]
      vary: [Accept-Encoding]
    status: {code: 200, message: OK}
- request:
    body: 'b''{"tags": {"$type": "Microsoft.WindowsAzure.Management.Common.Storage.CasePreservedDictionary,
      Microsoft.WindowsAzure.Management.Common.Storage"}, "location": "westus", "properties":
      {"isEnabled": true, "name": "rule1", "condition": {"odata.type": "Microsoft.Azure.Management.Insights.Models.ThresholdRuleCondition",
      "timeAggregation": "Average", "windowSize": "PT5M", "threshold": 85.0, "dataSource":
      {"odata.type": "Microsoft.Azure.Management.Insights.Models.RuleMetricDataSource",
      "metricName": "Percentage CPU", "resourceUri": "/subscriptions/0b1f6471-1bf0-4dda-aec3-cb9272f09590/resourceGroups/cli_test_monitor000001/providers/Microsoft.Compute/virtualMachines/vm1"},
      "operator": "GreaterThanOrEqual"}, "description": "Percentage CPU > 90 avg 5m",
      "actions": [{"customEmails": ["test3@contoso.com", "test2@contoso.com"], "odata.type":
      "Microsoft.Azure.Management.Insights.Models.RuleEmailAction"}, {"serviceUri":
      "https://alert.contoso.com?apiKey=value", "odata.type": "Microsoft.Azure.Management.Insights.Models.RuleWebhookAction",
      "properties": {"$type": "Microsoft.WindowsAzure.Management.Common.Storage.CasePreservedDictionary`1[[System.String,
      mscorlib]], Microsoft.WindowsAzure.Management.Common.Storage"}}]}}'''
    headers:
      Accept: [application/json]
      Accept-Encoding: ['gzip, deflate']
      CommandName: [monitor alert update]
      Connection: [keep-alive]
      Content-Length: ['1272']
      Content-Type: [application/json; charset=utf-8]
      User-Agent: [python/3.5.2 (Windows-10-10.0.14393-SP0) requests/2.9.1 msrest/0.4.11
          msrest_azure/0.4.11 monitormanagementclient/0.2.1 Azure-SDK-For-Python AZURECLI/2.0.10+dev]
      accept-language: [en-US]
    method: PUT
    uri: https://management.azure.com/subscriptions/00000000-0000-0000-0000-000000000000/resourcegroups/cli_test_monitor000001/providers/microsoft.insights/alertrules/rule1?api-version=2016-03-01
  response:
    body: {string: '{"id":"/subscriptions/00000000-0000-0000-0000-000000000000/resourceGroups/cli_test_monitor000001/providers/microsoft.insights/alertrules/rule1","name":"rule1","type":"Microsoft.Insights/alertRules","location":"westus","tags":{"$type":"Microsoft.WindowsAzure.Management.Common.Storage.CasePreservedDictionary,
        Microsoft.WindowsAzure.Management.Common.Storage"},"properties":{"name":"rule1","description":"Percentage
        CPU > 90 avg 5m","isEnabled":true,"condition":{"$type":"Microsoft.WindowsAzure.Management.Monitoring.Alerts.Models.ThresholdRuleCondition,
        Microsoft.WindowsAzure.Management.Mon.Client","odata.type":"Microsoft.Azure.Management.Insights.Models.ThresholdRuleCondition","dataSource":{"$type":"Microsoft.WindowsAzure.Management.Monitoring.Alerts.Models.RuleMetricDataSource,
        Microsoft.WindowsAzure.Management.Mon.Client","odata.type":"Microsoft.Azure.Management.Insights.Models.RuleMetricDataSource","resourceUri":"/subscriptions/00000000-0000-0000-0000-000000000000/resourceGroups/cli_test_monitor000001/providers/Microsoft.Compute/virtualMachines/vm1","metricName":"Percentage
        CPU"},"operator":"GreaterThanOrEqual","threshold":85.0,"windowSize":"PT5M","timeAggregation":"Average"},"lastUpdatedTime":"2017-07-01T04:55:26.1093861Z","provisioningState":"Succeeded","actions":[{"$type":"Microsoft.WindowsAzure.Management.Monitoring.Alerts.Models.RuleWebhookAction,
        Microsoft.WindowsAzure.Management.Mon.Client","odata.type":"Microsoft.Azure.Management.Insights.Models.RuleWebhookAction","serviceUri":"https://alert.contoso.com?apiKey=value","properties":{"$type":"Microsoft.WindowsAzure.Management.Common.Storage.CasePreservedDictionary`1[[System.String,
        mscorlib]], Microsoft.WindowsAzure.Management.Common.Storage"}},{"$type":"Microsoft.WindowsAzure.Management.Monitoring.Alerts.Models.RuleEmailAction,
        Microsoft.WindowsAzure.Management.Mon.Client","odata.type":"Microsoft.Azure.Management.Insights.Models.RuleEmailAction","customEmails":["test3@contoso.com","test2@contoso.com"]}]}}'}
    headers:
      cache-control: [no-cache]
      content-length: ['2099']
      content-type: [application/json; charset=utf-8]
      date: ['Sat, 01 Jul 2017 04:55:25 GMT']
      expires: ['-1']
      pragma: [no-cache]
      server: [Microsoft-IIS/8.5]
      strict-transport-security: [max-age=31536000; includeSubDomains]
      transfer-encoding: [chunked]
      vary: [Accept-Encoding]
      x-ms-ratelimit-remaining-subscription-writes: ['1187']
    status: {code: 200, message: OK}
- request:
    body: null
    headers:
      Accept: [application/json]
      Accept-Encoding: ['gzip, deflate']
      CommandName: [monitor alert update]
      Connection: [keep-alive]
      Content-Type: [application/json; charset=utf-8]
      User-Agent: [python/3.5.2 (Windows-10-10.0.14393-SP0) requests/2.9.1 msrest/0.4.11
          msrest_azure/0.4.11 monitormanagementclient/0.2.1 Azure-SDK-For-Python AZURECLI/2.0.10+dev]
      accept-language: [en-US]
    method: GET
    uri: https://management.azure.com/subscriptions/00000000-0000-0000-0000-000000000000/resourcegroups/cli_test_monitor000001/providers/microsoft.insights/alertrules/rule1?api-version=2016-03-01
  response:
    body: {string: '{"id":"/subscriptions/00000000-0000-0000-0000-000000000000/resourceGroups/cli_test_monitor000001/providers/microsoft.insights/alertrules/rule1","name":"rule1","type":"Microsoft.Insights/alertRules","location":"westus","tags":{"$type":"Microsoft.WindowsAzure.Management.Common.Storage.CasePreservedDictionary,
        Microsoft.WindowsAzure.Management.Common.Storage"},"properties":{"name":"rule1","description":"Percentage
        CPU > 90 avg 5m","isEnabled":true,"condition":{"$type":"Microsoft.WindowsAzure.Management.Monitoring.Alerts.Models.ThresholdRuleCondition,
        Microsoft.WindowsAzure.Management.Mon.Client","odata.type":"Microsoft.Azure.Management.Insights.Models.ThresholdRuleCondition","dataSource":{"$type":"Microsoft.WindowsAzure.Management.Monitoring.Alerts.Models.RuleMetricDataSource,
        Microsoft.WindowsAzure.Management.Mon.Client","odata.type":"Microsoft.Azure.Management.Insights.Models.RuleMetricDataSource","resourceUri":"/subscriptions/00000000-0000-0000-0000-000000000000/resourceGroups/cli_test_monitor000001/providers/Microsoft.Compute/virtualMachines/vm1","metricName":"Percentage
        CPU"},"operator":"GreaterThanOrEqual","threshold":85.0,"windowSize":"PT5M","timeAggregation":"Average"},"lastUpdatedTime":"2017-07-01T04:55:26.1093861Z","provisioningState":"Succeeded","actions":[{"$type":"Microsoft.WindowsAzure.Management.Monitoring.Alerts.Models.RuleWebhookAction,
        Microsoft.WindowsAzure.Management.Mon.Client","odata.type":"Microsoft.Azure.Management.Insights.Models.RuleWebhookAction","serviceUri":"https://alert.contoso.com?apiKey=value","properties":{"$type":"Microsoft.WindowsAzure.Management.Common.Storage.CasePreservedDictionary`1[[System.String,
        mscorlib]], Microsoft.WindowsAzure.Management.Common.Storage"}},{"$type":"Microsoft.WindowsAzure.Management.Monitoring.Alerts.Models.RuleEmailAction,
        Microsoft.WindowsAzure.Management.Mon.Client","odata.type":"Microsoft.Azure.Management.Insights.Models.RuleEmailAction","customEmails":["test3@contoso.com","test2@contoso.com"]}]}}'}
    headers:
      cache-control: [no-cache]
      content-length: ['2099']
      content-type: [application/json; charset=utf-8]
      date: ['Sat, 01 Jul 2017 04:55:26 GMT']
      expires: ['-1']
      pragma: [no-cache]
      server: [Microsoft-IIS/8.5]
      strict-transport-security: [max-age=31536000; includeSubDomains]
      transfer-encoding: [chunked]
      vary: [Accept-Encoding]
    status: {code: 200, message: OK}
- request:
    body: 'b''{"tags": {"$type": "Microsoft.WindowsAzure.Management.Common.Storage.CasePreservedDictionary,
      Microsoft.WindowsAzure.Management.Common.Storage"}, "location": "westus", "properties":
      {"isEnabled": true, "name": "rule1", "condition": {"odata.type": "Microsoft.Azure.Management.Insights.Models.ThresholdRuleCondition",
      "timeAggregation": "Average", "windowSize": "PT5M", "threshold": 85.0, "dataSource":
      {"odata.type": "Microsoft.Azure.Management.Insights.Models.RuleMetricDataSource",
      "metricName": "Percentage CPU", "resourceUri": "/subscriptions/0b1f6471-1bf0-4dda-aec3-cb9272f09590/resourceGroups/cli_test_monitor000001/providers/Microsoft.Compute/virtualMachines/vm1"},
      "operator": "GreaterThanOrEqual"}, "description": "Percentage CPU > 90 avg 5m",
      "actions": [{"customEmails": ["test3@contoso.com", "test2@contoso.com"], "sendToServiceOwners":
      true, "odata.type": "Microsoft.Azure.Management.Insights.Models.RuleEmailAction"},
      {"serviceUri": "https://alert.contoso.com?apiKey=value", "odata.type": "Microsoft.Azure.Management.Insights.Models.RuleWebhookAction",
      "properties": {"$type": "Microsoft.WindowsAzure.Management.Common.Storage.CasePreservedDictionary`1[[System.String,
      mscorlib]], Microsoft.WindowsAzure.Management.Common.Storage"}}]}}'''
    headers:
      Accept: [application/json]
      Accept-Encoding: ['gzip, deflate']
      CommandName: [monitor alert update]
      Connection: [keep-alive]
      Content-Length: ['1301']
      Content-Type: [application/json; charset=utf-8]
      User-Agent: [python/3.5.2 (Windows-10-10.0.14393-SP0) requests/2.9.1 msrest/0.4.11
          msrest_azure/0.4.11 monitormanagementclient/0.2.1 Azure-SDK-For-Python AZURECLI/2.0.10+dev]
      accept-language: [en-US]
    method: PUT
    uri: https://management.azure.com/subscriptions/00000000-0000-0000-0000-000000000000/resourcegroups/cli_test_monitor000001/providers/microsoft.insights/alertrules/rule1?api-version=2016-03-01
  response:
    body: {string: '{"id":"/subscriptions/00000000-0000-0000-0000-000000000000/resourceGroups/cli_test_monitor000001/providers/microsoft.insights/alertrules/rule1","name":"rule1","type":"Microsoft.Insights/alertRules","location":"westus","tags":{"$type":"Microsoft.WindowsAzure.Management.Common.Storage.CasePreservedDictionary,
        Microsoft.WindowsAzure.Management.Common.Storage"},"properties":{"name":"rule1","description":"Percentage
        CPU > 90 avg 5m","isEnabled":true,"condition":{"$type":"Microsoft.WindowsAzure.Management.Monitoring.Alerts.Models.ThresholdRuleCondition,
        Microsoft.WindowsAzure.Management.Mon.Client","odata.type":"Microsoft.Azure.Management.Insights.Models.ThresholdRuleCondition","dataSource":{"$type":"Microsoft.WindowsAzure.Management.Monitoring.Alerts.Models.RuleMetricDataSource,
        Microsoft.WindowsAzure.Management.Mon.Client","odata.type":"Microsoft.Azure.Management.Insights.Models.RuleMetricDataSource","resourceUri":"/subscriptions/00000000-0000-0000-0000-000000000000/resourceGroups/cli_test_monitor000001/providers/Microsoft.Compute/virtualMachines/vm1","metricName":"Percentage
        CPU"},"operator":"GreaterThanOrEqual","threshold":85.0,"windowSize":"PT5M","timeAggregation":"Average"},"lastUpdatedTime":"2017-07-01T04:55:28.3143587Z","provisioningState":"Succeeded","actions":[{"$type":"Microsoft.WindowsAzure.Management.Monitoring.Alerts.Models.RuleWebhookAction,
        Microsoft.WindowsAzure.Management.Mon.Client","odata.type":"Microsoft.Azure.Management.Insights.Models.RuleWebhookAction","serviceUri":"https://alert.contoso.com?apiKey=value","properties":{"$type":"Microsoft.WindowsAzure.Management.Common.Storage.CasePreservedDictionary`1[[System.String,
        mscorlib]], Microsoft.WindowsAzure.Management.Common.Storage"}},{"$type":"Microsoft.WindowsAzure.Management.Monitoring.Alerts.Models.RuleEmailAction,
        Microsoft.WindowsAzure.Management.Mon.Client","odata.type":"Microsoft.Azure.Management.Insights.Models.RuleEmailAction","sendToServiceOwners":true,"customEmails":["test3@contoso.com","test2@contoso.com"]}]}}'}
    headers:
      cache-control: [no-cache]
      content-length: ['2126']
      content-type: [application/json; charset=utf-8]
      date: ['Sat, 01 Jul 2017 04:55:28 GMT']
      expires: ['-1']
      pragma: [no-cache]
      server: [Microsoft-IIS/8.5]
      strict-transport-security: [max-age=31536000; includeSubDomains]
      transfer-encoding: [chunked]
      vary: [Accept-Encoding]
      x-ms-ratelimit-remaining-subscription-writes: ['1099']
    status: {code: 200, message: OK}
- request:
    body: null
    headers:
      Accept: [application/json]
      Accept-Encoding: ['gzip, deflate']
      CommandName: [monitor alert update]
      Connection: [keep-alive]
      Content-Type: [application/json; charset=utf-8]
      User-Agent: [python/3.5.2 (Windows-10-10.0.14393-SP0) requests/2.9.1 msrest/0.4.11
          msrest_azure/0.4.11 monitormanagementclient/0.2.1 Azure-SDK-For-Python AZURECLI/2.0.10+dev]
      accept-language: [en-US]
    method: GET
    uri: https://management.azure.com/subscriptions/00000000-0000-0000-0000-000000000000/resourcegroups/cli_test_monitor000001/providers/microsoft.insights/alertrules/rule1?api-version=2016-03-01
  response:
    body: {string: '{"id":"/subscriptions/00000000-0000-0000-0000-000000000000/resourceGroups/cli_test_monitor000001/providers/microsoft.insights/alertrules/rule1","name":"rule1","type":"Microsoft.Insights/alertRules","location":"westus","tags":{"$type":"Microsoft.WindowsAzure.Management.Common.Storage.CasePreservedDictionary,
        Microsoft.WindowsAzure.Management.Common.Storage"},"properties":{"name":"rule1","description":"Percentage
        CPU > 90 avg 5m","isEnabled":true,"condition":{"$type":"Microsoft.WindowsAzure.Management.Monitoring.Alerts.Models.ThresholdRuleCondition,
        Microsoft.WindowsAzure.Management.Mon.Client","odata.type":"Microsoft.Azure.Management.Insights.Models.ThresholdRuleCondition","dataSource":{"$type":"Microsoft.WindowsAzure.Management.Monitoring.Alerts.Models.RuleMetricDataSource,
        Microsoft.WindowsAzure.Management.Mon.Client","odata.type":"Microsoft.Azure.Management.Insights.Models.RuleMetricDataSource","resourceUri":"/subscriptions/00000000-0000-0000-0000-000000000000/resourceGroups/cli_test_monitor000001/providers/Microsoft.Compute/virtualMachines/vm1","metricName":"Percentage
        CPU"},"operator":"GreaterThanOrEqual","threshold":85.0,"windowSize":"PT5M","timeAggregation":"Average"},"lastUpdatedTime":"2017-07-01T04:55:28.3143587Z","provisioningState":"Succeeded","actions":[{"$type":"Microsoft.WindowsAzure.Management.Monitoring.Alerts.Models.RuleWebhookAction,
        Microsoft.WindowsAzure.Management.Mon.Client","odata.type":"Microsoft.Azure.Management.Insights.Models.RuleWebhookAction","serviceUri":"https://alert.contoso.com?apiKey=value","properties":{"$type":"Microsoft.WindowsAzure.Management.Common.Storage.CasePreservedDictionary`1[[System.String,
        mscorlib]], Microsoft.WindowsAzure.Management.Common.Storage"}},{"$type":"Microsoft.WindowsAzure.Management.Monitoring.Alerts.Models.RuleEmailAction,
        Microsoft.WindowsAzure.Management.Mon.Client","odata.type":"Microsoft.Azure.Management.Insights.Models.RuleEmailAction","sendToServiceOwners":true,"customEmails":["test3@contoso.com","test2@contoso.com"]}]}}'}
    headers:
      cache-control: [no-cache]
      content-length: ['2126']
      content-type: [application/json; charset=utf-8]
      date: ['Sat, 01 Jul 2017 04:55:27 GMT']
      expires: ['-1']
      pragma: [no-cache]
      server: [Microsoft-IIS/8.5]
      strict-transport-security: [max-age=31536000; includeSubDomains]
      transfer-encoding: [chunked]
      vary: [Accept-Encoding]
    status: {code: 200, message: OK}
- request:
    body: 'b''{"tags": {"$type": "Microsoft.WindowsAzure.Management.Common.Storage.CasePreservedDictionary,
      Microsoft.WindowsAzure.Management.Common.Storage"}, "location": "westus", "properties":
      {"isEnabled": true, "name": "rule1", "condition": {"odata.type": "Microsoft.Azure.Management.Insights.Models.ThresholdRuleCondition",
      "timeAggregation": "Average", "windowSize": "PT5M", "threshold": 85.0, "dataSource":
      {"odata.type": "Microsoft.Azure.Management.Insights.Models.RuleMetricDataSource",
      "metricName": "Percentage CPU", "resourceUri": "/subscriptions/0b1f6471-1bf0-4dda-aec3-cb9272f09590/resourceGroups/cli_test_monitor000001/providers/Microsoft.Compute/virtualMachines/vm1"},
      "operator": "GreaterThanOrEqual"}, "description": "Percentage CPU > 90 avg 5m",
      "actions": [{"customEmails": ["test3@contoso.com", "test2@contoso.com"], "sendToServiceOwners":
      false, "odata.type": "Microsoft.Azure.Management.Insights.Models.RuleEmailAction"},
      {"serviceUri": "https://contoso.com/alerts", "odata.type": "Microsoft.Azure.Management.Insights.Models.RuleWebhookAction",
      "properties": {}}]}}'''
    headers:
      Accept: [application/json]
      Accept-Encoding: ['gzip, deflate']
      CommandName: [monitor alert update]
      Connection: [keep-alive]
      Content-Length: ['1128']
      Content-Type: [application/json; charset=utf-8]
      User-Agent: [python/3.5.2 (Windows-10-10.0.14393-SP0) requests/2.9.1 msrest/0.4.11
          msrest_azure/0.4.11 monitormanagementclient/0.2.1 Azure-SDK-For-Python AZURECLI/2.0.10+dev]
      accept-language: [en-US]
    method: PUT
    uri: https://management.azure.com/subscriptions/00000000-0000-0000-0000-000000000000/resourcegroups/cli_test_monitor000001/providers/microsoft.insights/alertrules/rule1?api-version=2016-03-01
  response:
    body: {string: '{"id":"/subscriptions/00000000-0000-0000-0000-000000000000/resourceGroups/cli_test_monitor000001/providers/microsoft.insights/alertrules/rule1","name":"rule1","type":"Microsoft.Insights/alertRules","location":"westus","tags":{"$type":"Microsoft.WindowsAzure.Management.Common.Storage.CasePreservedDictionary,
        Microsoft.WindowsAzure.Management.Common.Storage"},"properties":{"name":"rule1","description":"Percentage
        CPU > 90 avg 5m","isEnabled":true,"condition":{"$type":"Microsoft.WindowsAzure.Management.Monitoring.Alerts.Models.ThresholdRuleCondition,
        Microsoft.WindowsAzure.Management.Mon.Client","odata.type":"Microsoft.Azure.Management.Insights.Models.ThresholdRuleCondition","dataSource":{"$type":"Microsoft.WindowsAzure.Management.Monitoring.Alerts.Models.RuleMetricDataSource,
        Microsoft.WindowsAzure.Management.Mon.Client","odata.type":"Microsoft.Azure.Management.Insights.Models.RuleMetricDataSource","resourceUri":"/subscriptions/00000000-0000-0000-0000-000000000000/resourceGroups/cli_test_monitor000001/providers/Microsoft.Compute/virtualMachines/vm1","metricName":"Percentage
        CPU"},"operator":"GreaterThanOrEqual","threshold":85.0,"windowSize":"PT5M","timeAggregation":"Average"},"lastUpdatedTime":"2017-07-01T04:55:29.8753388Z","provisioningState":"Succeeded","actions":[{"$type":"Microsoft.WindowsAzure.Management.Monitoring.Alerts.Models.RuleWebhookAction,
        Microsoft.WindowsAzure.Management.Mon.Client","odata.type":"Microsoft.Azure.Management.Insights.Models.RuleWebhookAction","serviceUri":"https://contoso.com/alerts","properties":{"$type":"Microsoft.WindowsAzure.Management.Common.Storage.CasePreservedDictionary`1[[System.String,
        mscorlib]], Microsoft.WindowsAzure.Management.Common.Storage"}},{"$type":"Microsoft.WindowsAzure.Management.Monitoring.Alerts.Models.RuleEmailAction,
        Microsoft.WindowsAzure.Management.Mon.Client","odata.type":"Microsoft.Azure.Management.Insights.Models.RuleEmailAction","customEmails":["test3@contoso.com","test2@contoso.com"]}]}}'}
    headers:
      cache-control: [no-cache]
      content-length: ['2087']
      content-type: [application/json; charset=utf-8]
      date: ['Sat, 01 Jul 2017 04:55:29 GMT']
      expires: ['-1']
      pragma: [no-cache]
      server: [Microsoft-IIS/8.5]
      strict-transport-security: [max-age=31536000; includeSubDomains]
      transfer-encoding: [chunked]
      vary: [Accept-Encoding]
      x-ms-ratelimit-remaining-subscription-writes: ['1176']
    status: {code: 200, message: OK}
- request:
    body: null
    headers:
      Accept: [application/json]
      Accept-Encoding: ['gzip, deflate']
      CommandName: [group delete]
      Connection: [keep-alive]
      Content-Length: ['0']
      Content-Type: [application/json; charset=utf-8]
      User-Agent: [python/3.5.2 (Windows-10-10.0.14393-SP0) requests/2.9.1 msrest/0.4.11
          msrest_azure/0.4.11 resourcemanagementclient/1.1.0 Azure-SDK-For-Python
          AZURECLI/2.0.10+dev]
      accept-language: [en-US]
    method: DELETE
    uri: https://management.azure.com/subscriptions/00000000-0000-0000-0000-000000000000/resourcegroups/cli_test_monitor000001?api-version=2017-05-10
  response:
    body: {string: ''}
    headers:
      cache-control: [no-cache]
      content-length: ['0']
      date: ['Sat, 01 Jul 2017 04:55:30 GMT']
      expires: ['-1']
      location: ['https://management.azure.com/subscriptions/00000000-0000-0000-0000-000000000000/operationresults/eyJqb2JJZCI6IlJFU09VUkNFR1JPVVBERUxFVElPTkpPQi1DTEk6NUZURVNUOjVGTU9OSVRPUlhFUVhDWEZRNTdUUEpFSVNSQ0hVNEU1VzZRNnwyODcyRTJDODNCODUwNjU3LVdFU1RVUyIsImpvYkxvY2F0aW9uIjoid2VzdHVzIn0?api-version=2017-05-10']
      pragma: [no-cache]
      strict-transport-security: [max-age=31536000; includeSubDomains]
      x-ms-ratelimit-remaining-subscription-writes: ['1083']
    status: {code: 202, message: Accepted}
version: 1
